--------- beginning of main
08-04 13:31:00.203  2457  2626 W FirebaseInstanceId: Token retrieval failed: SERVICE_NOT_AVAILABLE. Will retry token retrieval
08-04 13:31:00.477  2992  2992 D AndroidRuntime: >>>>>> START com.android.internal.os.RuntimeInit uid 2000 <<<<<<
08-04 13:31:00.484  2992  2992 D AndroidRuntime: CheckJNI is OFF
08-04 13:31:00.516  2992  2992 D ICU     : No timezone override file found: /data/misc/zoneinfo/current/icu/icu_tzdata.dat
08-04 13:31:00.551  2992  2992 I Radio-JNI: register_android_hardware_Radio DONE
08-04 13:31:00.570  2992  2992 D AndroidRuntime: Calling main entry com.android.commands.monkey.Monkey
--------- beginning of system
08-04 13:31:00.590   918   931 W BroadcastQueue: Skipping deliver [background] BroadcastRecord{9265a25 u-1 android.net.conn.CONNECTIVITY_CHANGE} to ReceiverList{269d7fa 2992 (unknown name)/2000/u-1 remote:3c78b8f}: process crashing
08-04 13:31:00.601   918  6112 I ActivityManager: START u0 {act=android.intent.action.MAIN cat=[android.intent.category.LAUNCHER] flg=0x10200000 cmp=baseline.com.newsblur/.activity.InitActivity} from uid 2000 on display 0
08-04 13:31:00.629  2992  2992 I art     : System.exit called, status: 0
08-04 13:31:00.629  2992  2992 I AndroidRuntime: VM exiting with result code 0.
08-04 13:31:00.693 27683 27683 I baseline.com.newsblur.activity.InitActivity: cold launching version 9.0b1
08-04 13:31:00.708 27683  3003 D OpenGLRenderer: Use EGL_SWAP_BEHAVIOR_PRESERVED: true
08-04 13:31:00.710  2075  1217 I PBSessionCacheImpl: Deleted sessionId[9127543042550561] from persistence.
08-04 13:31:00.718  2075  2107 W SearchServiceCore: Abort, client detached.
08-04 13:31:00.719  2075  2107 I MicroDetectionState: Should stop hotword detection immediately - true
08-04 13:31:00.750   918  4413 I ActivityManager: START u0 {cmp=baseline.com.newsblur/.activity.Main} from uid 10652 on display 0
08-04 13:31:00.756 27683  3003 I Adreno  : QUALCOMM build                   : fcf4852, I1af360237c
08-04 13:31:00.756 27683  3003 I Adreno  : Build Date                       : 09/23/15
08-04 13:31:00.756 27683  3003 I Adreno  : OpenGL ES Shader Compiler Version: XE031.05.13.02
08-04 13:31:00.756 27683  3003 I Adreno  : Local Branch                     : mybranch14465806
08-04 13:31:00.756 27683  3003 I Adreno  : Remote Branch                    : quic/LA.BF64.1.2.9_v2
08-04 13:31:00.756 27683  3003 I Adreno  : Remote Branch                    : NONE
08-04 13:31:00.756 27683  3003 I Adreno  : Reconstruct Branch               : NOTHING
08-04 13:31:00.761 27683  3003 I OpenGLRenderer: Initialized EGL, version 1.4
08-04 13:31:00.787   918  3670 W InputMethodManagerService: Focus gain on non-focused client com.android.internal.view.IInputMethodClient$Stub$Proxy@28834d (uid=10652 pid=27683)
08-04 13:31:00.959 27683 27683 I art     : Rejecting re-init on previously-failed class java.lang.Class<androidx.core.view.ViewCompat$OnUnhandledKeyEventListenerWrapper>
08-04 13:31:00.959 27683 27683 I art     : Rejecting re-init on previously-failed class java.lang.Class<androidx.core.view.ViewCompat$OnUnhandledKeyEventListenerWrapper>
08-04 13:31:00.993 27683 27683 E BitmapFactory: Unable to decode stream: java.io.FileNotFoundException: /data/user/0/baseline.com.newsblur/cache/userProfilePicture: open failed: ENOENT (No such file or directory)
08-04 13:31:01.102 27683  3011 I baseline.com.newsblur.service.NBSyncService: ready to sync feed list
08-04 13:31:01.148 13866 13866 I GoogleInputMethodServic: GoogleInputMethodService.onFinishInput():3138 
08-04 13:31:01.151 13866 13866 I GoogleInputMethodServic: GoogleInputMethodService.onStartInput():1808 
08-04 13:31:01.270   918   936 I ActivityManager: Displayed baseline.com.newsblur/.activity.Main: +481ms (total +660ms)
08-04 13:31:01.670 27683  3011 I NAPPA_EXPERIMENTATION: MetricNetworkRequestExecutionTime: REQUEST_DURATION_SYSTEM='564',REQUEST_DURATION_OKHTTP='30',REQUEST_SYNCHRONOUS='TRUE',RESPONSE_CODE='200',RESPONSE_METHOD='GET',RESPONSE_LENGTH_OKHTTP='-1',RESPONSE_LENGTH_HEADER='-2',REQUEST_PROTOCOL='http/1.1',REQUEST_URL='https://www.newsblur.com/reader/feeds/?update_counts=true',
08-04 13:31:01.670 27683  3011 D MY_TAG  : 0, 564
08-04 13:31:01.716 27683  3011 I baseline.com.newsblur.service.NBSyncService: got feed list: 1 feeds in  conn:564 read:3 parse:3 store:39
08-04 13:31:02.153  3031  3031 D AndroidRuntime: >>>>>> START com.android.internal.os.RuntimeInit uid 2000 <<<<<<
08-04 13:31:02.159  3031  3031 D AndroidRuntime: CheckJNI is OFF
08-04 13:31:02.164 27683  3022 I NAPPA_EXPERIMENTATION: MetricNetworkRequestExecutionTime: REQUEST_DURATION_SYSTEM='443',REQUEST_DURATION_OKHTTP='34',REQUEST_SYNCHRONOUS='TRUE',RESPONSE_CODE='200',RESPONSE_METHOD='GET',RESPONSE_LENGTH_OKHTTP='-1',RESPONSE_LENGTH_HEADER='-2',REQUEST_PROTOCOL='http/1.1',REQUEST_URL='https://www.newsblur.com/reader/unread_story_hashes?include_timestamps=1',
08-04 13:31:02.164 27683  3022 D MY_TAG  : 0, 443
08-04 13:31:02.190 27683  3022 I baseline.com.newsblur.service.UnreadsService: starting unread count: 0
08-04 13:31:02.190  3031  3031 D ICU     : No timezone override file found: /data/misc/zoneinfo/current/icu/icu_tzdata.dat
08-04 13:31:02.192 27683  3022 I baseline.com.newsblur.service.UnreadsService: new unread count:      0
08-04 13:31:02.194 27683  3022 I baseline.com.newsblur.service.UnreadsService: new unreads found:     0
08-04 13:31:02.195 27683  3022 I baseline.com.newsblur.service.UnreadsService: unreads to retire:     0
08-04 13:31:02.221  3031  3031 I Radio-JNI: register_android_hardware_Radio DONE
08-04 13:31:02.239  3031  3031 D AndroidRuntime: Calling main entry com.android.commands.am.Am
08-04 13:31:02.247  2375  2375 I Trepn   : Trepn 6.2s: Received intent: com.quicinc.trepn.start_profiling
08-04 13:31:02.393  2375  2375 W FileUtils: Failed to chmod(/storage/emulated/0/trepn/Trepn_2020.08.04_133102.db): android.system.ErrnoException: chmod failed: EPERM (Operation not permitted)
08-04 13:31:02.538  2375  2375 I Trepn   : Trepn 6.2s: Trepn has Started Profiling.
08-04 13:31:02.541  3031  3031 D AndroidRuntime: Shutting down VM
08-04 13:31:02.856   918  3261 D WifiStateMachine: starting scan for "H369AA63323"WPA_PSK with 2412,5180
08-04 13:31:03.029 27683 27697 I art     : Starting a blocking GC Explicit
08-04 13:31:03.054 27683 27697 I art     : Explicit concurrent mark sweep GC freed 30096(1963KB) AllocSpace objects, 41(1140KB) LOS objects, 37% free, 26MB/42MB, paused 231us total 24.769ms
08-04 13:31:03.064 27683 27697 I art     : Starting a blocking GC Explicit
08-04 13:31:03.077 27683 27697 I art     : Explicit concurrent mark sweep GC freed 757(67KB) AllocSpace objects, 0(0B) LOS objects, 37% free, 26MB/42MB, paused 220us total 12.229ms
08-04 13:31:03.083 27683 27697 I art     : Starting a blocking GC Explicit
08-04 13:31:03.094 27683 27697 I art     : Explicit concurrent mark sweep GC freed 1710(131KB) AllocSpace objects, 0(0B) LOS objects, 38% free, 26MB/42MB, paused 182us total 11.394ms
08-04 13:31:03.101 27683 27697 I art     : Starting a blocking GC Explicit
08-04 13:31:03.112 27683 27697 I art     : Explicit concurrent mark sweep GC freed 3(96B) AllocSpace objects, 0(0B) LOS objects, 38% free, 26MB/42MB, paused 175us total 10.663ms
08-04 13:31:03.118 27683 27697 I art     : Starting a blocking GC Explicit
08-04 13:31:03.129 27683 27697 I art     : Explicit concurrent mark sweep GC freed 3(96B) AllocSpace objects, 0(0B) LOS objects, 38% free, 26MB/42MB, paused 182us total 11.149ms
08-04 13:31:03.402 27683 27696 I art     : Starting a blocking GC Explicit
08-04 13:31:03.422 27683 27696 I art     : Explicit concurrent mark sweep GC freed 1391(80KB) AllocSpace objects, 1(20KB) LOS objects, 38% free, 26MB/42MB, paused 216us total 19.759ms
08-04 13:31:03.432 27683 27696 I art     : Starting a blocking GC Explicit
08-04 13:31:03.447 27683 27696 I art     : Explicit concurrent mark sweep GC freed 20(704B) AllocSpace objects, 0(0B) LOS objects, 38% free, 26MB/42MB, paused 243us total 14.366ms
08-04 13:31:03.455 27683 27696 I art     : Starting a blocking GC Explicit
08-04 13:31:03.467 27683 27696 I art     : Explicit concurrent mark sweep GC freed 3(96B) AllocSpace objects, 0(0B) LOS objects, 38% free, 26MB/42MB, paused 197us total 11.459ms
08-04 13:31:03.473 27683 27696 I art     : Starting a blocking GC Explicit
08-04 13:31:03.485 27683 27696 I art     : Explicit concurrent mark sweep GC freed 3(96B) AllocSpace objects, 0(0B) LOS objects, 38% free, 26MB/42MB, paused 172us total 11.419ms
08-04 13:31:03.491 27683 27696 I art     : Starting a blocking GC Explicit
08-04 13:31:03.503 27683 27696 I art     : Explicit concurrent mark sweep GC freed 3(96B) AllocSpace objects, 0(0B) LOS objects, 38% free, 26MB/42MB, paused 173us total 11.538ms
08-04 13:31:03.778 27683 27697 I art     : Starting a blocking GC Explicit
08-04 13:31:03.798 27683 27697 I art     : Explicit concurrent mark sweep GC freed 1382(80KB) AllocSpace objects, 1(20KB) LOS objects, 38% free, 26MB/42MB, paused 181us total 19.840ms
08-04 13:31:03.805 27683 27697 I art     : Starting a blocking GC Explicit
08-04 13:31:03.817 27683 27697 I art     : Explicit concurrent mark sweep GC freed 20(704B) AllocSpace objects, 0(0B) LOS objects, 38% free, 26MB/42MB, paused 290us total 11.579ms
08-04 13:31:03.823 27683 27697 I art     : Starting a blocking GC Explicit
08-04 13:31:03.834 27683 27697 I art     : Explicit concurrent mark sweep GC freed 3(96B) AllocSpace objects, 0(0B) LOS objects, 38% free, 26MB/42MB, paused 178us total 11.053ms
08-04 13:31:03.840 27683 27697 I art     : Starting a blocking GC Explicit
08-04 13:31:03.851 27683 27697 I art     : Explicit concurrent mark sweep GC freed 3(96B) AllocSpace objects, 0(0B) LOS objects, 38% free, 26MB/42MB, paused 172us total 10.915ms
08-04 13:31:03.857 27683 27697 I art     : Starting a blocking GC Explicit
08-04 13:31:03.869 27683 27697 I art     : Explicit concurrent mark sweep GC freed 3(96B) AllocSpace objects, 0(0B) LOS objects, 38% free, 26MB/42MB, paused 181us total 11.364ms
08-04 13:31:04.168 27683 27696 I art     : Starting a blocking GC Explicit
08-04 13:31:04.189 27683 27696 I art     : Explicit concurrent mark sweep GC freed 1378(80KB) AllocSpace objects, 1(20KB) LOS objects, 38% free, 26MB/42MB, paused 225us total 20.464ms
08-04 13:31:04.199 27683 27696 I art     : Starting a blocking GC Explicit
08-04 13:31:04.213 27683 27696 I art     : Explicit concurrent mark sweep GC freed 20(704B) AllocSpace objects, 0(0B) LOS objects, 38% free, 26MB/42MB, paused 194us total 13.859ms
08-04 13:31:04.222 27683 27696 I art     : Starting a blocking GC Explicit
08-04 13:31:04.233 27683 27696 I art     : Explicit concurrent mark sweep GC freed 3(96B) AllocSpace objects, 0(0B) LOS objects, 38% free, 26MB/42MB, paused 175us total 10.983ms
08-04 13:31:04.239 27683 27696 I art     : Starting a blocking GC Explicit
08-04 13:31:04.250 27683 27696 I art     : Explicit concurrent mark sweep GC freed 3(96B) AllocSpace objects, 0(0B) LOS objects, 38% free, 26MB/42MB, paused 178us total 11.302ms
08-04 13:31:04.257 27683 27696 I art     : Starting a blocking GC Explicit
08-04 13:31:04.268 27683 27696 I art     : Explicit concurrent mark sweep GC freed 3(96B) AllocSpace objects, 0(0B) LOS objects, 38% free, 26MB/42MB, paused 176us total 10.692ms
08-04 13:31:04.573 27683 27697 I art     : Starting a blocking GC Explicit
08-04 13:31:04.592 27683 27697 I art     : Explicit concurrent mark sweep GC freed 1380(80KB) AllocSpace objects, 1(20KB) LOS objects, 38% free, 26MB/42MB, paused 215us total 19.116ms
08-04 13:31:04.602 27683 27697 I art     : Starting a blocking GC Explicit
08-04 13:31:04.615 27683 27697 I art     : Explicit concurrent mark sweep GC freed 20(704B) AllocSpace objects, 0(0B) LOS objects, 38% free, 26MB/42MB, paused 171us total 12.727ms
08-04 13:31:04.622 27683 27697 I art     : Starting a blocking GC Explicit
08-04 13:31:04.633 27683 27697 I art     : Explicit concurrent mark sweep GC freed 3(96B) AllocSpace objects, 0(0B) LOS objects, 38% free, 26MB/42MB, paused 181us total 11.066ms
08-04 13:31:04.639 27683 27697 I art     : Starting a blocking GC Explicit
08-04 13:31:04.651 27683 27697 I art     : Explicit concurrent mark sweep GC freed 3(96B) AllocSpace objects, 0(0B) LOS objects, 38% free, 26MB/42MB, paused 181us total 11.532ms
08-04 13:31:04.657 27683 27697 I art     : Starting a blocking GC Explicit
08-04 13:31:04.668 27683 27697 I art     : Explicit concurrent mark sweep GC freed 3(96B) AllocSpace objects, 0(0B) LOS objects, 38% free, 26MB/42MB, paused 166us total 10.987ms
08-04 13:31:04.973 27683 27696 I art     : Starting a blocking GC Explicit
08-04 13:31:04.991 27683 27696 I art     : Explicit concurrent mark sweep GC freed 1378(80KB) AllocSpace objects, 1(20KB) LOS objects, 38% free, 26MB/42MB, paused 247us total 17.663ms
08-04 13:31:05.001 27683 27696 I art     : Starting a blocking GC Explicit
08-04 13:31:05.016 27683 27696 I art     : Explicit concurrent mark sweep GC freed 20(704B) AllocSpace objects, 0(0B) LOS objects, 38% free, 26MB/42MB, paused 199us total 14.360ms
08-04 13:31:05.025 27683 27696 I art     : Starting a blocking GC Explicit
08-04 13:31:05.037 27683 27696 I art     : Explicit concurrent mark sweep GC freed 3(96B) AllocSpace objects, 0(0B) LOS objects, 38% free, 26MB/42MB, paused 254us total 11.873ms
08-04 13:31:05.043 27683 27696 I art     : Starting a blocking GC Explicit
08-04 13:31:05.055 27683 27696 I art     : Explicit concurrent mark sweep GC freed 3(96B) AllocSpace objects, 0(0B) LOS objects, 38% free, 26MB/42MB, paused 177us total 11.714ms
08-04 13:31:05.062 27683 27696 I art     : Starting a blocking GC Explicit
08-04 13:31:05.073 27683 27696 I art     : Explicit concurrent mark sweep GC freed 3(96B) AllocSpace objects, 0(0B) LOS objects, 38% free, 26MB/42MB, paused 167us total 11.125ms
08-04 13:31:05.373 27683 27697 I art     : Starting a blocking GC Explicit
08-04 13:31:05.388 27683 27697 I art     : Explicit concurrent mark sweep GC freed 1378(80KB) AllocSpace objects, 1(20KB) LOS objects, 38% free, 26MB/42MB, paused 236us total 14.784ms
08-04 13:31:05.395 27683 27697 I art     : Starting a blocking GC Explicit
08-04 13:31:05.408 27683 27697 I art     : Explicit concurrent mark sweep GC freed 20(704B) AllocSpace objects, 0(0B) LOS objects, 38% free, 26MB/42MB, paused 193us total 12.582ms
08-04 13:31:05.415 27683 27697 I art     : Starting a blocking GC Explicit
08-04 13:31:05.426 27683 27697 I art     : Explicit concurrent mark sweep GC freed 3(96B) AllocSpace objects, 0(0B) LOS objects, 38% free, 26MB/42MB, paused 170us total 11.698ms
08-04 13:31:05.433 27683 27697 I art     : Starting a blocking GC Explicit
08-04 13:31:05.444 27683 27697 I art     : Explicit concurrent mark sweep GC freed 3(96B) AllocSpace objects, 0(0B) LOS objects, 38% free, 26MB/42MB, paused 176us total 11.419ms
08-04 13:31:05.450 27683 27697 I art     : Starting a blocking GC Explicit
08-04 13:31:05.462 27683 27697 I art     : Explicit concurrent mark sweep GC freed 3(96B) AllocSpace objects, 0(0B) LOS objects, 38% free, 26MB/42MB, paused 173us total 11.249ms
08-04 13:31:05.790 27683 27696 I art     : Starting a blocking GC Explicit
08-04 13:31:05.810 27683 27696 I art     : Explicit concurrent mark sweep GC freed 1378(80KB) AllocSpace objects, 1(20KB) LOS objects, 38% free, 26MB/42MB, paused 199us total 19.569ms
08-04 13:31:05.822 27683 27696 I art     : Starting a blocking GC Explicit
08-04 13:31:05.833 27683 27696 I art     : Explicit concurrent mark sweep GC freed 20(704B) AllocSpace objects, 0(0B) LOS objects, 38% free, 26MB/42MB, paused 166us total 10.994ms
08-04 13:31:05.839 27683 27696 I art     : Starting a blocking GC Explicit
08-04 13:31:05.850 27683 27696 I art     : Explicit concurrent mark sweep GC freed 3(96B) AllocSpace objects, 0(0B) LOS objects, 38% free, 26MB/42MB, paused 174us total 11.088ms
08-04 13:31:05.856 27683 27696 I art     : Starting a blocking GC Explicit
08-04 13:31:05.867 27683 27696 I art     : Explicit concurrent mark sweep GC freed 3(96B) AllocSpace objects, 0(0B) LOS objects, 38% free, 26MB/42MB, paused 166us total 11.203ms
08-04 13:31:05.873 27683 27696 I art     : Starting a blocking GC Explicit
08-04 13:31:05.885 27683 27696 I art     : Explicit concurrent mark sweep GC freed 3(96B) AllocSpace objects, 0(0B) LOS objects, 38% free, 26MB/42MB, paused 180us total 10.978ms
08-04 13:31:06.021   918   918 I ActivityManager: Start proc 3138:nappatfpr.com.newsblur/u0a658 for service nappatfpr.com.newsblur/.service.NBSyncService
08-04 13:31:06.024  3138  3138 I art     : Late-enabling -Xcheck:jni
08-04 13:31:06.076  3138  3138 W System  : ClassLoader referenced unknown path: /data/app/nappatfpr.com.newsblur-1/lib/arm64
08-04 13:31:06.149 27683 27696 I art     : Starting a blocking GC Explicit
08-04 13:31:06.150 13866 13882 I PeriodicStatsRunner: PeriodicStatsRunner.call():175 call()
08-04 13:31:06.150 13866 13882 I PeriodicStatsRunner: PeriodicStatsRunner.call():179 No submit PeriodicStats since input started.
08-04 13:31:06.163 27683 27696 I art     : Explicit concurrent mark sweep GC freed 3996(409KB) AllocSpace objects, 18(360KB) LOS objects, 38% free, 26MB/42MB, paused 198us total 13.458ms
08-04 13:31:06.169 27683 27696 I art     : Starting a blocking GC Explicit
08-04 13:31:06.180 27683 27696 I art     : Explicit concurrent mark sweep GC freed 230(9KB) AllocSpace objects, 0(0B) LOS objects, 38% free, 26MB/42MB, paused 181us total 11.149ms
08-04 13:31:06.186 27683 27696 I art     : Starting a blocking GC Explicit
08-04 13:31:06.197 27683 27696 I art     : Explicit concurrent mark sweep GC freed 3(96B) AllocSpace objects, 0(0B) LOS objects, 38% free, 26MB/42MB, paused 174us total 10.995ms
08-04 13:31:06.203 27683 27696 I art     : Starting a blocking GC Explicit
08-04 13:31:06.215 27683 27696 I art     : Explicit concurrent mark sweep GC freed 3(96B) AllocSpace objects, 0(0B) LOS objects, 38% free, 26MB/42MB, paused 176us total 11.572ms
08-04 13:31:06.221 27683 27696 I art     : Starting a blocking GC Explicit
08-04 13:31:06.232 27683 27696 I art     : Explicit concurrent mark sweep GC freed 3(96B) AllocSpace objects, 0(0B) LOS objects, 38% free, 26MB/42MB, paused 183us total 11.315ms
08-04 13:31:06.534 27683 27697 I art     : Starting a blocking GC Explicit
08-04 13:31:06.552 27683 27697 I art     : Explicit concurrent mark sweep GC freed 1379(80KB) AllocSpace objects, 1(20KB) LOS objects, 38% free, 26MB/42MB, paused 252us total 17.654ms
08-04 13:31:06.562 27683 27697 I art     : Starting a blocking GC Explicit
08-04 13:31:06.577 27683 27697 I art     : Explicit concurrent mark sweep GC freed 20(704B) AllocSpace objects, 0(0B) LOS objects, 38% free, 26MB/42MB, paused 245us total 15.040ms
08-04 13:31:06.587 27683 27697 I art     : Starting a blocking GC Explicit
08-04 13:31:06.599 27683 27697 I art     : Explicit concurrent mark sweep GC freed 3(96B) AllocSpace objects, 0(0B) LOS objects, 38% free, 26MB/42MB, paused 184us total 11.855ms
08-04 13:31:06.605 27683 27697 I art     : Starting a blocking GC Explicit
08-04 13:31:06.617 27683 27697 I art     : Explicit concurrent mark sweep GC freed 3(96B) AllocSpace objects, 0(0B) LOS objects, 38% free, 26MB/42MB, paused 187us total 11.872ms
08-04 13:31:06.624 27683 27697 I art     : Starting a blocking GC Explicit
08-04 13:31:06.635 27683 27697 I art     : Explicit concurrent mark sweep GC freed 3(96B) AllocSpace objects, 0(0B) LOS objects, 38% free, 26MB/42MB, paused 179us total 11.453ms
08-04 13:31:06.898 27683 27696 I art     : Starting a blocking GC Explicit
08-04 13:31:06.911 27683 27696 I art     : Explicit concurrent mark sweep GC freed 1377(80KB) AllocSpace objects, 1(20KB) LOS objects, 38% free, 26MB/42MB, paused 206us total 12.791ms
08-04 13:31:06.917 27683 27696 I art     : Starting a blocking GC Explicit
08-04 13:31:06.928 27683 27696 I art     : Explicit concurrent mark sweep GC freed 20(704B) AllocSpace objects, 0(0B) LOS objects, 38% free, 26MB/42MB, paused 182us total 10.645ms
08-04 13:31:06.934 27683 27696 I art     : Starting a blocking GC Explicit
08-04 13:31:06.945 27683 27696 I art     : Explicit concurrent mark sweep GC freed 3(96B) AllocSpace objects, 0(0B) LOS objects, 38% free, 26MB/42MB, paused 170us total 10.753ms
08-04 13:31:06.951 27683 27696 I art     : Starting a blocking GC Explicit
08-04 13:31:06.962 27683 27696 I art     : Explicit concurrent mark sweep GC freed 3(96B) AllocSpace objects, 0(0B) LOS objects, 38% free, 26MB/42MB, paused 162us total 10.355ms
08-04 13:31:06.967 27683 27696 I art     : Starting a blocking GC Explicit
08-04 13:31:06.978 27683 27696 I art     : Explicit concurrent mark sweep GC freed 3(96B) AllocSpace objects, 0(0B) LOS objects, 38% free, 26MB/42MB, paused 174us total 10.547ms
08-04 13:31:07.285 27683 27697 I art     : Starting a blocking GC Explicit
08-04 13:31:07.299 27683 27697 I art     : Explicit concurrent mark sweep GC freed 1378(80KB) AllocSpace objects, 1(20KB) LOS objects, 38% free, 26MB/42MB, paused 187us total 13.840ms
08-04 13:31:07.306 27683 27697 I art     : Starting a blocking GC Explicit
08-04 13:31:07.318 27683 27697 I art     : Explicit concurrent mark sweep GC freed 20(704B) AllocSpace objects, 0(0B) LOS objects, 38% free, 26MB/42MB, paused 200us total 12.524ms
08-04 13:31:07.324 27683 27697 I art     : Starting a blocking GC Explicit
08-04 13:31:07.335 27683 27697 I art     : Explicit concurrent mark sweep GC freed 3(96B) AllocSpace objects, 0(0B) LOS objects, 38% free, 26MB/42MB, paused 176us total 10.629ms
08-04 13:31:07.341 27683 27697 I art     : Starting a blocking GC Explicit
08-04 13:31:07.352 27683 27697 I art     : Explicit concurrent mark sweep GC freed 3(96B) AllocSpace objects, 0(0B) LOS objects, 38% free, 26MB/42MB, paused 190us total 10.708ms
08-04 13:31:07.358 27683 27697 I art     : Starting a blocking GC Explicit
08-04 13:31:07.369 27683 27697 I art     : Explicit concurrent mark sweep GC freed 3(96B) AllocSpace objects, 0(0B) LOS objects, 38% free, 26MB/42MB, paused 170us total 10.161ms
08-04 13:31:07.630 27683 27696 I art     : Starting a blocking GC Explicit
08-04 13:31:07.642 27683 27696 I art     : Explicit concurrent mark sweep GC freed 1378(80KB) AllocSpace objects, 1(20KB) LOS objects, 38% free, 26MB/42MB, paused 188us total 12.181ms
08-04 13:31:07.649 27683 27696 I art     : Starting a blocking GC Explicit
08-04 13:31:07.660 27683 27696 I art     : Explicit concurrent mark sweep GC freed 20(704B) AllocSpace objects, 0(0B) LOS objects, 38% free, 26MB/42MB, paused 188us total 11.629ms
08-04 13:31:07.667 27683 27696 I art     : Starting a blocking GC Explicit
08-04 13:31:07.678 27683 27696 I art     : Explicit concurrent mark sweep GC freed 3(96B) AllocSpace objects, 0(0B) LOS objects, 38% free, 26MB/42MB, paused 189us total 11.372ms
08-04 13:31:07.685 27683 27696 I art     : Starting a blocking GC Explicit
08-04 13:31:07.688  3204  3204 D AndroidRuntime: >>>>>> START com.android.internal.os.RuntimeInit uid 2000 <<<<<<
08-04 13:31:07.692  3204  3204 D AndroidRuntime: CheckJNI is OFF
08-04 13:31:07.697 27683 27696 I art     : Explicit concurrent mark sweep GC freed 3(96B) AllocSpace objects, 0(0B) LOS objects, 38% free, 26MB/42MB, paused 193us total 11.687ms
08-04 13:31:07.702 27683 27696 I art     : Starting a blocking GC Explicit
08-04 13:31:07.713 27683 27696 I art     : Explicit concurrent mark sweep GC freed 3(96B) AllocSpace objects, 0(0B) LOS objects, 38% free, 26MB/42MB, paused 178us total 10.117ms
08-04 13:31:07.718  3204  3204 D ICU     : No timezone override file found: /data/misc/zoneinfo/current/icu/icu_tzdata.dat
08-04 13:31:07.741  3204  3204 I Radio-JNI: register_android_hardware_Radio DONE
08-04 13:31:07.756  3204  3204 D AndroidRuntime: Calling main entry com.android.commands.input.Input
08-04 13:31:07.758  3204  3204 I Input   : injectMotionEvent: MotionEvent { action=ACTION_DOWN, actionButton=0, id[0]=0, x[0]=594.0, y[0]=330.0, toolType[0]=TOOL_TYPE_UNKNOWN, buttonState=0, metaState=0, flags=0x0, edgeFlags=0x0, pointerCount=1, historySize=0, eventTime=711084171, downTime=711084171, deviceId=0, source=0x1002 }
08-04 13:31:07.763  3204  3204 I Input   : injectMotionEvent: MotionEvent { action=ACTION_UP, actionButton=0, id[0]=0, x[0]=594.0, y[0]=330.0, toolType[0]=TOOL_TYPE_UNKNOWN, buttonState=0, metaState=0, flags=0x0, edgeFlags=0x0, pointerCount=1, historySize=0, eventTime=711084171, downTime=711084171, deviceId=0, source=0x1002 }
08-04 13:31:07.764  3204  3204 D AndroidRuntime: Shutting down VM
08-04 13:31:07.834   918  5481 I ActivityManager: START u0 {cmp=baseline.com.newsblur/.activity.GlobalSharedStoriesItemsList (has extras)} from uid 10652 on display 0
08-04 13:31:07.855 27683  3231 I baseline.com.newsblur.database.BlurDatabaseHelper: reading session reset
08-04 13:31:07.926 27683 27696 I art     : Starting a blocking GC Explicit
08-04 13:31:07.939 27683 27696 I art     : Explicit concurrent mark sweep GC freed 6436(518KB) AllocSpace objects, 8(284KB) LOS objects, 36% free, 27MB/43MB, paused 221us total 13.083ms
08-04 13:31:07.945 27683 27696 I art     : Starting a blocking GC Explicit
08-04 13:31:07.957 27683 27696 I art     : Explicit concurrent mark sweep GC freed 347(16KB) AllocSpace objects, 0(0B) LOS objects, 36% free, 27MB/43MB, paused 215us total 11.714ms
08-04 13:31:07.963 27683 27696 I art     : Starting a blocking GC Explicit
08-04 13:31:07.971 27683 27683 W View    : requestLayout() improperly called by android.widget.FrameLayout{12f7e10 V.E...... ......ID 0,0-1440,0 #7f07003f app:id/footer_view_inner} during layout: running second layout pass
08-04 13:31:07.971 27683 27683 W View    : requestLayout() improperly called by android.widget.FrameLayout{a01bd09 V.E...... ......ID 0,0-1440,2091 #7f07003f app:id/footer_view_inner} during layout: running second layout pass
08-04 13:31:07.977 27683 27696 I art     : Explicit concurrent mark sweep GC freed 316(39KB) AllocSpace objects, 1(20KB) LOS objects, 36% free, 27MB/43MB, paused 288us total 13.305ms
08-04 13:31:07.984 27683 27696 I art     : Starting a blocking GC Explicit
08-04 13:31:07.988   918   936 I ActivityManager: Displayed baseline.com.newsblur/.activity.GlobalSharedStoriesItemsList: +147ms
08-04 13:31:07.993 13866 13866 I GoogleInputMethodServic: GoogleInputMethodService.onFinishInput():3138 
08-04 13:31:07.994 13866 13866 I GoogleInputMethodServic: GoogleInputMethodService.onStartInput():1808 
08-04 13:31:08.000 27683 27696 I art     : Explicit concurrent mark sweep GC freed 621(41KB) AllocSpace objects, 2(40KB) LOS objects, 36% free, 27MB/43MB, paused 4.818ms total 16.258ms
08-04 13:31:08.006 27683 27696 I art     : Starting a blocking GC Explicit
08-04 13:31:08.019 27683 27696 I art     : Explicit concurrent mark sweep GC freed 1167(109KB) AllocSpace objects, 3(60KB) LOS objects, 36% free, 27MB/43MB, paused 282us total 13.177ms
08-04 13:31:08.273 27683  3242 I art     : Starting a blocking GC Explicit
08-04 13:31:08.291 27683  3242 I art     : Explicit concurrent mark sweep GC freed 1868(116KB) AllocSpace objects, 2(40KB) LOS objects, 36% free, 27MB/43MB, paused 391us total 16.989ms
08-04 13:31:08.298 27683  3242 I art     : Starting a blocking GC Explicit
08-04 13:31:08.311 27683  3242 I art     : Explicit concurrent mark sweep GC freed 30(1104B) AllocSpace objects, 0(0B) LOS objects, 36% free, 27MB/43MB, paused 297us total 13.262ms
08-04 13:31:08.319 27683  3242 I art     : Starting a blocking GC Explicit
08-04 13:31:08.332 27683  3242 I art     : Explicit concurrent mark sweep GC freed 4(128B) AllocSpace objects, 0(0B) LOS objects, 36% free, 27MB/43MB, paused 289us total 12.978ms
08-04 13:31:08.339 27683  3242 I art     : Starting a blocking GC Explicit
08-04 13:31:08.351 27683  3242 I art     : Explicit concurrent mark sweep GC freed 4(128B) AllocSpace objects, 0(0B) LOS objects, 36% free, 27MB/43MB, paused 243us total 12.438ms
08-04 13:31:08.357 27683  3242 I art     : Starting a blocking GC Explicit
08-04 13:31:08.370 27683  3242 I art     : Explicit concurrent mark sweep GC freed 4(128B) AllocSpace objects, 0(0B) LOS objects, 36% free, 27MB/43MB, paused 262us total 12.536ms
08-04 13:31:08.508 27683  3243 I NAPPA_EXPERIMENTATION: MetricNetworkRequestExecutionTime: REQUEST_DURATION_SYSTEM='497',REQUEST_DURATION_OKHTTP='30',REQUEST_SYNCHRONOUS='TRUE',RESPONSE_CODE='200',RESPONSE_METHOD='GET',RESPONSE_LENGTH_OKHTTP='-1',RESPONSE_LENGTH_HEADER='13047',REQUEST_PROTOCOL='http/1.1',REQUEST_URL='https://www.newsblur.com/social/river_stories?order=newest&page=1&read_filter=all&global_feed=true',
08-04 13:31:08.508 27683  3243 D MY_TAG  : 0, 497
08-04 13:31:08.617 27683  3240 I art     : Starting a blocking GC Explicit
08-04 13:31:08.645 27683  3240 I art     : Explicit concurrent mark sweep GC freed 36376(2MB) AllocSpace objects, 40(1156KB) LOS objects, 36% free, 28MB/44MB, paused 443us total 27.323ms
08-04 13:31:08.651 27683  3240 I art     : Starting a blocking GC Explicit
08-04 13:31:08.664 27683  3240 I art     : Explicit concurrent mark sweep GC freed 1808(213KB) AllocSpace objects, 2(40KB) LOS objects, 36% free, 27MB/43MB, paused 356us total 12.940ms
08-04 13:31:08.670 27683  3240 I art     : Starting a blocking GC Explicit
08-04 13:31:08.684 27683  3240 I art     : Explicit concurrent mark sweep GC freed 741(45KB) AllocSpace objects, 2(40KB) LOS objects, 36% free, 28MB/44MB, paused 577us total 13.439ms
08-04 13:31:08.690 27683  3240 I art     : Starting a blocking GC Explicit
08-04 13:31:08.704 27683  3240 I art     : Explicit concurrent mark sweep GC freed 845(50KB) AllocSpace objects, 2(40KB) LOS objects, 36% free, 28MB/44MB, paused 660us total 14.101ms
08-04 13:31:08.710 27683  3240 I art     : Starting a blocking GC Explicit
08-04 13:31:08.725 27683  3240 I art     : Explicit concurrent mark sweep GC freed 766(45KB) AllocSpace objects, 1(20KB) LOS objects, 36% free, 28MB/44MB, paused 619us total 14.852ms
08-04 13:31:08.746 27683  3299 I NAPPA_EXPERIMENTATION: MetricNetworkRequestExecutionTime: REQUEST_DURATION_SYSTEM='32',REQUEST_DURATION_OKHTTP='27',REQUEST_SYNCHRONOUS='TRUE',RESPONSE_CODE='200',RESPONSE_METHOD='GET',RESPONSE_LENGTH_OKHTTP='43',RESPONSE_LENGTH_HEADER='43',REQUEST_PROTOCOL='http/1.1',REQUEST_URL='http://feeds.feedburner.com/~r/retort/~4/UffaFMiJbNs',
08-04 13:31:08.989 27683  3240 I art     : Starting a blocking GC Explicit
08-04 13:31:09.012 27683  3240 I art     : Explicit concurrent mark sweep GC freed 13334(626KB) AllocSpace objects, 5(240KB) LOS objects, 35% free, 28MB/44MB, paused 509us total 22.091ms
08-04 13:31:09.020 27683  3240 I art     : Starting a blocking GC Explicit
08-04 13:31:09.036 27683  3240 I art     : Explicit concurrent mark sweep GC freed 3168(264KB) AllocSpace objects, 0(0B) LOS objects, 36% free, 28MB/44MB, paused 488us total 15.517ms
08-04 13:31:09.042 27683  3240 I art     : Starting a blocking GC Explicit
08-04 13:31:09.056 27683  3240 I art     : Explicit concurrent mark sweep GC freed 103(5KB) AllocSpace objects, 0(0B) LOS objects, 36% free, 28MB/44MB, paused 483us total 13.928ms
08-04 13:31:09.062 27683  3240 I art     : Starting a blocking GC Explicit
08-04 13:31:09.077 27683  3240 I art     : Explicit concurrent mark sweep GC freed 188(21KB) AllocSpace objects, 0(0B) LOS objects, 36% free, 28MB/44MB, paused 518us total 15.427ms
08-04 13:31:09.083 27683  3301 I NAPPA_EXPERIMENTATION: MetricNetworkRequestExecutionTime: REQUEST_DURATION_SYSTEM='358',REQUEST_DURATION_OKHTTP='179',REQUEST_SYNCHRONOUS='TRUE',RESPONSE_CODE='200',RESPONSE_METHOD='GET',RESPONSE_LENGTH_OKHTTP='79351',RESPONSE_LENGTH_HEADER='79351',REQUEST_PROTOCOL='h2',REQUEST_URL='https://images.fastcompany.net/image/upload/w_1280,q_auto,f_auto,fl_lossy/wp-cms/uploads/2020/07/p-1-90532920-this-chart-shows-how-effective-masks-can-be.png',
08-04 13:31:09.084 27683  3240 I art     : Starting a blocking GC Explicit
08-04 13:31:09.100 27683  3240 I art     : Explicit concurrent mark sweep GC freed 657(72KB) AllocSpace objects, 1(20KB) LOS objects, 36% free, 28MB/44MB, paused 576us total 16.097ms
08-04 13:31:09.182 27683  3300 I NAPPA_EXPERIMENTATION: MetricNetworkRequestExecutionTime: REQUEST_DURATION_SYSTEM='486',REQUEST_DURATION_OKHTTP='57',REQUEST_SYNCHRONOUS='TRUE',RESPONSE_CODE='200',RESPONSE_METHOD='GET',RESPONSE_LENGTH_OKHTTP='243',RESPONSE_LENGTH_HEADER='243',REQUEST_PROTOCOL='http/1.1',REQUEST_URL='https://s3.amazonaws.com/icons.newsblur.com/18178.png',
08-04 13:31:09.187 27683  3302 I NAPPA_EXPERIMENTATION: MetricNetworkRequestExecutionTime: REQUEST_DURATION_SYSTEM='481',REQUEST_DURATION_OKHTTP='61',REQUEST_SYNCHRONOUS='TRUE',RESPONSE_CODE='200',RESPONSE_METHOD='GET',RESPONSE_LENGTH_OKHTTP='477',RESPONSE_LENGTH_HEADER='477',REQUEST_PROTOCOL='http/1.1',REQUEST_URL='https://s3.amazonaws.com/icons.newsblur.com/5762506.png',
08-04 13:31:09.189 27683  3298 I NAPPA_EXPERIMENTATION: MetricNetworkRequestExecutionTime: REQUEST_DURATION_SYSTEM='503',REQUEST_DURATION_OKHTTP='69',REQUEST_SYNCHRONOUS='TRUE',RESPONSE_CODE='200',RESPONSE_METHOD='GET',RESPONSE_LENGTH_OKHTTP='145',RESPONSE_LENGTH_HEADER='145',REQUEST_PROTOCOL='http/1.1',REQUEST_URL='https://s3.amazonaws.com/icons.newsblur.com/6882243.png',
08-04 13:31:09.240 30348 30348 I ServiceManager: Waiting for service AtCmdFwd...
08-04 13:31:09.378 27683 27696 I art     : Starting a blocking GC Explicit
08-04 13:31:09.397 27683 27696 I art     : Explicit concurrent mark sweep GC freed 8746(451KB) AllocSpace objects, 13(3MB) LOS objects, 34% free, 30MB/46MB, paused 320us total 18.613ms
08-04 13:31:09.405 27683 27696 I art     : Starting a blocking GC Explicit
08-04 13:31:09.421 27683 27696 I art     : Explicit concurrent mark sweep GC freed 228(8KB) AllocSpace objects, 0(0B) LOS objects, 34% free, 30MB/46MB, paused 364us total 15.620ms
08-04 13:31:09.428 27683 27696 I art     : Starting a blocking GC Explicit
08-04 13:31:09.443 27683 27696 I art     : Explicit concurrent mark sweep GC freed 3(96B) AllocSpace objects, 0(0B) LOS objects, 34% free, 30MB/46MB, paused 295us total 14.821ms
08-04 13:31:09.450 27683 27696 I art     : Starting a blocking GC Explicit
08-04 13:31:09.464 27683 27696 I art     : Explicit concurrent mark sweep GC freed 3(96B) AllocSpace objects, 0(0B) LOS objects, 34% free, 30MB/46MB, paused 350us total 14.277ms
08-04 13:31:09.471 27683 27696 I art     : Starting a blocking GC Explicit
08-04 13:31:09.485 27683 27696 I art     : Explicit concurrent mark sweep GC freed 3(96B) AllocSpace objects, 0(0B) LOS objects, 34% free, 30MB/46MB, paused 314us total 14.560ms
08-04 13:31:09.796 27683  3242 I art     : Starting a blocking GC Explicit
08-04 13:31:09.815 27683  3242 I art     : Explicit concurrent mark sweep GC freed 1389(82KB) AllocSpace objects, 1(20KB) LOS objects, 34% free, 30MB/46MB, paused 370us total 19.100ms
08-04 13:31:09.824 27683  3242 I art     : Starting a blocking GC Explicit
08-04 13:31:09.839 27683  3242 I art     : Explicit concurrent mark sweep GC freed 20(704B) AllocSpace objects, 0(0B) LOS objects, 34% free, 30MB/46MB, paused 323us total 14.894ms
08-04 13:31:09.846 27683  3242 I art     : Starting a blocking GC Explicit
08-04 13:31:09.860 27683  3242 I art     : Explicit concurrent mark sweep GC freed 3(96B) AllocSpace objects, 0(0B) LOS objects, 34% free, 30MB/46MB, paused 325us total 14.594ms
08-04 13:31:09.867 27683  3242 I art     : Starting a blocking GC Explicit
08-04 13:31:09.881 27683  3242 I art     : Explicit concurrent mark sweep GC freed 3(96B) AllocSpace objects, 0(0B) LOS objects, 34% free, 30MB/46MB, paused 335us total 14.632ms
08-04 13:31:09.888 27683  3242 I art     : Starting a blocking GC Explicit
08-04 13:31:09.902 27683  3242 I art     : Explicit concurrent mark sweep GC freed 3(96B) AllocSpace objects, 0(0B) LOS objects, 34% free, 30MB/46MB, paused 322us total 14.544ms
08-04 13:31:10.241 30348 30348 I ServiceManager: Waiting for service AtCmdFwd...
08-04 13:31:10.242 27683 27697 I art     : Starting a blocking GC Explicit
08-04 13:31:10.262 27683 27697 I art     : Explicit concurrent mark sweep GC freed 1389(80KB) AllocSpace objects, 1(20KB) LOS objects, 34% free, 30MB/46MB, paused 349us total 19.296ms
08-04 13:31:10.268 27683 27697 I art     : Starting a blocking GC Explicit
08-04 13:31:10.284 27683 27697 I art     : Explicit concurrent mark sweep GC freed 20(704B) AllocSpace objects, 0(0B) LOS objects, 34% free, 30MB/46MB, paused 329us total 15.087ms
08-04 13:31:10.290 27683 27697 I art     : Starting a blocking GC Explicit
08-04 13:31:10.305 27683 27697 I art     : Explicit concurrent mark sweep GC freed 3(96B) AllocSpace objects, 0(0B) LOS objects, 34% free, 30MB/46MB, paused 335us total 14.917ms
08-04 13:31:10.311 27683 27697 I art     : Starting a blocking GC Explicit
08-04 13:31:10.326 27683 27697 I art     : Explicit concurrent mark sweep GC freed 3(96B) AllocSpace objects, 0(0B) LOS objects, 34% free, 30MB/46MB, paused 303us total 14.554ms
08-04 13:31:10.332 27683 27697 I art     : Starting a blocking GC Explicit
08-04 13:31:10.348 27683 27697 I art     : Explicit concurrent mark sweep GC freed 3(96B) AllocSpace objects, 0(0B) LOS objects, 34% free, 30MB/46MB, paused 347us total 15.370ms
08-04 13:31:10.660 27683  3240 I art     : Starting a blocking GC Explicit
08-04 13:31:10.678 27683  3240 I art     : Explicit concurrent mark sweep GC freed 1388(80KB) AllocSpace objects, 1(20KB) LOS objects, 34% free, 30MB/46MB, paused 357us total 17.848ms
08-04 13:31:10.685 27683  3240 I art     : Starting a blocking GC Explicit
08-04 13:31:10.702 27683  3240 I art     : Explicit concurrent mark sweep GC freed 20(704B) AllocSpace objects, 0(0B) LOS objects, 34% free, 30MB/46MB, paused 358us total 16.042ms
08-04 13:31:10.709 27683  3240 I art     : Starting a blocking GC Explicit
08-04 13:31:10.724 27683  3240 I art     : Explicit concurrent mark sweep GC freed 3(96B) AllocSpace objects, 0(0B) LOS objects, 34% free, 30MB/46MB, paused 314us total 14.706ms
08-04 13:31:10.730 27683  3240 I art     : Starting a blocking GC Explicit
08-04 13:31:10.745 27683  3240 I art     : Explicit concurrent mark sweep GC freed 3(96B) AllocSpace objects, 0(0B) LOS objects, 34% free, 30MB/46MB, paused 328us total 14.959ms
08-04 13:31:10.752 27683  3240 I art     : Starting a blocking GC Explicit
08-04 13:31:10.767 27683  3240 I art     : Explicit concurrent mark sweep GC freed 3(96B) AllocSpace objects, 0(0B) LOS objects, 34% free, 30MB/46MB, paused 310us total 14.733ms
08-04 13:31:11.061 27683 27696 I art     : Starting a blocking GC Explicit
08-04 13:31:11.077 27683 27696 I art     : Explicit concurrent mark sweep GC freed 1388(80KB) AllocSpace objects, 1(20KB) LOS objects, 34% free, 30MB/46MB, paused 338us total 16.180ms
08-04 13:31:11.084 27683 27696 I art     : Starting a blocking GC Explicit
08-04 13:31:11.098 27683 27696 I art     : Explicit concurrent mark sweep GC freed 20(704B) AllocSpace objects, 0(0B) LOS objects, 34% free, 30MB/46MB, paused 313us total 14.042ms
08-04 13:31:11.104 27683 27696 I art     : Starting a blocking GC Explicit
08-04 13:31:11.117 27683 27696 I art     : Explicit concurrent mark sweep GC freed 3(96B) AllocSpace objects, 0(0B) LOS objects, 34% free, 30MB/46MB, paused 314us total 13.469ms
08-04 13:31:11.123 27683 27696 I art     : Starting a blocking GC Explicit
08-04 13:31:11.137 27683 27696 I art     : Explicit concurrent mark sweep GC freed 3(96B) AllocSpace objects, 0(0B) LOS objects, 34% free, 30MB/46MB, paused 365us total 13.251ms
08-04 13:31:11.143 27683 27696 I art     : Starting a blocking GC Explicit
08-04 13:31:11.159 27683 27696 I art     : Explicit concurrent mark sweep GC freed 3(96B) AllocSpace objects, 0(0B) LOS objects, 34% free, 30MB/46MB, paused 327us total 15.177ms
08-04 13:31:11.242 30348 30348 I ServiceManager: Waiting for service AtCmdFwd...
08-04 13:31:11.470 27683  3242 I art     : Starting a blocking GC Explicit
08-04 13:31:11.488 27683  3242 I art     : Explicit concurrent mark sweep GC freed 1389(80KB) AllocSpace objects, 1(20KB) LOS objects, 34% free, 30MB/46MB, paused 406us total 18.248ms
08-04 13:31:11.495 27683  3242 I art     : Starting a blocking GC Explicit
08-04 13:31:11.511 27683  3242 I art     : Explicit concurrent mark sweep GC freed 20(704B) AllocSpace objects, 0(0B) LOS objects, 34% free, 30MB/46MB, paused 338us total 16.019ms
08-04 13:31:11.518 27683  3242 I art     : Starting a blocking GC Explicit
08-04 13:31:11.533 27683  3242 I art     : Explicit concurrent mark sweep GC freed 3(96B) AllocSpace objects, 0(0B) LOS objects, 34% free, 30MB/46MB, paused 330us total 14.880ms
08-04 13:31:11.539 27683  3242 I art     : Starting a blocking GC Explicit
08-04 13:31:11.555 27683  3242 I art     : Explicit concurrent mark sweep GC freed 3(96B) AllocSpace objects, 0(0B) LOS objects, 34% free, 30MB/46MB, paused 348us total 15.064ms
08-04 13:31:11.561 27683  3242 I art     : Starting a blocking GC Explicit
08-04 13:31:11.576 27683  3242 I art     : Explicit concurrent mark sweep GC freed 3(96B) AllocSpace objects, 0(0B) LOS objects, 34% free, 30MB/46MB, paused 358us total 14.994ms
08-04 13:31:11.870 27683 27697 I art     : Starting a blocking GC Explicit
08-04 13:31:11.888 27683 27697 I art     : Explicit concurrent mark sweep GC freed 1388(80KB) AllocSpace objects, 1(20KB) LOS objects, 34% free, 30MB/46MB, paused 350us total 17.762ms
08-04 13:31:11.897 27683 27697 I art     : Starting a blocking GC Explicit
08-04 13:31:11.912 27683 27697 I art     : Explicit concurrent mark sweep GC freed 20(704B) AllocSpace objects, 0(0B) LOS objects, 34% free, 30MB/46MB, paused 330us total 15.349ms
08-04 13:31:11.919 27683 27697 I art     : Starting a blocking GC Explicit
08-04 13:31:11.935 27683 27697 I art     : Explicit concurrent mark sweep GC freed 3(96B) AllocSpace objects, 0(0B) LOS objects, 34% free, 30MB/46MB, paused 373us total 15.401ms
08-04 13:31:11.941 27683 27697 I art     : Starting a blocking GC Explicit
08-04 13:31:11.957 27683 27697 I art     : Explicit concurrent mark sweep GC freed 3(96B) AllocSpace objects, 0(0B) LOS objects, 34% free, 30MB/46MB, paused 339us total 15.199ms
08-04 13:31:11.963 27683 27697 I art     : Starting a blocking GC Explicit
08-04 13:31:11.978 27683 27697 I art     : Explicit concurrent mark sweep GC freed 3(96B) AllocSpace objects, 0(0B) LOS objects, 34% free, 30MB/46MB, paused 325us total 14.925ms
08-04 13:31:12.243 30348 30348 I ServiceManager: Waiting for service AtCmdFwd...
08-04 13:31:12.253 27683  3240 I art     : Starting a blocking GC Explicit
08-04 13:31:12.269 27683  3240 I art     : Explicit concurrent mark sweep GC freed 1388(80KB) AllocSpace objects, 1(20KB) LOS objects, 34% free, 30MB/46MB, paused 330us total 15.634ms
08-04 13:31:12.276 27683  3240 I art     : Starting a blocking GC Explicit
08-04 13:31:12.291 27683  3240 I art     : Explicit concurrent mark sweep GC freed 20(704B) AllocSpace objects, 0(0B) LOS objects, 34% free, 30MB/46MB, paused 341us total 15.257ms
08-04 13:31:12.298 27683  3240 I art     : Starting a blocking GC Explicit
08-04 13:31:12.313 27683  3240 I art     : Explicit concurrent mark sweep GC freed 3(96B) AllocSpace objects, 0(0B) LOS objects, 34% free, 30MB/46MB, paused 320us total 15.067ms
08-04 13:31:12.319 27683  3240 I art     : Starting a blocking GC Explicit
08-04 13:31:12.335 27683  3240 I art     : Explicit concurrent mark sweep GC freed 3(96B) AllocSpace objects, 0(0B) LOS objects, 34% free, 30MB/46MB, paused 325us total 15.036ms
08-04 13:31:12.341 27683  3240 I art     : Starting a blocking GC Explicit
08-04 13:31:12.356 27683  3240 I art     : Explicit concurrent mark sweep GC freed 3(96B) AllocSpace objects, 0(0B) LOS objects, 34% free, 30MB/46MB, paused 336us total 15.028ms
08-04 13:31:12.669 27683 27696 I art     : Starting a blocking GC Explicit
08-04 13:31:12.683 27683 27696 I art     : Explicit concurrent mark sweep GC freed 1388(80KB) AllocSpace objects, 1(20KB) LOS objects, 34% free, 30MB/46MB, paused 332us total 14.664ms
08-04 13:31:12.691 27683 27696 I art     : Starting a blocking GC Explicit
08-04 13:31:12.706 27683 27696 I art     : Explicit concurrent mark sweep GC freed 20(704B) AllocSpace objects, 0(0B) LOS objects, 34% free, 30MB/46MB, paused 310us total 14.942ms
08-04 13:31:12.712 27683 27696 I art     : Starting a blocking GC Explicit
08-04 13:31:12.727 27683 27696 I art     : Explicit concurrent mark sweep GC freed 3(96B) AllocSpace objects, 0(0B) LOS objects, 34% free, 30MB/46MB, paused 359us total 14.875ms
08-04 13:31:12.734 27683 27696 I art     : Starting a blocking GC Explicit
08-04 13:31:12.749 27683 27696 I art     : Explicit concurrent mark sweep GC freed 3(96B) AllocSpace objects, 0(0B) LOS objects, 34% free, 30MB/46MB, paused 372us total 15.004ms
08-04 13:31:12.755 27683 27696 I art     : Starting a blocking GC Explicit
08-04 13:31:12.770 27683 27696 I art     : Explicit concurrent mark sweep GC freed 3(96B) AllocSpace objects, 0(0B) LOS objects, 34% free, 30MB/46MB, paused 333us total 14.972ms
08-04 13:31:12.994 13866 13882 I PeriodicStatsRunner: PeriodicStatsRunner.call():175 call()
08-04 13:31:12.994 13866 13882 I PeriodicStatsRunner: PeriodicStatsRunner.call():179 No submit PeriodicStats since input started.
08-04 13:31:13.084 27683  3242 I art     : Starting a blocking GC Explicit
08-04 13:31:13.102 27683  3242 I art     : Explicit concurrent mark sweep GC freed 1388(80KB) AllocSpace objects, 1(20KB) LOS objects, 34% free, 30MB/46MB, paused 362us total 17.775ms
08-04 13:31:13.109 27683  3242 I art     : Starting a blocking GC Explicit
08-04 13:31:13.124 27683  3242 I art     : Explicit concurrent mark sweep GC freed 20(704B) AllocSpace objects, 0(0B) LOS objects, 34% free, 30MB/46MB, paused 336us total 15.312ms
08-04 13:31:13.131 27683  3242 I art     : Starting a blocking GC Explicit
08-04 13:31:13.146 27683  3242 I art     : Explicit concurrent mark sweep GC freed 3(96B) AllocSpace objects, 0(0B) LOS objects, 34% free, 30MB/46MB, paused 330us total 14.980ms
08-04 13:31:13.152 27683  3242 I art     : Starting a blocking GC Explicit
08-04 13:31:13.168 27683  3242 I art     : Explicit concurrent mark sweep GC freed 3(96B) AllocSpace objects, 0(0B) LOS objects, 34% free, 30MB/46MB, paused 394us total 15.103ms
08-04 13:31:13.174 27683  3242 I art     : Starting a blocking GC Explicit
08-04 13:31:13.189 27683  3242 I art     : Explicit concurrent mark sweep GC freed 3(96B) AllocSpace objects, 0(0B) LOS objects, 34% free, 30MB/46MB, paused 333us total 15.099ms
08-04 13:31:13.244 30348 30348 I ServiceManager: Waiting for service AtCmdFwd...
08-04 13:31:13.499 27683 27697 I art     : Starting a blocking GC Explicit
08-04 13:31:13.517 27683 27697 I art     : Explicit concurrent mark sweep GC freed 1388(80KB) AllocSpace objects, 1(20KB) LOS objects, 34% free, 30MB/46MB, paused 505us total 18.399ms
08-04 13:31:13.526 27683 27697 I art     : Starting a blocking GC Explicit
08-04 13:31:13.541 27683 27697 I art     : Explicit concurrent mark sweep GC freed 20(704B) AllocSpace objects, 0(0B) LOS objects, 34% free, 30MB/46MB, paused 329us total 14.512ms
08-04 13:31:13.547 27683 27697 I art     : Starting a blocking GC Explicit
08-04 13:31:13.562 27683 27697 I art     : Explicit concurrent mark sweep GC freed 3(96B) AllocSpace objects, 0(0B) LOS objects, 34% free, 30MB/46MB, paused 390us total 14.614ms
08-04 13:31:13.568 27683 27697 I art     : Starting a blocking GC Explicit
08-04 13:31:13.583 27683 27697 I art     : Explicit concurrent mark sweep GC freed 3(96B) AllocSpace objects, 0(0B) LOS objects, 34% free, 30MB/46MB, paused 333us total 14.696ms
08-04 13:31:13.589 27683 27697 I art     : Starting a blocking GC Explicit
08-04 13:31:13.604 27683 27697 I art     : Explicit concurrent mark sweep GC freed 3(96B) AllocSpace objects, 0(0B) LOS objects, 34% free, 30MB/46MB, paused 332us total 14.722ms
08-04 13:31:13.925 27683  3240 I art     : Starting a blocking GC Explicit
08-04 13:31:13.944 27683  3240 I art     : Explicit concurrent mark sweep GC freed 1388(80KB) AllocSpace objects, 1(20KB) LOS objects, 34% free, 30MB/46MB, paused 357us total 19.043ms
08-04 13:31:13.957 27683  3240 I art     : Starting a blocking GC Explicit
08-04 13:31:13.970 27683  3240 I art     : Explicit concurrent mark sweep GC freed 20(704B) AllocSpace objects, 0(0B) LOS objects, 34% free, 30MB/46MB, paused 311us total 13.616ms
08-04 13:31:13.978 27683  3240 I art     : Starting a blocking GC Explicit
08-04 13:31:13.991 27683  3240 I art     : Explicit concurrent mark sweep GC freed 3(96B) AllocSpace objects, 0(0B) LOS objects, 34% free, 30MB/46MB, paused 319us total 13.146ms
08-04 13:31:13.997 27683  3240 I art     : Starting a blocking GC Explicit
08-04 13:31:14.010 27683  3240 I art     : Explicit concurrent mark sweep GC freed 3(96B) AllocSpace objects, 0(0B) LOS objects, 34% free, 30MB/46MB, paused 317us total 13.160ms
08-04 13:31:14.016 27683  3240 I art     : Starting a blocking GC Explicit
08-04 13:31:14.029 27683  3240 I art     : Explicit concurrent mark sweep GC freed 3(96B) AllocSpace objects, 0(0B) LOS objects, 34% free, 30MB/46MB, paused 316us total 13.178ms
08-04 13:31:14.244 30348 30348 W Atfwd_Sendcmd: AtCmdFwd service not published, waiting... retryCnt : 3
08-04 13:31:14.297 27683 27696 I art     : Starting a blocking GC Explicit
08-04 13:31:14.311 27683 27696 I art     : Explicit concurrent mark sweep GC freed 1388(80KB) AllocSpace objects, 1(20KB) LOS objects, 34% free, 30MB/46MB, paused 309us total 14.175ms
08-04 13:31:14.317 27683 27696 I art     : Starting a blocking GC Explicit
08-04 13:31:14.331 27683 27696 I art     : Explicit concurrent mark sweep GC freed 20(704B) AllocSpace objects, 0(0B) LOS objects, 34% free, 30MB/46MB, paused 312us total 13.688ms
08-04 13:31:14.337 27683 27696 I art     : Starting a blocking GC Explicit
08-04 13:31:14.351 27683 27696 I art     : Explicit concurrent mark sweep GC freed 3(96B) AllocSpace objects, 0(0B) LOS objects, 34% free, 30MB/46MB, paused 320us total 13.675ms
08-04 13:31:14.357 27683 27696 I art     : Starting a blocking GC Explicit
08-04 13:31:14.371 27683 27696 I art     : Explicit concurrent mark sweep GC freed 3(96B) AllocSpace objects, 0(0B) LOS objects, 34% free, 30MB/46MB, paused 315us total 13.682ms
08-04 13:31:14.378 27683 27696 I art     : Starting a blocking GC Explicit
08-04 13:31:14.393 27683 27696 I art     : Explicit concurrent mark sweep GC freed 3(96B) AllocSpace objects, 0(0B) LOS objects, 34% free, 30MB/46MB, paused 368us total 15.066ms
08-04 13:31:14.718 27683  3242 I art     : Starting a blocking GC Explicit
08-04 13:31:14.737 27683  3242 I art     : Explicit concurrent mark sweep GC freed 1388(80KB) AllocSpace objects, 1(20KB) LOS objects, 34% free, 30MB/46MB, paused 355us total 18.648ms
08-04 13:31:14.745 27683  3242 I art     : Starting a blocking GC Explicit
08-04 13:31:14.760 27683  3242 I art     : Explicit concurrent mark sweep GC freed 20(704B) AllocSpace objects, 0(0B) LOS objects, 34% free, 30MB/46MB, paused 336us total 14.820ms
08-04 13:31:14.767 27683  3242 I art     : Starting a blocking GC Explicit
08-04 13:31:14.781 27683  3242 I art     : Explicit concurrent mark sweep GC freed 3(96B) AllocSpace objects, 0(0B) LOS objects, 34% free, 30MB/46MB, paused 331us total 14.361ms
08-04 13:31:14.788 27683  3242 I art     : Starting a blocking GC Explicit
08-04 13:31:14.802 27683  3242 I art     : Explicit concurrent mark sweep GC freed 3(96B) AllocSpace objects, 0(0B) LOS objects, 34% free, 30MB/46MB, paused 335us total 14.568ms
08-04 13:31:14.809 27683  3242 I art     : Starting a blocking GC Explicit
08-04 13:31:14.823 27683  3242 I art     : Explicit concurrent mark sweep GC freed 3(96B) AllocSpace objects, 0(0B) LOS objects, 34% free, 30MB/46MB, paused 331us total 14.473ms
08-04 13:31:15.108 27683 27697 I art     : Starting a blocking GC Explicit
08-04 13:31:15.126 27683 27697 I art     : Explicit concurrent mark sweep GC freed 1388(80KB) AllocSpace objects, 1(20KB) LOS objects, 34% free, 30MB/46MB, paused 360us total 17.435ms
08-04 13:31:15.135 27683 27697 I art     : Starting a blocking GC Explicit
08-04 13:31:15.151 27683 27697 I art     : Explicit concurrent mark sweep GC freed 20(704B) AllocSpace objects, 0(0B) LOS objects, 34% free, 30MB/46MB, paused 345us total 15.147ms
08-04 13:31:15.157 27683 27697 I art     : Starting a blocking GC Explicit
08-04 13:31:15.172 27683 27697 I art     : Explicit concurrent mark sweep GC freed 3(96B) AllocSpace objects, 0(0B) LOS objects, 34% free, 30MB/46MB, paused 315us total 15.088ms
08-04 13:31:15.179 27683 27697 I art     : Starting a blocking GC Explicit
08-04 13:31:15.194 27683 27697 I art     : Explicit concurrent mark sweep GC freed 3(96B) AllocSpace objects, 0(0B) LOS objects, 34% free, 30MB/46MB, paused 337us total 15.153ms
08-04 13:31:15.201 27683 27697 I art     : Starting a blocking GC Explicit
08-04 13:31:15.216 27683 27697 I art     : Explicit concurrent mark sweep GC freed 3(96B) AllocSpace objects, 0(0B) LOS objects, 34% free, 30MB/46MB, paused 341us total 15.148ms
08-04 13:31:15.508 27683  3240 I art     : Starting a blocking GC Explicit
08-04 13:31:15.526 27683  3240 I art     : Explicit concurrent mark sweep GC freed 1388(80KB) AllocSpace objects, 1(20KB) LOS objects, 34% free, 30MB/46MB, paused 361us total 17.095ms
08-04 13:31:15.538 27683  3240 I art     : Starting a blocking GC Explicit
08-04 13:31:15.552 27683  3240 I art     : Explicit concurrent mark sweep GC freed 20(704B) AllocSpace objects, 0(0B) LOS objects, 34% free, 30MB/46MB, paused 345us total 14.656ms
08-04 13:31:15.559 27683  3240 I art     : Starting a blocking GC Explicit
08-04 13:31:15.573 27683  3240 I art     : Explicit concurrent mark sweep GC freed 3(96B) AllocSpace objects, 0(0B) LOS objects, 34% free, 30MB/46MB, paused 339us total 14.627ms
08-04 13:31:15.580 27683  3240 I art     : Starting a blocking GC Explicit
08-04 13:31:15.595 27683  3240 I art     : Explicit concurrent mark sweep GC freed 3(96B) AllocSpace objects, 0(0B) LOS objects, 34% free, 30MB/46MB, paused 324us total 14.675ms
08-04 13:31:15.601 27683  3240 I art     : Starting a blocking GC Explicit
08-04 13:31:15.615 27683  3240 I art     : Explicit concurrent mark sweep GC freed 3(96B) AllocSpace objects, 0(0B) LOS objects, 34% free, 30MB/46MB, paused 327us total 14.459ms
08-04 13:31:15.934 27683 27696 I art     : Starting a blocking GC Explicit
08-04 13:31:15.953 27683 27696 I art     : Explicit concurrent mark sweep GC freed 1388(80KB) AllocSpace objects, 1(20KB) LOS objects, 34% free, 30MB/46MB, paused 351us total 19.105ms
08-04 13:31:15.964 27683 27696 I art     : Starting a blocking GC Explicit
08-04 13:31:15.980 27683 27696 I art     : Explicit concurrent mark sweep GC freed 20(704B) AllocSpace objects, 0(0B) LOS objects, 34% free, 30MB/46MB, paused 322us total 15.145ms
08-04 13:31:15.986 27683 27696 I art     : Starting a blocking GC Explicit
08-04 13:31:16.001 27683 27696 I art     : Explicit concurrent mark sweep GC freed 3(96B) AllocSpace objects, 0(0B) LOS objects, 34% free, 30MB/46MB, paused 311us total 14.655ms
08-04 13:31:16.007 27683 27696 I art     : Starting a blocking GC Explicit
08-04 13:31:16.022 27683 27696 I art     : Explicit concurrent mark sweep GC freed 3(96B) AllocSpace objects, 0(0B) LOS objects, 34% free, 30MB/46MB, paused 328us total 14.622ms
08-04 13:31:16.028 27683 27696 I art     : Starting a blocking GC Explicit
08-04 13:31:16.043 27683 27696 I art     : Explicit concurrent mark sweep GC freed 3(96B) AllocSpace objects, 0(0B) LOS objects, 34% free, 30MB/46MB, paused 313us total 14.592ms
08-04 13:31:16.349 27683  3242 I art     : Starting a blocking GC Explicit
08-04 13:31:16.368 27683  3242 I art     : Explicit concurrent mark sweep GC freed 1388(80KB) AllocSpace objects, 1(20KB) LOS objects, 34% free, 30MB/46MB, paused 372us total 18.185ms
08-04 13:31:16.374 27683  3242 I art     : Starting a blocking GC Explicit
08-04 13:31:16.390 27683  3242 I art     : Explicit concurrent mark sweep GC freed 20(704B) AllocSpace objects, 0(0B) LOS objects, 34% free, 30MB/46MB, paused 344us total 15.559ms
08-04 13:31:16.397 27683  3242 I art     : Starting a blocking GC Explicit
08-04 13:31:16.413 27683  3242 I art     : Explicit concurrent mark sweep GC freed 3(96B) AllocSpace objects, 0(0B) LOS objects, 34% free, 30MB/46MB, paused 329us total 15.047ms
08-04 13:31:16.419 27683  3242 I art     : Starting a blocking GC Explicit
08-04 13:31:16.434 27683  3242 I art     : Explicit concurrent mark sweep GC freed 3(96B) AllocSpace objects, 0(0B) LOS objects, 34% free, 30MB/46MB, paused 335us total 14.893ms
08-04 13:31:16.441 27683  3242 I art     : Starting a blocking GC Explicit
08-04 13:31:16.456 27683  3242 I art     : Explicit concurrent mark sweep GC freed 3(96B) AllocSpace objects, 0(0B) LOS objects, 34% free, 30MB/46MB, paused 342us total 14.851ms
08-04 13:31:16.763 27683 27697 I art     : Starting a blocking GC Explicit
08-04 13:31:16.783 27683 27697 I art     : Explicit concurrent mark sweep GC freed 1388(80KB) AllocSpace objects, 1(20KB) LOS objects, 34% free, 30MB/46MB, paused 353us total 19.520ms
08-04 13:31:16.790 27683 27697 I art     : Starting a blocking GC Explicit
08-04 13:31:16.806 27683 27697 I art     : Explicit concurrent mark sweep GC freed 20(704B) AllocSpace objects, 0(0B) LOS objects, 34% free, 30MB/46MB, paused 342us total 15.827ms
08-04 13:31:16.813 27683 27697 I art     : Starting a blocking GC Explicit
08-04 13:31:16.828 27683 27697 I art     : Explicit concurrent mark sweep GC freed 3(96B) AllocSpace objects, 0(0B) LOS objects, 34% free, 30MB/46MB, paused 331us total 14.609ms
08-04 13:31:16.834 27683 27697 I art     : Starting a blocking GC Explicit
08-04 13:31:16.849 27683 27697 I art     : Explicit concurrent mark sweep GC freed 3(96B) AllocSpace objects, 0(0B) LOS objects, 34% free, 30MB/46MB, paused 339us total 14.815ms
08-04 13:31:16.855 27683 27697 I art     : Starting a blocking GC Explicit
08-04 13:31:16.871 27683 27697 I art     : Explicit concurrent mark sweep GC freed 3(96B) AllocSpace objects, 0(0B) LOS objects, 34% free, 30MB/46MB, paused 339us total 15.264ms
08-04 13:31:17.172 27683  3240 I art     : Starting a blocking GC Explicit
08-04 13:31:17.191 27683  3240 I art     : Explicit concurrent mark sweep GC freed 1388(80KB) AllocSpace objects, 1(20KB) LOS objects, 34% free, 30MB/46MB, paused 366us total 18.190ms
08-04 13:31:17.200 27683  3240 I art     : Starting a blocking GC Explicit
08-04 13:31:17.215 27683  3240 I art     : Explicit concurrent mark sweep GC freed 20(704B) AllocSpace objects, 0(0B) LOS objects, 34% free, 30MB/46MB, paused 315us total 14.498ms
08-04 13:31:17.221 27683  3240 I art     : Starting a blocking GC Explicit
08-04 13:31:17.236 27683  3240 I art     : Explicit concurrent mark sweep GC freed 3(96B) AllocSpace objects, 0(0B) LOS objects, 34% free, 30MB/46MB, paused 323us total 14.514ms
08-04 13:31:17.242 27683  3240 I art     : Starting a blocking GC Explicit
08-04 13:31:17.257 27683  3240 I art     : Explicit concurrent mark sweep GC freed 3(96B) AllocSpace objects, 0(0B) LOS objects, 34% free, 30MB/46MB, paused 411us total 14.760ms
08-04 13:31:17.263 27683  3240 I art     : Starting a blocking GC Explicit
08-04 13:31:17.278 27683  3240 I art     : Explicit concurrent mark sweep GC freed 3(96B) AllocSpace objects, 0(0B) LOS objects, 34% free, 30MB/46MB, paused 341us total 14.689ms
08-04 13:31:17.595 27683 27696 I art     : Starting a blocking GC Explicit
08-04 13:31:17.614 27683 27696 I art     : Explicit concurrent mark sweep GC freed 1388(80KB) AllocSpace objects, 1(20KB) LOS objects, 34% free, 30MB/46MB, paused 352us total 18.204ms
08-04 13:31:17.623 27683 27696 I art     : Starting a blocking GC Explicit
08-04 13:31:17.638 27683 27696 I art     : Explicit concurrent mark sweep GC freed 20(704B) AllocSpace objects, 0(0B) LOS objects, 34% free, 30MB/46MB, paused 321us total 15.285ms
08-04 13:31:17.645 27683 27696 I art     : Starting a blocking GC Explicit
08-04 13:31:17.660 27683 27696 I art     : Explicit concurrent mark sweep GC freed 3(96B) AllocSpace objects, 0(0B) LOS objects, 34% free, 30MB/46MB, paused 322us total 15.037ms
08-04 13:31:17.666 27683 27696 I art     : Starting a blocking GC Explicit
08-04 13:31:17.681 27683 27696 I art     : Explicit concurrent mark sweep GC freed 3(96B) AllocSpace objects, 0(0B) LOS objects, 34% free, 30MB/46MB, paused 317us total 14.836ms
08-04 13:31:17.684   918  3188 I hubconnection: sensorhub said: 'set_bias 3: -5.4144, 0.0000, 0.0000'
08-04 13:31:17.688 27683 27696 I art     : Starting a blocking GC Explicit
08-04 13:31:17.703 27683 27696 I art     : Explicit concurrent mark sweep GC freed 3(96B) AllocSpace objects, 0(0B) LOS objects, 34% free, 30MB/46MB, paused 324us total 15.014ms
08-04 13:31:18.024 27683  3242 I art     : Starting a blocking GC Explicit
08-04 13:31:18.041 27683  3242 I art     : Explicit concurrent mark sweep GC freed 1388(80KB) AllocSpace objects, 1(20KB) LOS objects, 34% free, 30MB/46MB, paused 361us total 16.785ms
08-04 13:31:18.048 27683  3242 I art     : Starting a blocking GC Explicit
08-04 13:31:18.063 27683  3242 I art     : Explicit concurrent mark sweep GC freed 20(704B) AllocSpace objects, 0(0B) LOS objects, 34% free, 30MB/46MB, paused 364us total 15.174ms
08-04 13:31:18.069 27683  3242 I art     : Starting a blocking GC Explicit
08-04 13:31:18.084 27683  3242 I art     : Explicit concurrent mark sweep GC freed 3(96B) AllocSpace objects, 0(0B) LOS objects, 34% free, 30MB/46MB, paused 347us total 14.593ms
08-04 13:31:18.090 27683  3242 I art     : Starting a blocking GC Explicit
08-04 13:31:18.105 27683  3242 I art     : Explicit concurrent mark sweep GC freed 3(96B) AllocSpace objects, 0(0B) LOS objects, 34% free, 30MB/46MB, paused 328us total 14.413ms
08-04 13:31:18.111 27683  3242 I art     : Starting a blocking GC Explicit
08-04 13:31:18.126 27683  3242 I art     : Explicit concurrent mark sweep GC freed 3(96B) AllocSpace objects, 0(0B) LOS objects, 34% free, 30MB/46MB, paused 340us total 14.487ms
08-04 13:31:18.319  3557  3557 D AndroidRuntime: >>>>>> START com.android.internal.os.RuntimeInit uid 2000 <<<<<<
08-04 13:31:18.323  3557  3557 D AndroidRuntime: CheckJNI is OFF
08-04 13:31:18.348  3557  3557 D ICU     : No timezone override file found: /data/misc/zoneinfo/current/icu/icu_tzdata.dat
08-04 13:31:18.373  3557  3557 I Radio-JNI: register_android_hardware_Radio DONE
08-04 13:31:18.389  3557  3557 D AndroidRuntime: Calling main entry com.android.commands.input.Input
08-04 13:31:18.390  3557  3557 I Input   : injectMotionEvent: MotionEvent { action=ACTION_DOWN, actionButton=0, id[0]=0, x[0]=436.0, y[0]=453.0, toolType[0]=TOOL_TYPE_UNKNOWN, buttonState=0, metaState=0, flags=0x0, edgeFlags=0x0, pointerCount=1, historySize=0, eventTime=711094803, downTime=711094803, deviceId=0, source=0x1002 }
08-04 13:31:18.396  3557  3557 I Input   : injectMotionEvent: MotionEvent { action=ACTION_UP, actionButton=0, id[0]=0, x[0]=436.0, y[0]=453.0, toolType[0]=TOOL_TYPE_UNKNOWN, buttonState=0, metaState=0, flags=0x0, edgeFlags=0x0, pointerCount=1, historySize=0, eventTime=711094803, downTime=711094803, deviceId=0, source=0x1002 }
08-04 13:31:18.398  3557  3557 D AndroidRuntime: Shutting down VM
08-04 13:31:18.403   512  2967 D audio_hw_primary: out_set_parameters: enter: usecase(1: low-latency-playback) kvpairs: routing=2
08-04 13:31:18.404   918  5481 I ActivityManager: START u0 {cmp=baseline.com.newsblur/.activity.GlobalSharedStoriesReading (has extras)} from uid 10652 on display 0
08-04 13:31:18.417   512  2967 D audio_hw_primary: select_devices: out_snd_device(2: speaker) in_snd_device(0: none)
08-04 13:31:18.418   512  2967 D msm8974_platform: platform_send_audio_calibration: sending audio calibration for snd_device(2) acdb_id(15)
08-04 13:31:18.418   512  2967 I soundtrigger: audio_extn_sound_trigger_update_device_status: device 0x2 of type 0 for Event 1
08-04 13:31:18.428   512  2967 D audio_hw_primary: enable_snd_device: snd_device(2: speaker)
08-04 13:31:18.430   512  2967 D audio_hw_primary: enable_audio_route: apply and update mixer path: low-latency-playback speaker
08-04 13:31:18.434 27683 27697 I art     : Starting a blocking GC Explicit
08-04 13:31:18.450 27683 27697 I art     : Explicit concurrent mark sweep GC freed 2051(172KB) AllocSpace objects, 3(60KB) LOS objects, 33% free, 31MB/47MB, paused 439us total 15.259ms
08-04 13:31:18.457 27683 27697 I art     : Starting a blocking GC Explicit
08-04 13:31:18.473 27683 27697 I art     : Explicit concurrent mark sweep GC freed 1107(97KB) AllocSpace objects, 1(112KB) LOS objects, 33% free, 32MB/48MB, paused 644us total 16.028ms
08-04 13:31:18.479 27683 27697 I art     : Starting a blocking GC Explicit
08-04 13:31:18.495 27683 27697 I art     : Explicit concurrent mark sweep GC freed 269(29KB) AllocSpace objects, 1(356KB) LOS objects, 33% free, 32MB/48MB, paused 376us total 15.045ms
08-04 13:31:18.501 27683 27697 I art     : Starting a blocking GC Explicit
08-04 13:31:18.517 27683 27697 I art     : Explicit concurrent mark sweep GC freed 157(26KB) AllocSpace objects, 1(20KB) LOS objects, 33% free, 32MB/48MB, paused 659us total 15.957ms
08-04 13:31:18.523 27683 27697 I art     : Starting a blocking GC Explicit
08-04 13:31:18.539 27683 27697 I art     : Explicit concurrent mark sweep GC freed 67(2368B) AllocSpace objects, 0(0B) LOS objects, 33% free, 32MB/48MB, paused 436us total 15.137ms
08-04 13:31:18.596 13866 13866 I GoogleInputMethodServic: GoogleInputMethodService.onFinishInput():3138 
08-04 13:31:18.596   918   936 I ActivityManager: Displayed baseline.com.newsblur/.activity.GlobalSharedStoriesReading: +185ms
08-04 13:31:18.598 13866 13866 I GoogleInputMethodServic: GoogleInputMethodService.onStartInput():1808 
08-04 13:31:18.608 27683 27683 I WebViewFactory: Loading com.google.android.webview version 84.0.4147.89 (code 414708953)
08-04 13:31:18.675 27683 27683 I cr_LibraryLoader: Loaded native library version number "84.0.4147.89"
08-04 13:31:18.675 27683 27683 I cr_CachingUmaRecorder: Flushed 5 samples from 5 histograms.
08-04 13:31:18.704 27683 27683 E chromium: [ERROR:filesystem_posix.cc(62)] mkdir /data/user/0/baseline.com.newsblur/cache/WebView/Crashpad: No such file or directory (2)
08-04 13:31:18.784   918  6029 D ConnectivityService: listenForNetwork for Listen from uid/pid:10652/27683 for NetworkRequest [ id=2671, legacyType=-1, [ Capabilities: INTERNET&NOT_RESTRICTED&TRUSTED] ]
08-04 13:31:18.786 27683  3240 I art     : Starting a blocking GC Explicit
08-04 13:31:18.814 27683  3240 I art     : Explicit concurrent mark sweep GC freed 8426(870KB) AllocSpace objects, 5(100KB) LOS objects, 31% free, 35MB/51MB, paused 795us total 27.543ms
08-04 13:31:18.821 27683  3240 I art     : Starting a blocking GC Explicit
08-04 13:31:18.842 27683  3240 I art     : Explicit concurrent mark sweep GC freed 1470(118KB) AllocSpace objects, 1(20KB) LOS objects, 30% free, 36MB/52MB, paused 914us total 20.859ms
08-04 13:31:18.849 27683  3240 I art     : Starting a blocking GC Explicit
08-04 13:31:18.872 27683  3240 I art     : Explicit concurrent mark sweep GC freed 1571(85KB) AllocSpace objects, 1(20KB) LOS objects, 30% free, 36MB/52MB, paused 953us total 22.276ms
08-04 13:31:18.881 27683  3240 I art     : Starting a blocking GC Explicit
08-04 13:31:18.894 27683  3608 W cr_media: Requires BLUETOOTH permission
08-04 13:31:18.915 27683  3240 I art     : Explicit concurrent mark sweep GC freed 4075(233KB) AllocSpace objects, 7(168KB) LOS objects, 30% free, 36MB/52MB, paused 2.046ms total 33.614ms
08-04 13:31:18.923 27683  3623 E libEGL  : validate_display:255 error 3008 (EGL_BAD_DISPLAY)
08-04 13:31:18.928 27683  3240 I art     : Starting a blocking GC Explicit
08-04 13:31:18.949 27683  3240 I art     : Explicit concurrent mark sweep GC freed 5263(255KB) AllocSpace objects, 3(76KB) LOS objects, 30% free, 36MB/52MB, paused 685us total 20.934ms
08-04 13:31:18.969   512  2967 D audio_hw_primary: disable_audio_route: reset and update mixer path: low-latency-playback speaker
08-04 13:31:18.971   512  2967 D audio_hw_primary: disable_snd_device: snd_device(2: speaker)
08-04 13:31:18.979   512  2967 I soundtrigger: audio_extn_sound_trigger_update_device_status: device 0x2 of type 0 for Event 0
08-04 13:31:19.200 27683  3242 I art     : Starting a blocking GC Explicit
08-04 13:31:19.221 27683  3242 I art     : Explicit concurrent mark sweep GC freed 12067(744KB) AllocSpace objects, 9(188KB) LOS objects, 30% free, 36MB/52MB, paused 811us total 21.423ms
08-04 13:31:19.228 27683  3242 I art     : Starting a blocking GC Explicit
08-04 13:31:19.248 27683  3242 I art     : Explicit concurrent mark sweep GC freed 2651(107KB) AllocSpace objects, 1(28KB) LOS objects, 30% free, 36MB/52MB, paused 684us total 20.029ms
08-04 13:31:19.256 27683  3242 I art     : Starting a blocking GC Explicit
08-04 13:31:19.275 27683  3242 I art     : Explicit concurrent mark sweep GC freed 1760(68KB) AllocSpace objects, 0(0B) LOS objects, 30% free, 36MB/52MB, paused 601us total 19.199ms
08-04 13:31:19.282 27683  3242 I art     : Starting a blocking GC Explicit
08-04 13:31:19.302 27683  3242 I art     : Explicit concurrent mark sweep GC freed 506(36KB) AllocSpace objects, 0(0B) LOS objects, 30% free, 36MB/52MB, paused 1.016ms total 20.364ms
08-04 13:31:19.310 27683  3242 I art     : Starting a blocking GC Explicit
08-04 13:31:19.333 27683  3242 I art     : Explicit concurrent mark sweep GC freed 2619(145KB) AllocSpace objects, 0(0B) LOS objects, 30% free, 36MB/52MB, paused 844us total 22.325ms
08-04 13:31:19.357 27683  3631 E baseline.com.newsblur.network.APIResponse: Error (unexpected end of stream on https://www.newsblur.com/...) calling https://www.newsblur.com/reader/mark_story_hashes_as_read/
08-04 13:31:19.357 27683  3631 E baseline.com.newsblur.network.APIResponse: java.io.IOException: unexpected end of stream on https://www.newsblur.com/...
08-04 13:31:19.357 27683  3631 E baseline.com.newsblur.network.APIResponse: 	at okhttp3.internal.http1.Http1ExchangeCodec.readResponseHeaders(Http1ExchangeCodec.java:236)
08-04 13:31:19.357 27683  3631 E baseline.com.newsblur.network.APIResponse: 	at okhttp3.internal.connection.Exchange.readResponseHeaders(Exchange.java:115)
08-04 13:31:19.357 27683  3631 E baseline.com.newsblur.network.APIResponse: 	at okhttp3.internal.http.CallServerInterceptor.intercept(CallServerInterceptor.java:94)
08-04 13:31:19.357 27683  3631 E baseline.com.newsblur.network.APIResponse: 	at okhttp3.internal.http.RealInterceptorChain.proceed(RealInterceptorChain.java:142)
08-04 13:31:19.357 27683  3631 E baseline.com.newsblur.network.APIResponse: 	at okhttp3.internal.connection.ConnectInterceptor.intercept(ConnectInterceptor.java:43)
08-04 13:31:19.357 27683  3631 E baseline.com.newsblur.network.APIResponse: 	at okhttp3.internal.http.RealInterceptorChain.proceed(RealInterceptorChain.java:142)
08-04 13:31:19.357 27683  3631 E baseline.com.newsblur.network.APIResponse: 	at okhttp3.internal.http.RealInterceptorChain.proceed(RealInterceptorChain.java:117)
08-04 13:31:19.357 27683  3631 E baseline.com.newsblur.network.APIResponse: 	at okhttp3.internal.cache.CacheInterceptor.intercept(CacheInterceptor.java:94)
08-04 13:31:19.357 27683  3631 E baseline.com.newsblur.network.APIResponse: 	at okhttp3.internal.http.RealInterceptorChain.proceed(RealInterceptorChain.java:142)
08-04 13:31:19.357 27683  3631 E baseline.com.newsblur.network.APIResponse: 	at okhttp3.internal.http.RealInterceptorChain.proceed(RealInterceptorChain.java:117)
08-04 13:31:19.357 27683  3631 E baseline.com.newsblur.network.APIResponse: 	at okhttp3.internal.http.BridgeInterceptor.intercept(BridgeInterceptor.java:93)
08-04 13:31:19.357 27683  3631 E baseline.com.newsblur.network.APIResponse: 	at okhttp3.internal.http.RealInterceptorChain.proceed(RealInterceptorChain.java:142)
08-04 13:31:19.357 27683  3631 E baseline.com.newsblur.network.APIResponse: 	at okhttp3.internal.http.RetryAndFollowUpInterceptor.intercept(RetryAndFollowUpInterceptor.java:88)
08-04 13:31:19.357 27683  3631 E baseline.com.newsblur.network.APIResponse: 	at okhttp3.internal.http.RealInterceptorChain.proceed(RealInterceptorChain.java:142)
08-04 13:31:19.357 27683  3631 E baseline.com.newsblur.network.APIResponse: 	at okhttp3.internal.http.RealInterceptorChain.proceed(RealInterceptorChain.java:117)
08-04 13:31:19.357 27683  3631 E baseline.com.newsblur.network.APIResponse: 	at okhttp3.RealCall.getResponseWithInterceptorChain(RealCall.java:229)
08-04 13:31:19.357 27683  3631 E baseline.com.newsblur.network.APIResponse: 	at okhttp3.RealCall.execute(RealCall.java:81)
08-04 13:31:19.357 27683  3631 E baseline.com.newsblur.network.APIResponse: 	at baseline.com.newsblur.network.APIResponse.<init>(APIResponse.java:57)
08-04 13:31:19.357 27683  3631 E baseline.com.newsblur.network.APIResponse: 	at baseline.com.newsblur.network.APIResponse.<init>(APIResponse.java:43)
08-04 13:31:19.357 27683  3631 E baseline.com.newsblur.network.APIResponse: 	at baseline.com.newsblur.network.APIManager.post_single(APIManager.java:702)
08-04 13:31:19.357 27683  3631 E baseline.com.newsblur.network.APIResponse: 	at baseline.com.newsblur.network.APIManager.post(APIManager.java:675)
08-04 13:31:19.357 27683  3631 E baseline.com.newsblur.network.APIResponse: 	at baseline.com.newsblur.network.APIManager.post(APIManager.java:714)
08-04 13:31:19.357 27683  3631 E baseline.com.newsblur.network.APIResponse: 	at baseline.com.newsblur.network.APIManager.markStoryAsRead(APIManager.java:205)
08-04 13:31:19.357 27683  3631 E baseline.com.newsblur.network.APIResponse: 	at baseline.com.newsblur.util.ReadingAction.doRemote(ReadingAction.java:281)
08-04 13:31:19.357 27683  3631 E baseline.com.newsblur.network.APIResponse: 	at baseline.com.newsblur.service.NBSyncService.syncActions(NBSyncService.java:400)
08-04 13:31:19.357 27683  3631 E baseline.com.newsblur.network.APIResponse: 	at baseline.com.newsblur.service.NBSyncService.doSync(NBSyncService.java:298)
08-04 13:31:19.357 27683  3631 E baseline.com.newsblur.network.APIResponse: 	at baseline.com.newsblur.service.NBSyncService.access$100(NBSyncService.java:67)
08-04 13:31:19.357 27683  3631 E baseline.com.newsblur.network.APIResponse: 	at baseline.com.newsblur.service.NBSyncService$1.run(NBSyncService.java:188)
08-04 13:31:19.357 27683  3631 E baseline.com.newsblur.network.APIResponse: 	at java.util.concurrent.ThreadPoolExecutor.runWorker(ThreadPoolExecutor.java:1113)
08-04 13:31:19.357 27683  3631 E baseline.com.newsblur.network.APIResponse: 	at java.util.concurrent.ThreadPoolExecutor$Worker.run(ThreadPoolExecutor.java:588)
08-04 13:31:19.357 27683  3631 E baseline.com.newsblur.network.APIResponse: 	at java.lang.Thread.run(Thread.java:818)
08-04 13:31:19.357 27683  3631 E baseline.com.newsblur.network.APIResponse: Caused by: java.io.EOFException: \n not found: limit=0 content=
08-04 13:31:19.357 27683  3631 E baseline.com.newsblur.network.APIResponse: 	at okio.RealBufferedSource.readUtf8LineStrict(RealBufferedSource.java:240)
08-04 13:31:19.357 27683  3631 E baseline.com.newsblur.network.APIResponse: 	at okhttp3.internal.http1.Http1ExchangeCodec.readHeaderLine(Http1ExchangeCodec.java:242)
08-04 13:31:19.357 27683  3631 E baseline.com.newsblur.network.APIResponse: 	at okhttp3.internal.http1.Http1ExchangeCodec.readResponseHeaders(Http1ExchangeCodec.java:213)
08-04 13:31:19.357 27683  3631 E baseline.com.newsblur.network.APIResponse: 	... 30 more
08-04 13:31:19.358 27683  3631 I baseline.com.newsblur.network.APIManager: API call failed, pausing before retry number 1
08-04 13:31:19.641 27683 27697 I art     : Starting a blocking GC Explicit
08-04 13:31:19.669 27683 27697 I art     : Explicit concurrent mark sweep GC freed 3237(409KB) AllocSpace objects, 6(260KB) LOS objects, 30% free, 36MB/52MB, paused 947us total 28.084ms
08-04 13:31:19.677 27683 27697 I art     : Starting a blocking GC Explicit
08-04 13:31:19.699 27683 27697 I art     : Explicit concurrent mark sweep GC freed 70(2640B) AllocSpace objects, 0(0B) LOS objects, 30% free, 36MB/52MB, paused 697us total 22.173ms
08-04 13:31:19.708 27683 27697 I art     : Starting a blocking GC Explicit
08-04 13:31:19.727 27683 27697 I art     : Explicit concurrent mark sweep GC freed 3(96B) AllocSpace objects, 0(0B) LOS objects, 30% free, 36MB/52MB, paused 593us total 18.722ms
08-04 13:31:19.735 27683 27697 I art     : Starting a blocking GC Explicit
08-04 13:31:19.755 27683 27697 I art     : Explicit concurrent mark sweep GC freed 3(96B) AllocSpace objects, 0(0B) LOS objects, 30% free, 36MB/52MB, paused 555us total 19.871ms
08-04 13:31:19.762 27683 27697 I art     : Starting a blocking GC Explicit
08-04 13:31:19.782 27683 27697 I art     : Explicit concurrent mark sweep GC freed 3(96B) AllocSpace objects, 0(0B) LOS objects, 30% free, 36MB/52MB, paused 642us total 19.877ms
08-04 13:31:20.068 27683  3240 I art     : Starting a blocking GC Explicit
08-04 13:31:20.088 27683  3240 I art     : Explicit concurrent mark sweep GC freed 1447(83KB) AllocSpace objects, 1(20KB) LOS objects, 30% free, 36MB/52MB, paused 566us total 20.331ms
08-04 13:31:20.095 27683  3240 I art     : Starting a blocking GC Explicit
08-04 13:31:20.115 27683  3240 I art     : Explicit concurrent mark sweep GC freed 367(12KB) AllocSpace objects, 0(0B) LOS objects, 30% free, 36MB/52MB, paused 630us total 19.964ms
08-04 13:31:20.122 27683  3240 I art     : Starting a blocking GC Explicit
08-04 13:31:20.142 27683  3240 I art     : Explicit concurrent mark sweep GC freed 10(320B) AllocSpace objects, 0(0B) LOS objects, 30% free, 36MB/52MB, paused 553us total 19.612ms
08-04 13:31:20.149 27683  3240 I art     : Starting a blocking GC Explicit
08-04 13:31:20.170 27683  3240 I art     : Explicit concurrent mark sweep GC freed 8(256B) AllocSpace objects, 0(0B) LOS objects, 30% free, 36MB/52MB, paused 613us total 20.181ms
08-04 13:31:20.176 27683  3240 I art     : Starting a blocking GC Explicit
08-04 13:31:20.196 27683  3240 I art     : Explicit concurrent mark sweep GC freed 10(320B) AllocSpace objects, 0(0B) LOS objects, 30% free, 36MB/52MB, paused 631us total 19.561ms
08-04 13:31:20.536 27683  3240 I art     : Starting a blocking GC Explicit
08-04 13:31:20.559 27683  3240 I art     : Explicit concurrent mark sweep GC freed 1467(83KB) AllocSpace objects, 1(20KB) LOS objects, 30% free, 36MB/52MB, paused 613us total 23.062ms
08-04 13:31:20.569 27683  3240 I art     : Starting a blocking GC Explicit
08-04 13:31:20.595 27683  3240 I art     : Explicit concurrent mark sweep GC freed 22(784B) AllocSpace objects, 0(0B) LOS objects, 30% free, 36MB/52MB, paused 687us total 25.599ms
08-04 13:31:20.604 27683  3240 I art     : Starting a blocking GC Explicit
08-04 13:31:20.626 27683  3240 I art     : Explicit concurrent mark sweep GC freed 3(96B) AllocSpace objects, 0(0B) LOS objects, 30% free, 36MB/52MB, paused 552us total 20.976ms
08-04 13:31:20.633 27683  3240 I art     : Starting a blocking GC Explicit
08-04 13:31:20.655 27683  3240 I art     : Explicit concurrent mark sweep GC freed 3(96B) AllocSpace objects, 0(0B) LOS objects, 30% free, 36MB/52MB, paused 545us total 21.516ms
08-04 13:31:20.662 27683  3240 I art     : Starting a blocking GC Explicit
08-04 13:31:20.684 27683  3240 I art     : Explicit concurrent mark sweep GC freed 3(96B) AllocSpace objects, 0(0B) LOS objects, 30% free, 36MB/52MB, paused 687us total 21.950ms
08-04 13:31:21.019 27683  3242 I art     : Starting a blocking GC Explicit
08-04 13:31:21.045 27683  3242 I art     : Explicit concurrent mark sweep GC freed 1606(91KB) AllocSpace objects, 1(20KB) LOS objects, 30% free, 36MB/52MB, paused 603us total 26.047ms
08-04 13:31:21.055 27683  3242 I art     : Starting a blocking GC Explicit
08-04 13:31:21.080 27683  3242 I art     : Explicit concurrent mark sweep GC freed 28(1040B) AllocSpace objects, 0(0B) LOS objects, 30% free, 36MB/52MB, paused 721us total 24.765ms
08-04 13:31:21.091 27683  3242 I art     : Starting a blocking GC Explicit
08-04 13:31:21.114 27683  3242 I art     : Explicit concurrent mark sweep GC freed 3(96B) AllocSpace objects, 0(0B) LOS objects, 30% free, 36MB/52MB, paused 671us total 23.154ms
08-04 13:31:21.123 27683  3242 I art     : Starting a blocking GC Explicit
08-04 13:31:21.144 27683  3242 I art     : Explicit concurrent mark sweep GC freed 3(96B) AllocSpace objects, 0(0B) LOS objects, 30% free, 36MB/52MB, paused 579us total 21.073ms
08-04 13:31:21.153 27683  3242 I art     : Starting a blocking GC Explicit
08-04 13:31:21.178 27683  3242 I art     : Explicit concurrent mark sweep GC freed 3(96B) AllocSpace objects, 0(0B) LOS objects, 30% free, 36MB/52MB, paused 591us total 24.881ms
08-04 13:31:21.417 27683  3631 E baseline.com.newsblur.network.APIResponse: Error (unexpected end of stream on https://www.newsblur.com/...) calling https://www.newsblur.com/reader/mark_story_hashes_as_read/
08-04 13:31:21.417 27683  3631 E baseline.com.newsblur.network.APIResponse: java.io.IOException: unexpected end of stream on https://www.newsblur.com/...
08-04 13:31:21.417 27683  3631 E baseline.com.newsblur.network.APIResponse: 	at okhttp3.internal.http1.Http1ExchangeCodec.readResponseHeaders(Http1ExchangeCodec.java:236)
08-04 13:31:21.417 27683  3631 E baseline.com.newsblur.network.APIResponse: 	at okhttp3.internal.connection.Exchange.readResponseHeaders(Exchange.java:115)
08-04 13:31:21.417 27683  3631 E baseline.com.newsblur.network.APIResponse: 	at okhttp3.internal.http.CallServerInterceptor.intercept(CallServerInterceptor.java:94)
08-04 13:31:21.417 27683  3631 E baseline.com.newsblur.network.APIResponse: 	at okhttp3.internal.http.RealInterceptorChain.proceed(RealInterceptorChain.java:142)
08-04 13:31:21.417 27683  3631 E baseline.com.newsblur.network.APIResponse: 	at okhttp3.internal.connection.ConnectInterceptor.intercept(ConnectInterceptor.java:43)
08-04 13:31:21.417 27683  3631 E baseline.com.newsblur.network.APIResponse: 	at okhttp3.internal.http.RealInterceptorChain.proceed(RealInterceptorChain.java:142)
08-04 13:31:21.417 27683  3631 E baseline.com.newsblur.network.APIResponse: 	at okhttp3.internal.http.RealInterceptorChain.proceed(RealInterceptorChain.java:117)
08-04 13:31:21.417 27683  3631 E baseline.com.newsblur.network.APIResponse: 	at okhttp3.internal.cache.CacheInterceptor.intercept(CacheInterceptor.java:94)
08-04 13:31:21.417 27683  3631 E baseline.com.newsblur.network.APIResponse: 	at okhttp3.internal.http.RealInterceptorChain.proceed(RealInterceptorChain.java:142)
08-04 13:31:21.417 27683  3631 E baseline.com.newsblur.network.APIResponse: 	at okhttp3.internal.http.RealInterceptorChain.proceed(RealInterceptorChain.java:117)
08-04 13:31:21.417 27683  3631 E baseline.com.newsblur.network.APIResponse: 	at okhttp3.internal.http.BridgeInterceptor.intercept(BridgeInterceptor.java:93)
08-04 13:31:21.417 27683  3631 E baseline.com.newsblur.network.APIResponse: 	at okhttp3.internal.http.RealInterceptorChain.proceed(RealInterceptorChain.java:142)
08-04 13:31:21.417 27683  3631 E baseline.com.newsblur.network.APIResponse: 	at okhttp3.internal.http.RetryAndFollowUpInterceptor.intercept(RetryAndFollowUpInterceptor.java:88)
08-04 13:31:21.417 27683  3631 E baseline.com.newsblur.network.APIResponse: 	at okhttp3.internal.http.RealInterceptorChain.proceed(RealInterceptorChain.java:142)
08-04 13:31:21.417 27683  3631 E baseline.com.newsblur.network.APIResponse: 	at okhttp3.internal.http.RealInterceptorChain.proceed(RealInterceptorChain.java:117)
08-04 13:31:21.417 27683  3631 E baseline.com.newsblur.network.APIResponse: 	at okhttp3.RealCall.getResponseWithInterceptorChain(RealCall.java:229)
08-04 13:31:21.417 27683  3631 E baseline.com.newsblur.network.APIResponse: 	at okhttp3.RealCall.execute(RealCall.java:81)
08-04 13:31:21.417 27683  3631 E baseline.com.newsblur.network.APIResponse: 	at baseline.com.newsblur.network.APIResponse.<init>(APIResponse.java:57)
08-04 13:31:21.417 27683  3631 E baseline.com.newsblur.network.APIResponse: 	at baseline.com.newsblur.network.APIResponse.<init>(APIResponse.java:43)
08-04 13:31:21.417 27683  3631 E baseline.com.newsblur.network.APIResponse: 	at baseline.com.newsblur.network.APIManager.post_single(APIManager.java:702)
08-04 13:31:21.417 27683  3631 E baseline.com.newsblur.network.APIResponse: 	at baseline.com.newsblur.network.APIManager.post(APIManager.java:675)
08-04 13:31:21.417 27683  3631 E baseline.com.newsblur.network.APIResponse: 	at baseline.com.newsblur.network.APIManager.post(APIManager.java:714)
08-04 13:31:21.417 27683  3631 E baseline.com.newsblur.network.APIResponse: 	at baseline.com.newsblur.network.APIManager.markStoryAsRead(APIManager.java:205)
08-04 13:31:21.417 27683  3631 E baseline.com.newsblur.network.APIResponse: 	at baseline.com.newsblur.util.ReadingAction.doRemote(ReadingAction.java:281)
08-04 13:31:21.417 27683  3631 E baseline.com.newsblur.network.APIResponse: 	at baseline.com.newsblur.service.NBSyncService.syncActions(NBSyncService.java:400)
08-04 13:31:21.417 27683  3631 E baseline.com.newsblur.network.APIResponse: 	at baseline.com.newsblur.service.NBSyncService.doSync(NBSyncService.java:298)
08-04 13:31:21.417 27683  3631 E baseline.com.newsblur.network.APIResponse: 	at baseline.com.newsblur.service.NBSyncService.access$100(NBSyncService.java:67)
08-04 13:31:21.417 27683  3631 E baseline.com.newsblur.network.APIResponse: 	at baseline.com.newsblur.service.NBSyncService$1.run(NBSyncService.java:188)
08-04 13:31:21.417 27683  3631 E baseline.com.newsblur.network.APIResponse: 	at java.util.concurrent.ThreadPoolExecutor.runWorker(ThreadPoolExecutor.java:1113)
08-04 13:31:21.417 27683  3631 E baseline.com.newsblur.network.APIResponse: 	at java.util.concurrent.ThreadPoolExecutor$Worker.run(ThreadPoolExecutor.java:588)
08-04 13:31:21.417 27683  3631 E baseline.com.newsblur.network.APIResponse: 	at java.lang.Thread.run(Thread.java:818)
08-04 13:31:21.417 27683  3631 E baseline.com.newsblur.network.APIResponse: Caused by: java.io.EOFException: \n not found: limit=0 content=
08-04 13:31:21.417 27683  3631 E baseline.com.newsblur.network.APIResponse: 	at okio.RealBufferedSource.readUtf8LineStrict(RealBufferedSource.java:240)
08-04 13:31:21.417 27683  3631 E baseline.com.newsblur.network.APIResponse: 	at okhttp3.internal.http1.Http1ExchangeCodec.readHeaderLine(Http1ExchangeCodec.java:242)
08-04 13:31:21.417 27683  3631 E baseline.com.newsblur.network.APIResponse: 	at okhttp3.internal.http1.Http1ExchangeCodec.readResponseHeaders(Http1ExchangeCodec.java:213)
08-04 13:31:21.417 27683  3631 E baseline.com.newsblur.network.APIResponse: 	... 30 more
08-04 13:31:21.420 27683  3631 I baseline.com.newsblur.network.APIManager: API call failed, pausing before retry number 2
08-04 13:31:21.516 27683 27697 I art     : Starting a blocking GC Explicit
08-04 13:31:21.547 27683 27697 I art     : Explicit concurrent mark sweep GC freed 3947(357KB) AllocSpace objects, 3(60KB) LOS objects, 30% free, 36MB/52MB, paused 601us total 30.538ms
08-04 13:31:21.558 27683 27697 I art     : Starting a blocking GC Explicit
08-04 13:31:21.584 27683 27697 I art     : Explicit concurrent mark sweep GC freed 109(3KB) AllocSpace objects, 0(0B) LOS objects, 30% free, 36MB/52MB, paused 694us total 25.492ms
08-04 13:31:21.594 27683 27697 I art     : Starting a blocking GC Explicit
08-04 13:31:21.617 27683 27697 I art     : Explicit concurrent mark sweep GC freed 3(96B) AllocSpace objects, 0(0B) LOS objects, 30% free, 36MB/52MB, paused 787us total 23.192ms
08-04 13:31:21.625 27683 27697 I art     : Starting a blocking GC Explicit
08-04 13:31:21.647 27683 27697 I art     : Explicit concurrent mark sweep GC freed 3(96B) AllocSpace objects, 0(0B) LOS objects, 30% free, 36MB/52MB, paused 623us total 21.376ms
08-04 13:31:21.659 27683 27697 I art     : Starting a blocking GC Explicit
08-04 13:31:21.685 27683 27697 I art     : Explicit concurrent mark sweep GC freed 3(96B) AllocSpace objects, 0(0B) LOS objects, 30% free, 36MB/52MB, paused 678us total 25.828ms
08-04 13:31:21.722   518   646 I ThermalEngine: ACTION: GPU - Setting GPU[0] to 510000000
08-04 13:31:22.012 27683 27697 I art     : Starting a blocking GC Explicit
08-04 13:31:22.047 27683 27697 I art     : Explicit concurrent mark sweep GC freed 1441(83KB) AllocSpace objects, 1(20KB) LOS objects, 30% free, 36MB/52MB, paused 933us total 34.742ms
08-04 13:31:22.061 27683 27697 I art     : Starting a blocking GC Explicit
08-04 13:31:22.093 27683 27697 I art     : Explicit concurrent mark sweep GC freed 22(800B) AllocSpace objects, 0(0B) LOS objects, 30% free, 36MB/52MB, paused 785us total 32.121ms
08-04 13:31:22.103 27683 27697 I art     : Starting a blocking GC Explicit
08-04 13:31:22.134 27683 27697 I art     : Explicit concurrent mark sweep GC freed 3(96B) AllocSpace objects, 0(0B) LOS objects, 30% free, 36MB/52MB, paused 896us total 30.129ms
08-04 13:31:22.145 27683 27697 I art     : Starting a blocking GC Explicit
08-04 13:31:22.177 27683 27697 I art     : Explicit concurrent mark sweep GC freed 3(96B) AllocSpace objects, 0(0B) LOS objects, 30% free, 36MB/52MB, paused 856us total 31.362ms
08-04 13:31:22.188 27683 27697 I art     : Starting a blocking GC Explicit
08-04 13:31:22.219 27683 27697 I art     : Explicit concurrent mark sweep GC freed 3(96B) AllocSpace objects, 0(0B) LOS objects, 30% free, 36MB/52MB, paused 931us total 31.204ms
08-04 13:31:22.560 27683 27696 I art     : Starting a blocking GC Explicit
08-04 13:31:22.596 27683 27696 I art     : Explicit concurrent mark sweep GC freed 1439(83KB) AllocSpace objects, 1(20KB) LOS objects, 30% free, 36MB/52MB, paused 778us total 36.048ms
08-04 13:31:22.609 27683 27696 I art     : Starting a blocking GC Explicit
08-04 13:31:22.643 27683 27696 I art     : Explicit concurrent mark sweep GC freed 22(784B) AllocSpace objects, 0(0B) LOS objects, 30% free, 36MB/52MB, paused 776us total 34.207ms
08-04 13:31:22.654 27683 27696 I art     : Starting a blocking GC Explicit
08-04 13:31:22.684 27683 27696 I art     : Explicit concurrent mark sweep GC freed 3(96B) AllocSpace objects, 0(0B) LOS objects, 30% free, 36MB/52MB, paused 881us total 29.493ms
08-04 13:31:22.695 27683 27696 I art     : Starting a blocking GC Explicit
08-04 13:31:22.728 27683 27696 I art     : Explicit concurrent mark sweep GC freed 3(96B) AllocSpace objects, 0(0B) LOS objects, 30% free, 36MB/52MB, paused 1.160ms total 32.399ms
08-04 13:31:22.739 27683 27696 I art     : Starting a blocking GC Explicit
08-04 13:31:22.775 27683 27696 I art     : Explicit concurrent mark sweep GC freed 3(96B) AllocSpace objects, 0(0B) LOS objects, 30% free, 36MB/52MB, paused 1.012ms total 34.832ms
08-04 13:31:23.098 27683  3242 I art     : Starting a blocking GC Explicit
08-04 13:31:23.134 27683  3242 I art     : Explicit concurrent mark sweep GC freed 1438(82KB) AllocSpace objects, 1(20KB) LOS objects, 30% free, 36MB/52MB, paused 876us total 35.596ms
08-04 13:31:23.147 27683  3242 I art     : Starting a blocking GC Explicit
08-04 13:31:23.183 27683  3242 I art     : Explicit concurrent mark sweep GC freed 22(784B) AllocSpace objects, 0(0B) LOS objects, 30% free, 36MB/52MB, paused 900us total 35.190ms
08-04 13:31:23.196 27683  3242 I art     : Starting a blocking GC Explicit
08-04 13:31:23.228 27683  3242 I art     : Explicit concurrent mark sweep GC freed 3(96B) AllocSpace objects, 0(0B) LOS objects, 30% free, 36MB/52MB, paused 825us total 31.770ms
08-04 13:31:23.238 27683  3242 I art     : Starting a blocking GC Explicit
08-04 13:31:23.269 27683  3242 I art     : Explicit concurrent mark sweep GC freed 3(96B) AllocSpace objects, 0(0B) LOS objects, 30% free, 36MB/52MB, paused 916us total 30.838ms
08-04 13:31:23.281 27683  3242 I art     : Starting a blocking GC Explicit
08-04 13:31:23.312 27683  3242 I art     : Explicit concurrent mark sweep GC freed 3(96B) AllocSpace objects, 0(0B) LOS objects, 30% free, 36MB/52MB, paused 777us total 31.048ms
08-04 13:31:23.597 13866 13882 I PeriodicStatsRunner: PeriodicStatsRunner.call():175 call()
08-04 13:31:23.598 13866 13882 I PeriodicStatsRunner: PeriodicStatsRunner.call():179 No submit PeriodicStats since input started.
08-04 13:31:23.642 27683 27696 I art     : Starting a blocking GC Explicit
08-04 13:31:23.679 27683 27696 I art     : Explicit concurrent mark sweep GC freed 1438(82KB) AllocSpace objects, 1(20KB) LOS objects, 30% free, 36MB/52MB, paused 804us total 36.572ms
08-04 13:31:23.691 27683 27696 I art     : Starting a blocking GC Explicit
08-04 13:31:23.727   518   646 I ThermalEngine: ACTION: GPU - Setting GPU[0] to 450000000
08-04 13:31:23.729 27683 27696 I art     : Explicit concurrent mark sweep GC freed 22(784B) AllocSpace objects, 0(0B) LOS objects, 30% free, 36MB/52MB, paused 1.248ms total 37.672ms
08-04 13:31:23.741 27683 27696 I art     : Starting a blocking GC Explicit
08-04 13:31:23.783 27683 27696 I art     : Explicit concurrent mark sweep GC freed 3(96B) AllocSpace objects, 0(0B) LOS objects, 30% free, 36MB/52MB, paused 1.112ms total 41.102ms
08-04 13:31:23.797 27683 27696 I art     : Starting a blocking GC Explicit
08-04 13:31:23.833 27683 27696 I art     : Explicit concurrent mark sweep GC freed 3(96B) AllocSpace objects, 0(0B) LOS objects, 30% free, 36MB/52MB, paused 1.129ms total 35.980ms
08-04 13:31:23.847 27683 27696 I art     : Starting a blocking GC Explicit
08-04 13:31:23.885 27683 27696 I art     : Explicit concurrent mark sweep GC freed 3(96B) AllocSpace objects, 0(0B) LOS objects, 30% free, 36MB/52MB, paused 1.153ms total 37.666ms
08-04 13:31:24.262 27683  3240 I art     : Starting a blocking GC Explicit
08-04 13:31:24.303 27683  3240 I art     : Explicit concurrent mark sweep GC freed 1438(82KB) AllocSpace objects, 1(20KB) LOS objects, 30% free, 36MB/52MB, paused 1.171ms total 40.657ms
08-04 13:31:24.318 27683  3240 I art     : Starting a blocking GC Explicit
08-04 13:31:24.357 27683  3240 I art     : Explicit concurrent mark sweep GC freed 22(784B) AllocSpace objects, 0(0B) LOS objects, 30% free, 36MB/52MB, paused 1.174ms total 38.343ms
08-04 13:31:24.370 27683  3240 I art     : Starting a blocking GC Explicit
08-04 13:31:24.408 27683  3240 I art     : Explicit concurrent mark sweep GC freed 3(96B) AllocSpace objects, 0(0B) LOS objects, 30% free, 36MB/52MB, paused 1.381ms total 37.743ms
08-04 13:31:24.421 27683  3240 I art     : Starting a blocking GC Explicit
08-04 13:31:24.463 27683  3240 I art     : Explicit concurrent mark sweep GC freed 94(3KB) AllocSpace objects, 0(0B) LOS objects, 30% free, 36MB/52MB, paused 1.496ms total 41.482ms
08-04 13:31:24.477 27683  3240 I art     : Starting a blocking GC Explicit
08-04 13:31:24.516 27683  3240 I art     : Explicit concurrent mark sweep GC freed 9(352B) AllocSpace objects, 0(0B) LOS objects, 30% free, 36MB/52MB, paused 1.135ms total 39.110ms
08-04 13:31:24.863 27683 27697 I art     : Starting a blocking GC Explicit
08-04 13:31:24.905 27683 27697 I art     : Explicit concurrent mark sweep GC freed 1512(88KB) AllocSpace objects, 1(20KB) LOS objects, 30% free, 36MB/52MB, paused 1.244ms total 41.150ms
08-04 13:31:24.921 27683 27697 I art     : Starting a blocking GC Explicit
08-04 13:31:24.961 27683 27697 I art     : Explicit concurrent mark sweep GC freed 1708(66KB) AllocSpace objects, 0(0B) LOS objects, 30% free, 36MB/52MB, paused 1.176ms total 40.206ms
08-04 13:31:24.974 27683 27697 I art     : Starting a blocking GC Explicit
08-04 13:31:24.980 27683  3631 E baseline.com.newsblur.network.APIResponse: Error (unexpected end of stream on https://www.newsblur.com/...) calling https://www.newsblur.com/reader/mark_story_hashes_as_read/
08-04 13:31:24.980 27683  3631 E baseline.com.newsblur.network.APIResponse: java.io.IOException: unexpected end of stream on https://www.newsblur.com/...
08-04 13:31:24.980 27683  3631 E baseline.com.newsblur.network.APIResponse: 	at okhttp3.internal.http1.Http1ExchangeCodec.readResponseHeaders(Http1ExchangeCodec.java:236)
08-04 13:31:24.980 27683  3631 E baseline.com.newsblur.network.APIResponse: 	at okhttp3.internal.connection.Exchange.readResponseHeaders(Exchange.java:115)
08-04 13:31:24.980 27683  3631 E baseline.com.newsblur.network.APIResponse: 	at okhttp3.internal.http.CallServerInterceptor.intercept(CallServerInterceptor.java:94)
08-04 13:31:24.980 27683  3631 E baseline.com.newsblur.network.APIResponse: 	at okhttp3.internal.http.RealInterceptorChain.proceed(RealInterceptorChain.java:142)
08-04 13:31:24.980 27683  3631 E baseline.com.newsblur.network.APIResponse: 	at okhttp3.internal.connection.ConnectInterceptor.intercept(ConnectInterceptor.java:43)
08-04 13:31:24.980 27683  3631 E baseline.com.newsblur.network.APIResponse: 	at okhttp3.internal.http.RealInterceptorChain.proceed(RealInterceptorChain.java:142)
08-04 13:31:24.980 27683  3631 E baseline.com.newsblur.network.APIResponse: 	at okhttp3.internal.http.RealInterceptorChain.proceed(RealInterceptorChain.java:117)
08-04 13:31:24.980 27683  3631 E baseline.com.newsblur.network.APIResponse: 	at okhttp3.internal.cache.CacheInterceptor.intercept(CacheInterceptor.java:94)
08-04 13:31:24.980 27683  3631 E baseline.com.newsblur.network.APIResponse: 	at okhttp3.internal.http.RealInterceptorChain.proceed(RealInterceptorChain.java:142)
08-04 13:31:24.980 27683  3631 E baseline.com.newsblur.network.APIResponse: 	at okhttp3.internal.http.RealInterceptorChain.proceed(RealInterceptorChain.java:117)
08-04 13:31:24.980 27683  3631 E baseline.com.newsblur.network.APIResponse: 	at okhttp3.internal.http.BridgeInterceptor.intercept(BridgeInterceptor.java:93)
08-04 13:31:24.980 27683  3631 E baseline.com.newsblur.network.APIResponse: 	at okhttp3.internal.http.RealInterceptorChain.proceed(RealInterceptorChain.java:142)
08-04 13:31:24.980 27683  3631 E baseline.com.newsblur.network.APIResponse: 	at okhttp3.internal.http.RetryAndFollowUpInterceptor.intercept(RetryAndFollowUpInterceptor.java:88)
08-04 13:31:24.980 27683  3631 E baseline.com.newsblur.network.APIResponse: 	at okhttp3.internal.http.RealInterceptorChain.proceed(RealInterceptorChain.java:142)
08-04 13:31:24.980 27683  3631 E baseline.com.newsblur.network.APIResponse: 	at okhttp3.internal.http.RealInterceptorChain.proceed(RealInterceptorChain.java:117)
08-04 13:31:24.980 27683  3631 E baseline.com.newsblur.network.APIResponse: 	at okhttp3.RealCall.getResponseWithInterceptorChain(RealCall.java:229)
08-04 13:31:24.980 27683  3631 E baseline.com.newsblur.network.APIResponse: 	at okhttp3.RealCall.execute(RealCall.java:81)
08-04 13:31:24.980 27683  3631 E baseline.com.newsblur.network.APIResponse: 	at baseline.com.newsblur.network.APIResponse.<init>(APIResponse.java:57)
08-04 13:31:24.980 27683  3631 E baseline.com.newsblur.network.APIResponse: 	at baseline.com.newsblur.network.APIResponse.<init>(APIResponse.java:43)
08-04 13:31:24.980 27683  3631 E baseline.com.newsblur.network.APIResponse: 	at baseline.com.newsblur.network.APIManager.post_single(APIManager.java:702)
08-04 13:31:24.980 27683  3631 E baseline.com.newsblur.network.APIResponse: 	at baseline.com.newsblur.network.APIManager.post(APIManager.java:675)
08-04 13:31:24.980 27683  3631 E baseline.com.newsblur.network.APIResponse: 	at baseline.com.newsblur.network.APIManager.post(APIManager.java:714)
08-04 13:31:24.980 27683  3631 E baseline.com.newsblur.network.APIResponse: 	at baseline.com.newsblur.network.APIManager.markStoryAsRead(APIManager.java:205)
08-04 13:31:24.980 27683  3631 E baseline.com.newsblur.network.APIResponse: 	at baseline.com.newsblur.util.ReadingAction.doRemote(ReadingAction.java:281)
08-04 13:31:24.980 27683  3631 E baseline.com.newsblur.network.APIResponse: 	at baseline.com.newsblur.service.NBSyncService.syncActions(NBSyncService.java:400)
08-04 13:31:24.980 27683  3631 E baseline.com.newsblur.network.APIResponse: 	at baseline.com.newsblur.service.NBSyncService.doSync(NBSyncService.java:298)
08-04 13:31:24.980 27683  3631 E baseline.com.newsblur.network.APIResponse: 	at baseline.com.newsblur.service.NBSyncService.access$100(NBSyncService.java:67)
08-04 13:31:24.980 27683  3631 E baseline.com.newsblur.network.APIResponse: 	at baseline.com.newsblur.service.NBSyncService$1.run(NBSyncService.java:188)
08-04 13:31:24.980 27683  3631 E baseline.com.newsblur.network.APIResponse: 	at java.util.concurrent.ThreadPoolExecutor.runWorker(ThreadPoolExecutor.java:1113)
08-04 13:31:24.980 27683  3631 E baseline.com.newsblur.network.APIResponse: 	at java.util.concurrent.ThreadPoolExecutor$Worker.run(ThreadPoolExecutor.java:588)
08-04 13:31:24.980 27683  3631 E baseline.com.newsblur.network.APIResponse: 	at java.lang.Thread.run(Thread.java:818)
08-04 13:31:24.980 27683  3631 E baseline.com.newsblur.network.APIResponse: Caused by: java.io.EOFException: \n not found: limit=0 content=
08-04 13:31:24.980 27683  3631 E baseline.com.newsblur.network.APIResponse: 	at okio.RealBufferedSource.readUtf8LineStrict(RealBufferedSource.java:240)
08-04 13:31:24.980 27683  3631 E baseline.com.newsblur.network.APIResponse: 	at okhttp3.internal.http1.Http1ExchangeCodec.readHeaderLine(Http1ExchangeCodec.java:242)
08-04 13:31:24.980 27683  3631 E baseline.com.newsblur.network.APIResponse: 	at okhttp3.internal.http1.Http1ExchangeCodec.readResponseHeaders(Http1ExchangeCodec.java:213)
08-04 13:31:24.980 27683  3631 E baseline.com.newsblur.network.APIResponse: 	... 30 more
08-04 13:31:24.982 27683  3631 I baseline.com.newsblur.service.NBSyncService: Holding reading action with server-side or network error.
08-04 13:31:25.002 27683  3631 W baseline.com.newsblur.service.NBSyncService: hard API failure
08-04 13:31:25.008 27683 27697 I art     : Explicit concurrent mark sweep GC freed 867(198KB) AllocSpace objects, 3(60KB) LOS objects, 30% free, 36MB/52MB, paused 1.508ms total 34.574ms
08-04 13:31:25.020 27683 27697 I art     : Starting a blocking GC Explicit
08-04 13:31:25.053 27683 27697 I art     : Explicit concurrent mark sweep GC freed 976(219KB) AllocSpace objects, 12(240KB) LOS objects, 30% free, 36MB/52MB, paused 1.055ms total 32.929ms
08-04 13:31:25.064 27683 27697 I art     : Starting a blocking GC Explicit
08-04 13:31:25.095 27683 27697 I art     : Explicit concurrent mark sweep GC freed 432(16KB) AllocSpace objects, 0(0B) LOS objects, 30% free, 36MB/52MB, paused 1.081ms total 30.489ms
08-04 13:31:25.442 27683  3242 I art     : Starting a blocking GC Explicit
08-04 13:31:25.481 27683  3242 I art     : Explicit concurrent mark sweep GC freed 1514(84KB) AllocSpace objects, 1(20KB) LOS objects, 30% free, 36MB/52MB, paused 1.111ms total 38.499ms
08-04 13:31:25.496 27683  3242 I art     : Starting a blocking GC Explicit
08-04 13:31:25.531 27683  3242 I art     : Explicit concurrent mark sweep GC freed 20(704B) AllocSpace objects, 0(0B) LOS objects, 30% free, 36MB/52MB, paused 1.071ms total 35.096ms
08-04 13:31:25.543 27683  3242 I art     : Starting a blocking GC Explicit
08-04 13:31:25.579 27683  3242 I art     : Explicit concurrent mark sweep GC freed 3(96B) AllocSpace objects, 0(0B) LOS objects, 30% free, 36MB/52MB, paused 1.362ms total 35.940ms
08-04 13:31:25.591 27683  3242 I art     : Starting a blocking GC Explicit
08-04 13:31:25.627 27683  3242 I art     : Explicit concurrent mark sweep GC freed 3(96B) AllocSpace objects, 0(0B) LOS objects, 30% free, 36MB/52MB, paused 1.233ms total 36.183ms
08-04 13:31:25.639 27683  3242 I art     : Starting a blocking GC Explicit
08-04 13:31:25.674 27683  3242 I art     : Explicit concurrent mark sweep GC freed 3(96B) AllocSpace objects, 0(0B) LOS objects, 30% free, 36MB/52MB, paused 1.243ms total 34.433ms
08-04 13:31:26.034 27683  3240 I art     : Starting a blocking GC Explicit
08-04 13:31:26.073 27683  3240 I art     : Explicit concurrent mark sweep GC freed 1398(80KB) AllocSpace objects, 1(20KB) LOS objects, 30% free, 36MB/52MB, paused 1.158ms total 38.341ms
08-04 13:31:26.087 27683  3240 I art     : Starting a blocking GC Explicit
08-04 13:31:26.123 27683  3240 I art     : Explicit concurrent mark sweep GC freed 20(704B) AllocSpace objects, 0(0B) LOS objects, 30% free, 36MB/52MB, paused 1.084ms total 35.347ms
08-04 13:31:26.135 27683  3240 I art     : Starting a blocking GC Explicit
08-04 13:31:26.170 27683  3240 I art     : Explicit concurrent mark sweep GC freed 3(96B) AllocSpace objects, 0(0B) LOS objects, 30% free, 36MB/52MB, paused 1.095ms total 34.850ms
08-04 13:31:26.182 27683  3240 I art     : Starting a blocking GC Explicit
08-04 13:31:26.218 27683  3240 I art     : Explicit concurrent mark sweep GC freed 3(96B) AllocSpace objects, 0(0B) LOS objects, 30% free, 36MB/52MB, paused 1.181ms total 35.759ms
08-04 13:31:26.230 27683  3240 I art     : Starting a blocking GC Explicit
08-04 13:31:26.267 27683  3240 I art     : Explicit concurrent mark sweep GC freed 3(96B) AllocSpace objects, 0(0B) LOS objects, 30% free, 36MB/52MB, paused 1.233ms total 36.629ms
08-04 13:31:26.613 27683 27696 I art     : Starting a blocking GC Explicit
08-04 13:31:26.650 27683 27696 I art     : Explicit concurrent mark sweep GC freed 1398(80KB) AllocSpace objects, 1(20KB) LOS objects, 30% free, 36MB/52MB, paused 1.093ms total 36.339ms
08-04 13:31:26.663 27683 27696 I art     : Starting a blocking GC Explicit
08-04 13:31:26.700 27683 27696 I art     : Explicit concurrent mark sweep GC freed 20(704B) AllocSpace objects, 0(0B) LOS objects, 30% free, 36MB/52MB, paused 1.115ms total 36.266ms
08-04 13:31:26.712 27683 27696 I art     : Starting a blocking GC Explicit
08-04 13:31:26.730   518   646 I ThermalEngine: ACTION: GPU - Setting GPU[0] to 510000000
08-04 13:31:26.749 27683 27696 I art     : Explicit concurrent mark sweep GC freed 3(96B) AllocSpace objects, 0(0B) LOS objects, 30% free, 36MB/52MB, paused 1.180ms total 36.428ms
08-04 13:31:26.761 27683 27696 I art     : Starting a blocking GC Explicit
08-04 13:31:26.791 27683 27696 I art     : Explicit concurrent mark sweep GC freed 3(96B) AllocSpace objects, 0(0B) LOS objects, 30% free, 36MB/52MB, paused 782us total 30.160ms
08-04 13:31:26.801 27683 27696 I art     : Starting a blocking GC Explicit
08-04 13:31:26.828 27683 27696 I art     : Explicit concurrent mark sweep GC freed 3(96B) AllocSpace objects, 0(0B) LOS objects, 30% free, 36MB/52MB, paused 890us total 27.370ms
08-04 13:31:27.156 27683 27697 I art     : Starting a blocking GC Explicit
08-04 13:31:27.184 27683 27697 I art     : Explicit concurrent mark sweep GC freed 1398(80KB) AllocSpace objects, 1(20KB) LOS objects, 30% free, 36MB/52MB, paused 830us total 26.963ms
08-04 13:31:27.193 27683 27697 I art     : Starting a blocking GC Explicit
08-04 13:31:27.220 27683 27697 I art     : Explicit concurrent mark sweep GC freed 20(704B) AllocSpace objects, 0(0B) LOS objects, 30% free, 36MB/52MB, paused 837us total 26.635ms
08-04 13:31:27.229 27683 27697 I art     : Starting a blocking GC Explicit
08-04 13:31:27.256 27683 27697 I art     : Explicit concurrent mark sweep GC freed 3(96B) AllocSpace objects, 0(0B) LOS objects, 30% free, 36MB/52MB, paused 821us total 27.290ms
08-04 13:31:27.266 27683 27697 I art     : Starting a blocking GC Explicit
08-04 13:31:27.293 27683 27697 I art     : Explicit concurrent mark sweep GC freed 3(96B) AllocSpace objects, 0(0B) LOS objects, 30% free, 36MB/52MB, paused 815us total 27.364ms
08-04 13:31:27.302 27683 27697 I art     : Starting a blocking GC Explicit
08-04 13:31:27.330 27683 27697 I art     : Explicit concurrent mark sweep GC freed 3(96B) AllocSpace objects, 0(0B) LOS objects, 30% free, 36MB/52MB, paused 844us total 27.066ms
08-04 13:31:27.676 27683  3242 I art     : Starting a blocking GC Explicit
08-04 13:31:27.706 27683  3242 I art     : Explicit concurrent mark sweep GC freed 1398(80KB) AllocSpace objects, 1(20KB) LOS objects, 30% free, 36MB/52MB, paused 845us total 28.941ms
08-04 13:31:27.715 27683  3242 I art     : Starting a blocking GC Explicit
08-04 13:31:27.743 27683  3242 I art     : Explicit concurrent mark sweep GC freed 20(704B) AllocSpace objects, 0(0B) LOS objects, 30% free, 36MB/52MB, paused 824us total 27.800ms
08-04 13:31:27.752 27683  3242 I art     : Starting a blocking GC Explicit
08-04 13:31:27.780 27683  3242 I art     : Explicit concurrent mark sweep GC freed 3(96B) AllocSpace objects, 0(0B) LOS objects, 30% free, 36MB/52MB, paused 794us total 27.099ms
08-04 13:31:27.790 27683  3242 I art     : Starting a blocking GC Explicit
08-04 13:31:27.816 27683  3242 I art     : Explicit concurrent mark sweep GC freed 3(96B) AllocSpace objects, 0(0B) LOS objects, 30% free, 36MB/52MB, paused 821us total 26.262ms
08-04 13:31:27.825 27683  3242 I art     : Starting a blocking GC Explicit
08-04 13:31:27.852 27683  3242 I art     : Explicit concurrent mark sweep GC freed 3(96B) AllocSpace objects, 0(0B) LOS objects, 30% free, 36MB/52MB, paused 835us total 26.832ms
08-04 13:31:28.184 27683  3240 I art     : Starting a blocking GC Explicit
08-04 13:31:28.214 27683  3240 I art     : Explicit concurrent mark sweep GC freed 1398(80KB) AllocSpace objects, 1(20KB) LOS objects, 30% free, 36MB/52MB, paused 839us total 29.206ms
08-04 13:31:28.223 27683  3240 I art     : Starting a blocking GC Explicit
08-04 13:31:28.251 27683  3240 I art     : Explicit concurrent mark sweep GC freed 20(704B) AllocSpace objects, 0(0B) LOS objects, 30% free, 36MB/52MB, paused 840us total 27.468ms
08-04 13:31:28.260 27683  3240 I art     : Starting a blocking GC Explicit
08-04 13:31:28.287 27683  3240 I art     : Explicit concurrent mark sweep GC freed 3(96B) AllocSpace objects, 0(0B) LOS objects, 30% free, 36MB/52MB, paused 968us total 26.758ms
08-04 13:31:28.297 27683  3240 I art     : Starting a blocking GC Explicit
08-04 13:31:28.324 27683  3240 I art     : Explicit concurrent mark sweep GC freed 3(96B) AllocSpace objects, 0(0B) LOS objects, 30% free, 36MB/52MB, paused 867us total 26.778ms
08-04 13:31:28.333 27683  3240 I art     : Starting a blocking GC Explicit
08-04 13:31:28.362 27683  3240 I art     : Explicit concurrent mark sweep GC freed 3(96B) AllocSpace objects, 0(0B) LOS objects, 30% free, 36MB/52MB, paused 900us total 27.899ms
08-04 13:31:28.698 27683 27696 I art     : Starting a blocking GC Explicit
08-04 13:31:28.729 27683 27696 I art     : Explicit concurrent mark sweep GC freed 1398(80KB) AllocSpace objects, 1(20KB) LOS objects, 30% free, 36MB/52MB, paused 833us total 29.988ms
08-04 13:31:28.742 27683 27696 I art     : Starting a blocking GC Explicit
08-04 13:31:28.768 27683 27696 I art     : Explicit concurrent mark sweep GC freed 20(704B) AllocSpace objects, 0(0B) LOS objects, 30% free, 36MB/52MB, paused 821us total 26.442ms
08-04 13:31:28.777 27683 27696 I art     : Starting a blocking GC Explicit
08-04 13:31:28.804 27683 27696 I art     : Explicit concurrent mark sweep GC freed 3(96B) AllocSpace objects, 0(0B) LOS objects, 30% free, 36MB/52MB, paused 819us total 26.681ms
08-04 13:31:28.813 27683 27696 I art     : Starting a blocking GC Explicit
08-04 13:31:28.840 27683 27696 I art     : Explicit concurrent mark sweep GC freed 3(96B) AllocSpace objects, 0(0B) LOS objects, 30% free, 36MB/52MB, paused 805us total 26.739ms
08-04 13:31:28.849 27683 27696 I art     : Starting a blocking GC Explicit
08-04 13:31:28.877 27683 27696 I art     : Explicit concurrent mark sweep GC freed 3(96B) AllocSpace objects, 0(0B) LOS objects, 30% free, 36MB/52MB, paused 810us total 27.101ms
08-04 13:31:29.195 27683 27697 I art     : Starting a blocking GC Explicit
08-04 13:31:29.225 27683 27697 I art     : Explicit concurrent mark sweep GC freed 1417(81KB) AllocSpace objects, 1(20KB) LOS objects, 30% free, 36MB/52MB, paused 847us total 29.722ms
08-04 13:31:29.239 27683 27697 I art     : Starting a blocking GC Explicit
08-04 13:31:29.246 30348 30348 I ServiceManager: Waiting for service AtCmdFwd...
08-04 13:31:29.265 27683 27697 I art     : Explicit concurrent mark sweep GC freed 26(928B) AllocSpace objects, 0(0B) LOS objects, 30% free, 36MB/52MB, paused 802us total 25.915ms
08-04 13:31:29.274 27683 27697 I art     : Starting a blocking GC Explicit
08-04 13:31:29.301 27683 27697 I art     : Explicit concurrent mark sweep GC freed 3(96B) AllocSpace objects, 0(0B) LOS objects, 30% free, 36MB/52MB, paused 832us total 26.575ms
08-04 13:31:29.310 27683 27697 I art     : Starting a blocking GC Explicit
08-04 13:31:29.336 27683 27697 I art     : Explicit concurrent mark sweep GC freed 3(96B) AllocSpace objects, 0(0B) LOS objects, 30% free, 36MB/52MB, paused 821us total 25.474ms
08-04 13:31:29.346 27683 27697 I art     : Starting a blocking GC Explicit
08-04 13:31:29.373 27683 27697 I art     : Explicit concurrent mark sweep GC freed 3(96B) AllocSpace objects, 0(0B) LOS objects, 30% free, 36MB/52MB, paused 806us total 27.295ms
08-04 13:31:29.714 27683  3242 I art     : Starting a blocking GC Explicit
08-04 13:31:29.744 27683  3242 I art     : Explicit concurrent mark sweep GC freed 1398(80KB) AllocSpace objects, 1(20KB) LOS objects, 30% free, 36MB/52MB, paused 861us total 29.709ms
08-04 13:31:29.758 27683  3242 I art     : Starting a blocking GC Explicit
08-04 13:31:29.784 27683  3242 I art     : Explicit concurrent mark sweep GC freed 20(704B) AllocSpace objects, 0(0B) LOS objects, 30% free, 36MB/52MB, paused 820us total 25.877ms
08-04 13:31:29.793 27683  3242 I art     : Starting a blocking GC Explicit
08-04 13:31:29.820 27683  3242 I art     : Explicit concurrent mark sweep GC freed 3(96B) AllocSpace objects, 0(0B) LOS objects, 30% free, 36MB/52MB, paused 822us total 26.703ms
08-04 13:31:29.829 27683  3242 I art     : Starting a blocking GC Explicit
08-04 13:31:29.857 27683  3242 I art     : Explicit concurrent mark sweep GC freed 3(96B) AllocSpace objects, 0(0B) LOS objects, 30% free, 36MB/52MB, paused 845us total 27.246ms
08-04 13:31:29.866 27683  3242 I art     : Starting a blocking GC Explicit
08-04 13:31:29.892 27683  3242 I art     : Explicit concurrent mark sweep GC freed 3(96B) AllocSpace objects, 0(0B) LOS objects, 30% free, 36MB/52MB, paused 825us total 26.412ms
08-04 13:31:30.233 27683  3240 I art     : Starting a blocking GC Explicit
08-04 13:31:30.246 30348 30348 I ServiceManager: Waiting for service AtCmdFwd...
08-04 13:31:30.265 27683  3240 I art     : Explicit concurrent mark sweep GC freed 1398(80KB) AllocSpace objects, 1(20KB) LOS objects, 30% free, 36MB/52MB, paused 845us total 31.378ms
08-04 13:31:30.277 27683  3240 I art     : Starting a blocking GC Explicit
08-04 13:31:30.305 27683  3240 I art     : Explicit concurrent mark sweep GC freed 20(704B) AllocSpace objects, 0(0B) LOS objects, 30% free, 36MB/52MB, paused 837us total 27.720ms
08-04 13:31:30.315 27683  3240 I art     : Starting a blocking GC Explicit
08-04 13:31:30.342 27683  3240 I art     : Explicit concurrent mark sweep GC freed 3(96B) AllocSpace objects, 0(0B) LOS objects, 30% free, 36MB/52MB, paused 828us total 27.092ms
08-04 13:31:30.351 27683  3240 I art     : Starting a blocking GC Explicit
08-04 13:31:30.379 27683  3240 I art     : Explicit concurrent mark sweep GC freed 3(96B) AllocSpace objects, 0(0B) LOS objects, 30% free, 36MB/52MB, paused 791us total 27.356ms
08-04 13:31:30.388 27683  3240 I art     : Starting a blocking GC Explicit
08-04 13:31:30.417 27683  3240 I art     : Explicit concurrent mark sweep GC freed 3(96B) AllocSpace objects, 0(0B) LOS objects, 30% free, 36MB/52MB, paused 829us total 28.210ms
08-04 13:31:30.734 27683 27696 I art     : Starting a blocking GC Explicit
08-04 13:31:30.738   518   646 I ThermalEngine: ACTION: GPU - Setting GPU[0] to 600000000
08-04 13:31:30.761 27683 27696 I art     : Explicit concurrent mark sweep GC freed 1398(80KB) AllocSpace objects, 1(20KB) LOS objects, 30% free, 36MB/52MB, paused 835us total 26.313ms
08-04 13:31:30.770 27683 27696 I art     : Starting a blocking GC Explicit
08-04 13:31:30.794 27683 27696 I art     : Explicit concurrent mark sweep GC freed 20(704B) AllocSpace objects, 0(0B) LOS objects, 30% free, 36MB/52MB, paused 700us total 24.401ms
08-04 13:31:30.802 27683 27696 I art     : Starting a blocking GC Explicit
08-04 13:31:30.823 27683 27696 I art     : Explicit concurrent mark sweep GC freed 3(96B) AllocSpace objects, 0(0B) LOS objects, 30% free, 36MB/52MB, paused 606us total 21.146ms
08-04 13:31:30.830 27683 27696 I art     : Starting a blocking GC Explicit
08-04 13:31:30.852 27683 27696 I art     : Explicit concurrent mark sweep GC freed 3(96B) AllocSpace objects, 0(0B) LOS objects, 30% free, 36MB/52MB, paused 600us total 21.608ms
08-04 13:31:30.859 27683 27696 I art     : Starting a blocking GC Explicit
08-04 13:31:30.880 27683 27696 I art     : Explicit concurrent mark sweep GC freed 3(96B) AllocSpace objects, 0(0B) LOS objects, 30% free, 36MB/52MB, paused 625us total 20.326ms
08-04 13:31:30.990  3916  3916 D AndroidRuntime: >>>>>> START com.android.internal.os.RuntimeInit uid 2000 <<<<<<
08-04 13:31:30.995  3916  3916 D AndroidRuntime: CheckJNI is OFF
08-04 13:31:31.017   918  3188 I hubconnection: sensorhub said: 'set_bias 3: -6.2400, 0.0000, 0.0000'
08-04 13:31:31.021  3916  3916 D ICU     : No timezone override file found: /data/misc/zoneinfo/current/icu/icu_tzdata.dat
08-04 13:31:31.044  3916  3916 I Radio-JNI: register_android_hardware_Radio DONE
08-04 13:31:31.060  3916  3916 D AndroidRuntime: Calling main entry com.android.commands.input.Input
08-04 13:31:31.061  3916  3916 I Input   : injectKeyEvent: KeyEvent { action=ACTION_DOWN, keyCode=KEYCODE_BACK, scanCode=0, metaState=0, flags=0x0, repeatCount=0, eventTime=711107475, downTime=711107475, deviceId=-1, source=0x101 }
08-04 13:31:31.078  3916  3916 I Input   : injectKeyEvent: KeyEvent { action=ACTION_UP, keyCode=KEYCODE_BACK, scanCode=0, metaState=0, flags=0x0, repeatCount=0, eventTime=711107475, downTime=711107475, deviceId=-1, source=0x101 }
08-04 13:31:31.084  3916  3916 D AndroidRuntime: Shutting down VM
08-04 13:31:31.161 27683  3242 I art     : Starting a blocking GC Explicit
08-04 13:31:31.178 13866 13866 I GoogleInputMethodServic: GoogleInputMethodService.onFinishInput():3138 
08-04 13:31:31.178 13866 13866 I GoogleInputMethodServic: GoogleInputMethodService.onStartInput():1808 
08-04 13:31:31.183 27683  3242 I art     : Explicit concurrent mark sweep GC freed 3578(271KB) AllocSpace objects, 8(160KB) LOS objects, 30% free, 36MB/52MB, paused 943us total 22.357ms
08-04 13:31:31.192 27683  3242 I art     : Starting a blocking GC Explicit
08-04 13:31:31.214 27683  3242 I art     : Explicit concurrent mark sweep GC freed 597(60KB) AllocSpace objects, 1(20KB) LOS objects, 30% free, 36MB/52MB, paused 773us total 21.473ms
08-04 13:31:31.222 27683  3242 I art     : Starting a blocking GC Explicit
08-04 13:31:31.243 27683  3242 I art     : Explicit concurrent mark sweep GC freed 581(39KB) AllocSpace objects, 1(20KB) LOS objects, 30% free, 36MB/52MB, paused 866us total 21.465ms
08-04 13:31:31.247 30348 30348 I ServiceManager: Waiting for service AtCmdFwd...
08-04 13:31:31.252 27683  3242 I art     : Starting a blocking GC Explicit
08-04 13:31:31.272 27683  3242 I art     : Explicit concurrent mark sweep GC freed 18(896B) AllocSpace objects, 1(28KB) LOS objects, 30% free, 36MB/52MB, paused 609us total 19.507ms
08-04 13:31:31.278 27683  3242 I art     : Starting a blocking GC Explicit
08-04 13:31:31.299 27683  3242 I art     : Explicit concurrent mark sweep GC freed 71(5KB) AllocSpace objects, 0(0B) LOS objects, 30% free, 36MB/52MB, paused 791us total 20.344ms
08-04 13:31:31.563 27683  3242 I art     : Starting a blocking GC Explicit
08-04 13:31:31.585 27683  3242 I art     : Explicit concurrent mark sweep GC freed 2731(144KB) AllocSpace objects, 1(20KB) LOS objects, 30% free, 36MB/52MB, paused 643us total 22.050ms
08-04 13:31:31.593 27683  3242 I art     : Starting a blocking GC Explicit
08-04 13:31:31.615 27683  3242 I art     : Explicit concurrent mark sweep GC freed 149(7KB) AllocSpace objects, 0(0B) LOS objects, 30% free, 36MB/52MB, paused 636us total 21.810ms
08-04 13:31:31.621 27683  3242 I art     : Starting a blocking GC Explicit
08-04 13:31:31.642 27683  3242 I art     : Explicit concurrent mark sweep GC freed 9(352B) AllocSpace objects, 0(0B) LOS objects, 30% free, 36MB/52MB, paused 681us total 20.606ms
08-04 13:31:31.649 27683  3242 I art     : Starting a blocking GC Explicit
08-04 13:31:31.671 27683  3242 I art     : Explicit concurrent mark sweep GC freed 7(224B) AllocSpace objects, 0(0B) LOS objects, 30% free, 36MB/52MB, paused 614us total 21.158ms
08-04 13:31:31.679 27683  3242 I art     : Starting a blocking GC Explicit
08-04 13:31:31.702 27683  3242 I art     : Explicit concurrent mark sweep GC freed 694(56KB) AllocSpace objects, 2(120KB) LOS objects, 30% free, 36MB/52MB, paused 789us total 23.045ms
08-04 13:31:31.754 27683  3960 I NAPPA_EXPERIMENTATION: MetricNetworkRequestExecutionTime: REQUEST_DURATION_SYSTEM='564',REQUEST_DURATION_OKHTTP='30',REQUEST_SYNCHRONOUS='TRUE',RESPONSE_CODE='200',RESPONSE_METHOD='GET',RESPONSE_LENGTH_OKHTTP='-1',RESPONSE_LENGTH_HEADER='12364',REQUEST_PROTOCOL='http/1.1',REQUEST_URL='https://www.newsblur.com/social/river_stories?order=newest&page=2&read_filter=all&global_feed=true',
08-04 13:31:31.754 27683  3960 D MY_TAG  : 0, 564
08-04 13:31:32.002 27683  3242 I art     : Starting a blocking GC Explicit
08-04 13:31:32.033 27683  3242 I art     : Explicit concurrent mark sweep GC freed 37144(2MB) AllocSpace objects, 34(940KB) LOS objects, 30% free, 36MB/52MB, paused 825us total 29.800ms
08-04 13:31:32.041 27683  3242 I art     : Starting a blocking GC Explicit
08-04 13:31:32.065 27683  3242 I art     : Explicit concurrent mark sweep GC freed 1227(149KB) AllocSpace objects, 0(0B) LOS objects, 30% free, 36MB/52MB, paused 620us total 24.035ms
08-04 13:31:32.072 27683  3242 I art     : Starting a blocking GC Explicit
08-04 13:31:32.093 27683  3242 I art     : Explicit concurrent mark sweep GC freed 1761(130KB) AllocSpace objects, 0(0B) LOS objects, 30% free, 36MB/52MB, paused 589us total 20.322ms
08-04 13:31:32.100 27683  3242 I art     : Starting a blocking GC Explicit
08-04 13:31:32.121 27683  3242 I art     : Explicit concurrent mark sweep GC freed 7(224B) AllocSpace objects, 0(0B) LOS objects, 30% free, 36MB/52MB, paused 566us total 20.244ms
08-04 13:31:32.128 27683  3242 I art     : Starting a blocking GC Explicit
08-04 13:31:32.149 27683  3242 I art     : Explicit concurrent mark sweep GC freed 6(192B) AllocSpace objects, 0(0B) LOS objects, 30% free, 36MB/52MB, paused 590us total 20.533ms
08-04 13:31:32.247 30348 30348 I ServiceManager: Waiting for service AtCmdFwd...
08-04 13:31:32.424 27683  3242 I art     : Starting a blocking GC Explicit
08-04 13:31:32.449 27683  3242 I art     : Explicit concurrent mark sweep GC freed 1437(82KB) AllocSpace objects, 1(20KB) LOS objects, 30% free, 36MB/52MB, paused 628us total 24.559ms
08-04 13:31:32.457 27683  3242 I art     : Starting a blocking GC Explicit
08-04 13:31:32.479 27683  3242 I art     : Explicit concurrent mark sweep GC freed 24(832B) AllocSpace objects, 0(0B) LOS objects, 30% free, 36MB/52MB, paused 651us total 21.781ms
08-04 13:31:32.486 27683  3242 I art     : Starting a blocking GC Explicit
08-04 13:31:32.506 27683  3242 I art     : Explicit concurrent mark sweep GC freed 6(192B) AllocSpace objects, 0(0B) LOS objects, 30% free, 36MB/52MB, paused 605us total 19.888ms
08-04 13:31:32.513 27683  3242 I art     : Starting a blocking GC Explicit
08-04 13:31:32.533 27683  3242 I art     : Explicit concurrent mark sweep GC freed 7(224B) AllocSpace objects, 0(0B) LOS objects, 30% free, 36MB/52MB, paused 711us total 20.371ms
08-04 13:31:32.540 27683  3242 I art     : Starting a blocking GC Explicit
08-04 13:31:32.561 27683  3242 I art     : Explicit concurrent mark sweep GC freed 6(192B) AllocSpace objects, 0(0B) LOS objects, 30% free, 36MB/52MB, paused 646us total 20.064ms
08-04 13:31:32.629  3991  3991 D AndroidRuntime: >>>>>> START com.android.internal.os.RuntimeInit uid 2000 <<<<<<
08-04 13:31:32.633  3991  3991 D AndroidRuntime: CheckJNI is OFF
08-04 13:31:32.657  3991  3991 D ICU     : No timezone override file found: /data/misc/zoneinfo/current/icu/icu_tzdata.dat
08-04 13:31:32.682  3991  3991 I Radio-JNI: register_android_hardware_Radio DONE
08-04 13:31:32.698  3991  3991 D AndroidRuntime: Calling main entry com.android.commands.input.Input
08-04 13:31:32.700  3991  3991 I Input   : injectMotionEvent: MotionEvent { action=ACTION_DOWN, actionButton=0, id[0]=0, x[0]=435.0, y[0]=858.0, toolType[0]=TOOL_TYPE_UNKNOWN, buttonState=0, metaState=0, flags=0x0, edgeFlags=0x0, pointerCount=1, historySize=0, eventTime=711109113, downTime=711109113, deviceId=0, source=0x1002 }
08-04 13:31:32.705  3991  3991 I Input   : injectMotionEvent: MotionEvent { action=ACTION_UP, actionButton=0, id[0]=0, x[0]=435.0, y[0]=858.0, toolType[0]=TOOL_TYPE_UNKNOWN, buttonState=0, metaState=0, flags=0x0, edgeFlags=0x0, pointerCount=1, historySize=0, eventTime=711109113, downTime=711109113, deviceId=0, source=0x1002 }
08-04 13:31:32.708  3991  3991 D AndroidRuntime: Shutting down VM
08-04 13:31:32.718   512  2967 D audio_hw_primary: out_set_parameters: enter: usecase(1: low-latency-playback) kvpairs: routing=2
08-04 13:31:32.719   918  3961 I ActivityManager: START u0 {cmp=baseline.com.newsblur/.activity.GlobalSharedStoriesReading (has extras)} from uid 10652 on display 0
08-04 13:31:32.732   512  2967 D audio_hw_primary: select_devices: out_snd_device(2: speaker) in_snd_device(0: none)
08-04 13:31:32.732   512  2967 D msm8974_platform: platform_send_audio_calibration: sending audio calibration for snd_device(2) acdb_id(15)
08-04 13:31:32.732   512  2967 I soundtrigger: audio_extn_sound_trigger_update_device_status: device 0x2 of type 0 for Event 1
08-04 13:31:32.744   518   646 I ThermalEngine: ACTION: GPU - Setting GPU[0] to 510000000
08-04 13:31:32.746   512  2967 D audio_hw_primary: enable_snd_device: snd_device(2: speaker)
08-04 13:31:32.748   512  2967 D audio_hw_primary: enable_audio_route: apply and update mixer path: low-latency-playback speaker
08-04 13:31:32.840 27683  3242 I art     : Starting a blocking GC Explicit
08-04 13:31:32.872 27683  3242 I art     : Explicit concurrent mark sweep GC freed 2894(234KB) AllocSpace objects, 6(548KB) LOS objects, 30% free, 36MB/52MB, paused 825us total 31.452ms
08-04 13:31:32.881 27683  3242 I art     : Starting a blocking GC Explicit
08-04 13:31:32.910 27683  3242 I art     : Explicit concurrent mark sweep GC freed 630(45KB) AllocSpace objects, 1(20KB) LOS objects, 30% free, 36MB/52MB, paused 1.292ms total 28.727ms
08-04 13:31:32.916   918   936 I ActivityManager: Displayed baseline.com.newsblur/.activity.GlobalSharedStoriesReading: +188ms
08-04 13:31:32.917 13866 13866 I GoogleInputMethodServic: GoogleInputMethodService.onFinishInput():3138 
08-04 13:31:32.918 13866 13866 I GoogleInputMethodServic: GoogleInputMethodService.onStartInput():1808 
08-04 13:31:32.919 27683  3242 I art     : Starting a blocking GC Explicit
08-04 13:31:32.948 27683  3242 I art     : Explicit concurrent mark sweep GC freed 653(40KB) AllocSpace objects, 0(0B) LOS objects, 30% free, 36MB/52MB, paused 1.106ms total 29.087ms
08-04 13:31:32.957 27683  3242 I art     : Starting a blocking GC Explicit
08-04 13:31:32.987 27683  3242 I art     : Explicit concurrent mark sweep GC freed 1249(88KB) AllocSpace objects, 3(68KB) LOS objects, 30% free, 37MB/53MB, paused 1.177ms total 29.306ms
08-04 13:31:32.997 27683  3242 I art     : Starting a blocking GC Explicit
08-04 13:31:33.026 27683  3242 I art     : Explicit concurrent mark sweep GC freed 1147(67KB) AllocSpace objects, 1(20KB) LOS objects, 29% free, 37MB/53MB, paused 1.099ms total 29.394ms
08-04 13:31:33.105 27683  3006 E SQLiteLog: (9) statement aborts at 27: [SELECT authors,short_content,timestamp,sharedDate,stories.feed_id,stories._id,intelligence_authors,intelligence_feed,intelligence_tags,intelligence_total,intelligence_title,permalink,r
08-04 13:31:33.185 27683  3627 E chromium: [ERROR:tile_manager.cc(793)] WARNING: tile memory limits exceeded, some content may not draw
08-04 13:31:33.186 27683  3627 E chromium: [ERROR:tile_manager.cc(793)] WARNING: tile memory limits exceeded, some content may not draw
08-04 13:31:33.247 30348 30348 I ServiceManager: Waiting for service AtCmdFwd...
08-04 13:31:33.278   512  2967 D audio_hw_primary: disable_audio_route: reset and update mixer path: low-latency-playback speaker
08-04 13:31:33.279   512  2967 D audio_hw_primary: disable_snd_device: snd_device(2: speaker)
08-04 13:31:33.290   512  2967 I soundtrigger: audio_extn_sound_trigger_update_device_status: device 0x2 of type 0 for Event 0
08-04 13:31:33.298 27683  3242 I art     : Starting a blocking GC Explicit
08-04 13:31:33.338 27683  3242 I art     : Explicit concurrent mark sweep GC freed 6941(566KB) AllocSpace objects, 19(424KB) LOS objects, 29% free, 37MB/53MB, paused 921us total 39.387ms
08-04 13:31:33.351 27683  3242 I art     : Starting a blocking GC Explicit
08-04 13:31:33.380 27683  3242 I art     : Explicit concurrent mark sweep GC freed 1169(55KB) AllocSpace objects, 0(0B) LOS objects, 29% free, 37MB/53MB, paused 933us total 29.610ms
08-04 13:31:33.389 27683  3242 I art     : Starting a blocking GC Explicit
08-04 13:31:33.421 27683  3242 I art     : Explicit concurrent mark sweep GC freed 3(96B) AllocSpace objects, 0(0B) LOS objects, 29% free, 37MB/53MB, paused 887us total 31.045ms
08-04 13:31:33.431 27683  3242 I art     : Starting a blocking GC Explicit
08-04 13:31:33.463 27683  3242 I art     : Explicit concurrent mark sweep GC freed 3(96B) AllocSpace objects, 0(0B) LOS objects, 29% free, 37MB/53MB, paused 1.102ms total 32.216ms
08-04 13:31:33.473 27683  3242 I art     : Starting a blocking GC Explicit
08-04 13:31:33.504 27683  3242 I art     : Explicit concurrent mark sweep GC freed 3(96B) AllocSpace objects, 0(0B) LOS objects, 29% free, 37MB/53MB, paused 887us total 30.956ms
08-04 13:31:33.719 27683  4024 E baseline.com.newsblur.network.APIResponse: Error (unexpected end of stream on https://www.newsblur.com/...) calling https://www.newsblur.com/reader/mark_story_hashes_as_read/
08-04 13:31:33.719 27683  4024 E baseline.com.newsblur.network.APIResponse: java.io.IOException: unexpected end of stream on https://www.newsblur.com/...
08-04 13:31:33.719 27683  4024 E baseline.com.newsblur.network.APIResponse: 	at okhttp3.internal.http1.Http1ExchangeCodec.readResponseHeaders(Http1ExchangeCodec.java:236)
08-04 13:31:33.719 27683  4024 E baseline.com.newsblur.network.APIResponse: 	at okhttp3.internal.connection.Exchange.readResponseHeaders(Exchange.java:115)
08-04 13:31:33.719 27683  4024 E baseline.com.newsblur.network.APIResponse: 	at okhttp3.internal.http.CallServerInterceptor.intercept(CallServerInterceptor.java:94)
08-04 13:31:33.719 27683  4024 E baseline.com.newsblur.network.APIResponse: 	at okhttp3.internal.http.RealInterceptorChain.proceed(RealInterceptorChain.java:142)
08-04 13:31:33.719 27683  4024 E baseline.com.newsblur.network.APIResponse: 	at okhttp3.internal.connection.ConnectInterceptor.intercept(ConnectInterceptor.java:43)
08-04 13:31:33.719 27683  4024 E baseline.com.newsblur.network.APIResponse: 	at okhttp3.internal.http.RealInterceptorChain.proceed(RealInterceptorChain.java:142)
08-04 13:31:33.719 27683  4024 E baseline.com.newsblur.network.APIResponse: 	at okhttp3.internal.http.RealInterceptorChain.proceed(RealInterceptorChain.java:117)
08-04 13:31:33.719 27683  4024 E baseline.com.newsblur.network.APIResponse: 	at okhttp3.internal.cache.CacheInterceptor.intercept(CacheInterceptor.java:94)
08-04 13:31:33.719 27683  4024 E baseline.com.newsblur.network.APIResponse: 	at okhttp3.internal.http.RealInterceptorChain.proceed(RealInterceptorChain.java:142)
08-04 13:31:33.719 27683  4024 E baseline.com.newsblur.network.APIResponse: 	at okhttp3.internal.http.RealInterceptorChain.proceed(RealInterceptorChain.java:117)
08-04 13:31:33.719 27683  4024 E baseline.com.newsblur.network.APIResponse: 	at okhttp3.internal.http.BridgeInterceptor.intercept(BridgeInterceptor.java:93)
08-04 13:31:33.719 27683  4024 E baseline.com.newsblur.network.APIResponse: 	at okhttp3.internal.http.RealInterceptorChain.proceed(RealInterceptorChain.java:142)
08-04 13:31:33.719 27683  4024 E baseline.com.newsblur.network.APIResponse: 	at okhttp3.internal.http.RetryAndFollowUpInterceptor.intercept(RetryAndFollowUpInterceptor.java:88)
08-04 13:31:33.719 27683  4024 E baseline.com.newsblur.network.APIResponse: 	at okhttp3.internal.http.RealInterceptorChain.proceed(RealInterceptorChain.java:142)
08-04 13:31:33.719 27683  4024 E baseline.com.newsblur.network.APIResponse: 	at okhttp3.internal.http.RealInterceptorChain.proceed(RealInterceptorChain.java:117)
08-04 13:31:33.719 27683  4024 E baseline.com.newsblur.network.APIResponse: 	at okhttp3.RealCall.getResponseWithInterceptorChain(RealCall.java:229)
08-04 13:31:33.719 27683  4024 E baseline.com.newsblur.network.APIResponse: 	at okhttp3.RealCall.execute(RealCall.java:81)
08-04 13:31:33.719 27683  4024 E baseline.com.newsblur.network.APIResponse: 	at baseline.com.newsblur.network.APIResponse.<init>(APIResponse.java:57)
08-04 13:31:33.719 27683  4024 E baseline.com.newsblur.network.APIResponse: 	at baseline.com.newsblur.network.APIResponse.<init>(APIResponse.java:43)
08-04 13:31:33.719 27683  4024 E baseline.com.newsblur.network.APIResponse: 	at baseline.com.newsblur.network.APIManager.post_single(APIManager.java:702)
08-04 13:31:33.719 27683  4024 E baseline.com.newsblur.network.APIResponse: 	at baseline.com.newsblur.network.APIManager.post(APIManager.java:675)
08-04 13:31:33.719 27683  4024 E baseline.com.newsblur.network.APIResponse: 	at baseline.com.newsblur.network.APIManager.post(APIManager.java:714)
08-04 13:31:33.719 27683  4024 E baseline.com.newsblur.network.APIResponse: 	at baseline.com.newsblur.network.APIManager.markStoryAsRead(APIManager.java:205)
08-04 13:31:33.719 27683  4024 E baseline.com.newsblur.network.APIResponse: 	at baseline.com.newsblur.util.ReadingAction.doRemote(ReadingAction.java:281)
08-04 13:31:33.719 27683  4024 E baseline.com.newsblur.network.APIResponse: 	at baseline.com.newsblur.service.NBSyncService.syncActions(NBSyncService.java:400)
08-04 13:31:33.719 27683  4024 E baseline.com.newsblur.network.APIResponse: 	at baseline.com.newsblur.service.NBSyncService.doSync(NBSyncService.java:298)
08-04 13:31:33.719 27683  4024 E baseline.com.newsblur.network.APIResponse: 	at baseline.com.newsblur.service.NBSyncService.access$100(NBSyncService.java:67)
08-04 13:31:33.719 27683  4024 E baseline.com.newsblur.network.APIResponse: 	at baseline.com.newsblur.service.NBSyncService$1.run(NBSyncService.java:188)
08-04 13:31:33.719 27683  4024 E baseline.com.newsblur.network.APIResponse: 	at java.util.concurrent.ThreadPoolExecutor.runWorker(ThreadPoolExecutor.java:1113)
08-04 13:31:33.719 27683  4024 E baseline.com.newsblur.network.APIResponse: 	at java.util.concurrent.ThreadPoolExecutor$Worker.run(ThreadPoolExecutor.java:588)
08-04 13:31:33.719 27683  4024 E baseline.com.newsblur.network.APIResponse: 	at java.lang.Thread.run(Thread.java:818)
08-04 13:31:33.719 27683  4024 E baseline.com.newsblur.network.APIResponse: Caused by: java.io.EOFException: \n not found: limit=0 content=
08-04 13:31:33.719 27683  4024 E baseline.com.newsblur.network.APIResponse: 	at okio.RealBufferedSource.readUtf8LineStrict(RealBufferedSource.java:240)
08-04 13:31:33.719 27683  4024 E baseline.com.newsblur.network.APIResponse: 	at okhttp3.internal.http1.Http1ExchangeCodec.readHeaderLine(Http1ExchangeCodec.java:242)
08-04 13:31:33.719 27683  4024 E baseline.com.newsblur.network.APIResponse: 	at okhttp3.internal.http1.Http1ExchangeCodec.readResponseHeaders(Http1ExchangeCodec.java:213)
08-04 13:31:33.719 27683  4024 E baseline.com.newsblur.network.APIResponse: 	... 30 more
08-04 13:31:33.721 27683  4024 I baseline.com.newsblur.network.APIManager: API call failed, pausing before retry number 1
08-04 13:31:33.837 27683 27696 I art     : Starting a blocking GC Explicit
08-04 13:31:33.874 27683 27696 I art     : Explicit concurrent mark sweep GC freed 4648(415KB) AllocSpace objects, 6(260KB) LOS objects, 29% free, 37MB/53MB, paused 901us total 37.164ms
08-04 13:31:33.886 27683 27696 I art     : Starting a blocking GC Explicit
08-04 13:31:33.919 27683 27696 I art     : Explicit concurrent mark sweep GC freed 993(118KB) AllocSpace objects, 0(0B) LOS objects, 29% free, 37MB/53MB, paused 898us total 32.883ms
08-04 13:31:33.928 27683 27696 I art     : Starting a blocking GC Explicit
08-04 13:31:33.958 27683 27696 I art     : Explicit concurrent mark sweep GC freed 9(240B) AllocSpace objects, 0(0B) LOS objects, 29% free, 37MB/53MB, paused 902us total 29.615ms
08-04 13:31:33.968 27683 27696 I art     : Starting a blocking GC Explicit
08-04 13:31:34.000 27683 27696 I art     : Explicit concurrent mark sweep GC freed 38(2000B) AllocSpace objects, 0(0B) LOS objects, 29% free, 37MB/53MB, paused 841us total 31.979ms
08-04 13:31:34.010 27683 27696 I art     : Starting a blocking GC Explicit
08-04 13:31:34.042 27683 27696 I art     : Explicit concurrent mark sweep GC freed 9(320B) AllocSpace objects, 0(0B) LOS objects, 29% free, 37MB/53MB, paused 862us total 31.504ms
08-04 13:31:34.222 27683  3627 E chromium: [ERROR:tile_manager.cc(793)] WARNING: tile memory limits exceeded, some content may not draw
08-04 13:31:34.223 27683  3627 E chromium: [ERROR:tile_manager.cc(793)] WARNING: tile memory limits exceeded, some content may not draw
08-04 13:31:34.248 30348 30348 W Atfwd_Sendcmd: AtCmdFwd service not published, waiting... retryCnt : 4
08-04 13:31:34.253 27683  3627 E chromium: [ERROR:tile_manager.cc(793)] WARNING: tile memory limits exceeded, some content may not draw
08-04 13:31:34.253 27683  3627 E chromium: [ERROR:tile_manager.cc(793)] WARNING: tile memory limits exceeded, some content may not draw
08-04 13:31:34.269 27683  3627 E chromium: [ERROR:tile_manager.cc(793)] WARNING: tile memory limits exceeded, some content may not draw
08-04 13:31:34.269 27683  3627 E chromium: [ERROR:tile_manager.cc(793)] WARNING: tile memory limits exceeded, some content may not draw
08-04 13:31:34.376 27683  3240 I art     : Starting a blocking GC Explicit
08-04 13:31:34.411 27683  3240 I art     : Explicit concurrent mark sweep GC freed 1537(86KB) AllocSpace objects, 1(20KB) LOS objects, 29% free, 37MB/53MB, paused 912us total 34.988ms
08-04 13:31:34.422 27683  3240 I art     : Starting a blocking GC Explicit
08-04 13:31:34.456 27683  3240 I art     : Explicit concurrent mark sweep GC freed 42(1440B) AllocSpace objects, 0(0B) LOS objects, 29% free, 37MB/53MB, paused 1.019ms total 33.324ms
08-04 13:31:34.468 27683  3240 I art     : Starting a blocking GC Explicit
08-04 13:31:34.500 27683  3240 I art     : Explicit concurrent mark sweep GC freed 4(128B) AllocSpace objects, 0(0B) LOS objects, 29% free, 37MB/53MB, paused 935us total 32.375ms
08-04 13:31:34.511 27683  3240 I art     : Starting a blocking GC Explicit
08-04 13:31:34.540 27683  3240 I art     : Explicit concurrent mark sweep GC freed 3(96B) AllocSpace objects, 0(0B) LOS objects, 29% free, 37MB/53MB, paused 924us total 28.609ms
08-04 13:31:34.549 27683  3240 I art     : Starting a blocking GC Explicit
08-04 13:31:34.581 27683  3240 I art     : Explicit concurrent mark sweep GC freed 3(96B) AllocSpace objects, 0(0B) LOS objects, 29% free, 37MB/53MB, paused 1.069ms total 31.424ms
08-04 13:31:34.947 27683 27697 I art     : Starting a blocking GC Explicit
08-04 13:31:34.982 27683 27697 I art     : Explicit concurrent mark sweep GC freed 1440(83KB) AllocSpace objects, 1(20KB) LOS objects, 29% free, 37MB/53MB, paused 995us total 34.857ms
08-04 13:31:34.994 27683 27697 I art     : Starting a blocking GC Explicit
08-04 13:31:35.031 27683 27697 I art     : Explicit concurrent mark sweep GC freed 22(784B) AllocSpace objects, 0(0B) LOS objects, 29% free, 37MB/53MB, paused 1.047ms total 36.498ms
08-04 13:31:35.042 27683 27697 I art     : Starting a blocking GC Explicit
08-04 13:31:35.071 27683 27697 I art     : Explicit concurrent mark sweep GC freed 3(96B) AllocSpace objects, 0(0B) LOS objects, 29% free, 37MB/53MB, paused 934us total 28.691ms
08-04 13:31:35.080 27683 27697 I art     : Starting a blocking GC Explicit
08-04 13:31:35.108 27683 27697 I art     : Explicit concurrent mark sweep GC freed 3(96B) AllocSpace objects, 0(0B) LOS objects, 29% free, 37MB/53MB, paused 875us total 27.785ms
08-04 13:31:35.117 27683 27697 I art     : Starting a blocking GC Explicit
08-04 13:31:35.146 27683 27697 I art     : Explicit concurrent mark sweep GC freed 3(96B) AllocSpace objects, 0(0B) LOS objects, 29% free, 37MB/53MB, paused 879us total 28.568ms
08-04 13:31:35.490 27683 27696 I art     : Starting a blocking GC Explicit
08-04 13:31:35.526 27683 27696 I art     : Explicit concurrent mark sweep GC freed 1606(91KB) AllocSpace objects, 1(20KB) LOS objects, 29% free, 37MB/53MB, paused 899us total 35.841ms
08-04 13:31:35.537 27683 27696 I art     : Starting a blocking GC Explicit
08-04 13:31:35.570 27683 27696 I art     : Explicit concurrent mark sweep GC freed 28(1040B) AllocSpace objects, 0(0B) LOS objects, 29% free, 37MB/53MB, paused 919us total 32.905ms
08-04 13:31:35.580 27683 27696 I art     : Starting a blocking GC Explicit
08-04 13:31:35.611 27683 27696 I art     : Explicit concurrent mark sweep GC freed 3(96B) AllocSpace objects, 0(0B) LOS objects, 29% free, 37MB/53MB, paused 936us total 31.509ms
08-04 13:31:35.622 27683 27696 I art     : Starting a blocking GC Explicit
08-04 13:31:35.655 27683 27696 I art     : Explicit concurrent mark sweep GC freed 3(96B) AllocSpace objects, 0(0B) LOS objects, 29% free, 37MB/53MB, paused 960us total 32.824ms
08-04 13:31:35.666 27683 27696 I art     : Starting a blocking GC Explicit
08-04 13:31:35.698 27683 27696 I art     : Explicit concurrent mark sweep GC freed 1597(62KB) AllocSpace objects, 0(0B) LOS objects, 29% free, 37MB/53MB, paused 1.173ms total 31.575ms
08-04 13:31:35.735 27683  4024 E baseline.com.newsblur.network.APIResponse: Error (unexpected end of stream on https://www.newsblur.com/...) calling https://www.newsblur.com/reader/mark_story_hashes_as_read/
08-04 13:31:35.735 27683  4024 E baseline.com.newsblur.network.APIResponse: java.io.IOException: unexpected end of stream on https://www.newsblur.com/...
08-04 13:31:35.735 27683  4024 E baseline.com.newsblur.network.APIResponse: 	at okhttp3.internal.http1.Http1ExchangeCodec.readResponseHeaders(Http1ExchangeCodec.java:236)
08-04 13:31:35.735 27683  4024 E baseline.com.newsblur.network.APIResponse: 	at okhttp3.internal.connection.Exchange.readResponseHeaders(Exchange.java:115)
08-04 13:31:35.735 27683  4024 E baseline.com.newsblur.network.APIResponse: 	at okhttp3.internal.http.CallServerInterceptor.intercept(CallServerInterceptor.java:94)
08-04 13:31:35.735 27683  4024 E baseline.com.newsblur.network.APIResponse: 	at okhttp3.internal.http.RealInterceptorChain.proceed(RealInterceptorChain.java:142)
08-04 13:31:35.735 27683  4024 E baseline.com.newsblur.network.APIResponse: 	at okhttp3.internal.connection.ConnectInterceptor.intercept(ConnectInterceptor.java:43)
08-04 13:31:35.735 27683  4024 E baseline.com.newsblur.network.APIResponse: 	at okhttp3.internal.http.RealInterceptorChain.proceed(RealInterceptorChain.java:142)
08-04 13:31:35.735 27683  4024 E baseline.com.newsblur.network.APIResponse: 	at okhttp3.internal.http.RealInterceptorChain.proceed(RealInterceptorChain.java:117)
08-04 13:31:35.735 27683  4024 E baseline.com.newsblur.network.APIResponse: 	at okhttp3.internal.cache.CacheInterceptor.intercept(CacheInterceptor.java:94)
08-04 13:31:35.735 27683  4024 E baseline.com.newsblur.network.APIResponse: 	at okhttp3.internal.http.RealInterceptorChain.proceed(RealInterceptorChain.java:142)
08-04 13:31:35.735 27683  4024 E baseline.com.newsblur.network.APIResponse: 	at okhttp3.internal.http.RealInterceptorChain.proceed(RealInterceptorChain.java:117)
08-04 13:31:35.735 27683  4024 E baseline.com.newsblur.network.APIResponse: 	at okhttp3.internal.http.BridgeInterceptor.intercept(BridgeInterceptor.java:93)
08-04 13:31:35.735 27683  4024 E baseline.com.newsblur.network.APIResponse: 	at okhttp3.internal.http.RealInterceptorChain.proceed(RealInterceptorChain.java:142)
08-04 13:31:35.735 27683  4024 E baseline.com.newsblur.network.APIResponse: 	at okhttp3.internal.http.RetryAndFollowUpInterceptor.intercept(RetryAndFollowUpInterceptor.java:88)
08-04 13:31:35.735 27683  4024 E baseline.com.newsblur.network.APIResponse: 	at okhttp3.internal.http.RealInterceptorChain.proceed(RealInterceptorChain.java:142)
08-04 13:31:35.735 27683  4024 E baseline.com.newsblur.network.APIResponse: 	at okhttp3.internal.http.RealInterceptorChain.proceed(RealInterceptorChain.java:117)
08-04 13:31:35.735 27683  4024 E baseline.com.newsblur.network.APIResponse: 	at okhttp3.RealCall.getResponseWithInterceptorChain(RealCall.java:229)
08-04 13:31:35.735 27683  4024 E baseline.com.newsblur.network.APIResponse: 	at okhttp3.RealCall.execute(RealCall.java:81)
08-04 13:31:35.735 27683  4024 E baseline.com.newsblur.network.APIResponse: 	at baseline.com.newsblur.network.APIResponse.<init>(APIResponse.java:57)
08-04 13:31:35.735 27683  4024 E baseline.com.newsblur.network.APIResponse: 	at baseline.com.newsblur.network.APIResponse.<init>(APIResponse.java:43)
08-04 13:31:35.735 27683  4024 E baseline.com.newsblur.network.APIResponse: 	at baseline.com.newsblur.network.APIManager.post_single(APIManager.java:702)
08-04 13:31:35.735 27683  4024 E baseline.com.newsblur.network.APIResponse: 	at baseline.com.newsblur.network.APIManager.post(APIManager.java:675)
08-04 13:31:35.735 27683  4024 E baseline.com.newsblur.network.APIResponse: 	at baseline.com.newsblur.network.APIManager.post(APIManager.java:714)
08-04 13:31:35.735 27683  4024 E baseline.com.newsblur.network.APIResponse: 	at baseline.com.newsblur.network.APIManager.markStoryAsRead(APIManager.java:205)
08-04 13:31:35.735 27683  4024 E baseline.com.newsblur.network.APIResponse: 	at baseline.com.newsblur.util.ReadingAction.doRemote(ReadingAction.java:281)
08-04 13:31:35.735 27683  4024 E baseline.com.newsblur.network.APIResponse: 	at baseline.com.newsblur.service.NBSyncService.syncActions(NBSyncService.java:400)
08-04 13:31:35.735 27683  4024 E baseline.com.newsblur.network.APIResponse: 	at baseline.com.newsblur.service.NBSyncService.doSync(NBSyncService.java:298)
08-04 13:31:35.735 27683  4024 E baseline.com.newsblur.network.APIResponse: 	at baseline.com.newsblur.service.NBSyncService.access$100(NBSyncService.java:67)
08-04 13:31:35.735 27683  4024 E baseline.com.newsblur.network.APIResponse: 	at baseline.com.newsblur.service.NBSyncService$1.run(NBSyncService.java:188)
08-04 13:31:35.735 27683  4024 E baseline.com.newsblur.network.APIResponse: 	at java.util.concurrent.ThreadPoolExecutor.runWorker(ThreadPoolExecutor.java:1113)
08-04 13:31:35.735 27683  4024 E baseline.com.newsblur.network.APIResponse: 	at java.util.concurrent.ThreadPoolExecutor$Worker.run(ThreadPoolExecutor.java:588)
08-04 13:31:35.735 27683  4024 E baseline.com.newsblur.network.APIResponse: 	at java.lang.Thread.run(Thread.java:818)
08-04 13:31:35.735 27683  4024 E baseline.com.newsblur.network.APIResponse: Caused by: java.io.EOFException: \n not found: limit=0 content=
08-04 13:31:35.735 27683  4024 E baseline.com.newsblur.network.APIResponse: 	at okio.RealBufferedSource.readUtf8LineStrict(RealBufferedSource.java:240)
08-04 13:31:35.735 27683  4024 E baseline.com.newsblur.network.APIResponse: 	at okhttp3.internal.http1.Http1ExchangeCodec.readHeaderLine(Http1ExchangeCodec.java:242)
08-04 13:31:35.735 27683  4024 E baseline.com.newsblur.network.APIResponse: 	at okhttp3.internal.http1.Http1ExchangeCodec.readResponseHeaders(Http1ExchangeCodec.java:213)
08-04 13:31:35.735 27683  4024 E baseline.com.newsblur.network.APIResponse: 	... 30 more
08-04 13:31:35.736 27683  4024 I baseline.com.newsblur.network.APIManager: API call failed, pausing before retry number 2
08-04 13:31:36.048 27683  3240 I art     : Starting a blocking GC Explicit
08-04 13:31:36.084 27683  3240 I art     : Explicit concurrent mark sweep GC freed 2385(295KB) AllocSpace objects, 3(60KB) LOS objects, 29% free, 37MB/53MB, paused 969us total 35.735ms
08-04 13:31:36.095 27683  3240 I art     : Starting a blocking GC Explicit
08-04 13:31:36.130 27683  3240 I art     : Explicit concurrent mark sweep GC freed 77(2992B) AllocSpace objects, 0(0B) LOS objects, 29% free, 37MB/53MB, paused 842us total 33.848ms
08-04 13:31:36.140 27683  3240 I art     : Starting a blocking GC Explicit
08-04 13:31:36.172 27683  3240 I art     : Explicit concurrent mark sweep GC freed 3(96B) AllocSpace objects, 0(0B) LOS objects, 29% free, 37MB/53MB, paused 864us total 31.356ms
08-04 13:31:36.178 13866 13882 I PeriodicStatsRunner: PeriodicStatsRunner.call():175 call()
08-04 13:31:36.179 13866 13882 I PeriodicStatsRunner: PeriodicStatsRunner.call():179 No submit PeriodicStats since input started.
08-04 13:31:36.181 27683  3240 I art     : Starting a blocking GC Explicit
08-04 13:31:36.210 27683  3240 I art     : Explicit concurrent mark sweep GC freed 3(96B) AllocSpace objects, 0(0B) LOS objects, 29% free, 37MB/53MB, paused 837us total 29.061ms
08-04 13:31:36.220 27683  3240 I art     : Starting a blocking GC Explicit
08-04 13:31:36.252 27683  3240 I art     : Explicit concurrent mark sweep GC freed 3(96B) AllocSpace objects, 0(0B) LOS objects, 29% free, 37MB/53MB, paused 899us total 31.323ms
08-04 13:31:36.596 27683 27696 I art     : Starting a blocking GC Explicit
08-04 13:31:36.632 27683 27696 I art     : Explicit concurrent mark sweep GC freed 1440(83KB) AllocSpace objects, 1(20KB) LOS objects, 29% free, 37MB/53MB, paused 1.049ms total 35.710ms
08-04 13:31:36.643 27683 27696 I art     : Starting a blocking GC Explicit
08-04 13:31:36.676 27683 27696 I art     : Explicit concurrent mark sweep GC freed 22(784B) AllocSpace objects, 0(0B) LOS objects, 29% free, 37MB/53MB, paused 831us total 32.555ms
08-04 13:31:36.686 27683 27696 I art     : Starting a blocking GC Explicit
08-04 13:31:36.718 27683 27696 I art     : Explicit concurrent mark sweep GC freed 3(96B) AllocSpace objects, 0(0B) LOS objects, 29% free, 37MB/53MB, paused 941us total 32ms
08-04 13:31:36.728 27683 27696 I art     : Starting a blocking GC Explicit
08-04 13:31:36.759 27683 27696 I art     : Explicit concurrent mark sweep GC freed 3(96B) AllocSpace objects, 0(0B) LOS objects, 29% free, 37MB/53MB, paused 814us total 30.574ms
08-04 13:31:36.768 27683 27696 I art     : Starting a blocking GC Explicit
08-04 13:31:36.798 27683 27696 I art     : Explicit concurrent mark sweep GC freed 3(96B) AllocSpace objects, 0(0B) LOS objects, 29% free, 37MB/53MB, paused 936us total 29.163ms
08-04 13:31:37.125 27683 27697 I art     : Starting a blocking GC Explicit
08-04 13:31:37.159 27683 27697 I art     : Explicit concurrent mark sweep GC freed 1439(82KB) AllocSpace objects, 1(20KB) LOS objects, 29% free, 37MB/53MB, paused 965us total 33.785ms
08-04 13:31:37.170 27683 27697 I art     : Starting a blocking GC Explicit
08-04 13:31:37.202 27683 27697 I art     : Explicit concurrent mark sweep GC freed 22(784B) AllocSpace objects, 0(0B) LOS objects, 29% free, 37MB/53MB, paused 958us total 31.863ms
08-04 13:31:37.212 27683 27697 I art     : Starting a blocking GC Explicit
08-04 13:31:37.242 27683 27697 I art     : Explicit concurrent mark sweep GC freed 3(96B) AllocSpace objects, 0(0B) LOS objects, 29% free, 37MB/53MB, paused 869us total 29.736ms
08-04 13:31:37.252 27683 27697 I art     : Starting a blocking GC Explicit
08-04 13:31:37.280 27683 27697 I art     : Explicit concurrent mark sweep GC freed 3(96B) AllocSpace objects, 0(0B) LOS objects, 29% free, 37MB/53MB, paused 867us total 28.333ms
08-04 13:31:37.290 27683 27697 I art     : Starting a blocking GC Explicit
08-04 13:31:37.319 27683 27697 I art     : Explicit concurrent mark sweep GC freed 3(96B) AllocSpace objects, 0(0B) LOS objects, 29% free, 37MB/53MB, paused 987us total 29.531ms
08-04 13:31:37.379  4102  4102 D AndroidRuntime: >>>>>> START com.android.internal.os.RuntimeInit uid 2000 <<<<<<
08-04 13:31:37.384  4102  4102 D AndroidRuntime: CheckJNI is OFF
08-04 13:31:37.415  4102  4102 D ICU     : No timezone override file found: /data/misc/zoneinfo/current/icu/icu_tzdata.dat
08-04 13:31:37.449  4102  4102 I Radio-JNI: register_android_hardware_Radio DONE
08-04 13:31:37.472  4102  4102 D AndroidRuntime: Calling main entry com.android.commands.input.Input
08-04 13:31:37.473  4102  4102 I Input   : injectKeyEvent: KeyEvent { action=ACTION_DOWN, keyCode=KEYCODE_BACK, scanCode=0, metaState=0, flags=0x0, repeatCount=0, eventTime=711113886, downTime=711113886, deviceId=-1, source=0x101 }
08-04 13:31:37.480  4102  4102 I Input   : injectKeyEvent: KeyEvent { action=ACTION_UP, keyCode=KEYCODE_BACK, scanCode=0, metaState=0, flags=0x0, repeatCount=0, eventTime=711113886, downTime=711113886, deviceId=-1, source=0x101 }
08-04 13:31:37.488  4102  4102 D AndroidRuntime: Shutting down VM
08-04 13:31:37.607 13866 13866 I GoogleInputMethodServic: GoogleInputMethodService.onFinishInput():3138 
08-04 13:31:37.608 13866 13866 I GoogleInputMethodServic: GoogleInputMethodService.onStartInput():1808 
08-04 13:31:37.618 27683 27696 I art     : Starting a blocking GC Explicit
08-04 13:31:37.653 27683 27696 I art     : Explicit concurrent mark sweep GC freed 2944(230KB) AllocSpace objects, 5(100KB) LOS objects, 29% free, 37MB/53MB, paused 1.984ms total 34.096ms
08-04 13:31:37.663 27683 27696 I art     : Starting a blocking GC Explicit
08-04 13:31:37.694 27683 27696 I art     : Explicit concurrent mark sweep GC freed 690(53KB) AllocSpace objects, 1(20KB) LOS objects, 29% free, 37MB/53MB, paused 1.065ms total 30.509ms
08-04 13:31:37.703 27683 27696 I art     : Starting a blocking GC Explicit
08-04 13:31:37.731 27683 27696 I art     : Explicit concurrent mark sweep GC freed 13(704B) AllocSpace objects, 1(28KB) LOS objects, 29% free, 37MB/53MB, paused 821us total 27.487ms
08-04 13:31:37.740 27683 27696 I art     : Starting a blocking GC Explicit
08-04 13:31:37.753   518   646 I ThermalEngine: ACTION: GPU - Setting GPU[0] to 450000000
08-04 13:31:37.775 27683 27696 I art     : Explicit concurrent mark sweep GC freed 3(96B) AllocSpace objects, 0(0B) LOS objects, 29% free, 37MB/53MB, paused 1.140ms total 35.605ms
08-04 13:31:37.788 27683 27696 I art     : Starting a blocking GC Explicit
08-04 13:31:37.831 27683 27696 I art     : Explicit concurrent mark sweep GC freed 3(96B) AllocSpace objects, 0(0B) LOS objects, 29% free, 37MB/53MB, paused 1.223ms total 42.301ms
08-04 13:31:37.917 13866 13882 I PeriodicStatsRunner: PeriodicStatsRunner.call():175 call()
08-04 13:31:37.917 13866 13882 I PeriodicStatsRunner: PeriodicStatsRunner.call():179 No submit PeriodicStats since input started.
08-04 13:31:38.185 27683 27696 I art     : Starting a blocking GC Explicit
08-04 13:31:38.231 27683 27696 I art     : Explicit concurrent mark sweep GC freed 3146(163KB) AllocSpace objects, 1(20KB) LOS objects, 29% free, 37MB/53MB, paused 1.398ms total 45.550ms
08-04 13:31:38.244 27683 27696 I art     : Starting a blocking GC Explicit
08-04 13:31:38.288 27683 27696 I art     : Explicit concurrent mark sweep GC freed 155(7KB) AllocSpace objects, 0(0B) LOS objects, 29% free, 37MB/53MB, paused 1.316ms total 43.901ms
08-04 13:31:38.302 27683 27696 I art     : Starting a blocking GC Explicit
08-04 13:31:38.346 27683 27696 I art     : Explicit concurrent mark sweep GC freed 11(352B) AllocSpace objects, 0(0B) LOS objects, 29% free, 37MB/53MB, paused 1.383ms total 43.516ms
08-04 13:31:38.359 27683 27696 I art     : Starting a blocking GC Explicit
08-04 13:31:38.402 27683 27696 I art     : Explicit concurrent mark sweep GC freed 9(288B) AllocSpace objects, 0(0B) LOS objects, 29% free, 37MB/53MB, paused 1.287ms total 42.897ms
08-04 13:31:38.417 27683 27696 I art     : Starting a blocking GC Explicit
08-04 13:31:38.461 27683 27696 I art     : Explicit concurrent mark sweep GC freed 11(352B) AllocSpace objects, 0(0B) LOS objects, 29% free, 37MB/53MB, paused 1.382ms total 44.038ms
08-04 13:31:38.832 27683 27697 I art     : Starting a blocking GC Explicit
08-04 13:31:38.876 27683 27697 I art     : Explicit concurrent mark sweep GC freed 1631(90KB) AllocSpace objects, 1(20KB) LOS objects, 29% free, 37MB/53MB, paused 1.395ms total 43.832ms
08-04 13:31:38.890 27683 27697 I art     : Starting a blocking GC Explicit
08-04 13:31:38.930 27683 27697 I art     : Explicit concurrent mark sweep GC freed 56(4KB) AllocSpace objects, 0(0B) LOS objects, 29% free, 37MB/53MB, paused 1.348ms total 38.725ms
08-04 13:31:38.944 27683 27697 I art     : Starting a blocking GC Explicit
08-04 13:31:38.982 27683 27697 I art     : Explicit concurrent mark sweep GC freed 9(288B) AllocSpace objects, 0(0B) LOS objects, 29% free, 37MB/53MB, paused 1.382ms total 37.879ms
08-04 13:31:38.994 27683 27697 I art     : Starting a blocking GC Explicit
08-04 13:31:39.031 27683 27697 I art     : Explicit concurrent mark sweep GC freed 9(288B) AllocSpace objects, 0(0B) LOS objects, 29% free, 37MB/53MB, paused 1.210ms total 36.838ms
08-04 13:31:39.042 27683 27697 I art     : Starting a blocking GC Explicit
08-04 13:31:39.077 27683 27697 I art     : Explicit concurrent mark sweep GC freed 6(192B) AllocSpace objects, 0(0B) LOS objects, 29% free, 37MB/53MB, paused 1.360ms total 35.129ms
08-04 13:31:39.257  4159  4159 D AndroidRuntime: >>>>>> START com.android.internal.os.RuntimeInit uid 2000 <<<<<<
08-04 13:31:39.262  4159  4159 D AndroidRuntime: CheckJNI is OFF
08-04 13:31:39.300  4159  4159 D ICU     : No timezone override file found: /data/misc/zoneinfo/current/icu/icu_tzdata.dat
08-04 13:31:39.313 27683  4024 E baseline.com.newsblur.network.APIResponse: Error (unexpected end of stream on https://www.newsblur.com/...) calling https://www.newsblur.com/reader/mark_story_hashes_as_read/
08-04 13:31:39.313 27683  4024 E baseline.com.newsblur.network.APIResponse: java.io.IOException: unexpected end of stream on https://www.newsblur.com/...
08-04 13:31:39.313 27683  4024 E baseline.com.newsblur.network.APIResponse: 	at okhttp3.internal.http1.Http1ExchangeCodec.readResponseHeaders(Http1ExchangeCodec.java:236)
08-04 13:31:39.313 27683  4024 E baseline.com.newsblur.network.APIResponse: 	at okhttp3.internal.connection.Exchange.readResponseHeaders(Exchange.java:115)
08-04 13:31:39.313 27683  4024 E baseline.com.newsblur.network.APIResponse: 	at okhttp3.internal.http.CallServerInterceptor.intercept(CallServerInterceptor.java:94)
08-04 13:31:39.313 27683  4024 E baseline.com.newsblur.network.APIResponse: 	at okhttp3.internal.http.RealInterceptorChain.proceed(RealInterceptorChain.java:142)
08-04 13:31:39.313 27683  4024 E baseline.com.newsblur.network.APIResponse: 	at okhttp3.internal.connection.ConnectInterceptor.intercept(ConnectInterceptor.java:43)
08-04 13:31:39.313 27683  4024 E baseline.com.newsblur.network.APIResponse: 	at okhttp3.internal.http.RealInterceptorChain.proceed(RealInterceptorChain.java:142)
08-04 13:31:39.313 27683  4024 E baseline.com.newsblur.network.APIResponse: 	at okhttp3.internal.http.RealInterceptorChain.proceed(RealInterceptorChain.java:117)
08-04 13:31:39.313 27683  4024 E baseline.com.newsblur.network.APIResponse: 	at okhttp3.internal.cache.CacheInterceptor.intercept(CacheInterceptor.java:94)
08-04 13:31:39.313 27683  4024 E baseline.com.newsblur.network.APIResponse: 	at okhttp3.internal.http.RealInterceptorChain.proceed(RealInterceptorChain.java:142)
08-04 13:31:39.313 27683  4024 E baseline.com.newsblur.network.APIResponse: 	at okhttp3.internal.http.RealInterceptorChain.proceed(RealInterceptorChain.java:117)
08-04 13:31:39.313 27683  4024 E baseline.com.newsblur.network.APIResponse: 	at okhttp3.internal.http.BridgeInterceptor.intercept(BridgeInterceptor.java:93)
08-04 13:31:39.313 27683  4024 E baseline.com.newsblur.network.APIResponse: 	at okhttp3.internal.http.RealInterceptorChain.proceed(RealInterceptorChain.java:142)
08-04 13:31:39.313 27683  4024 E baseline.com.newsblur.network.APIResponse: 	at okhttp3.internal.http.RetryAndFollowUpInterceptor.intercept(RetryAndFollowUpInterceptor.java:88)
08-04 13:31:39.313 27683  4024 E baseline.com.newsblur.network.APIResponse: 	at okhttp3.internal.http.RealInterceptorChain.proceed(RealInterceptorChain.java:142)
08-04 13:31:39.313 27683  4024 E baseline.com.newsblur.network.APIResponse: 	at okhttp3.internal.http.RealInterceptorChain.proceed(RealInterceptorChain.java:117)
08-04 13:31:39.313 27683  4024 E baseline.com.newsblur.network.APIResponse: 	at okhttp3.RealCall.getResponseWithInterceptorChain(RealCall.java:229)
08-04 13:31:39.313 27683  4024 E baseline.com.newsblur.network.APIResponse: 	at okhttp3.RealCall.execute(RealCall.java:81)
08-04 13:31:39.313 27683  4024 E baseline.com.newsblur.network.APIResponse: 	at baseline.com.newsblur.network.APIResponse.<init>(APIResponse.java:57)
08-04 13:31:39.313 27683  4024 E baseline.com.newsblur.network.APIResponse: 	at baseline.com.newsblur.network.APIResponse.<init>(APIResponse.java:43)
08-04 13:31:39.313 27683  4024 E baseline.com.newsblur.network.APIResponse: 	at baseline.com.newsblur.network.APIManager.post_single(APIManager.java:702)
08-04 13:31:39.313 27683  4024 E baseline.com.newsblur.network.APIResponse: 	at baseline.com.newsblur.network.APIManager.post(APIManager.java:675)
08-04 13:31:39.313 27683  4024 E baseline.com.newsblur.network.APIResponse: 	at baseline.com.newsblur.network.APIManager.post(APIManager.java:714)
08-04 13:31:39.313 27683  4024 E baseline.com.newsblur.network.APIResponse: 	at baseline.com.newsblur.network.APIManager.markStoryAsRead(APIManager.java:205)
08-04 13:31:39.313 27683  4024 E baseline.com.newsblur.network.APIResponse: 	at baseline.com.newsblur.util.ReadingAction.doRemote(ReadingAction.java:281)
08-04 13:31:39.313 27683  4024 E baseline.com.newsblur.network.APIResponse: 	at baseline.com.newsblur.service.NBSyncService.syncActions(NBSyncService.java:400)
08-04 13:31:39.313 27683  4024 E baseline.com.newsblur.network.APIResponse: 	at baseline.com.newsblur.service.NBSyncService.doSync(NBSyncService.java:298)
08-04 13:31:39.313 27683  4024 E baseline.com.newsblur.network.APIResponse: 	at baseline.com.newsblur.service.NBSyncService.access$100(NBSyncService.java:67)
08-04 13:31:39.313 27683  4024 E baseline.com.newsblur.network.APIResponse: 	at baseline.com.newsblur.service.NBSyncService$1.run(NBSyncService.java:188)
08-04 13:31:39.313 27683  4024 E baseline.com.newsblur.network.APIResponse: 	at java.util.concurrent.ThreadPoolExecutor.runWorker(ThreadPoolExecutor.java:1113)
08-04 13:31:39.313 27683  4024 E baseline.com.newsblur.network.APIResponse: 	at java.util.concurrent.ThreadPoolExecutor$Worker.run(ThreadPoolExecutor.java:588)
08-04 13:31:39.313 27683  4024 E baseline.com.newsblur.network.APIResponse: 	at java.lang.Thread.run(Thread.java:818)
08-04 13:31:39.313 27683  4024 E baseline.com.newsblur.network.APIResponse: Caused by: java.io.EOFException: \n not found: limit=0 content=
08-04 13:31:39.313 27683  4024 E baseline.com.newsblur.network.APIResponse: 	at okio.RealBufferedSource.readUtf8LineStrict(RealBufferedSource.java:240)
08-04 13:31:39.313 27683  4024 E baseline.com.newsblur.network.APIResponse: 	at okhttp3.internal.http1.Http1ExchangeCodec.readHeaderLine(Http1ExchangeCodec.java:242)
08-04 13:31:39.313 27683  4024 E baseline.com.newsblur.network.APIResponse: 	at okhttp3.internal.http1.Http1ExchangeCodec.readResponseHeaders(Http1ExchangeCodec.java:213)
08-04 13:31:39.313 27683  4024 E baseline.com.newsblur.network.APIResponse: 	... 30 more
08-04 13:31:39.313 27683  4024 I baseline.com.newsblur.service.NBSyncService: Holding reading action with server-side or network error.
08-04 13:31:39.321 27683  4024 W baseline.com.newsblur.service.NBSyncService: hard API failure
08-04 13:31:39.339  4159  4159 I Radio-JNI: register_android_hardware_Radio DONE
08-04 13:31:39.368  4159  4159 D AndroidRuntime: Calling main entry com.android.commands.input.Input
08-04 13:31:39.369  4159  4159 I Input   : injectKeyEvent: KeyEvent { action=ACTION_DOWN, keyCode=KEYCODE_BACK, scanCode=0, metaState=0, flags=0x0, repeatCount=0, eventTime=711115782, downTime=711115782, deviceId=-1, source=0x101 }
08-04 13:31:39.375  4159  4159 I Input   : injectKeyEvent: KeyEvent { action=ACTION_UP, keyCode=KEYCODE_BACK, scanCode=0, metaState=0, flags=0x0, repeatCount=0, eventTime=711115782, downTime=711115782, deviceId=-1, source=0x101 }
08-04 13:31:39.380  4159  4159 D AndroidRuntime: Shutting down VM
08-04 13:31:39.397 27683 27696 I art     : Starting a blocking GC Explicit
08-04 13:31:39.439 27683 27696 I art     : Explicit concurrent mark sweep GC freed 4689(472KB) AllocSpace objects, 9(180KB) LOS objects, 29% free, 37MB/53MB, paused 1.396ms total 40.782ms
08-04 13:31:39.451 27683 27696 I art     : Starting a blocking GC Explicit
08-04 13:31:39.491 27683 27696 I art     : Explicit concurrent mark sweep GC freed 171(6KB) AllocSpace objects, 0(0B) LOS objects, 29% free, 37MB/53MB, paused 1.371ms total 40.171ms
08-04 13:31:39.504 27683 27696 I art     : Starting a blocking GC Explicit
08-04 13:31:39.544 27683 27696 I art     : Explicit concurrent mark sweep GC freed 2090(146KB) AllocSpace objects, 4(80KB) LOS objects, 29% free, 37MB/53MB, paused 1.292ms total 39.728ms
08-04 13:31:39.556 27683 27696 I art     : Starting a blocking GC Explicit
08-04 13:31:39.581 13866 13866 I GoogleInputMethodServic: GoogleInputMethodService.onFinishInput():3138 
08-04 13:31:39.581 13866 13866 I GoogleInputMethodServic: GoogleInputMethodService.onStartInput():1808 
08-04 13:31:39.597 27683 27696 I art     : Explicit concurrent mark sweep GC freed 5763(364KB) AllocSpace objects, 4(80KB) LOS objects, 29% free, 37MB/53MB, paused 1.414ms total 41.142ms
08-04 13:31:39.610 27683 27696 I art     : Starting a blocking GC Explicit
08-04 13:31:39.651 27683 27696 I art     : Explicit concurrent mark sweep GC freed 168(6KB) AllocSpace objects, 0(0B) LOS objects, 29% free, 37MB/53MB, paused 1.399ms total 40.369ms
08-04 13:31:39.722 27683  4024 E baseline.com.newsblur.network.APIResponse: Error (unexpected end of stream on https://www.newsblur.com/...) calling https://www.newsblur.com/reader/mark_story_hashes_as_read/
08-04 13:31:39.722 27683  4024 E baseline.com.newsblur.network.APIResponse: java.io.IOException: unexpected end of stream on https://www.newsblur.com/...
08-04 13:31:39.722 27683  4024 E baseline.com.newsblur.network.APIResponse: 	at okhttp3.internal.http1.Http1ExchangeCodec.readResponseHeaders(Http1ExchangeCodec.java:236)
08-04 13:31:39.722 27683  4024 E baseline.com.newsblur.network.APIResponse: 	at okhttp3.internal.connection.Exchange.readResponseHeaders(Exchange.java:115)
08-04 13:31:39.722 27683  4024 E baseline.com.newsblur.network.APIResponse: 	at okhttp3.internal.http.CallServerInterceptor.intercept(CallServerInterceptor.java:94)
08-04 13:31:39.722 27683  4024 E baseline.com.newsblur.network.APIResponse: 	at okhttp3.internal.http.RealInterceptorChain.proceed(RealInterceptorChain.java:142)
08-04 13:31:39.722 27683  4024 E baseline.com.newsblur.network.APIResponse: 	at okhttp3.internal.connection.ConnectInterceptor.intercept(ConnectInterceptor.java:43)
08-04 13:31:39.722 27683  4024 E baseline.com.newsblur.network.APIResponse: 	at okhttp3.internal.http.RealInterceptorChain.proceed(RealInterceptorChain.java:142)
08-04 13:31:39.722 27683  4024 E baseline.com.newsblur.network.APIResponse: 	at okhttp3.internal.http.RealInterceptorChain.proceed(RealInterceptorChain.java:117)
08-04 13:31:39.722 27683  4024 E baseline.com.newsblur.network.APIResponse: 	at okhttp3.internal.cache.CacheInterceptor.intercept(CacheInterceptor.java:94)
08-04 13:31:39.722 27683  4024 E baseline.com.newsblur.network.APIResponse: 	at okhttp3.internal.http.RealInterceptorChain.proceed(RealInterceptorChain.java:142)
08-04 13:31:39.722 27683  4024 E baseline.com.newsblur.network.APIResponse: 	at okhttp3.internal.http.RealInterceptorChain.proceed(RealInterceptorChain.java:117)
08-04 13:31:39.722 27683  4024 E baseline.com.newsblur.network.APIResponse: 	at okhttp3.internal.http.BridgeInterceptor.intercept(BridgeInterceptor.java:93)
08-04 13:31:39.722 27683  4024 E baseline.com.newsblur.network.APIResponse: 	at okhttp3.internal.http.RealInterceptorChain.proceed(RealInterceptorChain.java:142)
08-04 13:31:39.722 27683  4024 E baseline.com.newsblur.network.APIResponse: 	at okhttp3.internal.http.RetryAndFollowUpInterceptor.intercept(RetryAndFollowUpInterceptor.java:88)
08-04 13:31:39.722 27683  4024 E baseline.com.newsblur.network.APIResponse: 	at okhttp3.internal.http.RealInterceptorChain.proceed(RealInterceptorChain.java:142)
08-04 13:31:39.722 27683  4024 E baseline.com.newsblur.network.APIResponse: 	at okhttp3.internal.http.RealInterceptorChain.proceed(RealInterceptorChain.java:117)
08-04 13:31:39.722 27683  4024 E baseline.com.newsblur.network.APIResponse: 	at okhttp3.RealCall.getResponseWithInterceptorChain(RealCall.java:229)
08-04 13:31:39.722 27683  4024 E baseline.com.newsblur.network.APIResponse: 	at okhttp3.RealCall.execute(RealCall.java:81)
08-04 13:31:39.722 27683  4024 E baseline.com.newsblur.network.APIResponse: 	at baseline.com.newsblur.network.APIResponse.<init>(APIResponse.java:57)
08-04 13:31:39.722 27683  4024 E baseline.com.newsblur.network.APIResponse: 	at baseline.com.newsblur.network.APIResponse.<init>(APIResponse.java:43)
08-04 13:31:39.722 27683  4024 E baseline.com.newsblur.network.APIResponse: 	at baseline.com.newsblur.network.APIManager.post_single(APIManager.java:702)
08-04 13:31:39.722 27683  4024 E baseline.com.newsblur.network.APIResponse: 	at baseline.com.newsblur.network.APIManager.post(APIManager.java:675)
08-04 13:31:39.722 27683  4024 E baseline.com.newsblur.network.APIResponse: 	at baseline.com.newsblur.network.APIManager.post(APIManager.java:714)
08-04 13:31:39.722 27683  4024 E baseline.com.newsblur.network.APIResponse: 	at baseline.com.newsblur.network.APIManager.markStoryAsRead(APIManager.java:205)
08-04 13:31:39.722 27683  4024 E baseline.com.newsblur.network.APIResponse: 	at baseline.com.newsblur.util.ReadingAction.doRemote(ReadingAction.java:281)
08-04 13:31:39.722 27683  4024 E baseline.com.newsblur.network.APIResponse: 	at baseline.com.newsblur.service.NBSyncService.syncActions(NBSyncService.java:400)
08-04 13:31:39.722 27683  4024 E baseline.com.newsblur.network.APIResponse: 	at baseline.com.newsblur.service.NBSyncService.doSync(NBSyncService.java:298)
08-04 13:31:39.722 27683  4024 E baseline.com.newsblur.network.APIResponse: 	at baseline.com.newsblur.service.NBSyncService.access$100(NBSyncService.java:67)
08-04 13:31:39.722 27683  4024 E baseline.com.newsblur.network.APIResponse: 	at baseline.com.newsblur.service.NBSyncService$1.run(NBSyncService.java:188)
08-04 13:31:39.722 27683  4024 E baseline.com.newsblur.network.APIResponse: 	at java.util.concurrent.ThreadPoolExecutor.runWorker(ThreadPoolExecutor.java:1113)
08-04 13:31:39.722 27683  4024 E baseline.com.newsblur.network.APIResponse: 	at java.util.concurrent.ThreadPoolExecutor$Worker.run(ThreadPoolExecutor.java:588)
08-04 13:31:39.722 27683  4024 E baseline.com.newsblur.network.APIResponse: 	at java.lang.Thread.run(Thread.java:818)
08-04 13:31:39.722 27683  4024 E baseline.com.newsblur.network.APIResponse: Caused by: java.io.EOFException: \n not found: limit=0 content=
08-04 13:31:39.722 27683  4024 E baseline.com.newsblur.network.APIResponse: 	at okio.RealBufferedSource.readUtf8LineStrict(RealBufferedSource.java:240)
08-04 13:31:39.722 27683  4024 E baseline.com.newsblur.network.APIResponse: 	at okhttp3.internal.http1.Http1ExchangeCodec.readHeaderLine(Http1ExchangeCodec.java:242)
08-04 13:31:39.722 27683  4024 E baseline.com.newsblur.network.APIResponse: 	at okhttp3.internal.http1.Http1ExchangeCodec.readResponseHeaders(Http1ExchangeCodec.java:213)
08-04 13:31:39.722 27683  4024 E baseline.com.newsblur.network.APIResponse: 	... 30 more
08-04 13:31:39.723 27683  4024 I baseline.com.newsblur.network.APIManager: API call failed, pausing before retry number 1
08-04 13:31:39.987 27683  3240 I art     : Starting a blocking GC Explicit
08-04 13:31:40.031 27683  3240 I art     : Explicit concurrent mark sweep GC freed 4409(377KB) AllocSpace objects, 3(60KB) LOS objects, 29% free, 37MB/53MB, paused 1.340ms total 43.824ms
08-04 13:31:40.044 27683  3240 I art     : Starting a blocking GC Explicit
08-04 13:31:40.086 27683  3240 I art     : Explicit concurrent mark sweep GC freed 252(10KB) AllocSpace objects, 0(0B) LOS objects, 29% free, 37MB/53MB, paused 1.305ms total 41.886ms
08-04 13:31:40.099 27683  3240 I art     : Starting a blocking GC Explicit
08-04 13:31:40.140 27683  3240 I art     : Explicit concurrent mark sweep GC freed 9(288B) AllocSpace objects, 0(0B) LOS objects, 29% free, 37MB/53MB, paused 1.176ms total 41.308ms
08-04 13:31:40.154 27683  3240 I art     : Starting a blocking GC Explicit
08-04 13:31:40.196 27683  3240 I art     : Explicit concurrent mark sweep GC freed 11(352B) AllocSpace objects, 0(0B) LOS objects, 29% free, 37MB/53MB, paused 1.172ms total 41.589ms
08-04 13:31:40.209 27683  3240 I art     : Starting a blocking GC Explicit
08-04 13:31:40.251 27683  3240 I art     : Explicit concurrent mark sweep GC freed 9(288B) AllocSpace objects, 0(0B) LOS objects, 29% free, 37MB/53MB, paused 1.340ms total 41.614ms
08-04 13:31:40.608 27683  3242 I art     : Starting a blocking GC Explicit
08-04 13:31:40.653 27683  3242 I art     : Explicit concurrent mark sweep GC freed 1485(84KB) AllocSpace objects, 1(20KB) LOS objects, 29% free, 37MB/53MB, paused 1.277ms total 45.019ms
08-04 13:31:40.665 27683  3242 I art     : Starting a blocking GC Explicit
08-04 13:31:40.704 27683  3242 I art     : Explicit concurrent mark sweep GC freed 27(944B) AllocSpace objects, 0(0B) LOS objects, 29% free, 37MB/53MB, paused 1.264ms total 38.444ms
08-04 13:31:40.716 27683  3242 I art     : Starting a blocking GC Explicit
08-04 13:31:40.757 27683  3242 I art     : Explicit concurrent mark sweep GC freed 9(288B) AllocSpace objects, 0(0B) LOS objects, 29% free, 37MB/53MB, paused 1.378ms total 40.833ms
08-04 13:31:40.770 27683  3242 I art     : Starting a blocking GC Explicit
08-04 13:31:40.811 27683  3242 I art     : Explicit concurrent mark sweep GC freed 10(320B) AllocSpace objects, 0(0B) LOS objects, 29% free, 37MB/53MB, paused 1.266ms total 40.883ms
08-04 13:31:40.824 27683  3242 I art     : Starting a blocking GC Explicit
08-04 13:31:40.866 27683  3242 I art     : Explicit concurrent mark sweep GC freed 11(352B) AllocSpace objects, 0(0B) LOS objects, 29% free, 37MB/53MB, paused 1.398ms total 41.915ms
08-04 13:31:41.138  4203  4203 D AndroidRuntime: >>>>>> START com.android.internal.os.RuntimeInit uid 2000 <<<<<<
08-04 13:31:41.144  4203  4203 D AndroidRuntime: CheckJNI is OFF
08-04 13:31:41.190  4203  4203 D ICU     : No timezone override file found: /data/misc/zoneinfo/current/icu/icu_tzdata.dat
08-04 13:31:41.223 27683 27697 I art     : Starting a blocking GC Explicit
08-04 13:31:41.232  4203  4203 I Radio-JNI: register_android_hardware_Radio DONE
08-04 13:31:41.261  4203  4203 D AndroidRuntime: Calling main entry com.android.commands.input.Input
08-04 13:31:41.263  4203  4203 I Input   : injectMotionEvent: MotionEvent { action=ACTION_DOWN, actionButton=0, id[0]=0, x[0]=594.0, y[0]=330.0, toolType[0]=TOOL_TYPE_UNKNOWN, buttonState=0, metaState=0, flags=0x0, edgeFlags=0x0, pointerCount=1, historySize=0, eventTime=711117676, downTime=711117676, deviceId=0, source=0x1002 }
08-04 13:31:41.268 27683 27697 I art     : Explicit concurrent mark sweep GC freed 1578(88KB) AllocSpace objects, 1(20KB) LOS objects, 29% free, 37MB/53MB, paused 1.493ms total 44.237ms
08-04 13:31:41.270  4203  4203 I Input   : injectMotionEvent: MotionEvent { action=ACTION_UP, actionButton=0, id[0]=0, x[0]=594.0, y[0]=330.0, toolType[0]=TOOL_TYPE_UNKNOWN, buttonState=0, metaState=0, flags=0x0, edgeFlags=0x0, pointerCount=1, historySize=0, eventTime=711117676, downTime=711117676, deviceId=0, source=0x1002 }
08-04 13:31:41.272  4203  4203 D AndroidRuntime: Shutting down VM
08-04 13:31:41.280 27683 27697 I art     : Starting a blocking GC Explicit
08-04 13:31:41.319 27683 27697 I art     : Explicit concurrent mark sweep GC freed 78(3KB) AllocSpace objects, 0(0B) LOS objects, 29% free, 37MB/53MB, paused 1.261ms total 39.304ms
08-04 13:31:41.331 27683 27697 I art     : Starting a blocking GC Explicit
08-04 13:31:41.341   918  3670 I ActivityManager: START u0 {cmp=baseline.com.newsblur/.activity.GlobalSharedStoriesItemsList (has extras)} from uid 10652 on display 0
08-04 13:31:41.363 27683  3002 I baseline.com.newsblur.database.BlurDatabaseHelper: reading session reset
08-04 13:31:41.375 27683 27697 I art     : Explicit concurrent mark sweep GC freed 884(122KB) AllocSpace objects, 4(80KB) LOS objects, 29% free, 37MB/53MB, paused 1.564ms total 43.475ms
08-04 13:31:41.388 27683 27697 I art     : Starting a blocking GC Explicit
08-04 13:31:41.428 27683 27697 I art     : Explicit concurrent mark sweep GC freed 1124(56KB) AllocSpace objects, 1(112KB) LOS objects, 29% free, 37MB/53MB, paused 1.447ms total 40.020ms
08-04 13:31:41.440 27683 27697 I art     : Starting a blocking GC Explicit
08-04 13:31:41.482 27683 27697 I art     : Explicit concurrent mark sweep GC freed 113(7KB) AllocSpace objects, 0(0B) LOS objects, 29% free, 37MB/53MB, paused 1.366ms total 41.206ms
08-04 13:31:41.558 27683 27683 W View    : requestLayout() improperly called by android.widget.FrameLayout{49bcc5 V.E...... ......ID 0,0-1440,18 #7f07003f app:id/footer_view_inner} during layout: running second layout pass
08-04 13:31:41.558 27683 27683 W View    : requestLayout() improperly called by android.widget.FrameLayout{c47961a V.E...... ......ID 0,0-1440,2091 #7f07003f app:id/footer_view_inner} during layout: running second layout pass
08-04 13:31:41.577   918   936 I ActivityManager: Displayed baseline.com.newsblur/.activity.GlobalSharedStoriesItemsList: +226ms
08-04 13:31:41.586 13866 13866 I GoogleInputMethodServic: GoogleInputMethodService.onFinishInput():3138 
08-04 13:31:41.586 13866 13866 I GoogleInputMethodServic: GoogleInputMethodService.onStartInput():1808 
08-04 13:31:41.816 27683  3240 I art     : Starting a blocking GC Explicit
08-04 13:31:41.867 27683  3240 I art     : Explicit concurrent mark sweep GC freed 5514(330KB) AllocSpace objects, 10(200KB) LOS objects, 29% free, 37MB/53MB, paused 1.396ms total 51.153ms
08-04 13:31:41.879 27683  3240 I art     : Starting a blocking GC Explicit
08-04 13:31:41.919 27683  3240 I art     : Explicit concurrent mark sweep GC freed 270(11KB) AllocSpace objects, 0(0B) LOS objects, 29% free, 37MB/53MB, paused 1.365ms total 39.489ms
08-04 13:31:41.931 27683  3240 I art     : Starting a blocking GC Explicit
08-04 13:31:41.974 27683  3240 I art     : Explicit concurrent mark sweep GC freed 57(2336B) AllocSpace objects, 0(0B) LOS objects, 29% free, 37MB/53MB, paused 1.483ms total 42.737ms
08-04 13:31:41.986 27683  3240 I art     : Starting a blocking GC Explicit
08-04 13:31:42.030 27683  3240 I art     : Explicit concurrent mark sweep GC freed 15(672B) AllocSpace objects, 0(0B) LOS objects, 29% free, 37MB/53MB, paused 1.360ms total 43.307ms
08-04 13:31:42.043 27683  3240 I art     : Starting a blocking GC Explicit
08-04 13:31:42.086 27683  3240 I art     : Explicit concurrent mark sweep GC freed 135(5KB) AllocSpace objects, 0(0B) LOS objects, 29% free, 37MB/53MB, paused 1.467ms total 43.237ms
08-04 13:31:42.421 27683  3242 I art     : Starting a blocking GC Explicit
08-04 13:31:42.471 27683  3242 I art     : Explicit concurrent mark sweep GC freed 1442(83KB) AllocSpace objects, 1(20KB) LOS objects, 29% free, 37MB/53MB, paused 1.530ms total 48.871ms
08-04 13:31:42.485 27683  3242 I art     : Starting a blocking GC Explicit
08-04 13:31:42.528 27683  3242 I art     : Explicit concurrent mark sweep GC freed 22(784B) AllocSpace objects, 0(0B) LOS objects, 29% free, 37MB/53MB, paused 1.533ms total 42.978ms
08-04 13:31:42.541 27683  3242 I art     : Starting a blocking GC Explicit
08-04 13:31:42.586 27683  3242 I art     : Explicit concurrent mark sweep GC freed 3(96B) AllocSpace objects, 0(0B) LOS objects, 29% free, 37MB/53MB, paused 1.445ms total 44.298ms
08-04 13:31:42.598 27683  3242 I art     : Starting a blocking GC Explicit
08-04 13:31:42.607 13866 13882 I PeriodicStatsRunner: PeriodicStatsRunner.call():175 call()
08-04 13:31:42.608 13866 13882 I PeriodicStatsRunner: PeriodicStatsRunner.call():179 No submit PeriodicStats since input started.
08-04 13:31:42.643 27683  3242 I art     : Explicit concurrent mark sweep GC freed 3(96B) AllocSpace objects, 0(0B) LOS objects, 29% free, 37MB/53MB, paused 1.434ms total 44.139ms
08-04 13:31:42.656 27683  3242 I art     : Starting a blocking GC Explicit
08-04 13:31:42.701 27683  3242 I art     : Explicit concurrent mark sweep GC freed 3(96B) AllocSpace objects, 0(0B) LOS objects, 29% free, 37MB/53MB, paused 1.443ms total 44.938ms
08-04 13:31:42.701 27683 27695 I art     : WaitForGcToComplete blocked for 45.211ms for cause HeapTrim
08-04 13:31:42.862   918  3261 D WifiStateMachine: starting scan for "H369AA63323"WPA_PSK with 2412,5180
08-04 13:31:43.049 27683  3240 I art     : Starting a blocking GC Explicit
08-04 13:31:43.099 27683  3240 I art     : Explicit concurrent mark sweep GC freed 1470(83KB) AllocSpace objects, 1(20KB) LOS objects, 29% free, 37MB/53MB, paused 1.708ms total 49.963ms
08-04 13:31:43.115 27683  3240 I art     : Starting a blocking GC Explicit
08-04 13:31:43.164 27683  3240 I art     : Explicit concurrent mark sweep GC freed 22(784B) AllocSpace objects, 0(0B) LOS objects, 29% free, 37MB/53MB, paused 1.557ms total 49.216ms
08-04 13:31:43.178 27683  3240 I art     : Starting a blocking GC Explicit
08-04 13:31:43.225 27683  3240 I art     : Explicit concurrent mark sweep GC freed 3(96B) AllocSpace objects, 0(0B) LOS objects, 29% free, 37MB/53MB, paused 1.571ms total 47.176ms
08-04 13:31:43.239 27683  3240 I art     : Starting a blocking GC Explicit
08-04 13:31:43.290 27683  3240 I art     : Explicit concurrent mark sweep GC freed 3(96B) AllocSpace objects, 0(0B) LOS objects, 29% free, 37MB/53MB, paused 1.556ms total 50.688ms
08-04 13:31:43.306 27683  3240 I art     : Starting a blocking GC Explicit
08-04 13:31:43.352 27683  3240 I art     : Explicit concurrent mark sweep GC freed 3(96B) AllocSpace objects, 0(0B) LOS objects, 29% free, 37MB/53MB, paused 1.505ms total 45.768ms
08-04 13:31:43.703 27683 27696 I art     : Starting a blocking GC Explicit
08-04 13:31:43.754 27683 27696 I art     : Explicit concurrent mark sweep GC freed 1441(83KB) AllocSpace objects, 1(20KB) LOS objects, 29% free, 37MB/53MB, paused 1.538ms total 50.625ms
08-04 13:31:43.764   518   646 I ThermalEngine: ACTION: GPU - Setting GPU[0] to 510000000
08-04 13:31:43.771 27683 27696 I art     : Starting a blocking GC Explicit
08-04 13:31:43.816 27683 27696 I art     : Explicit concurrent mark sweep GC freed 22(784B) AllocSpace objects, 0(0B) LOS objects, 29% free, 37MB/53MB, paused 1.171ms total 45.151ms
08-04 13:31:43.827 27683 27696 I art     : Starting a blocking GC Explicit
08-04 13:31:43.862 27683 27696 I art     : Explicit concurrent mark sweep GC freed 3(96B) AllocSpace objects, 0(0B) LOS objects, 29% free, 37MB/53MB, paused 1.182ms total 35.265ms
08-04 13:31:43.872 27683 27696 I art     : Starting a blocking GC Explicit
08-04 13:31:43.876 27683  4229 I NAPPA_EXPERIMENTATION: MetricNetworkRequestExecutionTime: REQUEST_DURATION_SYSTEM='2235',REQUEST_DURATION_OKHTTP='2233',REQUEST_SYNCHRONOUS='TRUE',RESPONSE_CODE='200',RESPONSE_METHOD='GET',RESPONSE_LENGTH_OKHTTP='43',RESPONSE_LENGTH_HEADER='43',REQUEST_PROTOCOL='http/1.1',REQUEST_URL='http://feeds.feedburner.com/~r/retort/~4/UffaFMiJbNs',
08-04 13:31:43.881 27683  4024 E baseline.com.newsblur.network.APIResponse: Error (unexpected end of stream on https://www.newsblur.com/...) calling https://www.newsblur.com/reader/mark_story_hashes_as_read/
08-04 13:31:43.881 27683  4024 E baseline.com.newsblur.network.APIResponse: java.io.IOException: unexpected end of stream on https://www.newsblur.com/...
08-04 13:31:43.881 27683  4024 E baseline.com.newsblur.network.APIResponse: 	at okhttp3.internal.http1.Http1ExchangeCodec.readResponseHeaders(Http1ExchangeCodec.java:236)
08-04 13:31:43.881 27683  4024 E baseline.com.newsblur.network.APIResponse: 	at okhttp3.internal.connection.Exchange.readResponseHeaders(Exchange.java:115)
08-04 13:31:43.881 27683  4024 E baseline.com.newsblur.network.APIResponse: 	at okhttp3.internal.http.CallServerInterceptor.intercept(CallServerInterceptor.java:94)
08-04 13:31:43.881 27683  4024 E baseline.com.newsblur.network.APIResponse: 	at okhttp3.internal.http.RealInterceptorChain.proceed(RealInterceptorChain.java:142)
08-04 13:31:43.881 27683  4024 E baseline.com.newsblur.network.APIResponse: 	at okhttp3.internal.connection.ConnectInterceptor.intercept(ConnectInterceptor.java:43)
08-04 13:31:43.881 27683  4024 E baseline.com.newsblur.network.APIResponse: 	at okhttp3.internal.http.RealInterceptorChain.proceed(RealInterceptorChain.java:142)
08-04 13:31:43.881 27683  4024 E baseline.com.newsblur.network.APIResponse: 	at okhttp3.internal.http.RealInterceptorChain.proceed(RealInterceptorChain.java:117)
08-04 13:31:43.881 27683  4024 E baseline.com.newsblur.network.APIResponse: 	at okhttp3.internal.cache.CacheInterceptor.intercept(CacheInterceptor.java:94)
08-04 13:31:43.881 27683  4024 E baseline.com.newsblur.network.APIResponse: 	at okhttp3.internal.http.RealInterceptorChain.proceed(RealInterceptorChain.java:142)
08-04 13:31:43.881 27683  4024 E baseline.com.newsblur.network.APIResponse: 	at okhttp3.internal.http.RealInterceptorChain.proceed(RealInterceptorChain.java:117)
08-04 13:31:43.881 27683  4024 E baseline.com.newsblur.network.APIResponse: 	at okhttp3.internal.http.BridgeInterceptor.intercept(BridgeInterceptor.java:93)
08-04 13:31:43.881 27683  4024 E baseline.com.newsblur.network.APIResponse: 	at okhttp3.internal.http.RealInterceptorChain.proceed(RealInterceptorChain.java:142)
08-04 13:31:43.881 27683  4024 E baseline.com.newsblur.network.APIResponse: 	at okhttp3.internal.http.RetryAndFollowUpInterceptor.intercept(RetryAndFollowUpInterceptor.java:88)
08-04 13:31:43.881 27683  4024 E baseline.com.newsblur.network.APIResponse: 	at okhttp3.internal.http.RealInterceptorChain.proceed(RealInterceptorChain.java:142)
08-04 13:31:43.881 27683  4024 E baseline.com.newsblur.network.APIResponse: 	at okhttp3.internal.http.RealInterceptorChain.proceed(RealInterceptorChain.java:117)
08-04 13:31:43.881 27683  4024 E baseline.com.newsblur.network.APIResponse: 	at okhttp3.RealCall.getResponseWithInterceptorChain(RealCall.java:229)
08-04 13:31:43.881 27683  4024 E baseline.com.newsblur.network.APIResponse: 	at okhttp3.RealCall.execute(RealCall.java:81)
08-04 13:31:43.881 27683  4024 E baseline.com.newsblur.network.APIResponse: 	at baseline.com.newsblur.network.APIResponse.<init>(APIResponse.java:57)
08-04 13:31:43.881 27683  4024 E baseline.com.newsblur.network.APIResponse: 	at baseline.com.newsblur.network.APIResponse.<init>(APIResponse.java:43)
08-04 13:31:43.881 27683  4024 E baseline.com.newsblur.network.APIResponse: 	at baseline.com.newsblur.network.APIManager.post_single(APIManager.java:702)
08-04 13:31:43.881 27683  4024 E baseline.com.newsblur.network.APIResponse: 	at baseline.com.newsblur.network.APIManager.post(APIManager.java:675)
08-04 13:31:43.881 27683  4024 E baseline.com.newsblur.network.APIResponse: 	at baseline.com.newsblur.network.APIManager.post(APIManager.java:714)
08-04 13:31:43.881 27683  4024 E baseline.com.newsblur.network.APIResponse: 	at baseline.com.newsblur.network.APIManager.markStoryAsRead(APIManager.java:205)
08-04 13:31:43.881 27683  4024 E baseline.com.newsblur.network.APIResponse: 	at baseline.com.newsblur.util.ReadingAction.doRemote(ReadingAction.java:281)
08-04 13:31:43.881 27683  4024 E baseline.com.newsblur.network.APIResponse: 	at baseline.com.newsblur.service.NBSyncService.syncActions(NBSyncService.java:400)
08-04 13:31:43.881 27683  4024 E baseline.com.newsblur.network.APIResponse: 	at baseline.com.newsblur.service.NBSyncService.doSync(NBSyncService.java:298)
08-04 13:31:43.881 27683  4024 E baseline.com.newsblur.network.APIResponse: 	at baseline.com.newsblur.service.NBSyncService.access$100(NBSyncService.java:67)
08-04 13:31:43.881 27683  4024 E baseline.com.newsblur.network.APIResponse: 	at baseline.com.newsblur.service.NBSyncService$1.run(NBSyncService.java:188)
08-04 13:31:43.881 27683  4024 E baseline.com.newsblur.network.APIResponse: 	at java.util.concurrent.ThreadPoolExecutor.runWorker(ThreadPoolExecutor.java:1113)
08-04 13:31:43.881 27683  4024 E baseline.com.newsblur.network.APIResponse: 	at java.util.concurrent.ThreadPoolExecutor$Worker.run(ThreadPoolExecutor.java:588)
08-04 13:31:43.881 27683  4024 E baseline.com.newsblur.network.APIResponse: 	at java.lang.Thread.run(Thread.java:818)
08-04 13:31:43.881 27683  4024 E baseline.com.newsblur.network.APIResponse: Caused by: java.io.EOFException: \n not found: limit=0 content=
08-04 13:31:43.881 27683  4024 E baseline.com.newsblur.network.APIResponse: 	at okio.RealBufferedSource.readUtf8LineStrict(RealBufferedSource.java:240)
08-04 13:31:43.881 27683  4024 E baseline.com.newsblur.network.APIResponse: 	at okhttp3.internal.http1.Http1ExchangeCodec.readHeaderLine(Http1ExchangeCodec.java:242)
08-04 13:31:43.881 27683  4024 E baseline.com.newsblur.network.APIResponse: 	at okhttp3.internal.http1.Http1ExchangeCodec.readResponseHeaders(Http1ExchangeCodec.java:213)
08-04 13:31:43.881 27683  4024 E baseline.com.newsblur.network.APIResponse: 	... 30 more
08-04 13:31:43.883 27683  4024 I baseline.com.newsblur.network.APIManager: API call failed, pausing before retry number 2
08-04 13:31:43.908 27683 27696 I art     : Explicit concurrent mark sweep GC freed 1003(224KB) AllocSpace objects, 3(60KB) LOS objects, 29% free, 37MB/53MB, paused 1.254ms total 35.164ms
08-04 13:31:43.918 27683 27696 I art     : Starting a blocking GC Explicit
08-04 13:31:43.954 27683 27696 I art     : Explicit concurrent mark sweep GC freed 205(20KB) AllocSpace objects, 0(0B) LOS objects, 29% free, 37MB/53MB, paused 997us total 35.741ms
08-04 13:31:44.314 27683 27697 I art     : Starting a blocking GC Explicit
08-04 13:31:44.351 27683 27697 I art     : Explicit concurrent mark sweep GC freed 1463(83KB) AllocSpace objects, 1(20KB) LOS objects, 29% free, 37MB/53MB, paused 1.040ms total 36.968ms
08-04 13:31:44.362 27683 27697 I art     : Starting a blocking GC Explicit
08-04 13:31:44.398 27683 27697 I art     : Explicit concurrent mark sweep GC freed 22(784B) AllocSpace objects, 0(0B) LOS objects, 29% free, 37MB/53MB, paused 1.062ms total 36.663ms
08-04 13:31:44.409 27683 27697 I art     : Starting a blocking GC Explicit
08-04 13:31:44.445 27683 27697 I art     : Explicit concurrent mark sweep GC freed 3(96B) AllocSpace objects, 0(0B) LOS objects, 29% free, 37MB/53MB, paused 997us total 36.372ms
08-04 13:31:44.456 27683 27697 I art     : Starting a blocking GC Explicit
08-04 13:31:44.492 27683 27697 I art     : Explicit concurrent mark sweep GC freed 3(96B) AllocSpace objects, 0(0B) LOS objects, 29% free, 37MB/53MB, paused 1.068ms total 35.434ms
08-04 13:31:44.502 27683 27697 I art     : Starting a blocking GC Explicit
08-04 13:31:44.539 27683 27697 I art     : Explicit concurrent mark sweep GC freed 3(96B) AllocSpace objects, 0(0B) LOS objects, 29% free, 37MB/53MB, paused 1.087ms total 36.404ms
08-04 13:31:44.581 13866 13882 I PeriodicStatsRunner: PeriodicStatsRunner.call():175 call()
08-04 13:31:44.582 13866 13882 I PeriodicStatsRunner: PeriodicStatsRunner.call():179 No submit PeriodicStats since input started.
08-04 13:31:44.891 27683  3240 I art     : Starting a blocking GC Explicit
08-04 13:31:44.931 27683  3240 I art     : Explicit concurrent mark sweep GC freed 1440(84KB) AllocSpace objects, 1(20KB) LOS objects, 29% free, 37MB/53MB, paused 1.056ms total 39.224ms
08-04 13:31:44.943 27683  3240 I art     : Starting a blocking GC Explicit
08-04 13:31:44.978 27683  3240 I art     : Explicit concurrent mark sweep GC freed 22(784B) AllocSpace objects, 0(0B) LOS objects, 29% free, 37MB/53MB, paused 1.175ms total 34.059ms
08-04 13:31:44.988 27683  3240 I art     : Starting a blocking GC Explicit
08-04 13:31:45.022 27683  3240 I art     : Explicit concurrent mark sweep GC freed 3(96B) AllocSpace objects, 0(0B) LOS objects, 29% free, 37MB/53MB, paused 1.034ms total 34.578ms
08-04 13:31:45.033 27683  3240 I art     : Starting a blocking GC Explicit
08-04 13:31:45.069 27683  3240 I art     : Explicit concurrent mark sweep GC freed 3(96B) AllocSpace objects, 0(0B) LOS objects, 29% free, 37MB/53MB, paused 1.085ms total 35.773ms
08-04 13:31:45.079 27683  3240 I art     : Starting a blocking GC Explicit
08-04 13:31:45.114 27683  3240 I art     : Explicit concurrent mark sweep GC freed 3(96B) AllocSpace objects, 0(0B) LOS objects, 29% free, 37MB/53MB, paused 1.020ms total 35.516ms
08-04 13:31:45.471 27683  3242 I art     : Starting a blocking GC Explicit
08-04 13:31:45.508 27683  3242 I art     : Explicit concurrent mark sweep GC freed 1439(82KB) AllocSpace objects, 1(20KB) LOS objects, 29% free, 37MB/53MB, paused 1.122ms total 36.232ms
08-04 13:31:45.518 27683  3242 I art     : Starting a blocking GC Explicit
08-04 13:31:45.554 27683  3242 I art     : Explicit concurrent mark sweep GC freed 22(784B) AllocSpace objects, 0(0B) LOS objects, 29% free, 37MB/53MB, paused 1ms total 35.634ms
08-04 13:31:45.563 27683  3242 I art     : Starting a blocking GC Explicit
08-04 13:31:45.599 27683  3242 I art     : Explicit concurrent mark sweep GC freed 3(96B) AllocSpace objects, 0(0B) LOS objects, 29% free, 37MB/53MB, paused 1.048ms total 35.679ms
08-04 13:31:45.609 27683  3242 I art     : Starting a blocking GC Explicit
08-04 13:31:45.646 27683  3242 I art     : Explicit concurrent mark sweep GC freed 3(96B) AllocSpace objects, 0(0B) LOS objects, 29% free, 37MB/53MB, paused 1.036ms total 36.797ms
08-04 13:31:45.657 27683  3242 I art     : Starting a blocking GC Explicit
08-04 13:31:45.694 27683  3242 I art     : Explicit concurrent mark sweep GC freed 3(96B) AllocSpace objects, 0(0B) LOS objects, 29% free, 37MB/53MB, paused 1.018ms total 36.407ms
08-04 13:31:46.033 27683 27696 I art     : Starting a blocking GC Explicit
08-04 13:31:46.069 27683 27696 I art     : Explicit concurrent mark sweep GC freed 1440(82KB) AllocSpace objects, 1(20KB) LOS objects, 29% free, 37MB/53MB, paused 1.043ms total 36.356ms
08-04 13:31:46.080 27683 27696 I art     : Starting a blocking GC Explicit
08-04 13:31:46.116 27683 27696 I art     : Explicit concurrent mark sweep GC freed 22(784B) AllocSpace objects, 0(0B) LOS objects, 29% free, 37MB/53MB, paused 1.044ms total 36.019ms
08-04 13:31:46.126 27683 27696 I art     : Starting a blocking GC Explicit
08-04 13:31:46.163 27683 27696 I art     : Explicit concurrent mark sweep GC freed 3(96B) AllocSpace objects, 0(0B) LOS objects, 29% free, 37MB/53MB, paused 1.017ms total 36.407ms
08-04 13:31:46.173 27683 27696 I art     : Starting a blocking GC Explicit
08-04 13:31:46.210 27683 27696 I art     : Explicit concurrent mark sweep GC freed 3(96B) AllocSpace objects, 0(0B) LOS objects, 29% free, 37MB/53MB, paused 1.060ms total 36.499ms
08-04 13:31:46.220 27683 27696 I art     : Starting a blocking GC Explicit
08-04 13:31:46.258 27683 27696 I art     : Explicit concurrent mark sweep GC freed 3(96B) AllocSpace objects, 0(0B) LOS objects, 29% free, 37MB/53MB, paused 1.116ms total 37.311ms
08-04 13:31:46.586 13866 13882 I PeriodicStatsRunner: PeriodicStatsRunner.call():175 call()
08-04 13:31:46.587 13866 13882 I PeriodicStatsRunner: PeriodicStatsRunner.call():179 No submit PeriodicStats since input started.
08-04 13:31:46.595 27683 27697 I art     : Starting a blocking GC Explicit
08-04 13:31:46.631 27683 27697 I art     : Explicit concurrent mark sweep GC freed 1438(82KB) AllocSpace objects, 1(20KB) LOS objects, 29% free, 37MB/53MB, paused 1.019ms total 36.214ms
08-04 13:31:46.641 27683 27697 I art     : Starting a blocking GC Explicit
08-04 13:31:46.677 27683 27697 I art     : Explicit concurrent mark sweep GC freed 22(784B) AllocSpace objects, 0(0B) LOS objects, 29% free, 37MB/53MB, paused 1.160ms total 35.440ms
08-04 13:31:46.687 27683 27697 I art     : Starting a blocking GC Explicit
08-04 13:31:46.724 27683 27697 I art     : Explicit concurrent mark sweep GC freed 3(96B) AllocSpace objects, 0(0B) LOS objects, 29% free, 37MB/53MB, paused 1.106ms total 36.235ms
08-04 13:31:46.734 27683 27697 I art     : Starting a blocking GC Explicit
08-04 13:31:46.771 27683 27697 I art     : Explicit concurrent mark sweep GC freed 3(96B) AllocSpace objects, 0(0B) LOS objects, 29% free, 37MB/53MB, paused 1.058ms total 37.063ms
08-04 13:31:46.782 27683 27697 I art     : Starting a blocking GC Explicit
08-04 13:31:46.819 27683 27697 I art     : Explicit concurrent mark sweep GC freed 3(96B) AllocSpace objects, 0(0B) LOS objects, 29% free, 37MB/53MB, paused 1.053ms total 36.751ms
08-04 13:31:47.177 27683  3240 I art     : Starting a blocking GC Explicit
08-04 13:31:47.215 27683  3240 I art     : Explicit concurrent mark sweep GC freed 1603(91KB) AllocSpace objects, 1(20KB) LOS objects, 29% free, 37MB/53MB, paused 1.032ms total 37.590ms
08-04 13:31:47.225 27683  3240 I art     : Starting a blocking GC Explicit
08-04 13:31:47.261 27683  3240 I art     : Explicit concurrent mark sweep GC freed 28(1040B) AllocSpace objects, 0(0B) LOS objects, 29% free, 37MB/53MB, paused 1.086ms total 35.443ms
08-04 13:31:47.271 27683  3240 I art     : Starting a blocking GC Explicit
08-04 13:31:47.307 27683  3240 I art     : Explicit concurrent mark sweep GC freed 3(96B) AllocSpace objects, 0(0B) LOS objects, 29% free, 37MB/53MB, paused 1.035ms total 36.113ms
08-04 13:31:47.317 27683  3240 I art     : Starting a blocking GC Explicit
08-04 13:31:47.354 27683  3240 I art     : Explicit concurrent mark sweep GC freed 3(96B) AllocSpace objects, 0(0B) LOS objects, 29% free, 37MB/53MB, paused 1.021ms total 36.580ms
08-04 13:31:47.364 27683  3240 I art     : Starting a blocking GC Explicit
08-04 13:31:47.402 27683  3240 I art     : Explicit concurrent mark sweep GC freed 1579(62KB) AllocSpace objects, 0(0B) LOS objects, 29% free, 37MB/53MB, paused 1.099ms total 37.037ms
08-04 13:31:47.416 27683  4024 E baseline.com.newsblur.network.APIResponse: Error (unexpected end of stream on https://www.newsblur.com/...) calling https://www.newsblur.com/reader/mark_story_hashes_as_read/
08-04 13:31:47.416 27683  4024 E baseline.com.newsblur.network.APIResponse: java.io.IOException: unexpected end of stream on https://www.newsblur.com/...
08-04 13:31:47.416 27683  4024 E baseline.com.newsblur.network.APIResponse: 	at okhttp3.internal.http1.Http1ExchangeCodec.readResponseHeaders(Http1ExchangeCodec.java:236)
08-04 13:31:47.416 27683  4024 E baseline.com.newsblur.network.APIResponse: 	at okhttp3.internal.connection.Exchange.readResponseHeaders(Exchange.java:115)
08-04 13:31:47.416 27683  4024 E baseline.com.newsblur.network.APIResponse: 	at okhttp3.internal.http.CallServerInterceptor.intercept(CallServerInterceptor.java:94)
08-04 13:31:47.416 27683  4024 E baseline.com.newsblur.network.APIResponse: 	at okhttp3.internal.http.RealInterceptorChain.proceed(RealInterceptorChain.java:142)
08-04 13:31:47.416 27683  4024 E baseline.com.newsblur.network.APIResponse: 	at okhttp3.internal.connection.ConnectInterceptor.intercept(ConnectInterceptor.java:43)
08-04 13:31:47.416 27683  4024 E baseline.com.newsblur.network.APIResponse: 	at okhttp3.internal.http.RealInterceptorChain.proceed(RealInterceptorChain.java:142)
08-04 13:31:47.416 27683  4024 E baseline.com.newsblur.network.APIResponse: 	at okhttp3.internal.http.RealInterceptorChain.proceed(RealInterceptorChain.java:117)
08-04 13:31:47.416 27683  4024 E baseline.com.newsblur.network.APIResponse: 	at okhttp3.internal.cache.CacheInterceptor.intercept(CacheInterceptor.java:94)
08-04 13:31:47.416 27683  4024 E baseline.com.newsblur.network.APIResponse: 	at okhttp3.internal.http.RealInterceptorChain.proceed(RealInterceptorChain.java:142)
08-04 13:31:47.416 27683  4024 E baseline.com.newsblur.network.APIResponse: 	at okhttp3.internal.http.RealInterceptorChain.proceed(RealInterceptorChain.java:117)
08-04 13:31:47.416 27683  4024 E baseline.com.newsblur.network.APIResponse: 	at okhttp3.internal.http.BridgeInterceptor.intercept(BridgeInterceptor.java:93)
08-04 13:31:47.416 27683  4024 E baseline.com.newsblur.network.APIResponse: 	at okhttp3.internal.http.RealInterceptorChain.proceed(RealInterceptorChain.java:142)
08-04 13:31:47.416 27683  4024 E baseline.com.newsblur.network.APIResponse: 	at okhttp3.internal.http.RetryAndFollowUpInterceptor.intercept(RetryAndFollowUpInterceptor.java:88)
08-04 13:31:47.416 27683  4024 E baseline.com.newsblur.network.APIResponse: 	at okhttp3.internal.http.RealInterceptorChain.proceed(RealInterceptorChain.java:142)
08-04 13:31:47.416 27683  4024 E baseline.com.newsblur.network.APIResponse: 	at okhttp3.internal.http.RealInterceptorChain.proceed(RealInterceptorChain.java:117)
08-04 13:31:47.416 27683  4024 E baseline.com.newsblur.network.APIResponse: 	at okhttp3.RealCall.getResponseWithInterceptorChain(RealCall.java:229)
08-04 13:31:47.416 27683  4024 E baseline.com.newsblur.network.APIResponse: 	at okhttp3.RealCall.execute(RealCall.java:81)
08-04 13:31:47.416 27683  4024 E baseline.com.newsblur.network.APIResponse: 	at baseline.com.newsblur.network.APIResponse.<init>(APIResponse.java:57)
08-04 13:31:47.416 27683  4024 E baseline.com.newsblur.network.APIResponse: 	at baseline.com.newsblur.network.APIResponse.<init>(APIResponse.java:43)
08-04 13:31:47.416 27683  4024 E baseline.com.newsblur.network.APIResponse: 	at baseline.com.newsblur.network.APIManager.post_single(APIManager.java:702)
08-04 13:31:47.416 27683  4024 E baseline.com.newsblur.network.APIResponse: 	at baseline.com.newsblur.network.APIManager.post(APIManager.java:675)
08-04 13:31:47.416 27683  4024 E baseline.com.newsblur.network.APIResponse: 	at baseline.com.newsblur.network.APIManager.post(APIManager.java:714)
08-04 13:31:47.416 27683  4024 E baseline.com.newsblur.network.APIResponse: 	at baseline.com.newsblur.network.APIManager.markStoryAsRead(APIManager.java:205)
08-04 13:31:47.416 27683  4024 E baseline.com.newsblur.network.APIResponse: 	at baseline.com.newsblur.util.ReadingAction.doRemote(ReadingAction.java:281)
08-04 13:31:47.416 27683  4024 E baseline.com.newsblur.network.APIResponse: 	at baseline.com.newsblur.service.NBSyncService.syncActions(NBSyncService.java:400)
08-04 13:31:47.416 27683  4024 E baseline.com.newsblur.network.APIResponse: 	at baseline.com.newsblur.service.NBSyncService.doSync(NBSyncService.java:298)
08-04 13:31:47.416 27683  4024 E baseline.com.newsblur.network.APIResponse: 	at baseline.com.newsblur.service.NBSyncService.access$100(NBSyncService.java:67)
08-04 13:31:47.416 27683  4024 E baseline.com.newsblur.network.APIResponse: 	at baseline.com.newsblur.service.NBSyncService$1.run(NBSyncService.java:188)
08-04 13:31:47.416 27683  4024 E baseline.com.newsblur.network.APIResponse: 	at java.util.concurrent.ThreadPoolExecutor.runWorker(ThreadPoolExecutor.java:1113)
08-04 13:31:47.416 27683  4024 E baseline.com.newsblur.network.APIResponse: 	at java.util.concurrent.ThreadPoolExecutor$Worker.run(ThreadPoolExecutor.java:588)
08-04 13:31:47.416 27683  4024 E baseline.com.newsblur.network.APIResponse: 	at java.lang.Thread.run(Thread.java:818)
08-04 13:31:47.416 27683  4024 E baseline.com.newsblur.network.APIResponse: Caused by: java.io.EOFException: \n not found: limit=0 content=
08-04 13:31:47.416 27683  4024 E baseline.com.newsblur.network.APIResponse: 	at okio.RealBufferedSource.readUtf8LineStrict(RealBufferedSource.java:240)
08-04 13:31:47.416 27683  4024 E baseline.com.newsblur.network.APIResponse: 	at okhttp3.internal.http1.Http1ExchangeCodec.readHeaderLine(Http1ExchangeCodec.java:242)
08-04 13:31:47.416 27683  4024 E baseline.com.newsblur.network.APIResponse: 	at okhttp3.internal.http1.Http1ExchangeCodec.readResponseHeaders(Http1ExchangeCodec.java:213)
08-04 13:31:47.416 27683  4024 E baseline.com.newsblur.network.APIResponse: 	... 30 more
08-04 13:31:47.417 27683  4024 I baseline.com.newsblur.service.NBSyncService: Holding reading action with server-side or network error.
08-04 13:31:47.428 27683  4024 W baseline.com.newsblur.service.NBSyncService: hard API failure
08-04 13:31:47.438 27683  4024 I baseline.com.newsblur.service.NBSyncService: recounting dirty feed sets: 1
08-04 13:31:47.741 27683  3242 I art     : Starting a blocking GC Explicit
08-04 13:31:47.781 27683  3242 I art     : Explicit concurrent mark sweep GC freed 4120(404KB) AllocSpace objects, 5(100KB) LOS objects, 29% free, 37MB/53MB, paused 1.145ms total 39.401ms
08-04 13:31:47.791 27683  3242 I art     : Starting a blocking GC Explicit
08-04 13:31:47.827 27683  3242 I art     : Explicit concurrent mark sweep GC freed 1065(38KB) AllocSpace objects, 0(0B) LOS objects, 29% free, 37MB/53MB, paused 1.016ms total 34.912ms
08-04 13:31:47.834 27683  4024 E baseline.com.newsblur.network.APIResponse: Error (unexpected end of stream on https://www.newsblur.com/...) calling https://www.newsblur.com/reader/feed_unread_count?feed_id=0
08-04 13:31:47.834 27683  4024 E baseline.com.newsblur.network.APIResponse: java.io.IOException: unexpected end of stream on https://www.newsblur.com/...
08-04 13:31:47.834 27683  4024 E baseline.com.newsblur.network.APIResponse: 	at okhttp3.internal.http1.Http1ExchangeCodec.readResponseHeaders(Http1ExchangeCodec.java:236)
08-04 13:31:47.834 27683  4024 E baseline.com.newsblur.network.APIResponse: 	at okhttp3.internal.connection.Exchange.readResponseHeaders(Exchange.java:115)
08-04 13:31:47.834 27683  4024 E baseline.com.newsblur.network.APIResponse: 	at okhttp3.internal.http.CallServerInterceptor.intercept(CallServerInterceptor.java:94)
08-04 13:31:47.834 27683  4024 E baseline.com.newsblur.network.APIResponse: 	at okhttp3.internal.http.RealInterceptorChain.proceed(RealInterceptorChain.java:142)
08-04 13:31:47.834 27683  4024 E baseline.com.newsblur.network.APIResponse: 	at okhttp3.internal.connection.ConnectInterceptor.intercept(ConnectInterceptor.java:43)
08-04 13:31:47.834 27683  4024 E baseline.com.newsblur.network.APIResponse: 	at okhttp3.internal.http.RealInterceptorChain.proceed(RealInterceptorChain.java:142)
08-04 13:31:47.834 27683  4024 E baseline.com.newsblur.network.APIResponse: 	at okhttp3.internal.http.RealInterceptorChain.proceed(RealInterceptorChain.java:117)
08-04 13:31:47.834 27683  4024 E baseline.com.newsblur.network.APIResponse: 	at okhttp3.internal.cache.CacheInterceptor.intercept(CacheInterceptor.java:94)
08-04 13:31:47.834 27683  4024 E baseline.com.newsblur.network.APIResponse: 	at okhttp3.internal.http.RealInterceptorChain.proceed(RealInterceptorChain.java:142)
08-04 13:31:47.834 27683  4024 E baseline.com.newsblur.network.APIResponse: 	at okhttp3.internal.http.RealInterceptorChain.proceed(RealInterceptorChain.java:117)
08-04 13:31:47.834 27683  4024 E baseline.com.newsblur.network.APIResponse: 	at okhttp3.internal.http.BridgeInterceptor.intercept(BridgeInterceptor.java:93)
08-04 13:31:47.834 27683  4024 E baseline.com.newsblur.network.APIResponse: 	at okhttp3.internal.http.RealInterceptorChain.proceed(RealInterceptorChain.java:142)
08-04 13:31:47.834 27683  4024 E baseline.com.newsblur.network.APIResponse: 	at okhttp3.internal.http.RetryAndFollowUpInterceptor.intercept(RetryAndFollowUpInterceptor.java:88)
08-04 13:31:47.834 27683  4024 E baseline.com.newsblur.network.APIResponse: 	at okhttp3.internal.http.RealInterceptorChain.proceed(RealInterceptorChain.java:142)
08-04 13:31:47.834 27683  4024 E baseline.com.newsblur.network.APIResponse: 	at okhttp3.internal.http.RealInterceptorChain.proceed(RealInterceptorChain.java:117)
08-04 13:31:47.834 27683  4024 E baseline.com.newsblur.network.APIResponse: 	at okhttp3.RealCall.getResponseWithInterceptorChain(RealCall.java:229)
08-04 13:31:47.834 27683  4024 E baseline.com.newsblur.network.APIResponse: 	at okhttp3.RealCall.execute(RealCall.java:81)
08-04 13:31:47.834 27683  4024 E baseline.com.newsblur.network.APIResponse: 	at baseline.com.newsblur.network.APIResponse.<init>(APIResponse.java:57)
08-04 13:31:47.834 27683  4024 E baseline.com.newsblur.network.APIResponse: 	at baseline.com.newsblur.network.APIManager.get_single(APIManager.java:639)
08-04 13:31:47.834 27683  4024 E baseline.com.newsblur.network.APIResponse: 	at baseline.com.newsblur.network.APIManager.get(APIManager.java:625)
08-04 13:31:47.834 27683  4024 E baseline.com.newsblur.network.APIResponse: 	at baseline.com.newsblur.network.APIManager.get(APIManager.java:667)
08-04 13:31:47.834 27683  4024 E baseline.com.newsblur.network.APIResponse: 	at baseline.com.newsblur.network.APIManager.getFeedUnreadCounts(APIManager.java:274)
08-04 13:31:47.834 27683  4024 E baseline.com.newsblur.network.APIResponse: 	at baseline.com.newsblur.service.NBSyncService.checkRecounts(NBSyncService.java:660)
08-04 13:31:47.834 27683  4024 E baseline.com.newsblur.network.APIResponse: 	at baseline.com.newsblur.service.NBSyncService.doSync(NBSyncService.java:310)
08-04 13:31:47.834 27683  4024 E baseline.com.newsblur.network.APIResponse: 	at baseline.com.newsblur.service.NBSyncService.access$100(NBSyncService.java:67)
08-04 13:31:47.834 27683  4024 E baseline.com.newsblur.network.APIResponse: 	at baseline.com.newsblur.service.NBSyncService$1.run(NBSyncService.java:188)
08-04 13:31:47.834 27683  4024 E baseline.com.newsblur.network.APIResponse: 	at java.util.concurrent.ThreadPoolExecutor.runWorker(ThreadPoolExecutor.java:1113)
08-04 13:31:47.834 27683  4024 E baseline.com.newsblur.network.APIResponse: 	at java.util.concurrent.ThreadPoolExecutor$Worker.run(ThreadPoolExecutor.java:588)
08-04 13:31:47.834 27683  4024 E baseline.com.newsblur.network.APIResponse: 	at java.lang.Thread.run(Thread.java:818)
08-04 13:31:47.834 27683  4024 E baseline.com.newsblur.network.APIResponse: Caused by: java.io.EOFException: \n not found: limit=0 content=
08-04 13:31:47.834 27683  4024 E baseline.com.newsblur.network.APIResponse: 	at okio.RealBufferedSource.readUtf8LineStrict(RealBufferedSource.java:240)
08-04 13:31:47.834 27683  4024 E baseline.com.newsblur.network.APIResponse: 	at okhttp3.internal.http1.Http1ExchangeCodec.readHeaderLine(Http1ExchangeCodec.java:242)
08-04 13:31:47.834 27683  4024 E baseline.com.newsblur.network.APIResponse: 	at okhttp3.internal.http1.Http1ExchangeCodec.readResponseHeaders(Http1ExchangeCodec.java:213)
08-04 13:31:47.834 27683  4024 E baseline.com.newsblur.network.APIResponse: 	... 28 more
08-04 13:31:47.836 27683  4024 I baseline.com.newsblur.network.APIManager: API call failed, pausing before retry number 1
08-04 13:31:47.838 27683  3242 I art     : Starting a blocking GC Explicit
08-04 13:31:47.873 27683  3242 I art     : Explicit concurrent mark sweep GC freed 816(199KB) AllocSpace objects, 2(40KB) LOS objects, 29% free, 37MB/53MB, paused 997us total 34.992ms
08-04 13:31:47.883 27683  3242 I art     : Starting a blocking GC Explicit
08-04 13:31:47.917 27683  3242 I art     : Explicit concurrent mark sweep GC freed 50(9KB) AllocSpace objects, 0(0B) LOS objects, 29% free, 37MB/53MB, paused 1.100ms total 33.993ms
08-04 13:31:47.927 27683  3242 I art     : Starting a blocking GC Explicit
08-04 13:31:47.963 27683  3242 I art     : Explicit concurrent mark sweep GC freed 6(192B) AllocSpace objects, 0(0B) LOS objects, 29% free, 37MB/53MB, paused 1.043ms total 36.051ms
08-04 13:31:48.313 27683 27696 I art     : Starting a blocking GC Explicit
08-04 13:31:48.351 27683 27696 I art     : Explicit concurrent mark sweep GC freed 1438(82KB) AllocSpace objects, 1(20KB) LOS objects, 29% free, 37MB/53MB, paused 1.052ms total 38.472ms
08-04 13:31:48.362 27683 27696 I art     : Starting a blocking GC Explicit
08-04 13:31:48.398 27683 27696 I art     : Explicit concurrent mark sweep GC freed 22(784B) AllocSpace objects, 0(0B) LOS objects, 29% free, 37MB/53MB, paused 1.148ms total 36.047ms
08-04 13:31:48.408 27683 27696 I art     : Starting a blocking GC Explicit
08-04 13:31:48.445 27683 27696 I art     : Explicit concurrent mark sweep GC freed 3(96B) AllocSpace objects, 0(0B) LOS objects, 29% free, 37MB/53MB, paused 1.053ms total 36.358ms
08-04 13:31:48.455 27683 27696 I art     : Starting a blocking GC Explicit
08-04 13:31:48.492 27683 27696 I art     : Explicit concurrent mark sweep GC freed 3(96B) AllocSpace objects, 0(0B) LOS objects, 29% free, 37MB/53MB, paused 1.036ms total 36.678ms
08-04 13:31:48.502 27683 27696 I art     : Starting a blocking GC Explicit
08-04 13:31:48.538 27683 27696 I art     : Explicit concurrent mark sweep GC freed 3(96B) AllocSpace objects, 0(0B) LOS objects, 29% free, 37MB/53MB, paused 1.099ms total 35.417ms
08-04 13:31:48.900 27683 27697 I art     : Starting a blocking GC Explicit
08-04 13:31:48.938 27683 27697 I art     : Explicit concurrent mark sweep GC freed 1461(83KB) AllocSpace objects, 1(20KB) LOS objects, 29% free, 37MB/53MB, paused 1.197ms total 37.052ms
08-04 13:31:48.949 27683 27697 I art     : Starting a blocking GC Explicit
08-04 13:31:48.984 27683 27697 I art     : Explicit concurrent mark sweep GC freed 22(784B) AllocSpace objects, 0(0B) LOS objects, 29% free, 37MB/53MB, paused 1.020ms total 35.354ms
08-04 13:31:48.994 27683 27697 I art     : Starting a blocking GC Explicit
08-04 13:31:49.032 27683 27697 I art     : Explicit concurrent mark sweep GC freed 616(33KB) AllocSpace objects, 0(0B) LOS objects, 29% free, 37MB/53MB, paused 1.059ms total 37.162ms
08-04 13:31:49.043 27683 27697 I art     : Starting a blocking GC Explicit
08-04 13:31:49.077 27683 27697 I art     : Explicit concurrent mark sweep GC freed 437(17KB) AllocSpace objects, 0(0B) LOS objects, 29% free, 37MB/53MB, paused 1.048ms total 34.675ms
08-04 13:31:49.087 27683 27697 I art     : Starting a blocking GC Explicit
08-04 13:31:49.123 27683 27697 I art     : Explicit concurrent mark sweep GC freed 700(54KB) AllocSpace objects, 0(0B) LOS objects, 29% free, 37MB/53MB, paused 994us total 35.147ms
08-04 13:31:49.450 27683  3240 I art     : Starting a blocking GC Explicit
08-04 13:31:49.489 27683  3240 I art     : Explicit concurrent mark sweep GC freed 2114(116KB) AllocSpace objects, 1(20KB) LOS objects, 29% free, 37MB/53MB, paused 1.213ms total 38.538ms
08-04 13:31:49.503 27683  3240 I art     : Starting a blocking GC Explicit
08-04 13:31:49.536 27683  3240 I art     : Explicit concurrent mark sweep GC freed 408(29KB) AllocSpace objects, 0(0B) LOS objects, 29% free, 37MB/53MB, paused 1.019ms total 33.543ms
08-04 13:31:49.546 27683  3240 I art     : Starting a blocking GC Explicit
08-04 13:31:49.580 27683  3240 I art     : Explicit concurrent mark sweep GC freed 3(96B) AllocSpace objects, 0(0B) LOS objects, 29% free, 37MB/53MB, paused 1.037ms total 33.715ms
08-04 13:31:49.590 27683  3240 I art     : Starting a blocking GC Explicit
08-04 13:31:49.625 27683  3240 I art     : Explicit concurrent mark sweep GC freed 3(96B) AllocSpace objects, 0(0B) LOS objects, 29% free, 37MB/53MB, paused 1.021ms total 35.403ms
08-04 13:31:49.635 27683  3240 I art     : Starting a blocking GC Explicit
08-04 13:31:49.670 27683  3240 I art     : Explicit concurrent mark sweep GC freed 3(96B) AllocSpace objects, 0(0B) LOS objects, 29% free, 37MB/53MB, paused 973us total 34.611ms
08-04 13:31:49.768 27683  4024 E baseline.com.newsblur.network.APIResponse: Error (unexpected end of stream on https://www.newsblur.com/...) calling https://www.newsblur.com/reader/feed_unread_count?feed_id=0
08-04 13:31:49.768 27683  4024 E baseline.com.newsblur.network.APIResponse: java.io.IOException: unexpected end of stream on https://www.newsblur.com/...
08-04 13:31:49.768 27683  4024 E baseline.com.newsblur.network.APIResponse: 	at okhttp3.internal.http1.Http1ExchangeCodec.readResponseHeaders(Http1ExchangeCodec.java:236)
08-04 13:31:49.768 27683  4024 E baseline.com.newsblur.network.APIResponse: 	at okhttp3.internal.connection.Exchange.readResponseHeaders(Exchange.java:115)
08-04 13:31:49.768 27683  4024 E baseline.com.newsblur.network.APIResponse: 	at okhttp3.internal.http.CallServerInterceptor.intercept(CallServerInterceptor.java:94)
08-04 13:31:49.768 27683  4024 E baseline.com.newsblur.network.APIResponse: 	at okhttp3.internal.http.RealInterceptorChain.proceed(RealInterceptorChain.java:142)
08-04 13:31:49.768 27683  4024 E baseline.com.newsblur.network.APIResponse: 	at okhttp3.internal.connection.ConnectInterceptor.intercept(ConnectInterceptor.java:43)
08-04 13:31:49.768 27683  4024 E baseline.com.newsblur.network.APIResponse: 	at okhttp3.internal.http.RealInterceptorChain.proceed(RealInterceptorChain.java:142)
08-04 13:31:49.768 27683  4024 E baseline.com.newsblur.network.APIResponse: 	at okhttp3.internal.http.RealInterceptorChain.proceed(RealInterceptorChain.java:117)
08-04 13:31:49.768 27683  4024 E baseline.com.newsblur.network.APIResponse: 	at okhttp3.internal.cache.CacheInterceptor.intercept(CacheInterceptor.java:94)
08-04 13:31:49.768 27683  4024 E baseline.com.newsblur.network.APIResponse: 	at okhttp3.internal.http.RealInterceptorChain.proceed(RealInterceptorChain.java:142)
08-04 13:31:49.768 27683  4024 E baseline.com.newsblur.network.APIResponse: 	at okhttp3.internal.http.RealInterceptorChain.proceed(RealInterceptorChain.java:117)
08-04 13:31:49.768 27683  4024 E baseline.com.newsblur.network.APIResponse: 	at okhttp3.internal.http.BridgeInterceptor.intercept(BridgeInterceptor.java:93)
08-04 13:31:49.768 27683  4024 E baseline.com.newsblur.network.APIResponse: 	at okhttp3.internal.http.RealInterceptorChain.proceed(RealInterceptorChain.java:142)
08-04 13:31:49.768 27683  4024 E baseline.com.newsblur.network.APIResponse: 	at okhttp3.internal.http.RetryAndFollowUpInterceptor.intercept(RetryAndFollowUpInterceptor.java:88)
08-04 13:31:49.768 27683  4024 E baseline.com.newsblur.network.APIResponse: 	at okhttp3.internal.http.RealInterceptorChain.proceed(RealInterceptorChain.java:142)
08-04 13:31:49.768 27683  4024 E baseline.com.newsblur.network.APIResponse: 	at okhttp3.internal.http.RealInterceptorChain.proceed(RealInterceptorChain.java:117)
08-04 13:31:49.768 27683  4024 E baseline.com.newsblur.network.APIResponse: 	at okhttp3.RealCall.getResponseWithInterceptorChain(RealCall.java:229)
08-04 13:31:49.768 27683  4024 E baseline.com.newsblur.network.APIResponse: 	at okhttp3.RealCall.execute(RealCall.java:81)
08-04 13:31:49.768 27683  4024 E baseline.com.newsblur.network.APIResponse: 	at baseline.com.newsblur.network.APIResponse.<init>(APIResponse.java:57)
08-04 13:31:49.768 27683  4024 E baseline.com.newsblur.network.APIResponse: 	at baseline.com.newsblur.network.APIManager.get_single(APIManager.java:639)
08-04 13:31:49.768 27683  4024 E baseline.com.newsblur.network.APIResponse: 	at baseline.com.newsblur.network.APIManager.get(APIManager.java:625)
08-04 13:31:49.768 27683  4024 E baseline.com.newsblur.network.APIResponse: 	at baseline.com.newsblur.network.APIManager.get(APIManager.java:667)
08-04 13:31:49.768 27683  4024 E baseline.com.newsblur.network.APIResponse: 	at baseline.com.newsblur.network.APIManager.getFeedUnreadCounts(APIManager.java:274)
08-04 13:31:49.768 27683  4024 E baseline.com.newsblur.network.APIResponse: 	at baseline.com.newsblur.service.NBSyncService.checkRecounts(NBSyncService.java:660)
08-04 13:31:49.768 27683  4024 E baseline.com.newsblur.network.APIResponse: 	at baseline.com.newsblur.service.NBSyncService.doSync(NBSyncService.java:310)
08-04 13:31:49.768 27683  4024 E baseline.com.newsblur.network.APIResponse: 	at baseline.com.newsblur.service.NBSyncService.access$100(NBSyncService.java:67)
08-04 13:31:49.768 27683  4024 E baseline.com.newsblur.network.APIResponse: 	at baseline.com.newsblur.service.NBSyncService$1.run(NBSyncService.java:188)
08-04 13:31:49.768 27683  4024 E baseline.com.newsblur.network.APIResponse: 	at java.util.concurrent.ThreadPoolExecutor.runWorker(ThreadPoolExecutor.java:1113)
08-04 13:31:49.768 27683  4024 E baseline.com.newsblur.network.APIResponse: 	at java.util.concurrent.ThreadPoolExecutor$Worker.run(ThreadPoolExecutor.java:588)
08-04 13:31:49.768 27683  4024 E baseline.com.newsblur.network.APIResponse: 	at java.lang.Thread.run(Thread.java:818)
08-04 13:31:49.768 27683  4024 E baseline.com.newsblur.network.APIResponse: Caused by: java.io.EOFException: \n not found: limit=0 content=
08-04 13:31:49.768 27683  4024 E baseline.com.newsblur.network.APIResponse: 	at okio.RealBufferedSource.readUtf8LineStrict(RealBufferedSource.java:240)
08-04 13:31:49.768 27683  4024 E baseline.com.newsblur.network.APIResponse: 	at okhttp3.internal.http1.Http1ExchangeCodec.readHeaderLine(Http1ExchangeCodec.java:242)
08-04 13:31:49.768 27683  4024 E baseline.com.newsblur.network.APIResponse: 	at okhttp3.internal.http1.Http1ExchangeCodec.readResponseHeaders(Http1ExchangeCodec.java:213)
08-04 13:31:49.768 27683  4024 E baseline.com.newsblur.network.APIResponse: 	... 28 more
08-04 13:31:49.770 27683  4024 I baseline.com.newsblur.network.APIManager: API call failed, pausing before retry number 2
08-04 13:31:50.008 27683  3242 I art     : Starting a blocking GC Explicit
08-04 13:31:50.043 27683  3242 I art     : Explicit concurrent mark sweep GC freed 3926(355KB) AllocSpace objects, 3(60KB) LOS objects, 29% free, 37MB/53MB, paused 1.085ms total 35.425ms
08-04 13:31:50.053 27683  3242 I art     : Starting a blocking GC Explicit
08-04 13:31:50.088 27683  3242 I art     : Explicit concurrent mark sweep GC freed 109(3KB) AllocSpace objects, 0(0B) LOS objects, 29% free, 37MB/53MB, paused 1.008ms total 34.887ms
08-04 13:31:50.099 27683  3242 I art     : Starting a blocking GC Explicit
08-04 13:31:50.133 27683  3242 I art     : Explicit concurrent mark sweep GC freed 3(96B) AllocSpace objects, 0(0B) LOS objects, 29% free, 37MB/53MB, paused 925us total 34.108ms
08-04 13:31:50.143 27683  3242 I art     : Starting a blocking GC Explicit
08-04 13:31:50.178 27683  3242 I art     : Explicit concurrent mark sweep GC freed 3(96B) AllocSpace objects, 0(0B) LOS objects, 29% free, 37MB/53MB, paused 978us total 35.189ms
08-04 13:31:50.188 27683  3242 I art     : Starting a blocking GC Explicit
08-04 13:31:50.224 27683  3242 I art     : Explicit concurrent mark sweep GC freed 3(96B) AllocSpace objects, 0(0B) LOS objects, 29% free, 37MB/53MB, paused 979us total 35.685ms
08-04 13:31:50.591 27683 27696 I art     : Starting a blocking GC Explicit
08-04 13:31:50.628 27683 27696 I art     : Explicit concurrent mark sweep GC freed 1437(82KB) AllocSpace objects, 1(20KB) LOS objects, 29% free, 37MB/53MB, paused 970us total 37.236ms
08-04 13:31:50.639 27683 27696 I art     : Starting a blocking GC Explicit
08-04 13:31:50.675 27683 27696 I art     : Explicit concurrent mark sweep GC freed 22(784B) AllocSpace objects, 0(0B) LOS objects, 29% free, 37MB/53MB, paused 975us total 35.877ms
08-04 13:31:50.685 27683 27696 I art     : Starting a blocking GC Explicit
08-04 13:31:50.721 27683 27696 I art     : Explicit concurrent mark sweep GC freed 3(96B) AllocSpace objects, 0(0B) LOS objects, 29% free, 37MB/53MB, paused 1.011ms total 36.026ms
08-04 13:31:50.732 27683 27696 I art     : Starting a blocking GC Explicit
08-04 13:31:50.767 27683 27696 I art     : Explicit concurrent mark sweep GC freed 3(96B) AllocSpace objects, 0(0B) LOS objects, 29% free, 37MB/53MB, paused 1.040ms total 35.512ms
08-04 13:31:50.778 27683 27696 I art     : Starting a blocking GC Explicit
08-04 13:31:50.814 27683 27696 I art     : Explicit concurrent mark sweep GC freed 3(96B) AllocSpace objects, 0(0B) LOS objects, 29% free, 37MB/53MB, paused 984us total 35.915ms
08-04 13:31:51.156 27683 27697 I art     : Starting a blocking GC Explicit
08-04 13:31:51.195 27683 27697 I art     : Explicit concurrent mark sweep GC freed 1437(82KB) AllocSpace objects, 1(20KB) LOS objects, 29% free, 37MB/53MB, paused 1.034ms total 37.900ms
08-04 13:31:51.209 27683 27697 I art     : Starting a blocking GC Explicit
08-04 13:31:51.243 27683 27697 I art     : Explicit concurrent mark sweep GC freed 22(784B) AllocSpace objects, 0(0B) LOS objects, 29% free, 37MB/53MB, paused 975us total 34.129ms
08-04 13:31:51.253 27683 27697 I art     : Starting a blocking GC Explicit
08-04 13:31:51.286 27683 27697 I art     : Explicit concurrent mark sweep GC freed 3(96B) AllocSpace objects, 0(0B) LOS objects, 29% free, 37MB/53MB, paused 1.058ms total 33.378ms
08-04 13:31:51.296 27683 27697 I art     : Starting a blocking GC Explicit
08-04 13:31:51.332 27683 27697 I art     : Explicit concurrent mark sweep GC freed 3(96B) AllocSpace objects, 0(0B) LOS objects, 29% free, 37MB/53MB, paused 951us total 35.328ms
08-04 13:31:51.342 27683 27697 I art     : Starting a blocking GC Explicit
08-04 13:31:51.377 27683 27697 I art     : Explicit concurrent mark sweep GC freed 3(96B) AllocSpace objects, 0(0B) LOS objects, 29% free, 37MB/53MB, paused 992us total 34.934ms
08-04 13:31:51.712 27683  3240 I art     : Starting a blocking GC Explicit
08-04 13:31:51.750 27683  3240 I art     : Explicit concurrent mark sweep GC freed 1437(82KB) AllocSpace objects, 1(20KB) LOS objects, 29% free, 37MB/53MB, paused 1.155ms total 37.954ms
08-04 13:31:51.765 27683  3240 I art     : Starting a blocking GC Explicit
08-04 13:31:51.798 27683  3240 I art     : Explicit concurrent mark sweep GC freed 22(784B) AllocSpace objects, 0(0B) LOS objects, 29% free, 37MB/53MB, paused 1.054ms total 32.690ms
08-04 13:31:51.807 27683  3240 I art     : Starting a blocking GC Explicit
08-04 13:31:51.841 27683  3240 I art     : Explicit concurrent mark sweep GC freed 3(96B) AllocSpace objects, 0(0B) LOS objects, 29% free, 37MB/53MB, paused 1.007ms total 33.250ms
08-04 13:31:51.851 27683  3240 I art     : Starting a blocking GC Explicit
08-04 13:31:51.886 27683  3240 I art     : Explicit concurrent mark sweep GC freed 3(96B) AllocSpace objects, 0(0B) LOS objects, 29% free, 37MB/53MB, paused 953us total 34.695ms
08-04 13:31:51.896 27683  3240 I art     : Starting a blocking GC Explicit
08-04 13:31:51.929 27683  3240 I art     : Explicit concurrent mark sweep GC freed 3(96B) AllocSpace objects, 0(0B) LOS objects, 29% free, 37MB/53MB, paused 992us total 33.595ms
08-04 13:31:51.982  4408  4408 D AndroidRuntime: >>>>>> START com.android.internal.os.RuntimeInit uid 2000 <<<<<<
08-04 13:31:51.986  4408  4408 D AndroidRuntime: CheckJNI is OFF
08-04 13:31:52.019  4408  4408 D ICU     : No timezone override file found: /data/misc/zoneinfo/current/icu/icu_tzdata.dat
08-04 13:31:52.052  4408  4408 I Radio-JNI: register_android_hardware_Radio DONE
08-04 13:31:52.073  4408  4408 D AndroidRuntime: Calling main entry com.android.commands.input.Input
08-04 13:31:52.075  4408  4408 I Input   : injectMotionEvent: MotionEvent { action=ACTION_DOWN, actionButton=0, id[0]=0, x[0]=436.0, y[0]=453.0, toolType[0]=TOOL_TYPE_UNKNOWN, buttonState=0, metaState=0, flags=0x0, edgeFlags=0x0, pointerCount=1, historySize=0, eventTime=711128488, downTime=711128488, deviceId=0, source=0x1002 }
08-04 13:31:52.081  4408  4408 I Input   : injectMotionEvent: MotionEvent { action=ACTION_UP, actionButton=0, id[0]=0, x[0]=436.0, y[0]=453.0, toolType[0]=TOOL_TYPE_UNKNOWN, buttonState=0, metaState=0, flags=0x0, edgeFlags=0x0, pointerCount=1, historySize=0, eventTime=711128488, downTime=711128488, deviceId=0, source=0x1002 }
08-04 13:31:52.083  4408  4408 D AndroidRuntime: Shutting down VM
08-04 13:31:52.089   512  2967 D audio_hw_primary: out_set_parameters: enter: usecase(1: low-latency-playback) kvpairs: routing=2
08-04 13:31:52.092   918  3961 I ActivityManager: START u0 {cmp=baseline.com.newsblur/.activity.GlobalSharedStoriesReading (has extras)} from uid 10652 on display 0
08-04 13:31:52.102   512  2967 D audio_hw_primary: select_devices: out_snd_device(2: speaker) in_snd_device(0: none)
08-04 13:31:52.103   512  2967 D msm8974_platform: platform_send_audio_calibration: sending audio calibration for snd_device(2) acdb_id(15)
08-04 13:31:52.103   512  2967 I soundtrigger: audio_extn_sound_trigger_update_device_status: device 0x2 of type 0 for Event 1
08-04 13:31:52.116   512  2967 D audio_hw_primary: enable_snd_device: snd_device(2: speaker)
08-04 13:31:52.119   512  2967 D audio_hw_primary: enable_audio_route: apply and update mixer path: low-latency-playback speaker
08-04 13:31:52.238 27683 27696 I art     : Starting a blocking GC Explicit
08-04 13:31:52.274 27683 27696 I art     : Explicit concurrent mark sweep GC freed 3007(237KB) AllocSpace objects, 6(548KB) LOS objects, 29% free, 37MB/53MB, paused 971us total 35.556ms
08-04 13:31:52.286 27683 27696 I art     : Starting a blocking GC Explicit
08-04 13:31:52.300   918   936 I ActivityManager: Displayed baseline.com.newsblur/.activity.GlobalSharedStoriesReading: +197ms
08-04 13:31:52.300 13866 13866 I GoogleInputMethodServic: GoogleInputMethodService.onFinishInput():3138 
08-04 13:31:52.301 13866 13866 I GoogleInputMethodServic: GoogleInputMethodService.onStartInput():1808 
08-04 13:31:52.321 27683 27696 I art     : Explicit concurrent mark sweep GC freed 820(59KB) AllocSpace objects, 1(20KB) LOS objects, 29% free, 37MB/53MB, paused 1.209ms total 35.204ms
08-04 13:31:52.331 27683 27696 I art     : Starting a blocking GC Explicit
08-04 13:31:52.372 27683 27696 I art     : Explicit concurrent mark sweep GC freed 1606(104KB) AllocSpace objects, 3(68KB) LOS objects, 29% free, 38MB/54MB, paused 6.835ms total 40.322ms
08-04 13:31:52.382 27683 27696 I art     : Starting a blocking GC Explicit
08-04 13:31:52.418 27683 27696 I art     : Explicit concurrent mark sweep GC freed 678(56KB) AllocSpace objects, 6(140KB) LOS objects, 29% free, 38MB/54MB, paused 1.229ms total 35.751ms
08-04 13:31:52.429 27683 27696 I art     : Starting a blocking GC Explicit
08-04 13:31:52.467 27683 27696 I art     : Explicit concurrent mark sweep GC freed 845(65KB) AllocSpace objects, 4(104KB) LOS objects, 29% free, 38MB/54MB, paused 1.258ms total 38.231ms
08-04 13:31:52.537 27683  3627 E chromium: [ERROR:tile_manager.cc(793)] WARNING: tile memory limits exceeded, some content may not draw
08-04 13:31:52.538 27683  3627 E chromium: [ERROR:tile_manager.cc(793)] WARNING: tile memory limits exceeded, some content may not draw
08-04 13:31:52.658   512  2967 D audio_hw_primary: disable_audio_route: reset and update mixer path: low-latency-playback speaker
08-04 13:31:52.659   512  2967 D audio_hw_primary: disable_snd_device: snd_device(2: speaker)
08-04 13:31:52.667   512  2967 I soundtrigger: audio_extn_sound_trigger_update_device_status: device 0x2 of type 0 for Event 0
08-04 13:31:52.787 27683 27697 I art     : Starting a blocking GC Explicit
08-04 13:31:52.823 27683 27697 I art     : Explicit concurrent mark sweep GC freed 1798(125KB) AllocSpace objects, 2(40KB) LOS objects, 29% free, 38MB/54MB, paused 948us total 35.735ms
08-04 13:31:52.833 27683 27697 I art     : Starting a blocking GC Explicit
08-04 13:31:52.866 27683 27697 I art     : Explicit concurrent mark sweep GC freed 53(2192B) AllocSpace objects, 0(0B) LOS objects, 29% free, 38MB/54MB, paused 992us total 33.300ms
08-04 13:31:52.875 27683 27697 I art     : Starting a blocking GC Explicit
08-04 13:31:52.912 27683 27697 I art     : Explicit concurrent mark sweep GC freed 68(4KB) AllocSpace objects, 0(0B) LOS objects, 29% free, 38MB/54MB, paused 1.038ms total 36.292ms
08-04 13:31:52.922 27683 27697 I art     : Starting a blocking GC Explicit
08-04 13:31:52.959 27683 27697 I art     : Explicit concurrent mark sweep GC freed 12(1408B) AllocSpace objects, 0(0B) LOS objects, 29% free, 38MB/54MB, paused 1.075ms total 36.813ms
08-04 13:31:52.969 27683 27697 I art     : Starting a blocking GC Explicit
08-04 13:31:53.007 27683 27697 I art     : Explicit concurrent mark sweep GC freed 3(96B) AllocSpace objects, 0(0B) LOS objects, 29% free, 38MB/54MB, paused 1.026ms total 37.215ms
08-04 13:31:53.323 27683 27696 I art     : Starting a blocking GC Explicit
08-04 13:31:53.337 27683  4024 E baseline.com.newsblur.network.APIResponse: Error (unexpected end of stream on https://www.newsblur.com/...) calling https://www.newsblur.com/reader/feed_unread_count?feed_id=0
08-04 13:31:53.337 27683  4024 E baseline.com.newsblur.network.APIResponse: java.io.IOException: unexpected end of stream on https://www.newsblur.com/...
08-04 13:31:53.337 27683  4024 E baseline.com.newsblur.network.APIResponse: 	at okhttp3.internal.http1.Http1ExchangeCodec.readResponseHeaders(Http1ExchangeCodec.java:236)
08-04 13:31:53.337 27683  4024 E baseline.com.newsblur.network.APIResponse: 	at okhttp3.internal.connection.Exchange.readResponseHeaders(Exchange.java:115)
08-04 13:31:53.337 27683  4024 E baseline.com.newsblur.network.APIResponse: 	at okhttp3.internal.http.CallServerInterceptor.intercept(CallServerInterceptor.java:94)
08-04 13:31:53.337 27683  4024 E baseline.com.newsblur.network.APIResponse: 	at okhttp3.internal.http.RealInterceptorChain.proceed(RealInterceptorChain.java:142)
08-04 13:31:53.337 27683  4024 E baseline.com.newsblur.network.APIResponse: 	at okhttp3.internal.connection.ConnectInterceptor.intercept(ConnectInterceptor.java:43)
08-04 13:31:53.337 27683  4024 E baseline.com.newsblur.network.APIResponse: 	at okhttp3.internal.http.RealInterceptorChain.proceed(RealInterceptorChain.java:142)
08-04 13:31:53.337 27683  4024 E baseline.com.newsblur.network.APIResponse: 	at okhttp3.internal.http.RealInterceptorChain.proceed(RealInterceptorChain.java:117)
08-04 13:31:53.337 27683  4024 E baseline.com.newsblur.network.APIResponse: 	at okhttp3.internal.cache.CacheInterceptor.intercept(CacheInterceptor.java:94)
08-04 13:31:53.337 27683  4024 E baseline.com.newsblur.network.APIResponse: 	at okhttp3.internal.http.RealInterceptorChain.proceed(RealInterceptorChain.java:142)
08-04 13:31:53.337 27683  4024 E baseline.com.newsblur.network.APIResponse: 	at okhttp3.internal.http.RealInterceptorChain.proceed(RealInterceptorChain.java:117)
08-04 13:31:53.337 27683  4024 E baseline.com.newsblur.network.APIResponse: 	at okhttp3.internal.http.BridgeInterceptor.intercept(BridgeInterceptor.java:93)
08-04 13:31:53.337 27683  4024 E baseline.com.newsblur.network.APIResponse: 	at okhttp3.internal.http.RealInterceptorChain.proceed(RealInterceptorChain.java:142)
08-04 13:31:53.337 27683  4024 E baseline.com.newsblur.network.APIResponse: 	at okhttp3.internal.http.RetryAndFollowUpInterceptor.intercept(RetryAndFollowUpInterceptor.java:88)
08-04 13:31:53.337 27683  4024 E baseline.com.newsblur.network.APIResponse: 	at okhttp3.internal.http.RealInterceptorChain.proceed(RealInterceptorChain.java:142)
08-04 13:31:53.337 27683  4024 E baseline.com.newsblur.network.APIResponse: 	at okhttp3.internal.http.RealInterceptorChain.proceed(RealInterceptorChain.java:117)
08-04 13:31:53.337 27683  4024 E baseline.com.newsblur.network.APIResponse: 	at okhttp3.RealCall.getResponseWithInterceptorChain(RealCall.java:229)
08-04 13:31:53.337 27683  4024 E baseline.com.newsblur.network.APIResponse: 	at okhttp3.RealCall.execute(RealCall.java:81)
08-04 13:31:53.337 27683  4024 E baseline.com.newsblur.network.APIResponse: 	at baseline.com.newsblur.network.APIResponse.<init>(APIResponse.java:57)
08-04 13:31:53.337 27683  4024 E baseline.com.newsblur.network.APIResponse: 	at baseline.com.newsblur.network.APIManager.get_single(APIManager.java:639)
08-04 13:31:53.337 27683  4024 E baseline.com.newsblur.network.APIResponse: 	at baseline.com.newsblur.network.APIManager.get(APIManager.java:625)
08-04 13:31:53.337 27683  4024 E baseline.com.newsblur.network.APIResponse: 	at baseline.com.newsblur.network.APIManager.get(APIManager.java:667)
08-04 13:31:53.337 27683  4024 E baseline.com.newsblur.network.APIResponse: 	at baseline.com.newsblur.network.APIManager.getFeedUnreadCounts(APIManager.java:274)
08-04 13:31:53.337 27683  4024 E baseline.com.newsblur.network.APIResponse: 	at baseline.com.newsblur.service.NBSyncService.checkRecounts(NBSyncService.java:660)
08-04 13:31:53.337 27683  4024 E baseline.com.newsblur.network.APIResponse: 	at baseline.com.newsblur.service.NBSyncService.doSync(NBSyncService.java:310)
08-04 13:31:53.337 27683  4024 E baseline.com.newsblur.network.APIResponse: 	at baseline.com.newsblur.service.NBSyncService.access$100(NBSyncService.java:67)
08-04 13:31:53.337 27683  4024 E baseline.com.newsblur.network.APIResponse: 	at baseline.com.newsblur.service.NBSyncService$1.run(NBSyncService.java:188)
08-04 13:31:53.337 27683  4024 E baseline.com.newsblur.network.APIResponse: 	at java.util.concurrent.ThreadPoolExecutor.runWorker(ThreadPoolExecutor.java:1113)
08-04 13:31:53.337 27683  4024 E baseline.com.newsblur.network.APIResponse: 	at java.util.concurrent.ThreadPoolExecutor$Worker.run(ThreadPoolExecutor.java:588)
08-04 13:31:53.337 27683  4024 E baseline.com.newsblur.network.APIResponse: 	at java.lang.Thread.run(Thread.java:818)
08-04 13:31:53.337 27683  4024 E baseline.com.newsblur.network.APIResponse: Caused by: java.io.EOFException: \n not found: limit=0 content=
08-04 13:31:53.337 27683  4024 E baseline.com.newsblur.network.APIResponse: 	at okio.RealBufferedSource.readUtf8LineStrict(RealBufferedSource.java:240)
08-04 13:31:53.337 27683  4024 E baseline.com.newsblur.network.APIResponse: 	at okhttp3.internal.http1.Http1ExchangeCodec.readHeaderLine(Http1ExchangeCodec.java:242)
08-04 13:31:53.337 27683  4024 E baseline.com.newsblur.network.APIResponse: 	at okhttp3.internal.http1.Http1ExchangeCodec.readResponseHeaders(Http1ExchangeCodec.java:213)
08-04 13:31:53.337 27683  4024 E baseline.com.newsblur.network.APIResponse: 	... 28 more
08-04 13:31:53.340 27683  4024 W baseline.com.newsblur.service.NBSyncService: Bad response to feed_unread_count
08-04 13:31:53.363 27683 27696 I art     : Explicit concurrent mark sweep GC freed 4357(407KB) AllocSpace objects, 6(120KB) LOS objects, 29% free, 38MB/54MB, paused 1.101ms total 40.312ms
08-04 13:31:53.364 27683 27695 I art     : WaitForGcToComplete blocked for 11.737ms for cause HeapTrim
08-04 13:31:53.373 27683 27696 I art     : Starting a blocking GC Explicit
08-04 13:31:53.411 27683 27696 I art     : Explicit concurrent mark sweep GC freed 218(20KB) AllocSpace objects, 0(0B) LOS objects, 29% free, 38MB/54MB, paused 1.090ms total 37.092ms
08-04 13:31:53.421 27683 27696 I art     : Starting a blocking GC Explicit
08-04 13:31:53.460 27683 27696 I art     : Explicit concurrent mark sweep GC freed 25(832B) AllocSpace objects, 0(0B) LOS objects, 29% free, 38MB/54MB, paused 1.124ms total 38.652ms
08-04 13:31:53.471 27683 27696 I art     : Starting a blocking GC Explicit
08-04 13:31:53.510 27683 27696 I art     : Explicit concurrent mark sweep GC freed 3(96B) AllocSpace objects, 0(0B) LOS objects, 29% free, 38MB/54MB, paused 1.113ms total 39.174ms
08-04 13:31:53.521 27683 27696 I art     : Starting a blocking GC Explicit
08-04 13:31:53.561 27683 27696 I art     : Explicit concurrent mark sweep GC freed 3(96B) AllocSpace objects, 0(0B) LOS objects, 29% free, 38MB/54MB, paused 1.110ms total 39.574ms
08-04 13:31:53.762 27683  4024 E baseline.com.newsblur.network.APIResponse: Error (unexpected end of stream on https://www.newsblur.com/...) calling https://www.newsblur.com/reader/mark_story_hashes_as_read/
08-04 13:31:53.762 27683  4024 E baseline.com.newsblur.network.APIResponse: java.io.IOException: unexpected end of stream on https://www.newsblur.com/...
08-04 13:31:53.762 27683  4024 E baseline.com.newsblur.network.APIResponse: 	at okhttp3.internal.http1.Http1ExchangeCodec.readResponseHeaders(Http1ExchangeCodec.java:236)
08-04 13:31:53.762 27683  4024 E baseline.com.newsblur.network.APIResponse: 	at okhttp3.internal.connection.Exchange.readResponseHeaders(Exchange.java:115)
08-04 13:31:53.762 27683  4024 E baseline.com.newsblur.network.APIResponse: 	at okhttp3.internal.http.CallServerInterceptor.intercept(CallServerInterceptor.java:94)
08-04 13:31:53.762 27683  4024 E baseline.com.newsblur.network.APIResponse: 	at okhttp3.internal.http.RealInterceptorChain.proceed(RealInterceptorChain.java:142)
08-04 13:31:53.762 27683  4024 E baseline.com.newsblur.network.APIResponse: 	at okhttp3.internal.connection.ConnectInterceptor.intercept(ConnectInterceptor.java:43)
08-04 13:31:53.762 27683  4024 E baseline.com.newsblur.network.APIResponse: 	at okhttp3.internal.http.RealInterceptorChain.proceed(RealInterceptorChain.java:142)
08-04 13:31:53.762 27683  4024 E baseline.com.newsblur.network.APIResponse: 	at okhttp3.internal.http.RealInterceptorChain.proceed(RealInterceptorChain.java:117)
08-04 13:31:53.762 27683  4024 E baseline.com.newsblur.network.APIResponse: 	at okhttp3.internal.cache.CacheInterceptor.intercept(CacheInterceptor.java:94)
08-04 13:31:53.762 27683  4024 E baseline.com.newsblur.network.APIResponse: 	at okhttp3.internal.http.RealInterceptorChain.proceed(RealInterceptorChain.java:142)
08-04 13:31:53.762 27683  4024 E baseline.com.newsblur.network.APIResponse: 	at okhttp3.internal.http.RealInterceptorChain.proceed(RealInterceptorChain.java:117)
08-04 13:31:53.762 27683  4024 E baseline.com.newsblur.network.APIResponse: 	at okhttp3.internal.http.BridgeInterceptor.intercept(BridgeInterceptor.java:93)
08-04 13:31:53.762 27683  4024 E baseline.com.newsblur.network.APIResponse: 	at okhttp3.internal.http.RealInterceptorChain.proceed(RealInterceptorChain.java:142)
08-04 13:31:53.762 27683  4024 E baseline.com.newsblur.network.APIResponse: 	at okhttp3.internal.http.RetryAndFollowUpInterceptor.intercept(RetryAndFollowUpInterceptor.java:88)
08-04 13:31:53.762 27683  4024 E baseline.com.newsblur.network.APIResponse: 	at okhttp3.internal.http.RealInterceptorChain.proceed(RealInterceptorChain.java:142)
08-04 13:31:53.762 27683  4024 E baseline.com.newsblur.network.APIResponse: 	at okhttp3.internal.http.RealInterceptorChain.proceed(RealInterceptorChain.java:117)
08-04 13:31:53.762 27683  4024 E baseline.com.newsblur.network.APIResponse: 	at okhttp3.RealCall.getResponseWithInterceptorChain(RealCall.java:229)
08-04 13:31:53.762 27683  4024 E baseline.com.newsblur.network.APIResponse: 	at okhttp3.RealCall.execute(RealCall.java:81)
08-04 13:31:53.762 27683  4024 E baseline.com.newsblur.network.APIResponse: 	at baseline.com.newsblur.network.APIResponse.<init>(APIResponse.java:57)
08-04 13:31:53.762 27683  4024 E baseline.com.newsblur.network.APIResponse: 	at baseline.com.newsblur.network.APIResponse.<init>(APIResponse.java:43)
08-04 13:31:53.762 27683  4024 E baseline.com.newsblur.network.APIResponse: 	at baseline.com.newsblur.network.APIManager.post_single(APIManager.java:702)
08-04 13:31:53.762 27683  4024 E baseline.com.newsblur.network.APIResponse: 	at baseline.com.newsblur.network.APIManager.post(APIManager.java:675)
08-04 13:31:53.762 27683  4024 E baseline.com.newsblur.network.APIResponse: 	at baseline.com.newsblur.network.APIManager.post(APIManager.java:714)
08-04 13:31:53.762 27683  4024 E baseline.com.newsblur.network.APIResponse: 	at baseline.com.newsblur.network.APIManager.markStoryAsRead(APIManager.java:205)
08-04 13:31:53.762 27683  4024 E baseline.com.newsblur.network.APIResponse: 	at baseline.com.newsblur.util.ReadingAction.doRemote(ReadingAction.java:281)
08-04 13:31:53.762 27683  4024 E baseline.com.newsblur.network.APIResponse: 	at baseline.com.newsblur.service.NBSyncService.syncActions(NBSyncService.java:400)
08-04 13:31:53.762 27683  4024 E baseline.com.newsblur.network.APIResponse: 	at baseline.com.newsblur.service.NBSyncService.doSync(NBSyncService.java:298)
08-04 13:31:53.762 27683  4024 E baseline.com.newsblur.network.APIResponse: 	at baseline.com.newsblur.service.NBSyncService.access$100(NBSyncService.java:67)
08-04 13:31:53.762 27683  4024 E baseline.com.newsblur.network.APIResponse: 	at baseline.com.newsblur.service.NBSyncService$1.run(NBSyncService.java:188)
08-04 13:31:53.762 27683  4024 E baseline.com.newsblur.network.APIResponse: 	at java.util.concurrent.ThreadPoolExecutor.runWorker(ThreadPoolExecutor.java:1113)
08-04 13:31:53.762 27683  4024 E baseline.com.newsblur.network.APIResponse: 	at java.util.concurrent.ThreadPoolExecutor$Worker.run(ThreadPoolExecutor.java:588)
08-04 13:31:53.762 27683  4024 E baseline.com.newsblur.network.APIResponse: 	at java.lang.Thread.run(Thread.java:818)
08-04 13:31:53.762 27683  4024 E baseline.com.newsblur.network.APIResponse: Caused by: java.io.EOFException: \n not found: limit=0 content=
08-04 13:31:53.762 27683  4024 E baseline.com.newsblur.network.APIResponse: 	at okio.RealBufferedSource.readUtf8LineStrict(RealBufferedSource.java:240)
08-04 13:31:53.762 27683  4024 E baseline.com.newsblur.network.APIResponse: 	at okhttp3.internal.http1.Http1ExchangeCodec.readHeaderLine(Http1ExchangeCodec.java:242)
08-04 13:31:53.762 27683  4024 E baseline.com.newsblur.network.APIResponse: 	at okhttp3.internal.http1.Http1ExchangeCodec.readResponseHeaders(Http1ExchangeCodec.java:213)
08-04 13:31:53.762 27683  4024 E baseline.com.newsblur.network.APIResponse: 	... 30 more
08-04 13:31:53.765 27683  4024 I baseline.com.newsblur.network.APIManager: API call failed, pausing before retry number 1
08-04 13:31:53.894 27683  3240 I art     : Starting a blocking GC Explicit
08-04 13:31:53.934 27683  3240 I art     : Explicit concurrent mark sweep GC freed 4010(359KB) AllocSpace objects, 3(60KB) LOS objects, 29% free, 38MB/54MB, paused 1.217ms total 39.083ms
08-04 13:31:53.949 27683  3240 I art     : Starting a blocking GC Explicit
08-04 13:31:53.986 27683  3240 I art     : Explicit concurrent mark sweep GC freed 109(3KB) AllocSpace objects, 0(0B) LOS objects, 29% free, 38MB/54MB, paused 1.022ms total 36.957ms
08-04 13:31:53.996 27683  3240 I art     : Starting a blocking GC Explicit
08-04 13:31:54.033 27683  3240 I art     : Explicit concurrent mark sweep GC freed 3(96B) AllocSpace objects, 0(0B) LOS objects, 29% free, 38MB/54MB, paused 1.001ms total 36.556ms
08-04 13:31:54.044 27683  3240 I art     : Starting a blocking GC Explicit
08-04 13:31:54.081 27683  3240 I art     : Explicit concurrent mark sweep GC freed 3(96B) AllocSpace objects, 0(0B) LOS objects, 29% free, 38MB/54MB, paused 1.013ms total 36.892ms
08-04 13:31:54.091 27683  3240 I art     : Starting a blocking GC Explicit
08-04 13:31:54.129 27683  3240 I art     : Explicit concurrent mark sweep GC freed 3(96B) AllocSpace objects, 0(0B) LOS objects, 29% free, 38MB/54MB, paused 1.055ms total 37.506ms
08-04 13:31:54.249 30348 30348 I ServiceManager: Waiting for service AtCmdFwd...
08-04 13:31:54.484 27683 27697 I art     : Starting a blocking GC Explicit
08-04 13:31:54.525 27683 27697 I art     : Explicit concurrent mark sweep GC freed 1444(83KB) AllocSpace objects, 1(20KB) LOS objects, 29% free, 38MB/54MB, paused 1.059ms total 40.756ms
08-04 13:31:54.541 27683 27697 I art     : Starting a blocking GC Explicit
08-04 13:31:54.578 27683 27697 I art     : Explicit concurrent mark sweep GC freed 22(784B) AllocSpace objects, 0(0B) LOS objects, 29% free, 38MB/54MB, paused 1.034ms total 36.878ms
08-04 13:31:54.588 27683 27697 I art     : Starting a blocking GC Explicit
08-04 13:31:54.625 27683 27697 I art     : Explicit concurrent mark sweep GC freed 3(96B) AllocSpace objects, 0(0B) LOS objects, 29% free, 38MB/54MB, paused 1.014ms total 36.836ms
08-04 13:31:54.636 27683 27697 I art     : Starting a blocking GC Explicit
08-04 13:31:54.674 27683 27697 I art     : Explicit concurrent mark sweep GC freed 3(96B) AllocSpace objects, 0(0B) LOS objects, 29% free, 38MB/54MB, paused 1.030ms total 37.639ms
08-04 13:31:54.684 27683 27697 I art     : Starting a blocking GC Explicit
08-04 13:31:54.723 27683 27697 I art     : Explicit concurrent mark sweep GC freed 3(96B) AllocSpace objects, 0(0B) LOS objects, 29% free, 38MB/54MB, paused 994us total 37.883ms
08-04 13:31:55.085 27683 27696 I art     : Starting a blocking GC Explicit
08-04 13:31:55.126 27683 27696 I art     : Explicit concurrent mark sweep GC freed 1443(83KB) AllocSpace objects, 1(20KB) LOS objects, 29% free, 38MB/54MB, paused 1.088ms total 40.824ms
08-04 13:31:55.140 27683 27696 I art     : Starting a blocking GC Explicit
08-04 13:31:55.178 27683 27696 I art     : Explicit concurrent mark sweep GC freed 22(784B) AllocSpace objects, 0(0B) LOS objects, 29% free, 38MB/54MB, paused 1.135ms total 37.041ms
08-04 13:31:55.188 27683 27696 I art     : Starting a blocking GC Explicit
08-04 13:31:55.225 27683 27696 I art     : Explicit concurrent mark sweep GC freed 3(96B) AllocSpace objects, 0(0B) LOS objects, 29% free, 38MB/54MB, paused 1.007ms total 36.667ms
08-04 13:31:55.235 27683 27696 I art     : Starting a blocking GC Explicit
08-04 13:31:55.249 30348 30348 I ServiceManager: Waiting for service AtCmdFwd...
08-04 13:31:55.273 27683 27696 I art     : Explicit concurrent mark sweep GC freed 94(3KB) AllocSpace objects, 0(0B) LOS objects, 29% free, 38MB/54MB, paused 1.102ms total 37.515ms
08-04 13:31:55.283 27683 27696 I art     : Starting a blocking GC Explicit
08-04 13:31:55.322 27683 27696 I art     : Explicit concurrent mark sweep GC freed 9(352B) AllocSpace objects, 0(0B) LOS objects, 29% free, 38MB/54MB, paused 1.079ms total 37.951ms
08-04 13:31:55.680 27683  3242 I art     : Starting a blocking GC Explicit
08-04 13:31:55.721 27683  3242 I art     : Explicit concurrent mark sweep GC freed 1518(88KB) AllocSpace objects, 1(20KB) LOS objects, 29% free, 38MB/54MB, paused 1.105ms total 40.865ms
08-04 13:31:55.731 27683  3242 I art     : Starting a blocking GC Explicit
08-04 13:31:55.768 27683  3242 I art     : Explicit concurrent mark sweep GC freed 1616(63KB) AllocSpace objects, 0(0B) LOS objects, 29% free, 38MB/54MB, paused 1.158ms total 36.421ms
08-04 13:31:55.778 27683  3242 I art     : Starting a blocking GC Explicit
08-04 13:31:55.803 27683  4024 E baseline.com.newsblur.network.APIResponse: Error (unexpected end of stream on https://www.newsblur.com/...) calling https://www.newsblur.com/reader/mark_story_hashes_as_read/
08-04 13:31:55.803 27683  4024 E baseline.com.newsblur.network.APIResponse: java.io.IOException: unexpected end of stream on https://www.newsblur.com/...
08-04 13:31:55.803 27683  4024 E baseline.com.newsblur.network.APIResponse: 	at okhttp3.internal.http1.Http1ExchangeCodec.readResponseHeaders(Http1ExchangeCodec.java:236)
08-04 13:31:55.803 27683  4024 E baseline.com.newsblur.network.APIResponse: 	at okhttp3.internal.connection.Exchange.readResponseHeaders(Exchange.java:115)
08-04 13:31:55.803 27683  4024 E baseline.com.newsblur.network.APIResponse: 	at okhttp3.internal.http.CallServerInterceptor.intercept(CallServerInterceptor.java:94)
08-04 13:31:55.803 27683  4024 E baseline.com.newsblur.network.APIResponse: 	at okhttp3.internal.http.RealInterceptorChain.proceed(RealInterceptorChain.java:142)
08-04 13:31:55.803 27683  4024 E baseline.com.newsblur.network.APIResponse: 	at okhttp3.internal.connection.ConnectInterceptor.intercept(ConnectInterceptor.java:43)
08-04 13:31:55.803 27683  4024 E baseline.com.newsblur.network.APIResponse: 	at okhttp3.internal.http.RealInterceptorChain.proceed(RealInterceptorChain.java:142)
08-04 13:31:55.803 27683  4024 E baseline.com.newsblur.network.APIResponse: 	at okhttp3.internal.http.RealInterceptorChain.proceed(RealInterceptorChain.java:117)
08-04 13:31:55.803 27683  4024 E baseline.com.newsblur.network.APIResponse: 	at okhttp3.internal.cache.CacheInterceptor.intercept(CacheInterceptor.java:94)
08-04 13:31:55.803 27683  4024 E baseline.com.newsblur.network.APIResponse: 	at okhttp3.internal.http.RealInterceptorChain.proceed(RealInterceptorChain.java:142)
08-04 13:31:55.803 27683  4024 E baseline.com.newsblur.network.APIResponse: 	at okhttp3.internal.http.RealInterceptorChain.proceed(RealInterceptorChain.java:117)
08-04 13:31:55.803 27683  4024 E baseline.com.newsblur.network.APIResponse: 	at okhttp3.internal.http.BridgeInterceptor.intercept(BridgeInterceptor.java:93)
08-04 13:31:55.803 27683  4024 E baseline.com.newsblur.network.APIResponse: 	at okhttp3.internal.http.RealInterceptorChain.proceed(RealInterceptorChain.java:142)
08-04 13:31:55.803 27683  4024 E baseline.com.newsblur.network.APIResponse: 	at okhttp3.internal.http.RetryAndFollowUpInterceptor.intercept(RetryAndFollowUpInterceptor.java:88)
08-04 13:31:55.803 27683  4024 E baseline.com.newsblur.network.APIResponse: 	at okhttp3.internal.http.RealInterceptorChain.proceed(RealInterceptorChain.java:142)
08-04 13:31:55.803 27683  4024 E baseline.com.newsblur.network.APIResponse: 	at okhttp3.internal.http.RealInterceptorChain.proceed(RealInterceptorChain.java:117)
08-04 13:31:55.803 27683  4024 E baseline.com.newsblur.network.APIResponse: 	at okhttp3.RealCall.getResponseWithInterceptorChain(RealCall.java:229)
08-04 13:31:55.803 27683  4024 E baseline.com.newsblur.network.APIResponse: 	at okhttp3.RealCall.execute(RealCall.java:81)
08-04 13:31:55.803 27683  4024 E baseline.com.newsblur.network.APIResponse: 	at baseline.com.newsblur.network.APIResponse.<init>(APIResponse.java:57)
08-04 13:31:55.803 27683  4024 E baseline.com.newsblur.network.APIResponse: 	at baseline.com.newsblur.network.APIResponse.<init>(APIResponse.java:43)
08-04 13:31:55.803 27683  4024 E baseline.com.newsblur.network.APIResponse: 	at baseline.com.newsblur.network.APIManager.post_single(APIManager.java:702)
08-04 13:31:55.803 27683  4024 E baseline.com.newsblur.network.APIResponse: 	at baseline.com.newsblur.network.APIManager.post(APIManager.java:675)
08-04 13:31:55.803 27683  4024 E baseline.com.newsblur.network.APIResponse: 	at baseline.com.newsblur.network.APIManager.post(APIManager.java:714)
08-04 13:31:55.803 27683  4024 E baseline.com.newsblur.network.APIResponse: 	at baseline.com.newsblur.network.APIManager.markStoryAsRead(APIManager.java:205)
08-04 13:31:55.803 27683  4024 E baseline.com.newsblur.network.APIResponse: 	at baseline.com.newsblur.util.ReadingAction.doRemote(ReadingAction.java:281)
08-04 13:31:55.803 27683  4024 E baseline.com.newsblur.network.APIResponse: 	at baseline.com.newsblur.service.NBSyncService.syncActions(NBSyncService.java:400)
08-04 13:31:55.803 27683  4024 E baseline.com.newsblur.network.APIResponse: 	at baseline.com.newsblur.service.NBSyncService.doSync(NBSyncService.java:298)
08-04 13:31:55.803 27683  4024 E baseline.com.newsblur.network.APIResponse: 	at baseline.com.newsblur.service.NBSyncService.access$100(NBSyncService.java:67)
08-04 13:31:55.803 27683  4024 E baseline.com.newsblur.network.APIResponse: 	at baseline.com.newsblur.service.NBSyncService$1.run(NBSyncService.java:188)
08-04 13:31:55.803 27683  4024 E baseline.com.newsblur.network.APIResponse: 	at java.util.concurrent.ThreadPoolExecutor.runWorker(ThreadPoolExecutor.java:1113)
08-04 13:31:55.803 27683  4024 E baseline.com.newsblur.network.APIResponse: 	at java.util.concurrent.ThreadPoolExecutor$Worker.run(ThreadPoolExecutor.java:588)
08-04 13:31:55.803 27683  4024 E baseline.com.newsblur.network.APIResponse: 	at java.lang.Thread.run(Thread.java:818)
08-04 13:31:55.803 27683  4024 E baseline.com.newsblur.network.APIResponse: Caused by: java.io.EOFException: \n not found: limit=0 content=
08-04 13:31:55.803 27683  4024 E baseline.com.newsblur.network.APIResponse: 	at okio.RealBufferedSource.readUtf8LineStrict(RealBufferedSource.java:240)
08-04 13:31:55.803 27683  4024 E baseline.com.newsblur.network.APIResponse: 	at okhttp3.internal.http1.Http1ExchangeCodec.readHeaderLine(Http1ExchangeCodec.java:242)
08-04 13:31:55.803 27683  4024 E baseline.com.newsblur.network.APIResponse: 	at okhttp3.internal.http1.Http1ExchangeCodec.readResponseHeaders(Http1ExchangeCodec.java:213)
08-04 13:31:55.803 27683  4024 E baseline.com.newsblur.network.APIResponse: 	... 30 more
08-04 13:31:55.804 27683  4024 I baseline.com.newsblur.network.APIManager: API call failed, pausing before retry number 2
08-04 13:31:55.815 27683  3242 I art     : Explicit concurrent mark sweep GC freed 877(198KB) AllocSpace objects, 2(40KB) LOS objects, 29% free, 38MB/54MB, paused 1.046ms total 37.041ms
08-04 13:31:55.825 27683  3242 I art     : Starting a blocking GC Explicit
08-04 13:31:55.863 27683  3242 I art     : Explicit concurrent mark sweep GC freed 121(16KB) AllocSpace objects, 0(0B) LOS objects, 29% free, 38MB/54MB, paused 1.036ms total 37.589ms
08-04 13:31:55.873 27683  3242 I art     : Starting a blocking GC Explicit
08-04 13:31:55.911 27683  3242 I art     : Explicit concurrent mark sweep GC freed 25(832B) AllocSpace objects, 0(0B) LOS objects, 29% free, 38MB/54MB, paused 1.051ms total 37.358ms
08-04 13:31:56.250 30348 30348 I ServiceManager: Waiting for service AtCmdFwd...
08-04 13:31:56.263 27683  3240 I art     : Starting a blocking GC Explicit
08-04 13:31:56.304 27683  3240 I art     : Explicit concurrent mark sweep GC freed 1444(83KB) AllocSpace objects, 1(20KB) LOS objects, 29% free, 38MB/54MB, paused 1.056ms total 40.430ms
08-04 13:31:56.314 27683  3240 I art     : Starting a blocking GC Explicit
08-04 13:31:56.350 27683  3240 I art     : Explicit concurrent mark sweep GC freed 22(784B) AllocSpace objects, 0(0B) LOS objects, 29% free, 38MB/54MB, paused 993us total 35.882ms
08-04 13:31:56.360 27683  3240 I art     : Starting a blocking GC Explicit
08-04 13:31:56.397 27683  3240 I art     : Explicit concurrent mark sweep GC freed 3(96B) AllocSpace objects, 0(0B) LOS objects, 29% free, 38MB/54MB, paused 1.127ms total 36.235ms
08-04 13:31:56.407 27683  3240 I art     : Starting a blocking GC Explicit
08-04 13:31:56.444 27683  3240 I art     : Explicit concurrent mark sweep GC freed 3(96B) AllocSpace objects, 0(0B) LOS objects, 29% free, 38MB/54MB, paused 1.064ms total 36.696ms
08-04 13:31:56.454 27683  3240 I art     : Starting a blocking GC Explicit
08-04 13:31:56.491 27683  3240 I art     : Explicit concurrent mark sweep GC freed 3(96B) AllocSpace objects, 0(0B) LOS objects, 29% free, 38MB/54MB, paused 1.018ms total 36.924ms
08-04 13:31:56.737  4522  4522 D AndroidRuntime: >>>>>> START com.android.internal.os.RuntimeInit uid 2000 <<<<<<
08-04 13:31:56.742  4522  4522 D AndroidRuntime: CheckJNI is OFF
08-04 13:31:56.775  4522  4522 D ICU     : No timezone override file found: /data/misc/zoneinfo/current/icu/icu_tzdata.dat
08-04 13:31:56.809  4522  4522 I Radio-JNI: register_android_hardware_Radio DONE
08-04 13:31:56.832  4522  4522 D AndroidRuntime: Calling main entry com.android.commands.input.Input
08-04 13:31:56.833  4522  4522 I Input   : injectKeyEvent: KeyEvent { action=ACTION_DOWN, keyCode=KEYCODE_BACK, scanCode=0, metaState=0, flags=0x0, repeatCount=0, eventTime=711133246, downTime=711133246, deviceId=-1, source=0x101 }
08-04 13:31:56.839  4522  4522 I Input   : injectKeyEvent: KeyEvent { action=ACTION_UP, keyCode=KEYCODE_BACK, scanCode=0, metaState=0, flags=0x0, repeatCount=0, eventTime=711133246, downTime=711133246, deviceId=-1, source=0x101 }
08-04 13:31:56.842 27683 27697 I art     : Starting a blocking GC Explicit
08-04 13:31:56.845  4522  4522 D AndroidRuntime: Shutting down VM
08-04 13:31:56.878 27683 27697 I art     : Explicit concurrent mark sweep GC freed 1663(121KB) AllocSpace objects, 3(60KB) LOS objects, 29% free, 38MB/54MB, paused 990us total 35.898ms
08-04 13:31:56.888 27683 27697 I art     : Starting a blocking GC Explicit
08-04 13:31:56.923 27683 27697 I art     : Explicit concurrent mark sweep GC freed 57(2144B) AllocSpace objects, 0(0B) LOS objects, 29% free, 38MB/54MB, paused 1.045ms total 34.842ms
08-04 13:31:56.932 27683 27697 I art     : Starting a blocking GC Explicit
08-04 13:31:56.969 27683 27697 I art     : Explicit concurrent mark sweep GC freed 610(45KB) AllocSpace objects, 1(20KB) LOS objects, 29% free, 38MB/54MB, paused 1.280ms total 36.117ms
08-04 13:31:56.971 13866 13866 I GoogleInputMethodServic: GoogleInputMethodService.onFinishInput():3138 
08-04 13:31:56.972 13866 13866 I GoogleInputMethodServic: GoogleInputMethodService.onStartInput():1808 
08-04 13:31:56.980 27683 27697 I art     : Starting a blocking GC Explicit
08-04 13:31:57.015 27683 27697 I art     : Explicit concurrent mark sweep GC freed 495(49KB) AllocSpace objects, 1(20KB) LOS objects, 29% free, 38MB/54MB, paused 1.303ms total 35.372ms
08-04 13:31:57.027 27683 27697 I art     : Starting a blocking GC Explicit
08-04 13:31:57.061 27683 27697 I art     : Explicit concurrent mark sweep GC freed 489(40KB) AllocSpace objects, 0(0B) LOS objects, 29% free, 38MB/54MB, paused 1.043ms total 33.050ms
08-04 13:31:57.251 30348 30348 I ServiceManager: Waiting for service AtCmdFwd...
08-04 13:31:57.301 13866 13882 I PeriodicStatsRunner: PeriodicStatsRunner.call():175 call()
08-04 13:31:57.302 13866 13882 I PeriodicStatsRunner: PeriodicStatsRunner.call():179 No submit PeriodicStats since input started.
08-04 13:31:57.365 27683 27696 I art     : Starting a blocking GC Explicit
08-04 13:31:57.401 27683 27696 I art     : Explicit concurrent mark sweep GC freed 2679(142KB) AllocSpace objects, 2(48KB) LOS objects, 29% free, 38MB/54MB, paused 920us total 36.573ms
08-04 13:31:57.411 27683 27696 I art     : Starting a blocking GC Explicit
08-04 13:31:57.448 27683 27696 I art     : Explicit concurrent mark sweep GC freed 155(7KB) AllocSpace objects, 0(0B) LOS objects, 29% free, 38MB/54MB, paused 1.157ms total 36.251ms
08-04 13:31:57.458 27683 27696 I art     : Starting a blocking GC Explicit
08-04 13:31:57.493 27683 27696 I art     : Explicit concurrent mark sweep GC freed 7(224B) AllocSpace objects, 0(0B) LOS objects, 29% free, 38MB/54MB, paused 1.013ms total 35.594ms
08-04 13:31:57.504 27683 27696 I art     : Starting a blocking GC Explicit
08-04 13:31:57.544 27683 27696 I art     : Explicit concurrent mark sweep GC freed 9(288B) AllocSpace objects, 0(0B) LOS objects, 29% free, 38MB/54MB, paused 1.196ms total 39.895ms
08-04 13:31:57.556 27683 27696 I art     : Starting a blocking GC Explicit
08-04 13:31:57.596 27683 27696 I art     : Explicit concurrent mark sweep GC freed 11(352B) AllocSpace objects, 0(0B) LOS objects, 29% free, 38MB/54MB, paused 1.074ms total 40.054ms
08-04 13:31:57.945 27683  3242 I art     : Starting a blocking GC Explicit
08-04 13:31:57.992 27683  3242 I art     : Explicit concurrent mark sweep GC freed 1488(84KB) AllocSpace objects, 1(20KB) LOS objects, 29% free, 38MB/54MB, paused 1.095ms total 46.224ms
08-04 13:31:58.006 27683  3242 I art     : Starting a blocking GC Explicit
08-04 13:31:58.045 27683  3242 I art     : Explicit concurrent mark sweep GC freed 29(1008B) AllocSpace objects, 0(0B) LOS objects, 29% free, 38MB/54MB, paused 1.095ms total 39.291ms
08-04 13:31:58.057 27683  3242 I art     : Starting a blocking GC Explicit
08-04 13:31:58.097 27683  3242 I art     : Explicit concurrent mark sweep GC freed 10(320B) AllocSpace objects, 0(0B) LOS objects, 29% free, 38MB/54MB, paused 1.071ms total 39.942ms
08-04 13:31:58.110 27683  3242 I art     : Starting a blocking GC Explicit
08-04 13:31:58.150 27683  3242 I art     : Explicit concurrent mark sweep GC freed 10(320B) AllocSpace objects, 0(0B) LOS objects, 29% free, 38MB/54MB, paused 1.141ms total 40.381ms
08-04 13:31:58.160 27683  3242 I art     : Starting a blocking GC Explicit
08-04 13:31:58.196 27683  3242 I art     : Explicit concurrent mark sweep GC freed 8(256B) AllocSpace objects, 0(0B) LOS objects, 29% free, 38MB/54MB, paused 981us total 35.992ms
08-04 13:31:58.252 30348 30348 I ServiceManager: Waiting for service AtCmdFwd...
08-04 13:31:58.498  4566  4566 D AndroidRuntime: >>>>>> START com.android.internal.os.RuntimeInit uid 2000 <<<<<<
08-04 13:31:58.503  4566  4566 D AndroidRuntime: CheckJNI is OFF
08-04 13:31:58.510 27683  3240 I art     : Starting a blocking GC Explicit
08-04 13:31:58.538  4566  4566 D ICU     : No timezone override file found: /data/misc/zoneinfo/current/icu/icu_tzdata.dat
08-04 13:31:58.549 27683  3240 I art     : Explicit concurrent mark sweep GC freed 1469(83KB) AllocSpace objects, 1(20KB) LOS objects, 29% free, 38MB/54MB, paused 1.272ms total 39.286ms
08-04 13:31:58.560 27683  3240 I art     : Starting a blocking GC Explicit
08-04 13:31:58.575  4566  4566 I Radio-JNI: register_android_hardware_Radio DONE
08-04 13:31:58.597  4566  4566 D AndroidRuntime: Calling main entry com.android.commands.input.Input
08-04 13:31:58.598 27683  3240 I art     : Explicit concurrent mark sweep GC freed 22(784B) AllocSpace objects, 0(0B) LOS objects, 29% free, 38MB/54MB, paused 1.166ms total 37.135ms
08-04 13:31:58.598  4566  4566 I Input   : injectKeyEvent: KeyEvent { action=ACTION_DOWN, keyCode=KEYCODE_BACK, scanCode=0, metaState=0, flags=0x0, repeatCount=0, eventTime=711135011, downTime=711135011, deviceId=-1, source=0x101 }
08-04 13:31:58.605  4566  4566 I Input   : injectKeyEvent: KeyEvent { action=ACTION_UP, keyCode=KEYCODE_BACK, scanCode=0, metaState=0, flags=0x0, repeatCount=0, eventTime=711135011, downTime=711135011, deviceId=-1, source=0x101 }
08-04 13:31:58.608 27683  3240 I art     : Starting a blocking GC Explicit
08-04 13:31:58.611  4566  4566 D AndroidRuntime: Shutting down VM
08-04 13:31:58.642 27683  3240 I art     : Explicit concurrent mark sweep GC freed 337(65KB) AllocSpace objects, 4(80KB) LOS objects, 29% free, 38MB/54MB, paused 1.052ms total 33.663ms
08-04 13:31:58.652 27683  3240 I art     : Starting a blocking GC Explicit
08-04 13:31:58.685 27683  3240 I art     : Explicit concurrent mark sweep GC freed 39(1616B) AllocSpace objects, 0(0B) LOS objects, 29% free, 38MB/54MB, paused 1.074ms total 33.736ms
08-04 13:31:58.695 27683  3240 I art     : Starting a blocking GC Explicit
08-04 13:31:58.732 27683  3240 I art     : Explicit concurrent mark sweep GC freed 1980(141KB) AllocSpace objects, 4(80KB) LOS objects, 29% free, 38MB/54MB, paused 2.758ms total 36.514ms
08-04 13:31:58.763 13866 13866 I GoogleInputMethodServic: GoogleInputMethodService.onFinishInput():3138 
08-04 13:31:58.764 13866 13866 I GoogleInputMethodServic: GoogleInputMethodService.onStartInput():1808 
08-04 13:31:59.020 27683 27696 I art     : Starting a blocking GC Explicit
08-04 13:31:59.073 27683 27696 I art     : Explicit concurrent mark sweep GC freed 7646(468KB) AllocSpace objects, 5(100KB) LOS objects, 29% free, 38MB/54MB, paused 1.397ms total 52.629ms
08-04 13:31:59.087 27683 27696 I art     : Starting a blocking GC Explicit
08-04 13:31:59.126 27683 27696 I art     : Explicit concurrent mark sweep GC freed 181(7KB) AllocSpace objects, 0(0B) LOS objects, 29% free, 38MB/54MB, paused 1.235ms total 38.688ms
08-04 13:31:59.137 27683 27696 I art     : Starting a blocking GC Explicit
08-04 13:31:59.176 27683 27696 I art     : Explicit concurrent mark sweep GC freed 449(19KB) AllocSpace objects, 0(0B) LOS objects, 29% free, 38MB/54MB, paused 1.092ms total 38.030ms
08-04 13:31:59.186 27683 27696 I art     : Starting a blocking GC Explicit
08-04 13:31:59.221 27683 27696 I art     : Explicit concurrent mark sweep GC freed 129(6KB) AllocSpace objects, 0(0B) LOS objects, 29% free, 38MB/54MB, paused 1.039ms total 34.591ms
08-04 13:31:59.232 27683 27696 I art     : Starting a blocking GC Explicit
08-04 13:31:59.253 30348 30348 W Atfwd_Sendcmd: AtCmdFwd service not published, waiting... retryCnt : 5
08-04 13:31:59.271 27683 27696 I art     : Explicit concurrent mark sweep GC freed 1719(66KB) AllocSpace objects, 0(0B) LOS objects, 29% free, 38MB/54MB, paused 1.221ms total 38.503ms
08-04 13:31:59.283 27683  4024 E baseline.com.newsblur.network.APIResponse: Error (unexpected end of stream on https://www.newsblur.com/...) calling https://www.newsblur.com/reader/mark_story_hashes_as_read/
08-04 13:31:59.283 27683  4024 E baseline.com.newsblur.network.APIResponse: java.io.IOException: unexpected end of stream on https://www.newsblur.com/...
08-04 13:31:59.283 27683  4024 E baseline.com.newsblur.network.APIResponse: 	at okhttp3.internal.http1.Http1ExchangeCodec.readResponseHeaders(Http1ExchangeCodec.java:236)
08-04 13:31:59.283 27683  4024 E baseline.com.newsblur.network.APIResponse: 	at okhttp3.internal.connection.Exchange.readResponseHeaders(Exchange.java:115)
08-04 13:31:59.283 27683  4024 E baseline.com.newsblur.network.APIResponse: 	at okhttp3.internal.http.CallServerInterceptor.intercept(CallServerInterceptor.java:94)
08-04 13:31:59.283 27683  4024 E baseline.com.newsblur.network.APIResponse: 	at okhttp3.internal.http.RealInterceptorChain.proceed(RealInterceptorChain.java:142)
08-04 13:31:59.283 27683  4024 E baseline.com.newsblur.network.APIResponse: 	at okhttp3.internal.connection.ConnectInterceptor.intercept(ConnectInterceptor.java:43)
08-04 13:31:59.283 27683  4024 E baseline.com.newsblur.network.APIResponse: 	at okhttp3.internal.http.RealInterceptorChain.proceed(RealInterceptorChain.java:142)
08-04 13:31:59.283 27683  4024 E baseline.com.newsblur.network.APIResponse: 	at okhttp3.internal.http.RealInterceptorChain.proceed(RealInterceptorChain.java:117)
08-04 13:31:59.283 27683  4024 E baseline.com.newsblur.network.APIResponse: 	at okhttp3.internal.cache.CacheInterceptor.intercept(CacheInterceptor.java:94)
08-04 13:31:59.283 27683  4024 E baseline.com.newsblur.network.APIResponse: 	at okhttp3.internal.http.RealInterceptorChain.proceed(RealInterceptorChain.java:142)
08-04 13:31:59.283 27683  4024 E baseline.com.newsblur.network.APIResponse: 	at okhttp3.internal.http.RealInterceptorChain.proceed(RealInterceptorChain.java:117)
08-04 13:31:59.283 27683  4024 E baseline.com.newsblur.network.APIResponse: 	at okhttp3.internal.http.BridgeInterceptor.intercept(BridgeInterceptor.java:93)
08-04 13:31:59.283 27683  4024 E baseline.com.newsblur.network.APIResponse: 	at okhttp3.internal.http.RealInterceptorChain.proceed(RealInterceptorChain.java:142)
08-04 13:31:59.283 27683  4024 E baseline.com.newsblur.network.APIResponse: 	at okhttp3.internal.http.RetryAndFollowUpInterceptor.intercept(RetryAndFollowUpInterceptor.java:88)
08-04 13:31:59.283 27683  4024 E baseline.com.newsblur.network.APIResponse: 	at okhttp3.internal.http.RealInterceptorChain.proceed(RealInterceptorChain.java:142)
08-04 13:31:59.283 27683  4024 E baseline.com.newsblur.network.APIResponse: 	at okhttp3.internal.http.RealInterceptorChain.proceed(RealInterceptorChain.java:117)
08-04 13:31:59.283 27683  4024 E baseline.com.newsblur.network.APIResponse: 	at okhttp3.RealCall.getResponseWithInterceptorChain(RealCall.java:229)
08-04 13:31:59.283 27683  4024 E baseline.com.newsblur.network.APIResponse: 	at okhttp3.RealCall.execute(RealCall.java:81)
08-04 13:31:59.283 27683  4024 E baseline.com.newsblur.network.APIResponse: 	at baseline.com.newsblur.network.APIResponse.<init>(APIResponse.java:57)
08-04 13:31:59.283 27683  4024 E baseline.com.newsblur.network.APIResponse: 	at baseline.com.newsblur.network.APIResponse.<init>(APIResponse.java:43)
08-04 13:31:59.283 27683  4024 E baseline.com.newsblur.network.APIResponse: 	at baseline.com.newsblur.network.APIManager.post_single(APIManager.java:702)
08-04 13:31:59.283 27683  4024 E baseline.com.newsblur.network.APIResponse: 	at baseline.com.newsblur.network.APIManager.post(APIManager.java:675)
08-04 13:31:59.283 27683  4024 E baseline.com.newsblur.network.APIResponse: 	at baseline.com.newsblur.network.APIManager.post(APIManager.java:714)
08-04 13:31:59.283 27683  4024 E baseline.com.newsblur.network.APIResponse: 	at baseline.com.newsblur.network.APIManager.markStoryAsRead(APIManager.java:205)
08-04 13:31:59.283 27683  4024 E baseline.com.newsblur.network.APIResponse: 	at baseline.com.newsblur.util.ReadingAction.doRemote(ReadingAction.java:281)
08-04 13:31:59.283 27683  4024 E baseline.com.newsblur.network.APIResponse: 	at baseline.com.newsblur.service.NBSyncService.syncActions(NBSyncService.java:400)
08-04 13:31:59.283 27683  4024 E baseline.com.newsblur.network.APIResponse: 	at baseline.com.newsblur.service.NBSyncService.doSync(NBSyncService.java:298)
08-04 13:31:59.283 27683  4024 E baseline.com.newsblur.network.APIResponse: 	at baseline.com.newsblur.service.NBSyncService.access$100(NBSyncService.java:67)
08-04 13:31:59.283 27683  4024 E baseline.com.newsblur.network.APIResponse: 	at baseline.com.newsblur.service.NBSyncService$1.run(NBSyncService.java:188)
08-04 13:31:59.283 27683  4024 E baseline.com.newsblur.network.APIResponse: 	at java.util.concurrent.ThreadPoolExecutor.runWorker(ThreadPoolExecutor.java:1113)
08-04 13:31:59.283 27683  4024 E baseline.com.newsblur.network.APIResponse: 	at java.util.concurrent.ThreadPoolExecutor$Worker.run(ThreadPoolExecutor.java:588)
08-04 13:31:59.283 27683  4024 E baseline.com.newsblur.network.APIResponse: 	at java.lang.Thread.run(Thread.java:818)
08-04 13:31:59.283 27683  4024 E baseline.com.newsblur.network.APIResponse: Caused by: java.io.EOFException: \n not found: limit=0 content=
08-04 13:31:59.283 27683  4024 E baseline.com.newsblur.network.APIResponse: 	at okio.RealBufferedSource.readUtf8LineStrict(RealBufferedSource.java:240)
08-04 13:31:59.283 27683  4024 E baseline.com.newsblur.network.APIResponse: 	at okhttp3.internal.http1.Http1ExchangeCodec.readHeaderLine(Http1ExchangeCodec.java:242)
08-04 13:31:59.283 27683  4024 E baseline.com.newsblur.network.APIResponse: 	at okhttp3.internal.http1.Http1ExchangeCodec.readResponseHeaders(Http1ExchangeCodec.java:213)
08-04 13:31:59.283 27683  4024 E baseline.com.newsblur.network.APIResponse: 	... 30 more
08-04 13:31:59.285 27683  4024 I baseline.com.newsblur.service.NBSyncService: Holding reading action with server-side or network error.
08-04 13:31:59.293 27683  4024 W baseline.com.newsblur.service.NBSyncService: hard API failure
08-04 13:31:59.606 27683  3240 I art     : Starting a blocking GC Explicit
08-04 13:31:59.649 27683  3240 I art     : Explicit concurrent mark sweep GC freed 3128(359KB) AllocSpace objects, 5(100KB) LOS objects, 29% free, 38MB/54MB, paused 1.434ms total 42.818ms
08-04 13:31:59.661 27683  3240 I art     : Starting a blocking GC Explicit
08-04 13:31:59.693 27683  4024 E baseline.com.newsblur.network.APIResponse: Error (unexpected end of stream on https://www.newsblur.com/...) calling https://www.newsblur.com/reader/mark_story_hashes_as_read/
08-04 13:31:59.693 27683  4024 E baseline.com.newsblur.network.APIResponse: java.io.IOException: unexpected end of stream on https://www.newsblur.com/...
08-04 13:31:59.693 27683  4024 E baseline.com.newsblur.network.APIResponse: 	at okhttp3.internal.http1.Http1ExchangeCodec.readResponseHeaders(Http1ExchangeCodec.java:236)
08-04 13:31:59.693 27683  4024 E baseline.com.newsblur.network.APIResponse: 	at okhttp3.internal.connection.Exchange.readResponseHeaders(Exchange.java:115)
08-04 13:31:59.693 27683  4024 E baseline.com.newsblur.network.APIResponse: 	at okhttp3.internal.http.CallServerInterceptor.intercept(CallServerInterceptor.java:94)
08-04 13:31:59.693 27683  4024 E baseline.com.newsblur.network.APIResponse: 	at okhttp3.internal.http.RealInterceptorChain.proceed(RealInterceptorChain.java:142)
08-04 13:31:59.693 27683  4024 E baseline.com.newsblur.network.APIResponse: 	at okhttp3.internal.connection.ConnectInterceptor.intercept(ConnectInterceptor.java:43)
08-04 13:31:59.693 27683  4024 E baseline.com.newsblur.network.APIResponse: 	at okhttp3.internal.http.RealInterceptorChain.proceed(RealInterceptorChain.java:142)
08-04 13:31:59.693 27683  4024 E baseline.com.newsblur.network.APIResponse: 	at okhttp3.internal.http.RealInterceptorChain.proceed(RealInterceptorChain.java:117)
08-04 13:31:59.693 27683  4024 E baseline.com.newsblur.network.APIResponse: 	at okhttp3.internal.cache.CacheInterceptor.intercept(CacheInterceptor.java:94)
08-04 13:31:59.693 27683  4024 E baseline.com.newsblur.network.APIResponse: 	at okhttp3.internal.http.RealInterceptorChain.proceed(RealInterceptorChain.java:142)
08-04 13:31:59.693 27683  4024 E baseline.com.newsblur.network.APIResponse: 	at okhttp3.internal.http.RealInterceptorChain.proceed(RealInterceptorChain.java:117)
08-04 13:31:59.693 27683  4024 E baseline.com.newsblur.network.APIResponse: 	at okhttp3.internal.http.BridgeInterceptor.intercept(BridgeInterceptor.java:93)
08-04 13:31:59.693 27683  4024 E baseline.com.newsblur.network.APIResponse: 	at okhttp3.internal.http.RealInterceptorChain.proceed(RealInterceptorChain.java:142)
08-04 13:31:59.693 27683  4024 E baseline.com.newsblur.network.APIResponse: 	at okhttp3.internal.http.RetryAndFollowUpInterceptor.intercept(RetryAndFollowUpInterceptor.java:88)
08-04 13:31:59.693 27683  4024 E baseline.com.newsblur.network.APIResponse: 	at okhttp3.internal.http.RealInterceptorChain.proceed(RealInterceptorChain.java:142)
08-04 13:31:59.693 27683  4024 E baseline.com.newsblur.network.APIResponse: 	at okhttp3.internal.http.RealInterceptorChain.proceed(RealInterceptorChain.java:117)
08-04 13:31:59.693 27683  4024 E baseline.com.newsblur.network.APIResponse: 	at okhttp3.RealCall.getResponseWithInterceptorChain(RealCall.java:229)
08-04 13:31:59.693 27683  4024 E baseline.com.newsblur.network.APIResponse: 	at okhttp3.RealCall.execute(RealCall.java:81)
08-04 13:31:59.693 27683  4024 E baseline.com.newsblur.network.APIResponse: 	at baseline.com.newsblur.network.APIResponse.<init>(APIResponse.java:57)
08-04 13:31:59.693 27683  4024 E baseline.com.newsblur.network.APIResponse: 	at baseline.com.newsblur.network.APIResponse.<init>(APIResponse.java:43)
08-04 13:31:59.693 27683  4024 E baseline.com.newsblur.network.APIResponse: 	at baseline.com.newsblur.network.APIManager.post_single(APIManager.java:702)
08-04 13:31:59.693 27683  4024 E baseline.com.newsblur.network.APIResponse: 	at baseline.com.newsblur.network.APIManager.post(APIManager.java:675)
08-04 13:31:59.693 27683  4024 E baseline.com.newsblur.network.APIResponse: 	at baseline.com.newsblur.network.APIManager.post(APIManager.java:714)
08-04 13:31:59.693 27683  4024 E baseline.com.newsblur.network.APIResponse: 	at baseline.com.newsblur.network.APIManager.markStoryAsRead(APIManager.java:205)
08-04 13:31:59.693 27683  4024 E baseline.com.newsblur.network.APIResponse: 	at baseline.com.newsblur.util.ReadingAction.doRemote(ReadingAction.java:281)
08-04 13:31:59.693 27683  4024 E baseline.com.newsblur.network.APIResponse: 	at baseline.com.newsblur.service.NBSyncService.syncActions(NBSyncService.java:400)
08-04 13:31:59.693 27683  4024 E baseline.com.newsblur.network.APIResponse: 	at baseline.com.newsblur.service.NBSyncService.doSync(NBSyncService.java:298)
08-04 13:31:59.693 27683  4024 E baseline.com.newsblur.network.APIResponse: 	at baseline.com.newsblur.service.NBSyncService.access$100(NBSyncService.java:67)
08-04 13:31:59.693 27683  4024 E baseline.com.newsblur.network.APIResponse: 	at baseline.com.newsblur.service.NBSyncService$1.run(NBSyncService.java:188)
08-04 13:31:59.693 27683  4024 E baseline.com.newsblur.network.APIResponse: 	at java.util.concurrent.ThreadPoolExecutor.runWorker(ThreadPoolExecutor.java:1113)
08-04 13:31:59.693 27683  4024 E baseline.com.newsblur.network.APIResponse: 	at java.util.concurrent.ThreadPoolExecutor$Worker.run(ThreadPoolExecutor.java:588)
08-04 13:31:59.693 27683  4024 E baseline.com.newsblur.network.APIResponse: 	at java.lang.Thread.run(Thread.java:818)
08-04 13:31:59.693 27683  4024 E baseline.com.newsblur.network.APIResponse: Caused by: java.io.EOFException: \n not found: limit=0 content=
08-04 13:31:59.693 27683  4024 E baseline.com.newsblur.network.APIResponse: 	at okio.RealBufferedSource.readUtf8LineStrict(RealBufferedSource.java:240)
08-04 13:31:59.693 27683  4024 E baseline.com.newsblur.network.APIResponse: 	at okhttp3.internal.http1.Http1ExchangeCodec.readHeaderLine(Http1ExchangeCodec.java:242)
08-04 13:31:59.693 27683  4024 E baseline.com.newsblur.network.APIResponse: 	at okhttp3.internal.http1.Http1ExchangeCodec.readResponseHeaders(Http1ExchangeCodec.java:213)
08-04 13:31:59.693 27683  4024 E baseline.com.newsblur.network.APIResponse: 	... 30 more
08-04 13:31:59.694 27683  4024 I baseline.com.newsblur.network.APIManager: API call failed, pausing before retry number 1
08-04 13:31:59.700 27683  3240 I art     : Explicit concurrent mark sweep GC freed 2179(228KB) AllocSpace objects, 2(40KB) LOS objects, 29% free, 38MB/54MB, paused 1.074ms total 38.167ms
08-04 13:31:59.710 27683  3240 I art     : Starting a blocking GC Explicit
08-04 13:31:59.745 27683  3240 I art     : Explicit concurrent mark sweep GC freed 149(37KB) AllocSpace objects, 0(0B) LOS objects, 29% free, 38MB/54MB, paused 945us total 34.703ms
08-04 13:31:59.755 27683  3240 I art     : Starting a blocking GC Explicit
08-04 13:31:59.794 27683  3240 I art     : Explicit concurrent mark sweep GC freed 34(1120B) AllocSpace objects, 0(0B) LOS objects, 29% free, 38MB/54MB, paused 1.177ms total 39.111ms
08-04 13:31:59.806 27683  3240 I art     : Starting a blocking GC Explicit
08-04 13:31:59.844 27683  3240 I art     : Explicit concurrent mark sweep GC freed 9(288B) AllocSpace objects, 0(0B) LOS objects, 29% free, 38MB/54MB, paused 994us total 37.213ms
08-04 13:32:00.153 27683  3242 I art     : Starting a blocking GC Explicit
08-04 13:32:00.196 27683  3242 I art     : Explicit concurrent mark sweep GC freed 1484(84KB) AllocSpace objects, 1(20KB) LOS objects, 29% free, 38MB/54MB, paused 1.102ms total 42.373ms
08-04 13:32:00.208 27683  3242 I art     : Starting a blocking GC Explicit
08-04 13:32:00.246 27683  3242 I art     : Explicit concurrent mark sweep GC freed 23(816B) AllocSpace objects, 0(0B) LOS objects, 29% free, 38MB/54MB, paused 1.131ms total 37.063ms
08-04 13:32:00.252  4610  4610 D AndroidRuntime: >>>>>> START com.android.internal.os.RuntimeInit uid 2000 <<<<<<
08-04 13:32:00.256 27683  3242 I art     : Starting a blocking GC Explicit
08-04 13:32:00.257  4610  4610 D AndroidRuntime: CheckJNI is OFF
08-04 13:32:00.290  4610  4610 D ICU     : No timezone override file found: /data/misc/zoneinfo/current/icu/icu_tzdata.dat
08-04 13:32:00.292 27683  3242 I art     : Explicit concurrent mark sweep GC freed 3(96B) AllocSpace objects, 0(0B) LOS objects, 29% free, 38MB/54MB, paused 1.106ms total 36.046ms
08-04 13:32:00.302 27683  3242 I art     : Starting a blocking GC Explicit
08-04 13:32:00.325  4610  4610 I Radio-JNI: register_android_hardware_Radio DONE
08-04 13:32:00.339 27683  3242 I art     : Explicit concurrent mark sweep GC freed 3(96B) AllocSpace objects, 0(0B) LOS objects, 29% free, 38MB/54MB, paused 1.121ms total 36.500ms
08-04 13:32:00.347  4610  4610 D AndroidRuntime: Calling main entry com.android.commands.input.Input
08-04 13:32:00.349  4610  4610 I Input   : injectMotionEvent: MotionEvent { action=ACTION_DOWN, actionButton=0, id[0]=0, x[0]=553.0, y[0]=442.0, toolType[0]=TOOL_TYPE_UNKNOWN, buttonState=0, metaState=0, flags=0x0, edgeFlags=0x0, pointerCount=1, historySize=0, eventTime=711136762, downTime=711136762, deviceId=0, source=0x1002 }
08-04 13:32:00.349 27683  3242 I art     : Starting a blocking GC Explicit
08-04 13:32:00.355  4610  4610 I Input   : injectMotionEvent: MotionEvent { action=ACTION_UP, actionButton=0, id[0]=0, x[0]=553.0, y[0]=442.0, toolType[0]=TOOL_TYPE_UNKNOWN, buttonState=0, metaState=0, flags=0x0, edgeFlags=0x0, pointerCount=1, historySize=0, eventTime=711136762, downTime=711136762, deviceId=0, source=0x1002 }
08-04 13:32:00.358  4610  4610 D AndroidRuntime: Shutting down VM
08-04 13:32:00.387 27683  3242 I art     : Explicit concurrent mark sweep GC freed 52(2016B) AllocSpace objects, 0(0B) LOS objects, 29% free, 38MB/54MB, paused 1.209ms total 38.179ms
08-04 13:32:00.425   918   928 I ActivityManager: START u0 {cmp=baseline.com.newsblur/.activity.AllSharedStoriesItemsList (has extras)} from uid 10652 on display 0
08-04 13:32:00.445 27683  3580 I baseline.com.newsblur.database.BlurDatabaseHelper: reading session reset
08-04 13:32:00.597 27683 27683 W View    : requestLayout() improperly called by android.widget.FrameLayout{fd1563 V.E...... ......ID 0,0-1440,0 #7f07003f app:id/footer_view_inner} during layout: running second layout pass
08-04 13:32:00.597 27683 27683 W View    : requestLayout() improperly called by android.widget.FrameLayout{5d87560 V.E...... ......ID 0,0-1440,2091 #7f07003f app:id/footer_view_inner} during layout: running second layout pass
08-04 13:32:00.613   918   936 I ActivityManager: Displayed baseline.com.newsblur/.activity.AllSharedStoriesItemsList: +180ms
08-04 13:32:00.613 13866 13866 I GoogleInputMethodServic: GoogleInputMethodService.onFinishInput():3138 
08-04 13:32:00.614 13866 13866 I GoogleInputMethodServic: GoogleInputMethodService.onStartInput():1808 
08-04 13:32:00.679 27683 27697 I art     : Starting a blocking GC Explicit
08-04 13:32:00.724 27683 27697 I art     : Explicit concurrent mark sweep GC freed 5937(480KB) AllocSpace objects, 15(392KB) LOS objects, 29% free, 38MB/54MB, paused 1.181ms total 45.243ms
08-04 13:32:00.734 27683 27697 I art     : Starting a blocking GC Explicit
08-04 13:32:00.769 27683 27697 I art     : Explicit concurrent mark sweep GC freed 389(18KB) AllocSpace objects, 0(0B) LOS objects, 29% free, 38MB/54MB, paused 1.076ms total 35.060ms
08-04 13:32:00.779 27683 27697 I art     : Starting a blocking GC Explicit
08-04 13:32:00.803 27683  4645 I NAPPA_EXPERIMENTATION: MetricNetworkRequestExecutionTime: REQUEST_DURATION_SYSTEM='146',REQUEST_DURATION_OKHTTP='145',REQUEST_SYNCHRONOUS='TRUE',RESPONSE_CODE='200',RESPONSE_METHOD='GET',RESPONSE_LENGTH_OKHTTP='43',RESPONSE_LENGTH_HEADER='43',REQUEST_PROTOCOL='http/1.1',REQUEST_URL='http://feeds.feedburner.com/~r/retort/~4/UffaFMiJbNs',
08-04 13:32:00.815 27683 27697 I art     : Explicit concurrent mark sweep GC freed 228(28KB) AllocSpace objects, 1(20KB) LOS objects, 29% free, 38MB/54MB, paused 1.349ms total 36.100ms
08-04 13:32:00.825 27683 27697 I art     : Starting a blocking GC Explicit
08-04 13:32:00.860 27683 27697 I art     : Explicit concurrent mark sweep GC freed 304(25KB) AllocSpace objects, 1(20KB) LOS objects, 29% free, 38MB/54MB, paused 1.107ms total 34.603ms
08-04 13:32:00.870 27683 27697 I art     : Starting a blocking GC Explicit
08-04 13:32:00.905 27683 27697 I art     : Explicit concurrent mark sweep GC freed 65(2608B) AllocSpace objects, 0(0B) LOS objects, 29% free, 38MB/54MB, paused 981us total 34.692ms
08-04 13:32:00.906 27683  3299 I NAPPA_EXPERIMENTATION: MetricNetworkRequestExecutionTime: REQUEST_DURATION_SYSTEM='236',REQUEST_DURATION_OKHTTP='235',REQUEST_SYNCHRONOUS='TRUE',RESPONSE_CODE='200',RESPONSE_METHOD='GET',RESPONSE_LENGTH_OKHTTP='56376',RESPONSE_LENGTH_HEADER='56376',REQUEST_PROTOCOL='h2',REQUEST_URL='https://images.fastcompany.net/image/upload/w_1280,q_auto,f_auto,fl_lossy/wp-cms/uploads/2020/07/p-1-quit-after-covid.jpg',
08-04 13:32:01.207 27683  3240 I art     : Starting a blocking GC Explicit
08-04 13:32:01.246 27683  3240 I art     : Explicit concurrent mark sweep GC freed 2134(134KB) AllocSpace objects, 5(3MB) LOS objects, 28% free, 40MB/56MB, paused 1.313ms total 38.995ms
08-04 13:32:01.256 27683  3240 I art     : Starting a blocking GC Explicit
08-04 13:32:01.293 27683  3240 I art     : Explicit concurrent mark sweep GC freed 69(2672B) AllocSpace objects, 0(0B) LOS objects, 28% free, 40MB/56MB, paused 1.206ms total 36.879ms
08-04 13:32:01.303 27683  3240 I art     : Starting a blocking GC Explicit
08-04 13:32:01.339 27683  3240 I art     : Explicit concurrent mark sweep GC freed 68(4KB) AllocSpace objects, 0(0B) LOS objects, 28% free, 40MB/56MB, paused 1.130ms total 36.542ms
08-04 13:32:01.350 27683  3240 I art     : Starting a blocking GC Explicit
08-04 13:32:01.389 27683  3240 I art     : Explicit concurrent mark sweep GC freed 6(192B) AllocSpace objects, 0(0B) LOS objects, 28% free, 40MB/56MB, paused 1.154ms total 39.044ms
08-04 13:32:01.400 27683  3240 I art     : Starting a blocking GC Explicit
08-04 13:32:01.439 27683  3240 I art     : Explicit concurrent mark sweep GC freed 6(192B) AllocSpace objects, 0(0B) LOS objects, 28% free, 40MB/56MB, paused 1.144ms total 38.709ms
08-04 13:32:01.733 27683  4024 E baseline.com.newsblur.network.APIResponse: Error (unexpected end of stream on https://www.newsblur.com/...) calling https://www.newsblur.com/reader/mark_story_hashes_as_read/
08-04 13:32:01.733 27683  4024 E baseline.com.newsblur.network.APIResponse: java.io.IOException: unexpected end of stream on https://www.newsblur.com/...
08-04 13:32:01.733 27683  4024 E baseline.com.newsblur.network.APIResponse: 	at okhttp3.internal.http1.Http1ExchangeCodec.readResponseHeaders(Http1ExchangeCodec.java:236)
08-04 13:32:01.733 27683  4024 E baseline.com.newsblur.network.APIResponse: 	at okhttp3.internal.connection.Exchange.readResponseHeaders(Exchange.java:115)
08-04 13:32:01.733 27683  4024 E baseline.com.newsblur.network.APIResponse: 	at okhttp3.internal.http.CallServerInterceptor.intercept(CallServerInterceptor.java:94)
08-04 13:32:01.733 27683  4024 E baseline.com.newsblur.network.APIResponse: 	at okhttp3.internal.http.RealInterceptorChain.proceed(RealInterceptorChain.java:142)
08-04 13:32:01.733 27683  4024 E baseline.com.newsblur.network.APIResponse: 	at okhttp3.internal.connection.ConnectInterceptor.intercept(ConnectInterceptor.java:43)
08-04 13:32:01.733 27683  4024 E baseline.com.newsblur.network.APIResponse: 	at okhttp3.internal.http.RealInterceptorChain.proceed(RealInterceptorChain.java:142)
08-04 13:32:01.733 27683  4024 E baseline.com.newsblur.network.APIResponse: 	at okhttp3.internal.http.RealInterceptorChain.proceed(RealInterceptorChain.java:117)
08-04 13:32:01.733 27683  4024 E baseline.com.newsblur.network.APIResponse: 	at okhttp3.internal.cache.CacheInterceptor.intercept(CacheInterceptor.java:94)
08-04 13:32:01.733 27683  4024 E baseline.com.newsblur.network.APIResponse: 	at okhttp3.internal.http.RealInterceptorChain.proceed(RealInterceptorChain.java:142)
08-04 13:32:01.733 27683  4024 E baseline.com.newsblur.network.APIResponse: 	at okhttp3.internal.http.RealInterceptorChain.proceed(RealInterceptorChain.java:117)
08-04 13:32:01.733 27683  4024 E baseline.com.newsblur.network.APIResponse: 	at okhttp3.internal.http.BridgeInterceptor.intercept(BridgeInterceptor.java:93)
08-04 13:32:01.733 27683  4024 E baseline.com.newsblur.network.APIResponse: 	at okhttp3.internal.http.RealInterceptorChain.proceed(RealInterceptorChain.java:142)
08-04 13:32:01.733 27683  4024 E baseline.com.newsblur.network.APIResponse: 	at okhttp3.internal.http.RetryAndFollowUpInterceptor.intercept(RetryAndFollowUpInterceptor.java:88)
08-04 13:32:01.733 27683  4024 E baseline.com.newsblur.network.APIResponse: 	at okhttp3.internal.http.RealInterceptorChain.proceed(RealInterceptorChain.java:142)
08-04 13:32:01.733 27683  4024 E baseline.com.newsblur.network.APIResponse: 	at okhttp3.internal.http.RealInterceptorChain.proceed(RealInterceptorChain.java:117)
08-04 13:32:01.733 27683  4024 E baseline.com.newsblur.network.APIResponse: 	at okhttp3.RealCall.getResponseWithInterceptorChain(RealCall.java:229)
08-04 13:32:01.733 27683  4024 E baseline.com.newsblur.network.APIResponse: 	at okhttp3.RealCall.execute(RealCall.java:81)
08-04 13:32:01.733 27683  4024 E baseline.com.newsblur.network.APIResponse: 	at baseline.com.newsblur.network.APIResponse.<init>(APIResponse.java:57)
08-04 13:32:01.733 27683  4024 E baseline.com.newsblur.network.APIResponse: 	at baseline.com.newsblur.network.APIResponse.<init>(APIResponse.java:43)
08-04 13:32:01.733 27683  4024 E baseline.com.newsblur.network.APIResponse: 	at baseline.com.newsblur.network.APIManager.post_single(APIManager.java:702)
08-04 13:32:01.733 27683  4024 E baseline.com.newsblur.network.APIResponse: 	at baseline.com.newsblur.network.APIManager.post(APIManager.java:675)
08-04 13:32:01.733 27683  4024 E baseline.com.newsblur.network.APIResponse: 	at baseline.com.newsblur.network.APIManager.post(APIManager.java:714)
08-04 13:32:01.733 27683  4024 E baseline.com.newsblur.network.APIResponse: 	at baseline.com.newsblur.network.APIManager.markStoryAsRead(APIManager.java:205)
08-04 13:32:01.733 27683  4024 E baseline.com.newsblur.network.APIResponse: 	at baseline.com.newsblur.util.ReadingAction.doRemote(ReadingAction.java:281)
08-04 13:32:01.733 27683  4024 E baseline.com.newsblur.network.APIResponse: 	at baseline.com.newsblur.service.NBSyncService.syncActions(NBSyncService.java:400)
08-04 13:32:01.733 27683  4024 E baseline.com.newsblur.network.APIResponse: 	at baseline.com.newsblur.service.NBSyncService.doSync(NBSyncService.java:298)
08-04 13:32:01.733 27683  4024 E baseline.com.newsblur.network.APIResponse: 	at baseline.com.newsblur.service.NBSyncService.access$100(NBSyncService.java:67)
08-04 13:32:01.733 27683  4024 E baseline.com.newsblur.network.APIResponse: 	at baseline.com.newsblur.service.NBSyncService$1.run(NBSyncService.java:188)
08-04 13:32:01.733 27683  4024 E baseline.com.newsblur.network.APIResponse: 	at java.util.concurrent.ThreadPoolExecutor.runWorker(ThreadPoolExecutor.java:1113)
08-04 13:32:01.733 27683  4024 E baseline.com.newsblur.network.APIResponse: 	at java.util.concurrent.ThreadPoolExecutor$Worker.run(ThreadPoolExecutor.java:588)
08-04 13:32:01.733 27683  4024 E baseline.com.newsblur.network.APIResponse: 	at java.lang.Thread.run(Thread.java:818)
08-04 13:32:01.733 27683  4024 E baseline.com.newsblur.network.APIResponse: Caused by: java.io.EOFException: \n not found: limit=0 content=
08-04 13:32:01.733 27683  4024 E baseline.com.newsblur.network.APIResponse: 	at okio.RealBufferedSource.readUtf8LineStrict(RealBufferedSource.java:240)
08-04 13:32:01.733 27683  4024 E baseline.com.newsblur.network.APIResponse: 	at okhttp3.internal.http1.Http1ExchangeCodec.readHeaderLine(Http1ExchangeCodec.java:242)
08-04 13:32:01.733 27683  4024 E baseline.com.newsblur.network.APIResponse: 	at okhttp3.internal.http1.Http1ExchangeCodec.readResponseHeaders(Http1ExchangeCodec.java:213)
08-04 13:32:01.733 27683  4024 E baseline.com.newsblur.network.APIResponse: 	... 30 more
08-04 13:32:01.735 27683  4024 I baseline.com.newsblur.network.APIManager: API call failed, pausing before retry number 2
08-04 13:32:01.763 27683 27696 I art     : Starting a blocking GC Explicit
08-04 13:32:01.794   518   646 I ThermalEngine: ACTION: GPU - Setting GPU[0] to 450000000
08-04 13:32:01.815 27683 27696 I art     : Explicit concurrent mark sweep GC freed 3982(358KB) AllocSpace objects, 3(60KB) LOS objects, 28% free, 40MB/56MB, paused 1.345ms total 51.171ms
08-04 13:32:01.829 27683 27696 I art     : Starting a blocking GC Explicit
08-04 13:32:01.878 27683 27696 I art     : Explicit concurrent mark sweep GC freed 132(4KB) AllocSpace objects, 0(0B) LOS objects, 28% free, 40MB/56MB, paused 1.577ms total 48.708ms
08-04 13:32:01.891 27683 27696 I art     : Starting a blocking GC Explicit
08-04 13:32:01.941 27683 27696 I art     : Explicit concurrent mark sweep GC freed 15(480B) AllocSpace objects, 0(0B) LOS objects, 28% free, 40MB/56MB, paused 1.401ms total 49.691ms
08-04 13:32:01.955 27683 27696 I art     : Starting a blocking GC Explicit
08-04 13:32:01.972 13866 13882 I PeriodicStatsRunner: PeriodicStatsRunner.call():175 call()
08-04 13:32:01.972 13866 13882 I PeriodicStatsRunner: PeriodicStatsRunner.call():179 No submit PeriodicStats since input started.
08-04 13:32:02.007 27683 27696 I art     : Explicit concurrent mark sweep GC freed 15(480B) AllocSpace objects, 0(0B) LOS objects, 28% free, 40MB/56MB, paused 1.340ms total 51.478ms
08-04 13:32:02.022 27683 27696 I art     : Starting a blocking GC Explicit
08-04 13:32:02.073 27683 27696 I art     : Explicit concurrent mark sweep GC freed 8(256B) AllocSpace objects, 0(0B) LOS objects, 28% free, 40MB/56MB, paused 1.360ms total 51.433ms
08-04 13:32:02.144   918  3188 I hubconnection: sensorhub said: 'set_bias 3: -14.4000, 0.0000, 0.0000'
08-04 13:32:02.470 27683  3242 I art     : Starting a blocking GC Explicit
08-04 13:32:02.521 27683  3242 I art     : Explicit concurrent mark sweep GC freed 1472(83KB) AllocSpace objects, 1(20KB) LOS objects, 28% free, 40MB/56MB, paused 1.509ms total 51.211ms
08-04 13:32:02.536 27683  3242 I art     : Starting a blocking GC Explicit
08-04 13:32:02.586 27683  3242 I art     : Explicit concurrent mark sweep GC freed 26(928B) AllocSpace objects, 0(0B) LOS objects, 28% free, 40MB/56MB, paused 1.423ms total 50.338ms
08-04 13:32:02.600 27683  3242 I art     : Starting a blocking GC Explicit
08-04 13:32:02.651 27683  3242 I art     : Explicit concurrent mark sweep GC freed 6(192B) AllocSpace objects, 0(0B) LOS objects, 28% free, 40MB/56MB, paused 1.500ms total 50.152ms
08-04 13:32:02.664 27683  3242 I art     : Starting a blocking GC Explicit
08-04 13:32:02.715 27683  3242 I art     : Explicit concurrent mark sweep GC freed 7(224B) AllocSpace objects, 0(0B) LOS objects, 28% free, 40MB/56MB, paused 1.387ms total 50.480ms
08-04 13:32:02.729 27683  3242 I art     : Starting a blocking GC Explicit
08-04 13:32:02.779 27683  3242 I art     : Explicit concurrent mark sweep GC freed 7(224B) AllocSpace objects, 0(0B) LOS objects, 28% free, 40MB/56MB, paused 1.549ms total 50.084ms
08-04 13:32:03.176 27683 27697 I art     : Starting a blocking GC Explicit
08-04 13:32:03.229 27683 27697 I art     : Explicit concurrent mark sweep GC freed 1473(84KB) AllocSpace objects, 1(20KB) LOS objects, 28% free, 40MB/56MB, paused 1.588ms total 52.697ms
08-04 13:32:03.243 27683 27697 I art     : Starting a blocking GC Explicit
08-04 13:32:03.294 27683 27697 I art     : Explicit concurrent mark sweep GC freed 26(912B) AllocSpace objects, 0(0B) LOS objects, 28% free, 40MB/56MB, paused 1.520ms total 51.089ms
08-04 13:32:03.308 27683 27697 I art     : Starting a blocking GC Explicit
08-04 13:32:03.359 27683 27697 I art     : Explicit concurrent mark sweep GC freed 7(224B) AllocSpace objects, 0(0B) LOS objects, 28% free, 40MB/56MB, paused 1.662ms total 50.623ms
08-04 13:32:03.372 27683 27697 I art     : Starting a blocking GC Explicit
08-04 13:32:03.423 27683 27697 I art     : Explicit concurrent mark sweep GC freed 7(224B) AllocSpace objects, 0(0B) LOS objects, 28% free, 40MB/56MB, paused 1.393ms total 50.741ms
08-04 13:32:03.437 27683 27697 I art     : Starting a blocking GC Explicit
08-04 13:32:03.487 27683 27697 I art     : Explicit concurrent mark sweep GC freed 7(224B) AllocSpace objects, 0(0B) LOS objects, 28% free, 40MB/56MB, paused 1.434ms total 49.825ms
08-04 13:32:03.765 13866 13882 I PeriodicStatsRunner: PeriodicStatsRunner.call():175 call()
08-04 13:32:03.765 13866 13882 I PeriodicStatsRunner: PeriodicStatsRunner.call():179 No submit PeriodicStats since input started.
08-04 13:32:03.887 27683  3240 I art     : Starting a blocking GC Explicit
08-04 13:32:03.939 27683  3240 I art     : Explicit concurrent mark sweep GC freed 1474(84KB) AllocSpace objects, 1(20KB) LOS objects, 28% free, 40MB/56MB, paused 1.477ms total 51.974ms
08-04 13:32:03.953 27683  3240 I art     : Starting a blocking GC Explicit
08-04 13:32:04.005 27683  3240 I art     : Explicit concurrent mark sweep GC freed 26(928B) AllocSpace objects, 0(0B) LOS objects, 28% free, 40MB/56MB, paused 1.396ms total 51.389ms
08-04 13:32:04.018 27683  3240 I art     : Starting a blocking GC Explicit
08-04 13:32:04.068 27683  3240 I art     : Explicit concurrent mark sweep GC freed 6(192B) AllocSpace objects, 0(0B) LOS objects, 28% free, 40MB/56MB, paused 1.555ms total 49.770ms
08-04 13:32:04.082 27683  3240 I art     : Starting a blocking GC Explicit
08-04 13:32:04.133 27683  3240 I art     : Explicit concurrent mark sweep GC freed 7(224B) AllocSpace objects, 0(0B) LOS objects, 28% free, 40MB/56MB, paused 1.441ms total 50.620ms
08-04 13:32:04.147 27683  3240 I art     : Starting a blocking GC Explicit
08-04 13:32:04.197 27683  3240 I art     : Explicit concurrent mark sweep GC freed 7(224B) AllocSpace objects, 0(0B) LOS objects, 28% free, 40MB/56MB, paused 1.571ms total 50.117ms
08-04 13:32:04.602 27683  3240 I art     : Starting a blocking GC Explicit
08-04 13:32:04.655 27683  3240 I art     : Explicit concurrent mark sweep GC freed 1472(83KB) AllocSpace objects, 1(20KB) LOS objects, 28% free, 40MB/56MB, paused 1.367ms total 52.792ms
08-04 13:32:04.669 27683  3240 I art     : Starting a blocking GC Explicit
08-04 13:32:04.720 27683  3240 I art     : Explicit concurrent mark sweep GC freed 26(912B) AllocSpace objects, 0(0B) LOS objects, 28% free, 40MB/56MB, paused 1.378ms total 50.561ms
08-04 13:32:04.734 27683  3240 I art     : Starting a blocking GC Explicit
08-04 13:32:04.784 27683  3240 I art     : Explicit concurrent mark sweep GC freed 171(8KB) AllocSpace objects, 0(0B) LOS objects, 28% free, 40MB/56MB, paused 1.443ms total 50.330ms
08-04 13:32:04.798 27683  3240 I art     : Starting a blocking GC Explicit
08-04 13:32:04.849 27683  3240 I art     : Explicit concurrent mark sweep GC freed 13(480B) AllocSpace objects, 0(0B) LOS objects, 28% free, 40MB/56MB, paused 1.506ms total 50.632ms
08-04 13:32:04.862 27683  3240 I art     : Starting a blocking GC Explicit
08-04 13:32:04.913 27683  3240 I art     : Explicit concurrent mark sweep GC freed 7(224B) AllocSpace objects, 0(0B) LOS objects, 28% free, 40MB/56MB, paused 1.364ms total 50.306ms
08-04 13:32:05.216 27683  4024 E baseline.com.newsblur.network.APIResponse: Error (unexpected end of stream on https://www.newsblur.com/...) calling https://www.newsblur.com/reader/mark_story_hashes_as_read/
08-04 13:32:05.216 27683  4024 E baseline.com.newsblur.network.APIResponse: java.io.IOException: unexpected end of stream on https://www.newsblur.com/...
08-04 13:32:05.216 27683  4024 E baseline.com.newsblur.network.APIResponse: 	at okhttp3.internal.http1.Http1ExchangeCodec.readResponseHeaders(Http1ExchangeCodec.java:236)
08-04 13:32:05.216 27683  4024 E baseline.com.newsblur.network.APIResponse: 	at okhttp3.internal.connection.Exchange.readResponseHeaders(Exchange.java:115)
08-04 13:32:05.216 27683  4024 E baseline.com.newsblur.network.APIResponse: 	at okhttp3.internal.http.CallServerInterceptor.intercept(CallServerInterceptor.java:94)
08-04 13:32:05.216 27683  4024 E baseline.com.newsblur.network.APIResponse: 	at okhttp3.internal.http.RealInterceptorChain.proceed(RealInterceptorChain.java:142)
08-04 13:32:05.216 27683  4024 E baseline.com.newsblur.network.APIResponse: 	at okhttp3.internal.connection.ConnectInterceptor.intercept(ConnectInterceptor.java:43)
08-04 13:32:05.216 27683  4024 E baseline.com.newsblur.network.APIResponse: 	at okhttp3.internal.http.RealInterceptorChain.proceed(RealInterceptorChain.java:142)
08-04 13:32:05.216 27683  4024 E baseline.com.newsblur.network.APIResponse: 	at okhttp3.internal.http.RealInterceptorChain.proceed(RealInterceptorChain.java:117)
08-04 13:32:05.216 27683  4024 E baseline.com.newsblur.network.APIResponse: 	at okhttp3.internal.cache.CacheInterceptor.intercept(CacheInterceptor.java:94)
08-04 13:32:05.216 27683  4024 E baseline.com.newsblur.network.APIResponse: 	at okhttp3.internal.http.RealInterceptorChain.proceed(RealInterceptorChain.java:142)
08-04 13:32:05.216 27683  4024 E baseline.com.newsblur.network.APIResponse: 	at okhttp3.internal.http.RealInterceptorChain.proceed(RealInterceptorChain.java:117)
08-04 13:32:05.216 27683  4024 E baseline.com.newsblur.network.APIResponse: 	at okhttp3.internal.http.BridgeInterceptor.intercept(BridgeInterceptor.java:93)
08-04 13:32:05.216 27683  4024 E baseline.com.newsblur.network.APIResponse: 	at okhttp3.internal.http.RealInterceptorChain.proceed(RealInterceptorChain.java:142)
08-04 13:32:05.216 27683  4024 E baseline.com.newsblur.network.APIResponse: 	at okhttp3.internal.http.RetryAndFollowUpInterceptor.intercept(RetryAndFollowUpInterceptor.java:88)
08-04 13:32:05.216 27683  4024 E baseline.com.newsblur.network.APIResponse: 	at okhttp3.internal.http.RealInterceptorChain.proceed(RealInterceptorChain.java:142)
08-04 13:32:05.216 27683  4024 E baseline.com.newsblur.network.APIResponse: 	at okhttp3.internal.http.RealInterceptorChain.proceed(RealInterceptorChain.java:117)
08-04 13:32:05.216 27683  4024 E baseline.com.newsblur.network.APIResponse: 	at okhttp3.RealCall.getResponseWithInterceptorChain(RealCall.java:229)
08-04 13:32:05.216 27683  4024 E baseline.com.newsblur.network.APIResponse: 	at okhttp3.RealCall.execute(RealCall.java:81)
08-04 13:32:05.216 27683  4024 E baseline.com.newsblur.network.APIResponse: 	at baseline.com.newsblur.network.APIResponse.<init>(APIResponse.java:57)
08-04 13:32:05.216 27683  4024 E baseline.com.newsblur.network.APIResponse: 	at baseline.com.newsblur.network.APIResponse.<init>(APIResponse.java:43)
08-04 13:32:05.216 27683  4024 E baseline.com.newsblur.network.APIResponse: 	at baseline.com.newsblur.network.APIManager.post_single(APIManager.java:702)
08-04 13:32:05.216 27683  4024 E baseline.com.newsblur.network.APIResponse: 	at baseline.com.newsblur.network.APIManager.post(APIManager.java:675)
08-04 13:32:05.216 27683  4024 E baseline.com.newsblur.network.APIResponse: 	at baseline.com.newsblur.network.APIManager.post(APIManager.java:714)
08-04 13:32:05.216 27683  4024 E baseline.com.newsblur.network.APIResponse: 	at baseline.com.newsblur.network.APIManager.markStoryAsRead(APIManager.java:205)
08-04 13:32:05.216 27683  4024 E baseline.com.newsblur.network.APIResponse: 	at baseline.com.newsblur.util.ReadingAction.doRemote(ReadingAction.java:281)
08-04 13:32:05.216 27683  4024 E baseline.com.newsblur.network.APIResponse: 	at baseline.com.newsblur.service.NBSyncService.syncActions(NBSyncService.java:400)
08-04 13:32:05.216 27683  4024 E baseline.com.newsblur.network.APIResponse: 	at baseline.com.newsblur.service.NBSyncService.doSync(NBSyncService.java:298)
08-04 13:32:05.216 27683  4024 E baseline.com.newsblur.network.APIResponse: 	at baseline.com.newsblur.service.NBSyncService.access$100(NBSyncService.java:67)
08-04 13:32:05.216 27683  4024 E baseline.com.newsblur.network.APIResponse: 	at baseline.com.newsblur.service.NBSyncService$1.run(NBSyncService.java:188)
08-04 13:32:05.216 27683  4024 E baseline.com.newsblur.network.APIResponse: 	at java.util.concurrent.ThreadPoolExecutor.runWorker(ThreadPoolExecutor.java:1113)
08-04 13:32:05.216 27683  4024 E baseline.com.newsblur.network.APIResponse: 	at java.util.concurrent.ThreadPoolExecutor$Worker.run(ThreadPoolExecutor.java:588)
08-04 13:32:05.216 27683  4024 E baseline.com.newsblur.network.APIResponse: 	at java.lang.Thread.run(Thread.java:818)
08-04 13:32:05.216 27683  4024 E baseline.com.newsblur.network.APIResponse: Caused by: java.io.EOFException: \n not found: limit=0 content=
08-04 13:32:05.216 27683  4024 E baseline.com.newsblur.network.APIResponse: 	at okio.RealBufferedSource.readUtf8LineStrict(RealBufferedSource.java:240)
08-04 13:32:05.216 27683  4024 E baseline.com.newsblur.network.APIResponse: 	at okhttp3.internal.http1.Http1ExchangeCodec.readHeaderLine(Http1ExchangeCodec.java:242)
08-04 13:32:05.216 27683  4024 E baseline.com.newsblur.network.APIResponse: 	at okhttp3.internal.http1.Http1ExchangeCodec.readResponseHeaders(Http1ExchangeCodec.java:213)
08-04 13:32:05.216 27683  4024 E baseline.com.newsblur.network.APIResponse: 	... 30 more
08-04 13:32:05.218 27683  4024 I baseline.com.newsblur.service.NBSyncService: Holding reading action with server-side or network error.
08-04 13:32:05.227 27683  4024 W baseline.com.newsblur.service.NBSyncService: hard API failure
08-04 13:32:05.236 27683  4024 I baseline.com.newsblur.service.NBSyncService: recounting dirty feed sets: 1
08-04 13:32:05.276 27683 27696 I art     : Starting a blocking GC Explicit
08-04 13:32:05.328 27683 27696 I art     : Explicit concurrent mark sweep GC freed 4830(434KB) AllocSpace objects, 5(100KB) LOS objects, 28% free, 40MB/56MB, paused 1.511ms total 50.897ms
08-04 13:32:05.341 27683 27696 I art     : Starting a blocking GC Explicit
08-04 13:32:05.393 27683 27696 I art     : Explicit concurrent mark sweep GC freed 297(11KB) AllocSpace objects, 0(0B) LOS objects, 28% free, 40MB/56MB, paused 1.492ms total 51.222ms
08-04 13:32:05.407 27683 27696 I art     : Starting a blocking GC Explicit
08-04 13:32:05.455 27683 27696 I art     : Explicit concurrent mark sweep GC freed 7(224B) AllocSpace objects, 0(0B) LOS objects, 28% free, 40MB/56MB, paused 1.375ms total 48.246ms
08-04 13:32:05.469 27683 27696 I art     : Starting a blocking GC Explicit
08-04 13:32:05.521 27683 27696 I art     : Explicit concurrent mark sweep GC freed 7(224B) AllocSpace objects, 0(0B) LOS objects, 28% free, 40MB/56MB, paused 1.444ms total 51.650ms
08-04 13:32:05.535 27683 27696 I art     : Starting a blocking GC Explicit
08-04 13:32:05.587 27683 27696 I art     : Explicit concurrent mark sweep GC freed 176(6KB) AllocSpace objects, 0(0B) LOS objects, 28% free, 40MB/56MB, paused 1.818ms total 52.043ms
08-04 13:32:05.617 13866 13882 I PeriodicStatsRunner: PeriodicStatsRunner.call():175 call()
08-04 13:32:05.617 13866 13882 I PeriodicStatsRunner: PeriodicStatsRunner.call():179 No submit PeriodicStats since input started.
08-04 13:32:05.644 27683  4024 E baseline.com.newsblur.network.APIResponse: Error (unexpected end of stream on https://www.newsblur.com/...) calling https://www.newsblur.com/reader/feed_unread_count?feed_id=0
08-04 13:32:05.644 27683  4024 E baseline.com.newsblur.network.APIResponse: java.io.IOException: unexpected end of stream on https://www.newsblur.com/...
08-04 13:32:05.644 27683  4024 E baseline.com.newsblur.network.APIResponse: 	at okhttp3.internal.http1.Http1ExchangeCodec.readResponseHeaders(Http1ExchangeCodec.java:236)
08-04 13:32:05.644 27683  4024 E baseline.com.newsblur.network.APIResponse: 	at okhttp3.internal.connection.Exchange.readResponseHeaders(Exchange.java:115)
08-04 13:32:05.644 27683  4024 E baseline.com.newsblur.network.APIResponse: 	at okhttp3.internal.http.CallServerInterceptor.intercept(CallServerInterceptor.java:94)
08-04 13:32:05.644 27683  4024 E baseline.com.newsblur.network.APIResponse: 	at okhttp3.internal.http.RealInterceptorChain.proceed(RealInterceptorChain.java:142)
08-04 13:32:05.644 27683  4024 E baseline.com.newsblur.network.APIResponse: 	at okhttp3.internal.connection.ConnectInterceptor.intercept(ConnectInterceptor.java:43)
08-04 13:32:05.644 27683  4024 E baseline.com.newsblur.network.APIResponse: 	at okhttp3.internal.http.RealInterceptorChain.proceed(RealInterceptorChain.java:142)
08-04 13:32:05.644 27683  4024 E baseline.com.newsblur.network.APIResponse: 	at okhttp3.internal.http.RealInterceptorChain.proceed(RealInterceptorChain.java:117)
08-04 13:32:05.644 27683  4024 E baseline.com.newsblur.network.APIResponse: 	at okhttp3.internal.cache.CacheInterceptor.intercept(CacheInterceptor.java:94)
08-04 13:32:05.644 27683  4024 E baseline.com.newsblur.network.APIResponse: 	at okhttp3.internal.http.RealInterceptorChain.proceed(RealInterceptorChain.java:142)
08-04 13:32:05.644 27683  4024 E baseline.com.newsblur.network.APIResponse: 	at okhttp3.internal.http.RealInterceptorChain.proceed(RealInterceptorChain.java:117)
08-04 13:32:05.644 27683  4024 E baseline.com.newsblur.network.APIResponse: 	at okhttp3.internal.http.BridgeInterceptor.intercept(BridgeInterceptor.java:93)
08-04 13:32:05.644 27683  4024 E baseline.com.newsblur.network.APIResponse: 	at okhttp3.internal.http.RealInterceptorChain.proceed(RealInterceptorChain.java:142)
08-04 13:32:05.644 27683  4024 E baseline.com.newsblur.network.APIResponse: 	at okhttp3.internal.http.RetryAndFollowUpInterceptor.intercept(RetryAndFollowUpInterceptor.java:88)
08-04 13:32:05.644 27683  4024 E baseline.com.newsblur.network.APIResponse: 	at okhttp3.internal.http.RealInterceptorChain.proceed(RealInterceptorChain.java:142)
08-04 13:32:05.644 27683  4024 E baseline.com.newsblur.network.APIResponse: 	at okhttp3.internal.http.RealInterceptorChain.proceed(RealInterceptorChain.java:117)
08-04 13:32:05.644 27683  4024 E baseline.com.newsblur.network.APIResponse: 	at okhttp3.RealCall.getResponseWithInterceptorChain(RealCall.java:229)
08-04 13:32:05.644 27683  4024 E baseline.com.newsblur.network.APIResponse: 	at okhttp3.RealCall.execute(RealCall.java:81)
08-04 13:32:05.644 27683  4024 E baseline.com.newsblur.network.APIResponse: 	at baseline.com.newsblur.network.APIResponse.<init>(APIResponse.java:57)
08-04 13:32:05.644 27683  4024 E baseline.com.newsblur.network.APIResponse: 	at baseline.com.newsblur.network.APIManager.get_single(APIManager.java:639)
08-04 13:32:05.644 27683  4024 E baseline.com.newsblur.network.APIResponse: 	at baseline.com.newsblur.network.APIManager.get(APIManager.java:625)
08-04 13:32:05.644 27683  4024 E baseline.com.newsblur.network.APIResponse: 	at baseline.com.newsblur.network.APIManager.get(APIManager.java:667)
08-04 13:32:05.644 27683  4024 E baseline.com.newsblur.network.APIResponse: 	at baseline.com.newsblur.network.APIManager.getFeedUnreadCounts(APIManager.java:274)
08-04 13:32:05.644 27683  4024 E baseline.com.newsblur.network.APIResponse: 	at baseline.com.newsblur.service.NBSyncService.checkRecounts(NBSyncService.java:660)
08-04 13:32:05.644 27683  4024 E baseline.com.newsblur.network.APIResponse: 	at baseline.com.newsblur.service.NBSyncService.doSync(NBSyncService.java:310)
08-04 13:32:05.644 27683  4024 E baseline.com.newsblur.network.APIResponse: 	at baseline.com.newsblur.service.NBSyncService.access$100(NBSyncService.java:67)
08-04 13:32:05.644 27683  4024 E baseline.com.newsblur.network.APIResponse: 	at baseline.com.newsblur.service.NBSyncService$1.run(NBSyncService.java:188)
08-04 13:32:05.644 27683  4024 E baseline.com.newsblur.network.APIResponse: 	at java.util.concurrent.ThreadPoolExecutor.runWorker(ThreadPoolExecutor.java:1113)
08-04 13:32:05.644 27683  4024 E baseline.com.newsblur.network.APIResponse: 	at java.util.concurrent.ThreadPoolExecutor$Worker.run(ThreadPoolExecutor.java:588)
08-04 13:32:05.644 27683  4024 E baseline.com.newsblur.network.APIResponse: 	at java.lang.Thread.run(Thread.java:818)
08-04 13:32:05.644 27683  4024 E baseline.com.newsblur.network.APIResponse: Caused by: java.io.EOFException: \n not found: limit=0 content=
08-04 13:32:05.644 27683  4024 E baseline.com.newsblur.network.APIResponse: 	at okio.RealBufferedSource.readUtf8LineStrict(RealBufferedSource.java:240)
08-04 13:32:05.644 27683  4024 E baseline.com.newsblur.network.APIResponse: 	at okhttp3.internal.http1.Http1ExchangeCodec.readHeaderLine(Http1ExchangeCodec.java:242)
08-04 13:32:05.644 27683  4024 E baseline.com.newsblur.network.APIResponse: 	at okhttp3.internal.http1.Http1ExchangeCodec.readResponseHeaders(Http1ExchangeCodec.java:213)
08-04 13:32:05.644 27683  4024 E baseline.com.newsblur.network.APIResponse: 	... 28 more
08-04 13:32:05.646 27683  4024 I baseline.com.newsblur.network.APIManager: API call failed, pausing before retry number 1
08-04 13:32:05.801   518   646 I ThermalEngine: ACTION: GPU - Setting GPU[0] to 510000000
08-04 13:32:05.950 27683  3242 I art     : Starting a blocking GC Explicit
08-04 13:32:05.991 27683  3242 I art     : Explicit concurrent mark sweep GC freed 3795(350KB) AllocSpace objects, 3(60KB) LOS objects, 28% free, 40MB/56MB, paused 1.104ms total 40.874ms
08-04 13:32:06.002 27683  3242 I art     : Starting a blocking GC Explicit
08-04 13:32:06.041 27683  3242 I art     : Explicit concurrent mark sweep GC freed 119(4KB) AllocSpace objects, 0(0B) LOS objects, 28% free, 40MB/56MB, paused 1.017ms total 38.722ms
08-04 13:32:06.052 27683  3242 I art     : Starting a blocking GC Explicit
08-04 13:32:06.093 27683  3242 I art     : Explicit concurrent mark sweep GC freed 6(192B) AllocSpace objects, 0(0B) LOS objects, 28% free, 40MB/56MB, paused 1.107ms total 40.833ms
08-04 13:32:06.103 27683  3242 I art     : Starting a blocking GC Explicit
08-04 13:32:06.142 27683  3242 I art     : Explicit concurrent mark sweep GC freed 5(160B) AllocSpace objects, 0(0B) LOS objects, 28% free, 40MB/56MB, paused 1.027ms total 38.771ms
08-04 13:32:06.153 27683  3242 I art     : Starting a blocking GC Explicit
08-04 13:32:06.192 27683  3242 I art     : Explicit concurrent mark sweep GC freed 7(224B) AllocSpace objects, 0(0B) LOS objects, 28% free, 40MB/56MB, paused 1.068ms total 38.802ms
08-04 13:32:06.552 27683  3242 I art     : Starting a blocking GC Explicit
08-04 13:32:06.593 27683  3242 I art     : Explicit concurrent mark sweep GC freed 1467(83KB) AllocSpace objects, 1(20KB) LOS objects, 28% free, 40MB/56MB, paused 1.026ms total 40.817ms
08-04 13:32:06.604 27683  3242 I art     : Starting a blocking GC Explicit
08-04 13:32:06.643 27683  3242 I art     : Explicit concurrent mark sweep GC freed 25(880B) AllocSpace objects, 0(0B) LOS objects, 28% free, 40MB/56MB, paused 1.084ms total 38.978ms
08-04 13:32:06.654 27683  3242 I art     : Starting a blocking GC Explicit
08-04 13:32:06.692 27683  3242 I art     : Explicit concurrent mark sweep GC freed 6(192B) AllocSpace objects, 0(0B) LOS objects, 28% free, 40MB/56MB, paused 1.095ms total 38.357ms
08-04 13:32:06.703 27683  3242 I art     : Starting a blocking GC Explicit
08-04 13:32:06.742 27683  3242 I art     : Explicit concurrent mark sweep GC freed 6(192B) AllocSpace objects, 0(0B) LOS objects, 28% free, 40MB/56MB, paused 1.075ms total 38.916ms
08-04 13:32:06.753 27683  3242 I art     : Starting a blocking GC Explicit
08-04 13:32:06.792 27683  3242 I art     : Explicit concurrent mark sweep GC freed 6(192B) AllocSpace objects, 0(0B) LOS objects, 28% free, 40MB/56MB, paused 1.058ms total 39.403ms
08-04 13:32:07.162 27683 27696 I art     : Starting a blocking GC Explicit
08-04 13:32:07.202 27683 27696 I art     : Explicit concurrent mark sweep GC freed 1561(87KB) AllocSpace objects, 1(20KB) LOS objects, 28% free, 40MB/56MB, paused 1.158ms total 40.099ms
08-04 13:32:07.213 27683 27696 I art     : Starting a blocking GC Explicit
08-04 13:32:07.252 27683 27696 I art     : Explicit concurrent mark sweep GC freed 96(5KB) AllocSpace objects, 0(0B) LOS objects, 28% free, 40MB/56MB, paused 1.139ms total 38.849ms
08-04 13:32:07.262 27683 27696 I art     : Starting a blocking GC Explicit
08-04 13:32:07.301 27683 27696 I art     : Explicit concurrent mark sweep GC freed 15(1504B) AllocSpace objects, 0(0B) LOS objects, 28% free, 40MB/56MB, paused 1.104ms total 39.137ms
08-04 13:32:07.312 27683 27696 I art     : Starting a blocking GC Explicit
08-04 13:32:07.351 27683 27696 I art     : Explicit concurrent mark sweep GC freed 6(192B) AllocSpace objects, 0(0B) LOS objects, 28% free, 40MB/56MB, paused 1.150ms total 39.247ms
08-04 13:32:07.362 27683 27696 I art     : Starting a blocking GC Explicit
08-04 13:32:07.401 27683 27696 I art     : Explicit concurrent mark sweep GC freed 6(192B) AllocSpace objects, 0(0B) LOS objects, 28% free, 40MB/56MB, paused 1.145ms total 39.251ms
08-04 13:32:07.672 27683  4024 E baseline.com.newsblur.network.APIResponse: Error (unexpected end of stream on https://www.newsblur.com/...) calling https://www.newsblur.com/reader/feed_unread_count?feed_id=0
08-04 13:32:07.672 27683  4024 E baseline.com.newsblur.network.APIResponse: java.io.IOException: unexpected end of stream on https://www.newsblur.com/...
08-04 13:32:07.672 27683  4024 E baseline.com.newsblur.network.APIResponse: 	at okhttp3.internal.http1.Http1ExchangeCodec.readResponseHeaders(Http1ExchangeCodec.java:236)
08-04 13:32:07.672 27683  4024 E baseline.com.newsblur.network.APIResponse: 	at okhttp3.internal.connection.Exchange.readResponseHeaders(Exchange.java:115)
08-04 13:32:07.672 27683  4024 E baseline.com.newsblur.network.APIResponse: 	at okhttp3.internal.http.CallServerInterceptor.intercept(CallServerInterceptor.java:94)
08-04 13:32:07.672 27683  4024 E baseline.com.newsblur.network.APIResponse: 	at okhttp3.internal.http.RealInterceptorChain.proceed(RealInterceptorChain.java:142)
08-04 13:32:07.672 27683  4024 E baseline.com.newsblur.network.APIResponse: 	at okhttp3.internal.connection.ConnectInterceptor.intercept(ConnectInterceptor.java:43)
08-04 13:32:07.672 27683  4024 E baseline.com.newsblur.network.APIResponse: 	at okhttp3.internal.http.RealInterceptorChain.proceed(RealInterceptorChain.java:142)
08-04 13:32:07.672 27683  4024 E baseline.com.newsblur.network.APIResponse: 	at okhttp3.internal.http.RealInterceptorChain.proceed(RealInterceptorChain.java:117)
08-04 13:32:07.672 27683  4024 E baseline.com.newsblur.network.APIResponse: 	at okhttp3.internal.cache.CacheInterceptor.intercept(CacheInterceptor.java:94)
08-04 13:32:07.672 27683  4024 E baseline.com.newsblur.network.APIResponse: 	at okhttp3.internal.http.RealInterceptorChain.proceed(RealInterceptorChain.java:142)
08-04 13:32:07.672 27683  4024 E baseline.com.newsblur.network.APIResponse: 	at okhttp3.internal.http.RealInterceptorChain.proceed(RealInterceptorChain.java:117)
08-04 13:32:07.672 27683  4024 E baseline.com.newsblur.network.APIResponse: 	at okhttp3.internal.http.BridgeInterceptor.intercept(BridgeInterceptor.java:93)
08-04 13:32:07.672 27683  4024 E baseline.com.newsblur.network.APIResponse: 	at okhttp3.internal.http.RealInterceptorChain.proceed(RealInterceptorChain.java:142)
08-04 13:32:07.672 27683  4024 E baseline.com.newsblur.network.APIResponse: 	at okhttp3.internal.http.RetryAndFollowUpInterceptor.intercept(RetryAndFollowUpInterceptor.java:88)
08-04 13:32:07.672 27683  4024 E baseline.com.newsblur.network.APIResponse: 	at okhttp3.internal.http.RealInterceptorChain.proceed(RealInterceptorChain.java:142)
08-04 13:32:07.672 27683  4024 E baseline.com.newsblur.network.APIResponse: 	at okhttp3.internal.http.RealInterceptorChain.proceed(RealInterceptorChain.java:117)
08-04 13:32:07.672 27683  4024 E baseline.com.newsblur.network.APIResponse: 	at okhttp3.RealCall.getResponseWithInterceptorChain(RealCall.java:229)
08-04 13:32:07.672 27683  4024 E baseline.com.newsblur.network.APIResponse: 	at okhttp3.RealCall.execute(RealCall.java:81)
08-04 13:32:07.672 27683  4024 E baseline.com.newsblur.network.APIResponse: 	at baseline.com.newsblur.network.APIResponse.<init>(APIResponse.java:57)
08-04 13:32:07.672 27683  4024 E baseline.com.newsblur.network.APIResponse: 	at baseline.com.newsblur.network.APIManager.get_single(APIManager.java:639)
08-04 13:32:07.672 27683  4024 E baseline.com.newsblur.network.APIResponse: 	at baseline.com.newsblur.network.APIManager.get(APIManager.java:625)
08-04 13:32:07.672 27683  4024 E baseline.com.newsblur.network.APIResponse: 	at baseline.com.newsblur.network.APIManager.get(APIManager.java:667)
08-04 13:32:07.672 27683  4024 E baseline.com.newsblur.network.APIResponse: 	at baseline.com.newsblur.network.APIManager.getFeedUnreadCounts(APIManager.java:274)
08-04 13:32:07.672 27683  4024 E baseline.com.newsblur.network.APIResponse: 	at baseline.com.newsblur.service.NBSyncService.checkRecounts(NBSyncService.java:660)
08-04 13:32:07.672 27683  4024 E baseline.com.newsblur.network.APIResponse: 	at baseline.com.newsblur.service.NBSyncService.doSync(NBSyncService.java:310)
08-04 13:32:07.672 27683  4024 E baseline.com.newsblur.network.APIResponse: 	at baseline.com.newsblur.service.NBSyncService.access$100(NBSyncService.java:67)
08-04 13:32:07.672 27683  4024 E baseline.com.newsblur.network.APIResponse: 	at baseline.com.newsblur.service.NBSyncService$1.run(NBSyncService.java:188)
08-04 13:32:07.672 27683  4024 E baseline.com.newsblur.network.APIResponse: 	at java.util.concurrent.ThreadPoolExecutor.runWorker(ThreadPoolExecutor.java:1113)
08-04 13:32:07.672 27683  4024 E baseline.com.newsblur.network.APIResponse: 	at java.util.concurrent.ThreadPoolExecutor$Worker.run(ThreadPoolExecutor.java:588)
08-04 13:32:07.672 27683  4024 E baseline.com.newsblur.network.APIResponse: 	at java.lang.Thread.run(Thread.java:818)
08-04 13:32:07.672 27683  4024 E baseline.com.newsblur.network.APIResponse: Caused by: java.io.EOFException: \n not found: limit=0 content=
08-04 13:32:07.672 27683  4024 E baseline.com.newsblur.network.APIResponse: 	at okio.RealBufferedSource.readUtf8LineStrict(RealBufferedSource.java:240)
08-04 13:32:07.672 27683  4024 E baseline.com.newsblur.network.APIResponse: 	at okhttp3.internal.http1.Http1ExchangeCodec.readHeaderLine(Http1ExchangeCodec.java:242)
08-04 13:32:07.672 27683  4024 E baseline.com.newsblur.network.APIResponse: 	at okhttp3.internal.http1.Http1ExchangeCodec.readResponseHeaders(Http1ExchangeCodec.java:213)
08-04 13:32:07.672 27683  4024 E baseline.com.newsblur.network.APIResponse: 	... 28 more
08-04 13:32:07.674 27683  4024 I baseline.com.newsblur.network.APIManager: API call failed, pausing before retry number 2
08-04 13:32:07.738 27683 27696 I art     : Starting a blocking GC Explicit
08-04 13:32:07.780 27683 27696 I art     : Explicit concurrent mark sweep GC freed 3959(356KB) AllocSpace objects, 3(60KB) LOS objects, 28% free, 40MB/56MB, paused 1.155ms total 41.909ms
08-04 13:32:07.791 27683 27696 I art     : Starting a blocking GC Explicit
08-04 13:32:07.830 27683 27696 I art     : Explicit concurrent mark sweep GC freed 123(4KB) AllocSpace objects, 0(0B) LOS objects, 28% free, 40MB/56MB, paused 1.096ms total 38.533ms
08-04 13:32:07.840 27683 27696 I art     : Starting a blocking GC Explicit
08-04 13:32:07.879 27683 27696 I art     : Explicit concurrent mark sweep GC freed 6(192B) AllocSpace objects, 0(0B) LOS objects, 28% free, 40MB/56MB, paused 1.157ms total 39.120ms
08-04 13:32:07.890 27683 27696 I art     : Starting a blocking GC Explicit
08-04 13:32:07.928 27683 27696 I art     : Explicit concurrent mark sweep GC freed 6(192B) AllocSpace objects, 0(0B) LOS objects, 28% free, 40MB/56MB, paused 1.019ms total 38.210ms
08-04 13:32:07.939 27683 27696 I art     : Starting a blocking GC Explicit
08-04 13:32:07.975 27683 27696 I art     : Explicit concurrent mark sweep GC freed 6(192B) AllocSpace objects, 0(0B) LOS objects, 28% free, 40MB/56MB, paused 1.001ms total 36.241ms
08-04 13:32:08.337 27683  3240 I art     : Starting a blocking GC Explicit
08-04 13:32:08.378 27683  3240 I art     : Explicit concurrent mark sweep GC freed 1468(83KB) AllocSpace objects, 1(20KB) LOS objects, 28% free, 40MB/56MB, paused 1.188ms total 40.978ms
08-04 13:32:08.389 27683  3240 I art     : Starting a blocking GC Explicit
08-04 13:32:08.429 27683  3240 I art     : Explicit concurrent mark sweep GC freed 25(896B) AllocSpace objects, 0(0B) LOS objects, 28% free, 40MB/56MB, paused 1.113ms total 39.680ms
08-04 13:32:08.439 27683  3240 I art     : Starting a blocking GC Explicit
08-04 13:32:08.479 27683  3240 I art     : Explicit concurrent mark sweep GC freed 6(192B) AllocSpace objects, 0(0B) LOS objects, 28% free, 40MB/56MB, paused 1.051ms total 39.506ms
08-04 13:32:08.489 27683  3240 I art     : Starting a blocking GC Explicit
08-04 13:32:08.529 27683  3240 I art     : Explicit concurrent mark sweep GC freed 6(192B) AllocSpace objects, 0(0B) LOS objects, 28% free, 40MB/56MB, paused 1.071ms total 39.553ms
08-04 13:32:08.540 27683  3240 I art     : Starting a blocking GC Explicit
08-04 13:32:08.579 27683  3240 I art     : Explicit concurrent mark sweep GC freed 6(192B) AllocSpace objects, 0(0B) LOS objects, 28% free, 40MB/56MB, paused 1.050ms total 38.767ms
08-04 13:32:08.936 27683  3240 I art     : Starting a blocking GC Explicit
08-04 13:32:08.977 27683  3240 I art     : Explicit concurrent mark sweep GC freed 1469(84KB) AllocSpace objects, 1(20KB) LOS objects, 28% free, 40MB/56MB, paused 1.037ms total 41.387ms
08-04 13:32:08.978 27683 27695 I art     : WaitForGcToComplete blocked for 38.134ms for cause HeapTrim
08-04 13:32:08.988 27683  3240 I art     : Starting a blocking GC Explicit
08-04 13:32:09.028 27683  3240 I art     : Explicit concurrent mark sweep GC freed 25(880B) AllocSpace objects, 0(0B) LOS objects, 28% free, 40MB/56MB, paused 1.075ms total 39.018ms
08-04 13:32:09.038 27683  3240 I art     : Starting a blocking GC Explicit
08-04 13:32:09.078 27683  3240 I art     : Explicit concurrent mark sweep GC freed 6(192B) AllocSpace objects, 0(0B) LOS objects, 28% free, 40MB/56MB, paused 1.126ms total 39.403ms
08-04 13:32:09.088 27683  3240 I art     : Starting a blocking GC Explicit
08-04 13:32:09.128 27683  3240 I art     : Explicit concurrent mark sweep GC freed 6(192B) AllocSpace objects, 0(0B) LOS objects, 28% free, 40MB/56MB, paused 1.101ms total 39.409ms
08-04 13:32:09.138 27683  3240 I art     : Starting a blocking GC Explicit
08-04 13:32:09.177 27683  3240 I art     : Explicit concurrent mark sweep GC freed 5(160B) AllocSpace objects, 0(0B) LOS objects, 28% free, 40MB/56MB, paused 1.299ms total 38.885ms
08-04 13:32:09.527 27683  3242 I art     : Starting a blocking GC Explicit
08-04 13:32:09.568 27683  3242 I art     : Explicit concurrent mark sweep GC freed 1467(83KB) AllocSpace objects, 1(20KB) LOS objects, 28% free, 40MB/56MB, paused 1.242ms total 40.841ms
08-04 13:32:09.579 27683  3242 I art     : Starting a blocking GC Explicit
08-04 13:32:09.618 27683  3242 I art     : Explicit concurrent mark sweep GC freed 25(896B) AllocSpace objects, 0(0B) LOS objects, 28% free, 40MB/56MB, paused 1.251ms total 38.637ms
08-04 13:32:09.628 27683  3242 I art     : Starting a blocking GC Explicit
08-04 13:32:09.667 27683  3242 I art     : Explicit concurrent mark sweep GC freed 6(192B) AllocSpace objects, 0(0B) LOS objects, 28% free, 40MB/56MB, paused 1.221ms total 38.987ms
08-04 13:32:09.678 27683  3242 I art     : Starting a blocking GC Explicit
08-04 13:32:09.717 27683  3242 I art     : Explicit concurrent mark sweep GC freed 6(192B) AllocSpace objects, 0(0B) LOS objects, 28% free, 40MB/56MB, paused 1.109ms total 38.731ms
08-04 13:32:09.727 27683  3242 I art     : Starting a blocking GC Explicit
08-04 13:32:09.766 27683  3242 I art     : Explicit concurrent mark sweep GC freed 6(192B) AllocSpace objects, 0(0B) LOS objects, 28% free, 40MB/56MB, paused 1.052ms total 38.113ms
08-04 13:32:10.130 27683 27696 I art     : Starting a blocking GC Explicit
08-04 13:32:10.170 27683 27696 I art     : Explicit concurrent mark sweep GC freed 1467(83KB) AllocSpace objects, 1(20KB) LOS objects, 28% free, 40MB/56MB, paused 1.151ms total 40.292ms
08-04 13:32:10.181 27683 27696 I art     : Starting a blocking GC Explicit
08-04 13:32:10.220 27683 27696 I art     : Explicit concurrent mark sweep GC freed 25(880B) AllocSpace objects, 0(0B) LOS objects, 28% free, 40MB/56MB, paused 1.118ms total 38.589ms
08-04 13:32:10.230 27683 27696 I art     : Starting a blocking GC Explicit
08-04 13:32:10.269 27683 27696 I art     : Explicit concurrent mark sweep GC freed 6(192B) AllocSpace objects, 0(0B) LOS objects, 28% free, 40MB/56MB, paused 1.076ms total 38.110ms
08-04 13:32:10.279 27683 27696 I art     : Starting a blocking GC Explicit
08-04 13:32:10.318 27683 27696 I art     : Explicit concurrent mark sweep GC freed 6(192B) AllocSpace objects, 0(0B) LOS objects, 28% free, 40MB/56MB, paused 1.225ms total 37.972ms
08-04 13:32:10.328 27683 27696 I art     : Starting a blocking GC Explicit
08-04 13:32:10.367 27683 27696 I art     : Explicit concurrent mark sweep GC freed 6(192B) AllocSpace objects, 0(0B) LOS objects, 28% free, 40MB/56MB, paused 1.193ms total 39.030ms
08-04 13:32:10.733 27683  3240 I art     : Starting a blocking GC Explicit
08-04 13:32:10.772 27683  3240 I art     : Explicit concurrent mark sweep GC freed 1634(92KB) AllocSpace objects, 1(20KB) LOS objects, 28% free, 40MB/56MB, paused 1.145ms total 39.496ms
08-04 13:32:10.783 27683  3240 I art     : Starting a blocking GC Explicit
08-04 13:32:10.822 27683  3240 I art     : Explicit concurrent mark sweep GC freed 31(1152B) AllocSpace objects, 0(0B) LOS objects, 28% free, 40MB/56MB, paused 1.125ms total 38.279ms
08-04 13:32:10.832 27683  3240 I art     : Starting a blocking GC Explicit
08-04 13:32:10.870 27683  3240 I art     : Explicit concurrent mark sweep GC freed 6(192B) AllocSpace objects, 0(0B) LOS objects, 28% free, 40MB/56MB, paused 1.131ms total 38.365ms
08-04 13:32:10.881 27683  3240 I art     : Starting a blocking GC Explicit
08-04 13:32:10.919 27683  3240 I art     : Explicit concurrent mark sweep GC freed 6(192B) AllocSpace objects, 0(0B) LOS objects, 28% free, 40MB/56MB, paused 1.122ms total 37.819ms
08-04 13:32:10.928 27683  3240 I art     : Starting a blocking GC Explicit
08-04 13:32:10.966 27683  3240 I art     : Explicit concurrent mark sweep GC freed 6(192B) AllocSpace objects, 0(0B) LOS objects, 28% free, 40MB/56MB, paused 1.140ms total 37.130ms
08-04 13:32:11.022  4811  4811 D AndroidRuntime: >>>>>> START com.android.internal.os.RuntimeInit uid 2000 <<<<<<
08-04 13:32:11.026  4811  4811 D AndroidRuntime: CheckJNI is OFF
08-04 13:32:11.058  4811  4811 D ICU     : No timezone override file found: /data/misc/zoneinfo/current/icu/icu_tzdata.dat
08-04 13:32:11.089  4811  4811 I Radio-JNI: register_android_hardware_Radio DONE
08-04 13:32:11.110  4811  4811 D AndroidRuntime: Calling main entry com.android.commands.input.Input
08-04 13:32:11.112  4811  4811 I Input   : injectMotionEvent: MotionEvent { action=ACTION_DOWN, actionButton=0, id[0]=0, x[0]=436.0, y[0]=453.0, toolType[0]=TOOL_TYPE_UNKNOWN, buttonState=0, metaState=0, flags=0x0, edgeFlags=0x0, pointerCount=1, historySize=0, eventTime=711147525, downTime=711147525, deviceId=0, source=0x1002 }
08-04 13:32:11.117  4811  4811 I Input   : injectMotionEvent: MotionEvent { action=ACTION_UP, actionButton=0, id[0]=0, x[0]=436.0, y[0]=453.0, toolType[0]=TOOL_TYPE_UNKNOWN, buttonState=0, metaState=0, flags=0x0, edgeFlags=0x0, pointerCount=1, historySize=0, eventTime=711147525, downTime=711147525, deviceId=0, source=0x1002 }
08-04 13:32:11.119  4811  4811 D AndroidRuntime: Shutting down VM
08-04 13:32:11.129   512  2967 D audio_hw_primary: out_set_parameters: enter: usecase(1: low-latency-playback) kvpairs: routing=2
08-04 13:32:11.130   918  6110 I ActivityManager: START u0 {cmp=baseline.com.newsblur/.activity.AllSharedStoriesReading (has extras)} from uid 10652 on display 0
08-04 13:32:11.143   512  2967 D audio_hw_primary: select_devices: out_snd_device(2: speaker) in_snd_device(0: none)
08-04 13:32:11.143   512  2967 D msm8974_platform: platform_send_audio_calibration: sending audio calibration for snd_device(2) acdb_id(15)
08-04 13:32:11.143   512  2967 I soundtrigger: audio_extn_sound_trigger_update_device_status: device 0x2 of type 0 for Event 1
08-04 13:32:11.153   512  2967 D audio_hw_primary: enable_snd_device: snd_device(2: speaker)
08-04 13:32:11.156   512  2967 D audio_hw_primary: enable_audio_route: apply and update mixer path: low-latency-playback speaker
08-04 13:32:11.158 27683  4024 E baseline.com.newsblur.network.APIResponse: Error (unexpected end of stream on https://www.newsblur.com/...) calling https://www.newsblur.com/reader/feed_unread_count?feed_id=0
08-04 13:32:11.158 27683  4024 E baseline.com.newsblur.network.APIResponse: java.io.IOException: unexpected end of stream on https://www.newsblur.com/...
08-04 13:32:11.158 27683  4024 E baseline.com.newsblur.network.APIResponse: 	at okhttp3.internal.http1.Http1ExchangeCodec.readResponseHeaders(Http1ExchangeCodec.java:236)
08-04 13:32:11.158 27683  4024 E baseline.com.newsblur.network.APIResponse: 	at okhttp3.internal.connection.Exchange.readResponseHeaders(Exchange.java:115)
08-04 13:32:11.158 27683  4024 E baseline.com.newsblur.network.APIResponse: 	at okhttp3.internal.http.CallServerInterceptor.intercept(CallServerInterceptor.java:94)
08-04 13:32:11.158 27683  4024 E baseline.com.newsblur.network.APIResponse: 	at okhttp3.internal.http.RealInterceptorChain.proceed(RealInterceptorChain.java:142)
08-04 13:32:11.158 27683  4024 E baseline.com.newsblur.network.APIResponse: 	at okhttp3.internal.connection.ConnectInterceptor.intercept(ConnectInterceptor.java:43)
08-04 13:32:11.158 27683  4024 E baseline.com.newsblur.network.APIResponse: 	at okhttp3.internal.http.RealInterceptorChain.proceed(RealInterceptorChain.java:142)
08-04 13:32:11.158 27683  4024 E baseline.com.newsblur.network.APIResponse: 	at okhttp3.internal.http.RealInterceptorChain.proceed(RealInterceptorChain.java:117)
08-04 13:32:11.158 27683  4024 E baseline.com.newsblur.network.APIResponse: 	at okhttp3.internal.cache.CacheInterceptor.intercept(CacheInterceptor.java:94)
08-04 13:32:11.158 27683  4024 E baseline.com.newsblur.network.APIResponse: 	at okhttp3.internal.http.RealInterceptorChain.proceed(RealInterceptorChain.java:142)
08-04 13:32:11.158 27683  4024 E baseline.com.newsblur.network.APIResponse: 	at okhttp3.internal.http.RealInterceptorChain.proceed(RealInterceptorChain.java:117)
08-04 13:32:11.158 27683  4024 E baseline.com.newsblur.network.APIResponse: 	at okhttp3.internal.http.BridgeInterceptor.intercept(BridgeInterceptor.java:93)
08-04 13:32:11.158 27683  4024 E baseline.com.newsblur.network.APIResponse: 	at okhttp3.internal.http.RealInterceptorChain.proceed(RealInterceptorChain.java:142)
08-04 13:32:11.158 27683  4024 E baseline.com.newsblur.network.APIResponse: 	at okhttp3.internal.http.RetryAndFollowUpInterceptor.intercept(RetryAndFollowUpInterceptor.java:88)
08-04 13:32:11.158 27683  4024 E baseline.com.newsblur.network.APIResponse: 	at okhttp3.internal.http.RealInterceptorChain.proceed(RealInterceptorChain.java:142)
08-04 13:32:11.158 27683  4024 E baseline.com.newsblur.network.APIResponse: 	at okhttp3.internal.http.RealInterceptorChain.proceed(RealInterceptorChain.java:117)
08-04 13:32:11.158 27683  4024 E baseline.com.newsblur.network.APIResponse: 	at okhttp3.RealCall.getResponseWithInterceptorChain(RealCall.java:229)
08-04 13:32:11.158 27683  4024 E baseline.com.newsblur.network.APIResponse: 	at okhttp3.RealCall.execute(RealCall.java:81)
08-04 13:32:11.158 27683  4024 E baseline.com.newsblur.network.APIResponse: 	at baseline.com.newsblur.network.APIResponse.<init>(APIResponse.java:57)
08-04 13:32:11.158 27683  4024 E baseline.com.newsblur.network.APIResponse: 	at baseline.com.newsblur.network.APIManager.get_single(APIManager.java:639)
08-04 13:32:11.158 27683  4024 E baseline.com.newsblur.network.APIResponse: 	at baseline.com.newsblur.network.APIManager.get(APIManager.java:625)
08-04 13:32:11.158 27683  4024 E baseline.com.newsblur.network.APIResponse: 	at baseline.com.newsblur.network.APIManager.get(APIManager.java:667)
08-04 13:32:11.158 27683  4024 E baseline.com.newsblur.network.APIResponse: 	at baseline.com.newsblur.network.APIManager.getFeedUnreadCounts(APIManager.java:274)
08-04 13:32:11.158 27683  4024 E baseline.com.newsblur.network.APIResponse: 	at baseline.com.newsblur.service.NBSyncService.checkRecounts(NBSyncService.java:660)
08-04 13:32:11.158 27683  4024 E baseline.com.newsblur.network.APIResponse: 	at baseline.com.newsblur.service.NBSyncService.doSync(NBSyncService.java:310)
08-04 13:32:11.158 27683  4024 E baseline.com.newsblur.network.APIResponse: 	at baseline.com.newsblur.service.NBSyncService.access$100(NBSyncService.java:67)
08-04 13:32:11.158 27683  4024 E baseline.com.newsblur.network.APIResponse: 	at baseline.com.newsblur.service.NBSyncService$1.run(NBSyncService.java:188)
08-04 13:32:11.158 27683  4024 E baseline.com.newsblur.network.APIResponse: 	at java.util.concurrent.ThreadPoolExecutor.runWorker(ThreadPoolExecutor.java:1113)
08-04 13:32:11.158 27683  4024 E baseline.com.newsblur.network.APIResponse: 	at java.util.concurrent.ThreadPoolExecutor$Worker.run(ThreadPoolExecutor.java:588)
08-04 13:32:11.158 27683  4024 E baseline.com.newsblur.network.APIResponse: 	at java.lang.Thread.run(Thread.java:818)
08-04 13:32:11.158 27683  4024 E baseline.com.newsblur.network.APIResponse: Caused by: java.io.EOFException: \n not found: limit=0 content=
08-04 13:32:11.158 27683  4024 E baseline.com.newsblur.network.APIResponse: 	at okio.RealBufferedSource.readUtf8LineStrict(RealBufferedSource.java:240)
08-04 13:32:11.158 27683  4024 E baseline.com.newsblur.network.APIResponse: 	at okhttp3.internal.http1.Http1ExchangeCodec.readHeaderLine(Http1ExchangeCodec.java:242)
08-04 13:32:11.158 27683  4024 E baseline.com.newsblur.network.APIResponse: 	at okhttp3.internal.http1.Http1ExchangeCodec.readResponseHeaders(Http1ExchangeCodec.java:213)
08-04 13:32:11.158 27683  4024 E baseline.com.newsblur.network.APIResponse: 	... 28 more
08-04 13:32:11.159 27683  4024 W baseline.com.newsblur.service.NBSyncService: Bad response to feed_unread_count
08-04 13:32:11.160 27683  4024 I baseline.com.newsblur.service.NBSyncService: rebuilding DB . . .
08-04 13:32:11.186 27683  4024 I baseline.com.newsblur.service.NBSyncService: . . . . done rebuilding DB
08-04 13:32:11.196 27683  4024 I baseline.com.newsblur.service.NBSyncService: abandoning background sync due to recent API failures.
08-04 13:32:11.197 27683  4024 I baseline.com.newsblur.service.NBSyncService: abandoning background sync due to recent API failures.
08-04 13:32:11.265 27683  3240 I art     : Starting a blocking GC Explicit
08-04 13:32:11.307 27683  3240 I art     : Explicit concurrent mark sweep GC freed 6362(662KB) AllocSpace objects, 15(728KB) LOS objects, 28% free, 40MB/56MB, paused 1.129ms total 41.816ms
08-04 13:32:11.318 27683  3240 I art     : Starting a blocking GC Explicit
08-04 13:32:11.335   918   936 I ActivityManager: Displayed baseline.com.newsblur/.activity.AllSharedStoriesReading: +197ms
08-04 13:32:11.336 13866 13866 I GoogleInputMethodServic: GoogleInputMethodService.onFinishInput():3138 
08-04 13:32:11.337 13866 13866 I GoogleInputMethodServic: GoogleInputMethodService.onStartInput():1808 
08-04 13:32:11.360 27683  3240 I art     : Explicit concurrent mark sweep GC freed 989(64KB) AllocSpace objects, 1(20KB) LOS objects, 28% free, 40MB/56MB, paused 1.300ms total 41.901ms
08-04 13:32:11.371 27683  3240 I art     : Starting a blocking GC Explicit
08-04 13:32:11.411 27683  3240 I art     : Explicit concurrent mark sweep GC freed 1667(104KB) AllocSpace objects, 3(68KB) LOS objects, 28% free, 41MB/57MB, paused 1.714ms total 39.730ms
08-04 13:32:11.423 27683  3240 I art     : Starting a blocking GC Explicit
08-04 13:32:11.464 27683  3240 I art     : Explicit concurrent mark sweep GC freed 803(74KB) AllocSpace objects, 10(244KB) LOS objects, 28% free, 41MB/57MB, paused 1.215ms total 40.376ms
08-04 13:32:11.475 27683  3240 I art     : Starting a blocking GC Explicit
08-04 13:32:11.514 27683  3240 I art     : Explicit concurrent mark sweep GC freed 803(54KB) AllocSpace objects, 0(0B) LOS objects, 28% free, 41MB/57MB, paused 1.115ms total 38.945ms
08-04 13:32:11.557 27683  3627 E chromium: [ERROR:tile_manager.cc(793)] WARNING: tile memory limits exceeded, some content may not draw
08-04 13:32:11.558 27683  3627 E chromium: [ERROR:tile_manager.cc(793)] WARNING: tile memory limits exceeded, some content may not draw
08-04 13:32:11.669 27683  4024 I NAPPA_EXPERIMENTATION: MetricNetworkRequestExecutionTime: REQUEST_DURATION_SYSTEM='468',REQUEST_DURATION_OKHTTP='29',REQUEST_SYNCHRONOUS='TRUE',RESPONSE_CODE='200',RESPONSE_METHOD='GET',RESPONSE_LENGTH_OKHTTP='-1',RESPONSE_LENGTH_HEADER='-2',REQUEST_PROTOCOL='http/1.1',REQUEST_URL='https://www.newsblur.com/social/river_stories?order=newest&page=1&read_filter=all',
08-04 13:32:11.669 27683  4024 D MY_TAG  : 0, 468
08-04 13:32:11.701   512  2967 D audio_hw_primary: disable_audio_route: reset and update mixer path: low-latency-playback speaker
08-04 13:32:11.703   512  2967 D audio_hw_primary: disable_snd_device: snd_device(2: speaker)
08-04 13:32:11.711   512  2967 I soundtrigger: audio_extn_sound_trigger_update_device_status: device 0x2 of type 0 for Event 0
08-04 13:32:11.843 27683  3242 I art     : Starting a blocking GC Explicit
08-04 13:32:11.883 27683  3242 I art     : Explicit concurrent mark sweep GC freed 8375(525KB) AllocSpace objects, 9(188KB) LOS objects, 27% free, 41MB/57MB, paused 1.150ms total 39.630ms
08-04 13:32:11.894 27683  3242 I art     : Starting a blocking GC Explicit
08-04 13:32:11.937 27683  3242 I art     : Explicit concurrent mark sweep GC freed 851(38KB) AllocSpace objects, 1(28KB) LOS objects, 28% free, 41MB/57MB, paused 1.219ms total 42.887ms
08-04 13:32:11.948 27683  3242 I art     : Starting a blocking GC Explicit
08-04 13:32:11.993 27683  3242 I art     : Explicit concurrent mark sweep GC freed 3(96B) AllocSpace objects, 0(0B) LOS objects, 28% free, 41MB/57MB, paused 1.205ms total 44.168ms
08-04 13:32:12.004 27683  3242 I art     : Starting a blocking GC Explicit
08-04 13:32:12.049 27683  3242 I art     : Explicit concurrent mark sweep GC freed 1597(62KB) AllocSpace objects, 0(0B) LOS objects, 28% free, 41MB/57MB, paused 1.264ms total 45.029ms
08-04 13:32:12.061 27683  3242 I art     : Starting a blocking GC Explicit
08-04 13:32:12.080 27683  4024 E baseline.com.newsblur.network.APIResponse: Error (unexpected end of stream on https://www.newsblur.com/...) calling https://www.newsblur.com/reader/mark_story_hashes_as_read/
08-04 13:32:12.080 27683  4024 E baseline.com.newsblur.network.APIResponse: java.io.IOException: unexpected end of stream on https://www.newsblur.com/...
08-04 13:32:12.080 27683  4024 E baseline.com.newsblur.network.APIResponse: 	at okhttp3.internal.http1.Http1ExchangeCodec.readResponseHeaders(Http1ExchangeCodec.java:236)
08-04 13:32:12.080 27683  4024 E baseline.com.newsblur.network.APIResponse: 	at okhttp3.internal.connection.Exchange.readResponseHeaders(Exchange.java:115)
08-04 13:32:12.080 27683  4024 E baseline.com.newsblur.network.APIResponse: 	at okhttp3.internal.http.CallServerInterceptor.intercept(CallServerInterceptor.java:94)
08-04 13:32:12.080 27683  4024 E baseline.com.newsblur.network.APIResponse: 	at okhttp3.internal.http.RealInterceptorChain.proceed(RealInterceptorChain.java:142)
08-04 13:32:12.080 27683  4024 E baseline.com.newsblur.network.APIResponse: 	at okhttp3.internal.connection.ConnectInterceptor.intercept(ConnectInterceptor.java:43)
08-04 13:32:12.080 27683  4024 E baseline.com.newsblur.network.APIResponse: 	at okhttp3.internal.http.RealInterceptorChain.proceed(RealInterceptorChain.java:142)
08-04 13:32:12.080 27683  4024 E baseline.com.newsblur.network.APIResponse: 	at okhttp3.internal.http.RealInterceptorChain.proceed(RealInterceptorChain.java:117)
08-04 13:32:12.080 27683  4024 E baseline.com.newsblur.network.APIResponse: 	at okhttp3.internal.cache.CacheInterceptor.intercept(CacheInterceptor.java:94)
08-04 13:32:12.080 27683  4024 E baseline.com.newsblur.network.APIResponse: 	at okhttp3.internal.http.RealInterceptorChain.proceed(RealInterceptorChain.java:142)
08-04 13:32:12.080 27683  4024 E baseline.com.newsblur.network.APIResponse: 	at okhttp3.internal.http.RealInterceptorChain.proceed(RealInterceptorChain.java:117)
08-04 13:32:12.080 27683  4024 E baseline.com.newsblur.network.APIResponse: 	at okhttp3.internal.http.BridgeInterceptor.intercept(BridgeInterceptor.java:93)
08-04 13:32:12.080 27683  4024 E baseline.com.newsblur.network.APIResponse: 	at okhttp3.internal.http.RealInterceptorChain.proceed(RealInterceptorChain.java:142)
08-04 13:32:12.080 27683  4024 E baseline.com.newsblur.network.APIResponse: 	at okhttp3.internal.http.RetryAndFollowUpInterceptor.intercept(RetryAndFollowUpInterceptor.java:88)
08-04 13:32:12.080 27683  4024 E baseline.com.newsblur.network.APIResponse: 	at okhttp3.internal.http.RealInterceptorChain.proceed(RealInterceptorChain.java:142)
08-04 13:32:12.080 27683  4024 E baseline.com.newsblur.network.APIResponse: 	at okhttp3.internal.http.RealInterceptorChain.proceed(RealInterceptorChain.java:117)
08-04 13:32:12.080 27683  4024 E baseline.com.newsblur.network.APIResponse: 	at okhttp3.RealCall.getResponseWithInterceptorChain(RealCall.java:229)
08-04 13:32:12.080 27683  4024 E baseline.com.newsblur.network.APIResponse: 	at okhttp3.RealCall.execute(RealCall.java:81)
08-04 13:32:12.080 27683  4024 E baseline.com.newsblur.network.APIResponse: 	at baseline.com.newsblur.network.APIResponse.<init>(APIResponse.java:57)
08-04 13:32:12.080 27683  4024 E baseline.com.newsblur.network.APIResponse: 	at baseline.com.newsblur.network.APIResponse.<init>(APIResponse.java:43)
08-04 13:32:12.080 27683  4024 E baseline.com.newsblur.network.APIResponse: 	at baseline.com.newsblur.network.APIManager.post_single(APIManager.java:702)
08-04 13:32:12.080 27683  4024 E baseline.com.newsblur.network.APIResponse: 	at baseline.com.newsblur.network.APIManager.post(APIManager.java:675)
08-04 13:32:12.080 27683  4024 E baseline.com.newsblur.network.APIResponse: 	at baseline.com.newsblur.network.APIManager.post(APIManager.java:714)
08-04 13:32:12.080 27683  4024 E baseline.com.newsblur.network.APIResponse: 	at baseline.com.newsblur.network.APIManager.markStoryAsRead(APIManager.java:205)
08-04 13:32:12.080 27683  4024 E baseline.com.newsblur.network.APIResponse: 	at baseline.com.newsblur.util.ReadingAction.doRemote(ReadingAction.java:281)
08-04 13:32:12.080 27683  4024 E baseline.com.newsblur.network.APIResponse: 	at baseline.com.newsblur.service.NBSyncService.syncActions(NBSyncService.java:400)
08-04 13:32:12.080 27683  4024 E baseline.com.newsblur.network.APIResponse: 	at baseline.com.newsblur.service.NBSyncService.doSync(NBSyncService.java:298)
08-04 13:32:12.080 27683  4024 E baseline.com.newsblur.network.APIResponse: 	at baseline.com.newsblur.service.NBSyncService.access$100(NBSyncService.java:67)
08-04 13:32:12.080 27683  4024 E baseline.com.newsblur.network.APIResponse: 	at baseline.com.newsblur.service.NBSyncService$1.run(NBSyncService.java:188)
08-04 13:32:12.080 27683  4024 E baseline.com.newsblur.network.APIResponse: 	at java.util.concurrent.ThreadPoolExecutor.runWorker(ThreadPoolExecutor.java:1113)
08-04 13:32:12.080 27683  4024 E baseline.com.newsblur.network.APIResponse: 	at java.util.concurrent.ThreadPoolExecutor$Worker.run(ThreadPoolExecutor.java:588)
08-04 13:32:12.080 27683  4024 E baseline.com.newsblur.network.APIResponse: 	at java.lang.Thread.run(Thread.java:818)
08-04 13:32:12.080 27683  4024 E baseline.com.newsblur.network.APIResponse: Caused by: java.io.EOFException: \n not found: limit=0 content=
08-04 13:32:12.080 27683  4024 E baseline.com.newsblur.network.APIResponse: 	at okio.RealBufferedSource.readUtf8LineStrict(RealBufferedSource.java:240)
08-04 13:32:12.080 27683  4024 E baseline.com.newsblur.network.APIResponse: 	at okhttp3.internal.http1.Http1ExchangeCodec.readHeaderLine(Http1ExchangeCodec.java:242)
08-04 13:32:12.080 27683  4024 E baseline.com.newsblur.network.APIResponse: 	at okhttp3.internal.http1.Http1ExchangeCodec.readResponseHeaders(Http1ExchangeCodec.java:213)
08-04 13:32:12.080 27683  4024 E baseline.com.newsblur.network.APIResponse: 	... 30 more
08-04 13:32:12.081 27683  4024 I baseline.com.newsblur.network.APIManager: API call failed, pausing before retry number 1
08-04 13:32:12.104 27683  3242 I art     : Explicit concurrent mark sweep GC freed 866(197KB) AllocSpace objects, 2(40KB) LOS objects, 28% free, 41MB/57MB, paused 1.163ms total 43.303ms
08-04 13:32:12.440 27683 27697 I art     : Starting a blocking GC Explicit
08-04 13:32:12.487 27683 27697 I art     : Explicit concurrent mark sweep GC freed 1556(99KB) AllocSpace objects, 1(20KB) LOS objects, 28% free, 41MB/57MB, paused 1.167ms total 46.367ms
08-04 13:32:12.498 27683 27697 I art     : Starting a blocking GC Explicit
08-04 13:32:12.542 27683 27697 I art     : Explicit concurrent mark sweep GC freed 44(1520B) AllocSpace objects, 0(0B) LOS objects, 28% free, 41MB/57MB, paused 1.119ms total 43.394ms
08-04 13:32:12.553 27683 27697 I art     : Starting a blocking GC Explicit
08-04 13:32:12.598 27683 27697 I art     : Explicit concurrent mark sweep GC freed 3(96B) AllocSpace objects, 0(0B) LOS objects, 28% free, 41MB/57MB, paused 1.202ms total 44.717ms
08-04 13:32:12.609 27683 27697 I art     : Starting a blocking GC Explicit
08-04 13:32:12.658 27683 27697 I art     : Explicit concurrent mark sweep GC freed 25(800B) AllocSpace objects, 0(0B) LOS objects, 28% free, 41MB/57MB, paused 1.348ms total 48.592ms
08-04 13:32:12.670 27683 27697 I art     : Starting a blocking GC Explicit
08-04 13:32:12.714 27683 27697 I art     : Explicit concurrent mark sweep GC freed 18(576B) AllocSpace objects, 0(0B) LOS objects, 28% free, 41MB/57MB, paused 990us total 43.777ms
08-04 13:32:13.051 27683 27696 I art     : Starting a blocking GC Explicit
08-04 13:32:13.099 27683 27696 I art     : Explicit concurrent mark sweep GC freed 1479(84KB) AllocSpace objects, 1(20KB) LOS objects, 28% free, 41MB/57MB, paused 1.351ms total 47.068ms
08-04 13:32:13.114 27683 27696 I art     : Starting a blocking GC Explicit
08-04 13:32:13.156 27683 27696 I art     : Explicit concurrent mark sweep GC freed 22(784B) AllocSpace objects, 0(0B) LOS objects, 28% free, 41MB/57MB, paused 1.131ms total 41.719ms
08-04 13:32:13.167 27683 27696 I art     : Starting a blocking GC Explicit
08-04 13:32:13.210 27683 27696 I art     : Explicit concurrent mark sweep GC freed 3(96B) AllocSpace objects, 0(0B) LOS objects, 28% free, 41MB/57MB, paused 1.077ms total 42.475ms
08-04 13:32:13.221 27683 27696 I art     : Starting a blocking GC Explicit
08-04 13:32:13.264 27683 27696 I art     : Explicit concurrent mark sweep GC freed 3(96B) AllocSpace objects, 0(0B) LOS objects, 28% free, 41MB/57MB, paused 1.113ms total 42.435ms
08-04 13:32:13.275 27683 27696 I art     : Starting a blocking GC Explicit
08-04 13:32:13.318 27683 27696 I art     : Explicit concurrent mark sweep GC freed 3(96B) AllocSpace objects, 0(0B) LOS objects, 28% free, 41MB/57MB, paused 1.270ms total 43.276ms
08-04 13:32:13.701 27683  3240 I art     : Starting a blocking GC Explicit
08-04 13:32:13.747 27683  3240 I art     : Explicit concurrent mark sweep GC freed 1610(91KB) AllocSpace objects, 1(20KB) LOS objects, 28% free, 41MB/57MB, paused 1.242ms total 45.727ms
08-04 13:32:13.758 27683  3240 I art     : Starting a blocking GC Explicit
08-04 13:32:13.803 27683  3240 I art     : Explicit concurrent mark sweep GC freed 28(1040B) AllocSpace objects, 0(0B) LOS objects, 28% free, 41MB/57MB, paused 1.192ms total 44.594ms
08-04 13:32:13.814 27683  3240 I art     : Starting a blocking GC Explicit
08-04 13:32:13.816   518   646 I ThermalEngine: ACTION: GPU - Setting GPU[0] to 450000000
08-04 13:32:13.872 27683  3240 I art     : Explicit concurrent mark sweep GC freed 3(96B) AllocSpace objects, 0(0B) LOS objects, 28% free, 41MB/57MB, paused 1.628ms total 58.012ms
08-04 13:32:13.887 27683  3240 I art     : Starting a blocking GC Explicit
08-04 13:32:13.948 27683  3240 I art     : Explicit concurrent mark sweep GC freed 3(96B) AllocSpace objects, 0(0B) LOS objects, 28% free, 41MB/57MB, paused 1.737ms total 60.444ms
08-04 13:32:13.963 27683  3240 I art     : Starting a blocking GC Explicit
08-04 13:32:14.022 27683  3240 I art     : Explicit concurrent mark sweep GC freed 3(96B) AllocSpace objects, 0(0B) LOS objects, 28% free, 41MB/57MB, paused 1.676ms total 59.211ms
08-04 13:32:14.144 27683  4024 E baseline.com.newsblur.network.APIResponse: Error (unexpected end of stream on https://www.newsblur.com/...) calling https://www.newsblur.com/reader/mark_story_hashes_as_read/
08-04 13:32:14.144 27683  4024 E baseline.com.newsblur.network.APIResponse: java.io.IOException: unexpected end of stream on https://www.newsblur.com/...
08-04 13:32:14.144 27683  4024 E baseline.com.newsblur.network.APIResponse: 	at okhttp3.internal.http1.Http1ExchangeCodec.readResponseHeaders(Http1ExchangeCodec.java:236)
08-04 13:32:14.144 27683  4024 E baseline.com.newsblur.network.APIResponse: 	at okhttp3.internal.connection.Exchange.readResponseHeaders(Exchange.java:115)
08-04 13:32:14.144 27683  4024 E baseline.com.newsblur.network.APIResponse: 	at okhttp3.internal.http.CallServerInterceptor.intercept(CallServerInterceptor.java:94)
08-04 13:32:14.144 27683  4024 E baseline.com.newsblur.network.APIResponse: 	at okhttp3.internal.http.RealInterceptorChain.proceed(RealInterceptorChain.java:142)
08-04 13:32:14.144 27683  4024 E baseline.com.newsblur.network.APIResponse: 	at okhttp3.internal.connection.ConnectInterceptor.intercept(ConnectInterceptor.java:43)
08-04 13:32:14.144 27683  4024 E baseline.com.newsblur.network.APIResponse: 	at okhttp3.internal.http.RealInterceptorChain.proceed(RealInterceptorChain.java:142)
08-04 13:32:14.144 27683  4024 E baseline.com.newsblur.network.APIResponse: 	at okhttp3.internal.http.RealInterceptorChain.proceed(RealInterceptorChain.java:117)
08-04 13:32:14.144 27683  4024 E baseline.com.newsblur.network.APIResponse: 	at okhttp3.internal.cache.CacheInterceptor.intercept(CacheInterceptor.java:94)
08-04 13:32:14.144 27683  4024 E baseline.com.newsblur.network.APIResponse: 	at okhttp3.internal.http.RealInterceptorChain.proceed(RealInterceptorChain.java:142)
08-04 13:32:14.144 27683  4024 E baseline.com.newsblur.network.APIResponse: 	at okhttp3.internal.http.RealInterceptorChain.proceed(RealInterceptorChain.java:117)
08-04 13:32:14.144 27683  4024 E baseline.com.newsblur.network.APIResponse: 	at okhttp3.internal.http.BridgeInterceptor.intercept(BridgeInterceptor.java:93)
08-04 13:32:14.144 27683  4024 E baseline.com.newsblur.network.APIResponse: 	at okhttp3.internal.http.RealInterceptorChain.proceed(RealInterceptorChain.java:142)
08-04 13:32:14.144 27683  4024 E baseline.com.newsblur.network.APIResponse: 	at okhttp3.internal.http.RetryAndFollowUpInterceptor.intercept(RetryAndFollowUpInterceptor.java:88)
08-04 13:32:14.144 27683  4024 E baseline.com.newsblur.network.APIResponse: 	at okhttp3.internal.http.RealInterceptorChain.proceed(RealInterceptorChain.java:142)
08-04 13:32:14.144 27683  4024 E baseline.com.newsblur.network.APIResponse: 	at okhttp3.internal.http.RealInterceptorChain.proceed(RealInterceptorChain.java:117)
08-04 13:32:14.144 27683  4024 E baseline.com.newsblur.network.APIResponse: 	at okhttp3.RealCall.getResponseWithInterceptorChain(RealCall.java:229)
08-04 13:32:14.144 27683  4024 E baseline.com.newsblur.network.APIResponse: 	at okhttp3.RealCall.execute(RealCall.java:81)
08-04 13:32:14.144 27683  4024 E baseline.com.newsblur.network.APIResponse: 	at baseline.com.newsblur.network.APIResponse.<init>(APIResponse.java:57)
08-04 13:32:14.144 27683  4024 E baseline.com.newsblur.network.APIResponse: 	at baseline.com.newsblur.network.APIResponse.<init>(APIResponse.java:43)
08-04 13:32:14.144 27683  4024 E baseline.com.newsblur.network.APIResponse: 	at baseline.com.newsblur.network.APIManager.post_single(APIManager.java:702)
08-04 13:32:14.144 27683  4024 E baseline.com.newsblur.network.APIResponse: 	at baseline.com.newsblur.network.APIManager.post(APIManager.java:675)
08-04 13:32:14.144 27683  4024 E baseline.com.newsblur.network.APIResponse: 	at baseline.com.newsblur.network.APIManager.post(APIManager.java:714)
08-04 13:32:14.144 27683  4024 E baseline.com.newsblur.network.APIResponse: 	at baseline.com.newsblur.network.APIManager.markStoryAsRead(APIManager.java:205)
08-04 13:32:14.144 27683  4024 E baseline.com.newsblur.network.APIResponse: 	at baseline.com.newsblur.util.ReadingAction.doRemote(ReadingAction.java:281)
08-04 13:32:14.144 27683  4024 E baseline.com.newsblur.network.APIResponse: 	at baseline.com.newsblur.service.NBSyncService.syncActions(NBSyncService.java:400)
08-04 13:32:14.144 27683  4024 E baseline.com.newsblur.network.APIResponse: 	at baseline.com.newsblur.service.NBSyncService.doSync(NBSyncService.java:298)
08-04 13:32:14.144 27683  4024 E baseline.com.newsblur.network.APIResponse: 	at baseline.com.newsblur.service.NBSyncService.access$100(NBSyncService.java:67)
08-04 13:32:14.144 27683  4024 E baseline.com.newsblur.network.APIResponse: 	at baseline.com.newsblur.service.NBSyncService$1.run(NBSyncService.java:188)
08-04 13:32:14.144 27683  4024 E baseline.com.newsblur.network.APIResponse: 	at java.util.concurrent.ThreadPoolExecutor.runWorker(ThreadPoolExecutor.java:1113)
08-04 13:32:14.144 27683  4024 E baseline.com.newsblur.network.APIResponse: 	at java.util.concurrent.ThreadPoolExecutor$Worker.run(ThreadPoolExecutor.java:588)
08-04 13:32:14.144 27683  4024 E baseline.com.newsblur.network.APIResponse: 	at java.lang.Thread.run(Thread.java:818)
08-04 13:32:14.144 27683  4024 E baseline.com.newsblur.network.APIResponse: Caused by: java.io.EOFException: \n not found: limit=0 content=
08-04 13:32:14.144 27683  4024 E baseline.com.newsblur.network.APIResponse: 	at okio.RealBufferedSource.readUtf8LineStrict(RealBufferedSource.java:240)
08-04 13:32:14.144 27683  4024 E baseline.com.newsblur.network.APIResponse: 	at okhttp3.internal.http1.Http1ExchangeCodec.readHeaderLine(Http1ExchangeCodec.java:242)
08-04 13:32:14.144 27683  4024 E baseline.com.newsblur.network.APIResponse: 	at okhttp3.internal.http1.Http1ExchangeCodec.readResponseHeaders(Http1ExchangeCodec.java:213)
08-04 13:32:14.144 27683  4024 E baseline.com.newsblur.network.APIResponse: 	... 30 more
08-04 13:32:14.145 27683  4024 I baseline.com.newsblur.network.APIManager: API call failed, pausing before retry number 2
08-04 13:32:14.383 27683  3240 I art     : Starting a blocking GC Explicit
08-04 13:32:14.447 27683  3240 I art     : Explicit concurrent mark sweep GC freed 3957(357KB) AllocSpace objects, 3(60KB) LOS objects, 28% free, 41MB/57MB, paused 1.411ms total 63.330ms
08-04 13:32:14.465 27683  3240 I art     : Starting a blocking GC Explicit
08-04 13:32:14.523 27683  3240 I art     : Explicit concurrent mark sweep GC freed 148(5KB) AllocSpace objects, 0(0B) LOS objects, 28% free, 41MB/57MB, paused 1.502ms total 57.382ms
08-04 13:32:14.537 27683  3240 I art     : Starting a blocking GC Explicit
08-04 13:32:14.594 27683  3240 I art     : Explicit concurrent mark sweep GC freed 3(96B) AllocSpace objects, 0(0B) LOS objects, 28% free, 41MB/57MB, paused 1.478ms total 56.198ms
08-04 13:32:14.608 27683  3240 I art     : Starting a blocking GC Explicit
08-04 13:32:14.667 27683  3240 I art     : Explicit concurrent mark sweep GC freed 3(96B) AllocSpace objects, 0(0B) LOS objects, 28% free, 41MB/57MB, paused 1.562ms total 58.630ms
08-04 13:32:14.684 27683  3240 I art     : Starting a blocking GC Explicit
08-04 13:32:14.741 27683  3240 I art     : Explicit concurrent mark sweep GC freed 3(96B) AllocSpace objects, 0(0B) LOS objects, 28% free, 41MB/57MB, paused 1.568ms total 56.948ms
08-04 13:32:14.820   518   646 I ThermalEngine: ACTION: GPU - Setting GPU[0] to 510000000
08-04 13:32:15.117 27683 27696 I art     : Starting a blocking GC Explicit
08-04 13:32:15.165 27683 27696 I art     : Explicit concurrent mark sweep GC freed 1446(83KB) AllocSpace objects, 1(20KB) LOS objects, 28% free, 41MB/57MB, paused 1.175ms total 47.223ms
08-04 13:32:15.178 27683 27696 I art     : Starting a blocking GC Explicit
08-04 13:32:15.222 27683 27696 I art     : Explicit concurrent mark sweep GC freed 22(800B) AllocSpace objects, 0(0B) LOS objects, 28% free, 41MB/57MB, paused 1.122ms total 43.785ms
08-04 13:32:15.233 27683 27696 I art     : Starting a blocking GC Explicit
08-04 13:32:15.279 27683 27696 I art     : Explicit concurrent mark sweep GC freed 3(96B) AllocSpace objects, 0(0B) LOS objects, 28% free, 41MB/57MB, paused 1.108ms total 44.984ms
08-04 13:32:15.290 27683 27696 I art     : Starting a blocking GC Explicit
08-04 13:32:15.335 27683 27696 I art     : Explicit concurrent mark sweep GC freed 3(96B) AllocSpace objects, 0(0B) LOS objects, 28% free, 41MB/57MB, paused 1.156ms total 44.390ms
08-04 13:32:15.346 27683 27696 I art     : Starting a blocking GC Explicit
08-04 13:32:15.392 27683 27696 I art     : Explicit concurrent mark sweep GC freed 3(96B) AllocSpace objects, 0(0B) LOS objects, 28% free, 41MB/57MB, paused 1.165ms total 45.690ms
08-04 13:32:15.739 27683 27697 I art     : Starting a blocking GC Explicit
08-04 13:32:15.787 27683 27697 I art     : Explicit concurrent mark sweep GC freed 1446(83KB) AllocSpace objects, 1(20KB) LOS objects, 28% free, 41MB/57MB, paused 1.104ms total 47.227ms
08-04 13:32:15.801 27683 27697 I art     : Starting a blocking GC Explicit
08-04 13:32:15.845 27683 27697 I art     : Explicit concurrent mark sweep GC freed 22(784B) AllocSpace objects, 0(0B) LOS objects, 28% free, 41MB/57MB, paused 1.143ms total 43.945ms
08-04 13:32:15.856 27683 27697 I art     : Starting a blocking GC Explicit
08-04 13:32:15.901 27683 27697 I art     : Explicit concurrent mark sweep GC freed 3(96B) AllocSpace objects, 0(0B) LOS objects, 28% free, 41MB/57MB, paused 1.169ms total 44.599ms
08-04 13:32:15.912 27683 27697 I art     : Starting a blocking GC Explicit
08-04 13:32:15.956 27683 27697 I art     : Explicit concurrent mark sweep GC freed 3(96B) AllocSpace objects, 0(0B) LOS objects, 28% free, 41MB/57MB, paused 1.176ms total 43.736ms
08-04 13:32:15.968 27683 27697 I art     : Starting a blocking GC Explicit
08-04 13:32:16.012 27683 27697 I art     : Explicit concurrent mark sweep GC freed 3(96B) AllocSpace objects, 0(0B) LOS objects, 28% free, 41MB/57MB, paused 1.099ms total 44.515ms
08-04 13:32:16.336 13866 13882 I PeriodicStatsRunner: PeriodicStatsRunner.call():175 call()
08-04 13:32:16.337 13866 13882 I PeriodicStatsRunner: PeriodicStatsRunner.call():179 No submit PeriodicStats since input started.
08-04 13:32:16.384 27683  3242 I art     : Starting a blocking GC Explicit
08-04 13:32:16.429 27683  3242 I art     : Explicit concurrent mark sweep GC freed 1445(83KB) AllocSpace objects, 1(20KB) LOS objects, 28% free, 41MB/57MB, paused 1.197ms total 44.557ms
08-04 13:32:16.441 27683  3242 I art     : Starting a blocking GC Explicit
08-04 13:32:16.484 27683  3242 I art     : Explicit concurrent mark sweep GC freed 22(800B) AllocSpace objects, 0(0B) LOS objects, 28% free, 41MB/57MB, paused 1.169ms total 43.484ms
08-04 13:32:16.496 27683  3242 I art     : Starting a blocking GC Explicit
08-04 13:32:16.541 27683  3242 I art     : Explicit concurrent mark sweep GC freed 3(96B) AllocSpace objects, 0(0B) LOS objects, 28% free, 41MB/57MB, paused 1.115ms total 44.618ms
08-04 13:32:16.552 27683  3242 I art     : Starting a blocking GC Explicit
08-04 13:32:16.596 27683  3242 I art     : Explicit concurrent mark sweep GC freed 3(96B) AllocSpace objects, 0(0B) LOS objects, 28% free, 41MB/57MB, paused 1.087ms total 43.919ms
08-04 13:32:16.607 27683  3242 I art     : Starting a blocking GC Explicit
08-04 13:32:16.653 27683  3242 I art     : Explicit concurrent mark sweep GC freed 3(96B) AllocSpace objects, 0(0B) LOS objects, 28% free, 41MB/57MB, paused 1.153ms total 45.264ms
08-04 13:32:17.047 27683  3240 I art     : Starting a blocking GC Explicit
08-04 13:32:17.094 27683  3240 I art     : Explicit concurrent mark sweep GC freed 1444(83KB) AllocSpace objects, 1(20KB) LOS objects, 28% free, 41MB/57MB, paused 1.173ms total 46.099ms
08-04 13:32:17.108 27683  3240 I art     : Starting a blocking GC Explicit
08-04 13:32:17.151 27683  3240 I art     : Explicit concurrent mark sweep GC freed 29(1072B) AllocSpace objects, 0(0B) LOS objects, 28% free, 41MB/57MB, paused 1.161ms total 42.354ms
08-04 13:32:17.161 27683  3240 I art     : Starting a blocking GC Explicit
08-04 13:32:17.203 27683  3240 I art     : Explicit concurrent mark sweep GC freed 87(3KB) AllocSpace objects, 0(0B) LOS objects, 28% free, 41MB/57MB, paused 1.201ms total 41.701ms
08-04 13:32:17.214 27683  3240 I art     : Starting a blocking GC Explicit
08-04 13:32:17.258 27683  3240 I art     : Explicit concurrent mark sweep GC freed 21(912B) AllocSpace objects, 0(0B) LOS objects, 28% free, 41MB/57MB, paused 1.279ms total 43.492ms
08-04 13:32:17.269 27683  3240 I art     : Starting a blocking GC Explicit
08-04 13:32:17.312 27683  3240 I art     : Explicit concurrent mark sweep GC freed 59(4KB) AllocSpace objects, 0(0B) LOS objects, 28% free, 41MB/57MB, paused 1.273ms total 43.118ms
08-04 13:32:17.693 27683 27696 I art     : Starting a blocking GC Explicit
08-04 13:32:17.715 27683  4024 E baseline.com.newsblur.network.APIResponse: Error (unexpected end of stream on https://www.newsblur.com/...) calling https://www.newsblur.com/reader/mark_story_hashes_as_read/
08-04 13:32:17.715 27683  4024 E baseline.com.newsblur.network.APIResponse: java.io.IOException: unexpected end of stream on https://www.newsblur.com/...
08-04 13:32:17.715 27683  4024 E baseline.com.newsblur.network.APIResponse: 	at okhttp3.internal.http1.Http1ExchangeCodec.readResponseHeaders(Http1ExchangeCodec.java:236)
08-04 13:32:17.715 27683  4024 E baseline.com.newsblur.network.APIResponse: 	at okhttp3.internal.connection.Exchange.readResponseHeaders(Exchange.java:115)
08-04 13:32:17.715 27683  4024 E baseline.com.newsblur.network.APIResponse: 	at okhttp3.internal.http.CallServerInterceptor.intercept(CallServerInterceptor.java:94)
08-04 13:32:17.715 27683  4024 E baseline.com.newsblur.network.APIResponse: 	at okhttp3.internal.http.RealInterceptorChain.proceed(RealInterceptorChain.java:142)
08-04 13:32:17.715 27683  4024 E baseline.com.newsblur.network.APIResponse: 	at okhttp3.internal.connection.ConnectInterceptor.intercept(ConnectInterceptor.java:43)
08-04 13:32:17.715 27683  4024 E baseline.com.newsblur.network.APIResponse: 	at okhttp3.internal.http.RealInterceptorChain.proceed(RealInterceptorChain.java:142)
08-04 13:32:17.715 27683  4024 E baseline.com.newsblur.network.APIResponse: 	at okhttp3.internal.http.RealInterceptorChain.proceed(RealInterceptorChain.java:117)
08-04 13:32:17.715 27683  4024 E baseline.com.newsblur.network.APIResponse: 	at okhttp3.internal.cache.CacheInterceptor.intercept(CacheInterceptor.java:94)
08-04 13:32:17.715 27683  4024 E baseline.com.newsblur.network.APIResponse: 	at okhttp3.internal.http.RealInterceptorChain.proceed(RealInterceptorChain.java:142)
08-04 13:32:17.715 27683  4024 E baseline.com.newsblur.network.APIResponse: 	at okhttp3.internal.http.RealInterceptorChain.proceed(RealInterceptorChain.java:117)
08-04 13:32:17.715 27683  4024 E baseline.com.newsblur.network.APIResponse: 	at okhttp3.internal.http.BridgeInterceptor.intercept(BridgeInterceptor.java:93)
08-04 13:32:17.715 27683  4024 E baseline.com.newsblur.network.APIResponse: 	at okhttp3.internal.http.RealInterceptorChain.proceed(RealInterceptorChain.java:142)
08-04 13:32:17.715 27683  4024 E baseline.com.newsblur.network.APIResponse: 	at okhttp3.internal.http.RetryAndFollowUpInterceptor.intercept(RetryAndFollowUpInterceptor.java:88)
08-04 13:32:17.715 27683  4024 E baseline.com.newsblur.network.APIResponse: 	at okhttp3.internal.http.RealInterceptorChain.proceed(RealInterceptorChain.java:142)
08-04 13:32:17.715 27683  4024 E baseline.com.newsblur.network.APIResponse: 	at okhttp3.internal.http.RealInterceptorChain.proceed(RealInterceptorChain.java:117)
08-04 13:32:17.715 27683  4024 E baseline.com.newsblur.network.APIResponse: 	at okhttp3.RealCall.getResponseWithInterceptorChain(RealCall.java:229)
08-04 13:32:17.715 27683  4024 E baseline.com.newsblur.network.APIResponse: 	at okhttp3.RealCall.execute(RealCall.java:81)
08-04 13:32:17.715 27683  4024 E baseline.com.newsblur.network.APIResponse: 	at baseline.com.newsblur.network.APIResponse.<init>(APIResponse.java:57)
08-04 13:32:17.715 27683  4024 E baseline.com.newsblur.network.APIResponse: 	at baseline.com.newsblur.network.APIResponse.<init>(APIResponse.java:43)
08-04 13:32:17.715 27683  4024 E baseline.com.newsblur.network.APIResponse: 	at baseline.com.newsblur.network.APIManager.post_single(APIManager.java:702)
08-04 13:32:17.715 27683  4024 E baseline.com.newsblur.network.APIResponse: 	at baseline.com.newsblur.network.APIManager.post(APIManager.java:675)
08-04 13:32:17.715 27683  4024 E baseline.com.newsblur.network.APIResponse: 	at baseline.com.newsblur.network.APIManager.post(APIManager.java:714)
08-04 13:32:17.715 27683  4024 E baseline.com.newsblur.network.APIResponse: 	at baseline.com.newsblur.network.APIManager.markStoryAsRead(APIManager.java:205)
08-04 13:32:17.715 27683  4024 E baseline.com.newsblur.network.APIResponse: 	at baseline.com.newsblur.util.ReadingAction.doRemote(ReadingAction.java:281)
08-04 13:32:17.715 27683  4024 E baseline.com.newsblur.network.APIResponse: 	at baseline.com.newsblur.service.NBSyncService.syncActions(NBSyncService.java:400)
08-04 13:32:17.715 27683  4024 E baseline.com.newsblur.network.APIResponse: 	at baseline.com.newsblur.service.NBSyncService.doSync(NBSyncService.java:298)
08-04 13:32:17.715 27683  4024 E baseline.com.newsblur.network.APIResponse: 	at baseline.com.newsblur.service.NBSyncService.access$100(NBSyncService.java:67)
08-04 13:32:17.715 27683  4024 E baseline.com.newsblur.network.APIResponse: 	at baseline.com.newsblur.service.NBSyncService$1.run(NBSyncService.java:188)
08-04 13:32:17.715 27683  4024 E baseline.com.newsblur.network.APIResponse: 	at java.util.concurrent.ThreadPoolExecutor.runWorker(ThreadPoolExecutor.java:1113)
08-04 13:32:17.715 27683  4024 E baseline.com.newsblur.network.APIResponse: 	at java.util.concurrent.ThreadPoolExecutor$Worker.run(ThreadPoolExecutor.java:588)
08-04 13:32:17.715 27683  4024 E baseline.com.newsblur.network.APIResponse: 	at java.lang.Thread.run(Thread.java:818)
08-04 13:32:17.715 27683  4024 E baseline.com.newsblur.network.APIResponse: Caused by: java.io.EOFException: \n not found: limit=0 content=
08-04 13:32:17.715 27683  4024 E baseline.com.newsblur.network.APIResponse: 	at okio.RealBufferedSource.readUtf8LineStrict(RealBufferedSource.java:240)
08-04 13:32:17.715 27683  4024 E baseline.com.newsblur.network.APIResponse: 	at okhttp3.internal.http1.Http1ExchangeCodec.readHeaderLine(Http1ExchangeCodec.java:242)
08-04 13:32:17.715 27683  4024 E baseline.com.newsblur.network.APIResponse: 	at okhttp3.internal.http1.Http1ExchangeCodec.readResponseHeaders(Http1ExchangeCodec.java:213)
08-04 13:32:17.715 27683  4024 E baseline.com.newsblur.network.APIResponse: 	... 30 more
08-04 13:32:17.716 27683  4024 I baseline.com.newsblur.service.NBSyncService: Holding reading action with server-side or network error.
08-04 13:32:17.729 27683  4024 W baseline.com.newsblur.service.NBSyncService: hard API failure
08-04 13:32:17.739 27683 27696 I art     : Explicit concurrent mark sweep GC freed 4190(386KB) AllocSpace objects, 5(100KB) LOS objects, 27% free, 41MB/57MB, paused 1.338ms total 45.719ms
08-04 13:32:17.750 27683 27696 I art     : Starting a blocking GC Explicit
08-04 13:32:17.795 27683 27696 I art     : Explicit concurrent mark sweep GC freed 288(25KB) AllocSpace objects, 0(0B) LOS objects, 28% free, 41MB/57MB, paused 1.145ms total 44.931ms
08-04 13:32:17.807 27683 27696 I art     : Starting a blocking GC Explicit
08-04 13:32:17.852 27683 27696 I art     : Explicit concurrent mark sweep GC freed 26(864B) AllocSpace objects, 0(0B) LOS objects, 28% free, 41MB/57MB, paused 1.205ms total 45.247ms
08-04 13:32:17.863 27683 27696 I art     : Starting a blocking GC Explicit
08-04 13:32:17.909 27683 27696 I art     : Explicit concurrent mark sweep GC freed 3(96B) AllocSpace objects, 0(0B) LOS objects, 28% free, 41MB/57MB, paused 1.195ms total 44.939ms
08-04 13:32:17.920 27683 27696 I art     : Starting a blocking GC Explicit
08-04 13:32:17.964 27683 27696 I art     : Explicit concurrent mark sweep GC freed 3(96B) AllocSpace objects, 0(0B) LOS objects, 28% free, 41MB/57MB, paused 1.165ms total 43.779ms
08-04 13:32:18.132 27683  4024 E baseline.com.newsblur.network.APIResponse: Error (unexpected end of stream on https://www.newsblur.com/...) calling https://www.newsblur.com/reader/mark_story_hashes_as_read/
08-04 13:32:18.132 27683  4024 E baseline.com.newsblur.network.APIResponse: java.io.IOException: unexpected end of stream on https://www.newsblur.com/...
08-04 13:32:18.132 27683  4024 E baseline.com.newsblur.network.APIResponse: 	at okhttp3.internal.http1.Http1ExchangeCodec.readResponseHeaders(Http1ExchangeCodec.java:236)
08-04 13:32:18.132 27683  4024 E baseline.com.newsblur.network.APIResponse: 	at okhttp3.internal.connection.Exchange.readResponseHeaders(Exchange.java:115)
08-04 13:32:18.132 27683  4024 E baseline.com.newsblur.network.APIResponse: 	at okhttp3.internal.http.CallServerInterceptor.intercept(CallServerInterceptor.java:94)
08-04 13:32:18.132 27683  4024 E baseline.com.newsblur.network.APIResponse: 	at okhttp3.internal.http.RealInterceptorChain.proceed(RealInterceptorChain.java:142)
08-04 13:32:18.132 27683  4024 E baseline.com.newsblur.network.APIResponse: 	at okhttp3.internal.connection.ConnectInterceptor.intercept(ConnectInterceptor.java:43)
08-04 13:32:18.132 27683  4024 E baseline.com.newsblur.network.APIResponse: 	at okhttp3.internal.http.RealInterceptorChain.proceed(RealInterceptorChain.java:142)
08-04 13:32:18.132 27683  4024 E baseline.com.newsblur.network.APIResponse: 	at okhttp3.internal.http.RealInterceptorChain.proceed(RealInterceptorChain.java:117)
08-04 13:32:18.132 27683  4024 E baseline.com.newsblur.network.APIResponse: 	at okhttp3.internal.cache.CacheInterceptor.intercept(CacheInterceptor.java:94)
08-04 13:32:18.132 27683  4024 E baseline.com.newsblur.network.APIResponse: 	at okhttp3.internal.http.RealInterceptorChain.proceed(RealInterceptorChain.java:142)
08-04 13:32:18.132 27683  4024 E baseline.com.newsblur.network.APIResponse: 	at okhttp3.internal.http.RealInterceptorChain.proceed(RealInterceptorChain.java:117)
08-04 13:32:18.132 27683  4024 E baseline.com.newsblur.network.APIResponse: 	at okhttp3.internal.http.BridgeInterceptor.intercept(BridgeInterceptor.java:93)
08-04 13:32:18.132 27683  4024 E baseline.com.newsblur.network.APIResponse: 	at okhttp3.internal.http.RealInterceptorChain.proceed(RealInterceptorChain.java:142)
08-04 13:32:18.132 27683  4024 E baseline.com.newsblur.network.APIResponse: 	at okhttp3.internal.http.RetryAndFollowUpInterceptor.intercept(RetryAndFollowUpInterceptor.java:88)
08-04 13:32:18.132 27683  4024 E baseline.com.newsblur.network.APIResponse: 	at okhttp3.internal.http.RealInterceptorChain.proceed(RealInterceptorChain.java:142)
08-04 13:32:18.132 27683  4024 E baseline.com.newsblur.network.APIResponse: 	at okhttp3.internal.http.RealInterceptorChain.proceed(RealInterceptorChain.java:117)
08-04 13:32:18.132 27683  4024 E baseline.com.newsblur.network.APIResponse: 	at okhttp3.RealCall.getResponseWithInterceptorChain(RealCall.java:229)
08-04 13:32:18.132 27683  4024 E baseline.com.newsblur.network.APIResponse: 	at okhttp3.RealCall.execute(RealCall.java:81)
08-04 13:32:18.132 27683  4024 E baseline.com.newsblur.network.APIResponse: 	at baseline.com.newsblur.network.APIResponse.<init>(APIResponse.java:57)
08-04 13:32:18.132 27683  4024 E baseline.com.newsblur.network.APIResponse: 	at baseline.com.newsblur.network.APIResponse.<init>(APIResponse.java:43)
08-04 13:32:18.132 27683  4024 E baseline.com.newsblur.network.APIResponse: 	at baseline.com.newsblur.network.APIManager.post_single(APIManager.java:702)
08-04 13:32:18.132 27683  4024 E baseline.com.newsblur.network.APIResponse: 	at baseline.com.newsblur.network.APIManager.post(APIManager.java:675)
08-04 13:32:18.132 27683  4024 E baseline.com.newsblur.network.APIResponse: 	at baseline.com.newsblur.network.APIManager.post(APIManager.java:714)
08-04 13:32:18.132 27683  4024 E baseline.com.newsblur.network.APIResponse: 	at baseline.com.newsblur.network.APIManager.markStoryAsRead(APIManager.java:205)
08-04 13:32:18.132 27683  4024 E baseline.com.newsblur.network.APIResponse: 	at baseline.com.newsblur.util.ReadingAction.doRemote(ReadingAction.java:281)
08-04 13:32:18.132 27683  4024 E baseline.com.newsblur.network.APIResponse: 	at baseline.com.newsblur.service.NBSyncService.syncActions(NBSyncService.java:400)
08-04 13:32:18.132 27683  4024 E baseline.com.newsblur.network.APIResponse: 	at baseline.com.newsblur.service.NBSyncService.doSync(NBSyncService.java:298)
08-04 13:32:18.132 27683  4024 E baseline.com.newsblur.network.APIResponse: 	at baseline.com.newsblur.service.NBSyncService.access$100(NBSyncService.java:67)
08-04 13:32:18.132 27683  4024 E baseline.com.newsblur.network.APIResponse: 	at baseline.com.newsblur.service.NBSyncService$1.run(NBSyncService.java:188)
08-04 13:32:18.132 27683  4024 E baseline.com.newsblur.network.APIResponse: 	at java.util.concurrent.ThreadPoolExecutor.runWorker(ThreadPoolExecutor.java:1113)
08-04 13:32:18.132 27683  4024 E baseline.com.newsblur.network.APIResponse: 	at java.util.concurrent.ThreadPoolExecutor$Worker.run(ThreadPoolExecutor.java:588)
08-04 13:32:18.132 27683  4024 E baseline.com.newsblur.network.APIResponse: 	at java.lang.Thread.run(Thread.java:818)
08-04 13:32:18.132 27683  4024 E baseline.com.newsblur.network.APIResponse: Caused by: java.io.EOFException: \n not found: limit=0 content=
08-04 13:32:18.132 27683  4024 E baseline.com.newsblur.network.APIResponse: 	at okio.RealBufferedSource.readUtf8LineStrict(RealBufferedSource.java:240)
08-04 13:32:18.132 27683  4024 E baseline.com.newsblur.network.APIResponse: 	at okhttp3.internal.http1.Http1ExchangeCodec.readHeaderLine(Http1ExchangeCodec.java:242)
08-04 13:32:18.132 27683  4024 E baseline.com.newsblur.network.APIResponse: 	at okhttp3.internal.http1.Http1ExchangeCodec.readResponseHeaders(Http1ExchangeCodec.java:213)
08-04 13:32:18.132 27683  4024 E baseline.com.newsblur.network.APIResponse: 	... 30 more
08-04 13:32:18.134 27683  4024 I baseline.com.newsblur.network.APIManager: API call failed, pausing before retry number 1
08-04 13:32:18.332 27683 27697 I art     : Starting a blocking GC Explicit
08-04 13:32:18.380 27683 27697 I art     : Explicit concurrent mark sweep GC freed 3955(357KB) AllocSpace objects, 3(60KB) LOS objects, 28% free, 41MB/57MB, paused 1.174ms total 47.280ms
08-04 13:32:18.391 27683 27697 I art     : Starting a blocking GC Explicit
08-04 13:32:18.435 27683 27697 I art     : Explicit concurrent mark sweep GC freed 120(4KB) AllocSpace objects, 0(0B) LOS objects, 28% free, 41MB/57MB, paused 1.100ms total 44.241ms
08-04 13:32:18.447 27683 27697 I art     : Starting a blocking GC Explicit
08-04 13:32:18.490 27683 27697 I art     : Explicit concurrent mark sweep GC freed 3(96B) AllocSpace objects, 0(0B) LOS objects, 28% free, 41MB/57MB, paused 1.146ms total 42.875ms
08-04 13:32:18.501 27683 27697 I art     : Starting a blocking GC Explicit
08-04 13:32:18.546 27683 27697 I art     : Explicit concurrent mark sweep GC freed 3(96B) AllocSpace objects, 0(0B) LOS objects, 28% free, 41MB/57MB, paused 1.176ms total 45.295ms
08-04 13:32:18.558 27683 27697 I art     : Starting a blocking GC Explicit
08-04 13:32:18.602 27683 27697 I art     : Explicit concurrent mark sweep GC freed 3(96B) AllocSpace objects, 0(0B) LOS objects, 28% free, 41MB/57MB, paused 1.110ms total 44.007ms
08-04 13:32:18.962 27683  3242 I art     : Starting a blocking GC Explicit
08-04 13:32:19.009 27683  3242 I art     : Explicit concurrent mark sweep GC freed 1444(83KB) AllocSpace objects, 1(20KB) LOS objects, 28% free, 41MB/57MB, paused 1.144ms total 46.377ms
08-04 13:32:19.024 27683  3242 I art     : Starting a blocking GC Explicit
08-04 13:32:19.067 27683  3242 I art     : Explicit concurrent mark sweep GC freed 824(41KB) AllocSpace objects, 0(0B) LOS objects, 27% free, 41MB/57MB, paused 1.128ms total 42.553ms
08-04 13:32:19.078 27683  3242 I art     : Starting a blocking GC Explicit
08-04 13:32:19.122 27683  3242 I art     : Explicit concurrent mark sweep GC freed 656(40KB) AllocSpace objects, 0(0B) LOS objects, 28% free, 41MB/57MB, paused 2.134ms total 44.251ms
08-04 13:32:19.133 27683  3242 I art     : Starting a blocking GC Explicit
08-04 13:32:19.176 27683  3242 I art     : Explicit concurrent mark sweep GC freed 436(34KB) AllocSpace objects, 0(0B) LOS objects, 28% free, 41MB/57MB, paused 1.103ms total 42.519ms
08-04 13:32:19.187 27683  3242 I art     : Starting a blocking GC Explicit
08-04 13:32:19.230 27683  3242 I art     : Explicit concurrent mark sweep GC freed 3(96B) AllocSpace objects, 0(0B) LOS objects, 28% free, 41MB/57MB, paused 1.161ms total 43.056ms
08-04 13:32:19.576 27683  3240 I art     : Starting a blocking GC Explicit
08-04 13:32:19.624 27683  3240 I art     : Explicit concurrent mark sweep GC freed 5977(296KB) AllocSpace objects, 1(20KB) LOS objects, 28% free, 41MB/57MB, paused 1.165ms total 47.700ms
08-04 13:32:19.640 27683  3240 I art     : Starting a blocking GC Explicit
08-04 13:32:19.681 27683  3240 I art     : Explicit concurrent mark sweep GC freed 384(16KB) AllocSpace objects, 0(0B) LOS objects, 28% free, 41MB/57MB, paused 1.098ms total 41.549ms
08-04 13:32:19.692 27683  3240 I art     : Starting a blocking GC Explicit
08-04 13:32:19.735 27683  3240 I art     : Explicit concurrent mark sweep GC freed 15(560B) AllocSpace objects, 0(0B) LOS objects, 28% free, 41MB/57MB, paused 1.129ms total 42.762ms
08-04 13:32:19.746 27683  3240 I art     : Starting a blocking GC Explicit
08-04 13:32:19.789 27683  3240 I art     : Explicit concurrent mark sweep GC freed 1597(62KB) AllocSpace objects, 0(0B) LOS objects, 28% free, 41MB/57MB, paused 1.145ms total 43.044ms
08-04 13:32:19.800 27683  3240 I art     : Starting a blocking GC Explicit
08-04 13:32:19.843 27683  3240 I art     : Explicit concurrent mark sweep GC freed 327(14KB) AllocSpace objects, 0(0B) LOS objects, 28% free, 41MB/57MB, paused 1.174ms total 42.246ms
08-04 13:32:19.923   918  3188 I hubconnection: sensorhub said: 'set_bias 3: -6.2400, 0.0000, 0.0000'
08-04 13:32:20.017 27683  4024 E baseline.com.newsblur.network.APIResponse: Error (unexpected end of stream on https://www.newsblur.com/...) calling https://www.newsblur.com/reader/mark_story_hashes_as_read/
08-04 13:32:20.017 27683  4024 E baseline.com.newsblur.network.APIResponse: java.io.IOException: unexpected end of stream on https://www.newsblur.com/...
08-04 13:32:20.017 27683  4024 E baseline.com.newsblur.network.APIResponse: 	at okhttp3.internal.http1.Http1ExchangeCodec.readResponseHeaders(Http1ExchangeCodec.java:236)
08-04 13:32:20.017 27683  4024 E baseline.com.newsblur.network.APIResponse: 	at okhttp3.internal.connection.Exchange.readResponseHeaders(Exchange.java:115)
08-04 13:32:20.017 27683  4024 E baseline.com.newsblur.network.APIResponse: 	at okhttp3.internal.http.CallServerInterceptor.intercept(CallServerInterceptor.java:94)
08-04 13:32:20.017 27683  4024 E baseline.com.newsblur.network.APIResponse: 	at okhttp3.internal.http.RealInterceptorChain.proceed(RealInterceptorChain.java:142)
08-04 13:32:20.017 27683  4024 E baseline.com.newsblur.network.APIResponse: 	at okhttp3.internal.connection.ConnectInterceptor.intercept(ConnectInterceptor.java:43)
08-04 13:32:20.017 27683  4024 E baseline.com.newsblur.network.APIResponse: 	at okhttp3.internal.http.RealInterceptorChain.proceed(RealInterceptorChain.java:142)
08-04 13:32:20.017 27683  4024 E baseline.com.newsblur.network.APIResponse: 	at okhttp3.internal.http.RealInterceptorChain.proceed(RealInterceptorChain.java:117)
08-04 13:32:20.017 27683  4024 E baseline.com.newsblur.network.APIResponse: 	at okhttp3.internal.cache.CacheInterceptor.intercept(CacheInterceptor.java:94)
08-04 13:32:20.017 27683  4024 E baseline.com.newsblur.network.APIResponse: 	at okhttp3.internal.http.RealInterceptorChain.proceed(RealInterceptorChain.java:142)
08-04 13:32:20.017 27683  4024 E baseline.com.newsblur.network.APIResponse: 	at okhttp3.internal.http.RealInterceptorChain.proceed(RealInterceptorChain.java:117)
08-04 13:32:20.017 27683  4024 E baseline.com.newsblur.network.APIResponse: 	at okhttp3.internal.http.BridgeInterceptor.intercept(BridgeInterceptor.java:93)
08-04 13:32:20.017 27683  4024 E baseline.com.newsblur.network.APIResponse: 	at okhttp3.internal.http.RealInterceptorChain.proceed(RealInterceptorChain.java:142)
08-04 13:32:20.017 27683  4024 E baseline.com.newsblur.network.APIResponse: 	at okhttp3.internal.http.RetryAndFollowUpInterceptor.intercept(RetryAndFollowUpInterceptor.java:88)
08-04 13:32:20.017 27683  4024 E baseline.com.newsblur.network.APIResponse: 	at okhttp3.internal.http.RealInterceptorChain.proceed(RealInterceptorChain.java:142)
08-04 13:32:20.017 27683  4024 E baseline.com.newsblur.network.APIResponse: 	at okhttp3.internal.http.RealInterceptorChain.proceed(RealInterceptorChain.java:117)
08-04 13:32:20.017 27683  4024 E baseline.com.newsblur.network.APIResponse: 	at okhttp3.RealCall.getResponseWithInterceptorChain(RealCall.java:229)
08-04 13:32:20.017 27683  4024 E baseline.com.newsblur.network.APIResponse: 	at okhttp3.RealCall.execute(RealCall.java:81)
08-04 13:32:20.017 27683  4024 E baseline.com.newsblur.network.APIResponse: 	at baseline.com.newsblur.network.APIResponse.<init>(APIResponse.java:57)
08-04 13:32:20.017 27683  4024 E baseline.com.newsblur.network.APIResponse: 	at baseline.com.newsblur.network.APIResponse.<init>(APIResponse.java:43)
08-04 13:32:20.017 27683  4024 E baseline.com.newsblur.network.APIResponse: 	at baseline.com.newsblur.network.APIManager.post_single(APIManager.java:702)
08-04 13:32:20.017 27683  4024 E baseline.com.newsblur.network.APIResponse: 	at baseline.com.newsblur.network.APIManager.post(APIManager.java:675)
08-04 13:32:20.017 27683  4024 E baseline.com.newsblur.network.APIResponse: 	at baseline.com.newsblur.network.APIManager.post(APIManager.java:714)
08-04 13:32:20.017 27683  4024 E baseline.com.newsblur.network.APIResponse: 	at baseline.com.newsblur.network.APIManager.markStoryAsRead(APIManager.java:205)
08-04 13:32:20.017 27683  4024 E baseline.com.newsblur.network.APIResponse: 	at baseline.com.newsblur.util.ReadingAction.doRemote(ReadingAction.java:281)
08-04 13:32:20.017 27683  4024 E baseline.com.newsblur.network.APIResponse: 	at baseline.com.newsblur.service.NBSyncService.syncActions(NBSyncService.java:400)
08-04 13:32:20.017 27683  4024 E baseline.com.newsblur.network.APIResponse: 	at baseline.com.newsblur.service.NBSyncService.doSync(NBSyncService.java:298)
08-04 13:32:20.017 27683  4024 E baseline.com.newsblur.network.APIResponse: 	at baseline.com.newsblur.service.NBSyncService.access$100(NBSyncService.java:67)
08-04 13:32:20.017 27683  4024 E baseline.com.newsblur.network.APIResponse: 	at baseline.com.newsblur.service.NBSyncService$1.run(NBSyncService.java:188)
08-04 13:32:20.017 27683  4024 E baseline.com.newsblur.network.APIResponse: 	at java.util.concurrent.ThreadPoolExecutor.runWorker(ThreadPoolExecutor.java:1113)
08-04 13:32:20.017 27683  4024 E baseline.com.newsblur.network.APIResponse: 	at java.util.concurrent.ThreadPoolExecutor$Worker.run(ThreadPoolExecutor.java:588)
08-04 13:32:20.017 27683  4024 E baseline.com.newsblur.network.APIResponse: 	at java.lang.Thread.run(Thread.java:818)
08-04 13:32:20.017 27683  4024 E baseline.com.newsblur.network.APIResponse: Caused by: java.io.EOFException: \n not found: limit=0 content=
08-04 13:32:20.017 27683  4024 E baseline.com.newsblur.network.APIResponse: 	at okio.RealBufferedSource.readUtf8LineStrict(RealBufferedSource.java:240)
08-04 13:32:20.017 27683  4024 E baseline.com.newsblur.network.APIResponse: 	at okhttp3.internal.http1.Http1ExchangeCodec.readHeaderLine(Http1ExchangeCodec.java:242)
08-04 13:32:20.017 27683  4024 E baseline.com.newsblur.network.APIResponse: 	at okhttp3.internal.http1.Http1ExchangeCodec.readResponseHeaders(Http1ExchangeCodec.java:213)
08-04 13:32:20.017 27683  4024 E baseline.com.newsblur.network.APIResponse: 	... 30 more
08-04 13:32:20.018 27683  4024 I baseline.com.newsblur.network.APIManager: API call failed, pausing before retry number 2
08-04 13:32:20.181 27683 27696 I art     : Starting a blocking GC Explicit
08-04 13:32:20.222 27683 27696 I art     : Explicit concurrent mark sweep GC freed 4069(374KB) AllocSpace objects, 3(60KB) LOS objects, 28% free, 41MB/57MB, paused 1.042ms total 40.944ms
08-04 13:32:20.233 27683 27696 I art     : Starting a blocking GC Explicit
08-04 13:32:20.271 27683 27696 I art     : Explicit concurrent mark sweep GC freed 142(5KB) AllocSpace objects, 0(0B) LOS objects, 28% free, 41MB/57MB, paused 1.029ms total 38.635ms
08-04 13:32:20.282 27683 27696 I art     : Starting a blocking GC Explicit
08-04 13:32:20.322 27683 27696 I art     : Explicit concurrent mark sweep GC freed 3(96B) AllocSpace objects, 0(0B) LOS objects, 28% free, 41MB/57MB, paused 1.035ms total 40.011ms
08-04 13:32:20.332 27683 27696 I art     : Starting a blocking GC Explicit
08-04 13:32:20.373 27683 27696 I art     : Explicit concurrent mark sweep GC freed 3(96B) AllocSpace objects, 0(0B) LOS objects, 28% free, 41MB/57MB, paused 1.023ms total 40.616ms
08-04 13:32:20.384 27683 27696 I art     : Starting a blocking GC Explicit
08-04 13:32:20.426 27683 27696 I art     : Explicit concurrent mark sweep GC freed 3(96B) AllocSpace objects, 0(0B) LOS objects, 28% free, 41MB/57MB, paused 1.107ms total 42.137ms
08-04 13:32:20.774 27683 27697 I art     : Starting a blocking GC Explicit
08-04 13:32:20.820 27683 27697 I art     : Explicit concurrent mark sweep GC freed 1444(83KB) AllocSpace objects, 1(20KB) LOS objects, 28% free, 41MB/57MB, paused 1.167ms total 46.009ms
08-04 13:32:20.835 27683 27697 I art     : Starting a blocking GC Explicit
08-04 13:32:20.876 27683 27697 I art     : Explicit concurrent mark sweep GC freed 22(784B) AllocSpace objects, 0(0B) LOS objects, 28% free, 41MB/57MB, paused 1.075ms total 40.333ms
08-04 13:32:20.887 27683 27697 I art     : Starting a blocking GC Explicit
08-04 13:32:20.929 27683 27697 I art     : Explicit concurrent mark sweep GC freed 3(96B) AllocSpace objects, 0(0B) LOS objects, 28% free, 41MB/57MB, paused 1.224ms total 42.389ms
08-04 13:32:20.940 27683 27697 I art     : Starting a blocking GC Explicit
08-04 13:32:20.983 27683 27697 I art     : Explicit concurrent mark sweep GC freed 3(96B) AllocSpace objects, 0(0B) LOS objects, 28% free, 41MB/57MB, paused 1.070ms total 42.778ms
08-04 13:32:20.994 27683 27697 I art     : Starting a blocking GC Explicit
08-04 13:32:21.037 27683 27697 I art     : Explicit concurrent mark sweep GC freed 3(96B) AllocSpace objects, 0(0B) LOS objects, 28% free, 41MB/57MB, paused 1.187ms total 42.825ms
08-04 13:32:21.413 27683  3242 I art     : Starting a blocking GC Explicit
08-04 13:32:21.457 27683  3242 I art     : Explicit concurrent mark sweep GC freed 1444(83KB) AllocSpace objects, 1(20KB) LOS objects, 28% free, 41MB/57MB, paused 1.118ms total 43.902ms
08-04 13:32:21.468 27683  3242 I art     : Starting a blocking GC Explicit
08-04 13:32:21.512 27683  3242 I art     : Explicit concurrent mark sweep GC freed 22(784B) AllocSpace objects, 0(0B) LOS objects, 28% free, 41MB/57MB, paused 1.111ms total 43.760ms
08-04 13:32:21.523 27683  3242 I art     : Starting a blocking GC Explicit
08-04 13:32:21.568 27683  3242 I art     : Explicit concurrent mark sweep GC freed 3(96B) AllocSpace objects, 0(0B) LOS objects, 28% free, 41MB/57MB, paused 1.255ms total 44.382ms
08-04 13:32:21.579 27683  3242 I art     : Starting a blocking GC Explicit
08-04 13:32:21.623 27683  3242 I art     : Explicit concurrent mark sweep GC freed 3(96B) AllocSpace objects, 0(0B) LOS objects, 28% free, 41MB/57MB, paused 1.160ms total 44.015ms
08-04 13:32:21.634 27683  3242 I art     : Starting a blocking GC Explicit
08-04 13:32:21.680 27683  3242 I art     : Explicit concurrent mark sweep GC freed 3(96B) AllocSpace objects, 0(0B) LOS objects, 28% free, 41MB/57MB, paused 1.185ms total 44.884ms
08-04 13:32:22.050 27683  3240 I art     : Starting a blocking GC Explicit
08-04 13:32:22.096 27683  3240 I art     : Explicit concurrent mark sweep GC freed 1445(83KB) AllocSpace objects, 1(20KB) LOS objects, 28% free, 41MB/57MB, paused 1.158ms total 45.475ms
08-04 13:32:22.107 27683  3240 I art     : Starting a blocking GC Explicit
08-04 13:32:22.151 27683  3240 I art     : Explicit concurrent mark sweep GC freed 22(784B) AllocSpace objects, 0(0B) LOS objects, 28% free, 41MB/57MB, paused 1.054ms total 43.913ms
08-04 13:32:22.163 27683  3240 I art     : Starting a blocking GC Explicit
08-04 13:32:22.206 27683  3240 I art     : Explicit concurrent mark sweep GC freed 3(96B) AllocSpace objects, 0(0B) LOS objects, 28% free, 41MB/57MB, paused 1.086ms total 43.611ms
08-04 13:32:22.218 27683  3240 I art     : Starting a blocking GC Explicit
08-04 13:32:22.262 27683  3240 I art     : Explicit concurrent mark sweep GC freed 3(96B) AllocSpace objects, 0(0B) LOS objects, 28% free, 41MB/57MB, paused 1.130ms total 43.639ms
08-04 13:32:22.273 27683  3240 I art     : Starting a blocking GC Explicit
08-04 13:32:22.318 27683  3240 I art     : Explicit concurrent mark sweep GC freed 3(96B) AllocSpace objects, 0(0B) LOS objects, 28% free, 41MB/57MB, paused 1.275ms total 45.150ms
08-04 13:32:22.671 27683 27696 I art     : Starting a blocking GC Explicit
08-04 13:32:22.716 27683 27696 I art     : Explicit concurrent mark sweep GC freed 1444(83KB) AllocSpace objects, 1(20KB) LOS objects, 28% free, 41MB/57MB, paused 1.115ms total 44.456ms
08-04 13:32:22.727 27683 27696 I art     : Starting a blocking GC Explicit
08-04 13:32:22.771 27683 27696 I art     : Explicit concurrent mark sweep GC freed 22(784B) AllocSpace objects, 0(0B) LOS objects, 28% free, 41MB/57MB, paused 1.188ms total 44.058ms
08-04 13:32:22.782 27683 27696 I art     : Starting a blocking GC Explicit
08-04 13:32:22.827 27683 27696 I art     : Explicit concurrent mark sweep GC freed 3(96B) AllocSpace objects, 0(0B) LOS objects, 28% free, 41MB/57MB, paused 1.097ms total 43.823ms
08-04 13:32:22.838 27683 27696 I art     : Starting a blocking GC Explicit
08-04 13:32:22.868   918  3261 D WifiStateMachine: starting scan for "H369AA63323"WPA_PSK with 2412,5180
08-04 13:32:22.882 27683 27696 I art     : Explicit concurrent mark sweep GC freed 3(96B) AllocSpace objects, 0(0B) LOS objects, 28% free, 41MB/57MB, paused 1.056ms total 43.536ms
08-04 13:32:22.893 27683 27696 I art     : Starting a blocking GC Explicit
08-04 13:32:22.937 27683 27696 I art     : Explicit concurrent mark sweep GC freed 3(96B) AllocSpace objects, 0(0B) LOS objects, 28% free, 41MB/57MB, paused 1.029ms total 43.520ms
08-04 13:32:23.300 27683 27697 I art     : Starting a blocking GC Explicit
08-04 13:32:23.345 27683 27697 I art     : Explicit concurrent mark sweep GC freed 1609(91KB) AllocSpace objects, 1(20KB) LOS objects, 28% free, 41MB/57MB, paused 1.196ms total 44.644ms
08-04 13:32:23.357 27683 27697 I art     : Starting a blocking GC Explicit
08-04 13:32:23.399 27683 27697 I art     : Explicit concurrent mark sweep GC freed 28(1040B) AllocSpace objects, 0(0B) LOS objects, 28% free, 41MB/57MB, paused 1.133ms total 41.841ms
08-04 13:32:23.410 27683 27697 I art     : Starting a blocking GC Explicit
08-04 13:32:23.453 27683 27697 I art     : Explicit concurrent mark sweep GC freed 3(96B) AllocSpace objects, 0(0B) LOS objects, 28% free, 41MB/57MB, paused 1.151ms total 42.497ms
08-04 13:32:23.464 27683 27697 I art     : Starting a blocking GC Explicit
08-04 13:32:23.506 27683 27697 I art     : Explicit concurrent mark sweep GC freed 496(21KB) AllocSpace objects, 0(0B) LOS objects, 28% free, 41MB/57MB, paused 1.430ms total 42.511ms
08-04 13:32:23.517 27683 27697 I art     : Starting a blocking GC Explicit
08-04 13:32:23.550 27683  4024 E baseline.com.newsblur.network.APIResponse: Error (unexpected end of stream on https://www.newsblur.com/...) calling https://www.newsblur.com/reader/mark_story_hashes_as_read/
08-04 13:32:23.550 27683  4024 E baseline.com.newsblur.network.APIResponse: java.io.IOException: unexpected end of stream on https://www.newsblur.com/...
08-04 13:32:23.550 27683  4024 E baseline.com.newsblur.network.APIResponse: 	at okhttp3.internal.http1.Http1ExchangeCodec.readResponseHeaders(Http1ExchangeCodec.java:236)
08-04 13:32:23.550 27683  4024 E baseline.com.newsblur.network.APIResponse: 	at okhttp3.internal.connection.Exchange.readResponseHeaders(Exchange.java:115)
08-04 13:32:23.550 27683  4024 E baseline.com.newsblur.network.APIResponse: 	at okhttp3.internal.http.CallServerInterceptor.intercept(CallServerInterceptor.java:94)
08-04 13:32:23.550 27683  4024 E baseline.com.newsblur.network.APIResponse: 	at okhttp3.internal.http.RealInterceptorChain.proceed(RealInterceptorChain.java:142)
08-04 13:32:23.550 27683  4024 E baseline.com.newsblur.network.APIResponse: 	at okhttp3.internal.connection.ConnectInterceptor.intercept(ConnectInterceptor.java:43)
08-04 13:32:23.550 27683  4024 E baseline.com.newsblur.network.APIResponse: 	at okhttp3.internal.http.RealInterceptorChain.proceed(RealInterceptorChain.java:142)
08-04 13:32:23.550 27683  4024 E baseline.com.newsblur.network.APIResponse: 	at okhttp3.internal.http.RealInterceptorChain.proceed(RealInterceptorChain.java:117)
08-04 13:32:23.550 27683  4024 E baseline.com.newsblur.network.APIResponse: 	at okhttp3.internal.cache.CacheInterceptor.intercept(CacheInterceptor.java:94)
08-04 13:32:23.550 27683  4024 E baseline.com.newsblur.network.APIResponse: 	at okhttp3.internal.http.RealInterceptorChain.proceed(RealInterceptorChain.java:142)
08-04 13:32:23.550 27683  4024 E baseline.com.newsblur.network.APIResponse: 	at okhttp3.internal.http.RealInterceptorChain.proceed(RealInterceptorChain.java:117)
08-04 13:32:23.550 27683  4024 E baseline.com.newsblur.network.APIResponse: 	at okhttp3.internal.http.BridgeInterceptor.intercept(BridgeInterceptor.java:93)
08-04 13:32:23.550 27683  4024 E baseline.com.newsblur.network.APIResponse: 	at okhttp3.internal.http.RealInterceptorChain.proceed(RealInterceptorChain.java:142)
08-04 13:32:23.550 27683  4024 E baseline.com.newsblur.network.APIResponse: 	at okhttp3.internal.http.RetryAndFollowUpInterceptor.intercept(RetryAndFollowUpInterceptor.java:88)
08-04 13:32:23.550 27683  4024 E baseline.com.newsblur.network.APIResponse: 	at okhttp3.internal.http.RealInterceptorChain.proceed(RealInterceptorChain.java:142)
08-04 13:32:23.550 27683  4024 E baseline.com.newsblur.network.APIResponse: 	at okhttp3.internal.http.RealInterceptorChain.proceed(RealInterceptorChain.java:117)
08-04 13:32:23.550 27683  4024 E baseline.com.newsblur.network.APIResponse: 	at okhttp3.RealCall.getResponseWithInterceptorChain(RealCall.java:229)
08-04 13:32:23.550 27683  4024 E baseline.com.newsblur.network.APIResponse: 	at okhttp3.RealCall.execute(RealCall.java:81)
08-04 13:32:23.550 27683  4024 E baseline.com.newsblur.network.APIResponse: 	at baseline.com.newsblur.network.APIResponse.<init>(APIResponse.java:57)
08-04 13:32:23.550 27683  4024 E baseline.com.newsblur.network.APIResponse: 	at baseline.com.newsblur.network.APIResponse.<init>(APIResponse.java:43)
08-04 13:32:23.550 27683  4024 E baseline.com.newsblur.network.APIResponse: 	at baseline.com.newsblur.network.APIManager.post_single(APIManager.java:702)
08-04 13:32:23.550 27683  4024 E baseline.com.newsblur.network.APIResponse: 	at baseline.com.newsblur.network.APIManager.post(APIManager.java:675)
08-04 13:32:23.550 27683  4024 E baseline.com.newsblur.network.APIResponse: 	at baseline.com.newsblur.network.APIManager.post(APIManager.java:714)
08-04 13:32:23.550 27683  4024 E baseline.com.newsblur.network.APIResponse: 	at baseline.com.newsblur.network.APIManager.markStoryAsRead(APIManager.java:205)
08-04 13:32:23.550 27683  4024 E baseline.com.newsblur.network.APIResponse: 	at baseline.com.newsblur.util.ReadingAction.doRemote(ReadingAction.java:281)
08-04 13:32:23.550 27683  4024 E baseline.com.newsblur.network.APIResponse: 	at baseline.com.newsblur.service.NBSyncService.syncActions(NBSyncService.java:400)
08-04 13:32:23.550 27683  4024 E baseline.com.newsblur.network.APIResponse: 	at baseline.com.newsblur.service.NBSyncService.doSync(NBSyncService.java:298)
08-04 13:32:23.550 27683  4024 E baseline.com.newsblur.network.APIResponse: 	at baseline.com.newsblur.service.NBSyncService.access$100(NBSyncService.java:67)
08-04 13:32:23.550 27683  4024 E baseline.com.newsblur.network.APIResponse: 	at baseline.com.newsblur.service.NBSyncService$1.run(NBSyncService.java:188)
08-04 13:32:23.550 27683  4024 E baseline.com.newsblur.network.APIResponse: 	at java.util.concurrent.ThreadPoolExecutor.runWorker(ThreadPoolExecutor.java:1113)
08-04 13:32:23.550 27683  4024 E baseline.com.newsblur.network.APIResponse: 	at java.util.concurrent.ThreadPoolExecutor$Worker.run(ThreadPoolExecutor.java:588)
08-04 13:32:23.550 27683  4024 E baseline.com.newsblur.network.APIResponse: 	at java.lang.Thread.run(Thread.java:818)
08-04 13:32:23.550 27683  4024 E baseline.com.newsblur.network.APIResponse: Caused by: java.io.EOFException: \n not found: limit=0 content=
08-04 13:32:23.550 27683  4024 E baseline.com.newsblur.network.APIResponse: 	at okio.RealBufferedSource.readUtf8LineStrict(RealBufferedSource.java:240)
08-04 13:32:23.550 27683  4024 E baseline.com.newsblur.network.APIResponse: 	at okhttp3.internal.http1.Http1ExchangeCodec.readHeaderLine(Http1ExchangeCodec.java:242)
08-04 13:32:23.550 27683  4024 E baseline.com.newsblur.network.APIResponse: 	at okhttp3.internal.http1.Http1ExchangeCodec.readResponseHeaders(Http1ExchangeCodec.java:213)
08-04 13:32:23.550 27683  4024 E baseline.com.newsblur.network.APIResponse: 	... 30 more
08-04 13:32:23.552 27683  4024 I baseline.com.newsblur.service.NBSyncService: Holding reading action with server-side or network error.
08-04 13:32:23.560 27683 27697 I art     : Explicit concurrent mark sweep GC freed 1953(230KB) AllocSpace objects, 2(40KB) LOS objects, 28% free, 41MB/57MB, paused 1.177ms total 42.299ms
08-04 13:32:23.565 27683  4024 W baseline.com.newsblur.service.NBSyncService: hard API failure
08-04 13:32:23.791  5035  5035 D AndroidRuntime: >>>>>> START com.android.internal.os.RuntimeInit uid 2000 <<<<<<
08-04 13:32:23.796  5035  5035 D AndroidRuntime: CheckJNI is OFF
08-04 13:32:23.830  5035  5035 D ICU     : No timezone override file found: /data/misc/zoneinfo/current/icu/icu_tzdata.dat
08-04 13:32:23.864  5035  5035 I Radio-JNI: register_android_hardware_Radio DONE
08-04 13:32:23.886  5035  5035 D AndroidRuntime: Calling main entry com.android.commands.input.Input
08-04 13:32:23.888  5035  5035 I Input   : injectKeyEvent: KeyEvent { action=ACTION_DOWN, keyCode=KEYCODE_BACK, scanCode=0, metaState=0, flags=0x0, repeatCount=0, eventTime=711160301, downTime=711160301, deviceId=-1, source=0x101 }
08-04 13:32:23.895  5035  5035 I Input   : injectKeyEvent: KeyEvent { action=ACTION_UP, keyCode=KEYCODE_BACK, scanCode=0, metaState=0, flags=0x0, repeatCount=0, eventTime=711160301, downTime=711160301, deviceId=-1, source=0x101 }
08-04 13:32:23.902  5035  5035 D AndroidRuntime: Shutting down VM
08-04 13:32:23.902 27683  3240 I art     : Starting a blocking GC Explicit
08-04 13:32:23.915 27683 27683 D baseline.com.newsblur.service.NBSyncService: rejecting request for feedset that is exhaused
08-04 13:32:23.946 27683  3240 I art     : Explicit concurrent mark sweep GC freed 3896(262KB) AllocSpace objects, 5(100KB) LOS objects, 28% free, 41MB/57MB, paused 1.210ms total 43.237ms
08-04 13:32:23.952 27683  4024 E baseline.com.newsblur.network.APIResponse: Error (unexpected end of stream on https://www.newsblur.com/...) calling https://www.newsblur.com/reader/mark_story_hashes_as_read/
08-04 13:32:23.952 27683  4024 E baseline.com.newsblur.network.APIResponse: java.io.IOException: unexpected end of stream on https://www.newsblur.com/...
08-04 13:32:23.952 27683  4024 E baseline.com.newsblur.network.APIResponse: 	at okhttp3.internal.http1.Http1ExchangeCodec.readResponseHeaders(Http1ExchangeCodec.java:236)
08-04 13:32:23.952 27683  4024 E baseline.com.newsblur.network.APIResponse: 	at okhttp3.internal.connection.Exchange.readResponseHeaders(Exchange.java:115)
08-04 13:32:23.952 27683  4024 E baseline.com.newsblur.network.APIResponse: 	at okhttp3.internal.http.CallServerInterceptor.intercept(CallServerInterceptor.java:94)
08-04 13:32:23.952 27683  4024 E baseline.com.newsblur.network.APIResponse: 	at okhttp3.internal.http.RealInterceptorChain.proceed(RealInterceptorChain.java:142)
08-04 13:32:23.952 27683  4024 E baseline.com.newsblur.network.APIResponse: 	at okhttp3.internal.connection.ConnectInterceptor.intercept(ConnectInterceptor.java:43)
08-04 13:32:23.952 27683  4024 E baseline.com.newsblur.network.APIResponse: 	at okhttp3.internal.http.RealInterceptorChain.proceed(RealInterceptorChain.java:142)
08-04 13:32:23.952 27683  4024 E baseline.com.newsblur.network.APIResponse: 	at okhttp3.internal.http.RealInterceptorChain.proceed(RealInterceptorChain.java:117)
08-04 13:32:23.952 27683  4024 E baseline.com.newsblur.network.APIResponse: 	at okhttp3.internal.cache.CacheInterceptor.intercept(CacheInterceptor.java:94)
08-04 13:32:23.952 27683  4024 E baseline.com.newsblur.network.APIResponse: 	at okhttp3.internal.http.RealInterceptorChain.proceed(RealInterceptorChain.java:142)
08-04 13:32:23.952 27683  4024 E baseline.com.newsblur.network.APIResponse: 	at okhttp3.internal.http.RealInterceptorChain.proceed(RealInterceptorChain.java:117)
08-04 13:32:23.952 27683  4024 E baseline.com.newsblur.network.APIResponse: 	at okhttp3.internal.http.BridgeInterceptor.intercept(BridgeInterceptor.java:93)
08-04 13:32:23.952 27683  4024 E baseline.com.newsblur.network.APIResponse: 	at okhttp3.internal.http.RealInterceptorChain.proceed(RealInterceptorChain.java:142)
08-04 13:32:23.952 27683  4024 E baseline.com.newsblur.network.APIResponse: 	at okhttp3.internal.http.RetryAndFollowUpInterceptor.intercept(RetryAndFollowUpInterceptor.java:88)
08-04 13:32:23.952 27683  4024 E baseline.com.newsblur.network.APIResponse: 	at okhttp3.internal.http.RealInterceptorChain.proceed(RealInterceptorChain.java:142)
08-04 13:32:23.952 27683  4024 E baseline.com.newsblur.network.APIResponse: 	at okhttp3.internal.http.RealInterceptorChain.proceed(RealInterceptorChain.java:117)
08-04 13:32:23.952 27683  4024 E baseline.com.newsblur.network.APIResponse: 	at okhttp3.RealCall.getResponseWithInterceptorChain(RealCall.java:229)
08-04 13:32:23.952 27683  4024 E baseline.com.newsblur.network.APIResponse: 	at okhttp3.RealCall.execute(RealCall.java:81)
08-04 13:32:23.952 27683  4024 E baseline.com.newsblur.network.APIResponse: 	at baseline.com.newsblur.network.APIResponse.<init>(APIResponse.java:57)
08-04 13:32:23.952 27683  4024 E baseline.com.newsblur.network.APIResponse: 	at baseline.com.newsblur.network.APIResponse.<init>(APIResponse.java:43)
08-04 13:32:23.952 27683  4024 E baseline.com.newsblur.network.APIResponse: 	at baseline.com.newsblur.network.APIManager.post_single(APIManager.java:702)
08-04 13:32:23.952 27683  4024 E baseline.com.newsblur.network.APIResponse: 	at baseline.com.newsblur.network.APIManager.post(APIManager.java:675)
08-04 13:32:23.952 27683  4024 E baseline.com.newsblur.network.APIResponse: 	at baseline.com.newsblur.network.APIManager.post(APIManager.java:714)
08-04 13:32:23.952 27683  4024 E baseline.com.newsblur.network.APIResponse: 	at baseline.com.newsblur.network.APIManager.markStoryAsRead(APIManager.java:205)
08-04 13:32:23.952 27683  4024 E baseline.com.newsblur.network.APIResponse: 	at baseline.com.newsblur.util.ReadingAction.doRemote(ReadingAction.java:281)
08-04 13:32:23.952 27683  4024 E baseline.com.newsblur.network.APIResponse: 	at baseline.com.newsblur.service.NBSyncService.syncActions(NBSyncService.java:400)
08-04 13:32:23.952 27683  4024 E baseline.com.newsblur.network.APIResponse: 	at baseline.com.newsblur.service.NBSyncService.doSync(NBSyncService.java:298)
08-04 13:32:23.952 27683  4024 E baseline.com.newsblur.network.APIResponse: 	at baseline.com.newsblur.service.NBSyncService.access$100(NBSyncService.java:67)
08-04 13:32:23.952 27683  4024 E baseline.com.newsblur.network.APIResponse: 	at baseline.com.newsblur.service.NBSyncService$1.run(NBSyncService.java:188)
08-04 13:32:23.952 27683  4024 E baseline.com.newsblur.network.APIResponse: 	at java.util.concurrent.ThreadPoolExecutor.runWorker(ThreadPoolExecutor.java:1113)
08-04 13:32:23.952 27683  4024 E baseline.com.newsblur.network.APIResponse: 	at java.util.concurrent.ThreadPoolExecutor$Worker.run(ThreadPoolExecutor.java:588)
08-04 13:32:23.952 27683  4024 E baseline.com.newsblur.network.APIResponse: 	at java.lang.Thread.run(Thread.java:818)
08-04 13:32:23.952 27683  4024 E baseline.com.newsblur.network.APIResponse: Caused by: java.io.EOFException: \n not found: limit=0 content=
08-04 13:32:23.952 27683  4024 E baseline.com.newsblur.network.APIResponse: 	at okio.RealBufferedSource.readUtf8LineStrict(RealBufferedSource.java:240)
08-04 13:32:23.952 27683  4024 E baseline.com.newsblur.network.APIResponse: 	at okhttp3.internal.http1.Http1ExchangeCodec.readHeaderLine(Http1ExchangeCodec.java:242)
08-04 13:32:23.952 27683  4024 E baseline.com.newsblur.network.APIResponse: 	at okhttp3.internal.http1.Http1ExchangeCodec.readResponseHeaders(Http1ExchangeCodec.java:213)
08-04 13:32:23.952 27683  4024 E baseline.com.newsblur.network.APIResponse: 	... 30 more
08-04 13:32:23.954 27683  4024 I baseline.com.newsblur.network.APIManager: API call failed, pausing before retry number 1
08-04 13:32:23.956 27683  3240 I art     : Starting a blocking GC Explicit
08-04 13:32:23.997 27683  3240 I art     : Explicit concurrent mark sweep GC freed 988(215KB) AllocSpace objects, 2(40KB) LOS objects, 28% free, 41MB/57MB, paused 1.116ms total 40.457ms
08-04 13:32:24.007 27683  3240 I art     : Starting a blocking GC Explicit
08-04 13:32:24.046 27683 27683 D baseline.com.newsblur.service.NBSyncService: rejecting request for feedset that is exhaused
08-04 13:32:24.051 27683  3240 I art     : Explicit concurrent mark sweep GC freed 790(69KB) AllocSpace objects, 2(40KB) LOS objects, 28% free, 41MB/57MB, paused 1.759ms total 43.458ms
08-04 13:32:24.063 27683  3240 I art     : Starting a blocking GC Explicit
08-04 13:32:24.096 13866 13866 I GoogleInputMethodServic: GoogleInputMethodService.onFinishInput():3138 
08-04 13:32:24.097 13866 13866 I GoogleInputMethodServic: GoogleInputMethodService.onStartInput():1808 
08-04 13:32:24.103 27683  3240 I art     : Explicit concurrent mark sweep GC freed 362(26KB) AllocSpace objects, 0(0B) LOS objects, 28% free, 41MB/57MB, paused 1.390ms total 40.139ms
08-04 13:32:24.116 27683  3240 I art     : Starting a blocking GC Explicit
08-04 13:32:24.156 27683  3240 I art     : Explicit concurrent mark sweep GC freed 474(39KB) AllocSpace objects, 1(28KB) LOS objects, 28% free, 41MB/57MB, paused 1.028ms total 40.336ms
08-04 13:32:24.253 30348 30348 I Atfwd_Sendcmd: AtCmdFwd service not ready - Exhausted retry attempts - :6
08-04 13:32:24.253 30348 30348 I Atfwd_Daemon: result : -1 	 ,Init step :2 	 ,qmiErrorCode: 0
08-04 13:32:24.477 27683 27696 I art     : Starting a blocking GC Explicit
08-04 13:32:24.530 27683 27696 I art     : Explicit concurrent mark sweep GC freed 2691(142KB) AllocSpace objects, 1(20KB) LOS objects, 28% free, 41MB/57MB, paused 1.517ms total 52.504ms
08-04 13:32:24.541 27683 27696 I art     : Starting a blocking GC Explicit
08-04 13:32:24.588 27683 27696 I art     : Explicit concurrent mark sweep GC freed 155(7KB) AllocSpace objects, 0(0B) LOS objects, 28% free, 41MB/57MB, paused 1.203ms total 46.327ms
08-04 13:32:24.600 27683 27696 I art     : Starting a blocking GC Explicit
08-04 13:32:24.647 27683 27696 I art     : Explicit concurrent mark sweep GC freed 11(352B) AllocSpace objects, 0(0B) LOS objects, 28% free, 41MB/57MB, paused 1.257ms total 46.781ms
08-04 13:32:24.647 27683 27695 I art     : WaitForGcToComplete blocked for 20.605ms for cause HeapTrim
08-04 13:32:24.659 27683 27696 I art     : Starting a blocking GC Explicit
08-04 13:32:24.706 27683 27696 I art     : Explicit concurrent mark sweep GC freed 9(288B) AllocSpace objects, 0(0B) LOS objects, 28% free, 41MB/57MB, paused 1.022ms total 46.712ms
08-04 13:32:24.720 27683 27696 I art     : Starting a blocking GC Explicit
08-04 13:32:24.771 27683 27696 I art     : Explicit concurrent mark sweep GC freed 11(352B) AllocSpace objects, 0(0B) LOS objects, 28% free, 41MB/57MB, paused 1.107ms total 51.232ms
08-04 13:32:25.130 27683 27697 I art     : Starting a blocking GC Explicit
08-04 13:32:25.182 27683 27697 I art     : Explicit concurrent mark sweep GC freed 1494(84KB) AllocSpace objects, 1(20KB) LOS objects, 28% free, 41MB/57MB, paused 1.384ms total 51.247ms
08-04 13:32:25.193 27683 27697 I art     : Starting a blocking GC Explicit
08-04 13:32:25.234 27683 27697 I art     : Explicit concurrent mark sweep GC freed 28(976B) AllocSpace objects, 0(0B) LOS objects, 28% free, 41MB/57MB, paused 1.058ms total 40.790ms
08-04 13:32:25.246 27683 27697 I art     : Starting a blocking GC Explicit
08-04 13:32:25.291 27683 27697 I art     : Explicit concurrent mark sweep GC freed 9(288B) AllocSpace objects, 0(0B) LOS objects, 28% free, 41MB/57MB, paused 1.175ms total 44.748ms
08-04 13:32:25.303 27683 27697 I art     : Starting a blocking GC Explicit
08-04 13:32:25.348 27683 27697 I art     : Explicit concurrent mark sweep GC freed 11(352B) AllocSpace objects, 0(0B) LOS objects, 28% free, 41MB/57MB, paused 1.498ms total 45.122ms
08-04 13:32:25.359 27683 27697 I art     : Starting a blocking GC Explicit
08-04 13:32:25.404 27683 27697 I art     : Explicit concurrent mark sweep GC freed 9(288B) AllocSpace objects, 0(0B) LOS objects, 28% free, 41MB/57MB, paused 1.133ms total 44.823ms
08-04 13:32:25.563  5087  5087 D AndroidRuntime: >>>>>> START com.android.internal.os.RuntimeInit uid 2000 <<<<<<
08-04 13:32:25.568  5087  5087 D AndroidRuntime: CheckJNI is OFF
08-04 13:32:25.600  5087  5087 D ICU     : No timezone override file found: /data/misc/zoneinfo/current/icu/icu_tzdata.dat
08-04 13:32:25.633  5087  5087 I Radio-JNI: register_android_hardware_Radio DONE
08-04 13:32:25.654  5087  5087 D AndroidRuntime: Calling main entry com.android.commands.input.Input
08-04 13:32:25.655  5087  5087 I Input   : injectMotionEvent: MotionEvent { action=ACTION_DOWN, actionButton=0, id[0]=0, x[0]=435.0, y[0]=858.0, toolType[0]=TOOL_TYPE_UNKNOWN, buttonState=0, metaState=0, flags=0x0, edgeFlags=0x0, pointerCount=1, historySize=0, eventTime=711162068, downTime=711162068, deviceId=0, source=0x1002 }
08-04 13:32:25.660  5087  5087 I Input   : injectMotionEvent: MotionEvent { action=ACTION_UP, actionButton=0, id[0]=0, x[0]=435.0, y[0]=858.0, toolType[0]=TOOL_TYPE_UNKNOWN, buttonState=0, metaState=0, flags=0x0, edgeFlags=0x0, pointerCount=1, historySize=0, eventTime=711162068, downTime=711162068, deviceId=0, source=0x1002 }
08-04 13:32:25.662  5087  5087 D AndroidRuntime: Shutting down VM
08-04 13:32:25.674   512  2967 D audio_hw_primary: out_set_parameters: enter: usecase(1: low-latency-playback) kvpairs: routing=2
08-04 13:32:25.678   918  3670 I ActivityManager: START u0 {cmp=baseline.com.newsblur/.activity.AllSharedStoriesReading (has extras)} from uid 10652 on display 0
08-04 13:32:25.687   512  2967 D audio_hw_primary: select_devices: out_snd_device(2: speaker) in_snd_device(0: none)
08-04 13:32:25.687   512  2967 D msm8974_platform: platform_send_audio_calibration: sending audio calibration for snd_device(2) acdb_id(15)
08-04 13:32:25.687   512  2967 I soundtrigger: audio_extn_sound_trigger_update_device_status: device 0x2 of type 0 for Event 1
08-04 13:32:25.700   512  2967 D audio_hw_primary: enable_snd_device: snd_device(2: speaker)
08-04 13:32:25.702   512  2967 D audio_hw_primary: enable_audio_route: apply and update mixer path: low-latency-playback speaker
08-04 13:32:25.765 27683 27696 I art     : Starting a blocking GC Explicit
08-04 13:32:25.812 27683 27696 I art     : Explicit concurrent mark sweep GC freed 3109(238KB) AllocSpace objects, 5(528KB) LOS objects, 28% free, 41MB/57MB, paused 1.241ms total 46.090ms
08-04 13:32:25.824 27683 27696 I art     : Starting a blocking GC Explicit
08-04 13:32:25.865 27683 27696 I art     : Explicit concurrent mark sweep GC freed 518(48KB) AllocSpace objects, 1(20KB) LOS objects, 27% free, 41MB/57MB, paused 1.398ms total 40.639ms
08-04 13:32:25.881 27683 27696 I art     : Starting a blocking GC Explicit
08-04 13:32:25.896   918   936 I ActivityManager: Displayed baseline.com.newsblur/.activity.AllSharedStoriesReading: +208ms
08-04 13:32:25.896 13866 13866 I GoogleInputMethodServic: GoogleInputMethodService.onFinishInput():3138 
08-04 13:32:25.897 13866 13866 I GoogleInputMethodServic: GoogleInputMethodService.onStartInput():1808 
08-04 13:32:25.923 27683 27696 I art     : Explicit concurrent mark sweep GC freed 974(71KB) AllocSpace objects, 2(40KB) LOS objects, 27% free, 41MB/57MB, paused 1.800ms total 41.379ms
08-04 13:32:25.934 27683 27696 I art     : Starting a blocking GC Explicit
08-04 13:32:25.981 27683 27696 I art     : Explicit concurrent mark sweep GC freed 3555(189KB) AllocSpace objects, 2(40KB) LOS objects, 27% free, 41MB/57MB, paused 1.940ms total 46.861ms
08-04 13:32:25.993 27683 27696 I art     : Starting a blocking GC Explicit
08-04 13:32:26.003 27683  4024 E baseline.com.newsblur.network.APIResponse: Error (unexpected end of stream on https://www.newsblur.com/...) calling https://www.newsblur.com/reader/mark_story_hashes_as_read/
08-04 13:32:26.003 27683  4024 E baseline.com.newsblur.network.APIResponse: java.io.IOException: unexpected end of stream on https://www.newsblur.com/...
08-04 13:32:26.003 27683  4024 E baseline.com.newsblur.network.APIResponse: 	at okhttp3.internal.http1.Http1ExchangeCodec.readResponseHeaders(Http1ExchangeCodec.java:236)
08-04 13:32:26.003 27683  4024 E baseline.com.newsblur.network.APIResponse: 	at okhttp3.internal.connection.Exchange.readResponseHeaders(Exchange.java:115)
08-04 13:32:26.003 27683  4024 E baseline.com.newsblur.network.APIResponse: 	at okhttp3.internal.http.CallServerInterceptor.intercept(CallServerInterceptor.java:94)
08-04 13:32:26.003 27683  4024 E baseline.com.newsblur.network.APIResponse: 	at okhttp3.internal.http.RealInterceptorChain.proceed(RealInterceptorChain.java:142)
08-04 13:32:26.003 27683  4024 E baseline.com.newsblur.network.APIResponse: 	at okhttp3.internal.connection.ConnectInterceptor.intercept(ConnectInterceptor.java:43)
08-04 13:32:26.003 27683  4024 E baseline.com.newsblur.network.APIResponse: 	at okhttp3.internal.http.RealInterceptorChain.proceed(RealInterceptorChain.java:142)
08-04 13:32:26.003 27683  4024 E baseline.com.newsblur.network.APIResponse: 	at okhttp3.internal.http.RealInterceptorChain.proceed(RealInterceptorChain.java:117)
08-04 13:32:26.003 27683  4024 E baseline.com.newsblur.network.APIResponse: 	at okhttp3.internal.cache.CacheInterceptor.intercept(CacheInterceptor.java:94)
08-04 13:32:26.003 27683  4024 E baseline.com.newsblur.network.APIResponse: 	at okhttp3.internal.http.RealInterceptorChain.proceed(RealInterceptorChain.java:142)
08-04 13:32:26.003 27683  4024 E baseline.com.newsblur.network.APIResponse: 	at okhttp3.internal.http.RealInterceptorChain.proceed(RealInterceptorChain.java:117)
08-04 13:32:26.003 27683  4024 E baseline.com.newsblur.network.APIResponse: 	at okhttp3.internal.http.BridgeInterceptor.intercept(BridgeInterceptor.java:93)
08-04 13:32:26.003 27683  4024 E baseline.com.newsblur.network.APIResponse: 	at okhttp3.internal.http.RealInterceptorChain.proceed(RealInterceptorChain.java:142)
08-04 13:32:26.003 27683  4024 E baseline.com.newsblur.network.APIResponse: 	at okhttp3.internal.http.RetryAndFollowUpInterceptor.intercept(RetryAndFollowUpInterceptor.java:88)
08-04 13:32:26.003 27683  4024 E baseline.com.newsblur.network.APIResponse: 	at okhttp3.internal.http.RealInterceptorChain.proceed(RealInterceptorChain.java:142)
08-04 13:32:26.003 27683  4024 E baseline.com.newsblur.network.APIResponse: 	at okhttp3.internal.http.RealInterceptorChain.proceed(RealInterceptorChain.java:117)
08-04 13:32:26.003 27683  4024 E baseline.com.newsblur.network.APIResponse: 	at okhttp3.RealCall.getResponseWithInterceptorChain(RealCall.java:229)
08-04 13:32:26.003 27683  4024 E baseline.com.newsblur.network.APIResponse: 	at okhttp3.RealCall.execute(RealCall.java:81)
08-04 13:32:26.003 27683  4024 E baseline.com.newsblur.network.APIResponse: 	at baseline.com.newsblur.network.APIResponse.<init>(APIResponse.java:57)
08-04 13:32:26.003 27683  4024 E baseline.com.newsblur.network.APIResponse: 	at baseline.com.newsblur.network.APIResponse.<init>(APIResponse.java:43)
08-04 13:32:26.003 27683  4024 E baseline.com.newsblur.network.APIResponse: 	at baseline.com.newsblur.network.APIManager.post_single(APIManager.java:702)
08-04 13:32:26.003 27683  4024 E baseline.com.newsblur.network.APIResponse: 	at baseline.com.newsblur.network.APIManager.post(APIManager.java:675)
08-04 13:32:26.003 27683  4024 E baseline.com.newsblur.network.APIResponse: 	at baseline.com.newsblur.network.APIManager.post(APIManager.java:714)
08-04 13:32:26.003 27683  4024 E baseline.com.newsblur.network.APIResponse: 	at baseline.com.newsblur.network.APIManager.markStoryAsRead(APIManager.java:205)
08-04 13:32:26.003 27683  4024 E baseline.com.newsblur.network.APIResponse: 	at baseline.com.newsblur.util.ReadingAction.doRemote(ReadingAction.java:281)
08-04 13:32:26.003 27683  4024 E baseline.com.newsblur.network.APIResponse: 	at baseline.com.newsblur.service.NBSyncService.syncActions(NBSyncService.java:400)
08-04 13:32:26.003 27683  4024 E baseline.com.newsblur.network.APIResponse: 	at baseline.com.newsblur.service.NBSyncService.doSync(NBSyncService.java:298)
08-04 13:32:26.003 27683  4024 E baseline.com.newsblur.network.APIResponse: 	at baseline.com.newsblur.service.NBSyncService.access$100(NBSyncService.java:67)
08-04 13:32:26.003 27683  4024 E baseline.com.newsblur.network.APIResponse: 	at baseline.com.newsblur.service.NBSyncService$1.run(NBSyncService.java:188)
08-04 13:32:26.003 27683  4024 E baseline.com.newsblur.network.APIResponse: 	at java.util.concurrent.ThreadPoolExecutor.runWorker(ThreadPoolExecutor.java:1113)
08-04 13:32:26.003 27683  4024 E baseline.com.newsblur.network.APIResponse: 	at java.util.concurrent.ThreadPoolExecutor$Worker.run(ThreadPoolExecutor.java:588)
08-04 13:32:26.003 27683  4024 E baseline.com.newsblur.network.APIResponse: 	at java.lang.Thread.run(Thread.java:818)
08-04 13:32:26.003 27683  4024 E baseline.com.newsblur.network.APIResponse: Caused by: java.io.EOFException: \n not found: limit=0 content=
08-04 13:32:26.003 27683  4024 E baseline.com.newsblur.network.APIResponse: 	at okio.RealBufferedSource.readUtf8LineStrict(RealBufferedSource.java:240)
08-04 13:32:26.003 27683  4024 E baseline.com.newsblur.network.APIResponse: 	at okhttp3.internal.http1.Http1ExchangeCodec.readHeaderLine(Http1ExchangeCodec.java:242)
08-04 13:32:26.003 27683  4024 E baseline.com.newsblur.network.APIResponse: 	at okhttp3.internal.http1.Http1ExchangeCodec.readResponseHeaders(Http1ExchangeCodec.java:213)
08-04 13:32:26.003 27683  4024 E baseline.com.newsblur.network.APIResponse: 	... 30 more
08-04 13:32:26.004 27683  4024 I baseline.com.newsblur.network.APIManager: API call failed, pausing before retry number 2
08-04 13:32:26.038 27683 27696 I art     : Explicit concurrent mark sweep GC freed 1914(283KB) AllocSpace objects, 11(256KB) LOS objects, 27% free, 41MB/57MB, paused 1.341ms total 45.380ms
08-04 13:32:26.140 27683  3627 E chromium: [ERROR:tile_manager.cc(793)] WARNING: tile memory limits exceeded, some content may not draw
08-04 13:32:26.140 27683  3627 E chromium: [ERROR:tile_manager.cc(793)] WARNING: tile memory limits exceeded, some content may not draw
08-04 13:32:26.239   512  2967 D audio_hw_primary: disable_audio_route: reset and update mixer path: low-latency-playback speaker
08-04 13:32:26.240   512  2967 D audio_hw_primary: disable_snd_device: snd_device(2: speaker)
08-04 13:32:26.247   512  2967 I soundtrigger: audio_extn_sound_trigger_update_device_status: device 0x2 of type 0 for Event 0
08-04 13:32:26.354 27683  3242 I art     : Starting a blocking GC Explicit
08-04 13:32:26.403 27683  3242 I art     : Explicit concurrent mark sweep GC freed 2525(216KB) AllocSpace objects, 3(68KB) LOS objects, 27% free, 41MB/57MB, paused 1.162ms total 48.497ms
08-04 13:32:26.415 27683  3242 I art     : Starting a blocking GC Explicit
08-04 13:32:26.462 27683  3242 I art     : Explicit concurrent mark sweep GC freed 123(5KB) AllocSpace objects, 0(0B) LOS objects, 27% free, 41MB/57MB, paused 1.165ms total 46.711ms
08-04 13:32:26.473 27683  3242 I art     : Starting a blocking GC Explicit
08-04 13:32:26.522 27683  3242 I art     : Explicit concurrent mark sweep GC freed 3(96B) AllocSpace objects, 0(0B) LOS objects, 27% free, 41MB/57MB, paused 1.177ms total 49.108ms
08-04 13:32:26.534 27683  3242 I art     : Starting a blocking GC Explicit
08-04 13:32:26.580 27683  3242 I art     : Explicit concurrent mark sweep GC freed 3(96B) AllocSpace objects, 0(0B) LOS objects, 27% free, 41MB/57MB, paused 1.146ms total 45.562ms
08-04 13:32:26.592 27683  3242 I art     : Starting a blocking GC Explicit
08-04 13:32:26.641 27683  3242 I art     : Explicit concurrent mark sweep GC freed 3(96B) AllocSpace objects, 0(0B) LOS objects, 27% free, 41MB/57MB, paused 1.241ms total 49.223ms
08-04 13:32:26.842   518   646 I ThermalEngine: ACTION: GPU - Setting GPU[0] to 450000000
08-04 13:32:27.022 27683  3240 I art     : Starting a blocking GC Explicit
08-04 13:32:27.083 27683  3240 I art     : Explicit concurrent mark sweep GC freed 1446(83KB) AllocSpace objects, 1(20KB) LOS objects, 27% free, 41MB/57MB, paused 1.549ms total 60.515ms
08-04 13:32:27.100 27683  3240 I art     : Starting a blocking GC Explicit
08-04 13:32:27.157 27683  3240 I art     : Explicit concurrent mark sweep GC freed 22(784B) AllocSpace objects, 0(0B) LOS objects, 27% free, 41MB/57MB, paused 1.522ms total 56.468ms
08-04 13:32:27.171 27683  3240 I art     : Starting a blocking GC Explicit
08-04 13:32:27.195 27683  3627 E chromium: [ERROR:tile_manager.cc(793)] WARNING: tile memory limits exceeded, some content may not draw
08-04 13:32:27.195 27683  3627 E chromium: [ERROR:tile_manager.cc(793)] WARNING: tile memory limits exceeded, some content may not draw
08-04 13:32:27.210 27683  3627 E chromium: [ERROR:tile_manager.cc(793)] WARNING: tile memory limits exceeded, some content may not draw
08-04 13:32:27.211 27683  3627 E chromium: [ERROR:tile_manager.cc(793)] WARNING: tile memory limits exceeded, some content may not draw
08-04 13:32:27.229 27683  3240 I art     : Explicit concurrent mark sweep GC freed 41(1312B) AllocSpace objects, 0(0B) LOS objects, 27% free, 41MB/57MB, paused 3.104ms total 57.559ms
08-04 13:32:27.230 27683  3627 E chromium: [ERROR:tile_manager.cc(793)] WARNING: tile memory limits exceeded, some content may not draw
08-04 13:32:27.230 27683  3627 E chromium: [ERROR:tile_manager.cc(793)] WARNING: tile memory limits exceeded, some content may not draw
08-04 13:32:27.244 27683  3240 I art     : Starting a blocking GC Explicit
08-04 13:32:27.300 27683  3240 I art     : Explicit concurrent mark sweep GC freed 33(1056B) AllocSpace objects, 0(0B) LOS objects, 27% free, 41MB/57MB, paused 1.400ms total 55.344ms
08-04 13:32:27.314 27683  3240 I art     : Starting a blocking GC Explicit
08-04 13:32:27.373 27683  3240 I art     : Explicit concurrent mark sweep GC freed 27(864B) AllocSpace objects, 0(0B) LOS objects, 27% free, 41MB/57MB, paused 1.630ms total 57.958ms
08-04 13:32:27.759 27683 27696 I art     : Starting a blocking GC Explicit
08-04 13:32:27.826 27683 27696 I art     : Explicit concurrent mark sweep GC freed 1471(84KB) AllocSpace objects, 1(20KB) LOS objects, 27% free, 41MB/57MB, paused 1.594ms total 66.564ms
08-04 13:32:27.844 27683 27696 I art     : Starting a blocking GC Explicit
08-04 13:32:27.906 27683 27696 I art     : Explicit concurrent mark sweep GC freed 22(784B) AllocSpace objects, 0(0B) LOS objects, 27% free, 41MB/57MB, paused 1.396ms total 61.582ms
08-04 13:32:27.920 27683 27696 I art     : Starting a blocking GC Explicit
08-04 13:32:27.981 27683 27696 I art     : Explicit concurrent mark sweep GC freed 3(96B) AllocSpace objects, 0(0B) LOS objects, 27% free, 41MB/57MB, paused 1.430ms total 60.927ms
08-04 13:32:27.996 27683 27696 I art     : Starting a blocking GC Explicit
08-04 13:32:28.060 27683 27696 I art     : Explicit concurrent mark sweep GC freed 3(96B) AllocSpace objects, 0(0B) LOS objects, 27% free, 41MB/57MB, paused 1.493ms total 62.931ms
08-04 13:32:28.077 27683 27696 I art     : Starting a blocking GC Explicit
08-04 13:32:28.140 27683 27696 I art     : Explicit concurrent mark sweep GC freed 3(96B) AllocSpace objects, 0(0B) LOS objects, 27% free, 41MB/57MB, paused 1.572ms total 62.815ms
08-04 13:32:28.538 27683  3240 I art     : Starting a blocking GC Explicit
08-04 13:32:28.601 27683  3240 I art     : Explicit concurrent mark sweep GC freed 1446(83KB) AllocSpace objects, 1(20KB) LOS objects, 27% free, 41MB/57MB, paused 1.636ms total 62.703ms
08-04 13:32:28.616 27683  3240 I art     : Starting a blocking GC Explicit
08-04 13:32:28.682 27683  3240 I art     : Explicit concurrent mark sweep GC freed 22(784B) AllocSpace objects, 0(0B) LOS objects, 27% free, 41MB/57MB, paused 1.627ms total 64.992ms
08-04 13:32:28.700 27683  3240 I art     : Starting a blocking GC Explicit
08-04 13:32:28.760 27683  3240 I art     : Explicit concurrent mark sweep GC freed 3(96B) AllocSpace objects, 0(0B) LOS objects, 27% free, 41MB/57MB, paused 1.528ms total 60.244ms
08-04 13:32:28.775 27683  3240 I art     : Starting a blocking GC Explicit
08-04 13:32:28.838 27683  3240 I art     : Explicit concurrent mark sweep GC freed 3(96B) AllocSpace objects, 0(0B) LOS objects, 27% free, 41MB/57MB, paused 1.517ms total 62.362ms
08-04 13:32:28.852 27683  3240 I art     : Starting a blocking GC Explicit
08-04 13:32:28.913 27683  3240 I art     : Explicit concurrent mark sweep GC freed 3(96B) AllocSpace objects, 0(0B) LOS objects, 27% free, 41MB/57MB, paused 1.590ms total 60.549ms
08-04 13:32:29.107 13866 13882 I PeriodicStatsRunner: PeriodicStatsRunner.call():175 call()
08-04 13:32:29.107 13866 13882 I PeriodicStatsRunner: PeriodicStatsRunner.call():179 No submit PeriodicStats since input started.
08-04 13:32:29.326 27683  3242 I art     : Starting a blocking GC Explicit
08-04 13:32:29.391 27683  3242 I art     : Explicit concurrent mark sweep GC freed 1610(91KB) AllocSpace objects, 1(20KB) LOS objects, 27% free, 41MB/57MB, paused 1.698ms total 64.290ms
08-04 13:32:29.406 27683  3242 I art     : Starting a blocking GC Explicit
08-04 13:32:29.470 27683  3242 I art     : Explicit concurrent mark sweep GC freed 1622(63KB) AllocSpace objects, 0(0B) LOS objects, 27% free, 41MB/57MB, paused 1.749ms total 63.944ms
08-04 13:32:29.485 27683  3242 I art     : Starting a blocking GC Explicit
08-04 13:32:29.508 27683  4024 E baseline.com.newsblur.network.APIResponse: Error (unexpected end of stream on https://www.newsblur.com/...) calling https://www.newsblur.com/reader/mark_story_hashes_as_read/
08-04 13:32:29.508 27683  4024 E baseline.com.newsblur.network.APIResponse: java.io.IOException: unexpected end of stream on https://www.newsblur.com/...
08-04 13:32:29.508 27683  4024 E baseline.com.newsblur.network.APIResponse: 	at okhttp3.internal.http1.Http1ExchangeCodec.readResponseHeaders(Http1ExchangeCodec.java:236)
08-04 13:32:29.508 27683  4024 E baseline.com.newsblur.network.APIResponse: 	at okhttp3.internal.connection.Exchange.readResponseHeaders(Exchange.java:115)
08-04 13:32:29.508 27683  4024 E baseline.com.newsblur.network.APIResponse: 	at okhttp3.internal.http.CallServerInterceptor.intercept(CallServerInterceptor.java:94)
08-04 13:32:29.508 27683  4024 E baseline.com.newsblur.network.APIResponse: 	at okhttp3.internal.http.RealInterceptorChain.proceed(RealInterceptorChain.java:142)
08-04 13:32:29.508 27683  4024 E baseline.com.newsblur.network.APIResponse: 	at okhttp3.internal.connection.ConnectInterceptor.intercept(ConnectInterceptor.java:43)
08-04 13:32:29.508 27683  4024 E baseline.com.newsblur.network.APIResponse: 	at okhttp3.internal.http.RealInterceptorChain.proceed(RealInterceptorChain.java:142)
08-04 13:32:29.508 27683  4024 E baseline.com.newsblur.network.APIResponse: 	at okhttp3.internal.http.RealInterceptorChain.proceed(RealInterceptorChain.java:117)
08-04 13:32:29.508 27683  4024 E baseline.com.newsblur.network.APIResponse: 	at okhttp3.internal.cache.CacheInterceptor.intercept(CacheInterceptor.java:94)
08-04 13:32:29.508 27683  4024 E baseline.com.newsblur.network.APIResponse: 	at okhttp3.internal.http.RealInterceptorChain.proceed(RealInterceptorChain.java:142)
08-04 13:32:29.508 27683  4024 E baseline.com.newsblur.network.APIResponse: 	at okhttp3.internal.http.RealInterceptorChain.proceed(RealInterceptorChain.java:117)
08-04 13:32:29.508 27683  4024 E baseline.com.newsblur.network.APIResponse: 	at okhttp3.internal.http.BridgeInterceptor.intercept(BridgeInterceptor.java:93)
08-04 13:32:29.508 27683  4024 E baseline.com.newsblur.network.APIResponse: 	at okhttp3.internal.http.RealInterceptorChain.proceed(RealInterceptorChain.java:142)
08-04 13:32:29.508 27683  4024 E baseline.com.newsblur.network.APIResponse: 	at okhttp3.internal.http.RetryAndFollowUpInterceptor.intercept(RetryAndFollowUpInterceptor.java:88)
08-04 13:32:29.508 27683  4024 E baseline.com.newsblur.network.APIResponse: 	at okhttp3.internal.http.RealInterceptorChain.proceed(RealInterceptorChain.java:142)
08-04 13:32:29.508 27683  4024 E baseline.com.newsblur.network.APIResponse: 	at okhttp3.internal.http.RealInterceptorChain.proceed(RealInterceptorChain.java:117)
08-04 13:32:29.508 27683  4024 E baseline.com.newsblur.network.APIResponse: 	at okhttp3.RealCall.getResponseWithInterceptorChain(RealCall.java:229)
08-04 13:32:29.508 27683  4024 E baseline.com.newsblur.network.APIResponse: 	at okhttp3.RealCall.execute(RealCall.java:81)
08-04 13:32:29.508 27683  4024 E baseline.com.newsblur.network.APIResponse: 	at baseline.com.newsblur.network.APIResponse.<init>(APIResponse.java:57)
08-04 13:32:29.508 27683  4024 E baseline.com.newsblur.network.APIResponse: 	at baseline.com.newsblur.network.APIResponse.<init>(APIResponse.java:43)
08-04 13:32:29.508 27683  4024 E baseline.com.newsblur.network.APIResponse: 	at baseline.com.newsblur.network.APIManager.post_single(APIManager.java:702)
08-04 13:32:29.508 27683  4024 E baseline.com.newsblur.network.APIResponse: 	at baseline.com.newsblur.network.APIManager.post(APIManager.java:675)
08-04 13:32:29.508 27683  4024 E baseline.com.newsblur.network.APIResponse: 	at baseline.com.newsblur.network.APIManager.post(APIManager.java:714)
08-04 13:32:29.508 27683  4024 E baseline.com.newsblur.network.APIResponse: 	at baseline.com.newsblur.network.APIManager.markStoryAsRead(APIManager.java:205)
08-04 13:32:29.508 27683  4024 E baseline.com.newsblur.network.APIResponse: 	at baseline.com.newsblur.util.ReadingAction.doRemote(ReadingAction.java:281)
08-04 13:32:29.508 27683  4024 E baseline.com.newsblur.network.APIResponse: 	at baseline.com.newsblur.service.NBSyncService.syncActions(NBSyncService.java:400)
08-04 13:32:29.508 27683  4024 E baseline.com.newsblur.network.APIResponse: 	at baseline.com.newsblur.service.NBSyncService.doSync(NBSyncService.java:298)
08-04 13:32:29.508 27683  4024 E baseline.com.newsblur.network.APIResponse: 	at baseline.com.newsblur.service.NBSyncService.access$100(NBSyncService.java:67)
08-04 13:32:29.508 27683  4024 E baseline.com.newsblur.network.APIResponse: 	at baseline.com.newsblur.service.NBSyncService$1.run(NBSyncService.java:188)
08-04 13:32:29.508 27683  4024 E baseline.com.newsblur.network.APIResponse: 	at java.util.concurrent.ThreadPoolExecutor.runWorker(ThreadPoolExecutor.java:1113)
08-04 13:32:29.508 27683  4024 E baseline.com.newsblur.network.APIResponse: 	at java.util.concurrent.ThreadPoolExecutor$Worker.run(ThreadPoolExecutor.java:588)
08-04 13:32:29.508 27683  4024 E baseline.com.newsblur.network.APIResponse: 	at java.lang.Thread.run(Thread.java:818)
08-04 13:32:29.508 27683  4024 E baseline.com.newsblur.network.APIResponse: Caused by: java.io.EOFException: \n not found: limit=0 content=
08-04 13:32:29.508 27683  4024 E baseline.com.newsblur.network.APIResponse: 	at okio.RealBufferedSource.readUtf8LineStrict(RealBufferedSource.java:240)
08-04 13:32:29.508 27683  4024 E baseline.com.newsblur.network.APIResponse: 	at okhttp3.internal.http1.Http1ExchangeCodec.readHeaderLine(Http1ExchangeCodec.java:242)
08-04 13:32:29.508 27683  4024 E baseline.com.newsblur.network.APIResponse: 	at okhttp3.internal.http1.Http1ExchangeCodec.readResponseHeaders(Http1ExchangeCodec.java:213)
08-04 13:32:29.508 27683  4024 E baseline.com.newsblur.network.APIResponse: 	... 30 more
08-04 13:32:29.510 27683  4024 I baseline.com.newsblur.service.NBSyncService: Holding reading action with server-side or network error.
08-04 13:32:29.519 27683  4024 W baseline.com.newsblur.service.NBSyncService: hard API failure
08-04 13:32:29.546 27683  3242 I art     : Explicit concurrent mark sweep GC freed 1461(291KB) AllocSpace objects, 7(140KB) LOS objects, 27% free, 41MB/57MB, paused 1.653ms total 61.032ms
08-04 13:32:29.562 27683  3242 I art     : Starting a blocking GC Explicit
08-04 13:32:29.625 27683  3242 I art     : Explicit concurrent mark sweep GC freed 266(23KB) AllocSpace objects, 0(0B) LOS objects, 27% free, 41MB/57MB, paused 1.656ms total 62.939ms
08-04 13:32:29.640 27683  3242 I art     : Starting a blocking GC Explicit
08-04 13:32:29.707 27683  3242 I art     : Explicit concurrent mark sweep GC freed 45(1552B) AllocSpace objects, 0(0B) LOS objects, 27% free, 41MB/57MB, paused 1.568ms total 66.595ms
08-04 13:32:29.847   518   646 I ThermalEngine: ACTION: GPU - Setting GPU[0] to 510000000
08-04 13:32:29.901 27683  4024 E baseline.com.newsblur.network.APIResponse: Error (unexpected end of stream on https://www.newsblur.com/...) calling https://www.newsblur.com/reader/mark_story_hashes_as_read/
08-04 13:32:29.901 27683  4024 E baseline.com.newsblur.network.APIResponse: java.io.IOException: unexpected end of stream on https://www.newsblur.com/...
08-04 13:32:29.901 27683  4024 E baseline.com.newsblur.network.APIResponse: 	at okhttp3.internal.http1.Http1ExchangeCodec.readResponseHeaders(Http1ExchangeCodec.java:236)
08-04 13:32:29.901 27683  4024 E baseline.com.newsblur.network.APIResponse: 	at okhttp3.internal.connection.Exchange.readResponseHeaders(Exchange.java:115)
08-04 13:32:29.901 27683  4024 E baseline.com.newsblur.network.APIResponse: 	at okhttp3.internal.http.CallServerInterceptor.intercept(CallServerInterceptor.java:94)
08-04 13:32:29.901 27683  4024 E baseline.com.newsblur.network.APIResponse: 	at okhttp3.internal.http.RealInterceptorChain.proceed(RealInterceptorChain.java:142)
08-04 13:32:29.901 27683  4024 E baseline.com.newsblur.network.APIResponse: 	at okhttp3.internal.connection.ConnectInterceptor.intercept(ConnectInterceptor.java:43)
08-04 13:32:29.901 27683  4024 E baseline.com.newsblur.network.APIResponse: 	at okhttp3.internal.http.RealInterceptorChain.proceed(RealInterceptorChain.java:142)
08-04 13:32:29.901 27683  4024 E baseline.com.newsblur.network.APIResponse: 	at okhttp3.internal.http.RealInterceptorChain.proceed(RealInterceptorChain.java:117)
08-04 13:32:29.901 27683  4024 E baseline.com.newsblur.network.APIResponse: 	at okhttp3.internal.cache.CacheInterceptor.intercept(CacheInterceptor.java:94)
08-04 13:32:29.901 27683  4024 E baseline.com.newsblur.network.APIResponse: 	at okhttp3.internal.http.RealInterceptorChain.proceed(RealInterceptorChain.java:142)
08-04 13:32:29.901 27683  4024 E baseline.com.newsblur.network.APIResponse: 	at okhttp3.internal.http.RealInterceptorChain.proceed(RealInterceptorChain.java:117)
08-04 13:32:29.901 27683  4024 E baseline.com.newsblur.network.APIResponse: 	at okhttp3.internal.http.BridgeInterceptor.intercept(BridgeInterceptor.java:93)
08-04 13:32:29.901 27683  4024 E baseline.com.newsblur.network.APIResponse: 	at okhttp3.internal.http.RealInterceptorChain.proceed(RealInterceptorChain.java:142)
08-04 13:32:29.901 27683  4024 E baseline.com.newsblur.network.APIResponse: 	at okhttp3.internal.http.RetryAndFollowUpInterceptor.intercept(RetryAndFollowUpInterceptor.java:88)
08-04 13:32:29.901 27683  4024 E baseline.com.newsblur.network.APIResponse: 	at okhttp3.internal.http.RealInterceptorChain.proceed(RealInterceptorChain.java:142)
08-04 13:32:29.901 27683  4024 E baseline.com.newsblur.network.APIResponse: 	at okhttp3.internal.http.RealInterceptorChain.proceed(RealInterceptorChain.java:117)
08-04 13:32:29.901 27683  4024 E baseline.com.newsblur.network.APIResponse: 	at okhttp3.RealCall.getResponseWithInterceptorChain(RealCall.java:229)
08-04 13:32:29.901 27683  4024 E baseline.com.newsblur.network.APIResponse: 	at okhttp3.RealCall.execute(RealCall.java:81)
08-04 13:32:29.901 27683  4024 E baseline.com.newsblur.network.APIResponse: 	at baseline.com.newsblur.network.APIResponse.<init>(APIResponse.java:57)
08-04 13:32:29.901 27683  4024 E baseline.com.newsblur.network.APIResponse: 	at baseline.com.newsblur.network.APIResponse.<init>(APIResponse.java:43)
08-04 13:32:29.901 27683  4024 E baseline.com.newsblur.network.APIResponse: 	at baseline.com.newsblur.network.APIManager.post_single(APIManager.java:702)
08-04 13:32:29.901 27683  4024 E baseline.com.newsblur.network.APIResponse: 	at baseline.com.newsblur.network.APIManager.post(APIManager.java:675)
08-04 13:32:29.901 27683  4024 E baseline.com.newsblur.network.APIResponse: 	at baseline.com.newsblur.network.APIManager.post(APIManager.java:714)
08-04 13:32:29.901 27683  4024 E baseline.com.newsblur.network.APIResponse: 	at baseline.com.newsblur.network.APIManager.markStoryAsRead(APIManager.java:205)
08-04 13:32:29.901 27683  4024 E baseline.com.newsblur.network.APIResponse: 	at baseline.com.newsblur.util.ReadingAction.doRemote(ReadingAction.java:281)
08-04 13:32:29.901 27683  4024 E baseline.com.newsblur.network.APIResponse: 	at baseline.com.newsblur.service.NBSyncService.syncActions(NBSyncService.java:400)
08-04 13:32:29.901 27683  4024 E baseline.com.newsblur.network.APIResponse: 	at baseline.com.newsblur.service.NBSyncService.doSync(NBSyncService.java:298)
08-04 13:32:29.901 27683  4024 E baseline.com.newsblur.network.APIResponse: 	at baseline.com.newsblur.service.NBSyncService.access$100(NBSyncService.java:67)
08-04 13:32:29.901 27683  4024 E baseline.com.newsblur.network.APIResponse: 	at baseline.com.newsblur.service.NBSyncService$1.run(NBSyncService.java:188)
08-04 13:32:29.901 27683  4024 E baseline.com.newsblur.network.APIResponse: 	at java.util.concurrent.ThreadPoolExecutor.runWorker(ThreadPoolExecutor.java:1113)
08-04 13:32:29.901 27683  4024 E baseline.com.newsblur.network.APIResponse: 	at java.util.concurrent.ThreadPoolExecutor$Worker.run(ThreadPoolExecutor.java:588)
08-04 13:32:29.901 27683  4024 E baseline.com.newsblur.network.APIResponse: 	at java.lang.Thread.run(Thread.java:818)
08-04 13:32:29.901 27683  4024 E baseline.com.newsblur.network.APIResponse: Caused by: java.io.EOFException: \n not found: limit=0 content=
08-04 13:32:29.901 27683  4024 E baseline.com.newsblur.network.APIResponse: 	at okio.RealBufferedSource.readUtf8LineStrict(RealBufferedSource.java:240)
08-04 13:32:29.901 27683  4024 E baseline.com.newsblur.network.APIResponse: 	at okhttp3.internal.http1.Http1ExchangeCodec.readHeaderLine(Http1ExchangeCodec.java:242)
08-04 13:32:29.901 27683  4024 E baseline.com.newsblur.network.APIResponse: 	at okhttp3.internal.http1.Http1ExchangeCodec.readResponseHeaders(Http1ExchangeCodec.java:213)
08-04 13:32:29.901 27683  4024 E baseline.com.newsblur.network.APIResponse: 	... 30 more
08-04 13:32:29.902 27683  4024 I baseline.com.newsblur.network.APIManager: API call failed, pausing before retry number 1
08-04 13:32:30.040 27683 27697 I art     : Starting a blocking GC Explicit
08-04 13:32:30.090 27683 27697 I art     : Explicit concurrent mark sweep GC freed 3957(357KB) AllocSpace objects, 3(60KB) LOS objects, 27% free, 41MB/57MB, paused 1.198ms total 49.191ms
08-04 13:32:30.102 27683 27697 I art     : Starting a blocking GC Explicit
08-04 13:32:30.148 27683 27697 I art     : Explicit concurrent mark sweep GC freed 120(4KB) AllocSpace objects, 0(0B) LOS objects, 27% free, 41MB/57MB, paused 1.228ms total 46.434ms
08-04 13:32:30.159 27683 27697 I art     : Starting a blocking GC Explicit
08-04 13:32:30.206 27683 27697 I art     : Explicit concurrent mark sweep GC freed 3(96B) AllocSpace objects, 0(0B) LOS objects, 27% free, 41MB/57MB, paused 1.134ms total 46.620ms
08-04 13:32:30.208  2457  2626 W FirebaseInstanceId: Token retrieval failed: SERVICE_NOT_AVAILABLE. Will retry token retrieval
08-04 13:32:30.217 27683 27697 I art     : Starting a blocking GC Explicit
08-04 13:32:30.263 27683 27697 I art     : Explicit concurrent mark sweep GC freed 3(96B) AllocSpace objects, 0(0B) LOS objects, 27% free, 41MB/57MB, paused 1.176ms total 45.689ms
08-04 13:32:30.275 27683 27697 I art     : Starting a blocking GC Explicit
08-04 13:32:30.320  5202  5202 D AndroidRuntime: >>>>>> START com.android.internal.os.RuntimeInit uid 2000 <<<<<<
08-04 13:32:30.322 27683 27697 I art     : Explicit concurrent mark sweep GC freed 3(96B) AllocSpace objects, 0(0B) LOS objects, 27% free, 41MB/57MB, paused 1.217ms total 47.350ms
08-04 13:32:30.325  5202  5202 D AndroidRuntime: CheckJNI is OFF
08-04 13:32:30.357  5202  5202 D ICU     : No timezone override file found: /data/misc/zoneinfo/current/icu/icu_tzdata.dat
08-04 13:32:30.389  5202  5202 I Radio-JNI: register_android_hardware_Radio DONE
08-04 13:32:30.411  5202  5202 D AndroidRuntime: Calling main entry com.android.commands.input.Input
08-04 13:32:30.412  5202  5202 I Input   : injectKeyEvent: KeyEvent { action=ACTION_DOWN, keyCode=KEYCODE_BACK, scanCode=0, metaState=0, flags=0x0, repeatCount=0, eventTime=711166826, downTime=711166826, deviceId=-1, source=0x101 }
08-04 13:32:30.419  5202  5202 I Input   : injectKeyEvent: KeyEvent { action=ACTION_UP, keyCode=KEYCODE_BACK, scanCode=0, metaState=0, flags=0x0, repeatCount=0, eventTime=711166826, downTime=711166826, deviceId=-1, source=0x101 }
08-04 13:32:30.426  5202  5202 D AndroidRuntime: Shutting down VM
08-04 13:32:30.439 27683 27683 D baseline.com.newsblur.service.NBSyncService: rejecting request for feedset that is exhaused
08-04 13:32:30.582 27683 27683 D baseline.com.newsblur.service.NBSyncService: rejecting request for feedset that is exhaused
08-04 13:32:30.585 13866 13866 I GoogleInputMethodServic: GoogleInputMethodService.onFinishInput():3138 
08-04 13:32:30.587 13866 13866 I GoogleInputMethodServic: GoogleInputMethodService.onStartInput():1808 
08-04 13:32:30.624 27683 27696 I art     : Starting a blocking GC Explicit
08-04 13:32:30.680 27683 27696 I art     : Explicit concurrent mark sweep GC freed 3231(259KB) AllocSpace objects, 5(100KB) LOS objects, 27% free, 41MB/57MB, paused 1.701ms total 55.167ms
08-04 13:32:30.690 27683 27696 I art     : Starting a blocking GC Explicit
08-04 13:32:30.732 27683 27696 I art     : Explicit concurrent mark sweep GC freed 192(9KB) AllocSpace objects, 1(28KB) LOS objects, 27% free, 41MB/57MB, paused 1.192ms total 41.190ms
08-04 13:32:30.743 27683 27696 I art     : Starting a blocking GC Explicit
08-04 13:32:30.788 27683 27696 I art     : Explicit concurrent mark sweep GC freed 3(96B) AllocSpace objects, 0(0B) LOS objects, 27% free, 41MB/57MB, paused 1.063ms total 44.374ms
08-04 13:32:30.799 27683 27696 I art     : Starting a blocking GC Explicit
08-04 13:32:30.844 27683 27696 I art     : Explicit concurrent mark sweep GC freed 3(96B) AllocSpace objects, 0(0B) LOS objects, 27% free, 41MB/57MB, paused 1.222ms total 44.304ms
08-04 13:32:30.856 27683 27696 I art     : Starting a blocking GC Explicit
08-04 13:32:30.897 13866 13882 I PeriodicStatsRunner: PeriodicStatsRunner.call():175 call()
08-04 13:32:30.897 13866 13882 I PeriodicStatsRunner: PeriodicStatsRunner.call():179 No submit PeriodicStats since input started.
08-04 13:32:30.903 27683 27696 I art     : Explicit concurrent mark sweep GC freed 3(96B) AllocSpace objects, 0(0B) LOS objects, 27% free, 41MB/57MB, paused 1.026ms total 47.560ms
08-04 13:32:31.254 27683  3242 I art     : Starting a blocking GC Explicit
08-04 13:32:31.312 27683  3242 I art     : Explicit concurrent mark sweep GC freed 3110(162KB) AllocSpace objects, 1(20KB) LOS objects, 27% free, 41MB/57MB, paused 1.209ms total 58.034ms
08-04 13:32:31.326 27683  3242 I art     : Starting a blocking GC Explicit
08-04 13:32:31.378 27683  3242 I art     : Explicit concurrent mark sweep GC freed 157(7KB) AllocSpace objects, 0(0B) LOS objects, 27% free, 41MB/57MB, paused 1.303ms total 52.086ms
08-04 13:32:31.391 27683  3242 I art     : Starting a blocking GC Explicit
08-04 13:32:31.443 27683  3242 I art     : Explicit concurrent mark sweep GC freed 102(3KB) AllocSpace objects, 0(0B) LOS objects, 27% free, 41MB/57MB, paused 1.177ms total 51.214ms
08-04 13:32:31.456 27683  3242 I art     : Starting a blocking GC Explicit
08-04 13:32:31.505 27683  3242 I art     : Explicit concurrent mark sweep GC freed 72(3KB) AllocSpace objects, 0(0B) LOS objects, 27% free, 41MB/57MB, paused 1.348ms total 49.183ms
08-04 13:32:31.517 27683  3242 I art     : Starting a blocking GC Explicit
08-04 13:32:31.568 27683  3242 I art     : Explicit concurrent mark sweep GC freed 30(3KB) AllocSpace objects, 0(0B) LOS objects, 27% free, 41MB/57MB, paused 1.490ms total 50.865ms
08-04 13:32:31.908 27683  3240 I art     : Starting a blocking GC Explicit
08-04 13:32:31.948 27683  4024 E baseline.com.newsblur.network.APIResponse: Error (unexpected end of stream on https://www.newsblur.com/...) calling https://www.newsblur.com/reader/mark_story_hashes_as_read/
08-04 13:32:31.948 27683  4024 E baseline.com.newsblur.network.APIResponse: java.io.IOException: unexpected end of stream on https://www.newsblur.com/...
08-04 13:32:31.948 27683  4024 E baseline.com.newsblur.network.APIResponse: 	at okhttp3.internal.http1.Http1ExchangeCodec.readResponseHeaders(Http1ExchangeCodec.java:236)
08-04 13:32:31.948 27683  4024 E baseline.com.newsblur.network.APIResponse: 	at okhttp3.internal.connection.Exchange.readResponseHeaders(Exchange.java:115)
08-04 13:32:31.948 27683  4024 E baseline.com.newsblur.network.APIResponse: 	at okhttp3.internal.http.CallServerInterceptor.intercept(CallServerInterceptor.java:94)
08-04 13:32:31.948 27683  4024 E baseline.com.newsblur.network.APIResponse: 	at okhttp3.internal.http.RealInterceptorChain.proceed(RealInterceptorChain.java:142)
08-04 13:32:31.948 27683  4024 E baseline.com.newsblur.network.APIResponse: 	at okhttp3.internal.connection.ConnectInterceptor.intercept(ConnectInterceptor.java:43)
08-04 13:32:31.948 27683  4024 E baseline.com.newsblur.network.APIResponse: 	at okhttp3.internal.http.RealInterceptorChain.proceed(RealInterceptorChain.java:142)
08-04 13:32:31.948 27683  4024 E baseline.com.newsblur.network.APIResponse: 	at okhttp3.internal.http.RealInterceptorChain.proceed(RealInterceptorChain.java:117)
08-04 13:32:31.948 27683  4024 E baseline.com.newsblur.network.APIResponse: 	at okhttp3.internal.cache.CacheInterceptor.intercept(CacheInterceptor.java:94)
08-04 13:32:31.948 27683  4024 E baseline.com.newsblur.network.APIResponse: 	at okhttp3.internal.http.RealInterceptorChain.proceed(RealInterceptorChain.java:142)
08-04 13:32:31.948 27683  4024 E baseline.com.newsblur.network.APIResponse: 	at okhttp3.internal.http.RealInterceptorChain.proceed(RealInterceptorChain.java:117)
08-04 13:32:31.948 27683  4024 E baseline.com.newsblur.network.APIResponse: 	at okhttp3.internal.http.BridgeInterceptor.intercept(BridgeInterceptor.java:93)
08-04 13:32:31.948 27683  4024 E baseline.com.newsblur.network.APIResponse: 	at okhttp3.internal.http.RealInterceptorChain.proceed(RealInterceptorChain.java:142)
08-04 13:32:31.948 27683  4024 E baseline.com.newsblur.network.APIResponse: 	at okhttp3.internal.http.RetryAndFollowUpInterceptor.intercept(RetryAndFollowUpInterceptor.java:88)
08-04 13:32:31.948 27683  4024 E baseline.com.newsblur.network.APIResponse: 	at okhttp3.internal.http.RealInterceptorChain.proceed(RealInterceptorChain.java:142)
08-04 13:32:31.948 27683  4024 E baseline.com.newsblur.network.APIResponse: 	at okhttp3.internal.http.RealInterceptorChain.proceed(RealInterceptorChain.java:117)
08-04 13:32:31.948 27683  4024 E baseline.com.newsblur.network.APIResponse: 	at okhttp3.RealCall.getResponseWithInterceptorChain(RealCall.java:229)
08-04 13:32:31.948 27683  4024 E baseline.com.newsblur.network.APIResponse: 	at okhttp3.RealCall.execute(RealCall.java:81)
08-04 13:32:31.948 27683  4024 E baseline.com.newsblur.network.APIResponse: 	at baseline.com.newsblur.network.APIResponse.<init>(APIResponse.java:57)
08-04 13:32:31.948 27683  4024 E baseline.com.newsblur.network.APIResponse: 	at baseline.com.newsblur.network.APIResponse.<init>(APIResponse.java:43)
08-04 13:32:31.948 27683  4024 E baseline.com.newsblur.network.APIResponse: 	at baseline.com.newsblur.network.APIManager.post_single(APIManager.java:702)
08-04 13:32:31.948 27683  4024 E baseline.com.newsblur.network.APIResponse: 	at baseline.com.newsblur.network.APIManager.post(APIManager.java:675)
08-04 13:32:31.948 27683  4024 E baseline.com.newsblur.network.APIResponse: 	at baseline.com.newsblur.network.APIManager.post(APIManager.java:714)
08-04 13:32:31.948 27683  4024 E baseline.com.newsblur.network.APIResponse: 	at baseline.com.newsblur.network.APIManager.markStoryAsRead(APIManager.java:205)
08-04 13:32:31.948 27683  4024 E baseline.com.newsblur.network.APIResponse: 	at baseline.com.newsblur.util.ReadingAction.doRemote(ReadingAction.java:281)
08-04 13:32:31.948 27683  4024 E baseline.com.newsblur.network.APIResponse: 	at baseline.com.newsblur.service.NBSyncService.syncActions(NBSyncService.java:400)
08-04 13:32:31.948 27683  4024 E baseline.com.newsblur.network.APIResponse: 	at baseline.com.newsblur.service.NBSyncService.doSync(NBSyncService.java:298)
08-04 13:32:31.948 27683  4024 E baseline.com.newsblur.network.APIResponse: 	at baseline.com.newsblur.service.NBSyncService.access$100(NBSyncService.java:67)
08-04 13:32:31.948 27683  4024 E baseline.com.newsblur.network.APIResponse: 	at baseline.com.newsblur.service.NBSyncService$1.run(NBSyncService.java:188)
08-04 13:32:31.948 27683  4024 E baseline.com.newsblur.network.APIResponse: 	at java.util.concurrent.ThreadPoolExecutor.runWorker(ThreadPoolExecutor.java:1113)
08-04 13:32:31.948 27683  4024 E baseline.com.newsblur.network.APIResponse: 	at java.util.concurrent.ThreadPoolExecutor$Worker.run(ThreadPoolExecutor.java:588)
08-04 13:32:31.948 27683  4024 E baseline.com.newsblur.network.APIResponse: 	at java.lang.Thread.run(Thread.java:818)
08-04 13:32:31.948 27683  4024 E baseline.com.newsblur.network.APIResponse: Caused by: java.io.EOFException: \n not found: limit=0 content=
08-04 13:32:31.948 27683  4024 E baseline.com.newsblur.network.APIResponse: 	at okio.RealBufferedSource.readUtf8LineStrict(RealBufferedSource.java:240)
08-04 13:32:31.948 27683  4024 E baseline.com.newsblur.network.APIResponse: 	at okhttp3.internal.http1.Http1ExchangeCodec.readHeaderLine(Http1ExchangeCodec.java:242)
08-04 13:32:31.948 27683  4024 E baseline.com.newsblur.network.APIResponse: 	at okhttp3.internal.http1.Http1ExchangeCodec.readResponseHeaders(Http1ExchangeCodec.java:213)
08-04 13:32:31.948 27683  4024 E baseline.com.newsblur.network.APIResponse: 	... 30 more
08-04 13:32:31.950 27683  4024 I baseline.com.newsblur.network.APIManager: API call failed, pausing before retry number 2
08-04 13:32:31.962 27683  3240 I art     : Explicit concurrent mark sweep GC freed 3918(343KB) AllocSpace objects, 3(60KB) LOS objects, 27% free, 41MB/57MB, paused 1.497ms total 54.336ms
08-04 13:32:31.975 27683  3240 I art     : Starting a blocking GC Explicit
08-04 13:32:32.023 27683  3240 I art     : Explicit concurrent mark sweep GC freed 187(18KB) AllocSpace objects, 0(0B) LOS objects, 27% free, 41MB/57MB, paused 1.371ms total 48.488ms
08-04 13:32:32.034 27683  3240 I art     : Starting a blocking GC Explicit
08-04 13:32:32.080 27683  3240 I art     : Explicit concurrent mark sweep GC freed 26(864B) AllocSpace objects, 0(0B) LOS objects, 27% free, 41MB/57MB, paused 1.191ms total 44.929ms
08-04 13:32:32.091 27683  3240 I art     : Starting a blocking GC Explicit
08-04 13:32:32.098  5244  5244 D AndroidRuntime: >>>>>> START com.android.internal.os.RuntimeInit uid 2000 <<<<<<
08-04 13:32:32.103  5244  5244 D AndroidRuntime: CheckJNI is OFF
08-04 13:32:32.137 27683  3240 I art     : Explicit concurrent mark sweep GC freed 3(96B) AllocSpace objects, 0(0B) LOS objects, 27% free, 41MB/57MB, paused 1.209ms total 45.785ms
08-04 13:32:32.137  5244  5244 D ICU     : No timezone override file found: /data/misc/zoneinfo/current/icu/icu_tzdata.dat
08-04 13:32:32.148 27683  3240 I art     : Starting a blocking GC Explicit
08-04 13:32:32.171  5244  5244 I Radio-JNI: register_android_hardware_Radio DONE
08-04 13:32:32.193 27683  3240 I art     : Explicit concurrent mark sweep GC freed 3(96B) AllocSpace objects, 0(0B) LOS objects, 27% free, 41MB/57MB, paused 1.112ms total 45.344ms
08-04 13:32:32.194  5244  5244 D AndroidRuntime: Calling main entry com.android.commands.input.Input
08-04 13:32:32.196  5244  5244 I Input   : injectKeyEvent: KeyEvent { action=ACTION_DOWN, keyCode=KEYCODE_BACK, scanCode=0, metaState=0, flags=0x0, repeatCount=0, eventTime=711168608, downTime=711168608, deviceId=-1, source=0x101 }
08-04 13:32:32.201  5244  5244 I Input   : injectKeyEvent: KeyEvent { action=ACTION_UP, keyCode=KEYCODE_BACK, scanCode=0, metaState=0, flags=0x0, repeatCount=0, eventTime=711168608, downTime=711168608, deviceId=-1, source=0x101 }
08-04 13:32:32.209  5244  5244 D AndroidRuntime: Shutting down VM
08-04 13:32:32.386 13866 13866 I GoogleInputMethodServic: GoogleInputMethodService.onFinishInput():3138 
08-04 13:32:32.387 13866 13866 I GoogleInputMethodServic: GoogleInputMethodService.onStartInput():1808 
08-04 13:32:32.500 27683  3242 I art     : Starting a blocking GC Explicit
08-04 13:32:32.555 27683  3242 I art     : Explicit concurrent mark sweep GC freed 9812(667KB) AllocSpace objects, 13(260KB) LOS objects, 27% free, 41MB/57MB, paused 1.808ms total 54.898ms
08-04 13:32:32.567 27683  3242 I art     : Starting a blocking GC Explicit
08-04 13:32:32.615 27683  3242 I art     : Explicit concurrent mark sweep GC freed 232(9KB) AllocSpace objects, 0(0B) LOS objects, 27% free, 41MB/57MB, paused 1.036ms total 46.934ms
08-04 13:32:32.630 27683  3242 I art     : Starting a blocking GC Explicit
08-04 13:32:32.679 27683  3242 I art     : Explicit concurrent mark sweep GC freed 3(96B) AllocSpace objects, 0(0B) LOS objects, 27% free, 41MB/57MB, paused 1.103ms total 48.658ms
08-04 13:32:32.691 27683  3242 I art     : Starting a blocking GC Explicit
08-04 13:32:32.735 27683  3242 I art     : Explicit concurrent mark sweep GC freed 3(96B) AllocSpace objects, 0(0B) LOS objects, 27% free, 41MB/57MB, paused 1.001ms total 43.597ms
08-04 13:32:32.746 27683  3242 I art     : Starting a blocking GC Explicit
08-04 13:32:32.790 27683  3242 I art     : Explicit concurrent mark sweep GC freed 452(20KB) AllocSpace objects, 0(0B) LOS objects, 27% free, 41MB/57MB, paused 1.149ms total 43.711ms
08-04 13:32:32.855   518   646 I ThermalEngine: ACTION: GPU - Setting GPU[0] to 450000000
08-04 13:32:33.150 27683  3242 I art     : Starting a blocking GC Explicit
08-04 13:32:33.204 27683  3242 I art     : Explicit concurrent mark sweep GC freed 1497(84KB) AllocSpace objects, 1(20KB) LOS objects, 27% free, 41MB/57MB, paused 1.399ms total 54.197ms
08-04 13:32:33.218 27683  3242 I art     : Starting a blocking GC Explicit
08-04 13:32:33.272 27683  3242 I art     : Explicit concurrent mark sweep GC freed 167(7KB) AllocSpace objects, 0(0B) LOS objects, 27% free, 41MB/57MB, paused 1.445ms total 53.769ms
08-04 13:32:33.286 27683  3242 I art     : Starting a blocking GC Explicit
08-04 13:32:33.340 27683  3242 I art     : Explicit concurrent mark sweep GC freed 11(352B) AllocSpace objects, 0(0B) LOS objects, 27% free, 41MB/57MB, paused 1.474ms total 53.462ms
08-04 13:32:33.353 27683  3242 I art     : Starting a blocking GC Explicit
08-04 13:32:33.411 27683  3242 I art     : Explicit concurrent mark sweep GC freed 11(352B) AllocSpace objects, 0(0B) LOS objects, 27% free, 41MB/57MB, paused 1.530ms total 57.452ms
08-04 13:32:33.426 27683  3242 I art     : Starting a blocking GC Explicit
08-04 13:32:33.483 27683  3242 I art     : Explicit concurrent mark sweep GC freed 11(352B) AllocSpace objects, 0(0B) LOS objects, 27% free, 41MB/57MB, paused 1.643ms total 57.086ms
08-04 13:32:33.850 27683  3240 I art     : Starting a blocking GC Explicit
08-04 13:32:33.912 27683  3240 I art     : Explicit concurrent mark sweep GC freed 1525(86KB) AllocSpace objects, 1(20KB) LOS objects, 27% free, 41MB/57MB, paused 1.647ms total 62.488ms
08-04 13:32:33.927 27683  3240 I art     : Starting a blocking GC Explicit
08-04 13:32:33.963  5287  5287 D AndroidRuntime: >>>>>> START com.android.internal.os.RuntimeInit uid 2000 <<<<<<
08-04 13:32:33.968  5287  5287 D AndroidRuntime: CheckJNI is OFF
08-04 13:32:33.988 27683  3240 I art     : Explicit concurrent mark sweep GC freed 22(784B) AllocSpace objects, 0(0B) LOS objects, 27% free, 41MB/57MB, paused 1.681ms total 60.855ms
08-04 13:32:34.003 27683  3240 I art     : Starting a blocking GC Explicit
08-04 13:32:34.017  5287  5287 D ICU     : No timezone override file found: /data/misc/zoneinfo/current/icu/icu_tzdata.dat
08-04 13:32:34.062  5287  5287 I Radio-JNI: register_android_hardware_Radio DONE
08-04 13:32:34.064 27683  3240 I art     : Explicit concurrent mark sweep GC freed 3(96B) AllocSpace objects, 0(0B) LOS objects, 27% free, 41MB/57MB, paused 1.632ms total 60.862ms
08-04 13:32:34.078 27683  3240 I art     : Starting a blocking GC Explicit
08-04 13:32:34.093  5287  5287 D AndroidRuntime: Calling main entry com.android.commands.input.Input
08-04 13:32:34.094  5287  5287 I Input   : injectMotionEvent: MotionEvent { action=ACTION_DOWN, actionButton=0, id[0]=0, x[0]=553.0, y[0]=442.0, toolType[0]=TOOL_TYPE_UNKNOWN, buttonState=0, metaState=0, flags=0x0, edgeFlags=0x0, pointerCount=1, historySize=0, eventTime=711170507, downTime=711170507, deviceId=0, source=0x1002 }
08-04 13:32:34.102  5287  5287 I Input   : injectMotionEvent: MotionEvent { action=ACTION_UP, actionButton=0, id[0]=0, x[0]=553.0, y[0]=442.0, toolType[0]=TOOL_TYPE_UNKNOWN, buttonState=0, metaState=0, flags=0x0, edgeFlags=0x0, pointerCount=1, historySize=0, eventTime=711170507, downTime=711170507, deviceId=0, source=0x1002 }
08-04 13:32:34.106  5287  5287 D AndroidRuntime: Shutting down VM
08-04 13:32:34.139 27683  3240 I art     : Explicit concurrent mark sweep GC freed 39(1616B) AllocSpace objects, 0(0B) LOS objects, 27% free, 41MB/57MB, paused 1.437ms total 60.494ms
08-04 13:32:34.153 27683  3240 I art     : Starting a blocking GC Explicit
08-04 13:32:34.174   918  6029 I ActivityManager: START u0 {cmp=baseline.com.newsblur/.activity.AllSharedStoriesItemsList (has extras)} from uid 10652 on display 0
08-04 13:32:34.195 27683  3580 I baseline.com.newsblur.database.BlurDatabaseHelper: reading session reset
08-04 13:32:34.213 27683  3240 I art     : Explicit concurrent mark sweep GC freed 1133(146KB) AllocSpace objects, 4(80KB) LOS objects, 27% free, 41MB/57MB, paused 2.430ms total 59.582ms
08-04 13:32:34.409 27683 27683 D baseline.com.newsblur.service.NBSyncService: rejecting request for feedset that is exhaused
08-04 13:32:34.415 27683 27683 W View    : requestLayout() improperly called by android.widget.FrameLayout{7ea1e02 V.E...... ......ID 0,0-1440,18 #7f07003f app:id/footer_view_inner} during layout: running second layout pass
08-04 13:32:34.415 27683 27683 W View    : requestLayout() improperly called by android.widget.FrameLayout{b5f9313 V.E...... ......ID 0,0-1440,2091 #7f07003f app:id/footer_view_inner} during layout: running second layout pass
08-04 13:32:34.430 13866 13866 I GoogleInputMethodServic: GoogleInputMethodService.onFinishInput():3138 
08-04 13:32:34.431 13866 13866 I GoogleInputMethodServic: GoogleInputMethodService.onStartInput():1808 
08-04 13:32:34.436   918   936 I ActivityManager: Displayed baseline.com.newsblur/.activity.AllSharedStoriesItemsList: +253ms
08-04 13:32:34.586 27683  3240 I art     : Starting a blocking GC Explicit
08-04 13:32:34.589 27683  3301 I NAPPA_EXPERIMENTATION: MetricNetworkRequestExecutionTime: REQUEST_DURATION_SYSTEM='110',REQUEST_DURATION_OKHTTP='110',REQUEST_SYNCHRONOUS='TRUE',RESPONSE_CODE='200',RESPONSE_METHOD='GET',RESPONSE_LENGTH_OKHTTP='43',RESPONSE_LENGTH_HEADER='43',REQUEST_PROTOCOL='http/1.1',REQUEST_URL='http://feeds.feedburner.com/~r/retort/~4/UffaFMiJbNs',
08-04 13:32:34.644 27683  3240 I art     : Explicit concurrent mark sweep GC freed 4904(328KB) AllocSpace objects, 11(312KB) LOS objects, 27% free, 41MB/57MB, paused 1.437ms total 57.561ms
08-04 13:32:34.658 27683  3240 I art     : Starting a blocking GC Explicit
08-04 13:32:34.715 27683  3240 I art     : Explicit concurrent mark sweep GC freed 534(35KB) AllocSpace objects, 1(20KB) LOS objects, 27% free, 41MB/57MB, paused 1.510ms total 56.169ms
08-04 13:32:34.729 27683  3240 I art     : Starting a blocking GC Explicit
08-04 13:32:34.782 27683  3240 I art     : Explicit concurrent mark sweep GC freed 62(2512B) AllocSpace objects, 0(0B) LOS objects, 27% free, 41MB/57MB, paused 1.383ms total 53.442ms
08-04 13:32:34.798 27683  3240 I art     : Starting a blocking GC Explicit
08-04 13:32:34.857 27683  3240 I art     : Explicit concurrent mark sweep GC freed 71(2976B) AllocSpace objects, 0(0B) LOS objects, 27% free, 41MB/57MB, paused 1.501ms total 59.461ms
08-04 13:32:34.873 27683  3240 I art     : Starting a blocking GC Explicit
08-04 13:32:34.933 27683  3240 I art     : Explicit concurrent mark sweep GC freed 133(5KB) AllocSpace objects, 0(0B) LOS objects, 27% free, 41MB/57MB, paused 1.436ms total 59.767ms
08-04 13:32:35.310 27683  3242 I art     : Starting a blocking GC Explicit
08-04 13:32:35.377 27683  3242 I art     : Explicit concurrent mark sweep GC freed 1609(91KB) AllocSpace objects, 1(20KB) LOS objects, 27% free, 41MB/57MB, paused 1.673ms total 65.885ms
08-04 13:32:35.395 27683  3242 I art     : Starting a blocking GC Explicit
08-04 13:32:35.432 27683  4024 E baseline.com.newsblur.network.APIResponse: Error (unexpected end of stream on https://www.newsblur.com/...) calling https://www.newsblur.com/reader/mark_story_hashes_as_read/
08-04 13:32:35.432 27683  4024 E baseline.com.newsblur.network.APIResponse: java.io.IOException: unexpected end of stream on https://www.newsblur.com/...
08-04 13:32:35.432 27683  4024 E baseline.com.newsblur.network.APIResponse: 	at okhttp3.internal.http1.Http1ExchangeCodec.readResponseHeaders(Http1ExchangeCodec.java:236)
08-04 13:32:35.432 27683  4024 E baseline.com.newsblur.network.APIResponse: 	at okhttp3.internal.connection.Exchange.readResponseHeaders(Exchange.java:115)
08-04 13:32:35.432 27683  4024 E baseline.com.newsblur.network.APIResponse: 	at okhttp3.internal.http.CallServerInterceptor.intercept(CallServerInterceptor.java:94)
08-04 13:32:35.432 27683  4024 E baseline.com.newsblur.network.APIResponse: 	at okhttp3.internal.http.RealInterceptorChain.proceed(RealInterceptorChain.java:142)
08-04 13:32:35.432 27683  4024 E baseline.com.newsblur.network.APIResponse: 	at okhttp3.internal.connection.ConnectInterceptor.intercept(ConnectInterceptor.java:43)
08-04 13:32:35.432 27683  4024 E baseline.com.newsblur.network.APIResponse: 	at okhttp3.internal.http.RealInterceptorChain.proceed(RealInterceptorChain.java:142)
08-04 13:32:35.432 27683  4024 E baseline.com.newsblur.network.APIResponse: 	at okhttp3.internal.http.RealInterceptorChain.proceed(RealInterceptorChain.java:117)
08-04 13:32:35.432 27683  4024 E baseline.com.newsblur.network.APIResponse: 	at okhttp3.internal.cache.CacheInterceptor.intercept(CacheInterceptor.java:94)
08-04 13:32:35.432 27683  4024 E baseline.com.newsblur.network.APIResponse: 	at okhttp3.internal.http.RealInterceptorChain.proceed(RealInterceptorChain.java:142)
08-04 13:32:35.432 27683  4024 E baseline.com.newsblur.network.APIResponse: 	at okhttp3.internal.http.RealInterceptorChain.proceed(RealInterceptorChain.java:117)
08-04 13:32:35.432 27683  4024 E baseline.com.newsblur.network.APIResponse: 	at okhttp3.internal.http.BridgeInterceptor.intercept(BridgeInterceptor.java:93)
08-04 13:32:35.432 27683  4024 E baseline.com.newsblur.network.APIResponse: 	at okhttp3.internal.http.RealInterceptorChain.proceed(RealInterceptorChain.java:142)
08-04 13:32:35.432 27683  4024 E baseline.com.newsblur.network.APIResponse: 	at okhttp3.internal.http.RetryAndFollowUpInterceptor.intercept(RetryAndFollowUpInterceptor.java:88)
08-04 13:32:35.432 27683  4024 E baseline.com.newsblur.network.APIResponse: 	at okhttp3.internal.http.RealInterceptorChain.proceed(RealInterceptorChain.java:142)
08-04 13:32:35.432 27683  4024 E baseline.com.newsblur.network.APIResponse: 	at okhttp3.internal.http.RealInterceptorChain.proceed(RealInterceptorChain.java:117)
08-04 13:32:35.432 27683  4024 E baseline.com.newsblur.network.APIResponse: 	at okhttp3.RealCall.getResponseWithInterceptorChain(RealCall.java:229)
08-04 13:32:35.432 27683  4024 E baseline.com.newsblur.network.APIResponse: 	at okhttp3.RealCall.execute(RealCall.java:81)
08-04 13:32:35.432 27683  4024 E baseline.com.newsblur.network.APIResponse: 	at baseline.com.newsblur.network.APIResponse.<init>(APIResponse.java:57)
08-04 13:32:35.432 27683  4024 E baseline.com.newsblur.network.APIResponse: 	at baseline.com.newsblur.network.APIResponse.<init>(APIResponse.java:43)
08-04 13:32:35.432 27683  4024 E baseline.com.newsblur.network.APIResponse: 	at baseline.com.newsblur.network.APIManager.post_single(APIManager.java:702)
08-04 13:32:35.432 27683  4024 E baseline.com.newsblur.network.APIResponse: 	at baseline.com.newsblur.network.APIManager.post(APIManager.java:675)
08-04 13:32:35.432 27683  4024 E baseline.com.newsblur.network.APIResponse: 	at baseline.com.newsblur.network.APIManager.post(APIManager.java:714)
08-04 13:32:35.432 27683  4024 E baseline.com.newsblur.network.APIResponse: 	at baseline.com.newsblur.network.APIManager.markStoryAsRead(APIManager.java:205)
08-04 13:32:35.432 27683  4024 E baseline.com.newsblur.network.APIResponse: 	at baseline.com.newsblur.util.ReadingAction.doRemote(ReadingAction.java:281)
08-04 13:32:35.432 27683  4024 E baseline.com.newsblur.network.APIResponse: 	at baseline.com.newsblur.service.NBSyncService.syncActions(NBSyncService.java:400)
08-04 13:32:35.432 27683  4024 E baseline.com.newsblur.network.APIResponse: 	at baseline.com.newsblur.service.NBSyncService.doSync(NBSyncService.java:298)
08-04 13:32:35.432 27683  4024 E baseline.com.newsblur.network.APIResponse: 	at baseline.com.newsblur.service.NBSyncService.access$100(NBSyncService.java:67)
08-04 13:32:35.432 27683  4024 E baseline.com.newsblur.network.APIResponse: 	at baseline.com.newsblur.service.NBSyncService$1.run(NBSyncService.java:188)
08-04 13:32:35.432 27683  4024 E baseline.com.newsblur.network.APIResponse: 	at java.util.concurrent.ThreadPoolExecutor.runWorker(ThreadPoolExecutor.java:1113)
08-04 13:32:35.432 27683  4024 E baseline.com.newsblur.network.APIResponse: 	at java.util.concurrent.ThreadPoolExecutor$Worker.run(ThreadPoolExecutor.java:588)
08-04 13:32:35.432 27683  4024 E baseline.com.newsblur.network.APIResponse: 	at java.lang.Thread.run(Thread.java:818)
08-04 13:32:35.432 27683  4024 E baseline.com.newsblur.network.APIResponse: Caused by: java.io.EOFException: \n not found: limit=0 content=
08-04 13:32:35.432 27683  4024 E baseline.com.newsblur.network.APIResponse: 	at okio.RealBufferedSource.readUtf8LineStrict(RealBufferedSource.java:240)
08-04 13:32:35.432 27683  4024 E baseline.com.newsblur.network.APIResponse: 	at okhttp3.internal.http1.Http1ExchangeCodec.readHeaderLine(Http1ExchangeCodec.java:242)
08-04 13:32:35.432 27683  4024 E baseline.com.newsblur.network.APIResponse: 	at okhttp3.internal.http1.Http1ExchangeCodec.readResponseHeaders(Http1ExchangeCodec.java:213)
08-04 13:32:35.432 27683  4024 E baseline.com.newsblur.network.APIResponse: 	... 30 more
08-04 13:32:35.433 27683  4024 I baseline.com.newsblur.service.NBSyncService: Holding reading action with server-side or network error.
08-04 13:32:35.443 27683  4024 W baseline.com.newsblur.service.NBSyncService: hard API failure
08-04 13:32:35.455 27683  3242 I art     : Explicit concurrent mark sweep GC freed 2779(305KB) AllocSpace objects, 4(80KB) LOS objects, 27% free, 41MB/57MB, paused 1.689ms total 59.562ms
08-04 13:32:35.470 27683  3242 I art     : Starting a blocking GC Explicit
08-04 13:32:35.531 27683  3242 I art     : Explicit concurrent mark sweep GC freed 258(23KB) AllocSpace objects, 0(0B) LOS objects, 27% free, 41MB/57MB, paused 1.617ms total 61.192ms
08-04 13:32:35.546 27683  3242 I art     : Starting a blocking GC Explicit
08-04 13:32:35.586 13866 13882 I PeriodicStatsRunner: PeriodicStatsRunner.call():175 call()
08-04 13:32:35.586 13866 13882 I PeriodicStatsRunner: PeriodicStatsRunner.call():179 No submit PeriodicStats since input started.
08-04 13:32:35.608 27683  3242 I art     : Explicit concurrent mark sweep GC freed 28(928B) AllocSpace objects, 0(0B) LOS objects, 27% free, 41MB/57MB, paused 1.821ms total 61.833ms
08-04 13:32:35.623 27683  3242 I art     : Starting a blocking GC Explicit
08-04 13:32:35.687 27683  3242 I art     : Explicit concurrent mark sweep GC freed 11(352B) AllocSpace objects, 0(0B) LOS objects, 27% free, 41MB/57MB, paused 1.710ms total 64ms
08-04 13:32:35.858 27683  4024 E baseline.com.newsblur.network.APIResponse: Error (unexpected end of stream on https://www.newsblur.com/...) calling https://www.newsblur.com/reader/mark_story_hashes_as_read/
08-04 13:32:35.858 27683  4024 E baseline.com.newsblur.network.APIResponse: java.io.IOException: unexpected end of stream on https://www.newsblur.com/...
08-04 13:32:35.858 27683  4024 E baseline.com.newsblur.network.APIResponse: 	at okhttp3.internal.http1.Http1ExchangeCodec.readResponseHeaders(Http1ExchangeCodec.java:236)
08-04 13:32:35.858 27683  4024 E baseline.com.newsblur.network.APIResponse: 	at okhttp3.internal.connection.Exchange.readResponseHeaders(Exchange.java:115)
08-04 13:32:35.858 27683  4024 E baseline.com.newsblur.network.APIResponse: 	at okhttp3.internal.http.CallServerInterceptor.intercept(CallServerInterceptor.java:94)
08-04 13:32:35.858 27683  4024 E baseline.com.newsblur.network.APIResponse: 	at okhttp3.internal.http.RealInterceptorChain.proceed(RealInterceptorChain.java:142)
08-04 13:32:35.858 27683  4024 E baseline.com.newsblur.network.APIResponse: 	at okhttp3.internal.connection.ConnectInterceptor.intercept(ConnectInterceptor.java:43)
08-04 13:32:35.858 27683  4024 E baseline.com.newsblur.network.APIResponse: 	at okhttp3.internal.http.RealInterceptorChain.proceed(RealInterceptorChain.java:142)
08-04 13:32:35.858 27683  4024 E baseline.com.newsblur.network.APIResponse: 	at okhttp3.internal.http.RealInterceptorChain.proceed(RealInterceptorChain.java:117)
08-04 13:32:35.858 27683  4024 E baseline.com.newsblur.network.APIResponse: 	at okhttp3.internal.cache.CacheInterceptor.intercept(CacheInterceptor.java:94)
08-04 13:32:35.858 27683  4024 E baseline.com.newsblur.network.APIResponse: 	at okhttp3.internal.http.RealInterceptorChain.proceed(RealInterceptorChain.java:142)
08-04 13:32:35.858 27683  4024 E baseline.com.newsblur.network.APIResponse: 	at okhttp3.internal.http.RealInterceptorChain.proceed(RealInterceptorChain.java:117)
08-04 13:32:35.858 27683  4024 E baseline.com.newsblur.network.APIResponse: 	at okhttp3.internal.http.BridgeInterceptor.intercept(BridgeInterceptor.java:93)
08-04 13:32:35.858 27683  4024 E baseline.com.newsblur.network.APIResponse: 	at okhttp3.internal.http.RealInterceptorChain.proceed(RealInterceptorChain.java:142)
08-04 13:32:35.858 27683  4024 E baseline.com.newsblur.network.APIResponse: 	at okhttp3.internal.http.RetryAndFollowUpInterceptor.intercept(RetryAndFollowUpInterceptor.java:88)
08-04 13:32:35.858 27683  4024 E baseline.com.newsblur.network.APIResponse: 	at okhttp3.internal.http.RealInterceptorChain.proceed(RealInterceptorChain.java:142)
08-04 13:32:35.858 27683  4024 E baseline.com.newsblur.network.APIResponse: 	at okhttp3.internal.http.RealInterceptorChain.proceed(RealInterceptorChain.java:117)
08-04 13:32:35.858 27683  4024 E baseline.com.newsblur.network.APIResponse: 	at okhttp3.RealCall.getResponseWithInterceptorChain(RealCall.java:229)
08-04 13:32:35.858 27683  4024 E baseline.com.newsblur.network.APIResponse: 	at okhttp3.RealCall.execute(RealCall.java:81)
08-04 13:32:35.858 27683  4024 E baseline.com.newsblur.network.APIResponse: 	at baseline.com.newsblur.network.APIResponse.<init>(APIResponse.java:57)
08-04 13:32:35.858 27683  4024 E baseline.com.newsblur.network.APIResponse: 	at baseline.com.newsblur.network.APIResponse.<init>(APIResponse.java:43)
08-04 13:32:35.858 27683  4024 E baseline.com.newsblur.network.APIResponse: 	at baseline.com.newsblur.network.APIManager.post_single(APIManager.java:702)
08-04 13:32:35.858 27683  4024 E baseline.com.newsblur.network.APIResponse: 	at baseline.com.newsblur.network.APIManager.post(APIManager.java:675)
08-04 13:32:35.858 27683  4024 E baseline.com.newsblur.network.APIResponse: 	at baseline.com.newsblur.network.APIManager.post(APIManager.java:714)
08-04 13:32:35.858 27683  4024 E baseline.com.newsblur.network.APIResponse: 	at baseline.com.newsblur.network.APIManager.markStoryAsRead(APIManager.java:205)
08-04 13:32:35.858 27683  4024 E baseline.com.newsblur.network.APIResponse: 	at baseline.com.newsblur.util.ReadingAction.doRemote(ReadingAction.java:281)
08-04 13:32:35.858 27683  4024 E baseline.com.newsblur.network.APIResponse: 	at baseline.com.newsblur.service.NBSyncService.syncActions(NBSyncService.java:400)
08-04 13:32:35.858 27683  4024 E baseline.com.newsblur.network.APIResponse: 	at baseline.com.newsblur.service.NBSyncService.doSync(NBSyncService.java:298)
08-04 13:32:35.858 27683  4024 E baseline.com.newsblur.network.APIResponse: 	at baseline.com.newsblur.service.NBSyncService.access$100(NBSyncService.java:67)
08-04 13:32:35.858 27683  4024 E baseline.com.newsblur.network.APIResponse: 	at baseline.com.newsblur.service.NBSyncService$1.run(NBSyncService.java:188)
08-04 13:32:35.858 27683  4024 E baseline.com.newsblur.network.APIResponse: 	at java.util.concurrent.ThreadPoolExecutor.runWorker(ThreadPoolExecutor.java:1113)
08-04 13:32:35.858 27683  4024 E baseline.com.newsblur.network.APIResponse: 	at java.util.concurrent.ThreadPoolExecutor$Worker.run(ThreadPoolExecutor.java:588)
08-04 13:32:35.858 27683  4024 E baseline.com.newsblur.network.APIResponse: 	at java.lang.Thread.run(Thread.java:818)
08-04 13:32:35.858 27683  4024 E baseline.com.newsblur.network.APIResponse: Caused by: java.io.EOFException: \n not found: limit=0 content=
08-04 13:32:35.858 27683  4024 E baseline.com.newsblur.network.APIResponse: 	at okio.RealBufferedSource.readUtf8LineStrict(RealBufferedSource.java:240)
08-04 13:32:35.858 27683  4024 E baseline.com.newsblur.network.APIResponse: 	at okhttp3.internal.http1.Http1ExchangeCodec.readHeaderLine(Http1ExchangeCodec.java:242)
08-04 13:32:35.858 27683  4024 E baseline.com.newsblur.network.APIResponse: 	at okhttp3.internal.http1.Http1ExchangeCodec.readResponseHeaders(Http1ExchangeCodec.java:213)
08-04 13:32:35.858 27683  4024 E baseline.com.newsblur.network.APIResponse: 	... 30 more
08-04 13:32:35.860 27683  4024 I baseline.com.newsblur.network.APIManager: API call failed, pausing before retry number 1
08-04 13:32:36.095 27683  3240 I art     : Starting a blocking GC Explicit
08-04 13:32:36.164 27683  3240 I art     : Explicit concurrent mark sweep GC freed 3975(358KB) AllocSpace objects, 3(60KB) LOS objects, 27% free, 41MB/57MB, paused 1.595ms total 69.222ms
08-04 13:32:36.180 27683  3240 I art     : Starting a blocking GC Explicit
08-04 13:32:36.247 27683  3240 I art     : Explicit concurrent mark sweep GC freed 120(4KB) AllocSpace objects, 0(0B) LOS objects, 27% free, 41MB/57MB, paused 1.685ms total 67.336ms
08-04 13:32:36.263 27683  3240 I art     : Starting a blocking GC Explicit
08-04 13:32:36.334 27683  3240 I art     : Explicit concurrent mark sweep GC freed 3(96B) AllocSpace objects, 0(0B) LOS objects, 27% free, 41MB/57MB, paused 1.653ms total 70.386ms
08-04 13:32:36.352 27683  3240 I art     : Starting a blocking GC Explicit
08-04 13:32:36.419 27683  3240 I art     : Explicit concurrent mark sweep GC freed 3(96B) AllocSpace objects, 0(0B) LOS objects, 27% free, 41MB/57MB, paused 1.688ms total 66.514ms
08-04 13:32:36.434 27683  3240 I art     : Starting a blocking GC Explicit
08-04 13:32:36.499 27683  3240 I art     : Explicit concurrent mark sweep GC freed 3(96B) AllocSpace objects, 0(0B) LOS objects, 27% free, 41MB/57MB, paused 1.617ms total 64.554ms
08-04 13:32:36.911 27683 27696 I art     : Starting a blocking GC Explicit
08-04 13:32:36.978 27683 27696 I art     : Explicit concurrent mark sweep GC freed 1442(83KB) AllocSpace objects, 1(20KB) LOS objects, 27% free, 41MB/57MB, paused 1.504ms total 66.440ms
08-04 13:32:36.995 27683 27696 I art     : Starting a blocking GC Explicit
08-04 13:32:37.062 27683 27696 I art     : Explicit concurrent mark sweep GC freed 22(784B) AllocSpace objects, 0(0B) LOS objects, 27% free, 41MB/57MB, paused 1.633ms total 66.349ms
08-04 13:32:37.077 27683 27696 I art     : Starting a blocking GC Explicit
08-04 13:32:37.142 27683 27696 I art     : Explicit concurrent mark sweep GC freed 3(96B) AllocSpace objects, 0(0B) LOS objects, 27% free, 41MB/57MB, paused 1.601ms total 65.435ms
08-04 13:32:37.158 27683 27696 I art     : Starting a blocking GC Explicit
08-04 13:32:37.226 27683 27696 I art     : Explicit concurrent mark sweep GC freed 3(96B) AllocSpace objects, 0(0B) LOS objects, 27% free, 41MB/57MB, paused 1.561ms total 67.760ms
08-04 13:32:37.243 27683 27696 I art     : Starting a blocking GC Explicit
08-04 13:32:37.314 27683 27696 I art     : Explicit concurrent mark sweep GC freed 3(96B) AllocSpace objects, 0(0B) LOS objects, 27% free, 41MB/57MB, paused 1.640ms total 70.020ms
08-04 13:32:37.387 13866 13882 I PeriodicStatsRunner: PeriodicStatsRunner.call():175 call()
08-04 13:32:37.387 13866 13882 I PeriodicStatsRunner: PeriodicStatsRunner.call():179 No submit PeriodicStats since input started.
08-04 13:32:37.715 27683  3242 I art     : Starting a blocking GC Explicit
08-04 13:32:37.788 27683  3242 I art     : Explicit concurrent mark sweep GC freed 1608(92KB) AllocSpace objects, 1(20KB) LOS objects, 27% free, 41MB/57MB, paused 1.940ms total 71.768ms
08-04 13:32:37.804 27683  3242 I art     : Starting a blocking GC Explicit
08-04 13:32:37.869 27683  3242 I art     : Explicit concurrent mark sweep GC freed 1680(65KB) AllocSpace objects, 0(0B) LOS objects, 27% free, 41MB/57MB, paused 1.838ms total 64.086ms
08-04 13:32:37.884 27683  3242 I art     : Starting a blocking GC Explicit
08-04 13:32:37.896 27683  4024 E baseline.com.newsblur.network.APIResponse: Error (unexpected end of stream on https://www.newsblur.com/...) calling https://www.newsblur.com/reader/mark_story_hashes_as_read/
08-04 13:32:37.896 27683  4024 E baseline.com.newsblur.network.APIResponse: java.io.IOException: unexpected end of stream on https://www.newsblur.com/...
08-04 13:32:37.896 27683  4024 E baseline.com.newsblur.network.APIResponse: 	at okhttp3.internal.http1.Http1ExchangeCodec.readResponseHeaders(Http1ExchangeCodec.java:236)
08-04 13:32:37.896 27683  4024 E baseline.com.newsblur.network.APIResponse: 	at okhttp3.internal.connection.Exchange.readResponseHeaders(Exchange.java:115)
08-04 13:32:37.896 27683  4024 E baseline.com.newsblur.network.APIResponse: 	at okhttp3.internal.http.CallServerInterceptor.intercept(CallServerInterceptor.java:94)
08-04 13:32:37.896 27683  4024 E baseline.com.newsblur.network.APIResponse: 	at okhttp3.internal.http.RealInterceptorChain.proceed(RealInterceptorChain.java:142)
08-04 13:32:37.896 27683  4024 E baseline.com.newsblur.network.APIResponse: 	at okhttp3.internal.connection.ConnectInterceptor.intercept(ConnectInterceptor.java:43)
08-04 13:32:37.896 27683  4024 E baseline.com.newsblur.network.APIResponse: 	at okhttp3.internal.http.RealInterceptorChain.proceed(RealInterceptorChain.java:142)
08-04 13:32:37.896 27683  4024 E baseline.com.newsblur.network.APIResponse: 	at okhttp3.internal.http.RealInterceptorChain.proceed(RealInterceptorChain.java:117)
08-04 13:32:37.896 27683  4024 E baseline.com.newsblur.network.APIResponse: 	at okhttp3.internal.cache.CacheInterceptor.intercept(CacheInterceptor.java:94)
08-04 13:32:37.896 27683  4024 E baseline.com.newsblur.network.APIResponse: 	at okhttp3.internal.http.RealInterceptorChain.proceed(RealInterceptorChain.java:142)
08-04 13:32:37.896 27683  4024 E baseline.com.newsblur.network.APIResponse: 	at okhttp3.internal.http.RealInterceptorChain.proceed(RealInterceptorChain.java:117)
08-04 13:32:37.896 27683  4024 E baseline.com.newsblur.network.APIResponse: 	at okhttp3.internal.http.BridgeInterceptor.intercept(BridgeInterceptor.java:93)
08-04 13:32:37.896 27683  4024 E baseline.com.newsblur.network.APIResponse: 	at okhttp3.internal.http.RealInterceptorChain.proceed(RealInterceptorChain.java:142)
08-04 13:32:37.896 27683  4024 E baseline.com.newsblur.network.APIResponse: 	at okhttp3.internal.http.RetryAndFollowUpInterceptor.intercept(RetryAndFollowUpInterceptor.java:88)
08-04 13:32:37.896 27683  4024 E baseline.com.newsblur.network.APIResponse: 	at okhttp3.internal.http.RealInterceptorChain.proceed(RealInterceptorChain.java:142)
08-04 13:32:37.896 27683  4024 E baseline.com.newsblur.network.APIResponse: 	at okhttp3.internal.http.RealInterceptorChain.proceed(RealInterceptorChain.java:117)
08-04 13:32:37.896 27683  4024 E baseline.com.newsblur.network.APIResponse: 	at okhttp3.RealCall.getResponseWithInterceptorChain(RealCall.java:229)
08-04 13:32:37.896 27683  4024 E baseline.com.newsblur.network.APIResponse: 	at okhttp3.RealCall.execute(RealCall.java:81)
08-04 13:32:37.896 27683  4024 E baseline.com.newsblur.network.APIResponse: 	at baseline.com.newsblur.network.APIResponse.<init>(APIResponse.java:57)
08-04 13:32:37.896 27683  4024 E baseline.com.newsblur.network.APIResponse: 	at baseline.com.newsblur.network.APIResponse.<init>(APIResponse.java:43)
08-04 13:32:37.896 27683  4024 E baseline.com.newsblur.network.APIResponse: 	at baseline.com.newsblur.network.APIManager.post_single(APIManager.java:702)
08-04 13:32:37.896 27683  4024 E baseline.com.newsblur.network.APIResponse: 	at baseline.com.newsblur.network.APIManager.post(APIManager.java:675)
08-04 13:32:37.896 27683  4024 E baseline.com.newsblur.network.APIResponse: 	at baseline.com.newsblur.network.APIManager.post(APIManager.java:714)
08-04 13:32:37.896 27683  4024 E baseline.com.newsblur.network.APIResponse: 	at baseline.com.newsblur.network.APIManager.markStoryAsRead(APIManager.java:205)
08-04 13:32:37.896 27683  4024 E baseline.com.newsblur.network.APIResponse: 	at baseline.com.newsblur.util.ReadingAction.doRemote(ReadingAction.java:281)
08-04 13:32:37.896 27683  4024 E baseline.com.newsblur.network.APIResponse: 	at baseline.com.newsblur.service.NBSyncService.syncActions(NBSyncService.java:400)
08-04 13:32:37.896 27683  4024 E baseline.com.newsblur.network.APIResponse: 	at baseline.com.newsblur.service.NBSyncService.doSync(NBSyncService.java:298)
08-04 13:32:37.896 27683  4024 E baseline.com.newsblur.network.APIResponse: 	at baseline.com.newsblur.service.NBSyncService.access$100(NBSyncService.java:67)
08-04 13:32:37.896 27683  4024 E baseline.com.newsblur.network.APIResponse: 	at baseline.com.newsblur.service.NBSyncService$1.run(NBSyncService.java:188)
08-04 13:32:37.896 27683  4024 E baseline.com.newsblur.network.APIResponse: 	at java.util.concurrent.ThreadPoolExecutor.runWorker(ThreadPoolExecutor.java:1113)
08-04 13:32:37.896 27683  4024 E baseline.com.newsblur.network.APIResponse: 	at java.util.concurrent.ThreadPoolExecutor$Worker.run(ThreadPoolExecutor.java:588)
08-04 13:32:37.896 27683  4024 E baseline.com.newsblur.network.APIResponse: 	at java.lang.Thread.run(Thread.java:818)
08-04 13:32:37.896 27683  4024 E baseline.com.newsblur.network.APIResponse: Caused by: java.io.EOFException: \n not found: limit=0 content=
08-04 13:32:37.896 27683  4024 E baseline.com.newsblur.network.APIResponse: 	at okio.RealBufferedSource.readUtf8LineStrict(RealBufferedSource.java:240)
08-04 13:32:37.896 27683  4024 E baseline.com.newsblur.network.APIResponse: 	at okhttp3.internal.http1.Http1ExchangeCodec.readHeaderLine(Http1ExchangeCodec.java:242)
08-04 13:32:37.896 27683  4024 E baseline.com.newsblur.network.APIResponse: 	at okhttp3.internal.http1.Http1ExchangeCodec.readResponseHeaders(Http1ExchangeCodec.java:213)
08-04 13:32:37.896 27683  4024 E baseline.com.newsblur.network.APIResponse: 	... 30 more
08-04 13:32:37.898 27683  4024 I baseline.com.newsblur.network.APIManager: API call failed, pausing before retry number 2
08-04 13:32:37.950 27683  3242 I art     : Explicit concurrent mark sweep GC freed 830(196KB) AllocSpace objects, 2(40KB) LOS objects, 27% free, 41MB/57MB, paused 1.533ms total 66.439ms
08-04 13:32:37.965 27683  3242 I art     : Starting a blocking GC Explicit
08-04 13:32:38.034 27683  3242 I art     : Explicit concurrent mark sweep GC freed 110(16KB) AllocSpace objects, 0(0B) LOS objects, 27% free, 41MB/57MB, paused 1.710ms total 68.064ms
08-04 13:32:38.049 27683  3242 I art     : Starting a blocking GC Explicit
08-04 13:32:38.114 27683  3242 I art     : Explicit concurrent mark sweep GC freed 20(672B) AllocSpace objects, 0(0B) LOS objects, 27% free, 41MB/57MB, paused 1.611ms total 64.876ms
08-04 13:32:38.533 27683 27697 I art     : Starting a blocking GC Explicit
08-04 13:32:38.598 27683 27697 I art     : Explicit concurrent mark sweep GC freed 1443(83KB) AllocSpace objects, 1(20KB) LOS objects, 27% free, 41MB/57MB, paused 1.673ms total 64.820ms
08-04 13:32:38.613 27683 27697 I art     : Starting a blocking GC Explicit
08-04 13:32:38.683 27683 27697 I art     : Explicit concurrent mark sweep GC freed 22(784B) AllocSpace objects, 0(0B) LOS objects, 27% free, 41MB/57MB, paused 1.756ms total 68.856ms
08-04 13:32:38.701 27683 27697 I art     : Starting a blocking GC Explicit
08-04 13:32:38.768 27683 27697 I art     : Explicit concurrent mark sweep GC freed 3(96B) AllocSpace objects, 0(0B) LOS objects, 27% free, 41MB/57MB, paused 1.713ms total 67.065ms
08-04 13:32:38.783 27683 27697 I art     : Starting a blocking GC Explicit
08-04 13:32:38.853 27683 27697 I art     : Explicit concurrent mark sweep GC freed 3(96B) AllocSpace objects, 0(0B) LOS objects, 27% free, 41MB/57MB, paused 1.591ms total 68.950ms
08-04 13:32:38.864   518   646 I ThermalEngine: ACTION: GPU - Setting GPU[0] to 510000000
08-04 13:32:38.871 27683 27697 I art     : Starting a blocking GC Explicit
08-04 13:32:38.928 27683 27697 I art     : Explicit concurrent mark sweep GC freed 3(96B) AllocSpace objects, 0(0B) LOS objects, 27% free, 41MB/57MB, paused 1.223ms total 57.076ms
08-04 13:32:39.292 27683  3240 I art     : Starting a blocking GC Explicit
08-04 13:32:39.346 27683  3240 I art     : Explicit concurrent mark sweep GC freed 1442(84KB) AllocSpace objects, 1(20KB) LOS objects, 27% free, 41MB/57MB, paused 1.220ms total 53.066ms
08-04 13:32:39.360 27683  3240 I art     : Starting a blocking GC Explicit
08-04 13:32:39.411 27683  3240 I art     : Explicit concurrent mark sweep GC freed 22(784B) AllocSpace objects, 0(0B) LOS objects, 27% free, 41MB/57MB, paused 1.236ms total 51.030ms
08-04 13:32:39.423 27683  3240 I art     : Starting a blocking GC Explicit
08-04 13:32:39.431 13866 13882 I PeriodicStatsRunner: PeriodicStatsRunner.call():175 call()
08-04 13:32:39.431 13866 13882 I PeriodicStatsRunner: PeriodicStatsRunner.call():179 No submit PeriodicStats since input started.
08-04 13:32:39.474 27683  3240 I art     : Explicit concurrent mark sweep GC freed 3(96B) AllocSpace objects, 0(0B) LOS objects, 27% free, 41MB/57MB, paused 1.191ms total 50.240ms
08-04 13:32:39.486 27683  3240 I art     : Starting a blocking GC Explicit
08-04 13:32:39.538 27683  3240 I art     : Explicit concurrent mark sweep GC freed 3(96B) AllocSpace objects, 0(0B) LOS objects, 27% free, 41MB/57MB, paused 1.252ms total 51.912ms
08-04 13:32:39.554 27683  3240 I art     : Starting a blocking GC Explicit
08-04 13:32:39.602 27683  3240 I art     : Explicit concurrent mark sweep GC freed 3(96B) AllocSpace objects, 0(0B) LOS objects, 27% free, 41MB/57MB, paused 1.127ms total 47.373ms
08-04 13:32:39.982 27683 27696 I art     : Starting a blocking GC Explicit
08-04 13:32:40.036 27683 27696 I art     : Explicit concurrent mark sweep GC freed 1442(83KB) AllocSpace objects, 1(20KB) LOS objects, 27% free, 41MB/57MB, paused 1.249ms total 53.398ms
08-04 13:32:40.048 27683 27696 I art     : Starting a blocking GC Explicit
08-04 13:32:40.098 27683 27696 I art     : Explicit concurrent mark sweep GC freed 22(800B) AllocSpace objects, 0(0B) LOS objects, 27% free, 41MB/57MB, paused 1.255ms total 49.892ms
08-04 13:32:40.109 27683 27696 I art     : Starting a blocking GC Explicit
08-04 13:32:40.160 27683 27696 I art     : Explicit concurrent mark sweep GC freed 3(96B) AllocSpace objects, 0(0B) LOS objects, 27% free, 41MB/57MB, paused 1.206ms total 49.944ms
08-04 13:32:40.171 27683 27696 I art     : Starting a blocking GC Explicit
08-04 13:32:40.223 27683 27696 I art     : Explicit concurrent mark sweep GC freed 3(96B) AllocSpace objects, 0(0B) LOS objects, 27% free, 41MB/57MB, paused 1.156ms total 51.869ms
08-04 13:32:40.235 27683 27696 I art     : Starting a blocking GC Explicit
08-04 13:32:40.284 27683 27696 I art     : Explicit concurrent mark sweep GC freed 3(96B) AllocSpace objects, 0(0B) LOS objects, 27% free, 41MB/57MB, paused 1.202ms total 48.632ms
08-04 13:32:40.656 27683  3242 I art     : Starting a blocking GC Explicit
08-04 13:32:40.707 27683  3242 I art     : Explicit concurrent mark sweep GC freed 1442(82KB) AllocSpace objects, 1(20KB) LOS objects, 27% free, 41MB/57MB, paused 1.168ms total 50.952ms
08-04 13:32:40.719 27683  3242 I art     : Starting a blocking GC Explicit
08-04 13:32:40.769 27683  3242 I art     : Explicit concurrent mark sweep GC freed 22(784B) AllocSpace objects, 0(0B) LOS objects, 27% free, 41MB/57MB, paused 1.268ms total 49.886ms
08-04 13:32:40.782 27683  3242 I art     : Starting a blocking GC Explicit
08-04 13:32:40.833 27683  3242 I art     : Explicit concurrent mark sweep GC freed 3(96B) AllocSpace objects, 0(0B) LOS objects, 27% free, 41MB/57MB, paused 1.178ms total 51.190ms
08-04 13:32:40.845 27683  3242 I art     : Starting a blocking GC Explicit
08-04 13:32:40.895 27683  3242 I art     : Explicit concurrent mark sweep GC freed 3(96B) AllocSpace objects, 0(0B) LOS objects, 27% free, 41MB/57MB, paused 1.209ms total 50.358ms
08-04 13:32:40.907 27683  3242 I art     : Starting a blocking GC Explicit
08-04 13:32:40.959 27683  3242 I art     : Explicit concurrent mark sweep GC freed 94(3KB) AllocSpace objects, 0(0B) LOS objects, 27% free, 41MB/57MB, paused 1.277ms total 52.024ms
08-04 13:32:41.349 27683 27697 I art     : Starting a blocking GC Explicit
08-04 13:32:41.402 27683 27697 I art     : Explicit concurrent mark sweep GC freed 1521(88KB) AllocSpace objects, 1(20KB) LOS objects, 27% free, 41MB/57MB, paused 1.277ms total 52.323ms
08-04 13:32:41.414 27683 27697 I art     : Starting a blocking GC Explicit
08-04 13:32:41.463 27683 27697 I art     : Explicit concurrent mark sweep GC freed 1676(65KB) AllocSpace objects, 0(0B) LOS objects, 27% free, 41MB/57MB, paused 1.220ms total 49.322ms
08-04 13:32:41.475 27683 27697 I art     : Starting a blocking GC Explicit
08-04 13:32:41.488 27683  4024 E baseline.com.newsblur.network.APIResponse: Error (unexpected end of stream on https://www.newsblur.com/...) calling https://www.newsblur.com/reader/mark_story_hashes_as_read/
08-04 13:32:41.488 27683  4024 E baseline.com.newsblur.network.APIResponse: java.io.IOException: unexpected end of stream on https://www.newsblur.com/...
08-04 13:32:41.488 27683  4024 E baseline.com.newsblur.network.APIResponse: 	at okhttp3.internal.http1.Http1ExchangeCodec.readResponseHeaders(Http1ExchangeCodec.java:236)
08-04 13:32:41.488 27683  4024 E baseline.com.newsblur.network.APIResponse: 	at okhttp3.internal.connection.Exchange.readResponseHeaders(Exchange.java:115)
08-04 13:32:41.488 27683  4024 E baseline.com.newsblur.network.APIResponse: 	at okhttp3.internal.http.CallServerInterceptor.intercept(CallServerInterceptor.java:94)
08-04 13:32:41.488 27683  4024 E baseline.com.newsblur.network.APIResponse: 	at okhttp3.internal.http.RealInterceptorChain.proceed(RealInterceptorChain.java:142)
08-04 13:32:41.488 27683  4024 E baseline.com.newsblur.network.APIResponse: 	at okhttp3.internal.connection.ConnectInterceptor.intercept(ConnectInterceptor.java:43)
08-04 13:32:41.488 27683  4024 E baseline.com.newsblur.network.APIResponse: 	at okhttp3.internal.http.RealInterceptorChain.proceed(RealInterceptorChain.java:142)
08-04 13:32:41.488 27683  4024 E baseline.com.newsblur.network.APIResponse: 	at okhttp3.internal.http.RealInterceptorChain.proceed(RealInterceptorChain.java:117)
08-04 13:32:41.488 27683  4024 E baseline.com.newsblur.network.APIResponse: 	at okhttp3.internal.cache.CacheInterceptor.intercept(CacheInterceptor.java:94)
08-04 13:32:41.488 27683  4024 E baseline.com.newsblur.network.APIResponse: 	at okhttp3.internal.http.RealInterceptorChain.proceed(RealInterceptorChain.java:142)
08-04 13:32:41.488 27683  4024 E baseline.com.newsblur.network.APIResponse: 	at okhttp3.internal.http.RealInterceptorChain.proceed(RealInterceptorChain.java:117)
08-04 13:32:41.488 27683  4024 E baseline.com.newsblur.network.APIResponse: 	at okhttp3.internal.http.BridgeInterceptor.intercept(BridgeInterceptor.java:93)
08-04 13:32:41.488 27683  4024 E baseline.com.newsblur.network.APIResponse: 	at okhttp3.internal.http.RealInterceptorChain.proceed(RealInterceptorChain.java:142)
08-04 13:32:41.488 27683  4024 E baseline.com.newsblur.network.APIResponse: 	at okhttp3.internal.http.RetryAndFollowUpInterceptor.intercept(RetryAndFollowUpInterceptor.java:88)
08-04 13:32:41.488 27683  4024 E baseline.com.newsblur.network.APIResponse: 	at okhttp3.internal.http.RealInterceptorChain.proceed(RealInterceptorChain.java:142)
08-04 13:32:41.488 27683  4024 E baseline.com.newsblur.network.APIResponse: 	at okhttp3.internal.http.RealInterceptorChain.proceed(RealInterceptorChain.java:117)
08-04 13:32:41.488 27683  4024 E baseline.com.newsblur.network.APIResponse: 	at okhttp3.RealCall.getResponseWithInterceptorChain(RealCall.java:229)
08-04 13:32:41.488 27683  4024 E baseline.com.newsblur.network.APIResponse: 	at okhttp3.RealCall.execute(RealCall.java:81)
08-04 13:32:41.488 27683  4024 E baseline.com.newsblur.network.APIResponse: 	at baseline.com.newsblur.network.APIResponse.<init>(APIResponse.java:57)
08-04 13:32:41.488 27683  4024 E baseline.com.newsblur.network.APIResponse: 	at baseline.com.newsblur.network.APIResponse.<init>(APIResponse.java:43)
08-04 13:32:41.488 27683  4024 E baseline.com.newsblur.network.APIResponse: 	at baseline.com.newsblur.network.APIManager.post_single(APIManager.java:702)
08-04 13:32:41.488 27683  4024 E baseline.com.newsblur.network.APIResponse: 	at baseline.com.newsblur.network.APIManager.post(APIManager.java:675)
08-04 13:32:41.488 27683  4024 E baseline.com.newsblur.network.APIResponse: 	at baseline.com.newsblur.network.APIManager.post(APIManager.java:714)
08-04 13:32:41.488 27683  4024 E baseline.com.newsblur.network.APIResponse: 	at baseline.com.newsblur.network.APIManager.markStoryAsRead(APIManager.java:205)
08-04 13:32:41.488 27683  4024 E baseline.com.newsblur.network.APIResponse: 	at baseline.com.newsblur.util.ReadingAction.doRemote(ReadingAction.java:281)
08-04 13:32:41.488 27683  4024 E baseline.com.newsblur.network.APIResponse: 	at baseline.com.newsblur.service.NBSyncService.syncActions(NBSyncService.java:400)
08-04 13:32:41.488 27683  4024 E baseline.com.newsblur.network.APIResponse: 	at baseline.com.newsblur.service.NBSyncService.doSync(NBSyncService.java:298)
08-04 13:32:41.488 27683  4024 E baseline.com.newsblur.network.APIResponse: 	at baseline.com.newsblur.service.NBSyncService.access$100(NBSyncService.java:67)
08-04 13:32:41.488 27683  4024 E baseline.com.newsblur.network.APIResponse: 	at baseline.com.newsblur.service.NBSyncService$1.run(NBSyncService.java:188)
08-04 13:32:41.488 27683  4024 E baseline.com.newsblur.network.APIResponse: 	at java.util.concurrent.ThreadPoolExecutor.runWorker(ThreadPoolExecutor.java:1113)
08-04 13:32:41.488 27683  4024 E baseline.com.newsblur.network.APIResponse: 	at java.util.concurrent.ThreadPoolExecutor$Worker.run(ThreadPoolExecutor.java:588)
08-04 13:32:41.488 27683  4024 E baseline.com.newsblur.network.APIResponse: 	at java.lang.Thread.run(Thread.java:818)
08-04 13:32:41.488 27683  4024 E baseline.com.newsblur.network.APIResponse: Caused by: java.io.EOFException: \n not found: limit=0 content=
08-04 13:32:41.488 27683  4024 E baseline.com.newsblur.network.APIResponse: 	at okio.RealBufferedSource.readUtf8LineStrict(RealBufferedSource.java:240)
08-04 13:32:41.488 27683  4024 E baseline.com.newsblur.network.APIResponse: 	at okhttp3.internal.http1.Http1ExchangeCodec.readHeaderLine(Http1ExchangeCodec.java:242)
08-04 13:32:41.488 27683  4024 E baseline.com.newsblur.network.APIResponse: 	at okhttp3.internal.http1.Http1ExchangeCodec.readResponseHeaders(Http1ExchangeCodec.java:213)
08-04 13:32:41.488 27683  4024 E baseline.com.newsblur.network.APIResponse: 	... 30 more
08-04 13:32:41.491 27683  4024 I baseline.com.newsblur.service.NBSyncService: Holding reading action with server-side or network error.
08-04 13:32:41.507 27683  4024 W baseline.com.newsblur.service.NBSyncService: hard API failure
08-04 13:32:41.523 27683 27697 I art     : Explicit concurrent mark sweep GC freed 1133(239KB) AllocSpace objects, 4(80KB) LOS objects, 27% free, 41MB/57MB, paused 1.288ms total 48.039ms
08-04 13:32:41.534 27683 27697 I art     : Starting a blocking GC Explicit
08-04 13:32:41.584 27683 27697 I art     : Explicit concurrent mark sweep GC freed 223(23KB) AllocSpace objects, 0(0B) LOS objects, 27% free, 41MB/57MB, paused 1.224ms total 49.373ms
08-04 13:32:41.596 27683 27697 I art     : Starting a blocking GC Explicit
08-04 13:32:41.647 27683 27697 I art     : Explicit concurrent mark sweep GC freed 25(832B) AllocSpace objects, 0(0B) LOS objects, 27% free, 41MB/57MB, paused 1.271ms total 50.613ms
08-04 13:32:41.885 27683  4024 E baseline.com.newsblur.network.APIResponse: Error (unexpected end of stream on https://www.newsblur.com/...) calling https://www.newsblur.com/reader/mark_story_hashes_as_read/
08-04 13:32:41.885 27683  4024 E baseline.com.newsblur.network.APIResponse: java.io.IOException: unexpected end of stream on https://www.newsblur.com/...
08-04 13:32:41.885 27683  4024 E baseline.com.newsblur.network.APIResponse: 	at okhttp3.internal.http1.Http1ExchangeCodec.readResponseHeaders(Http1ExchangeCodec.java:236)
08-04 13:32:41.885 27683  4024 E baseline.com.newsblur.network.APIResponse: 	at okhttp3.internal.connection.Exchange.readResponseHeaders(Exchange.java:115)
08-04 13:32:41.885 27683  4024 E baseline.com.newsblur.network.APIResponse: 	at okhttp3.internal.http.CallServerInterceptor.intercept(CallServerInterceptor.java:94)
08-04 13:32:41.885 27683  4024 E baseline.com.newsblur.network.APIResponse: 	at okhttp3.internal.http.RealInterceptorChain.proceed(RealInterceptorChain.java:142)
08-04 13:32:41.885 27683  4024 E baseline.com.newsblur.network.APIResponse: 	at okhttp3.internal.connection.ConnectInterceptor.intercept(ConnectInterceptor.java:43)
08-04 13:32:41.885 27683  4024 E baseline.com.newsblur.network.APIResponse: 	at okhttp3.internal.http.RealInterceptorChain.proceed(RealInterceptorChain.java:142)
08-04 13:32:41.885 27683  4024 E baseline.com.newsblur.network.APIResponse: 	at okhttp3.internal.http.RealInterceptorChain.proceed(RealInterceptorChain.java:117)
08-04 13:32:41.885 27683  4024 E baseline.com.newsblur.network.APIResponse: 	at okhttp3.internal.cache.CacheInterceptor.intercept(CacheInterceptor.java:94)
08-04 13:32:41.885 27683  4024 E baseline.com.newsblur.network.APIResponse: 	at okhttp3.internal.http.RealInterceptorChain.proceed(RealInterceptorChain.java:142)
08-04 13:32:41.885 27683  4024 E baseline.com.newsblur.network.APIResponse: 	at okhttp3.internal.http.RealInterceptorChain.proceed(RealInterceptorChain.java:117)
08-04 13:32:41.885 27683  4024 E baseline.com.newsblur.network.APIResponse: 	at okhttp3.internal.http.BridgeInterceptor.intercept(BridgeInterceptor.java:93)
08-04 13:32:41.885 27683  4024 E baseline.com.newsblur.network.APIResponse: 	at okhttp3.internal.http.RealInterceptorChain.proceed(RealInterceptorChain.java:142)
08-04 13:32:41.885 27683  4024 E baseline.com.newsblur.network.APIResponse: 	at okhttp3.internal.http.RetryAndFollowUpInterceptor.intercept(RetryAndFollowUpInterceptor.java:88)
08-04 13:32:41.885 27683  4024 E baseline.com.newsblur.network.APIResponse: 	at okhttp3.internal.http.RealInterceptorChain.proceed(RealInterceptorChain.java:142)
08-04 13:32:41.885 27683  4024 E baseline.com.newsblur.network.APIResponse: 	at okhttp3.internal.http.RealInterceptorChain.proceed(RealInterceptorChain.java:117)
08-04 13:32:41.885 27683  4024 E baseline.com.newsblur.network.APIResponse: 	at okhttp3.RealCall.getResponseWithInterceptorChain(RealCall.java:229)
08-04 13:32:41.885 27683  4024 E baseline.com.newsblur.network.APIResponse: 	at okhttp3.RealCall.execute(RealCall.java:81)
08-04 13:32:41.885 27683  4024 E baseline.com.newsblur.network.APIResponse: 	at baseline.com.newsblur.network.APIResponse.<init>(APIResponse.java:57)
08-04 13:32:41.885 27683  4024 E baseline.com.newsblur.network.APIResponse: 	at baseline.com.newsblur.network.APIResponse.<init>(APIResponse.java:43)
08-04 13:32:41.885 27683  4024 E baseline.com.newsblur.network.APIResponse: 	at baseline.com.newsblur.network.APIManager.post_single(APIManager.java:702)
08-04 13:32:41.885 27683  4024 E baseline.com.newsblur.network.APIResponse: 	at baseline.com.newsblur.network.APIManager.post(APIManager.java:675)
08-04 13:32:41.885 27683  4024 E baseline.com.newsblur.network.APIResponse: 	at baseline.com.newsblur.network.APIManager.post(APIManager.java:714)
08-04 13:32:41.885 27683  4024 E baseline.com.newsblur.network.APIResponse: 	at baseline.com.newsblur.network.APIManager.markStoryAsRead(APIManager.java:205)
08-04 13:32:41.885 27683  4024 E baseline.com.newsblur.network.APIResponse: 	at baseline.com.newsblur.util.ReadingAction.doRemote(ReadingAction.java:281)
08-04 13:32:41.885 27683  4024 E baseline.com.newsblur.network.APIResponse: 	at baseline.com.newsblur.service.NBSyncService.syncActions(NBSyncService.java:400)
08-04 13:32:41.885 27683  4024 E baseline.com.newsblur.network.APIResponse: 	at baseline.com.newsblur.service.NBSyncService.doSync(NBSyncService.java:298)
08-04 13:32:41.885 27683  4024 E baseline.com.newsblur.network.APIResponse: 	at baseline.com.newsblur.service.NBSyncService.access$100(NBSyncService.java:67)
08-04 13:32:41.885 27683  4024 E baseline.com.newsblur.network.APIResponse: 	at baseline.com.newsblur.service.NBSyncService$1.run(NBSyncService.java:188)
08-04 13:32:41.885 27683  4024 E baseline.com.newsblur.network.APIResponse: 	at java.util.concurrent.ThreadPoolExecutor.runWorker(ThreadPoolExecutor.java:1113)
08-04 13:32:41.885 27683  4024 E baseline.com.newsblur.network.APIResponse: 	at java.util.concurrent.ThreadPoolExecutor$Worker.run(ThreadPoolExecutor.java:588)
08-04 13:32:41.885 27683  4024 E baseline.com.newsblur.network.APIResponse: 	at java.lang.Thread.run(Thread.java:818)
08-04 13:32:41.885 27683  4024 E baseline.com.newsblur.network.APIResponse: Caused by: java.io.EOFException: \n not found: limit=0 content=
08-04 13:32:41.885 27683  4024 E baseline.com.newsblur.network.APIResponse: 	at okio.RealBufferedSource.readUtf8LineStrict(RealBufferedSource.java:240)
08-04 13:32:41.885 27683  4024 E baseline.com.newsblur.network.APIResponse: 	at okhttp3.internal.http1.Http1ExchangeCodec.readHeaderLine(Http1ExchangeCodec.java:242)
08-04 13:32:41.885 27683  4024 E baseline.com.newsblur.network.APIResponse: 	at okhttp3.internal.http1.Http1ExchangeCodec.readResponseHeaders(Http1ExchangeCodec.java:213)
08-04 13:32:41.885 27683  4024 E baseline.com.newsblur.network.APIResponse: 	... 30 more
08-04 13:32:41.887 27683  4024 I baseline.com.newsblur.network.APIManager: API call failed, pausing before retry number 1
08-04 13:32:42.023 27683  3240 I art     : Starting a blocking GC Explicit
08-04 13:32:42.076 27683  3240 I art     : Explicit concurrent mark sweep GC freed 3952(357KB) AllocSpace objects, 3(60KB) LOS objects, 27% free, 41MB/57MB, paused 1.156ms total 52.467ms
08-04 13:32:42.089 27683  3240 I art     : Starting a blocking GC Explicit
08-04 13:32:42.140 27683  3240 I art     : Explicit concurrent mark sweep GC freed 120(4KB) AllocSpace objects, 0(0B) LOS objects, 27% free, 41MB/57MB, paused 1.235ms total 50.334ms
08-04 13:32:42.151 27683  3240 I art     : Starting a blocking GC Explicit
08-04 13:32:42.201 27683  3240 I art     : Explicit concurrent mark sweep GC freed 3(96B) AllocSpace objects, 0(0B) LOS objects, 27% free, 41MB/57MB, paused 1.180ms total 49.859ms
08-04 13:32:42.213 27683  3240 I art     : Starting a blocking GC Explicit
08-04 13:32:42.263 27683  3240 I art     : Explicit concurrent mark sweep GC freed 3(96B) AllocSpace objects, 0(0B) LOS objects, 27% free, 41MB/57MB, paused 1.227ms total 49.719ms
08-04 13:32:42.275 27683  3240 I art     : Starting a blocking GC Explicit
08-04 13:32:42.327 27683  3240 I art     : Explicit concurrent mark sweep GC freed 3(96B) AllocSpace objects, 0(0B) LOS objects, 27% free, 41MB/57MB, paused 1.321ms total 52.196ms
08-04 13:32:42.717 27683 27696 I art     : Starting a blocking GC Explicit
08-04 13:32:42.770 27683 27696 I art     : Explicit concurrent mark sweep GC freed 1441(82KB) AllocSpace objects, 1(20KB) LOS objects, 27% free, 41MB/57MB, paused 1.236ms total 52.363ms
08-04 13:32:42.782 27683 27696 I art     : Starting a blocking GC Explicit
08-04 13:32:42.833 27683 27696 I art     : Explicit concurrent mark sweep GC freed 22(784B) AllocSpace objects, 0(0B) LOS objects, 27% free, 41MB/57MB, paused 1.154ms total 51.469ms
08-04 13:32:42.845 27683 27696 I art     : Starting a blocking GC Explicit
08-04 13:32:42.873   918  3261 D WifiStateMachine: starting scan for "H369AA63323"WPA_PSK with 2412,5180
08-04 13:32:42.895 27683 27696 I art     : Explicit concurrent mark sweep GC freed 3(96B) AllocSpace objects, 0(0B) LOS objects, 27% free, 41MB/57MB, paused 1.100ms total 49.378ms
08-04 13:32:42.907 27683 27696 I art     : Starting a blocking GC Explicit
08-04 13:32:42.957 27683 27696 I art     : Explicit concurrent mark sweep GC freed 3(96B) AllocSpace objects, 0(0B) LOS objects, 27% free, 41MB/57MB, paused 1.110ms total 50.135ms
08-04 13:32:42.969 27683 27696 I art     : Starting a blocking GC Explicit
08-04 13:32:43.020 27683 27696 I art     : Explicit concurrent mark sweep GC freed 3(96B) AllocSpace objects, 0(0B) LOS objects, 27% free, 41MB/57MB, paused 1.240ms total 50.234ms
08-04 13:32:43.370 27683  3242 I art     : Starting a blocking GC Explicit
08-04 13:32:43.423 27683  3242 I art     : Explicit concurrent mark sweep GC freed 1532(86KB) AllocSpace objects, 1(20KB) LOS objects, 27% free, 41MB/57MB, paused 1.220ms total 52.911ms
08-04 13:32:43.434 27683  3242 I art     : Starting a blocking GC Explicit
08-04 13:32:43.483 27683  3242 I art     : Explicit concurrent mark sweep GC freed 40(1600B) AllocSpace objects, 0(0B) LOS objects, 27% free, 41MB/57MB, paused 1.294ms total 48.645ms
08-04 13:32:43.494 27683  3242 I art     : Starting a blocking GC Explicit
08-04 13:32:43.544 27683  3242 I art     : Explicit concurrent mark sweep GC freed 65(4KB) AllocSpace objects, 0(0B) LOS objects, 27% free, 41MB/57MB, paused 1.172ms total 49.197ms
08-04 13:32:43.556 27683  3242 I art     : Starting a blocking GC Explicit
08-04 13:32:43.604 27683  3242 I art     : Explicit concurrent mark sweep GC freed 3(96B) AllocSpace objects, 0(0B) LOS objects, 27% free, 41MB/57MB, paused 1.329ms total 47.981ms
08-04 13:32:43.615 27683  3242 I art     : Starting a blocking GC Explicit
08-04 13:32:43.665 27683  3242 I art     : Explicit concurrent mark sweep GC freed 3(96B) AllocSpace objects, 0(0B) LOS objects, 27% free, 41MB/57MB, paused 1.182ms total 49.321ms
08-04 13:32:43.928 27683  4024 E baseline.com.newsblur.network.APIResponse: Error (unexpected end of stream on https://www.newsblur.com/...) calling https://www.newsblur.com/reader/mark_story_hashes_as_read/
08-04 13:32:43.928 27683  4024 E baseline.com.newsblur.network.APIResponse: java.io.IOException: unexpected end of stream on https://www.newsblur.com/...
08-04 13:32:43.928 27683  4024 E baseline.com.newsblur.network.APIResponse: 	at okhttp3.internal.http1.Http1ExchangeCodec.readResponseHeaders(Http1ExchangeCodec.java:236)
08-04 13:32:43.928 27683  4024 E baseline.com.newsblur.network.APIResponse: 	at okhttp3.internal.connection.Exchange.readResponseHeaders(Exchange.java:115)
08-04 13:32:43.928 27683  4024 E baseline.com.newsblur.network.APIResponse: 	at okhttp3.internal.http.CallServerInterceptor.intercept(CallServerInterceptor.java:94)
08-04 13:32:43.928 27683  4024 E baseline.com.newsblur.network.APIResponse: 	at okhttp3.internal.http.RealInterceptorChain.proceed(RealInterceptorChain.java:142)
08-04 13:32:43.928 27683  4024 E baseline.com.newsblur.network.APIResponse: 	at okhttp3.internal.connection.ConnectInterceptor.intercept(ConnectInterceptor.java:43)
08-04 13:32:43.928 27683  4024 E baseline.com.newsblur.network.APIResponse: 	at okhttp3.internal.http.RealInterceptorChain.proceed(RealInterceptorChain.java:142)
08-04 13:32:43.928 27683  4024 E baseline.com.newsblur.network.APIResponse: 	at okhttp3.internal.http.RealInterceptorChain.proceed(RealInterceptorChain.java:117)
08-04 13:32:43.928 27683  4024 E baseline.com.newsblur.network.APIResponse: 	at okhttp3.internal.cache.CacheInterceptor.intercept(CacheInterceptor.java:94)
08-04 13:32:43.928 27683  4024 E baseline.com.newsblur.network.APIResponse: 	at okhttp3.internal.http.RealInterceptorChain.proceed(RealInterceptorChain.java:142)
08-04 13:32:43.928 27683  4024 E baseline.com.newsblur.network.APIResponse: 	at okhttp3.internal.http.RealInterceptorChain.proceed(RealInterceptorChain.java:117)
08-04 13:32:43.928 27683  4024 E baseline.com.newsblur.network.APIResponse: 	at okhttp3.internal.http.BridgeInterceptor.intercept(BridgeInterceptor.java:93)
08-04 13:32:43.928 27683  4024 E baseline.com.newsblur.network.APIResponse: 	at okhttp3.internal.http.RealInterceptorChain.proceed(RealInterceptorChain.java:142)
08-04 13:32:43.928 27683  4024 E baseline.com.newsblur.network.APIResponse: 	at okhttp3.internal.http.RetryAndFollowUpInterceptor.intercept(RetryAndFollowUpInterceptor.java:88)
08-04 13:32:43.928 27683  4024 E baseline.com.newsblur.network.APIResponse: 	at okhttp3.internal.http.RealInterceptorChain.proceed(RealInterceptorChain.java:142)
08-04 13:32:43.928 27683  4024 E baseline.com.newsblur.network.APIResponse: 	at okhttp3.internal.http.RealInterceptorChain.proceed(RealInterceptorChain.java:117)
08-04 13:32:43.928 27683  4024 E baseline.com.newsblur.network.APIResponse: 	at okhttp3.RealCall.getResponseWithInterceptorChain(RealCall.java:229)
08-04 13:32:43.928 27683  4024 E baseline.com.newsblur.network.APIResponse: 	at okhttp3.RealCall.execute(RealCall.java:81)
08-04 13:32:43.928 27683  4024 E baseline.com.newsblur.network.APIResponse: 	at baseline.com.newsblur.network.APIResponse.<init>(APIResponse.java:57)
08-04 13:32:43.928 27683  4024 E baseline.com.newsblur.network.APIResponse: 	at baseline.com.newsblur.network.APIResponse.<init>(APIResponse.java:43)
08-04 13:32:43.928 27683  4024 E baseline.com.newsblur.network.APIResponse: 	at baseline.com.newsblur.network.APIManager.post_single(APIManager.java:702)
08-04 13:32:43.928 27683  4024 E baseline.com.newsblur.network.APIResponse: 	at baseline.com.newsblur.network.APIManager.post(APIManager.java:675)
08-04 13:32:43.928 27683  4024 E baseline.com.newsblur.network.APIResponse: 	at baseline.com.newsblur.network.APIManager.post(APIManager.java:714)
08-04 13:32:43.928 27683  4024 E baseline.com.newsblur.network.APIResponse: 	at baseline.com.newsblur.network.APIManager.markStoryAsRead(APIManager.java:205)
08-04 13:32:43.928 27683  4024 E baseline.com.newsblur.network.APIResponse: 	at baseline.com.newsblur.util.ReadingAction.doRemote(ReadingAction.java:281)
08-04 13:32:43.928 27683  4024 E baseline.com.newsblur.network.APIResponse: 	at baseline.com.newsblur.service.NBSyncService.syncActions(NBSyncService.java:400)
08-04 13:32:43.928 27683  4024 E baseline.com.newsblur.network.APIResponse: 	at baseline.com.newsblur.service.NBSyncService.doSync(NBSyncService.java:298)
08-04 13:32:43.928 27683  4024 E baseline.com.newsblur.network.APIResponse: 	at baseline.com.newsblur.service.NBSyncService.access$100(NBSyncService.java:67)
08-04 13:32:43.928 27683  4024 E baseline.com.newsblur.network.APIResponse: 	at baseline.com.newsblur.service.NBSyncService$1.run(NBSyncService.java:188)
08-04 13:32:43.928 27683  4024 E baseline.com.newsblur.network.APIResponse: 	at java.util.concurrent.ThreadPoolExecutor.runWorker(ThreadPoolExecutor.java:1113)
08-04 13:32:43.928 27683  4024 E baseline.com.newsblur.network.APIResponse: 	at java.util.concurrent.ThreadPoolExecutor$Worker.run(ThreadPoolExecutor.java:588)
08-04 13:32:43.928 27683  4024 E baseline.com.newsblur.network.APIResponse: 	at java.lang.Thread.run(Thread.java:818)
08-04 13:32:43.928 27683  4024 E baseline.com.newsblur.network.APIResponse: Caused by: java.io.EOFException: \n not found: limit=0 content=
08-04 13:32:43.928 27683  4024 E baseline.com.newsblur.network.APIResponse: 	at okio.RealBufferedSource.readUtf8LineStrict(RealBufferedSource.java:240)
08-04 13:32:43.928 27683  4024 E baseline.com.newsblur.network.APIResponse: 	at okhttp3.internal.http1.Http1ExchangeCodec.readHeaderLine(Http1ExchangeCodec.java:242)
08-04 13:32:43.928 27683  4024 E baseline.com.newsblur.network.APIResponse: 	at okhttp3.internal.http1.Http1ExchangeCodec.readResponseHeaders(Http1ExchangeCodec.java:213)
08-04 13:32:43.928 27683  4024 E baseline.com.newsblur.network.APIResponse: 	... 30 more
08-04 13:32:43.929 27683  4024 I baseline.com.newsblur.network.APIManager: API call failed, pausing before retry number 2
08-04 13:32:44.052 27683 27697 I art     : Starting a blocking GC Explicit
08-04 13:32:44.109 27683 27697 I art     : Explicit concurrent mark sweep GC freed 3952(357KB) AllocSpace objects, 3(60KB) LOS objects, 27% free, 41MB/57MB, paused 1.369ms total 56.018ms
08-04 13:32:44.122 27683 27697 I art     : Starting a blocking GC Explicit
08-04 13:32:44.171 27683 27697 I art     : Explicit concurrent mark sweep GC freed 120(4KB) AllocSpace objects, 0(0B) LOS objects, 27% free, 41MB/57MB, paused 1.113ms total 48.609ms
08-04 13:32:44.182 27683 27697 I art     : Starting a blocking GC Explicit
08-04 13:32:44.230 27683 27697 I art     : Explicit concurrent mark sweep GC freed 3(96B) AllocSpace objects, 0(0B) LOS objects, 27% free, 41MB/57MB, paused 1.228ms total 47.328ms
08-04 13:32:44.241 27683 27697 I art     : Starting a blocking GC Explicit
08-04 13:32:44.254 30348 30348 I ServiceManager: Waiting for service AtCmdFwd...
08-04 13:32:44.291 27683 27697 I art     : Explicit concurrent mark sweep GC freed 3(96B) AllocSpace objects, 0(0B) LOS objects, 27% free, 41MB/57MB, paused 1.149ms total 49.767ms
08-04 13:32:44.303 27683 27697 I art     : Starting a blocking GC Explicit
08-04 13:32:44.350 27683 27697 I art     : Explicit concurrent mark sweep GC freed 3(96B) AllocSpace objects, 0(0B) LOS objects, 27% free, 41MB/57MB, paused 1.217ms total 46.967ms
08-04 13:32:44.695 27683  3240 I art     : Starting a blocking GC Explicit
08-04 13:32:44.745 27683  3240 I art     : Explicit concurrent mark sweep GC freed 1441(82KB) AllocSpace objects, 1(20KB) LOS objects, 27% free, 41MB/57MB, paused 1.245ms total 49.598ms
08-04 13:32:44.757 27683  3240 I art     : Starting a blocking GC Explicit
08-04 13:32:44.794  5453  5453 D AndroidRuntime: >>>>>> START com.android.internal.os.RuntimeInit uid 2000 <<<<<<
08-04 13:32:44.799  5453  5453 D AndroidRuntime: CheckJNI is OFF
08-04 13:32:44.807 27683  3240 I art     : Explicit concurrent mark sweep GC freed 22(800B) AllocSpace objects, 0(0B) LOS objects, 27% free, 41MB/57MB, paused 1.275ms total 50.137ms
08-04 13:32:44.819 27683  3240 I art     : Starting a blocking GC Explicit
08-04 13:32:44.835  5453  5453 D ICU     : No timezone override file found: /data/misc/zoneinfo/current/icu/icu_tzdata.dat
08-04 13:32:44.867 27683  3240 I art     : Explicit concurrent mark sweep GC freed 3(96B) AllocSpace objects, 0(0B) LOS objects, 27% free, 41MB/57MB, paused 1.204ms total 47.899ms
08-04 13:32:44.870  5453  5453 I Radio-JNI: register_android_hardware_Radio DONE
08-04 13:32:44.878 27683  3240 I art     : Starting a blocking GC Explicit
08-04 13:32:44.893  5453  5453 D AndroidRuntime: Calling main entry com.android.commands.input.Input
08-04 13:32:44.895  5453  5453 I Input   : injectMotionEvent: MotionEvent { action=ACTION_DOWN, actionButton=0, id[0]=0, x[0]=436.0, y[0]=453.0, toolType[0]=TOOL_TYPE_UNKNOWN, buttonState=0, metaState=0, flags=0x0, edgeFlags=0x0, pointerCount=1, historySize=0, eventTime=711181308, downTime=711181308, deviceId=0, source=0x1002 }
08-04 13:32:44.901  5453  5453 I Input   : injectMotionEvent: MotionEvent { action=ACTION_UP, actionButton=0, id[0]=0, x[0]=436.0, y[0]=453.0, toolType[0]=TOOL_TYPE_UNKNOWN, buttonState=0, metaState=0, flags=0x0, edgeFlags=0x0, pointerCount=1, historySize=0, eventTime=711181308, downTime=711181308, deviceId=0, source=0x1002 }
08-04 13:32:44.902  5453  5453 D AndroidRuntime: Shutting down VM
08-04 13:32:44.913   512  2967 D audio_hw_primary: out_set_parameters: enter: usecase(1: low-latency-playback) kvpairs: routing=2
08-04 13:32:44.918   918  3696 I ActivityManager: START u0 {cmp=baseline.com.newsblur/.activity.AllSharedStoriesReading (has extras)} from uid 10652 on display 0
08-04 13:32:44.926   512  2967 D audio_hw_primary: select_devices: out_snd_device(2: speaker) in_snd_device(0: none)
08-04 13:32:44.926   512  2967 D msm8974_platform: platform_send_audio_calibration: sending audio calibration for snd_device(2) acdb_id(15)
08-04 13:32:44.927   512  2967 I soundtrigger: audio_extn_sound_trigger_update_device_status: device 0x2 of type 0 for Event 1
08-04 13:32:44.928 27683  3240 I art     : Explicit concurrent mark sweep GC freed 459(66KB) AllocSpace objects, 0(0B) LOS objects, 27% free, 41MB/57MB, paused 1.317ms total 49.603ms
08-04 13:32:44.938   512  2967 D audio_hw_primary: enable_snd_device: snd_device(2: speaker)
08-04 13:32:44.940 27683  3240 I art     : Starting a blocking GC Explicit
08-04 13:32:44.940   512  2967 D audio_hw_primary: enable_audio_route: apply and update mixer path: low-latency-playback speaker
08-04 13:32:44.987 27683  3240 I art     : Explicit concurrent mark sweep GC freed 1266(119KB) AllocSpace objects, 4(508KB) LOS objects, 27% free, 42MB/58MB, paused 1.231ms total 46.900ms
08-04 13:32:45.150   918   936 I ActivityManager: Displayed baseline.com.newsblur/.activity.AllSharedStoriesReading: +223ms
08-04 13:32:45.151 13866 13866 I GoogleInputMethodServic: GoogleInputMethodService.onFinishInput():3138 
08-04 13:32:45.151 13866 13866 I GoogleInputMethodServic: GoogleInputMethodService.onStartInput():1808 
08-04 13:32:45.254 30348 30348 I ServiceManager: Waiting for service AtCmdFwd...
08-04 13:32:45.317 27683  3242 I art     : Starting a blocking GC Explicit
08-04 13:32:45.361 27683  3627 E chromium: [ERROR:tile_manager.cc(793)] WARNING: tile memory limits exceeded, some content may not draw
08-04 13:32:45.362 27683  3627 E chromium: [ERROR:tile_manager.cc(793)] WARNING: tile memory limits exceeded, some content may not draw
08-04 13:32:45.367 27683  3242 I art     : Explicit concurrent mark sweep GC freed 4706(372KB) AllocSpace objects, 14(316KB) LOS objects, 27% free, 42MB/58MB, paused 1.270ms total 49.924ms
08-04 13:32:45.379 27683  3242 I art     : Starting a blocking GC Explicit
08-04 13:32:45.427 27683  3242 I art     : Explicit concurrent mark sweep GC freed 1165(54KB) AllocSpace objects, 1(28KB) LOS objects, 27% free, 42MB/58MB, paused 1.088ms total 48.010ms
08-04 13:32:45.438 27683  3242 I art     : Starting a blocking GC Explicit
08-04 13:32:45.479   512  2967 D audio_hw_primary: disable_audio_route: reset and update mixer path: low-latency-playback speaker
08-04 13:32:45.479   512  2967 D audio_hw_primary: disable_snd_device: snd_device(2: speaker)
08-04 13:32:45.485 27683  3242 I art     : Explicit concurrent mark sweep GC freed 3(96B) AllocSpace objects, 0(0B) LOS objects, 27% free, 42MB/58MB, paused 1.050ms total 46.105ms
08-04 13:32:45.487   512  2967 I soundtrigger: audio_extn_sound_trigger_update_device_status: device 0x2 of type 0 for Event 0
08-04 13:32:45.497 27683  3242 I art     : Starting a blocking GC Explicit
08-04 13:32:45.550 27683  3242 I art     : Explicit concurrent mark sweep GC freed 115(4KB) AllocSpace objects, 1(20KB) LOS objects, 27% free, 42MB/58MB, paused 1.498ms total 53.020ms
08-04 13:32:45.563 27683  3242 I art     : Starting a blocking GC Explicit
08-04 13:32:45.608 27683  3242 I art     : Explicit concurrent mark sweep GC freed 32(13KB) AllocSpace objects, 0(0B) LOS objects, 27% free, 42MB/58MB, paused 1.198ms total 45.518ms
08-04 13:32:45.973 27683  3240 I art     : Starting a blocking GC Explicit
08-04 13:32:46.029 27683  3240 I art     : Explicit concurrent mark sweep GC freed 1454(83KB) AllocSpace objects, 1(20KB) LOS objects, 27% free, 42MB/58MB, paused 1.203ms total 55.257ms
08-04 13:32:46.042 27683  3240 I art     : Starting a blocking GC Explicit
08-04 13:32:46.095 27683  3240 I art     : Explicit concurrent mark sweep GC freed 22(784B) AllocSpace objects, 0(0B) LOS objects, 27% free, 42MB/58MB, paused 1.169ms total 52.516ms
08-04 13:32:46.106 27683  3240 I art     : Starting a blocking GC Explicit
08-04 13:32:46.159 27683  3240 I art     : Explicit concurrent mark sweep GC freed 3(96B) AllocSpace objects, 0(0B) LOS objects, 27% free, 42MB/58MB, paused 1.237ms total 52.100ms
08-04 13:32:46.171 27683  3240 I art     : Starting a blocking GC Explicit
08-04 13:32:46.225 27683  3240 I art     : Explicit concurrent mark sweep GC freed 3(96B) AllocSpace objects, 0(0B) LOS objects, 27% free, 42MB/58MB, paused 1.232ms total 53.757ms
08-04 13:32:46.237 27683  3240 I art     : Starting a blocking GC Explicit
08-04 13:32:46.255 30348 30348 I ServiceManager: Waiting for service AtCmdFwd...
08-04 13:32:46.290 27683  3240 I art     : Explicit concurrent mark sweep GC freed 3(96B) AllocSpace objects, 0(0B) LOS objects, 27% free, 42MB/58MB, paused 1.228ms total 52.390ms
08-04 13:32:46.664 27683  3242 I art     : Starting a blocking GC Explicit
08-04 13:32:46.714 27683  3242 I art     : Explicit concurrent mark sweep GC freed 1505(85KB) AllocSpace objects, 1(20KB) LOS objects, 27% free, 42MB/58MB, paused 1.078ms total 50.359ms
08-04 13:32:46.725 27683  3242 I art     : Starting a blocking GC Explicit
08-04 13:32:46.773 27683  3242 I art     : Explicit concurrent mark sweep GC freed 22(784B) AllocSpace objects, 0(0B) LOS objects, 27% free, 42MB/58MB, paused 1.263ms total 47.154ms
08-04 13:32:46.785 27683  3242 I art     : Starting a blocking GC Explicit
08-04 13:32:46.838 27683  3242 I art     : Explicit concurrent mark sweep GC freed 3(96B) AllocSpace objects, 0(0B) LOS objects, 27% free, 42MB/58MB, paused 1.326ms total 52.802ms
08-04 13:32:46.851 27683  3242 I art     : Starting a blocking GC Explicit
08-04 13:32:46.903 27683  3242 I art     : Explicit concurrent mark sweep GC freed 3(96B) AllocSpace objects, 0(0B) LOS objects, 27% free, 42MB/58MB, paused 1.253ms total 52.363ms
08-04 13:32:46.916 27683  3242 I art     : Starting a blocking GC Explicit
08-04 13:32:46.969 27683  3242 I art     : Explicit concurrent mark sweep GC freed 133(6KB) AllocSpace objects, 0(0B) LOS objects, 27% free, 42MB/58MB, paused 1.378ms total 52.664ms
08-04 13:32:47.255 30348 30348 I ServiceManager: Waiting for service AtCmdFwd...
08-04 13:32:47.331 27683 27696 I art     : Starting a blocking GC Explicit
08-04 13:32:47.387 27683 27696 I art     : Explicit concurrent mark sweep GC freed 3119(150KB) AllocSpace objects, 1(20KB) LOS objects, 27% free, 42MB/58MB, paused 1.251ms total 54.946ms
08-04 13:32:47.399 27683 27696 I art     : Starting a blocking GC Explicit
08-04 13:32:47.425 27683  4024 E baseline.com.newsblur.network.APIResponse: Error (unexpected end of stream on https://www.newsblur.com/...) calling https://www.newsblur.com/reader/mark_story_hashes_as_read/
08-04 13:32:47.425 27683  4024 E baseline.com.newsblur.network.APIResponse: java.io.IOException: unexpected end of stream on https://www.newsblur.com/...
08-04 13:32:47.425 27683  4024 E baseline.com.newsblur.network.APIResponse: 	at okhttp3.internal.http1.Http1ExchangeCodec.readResponseHeaders(Http1ExchangeCodec.java:236)
08-04 13:32:47.425 27683  4024 E baseline.com.newsblur.network.APIResponse: 	at okhttp3.internal.connection.Exchange.readResponseHeaders(Exchange.java:115)
08-04 13:32:47.425 27683  4024 E baseline.com.newsblur.network.APIResponse: 	at okhttp3.internal.http.CallServerInterceptor.intercept(CallServerInterceptor.java:94)
08-04 13:32:47.425 27683  4024 E baseline.com.newsblur.network.APIResponse: 	at okhttp3.internal.http.RealInterceptorChain.proceed(RealInterceptorChain.java:142)
08-04 13:32:47.425 27683  4024 E baseline.com.newsblur.network.APIResponse: 	at okhttp3.internal.connection.ConnectInterceptor.intercept(ConnectInterceptor.java:43)
08-04 13:32:47.425 27683  4024 E baseline.com.newsblur.network.APIResponse: 	at okhttp3.internal.http.RealInterceptorChain.proceed(RealInterceptorChain.java:142)
08-04 13:32:47.425 27683  4024 E baseline.com.newsblur.network.APIResponse: 	at okhttp3.internal.http.RealInterceptorChain.proceed(RealInterceptorChain.java:117)
08-04 13:32:47.425 27683  4024 E baseline.com.newsblur.network.APIResponse: 	at okhttp3.internal.cache.CacheInterceptor.intercept(CacheInterceptor.java:94)
08-04 13:32:47.425 27683  4024 E baseline.com.newsblur.network.APIResponse: 	at okhttp3.internal.http.RealInterceptorChain.proceed(RealInterceptorChain.java:142)
08-04 13:32:47.425 27683  4024 E baseline.com.newsblur.network.APIResponse: 	at okhttp3.internal.http.RealInterceptorChain.proceed(RealInterceptorChain.java:117)
08-04 13:32:47.425 27683  4024 E baseline.com.newsblur.network.APIResponse: 	at okhttp3.internal.http.BridgeInterceptor.intercept(BridgeInterceptor.java:93)
08-04 13:32:47.425 27683  4024 E baseline.com.newsblur.network.APIResponse: 	at okhttp3.internal.http.RealInterceptorChain.proceed(RealInterceptorChain.java:142)
08-04 13:32:47.425 27683  4024 E baseline.com.newsblur.network.APIResponse: 	at okhttp3.internal.http.RetryAndFollowUpInterceptor.intercept(RetryAndFollowUpInterceptor.java:88)
08-04 13:32:47.425 27683  4024 E baseline.com.newsblur.network.APIResponse: 	at okhttp3.internal.http.RealInterceptorChain.proceed(RealInterceptorChain.java:142)
08-04 13:32:47.425 27683  4024 E baseline.com.newsblur.network.APIResponse: 	at okhttp3.internal.http.RealInterceptorChain.proceed(RealInterceptorChain.java:117)
08-04 13:32:47.425 27683  4024 E baseline.com.newsblur.network.APIResponse: 	at okhttp3.RealCall.getResponseWithInterceptorChain(RealCall.java:229)
08-04 13:32:47.425 27683  4024 E baseline.com.newsblur.network.APIResponse: 	at okhttp3.RealCall.execute(RealCall.java:81)
08-04 13:32:47.425 27683  4024 E baseline.com.newsblur.network.APIResponse: 	at baseline.com.newsblur.network.APIResponse.<init>(APIResponse.java:57)
08-04 13:32:47.425 27683  4024 E baseline.com.newsblur.network.APIResponse: 	at baseline.com.newsblur.network.APIResponse.<init>(APIResponse.java:43)
08-04 13:32:47.425 27683  4024 E baseline.com.newsblur.network.APIResponse: 	at baseline.com.newsblur.network.APIManager.post_single(APIManager.java:702)
08-04 13:32:47.425 27683  4024 E baseline.com.newsblur.network.APIResponse: 	at baseline.com.newsblur.network.APIManager.post(APIManager.java:675)
08-04 13:32:47.425 27683  4024 E baseline.com.newsblur.network.APIResponse: 	at baseline.com.newsblur.network.APIManager.post(APIManager.java:714)
08-04 13:32:47.425 27683  4024 E baseline.com.newsblur.network.APIResponse: 	at baseline.com.newsblur.network.APIManager.markStoryAsRead(APIManager.java:205)
08-04 13:32:47.425 27683  4024 E baseline.com.newsblur.network.APIResponse: 	at baseline.com.newsblur.util.ReadingAction.doRemote(ReadingAction.java:281)
08-04 13:32:47.425 27683  4024 E baseline.com.newsblur.network.APIResponse: 	at baseline.com.newsblur.service.NBSyncService.syncActions(NBSyncService.java:400)
08-04 13:32:47.425 27683  4024 E baseline.com.newsblur.network.APIResponse: 	at baseline.com.newsblur.service.NBSyncService.doSync(NBSyncService.java:298)
08-04 13:32:47.425 27683  4024 E baseline.com.newsblur.network.APIResponse: 	at baseline.com.newsblur.service.NBSyncService.access$100(NBSyncService.java:67)
08-04 13:32:47.425 27683  4024 E baseline.com.newsblur.network.APIResponse: 	at baseline.com.newsblur.service.NBSyncService$1.run(NBSyncService.java:188)
08-04 13:32:47.425 27683  4024 E baseline.com.newsblur.network.APIResponse: 	at java.util.concurrent.ThreadPoolExecutor.runWorker(ThreadPoolExecutor.java:1113)
08-04 13:32:47.425 27683  4024 E baseline.com.newsblur.network.APIResponse: 	at java.util.concurrent.ThreadPoolExecutor$Worker.run(ThreadPoolExecutor.java:588)
08-04 13:32:47.425 27683  4024 E baseline.com.newsblur.network.APIResponse: 	at java.lang.Thread.run(Thread.java:818)
08-04 13:32:47.425 27683  4024 E baseline.com.newsblur.network.APIResponse: Caused by: java.io.EOFException: \n not found: limit=0 content=
08-04 13:32:47.425 27683  4024 E baseline.com.newsblur.network.APIResponse: 	at okio.RealBufferedSource.readUtf8LineStrict(RealBufferedSource.java:240)
08-04 13:32:47.425 27683  4024 E baseline.com.newsblur.network.APIResponse: 	at okhttp3.internal.http1.Http1ExchangeCodec.readHeaderLine(Http1ExchangeCodec.java:242)
08-04 13:32:47.425 27683  4024 E baseline.com.newsblur.network.APIResponse: 	at okhttp3.internal.http1.Http1ExchangeCodec.readResponseHeaders(Http1ExchangeCodec.java:213)
08-04 13:32:47.425 27683  4024 E baseline.com.newsblur.network.APIResponse: 	... 30 more
08-04 13:32:47.427 27683  4024 I baseline.com.newsblur.service.NBSyncService: Holding reading action with server-side or network error.
08-04 13:32:47.441 27683  4024 W baseline.com.newsblur.service.NBSyncService: hard API failure
08-04 13:32:47.449 27683 27696 I art     : Explicit concurrent mark sweep GC freed 1194(224KB) AllocSpace objects, 4(80KB) LOS objects, 27% free, 42MB/58MB, paused 1.422ms total 50.596ms
08-04 13:32:47.451 27683  4024 I baseline.com.newsblur.service.NBSyncService: recounting dirty feed sets: 1
08-04 13:32:47.462 27683 27696 I art     : Starting a blocking GC Explicit
08-04 13:32:47.512 27683 27696 I art     : Explicit concurrent mark sweep GC freed 693(71KB) AllocSpace objects, 1(20KB) LOS objects, 27% free, 42MB/58MB, paused 1.187ms total 50.051ms
08-04 13:32:47.523 27683 27696 I art     : Starting a blocking GC Explicit
08-04 13:32:47.575 27683 27696 I art     : Explicit concurrent mark sweep GC freed 170(6KB) AllocSpace objects, 0(0B) LOS objects, 27% free, 42MB/58MB, paused 1.196ms total 52.258ms
08-04 13:32:47.587 27683 27696 I art     : Starting a blocking GC Explicit
08-04 13:32:47.639 27683 27696 I art     : Explicit concurrent mark sweep GC freed 3(96B) AllocSpace objects, 0(0B) LOS objects, 27% free, 42MB/58MB, paused 1.230ms total 51.570ms
08-04 13:32:47.882   518   646 I ThermalEngine: ACTION: GPU - Setting GPU[0] to 450000000
08-04 13:32:47.923 27683  4024 E baseline.com.newsblur.network.APIResponse: Error (unexpected end of stream on https://www.newsblur.com/...) calling https://www.newsblur.com/reader/feed_unread_count?feed_id=0
08-04 13:32:47.923 27683  4024 E baseline.com.newsblur.network.APIResponse: java.io.IOException: unexpected end of stream on https://www.newsblur.com/...
08-04 13:32:47.923 27683  4024 E baseline.com.newsblur.network.APIResponse: 	at okhttp3.internal.http1.Http1ExchangeCodec.readResponseHeaders(Http1ExchangeCodec.java:236)
08-04 13:32:47.923 27683  4024 E baseline.com.newsblur.network.APIResponse: 	at okhttp3.internal.connection.Exchange.readResponseHeaders(Exchange.java:115)
08-04 13:32:47.923 27683  4024 E baseline.com.newsblur.network.APIResponse: 	at okhttp3.internal.http.CallServerInterceptor.intercept(CallServerInterceptor.java:94)
08-04 13:32:47.923 27683  4024 E baseline.com.newsblur.network.APIResponse: 	at okhttp3.internal.http.RealInterceptorChain.proceed(RealInterceptorChain.java:142)
08-04 13:32:47.923 27683  4024 E baseline.com.newsblur.network.APIResponse: 	at okhttp3.internal.connection.ConnectInterceptor.intercept(ConnectInterceptor.java:43)
08-04 13:32:47.923 27683  4024 E baseline.com.newsblur.network.APIResponse: 	at okhttp3.internal.http.RealInterceptorChain.proceed(RealInterceptorChain.java:142)
08-04 13:32:47.923 27683  4024 E baseline.com.newsblur.network.APIResponse: 	at okhttp3.internal.http.RealInterceptorChain.proceed(RealInterceptorChain.java:117)
08-04 13:32:47.923 27683  4024 E baseline.com.newsblur.network.APIResponse: 	at okhttp3.internal.cache.CacheInterceptor.intercept(CacheInterceptor.java:94)
08-04 13:32:47.923 27683  4024 E baseline.com.newsblur.network.APIResponse: 	at okhttp3.internal.http.RealInterceptorChain.proceed(RealInterceptorChain.java:142)
08-04 13:32:47.923 27683  4024 E baseline.com.newsblur.network.APIResponse: 	at okhttp3.internal.http.RealInterceptorChain.proceed(RealInterceptorChain.java:117)
08-04 13:32:47.923 27683  4024 E baseline.com.newsblur.network.APIResponse: 	at okhttp3.internal.http.BridgeInterceptor.intercept(BridgeInterceptor.java:93)
08-04 13:32:47.923 27683  4024 E baseline.com.newsblur.network.APIResponse: 	at okhttp3.internal.http.RealInterceptorChain.proceed(RealInterceptorChain.java:142)
08-04 13:32:47.923 27683  4024 E baseline.com.newsblur.network.APIResponse: 	at okhttp3.internal.http.RetryAndFollowUpInterceptor.intercept(RetryAndFollowUpInterceptor.java:88)
08-04 13:32:47.923 27683  4024 E baseline.com.newsblur.network.APIResponse: 	at okhttp3.internal.http.RealInterceptorChain.proceed(RealInterceptorChain.java:142)
08-04 13:32:47.923 27683  4024 E baseline.com.newsblur.network.APIResponse: 	at okhttp3.internal.http.RealInterceptorChain.proceed(RealInterceptorChain.java:117)
08-04 13:32:47.923 27683  4024 E baseline.com.newsblur.network.APIResponse: 	at okhttp3.RealCall.getResponseWithInterceptorChain(RealCall.java:229)
08-04 13:32:47.923 27683  4024 E baseline.com.newsblur.network.APIResponse: 	at okhttp3.RealCall.execute(RealCall.java:81)
08-04 13:32:47.923 27683  4024 E baseline.com.newsblur.network.APIResponse: 	at baseline.com.newsblur.network.APIResponse.<init>(APIResponse.java:57)
08-04 13:32:47.923 27683  4024 E baseline.com.newsblur.network.APIResponse: 	at baseline.com.newsblur.network.APIManager.get_single(APIManager.java:639)
08-04 13:32:47.923 27683  4024 E baseline.com.newsblur.network.APIResponse: 	at baseline.com.newsblur.network.APIManager.get(APIManager.java:625)
08-04 13:32:47.923 27683  4024 E baseline.com.newsblur.network.APIResponse: 	at baseline.com.newsblur.network.APIManager.get(APIManager.java:667)
08-04 13:32:47.923 27683  4024 E baseline.com.newsblur.network.APIResponse: 	at baseline.com.newsblur.network.APIManager.getFeedUnreadCounts(APIManager.java:274)
08-04 13:32:47.923 27683  4024 E baseline.com.newsblur.network.APIResponse: 	at baseline.com.newsblur.service.NBSyncService.checkRecounts(NBSyncService.java:660)
08-04 13:32:47.923 27683  4024 E baseline.com.newsblur.network.APIResponse: 	at baseline.com.newsblur.service.NBSyncService.doSync(NBSyncService.java:310)
08-04 13:32:47.923 27683  4024 E baseline.com.newsblur.network.APIResponse: 	at baseline.com.newsblur.service.NBSyncService.access$100(NBSyncService.java:67)
08-04 13:32:47.923 27683  4024 E baseline.com.newsblur.network.APIResponse: 	at baseline.com.newsblur.service.NBSyncService$1.run(NBSyncService.java:188)
08-04 13:32:47.923 27683  4024 E baseline.com.newsblur.network.APIResponse: 	at java.util.concurrent.ThreadPoolExecutor.runWorker(ThreadPoolExecutor.java:1113)
08-04 13:32:47.923 27683  4024 E baseline.com.newsblur.network.APIResponse: 	at java.util.concurrent.ThreadPoolExecutor$Worker.run(ThreadPoolExecutor.java:588)
08-04 13:32:47.923 27683  4024 E baseline.com.newsblur.network.APIResponse: 	at java.lang.Thread.run(Thread.java:818)
08-04 13:32:47.923 27683  4024 E baseline.com.newsblur.network.APIResponse: Caused by: java.io.EOFException: \n not found: limit=0 content=
08-04 13:32:47.923 27683  4024 E baseline.com.newsblur.network.APIResponse: 	at okio.RealBufferedSource.readUtf8LineStrict(RealBufferedSource.java:240)
08-04 13:32:47.923 27683  4024 E baseline.com.newsblur.network.APIResponse: 	at okhttp3.internal.http1.Http1ExchangeCodec.readHeaderLine(Http1ExchangeCodec.java:242)
08-04 13:32:47.923 27683  4024 E baseline.com.newsblur.network.APIResponse: 	at okhttp3.internal.http1.Http1ExchangeCodec.readResponseHeaders(Http1ExchangeCodec.java:213)
08-04 13:32:47.923 27683  4024 E baseline.com.newsblur.network.APIResponse: 	... 28 more
08-04 13:32:47.925 27683  4024 I baseline.com.newsblur.network.APIManager: API call failed, pausing before retry number 1
08-04 13:32:48.058 27683  3240 I art     : Starting a blocking GC Explicit
08-04 13:32:48.132 27683  3240 I art     : Explicit concurrent mark sweep GC freed 3938(356KB) AllocSpace objects, 3(60KB) LOS objects, 27% free, 42MB/58MB, paused 1.677ms total 73.415ms
08-04 13:32:48.149 27683  3240 I art     : Starting a blocking GC Explicit
08-04 13:32:48.217 27683  3240 I art     : Explicit concurrent mark sweep GC freed 120(4KB) AllocSpace objects, 0(0B) LOS objects, 27% free, 42MB/58MB, paused 1.680ms total 67.806ms
08-04 13:32:48.233 27683  3240 I art     : Starting a blocking GC Explicit
08-04 13:32:48.256 30348 30348 I ServiceManager: Waiting for service AtCmdFwd...
08-04 13:32:48.304 27683  3240 I art     : Explicit concurrent mark sweep GC freed 3(96B) AllocSpace objects, 0(0B) LOS objects, 27% free, 42MB/58MB, paused 1.667ms total 70.695ms
08-04 13:32:48.319 27683  3240 I art     : Starting a blocking GC Explicit
08-04 13:32:48.389 27683  3240 I art     : Explicit concurrent mark sweep GC freed 3(96B) AllocSpace objects, 0(0B) LOS objects, 27% free, 42MB/58MB, paused 1.633ms total 70.151ms
08-04 13:32:48.405 27683  3240 I art     : Starting a blocking GC Explicit
08-04 13:32:48.477 27683  3240 I art     : Explicit concurrent mark sweep GC freed 3(96B) AllocSpace objects, 0(0B) LOS objects, 27% free, 42MB/58MB, paused 1.723ms total 71.313ms
08-04 13:32:48.876 27683 27697 I art     : Starting a blocking GC Explicit
08-04 13:32:48.886   518   646 I ThermalEngine: ACTION: GPU - Setting GPU[0] to 510000000
08-04 13:32:48.943 27683 27697 I art     : Explicit concurrent mark sweep GC freed 1444(83KB) AllocSpace objects, 1(20KB) LOS objects, 27% free, 42MB/58MB, paused 1.256ms total 66.437ms
08-04 13:32:48.955 27683 27697 I art     : Starting a blocking GC Explicit
08-04 13:32:49.004 27683 27697 I art     : Explicit concurrent mark sweep GC freed 22(784B) AllocSpace objects, 0(0B) LOS objects, 27% free, 42MB/58MB, paused 1.267ms total 48.935ms
08-04 13:32:49.017 27683 27697 I art     : Starting a blocking GC Explicit
08-04 13:32:49.069 27683 27697 I art     : Explicit concurrent mark sweep GC freed 394(20KB) AllocSpace objects, 0(0B) LOS objects, 27% free, 42MB/58MB, paused 1.198ms total 52.302ms
08-04 13:32:49.082 27683 27697 I art     : Starting a blocking GC Explicit
08-04 13:32:49.135 27683 27697 I art     : Explicit concurrent mark sweep GC freed 126(5KB) AllocSpace objects, 0(0B) LOS objects, 27% free, 42MB/58MB, paused 1.226ms total 53.358ms
08-04 13:32:49.148 27683 27697 I art     : Starting a blocking GC Explicit
08-04 13:32:49.195 27683 27697 I art     : Explicit concurrent mark sweep GC freed 581(27KB) AllocSpace objects, 0(0B) LOS objects, 27% free, 42MB/58MB, paused 1.040ms total 46.722ms
08-04 13:32:49.256 30348 30348 W Atfwd_Sendcmd: AtCmdFwd service not published, waiting... retryCnt : 1
08-04 13:32:49.539 27683  3242 I art     : Starting a blocking GC Explicit
08-04 13:32:49.576  5540  5540 D AndroidRuntime: >>>>>> START com.android.internal.os.RuntimeInit uid 2000 <<<<<<
08-04 13:32:49.581  5540  5540 D AndroidRuntime: CheckJNI is OFF
08-04 13:32:49.593 27683  3242 I art     : Explicit concurrent mark sweep GC freed 6783(481KB) AllocSpace objects, 2(40KB) LOS objects, 27% free, 42MB/58MB, paused 1.345ms total 53.494ms
08-04 13:32:49.605 27683  3242 I art     : Starting a blocking GC Explicit
08-04 13:32:49.619  5540  5540 D ICU     : No timezone override file found: /data/misc/zoneinfo/current/icu/icu_tzdata.dat
08-04 13:32:49.654 27683  3242 I art     : Explicit concurrent mark sweep GC freed 2121(109KB) AllocSpace objects, 0(0B) LOS objects, 27% free, 42MB/58MB, paused 1.322ms total 49.200ms
08-04 13:32:49.654  5540  5540 I Radio-JNI: register_android_hardware_Radio DONE
08-04 13:32:49.665 27683  3242 I art     : Starting a blocking GC Explicit
08-04 13:32:49.677  5540  5540 D AndroidRuntime: Calling main entry com.android.commands.input.Input
08-04 13:32:49.678  5540  5540 I Input   : injectKeyEvent: KeyEvent { action=ACTION_DOWN, keyCode=KEYCODE_BACK, scanCode=0, metaState=0, flags=0x0, repeatCount=0, eventTime=711186092, downTime=711186092, deviceId=-1, source=0x101 }
08-04 13:32:49.685  5540  5540 I Input   : injectKeyEvent: KeyEvent { action=ACTION_UP, keyCode=KEYCODE_BACK, scanCode=0, metaState=0, flags=0x0, repeatCount=0, eventTime=711186092, downTime=711186092, deviceId=-1, source=0x101 }
08-04 13:32:49.690  5540  5540 D AndroidRuntime: Shutting down VM
08-04 13:32:49.700 27683 27683 D baseline.com.newsblur.service.NBSyncService: rejecting request for feedset that is exhaused
08-04 13:32:49.711 27683  3242 I art     : Explicit concurrent mark sweep GC freed 484(51KB) AllocSpace objects, 2(40KB) LOS objects, 27% free, 42MB/58MB, paused 1.308ms total 45.349ms
08-04 13:32:49.722 27683  3242 I art     : Starting a blocking GC Explicit
08-04 13:32:49.768 27683  3242 I art     : Explicit concurrent mark sweep GC freed 153(17KB) AllocSpace objects, 0(0B) LOS objects, 27% free, 42MB/58MB, paused 1.358ms total 46.089ms
08-04 13:32:49.780 27683  3242 I art     : Starting a blocking GC Explicit
08-04 13:32:49.823 27683  4024 E baseline.com.newsblur.network.APIResponse: Error (unexpected end of stream on https://www.newsblur.com/...) calling https://www.newsblur.com/reader/feed_unread_count?feed_id=0
08-04 13:32:49.823 27683  4024 E baseline.com.newsblur.network.APIResponse: java.io.IOException: unexpected end of stream on https://www.newsblur.com/...
08-04 13:32:49.823 27683  4024 E baseline.com.newsblur.network.APIResponse: 	at okhttp3.internal.http1.Http1ExchangeCodec.readResponseHeaders(Http1ExchangeCodec.java:236)
08-04 13:32:49.823 27683  4024 E baseline.com.newsblur.network.APIResponse: 	at okhttp3.internal.connection.Exchange.readResponseHeaders(Exchange.java:115)
08-04 13:32:49.823 27683  4024 E baseline.com.newsblur.network.APIResponse: 	at okhttp3.internal.http.CallServerInterceptor.intercept(CallServerInterceptor.java:94)
08-04 13:32:49.823 27683  4024 E baseline.com.newsblur.network.APIResponse: 	at okhttp3.internal.http.RealInterceptorChain.proceed(RealInterceptorChain.java:142)
08-04 13:32:49.823 27683  4024 E baseline.com.newsblur.network.APIResponse: 	at okhttp3.internal.connection.ConnectInterceptor.intercept(ConnectInterceptor.java:43)
08-04 13:32:49.823 27683  4024 E baseline.com.newsblur.network.APIResponse: 	at okhttp3.internal.http.RealInterceptorChain.proceed(RealInterceptorChain.java:142)
08-04 13:32:49.823 27683  4024 E baseline.com.newsblur.network.APIResponse: 	at okhttp3.internal.http.RealInterceptorChain.proceed(RealInterceptorChain.java:117)
08-04 13:32:49.823 27683  4024 E baseline.com.newsblur.network.APIResponse: 	at okhttp3.internal.cache.CacheInterceptor.intercept(CacheInterceptor.java:94)
08-04 13:32:49.823 27683  4024 E baseline.com.newsblur.network.APIResponse: 	at okhttp3.internal.http.RealInterceptorChain.proceed(RealInterceptorChain.java:142)
08-04 13:32:49.823 27683  4024 E baseline.com.newsblur.network.APIResponse: 	at okhttp3.internal.http.RealInterceptorChain.proceed(RealInterceptorChain.java:117)
08-04 13:32:49.823 27683  4024 E baseline.com.newsblur.network.APIResponse: 	at okhttp3.internal.http.BridgeInterceptor.intercept(BridgeInterceptor.java:93)
08-04 13:32:49.823 27683  4024 E baseline.com.newsblur.network.APIResponse: 	at okhttp3.internal.http.RealInterceptorChain.proceed(RealInterceptorChain.java:142)
08-04 13:32:49.823 27683  4024 E baseline.com.newsblur.network.APIResponse: 	at okhttp3.internal.http.RetryAndFollowUpInterceptor.intercept(RetryAndFollowUpInterceptor.java:88)
08-04 13:32:49.823 27683  4024 E baseline.com.newsblur.network.APIResponse: 	at okhttp3.internal.http.RealInterceptorChain.proceed(RealInterceptorChain.java:142)
08-04 13:32:49.823 27683  4024 E baseline.com.newsblur.network.APIResponse: 	at okhttp3.internal.http.RealInterceptorChain.proceed(RealInterceptorChain.java:117)
08-04 13:32:49.823 27683  4024 E baseline.com.newsblur.network.APIResponse: 	at okhttp3.RealCall.getResponseWithInterceptorChain(RealCall.java:229)
08-04 13:32:49.823 27683  4024 E baseline.com.newsblur.network.APIResponse: 	at okhttp3.RealCall.execute(RealCall.java:81)
08-04 13:32:49.823 27683  4024 E baseline.com.newsblur.network.APIResponse: 	at baseline.com.newsblur.network.APIResponse.<init>(APIResponse.java:57)
08-04 13:32:49.823 27683  4024 E baseline.com.newsblur.network.APIResponse: 	at baseline.com.newsblur.network.APIManager.get_single(APIManager.java:639)
08-04 13:32:49.823 27683  4024 E baseline.com.newsblur.network.APIResponse: 	at baseline.com.newsblur.network.APIManager.get(APIManager.java:625)
08-04 13:32:49.823 27683  4024 E baseline.com.newsblur.network.APIResponse: 	at baseline.com.newsblur.network.APIManager.get(APIManager.java:667)
08-04 13:32:49.823 27683  4024 E baseline.com.newsblur.network.APIResponse: 	at baseline.com.newsblur.network.APIManager.getFeedUnreadCounts(APIManager.java:274)
08-04 13:32:49.823 27683  4024 E baseline.com.newsblur.network.APIResponse: 	at baseline.com.newsblur.service.NBSyncService.checkRecounts(NBSyncService.java:660)
08-04 13:32:49.823 27683  4024 E baseline.com.newsblur.network.APIResponse: 	at baseline.com.newsblur.service.NBSyncService.doSync(NBSyncService.java:310)
08-04 13:32:49.823 27683  4024 E baseline.com.newsblur.network.APIResponse: 	at baseline.com.newsblur.service.NBSyncService.access$100(NBSyncService.java:67)
08-04 13:32:49.823 27683  4024 E baseline.com.newsblur.network.APIResponse: 	at baseline.com.newsblur.service.NBSyncService$1.run(NBSyncService.java:188)
08-04 13:32:49.823 27683  4024 E baseline.com.newsblur.network.APIResponse: 	at java.util.concurrent.ThreadPoolExecutor.runWorker(ThreadPoolExecutor.java:1113)
08-04 13:32:49.823 27683  4024 E baseline.com.newsblur.network.APIResponse: 	at java.util.concurrent.ThreadPoolExecutor$Worker.run(ThreadPoolExecutor.java:588)
08-04 13:32:49.823 27683  4024 E baseline.com.newsblur.network.APIResponse: 	at java.lang.Thread.run(Thread.java:818)
08-04 13:32:49.823 27683  4024 E baseline.com.newsblur.network.APIResponse: Caused by: java.io.EOFException: \n not found: limit=0 content=
08-04 13:32:49.823 27683  4024 E baseline.com.newsblur.network.APIResponse: 	at okio.RealBufferedSource.readUtf8LineStrict(RealBufferedSource.java:240)
08-04 13:32:49.823 27683  4024 E baseline.com.newsblur.network.APIResponse: 	at okhttp3.internal.http1.Http1ExchangeCodec.readHeaderLine(Http1ExchangeCodec.java:242)
08-04 13:32:49.823 27683  4024 E baseline.com.newsblur.network.APIResponse: 	at okhttp3.internal.http1.Http1ExchangeCodec.readResponseHeaders(Http1ExchangeCodec.java:213)
08-04 13:32:49.823 27683  4024 E baseline.com.newsblur.network.APIResponse: 	... 28 more
08-04 13:32:49.824 27683  4024 I baseline.com.newsblur.network.APIManager: API call failed, pausing before retry number 2
08-04 13:32:49.830 27683  3242 I art     : Explicit concurrent mark sweep GC freed 2879(245KB) AllocSpace objects, 2(40KB) LOS objects, 27% free, 42MB/58MB, paused 1.516ms total 50.180ms
08-04 13:32:49.841 27683 27683 D baseline.com.newsblur.service.NBSyncService: rejecting request for feedset that is exhaused
08-04 13:32:49.844 13866 13866 I GoogleInputMethodServic: GoogleInputMethodService.onFinishInput():3138 
08-04 13:32:49.845 13866 13866 I GoogleInputMethodServic: GoogleInputMethodService.onStartInput():1808 
08-04 13:32:50.154 13866 13882 I PeriodicStatsRunner: PeriodicStatsRunner.call():175 call()
08-04 13:32:50.156 13866 13882 I PeriodicStatsRunner: PeriodicStatsRunner.call():179 No submit PeriodicStats since input started.
08-04 13:32:50.158 27683 27697 I art     : Starting a blocking GC Explicit
08-04 13:32:50.206 27683 27697 I art     : Explicit concurrent mark sweep GC freed 4093(309KB) AllocSpace objects, 4(88KB) LOS objects, 27% free, 42MB/58MB, paused 1.097ms total 47.990ms
08-04 13:32:50.217 27683 27697 I art     : Starting a blocking GC Explicit
08-04 13:32:50.262 27683 27697 I art     : Explicit concurrent mark sweep GC freed 326(19KB) AllocSpace objects, 0(0B) LOS objects, 27% free, 41MB/57MB, paused 1.145ms total 44.423ms
08-04 13:32:50.273 27683 27697 I art     : Starting a blocking GC Explicit
08-04 13:32:50.316 27683 27697 I art     : Explicit concurrent mark sweep GC freed 29(1056B) AllocSpace objects, 0(0B) LOS objects, 27% free, 41MB/57MB, paused 1.227ms total 43.536ms
08-04 13:32:50.327 27683 27697 I art     : Starting a blocking GC Explicit
08-04 13:32:50.371 27683 27697 I art     : Explicit concurrent mark sweep GC freed 11(352B) AllocSpace objects, 0(0B) LOS objects, 27% free, 41MB/57MB, paused 1.131ms total 43.135ms
08-04 13:32:50.381 27683 27697 I art     : Starting a blocking GC Explicit
08-04 13:32:50.426 27683 27697 I art     : Explicit concurrent mark sweep GC freed 9(288B) AllocSpace objects, 0(0B) LOS objects, 27% free, 41MB/57MB, paused 1.173ms total 44.123ms
08-04 13:32:50.773 27683  3240 I art     : Starting a blocking GC Explicit
08-04 13:32:50.825 27683  3240 I art     : Explicit concurrent mark sweep GC freed 1494(84KB) AllocSpace objects, 1(20KB) LOS objects, 27% free, 41MB/57MB, paused 1.404ms total 51.354ms
08-04 13:32:50.837 27683  3240 I art     : Starting a blocking GC Explicit
08-04 13:32:50.891 27683  3240 I art     : Explicit concurrent mark sweep GC freed 30(1056B) AllocSpace objects, 0(0B) LOS objects, 27% free, 41MB/57MB, paused 1.319ms total 53.666ms
08-04 13:32:50.892   518   646 I ThermalEngine: ACTION: GPU - Setting GPU[0] to 450000000
08-04 13:32:50.907 27683  3240 I art     : Starting a blocking GC Explicit
08-04 13:32:50.968 27683  3240 I art     : Explicit concurrent mark sweep GC freed 11(352B) AllocSpace objects, 0(0B) LOS objects, 27% free, 41MB/57MB, paused 1.710ms total 60.926ms
08-04 13:32:50.983 27683  3240 I art     : Starting a blocking GC Explicit
08-04 13:32:51.041 27683  3240 I art     : Explicit concurrent mark sweep GC freed 13(416B) AllocSpace objects, 0(0B) LOS objects, 27% free, 41MB/57MB, paused 2.368ms total 58.277ms
08-04 13:32:51.042 27683 27695 I art     : WaitForGcToComplete blocked for 13.045ms for cause HeapTrim
08-04 13:32:51.058 27683  3240 I art     : Starting a blocking GC Explicit
08-04 13:32:51.123 27683  3240 I art     : Explicit concurrent mark sweep GC freed 13(416B) AllocSpace objects, 0(0B) LOS objects, 27% free, 41MB/57MB, paused 1.794ms total 64.469ms
08-04 13:32:51.469  5584  5584 D AndroidRuntime: >>>>>> START com.android.internal.os.RuntimeInit uid 2000 <<<<<<
08-04 13:32:51.475  5584  5584 D AndroidRuntime: CheckJNI is OFF
08-04 13:32:51.520  5584  5584 D ICU     : No timezone override file found: /data/misc/zoneinfo/current/icu/icu_tzdata.dat
08-04 13:32:51.521 27683 27696 I art     : Starting a blocking GC Explicit
08-04 13:32:51.564  5584  5584 I Radio-JNI: register_android_hardware_Radio DONE
08-04 13:32:51.588 27683 27696 I art     : Explicit concurrent mark sweep GC freed 1465(83KB) AllocSpace objects, 1(20KB) LOS objects, 27% free, 41MB/57MB, paused 1.775ms total 66.683ms
08-04 13:32:51.594  5584  5584 D AndroidRuntime: Calling main entry com.android.commands.input.Input
08-04 13:32:51.596  5584  5584 I Input   : injectKeyEvent: KeyEvent { action=ACTION_DOWN, keyCode=KEYCODE_BACK, scanCode=0, metaState=0, flags=0x0, repeatCount=0, eventTime=711188009, downTime=711188009, deviceId=-1, source=0x101 }
08-04 13:32:51.603  5584  5584 I Input   : injectKeyEvent: KeyEvent { action=ACTION_UP, keyCode=KEYCODE_BACK, scanCode=0, metaState=0, flags=0x0, repeatCount=0, eventTime=711188009, downTime=711188009, deviceId=-1, source=0x101 }
08-04 13:32:51.603 27683 27696 I art     : Starting a blocking GC Explicit
08-04 13:32:51.610  5584  5584 D AndroidRuntime: Shutting down VM
08-04 13:32:51.659 27683 27696 I art     : Explicit concurrent mark sweep GC freed 346(66KB) AllocSpace objects, 4(80KB) LOS objects, 27% free, 42MB/58MB, paused 2.083ms total 55.244ms
08-04 13:32:51.673 27683 27696 I art     : Starting a blocking GC Explicit
08-04 13:32:51.734 27683 27696 I art     : Explicit concurrent mark sweep GC freed 46(1872B) AllocSpace objects, 0(0B) LOS objects, 27% free, 41MB/57MB, paused 1.541ms total 60.565ms
08-04 13:32:51.749 27683 27696 I art     : Starting a blocking GC Explicit
08-04 13:32:51.811 27683 27696 I art     : Explicit concurrent mark sweep GC freed 2019(144KB) AllocSpace objects, 4(80KB) LOS objects, 27% free, 42MB/58MB, paused 1.567ms total 62.145ms
08-04 13:32:51.826 27683 27696 I art     : Starting a blocking GC Explicit
08-04 13:32:51.830 13866 13866 I GoogleInputMethodServic: GoogleInputMethodService.onFinishInput():3138 
08-04 13:32:51.831 13866 13866 I GoogleInputMethodServic: GoogleInputMethodService.onStartInput():1808 
08-04 13:32:51.887 27683 27696 I art     : Explicit concurrent mark sweep GC freed 5961(373KB) AllocSpace objects, 4(80KB) LOS objects, 27% free, 42MB/58MB, paused 1.550ms total 60.567ms
08-04 13:32:52.262 27683  3240 I art     : Starting a blocking GC Explicit
08-04 13:32:52.325 27683  3240 I art     : Explicit concurrent mark sweep GC freed 2078(110KB) AllocSpace objects, 1(20KB) LOS objects, 27% free, 41MB/57MB, paused 1.479ms total 62.484ms
08-04 13:32:52.340 27683  3240 I art     : Starting a blocking GC Explicit
08-04 13:32:52.404 27683  3240 I art     : Explicit concurrent mark sweep GC freed 169(7KB) AllocSpace objects, 0(0B) LOS objects, 27% free, 41MB/57MB, paused 1.562ms total 63.045ms
08-04 13:32:52.419 27683  3240 I art     : Starting a blocking GC Explicit
08-04 13:32:52.483 27683  3240 I art     : Explicit concurrent mark sweep GC freed 12(384B) AllocSpace objects, 0(0B) LOS objects, 27% free, 41MB/57MB, paused 1.614ms total 62.810ms
08-04 13:32:52.499 27683  3240 I art     : Starting a blocking GC Explicit
08-04 13:32:52.561 27683  3240 I art     : Explicit concurrent mark sweep GC freed 13(416B) AllocSpace objects, 0(0B) LOS objects, 27% free, 41MB/57MB, paused 1.695ms total 61.189ms
08-04 13:32:52.576 27683  3240 I art     : Starting a blocking GC Explicit
08-04 13:32:52.638 27683  3240 I art     : Explicit concurrent mark sweep GC freed 11(352B) AllocSpace objects, 0(0B) LOS objects, 27% free, 41MB/57MB, paused 1.699ms total 61.986ms
08-04 13:32:53.036 27683 27696 I art     : Starting a blocking GC Explicit
08-04 13:32:53.100 27683 27696 I art     : Explicit concurrent mark sweep GC freed 1667(93KB) AllocSpace objects, 1(20KB) LOS objects, 27% free, 41MB/57MB, paused 1.568ms total 62.771ms
08-04 13:32:53.116 27683 27696 I art     : Starting a blocking GC Explicit
08-04 13:32:53.174 27683 27696 I art     : Explicit concurrent mark sweep GC freed 37(1328B) AllocSpace objects, 0(0B) LOS objects, 27% free, 41MB/57MB, paused 1.544ms total 58.012ms
08-04 13:32:53.190 27683 27696 I art     : Starting a blocking GC Explicit
08-04 13:32:53.253 27683 27696 I art     : Explicit concurrent mark sweep GC freed 12(384B) AllocSpace objects, 0(0B) LOS objects, 27% free, 41MB/57MB, paused 1.567ms total 62.863ms
08-04 13:32:53.269 27683 27696 I art     : Starting a blocking GC Explicit
08-04 13:32:53.333 27683 27696 I art     : Explicit concurrent mark sweep GC freed 1658(65KB) AllocSpace objects, 0(0B) LOS objects, 27% free, 41MB/57MB, paused 1.662ms total 63.807ms
08-04 13:32:53.348 27683 27696 I art     : Starting a blocking GC Explicit
08-04 13:32:53.354 27683  4024 E baseline.com.newsblur.network.APIResponse: Error (unexpected end of stream on https://www.newsblur.com/...) calling https://www.newsblur.com/reader/feed_unread_count?feed_id=0
08-04 13:32:53.354 27683  4024 E baseline.com.newsblur.network.APIResponse: java.io.IOException: unexpected end of stream on https://www.newsblur.com/...
08-04 13:32:53.354 27683  4024 E baseline.com.newsblur.network.APIResponse: 	at okhttp3.internal.http1.Http1ExchangeCodec.readResponseHeaders(Http1ExchangeCodec.java:236)
08-04 13:32:53.354 27683  4024 E baseline.com.newsblur.network.APIResponse: 	at okhttp3.internal.connection.Exchange.readResponseHeaders(Exchange.java:115)
08-04 13:32:53.354 27683  4024 E baseline.com.newsblur.network.APIResponse: 	at okhttp3.internal.http.CallServerInterceptor.intercept(CallServerInterceptor.java:94)
08-04 13:32:53.354 27683  4024 E baseline.com.newsblur.network.APIResponse: 	at okhttp3.internal.http.RealInterceptorChain.proceed(RealInterceptorChain.java:142)
08-04 13:32:53.354 27683  4024 E baseline.com.newsblur.network.APIResponse: 	at okhttp3.internal.connection.ConnectInterceptor.intercept(ConnectInterceptor.java:43)
08-04 13:32:53.354 27683  4024 E baseline.com.newsblur.network.APIResponse: 	at okhttp3.internal.http.RealInterceptorChain.proceed(RealInterceptorChain.java:142)
08-04 13:32:53.354 27683  4024 E baseline.com.newsblur.network.APIResponse: 	at okhttp3.internal.http.RealInterceptorChain.proceed(RealInterceptorChain.java:117)
08-04 13:32:53.354 27683  4024 E baseline.com.newsblur.network.APIResponse: 	at okhttp3.internal.cache.CacheInterceptor.intercept(CacheInterceptor.java:94)
08-04 13:32:53.354 27683  4024 E baseline.com.newsblur.network.APIResponse: 	at okhttp3.internal.http.RealInterceptorChain.proceed(RealInterceptorChain.java:142)
08-04 13:32:53.354 27683  4024 E baseline.com.newsblur.network.APIResponse: 	at okhttp3.internal.http.RealInterceptorChain.proceed(RealInterceptorChain.java:117)
08-04 13:32:53.354 27683  4024 E baseline.com.newsblur.network.APIResponse: 	at okhttp3.internal.http.BridgeInterceptor.intercept(BridgeInterceptor.java:93)
08-04 13:32:53.354 27683  4024 E baseline.com.newsblur.network.APIResponse: 	at okhttp3.internal.http.RealInterceptorChain.proceed(RealInterceptorChain.java:142)
08-04 13:32:53.354 27683  4024 E baseline.com.newsblur.network.APIResponse: 	at okhttp3.internal.http.RetryAndFollowUpInterceptor.intercept(RetryAndFollowUpInterceptor.java:88)
08-04 13:32:53.354 27683  4024 E baseline.com.newsblur.network.APIResponse: 	at okhttp3.internal.http.RealInterceptorChain.proceed(RealInterceptorChain.java:142)
08-04 13:32:53.354 27683  4024 E baseline.com.newsblur.network.APIResponse: 	at okhttp3.internal.http.RealInterceptorChain.proceed(RealInterceptorChain.java:117)
08-04 13:32:53.354 27683  4024 E baseline.com.newsblur.network.APIResponse: 	at okhttp3.RealCall.getResponseWithInterceptorChain(RealCall.java:229)
08-04 13:32:53.354 27683  4024 E baseline.com.newsblur.network.APIResponse: 	at okhttp3.RealCall.execute(RealCall.java:81)
08-04 13:32:53.354 27683  4024 E baseline.com.newsblur.network.APIResponse: 	at baseline.com.newsblur.network.APIResponse.<init>(APIResponse.java:57)
08-04 13:32:53.354 27683  4024 E baseline.com.newsblur.network.APIResponse: 	at baseline.com.newsblur.network.APIManager.get_single(APIManager.java:639)
08-04 13:32:53.354 27683  4024 E baseline.com.newsblur.network.APIResponse: 	at baseline.com.newsblur.network.APIManager.get(APIManager.java:625)
08-04 13:32:53.354 27683  4024 E baseline.com.newsblur.network.APIResponse: 	at baseline.com.newsblur.network.APIManager.get(APIManager.java:667)
08-04 13:32:53.354 27683  4024 E baseline.com.newsblur.network.APIResponse: 	at baseline.com.newsblur.network.APIManager.getFeedUnreadCounts(APIManager.java:274)
08-04 13:32:53.354 27683  4024 E baseline.com.newsblur.network.APIResponse: 	at baseline.com.newsblur.service.NBSyncService.checkRecounts(NBSyncService.java:660)
08-04 13:32:53.354 27683  4024 E baseline.com.newsblur.network.APIResponse: 	at baseline.com.newsblur.service.NBSyncService.doSync(NBSyncService.java:310)
08-04 13:32:53.354 27683  4024 E baseline.com.newsblur.network.APIResponse: 	at baseline.com.newsblur.service.NBSyncService.access$100(NBSyncService.java:67)
08-04 13:32:53.354 27683  4024 E baseline.com.newsblur.network.APIResponse: 	at baseline.com.newsblur.service.NBSyncService$1.run(NBSyncService.java:188)
08-04 13:32:53.354 27683  4024 E baseline.com.newsblur.network.APIResponse: 	at java.util.concurrent.ThreadPoolExecutor.runWorker(ThreadPoolExecutor.java:1113)
08-04 13:32:53.354 27683  4024 E baseline.com.newsblur.network.APIResponse: 	at java.util.concurrent.ThreadPoolExecutor$Worker.run(ThreadPoolExecutor.java:588)
08-04 13:32:53.354 27683  4024 E baseline.com.newsblur.network.APIResponse: 	at java.lang.Thread.run(Thread.java:818)
08-04 13:32:53.354 27683  4024 E baseline.com.newsblur.network.APIResponse: Caused by: java.io.EOFException: \n not found: limit=0 content=
08-04 13:32:53.354 27683  4024 E baseline.com.newsblur.network.APIResponse: 	at okio.RealBufferedSource.readUtf8LineStrict(RealBufferedSource.java:240)
08-04 13:32:53.354 27683  4024 E baseline.com.newsblur.network.APIResponse: 	at okhttp3.internal.http1.Http1ExchangeCodec.readHeaderLine(Http1ExchangeCodec.java:242)
08-04 13:32:53.354 27683  4024 E baseline.com.newsblur.network.APIResponse: 	at okhttp3.internal.http1.Http1ExchangeCodec.readResponseHeaders(Http1ExchangeCodec.java:213)
08-04 13:32:53.354 27683  4024 E baseline.com.newsblur.network.APIResponse: 	... 28 more
08-04 13:32:53.356 27683  4024 W baseline.com.newsblur.service.NBSyncService: Bad response to feed_unread_count
08-04 13:32:53.411 27683 27696 I art     : Explicit concurrent mark sweep GC freed 9622(723KB) AllocSpace objects, 9(180KB) LOS objects, 27% free, 42MB/58MB, paused 2.153ms total 62.818ms
08-04 13:32:53.448  5633  5633 D AndroidRuntime: >>>>>> START com.android.internal.os.RuntimeInit uid 2000 <<<<<<
08-04 13:32:53.453  5633  5633 D AndroidRuntime: CheckJNI is OFF
08-04 13:32:53.497  5633  5633 D ICU     : No timezone override file found: /data/misc/zoneinfo/current/icu/icu_tzdata.dat
08-04 13:32:53.543  5633  5633 I Radio-JNI: register_android_hardware_Radio DONE
08-04 13:32:53.572  5633  5633 D AndroidRuntime: Calling main entry com.android.commands.am.Am
08-04 13:32:53.578  2375  2375 I Trepn   : Trepn 6.2s: Received intent: com.quicinc.trepn.stop_profiling
08-04 13:32:53.604  2375  2375 I Trepn   : Trepn 6.2s: Trepn has Stopped Profiling.
08-04 13:32:53.762 27683  4024 E baseline.com.newsblur.network.APIResponse: Error (unexpected end of stream on https://www.newsblur.com/...) calling https://www.newsblur.com/reader/mark_story_hashes_as_read/
08-04 13:32:53.762 27683  4024 E baseline.com.newsblur.network.APIResponse: java.io.IOException: unexpected end of stream on https://www.newsblur.com/...
08-04 13:32:53.762 27683  4024 E baseline.com.newsblur.network.APIResponse: 	at okhttp3.internal.http1.Http1ExchangeCodec.readResponseHeaders(Http1ExchangeCodec.java:236)
08-04 13:32:53.762 27683  4024 E baseline.com.newsblur.network.APIResponse: 	at okhttp3.internal.connection.Exchange.readResponseHeaders(Exchange.java:115)
08-04 13:32:53.762 27683  4024 E baseline.com.newsblur.network.APIResponse: 	at okhttp3.internal.http.CallServerInterceptor.intercept(CallServerInterceptor.java:94)
08-04 13:32:53.762 27683  4024 E baseline.com.newsblur.network.APIResponse: 	at okhttp3.internal.http.RealInterceptorChain.proceed(RealInterceptorChain.java:142)
08-04 13:32:53.762 27683  4024 E baseline.com.newsblur.network.APIResponse: 	at okhttp3.internal.connection.ConnectInterceptor.intercept(ConnectInterceptor.java:43)
08-04 13:32:53.762 27683  4024 E baseline.com.newsblur.network.APIResponse: 	at okhttp3.internal.http.RealInterceptorChain.proceed(RealInterceptorChain.java:142)
08-04 13:32:53.762 27683  4024 E baseline.com.newsblur.network.APIResponse: 	at okhttp3.internal.http.RealInterceptorChain.proceed(RealInterceptorChain.java:117)
08-04 13:32:53.762 27683  4024 E baseline.com.newsblur.network.APIResponse: 	at okhttp3.internal.cache.CacheInterceptor.intercept(CacheInterceptor.java:94)
08-04 13:32:53.762 27683  4024 E baseline.com.newsblur.network.APIResponse: 	at okhttp3.internal.http.RealInterceptorChain.proceed(RealInterceptorChain.java:142)
08-04 13:32:53.762 27683  4024 E baseline.com.newsblur.network.APIResponse: 	at okhttp3.internal.http.RealInterceptorChain.proceed(RealInterceptorChain.java:117)
08-04 13:32:53.762 27683  4024 E baseline.com.newsblur.network.APIResponse: 	at okhttp3.internal.http.BridgeInterceptor.intercept(BridgeInterceptor.java:93)
08-04 13:32:53.762 27683  4024 E baseline.com.newsblur.network.APIResponse: 	at okhttp3.internal.http.RealInterceptorChain.proceed(RealInterceptorChain.java:142)
08-04 13:32:53.762 27683  4024 E baseline.com.newsblur.network.APIResponse: 	at okhttp3.internal.http.RetryAndFollowUpInterceptor.intercept(RetryAndFollowUpInterceptor.java:88)
08-04 13:32:53.762 27683  4024 E baseline.com.newsblur.network.APIResponse: 	at okhttp3.internal.http.RealInterceptorChain.proceed(RealInterceptorChain.java:142)
08-04 13:32:53.762 27683  4024 E baseline.com.newsblur.network.APIResponse: 	at okhttp3.internal.http.RealInterceptorChain.proceed(RealInterceptorChain.java:117)
08-04 13:32:53.762 27683  4024 E baseline.com.newsblur.network.APIResponse: 	at okhttp3.RealCall.getResponseWithInterceptorChain(RealCall.java:229)
08-04 13:32:53.762 27683  4024 E baseline.com.newsblur.network.APIResponse: 	at okhttp3.RealCall.execute(RealCall.java:81)
08-04 13:32:53.762 27683  4024 E baseline.com.newsblur.network.APIResponse: 	at baseline.com.newsblur.network.APIResponse.<init>(APIResponse.java:57)
08-04 13:32:53.762 27683  4024 E baseline.com.newsblur.network.APIResponse: 	at baseline.com.newsblur.network.APIResponse.<init>(APIResponse.java:43)
08-04 13:32:53.762 27683  4024 E baseline.com.newsblur.network.APIResponse: 	at baseline.com.newsblur.network.APIManager.post_single(APIManager.java:702)
08-04 13:32:53.762 27683  4024 E baseline.com.newsblur.network.APIResponse: 	at baseline.com.newsblur.network.APIManager.post(APIManager.java:675)
08-04 13:32:53.762 27683  4024 E baseline.com.newsblur.network.APIResponse: 	at baseline.com.newsblur.network.APIManager.post(APIManager.java:714)
08-04 13:32:53.762 27683  4024 E baseline.com.newsblur.network.APIResponse: 	at baseline.com.newsblur.network.APIManager.markStoryAsRead(APIManager.java:205)
08-04 13:32:53.762 27683  4024 E baseline.com.newsblur.network.APIResponse: 	at baseline.com.newsblur.util.ReadingAction.doRemote(ReadingAction.java:281)
08-04 13:32:53.762 27683  4024 E baseline.com.newsblur.network.APIResponse: 	at baseline.com.newsblur.service.NBSyncService.syncActions(NBSyncService.java:400)
08-04 13:32:53.762 27683  4024 E baseline.com.newsblur.network.APIResponse: 	at baseline.com.newsblur.service.NBSyncService.doSync(NBSyncService.java:298)
08-04 13:32:53.762 27683  4024 E baseline.com.newsblur.network.APIResponse: 	at baseline.com.newsblur.service.NBSyncService.access$100(NBSyncService.java:67)
08-04 13:32:53.762 27683  4024 E baseline.com.newsblur.network.APIResponse: 	at baseline.com.newsblur.service.NBSyncService$1.run(NBSyncService.java:188)
08-04 13:32:53.762 27683  4024 E baseline.com.newsblur.network.APIResponse: 	at java.util.concurrent.ThreadPoolExecutor.runWorker(ThreadPoolExecutor.java:1113)
08-04 13:32:53.762 27683  4024 E baseline.com.newsblur.network.APIResponse: 	at java.util.concurrent.ThreadPoolExecutor$Worker.run(ThreadPoolExecutor.java:588)
08-04 13:32:53.762 27683  4024 E baseline.com.newsblur.network.APIResponse: 	at java.lang.Thread.run(Thread.java:818)
08-04 13:32:53.762 27683  4024 E baseline.com.newsblur.network.APIResponse: Caused by: java.io.EOFException: \n not found: limit=0 content=
08-04 13:32:53.762 27683  4024 E baseline.com.newsblur.network.APIResponse: 	at okio.RealBufferedSource.readUtf8LineStrict(RealBufferedSource.java:240)
08-04 13:32:53.762 27683  4024 E baseline.com.newsblur.network.APIResponse: 	at okhttp3.internal.http1.Http1ExchangeCodec.readHeaderLine(Http1ExchangeCodec.java:242)
08-04 13:32:53.762 27683  4024 E baseline.com.newsblur.network.APIResponse: 	at okhttp3.internal.http1.Http1ExchangeCodec.readResponseHeaders(Http1ExchangeCodec.java:213)
08-04 13:32:53.762 27683  4024 E baseline.com.newsblur.network.APIResponse: 	... 30 more
08-04 13:32:53.763  5633  5633 D AndroidRuntime: Shutting down VM
08-04 13:32:53.763 27683  4024 I baseline.com.newsblur.network.APIManager: API call failed, pausing before retry number 1
08-04 13:32:53.767   918  3696 W AppOps  : Finishing op nesting under-run: uid 10078 pkg com.quicinc.trepn code 24 time=0 duration=0 nesting=0
08-04 13:32:53.782 27683  3242 I art     : Starting a blocking GC Explicit
08-04 13:32:53.838 27683  3242 I art     : Explicit concurrent mark sweep GC freed 5680(445KB) AllocSpace objects, 3(60KB) LOS objects, 27% free, 41MB/57MB, paused 1.396ms total 56.114ms
08-04 13:32:53.852 27683  3242 I art     : Starting a blocking GC Explicit
08-04 13:32:53.916 27683  3242 I art     : Explicit concurrent mark sweep GC freed 431(16KB) AllocSpace objects, 0(0B) LOS objects, 27% free, 41MB/57MB, paused 1.712ms total 63.702ms
08-04 13:32:53.932 27683  3242 I art     : Starting a blocking GC Explicit
08-04 13:32:53.996 27683  3242 I art     : Explicit concurrent mark sweep GC freed 3(96B) AllocSpace objects, 0(0B) LOS objects, 27% free, 41MB/57MB, paused 1.615ms total 64.192ms
08-04 13:32:54.011 27683  3242 I art     : Starting a blocking GC Explicit
08-04 13:32:54.074 27683  3242 I art     : Explicit concurrent mark sweep GC freed 24(1024B) AllocSpace objects, 0(0B) LOS objects, 27% free, 41MB/57MB, paused 1.501ms total 62.333ms
08-04 13:32:54.088 27683  3242 I art     : Starting a blocking GC Explicit
08-04 13:32:54.148 27683  3242 I art     : Explicit concurrent mark sweep GC freed 3(96B) AllocSpace objects, 0(0B) LOS objects, 27% free, 41MB/57MB, paused 1.615ms total 59.785ms
08-04 13:32:54.257 30348 30348 I ServiceManager: Waiting for service AtCmdFwd...
08-04 13:32:54.845 13866 13882 I PeriodicStatsRunner: PeriodicStatsRunner.call():175 call()
08-04 13:32:54.845 13866 13882 I PeriodicStatsRunner: PeriodicStatsRunner.call():179 No submit PeriodicStats since input started.
08-04 13:32:55.258 30348 30348 I ServiceManager: Waiting for service AtCmdFwd...
08-04 13:32:55.815 27683  4024 E baseline.com.newsblur.network.APIResponse: Error (unexpected end of stream on https://www.newsblur.com/...) calling https://www.newsblur.com/reader/mark_story_hashes_as_read/
08-04 13:32:55.815 27683  4024 E baseline.com.newsblur.network.APIResponse: java.io.IOException: unexpected end of stream on https://www.newsblur.com/...
08-04 13:32:55.815 27683  4024 E baseline.com.newsblur.network.APIResponse: 	at okhttp3.internal.http1.Http1ExchangeCodec.readResponseHeaders(Http1ExchangeCodec.java:236)
08-04 13:32:55.815 27683  4024 E baseline.com.newsblur.network.APIResponse: 	at okhttp3.internal.connection.Exchange.readResponseHeaders(Exchange.java:115)
08-04 13:32:55.815 27683  4024 E baseline.com.newsblur.network.APIResponse: 	at okhttp3.internal.http.CallServerInterceptor.intercept(CallServerInterceptor.java:94)
08-04 13:32:55.815 27683  4024 E baseline.com.newsblur.network.APIResponse: 	at okhttp3.internal.http.RealInterceptorChain.proceed(RealInterceptorChain.java:142)
08-04 13:32:55.815 27683  4024 E baseline.com.newsblur.network.APIResponse: 	at okhttp3.internal.connection.ConnectInterceptor.intercept(ConnectInterceptor.java:43)
08-04 13:32:55.815 27683  4024 E baseline.com.newsblur.network.APIResponse: 	at okhttp3.internal.http.RealInterceptorChain.proceed(RealInterceptorChain.java:142)
08-04 13:32:55.815 27683  4024 E baseline.com.newsblur.network.APIResponse: 	at okhttp3.internal.http.RealInterceptorChain.proceed(RealInterceptorChain.java:117)
08-04 13:32:55.815 27683  4024 E baseline.com.newsblur.network.APIResponse: 	at okhttp3.internal.cache.CacheInterceptor.intercept(CacheInterceptor.java:94)
08-04 13:32:55.815 27683  4024 E baseline.com.newsblur.network.APIResponse: 	at okhttp3.internal.http.RealInterceptorChain.proceed(RealInterceptorChain.java:142)
08-04 13:32:55.815 27683  4024 E baseline.com.newsblur.network.APIResponse: 	at okhttp3.internal.http.RealInterceptorChain.proceed(RealInterceptorChain.java:117)
08-04 13:32:55.815 27683  4024 E baseline.com.newsblur.network.APIResponse: 	at okhttp3.internal.http.BridgeInterceptor.intercept(BridgeInterceptor.java:93)
08-04 13:32:55.815 27683  4024 E baseline.com.newsblur.network.APIResponse: 	at okhttp3.internal.http.RealInterceptorChain.proceed(RealInterceptorChain.java:142)
08-04 13:32:55.815 27683  4024 E baseline.com.newsblur.network.APIResponse: 	at okhttp3.internal.http.RetryAndFollowUpInterceptor.intercept(RetryAndFollowUpInterceptor.java:88)
08-04 13:32:55.815 27683  4024 E baseline.com.newsblur.network.APIResponse: 	at okhttp3.internal.http.RealInterceptorChain.proceed(RealInterceptorChain.java:142)
08-04 13:32:55.815 27683  4024 E baseline.com.newsblur.network.APIResponse: 	at okhttp3.internal.http.RealInterceptorChain.proceed(RealInterceptorChain.java:117)
08-04 13:32:55.815 27683  4024 E baseline.com.newsblur.network.APIResponse: 	at okhttp3.RealCall.getResponseWithInterceptorChain(RealCall.java:229)
08-04 13:32:55.815 27683  4024 E baseline.com.newsblur.network.APIResponse: 	at okhttp3.RealCall.execute(RealCall.java:81)
08-04 13:32:55.815 27683  4024 E baseline.com.newsblur.network.APIResponse: 	at baseline.com.newsblur.network.APIResponse.<init>(APIResponse.java:57)
08-04 13:32:55.815 27683  4024 E baseline.com.newsblur.network.APIResponse: 	at baseline.com.newsblur.network.APIResponse.<init>(APIResponse.java:43)
08-04 13:32:55.815 27683  4024 E baseline.com.newsblur.network.APIResponse: 	at baseline.com.newsblur.network.APIManager.post_single(APIManager.java:702)
08-04 13:32:55.815 27683  4024 E baseline.com.newsblur.network.APIResponse: 	at baseline.com.newsblur.network.APIManager.post(APIManager.java:675)
08-04 13:32:55.815 27683  4024 E baseline.com.newsblur.network.APIResponse: 	at baseline.com.newsblur.network.APIManager.post(APIManager.java:714)
08-04 13:32:55.815 27683  4024 E baseline.com.newsblur.network.APIResponse: 	at baseline.com.newsblur.network.APIManager.markStoryAsRead(APIManager.java:205)
08-04 13:32:55.815 27683  4024 E baseline.com.newsblur.network.APIResponse: 	at baseline.com.newsblur.util.ReadingAction.doRemote(ReadingAction.java:281)
08-04 13:32:55.815 27683  4024 E baseline.com.newsblur.network.APIResponse: 	at baseline.com.newsblur.service.NBSyncService.syncActions(NBSyncService.java:400)
08-04 13:32:55.815 27683  4024 E baseline.com.newsblur.network.APIResponse: 	at baseline.com.newsblur.service.NBSyncService.doSync(NBSyncService.java:298)
08-04 13:32:55.815 27683  4024 E baseline.com.newsblur.network.APIResponse: 	at baseline.com.newsblur.service.NBSyncService.access$100(NBSyncService.java:67)
08-04 13:32:55.815 27683  4024 E baseline.com.newsblur.network.APIResponse: 	at baseline.com.newsblur.service.NBSyncService$1.run(NBSyncService.java:188)
08-04 13:32:55.815 27683  4024 E baseline.com.newsblur.network.APIResponse: 	at java.util.concurrent.ThreadPoolExecutor.runWorker(ThreadPoolExecutor.java:1113)
08-04 13:32:55.815 27683  4024 E baseline.com.newsblur.network.APIResponse: 	at java.util.concurrent.ThreadPoolExecutor$Worker.run(ThreadPoolExecutor.java:588)
08-04 13:32:55.815 27683  4024 E baseline.com.newsblur.network.APIResponse: 	at java.lang.Thread.run(Thread.java:818)
08-04 13:32:55.815 27683  4024 E baseline.com.newsblur.network.APIResponse: Caused by: java.io.EOFException: \n not found: limit=0 content=
08-04 13:32:55.815 27683  4024 E baseline.com.newsblur.network.APIResponse: 	at okio.RealBufferedSource.readUtf8LineStrict(RealBufferedSource.java:240)
08-04 13:32:55.815 27683  4024 E baseline.com.newsblur.network.APIResponse: 	at okhttp3.internal.http1.Http1ExchangeCodec.readHeaderLine(Http1ExchangeCodec.java:242)
08-04 13:32:55.815 27683  4024 E baseline.com.newsblur.network.APIResponse: 	at okhttp3.internal.http1.Http1ExchangeCodec.readResponseHeaders(Http1ExchangeCodec.java:213)
08-04 13:32:55.815 27683  4024 E baseline.com.newsblur.network.APIResponse: 	... 30 more
08-04 13:32:55.816 27683  4024 I baseline.com.newsblur.network.APIManager: API call failed, pausing before retry number 2
08-04 13:32:56.258 30348 30348 I ServiceManager: Waiting for service AtCmdFwd...
