--------- beginning of main
08-04 02:25:20.524 29406 29406 D AndroidRuntime: >>>>>> START com.android.internal.os.RuntimeInit uid 2000 <<<<<<
08-04 02:25:20.531 29406 29406 D AndroidRuntime: CheckJNI is OFF
08-04 02:25:20.559 29406 29406 D ICU     : No timezone override file found: /data/misc/zoneinfo/current/icu/icu_tzdata.dat
08-04 02:25:20.587 29406 29406 I Radio-JNI: register_android_hardware_Radio DONE
08-04 02:25:20.603 29406 29406 D AndroidRuntime: Calling main entry com.android.commands.monkey.Monkey
--------- beginning of system
08-04 02:25:20.620   918   931 W BroadcastQueue: Skipping deliver [background] BroadcastRecord{8b2c31b u-1 android.net.conn.CONNECTIVITY_CHANGE} to ReceiverList{d717cb8 29406 (unknown name)/2000/u-1 remote:aabb215}: process crashing
08-04 02:25:20.630   918   928 I ActivityManager: START u0 {act=android.intent.action.MAIN cat=[android.intent.category.LAUNCHER] flg=0x10200000 cmp=baseline.com.newsblur/.activity.InitActivity} from uid 2000 on display 0
08-04 02:25:20.671 29406 29406 I art     : System.exit called, status: 0
08-04 02:25:20.671 29406 29406 I AndroidRuntime: VM exiting with result code 0.
08-04 02:25:20.729 11040 11040 I baseline.com.newsblur.activity.InitActivity: cold launching version 9.0b1
08-04 02:25:20.742  6202 13432 I PBSessionCacheImpl: Deleted sessionId[27278280657311515] from persistence.
08-04 02:25:20.744 11040 29417 D OpenGLRenderer: Use EGL_SWAP_BEHAVIOR_PRESERVED: true
08-04 02:25:20.750  6202  6241 W SearchServiceCore: Abort, client detached.
08-04 02:25:20.751  6202  6241 I MicroDetectionState: Should stop hotword detection immediately - true
08-04 02:25:20.780   918  5952 I ActivityManager: START u0 {cmp=baseline.com.newsblur/.activity.Main} from uid 10652 on display 0
08-04 02:25:20.790 11040 29417 I Adreno  : QUALCOMM build                   : fcf4852, I1af360237c
08-04 02:25:20.790 11040 29417 I Adreno  : Build Date                       : 09/23/15
08-04 02:25:20.790 11040 29417 I Adreno  : OpenGL ES Shader Compiler Version: XE031.05.13.02
08-04 02:25:20.790 11040 29417 I Adreno  : Local Branch                     : mybranch14465806
08-04 02:25:20.790 11040 29417 I Adreno  : Remote Branch                    : quic/LA.BF64.1.2.9_v2
08-04 02:25:20.790 11040 29417 I Adreno  : Remote Branch                    : NONE
08-04 02:25:20.790 11040 29417 I Adreno  : Reconstruct Branch               : NOTHING
08-04 02:25:20.795 11040 29417 I OpenGLRenderer: Initialized EGL, version 1.4
08-04 02:25:20.826   918  6029 W InputMethodManagerService: Focus gain on non-focused client com.android.internal.view.IInputMethodClient$Stub$Proxy@5792e83 (uid=10652 pid=11040)
08-04 02:25:20.981 11040 11040 I art     : Rejecting re-init on previously-failed class java.lang.Class<androidx.core.view.ViewCompat$OnUnhandledKeyEventListenerWrapper>
08-04 02:25:20.981 11040 11040 I art     : Rejecting re-init on previously-failed class java.lang.Class<androidx.core.view.ViewCompat$OnUnhandledKeyEventListenerWrapper>
08-04 02:25:21.010 11040 11040 E BitmapFactory: Unable to decode stream: java.io.FileNotFoundException: /data/user/0/baseline.com.newsblur/cache/userProfilePicture: open failed: ENOENT (No such file or directory)
08-04 02:25:21.181 11040 29426 I baseline.com.newsblur.service.NBSyncService: ready to sync feed list
08-04 02:25:21.339 28500 28500 I ServiceManager: Waiting for service AtCmdFwd...
08-04 02:25:21.362   918   936 I ActivityManager: Displayed baseline.com.newsblur/.activity.Main: +533ms (total +723ms)
08-04 02:25:21.371 13866 13866 I GoogleInputMethodServic: GoogleInputMethodService.onFinishInput():3138 
08-04 02:25:21.372 13866 13866 I GoogleInputMethodServic: GoogleInputMethodService.onStartInput():1808 
08-04 02:25:21.797 11040 29426 I NAPPA_EXPERIMENTATION: MetricNetworkRequestExecutionTime: REQUEST_DURATION_SYSTEM='607',REQUEST_DURATION_OKHTTP='32',REQUEST_SYNCHRONOUS='TRUE',RESPONSE_CODE='200',RESPONSE_METHOD='GET',RESPONSE_LENGTH_OKHTTP='-1',RESPONSE_LENGTH_HEADER='-2',REQUEST_PROTOCOL='http/1.1',REQUEST_URL='https://www.newsblur.com/reader/feeds/?update_counts=true',
08-04 02:25:21.797 11040 29426 D MY_TAG  : 0, 607
08-04 02:25:21.841 11040 29426 I baseline.com.newsblur.service.NBSyncService: got feed list: 1 feeds in  conn:607 read:2 parse:10 store:31
08-04 02:25:22.215 29445 29445 D AndroidRuntime: >>>>>> START com.android.internal.os.RuntimeInit uid 2000 <<<<<<
08-04 02:25:22.220 29445 29445 D AndroidRuntime: CheckJNI is OFF
08-04 02:25:22.245 29445 29445 D ICU     : No timezone override file found: /data/misc/zoneinfo/current/icu/icu_tzdata.dat
08-04 02:25:22.271 11040 29440 I NAPPA_EXPERIMENTATION: MetricNetworkRequestExecutionTime: REQUEST_DURATION_SYSTEM='424',REQUEST_DURATION_OKHTTP='33',REQUEST_SYNCHRONOUS='TRUE',RESPONSE_CODE='200',RESPONSE_METHOD='GET',RESPONSE_LENGTH_OKHTTP='-1',RESPONSE_LENGTH_HEADER='-2',REQUEST_PROTOCOL='http/1.1',REQUEST_URL='https://www.newsblur.com/reader/unread_story_hashes?include_timestamps=1',
08-04 02:25:22.272 11040 29440 D MY_TAG  : 0, 424
08-04 02:25:22.272 29445 29445 I Radio-JNI: register_android_hardware_Radio DONE
08-04 02:25:22.288 29445 29445 D AndroidRuntime: Calling main entry com.android.commands.am.Am
08-04 02:25:22.296 11040 29440 I baseline.com.newsblur.service.UnreadsService: starting unread count: 0
08-04 02:25:22.298 11040 29440 I baseline.com.newsblur.service.UnreadsService: new unread count:      0
08-04 02:25:22.298 11040 29440 I baseline.com.newsblur.service.UnreadsService: new unreads found:     0
08-04 02:25:22.299 11040 29440 I baseline.com.newsblur.service.UnreadsService: unreads to retire:     0
08-04 02:25:22.299  8825  8825 I Trepn   : Trepn 6.2s: Received intent: com.quicinc.trepn.start_profiling
08-04 02:25:22.340 28500 28500 I ServiceManager: Waiting for service AtCmdFwd...
08-04 02:25:22.420  8825  8825 W FileUtils: Failed to chmod(/storage/emulated/0/trepn/Trepn_2020.08.04_022522.db): android.system.ErrnoException: chmod failed: EPERM (Operation not permitted)
08-04 02:25:22.556  8825  8825 I Trepn   : Trepn 6.2s: Trepn has Started Profiling.
08-04 02:25:22.557 29445 29445 D AndroidRuntime: Shutting down VM
08-04 02:25:23.015 11040 11053 I art     : Starting a blocking GC Explicit
08-04 02:25:23.043 11040 11053 I art     : Explicit concurrent mark sweep GC freed 31234(2003KB) AllocSpace objects, 41(1140KB) LOS objects, 37% free, 26MB/42MB, paused 374us total 27.824ms
08-04 02:25:23.054 11040 11053 I art     : Starting a blocking GC Explicit
08-04 02:25:23.067 11040 11053 I art     : Explicit concurrent mark sweep GC freed 2443(198KB) AllocSpace objects, 0(0B) LOS objects, 38% free, 26MB/42MB, paused 179us total 12.231ms
08-04 02:25:23.073 11040 11053 I art     : Starting a blocking GC Explicit
08-04 02:25:23.085 11040 11053 I art     : Explicit concurrent mark sweep GC freed 3(96B) AllocSpace objects, 0(0B) LOS objects, 38% free, 26MB/42MB, paused 188us total 11.796ms
08-04 02:25:23.091 11040 11053 I art     : Starting a blocking GC Explicit
08-04 02:25:23.103 11040 11053 I art     : Explicit concurrent mark sweep GC freed 3(96B) AllocSpace objects, 0(0B) LOS objects, 38% free, 26MB/42MB, paused 180us total 11.587ms
08-04 02:25:23.109 11040 11053 I art     : Starting a blocking GC Explicit
08-04 02:25:23.120 11040 11053 I art     : Explicit concurrent mark sweep GC freed 3(96B) AllocSpace objects, 0(0B) LOS objects, 38% free, 26MB/42MB, paused 177us total 11.417ms
08-04 02:25:23.340 28500 28500 I ServiceManager: Waiting for service AtCmdFwd...
08-04 02:25:23.406 11040 29418 I art     : Starting a blocking GC Explicit
08-04 02:25:23.426 11040 29418 I art     : Explicit concurrent mark sweep GC freed 1390(80KB) AllocSpace objects, 1(20KB) LOS objects, 38% free, 26MB/42MB, paused 283us total 18.999ms
08-04 02:25:23.438 11040 29418 I art     : Starting a blocking GC Explicit
08-04 02:25:23.450 11040 29418 I art     : Explicit concurrent mark sweep GC freed 20(704B) AllocSpace objects, 0(0B) LOS objects, 38% free, 26MB/42MB, paused 190us total 12.335ms
08-04 02:25:23.457 11040 29418 I art     : Starting a blocking GC Explicit
08-04 02:25:23.469 11040 29418 I art     : Explicit concurrent mark sweep GC freed 3(96B) AllocSpace objects, 0(0B) LOS objects, 38% free, 26MB/42MB, paused 189us total 11.814ms
08-04 02:25:23.475 11040 29418 I art     : Starting a blocking GC Explicit
08-04 02:25:23.486 11040 29418 I art     : Explicit concurrent mark sweep GC freed 3(96B) AllocSpace objects, 0(0B) LOS objects, 38% free, 26MB/42MB, paused 173us total 11.102ms
08-04 02:25:23.492 11040 29418 I art     : Starting a blocking GC Explicit
08-04 02:25:23.503 11040 29418 I art     : Explicit concurrent mark sweep GC freed 3(96B) AllocSpace objects, 0(0B) LOS objects, 38% free, 26MB/42MB, paused 171us total 10.875ms
08-04 02:25:23.772 11040 11052 I art     : Starting a blocking GC Explicit
08-04 02:25:23.791 11040 11052 I art     : Explicit concurrent mark sweep GC freed 1382(80KB) AllocSpace objects, 1(20KB) LOS objects, 38% free, 26MB/42MB, paused 237us total 18.634ms
08-04 02:25:23.801 11040 11052 I art     : Starting a blocking GC Explicit
08-04 02:25:23.813 11040 11052 I art     : Explicit concurrent mark sweep GC freed 20(704B) AllocSpace objects, 0(0B) LOS objects, 38% free, 26MB/42MB, paused 174us total 11.970ms
08-04 02:25:23.819 11040 11052 I art     : Starting a blocking GC Explicit
08-04 02:25:23.831 11040 11052 I art     : Explicit concurrent mark sweep GC freed 3(96B) AllocSpace objects, 0(0B) LOS objects, 38% free, 26MB/42MB, paused 167us total 11.320ms
08-04 02:25:23.837 11040 11052 I art     : Starting a blocking GC Explicit
08-04 02:25:23.848 11040 11052 I art     : Explicit concurrent mark sweep GC freed 3(96B) AllocSpace objects, 0(0B) LOS objects, 38% free, 26MB/42MB, paused 162us total 10.813ms
08-04 02:25:23.854 11040 11052 I art     : Starting a blocking GC Explicit
08-04 02:25:23.865 11040 11052 I art     : Explicit concurrent mark sweep GC freed 3(96B) AllocSpace objects, 0(0B) LOS objects, 38% free, 26MB/42MB, paused 173us total 11.257ms
08-04 02:25:24.158 11040 11053 I art     : Starting a blocking GC Explicit
08-04 02:25:24.173 11040 11053 I art     : Explicit concurrent mark sweep GC freed 1379(80KB) AllocSpace objects, 1(20KB) LOS objects, 38% free, 26MB/42MB, paused 199us total 14.021ms
08-04 02:25:24.179 11040 11053 I art     : Starting a blocking GC Explicit
08-04 02:25:24.192 11040 11053 I art     : Explicit concurrent mark sweep GC freed 20(704B) AllocSpace objects, 0(0B) LOS objects, 38% free, 26MB/42MB, paused 186us total 12.309ms
08-04 02:25:24.198 11040 11053 I art     : Starting a blocking GC Explicit
08-04 02:25:24.210 11040 11053 I art     : Explicit concurrent mark sweep GC freed 3(96B) AllocSpace objects, 0(0B) LOS objects, 38% free, 26MB/42MB, paused 183us total 11.911ms
08-04 02:25:24.217 11040 11053 I art     : Starting a blocking GC Explicit
08-04 02:25:24.228 11040 11053 I art     : Explicit concurrent mark sweep GC freed 3(96B) AllocSpace objects, 0(0B) LOS objects, 38% free, 26MB/42MB, paused 176us total 11.372ms
08-04 02:25:24.234 11040 11053 I art     : Starting a blocking GC Explicit
08-04 02:25:24.246 11040 11053 I art     : Explicit concurrent mark sweep GC freed 3(96B) AllocSpace objects, 0(0B) LOS objects, 38% free, 26MB/42MB, paused 192us total 11.229ms
08-04 02:25:24.341 28500 28500 I ServiceManager: Waiting for service AtCmdFwd...
08-04 02:25:24.545 11040 29418 I art     : Starting a blocking GC Explicit
08-04 02:25:24.563 11040 29418 I art     : Explicit concurrent mark sweep GC freed 1379(80KB) AllocSpace objects, 1(20KB) LOS objects, 38% free, 26MB/42MB, paused 245us total 17.487ms
08-04 02:25:24.573 11040 29418 I art     : Starting a blocking GC Explicit
08-04 02:25:24.586 11040 29418 I art     : Explicit concurrent mark sweep GC freed 20(704B) AllocSpace objects, 0(0B) LOS objects, 38% free, 26MB/42MB, paused 205us total 13.288ms
08-04 02:25:24.593 11040 29418 I art     : Starting a blocking GC Explicit
08-04 02:25:24.605 11040 29418 I art     : Explicit concurrent mark sweep GC freed 3(96B) AllocSpace objects, 0(0B) LOS objects, 38% free, 26MB/42MB, paused 180us total 11.743ms
08-04 02:25:24.611 11040 29418 I art     : Starting a blocking GC Explicit
08-04 02:25:24.623 11040 29418 I art     : Explicit concurrent mark sweep GC freed 3(96B) AllocSpace objects, 0(0B) LOS objects, 38% free, 26MB/42MB, paused 180us total 11.649ms
08-04 02:25:24.630 11040 29418 I art     : Starting a blocking GC Explicit
08-04 02:25:24.641 11040 29418 I art     : Explicit concurrent mark sweep GC freed 3(96B) AllocSpace objects, 0(0B) LOS objects, 38% free, 26MB/42MB, paused 166us total 10.676ms
08-04 02:25:24.941 11040 11052 I art     : Starting a blocking GC Explicit
08-04 02:25:24.955 11040 11052 I art     : Explicit concurrent mark sweep GC freed 1378(80KB) AllocSpace objects, 1(20KB) LOS objects, 38% free, 26MB/42MB, paused 194us total 14.146ms
08-04 02:25:24.962 11040 11052 I art     : Starting a blocking GC Explicit
08-04 02:25:24.975 11040 11052 I art     : Explicit concurrent mark sweep GC freed 20(704B) AllocSpace objects, 0(0B) LOS objects, 38% free, 26MB/42MB, paused 176us total 12.256ms
08-04 02:25:24.981 11040 11052 I art     : Starting a blocking GC Explicit
08-04 02:25:24.993 11040 11052 I art     : Explicit concurrent mark sweep GC freed 3(96B) AllocSpace objects, 0(0B) LOS objects, 38% free, 26MB/42MB, paused 178us total 11.735ms
08-04 02:25:25.000 11040 11052 I art     : Starting a blocking GC Explicit
08-04 02:25:25.012 11040 11052 I art     : Explicit concurrent mark sweep GC freed 3(96B) AllocSpace objects, 0(0B) LOS objects, 38% free, 26MB/42MB, paused 167us total 11.298ms
08-04 02:25:25.018 11040 11052 I art     : Starting a blocking GC Explicit
08-04 02:25:25.029 11040 11052 I art     : Explicit concurrent mark sweep GC freed 3(96B) AllocSpace objects, 0(0B) LOS objects, 38% free, 26MB/42MB, paused 164us total 11.011ms
08-04 02:25:25.342 28500 28500 I ServiceManager: Waiting for service AtCmdFwd...
08-04 02:25:25.342 11040 11053 I art     : Starting a blocking GC Explicit
08-04 02:25:25.360 11040 11053 I art     : Explicit concurrent mark sweep GC freed 1378(80KB) AllocSpace objects, 1(20KB) LOS objects, 38% free, 26MB/42MB, paused 225us total 17.194ms
08-04 02:25:25.368 11040 11053 I art     : Starting a blocking GC Explicit
08-04 02:25:25.381 11040 11053 I art     : Explicit concurrent mark sweep GC freed 20(704B) AllocSpace objects, 0(0B) LOS objects, 38% free, 26MB/42MB, paused 186us total 12.452ms
08-04 02:25:25.387 11040 11053 I art     : Starting a blocking GC Explicit
08-04 02:25:25.399 11040 11053 I art     : Explicit concurrent mark sweep GC freed 3(96B) AllocSpace objects, 0(0B) LOS objects, 38% free, 26MB/42MB, paused 181us total 11.651ms
08-04 02:25:25.405 11040 11053 I art     : Starting a blocking GC Explicit
08-04 02:25:25.417 11040 11053 I art     : Explicit concurrent mark sweep GC freed 3(96B) AllocSpace objects, 0(0B) LOS objects, 38% free, 26MB/42MB, paused 259us total 11.357ms
08-04 02:25:25.423 11040 11053 I art     : Starting a blocking GC Explicit
08-04 02:25:25.434 11040 11053 I art     : Explicit concurrent mark sweep GC freed 3(96B) AllocSpace objects, 0(0B) LOS objects, 38% free, 26MB/42MB, paused 183us total 11.228ms
08-04 02:25:25.730 11040 29418 I art     : Starting a blocking GC Explicit
08-04 02:25:25.747 11040 29418 I art     : Explicit concurrent mark sweep GC freed 1378(80KB) AllocSpace objects, 1(20KB) LOS objects, 38% free, 26MB/42MB, paused 224us total 16.592ms
08-04 02:25:25.757 11040 29418 I art     : Starting a blocking GC Explicit
08-04 02:25:25.769 11040 29418 I art     : Explicit concurrent mark sweep GC freed 20(704B) AllocSpace objects, 0(0B) LOS objects, 38% free, 26MB/42MB, paused 182us total 11.486ms
08-04 02:25:25.775 11040 29418 I art     : Starting a blocking GC Explicit
08-04 02:25:25.786 11040 29418 I art     : Explicit concurrent mark sweep GC freed 3(96B) AllocSpace objects, 0(0B) LOS objects, 38% free, 26MB/42MB, paused 175us total 10.970ms
08-04 02:25:25.792 11040 29418 I art     : Starting a blocking GC Explicit
08-04 02:25:25.803 11040 29418 I art     : Explicit concurrent mark sweep GC freed 3(96B) AllocSpace objects, 0(0B) LOS objects, 38% free, 26MB/42MB, paused 181us total 10.783ms
08-04 02:25:25.809 11040 29418 I art     : Starting a blocking GC Explicit
08-04 02:25:25.820 11040 29418 I art     : Explicit concurrent mark sweep GC freed 3(96B) AllocSpace objects, 0(0B) LOS objects, 38% free, 26MB/42MB, paused 183us total 11.245ms
08-04 02:25:26.045   918  6110 I ActivityManager: Start proc 29579:com.google.android.apps.gcs/u0a11 for service com.google.android.apps.gcs/.service.GcsTaskService
08-04 02:25:26.046 24365 28437 I NetworkScheduler.Stats: Task com.google.android.apps.gcs/ started execution. cause:4 exec_start_elapsed_seconds: 1654529 [CONTEXT service_id=218 ]
08-04 02:25:26.060 29597 29597 I art     : Late-enabling -Xcheck:jni
08-04 02:25:26.061   918   918 I ActivityManager: Start proc 29597:nappatfpr.com.newsblur/u0a658 for service nappatfpr.com.newsblur/.service.NBSyncService
08-04 02:25:26.090 29597 29597 W System  : ClassLoader referenced unknown path: /data/app/nappatfpr.com.newsblur-1/lib/arm64
08-04 02:25:26.109 11040 11052 I art     : Starting a blocking GC Explicit
08-04 02:25:26.120 11040 11052 I art     : Explicit concurrent mark sweep GC freed 3998(409KB) AllocSpace objects, 18(360KB) LOS objects, 38% free, 26MB/42MB, paused 203us total 10.902ms
08-04 02:25:26.126 11040 11052 I art     : Starting a blocking GC Explicit
08-04 02:25:26.136 11040 11052 I art     : Explicit concurrent mark sweep GC freed 230(9KB) AllocSpace objects, 0(0B) LOS objects, 38% free, 26MB/42MB, paused 212us total 10.035ms
08-04 02:25:26.141 11040 11052 I art     : Starting a blocking GC Explicit
08-04 02:25:26.151 11040 11052 I art     : Explicit concurrent mark sweep GC freed 3(96B) AllocSpace objects, 0(0B) LOS objects, 38% free, 26MB/42MB, paused 206us total 9.837ms
08-04 02:25:26.156 11040 11052 I art     : Starting a blocking GC Explicit
08-04 02:25:26.167 11040 11052 I art     : Explicit concurrent mark sweep GC freed 3(96B) AllocSpace objects, 0(0B) LOS objects, 38% free, 26MB/42MB, paused 268us total 9.990ms
08-04 02:25:26.167   918   929 I AccountManagerService: getTypesVisibleToCaller: isPermitted? true
08-04 02:25:26.169 29579 29579 W Gcs.AccountsChgRcvr: [1] afk.b: No accounts available. WFA has been deactivated
08-04 02:25:26.172 11040 11052 I art     : Starting a blocking GC Explicit
08-04 02:25:26.182 11040 11052 I art     : Explicit concurrent mark sweep GC freed 3(96B) AllocSpace objects, 0(0B) LOS objects, 38% free, 26MB/42MB, paused 154us total 9.618ms
08-04 02:25:26.184 29579 29579 W PrimesInit: Primes instant initialization
08-04 02:25:26.184 29579 29624 W Primes  : background initialization
08-04 02:25:26.211 29579 29624 I PrimesTesting: GserviceFlagsSupplier.get()
08-04 02:25:26.262   918  4400 I AccountManagerService: getTypesVisibleToCaller: isPermitted? true
08-04 02:25:26.276 29579 29625 W Gcs.WfaEliRefreshTask: [23200] afk.b: NULL eligibility response.
08-04 02:25:26.277 24365 21170 E NetworkScheduler.ATC: Received callback from client for task that is already complete. ComponentInfo{com.google.android.apps.gcs/com.google.android.apps.gcs.service.GcsTaskService} WfaEliRefreshTask [CONTEXT service_id=218 ]
08-04 02:25:26.286   918  3359 I ActivityManager: Killing 28298:com.android.defcontainer/u0a7 (adj 15): empty #17
08-04 02:25:26.342 28500 28500 W Atfwd_Sendcmd: AtCmdFwd service not published, waiting... retryCnt : 1
08-04 02:25:26.451 11040 11053 I art     : Starting a blocking GC Explicit
08-04 02:25:26.471 11040 11053 I art     : Explicit concurrent mark sweep GC freed 1378(80KB) AllocSpace objects, 1(20KB) LOS objects, 38% free, 26MB/42MB, paused 214us total 20.198ms
08-04 02:25:26.482 11040 11053 I art     : Starting a blocking GC Explicit
08-04 02:25:26.497 11040 11053 I art     : Explicit concurrent mark sweep GC freed 20(704B) AllocSpace objects, 0(0B) LOS objects, 38% free, 26MB/42MB, paused 226us total 14.910ms
08-04 02:25:26.505 11040 11053 I art     : Starting a blocking GC Explicit
08-04 02:25:26.516 11040 11053 I art     : Explicit concurrent mark sweep GC freed 3(96B) AllocSpace objects, 0(0B) LOS objects, 38% free, 26MB/42MB, paused 188us total 11.684ms
08-04 02:25:26.523 11040 11053 I art     : Starting a blocking GC Explicit
08-04 02:25:26.534 11040 11053 I art     : Explicit concurrent mark sweep GC freed 3(96B) AllocSpace objects, 0(0B) LOS objects, 38% free, 26MB/42MB, paused 178us total 11.493ms
08-04 02:25:26.541 11040 11053 I art     : Starting a blocking GC Explicit
08-04 02:25:26.552 11040 11053 I art     : Explicit concurrent mark sweep GC freed 3(96B) AllocSpace objects, 0(0B) LOS objects, 38% free, 26MB/42MB, paused 184us total 11.192ms
08-04 02:25:26.850 11040 29418 I art     : Starting a blocking GC Explicit
08-04 02:25:26.863 11040 29418 I art     : Explicit concurrent mark sweep GC freed 1377(80KB) AllocSpace objects, 1(20KB) LOS objects, 38% free, 26MB/42MB, paused 211us total 12.892ms
08-04 02:25:26.869 11040 29418 I art     : Starting a blocking GC Explicit
08-04 02:25:26.879 11040 29418 I art     : Explicit concurrent mark sweep GC freed 20(704B) AllocSpace objects, 0(0B) LOS objects, 38% free, 26MB/42MB, paused 181us total 10.161ms
08-04 02:25:26.885 11040 29418 I art     : Starting a blocking GC Explicit
08-04 02:25:26.895 11040 29418 I art     : Explicit concurrent mark sweep GC freed 3(96B) AllocSpace objects, 0(0B) LOS objects, 38% free, 26MB/42MB, paused 170us total 9.861ms
08-04 02:25:26.900 11040 29418 I art     : Starting a blocking GC Explicit
08-04 02:25:26.911 11040 29418 I art     : Explicit concurrent mark sweep GC freed 3(96B) AllocSpace objects, 0(0B) LOS objects, 38% free, 26MB/42MB, paused 169us total 10.092ms
08-04 02:25:26.916 11040 29418 I art     : Starting a blocking GC Explicit
08-04 02:25:26.925 11040 29418 I art     : Explicit concurrent mark sweep GC freed 3(96B) AllocSpace objects, 0(0B) LOS objects, 38% free, 26MB/42MB, paused 163us total 9.524ms
08-04 02:25:27.192 11040 11052 I art     : Starting a blocking GC Explicit
08-04 02:25:27.209 11040 11052 I art     : Explicit concurrent mark sweep GC freed 1378(80KB) AllocSpace objects, 1(20KB) LOS objects, 38% free, 26MB/42MB, paused 211us total 17.587ms
08-04 02:25:27.218 11040 11052 I art     : Starting a blocking GC Explicit
08-04 02:25:27.230 11040 11052 I art     : Explicit concurrent mark sweep GC freed 20(704B) AllocSpace objects, 0(0B) LOS objects, 38% free, 26MB/42MB, paused 187us total 12.277ms
08-04 02:25:27.237 11040 11052 I art     : Starting a blocking GC Explicit
08-04 02:25:27.248 11040 11052 I art     : Explicit concurrent mark sweep GC freed 3(96B) AllocSpace objects, 0(0B) LOS objects, 38% free, 26MB/42MB, paused 172us total 11.277ms
08-04 02:25:27.254 11040 11052 I art     : Starting a blocking GC Explicit
08-04 02:25:27.265 11040 11052 I art     : Explicit concurrent mark sweep GC freed 3(96B) AllocSpace objects, 0(0B) LOS objects, 38% free, 26MB/42MB, paused 177us total 11.237ms
08-04 02:25:27.271 11040 11052 I art     : Starting a blocking GC Explicit
08-04 02:25:27.283 11040 11052 I art     : Explicit concurrent mark sweep GC freed 3(96B) AllocSpace objects, 0(0B) LOS objects, 38% free, 26MB/42MB, paused 193us total 11.205ms
08-04 02:25:27.532 11040 11053 I art     : Starting a blocking GC Explicit
08-04 02:25:27.545 11040 11053 I art     : Explicit concurrent mark sweep GC freed 1378(80KB) AllocSpace objects, 1(20KB) LOS objects, 38% free, 26MB/42MB, paused 197us total 12.248ms
08-04 02:25:27.551 11040 11053 I art     : Starting a blocking GC Explicit
08-04 02:25:27.563 11040 11053 I art     : Explicit concurrent mark sweep GC freed 20(704B) AllocSpace objects, 0(0B) LOS objects, 38% free, 26MB/42MB, paused 206us total 11.572ms
08-04 02:25:27.569 11040 11053 I art     : Starting a blocking GC Explicit
08-04 02:25:27.581 11040 11053 I art     : Explicit concurrent mark sweep GC freed 3(96B) AllocSpace objects, 0(0B) LOS objects, 38% free, 26MB/42MB, paused 198us total 11.562ms
08-04 02:25:27.587 11040 11053 I art     : Starting a blocking GC Explicit
08-04 02:25:27.598 11040 11053 I art     : Explicit concurrent mark sweep GC freed 3(96B) AllocSpace objects, 0(0B) LOS objects, 38% free, 26MB/42MB, paused 187us total 10.856ms
08-04 02:25:27.604 11040 11053 I art     : Starting a blocking GC Explicit
08-04 02:25:27.615 11040 11053 I art     : Explicit concurrent mark sweep GC freed 3(96B) AllocSpace objects, 0(0B) LOS objects, 38% free, 26MB/42MB, paused 185us total 11.004ms
08-04 02:25:27.763 29667 29667 D AndroidRuntime: >>>>>> START com.android.internal.os.RuntimeInit uid 2000 <<<<<<
08-04 02:25:27.767 29667 29667 D AndroidRuntime: CheckJNI is OFF
08-04 02:25:27.792 29667 29667 D ICU     : No timezone override file found: /data/misc/zoneinfo/current/icu/icu_tzdata.dat
08-04 02:25:27.816 29667 29667 I Radio-JNI: register_android_hardware_Radio DONE
08-04 02:25:27.833 29667 29667 D AndroidRuntime: Calling main entry com.android.commands.input.Input
08-04 02:25:27.834 29667 29667 I Input   : injectMotionEvent: MotionEvent { action=ACTION_DOWN, actionButton=0, id[0]=0, x[0]=594.0, y[0]=330.0, toolType[0]=TOOL_TYPE_UNKNOWN, buttonState=0, metaState=0, flags=0x0, edgeFlags=0x0, pointerCount=1, historySize=0, eventTime=671144247, downTime=671144247, deviceId=0, source=0x1002 }
08-04 02:25:27.843 29667 29667 I Input   : injectMotionEvent: MotionEvent { action=ACTION_UP, actionButton=0, id[0]=0, x[0]=594.0, y[0]=330.0, toolType[0]=TOOL_TYPE_UNKNOWN, buttonState=0, metaState=0, flags=0x0, edgeFlags=0x0, pointerCount=1, historySize=0, eventTime=671144247, downTime=671144247, deviceId=0, source=0x1002 }
08-04 02:25:27.849 29667 29667 D AndroidRuntime: Shutting down VM
08-04 02:25:27.880 11040 11052 I art     : Starting a blocking GC Explicit
08-04 02:25:27.892 11040 11052 I art     : Explicit concurrent mark sweep GC freed 1431(82KB) AllocSpace objects, 1(20KB) LOS objects, 38% free, 26MB/42MB, paused 172us total 11.116ms
08-04 02:25:27.897 11040 11052 I art     : Starting a blocking GC Explicit
08-04 02:25:27.908 11040 11052 I art     : Explicit concurrent mark sweep GC freed 358(12KB) AllocSpace objects, 0(0B) LOS objects, 38% free, 26MB/42MB, paused 185us total 10.652ms
08-04 02:25:27.914 11040 11052 I art     : Starting a blocking GC Explicit
08-04 02:25:27.918   918  3670 I ActivityManager: START u0 {cmp=baseline.com.newsblur/.activity.GlobalSharedStoriesItemsList (has extras)} from uid 10652 on display 0
08-04 02:25:27.930 11040 11052 I art     : Explicit concurrent mark sweep GC freed 448(64KB) AllocSpace objects, 0(0B) LOS objects, 37% free, 26MB/42MB, paused 4.743ms total 15.934ms
08-04 02:25:27.936 11040 11052 I art     : Starting a blocking GC Explicit
08-04 02:25:27.943 11040 29698 I baseline.com.newsblur.database.BlurDatabaseHelper: reading session reset
08-04 02:25:27.950 11040 11052 I art     : Explicit concurrent mark sweep GC freed 634(97KB) AllocSpace objects, 4(80KB) LOS objects, 37% free, 26MB/42MB, paused 425us total 13.915ms
08-04 02:25:27.956 11040 11052 I art     : Starting a blocking GC Explicit
08-04 02:25:27.971 11040 11052 I art     : Explicit concurrent mark sweep GC freed 2887(189KB) AllocSpace objects, 2(164KB) LOS objects, 36% free, 27MB/43MB, paused 437us total 15.564ms
08-04 02:25:28.077 11040 11040 W View    : requestLayout() improperly called by android.widget.FrameLayout{a01bd09 V.E...... ......ID 0,0-1440,0 #7f07003f app:id/footer_view_inner} during layout: running second layout pass
08-04 02:25:28.077 11040 11040 W View    : requestLayout() improperly called by android.widget.FrameLayout{84c6b0e V.E...... ......ID 0,0-1440,2091 #7f07003f app:id/footer_view_inner} during layout: running second layout pass
08-04 02:25:28.099   918   936 I ActivityManager: Displayed baseline.com.newsblur/.activity.GlobalSharedStoriesItemsList: +169ms
08-04 02:25:28.100 13866 13866 I GoogleInputMethodServic: GoogleInputMethodService.onFinishInput():3138 
08-04 02:25:28.101 13866 13866 I GoogleInputMethodServic: GoogleInputMethodService.onStartInput():1808 
08-04 02:25:28.189 11040 11052 I art     : Starting a blocking GC Explicit
08-04 02:25:28.202 11040 11052 I art     : Explicit concurrent mark sweep GC freed 5002(392KB) AllocSpace objects, 8(160KB) LOS objects, 36% free, 27MB/43MB, paused 257us total 13.070ms
08-04 02:25:28.208 11040 11052 I art     : Starting a blocking GC Explicit
08-04 02:25:28.220 11040 11052 I art     : Explicit concurrent mark sweep GC freed 348(14KB) AllocSpace objects, 0(0B) LOS objects, 36% free, 27MB/43MB, paused 261us total 11.844ms
08-04 02:25:28.226 11040 11052 I art     : Starting a blocking GC Explicit
08-04 02:25:28.238 11040 11052 I art     : Explicit concurrent mark sweep GC freed 3(96B) AllocSpace objects, 0(0B) LOS objects, 36% free, 27MB/43MB, paused 238us total 11.913ms
08-04 02:25:28.244 11040 11052 I art     : Starting a blocking GC Explicit
08-04 02:25:28.257 11040 11052 I art     : Explicit concurrent mark sweep GC freed 3(96B) AllocSpace objects, 0(0B) LOS objects, 36% free, 27MB/43MB, paused 463us total 12.504ms
08-04 02:25:28.264 11040 11052 I art     : Starting a blocking GC Explicit
08-04 02:25:28.276 11040 11052 I art     : Explicit concurrent mark sweep GC freed 3(96B) AllocSpace objects, 0(0B) LOS objects, 36% free, 27MB/43MB, paused 259us total 12.289ms
08-04 02:25:28.286   918 13198 D NetlinkSocketObserver: NeighborEvent{elapsedMs=1654532161, 192.168.2.254, [7C3953A63323], RTM_NEWNEIGH, NUD_PROBE}
08-04 02:25:28.538 11040 29418 I art     : Starting a blocking GC Explicit
08-04 02:25:28.542 11040 29702 I NAPPA_EXPERIMENTATION: MetricNetworkRequestExecutionTime: REQUEST_DURATION_SYSTEM='427',REQUEST_DURATION_OKHTTP='29',REQUEST_SYNCHRONOUS='TRUE',RESPONSE_CODE='200',RESPONSE_METHOD='GET',RESPONSE_LENGTH_OKHTTP='-1',RESPONSE_LENGTH_HEADER='13047',REQUEST_PROTOCOL='http/1.1',REQUEST_URL='https://www.newsblur.com/social/river_stories?order=newest&page=1&read_filter=all&global_feed=true',
08-04 02:25:28.542 11040 29702 D MY_TAG  : 0, 427
08-04 02:25:28.554 11040 29418 I art     : Explicit concurrent mark sweep GC freed 4283(248KB) AllocSpace objects, 5(240KB) LOS objects, 36% free, 27MB/43MB, paused 372us total 16.246ms
08-04 02:25:28.562 11040 29418 I art     : Starting a blocking GC Explicit
08-04 02:25:28.576 11040 29418 I art     : Explicit concurrent mark sweep GC freed 11638(653KB) AllocSpace objects, 5(232KB) LOS objects, 36% free, 27MB/43MB, paused 456us total 14.522ms
08-04 02:25:28.582 11040 29418 I art     : Starting a blocking GC Explicit
08-04 02:25:28.596 11040 29418 I art     : Explicit concurrent mark sweep GC freed 6206(567KB) AllocSpace objects, 10(196KB) LOS objects, 36% free, 27MB/43MB, paused 477us total 13.767ms
08-04 02:25:28.601 11040 29418 I art     : Starting a blocking GC Explicit
08-04 02:25:28.616 11040 29418 I art     : Explicit concurrent mark sweep GC freed 11914(669KB) AllocSpace objects, 4(80KB) LOS objects, 36% free, 27MB/43MB, paused 379us total 14.238ms
08-04 02:25:28.622 11040 29418 I art     : Starting a blocking GC Explicit
08-04 02:25:28.635 11040 29418 I art     : Explicit concurrent mark sweep GC freed 2109(159KB) AllocSpace objects, 2(128KB) LOS objects, 36% free, 27MB/43MB, paused 500us total 12.915ms
08-04 02:25:28.762 11040 29731 I NAPPA_EXPERIMENTATION: MetricNetworkRequestExecutionTime: REQUEST_DURATION_SYSTEM='33',REQUEST_DURATION_OKHTTP='30',REQUEST_SYNCHRONOUS='TRUE',RESPONSE_CODE='200',RESPONSE_METHOD='GET',RESPONSE_LENGTH_OKHTTP='43',RESPONSE_LENGTH_HEADER='43',REQUEST_PROTOCOL='http/1.1',REQUEST_URL='http://feeds.feedburner.com/~r/retort/~4/UffaFMiJbNs',
08-04 02:25:28.877 11040 11053 I art     : Starting a blocking GC Explicit
08-04 02:25:28.898 11040 11053 I art     : Explicit concurrent mark sweep GC freed 8036(709KB) AllocSpace objects, 26(600KB) LOS objects, 35% free, 28MB/44MB, paused 636us total 20.622ms
08-04 02:25:28.905 11040 11053 I art     : Starting a blocking GC Explicit
08-04 02:25:28.921 11040 11053 I art     : Explicit concurrent mark sweep GC freed 7660(451KB) AllocSpace objects, 1(80KB) LOS objects, 36% free, 28MB/44MB, paused 867us total 15.907ms
08-04 02:25:28.927 11040 11053 I art     : Starting a blocking GC Explicit
08-04 02:25:28.942 11040 11053 I art     : Explicit concurrent mark sweep GC freed 224(16KB) AllocSpace objects, 0(0B) LOS objects, 36% free, 28MB/44MB, paused 471us total 14.725ms
08-04 02:25:28.948 11040 11053 I art     : Starting a blocking GC Explicit
08-04 02:25:28.963 11040 11053 I art     : Explicit concurrent mark sweep GC freed 7(272B) AllocSpace objects, 0(0B) LOS objects, 36% free, 28MB/44MB, paused 423us total 14.378ms
08-04 02:25:28.969 11040 11053 I art     : Starting a blocking GC Explicit
08-04 02:25:28.983 11040 11053 I art     : Explicit concurrent mark sweep GC freed 3(96B) AllocSpace objects, 0(0B) LOS objects, 36% free, 28MB/44MB, paused 429us total 13.594ms
08-04 02:25:29.073 11040 29733 I NAPPA_EXPERIMENTATION: MetricNetworkRequestExecutionTime: REQUEST_DURATION_SYSTEM='335',REQUEST_DURATION_OKHTTP='159',REQUEST_SYNCHRONOUS='TRUE',RESPONSE_CODE='200',RESPONSE_METHOD='GET',RESPONSE_LENGTH_OKHTTP='79351',RESPONSE_LENGTH_HEADER='79351',REQUEST_PROTOCOL='h2',REQUEST_URL='https://images.fastcompany.net/image/upload/w_1280,q_auto,f_auto,fl_lossy/wp-cms/uploads/2020/07/p-1-90532920-this-chart-shows-how-effective-masks-can-be.png',
08-04 02:25:29.178 11040 29732 I NAPPA_EXPERIMENTATION: MetricNetworkRequestExecutionTime: REQUEST_DURATION_SYSTEM='468',REQUEST_DURATION_OKHTTP='63',REQUEST_SYNCHRONOUS='TRUE',RESPONSE_CODE='200',RESPONSE_METHOD='GET',RESPONSE_LENGTH_OKHTTP='243',RESPONSE_LENGTH_HEADER='243',REQUEST_PROTOCOL='http/1.1',REQUEST_URL='https://s3.amazonaws.com/icons.newsblur.com/18178.png',
08-04 02:25:29.180 11040 29734 I NAPPA_EXPERIMENTATION: MetricNetworkRequestExecutionTime: REQUEST_DURATION_SYSTEM='462',REQUEST_DURATION_OKHTTP='70',REQUEST_SYNCHRONOUS='TRUE',RESPONSE_CODE='200',RESPONSE_METHOD='GET',RESPONSE_LENGTH_OKHTTP='477',RESPONSE_LENGTH_HEADER='477',REQUEST_PROTOCOL='http/1.1',REQUEST_URL='https://s3.amazonaws.com/icons.newsblur.com/5762506.png',
08-04 02:25:29.186 11040 29730 I NAPPA_EXPERIMENTATION: MetricNetworkRequestExecutionTime: REQUEST_DURATION_SYSTEM='485',REQUEST_DURATION_OKHTTP='72',REQUEST_SYNCHRONOUS='TRUE',RESPONSE_CODE='200',RESPONSE_METHOD='GET',RESPONSE_LENGTH_OKHTTP='145',RESPONSE_LENGTH_HEADER='145',REQUEST_PROTOCOL='http/1.1',REQUEST_URL='https://s3.amazonaws.com/icons.newsblur.com/6882243.png',
08-04 02:25:29.237 11040 11052 I art     : Starting a blocking GC Explicit
08-04 02:25:29.259 11040 11052 I art     : Explicit concurrent mark sweep GC freed 14703(745KB) AllocSpace objects, 14(3MB) LOS objects, 34% free, 30MB/46MB, paused 423us total 21.923ms
08-04 02:25:29.268 11040 11052 I art     : Starting a blocking GC Explicit
08-04 02:25:29.284 11040 11052 I art     : Explicit concurrent mark sweep GC freed 448(15KB) AllocSpace objects, 0(0B) LOS objects, 34% free, 30MB/46MB, paused 291us total 15.003ms
08-04 02:25:29.292 11040 11052 I art     : Starting a blocking GC Explicit
08-04 02:25:29.306 11040 11052 I art     : Explicit concurrent mark sweep GC freed 5(160B) AllocSpace objects, 0(0B) LOS objects, 34% free, 30MB/46MB, paused 309us total 13.652ms
08-04 02:25:29.312 11040 11052 I art     : Starting a blocking GC Explicit
08-04 02:25:29.326 11040 11052 I art     : Explicit concurrent mark sweep GC freed 6(192B) AllocSpace objects, 0(0B) LOS objects, 34% free, 30MB/46MB, paused 333us total 13.868ms
08-04 02:25:29.332 11040 11052 I art     : Starting a blocking GC Explicit
08-04 02:25:29.346 11040 11052 I art     : Explicit concurrent mark sweep GC freed 5(160B) AllocSpace objects, 0(0B) LOS objects, 34% free, 30MB/46MB, paused 293us total 13.389ms
08-04 02:25:29.634 11040 29418 I art     : Starting a blocking GC Explicit
08-04 02:25:29.656 11040 29418 I art     : Explicit concurrent mark sweep GC freed 1405(83KB) AllocSpace objects, 1(20KB) LOS objects, 34% free, 30MB/46MB, paused 548us total 20.354ms
08-04 02:25:29.663 11040 29418 I art     : Starting a blocking GC Explicit
08-04 02:25:29.677 11040 29418 I art     : Explicit concurrent mark sweep GC freed 20(704B) AllocSpace objects, 0(0B) LOS objects, 34% free, 30MB/46MB, paused 330us total 13.792ms
08-04 02:25:29.683 11040 29418 I art     : Starting a blocking GC Explicit
08-04 02:25:29.697 11040 29418 I art     : Explicit concurrent mark sweep GC freed 3(96B) AllocSpace objects, 0(0B) LOS objects, 34% free, 30MB/46MB, paused 350us total 13.696ms
08-04 02:25:29.703 11040 29418 I art     : Starting a blocking GC Explicit
08-04 02:25:29.718 11040 29418 I art     : Explicit concurrent mark sweep GC freed 3(96B) AllocSpace objects, 0(0B) LOS objects, 34% free, 30MB/46MB, paused 319us total 14.732ms
08-04 02:25:29.724 11040 29418 I art     : Starting a blocking GC Explicit
08-04 02:25:29.738 11040 29418 I art     : Explicit concurrent mark sweep GC freed 3(96B) AllocSpace objects, 0(0B) LOS objects, 34% free, 30MB/46MB, paused 493us total 13.676ms
08-04 02:25:30.052 11040 11052 I art     : Starting a blocking GC Explicit
08-04 02:25:30.072 11040 11052 I art     : Explicit concurrent mark sweep GC freed 1389(82KB) AllocSpace objects, 1(20KB) LOS objects, 34% free, 30MB/46MB, paused 348us total 18.988ms
08-04 02:25:30.081 11040 11052 I art     : Starting a blocking GC Explicit
08-04 02:25:30.096 11040 11052 I art     : Explicit concurrent mark sweep GC freed 20(704B) AllocSpace objects, 0(0B) LOS objects, 34% free, 30MB/46MB, paused 326us total 14.752ms
08-04 02:25:30.102 11040 11052 I art     : Starting a blocking GC Explicit
08-04 02:25:30.117 11040 11052 I art     : Explicit concurrent mark sweep GC freed 3(96B) AllocSpace objects, 0(0B) LOS objects, 34% free, 30MB/46MB, paused 378us total 14.435ms
08-04 02:25:30.123 11040 11052 I art     : Starting a blocking GC Explicit
08-04 02:25:30.137 11040 11052 I art     : Explicit concurrent mark sweep GC freed 3(96B) AllocSpace objects, 0(0B) LOS objects, 34% free, 30MB/46MB, paused 315us total 13.907ms
08-04 02:25:30.143 11040 11052 I art     : Starting a blocking GC Explicit
08-04 02:25:30.157 11040 11052 I art     : Explicit concurrent mark sweep GC freed 3(96B) AllocSpace objects, 0(0B) LOS objects, 34% free, 30MB/46MB, paused 354us total 13.927ms
08-04 02:25:30.455 11040 11053 I art     : Starting a blocking GC Explicit
08-04 02:25:30.471 11040 11053 I art     : Explicit concurrent mark sweep GC freed 1389(80KB) AllocSpace objects, 1(20KB) LOS objects, 34% free, 30MB/46MB, paused 375us total 16.176ms
08-04 02:25:30.478 11040 11053 I art     : Starting a blocking GC Explicit
08-04 02:25:30.492 11040 11053 I art     : Explicit concurrent mark sweep GC freed 20(704B) AllocSpace objects, 0(0B) LOS objects, 34% free, 30MB/46MB, paused 303us total 13.952ms
08-04 02:25:30.498 11040 11053 I art     : Starting a blocking GC Explicit
08-04 02:25:30.511 11040 11053 I art     : Explicit concurrent mark sweep GC freed 3(96B) AllocSpace objects, 0(0B) LOS objects, 34% free, 30MB/46MB, paused 324us total 13.297ms
08-04 02:25:30.517 11040 11053 I art     : Starting a blocking GC Explicit
08-04 02:25:30.531 11040 11053 I art     : Explicit concurrent mark sweep GC freed 3(96B) AllocSpace objects, 0(0B) LOS objects, 34% free, 30MB/46MB, paused 322us total 13.693ms
08-04 02:25:30.537 11040 11053 I art     : Starting a blocking GC Explicit
08-04 02:25:30.551 11040 11053 I art     : Explicit concurrent mark sweep GC freed 3(96B) AllocSpace objects, 0(0B) LOS objects, 34% free, 30MB/46MB, paused 323us total 13.681ms
08-04 02:25:30.867 11040 29418 I art     : Starting a blocking GC Explicit
08-04 02:25:30.886 11040 29418 I art     : Explicit concurrent mark sweep GC freed 1388(80KB) AllocSpace objects, 1(20KB) LOS objects, 34% free, 30MB/46MB, paused 369us total 18.552ms
08-04 02:25:30.896 11040 29418 I art     : Starting a blocking GC Explicit
08-04 02:25:30.911 11040 29418 I art     : Explicit concurrent mark sweep GC freed 20(704B) AllocSpace objects, 0(0B) LOS objects, 34% free, 30MB/46MB, paused 337us total 14.563ms
08-04 02:25:30.917 11040 29418 I art     : Starting a blocking GC Explicit
08-04 02:25:30.931 11040 29418 I art     : Explicit concurrent mark sweep GC freed 3(96B) AllocSpace objects, 0(0B) LOS objects, 34% free, 30MB/46MB, paused 331us total 13.951ms
08-04 02:25:30.938 11040 29418 I art     : Starting a blocking GC Explicit
08-04 02:25:30.952 11040 29418 I art     : Explicit concurrent mark sweep GC freed 3(96B) AllocSpace objects, 0(0B) LOS objects, 34% free, 30MB/46MB, paused 332us total 14.369ms
08-04 02:25:30.959 11040 29418 I art     : Starting a blocking GC Explicit
08-04 02:25:30.973 11040 29418 I art     : Explicit concurrent mark sweep GC freed 3(96B) AllocSpace objects, 0(0B) LOS objects, 34% free, 30MB/46MB, paused 331us total 14.749ms
08-04 02:25:31.263 11040 11052 I art     : Starting a blocking GC Explicit
08-04 02:25:31.283 11040 11052 I art     : Explicit concurrent mark sweep GC freed 1389(80KB) AllocSpace objects, 1(20KB) LOS objects, 34% free, 30MB/46MB, paused 380us total 18.572ms
08-04 02:25:31.291 11040 11052 I art     : Starting a blocking GC Explicit
08-04 02:25:31.306 11040 11052 I art     : Explicit concurrent mark sweep GC freed 20(704B) AllocSpace objects, 0(0B) LOS objects, 34% free, 30MB/46MB, paused 319us total 14.372ms
08-04 02:25:31.312 11040 11052 I art     : Starting a blocking GC Explicit
08-04 02:25:31.327 11040 11052 I art     : Explicit concurrent mark sweep GC freed 3(96B) AllocSpace objects, 0(0B) LOS objects, 34% free, 30MB/46MB, paused 418us total 14.494ms
08-04 02:25:31.333 11040 11052 I art     : Starting a blocking GC Explicit
08-04 02:25:31.343 28500 28500 I ServiceManager: Waiting for service AtCmdFwd...
08-04 02:25:31.347 11040 11052 I art     : Explicit concurrent mark sweep GC freed 3(96B) AllocSpace objects, 0(0B) LOS objects, 34% free, 30MB/46MB, paused 326us total 14.378ms
08-04 02:25:31.354 11040 11052 I art     : Starting a blocking GC Explicit
08-04 02:25:31.368 11040 11052 I art     : Explicit concurrent mark sweep GC freed 3(96B) AllocSpace objects, 0(0B) LOS objects, 34% free, 30MB/46MB, paused 294us total 14.308ms
08-04 02:25:31.668 11040 11053 I art     : Starting a blocking GC Explicit
08-04 02:25:31.686 11040 11053 I art     : Explicit concurrent mark sweep GC freed 1388(80KB) AllocSpace objects, 1(20KB) LOS objects, 34% free, 30MB/46MB, paused 368us total 18.144ms
08-04 02:25:31.695 11040 11053 I art     : Starting a blocking GC Explicit
08-04 02:25:31.710 11040 11053 I art     : Explicit concurrent mark sweep GC freed 20(704B) AllocSpace objects, 0(0B) LOS objects, 34% free, 30MB/46MB, paused 319us total 15.215ms
08-04 02:25:31.716 11040 11053 I art     : Starting a blocking GC Explicit
08-04 02:25:31.731 11040 11053 I art     : Explicit concurrent mark sweep GC freed 3(96B) AllocSpace objects, 0(0B) LOS objects, 34% free, 30MB/46MB, paused 327us total 14.693ms
08-04 02:25:31.738 11040 11053 I art     : Starting a blocking GC Explicit
08-04 02:25:31.753 11040 11053 I art     : Explicit concurrent mark sweep GC freed 3(96B) AllocSpace objects, 0(0B) LOS objects, 34% free, 30MB/46MB, paused 332us total 14.821ms
08-04 02:25:31.759 11040 11053 I art     : Starting a blocking GC Explicit
08-04 02:25:31.774 11040 11053 I art     : Explicit concurrent mark sweep GC freed 3(96B) AllocSpace objects, 0(0B) LOS objects, 34% free, 30MB/46MB, paused 347us total 14.942ms
08-04 02:25:32.097 11040 29418 I art     : Starting a blocking GC Explicit
08-04 02:25:32.116 11040 29418 I art     : Explicit concurrent mark sweep GC freed 1388(80KB) AllocSpace objects, 1(20KB) LOS objects, 34% free, 30MB/46MB, paused 370us total 18.621ms
08-04 02:25:32.126 11040 29418 I art     : Starting a blocking GC Explicit
08-04 02:25:32.141 11040 29418 I art     : Explicit concurrent mark sweep GC freed 20(704B) AllocSpace objects, 0(0B) LOS objects, 34% free, 30MB/46MB, paused 335us total 14.699ms
08-04 02:25:32.147 11040 29418 I art     : Starting a blocking GC Explicit
08-04 02:25:32.162 11040 29418 I art     : Explicit concurrent mark sweep GC freed 3(96B) AllocSpace objects, 0(0B) LOS objects, 34% free, 30MB/46MB, paused 339us total 14.528ms
08-04 02:25:32.168 11040 29418 I art     : Starting a blocking GC Explicit
08-04 02:25:32.183 11040 29418 I art     : Explicit concurrent mark sweep GC freed 3(96B) AllocSpace objects, 0(0B) LOS objects, 34% free, 30MB/46MB, paused 333us total 14.365ms
08-04 02:25:32.189 11040 29418 I art     : Starting a blocking GC Explicit
08-04 02:25:32.204 11040 29418 I art     : Explicit concurrent mark sweep GC freed 3(96B) AllocSpace objects, 0(0B) LOS objects, 34% free, 30MB/46MB, paused 358us total 14.258ms
08-04 02:25:32.344 28500 28500 I ServiceManager: Waiting for service AtCmdFwd...
08-04 02:25:32.499 11040 11052 I art     : Starting a blocking GC Explicit
08-04 02:25:32.517 11040 11052 I art     : Explicit concurrent mark sweep GC freed 1388(80KB) AllocSpace objects, 1(20KB) LOS objects, 34% free, 30MB/46MB, paused 351us total 17.169ms
08-04 02:25:32.524 11040 11052 I art     : Starting a blocking GC Explicit
08-04 02:25:32.540 11040 11052 I art     : Explicit concurrent mark sweep GC freed 20(704B) AllocSpace objects, 0(0B) LOS objects, 34% free, 30MB/46MB, paused 332us total 15.780ms
08-04 02:25:32.546 11040 11052 I art     : Starting a blocking GC Explicit
08-04 02:25:32.562 11040 11052 I art     : Explicit concurrent mark sweep GC freed 3(96B) AllocSpace objects, 0(0B) LOS objects, 34% free, 30MB/46MB, paused 323us total 15.566ms
08-04 02:25:32.569 11040 11052 I art     : Starting a blocking GC Explicit
08-04 02:25:32.584 11040 11052 I art     : Explicit concurrent mark sweep GC freed 3(96B) AllocSpace objects, 0(0B) LOS objects, 34% free, 30MB/46MB, paused 326us total 14.953ms
08-04 02:25:32.590 11040 11052 I art     : Starting a blocking GC Explicit
08-04 02:25:32.605 11040 11052 I art     : Explicit concurrent mark sweep GC freed 3(96B) AllocSpace objects, 0(0B) LOS objects, 34% free, 30MB/46MB, paused 321us total 14.711ms
08-04 02:25:32.916 11040 11053 I art     : Starting a blocking GC Explicit
08-04 02:25:32.934 11040 11053 I art     : Explicit concurrent mark sweep GC freed 1388(80KB) AllocSpace objects, 1(20KB) LOS objects, 34% free, 30MB/46MB, paused 368us total 18.173ms
08-04 02:25:32.945 11040 11053 I art     : Starting a blocking GC Explicit
08-04 02:25:32.960 11040 11053 I art     : Explicit concurrent mark sweep GC freed 20(704B) AllocSpace objects, 0(0B) LOS objects, 34% free, 30MB/46MB, paused 327us total 14.778ms
08-04 02:25:32.967 11040 11053 I art     : Starting a blocking GC Explicit
08-04 02:25:32.981 11040 11053 I art     : Explicit concurrent mark sweep GC freed 3(96B) AllocSpace objects, 0(0B) LOS objects, 34% free, 30MB/46MB, paused 326us total 14.689ms
08-04 02:25:32.988 11040 11053 I art     : Starting a blocking GC Explicit
08-04 02:25:33.002 11040 11053 I art     : Explicit concurrent mark sweep GC freed 3(96B) AllocSpace objects, 0(0B) LOS objects, 34% free, 30MB/46MB, paused 328us total 14.446ms
08-04 02:25:33.009 11040 11053 I art     : Starting a blocking GC Explicit
08-04 02:25:33.023 11040 11053 I art     : Explicit concurrent mark sweep GC freed 3(96B) AllocSpace objects, 0(0B) LOS objects, 34% free, 30MB/46MB, paused 339us total 14.192ms
08-04 02:25:33.328 11040 29418 I art     : Starting a blocking GC Explicit
08-04 02:25:33.344 28500 28500 I ServiceManager: Waiting for service AtCmdFwd...
08-04 02:25:33.346 11040 29418 I art     : Explicit concurrent mark sweep GC freed 1388(80KB) AllocSpace objects, 1(20KB) LOS objects, 34% free, 30MB/46MB, paused 346us total 17.566ms
08-04 02:25:33.357 11040 29418 I art     : Starting a blocking GC Explicit
08-04 02:25:33.371 11040 29418 I art     : Explicit concurrent mark sweep GC freed 20(704B) AllocSpace objects, 0(0B) LOS objects, 34% free, 30MB/46MB, paused 320us total 14.102ms
08-04 02:25:33.378 11040 29418 I art     : Starting a blocking GC Explicit
08-04 02:25:33.392 11040 29418 I art     : Explicit concurrent mark sweep GC freed 3(96B) AllocSpace objects, 0(0B) LOS objects, 34% free, 30MB/46MB, paused 337us total 14.120ms
08-04 02:25:33.398 11040 29418 I art     : Starting a blocking GC Explicit
08-04 02:25:33.413 11040 29418 I art     : Explicit concurrent mark sweep GC freed 3(96B) AllocSpace objects, 0(0B) LOS objects, 34% free, 30MB/46MB, paused 327us total 14.537ms
08-04 02:25:33.419 11040 29418 I art     : Starting a blocking GC Explicit
08-04 02:25:33.434 11040 29418 I art     : Explicit concurrent mark sweep GC freed 3(96B) AllocSpace objects, 0(0B) LOS objects, 34% free, 30MB/46MB, paused 314us total 14.493ms
08-04 02:25:33.580   918  3188 I hubconnection: sensorhub said: 'set_bias 3: -8.6400, 0.0000, 0.0000'
08-04 02:25:33.752 11040 11052 I art     : Starting a blocking GC Explicit
08-04 02:25:33.770 11040 11052 I art     : Explicit concurrent mark sweep GC freed 1388(80KB) AllocSpace objects, 1(20KB) LOS objects, 34% free, 30MB/46MB, paused 335us total 18.138ms
08-04 02:25:33.777 11040 11052 I art     : Starting a blocking GC Explicit
08-04 02:25:33.792 11040 11052 I art     : Explicit concurrent mark sweep GC freed 20(704B) AllocSpace objects, 0(0B) LOS objects, 34% free, 30MB/46MB, paused 336us total 14.989ms
08-04 02:25:33.799 11040 11052 I art     : Starting a blocking GC Explicit
08-04 02:25:33.814 11040 11052 I art     : Explicit concurrent mark sweep GC freed 3(96B) AllocSpace objects, 0(0B) LOS objects, 34% free, 30MB/46MB, paused 296us total 14.834ms
08-04 02:25:33.820 11040 11052 I art     : Starting a blocking GC Explicit
08-04 02:25:33.835 11040 11052 I art     : Explicit concurrent mark sweep GC freed 3(96B) AllocSpace objects, 0(0B) LOS objects, 34% free, 30MB/46MB, paused 330us total 14.652ms
08-04 02:25:33.842 11040 11052 I art     : Starting a blocking GC Explicit
08-04 02:25:33.857 11040 11052 I art     : Explicit concurrent mark sweep GC freed 3(96B) AllocSpace objects, 0(0B) LOS objects, 34% free, 30MB/46MB, paused 384us total 14.886ms
08-04 02:25:34.179 11040 11053 I art     : Starting a blocking GC Explicit
08-04 02:25:34.192   918  3261 D WifiStateMachine: starting scan for "H369AA63323"WPA_PSK with 2412,5180
08-04 02:25:34.197 11040 11053 I art     : Explicit concurrent mark sweep GC freed 1388(80KB) AllocSpace objects, 1(20KB) LOS objects, 34% free, 30MB/46MB, paused 375us total 17.670ms
08-04 02:25:34.203 11040 11053 I art     : Starting a blocking GC Explicit
08-04 02:25:34.217 11040 11053 I art     : Explicit concurrent mark sweep GC freed 20(704B) AllocSpace objects, 0(0B) LOS objects, 34% free, 30MB/46MB, paused 343us total 13.541ms
08-04 02:25:34.223 11040 11053 I art     : Starting a blocking GC Explicit
08-04 02:25:34.237 11040 11053 I art     : Explicit concurrent mark sweep GC freed 3(96B) AllocSpace objects, 0(0B) LOS objects, 34% free, 30MB/46MB, paused 364us total 13.506ms
08-04 02:25:34.242 11040 11053 I art     : Starting a blocking GC Explicit
08-04 02:25:34.256 11040 11053 I art     : Explicit concurrent mark sweep GC freed 3(96B) AllocSpace objects, 0(0B) LOS objects, 34% free, 30MB/46MB, paused 301us total 13.100ms
08-04 02:25:34.263 11040 11053 I art     : Starting a blocking GC Explicit
08-04 02:25:34.276 11040 11053 I art     : Explicit concurrent mark sweep GC freed 3(96B) AllocSpace objects, 0(0B) LOS objects, 34% free, 30MB/46MB, paused 346us total 13.053ms
08-04 02:25:34.345 28500 28500 I ServiceManager: Waiting for service AtCmdFwd...
08-04 02:25:34.588 11040 29418 I art     : Starting a blocking GC Explicit
08-04 02:25:34.605 11040 29418 I art     : Explicit concurrent mark sweep GC freed 1388(80KB) AllocSpace objects, 1(20KB) LOS objects, 34% free, 30MB/46MB, paused 395us total 16.223ms
08-04 02:25:34.611 11040 29418 I art     : Starting a blocking GC Explicit
08-04 02:25:34.625 11040 29418 I art     : Explicit concurrent mark sweep GC freed 20(704B) AllocSpace objects, 0(0B) LOS objects, 34% free, 30MB/46MB, paused 363us total 14.184ms
08-04 02:25:34.631 11040 29418 I art     : Starting a blocking GC Explicit
08-04 02:25:34.645 11040 29418 I art     : Explicit concurrent mark sweep GC freed 3(96B) AllocSpace objects, 0(0B) LOS objects, 34% free, 30MB/46MB, paused 314us total 13.511ms
08-04 02:25:34.651 11040 29418 I art     : Starting a blocking GC Explicit
08-04 02:25:34.665 11040 29418 I art     : Explicit concurrent mark sweep GC freed 3(96B) AllocSpace objects, 0(0B) LOS objects, 34% free, 30MB/46MB, paused 332us total 14.285ms
08-04 02:25:34.672 11040 29418 I art     : Starting a blocking GC Explicit
08-04 02:25:34.686 11040 29418 I art     : Explicit concurrent mark sweep GC freed 3(96B) AllocSpace objects, 0(0B) LOS objects, 34% free, 30MB/46MB, paused 323us total 14.574ms
08-04 02:25:35.008 11040 11052 I art     : Starting a blocking GC Explicit
08-04 02:25:35.026 11040 11052 I art     : Explicit concurrent mark sweep GC freed 1388(80KB) AllocSpace objects, 1(20KB) LOS objects, 34% free, 30MB/46MB, paused 336us total 18.511ms
08-04 02:25:35.034 11040 11052 I art     : Starting a blocking GC Explicit
08-04 02:25:35.049 11040 11052 I art     : Explicit concurrent mark sweep GC freed 20(704B) AllocSpace objects, 0(0B) LOS objects, 34% free, 30MB/46MB, paused 319us total 15.189ms
08-04 02:25:35.055 11040 11052 I art     : Starting a blocking GC Explicit
08-04 02:25:35.071 11040 11052 I art     : Explicit concurrent mark sweep GC freed 3(96B) AllocSpace objects, 0(0B) LOS objects, 34% free, 30MB/46MB, paused 320us total 14.960ms
08-04 02:25:35.077 11040 11052 I art     : Starting a blocking GC Explicit
08-04 02:25:35.092 11040 11052 I art     : Explicit concurrent mark sweep GC freed 3(96B) AllocSpace objects, 0(0B) LOS objects, 34% free, 30MB/46MB, paused 316us total 15.054ms
08-04 02:25:35.099 11040 11052 I art     : Starting a blocking GC Explicit
08-04 02:25:35.114 11040 11052 I art     : Explicit concurrent mark sweep GC freed 3(96B) AllocSpace objects, 0(0B) LOS objects, 34% free, 30MB/46MB, paused 308us total 14.738ms
08-04 02:25:35.346 28500 28500 I ServiceManager: Waiting for service AtCmdFwd...
08-04 02:25:35.432 11040 11053 I art     : Starting a blocking GC Explicit
08-04 02:25:35.450 11040 11053 I art     : Explicit concurrent mark sweep GC freed 1388(80KB) AllocSpace objects, 1(20KB) LOS objects, 34% free, 30MB/46MB, paused 363us total 17.561ms
08-04 02:25:35.457 11040 11053 I art     : Starting a blocking GC Explicit
08-04 02:25:35.472 11040 11053 I art     : Explicit concurrent mark sweep GC freed 20(704B) AllocSpace objects, 0(0B) LOS objects, 34% free, 30MB/46MB, paused 338us total 15ms
08-04 02:25:35.480 11040 11053 I art     : Starting a blocking GC Explicit
08-04 02:25:35.495 11040 11053 I art     : Explicit concurrent mark sweep GC freed 3(96B) AllocSpace objects, 0(0B) LOS objects, 34% free, 30MB/46MB, paused 317us total 14.922ms
08-04 02:25:35.502 11040 11053 I art     : Starting a blocking GC Explicit
08-04 02:25:35.518 11040 11053 I art     : Explicit concurrent mark sweep GC freed 3(96B) AllocSpace objects, 0(0B) LOS objects, 34% free, 30MB/46MB, paused 332us total 16.020ms
08-04 02:25:35.524 11040 11053 I art     : Starting a blocking GC Explicit
08-04 02:25:35.539 11040 11053 I art     : Explicit concurrent mark sweep GC freed 3(96B) AllocSpace objects, 0(0B) LOS objects, 34% free, 30MB/46MB, paused 332us total 14.747ms
08-04 02:25:35.846 11040 29418 I art     : Starting a blocking GC Explicit
08-04 02:25:35.864 11040 29418 I art     : Explicit concurrent mark sweep GC freed 1388(80KB) AllocSpace objects, 1(20KB) LOS objects, 34% free, 30MB/46MB, paused 371us total 18.546ms
08-04 02:25:35.875 11040 29418 I art     : Starting a blocking GC Explicit
08-04 02:25:35.890 11040 29418 I art     : Explicit concurrent mark sweep GC freed 20(704B) AllocSpace objects, 0(0B) LOS objects, 34% free, 30MB/46MB, paused 325us total 14.579ms
08-04 02:25:35.896 11040 29418 I art     : Starting a blocking GC Explicit
08-04 02:25:35.911 11040 29418 I art     : Explicit concurrent mark sweep GC freed 3(96B) AllocSpace objects, 0(0B) LOS objects, 34% free, 30MB/46MB, paused 324us total 14.321ms
08-04 02:25:35.917 11040 29418 I art     : Starting a blocking GC Explicit
08-04 02:25:35.932 11040 29418 I art     : Explicit concurrent mark sweep GC freed 3(96B) AllocSpace objects, 0(0B) LOS objects, 34% free, 30MB/46MB, paused 321us total 14.526ms
08-04 02:25:35.938 11040 29418 I art     : Starting a blocking GC Explicit
08-04 02:25:35.953 11040 29418 I art     : Explicit concurrent mark sweep GC freed 3(96B) AllocSpace objects, 0(0B) LOS objects, 34% free, 30MB/46MB, paused 327us total 14.537ms
08-04 02:25:36.274 11040 11052 I art     : Starting a blocking GC Explicit
08-04 02:25:36.293 11040 11052 I art     : Explicit concurrent mark sweep GC freed 1388(80KB) AllocSpace objects, 1(20KB) LOS objects, 34% free, 30MB/46MB, paused 364us total 19.148ms
08-04 02:25:36.294 11040 11050 I art     : WaitForGcToComplete blocked for 11.217ms for cause HeapTrim
08-04 02:25:36.302 11040 11052 I art     : Starting a blocking GC Explicit
08-04 02:25:36.317 11040 11052 I art     : Explicit concurrent mark sweep GC freed 20(704B) AllocSpace objects, 0(0B) LOS objects, 34% free, 30MB/46MB, paused 336us total 14.852ms
08-04 02:25:36.324 11040 11052 I art     : Starting a blocking GC Explicit
08-04 02:25:36.338 11040 11052 I art     : Explicit concurrent mark sweep GC freed 3(96B) AllocSpace objects, 0(0B) LOS objects, 34% free, 30MB/46MB, paused 312us total 14.375ms
08-04 02:25:36.344 11040 11052 I art     : Starting a blocking GC Explicit
08-04 02:25:36.346 28500 28500 W Atfwd_Sendcmd: AtCmdFwd service not published, waiting... retryCnt : 2
08-04 02:25:36.359 11040 11052 I art     : Explicit concurrent mark sweep GC freed 3(96B) AllocSpace objects, 0(0B) LOS objects, 34% free, 30MB/46MB, paused 319us total 14.408ms
08-04 02:25:36.365 11040 11052 I art     : Starting a blocking GC Explicit
08-04 02:25:36.380 11040 11052 I art     : Explicit concurrent mark sweep GC freed 3(96B) AllocSpace objects, 0(0B) LOS objects, 34% free, 30MB/46MB, paused 324us total 14.613ms
08-04 02:25:36.695 11040 11053 I art     : Starting a blocking GC Explicit
08-04 02:25:36.716 11040 11053 I art     : Explicit concurrent mark sweep GC freed 1388(80KB) AllocSpace objects, 1(20KB) LOS objects, 34% free, 30MB/46MB, paused 420us total 20.465ms
08-04 02:25:36.724 11040 11053 I art     : Starting a blocking GC Explicit
08-04 02:25:36.739 11040 11053 I art     : Explicit concurrent mark sweep GC freed 20(704B) AllocSpace objects, 0(0B) LOS objects, 34% free, 30MB/46MB, paused 336us total 14.576ms
08-04 02:25:36.745 11040 11053 I art     : Starting a blocking GC Explicit
08-04 02:25:36.759 11040 11053 I art     : Explicit concurrent mark sweep GC freed 3(96B) AllocSpace objects, 0(0B) LOS objects, 34% free, 30MB/46MB, paused 335us total 14.381ms
08-04 02:25:36.766 11040 11053 I art     : Starting a blocking GC Explicit
08-04 02:25:36.780 11040 11053 I art     : Explicit concurrent mark sweep GC freed 3(96B) AllocSpace objects, 0(0B) LOS objects, 34% free, 30MB/46MB, paused 307us total 13.448ms
08-04 02:25:36.787 11040 11053 I art     : Starting a blocking GC Explicit
08-04 02:25:36.801 11040 11053 I art     : Explicit concurrent mark sweep GC freed 3(96B) AllocSpace objects, 0(0B) LOS objects, 34% free, 30MB/46MB, paused 323us total 13.148ms
08-04 02:25:37.116 11040 29418 I art     : Starting a blocking GC Explicit
08-04 02:25:37.132 11040 29418 I art     : Explicit concurrent mark sweep GC freed 1388(80KB) AllocSpace objects, 1(20KB) LOS objects, 34% free, 30MB/46MB, paused 331us total 16.152ms
08-04 02:25:37.139 11040 29418 I art     : Starting a blocking GC Explicit
08-04 02:25:37.153 11040 29418 I art     : Explicit concurrent mark sweep GC freed 20(704B) AllocSpace objects, 0(0B) LOS objects, 34% free, 30MB/46MB, paused 322us total 13.997ms
08-04 02:25:37.159 11040 29418 I art     : Starting a blocking GC Explicit
08-04 02:25:37.172 11040 29418 I art     : Explicit concurrent mark sweep GC freed 3(96B) AllocSpace objects, 0(0B) LOS objects, 34% free, 30MB/46MB, paused 317us total 13.364ms
08-04 02:25:37.178 11040 29418 I art     : Starting a blocking GC Explicit
08-04 02:25:37.192 11040 29418 I art     : Explicit concurrent mark sweep GC freed 3(96B) AllocSpace objects, 0(0B) LOS objects, 34% free, 30MB/46MB, paused 311us total 13.564ms
08-04 02:25:37.198 11040 29418 I art     : Starting a blocking GC Explicit
08-04 02:25:37.212 11040 29418 I art     : Explicit concurrent mark sweep GC freed 3(96B) AllocSpace objects, 0(0B) LOS objects, 34% free, 30MB/46MB, paused 327us total 13.666ms
08-04 02:25:37.498 11040 11052 I art     : Starting a blocking GC Explicit
08-04 02:25:37.515 11040 11052 I art     : Explicit concurrent mark sweep GC freed 1388(80KB) AllocSpace objects, 1(20KB) LOS objects, 34% free, 30MB/46MB, paused 343us total 16.885ms
08-04 02:25:37.522 11040 11052 I art     : Starting a blocking GC Explicit
08-04 02:25:37.537 11040 11052 I art     : Explicit concurrent mark sweep GC freed 20(704B) AllocSpace objects, 0(0B) LOS objects, 34% free, 30MB/46MB, paused 338us total 15.446ms
08-04 02:25:37.544 11040 11052 I art     : Starting a blocking GC Explicit
08-04 02:25:37.559 11040 11052 I art     : Explicit concurrent mark sweep GC freed 3(96B) AllocSpace objects, 0(0B) LOS objects, 34% free, 30MB/46MB, paused 323us total 14.837ms
08-04 02:25:37.566 11040 11052 I art     : Starting a blocking GC Explicit
08-04 02:25:37.581 11040 11052 I art     : Explicit concurrent mark sweep GC freed 3(96B) AllocSpace objects, 0(0B) LOS objects, 34% free, 30MB/46MB, paused 323us total 14.828ms
08-04 02:25:37.587 11040 11052 I art     : Starting a blocking GC Explicit
08-04 02:25:37.602 11040 11052 I art     : Explicit concurrent mark sweep GC freed 3(96B) AllocSpace objects, 0(0B) LOS objects, 34% free, 30MB/46MB, paused 321us total 14.754ms
08-04 02:25:37.899 11040 11053 I art     : Starting a blocking GC Explicit
08-04 02:25:37.916 11040 11053 I art     : Explicit concurrent mark sweep GC freed 1388(80KB) AllocSpace objects, 1(20KB) LOS objects, 34% free, 30MB/46MB, paused 363us total 17.057ms
08-04 02:25:37.926 11040 11053 I art     : Starting a blocking GC Explicit
08-04 02:25:37.940 11040 11053 I art     : Explicit concurrent mark sweep GC freed 20(704B) AllocSpace objects, 0(0B) LOS objects, 34% free, 30MB/46MB, paused 311us total 14.289ms
08-04 02:25:37.946 11040 11053 I art     : Starting a blocking GC Explicit
08-04 02:25:37.961 11040 11053 I art     : Explicit concurrent mark sweep GC freed 3(96B) AllocSpace objects, 0(0B) LOS objects, 34% free, 30MB/46MB, paused 319us total 14.433ms
08-04 02:25:37.967 11040 11053 I art     : Starting a blocking GC Explicit
08-04 02:25:37.982 11040 11053 I art     : Explicit concurrent mark sweep GC freed 3(96B) AllocSpace objects, 0(0B) LOS objects, 34% free, 30MB/46MB, paused 341us total 14.469ms
08-04 02:25:37.988 11040 11053 I art     : Starting a blocking GC Explicit
08-04 02:25:38.003 11040 11053 I art     : Explicit concurrent mark sweep GC freed 3(96B) AllocSpace objects, 0(0B) LOS objects, 34% free, 30MB/46MB, paused 337us total 14.484ms
08-04 02:25:38.244 11040 29418 I art     : Starting a blocking GC Explicit
08-04 02:25:38.260 11040 29418 I art     : Explicit concurrent mark sweep GC freed 1388(80KB) AllocSpace objects, 1(20KB) LOS objects, 34% free, 30MB/46MB, paused 347us total 15.496ms
08-04 02:25:38.267 11040 29418 I art     : Starting a blocking GC Explicit
08-04 02:25:38.282 11040 29418 I art     : Explicit concurrent mark sweep GC freed 20(704B) AllocSpace objects, 0(0B) LOS objects, 34% free, 30MB/46MB, paused 343us total 14.773ms
08-04 02:25:38.289 11040 29418 I art     : Starting a blocking GC Explicit
08-04 02:25:38.303 11040 29418 I art     : Explicit concurrent mark sweep GC freed 3(96B) AllocSpace objects, 0(0B) LOS objects, 34% free, 30MB/46MB, paused 339us total 14.451ms
08-04 02:25:38.310 11040 29418 I art     : Starting a blocking GC Explicit
08-04 02:25:38.324 11040 29418 I art     : Explicit concurrent mark sweep GC freed 3(96B) AllocSpace objects, 0(0B) LOS objects, 34% free, 30MB/46MB, paused 354us total 14.517ms
08-04 02:25:38.331 11040 29418 I art     : Starting a blocking GC Explicit
08-04 02:25:38.344 11040 29418 I art     : Explicit concurrent mark sweep GC freed 3(96B) AllocSpace objects, 0(0B) LOS objects, 34% free, 30MB/46MB, paused 313us total 13.263ms
08-04 02:25:38.447 29971 29971 D AndroidRuntime: >>>>>> START com.android.internal.os.RuntimeInit uid 2000 <<<<<<
08-04 02:25:38.452 29971 29971 D AndroidRuntime: CheckJNI is OFF
08-04 02:25:38.477 29971 29971 D ICU     : No timezone override file found: /data/misc/zoneinfo/current/icu/icu_tzdata.dat
08-04 02:25:38.503 29971 29971 I Radio-JNI: register_android_hardware_Radio DONE
08-04 02:25:38.519 29971 29971 D AndroidRuntime: Calling main entry com.android.commands.input.Input
08-04 02:25:38.521 29971 29971 I Input   : injectMotionEvent: MotionEvent { action=ACTION_DOWN, actionButton=0, id[0]=0, x[0]=436.0, y[0]=453.0, toolType[0]=TOOL_TYPE_UNKNOWN, buttonState=0, metaState=0, flags=0x0, edgeFlags=0x0, pointerCount=1, historySize=0, eventTime=671154933, downTime=671154933, deviceId=0, source=0x1002 }
08-04 02:25:38.526 29971 29971 I Input   : injectMotionEvent: MotionEvent { action=ACTION_UP, actionButton=0, id[0]=0, x[0]=436.0, y[0]=453.0, toolType[0]=TOOL_TYPE_UNKNOWN, buttonState=0, metaState=0, flags=0x0, edgeFlags=0x0, pointerCount=1, historySize=0, eventTime=671154933, downTime=671154933, deviceId=0, source=0x1002 }
08-04 02:25:38.528 29971 29971 D AndroidRuntime: Shutting down VM
08-04 02:25:38.537   512  2967 D audio_hw_primary: out_set_parameters: enter: usecase(1: low-latency-playback) kvpairs: routing=2
08-04 02:25:38.538   918   928 I ActivityManager: START u0 {cmp=baseline.com.newsblur/.activity.GlobalSharedStoriesReading (has extras)} from uid 10652 on display 0
08-04 02:25:38.550   512  2967 D audio_hw_primary: select_devices: out_snd_device(2: speaker) in_snd_device(0: none)
08-04 02:25:38.550   512  2967 D msm8974_platform: platform_send_audio_calibration: sending audio calibration for snd_device(2) acdb_id(15)
08-04 02:25:38.551   512  2967 I soundtrigger: audio_extn_sound_trigger_update_device_status: device 0x2 of type 0 for Event 1
08-04 02:25:38.565   512  2967 D audio_hw_primary: enable_snd_device: snd_device(2: speaker)
08-04 02:25:38.566   512  2967 D audio_hw_primary: enable_audio_route: apply and update mixer path: low-latency-playback speaker
08-04 02:25:38.606 11040 11052 I art     : Starting a blocking GC Explicit
08-04 02:25:38.622 11040 11052 I art     : Explicit concurrent mark sweep GC freed 2892(261KB) AllocSpace objects, 5(528KB) LOS objects, 33% free, 32MB/48MB, paused 357us total 15.725ms
08-04 02:25:38.629 11040 11052 I art     : Starting a blocking GC Explicit
08-04 02:25:38.644 11040 11052 I art     : Explicit concurrent mark sweep GC freed 422(19KB) AllocSpace objects, 0(0B) LOS objects, 33% free, 32MB/48MB, paused 378us total 15.018ms
08-04 02:25:38.650 11040 11052 I art     : Starting a blocking GC Explicit
08-04 02:25:38.666 11040 11052 I art     : Explicit concurrent mark sweep GC freed 156(26KB) AllocSpace objects, 1(20KB) LOS objects, 33% free, 32MB/48MB, paused 381us total 15.620ms
08-04 02:25:38.672 11040 11052 I art     : Starting a blocking GC Explicit
08-04 02:25:38.687 11040 11052 I art     : Explicit concurrent mark sweep GC freed 29(1056B) AllocSpace objects, 0(0B) LOS objects, 33% free, 32MB/48MB, paused 328us total 14.340ms
08-04 02:25:38.694 11040 11052 I art     : Starting a blocking GC Explicit
08-04 02:25:38.710 11040 11052 I art     : Explicit concurrent mark sweep GC freed 261(44KB) AllocSpace objects, 1(20KB) LOS objects, 32% free, 33MB/49MB, paused 428us total 16.349ms
08-04 02:25:38.733   918   936 I ActivityManager: Displayed baseline.com.newsblur/.activity.GlobalSharedStoriesReading: +184ms
08-04 02:25:38.733 13866 13866 I GoogleInputMethodServic: GoogleInputMethodService.onFinishInput():3138 
08-04 02:25:38.734 13866 13866 I GoogleInputMethodServic: GoogleInputMethodService.onStartInput():1808 
08-04 02:25:38.745 11040 11040 I WebViewFactory: Loading com.google.android.webview version 84.0.4147.89 (code 414708953)
08-04 02:25:38.806 11040 11040 I cr_LibraryLoader: Loaded native library version number "84.0.4147.89"
08-04 02:25:38.806 11040 11040 I cr_CachingUmaRecorder: Flushed 5 samples from 5 histograms.
08-04 02:25:38.831 11040 11040 E chromium: [ERROR:filesystem_posix.cc(62)] mkdir /data/user/0/baseline.com.newsblur/cache/WebView/Crashpad: No such file or directory (2)
08-04 02:25:38.931   918  3714 D ConnectivityService: listenForNetwork for Listen from uid/pid:10652/11040 for NetworkRequest [ id=2546, legacyType=-1, [ Capabilities: INTERNET&NOT_RESTRICTED&TRUSTED] ]
08-04 02:25:38.951 11040 11052 I art     : Starting a blocking GC Explicit
08-04 02:25:38.974 11040 11052 I art     : Explicit concurrent mark sweep GC freed 9299(914KB) AllocSpace objects, 5(100KB) LOS objects, 30% free, 36MB/52MB, paused 812us total 22.203ms
08-04 02:25:38.983 11040 11052 I art     : Starting a blocking GC Explicit
08-04 02:25:39.003 11040 11052 I art     : Explicit concurrent mark sweep GC freed 1683(106KB) AllocSpace objects, 1(20KB) LOS objects, 30% free, 36MB/52MB, paused 1.019ms total 19.660ms
08-04 02:25:39.010 11040 11052 I art     : Starting a blocking GC Explicit
08-04 02:25:39.029 11040 30025 W cr_media: Requires BLUETOOTH permission
08-04 02:25:39.038 11040 11052 I art     : Explicit concurrent mark sweep GC freed 888(76KB) AllocSpace objects, 7(168KB) LOS objects, 30% free, 36MB/52MB, paused 1.055ms total 27.509ms
08-04 02:25:39.051 11040 30044 E libEGL  : validate_display:255 error 3008 (EGL_BAD_DISPLAY)
08-04 02:25:39.054 11040 11052 I art     : Starting a blocking GC Explicit
08-04 02:25:39.077 11040 11052 I art     : Explicit concurrent mark sweep GC freed 8419(407KB) AllocSpace objects, 3(76KB) LOS objects, 30% free, 36MB/52MB, paused 738us total 23.602ms
08-04 02:25:39.089 11040 11052 I art     : Starting a blocking GC Explicit
08-04 02:25:39.112 11040 11052 I art     : Explicit concurrent mark sweep GC freed 406(24KB) AllocSpace objects, 0(0B) LOS objects, 30% free, 36MB/52MB, paused 2.015ms total 22.613ms
08-04 02:25:39.118   512  2967 D audio_hw_primary: disable_audio_route: reset and update mixer path: low-latency-playback speaker
08-04 02:25:39.120   512  2967 D audio_hw_primary: disable_snd_device: snd_device(2: speaker)
08-04 02:25:39.128   512  2967 I soundtrigger: audio_extn_sound_trigger_update_device_status: device 0x2 of type 0 for Event 0
08-04 02:25:39.373 11040 11052 I art     : Starting a blocking GC Explicit
08-04 02:25:39.395 11040 11052 I art     : Explicit concurrent mark sweep GC freed 11869(734KB) AllocSpace objects, 9(188KB) LOS objects, 30% free, 36MB/52MB, paused 744us total 21.654ms
08-04 02:25:39.402 11040 11052 I art     : Starting a blocking GC Explicit
08-04 02:25:39.422 11040 11052 I art     : Explicit concurrent mark sweep GC freed 4345(173KB) AllocSpace objects, 1(28KB) LOS objects, 30% free, 36MB/52MB, paused 581us total 19.368ms
08-04 02:25:39.428 11040 11052 I art     : Starting a blocking GC Explicit
08-04 02:25:39.447 11040 11052 I art     : Explicit concurrent mark sweep GC freed 321(15KB) AllocSpace objects, 0(0B) LOS objects, 30% free, 36MB/52MB, paused 650us total 19.005ms
08-04 02:25:39.454 11040 11052 I art     : Starting a blocking GC Explicit
08-04 02:25:39.475 11040 11052 I art     : Explicit concurrent mark sweep GC freed 410(42KB) AllocSpace objects, 0(0B) LOS objects, 30% free, 36MB/52MB, paused 556us total 21.126ms
08-04 02:25:39.482 11040 11052 I art     : Starting a blocking GC Explicit
08-04 02:25:39.502 11040 11052 I art     : Explicit concurrent mark sweep GC freed 64(2256B) AllocSpace objects, 0(0B) LOS objects, 30% free, 36MB/52MB, paused 677us total 20.136ms
08-04 02:25:39.616 11040 30053 E baseline.com.newsblur.network.APIResponse: Error (unexpected end of stream on https://www.newsblur.com/...) calling https://www.newsblur.com/reader/mark_story_hashes_as_read/
08-04 02:25:39.616 11040 30053 E baseline.com.newsblur.network.APIResponse: java.io.IOException: unexpected end of stream on https://www.newsblur.com/...
08-04 02:25:39.616 11040 30053 E baseline.com.newsblur.network.APIResponse: 	at okhttp3.internal.http1.Http1ExchangeCodec.readResponseHeaders(Http1ExchangeCodec.java:236)
08-04 02:25:39.616 11040 30053 E baseline.com.newsblur.network.APIResponse: 	at okhttp3.internal.connection.Exchange.readResponseHeaders(Exchange.java:115)
08-04 02:25:39.616 11040 30053 E baseline.com.newsblur.network.APIResponse: 	at okhttp3.internal.http.CallServerInterceptor.intercept(CallServerInterceptor.java:94)
08-04 02:25:39.616 11040 30053 E baseline.com.newsblur.network.APIResponse: 	at okhttp3.internal.http.RealInterceptorChain.proceed(RealInterceptorChain.java:142)
08-04 02:25:39.616 11040 30053 E baseline.com.newsblur.network.APIResponse: 	at okhttp3.internal.connection.ConnectInterceptor.intercept(ConnectInterceptor.java:43)
08-04 02:25:39.616 11040 30053 E baseline.com.newsblur.network.APIResponse: 	at okhttp3.internal.http.RealInterceptorChain.proceed(RealInterceptorChain.java:142)
08-04 02:25:39.616 11040 30053 E baseline.com.newsblur.network.APIResponse: 	at okhttp3.internal.http.RealInterceptorChain.proceed(RealInterceptorChain.java:117)
08-04 02:25:39.616 11040 30053 E baseline.com.newsblur.network.APIResponse: 	at okhttp3.internal.cache.CacheInterceptor.intercept(CacheInterceptor.java:94)
08-04 02:25:39.616 11040 30053 E baseline.com.newsblur.network.APIResponse: 	at okhttp3.internal.http.RealInterceptorChain.proceed(RealInterceptorChain.java:142)
08-04 02:25:39.616 11040 30053 E baseline.com.newsblur.network.APIResponse: 	at okhttp3.internal.http.RealInterceptorChain.proceed(RealInterceptorChain.java:117)
08-04 02:25:39.616 11040 30053 E baseline.com.newsblur.network.APIResponse: 	at okhttp3.internal.http.BridgeInterceptor.intercept(BridgeInterceptor.java:93)
08-04 02:25:39.616 11040 30053 E baseline.com.newsblur.network.APIResponse: 	at okhttp3.internal.http.RealInterceptorChain.proceed(RealInterceptorChain.java:142)
08-04 02:25:39.616 11040 30053 E baseline.com.newsblur.network.APIResponse: 	at okhttp3.internal.http.RetryAndFollowUpInterceptor.intercept(RetryAndFollowUpInterceptor.java:88)
08-04 02:25:39.616 11040 30053 E baseline.com.newsblur.network.APIResponse: 	at okhttp3.internal.http.RealInterceptorChain.proceed(RealInterceptorChain.java:142)
08-04 02:25:39.616 11040 30053 E baseline.com.newsblur.network.APIResponse: 	at okhttp3.internal.http.RealInterceptorChain.proceed(RealInterceptorChain.java:117)
08-04 02:25:39.616 11040 30053 E baseline.com.newsblur.network.APIResponse: 	at okhttp3.RealCall.getResponseWithInterceptorChain(RealCall.java:229)
08-04 02:25:39.616 11040 30053 E baseline.com.newsblur.network.APIResponse: 	at okhttp3.RealCall.execute(RealCall.java:81)
08-04 02:25:39.616 11040 30053 E baseline.com.newsblur.network.APIResponse: 	at baseline.com.newsblur.network.APIResponse.<init>(APIResponse.java:57)
08-04 02:25:39.616 11040 30053 E baseline.com.newsblur.network.APIResponse: 	at baseline.com.newsblur.network.APIResponse.<init>(APIResponse.java:43)
08-04 02:25:39.616 11040 30053 E baseline.com.newsblur.network.APIResponse: 	at baseline.com.newsblur.network.APIManager.post_single(APIManager.java:702)
08-04 02:25:39.616 11040 30053 E baseline.com.newsblur.network.APIResponse: 	at baseline.com.newsblur.network.APIManager.post(APIManager.java:675)
08-04 02:25:39.616 11040 30053 E baseline.com.newsblur.network.APIResponse: 	at baseline.com.newsblur.network.APIManager.post(APIManager.java:714)
08-04 02:25:39.616 11040 30053 E baseline.com.newsblur.network.APIResponse: 	at baseline.com.newsblur.network.APIManager.markStoryAsRead(APIManager.java:205)
08-04 02:25:39.616 11040 30053 E baseline.com.newsblur.network.APIResponse: 	at baseline.com.newsblur.util.ReadingAction.doRemote(ReadingAction.java:281)
08-04 02:25:39.616 11040 30053 E baseline.com.newsblur.network.APIResponse: 	at baseline.com.newsblur.service.NBSyncService.syncActions(NBSyncService.java:400)
08-04 02:25:39.616 11040 30053 E baseline.com.newsblur.network.APIResponse: 	at baseline.com.newsblur.service.NBSyncService.doSync(NBSyncService.java:298)
08-04 02:25:39.616 11040 30053 E baseline.com.newsblur.network.APIResponse: 	at baseline.com.newsblur.service.NBSyncService.access$100(NBSyncService.java:67)
08-04 02:25:39.616 11040 30053 E baseline.com.newsblur.network.APIResponse: 	at baseline.com.newsblur.service.NBSyncService$1.run(NBSyncService.java:188)
08-04 02:25:39.616 11040 30053 E baseline.com.newsblur.network.APIResponse: 	at java.util.concurrent.ThreadPoolExecutor.runWorker(ThreadPoolExecutor.java:1113)
08-04 02:25:39.616 11040 30053 E baseline.com.newsblur.network.APIResponse: 	at java.util.concurrent.ThreadPoolExecutor$Worker.run(ThreadPoolExecutor.java:588)
08-04 02:25:39.616 11040 30053 E baseline.com.newsblur.network.APIResponse: 	at java.lang.Thread.run(Thread.java:818)
08-04 02:25:39.616 11040 30053 E baseline.com.newsblur.network.APIResponse: Caused by: java.io.EOFException: \n not found: limit=0 content=
08-04 02:25:39.616 11040 30053 E baseline.com.newsblur.network.APIResponse: 	at okio.RealBufferedSource.readUtf8LineStrict(RealBufferedSource.java:240)
08-04 02:25:39.616 11040 30053 E baseline.com.newsblur.network.APIResponse: 	at okhttp3.internal.http1.Http1ExchangeCodec.readHeaderLine(Http1ExchangeCodec.java:242)
08-04 02:25:39.616 11040 30053 E baseline.com.newsblur.network.APIResponse: 	at okhttp3.internal.http1.Http1ExchangeCodec.readResponseHeaders(Http1ExchangeCodec.java:213)
08-04 02:25:39.616 11040 30053 E baseline.com.newsblur.network.APIResponse: 	... 30 more
08-04 02:25:39.617 11040 30053 I baseline.com.newsblur.network.APIManager: API call failed, pausing before retry number 1
08-04 02:25:39.797 11040 11052 I art     : Starting a blocking GC Explicit
08-04 02:25:39.822 11040 11052 I art     : Explicit concurrent mark sweep GC freed 4657(416KB) AllocSpace objects, 6(260KB) LOS objects, 30% free, 36MB/52MB, paused 737us total 23.982ms
08-04 02:25:39.829 11040 11052 I art     : Starting a blocking GC Explicit
08-04 02:25:39.851 11040 11052 I art     : Explicit concurrent mark sweep GC freed 993(118KB) AllocSpace objects, 0(0B) LOS objects, 30% free, 36MB/52MB, paused 593us total 21.584ms
08-04 02:25:39.860 11040 11052 I art     : Starting a blocking GC Explicit
08-04 02:25:39.882 11040 11052 I art     : Explicit concurrent mark sweep GC freed 3(96B) AllocSpace objects, 0(0B) LOS objects, 30% free, 36MB/52MB, paused 593us total 21.659ms
08-04 02:25:39.891 11040 11052 I art     : Starting a blocking GC Explicit
08-04 02:25:39.912 11040 11052 I art     : Explicit concurrent mark sweep GC freed 3(96B) AllocSpace objects, 0(0B) LOS objects, 30% free, 36MB/52MB, paused 565us total 21.250ms
08-04 02:25:39.920 11040 11052 I art     : Starting a blocking GC Explicit
08-04 02:25:39.942 11040 11052 I art     : Explicit concurrent mark sweep GC freed 3(96B) AllocSpace objects, 0(0B) LOS objects, 30% free, 36MB/52MB, paused 541us total 22.238ms
08-04 02:25:40.260 11040 29418 I art     : Starting a blocking GC Explicit
08-04 02:25:40.288 11040 29418 I art     : Explicit concurrent mark sweep GC freed 1459(83KB) AllocSpace objects, 1(20KB) LOS objects, 30% free, 36MB/52MB, paused 909us total 27.486ms
08-04 02:25:40.298 11040 29418 I art     : Starting a blocking GC Explicit
08-04 02:25:40.326 11040 29418 I art     : Explicit concurrent mark sweep GC freed 34(1168B) AllocSpace objects, 0(0B) LOS objects, 30% free, 36MB/52MB, paused 713us total 28.465ms
08-04 02:25:40.335 11040 29418 I art     : Starting a blocking GC Explicit
08-04 02:25:40.362 11040 29418 I art     : Explicit concurrent mark sweep GC freed 11(352B) AllocSpace objects, 0(0B) LOS objects, 30% free, 36MB/52MB, paused 553us total 27.029ms
08-04 02:25:40.370 11040 29418 I art     : Starting a blocking GC Explicit
08-04 02:25:40.393 11040 29418 I art     : Explicit concurrent mark sweep GC freed 12(384B) AllocSpace objects, 0(0B) LOS objects, 30% free, 36MB/52MB, paused 550us total 22.574ms
08-04 02:25:40.400 11040 29418 I art     : Starting a blocking GC Explicit
08-04 02:25:40.423 11040 29418 I art     : Explicit concurrent mark sweep GC freed 7(224B) AllocSpace objects, 0(0B) LOS objects, 30% free, 36MB/52MB, paused 774us total 22.133ms
08-04 02:25:40.731 11040 11053 I art     : Starting a blocking GC Explicit
08-04 02:25:40.759 11040 11053 I art     : Explicit concurrent mark sweep GC freed 1448(83KB) AllocSpace objects, 1(20KB) LOS objects, 30% free, 36MB/52MB, paused 717us total 28.379ms
08-04 02:25:40.768 11040 11053 I art     : Starting a blocking GC Explicit
08-04 02:25:40.795 11040 11053 I art     : Explicit concurrent mark sweep GC freed 22(784B) AllocSpace objects, 0(0B) LOS objects, 30% free, 36MB/52MB, paused 684us total 26.746ms
08-04 02:25:40.803 11040 11053 I art     : Starting a blocking GC Explicit
08-04 02:25:40.831 11040 11053 I art     : Explicit concurrent mark sweep GC freed 3(96B) AllocSpace objects, 0(0B) LOS objects, 30% free, 36MB/52MB, paused 595us total 28.092ms
08-04 02:25:40.840 11040 11053 I art     : Starting a blocking GC Explicit
08-04 02:25:40.862 11040 11053 I art     : Explicit concurrent mark sweep GC freed 3(96B) AllocSpace objects, 0(0B) LOS objects, 30% free, 36MB/52MB, paused 541us total 21.476ms
08-04 02:25:40.869 11040 11053 I art     : Starting a blocking GC Explicit
08-04 02:25:40.892 11040 11053 I art     : Explicit concurrent mark sweep GC freed 3(96B) AllocSpace objects, 0(0B) LOS objects, 30% free, 36MB/52MB, paused 611us total 22ms
08-04 02:25:41.225 11040 11053 I art     : Starting a blocking GC Explicit
08-04 02:25:41.251 11040 11053 I art     : Explicit concurrent mark sweep GC freed 1606(91KB) AllocSpace objects, 1(20KB) LOS objects, 30% free, 36MB/52MB, paused 661us total 25.650ms
08-04 02:25:41.260 11040 11053 I art     : Starting a blocking GC Explicit
08-04 02:25:41.286 11040 11053 I art     : Explicit concurrent mark sweep GC freed 28(1040B) AllocSpace objects, 0(0B) LOS objects, 30% free, 36MB/52MB, paused 694us total 25.659ms
08-04 02:25:41.295 11040 11053 I art     : Starting a blocking GC Explicit
08-04 02:25:41.319 11040 11053 I art     : Explicit concurrent mark sweep GC freed 3(96B) AllocSpace objects, 0(0B) LOS objects, 30% free, 36MB/52MB, paused 703us total 22.776ms
08-04 02:25:41.327 11040 11053 I art     : Starting a blocking GC Explicit
08-04 02:25:41.349 11040 11053 I art     : Explicit concurrent mark sweep GC freed 3(96B) AllocSpace objects, 0(0B) LOS objects, 30% free, 36MB/52MB, paused 640us total 21.853ms
08-04 02:25:41.357 11040 11053 I art     : Starting a blocking GC Explicit
08-04 02:25:41.378 11040 11053 I art     : Explicit concurrent mark sweep GC freed 3(96B) AllocSpace objects, 0(0B) LOS objects, 30% free, 36MB/52MB, paused 566us total 21.130ms
08-04 02:25:41.620 11040 30053 E baseline.com.newsblur.network.APIResponse: Error (unexpected end of stream on https://www.newsblur.com/...) calling https://www.newsblur.com/reader/mark_story_hashes_as_read/
08-04 02:25:41.620 11040 30053 E baseline.com.newsblur.network.APIResponse: java.io.IOException: unexpected end of stream on https://www.newsblur.com/...
08-04 02:25:41.620 11040 30053 E baseline.com.newsblur.network.APIResponse: 	at okhttp3.internal.http1.Http1ExchangeCodec.readResponseHeaders(Http1ExchangeCodec.java:236)
08-04 02:25:41.620 11040 30053 E baseline.com.newsblur.network.APIResponse: 	at okhttp3.internal.connection.Exchange.readResponseHeaders(Exchange.java:115)
08-04 02:25:41.620 11040 30053 E baseline.com.newsblur.network.APIResponse: 	at okhttp3.internal.http.CallServerInterceptor.intercept(CallServerInterceptor.java:94)
08-04 02:25:41.620 11040 30053 E baseline.com.newsblur.network.APIResponse: 	at okhttp3.internal.http.RealInterceptorChain.proceed(RealInterceptorChain.java:142)
08-04 02:25:41.620 11040 30053 E baseline.com.newsblur.network.APIResponse: 	at okhttp3.internal.connection.ConnectInterceptor.intercept(ConnectInterceptor.java:43)
08-04 02:25:41.620 11040 30053 E baseline.com.newsblur.network.APIResponse: 	at okhttp3.internal.http.RealInterceptorChain.proceed(RealInterceptorChain.java:142)
08-04 02:25:41.620 11040 30053 E baseline.com.newsblur.network.APIResponse: 	at okhttp3.internal.http.RealInterceptorChain.proceed(RealInterceptorChain.java:117)
08-04 02:25:41.620 11040 30053 E baseline.com.newsblur.network.APIResponse: 	at okhttp3.internal.cache.CacheInterceptor.intercept(CacheInterceptor.java:94)
08-04 02:25:41.620 11040 30053 E baseline.com.newsblur.network.APIResponse: 	at okhttp3.internal.http.RealInterceptorChain.proceed(RealInterceptorChain.java:142)
08-04 02:25:41.620 11040 30053 E baseline.com.newsblur.network.APIResponse: 	at okhttp3.internal.http.RealInterceptorChain.proceed(RealInterceptorChain.java:117)
08-04 02:25:41.620 11040 30053 E baseline.com.newsblur.network.APIResponse: 	at okhttp3.internal.http.BridgeInterceptor.intercept(BridgeInterceptor.java:93)
08-04 02:25:41.620 11040 30053 E baseline.com.newsblur.network.APIResponse: 	at okhttp3.internal.http.RealInterceptorChain.proceed(RealInterceptorChain.java:142)
08-04 02:25:41.620 11040 30053 E baseline.com.newsblur.network.APIResponse: 	at okhttp3.internal.http.RetryAndFollowUpInterceptor.intercept(RetryAndFollowUpInterceptor.java:88)
08-04 02:25:41.620 11040 30053 E baseline.com.newsblur.network.APIResponse: 	at okhttp3.internal.http.RealInterceptorChain.proceed(RealInterceptorChain.java:142)
08-04 02:25:41.620 11040 30053 E baseline.com.newsblur.network.APIResponse: 	at okhttp3.internal.http.RealInterceptorChain.proceed(RealInterceptorChain.java:117)
08-04 02:25:41.620 11040 30053 E baseline.com.newsblur.network.APIResponse: 	at okhttp3.RealCall.getResponseWithInterceptorChain(RealCall.java:229)
08-04 02:25:41.620 11040 30053 E baseline.com.newsblur.network.APIResponse: 	at okhttp3.RealCall.execute(RealCall.java:81)
08-04 02:25:41.620 11040 30053 E baseline.com.newsblur.network.APIResponse: 	at baseline.com.newsblur.network.APIResponse.<init>(APIResponse.java:57)
08-04 02:25:41.620 11040 30053 E baseline.com.newsblur.network.APIResponse: 	at baseline.com.newsblur.network.APIResponse.<init>(APIResponse.java:43)
08-04 02:25:41.620 11040 30053 E baseline.com.newsblur.network.APIResponse: 	at baseline.com.newsblur.network.APIManager.post_single(APIManager.java:702)
08-04 02:25:41.620 11040 30053 E baseline.com.newsblur.network.APIResponse: 	at baseline.com.newsblur.network.APIManager.post(APIManager.java:675)
08-04 02:25:41.620 11040 30053 E baseline.com.newsblur.network.APIResponse: 	at baseline.com.newsblur.network.APIManager.post(APIManager.java:714)
08-04 02:25:41.620 11040 30053 E baseline.com.newsblur.network.APIResponse: 	at baseline.com.newsblur.network.APIManager.markStoryAsRead(APIManager.java:205)
08-04 02:25:41.620 11040 30053 E baseline.com.newsblur.network.APIResponse: 	at baseline.com.newsblur.util.ReadingAction.doRemote(ReadingAction.java:281)
08-04 02:25:41.620 11040 30053 E baseline.com.newsblur.network.APIResponse: 	at baseline.com.newsblur.service.NBSyncService.syncActions(NBSyncService.java:400)
08-04 02:25:41.620 11040 30053 E baseline.com.newsblur.network.APIResponse: 	at baseline.com.newsblur.service.NBSyncService.doSync(NBSyncService.java:298)
08-04 02:25:41.620 11040 30053 E baseline.com.newsblur.network.APIResponse: 	at baseline.com.newsblur.service.NBSyncService.access$100(NBSyncService.java:67)
08-04 02:25:41.620 11040 30053 E baseline.com.newsblur.network.APIResponse: 	at baseline.com.newsblur.service.NBSyncService$1.run(NBSyncService.java:188)
08-04 02:25:41.620 11040 30053 E baseline.com.newsblur.network.APIResponse: 	at java.util.concurrent.ThreadPoolExecutor.runWorker(ThreadPoolExecutor.java:1113)
08-04 02:25:41.620 11040 30053 E baseline.com.newsblur.network.APIResponse: 	at java.util.concurrent.ThreadPoolExecutor$Worker.run(ThreadPoolExecutor.java:588)
08-04 02:25:41.620 11040 30053 E baseline.com.newsblur.network.APIResponse: 	at java.lang.Thread.run(Thread.java:818)
08-04 02:25:41.620 11040 30053 E baseline.com.newsblur.network.APIResponse: Caused by: java.io.EOFException: \n not found: limit=0 content=
08-04 02:25:41.620 11040 30053 E baseline.com.newsblur.network.APIResponse: 	at okio.RealBufferedSource.readUtf8LineStrict(RealBufferedSource.java:240)
08-04 02:25:41.620 11040 30053 E baseline.com.newsblur.network.APIResponse: 	at okhttp3.internal.http1.Http1ExchangeCodec.readHeaderLine(Http1ExchangeCodec.java:242)
08-04 02:25:41.620 11040 30053 E baseline.com.newsblur.network.APIResponse: 	at okhttp3.internal.http1.Http1ExchangeCodec.readResponseHeaders(Http1ExchangeCodec.java:213)
08-04 02:25:41.620 11040 30053 E baseline.com.newsblur.network.APIResponse: 	... 30 more
08-04 02:25:41.623 11040 30053 I baseline.com.newsblur.network.APIManager: API call failed, pausing before retry number 2
08-04 02:25:41.709 11040 29418 I art     : Starting a blocking GC Explicit
08-04 02:25:41.736 11040 29418 I art     : Explicit concurrent mark sweep GC freed 3947(357KB) AllocSpace objects, 3(60KB) LOS objects, 30% free, 36MB/52MB, paused 642us total 26.687ms
08-04 02:25:41.746 11040 29418 I art     : Starting a blocking GC Explicit
08-04 02:25:41.772 11040 29418 I art     : Explicit concurrent mark sweep GC freed 109(3KB) AllocSpace objects, 0(0B) LOS objects, 30% free, 36MB/52MB, paused 691us total 26.148ms
08-04 02:25:41.781 11040 29418 I art     : Starting a blocking GC Explicit
08-04 02:25:41.807 11040 29418 I art     : Explicit concurrent mark sweep GC freed 3(96B) AllocSpace objects, 0(0B) LOS objects, 30% free, 36MB/52MB, paused 609us total 25.739ms
08-04 02:25:41.814 11040 29418 I art     : Starting a blocking GC Explicit
08-04 02:25:41.837 11040 29418 I art     : Explicit concurrent mark sweep GC freed 3(96B) AllocSpace objects, 0(0B) LOS objects, 30% free, 36MB/52MB, paused 666us total 22.308ms
08-04 02:25:41.844 11040 29418 I art     : Starting a blocking GC Explicit
08-04 02:25:41.866 11040 29418 I art     : Explicit concurrent mark sweep GC freed 3(96B) AllocSpace objects, 0(0B) LOS objects, 30% free, 36MB/52MB, paused 638us total 21.476ms
08-04 02:25:42.188 11040 11052 I art     : Starting a blocking GC Explicit
08-04 02:25:42.214 11040 11052 I art     : Explicit concurrent mark sweep GC freed 1440(83KB) AllocSpace objects, 1(20KB) LOS objects, 30% free, 36MB/52MB, paused 565us total 25.873ms
08-04 02:25:42.224 11040 11052 I art     : Starting a blocking GC Explicit
08-04 02:25:42.250 11040 11052 I art     : Explicit concurrent mark sweep GC freed 22(800B) AllocSpace objects, 0(0B) LOS objects, 30% free, 36MB/52MB, paused 621us total 25.559ms
08-04 02:25:42.260 11040 11052 I art     : Starting a blocking GC Explicit
08-04 02:25:42.285 11040 11052 I art     : Explicit concurrent mark sweep GC freed 3(96B) AllocSpace objects, 0(0B) LOS objects, 30% free, 36MB/52MB, paused 642us total 24.680ms
08-04 02:25:42.295 11040 11052 I art     : Starting a blocking GC Explicit
08-04 02:25:42.318 11040 11052 I art     : Explicit concurrent mark sweep GC freed 3(96B) AllocSpace objects, 0(0B) LOS objects, 30% free, 36MB/52MB, paused 704us total 22.181ms
08-04 02:25:42.326 11040 11052 I art     : Starting a blocking GC Explicit
08-04 02:25:42.348 11040 11052 I art     : Explicit concurrent mark sweep GC freed 3(96B) AllocSpace objects, 0(0B) LOS objects, 30% free, 36MB/52MB, paused 932us total 21.499ms
08-04 02:25:42.683 11040 29418 I art     : Starting a blocking GC Explicit
08-04 02:25:42.704   518   646 I ThermalEngine: ACTION: GPU - Setting GPU[0] to 510000000
08-04 02:25:42.714 11040 29418 I art     : Explicit concurrent mark sweep GC freed 1439(83KB) AllocSpace objects, 1(20KB) LOS objects, 30% free, 36MB/52MB, paused 815us total 30.335ms
08-04 02:25:42.724 11040 29418 I art     : Starting a blocking GC Explicit
08-04 02:25:42.756 11040 29418 I art     : Explicit concurrent mark sweep GC freed 22(784B) AllocSpace objects, 0(0B) LOS objects, 30% free, 36MB/52MB, paused 851us total 32.241ms
08-04 02:25:42.765 11040 29418 I art     : Starting a blocking GC Explicit
08-04 02:25:42.792 11040 29418 I art     : Explicit concurrent mark sweep GC freed 3(96B) AllocSpace objects, 0(0B) LOS objects, 30% free, 36MB/52MB, paused 753us total 26.812ms
08-04 02:25:42.801 11040 29418 I art     : Starting a blocking GC Explicit
08-04 02:25:42.828 11040 29418 I art     : Explicit concurrent mark sweep GC freed 3(96B) AllocSpace objects, 0(0B) LOS objects, 30% free, 36MB/52MB, paused 761us total 26.634ms
08-04 02:25:42.838 11040 29418 I art     : Starting a blocking GC Explicit
08-04 02:25:42.868 11040 29418 I art     : Explicit concurrent mark sweep GC freed 3(96B) AllocSpace objects, 0(0B) LOS objects, 30% free, 36MB/52MB, paused 882us total 29.219ms
08-04 02:25:43.213 11040 11053 I art     : Starting a blocking GC Explicit
08-04 02:25:43.246 11040 11053 I art     : Explicit concurrent mark sweep GC freed 1438(82KB) AllocSpace objects, 1(20KB) LOS objects, 30% free, 36MB/52MB, paused 768us total 32.785ms
08-04 02:25:43.256 11040 11053 I art     : Starting a blocking GC Explicit
08-04 02:25:43.287 11040 11053 I art     : Explicit concurrent mark sweep GC freed 22(784B) AllocSpace objects, 0(0B) LOS objects, 30% free, 36MB/52MB, paused 981us total 30.416ms
08-04 02:25:43.299 11040 11053 I art     : Starting a blocking GC Explicit
08-04 02:25:43.331 11040 11053 I art     : Explicit concurrent mark sweep GC freed 3(96B) AllocSpace objects, 0(0B) LOS objects, 30% free, 36MB/52MB, paused 773us total 31.822ms
08-04 02:25:43.342 11040 11053 I art     : Starting a blocking GC Explicit
08-04 02:25:43.370 11040 11053 I art     : Explicit concurrent mark sweep GC freed 3(96B) AllocSpace objects, 0(0B) LOS objects, 30% free, 36MB/52MB, paused 877us total 27.756ms
08-04 02:25:43.380 11040 11053 I art     : Starting a blocking GC Explicit
08-04 02:25:43.409 11040 11053 I art     : Explicit concurrent mark sweep GC freed 3(96B) AllocSpace objects, 0(0B) LOS objects, 30% free, 36MB/52MB, paused 1.069ms total 29.103ms
08-04 02:25:43.735 11040 29418 I art     : Starting a blocking GC Explicit
08-04 02:25:43.767 11040 29418 I art     : Explicit concurrent mark sweep GC freed 1438(82KB) AllocSpace objects, 1(20KB) LOS objects, 30% free, 36MB/52MB, paused 784us total 31.229ms
08-04 02:25:43.779 11040 29418 I art     : Starting a blocking GC Explicit
08-04 02:25:43.811 11040 29418 I art     : Explicit concurrent mark sweep GC freed 22(784B) AllocSpace objects, 0(0B) LOS objects, 30% free, 36MB/52MB, paused 922us total 31.484ms
08-04 02:25:43.820 11040 29418 I art     : Starting a blocking GC Explicit
08-04 02:25:43.847 11040 29418 I art     : Explicit concurrent mark sweep GC freed 3(96B) AllocSpace objects, 0(0B) LOS objects, 30% free, 36MB/52MB, paused 837us total 26.780ms
08-04 02:25:43.857 11040 29418 I art     : Starting a blocking GC Explicit
08-04 02:25:43.884 11040 29418 I art     : Explicit concurrent mark sweep GC freed 3(96B) AllocSpace objects, 0(0B) LOS objects, 30% free, 36MB/52MB, paused 897us total 26.366ms
08-04 02:25:43.894 11040 29418 I art     : Starting a blocking GC Explicit
08-04 02:25:43.921 11040 29418 I art     : Explicit concurrent mark sweep GC freed 3(96B) AllocSpace objects, 0(0B) LOS objects, 30% free, 36MB/52MB, paused 849us total 26.920ms
08-04 02:25:44.251 11040 29418 I art     : Starting a blocking GC Explicit
08-04 02:25:44.283 11040 29418 I art     : Explicit concurrent mark sweep GC freed 1438(82KB) AllocSpace objects, 1(20KB) LOS objects, 30% free, 36MB/52MB, paused 769us total 31.761ms
08-04 02:25:44.296 11040 29418 I art     : Starting a blocking GC Explicit
08-04 02:25:44.325 11040 29418 I art     : Explicit concurrent mark sweep GC freed 22(784B) AllocSpace objects, 0(0B) LOS objects, 30% free, 36MB/52MB, paused 933us total 29.354ms
08-04 02:25:44.334 11040 29418 I art     : Starting a blocking GC Explicit
08-04 02:25:44.362 11040 29418 I art     : Explicit concurrent mark sweep GC freed 3(96B) AllocSpace objects, 0(0B) LOS objects, 30% free, 36MB/52MB, paused 818us total 27.497ms
08-04 02:25:44.371 11040 29418 I art     : Starting a blocking GC Explicit
08-04 02:25:44.397 11040 29418 I art     : Explicit concurrent mark sweep GC freed 3(96B) AllocSpace objects, 0(0B) LOS objects, 30% free, 36MB/52MB, paused 843us total 26.085ms
08-04 02:25:44.408 11040 29418 I art     : Starting a blocking GC Explicit
08-04 02:25:44.440 11040 29418 I art     : Explicit concurrent mark sweep GC freed 3(96B) AllocSpace objects, 0(0B) LOS objects, 30% free, 36MB/52MB, paused 905us total 31.371ms
08-04 02:25:44.777 11040 29418 I art     : Starting a blocking GC Explicit
08-04 02:25:44.810 11040 29418 I art     : Explicit concurrent mark sweep GC freed 1603(91KB) AllocSpace objects, 1(20KB) LOS objects, 30% free, 36MB/52MB, paused 996us total 32.566ms
08-04 02:25:44.821 11040 29418 I art     : Starting a blocking GC Explicit
08-04 02:25:44.852 11040 29418 I art     : Explicit concurrent mark sweep GC freed 28(1040B) AllocSpace objects, 0(0B) LOS objects, 30% free, 36MB/52MB, paused 897us total 30.792ms
08-04 02:25:44.864 11040 29418 I art     : Starting a blocking GC Explicit
08-04 02:25:44.896 11040 29418 I art     : Explicit concurrent mark sweep GC freed 3(96B) AllocSpace objects, 0(0B) LOS objects, 30% free, 36MB/52MB, paused 1.073ms total 31.896ms
08-04 02:25:44.906 11040 29418 I art     : Starting a blocking GC Explicit
08-04 02:25:44.936 11040 29418 I art     : Explicit concurrent mark sweep GC freed 3(96B) AllocSpace objects, 0(0B) LOS objects, 30% free, 36MB/52MB, paused 914us total 30.574ms
08-04 02:25:44.948 11040 29418 I art     : Starting a blocking GC Explicit
08-04 02:25:44.980 11040 29418 I art     : Explicit concurrent mark sweep GC freed 3(96B) AllocSpace objects, 0(0B) LOS objects, 30% free, 36MB/52MB, paused 804us total 31.537ms
08-04 02:25:45.212 11040 30053 E baseline.com.newsblur.network.APIResponse: Error (unexpected end of stream on https://www.newsblur.com/...) calling https://www.newsblur.com/reader/mark_story_hashes_as_read/
08-04 02:25:45.212 11040 30053 E baseline.com.newsblur.network.APIResponse: java.io.IOException: unexpected end of stream on https://www.newsblur.com/...
08-04 02:25:45.212 11040 30053 E baseline.com.newsblur.network.APIResponse: 	at okhttp3.internal.http1.Http1ExchangeCodec.readResponseHeaders(Http1ExchangeCodec.java:236)
08-04 02:25:45.212 11040 30053 E baseline.com.newsblur.network.APIResponse: 	at okhttp3.internal.connection.Exchange.readResponseHeaders(Exchange.java:115)
08-04 02:25:45.212 11040 30053 E baseline.com.newsblur.network.APIResponse: 	at okhttp3.internal.http.CallServerInterceptor.intercept(CallServerInterceptor.java:94)
08-04 02:25:45.212 11040 30053 E baseline.com.newsblur.network.APIResponse: 	at okhttp3.internal.http.RealInterceptorChain.proceed(RealInterceptorChain.java:142)
08-04 02:25:45.212 11040 30053 E baseline.com.newsblur.network.APIResponse: 	at okhttp3.internal.connection.ConnectInterceptor.intercept(ConnectInterceptor.java:43)
08-04 02:25:45.212 11040 30053 E baseline.com.newsblur.network.APIResponse: 	at okhttp3.internal.http.RealInterceptorChain.proceed(RealInterceptorChain.java:142)
08-04 02:25:45.212 11040 30053 E baseline.com.newsblur.network.APIResponse: 	at okhttp3.internal.http.RealInterceptorChain.proceed(RealInterceptorChain.java:117)
08-04 02:25:45.212 11040 30053 E baseline.com.newsblur.network.APIResponse: 	at okhttp3.internal.cache.CacheInterceptor.intercept(CacheInterceptor.java:94)
08-04 02:25:45.212 11040 30053 E baseline.com.newsblur.network.APIResponse: 	at okhttp3.internal.http.RealInterceptorChain.proceed(RealInterceptorChain.java:142)
08-04 02:25:45.212 11040 30053 E baseline.com.newsblur.network.APIResponse: 	at okhttp3.internal.http.RealInterceptorChain.proceed(RealInterceptorChain.java:117)
08-04 02:25:45.212 11040 30053 E baseline.com.newsblur.network.APIResponse: 	at okhttp3.internal.http.BridgeInterceptor.intercept(BridgeInterceptor.java:93)
08-04 02:25:45.212 11040 30053 E baseline.com.newsblur.network.APIResponse: 	at okhttp3.internal.http.RealInterceptorChain.proceed(RealInterceptorChain.java:142)
08-04 02:25:45.212 11040 30053 E baseline.com.newsblur.network.APIResponse: 	at okhttp3.internal.http.RetryAndFollowUpInterceptor.intercept(RetryAndFollowUpInterceptor.java:88)
08-04 02:25:45.212 11040 30053 E baseline.com.newsblur.network.APIResponse: 	at okhttp3.internal.http.RealInterceptorChain.proceed(RealInterceptorChain.java:142)
08-04 02:25:45.212 11040 30053 E baseline.com.newsblur.network.APIResponse: 	at okhttp3.internal.http.RealInterceptorChain.proceed(RealInterceptorChain.java:117)
08-04 02:25:45.212 11040 30053 E baseline.com.newsblur.network.APIResponse: 	at okhttp3.RealCall.getResponseWithInterceptorChain(RealCall.java:229)
08-04 02:25:45.212 11040 30053 E baseline.com.newsblur.network.APIResponse: 	at okhttp3.RealCall.execute(RealCall.java:81)
08-04 02:25:45.212 11040 30053 E baseline.com.newsblur.network.APIResponse: 	at baseline.com.newsblur.network.APIResponse.<init>(APIResponse.java:57)
08-04 02:25:45.212 11040 30053 E baseline.com.newsblur.network.APIResponse: 	at baseline.com.newsblur.network.APIResponse.<init>(APIResponse.java:43)
08-04 02:25:45.212 11040 30053 E baseline.com.newsblur.network.APIResponse: 	at baseline.com.newsblur.network.APIManager.post_single(APIManager.java:702)
08-04 02:25:45.212 11040 30053 E baseline.com.newsblur.network.APIResponse: 	at baseline.com.newsblur.network.APIManager.post(APIManager.java:675)
08-04 02:25:45.212 11040 30053 E baseline.com.newsblur.network.APIResponse: 	at baseline.com.newsblur.network.APIManager.post(APIManager.java:714)
08-04 02:25:45.212 11040 30053 E baseline.com.newsblur.network.APIResponse: 	at baseline.com.newsblur.network.APIManager.markStoryAsRead(APIManager.java:205)
08-04 02:25:45.212 11040 30053 E baseline.com.newsblur.network.APIResponse: 	at baseline.com.newsblur.util.ReadingAction.doRemote(ReadingAction.java:281)
08-04 02:25:45.212 11040 30053 E baseline.com.newsblur.network.APIResponse: 	at baseline.com.newsblur.service.NBSyncService.syncActions(NBSyncService.java:400)
08-04 02:25:45.212 11040 30053 E baseline.com.newsblur.network.APIResponse: 	at baseline.com.newsblur.service.NBSyncService.doSync(NBSyncService.java:298)
08-04 02:25:45.212 11040 30053 E baseline.com.newsblur.network.APIResponse: 	at baseline.com.newsblur.service.NBSyncService.access$100(NBSyncService.java:67)
08-04 02:25:45.212 11040 30053 E baseline.com.newsblur.network.APIResponse: 	at baseline.com.newsblur.service.NBSyncService$1.run(NBSyncService.java:188)
08-04 02:25:45.212 11040 30053 E baseline.com.newsblur.network.APIResponse: 	at java.util.concurrent.ThreadPoolExecutor.runWorker(ThreadPoolExecutor.java:1113)
08-04 02:25:45.212 11040 30053 E baseline.com.newsblur.network.APIResponse: 	at java.util.concurrent.ThreadPoolExecutor$Worker.run(ThreadPoolExecutor.java:588)
08-04 02:25:45.212 11040 30053 E baseline.com.newsblur.network.APIResponse: 	at java.lang.Thread.run(Thread.java:818)
08-04 02:25:45.212 11040 30053 E baseline.com.newsblur.network.APIResponse: Caused by: java.io.EOFException: \n not found: limit=0 content=
08-04 02:25:45.212 11040 30053 E baseline.com.newsblur.network.APIResponse: 	at okio.RealBufferedSource.readUtf8LineStrict(RealBufferedSource.java:240)
08-04 02:25:45.212 11040 30053 E baseline.com.newsblur.network.APIResponse: 	at okhttp3.internal.http1.Http1ExchangeCodec.readHeaderLine(Http1ExchangeCodec.java:242)
08-04 02:25:45.212 11040 30053 E baseline.com.newsblur.network.APIResponse: 	at okhttp3.internal.http1.Http1ExchangeCodec.readResponseHeaders(Http1ExchangeCodec.java:213)
08-04 02:25:45.212 11040 30053 E baseline.com.newsblur.network.APIResponse: 	... 30 more
08-04 02:25:45.214 11040 30053 I baseline.com.newsblur.service.NBSyncService: Holding reading action with server-side or network error.
08-04 02:25:45.238 11040 30053 W baseline.com.newsblur.service.NBSyncService: hard API failure
08-04 02:25:45.312 11040 11053 I art     : Starting a blocking GC Explicit
08-04 02:25:45.339 11040 11053 I art     : Explicit concurrent mark sweep GC freed 4922(564KB) AllocSpace objects, 16(320KB) LOS objects, 30% free, 36MB/52MB, paused 827us total 26.357ms
08-04 02:25:45.347 11040 11053 I art     : Starting a blocking GC Explicit
08-04 02:25:45.375 11040 11053 I art     : Explicit concurrent mark sweep GC freed 607(22KB) AllocSpace objects, 0(0B) LOS objects, 30% free, 36MB/52MB, paused 815us total 26.921ms
08-04 02:25:45.384 11040 11053 I art     : Starting a blocking GC Explicit
08-04 02:25:45.411 11040 11053 I art     : Explicit concurrent mark sweep GC freed 3(96B) AllocSpace objects, 0(0B) LOS objects, 30% free, 36MB/52MB, paused 836us total 26.763ms
08-04 02:25:45.420 11040 11053 I art     : Starting a blocking GC Explicit
08-04 02:25:45.446 11040 11053 I art     : Explicit concurrent mark sweep GC freed 3(96B) AllocSpace objects, 0(0B) LOS objects, 30% free, 36MB/52MB, paused 802us total 25.940ms
08-04 02:25:45.455 11040 11053 I art     : Starting a blocking GC Explicit
08-04 02:25:45.480 11040 11053 I art     : Explicit concurrent mark sweep GC freed 3(96B) AllocSpace objects, 0(0B) LOS objects, 30% free, 36MB/52MB, paused 810us total 24.777ms
08-04 02:25:45.821 11040 11052 I art     : Starting a blocking GC Explicit
08-04 02:25:45.850 11040 11052 I art     : Explicit concurrent mark sweep GC freed 1401(80KB) AllocSpace objects, 1(20KB) LOS objects, 30% free, 36MB/52MB, paused 786us total 29.071ms
08-04 02:25:45.859 11040 11052 I art     : Starting a blocking GC Explicit
08-04 02:25:45.888 11040 11052 I art     : Explicit concurrent mark sweep GC freed 20(704B) AllocSpace objects, 0(0B) LOS objects, 30% free, 36MB/52MB, paused 944us total 28.681ms
08-04 02:25:45.898 11040 11052 I art     : Starting a blocking GC Explicit
08-04 02:25:45.926 11040 11052 I art     : Explicit concurrent mark sweep GC freed 3(96B) AllocSpace objects, 0(0B) LOS objects, 30% free, 36MB/52MB, paused 808us total 27.853ms
08-04 02:25:45.935 11040 11052 I art     : Starting a blocking GC Explicit
08-04 02:25:45.963 11040 11052 I art     : Explicit concurrent mark sweep GC freed 3(96B) AllocSpace objects, 0(0B) LOS objects, 30% free, 36MB/52MB, paused 825us total 27.829ms
08-04 02:25:45.973 11040 11052 I art     : Starting a blocking GC Explicit
08-04 02:25:46.001 11040 11052 I art     : Explicit concurrent mark sweep GC freed 3(96B) AllocSpace objects, 0(0B) LOS objects, 30% free, 36MB/52MB, paused 827us total 27.914ms
08-04 02:25:46.329 11040 29418 I art     : Starting a blocking GC Explicit
08-04 02:25:46.347 28500 28500 I ServiceManager: Waiting for service AtCmdFwd...
08-04 02:25:46.357 11040 29418 I art     : Explicit concurrent mark sweep GC freed 1398(80KB) AllocSpace objects, 1(20KB) LOS objects, 30% free, 36MB/52MB, paused 797us total 28.007ms
08-04 02:25:46.357 11040 11050 I art     : WaitForGcToComplete blocked for 8.127ms for cause HeapTrim
08-04 02:25:46.367 11040 29418 I art     : Starting a blocking GC Explicit
08-04 02:25:46.394 11040 29418 I art     : Explicit concurrent mark sweep GC freed 20(704B) AllocSpace objects, 0(0B) LOS objects, 30% free, 36MB/52MB, paused 831us total 26.832ms
08-04 02:25:46.403 11040 29418 I art     : Starting a blocking GC Explicit
08-04 02:25:46.431 11040 29418 I art     : Explicit concurrent mark sweep GC freed 3(96B) AllocSpace objects, 0(0B) LOS objects, 30% free, 36MB/52MB, paused 824us total 27.356ms
08-04 02:25:46.440 11040 29418 I art     : Starting a blocking GC Explicit
08-04 02:25:46.468 11040 29418 I art     : Explicit concurrent mark sweep GC freed 3(96B) AllocSpace objects, 0(0B) LOS objects, 30% free, 36MB/52MB, paused 793us total 27.845ms
08-04 02:25:46.478 11040 29418 I art     : Starting a blocking GC Explicit
08-04 02:25:46.506 11040 29418 I art     : Explicit concurrent mark sweep GC freed 3(96B) AllocSpace objects, 0(0B) LOS objects, 30% free, 36MB/52MB, paused 820us total 27.871ms
08-04 02:25:46.847 11040 11053 I art     : Starting a blocking GC Explicit
08-04 02:25:46.877 11040 11053 I art     : Explicit concurrent mark sweep GC freed 1398(80KB) AllocSpace objects, 1(20KB) LOS objects, 30% free, 36MB/52MB, paused 826us total 29.326ms
08-04 02:25:46.888 11040 11053 I art     : Starting a blocking GC Explicit
08-04 02:25:46.915 11040 11053 I art     : Explicit concurrent mark sweep GC freed 20(704B) AllocSpace objects, 0(0B) LOS objects, 30% free, 36MB/52MB, paused 820us total 26.583ms
08-04 02:25:46.924 11040 11053 I art     : Starting a blocking GC Explicit
08-04 02:25:46.951 11040 11053 I art     : Explicit concurrent mark sweep GC freed 3(96B) AllocSpace objects, 0(0B) LOS objects, 30% free, 36MB/52MB, paused 800us total 26.347ms
08-04 02:25:46.960 11040 11053 I art     : Starting a blocking GC Explicit
08-04 02:25:46.986 11040 11053 I art     : Explicit concurrent mark sweep GC freed 3(96B) AllocSpace objects, 0(0B) LOS objects, 30% free, 36MB/52MB, paused 811us total 26.158ms
08-04 02:25:46.995 11040 11053 I art     : Starting a blocking GC Explicit
08-04 02:25:47.022 11040 11053 I art     : Explicit concurrent mark sweep GC freed 3(96B) AllocSpace objects, 0(0B) LOS objects, 30% free, 36MB/52MB, paused 769us total 26.795ms
08-04 02:25:47.107   918 13198 D NetlinkSocketObserver: NeighborEvent{elapsedMs=1654550981, 192.168.2.254, [7C3953A63323], RTM_NEWNEIGH, NUD_STALE}
08-04 02:25:47.348 28500 28500 I ServiceManager: Waiting for service AtCmdFwd...
08-04 02:25:47.353 11040 11052 I art     : Starting a blocking GC Explicit
08-04 02:25:47.383 11040 11052 I art     : Explicit concurrent mark sweep GC freed 1398(80KB) AllocSpace objects, 1(20KB) LOS objects, 30% free, 36MB/52MB, paused 845us total 29.443ms
08-04 02:25:47.394 11040 11052 I art     : Starting a blocking GC Explicit
08-04 02:25:47.422 11040 11052 I art     : Explicit concurrent mark sweep GC freed 20(704B) AllocSpace objects, 0(0B) LOS objects, 30% free, 36MB/52MB, paused 828us total 27.789ms
08-04 02:25:47.431 11040 11052 I art     : Starting a blocking GC Explicit
08-04 02:25:47.459 11040 11052 I art     : Explicit concurrent mark sweep GC freed 3(96B) AllocSpace objects, 0(0B) LOS objects, 30% free, 36MB/52MB, paused 791us total 27.255ms
08-04 02:25:47.468 11040 11052 I art     : Starting a blocking GC Explicit
08-04 02:25:47.496 11040 11052 I art     : Explicit concurrent mark sweep GC freed 3(96B) AllocSpace objects, 0(0B) LOS objects, 30% free, 36MB/52MB, paused 1.006ms total 27.444ms
08-04 02:25:47.506 11040 11052 I art     : Starting a blocking GC Explicit
08-04 02:25:47.534 11040 11052 I art     : Explicit concurrent mark sweep GC freed 3(96B) AllocSpace objects, 0(0B) LOS objects, 30% free, 36MB/52MB, paused 889us total 28.183ms
08-04 02:25:47.866 11040 29418 I art     : Starting a blocking GC Explicit
08-04 02:25:47.897 11040 29418 I art     : Explicit concurrent mark sweep GC freed 1398(80KB) AllocSpace objects, 1(20KB) LOS objects, 30% free, 36MB/52MB, paused 998us total 30.548ms
08-04 02:25:47.909 11040 29418 I art     : Starting a blocking GC Explicit
08-04 02:25:47.936 11040 29418 I art     : Explicit concurrent mark sweep GC freed 20(704B) AllocSpace objects, 0(0B) LOS objects, 30% free, 36MB/52MB, paused 776us total 26.148ms
08-04 02:25:47.945 11040 29418 I art     : Starting a blocking GC Explicit
08-04 02:25:47.971 11040 29418 I art     : Explicit concurrent mark sweep GC freed 3(96B) AllocSpace objects, 0(0B) LOS objects, 30% free, 36MB/52MB, paused 799us total 26.407ms
08-04 02:25:47.980 11040 29418 I art     : Starting a blocking GC Explicit
08-04 02:25:48.008 11040 29418 I art     : Explicit concurrent mark sweep GC freed 3(96B) AllocSpace objects, 0(0B) LOS objects, 30% free, 36MB/52MB, paused 876us total 27.289ms
08-04 02:25:48.017 11040 29418 I art     : Starting a blocking GC Explicit
08-04 02:25:48.044 11040 29418 I art     : Explicit concurrent mark sweep GC freed 3(96B) AllocSpace objects, 0(0B) LOS objects, 30% free, 36MB/52MB, paused 790us total 27.119ms
08-04 02:25:48.348 28500 28500 I ServiceManager: Waiting for service AtCmdFwd...
08-04 02:25:48.374 11040 11053 I art     : Starting a blocking GC Explicit
08-04 02:25:48.406 11040 11053 I art     : Explicit concurrent mark sweep GC freed 1398(80KB) AllocSpace objects, 1(20KB) LOS objects, 30% free, 36MB/52MB, paused 826us total 31.169ms
08-04 02:25:48.415 11040 11053 I art     : Starting a blocking GC Explicit
08-04 02:25:48.443 11040 11053 I art     : Explicit concurrent mark sweep GC freed 20(704B) AllocSpace objects, 0(0B) LOS objects, 30% free, 36MB/52MB, paused 802us total 27.225ms
08-04 02:25:48.452 11040 11053 I art     : Starting a blocking GC Explicit
08-04 02:25:48.480 11040 11053 I art     : Explicit concurrent mark sweep GC freed 3(96B) AllocSpace objects, 0(0B) LOS objects, 30% free, 36MB/52MB, paused 821us total 27.623ms
08-04 02:25:48.490 11040 11053 I art     : Starting a blocking GC Explicit
08-04 02:25:48.518 11040 11053 I art     : Explicit concurrent mark sweep GC freed 3(96B) AllocSpace objects, 0(0B) LOS objects, 30% free, 36MB/52MB, paused 844us total 27.697ms
08-04 02:25:48.527 11040 11053 I art     : Starting a blocking GC Explicit
08-04 02:25:48.555 11040 11053 I art     : Explicit concurrent mark sweep GC freed 3(96B) AllocSpace objects, 0(0B) LOS objects, 30% free, 36MB/52MB, paused 788us total 27.733ms
08-04 02:25:48.713   518   646 I ThermalEngine: ACTION: GPU - Setting GPU[0] to 600000000
08-04 02:25:48.887 11040 11052 I art     : Starting a blocking GC Explicit
08-04 02:25:48.912 11040 11052 I art     : Explicit concurrent mark sweep GC freed 1398(80KB) AllocSpace objects, 1(20KB) LOS objects, 30% free, 36MB/52MB, paused 617us total 25.298ms
08-04 02:25:48.923 11040 11052 I art     : Starting a blocking GC Explicit
08-04 02:25:48.943 11040 11052 I art     : Explicit concurrent mark sweep GC freed 20(704B) AllocSpace objects, 0(0B) LOS objects, 30% free, 36MB/52MB, paused 598us total 20ms
08-04 02:25:48.951 11040 11052 I art     : Starting a blocking GC Explicit
08-04 02:25:48.972 11040 11052 I art     : Explicit concurrent mark sweep GC freed 3(96B) AllocSpace objects, 0(0B) LOS objects, 30% free, 36MB/52MB, paused 594us total 20.972ms
08-04 02:25:48.979 11040 11052 I art     : Starting a blocking GC Explicit
08-04 02:25:49.000 11040 11052 I art     : Explicit concurrent mark sweep GC freed 3(96B) AllocSpace objects, 0(0B) LOS objects, 30% free, 36MB/52MB, paused 600us total 21.337ms
08-04 02:25:49.007 11040 11052 I art     : Starting a blocking GC Explicit
08-04 02:25:49.029 11040 11052 I art     : Explicit concurrent mark sweep GC freed 3(96B) AllocSpace objects, 0(0B) LOS objects, 30% free, 36MB/52MB, paused 586us total 21.832ms
08-04 02:25:49.349 28500 28500 I ServiceManager: Waiting for service AtCmdFwd...
08-04 02:25:49.382 11040 29418 I art     : Starting a blocking GC Explicit
08-04 02:25:49.408 11040 29418 I art     : Explicit concurrent mark sweep GC freed 1417(81KB) AllocSpace objects, 1(20KB) LOS objects, 30% free, 36MB/52MB, paused 574us total 25.816ms
08-04 02:25:49.415 11040 29418 I art     : Starting a blocking GC Explicit
08-04 02:25:49.436 11040 29418 I art     : Explicit concurrent mark sweep GC freed 26(928B) AllocSpace objects, 0(0B) LOS objects, 30% free, 36MB/52MB, paused 565us total 20.421ms
08-04 02:25:49.443 11040 29418 I art     : Starting a blocking GC Explicit
08-04 02:25:49.464 11040 29418 I art     : Explicit concurrent mark sweep GC freed 3(96B) AllocSpace objects, 0(0B) LOS objects, 30% free, 36MB/52MB, paused 602us total 20.843ms
08-04 02:25:49.471 11040 29418 I art     : Starting a blocking GC Explicit
08-04 02:25:49.492 11040 29418 I art     : Explicit concurrent mark sweep GC freed 3(96B) AllocSpace objects, 0(0B) LOS objects, 30% free, 36MB/52MB, paused 601us total 21.122ms
08-04 02:25:49.500 11040 29418 I art     : Starting a blocking GC Explicit
08-04 02:25:49.522 11040 29418 I art     : Explicit concurrent mark sweep GC freed 3(96B) AllocSpace objects, 0(0B) LOS objects, 30% free, 36MB/52MB, paused 593us total 21.979ms
08-04 02:25:49.848 11040 11053 I art     : Starting a blocking GC Explicit
08-04 02:25:49.873 11040 11053 I art     : Explicit concurrent mark sweep GC freed 1398(80KB) AllocSpace objects, 1(20KB) LOS objects, 30% free, 36MB/52MB, paused 606us total 24.415ms
08-04 02:25:49.880 11040 11053 I art     : Starting a blocking GC Explicit
08-04 02:25:49.902 11040 11053 I art     : Explicit concurrent mark sweep GC freed 20(704B) AllocSpace objects, 0(0B) LOS objects, 30% free, 36MB/52MB, paused 603us total 22.046ms
08-04 02:25:49.910 11040 11053 I art     : Starting a blocking GC Explicit
08-04 02:25:49.932 11040 11053 I art     : Explicit concurrent mark sweep GC freed 3(96B) AllocSpace objects, 0(0B) LOS objects, 30% free, 36MB/52MB, paused 614us total 21.099ms
08-04 02:25:49.939 11040 11053 I art     : Starting a blocking GC Explicit
08-04 02:25:49.961 11040 11053 I art     : Explicit concurrent mark sweep GC freed 3(96B) AllocSpace objects, 0(0B) LOS objects, 30% free, 36MB/52MB, paused 586us total 21.476ms
08-04 02:25:49.968 11040 11053 I art     : Starting a blocking GC Explicit
08-04 02:25:49.989 11040 11053 I art     : Explicit concurrent mark sweep GC freed 3(96B) AllocSpace objects, 0(0B) LOS objects, 30% free, 36MB/52MB, paused 609us total 21.259ms
08-04 02:25:50.313 11040 11052 I art     : Starting a blocking GC Explicit
08-04 02:25:50.336 11040 11052 I art     : Explicit concurrent mark sweep GC freed 1398(80KB) AllocSpace objects, 1(20KB) LOS objects, 30% free, 36MB/52MB, paused 576us total 22.992ms
08-04 02:25:50.344 11040 11052 I art     : Starting a blocking GC Explicit
08-04 02:25:50.349 28500 28500 I ServiceManager: Waiting for service AtCmdFwd...
08-04 02:25:50.366 11040 11052 I art     : Explicit concurrent mark sweep GC freed 20(704B) AllocSpace objects, 0(0B) LOS objects, 30% free, 36MB/52MB, paused 604us total 21.836ms
08-04 02:25:50.373 11040 11052 I art     : Starting a blocking GC Explicit
08-04 02:25:50.394 11040 11052 I art     : Explicit concurrent mark sweep GC freed 3(96B) AllocSpace objects, 0(0B) LOS objects, 30% free, 36MB/52MB, paused 594us total 20.966ms
08-04 02:25:50.401 11040 11052 I art     : Starting a blocking GC Explicit
08-04 02:25:50.423 11040 11052 I art     : Explicit concurrent mark sweep GC freed 3(96B) AllocSpace objects, 0(0B) LOS objects, 30% free, 36MB/52MB, paused 595us total 21.823ms
08-04 02:25:50.431 11040 11052 I art     : Starting a blocking GC Explicit
08-04 02:25:50.453 11040 11052 I art     : Explicit concurrent mark sweep GC freed 3(96B) AllocSpace objects, 0(0B) LOS objects, 30% free, 36MB/52MB, paused 600us total 21.864ms
08-04 02:25:50.780 11040 29418 I art     : Starting a blocking GC Explicit
08-04 02:25:50.803 11040 29418 I art     : Explicit concurrent mark sweep GC freed 1398(80KB) AllocSpace objects, 1(20KB) LOS objects, 30% free, 36MB/52MB, paused 597us total 23.439ms
08-04 02:25:50.810 11040 29418 I art     : Starting a blocking GC Explicit
08-04 02:25:50.832 11040 29418 I art     : Explicit concurrent mark sweep GC freed 20(704B) AllocSpace objects, 0(0B) LOS objects, 30% free, 36MB/52MB, paused 642us total 20.942ms
08-04 02:25:50.839 11040 29418 I art     : Starting a blocking GC Explicit
08-04 02:25:50.858 11040 29418 I art     : Explicit concurrent mark sweep GC freed 3(96B) AllocSpace objects, 0(0B) LOS objects, 30% free, 36MB/52MB, paused 582us total 19.057ms
08-04 02:25:50.865 11040 29418 I art     : Starting a blocking GC Explicit
08-04 02:25:50.884 11040 29418 I art     : Explicit concurrent mark sweep GC freed 3(96B) AllocSpace objects, 0(0B) LOS objects, 30% free, 36MB/52MB, paused 549us total 19.277ms
08-04 02:25:50.891 11040 29418 I art     : Starting a blocking GC Explicit
08-04 02:25:50.912 11040 29418 I art     : Explicit concurrent mark sweep GC freed 3(96B) AllocSpace objects, 0(0B) LOS objects, 30% free, 36MB/52MB, paused 675us total 20.476ms
08-04 02:25:51.071 30309 30309 D AndroidRuntime: >>>>>> START com.android.internal.os.RuntimeInit uid 2000 <<<<<<
08-04 02:25:51.075 30309 30309 D AndroidRuntime: CheckJNI is OFF
08-04 02:25:51.099 30309 30309 D ICU     : No timezone override file found: /data/misc/zoneinfo/current/icu/icu_tzdata.dat
08-04 02:25:51.124 30309 30309 I Radio-JNI: register_android_hardware_Radio DONE
08-04 02:25:51.139 30309 30309 D AndroidRuntime: Calling main entry com.android.commands.input.Input
08-04 02:25:51.141 30309 30309 I Input   : injectKeyEvent: KeyEvent { action=ACTION_DOWN, keyCode=KEYCODE_BACK, scanCode=0, metaState=0, flags=0x0, repeatCount=0, eventTime=671167554, downTime=671167554, deviceId=-1, source=0x101 }
08-04 02:25:51.148 30309 30309 I Input   : injectKeyEvent: KeyEvent { action=ACTION_UP, keyCode=KEYCODE_BACK, scanCode=0, metaState=0, flags=0x0, repeatCount=0, eventTime=671167554, downTime=671167554, deviceId=-1, source=0x101 }
08-04 02:25:51.153 30309 30309 D AndroidRuntime: Shutting down VM
08-04 02:25:51.197 11040 11052 I art     : Starting a blocking GC Explicit
08-04 02:25:51.219 11040 11052 I art     : Explicit concurrent mark sweep GC freed 1611(120KB) AllocSpace objects, 3(60KB) LOS objects, 30% free, 36MB/52MB, paused 715us total 21.681ms
08-04 02:25:51.228 11040 11052 I art     : Starting a blocking GC Explicit
08-04 02:25:51.246 13866 13866 I GoogleInputMethodServic: GoogleInputMethodService.onFinishInput():3138 
08-04 02:25:51.248 13866 13866 I GoogleInputMethodServic: GoogleInputMethodService.onStartInput():1808 
08-04 02:25:51.252 11040 11052 I art     : Explicit concurrent mark sweep GC freed 1901(143KB) AllocSpace objects, 5(100KB) LOS objects, 30% free, 36MB/52MB, paused 1.208ms total 24.071ms
08-04 02:25:51.262 11040 11052 I art     : Starting a blocking GC Explicit
08-04 02:25:51.282 11040 11052 I art     : Explicit concurrent mark sweep GC freed 655(67KB) AllocSpace objects, 1(20KB) LOS objects, 30% free, 36MB/52MB, paused 767us total 19.885ms
08-04 02:25:51.289 11040 11052 I art     : Starting a blocking GC Explicit
08-04 02:25:51.312 11040 11052 I art     : Explicit concurrent mark sweep GC freed 654(43KB) AllocSpace objects, 1(20KB) LOS objects, 30% free, 36MB/52MB, paused 912us total 22.282ms
08-04 02:25:51.320 11040 11052 I art     : Starting a blocking GC Explicit
08-04 02:25:51.339 11040 11052 I art     : Explicit concurrent mark sweep GC freed 29(2272B) AllocSpace objects, 1(28KB) LOS objects, 30% free, 36MB/52MB, paused 603us total 19.318ms
08-04 02:25:51.350 28500 28500 W Atfwd_Sendcmd: AtCmdFwd service not published, waiting... retryCnt : 3
08-04 02:25:51.587 11040 29418 I art     : Starting a blocking GC Explicit
08-04 02:25:51.620 11040 29418 I art     : Explicit concurrent mark sweep GC freed 2686(138KB) AllocSpace objects, 1(20KB) LOS objects, 30% free, 36MB/52MB, paused 968us total 32.862ms
08-04 02:25:51.628 11040 29418 I art     : Starting a blocking GC Explicit
08-04 02:25:51.651 11040 29418 I art     : Explicit concurrent mark sweep GC freed 65(6KB) AllocSpace objects, 0(0B) LOS objects, 30% free, 36MB/52MB, paused 668us total 22.133ms
08-04 02:25:51.659 11040 29418 I art     : Starting a blocking GC Explicit
08-04 02:25:51.681 11040 29418 I art     : Explicit concurrent mark sweep GC freed 129(6KB) AllocSpace objects, 0(0B) LOS objects, 30% free, 36MB/52MB, paused 654us total 21.945ms
08-04 02:25:51.689 11040 29418 I art     : Starting a blocking GC Explicit
08-04 02:25:51.711 11040 29418 I art     : Explicit concurrent mark sweep GC freed 467(47KB) AllocSpace objects, 0(0B) LOS objects, 30% free, 36MB/52MB, paused 723us total 21.521ms
08-04 02:25:51.717 11040 29418 I art     : Starting a blocking GC Explicit
08-04 02:25:51.741 11040 29418 I art     : Explicit concurrent mark sweep GC freed 1879(74KB) AllocSpace objects, 2(120KB) LOS objects, 30% free, 36MB/52MB, paused 648us total 22.964ms
08-04 02:25:51.778 11040 30332 I NAPPA_EXPERIMENTATION: MetricNetworkRequestExecutionTime: REQUEST_DURATION_SYSTEM='516',REQUEST_DURATION_OKHTTP='33',REQUEST_SYNCHRONOUS='TRUE',RESPONSE_CODE='200',RESPONSE_METHOD='GET',RESPONSE_LENGTH_OKHTTP='-1',RESPONSE_LENGTH_HEADER='12364',REQUEST_PROTOCOL='http/1.1',REQUEST_URL='https://www.newsblur.com/social/river_stories?order=newest&page=2&read_filter=all&global_feed=true',
08-04 02:25:51.778 11040 30332 D MY_TAG  : 0, 516
08-04 02:25:52.031 11040 29418 I art     : Starting a blocking GC Explicit
08-04 02:25:52.056 11040 29418 I art     : Explicit concurrent mark sweep GC freed 36079(2MB) AllocSpace objects, 34(940KB) LOS objects, 30% free, 36MB/52MB, paused 557us total 25.263ms
08-04 02:25:52.064 11040 29418 I art     : Starting a blocking GC Explicit
08-04 02:25:52.085 11040 29418 I art     : Explicit concurrent mark sweep GC freed 2379(202KB) AllocSpace objects, 0(0B) LOS objects, 30% free, 36MB/52MB, paused 584us total 21.205ms
08-04 02:25:52.093 11040 29418 I art     : Starting a blocking GC Explicit
08-04 02:25:52.114 11040 29418 I art     : Explicit concurrent mark sweep GC freed 6(192B) AllocSpace objects, 0(0B) LOS objects, 30% free, 36MB/52MB, paused 612us total 20.808ms
08-04 02:25:52.121 11040 29418 I art     : Starting a blocking GC Explicit
08-04 02:25:52.143 11040 29418 I art     : Explicit concurrent mark sweep GC freed 6(192B) AllocSpace objects, 0(0B) LOS objects, 30% free, 36MB/52MB, paused 605us total 21.376ms
08-04 02:25:52.149 11040 29418 I art     : Starting a blocking GC Explicit
08-04 02:25:52.171 11040 29418 I art     : Explicit concurrent mark sweep GC freed 8(256B) AllocSpace objects, 0(0B) LOS objects, 30% free, 36MB/52MB, paused 615us total 21.042ms
08-04 02:25:52.472 11040 11053 I art     : Starting a blocking GC Explicit
08-04 02:25:52.498 11040 11053 I art     : Explicit concurrent mark sweep GC freed 1438(82KB) AllocSpace objects, 1(20KB) LOS objects, 30% free, 36MB/52MB, paused 676us total 25.816ms
08-04 02:25:52.506 11040 11053 I art     : Starting a blocking GC Explicit
08-04 02:25:52.532 11040 11053 I art     : Explicit concurrent mark sweep GC freed 24(832B) AllocSpace objects, 0(0B) LOS objects, 30% free, 36MB/52MB, paused 664us total 25.472ms
08-04 02:25:52.540 11040 11053 I art     : Starting a blocking GC Explicit
08-04 02:25:52.562 11040 11053 I art     : Explicit concurrent mark sweep GC freed 7(224B) AllocSpace objects, 0(0B) LOS objects, 30% free, 36MB/52MB, paused 649us total 21.381ms
08-04 02:25:52.568 11040 11053 I art     : Starting a blocking GC Explicit
08-04 02:25:52.590 11040 11053 I art     : Explicit concurrent mark sweep GC freed 7(224B) AllocSpace objects, 0(0B) LOS objects, 30% free, 36MB/52MB, paused 713us total 21.617ms
08-04 02:25:52.597 11040 11053 I art     : Starting a blocking GC Explicit
08-04 02:25:52.619 11040 11053 I art     : Explicit concurrent mark sweep GC freed 6(192B) AllocSpace objects, 0(0B) LOS objects, 30% free, 36MB/52MB, paused 715us total 21.245ms
08-04 02:25:52.727 30368 30368 D AndroidRuntime: >>>>>> START com.android.internal.os.RuntimeInit uid 2000 <<<<<<
08-04 02:25:52.731 30368 30368 D AndroidRuntime: CheckJNI is OFF
08-04 02:25:52.757 30368 30368 D ICU     : No timezone override file found: /data/misc/zoneinfo/current/icu/icu_tzdata.dat
08-04 02:25:52.781 30368 30368 I Radio-JNI: register_android_hardware_Radio DONE
08-04 02:25:52.797 30368 30368 D AndroidRuntime: Calling main entry com.android.commands.input.Input
08-04 02:25:52.799 30368 30368 I Input   : injectMotionEvent: MotionEvent { action=ACTION_DOWN, actionButton=0, id[0]=0, x[0]=435.0, y[0]=858.0, toolType[0]=TOOL_TYPE_UNKNOWN, buttonState=0, metaState=0, flags=0x0, edgeFlags=0x0, pointerCount=1, historySize=0, eventTime=671169212, downTime=671169212, deviceId=0, source=0x1002 }
08-04 02:25:52.804 30368 30368 I Input   : injectMotionEvent: MotionEvent { action=ACTION_UP, actionButton=0, id[0]=0, x[0]=435.0, y[0]=858.0, toolType[0]=TOOL_TYPE_UNKNOWN, buttonState=0, metaState=0, flags=0x0, edgeFlags=0x0, pointerCount=1, historySize=0, eventTime=671169212, downTime=671169212, deviceId=0, source=0x1002 }
08-04 02:25:52.806 30368 30368 D AndroidRuntime: Shutting down VM
08-04 02:25:52.818   918  4400 I ActivityManager: START u0 {cmp=baseline.com.newsblur/.activity.GlobalSharedStoriesReading (has extras)} from uid 10652 on display 0
08-04 02:25:52.820   512  2967 D audio_hw_primary: out_set_parameters: enter: usecase(1: low-latency-playback) kvpairs: routing=2
08-04 02:25:52.833   512  2967 D audio_hw_primary: select_devices: out_snd_device(2: speaker) in_snd_device(0: none)
08-04 02:25:52.833   512  2967 D msm8974_platform: platform_send_audio_calibration: sending audio calibration for snd_device(2) acdb_id(15)
08-04 02:25:52.833   512  2967 I soundtrigger: audio_extn_sound_trigger_update_device_status: device 0x2 of type 0 for Event 1
08-04 02:25:52.843   512  2967 D audio_hw_primary: enable_snd_device: snd_device(2: speaker)
08-04 02:25:52.845   512  2967 D audio_hw_primary: enable_audio_route: apply and update mixer path: low-latency-playback speaker
08-04 02:25:52.889 11040 29418 I art     : Starting a blocking GC Explicit
08-04 02:25:52.914 11040 29418 I art     : Explicit concurrent mark sweep GC freed 2808(212KB) AllocSpace objects, 6(548KB) LOS objects, 30% free, 36MB/52MB, paused 1.071ms total 24.016ms
08-04 02:25:52.921 11040 29418 I art     : Starting a blocking GC Explicit
08-04 02:25:52.944 11040 29418 I art     : Explicit concurrent mark sweep GC freed 349(34KB) AllocSpace objects, 0(0B) LOS objects, 30% free, 36MB/52MB, paused 607us total 22.379ms
08-04 02:25:52.951 11040 29418 I art     : Starting a blocking GC Explicit
08-04 02:25:52.973 13866 13866 I GoogleInputMethodServic: GoogleInputMethodService.onFinishInput():3138 
08-04 02:25:52.974   918   936 I ActivityManager: Displayed baseline.com.newsblur/.activity.GlobalSharedStoriesReading: +145ms
08-04 02:25:52.974 13866 13866 I GoogleInputMethodServic: GoogleInputMethodService.onStartInput():1808 
08-04 02:25:52.975 11040 29418 I art     : Explicit concurrent mark sweep GC freed 373(33KB) AllocSpace objects, 1(20KB) LOS objects, 30% free, 36MB/52MB, paused 780us total 23.579ms
08-04 02:25:52.982 11040 29418 I art     : Starting a blocking GC Explicit
08-04 02:25:53.007 11040 29418 I art     : Explicit concurrent mark sweep GC freed 1232(72KB) AllocSpace objects, 1(20KB) LOS objects, 30% free, 37MB/53MB, paused 990us total 24.767ms
08-04 02:25:53.015 11040 29418 I art     : Starting a blocking GC Explicit
08-04 02:25:53.039 11040 29418 I art     : Explicit concurrent mark sweep GC freed 981(78KB) AllocSpace objects, 1(20KB) LOS objects, 30% free, 37MB/53MB, paused 1.028ms total 23.974ms
08-04 02:25:53.125 11040 29424 E SQLiteLog: (9) statement aborts at 27: [SELECT authors,short_content,timestamp,sharedDate,stories.feed_id,stories._id,intelligence_authors,intelligence_feed,intelligence_tags,intelligence_total,intelligence_title,permalink,r
08-04 02:25:53.184 11040 30049 E chromium: [ERROR:tile_manager.cc(793)] WARNING: tile memory limits exceeded, some content may not draw
08-04 02:25:53.184 11040 30049 E chromium: [ERROR:tile_manager.cc(793)] WARNING: tile memory limits exceeded, some content may not draw
08-04 02:25:53.279 11040 29418 I art     : Starting a blocking GC Explicit
08-04 02:25:53.307 11040 29418 I art     : Explicit concurrent mark sweep GC freed 7380(582KB) AllocSpace objects, 19(424KB) LOS objects, 29% free, 37MB/53MB, paused 736us total 28.127ms
08-04 02:25:53.316 11040 29418 I art     : Starting a blocking GC Explicit
08-04 02:25:53.344 11040 29418 I art     : Explicit concurrent mark sweep GC freed 1630(89KB) AllocSpace objects, 1(20KB) LOS objects, 29% free, 37MB/53MB, paused 777us total 27.354ms
08-04 02:25:53.352 11040 29418 I art     : Starting a blocking GC Explicit
08-04 02:25:53.376 11040 29418 I art     : Explicit concurrent mark sweep GC freed 22(832B) AllocSpace objects, 1(28KB) LOS objects, 29% free, 37MB/53MB, paused 624us total 24.636ms
08-04 02:25:53.384 11040 29418 I art     : Starting a blocking GC Explicit
08-04 02:25:53.388   512  2967 D audio_hw_primary: disable_audio_route: reset and update mixer path: low-latency-playback speaker
08-04 02:25:53.389   512  2967 D audio_hw_primary: disable_snd_device: snd_device(2: speaker)
08-04 02:25:53.397   512  2967 I soundtrigger: audio_extn_sound_trigger_update_device_status: device 0x2 of type 0 for Event 0
08-04 02:25:53.407 11040 29418 I art     : Explicit concurrent mark sweep GC freed 3(96B) AllocSpace objects, 0(0B) LOS objects, 29% free, 37MB/53MB, paused 619us total 22.993ms
08-04 02:25:53.414 11040 29418 I art     : Starting a blocking GC Explicit
08-04 02:25:53.438 11040 29418 I art     : Explicit concurrent mark sweep GC freed 3(96B) AllocSpace objects, 0(0B) LOS objects, 29% free, 37MB/53MB, paused 641us total 23.372ms
08-04 02:25:53.725 11040 30397 E baseline.com.newsblur.network.APIResponse: Error (unexpected end of stream on https://www.newsblur.com/...) calling https://www.newsblur.com/reader/mark_story_hashes_as_read/
08-04 02:25:53.725 11040 30397 E baseline.com.newsblur.network.APIResponse: java.io.IOException: unexpected end of stream on https://www.newsblur.com/...
08-04 02:25:53.725 11040 30397 E baseline.com.newsblur.network.APIResponse: 	at okhttp3.internal.http1.Http1ExchangeCodec.readResponseHeaders(Http1ExchangeCodec.java:236)
08-04 02:25:53.725 11040 30397 E baseline.com.newsblur.network.APIResponse: 	at okhttp3.internal.connection.Exchange.readResponseHeaders(Exchange.java:115)
08-04 02:25:53.725 11040 30397 E baseline.com.newsblur.network.APIResponse: 	at okhttp3.internal.http.CallServerInterceptor.intercept(CallServerInterceptor.java:94)
08-04 02:25:53.725 11040 30397 E baseline.com.newsblur.network.APIResponse: 	at okhttp3.internal.http.RealInterceptorChain.proceed(RealInterceptorChain.java:142)
08-04 02:25:53.725 11040 30397 E baseline.com.newsblur.network.APIResponse: 	at okhttp3.internal.connection.ConnectInterceptor.intercept(ConnectInterceptor.java:43)
08-04 02:25:53.725 11040 30397 E baseline.com.newsblur.network.APIResponse: 	at okhttp3.internal.http.RealInterceptorChain.proceed(RealInterceptorChain.java:142)
08-04 02:25:53.725 11040 30397 E baseline.com.newsblur.network.APIResponse: 	at okhttp3.internal.http.RealInterceptorChain.proceed(RealInterceptorChain.java:117)
08-04 02:25:53.725 11040 30397 E baseline.com.newsblur.network.APIResponse: 	at okhttp3.internal.cache.CacheInterceptor.intercept(CacheInterceptor.java:94)
08-04 02:25:53.725 11040 30397 E baseline.com.newsblur.network.APIResponse: 	at okhttp3.internal.http.RealInterceptorChain.proceed(RealInterceptorChain.java:142)
08-04 02:25:53.725 11040 30397 E baseline.com.newsblur.network.APIResponse: 	at okhttp3.internal.http.RealInterceptorChain.proceed(RealInterceptorChain.java:117)
08-04 02:25:53.725 11040 30397 E baseline.com.newsblur.network.APIResponse: 	at okhttp3.internal.http.BridgeInterceptor.intercept(BridgeInterceptor.java:93)
08-04 02:25:53.725 11040 30397 E baseline.com.newsblur.network.APIResponse: 	at okhttp3.internal.http.RealInterceptorChain.proceed(RealInterceptorChain.java:142)
08-04 02:25:53.725 11040 30397 E baseline.com.newsblur.network.APIResponse: 	at okhttp3.internal.http.RetryAndFollowUpInterceptor.intercept(RetryAndFollowUpInterceptor.java:88)
08-04 02:25:53.725 11040 30397 E baseline.com.newsblur.network.APIResponse: 	at okhttp3.internal.http.RealInterceptorChain.proceed(RealInterceptorChain.java:142)
08-04 02:25:53.725 11040 30397 E baseline.com.newsblur.network.APIResponse: 	at okhttp3.internal.http.RealInterceptorChain.proceed(RealInterceptorChain.java:117)
08-04 02:25:53.725 11040 30397 E baseline.com.newsblur.network.APIResponse: 	at okhttp3.RealCall.getResponseWithInterceptorChain(RealCall.java:229)
08-04 02:25:53.725 11040 30397 E baseline.com.newsblur.network.APIResponse: 	at okhttp3.RealCall.execute(RealCall.java:81)
08-04 02:25:53.725 11040 30397 E baseline.com.newsblur.network.APIResponse: 	at baseline.com.newsblur.network.APIResponse.<init>(APIResponse.java:57)
08-04 02:25:53.725 11040 30397 E baseline.com.newsblur.network.APIResponse: 	at baseline.com.newsblur.network.APIResponse.<init>(APIResponse.java:43)
08-04 02:25:53.725 11040 30397 E baseline.com.newsblur.network.APIResponse: 	at baseline.com.newsblur.network.APIManager.post_single(APIManager.java:702)
08-04 02:25:53.725 11040 30397 E baseline.com.newsblur.network.APIResponse: 	at baseline.com.newsblur.network.APIManager.post(APIManager.java:675)
08-04 02:25:53.725 11040 30397 E baseline.com.newsblur.network.APIResponse: 	at baseline.com.newsblur.network.APIManager.post(APIManager.java:714)
08-04 02:25:53.725 11040 30397 E baseline.com.newsblur.network.APIResponse: 	at baseline.com.newsblur.network.APIManager.markStoryAsRead(APIManager.java:205)
08-04 02:25:53.725 11040 30397 E baseline.com.newsblur.network.APIResponse: 	at baseline.com.newsblur.util.ReadingAction.doRemote(ReadingAction.java:281)
08-04 02:25:53.725 11040 30397 E baseline.com.newsblur.network.APIResponse: 	at baseline.com.newsblur.service.NBSyncService.syncActions(NBSyncService.java:400)
08-04 02:25:53.725 11040 30397 E baseline.com.newsblur.network.APIResponse: 	at baseline.com.newsblur.service.NBSyncService.doSync(NBSyncService.java:298)
08-04 02:25:53.725 11040 30397 E baseline.com.newsblur.network.APIResponse: 	at baseline.com.newsblur.service.NBSyncService.access$100(NBSyncService.java:67)
08-04 02:25:53.725 11040 30397 E baseline.com.newsblur.network.APIResponse: 	at baseline.com.newsblur.service.NBSyncService$1.run(NBSyncService.java:188)
08-04 02:25:53.725 11040 30397 E baseline.com.newsblur.network.APIResponse: 	at java.util.concurrent.ThreadPoolExecutor.runWorker(ThreadPoolExecutor.java:1113)
08-04 02:25:53.725 11040 30397 E baseline.com.newsblur.network.APIResponse: 	at java.util.concurrent.ThreadPoolExecutor$Worker.run(ThreadPoolExecutor.java:588)
08-04 02:25:53.725 11040 30397 E baseline.com.newsblur.network.APIResponse: 	at java.lang.Thread.run(Thread.java:818)
08-04 02:25:53.725 11040 30397 E baseline.com.newsblur.network.APIResponse: Caused by: java.io.EOFException: \n not found: limit=0 content=
08-04 02:25:53.725 11040 30397 E baseline.com.newsblur.network.APIResponse: 	at okio.RealBufferedSource.readUtf8LineStrict(RealBufferedSource.java:240)
08-04 02:25:53.725 11040 30397 E baseline.com.newsblur.network.APIResponse: 	at okhttp3.internal.http1.Http1ExchangeCodec.readHeaderLine(Http1ExchangeCodec.java:242)
08-04 02:25:53.725 11040 30397 E baseline.com.newsblur.network.APIResponse: 	at okhttp3.internal.http1.Http1ExchangeCodec.readResponseHeaders(Http1ExchangeCodec.java:213)
08-04 02:25:53.725 11040 30397 E baseline.com.newsblur.network.APIResponse: 	... 30 more
08-04 02:25:53.725   518   646 I ThermalEngine: ACTION: GPU - Setting GPU[0] to 510000000
08-04 02:25:53.726 11040 30397 I baseline.com.newsblur.network.APIManager: API call failed, pausing before retry number 1
08-04 02:25:53.766 11040 11053 I art     : Starting a blocking GC Explicit
08-04 02:25:53.802 11040 11053 I art     : Explicit concurrent mark sweep GC freed 4647(415KB) AllocSpace objects, 6(260KB) LOS objects, 29% free, 37MB/53MB, paused 907us total 36.458ms
08-04 02:25:53.814 11040 11053 I art     : Starting a blocking GC Explicit
08-04 02:25:53.846 11040 11053 I art     : Explicit concurrent mark sweep GC freed 993(118KB) AllocSpace objects, 0(0B) LOS objects, 29% free, 37MB/53MB, paused 943us total 32.661ms
08-04 02:25:53.856 11040 11053 I art     : Starting a blocking GC Explicit
08-04 02:25:53.889 11040 11053 I art     : Explicit concurrent mark sweep GC freed 3(96B) AllocSpace objects, 0(0B) LOS objects, 29% free, 37MB/53MB, paused 1.106ms total 32.092ms
08-04 02:25:53.899 11040 11053 I art     : Starting a blocking GC Explicit
08-04 02:25:53.931 11040 11053 I art     : Explicit concurrent mark sweep GC freed 3(96B) AllocSpace objects, 0(0B) LOS objects, 29% free, 37MB/53MB, paused 1.086ms total 31.120ms
08-04 02:25:53.940 11040 11053 I art     : Starting a blocking GC Explicit
08-04 02:25:53.972 11040 11053 I art     : Explicit concurrent mark sweep GC freed 3(96B) AllocSpace objects, 0(0B) LOS objects, 29% free, 37MB/53MB, paused 856us total 31.308ms
08-04 02:25:54.194   918  3261 D WifiStateMachine: starting scan for "H369AA63323"WPA_PSK with 2412,5180
08-04 02:25:54.256 11040 30049 E chromium: [ERROR:tile_manager.cc(793)] WARNING: tile memory limits exceeded, some content may not draw
08-04 02:25:54.256 11040 30049 E chromium: [ERROR:tile_manager.cc(793)] WARNING: tile memory limits exceeded, some content may not draw
08-04 02:25:54.287 11040 30049 E chromium: [ERROR:tile_manager.cc(793)] WARNING: tile memory limits exceeded, some content may not draw
08-04 02:25:54.287 11040 30049 E chromium: [ERROR:tile_manager.cc(793)] WARNING: tile memory limits exceeded, some content may not draw
08-04 02:25:54.303 11040 30049 E chromium: [ERROR:tile_manager.cc(793)] WARNING: tile memory limits exceeded, some content may not draw
08-04 02:25:54.304 11040 30049 E chromium: [ERROR:tile_manager.cc(793)] WARNING: tile memory limits exceeded, some content may not draw
08-04 02:25:54.307 11040 11053 I art     : Starting a blocking GC Explicit
08-04 02:25:54.341 11040 11053 I art     : Explicit concurrent mark sweep GC freed 1543(86KB) AllocSpace objects, 1(20KB) LOS objects, 29% free, 37MB/53MB, paused 853us total 33.703ms
08-04 02:25:54.351 11040 11053 I art     : Starting a blocking GC Explicit
08-04 02:25:54.381 11040 11053 I art     : Explicit concurrent mark sweep GC freed 41(1424B) AllocSpace objects, 0(0B) LOS objects, 29% free, 37MB/53MB, paused 883us total 29.613ms
08-04 02:25:54.390 11040 11053 I art     : Starting a blocking GC Explicit
08-04 02:25:54.420 11040 11053 I art     : Explicit concurrent mark sweep GC freed 19(608B) AllocSpace objects, 0(0B) LOS objects, 29% free, 37MB/53MB, paused 1.063ms total 29.504ms
08-04 02:25:54.429 11040 11053 I art     : Starting a blocking GC Explicit
08-04 02:25:54.461 11040 11053 I art     : Explicit concurrent mark sweep GC freed 16(512B) AllocSpace objects, 0(0B) LOS objects, 29% free, 37MB/53MB, paused 879us total 31.628ms
08-04 02:25:54.471 11040 11053 I art     : Starting a blocking GC Explicit
08-04 02:25:54.504 11040 11053 I art     : Explicit concurrent mark sweep GC freed 15(480B) AllocSpace objects, 0(0B) LOS objects, 29% free, 37MB/53MB, paused 982us total 32.408ms
08-04 02:25:54.862 11040 29418 I art     : Starting a blocking GC Explicit
08-04 02:25:54.898 11040 29418 I art     : Explicit concurrent mark sweep GC freed 1441(83KB) AllocSpace objects, 1(20KB) LOS objects, 29% free, 37MB/53MB, paused 1.079ms total 35.453ms
08-04 02:25:54.909 11040 29418 I art     : Starting a blocking GC Explicit
08-04 02:25:54.942 11040 29418 I art     : Explicit concurrent mark sweep GC freed 22(784B) AllocSpace objects, 0(0B) LOS objects, 29% free, 37MB/53MB, paused 849us total 32.510ms
08-04 02:25:54.953 11040 29418 I art     : Starting a blocking GC Explicit
08-04 02:25:54.984 11040 29418 I art     : Explicit concurrent mark sweep GC freed 3(96B) AllocSpace objects, 0(0B) LOS objects, 29% free, 37MB/53MB, paused 915us total 31.288ms
08-04 02:25:54.994 11040 29418 I art     : Starting a blocking GC Explicit
08-04 02:25:55.027 11040 29418 I art     : Explicit concurrent mark sweep GC freed 3(96B) AllocSpace objects, 0(0B) LOS objects, 29% free, 37MB/53MB, paused 853us total 32.399ms
08-04 02:25:55.037 11040 29418 I art     : Starting a blocking GC Explicit
08-04 02:25:55.069 11040 29418 I art     : Explicit concurrent mark sweep GC freed 3(96B) AllocSpace objects, 0(0B) LOS objects, 29% free, 37MB/53MB, paused 830us total 32.067ms
08-04 02:25:55.416 11040 29418 I art     : Starting a blocking GC Explicit
08-04 02:25:55.452 11040 29418 I art     : Explicit concurrent mark sweep GC freed 1606(91KB) AllocSpace objects, 1(20KB) LOS objects, 29% free, 37MB/53MB, paused 1.075ms total 35.646ms
08-04 02:25:55.463 11040 29418 I art     : Starting a blocking GC Explicit
08-04 02:25:55.495 11040 29418 I art     : Explicit concurrent mark sweep GC freed 28(1040B) AllocSpace objects, 0(0B) LOS objects, 29% free, 37MB/53MB, paused 886us total 32.256ms
08-04 02:25:55.506 11040 29418 I art     : Starting a blocking GC Explicit
08-04 02:25:55.538 11040 29418 I art     : Explicit concurrent mark sweep GC freed 3(96B) AllocSpace objects, 0(0B) LOS objects, 29% free, 37MB/53MB, paused 1.428ms total 32.317ms
08-04 02:25:55.548 11040 29418 I art     : Starting a blocking GC Explicit
08-04 02:25:55.580 11040 29418 I art     : Explicit concurrent mark sweep GC freed 3(96B) AllocSpace objects, 0(0B) LOS objects, 29% free, 37MB/53MB, paused 951us total 31.271ms
08-04 02:25:55.590 11040 29418 I art     : Starting a blocking GC Explicit
08-04 02:25:55.622 11040 29418 I art     : Explicit concurrent mark sweep GC freed 3(96B) AllocSpace objects, 0(0B) LOS objects, 29% free, 37MB/53MB, paused 933us total 32.060ms
08-04 02:25:55.762 11040 30397 E baseline.com.newsblur.network.APIResponse: Error (unexpected end of stream on https://www.newsblur.com/...) calling https://www.newsblur.com/reader/mark_story_hashes_as_read/
08-04 02:25:55.762 11040 30397 E baseline.com.newsblur.network.APIResponse: java.io.IOException: unexpected end of stream on https://www.newsblur.com/...
08-04 02:25:55.762 11040 30397 E baseline.com.newsblur.network.APIResponse: 	at okhttp3.internal.http1.Http1ExchangeCodec.readResponseHeaders(Http1ExchangeCodec.java:236)
08-04 02:25:55.762 11040 30397 E baseline.com.newsblur.network.APIResponse: 	at okhttp3.internal.connection.Exchange.readResponseHeaders(Exchange.java:115)
08-04 02:25:55.762 11040 30397 E baseline.com.newsblur.network.APIResponse: 	at okhttp3.internal.http.CallServerInterceptor.intercept(CallServerInterceptor.java:94)
08-04 02:25:55.762 11040 30397 E baseline.com.newsblur.network.APIResponse: 	at okhttp3.internal.http.RealInterceptorChain.proceed(RealInterceptorChain.java:142)
08-04 02:25:55.762 11040 30397 E baseline.com.newsblur.network.APIResponse: 	at okhttp3.internal.connection.ConnectInterceptor.intercept(ConnectInterceptor.java:43)
08-04 02:25:55.762 11040 30397 E baseline.com.newsblur.network.APIResponse: 	at okhttp3.internal.http.RealInterceptorChain.proceed(RealInterceptorChain.java:142)
08-04 02:25:55.762 11040 30397 E baseline.com.newsblur.network.APIResponse: 	at okhttp3.internal.http.RealInterceptorChain.proceed(RealInterceptorChain.java:117)
08-04 02:25:55.762 11040 30397 E baseline.com.newsblur.network.APIResponse: 	at okhttp3.internal.cache.CacheInterceptor.intercept(CacheInterceptor.java:94)
08-04 02:25:55.762 11040 30397 E baseline.com.newsblur.network.APIResponse: 	at okhttp3.internal.http.RealInterceptorChain.proceed(RealInterceptorChain.java:142)
08-04 02:25:55.762 11040 30397 E baseline.com.newsblur.network.APIResponse: 	at okhttp3.internal.http.RealInterceptorChain.proceed(RealInterceptorChain.java:117)
08-04 02:25:55.762 11040 30397 E baseline.com.newsblur.network.APIResponse: 	at okhttp3.internal.http.BridgeInterceptor.intercept(BridgeInterceptor.java:93)
08-04 02:25:55.762 11040 30397 E baseline.com.newsblur.network.APIResponse: 	at okhttp3.internal.http.RealInterceptorChain.proceed(RealInterceptorChain.java:142)
08-04 02:25:55.762 11040 30397 E baseline.com.newsblur.network.APIResponse: 	at okhttp3.internal.http.RetryAndFollowUpInterceptor.intercept(RetryAndFollowUpInterceptor.java:88)
08-04 02:25:55.762 11040 30397 E baseline.com.newsblur.network.APIResponse: 	at okhttp3.internal.http.RealInterceptorChain.proceed(RealInterceptorChain.java:142)
08-04 02:25:55.762 11040 30397 E baseline.com.newsblur.network.APIResponse: 	at okhttp3.internal.http.RealInterceptorChain.proceed(RealInterceptorChain.java:117)
08-04 02:25:55.762 11040 30397 E baseline.com.newsblur.network.APIResponse: 	at okhttp3.RealCall.getResponseWithInterceptorChain(RealCall.java:229)
08-04 02:25:55.762 11040 30397 E baseline.com.newsblur.network.APIResponse: 	at okhttp3.RealCall.execute(RealCall.java:81)
08-04 02:25:55.762 11040 30397 E baseline.com.newsblur.network.APIResponse: 	at baseline.com.newsblur.network.APIResponse.<init>(APIResponse.java:57)
08-04 02:25:55.762 11040 30397 E baseline.com.newsblur.network.APIResponse: 	at baseline.com.newsblur.network.APIResponse.<init>(APIResponse.java:43)
08-04 02:25:55.762 11040 30397 E baseline.com.newsblur.network.APIResponse: 	at baseline.com.newsblur.network.APIManager.post_single(APIManager.java:702)
08-04 02:25:55.762 11040 30397 E baseline.com.newsblur.network.APIResponse: 	at baseline.com.newsblur.network.APIManager.post(APIManager.java:675)
08-04 02:25:55.762 11040 30397 E baseline.com.newsblur.network.APIResponse: 	at baseline.com.newsblur.network.APIManager.post(APIManager.java:714)
08-04 02:25:55.762 11040 30397 E baseline.com.newsblur.network.APIResponse: 	at baseline.com.newsblur.network.APIManager.markStoryAsRead(APIManager.java:205)
08-04 02:25:55.762 11040 30397 E baseline.com.newsblur.network.APIResponse: 	at baseline.com.newsblur.util.ReadingAction.doRemote(ReadingAction.java:281)
08-04 02:25:55.762 11040 30397 E baseline.com.newsblur.network.APIResponse: 	at baseline.com.newsblur.service.NBSyncService.syncActions(NBSyncService.java:400)
08-04 02:25:55.762 11040 30397 E baseline.com.newsblur.network.APIResponse: 	at baseline.com.newsblur.service.NBSyncService.doSync(NBSyncService.java:298)
08-04 02:25:55.762 11040 30397 E baseline.com.newsblur.network.APIResponse: 	at baseline.com.newsblur.service.NBSyncService.access$100(NBSyncService.java:67)
08-04 02:25:55.762 11040 30397 E baseline.com.newsblur.network.APIResponse: 	at baseline.com.newsblur.service.NBSyncService$1.run(NBSyncService.java:188)
08-04 02:25:55.762 11040 30397 E baseline.com.newsblur.network.APIResponse: 	at java.util.concurrent.ThreadPoolExecutor.runWorker(ThreadPoolExecutor.java:1113)
08-04 02:25:55.762 11040 30397 E baseline.com.newsblur.network.APIResponse: 	at java.util.concurrent.ThreadPoolExecutor$Worker.run(ThreadPoolExecutor.java:588)
08-04 02:25:55.762 11040 30397 E baseline.com.newsblur.network.APIResponse: 	at java.lang.Thread.run(Thread.java:818)
08-04 02:25:55.762 11040 30397 E baseline.com.newsblur.network.APIResponse: Caused by: java.io.EOFException: \n not found: limit=0 content=
08-04 02:25:55.762 11040 30397 E baseline.com.newsblur.network.APIResponse: 	at okio.RealBufferedSource.readUtf8LineStrict(RealBufferedSource.java:240)
08-04 02:25:55.762 11040 30397 E baseline.com.newsblur.network.APIResponse: 	at okhttp3.internal.http1.Http1ExchangeCodec.readHeaderLine(Http1ExchangeCodec.java:242)
08-04 02:25:55.762 11040 30397 E baseline.com.newsblur.network.APIResponse: 	at okhttp3.internal.http1.Http1ExchangeCodec.readResponseHeaders(Http1ExchangeCodec.java:213)
08-04 02:25:55.762 11040 30397 E baseline.com.newsblur.network.APIResponse: 	... 30 more
08-04 02:25:55.764 11040 30397 I baseline.com.newsblur.network.APIManager: API call failed, pausing before retry number 2
08-04 02:25:55.944 11040 11052 I art     : Starting a blocking GC Explicit
08-04 02:25:55.980 11040 11052 I art     : Explicit concurrent mark sweep GC freed 3947(357KB) AllocSpace objects, 3(60KB) LOS objects, 29% free, 37MB/53MB, paused 891us total 35.663ms
08-04 02:25:55.991 11040 11052 I art     : Starting a blocking GC Explicit
08-04 02:25:56.026 11040 11052 I art     : Explicit concurrent mark sweep GC freed 109(3KB) AllocSpace objects, 0(0B) LOS objects, 29% free, 37MB/53MB, paused 854us total 34.333ms
08-04 02:25:56.037 11040 11052 I art     : Starting a blocking GC Explicit
08-04 02:25:56.071 11040 11052 I art     : Explicit concurrent mark sweep GC freed 3(96B) AllocSpace objects, 0(0B) LOS objects, 29% free, 37MB/53MB, paused 913us total 33.800ms
08-04 02:25:56.081 11040 11052 I art     : Starting a blocking GC Explicit
08-04 02:25:56.113 11040 11052 I art     : Explicit concurrent mark sweep GC freed 3(96B) AllocSpace objects, 0(0B) LOS objects, 29% free, 37MB/53MB, paused 848us total 31.596ms
08-04 02:25:56.124 11040 11052 I art     : Starting a blocking GC Explicit
08-04 02:25:56.157 11040 11052 I art     : Explicit concurrent mark sweep GC freed 3(96B) AllocSpace objects, 0(0B) LOS objects, 29% free, 37MB/53MB, paused 1.334ms total 33.214ms
08-04 02:25:56.166 24365 23406 I NetworkScheduler.Stats: Task com.google.android.apps.gcs/ started execution. cause:4 exec_start_elapsed_seconds: 1654560 [CONTEXT service_id=218 ]
08-04 02:25:56.168 29579 30463 W Gcs.WfaEliRefreshTask: [23203] afk.b: NULL eligibility response.
08-04 02:25:56.180 24365 23406 I NetworkScheduler.Stats: Task com.google.android.apps.gcs/ finished executing. cause:4 result: 3 elapsed_millis: 19 uptime_millis: 18 exec_start_elapsed_seconds: 1654560 [CONTEXT service_id=218 ]
08-04 02:25:56.197 24365 23406 I NetworkScheduler.Stats: Task com.google.android.apps.gcs/ started execution. cause:5 exec_start_elapsed_seconds: 1654560 [CONTEXT service_id=218 ]
08-04 02:25:56.269 24365 28437 I NetworkScheduler.Stats: Task com.google.android.apps.gcs/ finished executing. cause:5 result: 1 elapsed_millis: 73 uptime_millis: 73 exec_start_elapsed_seconds: 1654560 [CONTEXT service_id=218 ]
08-04 02:25:56.303 24365 28437 I NetworkScheduler.Stats: Task com.google.android.apps.gcs/ started execution. cause:5 exec_start_elapsed_seconds: 1654560 [CONTEXT service_id=218 ]
08-04 02:25:56.304 29579 30467 W Gcs.WfaEliRefreshTask: [23205] afk.b: NULL eligibility response.
08-04 02:25:56.308 24365 28437 I NetworkScheduler.Stats: Task com.google.android.apps.gcs/ finished executing. cause:5 result: 3 elapsed_millis: 11 uptime_millis: 10 exec_start_elapsed_seconds: 1654560 [CONTEXT service_id=218 ]
08-04 02:25:56.461 11040 11052 I art     : Starting a blocking GC Explicit
08-04 02:25:56.496 11040 11052 I art     : Explicit concurrent mark sweep GC freed 1440(83KB) AllocSpace objects, 1(20KB) LOS objects, 29% free, 37MB/53MB, paused 884us total 34.822ms
08-04 02:25:56.508 11040 11052 I art     : Starting a blocking GC Explicit
08-04 02:25:56.543 11040 11052 I art     : Explicit concurrent mark sweep GC freed 22(784B) AllocSpace objects, 0(0B) LOS objects, 29% free, 37MB/53MB, paused 955us total 34.925ms
08-04 02:25:56.553 11040 11052 I art     : Starting a blocking GC Explicit
08-04 02:25:56.584 11040 11052 I art     : Explicit concurrent mark sweep GC freed 3(96B) AllocSpace objects, 0(0B) LOS objects, 29% free, 37MB/53MB, paused 940us total 31.412ms
08-04 02:25:56.594 11040 11052 I art     : Starting a blocking GC Explicit
08-04 02:25:56.626 11040 11052 I art     : Explicit concurrent mark sweep GC freed 3(96B) AllocSpace objects, 0(0B) LOS objects, 29% free, 37MB/53MB, paused 909us total 31.656ms
08-04 02:25:56.636 11040 11052 I art     : Starting a blocking GC Explicit
08-04 02:25:56.668 11040 11052 I art     : Explicit concurrent mark sweep GC freed 3(96B) AllocSpace objects, 0(0B) LOS objects, 29% free, 37MB/53MB, paused 972us total 31.867ms
08-04 02:25:57.018 11040 30393 I art     : Starting a blocking GC Explicit
08-04 02:25:57.054 11040 30393 I art     : Explicit concurrent mark sweep GC freed 1439(82KB) AllocSpace objects, 1(20KB) LOS objects, 29% free, 37MB/53MB, paused 882us total 35.775ms
08-04 02:25:57.065 11040 30393 I art     : Starting a blocking GC Explicit
08-04 02:25:57.094 11040 30393 I art     : Explicit concurrent mark sweep GC freed 22(784B) AllocSpace objects, 0(0B) LOS objects, 29% free, 37MB/53MB, paused 848us total 28.483ms
08-04 02:25:57.103 11040 30393 I art     : Starting a blocking GC Explicit
08-04 02:25:57.132 11040 30393 I art     : Explicit concurrent mark sweep GC freed 3(96B) AllocSpace objects, 0(0B) LOS objects, 29% free, 37MB/53MB, paused 906us total 28.749ms
08-04 02:25:57.141 11040 30393 I art     : Starting a blocking GC Explicit
08-04 02:25:57.171 11040 30393 I art     : Explicit concurrent mark sweep GC freed 3(96B) AllocSpace objects, 0(0B) LOS objects, 29% free, 37MB/53MB, paused 887us total 29.218ms
08-04 02:25:57.180 11040 30393 I art     : Starting a blocking GC Explicit
08-04 02:25:57.210 11040 30393 I art     : Explicit concurrent mark sweep GC freed 3(96B) AllocSpace objects, 0(0B) LOS objects, 29% free, 37MB/53MB, paused 1.309ms total 30.057ms
08-04 02:25:57.444 30486 30486 D AndroidRuntime: >>>>>> START com.android.internal.os.RuntimeInit uid 2000 <<<<<<
08-04 02:25:57.449 30486 30486 D AndroidRuntime: CheckJNI is OFF
08-04 02:25:57.482 30486 30486 D ICU     : No timezone override file found: /data/misc/zoneinfo/current/icu/icu_tzdata.dat
08-04 02:25:57.514 30486 30486 I Radio-JNI: register_android_hardware_Radio DONE
08-04 02:25:57.528 11040 30393 I art     : Starting a blocking GC Explicit
08-04 02:25:57.536 30486 30486 D AndroidRuntime: Calling main entry com.android.commands.input.Input
08-04 02:25:57.538 30486 30486 I Input   : injectKeyEvent: KeyEvent { action=ACTION_DOWN, keyCode=KEYCODE_BACK, scanCode=0, metaState=0, flags=0x0, repeatCount=0, eventTime=671173951, downTime=671173951, deviceId=-1, source=0x101 }
08-04 02:25:57.546 30486 30486 I Input   : injectKeyEvent: KeyEvent { action=ACTION_UP, keyCode=KEYCODE_BACK, scanCode=0, metaState=0, flags=0x0, repeatCount=0, eventTime=671173951, downTime=671173951, deviceId=-1, source=0x101 }
08-04 02:25:57.552 30486 30486 D AndroidRuntime: Shutting down VM
08-04 02:25:57.566 11040 30393 I art     : Explicit concurrent mark sweep GC freed 1516(98KB) AllocSpace objects, 2(40KB) LOS objects, 29% free, 37MB/53MB, paused 1.150ms total 37.244ms
08-04 02:25:57.575 11040 30393 I art     : Starting a blocking GC Explicit
08-04 02:25:57.604 11040 30393 I art     : Explicit concurrent mark sweep GC freed 174(23KB) AllocSpace objects, 1(20KB) LOS objects, 29% free, 37MB/53MB, paused 980us total 28.784ms
08-04 02:25:57.613 11040 30393 I art     : Starting a blocking GC Explicit
08-04 02:25:57.643 11040 30393 I art     : Explicit concurrent mark sweep GC freed 29(1056B) AllocSpace objects, 0(0B) LOS objects, 29% free, 37MB/53MB, paused 942us total 29.931ms
08-04 02:25:57.653 11040 30393 I art     : Starting a blocking GC Explicit
08-04 02:25:57.677 13866 13866 I GoogleInputMethodServic: GoogleInputMethodService.onFinishInput():3138 
08-04 02:25:57.678 13866 13866 I GoogleInputMethodServic: GoogleInputMethodService.onStartInput():1808 
08-04 02:25:57.686 11040 30393 I art     : Explicit concurrent mark sweep GC freed 767(68KB) AllocSpace objects, 2(40KB) LOS objects, 29% free, 37MB/53MB, paused 1.467ms total 33.578ms
08-04 02:25:57.698 11040 30393 I art     : Starting a blocking GC Explicit
08-04 02:25:57.731 11040 30393 I art     : Explicit concurrent mark sweep GC freed 1022(84KB) AllocSpace objects, 1(20KB) LOS objects, 29% free, 37MB/53MB, paused 1.042ms total 32.525ms
08-04 02:25:58.030 11040 11052 I art     : Starting a blocking GC Explicit
08-04 02:25:58.062 11040 11052 I art     : Explicit concurrent mark sweep GC freed 3260(170KB) AllocSpace objects, 2(48KB) LOS objects, 29% free, 37MB/53MB, paused 953us total 31.731ms
08-04 02:25:58.071 11040 11052 I art     : Starting a blocking GC Explicit
08-04 02:25:58.106 11040 11052 I art     : Explicit concurrent mark sweep GC freed 153(7KB) AllocSpace objects, 0(0B) LOS objects, 29% free, 37MB/53MB, paused 919us total 34.361ms
08-04 02:25:58.117 11040 11052 I art     : Starting a blocking GC Explicit
08-04 02:25:58.154 11040 11052 I art     : Explicit concurrent mark sweep GC freed 9(288B) AllocSpace objects, 0(0B) LOS objects, 29% free, 37MB/53MB, paused 988us total 36.501ms
08-04 02:25:58.165 11040 11052 I art     : Starting a blocking GC Explicit
08-04 02:25:58.201 11040 11052 I art     : Explicit concurrent mark sweep GC freed 9(288B) AllocSpace objects, 0(0B) LOS objects, 29% free, 37MB/53MB, paused 960us total 35.614ms
08-04 02:25:58.211 11040 11052 I art     : Starting a blocking GC Explicit
08-04 02:25:58.246 11040 11052 I art     : Explicit concurrent mark sweep GC freed 9(288B) AllocSpace objects, 0(0B) LOS objects, 29% free, 37MB/53MB, paused 1.220ms total 35.006ms
08-04 02:25:58.579 11040 11053 I art     : Starting a blocking GC Explicit
08-04 02:25:58.615 11040 11053 I art     : Explicit concurrent mark sweep GC freed 1482(84KB) AllocSpace objects, 1(20KB) LOS objects, 29% free, 37MB/53MB, paused 1.086ms total 35.773ms
08-04 02:25:58.625 11040 11053 I art     : Starting a blocking GC Explicit
08-04 02:25:58.661 11040 11053 I art     : Explicit concurrent mark sweep GC freed 28(976B) AllocSpace objects, 0(0B) LOS objects, 29% free, 37MB/53MB, paused 894us total 35.214ms
08-04 02:25:58.673 11040 11053 I art     : Starting a blocking GC Explicit
08-04 02:25:58.709 11040 11053 I art     : Explicit concurrent mark sweep GC freed 8(256B) AllocSpace objects, 0(0B) LOS objects, 29% free, 37MB/53MB, paused 1.104ms total 35.878ms
08-04 02:25:58.720 11040 11053 I art     : Starting a blocking GC Explicit
08-04 02:25:58.735   518   646 I ThermalEngine: ACTION: GPU - Setting GPU[0] to 450000000
08-04 02:25:58.762 11040 11053 I art     : Explicit concurrent mark sweep GC freed 10(320B) AllocSpace objects, 0(0B) LOS objects, 29% free, 37MB/53MB, paused 1.354ms total 41.825ms
08-04 02:25:58.776 11040 11053 I art     : Starting a blocking GC Explicit
08-04 02:25:58.819 11040 11053 I art     : Explicit concurrent mark sweep GC freed 100(3KB) AllocSpace objects, 0(0B) LOS objects, 29% free, 37MB/53MB, paused 1.356ms total 43.275ms
08-04 02:25:59.156 11040 11052 I art     : Starting a blocking GC Explicit
08-04 02:25:59.193 11040 11052 I art     : Explicit concurrent mark sweep GC freed 1555(89KB) AllocSpace objects, 1(20KB) LOS objects, 29% free, 37MB/53MB, paused 1.228ms total 36.376ms
08-04 02:25:59.204 11040 11052 I art     : Starting a blocking GC Explicit
08-04 02:25:59.241 11040 11052 I art     : Explicit concurrent mark sweep GC freed 22(784B) AllocSpace objects, 0(0B) LOS objects, 29% free, 37MB/53MB, paused 1.233ms total 35.921ms
08-04 02:25:59.253 11040 11052 I art     : Starting a blocking GC Explicit
08-04 02:25:59.291 11040 11052 I art     : Explicit concurrent mark sweep GC freed 621(25KB) AllocSpace objects, 0(0B) LOS objects, 29% free, 37MB/53MB, paused 1.572ms total 38.361ms
08-04 02:25:59.304 11040 11052 I art     : Starting a blocking GC Explicit
08-04 02:25:59.324 30530 30530 D AndroidRuntime: >>>>>> START com.android.internal.os.RuntimeInit uid 2000 <<<<<<
08-04 02:25:59.329 30530 30530 D AndroidRuntime: CheckJNI is OFF
08-04 02:25:59.331 11040 30397 E baseline.com.newsblur.network.APIResponse: Error (unexpected end of stream on https://www.newsblur.com/...) calling https://www.newsblur.com/reader/mark_story_hashes_as_read/
08-04 02:25:59.331 11040 30397 E baseline.com.newsblur.network.APIResponse: java.io.IOException: unexpected end of stream on https://www.newsblur.com/...
08-04 02:25:59.331 11040 30397 E baseline.com.newsblur.network.APIResponse: 	at okhttp3.internal.http1.Http1ExchangeCodec.readResponseHeaders(Http1ExchangeCodec.java:236)
08-04 02:25:59.331 11040 30397 E baseline.com.newsblur.network.APIResponse: 	at okhttp3.internal.connection.Exchange.readResponseHeaders(Exchange.java:115)
08-04 02:25:59.331 11040 30397 E baseline.com.newsblur.network.APIResponse: 	at okhttp3.internal.http.CallServerInterceptor.intercept(CallServerInterceptor.java:94)
08-04 02:25:59.331 11040 30397 E baseline.com.newsblur.network.APIResponse: 	at okhttp3.internal.http.RealInterceptorChain.proceed(RealInterceptorChain.java:142)
08-04 02:25:59.331 11040 30397 E baseline.com.newsblur.network.APIResponse: 	at okhttp3.internal.connection.ConnectInterceptor.intercept(ConnectInterceptor.java:43)
08-04 02:25:59.331 11040 30397 E baseline.com.newsblur.network.APIResponse: 	at okhttp3.internal.http.RealInterceptorChain.proceed(RealInterceptorChain.java:142)
08-04 02:25:59.331 11040 30397 E baseline.com.newsblur.network.APIResponse: 	at okhttp3.internal.http.RealInterceptorChain.proceed(RealInterceptorChain.java:117)
08-04 02:25:59.331 11040 30397 E baseline.com.newsblur.network.APIResponse: 	at okhttp3.internal.cache.CacheInterceptor.intercept(CacheInterceptor.java:94)
08-04 02:25:59.331 11040 30397 E baseline.com.newsblur.network.APIResponse: 	at okhttp3.internal.http.RealInterceptorChain.proceed(RealInterceptorChain.java:142)
08-04 02:25:59.331 11040 30397 E baseline.com.newsblur.network.APIResponse: 	at okhttp3.internal.http.RealInterceptorChain.proceed(RealInterceptorChain.java:117)
08-04 02:25:59.331 11040 30397 E baseline.com.newsblur.network.APIResponse: 	at okhttp3.internal.http.BridgeInterceptor.intercept(BridgeInterceptor.java:93)
08-04 02:25:59.331 11040 30397 E baseline.com.newsblur.network.APIResponse: 	at okhttp3.internal.http.RealInterceptorChain.proceed(RealInterceptorChain.java:142)
08-04 02:25:59.331 11040 30397 E baseline.com.newsblur.network.APIResponse: 	at okhttp3.internal.http.RetryAndFollowUpInterceptor.intercept(RetryAndFollowUpInterceptor.java:88)
08-04 02:25:59.331 11040 30397 E baseline.com.newsblur.network.APIResponse: 	at okhttp3.internal.http.RealInterceptorChain.proceed(RealInterceptorChain.java:142)
08-04 02:25:59.331 11040 30397 E baseline.com.newsblur.network.APIResponse: 	at okhttp3.internal.http.RealInterceptorChain.proceed(RealInterceptorChain.java:117)
08-04 02:25:59.331 11040 30397 E baseline.com.newsblur.network.APIResponse: 	at okhttp3.RealCall.getResponseWithInterceptorChain(RealCall.java:229)
08-04 02:25:59.331 11040 30397 E baseline.com.newsblur.network.APIResponse: 	at okhttp3.RealCall.execute(RealCall.java:81)
08-04 02:25:59.331 11040 30397 E baseline.com.newsblur.network.APIResponse: 	at baseline.com.newsblur.network.APIResponse.<init>(APIResponse.java:57)
08-04 02:25:59.331 11040 30397 E baseline.com.newsblur.network.APIResponse: 	at baseline.com.newsblur.network.APIResponse.<init>(APIResponse.java:43)
08-04 02:25:59.331 11040 30397 E baseline.com.newsblur.network.APIResponse: 	at baseline.com.newsblur.network.APIManager.post_single(APIManager.java:702)
08-04 02:25:59.331 11040 30397 E baseline.com.newsblur.network.APIResponse: 	at baseline.com.newsblur.network.APIManager.post(APIManager.java:675)
08-04 02:25:59.331 11040 30397 E baseline.com.newsblur.network.APIResponse: 	at baseline.com.newsblur.network.APIManager.post(APIManager.java:714)
08-04 02:25:59.331 11040 30397 E baseline.com.newsblur.network.APIResponse: 	at baseline.com.newsblur.network.APIManager.markStoryAsRead(APIManager.java:205)
08-04 02:25:59.331 11040 30397 E baseline.com.newsblur.network.APIResponse: 	at baseline.com.newsblur.util.ReadingAction.doRemote(ReadingAction.java:281)
08-04 02:25:59.331 11040 30397 E baseline.com.newsblur.network.APIResponse: 	at baseline.com.newsblur.service.NBSyncService.syncActions(NBSyncService.java:400)
08-04 02:25:59.331 11040 30397 E baseline.com.newsblur.network.APIResponse: 	at baseline.com.newsblur.service.NBSyncService.doSync(NBSyncService.java:298)
08-04 02:25:59.331 11040 30397 E baseline.com.newsblur.network.APIResponse: 	at baseline.com.newsblur.service.NBSyncService.access$100(NBSyncService.java:67)
08-04 02:25:59.331 11040 30397 E baseline.com.newsblur.network.APIResponse: 	at baseline.com.newsblur.service.NBSyncService$1.run(NBSyncService.java:188)
08-04 02:25:59.331 11040 30397 E baseline.com.newsblur.network.APIResponse: 	at java.util.concurrent.ThreadPoolExecutor.runWorker(ThreadPoolExecutor.java:1113)
08-04 02:25:59.331 11040 30397 E baseline.com.newsblur.network.APIResponse: 	at java.util.concurrent.ThreadPoolExecutor$Worker.run(ThreadPoolExecutor.java:588)
08-04 02:25:59.331 11040 30397 E baseline.com.newsblur.network.APIResponse: 	at java.lang.Thread.run(Thread.java:818)
08-04 02:25:59.331 11040 30397 E baseline.com.newsblur.network.APIResponse: Caused by: java.io.EOFException: \n not found: limit=0 content=
08-04 02:25:59.331 11040 30397 E baseline.com.newsblur.network.APIResponse: 	at okio.RealBufferedSource.readUtf8LineStrict(RealBufferedSource.java:240)
08-04 02:25:59.331 11040 30397 E baseline.com.newsblur.network.APIResponse: 	at okhttp3.internal.http1.Http1ExchangeCodec.readHeaderLine(Http1ExchangeCodec.java:242)
08-04 02:25:59.331 11040 30397 E baseline.com.newsblur.network.APIResponse: 	at okhttp3.internal.http1.Http1ExchangeCodec.readResponseHeaders(Http1ExchangeCodec.java:213)
08-04 02:25:59.331 11040 30397 E baseline.com.newsblur.network.APIResponse: 	... 30 more
08-04 02:25:59.333 11040 30397 I baseline.com.newsblur.service.NBSyncService: Holding reading action with server-side or network error.
08-04 02:25:59.342 11040 30397 W baseline.com.newsblur.service.NBSyncService: hard API failure
08-04 02:25:59.344 11040 11052 I art     : Explicit concurrent mark sweep GC freed 1841(234KB) AllocSpace objects, 2(40KB) LOS objects, 29% free, 37MB/53MB, paused 1.300ms total 39.906ms
08-04 02:25:59.356 11040 11052 I art     : Starting a blocking GC Explicit
08-04 02:25:59.374 30530 30530 D ICU     : No timezone override file found: /data/misc/zoneinfo/current/icu/icu_tzdata.dat
08-04 02:25:59.397 11040 11052 I art     : Explicit concurrent mark sweep GC freed 527(66KB) AllocSpace objects, 2(40KB) LOS objects, 29% free, 37MB/53MB, paused 1.398ms total 40.709ms
08-04 02:25:59.417 30530 30530 I Radio-JNI: register_android_hardware_Radio DONE
08-04 02:25:59.445 30530 30530 D AndroidRuntime: Calling main entry com.android.commands.input.Input
08-04 02:25:59.447 30530 30530 I Input   : injectKeyEvent: KeyEvent { action=ACTION_DOWN, keyCode=KEYCODE_BACK, scanCode=0, metaState=0, flags=0x0, repeatCount=0, eventTime=671175860, downTime=671175860, deviceId=-1, source=0x101 }
08-04 02:25:59.453 30530 30530 I Input   : injectKeyEvent: KeyEvent { action=ACTION_UP, keyCode=KEYCODE_BACK, scanCode=0, metaState=0, flags=0x0, repeatCount=0, eventTime=671175860, downTime=671175860, deviceId=-1, source=0x101 }
08-04 02:25:59.459 30530 30530 D AndroidRuntime: Shutting down VM
08-04 02:25:59.664 13866 13866 I GoogleInputMethodServic: GoogleInputMethodService.onFinishInput():3138 
08-04 02:25:59.664 13866 13866 I GoogleInputMethodServic: GoogleInputMethodService.onStartInput():1808 
08-04 02:25:59.733 11040 30393 I art     : Starting a blocking GC Explicit
08-04 02:25:59.744 11040 30397 E baseline.com.newsblur.network.APIResponse: Error (unexpected end of stream on https://www.newsblur.com/...) calling https://www.newsblur.com/reader/mark_story_hashes_as_read/
08-04 02:25:59.744 11040 30397 E baseline.com.newsblur.network.APIResponse: java.io.IOException: unexpected end of stream on https://www.newsblur.com/...
08-04 02:25:59.744 11040 30397 E baseline.com.newsblur.network.APIResponse: 	at okhttp3.internal.http1.Http1ExchangeCodec.readResponseHeaders(Http1ExchangeCodec.java:236)
08-04 02:25:59.744 11040 30397 E baseline.com.newsblur.network.APIResponse: 	at okhttp3.internal.connection.Exchange.readResponseHeaders(Exchange.java:115)
08-04 02:25:59.744 11040 30397 E baseline.com.newsblur.network.APIResponse: 	at okhttp3.internal.http.CallServerInterceptor.intercept(CallServerInterceptor.java:94)
08-04 02:25:59.744 11040 30397 E baseline.com.newsblur.network.APIResponse: 	at okhttp3.internal.http.RealInterceptorChain.proceed(RealInterceptorChain.java:142)
08-04 02:25:59.744 11040 30397 E baseline.com.newsblur.network.APIResponse: 	at okhttp3.internal.connection.ConnectInterceptor.intercept(ConnectInterceptor.java:43)
08-04 02:25:59.744 11040 30397 E baseline.com.newsblur.network.APIResponse: 	at okhttp3.internal.http.RealInterceptorChain.proceed(RealInterceptorChain.java:142)
08-04 02:25:59.744 11040 30397 E baseline.com.newsblur.network.APIResponse: 	at okhttp3.internal.http.RealInterceptorChain.proceed(RealInterceptorChain.java:117)
08-04 02:25:59.744 11040 30397 E baseline.com.newsblur.network.APIResponse: 	at okhttp3.internal.cache.CacheInterceptor.intercept(CacheInterceptor.java:94)
08-04 02:25:59.744 11040 30397 E baseline.com.newsblur.network.APIResponse: 	at okhttp3.internal.http.RealInterceptorChain.proceed(RealInterceptorChain.java:142)
08-04 02:25:59.744 11040 30397 E baseline.com.newsblur.network.APIResponse: 	at okhttp3.internal.http.RealInterceptorChain.proceed(RealInterceptorChain.java:117)
08-04 02:25:59.744 11040 30397 E baseline.com.newsblur.network.APIResponse: 	at okhttp3.internal.http.BridgeInterceptor.intercept(BridgeInterceptor.java:93)
08-04 02:25:59.744 11040 30397 E baseline.com.newsblur.network.APIResponse: 	at okhttp3.internal.http.RealInterceptorChain.proceed(RealInterceptorChain.java:142)
08-04 02:25:59.744 11040 30397 E baseline.com.newsblur.network.APIResponse: 	at okhttp3.internal.http.RetryAndFollowUpInterceptor.intercept(RetryAndFollowUpInterceptor.java:88)
08-04 02:25:59.744 11040 30397 E baseline.com.newsblur.network.APIResponse: 	at okhttp3.internal.http.RealInterceptorChain.proceed(RealInterceptorChain.java:142)
08-04 02:25:59.744 11040 30397 E baseline.com.newsblur.network.APIResponse: 	at okhttp3.internal.http.RealInterceptorChain.proceed(RealInterceptorChain.java:117)
08-04 02:25:59.744 11040 30397 E baseline.com.newsblur.network.APIResponse: 	at okhttp3.RealCall.getResponseWithInterceptorChain(RealCall.java:229)
08-04 02:25:59.744 11040 30397 E baseline.com.newsblur.network.APIResponse: 	at okhttp3.RealCall.execute(RealCall.java:81)
08-04 02:25:59.744 11040 30397 E baseline.com.newsblur.network.APIResponse: 	at baseline.com.newsblur.network.APIResponse.<init>(APIResponse.java:57)
08-04 02:25:59.744 11040 30397 E baseline.com.newsblur.network.APIResponse: 	at baseline.com.newsblur.network.APIResponse.<init>(APIResponse.java:43)
08-04 02:25:59.744 11040 30397 E baseline.com.newsblur.network.APIResponse: 	at baseline.com.newsblur.network.APIManager.post_single(APIManager.java:702)
08-04 02:25:59.744 11040 30397 E baseline.com.newsblur.network.APIResponse: 	at baseline.com.newsblur.network.APIManager.post(APIManager.java:675)
08-04 02:25:59.744 11040 30397 E baseline.com.newsblur.network.APIResponse: 	at baseline.com.newsblur.network.APIManager.post(APIManager.java:714)
08-04 02:25:59.744 11040 30397 E baseline.com.newsblur.network.APIResponse: 	at baseline.com.newsblur.network.APIManager.markStoryAsRead(APIManager.java:205)
08-04 02:25:59.744 11040 30397 E baseline.com.newsblur.network.APIResponse: 	at baseline.com.newsblur.util.ReadingAction.doRemote(ReadingAction.java:281)
08-04 02:25:59.744 11040 30397 E baseline.com.newsblur.network.APIResponse: 	at baseline.com.newsblur.service.NBSyncService.syncActions(NBSyncService.java:400)
08-04 02:25:59.744 11040 30397 E baseline.com.newsblur.network.APIResponse: 	at baseline.com.newsblur.service.NBSyncService.doSync(NBSyncService.java:298)
08-04 02:25:59.744 11040 30397 E baseline.com.newsblur.network.APIResponse: 	at baseline.com.newsblur.service.NBSyncService.access$100(NBSyncService.java:67)
08-04 02:25:59.744 11040 30397 E baseline.com.newsblur.network.APIResponse: 	at baseline.com.newsblur.service.NBSyncService$1.run(NBSyncService.java:188)
08-04 02:25:59.744 11040 30397 E baseline.com.newsblur.network.APIResponse: 	at java.util.concurrent.ThreadPoolExecutor.runWorker(ThreadPoolExecutor.java:1113)
08-04 02:25:59.744 11040 30397 E baseline.com.newsblur.network.APIResponse: 	at java.util.concurrent.ThreadPoolExecutor$Worker.run(ThreadPoolExecutor.java:588)
08-04 02:25:59.744 11040 30397 E baseline.com.newsblur.network.APIResponse: 	at java.lang.Thread.run(Thread.java:818)
08-04 02:25:59.744 11040 30397 E baseline.com.newsblur.network.APIResponse: Caused by: java.io.EOFException: \n not found: limit=0 content=
08-04 02:25:59.744 11040 30397 E baseline.com.newsblur.network.APIResponse: 	at okio.RealBufferedSource.readUtf8LineStrict(RealBufferedSource.java:240)
08-04 02:25:59.744 11040 30397 E baseline.com.newsblur.network.APIResponse: 	at okhttp3.internal.http1.Http1ExchangeCodec.readHeaderLine(Http1ExchangeCodec.java:242)
08-04 02:25:59.744 11040 30397 E baseline.com.newsblur.network.APIResponse: 	at okhttp3.internal.http1.Http1ExchangeCodec.readResponseHeaders(Http1ExchangeCodec.java:213)
08-04 02:25:59.744 11040 30397 E baseline.com.newsblur.network.APIResponse: 	... 30 more
08-04 02:25:59.745 11040 30397 I baseline.com.newsblur.network.APIManager: API call failed, pausing before retry number 1
08-04 02:25:59.772 11040 30393 I art     : Explicit concurrent mark sweep GC freed 12112(921KB) AllocSpace objects, 15(300KB) LOS objects, 29% free, 37MB/53MB, paused 1.569ms total 38.519ms
08-04 02:25:59.787 11040 30393 I art     : Starting a blocking GC Explicit
08-04 02:25:59.834 11040 30393 I art     : Explicit concurrent mark sweep GC freed 374(26KB) AllocSpace objects, 0(0B) LOS objects, 29% free, 37MB/53MB, paused 1.655ms total 46.370ms
08-04 02:25:59.846 11040 30393 I art     : Starting a blocking GC Explicit
08-04 02:25:59.891 11040 30393 I art     : Explicit concurrent mark sweep GC freed 25(832B) AllocSpace objects, 0(0B) LOS objects, 29% free, 37MB/53MB, paused 1.209ms total 44.571ms
08-04 02:25:59.906 11040 30393 I art     : Starting a blocking GC Explicit
08-04 02:25:59.952 11040 30393 I art     : Explicit concurrent mark sweep GC freed 3(96B) AllocSpace objects, 0(0B) LOS objects, 29% free, 37MB/53MB, paused 1.210ms total 45.674ms
08-04 02:25:59.966 11040 30393 I art     : Starting a blocking GC Explicit
08-04 02:26:00.008 11040 30393 I art     : Explicit concurrent mark sweep GC freed 3(96B) AllocSpace objects, 0(0B) LOS objects, 29% free, 37MB/53MB, paused 1.263ms total 41.403ms
08-04 02:26:00.360 11040 11053 I art     : Starting a blocking GC Explicit
08-04 02:26:00.406 11040 11053 I art     : Explicit concurrent mark sweep GC freed 1926(103KB) AllocSpace objects, 1(20KB) LOS objects, 29% free, 37MB/53MB, paused 1.309ms total 45.608ms
08-04 02:26:00.420 11040 11053 I art     : Starting a blocking GC Explicit
08-04 02:26:00.460 11040 11053 I art     : Explicit concurrent mark sweep GC freed 165(7KB) AllocSpace objects, 0(0B) LOS objects, 29% free, 37MB/53MB, paused 1.347ms total 40.532ms
08-04 02:26:00.474 11040 11053 I art     : Starting a blocking GC Explicit
08-04 02:26:00.515 11040 11053 I art     : Explicit concurrent mark sweep GC freed 11(352B) AllocSpace objects, 0(0B) LOS objects, 29% free, 37MB/53MB, paused 1.163ms total 40.958ms
08-04 02:26:00.527 11040 11053 I art     : Starting a blocking GC Explicit
08-04 02:26:00.567 11040 11053 I art     : Explicit concurrent mark sweep GC freed 9(288B) AllocSpace objects, 0(0B) LOS objects, 29% free, 37MB/53MB, paused 1.476ms total 39.760ms
08-04 02:26:00.580 11040 11053 I art     : Starting a blocking GC Explicit
08-04 02:26:00.621 11040 11053 I art     : Explicit concurrent mark sweep GC freed 9(288B) AllocSpace objects, 0(0B) LOS objects, 29% free, 37MB/53MB, paused 1.203ms total 41.293ms
08-04 02:26:00.957 11040 11052 I art     : Starting a blocking GC Explicit
08-04 02:26:01.000 11040 11052 I art     : Explicit concurrent mark sweep GC freed 1481(84KB) AllocSpace objects, 1(20KB) LOS objects, 29% free, 37MB/53MB, paused 1.328ms total 43.054ms
08-04 02:26:01.014 11040 11052 I art     : Starting a blocking GC Explicit
08-04 02:26:01.054 11040 11052 I art     : Explicit concurrent mark sweep GC freed 28(976B) AllocSpace objects, 0(0B) LOS objects, 29% free, 37MB/53MB, paused 1.315ms total 40.187ms
08-04 02:26:01.067 11040 11052 I art     : Starting a blocking GC Explicit
08-04 02:26:01.109 11040 11052 I art     : Explicit concurrent mark sweep GC freed 6(192B) AllocSpace objects, 0(0B) LOS objects, 29% free, 37MB/53MB, paused 1.323ms total 41.876ms
08-04 02:26:01.121 11040 11052 I art     : Starting a blocking GC Explicit
08-04 02:26:01.164 11040 11052 I art     : Explicit concurrent mark sweep GC freed 3(96B) AllocSpace objects, 0(0B) LOS objects, 29% free, 37MB/53MB, paused 1.290ms total 42.505ms
08-04 02:26:01.177 11040 11052 I art     : Starting a blocking GC Explicit
08-04 02:26:01.219 11040 11052 I art     : Explicit concurrent mark sweep GC freed 3(96B) AllocSpace objects, 0(0B) LOS objects, 29% free, 37MB/53MB, paused 1.385ms total 42.212ms
08-04 02:26:01.242 30573 30573 D AndroidRuntime: >>>>>> START com.android.internal.os.RuntimeInit uid 2000 <<<<<<
08-04 02:26:01.248 30573 30573 D AndroidRuntime: CheckJNI is OFF
08-04 02:26:01.292 30573 30573 D ICU     : No timezone override file found: /data/misc/zoneinfo/current/icu/icu_tzdata.dat
08-04 02:26:01.338 30573 30573 I Radio-JNI: register_android_hardware_Radio DONE
08-04 02:26:01.367 30573 30573 D AndroidRuntime: Calling main entry com.android.commands.input.Input
08-04 02:26:01.369 30573 30573 I Input   : injectMotionEvent: MotionEvent { action=ACTION_DOWN, actionButton=0, id[0]=0, x[0]=594.0, y[0]=330.0, toolType[0]=TOOL_TYPE_UNKNOWN, buttonState=0, metaState=0, flags=0x0, edgeFlags=0x0, pointerCount=1, historySize=0, eventTime=671177782, downTime=671177782, deviceId=0, source=0x1002 }
08-04 02:26:01.377 30573 30573 I Input   : injectMotionEvent: MotionEvent { action=ACTION_UP, actionButton=0, id[0]=0, x[0]=594.0, y[0]=330.0, toolType[0]=TOOL_TYPE_UNKNOWN, buttonState=0, metaState=0, flags=0x0, edgeFlags=0x0, pointerCount=1, historySize=0, eventTime=671177782, downTime=671177782, deviceId=0, source=0x1002 }
08-04 02:26:01.381 30573 30573 D AndroidRuntime: Shutting down VM
08-04 02:26:01.448   918  3696 I ActivityManager: START u0 {cmp=baseline.com.newsblur/.activity.GlobalSharedStoriesItemsList (has extras)} from uid 10652 on display 0
08-04 02:26:01.473 11040 29726 I baseline.com.newsblur.database.BlurDatabaseHelper: reading session reset
08-04 02:26:01.571 11040 29418 I art     : Starting a blocking GC Explicit
08-04 02:26:01.617 11040 29418 I art     : Explicit concurrent mark sweep GC freed 4090(311KB) AllocSpace objects, 7(232KB) LOS objects, 29% free, 37MB/53MB, paused 1.464ms total 45.171ms
08-04 02:26:01.630 11040 29418 I art     : Starting a blocking GC Explicit
08-04 02:26:01.659 11040 11040 W View    : requestLayout() improperly called by android.widget.FrameLayout{e6dd679 V.E...... ......ID 0,0-1440,18 #7f07003f app:id/footer_view_inner} during layout: running second layout pass
08-04 02:26:01.659 11040 11040 W View    : requestLayout() improperly called by android.widget.FrameLayout{6b35fbe V.E...... ......ID 0,0-1440,2091 #7f07003f app:id/footer_view_inner} during layout: running second layout pass
08-04 02:26:01.671 11040 29418 I art     : Explicit concurrent mark sweep GC freed 545(43KB) AllocSpace objects, 1(20KB) LOS objects, 29% free, 37MB/53MB, paused 1.386ms total 40.970ms
08-04 02:26:01.677   918   936 I ActivityManager: Displayed baseline.com.newsblur/.activity.GlobalSharedStoriesItemsList: +216ms
08-04 02:26:01.680 13866 13866 I GoogleInputMethodServic: GoogleInputMethodService.onFinishInput():3138 
08-04 02:26:01.681 13866 13866 I GoogleInputMethodServic: GoogleInputMethodService.onStartInput():1808 
08-04 02:26:01.684 11040 29418 I art     : Starting a blocking GC Explicit
08-04 02:26:01.729 11040 29418 I art     : Explicit concurrent mark sweep GC freed 965(63KB) AllocSpace objects, 5(100KB) LOS objects, 29% free, 37MB/53MB, paused 1.730ms total 45.304ms
08-04 02:26:01.738   518   646 I ThermalEngine: ACTION: GPU - Setting GPU[0] to 510000000
08-04 02:26:01.742 11040 29418 I art     : Starting a blocking GC Explicit
08-04 02:26:01.772 11040 30607 I NAPPA_EXPERIMENTATION: MetricNetworkRequestExecutionTime: REQUEST_DURATION_SYSTEM='33',REQUEST_DURATION_OKHTTP='32',REQUEST_SYNCHRONOUS='TRUE',RESPONSE_CODE='200',RESPONSE_METHOD='GET',RESPONSE_LENGTH_OKHTTP='43',RESPONSE_LENGTH_HEADER='43',REQUEST_PROTOCOL='http/1.1',REQUEST_URL='http://feeds.feedburner.com/~r/retort/~4/UffaFMiJbNs',
08-04 02:26:01.786 11040 29418 I art     : Explicit concurrent mark sweep GC freed 2382(120KB) AllocSpace objects, 2(40KB) LOS objects, 29% free, 37MB/53MB, paused 1.198ms total 43.260ms
08-04 02:26:01.798 11040 29418 I art     : Starting a blocking GC Explicit
08-04 02:26:01.798 11040 30397 E baseline.com.newsblur.network.APIResponse: Error (unexpected end of stream on https://www.newsblur.com/...) calling https://www.newsblur.com/reader/mark_story_hashes_as_read/
08-04 02:26:01.798 11040 30397 E baseline.com.newsblur.network.APIResponse: java.io.IOException: unexpected end of stream on https://www.newsblur.com/...
08-04 02:26:01.798 11040 30397 E baseline.com.newsblur.network.APIResponse: 	at okhttp3.internal.http1.Http1ExchangeCodec.readResponseHeaders(Http1ExchangeCodec.java:236)
08-04 02:26:01.798 11040 30397 E baseline.com.newsblur.network.APIResponse: 	at okhttp3.internal.connection.Exchange.readResponseHeaders(Exchange.java:115)
08-04 02:26:01.798 11040 30397 E baseline.com.newsblur.network.APIResponse: 	at okhttp3.internal.http.CallServerInterceptor.intercept(CallServerInterceptor.java:94)
08-04 02:26:01.798 11040 30397 E baseline.com.newsblur.network.APIResponse: 	at okhttp3.internal.http.RealInterceptorChain.proceed(RealInterceptorChain.java:142)
08-04 02:26:01.798 11040 30397 E baseline.com.newsblur.network.APIResponse: 	at okhttp3.internal.connection.ConnectInterceptor.intercept(ConnectInterceptor.java:43)
08-04 02:26:01.798 11040 30397 E baseline.com.newsblur.network.APIResponse: 	at okhttp3.internal.http.RealInterceptorChain.proceed(RealInterceptorChain.java:142)
08-04 02:26:01.798 11040 30397 E baseline.com.newsblur.network.APIResponse: 	at okhttp3.internal.http.RealInterceptorChain.proceed(RealInterceptorChain.java:117)
08-04 02:26:01.798 11040 30397 E baseline.com.newsblur.network.APIResponse: 	at okhttp3.internal.cache.CacheInterceptor.intercept(CacheInterceptor.java:94)
08-04 02:26:01.798 11040 30397 E baseline.com.newsblur.network.APIResponse: 	at okhttp3.internal.http.RealInterceptorChain.proceed(RealInterceptorChain.java:142)
08-04 02:26:01.798 11040 30397 E baseline.com.newsblur.network.APIResponse: 	at okhttp3.internal.http.RealInterceptorChain.proceed(RealInterceptorChain.java:117)
08-04 02:26:01.798 11040 30397 E baseline.com.newsblur.network.APIResponse: 	at okhttp3.internal.http.BridgeInterceptor.intercept(BridgeInterceptor.java:93)
08-04 02:26:01.798 11040 30397 E baseline.com.newsblur.network.APIResponse: 	at okhttp3.internal.http.RealInterceptorChain.proceed(RealInterceptorChain.java:142)
08-04 02:26:01.798 11040 30397 E baseline.com.newsblur.network.APIResponse: 	at okhttp3.internal.http.RetryAndFollowUpInterceptor.intercept(RetryAndFollowUpInterceptor.java:88)
08-04 02:26:01.798 11040 30397 E baseline.com.newsblur.network.APIResponse: 	at okhttp3.internal.http.RealInterceptorChain.proceed(RealInterceptorChain.java:142)
08-04 02:26:01.798 11040 30397 E baseline.com.newsblur.network.APIResponse: 	at okhttp3.internal.http.RealInterceptorChain.proceed(RealInterceptorChain.java:117)
08-04 02:26:01.798 11040 30397 E baseline.com.newsblur.network.APIResponse: 	at okhttp3.RealCall.getResponseWithInterceptorChain(RealCall.java:229)
08-04 02:26:01.798 11040 30397 E baseline.com.newsblur.network.APIResponse: 	at okhttp3.RealCall.execute(RealCall.java:81)
08-04 02:26:01.798 11040 30397 E baseline.com.newsblur.network.APIResponse: 	at baseline.com.newsblur.network.APIResponse.<init>(APIResponse.java:57)
08-04 02:26:01.798 11040 30397 E baseline.com.newsblur.network.APIResponse: 	at baseline.com.newsblur.network.APIResponse.<init>(APIResponse.java:43)
08-04 02:26:01.798 11040 30397 E baseline.com.newsblur.network.APIResponse: 	at baseline.com.newsblur.network.APIManager.post_single(APIManager.java:702)
08-04 02:26:01.798 11040 30397 E baseline.com.newsblur.network.APIResponse: 	at baseline.com.newsblur.network.APIManager.post(APIManager.java:675)
08-04 02:26:01.798 11040 30397 E baseline.com.newsblur.network.APIResponse: 	at baseline.com.newsblur.network.APIManager.post(APIManager.java:714)
08-04 02:26:01.798 11040 30397 E baseline.com.newsblur.network.APIResponse: 	at baseline.com.newsblur.network.APIManager.markStoryAsRead(APIManager.java:205)
08-04 02:26:01.798 11040 30397 E baseline.com.newsblur.network.APIResponse: 	at baseline.com.newsblur.util.ReadingAction.doRemote(ReadingAction.java:281)
08-04 02:26:01.798 11040 30397 E baseline.com.newsblur.network.APIResponse: 	at baseline.com.newsblur.service.NBSyncService.syncActions(NBSyncService.java:400)
08-04 02:26:01.798 11040 30397 E baseline.com.newsblur.network.APIResponse: 	at baseline.com.newsblur.service.NBSyncService.doSync(NBSyncService.java:298)
08-04 02:26:01.798 11040 30397 E baseline.com.newsblur.network.APIResponse: 	at baseline.com.newsblur.service.NBSyncService.access$100(NBSyncService.java:67)
08-04 02:26:01.798 11040 30397 E baseline.com.newsblur.network.APIResponse: 	at baseline.com.newsblur.service.NBSyncService$1.run(NBSyncService.java:188)
08-04 02:26:01.798 11040 30397 E baseline.com.newsblur.network.APIResponse: 	at java.util.concurrent.ThreadPoolExecutor.runWorker(ThreadPoolExecutor.java:1113)
08-04 02:26:01.798 11040 30397 E baseline.com.newsblur.network.APIResponse: 	at java.util.concurrent.ThreadPoolExecutor$Worker.run(ThreadPoolExecutor.java:588)
08-04 02:26:01.798 11040 30397 E baseline.com.newsblur.network.APIResponse: 	at java.lang.Thread.run(Thread.java:818)
08-04 02:26:01.798 11040 30397 E baseline.com.newsblur.network.APIResponse: Caused by: java.io.EOFException: \n not found: limit=0 content=
08-04 02:26:01.798 11040 30397 E baseline.com.newsblur.network.APIResponse: 	at okio.RealBufferedSource.readUtf8LineStrict(RealBufferedSource.java:240)
08-04 02:26:01.798 11040 30397 E baseline.com.newsblur.network.APIResponse: 	at okhttp3.internal.http1.Http1ExchangeCodec.readHeaderLine(Http1ExchangeCodec.java:242)
08-04 02:26:01.798 11040 30397 E baseline.com.newsblur.network.APIResponse: 	at okhttp3.internal.http1.Http1ExchangeCodec.readResponseHeaders(Http1ExchangeCodec.java:213)
08-04 02:26:01.798 11040 30397 E baseline.com.newsblur.network.APIResponse: 	... 30 more
08-04 02:26:01.800 11040 30397 I baseline.com.newsblur.network.APIManager: API call failed, pausing before retry number 2
08-04 02:26:01.829 11040 29418 I art     : Explicit concurrent mark sweep GC freed 769(193KB) AllocSpace objects, 2(40KB) LOS objects, 29% free, 37MB/53MB, paused 971us total 31.197ms
08-04 02:26:02.141 11040 29418 I art     : Starting a blocking GC Explicit
08-04 02:26:02.177 11040 29418 I art     : Explicit concurrent mark sweep GC freed 2192(138KB) AllocSpace objects, 2(40KB) LOS objects, 29% free, 37MB/53MB, paused 1.131ms total 35.733ms
08-04 02:26:02.187 11040 29418 I art     : Starting a blocking GC Explicit
08-04 02:26:02.224 11040 29418 I art     : Explicit concurrent mark sweep GC freed 29(1072B) AllocSpace objects, 0(0B) LOS objects, 29% free, 37MB/53MB, paused 1.044ms total 36.003ms
08-04 02:26:02.234 11040 29418 I art     : Starting a blocking GC Explicit
08-04 02:26:02.271 11040 29418 I art     : Explicit concurrent mark sweep GC freed 3(96B) AllocSpace objects, 0(0B) LOS objects, 29% free, 37MB/53MB, paused 1.158ms total 37.057ms
08-04 02:26:02.282 11040 29418 I art     : Starting a blocking GC Explicit
08-04 02:26:02.319 11040 29418 I art     : Explicit concurrent mark sweep GC freed 3(96B) AllocSpace objects, 0(0B) LOS objects, 29% free, 37MB/53MB, paused 1.086ms total 37.084ms
08-04 02:26:02.330 11040 29418 I art     : Starting a blocking GC Explicit
08-04 02:26:02.367 11040 29418 I art     : Explicit concurrent mark sweep GC freed 3(96B) AllocSpace objects, 0(0B) LOS objects, 29% free, 37MB/53MB, paused 1.078ms total 36.570ms
08-04 02:26:02.685 11040 30393 I art     : Starting a blocking GC Explicit
08-04 02:26:02.721 11040 30393 I art     : Explicit concurrent mark sweep GC freed 1439(82KB) AllocSpace objects, 1(20KB) LOS objects, 29% free, 37MB/53MB, paused 1.047ms total 36.175ms
08-04 02:26:02.731 11040 30393 I art     : Starting a blocking GC Explicit
08-04 02:26:02.768 11040 30393 I art     : Explicit concurrent mark sweep GC freed 22(784B) AllocSpace objects, 0(0B) LOS objects, 29% free, 37MB/53MB, paused 1.127ms total 36.369ms
08-04 02:26:02.778 11040 30393 I art     : Starting a blocking GC Explicit
08-04 02:26:02.814 11040 30393 I art     : Explicit concurrent mark sweep GC freed 4(128B) AllocSpace objects, 0(0B) LOS objects, 29% free, 37MB/53MB, paused 1.036ms total 36.144ms
08-04 02:26:02.826 11040 30393 I art     : Starting a blocking GC Explicit
08-04 02:26:02.863 11040 30393 I art     : Explicit concurrent mark sweep GC freed 9(288B) AllocSpace objects, 0(0B) LOS objects, 29% free, 37MB/53MB, paused 993us total 37.071ms
08-04 02:26:02.875 11040 30393 I art     : Starting a blocking GC Explicit
08-04 02:26:02.914 11040 30393 I art     : Explicit concurrent mark sweep GC freed 9(288B) AllocSpace objects, 0(0B) LOS objects, 29% free, 37MB/53MB, paused 1.944ms total 39.127ms
08-04 02:26:03.277 11040 11052 I art     : Starting a blocking GC Explicit
08-04 02:26:03.316 11040 11052 I art     : Explicit concurrent mark sweep GC freed 1458(83KB) AllocSpace objects, 1(20KB) LOS objects, 29% free, 37MB/53MB, paused 1.046ms total 38.245ms
08-04 02:26:03.329 11040 11052 I art     : Starting a blocking GC Explicit
08-04 02:26:03.364 11040 11052 I art     : Explicit concurrent mark sweep GC freed 22(784B) AllocSpace objects, 0(0B) LOS objects, 29% free, 37MB/53MB, paused 987us total 34.788ms
08-04 02:26:03.374 11040 11052 I art     : Starting a blocking GC Explicit
08-04 02:26:03.409 11040 11052 I art     : Explicit concurrent mark sweep GC freed 3(96B) AllocSpace objects, 0(0B) LOS objects, 29% free, 37MB/53MB, paused 1.047ms total 34.675ms
08-04 02:26:03.418 11040 11052 I art     : Starting a blocking GC Explicit
08-04 02:26:03.454 11040 11052 I art     : Explicit concurrent mark sweep GC freed 3(96B) AllocSpace objects, 0(0B) LOS objects, 29% free, 37MB/53MB, paused 1.017ms total 35.596ms
08-04 02:26:03.464 11040 11052 I art     : Starting a blocking GC Explicit
08-04 02:26:03.500 11040 11052 I art     : Explicit concurrent mark sweep GC freed 3(96B) AllocSpace objects, 0(0B) LOS objects, 29% free, 37MB/53MB, paused 1.059ms total 35.554ms
08-04 02:26:03.836 11040 30393 I art     : Starting a blocking GC Explicit
08-04 02:26:03.874 11040 30393 I art     : Explicit concurrent mark sweep GC freed 1441(83KB) AllocSpace objects, 1(20KB) LOS objects, 29% free, 37MB/53MB, paused 1.038ms total 38.081ms
08-04 02:26:03.884 11040 30393 I art     : Starting a blocking GC Explicit
08-04 02:26:03.921 11040 30393 I art     : Explicit concurrent mark sweep GC freed 22(784B) AllocSpace objects, 0(0B) LOS objects, 29% free, 37MB/53MB, paused 1.040ms total 36.560ms
08-04 02:26:03.931 11040 30393 I art     : Starting a blocking GC Explicit
08-04 02:26:03.968 11040 30393 I art     : Explicit concurrent mark sweep GC freed 3(96B) AllocSpace objects, 0(0B) LOS objects, 29% free, 37MB/53MB, paused 1.061ms total 36.491ms
08-04 02:26:03.979 11040 30393 I art     : Starting a blocking GC Explicit
08-04 02:26:04.015 11040 30393 I art     : Explicit concurrent mark sweep GC freed 3(96B) AllocSpace objects, 0(0B) LOS objects, 29% free, 37MB/53MB, paused 1.057ms total 36.694ms
08-04 02:26:04.026 11040 30393 I art     : Starting a blocking GC Explicit
08-04 02:26:04.063 11040 30393 I art     : Explicit concurrent mark sweep GC freed 3(96B) AllocSpace objects, 0(0B) LOS objects, 29% free, 37MB/53MB, paused 1.042ms total 36.931ms
08-04 02:26:04.434 11040 11053 I art     : Starting a blocking GC Explicit
08-04 02:26:04.473 11040 11053 I art     : Explicit concurrent mark sweep GC freed 1441(83KB) AllocSpace objects, 1(20KB) LOS objects, 29% free, 37MB/53MB, paused 1.033ms total 38.297ms
08-04 02:26:04.486 11040 11053 I art     : Starting a blocking GC Explicit
08-04 02:26:04.521 11040 11053 I art     : Explicit concurrent mark sweep GC freed 22(784B) AllocSpace objects, 0(0B) LOS objects, 29% free, 37MB/53MB, paused 1.021ms total 35.023ms
08-04 02:26:04.531 11040 11053 I art     : Starting a blocking GC Explicit
08-04 02:26:04.566 11040 11053 I art     : Explicit concurrent mark sweep GC freed 3(96B) AllocSpace objects, 0(0B) LOS objects, 29% free, 37MB/53MB, paused 988us total 34.576ms
08-04 02:26:04.575 11040 11053 I art     : Starting a blocking GC Explicit
08-04 02:26:04.612 11040 11053 I art     : Explicit concurrent mark sweep GC freed 3(96B) AllocSpace objects, 0(0B) LOS objects, 29% free, 37MB/53MB, paused 1.072ms total 36.218ms
08-04 02:26:04.622 11040 11053 I art     : Starting a blocking GC Explicit
08-04 02:26:04.658 11040 11053 I art     : Explicit concurrent mark sweep GC freed 3(96B) AllocSpace objects, 0(0B) LOS objects, 29% free, 37MB/53MB, paused 1.106ms total 35.639ms
08-04 02:26:04.699   918  3188 I hubconnection: sensorhub said: 'set_bias 3: -6.2400, 0.0000, 0.0000'
08-04 02:26:05.011 11040 29418 I art     : Starting a blocking GC Explicit
08-04 02:26:05.051 11040 29418 I art     : Explicit concurrent mark sweep GC freed 1605(93KB) AllocSpace objects, 1(20KB) LOS objects, 29% free, 37MB/53MB, paused 1.136ms total 39.562ms
08-04 02:26:05.063 11040 29418 I art     : Starting a blocking GC Explicit
08-04 02:26:05.099 11040 29418 I art     : Explicit concurrent mark sweep GC freed 28(1040B) AllocSpace objects, 0(0B) LOS objects, 29% free, 37MB/53MB, paused 1.113ms total 35.325ms
08-04 02:26:05.109 11040 29418 I art     : Starting a blocking GC Explicit
08-04 02:26:05.144 11040 29418 I art     : Explicit concurrent mark sweep GC freed 3(96B) AllocSpace objects, 0(0B) LOS objects, 29% free, 37MB/53MB, paused 1.030ms total 35.115ms
08-04 02:26:05.155 11040 29418 I art     : Starting a blocking GC Explicit
08-04 02:26:05.190 11040 29418 I art     : Explicit concurrent mark sweep GC freed 3(96B) AllocSpace objects, 0(0B) LOS objects, 29% free, 37MB/53MB, paused 1.086ms total 35.613ms
08-04 02:26:05.201 11040 29418 I art     : Starting a blocking GC Explicit
08-04 02:26:05.237 11040 29418 I art     : Explicit concurrent mark sweep GC freed 3(96B) AllocSpace objects, 0(0B) LOS objects, 29% free, 37MB/53MB, paused 1.209ms total 35.930ms
08-04 02:26:05.383 11040 30397 E baseline.com.newsblur.network.APIResponse: Error (unexpected end of stream on https://www.newsblur.com/...) calling https://www.newsblur.com/reader/mark_story_hashes_as_read/
08-04 02:26:05.383 11040 30397 E baseline.com.newsblur.network.APIResponse: java.io.IOException: unexpected end of stream on https://www.newsblur.com/...
08-04 02:26:05.383 11040 30397 E baseline.com.newsblur.network.APIResponse: 	at okhttp3.internal.http1.Http1ExchangeCodec.readResponseHeaders(Http1ExchangeCodec.java:236)
08-04 02:26:05.383 11040 30397 E baseline.com.newsblur.network.APIResponse: 	at okhttp3.internal.connection.Exchange.readResponseHeaders(Exchange.java:115)
08-04 02:26:05.383 11040 30397 E baseline.com.newsblur.network.APIResponse: 	at okhttp3.internal.http.CallServerInterceptor.intercept(CallServerInterceptor.java:94)
08-04 02:26:05.383 11040 30397 E baseline.com.newsblur.network.APIResponse: 	at okhttp3.internal.http.RealInterceptorChain.proceed(RealInterceptorChain.java:142)
08-04 02:26:05.383 11040 30397 E baseline.com.newsblur.network.APIResponse: 	at okhttp3.internal.connection.ConnectInterceptor.intercept(ConnectInterceptor.java:43)
08-04 02:26:05.383 11040 30397 E baseline.com.newsblur.network.APIResponse: 	at okhttp3.internal.http.RealInterceptorChain.proceed(RealInterceptorChain.java:142)
08-04 02:26:05.383 11040 30397 E baseline.com.newsblur.network.APIResponse: 	at okhttp3.internal.http.RealInterceptorChain.proceed(RealInterceptorChain.java:117)
08-04 02:26:05.383 11040 30397 E baseline.com.newsblur.network.APIResponse: 	at okhttp3.internal.cache.CacheInterceptor.intercept(CacheInterceptor.java:94)
08-04 02:26:05.383 11040 30397 E baseline.com.newsblur.network.APIResponse: 	at okhttp3.internal.http.RealInterceptorChain.proceed(RealInterceptorChain.java:142)
08-04 02:26:05.383 11040 30397 E baseline.com.newsblur.network.APIResponse: 	at okhttp3.internal.http.RealInterceptorChain.proceed(RealInterceptorChain.java:117)
08-04 02:26:05.383 11040 30397 E baseline.com.newsblur.network.APIResponse: 	at okhttp3.internal.http.BridgeInterceptor.intercept(BridgeInterceptor.java:93)
08-04 02:26:05.383 11040 30397 E baseline.com.newsblur.network.APIResponse: 	at okhttp3.internal.http.RealInterceptorChain.proceed(RealInterceptorChain.java:142)
08-04 02:26:05.383 11040 30397 E baseline.com.newsblur.network.APIResponse: 	at okhttp3.internal.http.RetryAndFollowUpInterceptor.intercept(RetryAndFollowUpInterceptor.java:88)
08-04 02:26:05.383 11040 30397 E baseline.com.newsblur.network.APIResponse: 	at okhttp3.internal.http.RealInterceptorChain.proceed(RealInterceptorChain.java:142)
08-04 02:26:05.383 11040 30397 E baseline.com.newsblur.network.APIResponse: 	at okhttp3.internal.http.RealInterceptorChain.proceed(RealInterceptorChain.java:117)
08-04 02:26:05.383 11040 30397 E baseline.com.newsblur.network.APIResponse: 	at okhttp3.RealCall.getResponseWithInterceptorChain(RealCall.java:229)
08-04 02:26:05.383 11040 30397 E baseline.com.newsblur.network.APIResponse: 	at okhttp3.RealCall.execute(RealCall.java:81)
08-04 02:26:05.383 11040 30397 E baseline.com.newsblur.network.APIResponse: 	at baseline.com.newsblur.network.APIResponse.<init>(APIResponse.java:57)
08-04 02:26:05.383 11040 30397 E baseline.com.newsblur.network.APIResponse: 	at baseline.com.newsblur.network.APIResponse.<init>(APIResponse.java:43)
08-04 02:26:05.383 11040 30397 E baseline.com.newsblur.network.APIResponse: 	at baseline.com.newsblur.network.APIManager.post_single(APIManager.java:702)
08-04 02:26:05.383 11040 30397 E baseline.com.newsblur.network.APIResponse: 	at baseline.com.newsblur.network.APIManager.post(APIManager.java:675)
08-04 02:26:05.383 11040 30397 E baseline.com.newsblur.network.APIResponse: 	at baseline.com.newsblur.network.APIManager.post(APIManager.java:714)
08-04 02:26:05.383 11040 30397 E baseline.com.newsblur.network.APIResponse: 	at baseline.com.newsblur.network.APIManager.markStoryAsRead(APIManager.java:205)
08-04 02:26:05.383 11040 30397 E baseline.com.newsblur.network.APIResponse: 	at baseline.com.newsblur.util.ReadingAction.doRemote(ReadingAction.java:281)
08-04 02:26:05.383 11040 30397 E baseline.com.newsblur.network.APIResponse: 	at baseline.com.newsblur.service.NBSyncService.syncActions(NBSyncService.java:400)
08-04 02:26:05.383 11040 30397 E baseline.com.newsblur.network.APIResponse: 	at baseline.com.newsblur.service.NBSyncService.doSync(NBSyncService.java:298)
08-04 02:26:05.383 11040 30397 E baseline.com.newsblur.network.APIResponse: 	at baseline.com.newsblur.service.NBSyncService.access$100(NBSyncService.java:67)
08-04 02:26:05.383 11040 30397 E baseline.com.newsblur.network.APIResponse: 	at baseline.com.newsblur.service.NBSyncService$1.run(NBSyncService.java:188)
08-04 02:26:05.383 11040 30397 E baseline.com.newsblur.network.APIResponse: 	at java.util.concurrent.ThreadPoolExecutor.runWorker(ThreadPoolExecutor.java:1113)
08-04 02:26:05.383 11040 30397 E baseline.com.newsblur.network.APIResponse: 	at java.util.concurrent.ThreadPoolExecutor$Worker.run(ThreadPoolExecutor.java:588)
08-04 02:26:05.383 11040 30397 E baseline.com.newsblur.network.APIResponse: 	at java.lang.Thread.run(Thread.java:818)
08-04 02:26:05.383 11040 30397 E baseline.com.newsblur.network.APIResponse: Caused by: java.io.EOFException: \n not found: limit=0 content=
08-04 02:26:05.383 11040 30397 E baseline.com.newsblur.network.APIResponse: 	at okio.RealBufferedSource.readUtf8LineStrict(RealBufferedSource.java:240)
08-04 02:26:05.383 11040 30397 E baseline.com.newsblur.network.APIResponse: 	at okhttp3.internal.http1.Http1ExchangeCodec.readHeaderLine(Http1ExchangeCodec.java:242)
08-04 02:26:05.383 11040 30397 E baseline.com.newsblur.network.APIResponse: 	at okhttp3.internal.http1.Http1ExchangeCodec.readResponseHeaders(Http1ExchangeCodec.java:213)
08-04 02:26:05.383 11040 30397 E baseline.com.newsblur.network.APIResponse: 	... 30 more
08-04 02:26:05.385 11040 30397 I baseline.com.newsblur.service.NBSyncService: Holding reading action with server-side or network error.
08-04 02:26:05.400 11040 30397 W baseline.com.newsblur.service.NBSyncService: hard API failure
08-04 02:26:05.410 11040 30397 I baseline.com.newsblur.service.NBSyncService: recounting dirty feed sets: 1
08-04 02:26:05.557 11040 11052 I art     : Starting a blocking GC Explicit
08-04 02:26:05.594 11040 11052 I art     : Explicit concurrent mark sweep GC freed 4768(427KB) AllocSpace objects, 5(100KB) LOS objects, 29% free, 37MB/53MB, paused 1.083ms total 37.266ms
08-04 02:26:05.607 11040 11052 I art     : Starting a blocking GC Explicit
08-04 02:26:05.642 11040 11052 I art     : Explicit concurrent mark sweep GC freed 282(10KB) AllocSpace objects, 0(0B) LOS objects, 29% free, 37MB/53MB, paused 1.062ms total 35.102ms
08-04 02:26:05.652 11040 11052 I art     : Starting a blocking GC Explicit
08-04 02:26:05.688 11040 11052 I art     : Explicit concurrent mark sweep GC freed 3(96B) AllocSpace objects, 0(0B) LOS objects, 29% free, 37MB/53MB, paused 1.095ms total 35.928ms
08-04 02:26:05.698 11040 11052 I art     : Starting a blocking GC Explicit
08-04 02:26:05.735 11040 11052 I art     : Explicit concurrent mark sweep GC freed 3(96B) AllocSpace objects, 0(0B) LOS objects, 29% free, 37MB/53MB, paused 1.065ms total 36.648ms
08-04 02:26:05.745 11040 11052 I art     : Starting a blocking GC Explicit
08-04 02:26:05.782 11040 11052 I art     : Explicit concurrent mark sweep GC freed 3(96B) AllocSpace objects, 0(0B) LOS objects, 29% free, 37MB/53MB, paused 1.096ms total 36.331ms
08-04 02:26:05.895 11040 30397 E baseline.com.newsblur.network.APIResponse: Error (unexpected end of stream on https://www.newsblur.com/...) calling https://www.newsblur.com/reader/feed_unread_count?feed_id=0
08-04 02:26:05.895 11040 30397 E baseline.com.newsblur.network.APIResponse: java.io.IOException: unexpected end of stream on https://www.newsblur.com/...
08-04 02:26:05.895 11040 30397 E baseline.com.newsblur.network.APIResponse: 	at okhttp3.internal.http1.Http1ExchangeCodec.readResponseHeaders(Http1ExchangeCodec.java:236)
08-04 02:26:05.895 11040 30397 E baseline.com.newsblur.network.APIResponse: 	at okhttp3.internal.connection.Exchange.readResponseHeaders(Exchange.java:115)
08-04 02:26:05.895 11040 30397 E baseline.com.newsblur.network.APIResponse: 	at okhttp3.internal.http.CallServerInterceptor.intercept(CallServerInterceptor.java:94)
08-04 02:26:05.895 11040 30397 E baseline.com.newsblur.network.APIResponse: 	at okhttp3.internal.http.RealInterceptorChain.proceed(RealInterceptorChain.java:142)
08-04 02:26:05.895 11040 30397 E baseline.com.newsblur.network.APIResponse: 	at okhttp3.internal.connection.ConnectInterceptor.intercept(ConnectInterceptor.java:43)
08-04 02:26:05.895 11040 30397 E baseline.com.newsblur.network.APIResponse: 	at okhttp3.internal.http.RealInterceptorChain.proceed(RealInterceptorChain.java:142)
08-04 02:26:05.895 11040 30397 E baseline.com.newsblur.network.APIResponse: 	at okhttp3.internal.http.RealInterceptorChain.proceed(RealInterceptorChain.java:117)
08-04 02:26:05.895 11040 30397 E baseline.com.newsblur.network.APIResponse: 	at okhttp3.internal.cache.CacheInterceptor.intercept(CacheInterceptor.java:94)
08-04 02:26:05.895 11040 30397 E baseline.com.newsblur.network.APIResponse: 	at okhttp3.internal.http.RealInterceptorChain.proceed(RealInterceptorChain.java:142)
08-04 02:26:05.895 11040 30397 E baseline.com.newsblur.network.APIResponse: 	at okhttp3.internal.http.RealInterceptorChain.proceed(RealInterceptorChain.java:117)
08-04 02:26:05.895 11040 30397 E baseline.com.newsblur.network.APIResponse: 	at okhttp3.internal.http.BridgeInterceptor.intercept(BridgeInterceptor.java:93)
08-04 02:26:05.895 11040 30397 E baseline.com.newsblur.network.APIResponse: 	at okhttp3.internal.http.RealInterceptorChain.proceed(RealInterceptorChain.java:142)
08-04 02:26:05.895 11040 30397 E baseline.com.newsblur.network.APIResponse: 	at okhttp3.internal.http.RetryAndFollowUpInterceptor.intercept(RetryAndFollowUpInterceptor.java:88)
08-04 02:26:05.895 11040 30397 E baseline.com.newsblur.network.APIResponse: 	at okhttp3.internal.http.RealInterceptorChain.proceed(RealInterceptorChain.java:142)
08-04 02:26:05.895 11040 30397 E baseline.com.newsblur.network.APIResponse: 	at okhttp3.internal.http.RealInterceptorChain.proceed(RealInterceptorChain.java:117)
08-04 02:26:05.895 11040 30397 E baseline.com.newsblur.network.APIResponse: 	at okhttp3.RealCall.getResponseWithInterceptorChain(RealCall.java:229)
08-04 02:26:05.895 11040 30397 E baseline.com.newsblur.network.APIResponse: 	at okhttp3.RealCall.execute(RealCall.java:81)
08-04 02:26:05.895 11040 30397 E baseline.com.newsblur.network.APIResponse: 	at baseline.com.newsblur.network.APIResponse.<init>(APIResponse.java:57)
08-04 02:26:05.895 11040 30397 E baseline.com.newsblur.network.APIResponse: 	at baseline.com.newsblur.network.APIManager.get_single(APIManager.java:639)
08-04 02:26:05.895 11040 30397 E baseline.com.newsblur.network.APIResponse: 	at baseline.com.newsblur.network.APIManager.get(APIManager.java:625)
08-04 02:26:05.895 11040 30397 E baseline.com.newsblur.network.APIResponse: 	at baseline.com.newsblur.network.APIManager.get(APIManager.java:667)
08-04 02:26:05.895 11040 30397 E baseline.com.newsblur.network.APIResponse: 	at baseline.com.newsblur.network.APIManager.getFeedUnreadCounts(APIManager.java:274)
08-04 02:26:05.895 11040 30397 E baseline.com.newsblur.network.APIResponse: 	at baseline.com.newsblur.service.NBSyncService.checkRecounts(NBSyncService.java:660)
08-04 02:26:05.895 11040 30397 E baseline.com.newsblur.network.APIResponse: 	at baseline.com.newsblur.service.NBSyncService.doSync(NBSyncService.java:310)
08-04 02:26:05.895 11040 30397 E baseline.com.newsblur.network.APIResponse: 	at baseline.com.newsblur.service.NBSyncService.access$100(NBSyncService.java:67)
08-04 02:26:05.895 11040 30397 E baseline.com.newsblur.network.APIResponse: 	at baseline.com.newsblur.service.NBSyncService$1.run(NBSyncService.java:188)
08-04 02:26:05.895 11040 30397 E baseline.com.newsblur.network.APIResponse: 	at java.util.concurrent.ThreadPoolExecutor.runWorker(ThreadPoolExecutor.java:1113)
08-04 02:26:05.895 11040 30397 E baseline.com.newsblur.network.APIResponse: 	at java.util.concurrent.ThreadPoolExecutor$Worker.run(ThreadPoolExecutor.java:588)
08-04 02:26:05.895 11040 30397 E baseline.com.newsblur.network.APIResponse: 	at java.lang.Thread.run(Thread.java:818)
08-04 02:26:05.895 11040 30397 E baseline.com.newsblur.network.APIResponse: Caused by: java.io.EOFException: \n not found: limit=0 content=
08-04 02:26:05.895 11040 30397 E baseline.com.newsblur.network.APIResponse: 	at okio.RealBufferedSource.readUtf8LineStrict(RealBufferedSource.java:240)
08-04 02:26:05.895 11040 30397 E baseline.com.newsblur.network.APIResponse: 	at okhttp3.internal.http1.Http1ExchangeCodec.readHeaderLine(Http1ExchangeCodec.java:242)
08-04 02:26:05.895 11040 30397 E baseline.com.newsblur.network.APIResponse: 	at okhttp3.internal.http1.Http1ExchangeCodec.readResponseHeaders(Http1ExchangeCodec.java:213)
08-04 02:26:05.895 11040 30397 E baseline.com.newsblur.network.APIResponse: 	... 28 more
08-04 02:26:05.899 11040 30397 I baseline.com.newsblur.network.APIManager: API call failed, pausing before retry number 1
08-04 02:26:06.129 11040 30393 I art     : Starting a blocking GC Explicit
08-04 02:26:06.168 11040 30393 I art     : Explicit concurrent mark sweep GC freed 3927(355KB) AllocSpace objects, 3(60KB) LOS objects, 29% free, 37MB/53MB, paused 1.146ms total 38.629ms
08-04 02:26:06.178 11040 30393 I art     : Starting a blocking GC Explicit
08-04 02:26:06.215 11040 30393 I art     : Explicit concurrent mark sweep GC freed 109(3KB) AllocSpace objects, 0(0B) LOS objects, 29% free, 37MB/53MB, paused 973us total 35.922ms
08-04 02:26:06.225 11040 30393 I art     : Starting a blocking GC Explicit
08-04 02:26:06.262 11040 30393 I art     : Explicit concurrent mark sweep GC freed 3(96B) AllocSpace objects, 0(0B) LOS objects, 29% free, 37MB/53MB, paused 1.034ms total 36.727ms
08-04 02:26:06.272 11040 30393 I art     : Starting a blocking GC Explicit
08-04 02:26:06.309 11040 30393 I art     : Explicit concurrent mark sweep GC freed 3(96B) AllocSpace objects, 0(0B) LOS objects, 29% free, 37MB/53MB, paused 1.080ms total 36.864ms
08-04 02:26:06.320 11040 30393 I art     : Starting a blocking GC Explicit
08-04 02:26:06.350 28500 28500 I ServiceManager: Waiting for service AtCmdFwd...
08-04 02:26:06.357 11040 30393 I art     : Explicit concurrent mark sweep GC freed 3(96B) AllocSpace objects, 0(0B) LOS objects, 29% free, 37MB/53MB, paused 988us total 36.715ms
08-04 02:26:06.683 11040 11053 I art     : Starting a blocking GC Explicit
08-04 02:26:06.720 11040 11053 I art     : Explicit concurrent mark sweep GC freed 1437(82KB) AllocSpace objects, 1(20KB) LOS objects, 29% free, 37MB/53MB, paused 1.024ms total 36.589ms
08-04 02:26:06.730 11040 11053 I art     : Starting a blocking GC Explicit
08-04 02:26:06.767 11040 11053 I art     : Explicit concurrent mark sweep GC freed 22(784B) AllocSpace objects, 0(0B) LOS objects, 29% free, 37MB/53MB, paused 1.021ms total 35.917ms
08-04 02:26:06.767 11040 11050 I art     : WaitForGcToComplete blocked for 34.316ms for cause HeapTrim
08-04 02:26:06.777 11040 11053 I art     : Starting a blocking GC Explicit
08-04 02:26:06.813 11040 11053 I art     : Explicit concurrent mark sweep GC freed 3(96B) AllocSpace objects, 0(0B) LOS objects, 29% free, 37MB/53MB, paused 1.059ms total 35.816ms
08-04 02:26:06.823 11040 11053 I art     : Starting a blocking GC Explicit
08-04 02:26:06.859 11040 11053 I art     : Explicit concurrent mark sweep GC freed 3(96B) AllocSpace objects, 0(0B) LOS objects, 29% free, 37MB/53MB, paused 1.038ms total 35.536ms
08-04 02:26:06.869 11040 11053 I art     : Starting a blocking GC Explicit
08-04 02:26:06.906 11040 11053 I art     : Explicit concurrent mark sweep GC freed 3(96B) AllocSpace objects, 0(0B) LOS objects, 29% free, 37MB/53MB, paused 1.026ms total 36.678ms
08-04 02:26:07.243 11040 29418 I art     : Starting a blocking GC Explicit
08-04 02:26:07.282 11040 29418 I art     : Explicit concurrent mark sweep GC freed 1438(82KB) AllocSpace objects, 1(20KB) LOS objects, 29% free, 37MB/53MB, paused 1.026ms total 38.364ms
08-04 02:26:07.293 11040 29418 I art     : Starting a blocking GC Explicit
08-04 02:26:07.329 11040 29418 I art     : Explicit concurrent mark sweep GC freed 22(784B) AllocSpace objects, 0(0B) LOS objects, 29% free, 37MB/53MB, paused 1.043ms total 36.148ms
08-04 02:26:07.339 11040 29418 I art     : Starting a blocking GC Explicit
08-04 02:26:07.351 28500 28500 I ServiceManager: Waiting for service AtCmdFwd...
08-04 02:26:07.375 11040 29418 I art     : Explicit concurrent mark sweep GC freed 3(96B) AllocSpace objects, 0(0B) LOS objects, 29% free, 37MB/53MB, paused 1.030ms total 35.713ms
08-04 02:26:07.386 11040 29418 I art     : Starting a blocking GC Explicit
08-04 02:26:07.422 11040 29418 I art     : Explicit concurrent mark sweep GC freed 96(3KB) AllocSpace objects, 0(0B) LOS objects, 29% free, 37MB/53MB, paused 1.108ms total 36.544ms
08-04 02:26:07.433 11040 29418 I art     : Starting a blocking GC Explicit
08-04 02:26:07.470 11040 29418 I art     : Explicit concurrent mark sweep GC freed 9(352B) AllocSpace objects, 0(0B) LOS objects, 29% free, 37MB/53MB, paused 1.062ms total 36.899ms
08-04 02:26:07.807 11040 11052 I art     : Starting a blocking GC Explicit
08-04 02:26:07.848 11040 11052 I art     : Explicit concurrent mark sweep GC freed 1511(88KB) AllocSpace objects, 1(20KB) LOS objects, 29% free, 37MB/53MB, paused 1.135ms total 41.418ms
08-04 02:26:07.859 11040 11052 I art     : Starting a blocking GC Explicit
08-04 02:26:07.893 11040 11052 I art     : Explicit concurrent mark sweep GC freed 619(25KB) AllocSpace objects, 0(0B) LOS objects, 29% free, 37MB/53MB, paused 1.185ms total 33.756ms
08-04 02:26:07.903 11040 11052 I art     : Starting a blocking GC Explicit
08-04 02:26:07.938 11040 11052 I art     : Explicit concurrent mark sweep GC freed 1111(41KB) AllocSpace objects, 0(0B) LOS objects, 29% free, 37MB/53MB, paused 1.054ms total 35.404ms
08-04 02:26:07.944 11040 30397 E baseline.com.newsblur.network.APIResponse: Error (unexpected end of stream on https://www.newsblur.com/...) calling https://www.newsblur.com/reader/feed_unread_count?feed_id=0
08-04 02:26:07.944 11040 30397 E baseline.com.newsblur.network.APIResponse: java.io.IOException: unexpected end of stream on https://www.newsblur.com/...
08-04 02:26:07.944 11040 30397 E baseline.com.newsblur.network.APIResponse: 	at okhttp3.internal.http1.Http1ExchangeCodec.readResponseHeaders(Http1ExchangeCodec.java:236)
08-04 02:26:07.944 11040 30397 E baseline.com.newsblur.network.APIResponse: 	at okhttp3.internal.connection.Exchange.readResponseHeaders(Exchange.java:115)
08-04 02:26:07.944 11040 30397 E baseline.com.newsblur.network.APIResponse: 	at okhttp3.internal.http.CallServerInterceptor.intercept(CallServerInterceptor.java:94)
08-04 02:26:07.944 11040 30397 E baseline.com.newsblur.network.APIResponse: 	at okhttp3.internal.http.RealInterceptorChain.proceed(RealInterceptorChain.java:142)
08-04 02:26:07.944 11040 30397 E baseline.com.newsblur.network.APIResponse: 	at okhttp3.internal.connection.ConnectInterceptor.intercept(ConnectInterceptor.java:43)
08-04 02:26:07.944 11040 30397 E baseline.com.newsblur.network.APIResponse: 	at okhttp3.internal.http.RealInterceptorChain.proceed(RealInterceptorChain.java:142)
08-04 02:26:07.944 11040 30397 E baseline.com.newsblur.network.APIResponse: 	at okhttp3.internal.http.RealInterceptorChain.proceed(RealInterceptorChain.java:117)
08-04 02:26:07.944 11040 30397 E baseline.com.newsblur.network.APIResponse: 	at okhttp3.internal.cache.CacheInterceptor.intercept(CacheInterceptor.java:94)
08-04 02:26:07.944 11040 30397 E baseline.com.newsblur.network.APIResponse: 	at okhttp3.internal.http.RealInterceptorChain.proceed(RealInterceptorChain.java:142)
08-04 02:26:07.944 11040 30397 E baseline.com.newsblur.network.APIResponse: 	at okhttp3.internal.http.RealInterceptorChain.proceed(RealInterceptorChain.java:117)
08-04 02:26:07.944 11040 30397 E baseline.com.newsblur.network.APIResponse: 	at okhttp3.internal.http.BridgeInterceptor.intercept(BridgeInterceptor.java:93)
08-04 02:26:07.944 11040 30397 E baseline.com.newsblur.network.APIResponse: 	at okhttp3.internal.http.RealInterceptorChain.proceed(RealInterceptorChain.java:142)
08-04 02:26:07.944 11040 30397 E baseline.com.newsblur.network.APIResponse: 	at okhttp3.internal.http.RetryAndFollowUpInterceptor.intercept(RetryAndFollowUpInterceptor.java:88)
08-04 02:26:07.944 11040 30397 E baseline.com.newsblur.network.APIResponse: 	at okhttp3.internal.http.RealInterceptorChain.proceed(RealInterceptorChain.java:142)
08-04 02:26:07.944 11040 30397 E baseline.com.newsblur.network.APIResponse: 	at okhttp3.internal.http.RealInterceptorChain.proceed(RealInterceptorChain.java:117)
08-04 02:26:07.944 11040 30397 E baseline.com.newsblur.network.APIResponse: 	at okhttp3.RealCall.getResponseWithInterceptorChain(RealCall.java:229)
08-04 02:26:07.944 11040 30397 E baseline.com.newsblur.network.APIResponse: 	at okhttp3.RealCall.execute(RealCall.java:81)
08-04 02:26:07.944 11040 30397 E baseline.com.newsblur.network.APIResponse: 	at baseline.com.newsblur.network.APIResponse.<init>(APIResponse.java:57)
08-04 02:26:07.944 11040 30397 E baseline.com.newsblur.network.APIResponse: 	at baseline.com.newsblur.network.APIManager.get_single(APIManager.java:639)
08-04 02:26:07.944 11040 30397 E baseline.com.newsblur.network.APIResponse: 	at baseline.com.newsblur.network.APIManager.get(APIManager.java:625)
08-04 02:26:07.944 11040 30397 E baseline.com.newsblur.network.APIResponse: 	at baseline.com.newsblur.network.APIManager.get(APIManager.java:667)
08-04 02:26:07.944 11040 30397 E baseline.com.newsblur.network.APIResponse: 	at baseline.com.newsblur.network.APIManager.getFeedUnreadCounts(APIManager.java:274)
08-04 02:26:07.944 11040 30397 E baseline.com.newsblur.network.APIResponse: 	at baseline.com.newsblur.service.NBSyncService.checkRecounts(NBSyncService.java:660)
08-04 02:26:07.944 11040 30397 E baseline.com.newsblur.network.APIResponse: 	at baseline.com.newsblur.service.NBSyncService.doSync(NBSyncService.java:310)
08-04 02:26:07.944 11040 30397 E baseline.com.newsblur.network.APIResponse: 	at baseline.com.newsblur.service.NBSyncService.access$100(NBSyncService.java:67)
08-04 02:26:07.944 11040 30397 E baseline.com.newsblur.network.APIResponse: 	at baseline.com.newsblur.service.NBSyncService$1.run(NBSyncService.java:188)
08-04 02:26:07.944 11040 30397 E baseline.com.newsblur.network.APIResponse: 	at java.util.concurrent.ThreadPoolExecutor.runWorker(ThreadPoolExecutor.java:1113)
08-04 02:26:07.944 11040 30397 E baseline.com.newsblur.network.APIResponse: 	at java.util.concurrent.ThreadPoolExecutor$Worker.run(ThreadPoolExecutor.java:588)
08-04 02:26:07.944 11040 30397 E baseline.com.newsblur.network.APIResponse: 	at java.lang.Thread.run(Thread.java:818)
08-04 02:26:07.944 11040 30397 E baseline.com.newsblur.network.APIResponse: Caused by: java.io.EOFException: \n not found: limit=0 content=
08-04 02:26:07.944 11040 30397 E baseline.com.newsblur.network.APIResponse: 	at okio.RealBufferedSource.readUtf8LineStrict(RealBufferedSource.java:240)
08-04 02:26:07.944 11040 30397 E baseline.com.newsblur.network.APIResponse: 	at okhttp3.internal.http1.Http1ExchangeCodec.readHeaderLine(Http1ExchangeCodec.java:242)
08-04 02:26:07.944 11040 30397 E baseline.com.newsblur.network.APIResponse: 	at okhttp3.internal.http1.Http1ExchangeCodec.readResponseHeaders(Http1ExchangeCodec.java:213)
08-04 02:26:07.944 11040 30397 E baseline.com.newsblur.network.APIResponse: 	... 28 more
08-04 02:26:07.947 11040 30397 I baseline.com.newsblur.network.APIManager: API call failed, pausing before retry number 2
08-04 02:26:07.949 11040 11052 I art     : Starting a blocking GC Explicit
08-04 02:26:07.985 11040 11052 I art     : Explicit concurrent mark sweep GC freed 823(187KB) AllocSpace objects, 2(40KB) LOS objects, 29% free, 37MB/53MB, paused 1.193ms total 35.913ms
08-04 02:26:07.995 11040 11052 I art     : Starting a blocking GC Explicit
08-04 02:26:08.031 11040 11052 I art     : Explicit concurrent mark sweep GC freed 51(21KB) AllocSpace objects, 0(0B) LOS objects, 29% free, 37MB/53MB, paused 987us total 35.737ms
08-04 02:26:08.352 28500 28500 I ServiceManager: Waiting for service AtCmdFwd...
08-04 02:26:08.391 11040 30393 I art     : Starting a blocking GC Explicit
08-04 02:26:08.427 11040 30393 I art     : Explicit concurrent mark sweep GC freed 1440(82KB) AllocSpace objects, 1(20KB) LOS objects, 29% free, 37MB/53MB, paused 1.068ms total 36.438ms
08-04 02:26:08.441 11040 30393 I art     : Starting a blocking GC Explicit
08-04 02:26:08.476 11040 30393 I art     : Explicit concurrent mark sweep GC freed 22(784B) AllocSpace objects, 0(0B) LOS objects, 29% free, 37MB/53MB, paused 1.039ms total 35.049ms
08-04 02:26:08.486 11040 30393 I art     : Starting a blocking GC Explicit
08-04 02:26:08.522 11040 30393 I art     : Explicit concurrent mark sweep GC freed 3(96B) AllocSpace objects, 0(0B) LOS objects, 29% free, 37MB/53MB, paused 1.018ms total 35.930ms
08-04 02:26:08.532 11040 30393 I art     : Starting a blocking GC Explicit
08-04 02:26:08.568 11040 30393 I art     : Explicit concurrent mark sweep GC freed 3(96B) AllocSpace objects, 0(0B) LOS objects, 29% free, 37MB/53MB, paused 1.138ms total 35.810ms
08-04 02:26:08.578 11040 30393 I art     : Starting a blocking GC Explicit
08-04 02:26:08.614 11040 30393 I art     : Explicit concurrent mark sweep GC freed 3(96B) AllocSpace objects, 0(0B) LOS objects, 29% free, 37MB/53MB, paused 1.012ms total 35.596ms
08-04 02:26:08.948 11040 11053 I art     : Starting a blocking GC Explicit
08-04 02:26:08.986 11040 11053 I art     : Explicit concurrent mark sweep GC freed 1461(83KB) AllocSpace objects, 1(20KB) LOS objects, 29% free, 37MB/53MB, paused 975us total 38.248ms
08-04 02:26:08.997 11040 11053 I art     : Starting a blocking GC Explicit
08-04 02:26:09.033 11040 11053 I art     : Explicit concurrent mark sweep GC freed 22(784B) AllocSpace objects, 0(0B) LOS objects, 29% free, 37MB/53MB, paused 992us total 36.390ms
08-04 02:26:09.043 11040 11053 I art     : Starting a blocking GC Explicit
08-04 02:26:09.080 11040 11053 I art     : Explicit concurrent mark sweep GC freed 3(96B) AllocSpace objects, 0(0B) LOS objects, 29% free, 37MB/53MB, paused 994us total 36.490ms
08-04 02:26:09.090 11040 11053 I art     : Starting a blocking GC Explicit
08-04 02:26:09.127 11040 11053 I art     : Explicit concurrent mark sweep GC freed 3(96B) AllocSpace objects, 0(0B) LOS objects, 29% free, 37MB/53MB, paused 1.117ms total 36.554ms
08-04 02:26:09.138 11040 11053 I art     : Starting a blocking GC Explicit
08-04 02:26:09.174 11040 11053 I art     : Explicit concurrent mark sweep GC freed 621(33KB) AllocSpace objects, 0(0B) LOS objects, 29% free, 37MB/53MB, paused 1.005ms total 35.881ms
08-04 02:26:09.352 28500 28500 I ServiceManager: Waiting for service AtCmdFwd...
08-04 02:26:09.508 11040 29418 I art     : Starting a blocking GC Explicit
08-04 02:26:09.544 11040 29418 I art     : Explicit concurrent mark sweep GC freed 2357(124KB) AllocSpace objects, 1(20KB) LOS objects, 29% free, 37MB/53MB, paused 934us total 36.237ms
08-04 02:26:09.554 11040 29418 I art     : Starting a blocking GC Explicit
08-04 02:26:09.589 11040 29418 I art     : Explicit concurrent mark sweep GC freed 1098(83KB) AllocSpace objects, 0(0B) LOS objects, 29% free, 37MB/53MB, paused 1.009ms total 34.159ms
08-04 02:26:09.598 11040 29418 I art     : Starting a blocking GC Explicit
08-04 02:26:09.634 11040 29418 I art     : Explicit concurrent mark sweep GC freed 3(96B) AllocSpace objects, 0(0B) LOS objects, 29% free, 37MB/53MB, paused 989us total 35.296ms
08-04 02:26:09.644 11040 29418 I art     : Starting a blocking GC Explicit
08-04 02:26:09.680 11040 29418 I art     : Explicit concurrent mark sweep GC freed 3(96B) AllocSpace objects, 0(0B) LOS objects, 29% free, 37MB/53MB, paused 1.009ms total 36.059ms
08-04 02:26:09.691 11040 29418 I art     : Starting a blocking GC Explicit
08-04 02:26:09.726 11040 29418 I art     : Explicit concurrent mark sweep GC freed 3(96B) AllocSpace objects, 0(0B) LOS objects, 29% free, 37MB/53MB, paused 988us total 35.309ms
08-04 02:26:10.070 11040 11052 I art     : Starting a blocking GC Explicit
08-04 02:26:10.108 11040 11052 I art     : Explicit concurrent mark sweep GC freed 1437(82KB) AllocSpace objects, 1(20KB) LOS objects, 29% free, 37MB/53MB, paused 1.201ms total 38.171ms
08-04 02:26:10.121 11040 11052 I art     : Starting a blocking GC Explicit
08-04 02:26:10.157 11040 11052 I art     : Explicit concurrent mark sweep GC freed 22(784B) AllocSpace objects, 0(0B) LOS objects, 29% free, 37MB/53MB, paused 945us total 35.391ms
08-04 02:26:10.167 11040 11052 I art     : Starting a blocking GC Explicit
08-04 02:26:10.202 11040 11052 I art     : Explicit concurrent mark sweep GC freed 3(96B) AllocSpace objects, 0(0B) LOS objects, 29% free, 37MB/53MB, paused 940us total 35.082ms
08-04 02:26:10.212 11040 11052 I art     : Starting a blocking GC Explicit
08-04 02:26:10.248 11040 11052 I art     : Explicit concurrent mark sweep GC freed 3(96B) AllocSpace objects, 0(0B) LOS objects, 29% free, 37MB/53MB, paused 1.016ms total 35.778ms
08-04 02:26:10.259 11040 11052 I art     : Starting a blocking GC Explicit
08-04 02:26:10.295 11040 11052 I art     : Explicit concurrent mark sweep GC freed 3(96B) AllocSpace objects, 0(0B) LOS objects, 29% free, 37MB/53MB, paused 975us total 36.629ms
08-04 02:26:10.353 28500 28500 I ServiceManager: Waiting for service AtCmdFwd...
08-04 02:26:10.660 11040 30393 I art     : Starting a blocking GC Explicit
08-04 02:26:10.696 11040 30393 I art     : Explicit concurrent mark sweep GC freed 1437(82KB) AllocSpace objects, 1(20KB) LOS objects, 29% free, 37MB/53MB, paused 890us total 35.622ms
08-04 02:26:10.706 11040 30393 I art     : Starting a blocking GC Explicit
08-04 02:26:10.740 11040 30393 I art     : Explicit concurrent mark sweep GC freed 22(784B) AllocSpace objects, 0(0B) LOS objects, 29% free, 37MB/53MB, paused 964us total 34.166ms
08-04 02:26:10.750 11040 30393 I art     : Starting a blocking GC Explicit
08-04 02:26:10.756   518   646 I ThermalEngine: ACTION: GPU - Setting GPU[0] to 600000000
08-04 02:26:10.784 11040 30393 I art     : Explicit concurrent mark sweep GC freed 3(96B) AllocSpace objects, 0(0B) LOS objects, 29% free, 37MB/53MB, paused 976us total 33.892ms
08-04 02:26:10.794 11040 30393 I art     : Starting a blocking GC Explicit
08-04 02:26:10.824 11040 30393 I art     : Explicit concurrent mark sweep GC freed 3(96B) AllocSpace objects, 0(0B) LOS objects, 29% free, 37MB/53MB, paused 739us total 29.741ms
08-04 02:26:10.832 11040 30393 I art     : Starting a blocking GC Explicit
08-04 02:26:10.861 11040 30393 I art     : Explicit concurrent mark sweep GC freed 3(96B) AllocSpace objects, 0(0B) LOS objects, 29% free, 37MB/53MB, paused 733us total 28.149ms
08-04 02:26:11.183 11040 11053 I art     : Starting a blocking GC Explicit
08-04 02:26:11.212 11040 11053 I art     : Explicit concurrent mark sweep GC freed 1604(91KB) AllocSpace objects, 1(20KB) LOS objects, 29% free, 37MB/53MB, paused 702us total 28.619ms
08-04 02:26:11.220 11040 11053 I art     : Starting a blocking GC Explicit
08-04 02:26:11.248 11040 11053 I art     : Explicit concurrent mark sweep GC freed 28(1040B) AllocSpace objects, 0(0B) LOS objects, 29% free, 37MB/53MB, paused 738us total 28.576ms
08-04 02:26:11.256 11040 11053 I art     : Starting a blocking GC Explicit
08-04 02:26:11.285 11040 11053 I art     : Explicit concurrent mark sweep GC freed 3(96B) AllocSpace objects, 0(0B) LOS objects, 29% free, 37MB/53MB, paused 768us total 28.096ms
08-04 02:26:11.292 11040 11053 I art     : Starting a blocking GC Explicit
08-04 02:26:11.320 11040 11053 I art     : Explicit concurrent mark sweep GC freed 3(96B) AllocSpace objects, 0(0B) LOS objects, 29% free, 37MB/53MB, paused 715us total 27.337ms
08-04 02:26:11.328 11040 11053 I art     : Starting a blocking GC Explicit
08-04 02:26:11.353 28500 28500 W Atfwd_Sendcmd: AtCmdFwd service not published, waiting... retryCnt : 4
08-04 02:26:11.356 11040 11053 I art     : Explicit concurrent mark sweep GC freed 3(96B) AllocSpace objects, 0(0B) LOS objects, 29% free, 37MB/53MB, paused 783us total 28.336ms
08-04 02:26:11.530 11040 30397 E baseline.com.newsblur.network.APIResponse: Error (unexpected end of stream on https://www.newsblur.com/...) calling https://www.newsblur.com/reader/feed_unread_count?feed_id=0
08-04 02:26:11.530 11040 30397 E baseline.com.newsblur.network.APIResponse: java.io.IOException: unexpected end of stream on https://www.newsblur.com/...
08-04 02:26:11.530 11040 30397 E baseline.com.newsblur.network.APIResponse: 	at okhttp3.internal.http1.Http1ExchangeCodec.readResponseHeaders(Http1ExchangeCodec.java:236)
08-04 02:26:11.530 11040 30397 E baseline.com.newsblur.network.APIResponse: 	at okhttp3.internal.connection.Exchange.readResponseHeaders(Exchange.java:115)
08-04 02:26:11.530 11040 30397 E baseline.com.newsblur.network.APIResponse: 	at okhttp3.internal.http.CallServerInterceptor.intercept(CallServerInterceptor.java:94)
08-04 02:26:11.530 11040 30397 E baseline.com.newsblur.network.APIResponse: 	at okhttp3.internal.http.RealInterceptorChain.proceed(RealInterceptorChain.java:142)
08-04 02:26:11.530 11040 30397 E baseline.com.newsblur.network.APIResponse: 	at okhttp3.internal.connection.ConnectInterceptor.intercept(ConnectInterceptor.java:43)
08-04 02:26:11.530 11040 30397 E baseline.com.newsblur.network.APIResponse: 	at okhttp3.internal.http.RealInterceptorChain.proceed(RealInterceptorChain.java:142)
08-04 02:26:11.530 11040 30397 E baseline.com.newsblur.network.APIResponse: 	at okhttp3.internal.http.RealInterceptorChain.proceed(RealInterceptorChain.java:117)
08-04 02:26:11.530 11040 30397 E baseline.com.newsblur.network.APIResponse: 	at okhttp3.internal.cache.CacheInterceptor.intercept(CacheInterceptor.java:94)
08-04 02:26:11.530 11040 30397 E baseline.com.newsblur.network.APIResponse: 	at okhttp3.internal.http.RealInterceptorChain.proceed(RealInterceptorChain.java:142)
08-04 02:26:11.530 11040 30397 E baseline.com.newsblur.network.APIResponse: 	at okhttp3.internal.http.RealInterceptorChain.proceed(RealInterceptorChain.java:117)
08-04 02:26:11.530 11040 30397 E baseline.com.newsblur.network.APIResponse: 	at okhttp3.internal.http.BridgeInterceptor.intercept(BridgeInterceptor.java:93)
08-04 02:26:11.530 11040 30397 E baseline.com.newsblur.network.APIResponse: 	at okhttp3.internal.http.RealInterceptorChain.proceed(RealInterceptorChain.java:142)
08-04 02:26:11.530 11040 30397 E baseline.com.newsblur.network.APIResponse: 	at okhttp3.internal.http.RetryAndFollowUpInterceptor.intercept(RetryAndFollowUpInterceptor.java:88)
08-04 02:26:11.530 11040 30397 E baseline.com.newsblur.network.APIResponse: 	at okhttp3.internal.http.RealInterceptorChain.proceed(RealInterceptorChain.java:142)
08-04 02:26:11.530 11040 30397 E baseline.com.newsblur.network.APIResponse: 	at okhttp3.internal.http.RealInterceptorChain.proceed(RealInterceptorChain.java:117)
08-04 02:26:11.530 11040 30397 E baseline.com.newsblur.network.APIResponse: 	at okhttp3.RealCall.getResponseWithInterceptorChain(RealCall.java:229)
08-04 02:26:11.530 11040 30397 E baseline.com.newsblur.network.APIResponse: 	at okhttp3.RealCall.execute(RealCall.java:81)
08-04 02:26:11.530 11040 30397 E baseline.com.newsblur.network.APIResponse: 	at baseline.com.newsblur.network.APIResponse.<init>(APIResponse.java:57)
08-04 02:26:11.530 11040 30397 E baseline.com.newsblur.network.APIResponse: 	at baseline.com.newsblur.network.APIManager.get_single(APIManager.java:639)
08-04 02:26:11.530 11040 30397 E baseline.com.newsblur.network.APIResponse: 	at baseline.com.newsblur.network.APIManager.get(APIManager.java:625)
08-04 02:26:11.530 11040 30397 E baseline.com.newsblur.network.APIResponse: 	at baseline.com.newsblur.network.APIManager.get(APIManager.java:667)
08-04 02:26:11.530 11040 30397 E baseline.com.newsblur.network.APIResponse: 	at baseline.com.newsblur.network.APIManager.getFeedUnreadCounts(APIManager.java:274)
08-04 02:26:11.530 11040 30397 E baseline.com.newsblur.network.APIResponse: 	at baseline.com.newsblur.service.NBSyncService.checkRecounts(NBSyncService.java:660)
08-04 02:26:11.530 11040 30397 E baseline.com.newsblur.network.APIResponse: 	at baseline.com.newsblur.service.NBSyncService.doSync(NBSyncService.java:310)
08-04 02:26:11.530 11040 30397 E baseline.com.newsblur.network.APIResponse: 	at baseline.com.newsblur.service.NBSyncService.access$100(NBSyncService.java:67)
08-04 02:26:11.530 11040 30397 E baseline.com.newsblur.network.APIResponse: 	at baseline.com.newsblur.service.NBSyncService$1.run(NBSyncService.java:188)
08-04 02:26:11.530 11040 30397 E baseline.com.newsblur.network.APIResponse: 	at java.util.concurrent.ThreadPoolExecutor.runWorker(ThreadPoolExecutor.java:1113)
08-04 02:26:11.530 11040 30397 E baseline.com.newsblur.network.APIResponse: 	at java.util.concurrent.ThreadPoolExecutor$Worker.run(ThreadPoolExecutor.java:588)
08-04 02:26:11.530 11040 30397 E baseline.com.newsblur.network.APIResponse: 	at java.lang.Thread.run(Thread.java:818)
08-04 02:26:11.530 11040 30397 E baseline.com.newsblur.network.APIResponse: Caused by: java.io.EOFException: \n not found: limit=0 content=
08-04 02:26:11.530 11040 30397 E baseline.com.newsblur.network.APIResponse: 	at okio.RealBufferedSource.readUtf8LineStrict(RealBufferedSource.java:240)
08-04 02:26:11.530 11040 30397 E baseline.com.newsblur.network.APIResponse: 	at okhttp3.internal.http1.Http1ExchangeCodec.readHeaderLine(Http1ExchangeCodec.java:242)
08-04 02:26:11.530 11040 30397 E baseline.com.newsblur.network.APIResponse: 	at okhttp3.internal.http1.Http1ExchangeCodec.readResponseHeaders(Http1ExchangeCodec.java:213)
08-04 02:26:11.530 11040 30397 E baseline.com.newsblur.network.APIResponse: 	... 28 more
08-04 02:26:11.532 11040 30397 W baseline.com.newsblur.service.NBSyncService: Bad response to feed_unread_count
08-04 02:26:11.698 11040 29418 I art     : Starting a blocking GC Explicit
08-04 02:26:11.729 11040 29418 I art     : Explicit concurrent mark sweep GC freed 4447(422KB) AllocSpace objects, 6(120KB) LOS objects, 29% free, 37MB/53MB, paused 898us total 30.931ms
08-04 02:26:11.737 11040 29418 I art     : Starting a blocking GC Explicit
08-04 02:26:11.765 11040 29418 I art     : Explicit concurrent mark sweep GC freed 136(5KB) AllocSpace objects, 0(0B) LOS objects, 29% free, 37MB/53MB, paused 767us total 28.120ms
08-04 02:26:11.773 11040 29418 I art     : Starting a blocking GC Explicit
08-04 02:26:11.800 11040 29418 I art     : Explicit concurrent mark sweep GC freed 3(96B) AllocSpace objects, 0(0B) LOS objects, 29% free, 37MB/53MB, paused 838us total 26.547ms
08-04 02:26:11.807 11040 29418 I art     : Starting a blocking GC Explicit
08-04 02:26:11.834 11040 29418 I art     : Explicit concurrent mark sweep GC freed 3(96B) AllocSpace objects, 0(0B) LOS objects, 29% free, 37MB/53MB, paused 828us total 26.765ms
08-04 02:26:11.834 11040 11050 I art     : WaitForGcToComplete blocked for 21.061ms for cause HeapTrim
08-04 02:26:11.842 11040 29418 I art     : Starting a blocking GC Explicit
08-04 02:26:11.869 11040 29418 I art     : Explicit concurrent mark sweep GC freed 3(96B) AllocSpace objects, 0(0B) LOS objects, 29% free, 37MB/53MB, paused 779us total 27.341ms
08-04 02:26:11.944 11040 30397 E baseline.com.newsblur.network.APIResponse: Error (unexpected end of stream on https://www.newsblur.com/...) calling https://www.newsblur.com/reader/mark_story_hashes_as_read/
08-04 02:26:11.944 11040 30397 E baseline.com.newsblur.network.APIResponse: java.io.IOException: unexpected end of stream on https://www.newsblur.com/...
08-04 02:26:11.944 11040 30397 E baseline.com.newsblur.network.APIResponse: 	at okhttp3.internal.http1.Http1ExchangeCodec.readResponseHeaders(Http1ExchangeCodec.java:236)
08-04 02:26:11.944 11040 30397 E baseline.com.newsblur.network.APIResponse: 	at okhttp3.internal.connection.Exchange.readResponseHeaders(Exchange.java:115)
08-04 02:26:11.944 11040 30397 E baseline.com.newsblur.network.APIResponse: 	at okhttp3.internal.http.CallServerInterceptor.intercept(CallServerInterceptor.java:94)
08-04 02:26:11.944 11040 30397 E baseline.com.newsblur.network.APIResponse: 	at okhttp3.internal.http.RealInterceptorChain.proceed(RealInterceptorChain.java:142)
08-04 02:26:11.944 11040 30397 E baseline.com.newsblur.network.APIResponse: 	at okhttp3.internal.connection.ConnectInterceptor.intercept(ConnectInterceptor.java:43)
08-04 02:26:11.944 11040 30397 E baseline.com.newsblur.network.APIResponse: 	at okhttp3.internal.http.RealInterceptorChain.proceed(RealInterceptorChain.java:142)
08-04 02:26:11.944 11040 30397 E baseline.com.newsblur.network.APIResponse: 	at okhttp3.internal.http.RealInterceptorChain.proceed(RealInterceptorChain.java:117)
08-04 02:26:11.944 11040 30397 E baseline.com.newsblur.network.APIResponse: 	at okhttp3.internal.cache.CacheInterceptor.intercept(CacheInterceptor.java:94)
08-04 02:26:11.944 11040 30397 E baseline.com.newsblur.network.APIResponse: 	at okhttp3.internal.http.RealInterceptorChain.proceed(RealInterceptorChain.java:142)
08-04 02:26:11.944 11040 30397 E baseline.com.newsblur.network.APIResponse: 	at okhttp3.internal.http.RealInterceptorChain.proceed(RealInterceptorChain.java:117)
08-04 02:26:11.944 11040 30397 E baseline.com.newsblur.network.APIResponse: 	at okhttp3.internal.http.BridgeInterceptor.intercept(BridgeInterceptor.java:93)
08-04 02:26:11.944 11040 30397 E baseline.com.newsblur.network.APIResponse: 	at okhttp3.internal.http.RealInterceptorChain.proceed(RealInterceptorChain.java:142)
08-04 02:26:11.944 11040 30397 E baseline.com.newsblur.network.APIResponse: 	at okhttp3.internal.http.RetryAndFollowUpInterceptor.intercept(RetryAndFollowUpInterceptor.java:88)
08-04 02:26:11.944 11040 30397 E baseline.com.newsblur.network.APIResponse: 	at okhttp3.internal.http.RealInterceptorChain.proceed(RealInterceptorChain.java:142)
08-04 02:26:11.944 11040 30397 E baseline.com.newsblur.network.APIResponse: 	at okhttp3.internal.http.RealInterceptorChain.proceed(RealInterceptorChain.java:117)
08-04 02:26:11.944 11040 30397 E baseline.com.newsblur.network.APIResponse: 	at okhttp3.RealCall.getResponseWithInterceptorChain(RealCall.java:229)
08-04 02:26:11.944 11040 30397 E baseline.com.newsblur.network.APIResponse: 	at okhttp3.RealCall.execute(RealCall.java:81)
08-04 02:26:11.944 11040 30397 E baseline.com.newsblur.network.APIResponse: 	at baseline.com.newsblur.network.APIResponse.<init>(APIResponse.java:57)
08-04 02:26:11.944 11040 30397 E baseline.com.newsblur.network.APIResponse: 	at baseline.com.newsblur.network.APIResponse.<init>(APIResponse.java:43)
08-04 02:26:11.944 11040 30397 E baseline.com.newsblur.network.APIResponse: 	at baseline.com.newsblur.network.APIManager.post_single(APIManager.java:702)
08-04 02:26:11.944 11040 30397 E baseline.com.newsblur.network.APIResponse: 	at baseline.com.newsblur.network.APIManager.post(APIManager.java:675)
08-04 02:26:11.944 11040 30397 E baseline.com.newsblur.network.APIResponse: 	at baseline.com.newsblur.network.APIManager.post(APIManager.java:714)
08-04 02:26:11.944 11040 30397 E baseline.com.newsblur.network.APIResponse: 	at baseline.com.newsblur.network.APIManager.markStoryAsRead(APIManager.java:205)
08-04 02:26:11.944 11040 30397 E baseline.com.newsblur.network.APIResponse: 	at baseline.com.newsblur.util.ReadingAction.doRemote(ReadingAction.java:281)
08-04 02:26:11.944 11040 30397 E baseline.com.newsblur.network.APIResponse: 	at baseline.com.newsblur.service.NBSyncService.syncActions(NBSyncService.java:400)
08-04 02:26:11.944 11040 30397 E baseline.com.newsblur.network.APIResponse: 	at baseline.com.newsblur.service.NBSyncService.doSync(NBSyncService.java:298)
08-04 02:26:11.944 11040 30397 E baseline.com.newsblur.network.APIResponse: 	at baseline.com.newsblur.service.NBSyncService.access$100(NBSyncService.java:67)
08-04 02:26:11.944 11040 30397 E baseline.com.newsblur.network.APIResponse: 	at baseline.com.newsblur.service.NBSyncService$1.run(NBSyncService.java:188)
08-04 02:26:11.944 11040 30397 E baseline.com.newsblur.network.APIResponse: 	at java.util.concurrent.ThreadPoolExecutor.runWorker(ThreadPoolExecutor.java:1113)
08-04 02:26:11.944 11040 30397 E baseline.com.newsblur.network.APIResponse: 	at java.util.concurrent.ThreadPoolExecutor$Worker.run(ThreadPoolExecutor.java:588)
08-04 02:26:11.944 11040 30397 E baseline.com.newsblur.network.APIResponse: 	at java.lang.Thread.run(Thread.java:818)
08-04 02:26:11.944 11040 30397 E baseline.com.newsblur.network.APIResponse: Caused by: java.io.EOFException: \n not found: limit=0 content=
08-04 02:26:11.944 11040 30397 E baseline.com.newsblur.network.APIResponse: 	at okio.RealBufferedSource.readUtf8LineStrict(RealBufferedSource.java:240)
08-04 02:26:11.944 11040 30397 E baseline.com.newsblur.network.APIResponse: 	at okhttp3.internal.http1.Http1ExchangeCodec.readHeaderLine(Http1ExchangeCodec.java:242)
08-04 02:26:11.944 11040 30397 E baseline.com.newsblur.network.APIResponse: 	at okhttp3.internal.http1.Http1ExchangeCodec.readResponseHeaders(Http1ExchangeCodec.java:213)
08-04 02:26:11.944 11040 30397 E baseline.com.newsblur.network.APIResponse: 	... 30 more
08-04 02:26:11.945 11040 30397 I baseline.com.newsblur.network.APIManager: API call failed, pausing before retry number 1
08-04 02:26:11.951 30794 30794 D AndroidRuntime: >>>>>> START com.android.internal.os.RuntimeInit uid 2000 <<<<<<
08-04 02:26:11.955 30794 30794 D AndroidRuntime: CheckJNI is OFF
08-04 02:26:11.980 30794 30794 D ICU     : No timezone override file found: /data/misc/zoneinfo/current/icu/icu_tzdata.dat
08-04 02:26:12.005 30794 30794 I Radio-JNI: register_android_hardware_Radio DONE
08-04 02:26:12.022 30794 30794 D AndroidRuntime: Calling main entry com.android.commands.input.Input
08-04 02:26:12.023 30794 30794 I Input   : injectMotionEvent: MotionEvent { action=ACTION_DOWN, actionButton=0, id[0]=0, x[0]=436.0, y[0]=453.0, toolType[0]=TOOL_TYPE_UNKNOWN, buttonState=0, metaState=0, flags=0x0, edgeFlags=0x0, pointerCount=1, historySize=0, eventTime=671188436, downTime=671188436, deviceId=0, source=0x1002 }
08-04 02:26:12.030 30794 30794 I Input   : injectMotionEvent: MotionEvent { action=ACTION_UP, actionButton=0, id[0]=0, x[0]=436.0, y[0]=453.0, toolType[0]=TOOL_TYPE_UNKNOWN, buttonState=0, metaState=0, flags=0x0, edgeFlags=0x0, pointerCount=1, historySize=0, eventTime=671188436, downTime=671188436, deviceId=0, source=0x1002 }
08-04 02:26:12.032 30794 30794 D AndroidRuntime: Shutting down VM
08-04 02:26:12.042   918  3670 I ActivityManager: START u0 {cmp=baseline.com.newsblur/.activity.GlobalSharedStoriesReading (has extras)} from uid 10652 on display 0
08-04 02:26:12.044   512  2967 D audio_hw_primary: out_set_parameters: enter: usecase(1: low-latency-playback) kvpairs: routing=2
08-04 02:26:12.057   512  2967 D audio_hw_primary: select_devices: out_snd_device(2: speaker) in_snd_device(0: none)
08-04 02:26:12.057   512  2967 D msm8974_platform: platform_send_audio_calibration: sending audio calibration for snd_device(2) acdb_id(15)
08-04 02:26:12.057   512  2967 I soundtrigger: audio_extn_sound_trigger_update_device_status: device 0x2 of type 0 for Event 1
08-04 02:26:12.067   512  2967 D audio_hw_primary: enable_snd_device: snd_device(2: speaker)
08-04 02:26:12.069   512  2967 D audio_hw_primary: enable_audio_route: apply and update mixer path: low-latency-playback speaker
08-04 02:26:12.140 11040 11052 I art     : Starting a blocking GC Explicit
08-04 02:26:12.173 11040 11052 I art     : Explicit concurrent mark sweep GC freed 5426(508KB) AllocSpace objects, 8(588KB) LOS objects, 29% free, 37MB/53MB, paused 830us total 32.521ms
08-04 02:26:12.181 11040 11052 I art     : Starting a blocking GC Explicit
08-04 02:26:12.211 11040 11052 I art     : Explicit concurrent mark sweep GC freed 692(48KB) AllocSpace objects, 1(20KB) LOS objects, 29% free, 37MB/53MB, paused 965us total 29.263ms
08-04 02:26:12.216   918   936 I ActivityManager: Displayed baseline.com.newsblur/.activity.GlobalSharedStoriesReading: +166ms
08-04 02:26:12.217 13866 13866 I GoogleInputMethodServic: GoogleInputMethodService.onFinishInput():3138 
08-04 02:26:12.217 13866 13866 I GoogleInputMethodServic: GoogleInputMethodService.onStartInput():1808 
08-04 02:26:12.219 11040 11052 I art     : Starting a blocking GC Explicit
08-04 02:26:12.251 11040 11052 I art     : Explicit concurrent mark sweep GC freed 1129(67KB) AllocSpace objects, 2(48KB) LOS objects, 29% free, 38MB/54MB, paused 1.151ms total 31.454ms
08-04 02:26:12.259 11040 11052 I art     : Starting a blocking GC Explicit
08-04 02:26:12.289 11040 11052 I art     : Explicit concurrent mark sweep GC freed 1028(66KB) AllocSpace objects, 1(20KB) LOS objects, 29% free, 38MB/54MB, paused 1.031ms total 29.534ms
08-04 02:26:12.298 11040 11052 I art     : Starting a blocking GC Explicit
08-04 02:26:12.328 11040 11052 I art     : Explicit concurrent mark sweep GC freed 837(77KB) AllocSpace objects, 10(244KB) LOS objects, 29% free, 38MB/54MB, paused 947us total 29.270ms
08-04 02:26:12.404 11040 30049 E chromium: [ERROR:tile_manager.cc(793)] WARNING: tile memory limits exceeded, some content may not draw
08-04 02:26:12.405 11040 30049 E chromium: [ERROR:tile_manager.cc(793)] WARNING: tile memory limits exceeded, some content may not draw
08-04 02:26:12.586 11040 11052 I art     : Starting a blocking GC Explicit
08-04 02:26:12.612   512  2967 D audio_hw_primary: disable_audio_route: reset and update mixer path: low-latency-playback speaker
08-04 02:26:12.613   512  2967 D audio_hw_primary: disable_snd_device: snd_device(2: speaker)
08-04 02:26:12.619 11040 11052 I art     : Explicit concurrent mark sweep GC freed 2164(156KB) AllocSpace objects, 2(40KB) LOS objects, 29% free, 38MB/54MB, paused 835us total 32.082ms
08-04 02:26:12.621   512  2967 I soundtrigger: audio_extn_sound_trigger_update_device_status: device 0x2 of type 0 for Event 0
08-04 02:26:12.627 11040 11052 I art     : Starting a blocking GC Explicit
08-04 02:26:12.655 11040 11052 I art     : Explicit concurrent mark sweep GC freed 82(3KB) AllocSpace objects, 0(0B) LOS objects, 29% free, 38MB/54MB, paused 699us total 27.305ms
08-04 02:26:12.662 11040 11052 I art     : Starting a blocking GC Explicit
08-04 02:26:12.690 11040 11052 I art     : Explicit concurrent mark sweep GC freed 3(96B) AllocSpace objects, 0(0B) LOS objects, 29% free, 38MB/54MB, paused 1.050ms total 27.047ms
08-04 02:26:12.698 11040 11052 I art     : Starting a blocking GC Explicit
08-04 02:26:12.723 11040 11052 I art     : Explicit concurrent mark sweep GC freed 3(96B) AllocSpace objects, 0(0B) LOS objects, 29% free, 38MB/54MB, paused 645us total 25.622ms
08-04 02:26:12.731 11040 11052 I art     : Starting a blocking GC Explicit
08-04 02:26:12.759 11040 11052 I art     : Explicit concurrent mark sweep GC freed 3(96B) AllocSpace objects, 0(0B) LOS objects, 29% free, 38MB/54MB, paused 750us total 27.721ms
08-04 02:26:13.069 11040 29418 I art     : Starting a blocking GC Explicit
08-04 02:26:13.102 11040 29418 I art     : Explicit concurrent mark sweep GC freed 1443(83KB) AllocSpace objects, 1(20KB) LOS objects, 29% free, 38MB/54MB, paused 760us total 32.753ms
08-04 02:26:13.111 11040 29418 I art     : Starting a blocking GC Explicit
08-04 02:26:13.141 11040 29418 I art     : Explicit concurrent mark sweep GC freed 22(784B) AllocSpace objects, 0(0B) LOS objects, 29% free, 38MB/54MB, paused 756us total 30.322ms
08-04 02:26:13.149 11040 29418 I art     : Starting a blocking GC Explicit
08-04 02:26:13.180 11040 29418 I art     : Explicit concurrent mark sweep GC freed 3(96B) AllocSpace objects, 0(0B) LOS objects, 29% free, 38MB/54MB, paused 873us total 30.410ms
08-04 02:26:13.189 11040 29418 I art     : Starting a blocking GC Explicit
08-04 02:26:13.219 11040 29418 I art     : Explicit concurrent mark sweep GC freed 3(96B) AllocSpace objects, 0(0B) LOS objects, 29% free, 38MB/54MB, paused 756us total 30.591ms
08-04 02:26:13.228 11040 29418 I art     : Starting a blocking GC Explicit
08-04 02:26:13.258 11040 29418 I art     : Explicit concurrent mark sweep GC freed 3(96B) AllocSpace objects, 0(0B) LOS objects, 29% free, 38MB/54MB, paused 776us total 30.396ms
08-04 02:26:13.563 11040 30393 I art     : Starting a blocking GC Explicit
08-04 02:26:13.600 11040 30393 I art     : Explicit concurrent mark sweep GC freed 1639(92KB) AllocSpace objects, 1(20KB) LOS objects, 29% free, 38MB/54MB, paused 927us total 37.155ms
08-04 02:26:13.612 11040 30393 I art     : Starting a blocking GC Explicit
08-04 02:26:13.645 11040 30393 I art     : Explicit concurrent mark sweep GC freed 86(3KB) AllocSpace objects, 0(0B) LOS objects, 29% free, 38MB/54MB, paused 806us total 32.769ms
08-04 02:26:13.654 11040 30393 I art     : Starting a blocking GC Explicit
08-04 02:26:13.687 11040 30393 I art     : Explicit concurrent mark sweep GC freed 11(352B) AllocSpace objects, 0(0B) LOS objects, 29% free, 38MB/54MB, paused 1.032ms total 32.798ms
08-04 02:26:13.696 11040 30393 I art     : Starting a blocking GC Explicit
08-04 02:26:13.732 11040 30393 I art     : Explicit concurrent mark sweep GC freed 11(352B) AllocSpace objects, 0(0B) LOS objects, 29% free, 38MB/54MB, paused 837us total 34.986ms
08-04 02:26:13.743 11040 30393 I art     : Starting a blocking GC Explicit
08-04 02:26:13.764   518   646 I ThermalEngine: ACTION: GPU - Setting GPU[0] to 510000000
08-04 02:26:13.778 11040 30393 I art     : Explicit concurrent mark sweep GC freed 4(128B) AllocSpace objects, 0(0B) LOS objects, 29% free, 38MB/54MB, paused 979us total 35.033ms
08-04 02:26:13.983 11040 30397 E baseline.com.newsblur.network.APIResponse: Error (unexpected end of stream on https://www.newsblur.com/...) calling https://www.newsblur.com/reader/mark_story_hashes_as_read/
08-04 02:26:13.983 11040 30397 E baseline.com.newsblur.network.APIResponse: java.io.IOException: unexpected end of stream on https://www.newsblur.com/...
08-04 02:26:13.983 11040 30397 E baseline.com.newsblur.network.APIResponse: 	at okhttp3.internal.http1.Http1ExchangeCodec.readResponseHeaders(Http1ExchangeCodec.java:236)
08-04 02:26:13.983 11040 30397 E baseline.com.newsblur.network.APIResponse: 	at okhttp3.internal.connection.Exchange.readResponseHeaders(Exchange.java:115)
08-04 02:26:13.983 11040 30397 E baseline.com.newsblur.network.APIResponse: 	at okhttp3.internal.http.CallServerInterceptor.intercept(CallServerInterceptor.java:94)
08-04 02:26:13.983 11040 30397 E baseline.com.newsblur.network.APIResponse: 	at okhttp3.internal.http.RealInterceptorChain.proceed(RealInterceptorChain.java:142)
08-04 02:26:13.983 11040 30397 E baseline.com.newsblur.network.APIResponse: 	at okhttp3.internal.connection.ConnectInterceptor.intercept(ConnectInterceptor.java:43)
08-04 02:26:13.983 11040 30397 E baseline.com.newsblur.network.APIResponse: 	at okhttp3.internal.http.RealInterceptorChain.proceed(RealInterceptorChain.java:142)
08-04 02:26:13.983 11040 30397 E baseline.com.newsblur.network.APIResponse: 	at okhttp3.internal.http.RealInterceptorChain.proceed(RealInterceptorChain.java:117)
08-04 02:26:13.983 11040 30397 E baseline.com.newsblur.network.APIResponse: 	at okhttp3.internal.cache.CacheInterceptor.intercept(CacheInterceptor.java:94)
08-04 02:26:13.983 11040 30397 E baseline.com.newsblur.network.APIResponse: 	at okhttp3.internal.http.RealInterceptorChain.proceed(RealInterceptorChain.java:142)
08-04 02:26:13.983 11040 30397 E baseline.com.newsblur.network.APIResponse: 	at okhttp3.internal.http.RealInterceptorChain.proceed(RealInterceptorChain.java:117)
08-04 02:26:13.983 11040 30397 E baseline.com.newsblur.network.APIResponse: 	at okhttp3.internal.http.BridgeInterceptor.intercept(BridgeInterceptor.java:93)
08-04 02:26:13.983 11040 30397 E baseline.com.newsblur.network.APIResponse: 	at okhttp3.internal.http.RealInterceptorChain.proceed(RealInterceptorChain.java:142)
08-04 02:26:13.983 11040 30397 E baseline.com.newsblur.network.APIResponse: 	at okhttp3.internal.http.RetryAndFollowUpInterceptor.intercept(RetryAndFollowUpInterceptor.java:88)
08-04 02:26:13.983 11040 30397 E baseline.com.newsblur.network.APIResponse: 	at okhttp3.internal.http.RealInterceptorChain.proceed(RealInterceptorChain.java:142)
08-04 02:26:13.983 11040 30397 E baseline.com.newsblur.network.APIResponse: 	at okhttp3.internal.http.RealInterceptorChain.proceed(RealInterceptorChain.java:117)
08-04 02:26:13.983 11040 30397 E baseline.com.newsblur.network.APIResponse: 	at okhttp3.RealCall.getResponseWithInterceptorChain(RealCall.java:229)
08-04 02:26:13.983 11040 30397 E baseline.com.newsblur.network.APIResponse: 	at okhttp3.RealCall.execute(RealCall.java:81)
08-04 02:26:13.983 11040 30397 E baseline.com.newsblur.network.APIResponse: 	at baseline.com.newsblur.network.APIResponse.<init>(APIResponse.java:57)
08-04 02:26:13.983 11040 30397 E baseline.com.newsblur.network.APIResponse: 	at baseline.com.newsblur.network.APIResponse.<init>(APIResponse.java:43)
08-04 02:26:13.983 11040 30397 E baseline.com.newsblur.network.APIResponse: 	at baseline.com.newsblur.network.APIManager.post_single(APIManager.java:702)
08-04 02:26:13.983 11040 30397 E baseline.com.newsblur.network.APIResponse: 	at baseline.com.newsblur.network.APIManager.post(APIManager.java:675)
08-04 02:26:13.983 11040 30397 E baseline.com.newsblur.network.APIResponse: 	at baseline.com.newsblur.network.APIManager.post(APIManager.java:714)
08-04 02:26:13.983 11040 30397 E baseline.com.newsblur.network.APIResponse: 	at baseline.com.newsblur.network.APIManager.markStoryAsRead(APIManager.java:205)
08-04 02:26:13.983 11040 30397 E baseline.com.newsblur.network.APIResponse: 	at baseline.com.newsblur.util.ReadingAction.doRemote(ReadingAction.java:281)
08-04 02:26:13.983 11040 30397 E baseline.com.newsblur.network.APIResponse: 	at baseline.com.newsblur.service.NBSyncService.syncActions(NBSyncService.java:400)
08-04 02:26:13.983 11040 30397 E baseline.com.newsblur.network.APIResponse: 	at baseline.com.newsblur.service.NBSyncService.doSync(NBSyncService.java:298)
08-04 02:26:13.983 11040 30397 E baseline.com.newsblur.network.APIResponse: 	at baseline.com.newsblur.service.NBSyncService.access$100(NBSyncService.java:67)
08-04 02:26:13.983 11040 30397 E baseline.com.newsblur.network.APIResponse: 	at baseline.com.newsblur.service.NBSyncService$1.run(NBSyncService.java:188)
08-04 02:26:13.983 11040 30397 E baseline.com.newsblur.network.APIResponse: 	at java.util.concurrent.ThreadPoolExecutor.runWorker(ThreadPoolExecutor.java:1113)
08-04 02:26:13.983 11040 30397 E baseline.com.newsblur.network.APIResponse: 	at java.util.concurrent.ThreadPoolExecutor$Worker.run(ThreadPoolExecutor.java:588)
08-04 02:26:13.983 11040 30397 E baseline.com.newsblur.network.APIResponse: 	at java.lang.Thread.run(Thread.java:818)
08-04 02:26:13.983 11040 30397 E baseline.com.newsblur.network.APIResponse: Caused by: java.io.EOFException: \n not found: limit=0 content=
08-04 02:26:13.983 11040 30397 E baseline.com.newsblur.network.APIResponse: 	at okio.RealBufferedSource.readUtf8LineStrict(RealBufferedSource.java:240)
08-04 02:26:13.983 11040 30397 E baseline.com.newsblur.network.APIResponse: 	at okhttp3.internal.http1.Http1ExchangeCodec.readHeaderLine(Http1ExchangeCodec.java:242)
08-04 02:26:13.983 11040 30397 E baseline.com.newsblur.network.APIResponse: 	at okhttp3.internal.http1.Http1ExchangeCodec.readResponseHeaders(Http1ExchangeCodec.java:213)
08-04 02:26:13.983 11040 30397 E baseline.com.newsblur.network.APIResponse: 	... 30 more
08-04 02:26:13.984 11040 30397 I baseline.com.newsblur.network.APIManager: API call failed, pausing before retry number 2
08-04 02:26:14.110 11040 11053 I art     : Starting a blocking GC Explicit
08-04 02:26:14.150 11040 11053 I art     : Explicit concurrent mark sweep GC freed 3955(357KB) AllocSpace objects, 3(60KB) LOS objects, 29% free, 38MB/54MB, paused 1.070ms total 39.538ms
08-04 02:26:14.162 11040 11053 I art     : Starting a blocking GC Explicit
08-04 02:26:14.198   918  3261 D WifiStateMachine: starting scan for "H369AA63323"WPA_PSK with 2412,5180
08-04 02:26:14.200 11040 11053 I art     : Explicit concurrent mark sweep GC freed 119(4KB) AllocSpace objects, 0(0B) LOS objects, 29% free, 38MB/54MB, paused 973us total 37.572ms
08-04 02:26:14.210 11040 11053 I art     : Starting a blocking GC Explicit
08-04 02:26:14.249 11040 11053 I art     : Explicit concurrent mark sweep GC freed 3(96B) AllocSpace objects, 0(0B) LOS objects, 29% free, 38MB/54MB, paused 1.014ms total 38.149ms
08-04 02:26:14.259 11040 11053 I art     : Starting a blocking GC Explicit
08-04 02:26:14.297 11040 11053 I art     : Explicit concurrent mark sweep GC freed 3(96B) AllocSpace objects, 0(0B) LOS objects, 29% free, 38MB/54MB, paused 1.172ms total 37.932ms
08-04 02:26:14.308 11040 11053 I art     : Starting a blocking GC Explicit
08-04 02:26:14.346 11040 11053 I art     : Explicit concurrent mark sweep GC freed 3(96B) AllocSpace objects, 0(0B) LOS objects, 29% free, 38MB/54MB, paused 1.032ms total 37.669ms
08-04 02:26:14.709 11040 11052 I art     : Starting a blocking GC Explicit
08-04 02:26:14.750 11040 11052 I art     : Explicit concurrent mark sweep GC freed 1443(83KB) AllocSpace objects, 1(20KB) LOS objects, 29% free, 38MB/54MB, paused 1.150ms total 40.926ms
08-04 02:26:14.764 11040 11052 I art     : Starting a blocking GC Explicit
08-04 02:26:14.801 11040 11052 I art     : Explicit concurrent mark sweep GC freed 22(784B) AllocSpace objects, 0(0B) LOS objects, 29% free, 38MB/54MB, paused 1.021ms total 36.743ms
08-04 02:26:14.812 11040 11052 I art     : Starting a blocking GC Explicit
08-04 02:26:14.849 11040 11052 I art     : Explicit concurrent mark sweep GC freed 3(96B) AllocSpace objects, 0(0B) LOS objects, 29% free, 38MB/54MB, paused 972us total 36.811ms
08-04 02:26:14.859 11040 11052 I art     : Starting a blocking GC Explicit
08-04 02:26:14.896 11040 11052 I art     : Explicit concurrent mark sweep GC freed 3(96B) AllocSpace objects, 0(0B) LOS objects, 29% free, 38MB/54MB, paused 1.020ms total 37.283ms
08-04 02:26:14.907 11040 11052 I art     : Starting a blocking GC Explicit
08-04 02:26:14.945 11040 11052 I art     : Explicit concurrent mark sweep GC freed 3(96B) AllocSpace objects, 0(0B) LOS objects, 29% free, 38MB/54MB, paused 1.033ms total 38.155ms
08-04 02:26:15.294 11040 29418 I art     : Starting a blocking GC Explicit
08-04 02:26:15.333 11040 29418 I art     : Explicit concurrent mark sweep GC freed 1444(83KB) AllocSpace objects, 1(20KB) LOS objects, 29% free, 38MB/54MB, paused 1.042ms total 39.082ms
08-04 02:26:15.345 11040 29418 I art     : Starting a blocking GC Explicit
08-04 02:26:15.382 11040 29418 I art     : Explicit concurrent mark sweep GC freed 22(784B) AllocSpace objects, 0(0B) LOS objects, 29% free, 38MB/54MB, paused 1.028ms total 37.101ms
08-04 02:26:15.393 11040 29418 I art     : Starting a blocking GC Explicit
08-04 02:26:15.431 11040 29418 I art     : Explicit concurrent mark sweep GC freed 3(96B) AllocSpace objects, 0(0B) LOS objects, 29% free, 38MB/54MB, paused 1.045ms total 37.751ms
08-04 02:26:15.441 11040 29418 I art     : Starting a blocking GC Explicit
08-04 02:26:15.480 11040 29418 I art     : Explicit concurrent mark sweep GC freed 3(96B) AllocSpace objects, 0(0B) LOS objects, 29% free, 38MB/54MB, paused 1.103ms total 38.710ms
08-04 02:26:15.490 11040 29418 I art     : Starting a blocking GC Explicit
08-04 02:26:15.527 11040 29418 I art     : Explicit concurrent mark sweep GC freed 3(96B) AllocSpace objects, 0(0B) LOS objects, 29% free, 38MB/54MB, paused 1.072ms total 37.110ms
08-04 02:26:15.879 11040 30393 I art     : Starting a blocking GC Explicit
08-04 02:26:15.918 11040 30393 I art     : Explicit concurrent mark sweep GC freed 1444(83KB) AllocSpace objects, 1(20KB) LOS objects, 29% free, 38MB/54MB, paused 1.153ms total 38.660ms
08-04 02:26:15.931 11040 30393 I art     : Starting a blocking GC Explicit
08-04 02:26:15.969 11040 30393 I art     : Explicit concurrent mark sweep GC freed 22(784B) AllocSpace objects, 0(0B) LOS objects, 29% free, 38MB/54MB, paused 1.076ms total 37.426ms
08-04 02:26:15.979 11040 30393 I art     : Starting a blocking GC Explicit
08-04 02:26:16.016 11040 30393 I art     : Explicit concurrent mark sweep GC freed 3(96B) AllocSpace objects, 0(0B) LOS objects, 29% free, 38MB/54MB, paused 1.035ms total 37.289ms
08-04 02:26:16.027 11040 30393 I art     : Starting a blocking GC Explicit
08-04 02:26:16.065 11040 30393 I art     : Explicit concurrent mark sweep GC freed 3(96B) AllocSpace objects, 0(0B) LOS objects, 29% free, 38MB/54MB, paused 1.038ms total 37.869ms
08-04 02:26:16.076 11040 30393 I art     : Starting a blocking GC Explicit
08-04 02:26:16.114 11040 30393 I art     : Explicit concurrent mark sweep GC freed 3(96B) AllocSpace objects, 0(0B) LOS objects, 29% free, 38MB/54MB, paused 1.050ms total 37.889ms
08-04 02:26:16.437 11040 11053 I art     : Starting a blocking GC Explicit
08-04 02:26:16.475 11040 11053 I art     : Explicit concurrent mark sweep GC freed 1442(83KB) AllocSpace objects, 1(20KB) LOS objects, 29% free, 38MB/54MB, paused 1.083ms total 38.294ms
08-04 02:26:16.487 11040 11053 I art     : Starting a blocking GC Explicit
08-04 02:26:16.524 11040 11053 I art     : Explicit concurrent mark sweep GC freed 22(784B) AllocSpace objects, 0(0B) LOS objects, 29% free, 38MB/54MB, paused 1.043ms total 36.831ms
08-04 02:26:16.534 11040 11053 I art     : Starting a blocking GC Explicit
08-04 02:26:16.571 11040 11053 I art     : Explicit concurrent mark sweep GC freed 3(96B) AllocSpace objects, 0(0B) LOS objects, 29% free, 38MB/54MB, paused 1.049ms total 36.970ms
08-04 02:26:16.581 11040 11053 I art     : Starting a blocking GC Explicit
08-04 02:26:16.618 11040 11053 I art     : Explicit concurrent mark sweep GC freed 3(96B) AllocSpace objects, 0(0B) LOS objects, 29% free, 38MB/54MB, paused 1.050ms total 36.922ms
08-04 02:26:16.628 11040 11053 I art     : Starting a blocking GC Explicit
08-04 02:26:16.665 11040 11053 I art     : Explicit concurrent mark sweep GC freed 3(96B) AllocSpace objects, 0(0B) LOS objects, 29% free, 38MB/54MB, paused 1.030ms total 36.520ms
08-04 02:26:16.708 30891 30891 D AndroidRuntime: >>>>>> START com.android.internal.os.RuntimeInit uid 2000 <<<<<<
08-04 02:26:16.712 30891 30891 D AndroidRuntime: CheckJNI is OFF
08-04 02:26:16.746 30891 30891 D ICU     : No timezone override file found: /data/misc/zoneinfo/current/icu/icu_tzdata.dat
08-04 02:26:16.780 30891 30891 I Radio-JNI: register_android_hardware_Radio DONE
08-04 02:26:16.802 30891 30891 D AndroidRuntime: Calling main entry com.android.commands.input.Input
08-04 02:26:16.803 30891 30891 I Input   : injectKeyEvent: KeyEvent { action=ACTION_DOWN, keyCode=KEYCODE_BACK, scanCode=0, metaState=0, flags=0x0, repeatCount=0, eventTime=671193216, downTime=671193216, deviceId=-1, source=0x101 }
08-04 02:26:16.810 30891 30891 I Input   : injectKeyEvent: KeyEvent { action=ACTION_UP, keyCode=KEYCODE_BACK, scanCode=0, metaState=0, flags=0x0, repeatCount=0, eventTime=671193216, downTime=671193216, deviceId=-1, source=0x101 }
08-04 02:26:16.817 30891 30891 D AndroidRuntime: Shutting down VM
08-04 02:26:16.945 13866 13866 I GoogleInputMethodServic: GoogleInputMethodService.onFinishInput():3138 
08-04 02:26:16.947 13866 13866 I GoogleInputMethodServic: GoogleInputMethodService.onStartInput():1808 
08-04 02:26:16.966 11040 11052 I art     : Starting a blocking GC Explicit
08-04 02:26:17.004 11040 11052 I art     : Explicit concurrent mark sweep GC freed 2858(220KB) AllocSpace objects, 5(100KB) LOS objects, 29% free, 38MB/54MB, paused 934us total 38.157ms
08-04 02:26:17.015 11040 11052 I art     : Starting a blocking GC Explicit
08-04 02:26:17.048 11040 11052 I art     : Explicit concurrent mark sweep GC freed 548(41KB) AllocSpace objects, 0(0B) LOS objects, 29% free, 38MB/54MB, paused 992us total 32.869ms
08-04 02:26:17.057 11040 11052 I art     : Starting a blocking GC Explicit
08-04 02:26:17.090 11040 11052 I art     : Explicit concurrent mark sweep GC freed 3(96B) AllocSpace objects, 1(28KB) LOS objects, 29% free, 38MB/54MB, paused 1.079ms total 32.419ms
08-04 02:26:17.102 11040 11052 I art     : Starting a blocking GC Explicit
08-04 02:26:17.142 11040 11052 I art     : Explicit concurrent mark sweep GC freed 71(5KB) AllocSpace objects, 0(0B) LOS objects, 29% free, 38MB/54MB, paused 1.070ms total 40.145ms
08-04 02:26:17.157 11040 11052 I art     : Starting a blocking GC Explicit
08-04 02:26:17.204 11040 11052 I art     : Explicit concurrent mark sweep GC freed 9(400B) AllocSpace objects, 0(0B) LOS objects, 29% free, 38MB/54MB, paused 1.504ms total 47.662ms
08-04 02:26:17.536 11040 11052 I art     : Starting a blocking GC Explicit
08-04 02:26:17.563 11040 30397 E baseline.com.newsblur.network.APIResponse: Error (unexpected end of stream on https://www.newsblur.com/...) calling https://www.newsblur.com/reader/mark_story_hashes_as_read/
08-04 02:26:17.563 11040 30397 E baseline.com.newsblur.network.APIResponse: java.io.IOException: unexpected end of stream on https://www.newsblur.com/...
08-04 02:26:17.563 11040 30397 E baseline.com.newsblur.network.APIResponse: 	at okhttp3.internal.http1.Http1ExchangeCodec.readResponseHeaders(Http1ExchangeCodec.java:236)
08-04 02:26:17.563 11040 30397 E baseline.com.newsblur.network.APIResponse: 	at okhttp3.internal.connection.Exchange.readResponseHeaders(Exchange.java:115)
08-04 02:26:17.563 11040 30397 E baseline.com.newsblur.network.APIResponse: 	at okhttp3.internal.http.CallServerInterceptor.intercept(CallServerInterceptor.java:94)
08-04 02:26:17.563 11040 30397 E baseline.com.newsblur.network.APIResponse: 	at okhttp3.internal.http.RealInterceptorChain.proceed(RealInterceptorChain.java:142)
08-04 02:26:17.563 11040 30397 E baseline.com.newsblur.network.APIResponse: 	at okhttp3.internal.connection.ConnectInterceptor.intercept(ConnectInterceptor.java:43)
08-04 02:26:17.563 11040 30397 E baseline.com.newsblur.network.APIResponse: 	at okhttp3.internal.http.RealInterceptorChain.proceed(RealInterceptorChain.java:142)
08-04 02:26:17.563 11040 30397 E baseline.com.newsblur.network.APIResponse: 	at okhttp3.internal.http.RealInterceptorChain.proceed(RealInterceptorChain.java:117)
08-04 02:26:17.563 11040 30397 E baseline.com.newsblur.network.APIResponse: 	at okhttp3.internal.cache.CacheInterceptor.intercept(CacheInterceptor.java:94)
08-04 02:26:17.563 11040 30397 E baseline.com.newsblur.network.APIResponse: 	at okhttp3.internal.http.RealInterceptorChain.proceed(RealInterceptorChain.java:142)
08-04 02:26:17.563 11040 30397 E baseline.com.newsblur.network.APIResponse: 	at okhttp3.internal.http.RealInterceptorChain.proceed(RealInterceptorChain.java:117)
08-04 02:26:17.563 11040 30397 E baseline.com.newsblur.network.APIResponse: 	at okhttp3.internal.http.BridgeInterceptor.intercept(BridgeInterceptor.java:93)
08-04 02:26:17.563 11040 30397 E baseline.com.newsblur.network.APIResponse: 	at okhttp3.internal.http.RealInterceptorChain.proceed(RealInterceptorChain.java:142)
08-04 02:26:17.563 11040 30397 E baseline.com.newsblur.network.APIResponse: 	at okhttp3.internal.http.RetryAndFollowUpInterceptor.intercept(RetryAndFollowUpInterceptor.java:88)
08-04 02:26:17.563 11040 30397 E baseline.com.newsblur.network.APIResponse: 	at okhttp3.internal.http.RealInterceptorChain.proceed(RealInterceptorChain.java:142)
08-04 02:26:17.563 11040 30397 E baseline.com.newsblur.network.APIResponse: 	at okhttp3.internal.http.RealInterceptorChain.proceed(RealInterceptorChain.java:117)
08-04 02:26:17.563 11040 30397 E baseline.com.newsblur.network.APIResponse: 	at okhttp3.RealCall.getResponseWithInterceptorChain(RealCall.java:229)
08-04 02:26:17.563 11040 30397 E baseline.com.newsblur.network.APIResponse: 	at okhttp3.RealCall.execute(RealCall.java:81)
08-04 02:26:17.563 11040 30397 E baseline.com.newsblur.network.APIResponse: 	at baseline.com.newsblur.network.APIResponse.<init>(APIResponse.java:57)
08-04 02:26:17.563 11040 30397 E baseline.com.newsblur.network.APIResponse: 	at baseline.com.newsblur.network.APIResponse.<init>(APIResponse.java:43)
08-04 02:26:17.563 11040 30397 E baseline.com.newsblur.network.APIResponse: 	at baseline.com.newsblur.network.APIManager.post_single(APIManager.java:702)
08-04 02:26:17.563 11040 30397 E baseline.com.newsblur.network.APIResponse: 	at baseline.com.newsblur.network.APIManager.post(APIManager.java:675)
08-04 02:26:17.563 11040 30397 E baseline.com.newsblur.network.APIResponse: 	at baseline.com.newsblur.network.APIManager.post(APIManager.java:714)
08-04 02:26:17.563 11040 30397 E baseline.com.newsblur.network.APIResponse: 	at baseline.com.newsblur.network.APIManager.markStoryAsRead(APIManager.java:205)
08-04 02:26:17.563 11040 30397 E baseline.com.newsblur.network.APIResponse: 	at baseline.com.newsblur.util.ReadingAction.doRemote(ReadingAction.java:281)
08-04 02:26:17.563 11040 30397 E baseline.com.newsblur.network.APIResponse: 	at baseline.com.newsblur.service.NBSyncService.syncActions(NBSyncService.java:400)
08-04 02:26:17.563 11040 30397 E baseline.com.newsblur.network.APIResponse: 	at baseline.com.newsblur.service.NBSyncService.doSync(NBSyncService.java:298)
08-04 02:26:17.563 11040 30397 E baseline.com.newsblur.network.APIResponse: 	at baseline.com.newsblur.service.NBSyncService.access$100(NBSyncService.java:67)
08-04 02:26:17.563 11040 30397 E baseline.com.newsblur.network.APIResponse: 	at baseline.com.newsblur.service.NBSyncService$1.run(NBSyncService.java:188)
08-04 02:26:17.563 11040 30397 E baseline.com.newsblur.network.APIResponse: 	at java.util.concurrent.ThreadPoolExecutor.runWorker(ThreadPoolExecutor.java:1113)
08-04 02:26:17.563 11040 30397 E baseline.com.newsblur.network.APIResponse: 	at java.util.concurrent.ThreadPoolExecutor$Worker.run(ThreadPoolExecutor.java:588)
08-04 02:26:17.563 11040 30397 E baseline.com.newsblur.network.APIResponse: 	at java.lang.Thread.run(Thread.java:818)
08-04 02:26:17.563 11040 30397 E baseline.com.newsblur.network.APIResponse: Caused by: java.io.EOFException: \n not found: limit=0 content=
08-04 02:26:17.563 11040 30397 E baseline.com.newsblur.network.APIResponse: 	at okio.RealBufferedSource.readUtf8LineStrict(RealBufferedSource.java:240)
08-04 02:26:17.563 11040 30397 E baseline.com.newsblur.network.APIResponse: 	at okhttp3.internal.http1.Http1ExchangeCodec.readHeaderLine(Http1ExchangeCodec.java:242)
08-04 02:26:17.563 11040 30397 E baseline.com.newsblur.network.APIResponse: 	at okhttp3.internal.http1.Http1ExchangeCodec.readResponseHeaders(Http1ExchangeCodec.java:213)
08-04 02:26:17.563 11040 30397 E baseline.com.newsblur.network.APIResponse: 	... 30 more
08-04 02:26:17.564 11040 30397 I baseline.com.newsblur.service.NBSyncService: Holding reading action with server-side or network error.
08-04 02:26:17.576 11040 30397 W baseline.com.newsblur.service.NBSyncService: hard API failure
08-04 02:26:17.582 11040 11052 I art     : Explicit concurrent mark sweep GC freed 5209(414KB) AllocSpace objects, 3(60KB) LOS objects, 29% free, 38MB/54MB, paused 1.590ms total 46.523ms
08-04 02:26:17.594 11040 11052 I art     : Starting a blocking GC Explicit
08-04 02:26:17.632 11040 11052 I art     : Explicit concurrent mark sweep GC freed 901(111KB) AllocSpace objects, 4(80KB) LOS objects, 29% free, 38MB/54MB, paused 1.018ms total 37.416ms
08-04 02:26:17.642 11040 11052 I art     : Starting a blocking GC Explicit
08-04 02:26:17.680 11040 11052 I art     : Explicit concurrent mark sweep GC freed 130(5KB) AllocSpace objects, 0(0B) LOS objects, 29% free, 38MB/54MB, paused 1.006ms total 37.670ms
08-04 02:26:17.692 11040 11052 I art     : Starting a blocking GC Explicit
08-04 02:26:17.732 11040 11052 I art     : Explicit concurrent mark sweep GC freed 9(288B) AllocSpace objects, 0(0B) LOS objects, 29% free, 38MB/54MB, paused 1.013ms total 40.393ms
08-04 02:26:17.745 11040 11052 I art     : Starting a blocking GC Explicit
08-04 02:26:17.787 11040 11052 I art     : Explicit concurrent mark sweep GC freed 10(320B) AllocSpace objects, 0(0B) LOS objects, 29% free, 38MB/54MB, paused 1.177ms total 41.926ms
08-04 02:26:17.972 11040 30397 E baseline.com.newsblur.network.APIResponse: Error (unexpected end of stream on https://www.newsblur.com/...) calling https://www.newsblur.com/reader/mark_story_hashes_as_read/
08-04 02:26:17.972 11040 30397 E baseline.com.newsblur.network.APIResponse: java.io.IOException: unexpected end of stream on https://www.newsblur.com/...
08-04 02:26:17.972 11040 30397 E baseline.com.newsblur.network.APIResponse: 	at okhttp3.internal.http1.Http1ExchangeCodec.readResponseHeaders(Http1ExchangeCodec.java:236)
08-04 02:26:17.972 11040 30397 E baseline.com.newsblur.network.APIResponse: 	at okhttp3.internal.connection.Exchange.readResponseHeaders(Exchange.java:115)
08-04 02:26:17.972 11040 30397 E baseline.com.newsblur.network.APIResponse: 	at okhttp3.internal.http.CallServerInterceptor.intercept(CallServerInterceptor.java:94)
08-04 02:26:17.972 11040 30397 E baseline.com.newsblur.network.APIResponse: 	at okhttp3.internal.http.RealInterceptorChain.proceed(RealInterceptorChain.java:142)
08-04 02:26:17.972 11040 30397 E baseline.com.newsblur.network.APIResponse: 	at okhttp3.internal.connection.ConnectInterceptor.intercept(ConnectInterceptor.java:43)
08-04 02:26:17.972 11040 30397 E baseline.com.newsblur.network.APIResponse: 	at okhttp3.internal.http.RealInterceptorChain.proceed(RealInterceptorChain.java:142)
08-04 02:26:17.972 11040 30397 E baseline.com.newsblur.network.APIResponse: 	at okhttp3.internal.http.RealInterceptorChain.proceed(RealInterceptorChain.java:117)
08-04 02:26:17.972 11040 30397 E baseline.com.newsblur.network.APIResponse: 	at okhttp3.internal.cache.CacheInterceptor.intercept(CacheInterceptor.java:94)
08-04 02:26:17.972 11040 30397 E baseline.com.newsblur.network.APIResponse: 	at okhttp3.internal.http.RealInterceptorChain.proceed(RealInterceptorChain.java:142)
08-04 02:26:17.972 11040 30397 E baseline.com.newsblur.network.APIResponse: 	at okhttp3.internal.http.RealInterceptorChain.proceed(RealInterceptorChain.java:117)
08-04 02:26:17.972 11040 30397 E baseline.com.newsblur.network.APIResponse: 	at okhttp3.internal.http.BridgeInterceptor.intercept(BridgeInterceptor.java:93)
08-04 02:26:17.972 11040 30397 E baseline.com.newsblur.network.APIResponse: 	at okhttp3.internal.http.RealInterceptorChain.proceed(RealInterceptorChain.java:142)
08-04 02:26:17.972 11040 30397 E baseline.com.newsblur.network.APIResponse: 	at okhttp3.internal.http.RetryAndFollowUpInterceptor.intercept(RetryAndFollowUpInterceptor.java:88)
08-04 02:26:17.972 11040 30397 E baseline.com.newsblur.network.APIResponse: 	at okhttp3.internal.http.RealInterceptorChain.proceed(RealInterceptorChain.java:142)
08-04 02:26:17.972 11040 30397 E baseline.com.newsblur.network.APIResponse: 	at okhttp3.internal.http.RealInterceptorChain.proceed(RealInterceptorChain.java:117)
08-04 02:26:17.972 11040 30397 E baseline.com.newsblur.network.APIResponse: 	at okhttp3.RealCall.getResponseWithInterceptorChain(RealCall.java:229)
08-04 02:26:17.972 11040 30397 E baseline.com.newsblur.network.APIResponse: 	at okhttp3.RealCall.execute(RealCall.java:81)
08-04 02:26:17.972 11040 30397 E baseline.com.newsblur.network.APIResponse: 	at baseline.com.newsblur.network.APIResponse.<init>(APIResponse.java:57)
08-04 02:26:17.972 11040 30397 E baseline.com.newsblur.network.APIResponse: 	at baseline.com.newsblur.network.APIResponse.<init>(APIResponse.java:43)
08-04 02:26:17.972 11040 30397 E baseline.com.newsblur.network.APIResponse: 	at baseline.com.newsblur.network.APIManager.post_single(APIManager.java:702)
08-04 02:26:17.972 11040 30397 E baseline.com.newsblur.network.APIResponse: 	at baseline.com.newsblur.network.APIManager.post(APIManager.java:675)
08-04 02:26:17.972 11040 30397 E baseline.com.newsblur.network.APIResponse: 	at baseline.com.newsblur.network.APIManager.post(APIManager.java:714)
08-04 02:26:17.972 11040 30397 E baseline.com.newsblur.network.APIResponse: 	at baseline.com.newsblur.network.APIManager.markStoryAsRead(APIManager.java:205)
08-04 02:26:17.972 11040 30397 E baseline.com.newsblur.network.APIResponse: 	at baseline.com.newsblur.util.ReadingAction.doRemote(ReadingAction.java:281)
08-04 02:26:17.972 11040 30397 E baseline.com.newsblur.network.APIResponse: 	at baseline.com.newsblur.service.NBSyncService.syncActions(NBSyncService.java:400)
08-04 02:26:17.972 11040 30397 E baseline.com.newsblur.network.APIResponse: 	at baseline.com.newsblur.service.NBSyncService.doSync(NBSyncService.java:298)
08-04 02:26:17.972 11040 30397 E baseline.com.newsblur.network.APIResponse: 	at baseline.com.newsblur.service.NBSyncService.access$100(NBSyncService.java:67)
08-04 02:26:17.972 11040 30397 E baseline.com.newsblur.network.APIResponse: 	at baseline.com.newsblur.service.NBSyncService$1.run(NBSyncService.java:188)
08-04 02:26:17.972 11040 30397 E baseline.com.newsblur.network.APIResponse: 	at java.util.concurrent.ThreadPoolExecutor.runWorker(ThreadPoolExecutor.java:1113)
08-04 02:26:17.972 11040 30397 E baseline.com.newsblur.network.APIResponse: 	at java.util.concurrent.ThreadPoolExecutor$Worker.run(ThreadPoolExecutor.java:588)
08-04 02:26:17.972 11040 30397 E baseline.com.newsblur.network.APIResponse: 	at java.lang.Thread.run(Thread.java:818)
08-04 02:26:17.972 11040 30397 E baseline.com.newsblur.network.APIResponse: Caused by: java.io.EOFException: \n not found: limit=0 content=
08-04 02:26:17.972 11040 30397 E baseline.com.newsblur.network.APIResponse: 	at okio.RealBufferedSource.readUtf8LineStrict(RealBufferedSource.java:240)
08-04 02:26:17.972 11040 30397 E baseline.com.newsblur.network.APIResponse: 	at okhttp3.internal.http1.Http1ExchangeCodec.readHeaderLine(Http1ExchangeCodec.java:242)
08-04 02:26:17.972 11040 30397 E baseline.com.newsblur.network.APIResponse: 	at okhttp3.internal.http1.Http1ExchangeCodec.readResponseHeaders(Http1ExchangeCodec.java:213)
08-04 02:26:17.972 11040 30397 E baseline.com.newsblur.network.APIResponse: 	... 30 more
08-04 02:26:17.973 11040 30397 I baseline.com.newsblur.network.APIManager: API call failed, pausing before retry number 1
08-04 02:26:18.121 11040 30393 I art     : Starting a blocking GC Explicit
08-04 02:26:18.165 11040 30393 I art     : Explicit concurrent mark sweep GC freed 3998(358KB) AllocSpace objects, 3(60KB) LOS objects, 29% free, 38MB/54MB, paused 1.956ms total 43.814ms
08-04 02:26:18.177 11040 30393 I art     : Starting a blocking GC Explicit
08-04 02:26:18.219 11040 30393 I art     : Explicit concurrent mark sweep GC freed 126(4KB) AllocSpace objects, 0(0B) LOS objects, 29% free, 38MB/54MB, paused 1.446ms total 40.773ms
08-04 02:26:18.229 11040 30393 I art     : Starting a blocking GC Explicit
08-04 02:26:18.268 11040 30393 I art     : Explicit concurrent mark sweep GC freed 9(288B) AllocSpace objects, 0(0B) LOS objects, 29% free, 38MB/54MB, paused 1.360ms total 38.845ms
08-04 02:26:18.279 11040 30393 I art     : Starting a blocking GC Explicit
08-04 02:26:18.319 11040 30393 I art     : Explicit concurrent mark sweep GC freed 9(288B) AllocSpace objects, 0(0B) LOS objects, 29% free, 38MB/54MB, paused 1.309ms total 39.517ms
08-04 02:26:18.329 11040 30393 I art     : Starting a blocking GC Explicit
08-04 02:26:18.370 11040 30393 I art     : Explicit concurrent mark sweep GC freed 10(320B) AllocSpace objects, 0(0B) LOS objects, 29% free, 38MB/54MB, paused 1.216ms total 40.014ms
08-04 02:26:18.489 30944 30944 D AndroidRuntime: >>>>>> START com.android.internal.os.RuntimeInit uid 2000 <<<<<<
08-04 02:26:18.494 30944 30944 D AndroidRuntime: CheckJNI is OFF
08-04 02:26:18.528 30944 30944 D ICU     : No timezone override file found: /data/misc/zoneinfo/current/icu/icu_tzdata.dat
08-04 02:26:18.561 30944 30944 I Radio-JNI: register_android_hardware_Radio DONE
08-04 02:26:18.582 30944 30944 D AndroidRuntime: Calling main entry com.android.commands.input.Input
08-04 02:26:18.584 30944 30944 I Input   : injectKeyEvent: KeyEvent { action=ACTION_DOWN, keyCode=KEYCODE_BACK, scanCode=0, metaState=0, flags=0x0, repeatCount=0, eventTime=671194997, downTime=671194997, deviceId=-1, source=0x101 }
08-04 02:26:18.590 30944 30944 I Input   : injectKeyEvent: KeyEvent { action=ACTION_UP, keyCode=KEYCODE_BACK, scanCode=0, metaState=0, flags=0x0, repeatCount=0, eventTime=671194997, downTime=671194997, deviceId=-1, source=0x101 }
08-04 02:26:18.595 30944 30944 D AndroidRuntime: Shutting down VM
08-04 02:26:18.701 11040 29418 I art     : Starting a blocking GC Explicit
08-04 02:26:18.740 11040 29418 I art     : Explicit concurrent mark sweep GC freed 3943(298KB) AllocSpace objects, 9(180KB) LOS objects, 29% free, 38MB/54MB, paused 1.302ms total 38.420ms
08-04 02:26:18.749 11040 29418 I art     : Starting a blocking GC Explicit
08-04 02:26:18.770 13866 13866 I GoogleInputMethodServic: GoogleInputMethodService.onFinishInput():3138 
08-04 02:26:18.771 13866 13866 I GoogleInputMethodServic: GoogleInputMethodService.onStartInput():1808 
08-04 02:26:18.789 11040 29418 I art     : Explicit concurrent mark sweep GC freed 5914(371KB) AllocSpace objects, 4(80KB) LOS objects, 29% free, 38MB/54MB, paused 1.306ms total 39.469ms
08-04 02:26:18.800 11040 29418 I art     : Starting a blocking GC Explicit
08-04 02:26:18.834 11040 29418 I art     : Explicit concurrent mark sweep GC freed 158(6KB) AllocSpace objects, 0(0B) LOS objects, 29% free, 38MB/54MB, paused 943us total 33.514ms
08-04 02:26:18.844 11040 29418 I art     : Starting a blocking GC Explicit
08-04 02:26:18.878 11040 29418 I art     : Explicit concurrent mark sweep GC freed 7(256B) AllocSpace objects, 0(0B) LOS objects, 29% free, 38MB/54MB, paused 1.012ms total 34.242ms
08-04 02:26:18.888 11040 29418 I art     : Starting a blocking GC Explicit
08-04 02:26:18.926 11040 29418 I art     : Explicit concurrent mark sweep GC freed 3(96B) AllocSpace objects, 0(0B) LOS objects, 29% free, 38MB/54MB, paused 1.050ms total 37.815ms
08-04 02:26:19.259 11040 11052 I art     : Starting a blocking GC Explicit
08-04 02:26:19.302 11040 11052 I art     : Explicit concurrent mark sweep GC freed 1910(103KB) AllocSpace objects, 1(20KB) LOS objects, 29% free, 38MB/54MB, paused 975us total 41.851ms
08-04 02:26:19.313 11040 11052 I art     : Starting a blocking GC Explicit
08-04 02:26:19.352 11040 11052 I art     : Explicit concurrent mark sweep GC freed 166(7KB) AllocSpace objects, 0(0B) LOS objects, 29% free, 38MB/54MB, paused 1.029ms total 38.740ms
08-04 02:26:19.363 11040 11052 I art     : Starting a blocking GC Explicit
08-04 02:26:19.400 11040 11052 I art     : Explicit concurrent mark sweep GC freed 8(256B) AllocSpace objects, 0(0B) LOS objects, 29% free, 38MB/54MB, paused 965us total 37.298ms
08-04 02:26:19.411 11040 11052 I art     : Starting a blocking GC Explicit
08-04 02:26:19.451 11040 11052 I art     : Explicit concurrent mark sweep GC freed 9(288B) AllocSpace objects, 0(0B) LOS objects, 29% free, 38MB/54MB, paused 975us total 39.621ms
08-04 02:26:19.462 11040 11052 I art     : Starting a blocking GC Explicit
08-04 02:26:19.502 11040 11052 I art     : Explicit concurrent mark sweep GC freed 101(3KB) AllocSpace objects, 0(0B) LOS objects, 29% free, 38MB/54MB, paused 1.101ms total 39.401ms
08-04 02:26:19.833 11040 30393 I art     : Starting a blocking GC Explicit
08-04 02:26:19.877 11040 30393 I art     : Explicit concurrent mark sweep GC freed 1562(89KB) AllocSpace objects, 1(20KB) LOS objects, 29% free, 38MB/54MB, paused 1.159ms total 43.758ms
08-04 02:26:19.887 11040 30393 I art     : Starting a blocking GC Explicit
08-04 02:26:19.926 11040 30393 I art     : Explicit concurrent mark sweep GC freed 28(976B) AllocSpace objects, 0(0B) LOS objects, 29% free, 38MB/54MB, paused 1.085ms total 38.251ms
08-04 02:26:19.935 11040 30393 I art     : Starting a blocking GC Explicit
08-04 02:26:19.971 11040 30393 I art     : Explicit concurrent mark sweep GC freed 30(1200B) AllocSpace objects, 0(0B) LOS objects, 29% free, 38MB/54MB, paused 1.209ms total 35.468ms
08-04 02:26:19.982 11040 30393 I art     : Starting a blocking GC Explicit
08-04 02:26:20.020 11040 30397 E baseline.com.newsblur.network.APIResponse: Error (unexpected end of stream on https://www.newsblur.com/...) calling https://www.newsblur.com/reader/mark_story_hashes_as_read/
08-04 02:26:20.020 11040 30397 E baseline.com.newsblur.network.APIResponse: java.io.IOException: unexpected end of stream on https://www.newsblur.com/...
08-04 02:26:20.020 11040 30397 E baseline.com.newsblur.network.APIResponse: 	at okhttp3.internal.http1.Http1ExchangeCodec.readResponseHeaders(Http1ExchangeCodec.java:236)
08-04 02:26:20.020 11040 30397 E baseline.com.newsblur.network.APIResponse: 	at okhttp3.internal.connection.Exchange.readResponseHeaders(Exchange.java:115)
08-04 02:26:20.020 11040 30397 E baseline.com.newsblur.network.APIResponse: 	at okhttp3.internal.http.CallServerInterceptor.intercept(CallServerInterceptor.java:94)
08-04 02:26:20.020 11040 30397 E baseline.com.newsblur.network.APIResponse: 	at okhttp3.internal.http.RealInterceptorChain.proceed(RealInterceptorChain.java:142)
08-04 02:26:20.020 11040 30397 E baseline.com.newsblur.network.APIResponse: 	at okhttp3.internal.connection.ConnectInterceptor.intercept(ConnectInterceptor.java:43)
08-04 02:26:20.020 11040 30397 E baseline.com.newsblur.network.APIResponse: 	at okhttp3.internal.http.RealInterceptorChain.proceed(RealInterceptorChain.java:142)
08-04 02:26:20.020 11040 30397 E baseline.com.newsblur.network.APIResponse: 	at okhttp3.internal.http.RealInterceptorChain.proceed(RealInterceptorChain.java:117)
08-04 02:26:20.020 11040 30397 E baseline.com.newsblur.network.APIResponse: 	at okhttp3.internal.cache.CacheInterceptor.intercept(CacheInterceptor.java:94)
08-04 02:26:20.020 11040 30397 E baseline.com.newsblur.network.APIResponse: 	at okhttp3.internal.http.RealInterceptorChain.proceed(RealInterceptorChain.java:142)
08-04 02:26:20.020 11040 30397 E baseline.com.newsblur.network.APIResponse: 	at okhttp3.internal.http.RealInterceptorChain.proceed(RealInterceptorChain.java:117)
08-04 02:26:20.020 11040 30397 E baseline.com.newsblur.network.APIResponse: 	at okhttp3.internal.http.BridgeInterceptor.intercept(BridgeInterceptor.java:93)
08-04 02:26:20.020 11040 30397 E baseline.com.newsblur.network.APIResponse: 	at okhttp3.internal.http.RealInterceptorChain.proceed(RealInterceptorChain.java:142)
08-04 02:26:20.020 11040 30397 E baseline.com.newsblur.network.APIResponse: 	at okhttp3.internal.http.RetryAndFollowUpInterceptor.intercept(RetryAndFollowUpInterceptor.java:88)
08-04 02:26:20.020 11040 30397 E baseline.com.newsblur.network.APIResponse: 	at okhttp3.internal.http.RealInterceptorChain.proceed(RealInterceptorChain.java:142)
08-04 02:26:20.020 11040 30397 E baseline.com.newsblur.network.APIResponse: 	at okhttp3.internal.http.RealInterceptorChain.proceed(RealInterceptorChain.java:117)
08-04 02:26:20.020 11040 30397 E baseline.com.newsblur.network.APIResponse: 	at okhttp3.RealCall.getResponseWithInterceptorChain(RealCall.java:229)
08-04 02:26:20.020 11040 30397 E baseline.com.newsblur.network.APIResponse: 	at okhttp3.RealCall.execute(RealCall.java:81)
08-04 02:26:20.020 11040 30397 E baseline.com.newsblur.network.APIResponse: 	at baseline.com.newsblur.network.APIResponse.<init>(APIResponse.java:57)
08-04 02:26:20.020 11040 30397 E baseline.com.newsblur.network.APIResponse: 	at baseline.com.newsblur.network.APIResponse.<init>(APIResponse.java:43)
08-04 02:26:20.020 11040 30397 E baseline.com.newsblur.network.APIResponse: 	at baseline.com.newsblur.network.APIManager.post_single(APIManager.java:702)
08-04 02:26:20.020 11040 30397 E baseline.com.newsblur.network.APIResponse: 	at baseline.com.newsblur.network.APIManager.post(APIManager.java:675)
08-04 02:26:20.020 11040 30397 E baseline.com.newsblur.network.APIResponse: 	at baseline.com.newsblur.network.APIManager.post(APIManager.java:714)
08-04 02:26:20.020 11040 30397 E baseline.com.newsblur.network.APIResponse: 	at baseline.com.newsblur.network.APIManager.markStoryAsRead(APIManager.java:205)
08-04 02:26:20.020 11040 30397 E baseline.com.newsblur.network.APIResponse: 	at baseline.com.newsblur.util.ReadingAction.doRemote(ReadingAction.java:281)
08-04 02:26:20.020 11040 30397 E baseline.com.newsblur.network.APIResponse: 	at baseline.com.newsblur.service.NBSyncService.syncActions(NBSyncService.java:400)
08-04 02:26:20.020 11040 30397 E baseline.com.newsblur.network.APIResponse: 	at baseline.com.newsblur.service.NBSyncService.doSync(NBSyncService.java:298)
08-04 02:26:20.020 11040 30397 E baseline.com.newsblur.network.APIResponse: 	at baseline.com.newsblur.service.NBSyncService.access$100(NBSyncService.java:67)
08-04 02:26:20.020 11040 30397 E baseline.com.newsblur.network.APIResponse: 	at baseline.com.newsblur.service.NBSyncService$1.run(NBSyncService.java:188)
08-04 02:26:20.020 11040 30397 E baseline.com.newsblur.network.APIResponse: 	at java.util.concurrent.ThreadPoolExecutor.runWorker(ThreadPoolExecutor.java:1113)
08-04 02:26:20.020 11040 30397 E baseline.com.newsblur.network.APIResponse: 	at java.util.concurrent.ThreadPoolExecutor$Worker.run(ThreadPoolExecutor.java:588)
08-04 02:26:20.020 11040 30397 E baseline.com.newsblur.network.APIResponse: 	at java.lang.Thread.run(Thread.java:818)
08-04 02:26:20.020 11040 30397 E baseline.com.newsblur.network.APIResponse: Caused by: java.io.EOFException: \n not found: limit=0 content=
08-04 02:26:20.020 11040 30397 E baseline.com.newsblur.network.APIResponse: 	at okio.RealBufferedSource.readUtf8LineStrict(RealBufferedSource.java:240)
08-04 02:26:20.020 11040 30397 E baseline.com.newsblur.network.APIResponse: 	at okhttp3.internal.http1.Http1ExchangeCodec.readHeaderLine(Http1ExchangeCodec.java:242)
08-04 02:26:20.020 11040 30397 E baseline.com.newsblur.network.APIResponse: 	at okhttp3.internal.http1.Http1ExchangeCodec.readResponseHeaders(Http1ExchangeCodec.java:213)
08-04 02:26:20.020 11040 30397 E baseline.com.newsblur.network.APIResponse: 	... 30 more
08-04 02:26:20.021 11040 30393 I art     : Explicit concurrent mark sweep GC freed 1864(104KB) AllocSpace objects, 0(0B) LOS objects, 29% free, 38MB/54MB, paused 1.486ms total 39.425ms
08-04 02:26:20.021 11040 30397 I baseline.com.newsblur.network.APIManager: API call failed, pausing before retry number 2
08-04 02:26:20.031 11040 30393 I art     : Starting a blocking GC Explicit
08-04 02:26:20.066 11040 30393 I art     : Explicit concurrent mark sweep GC freed 697(171KB) AllocSpace objects, 2(40KB) LOS objects, 29% free, 38MB/54MB, paused 1.040ms total 34.816ms
08-04 02:26:20.243 30987 30987 D AndroidRuntime: >>>>>> START com.android.internal.os.RuntimeInit uid 2000 <<<<<<
08-04 02:26:20.247 30987 30987 D AndroidRuntime: CheckJNI is OFF
08-04 02:26:20.278 30987 30987 D ICU     : No timezone override file found: /data/misc/zoneinfo/current/icu/icu_tzdata.dat
08-04 02:26:20.310 30987 30987 I Radio-JNI: register_android_hardware_Radio DONE
08-04 02:26:20.332 30987 30987 D AndroidRuntime: Calling main entry com.android.commands.input.Input
08-04 02:26:20.333 30987 30987 I Input   : injectMotionEvent: MotionEvent { action=ACTION_DOWN, actionButton=0, id[0]=0, x[0]=553.0, y[0]=442.0, toolType[0]=TOOL_TYPE_UNKNOWN, buttonState=0, metaState=0, flags=0x0, edgeFlags=0x0, pointerCount=1, historySize=0, eventTime=671196746, downTime=671196746, deviceId=0, source=0x1002 }
08-04 02:26:20.337 30987 30987 I Input   : injectMotionEvent: MotionEvent { action=ACTION_UP, actionButton=0, id[0]=0, x[0]=553.0, y[0]=442.0, toolType[0]=TOOL_TYPE_UNKNOWN, buttonState=0, metaState=0, flags=0x0, edgeFlags=0x0, pointerCount=1, historySize=0, eventTime=671196746, downTime=671196746, deviceId=0, source=0x1002 }
08-04 02:26:20.339 30987 30987 D AndroidRuntime: Shutting down VM
08-04 02:26:20.376 11040 11053 I art     : Starting a blocking GC Explicit
08-04 02:26:20.406   918  6111 I ActivityManager: START u0 {cmp=baseline.com.newsblur/.activity.AllSharedStoriesItemsList (has extras)} from uid 10652 on display 0
08-04 02:26:20.416 11040 11053 I art     : Explicit concurrent mark sweep GC freed 2010(157KB) AllocSpace objects, 1(20KB) LOS objects, 29% free, 38MB/54MB, paused 1.181ms total 39.262ms
08-04 02:26:20.427 11040 11053 I art     : Starting a blocking GC Explicit
08-04 02:26:20.434 11040 30005 I baseline.com.newsblur.database.BlurDatabaseHelper: reading session reset
08-04 02:26:20.464 11040 11053 I art     : Explicit concurrent mark sweep GC freed 1750(174KB) AllocSpace objects, 5(192KB) LOS objects, 29% free, 38MB/54MB, paused 1.110ms total 36.704ms
08-04 02:26:20.474 11040 11053 I art     : Starting a blocking GC Explicit
08-04 02:26:20.509 11040 11053 I art     : Explicit concurrent mark sweep GC freed 294(13KB) AllocSpace objects, 0(0B) LOS objects, 29% free, 38MB/54MB, paused 1.103ms total 35.465ms
08-04 02:26:20.520 11040 11053 I art     : Starting a blocking GC Explicit
08-04 02:26:20.558 11040 11053 I art     : Explicit concurrent mark sweep GC freed 578(45KB) AllocSpace objects, 1(20KB) LOS objects, 29% free, 38MB/54MB, paused 1.277ms total 38.336ms
08-04 02:26:20.568 11040 11053 I art     : Starting a blocking GC Explicit
08-04 02:26:20.599 11040 11040 W View    : requestLayout() improperly called by android.widget.FrameLayout{80e1d53 V.E...... ......ID 0,0-1440,0 #7f07003f app:id/footer_view_inner} during layout: running second layout pass
08-04 02:26:20.599 11040 11040 W View    : requestLayout() improperly called by android.widget.FrameLayout{c23f690 V.E...... ......ID 0,0-1440,2091 #7f07003f app:id/footer_view_inner} during layout: running second layout pass
08-04 02:26:20.608 11040 11053 I art     : Explicit concurrent mark sweep GC freed 335(33KB) AllocSpace objects, 1(20KB) LOS objects, 29% free, 38MB/54MB, paused 1.246ms total 39.431ms
08-04 02:26:20.616   918   936 I ActivityManager: Displayed baseline.com.newsblur/.activity.AllSharedStoriesItemsList: +199ms
08-04 02:26:20.617 13866 13866 I GoogleInputMethodServic: GoogleInputMethodService.onFinishInput():3138 
08-04 02:26:20.617 13866 13866 I GoogleInputMethodServic: GoogleInputMethodService.onStartInput():1808 
08-04 02:26:20.717 11040 31011 I NAPPA_EXPERIMENTATION: MetricNetworkRequestExecutionTime: REQUEST_DURATION_SYSTEM='59',REQUEST_DURATION_OKHTTP='58',REQUEST_SYNCHRONOUS='TRUE',RESPONSE_CODE='200',RESPONSE_METHOD='GET',RESPONSE_LENGTH_OKHTTP='43',RESPONSE_LENGTH_HEADER='43',REQUEST_PROTOCOL='http/1.1',REQUEST_URL='http://feeds.feedburner.com/~r/retort/~4/UffaFMiJbNs',
08-04 02:26:20.820 11040 29731 I NAPPA_EXPERIMENTATION: MetricNetworkRequestExecutionTime: REQUEST_DURATION_SYSTEM='150',REQUEST_DURATION_OKHTTP='150',REQUEST_SYNCHRONOUS='TRUE',RESPONSE_CODE='200',RESPONSE_METHOD='GET',RESPONSE_LENGTH_OKHTTP='56376',RESPONSE_LENGTH_HEADER='56376',REQUEST_PROTOCOL='h2',REQUEST_URL='https://images.fastcompany.net/image/upload/w_1280,q_auto,f_auto,fl_lossy/wp-cms/uploads/2020/07/p-1-quit-after-covid.jpg',
08-04 02:26:20.892 11040 29418 I art     : Starting a blocking GC Explicit
08-04 02:26:20.929 11040 29418 I art     : Explicit concurrent mark sweep GC freed 4048(292KB) AllocSpace objects, 14(3MB) LOS objects, 28% free, 40MB/56MB, paused 1.149ms total 36.207ms
08-04 02:26:20.938 11040 29418 I art     : Starting a blocking GC Explicit
08-04 02:26:20.973 11040 29418 I art     : Explicit concurrent mark sweep GC freed 217(8KB) AllocSpace objects, 0(0B) LOS objects, 28% free, 40MB/56MB, paused 952us total 34.643ms
08-04 02:26:20.983 11040 29418 I art     : Starting a blocking GC Explicit
08-04 02:26:21.022 11040 29418 I art     : Explicit concurrent mark sweep GC freed 18(768B) AllocSpace objects, 0(0B) LOS objects, 28% free, 40MB/56MB, paused 1.108ms total 38.092ms
08-04 02:26:21.033 11040 29418 I art     : Starting a blocking GC Explicit
08-04 02:26:21.073 11040 29418 I art     : Explicit concurrent mark sweep GC freed 138(5KB) AllocSpace objects, 0(0B) LOS objects, 28% free, 40MB/56MB, paused 1.004ms total 39.666ms
08-04 02:26:21.084 11040 29418 I art     : Starting a blocking GC Explicit
08-04 02:26:21.123 11040 29418 I art     : Explicit concurrent mark sweep GC freed 6(192B) AllocSpace objects, 0(0B) LOS objects, 28% free, 40MB/56MB, paused 1.154ms total 39.284ms
08-04 02:26:21.449 11040 11052 I art     : Starting a blocking GC Explicit
08-04 02:26:21.490 11040 11052 I art     : Explicit concurrent mark sweep GC freed 1466(83KB) AllocSpace objects, 1(20KB) LOS objects, 28% free, 40MB/56MB, paused 1.103ms total 40.487ms
08-04 02:26:21.501 11040 11052 I art     : Starting a blocking GC Explicit
08-04 02:26:21.541 11040 11052 I art     : Explicit concurrent mark sweep GC freed 25(880B) AllocSpace objects, 0(0B) LOS objects, 28% free, 40MB/56MB, paused 1.095ms total 39.696ms
08-04 02:26:21.551 11040 11052 I art     : Starting a blocking GC Explicit
08-04 02:26:21.590 11040 11052 I art     : Explicit concurrent mark sweep GC freed 6(192B) AllocSpace objects, 0(0B) LOS objects, 28% free, 40MB/56MB, paused 1.086ms total 38.768ms
08-04 02:26:21.601 11040 11052 I art     : Starting a blocking GC Explicit
08-04 02:26:21.641 11040 11052 I art     : Explicit concurrent mark sweep GC freed 6(192B) AllocSpace objects, 0(0B) LOS objects, 28% free, 40MB/56MB, paused 1.094ms total 39.791ms
08-04 02:26:21.651 11040 11052 I art     : Starting a blocking GC Explicit
08-04 02:26:21.691 11040 11052 I art     : Explicit concurrent mark sweep GC freed 6(192B) AllocSpace objects, 0(0B) LOS objects, 28% free, 40MB/56MB, paused 1.087ms total 39.775ms
08-04 02:26:21.778   518   646 I ThermalEngine: ACTION: GPU - Setting GPU[0] to 450000000
08-04 02:26:22.055 11040 11052 I art     : Starting a blocking GC Explicit
08-04 02:26:22.108 11040 11052 I art     : Explicit concurrent mark sweep GC freed 1500(84KB) AllocSpace objects, 1(20KB) LOS objects, 28% free, 40MB/56MB, paused 1.564ms total 52.779ms
08-04 02:26:22.122 11040 11052 I art     : Starting a blocking GC Explicit
08-04 02:26:22.171 11040 11052 I art     : Explicit concurrent mark sweep GC freed 26(912B) AllocSpace objects, 0(0B) LOS objects, 28% free, 40MB/56MB, paused 1.380ms total 48.950ms
08-04 02:26:22.184 11040 11052 I art     : Starting a blocking GC Explicit
08-04 02:26:22.234 11040 11052 I art     : Explicit concurrent mark sweep GC freed 6(192B) AllocSpace objects, 0(0B) LOS objects, 28% free, 40MB/56MB, paused 1.435ms total 49.657ms
08-04 02:26:22.248 11040 11052 I art     : Starting a blocking GC Explicit
08-04 02:26:22.296 11040 11052 I art     : Explicit concurrent mark sweep GC freed 7(224B) AllocSpace objects, 0(0B) LOS objects, 28% free, 40MB/56MB, paused 1.462ms total 48.563ms
08-04 02:26:22.310 11040 11052 I art     : Starting a blocking GC Explicit
08-04 02:26:22.361 11040 11052 I art     : Explicit concurrent mark sweep GC freed 7(224B) AllocSpace objects, 0(0B) LOS objects, 28% free, 40MB/56MB, paused 1.485ms total 50.365ms
08-04 02:26:22.748 11040 11052 I art     : Starting a blocking GC Explicit
08-04 02:26:22.802 11040 11052 I art     : Explicit concurrent mark sweep GC freed 1473(84KB) AllocSpace objects, 1(20KB) LOS objects, 28% free, 40MB/56MB, paused 1.390ms total 53.780ms
08-04 02:26:22.816 11040 11052 I art     : Starting a blocking GC Explicit
08-04 02:26:22.866 11040 11052 I art     : Explicit concurrent mark sweep GC freed 25(880B) AllocSpace objects, 0(0B) LOS objects, 28% free, 40MB/56MB, paused 1.423ms total 49.808ms
08-04 02:26:22.880 11040 11052 I art     : Starting a blocking GC Explicit
08-04 02:26:22.931 11040 11052 I art     : Explicit concurrent mark sweep GC freed 7(224B) AllocSpace objects, 0(0B) LOS objects, 28% free, 40MB/56MB, paused 1.598ms total 50.722ms
08-04 02:26:22.945 11040 11052 I art     : Starting a blocking GC Explicit
08-04 02:26:22.995 11040 11052 I art     : Explicit concurrent mark sweep GC freed 7(224B) AllocSpace objects, 0(0B) LOS objects, 28% free, 40MB/56MB, paused 1.520ms total 49.796ms
08-04 02:26:23.008 11040 11052 I art     : Starting a blocking GC Explicit
08-04 02:26:23.059 11040 11052 I art     : Explicit concurrent mark sweep GC freed 98(3KB) AllocSpace objects, 0(0B) LOS objects, 28% free, 40MB/56MB, paused 1.623ms total 50.357ms
08-04 02:26:23.426 11040 30393 I art     : Starting a blocking GC Explicit
08-04 02:26:23.477 11040 30393 I art     : Explicit concurrent mark sweep GC freed 1551(89KB) AllocSpace objects, 1(20KB) LOS objects, 28% free, 40MB/56MB, paused 1.583ms total 51.022ms
08-04 02:26:23.491 11040 30393 I art     : Starting a blocking GC Explicit
08-04 02:26:23.541 11040 30393 I art     : Explicit concurrent mark sweep GC freed 26(912B) AllocSpace objects, 0(0B) LOS objects, 28% free, 40MB/56MB, paused 1.404ms total 49.759ms
08-04 02:26:23.555 11040 30393 I art     : Starting a blocking GC Explicit
08-04 02:26:23.606 11040 30393 I art     : Explicit concurrent mark sweep GC freed 1670(64KB) AllocSpace objects, 0(0B) LOS objects, 28% free, 40MB/56MB, paused 1.456ms total 50.870ms
08-04 02:26:23.612 11040 30397 E baseline.com.newsblur.network.APIResponse: Error (unexpected end of stream on https://www.newsblur.com/...) calling https://www.newsblur.com/reader/mark_story_hashes_as_read/
08-04 02:26:23.612 11040 30397 E baseline.com.newsblur.network.APIResponse: java.io.IOException: unexpected end of stream on https://www.newsblur.com/...
08-04 02:26:23.612 11040 30397 E baseline.com.newsblur.network.APIResponse: 	at okhttp3.internal.http1.Http1ExchangeCodec.readResponseHeaders(Http1ExchangeCodec.java:236)
08-04 02:26:23.612 11040 30397 E baseline.com.newsblur.network.APIResponse: 	at okhttp3.internal.connection.Exchange.readResponseHeaders(Exchange.java:115)
08-04 02:26:23.612 11040 30397 E baseline.com.newsblur.network.APIResponse: 	at okhttp3.internal.http.CallServerInterceptor.intercept(CallServerInterceptor.java:94)
08-04 02:26:23.612 11040 30397 E baseline.com.newsblur.network.APIResponse: 	at okhttp3.internal.http.RealInterceptorChain.proceed(RealInterceptorChain.java:142)
08-04 02:26:23.612 11040 30397 E baseline.com.newsblur.network.APIResponse: 	at okhttp3.internal.connection.ConnectInterceptor.intercept(ConnectInterceptor.java:43)
08-04 02:26:23.612 11040 30397 E baseline.com.newsblur.network.APIResponse: 	at okhttp3.internal.http.RealInterceptorChain.proceed(RealInterceptorChain.java:142)
08-04 02:26:23.612 11040 30397 E baseline.com.newsblur.network.APIResponse: 	at okhttp3.internal.http.RealInterceptorChain.proceed(RealInterceptorChain.java:117)
08-04 02:26:23.612 11040 30397 E baseline.com.newsblur.network.APIResponse: 	at okhttp3.internal.cache.CacheInterceptor.intercept(CacheInterceptor.java:94)
08-04 02:26:23.612 11040 30397 E baseline.com.newsblur.network.APIResponse: 	at okhttp3.internal.http.RealInterceptorChain.proceed(RealInterceptorChain.java:142)
08-04 02:26:23.612 11040 30397 E baseline.com.newsblur.network.APIResponse: 	at okhttp3.internal.http.RealInterceptorChain.proceed(RealInterceptorChain.java:117)
08-04 02:26:23.612 11040 30397 E baseline.com.newsblur.network.APIResponse: 	at okhttp3.internal.http.BridgeInterceptor.intercept(BridgeInterceptor.java:93)
08-04 02:26:23.612 11040 30397 E baseline.com.newsblur.network.APIResponse: 	at okhttp3.internal.http.RealInterceptorChain.proceed(RealInterceptorChain.java:142)
08-04 02:26:23.612 11040 30397 E baseline.com.newsblur.network.APIResponse: 	at okhttp3.internal.http.RetryAndFollowUpInterceptor.intercept(RetryAndFollowUpInterceptor.java:88)
08-04 02:26:23.612 11040 30397 E baseline.com.newsblur.network.APIResponse: 	at okhttp3.internal.http.RealInterceptorChain.proceed(RealInterceptorChain.java:142)
08-04 02:26:23.612 11040 30397 E baseline.com.newsblur.network.APIResponse: 	at okhttp3.internal.http.RealInterceptorChain.proceed(RealInterceptorChain.java:117)
08-04 02:26:23.612 11040 30397 E baseline.com.newsblur.network.APIResponse: 	at okhttp3.RealCall.getResponseWithInterceptorChain(RealCall.java:229)
08-04 02:26:23.612 11040 30397 E baseline.com.newsblur.network.APIResponse: 	at okhttp3.RealCall.execute(RealCall.java:81)
08-04 02:26:23.612 11040 30397 E baseline.com.newsblur.network.APIResponse: 	at baseline.com.newsblur.network.APIResponse.<init>(APIResponse.java:57)
08-04 02:26:23.612 11040 30397 E baseline.com.newsblur.network.APIResponse: 	at baseline.com.newsblur.network.APIResponse.<init>(APIResponse.java:43)
08-04 02:26:23.612 11040 30397 E baseline.com.newsblur.network.APIResponse: 	at baseline.com.newsblur.network.APIManager.post_single(APIManager.java:702)
08-04 02:26:23.612 11040 30397 E baseline.com.newsblur.network.APIResponse: 	at baseline.com.newsblur.network.APIManager.post(APIManager.java:675)
08-04 02:26:23.612 11040 30397 E baseline.com.newsblur.network.APIResponse: 	at baseline.com.newsblur.network.APIManager.post(APIManager.java:714)
08-04 02:26:23.612 11040 30397 E baseline.com.newsblur.network.APIResponse: 	at baseline.com.newsblur.network.APIManager.markStoryAsRead(APIManager.java:205)
08-04 02:26:23.612 11040 30397 E baseline.com.newsblur.network.APIResponse: 	at baseline.com.newsblur.util.ReadingAction.doRemote(ReadingAction.java:281)
08-04 02:26:23.612 11040 30397 E baseline.com.newsblur.network.APIResponse: 	at baseline.com.newsblur.service.NBSyncService.syncActions(NBSyncService.java:400)
08-04 02:26:23.612 11040 30397 E baseline.com.newsblur.network.APIResponse: 	at baseline.com.newsblur.service.NBSyncService.doSync(NBSyncService.java:298)
08-04 02:26:23.612 11040 30397 E baseline.com.newsblur.network.APIResponse: 	at baseline.com.newsblur.service.NBSyncService.access$100(NBSyncService.java:67)
08-04 02:26:23.612 11040 30397 E baseline.com.newsblur.network.APIResponse: 	at baseline.com.newsblur.service.NBSyncService$1.run(NBSyncService.java:188)
08-04 02:26:23.612 11040 30397 E baseline.com.newsblur.network.APIResponse: 	at java.util.concurrent.ThreadPoolExecutor.runWorker(ThreadPoolExecutor.java:1113)
08-04 02:26:23.612 11040 30397 E baseline.com.newsblur.network.APIResponse: 	at java.util.concurrent.ThreadPoolExecutor$Worker.run(ThreadPoolExecutor.java:588)
08-04 02:26:23.612 11040 30397 E baseline.com.newsblur.network.APIResponse: 	at java.lang.Thread.run(Thread.java:818)
08-04 02:26:23.612 11040 30397 E baseline.com.newsblur.network.APIResponse: Caused by: java.io.EOFException: \n not found: limit=0 content=
08-04 02:26:23.612 11040 30397 E baseline.com.newsblur.network.APIResponse: 	at okio.RealBufferedSource.readUtf8LineStrict(RealBufferedSource.java:240)
08-04 02:26:23.612 11040 30397 E baseline.com.newsblur.network.APIResponse: 	at okhttp3.internal.http1.Http1ExchangeCodec.readHeaderLine(Http1ExchangeCodec.java:242)
08-04 02:26:23.612 11040 30397 E baseline.com.newsblur.network.APIResponse: 	at okhttp3.internal.http1.Http1ExchangeCodec.readResponseHeaders(Http1ExchangeCodec.java:213)
08-04 02:26:23.612 11040 30397 E baseline.com.newsblur.network.APIResponse: 	... 30 more
08-04 02:26:23.614 11040 30397 I baseline.com.newsblur.service.NBSyncService: Holding reading action with server-side or network error.
08-04 02:26:23.619 11040 30393 I art     : Starting a blocking GC Explicit
08-04 02:26:23.625 11040 30397 W baseline.com.newsblur.service.NBSyncService: hard API failure
08-04 02:26:23.638 11040 30397 I baseline.com.newsblur.service.NBSyncService: recounting dirty feed sets: 1
08-04 02:26:23.669 11040 30393 I art     : Explicit concurrent mark sweep GC freed 1759(293KB) AllocSpace objects, 4(80KB) LOS objects, 28% free, 40MB/56MB, paused 1.675ms total 49.401ms
08-04 02:26:23.683 11040 30393 I art     : Starting a blocking GC Explicit
08-04 02:26:23.734 11040 30393 I art     : Explicit concurrent mark sweep GC freed 215(8KB) AllocSpace objects, 0(0B) LOS objects, 28% free, 40MB/56MB, paused 1.565ms total 51.253ms
08-04 02:26:24.010 11040 30397 E baseline.com.newsblur.network.APIResponse: Error (unexpected end of stream on https://www.newsblur.com/...) calling https://www.newsblur.com/reader/feed_unread_count?feed_id=0
08-04 02:26:24.010 11040 30397 E baseline.com.newsblur.network.APIResponse: java.io.IOException: unexpected end of stream on https://www.newsblur.com/...
08-04 02:26:24.010 11040 30397 E baseline.com.newsblur.network.APIResponse: 	at okhttp3.internal.http1.Http1ExchangeCodec.readResponseHeaders(Http1ExchangeCodec.java:236)
08-04 02:26:24.010 11040 30397 E baseline.com.newsblur.network.APIResponse: 	at okhttp3.internal.connection.Exchange.readResponseHeaders(Exchange.java:115)
08-04 02:26:24.010 11040 30397 E baseline.com.newsblur.network.APIResponse: 	at okhttp3.internal.http.CallServerInterceptor.intercept(CallServerInterceptor.java:94)
08-04 02:26:24.010 11040 30397 E baseline.com.newsblur.network.APIResponse: 	at okhttp3.internal.http.RealInterceptorChain.proceed(RealInterceptorChain.java:142)
08-04 02:26:24.010 11040 30397 E baseline.com.newsblur.network.APIResponse: 	at okhttp3.internal.connection.ConnectInterceptor.intercept(ConnectInterceptor.java:43)
08-04 02:26:24.010 11040 30397 E baseline.com.newsblur.network.APIResponse: 	at okhttp3.internal.http.RealInterceptorChain.proceed(RealInterceptorChain.java:142)
08-04 02:26:24.010 11040 30397 E baseline.com.newsblur.network.APIResponse: 	at okhttp3.internal.http.RealInterceptorChain.proceed(RealInterceptorChain.java:117)
08-04 02:26:24.010 11040 30397 E baseline.com.newsblur.network.APIResponse: 	at okhttp3.internal.cache.CacheInterceptor.intercept(CacheInterceptor.java:94)
08-04 02:26:24.010 11040 30397 E baseline.com.newsblur.network.APIResponse: 	at okhttp3.internal.http.RealInterceptorChain.proceed(RealInterceptorChain.java:142)
08-04 02:26:24.010 11040 30397 E baseline.com.newsblur.network.APIResponse: 	at okhttp3.internal.http.RealInterceptorChain.proceed(RealInterceptorChain.java:117)
08-04 02:26:24.010 11040 30397 E baseline.com.newsblur.network.APIResponse: 	at okhttp3.internal.http.BridgeInterceptor.intercept(BridgeInterceptor.java:93)
08-04 02:26:24.010 11040 30397 E baseline.com.newsblur.network.APIResponse: 	at okhttp3.internal.http.RealInterceptorChain.proceed(RealInterceptorChain.java:142)
08-04 02:26:24.010 11040 30397 E baseline.com.newsblur.network.APIResponse: 	at okhttp3.internal.http.RetryAndFollowUpInterceptor.intercept(RetryAndFollowUpInterceptor.java:88)
08-04 02:26:24.010 11040 30397 E baseline.com.newsblur.network.APIResponse: 	at okhttp3.internal.http.RealInterceptorChain.proceed(RealInterceptorChain.java:142)
08-04 02:26:24.010 11040 30397 E baseline.com.newsblur.network.APIResponse: 	at okhttp3.internal.http.RealInterceptorChain.proceed(RealInterceptorChain.java:117)
08-04 02:26:24.010 11040 30397 E baseline.com.newsblur.network.APIResponse: 	at okhttp3.RealCall.getResponseWithInterceptorChain(RealCall.java:229)
08-04 02:26:24.010 11040 30397 E baseline.com.newsblur.network.APIResponse: 	at okhttp3.RealCall.execute(RealCall.java:81)
08-04 02:26:24.010 11040 30397 E baseline.com.newsblur.network.APIResponse: 	at baseline.com.newsblur.network.APIResponse.<init>(APIResponse.java:57)
08-04 02:26:24.010 11040 30397 E baseline.com.newsblur.network.APIResponse: 	at baseline.com.newsblur.network.APIManager.get_single(APIManager.java:639)
08-04 02:26:24.010 11040 30397 E baseline.com.newsblur.network.APIResponse: 	at baseline.com.newsblur.network.APIManager.get(APIManager.java:625)
08-04 02:26:24.010 11040 30397 E baseline.com.newsblur.network.APIResponse: 	at baseline.com.newsblur.network.APIManager.get(APIManager.java:667)
08-04 02:26:24.010 11040 30397 E baseline.com.newsblur.network.APIResponse: 	at baseline.com.newsblur.network.APIManager.getFeedUnreadCounts(APIManager.java:274)
08-04 02:26:24.010 11040 30397 E baseline.com.newsblur.network.APIResponse: 	at baseline.com.newsblur.service.NBSyncService.checkRecounts(NBSyncService.java:660)
08-04 02:26:24.010 11040 30397 E baseline.com.newsblur.network.APIResponse: 	at baseline.com.newsblur.service.NBSyncService.doSync(NBSyncService.java:310)
08-04 02:26:24.010 11040 30397 E baseline.com.newsblur.network.APIResponse: 	at baseline.com.newsblur.service.NBSyncService.access$100(NBSyncService.java:67)
08-04 02:26:24.010 11040 30397 E baseline.com.newsblur.network.APIResponse: 	at baseline.com.newsblur.service.NBSyncService$1.run(NBSyncService.java:188)
08-04 02:26:24.010 11040 30397 E baseline.com.newsblur.network.APIResponse: 	at java.util.concurrent.ThreadPoolExecutor.runWorker(ThreadPoolExecutor.java:1113)
08-04 02:26:24.010 11040 30397 E baseline.com.newsblur.network.APIResponse: 	at java.util.concurrent.ThreadPoolExecutor$Worker.run(ThreadPoolExecutor.java:588)
08-04 02:26:24.010 11040 30397 E baseline.com.newsblur.network.APIResponse: 	at java.lang.Thread.run(Thread.java:818)
08-04 02:26:24.010 11040 30397 E baseline.com.newsblur.network.APIResponse: Caused by: java.io.EOFException: \n not found: limit=0 content=
08-04 02:26:24.010 11040 30397 E baseline.com.newsblur.network.APIResponse: 	at okio.RealBufferedSource.readUtf8LineStrict(RealBufferedSource.java:240)
08-04 02:26:24.010 11040 30397 E baseline.com.newsblur.network.APIResponse: 	at okhttp3.internal.http1.Http1ExchangeCodec.readHeaderLine(Http1ExchangeCodec.java:242)
08-04 02:26:24.010 11040 30397 E baseline.com.newsblur.network.APIResponse: 	at okhttp3.internal.http1.Http1ExchangeCodec.readResponseHeaders(Http1ExchangeCodec.java:213)
08-04 02:26:24.010 11040 30397 E baseline.com.newsblur.network.APIResponse: 	... 28 more
08-04 02:26:24.011 11040 30397 I baseline.com.newsblur.network.APIManager: API call failed, pausing before retry number 1
08-04 02:26:24.117 11040 29418 I art     : Starting a blocking GC Explicit
08-04 02:26:24.171 11040 29418 I art     : Explicit concurrent mark sweep GC freed 3988(357KB) AllocSpace objects, 3(60KB) LOS objects, 28% free, 40MB/56MB, paused 1.514ms total 53.418ms
08-04 02:26:24.184 11040 29418 I art     : Starting a blocking GC Explicit
08-04 02:26:24.232 11040 29418 I art     : Explicit concurrent mark sweep GC freed 124(4KB) AllocSpace objects, 0(0B) LOS objects, 28% free, 40MB/56MB, paused 1.473ms total 47.430ms
08-04 02:26:24.245 11040 29418 I art     : Starting a blocking GC Explicit
08-04 02:26:24.297 11040 29418 I art     : Explicit concurrent mark sweep GC freed 7(224B) AllocSpace objects, 0(0B) LOS objects, 28% free, 40MB/56MB, paused 1.526ms total 52.013ms
08-04 02:26:24.310 11040 29418 I art     : Starting a blocking GC Explicit
08-04 02:26:24.360 11040 29418 I art     : Explicit concurrent mark sweep GC freed 7(224B) AllocSpace objects, 0(0B) LOS objects, 28% free, 40MB/56MB, paused 1.563ms total 49.828ms
08-04 02:26:24.374 11040 29418 I art     : Starting a blocking GC Explicit
08-04 02:26:24.426 11040 29418 I art     : Explicit concurrent mark sweep GC freed 7(224B) AllocSpace objects, 0(0B) LOS objects, 28% free, 40MB/56MB, paused 1.501ms total 51.366ms
08-04 02:26:24.780   518   646 I ThermalEngine: ACTION: GPU - Setting GPU[0] to 510000000
08-04 02:26:24.818 11040 11052 I art     : Starting a blocking GC Explicit
08-04 02:26:24.859 11040 11052 I art     : Explicit concurrent mark sweep GC freed 1470(83KB) AllocSpace objects, 1(20KB) LOS objects, 28% free, 40MB/56MB, paused 1.129ms total 41.357ms
08-04 02:26:24.870 11040 11052 I art     : Starting a blocking GC Explicit
08-04 02:26:24.910 11040 11052 I art     : Explicit concurrent mark sweep GC freed 25(880B) AllocSpace objects, 0(0B) LOS objects, 28% free, 40MB/56MB, paused 1.128ms total 40.118ms
08-04 02:26:24.921 11040 11052 I art     : Starting a blocking GC Explicit
08-04 02:26:24.959 11040 11052 I art     : Explicit concurrent mark sweep GC freed 6(192B) AllocSpace objects, 0(0B) LOS objects, 28% free, 40MB/56MB, paused 1.007ms total 38.201ms
08-04 02:26:24.969 11040 11052 I art     : Starting a blocking GC Explicit
08-04 02:26:25.010 11040 11052 I art     : Explicit concurrent mark sweep GC freed 6(192B) AllocSpace objects, 0(0B) LOS objects, 28% free, 40MB/56MB, paused 1.020ms total 40.090ms
08-04 02:26:25.020 11040 11052 I art     : Starting a blocking GC Explicit
08-04 02:26:25.060 11040 11052 I art     : Explicit concurrent mark sweep GC freed 6(192B) AllocSpace objects, 0(0B) LOS objects, 28% free, 40MB/56MB, paused 1.089ms total 39.304ms
08-04 02:26:25.418 11040 29418 I art     : Starting a blocking GC Explicit
08-04 02:26:25.458 11040 29418 I art     : Explicit concurrent mark sweep GC freed 1468(83KB) AllocSpace objects, 1(20KB) LOS objects, 28% free, 40MB/56MB, paused 1.116ms total 39.999ms
08-04 02:26:25.469 11040 29418 I art     : Starting a blocking GC Explicit
08-04 02:26:25.508 11040 29418 I art     : Explicit concurrent mark sweep GC freed 25(880B) AllocSpace objects, 0(0B) LOS objects, 28% free, 40MB/56MB, paused 1.077ms total 39.022ms
08-04 02:26:25.518 11040 29418 I art     : Starting a blocking GC Explicit
08-04 02:26:25.559 11040 29418 I art     : Explicit concurrent mark sweep GC freed 98(3KB) AllocSpace objects, 0(0B) LOS objects, 28% free, 40MB/56MB, paused 1.152ms total 40.290ms
08-04 02:26:25.569 11040 29418 I art     : Starting a blocking GC Explicit
08-04 02:26:25.610 11040 29418 I art     : Explicit concurrent mark sweep GC freed 25(1040B) AllocSpace objects, 0(0B) LOS objects, 28% free, 40MB/56MB, paused 1.210ms total 41.076ms
08-04 02:26:25.621 11040 29418 I art     : Starting a blocking GC Explicit
08-04 02:26:25.660 11040 29418 I art     : Explicit concurrent mark sweep GC freed 68(4KB) AllocSpace objects, 0(0B) LOS objects, 28% free, 40MB/56MB, paused 1.064ms total 39.157ms
08-04 02:26:26.013 11040 11053 I art     : Starting a blocking GC Explicit
08-04 02:26:26.055 11040 11053 I art     : Explicit concurrent mark sweep GC freed 3125(148KB) AllocSpace objects, 1(20KB) LOS objects, 28% free, 40MB/56MB, paused 1.107ms total 41.575ms
08-04 02:26:26.066 11040 11053 I art     : Starting a blocking GC Explicit
08-04 02:26:26.071 11040 30397 E baseline.com.newsblur.network.APIResponse: Error (unexpected end of stream on https://www.newsblur.com/...) calling https://www.newsblur.com/reader/feed_unread_count?feed_id=0
08-04 02:26:26.071 11040 30397 E baseline.com.newsblur.network.APIResponse: java.io.IOException: unexpected end of stream on https://www.newsblur.com/...
08-04 02:26:26.071 11040 30397 E baseline.com.newsblur.network.APIResponse: 	at okhttp3.internal.http1.Http1ExchangeCodec.readResponseHeaders(Http1ExchangeCodec.java:236)
08-04 02:26:26.071 11040 30397 E baseline.com.newsblur.network.APIResponse: 	at okhttp3.internal.connection.Exchange.readResponseHeaders(Exchange.java:115)
08-04 02:26:26.071 11040 30397 E baseline.com.newsblur.network.APIResponse: 	at okhttp3.internal.http.CallServerInterceptor.intercept(CallServerInterceptor.java:94)
08-04 02:26:26.071 11040 30397 E baseline.com.newsblur.network.APIResponse: 	at okhttp3.internal.http.RealInterceptorChain.proceed(RealInterceptorChain.java:142)
08-04 02:26:26.071 11040 30397 E baseline.com.newsblur.network.APIResponse: 	at okhttp3.internal.connection.ConnectInterceptor.intercept(ConnectInterceptor.java:43)
08-04 02:26:26.071 11040 30397 E baseline.com.newsblur.network.APIResponse: 	at okhttp3.internal.http.RealInterceptorChain.proceed(RealInterceptorChain.java:142)
08-04 02:26:26.071 11040 30397 E baseline.com.newsblur.network.APIResponse: 	at okhttp3.internal.http.RealInterceptorChain.proceed(RealInterceptorChain.java:117)
08-04 02:26:26.071 11040 30397 E baseline.com.newsblur.network.APIResponse: 	at okhttp3.internal.cache.CacheInterceptor.intercept(CacheInterceptor.java:94)
08-04 02:26:26.071 11040 30397 E baseline.com.newsblur.network.APIResponse: 	at okhttp3.internal.http.RealInterceptorChain.proceed(RealInterceptorChain.java:142)
08-04 02:26:26.071 11040 30397 E baseline.com.newsblur.network.APIResponse: 	at okhttp3.internal.http.RealInterceptorChain.proceed(RealInterceptorChain.java:117)
08-04 02:26:26.071 11040 30397 E baseline.com.newsblur.network.APIResponse: 	at okhttp3.internal.http.BridgeInterceptor.intercept(BridgeInterceptor.java:93)
08-04 02:26:26.071 11040 30397 E baseline.com.newsblur.network.APIResponse: 	at okhttp3.internal.http.RealInterceptorChain.proceed(RealInterceptorChain.java:142)
08-04 02:26:26.071 11040 30397 E baseline.com.newsblur.network.APIResponse: 	at okhttp3.internal.http.RetryAndFollowUpInterceptor.intercept(RetryAndFollowUpInterceptor.java:88)
08-04 02:26:26.071 11040 30397 E baseline.com.newsblur.network.APIResponse: 	at okhttp3.internal.http.RealInterceptorChain.proceed(RealInterceptorChain.java:142)
08-04 02:26:26.071 11040 30397 E baseline.com.newsblur.network.APIResponse: 	at okhttp3.internal.http.RealInterceptorChain.proceed(RealInterceptorChain.java:117)
08-04 02:26:26.071 11040 30397 E baseline.com.newsblur.network.APIResponse: 	at okhttp3.RealCall.getResponseWithInterceptorChain(RealCall.java:229)
08-04 02:26:26.071 11040 30397 E baseline.com.newsblur.network.APIResponse: 	at okhttp3.RealCall.execute(RealCall.java:81)
08-04 02:26:26.071 11040 30397 E baseline.com.newsblur.network.APIResponse: 	at baseline.com.newsblur.network.APIResponse.<init>(APIResponse.java:57)
08-04 02:26:26.071 11040 30397 E baseline.com.newsblur.network.APIResponse: 	at baseline.com.newsblur.network.APIManager.get_single(APIManager.java:639)
08-04 02:26:26.071 11040 30397 E baseline.com.newsblur.network.APIResponse: 	at baseline.com.newsblur.network.APIManager.get(APIManager.java:625)
08-04 02:26:26.071 11040 30397 E baseline.com.newsblur.network.APIResponse: 	at baseline.com.newsblur.network.APIManager.get(APIManager.java:667)
08-04 02:26:26.071 11040 30397 E baseline.com.newsblur.network.APIResponse: 	at baseline.com.newsblur.network.APIManager.getFeedUnreadCounts(APIManager.java:274)
08-04 02:26:26.071 11040 30397 E baseline.com.newsblur.network.APIResponse: 	at baseline.com.newsblur.service.NBSyncService.checkRecounts(NBSyncService.java:660)
08-04 02:26:26.071 11040 30397 E baseline.com.newsblur.network.APIResponse: 	at baseline.com.newsblur.service.NBSyncService.doSync(NBSyncService.java:310)
08-04 02:26:26.071 11040 30397 E baseline.com.newsblur.network.APIResponse: 	at baseline.com.newsblur.service.NBSyncService.access$100(NBSyncService.java:67)
08-04 02:26:26.071 11040 30397 E baseline.com.newsblur.network.APIResponse: 	at baseline.com.newsblur.service.NBSyncService$1.run(NBSyncService.java:188)
08-04 02:26:26.071 11040 30397 E baseline.com.newsblur.network.APIResponse: 	at java.util.concurrent.ThreadPoolExecutor.runWorker(ThreadPoolExecutor.java:1113)
08-04 02:26:26.071 11040 30397 E baseline.com.newsblur.network.APIResponse: 	at java.util.concurrent.ThreadPoolExecutor$Worker.run(ThreadPoolExecutor.java:588)
08-04 02:26:26.071 11040 30397 E baseline.com.newsblur.network.APIResponse: 	at java.lang.Thread.run(Thread.java:818)
08-04 02:26:26.071 11040 30397 E baseline.com.newsblur.network.APIResponse: Caused by: java.io.EOFException: \n not found: limit=0 content=
08-04 02:26:26.071 11040 30397 E baseline.com.newsblur.network.APIResponse: 	at okio.RealBufferedSource.readUtf8LineStrict(RealBufferedSource.java:240)
08-04 02:26:26.071 11040 30397 E baseline.com.newsblur.network.APIResponse: 	at okhttp3.internal.http1.Http1ExchangeCodec.readHeaderLine(Http1ExchangeCodec.java:242)
08-04 02:26:26.071 11040 30397 E baseline.com.newsblur.network.APIResponse: 	at okhttp3.internal.http1.Http1ExchangeCodec.readResponseHeaders(Http1ExchangeCodec.java:213)
08-04 02:26:26.071 11040 30397 E baseline.com.newsblur.network.APIResponse: 	... 28 more
08-04 02:26:26.074 11040 30397 I baseline.com.newsblur.network.APIManager: API call failed, pausing before retry number 2
08-04 02:26:26.104 11040 11053 I art     : Explicit concurrent mark sweep GC freed 828(195KB) AllocSpace objects, 2(40KB) LOS objects, 28% free, 40MB/56MB, paused 1.060ms total 37.958ms
08-04 02:26:26.114 11040 11053 I art     : Starting a blocking GC Explicit
08-04 02:26:26.152 11040 11053 I art     : Explicit concurrent mark sweep GC freed 113(16KB) AllocSpace objects, 0(0B) LOS objects, 28% free, 40MB/56MB, paused 1.045ms total 38.627ms
08-04 02:26:26.163 11040 11053 I art     : Starting a blocking GC Explicit
08-04 02:26:26.201 11040 11053 I art     : Explicit concurrent mark sweep GC freed 28(928B) AllocSpace objects, 0(0B) LOS objects, 28% free, 40MB/56MB, paused 1.075ms total 38.528ms
08-04 02:26:26.212 11040 11053 I art     : Starting a blocking GC Explicit
08-04 02:26:26.248 11040 11053 I art     : Explicit concurrent mark sweep GC freed 6(192B) AllocSpace objects, 0(0B) LOS objects, 28% free, 40MB/56MB, paused 1.093ms total 36.670ms
08-04 02:26:26.594 11040 11052 I art     : Starting a blocking GC Explicit
08-04 02:26:26.636 11040 11052 I art     : Explicit concurrent mark sweep GC freed 1467(83KB) AllocSpace objects, 1(20KB) LOS objects, 28% free, 40MB/56MB, paused 1.086ms total 41.287ms
08-04 02:26:26.646 11040 11052 I art     : Starting a blocking GC Explicit
08-04 02:26:26.685 11040 11052 I art     : Explicit concurrent mark sweep GC freed 25(880B) AllocSpace objects, 0(0B) LOS objects, 28% free, 40MB/56MB, paused 1.102ms total 38.638ms
08-04 02:26:26.696 11040 11052 I art     : Starting a blocking GC Explicit
08-04 02:26:26.735 11040 11052 I art     : Explicit concurrent mark sweep GC freed 6(192B) AllocSpace objects, 0(0B) LOS objects, 28% free, 40MB/56MB, paused 1.091ms total 39.076ms
08-04 02:26:26.745 11040 11052 I art     : Starting a blocking GC Explicit
08-04 02:26:26.784 11040 11052 I art     : Explicit concurrent mark sweep GC freed 6(192B) AllocSpace objects, 0(0B) LOS objects, 28% free, 40MB/56MB, paused 1.025ms total 38.892ms
08-04 02:26:26.795 11040 11052 I art     : Starting a blocking GC Explicit
08-04 02:26:26.833 11040 11052 I art     : Explicit concurrent mark sweep GC freed 6(192B) AllocSpace objects, 0(0B) LOS objects, 28% free, 40MB/56MB, paused 1.031ms total 37.878ms
08-04 02:26:27.170 11040 29418 I art     : Starting a blocking GC Explicit
08-04 02:26:27.265 11040 29418 I art     : Explicit concurrent mark sweep GC freed 1471(84KB) AllocSpace objects, 1(20KB) LOS objects, 28% free, 40MB/56MB, paused 2.019ms total 94.763ms
08-04 02:26:27.285 11040 29418 I art     : Starting a blocking GC Explicit
08-04 02:26:27.334 11040 29418 I art     : Explicit concurrent mark sweep GC freed 26(912B) AllocSpace objects, 0(0B) LOS objects, 28% free, 40MB/56MB, paused 1.052ms total 49.022ms
08-04 02:26:27.345 11040 29418 I art     : Starting a blocking GC Explicit
08-04 02:26:27.384 11040 29418 I art     : Explicit concurrent mark sweep GC freed 6(192B) AllocSpace objects, 0(0B) LOS objects, 28% free, 40MB/56MB, paused 1.083ms total 39.349ms
08-04 02:26:27.395 11040 29418 I art     : Starting a blocking GC Explicit
08-04 02:26:27.433 11040 29418 I art     : Explicit concurrent mark sweep GC freed 6(192B) AllocSpace objects, 0(0B) LOS objects, 28% free, 40MB/56MB, paused 1.043ms total 38.438ms
08-04 02:26:27.444 11040 29418 I art     : Starting a blocking GC Explicit
08-04 02:26:27.483 11040 29418 I art     : Explicit concurrent mark sweep GC freed 6(192B) AllocSpace objects, 0(0B) LOS objects, 28% free, 40MB/56MB, paused 1.014ms total 38.724ms
08-04 02:26:27.847 11040 11053 I art     : Starting a blocking GC Explicit
08-04 02:26:27.889 11040 11053 I art     : Explicit concurrent mark sweep GC freed 1467(83KB) AllocSpace objects, 1(20KB) LOS objects, 28% free, 40MB/56MB, paused 1.071ms total 40.966ms
08-04 02:26:27.900 11040 11053 I art     : Starting a blocking GC Explicit
08-04 02:26:27.938 11040 11053 I art     : Explicit concurrent mark sweep GC freed 25(880B) AllocSpace objects, 0(0B) LOS objects, 28% free, 40MB/56MB, paused 1.039ms total 38.261ms
08-04 02:26:27.949 11040 11053 I art     : Starting a blocking GC Explicit
08-04 02:26:27.988 11040 11053 I art     : Explicit concurrent mark sweep GC freed 6(192B) AllocSpace objects, 0(0B) LOS objects, 28% free, 40MB/56MB, paused 1.175ms total 38.876ms
08-04 02:26:27.998 11040 11053 I art     : Starting a blocking GC Explicit
08-04 02:26:28.038 11040 11053 I art     : Explicit concurrent mark sweep GC freed 6(192B) AllocSpace objects, 0(0B) LOS objects, 28% free, 40MB/56MB, paused 1.198ms total 39.454ms
08-04 02:26:28.048 11040 11053 I art     : Starting a blocking GC Explicit
08-04 02:26:28.087 11040 11053 I art     : Explicit concurrent mark sweep GC freed 6(192B) AllocSpace objects, 0(0B) LOS objects, 28% free, 40MB/56MB, paused 1.105ms total 38.521ms
08-04 02:26:28.247   918 13198 D NetlinkSocketObserver: NeighborEvent{elapsedMs=1654592122, 192.168.2.254, [7C3953A63323], RTM_NEWNEIGH, NUD_PROBE}
08-04 02:26:28.452 11040 11052 I art     : Starting a blocking GC Explicit
08-04 02:26:28.493 11040 11052 I art     : Explicit concurrent mark sweep GC freed 1468(83KB) AllocSpace objects, 1(20KB) LOS objects, 28% free, 40MB/56MB, paused 1.030ms total 40.789ms
08-04 02:26:28.504 11040 11052 I art     : Starting a blocking GC Explicit
08-04 02:26:28.544 11040 11052 I art     : Explicit concurrent mark sweep GC freed 25(880B) AllocSpace objects, 0(0B) LOS objects, 28% free, 40MB/56MB, paused 1.009ms total 39.977ms
08-04 02:26:28.555 11040 11052 I art     : Starting a blocking GC Explicit
08-04 02:26:28.594 11040 11052 I art     : Explicit concurrent mark sweep GC freed 5(160B) AllocSpace objects, 0(0B) LOS objects, 28% free, 40MB/56MB, paused 1.068ms total 39.285ms
08-04 02:26:28.605 11040 11052 I art     : Starting a blocking GC Explicit
08-04 02:26:28.644 11040 11052 I art     : Explicit concurrent mark sweep GC freed 7(224B) AllocSpace objects, 0(0B) LOS objects, 28% free, 40MB/56MB, paused 992us total 39.413ms
08-04 02:26:28.655 11040 11052 I art     : Starting a blocking GC Explicit
08-04 02:26:28.694 11040 11052 I art     : Explicit concurrent mark sweep GC freed 5(160B) AllocSpace objects, 0(0B) LOS objects, 28% free, 40MB/56MB, paused 1.047ms total 38.523ms
08-04 02:26:29.030 11040 29418 I art     : Starting a blocking GC Explicit
08-04 02:26:29.071 11040 29418 I art     : Explicit concurrent mark sweep GC freed 1466(83KB) AllocSpace objects, 1(20KB) LOS objects, 28% free, 40MB/56MB, paused 1.091ms total 41.117ms
08-04 02:26:29.081 11040 29418 I art     : Starting a blocking GC Explicit
08-04 02:26:29.121 11040 29418 I art     : Explicit concurrent mark sweep GC freed 118(4KB) AllocSpace objects, 0(0B) LOS objects, 28% free, 40MB/56MB, paused 1.165ms total 39.415ms
08-04 02:26:29.131 11040 29418 I art     : Starting a blocking GC Explicit
08-04 02:26:29.170 11040 29418 I art     : Explicit concurrent mark sweep GC freed 12(448B) AllocSpace objects, 0(0B) LOS objects, 28% free, 40MB/56MB, paused 1.164ms total 38.547ms
08-04 02:26:29.181 11040 29418 I art     : Starting a blocking GC Explicit
08-04 02:26:29.220 11040 29418 I art     : Explicit concurrent mark sweep GC freed 71(4KB) AllocSpace objects, 0(0B) LOS objects, 28% free, 40MB/56MB, paused 1.166ms total 39.111ms
08-04 02:26:29.230 11040 29418 I art     : Starting a blocking GC Explicit
08-04 02:26:29.269 11040 29418 I art     : Explicit concurrent mark sweep GC freed 15(1504B) AllocSpace objects, 0(0B) LOS objects, 28% free, 40MB/56MB, paused 1.157ms total 38.712ms
08-04 02:26:29.642 11040 30393 I art     : Starting a blocking GC Explicit
08-04 02:26:29.683 11040 30393 I art     : Explicit concurrent mark sweep GC freed 1468(83KB) AllocSpace objects, 1(20KB) LOS objects, 28% free, 40MB/56MB, paused 1.158ms total 40.564ms
08-04 02:26:29.693 11040 30393 I art     : Starting a blocking GC Explicit
08-04 02:26:29.733 11040 30393 I art     : Explicit concurrent mark sweep GC freed 1679(65KB) AllocSpace objects, 0(0B) LOS objects, 28% free, 40MB/56MB, paused 1.186ms total 39.551ms
08-04 02:26:29.744 11040 30393 I art     : Starting a blocking GC Explicit
08-04 02:26:29.764 11040 30397 E baseline.com.newsblur.network.APIResponse: Error (unexpected end of stream on https://www.newsblur.com/...) calling https://www.newsblur.com/reader/feed_unread_count?feed_id=0
08-04 02:26:29.764 11040 30397 E baseline.com.newsblur.network.APIResponse: java.io.IOException: unexpected end of stream on https://www.newsblur.com/...
08-04 02:26:29.764 11040 30397 E baseline.com.newsblur.network.APIResponse: 	at okhttp3.internal.http1.Http1ExchangeCodec.readResponseHeaders(Http1ExchangeCodec.java:236)
08-04 02:26:29.764 11040 30397 E baseline.com.newsblur.network.APIResponse: 	at okhttp3.internal.connection.Exchange.readResponseHeaders(Exchange.java:115)
08-04 02:26:29.764 11040 30397 E baseline.com.newsblur.network.APIResponse: 	at okhttp3.internal.http.CallServerInterceptor.intercept(CallServerInterceptor.java:94)
08-04 02:26:29.764 11040 30397 E baseline.com.newsblur.network.APIResponse: 	at okhttp3.internal.http.RealInterceptorChain.proceed(RealInterceptorChain.java:142)
08-04 02:26:29.764 11040 30397 E baseline.com.newsblur.network.APIResponse: 	at okhttp3.internal.connection.ConnectInterceptor.intercept(ConnectInterceptor.java:43)
08-04 02:26:29.764 11040 30397 E baseline.com.newsblur.network.APIResponse: 	at okhttp3.internal.http.RealInterceptorChain.proceed(RealInterceptorChain.java:142)
08-04 02:26:29.764 11040 30397 E baseline.com.newsblur.network.APIResponse: 	at okhttp3.internal.http.RealInterceptorChain.proceed(RealInterceptorChain.java:117)
08-04 02:26:29.764 11040 30397 E baseline.com.newsblur.network.APIResponse: 	at okhttp3.internal.cache.CacheInterceptor.intercept(CacheInterceptor.java:94)
08-04 02:26:29.764 11040 30397 E baseline.com.newsblur.network.APIResponse: 	at okhttp3.internal.http.RealInterceptorChain.proceed(RealInterceptorChain.java:142)
08-04 02:26:29.764 11040 30397 E baseline.com.newsblur.network.APIResponse: 	at okhttp3.internal.http.RealInterceptorChain.proceed(RealInterceptorChain.java:117)
08-04 02:26:29.764 11040 30397 E baseline.com.newsblur.network.APIResponse: 	at okhttp3.internal.http.BridgeInterceptor.intercept(BridgeInterceptor.java:93)
08-04 02:26:29.764 11040 30397 E baseline.com.newsblur.network.APIResponse: 	at okhttp3.internal.http.RealInterceptorChain.proceed(RealInterceptorChain.java:142)
08-04 02:26:29.764 11040 30397 E baseline.com.newsblur.network.APIResponse: 	at okhttp3.internal.http.RetryAndFollowUpInterceptor.intercept(RetryAndFollowUpInterceptor.java:88)
08-04 02:26:29.764 11040 30397 E baseline.com.newsblur.network.APIResponse: 	at okhttp3.internal.http.RealInterceptorChain.proceed(RealInterceptorChain.java:142)
08-04 02:26:29.764 11040 30397 E baseline.com.newsblur.network.APIResponse: 	at okhttp3.internal.http.RealInterceptorChain.proceed(RealInterceptorChain.java:117)
08-04 02:26:29.764 11040 30397 E baseline.com.newsblur.network.APIResponse: 	at okhttp3.RealCall.getResponseWithInterceptorChain(RealCall.java:229)
08-04 02:26:29.764 11040 30397 E baseline.com.newsblur.network.APIResponse: 	at okhttp3.RealCall.execute(RealCall.java:81)
08-04 02:26:29.764 11040 30397 E baseline.com.newsblur.network.APIResponse: 	at baseline.com.newsblur.network.APIResponse.<init>(APIResponse.java:57)
08-04 02:26:29.764 11040 30397 E baseline.com.newsblur.network.APIResponse: 	at baseline.com.newsblur.network.APIManager.get_single(APIManager.java:639)
08-04 02:26:29.764 11040 30397 E baseline.com.newsblur.network.APIResponse: 	at baseline.com.newsblur.network.APIManager.get(APIManager.java:625)
08-04 02:26:29.764 11040 30397 E baseline.com.newsblur.network.APIResponse: 	at baseline.com.newsblur.network.APIManager.get(APIManager.java:667)
08-04 02:26:29.764 11040 30397 E baseline.com.newsblur.network.APIResponse: 	at baseline.com.newsblur.network.APIManager.getFeedUnreadCounts(APIManager.java:274)
08-04 02:26:29.764 11040 30397 E baseline.com.newsblur.network.APIResponse: 	at baseline.com.newsblur.service.NBSyncService.checkRecounts(NBSyncService.java:660)
08-04 02:26:29.764 11040 30397 E baseline.com.newsblur.network.APIResponse: 	at baseline.com.newsblur.service.NBSyncService.doSync(NBSyncService.java:310)
08-04 02:26:29.764 11040 30397 E baseline.com.newsblur.network.APIResponse: 	at baseline.com.newsblur.service.NBSyncService.access$100(NBSyncService.java:67)
08-04 02:26:29.764 11040 30397 E baseline.com.newsblur.network.APIResponse: 	at baseline.com.newsblur.service.NBSyncService$1.run(NBSyncService.java:188)
08-04 02:26:29.764 11040 30397 E baseline.com.newsblur.network.APIResponse: 	at java.util.concurrent.ThreadPoolExecutor.runWorker(ThreadPoolExecutor.java:1113)
08-04 02:26:29.764 11040 30397 E baseline.com.newsblur.network.APIResponse: 	at java.util.concurrent.ThreadPoolExecutor$Worker.run(ThreadPoolExecutor.java:588)
08-04 02:26:29.764 11040 30397 E baseline.com.newsblur.network.APIResponse: 	at java.lang.Thread.run(Thread.java:818)
08-04 02:26:29.764 11040 30397 E baseline.com.newsblur.network.APIResponse: Caused by: java.io.EOFException: \n not found: limit=0 content=
08-04 02:26:29.764 11040 30397 E baseline.com.newsblur.network.APIResponse: 	at okio.RealBufferedSource.readUtf8LineStrict(RealBufferedSource.java:240)
08-04 02:26:29.764 11040 30397 E baseline.com.newsblur.network.APIResponse: 	at okhttp3.internal.http1.Http1ExchangeCodec.readHeaderLine(Http1ExchangeCodec.java:242)
08-04 02:26:29.764 11040 30397 E baseline.com.newsblur.network.APIResponse: 	at okhttp3.internal.http1.Http1ExchangeCodec.readResponseHeaders(Http1ExchangeCodec.java:213)
08-04 02:26:29.764 11040 30397 E baseline.com.newsblur.network.APIResponse: 	... 28 more
08-04 02:26:29.767 11040 30397 W baseline.com.newsblur.service.NBSyncService: Bad response to feed_unread_count
08-04 02:26:29.782 11040 30393 I art     : Explicit concurrent mark sweep GC freed 1125(250KB) AllocSpace objects, 4(80KB) LOS objects, 28% free, 40MB/56MB, paused 1.128ms total 38.555ms
08-04 02:26:29.793 11040 30393 I art     : Starting a blocking GC Explicit
08-04 02:26:29.829 11040 30393 I art     : Explicit concurrent mark sweep GC freed 374(29KB) AllocSpace objects, 0(0B) LOS objects, 28% free, 40MB/56MB, paused 1.028ms total 36.203ms
08-04 02:26:29.839 11040 30393 I art     : Starting a blocking GC Explicit
08-04 02:26:29.878 11040 30393 I art     : Explicit concurrent mark sweep GC freed 59(2160B) AllocSpace objects, 0(0B) LOS objects, 28% free, 40MB/56MB, paused 1.111ms total 38.868ms
08-04 02:26:30.152 11040 30397 I NAPPA_EXPERIMENTATION: MetricNetworkRequestExecutionTime: REQUEST_DURATION_SYSTEM='370',REQUEST_DURATION_OKHTTP='29',REQUEST_SYNCHRONOUS='TRUE',RESPONSE_CODE='200',RESPONSE_METHOD='GET',RESPONSE_LENGTH_OKHTTP='-1',RESPONSE_LENGTH_HEADER='-2',REQUEST_PROTOCOL='http/1.1',REQUEST_URL='https://www.newsblur.com/social/river_stories?order=newest&page=1&read_filter=all',
08-04 02:26:30.152 11040 30397 D MY_TAG  : 0, 370
08-04 02:26:30.169 11040 11040 D baseline.com.newsblur.service.NBSyncService: rejecting request for feedset that is exhaused
08-04 02:26:30.240 11040 11053 I art     : Starting a blocking GC Explicit
08-04 02:26:30.281 11040 11053 I art     : Explicit concurrent mark sweep GC freed 7537(457KB) AllocSpace objects, 7(140KB) LOS objects, 28% free, 40MB/56MB, paused 1.145ms total 40.759ms
08-04 02:26:30.291 11040 11053 I art     : Starting a blocking GC Explicit
08-04 02:26:30.333 11040 11053 I art     : Explicit concurrent mark sweep GC freed 257(11KB) AllocSpace objects, 0(0B) LOS objects, 28% free, 40MB/56MB, paused 1.183ms total 41.690ms
08-04 02:26:30.344 11040 11053 I art     : Starting a blocking GC Explicit
08-04 02:26:30.387 11040 11053 I art     : Explicit concurrent mark sweep GC freed 3(96B) AllocSpace objects, 0(0B) LOS objects, 28% free, 40MB/56MB, paused 1.167ms total 42.840ms
08-04 02:26:30.398 11040 11053 I art     : Starting a blocking GC Explicit
08-04 02:26:30.440 11040 11053 I art     : Explicit concurrent mark sweep GC freed 3(96B) AllocSpace objects, 0(0B) LOS objects, 28% free, 40MB/56MB, paused 1.238ms total 41.983ms
08-04 02:26:30.451 11040 11053 I art     : Starting a blocking GC Explicit
08-04 02:26:30.494 11040 11053 I art     : Explicit concurrent mark sweep GC freed 3(96B) AllocSpace objects, 0(0B) LOS objects, 28% free, 40MB/56MB, paused 1.211ms total 42.698ms
08-04 02:26:30.574 11040 30397 E baseline.com.newsblur.network.APIResponse: Error (unexpected end of stream on https://www.newsblur.com/...) calling https://www.newsblur.com/reader/mark_story_hashes_as_read/
08-04 02:26:30.574 11040 30397 E baseline.com.newsblur.network.APIResponse: java.io.IOException: unexpected end of stream on https://www.newsblur.com/...
08-04 02:26:30.574 11040 30397 E baseline.com.newsblur.network.APIResponse: 	at okhttp3.internal.http1.Http1ExchangeCodec.readResponseHeaders(Http1ExchangeCodec.java:236)
08-04 02:26:30.574 11040 30397 E baseline.com.newsblur.network.APIResponse: 	at okhttp3.internal.connection.Exchange.readResponseHeaders(Exchange.java:115)
08-04 02:26:30.574 11040 30397 E baseline.com.newsblur.network.APIResponse: 	at okhttp3.internal.http.CallServerInterceptor.intercept(CallServerInterceptor.java:94)
08-04 02:26:30.574 11040 30397 E baseline.com.newsblur.network.APIResponse: 	at okhttp3.internal.http.RealInterceptorChain.proceed(RealInterceptorChain.java:142)
08-04 02:26:30.574 11040 30397 E baseline.com.newsblur.network.APIResponse: 	at okhttp3.internal.connection.ConnectInterceptor.intercept(ConnectInterceptor.java:43)
08-04 02:26:30.574 11040 30397 E baseline.com.newsblur.network.APIResponse: 	at okhttp3.internal.http.RealInterceptorChain.proceed(RealInterceptorChain.java:142)
08-04 02:26:30.574 11040 30397 E baseline.com.newsblur.network.APIResponse: 	at okhttp3.internal.http.RealInterceptorChain.proceed(RealInterceptorChain.java:117)
08-04 02:26:30.574 11040 30397 E baseline.com.newsblur.network.APIResponse: 	at okhttp3.internal.cache.CacheInterceptor.intercept(CacheInterceptor.java:94)
08-04 02:26:30.574 11040 30397 E baseline.com.newsblur.network.APIResponse: 	at okhttp3.internal.http.RealInterceptorChain.proceed(RealInterceptorChain.java:142)
08-04 02:26:30.574 11040 30397 E baseline.com.newsblur.network.APIResponse: 	at okhttp3.internal.http.RealInterceptorChain.proceed(RealInterceptorChain.java:117)
08-04 02:26:30.574 11040 30397 E baseline.com.newsblur.network.APIResponse: 	at okhttp3.internal.http.BridgeInterceptor.intercept(BridgeInterceptor.java:93)
08-04 02:26:30.574 11040 30397 E baseline.com.newsblur.network.APIResponse: 	at okhttp3.internal.http.RealInterceptorChain.proceed(RealInterceptorChain.java:142)
08-04 02:26:30.574 11040 30397 E baseline.com.newsblur.network.APIResponse: 	at okhttp3.internal.http.RetryAndFollowUpInterceptor.intercept(RetryAndFollowUpInterceptor.java:88)
08-04 02:26:30.574 11040 30397 E baseline.com.newsblur.network.APIResponse: 	at okhttp3.internal.http.RealInterceptorChain.proceed(RealInterceptorChain.java:142)
08-04 02:26:30.574 11040 30397 E baseline.com.newsblur.network.APIResponse: 	at okhttp3.internal.http.RealInterceptorChain.proceed(RealInterceptorChain.java:117)
08-04 02:26:30.574 11040 30397 E baseline.com.newsblur.network.APIResponse: 	at okhttp3.RealCall.getResponseWithInterceptorChain(RealCall.java:229)
08-04 02:26:30.574 11040 30397 E baseline.com.newsblur.network.APIResponse: 	at okhttp3.RealCall.execute(RealCall.java:81)
08-04 02:26:30.574 11040 30397 E baseline.com.newsblur.network.APIResponse: 	at baseline.com.newsblur.network.APIResponse.<init>(APIResponse.java:57)
08-04 02:26:30.574 11040 30397 E baseline.com.newsblur.network.APIResponse: 	at baseline.com.newsblur.network.APIResponse.<init>(APIResponse.java:43)
08-04 02:26:30.574 11040 30397 E baseline.com.newsblur.network.APIResponse: 	at baseline.com.newsblur.network.APIManager.post_single(APIManager.java:702)
08-04 02:26:30.574 11040 30397 E baseline.com.newsblur.network.APIResponse: 	at baseline.com.newsblur.network.APIManager.post(APIManager.java:675)
08-04 02:26:30.574 11040 30397 E baseline.com.newsblur.network.APIResponse: 	at baseline.com.newsblur.network.APIManager.post(APIManager.java:714)
08-04 02:26:30.574 11040 30397 E baseline.com.newsblur.network.APIResponse: 	at baseline.com.newsblur.network.APIManager.markStoryAsRead(APIManager.java:205)
08-04 02:26:30.574 11040 30397 E baseline.com.newsblur.network.APIResponse: 	at baseline.com.newsblur.util.ReadingAction.doRemote(ReadingAction.java:281)
08-04 02:26:30.574 11040 30397 E baseline.com.newsblur.network.APIResponse: 	at baseline.com.newsblur.service.NBSyncService.syncActions(NBSyncService.java:400)
08-04 02:26:30.574 11040 30397 E baseline.com.newsblur.network.APIResponse: 	at baseline.com.newsblur.service.NBSyncService.doSync(NBSyncService.java:298)
08-04 02:26:30.574 11040 30397 E baseline.com.newsblur.network.APIResponse: 	at baseline.com.newsblur.service.NBSyncService.access$100(NBSyncService.java:67)
08-04 02:26:30.574 11040 30397 E baseline.com.newsblur.network.APIResponse: 	at baseline.com.newsblur.service.NBSyncService$1.run(NBSyncService.java:188)
08-04 02:26:30.574 11040 30397 E baseline.com.newsblur.network.APIResponse: 	at java.util.concurrent.ThreadPoolExecutor.runWorker(ThreadPoolExecutor.java:1113)
08-04 02:26:30.574 11040 30397 E baseline.com.newsblur.network.APIResponse: 	at java.util.concurrent.ThreadPoolExecutor$Worker.run(ThreadPoolExecutor.java:588)
08-04 02:26:30.574 11040 30397 E baseline.com.newsblur.network.APIResponse: 	at java.lang.Thread.run(Thread.java:818)
08-04 02:26:30.574 11040 30397 E baseline.com.newsblur.network.APIResponse: Caused by: java.io.EOFException: \n not found: limit=0 content=
08-04 02:26:30.574 11040 30397 E baseline.com.newsblur.network.APIResponse: 	at okio.RealBufferedSource.readUtf8LineStrict(RealBufferedSource.java:240)
08-04 02:26:30.574 11040 30397 E baseline.com.newsblur.network.APIResponse: 	at okhttp3.internal.http1.Http1ExchangeCodec.readHeaderLine(Http1ExchangeCodec.java:242)
08-04 02:26:30.574 11040 30397 E baseline.com.newsblur.network.APIResponse: 	at okhttp3.internal.http1.Http1ExchangeCodec.readResponseHeaders(Http1ExchangeCodec.java:213)
08-04 02:26:30.574 11040 30397 E baseline.com.newsblur.network.APIResponse: 	... 30 more
08-04 02:26:30.576 11040 30397 I baseline.com.newsblur.network.APIManager: API call failed, pausing before retry number 1
08-04 02:26:30.790 11040 29418 I art     : Starting a blocking GC Explicit
08-04 02:26:30.870 11040 29418 I art     : Explicit concurrent mark sweep GC freed 3935(356KB) AllocSpace objects, 3(60KB) LOS objects, 28% free, 40MB/56MB, paused 1.306ms total 79.484ms
08-04 02:26:30.880 11040 29418 I art     : Starting a blocking GC Explicit
08-04 02:26:30.918 11040 29418 I art     : Explicit concurrent mark sweep GC freed 120(4KB) AllocSpace objects, 0(0B) LOS objects, 28% free, 40MB/56MB, paused 1.095ms total 37.396ms
08-04 02:26:30.928 11040 29418 I art     : Starting a blocking GC Explicit
08-04 02:26:30.967 11040 29418 I art     : Explicit concurrent mark sweep GC freed 3(96B) AllocSpace objects, 0(0B) LOS objects, 28% free, 40MB/56MB, paused 1.193ms total 39.507ms
08-04 02:26:30.978 11040 29418 I art     : Starting a blocking GC Explicit
08-04 02:26:31.009 31179 31179 D AndroidRuntime: >>>>>> START com.android.internal.os.RuntimeInit uid 2000 <<<<<<
08-04 02:26:31.014 31179 31179 D AndroidRuntime: CheckJNI is OFF
08-04 02:26:31.018 11040 29418 I art     : Explicit concurrent mark sweep GC freed 3(96B) AllocSpace objects, 0(0B) LOS objects, 28% free, 40MB/56MB, paused 1.225ms total 39.639ms
08-04 02:26:31.028 11040 29418 I art     : Starting a blocking GC Explicit
08-04 02:26:31.049 31179 31179 D ICU     : No timezone override file found: /data/misc/zoneinfo/current/icu/icu_tzdata.dat
08-04 02:26:31.069 11040 29418 I art     : Explicit concurrent mark sweep GC freed 3(96B) AllocSpace objects, 0(0B) LOS objects, 28% free, 40MB/56MB, paused 1.152ms total 40.003ms
08-04 02:26:31.085 31179 31179 I Radio-JNI: register_android_hardware_Radio DONE
08-04 02:26:31.106 31179 31179 D AndroidRuntime: Calling main entry com.android.commands.input.Input
08-04 02:26:31.108 31179 31179 I Input   : injectMotionEvent: MotionEvent { action=ACTION_DOWN, actionButton=0, id[0]=0, x[0]=436.0, y[0]=453.0, toolType[0]=TOOL_TYPE_UNKNOWN, buttonState=0, metaState=0, flags=0x0, edgeFlags=0x0, pointerCount=1, historySize=0, eventTime=671207521, downTime=671207521, deviceId=0, source=0x1002 }
08-04 02:26:31.114 31179 31179 I Input   : injectMotionEvent: MotionEvent { action=ACTION_UP, actionButton=0, id[0]=0, x[0]=436.0, y[0]=453.0, toolType[0]=TOOL_TYPE_UNKNOWN, buttonState=0, metaState=0, flags=0x0, edgeFlags=0x0, pointerCount=1, historySize=0, eventTime=671207521, downTime=671207521, deviceId=0, source=0x1002 }
08-04 02:26:31.116 31179 31179 D AndroidRuntime: Shutting down VM
08-04 02:26:31.128   512  2967 D audio_hw_primary: out_set_parameters: enter: usecase(1: low-latency-playback) kvpairs: routing=2
08-04 02:26:31.129   918  3961 I ActivityManager: START u0 {cmp=baseline.com.newsblur/.activity.AllSharedStoriesReading (has extras)} from uid 10652 on display 0
08-04 02:26:31.141   512  2967 D audio_hw_primary: select_devices: out_snd_device(2: speaker) in_snd_device(0: none)
08-04 02:26:31.141   512  2967 D msm8974_platform: platform_send_audio_calibration: sending audio calibration for snd_device(2) acdb_id(15)
08-04 02:26:31.141   512  2967 I soundtrigger: audio_extn_sound_trigger_update_device_status: device 0x2 of type 0 for Event 1
08-04 02:26:31.152   512  2967 D audio_hw_primary: enable_snd_device: snd_device(2: speaker)
08-04 02:26:31.155   512  2967 D audio_hw_primary: enable_audio_route: apply and update mixer path: low-latency-playback speaker
08-04 02:26:31.334   918   936 I ActivityManager: Displayed baseline.com.newsblur/.activity.AllSharedStoriesReading: +198ms
08-04 02:26:31.337 13866 13866 I GoogleInputMethodServic: GoogleInputMethodService.onFinishInput():3138 
08-04 02:26:31.341 13866 13866 I GoogleInputMethodServic: GoogleInputMethodService.onStartInput():1808 
08-04 02:26:31.354 28500 28500 I ServiceManager: Waiting for service AtCmdFwd...
08-04 02:26:31.357 11040 29418 I art     : Starting a blocking GC Explicit
08-04 02:26:31.404 11040 29418 I art     : Explicit concurrent mark sweep GC freed 5111(405KB) AllocSpace objects, 9(608KB) LOS objects, 28% free, 41MB/57MB, paused 1.828ms total 46.111ms
08-04 02:26:31.415 11040 29418 I art     : Starting a blocking GC Explicit
08-04 02:26:31.456 11040 29418 I art     : Explicit concurrent mark sweep GC freed 1620(110KB) AllocSpace objects, 7(168KB) LOS objects, 28% free, 41MB/57MB, paused 1.253ms total 40.563ms
08-04 02:26:31.467 11040 29418 I art     : Starting a blocking GC Explicit
08-04 02:26:31.506 11040 29418 I art     : Explicit concurrent mark sweep GC freed 519(41KB) AllocSpace objects, 3(76KB) LOS objects, 28% free, 41MB/57MB, paused 1.104ms total 38.999ms
08-04 02:26:31.517 11040 29418 I art     : Starting a blocking GC Explicit
08-04 02:26:31.557 11040 29418 I art     : Explicit concurrent mark sweep GC freed 80(19KB) AllocSpace objects, 0(0B) LOS objects, 28% free, 41MB/57MB, paused 1.147ms total 39.819ms
08-04 02:26:31.559 11040 30049 E chromium: [ERROR:tile_manager.cc(793)] WARNING: tile memory limits exceeded, some content may not draw
08-04 02:26:31.560 11040 30049 E chromium: [ERROR:tile_manager.cc(793)] WARNING: tile memory limits exceeded, some content may not draw
08-04 02:26:31.568 11040 29418 I art     : Starting a blocking GC Explicit
08-04 02:26:31.609 11040 29418 I art     : Explicit concurrent mark sweep GC freed 29(1248B) AllocSpace objects, 0(0B) LOS objects, 28% free, 41MB/57MB, paused 1.037ms total 40.552ms
08-04 02:26:31.699   512  2967 D audio_hw_primary: disable_audio_route: reset and update mixer path: low-latency-playback speaker
08-04 02:26:31.700   512  2967 D audio_hw_primary: disable_snd_device: snd_device(2: speaker)
08-04 02:26:31.708   512  2967 I soundtrigger: audio_extn_sound_trigger_update_device_status: device 0x2 of type 0 for Event 0
08-04 02:26:31.931 11040 11053 I art     : Starting a blocking GC Explicit
08-04 02:26:31.975 11040 11053 I art     : Explicit concurrent mark sweep GC freed 1587(100KB) AllocSpace objects, 2(40KB) LOS objects, 28% free, 41MB/57MB, paused 1.125ms total 44.100ms
08-04 02:26:31.986 11040 11053 I art     : Starting a blocking GC Explicit
08-04 02:26:32.031 11040 11053 I art     : Explicit concurrent mark sweep GC freed 29(1072B) AllocSpace objects, 0(0B) LOS objects, 28% free, 41MB/57MB, paused 1.155ms total 44.185ms
08-04 02:26:32.042 11040 11053 I art     : Starting a blocking GC Explicit
08-04 02:26:32.086 11040 11053 I art     : Explicit concurrent mark sweep GC freed 94(3KB) AllocSpace objects, 0(0B) LOS objects, 28% free, 41MB/57MB, paused 1.178ms total 43.837ms
08-04 02:26:32.097 11040 11053 I art     : Starting a blocking GC Explicit
08-04 02:26:32.142 11040 11053 I art     : Explicit concurrent mark sweep GC freed 9(352B) AllocSpace objects, 0(0B) LOS objects, 28% free, 41MB/57MB, paused 1.276ms total 44.577ms
08-04 02:26:32.153 11040 11053 I art     : Starting a blocking GC Explicit
08-04 02:26:32.197 11040 11053 I art     : Explicit concurrent mark sweep GC freed 71(5KB) AllocSpace objects, 0(0B) LOS objects, 28% free, 41MB/57MB, paused 1.170ms total 43.394ms
08-04 02:26:32.354 28500 28500 I ServiceManager: Waiting for service AtCmdFwd...
08-04 02:26:32.536 11040 29418 I art     : Starting a blocking GC Explicit
08-04 02:26:32.581 11040 29418 I art     : Explicit concurrent mark sweep GC freed 3094(147KB) AllocSpace objects, 1(20KB) LOS objects, 28% free, 41MB/57MB, paused 1.358ms total 44.430ms
08-04 02:26:32.593 11040 29418 I art     : Starting a blocking GC Explicit
08-04 02:26:32.614 11040 30397 E baseline.com.newsblur.network.APIResponse: Error (unexpected end of stream on https://www.newsblur.com/...) calling https://www.newsblur.com/reader/mark_story_hashes_as_read/
08-04 02:26:32.614 11040 30397 E baseline.com.newsblur.network.APIResponse: java.io.IOException: unexpected end of stream on https://www.newsblur.com/...
08-04 02:26:32.614 11040 30397 E baseline.com.newsblur.network.APIResponse: 	at okhttp3.internal.http1.Http1ExchangeCodec.readResponseHeaders(Http1ExchangeCodec.java:236)
08-04 02:26:32.614 11040 30397 E baseline.com.newsblur.network.APIResponse: 	at okhttp3.internal.connection.Exchange.readResponseHeaders(Exchange.java:115)
08-04 02:26:32.614 11040 30397 E baseline.com.newsblur.network.APIResponse: 	at okhttp3.internal.http.CallServerInterceptor.intercept(CallServerInterceptor.java:94)
08-04 02:26:32.614 11040 30397 E baseline.com.newsblur.network.APIResponse: 	at okhttp3.internal.http.RealInterceptorChain.proceed(RealInterceptorChain.java:142)
08-04 02:26:32.614 11040 30397 E baseline.com.newsblur.network.APIResponse: 	at okhttp3.internal.connection.ConnectInterceptor.intercept(ConnectInterceptor.java:43)
08-04 02:26:32.614 11040 30397 E baseline.com.newsblur.network.APIResponse: 	at okhttp3.internal.http.RealInterceptorChain.proceed(RealInterceptorChain.java:142)
08-04 02:26:32.614 11040 30397 E baseline.com.newsblur.network.APIResponse: 	at okhttp3.internal.http.RealInterceptorChain.proceed(RealInterceptorChain.java:117)
08-04 02:26:32.614 11040 30397 E baseline.com.newsblur.network.APIResponse: 	at okhttp3.internal.cache.CacheInterceptor.intercept(CacheInterceptor.java:94)
08-04 02:26:32.614 11040 30397 E baseline.com.newsblur.network.APIResponse: 	at okhttp3.internal.http.RealInterceptorChain.proceed(RealInterceptorChain.java:142)
08-04 02:26:32.614 11040 30397 E baseline.com.newsblur.network.APIResponse: 	at okhttp3.internal.http.RealInterceptorChain.proceed(RealInterceptorChain.java:117)
08-04 02:26:32.614 11040 30397 E baseline.com.newsblur.network.APIResponse: 	at okhttp3.internal.http.BridgeInterceptor.intercept(BridgeInterceptor.java:93)
08-04 02:26:32.614 11040 30397 E baseline.com.newsblur.network.APIResponse: 	at okhttp3.internal.http.RealInterceptorChain.proceed(RealInterceptorChain.java:142)
08-04 02:26:32.614 11040 30397 E baseline.com.newsblur.network.APIResponse: 	at okhttp3.internal.http.RetryAndFollowUpInterceptor.intercept(RetryAndFollowUpInterceptor.java:88)
08-04 02:26:32.614 11040 30397 E baseline.com.newsblur.network.APIResponse: 	at okhttp3.internal.http.RealInterceptorChain.proceed(RealInterceptorChain.java:142)
08-04 02:26:32.614 11040 30397 E baseline.com.newsblur.network.APIResponse: 	at okhttp3.internal.http.RealInterceptorChain.proceed(RealInterceptorChain.java:117)
08-04 02:26:32.614 11040 30397 E baseline.com.newsblur.network.APIResponse: 	at okhttp3.RealCall.getResponseWithInterceptorChain(RealCall.java:229)
08-04 02:26:32.614 11040 30397 E baseline.com.newsblur.network.APIResponse: 	at okhttp3.RealCall.execute(RealCall.java:81)
08-04 02:26:32.614 11040 30397 E baseline.com.newsblur.network.APIResponse: 	at baseline.com.newsblur.network.APIResponse.<init>(APIResponse.java:57)
08-04 02:26:32.614 11040 30397 E baseline.com.newsblur.network.APIResponse: 	at baseline.com.newsblur.network.APIResponse.<init>(APIResponse.java:43)
08-04 02:26:32.614 11040 30397 E baseline.com.newsblur.network.APIResponse: 	at baseline.com.newsblur.network.APIManager.post_single(APIManager.java:702)
08-04 02:26:32.614 11040 30397 E baseline.com.newsblur.network.APIResponse: 	at baseline.com.newsblur.network.APIManager.post(APIManager.java:675)
08-04 02:26:32.614 11040 30397 E baseline.com.newsblur.network.APIResponse: 	at baseline.com.newsblur.network.APIManager.post(APIManager.java:714)
08-04 02:26:32.614 11040 30397 E baseline.com.newsblur.network.APIResponse: 	at baseline.com.newsblur.network.APIManager.markStoryAsRead(APIManager.java:205)
08-04 02:26:32.614 11040 30397 E baseline.com.newsblur.network.APIResponse: 	at baseline.com.newsblur.util.ReadingAction.doRemote(ReadingAction.java:281)
08-04 02:26:32.614 11040 30397 E baseline.com.newsblur.network.APIResponse: 	at baseline.com.newsblur.service.NBSyncService.syncActions(NBSyncService.java:400)
08-04 02:26:32.614 11040 30397 E baseline.com.newsblur.network.APIResponse: 	at baseline.com.newsblur.service.NBSyncService.doSync(NBSyncService.java:298)
08-04 02:26:32.614 11040 30397 E baseline.com.newsblur.network.APIResponse: 	at baseline.com.newsblur.service.NBSyncService.access$100(NBSyncService.java:67)
08-04 02:26:32.614 11040 30397 E baseline.com.newsblur.network.APIResponse: 	at baseline.com.newsblur.service.NBSyncService$1.run(NBSyncService.java:188)
08-04 02:26:32.614 11040 30397 E baseline.com.newsblur.network.APIResponse: 	at java.util.concurrent.ThreadPoolExecutor.runWorker(ThreadPoolExecutor.java:1113)
08-04 02:26:32.614 11040 30397 E baseline.com.newsblur.network.APIResponse: 	at java.util.concurrent.ThreadPoolExecutor$Worker.run(ThreadPoolExecutor.java:588)
08-04 02:26:32.614 11040 30397 E baseline.com.newsblur.network.APIResponse: 	at java.lang.Thread.run(Thread.java:818)
08-04 02:26:32.614 11040 30397 E baseline.com.newsblur.network.APIResponse: Caused by: java.io.EOFException: \n not found: limit=0 content=
08-04 02:26:32.614 11040 30397 E baseline.com.newsblur.network.APIResponse: 	at okio.RealBufferedSource.readUtf8LineStrict(RealBufferedSource.java:240)
08-04 02:26:32.614 11040 30397 E baseline.com.newsblur.network.APIResponse: 	at okhttp3.internal.http1.Http1ExchangeCodec.readHeaderLine(Http1ExchangeCodec.java:242)
08-04 02:26:32.614 11040 30397 E baseline.com.newsblur.network.APIResponse: 	at okhttp3.internal.http1.Http1ExchangeCodec.readResponseHeaders(Http1ExchangeCodec.java:213)
08-04 02:26:32.614 11040 30397 E baseline.com.newsblur.network.APIResponse: 	... 30 more
08-04 02:26:32.615 11040 30397 I baseline.com.newsblur.network.APIManager: API call failed, pausing before retry number 2
08-04 02:26:32.635 11040 29418 I art     : Explicit concurrent mark sweep GC freed 870(197KB) AllocSpace objects, 2(40KB) LOS objects, 28% free, 41MB/57MB, paused 955us total 41.463ms
08-04 02:26:32.646 11040 29418 I art     : Starting a blocking GC Explicit
08-04 02:26:32.692 11040 29418 I art     : Explicit concurrent mark sweep GC freed 122(16KB) AllocSpace objects, 0(0B) LOS objects, 28% free, 41MB/57MB, paused 1.252ms total 45.375ms
08-04 02:26:32.705 11040 29418 I art     : Starting a blocking GC Explicit
08-04 02:26:32.757 11040 29418 I art     : Explicit concurrent mark sweep GC freed 41(1344B) AllocSpace objects, 0(0B) LOS objects, 28% free, 41MB/57MB, paused 1.060ms total 51.649ms
08-04 02:26:32.771 11040 29418 I art     : Starting a blocking GC Explicit
08-04 02:26:32.822 11040 29418 I art     : Explicit concurrent mark sweep GC freed 19(608B) AllocSpace objects, 0(0B) LOS objects, 28% free, 41MB/57MB, paused 1.120ms total 50.769ms
08-04 02:26:33.190 11040 11052 I art     : Starting a blocking GC Explicit
08-04 02:26:33.237 11040 11052 I art     : Explicit concurrent mark sweep GC freed 1451(83KB) AllocSpace objects, 1(20KB) LOS objects, 28% free, 41MB/57MB, paused 1.273ms total 46.388ms
08-04 02:26:33.250 11040 11052 I art     : Starting a blocking GC Explicit
08-04 02:26:33.292 11040 11052 I art     : Explicit concurrent mark sweep GC freed 22(784B) AllocSpace objects, 0(0B) LOS objects, 28% free, 41MB/57MB, paused 1.124ms total 42.073ms
08-04 02:26:33.303 11040 11052 I art     : Starting a blocking GC Explicit
08-04 02:26:33.346 11040 11052 I art     : Explicit concurrent mark sweep GC freed 3(96B) AllocSpace objects, 0(0B) LOS objects, 28% free, 41MB/57MB, paused 1.135ms total 42.477ms
08-04 02:26:33.355 28500 28500 I ServiceManager: Waiting for service AtCmdFwd...
08-04 02:26:33.356 11040 11052 I art     : Starting a blocking GC Explicit
08-04 02:26:33.400 11040 11052 I art     : Explicit concurrent mark sweep GC freed 3(96B) AllocSpace objects, 0(0B) LOS objects, 28% free, 41MB/57MB, paused 1.136ms total 43.012ms
08-04 02:26:33.411 11040 11052 I art     : Starting a blocking GC Explicit
08-04 02:26:33.454 11040 11052 I art     : Explicit concurrent mark sweep GC freed 3(96B) AllocSpace objects, 0(0B) LOS objects, 28% free, 41MB/57MB, paused 1.138ms total 43.324ms
08-04 02:26:33.842 11040 30393 I art     : Starting a blocking GC Explicit
08-04 02:26:33.887 11040 30393 I art     : Explicit concurrent mark sweep GC freed 1446(83KB) AllocSpace objects, 1(20KB) LOS objects, 28% free, 41MB/57MB, paused 1.133ms total 45.350ms
08-04 02:26:33.898 11040 30393 I art     : Starting a blocking GC Explicit
08-04 02:26:33.942 11040 30393 I art     : Explicit concurrent mark sweep GC freed 22(784B) AllocSpace objects, 0(0B) LOS objects, 28% free, 41MB/57MB, paused 1.162ms total 43.714ms
08-04 02:26:33.953 11040 30393 I art     : Starting a blocking GC Explicit
08-04 02:26:33.997 11040 30393 I art     : Explicit concurrent mark sweep GC freed 3(96B) AllocSpace objects, 0(0B) LOS objects, 28% free, 41MB/57MB, paused 1.203ms total 43.714ms
08-04 02:26:34.008 11040 30393 I art     : Starting a blocking GC Explicit
08-04 02:26:34.054 11040 30393 I art     : Explicit concurrent mark sweep GC freed 3(96B) AllocSpace objects, 0(0B) LOS objects, 28% free, 41MB/57MB, paused 1.248ms total 45.255ms
08-04 02:26:34.065 11040 30393 I art     : Starting a blocking GC Explicit
08-04 02:26:34.111 11040 30393 I art     : Explicit concurrent mark sweep GC freed 3(96B) AllocSpace objects, 0(0B) LOS objects, 28% free, 41MB/57MB, paused 1.104ms total 45.378ms
08-04 02:26:34.201   918  3261 D WifiStateMachine: starting scan for "H369AA63323"WPA_PSK with 2412,5180
08-04 02:26:34.355 28500 28500 I ServiceManager: Waiting for service AtCmdFwd...
08-04 02:26:34.484 11040 29418 I art     : Starting a blocking GC Explicit
08-04 02:26:34.531 11040 29418 I art     : Explicit concurrent mark sweep GC freed 1445(83KB) AllocSpace objects, 1(20KB) LOS objects, 28% free, 41MB/57MB, paused 1.171ms total 47.032ms
08-04 02:26:34.545 11040 29418 I art     : Starting a blocking GC Explicit
08-04 02:26:34.590 11040 29418 I art     : Explicit concurrent mark sweep GC freed 22(784B) AllocSpace objects, 0(0B) LOS objects, 28% free, 41MB/57MB, paused 1.203ms total 44.643ms
08-04 02:26:34.601 11040 29418 I art     : Starting a blocking GC Explicit
08-04 02:26:34.645 11040 29418 I art     : Explicit concurrent mark sweep GC freed 3(96B) AllocSpace objects, 0(0B) LOS objects, 28% free, 41MB/57MB, paused 1.136ms total 44.354ms
08-04 02:26:34.657 11040 29418 I art     : Starting a blocking GC Explicit
08-04 02:26:34.702 11040 29418 I art     : Explicit concurrent mark sweep GC freed 3(96B) AllocSpace objects, 0(0B) LOS objects, 28% free, 41MB/57MB, paused 1.143ms total 45.172ms
08-04 02:26:34.714 11040 29418 I art     : Starting a blocking GC Explicit
08-04 02:26:34.759 11040 29418 I art     : Explicit concurrent mark sweep GC freed 3(96B) AllocSpace objects, 0(0B) LOS objects, 28% free, 41MB/57MB, paused 1.258ms total 45.301ms
08-04 02:26:35.143 11040 11053 I art     : Starting a blocking GC Explicit
08-04 02:26:35.191 11040 11053 I art     : Explicit concurrent mark sweep GC freed 1446(83KB) AllocSpace objects, 1(20KB) LOS objects, 28% free, 41MB/57MB, paused 1.169ms total 46.787ms
08-04 02:26:35.204 11040 11053 I art     : Starting a blocking GC Explicit
08-04 02:26:35.246 11040 11053 I art     : Explicit concurrent mark sweep GC freed 22(784B) AllocSpace objects, 0(0B) LOS objects, 28% free, 41MB/57MB, paused 1.169ms total 42.102ms
08-04 02:26:35.257 11040 11053 I art     : Starting a blocking GC Explicit
08-04 02:26:35.300 11040 11053 I art     : Explicit concurrent mark sweep GC freed 3(96B) AllocSpace objects, 0(0B) LOS objects, 28% free, 41MB/57MB, paused 1.174ms total 42.693ms
08-04 02:26:35.311 11040 11053 I art     : Starting a blocking GC Explicit
08-04 02:26:35.354 11040 11053 I art     : Explicit concurrent mark sweep GC freed 3(96B) AllocSpace objects, 0(0B) LOS objects, 28% free, 41MB/57MB, paused 1.123ms total 43.379ms
08-04 02:26:35.356 28500 28500 I ServiceManager: Waiting for service AtCmdFwd...
08-04 02:26:35.365 11040 11053 I art     : Starting a blocking GC Explicit
08-04 02:26:35.409 11040 11053 I art     : Explicit concurrent mark sweep GC freed 3(96B) AllocSpace objects, 0(0B) LOS objects, 28% free, 41MB/57MB, paused 1.125ms total 43.723ms
08-04 02:26:35.792 11040 11052 I art     : Starting a blocking GC Explicit
08-04 02:26:35.839 11040 11052 I art     : Explicit concurrent mark sweep GC freed 1611(91KB) AllocSpace objects, 1(20KB) LOS objects, 28% free, 41MB/57MB, paused 1.354ms total 46.234ms
08-04 02:26:35.852 11040 11052 I art     : Starting a blocking GC Explicit
08-04 02:26:35.895 11040 11052 I art     : Explicit concurrent mark sweep GC freed 28(1040B) AllocSpace objects, 0(0B) LOS objects, 28% free, 41MB/57MB, paused 1.141ms total 42.496ms
08-04 02:26:35.906 11040 11052 I art     : Starting a blocking GC Explicit
08-04 02:26:35.949 11040 11052 I art     : Explicit concurrent mark sweep GC freed 3(96B) AllocSpace objects, 0(0B) LOS objects, 28% free, 41MB/57MB, paused 1.327ms total 43.343ms
08-04 02:26:35.960 11040 11052 I art     : Starting a blocking GC Explicit
08-04 02:26:36.004 11040 11052 I art     : Explicit concurrent mark sweep GC freed 3(96B) AllocSpace objects, 0(0B) LOS objects, 28% free, 41MB/57MB, paused 1.163ms total 42.980ms
08-04 02:26:36.014 11040 11052 I art     : Starting a blocking GC Explicit
08-04 02:26:36.059 11040 11052 I art     : Explicit concurrent mark sweep GC freed 359(16KB) AllocSpace objects, 0(0B) LOS objects, 28% free, 41MB/57MB, paused 1.288ms total 44.204ms
08-04 02:26:36.123 11040 30397 E baseline.com.newsblur.network.APIResponse: Error (unexpected end of stream on https://www.newsblur.com/...) calling https://www.newsblur.com/reader/mark_story_hashes_as_read/
08-04 02:26:36.123 11040 30397 E baseline.com.newsblur.network.APIResponse: java.io.IOException: unexpected end of stream on https://www.newsblur.com/...
08-04 02:26:36.123 11040 30397 E baseline.com.newsblur.network.APIResponse: 	at okhttp3.internal.http1.Http1ExchangeCodec.readResponseHeaders(Http1ExchangeCodec.java:236)
08-04 02:26:36.123 11040 30397 E baseline.com.newsblur.network.APIResponse: 	at okhttp3.internal.connection.Exchange.readResponseHeaders(Exchange.java:115)
08-04 02:26:36.123 11040 30397 E baseline.com.newsblur.network.APIResponse: 	at okhttp3.internal.http.CallServerInterceptor.intercept(CallServerInterceptor.java:94)
08-04 02:26:36.123 11040 30397 E baseline.com.newsblur.network.APIResponse: 	at okhttp3.internal.http.RealInterceptorChain.proceed(RealInterceptorChain.java:142)
08-04 02:26:36.123 11040 30397 E baseline.com.newsblur.network.APIResponse: 	at okhttp3.internal.connection.ConnectInterceptor.intercept(ConnectInterceptor.java:43)
08-04 02:26:36.123 11040 30397 E baseline.com.newsblur.network.APIResponse: 	at okhttp3.internal.http.RealInterceptorChain.proceed(RealInterceptorChain.java:142)
08-04 02:26:36.123 11040 30397 E baseline.com.newsblur.network.APIResponse: 	at okhttp3.internal.http.RealInterceptorChain.proceed(RealInterceptorChain.java:117)
08-04 02:26:36.123 11040 30397 E baseline.com.newsblur.network.APIResponse: 	at okhttp3.internal.cache.CacheInterceptor.intercept(CacheInterceptor.java:94)
08-04 02:26:36.123 11040 30397 E baseline.com.newsblur.network.APIResponse: 	at okhttp3.internal.http.RealInterceptorChain.proceed(RealInterceptorChain.java:142)
08-04 02:26:36.123 11040 30397 E baseline.com.newsblur.network.APIResponse: 	at okhttp3.internal.http.RealInterceptorChain.proceed(RealInterceptorChain.java:117)
08-04 02:26:36.123 11040 30397 E baseline.com.newsblur.network.APIResponse: 	at okhttp3.internal.http.BridgeInterceptor.intercept(BridgeInterceptor.java:93)
08-04 02:26:36.123 11040 30397 E baseline.com.newsblur.network.APIResponse: 	at okhttp3.internal.http.RealInterceptorChain.proceed(RealInterceptorChain.java:142)
08-04 02:26:36.123 11040 30397 E baseline.com.newsblur.network.APIResponse: 	at okhttp3.internal.http.RetryAndFollowUpInterceptor.intercept(RetryAndFollowUpInterceptor.java:88)
08-04 02:26:36.123 11040 30397 E baseline.com.newsblur.network.APIResponse: 	at okhttp3.internal.http.RealInterceptorChain.proceed(RealInterceptorChain.java:142)
08-04 02:26:36.123 11040 30397 E baseline.com.newsblur.network.APIResponse: 	at okhttp3.internal.http.RealInterceptorChain.proceed(RealInterceptorChain.java:117)
08-04 02:26:36.123 11040 30397 E baseline.com.newsblur.network.APIResponse: 	at okhttp3.RealCall.getResponseWithInterceptorChain(RealCall.java:229)
08-04 02:26:36.123 11040 30397 E baseline.com.newsblur.network.APIResponse: 	at okhttp3.RealCall.execute(RealCall.java:81)
08-04 02:26:36.123 11040 30397 E baseline.com.newsblur.network.APIResponse: 	at baseline.com.newsblur.network.APIResponse.<init>(APIResponse.java:57)
08-04 02:26:36.123 11040 30397 E baseline.com.newsblur.network.APIResponse: 	at baseline.com.newsblur.network.APIResponse.<init>(APIResponse.java:43)
08-04 02:26:36.123 11040 30397 E baseline.com.newsblur.network.APIResponse: 	at baseline.com.newsblur.network.APIManager.post_single(APIManager.java:702)
08-04 02:26:36.123 11040 30397 E baseline.com.newsblur.network.APIResponse: 	at baseline.com.newsblur.network.APIManager.post(APIManager.java:675)
08-04 02:26:36.123 11040 30397 E baseline.com.newsblur.network.APIResponse: 	at baseline.com.newsblur.network.APIManager.post(APIManager.java:714)
08-04 02:26:36.123 11040 30397 E baseline.com.newsblur.network.APIResponse: 	at baseline.com.newsblur.network.APIManager.markStoryAsRead(APIManager.java:205)
08-04 02:26:36.123 11040 30397 E baseline.com.newsblur.network.APIResponse: 	at baseline.com.newsblur.util.ReadingAction.doRemote(ReadingAction.java:281)
08-04 02:26:36.123 11040 30397 E baseline.com.newsblur.network.APIResponse: 	at baseline.com.newsblur.service.NBSyncService.syncActions(NBSyncService.java:400)
08-04 02:26:36.123 11040 30397 E baseline.com.newsblur.network.APIResponse: 	at baseline.com.newsblur.service.NBSyncService.doSync(NBSyncService.java:298)
08-04 02:26:36.123 11040 30397 E baseline.com.newsblur.network.APIResponse: 	at baseline.com.newsblur.service.NBSyncService.access$100(NBSyncService.java:67)
08-04 02:26:36.123 11040 30397 E baseline.com.newsblur.network.APIResponse: 	at baseline.com.newsblur.service.NBSyncService$1.run(NBSyncService.java:188)
08-04 02:26:36.123 11040 30397 E baseline.com.newsblur.network.APIResponse: 	at java.util.concurrent.ThreadPoolExecutor.runWorker(ThreadPoolExecutor.java:1113)
08-04 02:26:36.123 11040 30397 E baseline.com.newsblur.network.APIResponse: 	at java.util.concurrent.ThreadPoolExecutor$Worker.run(ThreadPoolExecutor.java:588)
08-04 02:26:36.123 11040 30397 E baseline.com.newsblur.network.APIResponse: 	at java.lang.Thread.run(Thread.java:818)
08-04 02:26:36.123 11040 30397 E baseline.com.newsblur.network.APIResponse: Caused by: java.io.EOFException: \n not found: limit=0 content=
08-04 02:26:36.123 11040 30397 E baseline.com.newsblur.network.APIResponse: 	at okio.RealBufferedSource.readUtf8LineStrict(RealBufferedSource.java:240)
08-04 02:26:36.123 11040 30397 E baseline.com.newsblur.network.APIResponse: 	at okhttp3.internal.http1.Http1ExchangeCodec.readHeaderLine(Http1ExchangeCodec.java:242)
08-04 02:26:36.123 11040 30397 E baseline.com.newsblur.network.APIResponse: 	at okhttp3.internal.http1.Http1ExchangeCodec.readResponseHeaders(Http1ExchangeCodec.java:213)
08-04 02:26:36.123 11040 30397 E baseline.com.newsblur.network.APIResponse: 	... 30 more
08-04 02:26:36.127 11040 30397 I baseline.com.newsblur.service.NBSyncService: Holding reading action with server-side or network error.
08-04 02:26:36.137 11040 30397 W baseline.com.newsblur.service.NBSyncService: hard API failure
08-04 02:26:36.356 28500 28500 W Atfwd_Sendcmd: AtCmdFwd service not published, waiting... retryCnt : 5
08-04 02:26:36.403 11040 30393 I art     : Starting a blocking GC Explicit
08-04 02:26:36.453 11040 30393 I art     : Explicit concurrent mark sweep GC freed 4020(391KB) AllocSpace objects, 5(100KB) LOS objects, 28% free, 41MB/57MB, paused 1.770ms total 49.108ms
08-04 02:26:36.465 11040 30393 I art     : Starting a blocking GC Explicit
08-04 02:26:36.505 11040 30393 I art     : Explicit concurrent mark sweep GC freed 120(4KB) AllocSpace objects, 0(0B) LOS objects, 28% free, 41MB/57MB, paused 1.113ms total 39.976ms
08-04 02:26:36.515 11040 30393 I art     : Starting a blocking GC Explicit
08-04 02:26:36.559 11040 30393 I art     : Explicit concurrent mark sweep GC freed 3(96B) AllocSpace objects, 0(0B) LOS objects, 28% free, 41MB/57MB, paused 1.153ms total 43.913ms
08-04 02:26:36.570 11040 30393 I art     : Starting a blocking GC Explicit
08-04 02:26:36.615 11040 30393 I art     : Explicit concurrent mark sweep GC freed 1587(62KB) AllocSpace objects, 0(0B) LOS objects, 28% free, 41MB/57MB, paused 1.164ms total 44.764ms
08-04 02:26:36.622 11040 30397 E baseline.com.newsblur.network.APIResponse: Error (unexpected end of stream on https://www.newsblur.com/...) calling https://www.newsblur.com/reader/mark_story_hashes_as_read/
08-04 02:26:36.622 11040 30397 E baseline.com.newsblur.network.APIResponse: java.io.IOException: unexpected end of stream on https://www.newsblur.com/...
08-04 02:26:36.622 11040 30397 E baseline.com.newsblur.network.APIResponse: 	at okhttp3.internal.http1.Http1ExchangeCodec.readResponseHeaders(Http1ExchangeCodec.java:236)
08-04 02:26:36.622 11040 30397 E baseline.com.newsblur.network.APIResponse: 	at okhttp3.internal.connection.Exchange.readResponseHeaders(Exchange.java:115)
08-04 02:26:36.622 11040 30397 E baseline.com.newsblur.network.APIResponse: 	at okhttp3.internal.http.CallServerInterceptor.intercept(CallServerInterceptor.java:94)
08-04 02:26:36.622 11040 30397 E baseline.com.newsblur.network.APIResponse: 	at okhttp3.internal.http.RealInterceptorChain.proceed(RealInterceptorChain.java:142)
08-04 02:26:36.622 11040 30397 E baseline.com.newsblur.network.APIResponse: 	at okhttp3.internal.connection.ConnectInterceptor.intercept(ConnectInterceptor.java:43)
08-04 02:26:36.622 11040 30397 E baseline.com.newsblur.network.APIResponse: 	at okhttp3.internal.http.RealInterceptorChain.proceed(RealInterceptorChain.java:142)
08-04 02:26:36.622 11040 30397 E baseline.com.newsblur.network.APIResponse: 	at okhttp3.internal.http.RealInterceptorChain.proceed(RealInterceptorChain.java:117)
08-04 02:26:36.622 11040 30397 E baseline.com.newsblur.network.APIResponse: 	at okhttp3.internal.cache.CacheInterceptor.intercept(CacheInterceptor.java:94)
08-04 02:26:36.622 11040 30397 E baseline.com.newsblur.network.APIResponse: 	at okhttp3.internal.http.RealInterceptorChain.proceed(RealInterceptorChain.java:142)
08-04 02:26:36.622 11040 30397 E baseline.com.newsblur.network.APIResponse: 	at okhttp3.internal.http.RealInterceptorChain.proceed(RealInterceptorChain.java:117)
08-04 02:26:36.622 11040 30397 E baseline.com.newsblur.network.APIResponse: 	at okhttp3.internal.http.BridgeInterceptor.intercept(BridgeInterceptor.java:93)
08-04 02:26:36.622 11040 30397 E baseline.com.newsblur.network.APIResponse: 	at okhttp3.internal.http.RealInterceptorChain.proceed(RealInterceptorChain.java:142)
08-04 02:26:36.622 11040 30397 E baseline.com.newsblur.network.APIResponse: 	at okhttp3.internal.http.RetryAndFollowUpInterceptor.intercept(RetryAndFollowUpInterceptor.java:88)
08-04 02:26:36.622 11040 30397 E baseline.com.newsblur.network.APIResponse: 	at okhttp3.internal.http.RealInterceptorChain.proceed(RealInterceptorChain.java:142)
08-04 02:26:36.622 11040 30397 E baseline.com.newsblur.network.APIResponse: 	at okhttp3.internal.http.RealInterceptorChain.proceed(RealInterceptorChain.java:117)
08-04 02:26:36.622 11040 30397 E baseline.com.newsblur.network.APIResponse: 	at okhttp3.RealCall.getResponseWithInterceptorChain(RealCall.java:229)
08-04 02:26:36.622 11040 30397 E baseline.com.newsblur.network.APIResponse: 	at okhttp3.RealCall.execute(RealCall.java:81)
08-04 02:26:36.622 11040 30397 E baseline.com.newsblur.network.APIResponse: 	at baseline.com.newsblur.network.APIResponse.<init>(APIResponse.java:57)
08-04 02:26:36.622 11040 30397 E baseline.com.newsblur.network.APIResponse: 	at baseline.com.newsblur.network.APIResponse.<init>(APIResponse.java:43)
08-04 02:26:36.622 11040 30397 E baseline.com.newsblur.network.APIResponse: 	at baseline.com.newsblur.network.APIManager.post_single(APIManager.java:702)
08-04 02:26:36.622 11040 30397 E baseline.com.newsblur.network.APIResponse: 	at baseline.com.newsblur.network.APIManager.post(APIManager.java:675)
08-04 02:26:36.622 11040 30397 E baseline.com.newsblur.network.APIResponse: 	at baseline.com.newsblur.network.APIManager.post(APIManager.java:714)
08-04 02:26:36.622 11040 30397 E baseline.com.newsblur.network.APIResponse: 	at baseline.com.newsblur.network.APIManager.markStoryAsRead(APIManager.java:205)
08-04 02:26:36.622 11040 30397 E baseline.com.newsblur.network.APIResponse: 	at baseline.com.newsblur.util.ReadingAction.doRemote(ReadingAction.java:281)
08-04 02:26:36.622 11040 30397 E baseline.com.newsblur.network.APIResponse: 	at baseline.com.newsblur.service.NBSyncService.syncActions(NBSyncService.java:400)
08-04 02:26:36.622 11040 30397 E baseline.com.newsblur.network.APIResponse: 	at baseline.com.newsblur.service.NBSyncService.doSync(NBSyncService.java:298)
08-04 02:26:36.622 11040 30397 E baseline.com.newsblur.network.APIResponse: 	at baseline.com.newsblur.service.NBSyncService.access$100(NBSyncService.java:67)
08-04 02:26:36.622 11040 30397 E baseline.com.newsblur.network.APIResponse: 	at baseline.com.newsblur.service.NBSyncService$1.run(NBSyncService.java:188)
08-04 02:26:36.622 11040 30397 E baseline.com.newsblur.network.APIResponse: 	at java.util.concurrent.ThreadPoolExecutor.runWorker(ThreadPoolExecutor.java:1113)
08-04 02:26:36.622 11040 30397 E baseline.com.newsblur.network.APIResponse: 	at java.util.concurrent.ThreadPoolExecutor$Worker.run(ThreadPoolExecutor.java:588)
08-04 02:26:36.622 11040 30397 E baseline.com.newsblur.network.APIResponse: 	at java.lang.Thread.run(Thread.java:818)
08-04 02:26:36.622 11040 30397 E baseline.com.newsblur.network.APIResponse: Caused by: java.io.EOFException: \n not found: limit=0 content=
08-04 02:26:36.622 11040 30397 E baseline.com.newsblur.network.APIResponse: 	at okio.RealBufferedSource.readUtf8LineStrict(RealBufferedSource.java:240)
08-04 02:26:36.622 11040 30397 E baseline.com.newsblur.network.APIResponse: 	at okhttp3.internal.http1.Http1ExchangeCodec.readHeaderLine(Http1ExchangeCodec.java:242)
08-04 02:26:36.622 11040 30397 E baseline.com.newsblur.network.APIResponse: 	at okhttp3.internal.http1.Http1ExchangeCodec.readResponseHeaders(Http1ExchangeCodec.java:213)
08-04 02:26:36.622 11040 30397 E baseline.com.newsblur.network.APIResponse: 	... 30 more
08-04 02:26:36.624 11040 30397 I baseline.com.newsblur.network.APIManager: API call failed, pausing before retry number 1
08-04 02:26:36.627 11040 30393 I art     : Starting a blocking GC Explicit
08-04 02:26:36.673 11040 30393 I art     : Explicit concurrent mark sweep GC freed 978(213KB) AllocSpace objects, 2(40KB) LOS objects, 28% free, 41MB/57MB, paused 1.160ms total 45.782ms
08-04 02:26:37.061 11040 29418 I art     : Starting a blocking GC Explicit
08-04 02:26:37.106 11040 29418 I art     : Explicit concurrent mark sweep GC freed 1495(84KB) AllocSpace objects, 1(20KB) LOS objects, 28% free, 41MB/57MB, paused 1.161ms total 45.091ms
08-04 02:26:37.118 11040 29418 I art     : Starting a blocking GC Explicit
08-04 02:26:37.162 11040 29418 I art     : Explicit concurrent mark sweep GC freed 22(784B) AllocSpace objects, 0(0B) LOS objects, 28% free, 41MB/57MB, paused 1.156ms total 43.751ms
08-04 02:26:37.173 11040 29418 I art     : Starting a blocking GC Explicit
08-04 02:26:37.218 11040 29418 I art     : Explicit concurrent mark sweep GC freed 3(96B) AllocSpace objects, 0(0B) LOS objects, 28% free, 41MB/57MB, paused 1.272ms total 44.695ms
08-04 02:26:37.229 11040 29418 I art     : Starting a blocking GC Explicit
08-04 02:26:37.275 11040 29418 I art     : Explicit concurrent mark sweep GC freed 3(96B) AllocSpace objects, 0(0B) LOS objects, 28% free, 41MB/57MB, paused 1.179ms total 45.564ms
08-04 02:26:37.286 11040 29418 I art     : Starting a blocking GC Explicit
08-04 02:26:37.331 11040 29418 I art     : Explicit concurrent mark sweep GC freed 3(96B) AllocSpace objects, 0(0B) LOS objects, 28% free, 41MB/57MB, paused 1.171ms total 44.391ms
08-04 02:26:37.675 11040 11053 I art     : Starting a blocking GC Explicit
08-04 02:26:37.721 11040 11053 I art     : Explicit concurrent mark sweep GC freed 1443(83KB) AllocSpace objects, 1(20KB) LOS objects, 28% free, 41MB/57MB, paused 1.143ms total 45.624ms
08-04 02:26:37.732 11040 11053 I art     : Starting a blocking GC Explicit
08-04 02:26:37.777 11040 11053 I art     : Explicit concurrent mark sweep GC freed 22(784B) AllocSpace objects, 0(0B) LOS objects, 28% free, 41MB/57MB, paused 1.154ms total 44.699ms
08-04 02:26:37.788 11040 11053 I art     : Starting a blocking GC Explicit
08-04 02:26:37.832 11040 11053 I art     : Explicit concurrent mark sweep GC freed 3(96B) AllocSpace objects, 0(0B) LOS objects, 28% free, 41MB/57MB, paused 1.135ms total 43.645ms
08-04 02:26:37.843 11040 11053 I art     : Starting a blocking GC Explicit
08-04 02:26:37.888 11040 11053 I art     : Explicit concurrent mark sweep GC freed 3(96B) AllocSpace objects, 0(0B) LOS objects, 28% free, 41MB/57MB, paused 1.187ms total 44.983ms
08-04 02:26:37.900 11040 11053 I art     : Starting a blocking GC Explicit
08-04 02:26:37.944 11040 11053 I art     : Explicit concurrent mark sweep GC freed 3(96B) AllocSpace objects, 0(0B) LOS objects, 28% free, 41MB/57MB, paused 1.162ms total 44.289ms
08-04 02:26:38.332 11040 11052 I art     : Starting a blocking GC Explicit
08-04 02:26:38.379 11040 11052 I art     : Explicit concurrent mark sweep GC freed 1608(91KB) AllocSpace objects, 1(20KB) LOS objects, 28% free, 41MB/57MB, paused 1.238ms total 47.508ms
08-04 02:26:38.393 11040 11052 I art     : Starting a blocking GC Explicit
08-04 02:26:38.435 11040 11052 I art     : Explicit concurrent mark sweep GC freed 28(1040B) AllocSpace objects, 0(0B) LOS objects, 28% free, 41MB/57MB, paused 1.190ms total 41.533ms
08-04 02:26:38.446 11040 11052 I art     : Starting a blocking GC Explicit
08-04 02:26:38.489 11040 11052 I art     : Explicit concurrent mark sweep GC freed 3(96B) AllocSpace objects, 0(0B) LOS objects, 28% free, 41MB/57MB, paused 1.182ms total 42.838ms
08-04 02:26:38.500 11040 11052 I art     : Starting a blocking GC Explicit
08-04 02:26:38.543 11040 11052 I art     : Explicit concurrent mark sweep GC freed 3(96B) AllocSpace objects, 0(0B) LOS objects, 28% free, 41MB/57MB, paused 1.155ms total 42.687ms
08-04 02:26:38.554 11040 11052 I art     : Starting a blocking GC Explicit
08-04 02:26:38.598 11040 11052 I art     : Explicit concurrent mark sweep GC freed 3(96B) AllocSpace objects, 0(0B) LOS objects, 28% free, 41MB/57MB, paused 1.239ms total 44.096ms
08-04 02:26:38.663 11040 30397 E baseline.com.newsblur.network.APIResponse: Error (unexpected end of stream on https://www.newsblur.com/...) calling https://www.newsblur.com/reader/mark_story_hashes_as_read/
08-04 02:26:38.663 11040 30397 E baseline.com.newsblur.network.APIResponse: java.io.IOException: unexpected end of stream on https://www.newsblur.com/...
08-04 02:26:38.663 11040 30397 E baseline.com.newsblur.network.APIResponse: 	at okhttp3.internal.http1.Http1ExchangeCodec.readResponseHeaders(Http1ExchangeCodec.java:236)
08-04 02:26:38.663 11040 30397 E baseline.com.newsblur.network.APIResponse: 	at okhttp3.internal.connection.Exchange.readResponseHeaders(Exchange.java:115)
08-04 02:26:38.663 11040 30397 E baseline.com.newsblur.network.APIResponse: 	at okhttp3.internal.http.CallServerInterceptor.intercept(CallServerInterceptor.java:94)
08-04 02:26:38.663 11040 30397 E baseline.com.newsblur.network.APIResponse: 	at okhttp3.internal.http.RealInterceptorChain.proceed(RealInterceptorChain.java:142)
08-04 02:26:38.663 11040 30397 E baseline.com.newsblur.network.APIResponse: 	at okhttp3.internal.connection.ConnectInterceptor.intercept(ConnectInterceptor.java:43)
08-04 02:26:38.663 11040 30397 E baseline.com.newsblur.network.APIResponse: 	at okhttp3.internal.http.RealInterceptorChain.proceed(RealInterceptorChain.java:142)
08-04 02:26:38.663 11040 30397 E baseline.com.newsblur.network.APIResponse: 	at okhttp3.internal.http.RealInterceptorChain.proceed(RealInterceptorChain.java:117)
08-04 02:26:38.663 11040 30397 E baseline.com.newsblur.network.APIResponse: 	at okhttp3.internal.cache.CacheInterceptor.intercept(CacheInterceptor.java:94)
08-04 02:26:38.663 11040 30397 E baseline.com.newsblur.network.APIResponse: 	at okhttp3.internal.http.RealInterceptorChain.proceed(RealInterceptorChain.java:142)
08-04 02:26:38.663 11040 30397 E baseline.com.newsblur.network.APIResponse: 	at okhttp3.internal.http.RealInterceptorChain.proceed(RealInterceptorChain.java:117)
08-04 02:26:38.663 11040 30397 E baseline.com.newsblur.network.APIResponse: 	at okhttp3.internal.http.BridgeInterceptor.intercept(BridgeInterceptor.java:93)
08-04 02:26:38.663 11040 30397 E baseline.com.newsblur.network.APIResponse: 	at okhttp3.internal.http.RealInterceptorChain.proceed(RealInterceptorChain.java:142)
08-04 02:26:38.663 11040 30397 E baseline.com.newsblur.network.APIResponse: 	at okhttp3.internal.http.RetryAndFollowUpInterceptor.intercept(RetryAndFollowUpInterceptor.java:88)
08-04 02:26:38.663 11040 30397 E baseline.com.newsblur.network.APIResponse: 	at okhttp3.internal.http.RealInterceptorChain.proceed(RealInterceptorChain.java:142)
08-04 02:26:38.663 11040 30397 E baseline.com.newsblur.network.APIResponse: 	at okhttp3.internal.http.RealInterceptorChain.proceed(RealInterceptorChain.java:117)
08-04 02:26:38.663 11040 30397 E baseline.com.newsblur.network.APIResponse: 	at okhttp3.RealCall.getResponseWithInterceptorChain(RealCall.java:229)
08-04 02:26:38.663 11040 30397 E baseline.com.newsblur.network.APIResponse: 	at okhttp3.RealCall.execute(RealCall.java:81)
08-04 02:26:38.663 11040 30397 E baseline.com.newsblur.network.APIResponse: 	at baseline.com.newsblur.network.APIResponse.<init>(APIResponse.java:57)
08-04 02:26:38.663 11040 30397 E baseline.com.newsblur.network.APIResponse: 	at baseline.com.newsblur.network.APIResponse.<init>(APIResponse.java:43)
08-04 02:26:38.663 11040 30397 E baseline.com.newsblur.network.APIResponse: 	at baseline.com.newsblur.network.APIManager.post_single(APIManager.java:702)
08-04 02:26:38.663 11040 30397 E baseline.com.newsblur.network.APIResponse: 	at baseline.com.newsblur.network.APIManager.post(APIManager.java:675)
08-04 02:26:38.663 11040 30397 E baseline.com.newsblur.network.APIResponse: 	at baseline.com.newsblur.network.APIManager.post(APIManager.java:714)
08-04 02:26:38.663 11040 30397 E baseline.com.newsblur.network.APIResponse: 	at baseline.com.newsblur.network.APIManager.markStoryAsRead(APIManager.java:205)
08-04 02:26:38.663 11040 30397 E baseline.com.newsblur.network.APIResponse: 	at baseline.com.newsblur.util.ReadingAction.doRemote(ReadingAction.java:281)
08-04 02:26:38.663 11040 30397 E baseline.com.newsblur.network.APIResponse: 	at baseline.com.newsblur.service.NBSyncService.syncActions(NBSyncService.java:400)
08-04 02:26:38.663 11040 30397 E baseline.com.newsblur.network.APIResponse: 	at baseline.com.newsblur.service.NBSyncService.doSync(NBSyncService.java:298)
08-04 02:26:38.663 11040 30397 E baseline.com.newsblur.network.APIResponse: 	at baseline.com.newsblur.service.NBSyncService.access$100(NBSyncService.java:67)
08-04 02:26:38.663 11040 30397 E baseline.com.newsblur.network.APIResponse: 	at baseline.com.newsblur.service.NBSyncService$1.run(NBSyncService.java:188)
08-04 02:26:38.663 11040 30397 E baseline.com.newsblur.network.APIResponse: 	at java.util.concurrent.ThreadPoolExecutor.runWorker(ThreadPoolExecutor.java:1113)
08-04 02:26:38.663 11040 30397 E baseline.com.newsblur.network.APIResponse: 	at java.util.concurrent.ThreadPoolExecutor$Worker.run(ThreadPoolExecutor.java:588)
08-04 02:26:38.663 11040 30397 E baseline.com.newsblur.network.APIResponse: 	at java.lang.Thread.run(Thread.java:818)
08-04 02:26:38.663 11040 30397 E baseline.com.newsblur.network.APIResponse: Caused by: java.io.EOFException: \n not found: limit=0 content=
08-04 02:26:38.663 11040 30397 E baseline.com.newsblur.network.APIResponse: 	at okio.RealBufferedSource.readUtf8LineStrict(RealBufferedSource.java:240)
08-04 02:26:38.663 11040 30397 E baseline.com.newsblur.network.APIResponse: 	at okhttp3.internal.http1.Http1ExchangeCodec.readHeaderLine(Http1ExchangeCodec.java:242)
08-04 02:26:38.663 11040 30397 E baseline.com.newsblur.network.APIResponse: 	at okhttp3.internal.http1.Http1ExchangeCodec.readResponseHeaders(Http1ExchangeCodec.java:213)
08-04 02:26:38.663 11040 30397 E baseline.com.newsblur.network.APIResponse: 	... 30 more
08-04 02:26:38.665 11040 30397 I baseline.com.newsblur.network.APIManager: API call failed, pausing before retry number 2
08-04 02:26:38.953 11040 30393 I art     : Starting a blocking GC Explicit
08-04 02:26:38.998 11040 30393 I art     : Explicit concurrent mark sweep GC freed 3954(357KB) AllocSpace objects, 3(60KB) LOS objects, 28% free, 41MB/57MB, paused 1.285ms total 44.714ms
08-04 02:26:39.010 11040 30393 I art     : Starting a blocking GC Explicit
08-04 02:26:39.053 11040 30393 I art     : Explicit concurrent mark sweep GC freed 120(4KB) AllocSpace objects, 0(0B) LOS objects, 28% free, 41MB/57MB, paused 1.130ms total 43.360ms
08-04 02:26:39.064 11040 30393 I art     : Starting a blocking GC Explicit
08-04 02:26:39.109 11040 30393 I art     : Explicit concurrent mark sweep GC freed 3(96B) AllocSpace objects, 0(0B) LOS objects, 28% free, 41MB/57MB, paused 1.189ms total 44.774ms
08-04 02:26:39.121 11040 30393 I art     : Starting a blocking GC Explicit
08-04 02:26:39.165 11040 30393 I art     : Explicit concurrent mark sweep GC freed 435(23KB) AllocSpace objects, 0(0B) LOS objects, 28% free, 41MB/57MB, paused 1.369ms total 44.613ms
08-04 02:26:39.176 11040 30393 I art     : Starting a blocking GC Explicit
08-04 02:26:39.221 11040 30393 I art     : Explicit concurrent mark sweep GC freed 598(25KB) AllocSpace objects, 0(0B) LOS objects, 28% free, 41MB/57MB, paused 1.090ms total 43.969ms
08-04 02:26:39.563 11040 29418 I art     : Starting a blocking GC Explicit
08-04 02:26:39.610 11040 29418 I art     : Explicit concurrent mark sweep GC freed 6094(302KB) AllocSpace objects, 1(20KB) LOS objects, 28% free, 41MB/57MB, paused 1.303ms total 46.672ms
08-04 02:26:39.621 11040 29418 I art     : Starting a blocking GC Explicit
08-04 02:26:39.663 11040 29418 I art     : Explicit concurrent mark sweep GC freed 253(8KB) AllocSpace objects, 0(0B) LOS objects, 28% free, 40MB/56MB, paused 1.151ms total 42.577ms
08-04 02:26:39.674 11040 29418 I art     : Starting a blocking GC Explicit
08-04 02:26:39.718 11040 29418 I art     : Explicit concurrent mark sweep GC freed 521(39KB) AllocSpace objects, 0(0B) LOS objects, 28% free, 41MB/57MB, paused 1.200ms total 43.173ms
08-04 02:26:39.728 11040 29418 I art     : Starting a blocking GC Explicit
08-04 02:26:39.771 11040 29418 I art     : Explicit concurrent mark sweep GC freed 165(18KB) AllocSpace objects, 0(0B) LOS objects, 28% free, 40MB/56MB, paused 1.270ms total 42.568ms
08-04 02:26:39.782 11040 29418 I art     : Starting a blocking GC Explicit
08-04 02:26:39.826 11040 29418 I art     : Explicit concurrent mark sweep GC freed 27(880B) AllocSpace objects, 0(0B) LOS objects, 28% free, 40MB/56MB, paused 1.136ms total 43.346ms
08-04 02:26:40.204 11040 11053 I art     : Starting a blocking GC Explicit
08-04 02:26:40.249 11040 11053 I art     : Explicit concurrent mark sweep GC freed 3417(174KB) AllocSpace objects, 1(20KB) LOS objects, 28% free, 40MB/56MB, paused 1.169ms total 45.020ms
08-04 02:26:40.260 11040 11053 I art     : Starting a blocking GC Explicit
08-04 02:26:40.304 11040 11053 I art     : Explicit concurrent mark sweep GC freed 102(3KB) AllocSpace objects, 0(0B) LOS objects, 28% free, 40MB/56MB, paused 1.115ms total 43.706ms
08-04 02:26:40.315 11040 11053 I art     : Starting a blocking GC Explicit
08-04 02:26:40.360 11040 11053 I art     : Explicit concurrent mark sweep GC freed 3(96B) AllocSpace objects, 0(0B) LOS objects, 28% free, 40MB/56MB, paused 1.163ms total 44.022ms
08-04 02:26:40.371 11040 11053 I art     : Starting a blocking GC Explicit
08-04 02:26:40.416 11040 11053 I art     : Explicit concurrent mark sweep GC freed 3(96B) AllocSpace objects, 0(0B) LOS objects, 28% free, 40MB/56MB, paused 1.122ms total 44.943ms
08-04 02:26:40.428 11040 11053 I art     : Starting a blocking GC Explicit
08-04 02:26:40.471 11040 11053 I art     : Explicit concurrent mark sweep GC freed 3(96B) AllocSpace objects, 0(0B) LOS objects, 28% free, 40MB/56MB, paused 1.107ms total 43.346ms
08-04 02:26:40.841 11040 11052 I art     : Starting a blocking GC Explicit
08-04 02:26:40.886 11040 11052 I art     : Explicit concurrent mark sweep GC freed 1444(83KB) AllocSpace objects, 1(20KB) LOS objects, 28% free, 40MB/56MB, paused 1.158ms total 44.647ms
08-04 02:26:40.897 11040 11052 I art     : Starting a blocking GC Explicit
08-04 02:26:40.942 11040 11052 I art     : Explicit concurrent mark sweep GC freed 22(784B) AllocSpace objects, 0(0B) LOS objects, 28% free, 40MB/56MB, paused 1.154ms total 44.929ms
08-04 02:26:40.954 11040 11052 I art     : Starting a blocking GC Explicit
08-04 02:26:40.997 11040 11052 I art     : Explicit concurrent mark sweep GC freed 3(96B) AllocSpace objects, 0(0B) LOS objects, 28% free, 40MB/56MB, paused 1.180ms total 43.589ms
08-04 02:26:41.008 11040 11052 I art     : Starting a blocking GC Explicit
08-04 02:26:41.052 11040 11052 I art     : Explicit concurrent mark sweep GC freed 3(96B) AllocSpace objects, 0(0B) LOS objects, 28% free, 40MB/56MB, paused 1.108ms total 43.766ms
08-04 02:26:41.063 11040 11052 I art     : Starting a blocking GC Explicit
08-04 02:26:41.107 11040 11052 I art     : Explicit concurrent mark sweep GC freed 3(96B) AllocSpace objects, 0(0B) LOS objects, 28% free, 40MB/56MB, paused 1.228ms total 43.619ms
08-04 02:26:41.471 11040 30393 I art     : Starting a blocking GC Explicit
08-04 02:26:41.516 11040 30393 I art     : Explicit concurrent mark sweep GC freed 1443(83KB) AllocSpace objects, 1(20KB) LOS objects, 28% free, 40MB/56MB, paused 1.110ms total 44.680ms
08-04 02:26:41.526 11040 30393 I art     : Starting a blocking GC Explicit
08-04 02:26:41.568 11040 30393 I art     : Explicit concurrent mark sweep GC freed 22(784B) AllocSpace objects, 0(0B) LOS objects, 28% free, 40MB/56MB, paused 1.112ms total 41.484ms
08-04 02:26:41.579 11040 30393 I art     : Starting a blocking GC Explicit
08-04 02:26:41.621 11040 30393 I art     : Explicit concurrent mark sweep GC freed 3(96B) AllocSpace objects, 0(0B) LOS objects, 28% free, 40MB/56MB, paused 1.130ms total 41.964ms
08-04 02:26:41.632 11040 30393 I art     : Starting a blocking GC Explicit
08-04 02:26:41.675 11040 30393 I art     : Explicit concurrent mark sweep GC freed 94(3KB) AllocSpace objects, 0(0B) LOS objects, 28% free, 40MB/56MB, paused 1.172ms total 42.449ms
08-04 02:26:41.686 11040 30393 I art     : Starting a blocking GC Explicit
08-04 02:26:41.729 11040 30393 I art     : Explicit concurrent mark sweep GC freed 9(352B) AllocSpace objects, 0(0B) LOS objects, 28% free, 40MB/56MB, paused 1.187ms total 42.732ms
08-04 02:26:42.084 11040 29418 I art     : Starting a blocking GC Explicit
08-04 02:26:42.129 11040 29418 I art     : Explicit concurrent mark sweep GC freed 1517(88KB) AllocSpace objects, 1(20KB) LOS objects, 28% free, 40MB/56MB, paused 1.298ms total 44.509ms
08-04 02:26:42.139 11040 29418 I art     : Starting a blocking GC Explicit
08-04 02:26:42.183 11040 29418 I art     : Explicit concurrent mark sweep GC freed 22(784B) AllocSpace objects, 0(0B) LOS objects, 28% free, 40MB/56MB, paused 1.160ms total 43.276ms
08-04 02:26:42.194 11040 29418 I art     : Starting a blocking GC Explicit
08-04 02:26:42.238 11040 29418 I art     : Explicit concurrent mark sweep GC freed 1624(63KB) AllocSpace objects, 0(0B) LOS objects, 28% free, 41MB/57MB, paused 1.292ms total 43.851ms
08-04 02:26:42.249 11040 29418 I art     : Starting a blocking GC Explicit
08-04 02:26:42.263 11040 30397 E baseline.com.newsblur.network.APIResponse: Error (unexpected end of stream on https://www.newsblur.com/...) calling https://www.newsblur.com/reader/mark_story_hashes_as_read/
08-04 02:26:42.263 11040 30397 E baseline.com.newsblur.network.APIResponse: java.io.IOException: unexpected end of stream on https://www.newsblur.com/...
08-04 02:26:42.263 11040 30397 E baseline.com.newsblur.network.APIResponse: 	at okhttp3.internal.http1.Http1ExchangeCodec.readResponseHeaders(Http1ExchangeCodec.java:236)
08-04 02:26:42.263 11040 30397 E baseline.com.newsblur.network.APIResponse: 	at okhttp3.internal.connection.Exchange.readResponseHeaders(Exchange.java:115)
08-04 02:26:42.263 11040 30397 E baseline.com.newsblur.network.APIResponse: 	at okhttp3.internal.http.CallServerInterceptor.intercept(CallServerInterceptor.java:94)
08-04 02:26:42.263 11040 30397 E baseline.com.newsblur.network.APIResponse: 	at okhttp3.internal.http.RealInterceptorChain.proceed(RealInterceptorChain.java:142)
08-04 02:26:42.263 11040 30397 E baseline.com.newsblur.network.APIResponse: 	at okhttp3.internal.connection.ConnectInterceptor.intercept(ConnectInterceptor.java:43)
08-04 02:26:42.263 11040 30397 E baseline.com.newsblur.network.APIResponse: 	at okhttp3.internal.http.RealInterceptorChain.proceed(RealInterceptorChain.java:142)
08-04 02:26:42.263 11040 30397 E baseline.com.newsblur.network.APIResponse: 	at okhttp3.internal.http.RealInterceptorChain.proceed(RealInterceptorChain.java:117)
08-04 02:26:42.263 11040 30397 E baseline.com.newsblur.network.APIResponse: 	at okhttp3.internal.cache.CacheInterceptor.intercept(CacheInterceptor.java:94)
08-04 02:26:42.263 11040 30397 E baseline.com.newsblur.network.APIResponse: 	at okhttp3.internal.http.RealInterceptorChain.proceed(RealInterceptorChain.java:142)
08-04 02:26:42.263 11040 30397 E baseline.com.newsblur.network.APIResponse: 	at okhttp3.internal.http.RealInterceptorChain.proceed(RealInterceptorChain.java:117)
08-04 02:26:42.263 11040 30397 E baseline.com.newsblur.network.APIResponse: 	at okhttp3.internal.http.BridgeInterceptor.intercept(BridgeInterceptor.java:93)
08-04 02:26:42.263 11040 30397 E baseline.com.newsblur.network.APIResponse: 	at okhttp3.internal.http.RealInterceptorChain.proceed(RealInterceptorChain.java:142)
08-04 02:26:42.263 11040 30397 E baseline.com.newsblur.network.APIResponse: 	at okhttp3.internal.http.RetryAndFollowUpInterceptor.intercept(RetryAndFollowUpInterceptor.java:88)
08-04 02:26:42.263 11040 30397 E baseline.com.newsblur.network.APIResponse: 	at okhttp3.internal.http.RealInterceptorChain.proceed(RealInterceptorChain.java:142)
08-04 02:26:42.263 11040 30397 E baseline.com.newsblur.network.APIResponse: 	at okhttp3.internal.http.RealInterceptorChain.proceed(RealInterceptorChain.java:117)
08-04 02:26:42.263 11040 30397 E baseline.com.newsblur.network.APIResponse: 	at okhttp3.RealCall.getResponseWithInterceptorChain(RealCall.java:229)
08-04 02:26:42.263 11040 30397 E baseline.com.newsblur.network.APIResponse: 	at okhttp3.RealCall.execute(RealCall.java:81)
08-04 02:26:42.263 11040 30397 E baseline.com.newsblur.network.APIResponse: 	at baseline.com.newsblur.network.APIResponse.<init>(APIResponse.java:57)
08-04 02:26:42.263 11040 30397 E baseline.com.newsblur.network.APIResponse: 	at baseline.com.newsblur.network.APIResponse.<init>(APIResponse.java:43)
08-04 02:26:42.263 11040 30397 E baseline.com.newsblur.network.APIResponse: 	at baseline.com.newsblur.network.APIManager.post_single(APIManager.java:702)
08-04 02:26:42.263 11040 30397 E baseline.com.newsblur.network.APIResponse: 	at baseline.com.newsblur.network.APIManager.post(APIManager.java:675)
08-04 02:26:42.263 11040 30397 E baseline.com.newsblur.network.APIResponse: 	at baseline.com.newsblur.network.APIManager.post(APIManager.java:714)
08-04 02:26:42.263 11040 30397 E baseline.com.newsblur.network.APIResponse: 	at baseline.com.newsblur.network.APIManager.markStoryAsRead(APIManager.java:205)
08-04 02:26:42.263 11040 30397 E baseline.com.newsblur.network.APIResponse: 	at baseline.com.newsblur.util.ReadingAction.doRemote(ReadingAction.java:281)
08-04 02:26:42.263 11040 30397 E baseline.com.newsblur.network.APIResponse: 	at baseline.com.newsblur.service.NBSyncService.syncActions(NBSyncService.java:400)
08-04 02:26:42.263 11040 30397 E baseline.com.newsblur.network.APIResponse: 	at baseline.com.newsblur.service.NBSyncService.doSync(NBSyncService.java:298)
08-04 02:26:42.263 11040 30397 E baseline.com.newsblur.network.APIResponse: 	at baseline.com.newsblur.service.NBSyncService.access$100(NBSyncService.java:67)
08-04 02:26:42.263 11040 30397 E baseline.com.newsblur.network.APIResponse: 	at baseline.com.newsblur.service.NBSyncService$1.run(NBSyncService.java:188)
08-04 02:26:42.263 11040 30397 E baseline.com.newsblur.network.APIResponse: 	at java.util.concurrent.ThreadPoolExecutor.runWorker(ThreadPoolExecutor.java:1113)
08-04 02:26:42.263 11040 30397 E baseline.com.newsblur.network.APIResponse: 	at java.util.concurrent.ThreadPoolExecutor$Worker.run(ThreadPoolExecutor.java:588)
08-04 02:26:42.263 11040 30397 E baseline.com.newsblur.network.APIResponse: 	at java.lang.Thread.run(Thread.java:818)
08-04 02:26:42.263 11040 30397 E baseline.com.newsblur.network.APIResponse: Caused by: java.io.EOFException: \n not found: limit=0 content=
08-04 02:26:42.263 11040 30397 E baseline.com.newsblur.network.APIResponse: 	at okio.RealBufferedSource.readUtf8LineStrict(RealBufferedSource.java:240)
08-04 02:26:42.263 11040 30397 E baseline.com.newsblur.network.APIResponse: 	at okhttp3.internal.http1.Http1ExchangeCodec.readHeaderLine(Http1ExchangeCodec.java:242)
08-04 02:26:42.263 11040 30397 E baseline.com.newsblur.network.APIResponse: 	at okhttp3.internal.http1.Http1ExchangeCodec.readResponseHeaders(Http1ExchangeCodec.java:213)
08-04 02:26:42.263 11040 30397 E baseline.com.newsblur.network.APIResponse: 	... 30 more
08-04 02:26:42.266 11040 30397 I baseline.com.newsblur.service.NBSyncService: Holding reading action with server-side or network error.
08-04 02:26:42.280 11040 30397 W baseline.com.newsblur.service.NBSyncService: hard API failure
08-04 02:26:42.292 11040 29418 I art     : Explicit concurrent mark sweep GC freed 1161(240KB) AllocSpace objects, 4(80KB) LOS objects, 28% free, 41MB/57MB, paused 1.245ms total 42.321ms
08-04 02:26:42.303 11040 29418 I art     : Starting a blocking GC Explicit
08-04 02:26:42.347 11040 29418 I art     : Explicit concurrent mark sweep GC freed 225(23KB) AllocSpace objects, 0(0B) LOS objects, 28% free, 40MB/56MB, paused 1.177ms total 43.638ms
08-04 02:26:42.687 11040 11053 I art     : Starting a blocking GC Explicit
08-04 02:26:42.734 11040 11053 I art     : Explicit concurrent mark sweep GC freed 3065(146KB) AllocSpace objects, 1(20KB) LOS objects, 28% free, 41MB/57MB, paused 1.174ms total 45.729ms
08-04 02:26:42.734 11040 11050 I art     : WaitForGcToComplete blocked for 12.151ms for cause HeapTrim
08-04 02:26:42.745 11040 11053 I art     : Starting a blocking GC Explicit
08-04 02:26:42.774 11040 30397 E baseline.com.newsblur.network.APIResponse: Error (unexpected end of stream on https://www.newsblur.com/...) calling https://www.newsblur.com/reader/mark_story_hashes_as_read/
08-04 02:26:42.774 11040 30397 E baseline.com.newsblur.network.APIResponse: java.io.IOException: unexpected end of stream on https://www.newsblur.com/...
08-04 02:26:42.774 11040 30397 E baseline.com.newsblur.network.APIResponse: 	at okhttp3.internal.http1.Http1ExchangeCodec.readResponseHeaders(Http1ExchangeCodec.java:236)
08-04 02:26:42.774 11040 30397 E baseline.com.newsblur.network.APIResponse: 	at okhttp3.internal.connection.Exchange.readResponseHeaders(Exchange.java:115)
08-04 02:26:42.774 11040 30397 E baseline.com.newsblur.network.APIResponse: 	at okhttp3.internal.http.CallServerInterceptor.intercept(CallServerInterceptor.java:94)
08-04 02:26:42.774 11040 30397 E baseline.com.newsblur.network.APIResponse: 	at okhttp3.internal.http.RealInterceptorChain.proceed(RealInterceptorChain.java:142)
08-04 02:26:42.774 11040 30397 E baseline.com.newsblur.network.APIResponse: 	at okhttp3.internal.connection.ConnectInterceptor.intercept(ConnectInterceptor.java:43)
08-04 02:26:42.774 11040 30397 E baseline.com.newsblur.network.APIResponse: 	at okhttp3.internal.http.RealInterceptorChain.proceed(RealInterceptorChain.java:142)
08-04 02:26:42.774 11040 30397 E baseline.com.newsblur.network.APIResponse: 	at okhttp3.internal.http.RealInterceptorChain.proceed(RealInterceptorChain.java:117)
08-04 02:26:42.774 11040 30397 E baseline.com.newsblur.network.APIResponse: 	at okhttp3.internal.cache.CacheInterceptor.intercept(CacheInterceptor.java:94)
08-04 02:26:42.774 11040 30397 E baseline.com.newsblur.network.APIResponse: 	at okhttp3.internal.http.RealInterceptorChain.proceed(RealInterceptorChain.java:142)
08-04 02:26:42.774 11040 30397 E baseline.com.newsblur.network.APIResponse: 	at okhttp3.internal.http.RealInterceptorChain.proceed(RealInterceptorChain.java:117)
08-04 02:26:42.774 11040 30397 E baseline.com.newsblur.network.APIResponse: 	at okhttp3.internal.http.BridgeInterceptor.intercept(BridgeInterceptor.java:93)
08-04 02:26:42.774 11040 30397 E baseline.com.newsblur.network.APIResponse: 	at okhttp3.internal.http.RealInterceptorChain.proceed(RealInterceptorChain.java:142)
08-04 02:26:42.774 11040 30397 E baseline.com.newsblur.network.APIResponse: 	at okhttp3.internal.http.RetryAndFollowUpInterceptor.intercept(RetryAndFollowUpInterceptor.java:88)
08-04 02:26:42.774 11040 30397 E baseline.com.newsblur.network.APIResponse: 	at okhttp3.internal.http.RealInterceptorChain.proceed(RealInterceptorChain.java:142)
08-04 02:26:42.774 11040 30397 E baseline.com.newsblur.network.APIResponse: 	at okhttp3.internal.http.RealInterceptorChain.proceed(RealInterceptorChain.java:117)
08-04 02:26:42.774 11040 30397 E baseline.com.newsblur.network.APIResponse: 	at okhttp3.RealCall.getResponseWithInterceptorChain(RealCall.java:229)
08-04 02:26:42.774 11040 30397 E baseline.com.newsblur.network.APIResponse: 	at okhttp3.RealCall.execute(RealCall.java:81)
08-04 02:26:42.774 11040 30397 E baseline.com.newsblur.network.APIResponse: 	at baseline.com.newsblur.network.APIResponse.<init>(APIResponse.java:57)
08-04 02:26:42.774 11040 30397 E baseline.com.newsblur.network.APIResponse: 	at baseline.com.newsblur.network.APIResponse.<init>(APIResponse.java:43)
08-04 02:26:42.774 11040 30397 E baseline.com.newsblur.network.APIResponse: 	at baseline.com.newsblur.network.APIManager.post_single(APIManager.java:702)
08-04 02:26:42.774 11040 30397 E baseline.com.newsblur.network.APIResponse: 	at baseline.com.newsblur.network.APIManager.post(APIManager.java:675)
08-04 02:26:42.774 11040 30397 E baseline.com.newsblur.network.APIResponse: 	at baseline.com.newsblur.network.APIManager.post(APIManager.java:714)
08-04 02:26:42.774 11040 30397 E baseline.com.newsblur.network.APIResponse: 	at baseline.com.newsblur.network.APIManager.markStoryAsRead(APIManager.java:205)
08-04 02:26:42.774 11040 30397 E baseline.com.newsblur.network.APIResponse: 	at baseline.com.newsblur.util.ReadingAction.doRemote(ReadingAction.java:281)
08-04 02:26:42.774 11040 30397 E baseline.com.newsblur.network.APIResponse: 	at baseline.com.newsblur.service.NBSyncService.syncActions(NBSyncService.java:400)
08-04 02:26:42.774 11040 30397 E baseline.com.newsblur.network.APIResponse: 	at baseline.com.newsblur.service.NBSyncService.doSync(NBSyncService.java:298)
08-04 02:26:42.774 11040 30397 E baseline.com.newsblur.network.APIResponse: 	at baseline.com.newsblur.service.NBSyncService.access$100(NBSyncService.java:67)
08-04 02:26:42.774 11040 30397 E baseline.com.newsblur.network.APIResponse: 	at baseline.com.newsblur.service.NBSyncService$1.run(NBSyncService.java:188)
08-04 02:26:42.774 11040 30397 E baseline.com.newsblur.network.APIResponse: 	at java.util.concurrent.ThreadPoolExecutor.runWorker(ThreadPoolExecutor.java:1113)
08-04 02:26:42.774 11040 30397 E baseline.com.newsblur.network.APIResponse: 	at java.util.concurrent.ThreadPoolExecutor$Worker.run(ThreadPoolExecutor.java:588)
08-04 02:26:42.774 11040 30397 E baseline.com.newsblur.network.APIResponse: 	at java.lang.Thread.run(Thread.java:818)
08-04 02:26:42.774 11040 30397 E baseline.com.newsblur.network.APIResponse: Caused by: java.io.EOFException: \n not found: limit=0 content=
08-04 02:26:42.774 11040 30397 E baseline.com.newsblur.network.APIResponse: 	at okio.RealBufferedSource.readUtf8LineStrict(RealBufferedSource.java:240)
08-04 02:26:42.774 11040 30397 E baseline.com.newsblur.network.APIResponse: 	at okhttp3.internal.http1.Http1ExchangeCodec.readHeaderLine(Http1ExchangeCodec.java:242)
08-04 02:26:42.774 11040 30397 E baseline.com.newsblur.network.APIResponse: 	at okhttp3.internal.http1.Http1ExchangeCodec.readResponseHeaders(Http1ExchangeCodec.java:213)
08-04 02:26:42.774 11040 30397 E baseline.com.newsblur.network.APIResponse: 	... 30 more
08-04 02:26:42.775 11040 30397 I baseline.com.newsblur.network.APIManager: API call failed, pausing before retry number 1
08-04 02:26:42.788 11040 11053 I art     : Explicit concurrent mark sweep GC freed 893(198KB) AllocSpace objects, 2(40KB) LOS objects, 28% free, 41MB/57MB, paused 1.160ms total 42.821ms
08-04 02:26:42.799 11040 11053 I art     : Starting a blocking GC Explicit
08-04 02:26:42.843 11040 11053 I art     : Explicit concurrent mark sweep GC freed 125(16KB) AllocSpace objects, 0(0B) LOS objects, 28% free, 40MB/56MB, paused 1.112ms total 43.832ms
08-04 02:26:42.854 11040 11053 I art     : Starting a blocking GC Explicit
08-04 02:26:42.898 11040 11053 I art     : Explicit concurrent mark sweep GC freed 25(832B) AllocSpace objects, 0(0B) LOS objects, 28% free, 40MB/56MB, paused 1.138ms total 43.966ms
08-04 02:26:42.909 11040 11053 I art     : Starting a blocking GC Explicit
08-04 02:26:42.954 11040 11053 I art     : Explicit concurrent mark sweep GC freed 3(96B) AllocSpace objects, 0(0B) LOS objects, 28% free, 40MB/56MB, paused 1.130ms total 44.357ms
08-04 02:26:43.344 11040 11052 I art     : Starting a blocking GC Explicit
08-04 02:26:43.388 11040 11052 I art     : Explicit concurrent mark sweep GC freed 1443(83KB) AllocSpace objects, 1(20KB) LOS objects, 28% free, 40MB/56MB, paused 1.145ms total 43.345ms
08-04 02:26:43.398 11040 11052 I art     : Starting a blocking GC Explicit
08-04 02:26:43.440 11040 11052 I art     : Explicit concurrent mark sweep GC freed 22(784B) AllocSpace objects, 0(0B) LOS objects, 28% free, 40MB/56MB, paused 1.244ms total 41.865ms
08-04 02:26:43.451 11040 11052 I art     : Starting a blocking GC Explicit
08-04 02:26:43.493 11040 11052 I art     : Explicit concurrent mark sweep GC freed 3(96B) AllocSpace objects, 0(0B) LOS objects, 28% free, 40MB/56MB, paused 1.083ms total 41.409ms
08-04 02:26:43.503 11040 11052 I art     : Starting a blocking GC Explicit
08-04 02:26:43.545 11040 11052 I art     : Explicit concurrent mark sweep GC freed 3(96B) AllocSpace objects, 0(0B) LOS objects, 28% free, 40MB/56MB, paused 1.104ms total 41.915ms
08-04 02:26:43.556 11040 11052 I art     : Starting a blocking GC Explicit
08-04 02:26:43.598 11040 11052 I art     : Explicit concurrent mark sweep GC freed 3(96B) AllocSpace objects, 0(0B) LOS objects, 28% free, 40MB/56MB, paused 1.262ms total 41.786ms
08-04 02:26:43.760 31407 31407 D AndroidRuntime: >>>>>> START com.android.internal.os.RuntimeInit uid 2000 <<<<<<
08-04 02:26:43.765 31407 31407 D AndroidRuntime: CheckJNI is OFF
08-04 02:26:43.797 31407 31407 D ICU     : No timezone override file found: /data/misc/zoneinfo/current/icu/icu_tzdata.dat
08-04 02:26:43.829 31407 31407 I Radio-JNI: register_android_hardware_Radio DONE
08-04 02:26:43.850 31407 31407 D AndroidRuntime: Calling main entry com.android.commands.input.Input
08-04 02:26:43.851 31407 31407 I Input   : injectKeyEvent: KeyEvent { action=ACTION_DOWN, keyCode=KEYCODE_BACK, scanCode=0, metaState=0, flags=0x0, repeatCount=0, eventTime=671220264, downTime=671220264, deviceId=-1, source=0x101 }
08-04 02:26:43.856 31407 31407 I Input   : injectKeyEvent: KeyEvent { action=ACTION_UP, keyCode=KEYCODE_BACK, scanCode=0, metaState=0, flags=0x0, repeatCount=0, eventTime=671220264, downTime=671220264, deviceId=-1, source=0x101 }
08-04 02:26:43.861 31407 31407 D AndroidRuntime: Shutting down VM
08-04 02:26:43.869 11040 11040 D baseline.com.newsblur.service.NBSyncService: rejecting request for feedset that is exhaused
08-04 02:26:43.941 11040 11052 I art     : Starting a blocking GC Explicit
08-04 02:26:43.986 11040 11052 I art     : Explicit concurrent mark sweep GC freed 2252(166KB) AllocSpace objects, 4(80KB) LOS objects, 28% free, 41MB/57MB, paused 1.108ms total 44.477ms
08-04 02:26:43.996 11040 11052 I art     : Starting a blocking GC Explicit
08-04 02:26:44.003 11040 11040 D baseline.com.newsblur.service.NBSyncService: rejecting request for feedset that is exhaused
08-04 02:26:44.005 13866 13866 I GoogleInputMethodServic: GoogleInputMethodService.onFinishInput():3138 
08-04 02:26:44.005 13866 13866 I GoogleInputMethodServic: GoogleInputMethodService.onStartInput():1808 
08-04 02:26:44.036 11040 11052 I art     : Explicit concurrent mark sweep GC freed 658(61KB) AllocSpace objects, 1(20KB) LOS objects, 28% free, 41MB/57MB, paused 1.114ms total 39.774ms
08-04 02:26:44.047 11040 11052 I art     : Starting a blocking GC Explicit
08-04 02:26:44.089 11040 11052 I art     : Explicit concurrent mark sweep GC freed 503(40KB) AllocSpace objects, 0(0B) LOS objects, 28% free, 40MB/56MB, paused 1.112ms total 42.117ms
08-04 02:26:44.099 11040 11052 I art     : Starting a blocking GC Explicit
08-04 02:26:44.135 11040 11052 I art     : Explicit concurrent mark sweep GC freed 6(176B) AllocSpace objects, 1(28KB) LOS objects, 28% free, 40MB/56MB, paused 1.068ms total 36.044ms
08-04 02:26:44.146 11040 11052 I art     : Starting a blocking GC Explicit
08-04 02:26:44.189 11040 11052 I art     : Explicit concurrent mark sweep GC freed 3(96B) AllocSpace objects, 0(0B) LOS objects, 28% free, 40MB/56MB, paused 1.031ms total 43.634ms
08-04 02:26:44.521 11040 11052 I art     : Starting a blocking GC Explicit
08-04 02:26:44.561 11040 11052 I art     : Explicit concurrent mark sweep GC freed 2862(151KB) AllocSpace objects, 1(20KB) LOS objects, 28% free, 40MB/56MB, paused 1.109ms total 40.401ms
08-04 02:26:44.572 11040 11052 I art     : Starting a blocking GC Explicit
08-04 02:26:44.612 11040 11052 I art     : Explicit concurrent mark sweep GC freed 161(7KB) AllocSpace objects, 0(0B) LOS objects, 28% free, 40MB/56MB, paused 1.070ms total 39.745ms
08-04 02:26:44.622 11040 11052 I art     : Starting a blocking GC Explicit
08-04 02:26:44.663 11040 11052 I art     : Explicit concurrent mark sweep GC freed 9(288B) AllocSpace objects, 0(0B) LOS objects, 28% free, 40MB/56MB, paused 1.119ms total 40.239ms
08-04 02:26:44.674 11040 11052 I art     : Starting a blocking GC Explicit
08-04 02:26:44.715 11040 11052 I art     : Explicit concurrent mark sweep GC freed 9(288B) AllocSpace objects, 0(0B) LOS objects, 28% free, 40MB/56MB, paused 1.117ms total 41.526ms
08-04 02:26:44.726 11040 11052 I art     : Starting a blocking GC Explicit
08-04 02:26:44.767 11040 11052 I art     : Explicit concurrent mark sweep GC freed 9(288B) AllocSpace objects, 0(0B) LOS objects, 28% free, 40MB/56MB, paused 1.032ms total 40.809ms
08-04 02:26:44.899 11040 30397 E baseline.com.newsblur.network.APIResponse: Error (unexpected end of stream on https://www.newsblur.com/...) calling https://www.newsblur.com/reader/mark_story_hashes_as_read/
08-04 02:26:44.899 11040 30397 E baseline.com.newsblur.network.APIResponse: java.io.IOException: unexpected end of stream on https://www.newsblur.com/...
08-04 02:26:44.899 11040 30397 E baseline.com.newsblur.network.APIResponse: 	at okhttp3.internal.http1.Http1ExchangeCodec.readResponseHeaders(Http1ExchangeCodec.java:236)
08-04 02:26:44.899 11040 30397 E baseline.com.newsblur.network.APIResponse: 	at okhttp3.internal.connection.Exchange.readResponseHeaders(Exchange.java:115)
08-04 02:26:44.899 11040 30397 E baseline.com.newsblur.network.APIResponse: 	at okhttp3.internal.http.CallServerInterceptor.intercept(CallServerInterceptor.java:94)
08-04 02:26:44.899 11040 30397 E baseline.com.newsblur.network.APIResponse: 	at okhttp3.internal.http.RealInterceptorChain.proceed(RealInterceptorChain.java:142)
08-04 02:26:44.899 11040 30397 E baseline.com.newsblur.network.APIResponse: 	at okhttp3.internal.connection.ConnectInterceptor.intercept(ConnectInterceptor.java:43)
08-04 02:26:44.899 11040 30397 E baseline.com.newsblur.network.APIResponse: 	at okhttp3.internal.http.RealInterceptorChain.proceed(RealInterceptorChain.java:142)
08-04 02:26:44.899 11040 30397 E baseline.com.newsblur.network.APIResponse: 	at okhttp3.internal.http.RealInterceptorChain.proceed(RealInterceptorChain.java:117)
08-04 02:26:44.899 11040 30397 E baseline.com.newsblur.network.APIResponse: 	at okhttp3.internal.cache.CacheInterceptor.intercept(CacheInterceptor.java:94)
08-04 02:26:44.899 11040 30397 E baseline.com.newsblur.network.APIResponse: 	at okhttp3.internal.http.RealInterceptorChain.proceed(RealInterceptorChain.java:142)
08-04 02:26:44.899 11040 30397 E baseline.com.newsblur.network.APIResponse: 	at okhttp3.internal.http.RealInterceptorChain.proceed(RealInterceptorChain.java:117)
08-04 02:26:44.899 11040 30397 E baseline.com.newsblur.network.APIResponse: 	at okhttp3.internal.http.BridgeInterceptor.intercept(BridgeInterceptor.java:93)
08-04 02:26:44.899 11040 30397 E baseline.com.newsblur.network.APIResponse: 	at okhttp3.internal.http.RealInterceptorChain.proceed(RealInterceptorChain.java:142)
08-04 02:26:44.899 11040 30397 E baseline.com.newsblur.network.APIResponse: 	at okhttp3.internal.http.RetryAndFollowUpInterceptor.intercept(RetryAndFollowUpInterceptor.java:88)
08-04 02:26:44.899 11040 30397 E baseline.com.newsblur.network.APIResponse: 	at okhttp3.internal.http.RealInterceptorChain.proceed(RealInterceptorChain.java:142)
08-04 02:26:44.899 11040 30397 E baseline.com.newsblur.network.APIResponse: 	at okhttp3.internal.http.RealInterceptorChain.proceed(RealInterceptorChain.java:117)
08-04 02:26:44.899 11040 30397 E baseline.com.newsblur.network.APIResponse: 	at okhttp3.RealCall.getResponseWithInterceptorChain(RealCall.java:229)
08-04 02:26:44.899 11040 30397 E baseline.com.newsblur.network.APIResponse: 	at okhttp3.RealCall.execute(RealCall.java:81)
08-04 02:26:44.899 11040 30397 E baseline.com.newsblur.network.APIResponse: 	at baseline.com.newsblur.network.APIResponse.<init>(APIResponse.java:57)
08-04 02:26:44.899 11040 30397 E baseline.com.newsblur.network.APIResponse: 	at baseline.com.newsblur.network.APIResponse.<init>(APIResponse.java:43)
08-04 02:26:44.899 11040 30397 E baseline.com.newsblur.network.APIResponse: 	at baseline.com.newsblur.network.APIManager.post_single(APIManager.java:702)
08-04 02:26:44.899 11040 30397 E baseline.com.newsblur.network.APIResponse: 	at baseline.com.newsblur.network.APIManager.post(APIManager.java:675)
08-04 02:26:44.899 11040 30397 E baseline.com.newsblur.network.APIResponse: 	at baseline.com.newsblur.network.APIManager.post(APIManager.java:714)
08-04 02:26:44.899 11040 30397 E baseline.com.newsblur.network.APIResponse: 	at baseline.com.newsblur.network.APIManager.markStoryAsRead(APIManager.java:205)
08-04 02:26:44.899 11040 30397 E baseline.com.newsblur.network.APIResponse: 	at baseline.com.newsblur.util.ReadingAction.doRemote(ReadingAction.java:281)
08-04 02:26:44.899 11040 30397 E baseline.com.newsblur.network.APIResponse: 	at baseline.com.newsblur.service.NBSyncService.syncActions(NBSyncService.java:400)
08-04 02:26:44.899 11040 30397 E baseline.com.newsblur.network.APIResponse: 	at baseline.com.newsblur.service.NBSyncService.doSync(NBSyncService.java:298)
08-04 02:26:44.899 11040 30397 E baseline.com.newsblur.network.APIResponse: 	at baseline.com.newsblur.service.NBSyncService.access$100(NBSyncService.java:67)
08-04 02:26:44.899 11040 30397 E baseline.com.newsblur.network.APIResponse: 	at baseline.com.newsblur.service.NBSyncService$1.run(NBSyncService.java:188)
08-04 02:26:44.899 11040 30397 E baseline.com.newsblur.network.APIResponse: 	at java.util.concurrent.ThreadPoolExecutor.runWorker(ThreadPoolExecutor.java:1113)
08-04 02:26:44.899 11040 30397 E baseline.com.newsblur.network.APIResponse: 	at java.util.concurrent.ThreadPoolExecutor$Worker.run(ThreadPoolExecutor.java:588)
08-04 02:26:44.899 11040 30397 E baseline.com.newsblur.network.APIResponse: 	at java.lang.Thread.run(Thread.java:818)
08-04 02:26:44.899 11040 30397 E baseline.com.newsblur.network.APIResponse: Caused by: java.io.EOFException: \n not found: limit=0 content=
08-04 02:26:44.899 11040 30397 E baseline.com.newsblur.network.APIResponse: 	at okio.RealBufferedSource.readUtf8LineStrict(RealBufferedSource.java:240)
08-04 02:26:44.899 11040 30397 E baseline.com.newsblur.network.APIResponse: 	at okhttp3.internal.http1.Http1ExchangeCodec.readHeaderLine(Http1ExchangeCodec.java:242)
08-04 02:26:44.899 11040 30397 E baseline.com.newsblur.network.APIResponse: 	at okhttp3.internal.http1.Http1ExchangeCodec.readResponseHeaders(Http1ExchangeCodec.java:213)
08-04 02:26:44.899 11040 30397 E baseline.com.newsblur.network.APIResponse: 	... 30 more
08-04 02:26:44.900 11040 30397 I baseline.com.newsblur.network.APIManager: API call failed, pausing before retry number 2
08-04 02:26:45.112 11040 29418 I art     : Starting a blocking GC Explicit
08-04 02:26:45.163 11040 29418 I art     : Explicit concurrent mark sweep GC freed 4003(358KB) AllocSpace objects, 3(60KB) LOS objects, 28% free, 40MB/56MB, paused 1.085ms total 51.034ms
08-04 02:26:45.176 11040 29418 I art     : Starting a blocking GC Explicit
08-04 02:26:45.222 11040 29418 I art     : Explicit concurrent mark sweep GC freed 127(4KB) AllocSpace objects, 0(0B) LOS objects, 28% free, 40MB/56MB, paused 1.159ms total 45.764ms
08-04 02:26:45.235 11040 29418 I art     : Starting a blocking GC Explicit
08-04 02:26:45.279 11040 29418 I art     : Explicit concurrent mark sweep GC freed 10(320B) AllocSpace objects, 0(0B) LOS objects, 28% free, 40MB/56MB, paused 1.202ms total 44.647ms
08-04 02:26:45.290 11040 29418 I art     : Starting a blocking GC Explicit
08-04 02:26:45.332 11040 29418 I art     : Explicit concurrent mark sweep GC freed 10(320B) AllocSpace objects, 0(0B) LOS objects, 28% free, 40MB/56MB, paused 1.154ms total 40.954ms
08-04 02:26:45.342 11040 29418 I art     : Starting a blocking GC Explicit
08-04 02:26:45.384 11040 29418 I art     : Explicit concurrent mark sweep GC freed 8(256B) AllocSpace objects, 0(0B) LOS objects, 28% free, 40MB/56MB, paused 1.152ms total 41.670ms
08-04 02:26:45.427   918 13198 D NetlinkSocketObserver: NeighborEvent{elapsedMs=1654609301, 192.168.2.254, [7C3953A63323], RTM_NEWNEIGH, NUD_STALE}
08-04 02:26:45.514 31450 31450 D AndroidRuntime: >>>>>> START com.android.internal.os.RuntimeInit uid 2000 <<<<<<
08-04 02:26:45.519 31450 31450 D AndroidRuntime: CheckJNI is OFF
08-04 02:26:45.550 31450 31450 D ICU     : No timezone override file found: /data/misc/zoneinfo/current/icu/icu_tzdata.dat
08-04 02:26:45.582 31450 31450 I Radio-JNI: register_android_hardware_Radio DONE
08-04 02:26:45.604 31450 31450 D AndroidRuntime: Calling main entry com.android.commands.input.Input
08-04 02:26:45.606 31450 31450 I Input   : injectMotionEvent: MotionEvent { action=ACTION_DOWN, actionButton=0, id[0]=0, x[0]=435.0, y[0]=858.0, toolType[0]=TOOL_TYPE_UNKNOWN, buttonState=0, metaState=0, flags=0x0, edgeFlags=0x0, pointerCount=1, historySize=0, eventTime=671222019, downTime=671222019, deviceId=0, source=0x1002 }
08-04 02:26:45.610 31450 31450 I Input   : injectMotionEvent: MotionEvent { action=ACTION_UP, actionButton=0, id[0]=0, x[0]=435.0, y[0]=858.0, toolType[0]=TOOL_TYPE_UNKNOWN, buttonState=0, metaState=0, flags=0x0, edgeFlags=0x0, pointerCount=1, historySize=0, eventTime=671222019, downTime=671222019, deviceId=0, source=0x1002 }
08-04 02:26:45.614 31450 31450 D AndroidRuntime: Shutting down VM
08-04 02:26:45.628   918   928 I ActivityManager: START u0 {cmp=baseline.com.newsblur/.activity.AllSharedStoriesReading (has extras)} from uid 10652 on display 0
08-04 02:26:45.628   512  2967 D audio_hw_primary: out_set_parameters: enter: usecase(1: low-latency-playback) kvpairs: routing=2
08-04 02:26:45.641   512  2967 D audio_hw_primary: select_devices: out_snd_device(2: speaker) in_snd_device(0: none)
08-04 02:26:45.641   512  2967 D msm8974_platform: platform_send_audio_calibration: sending audio calibration for snd_device(2) acdb_id(15)
08-04 02:26:45.641   512  2967 I soundtrigger: audio_extn_sound_trigger_update_device_status: device 0x2 of type 0 for Event 1
08-04 02:26:45.650   512  2967 D audio_hw_primary: enable_snd_device: snd_device(2: speaker)
08-04 02:26:45.652   512  2967 D audio_hw_primary: enable_audio_route: apply and update mixer path: low-latency-playback speaker
08-04 02:26:45.728 11040 29418 I art     : Starting a blocking GC Explicit
08-04 02:26:45.773 11040 29418 I art     : Explicit concurrent mark sweep GC freed 2922(229KB) AllocSpace objects, 5(528KB) LOS objects, 28% free, 41MB/57MB, paused 1.219ms total 45.310ms
08-04 02:26:45.785 11040 29418 I art     : Starting a blocking GC Explicit
08-04 02:26:45.829 11040 29418 I art     : Explicit concurrent mark sweep GC freed 419(39KB) AllocSpace objects, 1(20KB) LOS objects, 28% free, 41MB/57MB, paused 1.122ms total 43.516ms
08-04 02:26:45.840 11040 29418 I art     : Starting a blocking GC Explicit
08-04 02:26:45.854   918   936 I ActivityManager: Displayed baseline.com.newsblur/.activity.AllSharedStoriesReading: +216ms
08-04 02:26:45.854 13866 13866 I GoogleInputMethodServic: GoogleInputMethodService.onFinishInput():3138 
08-04 02:26:45.854 13866 13866 I GoogleInputMethodServic: GoogleInputMethodService.onStartInput():1808 
08-04 02:26:45.883 11040 29418 I art     : Explicit concurrent mark sweep GC freed 1141(84KB) AllocSpace objects, 2(40KB) LOS objects, 27% free, 41MB/57MB, paused 1.525ms total 43.234ms
08-04 02:26:45.894 11040 29418 I art     : Starting a blocking GC Explicit
08-04 02:26:45.939 11040 29418 I art     : Explicit concurrent mark sweep GC freed 1898(127KB) AllocSpace objects, 2(40KB) LOS objects, 27% free, 41MB/57MB, paused 1.970ms total 45.243ms
08-04 02:26:45.951 11040 29418 I art     : Starting a blocking GC Explicit
08-04 02:26:45.996 11040 29418 I art     : Explicit concurrent mark sweep GC freed 1286(96KB) AllocSpace objects, 10(244KB) LOS objects, 27% free, 41MB/57MB, paused 1.261ms total 44.776ms
08-04 02:26:46.085 11040 30049 E chromium: [ERROR:tile_manager.cc(793)] WARNING: tile memory limits exceeded, some content may not draw
08-04 02:26:46.086 11040 30049 E chromium: [ERROR:tile_manager.cc(793)] WARNING: tile memory limits exceeded, some content may not draw
08-04 02:26:46.189   512  2967 D audio_hw_primary: disable_audio_route: reset and update mixer path: low-latency-playback speaker
08-04 02:26:46.190   512  2967 D audio_hw_primary: disable_snd_device: snd_device(2: speaker)
08-04 02:26:46.198   512  2967 I soundtrigger: audio_extn_sound_trigger_update_device_status: device 0x2 of type 0 for Event 0
08-04 02:26:46.330 11040 11053 I art     : Starting a blocking GC Explicit
08-04 02:26:46.381 11040 11053 I art     : Explicit concurrent mark sweep GC freed 2162(188KB) AllocSpace objects, 2(40KB) LOS objects, 27% free, 41MB/57MB, paused 1.271ms total 50.931ms
08-04 02:26:46.395 11040 11053 I art     : Starting a blocking GC Explicit
08-04 02:26:46.442 11040 11053 I art     : Explicit concurrent mark sweep GC freed 87(3KB) AllocSpace objects, 0(0B) LOS objects, 27% free, 41MB/57MB, paused 1.155ms total 46.802ms
08-04 02:26:46.453 11040 11053 I art     : Starting a blocking GC Explicit
08-04 02:26:46.500 11040 11053 I art     : Explicit concurrent mark sweep GC freed 3(96B) AllocSpace objects, 0(0B) LOS objects, 27% free, 41MB/57MB, paused 1.141ms total 46.553ms
08-04 02:26:46.512 11040 11053 I art     : Starting a blocking GC Explicit
08-04 02:26:46.559 11040 11053 I art     : Explicit concurrent mark sweep GC freed 3(96B) AllocSpace objects, 0(0B) LOS objects, 27% free, 41MB/57MB, paused 1.213ms total 46.733ms
08-04 02:26:46.570 11040 11053 I art     : Starting a blocking GC Explicit
08-04 02:26:46.616 11040 11053 I art     : Explicit concurrent mark sweep GC freed 3(96B) AllocSpace objects, 0(0B) LOS objects, 27% free, 41MB/57MB, paused 1.156ms total 46.149ms
08-04 02:26:46.955 11040 11052 I art     : Starting a blocking GC Explicit
08-04 02:26:47.006 11040 11052 I art     : Explicit concurrent mark sweep GC freed 1446(83KB) AllocSpace objects, 1(20KB) LOS objects, 27% free, 41MB/57MB, paused 1.193ms total 50.226ms
08-04 02:26:47.019 11040 11052 I art     : Starting a blocking GC Explicit
08-04 02:26:47.066 11040 11052 I art     : Explicit concurrent mark sweep GC freed 22(800B) AllocSpace objects, 0(0B) LOS objects, 27% free, 41MB/57MB, paused 1.249ms total 46.756ms
08-04 02:26:47.077 11040 11052 I art     : Starting a blocking GC Explicit
08-04 02:26:47.123 11040 11052 I art     : Explicit concurrent mark sweep GC freed 3(96B) AllocSpace objects, 0(0B) LOS objects, 27% free, 41MB/57MB, paused 1.134ms total 45.893ms
08-04 02:26:47.134 11040 11052 I art     : Starting a blocking GC Explicit
08-04 02:26:47.147 11040 30049 E chromium: [ERROR:tile_manager.cc(793)] WARNING: tile memory limits exceeded, some content may not draw
08-04 02:26:47.148 11040 30049 E chromium: [ERROR:tile_manager.cc(793)] WARNING: tile memory limits exceeded, some content may not draw
08-04 02:26:47.162 11040 30049 E chromium: [ERROR:tile_manager.cc(793)] WARNING: tile memory limits exceeded, some content may not draw
08-04 02:26:47.163 11040 30049 E chromium: [ERROR:tile_manager.cc(793)] WARNING: tile memory limits exceeded, some content may not draw
08-04 02:26:47.178 11040 30049 E chromium: [ERROR:tile_manager.cc(793)] WARNING: tile memory limits exceeded, some content may not draw
08-04 02:26:47.179 11040 30049 E chromium: [ERROR:tile_manager.cc(793)] WARNING: tile memory limits exceeded, some content may not draw
08-04 02:26:47.181 11040 11052 I art     : Explicit concurrent mark sweep GC freed 45(1440B) AllocSpace objects, 0(0B) LOS objects, 27% free, 41MB/57MB, paused 1.327ms total 46.493ms
08-04 02:26:47.194 11040 11052 I art     : Starting a blocking GC Explicit
08-04 02:26:47.237 11040 11052 I art     : Explicit concurrent mark sweep GC freed 24(768B) AllocSpace objects, 0(0B) LOS objects, 27% free, 41MB/57MB, paused 1.055ms total 42.923ms
08-04 02:26:47.604 11040 29418 I art     : Starting a blocking GC Explicit
08-04 02:26:47.653 11040 29418 I art     : Explicit concurrent mark sweep GC freed 1499(84KB) AllocSpace objects, 1(20KB) LOS objects, 27% free, 41MB/57MB, paused 1.179ms total 48.423ms
08-04 02:26:47.668 11040 29418 I art     : Starting a blocking GC Explicit
08-04 02:26:47.713 11040 29418 I art     : Explicit concurrent mark sweep GC freed 22(784B) AllocSpace objects, 0(0B) LOS objects, 27% free, 41MB/57MB, paused 1.158ms total 45.229ms
08-04 02:26:47.724 11040 29418 I art     : Starting a blocking GC Explicit
08-04 02:26:47.770 11040 29418 I art     : Explicit concurrent mark sweep GC freed 3(96B) AllocSpace objects, 0(0B) LOS objects, 27% free, 41MB/57MB, paused 1.118ms total 45.459ms
08-04 02:26:47.781 11040 29418 I art     : Starting a blocking GC Explicit
08-04 02:26:47.827 11040 29418 I art     : Explicit concurrent mark sweep GC freed 3(96B) AllocSpace objects, 0(0B) LOS objects, 27% free, 41MB/57MB, paused 1.152ms total 45.408ms
08-04 02:26:47.827 11040 11050 I art     : WaitForGcToComplete blocked for 38.515ms for cause HeapTrim
08-04 02:26:47.838 11040 29418 I art     : Starting a blocking GC Explicit
08-04 02:26:47.884 11040 29418 I art     : Explicit concurrent mark sweep GC freed 3(96B) AllocSpace objects, 0(0B) LOS objects, 27% free, 41MB/57MB, paused 1.164ms total 46.386ms
08-04 02:26:48.253 11040 30393 I art     : Starting a blocking GC Explicit
08-04 02:26:48.301 11040 30393 I art     : Explicit concurrent mark sweep GC freed 1611(91KB) AllocSpace objects, 1(20KB) LOS objects, 27% free, 41MB/57MB, paused 1.226ms total 47.678ms
08-04 02:26:48.312 11040 30393 I art     : Starting a blocking GC Explicit
08-04 02:26:48.358 11040 30393 I art     : Explicit concurrent mark sweep GC freed 1622(63KB) AllocSpace objects, 0(0B) LOS objects, 27% free, 41MB/57MB, paused 1.293ms total 45.282ms
08-04 02:26:48.369 11040 30393 I art     : Starting a blocking GC Explicit
08-04 02:26:48.394 11040 30397 E baseline.com.newsblur.network.APIResponse: Error (unexpected end of stream on https://www.newsblur.com/...) calling https://www.newsblur.com/reader/mark_story_hashes_as_read/
08-04 02:26:48.394 11040 30397 E baseline.com.newsblur.network.APIResponse: java.io.IOException: unexpected end of stream on https://www.newsblur.com/...
08-04 02:26:48.394 11040 30397 E baseline.com.newsblur.network.APIResponse: 	at okhttp3.internal.http1.Http1ExchangeCodec.readResponseHeaders(Http1ExchangeCodec.java:236)
08-04 02:26:48.394 11040 30397 E baseline.com.newsblur.network.APIResponse: 	at okhttp3.internal.connection.Exchange.readResponseHeaders(Exchange.java:115)
08-04 02:26:48.394 11040 30397 E baseline.com.newsblur.network.APIResponse: 	at okhttp3.internal.http.CallServerInterceptor.intercept(CallServerInterceptor.java:94)
08-04 02:26:48.394 11040 30397 E baseline.com.newsblur.network.APIResponse: 	at okhttp3.internal.http.RealInterceptorChain.proceed(RealInterceptorChain.java:142)
08-04 02:26:48.394 11040 30397 E baseline.com.newsblur.network.APIResponse: 	at okhttp3.internal.connection.ConnectInterceptor.intercept(ConnectInterceptor.java:43)
08-04 02:26:48.394 11040 30397 E baseline.com.newsblur.network.APIResponse: 	at okhttp3.internal.http.RealInterceptorChain.proceed(RealInterceptorChain.java:142)
08-04 02:26:48.394 11040 30397 E baseline.com.newsblur.network.APIResponse: 	at okhttp3.internal.http.RealInterceptorChain.proceed(RealInterceptorChain.java:117)
08-04 02:26:48.394 11040 30397 E baseline.com.newsblur.network.APIResponse: 	at okhttp3.internal.cache.CacheInterceptor.intercept(CacheInterceptor.java:94)
08-04 02:26:48.394 11040 30397 E baseline.com.newsblur.network.APIResponse: 	at okhttp3.internal.http.RealInterceptorChain.proceed(RealInterceptorChain.java:142)
08-04 02:26:48.394 11040 30397 E baseline.com.newsblur.network.APIResponse: 	at okhttp3.internal.http.RealInterceptorChain.proceed(RealInterceptorChain.java:117)
08-04 02:26:48.394 11040 30397 E baseline.com.newsblur.network.APIResponse: 	at okhttp3.internal.http.BridgeInterceptor.intercept(BridgeInterceptor.java:93)
08-04 02:26:48.394 11040 30397 E baseline.com.newsblur.network.APIResponse: 	at okhttp3.internal.http.RealInterceptorChain.proceed(RealInterceptorChain.java:142)
08-04 02:26:48.394 11040 30397 E baseline.com.newsblur.network.APIResponse: 	at okhttp3.internal.http.RetryAndFollowUpInterceptor.intercept(RetryAndFollowUpInterceptor.java:88)
08-04 02:26:48.394 11040 30397 E baseline.com.newsblur.network.APIResponse: 	at okhttp3.internal.http.RealInterceptorChain.proceed(RealInterceptorChain.java:142)
08-04 02:26:48.394 11040 30397 E baseline.com.newsblur.network.APIResponse: 	at okhttp3.internal.http.RealInterceptorChain.proceed(RealInterceptorChain.java:117)
08-04 02:26:48.394 11040 30397 E baseline.com.newsblur.network.APIResponse: 	at okhttp3.RealCall.getResponseWithInterceptorChain(RealCall.java:229)
08-04 02:26:48.394 11040 30397 E baseline.com.newsblur.network.APIResponse: 	at okhttp3.RealCall.execute(RealCall.java:81)
08-04 02:26:48.394 11040 30397 E baseline.com.newsblur.network.APIResponse: 	at baseline.com.newsblur.network.APIResponse.<init>(APIResponse.java:57)
08-04 02:26:48.394 11040 30397 E baseline.com.newsblur.network.APIResponse: 	at baseline.com.newsblur.network.APIResponse.<init>(APIResponse.java:43)
08-04 02:26:48.394 11040 30397 E baseline.com.newsblur.network.APIResponse: 	at baseline.com.newsblur.network.APIManager.post_single(APIManager.java:702)
08-04 02:26:48.394 11040 30397 E baseline.com.newsblur.network.APIResponse: 	at baseline.com.newsblur.network.APIManager.post(APIManager.java:675)
08-04 02:26:48.394 11040 30397 E baseline.com.newsblur.network.APIResponse: 	at baseline.com.newsblur.network.APIManager.post(APIManager.java:714)
08-04 02:26:48.394 11040 30397 E baseline.com.newsblur.network.APIResponse: 	at baseline.com.newsblur.network.APIManager.markStoryAsRead(APIManager.java:205)
08-04 02:26:48.394 11040 30397 E baseline.com.newsblur.network.APIResponse: 	at baseline.com.newsblur.util.ReadingAction.doRemote(ReadingAction.java:281)
08-04 02:26:48.394 11040 30397 E baseline.com.newsblur.network.APIResponse: 	at baseline.com.newsblur.service.NBSyncService.syncActions(NBSyncService.java:400)
08-04 02:26:48.394 11040 30397 E baseline.com.newsblur.network.APIResponse: 	at baseline.com.newsblur.service.NBSyncService.doSync(NBSyncService.java:298)
08-04 02:26:48.394 11040 30397 E baseline.com.newsblur.network.APIResponse: 	at baseline.com.newsblur.service.NBSyncService.access$100(NBSyncService.java:67)
08-04 02:26:48.394 11040 30397 E baseline.com.newsblur.network.APIResponse: 	at baseline.com.newsblur.service.NBSyncService$1.run(NBSyncService.java:188)
08-04 02:26:48.394 11040 30397 E baseline.com.newsblur.network.APIResponse: 	at java.util.concurrent.ThreadPoolExecutor.runWorker(ThreadPoolExecutor.java:1113)
08-04 02:26:48.394 11040 30397 E baseline.com.newsblur.network.APIResponse: 	at java.util.concurrent.ThreadPoolExecutor$Worker.run(ThreadPoolExecutor.java:588)
08-04 02:26:48.394 11040 30397 E baseline.com.newsblur.network.APIResponse: 	at java.lang.Thread.run(Thread.java:818)
08-04 02:26:48.394 11040 30397 E baseline.com.newsblur.network.APIResponse: Caused by: java.io.EOFException: \n not found: limit=0 content=
08-04 02:26:48.394 11040 30397 E baseline.com.newsblur.network.APIResponse: 	at okio.RealBufferedSource.readUtf8LineStrict(RealBufferedSource.java:240)
08-04 02:26:48.394 11040 30397 E baseline.com.newsblur.network.APIResponse: 	at okhttp3.internal.http1.Http1ExchangeCodec.readHeaderLine(Http1ExchangeCodec.java:242)
08-04 02:26:48.394 11040 30397 E baseline.com.newsblur.network.APIResponse: 	at okhttp3.internal.http1.Http1ExchangeCodec.readResponseHeaders(Http1ExchangeCodec.java:213)
08-04 02:26:48.394 11040 30397 E baseline.com.newsblur.network.APIResponse: 	... 30 more
08-04 02:26:48.396 11040 30397 I baseline.com.newsblur.service.NBSyncService: Holding reading action with server-side or network error.
08-04 02:26:48.408 11040 30397 W baseline.com.newsblur.service.NBSyncService: hard API failure
08-04 02:26:48.415 11040 30393 I art     : Explicit concurrent mark sweep GC freed 989(202KB) AllocSpace objects, 3(60KB) LOS objects, 27% free, 41MB/57MB, paused 1.345ms total 45.175ms
08-04 02:26:48.428 11040 30393 I art     : Starting a blocking GC Explicit
08-04 02:26:48.471 11040 30393 I art     : Explicit concurrent mark sweep GC freed 1022(229KB) AllocSpace objects, 13(260KB) LOS objects, 27% free, 41MB/57MB, paused 1.130ms total 42.866ms
08-04 02:26:48.482 11040 30393 I art     : Starting a blocking GC Explicit
08-04 02:26:48.527 11040 30393 I art     : Explicit concurrent mark sweep GC freed 637(23KB) AllocSpace objects, 0(0B) LOS objects, 27% free, 41MB/57MB, paused 1.051ms total 45.316ms
08-04 02:26:48.909 11040 11052 I art     : Starting a blocking GC Explicit
08-04 02:26:48.956 11040 11052 I art     : Explicit concurrent mark sweep GC freed 1411(81KB) AllocSpace objects, 1(20KB) LOS objects, 27% free, 41MB/57MB, paused 1.084ms total 46.766ms
08-04 02:26:48.967 11040 11052 I art     : Starting a blocking GC Explicit
08-04 02:26:49.010 11040 11052 I art     : Explicit concurrent mark sweep GC freed 20(704B) AllocSpace objects, 0(0B) LOS objects, 27% free, 41MB/57MB, paused 998us total 42.847ms
08-04 02:26:49.021 11040 11052 I art     : Starting a blocking GC Explicit
08-04 02:26:49.068 11040 11052 I art     : Explicit concurrent mark sweep GC freed 3(96B) AllocSpace objects, 0(0B) LOS objects, 27% free, 41MB/57MB, paused 1.210ms total 45.982ms
08-04 02:26:49.079 11040 11052 I art     : Starting a blocking GC Explicit
08-04 02:26:49.125 11040 11052 I art     : Explicit concurrent mark sweep GC freed 3(96B) AllocSpace objects, 0(0B) LOS objects, 27% free, 41MB/57MB, paused 1.065ms total 45.649ms
08-04 02:26:49.136 11040 11052 I art     : Starting a blocking GC Explicit
08-04 02:26:49.182 11040 11052 I art     : Explicit concurrent mark sweep GC freed 3(96B) AllocSpace objects, 0(0B) LOS objects, 27% free, 41MB/57MB, paused 1.103ms total 46.297ms
08-04 02:26:49.558 11040 29418 I art     : Starting a blocking GC Explicit
08-04 02:26:49.609 11040 29418 I art     : Explicit concurrent mark sweep GC freed 1406(81KB) AllocSpace objects, 1(20KB) LOS objects, 27% free, 41MB/57MB, paused 1.189ms total 50.257ms
08-04 02:26:49.624 11040 29418 I art     : Starting a blocking GC Explicit
08-04 02:26:49.668 11040 29418 I art     : Explicit concurrent mark sweep GC freed 20(704B) AllocSpace objects, 0(0B) LOS objects, 27% free, 41MB/57MB, paused 1.123ms total 43.414ms
08-04 02:26:49.679 11040 29418 I art     : Starting a blocking GC Explicit
08-04 02:26:49.724 11040 29418 I art     : Explicit concurrent mark sweep GC freed 3(96B) AllocSpace objects, 0(0B) LOS objects, 27% free, 41MB/57MB, paused 1.028ms total 45.621ms
08-04 02:26:49.735 11040 29418 I art     : Starting a blocking GC Explicit
08-04 02:26:49.780 11040 29418 I art     : Explicit concurrent mark sweep GC freed 3(96B) AllocSpace objects, 0(0B) LOS objects, 27% free, 41MB/57MB, paused 1.004ms total 44.733ms
08-04 02:26:49.791 11040 29418 I art     : Starting a blocking GC Explicit
08-04 02:26:49.837 11040 29418 I art     : Explicit concurrent mark sweep GC freed 3(96B) AllocSpace objects, 0(0B) LOS objects, 27% free, 41MB/57MB, paused 1.144ms total 45.679ms
08-04 02:26:50.154 11040 11053 I art     : Starting a blocking GC Explicit
08-04 02:26:50.203 11040 11053 I art     : Explicit concurrent mark sweep GC freed 1406(81KB) AllocSpace objects, 1(20KB) LOS objects, 27% free, 41MB/57MB, paused 1.123ms total 48.086ms
08-04 02:26:50.214 11040 11053 I art     : Starting a blocking GC Explicit
08-04 02:26:50.260 11040 11053 I art     : Explicit concurrent mark sweep GC freed 20(720B) AllocSpace objects, 0(0B) LOS objects, 27% free, 41MB/57MB, paused 1.109ms total 45.584ms
08-04 02:26:50.271 11040 11053 I art     : Starting a blocking GC Explicit
08-04 02:26:50.306 31535 31535 D AndroidRuntime: >>>>>> START com.android.internal.os.RuntimeInit uid 2000 <<<<<<
08-04 02:26:50.311 31535 31535 D AndroidRuntime: CheckJNI is OFF
08-04 02:26:50.316 11040 11053 I art     : Explicit concurrent mark sweep GC freed 3(96B) AllocSpace objects, 0(0B) LOS objects, 27% free, 41MB/57MB, paused 1.096ms total 44.965ms
08-04 02:26:50.327 11040 11053 I art     : Starting a blocking GC Explicit
08-04 02:26:50.346 31535 31535 D ICU     : No timezone override file found: /data/misc/zoneinfo/current/icu/icu_tzdata.dat
08-04 02:26:50.372 11040 11053 I art     : Explicit concurrent mark sweep GC freed 3(96B) AllocSpace objects, 0(0B) LOS objects, 27% free, 41MB/57MB, paused 1.089ms total 44.096ms
08-04 02:26:50.382 31535 31535 I Radio-JNI: register_android_hardware_Radio DONE
08-04 02:26:50.383 11040 11053 I art     : Starting a blocking GC Explicit
08-04 02:26:50.403 31535 31535 D AndroidRuntime: Calling main entry com.android.commands.input.Input
08-04 02:26:50.405 31535 31535 I Input   : injectKeyEvent: KeyEvent { action=ACTION_DOWN, keyCode=KEYCODE_BACK, scanCode=0, metaState=0, flags=0x0, repeatCount=0, eventTime=671226818, downTime=671226818, deviceId=-1, source=0x101 }
08-04 02:26:50.410 31535 31535 I Input   : injectKeyEvent: KeyEvent { action=ACTION_UP, keyCode=KEYCODE_BACK, scanCode=0, metaState=0, flags=0x0, repeatCount=0, eventTime=671226818, downTime=671226818, deviceId=-1, source=0x101 }
08-04 02:26:50.415 31535 31535 D AndroidRuntime: Shutting down VM
08-04 02:26:50.424 11040 11040 D baseline.com.newsblur.service.NBSyncService: rejecting request for feedset that is exhaused
08-04 02:26:50.425 11040 11053 I art     : Explicit concurrent mark sweep GC freed 84(16KB) AllocSpace objects, 1(20KB) LOS objects, 27% free, 41MB/57MB, paused 1.357ms total 41.122ms
08-04 02:26:50.571 11040 11040 D baseline.com.newsblur.service.NBSyncService: rejecting request for feedset that is exhaused
08-04 02:26:50.615 13866 13866 I GoogleInputMethodServic: GoogleInputMethodService.onFinishInput():3138 
08-04 02:26:50.617 13866 13866 I GoogleInputMethodServic: GoogleInputMethodService.onStartInput():1808 
08-04 02:26:50.719 11040 30393 I art     : Starting a blocking GC Explicit
08-04 02:26:50.760 11040 30393 I art     : Explicit concurrent mark sweep GC freed 3111(241KB) AllocSpace objects, 5(108KB) LOS objects, 27% free, 41MB/57MB, paused 1.009ms total 40.967ms
08-04 02:26:50.772 11040 30393 I art     : Starting a blocking GC Explicit
08-04 02:26:50.813 11040 30393 I art     : Explicit concurrent mark sweep GC freed 164(8KB) AllocSpace objects, 0(0B) LOS objects, 27% free, 41MB/57MB, paused 1.028ms total 40.959ms
08-04 02:26:50.824 11040 30393 I art     : Starting a blocking GC Explicit
08-04 02:26:50.866 11040 30393 I art     : Explicit concurrent mark sweep GC freed 3(96B) AllocSpace objects, 0(0B) LOS objects, 27% free, 41MB/57MB, paused 971us total 41.243ms
08-04 02:26:50.876 11040 30393 I art     : Starting a blocking GC Explicit
08-04 02:26:50.921 11040 30393 I art     : Explicit concurrent mark sweep GC freed 1622(77KB) AllocSpace objects, 0(0B) LOS objects, 27% free, 41MB/57MB, paused 1.111ms total 44.580ms
08-04 02:26:50.932 11040 30393 I art     : Starting a blocking GC Explicit
08-04 02:26:50.974 11040 30393 I art     : Explicit concurrent mark sweep GC freed 122(6KB) AllocSpace objects, 0(0B) LOS objects, 27% free, 41MB/57MB, paused 954us total 41.852ms
08-04 02:26:51.327 11040 31570 I art     : Starting a blocking GC Explicit
08-04 02:26:51.379 11040 31570 I art     : Explicit concurrent mark sweep GC freed 1473(83KB) AllocSpace objects, 1(20KB) LOS objects, 27% free, 41MB/57MB, paused 1.175ms total 51.564ms
08-04 02:26:51.391 11040 31570 I art     : Starting a blocking GC Explicit
08-04 02:26:51.440 11040 31570 I art     : Explicit concurrent mark sweep GC freed 30(1040B) AllocSpace objects, 0(0B) LOS objects, 27% free, 41MB/57MB, paused 1.075ms total 49.017ms
08-04 02:26:51.452 11040 31570 I art     : Starting a blocking GC Explicit
08-04 02:26:51.502 11040 31570 I art     : Explicit concurrent mark sweep GC freed 11(352B) AllocSpace objects, 0(0B) LOS objects, 27% free, 41MB/57MB, paused 1.048ms total 48.963ms
08-04 02:26:51.515 11040 31570 I art     : Starting a blocking GC Explicit
08-04 02:26:51.565 11040 31570 I art     : Explicit concurrent mark sweep GC freed 9(288B) AllocSpace objects, 0(0B) LOS objects, 27% free, 41MB/57MB, paused 1.027ms total 50.351ms
08-04 02:26:51.579 11040 31570 I art     : Starting a blocking GC Explicit
08-04 02:26:51.629 11040 31570 I art     : Explicit concurrent mark sweep GC freed 11(352B) AllocSpace objects, 0(0B) LOS objects, 27% free, 41MB/57MB, paused 1.147ms total 50.549ms
08-04 02:26:51.962 11040 31570 I art     : Starting a blocking GC Explicit
08-04 02:26:52.017 11040 31570 I art     : Explicit concurrent mark sweep GC freed 1452(82KB) AllocSpace objects, 1(20KB) LOS objects, 27% free, 41MB/57MB, paused 1.109ms total 54.695ms
08-04 02:26:52.030 11040 31570 I art     : Starting a blocking GC Explicit
08-04 02:26:52.068 31581 31581 D AndroidRuntime: >>>>>> START com.android.internal.os.RuntimeInit uid 2000 <<<<<<
08-04 02:26:52.073 31581 31581 D AndroidRuntime: CheckJNI is OFF
08-04 02:26:52.078 11040 31570 I art     : Explicit concurrent mark sweep GC freed 21(736B) AllocSpace objects, 0(0B) LOS objects, 27% free, 41MB/57MB, paused 1.187ms total 47.011ms
08-04 02:26:52.089 11040 31570 I art     : Starting a blocking GC Explicit
08-04 02:26:52.108 31581 31581 D ICU     : No timezone override file found: /data/misc/zoneinfo/current/icu/icu_tzdata.dat
08-04 02:26:52.131 11040 31570 I art     : Explicit concurrent mark sweep GC freed 3(96B) AllocSpace objects, 0(0B) LOS objects, 27% free, 41MB/57MB, paused 1.081ms total 42.578ms
08-04 02:26:52.141 31581 31581 I Radio-JNI: register_android_hardware_Radio DONE
08-04 02:26:52.142 11040 31570 I art     : Starting a blocking GC Explicit
08-04 02:26:52.163 31581 31581 D AndroidRuntime: Calling main entry com.android.commands.input.Input
08-04 02:26:52.164 31581 31581 I Input   : injectKeyEvent: KeyEvent { action=ACTION_DOWN, keyCode=KEYCODE_BACK, scanCode=0, metaState=0, flags=0x0, repeatCount=0, eventTime=671228578, downTime=671228578, deviceId=-1, source=0x101 }
08-04 02:26:52.170 31581 31581 I Input   : injectKeyEvent: KeyEvent { action=ACTION_UP, keyCode=KEYCODE_BACK, scanCode=0, metaState=0, flags=0x0, repeatCount=0, eventTime=671228578, downTime=671228578, deviceId=-1, source=0x101 }
08-04 02:26:52.176 31581 31581 D AndroidRuntime: Shutting down VM
08-04 02:26:52.186 11040 31570 I art     : Explicit concurrent mark sweep GC freed 124(17KB) AllocSpace objects, 1(20KB) LOS objects, 27% free, 41MB/57MB, paused 1.336ms total 43.735ms
08-04 02:26:52.197 11040 31570 I art     : Starting a blocking GC Explicit
08-04 02:26:52.239 11040 31570 I art     : Explicit concurrent mark sweep GC freed 234(48KB) AllocSpace objects, 3(60KB) LOS objects, 27% free, 41MB/57MB, paused 1.109ms total 42.208ms
08-04 02:26:52.345 13866 13866 I GoogleInputMethodServic: GoogleInputMethodService.onFinishInput():3138 
08-04 02:26:52.346 13866 13866 I GoogleInputMethodServic: GoogleInputMethodService.onStartInput():1808 
08-04 02:26:52.544 11040 31569 I art     : Starting a blocking GC Explicit
08-04 02:26:52.610 11040 31569 I art     : Explicit concurrent mark sweep GC freed 11734(755KB) AllocSpace objects, 13(260KB) LOS objects, 27% free, 41MB/57MB, paused 1.712ms total 65.839ms
08-04 02:26:52.625 11040 31569 I art     : Starting a blocking GC Explicit
08-04 02:26:52.681 11040 31569 I art     : Explicit concurrent mark sweep GC freed 243(9KB) AllocSpace objects, 0(0B) LOS objects, 27% free, 41MB/57MB, paused 1.206ms total 54.941ms
08-04 02:26:52.693 11040 31569 I art     : Starting a blocking GC Explicit
08-04 02:26:52.737 11040 31569 I art     : Explicit concurrent mark sweep GC freed 423(18KB) AllocSpace objects, 0(0B) LOS objects, 27% free, 41MB/57MB, paused 1.059ms total 43.981ms
08-04 02:26:52.748 11040 31569 I art     : Starting a blocking GC Explicit
08-04 02:26:52.793 11040 31569 I art     : Explicit concurrent mark sweep GC freed 63(2800B) AllocSpace objects, 0(0B) LOS objects, 27% free, 41MB/57MB, paused 1.388ms total 44.316ms
08-04 02:26:52.804 11040 31569 I art     : Starting a blocking GC Explicit
08-04 02:26:52.826   518   646 I ThermalEngine: ACTION: GPU - Setting GPU[0] to 450000000
08-04 02:26:52.859 11040 31569 I art     : Explicit concurrent mark sweep GC freed 1668(98KB) AllocSpace objects, 2(120KB) LOS objects, 27% free, 41MB/57MB, paused 2.062ms total 55.061ms
08-04 02:26:52.909 11040 31604 E baseline.com.newsblur.network.APIResponse: Error (unexpected end of stream on https://www.newsblur.com/...) calling https://www.newsblur.com/reader/mark_story_hashes_as_read/
08-04 02:26:52.909 11040 31604 E baseline.com.newsblur.network.APIResponse: java.io.IOException: unexpected end of stream on https://www.newsblur.com/...
08-04 02:26:52.909 11040 31604 E baseline.com.newsblur.network.APIResponse: 	at okhttp3.internal.http1.Http1ExchangeCodec.readResponseHeaders(Http1ExchangeCodec.java:236)
08-04 02:26:52.909 11040 31604 E baseline.com.newsblur.network.APIResponse: 	at okhttp3.internal.connection.Exchange.readResponseHeaders(Exchange.java:115)
08-04 02:26:52.909 11040 31604 E baseline.com.newsblur.network.APIResponse: 	at okhttp3.internal.http.CallServerInterceptor.intercept(CallServerInterceptor.java:94)
08-04 02:26:52.909 11040 31604 E baseline.com.newsblur.network.APIResponse: 	at okhttp3.internal.http.RealInterceptorChain.proceed(RealInterceptorChain.java:142)
08-04 02:26:52.909 11040 31604 E baseline.com.newsblur.network.APIResponse: 	at okhttp3.internal.connection.ConnectInterceptor.intercept(ConnectInterceptor.java:43)
08-04 02:26:52.909 11040 31604 E baseline.com.newsblur.network.APIResponse: 	at okhttp3.internal.http.RealInterceptorChain.proceed(RealInterceptorChain.java:142)
08-04 02:26:52.909 11040 31604 E baseline.com.newsblur.network.APIResponse: 	at okhttp3.internal.http.RealInterceptorChain.proceed(RealInterceptorChain.java:117)
08-04 02:26:52.909 11040 31604 E baseline.com.newsblur.network.APIResponse: 	at okhttp3.internal.cache.CacheInterceptor.intercept(CacheInterceptor.java:94)
08-04 02:26:52.909 11040 31604 E baseline.com.newsblur.network.APIResponse: 	at okhttp3.internal.http.RealInterceptorChain.proceed(RealInterceptorChain.java:142)
08-04 02:26:52.909 11040 31604 E baseline.com.newsblur.network.APIResponse: 	at okhttp3.internal.http.RealInterceptorChain.proceed(RealInterceptorChain.java:117)
08-04 02:26:52.909 11040 31604 E baseline.com.newsblur.network.APIResponse: 	at okhttp3.internal.http.BridgeInterceptor.intercept(BridgeInterceptor.java:93)
08-04 02:26:52.909 11040 31604 E baseline.com.newsblur.network.APIResponse: 	at okhttp3.internal.http.RealInterceptorChain.proceed(RealInterceptorChain.java:142)
08-04 02:26:52.909 11040 31604 E baseline.com.newsblur.network.APIResponse: 	at okhttp3.internal.http.RetryAndFollowUpInterceptor.intercept(RetryAndFollowUpInterceptor.java:88)
08-04 02:26:52.909 11040 31604 E baseline.com.newsblur.network.APIResponse: 	at okhttp3.internal.http.RealInterceptorChain.proceed(RealInterceptorChain.java:142)
08-04 02:26:52.909 11040 31604 E baseline.com.newsblur.network.APIResponse: 	at okhttp3.internal.http.RealInterceptorChain.proceed(RealInterceptorChain.java:117)
08-04 02:26:52.909 11040 31604 E baseline.com.newsblur.network.APIResponse: 	at okhttp3.RealCall.getResponseWithInterceptorChain(RealCall.java:229)
08-04 02:26:52.909 11040 31604 E baseline.com.newsblur.network.APIResponse: 	at okhttp3.RealCall.execute(RealCall.java:81)
08-04 02:26:52.909 11040 31604 E baseline.com.newsblur.network.APIResponse: 	at baseline.com.newsblur.network.APIResponse.<init>(APIResponse.java:57)
08-04 02:26:52.909 11040 31604 E baseline.com.newsblur.network.APIResponse: 	at baseline.com.newsblur.network.APIResponse.<init>(APIResponse.java:43)
08-04 02:26:52.909 11040 31604 E baseline.com.newsblur.network.APIResponse: 	at baseline.com.newsblur.network.APIManager.post_single(APIManager.java:702)
08-04 02:26:52.909 11040 31604 E baseline.com.newsblur.network.APIResponse: 	at baseline.com.newsblur.network.APIManager.post(APIManager.java:675)
08-04 02:26:52.909 11040 31604 E baseline.com.newsblur.network.APIResponse: 	at baseline.com.newsblur.network.APIManager.post(APIManager.java:714)
08-04 02:26:52.909 11040 31604 E baseline.com.newsblur.network.APIResponse: 	at baseline.com.newsblur.network.APIManager.markStoryAsRead(APIManager.java:205)
08-04 02:26:52.909 11040 31604 E baseline.com.newsblur.network.APIResponse: 	at baseline.com.newsblur.util.ReadingAction.doRemote(ReadingAction.java:281)
08-04 02:26:52.909 11040 31604 E baseline.com.newsblur.network.APIResponse: 	at baseline.com.newsblur.service.NBSyncService.syncActions(NBSyncService.java:400)
08-04 02:26:52.909 11040 31604 E baseline.com.newsblur.network.APIResponse: 	at baseline.com.newsblur.service.NBSyncService.doSync(NBSyncService.java:298)
08-04 02:26:52.909 11040 31604 E baseline.com.newsblur.network.APIResponse: 	at baseline.com.newsblur.service.NBSyncService.access$100(NBSyncService.java:67)
08-04 02:26:52.909 11040 31604 E baseline.com.newsblur.network.APIResponse: 	at baseline.com.newsblur.service.NBSyncService$1.run(NBSyncService.java:188)
08-04 02:26:52.909 11040 31604 E baseline.com.newsblur.network.APIResponse: 	at java.util.concurrent.ThreadPoolExecutor.runWorker(ThreadPoolExecutor.java:1113)
08-04 02:26:52.909 11040 31604 E baseline.com.newsblur.network.APIResponse: 	at java.util.concurrent.ThreadPoolExecutor$Worker.run(ThreadPoolExecutor.java:588)
08-04 02:26:52.909 11040 31604 E baseline.com.newsblur.network.APIResponse: 	at java.lang.Thread.run(Thread.java:818)
08-04 02:26:52.909 11040 31604 E baseline.com.newsblur.network.APIResponse: Caused by: java.io.EOFException: \n not found: limit=0 content=
08-04 02:26:52.909 11040 31604 E baseline.com.newsblur.network.APIResponse: 	at okio.RealBufferedSource.readUtf8LineStrict(RealBufferedSource.java:240)
08-04 02:26:52.909 11040 31604 E baseline.com.newsblur.network.APIResponse: 	at okhttp3.internal.http1.Http1ExchangeCodec.readHeaderLine(Http1ExchangeCodec.java:242)
08-04 02:26:52.909 11040 31604 E baseline.com.newsblur.network.APIResponse: 	at okhttp3.internal.http1.Http1ExchangeCodec.readResponseHeaders(Http1ExchangeCodec.java:213)
08-04 02:26:52.909 11040 31604 E baseline.com.newsblur.network.APIResponse: 	... 30 more
08-04 02:26:52.910 11040 31604 I baseline.com.newsblur.network.APIManager: API call failed, pausing before retry number 1
08-04 02:26:53.240 11040 11053 I art     : Starting a blocking GC Explicit
08-04 02:26:53.306 11040 11053 I art     : Explicit concurrent mark sweep GC freed 4399(413KB) AllocSpace objects, 4(140KB) LOS objects, 27% free, 41MB/57MB, paused 1.488ms total 64.989ms
08-04 02:26:53.323 11040 11053 I art     : Starting a blocking GC Explicit
08-04 02:26:53.383 11040 11053 I art     : Explicit concurrent mark sweep GC freed 546(61KB) AllocSpace objects, 0(0B) LOS objects, 27% free, 41MB/57MB, paused 1.402ms total 59.715ms
08-04 02:26:53.399 11040 11053 I art     : Starting a blocking GC Explicit
08-04 02:26:53.456 11040 11053 I art     : Explicit concurrent mark sweep GC freed 13(416B) AllocSpace objects, 0(0B) LOS objects, 27% free, 41MB/57MB, paused 1.525ms total 57.015ms
08-04 02:26:53.471 11040 11053 I art     : Starting a blocking GC Explicit
08-04 02:26:53.528 11040 11053 I art     : Explicit concurrent mark sweep GC freed 11(352B) AllocSpace objects, 0(0B) LOS objects, 27% free, 41MB/57MB, paused 1.513ms total 56.614ms
08-04 02:26:53.542 11040 11053 I art     : Starting a blocking GC Explicit
08-04 02:26:53.599 11040 11053 I art     : Explicit concurrent mark sweep GC freed 11(352B) AllocSpace objects, 0(0B) LOS objects, 27% free, 41MB/57MB, paused 1.487ms total 56.679ms
08-04 02:26:53.956 31627 31627 D AndroidRuntime: >>>>>> START com.android.internal.os.RuntimeInit uid 2000 <<<<<<
08-04 02:26:53.963 31627 31627 D AndroidRuntime: CheckJNI is OFF
08-04 02:26:53.968 11040 30393 I art     : Starting a blocking GC Explicit
08-04 02:26:54.009 31627 31627 D ICU     : No timezone override file found: /data/misc/zoneinfo/current/icu/icu_tzdata.dat
08-04 02:26:54.031 11040 30393 I art     : Explicit concurrent mark sweep GC freed 1505(85KB) AllocSpace objects, 1(20KB) LOS objects, 27% free, 41MB/57MB, paused 1.526ms total 62.240ms
08-04 02:26:54.046 11040 30393 I art     : Starting a blocking GC Explicit
08-04 02:26:54.058 31627 31627 I Radio-JNI: register_android_hardware_Radio DONE
08-04 02:26:54.087 31627 31627 D AndroidRuntime: Calling main entry com.android.commands.input.Input
08-04 02:26:54.089 31627 31627 I Input   : injectMotionEvent: MotionEvent { action=ACTION_DOWN, actionButton=0, id[0]=0, x[0]=553.0, y[0]=442.0, toolType[0]=TOOL_TYPE_UNKNOWN, buttonState=0, metaState=0, flags=0x0, edgeFlags=0x0, pointerCount=1, historySize=0, eventTime=671230501, downTime=671230501, deviceId=0, source=0x1002 }
08-04 02:26:54.095 31627 31627 I Input   : injectMotionEvent: MotionEvent { action=ACTION_UP, actionButton=0, id[0]=0, x[0]=553.0, y[0]=442.0, toolType[0]=TOOL_TYPE_UNKNOWN, buttonState=0, metaState=0, flags=0x0, edgeFlags=0x0, pointerCount=1, historySize=0, eventTime=671230501, downTime=671230501, deviceId=0, source=0x1002 }
08-04 02:26:54.097 31627 31627 D AndroidRuntime: Shutting down VM
08-04 02:26:54.105 11040 30393 I art     : Explicit concurrent mark sweep GC freed 56(2240B) AllocSpace objects, 0(0B) LOS objects, 27% free, 41MB/57MB, paused 1.740ms total 58.251ms
08-04 02:26:54.120 11040 30393 I art     : Starting a blocking GC Explicit
08-04 02:26:54.166   918   929 I ActivityManager: START u0 {cmp=baseline.com.newsblur/.activity.AllSharedStoriesItemsList (has extras)} from uid 10652 on display 0
08-04 02:26:54.172 11040 30393 I art     : Explicit concurrent mark sweep GC freed 451(64KB) AllocSpace objects, 0(0B) LOS objects, 27% free, 41MB/57MB, paused 1.439ms total 51.218ms
08-04 02:26:54.185 11040 30393 I art     : Starting a blocking GC Explicit
08-04 02:26:54.191 11040 29726 I baseline.com.newsblur.database.BlurDatabaseHelper: reading session reset
08-04 02:26:54.201   918  3261 D WifiStateMachine: starting scan for "H369AA63323"WPA_PSK with 2412,5180
08-04 02:26:54.241 11040 30393 I art     : Explicit concurrent mark sweep GC freed 1608(160KB) AllocSpace objects, 5(192KB) LOS objects, 27% free, 41MB/57MB, paused 1.538ms total 55.528ms
08-04 02:26:54.254 11040 30393 I art     : Starting a blocking GC Explicit
08-04 02:26:54.307 11040 30393 I art     : Explicit concurrent mark sweep GC freed 358(16KB) AllocSpace objects, 0(0B) LOS objects, 27% free, 41MB/57MB, paused 1.469ms total 51.928ms
08-04 02:26:54.397 11040 11040 D baseline.com.newsblur.service.NBSyncService: rejecting request for feedset that is exhaused
08-04 02:26:54.403 11040 11040 W View    : requestLayout() improperly called by android.widget.FrameLayout{b5f9313 V.E...... ......ID 0,0-1440,18 #7f07003f app:id/footer_view_inner} during layout: running second layout pass
08-04 02:26:54.403 11040 11040 W View    : requestLayout() improperly called by android.widget.FrameLayout{a339950 V.E...... ......ID 0,0-1440,2091 #7f07003f app:id/footer_view_inner} during layout: running second layout pass
08-04 02:26:54.422 13866 13866 I GoogleInputMethodServic: GoogleInputMethodService.onFinishInput():3138 
08-04 02:26:54.422   918   936 I ActivityManager: Displayed baseline.com.newsblur/.activity.AllSharedStoriesItemsList: +247ms
08-04 02:26:54.423 13866 13866 I GoogleInputMethodServic: GoogleInputMethodService.onStartInput():1808 
08-04 02:26:54.603 11040 29733 I NAPPA_EXPERIMENTATION: MetricNetworkRequestExecutionTime: REQUEST_DURATION_SYSTEM='131',REQUEST_DURATION_OKHTTP='130',REQUEST_SYNCHRONOUS='TRUE',RESPONSE_CODE='200',RESPONSE_METHOD='GET',RESPONSE_LENGTH_OKHTTP='43',RESPONSE_LENGTH_HEADER='43',REQUEST_PROTOCOL='http/1.1',REQUEST_URL='http://feeds.feedburner.com/~r/retort/~4/UffaFMiJbNs',
08-04 02:26:54.666 11040 31570 I art     : Starting a blocking GC Explicit
08-04 02:26:54.723 11040 31570 I art     : Explicit concurrent mark sweep GC freed 4452(313KB) AllocSpace objects, 11(220KB) LOS objects, 27% free, 41MB/57MB, paused 1.381ms total 56.233ms
08-04 02:26:54.738 11040 31570 I art     : Starting a blocking GC Explicit
08-04 02:26:54.791 11040 31570 I art     : Explicit concurrent mark sweep GC freed 210(8KB) AllocSpace objects, 0(0B) LOS objects, 27% free, 41MB/57MB, paused 1.470ms total 52.594ms
08-04 02:26:54.805 11040 31570 I art     : Starting a blocking GC Explicit
08-04 02:26:54.858 11040 31570 I art     : Explicit concurrent mark sweep GC freed 65(2720B) AllocSpace objects, 0(0B) LOS objects, 27% free, 41MB/57MB, paused 1.469ms total 53.192ms
08-04 02:26:54.872 11040 31570 I art     : Starting a blocking GC Explicit
08-04 02:26:54.927 11040 31570 I art     : Explicit concurrent mark sweep GC freed 135(5KB) AllocSpace objects, 0(0B) LOS objects, 27% free, 41MB/57MB, paused 1.521ms total 54.770ms
08-04 02:26:54.941 11040 31570 I art     : Starting a blocking GC Explicit
08-04 02:26:54.999 11040 31570 I art     : Explicit concurrent mark sweep GC freed 958(40KB) AllocSpace objects, 0(0B) LOS objects, 27% free, 42MB/58MB, paused 1.998ms total 57.353ms
08-04 02:26:55.040 11040 31604 E baseline.com.newsblur.network.APIResponse: Error (unexpected end of stream on https://www.newsblur.com/...) calling https://www.newsblur.com/reader/mark_story_hashes_as_read/
08-04 02:26:55.040 11040 31604 E baseline.com.newsblur.network.APIResponse: java.io.IOException: unexpected end of stream on https://www.newsblur.com/...
08-04 02:26:55.040 11040 31604 E baseline.com.newsblur.network.APIResponse: 	at okhttp3.internal.http1.Http1ExchangeCodec.readResponseHeaders(Http1ExchangeCodec.java:236)
08-04 02:26:55.040 11040 31604 E baseline.com.newsblur.network.APIResponse: 	at okhttp3.internal.connection.Exchange.readResponseHeaders(Exchange.java:115)
08-04 02:26:55.040 11040 31604 E baseline.com.newsblur.network.APIResponse: 	at okhttp3.internal.http.CallServerInterceptor.intercept(CallServerInterceptor.java:94)
08-04 02:26:55.040 11040 31604 E baseline.com.newsblur.network.APIResponse: 	at okhttp3.internal.http.RealInterceptorChain.proceed(RealInterceptorChain.java:142)
08-04 02:26:55.040 11040 31604 E baseline.com.newsblur.network.APIResponse: 	at okhttp3.internal.connection.ConnectInterceptor.intercept(ConnectInterceptor.java:43)
08-04 02:26:55.040 11040 31604 E baseline.com.newsblur.network.APIResponse: 	at okhttp3.internal.http.RealInterceptorChain.proceed(RealInterceptorChain.java:142)
08-04 02:26:55.040 11040 31604 E baseline.com.newsblur.network.APIResponse: 	at okhttp3.internal.http.RealInterceptorChain.proceed(RealInterceptorChain.java:117)
08-04 02:26:55.040 11040 31604 E baseline.com.newsblur.network.APIResponse: 	at okhttp3.internal.cache.CacheInterceptor.intercept(CacheInterceptor.java:94)
08-04 02:26:55.040 11040 31604 E baseline.com.newsblur.network.APIResponse: 	at okhttp3.internal.http.RealInterceptorChain.proceed(RealInterceptorChain.java:142)
08-04 02:26:55.040 11040 31604 E baseline.com.newsblur.network.APIResponse: 	at okhttp3.internal.http.RealInterceptorChain.proceed(RealInterceptorChain.java:117)
08-04 02:26:55.040 11040 31604 E baseline.com.newsblur.network.APIResponse: 	at okhttp3.internal.http.BridgeInterceptor.intercept(BridgeInterceptor.java:93)
08-04 02:26:55.040 11040 31604 E baseline.com.newsblur.network.APIResponse: 	at okhttp3.internal.http.RealInterceptorChain.proceed(RealInterceptorChain.java:142)
08-04 02:26:55.040 11040 31604 E baseline.com.newsblur.network.APIResponse: 	at okhttp3.internal.http.RetryAndFollowUpInterceptor.intercept(RetryAndFollowUpInterceptor.java:88)
08-04 02:26:55.040 11040 31604 E baseline.com.newsblur.network.APIResponse: 	at okhttp3.internal.http.RealInterceptorChain.proceed(RealInterceptorChain.java:142)
08-04 02:26:55.040 11040 31604 E baseline.com.newsblur.network.APIResponse: 	at okhttp3.internal.http.RealInterceptorChain.proceed(RealInterceptorChain.java:117)
08-04 02:26:55.040 11040 31604 E baseline.com.newsblur.network.APIResponse: 	at okhttp3.RealCall.getResponseWithInterceptorChain(RealCall.java:229)
08-04 02:26:55.040 11040 31604 E baseline.com.newsblur.network.APIResponse: 	at okhttp3.RealCall.execute(RealCall.java:81)
08-04 02:26:55.040 11040 31604 E baseline.com.newsblur.network.APIResponse: 	at baseline.com.newsblur.network.APIResponse.<init>(APIResponse.java:57)
08-04 02:26:55.040 11040 31604 E baseline.com.newsblur.network.APIResponse: 	at baseline.com.newsblur.network.APIResponse.<init>(APIResponse.java:43)
08-04 02:26:55.040 11040 31604 E baseline.com.newsblur.network.APIResponse: 	at baseline.com.newsblur.network.APIManager.post_single(APIManager.java:702)
08-04 02:26:55.040 11040 31604 E baseline.com.newsblur.network.APIResponse: 	at baseline.com.newsblur.network.APIManager.post(APIManager.java:675)
08-04 02:26:55.040 11040 31604 E baseline.com.newsblur.network.APIResponse: 	at baseline.com.newsblur.network.APIManager.post(APIManager.java:714)
08-04 02:26:55.040 11040 31604 E baseline.com.newsblur.network.APIResponse: 	at baseline.com.newsblur.network.APIManager.markStoryAsRead(APIManager.java:205)
08-04 02:26:55.040 11040 31604 E baseline.com.newsblur.network.APIResponse: 	at baseline.com.newsblur.util.ReadingAction.doRemote(ReadingAction.java:281)
08-04 02:26:55.040 11040 31604 E baseline.com.newsblur.network.APIResponse: 	at baseline.com.newsblur.service.NBSyncService.syncActions(NBSyncService.java:400)
08-04 02:26:55.040 11040 31604 E baseline.com.newsblur.network.APIResponse: 	at baseline.com.newsblur.service.NBSyncService.doSync(NBSyncService.java:298)
08-04 02:26:55.040 11040 31604 E baseline.com.newsblur.network.APIResponse: 	at baseline.com.newsblur.service.NBSyncService.access$100(NBSyncService.java:67)
08-04 02:26:55.040 11040 31604 E baseline.com.newsblur.network.APIResponse: 	at baseline.com.newsblur.service.NBSyncService$1.run(NBSyncService.java:188)
08-04 02:26:55.040 11040 31604 E baseline.com.newsblur.network.APIResponse: 	at java.util.concurrent.ThreadPoolExecutor.runWorker(ThreadPoolExecutor.java:1113)
08-04 02:26:55.040 11040 31604 E baseline.com.newsblur.network.APIResponse: 	at java.util.concurrent.ThreadPoolExecutor$Worker.run(ThreadPoolExecutor.java:588)
08-04 02:26:55.040 11040 31604 E baseline.com.newsblur.network.APIResponse: 	at java.lang.Thread.run(Thread.java:818)
08-04 02:26:55.040 11040 31604 E baseline.com.newsblur.network.APIResponse: Caused by: java.io.EOFException: \n not found: limit=0 content=
08-04 02:26:55.040 11040 31604 E baseline.com.newsblur.network.APIResponse: 	at okio.RealBufferedSource.readUtf8LineStrict(RealBufferedSource.java:240)
08-04 02:26:55.040 11040 31604 E baseline.com.newsblur.network.APIResponse: 	at okhttp3.internal.http1.Http1ExchangeCodec.readHeaderLine(Http1ExchangeCodec.java:242)
08-04 02:26:55.040 11040 31604 E baseline.com.newsblur.network.APIResponse: 	at okhttp3.internal.http1.Http1ExchangeCodec.readResponseHeaders(Http1ExchangeCodec.java:213)
08-04 02:26:55.040 11040 31604 E baseline.com.newsblur.network.APIResponse: 	... 30 more
08-04 02:26:55.041 11040 31604 I baseline.com.newsblur.network.APIManager: API call failed, pausing before retry number 2
08-04 02:26:55.384 11040 31569 I art     : Starting a blocking GC Explicit
08-04 02:26:55.449 11040 31569 I art     : Explicit concurrent mark sweep GC freed 3023(318KB) AllocSpace objects, 3(60KB) LOS objects, 27% free, 41MB/57MB, paused 1.561ms total 64.527ms
08-04 02:26:55.464 11040 31569 I art     : Starting a blocking GC Explicit
08-04 02:26:55.526 11040 31569 I art     : Explicit concurrent mark sweep GC freed 83(3KB) AllocSpace objects, 0(0B) LOS objects, 27% free, 41MB/57MB, paused 1.534ms total 62.488ms
08-04 02:26:55.541 11040 31569 I art     : Starting a blocking GC Explicit
08-04 02:26:55.606 11040 31569 I art     : Explicit concurrent mark sweep GC freed 10(320B) AllocSpace objects, 0(0B) LOS objects, 27% free, 41MB/57MB, paused 1.583ms total 64.456ms
08-04 02:26:55.624 11040 31569 I art     : Starting a blocking GC Explicit
08-04 02:26:55.688 11040 31569 I art     : Explicit concurrent mark sweep GC freed 11(352B) AllocSpace objects, 0(0B) LOS objects, 27% free, 41MB/57MB, paused 1.469ms total 63.462ms
08-04 02:26:55.704 11040 31569 I art     : Starting a blocking GC Explicit
08-04 02:26:55.766 11040 31569 I art     : Explicit concurrent mark sweep GC freed 14(448B) AllocSpace objects, 0(0B) LOS objects, 27% free, 41MB/57MB, paused 1.685ms total 62.055ms
08-04 02:26:56.184 11040 31570 I art     : Starting a blocking GC Explicit
08-04 02:26:56.251 11040 31570 I art     : Explicit concurrent mark sweep GC freed 1450(83KB) AllocSpace objects, 1(20KB) LOS objects, 27% free, 41MB/57MB, paused 1.669ms total 66.707ms
08-04 02:26:56.267 11040 31570 I art     : Starting a blocking GC Explicit
08-04 02:26:56.335 11040 31570 I art     : Explicit concurrent mark sweep GC freed 22(784B) AllocSpace objects, 0(0B) LOS objects, 27% free, 41MB/57MB, paused 1.667ms total 67.987ms
08-04 02:26:56.350 11040 31570 I art     : Starting a blocking GC Explicit
08-04 02:26:56.419 11040 31570 I art     : Explicit concurrent mark sweep GC freed 3(96B) AllocSpace objects, 0(0B) LOS objects, 27% free, 41MB/57MB, paused 1.779ms total 68.397ms
08-04 02:26:56.435 11040 31570 I art     : Starting a blocking GC Explicit
08-04 02:26:56.501 11040 31570 I art     : Explicit concurrent mark sweep GC freed 3(96B) AllocSpace objects, 0(0B) LOS objects, 27% free, 41MB/57MB, paused 1.610ms total 66.105ms
08-04 02:26:56.516 11040 31570 I art     : Starting a blocking GC Explicit
08-04 02:26:56.586 11040 31570 I art     : Explicit concurrent mark sweep GC freed 3(96B) AllocSpace objects, 0(0B) LOS objects, 27% free, 41MB/57MB, paused 1.626ms total 68.865ms
08-04 02:26:56.701 24365 23406 I NetworkScheduler.Stats: Task com.google.android.apps.gcs/ started execution. cause:4 exec_start_elapsed_seconds: 1654620 [CONTEXT service_id=218 ]
08-04 02:26:56.703 29579 31681 W Gcs.WfaEliRefreshTask: [23206] afk.b: NULL eligibility response.
08-04 02:26:56.709 24365 23406 I NetworkScheduler.Stats: Task com.google.android.apps.gcs/ finished executing. cause:4 result: 3 elapsed_millis: 14 uptime_millis: 14 exec_start_elapsed_seconds: 1654620 [CONTEXT service_id=218 ]
08-04 02:26:56.995 11040 30393 I art     : Starting a blocking GC Explicit
08-04 02:26:57.065 11040 30393 I art     : Explicit concurrent mark sweep GC freed 1446(83KB) AllocSpace objects, 1(20KB) LOS objects, 27% free, 41MB/57MB, paused 1.648ms total 69.995ms
08-04 02:26:57.083 11040 30393 I art     : Starting a blocking GC Explicit
08-04 02:26:57.146 11040 30393 I art     : Explicit concurrent mark sweep GC freed 22(784B) AllocSpace objects, 0(0B) LOS objects, 27% free, 41MB/57MB, paused 1.597ms total 62.157ms
08-04 02:26:57.161 11040 30393 I art     : Starting a blocking GC Explicit
08-04 02:26:57.226 11040 30393 I art     : Explicit concurrent mark sweep GC freed 3(96B) AllocSpace objects, 0(0B) LOS objects, 27% free, 41MB/57MB, paused 1.639ms total 65.407ms
08-04 02:26:57.241 11040 30393 I art     : Starting a blocking GC Explicit
08-04 02:26:57.308 11040 30393 I art     : Explicit concurrent mark sweep GC freed 3(96B) AllocSpace objects, 0(0B) LOS objects, 27% free, 41MB/57MB, paused 1.880ms total 66.637ms
08-04 02:26:57.323 11040 30393 I art     : Starting a blocking GC Explicit
08-04 02:26:57.390 11040 30393 I art     : Explicit concurrent mark sweep GC freed 3(96B) AllocSpace objects, 0(0B) LOS objects, 27% free, 41MB/57MB, paused 1.608ms total 66.375ms
08-04 02:26:57.819 11040 31569 I art     : Starting a blocking GC Explicit
08-04 02:26:57.887 11040 31569 I art     : Explicit concurrent mark sweep GC freed 1446(83KB) AllocSpace objects, 1(20KB) LOS objects, 27% free, 41MB/57MB, paused 1.608ms total 67.230ms
08-04 02:26:57.902 11040 31569 I art     : Starting a blocking GC Explicit
08-04 02:26:57.971 11040 31569 I art     : Explicit concurrent mark sweep GC freed 22(800B) AllocSpace objects, 0(0B) LOS objects, 27% free, 41MB/57MB, paused 1.572ms total 68.649ms
08-04 02:26:57.986 11040 31569 I art     : Starting a blocking GC Explicit
08-04 02:26:58.055 11040 31569 I art     : Explicit concurrent mark sweep GC freed 94(3KB) AllocSpace objects, 0(0B) LOS objects, 27% free, 41MB/57MB, paused 1.664ms total 68.299ms
08-04 02:26:58.070 11040 31569 I art     : Starting a blocking GC Explicit
08-04 02:26:58.137 11040 31569 I art     : Explicit concurrent mark sweep GC freed 9(352B) AllocSpace objects, 0(0B) LOS objects, 27% free, 41MB/57MB, paused 1.728ms total 65.880ms
08-04 02:26:58.152 11040 31569 I art     : Starting a blocking GC Explicit
08-04 02:26:58.220 11040 31569 I art     : Explicit concurrent mark sweep GC freed 68(4KB) AllocSpace objects, 0(0B) LOS objects, 27% free, 41MB/57MB, paused 1.756ms total 67.377ms
08-04 02:26:58.615 11040 11052 I art     : Starting a blocking GC Explicit
08-04 02:26:58.640 11040 31604 E baseline.com.newsblur.network.APIResponse: Error (unexpected end of stream on https://www.newsblur.com/...) calling https://www.newsblur.com/reader/mark_story_hashes_as_read/
08-04 02:26:58.640 11040 31604 E baseline.com.newsblur.network.APIResponse: java.io.IOException: unexpected end of stream on https://www.newsblur.com/...
08-04 02:26:58.640 11040 31604 E baseline.com.newsblur.network.APIResponse: 	at okhttp3.internal.http1.Http1ExchangeCodec.readResponseHeaders(Http1ExchangeCodec.java:236)
08-04 02:26:58.640 11040 31604 E baseline.com.newsblur.network.APIResponse: 	at okhttp3.internal.connection.Exchange.readResponseHeaders(Exchange.java:115)
08-04 02:26:58.640 11040 31604 E baseline.com.newsblur.network.APIResponse: 	at okhttp3.internal.http.CallServerInterceptor.intercept(CallServerInterceptor.java:94)
08-04 02:26:58.640 11040 31604 E baseline.com.newsblur.network.APIResponse: 	at okhttp3.internal.http.RealInterceptorChain.proceed(RealInterceptorChain.java:142)
08-04 02:26:58.640 11040 31604 E baseline.com.newsblur.network.APIResponse: 	at okhttp3.internal.connection.ConnectInterceptor.intercept(ConnectInterceptor.java:43)
08-04 02:26:58.640 11040 31604 E baseline.com.newsblur.network.APIResponse: 	at okhttp3.internal.http.RealInterceptorChain.proceed(RealInterceptorChain.java:142)
08-04 02:26:58.640 11040 31604 E baseline.com.newsblur.network.APIResponse: 	at okhttp3.internal.http.RealInterceptorChain.proceed(RealInterceptorChain.java:117)
08-04 02:26:58.640 11040 31604 E baseline.com.newsblur.network.APIResponse: 	at okhttp3.internal.cache.CacheInterceptor.intercept(CacheInterceptor.java:94)
08-04 02:26:58.640 11040 31604 E baseline.com.newsblur.network.APIResponse: 	at okhttp3.internal.http.RealInterceptorChain.proceed(RealInterceptorChain.java:142)
08-04 02:26:58.640 11040 31604 E baseline.com.newsblur.network.APIResponse: 	at okhttp3.internal.http.RealInterceptorChain.proceed(RealInterceptorChain.java:117)
08-04 02:26:58.640 11040 31604 E baseline.com.newsblur.network.APIResponse: 	at okhttp3.internal.http.BridgeInterceptor.intercept(BridgeInterceptor.java:93)
08-04 02:26:58.640 11040 31604 E baseline.com.newsblur.network.APIResponse: 	at okhttp3.internal.http.RealInterceptorChain.proceed(RealInterceptorChain.java:142)
08-04 02:26:58.640 11040 31604 E baseline.com.newsblur.network.APIResponse: 	at okhttp3.internal.http.RetryAndFollowUpInterceptor.intercept(RetryAndFollowUpInterceptor.java:88)
08-04 02:26:58.640 11040 31604 E baseline.com.newsblur.network.APIResponse: 	at okhttp3.internal.http.RealInterceptorChain.proceed(RealInterceptorChain.java:142)
08-04 02:26:58.640 11040 31604 E baseline.com.newsblur.network.APIResponse: 	at okhttp3.internal.http.RealInterceptorChain.proceed(RealInterceptorChain.java:117)
08-04 02:26:58.640 11040 31604 E baseline.com.newsblur.network.APIResponse: 	at okhttp3.RealCall.getResponseWithInterceptorChain(RealCall.java:229)
08-04 02:26:58.640 11040 31604 E baseline.com.newsblur.network.APIResponse: 	at okhttp3.RealCall.execute(RealCall.java:81)
08-04 02:26:58.640 11040 31604 E baseline.com.newsblur.network.APIResponse: 	at baseline.com.newsblur.network.APIResponse.<init>(APIResponse.java:57)
08-04 02:26:58.640 11040 31604 E baseline.com.newsblur.network.APIResponse: 	at baseline.com.newsblur.network.APIResponse.<init>(APIResponse.java:43)
08-04 02:26:58.640 11040 31604 E baseline.com.newsblur.network.APIResponse: 	at baseline.com.newsblur.network.APIManager.post_single(APIManager.java:702)
08-04 02:26:58.640 11040 31604 E baseline.com.newsblur.network.APIResponse: 	at baseline.com.newsblur.network.APIManager.post(APIManager.java:675)
08-04 02:26:58.640 11040 31604 E baseline.com.newsblur.network.APIResponse: 	at baseline.com.newsblur.network.APIManager.post(APIManager.java:714)
08-04 02:26:58.640 11040 31604 E baseline.com.newsblur.network.APIResponse: 	at baseline.com.newsblur.network.APIManager.markStoryAsRead(APIManager.java:205)
08-04 02:26:58.640 11040 31604 E baseline.com.newsblur.network.APIResponse: 	at baseline.com.newsblur.util.ReadingAction.doRemote(ReadingAction.java:281)
08-04 02:26:58.640 11040 31604 E baseline.com.newsblur.network.APIResponse: 	at baseline.com.newsblur.service.NBSyncService.syncActions(NBSyncService.java:400)
08-04 02:26:58.640 11040 31604 E baseline.com.newsblur.network.APIResponse: 	at baseline.com.newsblur.service.NBSyncService.doSync(NBSyncService.java:298)
08-04 02:26:58.640 11040 31604 E baseline.com.newsblur.network.APIResponse: 	at baseline.com.newsblur.service.NBSyncService.access$100(NBSyncService.java:67)
08-04 02:26:58.640 11040 31604 E baseline.com.newsblur.network.APIResponse: 	at baseline.com.newsblur.service.NBSyncService$1.run(NBSyncService.java:188)
08-04 02:26:58.640 11040 31604 E baseline.com.newsblur.network.APIResponse: 	at java.util.concurrent.ThreadPoolExecutor.runWorker(ThreadPoolExecutor.java:1113)
08-04 02:26:58.640 11040 31604 E baseline.com.newsblur.network.APIResponse: 	at java.util.concurrent.ThreadPoolExecutor$Worker.run(ThreadPoolExecutor.java:588)
08-04 02:26:58.640 11040 31604 E baseline.com.newsblur.network.APIResponse: 	at java.lang.Thread.run(Thread.java:818)
08-04 02:26:58.640 11040 31604 E baseline.com.newsblur.network.APIResponse: Caused by: java.io.EOFException: \n not found: limit=0 content=
08-04 02:26:58.640 11040 31604 E baseline.com.newsblur.network.APIResponse: 	at okio.RealBufferedSource.readUtf8LineStrict(RealBufferedSource.java:240)
08-04 02:26:58.640 11040 31604 E baseline.com.newsblur.network.APIResponse: 	at okhttp3.internal.http1.Http1ExchangeCodec.readHeaderLine(Http1ExchangeCodec.java:242)
08-04 02:26:58.640 11040 31604 E baseline.com.newsblur.network.APIResponse: 	at okhttp3.internal.http1.Http1ExchangeCodec.readResponseHeaders(Http1ExchangeCodec.java:213)
08-04 02:26:58.640 11040 31604 E baseline.com.newsblur.network.APIResponse: 	... 30 more
08-04 02:26:58.642 11040 31604 I baseline.com.newsblur.service.NBSyncService: Holding reading action with server-side or network error.
08-04 02:26:58.653 11040 31604 W baseline.com.newsblur.service.NBSyncService: hard API failure
08-04 02:26:58.682 11040 11052 I art     : Explicit concurrent mark sweep GC freed 4258(386KB) AllocSpace objects, 5(100KB) LOS objects, 27% free, 42MB/58MB, paused 1.657ms total 66.673ms
08-04 02:26:58.697 11040 11052 I art     : Starting a blocking GC Explicit
08-04 02:26:58.762 11040 11052 I art     : Explicit concurrent mark sweep GC freed 210(27KB) AllocSpace objects, 0(0B) LOS objects, 27% free, 41MB/57MB, paused 1.731ms total 64.589ms
08-04 02:26:58.777 11040 11052 I art     : Starting a blocking GC Explicit
08-04 02:26:58.836   518   646 I ThermalEngine: ACTION: GPU - Setting GPU[0] to 510000000
08-04 02:26:58.847 11040 11052 I art     : Explicit concurrent mark sweep GC freed 25(832B) AllocSpace objects, 0(0B) LOS objects, 27% free, 41MB/57MB, paused 1.726ms total 69.414ms
08-04 02:26:58.863 11040 11052 I art     : Starting a blocking GC Explicit
08-04 02:26:58.919 11040 11052 I art     : Explicit concurrent mark sweep GC freed 3(96B) AllocSpace objects, 0(0B) LOS objects, 27% free, 41MB/57MB, paused 1.313ms total 56.488ms
08-04 02:26:58.931 11040 11052 I art     : Starting a blocking GC Explicit
08-04 02:26:58.981 11040 11052 I art     : Explicit concurrent mark sweep GC freed 3(96B) AllocSpace objects, 0(0B) LOS objects, 27% free, 41MB/57MB, paused 1.166ms total 49.644ms
08-04 02:26:59.148 11040 31604 E baseline.com.newsblur.network.APIResponse: Error (unexpected end of stream on https://www.newsblur.com/...) calling https://www.newsblur.com/reader/mark_story_hashes_as_read/
08-04 02:26:59.148 11040 31604 E baseline.com.newsblur.network.APIResponse: java.io.IOException: unexpected end of stream on https://www.newsblur.com/...
08-04 02:26:59.148 11040 31604 E baseline.com.newsblur.network.APIResponse: 	at okhttp3.internal.http1.Http1ExchangeCodec.readResponseHeaders(Http1ExchangeCodec.java:236)
08-04 02:26:59.148 11040 31604 E baseline.com.newsblur.network.APIResponse: 	at okhttp3.internal.connection.Exchange.readResponseHeaders(Exchange.java:115)
08-04 02:26:59.148 11040 31604 E baseline.com.newsblur.network.APIResponse: 	at okhttp3.internal.http.CallServerInterceptor.intercept(CallServerInterceptor.java:94)
08-04 02:26:59.148 11040 31604 E baseline.com.newsblur.network.APIResponse: 	at okhttp3.internal.http.RealInterceptorChain.proceed(RealInterceptorChain.java:142)
08-04 02:26:59.148 11040 31604 E baseline.com.newsblur.network.APIResponse: 	at okhttp3.internal.connection.ConnectInterceptor.intercept(ConnectInterceptor.java:43)
08-04 02:26:59.148 11040 31604 E baseline.com.newsblur.network.APIResponse: 	at okhttp3.internal.http.RealInterceptorChain.proceed(RealInterceptorChain.java:142)
08-04 02:26:59.148 11040 31604 E baseline.com.newsblur.network.APIResponse: 	at okhttp3.internal.http.RealInterceptorChain.proceed(RealInterceptorChain.java:117)
08-04 02:26:59.148 11040 31604 E baseline.com.newsblur.network.APIResponse: 	at okhttp3.internal.cache.CacheInterceptor.intercept(CacheInterceptor.java:94)
08-04 02:26:59.148 11040 31604 E baseline.com.newsblur.network.APIResponse: 	at okhttp3.internal.http.RealInterceptorChain.proceed(RealInterceptorChain.java:142)
08-04 02:26:59.148 11040 31604 E baseline.com.newsblur.network.APIResponse: 	at okhttp3.internal.http.RealInterceptorChain.proceed(RealInterceptorChain.java:117)
08-04 02:26:59.148 11040 31604 E baseline.com.newsblur.network.APIResponse: 	at okhttp3.internal.http.BridgeInterceptor.intercept(BridgeInterceptor.java:93)
08-04 02:26:59.148 11040 31604 E baseline.com.newsblur.network.APIResponse: 	at okhttp3.internal.http.RealInterceptorChain.proceed(RealInterceptorChain.java:142)
08-04 02:26:59.148 11040 31604 E baseline.com.newsblur.network.APIResponse: 	at okhttp3.internal.http.RetryAndFollowUpInterceptor.intercept(RetryAndFollowUpInterceptor.java:88)
08-04 02:26:59.148 11040 31604 E baseline.com.newsblur.network.APIResponse: 	at okhttp3.internal.http.RealInterceptorChain.proceed(RealInterceptorChain.java:142)
08-04 02:26:59.148 11040 31604 E baseline.com.newsblur.network.APIResponse: 	at okhttp3.internal.http.RealInterceptorChain.proceed(RealInterceptorChain.java:117)
08-04 02:26:59.148 11040 31604 E baseline.com.newsblur.network.APIResponse: 	at okhttp3.RealCall.getResponseWithInterceptorChain(RealCall.java:229)
08-04 02:26:59.148 11040 31604 E baseline.com.newsblur.network.APIResponse: 	at okhttp3.RealCall.execute(RealCall.java:81)
08-04 02:26:59.148 11040 31604 E baseline.com.newsblur.network.APIResponse: 	at baseline.com.newsblur.network.APIResponse.<init>(APIResponse.java:57)
08-04 02:26:59.148 11040 31604 E baseline.com.newsblur.network.APIResponse: 	at baseline.com.newsblur.network.APIResponse.<init>(APIResponse.java:43)
08-04 02:26:59.148 11040 31604 E baseline.com.newsblur.network.APIResponse: 	at baseline.com.newsblur.network.APIManager.post_single(APIManager.java:702)
08-04 02:26:59.148 11040 31604 E baseline.com.newsblur.network.APIResponse: 	at baseline.com.newsblur.network.APIManager.post(APIManager.java:675)
08-04 02:26:59.148 11040 31604 E baseline.com.newsblur.network.APIResponse: 	at baseline.com.newsblur.network.APIManager.post(APIManager.java:714)
08-04 02:26:59.148 11040 31604 E baseline.com.newsblur.network.APIResponse: 	at baseline.com.newsblur.network.APIManager.markStoryAsRead(APIManager.java:205)
08-04 02:26:59.148 11040 31604 E baseline.com.newsblur.network.APIResponse: 	at baseline.com.newsblur.util.ReadingAction.doRemote(ReadingAction.java:281)
08-04 02:26:59.148 11040 31604 E baseline.com.newsblur.network.APIResponse: 	at baseline.com.newsblur.service.NBSyncService.syncActions(NBSyncService.java:400)
08-04 02:26:59.148 11040 31604 E baseline.com.newsblur.network.APIResponse: 	at baseline.com.newsblur.service.NBSyncService.doSync(NBSyncService.java:298)
08-04 02:26:59.148 11040 31604 E baseline.com.newsblur.network.APIResponse: 	at baseline.com.newsblur.service.NBSyncService.access$100(NBSyncService.java:67)
08-04 02:26:59.148 11040 31604 E baseline.com.newsblur.network.APIResponse: 	at baseline.com.newsblur.service.NBSyncService$1.run(NBSyncService.java:188)
08-04 02:26:59.148 11040 31604 E baseline.com.newsblur.network.APIResponse: 	at java.util.concurrent.ThreadPoolExecutor.runWorker(ThreadPoolExecutor.java:1113)
08-04 02:26:59.148 11040 31604 E baseline.com.newsblur.network.APIResponse: 	at java.util.concurrent.ThreadPoolExecutor$Worker.run(ThreadPoolExecutor.java:588)
08-04 02:26:59.148 11040 31604 E baseline.com.newsblur.network.APIResponse: 	at java.lang.Thread.run(Thread.java:818)
08-04 02:26:59.148 11040 31604 E baseline.com.newsblur.network.APIResponse: Caused by: java.io.EOFException: \n not found: limit=0 content=
08-04 02:26:59.148 11040 31604 E baseline.com.newsblur.network.APIResponse: 	at okio.RealBufferedSource.readUtf8LineStrict(RealBufferedSource.java:240)
08-04 02:26:59.148 11040 31604 E baseline.com.newsblur.network.APIResponse: 	at okhttp3.internal.http1.Http1ExchangeCodec.readHeaderLine(Http1ExchangeCodec.java:242)
08-04 02:26:59.148 11040 31604 E baseline.com.newsblur.network.APIResponse: 	at okhttp3.internal.http1.Http1ExchangeCodec.readResponseHeaders(Http1ExchangeCodec.java:213)
08-04 02:26:59.148 11040 31604 E baseline.com.newsblur.network.APIResponse: 	... 30 more
08-04 02:26:59.149 11040 31604 I baseline.com.newsblur.network.APIManager: API call failed, pausing before retry number 1
08-04 02:26:59.317 11040 11053 I art     : Starting a blocking GC Explicit
08-04 02:26:59.369 11040 11053 I art     : Explicit concurrent mark sweep GC freed 3951(357KB) AllocSpace objects, 3(60KB) LOS objects, 27% free, 41MB/57MB, paused 1.283ms total 51.384ms
08-04 02:26:59.380 11040 11053 I art     : Starting a blocking GC Explicit
08-04 02:26:59.431 11040 11053 I art     : Explicit concurrent mark sweep GC freed 109(3KB) AllocSpace objects, 0(0B) LOS objects, 27% free, 41MB/57MB, paused 1.231ms total 50.612ms
08-04 02:26:59.443 11040 11053 I art     : Starting a blocking GC Explicit
08-04 02:26:59.494 11040 11053 I art     : Explicit concurrent mark sweep GC freed 3(96B) AllocSpace objects, 0(0B) LOS objects, 27% free, 41MB/57MB, paused 1.238ms total 50.900ms
08-04 02:26:59.507 11040 11053 I art     : Starting a blocking GC Explicit
08-04 02:26:59.559 11040 11053 I art     : Explicit concurrent mark sweep GC freed 3(96B) AllocSpace objects, 0(0B) LOS objects, 27% free, 41MB/57MB, paused 1.220ms total 52.267ms
08-04 02:26:59.571 11040 11053 I art     : Starting a blocking GC Explicit
08-04 02:26:59.621 11040 11053 I art     : Explicit concurrent mark sweep GC freed 3(96B) AllocSpace objects, 0(0B) LOS objects, 27% free, 41MB/57MB, paused 1.272ms total 50.087ms
08-04 02:26:59.995 11040 29418 I art     : Starting a blocking GC Explicit
08-04 02:27:00.043 11040 29418 I art     : Explicit concurrent mark sweep GC freed 1442(83KB) AllocSpace objects, 1(20KB) LOS objects, 27% free, 41MB/57MB, paused 1.087ms total 48.096ms
08-04 02:27:00.054 11040 29418 I art     : Starting a blocking GC Explicit
08-04 02:27:00.100 11040 29418 I art     : Explicit concurrent mark sweep GC freed 22(784B) AllocSpace objects, 0(0B) LOS objects, 27% free, 41MB/57MB, paused 1.159ms total 45.427ms
08-04 02:27:00.111 11040 29418 I art     : Starting a blocking GC Explicit
08-04 02:27:00.159 11040 29418 I art     : Explicit concurrent mark sweep GC freed 3(96B) AllocSpace objects, 0(0B) LOS objects, 27% free, 41MB/57MB, paused 1.109ms total 47.546ms
08-04 02:27:00.170 11040 29418 I art     : Starting a blocking GC Explicit
08-04 02:27:00.218 11040 29418 I art     : Explicit concurrent mark sweep GC freed 3(96B) AllocSpace objects, 0(0B) LOS objects, 27% free, 41MB/57MB, paused 1.170ms total 48.049ms
08-04 02:27:00.230 11040 29418 I art     : Starting a blocking GC Explicit
08-04 02:27:00.281 11040 29418 I art     : Explicit concurrent mark sweep GC freed 3(96B) AllocSpace objects, 0(0B) LOS objects, 27% free, 41MB/57MB, paused 1.191ms total 50.550ms
08-04 02:27:00.676 11040 31570 I art     : Starting a blocking GC Explicit
08-04 02:27:00.729 11040 31570 I art     : Explicit concurrent mark sweep GC freed 1532(86KB) AllocSpace objects, 1(20KB) LOS objects, 27% free, 41MB/57MB, paused 1.382ms total 52.369ms
08-04 02:27:00.741 11040 31570 I art     : Starting a blocking GC Explicit
08-04 02:27:00.793 11040 31570 I art     : Explicit concurrent mark sweep GC freed 28(1040B) AllocSpace objects, 0(0B) LOS objects, 27% free, 41MB/57MB, paused 1.254ms total 52.056ms
08-04 02:27:00.805 11040 31570 I art     : Starting a blocking GC Explicit
08-04 02:27:00.855 11040 31570 I art     : Explicit concurrent mark sweep GC freed 68(4KB) AllocSpace objects, 0(0B) LOS objects, 27% free, 41MB/57MB, paused 1.243ms total 49.278ms
08-04 02:27:00.867 11040 31570 I art     : Starting a blocking GC Explicit
08-04 02:27:00.919 11040 31570 I art     : Explicit concurrent mark sweep GC freed 12(1408B) AllocSpace objects, 0(0B) LOS objects, 27% free, 41MB/57MB, paused 1.261ms total 52.112ms
08-04 02:27:00.931 11040 31570 I art     : Starting a blocking GC Explicit
08-04 02:27:00.980 11040 31570 I art     : Explicit concurrent mark sweep GC freed 3(96B) AllocSpace objects, 0(0B) LOS objects, 27% free, 41MB/57MB, paused 1.256ms total 48.561ms
08-04 02:27:01.278 11040 31604 E baseline.com.newsblur.network.APIResponse: Error (unexpected end of stream on https://www.newsblur.com/...) calling https://www.newsblur.com/reader/mark_story_hashes_as_read/
08-04 02:27:01.278 11040 31604 E baseline.com.newsblur.network.APIResponse: java.io.IOException: unexpected end of stream on https://www.newsblur.com/...
08-04 02:27:01.278 11040 31604 E baseline.com.newsblur.network.APIResponse: 	at okhttp3.internal.http1.Http1ExchangeCodec.readResponseHeaders(Http1ExchangeCodec.java:236)
08-04 02:27:01.278 11040 31604 E baseline.com.newsblur.network.APIResponse: 	at okhttp3.internal.connection.Exchange.readResponseHeaders(Exchange.java:115)
08-04 02:27:01.278 11040 31604 E baseline.com.newsblur.network.APIResponse: 	at okhttp3.internal.http.CallServerInterceptor.intercept(CallServerInterceptor.java:94)
08-04 02:27:01.278 11040 31604 E baseline.com.newsblur.network.APIResponse: 	at okhttp3.internal.http.RealInterceptorChain.proceed(RealInterceptorChain.java:142)
08-04 02:27:01.278 11040 31604 E baseline.com.newsblur.network.APIResponse: 	at okhttp3.internal.connection.ConnectInterceptor.intercept(ConnectInterceptor.java:43)
08-04 02:27:01.278 11040 31604 E baseline.com.newsblur.network.APIResponse: 	at okhttp3.internal.http.RealInterceptorChain.proceed(RealInterceptorChain.java:142)
08-04 02:27:01.278 11040 31604 E baseline.com.newsblur.network.APIResponse: 	at okhttp3.internal.http.RealInterceptorChain.proceed(RealInterceptorChain.java:117)
08-04 02:27:01.278 11040 31604 E baseline.com.newsblur.network.APIResponse: 	at okhttp3.internal.cache.CacheInterceptor.intercept(CacheInterceptor.java:94)
08-04 02:27:01.278 11040 31604 E baseline.com.newsblur.network.APIResponse: 	at okhttp3.internal.http.RealInterceptorChain.proceed(RealInterceptorChain.java:142)
08-04 02:27:01.278 11040 31604 E baseline.com.newsblur.network.APIResponse: 	at okhttp3.internal.http.RealInterceptorChain.proceed(RealInterceptorChain.java:117)
08-04 02:27:01.278 11040 31604 E baseline.com.newsblur.network.APIResponse: 	at okhttp3.internal.http.BridgeInterceptor.intercept(BridgeInterceptor.java:93)
08-04 02:27:01.278 11040 31604 E baseline.com.newsblur.network.APIResponse: 	at okhttp3.internal.http.RealInterceptorChain.proceed(RealInterceptorChain.java:142)
08-04 02:27:01.278 11040 31604 E baseline.com.newsblur.network.APIResponse: 	at okhttp3.internal.http.RetryAndFollowUpInterceptor.intercept(RetryAndFollowUpInterceptor.java:88)
08-04 02:27:01.278 11040 31604 E baseline.com.newsblur.network.APIResponse: 	at okhttp3.internal.http.RealInterceptorChain.proceed(RealInterceptorChain.java:142)
08-04 02:27:01.278 11040 31604 E baseline.com.newsblur.network.APIResponse: 	at okhttp3.internal.http.RealInterceptorChain.proceed(RealInterceptorChain.java:117)
08-04 02:27:01.278 11040 31604 E baseline.com.newsblur.network.APIResponse: 	at okhttp3.RealCall.getResponseWithInterceptorChain(RealCall.java:229)
08-04 02:27:01.278 11040 31604 E baseline.com.newsblur.network.APIResponse: 	at okhttp3.RealCall.execute(RealCall.java:81)
08-04 02:27:01.278 11040 31604 E baseline.com.newsblur.network.APIResponse: 	at baseline.com.newsblur.network.APIResponse.<init>(APIResponse.java:57)
08-04 02:27:01.278 11040 31604 E baseline.com.newsblur.network.APIResponse: 	at baseline.com.newsblur.network.APIResponse.<init>(APIResponse.java:43)
08-04 02:27:01.278 11040 31604 E baseline.com.newsblur.network.APIResponse: 	at baseline.com.newsblur.network.APIManager.post_single(APIManager.java:702)
08-04 02:27:01.278 11040 31604 E baseline.com.newsblur.network.APIResponse: 	at baseline.com.newsblur.network.APIManager.post(APIManager.java:675)
08-04 02:27:01.278 11040 31604 E baseline.com.newsblur.network.APIResponse: 	at baseline.com.newsblur.network.APIManager.post(APIManager.java:714)
08-04 02:27:01.278 11040 31604 E baseline.com.newsblur.network.APIResponse: 	at baseline.com.newsblur.network.APIManager.markStoryAsRead(APIManager.java:205)
08-04 02:27:01.278 11040 31604 E baseline.com.newsblur.network.APIResponse: 	at baseline.com.newsblur.util.ReadingAction.doRemote(ReadingAction.java:281)
08-04 02:27:01.278 11040 31604 E baseline.com.newsblur.network.APIResponse: 	at baseline.com.newsblur.service.NBSyncService.syncActions(NBSyncService.java:400)
08-04 02:27:01.278 11040 31604 E baseline.com.newsblur.network.APIResponse: 	at baseline.com.newsblur.service.NBSyncService.doSync(NBSyncService.java:298)
08-04 02:27:01.278 11040 31604 E baseline.com.newsblur.network.APIResponse: 	at baseline.com.newsblur.service.NBSyncService.access$100(NBSyncService.java:67)
08-04 02:27:01.278 11040 31604 E baseline.com.newsblur.network.APIResponse: 	at baseline.com.newsblur.service.NBSyncService$1.run(NBSyncService.java:188)
08-04 02:27:01.278 11040 31604 E baseline.com.newsblur.network.APIResponse: 	at java.util.concurrent.ThreadPoolExecutor.runWorker(ThreadPoolExecutor.java:1113)
08-04 02:27:01.278 11040 31604 E baseline.com.newsblur.network.APIResponse: 	at java.util.concurrent.ThreadPoolExecutor$Worker.run(ThreadPoolExecutor.java:588)
08-04 02:27:01.278 11040 31604 E baseline.com.newsblur.network.APIResponse: 	at java.lang.Thread.run(Thread.java:818)
08-04 02:27:01.278 11040 31604 E baseline.com.newsblur.network.APIResponse: Caused by: java.io.EOFException: \n not found: limit=0 content=
08-04 02:27:01.278 11040 31604 E baseline.com.newsblur.network.APIResponse: 	at okio.RealBufferedSource.readUtf8LineStrict(RealBufferedSource.java:240)
08-04 02:27:01.278 11040 31604 E baseline.com.newsblur.network.APIResponse: 	at okhttp3.internal.http1.Http1ExchangeCodec.readHeaderLine(Http1ExchangeCodec.java:242)
08-04 02:27:01.278 11040 31604 E baseline.com.newsblur.network.APIResponse: 	at okhttp3.internal.http1.Http1ExchangeCodec.readResponseHeaders(Http1ExchangeCodec.java:213)
08-04 02:27:01.278 11040 31604 E baseline.com.newsblur.network.APIResponse: 	... 30 more
08-04 02:27:01.279 11040 31604 I baseline.com.newsblur.network.APIManager: API call failed, pausing before retry number 2
08-04 02:27:01.335 11040 30393 I art     : Starting a blocking GC Explicit
08-04 02:27:01.357 28500 28500 I Atfwd_Sendcmd: AtCmdFwd service not ready - Exhausted retry attempts - :6
08-04 02:27:01.357 28500 28500 I Atfwd_Daemon: result : -1 	 ,Init step :2 	 ,qmiErrorCode: 0
08-04 02:27:01.389 11040 30393 I art     : Explicit concurrent mark sweep GC freed 3949(357KB) AllocSpace objects, 3(60KB) LOS objects, 27% free, 41MB/57MB, paused 1.346ms total 54.033ms
08-04 02:27:01.405 11040 30393 I art     : Starting a blocking GC Explicit
08-04 02:27:01.452 11040 30393 I art     : Explicit concurrent mark sweep GC freed 109(3KB) AllocSpace objects, 0(0B) LOS objects, 27% free, 41MB/57MB, paused 1.201ms total 47.084ms
08-04 02:27:01.463 11040 30393 I art     : Starting a blocking GC Explicit
08-04 02:27:01.514 11040 30393 I art     : Explicit concurrent mark sweep GC freed 3(96B) AllocSpace objects, 0(0B) LOS objects, 27% free, 41MB/57MB, paused 1.208ms total 49.939ms
08-04 02:27:01.525 11040 30393 I art     : Starting a blocking GC Explicit
08-04 02:27:01.575 11040 30393 I art     : Explicit concurrent mark sweep GC freed 3(96B) AllocSpace objects, 0(0B) LOS objects, 27% free, 41MB/57MB, paused 1.110ms total 49.650ms
08-04 02:27:01.587 11040 30393 I art     : Starting a blocking GC Explicit
08-04 02:27:01.638 11040 30393 I art     : Explicit concurrent mark sweep GC freed 3(96B) AllocSpace objects, 0(0B) LOS objects, 27% free, 41MB/57MB, paused 1.301ms total 50.791ms
08-04 02:27:01.996 11040 31569 I art     : Starting a blocking GC Explicit
08-04 02:27:02.049 11040 31569 I art     : Explicit concurrent mark sweep GC freed 1441(82KB) AllocSpace objects, 1(20KB) LOS objects, 27% free, 41MB/57MB, paused 1.266ms total 52.004ms
08-04 02:27:02.061 11040 31569 I art     : Starting a blocking GC Explicit
08-04 02:27:02.111 11040 31569 I art     : Explicit concurrent mark sweep GC freed 22(784B) AllocSpace objects, 0(0B) LOS objects, 27% free, 41MB/57MB, paused 1.220ms total 49.877ms
08-04 02:27:02.123 11040 31569 I art     : Starting a blocking GC Explicit
08-04 02:27:02.173 11040 31569 I art     : Explicit concurrent mark sweep GC freed 3(96B) AllocSpace objects, 0(0B) LOS objects, 27% free, 41MB/57MB, paused 1.110ms total 49.915ms
08-04 02:27:02.185 11040 31569 I art     : Starting a blocking GC Explicit
08-04 02:27:02.236 11040 31569 I art     : Explicit concurrent mark sweep GC freed 3(96B) AllocSpace objects, 0(0B) LOS objects, 27% free, 41MB/57MB, paused 1.245ms total 51.632ms
08-04 02:27:02.248 11040 31569 I art     : Starting a blocking GC Explicit
08-04 02:27:02.299 11040 31569 I art     : Explicit concurrent mark sweep GC freed 3(96B) AllocSpace objects, 0(0B) LOS objects, 27% free, 41MB/57MB, paused 1.170ms total 49.907ms
08-04 02:27:02.676 11040 11052 I art     : Starting a blocking GC Explicit
08-04 02:27:02.731 11040 11052 I art     : Explicit concurrent mark sweep GC freed 1441(82KB) AllocSpace objects, 1(20KB) LOS objects, 27% free, 41MB/57MB, paused 1.323ms total 54.132ms
08-04 02:27:02.745 11040 11052 I art     : Starting a blocking GC Explicit
08-04 02:27:02.794 11040 11052 I art     : Explicit concurrent mark sweep GC freed 22(784B) AllocSpace objects, 0(0B) LOS objects, 27% free, 41MB/57MB, paused 1.173ms total 47.759ms
08-04 02:27:02.805 11040 11052 I art     : Starting a blocking GC Explicit
08-04 02:27:02.855 11040 11052 I art     : Explicit concurrent mark sweep GC freed 3(96B) AllocSpace objects, 0(0B) LOS objects, 27% free, 41MB/57MB, paused 1.178ms total 50.303ms
08-04 02:27:02.867 11040 11052 I art     : Starting a blocking GC Explicit
08-04 02:27:02.918 11040 11052 I art     : Explicit concurrent mark sweep GC freed 3(96B) AllocSpace objects, 0(0B) LOS objects, 27% free, 41MB/57MB, paused 1.198ms total 50.257ms
08-04 02:27:02.929 11040 11052 I art     : Starting a blocking GC Explicit
08-04 02:27:02.979 11040 11052 I art     : Explicit concurrent mark sweep GC freed 3(96B) AllocSpace objects, 0(0B) LOS objects, 27% free, 41MB/57MB, paused 1.119ms total 49.452ms
08-04 02:27:03.371 11040 11053 I art     : Starting a blocking GC Explicit
08-04 02:27:03.423 11040 11053 I art     : Explicit concurrent mark sweep GC freed 1442(82KB) AllocSpace objects, 1(20KB) LOS objects, 27% free, 41MB/57MB, paused 1.242ms total 52.399ms
08-04 02:27:03.435 11040 11053 I art     : Starting a blocking GC Explicit
08-04 02:27:03.488 11040 11053 I art     : Explicit concurrent mark sweep GC freed 22(784B) AllocSpace objects, 0(0B) LOS objects, 27% free, 41MB/57MB, paused 1.253ms total 52.026ms
08-04 02:27:03.500 11040 11053 I art     : Starting a blocking GC Explicit
08-04 02:27:03.550 11040 11053 I art     : Explicit concurrent mark sweep GC freed 3(96B) AllocSpace objects, 0(0B) LOS objects, 27% free, 41MB/57MB, paused 1.257ms total 50.029ms
08-04 02:27:03.562 11040 11053 I art     : Starting a blocking GC Explicit
08-04 02:27:03.613 11040 11053 I art     : Explicit concurrent mark sweep GC freed 3(96B) AllocSpace objects, 0(0B) LOS objects, 27% free, 41MB/57MB, paused 1.183ms total 50.882ms
08-04 02:27:03.625 11040 11053 I art     : Starting a blocking GC Explicit
08-04 02:27:03.674 11040 11053 I art     : Explicit concurrent mark sweep GC freed 3(96B) AllocSpace objects, 0(0B) LOS objects, 27% free, 41MB/57MB, paused 1.143ms total 48.769ms
08-04 02:27:04.061 11040 29418 I art     : Starting a blocking GC Explicit
08-04 02:27:04.116 11040 29418 I art     : Explicit concurrent mark sweep GC freed 1441(82KB) AllocSpace objects, 1(20KB) LOS objects, 27% free, 41MB/57MB, paused 1.242ms total 54.274ms
08-04 02:27:04.130 11040 29418 I art     : Starting a blocking GC Explicit
08-04 02:27:04.179 11040 29418 I art     : Explicit concurrent mark sweep GC freed 22(784B) AllocSpace objects, 0(0B) LOS objects, 27% free, 41MB/57MB, paused 1.165ms total 48.458ms
08-04 02:27:04.190 11040 29418 I art     : Starting a blocking GC Explicit
08-04 02:27:04.240 11040 29418 I art     : Explicit concurrent mark sweep GC freed 3(96B) AllocSpace objects, 0(0B) LOS objects, 27% free, 41MB/57MB, paused 1.208ms total 49.662ms
08-04 02:27:04.252 11040 29418 I art     : Starting a blocking GC Explicit
08-04 02:27:04.301 11040 29418 I art     : Explicit concurrent mark sweep GC freed 94(3KB) AllocSpace objects, 0(0B) LOS objects, 27% free, 41MB/57MB, paused 1.236ms total 49.348ms
08-04 02:27:04.313 11040 29418 I art     : Starting a blocking GC Explicit
08-04 02:27:04.362 11040 29418 I art     : Explicit concurrent mark sweep GC freed 77(5KB) AllocSpace objects, 0(0B) LOS objects, 27% free, 41MB/57MB, paused 1.184ms total 48.631ms
08-04 02:27:04.704 11040 31570 I art     : Starting a blocking GC Explicit
08-04 02:27:04.756 11040 31570 I art     : Explicit concurrent mark sweep GC freed 3096(147KB) AllocSpace objects, 1(20KB) LOS objects, 27% free, 41MB/57MB, paused 1.330ms total 51.747ms
08-04 02:27:04.764 31800 31800 D AndroidRuntime: >>>>>> START com.android.internal.os.RuntimeInit uid 2000 <<<<<<
08-04 02:27:04.768 11040 31570 I art     : Starting a blocking GC Explicit
08-04 02:27:04.770 31800 31800 D AndroidRuntime: CheckJNI is OFF
08-04 02:27:04.786 11040 31604 E baseline.com.newsblur.network.APIResponse: Error (unexpected end of stream on https://www.newsblur.com/...) calling https://www.newsblur.com/reader/mark_story_hashes_as_read/
08-04 02:27:04.786 11040 31604 E baseline.com.newsblur.network.APIResponse: java.io.IOException: unexpected end of stream on https://www.newsblur.com/...
08-04 02:27:04.786 11040 31604 E baseline.com.newsblur.network.APIResponse: 	at okhttp3.internal.http1.Http1ExchangeCodec.readResponseHeaders(Http1ExchangeCodec.java:236)
08-04 02:27:04.786 11040 31604 E baseline.com.newsblur.network.APIResponse: 	at okhttp3.internal.connection.Exchange.readResponseHeaders(Exchange.java:115)
08-04 02:27:04.786 11040 31604 E baseline.com.newsblur.network.APIResponse: 	at okhttp3.internal.http.CallServerInterceptor.intercept(CallServerInterceptor.java:94)
08-04 02:27:04.786 11040 31604 E baseline.com.newsblur.network.APIResponse: 	at okhttp3.internal.http.RealInterceptorChain.proceed(RealInterceptorChain.java:142)
08-04 02:27:04.786 11040 31604 E baseline.com.newsblur.network.APIResponse: 	at okhttp3.internal.connection.ConnectInterceptor.intercept(ConnectInterceptor.java:43)
08-04 02:27:04.786 11040 31604 E baseline.com.newsblur.network.APIResponse: 	at okhttp3.internal.http.RealInterceptorChain.proceed(RealInterceptorChain.java:142)
08-04 02:27:04.786 11040 31604 E baseline.com.newsblur.network.APIResponse: 	at okhttp3.internal.http.RealInterceptorChain.proceed(RealInterceptorChain.java:117)
08-04 02:27:04.786 11040 31604 E baseline.com.newsblur.network.APIResponse: 	at okhttp3.internal.cache.CacheInterceptor.intercept(CacheInterceptor.java:94)
08-04 02:27:04.786 11040 31604 E baseline.com.newsblur.network.APIResponse: 	at okhttp3.internal.http.RealInterceptorChain.proceed(RealInterceptorChain.java:142)
08-04 02:27:04.786 11040 31604 E baseline.com.newsblur.network.APIResponse: 	at okhttp3.internal.http.RealInterceptorChain.proceed(RealInterceptorChain.java:117)
08-04 02:27:04.786 11040 31604 E baseline.com.newsblur.network.APIResponse: 	at okhttp3.internal.http.BridgeInterceptor.intercept(BridgeInterceptor.java:93)
08-04 02:27:04.786 11040 31604 E baseline.com.newsblur.network.APIResponse: 	at okhttp3.internal.http.RealInterceptorChain.proceed(RealInterceptorChain.java:142)
08-04 02:27:04.786 11040 31604 E baseline.com.newsblur.network.APIResponse: 	at okhttp3.internal.http.RetryAndFollowUpInterceptor.intercept(RetryAndFollowUpInterceptor.java:88)
08-04 02:27:04.786 11040 31604 E baseline.com.newsblur.network.APIResponse: 	at okhttp3.internal.http.RealInterceptorChain.proceed(RealInterceptorChain.java:142)
08-04 02:27:04.786 11040 31604 E baseline.com.newsblur.network.APIResponse: 	at okhttp3.internal.http.RealInterceptorChain.proceed(RealInterceptorChain.java:117)
08-04 02:27:04.786 11040 31604 E baseline.com.newsblur.network.APIResponse: 	at okhttp3.RealCall.getResponseWithInterceptorChain(RealCall.java:229)
08-04 02:27:04.786 11040 31604 E baseline.com.newsblur.network.APIResponse: 	at okhttp3.RealCall.execute(RealCall.java:81)
08-04 02:27:04.786 11040 31604 E baseline.com.newsblur.network.APIResponse: 	at baseline.com.newsblur.network.APIResponse.<init>(APIResponse.java:57)
08-04 02:27:04.786 11040 31604 E baseline.com.newsblur.network.APIResponse: 	at baseline.com.newsblur.network.APIResponse.<init>(APIResponse.java:43)
08-04 02:27:04.786 11040 31604 E baseline.com.newsblur.network.APIResponse: 	at baseline.com.newsblur.network.APIManager.post_single(APIManager.java:702)
08-04 02:27:04.786 11040 31604 E baseline.com.newsblur.network.APIResponse: 	at baseline.com.newsblur.network.APIManager.post(APIManager.java:675)
08-04 02:27:04.786 11040 31604 E baseline.com.newsblur.network.APIResponse: 	at baseline.com.newsblur.network.APIManager.post(APIManager.java:714)
08-04 02:27:04.786 11040 31604 E baseline.com.newsblur.network.APIResponse: 	at baseline.com.newsblur.network.APIManager.markStoryAsRead(APIManager.java:205)
08-04 02:27:04.786 11040 31604 E baseline.com.newsblur.network.APIResponse: 	at baseline.com.newsblur.util.ReadingAction.doRemote(ReadingAction.java:281)
08-04 02:27:04.786 11040 31604 E baseline.com.newsblur.network.APIResponse: 	at baseline.com.newsblur.service.NBSyncService.syncActions(NBSyncService.java:400)
08-04 02:27:04.786 11040 31604 E baseline.com.newsblur.network.APIResponse: 	at baseline.com.newsblur.service.NBSyncService.doSync(NBSyncService.java:298)
08-04 02:27:04.786 11040 31604 E baseline.com.newsblur.network.APIResponse: 	at baseline.com.newsblur.service.NBSyncService.access$100(NBSyncService.java:67)
08-04 02:27:04.786 11040 31604 E baseline.com.newsblur.network.APIResponse: 	at baseline.com.newsblur.service.NBSyncService$1.run(NBSyncService.java:188)
08-04 02:27:04.786 11040 31604 E baseline.com.newsblur.network.APIResponse: 	at java.util.concurrent.ThreadPoolExecutor.runWorker(ThreadPoolExecutor.java:1113)
08-04 02:27:04.786 11040 31604 E baseline.com.newsblur.network.APIResponse: 	at java.util.concurrent.ThreadPoolExecutor$Worker.run(ThreadPoolExecutor.java:588)
08-04 02:27:04.786 11040 31604 E baseline.com.newsblur.network.APIResponse: 	at java.lang.Thread.run(Thread.java:818)
08-04 02:27:04.786 11040 31604 E baseline.com.newsblur.network.APIResponse: Caused by: java.io.EOFException: \n not found: limit=0 content=
08-04 02:27:04.786 11040 31604 E baseline.com.newsblur.network.APIResponse: 	at okio.RealBufferedSource.readUtf8LineStrict(RealBufferedSource.java:240)
08-04 02:27:04.786 11040 31604 E baseline.com.newsblur.network.APIResponse: 	at okhttp3.internal.http1.Http1ExchangeCodec.readHeaderLine(Http1ExchangeCodec.java:242)
08-04 02:27:04.786 11040 31604 E baseline.com.newsblur.network.APIResponse: 	at okhttp3.internal.http1.Http1ExchangeCodec.readResponseHeaders(Http1ExchangeCodec.java:213)
08-04 02:27:04.786 11040 31604 E baseline.com.newsblur.network.APIResponse: 	... 30 more
08-04 02:27:04.787 11040 31604 I baseline.com.newsblur.service.NBSyncService: Holding reading action with server-side or network error.
08-04 02:27:04.795 11040 31604 W baseline.com.newsblur.service.NBSyncService: hard API failure
08-04 02:27:04.802 31800 31800 D ICU     : No timezone override file found: /data/misc/zoneinfo/current/icu/icu_tzdata.dat
08-04 02:27:04.814 11040 31570 I art     : Explicit concurrent mark sweep GC freed 1215(245KB) AllocSpace objects, 4(80KB) LOS objects, 27% free, 42MB/58MB, paused 1.235ms total 46.355ms
08-04 02:27:04.825 11040 31570 I art     : Starting a blocking GC Explicit
08-04 02:27:04.834 31800 31800 I Radio-JNI: register_android_hardware_Radio DONE
08-04 02:27:04.854 31800 31800 D AndroidRuntime: Calling main entry com.android.commands.input.Input
08-04 02:27:04.857 31800 31800 I Input   : injectMotionEvent: MotionEvent { action=ACTION_DOWN, actionButton=0, id[0]=0, x[0]=436.0, y[0]=453.0, toolType[0]=TOOL_TYPE_UNKNOWN, buttonState=0, metaState=0, flags=0x0, edgeFlags=0x0, pointerCount=1, historySize=0, eventTime=671241269, downTime=671241269, deviceId=0, source=0x1002 }
08-04 02:27:04.862 31800 31800 I Input   : injectMotionEvent: MotionEvent { action=ACTION_UP, actionButton=0, id[0]=0, x[0]=436.0, y[0]=453.0, toolType[0]=TOOL_TYPE_UNKNOWN, buttonState=0, metaState=0, flags=0x0, edgeFlags=0x0, pointerCount=1, historySize=0, eventTime=671241269, downTime=671241269, deviceId=0, source=0x1002 }
08-04 02:27:04.866 31800 31800 D AndroidRuntime: Shutting down VM
08-04 02:27:04.870 11040 31570 I art     : Explicit concurrent mark sweep GC freed 166(20KB) AllocSpace objects, 0(0B) LOS objects, 27% free, 42MB/58MB, paused 1.415ms total 45.006ms
08-04 02:27:04.871   512  2967 D audio_hw_primary: out_set_parameters: enter: usecase(1: low-latency-playback) kvpairs: routing=2
08-04 02:27:04.875   918  6110 I ActivityManager: START u0 {cmp=baseline.com.newsblur/.activity.AllSharedStoriesReading (has extras)} from uid 10652 on display 0
08-04 02:27:04.882 11040 31570 I art     : Starting a blocking GC Explicit
08-04 02:27:04.885   512  2967 D audio_hw_primary: select_devices: out_snd_device(2: speaker) in_snd_device(0: none)
08-04 02:27:04.885   512  2967 D msm8974_platform: platform_send_audio_calibration: sending audio calibration for snd_device(2) acdb_id(15)
08-04 02:27:04.885   512  2967 I soundtrigger: audio_extn_sound_trigger_update_device_status: device 0x2 of type 0 for Event 1
08-04 02:27:04.894   512  2967 D audio_hw_primary: enable_snd_device: snd_device(2: speaker)
08-04 02:27:04.896   512  2967 D audio_hw_primary: enable_audio_route: apply and update mixer path: low-latency-playback speaker
08-04 02:27:04.929 11040 31570 I art     : Explicit concurrent mark sweep GC freed 1611(142KB) AllocSpace objects, 4(508KB) LOS objects, 27% free, 42MB/58MB, paused 1.282ms total 46.643ms
08-04 02:27:04.940 11040 31570 I art     : Starting a blocking GC Explicit
08-04 02:27:04.987 11040 31570 I art     : Explicit concurrent mark sweep GC freed 218(23KB) AllocSpace objects, 0(0B) LOS objects, 27% free, 42MB/58MB, paused 1.270ms total 47.229ms
08-04 02:27:05.098   918   936 I ActivityManager: Displayed baseline.com.newsblur/.activity.AllSharedStoriesReading: +216ms
08-04 02:27:05.101 13866 13866 I GoogleInputMethodServic: GoogleInputMethodService.onFinishInput():3138 
08-04 02:27:05.102 13866 13866 I GoogleInputMethodServic: GoogleInputMethodService.onStartInput():1808 
08-04 02:27:05.170 11040 31604 E baseline.com.newsblur.network.APIResponse: Error (unexpected end of stream on https://www.newsblur.com/...) calling https://www.newsblur.com/reader/mark_story_hashes_as_read/
08-04 02:27:05.170 11040 31604 E baseline.com.newsblur.network.APIResponse: java.io.IOException: unexpected end of stream on https://www.newsblur.com/...
08-04 02:27:05.170 11040 31604 E baseline.com.newsblur.network.APIResponse: 	at okhttp3.internal.http1.Http1ExchangeCodec.readResponseHeaders(Http1ExchangeCodec.java:236)
08-04 02:27:05.170 11040 31604 E baseline.com.newsblur.network.APIResponse: 	at okhttp3.internal.connection.Exchange.readResponseHeaders(Exchange.java:115)
08-04 02:27:05.170 11040 31604 E baseline.com.newsblur.network.APIResponse: 	at okhttp3.internal.http.CallServerInterceptor.intercept(CallServerInterceptor.java:94)
08-04 02:27:05.170 11040 31604 E baseline.com.newsblur.network.APIResponse: 	at okhttp3.internal.http.RealInterceptorChain.proceed(RealInterceptorChain.java:142)
08-04 02:27:05.170 11040 31604 E baseline.com.newsblur.network.APIResponse: 	at okhttp3.internal.connection.ConnectInterceptor.intercept(ConnectInterceptor.java:43)
08-04 02:27:05.170 11040 31604 E baseline.com.newsblur.network.APIResponse: 	at okhttp3.internal.http.RealInterceptorChain.proceed(RealInterceptorChain.java:142)
08-04 02:27:05.170 11040 31604 E baseline.com.newsblur.network.APIResponse: 	at okhttp3.internal.http.RealInterceptorChain.proceed(RealInterceptorChain.java:117)
08-04 02:27:05.170 11040 31604 E baseline.com.newsblur.network.APIResponse: 	at okhttp3.internal.cache.CacheInterceptor.intercept(CacheInterceptor.java:94)
08-04 02:27:05.170 11040 31604 E baseline.com.newsblur.network.APIResponse: 	at okhttp3.internal.http.RealInterceptorChain.proceed(RealInterceptorChain.java:142)
08-04 02:27:05.170 11040 31604 E baseline.com.newsblur.network.APIResponse: 	at okhttp3.internal.http.RealInterceptorChain.proceed(RealInterceptorChain.java:117)
08-04 02:27:05.170 11040 31604 E baseline.com.newsblur.network.APIResponse: 	at okhttp3.internal.http.BridgeInterceptor.intercept(BridgeInterceptor.java:93)
08-04 02:27:05.170 11040 31604 E baseline.com.newsblur.network.APIResponse: 	at okhttp3.internal.http.RealInterceptorChain.proceed(RealInterceptorChain.java:142)
08-04 02:27:05.170 11040 31604 E baseline.com.newsblur.network.APIResponse: 	at okhttp3.internal.http.RetryAndFollowUpInterceptor.intercept(RetryAndFollowUpInterceptor.java:88)
08-04 02:27:05.170 11040 31604 E baseline.com.newsblur.network.APIResponse: 	at okhttp3.internal.http.RealInterceptorChain.proceed(RealInterceptorChain.java:142)
08-04 02:27:05.170 11040 31604 E baseline.com.newsblur.network.APIResponse: 	at okhttp3.internal.http.RealInterceptorChain.proceed(RealInterceptorChain.java:117)
08-04 02:27:05.170 11040 31604 E baseline.com.newsblur.network.APIResponse: 	at okhttp3.RealCall.getResponseWithInterceptorChain(RealCall.java:229)
08-04 02:27:05.170 11040 31604 E baseline.com.newsblur.network.APIResponse: 	at okhttp3.RealCall.execute(RealCall.java:81)
08-04 02:27:05.170 11040 31604 E baseline.com.newsblur.network.APIResponse: 	at baseline.com.newsblur.network.APIResponse.<init>(APIResponse.java:57)
08-04 02:27:05.170 11040 31604 E baseline.com.newsblur.network.APIResponse: 	at baseline.com.newsblur.network.APIResponse.<init>(APIResponse.java:43)
08-04 02:27:05.170 11040 31604 E baseline.com.newsblur.network.APIResponse: 	at baseline.com.newsblur.network.APIManager.post_single(APIManager.java:702)
08-04 02:27:05.170 11040 31604 E baseline.com.newsblur.network.APIResponse: 	at baseline.com.newsblur.network.APIManager.post(APIManager.java:675)
08-04 02:27:05.170 11040 31604 E baseline.com.newsblur.network.APIResponse: 	at baseline.com.newsblur.network.APIManager.post(APIManager.java:714)
08-04 02:27:05.170 11040 31604 E baseline.com.newsblur.network.APIResponse: 	at baseline.com.newsblur.network.APIManager.markStoryAsRead(APIManager.java:205)
08-04 02:27:05.170 11040 31604 E baseline.com.newsblur.network.APIResponse: 	at baseline.com.newsblur.util.ReadingAction.doRemote(ReadingAction.java:281)
08-04 02:27:05.170 11040 31604 E baseline.com.newsblur.network.APIResponse: 	at baseline.com.newsblur.service.NBSyncService.syncActions(NBSyncService.java:400)
08-04 02:27:05.170 11040 31604 E baseline.com.newsblur.network.APIResponse: 	at baseline.com.newsblur.service.NBSyncService.doSync(NBSyncService.java:298)
08-04 02:27:05.170 11040 31604 E baseline.com.newsblur.network.APIResponse: 	at baseline.com.newsblur.service.NBSyncService.access$100(NBSyncService.java:67)
08-04 02:27:05.170 11040 31604 E baseline.com.newsblur.network.APIResponse: 	at baseline.com.newsblur.service.NBSyncService$1.run(NBSyncService.java:188)
08-04 02:27:05.170 11040 31604 E baseline.com.newsblur.network.APIResponse: 	at java.util.concurrent.ThreadPoolExecutor.runWorker(ThreadPoolExecutor.java:1113)
08-04 02:27:05.170 11040 31604 E baseline.com.newsblur.network.APIResponse: 	at java.util.concurrent.ThreadPoolExecutor$Worker.run(ThreadPoolExecutor.java:588)
08-04 02:27:05.170 11040 31604 E baseline.com.newsblur.network.APIResponse: 	at java.lang.Thread.run(Thread.java:818)
08-04 02:27:05.170 11040 31604 E baseline.com.newsblur.network.APIResponse: Caused by: java.io.EOFException: \n not found: limit=0 content=
08-04 02:27:05.170 11040 31604 E baseline.com.newsblur.network.APIResponse: 	at okio.RealBufferedSource.readUtf8LineStrict(RealBufferedSource.java:240)
08-04 02:27:05.170 11040 31604 E baseline.com.newsblur.network.APIResponse: 	at okhttp3.internal.http1.Http1ExchangeCodec.readHeaderLine(Http1ExchangeCodec.java:242)
08-04 02:27:05.170 11040 31604 E baseline.com.newsblur.network.APIResponse: 	at okhttp3.internal.http1.Http1ExchangeCodec.readResponseHeaders(Http1ExchangeCodec.java:213)
08-04 02:27:05.170 11040 31604 E baseline.com.newsblur.network.APIResponse: 	... 30 more
08-04 02:27:05.171 11040 31604 I baseline.com.newsblur.network.APIManager: API call failed, pausing before retry number 1
08-04 02:27:05.297 11040 30049 E chromium: [ERROR:tile_manager.cc(793)] WARNING: tile memory limits exceeded, some content may not draw
08-04 02:27:05.298 11040 30049 E chromium: [ERROR:tile_manager.cc(793)] WARNING: tile memory limits exceeded, some content may not draw
08-04 02:27:05.299 11040 30393 I art     : Starting a blocking GC Explicit
08-04 02:27:05.347 11040 30393 I art     : Explicit concurrent mark sweep GC freed 6949(633KB) AllocSpace objects, 16(356KB) LOS objects, 27% free, 42MB/58MB, paused 1.147ms total 47.167ms
08-04 02:27:05.357 11040 30393 I art     : Starting a blocking GC Explicit
08-04 02:27:05.402 11040 30393 I art     : Explicit concurrent mark sweep GC freed 1211(55KB) AllocSpace objects, 1(28KB) LOS objects, 27% free, 42MB/58MB, paused 1.082ms total 44.857ms
08-04 02:27:05.413 11040 30393 I art     : Starting a blocking GC Explicit
08-04 02:27:05.430   512  2967 D audio_hw_primary: disable_audio_route: reset and update mixer path: low-latency-playback speaker
08-04 02:27:05.432   512  2967 D audio_hw_primary: disable_snd_device: snd_device(2: speaker)
08-04 02:27:05.440   512  2967 I soundtrigger: audio_extn_sound_trigger_update_device_status: device 0x2 of type 0 for Event 0
08-04 02:27:05.458 11040 30393 I art     : Explicit concurrent mark sweep GC freed 3(96B) AllocSpace objects, 0(0B) LOS objects, 27% free, 42MB/58MB, paused 1.148ms total 44.269ms
08-04 02:27:05.470 11040 30393 I art     : Starting a blocking GC Explicit
08-04 02:27:05.518 11040 30393 I art     : Explicit concurrent mark sweep GC freed 143(17KB) AllocSpace objects, 1(20KB) LOS objects, 27% free, 42MB/58MB, paused 1.069ms total 48.077ms
08-04 02:27:05.530 11040 30393 I art     : Starting a blocking GC Explicit
08-04 02:27:05.577 11040 30393 I art     : Explicit concurrent mark sweep GC freed 12(448B) AllocSpace objects, 0(0B) LOS objects, 27% free, 42MB/58MB, paused 1.333ms total 46.862ms
08-04 02:27:05.928 11040 11052 I art     : Starting a blocking GC Explicit
08-04 02:27:05.983 11040 11052 I art     : Explicit concurrent mark sweep GC freed 1446(83KB) AllocSpace objects, 1(20KB) LOS objects, 27% free, 42MB/58MB, paused 1.196ms total 55.076ms
08-04 02:27:05.998 11040 11052 I art     : Starting a blocking GC Explicit
08-04 02:27:06.049 11040 11052 I art     : Explicit concurrent mark sweep GC freed 22(784B) AllocSpace objects, 0(0B) LOS objects, 27% free, 42MB/58MB, paused 1.212ms total 51.641ms
08-04 02:27:06.061 11040 11052 I art     : Starting a blocking GC Explicit
08-04 02:27:06.113 11040 11052 I art     : Explicit concurrent mark sweep GC freed 3(96B) AllocSpace objects, 0(0B) LOS objects, 27% free, 42MB/58MB, paused 1.196ms total 52.200ms
08-04 02:27:06.126 11040 11052 I art     : Starting a blocking GC Explicit
08-04 02:27:06.179 11040 11052 I art     : Explicit concurrent mark sweep GC freed 3(96B) AllocSpace objects, 0(0B) LOS objects, 27% free, 42MB/58MB, paused 1.213ms total 52.636ms
08-04 02:27:06.191 11040 11052 I art     : Starting a blocking GC Explicit
08-04 02:27:06.245 11040 11052 I art     : Explicit concurrent mark sweep GC freed 3(96B) AllocSpace objects, 0(0B) LOS objects, 27% free, 42MB/58MB, paused 1.174ms total 54.023ms
08-04 02:27:06.620 11040 11053 I art     : Starting a blocking GC Explicit
08-04 02:27:06.670 11040 11053 I art     : Explicit concurrent mark sweep GC freed 1503(85KB) AllocSpace objects, 1(20KB) LOS objects, 27% free, 42MB/58MB, paused 1.201ms total 50.262ms
08-04 02:27:06.682 11040 11053 I art     : Starting a blocking GC Explicit
08-04 02:27:06.730 11040 11053 I art     : Explicit concurrent mark sweep GC freed 113(4KB) AllocSpace objects, 0(0B) LOS objects, 27% free, 42MB/58MB, paused 1.195ms total 47.721ms
08-04 02:27:06.742 11040 11053 I art     : Starting a blocking GC Explicit
08-04 02:27:06.796 11040 11053 I art     : Explicit concurrent mark sweep GC freed 74(4KB) AllocSpace objects, 0(0B) LOS objects, 27% free, 42MB/58MB, paused 1.355ms total 53.876ms
08-04 02:27:06.808 11040 11053 I art     : Starting a blocking GC Explicit
08-04 02:27:06.861 11040 11053 I art     : Explicit concurrent mark sweep GC freed 12(1408B) AllocSpace objects, 0(0B) LOS objects, 27% free, 42MB/58MB, paused 1.317ms total 52.501ms
08-04 02:27:06.874 11040 11053 I art     : Starting a blocking GC Explicit
08-04 02:27:06.927 11040 11053 I art     : Explicit concurrent mark sweep GC freed 3(96B) AllocSpace objects, 0(0B) LOS objects, 27% free, 42MB/58MB, paused 1.333ms total 53.585ms
08-04 02:27:07.218 11040 31604 E baseline.com.newsblur.network.APIResponse: Error (unexpected end of stream on https://www.newsblur.com/...) calling https://www.newsblur.com/reader/mark_story_hashes_as_read/
08-04 02:27:07.218 11040 31604 E baseline.com.newsblur.network.APIResponse: java.io.IOException: unexpected end of stream on https://www.newsblur.com/...
08-04 02:27:07.218 11040 31604 E baseline.com.newsblur.network.APIResponse: 	at okhttp3.internal.http1.Http1ExchangeCodec.readResponseHeaders(Http1ExchangeCodec.java:236)
08-04 02:27:07.218 11040 31604 E baseline.com.newsblur.network.APIResponse: 	at okhttp3.internal.connection.Exchange.readResponseHeaders(Exchange.java:115)
08-04 02:27:07.218 11040 31604 E baseline.com.newsblur.network.APIResponse: 	at okhttp3.internal.http.CallServerInterceptor.intercept(CallServerInterceptor.java:94)
08-04 02:27:07.218 11040 31604 E baseline.com.newsblur.network.APIResponse: 	at okhttp3.internal.http.RealInterceptorChain.proceed(RealInterceptorChain.java:142)
08-04 02:27:07.218 11040 31604 E baseline.com.newsblur.network.APIResponse: 	at okhttp3.internal.connection.ConnectInterceptor.intercept(ConnectInterceptor.java:43)
08-04 02:27:07.218 11040 31604 E baseline.com.newsblur.network.APIResponse: 	at okhttp3.internal.http.RealInterceptorChain.proceed(RealInterceptorChain.java:142)
08-04 02:27:07.218 11040 31604 E baseline.com.newsblur.network.APIResponse: 	at okhttp3.internal.http.RealInterceptorChain.proceed(RealInterceptorChain.java:117)
08-04 02:27:07.218 11040 31604 E baseline.com.newsblur.network.APIResponse: 	at okhttp3.internal.cache.CacheInterceptor.intercept(CacheInterceptor.java:94)
08-04 02:27:07.218 11040 31604 E baseline.com.newsblur.network.APIResponse: 	at okhttp3.internal.http.RealInterceptorChain.proceed(RealInterceptorChain.java:142)
08-04 02:27:07.218 11040 31604 E baseline.com.newsblur.network.APIResponse: 	at okhttp3.internal.http.RealInterceptorChain.proceed(RealInterceptorChain.java:117)
08-04 02:27:07.218 11040 31604 E baseline.com.newsblur.network.APIResponse: 	at okhttp3.internal.http.BridgeInterceptor.intercept(BridgeInterceptor.java:93)
08-04 02:27:07.218 11040 31604 E baseline.com.newsblur.network.APIResponse: 	at okhttp3.internal.http.RealInterceptorChain.proceed(RealInterceptorChain.java:142)
08-04 02:27:07.218 11040 31604 E baseline.com.newsblur.network.APIResponse: 	at okhttp3.internal.http.RetryAndFollowUpInterceptor.intercept(RetryAndFollowUpInterceptor.java:88)
08-04 02:27:07.218 11040 31604 E baseline.com.newsblur.network.APIResponse: 	at okhttp3.internal.http.RealInterceptorChain.proceed(RealInterceptorChain.java:142)
08-04 02:27:07.218 11040 31604 E baseline.com.newsblur.network.APIResponse: 	at okhttp3.internal.http.RealInterceptorChain.proceed(RealInterceptorChain.java:117)
08-04 02:27:07.218 11040 31604 E baseline.com.newsblur.network.APIResponse: 	at okhttp3.RealCall.getResponseWithInterceptorChain(RealCall.java:229)
08-04 02:27:07.218 11040 31604 E baseline.com.newsblur.network.APIResponse: 	at okhttp3.RealCall.execute(RealCall.java:81)
08-04 02:27:07.218 11040 31604 E baseline.com.newsblur.network.APIResponse: 	at baseline.com.newsblur.network.APIResponse.<init>(APIResponse.java:57)
08-04 02:27:07.218 11040 31604 E baseline.com.newsblur.network.APIResponse: 	at baseline.com.newsblur.network.APIResponse.<init>(APIResponse.java:43)
08-04 02:27:07.218 11040 31604 E baseline.com.newsblur.network.APIResponse: 	at baseline.com.newsblur.network.APIManager.post_single(APIManager.java:702)
08-04 02:27:07.218 11040 31604 E baseline.com.newsblur.network.APIResponse: 	at baseline.com.newsblur.network.APIManager.post(APIManager.java:675)
08-04 02:27:07.218 11040 31604 E baseline.com.newsblur.network.APIResponse: 	at baseline.com.newsblur.network.APIManager.post(APIManager.java:714)
08-04 02:27:07.218 11040 31604 E baseline.com.newsblur.network.APIResponse: 	at baseline.com.newsblur.network.APIManager.markStoryAsRead(APIManager.java:205)
08-04 02:27:07.218 11040 31604 E baseline.com.newsblur.network.APIResponse: 	at baseline.com.newsblur.util.ReadingAction.doRemote(ReadingAction.java:281)
08-04 02:27:07.218 11040 31604 E baseline.com.newsblur.network.APIResponse: 	at baseline.com.newsblur.service.NBSyncService.syncActions(NBSyncService.java:400)
08-04 02:27:07.218 11040 31604 E baseline.com.newsblur.network.APIResponse: 	at baseline.com.newsblur.service.NBSyncService.doSync(NBSyncService.java:298)
08-04 02:27:07.218 11040 31604 E baseline.com.newsblur.network.APIResponse: 	at baseline.com.newsblur.service.NBSyncService.access$100(NBSyncService.java:67)
08-04 02:27:07.218 11040 31604 E baseline.com.newsblur.network.APIResponse: 	at baseline.com.newsblur.service.NBSyncService$1.run(NBSyncService.java:188)
08-04 02:27:07.218 11040 31604 E baseline.com.newsblur.network.APIResponse: 	at java.util.concurrent.ThreadPoolExecutor.runWorker(ThreadPoolExecutor.java:1113)
08-04 02:27:07.218 11040 31604 E baseline.com.newsblur.network.APIResponse: 	at java.util.concurrent.ThreadPoolExecutor$Worker.run(ThreadPoolExecutor.java:588)
08-04 02:27:07.218 11040 31604 E baseline.com.newsblur.network.APIResponse: 	at java.lang.Thread.run(Thread.java:818)
08-04 02:27:07.218 11040 31604 E baseline.com.newsblur.network.APIResponse: Caused by: java.io.EOFException: \n not found: limit=0 content=
08-04 02:27:07.218 11040 31604 E baseline.com.newsblur.network.APIResponse: 	at okio.RealBufferedSource.readUtf8LineStrict(RealBufferedSource.java:240)
08-04 02:27:07.218 11040 31604 E baseline.com.newsblur.network.APIResponse: 	at okhttp3.internal.http1.Http1ExchangeCodec.readHeaderLine(Http1ExchangeCodec.java:242)
08-04 02:27:07.218 11040 31604 E baseline.com.newsblur.network.APIResponse: 	at okhttp3.internal.http1.Http1ExchangeCodec.readResponseHeaders(Http1ExchangeCodec.java:213)
08-04 02:27:07.218 11040 31604 E baseline.com.newsblur.network.APIResponse: 	... 30 more
08-04 02:27:07.219 11040 31604 I baseline.com.newsblur.network.APIManager: API call failed, pausing before retry number 2
08-04 02:27:07.311 11040 11052 I art     : Starting a blocking GC Explicit
08-04 02:27:07.367 11040 11052 I art     : Explicit concurrent mark sweep GC freed 3991(359KB) AllocSpace objects, 3(60KB) LOS objects, 27% free, 42MB/58MB, paused 1.297ms total 55.336ms
08-04 02:27:07.379 11040 11052 I art     : Starting a blocking GC Explicit
08-04 02:27:07.434 11040 11052 I art     : Explicit concurrent mark sweep GC freed 109(3KB) AllocSpace objects, 0(0B) LOS objects, 27% free, 42MB/58MB, paused 1.190ms total 54.633ms
08-04 02:27:07.447 11040 11052 I art     : Starting a blocking GC Explicit
08-04 02:27:07.502 11040 11052 I art     : Explicit concurrent mark sweep GC freed 3(96B) AllocSpace objects, 0(0B) LOS objects, 27% free, 42MB/58MB, paused 1.412ms total 54.763ms
08-04 02:27:07.515 11040 11052 I art     : Starting a blocking GC Explicit
08-04 02:27:07.567 11040 11052 I art     : Explicit concurrent mark sweep GC freed 3(96B) AllocSpace objects, 0(0B) LOS objects, 27% free, 42MB/58MB, paused 1.192ms total 52.231ms
08-04 02:27:07.580 11040 11052 I art     : Starting a blocking GC Explicit
08-04 02:27:07.634 11040 11052 I art     : Explicit concurrent mark sweep GC freed 3(96B) AllocSpace objects, 0(0B) LOS objects, 27% free, 42MB/58MB, paused 1.191ms total 53.666ms
08-04 02:27:08.029 11040 29418 I art     : Starting a blocking GC Explicit
08-04 02:27:08.085 11040 29418 I art     : Explicit concurrent mark sweep GC freed 1446(83KB) AllocSpace objects, 1(20KB) LOS objects, 27% free, 42MB/58MB, paused 1.202ms total 55.647ms
08-04 02:27:08.100 11040 29418 I art     : Starting a blocking GC Explicit
08-04 02:27:08.151 11040 29418 I art     : Explicit concurrent mark sweep GC freed 22(784B) AllocSpace objects, 0(0B) LOS objects, 27% free, 42MB/58MB, paused 1.172ms total 50.955ms
08-04 02:27:08.163 11040 29418 I art     : Starting a blocking GC Explicit
08-04 02:27:08.215 11040 29418 I art     : Explicit concurrent mark sweep GC freed 3(96B) AllocSpace objects, 0(0B) LOS objects, 27% free, 42MB/58MB, paused 1.328ms total 52.451ms
08-04 02:27:08.227 11040 29418 I art     : Starting a blocking GC Explicit
08-04 02:27:08.280 11040 29418 I art     : Explicit concurrent mark sweep GC freed 3(96B) AllocSpace objects, 0(0B) LOS objects, 27% free, 42MB/58MB, paused 1.224ms total 52.455ms
08-04 02:27:08.293 11040 29418 I art     : Starting a blocking GC Explicit
08-04 02:27:08.343 11040 29418 I art     : Explicit concurrent mark sweep GC freed 3(96B) AllocSpace objects, 0(0B) LOS objects, 27% free, 42MB/58MB, paused 1.221ms total 49.552ms
08-04 02:27:08.734 11040 31570 I art     : Starting a blocking GC Explicit
08-04 02:27:08.789 11040 31570 I art     : Explicit concurrent mark sweep GC freed 1445(83KB) AllocSpace objects, 1(20KB) LOS objects, 27% free, 42MB/58MB, paused 1.270ms total 54.961ms
08-04 02:27:08.801 11040 31570 I art     : Starting a blocking GC Explicit
08-04 02:27:08.856 11040 31570 I art     : Explicit concurrent mark sweep GC freed 22(784B) AllocSpace objects, 0(0B) LOS objects, 27% free, 42MB/58MB, paused 1.165ms total 53.900ms
08-04 02:27:08.868 11040 31570 I art     : Starting a blocking GC Explicit
08-04 02:27:08.921 11040 31570 I art     : Explicit concurrent mark sweep GC freed 3(96B) AllocSpace objects, 0(0B) LOS objects, 27% free, 42MB/58MB, paused 1.260ms total 52.715ms
08-04 02:27:08.933 11040 31570 I art     : Starting a blocking GC Explicit
08-04 02:27:08.988 11040 31570 I art     : Explicit concurrent mark sweep GC freed 3(96B) AllocSpace objects, 0(0B) LOS objects, 27% free, 42MB/58MB, paused 1.350ms total 54.810ms
08-04 02:27:09.001 11040 31570 I art     : Starting a blocking GC Explicit
08-04 02:27:09.055 11040 31570 I art     : Explicit concurrent mark sweep GC freed 3(96B) AllocSpace objects, 0(0B) LOS objects, 27% free, 42MB/58MB, paused 1.298ms total 53.751ms
08-04 02:27:09.386 11040 29418 I art     : Starting a blocking GC Explicit
08-04 02:27:09.442 11040 29418 I art     : Explicit concurrent mark sweep GC freed 1937(107KB) AllocSpace objects, 1(20KB) LOS objects, 27% free, 42MB/58MB, paused 1.343ms total 55.200ms
08-04 02:27:09.454 11040 29418 I art     : Starting a blocking GC Explicit
08-04 02:27:09.501 11040 29418 I art     : Explicit concurrent mark sweep GC freed 5389(396KB) AllocSpace objects, 1(20KB) LOS objects, 27% free, 42MB/58MB, paused 1.179ms total 46.321ms
08-04 02:27:09.512 11040 29418 I art     : Starting a blocking GC Explicit
08-04 02:27:09.553 31884 31884 D AndroidRuntime: >>>>>> START com.android.internal.os.RuntimeInit uid 2000 <<<<<<
08-04 02:27:09.557 11040 29418 I art     : Explicit concurrent mark sweep GC freed 394(30KB) AllocSpace objects, 0(0B) LOS objects, 27% free, 42MB/58MB, paused 1.233ms total 44.700ms
08-04 02:27:09.558 31884 31884 D AndroidRuntime: CheckJNI is OFF
08-04 02:27:09.568 11040 29418 I art     : Starting a blocking GC Explicit
08-04 02:27:09.590 31884 31884 D ICU     : No timezone override file found: /data/misc/zoneinfo/current/icu/icu_tzdata.dat
08-04 02:27:09.612 11040 29418 I art     : Explicit concurrent mark sweep GC freed 26(2416B) AllocSpace objects, 0(0B) LOS objects, 27% free, 42MB/58MB, paused 1.185ms total 44.280ms
08-04 02:27:09.623 11040 29418 I art     : Starting a blocking GC Explicit
08-04 02:27:09.624 31884 31884 I Radio-JNI: register_android_hardware_Radio DONE
08-04 02:27:09.645 31884 31884 D AndroidRuntime: Calling main entry com.android.commands.input.Input
08-04 02:27:09.647 31884 31884 I Input   : injectKeyEvent: KeyEvent { action=ACTION_DOWN, keyCode=KEYCODE_BACK, scanCode=0, metaState=0, flags=0x0, repeatCount=0, eventTime=671246060, downTime=671246060, deviceId=-1, source=0x101 }
08-04 02:27:09.652 31884 31884 I Input   : injectKeyEvent: KeyEvent { action=ACTION_UP, keyCode=KEYCODE_BACK, scanCode=0, metaState=0, flags=0x0, repeatCount=0, eventTime=671246060, downTime=671246060, deviceId=-1, source=0x101 }
08-04 02:27:09.658 31884 31884 D AndroidRuntime: Shutting down VM
08-04 02:27:09.667 11040 11040 D baseline.com.newsblur.service.NBSyncService: rejecting request for feedset that is exhaused
08-04 02:27:09.672 11040 29418 I art     : Explicit concurrent mark sweep GC freed 189(37KB) AllocSpace objects, 2(40KB) LOS objects, 27% free, 42MB/58MB, paused 1.530ms total 48.564ms
08-04 02:27:09.807 11040 11040 D baseline.com.newsblur.service.NBSyncService: rejecting request for feedset that is exhaused
08-04 02:27:09.809 13866 13866 I GoogleInputMethodServic: GoogleInputMethodService.onFinishInput():3138 
08-04 02:27:09.810 13866 13866 I GoogleInputMethodServic: GoogleInputMethodService.onStartInput():1808 
08-04 02:27:09.979 11040 31570 I art     : Starting a blocking GC Explicit
08-04 02:27:10.030 11040 31570 I art     : Explicit concurrent mark sweep GC freed 14843(818KB) AllocSpace objects, 4(88KB) LOS objects, 27% free, 42MB/58MB, paused 1.065ms total 51.062ms
08-04 02:27:10.042 11040 31570 I art     : Starting a blocking GC Explicit
08-04 02:27:10.092 11040 31570 I art     : Explicit concurrent mark sweep GC freed 1018(52KB) AllocSpace objects, 0(0B) LOS objects, 27% free, 42MB/58MB, paused 1.561ms total 48.844ms
08-04 02:27:10.105 11040 31570 I art     : Starting a blocking GC Explicit
08-04 02:27:10.157 11040 31570 I art     : Explicit concurrent mark sweep GC freed 1157(52KB) AllocSpace objects, 0(0B) LOS objects, 27% free, 42MB/58MB, paused 1.138ms total 51.910ms
08-04 02:27:10.168 11040 31570 I art     : Starting a blocking GC Explicit
08-04 02:27:10.214 11040 31570 I art     : Explicit concurrent mark sweep GC freed 85(7KB) AllocSpace objects, 0(0B) LOS objects, 27% free, 42MB/58MB, paused 1.138ms total 45.173ms
08-04 02:27:10.225 11040 31570 I art     : Starting a blocking GC Explicit
08-04 02:27:10.272 11040 31570 I art     : Explicit concurrent mark sweep GC freed 293(14KB) AllocSpace objects, 0(0B) LOS objects, 27% free, 42MB/58MB, paused 1.246ms total 47.175ms
08-04 02:27:10.629 11040 29418 I art     : Starting a blocking GC Explicit
08-04 02:27:10.691 11040 29418 I art     : Explicit concurrent mark sweep GC freed 3162(150KB) AllocSpace objects, 1(20KB) LOS objects, 27% free, 42MB/58MB, paused 1.691ms total 61.727ms
08-04 02:27:10.705 11040 29418 I art     : Starting a blocking GC Explicit
08-04 02:27:10.713 11040 31604 E baseline.com.newsblur.network.APIResponse: Error (unexpected end of stream on https://www.newsblur.com/...) calling https://www.newsblur.com/reader/mark_story_hashes_as_read/
08-04 02:27:10.713 11040 31604 E baseline.com.newsblur.network.APIResponse: java.io.IOException: unexpected end of stream on https://www.newsblur.com/...
08-04 02:27:10.713 11040 31604 E baseline.com.newsblur.network.APIResponse: 	at okhttp3.internal.http1.Http1ExchangeCodec.readResponseHeaders(Http1ExchangeCodec.java:236)
08-04 02:27:10.713 11040 31604 E baseline.com.newsblur.network.APIResponse: 	at okhttp3.internal.connection.Exchange.readResponseHeaders(Exchange.java:115)
08-04 02:27:10.713 11040 31604 E baseline.com.newsblur.network.APIResponse: 	at okhttp3.internal.http.CallServerInterceptor.intercept(CallServerInterceptor.java:94)
08-04 02:27:10.713 11040 31604 E baseline.com.newsblur.network.APIResponse: 	at okhttp3.internal.http.RealInterceptorChain.proceed(RealInterceptorChain.java:142)
08-04 02:27:10.713 11040 31604 E baseline.com.newsblur.network.APIResponse: 	at okhttp3.internal.connection.ConnectInterceptor.intercept(ConnectInterceptor.java:43)
08-04 02:27:10.713 11040 31604 E baseline.com.newsblur.network.APIResponse: 	at okhttp3.internal.http.RealInterceptorChain.proceed(RealInterceptorChain.java:142)
08-04 02:27:10.713 11040 31604 E baseline.com.newsblur.network.APIResponse: 	at okhttp3.internal.http.RealInterceptorChain.proceed(RealInterceptorChain.java:117)
08-04 02:27:10.713 11040 31604 E baseline.com.newsblur.network.APIResponse: 	at okhttp3.internal.cache.CacheInterceptor.intercept(CacheInterceptor.java:94)
08-04 02:27:10.713 11040 31604 E baseline.com.newsblur.network.APIResponse: 	at okhttp3.internal.http.RealInterceptorChain.proceed(RealInterceptorChain.java:142)
08-04 02:27:10.713 11040 31604 E baseline.com.newsblur.network.APIResponse: 	at okhttp3.internal.http.RealInterceptorChain.proceed(RealInterceptorChain.java:117)
08-04 02:27:10.713 11040 31604 E baseline.com.newsblur.network.APIResponse: 	at okhttp3.internal.http.BridgeInterceptor.intercept(BridgeInterceptor.java:93)
08-04 02:27:10.713 11040 31604 E baseline.com.newsblur.network.APIResponse: 	at okhttp3.internal.http.RealInterceptorChain.proceed(RealInterceptorChain.java:142)
08-04 02:27:10.713 11040 31604 E baseline.com.newsblur.network.APIResponse: 	at okhttp3.internal.http.RetryAndFollowUpInterceptor.intercept(RetryAndFollowUpInterceptor.java:88)
08-04 02:27:10.713 11040 31604 E baseline.com.newsblur.network.APIResponse: 	at okhttp3.internal.http.RealInterceptorChain.proceed(RealInterceptorChain.java:142)
08-04 02:27:10.713 11040 31604 E baseline.com.newsblur.network.APIResponse: 	at okhttp3.internal.http.RealInterceptorChain.proceed(RealInterceptorChain.java:117)
08-04 02:27:10.713 11040 31604 E baseline.com.newsblur.network.APIResponse: 	at okhttp3.RealCall.getResponseWithInterceptorChain(RealCall.java:229)
08-04 02:27:10.713 11040 31604 E baseline.com.newsblur.network.APIResponse: 	at okhttp3.RealCall.execute(RealCall.java:81)
08-04 02:27:10.713 11040 31604 E baseline.com.newsblur.network.APIResponse: 	at baseline.com.newsblur.network.APIResponse.<init>(APIResponse.java:57)
08-04 02:27:10.713 11040 31604 E baseline.com.newsblur.network.APIResponse: 	at baseline.com.newsblur.network.APIResponse.<init>(APIResponse.java:43)
08-04 02:27:10.713 11040 31604 E baseline.com.newsblur.network.APIResponse: 	at baseline.com.newsblur.network.APIManager.post_single(APIManager.java:702)
08-04 02:27:10.713 11040 31604 E baseline.com.newsblur.network.APIResponse: 	at baseline.com.newsblur.network.APIManager.post(APIManager.java:675)
08-04 02:27:10.713 11040 31604 E baseline.com.newsblur.network.APIResponse: 	at baseline.com.newsblur.network.APIManager.post(APIManager.java:714)
08-04 02:27:10.713 11040 31604 E baseline.com.newsblur.network.APIResponse: 	at baseline.com.newsblur.network.APIManager.markStoryAsRead(APIManager.java:205)
08-04 02:27:10.713 11040 31604 E baseline.com.newsblur.network.APIResponse: 	at baseline.com.newsblur.util.ReadingAction.doRemote(ReadingAction.java:281)
08-04 02:27:10.713 11040 31604 E baseline.com.newsblur.network.APIResponse: 	at baseline.com.newsblur.service.NBSyncService.syncActions(NBSyncService.java:400)
08-04 02:27:10.713 11040 31604 E baseline.com.newsblur.network.APIResponse: 	at baseline.com.newsblur.service.NBSyncService.doSync(NBSyncService.java:298)
08-04 02:27:10.713 11040 31604 E baseline.com.newsblur.network.APIResponse: 	at baseline.com.newsblur.service.NBSyncService.access$100(NBSyncService.java:67)
08-04 02:27:10.713 11040 31604 E baseline.com.newsblur.network.APIResponse: 	at baseline.com.newsblur.service.NBSyncService$1.run(NBSyncService.java:188)
08-04 02:27:10.713 11040 31604 E baseline.com.newsblur.network.APIResponse: 	at java.util.concurrent.ThreadPoolExecutor.runWorker(ThreadPoolExecutor.java:1113)
08-04 02:27:10.713 11040 31604 E baseline.com.newsblur.network.APIResponse: 	at java.util.concurrent.ThreadPoolExecutor$Worker.run(ThreadPoolExecutor.java:588)
08-04 02:27:10.713 11040 31604 E baseline.com.newsblur.network.APIResponse: 	at java.lang.Thread.run(Thread.java:818)
08-04 02:27:10.713 11040 31604 E baseline.com.newsblur.network.APIResponse: Caused by: java.io.EOFException: \n not found: limit=0 content=
08-04 02:27:10.713 11040 31604 E baseline.com.newsblur.network.APIResponse: 	at okio.RealBufferedSource.readUtf8LineStrict(RealBufferedSource.java:240)
08-04 02:27:10.713 11040 31604 E baseline.com.newsblur.network.APIResponse: 	at okhttp3.internal.http1.Http1ExchangeCodec.readHeaderLine(Http1ExchangeCodec.java:242)
08-04 02:27:10.713 11040 31604 E baseline.com.newsblur.network.APIResponse: 	at okhttp3.internal.http1.Http1ExchangeCodec.readResponseHeaders(Http1ExchangeCodec.java:213)
08-04 02:27:10.713 11040 31604 E baseline.com.newsblur.network.APIResponse: 	... 30 more
08-04 02:27:10.714 11040 31604 I baseline.com.newsblur.service.NBSyncService: Holding reading action with server-side or network error.
08-04 02:27:10.725 11040 31604 W baseline.com.newsblur.service.NBSyncService: hard API failure
08-04 02:27:10.734 11040 31604 I baseline.com.newsblur.service.NBSyncService: recounting dirty feed sets: 1
08-04 02:27:10.758 11040 29418 I art     : Explicit concurrent mark sweep GC freed 1634(273KB) AllocSpace objects, 5(100KB) LOS objects, 27% free, 42MB/58MB, paused 1.384ms total 52.851ms
08-04 02:27:10.770 11040 29418 I art     : Starting a blocking GC Explicit
08-04 02:27:10.818 11040 29418 I art     : Explicit concurrent mark sweep GC freed 314(25KB) AllocSpace objects, 0(0B) LOS objects, 27% free, 42MB/58MB, paused 1.279ms total 48.002ms
08-04 02:27:10.831 11040 29418 I art     : Starting a blocking GC Explicit
08-04 02:27:10.883 11040 29418 I art     : Explicit concurrent mark sweep GC freed 52(1776B) AllocSpace objects, 0(0B) LOS objects, 27% free, 42MB/58MB, paused 1.187ms total 51.923ms
08-04 02:27:10.898 11040 29418 I art     : Starting a blocking GC Explicit
08-04 02:27:10.947 11040 29418 I art     : Explicit concurrent mark sweep GC freed 11(352B) AllocSpace objects, 0(0B) LOS objects, 27% free, 42MB/58MB, paused 1.297ms total 48.442ms
08-04 02:27:11.214 11040 31604 E baseline.com.newsblur.network.APIResponse: Error (unexpected end of stream on https://www.newsblur.com/...) calling https://www.newsblur.com/reader/feed_unread_count?feed_id=0
08-04 02:27:11.214 11040 31604 E baseline.com.newsblur.network.APIResponse: java.io.IOException: unexpected end of stream on https://www.newsblur.com/...
08-04 02:27:11.214 11040 31604 E baseline.com.newsblur.network.APIResponse: 	at okhttp3.internal.http1.Http1ExchangeCodec.readResponseHeaders(Http1ExchangeCodec.java:236)
08-04 02:27:11.214 11040 31604 E baseline.com.newsblur.network.APIResponse: 	at okhttp3.internal.connection.Exchange.readResponseHeaders(Exchange.java:115)
08-04 02:27:11.214 11040 31604 E baseline.com.newsblur.network.APIResponse: 	at okhttp3.internal.http.CallServerInterceptor.intercept(CallServerInterceptor.java:94)
08-04 02:27:11.214 11040 31604 E baseline.com.newsblur.network.APIResponse: 	at okhttp3.internal.http.RealInterceptorChain.proceed(RealInterceptorChain.java:142)
08-04 02:27:11.214 11040 31604 E baseline.com.newsblur.network.APIResponse: 	at okhttp3.internal.connection.ConnectInterceptor.intercept(ConnectInterceptor.java:43)
08-04 02:27:11.214 11040 31604 E baseline.com.newsblur.network.APIResponse: 	at okhttp3.internal.http.RealInterceptorChain.proceed(RealInterceptorChain.java:142)
08-04 02:27:11.214 11040 31604 E baseline.com.newsblur.network.APIResponse: 	at okhttp3.internal.http.RealInterceptorChain.proceed(RealInterceptorChain.java:117)
08-04 02:27:11.214 11040 31604 E baseline.com.newsblur.network.APIResponse: 	at okhttp3.internal.cache.CacheInterceptor.intercept(CacheInterceptor.java:94)
08-04 02:27:11.214 11040 31604 E baseline.com.newsblur.network.APIResponse: 	at okhttp3.internal.http.RealInterceptorChain.proceed(RealInterceptorChain.java:142)
08-04 02:27:11.214 11040 31604 E baseline.com.newsblur.network.APIResponse: 	at okhttp3.internal.http.RealInterceptorChain.proceed(RealInterceptorChain.java:117)
08-04 02:27:11.214 11040 31604 E baseline.com.newsblur.network.APIResponse: 	at okhttp3.internal.http.BridgeInterceptor.intercept(BridgeInterceptor.java:93)
08-04 02:27:11.214 11040 31604 E baseline.com.newsblur.network.APIResponse: 	at okhttp3.internal.http.RealInterceptorChain.proceed(RealInterceptorChain.java:142)
08-04 02:27:11.214 11040 31604 E baseline.com.newsblur.network.APIResponse: 	at okhttp3.internal.http.RetryAndFollowUpInterceptor.intercept(RetryAndFollowUpInterceptor.java:88)
08-04 02:27:11.214 11040 31604 E baseline.com.newsblur.network.APIResponse: 	at okhttp3.internal.http.RealInterceptorChain.proceed(RealInterceptorChain.java:142)
08-04 02:27:11.214 11040 31604 E baseline.com.newsblur.network.APIResponse: 	at okhttp3.internal.http.RealInterceptorChain.proceed(RealInterceptorChain.java:117)
08-04 02:27:11.214 11040 31604 E baseline.com.newsblur.network.APIResponse: 	at okhttp3.RealCall.getResponseWithInterceptorChain(RealCall.java:229)
08-04 02:27:11.214 11040 31604 E baseline.com.newsblur.network.APIResponse: 	at okhttp3.RealCall.execute(RealCall.java:81)
08-04 02:27:11.214 11040 31604 E baseline.com.newsblur.network.APIResponse: 	at baseline.com.newsblur.network.APIResponse.<init>(APIResponse.java:57)
08-04 02:27:11.214 11040 31604 E baseline.com.newsblur.network.APIResponse: 	at baseline.com.newsblur.network.APIManager.get_single(APIManager.java:639)
08-04 02:27:11.214 11040 31604 E baseline.com.newsblur.network.APIResponse: 	at baseline.com.newsblur.network.APIManager.get(APIManager.java:625)
08-04 02:27:11.214 11040 31604 E baseline.com.newsblur.network.APIResponse: 	at baseline.com.newsblur.network.APIManager.get(APIManager.java:667)
08-04 02:27:11.214 11040 31604 E baseline.com.newsblur.network.APIResponse: 	at baseline.com.newsblur.network.APIManager.getFeedUnreadCounts(APIManager.java:274)
08-04 02:27:11.214 11040 31604 E baseline.com.newsblur.network.APIResponse: 	at baseline.com.newsblur.service.NBSyncService.checkRecounts(NBSyncService.java:660)
08-04 02:27:11.214 11040 31604 E baseline.com.newsblur.network.APIResponse: 	at baseline.com.newsblur.service.NBSyncService.doSync(NBSyncService.java:310)
08-04 02:27:11.214 11040 31604 E baseline.com.newsblur.network.APIResponse: 	at baseline.com.newsblur.service.NBSyncService.access$100(NBSyncService.java:67)
08-04 02:27:11.214 11040 31604 E baseline.com.newsblur.network.APIResponse: 	at baseline.com.newsblur.service.NBSyncService$1.run(NBSyncService.java:188)
08-04 02:27:11.214 11040 31604 E baseline.com.newsblur.network.APIResponse: 	at java.util.concurrent.ThreadPoolExecutor.runWorker(ThreadPoolExecutor.java:1113)
08-04 02:27:11.214 11040 31604 E baseline.com.newsblur.network.APIResponse: 	at java.util.concurrent.ThreadPoolExecutor$Worker.run(ThreadPoolExecutor.java:588)
08-04 02:27:11.214 11040 31604 E baseline.com.newsblur.network.APIResponse: 	at java.lang.Thread.run(Thread.java:818)
08-04 02:27:11.214 11040 31604 E baseline.com.newsblur.network.APIResponse: Caused by: java.io.EOFException: \n not found: limit=0 content=
08-04 02:27:11.214 11040 31604 E baseline.com.newsblur.network.APIResponse: 	at okio.RealBufferedSource.readUtf8LineStrict(RealBufferedSource.java:240)
08-04 02:27:11.214 11040 31604 E baseline.com.newsblur.network.APIResponse: 	at okhttp3.internal.http1.Http1ExchangeCodec.readHeaderLine(Http1ExchangeCodec.java:242)
08-04 02:27:11.214 11040 31604 E baseline.com.newsblur.network.APIResponse: 	at okhttp3.internal.http1.Http1ExchangeCodec.readResponseHeaders(Http1ExchangeCodec.java:213)
08-04 02:27:11.214 11040 31604 E baseline.com.newsblur.network.APIResponse: 	... 28 more
08-04 02:27:11.215 11040 31604 I baseline.com.newsblur.network.APIManager: API call failed, pausing before retry number 1
08-04 02:27:11.290 11040 31570 I art     : Starting a blocking GC Explicit
08-04 02:27:11.304 31935 31935 D AndroidRuntime: >>>>>> START com.android.internal.os.RuntimeInit uid 2000 <<<<<<
08-04 02:27:11.309 31935 31935 D AndroidRuntime: CheckJNI is OFF
08-04 02:27:11.340 11040 31570 I art     : Explicit concurrent mark sweep GC freed 3969(356KB) AllocSpace objects, 3(60KB) LOS objects, 27% free, 41MB/57MB, paused 1.286ms total 49.849ms
08-04 02:27:11.344 31935 31935 D ICU     : No timezone override file found: /data/misc/zoneinfo/current/icu/icu_tzdata.dat
08-04 02:27:11.352 11040 31570 I art     : Starting a blocking GC Explicit
08-04 02:27:11.358 28500 28500 I ServiceManager: Waiting for service AtCmdFwd...
08-04 02:27:11.377 31935 31935 I Radio-JNI: register_android_hardware_Radio DONE
08-04 02:27:11.398 31935 31935 D AndroidRuntime: Calling main entry com.android.commands.input.Input
08-04 02:27:11.399 11040 31570 I art     : Explicit concurrent mark sweep GC freed 109(3KB) AllocSpace objects, 0(0B) LOS objects, 27% free, 41MB/57MB, paused 1.162ms total 46.750ms
08-04 02:27:11.400 31935 31935 I Input   : injectKeyEvent: KeyEvent { action=ACTION_DOWN, keyCode=KEYCODE_BACK, scanCode=0, metaState=0, flags=0x0, repeatCount=0, eventTime=671247813, downTime=671247813, deviceId=-1, source=0x101 }
08-04 02:27:11.405 31935 31935 I Input   : injectKeyEvent: KeyEvent { action=ACTION_UP, keyCode=KEYCODE_BACK, scanCode=0, metaState=0, flags=0x0, repeatCount=0, eventTime=671247813, downTime=671247813, deviceId=-1, source=0x101 }
08-04 02:27:11.409 11040 31570 I art     : Starting a blocking GC Explicit
08-04 02:27:11.412 31935 31935 D AndroidRuntime: Shutting down VM
08-04 02:27:11.455 11040 31570 I art     : Explicit concurrent mark sweep GC freed 340(65KB) AllocSpace objects, 4(80KB) LOS objects, 27% free, 41MB/57MB, paused 1.207ms total 45.205ms
08-04 02:27:11.467 11040 31570 I art     : Starting a blocking GC Explicit
08-04 02:27:11.516 11040 31570 I art     : Explicit concurrent mark sweep GC freed 34(1408B) AllocSpace objects, 0(0B) LOS objects, 27% free, 41MB/57MB, paused 1.308ms total 49.225ms
08-04 02:27:11.528 11040 31570 I art     : Starting a blocking GC Explicit
08-04 02:27:11.576 11040 31570 I art     : Explicit concurrent mark sweep GC freed 7057(443KB) AllocSpace objects, 6(120KB) LOS objects, 27% free, 42MB/58MB, paused 1.675ms total 47.555ms
08-04 02:27:11.577 13866 13866 I GoogleInputMethodServic: GoogleInputMethodService.onFinishInput():3138 
08-04 02:27:11.578 13866 13866 I GoogleInputMethodServic: GoogleInputMethodService.onStartInput():1808 
08-04 02:27:11.862   518   646 I ThermalEngine: ACTION: GPU - Setting GPU[0] to 450000000
08-04 02:27:11.902 11040 11052 I art     : Starting a blocking GC Explicit
08-04 02:27:11.966 11040 11052 I art     : Explicit concurrent mark sweep GC freed 2828(177KB) AllocSpace objects, 3(60KB) LOS objects, 27% free, 41MB/57MB, paused 1.429ms total 64.220ms
08-04 02:27:11.980 11040 11052 I art     : Starting a blocking GC Explicit
08-04 02:27:12.037 11040 11052 I art     : Explicit concurrent mark sweep GC freed 202(7KB) AllocSpace objects, 0(0B) LOS objects, 27% free, 41MB/57MB, paused 1.589ms total 56.653ms
08-04 02:27:12.052 11040 11052 I art     : Starting a blocking GC Explicit
08-04 02:27:12.114 11040 11052 I art     : Explicit concurrent mark sweep GC freed 150(7KB) AllocSpace objects, 0(0B) LOS objects, 27% free, 41MB/57MB, paused 1.702ms total 61.082ms
08-04 02:27:12.129 11040 11052 I art     : Starting a blocking GC Explicit
08-04 02:27:12.192 11040 11052 I art     : Explicit concurrent mark sweep GC freed 12(384B) AllocSpace objects, 0(0B) LOS objects, 27% free, 41MB/57MB, paused 1.507ms total 62.566ms
08-04 02:27:12.208 11040 11052 I art     : Starting a blocking GC Explicit
08-04 02:27:12.269 11040 11052 I art     : Explicit concurrent mark sweep GC freed 12(384B) AllocSpace objects, 0(0B) LOS objects, 27% free, 41MB/57MB, paused 1.574ms total 61.362ms
08-04 02:27:12.358 28500 28500 I ServiceManager: Waiting for service AtCmdFwd...
08-04 02:27:12.653 11040 30393 I art     : Starting a blocking GC Explicit
08-04 02:27:12.718 11040 30393 I art     : Explicit concurrent mark sweep GC freed 1496(84KB) AllocSpace objects, 1(20KB) LOS objects, 27% free, 41MB/57MB, paused 2.027ms total 64.266ms
08-04 02:27:12.733 11040 30393 I art     : Starting a blocking GC Explicit
08-04 02:27:12.792 11040 30393 I art     : Explicit concurrent mark sweep GC freed 124(4KB) AllocSpace objects, 0(0B) LOS objects, 27% free, 41MB/57MB, paused 1.580ms total 58.737ms
08-04 02:27:12.807 11040 30393 I art     : Starting a blocking GC Explicit
08-04 02:27:12.868 11040 30393 I art     : Explicit concurrent mark sweep GC freed 87(5KB) AllocSpace objects, 0(0B) LOS objects, 27% free, 41MB/57MB, paused 1.741ms total 60.832ms
08-04 02:27:12.884 11040 30393 I art     : Starting a blocking GC Explicit
08-04 02:27:12.945 11040 30393 I art     : Explicit concurrent mark sweep GC freed 18(688B) AllocSpace objects, 0(0B) LOS objects, 27% free, 41MB/57MB, paused 1.660ms total 61.328ms
08-04 02:27:12.961 11040 30393 I art     : Starting a blocking GC Explicit
08-04 02:27:13.026 11040 30393 I art     : Explicit concurrent mark sweep GC freed 9(288B) AllocSpace objects, 0(0B) LOS objects, 27% free, 41MB/57MB, paused 1.671ms total 64.093ms
08-04 02:27:13.245 31983 31983 D AndroidRuntime: >>>>>> START com.android.internal.os.RuntimeInit uid 2000 <<<<<<
08-04 02:27:13.251 31983 31983 D AndroidRuntime: CheckJNI is OFF
08-04 02:27:13.264 11040 31604 E baseline.com.newsblur.network.APIResponse: Error (unexpected end of stream on https://www.newsblur.com/...) calling https://www.newsblur.com/reader/feed_unread_count?feed_id=0
08-04 02:27:13.264 11040 31604 E baseline.com.newsblur.network.APIResponse: java.io.IOException: unexpected end of stream on https://www.newsblur.com/...
08-04 02:27:13.264 11040 31604 E baseline.com.newsblur.network.APIResponse: 	at okhttp3.internal.http1.Http1ExchangeCodec.readResponseHeaders(Http1ExchangeCodec.java:236)
08-04 02:27:13.264 11040 31604 E baseline.com.newsblur.network.APIResponse: 	at okhttp3.internal.connection.Exchange.readResponseHeaders(Exchange.java:115)
08-04 02:27:13.264 11040 31604 E baseline.com.newsblur.network.APIResponse: 	at okhttp3.internal.http.CallServerInterceptor.intercept(CallServerInterceptor.java:94)
08-04 02:27:13.264 11040 31604 E baseline.com.newsblur.network.APIResponse: 	at okhttp3.internal.http.RealInterceptorChain.proceed(RealInterceptorChain.java:142)
08-04 02:27:13.264 11040 31604 E baseline.com.newsblur.network.APIResponse: 	at okhttp3.internal.connection.ConnectInterceptor.intercept(ConnectInterceptor.java:43)
08-04 02:27:13.264 11040 31604 E baseline.com.newsblur.network.APIResponse: 	at okhttp3.internal.http.RealInterceptorChain.proceed(RealInterceptorChain.java:142)
08-04 02:27:13.264 11040 31604 E baseline.com.newsblur.network.APIResponse: 	at okhttp3.internal.http.RealInterceptorChain.proceed(RealInterceptorChain.java:117)
08-04 02:27:13.264 11040 31604 E baseline.com.newsblur.network.APIResponse: 	at okhttp3.internal.cache.CacheInterceptor.intercept(CacheInterceptor.java:94)
08-04 02:27:13.264 11040 31604 E baseline.com.newsblur.network.APIResponse: 	at okhttp3.internal.http.RealInterceptorChain.proceed(RealInterceptorChain.java:142)
08-04 02:27:13.264 11040 31604 E baseline.com.newsblur.network.APIResponse: 	at okhttp3.internal.http.RealInterceptorChain.proceed(RealInterceptorChain.java:117)
08-04 02:27:13.264 11040 31604 E baseline.com.newsblur.network.APIResponse: 	at okhttp3.internal.http.BridgeInterceptor.intercept(BridgeInterceptor.java:93)
08-04 02:27:13.264 11040 31604 E baseline.com.newsblur.network.APIResponse: 	at okhttp3.internal.http.RealInterceptorChain.proceed(RealInterceptorChain.java:142)
08-04 02:27:13.264 11040 31604 E baseline.com.newsblur.network.APIResponse: 	at okhttp3.internal.http.RetryAndFollowUpInterceptor.intercept(RetryAndFollowUpInterceptor.java:88)
08-04 02:27:13.264 11040 31604 E baseline.com.newsblur.network.APIResponse: 	at okhttp3.internal.http.RealInterceptorChain.proceed(RealInterceptorChain.java:142)
08-04 02:27:13.264 11040 31604 E baseline.com.newsblur.network.APIResponse: 	at okhttp3.internal.http.RealInterceptorChain.proceed(RealInterceptorChain.java:117)
08-04 02:27:13.264 11040 31604 E baseline.com.newsblur.network.APIResponse: 	at okhttp3.RealCall.getResponseWithInterceptorChain(RealCall.java:229)
08-04 02:27:13.264 11040 31604 E baseline.com.newsblur.network.APIResponse: 	at okhttp3.RealCall.execute(RealCall.java:81)
08-04 02:27:13.264 11040 31604 E baseline.com.newsblur.network.APIResponse: 	at baseline.com.newsblur.network.APIResponse.<init>(APIResponse.java:57)
08-04 02:27:13.264 11040 31604 E baseline.com.newsblur.network.APIResponse: 	at baseline.com.newsblur.network.APIManager.get_single(APIManager.java:639)
08-04 02:27:13.264 11040 31604 E baseline.com.newsblur.network.APIResponse: 	at baseline.com.newsblur.network.APIManager.get(APIManager.java:625)
08-04 02:27:13.264 11040 31604 E baseline.com.newsblur.network.APIResponse: 	at baseline.com.newsblur.network.APIManager.get(APIManager.java:667)
08-04 02:27:13.264 11040 31604 E baseline.com.newsblur.network.APIResponse: 	at baseline.com.newsblur.network.APIManager.getFeedUnreadCounts(APIManager.java:274)
08-04 02:27:13.264 11040 31604 E baseline.com.newsblur.network.APIResponse: 	at baseline.com.newsblur.service.NBSyncService.checkRecounts(NBSyncService.java:660)
08-04 02:27:13.264 11040 31604 E baseline.com.newsblur.network.APIResponse: 	at baseline.com.newsblur.service.NBSyncService.doSync(NBSyncService.java:310)
08-04 02:27:13.264 11040 31604 E baseline.com.newsblur.network.APIResponse: 	at baseline.com.newsblur.service.NBSyncService.access$100(NBSyncService.java:67)
08-04 02:27:13.264 11040 31604 E baseline.com.newsblur.network.APIResponse: 	at baseline.com.newsblur.service.NBSyncService$1.run(NBSyncService.java:188)
08-04 02:27:13.264 11040 31604 E baseline.com.newsblur.network.APIResponse: 	at java.util.concurrent.ThreadPoolExecutor.runWorker(ThreadPoolExecutor.java:1113)
08-04 02:27:13.264 11040 31604 E baseline.com.newsblur.network.APIResponse: 	at java.util.concurrent.ThreadPoolExecutor$Worker.run(ThreadPoolExecutor.java:588)
08-04 02:27:13.264 11040 31604 E baseline.com.newsblur.network.APIResponse: 	at java.lang.Thread.run(Thread.java:818)
08-04 02:27:13.264 11040 31604 E baseline.com.newsblur.network.APIResponse: Caused by: java.io.EOFException: \n not found: limit=0 content=
08-04 02:27:13.264 11040 31604 E baseline.com.newsblur.network.APIResponse: 	at okio.RealBufferedSource.readUtf8LineStrict(RealBufferedSource.java:240)
08-04 02:27:13.264 11040 31604 E baseline.com.newsblur.network.APIResponse: 	at okhttp3.internal.http1.Http1ExchangeCodec.readHeaderLine(Http1ExchangeCodec.java:242)
08-04 02:27:13.264 11040 31604 E baseline.com.newsblur.network.APIResponse: 	at okhttp3.internal.http1.Http1ExchangeCodec.readResponseHeaders(Http1ExchangeCodec.java:213)
08-04 02:27:13.264 11040 31604 E baseline.com.newsblur.network.APIResponse: 	... 28 more
08-04 02:27:13.266 11040 31604 I baseline.com.newsblur.network.APIManager: API call failed, pausing before retry number 2
08-04 02:27:13.293 31983 31983 D ICU     : No timezone override file found: /data/misc/zoneinfo/current/icu/icu_tzdata.dat
08-04 02:27:13.336 31983 31983 I Radio-JNI: register_android_hardware_Radio DONE
08-04 02:27:13.359 28500 28500 I ServiceManager: Waiting for service AtCmdFwd...
08-04 02:27:13.365 31983 31983 D AndroidRuntime: Calling main entry com.android.commands.am.Am
08-04 02:27:13.374  8825  8825 I Trepn   : Trepn 6.2s: Received intent: com.quicinc.trepn.stop_profiling
08-04 02:27:13.408 11040 11053 I art     : Starting a blocking GC Explicit
08-04 02:27:13.433  8825  8825 I Trepn   : Trepn 6.2s: Trepn has Stopped Profiling.
08-04 02:27:13.472 11040 11053 I art     : Explicit concurrent mark sweep GC freed 3935(355KB) AllocSpace objects, 3(60KB) LOS objects, 27% free, 41MB/57MB, paused 1.638ms total 63.413ms
08-04 02:27:13.487 11040 11053 I art     : Starting a blocking GC Explicit
08-04 02:27:13.555 11040 11053 I art     : Explicit concurrent mark sweep GC freed 119(4KB) AllocSpace objects, 0(0B) LOS objects, 27% free, 41MB/57MB, paused 1.632ms total 67.581ms
08-04 02:27:13.570 11040 11053 I art     : Starting a blocking GC Explicit
08-04 02:27:13.634 11040 11053 I art     : Explicit concurrent mark sweep GC freed 3(96B) AllocSpace objects, 0(0B) LOS objects, 27% free, 41MB/57MB, paused 1.659ms total 64.059ms
08-04 02:27:13.641 31983 31983 D AndroidRuntime: Shutting down VM
08-04 02:27:13.646   918  3696 W AppOps  : Finishing op nesting under-run: uid 10078 pkg com.quicinc.trepn code 24 time=0 duration=0 nesting=0
08-04 02:27:13.652 11040 11053 I art     : Starting a blocking GC Explicit
08-04 02:27:13.707 11040 11053 I art     : Explicit concurrent mark sweep GC freed 3(96B) AllocSpace objects, 0(0B) LOS objects, 27% free, 41MB/57MB, paused 1.489ms total 55.430ms
08-04 02:27:13.721 11040 11053 I art     : Starting a blocking GC Explicit
08-04 02:27:13.782 11040 11053 I art     : Explicit concurrent mark sweep GC freed 3(96B) AllocSpace objects, 0(0B) LOS objects, 27% free, 41MB/57MB, paused 1.616ms total 60.866ms
08-04 02:27:14.149 11040 31570 I art     : Starting a blocking GC Explicit
08-04 02:27:14.212 11040 31570 I art     : Explicit concurrent mark sweep GC freed 1441(82KB) AllocSpace objects, 1(20KB) LOS objects, 27% free, 41MB/57MB, paused 1.653ms total 62.940ms
08-04 02:27:14.227 11040 31570 I art     : Starting a blocking GC Explicit
08-04 02:27:14.288 11040 31570 I art     : Explicit concurrent mark sweep GC freed 22(784B) AllocSpace objects, 0(0B) LOS objects, 27% free, 41MB/57MB, paused 1.606ms total 60.535ms
08-04 02:27:14.303 11040 31570 I art     : Starting a blocking GC Explicit
08-04 02:27:14.359 28500 28500 I ServiceManager: Waiting for service AtCmdFwd...
08-04 02:27:14.363 11040 31570 I art     : Explicit concurrent mark sweep GC freed 3(96B) AllocSpace objects, 0(0B) LOS objects, 27% free, 41MB/57MB, paused 1.739ms total 59.669ms
08-04 02:27:14.378 11040 31570 I art     : Starting a blocking GC Explicit
08-04 02:27:14.437 11040 31570 I art     : Explicit concurrent mark sweep GC freed 3(96B) AllocSpace objects, 0(0B) LOS objects, 27% free, 41MB/57MB, paused 1.501ms total 59.249ms
08-04 02:27:14.452 11040 31570 I art     : Starting a blocking GC Explicit
08-04 02:27:14.512 11040 31570 I art     : Explicit concurrent mark sweep GC freed 3(96B) AllocSpace objects, 0(0B) LOS objects, 27% free, 41MB/57MB, paused 1.542ms total 59.556ms
08-04 02:27:14.512 11040 11050 I art     : WaitForGcToComplete blocked for 59.845ms for cause HeapTrim
08-04 02:27:15.360 28500 28500 I ServiceManager: Waiting for service AtCmdFwd...
08-04 02:27:16.360 28500 28500 W Atfwd_Sendcmd: AtCmdFwd service not published, waiting... retryCnt : 1
