08-04 15:00:29.675 24407 24407 D ActivityNode: 	activity ID 3( key name)
08-04 15:00:29.675 24407 24407 D ActivityNode: 	activity ID 3( key battleday)
08-04 15:00:29.675 24407 24407 D ActivityNode: 	activity ID 3( key id)
08-04 15:00:29.675 24407 24407 D ActivityNode: 	activity ID 3( key name)
08-04 15:00:29.675 24407 24407 D ActivityNode: 	activity ID 3( key battleday)
08-04 15:00:29.675 24407 24407 D ActivityNode: 	activity ID 3( key id)
08-04 15:00:29.675 24407 24407 D ActivityNode: 	activity ID 3( key name)
08-04 15:00:29.675 24407 24407 D ActivityNode: 	activity ID 3( key battleday)
08-04 15:00:29.675 24407 24407 D ActivityNode: 	activity ID 3( key id)
08-04 15:00:29.675 24407 24407 D ActivityNode: 	activity ID 3( key name)
08-04 15:00:29.675 24407 24407 D ActivityNode: 	activity ID 3( key battleday)
08-04 15:00:29.675 24407 24407 D ActivityNode: 	activity ID 3( key id)
08-04 15:00:29.675 24407 24407 D ActivityNode: 	activity ID 3( key name)
08-04 15:00:29.675 24407 24407 D ActivityNode: 	activity ID 3( key battleday)
08-04 15:00:29.675 24407 24407 D ActivityNode: 	activity ID 3( key id)
08-04 15:00:29.675 24407 24407 D ActivityNode: 	activity ID 3( key name)
08-04 15:00:29.675 24407 24407 D ActivityNode: Observer - session data - sourceSplashActivity
08-04 15:00:29.675 24407 24407 D ActivityNode: destinations:
08-04 15:00:29.675 24407 24407 D ActivityNode: 	nappatfpr.appteam.nith.hillffair.activities.HomeActivity( count 3)
08-04 15:00:29.675 24407 24407 D PARAM   : COUNT: 2
08-04 15:00:29.675 24407 24407 D PARAM   : ID_ACTIVITY: 4
08-04 15:00:29.675 24407 24407 D PARAM   : parameter.urlPiece = https://api-hillfair-2k16.herokuapp.com/api/app/events/special/event?id=
08-04 15:00:29.675 24407 24407 D PARAM   : parameter.type = 0
08-04 15:00:29.675 24407 24407 D PARAM   : parameter.urlOrder = 0
08-04 15:00:29.676 24407 24407 D PARAM   : ID_ACTIVITY: 4
08-04 15:00:29.676 24407 24407 D PARAM   : parameter.urlPiece = id
08-04 15:00:29.676 24407 24407 D PARAM   : parameter.type = 1
08-04 15:00:29.676 24407 24407 D PARAM   : parameter.urlOrder = 1
08-04 15:00:29.676 24407 24407 D ActivityNode: Observer - URL candidate ClubActivity[nl.vu.cs.s2group.nappa.room.dao.UrlCandidateDao$UrlCandidateToUrlParameter@d75a5da, nl.vu.cs.s2group.nappa.room.dao.UrlCandidateDao$UrlCandidateToUrlParameter@43c3a0b]
08-04 15:00:29.676 24407 24407 D ActivityNode: Observer - intent extra - ClubActivity
08-04 15:00:29.676 24407 24407 D ActivityNode: Extras:
08-04 15:00:29.676 24407 24407 D ActivityNode: Observer - session data - sourceQuizActivity
08-04 15:00:29.676 24407 24407 D ActivityNode: destinations:
08-04 15:00:29.676 24407 24407 D ActivityNode: 	nappatfpr.appteam.nith.hillffair.activities.LeaderBoardActivity( count 9)
08-04 15:00:29.676 24407 24407 D ActivityNode: 	nappatfpr.appteam.nith.hillffair.activities.InformationActivity( count 3)
08-04 15:00:29.676 24407 24407 D ActivityNode: Observer - visit time - ClubActivity - New aggregate visit time found is 174886 ms
08-04 15:00:29.677 24407 24407 D ActivityNode: Observer - visit time - QuizActivity - New aggregate visit time found is 35494 ms
08-04 15:00:29.677 24407 24407 D ActivityNode: Observer - session data - sourceLeaderBoardActivity
08-04 15:00:29.677 24407 24407 D ActivityNode: destinations:
08-04 15:00:29.677 24407 24407 D ActivityNode: Observer - intent extra - QuizActivity
08-04 15:00:29.677 24407 24407 D ActivityNode: Extras:
08-04 15:00:29.678 24407 24407 D ActivityNode: Observer - successor visit time - QuizActivity - Updating the visit time from the successors list:
08-04 15:00:29.678 24407 24407 D ActivityNode: [AggregateVisitTimeByActivity{nappatfpr.appteam.nith.hillffair.activities.LeaderBoardActivity : 40725 ms}, AggregateVisitTimeByActivity{nappatfpr.appteam.nith.hillffair.activities.InformationActivity : 13588 ms}]
08-04 15:00:29.679 24407 24407 D PARAM   : COUNT: 0
08-04 15:00:29.679 24407 24407 D ActivityNode: Observer - URL candidate QuizActivity[]
08-04 15:00:29.679 24407 24407 D ActivityNode: Observer - visit time - LeaderBoardActivity - New aggregate visit time found is 40725 ms
08-04 15:00:29.679 24407 24407 D PARAM   : COUNT: 0
08-04 15:00:29.679 24407 24407 D ActivityNode: Observer - URL candidate LeaderBoardActivity[]
08-04 15:00:29.679 24407 24407 D ActivityNode: Observer - intent extra - LeaderBoardActivity
08-04 15:00:29.679 24407 24407 D ActivityNode: Extras:
08-04 15:00:29.679 24407 24407 D ActivityNode: Observer - session data - sourceInformationActivity
08-04 15:00:29.679 24407 24407 D ActivityNode: destinations:
08-04 15:00:29.679 24407 24407 D ActivityNode: Observer - visit time - InformationActivity - New aggregate visit time found is 13588 ms
08-04 15:00:29.679 24407 24407 D PARAM   : COUNT: 0
08-04 15:00:29.679 24407 24407 D ActivityNode: Observer - URL candidate InformationActivity[]
08-04 15:00:29.679 24407 24407 D ActivityNode: Observer - intent extra - InformationActivity
08-04 15:00:29.679 24407 24407 D ActivityNode: Extras:
08-04 15:00:29.679 24407 24407 D ActivityNode: Observer - session data - sourceEventActivity
08-04 15:00:29.679 24407 24407 D ActivityNode: destinations:
08-04 15:00:29.679 24407 24407 D ActivityNode: 	nappatfpr.appteam.nith.hillffair.activities.ClubActivity( count 18)
08-04 15:00:29.681 13866 13866 I GoogleInputMethodServic: GoogleInputMethodService.onFinishInput():3138 
08-04 15:00:29.682 13866 13866 I GoogleInputMethodServic: GoogleInputMethodService.onStartInput():1808 
08-04 15:00:29.699 24407 24420 I art     : Explicit concurrent mark sweep GC freed 3891(316KB) AllocSpace objects, 1(20KB) LOS objects, 40% free, 20MB/34MB, paused 312us total 29.068ms
08-04 15:00:29.707 24407 24420 I art     : Starting a blocking GC Explicit
08-04 15:00:29.723 24407 24407 D ActivityNode: Observer - intent extra - EventActivity
08-04 15:00:29.723 24407 24407 D ActivityNode: Extras:
08-04 15:00:29.723 24407 24407 D ActivityNode: 	activity ID 8( key CLUB_NAME)
08-04 15:00:29.723 24407 24407 D ActivityNode: 	activity ID 8( key CLUB_NAME)
08-04 15:00:29.723 24407 24407 D ActivityNode: 	activity ID 8( key CLUB_NAME)
08-04 15:00:29.723 24407 24407 D ActivityNode: 	activity ID 8( key CLUB_NAME)
08-04 15:00:29.723 24407 24407 D ActivityNode: 	activity ID 8( key CLUB_NAME)
08-04 15:00:29.723 24407 24407 D ActivityNode: 	activity ID 8( key CLUB_NAME)
08-04 15:00:29.723 24407 24407 D ActivityNode: 	activity ID 8( key CLUB_NAME)
08-04 15:00:29.723 24407 24407 D ActivityNode: 	activity ID 8( key CLUB_NAME)
08-04 15:00:29.723 24407 24407 D ActivityNode: 	activity ID 8( key CLUB_NAME)
08-04 15:00:29.723 24407 24407 D ActivityNode: 	activity ID 8( key CLUB_NAME)
08-04 15:00:29.723 24407 24407 D ActivityNode: 	activity ID 8( key CLUB_NAME)
08-04 15:00:29.723 24407 24407 D ActivityNode: 	activity ID 8( key CLUB_NAME)
08-04 15:00:29.723 24407 24407 D ActivityNode: 	activity ID 8( key CLUB_NAME)
08-04 15:00:29.723 24407 24407 D ActivityNode: 	activity ID 8( key CLUB_NAME)
08-04 15:00:29.723 24407 24407 D ActivityNode: 	activity ID 8( key CLUB_NAME)
08-04 15:00:29.723 24407 24407 D ActivityNode: 	activity ID 8( key CLUB_NAME)
08-04 15:00:29.723 24407 24407 D ActivityNode: 	activity ID 8( key CLUB_NAME)
08-04 15:00:29.723 24407 24407 D ActivityNode: 	activity ID 8( key CLUB_NAME)
08-04 15:00:29.723 24407 24407 D ActivityNode: Observer - visit time - EventActivity - New aggregate visit time found is 69090 ms
08-04 15:00:29.724 24407 24407 D ActivityNode: Observer - successor visit time - EventActivity - Updating the visit time from the successors list:
08-04 15:00:29.724 24407 24407 D ActivityNode: [AggregateVisitTimeByActivity{nappatfpr.appteam.nith.hillffair.activities.ClubActivity : 82199 ms}]
08-04 15:00:29.724 24407 24407 D PARAM   : COUNT: 0
08-04 15:00:29.724 24407 24407 D ActivityNode: Observer - URL candidate EventActivity[]
08-04 15:00:29.724 24407 24420 I art     : Explicit concurrent mark sweep GC freed 117(14KB) AllocSpace objects, 0(0B) LOS objects, 40% free, 23MB/38MB, paused 305us total 16.438ms
08-04 15:00:29.727   918   936 I ActivityManager: Displayed nappatfpr.appteam.nith.hillffair/.activities.SplashActivity: +2s527ms
08-04 15:00:29.730 24407 24420 I art     : Starting a blocking GC Explicit
08-04 15:00:29.743 24407 24420 I art     : Explicit concurrent mark sweep GC freed 100(10KB) AllocSpace objects, 0(0B) LOS objects, 40% free, 23MB/38MB, paused 221us total 12.356ms
08-04 15:00:29.749 24407 24420 I art     : Starting a blocking GC Explicit
08-04 15:00:29.760 24407 24420 I art     : Explicit concurrent mark sweep GC freed 5(160B) AllocSpace objects, 0(0B) LOS objects, 40% free, 23MB/38MB, paused 214us total 10.861ms
08-04 15:00:29.851 24407 24440 D Nappa   : PREFETCH_ON_EXTRA - setCurrentActivity - logs - from extra - made prediction isfalse
08-04 15:00:30.039 24407 24420 I art     : Starting a blocking GC Explicit
08-04 15:00:30.053 24407 24420 I art     : Explicit concurrent mark sweep GC freed 1455(108KB) AllocSpace objects, 1(20KB) LOS objects, 40% free, 23MB/38MB, paused 271us total 14.293ms
08-04 15:00:30.060 24407 24420 I art     : Starting a blocking GC Explicit
08-04 15:00:30.074 24407 24420 I art     : Explicit concurrent mark sweep GC freed 31(1120B) AllocSpace objects, 0(0B) LOS objects, 40% free, 23MB/38MB, paused 241us total 12.859ms
08-04 15:00:30.080 24407 24420 I art     : Starting a blocking GC Explicit
08-04 15:00:30.091 24407 24420 I art     : Explicit concurrent mark sweep GC freed 3(96B) AllocSpace objects, 0(0B) LOS objects, 40% free, 23MB/38MB, paused 241us total 11.321ms
08-04 15:00:30.097 24407 24420 I art     : Starting a blocking GC Explicit
08-04 15:00:30.107 24407 24420 I art     : Explicit concurrent mark sweep GC freed 3(96B) AllocSpace objects, 0(0B) LOS objects, 40% free, 23MB/38MB, paused 182us total 10.552ms
08-04 15:00:30.113 24407 24420 I art     : Starting a blocking GC Explicit
08-04 15:00:30.123 24407 24420 I art     : Explicit concurrent mark sweep GC freed 25(848B) AllocSpace objects, 0(0B) LOS objects, 40% free, 23MB/38MB, paused 185us total 9.842ms
08-04 15:00:30.392 24407 24419 I art     : Starting a blocking GC Explicit
08-04 15:00:30.405 24407 24419 I art     : Explicit concurrent mark sweep GC freed 1496(88KB) AllocSpace objects, 1(20KB) LOS objects, 40% free, 23MB/38MB, paused 256us total 13.100ms
08-04 15:00:30.412 24407 24419 I art     : Starting a blocking GC Explicit
08-04 15:00:30.423 24407 24419 I art     : Explicit concurrent mark sweep GC freed 28(1024B) AllocSpace objects, 0(0B) LOS objects, 40% free, 23MB/38MB, paused 198us total 11.038ms
08-04 15:00:30.429 24407 24419 I art     : Starting a blocking GC Explicit
08-04 15:00:30.440 24407 24419 I art     : Explicit concurrent mark sweep GC freed 3(96B) AllocSpace objects, 0(0B) LOS objects, 40% free, 23MB/38MB, paused 188us total 10.360ms
08-04 15:00:30.446 24407 24419 I art     : Starting a blocking GC Explicit
08-04 15:00:30.457 24407 24419 I art     : Explicit concurrent mark sweep GC freed 3(96B) AllocSpace objects, 0(0B) LOS objects, 40% free, 23MB/38MB, paused 341us total 10.511ms
08-04 15:00:30.463 24407 24419 I art     : Starting a blocking GC Explicit
08-04 15:00:30.473 24407 24419 I art     : Explicit concurrent mark sweep GC freed 3(96B) AllocSpace objects, 0(0B) LOS objects, 40% free, 23MB/38MB, paused 187us total 10.467ms
08-04 15:00:30.780 24407 24420 I art     : Starting a blocking GC Explicit
08-04 15:00:30.798 24407 24420 I art     : Explicit concurrent mark sweep GC freed 1498(92KB) AllocSpace objects, 1(20KB) LOS objects, 40% free, 23MB/38MB, paused 503us total 17.203ms
08-04 15:00:30.807 24407 24420 I art     : Starting a blocking GC Explicit
08-04 15:00:30.819 24407 24420 I art     : Explicit concurrent mark sweep GC freed 28(1024B) AllocSpace objects, 0(0B) LOS objects, 40% free, 23MB/38MB, paused 207us total 12.320ms
08-04 15:00:30.826 24407 24420 I art     : Starting a blocking GC Explicit
08-04 15:00:30.838 24407 24420 I art     : Explicit concurrent mark sweep GC freed 3(96B) AllocSpace objects, 0(0B) LOS objects, 40% free, 23MB/38MB, paused 213us total 11.846ms
08-04 15:00:30.844 24407 24420 I art     : Starting a blocking GC Explicit
08-04 15:00:30.856 24407 24420 I art     : Explicit concurrent mark sweep GC freed 3(96B) AllocSpace objects, 0(0B) LOS objects, 40% free, 23MB/38MB, paused 207us total 11.216ms
08-04 15:00:30.862 24407 24420 I art     : Starting a blocking GC Explicit
08-04 15:00:30.873 24407 24420 I art     : Explicit concurrent mark sweep GC freed 3(96B) AllocSpace objects, 0(0B) LOS objects, 40% free, 23MB/38MB, paused 188us total 10.994ms
08-04 15:00:30.916 24407 24407 D NappaIntentExtras: ==================
08-04 15:00:30.916 24407 24407 D NappaIntentExtras: Log #1
08-04 15:00:30.916 24407 24407 D NappaIntentExtras: ------------------
08-04 15:00:30.917 24407 24407 D NappaIntentExtras: activity nappatfpr.appteam.nith.hillffair.activities.QuizActivity
08-04 15:00:30.917 24407 24407 D NappaIntentExtras: 	- No extras registered
08-04 15:00:30.917 24407 24407 D NappaIntentExtras: activity nappatfpr.appteam.nith.hillffair.activities.InformationActivity
08-04 15:00:30.917 24407 24407 D NappaIntentExtras: 	- No extras registered
08-04 15:00:30.917 24407 24407 D NappaIntentExtras: activity nappatfpr.appteam.nith.hillffair.activities.BattleDayActivity
08-04 15:00:30.917 24407 24407 D NappaIntentExtras: 	- No extras registered
08-04 15:00:30.917 24407 24407 D NappaIntentExtras: activity nappatfpr.appteam.nith.hillffair.activities.HomeActivity
08-04 15:00:30.917 24407 24407 D NappaIntentExtras: 	- No extras registered
08-04 15:00:30.917 24407 24407 D NappaIntentExtras: activity nappatfpr.appteam.nith.hillffair.activities.ClubActivity
08-04 15:00:30.917 24407 24407 D NappaIntentExtras: 	- No extras registered
08-04 15:00:30.917 24407 24407 D NappaIntentExtras: activity nappatfpr.appteam.nith.hillffair.activities.SplashActivity
08-04 15:00:30.917 24407 24407 D NappaIntentExtras: 	- No extras registered
08-04 15:00:30.917 24407 24407 D NappaIntentExtras: activity nappatfpr.appteam.nith.hillffair.activities.EventActivity
08-04 15:00:30.917 24407 24407 D NappaIntentExtras: 	- No extras registered
08-04 15:00:30.917 24407 24407 D NappaIntentExtras: activity nappatfpr.appteam.nith.hillffair.activities.LeaderBoardActivity
08-04 15:00:30.917 24407 24407 D NappaIntentExtras: 	- No extras registered
08-04 15:00:30.917 24407 24407 D NappaIntentExtras: ==================
08-04 15:00:30.917   918  5481 I ActivityManager: START u0 {cmp=nappatfpr.appteam.nith.hillffair/.activities.WelcomeActivity} from uid 10657 on display 0
08-04 15:00:30.933 24407 24407 D NappaLifecycleObserver: nappatfpr.appteam.nith.hillffair.activities.SplashActivity - onPause
08-04 15:00:30.933 24407 24407 D Nappa   : Stayed on nappatfpr.appteam.nith.hillffair.activities.SplashActivity for 1382 ms
08-04 15:00:30.956 24407 24407 D NappaIntentExtras: ==================
08-04 15:00:30.956 24407 24407 D NappaIntentExtras: Log #2
08-04 15:00:30.956 24407 24407 D NappaIntentExtras: ------------------
08-04 15:00:30.956 24407 24407 D NappaIntentExtras: activity nappatfpr.appteam.nith.hillffair.activities.QuizActivity
08-04 15:00:30.956 24407 24407 D NappaIntentExtras: 	- No extras registered
08-04 15:00:30.956 24407 24407 D NappaIntentExtras: activity nappatfpr.appteam.nith.hillffair.activities.InformationActivity
08-04 15:00:30.956 24407 24407 D NappaIntentExtras: 	- No extras registered
08-04 15:00:30.956 24407 24407 D NappaIntentExtras: activity nappatfpr.appteam.nith.hillffair.activities.BattleDayActivity
08-04 15:00:30.956 24407 24407 D NappaIntentExtras: 	- No extras registered
08-04 15:00:30.957 24407 24407 D NappaIntentExtras: activity nappatfpr.appteam.nith.hillffair.activities.HomeActivity
08-04 15:00:30.957 24407 24407 D NappaIntentExtras: 	- No extras registered
08-04 15:00:30.957 24407 24407 D NappaIntentExtras: activity nappatfpr.appteam.nith.hillffair.activities.ClubActivity
08-04 15:00:30.957 24407 24407 D NappaIntentExtras: 	- No extras registered
08-04 15:00:30.957 24407 24407 D NappaIntentExtras: activity nappatfpr.appteam.nith.hillffair.activities.SplashActivity
08-04 15:00:30.957 24407 24407 D NappaIntentExtras: 	- No extras registered
08-04 15:00:30.957 24407 24407 D NappaIntentExtras: activity nappatfpr.appteam.nith.hillffair.activities.EventActivity
08-04 15:00:30.957 24407 24407 D NappaIntentExtras: 	- No extras registered
08-04 15:00:30.957 24407 24407 D NappaIntentExtras: activity nappatfpr.appteam.nith.hillffair.activities.LeaderBoardActivity
08-04 15:00:30.957 24407 24407 D NappaIntentExtras: 	- No extras registered
08-04 15:00:30.957 24407 24407 D NappaIntentExtras: ==================
08-04 15:00:30.958   918  5952 I ActivityManager: START u0 {cmp=nappatfpr.appteam.nith.hillffair/.activities.HomeActivity} from uid 10657 on display 0
08-04 15:00:30.967   918   928 W ActivityManager: Duplicate finish request for ActivityRecord{b9a0aaf u0 nappatfpr.appteam.nith.hillffair/.activities.WelcomeActivity t3927 f}
08-04 15:00:31.118 24407 24420 I art     : Waiting for a blocking GC Explicit
08-04 15:00:31.124 24407 24420 I art     : WaitForGcToComplete blocked for 6.033ms for cause Explicit
08-04 15:00:31.124 24407 24420 I art     : Starting a blocking GC Explicit
08-04 15:00:31.136 24407 24420 I art     : Explicit concurrent mark sweep GC freed 50(2000B) AllocSpace objects, 0(0B) LOS objects, 27% free, 42MB/58MB, paused 298us total 11.733ms
08-04 15:00:31.142 24407 24420 I art     : Starting a blocking GC Explicit
08-04 15:00:31.154 24407 24420 I art     : Explicit concurrent mark sweep GC freed 3(96B) AllocSpace objects, 0(0B) LOS objects, 27% free, 42MB/58MB, paused 295us total 11.448ms
08-04 15:00:31.160 24407 24420 I art     : Starting a blocking GC Explicit
08-04 15:00:31.172 24407 24420 I art     : Explicit concurrent mark sweep GC freed 3(96B) AllocSpace objects, 0(0B) LOS objects, 27% free, 42MB/58MB, paused 297us total 11.907ms
08-04 15:00:31.177 24407 24420 I art     : Starting a blocking GC Explicit
08-04 15:00:31.189 24407 24420 I art     : Explicit concurrent mark sweep GC freed 148(38KB) AllocSpace objects, 0(0B) LOS objects, 27% free, 42MB/58MB, paused 444us total 11.424ms
08-04 15:00:31.194 24407 24420 I art     : Starting a blocking GC Explicit
08-04 15:00:31.210 24407 24420 I art     : Explicit concurrent mark sweep GC freed 266(80KB) AllocSpace objects, 0(0B) LOS objects, 27% free, 42MB/58MB, paused 691us total 14.920ms
08-04 15:00:31.238 24407 24407 D NappaLifecycleObserver: nappatfpr.appteam.nith.hillffair.activities.HomeActivity - onResume
08-04 15:00:31.238 24407 24407 D Nappa   : setCurrentActivity - MetricStrategyAccuracy - 
08-04 15:00:31.238 24407 24407 D Nappa   : madePredictionFromActivity = false, 
08-04 15:00:31.238 24407 24407 D Nappa   : fromActivity = nappatfpr.appteam.nith.hillffair.activities.SplashActivity, 
08-04 15:00:31.238 24407 24407 D Nappa   : predictedNextActivityFromActivity = [], 
08-04 15:00:31.238 24407 24407 D Nappa   : activity.getClass().getCanonicalName() = nappatfpr.appteam.nith.hillffair.activities.HomeActivity, 
08-04 15:00:31.238 24407 24407 D Nappa   : setCurrentActivity - MetricStrategyAccuracy - 
08-04 15:00:31.238 24407 24407 D Nappa   : madePredictionFromExtra = false, 
08-04 15:00:31.238 24407 24407 D Nappa   : fromActivity = nappatfpr.appteam.nith.hillffair.activities.SplashActivity, 
08-04 15:00:31.238 24407 24407 D Nappa   : predictedNextActivityFromExtra = [], 
08-04 15:00:31.238 24407 24407 D Nappa   : activity.getClass().getCanonicalName() = nappatfpr.appteam.nith.hillffair.activities.HomeActivity, 
08-04 15:00:31.238 24407 24407 D Nappa   : PREFETCH_ON_EXTRA - setCurrentActivity - logs - from activity - made prediction isfalse
08-04 15:00:31.339 24407 24407 D Nappa   : registerActivity: (already in) nappatfpr.appteam.nith.hillffair.activities.HomeActivity
08-04 15:00:31.339 24407 24407 D ActivityNode: ACTNODE UPDATING AFTER LOADING FROM DB
08-04 15:00:31.339 24407 24407 D ActivityGraph: LARDataCalculatedUpdate nappatfpr.appteam.nith.hillffair.activities.HomeActivity Pagerank: 0.25 HITS-Authority: 1.0 HITS-Hub: 1.0 SALSA-Authority: 1.0 SALSA-Hub: 1.0
08-04 15:00:31.339 24407 24407 D Nappa   : SHOULD_PREFETCH true
08-04 15:00:31.439 24407 24407 D Nappa   : registerActivity: (already in) nappatfpr.appteam.nith.hillffair.activities.HomeActivity
08-04 15:00:31.440 24407 24407 D Nappa   : SUCCESSORS nappatfpr.appteam.nith.hillffair.activities.BattleDayActivity
08-04 15:00:31.440 24407 24407 D Nappa   : SUCCESSORS nappatfpr.appteam.nith.hillffair.activities.QuizActivity
08-04 15:00:31.440 24407 24407 D Nappa   : SUCCESSORS nappatfpr.appteam.nith.hillffair.activities.EventActivity
08-04 15:00:31.440 24407 24407 D Nappa   : STATS Number of requests not prefetched: 0
08-04 15:00:31.440 24407 24407 D Nappa   : STATS Number of requests prefetched: 0
08-04 15:00:31.441 24407 24407 D Nappa   : STATS Time saved until now: 0.0
08-04 15:00:31.446 24407 24407 D ActivityNode: Observer - visit time - SplashActivity - New aggregate visit time found is 5565 ms
08-04 15:00:31.447 24407 24407 D ActivityNode: Observer - successor visit time - SplashActivity - Updating the visit time from the successors list:
08-04 15:00:31.447 24407 24407 D ActivityNode: [AggregateVisitTimeByActivity{nappatfpr.appteam.nith.hillffair.activities.HomeActivity : 11175 ms}]
08-04 15:00:31.447 24407 24407 D ActivityNode: Observer - successor visit time - HomeActivity - Updating the visit time from the successors list:
08-04 15:00:31.447 24407 24407 D ActivityNode: [AggregateVisitTimeByActivity{nappatfpr.appteam.nith.hillffair.activities.BattleDayActivity : 38796 ms}, AggregateVisitTimeByActivity{nappatfpr.appteam.nith.hillffair.activities.QuizActivity : 15513 ms}, AggregateVisitTimeByActivity{nappatfpr.appteam.nith.hillffair.activities.EventActivity : 39121 ms}]
08-04 15:00:31.447 24407 24407 D ActivityNode: Observer - successor visit time - BattleDayActivity - Updating the visit time from the successors list:
08-04 15:00:31.447 24407 24407 D ActivityNode: [AggregateVisitTimeByActivity{nappatfpr.appteam.nith.hillffair.activities.ClubActivity : 92687 ms}]
08-04 15:00:31.447 24407 24407 D ActivityNode: Observer - successor visit time - QuizActivity - Updating the visit time from the successors list:
08-04 15:00:31.447 24407 24407 D ActivityNode: [AggregateVisitTimeByActivity{nappatfpr.appteam.nith.hillffair.activities.LeaderBoardActivity : 40725 ms}, AggregateVisitTimeByActivity{nappatfpr.appteam.nith.hillffair.activities.InformationActivity : 13588 ms}]
08-04 15:00:31.448 24407 24407 D ActivityNode: Observer - successor visit time - EventActivity - Updating the visit time from the successors list:
08-04 15:00:31.448 24407 24407 D ActivityNode: [AggregateVisitTimeByActivity{nappatfpr.appteam.nith.hillffair.activities.ClubActivity : 82199 ms}]
08-04 15:00:31.523 24407 24420 I art     : Starting a blocking GC Explicit
08-04 15:00:31.542 24407 24420 I art     : Explicit concurrent mark sweep GC freed 3182(305KB) AllocSpace objects, 2(140KB) LOS objects, 25% free, 46MB/62MB, paused 490us total 18.128ms
08-04 15:00:31.549 24407 24420 I art     : Starting a blocking GC Explicit
08-04 15:00:31.564 24407 24420 I art     : Explicit concurrent mark sweep GC freed 699(67KB) AllocSpace objects, 0(0B) LOS objects, 25% free, 47MB/63MB, paused 522us total 14.391ms
08-04 15:00:31.570 24407 24420 I art     : Starting a blocking GC Explicit
08-04 15:00:31.584 24407 24420 I art     : Explicit concurrent mark sweep GC freed 361(65KB) AllocSpace objects, 0(0B) LOS objects, 24% free, 48MB/64MB, paused 407us total 13.734ms
08-04 15:00:31.588 24407 24407 D ActivityNode: Observer - session data - sourceSplashActivity
08-04 15:00:31.588 24407 24407 D ActivityNode: destinations:
08-04 15:00:31.588 24407 24407 D ActivityNode: 	nappatfpr.appteam.nith.hillffair.activities.HomeActivity( count 4)
08-04 15:00:31.588 24407 24407 D ActivityNode: Observer - session data - sourceHomeActivity
08-04 15:00:31.588 24407 24407 D ActivityNode: destinations:
08-04 15:00:31.588 24407 24407 D ActivityNode: 	nappatfpr.appteam.nith.hillffair.activities.BattleDayActivity( count 6)
08-04 15:00:31.588 24407 24407 D ActivityNode: 	nappatfpr.appteam.nith.hillffair.activities.QuizActivity( count 6)
08-04 15:00:31.588 24407 24407 D ActivityNode: 	nappatfpr.appteam.nith.hillffair.activities.EventActivity( count 6)
08-04 15:00:31.588 24407 24407 D ActivityNode: Observer - session data - sourceBattleDayActivity
08-04 15:00:31.588 24407 24407 D ActivityNode: destinations:
08-04 15:00:31.588 24407 24407 D ActivityNode: 	nappatfpr.appteam.nith.hillffair.activities.ClubActivity( count 18)
08-04 15:00:31.588 24407 24407 D ActivityNode: Observer - session data - sourceClubActivity
08-04 15:00:31.588 24407 24407 D ActivityNode: destinations:
08-04 15:00:31.588 24407 24407 D ActivityNode: Observer - successor visit time - HomeActivity - Updating the visit time from the successors list:
08-04 15:00:31.588 24407 24407 D ActivityNode: [AggregateVisitTimeByActivity{nappatfpr.appteam.nith.hillffair.activities.BattleDayActivity : 38796 ms}, AggregateVisitTimeByActivity{nappatfpr.appteam.nith.hillffair.activities.QuizActivity : 15513 ms}, AggregateVisitTimeByActivity{nappatfpr.appteam.nith.hillffair.activities.EventActivity : 39121 ms}]
08-04 15:00:31.588 24407 24407 D ActivityNode: Observer - successor visit time - SplashActivity - Updating the visit time from the successors list:
08-04 15:00:31.588 24407 24407 D ActivityNode: [AggregateVisitTimeByActivity{nappatfpr.appteam.nith.hillffair.activities.HomeActivity : 11175 ms}]
08-04 15:00:31.588 24407 24407 D ActivityNode: Observer - session data - sourceQuizActivity
08-04 15:00:31.588 24407 24407 D ActivityNode: destinations:
08-04 15:00:31.588 24407 24407 D ActivityNode: 	nappatfpr.appteam.nith.hillffair.activities.LeaderBoardActivity( count 9)
08-04 15:00:31.588 24407 24407 D ActivityNode: 	nappatfpr.appteam.nith.hillffair.activities.InformationActivity( count 3)
08-04 15:00:31.588 24407 24407 D ActivityNode: Observer - successor visit time - BattleDayActivity - Updating the visit time from the successors list:
08-04 15:00:31.588 24407 24407 D ActivityNode: [AggregateVisitTimeByActivity{nappatfpr.appteam.nith.hillffair.activities.ClubActivity : 92687 ms}]
08-04 15:00:31.588 24407 24407 D ActivityNode: Observer - session data - sourceLeaderBoardActivity
08-04 15:00:31.588 24407 24407 D ActivityNode: destinations:
08-04 15:00:31.588 24407 24407 D ActivityNode: Observer - session data - sourceInformationActivity
08-04 15:00:31.588 24407 24407 D ActivityNode: destinations:
08-04 15:00:31.588 24407 24407 D ActivityNode: Observer - session data - sourceEventActivity
08-04 15:00:31.588 24407 24407 D ActivityNode: destinations:
08-04 15:00:31.588 24407 24407 D ActivityNode: 	nappatfpr.appteam.nith.hillffair.activities.ClubActivity( count 18)
08-04 15:00:31.588 24407 24407 D ActivityNode: Observer - successor visit time - QuizActivity - Updating the visit time from the successors list:
08-04 15:00:31.588 24407 24407 D ActivityNode: [AggregateVisitTimeByActivity{nappatfpr.appteam.nith.hillffair.activities.LeaderBoardActivity : 40725 ms}, AggregateVisitTimeByActivity{nappatfpr.appteam.nith.hillffair.activities.InformationActivity : 13588 ms}]
08-04 15:00:31.590 24407 24420 I art     : Starting a blocking GC Explicit
08-04 15:00:31.602 24407 24420 I art     : Explicit concurrent mark sweep GC freed 460(45KB) AllocSpace objects, 0(0B) LOS objects, 24% free, 48MB/64MB, paused 209us total 11.825ms
08-04 15:00:31.608 24407 24420 I art     : Starting a blocking GC Explicit
08-04 15:00:31.620 24407 24420 I art     : Explicit concurrent mark sweep GC freed 19(960B) AllocSpace objects, 0(0B) LOS objects, 24% free, 48MB/64MB, paused 212us total 11.897ms
08-04 15:00:31.639 24407 24440 D Nappa   : PREFETCH_ON_EXTRA - setCurrentActivity - logs - from extra - made prediction isfalse
08-04 15:00:31.690 24407 24407 D ActivityNode: Observer - successor visit time - EventActivity - Updating the visit time from the successors list:
08-04 15:00:31.690 24407 24407 D ActivityNode: [AggregateVisitTimeByActivity{nappatfpr.appteam.nith.hillffair.activities.ClubActivity : 82199 ms}]
08-04 15:00:31.701   918   936 I ActivityManager: Displayed nappatfpr.appteam.nith.hillffair/.activities.HomeActivity: +690ms (total +765ms)
08-04 15:00:31.702 13866 13866 I GoogleInputMethodServic: GoogleInputMethodService.onFinishInput():3138 
08-04 15:00:31.702 13866 13866 I GoogleInputMethodServic: GoogleInputMethodService.onStartInput():1808 
08-04 15:00:31.750 24407 24407 D NappaLifecycleObserver: nappatfpr.appteam.nith.hillffair.activities.WelcomeActivity - onDestroy
08-04 15:00:31.750 24407 24407 D NappaLifecycleObserver: -------------F1_SCORE #0 -----------
08-04 15:00:31.750 24407 24407 D NappaLifecycleObserver: F1_SCORE - Intercept list (0)= []
08-04 15:00:31.750 24407 24407 D NappaLifecycleObserver: F1_SCORE - Prefetch list (0)= []
08-04 15:00:31.750 24407 24407 D NappaLifecycleObserver: F1_SCORE - TP list (0)= []
08-04 15:00:31.750 24407 24407 D NappaLifecycleObserver: F1_SCORE - FN list (0)= []
08-04 15:00:31.751 24407 24407 I NAPPA_EXPERIMENTATION: MetricPrefetchingAccuracy: LOG_ID='1',F1_SCORE_1='0.0',F1_SCORE_2='0.0',TRUE_POSITIVE='0',FALSE_POSITIVE='0',FALSE_NEGATIVE='0',
08-04 15:00:31.878 24407 24514 I art     : Starting a blocking GC Explicit
08-04 15:00:31.900 24407 24514 I art     : Explicit concurrent mark sweep GC freed 1955(150KB) AllocSpace objects, 1(20KB) LOS objects, 24% free, 48MB/64MB, paused 270us total 21.645ms
08-04 15:00:31.912 24407 24514 I art     : Starting a blocking GC Explicit
08-04 15:00:31.929 24407 24514 I art     : Explicit concurrent mark sweep GC freed 1048(71KB) AllocSpace objects, 0(0B) LOS objects, 24% free, 48MB/64MB, paused 248us total 16.519ms
08-04 15:00:31.937 24407 24514 I art     : Starting a blocking GC Explicit
08-04 15:00:31.941 24407 24440 D Nappa   : PREFETCH_ON_EXTRA - setCurrentActivity - starting new prediction
08-04 15:00:31.941 24407 24440 D Nappa   : Current node - currentActivityName - nappatfpr.appteam.nith.hillffair.activities.HomeActivity
08-04 15:00:31.941 24407 24440 D Nappa   : Current node - activityGraph.getCurrent() - nappatfpr.appteam.nith.hillffair.activities.HomeActivity
08-04 15:00:31.944 24407 24440 I NAPPA_EXPERIMENTATION: MetricNappaPrefetchingStrategyExecutionTime: STRATEGY_CLASS='TfprPrefetchingStrategy',DURATION='1985364',NUMBER_OF_URLS='0',NUMBER_OF_SELECTED_CHILDREN_NODES='0',NUMBER_OF_CHILDREN_NODES='3',STRATEGY_RUN_SUCCESSFULLY='True',
08-04 15:00:31.944 24407 24440 D TfprPrefetchingStrategy: ==================================
08-04 15:00:31.944 24407 24440 D TfprPrefetchingStrategy: Starting Run #1
08-04 15:00:31.944 24407 24440 D TfprPrefetchingStrategy: ----------------------------------
08-04 15:00:31.944 24407 24440 D TfprPrefetchingStrategy: Node data HomeActivity 
08-04 15:00:31.944 24407 24440 D TfprPrefetchingStrategy: 	Successors:
08-04 15:00:31.944 24407 24440 D TfprPrefetchingStrategy: 		BattleDayActivity (0 hits)
08-04 15:00:31.944 24407 24440 D TfprPrefetchingStrategy: 		QuizActivity (0 hits)
08-04 15:00:31.944 24407 24440 D TfprPrefetchingStrategy: 		EventActivity (0 hits)
08-04 15:00:31.944 24407 24440 D TfprPrefetchingStrategy: 	Ancestors:
08-04 15:00:31.944 24407 24440 D TfprPrefetchingStrategy: 		SplashActivity (0 hits)
08-04 15:00:31.944 24407 24440 D TfprPrefetchingStrategy: 
08-04 15:00:31.944 24407 24440 D TfprPrefetchingStrategy: MetricStrategyAccuracy inc execution count1 | act = true; extra = false
08-04 15:00:31.944 24407 24440 D TfprPrefetchingStrategy: ===
08-04 15:00:31.944 24407 24440 D TfprPrefetchingStrategy: calculateVisitTimeScores
08-04 15:00:31.944 24407 24440 D TfprPrefetchingStrategy: -------- Node EventActivity-----------
08-04 15:00:31.944 24407 24440 D TfprPrefetchingStrategy: tfprNode.aggregateVisitTime = 69090
08-04 15:00:31.944 24407 24440 D TfprPrefetchingStrategy: tfprNode.totalAggregateVisitTimeFromSuccessors = 82199
08-04 15:00:31.944 24407 24440 D TfprPrefetchingStrategy: tfprNode.aggregateVisitTimeFromSuccessors = {nappatfpr.appteam.nith.hillffair.activities.ClubActivity=82199}
08-04 15:00:31.944 24407 24440 D TfprPrefetchingStrategy: -------- Node BattleDayActivity-----------
08-04 15:00:31.944 24407 24440 D TfprPrefetchingStrategy: tfprNode.aggregateVisitTime = 67180
08-04 15:00:31.944 24407 24440 D TfprPrefetchingStrategy: tfprNode.totalAggregateVisitTimeFromSuccessors = 92687
08-04 15:00:31.944 24407 24440 D TfprPrefetchingStrategy: tfprNode.aggregateVisitTimeFromSuccessors = {nappatfpr.appteam.nith.hillffair.activities.ClubActivity=92687}
08-04 15:00:31.944 24407 24440 D TfprPrefetchingStrategy: -------- Node HomeActivity-----------
08-04 15:00:31.945 24407 24440 D TfprPrefetchingStrategy: tfprNode.aggregateVisitTime = 35873
08-04 15:00:31.945 24407 24440 D TfprPrefetchingStrategy: tfprNode.totalAggregateVisitTimeFromSuccessors = 93430
08-04 15:00:31.945 24407 24440 D TfprPrefetchingStrategy: tfprNode.aggregateVisitTimeFromSuccessors = {nappatfpr.appteam.nith.hillffair.activities.EventActivity=39121, nappatfpr.appteam.nith.hillffair.activities.BattleDayActivity=38796, nappatfpr.appteam.nith.hillffair.activities.QuizActivity=15513}
08-04 15:00:31.945 24407 24440 D TfprPrefetchingStrategy: -------- Node QuizActivity-----------
08-04 15:00:31.945 24407 24440 D TfprPrefetchingStrategy: tfprNode.aggregateVisitTime = 35494
08-04 15:00:31.945 24407 24440 D TfprPrefetchingStrategy: tfprNode.totalAggregateVisitTimeFromSuccessors = 54313
08-04 15:00:31.945 24407 24440 D TfprPrefetchingStrategy: tfprNode.aggregateVisitTimeFromSuccessors = {nappatfpr.appteam.nith.hillffair.activities.InformationActivity=13588, nappatfpr.appteam.nith.hillffair.activities.LeaderBoardActivity=40725}
08-04 15:00:31.945 24407 24440 D TfprPrefetchingStrategy: -------- Graph -----------
08-04 15:00:31.945 24407 24440 D TfprPrefetchingStrategy: tfprGraph.aggregateVisitTimeFromSuccessors = 207637
08-04 15:00:31.945 24407 24440 D TfprPrefetchingStrategy: ===
08-04 15:00:31.945 24407 24440 D TfprPrefetchingStrategy: ===
08-04 15:00:31.945 24407 24440 D TfprPrefetchingStrategy: runTfprAlgorithm
08-04 15:00:31.945 24407 24440 D TfprPrefetchingStrategy: ------------- TFPR calculation #1 of 10 -----------
08-04 15:00:31.945 24407 24440 D TfprPrefetchingStrategy: node EventActivity score = 0.28283253
08-04 15:00:31.945 24407 24440 D TfprPrefetchingStrategy: node BattleDayActivity score = 0.2750136
08-04 15:00:31.945 24407 24440 D TfprPrefetchingStrategy: node HomeActivity score = 0.14685269
08-04 15:00:31.945 24407 24440 D TfprPrefetchingStrategy: node QuizActivity score = 0.14895867
08-04 15:00:31.945 24407 24440 D TfprPrefetchingStrategy: ------------- TFPR calculation #2 of 10 -----------
08-04 15:00:31.945 24407 24440 D TfprPrefetchingStrategy: node EventActivity score = 0.29205605
08-04 15:00:31.945 24407 24440 D TfprPrefetchingStrategy: node BattleDayActivity score = 0.2841605
08-04 15:00:31.945 24407 24440 D TfprPrefetchingStrategy: node HomeActivity score = 0.14685269
08-04 15:00:31.945 24407 24440 D TfprPrefetchingStrategy: node QuizActivity score = 0.14895867
08-04 15:00:31.946 24407 24440 D TfprPrefetchingStrategy: ------------- TFPR calculation #3 of 10 -----------
08-04 15:00:31.946 24407 24440 D TfprPrefetchingStrategy: node EventActivity score = 0.29205605
08-04 15:00:31.946 24407 24440 D TfprPrefetchingStrategy: node BattleDayActivity score = 0.2841605
08-04 15:00:31.946 24407 24440 D TfprPrefetchingStrategy: node HomeActivity score = 0.14685269
08-04 15:00:31.946 24407 24440 D TfprPrefetchingStrategy: node QuizActivity score = 0.14895867
08-04 15:00:31.946 24407 24440 D TfprPrefetchingStrategy: ------------- TFPR calculation #4 of 10 -----------
08-04 15:00:31.946 24407 24440 D TfprPrefetchingStrategy: node EventActivity score = 0.29205605
08-04 15:00:31.946 24407 24440 D TfprPrefetchingStrategy: node BattleDayActivity score = 0.2841605
08-04 15:00:31.946 24407 24440 D TfprPrefetchingStrategy: node HomeActivity score = 0.14685269
08-04 15:00:31.946 24407 24440 D TfprPrefetchingStrategy: node QuizActivity score = 0.14895867
08-04 15:00:31.946 24407 24440 D TfprPrefetchingStrategy: ------------- TFPR calculation #5 of 10 -----------
08-04 15:00:31.946 24407 24440 D TfprPrefetchingStrategy: node EventActivity score = 0.29205605
08-04 15:00:31.946 24407 24440 D TfprPrefetchingStrategy: node BattleDayActivity score = 0.2841605
08-04 15:00:31.946 24407 24440 D TfprPrefetchingStrategy: node HomeActivity score = 0.14685269
08-04 15:00:31.946 24407 24440 D TfprPrefetchingStrategy: node QuizActivity score = 0.14895867
08-04 15:00:31.946 24407 24440 D TfprPrefetchingStrategy: ------------- TFPR calculation #6 of 10 -----------
08-04 15:00:31.946 24407 24440 D TfprPrefetchingStrategy: node EventActivity score = 0.29205605
08-04 15:00:31.946 24407 24440 D TfprPrefetchingStrategy: node BattleDayActivity score = 0.2841605
08-04 15:00:31.946 24407 24440 D TfprPrefetchingStrategy: node HomeActivity score = 0.14685269
08-04 15:00:31.947 24407 24440 D TfprPrefetchingStrategy: node QuizActivity score = 0.14895867
08-04 15:00:31.947 24407 24440 D TfprPrefetchingStrategy: ------------- TFPR calculation #7 of 10 -----------
08-04 15:00:31.947 24407 24440 D TfprPrefetchingStrategy: node EventActivity score = 0.29205605
08-04 15:00:31.947 24407 24440 D TfprPrefetchingStrategy: node BattleDayActivity score = 0.2841605
08-04 15:00:31.947 24407 24440 D TfprPrefetchingStrategy: node HomeActivity score = 0.14685269
08-04 15:00:31.947 24407 24440 D TfprPrefetchingStrategy: node QuizActivity score = 0.14895867
08-04 15:00:31.947 24407 24440 D TfprPrefetchingStrategy: ------------- TFPR calculation #8 of 10 -----------
08-04 15:00:31.947 24407 24440 D TfprPrefetchingStrategy: node EventActivity score = 0.29205605
08-04 15:00:31.947 24407 24440 D TfprPrefetchingStrategy: node BattleDayActivity score = 0.2841605
08-04 15:00:31.947 24407 24440 D TfprPrefetchingStrategy: node HomeActivity score = 0.14685269
08-04 15:00:31.947 24407 24440 D TfprPrefetchingStrategy: node QuizActivity score = 0.14895867
08-04 15:00:31.947 24407 24440 D TfprPrefetchingStrategy: ------------- TFPR calculation #9 of 10 -----------
08-04 15:00:31.947 24407 24440 D TfprPrefetchingStrategy: node EventActivity score = 0.29205605
08-04 15:00:31.947 24407 24440 D TfprPrefetchingStrategy: node BattleDayActivity score = 0.2841605
08-04 15:00:31.947 24407 24440 D TfprPrefetchingStrategy: node HomeActivity score = 0.14685269
08-04 15:00:31.947 24407 24440 D TfprPrefetchingStrategy: node QuizActivity score = 0.14895867
08-04 15:00:31.947 24407 24440 D TfprPrefetchingStrategy: ------------- TFPR calculation #10 of 10 -----------
08-04 15:00:31.947 24407 24440 D TfprPrefetchingStrategy: node EventActivity score = 0.29205605
08-04 15:00:31.947 24407 24440 D TfprPrefetchingStrategy: node BattleDayActivity score = 0.2841605
08-04 15:00:31.947 24407 24440 D TfprPrefetchingStrategy: node HomeActivity score = 0.14685269
08-04 15:00:31.947 24407 24440 D TfprPrefetchingStrategy: node QuizActivity score = 0.14895867
08-04 15:00:31.947 24407 24440 D TfprPrefetchingStrategy: ===
08-04 15:00:31.948 24407 24440 D TfprPrefetchingStrategy: ===
08-04 15:00:31.948 24407 24440 D TfprPrefetchingStrategy: getSuccessorListSortByTfprScore
08-04 15:00:31.948 24407 24440 D TfprPrefetchingStrategy: Successors before the sort [TfprNode{BattleDayActivity : TFPR = 0.2841605}, TfprNode{QuizActivity : TFPR = 0.14895867}, TfprNode{EventActivity : TFPR = 0.29205605}]
08-04 15:00:31.948 24407 24440 D TfprPrefetchingStrategy: Successors sorted by highest to lowest score (N2 - N1 comparator) are [TfprNode{EventActivity : TFPR = 0.29205605}, TfprNode{BattleDayActivity : TFPR = 0.2841605}, TfprNode{QuizActivity : TFPR = 0.14895867}]
08-04 15:00:31.948 24407 24440 D TfprPrefetchingStrategy: Successor with highest score is EventActivity with score 0.29205605
08-04 15:00:31.948 24407 24440 D TfprPrefetchingStrategy: The score threshold is 0.3
08-04 15:00:31.948 24407 24440 D TfprPrefetchingStrategy: successors with high score = []
08-04 15:00:31.948 24407 24440 D TfprPrefetchingStrategy: ===
08-04 15:00:31.948 24407 24440 D TfprPrefetchingStrategy: MetricStrategyAccuracy inc insufficient score count1 | act = true; extra = false
08-04 15:00:31.948 24407 24440 D TfprPrefetchingStrategy: Next visited child will be []
08-04 15:00:31.948 24407 24440 D TfprPrefetchingStrategy: ==================================
08-04 15:00:31.948 24407 24440 D Nappa   : PREFETCH_ON_EXTRA - setCurrentActivity - finished new prediction
08-04 15:00:31.950   380   380 W SurfaceFlinger: couldn't log to binary event log: overflow.
08-04 15:00:31.953 24407 24514 I art     : Explicit concurrent mark sweep GC freed 982(62KB) AllocSpace objects, 0(0B) LOS objects, 24% free, 48MB/64MB, paused 267us total 15.691ms
08-04 15:00:31.962 24407 24514 I art     : Starting a blocking GC Explicit
08-04 15:00:31.974 24407 24514 I art     : Explicit concurrent mark sweep GC freed 13(1392B) AllocSpace objects, 0(0B) LOS objects, 24% free, 48MB/64MB, paused 197us total 12.068ms
08-04 15:00:31.980 24407 24514 I art     : Starting a blocking GC Explicit
08-04 15:00:31.991 24407 24514 I art     : Explicit concurrent mark sweep GC freed 3(96B) AllocSpace objects, 0(0B) LOS objects, 24% free, 48MB/64MB, paused 185us total 11.185ms
08-04 15:00:32.074 24407 24407 D NappaLifecycleObserver: nappatfpr.appteam.nith.hillffair.activities.SplashActivity - onDestroy
08-04 15:00:32.074 24407 24407 D NappaLifecycleObserver: -------------F1_SCORE #1 -----------
08-04 15:00:32.074 24407 24407 D NappaLifecycleObserver: F1_SCORE - Intercept list (0)= []
08-04 15:00:32.074 24407 24407 D NappaLifecycleObserver: F1_SCORE - Prefetch list (0)= []
08-04 15:00:32.074 24407 24407 D NappaLifecycleObserver: F1_SCORE - TP list (0)= []
08-04 15:00:32.074 24407 24407 D NappaLifecycleObserver: F1_SCORE - FN list (0)= []
08-04 15:00:32.074 24407 24407 I NAPPA_EXPERIMENTATION: MetricPrefetchingAccuracy: LOG_ID='2',F1_SCORE_1='0.0',F1_SCORE_2='0.0',TRUE_POSITIVE='0',FALSE_POSITIVE='0',FALSE_NEGATIVE='0',
08-04 15:00:32.293 24407 24419 I art     : Starting a blocking GC Explicit
08-04 15:00:32.314 24407 24419 I art     : Explicit concurrent mark sweep GC freed 2288(131KB) AllocSpace objects, 1(20KB) LOS objects, 24% free, 48MB/64MB, paused 259us total 20.266ms
08-04 15:00:32.325 24407 24419 I art     : Starting a blocking GC Explicit
08-04 15:00:32.342 24407 24419 I art     : Explicit concurrent mark sweep GC freed 935(60KB) AllocSpace objects, 0(0B) LOS objects, 24% free, 48MB/64MB, paused 250us total 16.594ms
08-04 15:00:32.351 24407 24419 I art     : Starting a blocking GC Explicit
08-04 15:00:32.364 24407 24419 I art     : Explicit concurrent mark sweep GC freed 3(96B) AllocSpace objects, 0(0B) LOS objects, 24% free, 48MB/64MB, paused 229us total 13.096ms
08-04 15:00:32.370 24407 24419 I art     : Starting a blocking GC Explicit
08-04 15:00:32.383 24407 24419 I art     : Explicit concurrent mark sweep GC freed 3(96B) AllocSpace objects, 0(0B) LOS objects, 24% free, 48MB/64MB, paused 206us total 12.256ms
08-04 15:00:32.383 24407 24418 I art     : WaitForGcToComplete blocked for 9.791ms for cause HeapTrim
08-04 15:00:32.390 24407 24419 I art     : Starting a blocking GC Explicit
08-04 15:00:32.402 24407 24419 I art     : Explicit concurrent mark sweep GC freed 3(96B) AllocSpace objects, 0(0B) LOS objects, 24% free, 48MB/64MB, paused 201us total 11.862ms
08-04 15:00:32.703 24407 24514 I art     : Starting a blocking GC Explicit
08-04 15:00:32.722 24407 24514 I art     : Explicit concurrent mark sweep GC freed 1534(92KB) AllocSpace objects, 1(20KB) LOS objects, 24% free, 48MB/64MB, paused 262us total 18.924ms
08-04 15:00:32.733 24407 24514 I art     : Starting a blocking GC Explicit
08-04 15:00:32.750 24407 24514 I art     : Explicit concurrent mark sweep GC freed 28(1024B) AllocSpace objects, 0(0B) LOS objects, 24% free, 48MB/64MB, paused 242us total 16.470ms
08-04 15:00:32.757 24407 24514 I art     : Starting a blocking GC Explicit
08-04 15:00:32.769 24407 24514 I art     : Explicit concurrent mark sweep GC freed 3(96B) AllocSpace objects, 0(0B) LOS objects, 24% free, 48MB/64MB, paused 219us total 12.248ms
08-04 15:00:32.776 24407 24514 I art     : Starting a blocking GC Explicit
08-04 15:00:32.788 24407 24514 I art     : Explicit concurrent mark sweep GC freed 3(96B) AllocSpace objects, 0(0B) LOS objects, 24% free, 48MB/64MB, paused 229us total 12.588ms
08-04 15:00:32.794 24407 24514 I art     : Starting a blocking GC Explicit
08-04 15:00:32.807 24407 24514 I art     : Explicit concurrent mark sweep GC freed 3(96B) AllocSpace objects, 0(0B) LOS objects, 24% free, 48MB/64MB, paused 220us total 12.830ms
08-04 15:00:33.120 24407 24420 I art     : Starting a blocking GC Explicit
08-04 15:00:33.140 24407 24420 I art     : Explicit concurrent mark sweep GC freed 1537(95KB) AllocSpace objects, 1(20KB) LOS objects, 24% free, 48MB/64MB, paused 253us total 19.499ms
08-04 15:00:33.150 24407 24420 I art     : Starting a blocking GC Explicit
08-04 15:00:33.165 24407 24420 I art     : Explicit concurrent mark sweep GC freed 28(1024B) AllocSpace objects, 0(0B) LOS objects, 24% free, 48MB/64MB, paused 226us total 13.981ms
08-04 15:00:33.171 24407 24420 I art     : Starting a blocking GC Explicit
08-04 15:00:33.184 24407 24420 I art     : Explicit concurrent mark sweep GC freed 3(96B) AllocSpace objects, 0(0B) LOS objects, 24% free, 48MB/64MB, paused 204us total 12.637ms
08-04 15:00:33.190 24407 24420 I art     : Starting a blocking GC Explicit
08-04 15:00:33.203 24407 24420 I art     : Explicit concurrent mark sweep GC freed 3(96B) AllocSpace objects, 0(0B) LOS objects, 24% free, 48MB/64MB, paused 226us total 12.930ms
08-04 15:00:33.209 24407 24420 I art     : Starting a blocking GC Explicit
08-04 15:00:33.223 24407 24420 I art     : Explicit concurrent mark sweep GC freed 3(96B) AllocSpace objects, 0(0B) LOS objects, 24% free, 48MB/64MB, paused 213us total 13.047ms
08-04 15:00:33.446   918 13198 D NetlinkSocketObserver: NeighborEvent{elapsedMs=1699837321, 192.168.2.254, [7C3953A63323], RTM_NEWNEIGH, NUD_REACHABLE}
08-04 15:00:33.511 24407 24419 I art     : Starting a blocking GC Explicit
08-04 15:00:33.529 24407 24419 I art     : Explicit concurrent mark sweep GC freed 1536(92KB) AllocSpace objects, 1(20KB) LOS objects, 24% free, 48MB/64MB, paused 265us total 18.008ms
08-04 15:00:33.539 24407 24419 I art     : Starting a blocking GC Explicit
08-04 15:00:33.553 24407 24419 I art     : Explicit concurrent mark sweep GC freed 28(1024B) AllocSpace objects, 0(0B) LOS objects, 24% free, 48MB/64MB, paused 219us total 13.247ms
08-04 15:00:33.559 24407 24419 I art     : Starting a blocking GC Explicit
08-04 15:00:33.573 24407 24419 I art     : Explicit concurrent mark sweep GC freed 3(96B) AllocSpace objects, 0(0B) LOS objects, 24% free, 48MB/64MB, paused 215us total 13.538ms
08-04 15:00:33.580 24407 24419 I art     : Starting a blocking GC Explicit
08-04 15:00:33.593 24407 24419 I art     : Explicit concurrent mark sweep GC freed 3(96B) AllocSpace objects, 0(0B) LOS objects, 24% free, 48MB/64MB, paused 206us total 13.074ms
08-04 15:00:33.599 24407 24419 I art     : Starting a blocking GC Explicit
08-04 15:00:33.611 24407 24419 I art     : Explicit concurrent mark sweep GC freed 3(96B) AllocSpace objects, 0(0B) LOS objects, 24% free, 48MB/64MB, paused 212us total 12.134ms
08-04 15:00:33.913 24407 24514 I art     : Starting a blocking GC Explicit
08-04 15:00:33.929 24407 24514 I art     : Explicit concurrent mark sweep GC freed 1536(94KB) AllocSpace objects, 1(20KB) LOS objects, 24% free, 48MB/64MB, paused 253us total 15.461ms
08-04 15:00:33.936 24407 24514 I art     : Starting a blocking GC Explicit
08-04 15:00:33.949 24407 24514 I art     : Explicit concurrent mark sweep GC freed 28(1024B) AllocSpace objects, 0(0B) LOS objects, 24% free, 48MB/64MB, paused 209us total 12.647ms
08-04 15:00:33.954 24407 24514 I art     : Starting a blocking GC Explicit
08-04 15:00:33.966 24407 24514 I art     : Explicit concurrent mark sweep GC freed 3(96B) AllocSpace objects, 0(0B) LOS objects, 24% free, 48MB/64MB, paused 230us total 11.449ms
08-04 15:00:33.971 24407 24514 I art     : Starting a blocking GC Explicit
08-04 15:00:33.983 24407 24514 I art     : Explicit concurrent mark sweep GC freed 3(96B) AllocSpace objects, 0(0B) LOS objects, 24% free, 48MB/64MB, paused 209us total 11.182ms
08-04 15:00:33.988 24407 24514 I art     : Starting a blocking GC Explicit
08-04 15:00:34.000 24407 24514 I art     : Explicit concurrent mark sweep GC freed 3(96B) AllocSpace objects, 0(0B) LOS objects, 24% free, 48MB/64MB, paused 243us total 11.311ms
08-04 15:00:34.215 24656 24656 D AndroidRuntime: >>>>>> START com.android.internal.os.RuntimeInit uid 2000 <<<<<<
08-04 15:00:34.219 24656 24656 D AndroidRuntime: CheckJNI is OFF
08-04 15:00:34.244 24656 24656 D ICU     : No timezone override file found: /data/misc/zoneinfo/current/icu/icu_tzdata.dat
08-04 15:00:34.268 24656 24656 I Radio-JNI: register_android_hardware_Radio DONE
08-04 15:00:34.284 24656 24656 D AndroidRuntime: Calling main entry com.android.commands.input.Input
08-04 15:00:34.286 24656 24656 I Input   : injectMotionEvent: MotionEvent { action=ACTION_DOWN, actionButton=0, id[0]=0, x[0]=337.0, y[0]=1104.0, toolType[0]=TOOL_TYPE_UNKNOWN, buttonState=0, metaState=0, flags=0x0, edgeFlags=0x0, pointerCount=1, historySize=0, eventTime=716450699, downTime=716450699, deviceId=0, source=0x1002 }
08-04 15:00:34.287 24407 24420 I art     : Starting a blocking GC Explicit
