08-06 00:00:19.195 15857 15857 I Input   : injectMotionEvent: MotionEvent { action=ACTION_DOWN, actionButton=0, id[0]=0, x[0]=558.0, y[0]=368.0, toolType[0]=TOOL_TYPE_UNKNOWN, buttonState=0, metaState=0, flags=0x0, edgeFlags=0x0, pointerCount=1, historySize=0, eventTime=835235607, downTime=835235607, deviceId=0, source=0x1002 }
08-06 00:00:19.201 15857 15857 I Input   : injectMotionEvent: MotionEvent { action=ACTION_UP, actionButton=0, id[0]=0, x[0]=558.0, y[0]=368.0, toolType[0]=TOOL_TYPE_UNKNOWN, buttonState=0, metaState=0, flags=0x0, edgeFlags=0x0, pointerCount=1, historySize=0, eventTime=835235607, downTime=835235607, deviceId=0, source=0x1002 }
08-06 00:00:19.203 15857 15857 D AndroidRuntime: Shutting down VM
08-06 00:00:19.514 15015 15424 I art     : Starting a blocking GC Explicit
08-06 00:00:19.585 15015 15424 I art     : Explicit concurrent mark sweep GC freed 2461(183KB) AllocSpace objects, 1(20KB) LOS objects, 23% free, 52MB/68MB, paused 683us total 70.853ms
08-06 00:00:19.594   518   646 I ThermalEngine: ACTION: GPU - Setting GPU[0] to 510000000
08-06 00:00:19.609 15015 15424 I art     : Starting a blocking GC Explicit
08-06 00:00:19.655 15866 15897 I Finsky  : [6071] ktr.run(-1): Stats for Executor: BlockingExecutor kvs@43d8fc2[Running, pool size = 1, active threads = 0, queued tasks = 0, completed tasks = 342]
08-06 00:00:19.655 15866 15897 I Finsky  : [6071] ktr.run(-1): Stats for Executor: LightweightExecutor kvs@20f81d3[Running, pool size = 4, active threads = 0, queued tasks = 0, completed tasks = 357]
08-06 00:00:19.669 15015 15424 I art     : Explicit concurrent mark sweep GC freed 366(17KB) AllocSpace objects, 0(0B) LOS objects, 23% free, 52MB/68MB, paused 453us total 59.465ms
08-06 00:00:19.687 15015 15424 I art     : Starting a blocking GC Explicit
08-06 00:00:19.744 15015 15424 I art     : Explicit concurrent mark sweep GC freed 24(1072B) AllocSpace objects, 0(0B) LOS objects, 23% free, 52MB/68MB, paused 466us total 56.434ms
08-06 00:00:19.763 15015 15424 I art     : Starting a blocking GC Explicit
08-06 00:00:19.820 15015 15424 I art     : Explicit concurrent mark sweep GC freed 16(512B) AllocSpace objects, 0(0B) LOS objects, 23% free, 52MB/68MB, paused 453us total 56.146ms
08-06 00:00:19.839 15015 15424 I art     : Starting a blocking GC Explicit
08-06 00:00:19.896 15015 15424 I art     : Explicit concurrent mark sweep GC freed 7(224B) AllocSpace objects, 0(0B) LOS objects, 23% free, 52MB/68MB, paused 478us total 56.368ms
08-06 00:00:20.218 15015 15784 I art     : Starting a blocking GC Explicit
08-06 00:00:20.304 15015 15784 I art     : Explicit concurrent mark sweep GC freed 1565(90KB) AllocSpace objects, 1(20KB) LOS objects, 23% free, 52MB/68MB, paused 511us total 85.691ms
08-06 00:00:20.324 15015 15784 I art     : Starting a blocking GC Explicit
08-06 00:00:20.389 15015 15784 I art     : Explicit concurrent mark sweep GC freed 26(944B) AllocSpace objects, 0(0B) LOS objects, 23% free, 52MB/68MB, paused 515us total 64.836ms
08-06 00:00:20.410 15015 15784 I art     : Starting a blocking GC Explicit
08-06 00:00:20.472 15015 15784 I art     : Explicit concurrent mark sweep GC freed 3(96B) AllocSpace objects, 0(0B) LOS objects, 23% free, 52MB/68MB, paused 501us total 61.703ms
08-06 00:00:20.491 15015 15784 I art     : Starting a blocking GC Explicit
08-06 00:00:20.549 15015 15784 I art     : Explicit concurrent mark sweep GC freed 3(96B) AllocSpace objects, 0(0B) LOS objects, 23% free, 52MB/68MB, paused 507us total 57.333ms
08-06 00:00:20.568 15015 15784 I art     : Starting a blocking GC Explicit
08-06 00:00:20.626 15015 15784 I art     : Explicit concurrent mark sweep GC freed 3(96B) AllocSpace objects, 0(0B) LOS objects, 23% free, 52MB/68MB, paused 504us total 57.615ms
08-06 00:00:20.649 15866 15897 I Finsky  : [6071] ktr.run(-1): Stats for Executor: bgExecutor kvs@65ac110[Running, pool size = 4, active threads = 0, queued tasks = 0, completed tasks = 1069]
08-06 00:00:20.853 15912 15912 D AndroidRuntime: >>>>>> START com.android.internal.os.RuntimeInit uid 2000 <<<<<<
08-06 00:00:20.858 15912 15912 D AndroidRuntime: CheckJNI is OFF
08-06 00:00:20.891 15912 15912 D ICU     : No timezone override file found: /data/misc/zoneinfo/current/icu/icu_tzdata.dat
08-06 00:00:20.930 15912 15912 I Radio-JNI: register_android_hardware_Radio DONE
08-06 00:00:20.933 15015 15028 I art     : Starting a blocking GC Explicit
08-06 00:00:20.954 15912 15912 D AndroidRuntime: Calling main entry com.android.commands.input.Input
08-06 00:00:20.957 15912 15912 I Input   : injectMotionEvent: MotionEvent { action=ACTION_DOWN, actionButton=0, id[0]=0, x[0]=945.0, y[0]=1376.0, toolType[0]=TOOL_TYPE_UNKNOWN, buttonState=0, metaState=0, flags=0x0, edgeFlags=0x0, pointerCount=1, historySize=0, eventTime=835237369, downTime=835237369, deviceId=0, source=0x1002 }
08-06 00:00:20.961 15912 15912 I Input   : injectMotionEvent: MotionEvent { action=ACTION_UP, actionButton=0, id[0]=0, x[0]=945.0, y[0]=1376.0, toolType[0]=TOOL_TYPE_UNKNOWN, buttonState=0, metaState=0, flags=0x0, edgeFlags=0x0, pointerCount=1, historySize=0, eventTime=835237369, downTime=835237369, deviceId=0, source=0x1002 }
08-06 00:00:20.963 15912 15912 D AndroidRuntime: Shutting down VM
08-06 00:00:21.008 15015 15028 I art     : Explicit concurrent mark sweep GC freed 1550(89KB) AllocSpace objects, 1(20KB) LOS objects, 23% free, 52MB/68MB, paused 618us total 74.739ms
08-06 00:00:21.027 15015 15028 I art     : Starting a blocking GC Explicit
08-06 00:00:21.036   512  2967 D audio_hw_primary: out_set_parameters: enter: usecase(1: low-latency-playback) kvpairs: routing=2
08-06 00:00:21.049   512  2967 D audio_hw_primary: select_devices: out_snd_device(2: speaker) in_snd_device(0: none)
08-06 00:00:21.049   512  2967 D msm8974_platform: platform_send_audio_calibration: sending audio calibration for snd_device(2) acdb_id(15)
08-06 00:00:21.049   512  2967 I soundtrigger: audio_extn_sound_trigger_update_device_status: device 0x2 of type 0 for Event 1
08-06 00:00:21.054 13866 13866 I GoogleInputMethodServic: GoogleInputMethodService.onFinishInput():3138 
08-06 00:00:21.055 13866 13866 I GoogleInputMethodServic: GoogleInputMethodService.onStartInput():1808 
08-06 00:00:21.060   512  2967 D audio_hw_primary: enable_snd_device: snd_device(2: speaker)
08-06 00:00:21.062   512  2967 D audio_hw_primary: enable_audio_route: apply and update mixer path: low-latency-playback speaker
08-06 00:00:21.065 13866 13866 I GoogleInputMethodServic: GoogleInputMethodService.onFinishInput():3138 
08-06 00:00:21.066 13866 13866 I GoogleInputMethodServic: GoogleInputMethodService.onStartInput():1808 
08-06 00:00:21.094 15015 15028 I art     : Explicit concurrent mark sweep GC freed 450(30KB) AllocSpace objects, 0(0B) LOS objects, 23% free, 52MB/68MB, paused 864us total 66.614ms
08-06 00:00:21.113 15015 15028 I art     : Starting a blocking GC Explicit
08-06 00:00:21.174 15015 15028 I art     : Explicit concurrent mark sweep GC freed 578(26KB) AllocSpace objects, 0(0B) LOS objects, 23% free, 52MB/68MB, paused 581us total 60.896ms
08-06 00:00:21.193 15015 15028 I art     : Starting a blocking GC Explicit
08-06 00:00:21.250 15015 15028 I art     : Explicit concurrent mark sweep GC freed 674(62KB) AllocSpace objects, 0(0B) LOS objects, 23% free, 52MB/68MB, paused 481us total 57.346ms
08-06 00:00:21.269 15015 15028 I art     : Starting a blocking GC Explicit
08-06 00:00:21.327 15015 15028 I art     : Explicit concurrent mark sweep GC freed 3(96B) AllocSpace objects, 0(0B) LOS objects, 23% free, 52MB/68MB, paused 554us total 57.759ms
08-06 00:00:21.373 15015 15038 D OpenGLRenderer: endAllStagingAnimators on 0x7f7cb53c00 (ListPopupWindow$DropDownListView) with handle 0x7f7a226740
08-06 00:00:21.602   518   646 I ThermalEngine: ACTION: GPU - Setting GPU[0] to 450000000
08-06 00:00:21.618   512  2967 D audio_hw_primary: disable_audio_route: reset and update mixer path: low-latency-playback speaker
08-06 00:00:21.620   512  2967 D audio_hw_primary: disable_snd_device: snd_device(2: speaker)
08-06 00:00:21.628   512  2967 I soundtrigger: audio_extn_sound_trigger_update_device_status: device 0x2 of type 0 for Event 0
08-06 00:00:21.660 15015 15027 I art     : Starting a blocking GC Explicit
08-06 00:00:21.759 15015 15027 I art     : Explicit concurrent mark sweep GC freed 1631(93KB) AllocSpace objects, 1(20KB) LOS objects, 23% free, 52MB/68MB, paused 796us total 98.226ms
08-06 00:00:21.783 15015 15027 I art     : Starting a blocking GC Explicit
08-06 00:00:21.862 15015 15027 I art     : Explicit concurrent mark sweep GC freed 582(39KB) AllocSpace objects, 0(0B) LOS objects, 23% free, 52MB/68MB, paused 683us total 78.090ms
08-06 00:00:21.886 15015 15027 I art     : Starting a blocking GC Explicit
08-06 00:00:21.964 15015 15027 I art     : Explicit concurrent mark sweep GC freed 3(96B) AllocSpace objects, 0(0B) LOS objects, 23% free, 52MB/68MB, paused 668us total 77.448ms
08-06 00:00:21.989 15015 15027 I art     : Starting a blocking GC Explicit
08-06 00:00:22.066 15015 15027 I art     : Explicit concurrent mark sweep GC freed 3(96B) AllocSpace objects, 0(0B) LOS objects, 23% free, 52MB/68MB, paused 687us total 76.660ms
08-06 00:00:22.091 15015 15027 I art     : Starting a blocking GC Explicit
08-06 00:00:22.171 15015 15027 I art     : Explicit concurrent mark sweep GC freed 3(96B) AllocSpace objects, 0(0B) LOS objects, 23% free, 52MB/68MB, paused 671us total 79.743ms
08-06 00:00:22.171 15015 15025 I art     : WaitForGcToComplete blocked for 80.075ms for cause HeapTrim
08-06 00:00:22.504 15015 15246 I art     : Starting a blocking GC Explicit
08-06 00:00:22.569 15015 15246 I art     : Explicit concurrent mark sweep GC freed 1515(88KB) AllocSpace objects, 1(20KB) LOS objects, 23% free, 52MB/68MB, paused 612us total 64.952ms
08-06 00:00:22.591 15015 15246 I art     : Starting a blocking GC Explicit
08-06 00:00:22.654 15015 15246 I art     : Explicit concurrent mark sweep GC freed 26(944B) AllocSpace objects, 0(0B) LOS objects, 23% free, 52MB/68MB, paused 632us total 63.067ms
08-06 00:00:22.676 15015 15246 I art     : Starting a blocking GC Explicit
08-06 00:00:22.734 15963 15963 D AndroidRuntime: >>>>>> START com.android.internal.os.RuntimeInit uid 2000 <<<<<<
08-06 00:00:22.739 15963 15963 D AndroidRuntime: CheckJNI is OFF
08-06 00:00:22.746 15015 15246 I art     : Explicit concurrent mark sweep GC freed 3(96B) AllocSpace objects, 0(0B) LOS objects, 23% free, 52MB/68MB, paused 726us total 70.207ms
08-06 00:00:22.770 15015 15246 I art     : Starting a blocking GC Explicit
08-06 00:00:22.787 15963 15963 D ICU     : No timezone override file found: /data/misc/zoneinfo/current/icu/icu_tzdata.dat
08-06 00:00:22.833 15963 15963 I Radio-JNI: register_android_hardware_Radio DONE
08-06 00:00:22.847 15015 15246 I art     : Explicit concurrent mark sweep GC freed 17(544B) AllocSpace objects, 0(0B) LOS objects, 23% free, 52MB/68MB, paused 703us total 76.858ms
08-06 00:00:22.863 15963 15963 D AndroidRuntime: Calling main entry com.android.commands.input.Input
08-06 00:00:22.865 15963 15963 I Input   : injectMotionEvent: MotionEvent { action=ACTION_DOWN, actionButton=0, id[0]=0, x[0]=481.0, y[0]=544.0, toolType[0]=TOOL_TYPE_UNKNOWN, buttonState=0, metaState=0, flags=0x0, edgeFlags=0x0, pointerCount=1, historySize=0, eventTime=835239278, downTime=835239278, deviceId=0, source=0x1002 }
08-06 00:00:22.871 15015 15246 I art     : Starting a blocking GC Explicit
08-06 00:00:22.872 15963 15963 I Input   : injectMotionEvent: MotionEvent { action=ACTION_UP, actionButton=0, id[0]=0, x[0]=481.0, y[0]=544.0, toolType[0]=TOOL_TYPE_UNKNOWN, buttonState=0, metaState=0, flags=0x0, edgeFlags=0x0, pointerCount=1, historySize=0, eventTime=835239278, downTime=835239278, deviceId=0, source=0x1002 }
08-06 00:00:22.874 15963 15963 D AndroidRuntime: Shutting down VM
08-06 00:00:22.943 15015 15246 I art     : Explicit concurrent mark sweep GC freed 210(8KB) AllocSpace objects, 0(0B) LOS objects, 23% free, 52MB/68MB, paused 951us total 71.661ms
08-06 00:00:23.260 15015 15424 I art     : Starting a blocking GC Explicit
08-06 00:00:23.342 15015 15424 I art     : Explicit concurrent mark sweep GC freed 2429(129KB) AllocSpace objects, 1(20KB) LOS objects, 23% free, 52MB/68MB, paused 644us total 81.787ms
08-06 00:00:23.367 15015 15424 I art     : Starting a blocking GC Explicit
08-06 00:00:23.440 15015 15424 I art     : Explicit concurrent mark sweep GC freed 73(3KB) AllocSpace objects, 0(0B) LOS objects, 23% free, 52MB/68MB, paused 626us total 72.858ms
08-06 00:00:23.464 15015 15424 I art     : Starting a blocking GC Explicit
08-06 00:00:23.534 15015 15424 I art     : Explicit concurrent mark sweep GC freed 16(512B) AllocSpace objects, 0(0B) LOS objects, 23% free, 52MB/68MB, paused 647us total 68.990ms
08-06 00:00:23.558 15015 15424 I art     : Starting a blocking GC Explicit
08-06 00:00:23.631 15015 15424 I art     : Explicit concurrent mark sweep GC freed 10(384B) AllocSpace objects, 0(0B) LOS objects, 23% free, 52MB/68MB, paused 740us total 72.623ms
08-06 00:00:23.655 15015 15424 I art     : Starting a blocking GC Explicit
08-06 00:00:23.734 15015 15424 I art     : Explicit concurrent mark sweep GC freed 3(96B) AllocSpace objects, 0(0B) LOS objects, 23% free, 52MB/68MB, paused 691us total 78.881ms
08-06 00:00:24.082 15015 15246 I art     : Starting a blocking GC Explicit
08-06 00:00:24.170 15015 15246 I art     : Explicit concurrent mark sweep GC freed 1515(88KB) AllocSpace objects, 1(20KB) LOS objects, 23% free, 52MB/68MB, paused 658us total 86.918ms
08-06 00:00:24.193 15015 15246 I art     : Starting a blocking GC Explicit
08-06 00:00:24.264 15015 15246 I art     : Explicit concurrent mark sweep GC freed 26(944B) AllocSpace objects, 0(0B) LOS objects, 23% free, 52MB/68MB, paused 670us total 70.314ms
08-06 00:00:24.288 15015 15246 I art     : Starting a blocking GC Explicit
08-06 00:00:24.363 15015 15246 I art     : Explicit concurrent mark sweep GC freed 3(96B) AllocSpace objects, 0(0B) LOS objects, 23% free, 52MB/68MB, paused 677us total 74.349ms
08-06 00:00:24.387 15015 15246 I art     : Starting a blocking GC Explicit
08-06 00:00:24.462 15015 15246 I art     : Explicit concurrent mark sweep GC freed 3(96B) AllocSpace objects, 0(0B) LOS objects, 23% free, 52MB/68MB, paused 648us total 74.335ms
08-06 00:00:24.485 15015 15246 I art     : Starting a blocking GC Explicit
08-06 00:00:24.553 15015 15246 I art     : Explicit concurrent mark sweep GC freed 3(96B) AllocSpace objects, 0(0B) LOS objects, 23% free, 52MB/68MB, paused 666us total 67.169ms
08-06 00:00:24.665 16033 16033 D AndroidRuntime: >>>>>> START com.android.internal.os.RuntimeInit uid 2000 <<<<<<
08-06 00:00:24.671 16033 16033 D AndroidRuntime: CheckJNI is OFF
08-06 00:00:24.712 16033 16033 D ICU     : No timezone override file found: /data/misc/zoneinfo/current/icu/icu_tzdata.dat
08-06 00:00:24.754 16033 16033 I Radio-JNI: register_android_hardware_Radio DONE
08-06 00:00:24.783 16033 16033 D AndroidRuntime: Calling main entry com.android.commands.input.Input
08-06 00:00:24.785 16033 16033 I Input   : injectMotionEvent: MotionEvent { action=ACTION_DOWN, actionButton=0, id[0]=0, x[0]=310.0, y[0]=906.0, toolType[0]=TOOL_TYPE_UNKNOWN, buttonState=0, metaState=0, flags=0x0, edgeFlags=0x0, pointerCount=1, historySize=0, eventTime=835241197, downTime=835241197, deviceId=0, source=0x1002 }
08-06 00:00:24.790 16033 16033 I Input   : injectMotionEvent: MotionEvent { action=ACTION_UP, actionButton=0, id[0]=0, x[0]=310.0, y[0]=906.0, toolType[0]=TOOL_TYPE_UNKNOWN, buttonState=0, metaState=0, flags=0x0, edgeFlags=0x0, pointerCount=1, historySize=0, eventTime=835241197, downTime=835241197, deviceId=0, source=0x1002 }
08-06 00:00:24.793 16033 16033 D AndroidRuntime: Shutting down VM
08-06 00:00:24.859   512  2967 D audio_hw_primary: out_set_parameters: enter: usecase(1: low-latency-playback) kvpairs: routing=2
08-06 00:00:24.872   512  2967 D audio_hw_primary: select_devices: out_snd_device(2: speaker) in_snd_device(0: none)
08-06 00:00:24.872   512  2967 D msm8974_platform: platform_send_audio_calibration: sending audio calibration for snd_device(2) acdb_id(15)
08-06 00:00:24.873   512  2967 I soundtrigger: audio_extn_sound_trigger_update_device_status: device 0x2 of type 0 for Event 1
08-06 00:00:24.877 13866 13866 I GoogleInputMethodServic: GoogleInputMethodService.onFinishInput():3138 
08-06 00:00:24.878 13866 13866 I GoogleInputMethodServic: GoogleInputMethodService.onStartInput():1808 
08-06 00:00:24.880 15015 15028 I art     : Starting a blocking GC Explicit
08-06 00:00:24.889   512  2967 D audio_hw_primary: enable_snd_device: snd_device(2: speaker)
08-06 00:00:24.891   512  2967 D audio_hw_primary: enable_audio_route: apply and update mixer path: low-latency-playback speaker
08-06 00:00:24.892 13866 13866 I GoogleInputMethodServic: GoogleInputMethodService.onFinishInput():3138 
08-06 00:00:24.892 13866 13866 I GoogleInputMethodServic: GoogleInputMethodService.onStartInput():1808 
08-06 00:00:24.959 15015 15028 I art     : Explicit concurrent mark sweep GC freed 2405(130KB) AllocSpace objects, 1(20KB) LOS objects, 23% free, 52MB/68MB, paused 894us total 77.981ms
08-06 00:00:24.983 15015 15028 I art     : Starting a blocking GC Explicit
08-06 00:00:25.051 15015 15028 I art     : Explicit concurrent mark sweep GC freed 181(6KB) AllocSpace objects, 0(0B) LOS objects, 23% free, 52MB/68MB, paused 660us total 68.144ms
08-06 00:00:25.074 15015 15028 I art     : Starting a blocking GC Explicit
08-06 00:00:25.145 15015 15028 I art     : Explicit concurrent mark sweep GC freed 654(60KB) AllocSpace objects, 0(0B) LOS objects, 23% free, 52MB/68MB, paused 622us total 70.787ms
08-06 00:00:25.171 15015 15028 I art     : Starting a blocking GC Explicit
08-06 00:00:25.205 15015 15038 D OpenGLRenderer: endAllStagingAnimators on 0x7f8022b400 (ListPopupWindow$DropDownListView) with handle 0x7f7884e600
08-06 00:00:25.241 15015 15028 I art     : Explicit concurrent mark sweep GC freed 105(4KB) AllocSpace objects, 0(0B) LOS objects, 23% free, 52MB/68MB, paused 644us total 69.733ms
08-06 00:00:25.265 15015 15028 I art     : Starting a blocking GC Explicit
08-06 00:00:25.336 15015 15028 I art     : Explicit concurrent mark sweep GC freed 149(6KB) AllocSpace objects, 0(0B) LOS objects, 23% free, 52MB/68MB, paused 724us total 70.996ms
08-06 00:00:25.429   512  2967 D audio_hw_primary: disable_audio_route: reset and update mixer path: low-latency-playback speaker
08-06 00:00:25.430   512  2967 D audio_hw_primary: disable_snd_device: snd_device(2: speaker)
08-06 00:00:25.438   512  2967 I soundtrigger: audio_extn_sound_trigger_update_device_status: device 0x2 of type 0 for Event 0
08-06 00:00:25.681 15015 15424 I art     : Starting a blocking GC Explicit
08-06 00:00:25.785 15015 15424 I art     : Explicit concurrent mark sweep GC freed 1872(114KB) AllocSpace objects, 1(20KB) LOS objects, 23% free, 52MB/68MB, paused 691us total 103.803ms
08-06 00:00:25.810 15015 15424 I art     : Starting a blocking GC Explicit
08-06 00:00:25.888 15015 15424 I art     : Explicit concurrent mark sweep GC freed 26(944B) AllocSpace objects, 0(0B) LOS objects, 23% free, 52MB/68MB, paused 868us total 77.027ms
08-06 00:00:25.912 15015 15424 I art     : Starting a blocking GC Explicit
08-06 00:00:25.992 15015 15424 I art     : Explicit concurrent mark sweep GC freed 3(96B) AllocSpace objects, 0(0B) LOS objects, 23% free, 52MB/68MB, paused 705us total 79.311ms
08-06 00:00:26.016 15015 15424 I art     : Starting a blocking GC Explicit
08-06 00:00:26.086 15015 15424 I art     : Explicit concurrent mark sweep GC freed 3(96B) AllocSpace objects, 0(0B) LOS objects, 23% free, 52MB/68MB, paused 681us total 69.647ms
08-06 00:00:26.110 15015 15424 I art     : Starting a blocking GC Explicit
08-06 00:00:26.184 15015 15424 I art     : Explicit concurrent mark sweep GC freed 3(96B) AllocSpace objects, 0(0B) LOS objects, 23% free, 52MB/68MB, paused 683us total 73.761ms
08-06 00:00:26.527 15015 15784 I art     : Starting a blocking GC Explicit
08-06 00:00:26.563 16075 16075 D AndroidRuntime: >>>>>> START com.android.internal.os.RuntimeInit uid 2000 <<<<<<
08-06 00:00:26.570 16075 16075 D AndroidRuntime: CheckJNI is OFF
08-06 00:00:26.615 15015 15784 I art     : Explicit concurrent mark sweep GC freed 1515(88KB) AllocSpace objects, 1(20KB) LOS objects, 23% free, 52MB/68MB, paused 749us total 87.065ms
08-06 00:00:26.616 16075 16075 D ICU     : No timezone override file found: /data/misc/zoneinfo/current/icu/icu_tzdata.dat
08-06 00:00:26.640 15015 15784 I art     : Starting a blocking GC Explicit
08-06 00:00:26.664 16075 16075 I Radio-JNI: register_android_hardware_Radio DONE
08-06 00:00:26.692 16075 16075 D AndroidRuntime: Calling main entry com.android.commands.input.Input
08-06 00:00:26.695 16075 16075 I Input   : injectMotionEvent: MotionEvent { action=ACTION_DOWN, actionButton=0, id[0]=0, x[0]=648.0, y[0]=709.0, toolType[0]=TOOL_TYPE_UNKNOWN, buttonState=0, metaState=0, flags=0x0, edgeFlags=0x0, pointerCount=1, historySize=0, eventTime=835243107, downTime=835243107, deviceId=0, source=0x1002 }
08-06 00:00:26.703 16075 16075 I Input   : injectMotionEvent: MotionEvent { action=ACTION_UP, actionButton=0, id[0]=0, x[0]=648.0, y[0]=709.0, toolType[0]=TOOL_TYPE_UNKNOWN, buttonState=0, metaState=0, flags=0x0, edgeFlags=0x0, pointerCount=1, historySize=0, eventTime=835243107, downTime=835243107, deviceId=0, source=0x1002 }
08-06 00:00:26.707 16075 16075 D AndroidRuntime: Shutting down VM
08-06 00:00:26.714 15015 15784 I art     : Explicit concurrent mark sweep GC freed 41(1536B) AllocSpace objects, 0(0B) LOS objects, 23% free, 52MB/68MB, paused 701us total 73.685ms
08-06 00:00:26.739 15015 15784 I art     : Starting a blocking GC Explicit
08-06 00:00:26.771   512  2967 D audio_hw_primary: out_set_parameters: enter: usecase(1: low-latency-playback) kvpairs: routing=2
08-06 00:00:26.784   512  2967 D audio_hw_primary: select_devices: out_snd_device(2: speaker) in_snd_device(0: none)
08-06 00:00:26.784   512  2967 D msm8974_platform: platform_send_audio_calibration: sending audio calibration for snd_device(2) acdb_id(15)
08-06 00:00:26.784   512  2967 I soundtrigger: audio_extn_sound_trigger_update_device_status: device 0x2 of type 0 for Event 1
08-06 00:00:26.794   512  2967 D audio_hw_primary: enable_snd_device: snd_device(2: speaker)
08-06 00:00:26.797   512  2967 D audio_hw_primary: enable_audio_route: apply and update mixer path: low-latency-playback speaker
08-06 00:00:26.809 15015 15784 I art     : Explicit concurrent mark sweep GC freed 527(43KB) AllocSpace objects, 1(20KB) LOS objects, 23% free, 52MB/68MB, paused 1.044ms total 69.582ms
08-06 00:00:26.831 15015 15784 I art     : Starting a blocking GC Explicit
08-06 00:00:26.903 15015 15784 I art     : Explicit concurrent mark sweep GC freed 319(17KB) AllocSpace objects, 0(0B) LOS objects, 23% free, 52MB/68MB, paused 666us total 71.171ms
08-06 00:00:26.928 15015 15784 I art     : Starting a blocking GC Explicit
08-06 00:00:27.004 15015 15784 I art     : Explicit concurrent mark sweep GC freed 44(1792B) AllocSpace objects, 0(0B) LOS objects, 23% free, 52MB/68MB, paused 648us total 75.605ms
08-06 00:00:27.330   512  2967 D audio_hw_primary: disable_audio_route: reset and update mixer path: low-latency-playback speaker
08-06 00:00:27.332   512  2967 D audio_hw_primary: disable_snd_device: snd_device(2: speaker)
08-06 00:00:27.341   512  2967 I soundtrigger: audio_extn_sound_trigger_update_device_status: device 0x2 of type 0 for Event 0
08-06 00:00:27.348 15015 15784 I art     : Starting a blocking GC Explicit
08-06 00:00:27.441 15015 15784 I art     : Explicit concurrent mark sweep GC freed 1521(88KB) AllocSpace objects, 1(20KB) LOS objects, 23% free, 52MB/68MB, paused 684us total 93.409ms
08-06 00:00:27.471 15015 15784 I art     : Starting a blocking GC Explicit
08-06 00:00:27.562 15015 15784 I art     : Explicit concurrent mark sweep GC freed 34(1200B) AllocSpace objects, 0(0B) LOS objects, 23% free, 52MB/68MB, paused 645us total 90.252ms
08-06 00:00:27.592 15015 15784 I art     : Starting a blocking GC Explicit
08-06 00:00:27.665 15015 15784 I art     : Explicit concurrent mark sweep GC freed 3(96B) AllocSpace objects, 0(0B) LOS objects, 23% free, 52MB/68MB, paused 659us total 72.988ms
08-06 00:00:27.666 15015 15025 I art     : WaitForGcToComplete blocked for 73.072ms for cause HeapTrim
08-06 00:00:27.690 15015 15784 I art     : Starting a blocking GC Explicit
08-06 00:00:27.768 15015 15784 I art     : Explicit concurrent mark sweep GC freed 5(160B) AllocSpace objects, 0(0B) LOS objects, 23% free, 52MB/68MB, paused 766us total 77.878ms
08-06 00:00:27.793 15015 15784 I art     : Starting a blocking GC Explicit
08-06 00:00:27.871 15015 15784 I art     : Explicit concurrent mark sweep GC freed 3(96B) AllocSpace objects, 0(0B) LOS objects, 23% free, 52MB/68MB, paused 675us total 77.708ms
08-06 00:00:28.184 15015 15027 I art     : Starting a blocking GC Explicit
08-06 00:00:28.269 15015 15027 I art     : Explicit concurrent mark sweep GC freed 1515(88KB) AllocSpace objects, 1(20KB) LOS objects, 23% free, 52MB/68MB, paused 682us total 84.400ms
08-06 00:00:28.294 15015 15027 I art     : Starting a blocking GC Explicit
08-06 00:00:28.366 15015 15027 I art     : Explicit concurrent mark sweep GC freed 26(944B) AllocSpace objects, 0(0B) LOS objects, 23% free, 52MB/68MB, paused 674us total 71.676ms
08-06 00:00:28.390 15015 15027 I art     : Starting a blocking GC Explicit
08-06 00:00:28.474 15015 15027 I art     : Explicit concurrent mark sweep GC freed 9(288B) AllocSpace objects, 0(0B) LOS objects, 23% free, 52MB/68MB, paused 752us total 83.861ms
08-06 00:00:28.503 15015 15027 I art     : Starting a blocking GC Explicit
08-06 00:00:28.511 16108 16108 D AndroidRuntime: >>>>>> START com.android.internal.os.RuntimeInit uid 2000 <<<<<<
08-06 00:00:28.518 16108 16108 D AndroidRuntime: CheckJNI is OFF
08-06 00:00:28.562 16108 16108 D ICU     : No timezone override file found: /data/misc/zoneinfo/current/icu/icu_tzdata.dat
08-06 00:00:28.579 15015 15027 I art     : Explicit concurrent mark sweep GC freed 17(544B) AllocSpace objects, 0(0B) LOS objects, 23% free, 52MB/68MB, paused 678us total 75.878ms
08-06 00:00:28.604 15015 15027 I art     : Starting a blocking GC Explicit
08-06 00:00:28.610 16108 16108 I Radio-JNI: register_android_hardware_Radio DONE
08-06 00:00:28.640 16108 16108 D AndroidRuntime: Calling main entry com.android.commands.input.Input
08-06 00:00:28.642 16108 16108 I Input   : injectMotionEvent: MotionEvent { action=ACTION_DOWN, actionButton=0, id[0]=0, x[0]=1197.0, y[0]=1456.0, toolType[0]=TOOL_TYPE_UNKNOWN, buttonState=0, metaState=0, flags=0x0, edgeFlags=0x0, pointerCount=1, historySize=0, eventTime=835245055, downTime=835245055, deviceId=0, source=0x1002 }
08-06 00:00:28.658 16108 16108 I Input   : injectMotionEvent: MotionEvent { action=ACTION_UP, actionButton=0, id[0]=0, x[0]=1197.0, y[0]=1456.0, toolType[0]=TOOL_TYPE_UNKNOWN, buttonState=0, metaState=0, flags=0x0, edgeFlags=0x0, pointerCount=1, historySize=0, eventTime=835245055, downTime=835245055, deviceId=0, source=0x1002 }
08-06 00:00:28.663 16108 16108 D AndroidRuntime: Shutting down VM
08-06 00:00:28.665   512  2967 D audio_hw_primary: out_set_parameters: enter: usecase(1: low-latency-playback) kvpairs: routing=2
08-06 00:00:28.678   512  2967 D audio_hw_primary: select_devices: out_snd_device(2: speaker) in_snd_device(0: none)
08-06 00:00:28.678   512  2967 D msm8974_platform: platform_send_audio_calibration: sending audio calibration for snd_device(2) acdb_id(15)
08-06 00:00:28.678   512  2967 I soundtrigger: audio_extn_sound_trigger_update_device_status: device 0x2 of type 0 for Event 1
08-06 00:00:28.681 15015 15027 I art     : Explicit concurrent mark sweep GC freed 198(10KB) AllocSpace objects, 0(0B) LOS objects, 23% free, 52MB/68MB, paused 1.870ms total 75.944ms
08-06 00:00:28.691   512  2967 D audio_hw_primary: enable_snd_device: snd_device(2: speaker)
08-06 00:00:28.693 15015 15038 D OpenGLRenderer: endAllStagingAnimators on 0x7f8022b000 (RippleDrawable) with handle 0x7f7a23dfa0
08-06 00:00:28.694   512  2967 D audio_hw_primary: enable_audio_route: apply and update mixer path: low-latency-playback speaker
08-06 00:00:28.703 15015 15015 I SettingsManager: Setting string: savedCourse
08-06 00:00:28.709   918  3961 W BackupManagerService: dataChanged but no participant pkg='nappatfpr.com.ak.uobtimetable' uid=10712
08-06 00:00:28.710 15015 15015 D NappaIntentExtras: ==================
08-06 00:00:28.710 15015 15033 D Nappa   : PREFETCH_ON_EXTRA - notifyExtras- start
08-06 00:00:28.710 15015 15015 D NappaIntentExtras: Log #4
08-06 00:00:28.710 15015 15015 D NappaIntentExtras: ------------------
08-06 00:00:28.710 15015 15015 D NappaIntentExtras: activity nappatfpr.com.ak.uobtimetable.CourseListActivity
08-06 00:00:28.710 15015 15015 D NappaIntentExtras: 	- 1 extras registered
08-06 00:00:28.710 15015 15015 D NappaIntentExtras: 	- forceRefreshSessions : true
08-06 00:00:28.710 15015 15015 D NappaIntentExtras: activity nappatfpr.com.ak.uobtimetable.WelcomeActivity
08-06 00:00:28.710 15015 15015 D NappaIntentExtras: 	- No extras registered
08-06 00:00:28.710 15015 15015 D NappaIntentExtras: activity nappatfpr.com.ak.uobtimetable.MainActivity
08-06 00:00:28.711 15015 15015 D NappaIntentExtras: 	- No extras registered
08-06 00:00:28.711 15015 15015 D NappaIntentExtras: ==================
08-06 00:00:28.711 15015 15033 I NAPPA_EXPERIMENTATION: MetricNappaPrefetchingStrategyExecutionTime: STRATEGY_CLASS='TfprPrefetchingStrategy',DURATION='904375',NUMBER_OF_URLS='0',NUMBER_OF_SELECTED_CHILDREN_NODES='1',NUMBER_OF_CHILDREN_NODES='1',STRATEGY_RUN_SUCCESSFULLY='True',
08-06 00:00:28.711 15015 15033 D TfprPrefetchingStrategy: ==================================
08-06 00:00:28.711 15015 15033 D TfprPrefetchingStrategy: Starting Run #5
08-06 00:00:28.711 15015 15033 D TfprPrefetchingStrategy: ----------------------------------
08-06 00:00:28.711 15015 15033 D TfprPrefetchingStrategy: Node data CourseListActivity 
08-06 00:00:28.711 15015 15033 D TfprPrefetchingStrategy: 	Successors:
08-06 00:00:28.711 15015 15033 D TfprPrefetchingStrategy: 		MainActivity (1 hits)
08-06 00:00:28.711 15015 15033 D TfprPrefetchingStrategy: 	Ancestors:
08-06 00:00:28.711 15015 15033 D TfprPrefetchingStrategy: 		WelcomeActivity (1 hits)
08-06 00:00:28.711 15015 15033 D TfprPrefetchingStrategy: 
08-06 00:00:28.711 15015 15033 D TfprPrefetchingStrategy: MetricStrategyAccuracy inc execution count5 | act = false; extra = true
08-06 00:00:28.711 15015 15033 D TfprPrefetchingStrategy: ===
08-06 00:00:28.711 15015 15033 D TfprPrefetchingStrategy: calculateVisitTimeScores
08-06 00:00:28.711 15015 15033 D TfprPrefetchingStrategy: -------- Node MainActivity-----------
08-06 00:00:28.711   918  5132 I ActivityManager: START u0 {flg=0x4000000 cmp=nappatfpr.com.ak.uobtimetable/.MainActivity (has extras)} from uid 10712 on display 0
08-06 00:00:28.711 15015 15033 D TfprPrefetchingStrategy: tfprNode.aggregateVisitTime = 9914
08-06 00:00:28.711 15015 15033 D TfprPrefetchingStrategy: tfprNode.totalAggregateVisitTimeFromSuccessors = 6140
08-06 00:00:28.711 15015 15033 D TfprPrefetchingStrategy: tfprNode.aggregateVisitTimeFromSuccessors = {nappatfpr.com.ak.uobtimetable.WelcomeActivity=6140}
08-06 00:00:28.711 15015 15033 D TfprPrefetchingStrategy: -------- Node CourseListActivity-----------
08-06 00:00:28.711 15015 15033 D TfprPrefetchingStrategy: tfprNode.aggregateVisitTime = 8376
08-06 00:00:28.711 15015 15033 D TfprPrefetchingStrategy: tfprNode.totalAggregateVisitTimeFromSuccessors = 9875
08-06 00:00:28.712 15015 15033 D TfprPrefetchingStrategy: tfprNode.aggregateVisitTimeFromSuccessors = {nappatfpr.com.ak.uobtimetable.MainActivity=9875}
08-06 00:00:28.712 15015 15033 D TfprPrefetchingStrategy: -------- Graph -----------
08-06 00:00:28.712 15015 15033 D TfprPrefetchingStrategy: tfprGraph.aggregateVisitTimeFromSuccessors = 18290
08-06 00:00:28.712 15015 15033 D TfprPrefetchingStrategy: ===
08-06 00:00:28.712 15015 15033 D TfprPrefetchingStrategy: ===
08-06 00:00:28.712 15015 15033 D TfprPrefetchingStrategy: runTfprAlgorithm
08-06 00:00:28.712 15015 15033 D TfprPrefetchingStrategy: ------------- TFPR calculation #1 of 10 -----------
08-06 00:00:28.712 15015 15033 D TfprPrefetchingStrategy: node MainActivity score = 0.46073812
08-06 00:00:28.712 15015 15033 D TfprPrefetchingStrategy: node CourseListActivity score = 0.3892619
08-06 00:00:28.712 15015 15033 D TfprPrefetchingStrategy: ------------- TFPR calculation #2 of 10 -----------
08-06 00:00:28.712 15015 15033 D TfprPrefetchingStrategy: node MainActivity score = 0.51912737
08-06 00:00:28.712 15015 15033 D TfprPrefetchingStrategy: node CourseListActivity score = 0.3892619
08-06 00:00:28.713 15015 15033 D TfprPrefetchingStrategy: ------------- TFPR calculation #3 of 10 -----------
08-06 00:00:28.713 15015 15033 D TfprPrefetchingStrategy: node MainActivity score = 0.51912737
08-06 00:00:28.713 15015 15033 D TfprPrefetchingStrategy: node CourseListActivity score = 0.3892619
08-06 00:00:28.713 15015 15033 D TfprPrefetchingStrategy: ------------- TFPR calculation #4 of 10 -----------
08-06 00:00:28.713 15015 15033 D TfprPrefetchingStrategy: node MainActivity score = 0.51912737
08-06 00:00:28.713 15015 15033 D TfprPrefetchingStrategy: node CourseListActivity score = 0.3892619
08-06 00:00:28.713 15015 15033 D TfprPrefetchingStrategy: ------------- TFPR calculation #5 of 10 -----------
08-06 00:00:28.714 15015 15033 D TfprPrefetchingStrategy: node MainActivity score = 0.51912737
08-06 00:00:28.714 15015 15033 D TfprPrefetchingStrategy: node CourseListActivity score = 0.3892619
08-06 00:00:28.714 15015 15033 D TfprPrefetchingStrategy: ------------- TFPR calculation #6 of 10 -----------
08-06 00:00:28.714 15015 15033 D TfprPrefetchingStrategy: node MainActivity score = 0.51912737
08-06 00:00:28.714 15015 15033 D TfprPrefetchingStrategy: node CourseListActivity score = 0.3892619
08-06 00:00:28.714 15015 15033 D TfprPrefetchingStrategy: ------------- TFPR calculation #7 of 10 -----------
08-06 00:00:28.714 15015 15033 D TfprPrefetchingStrategy: node MainActivity score = 0.51912737
08-06 00:00:28.714 15015 15033 D TfprPrefetchingStrategy: node CourseListActivity score = 0.3892619
08-06 00:00:28.714 15015 15033 D TfprPrefetchingStrategy: ------------- TFPR calculation #8 of 10 -----------
08-06 00:00:28.714 15015 15033 D TfprPrefetchingStrategy: node MainActivity score = 0.51912737
08-06 00:00:28.714 15015 15033 D TfprPrefetchingStrategy: node CourseListActivity score = 0.3892619
08-06 00:00:28.714 15015 15033 D TfprPrefetchingStrategy: ------------- TFPR calculation #9 of 10 -----------
08-06 00:00:28.714 15015 15033 D TfprPrefetchingStrategy: node MainActivity score = 0.51912737
08-06 00:00:28.714 15015 15033 D TfprPrefetchingStrategy: node CourseListActivity score = 0.3892619
08-06 00:00:28.714 15015 15033 D TfprPrefetchingStrategy: ------------- TFPR calculation #10 of 10 -----------
08-06 00:00:28.714 15015 15033 D TfprPrefetchingStrategy: node MainActivity score = 0.51912737
08-06 00:00:28.714 15015 15033 D TfprPrefetchingStrategy: node CourseListActivity score = 0.3892619
08-06 00:00:28.714 15015 15033 D TfprPrefetchingStrategy: ===
08-06 00:00:28.714 15015 15033 D TfprPrefetchingStrategy: ===
08-06 00:00:28.714 15015 15033 D TfprPrefetchingStrategy: getSuccessorListSortByTfprScore
08-06 00:00:28.715 15015 15033 D TfprPrefetchingStrategy: Successors before the sort [TfprNode{MainActivity : TFPR = 0.51912737}]
08-06 00:00:28.715 15015 15033 D TfprPrefetchingStrategy: Successors sorted by highest to lowest score (N2 - N1 comparator) are [TfprNode{MainActivity : TFPR = 0.51912737}]
08-06 00:00:28.715 15015 15033 D TfprPrefetchingStrategy: Selected the following nodes:
08-06 00:00:28.715 15015 15033 D TfprPrefetchingStrategy: #1 - MainActivity with score 0.51912737
08-06 00:00:28.715 15015 15033 D TfprPrefetchingStrategy: successors with high score = [MainActivity 
08-06 00:00:28.715 15015 15033 D TfprPrefetchingStrategy: 	Successors:
08-06 00:00:28.715 15015 15033 D TfprPrefetchingStrategy: 		WelcomeActivity (1 hits)
08-06 00:00:28.715 15015 15033 D TfprPrefetchingStrategy: 	Ancestors:
08-06 00:00:28.715 15015 15033 D TfprPrefetchingStrategy: 		CourseListActivity (1 hits)
08-06 00:00:28.715 15015 15033 D TfprPrefetchingStrategy: 
08-06 00:00:28.715 15015 15033 D TfprPrefetchingStrategy: ]
08-06 00:00:28.715 15015 15033 D TfprPrefetchingStrategy: ===
08-06 00:00:28.715 15015 15033 D TfprPrefetchingStrategy: Selected node MainActivity containing the URLS []
08-06 00:00:28.715 15015 15033 D TfprPrefetchingStrategy: Next visited child will be [nappatfpr.com.ak.uobtimetable.MainActivity]
08-06 00:00:28.715 15015 15033 D TfprPrefetchingStrategy: ==================================
08-06 00:00:28.715 15015 15033 D Nappa   : PREFETCH_ON_EXTRA - notifyExtras- end
08-06 00:00:28.715 15015 15033 D Nappa   : PREFSTRAT2 ADDING NEW ACTEXTRADATA
08-06 00:00:28.725   918  4413 W InputMethodManagerService: Focus gain on non-focused client com.android.internal.view.IInputMethodClient$Stub$Proxy@ab5eced (uid=10712 pid=15015)
08-06 00:00:28.725 15015 15015 D NappaLifecycleObserver: nappatfpr.com.ak.uobtimetable.CourseListActivity - onPause
08-06 00:00:28.725 15015 15015 D Nappa   : Stayed on nappatfpr.com.ak.uobtimetable.CourseListActivity for 16319 ms
08-06 00:00:28.730 15015 15015 D NappaLifecycleObserver: nappatfpr.com.ak.uobtimetable.MainActivity - onDestroy
08-06 00:00:28.731 15015 15015 D NappaLifecycleObserver: -------------F1_SCORE #6 -----------
08-06 00:00:28.731 15015 15015 D NappaLifecycleObserver: F1_SCORE - Intercept list (2)= [https://uob-timetable-api.adriankeenan.co.uk/courses, https://uob-timetable-api.adriankeenan.co.uk/sessions?dept=BD002&course=CFIEFAAF%2F02AA%2F0%2FFT&level=ALL+Courses]
08-06 00:00:28.731 15015 15015 D NappaLifecycleObserver: F1_SCORE - Prefetch list (0)= []
08-06 00:00:28.731 15015 15015 D NappaLifecycleObserver: F1_SCORE - TP list (0)= []
08-06 00:00:28.731 15015 15015 D NappaLifecycleObserver: F1_SCORE - FN list (2)= [https://uob-timetable-api.adriankeenan.co.uk/courses, https://uob-timetable-api.adriankeenan.co.uk/sessions?dept=BD002&course=CFIEFAAF%2F02AA%2F0%2FFT&level=ALL+Courses]
08-06 00:00:28.731 15015 15015 I NAPPA_EXPERIMENTATION: MetricPrefetchingAccuracy: LOG_ID='7',F1_SCORE_1='0.0',F1_SCORE_2='0.0',TRUE_POSITIVE='0',FALSE_POSITIVE='0',FALSE_NEGATIVE='2',
08-06 00:00:28.741 15015 15015 D MainActivity: OnDestroy
08-06 00:00:28.765 15015 15015 D MainActivity: onCreate
08-06 00:00:28.765 15015 15015 I SettingsManager: Getting string: savedSessions
08-06 00:00:28.765 15015 15015 I SettingsManager: Getting string: savedSessions
08-06 00:00:28.775 15015 15015 I SettingsManager: Getting string: savedSessionsCourseName
08-06 00:00:28.775 15015 15015 I SettingsManager: Getting string: savedSessionsCourseName
08-06 00:00:28.775 15015 15015 I SettingsManager: Getting string: savedSessionsDateRange
08-06 00:00:28.775 15015 15015 I SettingsManager: Getting string: savedSessionsDateRange
08-06 00:00:28.775 15015 15015 I Settings: 10 saved sessions - Bedfordshire International and EU Foundation Year - Int Foun - Ltn - Y0 Feb FT - Weeks: 24-38 (8 Jun 2020-20 Sep 2020)
08-06 00:00:28.821 15015 15015 I SettingsManager: Getting string: savedCourse
08-06 00:00:28.822 15015 15015 D MainActivity: sessionListFragmentArg: updateSessions
08-06 00:00:28.822 15015 15015 D MainActivity: showTermDatesConfigChange: false
08-06 00:00:28.822 15015 15015 D MainActivity: showTermDatesShortcut: false
08-06 00:00:28.824 15015 15015 D MainActivity: Setting initial fragment: SessionListsFragment
08-06 00:00:28.826 15015 15015 I SettingsManager: Getting int: launchCount
08-06 00:00:28.827 15015 15015 D SessionListsFragment: onCreateView
08-06 00:00:28.831 15015 15015 I SettingsManager: Getting string: savedCourse
08-06 00:00:28.836 15015 15015 I SettingsManager: Getting string: savedSessions
08-06 00:00:28.846 15015 15015 D SessionListsFragment: loadArgument: updateSessions
08-06 00:00:28.846 15015 15015 D SessionListsFragment: initialIndex: -1
08-06 00:00:28.848 15015 16134 D Nappa   : TAG okHttpClient initialized
08-06 00:00:28.848 15015 16134 D HTTP    : Request for: https://uob-timetable-api.adriankeenan.co.uk/sessions?dept=CM010&course=BSAIFAAF%2F02AA%2F0%2FFT&level=Foundation+Year
08-06 00:00:28.850 15015 16134 D CustomInterceptor: NETWORK-PROVIDER https://uob-timetable-api.adriankeenan.co.uk/sessions?dept=CM010&course=BSAIFAAF%2F02AA%2F0%2FFT&level=Foundation+Year
08-06 00:00:28.850 15015 16134 D Nappa   : F1_SCORE add_intercept_url - (new) - https://uob-timetable-api.adriankeenan.co.uk/sessions?dept=CM010&course=BSAIFAAF%2F02AA%2F0%2FFT&level=Foundation+Year
08-06 00:00:28.850 15015 16134 D Nappa   : F1_SCORE add_fn_url - (new) - https://uob-timetable-api.adriankeenan.co.uk/sessions?dept=CM010&course=BSAIFAAF%2F02AA%2F0%2FFT&level=Foundation+Year
08-06 00:00:28.850 15015 16134 D Nappa   : -------------F1_SCORE #7 -----------
08-06 00:00:28.850 15015 16134 D Nappa   : F1_SCORE - Intercept list (3)= [https://uob-timetable-api.adriankeenan.co.uk/courses, https://uob-timetable-api.adriankeenan.co.uk/sessions?dept=BD002&course=CFIEFAAF%2F02AA%2F0%2FFT&level=ALL+Courses, https://uob-timetable-api.adriankeenan.co.uk/sessions?dept=CM010&course=BSAIFAAF%2F02AA%2F0%2FFT&level=Foundation+Year]
08-06 00:00:28.850 15015 16134 D Nappa   : F1_SCORE - Prefetch list (0)= []
08-06 00:00:28.850 15015 16134 D Nappa   : F1_SCORE - TP list (0)= []
08-06 00:00:28.851 15015 16134 D Nappa   : F1_SCORE - FN list (3)= [https://uob-timetable-api.adriankeenan.co.uk/courses, https://uob-timetable-api.adriankeenan.co.uk/sessions?dept=BD002&course=CFIEFAAF%2F02AA%2F0%2FFT&level=ALL+Courses, https://uob-timetable-api.adriankeenan.co.uk/sessions?dept=CM010&course=BSAIFAAF%2F02AA%2F0%2FFT&level=Foundation+Year]
08-06 00:00:28.851 15015 16134 I NAPPA_EXPERIMENTATION: MetricPrefetchingAccuracy: LOG_ID='8',F1_SCORE_1='0.0',F1_SCORE_2='0.0',TRUE_POSITIVE='0',FALSE_POSITIVE='0',FALSE_NEGATIVE='3',
08-06 00:00:28.851 15015 16134 D CustomInterceptor: HEADER REQUEST
08-06 00:00:28.851 15015 16134 D CustomInterceptor: API-Version 2
08-06 00:00:28.851 15015 16134 D CustomInterceptor: App-Version 21
08-06 00:00:28.851 15015 16134 D CustomInterceptor: Cache-Control max-age=300, max-stale=300
08-06 00:00:28.851 15015 16134 D CustomInterceptor: User-Agent Dalvik/2.1.0 (Linux; U; Android 6.0; Nexus 6P Build/MDB08K)
08-06 00:00:28.851 15015 16134 D CustomInterceptor: CACHED STATS: size = '2', maxSize = '100', hitCount = '3', createCount = '0', putCount = '2', evictionCount = '0', missCount = '2', toString = 'LruCache[maxSize=100,hits=3,misses=2,hitRate=60%]', 
08-06 00:00:28.851 15015 16134 D CustomInterceptor: PREFLIB NOT A GET REQUEST OR NOT IN CACHEGET
08-06 00:00:28.865 15015 15015 D TermDatesFragment: WebView loaded
08-06 00:00:28.866 15015 15015 D MainActivity: OnResume
08-06 00:00:28.867 15015 15015 D NappaLifecycleObserver: nappatfpr.com.ak.uobtimetable.MainActivity - onResume
08-06 00:00:28.867 15015 15015 D Nappa   : setCurrentActivity - MetricStrategyAccuracy - 
08-06 00:00:28.867 15015 15015 D Nappa   : madePredictionFromActivity = false, 
08-06 00:00:28.867 15015 15015 D Nappa   : fromActivity = nappatfpr.com.ak.uobtimetable.CourseListActivity, 
08-06 00:00:28.867 15015 15015 D Nappa   : predictedNextActivityFromActivity = [], 
08-06 00:00:28.867 15015 15015 D Nappa   : activity.getClass().getCanonicalName() = nappatfpr.com.ak.uobtimetable.MainActivity, 
08-06 00:00:28.867 15015 15015 D Nappa   : setCurrentActivity - MetricStrategyAccuracy - 
08-06 00:00:28.867 15015 15015 D Nappa   : madePredictionFromExtra = true, 
08-06 00:00:28.867 15015 15015 D Nappa   : fromActivity = nappatfpr.com.ak.uobtimetable.CourseListActivity, 
08-06 00:00:28.867 15015 15015 D Nappa   : predictedNextActivityFromExtra = [nappatfpr.com.ak.uobtimetable.MainActivity], 
08-06 00:00:28.867 15015 15015 D Nappa   : activity.getClass().getCanonicalName() = nappatfpr.com.ak.uobtimetable.MainActivity, 
08-06 00:00:28.867 15015 15015 D Nappa   : PREFETCH_ON_EXTRA - setCurrentActivity - logs - from activity - made prediction isfalse
08-06 00:00:28.950 15015 15033 D Nappa   : registerActivity: (already in) nappatfpr.com.ak.uobtimetable.CourseListActivity
08-06 00:00:28.951 15015 15033 D Nappa   : PARENTS 
08-06 00:00:28.951 15015 15033 D Nappa   : Of: nappatfpr.com.ak.uobtimetable.CourseListActivity -> 
08-06 00:00:28.951 15015 15033 D Nappa   : PARENTS nappatfpr.com.ak.uobtimetable.WelcomeActivity
08-06 00:00:28.951 15015 15033 D Nappa   : PARENTS nappatfpr.com.ak.uobtimetable.MainActivity
08-06 00:00:28.951 15015 15033 D Nappa   : PARENTS nappatfpr.com.ak.uobtimetable.CourseListActivity
08-06 00:00:28.951 15015 15033 D Nappa   : PARENTS has extra: (forceRefreshSessions, true)
08-06 00:00:28.968 15015 15015 D Nappa   : registerActivity: (already in) nappatfpr.com.ak.uobtimetable.MainActivity
08-06 00:00:28.968 15015 15015 D ActivityNode: ACTNODE UPDATING AFTER LOADING FROM DB
08-06 00:00:28.968 15015 15015 D ActivityGraph: LARDataCalculatedUpdate nappatfpr.com.ak.uobtimetable.MainActivity Pagerank: 0.25 HITS-Authority: 1.0 HITS-Hub: 1.0 SALSA-Authority: 1.0 SALSA-Hub: 1.0
08-06 00:00:28.968 15015 15015 D Nappa   : SHOULD_PREFETCH true
08-06 00:00:29.006 15015 15424 I art     : Starting a blocking GC Explicit
08-06 00:00:29.069 15015 15015 D Nappa   : registerActivity: (already in) nappatfpr.com.ak.uobtimetable.MainActivity
08-06 00:00:29.069 15015 15015 D Nappa   : SUCCESSORS nappatfpr.com.ak.uobtimetable.WelcomeActivity
08-06 00:00:29.069 15015 15015 D Nappa   : STATS Number of requests not prefetched: 2
08-06 00:00:29.069 15015 15015 D Nappa   : STATS Number of requests prefetched: 1
08-06 00:00:29.069 15015 15015 D Nappa   : STATS Time saved until now: 0.032
08-06 00:00:29.078 15015 15015 D ActivityNode: Observer - intent extra - CourseListActivity
08-06 00:00:29.078 15015 15015 D ActivityNode: Extras:
08-06 00:00:29.078 15015 15015 D ActivityNode: 	activity ID 3( key forceRefreshSessions)
08-06 00:00:29.078 15015 15015 D ActivityNode: 	activity ID 3( key forceRefreshSessions)
08-06 00:00:29.078 15015 15015 D ActivityNode: Observer - intent extra - WelcomeActivity
08-06 00:00:29.078 15015 15015 D ActivityNode: Extras:
08-06 00:00:29.081 15015 15015 D ActivityNode: Observer - intent extra - MainActivity
08-06 00:00:29.081 15015 15015 D ActivityNode: Extras:
08-06 00:00:29.081 15015 15015 I TermDatesFragment: Webview load %: 10
08-06 00:00:29.097 15015 15424 I art     : Explicit concurrent mark sweep GC freed 26237(1328KB) AllocSpace objects, 7(1580KB) LOS objects, 23% free, 53MB/69MB, paused 1.856ms total 90.821ms
08-06 00:00:29.109 15015 16134 D CustomInterceptor: CACHE_CONTROL SETTING NEW MAX-AGE
08-06 00:00:29.110 15015 16134 D CustomInterceptor: HEADER RESPONSE
08-06 00:00:29.110 15015 16134 D CustomInterceptor: API-Version 2
08-06 00:00:29.110 15015 16134 D CustomInterceptor: Cache-Control public, immutable, max-age=300, only-if-cached, max-stale=300
08-06 00:00:29.110 15015 16134 D CustomInterceptor: Connection Upgrade, Keep-Alive
08-06 00:00:29.110 15015 16134 D CustomInterceptor: Content-Type application/json
08-06 00:00:29.110 15015 16134 D CustomInterceptor: Date Wed, 05 Aug 2020 22:00:23 GMT
08-06 00:00:29.110 15015 16134 D CustomInterceptor: Expires Wed, 05 Aug 2020 22:05:29 GMT+00:00
08-06 00:00:29.110 15015 16134 D CustomInterceptor: Keep-Alive timeout=5, max=100
08-06 00:00:29.111 15015 16134 D CustomInterceptor: Referrer-Policy same-origin
08-06 00:00:29.111 15015 16134 D CustomInterceptor: Server 
08-06 00:00:29.111 15015 16134 D CustomInterceptor: Strict-Transport-Security max-age=10886400;
08-06 00:00:29.111 15015 16134 D CustomInterceptor: Upgrade h2
08-06 00:00:29.111 15015 16134 D CustomInterceptor: Vary Accept-Encoding
08-06 00:00:29.111 15015 16134 D CustomInterceptor: X-Content-Type-Options nosniff
08-06 00:00:29.111 15015 16134 D CustomInterceptor: X-Frame-Options SAMEORIGIN
08-06 00:00:29.111 15015 16134 D CustomInterceptor: X-Powered-By Hamsters
08-06 00:00:29.111 15015 16134 D CustomInterceptor: X-Xss-Protection 1; mode=block
08-06 00:00:29.111 15015 16134 D CustomInterceptor: CACHEABLE true
08-06 00:00:29.111 15015 16134 D CustomInterceptor: REQ https://uob-timetable-api.adriankeenan.co.uk/sessions?dept=CM010&course=BSAIFAAF%2F02AA%2F0%2FFT&level=Foundation+Year
08-06 00:00:29.111 15015 16134 D CustomInterceptor: REQ_SERV_BY net
08-06 00:00:29.111 15015 16134 D CustomInterceptor: PREFLIB Adding response to lrucache - https://uob-timetable-api.adriankeenan.co.uk/sessions?dept=CM010&course=BSAIFAAF%2F02AA%2F0%2FFT&level=Foundation+Year
08-06 00:00:29.123 15015 15424 I art     : Starting a blocking GC Explicit
08-06 00:00:29.133 15015 16134 D CustomInterceptor: interceptor_finished : return_type #3 : request served from remote and added to cache
08-06 00:00:29.133 15015 16134 I NAPPA_EXPERIMENTATION: MetricNetworkRequestExecutionTime: REQUEST_DURATION_SYSTEM='283',REQUEST_DURATION_OKHTTP='0',REQUEST_SYNCHRONOUS='TRUE',RESPONSE_CODE='200',RESPONSE_METHOD='GET',RESPONSE_LENGTH_OKHTTP='8106',RESPONSE_LENGTH_HEADER='-2',REQUEST_PROTOCOL='http/1.1',REQUEST_URL='https://uob-timetable-api.adriankeenan.co.uk/sessions?dept=CM010&course=BSAIFAAF%2F02AA%2F0%2FFT&level=Foundation+Year',
08-06 00:00:29.134 15015 16134 I HTTP    : Response was compressed.
08-06 00:00:29.145 15015 16134 I Service : getSessions response time: 1.10
08-06 00:00:29.150 15015 15015 D ActivityNode: Observer - successor visit time - MainActivity - Updating the visit time from the successors list:
08-06 00:00:29.150 15015 15015 D ActivityNode: [AggregateVisitTimeByActivity{nappatfpr.com.ak.uobtimetable.WelcomeActivity : 6140 ms}]
