08-03 23:54:31.801 17271 17290 D FetchSuccessorsVisitTimeRunnable: CommentListingActivity Fetching session data for LAST_N_SESSIONS_FROM_ENTITY_SESSION
08-03 23:54:31.801 17271 17292 D FetchUrlCandidateRunnable: CommentListingActivity Fetching URL candidates
08-03 23:54:31.802 17271 17290 D FetchIntentExtraRunnable: CommentListingActivity Fetching intent extras
08-03 23:54:31.803 17271 17984 D RegisterNewActivityRunnable: Current node is now available after 113 ms
08-03 23:54:31.803 17271 17984 D RegisterNewActivityRunnable: CommentListingActivity 
08-03 23:54:31.803 17271 17984 D RegisterNewActivityRunnable: 	Successors:
08-03 23:54:31.803 17271 17984 D RegisterNewActivityRunnable: 
08-03 23:54:31.803 17271 17984 D RegisterNewActivityRunnable: 	Ancestors:
08-03 23:54:31.803 17271 17984 D RegisterNewActivityRunnable: 		PostListingActivity (1 hits)
08-03 23:54:31.803 17271 17984 D RegisterNewActivityRunnable: 
08-03 23:54:31.810 17271 17300 I art     : Explicit concurrent mark sweep GC freed 4824(359KB) AllocSpace objects, 1(20KB) LOS objects, 38% free, 25MB/41MB, paused 466us total 35.910ms
08-03 23:54:31.823 17271 17300 I art     : Starting a blocking GC Explicit
08-03 23:54:31.839 17271 17977 D CustomInterceptor: CACHE_CONTROL SETTING NEW MAX-AGE
08-03 23:54:31.840 17271 17977 D CustomInterceptor: HEADER RESPONSE
08-03 23:54:31.841 17271 17977 D CustomInterceptor: accept-ranges bytes
08-03 23:54:31.841 17271 17977 D CustomInterceptor: access-control-allow-origin *
08-03 23:54:31.841 17271 17977 D CustomInterceptor: access-control-expose-headers X-Moose
08-03 23:54:31.841 17271 17977 D CustomInterceptor: Cache-Control public, immutable, max-age=300, only-if-cached, max-stale=300
08-03 23:54:31.841 17271 17977 D CustomInterceptor: content-type application/json; charset=UTF-8
08-03 23:54:31.841 17271 17977 D CustomInterceptor: date Mon, 03 Aug 2020 21:54:26 GMT
08-03 23:54:31.841 17271 17977 D CustomInterceptor: Expires Mon, 03 Aug 2020 21:59:31 GMT+00:00
08-03 23:54:31.841 17271 17977 D CustomInterceptor: server snooserv
08-03 23:54:31.841 17271 17977 D CustomInterceptor: set-cookie edgebucket=sMhUbtzYmHcv5D4j0k; Domain=reddit.com; Max-Age=63071999; Path=/; secure=
08-03 23:54:31.841 17271 17977 D CustomInterceptor: strict-transport-security max-age=15552000; includeSubDomains; preload
08-03 23:54:31.841 17271 17977 D CustomInterceptor: vary accept-encoding
08-03 23:54:31.841 17271 17977 D CustomInterceptor: via 1.1 varnish
08-03 23:54:31.841 17271 17977 D CustomInterceptor: x-content-type-options nosniff
08-03 23:54:31.841 17271 17977 D CustomInterceptor: x-frame-options SAMEORIGIN
08-03 23:54:31.841 17271 17977 D CustomInterceptor: x-moose majestic
08-03 23:54:31.841 17271 17977 D CustomInterceptor: x-ua-compatible IE=edge
08-03 23:54:31.841 17271 17977 D CustomInterceptor: x-xss-protection 1; mode=block
08-03 23:54:31.842 17271 17977 D CustomInterceptor: CACHEABLE true
08-03 23:54:31.842 17271 17977 D CustomInterceptor: REQ https://oauth.reddit.com/comments/gvc7k9/.json?sort=confidence
08-03 23:54:31.842 17271 17977 D CustomInterceptor: REQ_SERV_BY net
08-03 23:54:31.842 17271 17977 D CustomInterceptor: PREFLIB Adding response to lrucache - https://oauth.reddit.com/comments/gvc7k9/.json?sort=confidence
08-03 23:54:31.851 17271 17271 D ActivityNode: Setting aggregate visit time live data for node CommentListingActivity
08-03 23:54:31.852 17271 17300 I art     : Explicit concurrent mark sweep GC freed 1242(137KB) AllocSpace objects, 0(0B) LOS objects, 38% free, 26MB/42MB, paused 948us total 28.160ms
08-03 23:54:31.860 17271 17271 D ActivityNode: Observer - visit time - PostListingActivity - New aggregate visit time found is 5484 ms
08-03 23:54:31.860 17271 17271 D ActivityNode: Observer - successor visit time - MainActivity - Updating the visit time from the successors list:
08-03 23:54:31.860 17271 17271 D ActivityNode: [AggregateVisitTimeByActivity{nappatfpr.org.quantumbadger.redreader.activities.PostListingActivity : 5484 ms}]
08-03 23:54:31.867 17271 17300 I art     : Starting a blocking GC Explicit
08-03 23:54:31.874 17271 17271 D ActivityNode: Observer - session data - sourceMainActivity
08-03 23:54:31.874 17271 17271 D ActivityNode: destinations:
08-03 23:54:31.874 17271 17271 D ActivityNode: 	nappatfpr.org.quantumbadger.redreader.activities.PostListingActivity( count 1)
08-03 23:54:31.874 17271 17271 D ActivityNode: Observer - session data - sourcePostListingActivity
08-03 23:54:31.874 17271 17271 D ActivityNode: destinations:
08-03 23:54:31.874 17271 17271 D ActivityNode: 	nappatfpr.org.quantumbadger.redreader.activities.CommentListingActivity( count 1)
08-03 23:54:31.874 17271 17271 D ActivityNode: Observer - session data - sourceCommentListingActivity
08-03 23:54:31.874 17271 17271 D ActivityNode: destinations:
08-03 23:54:31.874 17271 17271 D ActivityNode: Observer - visit time - CommentListingActivity - Was not accessed in the last N sessions
08-03 23:54:31.874 17271 17271 D ActivityNode: Observer - intent extra - CommentListingActivity
08-03 23:54:31.874 17271 17271 D ActivityNode: Extras:
08-03 23:54:31.874 17271 17271 D PARAM   : COUNT: 0
08-03 23:54:31.874 13866 13866 I GoogleInputMethodServic: GoogleInputMethodService.onFinishInput():3138 
08-03 23:54:31.875 17271 17271 D ActivityNode: Observer - URL candidate CommentListingActivity[]
08-03 23:54:31.875 13866 13866 I GoogleInputMethodServic: GoogleInputMethodService.onStartInput():1808 
08-03 23:54:31.881   918   936 I ActivityManager: Displayed nappatfpr.org.quantumbadger.redreader/.activities.CommentListingActivity: +323ms
08-03 23:54:31.891 17271 17977 D CustomInterceptor: interceptor_finished : return_type #3 : request served from remote and added to cache
08-03 23:54:31.907 17271 17977 I NAPPA_EXPERIMENTATION: MetricNetworkRequestExecutionTime: REQUEST_DURATION_SYSTEM='319',REQUEST_DURATION_OKHTTP='0',REQUEST_SYNCHRONOUS='TRUE',RESPONSE_CODE='200',RESPONSE_METHOD='GET',RESPONSE_LENGTH_OKHTTP='672610',RESPONSE_LENGTH_HEADER='-2',REQUEST_PROTOCOL='h2',REQUEST_URL='https://oauth.reddit.com/comments/gvc7k9/.json?sort=confidence',
08-03 23:54:31.907 17271 17977 D OK      : request got status: 200
08-03 23:54:31.907 17271 17300 I art     : Explicit concurrent mark sweep GC freed 1314(1062KB) AllocSpace objects, 0(0B) LOS objects, 34% free, 30MB/46MB, paused 645us total 39.660ms
08-03 23:54:31.911 17271 17865 I CommentListingActivity: COMMENTS session changed to 60ed111e-d02d-4404-ac52-ff2bddc4209d
08-03 23:54:31.921 17271 17300 I art     : Starting a blocking GC Explicit
08-03 23:54:31.955 17271 17300 I art     : Explicit concurrent mark sweep GC freed 3050(334KB) AllocSpace objects, 4(2MB) LOS objects, 35% free, 28MB/44MB, paused 1.044ms total 33.412ms
08-03 23:54:31.968 17271 17300 I art     : Starting a blocking GC Explicit
08-03 23:54:31.987 17271 17295 D Nappa   : PREFETCH_ON_EXTRA - setCurrentActivity - logs - from extra - made prediction isfalse
08-03 23:54:32.008 17271 17300 I art     : Explicit concurrent mark sweep GC freed 9228(835KB) AllocSpace objects, 1(16KB) LOS objects, 35% free, 29MB/45MB, paused 1.021ms total 38.869ms
08-03 23:54:32.110   512  2967 D audio_hw_primary: disable_audio_route: reset and update mixer path: low-latency-playback speaker
08-03 23:54:32.112   512  2967 D audio_hw_primary: disable_snd_device: snd_device(2: speaker)
08-03 23:54:32.122   512  2967 I soundtrigger: audio_extn_sound_trigger_update_device_status: device 0x2 of type 0 for Event 0
08-03 23:54:32.140   380   380 W SurfaceFlinger: couldn't log to binary event log: overflow.
08-03 23:54:32.275 17271 17300 I art     : Starting a blocking GC Explicit
08-03 23:54:32.296 17271 17295 D Nappa   : PREFETCH_ON_EXTRA - setCurrentActivity - starting new prediction
08-03 23:54:32.296 17271 17295 D Nappa   : Current node - currentActivityName - nappatfpr.org.quantumbadger.redreader.activities.CommentListingActivity
08-03 23:54:32.296 17271 17295 D Nappa   : Current node - activityGraph.getCurrent() - nappatfpr.org.quantumbadger.redreader.activities.CommentListingActivity
08-03 23:54:32.297 17271 17295 I NAPPA_EXPERIMENTATION: MetricNappaPrefetchingStrategyExecutionTime: STRATEGY_CLASS='TfprPrefetchingStrategy',DURATION='1927',NUMBER_OF_URLS='0',NUMBER_OF_SELECTED_CHILDREN_NODES='0',NUMBER_OF_CHILDREN_NODES='0',STRATEGY_RUN_SUCCESSFULLY='True',
08-03 23:54:32.297 17271 17295 D TfprPrefetchingStrategy: ==================================
08-03 23:54:32.297 17271 17295 D TfprPrefetchingStrategy: Starting Run #2
08-03 23:54:32.297 17271 17295 D TfprPrefetchingStrategy: ----------------------------------
08-03 23:54:32.297 17271 17295 D TfprPrefetchingStrategy: Node data CommentListingActivity 
08-03 23:54:32.297 17271 17295 D TfprPrefetchingStrategy: 	Successors:
08-03 23:54:32.297 17271 17295 D TfprPrefetchingStrategy: 
08-03 23:54:32.297 17271 17295 D TfprPrefetchingStrategy: 	Ancestors:
08-03 23:54:32.297 17271 17295 D TfprPrefetchingStrategy: 		PostListingActivity (1 hits)
08-03 23:54:32.297 17271 17295 D TfprPrefetchingStrategy: 
08-03 23:54:32.297 17271 17295 D TfprPrefetchingStrategy: MetricStrategyAccuracy inc execution count2 | act = true; extra = false
08-03 23:54:32.297 17271 17295 D TfprPrefetchingStrategy: MetricStrategyAccuracy inc no sucessor count2 | act = true; extra = false
08-03 23:54:32.297 17271 17295 D TfprPrefetchingStrategy: Node has no successor
08-03 23:54:32.297 17271 17295 D TfprPrefetchingStrategy: Next visited child will be []
08-03 23:54:32.297 17271 17295 D TfprPrefetchingStrategy: ==================================
08-03 23:54:32.297 17271 17295 D Nappa   : PREFETCH_ON_EXTRA - setCurrentActivity - finished new prediction
08-03 23:54:32.331 17271 17300 I art     : Explicit concurrent mark sweep GC freed 51519(3MB) AllocSpace objects, 4(172KB) LOS objects, 34% free, 30MB/46MB, paused 724us total 55.922ms
08-03 23:54:32.346 17271 17300 I art     : Starting a blocking GC Explicit
08-03 23:54:32.385 17271 17300 I art     : Explicit concurrent mark sweep GC freed 44(1728B) AllocSpace objects, 0(0B) LOS objects, 34% free, 30MB/46MB, paused 385us total 39.281ms
08-03 23:54:32.400 17271 17300 I art     : Starting a blocking GC Explicit
08-03 23:54:32.440 17271 17300 I art     : Explicit concurrent mark sweep GC freed 3(96B) AllocSpace objects, 0(0B) LOS objects, 34% free, 30MB/46MB, paused 503us total 40.285ms
08-03 23:54:32.454 17271 17300 I art     : Starting a blocking GC Explicit
08-03 23:54:32.496 17271 17300 I art     : Explicit concurrent mark sweep GC freed 3(96B) AllocSpace objects, 0(0B) LOS objects, 34% free, 30MB/46MB, paused 384us total 41.245ms
08-03 23:54:32.512 17271 17300 I art     : Starting a blocking GC Explicit
08-03 23:54:32.556 17271 17300 I art     : Explicit concurrent mark sweep GC freed 3(96B) AllocSpace objects, 0(0B) LOS objects, 34% free, 30MB/46MB, paused 380us total 44.130ms
08-03 23:54:32.782   918  3261 D WifiStateMachine: starting scan for "H369AA63323"WPA_PSK with 2412,5180
08-03 23:54:32.855 17271 17596 I art     : Starting a blocking GC Explicit
08-03 23:54:32.903 17271 17596 I art     : Explicit concurrent mark sweep GC freed 1540(90KB) AllocSpace objects, 1(20KB) LOS objects, 34% free, 30MB/46MB, paused 419us total 47.128ms
08-03 23:54:32.919 17271 17596 I art     : Starting a blocking GC Explicit
08-03 23:54:32.964 17271 17596 I art     : Explicit concurrent mark sweep GC freed 74(2848B) AllocSpace objects, 0(0B) LOS objects, 34% free, 30MB/46MB, paused 421us total 45.277ms
08-03 23:54:32.980 17271 17596 I art     : Starting a blocking GC Explicit
08-03 23:54:33.027 17271 17596 I art     : Explicit concurrent mark sweep GC freed 3(96B) AllocSpace objects, 0(0B) LOS objects, 34% free, 30MB/46MB, paused 451us total 46.891ms
08-03 23:54:33.043 17271 17596 I art     : Starting a blocking GC Explicit
08-03 23:54:33.091 17271 17596 I art     : Explicit concurrent mark sweep GC freed 3(96B) AllocSpace objects, 0(0B) LOS objects, 34% free, 30MB/46MB, paused 483us total 47.188ms
08-03 23:54:33.107 17271 17596 I art     : Starting a blocking GC Explicit
08-03 23:54:33.145 14128 14128 I ServiceManager: Waiting for service AtCmdFwd...
08-03 23:54:33.152 17271 17596 I art     : Explicit concurrent mark sweep GC freed 3(96B) AllocSpace objects, 0(0B) LOS objects, 34% free, 30MB/46MB, paused 416us total 45.529ms
08-03 23:54:33.468 17271 17781 I art     : Starting a blocking GC Explicit
08-03 23:54:33.531 17271 17781 I art     : Explicit concurrent mark sweep GC freed 1540(90KB) AllocSpace objects, 1(20KB) LOS objects, 34% free, 30MB/46MB, paused 447us total 62.797ms
08-03 23:54:33.549 17271 17781 I art     : Starting a blocking GC Explicit
08-03 23:54:33.594 17271 17781 I art     : Explicit concurrent mark sweep GC freed 28(1024B) AllocSpace objects, 0(0B) LOS objects, 34% free, 30MB/46MB, paused 414us total 45.107ms
08-03 23:54:33.609 17271 17781 I art     : Starting a blocking GC Explicit
08-03 23:54:33.657 17271 17781 I art     : Explicit concurrent mark sweep GC freed 3(96B) AllocSpace objects, 0(0B) LOS objects, 34% free, 30MB/46MB, paused 472us total 47.068ms
08-03 23:54:33.673 17271 17781 I art     : Starting a blocking GC Explicit
08-03 23:54:33.718 17271 17781 I art     : Explicit concurrent mark sweep GC freed 3(96B) AllocSpace objects, 0(0B) LOS objects, 34% free, 30MB/46MB, paused 423us total 44.971ms
08-03 23:54:33.734 17271 17781 I art     : Starting a blocking GC Explicit
08-03 23:54:33.779 17271 17781 I art     : Explicit concurrent mark sweep GC freed 3(96B) AllocSpace objects, 0(0B) LOS objects, 34% free, 30MB/46MB, paused 410us total 45.574ms
08-03 23:54:34.113 17271 17300 I art     : Starting a blocking GC Explicit
08-03 23:54:34.145 14128 14128 I ServiceManager: Waiting for service AtCmdFwd...
08-03 23:54:34.162 17271 17300 I art     : Explicit concurrent mark sweep GC freed 1541(90KB) AllocSpace objects, 1(20KB) LOS objects, 34% free, 30MB/46MB, paused 423us total 49.240ms
08-03 23:54:34.178 17271 17300 I art     : Starting a blocking GC Explicit
08-03 23:54:34.225 17271 17300 I art     : Explicit concurrent mark sweep GC freed 28(1024B) AllocSpace objects, 0(0B) LOS objects, 34% free, 30MB/46MB, paused 427us total 46.937ms
08-03 23:54:34.226 17271 17281 I art     : WaitForGcToComplete blocked for 47.208ms for cause HeapTrim
08-03 23:54:34.242 17271 17300 I art     : Starting a blocking GC Explicit
08-03 23:54:34.287 17271 17300 I art     : Explicit concurrent mark sweep GC freed 3(96B) AllocSpace objects, 0(0B) LOS objects, 34% free, 30MB/46MB, paused 500us total 45.220ms
08-03 23:54:34.303 17271 17300 I art     : Starting a blocking GC Explicit
08-03 23:54:34.348 17271 17300 I art     : Explicit concurrent mark sweep GC freed 3(96B) AllocSpace objects, 0(0B) LOS objects, 34% free, 30MB/46MB, paused 397us total 45.243ms
08-03 23:54:34.364 17271 17300 I art     : Starting a blocking GC Explicit
08-03 23:54:34.410 17271 17300 I art     : Explicit concurrent mark sweep GC freed 3(96B) AllocSpace objects, 0(0B) LOS objects, 34% free, 30MB/46MB, paused 401us total 45.500ms
08-03 23:54:34.731 17271 17283 I art     : Starting a blocking GC Explicit
08-03 23:54:34.789 17271 17283 I art     : Explicit concurrent mark sweep GC freed 1545(92KB) AllocSpace objects, 1(20KB) LOS objects, 34% free, 30MB/46MB, paused 487us total 57.593ms
08-03 23:54:34.811 17271 17283 I art     : Starting a blocking GC Explicit
08-03 23:54:34.857 17271 17283 I art     : Explicit concurrent mark sweep GC freed 28(1024B) AllocSpace objects, 0(0B) LOS objects, 34% free, 30MB/46MB, paused 490us total 46.293ms
08-03 23:54:34.872 17271 17283 I art     : Starting a blocking GC Explicit
08-03 23:54:34.919 17271 17283 I art     : Explicit concurrent mark sweep GC freed 3(96B) AllocSpace objects, 0(0B) LOS objects, 34% free, 30MB/46MB, paused 396us total 46.441ms
08-03 23:54:34.935 17271 17283 I art     : Starting a blocking GC Explicit
08-03 23:54:34.975 17271 17283 I art     : Explicit concurrent mark sweep GC freed 3(96B) AllocSpace objects, 0(0B) LOS objects, 34% free, 30MB/46MB, paused 405us total 39.762ms
08-03 23:54:34.990 17271 17283 I art     : Starting a blocking GC Explicit
08-03 23:54:35.037 17271 17283 I art     : Explicit concurrent mark sweep GC freed 3(96B) AllocSpace objects, 0(0B) LOS objects, 34% free, 30MB/46MB, paused 494us total 46.667ms
08-03 23:54:35.146 14128 14128 I ServiceManager: Waiting for service AtCmdFwd...
08-03 23:54:35.362 17271 17282 I art     : Starting a blocking GC Explicit
08-03 23:54:35.423 17271 17282 I art     : Explicit concurrent mark sweep GC freed 1546(93KB) AllocSpace objects, 1(20KB) LOS objects, 34% free, 30MB/46MB, paused 391us total 60.749ms
08-03 23:54:35.439 17271 17282 I art     : Starting a blocking GC Explicit
08-03 23:54:35.484 17271 17282 I art     : Explicit concurrent mark sweep GC freed 28(1024B) AllocSpace objects, 0(0B) LOS objects, 34% free, 30MB/46MB, paused 407us total 45.046ms
08-03 23:54:35.500 17271 17282 I art     : Starting a blocking GC Explicit
08-03 23:54:35.547 17271 17282 I art     : Explicit concurrent mark sweep GC freed 3(96B) AllocSpace objects, 0(0B) LOS objects, 34% free, 30MB/46MB, paused 423us total 46.318ms
08-03 23:54:35.563 17271 17282 I art     : Starting a blocking GC Explicit
08-03 23:54:35.609 17271 17282 I art     : Explicit concurrent mark sweep GC freed 3(96B) AllocSpace objects, 0(0B) LOS objects, 34% free, 30MB/46MB, paused 414us total 46.214ms
08-03 23:54:35.625 17271 17282 I art     : Starting a blocking GC Explicit
08-03 23:54:35.672 17271 17282 I art     : Explicit concurrent mark sweep GC freed 3(96B) AllocSpace objects, 0(0B) LOS objects, 34% free, 30MB/46MB, paused 423us total 47.222ms
08-03 23:54:35.943 17271 17596 I art     : Starting a blocking GC Explicit
08-03 23:54:35.989 17271 17596 I art     : Explicit concurrent mark sweep GC freed 1547(91KB) AllocSpace objects, 1(20KB) LOS objects, 34% free, 30MB/46MB, paused 424us total 46.620ms
08-03 23:54:36.005 17271 17596 I art     : Starting a blocking GC Explicit
08-03 23:54:36.049 17271 17596 I art     : Explicit concurrent mark sweep GC freed 28(1024B) AllocSpace objects, 0(0B) LOS objects, 34% free, 30MB/46MB, paused 419us total 42.906ms
08-03 23:54:36.064 17271 17596 I art     : Starting a blocking GC Explicit
08-03 23:54:36.107 17271 17596 I art     : Explicit concurrent mark sweep GC freed 3(96B) AllocSpace objects, 0(0B) LOS objects, 34% free, 30MB/46MB, paused 439us total 43.491ms
08-03 23:54:36.123 17271 17596 I art     : Starting a blocking GC Explicit
08-03 23:54:36.147 14128 14128 I ServiceManager: Waiting for service AtCmdFwd...
08-03 23:54:36.166 17271 17596 I art     : Explicit concurrent mark sweep GC freed 3(96B) AllocSpace objects, 0(0B) LOS objects, 34% free, 30MB/46MB, paused 408us total 43.605ms
08-03 23:54:36.181 17271 17596 I art     : Starting a blocking GC Explicit
08-03 23:54:36.226 17271 17596 I art     : Explicit concurrent mark sweep GC freed 3(96B) AllocSpace objects, 0(0B) LOS objects, 34% free, 30MB/46MB, paused 415us total 44.180ms
08-03 23:54:36.235 18052 18052 D AndroidRuntime: >>>>>> START com.android.internal.os.RuntimeInit uid 2000 <<<<<<
08-03 23:54:36.240 18052 18052 D AndroidRuntime: CheckJNI is OFF
08-03 23:54:36.273 18052 18052 D ICU     : No timezone override file found: /data/misc/zoneinfo/current/icu/icu_tzdata.dat
08-03 23:54:36.306 18052 18052 I Radio-JNI: register_android_hardware_Radio DONE
08-03 23:54:36.328 18052 18052 D AndroidRuntime: Calling main entry com.android.commands.input.Input
08-03 23:54:36.330 18052 18052 I Input   : injectKeyEvent: KeyEvent { action=ACTION_DOWN, keyCode=KEYCODE_BACK, scanCode=0, metaState=0, flags=0x0, repeatCount=0, eventTime=662092743, downTime=662092743, deviceId=-1, source=0x101 }
08-03 23:54:36.336 18052 18052 I Input   : injectKeyEvent: KeyEvent { action=ACTION_UP, keyCode=KEYCODE_BACK, scanCode=0, metaState=0, flags=0x0, repeatCount=0, eventTime=662092743, downTime=662092743, deviceId=-1, source=0x101 }
08-03 23:54:36.344 18052 18052 D AndroidRuntime: Shutting down VM
08-03 23:54:36.344 17271 17271 D NappaLifecycleObserver: nappatfpr.org.quantumbadger.redreader.activities.CommentListingActivity - onPause
08-03 23:54:36.344 17271 17271 D Nappa   : Stayed on nappatfpr.org.quantumbadger.redreader.activities.CommentListingActivity for 4548 ms
08-03 23:54:36.350 17271 17271 D NappaLifecycleObserver: nappatfpr.org.quantumbadger.redreader.activities.PostListingActivity - onResume
08-03 23:54:36.350 17271 17271 D Nappa   : setCurrentActivity - MetricStrategyAccuracy - 
08-03 23:54:36.350 17271 17271 D Nappa   : madePredictionFromActivity = true, 
08-03 23:54:36.350 17271 17271 D Nappa   : fromActivity = nappatfpr.org.quantumbadger.redreader.activities.CommentListingActivity, 
08-03 23:54:36.350 17271 17271 D Nappa   : predictedNextActivityFromActivity = [], 
08-03 23:54:36.350 17271 17271 D Nappa   : activity.getClass().getCanonicalName() = nappatfpr.org.quantumbadger.redreader.activities.PostListingActivity, 
08-03 23:54:36.350 17271 17271 D Nappa   : setCurrentActivity - MetricStrategyAccuracy - 
08-03 23:54:36.350 17271 17271 D Nappa   : madePredictionFromExtra = false, 
08-03 23:54:36.350 17271 17271 D Nappa   : fromActivity = nappatfpr.org.quantumbadger.redreader.activities.CommentListingActivity, 
08-03 23:54:36.350 17271 17271 D Nappa   : predictedNextActivityFromExtra = [], 
08-03 23:54:36.350 17271 17271 D Nappa   : activity.getClass().getCanonicalName() = nappatfpr.org.quantumbadger.redreader.activities.PostListingActivity, 
08-03 23:54:36.351 17271 17271 D Nappa   : PREFETCH_ON_EXTRA - setCurrentActivity - logs - from activity - made prediction istrue
08-03 23:54:36.351 17271 17271 D Nappa   : PREFETCH_ON_EXTRA - setCurrentActivity - logs - from activity - start
08-03 23:54:36.351 17271 17271 I NAPPA_EXPERIMENTATION: MetricStrategyAccuracy: LOG_ID='2',EXECUTION_COUNT='2',CASES_COUNT='2',HIT_PERCENTAGE_TOTAL='0.0',HIT_PERCENTAGE_WHEN_PREDICTED='0.0',HIT_COUNT='0',MISS_COUNT='0',INSUFFICIENT_SCORE_COUNT='0',EXCEPTION_COUNT='0',NO_SUCCESSOR_COUNT='2',
08-03 23:54:36.351 17271 17271 D Nappa   : PREFETCH_ON_EXTRA - setCurrentActivity - logs - from activity- finished
08-03 23:54:36.452 17271 17271 D Nappa   : registerActivity: (already in) nappatfpr.org.quantumbadger.redreader.activities.PostListingActivity
08-03 23:54:36.452 17271 17271 D ActivityGraph: LARDataCalculatedUpdate nappatfpr.org.quantumbadger.redreader.activities.PostListingActivity Pagerank: 0.25 HITS-Authority: 1.0 HITS-Hub: 1.0 SALSA-Authority: 1.0 SALSA-Hub: 1.0
08-03 23:54:36.452 17271 17271 D Nappa   : SHOULD_PREFETCH false
08-03 23:54:36.452 17271 17271 D Nappa   : STATS Number of requests not prefetched: 4
08-03 23:54:36.452 17271 17271 D Nappa   : STATS Number of requests prefetched: 0
08-03 23:54:36.452 17271 17271 D Nappa   : STATS Time saved until now: 0.0
08-03 23:54:36.481 17271 17271 D ActivityNode: Observer - visit time - CommentListingActivity - New aggregate visit time found is 4548 ms
08-03 23:54:36.481 17271 17271 D ActivityNode: Observer - successor visit time - MainActivity - Updating the visit time from the successors list:
08-03 23:54:36.481 17271 17271 D ActivityNode: [AggregateVisitTimeByActivity{nappatfpr.org.quantumbadger.redreader.activities.PostListingActivity : 5484 ms}]
08-03 23:54:36.482 17271 17271 D ActivityNode: Observer - successor visit time - PostListingActivity - Updating the visit time from the successors list:
08-03 23:54:36.482 17271 17271 D ActivityNode: [AggregateVisitTimeByActivity{nappatfpr.org.quantumbadger.redreader.activities.CommentListingActivity : 4548 ms}]
08-03 23:54:36.483 13866 13866 I GoogleInputMethodServic: GoogleInputMethodService.onFinishInput():3138 
08-03 23:54:36.483 13866 13866 I GoogleInputMethodServic: GoogleInputMethodService.onStartInput():1808 
08-03 23:54:36.487 17271 17781 I art     : Starting a blocking GC Explicit
08-03 23:54:36.535 17271 17781 I art     : Explicit concurrent mark sweep GC freed 2101(130KB) AllocSpace objects, 1(20KB) LOS objects, 34% free, 30MB/46MB, paused 703us total 48.136ms
08-03 23:54:36.551 17271 17781 I art     : Starting a blocking GC Explicit
08-03 23:54:36.558 17271 17976 I RedditChangeDataIO: Writing tmp data file at '/data/user/0/nappatfpr.org.quantumbadger.redreader/files/rr_change_data_tmp.dat'
08-03 23:54:36.558 17271 17976 I RedditChangeDataManager: Taking snapshot...
08-03 23:54:36.558 17271 17976 I RedditChangeDataManager: Writing to stream...
08-03 23:54:36.558 17271 17976 I RedditChangeDataManager: Wrote 1 entries for user ''
08-03 23:54:36.559 17271 17976 I RedditChangeDataManager: All entries written to stream.
08-03 23:54:36.559 17271 17976 I RedditChangeDataIO: Write successful. Atomically replacing data file...
08-03 23:54:36.559 17271 17976 I RedditChangeDataIO: Write complete.
08-03 23:54:36.559 17271 17976 I RedditChangeDataIO: 38 bytes written in 2 ms
08-03 23:54:36.588 17271 17781 I art     : Explicit concurrent mark sweep GC freed 230(10KB) AllocSpace objects, 1(68KB) LOS objects, 34% free, 30MB/46MB, paused 377us total 37.251ms
08-03 23:54:36.603 17271 17781 I art     : Starting a blocking GC Explicit
08-03 23:54:36.644 17271 17781 I art     : Explicit concurrent mark sweep GC freed 14(960B) AllocSpace objects, 0(0B) LOS objects, 34% free, 30MB/46MB, paused 356us total 41.182ms
08-03 23:54:36.660 17271 17781 I art     : Starting a blocking GC Explicit
08-03 23:54:36.703 17271 17781 I art     : Explicit concurrent mark sweep GC freed 3(96B) AllocSpace objects, 0(0B) LOS objects, 34% free, 30MB/46MB, paused 356us total 42.536ms
08-03 23:54:36.717 17271 17781 I art     : Starting a blocking GC Explicit
08-03 23:54:36.752 17271 17295 D Nappa   : PREFETCH_ON_EXTRA - setCurrentActivity - logs - from extra - made prediction isfalse
08-03 23:54:36.764 17271 17781 I art     : Explicit concurrent mark sweep GC freed 12(928B) AllocSpace objects, 0(0B) LOS objects, 34% free, 30MB/46MB, paused 428us total 46.439ms
08-03 23:54:36.794 17271 17271 D NappaLifecycleObserver: nappatfpr.org.quantumbadger.redreader.activities.CommentListingActivity - onDestroy
08-03 23:54:36.794   380   380 W SurfaceFlinger: couldn't log to binary event log: overflow.
08-03 23:54:36.794 17271 17271 D NappaLifecycleObserver: -------------F1_SCORE #3 -----------
08-03 23:54:36.794 17271 17271 D NappaLifecycleObserver: F1_SCORE - Intercept list (3)= [https://oauth.reddit.com/r/askscience/about.json, https://oauth.reddit.com/r/askscience/hot/.json, https://oauth.reddit.com/comments/gvc7k9/.json?sort=confidence]
08-03 23:54:36.794 17271 17271 D NappaLifecycleObserver: F1_SCORE - Prefetch list (0)= []
08-03 23:54:36.794 17271 17271 D NappaLifecycleObserver: F1_SCORE - TP list (0)= []
08-03 23:54:36.794 17271 17271 D NappaLifecycleObserver: F1_SCORE - FN list (3)= [https://oauth.reddit.com/r/askscience/about.json, https://oauth.reddit.com/r/askscience/hot/.json, https://oauth.reddit.com/comments/gvc7k9/.json?sort=confidence]
08-03 23:54:36.795 17271 17271 I NAPPA_EXPERIMENTATION: MetricPrefetchingAccuracy: LOG_ID='4',F1_SCORE_1='0.0',F1_SCORE_2='0.0',TRUE_POSITIVE='0',FALSE_POSITIVE='0',FALSE_NEGATIVE='3',
08-03 23:54:37.033 17271 17282 I art     : Starting a blocking GC Explicit
08-03 23:54:37.079 17271 17282 I art     : Explicit concurrent mark sweep GC freed 1951(144KB) AllocSpace objects, 1(20KB) LOS objects, 34% free, 30MB/46MB, paused 403us total 45.817ms
08-03 23:54:37.095 17271 17282 I art     : Starting a blocking GC Explicit
08-03 23:54:37.131 17271 17282 I art     : Explicit concurrent mark sweep GC freed 46864(2MB) AllocSpace objects, 5(140KB) LOS objects, 37% free, 26MB/42MB, paused 423us total 35.660ms
08-03 23:54:37.145 17271 17282 I art     : Starting a blocking GC Explicit
08-03 23:54:37.147 14128 14128 I ServiceManager: Waiting for service AtCmdFwd...
08-03 23:54:37.176 17271 17282 I art     : Explicit concurrent mark sweep GC freed 3(96B) AllocSpace objects, 0(0B) LOS objects, 37% free, 26MB/42MB, paused 372us total 31.438ms
08-03 23:54:37.190 17271 17282 I art     : Starting a blocking GC Explicit
08-03 23:54:37.221 17271 17282 I art     : Explicit concurrent mark sweep GC freed 3(96B) AllocSpace objects, 0(0B) LOS objects, 37% free, 26MB/42MB, paused 388us total 31.475ms
08-03 23:54:37.235 17271 17282 I art     : Starting a blocking GC Explicit
08-03 23:54:37.268 17271 17282 I art     : Explicit concurrent mark sweep GC freed 3(96B) AllocSpace objects, 0(0B) LOS objects, 37% free, 26MB/42MB, paused 399us total 32.367ms
08-03 23:54:37.555 17271 17283 I art     : Starting a blocking GC Explicit
08-03 23:54:37.594 17271 17283 I art     : Explicit concurrent mark sweep GC freed 1542(90KB) AllocSpace objects, 1(20KB) LOS objects, 37% free, 27MB/43MB, paused 427us total 38.474ms
08-03 23:54:37.607 17271 17283 I art     : Starting a blocking GC Explicit
08-03 23:54:37.638 17271 17283 I art     : Explicit concurrent mark sweep GC freed 28(1024B) AllocSpace objects, 0(0B) LOS objects, 37% free, 26MB/42MB, paused 399us total 30.819ms
08-03 23:54:37.651 17271 17283 I art     : Starting a blocking GC Explicit
08-03 23:54:37.681 17271 17283 I art     : Explicit concurrent mark sweep GC freed 3(96B) AllocSpace objects, 0(0B) LOS objects, 37% free, 26MB/42MB, paused 391us total 29.926ms
08-03 23:54:37.694 17271 17283 I art     : Starting a blocking GC Explicit
08-03 23:54:37.725 17271 17283 I art     : Explicit concurrent mark sweep GC freed 3(96B) AllocSpace objects, 0(0B) LOS objects, 37% free, 26MB/42MB, paused 396us total 30.649ms
08-03 23:54:37.738 17271 17283 I art     : Starting a blocking GC Explicit
08-03 23:54:37.769 17271 17283 I art     : Explicit concurrent mark sweep GC freed 3(96B) AllocSpace objects, 0(0B) LOS objects, 37% free, 26MB/42MB, paused 395us total 30.461ms
08-03 23:54:37.994 18129 18129 D AndroidRuntime: >>>>>> START com.android.internal.os.RuntimeInit uid 2000 <<<<<<
08-03 23:54:37.999 18129 18129 D AndroidRuntime: CheckJNI is OFF
08-03 23:54:38.034 18129 18129 D ICU     : No timezone override file found: /data/misc/zoneinfo/current/icu/icu_tzdata.dat
08-03 23:54:38.041 17271 17596 I art     : Starting a blocking GC Explicit
08-03 23:54:38.069 18129 18129 I Radio-JNI: register_android_hardware_Radio DONE
08-03 23:54:38.073 17271 17596 I art     : Explicit concurrent mark sweep GC freed 1542(90KB) AllocSpace objects, 1(20KB) LOS objects, 37% free, 27MB/43MB, paused 429us total 31.771ms
08-03 23:54:38.087 17271 17596 I art     : Starting a blocking GC Explicit
08-03 23:54:38.092 18129 18129 D AndroidRuntime: Calling main entry com.android.commands.input.Input
08-03 23:54:38.094 18129 18129 I Input   : injectMotionEvent: MotionEvent { action=ACTION_DOWN, actionButton=0, id[0]=0, x[0]=600.0, y[0]=950.0, toolType[0]=TOOL_TYPE_UNKNOWN, buttonState=0, metaState=0, flags=0x0, edgeFlags=0x0, pointerCount=1, historySize=0, eventTime=662094506, downTime=662094506, deviceId=0, source=0x1002 }
08-03 23:54:38.099 18129 18129 I Input   : injectMotionEvent: MotionEvent { action=ACTION_UP, actionButton=0, id[0]=0, x[0]=600.0, y[0]=950.0, toolType[0]=TOOL_TYPE_UNKNOWN, buttonState=0, metaState=0, flags=0x0, edgeFlags=0x0, pointerCount=1, historySize=0, eventTime=662094506, downTime=662094506, deviceId=0, source=0x1002 }
08-03 23:54:38.100 18129 18129 D AndroidRuntime: Shutting down VM
08-03 23:54:38.116   512  2967 D audio_hw_primary: out_set_parameters: enter: usecase(1: low-latency-playback) kvpairs: routing=2
08-03 23:54:38.121 17271 17596 I art     : Explicit concurrent mark sweep GC freed 49(2000B) AllocSpace objects, 0(0B) LOS objects, 37% free, 27MB/43MB, paused 650us total 33.872ms
08-03 23:54:38.123 17271 17271 D NappaIntentExtras: ==================
08-03 23:54:38.124 17271 17271 D NappaIntentExtras: Log #4
08-03 23:54:38.124 17271 17271 D NappaIntentExtras: ------------------
08-03 23:54:38.124 17271 17271 D NappaIntentExtras: activity nappatfpr.org.quantumbadger.redreader.activities.CommentListingActivity
08-03 23:54:38.124 17271 17271 D NappaIntentExtras: 	- No extras registered
08-03 23:54:38.124 17271 17271 D NappaIntentExtras: activity nappatfpr.org.quantumbadger.redreader.activities.PostListingActivity
08-03 23:54:38.124 17271 17271 D NappaIntentExtras: 	- No extras registered
08-03 23:54:38.124 17271 17271 D NappaIntentExtras: activity nappatfpr.org.quantumbadger.redreader.activities.MainActivity
08-03 23:54:38.124 17271 17271 D NappaIntentExtras: 	- No extras registered
08-03 23:54:38.124 17271 17271 D NappaIntentExtras: ==================
08-03 23:54:38.125   918  5952 I ActivityManager: START u0 {dat=https://oauth.reddit.com/... cmp=nappatfpr.org.quantumbadger.redreader/.activities.CommentListingActivity} from uid 10664 on display 0
08-03 23:54:38.129   512  2967 D audio_hw_primary: select_devices: out_snd_device(2: speaker) in_snd_device(0: none)
08-03 23:54:38.129   512  2967 D msm8974_platform: platform_send_audio_calibration: sending audio calibration for snd_device(2) acdb_id(15)
08-03 23:54:38.129   512  2967 I soundtrigger: audio_extn_sound_trigger_update_device_status: device 0x2 of type 0 for Event 1
08-03 23:54:38.132 17271 17271 D NappaLifecycleObserver: nappatfpr.org.quantumbadger.redreader.activities.PostListingActivity - onPause
08-03 23:54:38.132 17271 17271 D Nappa   : Stayed on nappatfpr.org.quantumbadger.redreader.activities.PostListingActivity for 1680 ms
08-03 23:54:38.135 17271 17596 I art     : Starting a blocking GC Explicit
08-03 23:54:38.144   512  2967 D audio_hw_primary: enable_snd_device: snd_device(2: speaker)
08-03 23:54:38.146 17271 17271 I AppCompatViewInflater: app:theme is now deprecated. Please move to using android:theme instead.
08-03 23:54:38.146   512  2967 D audio_hw_primary: enable_audio_route: apply and update mixer path: low-latency-playback speaker
08-03 23:54:38.148 14128 14128 W Atfwd_Sendcmd: AtCmdFwd service not published, waiting... retryCnt : 4
08-03 23:54:38.161 17271 17271 D NappaLifecycleObserver: nappatfpr.org.quantumbadger.redreader.activities.CommentListingActivity - onResume
08-03 23:54:38.161 17271 17271 D Nappa   : setCurrentActivity - MetricStrategyAccuracy - 
08-03 23:54:38.161 17271 17271 D Nappa   : madePredictionFromActivity = false, 
08-03 23:54:38.161 17271 17271 D Nappa   : fromActivity = nappatfpr.org.quantumbadger.redreader.activities.PostListingActivity, 
08-03 23:54:38.161 17271 17271 D Nappa   : predictedNextActivityFromActivity = [], 
08-03 23:54:38.161 17271 17271 D Nappa   : activity.getClass().getCanonicalName() = nappatfpr.org.quantumbadger.redreader.activities.CommentListingActivity, 
08-03 23:54:38.161 17271 17271 D Nappa   : setCurrentActivity - MetricStrategyAccuracy - 
08-03 23:54:38.161 17271 17271 D Nappa   : madePredictionFromExtra = false, 
08-03 23:54:38.161 17271 17271 D Nappa   : fromActivity = nappatfpr.org.quantumbadger.redreader.activities.PostListingActivity, 
08-03 23:54:38.161 17271 17271 D Nappa   : predictedNextActivityFromExtra = [], 
08-03 23:54:38.161 17271 17271 D Nappa   : activity.getClass().getCanonicalName() = nappatfpr.org.quantumbadger.redreader.activities.CommentListingActivity, 
08-03 23:54:38.161 17271 17271 D Nappa   : PREFETCH_ON_EXTRA - setCurrentActivity - logs - from activity - made prediction isfalse
08-03 23:54:38.163 17271 18160 D OK      : calling: https://oauth.reddit.com/comments/hwnhe2/.json?sort=confidence
08-03 23:54:38.163 17271 18160 D CustomInterceptor: NETWORK-PROVIDER https://oauth.reddit.com/comments/hwnhe2/.json?sort=confidence
08-03 23:54:38.163 17271 18160 D Nappa   : F1_SCORE add_intercept_url - (new) - https://oauth.reddit.com/comments/hwnhe2/.json?sort=confidence
08-03 23:54:38.163 17271 18160 D Nappa   : F1_SCORE add_fn_url - (new) - https://oauth.reddit.com/comments/hwnhe2/.json?sort=confidence
08-03 23:54:38.163 17271 18160 D Nappa   : -------------F1_SCORE #4 -----------
08-03 23:54:38.163 17271 18160 D Nappa   : F1_SCORE - Intercept list (4)= [https://oauth.reddit.com/r/askscience/about.json, https://oauth.reddit.com/r/askscience/hot/.json, https://oauth.reddit.com/comments/gvc7k9/.json?sort=confidence, https://oauth.reddit.com/comments/hwnhe2/.json?sort=confidence]
08-03 23:54:38.163 17271 18160 D Nappa   : F1_SCORE - Prefetch list (0)= []
08-03 23:54:38.163 17271 18160 D Nappa   : F1_SCORE - TP list (0)= []
08-03 23:54:38.163 17271 18160 D Nappa   : F1_SCORE - FN list (4)= [https://oauth.reddit.com/r/askscience/about.json, https://oauth.reddit.com/r/askscience/hot/.json, https://oauth.reddit.com/comments/gvc7k9/.json?sort=confidence, https://oauth.reddit.com/comments/hwnhe2/.json?sort=confidence]
08-03 23:54:38.163 17271 18160 I NAPPA_EXPERIMENTATION: MetricPrefetchingAccuracy: LOG_ID='5',F1_SCORE_1='0.0',F1_SCORE_2='0.0',TRUE_POSITIVE='0',FALSE_POSITIVE='0',FALSE_NEGATIVE='4',
08-03 23:54:38.163 17271 18160 D CustomInterceptor: HEADER REQUEST
08-03 23:54:38.163 17271 18160 D CustomInterceptor: Authorization bearer -vv7wE75CCVZuUmgJJFxR34x-bqc
08-03 23:54:38.163 17271 18160 D CustomInterceptor: Cache-Control max-age=300, max-stale=300
08-03 23:54:38.163 17271 18160 D CustomInterceptor: User-Agent nappatfpr.org.quantumbadger.redreader/1.9.10
08-03 23:54:38.164 17271 18160 D CustomInterceptor: CACHED STATS: size = '3', maxSize = '100', hitCount = '3', createCount = '0', putCount = '3', evictionCount = '0', missCount = '4', toString = 'LruCache[maxSize=100,hits=3,misses=4,hitRate=42%]', 
08-03 23:54:38.164 17271 18160 D CustomInterceptor: PREFLIB NOT A GET REQUEST OR NOT IN CACHEGET
08-03 23:54:38.166 17271 17596 I art     : Explicit concurrent mark sweep GC freed 2276(142KB) AllocSpace objects, 0(0B) LOS objects, 37% free, 27MB/43MB, paused 747us total 30.795ms
08-03 23:54:38.178 17271 17596 I art     : Starting a blocking GC Explicit
08-03 23:54:38.206 17271 17596 I art     : Explicit concurrent mark sweep GC freed 303(13KB) AllocSpace objects, 0(0B) LOS objects, 37% free, 27MB/43MB, paused 491us total 27.701ms
08-03 23:54:38.219 17271 17596 I art     : Starting a blocking GC Explicit
08-03 23:54:38.247 17271 17596 I art     : Explicit concurrent mark sweep GC freed 21(1152B) AllocSpace objects, 0(0B) LOS objects, 37% free, 27MB/43MB, paused 474us total 28.360ms
08-03 23:54:38.262 17271 17271 D Nappa   : registerActivity: (already in) nappatfpr.org.quantumbadger.redreader.activities.CommentListingActivity
08-03 23:54:38.262 17271 17271 D ActivityNode: ACTNODE UPDATING AFTER LOADING FROM DB
08-03 23:54:38.262 17271 17271 D ActivityGraph: LARDataCalculatedUpdate nappatfpr.org.quantumbadger.redreader.activities.CommentListingActivity Pagerank: 0.25 HITS-Authority: 1.0 HITS-Hub: 1.0 SALSA-Authority: 1.0 SALSA-Hub: 1.0
08-03 23:54:38.262 17271 17271 D Nappa   : SHOULD_PREFETCH true
08-03 23:54:38.263 17271 17295 D Nappa   : registerActivity: (already in) nappatfpr.org.quantumbadger.redreader.activities.CommentListingActivity
08-03 23:54:38.263 17271 17295 D Nappa   : PARENTS 
08-03 23:54:38.263 17271 17295 D Nappa   : Of: nappatfpr.org.quantumbadger.redreader.activities.CommentListingActivity -> 
08-03 23:54:38.263 17271 17295 D Nappa   : PARENTS nappatfpr.org.quantumbadger.redreader.activities.PostListingActivity
08-03 23:54:38.263 17271 17295 D Nappa   : PARENTS nappatfpr.org.quantumbadger.redreader.activities.MainActivity
08-03 23:54:38.362 17271 17271 D Nappa   : registerActivity: (already in) nappatfpr.org.quantumbadger.redreader.activities.CommentListingActivity
08-03 23:54:38.362 17271 17271 D Nappa   : STATS Number of requests not prefetched: 4
08-03 23:54:38.363 17271 17271 D Nappa   : STATS Number of requests prefetched: 0
08-03 23:54:38.363 17271 17271 D Nappa   : STATS Time saved until now: 0.0
08-03 23:54:38.429 17271 17271 D ActivityNode: Observer - visit time - PostListingActivity - New aggregate visit time found is 7164 ms
08-03 23:54:38.429 17271 17271 D ActivityNode: Observer - successor visit time - PostListingActivity - Updating the visit time from the successors list:
08-03 23:54:38.429 17271 17271 D ActivityNode: [AggregateVisitTimeByActivity{nappatfpr.org.quantumbadger.redreader.activities.CommentListingActivity : 4548 ms}]
08-03 23:54:38.429 17271 17271 D ActivityNode: Observer - successor visit time - MainActivity - Updating the visit time from the successors list:
08-03 23:54:38.429 17271 17271 D ActivityNode: [AggregateVisitTimeByActivity{nappatfpr.org.quantumbadger.redreader.activities.PostListingActivity : 5484 ms}]
08-03 23:54:38.444   918   936 I ActivityManager: Displayed nappatfpr.org.quantumbadger.redreader/.activities.CommentListingActivity: +310ms
08-03 23:54:38.445 13866 13866 I GoogleInputMethodServic: GoogleInputMethodService.onFinishInput():3138 
08-03 23:54:38.445 13866 13866 I GoogleInputMethodServic: GoogleInputMethodService.onStartInput():1808 
08-03 23:54:38.446 17271 17271 D ActivityNode: Observer - session data - sourceMainActivity
08-03 23:54:38.446 17271 17271 D ActivityNode: destinations:
08-03 23:54:38.446 17271 17271 D ActivityNode: 	nappatfpr.org.quantumbadger.redreader.activities.PostListingActivity( count 1)
08-03 23:54:38.447 17271 17271 D ActivityNode: Observer - session data - sourcePostListingActivity
08-03 23:54:38.447 17271 17271 D ActivityNode: destinations:
08-03 23:54:38.447 17271 17271 D ActivityNode: 	nappatfpr.org.quantumbadger.redreader.activities.CommentListingActivity( count 2)
08-03 23:54:38.447 17271 17271 D ActivityNode: Observer - session data - sourceCommentListingActivity
08-03 23:54:38.447 17271 17271 D ActivityNode: destinations:
08-03 23:54:38.491 17271 17283 I art     : Starting a blocking GC Explicit
08-03 23:54:38.517 17271 18160 D CustomInterceptor: CACHE_CONTROL SETTING NEW MAX-AGE
08-03 23:54:38.517 17271 18160 D CustomInterceptor: HEADER RESPONSE
08-03 23:54:38.518 17271 18160 D CustomInterceptor: accept-ranges bytes
08-03 23:54:38.518 17271 18160 D CustomInterceptor: access-control-allow-origin *
08-03 23:54:38.518 17271 18160 D CustomInterceptor: access-control-expose-headers X-Moose
08-03 23:54:38.518 17271 18160 D CustomInterceptor: Cache-Control public, immutable, max-age=300, only-if-cached, max-stale=300
08-03 23:54:38.518 17271 18160 D CustomInterceptor: content-type application/json; charset=UTF-8
08-03 23:54:38.518 17271 18160 D CustomInterceptor: date Mon, 03 Aug 2020 21:54:33 GMT
08-03 23:54:38.518 17271 18160 D CustomInterceptor: Expires Mon, 03 Aug 2020 21:59:38 GMT+00:00
08-03 23:54:38.518 17271 18160 D CustomInterceptor: server snooserv
08-03 23:54:38.518 17271 18160 D CustomInterceptor: set-cookie edgebucket=KSHx6N2ZP8v87Ithit; Domain=reddit.com; Max-Age=63071999; Path=/; secure=
08-03 23:54:38.518 17271 18160 D CustomInterceptor: strict-transport-security max-age=15552000; includeSubDomains; preload
08-03 23:54:38.518 17271 18160 D CustomInterceptor: vary accept-encoding
08-03 23:54:38.518 17271 18160 D CustomInterceptor: via 1.1 varnish
08-03 23:54:38.518 17271 18160 D CustomInterceptor: x-content-type-options nosniff
08-03 23:54:38.519 17271 18160 D CustomInterceptor: x-frame-options SAMEORIGIN
08-03 23:54:38.519 17271 18160 D CustomInterceptor: x-moose majestic
08-03 23:54:38.519 17271 18160 D CustomInterceptor: x-ua-compatible IE=edge
08-03 23:54:38.519 17271 18160 D CustomInterceptor: x-xss-protection 1; mode=block
08-03 23:54:38.519 17271 18160 D CustomInterceptor: CACHEABLE true
08-03 23:54:38.519 17271 18160 D CustomInterceptor: REQ https://oauth.reddit.com/comments/hwnhe2/.json?sort=confidence
08-03 23:54:38.519 17271 18160 D CustomInterceptor: REQ_SERV_BY net
08-03 23:54:38.519 17271 18160 D CustomInterceptor: PREFLIB Adding response to lrucache - https://oauth.reddit.com/comments/hwnhe2/.json?sort=confidence
08-03 23:54:38.522 17271 18160 D CustomInterceptor: interceptor_finished : return_type #3 : request served from remote and added to cache
08-03 23:54:38.522 17271 17283 I art     : Explicit concurrent mark sweep GC freed 5494(302KB) AllocSpace objects, 1(20KB) LOS objects, 36% free, 27MB/43MB, paused 497us total 30.761ms
08-03 23:54:38.523 17271 18160 I NAPPA_EXPERIMENTATION: MetricNetworkRequestExecutionTime: REQUEST_DURATION_SYSTEM='360',REQUEST_DURATION_OKHTTP='0',REQUEST_SYNCHRONOUS='TRUE',RESPONSE_CODE='200',RESPONSE_METHOD='GET',RESPONSE_LENGTH_OKHTTP='14747',RESPONSE_LENGTH_HEADER='-2',REQUEST_PROTOCOL='h2',REQUEST_URL='https://oauth.reddit.com/comments/hwnhe2/.json?sort=confidence',
08-03 23:54:38.523 17271 18160 D OK      : request got status: 200
08-03 23:54:38.526 17271 17865 I CommentListingActivity: COMMENTS session changed to fd0b8f19-a37c-4033-b404-370392a02262
08-03 23:54:38.535 17271 17283 I art     : Starting a blocking GC Explicit
08-03 23:54:38.562 17271 17295 D Nappa   : PREFETCH_ON_EXTRA - setCurrentActivity - logs - from extra - made prediction isfalse
08-03 23:54:38.568 17271 17283 I art     : Explicit concurrent mark sweep GC freed 3537(329KB) AllocSpace objects, 6(164KB) LOS objects, 36% free, 27MB/43MB, paused 701us total 32.475ms
08-03 23:54:38.582 17271 17283 I art     : Starting a blocking GC Explicit
08-03 23:54:38.616 17271 17283 I art     : Explicit concurrent mark sweep GC freed 1249(68KB) AllocSpace objects, 1(68KB) LOS objects, 36% free, 27MB/43MB, paused 415us total 33.096ms
08-03 23:54:38.630 17271 17283 I art     : Starting a blocking GC Explicit
08-03 23:54:38.662 17271 17283 I art     : Explicit concurrent mark sweep GC freed 19(816B) AllocSpace objects, 0(0B) LOS objects, 36% free, 27MB/43MB, paused 392us total 32.162ms
08-03 23:54:38.677 17271 17283 I art     : Starting a blocking GC Explicit
08-03 23:54:38.689   512  2967 D audio_hw_primary: disable_audio_route: reset and update mixer path: low-latency-playback speaker
08-03 23:54:38.690   512  2967 D audio_hw_primary: disable_snd_device: snd_device(2: speaker)
08-03 23:54:38.696   380   380 W SurfaceFlinger: couldn't log to binary event log: overflow.
08-03 23:54:38.700   512  2967 I soundtrigger: audio_extn_sound_trigger_update_device_status: device 0x2 of type 0 for Event 0
08-03 23:54:38.712 17271 17283 I art     : Explicit concurrent mark sweep GC freed 9(448B) AllocSpace objects, 0(0B) LOS objects, 36% free, 27MB/43MB, paused 425us total 34.021ms
08-03 23:54:38.863 17271 17295 D Nappa   : PREFETCH_ON_EXTRA - setCurrentActivity - starting new prediction
08-03 23:54:38.863 17271 17295 D Nappa   : Current node - currentActivityName - nappatfpr.org.quantumbadger.redreader.activities.CommentListingActivity
08-03 23:54:38.863 17271 17295 D Nappa   : Current node - activityGraph.getCurrent() - nappatfpr.org.quantumbadger.redreader.activities.CommentListingActivity
08-03 23:54:38.863 17271 17295 I NAPPA_EXPERIMENTATION: MetricNappaPrefetchingStrategyExecutionTime: STRATEGY_CLASS='TfprPrefetchingStrategy',DURATION='2344',NUMBER_OF_URLS='0',NUMBER_OF_SELECTED_CHILDREN_NODES='0',NUMBER_OF_CHILDREN_NODES='0',STRATEGY_RUN_SUCCESSFULLY='True',
08-03 23:54:38.863 17271 17295 D TfprPrefetchingStrategy: ==================================
08-03 23:54:38.863 17271 17295 D TfprPrefetchingStrategy: Starting Run #3
08-03 23:54:38.863 17271 17295 D TfprPrefetchingStrategy: ----------------------------------
08-03 23:54:38.863 17271 17295 D TfprPrefetchingStrategy: Node data CommentListingActivity 
08-03 23:54:38.863 17271 17295 D TfprPrefetchingStrategy: 	Successors:
08-03 23:54:38.863 17271 17295 D TfprPrefetchingStrategy: 
08-03 23:54:38.863 17271 17295 D TfprPrefetchingStrategy: 	Ancestors:
08-03 23:54:38.863 17271 17295 D TfprPrefetchingStrategy: 		PostListingActivity (1 hits)
08-03 23:54:38.863 17271 17295 D TfprPrefetchingStrategy: 
08-03 23:54:38.863 17271 17295 D TfprPrefetchingStrategy: MetricStrategyAccuracy inc execution count3 | act = true; extra = false
08-03 23:54:38.863 17271 17295 D TfprPrefetchingStrategy: MetricStrategyAccuracy inc no sucessor count3 | act = true; extra = false
08-03 23:54:38.863 17271 17295 D TfprPrefetchingStrategy: Node has no successor
08-03 23:54:38.863 17271 17295 D TfprPrefetchingStrategy: Next visited child will be []
08-03 23:54:38.863 17271 17295 D TfprPrefetchingStrategy: ==================================
08-03 23:54:38.863 17271 17295 D Nappa   : PREFETCH_ON_EXTRA - setCurrentActivity - finished new prediction
08-03 23:54:38.982 17271 17282 I art     : Starting a blocking GC Explicit
08-03 23:54:39.013 17271 17282 I art     : Explicit concurrent mark sweep GC freed 1758(104KB) AllocSpace objects, 1(20KB) LOS objects, 36% free, 27MB/43MB, paused 398us total 30.324ms
08-03 23:54:39.026 17271 17282 I art     : Starting a blocking GC Explicit
08-03 23:54:39.055 17271 17282 I art     : Explicit concurrent mark sweep GC freed 32(1152B) AllocSpace objects, 0(0B) LOS objects, 36% free, 27MB/43MB, paused 366us total 28.813ms
08-03 23:54:39.068 17271 17282 I art     : Starting a blocking GC Explicit
08-03 23:54:39.097 17271 17282 I art     : Explicit concurrent mark sweep GC freed 3(96B) AllocSpace objects, 0(0B) LOS objects, 36% free, 27MB/43MB, paused 504us total 29.433ms
08-03 23:54:39.110 17271 17282 I art     : Starting a blocking GC Explicit
08-03 23:54:39.142 17271 17282 I art     : Explicit concurrent mark sweep GC freed 3(96B) AllocSpace objects, 0(0B) LOS objects, 36% free, 27MB/43MB, paused 400us total 31.324ms
08-03 23:54:39.155 17271 17282 I art     : Starting a blocking GC Explicit
08-03 23:54:39.185 17271 17282 I art     : Explicit concurrent mark sweep GC freed 3(96B) AllocSpace objects, 0(0B) LOS objects, 36% free, 27MB/43MB, paused 367us total 29.176ms
08-03 23:54:39.467 17271 17596 I art     : Starting a blocking GC Explicit
08-03 23:54:39.503 17271 17596 I art     : Explicit concurrent mark sweep GC freed 1541(91KB) AllocSpace objects, 1(20KB) LOS objects, 36% free, 27MB/43MB, paused 433us total 36.331ms
08-03 23:54:39.519 17271 17596 I art     : Starting a blocking GC Explicit
