08-04 19:12:21.733 31611 31957 I art     : Explicit concurrent mark sweep GC freed 3(96B) AllocSpace objects, 0(0B) LOS objects, 37% free, 27MB/43MB, paused 333us total 33.178ms
08-04 19:12:21.747 31611 31957 I art     : Starting a blocking GC Explicit
08-04 19:12:21.780 31611 31957 I art     : Explicit concurrent mark sweep GC freed 3(96B) AllocSpace objects, 0(0B) LOS objects, 37% free, 27MB/43MB, paused 340us total 32.130ms
08-04 19:12:21.794 31611 31957 I art     : Starting a blocking GC Explicit
08-04 19:12:21.826 31611 31957 I art     : Explicit concurrent mark sweep GC freed 3(96B) AllocSpace objects, 0(0B) LOS objects, 37% free, 27MB/43MB, paused 331us total 32.517ms
08-04 19:12:21.951 31450 31450 I ServiceManager: Waiting for service AtCmdFwd...
08-04 19:12:22.111 31611 31624 I art     : Starting a blocking GC Explicit
08-04 19:12:22.145 31611 31624 I art     : Explicit concurrent mark sweep GC freed 1546(91KB) AllocSpace objects, 1(20KB) LOS objects, 37% free, 27MB/43MB, paused 354us total 33.411ms
08-04 19:12:22.159 31611 31624 I art     : Starting a blocking GC Explicit
08-04 19:12:22.190 31611 31624 I art     : Explicit concurrent mark sweep GC freed 28(1024B) AllocSpace objects, 0(0B) LOS objects, 37% free, 27MB/43MB, paused 340us total 30.802ms
08-04 19:12:22.203 31611 31624 I art     : Starting a blocking GC Explicit
08-04 19:12:22.235 31611 31624 I art     : Explicit concurrent mark sweep GC freed 3(96B) AllocSpace objects, 0(0B) LOS objects, 37% free, 27MB/43MB, paused 336us total 31.127ms
08-04 19:12:22.248 31611 31624 I art     : Starting a blocking GC Explicit
08-04 19:12:22.279 31611 31624 I art     : Explicit concurrent mark sweep GC freed 3(96B) AllocSpace objects, 0(0B) LOS objects, 37% free, 27MB/43MB, paused 347us total 30.581ms
08-04 19:12:22.292 31611 31624 I art     : Starting a blocking GC Explicit
08-04 19:12:22.323 31611 31624 I art     : Explicit concurrent mark sweep GC freed 3(96B) AllocSpace objects, 0(0B) LOS objects, 37% free, 27MB/43MB, paused 329us total 30.588ms
08-04 19:12:22.498 32574 32574 D AndroidRuntime: >>>>>> START com.android.internal.os.RuntimeInit uid 2000 <<<<<<
08-04 19:12:22.503 32574 32574 D AndroidRuntime: CheckJNI is OFF
08-04 19:12:22.535 32574 32574 D ICU     : No timezone override file found: /data/misc/zoneinfo/current/icu/icu_tzdata.dat
08-04 19:12:22.567 32574 32574 I Radio-JNI: register_android_hardware_Radio DONE
08-04 19:12:22.591 32574 32574 D AndroidRuntime: Calling main entry com.android.commands.input.Input
08-04 19:12:22.593 32574 32574 I Input   : injectMotionEvent: MotionEvent { action=ACTION_DOWN, actionButton=0, id[0]=0, x[0]=600.0, y[0]=1200.0, toolType[0]=TOOL_TYPE_UNKNOWN, buttonState=0, metaState=0, flags=0x0, edgeFlags=0x0, pointerCount=1, historySize=0, eventTime=731559005, downTime=731559005, deviceId=0, source=0x1002 }
08-04 19:12:22.597 32574 32574 I Input   : injectMotionEvent: MotionEvent { action=ACTION_UP, actionButton=0, id[0]=0, x[0]=600.0, y[0]=1200.0, toolType[0]=TOOL_TYPE_UNKNOWN, buttonState=0, metaState=0, flags=0x0, edgeFlags=0x0, pointerCount=1, historySize=0, eventTime=731559005, downTime=731559005, deviceId=0, source=0x1002 }
08-04 19:12:22.598 32574 32574 D AndroidRuntime: Shutting down VM
08-04 19:12:22.607   512  2967 D audio_hw_primary: out_set_parameters: enter: usecase(1: low-latency-playback) kvpairs: routing=2
08-04 19:12:22.611 31611 31611 D NappaIntentExtras: ==================
08-04 19:12:22.611 31611 31611 D NappaIntentExtras: Log #5
08-04 19:12:22.611 31611 31611 D NappaIntentExtras: ------------------
08-04 19:12:22.611 31611 31611 D NappaIntentExtras: activity nappatfpr.org.quantumbadger.redreader.activities.ImageViewActivity
08-04 19:12:22.611 31611 31611 D NappaIntentExtras: 	- No extras registered
08-04 19:12:22.611 31611 31611 D NappaIntentExtras: activity nappatfpr.org.quantumbadger.redreader.activities.CommentListingActivity
08-04 19:12:22.611 31611 31611 D NappaIntentExtras: 	- No extras registered
08-04 19:12:22.612 31611 31611 D NappaIntentExtras: activity nappatfpr.org.quantumbadger.redreader.activities.PostListingActivity
08-04 19:12:22.612 31611 31611 D NappaIntentExtras: 	- No extras registered
08-04 19:12:22.612 31611 31611 D NappaIntentExtras: activity nappatfpr.org.quantumbadger.redreader.activities.MainActivity
08-04 19:12:22.612 31611 31611 D NappaIntentExtras: 	- No extras registered
08-04 19:12:22.612 31611 31611 D NappaIntentExtras: activity nappatfpr.org.quantumbadger.redreader.activities.WebViewActivity
08-04 19:12:22.612 31611 31611 D NappaIntentExtras: 	- No extras registered
08-04 19:12:22.612 31611 31611 D NappaIntentExtras: ==================
08-04 19:12:22.612   918  4413 I ActivityManager: START u0 {dat=https://oauth.reddit.com/... cmp=nappatfpr.org.quantumbadger.redreader/.activities.CommentListingActivity} from uid 10664 on display 0
08-04 19:12:22.615 31611 32551 I art     : Starting a blocking GC Explicit
08-04 19:12:22.619 31611 31611 D NappaLifecycleObserver: nappatfpr.org.quantumbadger.redreader.activities.PostListingActivity - onPause
08-04 19:12:22.619 31611 31611 D Nappa   : Stayed on nappatfpr.org.quantumbadger.redreader.activities.PostListingActivity for 1673 ms
08-04 19:12:22.620   512  2967 D audio_hw_primary: select_devices: out_snd_device(2: speaker) in_snd_device(0: none)
08-04 19:12:22.620   512  2967 D msm8974_platform: platform_send_audio_calibration: sending audio calibration for snd_device(2) acdb_id(15)
08-04 19:12:22.620   512  2967 I soundtrigger: audio_extn_sound_trigger_update_device_status: device 0x2 of type 0 for Event 1
08-04 19:12:22.632   512  2967 D audio_hw_primary: enable_snd_device: snd_device(2: speaker)
08-04 19:12:22.634   512  2967 D audio_hw_primary: enable_audio_route: apply and update mixer path: low-latency-playback speaker
08-04 19:12:22.634 31611 31611 I AppCompatViewInflater: app:theme is now deprecated. Please move to using android:theme instead.
08-04 19:12:22.648 31611 32551 I art     : Explicit concurrent mark sweep GC freed 3043(167KB) AllocSpace objects, 1(20KB) LOS objects, 37% free, 27MB/43MB, paused 696us total 33.305ms
08-04 19:12:22.651 31611 31611 D NappaLifecycleObserver: nappatfpr.org.quantumbadger.redreader.activities.CommentListingActivity - onResume
08-04 19:12:22.651 31611 31611 D Nappa   : setCurrentActivity - MetricStrategyAccuracy - 
08-04 19:12:22.651 31611 31611 D Nappa   : madePredictionFromActivity = false, 
08-04 19:12:22.651 31611 31611 D Nappa   : fromActivity = nappatfpr.org.quantumbadger.redreader.activities.PostListingActivity, 
08-04 19:12:22.651 31611 31611 D Nappa   : predictedNextActivityFromActivity = [], 
08-04 19:12:22.651 31611 31611 D Nappa   : activity.getClass().getCanonicalName() = nappatfpr.org.quantumbadger.redreader.activities.CommentListingActivity, 
08-04 19:12:22.651 31611 31611 D Nappa   : setCurrentActivity - MetricStrategyAccuracy - 
08-04 19:12:22.651 31611 31611 D Nappa   : madePredictionFromExtra = false, 
08-04 19:12:22.651 31611 31611 D Nappa   : fromActivity = nappatfpr.org.quantumbadger.redreader.activities.PostListingActivity, 
08-04 19:12:22.651 31611 31611 D Nappa   : predictedNextActivityFromExtra = [], 
08-04 19:12:22.651 31611 31611 D Nappa   : activity.getClass().getCanonicalName() = nappatfpr.org.quantumbadger.redreader.activities.CommentListingActivity, 
08-04 19:12:22.651 31611 31611 D Nappa   : PREFETCH_ON_EXTRA - setCurrentActivity - logs - from activity - made prediction isfalse
08-04 19:12:22.653 31611 32599 D OK      : calling: https://oauth.reddit.com/comments/hza888/.json?sort=confidence
08-04 19:12:22.653 31611 32599 D CustomInterceptor: NETWORK-PROVIDER https://oauth.reddit.com/comments/hza888/.json?sort=confidence
08-04 19:12:22.653 31611 32599 D Nappa   : F1_SCORE add_intercept_url - (new) - https://oauth.reddit.com/comments/hza888/.json?sort=confidence
08-04 19:12:22.653 31611 32599 D Nappa   : F1_SCORE add_fn_url - (new) - https://oauth.reddit.com/comments/hza888/.json?sort=confidence
08-04 19:12:22.653 31611 32599 D Nappa   : -------------F1_SCORE #6 -----------
08-04 19:12:22.653 31611 32599 D Nappa   : F1_SCORE - Intercept list (5)= [https://oauth.reddit.com/r/askscience/about.json, https://oauth.reddit.com/r/askscience/hot/.json, https://oauth.reddit.com/comments/gvc7k9/.json?sort=confidence, https://oauth.reddit.com/comments/hwnhe2/.json?sort=confidence, https://oauth.reddit.com/comments/hza888/.json?sort=confidence]
08-04 19:12:22.653 31611 32599 D Nappa   : F1_SCORE - Prefetch list (0)= []
08-04 19:12:22.653 31611 32599 D Nappa   : F1_SCORE - TP list (0)= []
08-04 19:12:22.653 31611 32599 D Nappa   : F1_SCORE - FN list (5)= [https://oauth.reddit.com/r/askscience/about.json, https://oauth.reddit.com/r/askscience/hot/.json, https://oauth.reddit.com/comments/gvc7k9/.json?sort=confidence, https://oauth.reddit.com/comments/hwnhe2/.json?sort=confidence, https://oauth.reddit.com/comments/hza888/.json?sort=confidence]
08-04 19:12:22.653 31611 32599 I NAPPA_EXPERIMENTATION: MetricPrefetchingAccuracy: LOG_ID='7',F1_SCORE_1='0.0',F1_SCORE_2='0.0',TRUE_POSITIVE='0',FALSE_POSITIVE='0',FALSE_NEGATIVE='5',
08-04 19:12:22.653 31611 32599 D CustomInterceptor: HEADER REQUEST
08-04 19:12:22.654 31611 32599 D CustomInterceptor: Authorization bearer -vv7wE75CCVZuUmgJJFxR34x-bqc
08-04 19:12:22.654 31611 32599 D CustomInterceptor: Cache-Control max-age=300, max-stale=300
08-04 19:12:22.654 31611 32599 D CustomInterceptor: User-Agent nappatfpr.org.quantumbadger.redreader/1.9.10
08-04 19:12:22.654 31611 32599 D CustomInterceptor: CACHED STATS: size = '4', maxSize = '100', hitCount = '4', createCount = '0', putCount = '4', evictionCount = '0', missCount = '5', toString = 'LruCache[maxSize=100,hits=4,misses=5,hitRate=44%]', 
08-04 19:12:22.654 31611 32599 D CustomInterceptor: PREFLIB NOT A GET REQUEST OR NOT IN CACHEGET
08-04 19:12:22.661 31611 32551 I art     : Starting a blocking GC Explicit
08-04 19:12:22.691 31611 32551 I art     : Explicit concurrent mark sweep GC freed 1037(81KB) AllocSpace objects, 0(0B) LOS objects, 37% free, 27MB/43MB, paused 461us total 29.920ms
08-04 19:12:22.704 31611 32551 I art     : Starting a blocking GC Explicit
08-04 19:12:22.735 31611 32551 I art     : Explicit concurrent mark sweep GC freed 160(7KB) AllocSpace objects, 0(0B) LOS objects, 37% free, 27MB/43MB, paused 514us total 30.815ms
08-04 19:12:22.748 31611 32551 I art     : Starting a blocking GC Explicit
08-04 19:12:22.752 31611 31611 D Nappa   : registerActivity: (already in) nappatfpr.org.quantumbadger.redreader.activities.CommentListingActivity
08-04 19:12:22.752 31611 31611 D ActivityNode: ACTNODE UPDATING AFTER LOADING FROM DB
08-04 19:12:22.752 31611 31611 D ActivityGraph: LARDataCalculatedUpdate nappatfpr.org.quantumbadger.redreader.activities.CommentListingActivity Pagerank: 0.25 HITS-Authority: 1.0 HITS-Hub: 1.0 SALSA-Authority: 1.0 SALSA-Hub: 1.0
08-04 19:12:22.752 31611 31611 D Nappa   : SHOULD_PREFETCH true
08-04 19:12:22.753 31611 31633 D Nappa   : registerActivity: (already in) nappatfpr.org.quantumbadger.redreader.activities.CommentListingActivity
08-04 19:12:22.753 31611 31633 D Nappa   : PARENTS 
08-04 19:12:22.753 31611 31633 D Nappa   : Of: nappatfpr.org.quantumbadger.redreader.activities.CommentListingActivity -> 
08-04 19:12:22.753 31611 31633 D Nappa   : PARENTS nappatfpr.org.quantumbadger.redreader.activities.PostListingActivity
08-04 19:12:22.753 31611 31633 D Nappa   : PARENTS nappatfpr.org.quantumbadger.redreader.activities.MainActivity
08-04 19:12:22.781 31611 32551 I art     : Explicit concurrent mark sweep GC freed 160(10KB) AllocSpace objects, 0(0B) LOS objects, 37% free, 27MB/43MB, paused 403us total 32.612ms
08-04 19:12:22.794 31611 32551 I art     : Starting a blocking GC Explicit
08-04 19:12:22.827 31611 32551 I art     : Explicit concurrent mark sweep GC freed 1880(73KB) AllocSpace objects, 0(0B) LOS objects, 37% free, 27MB/43MB, paused 608us total 32.626ms
08-04 19:12:22.852 31611 31611 D Nappa   : registerActivity: (already in) nappatfpr.org.quantumbadger.redreader.activities.CommentListingActivity
08-04 19:12:22.852 31611 31611 D Nappa   : STATS Number of requests not prefetched: 5
08-04 19:12:22.852 31611 31611 D Nappa   : STATS Number of requests prefetched: 0
08-04 19:12:22.852 31611 31611 D Nappa   : STATS Time saved until now: 0.0
08-04 19:12:22.921 31611 31611 D ActivityNode: Observer - visit time - PostListingActivity - New aggregate visit time found is 240108 ms
08-04 19:12:22.921 31611 31611 D ActivityNode: Observer - successor visit time - MainActivity - Updating the visit time from the successors list:
08-04 19:12:22.921 31611 31611 D ActivityNode: [AggregateVisitTimeByActivity{nappatfpr.org.quantumbadger.redreader.activities.PostListingActivity : 140194 ms}]
08-04 19:12:22.934 31611 31611 D ActivityNode: Observer - successor visit time - PostListingActivity - Updating the visit time from the successors list:
08-04 19:12:22.934 31611 31611 D ActivityNode: [AggregateVisitTimeByActivity{nappatfpr.org.quantumbadger.redreader.activities.CommentListingActivity : 192035 ms}, AggregateVisitTimeByActivity{nappatfpr.org.quantumbadger.redreader.activities.WebViewActivity : 71028 ms}, AggregateVisitTimeByActivity{nappatfpr.org.quantumbadger.redreader.activities.ImageViewActivity : 4726 ms}]
08-04 19:12:22.935 31611 31611 D ActivityNode: Observer - successor visit time - ImageViewActivity - Updating the visit time from the successors list:
08-04 19:12:22.935 31611 31611 D ActivityNode: [AggregateVisitTimeByActivity{nappatfpr.org.quantumbadger.redreader.activities.WebViewActivity : 20677 ms}]
08-04 19:12:22.944 13866 13866 I GoogleInputMethodServic: GoogleInputMethodService.onFinishInput():3138 
08-04 19:12:22.944 13866 13866 I GoogleInputMethodServic: GoogleInputMethodService.onStartInput():1808 
08-04 19:12:22.946 31611 31611 D ActivityNode: Observer - session data - sourcePostListingActivity
08-04 19:12:22.946 31611 31611 D ActivityNode: destinations:
08-04 19:12:22.946 31611 31611 D ActivityNode: 	nappatfpr.org.quantumbadger.redreader.activities.CommentListingActivity( count 43)
08-04 19:12:22.946 31611 31611 D ActivityNode: 	nappatfpr.org.quantumbadger.redreader.activities.WebViewActivity( count 12)
08-04 19:12:22.946 31611 31611 D ActivityNode: 	nappatfpr.org.quantumbadger.redreader.activities.ImageViewActivity( count 4)
08-04 19:12:22.946 31611 31611 D ActivityNode: Observer - session data - sourceMainActivity
08-04 19:12:22.946 31611 31611 D ActivityNode: destinations:
08-04 19:12:22.946 31611 31611 D ActivityNode: 	nappatfpr.org.quantumbadger.redreader.activities.PostListingActivity( count 25)
08-04 19:12:22.946 31611 31611 D ActivityNode: Observer - session data - sourceCommentListingActivity
08-04 19:12:22.946 31611 31611 D ActivityNode: destinations:
08-04 19:12:22.946 31611 31611 D ActivityNode: Observer - session data - sourceWebViewActivity
08-04 19:12:22.946 31611 31611 D ActivityNode: destinations:
08-04 19:12:22.946 31611 31611 D ActivityNode: Observer - session data - sourceImageViewActivity
08-04 19:12:22.946 31611 31611 D ActivityNode: destinations:
08-04 19:12:22.946 31611 31611 D ActivityNode: 	nappatfpr.org.quantumbadger.redreader.activities.WebViewActivity( count 4)
08-04 19:12:22.947   918   936 I ActivityManager: Displayed nappatfpr.org.quantumbadger.redreader/.activities.CommentListingActivity: +327ms
08-04 19:12:22.951 31450 31450 W Atfwd_Sendcmd: AtCmdFwd service not published, waiting... retryCnt : 2
08-04 19:12:22.984 31611 32599 D CustomInterceptor: CACHE_CONTROL SETTING NEW MAX-AGE
08-04 19:12:22.986 31611 32599 D CustomInterceptor: HEADER RESPONSE
08-04 19:12:22.986 31611 32599 D CustomInterceptor: accept-ranges bytes
08-04 19:12:22.986 31611 32599 D CustomInterceptor: access-control-allow-origin *
08-04 19:12:22.986 31611 32599 D CustomInterceptor: access-control-expose-headers X-Moose
08-04 19:12:22.986 31611 32599 D CustomInterceptor: Cache-Control public, immutable, max-age=300, only-if-cached, max-stale=300
08-04 19:12:22.986 31611 32599 D CustomInterceptor: content-type application/json; charset=UTF-8
08-04 19:12:22.986 31611 32599 D CustomInterceptor: date Tue, 04 Aug 2020 17:12:18 GMT
08-04 19:12:22.986 31611 32599 D CustomInterceptor: Expires Tue, 04 Aug 2020 17:17:22 GMT+00:00
08-04 19:12:22.987 31611 32599 D CustomInterceptor: server snooserv
08-04 19:12:22.987 31611 32599 D CustomInterceptor: set-cookie edgebucket=LKnLgPYOLUB3z1lV7h; Domain=reddit.com; Max-Age=63071999; Path=/; secure=
08-04 19:12:22.987 31611 32599 D CustomInterceptor: strict-transport-security max-age=15552000; includeSubDomains; preload
08-04 19:12:22.987 31611 32599 D CustomInterceptor: vary accept-encoding
08-04 19:12:22.987 31611 32599 D CustomInterceptor: via 1.1 varnish
08-04 19:12:22.987 31611 32599 D CustomInterceptor: x-content-type-options nosniff
08-04 19:12:22.987 31611 32599 D CustomInterceptor: x-frame-options SAMEORIGIN
08-04 19:12:22.987 31611 32599 D CustomInterceptor: x-moose majestic
08-04 19:12:22.987 31611 32599 D CustomInterceptor: x-ua-compatible IE=edge
08-04 19:12:22.987 31611 32599 D CustomInterceptor: x-xss-protection 1; mode=block
08-04 19:12:22.987 31611 32599 D CustomInterceptor: CACHEABLE true
08-04 19:12:22.987 31611 32599 D CustomInterceptor: REQ https://oauth.reddit.com/comments/hza888/.json?sort=confidence
08-04 19:12:22.987 31611 32599 D CustomInterceptor: REQ_SERV_BY net
08-04 19:12:22.987 31611 32599 D CustomInterceptor: PREFLIB Adding response to lrucache - https://oauth.reddit.com/comments/hza888/.json?sort=confidence
08-04 19:12:23.004 31611 32599 D CustomInterceptor: interceptor_finished : return_type #3 : request served from remote and added to cache
08-04 19:12:23.009 31611 32599 I NAPPA_EXPERIMENTATION: MetricNetworkRequestExecutionTime: REQUEST_DURATION_SYSTEM='356',REQUEST_DURATION_OKHTTP='0',REQUEST_SYNCHRONOUS='TRUE',RESPONSE_CODE='200',RESPONSE_METHOD='GET',RESPONSE_LENGTH_OKHTTP='212376',RESPONSE_LENGTH_HEADER='-2',REQUEST_PROTOCOL='h2',REQUEST_URL='https://oauth.reddit.com/comments/hza888/.json?sort=confidence',
08-04 19:12:23.010 31611 32599 D OK      : request got status: 200
08-04 19:12:23.014 31611 32188 I CommentListingActivity: COMMENTS session changed to 6cd3f3c3-99bb-4d71-84fc-d543f58960ec
08-04 19:12:23.052 31611 31633 D Nappa   : PREFETCH_ON_EXTRA - setCurrentActivity - logs - from extra - made prediction isfalse
08-04 19:12:23.075 31611 31623 I art     : Starting a blocking GC Explicit
08-04 19:12:23.124 31611 31623 I art     : Explicit concurrent mark sweep GC freed 15441(1429KB) AllocSpace objects, 5(920KB) LOS objects, 35% free, 28MB/44MB, paused 708us total 49.461ms
08-04 19:12:23.140 31611 31623 I art     : Starting a blocking GC Explicit
08-04 19:12:23.178   512  2967 D audio_hw_primary: disable_audio_route: reset and update mixer path: low-latency-playback speaker
08-04 19:12:23.179   512  2967 D audio_hw_primary: disable_snd_device: snd_device(2: speaker)
08-04 19:12:23.186   380   380 W SurfaceFlinger: couldn't log to binary event log: overflow.
08-04 19:12:23.186 31611 31623 I art     : Explicit concurrent mark sweep GC freed 4148(257KB) AllocSpace objects, 0(0B) LOS objects, 35% free, 28MB/44MB, paused 763us total 46.109ms
08-04 19:12:23.187   512  2967 I soundtrigger: audio_extn_sound_trigger_update_device_status: device 0x2 of type 0 for Event 0
08-04 19:12:23.202 31611 31623 I art     : Starting a blocking GC Explicit
08-04 19:12:23.236 31611 31623 I art     : Explicit concurrent mark sweep GC freed 2541(107KB) AllocSpace objects, 1(68KB) LOS objects, 35% free, 28MB/44MB, paused 345us total 32.813ms
08-04 19:12:23.249 31611 31623 I art     : Starting a blocking GC Explicit
08-04 19:12:23.286 31611 31623 I art     : Explicit concurrent mark sweep GC freed 16(672B) AllocSpace objects, 0(0B) LOS objects, 35% free, 28MB/44MB, paused 330us total 36.334ms
08-04 19:12:23.301 31611 31623 I art     : Starting a blocking GC Explicit
08-04 19:12:23.339 31611 31623 I art     : Explicit concurrent mark sweep GC freed 150(4KB) AllocSpace objects, 0(0B) LOS objects, 35% free, 28MB/44MB, paused 371us total 37.962ms
08-04 19:12:23.352 31611 31633 D Nappa   : PREFETCH_ON_EXTRA - setCurrentActivity - starting new prediction
08-04 19:12:23.353 31611 31633 D Nappa   : Current node - currentActivityName - nappatfpr.org.quantumbadger.redreader.activities.CommentListingActivity
08-04 19:12:23.353 31611 31633 D Nappa   : Current node - activityGraph.getCurrent() - nappatfpr.org.quantumbadger.redreader.activities.CommentListingActivity
08-04 19:12:23.353 31611 31633 I NAPPA_EXPERIMENTATION: MetricNappaPrefetchingStrategyExecutionTime: STRATEGY_CLASS='TfprPrefetchingStrategy',DURATION='937',NUMBER_OF_URLS='0',NUMBER_OF_SELECTED_CHILDREN_NODES='0',NUMBER_OF_CHILDREN_NODES='0',STRATEGY_RUN_SUCCESSFULLY='True',
08-04 19:12:23.353 31611 31633 D TfprPrefetchingStrategy: ==================================
08-04 19:12:23.353 31611 31633 D TfprPrefetchingStrategy: Starting Run #4
08-04 19:12:23.353 31611 31633 D TfprPrefetchingStrategy: ----------------------------------
08-04 19:12:23.353 31611 31633 D TfprPrefetchingStrategy: Node data CommentListingActivity 
08-04 19:12:23.353 31611 31633 D TfprPrefetchingStrategy: 	Successors:
08-04 19:12:23.353 31611 31633 D TfprPrefetchingStrategy: 
08-04 19:12:23.353 31611 31633 D TfprPrefetchingStrategy: 	Ancestors:
08-04 19:12:23.353 31611 31633 D TfprPrefetchingStrategy: 		PostListingActivity (0 hits)
08-04 19:12:23.353 31611 31633 D TfprPrefetchingStrategy: 
08-04 19:12:23.353 31611 31633 D TfprPrefetchingStrategy: MetricStrategyAccuracy inc execution count4 | act = true; extra = false
08-04 19:12:23.353 31611 31633 D TfprPrefetchingStrategy: MetricStrategyAccuracy inc no sucessor count3 | act = true; extra = false
08-04 19:12:23.353 31611 31633 D TfprPrefetchingStrategy: Node has no successor
08-04 19:12:23.353 31611 31633 D TfprPrefetchingStrategy: Next visited child will be []
08-04 19:12:23.353 31611 31633 D TfprPrefetchingStrategy: ==================================
08-04 19:12:23.353 31611 31633 D Nappa   : PREFETCH_ON_EXTRA - setCurrentActivity - finished new prediction
08-04 19:12:23.630 31611 32551 I art     : Starting a blocking GC Explicit
08-04 19:12:23.672 31611 32551 I art     : Explicit concurrent mark sweep GC freed 1644(101KB) AllocSpace objects, 1(20KB) LOS objects, 35% free, 28MB/44MB, paused 349us total 41.445ms
08-04 19:12:23.687 31611 32551 I art     : Starting a blocking GC Explicit
08-04 19:12:23.726 31611 32551 I art     : Explicit concurrent mark sweep GC freed 28(1024B) AllocSpace objects, 0(0B) LOS objects, 35% free, 28MB/44MB, paused 333us total 38.498ms
08-04 19:12:23.741 31611 32551 I art     : Starting a blocking GC Explicit
08-04 19:12:23.778 31611 32551 I art     : Explicit concurrent mark sweep GC freed 3(96B) AllocSpace objects, 0(0B) LOS objects, 35% free, 28MB/44MB, paused 323us total 37.562ms
08-04 19:12:23.793 31611 32551 I art     : Starting a blocking GC Explicit
08-04 19:12:23.830 31611 32551 I art     : Explicit concurrent mark sweep GC freed 3(96B) AllocSpace objects, 0(0B) LOS objects, 35% free, 28MB/44MB, paused 355us total 37.229ms
08-04 19:12:23.845 31611 32551 I art     : Starting a blocking GC Explicit
08-04 19:12:23.882 31611 32551 I art     : Explicit concurrent mark sweep GC freed 3(96B) AllocSpace objects, 0(0B) LOS objects, 35% free, 28MB/44MB, paused 362us total 37.067ms
08-04 19:12:24.176 31611 31623 I art     : Starting a blocking GC Explicit
08-04 19:12:24.227 31611 31623 I art     : Explicit concurrent mark sweep GC freed 1593(93KB) AllocSpace objects, 1(20KB) LOS objects, 35% free, 28MB/44MB, paused 411us total 51.570ms
08-04 19:12:24.245 31611 31623 I art     : Starting a blocking GC Explicit
08-04 19:12:24.286 31611 31623 I art     : Explicit concurrent mark sweep GC freed 28(1024B) AllocSpace objects, 0(0B) LOS objects, 35% free, 28MB/44MB, paused 339us total 40.493ms
08-04 19:12:24.301 31611 31623 I art     : Starting a blocking GC Explicit
08-04 19:12:24.340 31611 31623 I art     : Explicit concurrent mark sweep GC freed 3(96B) AllocSpace objects, 0(0B) LOS objects, 35% free, 28MB/44MB, paused 373us total 39.316ms
08-04 19:12:24.355 31611 31623 I art     : Starting a blocking GC Explicit
08-04 19:12:24.396 31611 31623 I art     : Explicit concurrent mark sweep GC freed 3(96B) AllocSpace objects, 0(0B) LOS objects, 35% free, 28MB/44MB, paused 360us total 40.420ms
08-04 19:12:24.411 31611 31623 I art     : Starting a blocking GC Explicit
08-04 19:12:24.452   518   646 I ThermalEngine: ACTION: GPU - Setting GPU[0] to 450000000
08-04 19:12:24.453 31611 31623 I art     : Explicit concurrent mark sweep GC freed 3(96B) AllocSpace objects, 0(0B) LOS objects, 35% free, 28MB/44MB, paused 416us total 41.826ms
08-04 19:12:24.797 31611 31714 I art     : Starting a blocking GC Explicit
08-04 19:12:24.853 31611 31714 I art     : Explicit concurrent mark sweep GC freed 1549(95KB) AllocSpace objects, 1(20KB) LOS objects, 35% free, 28MB/44MB, paused 506us total 55.467ms
08-04 19:12:24.871 31611 31714 I art     : Starting a blocking GC Explicit
08-04 19:12:24.920 31611 31714 I art     : Explicit concurrent mark sweep GC freed 28(1024B) AllocSpace objects, 0(0B) LOS objects, 35% free, 28MB/44MB, paused 507us total 48.072ms
08-04 19:12:24.939 31611 31714 I art     : Starting a blocking GC Explicit
08-04 19:12:24.990 31611 31714 I art     : Explicit concurrent mark sweep GC freed 3(96B) AllocSpace objects, 0(0B) LOS objects, 35% free, 28MB/44MB, paused 504us total 50.974ms
08-04 19:12:25.009 31611 31714 I art     : Starting a blocking GC Explicit
08-04 19:12:25.061 31611 31714 I art     : Explicit concurrent mark sweep GC freed 3(96B) AllocSpace objects, 0(0B) LOS objects, 35% free, 28MB/44MB, paused 511us total 51.754ms
08-04 19:12:25.080 31611 31714 I art     : Starting a blocking GC Explicit
08-04 19:12:25.131 31611 31714 I art     : Explicit concurrent mark sweep GC freed 3(96B) AllocSpace objects, 0(0B) LOS objects, 35% free, 28MB/44MB, paused 501us total 50.951ms
08-04 19:12:25.380 32644 32644 D AndroidRuntime: >>>>>> START com.android.internal.os.RuntimeInit uid 2000 <<<<<<
08-04 19:12:25.386 32644 32644 D AndroidRuntime: CheckJNI is OFF
08-04 19:12:25.427 32644 32644 D ICU     : No timezone override file found: /data/misc/zoneinfo/current/icu/icu_tzdata.dat
08-04 19:12:25.464 31611 31624 I art     : Starting a blocking GC Explicit
08-04 19:12:25.470 32644 32644 I Radio-JNI: register_android_hardware_Radio DONE
08-04 19:12:25.499 32644 32644 D AndroidRuntime: Calling main entry com.android.commands.input.Input
08-04 19:12:25.501 32644 32644 I Input   : injectKeyEvent: KeyEvent { action=ACTION_DOWN, keyCode=KEYCODE_BACK, scanCode=0, metaState=0, flags=0x0, repeatCount=0, eventTime=731561914, downTime=731561914, deviceId=-1, source=0x101 }
08-04 19:12:25.506 32644 32644 I Input   : injectKeyEvent: KeyEvent { action=ACTION_UP, keyCode=KEYCODE_BACK, scanCode=0, metaState=0, flags=0x0, repeatCount=0, eventTime=731561914, downTime=731561914, deviceId=-1, source=0x101 }
08-04 19:12:25.513 31611 31624 I art     : Explicit concurrent mark sweep GC freed 1552(96KB) AllocSpace objects, 1(20KB) LOS objects, 35% free, 28MB/44MB, paused 573us total 48.923ms
08-04 19:12:25.515 31611 31611 D NappaLifecycleObserver: nappatfpr.org.quantumbadger.redreader.activities.CommentListingActivity - onPause
08-04 19:12:25.515 32644 32644 D AndroidRuntime: Shutting down VM
08-04 19:12:25.515 31611 31611 D Nappa   : Stayed on nappatfpr.org.quantumbadger.redreader.activities.CommentListingActivity for 2663 ms
08-04 19:12:25.524 31611 31611 D NappaLifecycleObserver: nappatfpr.org.quantumbadger.redreader.activities.PostListingActivity - onResume
08-04 19:12:25.524 31611 31611 D Nappa   : setCurrentActivity - MetricStrategyAccuracy - 
08-04 19:12:25.524 31611 31611 D Nappa   : madePredictionFromActivity = true, 
08-04 19:12:25.524 31611 31611 D Nappa   : fromActivity = nappatfpr.org.quantumbadger.redreader.activities.CommentListingActivity, 
08-04 19:12:25.524 31611 31611 D Nappa   : predictedNextActivityFromActivity = [], 
08-04 19:12:25.524 31611 31611 D Nappa   : activity.getClass().getCanonicalName() = nappatfpr.org.quantumbadger.redreader.activities.PostListingActivity, 
08-04 19:12:25.524 31611 31611 D Nappa   : setCurrentActivity - MetricStrategyAccuracy - 
08-04 19:12:25.524 31611 31611 D Nappa   : madePredictionFromExtra = false, 
08-04 19:12:25.524 31611 31611 D Nappa   : fromActivity = nappatfpr.org.quantumbadger.redreader.activities.CommentListingActivity, 
08-04 19:12:25.524 31611 31611 D Nappa   : predictedNextActivityFromExtra = [], 
08-04 19:12:25.524 31611 31611 D Nappa   : activity.getClass().getCanonicalName() = nappatfpr.org.quantumbadger.redreader.activities.PostListingActivity, 
08-04 19:12:25.524 31611 31611 D Nappa   : PREFETCH_ON_EXTRA - setCurrentActivity - logs - from activity - made prediction istrue
08-04 19:12:25.524 31611 31611 D Nappa   : PREFETCH_ON_EXTRA - setCurrentActivity - logs - from activity - start
08-04 19:12:25.525 31611 31611 I NAPPA_EXPERIMENTATION: MetricStrategyAccuracy: LOG_ID='4',EXECUTION_COUNT='4',CASES_COUNT='4',HIT_PERCENTAGE_TOTAL='25.0',HIT_PERCENTAGE_WHEN_PREDICTED='100.0',HIT_COUNT='1',MISS_COUNT='0',INSUFFICIENT_SCORE_COUNT='0',EXCEPTION_COUNT='0',NO_SUCCESSOR_COUNT='3',
08-04 19:12:25.525 31611 31611 D Nappa   : PREFETCH_ON_EXTRA - setCurrentActivity - logs - from activity- finished
08-04 19:12:25.532 31611 31624 I art     : Starting a blocking GC Explicit
08-04 19:12:25.578 31611 31624 I art     : Explicit concurrent mark sweep GC freed 207(18KB) AllocSpace objects, 0(0B) LOS objects, 35% free, 28MB/44MB, paused 561us total 46.234ms
08-04 19:12:25.596 31611 31624 I art     : Starting a blocking GC Explicit
08-04 19:12:25.625 31611 31611 D Nappa   : registerActivity: (already in) nappatfpr.org.quantumbadger.redreader.activities.PostListingActivity
08-04 19:12:25.625 31611 31611 D ActivityGraph: LARDataCalculatedUpdate nappatfpr.org.quantumbadger.redreader.activities.PostListingActivity Pagerank: 0.25 HITS-Authority: 1.0 HITS-Hub: 1.0 SALSA-Authority: 1.0 SALSA-Hub: 1.0
08-04 19:12:25.625 31611 31611 D Nappa   : SHOULD_PREFETCH false
08-04 19:12:25.625 31611 31611 D Nappa   : STATS Number of requests not prefetched: 6
08-04 19:12:25.625 31611 31611 D Nappa   : STATS Number of requests prefetched: 0
08-04 19:12:25.626 31611 31611 D Nappa   : STATS Time saved until now: 0.0
08-04 19:12:25.646 31611 31624 I art     : Explicit concurrent mark sweep GC freed 198(10KB) AllocSpace objects, 0(0B) LOS objects, 35% free, 28MB/44MB, paused 839us total 49.227ms
08-04 19:12:25.664 31611 31611 D ActivityNode: Observer - successor visit time - MainActivity - Updating the visit time from the successors list:
08-04 19:12:25.664 31611 31611 D ActivityNode: [AggregateVisitTimeByActivity{nappatfpr.org.quantumbadger.redreader.activities.PostListingActivity : 140194 ms}]
08-04 19:12:25.665 31611 31624 I art     : Starting a blocking GC Explicit
08-04 19:12:25.666 13866 13866 I GoogleInputMethodServic: GoogleInputMethodService.onFinishInput():3138 
08-04 19:12:25.666 31611 31611 D ActivityNode: Observer - visit time - CommentListingActivity - New aggregate visit time found is 194698 ms
08-04 19:12:25.666 31611 31611 D ActivityNode: Observer - successor visit time - PostListingActivity - Updating the visit time from the successors list:
08-04 19:12:25.666 31611 31611 D ActivityNode: [AggregateVisitTimeByActivity{nappatfpr.org.quantumbadger.redreader.activities.CommentListingActivity : 194698 ms}, AggregateVisitTimeByActivity{nappatfpr.org.quantumbadger.redreader.activities.WebViewActivity : 71028 ms}, AggregateVisitTimeByActivity{nappatfpr.org.quantumbadger.redreader.activities.ImageViewActivity : 4726 ms}]
08-04 19:12:25.666 31611 31611 D ActivityNode: Observer - successor visit time - ImageViewActivity - Updating the visit time from the successors list:
08-04 19:12:25.666 31611 31611 D ActivityNode: [AggregateVisitTimeByActivity{nappatfpr.org.quantumbadger.redreader.activities.WebViewActivity : 20677 ms}]
08-04 19:12:25.667 13866 13866 I GoogleInputMethodServic: GoogleInputMethodService.onStartInput():1808 
08-04 19:12:25.711 31611 31624 I art     : Explicit concurrent mark sweep GC freed 384(35KB) AllocSpace objects, 0(0B) LOS objects, 35% free, 28MB/44MB, paused 543us total 45.172ms
08-04 19:12:25.729 31611 31624 I art     : Starting a blocking GC Explicit
08-04 19:12:25.771 31611 31624 I art     : Explicit concurrent mark sweep GC freed 152(5KB) AllocSpace objects, 0(0B) LOS objects, 35% free, 28MB/44MB, paused 474us total 41.747ms
08-04 19:12:25.925 31611 31633 D Nappa   : PREFETCH_ON_EXTRA - setCurrentActivity - logs - from extra - made prediction isfalse
08-04 19:12:25.972 31611 31611 D NappaLifecycleObserver: nappatfpr.org.quantumbadger.redreader.activities.CommentListingActivity - onDestroy
08-04 19:12:25.973 31611 31611 D NappaLifecycleObserver: -------------F1_SCORE #7 -----------
08-04 19:12:25.973 31611 31611 D NappaLifecycleObserver: F1_SCORE - Intercept list (5)= [https://oauth.reddit.com/r/askscience/about.json, https://oauth.reddit.com/r/askscience/hot/.json, https://oauth.reddit.com/comments/gvc7k9/.json?sort=confidence, https://oauth.reddit.com/comments/hwnhe2/.json?sort=confidence, https://oauth.reddit.com/comments/hza888/.json?sort=confidence]
08-04 19:12:25.973 31611 31611 D NappaLifecycleObserver: F1_SCORE - Prefetch list (0)= []
08-04 19:12:25.973 31611 31611 D NappaLifecycleObserver: F1_SCORE - TP list (0)= []
08-04 19:12:25.973 31611 31611 D NappaLifecycleObserver: F1_SCORE - FN list (5)= [https://oauth.reddit.com/r/askscience/about.json, https://oauth.reddit.com/r/askscience/hot/.json, https://oauth.reddit.com/comments/gvc7k9/.json?sort=confidence, https://oauth.reddit.com/comments/hwnhe2/.json?sort=confidence, https://oauth.reddit.com/comments/hza888/.json?sort=confidence]
08-04 19:12:25.973 31611 31611 I NAPPA_EXPERIMENTATION: MetricPrefetchingAccuracy: LOG_ID='8',F1_SCORE_1='0.0',F1_SCORE_2='0.0',TRUE_POSITIVE='0',FALSE_POSITIVE='0',FALSE_NEGATIVE='5',
08-04 19:12:25.973   380   380 W SurfaceFlinger: couldn't log to binary event log: overflow.
08-04 19:12:26.065 31611 31624 I art     : Starting a blocking GC Explicit
08-04 19:12:26.114 31611 31624 I art     : Explicit concurrent mark sweep GC freed 1693(115KB) AllocSpace objects, 1(20KB) LOS objects, 35% free, 28MB/44MB, paused 489us total 48.241ms
08-04 19:12:26.132 31611 31624 I art     : Starting a blocking GC Explicit
08-04 19:12:26.175 31611 31624 I art     : Explicit concurrent mark sweep GC freed 23014(1248KB) AllocSpace objects, 5(164KB) LOS objects, 36% free, 27MB/43MB, paused 496us total 42.189ms
08-04 19:12:26.192 31611 31624 I art     : Starting a blocking GC Explicit
08-04 19:12:26.233 31611 31624 I art     : Explicit concurrent mark sweep GC freed 3(96B) AllocSpace objects, 0(0B) LOS objects, 36% free, 27MB/43MB, paused 493us total 40.267ms
08-04 19:12:26.251 31611 31624 I art     : Starting a blocking GC Explicit
08-04 19:12:26.291 31611 31624 I art     : Explicit concurrent mark sweep GC freed 3(96B) AllocSpace objects, 0(0B) LOS objects, 36% free, 27MB/43MB, paused 502us total 40.118ms
08-04 19:12:26.309 31611 31624 I art     : Starting a blocking GC Explicit
08-04 19:12:26.337   918  3261 D WifiStateMachine: starting scan for "H369AA63323"WPA_PSK with 2412,5180
08-04 19:12:26.349 31611 31624 I art     : Explicit concurrent mark sweep GC freed 3(96B) AllocSpace objects, 0(0B) LOS objects, 36% free, 27MB/43MB, paused 480us total 39.999ms
08-04 19:12:26.664 31611 32551 I art     : Starting a blocking GC Explicit
08-04 19:12:26.714 31611 32551 I art     : Explicit concurrent mark sweep GC freed 1552(92KB) AllocSpace objects, 1(20KB) LOS objects, 36% free, 27MB/43MB, paused 545us total 49.897ms
08-04 19:12:26.734 31611 32551 I art     : Starting a blocking GC Explicit
08-04 19:12:26.774 31611 32551 I art     : Explicit concurrent mark sweep GC freed 28(1024B) AllocSpace objects, 0(0B) LOS objects, 36% free, 27MB/43MB, paused 503us total 39.328ms
08-04 19:12:26.792 31611 32551 I art     : Starting a blocking GC Explicit
08-04 19:12:26.829 31611 32551 I art     : Explicit concurrent mark sweep GC freed 3(96B) AllocSpace objects, 0(0B) LOS objects, 36% free, 27MB/43MB, paused 485us total 37.316ms
08-04 19:12:26.846 31611 32551 I art     : Starting a blocking GC Explicit
08-04 19:12:26.885 31611 32551 I art     : Explicit concurrent mark sweep GC freed 3(96B) AllocSpace objects, 0(0B) LOS objects, 36% free, 27MB/43MB, paused 490us total 38.092ms
08-04 19:12:26.902 31611 32551 I art     : Starting a blocking GC Explicit
08-04 19:12:26.941 31611 32551 I art     : Explicit concurrent mark sweep GC freed 3(96B) AllocSpace objects, 0(0B) LOS objects, 36% free, 27MB/43MB, paused 495us total 38.901ms
08-04 19:12:27.248 31611 31957 I art     : Starting a blocking GC Explicit
08-04 19:12:27.296 32689 32689 D AndroidRuntime: >>>>>> START com.android.internal.os.RuntimeInit uid 2000 <<<<<<
08-04 19:12:27.297 31611 31957 I art     : Explicit concurrent mark sweep GC freed 1547(92KB) AllocSpace objects, 1(20KB) LOS objects, 36% free, 27MB/43MB, paused 639us total 48.245ms
08-04 19:12:27.305 32689 32689 D AndroidRuntime: CheckJNI is OFF
08-04 19:12:27.319 31611 31957 I art     : Starting a blocking GC Explicit
08-04 19:12:27.351 32689 32689 D ICU     : No timezone override file found: /data/misc/zoneinfo/current/icu/icu_tzdata.dat
08-04 19:12:27.358 31611 31957 I art     : Explicit concurrent mark sweep GC freed 28(1024B) AllocSpace objects, 0(0B) LOS objects, 36% free, 27MB/43MB, paused 495us total 39.329ms
08-04 19:12:27.376 31611 31957 I art     : Starting a blocking GC Explicit
08-04 19:12:27.396 32689 32689 I Radio-JNI: register_android_hardware_Radio DONE
08-04 19:12:27.418 31611 31957 I art     : Explicit concurrent mark sweep GC freed 3(96B) AllocSpace objects, 0(0B) LOS objects, 36% free, 27MB/43MB, paused 546us total 41.760ms
08-04 19:12:27.426 32689 32689 D AndroidRuntime: Calling main entry com.android.commands.input.Input
08-04 19:12:27.428 32689 32689 I Input   : injectMotionEvent: MotionEvent { action=ACTION_DOWN, actionButton=0, id[0]=0, x[0]=600.0, y[0]=950.0, toolType[0]=TOOL_TYPE_UNKNOWN, buttonState=0, metaState=0, flags=0x0, edgeFlags=0x0, pointerCount=1, historySize=0, eventTime=731563840, downTime=731563840, deviceId=0, source=0x1002 }
08-04 19:12:27.433 32689 32689 I Input   : injectMotionEvent: MotionEvent { action=ACTION_UP, actionButton=0, id[0]=0, x[0]=600.0, y[0]=950.0, toolType[0]=TOOL_TYPE_UNKNOWN, buttonState=0, metaState=0, flags=0x0, edgeFlags=0x0, pointerCount=1, historySize=0, eventTime=731563840, downTime=731563840, deviceId=0, source=0x1002 }
08-04 19:12:27.435 32689 32689 D AndroidRuntime: Shutting down VM
08-04 19:12:27.435 31611 31957 I art     : Starting a blocking GC Explicit
08-04 19:12:27.454   512  2967 D audio_hw_primary: out_set_parameters: enter: usecase(1: low-latency-playback) kvpairs: routing=2
08-04 19:12:27.457 31611 31611 D NappaIntentExtras: ==================
08-04 19:12:27.457 31611 31611 D NappaIntentExtras: Log #6
08-04 19:12:27.457 31611 31611 D NappaIntentExtras: ------------------
08-04 19:12:27.457 31611 31611 D NappaIntentExtras: activity nappatfpr.org.quantumbadger.redreader.activities.ImageViewActivity
08-04 19:12:27.457 31611 31611 D NappaIntentExtras: 	- No extras registered
08-04 19:12:27.457 31611 31611 D NappaIntentExtras: activity nappatfpr.org.quantumbadger.redreader.activities.CommentListingActivity
08-04 19:12:27.457 31611 31611 D NappaIntentExtras: 	- No extras registered
08-04 19:12:27.458 31611 31611 D NappaIntentExtras: activity nappatfpr.org.quantumbadger.redreader.activities.PostListingActivity
08-04 19:12:27.458 31611 31611 D NappaIntentExtras: 	- No extras registered
08-04 19:12:27.458 31611 31611 D NappaIntentExtras: activity nappatfpr.org.quantumbadger.redreader.activities.MainActivity
08-04 19:12:27.458 31611 31611 D NappaIntentExtras: 	- No extras registered
08-04 19:12:27.458 31611 31611 D NappaIntentExtras: activity nappatfpr.org.quantumbadger.redreader.activities.WebViewActivity
08-04 19:12:27.458 31611 31611 D NappaIntentExtras: 	- No extras registered
08-04 19:12:27.458 31611 31611 D NappaIntentExtras: ==================
08-04 19:12:27.459   918  3714 I ActivityManager: START u0 {dat=https://oauth.reddit.com/... cmp=nappatfpr.org.quantumbadger.redreader/.activities.CommentListingActivity} from uid 10664 on display 0
08-04 19:12:27.467 31611 31611 D NappaLifecycleObserver: nappatfpr.org.quantumbadger.redreader.activities.PostListingActivity - onPause
08-04 19:12:27.467 31611 31611 D Nappa   : Stayed on nappatfpr.org.quantumbadger.redreader.activities.PostListingActivity for 1841 ms
08-04 19:12:27.468   512  2967 D audio_hw_primary: select_devices: out_snd_device(2: speaker) in_snd_device(0: none)
08-04 19:12:27.468   512  2967 D msm8974_platform: platform_send_audio_calibration: sending audio calibration for snd_device(2) acdb_id(15)
08-04 19:12:27.468   512  2967 I soundtrigger: audio_extn_sound_trigger_update_device_status: device 0x2 of type 0 for Event 1
08-04 19:12:27.477 31611 31957 I art     : Explicit concurrent mark sweep GC freed 346(16KB) AllocSpace objects, 0(0B) LOS objects, 36% free, 27MB/43MB, paused 672us total 41.335ms
08-04 19:12:27.480   512  2967 D audio_hw_primary: enable_snd_device: snd_device(2: speaker)
08-04 19:12:27.482   512  2967 D audio_hw_primary: enable_audio_route: apply and update mixer path: low-latency-playback speaker
08-04 19:12:27.489 31611 31611 I AppCompatViewInflater: app:theme is now deprecated. Please move to using android:theme instead.
08-04 19:12:27.496 31611 31957 I art     : Starting a blocking GC Explicit
08-04 19:12:27.510 31611 31611 D NappaLifecycleObserver: nappatfpr.org.quantumbadger.redreader.activities.CommentListingActivity - onResume
08-04 19:12:27.510 31611 31611 D Nappa   : setCurrentActivity - MetricStrategyAccuracy - 
08-04 19:12:27.510 31611 31611 D Nappa   : madePredictionFromActivity = false, 
08-04 19:12:27.510 31611 31611 D Nappa   : fromActivity = nappatfpr.org.quantumbadger.redreader.activities.PostListingActivity, 
08-04 19:12:27.510 31611 31611 D Nappa   : predictedNextActivityFromActivity = [], 
08-04 19:12:27.510 31611 31611 D Nappa   : activity.getClass().getCanonicalName() = nappatfpr.org.quantumbadger.redreader.activities.CommentListingActivity, 
08-04 19:12:27.510 31611 31611 D Nappa   : setCurrentActivity - MetricStrategyAccuracy - 
08-04 19:12:27.510 31611 31611 D Nappa   : madePredictionFromExtra = false, 
08-04 19:12:27.510 31611 31611 D Nappa   : fromActivity = nappatfpr.org.quantumbadger.redreader.activities.PostListingActivity, 
08-04 19:12:27.510 31611 31611 D Nappa   : predictedNextActivityFromExtra = [], 
08-04 19:12:27.510 31611 31611 D Nappa   : activity.getClass().getCanonicalName() = nappatfpr.org.quantumbadger.redreader.activities.CommentListingActivity, 
08-04 19:12:27.510 31611 31611 D Nappa   : PREFETCH_ON_EXTRA - setCurrentActivity - logs - from activity - made prediction isfalse
08-04 19:12:27.513 31611 32188 I CommentListingActivity: COMMENTS session changed to 36180f88-7131-4f7b-844c-81b88bda3aec
08-04 19:12:27.534 31611 31957 I art     : Explicit concurrent mark sweep GC freed 3212(328KB) AllocSpace objects, 0(0B) LOS objects, 36% free, 27MB/43MB, paused 803us total 37.730ms
08-04 19:12:27.610 31611 31611 D Nappa   : registerActivity: (already in) nappatfpr.org.quantumbadger.redreader.activities.CommentListingActivity
08-04 19:12:27.610 31611 31611 D ActivityNode: ACTNODE UPDATING AFTER LOADING FROM DB
08-04 19:12:27.611 31611 31611 D ActivityGraph: LARDataCalculatedUpdate nappatfpr.org.quantumbadger.redreader.activities.CommentListingActivity Pagerank: 0.25 HITS-Authority: 1.0 HITS-Hub: 1.0 SALSA-Authority: 1.0 SALSA-Hub: 1.0
08-04 19:12:27.611 31611 31611 D Nappa   : SHOULD_PREFETCH true
08-04 19:12:27.620 31611 32598 I RedditChangeDataIO: Writing tmp data file at '/data/user/0/nappatfpr.org.quantumbadger.redreader/files/rr_change_data_tmp.dat'
08-04 19:12:27.621 31611 32598 I RedditChangeDataManager: Taking snapshot...
08-04 19:12:27.621 31611 32598 I RedditChangeDataManager: Writing to stream...
08-04 19:12:27.621 31611 32598 I RedditChangeDataManager: Wrote 3 entries for user ''
08-04 19:12:27.621 31611 32598 I RedditChangeDataManager: All entries written to stream.
08-04 19:12:27.621 31611 32598 I RedditChangeDataIO: Write successful. Atomically replacing data file...
08-04 19:12:27.621 31611 32598 I RedditChangeDataIO: Write complete.
08-04 19:12:27.622 31611 32598 I RedditChangeDataIO: 86 bytes written in 2 ms
08-04 19:12:27.711 31611 31611 D Nappa   : registerActivity: (already in) nappatfpr.org.quantumbadger.redreader.activities.CommentListingActivity
08-04 19:12:27.711 31611 31611 D Nappa   : STATS Number of requests not prefetched: 6
08-04 19:12:27.711 31611 31611 D Nappa   : STATS Number of requests prefetched: 0
08-04 19:12:27.711 31611 31611 D Nappa   : STATS Time saved until now: 0.0
08-04 19:12:27.801 31611 31611 D ActivityNode: Observer - successor visit time - PostListingActivity - Updating the visit time from the successors list:
08-04 19:12:27.801 31611 31611 D ActivityNode: [AggregateVisitTimeByActivity{nappatfpr.org.quantumbadger.redreader.activities.CommentListingActivity : 194698 ms}, AggregateVisitTimeByActivity{nappatfpr.org.quantumbadger.redreader.activities.WebViewActivity : 71028 ms}, AggregateVisitTimeByActivity{nappatfpr.org.quantumbadger.redreader.activities.ImageViewActivity : 4726 ms}]
08-04 19:12:27.801 31611 31611 D ActivityNode: Observer - visit time - PostListingActivity - New aggregate visit time found is 241949 ms
08-04 19:12:27.802 31611 31611 D ActivityNode: Observer - successor visit time - MainActivity - Updating the visit time from the successors list:
08-04 19:12:27.802 31611 31611 D ActivityNode: [AggregateVisitTimeByActivity{nappatfpr.org.quantumbadger.redreader.activities.PostListingActivity : 140194 ms}]
08-04 19:12:27.802 31611 31611 D ActivityNode: Observer - successor visit time - ImageViewActivity - Updating the visit time from the successors list:
08-04 19:12:27.802 31611 31611 D ActivityNode: [AggregateVisitTimeByActivity{nappatfpr.org.quantumbadger.redreader.activities.WebViewActivity : 20677 ms}]
08-04 19:12:27.822 31611 32551 I art     : Starting a blocking GC Explicit
08-04 19:12:27.863 13866 13866 I GoogleInputMethodServic: GoogleInputMethodService.onFinishInput():3138 
08-04 19:12:27.863 31611 31611 D ActivityNode: Observer - session data - sourcePostListingActivity
08-04 19:12:27.863 31611 31611 D ActivityNode: destinations:
08-04 19:12:27.863 31611 31611 D ActivityNode: 	nappatfpr.org.quantumbadger.redreader.activities.CommentListingActivity( count 44)
08-04 19:12:27.863 31611 31611 D ActivityNode: 	nappatfpr.org.quantumbadger.redreader.activities.WebViewActivity( count 12)
08-04 19:12:27.863 31611 31611 D ActivityNode: 	nappatfpr.org.quantumbadger.redreader.activities.ImageViewActivity( count 4)
08-04 19:12:27.864 31611 31611 D ActivityNode: Observer - session data - sourceMainActivity
08-04 19:12:27.864 31611 31611 D ActivityNode: destinations:
08-04 19:12:27.864 31611 31611 D ActivityNode: 	nappatfpr.org.quantumbadger.redreader.activities.PostListingActivity( count 25)
08-04 19:12:27.864 31611 31611 D ActivityNode: Observer - session data - sourceCommentListingActivity
08-04 19:12:27.864 31611 31611 D ActivityNode: destinations:
08-04 19:12:27.864 31611 31611 D ActivityNode: Observer - session data - sourceWebViewActivity
08-04 19:12:27.864 31611 31611 D ActivityNode: destinations:
08-04 19:12:27.864 31611 31611 D ActivityNode: Observer - session data - sourceImageViewActivity
08-04 19:12:27.864 31611 31611 D ActivityNode: destinations:
08-04 19:12:27.864 31611 31611 D ActivityNode: 	nappatfpr.org.quantumbadger.redreader.activities.WebViewActivity( count 4)
08-04 19:12:27.864 13866 13866 I GoogleInputMethodServic: GoogleInputMethodService.onStartInput():1808 
08-04 19:12:27.865   918   936 I ActivityManager: Displayed nappatfpr.org.quantumbadger.redreader/.activities.CommentListingActivity: +396ms
08-04 19:12:27.868 31611 32551 I art     : Explicit concurrent mark sweep GC freed 5667(318KB) AllocSpace objects, 4(120KB) LOS objects, 36% free, 28MB/44MB, paused 934us total 45.441ms
08-04 19:12:27.887 31611 32551 I art     : Starting a blocking GC Explicit
08-04 19:12:27.911 31611 31633 D Nappa   : PREFETCH_ON_EXTRA - setCurrentActivity - logs - from extra - made prediction isfalse
08-04 19:12:27.928 31611 32551 I art     : Explicit concurrent mark sweep GC freed 743(31KB) AllocSpace objects, 0(0B) LOS objects, 36% free, 27MB/43MB, paused 488us total 41.242ms
08-04 19:12:27.945 31611 32551 I art     : Starting a blocking GC Explicit
08-04 19:12:27.984 31611 32551 I art     : Explicit concurrent mark sweep GC freed 7(256B) AllocSpace objects, 0(0B) LOS objects, 36% free, 27MB/43MB, paused 454us total 39.494ms
08-04 19:12:28.004 31611 32551 I art     : Starting a blocking GC Explicit
08-04 19:12:28.020   512  2967 D audio_hw_primary: disable_audio_route: reset and update mixer path: low-latency-playback speaker
08-04 19:12:28.021   512  2967 D audio_hw_primary: disable_snd_device: snd_device(2: speaker)
08-04 19:12:28.030   512  2967 I soundtrigger: audio_extn_sound_trigger_update_device_status: device 0x2 of type 0 for Event 0
08-04 19:12:28.051 31611 32551 I art     : Explicit concurrent mark sweep GC freed 33(1600B) AllocSpace objects, 0(0B) LOS objects, 36% free, 27MB/43MB, paused 427us total 46.619ms
08-04 19:12:28.071 31611 32551 I art     : Starting a blocking GC Explicit
08-04 19:12:28.108   380   380 W SurfaceFlinger: couldn't log to binary event log: overflow.
