--------- beginning of main
08-04 11:11:59.789  3784  3784 D CarrierServiceBindHelper: Receive action: android.intent.action.PACKAGE_REMOVED
08-04 11:11:59.815  2463  2463 W System  : ClassLoader referenced unknown path: /system/priv-app/ContactsProvider/lib/arm64
08-04 11:11:59.828   918   930 W ResourceType: ResTable_typeSpec entry count inconsistent: given 37, previously 42
08-04 11:11:59.828   918   930 W ResourceType: ResTable_typeSpec entry count inconsistent: given 2527, previously 2530
08-04 11:11:59.829   918   930 W ResourceType: ResTable_typeSpec entry count inconsistent: given 2542, previously 2545
08-04 11:11:59.829   918   930 W ResourceType: ResTable_typeSpec entry count inconsistent: given 303, previously 1691
08-04 11:11:59.838  3784  3784 D CarrierServiceBindHelper: Receive action: android.intent.action.PACKAGE_ADDED
08-04 11:11:59.838  3784  3784 D CarrierServiceBindHelper: Receive action: android.intent.action.PACKAGE_REPLACED
08-04 11:11:59.839  3784  3784 D CarrierServiceBindHelper: mHandler: 3
08-04 11:11:59.839  3784  3784 D CarrierServiceBindHelper: mHandler: 3
08-04 11:11:59.839  3784  3784 D CarrierServiceBindHelper: mHandler: 3
08-04 11:11:59.839  3784  3784 D CarrierConfigLoader: mHandler: 9 phoneId: 0
08-04 11:11:59.872  2463  2463 W System  : ClassLoader referenced unknown path: /system/app/UserDictionaryProvider/lib/arm64
08-04 11:11:59.878   918   927 I art     : Background partial concurrent mark sweep GC freed 22693(1534KB) AllocSpace objects, 0(0B) LOS objects, 18% free, 68MB/84MB, paused 1.242ms total 171.779ms
--------- beginning of system
08-04 11:11:59.888   918   929 I ActivityManager: Start proc 2486:com.android.musicfx/u0a21 for broadcast com.android.musicfx/.Compatibility$Receiver
08-04 11:11:59.893  2463  2483 I ContactLocale: AddressBook Labels [en-US]: [, A, B, C, D, E, F, G, H, I, J, K, L, M, N, O, P, Q, R, S, T, U, V, W, X, Y, Z, Α, Β, Γ, Δ, Ε, Ζ, Η, Θ, Ι, Κ, Λ, Μ, Ν, Ξ, Ο, Π, Ρ, Σ, Τ, Υ, Φ, Χ, Ψ, Ω, , А, Б, В, Г, Д, Ђ, Е, Є, Ж, З, И, І, Й, Ј, К, Л, Љ, М, Н, Њ, О, П, Р, С, Т, Ћ, У, Ф, Х, Ц, Ч, Џ, Ш, Щ, Ю, Я, , א, ב, ג, ד, ה, ו, ז, ח, ט, י, כ, ל, מ, נ, ס, ע, פ, צ, ק, ר, ש, ת, , ا, ب, ت, ث, ج, ح, خ, د, ذ, ر, ز, س, ش, ص, ض, ط, ظ, ع, غ, ف, ق, ك, ل, م, ن, ه, و, ي, , ก, ข, ฃ, ค, ฅ, ฆ, ง, จ, ฉ, ช, ซ, ฌ, ญ, ฎ, ฏ, ฐ, ฑ, ฒ, ณ, ด, ต, ถ, ท, ธ, น, บ, ป, ผ, ฝ, พ, ฟ, ภ, ม, ย, ร, ฤ, ล, ฦ, ว, ศ, ษ, ส, ห, ฬ, อ, ฮ, , ㄱ, ㄴ, ㄷ, ㄹ, ㅁ, ㅂ, ㅅ, ㅇ, ㅈ, ㅊ, ㅋ, ㅌ, ㅍ, ㅎ, , あ, か, さ, た, な, は, ま, や, ら, わ, #, ]
08-04 11:11:59.933  2486  2486 W System  : ClassLoader referenced unknown path: /system/priv-app/MusicFX/lib/arm64
08-04 11:11:59.956   918  6112 I ActivityManager: Start proc 2502:com.android.keychain/1000 for broadcast com.android.keychain/.KeyChainBroadcastReceiver
08-04 11:11:59.987   918  5481 I AccountManagerService: getTypesVisibleToCaller: isPermitted? true
08-04 11:12:00.007  2502  2502 W System  : ClassLoader referenced unknown path: /system/app/KeyChain/lib/arm64
08-04 11:12:00.010  2502  2502 W ContextImpl: Calling a method in the system process without a qualified user: android.app.ContextImpl.startService:1221 android.content.ContextWrapper.startService:581 android.content.ContextWrapper.startService:581 com.android.keychain.KeyChainBroadcastReceiver.onReceive:12 android.app.ActivityThread.handleReceiver:2725 
08-04 11:12:00.031   918  5132 I ActivityManager: Start proc 2517:com.google.android.apps.maps/u0a58 for broadcast com.google.android.apps.maps/com.google.android.libraries.social.peoplekit.thirdparty.viewcontrollers.ThirdPartyReceiver
08-04 11:12:00.062  2517  2517 W ResourceType: ResTable_typeSpec entry count inconsistent: given 15, previously 23
08-04 11:12:00.168  2517  2536 E linker  : readlink('/proc/self/fd/19') failed: Permission denied [fd=19]
08-04 11:12:00.168  2517  2536 E linker  : warning: unable to get realpath for the library "/data/app/com.google.android.apps.maps-1/lib/arm64/libgmm-jni.so". Will use given name.
08-04 11:12:00.168  2517  2536 W linker  : /data/app/com.google.android.apps.maps-1/lib/arm64/libgmm-jni.so: unused DT entry: type 0x1d arg 0xbba3
08-04 11:12:00.169  2517  2536 E linker  : readlink('/proc/self/fd/19') failed: Permission denied [fd=19]
08-04 11:12:00.169  2517  2536 E linker  : warning: unable to get realpath for the library "libarcore_sdk_c.so". Will use given name.
08-04 11:12:00.386  2533  2533 D AndroidRuntime: >>>>>> START com.android.internal.os.RuntimeInit uid 2000 <<<<<<
08-04 11:12:00.390  2533  2533 D AndroidRuntime: CheckJNI is OFF
08-04 11:12:00.414  2533  2533 D ICU     : No timezone override file found: /data/misc/zoneinfo/current/icu/icu_tzdata.dat
08-04 11:12:00.440  2533  2533 I Radio-JNI: register_android_hardware_Radio DONE
08-04 11:12:00.455  2533  2533 D AndroidRuntime: Calling main entry com.android.commands.monkey.Monkey
08-04 11:12:00.468   918   931 W BroadcastQueue: Skipping deliver [background] BroadcastRecord{ff14271 u-1 android.net.conn.CONNECTIVITY_CHANGE} to ReceiverList{5de856 2533 (unknown name)/2000/u-1 remote:f0aaffb}: process crashing
08-04 11:12:00.477   918  6029 I ActivityManager: START u0 {act=android.intent.action.MAIN cat=[android.intent.category.LAUNCHER] flg=0x10200000 cmp=nappatfpr.org.quantumbadger.redreader/.activities.MainActivity} from uid 2000 on display 0
08-04 11:12:00.499  2554  2554 I art     : Late-enabling -Xcheck:jni
08-04 11:12:00.500   918  3696 I ActivityManager: Start proc 2554:nappatfpr.org.quantumbadger.redreader/u0a664 for activity nappatfpr.org.quantumbadger.redreader/.activities.MainActivity
08-04 11:12:00.519  2533  2533 I art     : System.exit called, status: 0
08-04 11:12:00.519  2533  2533 I AndroidRuntime: VM exiting with result code 0.
08-04 11:12:00.542  2554  2554 W System  : ClassLoader referenced unknown path: /data/app/nappatfpr.org.quantumbadger.redreader-1/lib/arm64
08-04 11:12:00.554  2554  2554 I RedReader: Application created.
08-04 11:12:00.561  2554  2574 I RedditChangeDataIO: Running initial read...
08-04 11:12:00.562  2554  2554 I RedReader: Checking for new messages.
08-04 11:12:00.565  2554  2574 I RedditChangeDataIO: Data file at '/data/user/0/nappatfpr.org.quantumbadger.redreader/files/rr_change_data.dat'
08-04 11:12:00.565  2554  2574 I RedditChangeDataIO: Data file does not exist. Aborting read.
08-04 11:12:00.566  2554  2574 I RedditChangeDataManager: Pruning for all users...
08-04 11:12:00.566  2554  2574 I RedditChangeDataManager: Pruning complete.
08-04 11:12:00.585  2075  2120 I PBSessionCacheImpl: Deleted sessionId[9127543042550561] from persistence.
08-04 11:12:00.590  2075  2107 W SearchServiceCore: Abort, client detached.
08-04 11:12:00.590  2075  2107 I MicroDetectionState: Should stop hotword detection immediately - true
08-04 11:12:00.639   918  3696 I ActivityManager: Start proc 2577:com.google.android.apps.photos/u0a62 for broadcast com.google.android.apps.photos/com.google.android.libraries.social.peoplekit.thirdparty.viewcontrollers.ThirdPartyReceiver
08-04 11:12:00.649  2554  2554 D Nappa   : Selected prefetching strategy STRATEGY_TFPR
08-04 11:12:00.675  2554  2573 I CacheManager: Pruning 108 files
08-04 11:12:00.681  2577  2577 W ResourceType: ResTable_typeSpec entry count inconsistent: given 1955, previously 2338
08-04 11:12:00.681  2577  2577 W ResourceType: ResTable_typeSpec entry count inconsistent: given 1532, previously 1537
08-04 11:12:00.681  2577  2577 W ResourceType: ResTable_typeSpec entry count inconsistent: given 289, previously 1802
08-04 11:12:00.711  2554  2594 D Nappa   : Updating activity map nappatfpr.org.quantumbadger.redreader.activities.MainActivity: 1
08-04 11:12:00.711  2554  2594 D Nappa   : Updating activity map nappatfpr.org.quantumbadger.redreader.activities.PostListingActivity: 2
08-04 11:12:00.711  2554  2594 D Nappa   : Updating activity map nappatfpr.org.quantumbadger.redreader.activities.CommentListingActivity: 3
08-04 11:12:00.711  2554  2594 D Nappa   : Updating activity map nappatfpr.org.quantumbadger.redreader.activities.WebViewActivity: 4
08-04 11:12:00.711  2554  2594 D Nappa   : Updating activity map nappatfpr.org.quantumbadger.redreader.activities.ImageViewActivity: 5
08-04 11:12:00.711  2554  2594 D ActivityGraph: ACT_GRAPH initNodes() fired for node: nappatfpr.org.quantumbadger.redreader.activities.MainActivity
08-04 11:12:00.812  2554  2594 D Nappa   : registerActivity: (already in) nappatfpr.org.quantumbadger.redreader.activities.MainActivity
08-04 11:12:00.815  2554  2594 D ActivityGraph: LARDataInitFetchDB nappatfpr.org.quantumbadger.redreader.activities.MainActivity Pagerank: 0.25 HITS-Authority: 1.0 HITS-Hub: 1.0 SALSA-Authority: 1.0 SALSA-Hub: 1.0
08-04 11:12:00.815  2554  2594 D ActivityGraph: LARDataInit node nappatfpr.org.quantumbadger.redreader.activities.MainActivity added to nodeList
08-04 11:12:00.820  2554  2594 D ActivityGraph: ACT_GRAPH Edges size: 1
08-04 11:12:00.921  2554  2594 D Nappa   : registerActivity: (already in) nappatfpr.org.quantumbadger.redreader.activities.PostListingActivity
08-04 11:12:00.922  2554  2594 D ActivityGraph: LARDataInitFetchDB nappatfpr.org.quantumbadger.redreader.activities.MainActivity Pagerank: 0.25 HITS-Authority: 1.0 HITS-Hub: 1.0 SALSA-Authority: 1.0 SALSA-Hub: 1.0 loaded following an edge
08-04 11:12:00.922  2554  2594 D ActivityGraph: ACT_GRAPH does not contain temp2
08-04 11:12:00.922  2554  2594 D ActivityGraph: LARDataInit node nappatfpr.org.quantumbadger.redreader.activities.PostListingActivity added to nodeList from edge
08-04 11:12:00.923  2554  2594 D ActivityGraph: ACT_GRAPH adding successors: nappatfpr.org.quantumbadger.redreader.activities.MainActivity -> nappatfpr.org.quantumbadger.redreader.activities.PostListingActivity
08-04 11:12:00.923  2554  2594 D FetchActivityLiveDataInfoHandler: activity  = MainActivity
08-04 11:12:00.924  2554  2594 D FetchActivityLiveDataInfoHandler: shouldSetSessionAggregateLiveData  = true
08-04 11:12:00.924  2554  2594 D FetchActivityLiveDataInfoHandler: need/shouldSetSuccessorVisitTime  = true - true
08-04 11:12:00.924  2554  2599 D Nappa   : {nappatfpr.org.quantumbadger.redreader.activities.ImageViewActivity=5, nappatfpr.org.quantumbadger.redreader.activities.CommentListingActivity=3, nappatfpr.org.quantumbadger.redreader.activities.PostListingActivity=2, nappatfpr.org.quantumbadger.redreader.activities.MainActivity=1, nappatfpr.org.quantumbadger.redreader.activities.WebViewActivity=4}
08-04 11:12:00.924  2554  2594 D FetchActivityLiveDataInfoHandler: need/shouldSetSuccessorVisitTime  = true - true
08-04 11:12:00.924  2554  2594 D FetchActivityLiveDataInfoHandler: shouldSetUrlCandidateDbLiveDataLiveData  = true
08-04 11:12:00.924  2554  2594 D FetchActivityLiveDataInfoHandler: shouldSetActivityExtraLiveData  = true
08-04 11:12:00.925  2554  2597 D FetchSessionDataRunnable: MainActivity Fetching session data for LAST_N_SESSIONS_FROM_ENTITY_SESSION
08-04 11:12:00.928  2554  2597 D FetchVisitTimeRunnable: MainActivity Fetching session data for LAST_N_SESSIONS_FROM_ENTITY_SESSION
08-04 11:12:00.931  2554  2597 D FetchSuccessorsVisitTimeRunnable: MainActivity Fetching session data for LAST_N_SESSIONS_FROM_ENTITY_SESSION
08-04 11:12:00.933  2554  2597 D FetchUrlCandidateRunnable: MainActivity Fetching URL candidates
08-04 11:12:00.935  2554  2597 D FetchIntentExtraRunnable: MainActivity Fetching intent extras
08-04 11:12:00.937  2554  2594 D ActivityGraph: ACT_GRAPH initNodes() fired for node: nappatfpr.org.quantumbadger.redreader.activities.PostListingActivity
08-04 11:12:01.037  2554  2594 D Nappa   : registerActivity: (already in) nappatfpr.org.quantumbadger.redreader.activities.PostListingActivity
08-04 11:12:01.038  2554  2594 D ActivityGraph: LARDataInitFetchDB nappatfpr.org.quantumbadger.redreader.activities.PostListingActivity Pagerank: 0.25 HITS-Authority: 1.0 HITS-Hub: 1.0 SALSA-Authority: 1.0 SALSA-Hub: 1.0
08-04 11:12:01.039  2554  2594 D ActivityGraph: LARDataInit already in nodeList
08-04 11:12:01.039  2554  2594 D ActivityGraph: ACT_GRAPH Edges size: 3
08-04 11:12:01.066 24365  2607 I Fitness : FitCleanupIntentOperation received Intent android.intent.action.PACKAGE_REMOVED [CONTEXT service_id=17 ]
08-04 11:12:01.070   918  3714 I AccountManagerService: getTypesVisibleToCaller: isPermitted? true
08-04 11:12:01.077 32231 32231 I Finsky  : [1] uah.a(18): PackageMonitorReceiverImpl - Received: android.intent.action.PACKAGE_REMOVED, [2HHHOhShA3OVKow698lxjNohk_1QcgY-fOF2O75F9cg]
08-04 11:12:01.078 32231 32231 I Finsky  : [1] ubi.d(9): Invalidating cached PackageState for nappatfpr.org.quantumbadger.redreader
08-04 11:12:01.127 32231 32231 I Finsky  : [1] lzi.c(2): Frosting ID looked up on UI thread. Caller should move to a background thread.
08-04 11:12:01.131 32231 32231 I Finsky  : [1] nqb.c(3): Installer: package nappatfpr.org.quantumbadger.redreader was removed. replacing: true
08-04 11:12:01.138 32231 32231 I Finsky  : [1] nra.a(188): Installer: Notifying status update. package=nappatfpr.org.quantumbadger.redreader, status=UNINSTALLED
08-04 11:12:01.140  2554  2594 D Nappa   : registerActivity: (already in) nappatfpr.org.quantumbadger.redreader.activities.CommentListingActivity
08-04 11:12:01.141  2554  2594 D ActivityGraph: LARDataInitFetchDB nappatfpr.org.quantumbadger.redreader.activities.PostListingActivity Pagerank: 0.25 HITS-Authority: 1.0 HITS-Hub: 1.0 SALSA-Authority: 1.0 SALSA-Hub: 1.0 loaded following an edge
08-04 11:12:01.141  2554  2594 D ActivityGraph: ACT_GRAPH does not contain temp2
08-04 11:12:01.141  2554  2594 D ActivityGraph: LARDataInit node nappatfpr.org.quantumbadger.redreader.activities.CommentListingActivity added to nodeList from edge
08-04 11:12:01.141  2554  2594 D ActivityGraph: ACT_GRAPH adding successors: nappatfpr.org.quantumbadger.redreader.activities.PostListingActivity -> nappatfpr.org.quantumbadger.redreader.activities.CommentListingActivity
08-04 11:12:01.142  2554  2599 D Nappa   : {nappatfpr.org.quantumbadger.redreader.activities.ImageViewActivity=5, nappatfpr.org.quantumbadger.redreader.activities.CommentListingActivity=3, nappatfpr.org.quantumbadger.redreader.activities.PostListingActivity=2, nappatfpr.org.quantumbadger.redreader.activities.MainActivity=1, nappatfpr.org.quantumbadger.redreader.activities.WebViewActivity=4}
08-04 11:12:01.199 32231 32241 W art     : Suspending all threads took: 10.098ms
08-04 11:12:01.203 32231 32231 I Finsky  : [1] lzi.c(2): Frosting ID looked up on UI thread. Caller should move to a background thread.
08-04 11:12:01.225 32231 32231 I Finsky  : [1] nra.a(220): Installer: found apps to install. isMultiUserMode=false, apps=[]
08-04 11:12:01.225   918  3359 I ActivityManager: Start proc 2625:com.google.android.partnersetup/u0a18 for broadcast com.google.android.partnersetup/.RlzPingBroadcastReceiver
08-04 11:12:01.242  2554  2594 D Nappa   : registerActivity: (already in) nappatfpr.org.quantumbadger.redreader.activities.WebViewActivity
08-04 11:12:01.243  2554  2594 D ActivityGraph: LARDataInitFetchDB nappatfpr.org.quantumbadger.redreader.activities.PostListingActivity Pagerank: 0.25 HITS-Authority: 1.0 HITS-Hub: 1.0 SALSA-Authority: 1.0 SALSA-Hub: 1.0 loaded following an edge
08-04 11:12:01.243  2554  2594 D ActivityGraph: ACT_GRAPH does not contain temp2
08-04 11:12:01.243  2554  2594 D ActivityGraph: LARDataInit node nappatfpr.org.quantumbadger.redreader.activities.WebViewActivity added to nodeList from edge
08-04 11:12:01.244  2554  2594 D ActivityGraph: ACT_GRAPH adding successors: nappatfpr.org.quantumbadger.redreader.activities.PostListingActivity -> nappatfpr.org.quantumbadger.redreader.activities.WebViewActivity
08-04 11:12:01.244  2554  2599 D Nappa   : {nappatfpr.org.quantumbadger.redreader.activities.ImageViewActivity=5, nappatfpr.org.quantumbadger.redreader.activities.CommentListingActivity=3, nappatfpr.org.quantumbadger.redreader.activities.PostListingActivity=2, nappatfpr.org.quantumbadger.redreader.activities.MainActivity=1, nappatfpr.org.quantumbadger.redreader.activities.WebViewActivity=4}
08-04 11:12:01.249 32231 32350 I Finsky  : [5755] odj.b(52): IQ: Notifying installation update. package=nappatfpr.org.quantumbadger.redreader, status=UNINSTALLED
08-04 11:12:01.253 32231  2622 I Finsky  : [5799] ejf.a(-1): Cancelled 0 ongoing asset module downloads for package nappatfpr.org.quantumbadger.redreader due to a concurrent app update.
08-04 11:12:01.257 32231  2619 I Finsky  : [5797] lyv.run(-1): Wrote row to frosting DB: 2216
08-04 11:12:01.284  2625  2625 W System  : ClassLoader referenced unknown path: /system/priv-app/GooglePartnerSetup/lib/arm64
08-04 11:12:01.311 32231  2619 I Finsky  : [5797] lyv.run(-1): Wrote row to frosting DB: 2217
08-04 11:12:01.344  2554  2594 D Nappa   : registerActivity: (already in) nappatfpr.org.quantumbadger.redreader.activities.ImageViewActivity
08-04 11:12:01.345  2554  2594 D ActivityGraph: LARDataInitFetchDB nappatfpr.org.quantumbadger.redreader.activities.PostListingActivity Pagerank: 0.25 HITS-Authority: 1.0 HITS-Hub: 1.0 SALSA-Authority: 1.0 SALSA-Hub: 1.0 loaded following an edge
08-04 11:12:01.345  2554  2594 D ActivityGraph: ACT_GRAPH does not contain temp2
08-04 11:12:01.345  2554  2594 D ActivityGraph: LARDataInit node nappatfpr.org.quantumbadger.redreader.activities.ImageViewActivity added to nodeList from edge
08-04 11:12:01.346  2554  2594 D ActivityGraph: ACT_GRAPH adding successors: nappatfpr.org.quantumbadger.redreader.activities.PostListingActivity -> nappatfpr.org.quantumbadger.redreader.activities.ImageViewActivity
08-04 11:12:01.346  2554  2599 D Nappa   : {nappatfpr.org.quantumbadger.redreader.activities.ImageViewActivity=5, nappatfpr.org.quantumbadger.redreader.activities.CommentListingActivity=3, nappatfpr.org.quantumbadger.redreader.activities.PostListingActivity=2, nappatfpr.org.quantumbadger.redreader.activities.MainActivity=1, nappatfpr.org.quantumbadger.redreader.activities.WebViewActivity=4}
08-04 11:12:01.346  2554  2594 D FetchActivityLiveDataInfoHandler: activity  = PostListingActivity
08-04 11:12:01.346  2554  2594 D FetchActivityLiveDataInfoHandler: shouldSetSessionAggregateLiveData  = true
08-04 11:12:01.346  2554  2594 D FetchActivityLiveDataInfoHandler: need/shouldSetSuccessorVisitTime  = true - true
08-04 11:12:01.346  2554  2594 D FetchActivityLiveDataInfoHandler: need/shouldSetSuccessorVisitTime  = true - true
08-04 11:12:01.346  2554  2594 D FetchActivityLiveDataInfoHandler: shouldSetUrlCandidateDbLiveDataLiveData  = true
08-04 11:12:01.346  2554  2594 D FetchActivityLiveDataInfoHandler: shouldSetActivityExtraLiveData  = true
08-04 11:12:01.347  2554  2597 D FetchSessionDataRunnable: PostListingActivity Fetching session data for LAST_N_SESSIONS_FROM_ENTITY_SESSION
08-04 11:12:01.347  2554  2597 D FetchVisitTimeRunnable: PostListingActivity Fetching session data for LAST_N_SESSIONS_FROM_ENTITY_SESSION
08-04 11:12:01.348  2554  2597 D FetchSuccessorsVisitTimeRunnable: PostListingActivity Fetching session data for LAST_N_SESSIONS_FROM_ENTITY_SESSION
08-04 11:12:01.349  2554  2597 D FetchUrlCandidateRunnable: PostListingActivity Fetching URL candidates
08-04 11:12:01.350  2554  2597 D FetchIntentExtraRunnable: PostListingActivity Fetching intent extras
08-04 11:12:01.351  2554  2594 D ActivityGraph: ACT_GRAPH initNodes() fired for node: nappatfpr.org.quantumbadger.redreader.activities.CommentListingActivity
08-04 11:12:01.357 24577  2614 I Auth    : [SupervisedAccountIntentOperation] onHandleIntent(): android.intent.action.PACKAGE_ADDED
08-04 11:12:01.358 24577  2615 I ChromeSync: [Sync,SyncIntentOperation] Handling the intent: Intent { act=android.intent.action.PACKAGE_ADDED dat=package:nappatfpr.org.quantumbadger.redreader flg=0x4000010 cmp=com.google.android.gms/.chimera.GmsIntentOperationService (has extras) }.
08-04 11:12:01.378   918  6029 W ActivityManager: Unable to start service Intent { act=com.google.android.gms.auth.key.retrieval.service.START pkg=com.google.android.gms } U=0: not found
08-04 11:12:01.393 32231 32231 I Finsky  : [1] uah.a(18): PackageMonitorReceiverImpl - Received: android.intent.action.PACKAGE_ADDED, [2HHHOhShA3OVKow698lxjNohk_1QcgY-fOF2O75F9cg]
08-04 11:12:01.393 32231 32231 I Finsky  : [1] ubi.d(9): Invalidating cached PackageState for nappatfpr.org.quantumbadger.redreader
08-04 11:12:01.435 32231 32231 I Finsky  : [1] lzi.c(2): Frosting ID looked up on UI thread. Caller should move to a background thread.
08-04 11:12:01.451  2554  2594 D Nappa   : registerActivity: (already in) nappatfpr.org.quantumbadger.redreader.activities.CommentListingActivity
08-04 11:12:01.452  2554  2594 D ActivityGraph: LARDataInitFetchDB nappatfpr.org.quantumbadger.redreader.activities.CommentListingActivity Pagerank: 0.25 HITS-Authority: 1.0 HITS-Hub: 1.0 SALSA-Authority: 1.0 SALSA-Hub: 1.0
08-04 11:12:01.452  2554  2594 D ActivityGraph: LARDataInit already in nodeList
08-04 11:12:01.453  2554  2594 D ActivityGraph: ACT_GRAPH Edges size: 0
08-04 11:12:01.453  2554  2594 D FetchActivityLiveDataInfoHandler: activity  = CommentListingActivity
08-04 11:12:01.453  2554  2594 D FetchActivityLiveDataInfoHandler: shouldSetSessionAggregateLiveData  = true
08-04 11:12:01.453  2554  2594 D FetchActivityLiveDataInfoHandler: need/shouldSetSuccessorVisitTime  = true - true
08-04 11:12:01.453  2554  2594 D FetchActivityLiveDataInfoHandler: need/shouldSetSuccessorVisitTime  = true - true
08-04 11:12:01.453  2554  2594 D FetchActivityLiveDataInfoHandler: shouldSetUrlCandidateDbLiveDataLiveData  = true
08-04 11:12:01.453  2554  2594 D FetchActivityLiveDataInfoHandler: shouldSetActivityExtraLiveData  = true
08-04 11:12:01.453  2554  2597 D FetchSessionDataRunnable: CommentListingActivity Fetching session data for LAST_N_SESSIONS_FROM_ENTITY_SESSION
08-04 11:12:01.454  2554  2597 D FetchVisitTimeRunnable: CommentListingActivity Fetching session data for LAST_N_SESSIONS_FROM_ENTITY_SESSION
08-04 11:12:01.455  2554  2597 D FetchSuccessorsVisitTimeRunnable: CommentListingActivity Fetching session data for LAST_N_SESSIONS_FROM_ENTITY_SESSION
08-04 11:12:01.455  2554  2597 D FetchUrlCandidateRunnable: CommentListingActivity Fetching URL candidates
08-04 11:12:01.456  2554  2597 D FetchIntentExtraRunnable: CommentListingActivity Fetching intent extras
08-04 11:12:01.456  2554  2594 D ActivityGraph: ACT_GRAPH initNodes() fired for node: nappatfpr.org.quantumbadger.redreader.activities.WebViewActivity
08-04 11:12:01.469   918  4400 W ActivityManager: Unbind failed: could not find connection for android.os.BinderProxy@833a890
08-04 11:12:01.483 32231 32231 I Finsky  : [1] agsx.a(4): Do not start WearSupportService due to Wear service optimization
08-04 11:12:01.484 24577 24621 E GmsClient: unable to connect to service: com.google.android.gms.auth.key.retrieval.service.START on com.google.android.gms
08-04 11:12:01.488 32231  2622 I Finsky  : [5799] ejc.a(-1): Asset module broadcast after update successful for package nappatfpr.org.quantumbadger.redreader. 0 sessions broadcast.
08-04 11:12:01.490   918  3714 I AccountManagerService: getTypesVisibleToCaller: isPermitted? true
08-04 11:12:01.494 24577  2615 I ChromeSync: [Persistence,AffiliationManager] One of affiliation or grouping data for android://bz0hZa4nAJEtd0n5sRlXG7KAqctUMWVefv7Ki4mh1p6slZ9YO-n9gS9j8m9YCrsIyI2wIxrDHraumF9Y6pBLTA==@nappatfpr.org.quantumbadger.redreader/ was not found. Marking affiliation data as stale...
08-04 11:12:01.500 32231 32231 I Finsky  : [1] lzi.c(2): Frosting ID looked up on UI thread. Caller should move to a background thread.
08-04 11:12:01.513 32231  2620 I Finsky  : [5798] gzn.a(-1): [ContentSync] finished, scheduled=false
08-04 11:12:01.539 32231 32350 I Finsky  : [5755] odj.b(40): IQ: No matching installs to run for jobs: []
08-04 11:12:01.547 32231  2619 I Finsky  : [5797] lyv.run(-1): Wrote row to frosting DB: 2218
08-04 11:12:01.556  2554  2594 D Nappa   : registerActivity: (already in) nappatfpr.org.quantumbadger.redreader.activities.WebViewActivity
08-04 11:12:01.557  2554  2594 D ActivityGraph: LARDataInitFetchDB nappatfpr.org.quantumbadger.redreader.activities.WebViewActivity Pagerank: 0.25 HITS-Authority: 1.0 HITS-Hub: 1.0 SALSA-Authority: 1.0 SALSA-Hub: 1.0
08-04 11:12:01.557  2554  2594 D ActivityGraph: LARDataInit already in nodeList
08-04 11:12:01.558  2554  2594 D ActivityGraph: ACT_GRAPH Edges size: 0
08-04 11:12:01.558  2554  2594 D FetchActivityLiveDataInfoHandler: activity  = WebViewActivity
08-04 11:12:01.558  2554  2594 D FetchActivityLiveDataInfoHandler: shouldSetSessionAggregateLiveData  = true
08-04 11:12:01.558  2554  2594 D FetchActivityLiveDataInfoHandler: need/shouldSetSuccessorVisitTime  = true - true
08-04 11:12:01.558  2554  2594 D FetchActivityLiveDataInfoHandler: need/shouldSetSuccessorVisitTime  = true - true
08-04 11:12:01.558  2554  2594 D FetchActivityLiveDataInfoHandler: shouldSetUrlCandidateDbLiveDataLiveData  = true
08-04 11:12:01.558  2554  2594 D FetchActivityLiveDataInfoHandler: shouldSetActivityExtraLiveData  = true
08-04 11:12:01.558  2554  2597 D FetchSessionDataRunnable: WebViewActivity Fetching session data for LAST_N_SESSIONS_FROM_ENTITY_SESSION
08-04 11:12:01.559  2554  2597 D FetchVisitTimeRunnable: WebViewActivity Fetching session data for LAST_N_SESSIONS_FROM_ENTITY_SESSION
08-04 11:12:01.560  2554  2597 D FetchSuccessorsVisitTimeRunnable: WebViewActivity Fetching session data for LAST_N_SESSIONS_FROM_ENTITY_SESSION
08-04 11:12:01.561  2554  2597 D FetchUrlCandidateRunnable: WebViewActivity Fetching URL candidates
08-04 11:12:01.561  2554  2597 D FetchIntentExtraRunnable: WebViewActivity Fetching intent extras
08-04 11:12:01.562  2554  2594 D ActivityGraph: ACT_GRAPH initNodes() fired for node: nappatfpr.org.quantumbadger.redreader.activities.ImageViewActivity
08-04 11:12:01.564   918  3261 D WifiStateMachine: starting scan for "H369AA63323"WPA_PSK with 2412,5180
08-04 11:12:01.592   918  3696 I AccountManagerService: getTypesVisibleToCaller: isPermitted? true
08-04 11:12:01.658 32231  2619 I Finsky  : [5797] lyv.run(-1): Wrote row to frosting DB: 2219
08-04 11:12:01.662  2554  2594 D Nappa   : registerActivity: (already in) nappatfpr.org.quantumbadger.redreader.activities.ImageViewActivity
08-04 11:12:01.663  2554  2594 D ActivityGraph: LARDataInitFetchDB nappatfpr.org.quantumbadger.redreader.activities.ImageViewActivity Pagerank: 0.25 HITS-Authority: 1.0 HITS-Hub: 1.0 SALSA-Authority: 1.0 SALSA-Hub: 1.0
08-04 11:12:01.663  2554  2594 D ActivityGraph: LARDataInit already in nodeList
08-04 11:12:01.663  2554  2594 D ActivityGraph: ACT_GRAPH Edges size: 1
08-04 11:12:01.682 32231 32231 I Finsky  : [1] xmu.a(8): SCH: Jobs in database: 1-1337 3-191 3-192 12-1 24-77777777 26-1414141414 
08-04 11:12:01.685 32231 32231 I Finsky  : [1] xio.a(57): SCH: ConstraintMapping: 24-77777777,  -> L: 0ms, D: 35879154ms, C: false, I: true, N: 0
08-04 11:12:01.686 32231 32231 I Finsky  : [1] xio.a(57): SCH: ConstraintMapping: 1-1337, 12-1,  -> L: 14554ms, D: 39231229ms, C: false, I: false, N: 1
08-04 11:12:01.687 32231  2620 I Finsky  : [5798] gzn.a(-1): [ContentSync] finished, scheduled=true
08-04 11:12:01.699 32231 32231 I Finsky  : [1] xio.a(57): SCH: ConstraintMapping: 3-191,  -> L: 0ms, D: 79941101ms, C: false, I: true, N: 2
08-04 11:12:01.700 32231 32231 I Finsky  : [1] xio.a(57): SCH: ConstraintMapping: 3-192,  -> L: 0ms, D: 79941174ms, C: true, I: true, N: 2
08-04 11:12:01.700 32231 32231 I Finsky  : [1] xio.a(57): SCH: ConstraintMapping: 26-1414141414,  -> L: 108779ms, D: 1008779ms, C: false, I: false, N: 0
08-04 11:12:01.720 32231 32231 I Finsky  : [1] xle.a(34): Cancelling existing jobscheduler jobs: 9001 9005 9012 9002 9016 9015 9006 9014 9004 9003 
08-04 11:12:01.721 32231 32231 I Finsky  : [1] xle.a(27): Scheduling job Id: 9000, L: 0, D: 35879154, C: false, I: true, N: 0
08-04 11:12:01.722 32231 32231 I Finsky  : [1] xle.a(27): Scheduling job Id: 9007, L: 14554, D: 39231229, C: false, I: false, N: 1
08-04 11:12:01.731 32231 32231 I Finsky  : [1] xle.a(27): Scheduling job Id: 9008, L: 0, D: 79941101, C: false, I: true, N: 2
08-04 11:12:01.732 32231 32231 I Finsky  : [1] xle.a(27): Scheduling job Id: 9009, L: 0, D: 79941174, C: true, I: true, N: 2
08-04 11:12:01.734 32231 32231 I Finsky  : [1] xle.a(27): Scheduling job Id: 9010, L: 108779, D: 1008779, C: false, I: false, N: 0
08-04 11:12:01.736 32231 32231 I Finsky  : [1] xle.a(27): Scheduling job Id: 9011, L: 0, D: 35879154, C: false, I: true, N: 0
08-04 11:12:01.738 32231 32231 I Finsky  : [1] xle.a(27): Scheduling job Id: 9013, L: 14554, D: 39231229, C: false, I: false, N: 1
08-04 11:12:01.740 32231 32231 I Finsky  : [1] xle.a(27): Scheduling job Id: 9017, L: 0, D: 79941101, C: false, I: true, N: 2
08-04 11:12:01.741 32231 32231 I Finsky  : [1] xle.a(27): Scheduling job Id: 9018, L: 0, D: 79941174, C: true, I: true, N: 2
08-04 11:12:01.744 32231 32231 I Finsky  : [1] xle.a(27): Scheduling job Id: 9019, L: 108779, D: 1008779, C: false, I: false, N: 0
08-04 11:12:01.747 32231 32231 I Finsky  : [1] nly.a(-1): previousAllInstallsDone is Optional.empty, allInstallationsDone is Optional[true]
08-04 11:12:01.747 32231 32231 I Finsky  : [1] nly.a(-1): Updating installations status false cross profiles
08-04 11:12:01.747 32231 32231 I Finsky  : [1] hcq.b(1): Binding for 252226072
08-04 11:12:01.753 32231 32231 I Finsky  : [1] ProfileStateService.onCreate(-1): creating profileStateService
08-04 11:12:01.759 32231 32231 I Finsky  : [1] hci.a(3): Registering listener 46533335 for user UserHandle{0}.
08-04 11:12:01.761 32231 32231 I Finsky  : [1] hci.c(8): User UserHandle{0} finished enterprise setup, removing profile.
08-04 11:12:01.761 32231 32231 I Finsky  : [1] hci.b(14): User UserHandle{0} is not in installation anymore, removing profile.
08-04 11:12:01.761 32231 32231 I Finsky  : [1] hci.b(22): Notifying user UserHandle{0} that all installs are finished
08-04 11:12:01.762 32231 32231 I Finsky  : [1] hcq.d(1): unbinding for 252226072
08-04 11:12:01.763 32231 32319 I Finsky  : [5742] hci.b(5): Removing listener for user UserHandle{0} and listener 46533335
08-04 11:12:01.764  2554  2594 D Nappa   : registerActivity: (already in) nappatfpr.org.quantumbadger.redreader.activities.WebViewActivity
08-04 11:12:01.764  2554  2594 D ActivityGraph: LARDataInitFetchDB nappatfpr.org.quantumbadger.redreader.activities.ImageViewActivity Pagerank: 0.25 HITS-Authority: 1.0 HITS-Hub: 1.0 SALSA-Authority: 1.0 SALSA-Hub: 1.0 loaded following an edge
08-04 11:12:01.765  2554  2594 D ActivityGraph: ACT_GRAPH contains temp2
08-04 11:12:01.765  2554  2594 D ActivityGraph: LARDataInit already in nodeList from edge
08-04 11:12:01.765  2554  2594 D ActivityGraph: ACT_GRAPH adding successors: nappatfpr.org.quantumbadger.redreader.activities.ImageViewActivity -> nappatfpr.org.quantumbadger.redreader.activities.WebViewActivity
08-04 11:12:01.765  2554  2594 D FetchActivityLiveDataInfoHandler: activity  = ImageViewActivity
08-04 11:12:01.765  2554  2594 D FetchActivityLiveDataInfoHandler: shouldSetSessionAggregateLiveData  = true
08-04 11:12:01.765  2554  2594 D FetchActivityLiveDataInfoHandler: need/shouldSetSuccessorVisitTime  = true - true
08-04 11:12:01.765  2554  2594 D FetchActivityLiveDataInfoHandler: need/shouldSetSuccessorVisitTime  = true - true
08-04 11:12:01.765  2554  2594 D FetchActivityLiveDataInfoHandler: shouldSetUrlCandidateDbLiveDataLiveData  = true
08-04 11:12:01.765  2554  2594 D FetchActivityLiveDataInfoHandler: shouldSetActivityExtraLiveData  = true
08-04 11:12:01.765  2554  2599 D Nappa   : {nappatfpr.org.quantumbadger.redreader.activities.ImageViewActivity=5, nappatfpr.org.quantumbadger.redreader.activities.CommentListingActivity=3, nappatfpr.org.quantumbadger.redreader.activities.PostListingActivity=2, nappatfpr.org.quantumbadger.redreader.activities.MainActivity=1, nappatfpr.org.quantumbadger.redreader.activities.WebViewActivity=4}
08-04 11:12:01.765  2554  2597 D FetchSessionDataRunnable: ImageViewActivity Fetching session data for LAST_N_SESSIONS_FROM_ENTITY_SESSION
08-04 11:12:01.766  2554  2597 D FetchVisitTimeRunnable: ImageViewActivity Fetching session data for LAST_N_SESSIONS_FROM_ENTITY_SESSION
08-04 11:12:01.766  2554  2597 D FetchSuccessorsVisitTimeRunnable: ImageViewActivity Fetching session data for LAST_N_SESSIONS_FROM_ENTITY_SESSION
08-04 11:12:01.766  2554  2597 D FetchUrlCandidateRunnable: ImageViewActivity Fetching URL candidates
08-04 11:12:01.767  2554  2597 D FetchIntentExtraRunnable: ImageViewActivity Fetching intent extras
08-04 11:12:01.767  2554  2594 D Nappa   : Extended Startup-time: 1118 ms
08-04 11:12:01.768  2554  2594 D InitGraphRunnable: Initialised graph ActivityGraph beginning
08-04 11:12:01.768  2554  2594 D InitGraphRunnable: 
08-04 11:12:01.768  2554  2594 D InitGraphRunnable: MainActivity 
08-04 11:12:01.768  2554  2594 D InitGraphRunnable: 	Successors:
08-04 11:12:01.768  2554  2594 D InitGraphRunnable: 		PostListingActivity (0 hits)
08-04 11:12:01.768  2554  2594 D InitGraphRunnable: 	Ancestors:
08-04 11:12:01.768  2554  2594 D InitGraphRunnable: 
08-04 11:12:01.768  2554  2594 D InitGraphRunnable: 
08-04 11:12:01.768  2554  2594 D InitGraphRunnable: PostListingActivity 
08-04 11:12:01.768  2554  2594 D InitGraphRunnable: 	Successors:
08-04 11:12:01.768  2554  2594 D InitGraphRunnable: 		WebViewActivity (0 hits)
08-04 11:12:01.768  2554  2594 D InitGraphRunnable: 		CommentListingActivity (0 hits)
08-04 11:12:01.768  2554  2594 D InitGraphRunnable: 		ImageViewActivity (0 hits)
08-04 11:12:01.768  2554  2594 D InitGraphRunnable: 	Ancestors:
08-04 11:12:01.768  2554  2594 D InitGraphRunnable: 		MainActivity (0 hits)
08-04 11:12:01.768  2554  2594 D InitGraphRunnable: 
08-04 11:12:01.768  2554  2594 D InitGraphRunnable: CommentListingActivity 
08-04 11:12:01.768  2554  2594 D InitGraphRunnable: 	Successors:
08-04 11:12:01.768  2554  2594 D InitGraphRunnable: 
08-04 11:12:01.768  2554  2594 D InitGraphRunnable: 	Ancestors:
08-04 11:12:01.768  2554  2594 D InitGraphRunnable: 		PostListingActivity (0 hits)
08-04 11:12:01.768  2554  2594 D InitGraphRunnable: 
08-04 11:12:01.768  2554  2594 D InitGraphRunnable: WebViewActivity 
08-04 11:12:01.768  2554  2594 D InitGraphRunnable: 	Successors:
08-04 11:12:01.768  2554  2594 D InitGraphRunnable: 
08-04 11:12:01.768  2554  2594 D InitGraphRunnable: 	Ancestors:
08-04 11:12:01.768  2554  2594 D InitGraphRunnable: 		PostListingActivity (0 hits)
08-04 11:12:01.768  2554  2594 D InitGraphRunnable: 		ImageViewActivity (0 hits)
08-04 11:12:01.768  2554  2594 D InitGraphRunnable: 
08-04 11:12:01.768  2554  2594 D InitGraphRunnable: ImageViewActivity 
08-04 11:12:01.768  2554  2594 D InitGraphRunnable: 	Successors:
08-04 11:12:01.768  2554  2594 D InitGraphRunnable: 		WebViewActivity (0 hits)
08-04 11:12:01.768  2554  2594 D InitGraphRunnable: 	Ancestors:
08-04 11:12:01.768  2554  2594 D InitGraphRunnable: 		PostListingActivity (0 hits)
08-04 11:12:01.768  2554  2594 D InitGraphRunnable: 
08-04 11:12:01.768  2554  2594 D InitGraphRunnable: ActivityGraph end
08-04 11:12:01.768  2554  2594 D InitGraphRunnable: 
08-04 11:12:01.768  2554  2554 D Nappa   : Startup-time: 1119 ms
08-04 11:12:01.780  2554  2554 W art     : Before Android 4.1, method android.graphics.PorterDuffColorFilter androidx.vectordrawable.graphics.drawable.VectorDrawableCompat.updateTintFilter(android.graphics.PorterDuffColorFilter, android.content.res.ColorStateList, android.graphics.PorterDuff$Mode) would have incorrectly overridden the package-private method in android.graphics.drawable.Drawable
08-04 11:12:01.801  2554  2554 I art     : Rejecting re-init on previously-failed class java.lang.Class<androidx.core.view.ViewCompat$2>
08-04 11:12:01.801  2554  2554 I art     : Rejecting re-init on previously-failed class java.lang.Class<androidx.core.view.ViewCompat$2>
08-04 11:12:01.809  2554  2554 I AppCompatViewInflater: app:theme is now deprecated. Please move to using android:theme instead.
08-04 11:12:01.825 24577 13316 I Icing   : IndexChimeraService.getServiceInterface callingPackage=com.google.android.gms componentName=AppsCorpus serviceId=36
08-04 11:12:01.836   918 13198 D NetlinkSocketObserver: NeighborEvent{elapsedMs=1686125711, 192.168.2.254, [7C3953A63323], RTM_NEWNEIGH, NUD_PROBE}
08-04 11:12:01.860 24577 16235 W Icing   : No valid account for uploading user actions
08-04 11:12:01.898 24577 13294 I Icing   : IndexChimeraService.getServiceInterface callingPackage=com.google.android.gms componentName=null serviceId=30
08-04 11:12:01.925  2554  2554 I RawObjectDB query string: CREATE TABLE objects(RawObjectDB_id TEXT PRIMARY KEY ON CONFLICT REPLACE,RawObjectDB_timestamp INTEGER,serialised TEXT)
08-04 11:12:01.956 24577 16235 I Icing   : Usage reports ok 2, Failed Usage reports 0, indexed 0, rejected 0
08-04 11:12:01.959 24577 16235 W Icing   : No valid account for uploading user actions
08-04 11:12:01.959 24577 13294 I Icing   : IndexChimeraService.getServiceInterface callingPackage=com.google.android.gms componentName=null serviceId=36
08-04 11:12:01.970 24577 16235 I Icing   : Usage reports ok 0, Failed Usage reports 0, indexed 0, rejected 0
08-04 11:12:01.971 24577 16235 I Icing   : Indexing com.google.android.gms-internal.3p:MobileApplication from com.google.android.gms using seqno 763
08-04 11:12:01.974  2554  2554 I RawObjectDB query string: CREATE TABLE objects(RawObjectDB_id TEXT PRIMARY KEY ON CONFLICT REPLACE,RawObjectDB_timestamp INTEGER,serialised TEXT)
08-04 11:12:01.998 24577 16235 W Icing   : No valid account for uploading user actions
08-04 11:12:01.998  2664  2664 D AndroidRuntime: >>>>>> START com.android.internal.os.RuntimeInit uid 2000 <<<<<<
08-04 11:12:02.001  2664  2664 D AndroidRuntime: CheckJNI is OFF
08-04 11:12:02.009 24577 16235 I Icing   : Usage reports ok 0, Failed Usage reports 0, indexed 0, rejected 0
08-04 11:12:02.025  2664  2664 D ICU     : No timezone override file found: /data/misc/zoneinfo/current/icu/icu_tzdata.dat
08-04 11:12:02.046  2554  2678 D OpenGLRenderer: Use EGL_SWAP_BEHAVIOR_PRESERVED: true
08-04 11:12:02.050  2664  2664 I Radio-JNI: register_android_hardware_Radio DONE
08-04 11:12:02.055  2554  2554 D NappaLifecycleObserver: nappatfpr.org.quantumbadger.redreader.activities.MainActivity - onResume
08-04 11:12:02.055  2554  2554 D Nappa   : setCurrentActivity - MetricStrategyAccuracy - 
08-04 11:12:02.055  2554  2554 D Nappa   : madePredictionFromActivity = false, 
08-04 11:12:02.055  2554  2554 D Nappa   : fromActivity = null, 
08-04 11:12:02.055  2554  2554 D Nappa   : predictedNextActivityFromActivity = [], 
08-04 11:12:02.055  2554  2554 D Nappa   : activity.getClass().getCanonicalName() = nappatfpr.org.quantumbadger.redreader.activities.MainActivity, 
08-04 11:12:02.055  2554  2554 D Nappa   : setCurrentActivity - MetricStrategyAccuracy - 
08-04 11:12:02.055  2554  2554 D Nappa   : madePredictionFromExtra = false, 
08-04 11:12:02.055  2554  2554 D Nappa   : fromActivity = null, 
08-04 11:12:02.055  2554  2554 D Nappa   : predictedNextActivityFromExtra = [], 
08-04 11:12:02.055  2554  2554 D Nappa   : activity.getClass().getCanonicalName() = nappatfpr.org.quantumbadger.redreader.activities.MainActivity, 
08-04 11:12:02.056  2554  2554 D Nappa   : PREFETCH_ON_EXTRA - setCurrentActivity - logs - from activity - made prediction isfalse
08-04 11:12:02.065  2664  2664 D AndroidRuntime: Calling main entry com.android.commands.am.Am
08-04 11:12:02.156  2554  2554 D Nappa   : registerActivity: (already in) nappatfpr.org.quantumbadger.redreader.activities.MainActivity
08-04 11:12:02.156  2554  2554 D Nappa   : SHOULD_PREFETCH false
08-04 11:12:02.156  2554  2554 D Nappa   : STATS Number of requests not prefetched: 0
08-04 11:12:02.156  2554  2554 D Nappa   : STATS Number of requests prefetched: 0
08-04 11:12:02.157  2554  2554 D Nappa   : STATS Time saved until now: 0.0
08-04 11:12:02.162  2554  2554 D ActivityNode: Setting aggregate visit time live data for node MainActivity
08-04 11:12:02.162  2554  2554 D ActivityNode: Setting aggregate visit time live data for node PostListingActivity
08-04 11:12:02.162  2554  2554 D ActivityNode: Setting aggregate visit time live data for node CommentListingActivity
08-04 11:12:02.163  2554  2554 D ActivityNode: Setting aggregate visit time live data for node WebViewActivity
08-04 11:12:02.163  2554  2554 D ActivityNode: Setting aggregate visit time live data for node ImageViewActivity
08-04 11:12:02.206  2554  2678 I Adreno  : QUALCOMM build                   : fcf4852, I1af360237c
08-04 11:12:02.206  2554  2678 I Adreno  : Build Date                       : 09/23/15
08-04 11:12:02.206  2554  2678 I Adreno  : OpenGL ES Shader Compiler Version: XE031.05.13.02
08-04 11:12:02.206  2554  2678 I Adreno  : Local Branch                     : mybranch14465806
08-04 11:12:02.206  2554  2678 I Adreno  : Remote Branch                    : quic/LA.BF64.1.2.9_v2
08-04 11:12:02.206  2554  2678 I Adreno  : Remote Branch                    : NONE
08-04 11:12:02.206  2554  2678 I Adreno  : Reconstruct Branch               : NOTHING
08-04 11:12:02.211  2554  2678 I OpenGLRenderer: Initialized EGL, version 1.4
08-04 11:12:02.276 24365 24365 I Herrevad: [1] abng.a: updateListenState
08-04 11:12:02.300  2517  2536 I Filament: Filament library loaded.
08-04 11:12:02.305  2577  2602 W ResourceType: For resource 0x7f1403b8, entry index(952) is beyond type entryCount(289)
08-04 11:12:02.305  2577  2602 W ResourceType: For resource 0x7f140250, entry index(592) is beyond type entryCount(289)
08-04 11:12:02.306  2577  2602 W ResourceType: For resource 0x7f14025d, entry index(605) is beyond type entryCount(289)
08-04 11:12:02.318  2554  2554 D PARAM   : COUNT: 0
08-04 11:12:02.319  2554  2554 D ActivityNode: Observer - URL candidate MainActivity[]
08-04 11:12:02.319  2554  2554 D ActivityNode: Observer - intent extra - MainActivity
08-04 11:12:02.319  2554  2554 D ActivityNode: Extras:
08-04 11:12:02.319  2554  2554 D ActivityNode: Observer - visit time - MainActivity - New aggregate visit time found is 34422 ms
08-04 11:12:02.319  2554  2554 D ActivityNode: Observer - session data - sourcePostListingActivity
08-04 11:12:02.319  2554  2554 D ActivityNode: destinations:
08-04 11:12:02.319  2554  2554 D ActivityNode: 	nappatfpr.org.quantumbadger.redreader.activities.CommentListingActivity( count 20)
08-04 11:12:02.319  2554  2554 D ActivityNode: 	nappatfpr.org.quantumbadger.redreader.activities.WebViewActivity( count 6)
08-04 11:12:02.319  2554  2554 D ActivityNode: 	nappatfpr.org.quantumbadger.redreader.activities.ImageViewActivity( count 2)
08-04 11:12:02.319  2554  2554 D ActivityNode: Observer - visit time - PostListingActivity - New aggregate visit time found is 115566 ms
08-04 11:12:02.319  2554  2554 D ActivityNode: Observer - successor visit time - MainActivity - Updating the visit time from the successors list:
08-04 11:12:02.319  2554  2554 D ActivityNode: [AggregateVisitTimeByActivity{nappatfpr.org.quantumbadger.redreader.activities.PostListingActivity : 67473 ms}]
08-04 11:12:02.323  2577  2602 W ResourceType: For resource 0x7f140323, entry index(803) is beyond type entryCount(289)
08-04 11:12:02.323  2577  2602 W ResourceType: For resource 0x7f140323, entry index(803) is beyond type entryCount(289)
08-04 11:12:02.324  2577  2602 W ResourceType: For resource 0x7f140323, entry index(803) is beyond type entryCount(289)
08-04 11:12:02.326  2517  2547 E linker  : readlink('/proc/self/fd/24') failed: Permission denied [fd=24]
08-04 11:12:02.326  2517  2547 E linker  : warning: unable to get realpath for the library "/data/data/com.google.android.gms/app_chimera/m/00000039/oat/arm64/DynamiteLoader.odex". Will use given name.
08-04 11:12:02.333  2517  2552 I Adreno  : QUALCOMM build                   : fcf4852, I1af360237c
08-04 11:12:02.333  2517  2552 I Adreno  : Build Date                       : 09/23/15
08-04 11:12:02.333  2517  2552 I Adreno  : OpenGL ES Shader Compiler Version: XE031.05.13.02
08-04 11:12:02.333  2517  2552 I Adreno  : Local Branch                     : mybranch14465806
08-04 11:12:02.333  2517  2552 I Adreno  : Remote Branch                    : quic/LA.BF64.1.2.9_v2
08-04 11:12:02.333  2517  2552 I Adreno  : Remote Branch                    : NONE
08-04 11:12:02.333  2517  2552 I Adreno  : Reconstruct Branch               : NOTHING
08-04 11:12:02.355  2577  2602 W ResourceType: For resource 0x7f1404fd, entry index(1277) is beyond type entryCount(289)
08-04 11:12:02.355  2577  2602 W ResourceType: For resource 0x7f1404fd, entry index(1277) is beyond type entryCount(289)
08-04 11:12:02.355  2577  2602 W ResourceType: For resource 0x7f1404fe, entry index(1278) is beyond type entryCount(289)
08-04 11:12:02.355  2577  2602 W ResourceType: For resource 0x7f140500, entry index(1280) is beyond type entryCount(289)
08-04 11:12:02.355  2577  2602 W ResourceType: For resource 0x7f1404ff, entry index(1279) is beyond type entryCount(289)
08-04 11:12:02.355  2577  2602 W ResourceType: For resource 0x7f140489, entry index(1161) is beyond type entryCount(289)
08-04 11:12:02.355  2577  2602 W ResourceType: For resource 0x7f14053f, entry index(1343) is beyond type entryCount(289)
08-04 11:12:02.355  2577  2602 W ResourceType: For resource 0x7f140502, entry index(1282) is beyond type entryCount(289)
08-04 11:12:02.356  2577  2602 W ResourceType: For resource 0x7f140504, entry index(1284) is beyond type entryCount(289)
08-04 11:12:02.356  2577  2602 W ResourceType: For resource 0x7f140489, entry index(1161) is beyond type entryCount(289)
08-04 11:12:02.356  2577  2602 W ResourceType: For resource 0x7f140532, entry index(1330) is beyond type entryCount(289)
08-04 11:12:02.356  2577  2602 W ResourceType: For resource 0x7f140505, entry index(1285) is beyond type entryCount(289)
08-04 11:12:02.356  2577  2602 W ResourceType: For resource 0x7f14048f, entry index(1167) is beyond type entryCount(289)
08-04 11:12:02.356  2577  2602 W ResourceType: For resource 0x7f140506, entry index(1286) is beyond type entryCount(289)
08-04 11:12:02.356  2577  2602 W ResourceType: For resource 0x7f14050a, entry index(1290) is beyond type entryCount(289)
08-04 11:12:02.356  2577  2602 W ResourceType: For resource 0x7f14050a, entry index(1290) is beyond type entryCount(289)
08-04 11:12:02.356  2577  2602 W ResourceType: For resource 0x7f14050a, entry index(1290) is beyond type entryCount(289)
08-04 11:12:02.356  2577  2602 W ResourceType: For resource 0x7f14050a, entry index(1290) is beyond type entryCount(289)
08-04 11:12:02.366  2577  2602 W ResourceType: For resource 0x7f14050d, entry index(1293) is beyond type entryCount(289)
08-04 11:12:02.367  2577  2602 W ResourceType: For resource 0x7f14048e, entry index(1166) is beyond type entryCount(289)
08-04 11:12:02.367  2577  2602 W ResourceType: For resource 0x7f14052f, entry index(1327) is beyond type entryCount(289)
08-04 11:12:02.367  2577  2602 W ResourceType: For resource 0x7f140514, entry index(1300) is beyond type entryCount(289)
08-04 11:12:02.367  2577  2602 W ResourceType: For resource 0x7f140515, entry index(1301) is beyond type entryCount(289)
08-04 11:12:02.367  2577  2602 W ResourceType: For resource 0x7f14052c, entry index(1324) is beyond type entryCount(289)
08-04 11:12:02.367  2577  2602 W ResourceType: For resource 0x7f14052d, entry index(1325) is beyond type entryCount(289)
08-04 11:12:02.367  2577  2602 W ResourceType: For resource 0x7f1403b9, entry index(953) is beyond type entryCount(289)
08-04 11:12:02.367  2577  2602 W ResourceType: For resource 0x7f140531, entry index(1329) is beyond type entryCount(289)
08-04 11:12:02.367  2577  2602 W ResourceType: For resource 0x7f140539, entry index(1337) is beyond type entryCount(289)
08-04 11:12:02.367  2577  2602 W ResourceType: For resource 0x7f14053b, entry index(1339) is beyond type entryCount(289)
08-04 11:12:02.367  2577  2602 W ResourceType: For resource 0x7f140513, entry index(1299) is beyond type entryCount(289)
08-04 11:12:02.367  2577  2602 W ResourceType: For resource 0x7f140511, entry index(1297) is beyond type entryCount(289)
08-04 11:12:02.367  2577  2602 W ResourceType: For resource 0x7f140315, entry index(789) is beyond type entryCount(289)
08-04 11:12:02.367  2577  2602 W ResourceType: For resource 0x7f1402fe, entry index(766) is beyond type entryCount(289)
08-04 11:12:02.367  2577  2602 W ResourceType: For resource 0x7f140315, entry index(789) is beyond type entryCount(289)
08-04 11:12:02.367  2577  2602 W ResourceType: For resource 0x7f140328, entry index(808) is beyond type entryCount(289)
08-04 11:12:02.367  2577  2602 W ResourceType: For resource 0x7f140311, entry index(785) is beyond type entryCount(289)
08-04 11:12:02.367  2577  2602 W ResourceType: For resource 0x7f140312, entry index(786) is beyond type entryCount(289)
08-04 11:12:02.367  2577  2602 W ResourceType: For resource 0x7f140544, entry index(1348) is beyond type entryCount(289)
08-04 11:12:02.367  2577  2602 W ResourceType: For resource 0x7f140543, entry index(1347) is beyond type entryCount(289)
08-04 11:12:02.427  2577  2602 W ResourceType: For resource 0x7f140323, entry index(803) is beyond type entryCount(289)
08-04 11:12:02.429  2577  2602 W ResourceType: For resource 0x7f140323, entry index(803) is beyond type entryCount(289)
08-04 11:12:02.439  2517  2547 I DynamiteLoaderV2: [71] Cronetdynamite
08-04 11:12:02.456  2554  2599 D Nappa   : PREFETCH_ON_EXTRA - setCurrentActivity - logs - from extra - made prediction isfalse
08-04 11:12:02.472  2517  2547 E linker  : readlink('/proc/self/fd/27') failed: Permission denied [fd=27]
08-04 11:12:02.476  2375  2375 I Trepn   : Trepn 6.2s: Received intent: com.quicinc.trepn.start_profiling
08-04 11:12:02.480  2517  2547 E linker  : warning: unable to get realpath for the library "/data/data/com.google.android.gms/app_chimera/m/00000038/oat/arm64/CronetDynamite.odex". Will use given name.
