--------- beginning of main
08-05 01:33:03.791   918  4400 I AccountManagerService: getTypesVisibleToCaller: isPermitted? true
08-05 01:33:03.810  3784  3784 D CarrierServiceBindHelper: Receive action: android.intent.action.PACKAGE_ADDED
08-05 01:33:03.810  3784  3784 D CarrierServiceBindHelper: Receive action: android.intent.action.PACKAGE_REPLACED
08-05 01:33:03.819   918  3696 I AccountManagerService: getTypesVisibleToCaller: isPermitted? true
08-05 01:33:03.820  3784  3784 D CarrierServiceBindHelper: mHandler: 3
08-05 01:33:03.820  3784  3784 D CarrierServiceBindHelper: mHandler: 3
08-05 01:33:03.820  3784  3784 D CarrierServiceBindHelper: mHandler: 3
08-05 01:33:03.820  3784  3784 D CarrierConfigLoader: mHandler: 9 phoneId: 0
08-05 01:33:03.820 24365 18729 I Fitness : FitCleanupIntentOperation received Intent android.intent.action.PACKAGE_REMOVED [CONTEXT service_id=17 ]
08-05 01:33:03.824 23763 23763 I Finsky  : [1] uah.a(18): PackageMonitorReceiverImpl - Received: android.intent.action.PACKAGE_REMOVED, [jsPREe6yOOhrMreoEvcpPvP36yUmihacpIgcKsaLph8]
08-05 01:33:03.824 23763 23763 I Finsky  : [1] ubi.d(9): Invalidating cached PackageState for baseline.com.ak.uobtimetable
08-05 01:33:03.827 23763 23763 I Finsky  : [1] lzi.c(2): Frosting ID looked up on UI thread. Caller should move to a background thread.
08-05 01:33:03.848 23763 23763 I Finsky  : [1] nqb.c(3): Installer: package baseline.com.ak.uobtimetable was removed. replacing: true
08-05 01:33:03.849 23763 23763 I Finsky  : [1] nra.a(188): Installer: Notifying status update. package=baseline.com.ak.uobtimetable, status=UNINSTALLED
08-05 01:33:03.894 23763 23763 I Finsky  : [1] lzi.c(2): Frosting ID looked up on UI thread. Caller should move to a background thread.
08-05 01:33:03.911 23763 23763 I Finsky  : [1] nra.a(220): Installer: found apps to install. isMultiUserMode=false, apps=[]
08-05 01:33:03.912 23763 18749 I Finsky  : [6063] ejf.a(-1): Cancelled 0 ongoing asset module downloads for package baseline.com.ak.uobtimetable due to a concurrent app update.
08-05 01:33:03.935 23763 23888 I Finsky  : [5916] odj.b(52): IQ: Notifying installation update. package=baseline.com.ak.uobtimetable, status=UNINSTALLED
08-05 01:33:04.022 23763 18741 I Finsky  : [6061] lyv.run(-1): Wrote row to frosting DB: 2576
08-05 01:33:04.044 24577 18734 I Auth    : [SupervisedAccountIntentOperation] onHandleIntent(): android.intent.action.PACKAGE_ADDED
08-05 01:33:04.048 24577 18748 I ChromeSync: [Sync,SyncIntentOperation] Handling the intent: Intent { act=android.intent.action.PACKAGE_ADDED dat=package:baseline.com.ak.uobtimetable flg=0x4000010 cmp=com.google.android.gms/.chimera.GmsIntentOperationService (has extras) }.
08-05 01:33:04.062 23763 23888 I Finsky  : [5916] odj.b(40): IQ: No matching installs to run for jobs: []
--------- beginning of system
08-05 01:33:04.078   918   928 W ActivityManager: Unable to start service Intent { act=com.google.android.gms.auth.key.retrieval.service.START pkg=com.google.android.gms } U=0: not found
08-05 01:33:04.081   918  5132 W ActivityManager: Unbind failed: could not find connection for android.os.BinderProxy@1659f9a
08-05 01:33:04.086 24577 24621 E GmsClient: unable to connect to service: com.google.android.gms.auth.key.retrieval.service.START on com.google.android.gms
08-05 01:33:04.145 23763 23763 I Finsky  : [1] uah.a(18): PackageMonitorReceiverImpl - Received: android.intent.action.PACKAGE_ADDED, [jsPREe6yOOhrMreoEvcpPvP36yUmihacpIgcKsaLph8]
08-05 01:33:04.146 23763 23763 I Finsky  : [1] ubi.d(9): Invalidating cached PackageState for baseline.com.ak.uobtimetable
08-05 01:33:04.150 23763 23763 I Finsky  : [1] lzi.c(2): Frosting ID looked up on UI thread. Caller should move to a background thread.
08-05 01:33:04.153   918   929 I AccountManagerService: getTypesVisibleToCaller: isPermitted? true
08-05 01:33:04.155 24577 18748 I ChromeSync: [Persistence,AffiliationManager] One of affiliation or grouping data for android://bz0hZa4nAJEtd0n5sRlXG7KAqctUMWVefv7Ki4mh1p6slZ9YO-n9gS9j8m9YCrsIyI2wIxrDHraumF9Y6pBLTA==@baseline.com.ak.uobtimetable/ was not found. Marking affiliation data as stale...
08-05 01:33:04.162 23763 23763 I Finsky  : [1] agsx.a(4): Do not start WearSupportService due to Wear service optimization
08-05 01:33:04.165 23763 18746 I Finsky  : [6062] gzn.a(-1): [ContentSync] finished, scheduled=false
08-05 01:33:04.166 23763 18741 I Finsky  : [6061] lyv.run(-1): Wrote row to frosting DB: 2577
08-05 01:33:04.170 23763 18749 I Finsky  : [6063] ejc.a(-1): Asset module broadcast after update successful for package baseline.com.ak.uobtimetable. 0 sessions broadcast.
08-05 01:33:04.195 23763 23763 I Finsky  : [1] lzi.c(2): Frosting ID looked up on UI thread. Caller should move to a background thread.
08-05 01:33:04.240   918   929 I AccountManagerService: getTypesVisibleToCaller: isPermitted? true
08-05 01:33:04.270 24577 18745 I FontLog : Package baseline.com.ak.uobtimetable has no metadata [CONTEXT service_id=132 ]
08-05 01:33:04.319 18759 18759 D AndroidRuntime: >>>>>> START com.android.internal.os.RuntimeInit uid 2000 <<<<<<
08-05 01:33:04.323 18759 18759 D AndroidRuntime: CheckJNI is OFF
08-05 01:33:04.332 23763 18741 I Finsky  : [6061] lyv.run(-1): Wrote row to frosting DB: 2578
08-05 01:33:04.347 18759 18759 D ICU     : No timezone override file found: /data/misc/zoneinfo/current/icu/icu_tzdata.dat
08-05 01:33:04.354 23763 23763 I Finsky  : [1] xmu.a(8): SCH: Jobs in database: 1-1337 3-199 3-200 12-1 24-77777777 26-1414141414 
08-05 01:33:04.356 23763 23763 I Finsky  : [1] xio.a(57): SCH: ConstraintMapping: 24-77777777,  -> L: 0ms, D: 70616164ms, C: false, I: true, N: 0
08-05 01:33:04.357 23763 23763 I Finsky  : [1] xio.a(57): SCH: ConstraintMapping: 1-1337, 12-1,  -> L: 14535ms, D: 30768554ms, C: false, I: false, N: 1
08-05 01:33:04.357 23763 23763 I Finsky  : [1] xio.a(57): SCH: ConstraintMapping: 3-199,  -> L: 0ms, D: 82208897ms, C: false, I: true, N: 2
08-05 01:33:04.358 23763 23763 I Finsky  : [1] xio.a(57): SCH: ConstraintMapping: 3-200,  -> L: 0ms, D: 82209003ms, C: true, I: true, N: 2
08-05 01:33:04.358 23763 23763 I Finsky  : [1] xio.a(57): SCH: ConstraintMapping: 26-1414141414,  -> L: 35406038ms, D: 36306038ms, C: false, I: false, N: 0
08-05 01:33:04.360 23763 18746 I Finsky  : [6062] gzn.a(-1): [ContentSync] finished, scheduled=true
08-05 01:33:04.371 18759 18759 I Radio-JNI: register_android_hardware_Radio DONE
08-05 01:33:04.374 23763 23763 I Finsky  : [1] xle.a(34): Cancelling existing jobscheduler jobs: 9011 9002 9001 9009 9003 9006 9004 9008 9005 9010 
08-05 01:33:04.374 23763 23763 I Finsky  : [1] xle.a(27): Scheduling job Id: 9000, L: 0, D: 70616164, C: false, I: true, N: 0
08-05 01:33:04.386 18759 18759 D AndroidRuntime: Calling main entry com.android.commands.monkey.Monkey
08-05 01:33:04.387 23763 23763 I Finsky  : [1] xle.a(27): Scheduling job Id: 9007, L: 14535, D: 30768554, C: false, I: false, N: 1
08-05 01:33:04.390 23763 23763 I Finsky  : [1] xle.a(27): Scheduling job Id: 9012, L: 0, D: 82208897, C: false, I: true, N: 2
08-05 01:33:04.397 23763 23763 I Finsky  : [1] xle.a(27): Scheduling job Id: 9013, L: 0, D: 82209003, C: true, I: true, N: 2
08-05 01:33:04.399 23763 23763 I Finsky  : [1] xle.a(27): Scheduling job Id: 9014, L: 35406038, D: 36306038, C: false, I: false, N: 0
08-05 01:33:04.400 23763 23763 I Finsky  : [1] xle.a(27): Scheduling job Id: 9015, L: 0, D: 70616164, C: false, I: true, N: 0
08-05 01:33:04.401   918   931 W BroadcastQueue: Skipping deliver [background] BroadcastRecord{3613d8 u-1 android.net.conn.CONNECTIVITY_CHANGE} to ReceiverList{2227331 18759 (unknown name)/2000/u-1 remote:2b5234a}: process crashing
08-05 01:33:04.403 23763 23763 I Finsky  : [1] xle.a(27): Scheduling job Id: 9016, L: 14535, D: 30768554, C: false, I: false, N: 1
08-05 01:33:04.404 23763 23763 I Finsky  : [1] xle.a(27): Scheduling job Id: 9017, L: 0, D: 82208897, C: false, I: true, N: 2
08-05 01:33:04.406 23763 23763 I Finsky  : [1] xle.a(27): Scheduling job Id: 9018, L: 0, D: 82209003, C: true, I: true, N: 2
08-05 01:33:04.409 23763 23763 I Finsky  : [1] xle.a(27): Scheduling job Id: 9019, L: 35406038, D: 36306038, C: false, I: false, N: 0
08-05 01:33:04.412   918  3359 I ActivityManager: START u0 {act=android.intent.action.MAIN cat=[android.intent.category.LAUNCHER] flg=0x10200000 cmp=baseline.com.ak.uobtimetable/.MainActivity} from uid 2000 on display 0
08-05 01:33:04.417 23763 18741 I Finsky  : [6061] lyv.run(-1): Wrote row to frosting DB: 2579
08-05 01:33:04.430   918  3696 I ActivityManager: Start proc 18776:baseline.com.ak.uobtimetable/u0a684 for activity baseline.com.ak.uobtimetable/.MainActivity
08-05 01:33:04.430 18776 18776 I art     : Late-enabling -Xcheck:jni
08-05 01:33:04.457 18759 18759 I art     : System.exit called, status: 0
08-05 01:33:04.457 18759 18759 I AndroidRuntime: VM exiting with result code 0.
08-05 01:33:04.463 24577 13294 I Icing   : IndexChimeraService.getServiceInterface callingPackage=com.google.android.gms componentName=AppsCorpus serviceId=36
08-05 01:33:04.468 18776 18776 W System  : ClassLoader referenced unknown path: /data/app/baseline.com.ak.uobtimetable-2/lib/arm64
08-05 01:33:04.472   918  5481 I AccountManagerService: getTypesVisibleToCaller: isPermitted? true
08-05 01:33:04.477 18776 18776 E Application: Can't init Bugsnag - No key
08-05 01:33:04.477 18776 18776 E Application: java.lang.Exception: Can't init Bugsnag - No key
08-05 01:33:04.477 18776 18776 E Application: 	at baseline.com.ak.uobtimetable.Utilities.Logging.Logger.error(Logger.java:79)
08-05 01:33:04.477 18776 18776 E Application: 	at baseline.com.ak.uobtimetable.MyApplication.onCreate(MyApplication.java:52)
08-05 01:33:04.477 18776 18776 E Application: 	at android.app.Instrumentation.callApplicationOnCreate(Instrumentation.java:1013)
08-05 01:33:04.477 18776 18776 E Application: 	at android.app.ActivityThread.handleBindApplication(ActivityThread.java:4707)
08-05 01:33:04.477 18776 18776 E Application: 	at android.app.ActivityThread.-wrap1(ActivityThread.java)
08-05 01:33:04.477 18776 18776 E Application: 	at android.app.ActivityThread$H.handleMessage(ActivityThread.java:1405)
08-05 01:33:04.477 18776 18776 E Application: 	at android.os.Handler.dispatchMessage(Handler.java:102)
08-05 01:33:04.477 18776 18776 E Application: 	at android.os.Looper.loop(Looper.java:148)
08-05 01:33:04.477 18776 18776 E Application: 	at android.app.ActivityThread.main(ActivityThread.java:5417)
08-05 01:33:04.477 18776 18776 E Application: 	at java.lang.reflect.Method.invoke(Native Method)
08-05 01:33:04.477 18776 18776 E Application: 	at com.android.internal.os.ZygoteInit$MethodAndArgsCaller.run(ZygoteInit.java:726)
08-05 01:33:04.477 18776 18776 E Application: 	at com.android.internal.os.ZygoteInit.main(ZygoteInit.java:616)
08-05 01:33:04.480 18776 18776 I Application: API level: 23
08-05 01:33:04.481 18776 18776 I Application: API level name: M
08-05 01:33:04.481 18776 18776 I Application: Target API level: 29
08-05 01:33:04.481 18776 18776 I Application: Git commit hash: d26bf1fa
08-05 01:33:04.481 18776 18776 I Application: Git branch: master
08-05 01:33:04.482 18776 18776 I Application: Build type: Debug
08-05 01:33:04.484 18776 18776 I Application: Build keys: Release
08-05 01:33:04.485 18776 18776 I Application: Version code: 21
08-05 01:33:04.485 18776 18776 I Application: Version name: 2.5
08-05 01:33:04.486 18776 18776 I Application: Build date: 22:30 03/08/20
08-05 01:33:04.486 18776 18776 I Application: Package update date: 00:38 05/08/20
08-05 01:33:04.487 18776 18776 I SettingsManager: Getting int: launchCount
08-05 01:33:04.487 18776 18776 I SettingsManager: Setting int: launchCount
08-05 01:33:04.494 24577 23235 W Icing   : No valid account for uploading user actions
08-05 01:33:04.494   918   929 W BackupManagerService: dataChanged but no participant pkg='baseline.com.ak.uobtimetable' uid=10684
08-05 01:33:04.494 18776 18776 I Application: Launch count: 1
08-05 01:33:04.497 18776 18776 I Application: Network: TYPE_WIFI
08-05 01:33:04.498 18776 18776 I Application: Tablet layout: false
08-05 01:33:04.517 18776 18776 W art     : Before Android 4.1, method android.graphics.PorterDuffColorFilter androidx.vectordrawable.graphics.drawable.VectorDrawableCompat.updateTintFilter(android.graphics.PorterDuffColorFilter, android.content.res.ColorStateList, android.graphics.PorterDuff$Mode) would have incorrectly overridden the package-private method in android.graphics.drawable.Drawable
08-05 01:33:04.519   719 23718 I PBSessionCacheImpl: Deleted sessionId[3163792008073881] from persistence.
08-05 01:33:04.521 24577 13316 I Icing   : IndexChimeraService.getServiceInterface callingPackage=com.google.android.gms componentName=null serviceId=30
08-05 01:33:04.524   719   760 W SearchServiceCore: Abort, client detached.
08-05 01:33:04.524   719   760 I MicroDetectionState: Should stop hotword detection immediately - true
08-05 01:33:04.542 18776 18776 I art     : Rejecting re-init on previously-failed class java.lang.Class<androidx.core.view.ViewCompat$OnUnhandledKeyEventListenerWrapper>
08-05 01:33:04.542 18776 18776 I art     : Rejecting re-init on previously-failed class java.lang.Class<androidx.core.view.ViewCompat$OnUnhandledKeyEventListenerWrapper>
08-05 01:33:04.594 24577 23235 I Icing   : Usage reports ok 3, Failed Usage reports 0, indexed 0, rejected 0
08-05 01:33:04.597 24577 23235 W Icing   : No valid account for uploading user actions
08-05 01:33:04.606 18776 18776 D MainActivity: onCreate
08-05 01:33:04.606 18776 18776 I SettingsManager: Getting string: savedSessions
08-05 01:33:04.606 18776 18776 I Settings: No saved sessions
08-05 01:33:04.613 24577 23235 I Icing   : Usage reports ok 0, Failed Usage reports 0, indexed 0, rejected 0
08-05 01:33:04.613 24577 23235 I Icing   : Indexing com.google.android.gms-internal.3p:MobileApplication from com.google.android.gms using seqno 763
08-05 01:33:04.616 24577 23235 I Icing   : Indexing com.google.android.gms-internal.3p:MobileApplication from com.google.android.gms using seqno 763
08-05 01:33:04.635 18776 18776 I SettingsManager: Getting string: savedCourse
08-05 01:33:04.636   918  3696 I ActivityManager: START u0 {flg=0x14000000 cmp=baseline.com.ak.uobtimetable/.WelcomeActivity} from uid 10684 on display 0
08-05 01:33:04.646 24577 13316 I Icing   : IndexChimeraService.getServiceInterface callingPackage=com.google.android.gms componentName=null serviceId=36
08-05 01:33:04.647 18776 18776 D MainActivity: OnResume
08-05 01:33:04.650 24577 23235 W Icing   : No valid account for uploading user actions
08-05 01:33:04.652 18776 18792 D OpenGLRenderer: Use EGL_SWAP_BEHAVIOR_PRESERVED: true
08-05 01:33:04.658 18776 18776 D MainActivity: OnPause
08-05 01:33:04.659 24577 23235 I Icing   : Usage reports ok 0, Failed Usage reports 0, indexed 0, rejected 0
08-05 01:33:04.752 18776 18792 I Adreno  : QUALCOMM build                   : fcf4852, I1af360237c
08-05 01:33:04.752 18776 18792 I Adreno  : Build Date                       : 09/23/15
08-05 01:33:04.752 18776 18792 I Adreno  : OpenGL ES Shader Compiler Version: XE031.05.13.02
08-05 01:33:04.752 18776 18792 I Adreno  : Local Branch                     : mybranch14465806
08-05 01:33:04.752 18776 18792 I Adreno  : Remote Branch                    : quic/LA.BF64.1.2.9_v2
08-05 01:33:04.752 18776 18792 I Adreno  : Remote Branch                    : NONE
08-05 01:33:04.752 18776 18792 I Adreno  : Reconstruct Branch               : NOTHING
08-05 01:33:04.758 18776 18792 I OpenGLRenderer: Initialized EGL, version 1.4
08-05 01:33:04.917   918   936 I ActivityManager: Displayed baseline.com.ak.uobtimetable/.WelcomeActivity: +257ms (total +499ms)
08-05 01:33:04.924 13866 13866 I GoogleInputMethodServic: GoogleInputMethodService.onFinishInput():3138 
08-05 01:33:04.926 13866 13866 I GoogleInputMethodServic: GoogleInputMethodService.onStartInput():1808 
08-05 01:33:05.213 18776 18776 D MainActivity: Saving state
08-05 01:33:05.598 24577 23235 I Icing   : Indexing com.google.android.gms-apps from com.google.android.gms
08-05 01:33:05.684 24577 23235 I Icing   : Indexing done com.google.android.gms-apps
08-05 01:33:06.065 18808 18808 D AndroidRuntime: >>>>>> START com.android.internal.os.RuntimeInit uid 2000 <<<<<<
08-05 01:33:06.071 18808 18808 D AndroidRuntime: CheckJNI is OFF
08-05 01:33:06.099 18808 18808 D ICU     : No timezone override file found: /data/misc/zoneinfo/current/icu/icu_tzdata.dat
08-05 01:33:06.133 18808 18808 I Radio-JNI: register_android_hardware_Radio DONE
08-05 01:33:06.152 18808 18808 D AndroidRuntime: Calling main entry com.android.commands.am.Am
08-05 01:33:06.164 24044 24044 I Trepn   : Trepn 6.2s: Received intent: com.quicinc.trepn.start_profiling
08-05 01:33:06.331 24044 24044 W FileUtils: Failed to chmod(/storage/emulated/0/trepn/Trepn_2020.08.05_013306.db): android.system.ErrnoException: chmod failed: EPERM (Operation not permitted)
08-05 01:33:06.487 24044 24044 I Trepn   : Trepn 6.2s: Trepn has Started Profiling.
08-05 01:33:06.489 18808 18808 D AndroidRuntime: Shutting down VM
08-05 01:33:06.929 18776 18788 I art     : Starting a blocking GC Explicit
08-05 01:33:06.949 18776 18788 I art     : Explicit concurrent mark sweep GC freed 2527(385KB) AllocSpace objects, 2(1340KB) LOS objects, 40% free, 21MB/36MB, paused 166us total 19.583ms
08-05 01:33:06.959 18776 18788 I art     : Starting a blocking GC Explicit
08-05 01:33:06.972 18776 18788 I art     : Explicit concurrent mark sweep GC freed 341(15KB) AllocSpace objects, 0(0B) LOS objects, 40% free, 21MB/36MB, paused 116us total 12.894ms
08-05 01:33:06.981 18776 18788 I art     : Starting a blocking GC Explicit
08-05 01:33:06.992 18776 18788 I art     : Explicit concurrent mark sweep GC freed 3(96B) AllocSpace objects, 0(0B) LOS objects, 40% free, 21MB/36MB, paused 94us total 10.037ms
08-05 01:33:06.997 18776 18788 I art     : Starting a blocking GC Explicit
08-05 01:33:07.008 18776 18788 I art     : Explicit concurrent mark sweep GC freed 3(96B) AllocSpace objects, 0(0B) LOS objects, 40% free, 21MB/36MB, paused 88us total 10.011ms
08-05 01:33:07.013 18776 18788 I art     : Starting a blocking GC Explicit
08-05 01:33:07.024 18776 18788 I art     : Explicit concurrent mark sweep GC freed 3(96B) AllocSpace objects, 0(0B) LOS objects, 40% free, 21MB/36MB, paused 93us total 9.938ms
08-05 01:33:07.297 18776 18787 I art     : Starting a blocking GC Explicit
08-05 01:33:07.313 18776 18787 I art     : Explicit concurrent mark sweep GC freed 1273(74KB) AllocSpace objects, 1(20KB) LOS objects, 40% free, 21MB/36MB, paused 122us total 15.095ms
08-05 01:33:07.319 18776 18787 I art     : Starting a blocking GC Explicit
08-05 01:33:07.330 18776 18787 I art     : Explicit concurrent mark sweep GC freed 18(624B) AllocSpace objects, 0(0B) LOS objects, 40% free, 21MB/36MB, paused 99us total 10.604ms
08-05 01:33:07.336 18776 18787 I art     : Starting a blocking GC Explicit
08-05 01:33:07.346 18776 18787 I art     : Explicit concurrent mark sweep GC freed 3(96B) AllocSpace objects, 0(0B) LOS objects, 40% free, 21MB/36MB, paused 81us total 9.805ms
08-05 01:33:07.352 18776 18787 I art     : Starting a blocking GC Explicit
08-05 01:33:07.362 18776 18787 I art     : Explicit concurrent mark sweep GC freed 3(96B) AllocSpace objects, 0(0B) LOS objects, 40% free, 21MB/36MB, paused 87us total 9.680ms
08-05 01:33:07.368 18776 18787 I art     : Starting a blocking GC Explicit
08-05 01:33:07.378 18776 18787 I art     : Explicit concurrent mark sweep GC freed 3(96B) AllocSpace objects, 0(0B) LOS objects, 40% free, 21MB/36MB, paused 84us total 9.768ms
08-05 01:33:07.641 18776 18788 I art     : Starting a blocking GC Explicit
08-05 01:33:07.654 18776 18788 I art     : Explicit concurrent mark sweep GC freed 1270(74KB) AllocSpace objects, 1(20KB) LOS objects, 40% free, 21MB/36MB, paused 134us total 12.513ms
08-05 01:33:07.660 18776 18788 I art     : Starting a blocking GC Explicit
08-05 01:33:07.671 18776 18788 I art     : Explicit concurrent mark sweep GC freed 18(624B) AllocSpace objects, 0(0B) LOS objects, 40% free, 21MB/36MB, paused 112us total 10.807ms
08-05 01:33:07.678 18776 18788 I art     : Starting a blocking GC Explicit
08-05 01:33:07.689 18776 18788 I art     : Explicit concurrent mark sweep GC freed 3(96B) AllocSpace objects, 0(0B) LOS objects, 40% free, 21MB/36MB, paused 112us total 10.324ms
08-05 01:33:07.695 18776 18788 I art     : Starting a blocking GC Explicit
08-05 01:33:07.706 18776 18788 I art     : Explicit concurrent mark sweep GC freed 3(96B) AllocSpace objects, 0(0B) LOS objects, 40% free, 21MB/36MB, paused 94us total 10.572ms
08-05 01:33:07.712 18776 18788 I art     : Starting a blocking GC Explicit
08-05 01:33:07.722 18776 18788 I art     : Explicit concurrent mark sweep GC freed 3(96B) AllocSpace objects, 0(0B) LOS objects, 40% free, 21MB/36MB, paused 109us total 9.844ms
08-05 01:33:07.985 18776 18787 I art     : Starting a blocking GC Explicit
08-05 01:33:07.999 18776 18787 I art     : Explicit concurrent mark sweep GC freed 1268(74KB) AllocSpace objects, 1(20KB) LOS objects, 40% free, 21MB/36MB, paused 103us total 13.154ms
08-05 01:33:08.010 18776 18787 I art     : Starting a blocking GC Explicit
08-05 01:33:08.021 18776 18787 I art     : Explicit concurrent mark sweep GC freed 18(624B) AllocSpace objects, 0(0B) LOS objects, 40% free, 21MB/36MB, paused 87us total 11.525ms
08-05 01:33:08.027 18776 18787 I art     : Starting a blocking GC Explicit
08-05 01:33:08.037 18776 18787 I art     : Explicit concurrent mark sweep GC freed 3(96B) AllocSpace objects, 0(0B) LOS objects, 40% free, 21MB/36MB, paused 88us total 9.805ms
08-05 01:33:08.043 18776 18787 I art     : Starting a blocking GC Explicit
08-05 01:33:08.053 18776 18787 I art     : Explicit concurrent mark sweep GC freed 3(96B) AllocSpace objects, 0(0B) LOS objects, 40% free, 21MB/36MB, paused 84us total 9.751ms
08-05 01:33:08.058 18776 18787 I art     : Starting a blocking GC Explicit
08-05 01:33:08.068 18776 18787 I art     : Explicit concurrent mark sweep GC freed 3(96B) AllocSpace objects, 0(0B) LOS objects, 40% free, 21MB/36MB, paused 90us total 9.886ms
08-05 01:33:08.354 18776 18788 I art     : Starting a blocking GC Explicit
08-05 01:33:08.370 18776 18788 I art     : Explicit concurrent mark sweep GC freed 1268(74KB) AllocSpace objects, 1(20KB) LOS objects, 40% free, 21MB/36MB, paused 120us total 15.808ms
08-05 01:33:08.379 18776 18788 I art     : Starting a blocking GC Explicit
08-05 01:33:08.390 18776 18788 I art     : Explicit concurrent mark sweep GC freed 18(624B) AllocSpace objects, 0(0B) LOS objects, 40% free, 21MB/36MB, paused 99us total 10.679ms
08-05 01:33:08.396 18776 18788 I art     : Starting a blocking GC Explicit
08-05 01:33:08.407 18776 18788 I art     : Explicit concurrent mark sweep GC freed 3(96B) AllocSpace objects, 0(0B) LOS objects, 40% free, 21MB/36MB, paused 101us total 10.300ms
08-05 01:33:08.413 18776 18788 I art     : Starting a blocking GC Explicit
08-05 01:33:08.423 18776 18788 I art     : Explicit concurrent mark sweep GC freed 3(96B) AllocSpace objects, 0(0B) LOS objects, 40% free, 21MB/36MB, paused 115us total 9.623ms
08-05 01:33:08.429 18776 18788 I art     : Starting a blocking GC Explicit
08-05 01:33:08.439 18776 18788 I art     : Explicit concurrent mark sweep GC freed 3(96B) AllocSpace objects, 0(0B) LOS objects, 40% free, 21MB/36MB, paused 91us total 9.837ms
08-05 01:33:08.716 18776 18787 I art     : Starting a blocking GC Explicit
08-05 01:33:08.731 18776 18787 I art     : Explicit concurrent mark sweep GC freed 1268(74KB) AllocSpace objects, 1(20KB) LOS objects, 40% free, 21MB/36MB, paused 117us total 14.813ms
08-05 01:33:08.740 18776 18787 I art     : Starting a blocking GC Explicit
08-05 01:33:08.751 18776 18787 I art     : Explicit concurrent mark sweep GC freed 18(624B) AllocSpace objects, 0(0B) LOS objects, 40% free, 21MB/36MB, paused 90us total 10.639ms
08-05 01:33:08.757 18776 18787 I art     : Starting a blocking GC Explicit
08-05 01:33:08.767 18776 18787 I art     : Explicit concurrent mark sweep GC freed 3(96B) AllocSpace objects, 0(0B) LOS objects, 40% free, 21MB/36MB, paused 90us total 10.253ms
08-05 01:33:08.774 18776 18787 I art     : Starting a blocking GC Explicit
08-05 01:33:08.784 18776 18787 I art     : Explicit concurrent mark sweep GC freed 3(96B) AllocSpace objects, 0(0B) LOS objects, 40% free, 21MB/36MB, paused 89us total 9.922ms
08-05 01:33:08.790 18776 18787 I art     : Starting a blocking GC Explicit
08-05 01:33:08.800 18776 18787 I art     : Explicit concurrent mark sweep GC freed 3(96B) AllocSpace objects, 0(0B) LOS objects, 40% free, 21MB/36MB, paused 84us total 9.811ms
08-05 01:33:09.100 18776 18788 I art     : Starting a blocking GC Explicit
08-05 01:33:09.116 18776 18788 I art     : Explicit concurrent mark sweep GC freed 1268(74KB) AllocSpace objects, 1(20KB) LOS objects, 40% free, 21MB/36MB, paused 129us total 15.740ms
08-05 01:33:09.127 18776 18788 I art     : Starting a blocking GC Explicit
08-05 01:33:09.140 18776 18788 I art     : Explicit concurrent mark sweep GC freed 18(624B) AllocSpace objects, 0(0B) LOS objects, 40% free, 21MB/36MB, paused 113us total 12.955ms
08-05 01:33:09.149 18776 18788 I art     : Starting a blocking GC Explicit
08-05 01:33:09.160 18776 18788 I art     : Explicit concurrent mark sweep GC freed 3(96B) AllocSpace objects, 0(0B) LOS objects, 40% free, 21MB/36MB, paused 91us total 10.134ms
08-05 01:33:09.165 18776 18788 I art     : Starting a blocking GC Explicit
08-05 01:33:09.175 18776 18788 I art     : Explicit concurrent mark sweep GC freed 3(96B) AllocSpace objects, 0(0B) LOS objects, 40% free, 21MB/36MB, paused 96us total 9.807ms
08-05 01:33:09.181 18776 18788 I art     : Starting a blocking GC Explicit
08-05 01:33:09.191 18776 18788 I art     : Explicit concurrent mark sweep GC freed 3(96B) AllocSpace objects, 0(0B) LOS objects, 40% free, 21MB/36MB, paused 97us total 10.050ms
08-05 01:33:09.497 18776 18787 I art     : Starting a blocking GC Explicit
08-05 01:33:09.512 18776 18787 I art     : Explicit concurrent mark sweep GC freed 1268(74KB) AllocSpace objects, 1(20KB) LOS objects, 40% free, 21MB/36MB, paused 127us total 14.926ms
08-05 01:33:09.521 18776 18787 I art     : Starting a blocking GC Explicit
08-05 01:33:09.532 18776 18787 I art     : Explicit concurrent mark sweep GC freed 18(624B) AllocSpace objects, 0(0B) LOS objects, 40% free, 21MB/36MB, paused 97us total 10.735ms
08-05 01:33:09.539 18776 18787 I art     : Starting a blocking GC Explicit
08-05 01:33:09.549 18776 18787 I art     : Explicit concurrent mark sweep GC freed 3(96B) AllocSpace objects, 0(0B) LOS objects, 40% free, 21MB/36MB, paused 89us total 10.188ms
08-05 01:33:09.555 18776 18787 I art     : Starting a blocking GC Explicit
08-05 01:33:09.565 18776 18787 I art     : Explicit concurrent mark sweep GC freed 3(96B) AllocSpace objects, 0(0B) LOS objects, 40% free, 21MB/36MB, paused 88us total 9.801ms
08-05 01:33:09.570 18776 18787 I art     : Starting a blocking GC Explicit
08-05 01:33:09.581 18776 18787 I art     : Explicit concurrent mark sweep GC freed 3(96B) AllocSpace objects, 0(0B) LOS objects, 40% free, 21MB/36MB, paused 89us total 9.897ms
08-05 01:33:09.876 18776 18788 I art     : Starting a blocking GC Explicit
08-05 01:33:09.892 18776 18788 I art     : Explicit concurrent mark sweep GC freed 1268(74KB) AllocSpace objects, 1(20KB) LOS objects, 40% free, 21MB/36MB, paused 125us total 14.984ms
08-05 01:33:09.901 18776 18788 I art     : Starting a blocking GC Explicit
08-05 01:33:09.912 18776 18788 I art     : Explicit concurrent mark sweep GC freed 18(624B) AllocSpace objects, 0(0B) LOS objects, 40% free, 21MB/36MB, paused 104us total 10.544ms
08-05 01:33:09.918 18776 18788 I art     : Starting a blocking GC Explicit
08-05 01:33:09.928 18776 18788 I art     : Explicit concurrent mark sweep GC freed 3(96B) AllocSpace objects, 0(0B) LOS objects, 40% free, 21MB/36MB, paused 100us total 9.800ms
08-05 01:33:09.935 18776 18788 I art     : Starting a blocking GC Explicit
08-05 01:33:09.945 18776 18788 I art     : Explicit concurrent mark sweep GC freed 3(96B) AllocSpace objects, 0(0B) LOS objects, 40% free, 21MB/36MB, paused 94us total 9.802ms
08-05 01:33:09.950 18776 18788 I art     : Starting a blocking GC Explicit
08-05 01:33:09.960 18776 18788 I art     : Explicit concurrent mark sweep GC freed 3(96B) AllocSpace objects, 0(0B) LOS objects, 40% free, 21MB/36MB, paused 94us total 9.746ms
08-05 01:33:10.275 18776 18787 I art     : Starting a blocking GC Explicit
08-05 01:33:10.288 18776 18787 I art     : Explicit concurrent mark sweep GC freed 1268(74KB) AllocSpace objects, 1(20KB) LOS objects, 40% free, 21MB/36MB, paused 98us total 12.166ms
08-05 01:33:10.294 18776 18787 I art     : Starting a blocking GC Explicit
08-05 01:33:10.304 18776 18787 I art     : Explicit concurrent mark sweep GC freed 18(624B) AllocSpace objects, 0(0B) LOS objects, 40% free, 21MB/36MB, paused 99us total 10.447ms
08-05 01:33:10.310 18776 18787 I art     : Starting a blocking GC Explicit
08-05 01:33:10.319 18776 18787 I art     : Explicit concurrent mark sweep GC freed 3(96B) AllocSpace objects, 0(0B) LOS objects, 40% free, 21MB/36MB, paused 83us total 8.838ms
08-05 01:33:10.324 18776 18787 I art     : Starting a blocking GC Explicit
08-05 01:33:10.333 18776 18787 I art     : Explicit concurrent mark sweep GC freed 3(96B) AllocSpace objects, 0(0B) LOS objects, 40% free, 21MB/36MB, paused 78us total 8.370ms
08-05 01:33:10.338 18776 18787 I art     : Starting a blocking GC Explicit
08-05 01:33:10.346 18776 18787 I art     : Explicit concurrent mark sweep GC freed 3(96B) AllocSpace objects, 0(0B) LOS objects, 40% free, 21MB/36MB, paused 79us total 8.368ms
08-05 01:33:10.604 18776 18788 I art     : Starting a blocking GC Explicit
08-05 01:33:10.619 18776 18788 I art     : Explicit concurrent mark sweep GC freed 1268(74KB) AllocSpace objects, 1(20KB) LOS objects, 40% free, 21MB/36MB, paused 121us total 14.832ms
08-05 01:33:10.628 18776 18788 I art     : Starting a blocking GC Explicit
08-05 01:33:10.639 18776 18788 I art     : Explicit concurrent mark sweep GC freed 18(624B) AllocSpace objects, 0(0B) LOS objects, 40% free, 21MB/36MB, paused 97us total 10.545ms
08-05 01:33:10.645 18776 18788 I art     : Starting a blocking GC Explicit
08-05 01:33:10.656 18776 18788 I art     : Explicit concurrent mark sweep GC freed 3(96B) AllocSpace objects, 0(0B) LOS objects, 40% free, 21MB/36MB, paused 97us total 10.196ms
08-05 01:33:10.662 18776 18788 I art     : Starting a blocking GC Explicit
08-05 01:33:10.672 18776 18788 I art     : Explicit concurrent mark sweep GC freed 3(96B) AllocSpace objects, 0(0B) LOS objects, 40% free, 21MB/36MB, paused 98us total 9.926ms
08-05 01:33:10.678 18776 18788 I art     : Starting a blocking GC Explicit
08-05 01:33:10.688 18776 18788 I art     : Explicit concurrent mark sweep GC freed 3(96B) AllocSpace objects, 0(0B) LOS objects, 40% free, 21MB/36MB, paused 93us total 9.861ms
08-05 01:33:10.966 18776 18787 I art     : Starting a blocking GC Explicit
08-05 01:33:10.978 18776 18787 I art     : Explicit concurrent mark sweep GC freed 1268(74KB) AllocSpace objects, 1(20KB) LOS objects, 40% free, 21MB/36MB, paused 96us total 12.542ms
08-05 01:33:10.985 18776 18787 I art     : Starting a blocking GC Explicit
08-05 01:33:10.995 18776 18787 I art     : Explicit concurrent mark sweep GC freed 18(624B) AllocSpace objects, 0(0B) LOS objects, 40% free, 21MB/36MB, paused 90us total 10.254ms
08-05 01:33:11.001 18776 18787 I art     : Starting a blocking GC Explicit
08-05 01:33:11.012 18776 18787 I art     : Explicit concurrent mark sweep GC freed 3(96B) AllocSpace objects, 0(0B) LOS objects, 40% free, 21MB/36MB, paused 93us total 10.274ms
08-05 01:33:11.018 18776 18787 I art     : Starting a blocking GC Explicit
08-05 01:33:11.028 18776 18787 I art     : Explicit concurrent mark sweep GC freed 3(96B) AllocSpace objects, 0(0B) LOS objects, 40% free, 21MB/36MB, paused 91us total 9.739ms
08-05 01:33:11.034 18776 18787 I art     : Starting a blocking GC Explicit
08-05 01:33:11.044 18776 18787 I art     : Explicit concurrent mark sweep GC freed 3(96B) AllocSpace objects, 0(0B) LOS objects, 40% free, 21MB/36MB, paused 94us total 9.854ms
08-05 01:33:11.294 18776 18788 I art     : Starting a blocking GC Explicit
08-05 01:33:11.305 18776 18788 I art     : Explicit concurrent mark sweep GC freed 1268(74KB) AllocSpace objects, 1(20KB) LOS objects, 40% free, 21MB/36MB, paused 116us total 11.300ms
08-05 01:33:11.311 18776 18788 I art     : Starting a blocking GC Explicit
08-05 01:33:11.322 18776 18788 I art     : Explicit concurrent mark sweep GC freed 18(624B) AllocSpace objects, 0(0B) LOS objects, 40% free, 21MB/36MB, paused 105us total 10.488ms
08-05 01:33:11.328 18776 18788 I art     : Starting a blocking GC Explicit
08-05 01:33:11.338 18776 18788 I art     : Explicit concurrent mark sweep GC freed 3(96B) AllocSpace objects, 0(0B) LOS objects, 40% free, 21MB/36MB, paused 100us total 9.548ms
08-05 01:33:11.343 18776 18788 I art     : Starting a blocking GC Explicit
08-05 01:33:11.353 18776 18788 I art     : Explicit concurrent mark sweep GC freed 3(96B) AllocSpace objects, 0(0B) LOS objects, 40% free, 21MB/36MB, paused 95us total 9.448ms
08-05 01:33:11.358 18776 18788 I art     : Starting a blocking GC Explicit
08-05 01:33:11.368 18776 18788 I art     : Explicit concurrent mark sweep GC freed 3(96B) AllocSpace objects, 0(0B) LOS objects, 40% free, 21MB/36MB, paused 90us total 9.067ms
08-05 01:33:11.584 18964 18964 D AndroidRuntime: >>>>>> START com.android.internal.os.RuntimeInit uid 2000 <<<<<<
08-05 01:33:11.588 18964 18964 D AndroidRuntime: CheckJNI is OFF
08-05 01:33:11.613 18964 18964 D ICU     : No timezone override file found: /data/misc/zoneinfo/current/icu/icu_tzdata.dat
08-05 01:33:11.635 18776 18787 I art     : Starting a blocking GC Explicit
08-05 01:33:11.638 18964 18964 I Radio-JNI: register_android_hardware_Radio DONE
08-05 01:33:11.646 18776 18787 I art     : Explicit concurrent mark sweep GC freed 1268(74KB) AllocSpace objects, 1(20KB) LOS objects, 40% free, 21MB/36MB, paused 92us total 9.989ms
08-05 01:33:11.651 18776 18787 I art     : Starting a blocking GC Explicit
08-05 01:33:11.655 18964 18964 D AndroidRuntime: Calling main entry com.android.commands.input.Input
08-05 01:33:11.656 18964 18964 I Input   : injectMotionEvent: MotionEvent { action=ACTION_DOWN, actionButton=0, id[0]=0, x[0]=711.0, y[0]=1664.0, toolType[0]=TOOL_TYPE_UNKNOWN, buttonState=0, metaState=0, flags=0x0, edgeFlags=0x0, pointerCount=1, historySize=0, eventTime=754408069, downTime=754408069, deviceId=0, source=0x1002 }
08-05 01:33:11.661 18776 18787 I art     : Explicit concurrent mark sweep GC freed 42(1456B) AllocSpace objects, 0(0B) LOS objects, 40% free, 21MB/36MB, paused 86us total 9.821ms
08-05 01:33:11.663 18964 18964 I Input   : injectMotionEvent: MotionEvent { action=ACTION_UP, actionButton=0, id[0]=0, x[0]=711.0, y[0]=1664.0, toolType[0]=TOOL_TYPE_UNKNOWN, buttonState=0, metaState=0, flags=0x0, edgeFlags=0x0, pointerCount=1, historySize=0, eventTime=754408069, downTime=754408069, deviceId=0, source=0x1002 }
08-05 01:33:11.664 18964 18964 D AndroidRuntime: Shutting down VM
08-05 01:33:11.667 18776 18787 I art     : Starting a blocking GC Explicit
08-05 01:33:11.674   918   928 I ActivityManager: START u0 {flg=0x14000000 cmp=baseline.com.ak.uobtimetable/.CourseListActivity} from uid 10684 on display 0
08-05 01:33:11.674   512  2967 D audio_hw_primary: out_set_parameters: enter: usecase(1: low-latency-playback) kvpairs: routing=2
08-05 01:33:11.679 18776 18787 I art     : Explicit concurrent mark sweep GC freed 26(4KB) AllocSpace objects, 0(0B) LOS objects, 40% free, 21MB/36MB, paused 297us total 11.877ms
08-05 01:33:11.685 18776 18787 I art     : Starting a blocking GC Explicit
08-05 01:33:11.687   512  2967 D audio_hw_primary: select_devices: out_snd_device(2: speaker) in_snd_device(0: none)
08-05 01:33:11.687   512  2967 D msm8974_platform: platform_send_audio_calibration: sending audio calibration for snd_device(2) acdb_id(15)
08-05 01:33:11.687   512  2967 I soundtrigger: audio_extn_sound_trigger_update_device_status: device 0x2 of type 0 for Event 1
08-05 01:33:11.696 18776 18787 I art     : Explicit concurrent mark sweep GC freed 522(34KB) AllocSpace objects, 0(0B) LOS objects, 40% free, 21MB/36MB, paused 207us total 11.284ms
08-05 01:33:11.698   512  2967 D audio_hw_primary: enable_snd_device: snd_device(2: speaker)
08-05 01:33:11.700   512  2967 D audio_hw_primary: enable_audio_route: apply and update mixer path: low-latency-playback speaker
08-05 01:33:11.702 18776 18787 I art     : Starting a blocking GC Explicit
08-05 01:33:11.711 18776 18776 D CourseListActivity: onCreate
08-05 01:33:11.715 18776 18787 I art     : Explicit concurrent mark sweep GC freed 1566(117KB) AllocSpace objects, 0(0B) LOS objects, 40% free, 21MB/36MB, paused 549us total 12.294ms
08-05 01:33:11.736 18776 18989 D HTTP    : Request for: https://uob-timetable-api.adriankeenan.co.uk/courses
08-05 01:33:11.800   918   936 I ActivityManager: Displayed baseline.com.ak.uobtimetable/.CourseListActivity: +118ms
08-05 01:33:11.800 13866 13866 I GoogleInputMethodServic: GoogleInputMethodService.onFinishInput():3138 
08-05 01:33:11.802 13866 13866 I GoogleInputMethodServic: GoogleInputMethodService.onStartInput():1808 
08-05 01:33:11.818 18776 18792 D OpenGLRenderer: endAllStagingAnimators on 0x7f949ba800 (RippleDrawable) with handle 0x7f9a1d0a80
08-05 01:33:11.923 18776 18787 I art     : Starting a blocking GC Explicit
08-05 01:33:11.938 18776 18787 I art     : Explicit concurrent mark sweep GC freed 3172(253KB) AllocSpace objects, 1(20KB) LOS objects, 40% free, 22MB/37MB, paused 158us total 14.897ms
08-05 01:33:11.946 18776 18787 I art     : Starting a blocking GC Explicit
08-05 01:33:11.960 18776 18787 I art     : Explicit concurrent mark sweep GC freed 77(3040B) AllocSpace objects, 0(0B) LOS objects, 40% free, 22MB/37MB, paused 157us total 13.544ms
08-05 01:33:11.968 18776 18787 I art     : Starting a blocking GC Explicit
08-05 01:33:11.979 18776 18787 I art     : Explicit concurrent mark sweep GC freed 4(128B) AllocSpace objects, 0(0B) LOS objects, 40% free, 22MB/37MB, paused 128us total 10.914ms
08-05 01:33:11.985 18776 18787 I art     : Starting a blocking GC Explicit
08-05 01:33:11.997 18776 18787 I art     : Explicit concurrent mark sweep GC freed 4(128B) AllocSpace objects, 0(0B) LOS objects, 40% free, 22MB/37MB, paused 200us total 10.972ms
08-05 01:33:12.003 18776 18787 I art     : Starting a blocking GC Explicit
08-05 01:33:12.015 18776 18787 I art     : Explicit concurrent mark sweep GC freed 4(128B) AllocSpace objects, 0(0B) LOS objects, 40% free, 22MB/37MB, paused 127us total 11.112ms
08-05 01:33:12.173 18776 18989 I NAPPA_EXPERIMENTATION: MetricNetworkRequestExecutionTime: REQUEST_DURATION_SYSTEM='434',REQUEST_DURATION_OKHTTP='39',REQUEST_SYNCHRONOUS='TRUE',RESPONSE_CODE='200',RESPONSE_METHOD='GET',RESPONSE_LENGTH_OKHTTP='-1',RESPONSE_LENGTH_HEADER='-2',REQUEST_PROTOCOL='http/1.1',REQUEST_URL='https://uob-timetable-api.adriankeenan.co.uk/courses',
08-05 01:33:12.238   512  2967 D audio_hw_primary: disable_audio_route: reset and update mixer path: low-latency-playback speaker
08-05 01:33:12.239   512  2967 D audio_hw_primary: disable_snd_device: snd_device(2: speaker)
08-05 01:33:12.248   512  2967 I soundtrigger: audio_extn_sound_trigger_update_device_status: device 0x2 of type 0 for Event 0
08-05 01:33:12.257 18776 18787 I art     : Starting a blocking GC Explicit
08-05 01:33:12.268   918  1210 D NetlinkSocketObserver: NeighborEvent{elapsedMs=1737796141, 192.168.2.254, [7C3953A63323], RTM_NEWNEIGH, NUD_STALE}
08-05 01:33:12.272 18776 18787 I art     : Explicit concurrent mark sweep GC freed 4168(266KB) AllocSpace objects, 4(220KB) LOS objects, 35% free, 29MB/45MB, paused 562us total 14.436ms
08-05 01:33:12.279 18776 18787 I art     : Starting a blocking GC Explicit
08-05 01:33:12.290 18776 18787 I art     : Explicit concurrent mark sweep GC freed 1032(119KB) AllocSpace objects, 0(0B) LOS objects, 34% free, 30MB/46MB, paused 150us total 11.312ms
08-05 01:33:12.296 18776 18787 I art     : Starting a blocking GC Explicit
08-05 01:33:12.308 18776 18787 I art     : Explicit concurrent mark sweep GC freed 20(640B) AllocSpace objects, 0(0B) LOS objects, 33% free, 32MB/48MB, paused 144us total 11.473ms
08-05 01:33:12.313 18776 18787 I art     : Starting a blocking GC Explicit
08-05 01:33:12.324 18776 18787 I art     : Explicit concurrent mark sweep GC freed 18(592B) AllocSpace objects, 0(0B) LOS objects, 32% free, 33MB/49MB, paused 138us total 10.798ms
08-05 01:33:12.330 18776 18787 I art     : Starting a blocking GC Explicit
08-05 01:33:12.343 18776 18787 I art     : Explicit concurrent mark sweep GC freed 1928(11MB) AllocSpace objects, 0(0B) LOS objects, 26% free, 44MB/60MB, paused 140us total 12.853ms
08-05 01:33:12.530 18776 18989 I HTTP    : Response was compressed.
08-05 01:33:12.596 18776 18987 I art     : Waiting for a blocking GC Explicit
08-05 01:33:12.612 18776 18987 I art     : WaitForGcToComplete blocked for 16.015ms for cause Explicit
08-05 01:33:12.612 18776 18987 I art     : Starting a blocking GC Explicit
08-05 01:33:12.632 18776 18987 I art     : Explicit concurrent mark sweep GC freed 14660(686KB) AllocSpace objects, 0(0B) LOS objects, 29% free, 37MB/53MB, paused 257us total 20.461ms
08-05 01:33:12.640 18776 18987 I art     : Starting a blocking GC Explicit
08-05 01:33:12.655 18776 18987 I art     : Explicit concurrent mark sweep GC freed 11956(573KB) AllocSpace objects, 0(0B) LOS objects, 29% free, 37MB/53MB, paused 243us total 14.720ms
08-05 01:33:12.662 18776 18987 I art     : Starting a blocking GC Explicit
08-05 01:33:12.675 18776 18987 I art     : Explicit concurrent mark sweep GC freed 10534(510KB) AllocSpace objects, 0(0B) LOS objects, 29% free, 38MB/54MB, paused 195us total 13.509ms
08-05 01:33:12.681 18776 18987 I art     : Starting a blocking GC Explicit
08-05 01:33:12.693 18776 18987 I art     : Explicit concurrent mark sweep GC freed 10051(465KB) AllocSpace objects, 0(0B) LOS objects, 29% free, 38MB/54MB, paused 191us total 12.126ms
08-05 01:33:12.699 18776 18987 I art     : Starting a blocking GC Explicit
08-05 01:33:12.712 18776 18987 I art     : Explicit concurrent mark sweep GC freed 10048(472KB) AllocSpace objects, 0(0B) LOS objects, 29% free, 38MB/54MB, paused 231us total 12.899ms
08-05 01:33:12.971 18776 18987 I art     : Starting a blocking GC Explicit
08-05 01:33:13.000 18776 18987 I art     : Explicit concurrent mark sweep GC freed 153048(7MB) AllocSpace objects, 1(20KB) LOS objects, 28% free, 39MB/55MB, paused 332us total 28.990ms
08-05 01:33:13.009 18776 18987 I art     : Starting a blocking GC Explicit
08-05 01:33:13.026 18776 18987 I art     : Explicit concurrent mark sweep GC freed 18759(876KB) AllocSpace objects, 0(0B) LOS objects, 28% free, 39MB/55MB, paused 245us total 17.118ms
08-05 01:33:13.034 18776 18987 I art     : Starting a blocking GC Explicit
08-05 01:33:13.049 18776 18987 I art     : Explicit concurrent mark sweep GC freed 12765(602KB) AllocSpace objects, 0(0B) LOS objects, 28% free, 39MB/55MB, paused 237us total 15.567ms
08-05 01:33:13.056 18776 18987 I art     : Starting a blocking GC Explicit
08-05 01:33:13.072 18776 18987 I art     : Explicit concurrent mark sweep GC freed 11913(560KB) AllocSpace objects, 0(0B) LOS objects, 28% free, 39MB/55MB, paused 249us total 15.214ms
08-05 01:33:13.079 18776 18987 I art     : Starting a blocking GC Explicit
08-05 01:33:13.094 18776 18987 I art     : Explicit concurrent mark sweep GC freed 12204(588KB) AllocSpace objects, 0(0B) LOS objects, 28% free, 39MB/55MB, paused 261us total 15.348ms
08-05 01:33:13.358 18776 18787 I art     : Starting a blocking GC Explicit
08-05 01:33:13.392 18776 18787 I art     : Explicit concurrent mark sweep GC freed 155782(7MB) AllocSpace objects, 1(20KB) LOS objects, 28% free, 41MB/57MB, paused 311us total 33.527ms
08-05 01:33:13.401 18776 18787 I art     : Starting a blocking GC Explicit
08-05 01:33:13.420 18776 18787 I art     : Explicit concurrent mark sweep GC freed 19127(897KB) AllocSpace objects, 0(0B) LOS objects, 28% free, 41MB/57MB, paused 405us total 19.198ms
08-05 01:33:13.429 18776 18787 I art     : Starting a blocking GC Explicit
08-05 01:33:13.447 18776 18787 I art     : Explicit concurrent mark sweep GC freed 13634(641KB) AllocSpace objects, 0(0B) LOS objects, 28% free, 41MB/57MB, paused 300us total 17.605ms
08-05 01:33:13.455 18776 18787 I art     : Starting a blocking GC Explicit
08-05 01:33:13.474 18776 18787 I art     : Explicit concurrent mark sweep GC freed 14080(659KB) AllocSpace objects, 0(0B) LOS objects, 27% free, 41MB/57MB, paused 354us total 18.798ms
08-05 01:33:13.482 18776 18787 I art     : Starting a blocking GC Explicit
08-05 01:33:13.501 18776 18787 I art     : Explicit concurrent mark sweep GC freed 14668(684KB) AllocSpace objects, 0(0B) LOS objects, 27% free, 41MB/57MB, paused 303us total 18.576ms
08-05 01:33:13.773 18776 18787 I art     : Starting a blocking GC Explicit
08-05 01:33:13.814 18776 18787 I art     : Explicit concurrent mark sweep GC freed 162645(7MB) AllocSpace objects, 1(20KB) LOS objects, 27% free, 42MB/58MB, paused 388us total 40.757ms
08-05 01:33:13.824 18776 18787 I art     : Starting a blocking GC Explicit
08-05 01:33:13.846 18776 18787 I art     : Explicit concurrent mark sweep GC freed 22745(1069KB) AllocSpace objects, 0(0B) LOS objects, 27% free, 42MB/58MB, paused 343us total 21.836ms
08-05 01:33:13.855 18776 18787 I art     : Starting a blocking GC Explicit
08-05 01:33:13.877 18776 18787 I art     : Explicit concurrent mark sweep GC freed 17074(792KB) AllocSpace objects, 0(0B) LOS objects, 27% free, 42MB/58MB, paused 359us total 21.353ms
08-05 01:33:13.885 18776 18787 I art     : Starting a blocking GC Explicit
08-05 01:33:13.907 18776 18787 I art     : Explicit concurrent mark sweep GC freed 16662(786KB) AllocSpace objects, 0(0B) LOS objects, 27% free, 42MB/58MB, paused 367us total 21.364ms
08-05 01:33:13.917 18776 18787 I art     : Starting a blocking GC Explicit
08-05 01:33:13.939 18776 18787 I art     : Explicit concurrent mark sweep GC freed 17201(806KB) AllocSpace objects, 0(0B) LOS objects, 27% free, 43MB/59MB, paused 368us total 22.129ms
08-05 01:33:14.213 18776 18788 I art     : Starting a blocking GC Explicit
08-05 01:33:14.257 18776 18788 I art     : Explicit concurrent mark sweep GC freed 165722(7MB) AllocSpace objects, 1(20KB) LOS objects, 26% free, 44MB/60MB, paused 462us total 43.695ms
08-05 01:33:14.267 18776 18788 I art     : Starting a blocking GC Explicit
08-05 01:33:14.292 18776 18788 I art     : Explicit concurrent mark sweep GC freed 24046(1126KB) AllocSpace objects, 0(0B) LOS objects, 26% free, 44MB/60MB, paused 396us total 24.335ms
08-05 01:33:14.301 18776 18788 I art     : Starting a blocking GC Explicit
08-05 01:33:14.326 18776 18788 I art     : Explicit concurrent mark sweep GC freed 18949(888KB) AllocSpace objects, 0(0B) LOS objects, 26% free, 44MB/60MB, paused 424us total 24.415ms
08-05 01:33:14.335 18776 18788 I art     : Starting a blocking GC Explicit
08-05 01:33:14.361 18776 18788 I art     : Explicit concurrent mark sweep GC freed 18662(894KB) AllocSpace objects, 0(0B) LOS objects, 26% free, 44MB/60MB, paused 478us total 25.449ms
08-05 01:33:14.371 18776 18788 I art     : Starting a blocking GC Explicit
08-05 01:33:14.397 18776 18788 I art     : Explicit concurrent mark sweep GC freed 19223(946KB) AllocSpace objects, 0(0B) LOS objects, 26% free, 44MB/60MB, paused 481us total 25.759ms
08-05 01:33:14.659 18776 18987 I art     : Starting a blocking GC Explicit
08-05 01:33:14.705 18776 18987 I art     : Explicit concurrent mark sweep GC freed 160605(7MB) AllocSpace objects, 1(20KB) LOS objects, 25% free, 46MB/62MB, paused 475us total 45.688ms
08-05 01:33:14.717 18776 18987 I art     : Starting a blocking GC Explicit
08-05 01:33:14.745 18776 18987 I art     : Explicit concurrent mark sweep GC freed 26305(1225KB) AllocSpace objects, 0(0B) LOS objects, 25% free, 46MB/62MB, paused 464us total 27.650ms
08-05 01:33:14.755 18776 18987 I art     : Starting a blocking GC Explicit
08-05 01:33:14.783 18776 18987 I art     : Explicit concurrent mark sweep GC freed 21293(994KB) AllocSpace objects, 0(0B) LOS objects, 25% free, 46MB/62MB, paused 485us total 27.683ms
08-05 01:33:14.793 18776 18987 I art     : Starting a blocking GC Explicit
08-05 01:33:14.823 18776 18987 I art     : Explicit concurrent mark sweep GC freed 21659(1013KB) AllocSpace objects, 0(0B) LOS objects, 25% free, 46MB/62MB, paused 610us total 29.622ms
08-05 01:33:14.834 18776 18987 I art     : Starting a blocking GC Explicit
08-05 01:33:14.864 18776 18987 I art     : Explicit concurrent mark sweep GC freed 21828(1017KB) AllocSpace objects, 0(0B) LOS objects, 25% free, 46MB/62MB, paused 487us total 29.636ms
08-05 01:33:15.131 18776 18787 I art     : Starting a blocking GC Explicit
08-05 01:33:15.182 18776 18787 I art     : Explicit concurrent mark sweep GC freed 166431(7MB) AllocSpace objects, 1(20KB) LOS objects, 24% free, 48MB/64MB, paused 586us total 50.326ms
08-05 01:33:15.195 18776 18787 I art     : Starting a blocking GC Explicit
08-05 01:33:15.227 18776 18787 I art     : Explicit concurrent mark sweep GC freed 28277(1335KB) AllocSpace objects, 0(0B) LOS objects, 24% free, 48MB/64MB, paused 569us total 31.641ms
08-05 01:33:15.238 18776 18787 I art     : Starting a blocking GC Explicit
08-05 01:33:15.271 18776 18787 I art     : Explicit concurrent mark sweep GC freed 23694(1109KB) AllocSpace objects, 0(0B) LOS objects, 24% free, 48MB/64MB, paused 1.096ms total 32.520ms
08-05 01:33:15.282 18776 18787 I art     : Starting a blocking GC Explicit
08-05 01:33:15.314 18776 18787 I art     : Explicit concurrent mark sweep GC freed 23270(1148KB) AllocSpace objects, 0(0B) LOS objects, 24% free, 48MB/64MB, paused 560us total 32.172ms
08-05 01:33:15.318 18776 18989 I Service : getCourses response time: 0.69
08-05 01:33:15.322 18776 18776 I SettingsManager: Getting string: savedCourse
08-05 01:33:15.325 18776 18787 I art     : Starting a blocking GC Explicit
08-05 01:33:15.357 18776 18787 I art     : Explicit concurrent mark sweep GC freed 4097(190KB) AllocSpace objects, 1(14MB) LOS objects, 32% free, 33MB/49MB, paused 303us total 31.916ms
08-05 01:33:15.617 18776 18787 I art     : Starting a blocking GC Explicit
08-05 01:33:15.657 18776 18787 I art     : Explicit concurrent mark sweep GC freed 1695(90KB) AllocSpace objects, 1(20KB) LOS objects, 32% free, 33MB/49MB, paused 153us total 39.510ms
08-05 01:33:15.670 18776 18787 I art     : Starting a blocking GC Explicit
08-05 01:33:15.706 18776 18787 I art     : Explicit concurrent mark sweep GC freed 63(2576B) AllocSpace objects, 0(0B) LOS objects, 32% free, 33MB/49MB, paused 154us total 35.434ms
08-05 01:33:15.719 18776 18787 I art     : Starting a blocking GC Explicit
08-05 01:33:15.755 18776 18787 I art     : Explicit concurrent mark sweep GC freed 3(96B) AllocSpace objects, 0(0B) LOS objects, 32% free, 33MB/49MB, paused 143us total 35.655ms
08-05 01:33:15.768 18776 18787 I art     : Starting a blocking GC Explicit
08-05 01:33:15.803 18776 18787 I art     : Explicit concurrent mark sweep GC freed 3(96B) AllocSpace objects, 0(0B) LOS objects, 32% free, 33MB/49MB, paused 137us total 34.585ms
08-05 01:33:15.816 18776 18787 I art     : Starting a blocking GC Explicit
08-05 01:33:15.850 18776 18787 I art     : Explicit concurrent mark sweep GC freed 3(96B) AllocSpace objects, 0(0B) LOS objects, 32% free, 33MB/49MB, paused 134us total 34.738ms
08-05 01:33:16.126 18776 18788 I art     : Starting a blocking GC Explicit
08-05 01:33:16.172 18776 18788 I art     : Explicit concurrent mark sweep GC freed 1274(74KB) AllocSpace objects, 1(20KB) LOS objects, 32% free, 33MB/49MB, paused 169us total 45.418ms
08-05 01:33:16.188 18776 18788 I art     : Starting a blocking GC Explicit
08-05 01:33:16.225 18776 18788 I art     : Explicit concurrent mark sweep GC freed 18(640B) AllocSpace objects, 0(0B) LOS objects, 32% free, 33MB/49MB, paused 139us total 37.259ms
08-05 01:33:16.238 18776 18788 I art     : Starting a blocking GC Explicit
08-05 01:33:16.274 18776 18788 I art     : Explicit concurrent mark sweep GC freed 3(96B) AllocSpace objects, 0(0B) LOS objects, 32% free, 33MB/49MB, paused 143us total 35.932ms
08-05 01:33:16.287 18776 18788 I art     : Starting a blocking GC Explicit
08-05 01:33:16.324 18776 18788 I art     : Explicit concurrent mark sweep GC freed 3(96B) AllocSpace objects, 0(0B) LOS objects, 32% free, 33MB/49MB, paused 139us total 35.948ms
08-05 01:33:16.336 18776 18788 I art     : Starting a blocking GC Explicit
08-05 01:33:16.372 18776 18788 I art     : Explicit concurrent mark sweep GC freed 3(96B) AllocSpace objects, 0(0B) LOS objects, 32% free, 33MB/49MB, paused 163us total 35.800ms
08-05 01:33:16.682 18776 18987 I art     : Starting a blocking GC Explicit
08-05 01:33:16.736 18776 18987 I art     : Explicit concurrent mark sweep GC freed 1274(74KB) AllocSpace objects, 1(20KB) LOS objects, 32% free, 33MB/49MB, paused 154us total 54.039ms
08-05 01:33:16.750 18776 18987 I art     : Starting a blocking GC Explicit
08-05 01:33:16.783 18776 18987 I art     : Explicit concurrent mark sweep GC freed 18(624B) AllocSpace objects, 0(0B) LOS objects, 32% free, 33MB/49MB, paused 138us total 32.290ms
08-05 01:33:16.794 18776 18987 I art     : Starting a blocking GC Explicit
08-05 01:33:16.830 18776 18987 I art     : Explicit concurrent mark sweep GC freed 3(96B) AllocSpace objects, 0(0B) LOS objects, 32% free, 33MB/49MB, paused 144us total 35.197ms
08-05 01:33:16.842 18776 18987 I art     : Starting a blocking GC Explicit
08-05 01:33:16.877 18776 18987 I art     : Explicit concurrent mark sweep GC freed 3(96B) AllocSpace objects, 0(0B) LOS objects, 32% free, 33MB/49MB, paused 141us total 34.779ms
08-05 01:33:16.890 18776 18987 I art     : Starting a blocking GC Explicit
08-05 01:33:16.926 18776 18987 I art     : Explicit concurrent mark sweep GC freed 3(96B) AllocSpace objects, 0(0B) LOS objects, 32% free, 33MB/49MB, paused 138us total 36.256ms
08-05 01:33:17.215 18776 18788 I art     : Starting a blocking GC Explicit
08-05 01:33:17.264 18776 18788 I art     : Explicit concurrent mark sweep GC freed 1275(74KB) AllocSpace objects, 1(20KB) LOS objects, 32% free, 33MB/49MB, paused 152us total 48.272ms
08-05 01:33:17.278 18776 18788 I art     : Starting a blocking GC Explicit
08-05 01:33:17.309 18776 18788 I art     : Explicit concurrent mark sweep GC freed 20(720B) AllocSpace objects, 0(0B) LOS objects, 32% free, 33MB/49MB, paused 138us total 30.593ms
08-05 01:33:17.320 18776 18788 I art     : Starting a blocking GC Explicit
08-05 01:33:17.355 18776 18788 I art     : Explicit concurrent mark sweep GC freed 3(96B) AllocSpace objects, 0(0B) LOS objects, 32% free, 33MB/49MB, paused 140us total 34.177ms
08-05 01:33:17.367 18776 18788 I art     : Starting a blocking GC Explicit
08-05 01:33:17.403 18776 18788 I art     : Explicit concurrent mark sweep GC freed 3(96B) AllocSpace objects, 0(0B) LOS objects, 32% free, 33MB/49MB, paused 148us total 35.771ms
08-05 01:33:17.416 18776 18788 I art     : Starting a blocking GC Explicit
08-05 01:33:17.452 18776 18788 I art     : Explicit concurrent mark sweep GC freed 3(96B) AllocSpace objects, 0(0B) LOS objects, 32% free, 33MB/49MB, paused 141us total 35.369ms
08-05 01:33:17.769 18776 18987 I art     : Starting a blocking GC Explicit
08-05 01:33:17.783   918  3261 D WifiStateMachine: starting scan for "H369AA63323"WPA_PSK with 2412,5180
08-05 01:33:17.820 18776 18987 I art     : Explicit concurrent mark sweep GC freed 1274(74KB) AllocSpace objects, 1(20KB) LOS objects, 32% free, 33MB/49MB, paused 150us total 50.353ms
08-05 01:33:17.834 18776 18987 I art     : Starting a blocking GC Explicit
08-05 01:33:17.870 18776 18987 I art     : Explicit concurrent mark sweep GC freed 18(624B) AllocSpace objects, 0(0B) LOS objects, 32% free, 33MB/49MB, paused 138us total 35.136ms
08-05 01:33:17.882 18776 18987 I art     : Starting a blocking GC Explicit
08-05 01:33:17.916 18776 18987 I art     : Explicit concurrent mark sweep GC freed 3(96B) AllocSpace objects, 0(0B) LOS objects, 32% free, 33MB/49MB, paused 140us total 34.124ms
08-05 01:33:17.929 18776 18987 I art     : Starting a blocking GC Explicit
08-05 01:33:17.961 18776 18987 I art     : Explicit concurrent mark sweep GC freed 3(96B) AllocSpace objects, 0(0B) LOS objects, 32% free, 33MB/49MB, paused 150us total 31.959ms
08-05 01:33:17.973 18776 18987 I art     : Starting a blocking GC Explicit
08-05 01:33:18.004 18776 18987 I art     : Explicit concurrent mark sweep GC freed 3(96B) AllocSpace objects, 0(0B) LOS objects, 32% free, 33MB/49MB, paused 154us total 31.031ms
08-05 01:33:18.242 19135 19135 D AndroidRuntime: >>>>>> START com.android.internal.os.RuntimeInit uid 2000 <<<<<<
08-05 01:33:18.246 19135 19135 D AndroidRuntime: CheckJNI is OFF
08-05 01:33:18.271 19135 19135 D ICU     : No timezone override file found: /data/misc/zoneinfo/current/icu/icu_tzdata.dat
08-05 01:33:18.297 19135 19135 I Radio-JNI: register_android_hardware_Radio DONE
08-05 01:33:18.309 18776 18787 I art     : Starting a blocking GC Explicit
08-05 01:33:18.314 19135 19135 D AndroidRuntime: Calling main entry com.android.commands.input.Input
08-05 01:33:18.316 19135 19135 I Input   : injectMotionEvent: MotionEvent { action=ACTION_DOWN, actionButton=0, id[0]=0, x[0]=526.0, y[0]=704.0, toolType[0]=TOOL_TYPE_UNKNOWN, buttonState=0, metaState=0, flags=0x0, edgeFlags=0x0, pointerCount=1, historySize=0, eventTime=754414728, downTime=754414728, deviceId=0, source=0x1002 }
08-05 01:33:18.320 19135 19135 I Input   : injectMotionEvent: MotionEvent { action=ACTION_UP, actionButton=0, id[0]=0, x[0]=526.0, y[0]=704.0, toolType[0]=TOOL_TYPE_UNKNOWN, buttonState=0, metaState=0, flags=0x0, edgeFlags=0x0, pointerCount=1, historySize=0, eventTime=754414728, downTime=754414728, deviceId=0, source=0x1002 }
08-05 01:33:18.322 19135 19135 D AndroidRuntime: Shutting down VM
08-05 01:33:18.347 18776 18787 I art     : Explicit concurrent mark sweep GC freed 1291(75KB) AllocSpace objects, 1(20KB) LOS objects, 32% free, 33MB/49MB, paused 151us total 37.344ms
08-05 01:33:18.359 18776 18787 I art     : Starting a blocking GC Explicit
08-05 01:33:18.387   512  2967 D audio_hw_primary: out_set_parameters: enter: usecase(1: low-latency-playback) kvpairs: routing=2
08-05 01:33:18.393 18776 18787 I art     : Explicit concurrent mark sweep GC freed 162(17KB) AllocSpace objects, 1(20KB) LOS objects, 32% free, 33MB/49MB, paused 350us total 33.390ms
08-05 01:33:18.400   512  2967 D audio_hw_primary: select_devices: out_snd_device(2: speaker) in_snd_device(0: none)
08-05 01:33:18.400   512  2967 D msm8974_platform: platform_send_audio_calibration: sending audio calibration for snd_device(2) acdb_id(15)
08-05 01:33:18.400   512  2967 I soundtrigger: audio_extn_sound_trigger_update_device_status: device 0x2 of type 0 for Event 1
08-05 01:33:18.406 18776 18787 I art     : Starting a blocking GC Explicit
08-05 01:33:18.411   512  2967 D audio_hw_primary: enable_snd_device: snd_device(2: speaker)
08-05 01:33:18.413   512  2967 D audio_hw_primary: enable_audio_route: apply and update mixer path: low-latency-playback speaker
08-05 01:33:18.437 18776 18787 I art     : Explicit concurrent mark sweep GC freed 567(39KB) AllocSpace objects, 0(0B) LOS objects, 32% free, 33MB/49MB, paused 355us total 30.715ms
08-05 01:33:18.449 18776 18787 I art     : Starting a blocking GC Explicit
08-05 01:33:18.480 18776 18787 I art     : Explicit concurrent mark sweep GC freed 130(5KB) AllocSpace objects, 0(0B) LOS objects, 32% free, 33MB/49MB, paused 172us total 30.664ms
08-05 01:33:18.492 18776 18787 I art     : Starting a blocking GC Explicit
08-05 01:33:18.524 18776 18787 I art     : Explicit concurrent mark sweep GC freed 61(2800B) AllocSpace objects, 0(0B) LOS objects, 32% free, 33MB/49MB, paused 196us total 32.193ms
08-05 01:33:18.776 18776 18987 I art     : Starting a blocking GC Explicit
08-05 01:33:18.811 18776 18987 I art     : Explicit concurrent mark sweep GC freed 1281(75KB) AllocSpace objects, 1(20KB) LOS objects, 32% free, 33MB/49MB, paused 165us total 35.217ms
08-05 01:33:18.825 18776 18987 I art     : Starting a blocking GC Explicit
08-05 01:33:18.859 18776 18987 I art     : Explicit concurrent mark sweep GC freed 26(896B) AllocSpace objects, 0(0B) LOS objects, 32% free, 33MB/49MB, paused 129us total 33.972ms
08-05 01:33:18.871 18776 18987 I art     : Starting a blocking GC Explicit
08-05 01:33:18.904 18776 18987 I art     : Explicit concurrent mark sweep GC freed 3(96B) AllocSpace objects, 0(0B) LOS objects, 32% free, 33MB/49MB, paused 150us total 32.579ms
08-05 01:33:18.916 18776 18987 I art     : Starting a blocking GC Explicit
08-05 01:33:18.942   918   918 I ActivityManager: Start proc 19171:nappagreedy.com.newsblur/u0a679 for service nappagreedy.com.newsblur/.service.NBSyncService
08-05 01:33:18.943 19171 19171 I art     : Late-enabling -Xcheck:jni
08-05 01:33:18.949   512  2967 D audio_hw_primary: disable_audio_route: reset and update mixer path: low-latency-playback speaker
08-05 01:33:18.950   512  2967 D audio_hw_primary: disable_snd_device: snd_device(2: speaker)
08-05 01:33:18.950 18776 18987 I art     : Explicit concurrent mark sweep GC freed 3(96B) AllocSpace objects, 0(0B) LOS objects, 32% free, 33MB/49MB, paused 132us total 33.660ms
08-05 01:33:18.952 23763 23763 I Finsky  : [1] xow.onStartJob(3): SCH: onJobSchedulerWakeup with jobId 9007
08-05 01:33:18.958 23763 23763 I Finsky  : [1] xjw.a(9): Scheduling fallback in 43199995 (absolute: 1781002828)
08-05 01:33:18.963 23763 23763 I Finsky  : [1] xjw.a(9): Scheduling fallback in 64799997 (absolute: 1802602834)
08-05 01:33:18.963   512  2967 I soundtrigger: audio_extn_sound_trigger_update_device_status: device 0x2 of type 0 for Event 0
08-05 01:33:18.964 18776 18987 I art     : Starting a blocking GC Explicit
08-05 01:33:18.979 19171 19171 W System  : ClassLoader referenced unknown path: /data/app/nappagreedy.com.newsblur-1/lib/arm64
08-05 01:33:18.997 18776 18987 I art     : Explicit concurrent mark sweep GC freed 3(96B) AllocSpace objects, 0(0B) LOS objects, 32% free, 33MB/49MB, paused 199us total 32.846ms
08-05 01:33:19.094 23763 23763 I Finsky  : [1] xkf.handleMessage(8): SCH: DeviceState: DeviceState{currentTime=1596583999090, isCharging=false, isIdle=false, netAny=true, netNotRoaming=true, netUnmetered=true, batteryPercent=100.0}
08-05 01:33:19.100 23763 18746 I Finsky  : [6062] xmu.a(8): SCH: Jobs in database: 1-1337 3-199 3-200 12-1 24-77777777 26-1414141414 
08-05 01:33:19.103 23763 23763 I Finsky  : [1] xkg.a(16): SCH: Running job: 12-1
08-05 01:33:19.104 23763 23763 I Finsky  : [1] ContentSyncJob.a(16): [ContentSync] job started
08-05 01:33:19.105 23763 23763 I Finsky  : [1] xkf.handleMessage(61): SCH: RunningQueue size: 1, PendingQueue size: 0
08-05 01:33:19.105 23763 23763 I Finsky  : [1] xkf.handleMessage(64): SCH: Running queue: 12-1 
08-05 01:33:19.226 23763 18765 I Finsky  : [6068] dzn.a(22): Completed 0 account content syncs with 0 successful.
08-05 01:33:19.227 23763 23763 I Finsky  : [1] ContentSyncJob.a(1): [ContentSync] Installation state replication succeeded.
08-05 01:33:19.227 23763 23763 I Finsky  : [1] xlr.a(13): SCH: jobFinished: 12-1. TimeElapsed: 123ms.
08-05 01:33:19.228 23763 23763 I Finsky  : [1] xkg.a(36): SCH: Job 12-1 finished. Not rescheduling.
08-05 01:33:19.228 23763 23763 I Finsky  : [1] xkf.handleMessage(61): SCH: RunningQueue size: 0, PendingQueue size: 0
08-05 01:33:19.228 23763 23763 I Finsky  : [1] xkf.handleMessage(25): Executor finished
08-05 01:33:19.241 23763 23763 I Finsky  : [1] xmu.a(8): SCH: Jobs in database: 1-1337 3-199 3-200 24-77777777 26-1414141414 
08-05 01:33:19.243 23763 23763 I Finsky  : [1] xio.a(57): SCH: ConstraintMapping: 24-77777777,  -> L: 0ms, D: 70601277ms, C: false, I: true, N: 0
08-05 01:33:19.243 23763 23763 I Finsky  : [1] xio.a(57): SCH: ConstraintMapping: 1-1337,  -> L: 11994298ms, D: 30753667ms, C: false, I: false, N: 1
08-05 01:33:19.244 23763 23763 I Finsky  : [1] xio.a(57): SCH: ConstraintMapping: 3-199,  -> L: 0ms, D: 82194010ms, C: false, I: true, N: 2
08-05 01:33:19.244 23763 23763 I Finsky  : [1] xio.a(57): SCH: ConstraintMapping: 3-200,  -> L: 0ms, D: 82194116ms, C: true, I: true, N: 2
08-05 01:33:19.245 23763 23763 I Finsky  : [1] xio.a(57): SCH: ConstraintMapping: 26-1414141414,  -> L: 35391151ms, D: 36291151ms, C: false, I: false, N: 0
08-05 01:33:19.256 23763 23763 I Finsky  : [1] xle.a(34): Cancelling existing jobscheduler jobs: 9013 9015 9014 9018 9016 9017 9012 9000 9019 
08-05 01:33:19.257 23763 23763 I Finsky  : [1] xle.a(10): Throttling wakeup for job 9001 (expected to run in 0 ms) due to recent wakeup
08-05 01:33:19.257 23763 23763 I Finsky  : [1] xle.a(27): Scheduling job Id: 9001, L: 30000, D: 70601277, C: false, I: true, N: 0
08-05 01:33:19.257 18776 18787 I art     : Starting a blocking GC Explicit
08-05 01:33:19.260 23763 23763 I Finsky  : [1] xle.a(27): Scheduling job Id: 9002, L: 11994298, D: 30753667, C: false, I: false, N: 1
08-05 01:33:19.261 23763 23763 I Finsky  : [1] xle.a(10): Throttling wakeup for job 9003 (expected to run in 0 ms) due to recent wakeup
08-05 01:33:19.261 23763 23763 I Finsky  : [1] xle.a(27): Scheduling job Id: 9003, L: 30000, D: 82194010, C: false, I: true, N: 2
08-05 01:33:19.263 23763 23763 I Finsky  : [1] xle.a(10): Throttling wakeup for job 9004 (expected to run in 0 ms) due to recent wakeup
08-05 01:33:19.263 23763 23763 I Finsky  : [1] xle.a(27): Scheduling job Id: 9004, L: 30000, D: 82194116, C: true, I: true, N: 2
08-05 01:33:19.264 23763 23763 I Finsky  : [1] xle.a(27): Scheduling job Id: 9005, L: 35391151, D: 36291151, C: false, I: false, N: 0
08-05 01:33:19.266 23763 23763 I Finsky  : [1] xle.a(10): Throttling wakeup for job 9006 (expected to run in 0 ms) due to recent wakeup
08-05 01:33:19.267 23763 23763 I Finsky  : [1] xle.a(27): Scheduling job Id: 9006, L: 30000, D: 70601277, C: false, I: true, N: 0
08-05 01:33:19.268 23763 23763 I Finsky  : [1] xle.a(27): Scheduling job Id: 9008, L: 11994298, D: 30753667, C: false, I: false, N: 1
08-05 01:33:19.270 23763 23763 I Finsky  : [1] xle.a(10): Throttling wakeup for job 9009 (expected to run in 0 ms) due to recent wakeup
08-05 01:33:19.270 23763 23763 I Finsky  : [1] xle.a(27): Scheduling job Id: 9009, L: 30000, D: 82194010, C: false, I: true, N: 2
08-05 01:33:19.271 23763 23763 I Finsky  : [1] xle.a(10): Throttling wakeup for job 9010 (expected to run in 0 ms) due to recent wakeup
08-05 01:33:19.272 23763 23763 I Finsky  : [1] xle.a(27): Scheduling job Id: 9010, L: 30000, D: 82194116, C: true, I: true, N: 2
08-05 01:33:19.273 23763 23763 I Finsky  : [1] xle.a(27): Scheduling job Id: 9011, L: 35391151, D: 36291151, C: false, I: false, N: 0
08-05 01:33:19.295 18776 18787 I art     : Explicit concurrent mark sweep GC freed 1281(75KB) AllocSpace objects, 1(20KB) LOS objects, 32% free, 33MB/49MB, paused 144us total 37.523ms
08-05 01:33:19.309 18776 18787 I art     : Starting a blocking GC Explicit
08-05 01:33:19.344 18776 18787 I art     : Explicit concurrent mark sweep GC freed 20(704B) AllocSpace objects, 0(0B) LOS objects, 32% free, 33MB/49MB, paused 143us total 34.823ms
08-05 01:33:19.357 18776 18787 I art     : Starting a blocking GC Explicit
08-05 01:33:19.393 18776 18787 I art     : Explicit concurrent mark sweep GC freed 3(96B) AllocSpace objects, 0(0B) LOS objects, 32% free, 33MB/49MB, paused 152us total 35.888ms
08-05 01:33:19.406 18776 18787 I art     : Starting a blocking GC Explicit
08-05 01:33:19.441 18776 18787 I art     : Explicit concurrent mark sweep GC freed 3(96B) AllocSpace objects, 0(0B) LOS objects, 32% free, 33MB/49MB, paused 138us total 34.881ms
08-05 01:33:19.454 18776 18787 I art     : Starting a blocking GC Explicit
08-05 01:33:19.489 18776 18787 I art     : Explicit concurrent mark sweep GC freed 3(96B) AllocSpace objects, 0(0B) LOS objects, 32% free, 33MB/49MB, paused 131us total 34.798ms
08-05 01:33:19.559   918  3670 I ActivityManager: Killing 10237:com.google.android.videos/u0a72 (adj 15): empty #17
08-05 01:33:19.736 18776 18788 I art     : Starting a blocking GC Explicit
08-05 01:33:19.774 18776 18788 I art     : Explicit concurrent mark sweep GC freed 1277(75KB) AllocSpace objects, 1(20KB) LOS objects, 32% free, 33MB/49MB, paused 157us total 37.803ms
08-05 01:33:19.788 18776 18788 I art     : Starting a blocking GC Explicit
08-05 01:33:19.819 18776 18788 I art     : Explicit concurrent mark sweep GC freed 18(624B) AllocSpace objects, 0(0B) LOS objects, 32% free, 33MB/49MB, paused 136us total 31.615ms
08-05 01:33:19.831 18776 18788 I art     : Starting a blocking GC Explicit
08-05 01:33:19.863 18776 18788 I art     : Explicit concurrent mark sweep GC freed 3(96B) AllocSpace objects, 0(0B) LOS objects, 32% free, 33MB/49MB, paused 144us total 31.607ms
08-05 01:33:19.874 18776 18788 I art     : Starting a blocking GC Explicit
08-05 01:33:19.895 19198 19198 D AndroidRuntime: >>>>>> START com.android.internal.os.RuntimeInit uid 2000 <<<<<<
08-05 01:33:19.899 19198 19198 D AndroidRuntime: CheckJNI is OFF
08-05 01:33:19.906 18776 18788 I art     : Explicit concurrent mark sweep GC freed 3(96B) AllocSpace objects, 0(0B) LOS objects, 32% free, 33MB/49MB, paused 136us total 31.453ms
08-05 01:33:19.917 18776 18788 I art     : Starting a blocking GC Explicit
08-05 01:33:19.927 19198 19198 D ICU     : No timezone override file found: /data/misc/zoneinfo/current/icu/icu_tzdata.dat
08-05 01:33:19.949 18776 18788 I art     : Explicit concurrent mark sweep GC freed 3(96B) AllocSpace objects, 0(0B) LOS objects, 32% free, 33MB/49MB, paused 143us total 31.762ms
08-05 01:33:19.952 19198 19198 I Radio-JNI: register_android_hardware_Radio DONE
08-05 01:33:19.969 19198 19198 D AndroidRuntime: Calling main entry com.android.commands.input.Input
08-05 01:33:19.970 19198 19198 I Input   : injectMotionEvent: MotionEvent { action=ACTION_DOWN, actionButton=0, id[0]=0, x[0]=1197.0, y[0]=1456.0, toolType[0]=TOOL_TYPE_UNKNOWN, buttonState=0, metaState=0, flags=0x0, edgeFlags=0x0, pointerCount=1, historySize=0, eventTime=754416383, downTime=754416383, deviceId=0, source=0x1002 }
08-05 01:33:19.977 19198 19198 I Input   : injectMotionEvent: MotionEvent { action=ACTION_UP, actionButton=0, id[0]=0, x[0]=1197.0, y[0]=1456.0, toolType[0]=TOOL_TYPE_UNKNOWN, buttonState=0, metaState=0, flags=0x0, edgeFlags=0x0, pointerCount=1, historySize=0, eventTime=754416383, downTime=754416383, deviceId=0, source=0x1002 }
08-05 01:33:19.979 19198 19198 D AndroidRuntime: Shutting down VM
08-05 01:33:19.982   512  2967 D audio_hw_primary: out_set_parameters: enter: usecase(1: low-latency-playback) kvpairs: routing=2
08-05 01:33:19.992 18776 18776 I SettingsManager: Setting string: savedCourse
08-05 01:33:19.995   512  2967 D audio_hw_primary: select_devices: out_snd_device(2: speaker) in_snd_device(0: none)
08-05 01:33:19.995   512  2967 D msm8974_platform: platform_send_audio_calibration: sending audio calibration for snd_device(2) acdb_id(15)
08-05 01:33:19.995   512  2967 I soundtrigger: audio_extn_sound_trigger_update_device_status: device 0x2 of type 0 for Event 1
08-05 01:33:19.999   918  6029 W BackupManagerService: dataChanged but no participant pkg='baseline.com.ak.uobtimetable' uid=10684
08-05 01:33:20.000   918  5481 I ActivityManager: START u0 {flg=0x4000000 cmp=baseline.com.ak.uobtimetable/.MainActivity (has extras)} from uid 10684 on display 0
08-05 01:33:20.004   512  2967 D audio_hw_primary: enable_snd_device: snd_device(2: speaker)
08-05 01:33:20.006   512  2967 D audio_hw_primary: enable_audio_route: apply and update mixer path: low-latency-playback speaker
08-05 01:33:20.012   918   928 W InputMethodManagerService: Focus gain on non-focused client com.android.internal.view.IInputMethodClient$Stub$Proxy@e2ad9d3 (uid=10684 pid=18776)
08-05 01:33:20.030 18776 18776 D MainActivity: OnDestroy
08-05 01:33:20.045 18776 18776 D MainActivity: onCreate
08-05 01:33:20.045 18776 18776 I SettingsManager: Getting string: savedSessions
08-05 01:33:20.045 18776 18776 I Settings: No saved sessions
08-05 01:33:20.073 18776 18776 I SettingsManager: Getting string: savedCourse
08-05 01:33:20.074 18776 18776 D MainActivity: sessionListFragmentArg: updateSessions
08-05 01:33:20.074 18776 18776 D MainActivity: showTermDatesConfigChange: false
08-05 01:33:20.074 18776 18776 D MainActivity: showTermDatesShortcut: false
08-05 01:33:20.076 18776 18776 D MainActivity: Setting initial fragment: SessionListsFragment
08-05 01:33:20.078 18776 18776 I SettingsManager: Getting int: launchCount
08-05 01:33:20.082 18776 18776 D SessionListsFragment: onCreateView
08-05 01:33:20.092 18776 18776 I SettingsManager: Getting string: savedCourse
08-05 01:33:20.094 18776 18776 I SettingsManager: Getting string: savedSessions
08-05 01:33:20.094 18776 18776 D SessionListsFragment: loadArgument: updateSessions
08-05 01:33:20.094 18776 18776 D SessionListsFragment: initialIndex: -1
08-05 01:33:20.097 18776 19223 D HTTP    : Request for: https://uob-timetable-api.adriankeenan.co.uk/sessions?dept=BD002&course=CFIEFAAF%2F02AA%2F0%2FFT&level=ALL+Courses
08-05 01:33:20.099 18776 18776 I WebViewFactory: Loading com.google.android.webview version 84.0.4147.89 (code 414708953)
08-05 01:33:20.174 18776 19160 I art     : Starting a blocking GC Explicit
08-05 01:33:20.187   518   646 I ThermalEngine: ACTION: GPU - Setting GPU[0] to 510000000
08-05 01:33:20.221 18776 19160 I art     : Explicit concurrent mark sweep GC freed 8769(514KB) AllocSpace objects, 4(1380KB) LOS objects, 31% free, 34MB/50MB, paused 408us total 47.490ms
08-05 01:33:20.222 18776 18786 I art     : WaitForGcToComplete blocked for 39.846ms for cause HeapTrim
08-05 01:33:20.236 18776 19160 I art     : Starting a blocking GC Explicit
08-05 01:33:20.268 18776 18776 I cr_LibraryLoader: Loaded native library version number "84.0.4147.89"
08-05 01:33:20.269 18776 18776 I cr_CachingUmaRecorder: Flushed 5 samples from 5 histograms.
08-05 01:33:20.278 18776 19160 I art     : Explicit concurrent mark sweep GC freed 5581(429KB) AllocSpace objects, 3(96KB) LOS objects, 31% free, 34MB/50MB, paused 1.710ms total 42.234ms
08-05 01:33:20.292 18776 19160 I art     : Starting a blocking GC Explicit
08-05 01:33:20.305 18776 18776 E chromium: [ERROR:filesystem_posix.cc(62)] mkdir /data/user/0/baseline.com.ak.uobtimetable/cache/WebView/Crashpad: No such file or directory (2)
08-05 01:33:20.338 18776 19160 I art     : Explicit concurrent mark sweep GC freed 3983(305KB) AllocSpace objects, 2(120KB) LOS objects, 31% free, 34MB/50MB, paused 710us total 45.490ms
08-05 01:33:20.355 18776 19223 I NAPPA_EXPERIMENTATION: MetricNetworkRequestExecutionTime: REQUEST_DURATION_SYSTEM='256',REQUEST_DURATION_OKHTTP='37',REQUEST_SYNCHRONOUS='TRUE',RESPONSE_CODE='200',RESPONSE_METHOD='GET',RESPONSE_LENGTH_OKHTTP='-1',RESPONSE_LENGTH_HEADER='867',REQUEST_PROTOCOL='http/1.1',REQUEST_URL='https://uob-timetable-api.adriankeenan.co.uk/sessions?dept=BD002&course=CFIEFAAF%2F02AA%2F0%2FFT&level=ALL+Courses',
08-05 01:33:20.359 18776 19160 I art     : Starting a blocking GC Explicit
08-05 01:33:20.382   918  6112 D ConnectivityService: listenForNetwork for Listen from uid/pid:10684/18776 for NetworkRequest [ id=3064, legacyType=-1, [ Capabilities: INTERNET&NOT_RESTRICTED&TRUSTED] ]
08-05 01:33:20.400 18776 19223 I HTTP    : Response was compressed.
08-05 01:33:20.404 18776 19160 I art     : Explicit concurrent mark sweep GC freed 2396(269KB) AllocSpace objects, 1(80KB) LOS objects, 31% free, 35MB/51MB, paused 1.205ms total 44.915ms
08-05 01:33:20.414 18776 19249 W cr_media: Requires BLUETOOTH permission
08-05 01:33:20.414 18776 19223 I Service : getSessions response time: 1.12
08-05 01:33:20.424 18776 18776 D TermDatesFragment: WebView loaded
08-05 01:33:20.425 18776 18776 D MainActivity: OnResume
08-05 01:33:20.432 18776 19160 I art     : Starting a blocking GC Explicit
08-05 01:33:20.445 18776 19261 E libEGL  : validate_display:255 error 3008 (EGL_BAD_DISPLAY)
08-05 01:33:20.460 18776 18776 I SettingsManager: Getting string: savedSessions
08-05 01:33:20.469 18776 18776 I SettingsManager: Setting string: savedSessions
08-05 01:33:20.476   918  5481 W BackupManagerService: dataChanged but no participant pkg='baseline.com.ak.uobtimetable' uid=10684
08-05 01:33:20.476 18776 18776 I SettingsManager: Setting date: savedSessionsTime
08-05 01:33:20.486   918   928 W BackupManagerService: dataChanged but no participant pkg='baseline.com.ak.uobtimetable' uid=10684
08-05 01:33:20.486 18776 18776 I SettingsManager: Setting string: savedSessionsCourseName
08-05 01:33:20.489 18776 19160 I art     : Explicit concurrent mark sweep GC freed 10996(606KB) AllocSpace objects, 2(40KB) LOS objects, 31% free, 35MB/51MB, paused 562us total 57.256ms
08-05 01:33:20.493   918  4400 W BackupManagerService: dataChanged but no participant pkg='baseline.com.ak.uobtimetable' uid=10684
08-05 01:33:20.493 18776 18776 I SettingsManager: Setting string: savedSessionsDateRange
08-05 01:33:20.500   918  3714 W BackupManagerService: dataChanged but no participant pkg='baseline.com.ak.uobtimetable' uid=10684
08-05 01:33:20.500 18776 18776 I SettingsManager: Setting string: timetableUrl
08-05 01:33:20.509   918  6110 W BackupManagerService: dataChanged but no participant pkg='baseline.com.ak.uobtimetable' uid=10684
08-05 01:33:20.509 18776 18776 I SettingsManager: Getting boolean: notifySessionRemindersEnabled
08-05 01:33:20.509 18776 18776 I SettingsManager: Getting int: notifySessionRemindersMinutes
08-05 01:33:20.509 18776 18776 I SettingsManager: Getting boolean: showHiddenSessions
08-05 01:33:20.543 18776 18776 I SessionReminderNotifier: Created session reminder alarm for f7b4771250a919bd729c1c5a4a459c77 at Mon 08:30:00 10/08/20
08-05 01:33:20.544 18776 18776 I SessionReminderNotifier: Created session reminder alarm for a7f879aabdeb78622c8820a5fb7b64cd at Tue 08:30:00 11/08/20
08-05 01:33:20.545 18776 18776 I SessionReminderNotifier: Created session reminder alarm for 7bc8d7e2c2055711f597c3d9078c6ea3 at Tue 08:30:00 11/08/20
08-05 01:33:20.546 18776 18776 I SessionReminderNotifier: Created session reminder alarm for e0fc978b5db8218778540b4053344581 at Tue 11:00:00 11/08/20
08-05 01:33:20.547 18776 18776 I SessionReminderNotifier: Created session reminder alarm for 21712fef61090882c855a1425543edb5 at Tue 13:30:00 11/08/20
08-05 01:33:20.548 18776 18776 I SessionReminderNotifier: Created session reminder alarm for 65ca4d97f031f29a4d02bbb45a705d8f at Wed 08:30:00 05/08/20
08-05 01:33:20.548   512  2967 D audio_hw_primary: disable_audio_route: reset and update mixer path: low-latency-playback speaker
08-05 01:33:20.549   512  2967 D audio_hw_primary: disable_snd_device: snd_device(2: speaker)
08-05 01:33:20.549 18776 18776 I SessionReminderNotifier: Created session reminder alarm for eeda7741b0bcab58fd9f46dc6ef1d942 at Wed 08:30:00 05/08/20
08-05 01:33:20.550 18776 18776 I SessionReminderNotifier: Created session reminder alarm for c276c1b2075a0beb67f1b3d1e580f920 at Wed 11:00:00 05/08/20
08-05 01:33:20.551 18776 18776 I SessionReminderNotifier: Created session reminder alarm for 79fe0b5c3b887a13ba29db5a33fa2800 at Thu 08:30:00 06/08/20
08-05 01:33:20.551 18776 18776 I SessionReminderNotifier: Created session reminder alarm for 2ba1034116e4fffdd592dbf0796a43d5 at Fri 08:30:00 07/08/20
08-05 01:33:20.552 18776 18776 I SettingsManager: Getting boolean: showHiddenSessions
08-05 01:33:20.552 18776 18776 D SessionListsFragment: 1 sessions for day 0
08-05 01:33:20.552 18776 18776 D SessionListsFragment: 4 sessions for day 1
08-05 01:33:20.552 18776 18776 D SessionListsFragment: 3 sessions for day 2
08-05 01:33:20.552 18776 18776 D SessionListsFragment: 1 sessions for day 3
08-05 01:33:20.552 18776 18776 D SessionListsFragment: 1 sessions for day 4
08-05 01:33:20.555   512  2967 I soundtrigger: audio_extn_sound_trigger_update_device_status: device 0x2 of type 0 for Event 0
08-05 01:33:20.569 18776 18776 I SettingsManager: Getting boolean: showHiddenSessions
08-05 01:33:20.569 18776 18776 D SessionListsFragment: Refreshed ViewPager
08-05 01:33:20.570 18776 18776 I SettingsManager: Getting boolean: showHiddenSessions
08-05 01:33:20.570 18776 18776 I SettingsManager: Getting boolean: completedTutorial
08-05 01:33:20.582 18776 18776 I SettingsManager: Getting boolean: showHiddenSessions
08-05 01:33:20.582 18776 18776 I SettingsManager: Getting date: savedSessionsTime
08-05 01:33:20.592 18776 18776 I TermDatesFragment: Webview load %: 10
08-05 01:33:20.755 18776 18788 I art     : Starting a blocking GC Explicit
08-05 01:33:20.828 18776 18788 I art     : Explicit concurrent mark sweep GC freed 91501(3MB) AllocSpace objects, 10(312KB) LOS objects, 30% free, 36MB/52MB, paused 1.166ms total 72.505ms
08-05 01:33:20.844 18776 18788 I art     : Starting a blocking GC Explicit
08-05 01:33:20.892 18776 18788 I art     : Explicit concurrent mark sweep GC freed 17785(831KB) AllocSpace objects, 1(80KB) LOS objects, 30% free, 36MB/52MB, paused 747us total 47.981ms
08-05 01:33:20.908 18776 18788 I art     : Starting a blocking GC Explicit
08-05 01:33:20.960 18776 18788 I art     : Explicit concurrent mark sweep GC freed 31973(1349KB) AllocSpace objects, 0(0B) LOS objects, 30% free, 36MB/52MB, paused 1.006ms total 52.386ms
08-05 01:33:20.977 18776 18788 I art     : Starting a blocking GC Explicit
08-05 01:33:21.033 18776 18788 I art     : Explicit concurrent mark sweep GC freed 31904(1313KB) AllocSpace objects, 0(0B) LOS objects, 30% free, 36MB/52MB, paused 929us total 55.677ms
08-05 01:33:21.050 18776 18788 I art     : Starting a blocking GC Explicit
08-05 01:33:21.106 18776 18788 I art     : Explicit concurrent mark sweep GC freed 32112(1324KB) AllocSpace objects, 0(0B) LOS objects, 30% free, 36MB/52MB, paused 893us total 56.180ms
08-05 01:33:21.184 18776 18776 I Choreographer: Skipped 34 frames!  The application may be doing too much work on its main thread.
08-05 01:33:21.315   918   936 I ActivityManager: Displayed baseline.com.ak.uobtimetable/.MainActivity: +1s289ms
08-05 01:33:21.393 18776 18987 I art     : Starting a blocking GC Explicit
08-05 01:33:21.480 18776 18987 I art     : Explicit concurrent mark sweep GC freed 91838(3MB) AllocSpace objects, 1(20KB) LOS objects, 30% free, 37MB/53MB, paused 941us total 87.298ms
08-05 01:33:21.497 18776 18776 I TermDatesFragment: Webview load %: 70
08-05 01:33:21.501 18776 18987 I art     : Starting a blocking GC Explicit
08-05 01:33:21.516 18776 18776 I TermDatesFragment: Webview load %: 80
08-05 01:33:21.516 18776 18776 I TermDatesFragment: Webview load %: 100
08-05 01:33:21.516 18776 18776 I TermDatesFragment: Webview load %: 100
08-05 01:33:21.557 18776 18987 I art     : Explicit concurrent mark sweep GC freed 3370(291KB) AllocSpace objects, 1(40KB) LOS objects, 30% free, 36MB/52MB, paused 335us total 56.252ms
08-05 01:33:21.574 18776 18987 I art     : Starting a blocking GC Explicit
08-05 01:33:21.630 18776 18987 I art     : Explicit concurrent mark sweep GC freed 302(17KB) AllocSpace objects, 0(0B) LOS objects, 30% free, 36MB/52MB, paused 404us total 55.725ms
08-05 01:33:21.648 18776 18987 I art     : Starting a blocking GC Explicit
08-05 01:33:21.708 18776 18987 I art     : Explicit concurrent mark sweep GC freed 98(4KB) AllocSpace objects, 0(0B) LOS objects, 30% free, 36MB/52MB, paused 414us total 59.523ms
08-05 01:33:21.731 18776 18987 I art     : Starting a blocking GC Explicit
08-05 01:33:21.779 18776 18987 I art     : Explicit concurrent mark sweep GC freed 121660(11MB) AllocSpace objects, 3(136KB) LOS objects, 38% free, 25MB/41MB, paused 376us total 48.333ms
08-05 01:33:22.087 18776 19290 I art     : Starting a blocking GC Explicit
08-05 01:33:22.131 18776 19290 I art     : Explicit concurrent mark sweep GC freed 1502(85KB) AllocSpace objects, 1(20KB) LOS objects, 38% free, 25MB/41MB, paused 458us total 42.727ms
08-05 01:33:22.146 18776 19290 I art     : Starting a blocking GC Explicit
08-05 01:33:22.177 18776 19290 I art     : Explicit concurrent mark sweep GC freed 18(624B) AllocSpace objects, 0(0B) LOS objects, 38% free, 25MB/41MB, paused 374us total 31.345ms
08-05 01:33:22.190 18776 19290 I art     : Starting a blocking GC Explicit
08-05 01:33:22.222 18776 19290 I art     : Explicit concurrent mark sweep GC freed 4(160B) AllocSpace objects, 0(0B) LOS objects, 38% free, 25MB/41MB, paused 318us total 32.005ms
08-05 01:33:22.234 18776 19290 I art     : Starting a blocking GC Explicit
08-05 01:33:22.272 18776 19290 I art     : Explicit concurrent mark sweep GC freed 25(928B) AllocSpace objects, 0(0B) LOS objects, 38% free, 25MB/41MB, paused 322us total 37.798ms
08-05 01:33:22.286 18776 19290 I art     : Starting a blocking GC Explicit
08-05 01:33:22.321 18776 19290 I art     : Explicit concurrent mark sweep GC freed 35(1136B) AllocSpace objects, 0(0B) LOS objects, 38% free, 25MB/41MB, paused 355us total 34.659ms
08-05 01:33:22.668 18776 18787 I art     : Starting a blocking GC Explicit
08-05 01:33:22.710 18776 18787 I art     : Explicit concurrent mark sweep GC freed 1387(78KB) AllocSpace objects, 1(20KB) LOS objects, 38% free, 25MB/41MB, paused 343us total 42.394ms
08-05 01:33:22.727 18776 18787 I art     : Starting a blocking GC Explicit
08-05 01:33:22.759 18776 18787 I art     : Explicit concurrent mark sweep GC freed 19(656B) AllocSpace objects, 0(0B) LOS objects, 38% free, 25MB/41MB, paused 293us total 31.442ms
08-05 01:33:22.772 18776 18787 I art     : Starting a blocking GC Explicit
08-05 01:33:22.810 18776 18787 I art     : Explicit concurrent mark sweep GC freed 8(256B) AllocSpace objects, 0(0B) LOS objects, 38% free, 25MB/41MB, paused 322us total 37.716ms
08-05 01:33:22.824 18776 18787 I art     : Starting a blocking GC Explicit
08-05 01:33:22.862 18776 18787 I art     : Explicit concurrent mark sweep GC freed 10(320B) AllocSpace objects, 0(0B) LOS objects, 38% free, 25MB/41MB, paused 307us total 36.859ms
08-05 01:33:22.873 18776 18787 I art     : Starting a blocking GC Explicit
08-05 01:33:22.908 18776 18787 I art     : Explicit concurrent mark sweep GC freed 8(256B) AllocSpace objects, 0(0B) LOS objects, 38% free, 25MB/41MB, paused 316us total 34.174ms
08-05 01:33:23.243 18776 18987 I art     : Starting a blocking GC Explicit
08-05 01:33:23.285 18776 18987 I art     : Explicit concurrent mark sweep GC freed 1305(76KB) AllocSpace objects, 1(20KB) LOS objects, 38% free, 25MB/41MB, paused 322us total 41.218ms
08-05 01:33:23.298 18776 18987 I art     : Starting a blocking GC Explicit
08-05 01:33:23.332 18776 18987 I art     : Explicit concurrent mark sweep GC freed 18(624B) AllocSpace objects, 0(0B) LOS objects, 38% free, 25MB/41MB, paused 313us total 33.510ms
08-05 01:33:23.344 18776 18987 I art     : Starting a blocking GC Explicit
08-05 01:33:23.377 18776 18987 I art     : Explicit concurrent mark sweep GC freed 3(96B) AllocSpace objects, 0(0B) LOS objects, 38% free, 25MB/41MB, paused 340us total 32.777ms
08-05 01:33:23.390 18776 18987 I art     : Starting a blocking GC Explicit
08-05 01:33:23.421 18776 18987 I art     : Explicit concurrent mark sweep GC freed 3(96B) AllocSpace objects, 0(0B) LOS objects, 38% free, 25MB/41MB, paused 297us total 31.595ms
08-05 01:33:23.434 18776 18987 I art     : Starting a blocking GC Explicit
08-05 01:33:23.467 18776 18987 I art     : Explicit concurrent mark sweep GC freed 3(96B) AllocSpace objects, 0(0B) LOS objects, 38% free, 25MB/41MB, paused 382us total 33.130ms
08-05 01:33:23.817 18776 18787 I art     : Starting a blocking GC Explicit
08-05 01:33:23.864 18776 18787 I art     : Explicit concurrent mark sweep GC freed 1293(75KB) AllocSpace objects, 1(20KB) LOS objects, 38% free, 25MB/41MB, paused 334us total 45.859ms
08-05 01:33:23.879 18776 18787 I art     : Starting a blocking GC Explicit
08-05 01:33:23.912 18776 18787 I art     : Explicit concurrent mark sweep GC freed 18(624B) AllocSpace objects, 0(0B) LOS objects, 38% free, 25MB/41MB, paused 304us total 32.908ms
08-05 01:33:23.925 18776 18787 I art     : Starting a blocking GC Explicit
08-05 01:33:23.958 18776 18787 I art     : Explicit concurrent mark sweep GC freed 3(96B) AllocSpace objects, 0(0B) LOS objects, 38% free, 25MB/41MB, paused 312us total 33.183ms
08-05 01:33:23.970 18776 18787 I art     : Starting a blocking GC Explicit
08-05 01:33:24.002 18776 18787 I art     : Explicit concurrent mark sweep GC freed 3(96B) AllocSpace objects, 0(0B) LOS objects, 38% free, 25MB/41MB, paused 310us total 31.436ms
08-05 01:33:24.015 18776 18787 I art     : Starting a blocking GC Explicit
08-05 01:33:24.046 18776 18787 I art     : Explicit concurrent mark sweep GC freed 3(96B) AllocSpace objects, 0(0B) LOS objects, 38% free, 25MB/41MB, paused 310us total 31.409ms
08-05 01:33:24.348 18776 19160 I art     : Starting a blocking GC Explicit
08-05 01:33:24.381 18776 19160 I art     : Explicit concurrent mark sweep GC freed 1293(75KB) AllocSpace objects, 1(20KB) LOS objects, 38% free, 25MB/41MB, paused 312us total 32.944ms
08-05 01:33:24.394 18776 19160 I art     : Starting a blocking GC Explicit
08-05 01:33:24.425 18776 19160 I art     : Explicit concurrent mark sweep GC freed 18(624B) AllocSpace objects, 0(0B) LOS objects, 38% free, 25MB/41MB, paused 309us total 31.346ms
08-05 01:33:24.437 18776 19160 I art     : Starting a blocking GC Explicit
08-05 01:33:24.469 18776 19160 I art     : Explicit concurrent mark sweep GC freed 3(96B) AllocSpace objects, 0(0B) LOS objects, 38% free, 25MB/41MB, paused 315us total 31.235ms
08-05 01:33:24.480 18776 19160 I art     : Starting a blocking GC Explicit
08-05 01:33:24.512 18776 19160 I art     : Explicit concurrent mark sweep GC freed 16(1040B) AllocSpace objects, 0(0B) LOS objects, 38% free, 25MB/41MB, paused 309us total 30.993ms
08-05 01:33:24.525 18776 19160 I art     : Starting a blocking GC Explicit
08-05 01:33:24.562 18776 19160 I art     : Explicit concurrent mark sweep GC freed 8(720B) AllocSpace objects, 0(0B) LOS objects, 38% free, 25MB/41MB, paused 338us total 37.174ms
08-05 01:33:24.646 19333 19333 D AndroidRuntime: >>>>>> START com.android.internal.os.RuntimeInit uid 2000 <<<<<<
08-05 01:33:24.652 19333 19333 D AndroidRuntime: CheckJNI is OFF
08-05 01:33:24.688 19333 19333 D ICU     : No timezone override file found: /data/misc/zoneinfo/current/icu/icu_tzdata.dat
08-05 01:33:24.724 19333 19333 I Radio-JNI: register_android_hardware_Radio DONE
08-05 01:33:24.749 19333 19333 D AndroidRuntime: Calling main entry com.android.commands.input.Input
08-05 01:33:24.752 19333 19333 I Input   : injectMotionEvent: MotionEvent { action=ACTION_DOWN, actionButton=0, id[0]=0, x[0]=1215.0, y[0]=1450.0, toolType[0]=TOOL_TYPE_UNKNOWN, buttonState=0, metaState=0, flags=0x0, edgeFlags=0x0, pointerCount=1, historySize=0, eventTime=754421164, downTime=754421164, deviceId=0, source=0x1002 }
08-05 01:33:24.761 19333 19333 I Input   : injectMotionEvent: MotionEvent { action=ACTION_UP, actionButton=0, id[0]=0, x[0]=1215.0, y[0]=1450.0, toolType[0]=TOOL_TYPE_UNKNOWN, buttonState=0, metaState=0, flags=0x0, edgeFlags=0x0, pointerCount=1, historySize=0, eventTime=754421164, downTime=754421164, deviceId=0, source=0x1002 }
08-05 01:33:24.762 19333 19333 D AndroidRuntime: Shutting down VM
08-05 01:33:24.771   512  2967 D audio_hw_primary: out_set_parameters: enter: usecase(1: low-latency-playback) kvpairs: routing=2
08-05 01:33:24.784   512  2967 D audio_hw_primary: select_devices: out_snd_device(2: speaker) in_snd_device(0: none)
08-05 01:33:24.785   512  2967 D msm8974_platform: platform_send_audio_calibration: sending audio calibration for snd_device(2) acdb_id(15)
08-05 01:33:24.785   512  2967 I soundtrigger: audio_extn_sound_trigger_update_device_status: device 0x2 of type 0 for Event 1
08-05 01:33:24.798   512  2967 D audio_hw_primary: enable_snd_device: snd_device(2: speaker)
08-05 01:33:24.800   512  2967 D audio_hw_primary: enable_audio_route: apply and update mixer path: low-latency-playback speaker
08-05 01:33:24.866 18776 18787 I art     : Starting a blocking GC Explicit
08-05 01:33:24.899 18776 18787 I art     : Explicit concurrent mark sweep GC freed 1792(113KB) AllocSpace objects, 1(20KB) LOS objects, 38% free, 25MB/41MB, paused 316us total 33.159ms
08-05 01:33:24.915 18776 18787 I art     : Starting a blocking GC Explicit
08-05 01:33:24.953 18776 18787 I art     : Explicit concurrent mark sweep GC freed 1191(84KB) AllocSpace objects, 1(40KB) LOS objects, 38% free, 25MB/41MB, paused 351us total 37.491ms
08-05 01:33:24.968 18776 18787 I art     : Starting a blocking GC Explicit
08-05 01:33:25.008 18776 18787 I art     : Explicit concurrent mark sweep GC freed 3(96B) AllocSpace objects, 0(0B) LOS objects, 38% free, 25MB/41MB, paused 402us total 39.986ms
08-05 01:33:25.022 18776 18787 I art     : Starting a blocking GC Explicit
08-05 01:33:25.052 18776 18787 I art     : Explicit concurrent mark sweep GC freed 3(96B) AllocSpace objects, 0(0B) LOS objects, 38% free, 25MB/41MB, paused 283us total 30.251ms
08-05 01:33:25.063 18776 18787 I art     : Starting a blocking GC Explicit
08-05 01:33:25.096 18776 18787 I art     : Explicit concurrent mark sweep GC freed 3(96B) AllocSpace objects, 0(0B) LOS objects, 38% free, 25MB/41MB, paused 313us total 32.036ms
08-05 01:33:25.348   512  2967 D audio_hw_primary: disable_audio_route: reset and update mixer path: low-latency-playback speaker
08-05 01:33:25.349   512  2967 D audio_hw_primary: disable_snd_device: snd_device(2: speaker)
08-05 01:33:25.357   512  2967 I soundtrigger: audio_extn_sound_trigger_update_device_status: device 0x2 of type 0 for Event 0
08-05 01:33:25.392 18776 18987 I art     : Starting a blocking GC Explicit
08-05 01:33:25.435 18776 18987 I art     : Explicit concurrent mark sweep GC freed 1294(75KB) AllocSpace objects, 1(20KB) LOS objects, 38% free, 25MB/41MB, paused 343us total 42.065ms
08-05 01:33:25.455 18776 18987 I art     : Starting a blocking GC Explicit
08-05 01:33:25.487 18776 18987 I art     : Explicit concurrent mark sweep GC freed 18(624B) AllocSpace objects, 0(0B) LOS objects, 38% free, 25MB/41MB, paused 347us total 31.763ms
08-05 01:33:25.500 18776 18987 I art     : Starting a blocking GC Explicit
08-05 01:33:25.531 18776 18987 I art     : Explicit concurrent mark sweep GC freed 3(96B) AllocSpace objects, 0(0B) LOS objects, 38% free, 25MB/41MB, paused 303us total 31.039ms
08-05 01:33:25.543 18776 18987 I art     : Starting a blocking GC Explicit
08-05 01:33:25.576 18776 18987 I art     : Explicit concurrent mark sweep GC freed 5(176B) AllocSpace objects, 0(0B) LOS objects, 38% free, 25MB/41MB, paused 325us total 33.017ms
08-05 01:33:25.588 18776 18987 I art     : Starting a blocking GC Explicit
08-05 01:33:25.621 18776 18987 I art     : Explicit concurrent mark sweep GC freed 3(96B) AllocSpace objects, 0(0B) LOS objects, 38% free, 25MB/41MB, paused 300us total 32.472ms
08-05 01:33:25.920 18776 19290 I art     : Starting a blocking GC Explicit
08-05 01:33:25.962 18776 19290 I art     : Explicit concurrent mark sweep GC freed 1293(75KB) AllocSpace objects, 1(20KB) LOS objects, 38% free, 25MB/41MB, paused 363us total 42.445ms
08-05 01:33:25.977 18776 19290 I art     : Starting a blocking GC Explicit
08-05 01:33:26.009 18776 19290 I art     : Explicit concurrent mark sweep GC freed 18(624B) AllocSpace objects, 0(0B) LOS objects, 38% free, 25MB/41MB, paused 294us total 31.866ms
08-05 01:33:26.022 18776 19290 I art     : Starting a blocking GC Explicit
08-05 01:33:26.051 18776 19290 I art     : Explicit concurrent mark sweep GC freed 3(96B) AllocSpace objects, 0(0B) LOS objects, 38% free, 25MB/41MB, paused 313us total 29.145ms
08-05 01:33:26.062 18776 19290 I art     : Starting a blocking GC Explicit
08-05 01:33:26.093 18776 19290 I art     : Explicit concurrent mark sweep GC freed 3(96B) AllocSpace objects, 0(0B) LOS objects, 38% free, 25MB/41MB, paused 311us total 30.326ms
08-05 01:33:26.104 18776 19290 I art     : Starting a blocking GC Explicit
08-05 01:33:26.136 18776 19290 I art     : Explicit concurrent mark sweep GC freed 3(96B) AllocSpace objects, 0(0B) LOS objects, 38% free, 25MB/41MB, paused 318us total 31.503ms
08-05 01:33:26.410 19384 19384 D AndroidRuntime: >>>>>> START com.android.internal.os.RuntimeInit uid 2000 <<<<<<
08-05 01:33:26.415 19384 19384 D AndroidRuntime: CheckJNI is OFF
08-05 01:33:26.423 18776 18787 I art     : Starting a blocking GC Explicit
08-05 01:33:26.458 19384 19384 D ICU     : No timezone override file found: /data/misc/zoneinfo/current/icu/icu_tzdata.dat
08-05 01:33:26.465 18776 18787 I art     : Explicit concurrent mark sweep GC freed 1300(75KB) AllocSpace objects, 1(20KB) LOS objects, 38% free, 25MB/41MB, paused 344us total 41.010ms
08-05 01:33:26.480 18776 18787 I art     : Starting a blocking GC Explicit
08-05 01:33:26.495 19384 19384 I Radio-JNI: register_android_hardware_Radio DONE
08-05 01:33:26.511 18776 18787 I art     : Explicit concurrent mark sweep GC freed 23(784B) AllocSpace objects, 0(0B) LOS objects, 38% free, 25MB/41MB, paused 317us total 30.628ms
08-05 01:33:26.519 19384 19384 D AndroidRuntime: Calling main entry com.android.commands.input.Input
08-05 01:33:26.521 19384 19384 I Input   : injectMotionEvent: MotionEvent { action=ACTION_DOWN, actionButton=0, id[0]=0, x[0]=1215.0, y[0]=1482.0, toolType[0]=TOOL_TYPE_UNKNOWN, buttonState=0, metaState=0, flags=0x0, edgeFlags=0x0, pointerCount=1, historySize=0, eventTime=754422934, downTime=754422934, deviceId=0, source=0x1002 }
08-05 01:33:26.524 18776 18787 I art     : Starting a blocking GC Explicit
08-05 01:33:26.526 19384 19384 I Input   : injectMotionEvent: MotionEvent { action=ACTION_UP, actionButton=0, id[0]=0, x[0]=1215.0, y[0]=1482.0, toolType[0]=TOOL_TYPE_UNKNOWN, buttonState=0, metaState=0, flags=0x0, edgeFlags=0x0, pointerCount=1, historySize=0, eventTime=754422934, downTime=754422934, deviceId=0, source=0x1002 }
08-05 01:33:26.527 19384 19384 D AndroidRuntime: Shutting down VM
08-05 01:33:26.538   512  2967 D audio_hw_primary: out_set_parameters: enter: usecase(1: low-latency-playback) kvpairs: routing=2
08-05 01:33:26.551 18776 18776 I SettingsManager: Setting boolean: completedTutorial
08-05 01:33:26.552   512  2967 D audio_hw_primary: select_devices: out_snd_device(2: speaker) in_snd_device(0: none)
08-05 01:33:26.552   512  2967 D msm8974_platform: platform_send_audio_calibration: sending audio calibration for snd_device(2) acdb_id(15)
08-05 01:33:26.552   512  2967 I soundtrigger: audio_extn_sound_trigger_update_device_status: device 0x2 of type 0 for Event 1
08-05 01:33:26.557 18776 18787 I art     : Explicit concurrent mark sweep GC freed 301(28KB) AllocSpace objects, 1(20KB) LOS objects, 38% free, 25MB/41MB, paused 356us total 33.212ms
08-05 01:33:26.559   918  5132 W BackupManagerService: dataChanged but no participant pkg='baseline.com.ak.uobtimetable' uid=10684
08-05 01:33:26.562 18776 18792 D OpenGLRenderer: endAllStagingAnimators on 0x7f9958fc00 (RippleDrawable) with handle 0x7f9a1dae80
08-05 01:33:26.563   512  2967 D audio_hw_primary: enable_snd_device: snd_device(2: speaker)
08-05 01:33:26.566   512  2967 D audio_hw_primary: enable_audio_route: apply and update mixer path: low-latency-playback speaker
08-05 01:33:26.570 13866 13866 I GoogleInputMethodServic: GoogleInputMethodService.onFinishInput():3138 
08-05 01:33:26.571 18776 18787 I art     : Starting a blocking GC Explicit
08-05 01:33:26.571 13866 13866 I GoogleInputMethodServic: GoogleInputMethodService.onStartInput():1808 
08-05 01:33:26.600 18776 18787 I art     : Explicit concurrent mark sweep GC freed 157(6KB) AllocSpace objects, 0(0B) LOS objects, 38% free, 25MB/41MB, paused 280us total 29.224ms
08-05 01:33:26.612 18776 18787 I art     : Starting a blocking GC Explicit
08-05 01:33:26.641 18776 18787 I art     : Explicit concurrent mark sweep GC freed 1005(68KB) AllocSpace objects, 1(40KB) LOS objects, 38% free, 25MB/41MB, paused 298us total 28.571ms
08-05 01:33:26.897 18776 18987 I art     : Starting a blocking GC Explicit
08-05 01:33:26.931 18776 18987 I art     : Explicit concurrent mark sweep GC freed 1293(75KB) AllocSpace objects, 1(20KB) LOS objects, 38% free, 25MB/41MB, paused 307us total 33.497ms
08-05 01:33:26.943 18776 18987 I art     : Starting a blocking GC Explicit
08-05 01:33:26.976 18776 18987 I art     : Explicit concurrent mark sweep GC freed 18(624B) AllocSpace objects, 0(0B) LOS objects, 38% free, 25MB/41MB, paused 324us total 32.643ms
08-05 01:33:26.988 18776 18987 I art     : Starting a blocking GC Explicit
08-05 01:33:27.021 18776 18987 I art     : Explicit concurrent mark sweep GC freed 3(96B) AllocSpace objects, 0(0B) LOS objects, 38% free, 25MB/41MB, paused 325us total 32.261ms
08-05 01:33:27.033 18776 18987 I art     : Starting a blocking GC Explicit
08-05 01:33:27.066 18776 18987 I art     : Explicit concurrent mark sweep GC freed 3(96B) AllocSpace objects, 0(0B) LOS objects, 38% free, 25MB/41MB, paused 315us total 32.381ms
08-05 01:33:27.078 18776 18987 I art     : Starting a blocking GC Explicit
08-05 01:33:27.109   512  2967 D audio_hw_primary: disable_audio_route: reset and update mixer path: low-latency-playback speaker
08-05 01:33:27.110 18776 18987 I art     : Explicit concurrent mark sweep GC freed 3(96B) AllocSpace objects, 0(0B) LOS objects, 38% free, 25MB/41MB, paused 294us total 32.036ms
08-05 01:33:27.110   512  2967 D audio_hw_primary: disable_snd_device: snd_device(2: speaker)
08-05 01:33:27.118   512  2967 I soundtrigger: audio_extn_sound_trigger_update_device_status: device 0x2 of type 0 for Event 0
08-05 01:33:27.408 18776 19160 I art     : Starting a blocking GC Explicit
08-05 01:33:27.455 18776 19160 I art     : Explicit concurrent mark sweep GC freed 1293(75KB) AllocSpace objects, 1(20KB) LOS objects, 38% free, 25MB/41MB, paused 432us total 46.954ms
08-05 01:33:27.470 18776 19160 I art     : Starting a blocking GC Explicit
08-05 01:33:27.503 18776 19160 I art     : Explicit concurrent mark sweep GC freed 18(624B) AllocSpace objects, 0(0B) LOS objects, 38% free, 25MB/41MB, paused 331us total 33.247ms
08-05 01:33:27.516 18776 19160 I art     : Starting a blocking GC Explicit
08-05 01:33:27.548 18776 19160 I art     : Explicit concurrent mark sweep GC freed 3(96B) AllocSpace objects, 0(0B) LOS objects, 38% free, 25MB/41MB, paused 310us total 32.543ms
08-05 01:33:27.560 18776 19160 I art     : Starting a blocking GC Explicit
08-05 01:33:27.593 18776 19160 I art     : Explicit concurrent mark sweep GC freed 3(96B) AllocSpace objects, 0(0B) LOS objects, 38% free, 25MB/41MB, paused 319us total 31.946ms
08-05 01:33:27.605 18776 19160 I art     : Starting a blocking GC Explicit
08-05 01:33:27.637 18776 19160 I art     : Explicit concurrent mark sweep GC freed 3(96B) AllocSpace objects, 0(0B) LOS objects, 38% free, 25MB/41MB, paused 348us total 32.302ms
08-05 01:33:27.907 18776 18788 I art     : Starting a blocking GC Explicit
08-05 01:33:27.940 18776 18788 I art     : Explicit concurrent mark sweep GC freed 1293(75KB) AllocSpace objects, 1(20KB) LOS objects, 38% free, 25MB/41MB, paused 332us total 32.677ms
08-05 01:33:27.952 18776 18788 I art     : Starting a blocking GC Explicit
08-05 01:33:27.984 18776 18788 I art     : Explicit concurrent mark sweep GC freed 18(624B) AllocSpace objects, 0(0B) LOS objects, 38% free, 25MB/41MB, paused 311us total 31.644ms
08-05 01:33:27.995 18776 18788 I art     : Starting a blocking GC Explicit
08-05 01:33:28.026 18776 18788 I art     : Explicit concurrent mark sweep GC freed 3(96B) AllocSpace objects, 0(0B) LOS objects, 38% free, 25MB/41MB, paused 317us total 30.589ms
08-05 01:33:28.038 18776 18788 I art     : Starting a blocking GC Explicit
08-05 01:33:28.069 18776 18788 I art     : Explicit concurrent mark sweep GC freed 3(96B) AllocSpace objects, 0(0B) LOS objects, 38% free, 25MB/41MB, paused 306us total 31.125ms
08-05 01:33:28.081 18776 18788 I art     : Starting a blocking GC Explicit
08-05 01:33:28.113 18776 18788 I art     : Explicit concurrent mark sweep GC freed 3(96B) AllocSpace objects, 0(0B) LOS objects, 38% free, 25MB/41MB, paused 325us total 31.398ms
08-05 01:33:28.195 19428 19428 D AndroidRuntime: >>>>>> START com.android.internal.os.RuntimeInit uid 2000 <<<<<<
08-05 01:33:28.201 19428 19428 D AndroidRuntime: CheckJNI is OFF
08-05 01:33:28.240 19428 19428 D ICU     : No timezone override file found: /data/misc/zoneinfo/current/icu/icu_tzdata.dat
08-05 01:33:28.279 19428 19428 I Radio-JNI: register_android_hardware_Radio DONE
08-05 01:33:28.300 19428 19428 D AndroidRuntime: Calling main entry com.android.commands.input.Input
08-05 01:33:28.302 19428 19428 I Input   : injectMotionEvent: MotionEvent { action=ACTION_DOWN, actionButton=0, id[0]=0, x[0]=81.0, y[0]=176.0, toolType[0]=TOOL_TYPE_UNKNOWN, buttonState=0, metaState=0, flags=0x0, edgeFlags=0x0, pointerCount=1, historySize=0, eventTime=754424715, downTime=754424715, deviceId=0, source=0x1002 }
08-05 01:33:28.309 19428 19428 I Input   : injectMotionEvent: MotionEvent { action=ACTION_UP, actionButton=0, id[0]=0, x[0]=81.0, y[0]=176.0, toolType[0]=TOOL_TYPE_UNKNOWN, buttonState=0, metaState=0, flags=0x0, edgeFlags=0x0, pointerCount=1, historySize=0, eventTime=754424715, downTime=754424715, deviceId=0, source=0x1002 }
08-05 01:33:28.311 19428 19428 D AndroidRuntime: Shutting down VM
08-05 01:33:28.320   512  2967 D audio_hw_primary: out_set_parameters: enter: usecase(1: low-latency-playback) kvpairs: routing=2
08-05 01:33:28.334   512  2967 D audio_hw_primary: select_devices: out_snd_device(2: speaker) in_snd_device(0: none)
08-05 01:33:28.334   512  2967 D msm8974_platform: platform_send_audio_calibration: sending audio calibration for snd_device(2) acdb_id(15)
08-05 01:33:28.334   512  2967 I soundtrigger: audio_extn_sound_trigger_update_device_status: device 0x2 of type 0 for Event 1
08-05 01:33:28.348   512  2967 D audio_hw_primary: enable_snd_device: snd_device(2: speaker)
08-05 01:33:28.350   512  2967 D audio_hw_primary: enable_audio_route: apply and update mixer path: low-latency-playback speaker
08-05 01:33:28.409 18776 18788 I art     : Starting a blocking GC Explicit
08-05 01:33:28.438 18776 18788 I art     : Explicit concurrent mark sweep GC freed 1707(96KB) AllocSpace objects, 1(20KB) LOS objects, 38% free, 25MB/41MB, paused 283us total 29.201ms
08-05 01:33:28.450 18776 18788 I art     : Starting a blocking GC Explicit
08-05 01:33:28.481 18776 18788 I art     : Explicit concurrent mark sweep GC freed 24(992B) AllocSpace objects, 0(0B) LOS objects, 38% free, 25MB/41MB, paused 332us total 30.678ms
08-05 01:33:28.492 18776 18788 I art     : Starting a blocking GC Explicit
08-05 01:33:28.521 18776 18788 I art     : Explicit concurrent mark sweep GC freed 3(96B) AllocSpace objects, 0(0B) LOS objects, 38% free, 25MB/41MB, paused 314us total 28.135ms
08-05 01:33:28.532 18776 18788 I art     : Starting a blocking GC Explicit
08-05 01:33:28.560 18776 18788 I art     : Explicit concurrent mark sweep GC freed 5(160B) AllocSpace objects, 0(0B) LOS objects, 38% free, 25MB/41MB, paused 284us total 27.824ms
08-05 01:33:28.571 18776 18788 I art     : Starting a blocking GC Explicit
08-05 01:33:28.599 18776 18788 I art     : Explicit concurrent mark sweep GC freed 9(288B) AllocSpace objects, 0(0B) LOS objects, 38% free, 25MB/41MB, paused 308us total 28.034ms
08-05 01:33:28.654 10296 10296 I Atfwd_Sendcmd: AtCmdFwd service not ready - Exhausted retry attempts - :6
08-05 01:33:28.654 10296 10296 I Atfwd_Daemon: result : -1 	 ,Init step :2 	 ,qmiErrorCode: 0
08-05 01:33:28.878 18776 19290 I art     : Starting a blocking GC Explicit
08-05 01:33:28.889   512  2967 D audio_hw_primary: disable_audio_route: reset and update mixer path: low-latency-playback speaker
08-05 01:33:28.890   512  2967 D audio_hw_primary: disable_snd_device: snd_device(2: speaker)
08-05 01:33:28.898   512  2967 I soundtrigger: audio_extn_sound_trigger_update_device_status: device 0x2 of type 0 for Event 0
08-05 01:33:28.911 18776 19290 I art     : Explicit concurrent mark sweep GC freed 1296(75KB) AllocSpace objects, 1(20KB) LOS objects, 38% free, 25MB/41MB, paused 312us total 31.929ms
08-05 01:33:28.923 18776 19290 I art     : Starting a blocking GC Explicit
08-05 01:33:28.952 18776 19290 I art     : Explicit concurrent mark sweep GC freed 20(688B) AllocSpace objects, 0(0B) LOS objects, 38% free, 25MB/41MB, paused 282us total 28.355ms
08-05 01:33:28.963 18776 19290 I art     : Starting a blocking GC Explicit
08-05 01:33:28.993 18776 19290 I art     : Explicit concurrent mark sweep GC freed 3(96B) AllocSpace objects, 0(0B) LOS objects, 38% free, 25MB/41MB, paused 311us total 30.104ms
08-05 01:33:29.005 18776 19290 I art     : Starting a blocking GC Explicit
08-05 01:33:29.036 18776 19290 I art     : Explicit concurrent mark sweep GC freed 5(160B) AllocSpace objects, 0(0B) LOS objects, 38% free, 25MB/41MB, paused 313us total 31.318ms
08-05 01:33:29.048 18776 19290 I art     : Starting a blocking GC Explicit
08-05 01:33:29.080 18776 19290 I art     : Explicit concurrent mark sweep GC freed 3(96B) AllocSpace objects, 0(0B) LOS objects, 38% free, 25MB/41MB, paused 314us total 31.588ms
08-05 01:33:29.391 18776 18787 I art     : Starting a blocking GC Explicit
08-05 01:33:29.433 18776 18787 I art     : Explicit concurrent mark sweep GC freed 1293(75KB) AllocSpace objects, 1(20KB) LOS objects, 38% free, 25MB/41MB, paused 349us total 41.198ms
08-05 01:33:29.450 18776 18787 I art     : Starting a blocking GC Explicit
08-05 01:33:29.483 18776 18787 I art     : Explicit concurrent mark sweep GC freed 18(624B) AllocSpace objects, 0(0B) LOS objects, 38% free, 25MB/41MB, paused 318us total 32.529ms
08-05 01:33:29.495 18776 18787 I art     : Starting a blocking GC Explicit
08-05 01:33:29.527 18776 18787 I art     : Explicit concurrent mark sweep GC freed 3(96B) AllocSpace objects, 0(0B) LOS objects, 38% free, 25MB/41MB, paused 356us total 32.569ms
08-05 01:33:29.540 18776 18787 I art     : Starting a blocking GC Explicit
08-05 01:33:29.571 18776 18787 I art     : Explicit concurrent mark sweep GC freed 3(96B) AllocSpace objects, 0(0B) LOS objects, 38% free, 25MB/41MB, paused 295us total 30.992ms
08-05 01:33:29.583 18776 18787 I art     : Starting a blocking GC Explicit
08-05 01:33:29.612 18776 18787 I art     : Explicit concurrent mark sweep GC freed 3(96B) AllocSpace objects, 0(0B) LOS objects, 38% free, 25MB/41MB, paused 304us total 28.457ms
08-05 01:33:29.905 18776 18788 I art     : Starting a blocking GC Explicit
08-05 01:33:29.938 18776 18788 I art     : Explicit concurrent mark sweep GC freed 1293(75KB) AllocSpace objects, 1(20KB) LOS objects, 38% free, 25MB/41MB, paused 360us total 32.451ms
08-05 01:33:29.950 18776 18788 I art     : Starting a blocking GC Explicit
08-05 01:33:29.966 19482 19482 D AndroidRuntime: >>>>>> START com.android.internal.os.RuntimeInit uid 2000 <<<<<<
08-05 01:33:29.970 19482 19482 D AndroidRuntime: CheckJNI is OFF
08-05 01:33:29.978 18776 18788 I art     : Explicit concurrent mark sweep GC freed 20(688B) AllocSpace objects, 0(0B) LOS objects, 38% free, 25MB/41MB, paused 289us total 28.148ms
08-05 01:33:29.990 18776 18788 I art     : Starting a blocking GC Explicit
08-05 01:33:30.003 19482 19482 D ICU     : No timezone override file found: /data/misc/zoneinfo/current/icu/icu_tzdata.dat
08-05 01:33:30.018 18776 18788 I art     : Explicit concurrent mark sweep GC freed 8(256B) AllocSpace objects, 0(0B) LOS objects, 38% free, 25MB/41MB, paused 310us total 27.991ms
08-05 01:33:30.029 18776 18788 I art     : Starting a blocking GC Explicit
08-05 01:33:30.036 19482 19482 I Radio-JNI: register_android_hardware_Radio DONE
08-05 01:33:30.057 18776 18788 I art     : Explicit concurrent mark sweep GC freed 8(256B) AllocSpace objects, 0(0B) LOS objects, 38% free, 25MB/41MB, paused 318us total 27.965ms
08-05 01:33:30.058 19482 19482 D AndroidRuntime: Calling main entry com.android.commands.input.Input
08-05 01:33:30.060 19482 19482 I Input   : injectMotionEvent: MotionEvent { action=ACTION_DOWN, actionButton=0, id[0]=0, x[0]=436.0, y[0]=1770.0, toolType[0]=TOOL_TYPE_UNKNOWN, buttonState=0, metaState=0, flags=0x0, edgeFlags=0x0, pointerCount=1, historySize=0, eventTime=754426472, downTime=754426472, deviceId=0, source=0x1002 }
08-05 01:33:30.065 19482 19482 I Input   : injectMotionEvent: MotionEvent { action=ACTION_UP, actionButton=0, id[0]=0, x[0]=436.0, y[0]=1770.0, toolType[0]=TOOL_TYPE_UNKNOWN, buttonState=0, metaState=0, flags=0x0, edgeFlags=0x0, pointerCount=1, historySize=0, eventTime=754426472, downTime=754426472, deviceId=0, source=0x1002 }
08-05 01:33:30.067 19482 19482 D AndroidRuntime: Shutting down VM
08-05 01:33:30.068 18776 18788 I art     : Starting a blocking GC Explicit
08-05 01:33:30.073 18776 18776 D MainActivity: NavigationItemSelected: Courses
08-05 01:33:30.074   918  3359 I ActivityManager: START u0 {cmp=baseline.com.ak.uobtimetable/.CourseListActivity} from uid 10684 on display 0
08-05 01:33:30.075   512  2967 D audio_hw_primary: out_set_parameters: enter: usecase(1: low-latency-playback) kvpairs: routing=2
08-05 01:33:30.087   512  2967 D audio_hw_primary: select_devices: out_snd_device(2: speaker) in_snd_device(0: none)
08-05 01:33:30.088   512  2967 D msm8974_platform: platform_send_audio_calibration: sending audio calibration for snd_device(2) acdb_id(15)
08-05 01:33:30.088   512  2967 I soundtrigger: audio_extn_sound_trigger_update_device_status: device 0x2 of type 0 for Event 1
08-05 01:33:30.096   512  2967 D audio_hw_primary: enable_snd_device: snd_device(2: speaker)
08-05 01:33:30.098   512  2967 D audio_hw_primary: enable_audio_route: apply and update mixer path: low-latency-playback speaker
08-05 01:33:30.099 18776 18788 I art     : Explicit concurrent mark sweep GC freed 307(11KB) AllocSpace objects, 0(0B) LOS objects, 38% free, 25MB/41MB, paused 558us total 30.248ms
08-05 01:33:30.100 18776 18776 D MainActivity: OnPause
08-05 01:33:30.126 18776 18776 D CourseListActivity: onCreate
08-05 01:33:30.128 18776 19505 D HTTP    : Request for: https://uob-timetable-api.adriankeenan.co.uk/courses
08-05 01:33:30.192   918   936 I ActivityManager: Displayed baseline.com.ak.uobtimetable/.CourseListActivity: +91ms
08-05 01:33:30.193 13866 13866 I GoogleInputMethodServic: GoogleInputMethodService.onFinishInput():3138 
08-05 01:33:30.193 13866 13866 I GoogleInputMethodServic: GoogleInputMethodService.onStartInput():1808 
08-05 01:33:30.348 18776 19160 I art     : Starting a blocking GC Explicit
08-05 01:33:30.375 18776 19505 I NAPPA_EXPERIMENTATION: MetricNetworkRequestExecutionTime: REQUEST_DURATION_SYSTEM='247',REQUEST_DURATION_OKHTTP='40',REQUEST_SYNCHRONOUS='TRUE',RESPONSE_CODE='200',RESPONSE_METHOD='GET',RESPONSE_LENGTH_OKHTTP='-1',RESPONSE_LENGTH_HEADER='-2',REQUEST_PROTOCOL='http/1.1',REQUEST_URL='https://uob-timetable-api.adriankeenan.co.uk/courses',
08-05 01:33:30.382 18776 19160 I art     : Explicit concurrent mark sweep GC freed 6283(354KB) AllocSpace objects, 4(220KB) LOS objects, 37% free, 26MB/42MB, paused 363us total 33.977ms
08-05 01:33:30.395 18776 19160 I art     : Starting a blocking GC Explicit
08-05 01:33:30.429 18776 19160 I art     : Explicit concurrent mark sweep GC freed 1548(148KB) AllocSpace objects, 0(0B) LOS objects, 36% free, 27MB/43MB, paused 502us total 33.289ms
08-05 01:33:30.440 18776 19160 I art     : Starting a blocking GC Explicit
08-05 01:33:30.470 18776 19160 I art     : Explicit concurrent mark sweep GC freed 53(2160B) AllocSpace objects, 0(0B) LOS objects, 33% free, 31MB/47MB, paused 347us total 29.315ms
08-05 01:33:30.470 18776 18786 I art     : WaitForGcToComplete blocked for 29.525ms for cause HeapTrim
08-05 01:33:30.481 18776 19160 I art     : Starting a blocking GC Explicit
08-05 01:33:30.509 18776 19160 I art     : Explicit concurrent mark sweep GC freed 17(432B) AllocSpace objects, 0(0B) LOS objects, 32% free, 33MB/49MB, paused 349us total 28.426ms
08-05 01:33:30.520 18776 19160 I art     : Starting a blocking GC Explicit
08-05 01:33:30.549 18776 19160 I art     : Explicit concurrent mark sweep GC freed 34(1392B) AllocSpace objects, 0(0B) LOS objects, 30% free, 36MB/52MB, paused 479us total 28.253ms
08-05 01:33:30.557 18776 18776 D MainActivity: Saving state
08-05 01:33:30.557 18776 18776 D MainActivity: Saving current fragment: SessionListsFragment
08-05 01:33:30.558 18776 18776 D MainActivity: Saving current index: 2
08-05 01:33:30.558 18776 18776 D SessionListsFragment: Saving state
08-05 01:33:30.640   512  2967 D audio_hw_primary: disable_audio_route: reset and update mixer path: low-latency-playback speaker
08-05 01:33:30.641   512  2967 D audio_hw_primary: disable_snd_device: snd_device(2: speaker)
08-05 01:33:30.648   512  2967 I soundtrigger: audio_extn_sound_trigger_update_device_status: device 0x2 of type 0 for Event 0
08-05 01:33:30.771 18776 19505 I HTTP    : Response was compressed.
08-05 01:33:30.826 18776 18787 I art     : Starting a blocking GC Explicit
08-05 01:33:30.868 18776 18787 I art     : Explicit concurrent mark sweep GC freed 28388(1327KB) AllocSpace objects, 2(22MB) LOS objects, 27% free, 41MB/57MB, paused 597us total 41.368ms
08-05 01:33:30.879 18776 18787 I art     : Starting a blocking GC Explicit
08-05 01:33:30.914 18776 18787 I art     : Explicit concurrent mark sweep GC freed 27297(1308KB) AllocSpace objects, 0(0B) LOS objects, 27% free, 41MB/57MB, paused 595us total 33.985ms
08-05 01:33:30.925 18776 18787 I art     : Starting a blocking GC Explicit
08-05 01:33:30.960 18776 18787 I art     : Explicit concurrent mark sweep GC freed 25235(1189KB) AllocSpace objects, 0(0B) LOS objects, 27% free, 41MB/57MB, paused 896us total 34.628ms
08-05 01:33:30.972 18776 18787 I art     : Starting a blocking GC Explicit
08-05 01:33:31.007 18776 18787 I art     : Explicit concurrent mark sweep GC freed 26230(1224KB) AllocSpace objects, 0(0B) LOS objects, 27% free, 42MB/58MB, paused 623us total 35.235ms
08-05 01:33:31.019 18776 18787 I art     : Starting a blocking GC Explicit
08-05 01:33:31.054 18776 18787 I art     : Explicit concurrent mark sweep GC freed 25716(1211KB) AllocSpace objects, 0(0B) LOS objects, 27% free, 42MB/58MB, paused 636us total 35.232ms
08-05 01:33:31.350 18776 18788 I art     : Starting a blocking GC Explicit
08-05 01:33:31.408 18776 18788 I art     : Explicit concurrent mark sweep GC freed 182285(8MB) AllocSpace objects, 1(20KB) LOS objects, 26% free, 43MB/59MB, paused 596us total 57.738ms
08-05 01:33:31.422 18776 18788 I art     : Starting a blocking GC Explicit
08-05 01:33:31.461 18776 18788 I art     : Explicit concurrent mark sweep GC freed 34331(1623KB) AllocSpace objects, 0(0B) LOS objects, 26% free, 43MB/59MB, paused 642us total 39.594ms
08-05 01:33:31.474 18776 18788 I art     : Starting a blocking GC Explicit
08-05 01:33:31.515 18776 18788 I art     : Explicit concurrent mark sweep GC freed 28891(1365KB) AllocSpace objects, 0(0B) LOS objects, 26% free, 44MB/60MB, paused 753us total 40.071ms
08-05 01:33:31.528 18776 18788 I art     : Starting a blocking GC Explicit
08-05 01:33:31.568 18776 18788 I art     : Explicit concurrent mark sweep GC freed 29562(1382KB) AllocSpace objects, 0(0B) LOS objects, 26% free, 44MB/60MB, paused 765us total 40.176ms
08-05 01:33:31.582 18776 18788 I art     : Starting a blocking GC Explicit
08-05 01:33:31.623 18776 18788 I art     : Explicit concurrent mark sweep GC freed 29259(1395KB) AllocSpace objects, 0(0B) LOS objects, 26% free, 44MB/60MB, paused 791us total 40.879ms
08-05 01:33:31.918 18776 19160 I art     : Starting a blocking GC Explicit
08-05 01:33:31.980 18776 19160 I art     : Explicit concurrent mark sweep GC freed 183069(8MB) AllocSpace objects, 1(20KB) LOS objects, 25% free, 46MB/62MB, paused 672us total 61.963ms
08-05 01:33:31.995 18776 19160 I art     : Starting a blocking GC Explicit
08-05 01:33:32.039 18776 19160 I art     : Explicit concurrent mark sweep GC freed 37811(1798KB) AllocSpace objects, 0(0B) LOS objects, 25% free, 46MB/62MB, paused 844us total 44ms
08-05 01:33:32.053 18776 19160 I art     : Starting a blocking GC Explicit
08-05 01:33:32.099 18776 19160 I art     : Explicit concurrent mark sweep GC freed 32346(1520KB) AllocSpace objects, 0(0B) LOS objects, 25% free, 46MB/62MB, paused 843us total 45.284ms
08-05 01:33:32.113 18776 19160 I art     : Starting a blocking GC Explicit
08-05 01:33:32.160 18776 19160 I art     : Explicit concurrent mark sweep GC freed 33098(1556KB) AllocSpace objects, 0(0B) LOS objects, 25% free, 46MB/62MB, paused 837us total 46.444ms
08-05 01:33:32.175 18776 19160 I art     : Starting a blocking GC Explicit
08-05 01:33:32.222 18776 19160 I art     : Explicit concurrent mark sweep GC freed 33282(1557KB) AllocSpace objects, 0(0B) LOS objects, 25% free, 46MB/62MB, paused 927us total 47.113ms
08-05 01:33:32.510 18776 18787 I art     : Starting a blocking GC Explicit
08-05 01:33:32.578 18776 18787 I art     : Explicit concurrent mark sweep GC freed 182271(8MB) AllocSpace objects, 1(20KB) LOS objects, 24% free, 48MB/64MB, paused 807us total 67.898ms
08-05 01:33:32.595 18776 18787 I art     : Starting a blocking GC Explicit
08-05 01:33:32.645 18776 18787 I art     : Explicit concurrent mark sweep GC freed 40715(1977KB) AllocSpace objects, 0(0B) LOS objects, 24% free, 48MB/64MB, paused 885us total 50.339ms
08-05 01:33:32.661 18776 18787 I art     : Starting a blocking GC Explicit
08-05 01:33:32.712 18776 18787 I art     : Explicit concurrent mark sweep GC freed 36089(1686KB) AllocSpace objects, 0(0B) LOS objects, 24% free, 48MB/64MB, paused 934us total 50.360ms
08-05 01:33:32.728 18776 18787 I art     : Starting a blocking GC Explicit
08-05 01:33:32.780 18776 18787 I art     : Explicit concurrent mark sweep GC freed 33143(1582KB) AllocSpace objects, 0(0B) LOS objects, 24% free, 48MB/64MB, paused 979us total 52.012ms
08-05 01:33:32.796 18776 18787 I art     : Starting a blocking GC Explicit
08-05 01:33:32.848 18776 18787 I art     : Explicit concurrent mark sweep GC freed 33072(1556KB) AllocSpace objects, 0(0B) LOS objects, 24% free, 49MB/65MB, paused 912us total 52.011ms
08-05 01:33:33.140 18776 19160 I art     : Starting a blocking GC Explicit
08-05 01:33:33.219 18776 19160 I art     : Explicit concurrent mark sweep GC freed 185480(8MB) AllocSpace objects, 1(20KB) LOS objects, 23% free, 50MB/66MB, paused 953us total 78.204ms
08-05 01:33:33.237 18776 19160 I art     : Starting a blocking GC Explicit
08-05 01:33:33.294 18776 19160 I art     : Explicit concurrent mark sweep GC freed 45505(2MB) AllocSpace objects, 0(0B) LOS objects, 23% free, 50MB/66MB, paused 1.269ms total 56.622ms
08-05 01:33:33.311 18776 19160 I art     : Starting a blocking GC Explicit
08-05 01:33:33.367 18776 19160 I art     : Explicit concurrent mark sweep GC freed 38152(1781KB) AllocSpace objects, 0(0B) LOS objects, 23% free, 51MB/67MB, paused 1.013ms total 55.367ms
08-05 01:33:33.385 18776 19160 I art     : Starting a blocking GC Explicit
08-05 01:33:33.441 18776 19160 I art     : Explicit concurrent mark sweep GC freed 38296(1812KB) AllocSpace objects, 0(0B) LOS objects, 23% free, 51MB/67MB, paused 1.060ms total 55.527ms
08-05 01:33:33.457 18776 19160 I art     : Starting a blocking GC Explicit
08-05 01:33:33.514 18776 19160 I art     : Explicit concurrent mark sweep GC freed 39230(1847KB) AllocSpace objects, 0(0B) LOS objects, 23% free, 51MB/67MB, paused 1.025ms total 57.011ms
08-05 01:33:33.598 18776 19505 I Service : getCourses response time: 0.69
08-05 01:33:33.610 18776 18776 I SettingsManager: Getting string: savedCourse
08-05 01:33:33.789 18776 19160 I art     : Starting a blocking GC Explicit
08-05 01:33:33.860 18776 19160 I art     : Explicit concurrent mark sweep GC freed 51392(2MB) AllocSpace objects, 2(15MB) LOS objects, 30% free, 37MB/53MB, paused 354us total 70.429ms
08-05 01:33:33.878 18776 19160 I art     : Starting a blocking GC Explicit
08-05 01:33:33.937 18776 19160 I art     : Explicit concurrent mark sweep GC freed 751(66KB) AllocSpace objects, 0(0B) LOS objects, 30% free, 37MB/53MB, paused 351us total 58.597ms
08-05 01:33:33.955 18776 19160 I art     : Starting a blocking GC Explicit
08-05 01:33:34.016 18776 19160 I art     : Explicit concurrent mark sweep GC freed 3(96B) AllocSpace objects, 0(0B) LOS objects, 30% free, 37MB/53MB, paused 350us total 60.033ms
08-05 01:33:34.035 18776 19160 I art     : Starting a blocking GC Explicit
08-05 01:33:34.096 18776 19160 I art     : Explicit concurrent mark sweep GC freed 3(96B) AllocSpace objects, 0(0B) LOS objects, 30% free, 37MB/53MB, paused 360us total 60.436ms
08-05 01:33:34.116 18776 19160 I art     : Starting a blocking GC Explicit
08-05 01:33:34.172 18776 19160 I art     : Explicit concurrent mark sweep GC freed 3(96B) AllocSpace objects, 0(0B) LOS objects, 30% free, 37MB/53MB, paused 340us total 56.169ms
08-05 01:33:34.517 18776 18787 I art     : Starting a blocking GC Explicit
08-05 01:33:34.595 18776 18787 I art     : Explicit concurrent mark sweep GC freed 1293(75KB) AllocSpace objects, 1(20KB) LOS objects, 30% free, 37MB/53MB, paused 362us total 78.039ms
08-05 01:33:34.615 18776 18787 I art     : Starting a blocking GC Explicit
08-05 01:33:34.670 18776 18787 I art     : Explicit concurrent mark sweep GC freed 18(624B) AllocSpace objects, 0(0B) LOS objects, 30% free, 37MB/53MB, paused 345us total 55.601ms
08-05 01:33:34.689 18776 18787 I art     : Starting a blocking GC Explicit
08-05 01:33:34.750 18776 18787 I art     : Explicit concurrent mark sweep GC freed 3(96B) AllocSpace objects, 0(0B) LOS objects, 30% free, 37MB/53MB, paused 341us total 60.321ms
08-05 01:33:34.770 18776 18787 I art     : Starting a blocking GC Explicit
08-05 01:33:34.827 18776 18787 I art     : Explicit concurrent mark sweep GC freed 3(96B) AllocSpace objects, 0(0B) LOS objects, 30% free, 37MB/53MB, paused 352us total 56.220ms
08-05 01:33:34.846 18776 18787 I art     : Starting a blocking GC Explicit
08-05 01:33:34.903 18776 18787 I art     : Explicit concurrent mark sweep GC freed 3(96B) AllocSpace objects, 0(0B) LOS objects, 30% free, 37MB/53MB, paused 353us total 56.053ms
08-05 01:33:35.250 18776 18987 I art     : Starting a blocking GC Explicit
08-05 01:33:35.319 18776 18987 I art     : Explicit concurrent mark sweep GC freed 1295(75KB) AllocSpace objects, 1(20KB) LOS objects, 30% free, 37MB/53MB, paused 354us total 68.993ms
08-05 01:33:35.339 18776 18987 I art     : Starting a blocking GC Explicit
08-05 01:33:35.400 18776 18987 I art     : Explicit concurrent mark sweep GC freed 18(624B) AllocSpace objects, 0(0B) LOS objects, 30% free, 37MB/53MB, paused 350us total 60.421ms
08-05 01:33:35.419 18776 18987 I art     : Starting a blocking GC Explicit
08-05 01:33:35.480 18776 18987 I art     : Explicit concurrent mark sweep GC freed 3(96B) AllocSpace objects, 0(0B) LOS objects, 30% free, 37MB/53MB, paused 354us total 60.529ms
08-05 01:33:35.500 18776 18987 I art     : Starting a blocking GC Explicit
08-05 01:33:35.560 18776 18987 I art     : Explicit concurrent mark sweep GC freed 16(496B) AllocSpace objects, 0(0B) LOS objects, 30% free, 37MB/53MB, paused 347us total 59.946ms
08-05 01:33:35.560 18776 18786 I art     : WaitForGcToComplete blocked for 50.656ms for cause HeapTrim
08-05 01:33:35.579 18776 18987 I art     : Starting a blocking GC Explicit
08-05 01:33:35.637 18776 18987 I art     : Explicit concurrent mark sweep GC freed 33(1872B) AllocSpace objects, 0(0B) LOS objects, 30% free, 37MB/53MB, paused 350us total 57.383ms
08-05 01:33:35.973 18776 18787 I art     : Starting a blocking GC Explicit
08-05 01:33:36.048 18776 18787 I art     : Explicit concurrent mark sweep GC freed 1299(75KB) AllocSpace objects, 1(20KB) LOS objects, 30% free, 37MB/53MB, paused 432us total 74.318ms
08-05 01:33:36.067 18776 18787 I art     : Starting a blocking GC Explicit
08-05 01:33:36.128 18776 18787 I art     : Explicit concurrent mark sweep GC freed 18(624B) AllocSpace objects, 0(0B) LOS objects, 30% free, 37MB/53MB, paused 358us total 60.702ms
08-05 01:33:36.147 18776 18787 I art     : Starting a blocking GC Explicit
08-05 01:33:36.208 18776 18787 I art     : Explicit concurrent mark sweep GC freed 3(96B) AllocSpace objects, 0(0B) LOS objects, 30% free, 37MB/53MB, paused 380us total 60.902ms
08-05 01:33:36.229 18776 18787 I art     : Starting a blocking GC Explicit
08-05 01:33:36.290 18776 18787 I art     : Explicit concurrent mark sweep GC freed 3(96B) AllocSpace objects, 0(0B) LOS objects, 30% free, 37MB/53MB, paused 359us total 61.008ms
08-05 01:33:36.310 18776 18787 I art     : Starting a blocking GC Explicit
08-05 01:33:36.369 18776 18787 I art     : Explicit concurrent mark sweep GC freed 3(96B) AllocSpace objects, 0(0B) LOS objects, 30% free, 37MB/53MB, paused 328us total 58.722ms
08-05 01:33:36.678 18776 18788 I art     : Starting a blocking GC Explicit
08-05 01:33:36.742 18776 18788 I art     : Explicit concurrent mark sweep GC freed 1294(75KB) AllocSpace objects, 1(20KB) LOS objects, 30% free, 37MB/53MB, paused 368us total 63.671ms
08-05 01:33:36.746 19607 19607 D AndroidRuntime: >>>>>> START com.android.internal.os.RuntimeInit uid 2000 <<<<<<
08-05 01:33:36.752 19607 19607 D AndroidRuntime: CheckJNI is OFF
08-05 01:33:36.761 18776 18788 I art     : Starting a blocking GC Explicit
08-05 01:33:36.785 19607 19607 D ICU     : No timezone override file found: /data/misc/zoneinfo/current/icu/icu_tzdata.dat
08-05 01:33:36.817 18776 18788 I art     : Explicit concurrent mark sweep GC freed 18(624B) AllocSpace objects, 0(0B) LOS objects, 30% free, 37MB/53MB, paused 365us total 55.416ms
08-05 01:33:36.821 19607 19607 I Radio-JNI: register_android_hardware_Radio DONE
08-05 01:33:36.835 18776 18788 I art     : Starting a blocking GC Explicit
08-05 01:33:36.844 19607 19607 D AndroidRuntime: Calling main entry com.android.commands.input.Input
08-05 01:33:36.846 19607 19607 I Input   : injectMotionEvent: MotionEvent { action=ACTION_DOWN, actionButton=0, id[0]=0, x[0]=558.0, y[0]=368.0, toolType[0]=TOOL_TYPE_UNKNOWN, buttonState=0, metaState=0, flags=0x0, edgeFlags=0x0, pointerCount=1, historySize=0, eventTime=754433259, downTime=754433259, deviceId=0, source=0x1002 }
08-05 01:33:36.851 19607 19607 I Input   : injectMotionEvent: MotionEvent { action=ACTION_UP, actionButton=0, id[0]=0, x[0]=558.0, y[0]=368.0, toolType[0]=TOOL_TYPE_UNKNOWN, buttonState=0, metaState=0, flags=0x0, edgeFlags=0x0, pointerCount=1, historySize=0, eventTime=754433259, downTime=754433259, deviceId=0, source=0x1002 }
08-05 01:33:36.852 19607 19607 D AndroidRuntime: Shutting down VM
08-05 01:33:36.891 18776 18788 I art     : Explicit concurrent mark sweep GC freed 173(31KB) AllocSpace objects, 0(0B) LOS objects, 30% free, 37MB/53MB, paused 439us total 55.679ms
08-05 01:33:36.908 18776 18788 I art     : Starting a blocking GC Explicit
08-05 01:33:36.967 18776 18788 I art     : Explicit concurrent mark sweep GC freed 639(56KB) AllocSpace objects, 0(0B) LOS objects, 30% free, 37MB/53MB, paused 727us total 58.579ms
08-05 01:33:36.985 18776 18788 I art     : Starting a blocking GC Explicit
08-05 01:33:37.040 18776 18788 I art     : Explicit concurrent mark sweep GC freed 139(9KB) AllocSpace objects, 0(0B) LOS objects, 30% free, 37MB/53MB, paused 336us total 55.060ms
08-05 01:33:37.326 18776 18987 I art     : Starting a blocking GC Explicit
08-05 01:33:37.391 18776 18987 I art     : Explicit concurrent mark sweep GC freed 1661(92KB) AllocSpace objects, 1(20KB) LOS objects, 30% free, 37MB/53MB, paused 337us total 64.632ms
08-05 01:33:37.411 18776 18987 I art     : Starting a blocking GC Explicit
08-05 01:33:37.466 18776 18987 I art     : Explicit concurrent mark sweep GC freed 43(1520B) AllocSpace objects, 0(0B) LOS objects, 30% free, 37MB/53MB, paused 313us total 54.632ms
08-05 01:33:37.483 18776 18987 I art     : Starting a blocking GC Explicit
08-05 01:33:37.536 18776 18987 I art     : Explicit concurrent mark sweep GC freed 7(224B) AllocSpace objects, 0(0B) LOS objects, 30% free, 37MB/53MB, paused 316us total 53.183ms
08-05 01:33:37.556 18776 18987 I art     : Starting a blocking GC Explicit
08-05 01:33:37.607 18776 18987 I art     : Explicit concurrent mark sweep GC freed 9(352B) AllocSpace objects, 0(0B) LOS objects, 30% free, 37MB/53MB, paused 306us total 50.744ms
08-05 01:33:37.626 18776 18987 I art     : Starting a blocking GC Explicit
08-05 01:33:37.687 18776 18987 I art     : Explicit concurrent mark sweep GC freed 3(96B) AllocSpace objects, 0(0B) LOS objects, 30% free, 37MB/53MB, paused 485us total 60.973ms
08-05 01:33:37.786   918  3261 D WifiStateMachine: starting scan for "H369AA63323"WPA_PSK with 2412,5180
08-05 01:33:37.998 18776 19160 I art     : Starting a blocking GC Explicit
08-05 01:33:38.080 18776 19160 I art     : Explicit concurrent mark sweep GC freed 1293(75KB) AllocSpace objects, 1(20KB) LOS objects, 30% free, 37MB/53MB, paused 386us total 81.414ms
08-05 01:33:38.102 18776 19160 I art     : Starting a blocking GC Explicit
08-05 01:33:38.156 18776 19160 I art     : Explicit concurrent mark sweep GC freed 18(624B) AllocSpace objects, 0(0B) LOS objects, 30% free, 37MB/53MB, paused 387us total 53.644ms
08-05 01:33:38.174 18776 19160 I art     : Starting a blocking GC Explicit
08-05 01:33:38.229 18776 19160 I art     : Explicit concurrent mark sweep GC freed 3(96B) AllocSpace objects, 0(0B) LOS objects, 30% free, 37MB/53MB, paused 341us total 54.780ms
08-05 01:33:38.248 18776 19160 I art     : Starting a blocking GC Explicit
08-05 01:33:38.307 18776 19160 I art     : Explicit concurrent mark sweep GC freed 3(96B) AllocSpace objects, 0(0B) LOS objects, 30% free, 37MB/53MB, paused 348us total 58.944ms
08-05 01:33:38.325 18776 19160 I art     : Starting a blocking GC Explicit
08-05 01:33:38.381 18776 19160 I art     : Explicit concurrent mark sweep GC freed 3(96B) AllocSpace objects, 0(0B) LOS objects, 30% free, 37MB/53MB, paused 350us total 55.318ms
08-05 01:33:38.505 19651 19651 D AndroidRuntime: >>>>>> START com.android.internal.os.RuntimeInit uid 2000 <<<<<<
08-05 01:33:38.511 19651 19651 D AndroidRuntime: CheckJNI is OFF
08-05 01:33:38.547 19651 19651 D ICU     : No timezone override file found: /data/misc/zoneinfo/current/icu/icu_tzdata.dat
08-05 01:33:38.582 19651 19651 I Radio-JNI: register_android_hardware_Radio DONE
08-05 01:33:38.602 19651 19651 D AndroidRuntime: Calling main entry com.android.commands.input.Input
08-05 01:33:38.604 19651 19651 I Input   : injectMotionEvent: MotionEvent { action=ACTION_DOWN, actionButton=0, id[0]=0, x[0]=945.0, y[0]=1376.0, toolType[0]=TOOL_TYPE_UNKNOWN, buttonState=0, metaState=0, flags=0x0, edgeFlags=0x0, pointerCount=1, historySize=0, eventTime=754435017, downTime=754435017, deviceId=0, source=0x1002 }
08-05 01:33:38.608 19651 19651 I Input   : injectMotionEvent: MotionEvent { action=ACTION_UP, actionButton=0, id[0]=0, x[0]=945.0, y[0]=1376.0, toolType[0]=TOOL_TYPE_UNKNOWN, buttonState=0, metaState=0, flags=0x0, edgeFlags=0x0, pointerCount=1, historySize=0, eventTime=754435017, downTime=754435017, deviceId=0, source=0x1002 }
08-05 01:33:38.610 19651 19651 D AndroidRuntime: Shutting down VM
08-05 01:33:38.683   512  2967 D audio_hw_primary: out_set_parameters: enter: usecase(1: low-latency-playback) kvpairs: routing=2
08-05 01:33:38.688 18776 18788 I art     : Starting a blocking GC Explicit
08-05 01:33:38.696   512  2967 D audio_hw_primary: select_devices: out_snd_device(2: speaker) in_snd_device(0: none)
08-05 01:33:38.696   512  2967 D msm8974_platform: platform_send_audio_calibration: sending audio calibration for snd_device(2) acdb_id(15)
08-05 01:33:38.696   512  2967 I soundtrigger: audio_extn_sound_trigger_update_device_status: device 0x2 of type 0 for Event 1
08-05 01:33:38.703 13866 13866 I GoogleInputMethodServic: GoogleInputMethodService.onFinishInput():3138 
08-05 01:33:38.704 13866 13866 I GoogleInputMethodServic: GoogleInputMethodService.onStartInput():1808 
08-05 01:33:38.707   512  2967 D audio_hw_primary: enable_snd_device: snd_device(2: speaker)
08-05 01:33:38.710   512  2967 D audio_hw_primary: enable_audio_route: apply and update mixer path: low-latency-playback speaker
08-05 01:33:38.724 13866 13866 I GoogleInputMethodServic: GoogleInputMethodService.onFinishInput():3138 
08-05 01:33:38.724 13866 13866 I GoogleInputMethodServic: GoogleInputMethodService.onStartInput():1808 
08-05 01:33:38.754 18776 18788 I art     : Explicit concurrent mark sweep GC freed 1826(111KB) AllocSpace objects, 1(20KB) LOS objects, 30% free, 37MB/53MB, paused 684us total 66.098ms
08-05 01:33:38.772 18776 18788 I art     : Starting a blocking GC Explicit
08-05 01:33:38.829 18776 18788 I art     : Explicit concurrent mark sweep GC freed 500(21KB) AllocSpace objects, 0(0B) LOS objects, 30% free, 37MB/53MB, paused 396us total 56.305ms
08-05 01:33:38.846 18776 18788 I art     : Starting a blocking GC Explicit
08-05 01:33:38.883   918   927 I art     : Background partial concurrent mark sweep GC freed 93720(10MB) AllocSpace objects, 150(3MB) LOS objects, 18% free, 69MB/85MB, paused 1.426ms total 199.728ms
08-05 01:33:38.902 18776 18788 I art     : Explicit concurrent mark sweep GC freed 689(62KB) AllocSpace objects, 0(0B) LOS objects, 30% free, 37MB/53MB, paused 352us total 55.529ms
08-05 01:33:38.919 18776 18788 I art     : Starting a blocking GC Explicit
08-05 01:33:38.971 18776 18788 I art     : Explicit concurrent mark sweep GC freed 5(192B) AllocSpace objects, 0(0B) LOS objects, 30% free, 37MB/53MB, paused 305us total 51.992ms
08-05 01:33:38.990 18776 18788 I art     : Starting a blocking GC Explicit
08-05 01:33:39.020 18776 18792 D OpenGLRenderer: endAllStagingAnimators on 0x7f99ed7c00 (ListPopupWindow$DropDownListView) with handle 0x7f79ba5200
08-05 01:33:39.047 18776 18788 I art     : Explicit concurrent mark sweep GC freed 34(1296B) AllocSpace objects, 0(0B) LOS objects, 30% free, 37MB/53MB, paused 392us total 56.770ms
08-05 01:33:39.248   512  2967 D audio_hw_primary: disable_audio_route: reset and update mixer path: low-latency-playback speaker
08-05 01:33:39.249   512  2967 D audio_hw_primary: disable_snd_device: snd_device(2: speaker)
08-05 01:33:39.258   512  2967 I soundtrigger: audio_extn_sound_trigger_update_device_status: device 0x2 of type 0 for Event 0
08-05 01:33:39.366 18776 18987 I art     : Starting a blocking GC Explicit
08-05 01:33:39.446 18776 18987 I art     : Explicit concurrent mark sweep GC freed 1409(80KB) AllocSpace objects, 1(20KB) LOS objects, 30% free, 37MB/53MB, paused 382us total 80.255ms
08-05 01:33:39.465 18776 18987 I art     : Starting a blocking GC Explicit
08-05 01:33:39.523 18776 18987 I art     : Explicit concurrent mark sweep GC freed 564(38KB) AllocSpace objects, 0(0B) LOS objects, 30% free, 37MB/53MB, paused 356us total 57.741ms
08-05 01:33:39.542 18776 18987 I art     : Starting a blocking GC Explicit
08-05 01:33:39.603 18776 18987 I art     : Explicit concurrent mark sweep GC freed 3(96B) AllocSpace objects, 0(0B) LOS objects, 30% free, 37MB/53MB, paused 359us total 60.748ms
08-05 01:33:39.623 18776 18987 I art     : Starting a blocking GC Explicit
08-05 01:33:39.683 18776 18987 I art     : Explicit concurrent mark sweep GC freed 3(96B) AllocSpace objects, 0(0B) LOS objects, 30% free, 37MB/53MB, paused 373us total 60.056ms
08-05 01:33:39.703 18776 18987 I art     : Starting a blocking GC Explicit
08-05 01:33:39.760 18776 18987 I art     : Explicit concurrent mark sweep GC freed 3(96B) AllocSpace objects, 0(0B) LOS objects, 30% free, 37MB/53MB, paused 397us total 56.341ms
08-05 01:33:40.041 18776 18787 I art     : Starting a blocking GC Explicit
08-05 01:33:40.112 18776 18787 I art     : Explicit concurrent mark sweep GC freed 1293(75KB) AllocSpace objects, 1(20KB) LOS objects, 30% free, 37MB/53MB, paused 378us total 71.591ms
08-05 01:33:40.132 18776 18787 I art     : Starting a blocking GC Explicit
08-05 01:33:40.192 18776 18787 I art     : Explicit concurrent mark sweep GC freed 18(624B) AllocSpace objects, 0(0B) LOS objects, 30% free, 37MB/53MB, paused 344us total 59.629ms
08-05 01:33:40.210 18776 18787 I art     : Starting a blocking GC Explicit
08-05 01:33:40.269 18776 18787 I art     : Explicit concurrent mark sweep GC freed 3(96B) AllocSpace objects, 0(0B) LOS objects, 30% free, 37MB/53MB, paused 333us total 58.493ms
08-05 01:33:40.286 19684 19684 D AndroidRuntime: >>>>>> START com.android.internal.os.RuntimeInit uid 2000 <<<<<<
08-05 01:33:40.288 18776 18787 I art     : Starting a blocking GC Explicit
08-05 01:33:40.291 19684 19684 D AndroidRuntime: CheckJNI is OFF
08-05 01:33:40.323 19684 19684 D ICU     : No timezone override file found: /data/misc/zoneinfo/current/icu/icu_tzdata.dat
08-05 01:33:40.342 18776 18787 I art     : Explicit concurrent mark sweep GC freed 3(96B) AllocSpace objects, 0(0B) LOS objects, 30% free, 37MB/53MB, paused 360us total 53.768ms
08-05 01:33:40.358 19684 19684 I Radio-JNI: register_android_hardware_Radio DONE
08-05 01:33:40.360 18776 18787 I art     : Starting a blocking GC Explicit
08-05 01:33:40.380 19684 19684 D AndroidRuntime: Calling main entry com.android.commands.input.Input
08-05 01:33:40.382 19684 19684 I Input   : injectMotionEvent: MotionEvent { action=ACTION_DOWN, actionButton=0, id[0]=0, x[0]=481.0, y[0]=544.0, toolType[0]=TOOL_TYPE_UNKNOWN, buttonState=0, metaState=0, flags=0x0, edgeFlags=0x0, pointerCount=1, historySize=0, eventTime=754436795, downTime=754436795, deviceId=0, source=0x1002 }
08-05 01:33:40.387 19684 19684 I Input   : injectMotionEvent: MotionEvent { action=ACTION_UP, actionButton=0, id[0]=0, x[0]=481.0, y[0]=544.0, toolType[0]=TOOL_TYPE_UNKNOWN, buttonState=0, metaState=0, flags=0x0, edgeFlags=0x0, pointerCount=1, historySize=0, eventTime=754436795, downTime=754436795, deviceId=0, source=0x1002 }
08-05 01:33:40.389 19684 19684 D AndroidRuntime: Shutting down VM
08-05 01:33:40.414 18776 18787 I art     : Explicit concurrent mark sweep GC freed 144(6KB) AllocSpace objects, 0(0B) LOS objects, 30% free, 37MB/53MB, paused 447us total 53.969ms
08-05 01:33:40.696 18776 19160 I art     : Starting a blocking GC Explicit
08-05 01:33:40.750 18776 19160 I art     : Explicit concurrent mark sweep GC freed 2241(117KB) AllocSpace objects, 1(20KB) LOS objects, 30% free, 37MB/53MB, paused 332us total 54.463ms
08-05 01:33:40.769 18776 19160 I art     : Starting a blocking GC Explicit
08-05 01:33:40.821 18776 19160 I art     : Explicit concurrent mark sweep GC freed 73(4KB) AllocSpace objects, 0(0B) LOS objects, 30% free, 37MB/53MB, paused 312us total 52.093ms
08-05 01:33:40.839 18776 19160 I art     : Starting a blocking GC Explicit
08-05 01:33:40.892 18776 19160 I art     : Explicit concurrent mark sweep GC freed 38(1520B) AllocSpace objects, 0(0B) LOS objects, 30% free, 37MB/53MB, paused 342us total 52.932ms
08-05 01:33:40.910 18776 19160 I art     : Starting a blocking GC Explicit
08-05 01:33:40.962 18776 19160 I art     : Explicit concurrent mark sweep GC freed 15(480B) AllocSpace objects, 0(0B) LOS objects, 30% free, 37MB/53MB, paused 326us total 51.799ms
08-05 01:33:40.981 18776 19160 I art     : Starting a blocking GC Explicit
08-05 01:33:41.034 18776 19160 I art     : Explicit concurrent mark sweep GC freed 8(256B) AllocSpace objects, 0(0B) LOS objects, 30% free, 37MB/53MB, paused 361us total 53.500ms
08-05 01:33:41.336 18776 18987 I art     : Starting a blocking GC Explicit
08-05 01:33:41.412 18776 18987 I art     : Explicit concurrent mark sweep GC freed 1344(77KB) AllocSpace objects, 1(20KB) LOS objects, 30% free, 37MB/53MB, paused 363us total 75.867ms
08-05 01:33:41.431 18776 18987 I art     : Starting a blocking GC Explicit
08-05 01:33:41.495 18776 18987 I art     : Explicit concurrent mark sweep GC freed 18(624B) AllocSpace objects, 0(0B) LOS objects, 30% free, 37MB/53MB, paused 363us total 63.126ms
08-05 01:33:41.514 18776 18987 I art     : Starting a blocking GC Explicit
08-05 01:33:41.576 18776 18987 I art     : Explicit concurrent mark sweep GC freed 3(96B) AllocSpace objects, 0(0B) LOS objects, 30% free, 37MB/53MB, paused 435us total 62.538ms
08-05 01:33:41.596 18776 18987 I art     : Starting a blocking GC Explicit
08-05 01:33:41.648 18776 18987 I art     : Explicit concurrent mark sweep GC freed 3(96B) AllocSpace objects, 0(0B) LOS objects, 30% free, 37MB/53MB, paused 330us total 52.134ms
08-05 01:33:41.665 18776 18987 I art     : Starting a blocking GC Explicit
08-05 01:33:41.719 18776 18987 I art     : Explicit concurrent mark sweep GC freed 3(96B) AllocSpace objects, 0(0B) LOS objects, 30% free, 37MB/53MB, paused 366us total 53.379ms
08-05 01:33:42.011 18776 19160 I art     : Starting a blocking GC Explicit
08-05 01:33:42.029 19727 19727 D AndroidRuntime: >>>>>> START com.android.internal.os.RuntimeInit uid 2000 <<<<<<
08-05 01:33:42.034 19727 19727 D AndroidRuntime: CheckJNI is OFF
08-05 01:33:42.070 19727 19727 D ICU     : No timezone override file found: /data/misc/zoneinfo/current/icu/icu_tzdata.dat
08-05 01:33:42.076 18776 19160 I art     : Explicit concurrent mark sweep GC freed 1294(75KB) AllocSpace objects, 1(20KB) LOS objects, 30% free, 37MB/53MB, paused 340us total 64.163ms
08-05 01:33:42.096 18776 19160 I art     : Starting a blocking GC Explicit
08-05 01:33:42.108 19727 19727 I Radio-JNI: register_android_hardware_Radio DONE
08-05 01:33:42.129 19727 19727 D AndroidRuntime: Calling main entry com.android.commands.input.Input
08-05 01:33:42.130 19727 19727 I Input   : injectMotionEvent: MotionEvent { action=ACTION_DOWN, actionButton=0, id[0]=0, x[0]=310.0, y[0]=906.0, toolType[0]=TOOL_TYPE_UNKNOWN, buttonState=0, metaState=0, flags=0x0, edgeFlags=0x0, pointerCount=1, historySize=0, eventTime=754438543, downTime=754438543, deviceId=0, source=0x1002 }
08-05 01:33:42.138 19727 19727 I Input   : injectMotionEvent: MotionEvent { action=ACTION_UP, actionButton=0, id[0]=0, x[0]=310.0, y[0]=906.0, toolType[0]=TOOL_TYPE_UNKNOWN, buttonState=0, metaState=0, flags=0x0, edgeFlags=0x0, pointerCount=1, historySize=0, eventTime=754438543, downTime=754438543, deviceId=0, source=0x1002 }
08-05 01:33:42.140 19727 19727 D AndroidRuntime: Shutting down VM
08-05 01:33:42.150 18776 19160 I art     : Explicit concurrent mark sweep GC freed 39(1264B) AllocSpace objects, 0(0B) LOS objects, 30% free, 37MB/53MB, paused 356us total 53.916ms
08-05 01:33:42.168 18776 19160 I art     : Starting a blocking GC Explicit
08-05 01:33:42.220   512  2967 D audio_hw_primary: out_set_parameters: enter: usecase(1: low-latency-playback) kvpairs: routing=2
08-05 01:33:42.222 18776 19160 I art     : Explicit concurrent mark sweep GC freed 54(2512B) AllocSpace objects, 0(0B) LOS objects, 30% free, 37MB/53MB, paused 409us total 54.243ms
08-05 01:33:42.232   512  2967 D audio_hw_primary: select_devices: out_snd_device(2: speaker) in_snd_device(0: none)
08-05 01:33:42.232   512  2967 D msm8974_platform: platform_send_audio_calibration: sending audio calibration for snd_device(2) acdb_id(15)
08-05 01:33:42.233   512  2967 I soundtrigger: audio_extn_sound_trigger_update_device_status: device 0x2 of type 0 for Event 1
08-05 01:33:42.238 13866 13866 I GoogleInputMethodServic: GoogleInputMethodService.onFinishInput():3138 
08-05 01:33:42.239 13866 13866 I GoogleInputMethodServic: GoogleInputMethodService.onStartInput():1808 
08-05 01:33:42.241 18776 19160 I art     : Starting a blocking GC Explicit
08-05 01:33:42.243   512  2967 D audio_hw_primary: enable_snd_device: snd_device(2: speaker)
08-05 01:33:42.245   512  2967 D audio_hw_primary: enable_audio_route: apply and update mixer path: low-latency-playback speaker
08-05 01:33:42.249 13866 13866 I GoogleInputMethodServic: GoogleInputMethodService.onFinishInput():3138 
08-05 01:33:42.249 13866 13866 I GoogleInputMethodServic: GoogleInputMethodService.onStartInput():1808 
08-05 01:33:42.304 18776 19160 I art     : Explicit concurrent mark sweep GC freed 819(39KB) AllocSpace objects, 0(0B) LOS objects, 30% free, 37MB/53MB, paused 465us total 62.058ms
08-05 01:33:42.322 18776 19160 I art     : Starting a blocking GC Explicit
08-05 01:33:42.378 18776 19160 I art     : Explicit concurrent mark sweep GC freed 160(6KB) AllocSpace objects, 0(0B) LOS objects, 30% free, 37MB/53MB, paused 328us total 55.190ms
08-05 01:33:42.561 18776 18792 D OpenGLRenderer: endAllStagingAnimators on 0x7f94a70400 (ListPopupWindow$DropDownListView) with handle 0x7f79ba5400
08-05 01:33:42.649 18776 19290 I art     : Starting a blocking GC Explicit
08-05 01:33:42.713 18776 19290 I art     : Explicit concurrent mark sweep GC freed 2060(140KB) AllocSpace objects, 1(20KB) LOS objects, 30% free, 37MB/53MB, paused 370us total 63.182ms
08-05 01:33:42.733 18776 19290 I art     : Starting a blocking GC Explicit
08-05 01:33:42.778   512  2967 D audio_hw_primary: disable_audio_route: reset and update mixer path: low-latency-playback speaker
08-05 01:33:42.779   512  2967 D audio_hw_primary: disable_snd_device: snd_device(2: speaker)
08-05 01:33:42.787   512  2967 I soundtrigger: audio_extn_sound_trigger_update_device_status: device 0x2 of type 0 for Event 0
08-05 01:33:42.793 18776 19290 I art     : Explicit concurrent mark sweep GC freed 507(32KB) AllocSpace objects, 0(0B) LOS objects, 30% free, 37MB/53MB, paused 346us total 60.099ms
08-05 01:33:42.813 18776 19290 I art     : Starting a blocking GC Explicit
08-05 01:33:42.870 18776 19290 I art     : Explicit concurrent mark sweep GC freed 3(96B) AllocSpace objects, 0(0B) LOS objects, 30% free, 37MB/53MB, paused 339us total 57.047ms
08-05 01:33:42.890 18776 19290 I art     : Starting a blocking GC Explicit
08-05 01:33:42.951 18776 19290 I art     : Explicit concurrent mark sweep GC freed 3(96B) AllocSpace objects, 0(0B) LOS objects, 30% free, 37MB/53MB, paused 356us total 60.683ms
08-05 01:33:42.971 18776 19290 I art     : Starting a blocking GC Explicit
08-05 01:33:43.033 18776 19290 I art     : Explicit concurrent mark sweep GC freed 3(96B) AllocSpace objects, 0(0B) LOS objects, 30% free, 37MB/53MB, paused 347us total 61.073ms
08-05 01:33:43.224   518   646 I ThermalEngine: ACTION: GPU - Setting GPU[0] to 450000000
08-05 01:33:43.351 18776 18787 I art     : Starting a blocking GC Explicit
08-05 01:33:43.427 18776 18787 I art     : Explicit concurrent mark sweep GC freed 1293(75KB) AllocSpace objects, 1(20KB) LOS objects, 30% free, 37MB/53MB, paused 463us total 75.137ms
08-05 01:33:43.449 18776 18787 I art     : Starting a blocking GC Explicit
08-05 01:33:43.519 18776 18787 I art     : Explicit concurrent mark sweep GC freed 18(624B) AllocSpace objects, 0(0B) LOS objects, 30% free, 37MB/53MB, paused 466us total 69.692ms
08-05 01:33:43.542 18776 18787 I art     : Starting a blocking GC Explicit
08-05 01:33:43.613 18776 18787 I art     : Explicit concurrent mark sweep GC freed 3(96B) AllocSpace objects, 0(0B) LOS objects, 30% free, 37MB/53MB, paused 457us total 71.043ms
08-05 01:33:43.637 18776 18787 I art     : Starting a blocking GC Explicit
08-05 01:33:43.709 18776 18787 I art     : Explicit concurrent mark sweep GC freed 3(96B) AllocSpace objects, 0(0B) LOS objects, 30% free, 37MB/53MB, paused 489us total 71.330ms
08-05 01:33:43.733 18776 18787 I art     : Starting a blocking GC Explicit
08-05 01:33:43.807 18776 18787 I art     : Explicit concurrent mark sweep GC freed 3(96B) AllocSpace objects, 0(0B) LOS objects, 30% free, 37MB/53MB, paused 476us total 73.927ms
08-05 01:33:43.919 19770 19770 D AndroidRuntime: >>>>>> START com.android.internal.os.RuntimeInit uid 2000 <<<<<<
08-05 01:33:43.926 19770 19770 D AndroidRuntime: CheckJNI is OFF
08-05 01:33:43.974 19770 19770 D ICU     : No timezone override file found: /data/misc/zoneinfo/current/icu/icu_tzdata.dat
08-05 01:33:44.019 19770 19770 I Radio-JNI: register_android_hardware_Radio DONE
08-05 01:33:44.048 19770 19770 D AndroidRuntime: Calling main entry com.android.commands.input.Input
08-05 01:33:44.050 19770 19770 I Input   : injectMotionEvent: MotionEvent { action=ACTION_DOWN, actionButton=0, id[0]=0, x[0]=648.0, y[0]=709.0, toolType[0]=TOOL_TYPE_UNKNOWN, buttonState=0, metaState=0, flags=0x0, edgeFlags=0x0, pointerCount=1, historySize=0, eventTime=754440463, downTime=754440463, deviceId=0, source=0x1002 }
08-05 01:33:44.056 19770 19770 I Input   : injectMotionEvent: MotionEvent { action=ACTION_UP, actionButton=0, id[0]=0, x[0]=648.0, y[0]=709.0, toolType[0]=TOOL_TYPE_UNKNOWN, buttonState=0, metaState=0, flags=0x0, edgeFlags=0x0, pointerCount=1, historySize=0, eventTime=754440463, downTime=754440463, deviceId=0, source=0x1002 }
08-05 01:33:44.058 19770 19770 D AndroidRuntime: Shutting down VM
08-05 01:33:44.124   512  2967 D audio_hw_primary: out_set_parameters: enter: usecase(1: low-latency-playback) kvpairs: routing=2
08-05 01:33:44.137   512  2967 D audio_hw_primary: select_devices: out_snd_device(2: speaker) in_snd_device(0: none)
08-05 01:33:44.137   512  2967 D msm8974_platform: platform_send_audio_calibration: sending audio calibration for snd_device(2) acdb_id(15)
08-05 01:33:44.137   512  2967 I soundtrigger: audio_extn_sound_trigger_update_device_status: device 0x2 of type 0 for Event 1
08-05 01:33:44.147   512  2967 D audio_hw_primary: enable_snd_device: snd_device(2: speaker)
08-05 01:33:44.148 18776 18787 I art     : Starting a blocking GC Explicit
08-05 01:33:44.150   512  2967 D audio_hw_primary: enable_audio_route: apply and update mixer path: low-latency-playback speaker
08-05 01:33:44.223 18776 18787 I art     : Explicit concurrent mark sweep GC freed 2029(132KB) AllocSpace objects, 2(40KB) LOS objects, 30% free, 37MB/53MB, paused 596us total 74.557ms
08-05 01:33:44.246 18776 18787 I art     : Starting a blocking GC Explicit
08-05 01:33:44.318 18776 18787 I art     : Explicit concurrent mark sweep GC freed 178(7KB) AllocSpace objects, 0(0B) LOS objects, 30% free, 37MB/53MB, paused 521us total 71.558ms
08-05 01:33:44.341 18776 18787 I art     : Starting a blocking GC Explicit
08-05 01:33:44.414 18776 18787 I art     : Explicit concurrent mark sweep GC freed 7(240B) AllocSpace objects, 0(0B) LOS objects, 30% free, 37MB/53MB, paused 463us total 72.738ms
08-05 01:33:44.441 18776 18787 I art     : Starting a blocking GC Explicit
08-05 01:33:44.528 18776 18787 I art     : Explicit concurrent mark sweep GC freed 3(96B) AllocSpace objects, 0(0B) LOS objects, 30% free, 37MB/53MB, paused 616us total 86.789ms
08-05 01:33:44.557 18776 18787 I art     : Starting a blocking GC Explicit
08-05 01:33:44.640 18776 18787 I art     : Explicit concurrent mark sweep GC freed 9(320B) AllocSpace objects, 0(0B) LOS objects, 30% free, 37MB/53MB, paused 887us total 82.450ms
08-05 01:33:44.689   512  2967 D audio_hw_primary: disable_audio_route: reset and update mixer path: low-latency-playback speaker
08-05 01:33:44.690   512  2967 D audio_hw_primary: disable_snd_device: snd_device(2: speaker)
08-05 01:33:44.698   512  2967 I soundtrigger: audio_extn_sound_trigger_update_device_status: device 0x2 of type 0 for Event 0
08-05 01:33:44.991 18776 19160 I art     : Starting a blocking GC Explicit
08-05 01:33:45.070 18776 19160 I art     : Explicit concurrent mark sweep GC freed 1295(75KB) AllocSpace objects, 1(20KB) LOS objects, 30% free, 37MB/53MB, paused 516us total 79.303ms
08-05 01:33:45.097 18776 19160 I art     : Starting a blocking GC Explicit
08-05 01:33:45.165 18776 19160 I art     : Explicit concurrent mark sweep GC freed 22(752B) AllocSpace objects, 0(0B) LOS objects, 30% free, 37MB/53MB, paused 473us total 67.806ms
08-05 01:33:45.190 18776 19160 I art     : Starting a blocking GC Explicit
08-05 01:33:45.264 18776 19160 I art     : Explicit concurrent mark sweep GC freed 3(96B) AllocSpace objects, 0(0B) LOS objects, 30% free, 37MB/53MB, paused 476us total 74.620ms
08-05 01:33:45.289 18776 19160 I art     : Starting a blocking GC Explicit
08-05 01:33:45.360 18776 19160 I art     : Explicit concurrent mark sweep GC freed 3(96B) AllocSpace objects, 0(0B) LOS objects, 30% free, 37MB/53MB, paused 480us total 70.675ms
08-05 01:33:45.383 18776 19160 I art     : Starting a blocking GC Explicit
08-05 01:33:45.450 18776 19160 I art     : Explicit concurrent mark sweep GC freed 3(96B) AllocSpace objects, 0(0B) LOS objects, 30% free, 37MB/53MB, paused 470us total 67.111ms
08-05 01:33:45.769 18776 18788 I art     : Starting a blocking GC Explicit
08-05 01:33:45.835 19803 19803 D AndroidRuntime: >>>>>> START com.android.internal.os.RuntimeInit uid 2000 <<<<<<
08-05 01:33:45.842 19803 19803 D AndroidRuntime: CheckJNI is OFF
08-05 01:33:45.860 18776 18788 I art     : Explicit concurrent mark sweep GC freed 1304(75KB) AllocSpace objects, 1(20KB) LOS objects, 30% free, 37MB/53MB, paused 1.057ms total 90.381ms
08-05 01:33:45.889 18776 18788 I art     : Starting a blocking GC Explicit
08-05 01:33:45.898 19803 19803 D ICU     : No timezone override file found: /data/misc/zoneinfo/current/icu/icu_tzdata.dat
08-05 01:33:45.943 19803 19803 I Radio-JNI: register_android_hardware_Radio DONE
08-05 01:33:45.963 18776 18788 I art     : Explicit concurrent mark sweep GC freed 32(1072B) AllocSpace objects, 0(0B) LOS objects, 30% free, 37MB/53MB, paused 463us total 73.608ms
08-05 01:33:45.973 19803 19803 D AndroidRuntime: Calling main entry com.android.commands.input.Input
08-05 01:33:45.977 19803 19803 I Input   : injectMotionEvent: MotionEvent { action=ACTION_DOWN, actionButton=0, id[0]=0, x[0]=1197.0, y[0]=1456.0, toolType[0]=TOOL_TYPE_UNKNOWN, buttonState=0, metaState=0, flags=0x0, edgeFlags=0x0, pointerCount=1, historySize=0, eventTime=754442389, downTime=754442389, deviceId=0, source=0x1002 }
08-05 01:33:45.983 19803 19803 I Input   : injectMotionEvent: MotionEvent { action=ACTION_UP, actionButton=0, id[0]=0, x[0]=1197.0, y[0]=1456.0, toolType[0]=TOOL_TYPE_UNKNOWN, buttonState=0, metaState=0, flags=0x0, edgeFlags=0x0, pointerCount=1, historySize=0, eventTime=754442389, downTime=754442389, deviceId=0, source=0x1002 }
08-05 01:33:45.985 19803 19803 D AndroidRuntime: Shutting down VM
08-05 01:33:45.987 18776 18788 I art     : Starting a blocking GC Explicit
08-05 01:33:45.995   512  2967 D audio_hw_primary: out_set_parameters: enter: usecase(1: low-latency-playback) kvpairs: routing=2
08-05 01:33:46.008   512  2967 D audio_hw_primary: select_devices: out_snd_device(2: speaker) in_snd_device(0: none)
08-05 01:33:46.008   512  2967 D msm8974_platform: platform_send_audio_calibration: sending audio calibration for snd_device(2) acdb_id(15)
08-05 01:33:46.009   512  2967 I soundtrigger: audio_extn_sound_trigger_update_device_status: device 0x2 of type 0 for Event 1
08-05 01:33:46.014 18776 18792 D OpenGLRenderer: endAllStagingAnimators on 0x7f94a5a800 (RippleDrawable) with handle 0x7f79ba5240
08-05 01:33:46.019   512  2967 D audio_hw_primary: enable_snd_device: snd_device(2: speaker)
08-05 01:33:46.021   512  2967 D audio_hw_primary: enable_audio_route: apply and update mixer path: low-latency-playback speaker
08-05 01:33:46.022 18776 18776 I SettingsManager: Setting string: savedCourse
08-05 01:33:46.028   918  5481 W BackupManagerService: dataChanged but no participant pkg='baseline.com.ak.uobtimetable' uid=10684
08-05 01:33:46.029   918  6029 I ActivityManager: START u0 {flg=0x4000000 cmp=baseline.com.ak.uobtimetable/.MainActivity (has extras)} from uid 10684 on display 0
08-05 01:33:46.047   918  3961 W InputMethodManagerService: Focus gain on non-focused client com.android.internal.view.IInputMethodClient$Stub$Proxy@e2ad9d3 (uid=10684 pid=18776)
08-05 01:33:46.064 18776 18788 I art     : Explicit concurrent mark sweep GC freed 2483(128KB) AllocSpace objects, 1(20KB) LOS objects, 30% free, 37MB/53MB, paused 1.538ms total 76.300ms
08-05 01:33:46.071 18776 18776 D MainActivity: OnDestroy
08-05 01:33:46.085 18776 18788 I art     : Starting a blocking GC Explicit
08-05 01:33:46.100 18776 18776 D MainActivity: onCreate
08-05 01:33:46.100 18776 18776 I SettingsManager: Getting string: savedSessions
08-05 01:33:46.100 18776 18776 I SettingsManager: Getting string: savedSessions
08-05 01:33:46.110 18776 18776 I SettingsManager: Getting string: savedSessionsCourseName
08-05 01:33:46.110 18776 18776 I SettingsManager: Getting string: savedSessionsCourseName
08-05 01:33:46.110 18776 18776 I SettingsManager: Getting string: savedSessionsDateRange
08-05 01:33:46.110 18776 18776 I SettingsManager: Getting string: savedSessionsDateRange
08-05 01:33:46.110 18776 18776 I Settings: 10 saved sessions - Bedfordshire International and EU Foundation Year - Int Foun - Ltn - Y0 Feb FT - Weeks: 24-38 (8 Jun 2020-20 Sep 2020)
08-05 01:33:46.153 18776 18776 I SettingsManager: Getting string: savedCourse
08-05 01:33:46.154 18776 18776 D MainActivity: sessionListFragmentArg: updateSessions
08-05 01:33:46.154 18776 18776 D MainActivity: showTermDatesConfigChange: false
08-05 01:33:46.154 18776 18776 D MainActivity: showTermDatesShortcut: false
08-05 01:33:46.155 18776 18776 D MainActivity: Setting initial fragment: SessionListsFragment
08-05 01:33:46.157 18776 18776 I SettingsManager: Getting int: launchCount
08-05 01:33:46.159 18776 18776 D SessionListsFragment: onCreateView
08-05 01:33:46.161 18776 18788 I art     : Explicit concurrent mark sweep GC freed 8802(416KB) AllocSpace objects, 0(0B) LOS objects, 29% free, 38MB/54MB, paused 815us total 74.885ms
08-05 01:33:46.163 18776 18776 I SettingsManager: Getting string: savedCourse
08-05 01:33:46.168 18776 18776 I SettingsManager: Getting string: savedSessions
08-05 01:33:46.179 18776 18776 D SessionListsFragment: loadArgument: updateSessions
08-05 01:33:46.179 18776 18776 D SessionListsFragment: initialIndex: -1
08-05 01:33:46.181 18776 19826 D HTTP    : Request for: https://uob-timetable-api.adriankeenan.co.uk/sessions?dept=CM010&course=BSAIFAAF%2F02AA%2F0%2FFT&level=Foundation+Year
08-05 01:33:46.185 18776 18788 I art     : Starting a blocking GC Explicit
08-05 01:33:46.201 18776 18776 D TermDatesFragment: WebView loaded
08-05 01:33:46.201 18776 18776 D MainActivity: OnResume
08-05 01:33:46.255 18776 18788 I art     : Explicit concurrent mark sweep GC freed 20343(908KB) AllocSpace objects, 3(1380KB) LOS objects, 30% free, 36MB/52MB, paused 659us total 70.330ms
08-05 01:33:46.280 18776 18776 I TermDatesFragment: Webview load %: 10
08-05 01:33:46.305   918   936 I ActivityManager: Displayed baseline.com.ak.uobtimetable/.MainActivity: +255ms
08-05 01:33:46.305 13866 13866 I GoogleInputMethodServic: GoogleInputMethodService.onFinishInput():3138 
08-05 01:33:46.306 13866 13866 I GoogleInputMethodServic: GoogleInputMethodService.onStartInput():1808 
08-05 01:33:46.479 18776 19826 I NAPPA_EXPERIMENTATION: MetricNetworkRequestExecutionTime: REQUEST_DURATION_SYSTEM='297',REQUEST_DURATION_OKHTTP='54',REQUEST_SYNCHRONOUS='TRUE',RESPONSE_CODE='200',RESPONSE_METHOD='GET',RESPONSE_LENGTH_OKHTTP='-1',RESPONSE_LENGTH_HEADER='1214',REQUEST_PROTOCOL='http/1.1',REQUEST_URL='https://uob-timetable-api.adriankeenan.co.uk/sessions?dept=CM010&course=BSAIFAAF%2F02AA%2F0%2FFT&level=Foundation+Year',
08-05 01:33:46.500 18776 18776 I TermDatesFragment: Webview load %: 70
08-05 01:33:46.516 18776 18776 I TermDatesFragment: Webview load %: 100
08-05 01:33:46.516 18776 18776 I TermDatesFragment: Webview load %: 100
08-05 01:33:46.521 18776 19826 I HTTP    : Response was compressed.
08-05 01:33:46.535 18776 19826 I Service : getSessions response time: 1.10
08-05 01:33:46.536 18776 18776 I SettingsManager: Getting string: savedSessions
08-05 01:33:46.537 18776 18776 I SettingsManager: Getting string: savedSessions
08-05 01:33:46.545 18776 18776 I Service : Sessions updated: 10
08-05 01:33:46.546 18776 18776 I Service : Sessions removed from new list: 0
08-05 01:33:46.551 18776 18787 I art     : Starting a blocking GC Explicit
08-05 01:33:46.555 18776 18776 I SettingsManager: Setting string: savedSessions
08-05 01:33:46.564   918  5132 W BackupManagerService: dataChanged but no participant pkg='baseline.com.ak.uobtimetable' uid=10684
08-05 01:33:46.564 18776 18776 I SettingsManager: Setting date: savedSessionsTime
08-05 01:33:46.568   512  2967 D audio_hw_primary: disable_audio_route: reset and update mixer path: low-latency-playback speaker
08-05 01:33:46.569   512  2967 D audio_hw_primary: disable_snd_device: snd_device(2: speaker)
08-05 01:33:46.572   918  6112 W BackupManagerService: dataChanged but no participant pkg='baseline.com.ak.uobtimetable' uid=10684
08-05 01:33:46.573 18776 18776 I SettingsManager: Setting string: savedSessionsCourseName
08-05 01:33:46.577   512  2967 I soundtrigger: audio_extn_sound_trigger_update_device_status: device 0x2 of type 0 for Event 0
08-05 01:33:46.580   918  3670 W BackupManagerService: dataChanged but no participant pkg='baseline.com.ak.uobtimetable' uid=10684
08-05 01:33:46.581 18776 18776 I SettingsManager: Setting string: savedSessionsDateRange
08-05 01:33:46.581   918  3359 W BackupManagerService: dataChanged but no participant pkg='baseline.com.ak.uobtimetable' uid=10684
08-05 01:33:46.581 18776 18776 I SettingsManager: Setting string: timetableUrl
08-05 01:33:46.581   918  3714 W BackupManagerService: dataChanged but no participant pkg='baseline.com.ak.uobtimetable' uid=10684
08-05 01:33:46.582 18776 18776 I SettingsManager: Getting boolean: notifySessionRemindersEnabled
08-05 01:33:46.582 18776 18776 I SettingsManager: Getting int: notifySessionRemindersMinutes
08-05 01:33:46.582 18776 18776 I SettingsManager: Getting boolean: showHiddenSessions
08-05 01:33:46.584 18776 18776 I SessionReminderNotifier: Created session reminder alarm for f7b4771250a919bd729c1c5a4a459c77 at Mon 08:30:00 10/08/20
08-05 01:33:46.586 18776 18776 I SessionReminderNotifier: Created session reminder alarm for a7f879aabdeb78622c8820a5fb7b64cd at Tue 08:30:00 11/08/20
08-05 01:33:46.588 18776 18776 I SessionReminderNotifier: Created session reminder alarm for 7bc8d7e2c2055711f597c3d9078c6ea3 at Tue 08:30:00 11/08/20
08-05 01:33:46.590 18776 18776 I SessionReminderNotifier: Created session reminder alarm for 53c0527a6f009a1f2fd223834d3bfe51 at Tue 10:30:00 11/08/20
08-05 01:33:46.592 18776 18776 I SessionReminderNotifier: Created session reminder alarm for e0fc978b5db8218778540b4053344581 at Tue 11:00:00 11/08/20
08-05 01:33:46.594 18776 18776 I SessionReminderNotifier: Created session reminder alarm for 199afb0100f329ff65a09e1b0cd9deba at Tue 11:30:00 11/08/20
08-05 01:33:46.596 18776 18776 I SessionReminderNotifier: Created session reminder alarm for 21712fef61090882c855a1425543edb5 at Tue 13:30:00 11/08/20
08-05 01:33:46.598 18776 18776 I SessionReminderNotifier: Created session reminder alarm for 65ca4d97f031f29a4d02bbb45a705d8f at Wed 08:30:00 05/08/20
08-05 01:33:46.600 18776 18776 I SessionReminderNotifier: Created session reminder alarm for eeda7741b0bcab58fd9f46dc6ef1d942 at Wed 08:30:00 05/08/20
08-05 01:33:46.603 18776 18776 I SessionReminderNotifier: Created session reminder alarm for c276c1b2075a0beb67f1b3d1e580f920 at Wed 11:00:00 05/08/20
08-05 01:33:46.606 18776 18776 I SessionReminderNotifier: Created session reminder alarm for 8b1f3627e42ae13a6f6ba0a83903dde1 at Wed 13:30:00 05/08/20
08-05 01:33:46.608 18776 18776 I SessionReminderNotifier: Created session reminder alarm for 79fe0b5c3b887a13ba29db5a33fa2800 at Thu 08:30:00 06/08/20
08-05 01:33:46.610 18776 18776 I SessionReminderNotifier: Created session reminder alarm for cb9dfc8231cdba2be0835dc5709690e1 at Thu 08:30:00 06/08/20
08-05 01:33:46.613 18776 18776 I SessionReminderNotifier: Created session reminder alarm for f850dc24d6de60b7b89fa9e1a8c224c5 at Thu 12:00:00 06/08/20
08-05 01:33:46.615 18776 18776 I SessionReminderNotifier: Created session reminder alarm for 2ba1034116e4fffdd592dbf0796a43d5 at Fri 08:30:00 07/08/20
08-05 01:33:46.615 18776 18776 I SettingsManager: Getting boolean: showHiddenSessions
08-05 01:33:46.615 18776 18776 D SessionListsFragment: 1 sessions for day 0
08-05 01:33:46.615 18776 18776 D SessionListsFragment: 6 sessions for day 1
08-05 01:33:46.615 18776 18776 D SessionListsFragment: 4 sessions for day 2
08-05 01:33:46.615 18776 18776 D SessionListsFragment: 3 sessions for day 3
08-05 01:33:46.615 18776 18776 D SessionListsFragment: 1 sessions for day 4
08-05 01:33:46.627 18776 18787 I art     : Explicit concurrent mark sweep GC freed 22506(1121KB) AllocSpace objects, 9(312KB) LOS objects, 29% free, 37MB/53MB, paused 807us total 75.417ms
08-05 01:33:46.649 18776 18787 I art     : Starting a blocking GC Explicit
08-05 01:33:46.671 18776 18776 I SettingsManager: Getting boolean: showHiddenSessions
08-05 01:33:46.671 18776 18776 D SessionListsFragment: Refreshed ViewPager
08-05 01:33:46.671 18776 18776 I SettingsManager: Getting boolean: showHiddenSessions
08-05 01:33:46.672 18776 18776 I SettingsManager: Getting boolean: completedTutorial
08-05 01:33:46.672 18776 18776 I SettingsManager: Getting boolean: showHiddenSessions
08-05 01:33:46.672 18776 18776 I SettingsManager: Getting date: savedSessionsTime
08-05 01:33:46.714 18776 18787 I art     : Explicit concurrent mark sweep GC freed 42053(1963KB) AllocSpace objects, 0(0B) LOS objects, 30% free, 36MB/52MB, paused 1.504ms total 65.046ms
08-05 01:33:46.734 18776 18787 I art     : Starting a blocking GC Explicit
08-05 01:33:46.804 18776 18787 I art     : Explicit concurrent mark sweep GC freed 31306(1264KB) AllocSpace objects, 0(0B) LOS objects, 30% free, 36MB/52MB, paused 1.452ms total 68.900ms
08-05 01:33:46.825 18776 18787 I art     : Starting a blocking GC Explicit
08-05 01:33:46.896 18776 18787 I art     : Explicit concurrent mark sweep GC freed 26681(1100KB) AllocSpace objects, 0(0B) LOS objects, 30% free, 36MB/52MB, paused 1.335ms total 70.969ms
08-05 01:33:46.919 18776 18787 I art     : Starting a blocking GC Explicit
08-05 01:33:46.990 18776 18787 I art     : Explicit concurrent mark sweep GC freed 33886(1378KB) AllocSpace objects, 0(0B) LOS objects, 30% free, 36MB/52MB, paused 1.356ms total 71.126ms
08-05 01:33:47.322 18776 18788 I art     : Starting a blocking GC Explicit
08-05 01:33:47.341   918  3188 I hubconnection: sensorhub said: 'set_bias 3: -5.0880, 0.0000, 0.0000'
08-05 01:33:47.428 18776 18788 I art     : Explicit concurrent mark sweep GC freed 138845(5MB) AllocSpace objects, 1(20KB) LOS objects, 29% free, 37MB/53MB, paused 1.374ms total 105.105ms
08-05 01:33:47.451 18776 18788 I art     : Starting a blocking GC Explicit
08-05 01:33:47.529 18776 18776 I Choreographer: Skipped 50 frames!  The application may be doing too much work on its main thread.
08-05 01:33:47.529 18776 18788 I art     : Explicit concurrent mark sweep GC freed 38865(1739KB) AllocSpace objects, 0(0B) LOS objects, 29% free, 37MB/53MB, paused 892us total 77.538ms
08-05 01:33:47.552 18776 18788 I art     : Starting a blocking GC Explicit
08-05 01:33:47.618 18776 18788 I art     : Explicit concurrent mark sweep GC freed 1632(113KB) AllocSpace objects, 0(0B) LOS objects, 29% free, 37MB/53MB, paused 540us total 65.795ms
08-05 01:33:47.641 18776 18788 I art     : Starting a blocking GC Explicit
08-05 01:33:47.701 18776 18788 I art     : Explicit concurrent mark sweep GC freed 121726(11MB) AllocSpace objects, 3(136KB) LOS objects, 37% free, 26MB/42MB, paused 526us total 60.127ms
08-05 01:33:47.718 18776 18788 I art     : Starting a blocking GC Explicit
08-05 01:33:47.755 18776 18788 I art     : Explicit concurrent mark sweep GC freed 3(96B) AllocSpace objects, 0(0B) LOS objects, 37% free, 26MB/42MB, paused 517us total 36.870ms
08-05 01:33:48.116 18776 18788 I art     : Starting a blocking GC Explicit
08-05 01:33:48.176 18776 18788 I art     : Explicit concurrent mark sweep GC freed 1517(85KB) AllocSpace objects, 1(20KB) LOS objects, 37% free, 26MB/42MB, paused 581us total 59.783ms
08-05 01:33:48.197 18776 18788 I art     : Starting a blocking GC Explicit
08-05 01:33:48.243 18776 18788 I art     : Explicit concurrent mark sweep GC freed 20(752B) AllocSpace objects, 0(0B) LOS objects, 37% free, 26MB/42MB, paused 552us total 45.148ms
08-05 01:33:48.259 18776 18788 I art     : Starting a blocking GC Explicit
08-05 01:33:48.306 18776 18788 I art     : Explicit concurrent mark sweep GC freed 30(1024B) AllocSpace objects, 0(0B) LOS objects, 37% free, 26MB/42MB, paused 595us total 47.002ms
08-05 01:33:48.322 18776 18788 I art     : Starting a blocking GC Explicit
08-05 01:33:48.364 18776 18788 I art     : Explicit concurrent mark sweep GC freed 44(1424B) AllocSpace objects, 0(0B) LOS objects, 37% free, 26MB/42MB, paused 498us total 41.210ms
08-05 01:33:48.379 18776 18788 I art     : Starting a blocking GC Explicit
08-05 01:33:48.421 18776 18788 I art     : Explicit concurrent mark sweep GC freed 33(1056B) AllocSpace objects, 0(0B) LOS objects, 37% free, 26MB/42MB, paused 545us total 41.590ms
08-05 01:33:48.757 18776 19290 I art     : Starting a blocking GC Explicit
08-05 01:33:48.818 18776 19290 I art     : Explicit concurrent mark sweep GC freed 1345(77KB) AllocSpace objects, 1(20KB) LOS objects, 37% free, 26MB/42MB, paused 593us total 61.043ms
08-05 01:33:48.837 18776 19290 I art     : Starting a blocking GC Explicit
08-05 01:33:48.885 18776 19290 I art     : Explicit concurrent mark sweep GC freed 18(624B) AllocSpace objects, 0(0B) LOS objects, 37% free, 26MB/42MB, paused 544us total 47.475ms
08-05 01:33:48.901 18776 19290 I art     : Starting a blocking GC Explicit
08-05 01:33:48.949 18776 19290 I art     : Explicit concurrent mark sweep GC freed 3(96B) AllocSpace objects, 0(0B) LOS objects, 37% free, 26MB/42MB, paused 557us total 46.850ms
08-05 01:33:48.965 18776 19290 I art     : Starting a blocking GC Explicit
08-05 01:33:49.012 18776 19290 I art     : Explicit concurrent mark sweep GC freed 3(96B) AllocSpace objects, 0(0B) LOS objects, 37% free, 26MB/42MB, paused 542us total 46.501ms
08-05 01:33:49.028 18776 19290 I art     : Starting a blocking GC Explicit
08-05 01:33:49.074 18776 19290 I art     : Explicit concurrent mark sweep GC freed 3(96B) AllocSpace objects, 0(0B) LOS objects, 37% free, 26MB/42MB, paused 514us total 45.127ms
08-05 01:33:49.314 24365  7398 I NetworkScheduler.Stats: Task com.google.android.gms/com.google.android.gms.icing.service.IcingGcmTaskService started execution. cause:4 exec_start_elapsed_seconds: 1737833 [CONTEXT service_id=218 ]
08-05 01:33:49.319 24365 21562 I NetworkScheduler.Stats: Task com.google.android.gms/com.google.android.gms.icing.service.IcingGcmTaskService finished executing. cause:4 result: 1 elapsed_millis: 25 uptime_millis: 26 exec_start_elapsed_seconds: 1737833 [CONTEXT service_id=218 ]
08-05 01:33:49.357 24365  7398 I NetworkScheduler.Stats: Task com.google.android.gms/com.google.android.gms.checkin.EventLogService started execution. cause:5 exec_start_elapsed_seconds: 1737833 [CONTEXT service_id=218 ]
08-05 01:33:49.363 24577 24411 I Checkin : [EventLogChimeraService] Opted in for usage reporting: false
08-05 01:33:49.363 24577 24411 I Checkin : [EventLogChimeraService] Aggregate from 1596582178645 (log), 1596582178645 (data)
08-05 01:33:49.375   918  5132 I ActivityManager: Start proc 19881:com.google.process.gapps/u0a12 for content provider com.google.android.gsf/.gservices.GservicesProvider
08-05 01:33:49.401 18776 18987 I art     : Starting a blocking GC Explicit
08-05 01:33:49.442 18776 18987 I art     : Explicit concurrent mark sweep GC freed 1293(75KB) AllocSpace objects, 1(20KB) LOS objects, 37% free, 26MB/42MB, paused 518us total 40.649ms
08-05 01:33:49.457 18776 18987 I art     : Starting a blocking GC Explicit
08-05 01:33:49.479 19881 19881 W System  : ClassLoader referenced unknown path: /system/priv-app/GoogleServicesFramework/lib/arm64
08-05 01:33:49.497 18776 18987 I art     : Explicit concurrent mark sweep GC freed 18(624B) AllocSpace objects, 0(0B) LOS objects, 37% free, 26MB/42MB, paused 490us total 39.443ms
08-05 01:33:49.512 18776 18987 I art     : Starting a blocking GC Explicit
08-05 01:33:49.516 19881 19881 I GservicesProvider: Gservices pushing to system: true; secure/global: true
08-05 01:33:49.551 18776 18987 I art     : Explicit concurrent mark sweep GC freed 3(96B) AllocSpace objects, 0(0B) LOS objects, 37% free, 26MB/42MB, paused 497us total 38.880ms
08-05 01:33:49.566 18776 18987 I art     : Starting a blocking GC Explicit
08-05 01:33:49.607 18776 18987 I art     : Explicit concurrent mark sweep GC freed 3(96B) AllocSpace objects, 0(0B) LOS objects, 37% free, 26MB/42MB, paused 537us total 40.388ms
08-05 01:33:49.608 19881 19881 I GoogleHttpClient: GMS http client unavailable, use old client
08-05 01:33:49.622 18776 18987 I art     : Starting a blocking GC Explicit
08-05 01:33:49.637   918  3670 I AccountManagerService: getTypesVisibleToCaller: isPermitted? true
08-05 01:33:49.660 18776 18987 I art     : Explicit concurrent mark sweep GC freed 3(96B) AllocSpace objects, 0(0B) LOS objects, 37% free, 26MB/42MB, paused 485us total 37.650ms
08-05 01:33:49.961 18776 19160 I art     : Starting a blocking GC Explicit
08-05 01:33:49.998 18776 19160 I art     : Explicit concurrent mark sweep GC freed 1293(75KB) AllocSpace objects, 1(20KB) LOS objects, 37% free, 26MB/42MB, paused 496us total 36.579ms
08-05 01:33:50.013 18776 19160 I art     : Starting a blocking GC Explicit
08-05 01:33:50.048 18776 19160 I art     : Explicit concurrent mark sweep GC freed 18(624B) AllocSpace objects, 0(0B) LOS objects, 37% free, 26MB/42MB, paused 487us total 35.062ms
08-05 01:33:50.062 18776 19160 I art     : Starting a blocking GC Explicit
08-05 01:33:50.097 18776 19160 I art     : Explicit concurrent mark sweep GC freed 3(96B) AllocSpace objects, 0(0B) LOS objects, 37% free, 26MB/42MB, paused 623us total 35.153ms
08-05 01:33:50.111 18776 19160 I art     : Starting a blocking GC Explicit
08-05 01:33:50.147 18776 19160 I art     : Explicit concurrent mark sweep GC freed 3(96B) AllocSpace objects, 0(0B) LOS objects, 37% free, 26MB/42MB, paused 484us total 35.276ms
08-05 01:33:50.161 18776 19160 I art     : Starting a blocking GC Explicit
08-05 01:33:50.198 18776 19160 I art     : Explicit concurrent mark sweep GC freed 3(96B) AllocSpace objects, 0(0B) LOS objects, 37% free, 26MB/42MB, paused 503us total 36.185ms
08-05 01:33:50.233   518   646 I ThermalEngine: ACTION: GPU - Setting GPU[0] to 510000000
08-05 01:33:50.467 18776 18787 I art     : Starting a blocking GC Explicit
08-05 01:33:50.496 18776 18787 I art     : Explicit concurrent mark sweep GC freed 1317(76KB) AllocSpace objects, 1(20KB) LOS objects, 37% free, 26MB/42MB, paused 350us total 29.576ms
08-05 01:33:50.508 18776 18787 I art     : Starting a blocking GC Explicit
08-05 01:33:50.537 18776 18787 I art     : Explicit concurrent mark sweep GC freed 18(624B) AllocSpace objects, 0(0B) LOS objects, 37% free, 26MB/42MB, paused 344us total 28.409ms
08-05 01:33:50.548 18776 18787 I art     : Starting a blocking GC Explicit
08-05 01:33:50.576 18776 18787 I art     : Explicit concurrent mark sweep GC freed 15(864B) AllocSpace objects, 0(0B) LOS objects, 37% free, 26MB/42MB, paused 347us total 27.509ms
08-05 01:33:50.587 18776 18787 I art     : Starting a blocking GC Explicit
08-05 01:33:50.612 19906 19906 D AndroidRuntime: >>>>>> START com.android.internal.os.RuntimeInit uid 2000 <<<<<<
08-05 01:33:50.615 18776 18787 I art     : Explicit concurrent mark sweep GC freed 4(160B) AllocSpace objects, 0(0B) LOS objects, 37% free, 26MB/42MB, paused 335us total 28.477ms
08-05 01:33:50.617 19906 19906 D AndroidRuntime: CheckJNI is OFF
08-05 01:33:50.627 18776 18787 I art     : Starting a blocking GC Explicit
08-05 01:33:50.647 19906 19906 D ICU     : No timezone override file found: /data/misc/zoneinfo/current/icu/icu_tzdata.dat
08-05 01:33:50.655 18776 18787 I art     : Explicit concurrent mark sweep GC freed 3(96B) AllocSpace objects, 0(0B) LOS objects, 37% free, 26MB/42MB, paused 332us total 28.018ms
08-05 01:33:50.678 19906 19906 I Radio-JNI: register_android_hardware_Radio DONE
08-05 01:33:50.699 19906 19906 D AndroidRuntime: Calling main entry com.android.commands.input.Input
08-05 01:33:50.700 19906 19906 I Input   : injectMotionEvent: MotionEvent { action=ACTION_DOWN, actionButton=0, id[0]=0, x[0]=81.0, y[0]=176.0, toolType[0]=TOOL_TYPE_UNKNOWN, buttonState=0, metaState=0, flags=0x0, edgeFlags=0x0, pointerCount=1, historySize=0, eventTime=754447113, downTime=754447113, deviceId=0, source=0x1002 }
08-05 01:33:50.704 19906 19906 I Input   : injectMotionEvent: MotionEvent { action=ACTION_UP, actionButton=0, id[0]=0, x[0]=81.0, y[0]=176.0, toolType[0]=TOOL_TYPE_UNKNOWN, buttonState=0, metaState=0, flags=0x0, edgeFlags=0x0, pointerCount=1, historySize=0, eventTime=754447113, downTime=754447113, deviceId=0, source=0x1002 }
08-05 01:33:50.705 19906 19906 D AndroidRuntime: Shutting down VM
08-05 01:33:50.713   512  2967 D audio_hw_primary: out_set_parameters: enter: usecase(1: low-latency-playback) kvpairs: routing=2
08-05 01:33:50.726   512  2967 D audio_hw_primary: select_devices: out_snd_device(2: speaker) in_snd_device(0: none)
08-05 01:33:50.726   512  2967 D msm8974_platform: platform_send_audio_calibration: sending audio calibration for snd_device(2) acdb_id(15)
08-05 01:33:50.726   512  2967 I soundtrigger: audio_extn_sound_trigger_update_device_status: device 0x2 of type 0 for Event 1
08-05 01:33:50.740   512  2967 D audio_hw_primary: enable_snd_device: snd_device(2: speaker)
08-05 01:33:50.741   512  2967 D audio_hw_primary: enable_audio_route: apply and update mixer path: low-latency-playback speaker
08-05 01:33:50.746 13866 13866 I GoogleInputMethodServic: GoogleInputMethodService.onFinishInput():3138 
08-05 01:33:50.747 13866 13866 I GoogleInputMethodServic: GoogleInputMethodService.onStartInput():1808 
08-05 01:33:50.922 18776 18987 I art     : Starting a blocking GC Explicit
08-05 01:33:50.953 18776 18987 I art     : Explicit concurrent mark sweep GC freed 1815(100KB) AllocSpace objects, 1(20KB) LOS objects, 37% free, 26MB/42MB, paused 335us total 29.924ms
08-05 01:33:50.964 18776 18987 I art     : Starting a blocking GC Explicit
08-05 01:33:50.992 18776 18987 I art     : Explicit concurrent mark sweep GC freed 196(11KB) AllocSpace objects, 0(0B) LOS objects, 37% free, 26MB/42MB, paused 332us total 28.562ms
08-05 01:33:51.003 18776 18987 I art     : Starting a blocking GC Explicit
08-05 01:33:51.031 18776 18987 I art     : Explicit concurrent mark sweep GC freed 3(96B) AllocSpace objects, 0(0B) LOS objects, 37% free, 26MB/42MB, paused 320us total 27.840ms
08-05 01:33:51.043 18776 18987 I art     : Starting a blocking GC Explicit
08-05 01:33:51.071 18776 18987 I art     : Explicit concurrent mark sweep GC freed 3(96B) AllocSpace objects, 0(0B) LOS objects, 37% free, 26MB/42MB, paused 316us total 27.846ms
08-05 01:33:51.082 18776 18987 I art     : Starting a blocking GC Explicit
08-05 01:33:51.110 18776 18987 I art     : Explicit concurrent mark sweep GC freed 3(96B) AllocSpace objects, 0(0B) LOS objects, 37% free, 26MB/42MB, paused 375us total 27.812ms
08-05 01:33:51.278   512  2967 D audio_hw_primary: disable_audio_route: reset and update mixer path: low-latency-playback speaker
08-05 01:33:51.279   512  2967 D audio_hw_primary: disable_snd_device: snd_device(2: speaker)
08-05 01:33:51.287   512  2967 I soundtrigger: audio_extn_sound_trigger_update_device_status: device 0x2 of type 0 for Event 0
08-05 01:33:51.392 18776 18788 I art     : Starting a blocking GC Explicit
08-05 01:33:51.414   918  5481 I AccountManagerService: getTypesVisibleToCaller: isPermitted? true
08-05 01:33:51.417 24577 24411 I Checkin : [ServiceDumpSys] dumping service [account]
08-05 01:33:51.422 18776 18788 I art     : Explicit concurrent mark sweep GC freed 1294(75KB) AllocSpace objects, 1(20KB) LOS objects, 37% free, 26MB/42MB, paused 329us total 29.457ms
08-05 01:33:51.429 24365 21562 I NetworkScheduler.Stats: Task com.google.android.gms/com.google.android.gms.checkin.EventLogService finished executing. cause:5 result: 1 elapsed_millis: 2088 uptime_millis: 2087 exec_start_elapsed_seconds: 1737833 [CONTEXT service_id=218 ]
08-05 01:33:51.433 18776 18788 I art     : Starting a blocking GC Explicit
08-05 01:33:51.438   918   928 I AccountManagerService: getTypesVisibleToCaller: isPermitted? true
08-05 01:33:51.463 18776 18788 I art     : Explicit concurrent mark sweep GC freed 18(624B) AllocSpace objects, 0(0B) LOS objects, 37% free, 26MB/42MB, paused 359us total 29.338ms
08-05 01:33:51.474 18776 18788 I art     : Starting a blocking GC Explicit
08-05 01:33:51.505 18776 18788 I art     : Explicit concurrent mark sweep GC freed 3(96B) AllocSpace objects, 0(0B) LOS objects, 37% free, 26MB/42MB, paused 361us total 31.301ms
08-05 01:33:51.517 18776 18788 I art     : Starting a blocking GC Explicit
08-05 01:33:51.551 18776 18788 I art     : Explicit concurrent mark sweep GC freed 3(96B) AllocSpace objects, 0(0B) LOS objects, 37% free, 26MB/42MB, paused 364us total 33.053ms
08-05 01:33:51.563 18776 18788 I art     : Starting a blocking GC Explicit
08-05 01:33:51.598 18776 18788 I art     : Explicit concurrent mark sweep GC freed 3(96B) AllocSpace objects, 0(0B) LOS objects, 37% free, 26MB/42MB, paused 372us total 34.651ms
08-05 01:33:51.901 18776 19290 I art     : Starting a blocking GC Explicit
08-05 01:33:51.948 18776 19290 I art     : Explicit concurrent mark sweep GC freed 1293(75KB) AllocSpace objects, 1(20KB) LOS objects, 37% free, 26MB/42MB, paused 377us total 46.637ms
08-05 01:33:51.962 18776 19290 I art     : Starting a blocking GC Explicit
08-05 01:33:51.994 18776 19290 I art     : Explicit concurrent mark sweep GC freed 18(624B) AllocSpace objects, 0(0B) LOS objects, 37% free, 26MB/42MB, paused 367us total 31.389ms
08-05 01:33:52.005 18776 19290 I art     : Starting a blocking GC Explicit
08-05 01:33:52.037 18776 19290 I art     : Explicit concurrent mark sweep GC freed 3(96B) AllocSpace objects, 0(0B) LOS objects, 37% free, 26MB/42MB, paused 360us total 31.511ms
08-05 01:33:52.049 18776 19290 I art     : Starting a blocking GC Explicit
08-05 01:33:52.081 18776 19290 I art     : Explicit concurrent mark sweep GC freed 3(96B) AllocSpace objects, 0(0B) LOS objects, 37% free, 26MB/42MB, paused 358us total 32.502ms
08-05 01:33:52.094 18776 19290 I art     : Starting a blocking GC Explicit
08-05 01:33:52.126 18776 19290 I art     : Explicit concurrent mark sweep GC freed 3(96B) AllocSpace objects, 0(0B) LOS objects, 37% free, 26MB/42MB, paused 366us total 32.025ms
08-05 01:33:52.240   518   646 I ThermalEngine: ACTION: GPU - Setting GPU[0] to 450000000
08-05 01:33:52.381 19964 19964 D AndroidRuntime: >>>>>> START com.android.internal.os.RuntimeInit uid 2000 <<<<<<
08-05 01:33:52.388 19964 19964 D AndroidRuntime: CheckJNI is OFF
08-05 01:33:52.431 19964 19964 D ICU     : No timezone override file found: /data/misc/zoneinfo/current/icu/icu_tzdata.dat
08-05 01:33:52.433 18776 18987 I art     : Starting a blocking GC Explicit
08-05 01:33:52.476 19964 19964 I Radio-JNI: register_android_hardware_Radio DONE
08-05 01:33:52.478 18776 18987 I art     : Explicit concurrent mark sweep GC freed 1307(76KB) AllocSpace objects, 1(20KB) LOS objects, 37% free, 26MB/42MB, paused 578us total 44.420ms
08-05 01:33:52.494 18776 18987 I art     : Starting a blocking GC Explicit
08-05 01:33:52.508 19964 19964 D AndroidRuntime: Calling main entry com.android.commands.input.Input
08-05 01:33:52.510 19964 19964 I Input   : injectMotionEvent: MotionEvent { action=ACTION_DOWN, actionButton=0, id[0]=0, x[0]=436.0, y[0]=1770.0, toolType[0]=TOOL_TYPE_UNKNOWN, buttonState=0, metaState=0, flags=0x0, edgeFlags=0x0, pointerCount=1, historySize=0, eventTime=754448923, downTime=754448923, deviceId=0, source=0x1002 }
08-05 01:33:52.516 19964 19964 I Input   : injectMotionEvent: MotionEvent { action=ACTION_UP, actionButton=0, id[0]=0, x[0]=436.0, y[0]=1770.0, toolType[0]=TOOL_TYPE_UNKNOWN, buttonState=0, metaState=0, flags=0x0, edgeFlags=0x0, pointerCount=1, historySize=0, eventTime=754448923, downTime=754448923, deviceId=0, source=0x1002 }
08-05 01:33:52.518 19964 19964 D AndroidRuntime: Shutting down VM
08-05 01:33:52.534 18776 18987 I art     : Explicit concurrent mark sweep GC freed 34(1456B) AllocSpace objects, 0(0B) LOS objects, 37% free, 26MB/42MB, paused 536us total 39.237ms
08-05 01:33:52.536 18776 18776 D MainActivity: NavigationItemSelected: Courses
08-05 01:33:52.537   918   928 I ActivityManager: START u0 {cmp=baseline.com.ak.uobtimetable/.CourseListActivity} from uid 10684 on display 0
08-05 01:33:52.538   512  2967 D audio_hw_primary: out_set_parameters: enter: usecase(1: low-latency-playback) kvpairs: routing=2
08-05 01:33:52.549 18776 18987 I art     : Starting a blocking GC Explicit
08-05 01:33:52.551   512  2967 D audio_hw_primary: select_devices: out_snd_device(2: speaker) in_snd_device(0: none)
08-05 01:33:52.551   512  2967 D msm8974_platform: platform_send_audio_calibration: sending audio calibration for snd_device(2) acdb_id(15)
08-05 01:33:52.551   512  2967 I soundtrigger: audio_extn_sound_trigger_update_device_status: device 0x2 of type 0 for Event 1
08-05 01:33:52.560   512  2967 D audio_hw_primary: enable_snd_device: snd_device(2: speaker)
08-05 01:33:52.562   512  2967 D audio_hw_primary: enable_audio_route: apply and update mixer path: low-latency-playback speaker
08-05 01:33:52.563 18776 18776 D MainActivity: OnPause
08-05 01:33:52.590 18776 18987 I art     : Explicit concurrent mark sweep GC freed 950(43KB) AllocSpace objects, 0(0B) LOS objects, 37% free, 26MB/42MB, paused 1.108ms total 40.349ms
08-05 01:33:52.601 18776 18776 D CourseListActivity: onCreate
08-05 01:33:52.603 18776 19987 D HTTP    : Request for: https://uob-timetable-api.adriankeenan.co.uk/courses
08-05 01:33:52.604 18776 18987 I art     : Starting a blocking GC Explicit
08-05 01:33:52.643 18776 18987 I art     : Explicit concurrent mark sweep GC freed 1840(111KB) AllocSpace objects, 0(0B) LOS objects, 37% free, 26MB/42MB, paused 644us total 39.096ms
08-05 01:33:52.658 18776 18987 I art     : Starting a blocking GC Explicit
08-05 01:33:52.677   918   936 I ActivityManager: Displayed baseline.com.ak.uobtimetable/.CourseListActivity: +112ms
08-05 01:33:52.678 13866 13866 I GoogleInputMethodServic: GoogleInputMethodService.onFinishInput():3138 
08-05 01:33:52.679 13866 13866 I GoogleInputMethodServic: GoogleInputMethodService.onStartInput():1808 
08-05 01:33:52.701 18776 18987 I art     : Explicit concurrent mark sweep GC freed 467(24KB) AllocSpace objects, 0(0B) LOS objects, 37% free, 26MB/42MB, paused 714us total 42.591ms
08-05 01:33:52.807 18776 19987 I NAPPA_EXPERIMENTATION: MetricNetworkRequestExecutionTime: REQUEST_DURATION_SYSTEM='203',REQUEST_DURATION_OKHTTP='43',REQUEST_SYNCHRONOUS='TRUE',RESPONSE_CODE='200',RESPONSE_METHOD='GET',RESPONSE_LENGTH_OKHTTP='-1',RESPONSE_LENGTH_HEADER='-2',REQUEST_PROTOCOL='http/1.1',REQUEST_URL='https://uob-timetable-api.adriankeenan.co.uk/courses',
08-05 01:33:53.005 18776 19290 I art     : Starting a blocking GC Explicit
08-05 01:33:53.047 18776 19290 I art     : Explicit concurrent mark sweep GC freed 5857(11MB) AllocSpace objects, 4(220KB) LOS objects, 24% free, 49MB/65MB, paused 555us total 42.196ms
08-05 01:33:53.061 18776 19290 I art     : Starting a blocking GC Explicit
08-05 01:33:53.065 18776 18776 D MainActivity: Saving state
08-05 01:33:53.066 18776 18776 D MainActivity: Saving current fragment: SessionListsFragment
08-05 01:33:53.066 18776 18776 D MainActivity: Saving current index: 2
08-05 01:33:53.066 18776 18776 D SessionListsFragment: Saving state
08-05 01:33:53.098 18776 19290 I art     : Explicit concurrent mark sweep GC freed 1132(135KB) AllocSpace objects, 0(0B) LOS objects, 24% free, 48MB/64MB, paused 551us total 36.846ms
08-05 01:33:53.099   512  2967 D audio_hw_primary: disable_audio_route: reset and update mixer path: low-latency-playback speaker
08-05 01:33:53.099   512  2967 D audio_hw_primary: disable_snd_device: snd_device(2: speaker)
08-05 01:33:53.107   512  2967 I soundtrigger: audio_extn_sound_trigger_update_device_status: device 0x2 of type 0 for Event 0
08-05 01:33:53.112 18776 19290 I art     : Starting a blocking GC Explicit
08-05 01:33:53.149 18776 19290 I art     : Explicit concurrent mark sweep GC freed 36(1344B) AllocSpace objects, 0(0B) LOS objects, 24% free, 48MB/64MB, paused 663us total 36.387ms
08-05 01:33:53.163 18776 19290 I art     : Starting a blocking GC Explicit
08-05 01:33:53.218 18776 19987 I HTTP    : Response was compressed.
08-05 01:33:53.220 18776 19290 I art     : Explicit concurrent mark sweep GC freed 167(8KB) AllocSpace objects, 0(0B) LOS objects, 20% free, 63MB/79MB, paused 727us total 56.709ms
08-05 01:33:53.234 18776 19290 I art     : Starting a blocking GC Explicit
08-05 01:33:53.283 18776 19290 I art     : Explicit concurrent mark sweep GC freed 30073(1396KB) AllocSpace objects, 2(22MB) LOS objects, 27% free, 41MB/57MB, paused 776us total 48.668ms
08-05 01:33:53.589 18776 18987 I art     : Starting a blocking GC Explicit
08-05 01:33:53.657 10296 10298 E QC-QMI  : qmi_client [10296] 53a: failed to locate client data
08-05 01:33:53.658   519   519 E QC-QMI  : qmuxd: RX on fd=18 returned error=0 errno[2:No such file or directory]
08-05 01:33:53.658   519   519 E QC-QMI  : QMUX qmux_client_id=53a not found in qmux client list, unable to remove
08-05 01:33:53.659 10296 10296 I Atfwd_Daemon: Stop the daemon....
08-05 01:33:53.659 18776 18987 I art     : Explicit concurrent mark sweep GC freed 201939(9MB) AllocSpace objects, 1(20KB) LOS objects, 26% free, 43MB/59MB, paused 774us total 69.538ms
08-05 01:33:53.669 20011 20011 W ATFWD-daemon: type=1400 audit(0.0:739227): avc: denied { read write } for name="diag" dev="tmpfs" ino=1296 scontext=u:r:atfwd:s0 tcontext=u:object_r:diag_device:s0 tclass=chr_file permissive=0
08-05 01:33:53.677 18776 18987 I art     : Starting a blocking GC Explicit
08-05 01:33:53.680 20011 20011 I libmdmdetect: ESOC framework not supported
08-05 01:33:53.681 20011 20011 I libmdmdetect: Found internal modem: modem
08-05 01:33:53.681 20011 20011 E Diag_Lib:  Diag_LSM_Init: Failed to open handle to diag driver, error = 13
08-05 01:33:53.685 20011 20011 I Atfwd_Daemon: result : 255 	 ,Init step :0 	 ,qmiErrorCode: 0
08-05 01:33:53.686 20011 20011 I Atfwd_Daemon: result : 0 	 ,Init step :1 	 ,qmiErrorCode: 0
08-05 01:33:53.687 20011 20011 I ServiceManager: Waiting for service AtCmdFwd...
08-05 01:33:53.727 18776 18987 I art     : Explicit concurrent mark sweep GC freed 43393(2036KB) AllocSpace objects, 0(0B) LOS objects, 26% free, 43MB/59MB, paused 965us total 49.191ms
08-05 01:33:53.743 18776 18987 I art     : Starting a blocking GC Explicit
08-05 01:33:53.795 18776 18987 I art     : Explicit concurrent mark sweep GC freed 38094(1806KB) AllocSpace objects, 0(0B) LOS objects, 26% free, 43MB/59MB, paused 1.119ms total 51.015ms
08-05 01:33:53.812 18776 18987 I art     : Starting a blocking GC Explicit
08-05 01:33:53.862 18776 18987 I art     : Explicit concurrent mark sweep GC freed 36531(1725KB) AllocSpace objects, 0(0B) LOS objects, 26% free, 44MB/60MB, paused 1.091ms total 50.282ms
08-05 01:33:53.880 18776 18987 I art     : Starting a blocking GC Explicit
08-05 01:33:53.932 18776 18987 I art     : Explicit concurrent mark sweep GC freed 37404(1770KB) AllocSpace objects, 0(0B) LOS objects, 26% free, 44MB/60MB, paused 1.176ms total 52.031ms
08-05 01:33:54.249 18776 18987 I art     : Starting a blocking GC Explicit
08-05 01:33:54.324 18776 18987 I art     : Explicit concurrent mark sweep GC freed 199442(9MB) AllocSpace objects, 1(20KB) LOS objects, 25% free, 46MB/62MB, paused 985us total 75.663ms
08-05 01:33:54.345 18776 18987 I art     : Starting a blocking GC Explicit
08-05 01:33:54.403 18776 18987 I art     : Explicit concurrent mark sweep GC freed 49916(2MB) AllocSpace objects, 0(0B) LOS objects, 25% free, 46MB/62MB, paused 1.185ms total 57.865ms
08-05 01:33:54.423 18776 18987 I art     : Starting a blocking GC Explicit
08-05 01:33:54.483 18776 18987 I art     : Explicit concurrent mark sweep GC freed 42599(2029KB) AllocSpace objects, 0(0B) LOS objects, 25% free, 46MB/62MB, paused 1.388ms total 59.352ms
08-05 01:33:54.503 18776 18987 I art     : Starting a blocking GC Explicit
08-05 01:33:54.564 18776 18987 I art     : Explicit concurrent mark sweep GC freed 43133(2017KB) AllocSpace objects, 0(0B) LOS objects, 25% free, 46MB/62MB, paused 1.459ms total 60.329ms
08-05 01:33:54.584 18776 18987 I art     : Starting a blocking GC Explicit
08-05 01:33:54.645 18776 18987 I art     : Explicit concurrent mark sweep GC freed 42480(1994KB) AllocSpace objects, 0(0B) LOS objects, 25% free, 47MB/63MB, paused 1.248ms total 60.558ms
08-05 01:33:54.687 20011 20011 I ServiceManager: Waiting for service AtCmdFwd...
08-05 01:33:54.954 18776 18788 I art     : Starting a blocking GC Explicit
08-05 01:33:55.037 18776 18788 I art     : Explicit concurrent mark sweep GC freed 184410(8MB) AllocSpace objects, 1(20KB) LOS objects, 24% free, 48MB/64MB, paused 1.194ms total 83.025ms
08-05 01:33:55.059 18776 18788 I art     : Starting a blocking GC Explicit
08-05 01:33:55.126 18776 18788 I art     : Explicit concurrent mark sweep GC freed 52294(2MB) AllocSpace objects, 0(0B) LOS objects, 24% free, 49MB/65MB, paused 1.846ms total 66.626ms
08-05 01:33:55.148 18776 18788 I art     : Starting a blocking GC Explicit
08-05 01:33:55.216 18776 18788 I art     : Explicit concurrent mark sweep GC freed 47995(2MB) AllocSpace objects, 0(0B) LOS objects, 24% free, 49MB/65MB, paused 1.523ms total 67.603ms
08-05 01:33:55.238 18776 18788 I art     : Starting a blocking GC Explicit
08-05 01:33:55.309 18776 18788 I art     : Explicit concurrent mark sweep GC freed 49091(2MB) AllocSpace objects, 0(0B) LOS objects, 24% free, 49MB/65MB, paused 1.429ms total 70.968ms
08-05 01:33:55.331 18776 18788 I art     : Starting a blocking GC Explicit
08-05 01:33:55.402 18776 18788 I art     : Explicit concurrent mark sweep GC freed 49715(2MB) AllocSpace objects, 0(0B) LOS objects, 24% free, 50MB/66MB, paused 1.454ms total 70.432ms
08-05 01:33:55.688 20011 20011 I ServiceManager: Waiting for service AtCmdFwd...
08-05 01:33:55.719 18776 19160 I art     : Starting a blocking GC Explicit
08-05 01:33:55.815 18776 19160 I art     : Explicit concurrent mark sweep GC freed 212546(9MB) AllocSpace objects, 1(20KB) LOS objects, 23% free, 51MB/67MB, paused 1.313ms total 95.279ms
08-05 01:33:55.838 18776 19160 I art     : Starting a blocking GC Explicit
08-05 01:33:55.916 18776 19160 I art     : Explicit concurrent mark sweep GC freed 60156(2MB) AllocSpace objects, 0(0B) LOS objects, 23% free, 52MB/68MB, paused 1.608ms total 77.692ms
08-05 01:33:55.940 18776 19160 I art     : Starting a blocking GC Explicit
08-05 01:33:56.019 18776 19160 I art     : Explicit concurrent mark sweep GC freed 54910(2MB) AllocSpace objects, 0(0B) LOS objects, 23% free, 52MB/68MB, paused 1.795ms total 78.772ms
08-05 01:33:56.019 18776 18786 I art     : WaitForGcToComplete blocked for 66.268ms for cause HeapTrim
08-05 01:33:56.041 18776 19160 I art     : Starting a blocking GC Explicit
08-05 01:33:56.046 18776 19987 I Service : getCourses response time: 0.69
08-05 01:33:56.054 18776 18776 I SettingsManager: Getting string: savedCourse
08-05 01:33:56.114 18776 19160 I art     : Explicit concurrent mark sweep GC freed 21107(1043KB) AllocSpace objects, 0(0B) LOS objects, 23% free, 52MB/68MB, paused 1.068ms total 71.904ms
08-05 01:33:56.135 18776 19160 I art     : Starting a blocking GC Explicit
08-05 01:33:56.211 18776 19160 I art     : Explicit concurrent mark sweep GC freed 874(38KB) AllocSpace objects, 1(14MB) LOS objects, 29% free, 37MB/53MB, paused 602us total 75.517ms
08-05 01:33:56.556 18776 19290 I art     : Starting a blocking GC Explicit
08-05 01:33:56.656 18776 19290 I art     : Explicit concurrent mark sweep GC freed 2069(142KB) AllocSpace objects, 1(20KB) LOS objects, 29% free, 37MB/53MB, paused 603us total 99.344ms
08-05 01:33:56.685 18776 19290 I art     : Starting a blocking GC Explicit
08-05 01:33:56.688 20011 20011 I ServiceManager: Waiting for service AtCmdFwd...
08-05 01:33:56.768 18776 19290 I art     : Explicit concurrent mark sweep GC freed 20(720B) AllocSpace objects, 0(0B) LOS objects, 29% free, 37MB/53MB, paused 589us total 82.859ms
08-05 01:33:56.794 18776 19290 I art     : Starting a blocking GC Explicit
08-05 01:33:56.872 18776 19290 I art     : Explicit concurrent mark sweep GC freed 3(96B) AllocSpace objects, 0(0B) LOS objects, 29% free, 37MB/53MB, paused 556us total 77.864ms
08-05 01:33:56.898 18776 19290 I art     : Starting a blocking GC Explicit
08-05 01:33:56.982 18776 19290 I art     : Explicit concurrent mark sweep GC freed 3(96B) AllocSpace objects, 0(0B) LOS objects, 29% free, 37MB/53MB, paused 540us total 83.858ms
08-05 01:33:57.008 18776 19290 I art     : Starting a blocking GC Explicit
08-05 01:33:57.091 18776 19290 I art     : Explicit concurrent mark sweep GC freed 3(96B) AllocSpace objects, 0(0B) LOS objects, 29% free, 37MB/53MB, paused 521us total 82.643ms
08-05 01:33:57.463 18776 18987 I art     : Starting a blocking GC Explicit
08-05 01:33:57.545 18776 18987 I art     : Explicit concurrent mark sweep GC freed 1293(75KB) AllocSpace objects, 1(20KB) LOS objects, 29% free, 37MB/53MB, paused 542us total 82.585ms
08-05 01:33:57.571 18776 18987 I art     : Starting a blocking GC Explicit
08-05 01:33:57.655 18776 18987 I art     : Explicit concurrent mark sweep GC freed 18(624B) AllocSpace objects, 0(0B) LOS objects, 29% free, 37MB/53MB, paused 571us total 83.552ms
08-05 01:33:57.681 18776 18987 I art     : Starting a blocking GC Explicit
08-05 01:33:57.689 20011 20011 I ServiceManager: Waiting for service AtCmdFwd...
08-05 01:33:57.759 18776 18987 I art     : Explicit concurrent mark sweep GC freed 6(224B) AllocSpace objects, 0(0B) LOS objects, 29% free, 37MB/53MB, paused 560us total 77.949ms
08-05 01:33:57.784 18776 18987 I art     : Starting a blocking GC Explicit
08-05 01:33:57.789   918  3261 D WifiStateMachine: starting scan for "H369AA63323"WPA_PSK with 2412,5180
08-05 01:33:57.864 18776 18987 I art     : Explicit concurrent mark sweep GC freed 3(96B) AllocSpace objects, 0(0B) LOS objects, 29% free, 37MB/53MB, paused 521us total 79.755ms
08-05 01:33:57.889 18776 18987 I art     : Starting a blocking GC Explicit
08-05 01:33:57.973 18776 18987 I art     : Explicit concurrent mark sweep GC freed 3(96B) AllocSpace objects, 0(0B) LOS objects, 29% free, 37MB/53MB, paused 546us total 82.858ms
08-05 01:33:58.352 18776 18788 I art     : Starting a blocking GC Explicit
08-05 01:33:58.434 18776 18788 I art     : Explicit concurrent mark sweep GC freed 1293(75KB) AllocSpace objects, 1(20KB) LOS objects, 29% free, 37MB/53MB, paused 555us total 81.164ms
08-05 01:33:58.459 18776 18788 I art     : Starting a blocking GC Explicit
08-05 01:33:58.542 18776 18788 I art     : Explicit concurrent mark sweep GC freed 18(624B) AllocSpace objects, 0(0B) LOS objects, 29% free, 37MB/53MB, paused 535us total 83.029ms
08-05 01:33:58.568 18776 18788 I art     : Starting a blocking GC Explicit
08-05 01:33:58.651 18776 18788 I art     : Explicit concurrent mark sweep GC freed 3(96B) AllocSpace objects, 0(0B) LOS objects, 29% free, 37MB/53MB, paused 542us total 82.848ms
08-05 01:33:58.677 18776 18788 I art     : Starting a blocking GC Explicit
08-05 01:33:58.689 20011 20011 W Atfwd_Sendcmd: AtCmdFwd service not published, waiting... retryCnt : 1
08-05 01:33:58.758 18776 18788 I art     : Explicit concurrent mark sweep GC freed 3(96B) AllocSpace objects, 0(0B) LOS objects, 29% free, 37MB/53MB, paused 719us total 80.522ms
08-05 01:33:58.783 18776 18788 I art     : Starting a blocking GC Explicit
08-05 01:33:58.856 18776 18788 I art     : Explicit concurrent mark sweep GC freed 3(96B) AllocSpace objects, 0(0B) LOS objects, 29% free, 37MB/53MB, paused 550us total 72.184ms
08-05 01:33:59.203 18776 19160 I art     : Starting a blocking GC Explicit
08-05 01:33:59.255   518   646 I ThermalEngine: ACTION: GPU - Setting GPU[0] to 510000000
08-05 01:33:59.293 18776 19160 I art     : Explicit concurrent mark sweep GC freed 1293(75KB) AllocSpace objects, 1(20KB) LOS objects, 29% free, 37MB/53MB, paused 559us total 90ms
08-05 01:33:59.315 18776 19160 I art     : Starting a blocking GC Explicit
08-05 01:33:59.320 20078 20078 D AndroidRuntime: >>>>>> START com.android.internal.os.RuntimeInit uid 2000 <<<<<<
08-05 01:33:59.324 20078 20078 D AndroidRuntime: CheckJNI is OFF
08-05 01:33:59.356 20078 20078 D ICU     : No timezone override file found: /data/misc/zoneinfo/current/icu/icu_tzdata.dat
08-05 01:33:59.371 18776 19160 I art     : Explicit concurrent mark sweep GC freed 18(624B) AllocSpace objects, 0(0B) LOS objects, 29% free, 37MB/53MB, paused 415us total 55.613ms
08-05 01:33:59.390 18776 19160 I art     : Starting a blocking GC Explicit
08-05 01:33:59.390 20078 20078 I Radio-JNI: register_android_hardware_Radio DONE
08-05 01:33:59.412 20078 20078 D AndroidRuntime: Calling main entry com.android.commands.input.Input
08-05 01:33:59.414 20078 20078 I Input   : injectMotionEvent: MotionEvent { action=ACTION_DOWN, actionButton=0, id[0]=0, x[0]=648.0, y[0]=709.0, toolType[0]=TOOL_TYPE_UNKNOWN, buttonState=0, metaState=0, flags=0x0, edgeFlags=0x0, pointerCount=1, historySize=0, eventTime=754455826, downTime=754455826, deviceId=0, source=0x1002 }
08-05 01:33:59.421 20078 20078 I Input   : injectMotionEvent: MotionEvent { action=ACTION_UP, actionButton=0, id[0]=0, x[0]=648.0, y[0]=709.0, toolType[0]=TOOL_TYPE_UNKNOWN, buttonState=0, metaState=0, flags=0x0, edgeFlags=0x0, pointerCount=1, historySize=0, eventTime=754455826, downTime=754455826, deviceId=0, source=0x1002 }
08-05 01:33:59.422 20078 20078 D AndroidRuntime: Shutting down VM
08-05 01:33:59.447 18776 19160 I art     : Explicit concurrent mark sweep GC freed 19(928B) AllocSpace objects, 0(0B) LOS objects, 29% free, 37MB/53MB, paused 412us total 57.232ms
08-05 01:33:59.466 18776 19160 I art     : Starting a blocking GC Explicit
08-05 01:33:59.488   512  2967 D audio_hw_primary: out_set_parameters: enter: usecase(1: low-latency-playback) kvpairs: routing=2
08-05 01:33:59.501   512  2967 D audio_hw_primary: select_devices: out_snd_device(2: speaker) in_snd_device(0: none)
08-05 01:33:59.501   512  2967 D msm8974_platform: platform_send_audio_calibration: sending audio calibration for snd_device(2) acdb_id(15)
08-05 01:33:59.502   512  2967 I soundtrigger: audio_extn_sound_trigger_update_device_status: device 0x2 of type 0 for Event 1
08-05 01:33:59.513   512  2967 D audio_hw_primary: enable_snd_device: snd_device(2: speaker)
08-05 01:33:59.515   512  2967 D audio_hw_primary: enable_audio_route: apply and update mixer path: low-latency-playback speaker
08-05 01:33:59.524 18776 19160 I art     : Explicit concurrent mark sweep GC freed 595(46KB) AllocSpace objects, 1(20KB) LOS objects, 29% free, 37MB/53MB, paused 541us total 58.177ms
08-05 01:33:59.543 18776 19160 I art     : Starting a blocking GC Explicit
08-05 01:33:59.600 18776 19160 I art     : Explicit concurrent mark sweep GC freed 281(16KB) AllocSpace objects, 0(0B) LOS objects, 29% free, 37MB/53MB, paused 387us total 56.008ms
08-05 01:33:59.667   918  1210 D NetlinkSocketObserver: NeighborEvent{elapsedMs=1737843541, 192.168.2.254, [7C3953A63323], RTM_NEWNEIGH, NUD_PROBE}
08-05 01:33:59.903 18776 19290 I art     : Starting a blocking GC Explicit
08-05 01:33:59.983 18776 19290 I art     : Explicit concurrent mark sweep GC freed 1304(76KB) AllocSpace objects, 1(20KB) LOS objects, 29% free, 37MB/53MB, paused 373us total 80.321ms
08-05 01:34:00.011 18776 19290 I art     : Starting a blocking GC Explicit
08-05 01:34:00.049   512  2967 D audio_hw_primary: disable_audio_route: reset and update mixer path: low-latency-playback speaker
08-05 01:34:00.049   512  2967 D audio_hw_primary: disable_snd_device: snd_device(2: speaker)
08-05 01:34:00.059   512  2967 I soundtrigger: audio_extn_sound_trigger_update_device_status: device 0x2 of type 0 for Event 0
08-05 01:34:00.072 18776 19290 I art     : Explicit concurrent mark sweep GC freed 28(960B) AllocSpace objects, 0(0B) LOS objects, 29% free, 37MB/53MB, paused 368us total 61.271ms
08-05 01:34:00.091 18776 19290 I art     : Starting a blocking GC Explicit
08-05 01:34:00.150 18776 19290 I art     : Explicit concurrent mark sweep GC freed 3(96B) AllocSpace objects, 0(0B) LOS objects, 29% free, 37MB/53MB, paused 361us total 58.613ms
08-05 01:34:00.170 18776 19290 I art     : Starting a blocking GC Explicit
08-05 01:34:00.233 18776 19290 I art     : Explicit concurrent mark sweep GC freed 5(160B) AllocSpace objects, 0(0B) LOS objects, 29% free, 37MB/53MB, paused 373us total 62.496ms
08-05 01:34:00.259 18776 19290 I art     : Starting a blocking GC Explicit
08-05 01:34:00.326 18776 19290 I art     : Explicit concurrent mark sweep GC freed 3(96B) AllocSpace objects, 0(0B) LOS objects, 29% free, 37MB/53MB, paused 468us total 67.138ms
08-05 01:34:00.644 18776 18788 I art     : Starting a blocking GC Explicit
08-05 01:34:00.716 18776 18788 I art     : Explicit concurrent mark sweep GC freed 1295(75KB) AllocSpace objects, 1(20KB) LOS objects, 29% free, 37MB/53MB, paused 415us total 71.437ms
08-05 01:34:00.735 18776 18788 I art     : Starting a blocking GC Explicit
08-05 01:34:00.796 18776 18788 I art     : Explicit concurrent mark sweep GC freed 18(624B) AllocSpace objects, 0(0B) LOS objects, 29% free, 37MB/53MB, paused 409us total 61.352ms
08-05 01:34:00.816 18776 18788 I art     : Starting a blocking GC Explicit
08-05 01:34:00.873 18776 18788 I art     : Explicit concurrent mark sweep GC freed 3(96B) AllocSpace objects, 0(0B) LOS objects, 29% free, 37MB/53MB, paused 398us total 57.363ms
08-05 01:34:00.893 18776 18788 I art     : Starting a blocking GC Explicit
08-05 01:34:00.951 18776 18788 I art     : Explicit concurrent mark sweep GC freed 3(96B) AllocSpace objects, 0(0B) LOS objects, 29% free, 37MB/53MB, paused 403us total 58.063ms
08-05 01:34:00.970 18776 18788 I art     : Starting a blocking GC Explicit
08-05 01:34:01.032 18776 18788 I art     : Explicit concurrent mark sweep GC freed 3(96B) AllocSpace objects, 0(0B) LOS objects, 29% free, 37MB/53MB, paused 412us total 61.455ms
08-05 01:34:01.086 20121 20121 D AndroidRuntime: >>>>>> START com.android.internal.os.RuntimeInit uid 2000 <<<<<<
08-05 01:34:01.090 20121 20121 D AndroidRuntime: CheckJNI is OFF
08-05 01:34:01.122 20121 20121 D ICU     : No timezone override file found: /data/misc/zoneinfo/current/icu/icu_tzdata.dat
08-05 01:34:01.158 20121 20121 I Radio-JNI: register_android_hardware_Radio DONE
08-05 01:34:01.181 20121 20121 D AndroidRuntime: Calling main entry com.android.commands.input.Input
08-05 01:34:01.183 20121 20121 I Input   : injectMotionEvent: MotionEvent { action=ACTION_DOWN, actionButton=0, id[0]=0, x[0]=1197.0, y[0]=1456.0, toolType[0]=TOOL_TYPE_UNKNOWN, buttonState=0, metaState=0, flags=0x0, edgeFlags=0x0, pointerCount=1, historySize=0, eventTime=754457596, downTime=754457596, deviceId=0, source=0x1002 }
08-05 01:34:01.193 20121 20121 I Input   : injectMotionEvent: MotionEvent { action=ACTION_UP, actionButton=0, id[0]=0, x[0]=1197.0, y[0]=1456.0, toolType[0]=TOOL_TYPE_UNKNOWN, buttonState=0, metaState=0, flags=0x0, edgeFlags=0x0, pointerCount=1, historySize=0, eventTime=754457596, downTime=754457596, deviceId=0, source=0x1002 }
08-05 01:34:01.198 20121 20121 D AndroidRuntime: Shutting down VM
08-05 01:34:01.211   512  2967 D audio_hw_primary: out_set_parameters: enter: usecase(1: low-latency-playback) kvpairs: routing=2
08-05 01:34:01.227   512  2967 D audio_hw_primary: select_devices: out_snd_device(2: speaker) in_snd_device(0: none)
08-05 01:34:01.227   512  2967 D msm8974_platform: platform_send_audio_calibration: sending audio calibration for snd_device(2) acdb_id(15)
08-05 01:34:01.228   512  2967 I soundtrigger: audio_extn_sound_trigger_update_device_status: device 0x2 of type 0 for Event 1
08-05 01:34:01.237   512  2967 D audio_hw_primary: enable_snd_device: snd_device(2: speaker)
08-05 01:34:01.240   512  2967 D audio_hw_primary: enable_audio_route: apply and update mixer path: low-latency-playback speaker
08-05 01:34:01.257   518   646 I ThermalEngine: ACTION: GPU - Setting GPU[0] to 450000000
08-05 01:34:01.272 18776 18792 D OpenGLRenderer: endAllStagingAnimators on 0x7f94a58c00 (RippleDrawable) with handle 0x7f79b8e5e0
08-05 01:34:01.281 18776 18776 I SettingsManager: Setting string: savedCourse
08-05 01:34:01.282   918  3696 W BackupManagerService: dataChanged but no participant pkg='baseline.com.ak.uobtimetable' uid=10684
08-05 01:34:01.282   918  4413 I ActivityManager: START u0 {flg=0x4000000 cmp=baseline.com.ak.uobtimetable/.MainActivity (has extras)} from uid 10684 on display 0
08-05 01:34:01.293   918  5132 W InputMethodManagerService: Focus gain on non-focused client com.android.internal.view.IInputMethodClient$Stub$Proxy@e2ad9d3 (uid=10684 pid=18776)
08-05 01:34:01.305 18776 18776 D MainActivity: OnDestroy
08-05 01:34:01.330 18776 18776 D MainActivity: onCreate
08-05 01:34:01.330 18776 18776 I SettingsManager: Getting string: savedSessions
08-05 01:34:01.330 18776 18776 I SettingsManager: Getting string: savedSessions
08-05 01:34:01.340 18776 18776 I SettingsManager: Getting string: savedSessionsCourseName
08-05 01:34:01.341 18776 18776 I SettingsManager: Getting string: savedSessionsCourseName
08-05 01:34:01.341 18776 18776 I SettingsManager: Getting string: savedSessionsDateRange
08-05 01:34:01.341 18776 18776 I SettingsManager: Getting string: savedSessionsDateRange
08-05 01:34:01.341 18776 18776 I Settings: 15 saved sessions - Artificial Intelligence and Robotics (with Foundation Year) - BSc (Hons) - Ltn - Y0 Feb FT - Weeks: 24-38 (8 Jun 2020-20 Sep 2020)
08-05 01:34:01.355 18776 19290 I art     : Starting a blocking GC Explicit
08-05 01:34:01.385 18776 18776 I SettingsManager: Getting string: savedCourse
08-05 01:34:01.385 18776 18776 D MainActivity: sessionListFragmentArg: updateSessions
08-05 01:34:01.385 18776 18776 D MainActivity: showTermDatesConfigChange: false
08-05 01:34:01.386 18776 18776 D MainActivity: showTermDatesShortcut: false
08-05 01:34:01.386 18776 18776 D MainActivity: Setting initial fragment: SessionListsFragment
08-05 01:34:01.387 18776 18776 I SettingsManager: Getting int: launchCount
08-05 01:34:01.388 18776 18776 D SessionListsFragment: onCreateView
08-05 01:34:01.393 18776 18776 I SettingsManager: Getting string: savedCourse
08-05 01:34:01.398 18776 18776 I SettingsManager: Getting string: savedSessions
08-05 01:34:01.409 18776 18776 D SessionListsFragment: loadArgument: updateSessions
08-05 01:34:01.409 18776 18776 D SessionListsFragment: initialIndex: -1
08-05 01:34:01.412 18776 20145 D HTTP    : Request for: https://uob-timetable-api.adriankeenan.co.uk/sessions?dept=CM010&course=BSAIFAAF%2F02AA%2F0%2FFT&level=Foundation+Year
08-05 01:34:01.434 18776 18776 D TermDatesFragment: WebView loaded
08-05 01:34:01.435 18776 18776 D MainActivity: OnResume
08-05 01:34:01.446 18776 18776 I TermDatesFragment: Webview load %: 10
08-05 01:34:01.456 18776 19290 I art     : Explicit concurrent mark sweep GC freed 21929(1034KB) AllocSpace objects, 3(1360KB) LOS objects, 29% free, 37MB/53MB, paused 1.376ms total 100.472ms
08-05 01:34:01.480 18776 19290 I art     : Starting a blocking GC Explicit
08-05 01:34:01.533 13866 13866 I GoogleInputMethodServic: GoogleInputMethodService.onFinishInput():3138 
08-05 01:34:01.533   918   936 I ActivityManager: Displayed baseline.com.ak.uobtimetable/.MainActivity: +238ms
08-05 01:34:01.534 13866 13866 I GoogleInputMethodServic: GoogleInputMethodService.onStartInput():1808 
08-05 01:34:01.554 18776 19290 I art     : Explicit concurrent mark sweep GC freed 3024(176KB) AllocSpace objects, 1(40KB) LOS objects, 29% free, 38MB/54MB, paused 1.198ms total 73.456ms
08-05 01:34:01.580 18776 19290 I art     : Starting a blocking GC Explicit
08-05 01:34:01.629 18776 18776 I TermDatesFragment: Webview load %: 70
08-05 01:34:01.639 18776 19290 I art     : Explicit concurrent mark sweep GC freed 39558(1744KB) AllocSpace objects, 4(280KB) LOS objects, 30% free, 36MB/52MB, paused 679us total 58.932ms
08-05 01:34:01.641 18776 20145 I NAPPA_EXPERIMENTATION: MetricNetworkRequestExecutionTime: REQUEST_DURATION_SYSTEM='227',REQUEST_DURATION_OKHTTP='65',REQUEST_SYNCHRONOUS='TRUE',RESPONSE_CODE='200',RESPONSE_METHOD='GET',RESPONSE_LENGTH_OKHTTP='-1',RESPONSE_LENGTH_HEADER='1214',REQUEST_PROTOCOL='http/1.1',REQUEST_URL='https://uob-timetable-api.adriankeenan.co.uk/sessions?dept=CM010&course=BSAIFAAF%2F02AA%2F0%2FFT&level=Foundation+Year',
08-05 01:34:01.641 18776 18776 I TermDatesFragment: Webview load %: 100
08-05 01:34:01.641 18776 18776 I TermDatesFragment: Webview load %: 100
08-05 01:34:01.660 18776 19290 I art     : Starting a blocking GC Explicit
08-05 01:34:01.680 18776 20145 I HTTP    : Response was compressed.
08-05 01:34:01.695 18776 20145 I Service : getSessions response time: 1.10
08-05 01:34:01.696 18776 18776 I SettingsManager: Getting string: savedSessions
08-05 01:34:01.697 18776 18776 I SettingsManager: Getting string: savedSessions
08-05 01:34:01.710 18776 18776 I Service : Sessions updated: 15
08-05 01:34:01.710 18776 18776 I Service : Sessions removed from new list: 0
08-05 01:34:01.721 18776 19290 I art     : Explicit concurrent mark sweep GC freed 16244(817KB) AllocSpace objects, 2(32KB) LOS objects, 30% free, 36MB/52MB, paused 1.138ms total 61.470ms
08-05 01:34:01.721 18776 18776 I SettingsManager: Setting string: savedSessions
08-05 01:34:01.722   918  3961 W BackupManagerService: dataChanged but no participant pkg='baseline.com.ak.uobtimetable' uid=10684
08-05 01:34:01.722 18776 18776 I SettingsManager: Setting date: savedSessionsTime
08-05 01:34:01.731   918  3359 W BackupManagerService: dataChanged but no participant pkg='baseline.com.ak.uobtimetable' uid=10684
08-05 01:34:01.731 18776 18776 I SettingsManager: Setting string: savedSessionsCourseName
08-05 01:34:01.731   918  4413 W BackupManagerService: dataChanged but no participant pkg='baseline.com.ak.uobtimetable' uid=10684
08-05 01:34:01.732 18776 18776 I SettingsManager: Setting string: savedSessionsDateRange
08-05 01:34:01.732   918  3696 W BackupManagerService: dataChanged but no participant pkg='baseline.com.ak.uobtimetable' uid=10684
08-05 01:34:01.732 18776 18776 I SettingsManager: Setting string: timetableUrl
08-05 01:34:01.733   918  5132 W BackupManagerService: dataChanged but no participant pkg='baseline.com.ak.uobtimetable' uid=10684
08-05 01:34:01.733 18776 18776 I SettingsManager: Getting boolean: notifySessionRemindersEnabled
08-05 01:34:01.733 18776 18776 I SettingsManager: Getting int: notifySessionRemindersMinutes
08-05 01:34:01.733 18776 18776 I SettingsManager: Getting boolean: showHiddenSessions
08-05 01:34:01.735 18776 18776 I SessionReminderNotifier: Created session reminder alarm for f7b4771250a919bd729c1c5a4a459c77 at Mon 08:30:00 10/08/20
08-05 01:34:01.738 18776 18776 I SessionReminderNotifier: Created session reminder alarm for a7f879aabdeb78622c8820a5fb7b64cd at Tue 08:30:00 11/08/20
08-05 01:34:01.740 18776 18776 I SessionReminderNotifier: Created session reminder alarm for 7bc8d7e2c2055711f597c3d9078c6ea3 at Tue 08:30:00 11/08/20
08-05 01:34:01.742 18776 18776 I SessionReminderNotifier: Created session reminder alarm for 53c0527a6f009a1f2fd223834d3bfe51 at Tue 10:30:00 11/08/20
08-05 01:34:01.742 18776 19290 I art     : Starting a blocking GC Explicit
08-05 01:34:01.744 18776 18776 I SessionReminderNotifier: Created session reminder alarm for e0fc978b5db8218778540b4053344581 at Tue 11:00:00 11/08/20
08-05 01:34:01.756 18776 18776 I SessionReminderNotifier: Created session reminder alarm for 199afb0100f329ff65a09e1b0cd9deba at Tue 11:30:00 11/08/20
08-05 01:34:01.759 18776 18776 I SessionReminderNotifier: Created session reminder alarm for 21712fef61090882c855a1425543edb5 at Tue 13:30:00 11/08/20
08-05 01:34:01.760 18776 18776 I SessionReminderNotifier: Created session reminder alarm for 65ca4d97f031f29a4d02bbb45a705d8f at Wed 08:30:00 05/08/20
08-05 01:34:01.762 18776 18776 I SessionReminderNotifier: Created session reminder alarm for eeda7741b0bcab58fd9f46dc6ef1d942 at Wed 08:30:00 05/08/20
08-05 01:34:01.764 18776 18776 I SessionReminderNotifier: Created session reminder alarm for c276c1b2075a0beb67f1b3d1e580f920 at Wed 11:00:00 05/08/20
08-05 01:34:01.765 18776 18776 I SessionReminderNotifier: Created session reminder alarm for 8b1f3627e42ae13a6f6ba0a83903dde1 at Wed 13:30:00 05/08/20
08-05 01:34:01.767 18776 18776 I SessionReminderNotifier: Created session reminder alarm for 79fe0b5c3b887a13ba29db5a33fa2800 at Thu 08:30:00 06/08/20
08-05 01:34:01.769 18776 18776 I SessionReminderNotifier: Created session reminder alarm for cb9dfc8231cdba2be0835dc5709690e1 at Thu 08:30:00 06/08/20
08-05 01:34:01.771 18776 18776 I SessionReminderNotifier: Created session reminder alarm for f850dc24d6de60b7b89fa9e1a8c224c5 at Thu 12:00:00 06/08/20
08-05 01:34:01.773 18776 18776 I SessionReminderNotifier: Created session reminder alarm for 2ba1034116e4fffdd592dbf0796a43d5 at Fri 08:30:00 07/08/20
08-05 01:34:01.773 18776 18776 I SettingsManager: Getting boolean: showHiddenSessions
08-05 01:34:01.773 18776 18776 D SessionListsFragment: 1 sessions for day 0
08-05 01:34:01.773 18776 18776 D SessionListsFragment: 6 sessions for day 1
08-05 01:34:01.773 18776 18776 D SessionListsFragment: 4 sessions for day 2
08-05 01:34:01.773 18776 18776 D SessionListsFragment: 3 sessions for day 3
08-05 01:34:01.773 18776 18776 D SessionListsFragment: 1 sessions for day 4
08-05 01:34:01.791   512  2967 D audio_hw_primary: disable_audio_route: reset and update mixer path: low-latency-playback speaker
08-05 01:34:01.794   512  2967 D audio_hw_primary: disable_snd_device: snd_device(2: speaker)
08-05 01:34:01.804   512  2967 I soundtrigger: audio_extn_sound_trigger_update_device_status: device 0x2 of type 0 for Event 0
08-05 01:34:01.812 18776 19290 I art     : Explicit concurrent mark sweep GC freed 5003(293KB) AllocSpace objects, 1(20KB) LOS objects, 30% free, 36MB/52MB, paused 1.338ms total 69.303ms
08-05 01:34:01.828 18776 18776 I SettingsManager: Getting boolean: showHiddenSessions
08-05 01:34:01.829 18776 18776 D SessionListsFragment: Refreshed ViewPager
08-05 01:34:01.829 18776 18776 I SettingsManager: Getting boolean: showHiddenSessions
08-05 01:34:01.830 18776 18776 I SettingsManager: Getting boolean: completedTutorial
08-05 01:34:01.830 18776 18776 I SettingsManager: Getting boolean: showHiddenSessions
08-05 01:34:01.830 18776 18776 I SettingsManager: Getting date: savedSessionsTime
08-05 01:34:02.118 18776 18787 I art     : Starting a blocking GC Explicit
08-05 01:34:02.209 18776 18787 I art     : Explicit concurrent mark sweep GC freed 124378(4MB) AllocSpace objects, 1(20KB) LOS objects, 29% free, 37MB/53MB, paused 1.316ms total 91.281ms
08-05 01:34:02.233 18776 18787 I art     : Starting a blocking GC Explicit
08-05 01:34:02.312 18776 18787 I art     : Explicit concurrent mark sweep GC freed 37908(1691KB) AllocSpace objects, 0(0B) LOS objects, 29% free, 37MB/53MB, paused 1.450ms total 79.280ms
08-05 01:34:02.335 18776 18787 I art     : Starting a blocking GC Explicit
08-05 01:34:02.414 18776 18787 I art     : Explicit concurrent mark sweep GC freed 33440(1379KB) AllocSpace objects, 0(0B) LOS objects, 29% free, 37MB/53MB, paused 2.391ms total 78.827ms
08-05 01:34:02.438 18776 18787 I art     : Starting a blocking GC Explicit
08-05 01:34:02.520 18776 18787 I art     : Explicit concurrent mark sweep GC freed 37770(1544KB) AllocSpace objects, 0(0B) LOS objects, 29% free, 37MB/53MB, paused 1.448ms total 82.211ms
08-05 01:34:02.544 18776 18787 I art     : Starting a blocking GC Explicit
08-05 01:34:02.626 18776 18787 I art     : Explicit concurrent mark sweep GC freed 36799(1520KB) AllocSpace objects, 0(0B) LOS objects, 29% free, 37MB/53MB, paused 1.442ms total 81.545ms
08-05 01:34:02.660 18776 18776 I Choreographer: Skipped 49 frames!  The application may be doing too much work on its main thread.
08-05 01:34:02.963 18776 19290 I art     : Starting a blocking GC Explicit
08-05 01:34:03.051 18776 19290 I art     : Explicit concurrent mark sweep GC freed 14496(645KB) AllocSpace objects, 1(20KB) LOS objects, 29% free, 37MB/53MB, paused 548us total 87.908ms
08-05 01:34:03.076 18776 19290 I art     : Starting a blocking GC Explicit
08-05 01:34:03.142 18776 19290 I art     : Explicit concurrent mark sweep GC freed 121873(11MB) AllocSpace objects, 3(136KB) LOS objects, 37% free, 26MB/42MB, paused 576us total 65.747ms
08-05 01:34:03.157 18776 19290 I art     : Starting a blocking GC Explicit
08-05 01:34:03.201 18776 19290 I art     : Explicit concurrent mark sweep GC freed 3(96B) AllocSpace objects, 0(0B) LOS objects, 37% free, 26MB/42MB, paused 568us total 43.907ms
08-05 01:34:03.217 18776 19290 I art     : Starting a blocking GC Explicit
08-05 01:34:03.265 18776 19290 I art     : Explicit concurrent mark sweep GC freed 3(96B) AllocSpace objects, 0(0B) LOS objects, 37% free, 26MB/42MB, paused 566us total 47.533ms
08-05 01:34:03.281 18776 19290 I art     : Starting a blocking GC Explicit
08-05 01:34:03.327 18776 19290 I art     : Explicit concurrent mark sweep GC freed 3(96B) AllocSpace objects, 0(0B) LOS objects, 37% free, 26MB/42MB, paused 551us total 44.798ms
08-05 01:34:03.645   918  3188 I hubconnection: sensorhub said: 'set_bias 3: -5.3472, 0.0000, 0.0000'
08-05 01:34:03.689 20011 20011 I ServiceManager: Waiting for service AtCmdFwd...
08-05 01:34:03.690 18776 18987 I art     : Starting a blocking GC Explicit
08-05 01:34:03.735 18776 18987 I art     : Explicit concurrent mark sweep GC freed 1443(80KB) AllocSpace objects, 1(20KB) LOS objects, 37% free, 26MB/42MB, paused 580us total 44.741ms
08-05 01:34:03.752 18776 18987 I art     : Starting a blocking GC Explicit
08-05 01:34:03.800 18776 18987 I art     : Explicit concurrent mark sweep GC freed 20(704B) AllocSpace objects, 0(0B) LOS objects, 37% free, 26MB/42MB, paused 567us total 47.687ms
08-05 01:34:03.816 18776 18987 I art     : Starting a blocking GC Explicit
08-05 01:34:03.861 18776 18987 I art     : Explicit concurrent mark sweep GC freed 3(96B) AllocSpace objects, 0(0B) LOS objects, 37% free, 26MB/42MB, paused 555us total 44.826ms
08-05 01:34:03.878 18776 18987 I art     : Starting a blocking GC Explicit
08-05 01:34:03.926 18776 18987 I art     : Explicit concurrent mark sweep GC freed 3(96B) AllocSpace objects, 0(0B) LOS objects, 37% free, 26MB/42MB, paused 574us total 47.824ms
08-05 01:34:03.943 18776 18987 I art     : Starting a blocking GC Explicit
08-05 01:34:03.989 18776 18987 I art     : Explicit concurrent mark sweep GC freed 3(96B) AllocSpace objects, 0(0B) LOS objects, 37% free, 26MB/42MB, paused 570us total 46.355ms
08-05 01:34:04.338 18776 19290 I art     : Starting a blocking GC Explicit
08-05 01:34:04.395 18776 19290 I art     : Explicit concurrent mark sweep GC freed 1293(75KB) AllocSpace objects, 1(20KB) LOS objects, 37% free, 26MB/42MB, paused 618us total 56.269ms
08-05 01:34:04.414 18776 19290 I art     : Starting a blocking GC Explicit
08-05 01:34:04.459 18776 19290 I art     : Explicit concurrent mark sweep GC freed 18(624B) AllocSpace objects, 0(0B) LOS objects, 37% free, 26MB/42MB, paused 546us total 44.425ms
08-05 01:34:04.476 18776 19290 I art     : Starting a blocking GC Explicit
08-05 01:34:04.524 18776 19290 I art     : Explicit concurrent mark sweep GC freed 3(96B) AllocSpace objects, 0(0B) LOS objects, 37% free, 26MB/42MB, paused 540us total 47.951ms
08-05 01:34:04.541 18776 19290 I art     : Starting a blocking GC Explicit
08-05 01:34:04.588 18776 19290 I art     : Explicit concurrent mark sweep GC freed 3(96B) AllocSpace objects, 0(0B) LOS objects, 37% free, 26MB/42MB, paused 614us total 47.046ms
08-05 01:34:04.605 18776 19290 I art     : Starting a blocking GC Explicit
08-05 01:34:04.653 18776 19290 I art     : Explicit concurrent mark sweep GC freed 3(96B) AllocSpace objects, 0(0B) LOS objects, 37% free, 26MB/42MB, paused 575us total 47.955ms
08-05 01:34:04.690 20011 20011 I ServiceManager: Waiting for service AtCmdFwd...
08-05 01:34:05.023 18776 18787 I art     : Starting a blocking GC Explicit
08-05 01:34:05.080 18776 18787 I art     : Explicit concurrent mark sweep GC freed 1293(75KB) AllocSpace objects, 1(20KB) LOS objects, 37% free, 26MB/42MB, paused 634us total 56.791ms
08-05 01:34:05.101 18776 18787 I art     : Starting a blocking GC Explicit
08-05 01:34:05.147 18776 18787 I art     : Explicit concurrent mark sweep GC freed 18(624B) AllocSpace objects, 0(0B) LOS objects, 37% free, 26MB/42MB, paused 648us total 46.582ms
08-05 01:34:05.164 18776 18787 I art     : Starting a blocking GC Explicit
08-05 01:34:05.210 18776 18787 I art     : Explicit concurrent mark sweep GC freed 3(96B) AllocSpace objects, 0(0B) LOS objects, 37% free, 26MB/42MB, paused 523us total 45.388ms
08-05 01:34:05.226 18776 18787 I art     : Starting a blocking GC Explicit
08-05 01:34:05.275 18776 18787 I art     : Explicit concurrent mark sweep GC freed 3(96B) AllocSpace objects, 0(0B) LOS objects, 37% free, 26MB/42MB, paused 572us total 48.642ms
08-05 01:34:05.292 18776 18787 I art     : Starting a blocking GC Explicit
08-05 01:34:05.337 18776 18787 I art     : Explicit concurrent mark sweep GC freed 3(96B) AllocSpace objects, 0(0B) LOS objects, 37% free, 26MB/42MB, paused 640us total 45.233ms
08-05 01:34:05.649 18776 19160 I art     : Starting a blocking GC Explicit
08-05 01:34:05.691 20011 20011 I ServiceManager: Waiting for service AtCmdFwd...
08-05 01:34:05.702 18776 19160 I art     : Explicit concurrent mark sweep GC freed 1305(76KB) AllocSpace objects, 1(20KB) LOS objects, 37% free, 26MB/42MB, paused 615us total 53.001ms
08-05 01:34:05.720 18776 19160 I art     : Starting a blocking GC Explicit
08-05 01:34:05.762 18776 19160 I art     : Explicit concurrent mark sweep GC freed 19(688B) AllocSpace objects, 0(0B) LOS objects, 37% free, 26MB/42MB, paused 524us total 41.712ms
08-05 01:34:05.777 18776 19160 I art     : Starting a blocking GC Explicit
08-05 01:34:05.819 18776 19160 I art     : Explicit concurrent mark sweep GC freed 3(96B) AllocSpace objects, 0(0B) LOS objects, 37% free, 26MB/42MB, paused 533us total 41.927ms
08-05 01:34:05.835 18776 19160 I art     : Starting a blocking GC Explicit
08-05 01:34:05.878 18776 19160 I art     : Explicit concurrent mark sweep GC freed 6(144B) AllocSpace objects, 0(0B) LOS objects, 37% free, 26MB/42MB, paused 583us total 42.907ms
08-05 01:34:05.894 18776 19160 I art     : Starting a blocking GC Explicit
08-05 01:34:05.936 18776 19160 I art     : Explicit concurrent mark sweep GC freed 30(1152B) AllocSpace objects, 0(0B) LOS objects, 37% free, 26MB/42MB, paused 527us total 41.359ms
08-05 01:34:06.022 20198 20198 D AndroidRuntime: >>>>>> START com.android.internal.os.RuntimeInit uid 2000 <<<<<<
08-05 01:34:06.029 20198 20198 D AndroidRuntime: CheckJNI is OFF
08-05 01:34:06.073 20198 20198 D ICU     : No timezone override file found: /data/misc/zoneinfo/current/icu/icu_tzdata.dat
08-05 01:34:06.117 20198 20198 I Radio-JNI: register_android_hardware_Radio DONE
08-05 01:34:06.146 20198 20198 D AndroidRuntime: Calling main entry com.android.commands.input.Input
08-05 01:34:06.148 20198 20198 I Input   : injectMotionEvent: MotionEvent { action=ACTION_DOWN, actionButton=0, id[0]=0, x[0]=81.0, y[0]=176.0, toolType[0]=TOOL_TYPE_UNKNOWN, buttonState=0, metaState=0, flags=0x0, edgeFlags=0x0, pointerCount=1, historySize=0, eventTime=754462561, downTime=754462561, deviceId=0, source=0x1002 }
08-05 01:34:06.154 20198 20198 I Input   : injectMotionEvent: MotionEvent { action=ACTION_UP, actionButton=0, id[0]=0, x[0]=81.0, y[0]=176.0, toolType[0]=TOOL_TYPE_UNKNOWN, buttonState=0, metaState=0, flags=0x0, edgeFlags=0x0, pointerCount=1, historySize=0, eventTime=754462561, downTime=754462561, deviceId=0, source=0x1002 }
08-05 01:34:06.157 20198 20198 D AndroidRuntime: Shutting down VM
08-05 01:34:06.167   512  2967 D audio_hw_primary: out_set_parameters: enter: usecase(1: low-latency-playback) kvpairs: routing=2
08-05 01:34:06.181   512  2967 D audio_hw_primary: select_devices: out_snd_device(2: speaker) in_snd_device(0: none)
08-05 01:34:06.181   512  2967 D msm8974_platform: platform_send_audio_calibration: sending audio calibration for snd_device(2) acdb_id(15)
08-05 01:34:06.181   512  2967 I soundtrigger: audio_extn_sound_trigger_update_device_status: device 0x2 of type 0 for Event 1
08-05 01:34:06.191   512  2967 D audio_hw_primary: enable_snd_device: snd_device(2: speaker)
08-05 01:34:06.193   512  2967 D audio_hw_primary: enable_audio_route: apply and update mixer path: low-latency-playback speaker
08-05 01:34:06.198 13866 13866 I GoogleInputMethodServic: GoogleInputMethodService.onFinishInput():3138 
08-05 01:34:06.198 13866 13866 I GoogleInputMethodServic: GoogleInputMethodService.onStartInput():1808 
08-05 01:34:06.266   518   646 I ThermalEngine: ACTION: GPU - Setting GPU[0] to 510000000
08-05 01:34:06.272 18776 19160 I art     : Starting a blocking GC Explicit
08-05 01:34:06.315 18776 19160 I art     : Explicit concurrent mark sweep GC freed 1764(98KB) AllocSpace objects, 1(20KB) LOS objects, 37% free, 26MB/42MB, paused 496us total 42.976ms
08-05 01:34:06.330 18776 19160 I art     : Starting a blocking GC Explicit
08-05 01:34:06.362 18776 19160 I art     : Explicit concurrent mark sweep GC freed 174(11KB) AllocSpace objects, 0(0B) LOS objects, 37% free, 26MB/42MB, paused 402us total 31.510ms
08-05 01:34:06.373 18776 19160 I art     : Starting a blocking GC Explicit
08-05 01:34:06.405 18776 19160 I art     : Explicit concurrent mark sweep GC freed 3(96B) AllocSpace objects, 0(0B) LOS objects, 37% free, 26MB/42MB, paused 387us total 31.512ms
08-05 01:34:06.417 18776 19160 I art     : Starting a blocking GC Explicit
08-05 01:34:06.449 18776 19160 I art     : Explicit concurrent mark sweep GC freed 11(352B) AllocSpace objects, 0(0B) LOS objects, 37% free, 26MB/42MB, paused 367us total 31.711ms
08-05 01:34:06.461 18776 19160 I art     : Starting a blocking GC Explicit
08-05 01:34:06.494 18776 19160 I art     : Explicit concurrent mark sweep GC freed 3(96B) AllocSpace objects, 0(0B) LOS objects, 37% free, 26MB/42MB, paused 405us total 32.609ms
08-05 01:34:06.494 18776 18786 I art     : WaitForGcToComplete blocked for 32.838ms for cause HeapTrim
08-05 01:34:06.691 20011 20011 I ServiceManager: Waiting for service AtCmdFwd...
08-05 01:34:06.738   512  2967 D audio_hw_primary: disable_audio_route: reset and update mixer path: low-latency-playback speaker
08-05 01:34:06.740   512  2967 D audio_hw_primary: disable_snd_device: snd_device(2: speaker)
08-05 01:34:06.748   512  2967 I soundtrigger: audio_extn_sound_trigger_update_device_status: device 0x2 of type 0 for Event 0
08-05 01:34:06.793 18776 18788 I art     : Starting a blocking GC Explicit
08-05 01:34:06.830 18776 18788 I art     : Explicit concurrent mark sweep GC freed 1296(75KB) AllocSpace objects, 1(20KB) LOS objects, 37% free, 26MB/42MB, paused 475us total 36.345ms
08-05 01:34:06.843 18776 18788 I art     : Starting a blocking GC Explicit
08-05 01:34:06.874 18776 18788 I art     : Explicit concurrent mark sweep GC freed 20(688B) AllocSpace objects, 0(0B) LOS objects, 37% free, 26MB/42MB, paused 409us total 31.158ms
08-05 01:34:06.885 18776 18788 I art     : Starting a blocking GC Explicit
08-05 01:34:06.920 18776 18788 I art     : Explicit concurrent mark sweep GC freed 5(160B) AllocSpace objects, 0(0B) LOS objects, 37% free, 26MB/42MB, paused 395us total 34.453ms
08-05 01:34:06.933 18776 18788 I art     : Starting a blocking GC Explicit
08-05 01:34:06.968 18776 18788 I art     : Explicit concurrent mark sweep GC freed 3(96B) AllocSpace objects, 0(0B) LOS objects, 37% free, 26MB/42MB, paused 415us total 35.417ms
08-05 01:34:06.981 18776 18788 I art     : Starting a blocking GC Explicit
08-05 01:34:07.017 18776 18788 I art     : Explicit concurrent mark sweep GC freed 3(96B) AllocSpace objects, 0(0B) LOS objects, 37% free, 26MB/42MB, paused 419us total 35.388ms
08-05 01:34:07.310 18776 19160 I art     : Starting a blocking GC Explicit
08-05 01:34:07.358 18776 19160 I art     : Explicit concurrent mark sweep GC freed 1293(75KB) AllocSpace objects, 1(20KB) LOS objects, 37% free, 26MB/42MB, paused 511us total 47.299ms
08-05 01:34:07.371 18776 19160 I art     : Starting a blocking GC Explicit
08-05 01:34:07.406 18776 19160 I art     : Explicit concurrent mark sweep GC freed 18(624B) AllocSpace objects, 0(0B) LOS objects, 37% free, 26MB/42MB, paused 393us total 34.322ms
08-05 01:34:07.418 18776 19160 I art     : Starting a blocking GC Explicit
08-05 01:34:07.452 18776 19160 I art     : Explicit concurrent mark sweep GC freed 3(96B) AllocSpace objects, 0(0B) LOS objects, 37% free, 26MB/42MB, paused 410us total 33.286ms
08-05 01:34:07.464 18776 19160 I art     : Starting a blocking GC Explicit
08-05 01:34:07.497 18776 19160 I art     : Explicit concurrent mark sweep GC freed 3(96B) AllocSpace objects, 0(0B) LOS objects, 37% free, 26MB/42MB, paused 485us total 33.594ms
08-05 01:34:07.510 18776 19160 I art     : Starting a blocking GC Explicit
08-05 01:34:07.543 18776 19160 I art     : Explicit concurrent mark sweep GC freed 3(96B) AllocSpace objects, 0(0B) LOS objects, 37% free, 26MB/42MB, paused 416us total 33.662ms
08-05 01:34:07.692 20011 20011 I ServiceManager: Waiting for service AtCmdFwd...
08-05 01:34:07.803 20251 20251 D AndroidRuntime: >>>>>> START com.android.internal.os.RuntimeInit uid 2000 <<<<<<
08-05 01:34:07.809 20251 20251 D AndroidRuntime: CheckJNI is OFF
08-05 01:34:07.841 18776 19160 I art     : Starting a blocking GC Explicit
08-05 01:34:07.845 20251 20251 D ICU     : No timezone override file found: /data/misc/zoneinfo/current/icu/icu_tzdata.dat
08-05 01:34:07.880 18776 19160 I art     : Explicit concurrent mark sweep GC freed 1301(75KB) AllocSpace objects, 1(20KB) LOS objects, 37% free, 26MB/42MB, paused 464us total 38.246ms
08-05 01:34:07.881 20251 20251 I Radio-JNI: register_android_hardware_Radio DONE
08-05 01:34:07.893 18776 19160 I art     : Starting a blocking GC Explicit
08-05 01:34:07.906 20251 20251 D AndroidRuntime: Calling main entry com.android.commands.input.Input
08-05 01:34:07.908 20251 20251 I Input   : injectMotionEvent: MotionEvent { action=ACTION_DOWN, actionButton=0, id[0]=0, x[0]=360.0, y[0]=1098.0, toolType[0]=TOOL_TYPE_UNKNOWN, buttonState=0, metaState=0, flags=0x0, edgeFlags=0x0, pointerCount=1, historySize=0, eventTime=754464320, downTime=754464320, deviceId=0, source=0x1002 }
08-05 01:34:07.912 20251 20251 I Input   : injectMotionEvent: MotionEvent { action=ACTION_UP, actionButton=0, id[0]=0, x[0]=360.0, y[0]=1098.0, toolType[0]=TOOL_TYPE_UNKNOWN, buttonState=0, metaState=0, flags=0x0, edgeFlags=0x0, pointerCount=1, historySize=0, eventTime=754464320, downTime=754464320, deviceId=0, source=0x1002 }
08-05 01:34:07.913 20251 20251 D AndroidRuntime: Shutting down VM
08-05 01:34:07.916 18776 18776 D MainActivity: NavigationItemSelected: Term dates
08-05 01:34:07.918   512  2967 D audio_hw_primary: out_set_parameters: enter: usecase(1: low-latency-playback) kvpairs: routing=2
08-05 01:34:07.927 18776 19160 I art     : Explicit concurrent mark sweep GC freed 53(2208B) AllocSpace objects, 0(0B) LOS objects, 37% free, 26MB/42MB, paused 476us total 33.475ms
08-05 01:34:07.931   512  2967 D audio_hw_primary: select_devices: out_snd_device(2: speaker) in_snd_device(0: none)
08-05 01:34:07.931   512  2967 D msm8974_platform: platform_send_audio_calibration: sending audio calibration for snd_device(2) acdb_id(15)
08-05 01:34:07.931   512  2967 I soundtrigger: audio_extn_sound_trigger_update_device_status: device 0x2 of type 0 for Event 1
08-05 01:34:07.939 18776 19160 I art     : Starting a blocking GC Explicit
08-05 01:34:07.942   512  2967 D audio_hw_primary: enable_snd_device: snd_device(2: speaker)
08-05 01:34:07.944   512  2967 D audio_hw_primary: enable_audio_route: apply and update mixer path: low-latency-playback speaker
08-05 01:34:07.972 18776 19160 I art     : Explicit concurrent mark sweep GC freed 526(20KB) AllocSpace objects, 0(0B) LOS objects, 37% free, 26MB/42MB, paused 520us total 32.030ms
08-05 01:34:07.984 18776 19160 I art     : Starting a blocking GC Explicit
08-05 01:34:08.014 18776 19160 I art     : Explicit concurrent mark sweep GC freed 210(15KB) AllocSpace objects, 0(0B) LOS objects, 37% free, 26MB/42MB, paused 459us total 30.346ms
08-05 01:34:08.025 18776 19160 I art     : Starting a blocking GC Explicit
08-05 01:34:08.054 18776 19160 I art     : Explicit concurrent mark sweep GC freed 3(96B) AllocSpace objects, 0(0B) LOS objects, 37% free, 26MB/42MB, paused 419us total 29.153ms
08-05 01:34:08.332 18776 18787 I art     : Starting a blocking GC Explicit
08-05 01:34:08.352 13866 13866 I GoogleInputMethodServic: GoogleInputMethodService.onFinishInput():3138 
08-05 01:34:08.353 13866 13866 I GoogleInputMethodServic: GoogleInputMethodService.onStartInput():1808 
08-05 01:34:08.372 18776 18787 I art     : Explicit concurrent mark sweep GC freed 1354(77KB) AllocSpace objects, 1(20KB) LOS objects, 37% free, 26MB/42MB, paused 399us total 39.610ms
08-05 01:34:08.387 18776 18787 I art     : Starting a blocking GC Explicit
08-05 01:34:08.423 18776 18787 I art     : Explicit concurrent mark sweep GC freed 25(848B) AllocSpace objects, 0(0B) LOS objects, 37% free, 26MB/42MB, paused 374us total 36.159ms
08-05 01:34:08.438 18776 18787 I art     : Starting a blocking GC Explicit
08-05 01:34:08.470 18776 18787 I art     : Explicit concurrent mark sweep GC freed 9(288B) AllocSpace objects, 0(0B) LOS objects, 37% free, 26MB/42MB, paused 405us total 32.066ms
08-05 01:34:08.479   512  2967 D audio_hw_primary: disable_audio_route: reset and update mixer path: low-latency-playback speaker
08-05 01:34:08.479   512  2967 D audio_hw_primary: disable_snd_device: snd_device(2: speaker)
08-05 01:34:08.482 18776 18787 I art     : Starting a blocking GC Explicit
08-05 01:34:08.487   512  2967 I soundtrigger: audio_extn_sound_trigger_update_device_status: device 0x2 of type 0 for Event 0
08-05 01:34:08.513 18776 18787 I art     : Explicit concurrent mark sweep GC freed 8(256B) AllocSpace objects, 0(0B) LOS objects, 37% free, 26MB/42MB, paused 378us total 31.371ms
08-05 01:34:08.525 18776 18787 I art     : Starting a blocking GC Explicit
08-05 01:34:08.560 18776 18787 I art     : Explicit concurrent mark sweep GC freed 8(256B) AllocSpace objects, 0(0B) LOS objects, 37% free, 26MB/42MB, paused 426us total 34.821ms
08-05 01:34:08.692 20011 20011 W Atfwd_Sendcmd: AtCmdFwd service not published, waiting... retryCnt : 2
08-05 01:34:08.883 18776 18788 I art     : Starting a blocking GC Explicit
08-05 01:34:08.943 18776 18788 I art     : Explicit concurrent mark sweep GC freed 1340(77KB) AllocSpace objects, 1(20KB) LOS objects, 37% free, 26MB/42MB, paused 424us total 58.883ms
08-05 01:34:08.960 18776 18788 I art     : Starting a blocking GC Explicit
08-05 01:34:08.995 18776 18788 I art     : Explicit concurrent mark sweep GC freed 23(784B) AllocSpace objects, 0(0B) LOS objects, 37% free, 26MB/42MB, paused 532us total 34.961ms
08-05 01:34:09.008 18776 18788 I art     : Starting a blocking GC Explicit
08-05 01:34:09.043 18776 18788 I art     : Explicit concurrent mark sweep GC freed 9(288B) AllocSpace objects, 0(0B) LOS objects, 37% free, 26MB/42MB, paused 437us total 34.893ms
08-05 01:34:09.057 18776 18788 I art     : Starting a blocking GC Explicit
08-05 01:34:09.091 18776 18788 I art     : Explicit concurrent mark sweep GC freed 9(288B) AllocSpace objects, 0(0B) LOS objects, 37% free, 26MB/42MB, paused 378us total 34.404ms
08-05 01:34:09.105 18776 18788 I art     : Starting a blocking GC Explicit
08-05 01:34:09.140 18776 18788 I art     : Explicit concurrent mark sweep GC freed 9(288B) AllocSpace objects, 0(0B) LOS objects, 37% free, 26MB/42MB, paused 445us total 34.956ms
08-05 01:34:09.273   518   646 I ThermalEngine: ACTION: GPU - Setting GPU[0] to 450000000
08-05 01:34:09.490 18776 19160 I art     : Starting a blocking GC Explicit
08-05 01:34:09.544 18776 19160 I art     : Explicit concurrent mark sweep GC freed 1341(77KB) AllocSpace objects, 1(20KB) LOS objects, 37% free, 26MB/42MB, paused 599us total 53.522ms
08-05 01:34:09.565 18776 19160 I art     : Starting a blocking GC Explicit
08-05 01:34:09.613 18776 19160 I art     : Explicit concurrent mark sweep GC freed 32(1072B) AllocSpace objects, 0(0B) LOS objects, 37% free, 26MB/42MB, paused 599us total 47.653ms
08-05 01:34:09.630 18776 19160 I art     : Starting a blocking GC Explicit
08-05 01:34:09.675 18776 19160 I art     : Explicit concurrent mark sweep GC freed 19(608B) AllocSpace objects, 0(0B) LOS objects, 37% free, 26MB/42MB, paused 516us total 44.782ms
08-05 01:34:09.692 18776 19160 I art     : Starting a blocking GC Explicit
08-05 01:34:09.737 18776 19160 I art     : Explicit concurrent mark sweep GC freed 17(544B) AllocSpace objects, 0(0B) LOS objects, 37% free, 26MB/42MB, paused 658us total 44.757ms
08-05 01:34:09.754 18776 19160 I art     : Starting a blocking GC Explicit
08-05 01:34:09.803 18776 19160 I art     : Explicit concurrent mark sweep GC freed 18(576B) AllocSpace objects, 0(0B) LOS objects, 37% free, 26MB/42MB, paused 678us total 48.483ms
08-05 01:34:10.180 18776 19290 I art     : Starting a blocking GC Explicit
08-05 01:34:10.240 18776 19290 I art     : Explicit concurrent mark sweep GC freed 1299(75KB) AllocSpace objects, 1(20KB) LOS objects, 37% free, 26MB/42MB, paused 641us total 58.863ms
08-05 01:34:10.260 18776 19290 I art     : Starting a blocking GC Explicit
08-05 01:34:10.306 18776 19290 I art     : Explicit concurrent mark sweep GC freed 18(624B) AllocSpace objects, 0(0B) LOS objects, 37% free, 26MB/42MB, paused 558us total 45.599ms
08-05 01:34:10.322 18776 19290 I art     : Starting a blocking GC Explicit
08-05 01:34:10.370 18776 19290 I art     : Explicit concurrent mark sweep GC freed 3(96B) AllocSpace objects, 0(0B) LOS objects, 37% free, 26MB/42MB, paused 571us total 47.474ms
08-05 01:34:10.387 18776 19290 I art     : Starting a blocking GC Explicit
08-05 01:34:10.434 18776 19290 I art     : Explicit concurrent mark sweep GC freed 3(96B) AllocSpace objects, 0(0B) LOS objects, 37% free, 26MB/42MB, paused 573us total 46.651ms
08-05 01:34:10.450 18776 19290 I art     : Starting a blocking GC Explicit
08-05 01:34:10.498 18776 19290 I art     : Explicit concurrent mark sweep GC freed 3(96B) AllocSpace objects, 0(0B) LOS objects, 37% free, 26MB/42MB, paused 647us total 47.173ms
08-05 01:34:10.853 18776 19160 I art     : Starting a blocking GC Explicit
08-05 01:34:10.913 18776 19160 I art     : Explicit concurrent mark sweep GC freed 1293(75KB) AllocSpace objects, 1(20KB) LOS objects, 37% free, 26MB/42MB, paused 576us total 58.694ms
08-05 01:34:10.933 18776 19160 I art     : Starting a blocking GC Explicit
08-05 01:34:10.981 18776 19160 I art     : Explicit concurrent mark sweep GC freed 18(624B) AllocSpace objects, 0(0B) LOS objects, 37% free, 26MB/42MB, paused 573us total 48.105ms
08-05 01:34:10.998 18776 19160 I art     : Starting a blocking GC Explicit
08-05 01:34:11.045 18776 19160 I art     : Explicit concurrent mark sweep GC freed 3(96B) AllocSpace objects, 0(0B) LOS objects, 37% free, 26MB/42MB, paused 570us total 46.844ms
08-05 01:34:11.061 18776 19160 I art     : Starting a blocking GC Explicit
08-05 01:34:11.108 18776 19160 I art     : Explicit concurrent mark sweep GC freed 3(96B) AllocSpace objects, 0(0B) LOS objects, 37% free, 26MB/42MB, paused 608us total 46.349ms
08-05 01:34:11.124 18776 19160 I art     : Starting a blocking GC Explicit
08-05 01:34:11.130 23763 23791 I Finsky  : [5855] ktr.run(-1): Stats for Executor: BlockingExecutor kvs@7cda228[Running, pool size = 1, active threads = 0, queued tasks = 0, completed tasks = 65]
08-05 01:34:11.131 23763 23791 I Finsky  : [5855] ktr.run(-1): Stats for Executor: LightweightExecutor kvs@ce66b41[Running, pool size = 4, active threads = 0, queued tasks = 0, completed tasks = 76]
08-05 01:34:11.171 18776 19160 I art     : Explicit concurrent mark sweep GC freed 3(96B) AllocSpace objects, 0(0B) LOS objects, 37% free, 26MB/42MB, paused 557us total 45.924ms
08-05 01:34:11.339 23763 23791 I Finsky  : [5855] ktr.run(-1): Stats for Executor: bgExecutor kvs@80fa8e6[Running, pool size = 4, active threads = 0, queued tasks = 0, completed tasks = 195]
08-05 01:34:11.539 18776 18788 I art     : Starting a blocking GC Explicit
08-05 01:34:11.598 18776 18788 I art     : Explicit concurrent mark sweep GC freed 1293(75KB) AllocSpace objects, 1(20KB) LOS objects, 37% free, 26MB/42MB, paused 612us total 58.548ms
08-05 01:34:11.618 18776 18788 I art     : Starting a blocking GC Explicit
08-05 01:34:11.663 18776 18788 I art     : Explicit concurrent mark sweep GC freed 18(624B) AllocSpace objects, 0(0B) LOS objects, 37% free, 26MB/42MB, paused 561us total 44.228ms
08-05 01:34:11.679 18776 18788 I art     : Starting a blocking GC Explicit
08-05 01:34:11.728 18776 18788 I art     : Explicit concurrent mark sweep GC freed 3(96B) AllocSpace objects, 0(0B) LOS objects, 37% free, 26MB/42MB, paused 651us total 48.498ms
08-05 01:34:11.744 18776 18788 I art     : Starting a blocking GC Explicit
08-05 01:34:11.791 18776 18788 I art     : Explicit concurrent mark sweep GC freed 3(96B) AllocSpace objects, 0(0B) LOS objects, 37% free, 26MB/42MB, paused 563us total 46.293ms
08-05 01:34:11.807 18776 18788 I art     : Starting a blocking GC Explicit
08-05 01:34:11.856 18776 18788 I art     : Explicit concurrent mark sweep GC freed 3(96B) AllocSpace objects, 0(0B) LOS objects, 37% free, 26MB/42MB, paused 594us total 48.257ms
08-05 01:34:11.856 18776 18786 I art     : WaitForGcToComplete blocked for 26.163ms for cause HeapTrim
08-05 01:34:12.222 18776 18787 I art     : Starting a blocking GC Explicit
08-05 01:34:12.226   918  1210 D NetlinkSocketObserver: NeighborEvent{elapsedMs=1737856101, 192.168.2.254, [7C3953A63323], RTM_NEWNEIGH, NUD_STALE}
08-05 01:34:12.265 18776 18787 I art     : Explicit concurrent mark sweep GC freed 1293(75KB) AllocSpace objects, 1(20KB) LOS objects, 37% free, 26MB/42MB, paused 574us total 42.334ms
08-05 01:34:12.281 18776 18787 I art     : Starting a blocking GC Explicit
08-05 01:34:12.322 18776 18787 I art     : Explicit concurrent mark sweep GC freed 18(624B) AllocSpace objects, 0(0B) LOS objects, 37% free, 26MB/42MB, paused 553us total 40.384ms
08-05 01:34:12.338 18776 18787 I art     : Starting a blocking GC Explicit
08-05 01:34:12.379 18776 18787 I art     : Explicit concurrent mark sweep GC freed 3(96B) AllocSpace objects, 0(0B) LOS objects, 37% free, 26MB/42MB, paused 545us total 40.699ms
08-05 01:34:12.394 18776 18787 I art     : Starting a blocking GC Explicit
08-05 01:34:12.437 18776 18787 I art     : Explicit concurrent mark sweep GC freed 3(96B) AllocSpace objects, 0(0B) LOS objects, 37% free, 26MB/42MB, paused 555us total 42.510ms
08-05 01:34:12.453 18776 18787 I art     : Starting a blocking GC Explicit
08-05 01:34:12.497 18776 18787 I art     : Explicit concurrent mark sweep GC freed 3(96B) AllocSpace objects, 0(0B) LOS objects, 37% free, 26MB/42MB, paused 606us total 43.952ms
08-05 01:34:12.738 20350 20350 D AndroidRuntime: >>>>>> START com.android.internal.os.RuntimeInit uid 2000 <<<<<<
08-05 01:34:12.744 20350 20350 D AndroidRuntime: CheckJNI is OFF
08-05 01:34:12.786 20350 20350 D ICU     : No timezone override file found: /data/misc/zoneinfo/current/icu/icu_tzdata.dat
08-05 01:34:12.831 20350 20350 I Radio-JNI: register_android_hardware_Radio DONE
08-05 01:34:12.860 20350 20350 D AndroidRuntime: Calling main entry com.android.commands.am.Am
08-05 01:34:12.867 24044 24044 I Trepn   : Trepn 6.2s: Received intent: com.quicinc.trepn.stop_profiling
08-05 01:34:12.878 18776 18987 I art     : Starting a blocking GC Explicit
08-05 01:34:12.890 24044 24044 I Trepn   : Trepn 6.2s: Trepn has Stopped Profiling.
08-05 01:34:12.917 18776 18987 I art     : Explicit concurrent mark sweep GC freed 1293(75KB) AllocSpace objects, 1(20KB) LOS objects, 37% free, 26MB/42MB, paused 602us total 39.025ms
08-05 01:34:12.932 18776 18987 I art     : Starting a blocking GC Explicit
08-05 01:34:12.973 18776 18987 I art     : Explicit concurrent mark sweep GC freed 18(624B) AllocSpace objects, 0(0B) LOS objects, 37% free, 26MB/42MB, paused 540us total 40.620ms
08-05 01:34:12.988 18776 18987 I art     : Starting a blocking GC Explicit
08-05 01:34:13.028 18776 18987 I art     : Explicit concurrent mark sweep GC freed 3(96B) AllocSpace objects, 0(0B) LOS objects, 37% free, 26MB/42MB, paused 525us total 40.054ms
08-05 01:34:13.030 20350 20350 D AndroidRuntime: Shutting down VM
08-05 01:34:13.034   918  5481 W AppOps  : Finishing op nesting under-run: uid 10078 pkg com.quicinc.trepn code 24 time=0 duration=0 nesting=0
08-05 01:34:13.045 18776 18987 I art     : Starting a blocking GC Explicit
08-05 01:34:13.079 18776 18987 I art     : Explicit concurrent mark sweep GC freed 3(96B) AllocSpace objects, 0(0B) LOS objects, 37% free, 26MB/42MB, paused 499us total 34.363ms
08-05 01:34:13.093 18776 18987 I art     : Starting a blocking GC Explicit
08-05 01:34:13.129 18776 18987 I art     : Explicit concurrent mark sweep GC freed 3(96B) AllocSpace objects, 0(0B) LOS objects, 37% free, 26MB/42MB, paused 504us total 35.533ms
08-05 01:34:13.279   518   646 I ThermalEngine: ACTION: GPU - Setting GPU[0] to 510000000
08-05 01:34:13.426 18776 19290 I art     : Starting a blocking GC Explicit
08-05 01:34:13.462 18776 19290 I art     : Explicit concurrent mark sweep GC freed 1293(75KB) AllocSpace objects, 1(20KB) LOS objects, 37% free, 26MB/42MB, paused 387us total 35.900ms
08-05 01:34:13.475 18776 19290 I art     : Starting a blocking GC Explicit
08-05 01:34:13.507 18776 19290 I art     : Explicit concurrent mark sweep GC freed 18(624B) AllocSpace objects, 0(0B) LOS objects, 37% free, 26MB/42MB, paused 472us total 32.084ms
08-05 01:34:13.518 18776 19290 I art     : Starting a blocking GC Explicit
08-05 01:34:13.552 18776 19290 I art     : Explicit concurrent mark sweep GC freed 3(96B) AllocSpace objects, 0(0B) LOS objects, 37% free, 26MB/42MB, paused 407us total 33.185ms
08-05 01:34:13.564 18776 19290 I art     : Starting a blocking GC Explicit
08-05 01:34:13.598 18776 19290 I art     : Explicit concurrent mark sweep GC freed 3(96B) AllocSpace objects, 0(0B) LOS objects, 37% free, 26MB/42MB, paused 397us total 33.734ms
08-05 01:34:13.610 18776 19290 I art     : Starting a blocking GC Explicit
08-05 01:34:13.644 18776 19290 I art     : Explicit concurrent mark sweep GC freed 3(96B) AllocSpace objects, 0(0B) LOS objects, 37% free, 26MB/42MB, paused 401us total 33.331ms
