--------- beginning of main
08-05 04:12:43.671  3784  3784 D CarrierServiceBindHelper: Receive action: android.intent.action.PACKAGE_REMOVED
08-05 04:12:43.684   918  4413 I AccountManagerService: getTypesVisibleToCaller: isPermitted? true
08-05 04:12:43.721  3784  3784 D CarrierServiceBindHelper: Receive action: android.intent.action.PACKAGE_ADDED
08-05 04:12:43.721  3784  3784 D CarrierServiceBindHelper: Receive action: android.intent.action.PACKAGE_REPLACED
08-05 04:12:43.722  3784  3784 D CarrierServiceBindHelper: mHandler: 3
08-05 04:12:43.722  3784  3784 D CarrierServiceBindHelper: mHandler: 3
08-05 04:12:43.722  3784  3784 D CarrierServiceBindHelper: mHandler: 3
08-05 04:12:43.722  3784  3784 D CarrierConfigLoader: mHandler: 9 phoneId: 0
08-05 04:12:43.757   918  4413 I AccountManagerService: getTypesVisibleToCaller: isPermitted? true
08-05 04:12:43.763 24365  5344 I Fitness : FitCleanupIntentOperation received Intent android.intent.action.PACKAGE_REMOVED [CONTEXT service_id=17 ]
08-05 04:12:43.764 17099 17099 I Finsky  : [1] uah.a(18): PackageMonitorReceiverImpl - Received: android.intent.action.PACKAGE_REMOVED, [jsPREe6yOOhrMreoEvcpPvP36yUmihacpIgcKsaLph8]
08-05 04:12:43.764 17099 17099 I Finsky  : [1] ubi.d(9): Invalidating cached PackageState for baseline.com.ak.uobtimetable
08-05 04:12:43.775 17099 17099 I Finsky  : [1] lzi.c(2): Frosting ID looked up on UI thread. Caller should move to a background thread.
08-05 04:12:43.790 17099 17099 I Finsky  : [1] nqb.c(3): Installer: package baseline.com.ak.uobtimetable was removed. replacing: true
08-05 04:12:43.791 17099 17099 I Finsky  : [1] nra.a(188): Installer: Notifying status update. package=baseline.com.ak.uobtimetable, status=UNINSTALLED
08-05 04:12:43.819 17099 17099 I Finsky  : [1] lzi.c(2): Frosting ID looked up on UI thread. Caller should move to a background thread.
08-05 04:12:43.833 17099 17099 I Finsky  : [1] nra.a(220): Installer: found apps to install. isMultiUserMode=false, apps=[]
08-05 04:12:43.835 17099  5355 I Finsky  : [6100] ejf.a(-1): Cancelled 0 ongoing asset module downloads for package baseline.com.ak.uobtimetable due to a concurrent app update.
08-05 04:12:43.862 17099 17273 I Finsky  : [5938] odj.b(52): IQ: Notifying installation update. package=baseline.com.ak.uobtimetable, status=UNINSTALLED
08-05 04:12:43.877 24577  5347 I Auth    : [SupervisedAccountIntentOperation] onHandleIntent(): android.intent.action.PACKAGE_ADDED
08-05 04:12:43.881 24577  5352 I ChromeSync: [Sync,SyncIntentOperation] Handling the intent: Intent { act=android.intent.action.PACKAGE_ADDED dat=package:baseline.com.ak.uobtimetable flg=0x4000010 cmp=com.google.android.gms/.chimera.GmsIntentOperationService (has extras) }.
08-05 04:12:43.900 17099  5353 I Finsky  : [6098] lyv.run(-1): Wrote row to frosting DB: 2662
08-05 04:12:43.916 17099 17273 I Finsky  : [5938] odj.b(40): IQ: No matching installs to run for jobs: []
--------- beginning of system
08-05 04:12:43.922   918  3696 W ActivityManager: Unable to start service Intent { act=com.google.android.gms.auth.key.retrieval.service.START pkg=com.google.android.gms } U=0: not found
08-05 04:12:43.926   918  3961 W ActivityManager: Unbind failed: could not find connection for android.os.BinderProxy@83d9547
08-05 04:12:43.939 24577 24621 E GmsClient: unable to connect to service: com.google.android.gms.auth.key.retrieval.service.START on com.google.android.gms
08-05 04:12:43.995 17099 17099 I Finsky  : [1] uah.a(18): PackageMonitorReceiverImpl - Received: android.intent.action.PACKAGE_ADDED, [jsPREe6yOOhrMreoEvcpPvP36yUmihacpIgcKsaLph8]
08-05 04:12:43.996 17099 17099 I Finsky  : [1] ubi.d(9): Invalidating cached PackageState for baseline.com.ak.uobtimetable
08-05 04:12:44.000 17099 17099 I Finsky  : [1] lzi.c(2): Frosting ID looked up on UI thread. Caller should move to a background thread.
08-05 04:12:44.005 17099  5354 I Finsky  : [6099] gzn.a(-1): [ContentSync] finished, scheduled=false
08-05 04:12:44.007 17099 17099 I Finsky  : [1] agsx.a(4): Do not start WearSupportService due to Wear service optimization
08-05 04:12:44.009   918  3670 I AccountManagerService: getTypesVisibleToCaller: isPermitted? true
08-05 04:12:44.010 24577  5352 I ChromeSync: [Persistence,AffiliationManager] One of affiliation or grouping data for android://bz0hZa4nAJEtd0n5sRlXG7KAqctUMWVefv7Ki4mh1p6slZ9YO-n9gS9j8m9YCrsIyI2wIxrDHraumF9Y6pBLTA==@baseline.com.ak.uobtimetable/ was not found. Marking affiliation data as stale...
08-05 04:12:44.013 17099  5355 I Finsky  : [6100] ejc.a(-1): Asset module broadcast after update successful for package baseline.com.ak.uobtimetable. 0 sessions broadcast.
08-05 04:12:44.017 17099 17099 I Finsky  : [1] lzi.c(2): Frosting ID looked up on UI thread. Caller should move to a background thread.
08-05 04:12:44.080 24577  5340 I FontLog : Package baseline.com.ak.uobtimetable has no metadata [CONTEXT service_id=132 ]
08-05 04:12:44.088 17099  5353 I Finsky  : [6098] lyv.run(-1): Wrote row to frosting DB: 2663
08-05 04:12:44.089   918  3714 I AccountManagerService: getTypesVisibleToCaller: isPermitted? true
08-05 04:12:44.157 17099  5353 I Finsky  : [6098] lyv.run(-1): Wrote row to frosting DB: 2664
08-05 04:12:44.211 17099  5353 I Finsky  : [6098] lyv.run(-1): Wrote row to frosting DB: 2665
08-05 04:12:44.214 24577 13316 I Icing   : IndexChimeraService.getServiceInterface callingPackage=com.google.android.gms componentName=AppsCorpus serviceId=36
08-05 04:12:44.225 17099 17099 I Finsky  : [1] xmu.a(8): SCH: Jobs in database: 1-1337 3-201 3-202 12-1 24-77777777 26-1414141414 
08-05 04:12:44.227 17099 17099 I Finsky  : [1] xio.a(57): SCH: ConstraintMapping: 24-77777777,  -> L: 0ms, D: 61036293ms, C: false, I: true, N: 0
08-05 04:12:44.228 17099 17099 I Finsky  : [1] xio.a(57): SCH: ConstraintMapping: 1-1337, 12-1,  -> L: 14585ms, D: 64388682ms, C: false, I: false, N: 1
08-05 04:12:44.228 17099 17099 I Finsky  : [1] xio.a(57): SCH: ConstraintMapping: 3-201,  -> L: 0ms, D: 81130196ms, C: false, I: true, N: 2
08-05 04:12:44.229 17099 17099 I Finsky  : [1] xio.a(57): SCH: ConstraintMapping: 3-202,  -> L: 0ms, D: 81130261ms, C: true, I: true, N: 2
08-05 04:12:44.229 17099 17099 I Finsky  : [1] xio.a(57): SCH: ConstraintMapping: 26-1414141414,  -> L: 25826167ms, D: 26726167ms, C: false, I: false, N: 0
08-05 04:12:44.231 17099  5354 I Finsky  : [6099] gzn.a(-1): [ContentSync] finished, scheduled=true
08-05 04:12:44.241  5369  5369 D AndroidRuntime: >>>>>> START com.android.internal.os.RuntimeInit uid 2000 <<<<<<
08-05 04:12:44.244  5369  5369 D AndroidRuntime: CheckJNI is OFF
08-05 04:12:44.246 17099 17099 I Finsky  : [1] xle.a(34): Cancelling existing jobscheduler jobs: 9009 9006 9003 9008 9005 9010 9002 9000 9004 9007 
08-05 04:12:44.247 17099 17099 I Finsky  : [1] xle.a(27): Scheduling job Id: 9001, L: 0, D: 61036293, C: false, I: true, N: 0
08-05 04:12:44.248 17099 17099 I Finsky  : [1] xle.a(27): Scheduling job Id: 9011, L: 14585, D: 64388682, C: false, I: false, N: 1
08-05 04:12:44.250 17099 17099 I Finsky  : [1] xle.a(27): Scheduling job Id: 9012, L: 0, D: 81130196, C: false, I: true, N: 2
08-05 04:12:44.251 17099 17099 I Finsky  : [1] xle.a(27): Scheduling job Id: 9013, L: 0, D: 81130261, C: true, I: true, N: 2
08-05 04:12:44.253 17099 17099 I Finsky  : [1] xle.a(27): Scheduling job Id: 9014, L: 25826167, D: 26726167, C: false, I: false, N: 0
08-05 04:12:44.258 17099 17099 I Finsky  : [1] xle.a(27): Scheduling job Id: 9015, L: 0, D: 61036293, C: false, I: true, N: 0
08-05 04:12:44.261 17099 17099 I Finsky  : [1] xle.a(27): Scheduling job Id: 9016, L: 14585, D: 64388682, C: false, I: false, N: 1
08-05 04:12:44.263 17099 17099 I Finsky  : [1] xle.a(27): Scheduling job Id: 9017, L: 0, D: 81130196, C: false, I: true, N: 2
08-05 04:12:44.265 17099 17099 I Finsky  : [1] xle.a(27): Scheduling job Id: 9018, L: 0, D: 81130261, C: true, I: true, N: 2
08-05 04:12:44.270  5369  5369 D ICU     : No timezone override file found: /data/misc/zoneinfo/current/icu/icu_tzdata.dat
08-05 04:12:44.274 17099 17099 I Finsky  : [1] xle.a(27): Scheduling job Id: 9019, L: 25826167, D: 26726167, C: false, I: false, N: 0
08-05 04:12:44.282   918  6110 I AccountManagerService: getTypesVisibleToCaller: isPermitted? true
08-05 04:12:44.284 24577 24411 W Icing   : No valid account for uploading user actions
08-05 04:12:44.297  5369  5369 I Radio-JNI: register_android_hardware_Radio DONE
08-05 04:12:44.312  5369  5369 D AndroidRuntime: Calling main entry com.android.commands.monkey.Monkey
08-05 04:12:44.314 24577 13294 I Icing   : IndexChimeraService.getServiceInterface callingPackage=com.google.android.gms componentName=null serviceId=30
08-05 04:12:44.327   918   931 W BroadcastQueue: Skipping deliver [background] BroadcastRecord{784ef3b u-1 android.net.conn.CONNECTIVITY_CHANGE} to ReceiverList{7200658 5369 (unknown name)/2000/u-1 remote:b765f6c}: process crashing
08-05 04:12:44.347   918  5952 I ActivityManager: START u0 {act=android.intent.action.MAIN cat=[android.intent.category.LAUNCHER] flg=0x10200000 cmp=baseline.com.ak.uobtimetable/.MainActivity} from uid 2000 on display 0
08-05 04:12:44.377 24577 24411 I Icing   : Usage reports ok 2, Failed Usage reports 0, indexed 0, rejected 0
08-05 04:12:44.380  5381  5381 I art     : Late-enabling -Xcheck:jni
08-05 04:12:44.381 24577 24411 W Icing   : No valid account for uploading user actions
08-05 04:12:44.383   918  5481 I ActivityManager: Start proc 5381:baseline.com.ak.uobtimetable/u0a684 for activity baseline.com.ak.uobtimetable/.MainActivity
08-05 04:12:44.400 24577 24411 I Icing   : Usage reports ok 0, Failed Usage reports 0, indexed 0, rejected 0
08-05 04:12:44.400  5369  5369 I art     : System.exit called, status: 0
08-05 04:12:44.400  5369  5369 I AndroidRuntime: VM exiting with result code 0.
08-05 04:12:44.402 24577 24411 I Icing   : Indexing com.google.android.gms-internal.3p:MobileApplication from com.google.android.gms using seqno 763
08-05 04:12:44.405 24577 24411 I Icing   : Indexing com.google.android.gms-internal.3p:MobileApplication from com.google.android.gms using seqno 763
08-05 04:12:44.431  5381  5381 W System  : ClassLoader referenced unknown path: /data/app/baseline.com.ak.uobtimetable-2/lib/arm64
08-05 04:12:44.439  5381  5381 E Application: Can't init Bugsnag - No key
08-05 04:12:44.439  5381  5381 E Application: java.lang.Exception: Can't init Bugsnag - No key
08-05 04:12:44.439  5381  5381 E Application: 	at baseline.com.ak.uobtimetable.Utilities.Logging.Logger.error(Logger.java:79)
08-05 04:12:44.439  5381  5381 E Application: 	at baseline.com.ak.uobtimetable.MyApplication.onCreate(MyApplication.java:52)
08-05 04:12:44.439  5381  5381 E Application: 	at android.app.Instrumentation.callApplicationOnCreate(Instrumentation.java:1013)
08-05 04:12:44.439  5381  5381 E Application: 	at android.app.ActivityThread.handleBindApplication(ActivityThread.java:4707)
08-05 04:12:44.439  5381  5381 E Application: 	at android.app.ActivityThread.-wrap1(ActivityThread.java)
08-05 04:12:44.439  5381  5381 E Application: 	at android.app.ActivityThread$H.handleMessage(ActivityThread.java:1405)
08-05 04:12:44.439  5381  5381 E Application: 	at android.os.Handler.dispatchMessage(Handler.java:102)
08-05 04:12:44.439  5381  5381 E Application: 	at android.os.Looper.loop(Looper.java:148)
08-05 04:12:44.439  5381  5381 E Application: 	at android.app.ActivityThread.main(ActivityThread.java:5417)
08-05 04:12:44.439  5381  5381 E Application: 	at java.lang.reflect.Method.invoke(Native Method)
08-05 04:12:44.439  5381  5381 E Application: 	at com.android.internal.os.ZygoteInit$MethodAndArgsCaller.run(ZygoteInit.java:726)
08-05 04:12:44.439  5381  5381 E Application: 	at com.android.internal.os.ZygoteInit.main(ZygoteInit.java:616)
08-05 04:12:44.442  5381  5381 I Application: API level: 23
08-05 04:12:44.443  5381  5381 I Application: API level name: M
08-05 04:12:44.444  5381  5381 I Application: Target API level: 29
08-05 04:12:44.444  5381  5381 I Application: Git commit hash: d26bf1fa
08-05 04:12:44.444  5381  5381 I Application: Git branch: master
08-05 04:12:44.444  5381  5381 I Application: Build type: Debug
08-05 04:12:44.448  5381  5381 I Application: Build keys: Release
08-05 04:12:44.448 24577 13294 I Icing   : IndexChimeraService.getServiceInterface callingPackage=com.google.android.gms componentName=null serviceId=36
08-05 04:12:44.448  5381  5381 I Application: Version code: 21
08-05 04:12:44.449  5381  5381 I Application: Version name: 2.5
08-05 04:12:44.449  5381  5381 I Application: Build date: 22:30 03/08/20
08-05 04:12:44.450  5381  5381 I Application: Package update date: 00:38 05/08/20
08-05 04:12:44.450  5381  5381 I SettingsManager: Getting int: launchCount
08-05 04:12:44.451  5381  5381 I SettingsManager: Setting int: launchCount
08-05 04:12:44.454 24577 10434 W Icing   : No valid account for uploading user actions
08-05 04:12:44.454   719 23718 I PBSessionCacheImpl: Deleted sessionId[3163792008073881] from persistence.
08-05 04:12:44.460   719   760 W SearchServiceCore: Abort, client detached.
08-05 04:12:44.460   918  5952 W BackupManagerService: dataChanged but no participant pkg='baseline.com.ak.uobtimetable' uid=10684
08-05 04:12:44.461  5381  5381 I Application: Launch count: 1
08-05 04:12:44.461   719   760 I MicroDetectionState: Should stop hotword detection immediately - true
08-05 04:12:44.463  5381  5381 I Application: Network: TYPE_WIFI
08-05 04:12:44.463  5381  5381 I Application: Tablet layout: false
08-05 04:12:44.482  5381  5381 W art     : Before Android 4.1, method android.graphics.PorterDuffColorFilter androidx.vectordrawable.graphics.drawable.VectorDrawableCompat.updateTintFilter(android.graphics.PorterDuffColorFilter, android.content.res.ColorStateList, android.graphics.PorterDuff$Mode) would have incorrectly overridden the package-private method in android.graphics.drawable.Drawable
08-05 04:12:44.497  5381  5381 I art     : Rejecting re-init on previously-failed class java.lang.Class<androidx.core.view.ViewCompat$OnUnhandledKeyEventListenerWrapper>
08-05 04:12:44.497  5381  5381 I art     : Rejecting re-init on previously-failed class java.lang.Class<androidx.core.view.ViewCompat$OnUnhandledKeyEventListenerWrapper>
08-05 04:12:44.497 24577 10434 I Icing   : Usage reports ok 1, Failed Usage reports 0, indexed 0, rejected 0
08-05 04:12:44.558  5381  5381 D MainActivity: onCreate
08-05 04:12:44.558  5381  5381 I SettingsManager: Getting string: savedSessions
08-05 04:12:44.558  5381  5381 I Settings: No saved sessions
08-05 04:12:44.588  5381  5381 I SettingsManager: Getting string: savedCourse
08-05 04:12:44.589   918  6029 I ActivityManager: START u0 {flg=0x14000000 cmp=baseline.com.ak.uobtimetable/.WelcomeActivity} from uid 10684 on display 0
08-05 04:12:44.601  5381  5381 D MainActivity: OnResume
08-05 04:12:44.608  5381  5396 D OpenGLRenderer: Use EGL_SWAP_BEHAVIOR_PRESERVED: true
08-05 04:12:44.617  5381  5381 D MainActivity: OnPause
08-05 04:12:44.759  5381  5396 I Adreno  : QUALCOMM build                   : fcf4852, I1af360237c
08-05 04:12:44.759  5381  5396 I Adreno  : Build Date                       : 09/23/15
08-05 04:12:44.759  5381  5396 I Adreno  : OpenGL ES Shader Compiler Version: XE031.05.13.02
08-05 04:12:44.759  5381  5396 I Adreno  : Local Branch                     : mybranch14465806
08-05 04:12:44.759  5381  5396 I Adreno  : Remote Branch                    : quic/LA.BF64.1.2.9_v2
08-05 04:12:44.759  5381  5396 I Adreno  : Remote Branch                    : NONE
08-05 04:12:44.759  5381  5396 I Adreno  : Reconstruct Branch               : NOTHING
08-05 04:12:44.774  5381  5396 I OpenGLRenderer: Initialized EGL, version 1.4
08-05 04:12:44.999   918   936 I ActivityManager: Displayed baseline.com.ak.uobtimetable/.WelcomeActivity: +381ms (total +633ms)
08-05 04:12:45.010 13866 13866 I GoogleInputMethodServic: GoogleInputMethodService.onFinishInput():3138 
08-05 04:12:45.012 13866 13866 I GoogleInputMethodServic: GoogleInputMethodService.onStartInput():1808 
08-05 04:12:45.163  5381  5381 D MainActivity: Saving state
08-05 04:12:45.383 24577 10434 I Icing   : Indexing com.google.android.gms-apps from com.google.android.gms
08-05 04:12:45.492 24577 10434 I Icing   : Indexing done com.google.android.gms-apps
08-05 04:12:46.000  5412  5412 D AndroidRuntime: >>>>>> START com.android.internal.os.RuntimeInit uid 2000 <<<<<<
08-05 04:12:46.007  5412  5412 D AndroidRuntime: CheckJNI is OFF
08-05 04:12:46.039  5412  5412 D ICU     : No timezone override file found: /data/misc/zoneinfo/current/icu/icu_tzdata.dat
08-05 04:12:46.072  5412  5412 I Radio-JNI: register_android_hardware_Radio DONE
08-05 04:12:46.090  5412  5412 D AndroidRuntime: Calling main entry com.android.commands.am.Am
08-05 04:12:46.101 24044 24044 I Trepn   : Trepn 6.2s: Received intent: com.quicinc.trepn.start_profiling
08-05 04:12:46.197 24044 24044 W FileUtils: Failed to chmod(/storage/emulated/0/trepn/Trepn_2020.08.05_041246.db): android.system.ErrnoException: chmod failed: EPERM (Operation not permitted)
08-05 04:12:46.286 24044 24044 I Trepn   : Trepn 6.2s: Trepn has Started Profiling.
08-05 04:12:46.287  5412  5412 D AndroidRuntime: Shutting down VM
08-05 04:12:46.756  5381  5392 I art     : Starting a blocking GC Explicit
08-05 04:12:46.782  5381  5392 I art     : Explicit concurrent mark sweep GC freed 3836(878KB) AllocSpace objects, 2(1340KB) LOS objects, 40% free, 21MB/36MB, paused 133us total 25.706ms
08-05 04:12:46.793  5381  5392 I art     : Starting a blocking GC Explicit
08-05 04:12:46.806  5381  5392 I art     : Explicit concurrent mark sweep GC freed 564(25KB) AllocSpace objects, 0(0B) LOS objects, 40% free, 21MB/36MB, paused 112us total 12.942ms
08-05 04:12:46.815  5381  5392 I art     : Starting a blocking GC Explicit
08-05 04:12:46.825  5381  5392 I art     : Explicit concurrent mark sweep GC freed 3(96B) AllocSpace objects, 0(0B) LOS objects, 40% free, 21MB/36MB, paused 102us total 10.035ms
08-05 04:12:46.831  5381  5392 I art     : Starting a blocking GC Explicit
08-05 04:12:46.841  5381  5392 I art     : Explicit concurrent mark sweep GC freed 3(96B) AllocSpace objects, 0(0B) LOS objects, 40% free, 21MB/36MB, paused 90us total 9.983ms
08-05 04:12:46.847  5381  5392 I art     : Starting a blocking GC Explicit
08-05 04:12:46.858  5381  5392 I art     : Explicit concurrent mark sweep GC freed 3(96B) AllocSpace objects, 0(0B) LOS objects, 40% free, 21MB/36MB, paused 186us total 10.512ms
08-05 04:12:47.126  5381  5401 I art     : Starting a blocking GC Explicit
08-05 04:12:47.139  5381  5401 I art     : Explicit concurrent mark sweep GC freed 1274(74KB) AllocSpace objects, 1(20KB) LOS objects, 40% free, 21MB/36MB, paused 131us total 12.984ms
08-05 04:12:47.148  5381  5401 I art     : Starting a blocking GC Explicit
08-05 04:12:47.160  5381  5401 I art     : Explicit concurrent mark sweep GC freed 18(624B) AllocSpace objects, 0(0B) LOS objects, 40% free, 21MB/36MB, paused 100us total 11.849ms
08-05 04:12:47.166  5381  5401 I art     : Starting a blocking GC Explicit
08-05 04:12:47.177  5381  5401 I art     : Explicit concurrent mark sweep GC freed 3(96B) AllocSpace objects, 0(0B) LOS objects, 40% free, 21MB/36MB, paused 109us total 10.193ms
08-05 04:12:47.183  5381  5401 I art     : Starting a blocking GC Explicit
08-05 04:12:47.193  5381  5401 I art     : Explicit concurrent mark sweep GC freed 3(96B) AllocSpace objects, 0(0B) LOS objects, 40% free, 21MB/36MB, paused 96us total 10.097ms
08-05 04:12:47.199  5381  5401 I art     : Starting a blocking GC Explicit
08-05 04:12:47.209  5381  5401 I art     : Explicit concurrent mark sweep GC freed 3(96B) AllocSpace objects, 0(0B) LOS objects, 40% free, 21MB/36MB, paused 96us total 10.262ms
08-05 04:12:47.275  1294  1294 I ServiceManager: Waiting for service AtCmdFwd...
08-05 04:12:47.472  5381  5394 I art     : Starting a blocking GC Explicit
08-05 04:12:47.484  5381  5394 I art     : Explicit concurrent mark sweep GC freed 1270(74KB) AllocSpace objects, 1(20KB) LOS objects, 40% free, 21MB/36MB, paused 112us total 12.221ms
08-05 04:12:47.491  5381  5394 I art     : Starting a blocking GC Explicit
08-05 04:12:47.502  5381  5394 I art     : Explicit concurrent mark sweep GC freed 18(624B) AllocSpace objects, 0(0B) LOS objects, 40% free, 21MB/36MB, paused 129us total 10.813ms
08-05 04:12:47.508  5381  5394 I art     : Starting a blocking GC Explicit
08-05 04:12:47.519  5381  5394 I art     : Explicit concurrent mark sweep GC freed 3(96B) AllocSpace objects, 0(0B) LOS objects, 40% free, 21MB/36MB, paused 93us total 10.572ms
08-05 04:12:47.525  5381  5394 I art     : Starting a blocking GC Explicit
08-05 04:12:47.535  5381  5394 I art     : Explicit concurrent mark sweep GC freed 3(96B) AllocSpace objects, 0(0B) LOS objects, 40% free, 21MB/36MB, paused 101us total 9.781ms
08-05 04:12:47.541  5381  5394 I art     : Starting a blocking GC Explicit
08-05 04:12:47.550  5381  5394 I art     : Explicit concurrent mark sweep GC freed 3(96B) AllocSpace objects, 0(0B) LOS objects, 40% free, 21MB/36MB, paused 98us total 9.709ms
08-05 04:12:47.847  5381  5392 I art     : Starting a blocking GC Explicit
08-05 04:12:47.862  5381  5392 I art     : Explicit concurrent mark sweep GC freed 1268(74KB) AllocSpace objects, 1(20KB) LOS objects, 40% free, 21MB/36MB, paused 112us total 14.819ms
08-05 04:12:47.871  5381  5392 I art     : Starting a blocking GC Explicit
08-05 04:12:47.882  5381  5392 I art     : Explicit concurrent mark sweep GC freed 18(624B) AllocSpace objects, 0(0B) LOS objects, 40% free, 21MB/36MB, paused 98us total 10.698ms
08-05 04:12:47.888  5381  5392 I art     : Starting a blocking GC Explicit
08-05 04:12:47.899  5381  5392 I art     : Explicit concurrent mark sweep GC freed 3(96B) AllocSpace objects, 0(0B) LOS objects, 40% free, 21MB/36MB, paused 96us total 10.265ms
08-05 04:12:47.905  5381  5392 I art     : Starting a blocking GC Explicit
08-05 04:12:47.915  5381  5392 I art     : Explicit concurrent mark sweep GC freed 3(96B) AllocSpace objects, 0(0B) LOS objects, 40% free, 21MB/36MB, paused 97us total 10.060ms
08-05 04:12:47.921  5381  5392 I art     : Starting a blocking GC Explicit
08-05 04:12:47.932  5381  5392 I art     : Explicit concurrent mark sweep GC freed 3(96B) AllocSpace objects, 0(0B) LOS objects, 40% free, 21MB/36MB, paused 94us total 10.203ms
08-05 04:12:48.237  5381  5401 I art     : Starting a blocking GC Explicit
08-05 04:12:48.256  5381  5401 I art     : Explicit concurrent mark sweep GC freed 1268(74KB) AllocSpace objects, 1(20KB) LOS objects, 40% free, 21MB/36MB, paused 158us total 19.088ms
08-05 04:12:48.267  5381  5401 I art     : Starting a blocking GC Explicit
08-05 04:12:48.276  1294  1294 I ServiceManager: Waiting for service AtCmdFwd...
08-05 04:12:48.278  5381  5401 I art     : Explicit concurrent mark sweep GC freed 18(624B) AllocSpace objects, 0(0B) LOS objects, 40% free, 21MB/36MB, paused 105us total 10.823ms
08-05 04:12:48.285  5381  5401 I art     : Starting a blocking GC Explicit
08-05 04:12:48.295  5381  5401 I art     : Explicit concurrent mark sweep GC freed 3(96B) AllocSpace objects, 0(0B) LOS objects, 40% free, 21MB/36MB, paused 101us total 10.541ms
08-05 04:12:48.301  5381  5401 I art     : Starting a blocking GC Explicit
08-05 04:12:48.312  5381  5401 I art     : Explicit concurrent mark sweep GC freed 3(96B) AllocSpace objects, 0(0B) LOS objects, 40% free, 21MB/36MB, paused 95us total 10.108ms
08-05 04:12:48.318  5381  5401 I art     : Starting a blocking GC Explicit
08-05 04:12:48.328  5381  5401 I art     : Explicit concurrent mark sweep GC freed 3(96B) AllocSpace objects, 0(0B) LOS objects, 40% free, 21MB/36MB, paused 94us total 10.178ms
08-05 04:12:48.623  5381  5394 I art     : Starting a blocking GC Explicit
08-05 04:12:48.638  5381  5394 I art     : Explicit concurrent mark sweep GC freed 1268(74KB) AllocSpace objects, 1(20KB) LOS objects, 40% free, 21MB/36MB, paused 117us total 14.134ms
08-05 04:12:48.647  5381  5394 I art     : Starting a blocking GC Explicit
08-05 04:12:48.658  5381  5394 I art     : Explicit concurrent mark sweep GC freed 18(624B) AllocSpace objects, 0(0B) LOS objects, 40% free, 21MB/36MB, paused 98us total 10.917ms
08-05 04:12:48.664  5381  5394 I art     : Starting a blocking GC Explicit
08-05 04:12:48.674  5381  5394 I art     : Explicit concurrent mark sweep GC freed 3(96B) AllocSpace objects, 0(0B) LOS objects, 40% free, 21MB/36MB, paused 96us total 9.894ms
08-05 04:12:48.680  5381  5394 I art     : Starting a blocking GC Explicit
08-05 04:12:48.690  5381  5394 I art     : Explicit concurrent mark sweep GC freed 3(96B) AllocSpace objects, 0(0B) LOS objects, 40% free, 21MB/36MB, paused 98us total 9.829ms
08-05 04:12:48.697  5381  5394 I art     : Starting a blocking GC Explicit
08-05 04:12:48.707  5381  5394 I art     : Explicit concurrent mark sweep GC freed 3(96B) AllocSpace objects, 0(0B) LOS objects, 40% free, 21MB/36MB, paused 112us total 10.014ms
08-05 04:12:48.995  5381  5392 I art     : Starting a blocking GC Explicit
08-05 04:12:49.010  5381  5392 I art     : Explicit concurrent mark sweep GC freed 1268(74KB) AllocSpace objects, 1(20KB) LOS objects, 40% free, 21MB/36MB, paused 114us total 15.010ms
08-05 04:12:49.019  5381  5392 I art     : Starting a blocking GC Explicit
08-05 04:12:49.030  5381  5392 I art     : Explicit concurrent mark sweep GC freed 18(624B) AllocSpace objects, 0(0B) LOS objects, 40% free, 21MB/36MB, paused 96us total 10.561ms
08-05 04:12:49.036  5381  5392 I art     : Starting a blocking GC Explicit
08-05 04:12:49.046  5381  5392 I art     : Explicit concurrent mark sweep GC freed 3(96B) AllocSpace objects, 0(0B) LOS objects, 40% free, 21MB/36MB, paused 85us total 10.037ms
08-05 04:12:49.053  5381  5392 I art     : Starting a blocking GC Explicit
08-05 04:12:49.063  5381  5392 I art     : Explicit concurrent mark sweep GC freed 3(96B) AllocSpace objects, 0(0B) LOS objects, 40% free, 21MB/36MB, paused 91us total 9.871ms
08-05 04:12:49.068  5381  5392 I art     : Starting a blocking GC Explicit
08-05 04:12:49.078  5381  5392 I art     : Explicit concurrent mark sweep GC freed 3(96B) AllocSpace objects, 0(0B) LOS objects, 40% free, 21MB/36MB, paused 94us total 9.807ms
08-05 04:12:49.277  1294  1294 I ServiceManager: Waiting for service AtCmdFwd...
08-05 04:12:49.365  5381  5401 I art     : Starting a blocking GC Explicit
08-05 04:12:49.380  5381  5401 I art     : Explicit concurrent mark sweep GC freed 1268(74KB) AllocSpace objects, 1(20KB) LOS objects, 40% free, 21MB/36MB, paused 118us total 14.875ms
08-05 04:12:49.389  5381  5401 I art     : Starting a blocking GC Explicit
08-05 04:12:49.401  5381  5401 I art     : Explicit concurrent mark sweep GC freed 18(624B) AllocSpace objects, 0(0B) LOS objects, 40% free, 21MB/36MB, paused 94us total 11.514ms
08-05 04:12:49.407  5381  5401 I art     : Starting a blocking GC Explicit
08-05 04:12:49.417  5381  5401 I art     : Explicit concurrent mark sweep GC freed 3(96B) AllocSpace objects, 0(0B) LOS objects, 40% free, 21MB/36MB, paused 99us total 10.325ms
08-05 04:12:49.424  5381  5401 I art     : Starting a blocking GC Explicit
08-05 04:12:49.434  5381  5401 I art     : Explicit concurrent mark sweep GC freed 3(96B) AllocSpace objects, 0(0B) LOS objects, 40% free, 21MB/36MB, paused 97us total 9.592ms
08-05 04:12:49.439  5381  5401 I art     : Starting a blocking GC Explicit
08-05 04:12:49.450  5381  5401 I art     : Explicit concurrent mark sweep GC freed 3(96B) AllocSpace objects, 0(0B) LOS objects, 40% free, 21MB/36MB, paused 93us total 10.037ms
08-05 04:12:49.726  5381  5394 I art     : Starting a blocking GC Explicit
08-05 04:12:49.739  5381  5394 I art     : Explicit concurrent mark sweep GC freed 1268(74KB) AllocSpace objects, 1(20KB) LOS objects, 40% free, 21MB/36MB, paused 105us total 12.465ms
08-05 04:12:49.745  5381  5394 I art     : Starting a blocking GC Explicit
08-05 04:12:49.757  5381  5394 I art     : Explicit concurrent mark sweep GC freed 18(624B) AllocSpace objects, 0(0B) LOS objects, 40% free, 21MB/36MB, paused 104us total 10.923ms
08-05 04:12:49.763  5381  5394 I art     : Starting a blocking GC Explicit
08-05 04:12:49.773  5381  5394 I art     : Explicit concurrent mark sweep GC freed 3(96B) AllocSpace objects, 0(0B) LOS objects, 40% free, 21MB/36MB, paused 92us total 9.963ms
08-05 04:12:49.779  5381  5394 I art     : Starting a blocking GC Explicit
08-05 04:12:49.789  5381  5394 I art     : Explicit concurrent mark sweep GC freed 3(96B) AllocSpace objects, 0(0B) LOS objects, 40% free, 21MB/36MB, paused 94us total 10.411ms
08-05 04:12:49.795  5381  5394 I art     : Starting a blocking GC Explicit
08-05 04:12:49.805  5381  5394 I art     : Explicit concurrent mark sweep GC freed 3(96B) AllocSpace objects, 0(0B) LOS objects, 40% free, 21MB/36MB, paused 102us total 9.860ms
08-05 04:12:50.109  5381  5392 I art     : Starting a blocking GC Explicit
08-05 04:12:50.127  5381  5392 I art     : Explicit concurrent mark sweep GC freed 1268(74KB) AllocSpace objects, 1(20KB) LOS objects, 40% free, 21MB/36MB, paused 117us total 17.439ms
08-05 04:12:50.139  5381  5392 I art     : Starting a blocking GC Explicit
08-05 04:12:50.150  5381  5392 I art     : Explicit concurrent mark sweep GC freed 18(624B) AllocSpace objects, 0(0B) LOS objects, 40% free, 21MB/36MB, paused 93us total 10.424ms
08-05 04:12:50.156  5381  5392 I art     : Starting a blocking GC Explicit
08-05 04:12:50.166  5381  5392 I art     : Explicit concurrent mark sweep GC freed 3(96B) AllocSpace objects, 0(0B) LOS objects, 40% free, 21MB/36MB, paused 89us total 9.961ms
08-05 04:12:50.172  5381  5392 I art     : Starting a blocking GC Explicit
08-05 04:12:50.181  5381  5392 I art     : Explicit concurrent mark sweep GC freed 3(96B) AllocSpace objects, 0(0B) LOS objects, 40% free, 21MB/36MB, paused 87us total 9.343ms
08-05 04:12:50.187  5381  5392 I art     : Starting a blocking GC Explicit
08-05 04:12:50.196  5381  5392 I art     : Explicit concurrent mark sweep GC freed 3(96B) AllocSpace objects, 0(0B) LOS objects, 40% free, 21MB/36MB, paused 85us total 9.271ms
08-05 04:12:50.277  1294  1294 I ServiceManager: Waiting for service AtCmdFwd...
08-05 04:12:50.457  5381  5401 I art     : Starting a blocking GC Explicit
08-05 04:12:50.472  5381  5401 I art     : Explicit concurrent mark sweep GC freed 1268(74KB) AllocSpace objects, 1(20KB) LOS objects, 40% free, 21MB/36MB, paused 120us total 14.711ms
08-05 04:12:50.481  5381  5401 I art     : Starting a blocking GC Explicit
08-05 04:12:50.492  5381  5401 I art     : Explicit concurrent mark sweep GC freed 18(624B) AllocSpace objects, 0(0B) LOS objects, 40% free, 21MB/36MB, paused 110us total 10.362ms
08-05 04:12:50.498  5381  5401 I art     : Starting a blocking GC Explicit
08-05 04:12:50.508  5381  5401 I art     : Explicit concurrent mark sweep GC freed 3(96B) AllocSpace objects, 0(0B) LOS objects, 40% free, 21MB/36MB, paused 94us total 9.802ms
08-05 04:12:50.514  5381  5401 I art     : Starting a blocking GC Explicit
08-05 04:12:50.524  5381  5401 I art     : Explicit concurrent mark sweep GC freed 3(96B) AllocSpace objects, 0(0B) LOS objects, 40% free, 21MB/36MB, paused 98us total 9.640ms
08-05 04:12:50.529  5381  5401 I art     : Starting a blocking GC Explicit
08-05 04:12:50.539  5381  5401 I art     : Explicit concurrent mark sweep GC freed 3(96B) AllocSpace objects, 0(0B) LOS objects, 40% free, 21MB/36MB, paused 97us total 9.695ms
08-05 04:12:50.818  5381  5394 I art     : Starting a blocking GC Explicit
08-05 04:12:50.833  5381  5394 I art     : Explicit concurrent mark sweep GC freed 1268(74KB) AllocSpace objects, 1(20KB) LOS objects, 40% free, 21MB/36MB, paused 120us total 14.865ms
08-05 04:12:50.842  5381  5394 I art     : Starting a blocking GC Explicit
08-05 04:12:50.853  5381  5394 I art     : Explicit concurrent mark sweep GC freed 18(624B) AllocSpace objects, 0(0B) LOS objects, 40% free, 21MB/36MB, paused 96us total 10.369ms
08-05 04:12:50.859  5381  5394 I art     : Starting a blocking GC Explicit
08-05 04:12:50.869  5381  5394 I art     : Explicit concurrent mark sweep GC freed 3(96B) AllocSpace objects, 0(0B) LOS objects, 40% free, 21MB/36MB, paused 100us total 10.288ms
08-05 04:12:50.876  5381  5394 I art     : Starting a blocking GC Explicit
08-05 04:12:50.885  5381  5394 I art     : Explicit concurrent mark sweep GC freed 3(96B) AllocSpace objects, 0(0B) LOS objects, 40% free, 21MB/36MB, paused 88us total 9.439ms
08-05 04:12:50.891  5381  5394 I art     : Starting a blocking GC Explicit
08-05 04:12:50.901  5381  5394 I art     : Explicit concurrent mark sweep GC freed 3(96B) AllocSpace objects, 0(0B) LOS objects, 40% free, 21MB/36MB, paused 99us total 9.979ms
08-05 04:12:51.170  5381  5392 I art     : Starting a blocking GC Explicit
08-05 04:12:51.182  5381  5392 I art     : Explicit concurrent mark sweep GC freed 1268(74KB) AllocSpace objects, 1(20KB) LOS objects, 40% free, 21MB/36MB, paused 104us total 11.570ms
08-05 04:12:51.188  5381  5392 I art     : Starting a blocking GC Explicit
08-05 04:12:51.199  5381  5392 I art     : Explicit concurrent mark sweep GC freed 18(624B) AllocSpace objects, 0(0B) LOS objects, 40% free, 21MB/36MB, paused 101us total 10.513ms
08-05 04:12:51.205  5381  5392 I art     : Starting a blocking GC Explicit
08-05 04:12:51.215  5381  5392 I art     : Explicit concurrent mark sweep GC freed 3(96B) AllocSpace objects, 0(0B) LOS objects, 40% free, 21MB/36MB, paused 93us total 9.983ms
08-05 04:12:51.222  5381  5392 I art     : Starting a blocking GC Explicit
08-05 04:12:51.231  5381  5392 I art     : Explicit concurrent mark sweep GC freed 3(96B) AllocSpace objects, 0(0B) LOS objects, 40% free, 21MB/36MB, paused 94us total 9.308ms
08-05 04:12:51.237  5381  5392 I art     : Starting a blocking GC Explicit
08-05 04:12:51.246  5381  5392 I art     : Explicit concurrent mark sweep GC freed 3(96B) AllocSpace objects, 0(0B) LOS objects, 40% free, 21MB/36MB, paused 85us total 9.292ms
08-05 04:12:51.278  1294  1294 I ServiceManager: Waiting for service AtCmdFwd...
08-05 04:12:51.448  5569  5569 D AndroidRuntime: >>>>>> START com.android.internal.os.RuntimeInit uid 2000 <<<<<<
08-05 04:12:51.452  5569  5569 D AndroidRuntime: CheckJNI is OFF
08-05 04:12:51.477  5569  5569 D ICU     : No timezone override file found: /data/misc/zoneinfo/current/icu/icu_tzdata.dat
08-05 04:12:51.501  5569  5569 I Radio-JNI: register_android_hardware_Radio DONE
08-05 04:12:51.504  5381  5401 I art     : Starting a blocking GC Explicit
08-05 04:12:51.515  5381  5401 I art     : Explicit concurrent mark sweep GC freed 1268(74KB) AllocSpace objects, 1(20KB) LOS objects, 40% free, 21MB/36MB, paused 96us total 10.245ms
08-05 04:12:51.518  5569  5569 D AndroidRuntime: Calling main entry com.android.commands.input.Input
08-05 04:12:51.520  5569  5569 I Input   : injectMotionEvent: MotionEvent { action=ACTION_DOWN, actionButton=0, id[0]=0, x[0]=711.0, y[0]=1664.0, toolType[0]=TOOL_TYPE_UNKNOWN, buttonState=0, metaState=0, flags=0x0, edgeFlags=0x0, pointerCount=1, historySize=0, eventTime=763987933, downTime=763987933, deviceId=0, source=0x1002 }
08-05 04:12:51.521  5381  5401 I art     : Starting a blocking GC Explicit
08-05 04:12:51.525  5569  5569 I Input   : injectMotionEvent: MotionEvent { action=ACTION_UP, actionButton=0, id[0]=0, x[0]=711.0, y[0]=1664.0, toolType[0]=TOOL_TYPE_UNKNOWN, buttonState=0, metaState=0, flags=0x0, edgeFlags=0x0, pointerCount=1, historySize=0, eventTime=763987933, downTime=763987933, deviceId=0, source=0x1002 }
08-05 04:12:51.526  5569  5569 D AndroidRuntime: Shutting down VM
08-05 04:12:51.531  5381  5401 I art     : Explicit concurrent mark sweep GC freed 43(1488B) AllocSpace objects, 0(0B) LOS objects, 40% free, 21MB/36MB, paused 123us total 10.079ms
08-05 04:12:51.538   918  3670 I ActivityManager: START u0 {flg=0x14000000 cmp=baseline.com.ak.uobtimetable/.CourseListActivity} from uid 10684 on display 0
08-05 04:12:51.539   512  2967 D audio_hw_primary: out_set_parameters: enter: usecase(1: low-latency-playback) kvpairs: routing=2
08-05 04:12:51.539  5381  5401 I art     : Starting a blocking GC Explicit
08-05 04:12:51.550  5381  5401 I art     : Explicit concurrent mark sweep GC freed 27(8KB) AllocSpace objects, 0(0B) LOS objects, 40% free, 21MB/36MB, paused 113us total 10.871ms
08-05 04:12:51.552   512  2967 D audio_hw_primary: select_devices: out_snd_device(2: speaker) in_snd_device(0: none)
08-05 04:12:51.552   512  2967 D msm8974_platform: platform_send_audio_calibration: sending audio calibration for snd_device(2) acdb_id(15)
08-05 04:12:51.552   512  2967 I soundtrigger: audio_extn_sound_trigger_update_device_status: device 0x2 of type 0 for Event 1
08-05 04:12:51.555  5381  5401 I art     : Starting a blocking GC Explicit
08-05 04:12:51.562   512  2967 D audio_hw_primary: enable_snd_device: snd_device(2: speaker)
08-05 04:12:51.564   512  2967 D audio_hw_primary: enable_audio_route: apply and update mixer path: low-latency-playback speaker
08-05 04:12:51.566  5381  5401 I art     : Explicit concurrent mark sweep GC freed 498(29KB) AllocSpace objects, 0(0B) LOS objects, 40% free, 21MB/36MB, paused 313us total 10.686ms
08-05 04:12:51.572  5381  5401 I art     : Starting a blocking GC Explicit
08-05 04:12:51.583  5381  5381 D CourseListActivity: onCreate
08-05 04:12:51.583  5381  5401 I art     : Explicit concurrent mark sweep GC freed 1518(104KB) AllocSpace objects, 0(0B) LOS objects, 40% free, 21MB/36MB, paused 432us total 11.141ms
08-05 04:12:51.612  5381  5595 D HTTP    : Request for: https://uob-timetable-api.adriankeenan.co.uk/courses
08-05 04:12:51.669 13866 13866 I GoogleInputMethodServic: GoogleInputMethodService.onFinishInput():3138 
08-05 04:12:51.670   918   936 I ActivityManager: Displayed baseline.com.ak.uobtimetable/.CourseListActivity: +117ms
08-05 04:12:51.670 13866 13866 I GoogleInputMethodServic: GoogleInputMethodService.onStartInput():1808 
08-05 04:12:51.684  5381  5396 D OpenGLRenderer: endAllStagingAnimators on 0x7f949f5800 (RippleDrawable) with handle 0x7f99f03fe0
08-05 04:12:51.811  5381  5394 I art     : Starting a blocking GC Explicit
08-05 04:12:51.825  5381  5394 I art     : Explicit concurrent mark sweep GC freed 3784(318KB) AllocSpace objects, 3(140KB) LOS objects, 40% free, 22MB/37MB, paused 218us total 14.507ms
08-05 04:12:51.834  5381  5394 I art     : Starting a blocking GC Explicit
08-05 04:12:51.850  5381  5394 I art     : Explicit concurrent mark sweep GC freed 628(27KB) AllocSpace objects, 0(0B) LOS objects, 40% free, 22MB/37MB, paused 575us total 16.024ms
08-05 04:12:51.858  5381  5394 I art     : Starting a blocking GC Explicit
08-05 04:12:51.874  5381  5394 I art     : Explicit concurrent mark sweep GC freed 2083(184KB) AllocSpace objects, 1(80KB) LOS objects, 40% free, 22MB/37MB, paused 430us total 15.484ms
08-05 04:12:51.881  5381  5394 I art     : Starting a blocking GC Explicit
08-05 04:12:51.893  5381  5394 I art     : Explicit concurrent mark sweep GC freed 304(20KB) AllocSpace objects, 0(0B) LOS objects, 40% free, 22MB/37MB, paused 146us total 11.900ms
08-05 04:12:51.899  5381  5394 I art     : Starting a blocking GC Explicit
08-05 04:12:51.912  5381  5394 I art     : Explicit concurrent mark sweep GC freed 15(560B) AllocSpace objects, 0(0B) LOS objects, 40% free, 22MB/37MB, paused 152us total 11.930ms
08-05 04:12:51.919  5381  5595 I NAPPA_EXPERIMENTATION: MetricNetworkRequestExecutionTime: REQUEST_DURATION_SYSTEM='304',REQUEST_DURATION_OKHTTP='43',REQUEST_SYNCHRONOUS='TRUE',RESPONSE_CODE='200',RESPONSE_METHOD='GET',RESPONSE_LENGTH_OKHTTP='-1',RESPONSE_LENGTH_HEADER='-2',REQUEST_PROTOCOL='http/1.1',REQUEST_URL='https://uob-timetable-api.adriankeenan.co.uk/courses',
08-05 04:12:52.099   512  2967 D audio_hw_primary: disable_audio_route: reset and update mixer path: low-latency-playback speaker
08-05 04:12:52.101   512  2967 D audio_hw_primary: disable_snd_device: snd_device(2: speaker)
08-05 04:12:52.110   512  2967 I soundtrigger: audio_extn_sound_trigger_update_device_status: device 0x2 of type 0 for Event 0
08-05 04:12:52.178  5381  5401 I art     : Starting a blocking GC Explicit
08-05 04:12:52.191  5381  5401 I art     : Explicit concurrent mark sweep GC freed 64(3KB) AllocSpace objects, 0(0B) LOS objects, 26% free, 44MB/60MB, paused 183us total 13.506ms
08-05 04:12:52.198  5381  5401 I art     : Starting a blocking GC Explicit
08-05 04:12:52.210  5381  5401 I art     : Explicit concurrent mark sweep GC freed 20(704B) AllocSpace objects, 0(0B) LOS objects, 26% free, 44MB/60MB, paused 180us total 12.042ms
08-05 04:12:52.216  5381  5401 I art     : Starting a blocking GC Explicit
08-05 04:12:52.229  5381  5401 I art     : Explicit concurrent mark sweep GC freed 12(448B) AllocSpace objects, 0(0B) LOS objects, 26% free, 44MB/60MB, paused 155us total 12.230ms
08-05 04:12:52.234  5381  5401 I art     : Starting a blocking GC Explicit
08-05 04:12:52.245  5381  5401 I art     : Explicit concurrent mark sweep GC freed 12(448B) AllocSpace objects, 0(0B) LOS objects, 26% free, 44MB/60MB, paused 168us total 10.558ms
08-05 04:12:52.250  5381  5401 I art     : Starting a blocking GC Explicit
08-05 04:12:52.278  1294  1294 W Atfwd_Sendcmd: AtCmdFwd service not published, waiting... retryCnt : 1
08-05 04:12:52.281  5381  5595 I HTTP    : Response was compressed.
08-05 04:12:52.282  5381  5401 I art     : Explicit concurrent mark sweep GC freed 21(816B) AllocSpace objects, 0(0B) LOS objects, 21% free, 59MB/75MB, paused 299us total 31.018ms
08-05 04:12:52.533  5381  5392 I art     : Starting a blocking GC Explicit
08-05 04:12:52.570  5381  5392 I art     : Explicit concurrent mark sweep GC freed 148698(6MB) AllocSpace objects, 3(22MB) LOS objects, 29% free, 38MB/54MB, paused 318us total 36.131ms
08-05 04:12:52.578  5381  5392 I art     : Starting a blocking GC Explicit
08-05 04:12:52.592  5381  5392 I art     : Explicit concurrent mark sweep GC freed 19426(917KB) AllocSpace objects, 0(0B) LOS objects, 29% free, 38MB/54MB, paused 219us total 14.743ms
08-05 04:12:52.600  5381  5392 I art     : Starting a blocking GC Explicit
08-05 04:12:52.614  5381  5392 I art     : Explicit concurrent mark sweep GC freed 12249(568KB) AllocSpace objects, 0(0B) LOS objects, 29% free, 38MB/54MB, paused 238us total 14.089ms
08-05 04:12:52.620  5381  5392 I art     : Starting a blocking GC Explicit
08-05 04:12:52.635  5381  5392 I art     : Explicit concurrent mark sweep GC freed 11640(539KB) AllocSpace objects, 0(0B) LOS objects, 29% free, 38MB/54MB, paused 289us total 14.224ms
08-05 04:12:52.641  5381  5392 I art     : Starting a blocking GC Explicit
08-05 04:12:52.656  5381  5392 I art     : Explicit concurrent mark sweep GC freed 11512(548KB) AllocSpace objects, 0(0B) LOS objects, 29% free, 39MB/55MB, paused 242us total 14.147ms
08-05 04:12:52.924  5381  5394 I art     : Starting a blocking GC Explicit
08-05 04:12:52.965  5381  5394 I art     : Explicit concurrent mark sweep GC freed 163575(7MB) AllocSpace objects, 1(20KB) LOS objects, 28% free, 40MB/56MB, paused 511us total 41.654ms
08-05 04:12:52.976  5381  5394 I art     : Starting a blocking GC Explicit
08-05 04:12:52.996  5381  5394 I art     : Explicit concurrent mark sweep GC freed 22905(1082KB) AllocSpace objects, 0(0B) LOS objects, 28% free, 40MB/56MB, paused 286us total 19.691ms
08-05 04:12:53.004  5381  5394 I art     : Starting a blocking GC Explicit
08-05 04:12:53.022  5381  5394 I art     : Explicit concurrent mark sweep GC freed 14516(681KB) AllocSpace objects, 0(0B) LOS objects, 28% free, 40MB/56MB, paused 284us total 17.333ms
08-05 04:12:53.030  5381  5394 I art     : Starting a blocking GC Explicit
08-05 04:12:53.047  5381  5394 I art     : Explicit concurrent mark sweep GC freed 13869(646KB) AllocSpace objects, 0(0B) LOS objects, 28% free, 40MB/56MB, paused 275us total 17.116ms
08-05 04:12:53.055  5381  5394 I art     : Starting a blocking GC Explicit
08-05 04:12:53.072  5381  5394 I art     : Explicit concurrent mark sweep GC freed 13609(640KB) AllocSpace objects, 0(0B) LOS objects, 28% free, 40MB/56MB, paused 298us total 17.496ms
08-05 04:12:53.344  5381  5392 I art     : Starting a blocking GC Explicit
08-05 04:12:53.391  5381  5392 I art     : Explicit concurrent mark sweep GC freed 167262(7MB) AllocSpace objects, 1(20KB) LOS objects, 27% free, 42MB/58MB, paused 432us total 46.964ms
08-05 04:12:53.401  5381  5392 I art     : Starting a blocking GC Explicit
08-05 04:12:53.422  5381  5392 I art     : Explicit concurrent mark sweep GC freed 23165(1087KB) AllocSpace objects, 0(0B) LOS objects, 27% free, 42MB/58MB, paused 327us total 20.790ms
08-05 04:12:53.431  5381  5392 I art     : Starting a blocking GC Explicit
08-05 04:12:53.452  5381  5392 I art     : Explicit concurrent mark sweep GC freed 15582(742KB) AllocSpace objects, 0(0B) LOS objects, 27% free, 42MB/58MB, paused 374us total 20.684ms
08-05 04:12:53.461  5381  5392 I art     : Starting a blocking GC Explicit
08-05 04:12:53.481  5381  5392 I art     : Explicit concurrent mark sweep GC freed 15501(730KB) AllocSpace objects, 0(0B) LOS objects, 27% free, 42MB/58MB, paused 322us total 20.552ms
08-05 04:12:53.490  5381  5392 I art     : Starting a blocking GC Explicit
08-05 04:12:53.512  5381  5392 I art     : Explicit concurrent mark sweep GC freed 16286(787KB) AllocSpace objects, 0(0B) LOS objects, 27% free, 42MB/58MB, paused 341us total 21.095ms
08-05 04:12:53.779  5381  5392 I art     : Starting a blocking GC Explicit
08-05 04:12:53.819  5381  5392 I art     : Explicit concurrent mark sweep GC freed 160379(7MB) AllocSpace objects, 1(20KB) LOS objects, 26% free, 43MB/59MB, paused 415us total 40.233ms
08-05 04:12:53.831  5381  5392 I art     : Starting a blocking GC Explicit
08-05 04:12:53.854  5381  5392 I art     : Explicit concurrent mark sweep GC freed 23681(1113KB) AllocSpace objects, 0(0B) LOS objects, 26% free, 43MB/59MB, paused 372us total 23.003ms
08-05 04:12:53.864  5381  5392 I art     : Starting a blocking GC Explicit
08-05 04:12:53.888  5381  5392 I art     : Explicit concurrent mark sweep GC freed 18579(874KB) AllocSpace objects, 0(0B) LOS objects, 26% free, 43MB/59MB, paused 441us total 24.491ms
08-05 04:12:53.898  5381  5392 I art     : Starting a blocking GC Explicit
08-05 04:12:53.922  5381  5392 I art     : Explicit concurrent mark sweep GC freed 18718(880KB) AllocSpace objects, 0(0B) LOS objects, 26% free, 44MB/60MB, paused 392us total 24.410ms
08-05 04:12:53.932  5381  5392 I art     : Starting a blocking GC Explicit
08-05 04:12:53.957  5381  5392 I art     : Explicit concurrent mark sweep GC freed 19157(902KB) AllocSpace objects, 0(0B) LOS objects, 26% free, 44MB/60MB, paused 408us total 24.719ms
08-05 04:12:54.226  5381  5392 I art     : Starting a blocking GC Explicit
08-05 04:12:54.271  5381  5392 I art     : Explicit concurrent mark sweep GC freed 163677(7MB) AllocSpace objects, 1(20KB) LOS objects, 25% free, 45MB/61MB, paused 603us total 45.159ms
08-05 04:12:54.282  5381  5392 I art     : Starting a blocking GC Explicit
08-05 04:12:54.309  5381  5392 I art     : Explicit concurrent mark sweep GC freed 24962(1172KB) AllocSpace objects, 0(0B) LOS objects, 25% free, 45MB/61MB, paused 483us total 26.459ms
08-05 04:12:54.319  5381  5392 I art     : Starting a blocking GC Explicit
08-05 04:12:54.346  5381  5392 I art     : Explicit concurrent mark sweep GC freed 20658(969KB) AllocSpace objects, 0(0B) LOS objects, 25% free, 45MB/61MB, paused 447us total 26.729ms
08-05 04:12:54.356  5381  5392 I art     : Starting a blocking GC Explicit
08-05 04:12:54.384  5381  5392 I art     : Explicit concurrent mark sweep GC freed 21015(978KB) AllocSpace objects, 0(0B) LOS objects, 25% free, 45MB/61MB, paused 446us total 28.233ms
08-05 04:12:54.395  5381  5392 I art     : Starting a blocking GC Explicit
08-05 04:12:54.423  5381  5392 I art     : Explicit concurrent mark sweep GC freed 21067(984KB) AllocSpace objects, 0(0B) LOS objects, 25% free, 46MB/62MB, paused 458us total 27.937ms
08-05 04:12:54.686  5381  5392 I art     : Starting a blocking GC Explicit
08-05 04:12:54.740  5381  5392 I art     : Explicit concurrent mark sweep GC freed 165186(7MB) AllocSpace objects, 1(20KB) LOS objects, 25% free, 47MB/63MB, paused 540us total 53.293ms
08-05 04:12:54.752  5381  5392 I art     : Starting a blocking GC Explicit
08-05 04:12:54.784  5381  5392 I art     : Explicit concurrent mark sweep GC freed 28791(1342KB) AllocSpace objects, 0(0B) LOS objects, 25% free, 47MB/63MB, paused 522us total 31.983ms
08-05 04:12:54.795  5381  5392 I art     : Starting a blocking GC Explicit
08-05 04:12:54.827  5381  5392 I art     : Explicit concurrent mark sweep GC freed 23003(1083KB) AllocSpace objects, 0(0B) LOS objects, 25% free, 47MB/63MB, paused 516us total 31.971ms
08-05 04:12:54.838  5381  5392 I art     : Starting a blocking GC Explicit
08-05 04:12:54.871  5381  5392 I art     : Explicit concurrent mark sweep GC freed 23863(1129KB) AllocSpace objects, 0(0B) LOS objects, 25% free, 47MB/63MB, paused 528us total 32.400ms
08-05 04:12:54.882  5381  5392 I art     : Starting a blocking GC Explicit
08-05 04:12:54.915  5381  5392 I art     : Explicit concurrent mark sweep GC freed 23604(1114KB) AllocSpace objects, 0(0B) LOS objects, 25% free, 47MB/63MB, paused 528us total 32.495ms
08-05 04:12:55.045  5381  5595 I Service : getCourses response time: 0.69
08-05 04:12:55.055  5381  5381 I SettingsManager: Getting string: savedCourse
08-05 04:12:55.179  5381  5401 I art     : Starting a blocking GC Explicit
08-05 04:12:55.231  5381  5401 I art     : Explicit concurrent mark sweep GC freed 73367(3MB) AllocSpace objects, 2(15MB) LOS objects, 32% free, 33MB/49MB, paused 146us total 51.437ms
08-05 04:12:55.244  5381  5401 I art     : Starting a blocking GC Explicit
08-05 04:12:55.279  5381  5401 I art     : Explicit concurrent mark sweep GC freed 81(3KB) AllocSpace objects, 0(0B) LOS objects, 32% free, 33MB/49MB, paused 148us total 34.599ms
08-05 04:12:55.291  5381  5401 I art     : Starting a blocking GC Explicit
08-05 04:12:55.326  5381  5401 I art     : Explicit concurrent mark sweep GC freed 3(96B) AllocSpace objects, 0(0B) LOS objects, 32% free, 33MB/49MB, paused 152us total 34.789ms
08-05 04:12:55.339  5381  5401 I art     : Starting a blocking GC Explicit
08-05 04:12:55.374  5381  5401 I art     : Explicit concurrent mark sweep GC freed 3(96B) AllocSpace objects, 0(0B) LOS objects, 32% free, 33MB/49MB, paused 151us total 34.753ms
08-05 04:12:55.386  5381  5401 I art     : Starting a blocking GC Explicit
08-05 04:12:55.421  5381  5401 I art     : Explicit concurrent mark sweep GC freed 3(96B) AllocSpace objects, 0(0B) LOS objects, 32% free, 33MB/49MB, paused 144us total 34.973ms
08-05 04:12:55.751  5381  5392 I art     : Starting a blocking GC Explicit
08-05 04:12:55.804  5381  5392 I art     : Explicit concurrent mark sweep GC freed 1274(74KB) AllocSpace objects, 1(20KB) LOS objects, 32% free, 33MB/49MB, paused 246us total 52.915ms
08-05 04:12:55.820  5381  5392 I art     : Starting a blocking GC Explicit
08-05 04:12:55.854  5381  5392 I art     : Explicit concurrent mark sweep GC freed 18(624B) AllocSpace objects, 0(0B) LOS objects, 32% free, 33MB/49MB, paused 137us total 33.418ms
08-05 04:12:55.866  5381  5392 I art     : Starting a blocking GC Explicit
08-05 04:12:55.900  5381  5392 I art     : Explicit concurrent mark sweep GC freed 3(96B) AllocSpace objects, 0(0B) LOS objects, 32% free, 33MB/49MB, paused 135us total 34.309ms
08-05 04:12:55.912  5381  5392 I art     : Starting a blocking GC Explicit
08-05 04:12:55.949  5381  5392 I art     : Explicit concurrent mark sweep GC freed 3(96B) AllocSpace objects, 0(0B) LOS objects, 32% free, 33MB/49MB, paused 136us total 36.140ms
08-05 04:12:55.962  5381  5392 I art     : Starting a blocking GC Explicit
08-05 04:12:55.998  5381  5392 I art     : Explicit concurrent mark sweep GC freed 3(96B) AllocSpace objects, 0(0B) LOS objects, 32% free, 33MB/49MB, paused 137us total 35.928ms
08-05 04:12:56.334  5381  5394 I art     : Starting a blocking GC Explicit
08-05 04:12:56.395  5381  5394 I art     : Explicit concurrent mark sweep GC freed 1274(74KB) AllocSpace objects, 1(20KB) LOS objects, 32% free, 33MB/49MB, paused 177us total 60.919ms
08-05 04:12:56.416  5381  5394 I art     : Starting a blocking GC Explicit
08-05 04:12:56.452  5381  5394 I art     : Explicit concurrent mark sweep GC freed 18(624B) AllocSpace objects, 0(0B) LOS objects, 32% free, 33MB/49MB, paused 143us total 36.111ms
08-05 04:12:56.465  5381  5394 I art     : Starting a blocking GC Explicit
08-05 04:12:56.501  5381  5394 I art     : Explicit concurrent mark sweep GC freed 3(96B) AllocSpace objects, 0(0B) LOS objects, 32% free, 33MB/49MB, paused 158us total 35.962ms
08-05 04:12:56.514  5381  5394 I art     : Starting a blocking GC Explicit
08-05 04:12:56.551  5381  5394 I art     : Explicit concurrent mark sweep GC freed 3(96B) AllocSpace objects, 0(0B) LOS objects, 32% free, 33MB/49MB, paused 143us total 36.467ms
08-05 04:12:56.563  5381  5394 I art     : Starting a blocking GC Explicit
08-05 04:12:56.598  5381  5394 I art     : Explicit concurrent mark sweep GC freed 3(96B) AllocSpace objects, 0(0B) LOS objects, 32% free, 33MB/49MB, paused 144us total 35.196ms
08-05 04:12:56.901  5381  5392 I art     : Starting a blocking GC Explicit
08-05 04:12:56.941  5381  5392 I art     : Explicit concurrent mark sweep GC freed 1275(74KB) AllocSpace objects, 1(20KB) LOS objects, 32% free, 33MB/49MB, paused 148us total 40.618ms
08-05 04:12:56.955  5381  5392 I art     : Starting a blocking GC Explicit
08-05 04:12:56.989  5381  5392 I art     : Explicit concurrent mark sweep GC freed 20(704B) AllocSpace objects, 0(0B) LOS objects, 32% free, 33MB/49MB, paused 137us total 34.248ms
08-05 04:12:57.001  5381  5392 I art     : Starting a blocking GC Explicit
08-05 04:12:57.035  5381  5392 I art     : Explicit concurrent mark sweep GC freed 3(96B) AllocSpace objects, 0(0B) LOS objects, 32% free, 33MB/49MB, paused 139us total 33.776ms
08-05 04:12:57.047  5381  5392 I art     : Starting a blocking GC Explicit
08-05 04:12:57.083  5381  5392 I art     : Explicit concurrent mark sweep GC freed 3(96B) AllocSpace objects, 0(0B) LOS objects, 32% free, 33MB/49MB, paused 139us total 35.847ms
08-05 04:12:57.096  5381  5392 I art     : Starting a blocking GC Explicit
08-05 04:12:57.132  5381  5392 I art     : Explicit concurrent mark sweep GC freed 3(96B) AllocSpace objects, 0(0B) LOS objects, 32% free, 33MB/49MB, paused 133us total 35.787ms
08-05 04:12:57.278  1294  1294 I ServiceManager: Waiting for service AtCmdFwd...
08-05 04:12:57.407  5381  5394 I art     : Starting a blocking GC Explicit
08-05 04:12:57.459  5381  5394 I art     : Explicit concurrent mark sweep GC freed 1274(74KB) AllocSpace objects, 1(20KB) LOS objects, 32% free, 33MB/49MB, paused 178us total 52.388ms
08-05 04:12:57.476  5381  5394 I art     : Starting a blocking GC Explicit
08-05 04:12:57.513  5381  5394 I art     : Explicit concurrent mark sweep GC freed 18(624B) AllocSpace objects, 0(0B) LOS objects, 32% free, 33MB/49MB, paused 184us total 36.629ms
08-05 04:12:57.525  5381  5394 I art     : Starting a blocking GC Explicit
08-05 04:12:57.559  5381  5394 I art     : Explicit concurrent mark sweep GC freed 3(96B) AllocSpace objects, 0(0B) LOS objects, 32% free, 33MB/49MB, paused 142us total 33.415ms
08-05 04:12:57.570  5381  5394 I art     : Starting a blocking GC Explicit
08-05 04:12:57.605  5381  5394 I art     : Explicit concurrent mark sweep GC freed 3(96B) AllocSpace objects, 0(0B) LOS objects, 32% free, 33MB/49MB, paused 141us total 34.546ms
08-05 04:12:57.618  5381  5394 I art     : Starting a blocking GC Explicit
08-05 04:12:57.654  5381  5394 I art     : Explicit concurrent mark sweep GC freed 3(96B) AllocSpace objects, 0(0B) LOS objects, 32% free, 33MB/49MB, paused 142us total 35.992ms
08-05 04:12:57.906  5381  5401 I art     : Starting a blocking GC Explicit
08-05 04:12:57.943  5381  5401 I art     : Explicit concurrent mark sweep GC freed 1274(74KB) AllocSpace objects, 1(20KB) LOS objects, 32% free, 33MB/49MB, paused 155us total 36.320ms
08-05 04:12:57.957  5381  5401 I art     : Starting a blocking GC Explicit
08-05 04:12:57.988  5381  5401 I art     : Explicit concurrent mark sweep GC freed 18(624B) AllocSpace objects, 0(0B) LOS objects, 32% free, 33MB/49MB, paused 151us total 31.331ms
08-05 04:12:57.999  5381  5401 I art     : Starting a blocking GC Explicit
08-05 04:12:58.031  5381  5401 I art     : Explicit concurrent mark sweep GC freed 3(96B) AllocSpace objects, 0(0B) LOS objects, 32% free, 33MB/49MB, paused 136us total 31.373ms
08-05 04:12:58.042  5381  5401 I art     : Starting a blocking GC Explicit
08-05 04:12:58.074  5381  5401 I art     : Explicit concurrent mark sweep GC freed 3(96B) AllocSpace objects, 0(0B) LOS objects, 32% free, 33MB/49MB, paused 136us total 31.082ms
08-05 04:12:58.085  5381  5401 I art     : Starting a blocking GC Explicit
08-05 04:12:58.110  5730  5730 D AndroidRuntime: >>>>>> START com.android.internal.os.RuntimeInit uid 2000 <<<<<<
08-05 04:12:58.113  5730  5730 D AndroidRuntime: CheckJNI is OFF
08-05 04:12:58.117  5381  5401 I art     : Explicit concurrent mark sweep GC freed 3(96B) AllocSpace objects, 0(0B) LOS objects, 32% free, 33MB/49MB, paused 151us total 31.473ms
08-05 04:12:58.140  5730  5730 D ICU     : No timezone override file found: /data/misc/zoneinfo/current/icu/icu_tzdata.dat
08-05 04:12:58.163  5730  5730 I Radio-JNI: register_android_hardware_Radio DONE
08-05 04:12:58.179  5730  5730 D AndroidRuntime: Calling main entry com.android.commands.input.Input
08-05 04:12:58.180  5730  5730 I Input   : injectMotionEvent: MotionEvent { action=ACTION_DOWN, actionButton=0, id[0]=0, x[0]=526.0, y[0]=704.0, toolType[0]=TOOL_TYPE_UNKNOWN, buttonState=0, metaState=0, flags=0x0, edgeFlags=0x0, pointerCount=1, historySize=0, eventTime=763994593, downTime=763994593, deviceId=0, source=0x1002 }
08-05 04:12:58.187  5730  5730 I Input   : injectMotionEvent: MotionEvent { action=ACTION_UP, actionButton=0, id[0]=0, x[0]=526.0, y[0]=704.0, toolType[0]=TOOL_TYPE_UNKNOWN, buttonState=0, metaState=0, flags=0x0, edgeFlags=0x0, pointerCount=1, historySize=0, eventTime=763994593, downTime=763994593, deviceId=0, source=0x1002 }
08-05 04:12:58.188  5730  5730 D AndroidRuntime: Shutting down VM
08-05 04:12:58.253   512  2967 D audio_hw_primary: out_set_parameters: enter: usecase(1: low-latency-playback) kvpairs: routing=2
08-05 04:12:58.266   512  2967 D audio_hw_primary: select_devices: out_snd_device(2: speaker) in_snd_device(0: none)
08-05 04:12:58.266   512  2967 D msm8974_platform: platform_send_audio_calibration: sending audio calibration for snd_device(2) acdb_id(15)
08-05 04:12:58.267   512  2967 I soundtrigger: audio_extn_sound_trigger_update_device_status: device 0x2 of type 0 for Event 1
08-05 04:12:58.278   512  2967 D audio_hw_primary: enable_snd_device: snd_device(2: speaker)
08-05 04:12:58.279  1294  1294 I ServiceManager: Waiting for service AtCmdFwd...
08-05 04:12:58.279   512  2967 D audio_hw_primary: enable_audio_route: apply and update mixer path: low-latency-playback speaker
08-05 04:12:58.339  5381  5401 I art     : Starting a blocking GC Explicit
08-05 04:12:58.374  5381  5401 I art     : Explicit concurrent mark sweep GC freed 2047(133KB) AllocSpace objects, 2(40KB) LOS objects, 32% free, 33MB/49MB, paused 205us total 34.802ms
08-05 04:12:58.387  5381  5401 I art     : Starting a blocking GC Explicit
08-05 04:12:58.426  5381  5401 I art     : Explicit concurrent mark sweep GC freed 147(6KB) AllocSpace objects, 0(0B) LOS objects, 32% free, 33MB/49MB, paused 140us total 38.438ms
08-05 04:12:58.440  5381  5401 I art     : Starting a blocking GC Explicit
08-05 04:12:58.476  5381  5401 I art     : Explicit concurrent mark sweep GC freed 7(240B) AllocSpace objects, 0(0B) LOS objects, 32% free, 33MB/49MB, paused 169us total 36.041ms
08-05 04:12:58.490  5381  5401 I art     : Starting a blocking GC Explicit
08-05 04:12:58.528  5381  5401 I art     : Explicit concurrent mark sweep GC freed 3(96B) AllocSpace objects, 0(0B) LOS objects, 32% free, 33MB/49MB, paused 175us total 37.432ms
08-05 04:12:58.542  5381  5401 I art     : Starting a blocking GC Explicit
08-05 04:12:58.579  5381  5401 I art     : Explicit concurrent mark sweep GC freed 3(96B) AllocSpace objects, 0(0B) LOS objects, 32% free, 33MB/49MB, paused 151us total 37.032ms
08-05 04:12:58.821   512  2967 D audio_hw_primary: disable_audio_route: reset and update mixer path: low-latency-playback speaker
08-05 04:12:58.823   512  2967 D audio_hw_primary: disable_snd_device: snd_device(2: speaker)
08-05 04:12:58.832   512  2967 I soundtrigger: audio_extn_sound_trigger_update_device_status: device 0x2 of type 0 for Event 0
08-05 04:12:58.887  5381  5401 I art     : Starting a blocking GC Explicit
08-05 04:12:58.933  5381  5401 I art     : Explicit concurrent mark sweep GC freed 1287(75KB) AllocSpace objects, 1(20KB) LOS objects, 32% free, 33MB/49MB, paused 131us total 46.268ms
08-05 04:12:58.952  5381  5401 I art     : Starting a blocking GC Explicit
08-05 04:12:58.995  5381  5401 I art     : Explicit concurrent mark sweep GC freed 22(752B) AllocSpace objects, 0(0B) LOS objects, 32% free, 33MB/49MB, paused 134us total 43.223ms
08-05 04:12:59.012  5381  5401 I art     : Starting a blocking GC Explicit
08-05 04:12:59.055  5381  5401 I art     : Explicit concurrent mark sweep GC freed 3(96B) AllocSpace objects, 0(0B) LOS objects, 32% free, 33MB/49MB, paused 145us total 42.758ms
08-05 04:12:59.070  5381  5401 I art     : Starting a blocking GC Explicit
08-05 04:12:59.112  5381  5401 I art     : Explicit concurrent mark sweep GC freed 3(96B) AllocSpace objects, 0(0B) LOS objects, 32% free, 33MB/49MB, paused 136us total 41.393ms
08-05 04:12:59.125  5381  5401 I art     : Starting a blocking GC Explicit
08-05 04:12:59.160  5381  5401 I art     : Explicit concurrent mark sweep GC freed 5(160B) AllocSpace objects, 0(0B) LOS objects, 32% free, 33MB/49MB, paused 142us total 34.658ms
08-05 04:12:59.279  1294  1294 I ServiceManager: Waiting for service AtCmdFwd...
08-05 04:12:59.308   918  3261 D WifiStateMachine: starting scan for "H369AA63323"WPA_PSK with 2412,5180
08-05 04:12:59.437  5381  5394 I art     : Starting a blocking GC Explicit
08-05 04:12:59.477  5381  5394 I art     : Explicit concurrent mark sweep GC freed 1279(75KB) AllocSpace objects, 1(20KB) LOS objects, 32% free, 33MB/49MB, paused 144us total 39.156ms
08-05 04:12:59.489  5381  5394 I art     : Starting a blocking GC Explicit
08-05 04:12:59.523  5381  5394 I art     : Explicit concurrent mark sweep GC freed 18(624B) AllocSpace objects, 0(0B) LOS objects, 32% free, 33MB/49MB, paused 141us total 33.494ms
08-05 04:12:59.534  5381  5394 I art     : Starting a blocking GC Explicit
08-05 04:12:59.566  5381  5394 I art     : Explicit concurrent mark sweep GC freed 3(96B) AllocSpace objects, 0(0B) LOS objects, 32% free, 33MB/49MB, paused 140us total 31.177ms
08-05 04:12:59.577  5381  5394 I art     : Starting a blocking GC Explicit
08-05 04:12:59.609  5381  5394 I art     : Explicit concurrent mark sweep GC freed 3(96B) AllocSpace objects, 0(0B) LOS objects, 32% free, 33MB/49MB, paused 138us total 31.344ms
08-05 04:12:59.620  5381  5394 I art     : Starting a blocking GC Explicit
08-05 04:12:59.652  5381  5394 I art     : Explicit concurrent mark sweep GC freed 3(96B) AllocSpace objects, 0(0B) LOS objects, 32% free, 33MB/49MB, paused 139us total 31.987ms
08-05 04:12:59.741  5784  5784 D AndroidRuntime: >>>>>> START com.android.internal.os.RuntimeInit uid 2000 <<<<<<
08-05 04:12:59.745  5784  5784 D AndroidRuntime: CheckJNI is OFF
08-05 04:12:59.771  5784  5784 D ICU     : No timezone override file found: /data/misc/zoneinfo/current/icu/icu_tzdata.dat
08-05 04:12:59.797  5784  5784 I Radio-JNI: register_android_hardware_Radio DONE
08-05 04:12:59.813  5784  5784 D AndroidRuntime: Calling main entry com.android.commands.input.Input
08-05 04:12:59.815  5784  5784 I Input   : injectMotionEvent: MotionEvent { action=ACTION_DOWN, actionButton=0, id[0]=0, x[0]=1197.0, y[0]=1456.0, toolType[0]=TOOL_TYPE_UNKNOWN, buttonState=0, metaState=0, flags=0x0, edgeFlags=0x0, pointerCount=1, historySize=0, eventTime=763996228, downTime=763996228, deviceId=0, source=0x1002 }
08-05 04:12:59.822  5784  5784 I Input   : injectMotionEvent: MotionEvent { action=ACTION_UP, actionButton=0, id[0]=0, x[0]=1197.0, y[0]=1456.0, toolType[0]=TOOL_TYPE_UNKNOWN, buttonState=0, metaState=0, flags=0x0, edgeFlags=0x0, pointerCount=1, historySize=0, eventTime=763996228, downTime=763996228, deviceId=0, source=0x1002 }
08-05 04:12:59.824  5784  5784 D AndroidRuntime: Shutting down VM
08-05 04:12:59.829   512  2967 D audio_hw_primary: out_set_parameters: enter: usecase(1: low-latency-playback) kvpairs: routing=2
08-05 04:12:59.842   512  2967 D audio_hw_primary: select_devices: out_snd_device(2: speaker) in_snd_device(0: none)
08-05 04:12:59.843   512  2967 D msm8974_platform: platform_send_audio_calibration: sending audio calibration for snd_device(2) acdb_id(15)
08-05 04:12:59.843   512  2967 I soundtrigger: audio_extn_sound_trigger_update_device_status: device 0x2 of type 0 for Event 1
08-05 04:12:59.846  5381  5381 I SettingsManager: Setting string: savedCourse
08-05 04:12:59.852   512  2967 D audio_hw_primary: enable_snd_device: snd_device(2: speaker)
08-05 04:12:59.854   512  2967 D audio_hw_primary: enable_audio_route: apply and update mixer path: low-latency-playback speaker
08-05 04:12:59.857   918  4400 W BackupManagerService: dataChanged but no participant pkg='baseline.com.ak.uobtimetable' uid=10684
08-05 04:12:59.858   918   928 I ActivityManager: START u0 {flg=0x4000000 cmp=baseline.com.ak.uobtimetable/.MainActivity (has extras)} from uid 10684 on display 0
08-05 04:12:59.866   918  6029 W InputMethodManagerService: Focus gain on non-focused client com.android.internal.view.IInputMethodClient$Stub$Proxy@d22fc39 (uid=10684 pid=5381)
08-05 04:12:59.872  5381  5381 D MainActivity: OnDestroy
08-05 04:12:59.885  5381  5401 I art     : Starting a blocking GC Explicit
08-05 04:12:59.889  5381  5381 D MainActivity: onCreate
08-05 04:12:59.889  5381  5381 I SettingsManager: Getting string: savedSessions
08-05 04:12:59.889  5381  5381 I Settings: No saved sessions
08-05 04:12:59.913  5381  5381 I SettingsManager: Getting string: savedCourse
08-05 04:12:59.914  5381  5381 D MainActivity: sessionListFragmentArg: updateSessions
08-05 04:12:59.914  5381  5381 D MainActivity: showTermDatesConfigChange: false
08-05 04:12:59.914  5381  5381 D MainActivity: showTermDatesShortcut: false
08-05 04:12:59.916  5381  5381 D MainActivity: Setting initial fragment: SessionListsFragment
08-05 04:12:59.918  5381  5381 I SettingsManager: Getting int: launchCount
08-05 04:12:59.921  5381  5381 D SessionListsFragment: onCreateView
08-05 04:12:59.925  5381  5401 I art     : Explicit concurrent mark sweep GC freed 4947(271KB) AllocSpace objects, 4(1380KB) LOS objects, 32% free, 33MB/49MB, paused 462us total 39.815ms
08-05 04:12:59.934  5381  5381 I SettingsManager: Getting string: savedCourse
08-05 04:12:59.937  5381  5381 I SettingsManager: Getting string: savedSessions
08-05 04:12:59.937  5381  5381 D SessionListsFragment: loadArgument: updateSessions
08-05 04:12:59.937  5381  5381 D SessionListsFragment: initialIndex: -1
08-05 04:12:59.939  5381  5807 D HTTP    : Request for: https://uob-timetable-api.adriankeenan.co.uk/sessions?dept=BD002&course=CFIEFAAF%2F02AA%2F0%2FFT&level=ALL+Courses
08-05 04:12:59.939  5381  5401 I art     : Starting a blocking GC Explicit
08-05 04:12:59.941  5381  5381 I WebViewFactory: Loading com.google.android.webview version 84.0.4147.89 (code 414708953)
08-05 04:12:59.980  5381  5401 I art     : Explicit concurrent mark sweep GC freed 6631(423KB) AllocSpace objects, 2(96KB) LOS objects, 31% free, 34MB/50MB, paused 583us total 40.381ms
08-05 04:12:59.992  5381  5401 I art     : Starting a blocking GC Explicit
08-05 04:13:00.015  5381  5381 I cr_LibraryLoader: Loaded native library version number "84.0.4147.89"
08-05 04:13:00.016  5381  5381 I cr_CachingUmaRecorder: Flushed 5 samples from 5 histograms.
08-05 04:13:00.032  5381  5401 I art     : Explicit concurrent mark sweep GC freed 4288(361KB) AllocSpace objects, 2(40KB) LOS objects, 31% free, 34MB/50MB, paused 684us total 39.683ms
08-05 04:13:00.045  5381  5401 I art     : Starting a blocking GC Explicit
08-05 04:13:00.049  5381  5381 E chromium: [ERROR:filesystem_posix.cc(62)] mkdir /data/user/0/baseline.com.ak.uobtimetable/cache/WebView/Crashpad: No such file or directory (2)
08-05 04:13:00.085  5381  5401 I art     : Explicit concurrent mark sweep GC freed 1272(157KB) AllocSpace objects, 0(0B) LOS objects, 31% free, 34MB/50MB, paused 392us total 39.196ms
08-05 04:13:00.101  5381  5401 I art     : Starting a blocking GC Explicit
08-05 04:13:00.113   918   929 D ConnectivityService: listenForNetwork for Listen from uid/pid:10684/5381 for NetworkRequest [ id=3157, legacyType=-1, [ Capabilities: INTERNET&NOT_RESTRICTED&TRUSTED] ]
08-05 04:13:00.141  5381  5822 W cr_media: Requires BLUETOOTH permission
08-05 04:13:00.143  5381  5401 I art     : Explicit concurrent mark sweep GC freed 3319(232KB) AllocSpace objects, 3(200KB) LOS objects, 31% free, 35MB/51MB, paused 1.737ms total 41.870ms
08-05 04:13:00.147  5381  5833 E libEGL  : validate_display:255 error 3008 (EGL_BAD_DISPLAY)
08-05 04:13:00.152  5381  5381 D TermDatesFragment: WebView loaded
08-05 04:13:00.152  5381  5381 D MainActivity: OnResume
08-05 04:13:00.171  5381  5381 I TermDatesFragment: Webview load %: 10
08-05 04:13:00.172  5381  5807 I NAPPA_EXPERIMENTATION: MetricNetworkRequestExecutionTime: REQUEST_DURATION_SYSTEM='230',REQUEST_DURATION_OKHTTP='38',REQUEST_SYNCHRONOUS='TRUE',RESPONSE_CODE='200',RESPONSE_METHOD='GET',RESPONSE_LENGTH_OKHTTP='-1',RESPONSE_LENGTH_HEADER='867',REQUEST_PROTOCOL='http/1.1',REQUEST_URL='https://uob-timetable-api.adriankeenan.co.uk/sessions?dept=BD002&course=CFIEFAAF%2F02AA%2F0%2FFT&level=ALL+Courses',
08-05 04:13:00.219  5381  5807 I HTTP    : Response was compressed.
08-05 04:13:00.231  5381  5807 I Service : getSessions response time: 1.12
08-05 04:13:00.252   918   936 I ActivityManager: Displayed baseline.com.ak.uobtimetable/.MainActivity: +383ms
08-05 04:13:00.252 13866 13866 I GoogleInputMethodServic: GoogleInputMethodService.onFinishInput():3138 
08-05 04:13:00.256 13866 13866 I GoogleInputMethodServic: GoogleInputMethodService.onStartInput():1808 
08-05 04:13:00.264  5381  5381 I SettingsManager: Getting string: savedSessions
08-05 04:13:00.270  5381  5381 I SettingsManager: Setting string: savedSessions
08-05 04:13:00.276   918  6112 W BackupManagerService: dataChanged but no participant pkg='baseline.com.ak.uobtimetable' uid=10684
08-05 04:13:00.277  5381  5381 I SettingsManager: Setting date: savedSessionsTime
08-05 04:13:00.280  1294  1294 I ServiceManager: Waiting for service AtCmdFwd...
08-05 04:13:00.281   918   928 W BackupManagerService: dataChanged but no participant pkg='baseline.com.ak.uobtimetable' uid=10684
08-05 04:13:00.282  5381  5381 I SettingsManager: Setting string: savedSessionsCourseName
08-05 04:13:00.286   918  6029 W BackupManagerService: dataChanged but no participant pkg='baseline.com.ak.uobtimetable' uid=10684
08-05 04:13:00.286  5381  5381 I SettingsManager: Setting string: savedSessionsDateRange
08-05 04:13:00.294   918  3670 W BackupManagerService: dataChanged but no participant pkg='baseline.com.ak.uobtimetable' uid=10684
08-05 04:13:00.294  5381  5381 I SettingsManager: Setting string: timetableUrl
08-05 04:13:00.299   918  5952 W BackupManagerService: dataChanged but no participant pkg='baseline.com.ak.uobtimetable' uid=10684
08-05 04:13:00.299  5381  5381 I SettingsManager: Getting boolean: notifySessionRemindersEnabled
08-05 04:13:00.299  5381  5381 I SettingsManager: Getting int: notifySessionRemindersMinutes
08-05 04:13:00.299  5381  5381 I SettingsManager: Getting boolean: showHiddenSessions
08-05 04:13:00.324  5381  5381 I SessionReminderNotifier: Created session reminder alarm for f7b4771250a919bd729c1c5a4a459c77 at Mon 08:30:00 10/08/20
08-05 04:13:00.325  5381  5381 I SessionReminderNotifier: Created session reminder alarm for a7f879aabdeb78622c8820a5fb7b64cd at Tue 08:30:00 11/08/20
08-05 04:13:00.327  5381  5381 I SessionReminderNotifier: Created session reminder alarm for 7bc8d7e2c2055711f597c3d9078c6ea3 at Tue 08:30:00 11/08/20
08-05 04:13:00.328  5381  5381 I SessionReminderNotifier: Created session reminder alarm for e0fc978b5db8218778540b4053344581 at Tue 11:00:00 11/08/20
08-05 04:13:00.329  5381  5381 I SessionReminderNotifier: Created session reminder alarm for 21712fef61090882c855a1425543edb5 at Tue 13:30:00 11/08/20
08-05 04:13:00.331  5381  5381 I SessionReminderNotifier: Created session reminder alarm for 65ca4d97f031f29a4d02bbb45a705d8f at Wed 08:30:00 05/08/20
08-05 04:13:00.332  5381  5381 I SessionReminderNotifier: Created session reminder alarm for eeda7741b0bcab58fd9f46dc6ef1d942 at Wed 08:30:00 05/08/20
08-05 04:13:00.333  5381  5381 I SessionReminderNotifier: Created session reminder alarm for c276c1b2075a0beb67f1b3d1e580f920 at Wed 11:00:00 05/08/20
08-05 04:13:00.334  5381  5381 I SessionReminderNotifier: Created session reminder alarm for 79fe0b5c3b887a13ba29db5a33fa2800 at Thu 08:30:00 06/08/20
08-05 04:13:00.335  5381  5381 I SessionReminderNotifier: Created session reminder alarm for 2ba1034116e4fffdd592dbf0796a43d5 at Fri 08:30:00 07/08/20
08-05 04:13:00.335  5381  5381 I SettingsManager: Getting boolean: showHiddenSessions
08-05 04:13:00.335  5381  5381 D SessionListsFragment: 1 sessions for day 0
08-05 04:13:00.335  5381  5381 D SessionListsFragment: 4 sessions for day 1
08-05 04:13:00.335  5381  5381 D SessionListsFragment: 3 sessions for day 2
08-05 04:13:00.335  5381  5381 D SessionListsFragment: 1 sessions for day 3
08-05 04:13:00.336  5381  5381 D SessionListsFragment: 1 sessions for day 4
08-05 04:13:00.368  5381  5381 I SettingsManager: Getting boolean: showHiddenSessions
08-05 04:13:00.369  5381  5381 D SessionListsFragment: Refreshed ViewPager
08-05 04:13:00.369  5381  5381 I SettingsManager: Getting boolean: showHiddenSessions
08-05 04:13:00.369  5381  5381 I SettingsManager: Getting boolean: completedTutorial
08-05 04:13:00.372  5381  5392 I art     : Starting a blocking GC Explicit
08-05 04:13:00.382  5381  5381 I SettingsManager: Getting boolean: showHiddenSessions
08-05 04:13:00.382  5381  5381 I SettingsManager: Getting date: savedSessionsTime
08-05 04:13:00.399   512  2967 D audio_hw_primary: disable_audio_route: reset and update mixer path: low-latency-playback speaker
08-05 04:13:00.400   512  2967 D audio_hw_primary: disable_snd_device: snd_device(2: speaker)
08-05 04:13:00.407   512  2967 I soundtrigger: audio_extn_sound_trigger_update_device_status: device 0x2 of type 0 for Event 0
08-05 04:13:00.443  5381  5392 I art     : Explicit concurrent mark sweep GC freed 53327(2MB) AllocSpace objects, 9(320KB) LOS objects, 30% free, 36MB/52MB, paused 818us total 71.696ms
08-05 04:13:00.458  5381  5392 I art     : Starting a blocking GC Explicit
08-05 04:13:00.502  5381  5392 I art     : Explicit concurrent mark sweep GC freed 32176(1504KB) AllocSpace objects, 0(0B) LOS objects, 30% free, 36MB/52MB, paused 702us total 43.689ms
08-05 04:13:00.515  5381  5392 I art     : Starting a blocking GC Explicit
08-05 04:13:00.559  5381  5392 I art     : Explicit concurrent mark sweep GC freed 32025(1324KB) AllocSpace objects, 0(0B) LOS objects, 30% free, 36MB/52MB, paused 739us total 43.401ms
08-05 04:13:00.572  5381  5392 I art     : Starting a blocking GC Explicit
08-05 04:13:00.615  5381  5392 I art     : Explicit concurrent mark sweep GC freed 28714(1191KB) AllocSpace objects, 0(0B) LOS objects, 30% free, 36MB/52MB, paused 700us total 42.791ms
08-05 04:13:00.628  5381  5392 I art     : Starting a blocking GC Explicit
08-05 04:13:00.676  5381  5392 I art     : Explicit concurrent mark sweep GC freed 32587(1342KB) AllocSpace objects, 0(0B) LOS objects, 30% free, 36MB/52MB, paused 787us total 47.606ms
08-05 04:13:00.885  5381  5381 I TermDatesFragment: Webview load %: 70
08-05 04:13:00.916  5381  5381 I TermDatesFragment: Webview load %: 100
08-05 04:13:00.916  5381  5381 I TermDatesFragment: Webview load %: 100
08-05 04:13:00.933  5381  5401 I art     : Starting a blocking GC Explicit
08-05 04:13:00.980  5381  5401 I art     : Explicit concurrent mark sweep GC freed 43730(1816KB) AllocSpace objects, 1(20KB) LOS objects, 30% free, 36MB/52MB, paused 342us total 47.175ms
08-05 04:13:00.996  5381  5401 I art     : Starting a blocking GC Explicit
08-05 04:13:01.042  5381  5401 I art     : Explicit concurrent mark sweep GC freed 1202(101KB) AllocSpace objects, 0(0B) LOS objects, 30% free, 36MB/52MB, paused 204us total 45.343ms
08-05 04:13:01.056  5381  5401 I art     : Starting a blocking GC Explicit
08-05 04:13:01.104  5381  5401 I art     : Explicit concurrent mark sweep GC freed 47(2160B) AllocSpace objects, 0(0B) LOS objects, 30% free, 36MB/52MB, paused 220us total 48.037ms
08-05 04:13:01.120  5381  5401 I art     : Starting a blocking GC Explicit
08-05 04:13:01.165  5381  5401 I art     : Explicit concurrent mark sweep GC freed 238(10KB) AllocSpace objects, 0(0B) LOS objects, 30% free, 36MB/52MB, paused 215us total 45.404ms
08-05 04:13:01.178  5381  5401 I art     : Starting a blocking GC Explicit
08-05 04:13:01.212  5381  5401 I art     : Explicit concurrent mark sweep GC freed 121467(11MB) AllocSpace objects, 3(136KB) LOS objects, 38% free, 25MB/41MB, paused 250us total 33.924ms
08-05 04:13:01.280  1294  1294 I ServiceManager: Waiting for service AtCmdFwd...
08-05 04:13:01.511  5381  5864 I art     : Starting a blocking GC Explicit
08-05 04:13:01.549  5381  5864 I art     : Explicit concurrent mark sweep GC freed 1292(75KB) AllocSpace objects, 1(20KB) LOS objects, 38% free, 25MB/41MB, paused 268us total 37.421ms
08-05 04:13:01.561  5381  5864 I art     : Starting a blocking GC Explicit
08-05 04:13:01.587  5381  5864 I art     : Explicit concurrent mark sweep GC freed 18(624B) AllocSpace objects, 0(0B) LOS objects, 38% free, 25MB/41MB, paused 321us total 25.456ms
08-05 04:13:01.597  5381  5864 I art     : Starting a blocking GC Explicit
08-05 04:13:01.622  5381  5864 I art     : Explicit concurrent mark sweep GC freed 3(96B) AllocSpace objects, 0(0B) LOS objects, 38% free, 25MB/41MB, paused 223us total 24.289ms
08-05 04:13:01.631  5381  5864 I art     : Starting a blocking GC Explicit
08-05 04:13:01.655  5381  5864 I art     : Explicit concurrent mark sweep GC freed 3(96B) AllocSpace objects, 0(0B) LOS objects, 38% free, 25MB/41MB, paused 229us total 24.060ms
08-05 04:13:01.664  5381  5864 I art     : Starting a blocking GC Explicit
08-05 04:13:01.689  5381  5864 I art     : Explicit concurrent mark sweep GC freed 3(96B) AllocSpace objects, 0(0B) LOS objects, 38% free, 25MB/41MB, paused 239us total 24.703ms
08-05 04:13:01.824   518   646 I ThermalEngine: ACTION: GPU - Setting GPU[0] to 510000000
08-05 04:13:02.024  5381  5394 I art     : Starting a blocking GC Explicit
08-05 04:13:02.068  5381  5394 I art     : Explicit concurrent mark sweep GC freed 1362(77KB) AllocSpace objects, 1(20KB) LOS objects, 38% free, 25MB/41MB, paused 399us total 44.619ms
08-05 04:13:02.083  5381  5394 I art     : Starting a blocking GC Explicit
08-05 04:13:02.115  5381  5394 I art     : Explicit concurrent mark sweep GC freed 50(1664B) AllocSpace objects, 0(0B) LOS objects, 38% free, 25MB/41MB, paused 277us total 31.580ms
08-05 04:13:02.126  5381  5394 I art     : Starting a blocking GC Explicit
08-05 04:13:02.155  5381  5394 I art     : Explicit concurrent mark sweep GC freed 24(768B) AllocSpace objects, 0(0B) LOS objects, 38% free, 25MB/41MB, paused 311us total 28.552ms
08-05 04:13:02.169  5381  5394 I art     : Starting a blocking GC Explicit
08-05 04:13:02.201  5381  5394 I art     : Explicit concurrent mark sweep GC freed 30(960B) AllocSpace objects, 0(0B) LOS objects, 38% free, 25MB/41MB, paused 280us total 31.979ms
08-05 04:13:02.214  5381  5394 I art     : Starting a blocking GC Explicit
08-05 04:13:02.247  5381  5394 I art     : Explicit concurrent mark sweep GC freed 4(128B) AllocSpace objects, 0(0B) LOS objects, 38% free, 25MB/41MB, paused 333us total 32.877ms
08-05 04:13:02.258   918  3188 I hubconnection: sensorhub said: 'set_bias 3: -14.4000, 0.0000, 0.0000'
08-05 04:13:02.280  1294  1294 W Atfwd_Sendcmd: AtCmdFwd service not published, waiting... retryCnt : 2
08-05 04:13:02.569  5381  5394 I art     : Starting a blocking GC Explicit
08-05 04:13:02.604  5381  5394 I art     : Explicit concurrent mark sweep GC freed 1322(76KB) AllocSpace objects, 1(20KB) LOS objects, 38% free, 25MB/41MB, paused 293us total 34.591ms
08-05 04:13:02.618  5381  5394 I art     : Starting a blocking GC Explicit
08-05 04:13:02.653  5381  5394 I art     : Explicit concurrent mark sweep GC freed 19(656B) AllocSpace objects, 0(0B) LOS objects, 38% free, 25MB/41MB, paused 288us total 34.442ms
08-05 04:13:02.667  5381  5394 I art     : Starting a blocking GC Explicit
08-05 04:13:02.697  5381  5394 I art     : Explicit concurrent mark sweep GC freed 4(160B) AllocSpace objects, 0(0B) LOS objects, 38% free, 25MB/41MB, paused 282us total 29.570ms
08-05 04:13:02.708  5381  5394 I art     : Starting a blocking GC Explicit
08-05 04:13:02.737  5381  5394 I art     : Explicit concurrent mark sweep GC freed 3(96B) AllocSpace objects, 0(0B) LOS objects, 38% free, 25MB/41MB, paused 390us total 29.152ms
08-05 04:13:02.748  5381  5394 I art     : Starting a blocking GC Explicit
08-05 04:13:02.777  5381  5394 I art     : Explicit concurrent mark sweep GC freed 3(96B) AllocSpace objects, 0(0B) LOS objects, 38% free, 25MB/41MB, paused 446us total 28.806ms
08-05 04:13:03.081  5381  5864 I art     : Starting a blocking GC Explicit
08-05 04:13:03.120  5381  5864 I art     : Explicit concurrent mark sweep GC freed 1293(75KB) AllocSpace objects, 1(20KB) LOS objects, 38% free, 25MB/41MB, paused 337us total 38.619ms
08-05 04:13:03.134  5381  5864 I art     : Starting a blocking GC Explicit
08-05 04:13:03.165  5381  5864 I art     : Explicit concurrent mark sweep GC freed 18(624B) AllocSpace objects, 0(0B) LOS objects, 38% free, 25MB/41MB, paused 310us total 30.034ms
08-05 04:13:03.176  5381  5864 I art     : Starting a blocking GC Explicit
08-05 04:13:03.206  5381  5864 I art     : Explicit concurrent mark sweep GC freed 3(96B) AllocSpace objects, 0(0B) LOS objects, 38% free, 25MB/41MB, paused 311us total 29.560ms
08-05 04:13:03.217  5381  5864 I art     : Starting a blocking GC Explicit
08-05 04:13:03.248  5381  5864 I art     : Explicit concurrent mark sweep GC freed 3(96B) AllocSpace objects, 0(0B) LOS objects, 38% free, 25MB/41MB, paused 319us total 30.005ms
08-05 04:13:03.259  5381  5864 I art     : Starting a blocking GC Explicit
08-05 04:13:03.289  5381  5864 I art     : Explicit concurrent mark sweep GC freed 3(96B) AllocSpace objects, 0(0B) LOS objects, 38% free, 25MB/41MB, paused 447us total 29.127ms
08-05 04:13:03.611  5381  5392 I art     : Starting a blocking GC Explicit
08-05 04:13:03.652  5381  5392 I art     : Explicit concurrent mark sweep GC freed 1293(75KB) AllocSpace objects, 1(20KB) LOS objects, 38% free, 25MB/41MB, paused 307us total 40.342ms
08-05 04:13:03.664  5381  5392 I art     : Starting a blocking GC Explicit
08-05 04:13:03.693  5381  5392 I art     : Explicit concurrent mark sweep GC freed 18(624B) AllocSpace objects, 0(0B) LOS objects, 38% free, 25MB/41MB, paused 305us total 28.371ms
08-05 04:13:03.704  5381  5392 I art     : Starting a blocking GC Explicit
08-05 04:13:03.734  5381  5392 I art     : Explicit concurrent mark sweep GC freed 3(96B) AllocSpace objects, 0(0B) LOS objects, 38% free, 25MB/41MB, paused 311us total 29.792ms
08-05 04:13:03.745  5381  5392 I art     : Starting a blocking GC Explicit
08-05 04:13:03.775  5381  5392 I art     : Explicit concurrent mark sweep GC freed 3(96B) AllocSpace objects, 0(0B) LOS objects, 38% free, 25MB/41MB, paused 314us total 29.626ms
08-05 04:13:03.787  5381  5392 I art     : Starting a blocking GC Explicit
08-05 04:13:03.817  5381  5392 I art     : Explicit concurrent mark sweep GC freed 3(96B) AllocSpace objects, 0(0B) LOS objects, 38% free, 25MB/41MB, paused 360us total 30.096ms
08-05 04:13:03.860 17099 17099 I Finsky  : [1] xow.onStartJob(3): SCH: onJobSchedulerWakeup with jobId 9011
08-05 04:13:03.870 17099 17099 I Finsky  : [1] xjw.a(9): Scheduling fallback in 43199998 (absolute: 1790587742)
08-05 04:13:03.874 17099 17099 I Finsky  : [1] xjw.a(9): Scheduling fallback in 64799997 (absolute: 1812187745)
08-05 04:13:03.880 17099 17099 I Finsky  : [1] xow.onStartJob(3): SCH: onJobSchedulerWakeup with jobId 9016
08-05 04:13:03.884 17099 17099 I Finsky  : [1] xjw.a(9): Scheduling fallback in 43199998 (absolute: 1790587756)
08-05 04:13:03.893 17099 17099 I Finsky  : [1] xjw.a(9): Scheduling fallback in 64799991 (absolute: 1812187759)
08-05 04:13:03.899 17099 17099 W Finsky  : [1] xow.onStartJob(9): SCH: onJobSchedulerWakeup while already running
08-05 04:13:04.051 17099 17099 I Finsky  : [1] xkf.handleMessage(8): SCH: DeviceState: DeviceState{currentTime=1596593584044, isCharging=false, isIdle=false, netAny=true, netNotRoaming=true, netUnmetered=true, batteryPercent=100.0}
08-05 04:13:04.056 17099  5354 I Finsky  : [6099] xmu.a(8): SCH: Jobs in database: 1-1337 3-201 3-202 12-1 24-77777777 26-1414141414 
08-05 04:13:04.060 17099 17099 I Finsky  : [1] xkg.a(16): SCH: Running job: 12-1
08-05 04:13:04.061 17099 17099 I Finsky  : [1] ContentSyncJob.a(16): [ContentSync] job started
08-05 04:13:04.063 17099 17099 I Finsky  : [1] xkf.handleMessage(61): SCH: RunningQueue size: 1, PendingQueue size: 0
08-05 04:13:04.064 17099 17099 I Finsky  : [1] xkf.handleMessage(64): SCH: Running queue: 12-1 
08-05 04:13:04.129  5381  5864 I art     : Starting a blocking GC Explicit
08-05 04:13:04.156 17099  5366 I Finsky  : [6103] dzn.a(22): Completed 0 account content syncs with 0 successful.
08-05 04:13:04.157 17099 17099 I Finsky  : [1] ContentSyncJob.a(1): [ContentSync] Installation state replication succeeded.
08-05 04:13:04.158 17099 17099 I Finsky  : [1] xlr.a(13): SCH: jobFinished: 12-1. TimeElapsed: 98ms.
08-05 04:13:04.158 17099 17099 I Finsky  : [1] xkg.a(36): SCH: Job 12-1 finished. Not rescheduling.
08-05 04:13:04.159 17099 17099 I Finsky  : [1] xkf.handleMessage(61): SCH: RunningQueue size: 0, PendingQueue size: 0
08-05 04:13:04.159  5381  5864 I art     : Explicit concurrent mark sweep GC freed 1392(79KB) AllocSpace objects, 1(20KB) LOS objects, 38% free, 25MB/41MB, paused 341us total 29.541ms
08-05 04:13:04.159 17099 17099 I Finsky  : [1] xkf.handleMessage(25): Executor finished
08-05 04:13:04.171  5381  5864 I art     : Starting a blocking GC Explicit
08-05 04:13:04.178 17099 17099 I Finsky  : [1] xmu.a(8): SCH: Jobs in database: 1-1337 3-201 3-202 24-77777777 26-1414141414 
08-05 04:13:04.180 17099 17099 I Finsky  : [1] xio.a(57): SCH: ConstraintMapping: 24-77777777,  -> L: 0ms, D: 61016339ms, C: false, I: true, N: 0
08-05 04:13:04.181 17099 17099 I Finsky  : [1] xio.a(57): SCH: ConstraintMapping: 1-1337,  -> L: 21168728ms, D: 64368728ms, C: false, I: false, N: 1
08-05 04:13:04.181 17099 17099 I Finsky  : [1] xio.a(57): SCH: ConstraintMapping: 3-201,  -> L: 0ms, D: 81110243ms, C: false, I: true, N: 2
08-05 04:13:04.182 17099 17099 I Finsky  : [1] xio.a(57): SCH: ConstraintMapping: 3-202,  -> L: 0ms, D: 81110308ms, C: true, I: true, N: 2
08-05 04:13:04.182 17099 17099 I Finsky  : [1] xio.a(57): SCH: ConstraintMapping: 26-1414141414,  -> L: 25806213ms, D: 26706213ms, C: false, I: false, N: 0
08-05 04:13:04.192 17099 17099 I Finsky  : [1] xle.a(34): Cancelling existing jobscheduler jobs: 9014 9015 9018 9001 9019 9017 9012 9013 
08-05 04:13:04.193 17099 17099 I Finsky  : [1] xle.a(10): Throttling wakeup for job 9000 (expected to run in 0 ms) due to recent wakeup
08-05 04:13:04.193 17099 17099 I Finsky  : [1] xle.a(27): Scheduling job Id: 9000, L: 30000, D: 61016339, C: false, I: true, N: 0
08-05 04:13:04.195 17099 17099 I Finsky  : [1] xle.a(27): Scheduling job Id: 9002, L: 21168728, D: 64368728, C: false, I: false, N: 1
08-05 04:13:04.196 17099 17099 I Finsky  : [1] xle.a(10): Throttling wakeup for job 9003 (expected to run in 0 ms) due to recent wakeup
08-05 04:13:04.196  5381  5864 I art     : Explicit concurrent mark sweep GC freed 22(912B) AllocSpace objects, 0(0B) LOS objects, 38% free, 25MB/41MB, paused 286us total 25.175ms
08-05 04:13:04.197 17099 17099 I Finsky  : [1] xle.a(27): Scheduling job Id: 9003, L: 30000, D: 81110243, C: false, I: true, N: 2
08-05 04:13:04.198 17099 17099 I Finsky  : [1] xle.a(10): Throttling wakeup for job 9004 (expected to run in 0 ms) due to recent wakeup
08-05 04:13:04.198 17099 17099 I Finsky  : [1] xle.a(27): Scheduling job Id: 9004, L: 30000, D: 81110308, C: true, I: true, N: 2
08-05 04:13:04.199 17099 17099 I Finsky  : [1] xle.a(27): Scheduling job Id: 9005, L: 25806213, D: 26706213, C: false, I: false, N: 0
08-05 04:13:04.201 17099 17099 I Finsky  : [1] xle.a(10): Throttling wakeup for job 9006 (expected to run in 0 ms) due to recent wakeup
08-05 04:13:04.201 17099 17099 I Finsky  : [1] xle.a(27): Scheduling job Id: 9006, L: 30000, D: 61016339, C: false, I: true, N: 0
08-05 04:13:04.202 17099 17099 I Finsky  : [1] xle.a(27): Scheduling job Id: 9007, L: 21168728, D: 64368728, C: false, I: false, N: 1
08-05 04:13:04.203 17099 17099 I Finsky  : [1] xle.a(10): Throttling wakeup for job 9008 (expected to run in 0 ms) due to recent wakeup
08-05 04:13:04.204 17099 17099 I Finsky  : [1] xle.a(27): Scheduling job Id: 9008, L: 30000, D: 81110243, C: false, I: true, N: 2
08-05 04:13:04.205 17099 17099 I Finsky  : [1] xle.a(10): Throttling wakeup for job 9009 (expected to run in 0 ms) due to recent wakeup
08-05 04:13:04.205 17099 17099 I Finsky  : [1] xle.a(27): Scheduling job Id: 9009, L: 30000, D: 81110308, C: true, I: true, N: 2
08-05 04:13:04.206  5381  5864 I art     : Starting a blocking GC Explicit
08-05 04:13:04.206 17099 17099 I Finsky  : [1] xle.a(27): Scheduling job Id: 9010, L: 25806213, D: 26706213, C: false, I: false, N: 0
08-05 04:13:04.232  5381  5864 I art     : Explicit concurrent mark sweep GC freed 150(10KB) AllocSpace objects, 0(0B) LOS objects, 38% free, 25MB/41MB, paused 312us total 25.908ms
08-05 04:13:04.242  5381  5864 I art     : Starting a blocking GC Explicit
08-05 04:13:04.269  5381  5864 I art     : Explicit concurrent mark sweep GC freed 3(96B) AllocSpace objects, 0(0B) LOS objects, 38% free, 25MB/41MB, paused 318us total 26.406ms
08-05 04:13:04.280  5381  5864 I art     : Starting a blocking GC Explicit
08-05 04:13:04.308  5381  5864 I art     : Explicit concurrent mark sweep GC freed 3(96B) AllocSpace objects, 0(0B) LOS objects, 38% free, 25MB/41MB, paused 313us total 28.240ms
08-05 04:13:04.483  5927  5927 D AndroidRuntime: >>>>>> START com.android.internal.os.RuntimeInit uid 2000 <<<<<<
08-05 04:13:04.488  5927  5927 D AndroidRuntime: CheckJNI is OFF
08-05 04:13:04.519  5927  5927 D ICU     : No timezone override file found: /data/misc/zoneinfo/current/icu/icu_tzdata.dat
08-05 04:13:04.551  5927  5927 I Radio-JNI: register_android_hardware_Radio DONE
08-05 04:13:04.573  5927  5927 D AndroidRuntime: Calling main entry com.android.commands.input.Input
08-05 04:13:04.574  5927  5927 I Input   : injectMotionEvent: MotionEvent { action=ACTION_DOWN, actionButton=0, id[0]=0, x[0]=1215.0, y[0]=1450.0, toolType[0]=TOOL_TYPE_UNKNOWN, buttonState=0, metaState=0, flags=0x0, edgeFlags=0x0, pointerCount=1, historySize=0, eventTime=764000987, downTime=764000987, deviceId=0, source=0x1002 }
08-05 04:13:04.578  5927  5927 I Input   : injectMotionEvent: MotionEvent { action=ACTION_UP, actionButton=0, id[0]=0, x[0]=1215.0, y[0]=1450.0, toolType[0]=TOOL_TYPE_UNKNOWN, buttonState=0, metaState=0, flags=0x0, edgeFlags=0x0, pointerCount=1, historySize=0, eventTime=764000987, downTime=764000987, deviceId=0, source=0x1002 }
08-05 04:13:04.582  5927  5927 D AndroidRuntime: Shutting down VM
08-05 04:13:04.585   512  2967 D audio_hw_primary: out_set_parameters: enter: usecase(1: low-latency-playback) kvpairs: routing=2
08-05 04:13:04.598   512  2967 D audio_hw_primary: select_devices: out_snd_device(2: speaker) in_snd_device(0: none)
08-05 04:13:04.598   512  2967 D msm8974_platform: platform_send_audio_calibration: sending audio calibration for snd_device(2) acdb_id(15)
08-05 04:13:04.599   512  2967 I soundtrigger: audio_extn_sound_trigger_update_device_status: device 0x2 of type 0 for Event 1
08-05 04:13:04.611   512  2967 D audio_hw_primary: enable_snd_device: snd_device(2: speaker)
08-05 04:13:04.613   512  2967 D audio_hw_primary: enable_audio_route: apply and update mixer path: low-latency-playback speaker
08-05 04:13:04.616  5381  5401 I art     : Starting a blocking GC Explicit
08-05 04:13:04.643  5381  5401 I art     : Explicit concurrent mark sweep GC freed 1648(107KB) AllocSpace objects, 1(20KB) LOS objects, 38% free, 25MB/41MB, paused 301us total 26.961ms
08-05 04:13:04.655  5381  5401 I art     : Starting a blocking GC Explicit
08-05 04:13:04.682  5381  5401 I art     : Explicit concurrent mark sweep GC freed 273(16KB) AllocSpace objects, 0(0B) LOS objects, 38% free, 25MB/41MB, paused 290us total 27.039ms
08-05 04:13:04.693  5381  5401 I art     : Starting a blocking GC Explicit
08-05 04:13:04.720  5381  5401 I art     : Explicit concurrent mark sweep GC freed 834(61KB) AllocSpace objects, 1(40KB) LOS objects, 38% free, 25MB/41MB, paused 347us total 27.067ms
08-05 04:13:04.733  5381  5401 I art     : Starting a blocking GC Explicit
08-05 04:13:04.764  5381  5401 I art     : Explicit concurrent mark sweep GC freed 3(96B) AllocSpace objects, 0(0B) LOS objects, 38% free, 25MB/41MB, paused 285us total 31.033ms
08-05 04:13:04.779  5381  5401 I art     : Starting a blocking GC Explicit
08-05 04:13:04.814  5381  5401 I art     : Explicit concurrent mark sweep GC freed 3(96B) AllocSpace objects, 0(0B) LOS objects, 38% free, 25MB/41MB, paused 287us total 34.477ms
08-05 04:13:05.092  5381  5394 I art     : Starting a blocking GC Explicit
08-05 04:13:05.125  5381  5394 I art     : Explicit concurrent mark sweep GC freed 1294(75KB) AllocSpace objects, 1(20KB) LOS objects, 38% free, 25MB/41MB, paused 337us total 32.607ms
08-05 04:13:05.141  5381  5394 I art     : Starting a blocking GC Explicit
08-05 04:13:05.149   512  2967 D audio_hw_primary: disable_audio_route: reset and update mixer path: low-latency-playback speaker
08-05 04:13:05.151   512  2967 D audio_hw_primary: disable_snd_device: snd_device(2: speaker)
08-05 04:13:05.158   512  2967 I soundtrigger: audio_extn_sound_trigger_update_device_status: device 0x2 of type 0 for Event 0
08-05 04:13:05.169  5381  5394 I art     : Explicit concurrent mark sweep GC freed 18(624B) AllocSpace objects, 0(0B) LOS objects, 38% free, 25MB/41MB, paused 301us total 28.099ms
08-05 04:13:05.181  5381  5394 I art     : Starting a blocking GC Explicit
08-05 04:13:05.209  5381  5394 I art     : Explicit concurrent mark sweep GC freed 3(96B) AllocSpace objects, 0(0B) LOS objects, 38% free, 25MB/41MB, paused 305us total 27.844ms
08-05 04:13:05.219  5381  5394 I art     : Starting a blocking GC Explicit
08-05 04:13:05.249  5381  5394 I art     : Explicit concurrent mark sweep GC freed 3(96B) AllocSpace objects, 0(0B) LOS objects, 38% free, 25MB/41MB, paused 346us total 29.062ms
08-05 04:13:05.260  5381  5394 I art     : Starting a blocking GC Explicit
08-05 04:13:05.290  5381  5394 I art     : Explicit concurrent mark sweep GC freed 5(176B) AllocSpace objects, 0(0B) LOS objects, 38% free, 25MB/41MB, paused 316us total 29.469ms
08-05 04:13:05.600  5381  5864 I art     : Starting a blocking GC Explicit
08-05 04:13:05.633  5381  5864 I art     : Explicit concurrent mark sweep GC freed 1293(75KB) AllocSpace objects, 1(20KB) LOS objects, 38% free, 25MB/41MB, paused 319us total 32.892ms
08-05 04:13:05.644  5381  5864 I art     : Starting a blocking GC Explicit
08-05 04:13:05.675  5381  5864 I art     : Explicit concurrent mark sweep GC freed 18(624B) AllocSpace objects, 0(0B) LOS objects, 38% free, 25MB/41MB, paused 311us total 30.338ms
08-05 04:13:05.687  5381  5864 I art     : Starting a blocking GC Explicit
08-05 04:13:05.716  5381  5864 I art     : Explicit concurrent mark sweep GC freed 3(96B) AllocSpace objects, 0(0B) LOS objects, 38% free, 25MB/41MB, paused 315us total 29.525ms
08-05 04:13:05.728  5381  5864 I art     : Starting a blocking GC Explicit
08-05 04:13:05.758  5381  5864 I art     : Explicit concurrent mark sweep GC freed 3(96B) AllocSpace objects, 0(0B) LOS objects, 38% free, 25MB/41MB, paused 324us total 29.506ms
08-05 04:13:05.769  5381  5864 I art     : Starting a blocking GC Explicit
08-05 04:13:05.799  5381  5864 I art     : Explicit concurrent mark sweep GC freed 3(96B) AllocSpace objects, 0(0B) LOS objects, 38% free, 25MB/41MB, paused 313us total 29.925ms
08-05 04:13:06.077  5381  5401 I art     : Starting a blocking GC Explicit
08-05 04:13:06.107  5381  5401 I art     : Explicit concurrent mark sweep GC freed 1293(75KB) AllocSpace objects, 1(20KB) LOS objects, 38% free, 25MB/41MB, paused 396us total 30.517ms
08-05 04:13:06.119  5381  5401 I art     : Starting a blocking GC Explicit
08-05 04:13:06.148  5381  5401 I art     : Explicit concurrent mark sweep GC freed 18(624B) AllocSpace objects, 0(0B) LOS objects, 38% free, 25MB/41MB, paused 327us total 29.190ms
08-05 04:13:06.160  5381  5401 I art     : Starting a blocking GC Explicit
08-05 04:13:06.188  5381  5401 I art     : Explicit concurrent mark sweep GC freed 3(96B) AllocSpace objects, 0(0B) LOS objects, 38% free, 25MB/41MB, paused 318us total 28.100ms
08-05 04:13:06.199  5381  5401 I art     : Starting a blocking GC Explicit
08-05 04:13:06.229  5381  5401 I art     : Explicit concurrent mark sweep GC freed 4(128B) AllocSpace objects, 0(0B) LOS objects, 38% free, 25MB/41MB, paused 315us total 29.933ms
08-05 04:13:06.242  5381  5401 I art     : Starting a blocking GC Explicit
08-05 04:13:06.243  5972  5972 D AndroidRuntime: >>>>>> START com.android.internal.os.RuntimeInit uid 2000 <<<<<<
08-05 04:13:06.250  5972  5972 D AndroidRuntime: CheckJNI is OFF
08-05 04:13:06.274  5381  5401 I art     : Explicit concurrent mark sweep GC freed 8(256B) AllocSpace objects, 0(0B) LOS objects, 38% free, 25MB/41MB, paused 352us total 31.451ms
08-05 04:13:06.291  5972  5972 D ICU     : No timezone override file found: /data/misc/zoneinfo/current/icu/icu_tzdata.dat
08-05 04:13:06.323  5972  5972 I Radio-JNI: register_android_hardware_Radio DONE
08-05 04:13:06.344  5972  5972 D AndroidRuntime: Calling main entry com.android.commands.input.Input
08-05 04:13:06.347  5972  5972 I Input   : injectMotionEvent: MotionEvent { action=ACTION_DOWN, actionButton=0, id[0]=0, x[0]=1215.0, y[0]=1482.0, toolType[0]=TOOL_TYPE_UNKNOWN, buttonState=0, metaState=0, flags=0x0, edgeFlags=0x0, pointerCount=1, historySize=0, eventTime=764002759, downTime=764002759, deviceId=0, source=0x1002 }
08-05 04:13:06.354  5972  5972 I Input   : injectMotionEvent: MotionEvent { action=ACTION_UP, actionButton=0, id[0]=0, x[0]=1215.0, y[0]=1482.0, toolType[0]=TOOL_TYPE_UNKNOWN, buttonState=0, metaState=0, flags=0x0, edgeFlags=0x0, pointerCount=1, historySize=0, eventTime=764002759, downTime=764002759, deviceId=0, source=0x1002 }
08-05 04:13:06.356  5972  5972 D AndroidRuntime: Shutting down VM
08-05 04:13:06.369   512  2967 D audio_hw_primary: out_set_parameters: enter: usecase(1: low-latency-playback) kvpairs: routing=2
08-05 04:13:06.382   512  2967 D audio_hw_primary: select_devices: out_snd_device(2: speaker) in_snd_device(0: none)
08-05 04:13:06.382   512  2967 D msm8974_platform: platform_send_audio_calibration: sending audio calibration for snd_device(2) acdb_id(15)
08-05 04:13:06.382   512  2967 I soundtrigger: audio_extn_sound_trigger_update_device_status: device 0x2 of type 0 for Event 1
08-05 04:13:06.383  5381  5381 I SettingsManager: Setting boolean: completedTutorial
08-05 04:13:06.390   918  6110 W BackupManagerService: dataChanged but no participant pkg='baseline.com.ak.uobtimetable' uid=10684
08-05 04:13:06.394  5381  5396 D OpenGLRenderer: endAllStagingAnimators on 0x7f94a46400 (RippleDrawable) with handle 0x7f7802a1e0
08-05 04:13:06.395   512  2967 D audio_hw_primary: enable_snd_device: snd_device(2: speaker)
08-05 04:13:06.398   512  2967 D audio_hw_primary: enable_audio_route: apply and update mixer path: low-latency-playback speaker
08-05 04:13:06.406   918  6112 W InputMethodManagerService: Window already focused, ignoring focus gain of: com.android.internal.view.IInputMethodClient$Stub$Proxy@62f10ec attribute=null, token = android.os.BinderProxy@6beb492
08-05 04:13:06.534  5381  5864 I art     : Starting a blocking GC Explicit
08-05 04:13:06.566  5381  5864 I art     : Explicit concurrent mark sweep GC freed 1752(109KB) AllocSpace objects, 2(40KB) LOS objects, 38% free, 25MB/41MB, paused 330us total 32.266ms
08-05 04:13:06.580  5381  5864 I art     : Starting a blocking GC Explicit
08-05 04:13:06.610  5381  5864 I art     : Explicit concurrent mark sweep GC freed 1024(69KB) AllocSpace objects, 1(40KB) LOS objects, 38% free, 25MB/41MB, paused 290us total 29.215ms
08-05 04:13:06.620  5381  5864 I art     : Starting a blocking GC Explicit
08-05 04:13:06.647  5381  5864 I art     : Explicit concurrent mark sweep GC freed 3(96B) AllocSpace objects, 0(0B) LOS objects, 38% free, 25MB/41MB, paused 330us total 26.732ms
08-05 04:13:06.657  5381  5864 I art     : Starting a blocking GC Explicit
08-05 04:13:06.683  5381  5864 I art     : Explicit concurrent mark sweep GC freed 3(96B) AllocSpace objects, 0(0B) LOS objects, 38% free, 25MB/41MB, paused 303us total 25.154ms
08-05 04:13:06.693  5381  5864 I art     : Starting a blocking GC Explicit
08-05 04:13:06.720  5381  5864 I art     : Explicit concurrent mark sweep GC freed 3(96B) AllocSpace objects, 0(0B) LOS objects, 38% free, 25MB/41MB, paused 310us total 26.580ms
08-05 04:13:06.949   512  2967 D audio_hw_primary: disable_audio_route: reset and update mixer path: low-latency-playback speaker
08-05 04:13:06.951   512  2967 D audio_hw_primary: disable_snd_device: snd_device(2: speaker)
08-05 04:13:06.958   512  2967 I soundtrigger: audio_extn_sound_trigger_update_device_status: device 0x2 of type 0 for Event 0
08-05 04:13:07.002  5381  5394 I art     : Starting a blocking GC Explicit
08-05 04:13:07.035  5381  5394 I art     : Explicit concurrent mark sweep GC freed 1293(75KB) AllocSpace objects, 1(20KB) LOS objects, 38% free, 25MB/41MB, paused 349us total 32.488ms
08-05 04:13:07.052  5381  5394 I art     : Starting a blocking GC Explicit
08-05 04:13:07.080  5381  5394 I art     : Explicit concurrent mark sweep GC freed 18(624B) AllocSpace objects, 0(0B) LOS objects, 38% free, 25MB/41MB, paused 332us total 28.347ms
08-05 04:13:07.091  5381  5394 I art     : Starting a blocking GC Explicit
08-05 04:13:07.119  5381  5394 I art     : Explicit concurrent mark sweep GC freed 3(96B) AllocSpace objects, 0(0B) LOS objects, 38% free, 25MB/41MB, paused 288us total 27.991ms
08-05 04:13:07.130  5381  5394 I art     : Starting a blocking GC Explicit
08-05 04:13:07.159  5381  5394 I art     : Explicit concurrent mark sweep GC freed 3(96B) AllocSpace objects, 0(0B) LOS objects, 38% free, 25MB/41MB, paused 356us total 28.754ms
08-05 04:13:07.171  5381  5394 I art     : Starting a blocking GC Explicit
08-05 04:13:07.200  5381  5394 I art     : Explicit concurrent mark sweep GC freed 3(96B) AllocSpace objects, 0(0B) LOS objects, 38% free, 25MB/41MB, paused 319us total 29.372ms
08-05 04:13:07.495  5381  5392 I art     : Starting a blocking GC Explicit
08-05 04:13:07.531  5381  5392 I art     : Explicit concurrent mark sweep GC freed 1293(75KB) AllocSpace objects, 1(20KB) LOS objects, 38% free, 25MB/41MB, paused 322us total 35.818ms
08-05 04:13:07.542  5381  5392 I art     : Starting a blocking GC Explicit
08-05 04:13:07.572  5381  5392 I art     : Explicit concurrent mark sweep GC freed 18(624B) AllocSpace objects, 0(0B) LOS objects, 38% free, 25MB/41MB, paused 304us total 29.007ms
08-05 04:13:07.583  5381  5392 I art     : Starting a blocking GC Explicit
08-05 04:13:07.610  5381  5392 I art     : Explicit concurrent mark sweep GC freed 3(96B) AllocSpace objects, 0(0B) LOS objects, 38% free, 25MB/41MB, paused 294us total 27.274ms
08-05 04:13:07.621  5381  5392 I art     : Starting a blocking GC Explicit
08-05 04:13:07.649  5381  5392 I art     : Explicit concurrent mark sweep GC freed 3(96B) AllocSpace objects, 0(0B) LOS objects, 38% free, 25MB/41MB, paused 315us total 27.880ms
08-05 04:13:07.660  5381  5392 I art     : Starting a blocking GC Explicit
08-05 04:13:07.688  5381  5392 I art     : Explicit concurrent mark sweep GC freed 3(96B) AllocSpace objects, 0(0B) LOS objects, 38% free, 25MB/41MB, paused 321us total 27.422ms
08-05 04:13:07.979  5381  5401 I art     : Starting a blocking GC Explicit
08-05 04:13:08.002  6026  6026 D AndroidRuntime: >>>>>> START com.android.internal.os.RuntimeInit uid 2000 <<<<<<
08-05 04:13:08.007  6026  6026 D AndroidRuntime: CheckJNI is OFF
08-05 04:13:08.009  5381  5401 I art     : Explicit concurrent mark sweep GC freed 1293(75KB) AllocSpace objects, 1(20KB) LOS objects, 38% free, 25MB/41MB, paused 356us total 29.856ms
08-05 04:13:08.021  5381  5401 I art     : Starting a blocking GC Explicit
08-05 04:13:08.043  6026  6026 D ICU     : No timezone override file found: /data/misc/zoneinfo/current/icu/icu_tzdata.dat
08-05 04:13:08.049  5381  5401 I art     : Explicit concurrent mark sweep GC freed 18(624B) AllocSpace objects, 0(0B) LOS objects, 38% free, 25MB/41MB, paused 307us total 27.753ms
08-05 04:13:08.060  5381  5401 I art     : Starting a blocking GC Explicit
08-05 04:13:08.079  6026  6026 I Radio-JNI: register_android_hardware_Radio DONE
08-05 04:13:08.087  5381  5401 I art     : Explicit concurrent mark sweep GC freed 3(96B) AllocSpace objects, 0(0B) LOS objects, 38% free, 25MB/41MB, paused 357us total 27.065ms
08-05 04:13:08.098  5381  5401 I art     : Starting a blocking GC Explicit
08-05 04:13:08.101  6026  6026 D AndroidRuntime: Calling main entry com.android.commands.input.Input
08-05 04:13:08.103  6026  6026 I Input   : injectMotionEvent: MotionEvent { action=ACTION_DOWN, actionButton=0, id[0]=0, x[0]=81.0, y[0]=176.0, toolType[0]=TOOL_TYPE_UNKNOWN, buttonState=0, metaState=0, flags=0x0, edgeFlags=0x0, pointerCount=1, historySize=0, eventTime=764004516, downTime=764004516, deviceId=0, source=0x1002 }
08-05 04:13:08.109  6026  6026 I Input   : injectMotionEvent: MotionEvent { action=ACTION_UP, actionButton=0, id[0]=0, x[0]=81.0, y[0]=176.0, toolType[0]=TOOL_TYPE_UNKNOWN, buttonState=0, metaState=0, flags=0x0, edgeFlags=0x0, pointerCount=1, historySize=0, eventTime=764004516, downTime=764004516, deviceId=0, source=0x1002 }
08-05 04:13:08.110  6026  6026 D AndroidRuntime: Shutting down VM
08-05 04:13:08.118   512  2967 D audio_hw_primary: out_set_parameters: enter: usecase(1: low-latency-playback) kvpairs: routing=2
08-05 04:13:08.126  5381  5401 I art     : Explicit concurrent mark sweep GC freed 27(976B) AllocSpace objects, 0(0B) LOS objects, 38% free, 25MB/41MB, paused 353us total 27.136ms
08-05 04:13:08.131   512  2967 D audio_hw_primary: select_devices: out_snd_device(2: speaker) in_snd_device(0: none)
08-05 04:13:08.131   512  2967 D msm8974_platform: platform_send_audio_calibration: sending audio calibration for snd_device(2) acdb_id(15)
08-05 04:13:08.131   512  2967 I soundtrigger: audio_extn_sound_trigger_update_device_status: device 0x2 of type 0 for Event 1
08-05 04:13:08.137  5381  5401 I art     : Starting a blocking GC Explicit
08-05 04:13:08.143   512  2967 D audio_hw_primary: enable_snd_device: snd_device(2: speaker)
08-05 04:13:08.145   512  2967 D audio_hw_primary: enable_audio_route: apply and update mixer path: low-latency-playback speaker
08-05 04:13:08.163  5381  5401 I art     : Explicit concurrent mark sweep GC freed 24(976B) AllocSpace objects, 0(0B) LOS objects, 38% free, 25MB/41MB, paused 372us total 26.218ms
08-05 04:13:08.175 13866 13866 I GoogleInputMethodServic: GoogleInputMethodService.onFinishInput():3138 
08-05 04:13:08.176 13866 13866 I GoogleInputMethodServic: GoogleInputMethodService.onStartInput():1808 
08-05 04:13:08.420  5381  5864 I art     : Starting a blocking GC Explicit
08-05 04:13:08.451  5381  5864 I art     : Explicit concurrent mark sweep GC freed 1670(95KB) AllocSpace objects, 1(20KB) LOS objects, 38% free, 25MB/41MB, paused 320us total 30.439ms
08-05 04:13:08.462  5381  5864 I art     : Starting a blocking GC Explicit
08-05 04:13:08.488  5381  5864 I art     : Explicit concurrent mark sweep GC freed 32(1232B) AllocSpace objects, 0(0B) LOS objects, 38% free, 25MB/41MB, paused 332us total 25.659ms
08-05 04:13:08.498  5381  5864 I art     : Starting a blocking GC Explicit
08-05 04:13:08.524  5381  5864 I art     : Explicit concurrent mark sweep GC freed 5(192B) AllocSpace objects, 0(0B) LOS objects, 38% free, 25MB/41MB, paused 280us total 25.310ms
08-05 04:13:08.534  5381  5864 I art     : Starting a blocking GC Explicit
08-05 04:13:08.560  5381  5864 I art     : Explicit concurrent mark sweep GC freed 6(192B) AllocSpace objects, 0(0B) LOS objects, 38% free, 25MB/41MB, paused 279us total 25.378ms
08-05 04:13:08.570  5381  5864 I art     : Starting a blocking GC Explicit
08-05 04:13:08.598  5381  5864 I art     : Explicit concurrent mark sweep GC freed 3(96B) AllocSpace objects, 0(0B) LOS objects, 38% free, 25MB/41MB, paused 315us total 27.822ms
08-05 04:13:08.680   512  2967 D audio_hw_primary: disable_audio_route: reset and update mixer path: low-latency-playback speaker
08-05 04:13:08.682   512  2967 D audio_hw_primary: disable_snd_device: snd_device(2: speaker)
08-05 04:13:08.690   512  2967 I soundtrigger: audio_extn_sound_trigger_update_device_status: device 0x2 of type 0 for Event 0
08-05 04:13:08.885  5381  5394 I art     : Starting a blocking GC Explicit
08-05 04:13:08.916  5381  5394 I art     : Explicit concurrent mark sweep GC freed 1293(75KB) AllocSpace objects, 1(20KB) LOS objects, 38% free, 25MB/41MB, paused 321us total 30.429ms
08-05 04:13:08.931  5381  5394 I art     : Starting a blocking GC Explicit
08-05 04:13:08.964  5381  5394 I art     : Explicit concurrent mark sweep GC freed 20(688B) AllocSpace objects, 0(0B) LOS objects, 38% free, 25MB/41MB, paused 403us total 32.437ms
08-05 04:13:08.976  5381  5394 I art     : Starting a blocking GC Explicit
08-05 04:13:09.004  5381  5394 I art     : Explicit concurrent mark sweep GC freed 3(96B) AllocSpace objects, 0(0B) LOS objects, 38% free, 25MB/41MB, paused 307us total 28.142ms
08-05 04:13:09.015  5381  5394 I art     : Starting a blocking GC Explicit
08-05 04:13:09.044  5381  5394 I art     : Explicit concurrent mark sweep GC freed 3(96B) AllocSpace objects, 0(0B) LOS objects, 38% free, 25MB/41MB, paused 320us total 28.622ms
08-05 04:13:09.055  5381  5394 I art     : Starting a blocking GC Explicit
08-05 04:13:09.085  5381  5394 I art     : Explicit concurrent mark sweep GC freed 3(96B) AllocSpace objects, 0(0B) LOS objects, 38% free, 25MB/41MB, paused 318us total 29.587ms
08-05 04:13:09.380  5381  5392 I art     : Starting a blocking GC Explicit
08-05 04:13:09.410  5381  5392 I art     : Explicit concurrent mark sweep GC freed 1293(75KB) AllocSpace objects, 1(20KB) LOS objects, 38% free, 25MB/41MB, paused 348us total 29.876ms
08-05 04:13:09.422  5381  5392 I art     : Starting a blocking GC Explicit
08-05 04:13:09.451  5381  5392 I art     : Explicit concurrent mark sweep GC freed 18(624B) AllocSpace objects, 0(0B) LOS objects, 38% free, 25MB/41MB, paused 317us total 29.439ms
08-05 04:13:09.462  5381  5392 I art     : Starting a blocking GC Explicit
08-05 04:13:09.490  5381  5392 I art     : Explicit concurrent mark sweep GC freed 3(96B) AllocSpace objects, 0(0B) LOS objects, 38% free, 25MB/41MB, paused 305us total 27.794ms
08-05 04:13:09.501  5381  5392 I art     : Starting a blocking GC Explicit
08-05 04:13:09.529  5381  5392 I art     : Explicit concurrent mark sweep GC freed 3(96B) AllocSpace objects, 0(0B) LOS objects, 38% free, 25MB/41MB, paused 303us total 27.097ms
08-05 04:13:09.539  5381  5392 I art     : Starting a blocking GC Explicit
08-05 04:13:09.568  5381  5392 I art     : Explicit concurrent mark sweep GC freed 3(96B) AllocSpace objects, 0(0B) LOS objects, 38% free, 25MB/41MB, paused 363us total 28.280ms
08-05 04:13:09.768  6082  6082 D AndroidRuntime: >>>>>> START com.android.internal.os.RuntimeInit uid 2000 <<<<<<
08-05 04:13:09.773  6082  6082 D AndroidRuntime: CheckJNI is OFF
08-05 04:13:09.805  6082  6082 D ICU     : No timezone override file found: /data/misc/zoneinfo/current/icu/icu_tzdata.dat
08-05 04:13:09.837  6082  6082 I Radio-JNI: register_android_hardware_Radio DONE
08-05 04:13:09.845  5381  5392 I art     : Starting a blocking GC Explicit
08-05 04:13:09.860  6082  6082 D AndroidRuntime: Calling main entry com.android.commands.input.Input
08-05 04:13:09.862  6082  6082 I Input   : injectMotionEvent: MotionEvent { action=ACTION_DOWN, actionButton=0, id[0]=0, x[0]=436.0, y[0]=1770.0, toolType[0]=TOOL_TYPE_UNKNOWN, buttonState=0, metaState=0, flags=0x0, edgeFlags=0x0, pointerCount=1, historySize=0, eventTime=764006275, downTime=764006275, deviceId=0, source=0x1002 }
08-05 04:13:09.866  6082  6082 I Input   : injectMotionEvent: MotionEvent { action=ACTION_UP, actionButton=0, id[0]=0, x[0]=436.0, y[0]=1770.0, toolType[0]=TOOL_TYPE_UNKNOWN, buttonState=0, metaState=0, flags=0x0, edgeFlags=0x0, pointerCount=1, historySize=0, eventTime=764006275, downTime=764006275, deviceId=0, source=0x1002 }
08-05 04:13:09.868  6082  6082 D AndroidRuntime: Shutting down VM
08-05 04:13:09.871  5381  5381 D MainActivity: NavigationItemSelected: Courses
08-05 04:13:09.872   918  5132 I ActivityManager: START u0 {cmp=baseline.com.ak.uobtimetable/.CourseListActivity} from uid 10684 on display 0
08-05 04:13:09.874   512  2967 D audio_hw_primary: out_set_parameters: enter: usecase(1: low-latency-playback) kvpairs: routing=2
08-05 04:13:09.876  5381  5392 I art     : Explicit concurrent mark sweep GC freed 1330(77KB) AllocSpace objects, 1(20KB) LOS objects, 38% free, 25MB/41MB, paused 615us total 31.215ms
08-05 04:13:09.887   512  2967 D audio_hw_primary: select_devices: out_snd_device(2: speaker) in_snd_device(0: none)
08-05 04:13:09.887   512  2967 D msm8974_platform: platform_send_audio_calibration: sending audio calibration for snd_device(2) acdb_id(15)
08-05 04:13:09.887   512  2967 I soundtrigger: audio_extn_sound_trigger_update_device_status: device 0x2 of type 0 for Event 1
08-05 04:13:09.889  5381  5392 I art     : Starting a blocking GC Explicit
08-05 04:13:09.897   512  2967 D audio_hw_primary: enable_snd_device: snd_device(2: speaker)
08-05 04:13:09.899   512  2967 D audio_hw_primary: enable_audio_route: apply and update mixer path: low-latency-playback speaker
08-05 04:13:09.901  5381  5381 D MainActivity: OnPause
08-05 04:13:09.917  5381  5392 I art     : Explicit concurrent mark sweep GC freed 704(34KB) AllocSpace objects, 0(0B) LOS objects, 38% free, 25MB/41MB, paused 705us total 28.268ms
08-05 04:13:09.927  5381  5392 I art     : Starting a blocking GC Explicit
08-05 04:13:09.931  5381  5381 D CourseListActivity: onCreate
08-05 04:13:09.933  5381  6106 D HTTP    : Request for: https://uob-timetable-api.adriankeenan.co.uk/courses
08-05 04:13:09.954  5381  5392 I art     : Explicit concurrent mark sweep GC freed 2053(111KB) AllocSpace objects, 0(0B) LOS objects, 38% free, 25MB/41MB, paused 376us total 26.626ms
08-05 04:13:09.964  5381  5392 I art     : Starting a blocking GC Explicit
08-05 04:13:09.991  5381  5392 I art     : Explicit concurrent mark sweep GC freed 468(26KB) AllocSpace objects, 0(0B) LOS objects, 38% free, 25MB/41MB, paused 373us total 27.173ms
08-05 04:13:09.993   918   936 I ActivityManager: Displayed baseline.com.ak.uobtimetable/.CourseListActivity: +91ms
08-05 04:13:09.993 13866 13866 I GoogleInputMethodServic: GoogleInputMethodService.onFinishInput():3138 
08-05 04:13:09.994 13866 13866 I GoogleInputMethodServic: GoogleInputMethodService.onStartInput():1808 
08-05 04:13:10.003  5381  5392 I art     : Starting a blocking GC Explicit
08-05 04:13:10.032  5381  5392 I art     : Explicit concurrent mark sweep GC freed 68(3KB) AllocSpace objects, 0(0B) LOS objects, 38% free, 25MB/41MB, paused 377us total 29.105ms
08-05 04:13:10.246  5381  6106 I NAPPA_EXPERIMENTATION: MetricNetworkRequestExecutionTime: REQUEST_DURATION_SYSTEM='313',REQUEST_DURATION_OKHTTP='40',REQUEST_SYNCHRONOUS='TRUE',RESPONSE_CODE='200',RESPONSE_METHOD='GET',RESPONSE_LENGTH_OKHTTP='-1',RESPONSE_LENGTH_HEADER='-2',REQUEST_PROTOCOL='http/1.1',REQUEST_URL='https://uob-timetable-api.adriankeenan.co.uk/courses',
08-05 04:13:10.303  5381  5864 I art     : Starting a blocking GC Explicit
08-05 04:13:10.331  5381  5864 I art     : Explicit concurrent mark sweep GC freed 3977(226KB) AllocSpace objects, 4(220KB) LOS objects, 33% free, 31MB/47MB, paused 336us total 26.861ms
08-05 04:13:10.341  5381  5864 I art     : Starting a blocking GC Explicit
08-05 04:13:10.370  5381  5864 I art     : Explicit concurrent mark sweep GC freed 969(117KB) AllocSpace objects, 0(0B) LOS objects, 31% free, 34MB/50MB, paused 538us total 28.557ms
08-05 04:13:10.371  5381  5381 D MainActivity: Saving state
08-05 04:13:10.371  5381  5381 D MainActivity: Saving current fragment: SessionListsFragment
08-05 04:13:10.372  5381  5381 D MainActivity: Saving current index: 2
08-05 04:13:10.373  5381  5381 D SessionListsFragment: Saving state
08-05 04:13:10.381  5381  5864 I art     : Starting a blocking GC Explicit
08-05 04:13:10.408  5381  5864 I art     : Explicit concurrent mark sweep GC freed 224(10KB) AllocSpace objects, 0(0B) LOS objects, 30% free, 36MB/52MB, paused 355us total 26.357ms
08-05 04:13:10.418  5381  5864 I art     : Starting a blocking GC Explicit
08-05 04:13:10.438   512  2967 D audio_hw_primary: disable_audio_route: reset and update mixer path: low-latency-playback speaker
08-05 04:13:10.439   512  2967 D audio_hw_primary: disable_snd_device: snd_device(2: speaker)
08-05 04:13:10.446   512  2967 I soundtrigger: audio_extn_sound_trigger_update_device_status: device 0x2 of type 0 for Event 0
08-05 04:13:10.446  5381  5864 I art     : Explicit concurrent mark sweep GC freed 1947(11MB) AllocSpace objects, 0(0B) LOS objects, 24% free, 48MB/64MB, paused 368us total 27.938ms
08-05 04:13:10.456  5381  5864 I art     : Starting a blocking GC Explicit
08-05 04:13:10.482  5381  5864 I art     : Explicit concurrent mark sweep GC freed 23(12KB) AllocSpace objects, 0(0B) LOS objects, 24% free, 48MB/64MB, paused 356us total 25.498ms
08-05 04:13:10.615  5381  6106 I HTTP    : Response was compressed.
08-05 04:13:10.762  5381  5392 I art     : Starting a blocking GC Explicit
08-05 04:13:10.797  5381  5392 I art     : Explicit concurrent mark sweep GC freed 43049(2MB) AllocSpace objects, 0(0B) LOS objects, 27% free, 41MB/57MB, paused 551us total 34.937ms
08-05 04:13:10.809  5381  5392 I art     : Starting a blocking GC Explicit
08-05 04:13:10.841  5381  5392 I art     : Explicit concurrent mark sweep GC freed 24336(1139KB) AllocSpace objects, 0(0B) LOS objects, 27% free, 41MB/57MB, paused 675us total 31.755ms
08-05 04:13:10.852  5381  5392 I art     : Starting a blocking GC Explicit
08-05 04:13:10.885  5381  5392 I art     : Explicit concurrent mark sweep GC freed 24081(1132KB) AllocSpace objects, 0(0B) LOS objects, 27% free, 41MB/57MB, paused 557us total 32.588ms
08-05 04:13:10.896  5381  5392 I art     : Starting a blocking GC Explicit
08-05 04:13:10.929  5381  5392 I art     : Explicit concurrent mark sweep GC freed 23069(1090KB) AllocSpace objects, 0(0B) LOS objects, 27% free, 42MB/58MB, paused 594us total 32.240ms
08-05 04:13:10.940  5381  5392 I art     : Starting a blocking GC Explicit
08-05 04:13:10.973  5381  5392 I art     : Explicit concurrent mark sweep GC freed 24354(1130KB) AllocSpace objects, 0(0B) LOS objects, 27% free, 42MB/58MB, paused 704us total 33.205ms
08-05 04:13:11.258  5381  5392 I art     : Starting a blocking GC Explicit
08-05 04:13:11.309  5381  5392 I art     : Explicit concurrent mark sweep GC freed 174257(8MB) AllocSpace objects, 1(20KB) LOS objects, 26% free, 43MB/59MB, paused 551us total 51.136ms
08-05 04:13:11.322  5381  5392 I art     : Starting a blocking GC Explicit
08-05 04:13:11.360  5381  5392 I art     : Explicit concurrent mark sweep GC freed 33537(1583KB) AllocSpace objects, 0(0B) LOS objects, 26% free, 43MB/59MB, paused 643us total 37.376ms
08-05 04:13:11.372  5381  5392 I art     : Starting a blocking GC Explicit
08-05 04:13:11.411  5381  5392 I art     : Explicit concurrent mark sweep GC freed 27945(1306KB) AllocSpace objects, 0(0B) LOS objects, 26% free, 43MB/59MB, paused 727us total 38.203ms
08-05 04:13:11.424  5381  5392 I art     : Starting a blocking GC Explicit
08-05 04:13:11.462  5381  5392 I art     : Explicit concurrent mark sweep GC freed 27690(1322KB) AllocSpace objects, 0(0B) LOS objects, 26% free, 44MB/60MB, paused 761us total 38.308ms
08-05 04:13:11.475  5381  5392 I art     : Starting a blocking GC Explicit
08-05 04:13:11.514  5381  5392 I art     : Explicit concurrent mark sweep GC freed 28405(1333KB) AllocSpace objects, 0(0B) LOS objects, 26% free, 44MB/60MB, paused 801us total 38.957ms
08-05 04:13:11.818  5381  5864 I art     : Starting a blocking GC Explicit
08-05 04:13:11.885  5381  5864 I art     : Explicit concurrent mark sweep GC freed 193575(8MB) AllocSpace objects, 1(20KB) LOS objects, 25% free, 46MB/62MB, paused 847us total 66.496ms
08-05 04:13:11.899  5381  5864 I art     : Starting a blocking GC Explicit
08-05 04:13:11.941  5381  5864 I art     : Explicit concurrent mark sweep GC freed 37796(1773KB) AllocSpace objects, 0(0B) LOS objects, 25% free, 46MB/62MB, paused 837us total 42.122ms
08-05 04:13:11.955  5381  5864 I art     : Starting a blocking GC Explicit
08-05 04:13:12.000  5381  5864 I art     : Explicit concurrent mark sweep GC freed 31538(1484KB) AllocSpace objects, 0(0B) LOS objects, 25% free, 46MB/62MB, paused 885us total 44.525ms
08-05 04:13:12.014  5381  5864 I art     : Starting a blocking GC Explicit
08-05 04:13:12.059  5381  5864 I art     : Explicit concurrent mark sweep GC freed 32135(1505KB) AllocSpace objects, 0(0B) LOS objects, 25% free, 46MB/62MB, paused 847us total 44.595ms
08-05 04:13:12.073  5381  5864 I art     : Starting a blocking GC Explicit
08-05 04:13:12.120  5381  5864 I art     : Explicit concurrent mark sweep GC freed 31509(1479KB) AllocSpace objects, 0(0B) LOS objects, 25% free, 46MB/62MB, paused 843us total 46.245ms
08-05 04:13:12.281  1294  1294 I ServiceManager: Waiting for service AtCmdFwd...
08-05 04:13:12.406  5381  5401 I art     : Starting a blocking GC Explicit
08-05 04:13:12.475  5381  5401 I art     : Explicit concurrent mark sweep GC freed 182294(8MB) AllocSpace objects, 1(20KB) LOS objects, 24% free, 48MB/64MB, paused 1.061ms total 68.733ms
08-05 04:13:12.490  5381  5401 I art     : Starting a blocking GC Explicit
08-05 04:13:12.538  5381  5401 I art     : Explicit concurrent mark sweep GC freed 39478(1844KB) AllocSpace objects, 0(0B) LOS objects, 24% free, 48MB/64MB, paused 911us total 47.053ms
08-05 04:13:12.552  5381  5401 I art     : Starting a blocking GC Explicit
08-05 04:13:12.601  5381  5401 I art     : Explicit concurrent mark sweep GC freed 33410(1591KB) AllocSpace objects, 0(0B) LOS objects, 24% free, 48MB/64MB, paused 945us total 48.661ms
08-05 04:13:12.616  5381  5401 I art     : Starting a blocking GC Explicit
08-05 04:13:12.629   918  3188 I hubconnection: sensorhub said: 'set_bias 3: -6.2400, 0.0000, 0.0000'
08-05 04:13:12.665  5381  5401 I art     : Explicit concurrent mark sweep GC freed 33637(1588KB) AllocSpace objects, 0(0B) LOS objects, 24% free, 48MB/64MB, paused 1.040ms total 48.727ms
08-05 04:13:12.681  5381  5401 I art     : Starting a blocking GC Explicit
08-05 04:13:12.732  5381  5401 I art     : Explicit concurrent mark sweep GC freed 35333(1649KB) AllocSpace objects, 0(0B) LOS objects, 24% free, 49MB/65MB, paused 1.156ms total 51.244ms
08-05 04:13:13.025  5381  5394 I art     : Starting a blocking GC Explicit
08-05 04:13:13.099  5381  5394 I art     : Explicit concurrent mark sweep GC freed 189704(8MB) AllocSpace objects, 1(20KB) LOS objects, 23% free, 50MB/66MB, paused 985us total 73.276ms
08-05 04:13:13.116  5381  5394 I art     : Starting a blocking GC Explicit
08-05 04:13:13.171  5381  5394 I art     : Explicit concurrent mark sweep GC freed 44450(2MB) AllocSpace objects, 0(0B) LOS objects, 23% free, 50MB/66MB, paused 1.039ms total 54.279ms
08-05 04:13:13.188  5381  5394 I art     : Starting a blocking GC Explicit
08-05 04:13:13.244  5381  5394 I art     : Explicit concurrent mark sweep GC freed 38234(1811KB) AllocSpace objects, 0(0B) LOS objects, 23% free, 51MB/67MB, paused 1.368ms total 55.669ms
08-05 04:13:13.260  5381  5394 I art     : Starting a blocking GC Explicit
08-05 04:13:13.281  1294  1294 I ServiceManager: Waiting for service AtCmdFwd...
08-05 04:13:13.317  5381  5394 I art     : Explicit concurrent mark sweep GC freed 38243(1802KB) AllocSpace objects, 0(0B) LOS objects, 23% free, 51MB/67MB, paused 1.120ms total 56.608ms
08-05 04:13:13.334  5381  5394 I art     : Starting a blocking GC Explicit
08-05 04:13:13.392  5381  5394 I art     : Explicit concurrent mark sweep GC freed 39782(1914KB) AllocSpace objects, 0(0B) LOS objects, 23% free, 51MB/67MB, paused 1.155ms total 58.019ms
08-05 04:13:13.409  5381  6106 I Service : getCourses response time: 0.69
08-05 04:13:13.424  5381  5381 I SettingsManager: Getting string: savedCourse
08-05 04:13:13.701  5381  5392 I art     : Starting a blocking GC Explicit
08-05 04:13:13.786  5381  5392 I art     : Explicit concurrent mark sweep GC freed 15969(757KB) AllocSpace objects, 2(15MB) LOS objects, 30% free, 36MB/52MB, paused 389us total 84.281ms
08-05 04:13:13.805  5381  5392 I art     : Starting a blocking GC Explicit
08-05 04:13:13.863  5381  5392 I art     : Explicit concurrent mark sweep GC freed 743(66KB) AllocSpace objects, 0(0B) LOS objects, 30% free, 36MB/52MB, paused 351us total 58.201ms
08-05 04:13:13.882  5381  5392 I art     : Starting a blocking GC Explicit
08-05 04:13:13.941  5381  5392 I art     : Explicit concurrent mark sweep GC freed 3(96B) AllocSpace objects, 0(0B) LOS objects, 30% free, 36MB/52MB, paused 363us total 58.367ms
08-05 04:13:13.960  5381  5392 I art     : Starting a blocking GC Explicit
08-05 04:13:14.016  5381  5392 I art     : Explicit concurrent mark sweep GC freed 3(96B) AllocSpace objects, 0(0B) LOS objects, 30% free, 36MB/52MB, paused 347us total 55.795ms
08-05 04:13:14.034  5381  5392 I art     : Starting a blocking GC Explicit
08-05 04:13:14.091  5381  5392 I art     : Explicit concurrent mark sweep GC freed 3(96B) AllocSpace objects, 0(0B) LOS objects, 30% free, 36MB/52MB, paused 350us total 56.076ms
08-05 04:13:14.283  1294  1294 I ServiceManager: Waiting for service AtCmdFwd...
08-05 04:13:14.435  5381  5401 I art     : Starting a blocking GC Explicit
08-05 04:13:14.514  5381  5401 I art     : Explicit concurrent mark sweep GC freed 1293(75KB) AllocSpace objects, 1(20KB) LOS objects, 30% free, 36MB/52MB, paused 399us total 78.065ms
08-05 04:13:14.536  5381  5401 I art     : Starting a blocking GC Explicit
08-05 04:13:14.596  5381  5401 I art     : Explicit concurrent mark sweep GC freed 18(624B) AllocSpace objects, 0(0B) LOS objects, 30% free, 36MB/52MB, paused 356us total 59.777ms
08-05 04:13:14.614  5381  5401 I art     : Starting a blocking GC Explicit
08-05 04:13:14.672  5381  5401 I art     : Explicit concurrent mark sweep GC freed 3(96B) AllocSpace objects, 0(0B) LOS objects, 30% free, 36MB/52MB, paused 355us total 57.948ms
08-05 04:13:14.692  5381  5401 I art     : Starting a blocking GC Explicit
08-05 04:13:14.748  5381  5401 I art     : Explicit concurrent mark sweep GC freed 3(96B) AllocSpace objects, 0(0B) LOS objects, 30% free, 36MB/52MB, paused 379us total 56.108ms
08-05 04:13:14.766  5381  5401 I art     : Starting a blocking GC Explicit
08-05 04:13:14.823  5381  5401 I art     : Explicit concurrent mark sweep GC freed 3(96B) AllocSpace objects, 0(0B) LOS objects, 30% free, 36MB/52MB, paused 356us total 56.429ms
08-05 04:13:15.158  5381  5394 I art     : Starting a blocking GC Explicit
08-05 04:13:15.224  5381  5394 I art     : Explicit concurrent mark sweep GC freed 1297(75KB) AllocSpace objects, 1(20KB) LOS objects, 30% free, 36MB/52MB, paused 382us total 65.339ms
08-05 04:13:15.243  5381  5394 I art     : Starting a blocking GC Explicit
08-05 04:13:15.283  1294  1294 I ServiceManager: Waiting for service AtCmdFwd...
08-05 04:13:15.293  5381  5394 I art     : Explicit concurrent mark sweep GC freed 59(2752B) AllocSpace objects, 0(0B) LOS objects, 30% free, 36MB/52MB, paused 325us total 50.525ms
08-05 04:13:15.311  5381  5394 I art     : Starting a blocking GC Explicit
08-05 04:13:15.366  5381  5394 I art     : Explicit concurrent mark sweep GC freed 9(320B) AllocSpace objects, 0(0B) LOS objects, 30% free, 36MB/52MB, paused 327us total 54.923ms
08-05 04:13:15.366  5381  5391 I art     : WaitForGcToComplete blocked for 35.675ms for cause HeapTrim
08-05 04:13:15.384  5381  5394 I art     : Starting a blocking GC Explicit
08-05 04:13:15.439  5381  5394 I art     : Explicit concurrent mark sweep GC freed 3(96B) AllocSpace objects, 0(0B) LOS objects, 30% free, 36MB/52MB, paused 363us total 55.530ms
08-05 04:13:15.458  5381  5394 I art     : Starting a blocking GC Explicit
08-05 04:13:15.516  5381  5394 I art     : Explicit concurrent mark sweep GC freed 3(96B) AllocSpace objects, 0(0B) LOS objects, 30% free, 36MB/52MB, paused 366us total 57.438ms
08-05 04:13:15.850  5381  5864 I art     : Starting a blocking GC Explicit
08-05 04:13:15.927  5381  5864 I art     : Explicit concurrent mark sweep GC freed 1294(75KB) AllocSpace objects, 1(20KB) LOS objects, 30% free, 36MB/52MB, paused 496us total 76.444ms
08-05 04:13:15.946  5381  5864 I art     : Starting a blocking GC Explicit
08-05 04:13:16.000  5381  5864 I art     : Explicit concurrent mark sweep GC freed 18(624B) AllocSpace objects, 0(0B) LOS objects, 30% free, 36MB/52MB, paused 355us total 53.517ms
08-05 04:13:16.019  5381  5864 I art     : Starting a blocking GC Explicit
08-05 04:13:16.076  5381  5864 I art     : Explicit concurrent mark sweep GC freed 3(96B) AllocSpace objects, 0(0B) LOS objects, 30% free, 36MB/52MB, paused 360us total 57.104ms
08-05 04:13:16.095  5381  5864 I art     : Starting a blocking GC Explicit
08-05 04:13:16.151  5381  5864 I art     : Explicit concurrent mark sweep GC freed 3(96B) AllocSpace objects, 0(0B) LOS objects, 30% free, 36MB/52MB, paused 463us total 55.555ms
08-05 04:13:16.170  5381  5864 I art     : Starting a blocking GC Explicit
08-05 04:13:16.218  5381  5864 I art     : Explicit concurrent mark sweep GC freed 3(96B) AllocSpace objects, 0(0B) LOS objects, 30% free, 36MB/52MB, paused 646us total 48.052ms
08-05 04:13:16.284  1294  1294 I ServiceManager: Waiting for service AtCmdFwd...
08-05 04:13:16.535  5381  5392 I art     : Starting a blocking GC Explicit
08-05 04:13:16.544  6211  6211 D AndroidRuntime: >>>>>> START com.android.internal.os.RuntimeInit uid 2000 <<<<<<
08-05 04:13:16.549  6211  6211 D AndroidRuntime: CheckJNI is OFF
08-05 04:13:16.585  6211  6211 D ICU     : No timezone override file found: /data/misc/zoneinfo/current/icu/icu_tzdata.dat
08-05 04:13:16.597  5381  5392 I art     : Explicit concurrent mark sweep GC freed 1293(75KB) AllocSpace objects, 1(20KB) LOS objects, 30% free, 36MB/52MB, paused 443us total 61.098ms
08-05 04:13:16.615  5381  5392 I art     : Starting a blocking GC Explicit
08-05 04:13:16.624  6211  6211 I Radio-JNI: register_android_hardware_Radio DONE
08-05 04:13:16.645  6211  6211 D AndroidRuntime: Calling main entry com.android.commands.input.Input
08-05 04:13:16.647  6211  6211 I Input   : injectMotionEvent: MotionEvent { action=ACTION_DOWN, actionButton=0, id[0]=0, x[0]=558.0, y[0]=368.0, toolType[0]=TOOL_TYPE_UNKNOWN, buttonState=0, metaState=0, flags=0x0, edgeFlags=0x0, pointerCount=1, historySize=0, eventTime=764013059, downTime=764013059, deviceId=0, source=0x1002 }
08-05 04:13:16.652  6211  6211 I Input   : injectMotionEvent: MotionEvent { action=ACTION_UP, actionButton=0, id[0]=0, x[0]=558.0, y[0]=368.0, toolType[0]=TOOL_TYPE_UNKNOWN, buttonState=0, metaState=0, flags=0x0, edgeFlags=0x0, pointerCount=1, historySize=0, eventTime=764013059, downTime=764013059, deviceId=0, source=0x1002 }
08-05 04:13:16.653  6211  6211 D AndroidRuntime: Shutting down VM
08-05 04:13:16.667  5381  5392 I art     : Explicit concurrent mark sweep GC freed 83(3KB) AllocSpace objects, 0(0B) LOS objects, 30% free, 36MB/52MB, paused 603us total 51.611ms
08-05 04:13:16.684  5381  5392 I art     : Starting a blocking GC Explicit
08-05 04:13:16.736  5381  5392 I art     : Explicit concurrent mark sweep GC freed 705(82KB) AllocSpace objects, 0(0B) LOS objects, 30% free, 36MB/52MB, paused 408us total 52.062ms
08-05 04:13:16.757  5381  5392 I art     : Starting a blocking GC Explicit
08-05 04:13:16.809  5381  5392 I art     : Explicit concurrent mark sweep GC freed 175(11KB) AllocSpace objects, 0(0B) LOS objects, 30% free, 36MB/52MB, paused 316us total 51.778ms
08-05 04:13:16.828  5381  5392 I art     : Starting a blocking GC Explicit
08-05 04:13:16.877  5381  5392 I art     : Explicit concurrent mark sweep GC freed 49(2048B) AllocSpace objects, 0(0B) LOS objects, 30% free, 36MB/52MB, paused 517us total 49.203ms
08-05 04:13:17.153  5381  5401 I art     : Starting a blocking GC Explicit
08-05 04:13:17.210  5381  5401 I art     : Explicit concurrent mark sweep GC freed 1629(90KB) AllocSpace objects, 1(20KB) LOS objects, 30% free, 36MB/52MB, paused 342us total 56.509ms
08-05 04:13:17.228  5381  5401 I art     : Starting a blocking GC Explicit
08-05 04:13:17.284  5381  5401 I art     : Explicit concurrent mark sweep GC freed 33(1104B) AllocSpace objects, 0(0B) LOS objects, 30% free, 36MB/52MB, paused 331us total 55.196ms
08-05 04:13:17.284  1294  1294 W Atfwd_Sendcmd: AtCmdFwd service not published, waiting... retryCnt : 3
08-05 04:13:17.303  5381  5401 I art     : Starting a blocking GC Explicit
08-05 04:13:17.353  5381  5401 I art     : Explicit concurrent mark sweep GC freed 9(320B) AllocSpace objects, 0(0B) LOS objects, 30% free, 36MB/52MB, paused 312us total 50.353ms
08-05 04:13:17.372  5381  5401 I art     : Starting a blocking GC Explicit
08-05 04:13:17.430  5381  5401 I art     : Explicit concurrent mark sweep GC freed 6(224B) AllocSpace objects, 0(0B) LOS objects, 30% free, 36MB/52MB, paused 346us total 57.588ms
08-05 04:13:17.449  5381  5401 I art     : Starting a blocking GC Explicit
08-05 04:13:17.507  5381  5401 I art     : Explicit concurrent mark sweep GC freed 3(96B) AllocSpace objects, 0(0B) LOS objects, 30% free, 36MB/52MB, paused 370us total 57.396ms
08-05 04:13:17.819  5381  5394 I art     : Starting a blocking GC Explicit
08-05 04:13:17.892  5381  5394 I art     : Explicit concurrent mark sweep GC freed 1293(75KB) AllocSpace objects, 1(20KB) LOS objects, 30% free, 36MB/52MB, paused 318us total 72.274ms
08-05 04:13:17.910  5381  5394 I art     : Starting a blocking GC Explicit
08-05 04:13:17.965  5381  5394 I art     : Explicit concurrent mark sweep GC freed 18(624B) AllocSpace objects, 0(0B) LOS objects, 30% free, 36MB/52MB, paused 345us total 54.734ms
08-05 04:13:17.983  5381  5394 I art     : Starting a blocking GC Explicit
08-05 04:13:18.034  5381  5394 I art     : Explicit concurrent mark sweep GC freed 3(96B) AllocSpace objects, 0(0B) LOS objects, 30% free, 36MB/52MB, paused 330us total 51.563ms
08-05 04:13:18.053  5381  5394 I art     : Starting a blocking GC Explicit
08-05 04:13:18.106  5381  5394 I art     : Explicit concurrent mark sweep GC freed 3(96B) AllocSpace objects, 0(0B) LOS objects, 30% free, 36MB/52MB, paused 329us total 52.836ms
08-05 04:13:18.124  5381  5394 I art     : Starting a blocking GC Explicit
08-05 04:13:18.179  5381  5394 I art     : Explicit concurrent mark sweep GC freed 3(96B) AllocSpace objects, 0(0B) LOS objects, 30% free, 36MB/52MB, paused 342us total 55.454ms
08-05 04:13:18.300  6255  6255 D AndroidRuntime: >>>>>> START com.android.internal.os.RuntimeInit uid 2000 <<<<<<
08-05 04:13:18.305  6255  6255 D AndroidRuntime: CheckJNI is OFF
08-05 04:13:18.338  6255  6255 D ICU     : No timezone override file found: /data/misc/zoneinfo/current/icu/icu_tzdata.dat
08-05 04:13:18.374  6255  6255 I Radio-JNI: register_android_hardware_Radio DONE
08-05 04:13:18.395  6255  6255 D AndroidRuntime: Calling main entry com.android.commands.input.Input
08-05 04:13:18.398  6255  6255 I Input   : injectMotionEvent: MotionEvent { action=ACTION_DOWN, actionButton=0, id[0]=0, x[0]=945.0, y[0]=1376.0, toolType[0]=TOOL_TYPE_UNKNOWN, buttonState=0, metaState=0, flags=0x0, edgeFlags=0x0, pointerCount=1, historySize=0, eventTime=764014810, downTime=764014810, deviceId=0, source=0x1002 }
08-05 04:13:18.403  6255  6255 I Input   : injectMotionEvent: MotionEvent { action=ACTION_UP, actionButton=0, id[0]=0, x[0]=945.0, y[0]=1376.0, toolType[0]=TOOL_TYPE_UNKNOWN, buttonState=0, metaState=0, flags=0x0, edgeFlags=0x0, pointerCount=1, historySize=0, eventTime=764014810, downTime=764014810, deviceId=0, source=0x1002 }
08-05 04:13:18.405  6255  6255 D AndroidRuntime: Shutting down VM
08-05 04:13:18.480   512  2967 D audio_hw_primary: out_set_parameters: enter: usecase(1: low-latency-playback) kvpairs: routing=2
08-05 04:13:18.484  5381  5394 I art     : Starting a blocking GC Explicit
08-05 04:13:18.494   512  2967 D audio_hw_primary: select_devices: out_snd_device(2: speaker) in_snd_device(0: none)
08-05 04:13:18.494   512  2967 D msm8974_platform: platform_send_audio_calibration: sending audio calibration for snd_device(2) acdb_id(15)
08-05 04:13:18.494   512  2967 I soundtrigger: audio_extn_sound_trigger_update_device_status: device 0x2 of type 0 for Event 1
08-05 04:13:18.499 13866 13866 I GoogleInputMethodServic: GoogleInputMethodService.onFinishInput():3138 
08-05 04:13:18.499 13866 13866 I GoogleInputMethodServic: GoogleInputMethodService.onStartInput():1808 
08-05 04:13:18.508   512  2967 D audio_hw_primary: enable_snd_device: snd_device(2: speaker)
08-05 04:13:18.511   512  2967 D audio_hw_primary: enable_audio_route: apply and update mixer path: low-latency-playback speaker
08-05 04:13:18.516 13866 13866 I GoogleInputMethodServic: GoogleInputMethodService.onFinishInput():3138 
08-05 04:13:18.517 13866 13866 I GoogleInputMethodServic: GoogleInputMethodService.onStartInput():1808 
08-05 04:13:18.553  5381  5394 I art     : Explicit concurrent mark sweep GC freed 1999(119KB) AllocSpace objects, 1(20KB) LOS objects, 30% free, 36MB/52MB, paused 803us total 69.320ms
08-05 04:13:18.571  5381  5394 I art     : Starting a blocking GC Explicit
08-05 04:13:18.625  5381  5394 I art     : Explicit concurrent mark sweep GC freed 348(13KB) AllocSpace objects, 0(0B) LOS objects, 30% free, 36MB/52MB, paused 426us total 53.054ms
08-05 04:13:18.641  5381  5394 I art     : Starting a blocking GC Explicit
08-05 04:13:18.693  5381  5394 I art     : Explicit concurrent mark sweep GC freed 670(62KB) AllocSpace objects, 0(0B) LOS objects, 30% free, 36MB/52MB, paused 320us total 52.001ms
08-05 04:13:18.710  5381  5394 I art     : Starting a blocking GC Explicit
08-05 04:13:18.764  5381  5394 I art     : Explicit concurrent mark sweep GC freed 3(96B) AllocSpace objects, 0(0B) LOS objects, 30% free, 36MB/52MB, paused 597us total 53.382ms
08-05 04:13:18.782  5381  5394 I art     : Starting a blocking GC Explicit
08-05 04:13:18.835  5381  5396 D OpenGLRenderer: endAllStagingAnimators on 0x7f99f2c800 (ListPopupWindow$DropDownListView) with handle 0x7f77ee6040
08-05 04:13:18.838  5381  5394 I art     : Explicit concurrent mark sweep GC freed 6(192B) AllocSpace objects, 0(0B) LOS objects, 30% free, 36MB/52MB, paused 469us total 55.619ms
08-05 04:13:19.060   512  2967 D audio_hw_primary: disable_audio_route: reset and update mixer path: low-latency-playback speaker
08-05 04:13:19.063   512  2967 D audio_hw_primary: disable_snd_device: snd_device(2: speaker)
08-05 04:13:19.072   512  2967 I soundtrigger: audio_extn_sound_trigger_update_device_status: device 0x2 of type 0 for Event 0
08-05 04:13:19.153  5381  5392 I art     : Starting a blocking GC Explicit
08-05 04:13:19.234  5381  5392 I art     : Explicit concurrent mark sweep GC freed 1410(80KB) AllocSpace objects, 1(20KB) LOS objects, 30% free, 36MB/52MB, paused 366us total 80.876ms
08-05 04:13:19.253  5381  5392 I art     : Starting a blocking GC Explicit
08-05 04:13:19.307  5381  5392 I art     : Explicit concurrent mark sweep GC freed 570(38KB) AllocSpace objects, 0(0B) LOS objects, 30% free, 36MB/52MB, paused 348us total 53.457ms
08-05 04:13:19.310   918  3261 D WifiStateMachine: starting scan for "H369AA63323"WPA_PSK with 2412,5180
08-05 04:13:19.325  5381  5392 I art     : Starting a blocking GC Explicit
08-05 04:13:19.382  5381  5392 I art     : Explicit concurrent mark sweep GC freed 3(96B) AllocSpace objects, 0(0B) LOS objects, 30% free, 36MB/52MB, paused 345us total 56.212ms
08-05 04:13:19.401  5381  5392 I art     : Starting a blocking GC Explicit
08-05 04:13:19.455  5381  5392 I art     : Explicit concurrent mark sweep GC freed 3(96B) AllocSpace objects, 0(0B) LOS objects, 30% free, 36MB/52MB, paused 346us total 53.377ms
08-05 04:13:19.473  5381  5392 I art     : Starting a blocking GC Explicit
08-05 04:13:19.527  5381  5392 I art     : Explicit concurrent mark sweep GC freed 3(96B) AllocSpace objects, 0(0B) LOS objects, 30% free, 36MB/52MB, paused 347us total 53.573ms
08-05 04:13:19.795  5381  5864 I art     : Starting a blocking GC Explicit
08-05 04:13:19.856  5381  5864 I art     : Explicit concurrent mark sweep GC freed 1293(75KB) AllocSpace objects, 1(20KB) LOS objects, 30% free, 36MB/52MB, paused 369us total 61.326ms
08-05 04:13:19.875  5381  5864 I art     : Starting a blocking GC Explicit
08-05 04:13:19.928  5381  5864 I art     : Explicit concurrent mark sweep GC freed 18(624B) AllocSpace objects, 0(0B) LOS objects, 30% free, 36MB/52MB, paused 339us total 53.181ms
08-05 04:13:19.946  5381  5864 I art     : Starting a blocking GC Explicit
08-05 04:13:20.001  5381  5864 I art     : Explicit concurrent mark sweep GC freed 3(96B) AllocSpace objects, 0(0B) LOS objects, 30% free, 36MB/52MB, paused 346us total 55.404ms
08-05 04:13:20.019  5381  5864 I art     : Starting a blocking GC Explicit
08-05 04:13:20.074  5381  5864 I art     : Explicit concurrent mark sweep GC freed 3(96B) AllocSpace objects, 0(0B) LOS objects, 30% free, 36MB/52MB, paused 350us total 54.917ms
08-05 04:13:20.090  6289  6289 D AndroidRuntime: >>>>>> START com.android.internal.os.RuntimeInit uid 2000 <<<<<<
08-05 04:13:20.092  5381  5864 I art     : Starting a blocking GC Explicit
08-05 04:13:20.095  6289  6289 D AndroidRuntime: CheckJNI is OFF
08-05 04:13:20.129  6289  6289 D ICU     : No timezone override file found: /data/misc/zoneinfo/current/icu/icu_tzdata.dat
08-05 04:13:20.148  5381  5864 I art     : Explicit concurrent mark sweep GC freed 3(96B) AllocSpace objects, 0(0B) LOS objects, 30% free, 36MB/52MB, paused 369us total 56.262ms
08-05 04:13:20.166  6289  6289 I Radio-JNI: register_android_hardware_Radio DONE
08-05 04:13:20.187  6289  6289 D AndroidRuntime: Calling main entry com.android.commands.input.Input
08-05 04:13:20.189  6289  6289 I Input   : injectMotionEvent: MotionEvent { action=ACTION_DOWN, actionButton=0, id[0]=0, x[0]=481.0, y[0]=544.0, toolType[0]=TOOL_TYPE_UNKNOWN, buttonState=0, metaState=0, flags=0x0, edgeFlags=0x0, pointerCount=1, historySize=0, eventTime=764016601, downTime=764016601, deviceId=0, source=0x1002 }
08-05 04:13:20.194  6289  6289 I Input   : injectMotionEvent: MotionEvent { action=ACTION_UP, actionButton=0, id[0]=0, x[0]=481.0, y[0]=544.0, toolType[0]=TOOL_TYPE_UNKNOWN, buttonState=0, metaState=0, flags=0x0, edgeFlags=0x0, pointerCount=1, historySize=0, eventTime=764016601, downTime=764016601, deviceId=0, source=0x1002 }
08-05 04:13:20.195  6289  6289 D AndroidRuntime: Shutting down VM
08-05 04:13:20.404  5381  5392 I art     : Starting a blocking GC Explicit
08-05 04:13:20.454  5381  5392 I art     : Explicit concurrent mark sweep GC freed 2070(108KB) AllocSpace objects, 1(20KB) LOS objects, 30% free, 36MB/52MB, paused 300us total 50.078ms
08-05 04:13:20.454  5381  5391 I art     : WaitForGcToComplete blocked for 14.853ms for cause HeapTrim
08-05 04:13:20.471  5381  5392 I art     : Starting a blocking GC Explicit
08-05 04:13:20.520  5381  5392 I art     : Explicit concurrent mark sweep GC freed 86(4KB) AllocSpace objects, 0(0B) LOS objects, 30% free, 36MB/52MB, paused 303us total 48.586ms
08-05 04:13:20.537  5381  5392 I art     : Starting a blocking GC Explicit
08-05 04:13:20.590  5381  5392 I art     : Explicit concurrent mark sweep GC freed 300(13KB) AllocSpace objects, 0(0B) LOS objects, 30% free, 36MB/52MB, paused 301us total 52.884ms
08-05 04:13:20.607  5381  5392 I art     : Starting a blocking GC Explicit
08-05 04:13:20.659  5381  5392 I art     : Explicit concurrent mark sweep GC freed 24(1072B) AllocSpace objects, 0(0B) LOS objects, 30% free, 36MB/52MB, paused 308us total 51.250ms
08-05 04:13:20.678  5381  5392 I art     : Starting a blocking GC Explicit
08-05 04:13:20.731  5381  5392 I art     : Explicit concurrent mark sweep GC freed 15(480B) AllocSpace objects, 0(0B) LOS objects, 30% free, 36MB/52MB, paused 471us total 52.920ms
08-05 04:13:21.038  5381  5864 I art     : Starting a blocking GC Explicit
08-05 04:13:21.114  5381  5864 I art     : Explicit concurrent mark sweep GC freed 1345(77KB) AllocSpace objects, 1(20KB) LOS objects, 30% free, 36MB/52MB, paused 368us total 76.525ms
08-05 04:13:21.134  5381  5864 I art     : Starting a blocking GC Explicit
08-05 04:13:21.193  5381  5864 I art     : Explicit concurrent mark sweep GC freed 18(624B) AllocSpace objects, 0(0B) LOS objects, 30% free, 36MB/52MB, paused 399us total 59.190ms
08-05 04:13:21.213  5381  5864 I art     : Starting a blocking GC Explicit
08-05 04:13:21.267  5381  5864 I art     : Explicit concurrent mark sweep GC freed 3(96B) AllocSpace objects, 0(0B) LOS objects, 30% free, 36MB/52MB, paused 370us total 53.950ms
08-05 04:13:21.286  5381  5864 I art     : Starting a blocking GC Explicit
08-05 04:13:21.341  5381  5864 I art     : Explicit concurrent mark sweep GC freed 3(96B) AllocSpace objects, 0(0B) LOS objects, 30% free, 36MB/52MB, paused 357us total 54.585ms
08-05 04:13:21.360  5381  5864 I art     : Starting a blocking GC Explicit
08-05 04:13:21.417  5381  5864 I art     : Explicit concurrent mark sweep GC freed 3(96B) AllocSpace objects, 0(0B) LOS objects, 30% free, 36MB/52MB, paused 436us total 57.412ms
08-05 04:13:21.723  5381  5394 I art     : Starting a blocking GC Explicit
08-05 04:13:21.783  5381  5394 I art     : Explicit concurrent mark sweep GC freed 1293(75KB) AllocSpace objects, 1(20KB) LOS objects, 30% free, 36MB/52MB, paused 362us total 60.080ms
08-05 04:13:21.802  5381  5394 I art     : Starting a blocking GC Explicit
08-05 04:13:21.840  6332  6332 D AndroidRuntime: >>>>>> START com.android.internal.os.RuntimeInit uid 2000 <<<<<<
08-05 04:13:21.844  6332  6332 D AndroidRuntime: CheckJNI is OFF
08-05 04:13:21.855  5381  5394 I art     : Explicit concurrent mark sweep GC freed 18(624B) AllocSpace objects, 0(0B) LOS objects, 30% free, 36MB/52MB, paused 349us total 52.821ms
08-05 04:13:21.873  5381  5394 I art     : Starting a blocking GC Explicit
08-05 04:13:21.883  6332  6332 D ICU     : No timezone override file found: /data/misc/zoneinfo/current/icu/icu_tzdata.dat
08-05 04:13:21.916  6332  6332 I Radio-JNI: register_android_hardware_Radio DONE
08-05 04:13:21.924  5381  5394 I art     : Explicit concurrent mark sweep GC freed 10(320B) AllocSpace objects, 0(0B) LOS objects, 30% free, 36MB/52MB, paused 363us total 51.031ms
08-05 04:13:21.939  6332  6332 D AndroidRuntime: Calling main entry com.android.commands.input.Input
08-05 04:13:21.941  6332  6332 I Input   : injectMotionEvent: MotionEvent { action=ACTION_DOWN, actionButton=0, id[0]=0, x[0]=310.0, y[0]=906.0, toolType[0]=TOOL_TYPE_UNKNOWN, buttonState=0, metaState=0, flags=0x0, edgeFlags=0x0, pointerCount=1, historySize=0, eventTime=764018353, downTime=764018353, deviceId=0, source=0x1002 }
08-05 04:13:21.941  5381  5394 I art     : Starting a blocking GC Explicit
08-05 04:13:21.946  6332  6332 I Input   : injectMotionEvent: MotionEvent { action=ACTION_UP, actionButton=0, id[0]=0, x[0]=310.0, y[0]=906.0, toolType[0]=TOOL_TYPE_UNKNOWN, buttonState=0, metaState=0, flags=0x0, edgeFlags=0x0, pointerCount=1, historySize=0, eventTime=764018353, downTime=764018353, deviceId=0, source=0x1002 }
08-05 04:13:21.949  6332  6332 D AndroidRuntime: Shutting down VM
08-05 04:13:21.994  5381  5394 I art     : Explicit concurrent mark sweep GC freed 30(1072B) AllocSpace objects, 0(0B) LOS objects, 30% free, 36MB/52MB, paused 341us total 52.297ms
08-05 04:13:22.010  5381  5394 I art     : Starting a blocking GC Explicit
08-05 04:13:22.017   512  2967 D audio_hw_primary: out_set_parameters: enter: usecase(1: low-latency-playback) kvpairs: routing=2
08-05 04:13:22.030   512  2967 D audio_hw_primary: select_devices: out_snd_device(2: speaker) in_snd_device(0: none)
08-05 04:13:22.030   512  2967 D msm8974_platform: platform_send_audio_calibration: sending audio calibration for snd_device(2) acdb_id(15)
08-05 04:13:22.030   512  2967 I soundtrigger: audio_extn_sound_trigger_update_device_status: device 0x2 of type 0 for Event 1
08-05 04:13:22.034 13866 13866 I GoogleInputMethodServic: GoogleInputMethodService.onFinishInput():3138 
08-05 04:13:22.035 13866 13866 I GoogleInputMethodServic: GoogleInputMethodService.onStartInput():1808 
08-05 04:13:22.039   512  2967 D audio_hw_primary: enable_snd_device: snd_device(2: speaker)
08-05 04:13:22.041   512  2967 D audio_hw_primary: enable_audio_route: apply and update mixer path: low-latency-playback speaker
08-05 04:13:22.045 13866 13866 I GoogleInputMethodServic: GoogleInputMethodService.onFinishInput():3138 
08-05 04:13:22.045 13866 13866 I GoogleInputMethodServic: GoogleInputMethodService.onStartInput():1808 
08-05 04:13:22.060  5381  5394 I art     : Explicit concurrent mark sweep GC freed 391(20KB) AllocSpace objects, 0(0B) LOS objects, 30% free, 36MB/52MB, paused 367us total 49.737ms
08-05 04:13:22.331  5381  5401 I art     : Starting a blocking GC Explicit
08-05 04:13:22.354  5381  5396 D OpenGLRenderer: endAllStagingAnimators on 0x7f94a5ac00 (ListPopupWindow$DropDownListView) with handle 0x7f77ee6200
08-05 04:13:22.384  5381  5401 I art     : Explicit concurrent mark sweep GC freed 1894(100KB) AllocSpace objects, 1(20KB) LOS objects, 30% free, 36MB/52MB, paused 325us total 53.009ms
08-05 04:13:22.402  5381  5401 I art     : Starting a blocking GC Explicit
08-05 04:13:22.454  5381  5401 I art     : Explicit concurrent mark sweep GC freed 952(74KB) AllocSpace objects, 0(0B) LOS objects, 30% free, 36MB/52MB, paused 340us total 51.758ms
08-05 04:13:22.470  5381  5401 I art     : Starting a blocking GC Explicit
08-05 04:13:22.527  5381  5401 I art     : Explicit concurrent mark sweep GC freed 356(26KB) AllocSpace objects, 0(0B) LOS objects, 30% free, 36MB/52MB, paused 363us total 55.902ms
08-05 04:13:22.545  5381  5401 I art     : Starting a blocking GC Explicit
08-05 04:13:22.579   512  2967 D audio_hw_primary: disable_audio_route: reset and update mixer path: low-latency-playback speaker
08-05 04:13:22.581   512  2967 D audio_hw_primary: disable_snd_device: snd_device(2: speaker)
08-05 04:13:22.589   512  2967 I soundtrigger: audio_extn_sound_trigger_update_device_status: device 0x2 of type 0 for Event 0
08-05 04:13:22.603  5381  5401 I art     : Explicit concurrent mark sweep GC freed 3(96B) AllocSpace objects, 0(0B) LOS objects, 30% free, 36MB/52MB, paused 349us total 57.235ms
08-05 04:13:22.621  5381  5401 I art     : Starting a blocking GC Explicit
08-05 04:13:22.680  5381  5401 I art     : Explicit concurrent mark sweep GC freed 3(96B) AllocSpace objects, 0(0B) LOS objects, 30% free, 36MB/52MB, paused 365us total 58.650ms
08-05 04:13:22.990  5381  5392 I art     : Starting a blocking GC Explicit
08-05 04:13:23.069  5381  5392 I art     : Explicit concurrent mark sweep GC freed 1293(75KB) AllocSpace objects, 1(20KB) LOS objects, 30% free, 36MB/52MB, paused 531us total 78.130ms
08-05 04:13:23.091  5381  5392 I art     : Starting a blocking GC Explicit
08-05 04:13:23.150  5381  5392 I art     : Explicit concurrent mark sweep GC freed 18(624B) AllocSpace objects, 0(0B) LOS objects, 30% free, 36MB/52MB, paused 343us total 58.427ms
08-05 04:13:23.169  5381  5392 I art     : Starting a blocking GC Explicit
08-05 04:13:23.226  5381  5392 I art     : Explicit concurrent mark sweep GC freed 3(96B) AllocSpace objects, 0(0B) LOS objects, 30% free, 36MB/52MB, paused 347us total 57.473ms
08-05 04:13:23.244  5381  5392 I art     : Starting a blocking GC Explicit
08-05 04:13:23.296  5381  5392 I art     : Explicit concurrent mark sweep GC freed 3(96B) AllocSpace objects, 0(0B) LOS objects, 30% free, 36MB/52MB, paused 346us total 51.718ms
08-05 04:13:23.314  5381  5392 I art     : Starting a blocking GC Explicit
08-05 04:13:23.366  5381  5392 I art     : Explicit concurrent mark sweep GC freed 3(96B) AllocSpace objects, 0(0B) LOS objects, 30% free, 36MB/52MB, paused 330us total 52.081ms
08-05 04:13:23.597  6376  6376 D AndroidRuntime: >>>>>> START com.android.internal.os.RuntimeInit uid 2000 <<<<<<
08-05 04:13:23.602  6376  6376 D AndroidRuntime: CheckJNI is OFF
08-05 04:13:23.637  6376  6376 D ICU     : No timezone override file found: /data/misc/zoneinfo/current/icu/icu_tzdata.dat
08-05 04:13:23.657  5381  5864 I art     : Starting a blocking GC Explicit
08-05 04:13:23.671  6376  6376 I Radio-JNI: register_android_hardware_Radio DONE
08-05 04:13:23.693  6376  6376 D AndroidRuntime: Calling main entry com.android.commands.input.Input
08-05 04:13:23.695  6376  6376 I Input   : injectMotionEvent: MotionEvent { action=ACTION_DOWN, actionButton=0, id[0]=0, x[0]=648.0, y[0]=709.0, toolType[0]=TOOL_TYPE_UNKNOWN, buttonState=0, metaState=0, flags=0x0, edgeFlags=0x0, pointerCount=1, historySize=0, eventTime=764020107, downTime=764020107, deviceId=0, source=0x1002 }
08-05 04:13:23.699  6376  6376 I Input   : injectMotionEvent: MotionEvent { action=ACTION_UP, actionButton=0, id[0]=0, x[0]=648.0, y[0]=709.0, toolType[0]=TOOL_TYPE_UNKNOWN, buttonState=0, metaState=0, flags=0x0, edgeFlags=0x0, pointerCount=1, historySize=0, eventTime=764020107, downTime=764020107, deviceId=0, source=0x1002 }
08-05 04:13:23.701  6376  6376 D AndroidRuntime: Shutting down VM
08-05 04:13:23.718  5381  5864 I art     : Explicit concurrent mark sweep GC freed 1307(76KB) AllocSpace objects, 1(20KB) LOS objects, 30% free, 36MB/52MB, paused 580us total 61.200ms
08-05 04:13:23.739  5381  5864 I art     : Starting a blocking GC Explicit
08-05 04:13:23.768   512  2967 D audio_hw_primary: out_set_parameters: enter: usecase(1: low-latency-playback) kvpairs: routing=2
08-05 04:13:23.781   512  2967 D audio_hw_primary: select_devices: out_snd_device(2: speaker) in_snd_device(0: none)
08-05 04:13:23.781   512  2967 D msm8974_platform: platform_send_audio_calibration: sending audio calibration for snd_device(2) acdb_id(15)
08-05 04:13:23.781   512  2967 I soundtrigger: audio_extn_sound_trigger_update_device_status: device 0x2 of type 0 for Event 1
08-05 04:13:23.791  5381  5864 I art     : Explicit concurrent mark sweep GC freed 598(46KB) AllocSpace objects, 1(20KB) LOS objects, 30% free, 36MB/52MB, paused 410us total 51.131ms
08-05 04:13:23.791   512  2967 D audio_hw_primary: enable_snd_device: snd_device(2: speaker)
08-05 04:13:23.794   512  2967 D audio_hw_primary: enable_audio_route: apply and update mixer path: low-latency-playback speaker
08-05 04:13:23.807  5381  5864 I art     : Starting a blocking GC Explicit
08-05 04:13:23.861  5381  5864 I art     : Explicit concurrent mark sweep GC freed 247(14KB) AllocSpace objects, 0(0B) LOS objects, 30% free, 36MB/52MB, paused 376us total 54.029ms
08-05 04:13:23.879  5381  5864 I art     : Starting a blocking GC Explicit
08-05 04:13:23.934  5381  5864 I art     : Explicit concurrent mark sweep GC freed 58(2256B) AllocSpace objects, 0(0B) LOS objects, 30% free, 36MB/52MB, paused 321us total 54.690ms
08-05 04:13:23.953  5381  5864 I art     : Starting a blocking GC Explicit
08-05 04:13:24.011  5381  5864 I art     : Explicit concurrent mark sweep GC freed 7(240B) AllocSpace objects, 0(0B) LOS objects, 30% free, 36MB/52MB, paused 333us total 57.491ms
08-05 04:13:24.318  5381  5401 I art     : Starting a blocking GC Explicit
08-05 04:13:24.330   512  2967 D audio_hw_primary: disable_audio_route: reset and update mixer path: low-latency-playback speaker
08-05 04:13:24.331   512  2967 D audio_hw_primary: disable_snd_device: snd_device(2: speaker)
08-05 04:13:24.339   512  2967 I soundtrigger: audio_extn_sound_trigger_update_device_status: device 0x2 of type 0 for Event 0
08-05 04:13:24.381  5381  5401 I art     : Explicit concurrent mark sweep GC freed 1295(75KB) AllocSpace objects, 1(20KB) LOS objects, 30% free, 36MB/52MB, paused 373us total 62.559ms
08-05 04:13:24.399  5381  5401 I art     : Starting a blocking GC Explicit
08-05 04:13:24.467  5381  5401 I art     : Explicit concurrent mark sweep GC freed 26(880B) AllocSpace objects, 0(0B) LOS objects, 30% free, 36MB/52MB, paused 442us total 67.782ms
08-05 04:13:24.489  5381  5401 I art     : Starting a blocking GC Explicit
08-05 04:13:24.557  5381  5401 I art     : Explicit concurrent mark sweep GC freed 3(96B) AllocSpace objects, 0(0B) LOS objects, 30% free, 36MB/52MB, paused 386us total 67.411ms
08-05 04:13:24.579  5381  5401 I art     : Starting a blocking GC Explicit
08-05 04:13:24.641  5381  5401 I art     : Explicit concurrent mark sweep GC freed 3(96B) AllocSpace objects, 0(0B) LOS objects, 30% free, 36MB/52MB, paused 324us total 62.236ms
08-05 04:13:24.660  5381  5401 I art     : Starting a blocking GC Explicit
08-05 04:13:24.717  5381  5401 I art     : Explicit concurrent mark sweep GC freed 5(160B) AllocSpace objects, 0(0B) LOS objects, 30% free, 36MB/52MB, paused 360us total 56.965ms
08-05 04:13:24.864   518   646 I ThermalEngine: ACTION: GPU - Setting GPU[0] to 450000000
08-05 04:13:25.032  5381  5392 I art     : Starting a blocking GC Explicit
08-05 04:13:25.109  5381  5392 I art     : Explicit concurrent mark sweep GC freed 1293(75KB) AllocSpace objects, 1(20KB) LOS objects, 30% free, 36MB/52MB, paused 453us total 76.902ms
08-05 04:13:25.132  5381  5392 I art     : Starting a blocking GC Explicit
08-05 04:13:25.200  5381  5392 I art     : Explicit concurrent mark sweep GC freed 18(624B) AllocSpace objects, 0(0B) LOS objects, 30% free, 36MB/52MB, paused 450us total 67.327ms
08-05 04:13:25.223  5381  5392 I art     : Starting a blocking GC Explicit
08-05 04:13:25.287  5381  5392 I art     : Explicit concurrent mark sweep GC freed 3(96B) AllocSpace objects, 0(0B) LOS objects, 30% free, 36MB/52MB, paused 494us total 64.126ms
08-05 04:13:25.310  5381  5392 I art     : Starting a blocking GC Explicit
08-05 04:13:25.379  5381  5392 I art     : Explicit concurrent mark sweep GC freed 3(96B) AllocSpace objects, 0(0B) LOS objects, 30% free, 36MB/52MB, paused 458us total 68.949ms
08-05 04:13:25.403  5381  5392 I art     : Starting a blocking GC Explicit
08-05 04:13:25.483  5381  5392 I art     : Explicit concurrent mark sweep GC freed 13(416B) AllocSpace objects, 0(0B) LOS objects, 30% free, 36MB/52MB, paused 517us total 79.248ms
08-05 04:13:25.505  6416  6416 D AndroidRuntime: >>>>>> START com.android.internal.os.RuntimeInit uid 2000 <<<<<<
08-05 04:13:25.512  6416  6416 D AndroidRuntime: CheckJNI is OFF
08-05 04:13:25.553  6416  6416 D ICU     : No timezone override file found: /data/misc/zoneinfo/current/icu/icu_tzdata.dat
08-05 04:13:25.600  6416  6416 I Radio-JNI: register_android_hardware_Radio DONE
08-05 04:13:25.631  6416  6416 D AndroidRuntime: Calling main entry com.android.commands.input.Input
08-05 04:13:25.635  6416  6416 I Input   : injectMotionEvent: MotionEvent { action=ACTION_DOWN, actionButton=0, id[0]=0, x[0]=1197.0, y[0]=1456.0, toolType[0]=TOOL_TYPE_UNKNOWN, buttonState=0, metaState=0, flags=0x0, edgeFlags=0x0, pointerCount=1, historySize=0, eventTime=764022047, downTime=764022047, deviceId=0, source=0x1002 }
08-05 04:13:25.647  6416  6416 I Input   : injectMotionEvent: MotionEvent { action=ACTION_UP, actionButton=0, id[0]=0, x[0]=1197.0, y[0]=1456.0, toolType[0]=TOOL_TYPE_UNKNOWN, buttonState=0, metaState=0, flags=0x0, edgeFlags=0x0, pointerCount=1, historySize=0, eventTime=764022047, downTime=764022047, deviceId=0, source=0x1002 }
08-05 04:13:25.649  6416  6416 D AndroidRuntime: Shutting down VM
08-05 04:13:25.660   512  2967 D audio_hw_primary: out_set_parameters: enter: usecase(1: low-latency-playback) kvpairs: routing=2
08-05 04:13:25.673   512  2967 D audio_hw_primary: select_devices: out_snd_device(2: speaker) in_snd_device(0: none)
08-05 04:13:25.673   512  2967 D msm8974_platform: platform_send_audio_calibration: sending audio calibration for snd_device(2) acdb_id(15)
08-05 04:13:25.673   512  2967 I soundtrigger: audio_extn_sound_trigger_update_device_status: device 0x2 of type 0 for Event 1
08-05 04:13:25.688   512  2967 D audio_hw_primary: enable_snd_device: snd_device(2: speaker)
08-05 04:13:25.688  5381  5381 I SettingsManager: Setting string: savedCourse
08-05 04:13:25.691   512  2967 D audio_hw_primary: enable_audio_route: apply and update mixer path: low-latency-playback speaker
08-05 04:13:25.698   918  3670 W BackupManagerService: dataChanged but no participant pkg='baseline.com.ak.uobtimetable' uid=10684
08-05 04:13:25.699   918  6112 I ActivityManager: START u0 {flg=0x4000000 cmp=baseline.com.ak.uobtimetable/.MainActivity (has extras)} from uid 10684 on display 0
08-05 04:13:25.713   918   929 W InputMethodManagerService: Focus gain on non-focused client com.android.internal.view.IInputMethodClient$Stub$Proxy@d22fc39 (uid=10684 pid=5381)
08-05 04:13:25.732  5381  5381 D MainActivity: OnDestroy
08-05 04:13:25.758  5381  5381 D MainActivity: onCreate
08-05 04:13:25.758  5381  5381 I SettingsManager: Getting string: savedSessions
08-05 04:13:25.759  5381  5381 I SettingsManager: Getting string: savedSessions
08-05 04:13:25.768  5381  5381 I SettingsManager: Getting string: savedSessionsCourseName
08-05 04:13:25.768  5381  5381 I SettingsManager: Getting string: savedSessionsCourseName
08-05 04:13:25.769  5381  5381 I SettingsManager: Getting string: savedSessionsDateRange
08-05 04:13:25.769  5381  5381 I SettingsManager: Getting string: savedSessionsDateRange
08-05 04:13:25.769  5381  5381 I Settings: 10 saved sessions - Bedfordshire International and EU Foundation Year - Int Foun - Ltn - Y0 Feb FT - Weeks: 24-38 (8 Jun 2020-20 Sep 2020)
08-05 04:13:25.814  5381  5381 I SettingsManager: Getting string: savedCourse
08-05 04:13:25.814  5381  5381 D MainActivity: sessionListFragmentArg: updateSessions
08-05 04:13:25.815  5381  5381 D MainActivity: showTermDatesConfigChange: false
08-05 04:13:25.815  5381  5381 D MainActivity: showTermDatesShortcut: false
08-05 04:13:25.815  5381  5381 D MainActivity: Setting initial fragment: SessionListsFragment
08-05 04:13:25.816  5381  5381 I SettingsManager: Getting int: launchCount
08-05 04:13:25.817  5381  5381 D SessionListsFragment: onCreateView
08-05 04:13:25.820  5381  5381 I SettingsManager: Getting string: savedCourse
08-05 04:13:25.821  5381  5394 I art     : Starting a blocking GC Explicit
08-05 04:13:25.825  5381  5381 I SettingsManager: Getting string: savedSessions
08-05 04:13:25.835  5381  5381 D SessionListsFragment: loadArgument: updateSessions
08-05 04:13:25.835  5381  5381 D SessionListsFragment: initialIndex: -1
08-05 04:13:25.837  5381  6443 D HTTP    : Request for: https://uob-timetable-api.adriankeenan.co.uk/sessions?dept=CM010&course=BSAIFAAF%2F02AA%2F0%2FFT&level=Foundation+Year
08-05 04:13:25.899  5381  5394 I art     : Explicit concurrent mark sweep GC freed 20281(970KB) AllocSpace objects, 4(1380KB) LOS objects, 30% free, 37MB/53MB, paused 826us total 78.120ms
08-05 04:13:25.920  5381  5394 I art     : Starting a blocking GC Explicit
08-05 04:13:25.924  5381  5381 D TermDatesFragment: WebView loaded
08-05 04:13:25.925  5381  5381 D MainActivity: OnResume
08-05 04:13:25.961   918   927 I art     : Background partial concurrent mark sweep GC freed 107034(11MB) AllocSpace objects, 167(3MB) LOS objects, 18% free, 69MB/85MB, paused 1.870ms total 300.397ms
08-05 04:13:25.986  5381  5394 I art     : Explicit concurrent mark sweep GC freed 2434(144KB) AllocSpace objects, 1(40KB) LOS objects, 30% free, 36MB/52MB, paused 700us total 65.670ms
08-05 04:13:26.006  5381  5394 I art     : Starting a blocking GC Explicit
08-05 04:13:26.015  5381  5381 I TermDatesFragment: Webview load %: 10
08-05 04:13:26.043   918   936 I ActivityManager: Displayed baseline.com.ak.uobtimetable/.MainActivity: +329ms
08-05 04:13:26.043 13866 13866 I GoogleInputMethodServic: GoogleInputMethodService.onFinishInput():3138 
08-05 04:13:26.044 13866 13866 I GoogleInputMethodServic: GoogleInputMethodService.onStartInput():1808 
08-05 04:13:26.067  5381  5394 I art     : Explicit concurrent mark sweep GC freed 29955(1382KB) AllocSpace objects, 8(392KB) LOS objects, 30% free, 36MB/52MB, paused 819us total 60.014ms
08-05 04:13:26.087  5381  5394 I art     : Starting a blocking GC Explicit
08-05 04:13:26.108  5381  5381 I TermDatesFragment: Webview load %: 70
08-05 04:13:26.116  5381  5381 I TermDatesFragment: Webview load %: 100
08-05 04:13:26.116  5381  5381 I TermDatesFragment: Webview load %: 100
08-05 04:13:26.132  5381  6443 I NAPPA_EXPERIMENTATION: MetricNetworkRequestExecutionTime: REQUEST_DURATION_SYSTEM='292',REQUEST_DURATION_OKHTTP='86',REQUEST_SYNCHRONOUS='TRUE',RESPONSE_CODE='200',RESPONSE_METHOD='GET',RESPONSE_LENGTH_OKHTTP='-1',RESPONSE_LENGTH_HEADER='1214',REQUEST_PROTOCOL='http/1.1',REQUEST_URL='https://uob-timetable-api.adriankeenan.co.uk/sessions?dept=CM010&course=BSAIFAAF%2F02AA%2F0%2FFT&level=Foundation+Year',
08-05 04:13:26.139  5381  5394 I art     : Explicit concurrent mark sweep GC freed 1472(157KB) AllocSpace objects, 0(0B) LOS objects, 30% free, 35MB/51MB, paused 594us total 52.302ms
08-05 04:13:26.158  5381  5394 I art     : Starting a blocking GC Explicit
08-05 04:13:26.180  5381  6443 I HTTP    : Response was compressed.
08-05 04:13:26.194  5381  6443 I Service : getSessions response time: 1.10
08-05 04:13:26.195  5381  5381 I SettingsManager: Getting string: savedSessions
08-05 04:13:26.196  5381  5381 I SettingsManager: Getting string: savedSessions
08-05 04:13:26.211  5381  5381 I Service : Sessions updated: 10
08-05 04:13:26.211  5381  5381 I Service : Sessions removed from new list: 0
08-05 04:13:26.219  5381  5394 I art     : Explicit concurrent mark sweep GC freed 11819(530KB) AllocSpace objects, 2(32KB) LOS objects, 30% free, 36MB/52MB, paused 1.073ms total 59.855ms
08-05 04:13:26.229  5381  5381 I SettingsManager: Setting string: savedSessions
08-05 04:13:26.229   512  2967 D audio_hw_primary: disable_audio_route: reset and update mixer path: low-latency-playback speaker
08-05 04:13:26.231   512  2967 D audio_hw_primary: disable_snd_device: snd_device(2: speaker)
08-05 04:13:26.241   918  3359 W BackupManagerService: dataChanged but no participant pkg='baseline.com.ak.uobtimetable' uid=10684
08-05 04:13:26.243  5381  5381 I SettingsManager: Setting date: savedSessionsTime
08-05 04:13:26.245   512  2967 I soundtrigger: audio_extn_sound_trigger_update_device_status: device 0x2 of type 0 for Event 0
08-05 04:13:26.252   918  6111 W BackupManagerService: dataChanged but no participant pkg='baseline.com.ak.uobtimetable' uid=10684
08-05 04:13:26.253  5381  5381 I SettingsManager: Setting string: savedSessionsCourseName
08-05 04:13:26.257   918  5952 I AccountManagerService: getTypesVisibleToCaller: isPermitted? true
08-05 04:13:26.260   918  3714 W BackupManagerService: dataChanged but no participant pkg='baseline.com.ak.uobtimetable' uid=10684
08-05 04:13:26.260  5381  5381 I SettingsManager: Setting string: savedSessionsDateRange
08-05 04:13:26.260   918   929 W BackupManagerService: dataChanged but no participant pkg='baseline.com.ak.uobtimetable' uid=10684
08-05 04:13:26.260  5381  5381 I SettingsManager: Setting string: timetableUrl
08-05 04:13:26.261   918  4413 W BackupManagerService: dataChanged but no participant pkg='baseline.com.ak.uobtimetable' uid=10684
08-05 04:13:26.261  5381  5381 I SettingsManager: Getting boolean: notifySessionRemindersEnabled
08-05 04:13:26.261  5381  5381 I SettingsManager: Getting int: notifySessionRemindersMinutes
08-05 04:13:26.261  5381  5381 I SettingsManager: Getting boolean: showHiddenSessions
08-05 04:13:26.263  5381  5381 I SessionReminderNotifier: Created session reminder alarm for f7b4771250a919bd729c1c5a4a459c77 at Mon 08:30:00 10/08/20
08-05 04:13:26.265  5381  5381 I SessionReminderNotifier: Created session reminder alarm for a7f879aabdeb78622c8820a5fb7b64cd at Tue 08:30:00 11/08/20
08-05 04:13:26.267  5381  5381 I SessionReminderNotifier: Created session reminder alarm for 7bc8d7e2c2055711f597c3d9078c6ea3 at Tue 08:30:00 11/08/20
08-05 04:13:26.269  5381  5381 I SessionReminderNotifier: Created session reminder alarm for 53c0527a6f009a1f2fd223834d3bfe51 at Tue 10:30:00 11/08/20
08-05 04:13:26.272  5381  5381 I SessionReminderNotifier: Created session reminder alarm for e0fc978b5db8218778540b4053344581 at Tue 11:00:00 11/08/20
08-05 04:13:26.274  5381  5381 I SessionReminderNotifier: Created session reminder alarm for 199afb0100f329ff65a09e1b0cd9deba at Tue 11:30:00 11/08/20
08-05 04:13:26.276  5381  5381 I SessionReminderNotifier: Created session reminder alarm for 21712fef61090882c855a1425543edb5 at Tue 13:30:00 11/08/20
08-05 04:13:26.279  5381  5381 I SessionReminderNotifier: Created session reminder alarm for 65ca4d97f031f29a4d02bbb45a705d8f at Wed 08:30:00 05/08/20
08-05 04:13:26.281  5381  5381 I SessionReminderNotifier: Created session reminder alarm for eeda7741b0bcab58fd9f46dc6ef1d942 at Wed 08:30:00 05/08/20
08-05 04:13:26.283  5381  5381 I SessionReminderNotifier: Created session reminder alarm for c276c1b2075a0beb67f1b3d1e580f920 at Wed 11:00:00 05/08/20
08-05 04:13:26.285  5381  5381 I SessionReminderNotifier: Created session reminder alarm for 8b1f3627e42ae13a6f6ba0a83903dde1 at Wed 13:30:00 05/08/20
08-05 04:13:26.288  5381  5381 I SessionReminderNotifier: Created session reminder alarm for 79fe0b5c3b887a13ba29db5a33fa2800 at Thu 08:30:00 06/08/20
08-05 04:13:26.290  5381  5381 I SessionReminderNotifier: Created session reminder alarm for cb9dfc8231cdba2be0835dc5709690e1 at Thu 08:30:00 06/08/20
08-05 04:13:26.291  5381  5381 I SessionReminderNotifier: Created session reminder alarm for f850dc24d6de60b7b89fa9e1a8c224c5 at Thu 12:00:00 06/08/20
08-05 04:13:26.293  5381  5381 I SessionReminderNotifier: Created session reminder alarm for 2ba1034116e4fffdd592dbf0796a43d5 at Fri 08:30:00 07/08/20
08-05 04:13:26.293  5381  5381 I SettingsManager: Getting boolean: showHiddenSessions
08-05 04:13:26.293  5381  5381 D SessionListsFragment: 1 sessions for day 0
08-05 04:13:26.294  5381  5381 D SessionListsFragment: 6 sessions for day 1
08-05 04:13:26.294  5381  5381 D SessionListsFragment: 4 sessions for day 2
08-05 04:13:26.294  5381  5381 D SessionListsFragment: 3 sessions for day 3
08-05 04:13:26.294  5381  5381 D SessionListsFragment: 1 sessions for day 4
08-05 04:13:26.333  5381  5381 I SettingsManager: Getting boolean: showHiddenSessions
08-05 04:13:26.334  5381  5381 D SessionListsFragment: Refreshed ViewPager
08-05 04:13:26.334  5381  5381 I SettingsManager: Getting boolean: showHiddenSessions
08-05 04:13:26.334  5381  5381 I SettingsManager: Getting boolean: completedTutorial
08-05 04:13:26.334  5381  5381 I SettingsManager: Getting boolean: showHiddenSessions
08-05 04:13:26.335  5381  5381 I SettingsManager: Getting date: savedSessionsTime
08-05 04:13:26.515  5381  5864 I art     : Starting a blocking GC Explicit
08-05 04:13:26.616  5381  5864 I art     : Explicit concurrent mark sweep GC freed 95705(3MB) AllocSpace objects, 4(80KB) LOS objects, 30% free, 37MB/53MB, paused 1.272ms total 100.443ms
08-05 04:13:26.638  5381  5864 I art     : Starting a blocking GC Explicit
08-05 04:13:26.707  5381  5864 I art     : Explicit concurrent mark sweep GC freed 35081(1512KB) AllocSpace objects, 0(0B) LOS objects, 30% free, 36MB/52MB, paused 1.256ms total 68.816ms
08-05 04:13:26.727  5381  5864 I art     : Starting a blocking GC Explicit
08-05 04:13:26.798  5381  5864 I art     : Explicit concurrent mark sweep GC freed 32481(1341KB) AllocSpace objects, 0(0B) LOS objects, 30% free, 37MB/53MB, paused 1.301ms total 70.007ms
08-05 04:13:26.829  5381  5864 I art     : Starting a blocking GC Explicit
08-05 04:13:26.904  5381  5864 I art     : Explicit concurrent mark sweep GC freed 36617(1505KB) AllocSpace objects, 0(0B) LOS objects, 30% free, 37MB/53MB, paused 1.360ms total 74.070ms
08-05 04:13:26.926  5381  5864 I art     : Starting a blocking GC Explicit
08-05 04:13:27.010  5381  5864 I art     : Explicit concurrent mark sweep GC freed 30143(1249KB) AllocSpace objects, 0(0B) LOS objects, 29% free, 37MB/53MB, paused 1.440ms total 83.888ms
08-05 04:13:27.013 24577 24587 I art     : Background sticky concurrent mark sweep GC freed 238151(6MB) AllocSpace objects, 4(80KB) LOS objects, 9% free, 46MB/51MB, paused 8.313ms total 74.853ms
08-05 04:13:27.152  5381  5381 I Choreographer: Skipped 48 frames!  The application may be doing too much work on its main thread.
08-05 04:13:27.327  5381  5864 I art     : Starting a blocking GC Explicit
08-05 04:13:27.405  5381  5864 I art     : Explicit concurrent mark sweep GC freed 50677(2MB) AllocSpace objects, 1(20KB) LOS objects, 29% free, 37MB/53MB, paused 700us total 77.055ms
08-05 04:13:27.427  5381  5864 I art     : Starting a blocking GC Explicit
08-05 04:13:27.481  5381  5864 I art     : Explicit concurrent mark sweep GC freed 123086(11MB) AllocSpace objects, 3(136KB) LOS objects, 37% free, 26MB/42MB, paused 491us total 54.503ms
08-05 04:13:27.496  5381  5864 I art     : Starting a blocking GC Explicit
08-05 04:13:27.531  5381  5864 I art     : Explicit concurrent mark sweep GC freed 3(96B) AllocSpace objects, 0(0B) LOS objects, 37% free, 26MB/42MB, paused 499us total 34.616ms
08-05 04:13:27.545  5381  5864 I art     : Starting a blocking GC Explicit
08-05 04:13:27.582  5381  5864 I art     : Explicit concurrent mark sweep GC freed 4(160B) AllocSpace objects, 0(0B) LOS objects, 37% free, 26MB/42MB, paused 516us total 36.684ms
08-05 04:13:27.597  5381  5864 I art     : Starting a blocking GC Explicit
08-05 04:13:27.638  5381  5864 I art     : Explicit concurrent mark sweep GC freed 3(96B) AllocSpace objects, 0(0B) LOS objects, 37% free, 26MB/42MB, paused 549us total 40.765ms
08-05 04:13:27.982  5381  5864 I art     : Starting a blocking GC Explicit
08-05 04:13:28.012 24577 24587 I art     : Background partial concurrent mark sweep GC freed 285478(7MB) AllocSpace objects, 2(216KB) LOS objects, 25% free, 45MB/61MB, paused 3.233ms total 116.312ms
08-05 04:13:28.022  5381  5864 I art     : Explicit concurrent mark sweep GC freed 1352(77KB) AllocSpace objects, 1(20KB) LOS objects, 37% free, 26MB/42MB, paused 522us total 39.661ms
08-05 04:13:28.036  5381  5864 I art     : Starting a blocking GC Explicit
08-05 04:13:28.072  5381  5864 I art     : Explicit concurrent mark sweep GC freed 50(1664B) AllocSpace objects, 0(0B) LOS objects, 37% free, 26MB/42MB, paused 709us total 36.203ms
08-05 04:13:28.086  5381  5864 I art     : Starting a blocking GC Explicit
08-05 04:13:28.123  5381  5864 I art     : Explicit concurrent mark sweep GC freed 33(1056B) AllocSpace objects, 0(0B) LOS objects, 37% free, 26MB/42MB, paused 727us total 36.429ms
08-05 04:13:28.137  5381  5864 I art     : Starting a blocking GC Explicit
08-05 04:13:28.180  5381  5864 I art     : Explicit concurrent mark sweep GC freed 32(1024B) AllocSpace objects, 0(0B) LOS objects, 37% free, 26MB/42MB, paused 569us total 41.947ms
08-05 04:13:28.195  5381  5864 I art     : Starting a blocking GC Explicit
08-05 04:13:28.235  5381  5864 I art     : Explicit concurrent mark sweep GC freed 4(160B) AllocSpace objects, 0(0B) LOS objects, 37% free, 26MB/42MB, paused 534us total 39.926ms
08-05 04:13:28.569  5381  5392 I art     : Starting a blocking GC Explicit
08-05 04:13:28.624  5381  5392 I art     : Explicit concurrent mark sweep GC freed 1293(75KB) AllocSpace objects, 1(20KB) LOS objects, 37% free, 26MB/42MB, paused 587us total 54.735ms
08-05 04:13:28.642  5381  5392 I art     : Starting a blocking GC Explicit
08-05 04:13:28.690  5381  5392 I art     : Explicit concurrent mark sweep GC freed 18(624B) AllocSpace objects, 0(0B) LOS objects, 37% free, 26MB/42MB, paused 569us total 47.279ms
08-05 04:13:28.706  5381  5392 I art     : Starting a blocking GC Explicit
08-05 04:13:28.749  5381  5392 I art     : Explicit concurrent mark sweep GC freed 3(96B) AllocSpace objects, 0(0B) LOS objects, 37% free, 26MB/42MB, paused 569us total 43.026ms
08-05 04:13:28.765  5381  5392 I art     : Starting a blocking GC Explicit
08-05 04:13:28.812  5381  5392 I art     : Explicit concurrent mark sweep GC freed 3(96B) AllocSpace objects, 0(0B) LOS objects, 37% free, 26MB/42MB, paused 530us total 46.367ms
08-05 04:13:28.828  5381  5392 I art     : Starting a blocking GC Explicit
08-05 04:13:28.872  5381  5392 I art     : Explicit concurrent mark sweep GC freed 3(96B) AllocSpace objects, 0(0B) LOS objects, 37% free, 26MB/42MB, paused 546us total 43.602ms
08-05 04:13:29.211  5381  5394 I art     : Starting a blocking GC Explicit
08-05 04:13:29.257  5381  5394 I art     : Explicit concurrent mark sweep GC freed 1293(75KB) AllocSpace objects, 1(20KB) LOS objects, 37% free, 26MB/42MB, paused 529us total 45.791ms
08-05 04:13:29.273  5381  5394 I art     : Starting a blocking GC Explicit
08-05 04:13:29.321  5381  5394 I art     : Explicit concurrent mark sweep GC freed 18(624B) AllocSpace objects, 0(0B) LOS objects, 37% free, 26MB/42MB, paused 589us total 47.171ms
08-05 04:13:29.341  5381  5394 I art     : Starting a blocking GC Explicit
08-05 04:13:29.387  5381  5394 I art     : Explicit concurrent mark sweep GC freed 3(96B) AllocSpace objects, 0(0B) LOS objects, 37% free, 26MB/42MB, paused 550us total 45.716ms
08-05 04:13:29.403  5381  5394 I art     : Starting a blocking GC Explicit
08-05 04:13:29.448  5381  5394 I art     : Explicit concurrent mark sweep GC freed 3(96B) AllocSpace objects, 0(0B) LOS objects, 37% free, 26MB/42MB, paused 551us total 44.938ms
08-05 04:13:29.464  5381  5394 I art     : Starting a blocking GC Explicit
08-05 04:13:29.510  5381  5394 I art     : Explicit concurrent mark sweep GC freed 3(96B) AllocSpace objects, 0(0B) LOS objects, 37% free, 26MB/42MB, paused 530us total 46.398ms
08-05 04:13:29.848  5381  5401 I art     : Starting a blocking GC Explicit
08-05 04:13:29.870   518   646 I ThermalEngine: ACTION: GPU - Setting GPU[0] to 510000000
08-05 04:13:29.903  5381  5401 I art     : Explicit concurrent mark sweep GC freed 1293(75KB) AllocSpace objects, 1(20KB) LOS objects, 37% free, 26MB/42MB, paused 541us total 54.582ms
08-05 04:13:29.917  5381  5401 I art     : Starting a blocking GC Explicit
08-05 04:13:29.950  5381  5401 I art     : Explicit concurrent mark sweep GC freed 18(624B) AllocSpace objects, 0(0B) LOS objects, 37% free, 26MB/42MB, paused 365us total 32.414ms
08-05 04:13:29.962  5381  5401 I art     : Starting a blocking GC Explicit
08-05 04:13:29.994  5381  5401 I art     : Explicit concurrent mark sweep GC freed 7(224B) AllocSpace objects, 0(0B) LOS objects, 37% free, 26MB/42MB, paused 383us total 31.765ms
08-05 04:13:30.006  5381  5401 I art     : Starting a blocking GC Explicit
08-05 04:13:30.039  5381  5401 I art     : Explicit concurrent mark sweep GC freed 12(560B) AllocSpace objects, 0(0B) LOS objects, 37% free, 26MB/42MB, paused 381us total 33.066ms
08-05 04:13:30.051  5381  5401 I art     : Starting a blocking GC Explicit
08-05 04:13:30.083  5381  5401 I art     : Explicit concurrent mark sweep GC freed 14(512B) AllocSpace objects, 0(0B) LOS objects, 37% free, 26MB/42MB, paused 361us total 32.175ms
08-05 04:13:30.313  6514  6514 D AndroidRuntime: >>>>>> START com.android.internal.os.RuntimeInit uid 2000 <<<<<<
08-05 04:13:30.319  6514  6514 D AndroidRuntime: CheckJNI is OFF
08-05 04:13:30.352  6514  6514 D ICU     : No timezone override file found: /data/misc/zoneinfo/current/icu/icu_tzdata.dat
08-05 04:13:30.384  6514  6514 I Radio-JNI: register_android_hardware_Radio DONE
08-05 04:13:30.389  5381  5401 I art     : Starting a blocking GC Explicit
08-05 04:13:30.406  6514  6514 D AndroidRuntime: Calling main entry com.android.commands.input.Input
08-05 04:13:30.407  6514  6514 I Input   : injectMotionEvent: MotionEvent { action=ACTION_DOWN, actionButton=0, id[0]=0, x[0]=81.0, y[0]=176.0, toolType[0]=TOOL_TYPE_UNKNOWN, buttonState=0, metaState=0, flags=0x0, edgeFlags=0x0, pointerCount=1, historySize=0, eventTime=764026820, downTime=764026820, deviceId=0, source=0x1002 }
08-05 04:13:30.412  6514  6514 I Input   : injectMotionEvent: MotionEvent { action=ACTION_UP, actionButton=0, id[0]=0, x[0]=81.0, y[0]=176.0, toolType[0]=TOOL_TYPE_UNKNOWN, buttonState=0, metaState=0, flags=0x0, edgeFlags=0x0, pointerCount=1, historySize=0, eventTime=764026820, downTime=764026820, deviceId=0, source=0x1002 }
08-05 04:13:30.415  6514  6514 D AndroidRuntime: Shutting down VM
08-05 04:13:30.422  5381  5401 I art     : Explicit concurrent mark sweep GC freed 1354(77KB) AllocSpace objects, 1(20KB) LOS objects, 37% free, 26MB/42MB, paused 535us total 33.307ms
08-05 04:13:30.429   512  2967 D audio_hw_primary: out_set_parameters: enter: usecase(1: low-latency-playback) kvpairs: routing=2
08-05 04:13:30.436  5381  5401 I art     : Starting a blocking GC Explicit
08-05 04:13:30.441   512  2967 D audio_hw_primary: select_devices: out_snd_device(2: speaker) in_snd_device(0: none)
08-05 04:13:30.442   512  2967 D msm8974_platform: platform_send_audio_calibration: sending audio calibration for snd_device(2) acdb_id(15)
08-05 04:13:30.442   512  2967 I soundtrigger: audio_extn_sound_trigger_update_device_status: device 0x2 of type 0 for Event 1
08-05 04:13:30.452   512  2967 D audio_hw_primary: enable_snd_device: snd_device(2: speaker)
08-05 04:13:30.454   512  2967 D audio_hw_primary: enable_audio_route: apply and update mixer path: low-latency-playback speaker
08-05 04:13:30.459 13866 13866 I GoogleInputMethodServic: GoogleInputMethodService.onFinishInput():3138 
08-05 04:13:30.460 13866 13866 I GoogleInputMethodServic: GoogleInputMethodService.onStartInput():1808 
08-05 04:13:30.465  5381  5401 I art     : Explicit concurrent mark sweep GC freed 201(7KB) AllocSpace objects, 0(0B) LOS objects, 37% free, 26MB/42MB, paused 382us total 29.316ms
08-05 04:13:30.477  5381  5401 I art     : Starting a blocking GC Explicit
08-05 04:13:30.506  5381  5401 I art     : Explicit concurrent mark sweep GC freed 157(10KB) AllocSpace objects, 0(0B) LOS objects, 37% free, 26MB/42MB, paused 353us total 28.917ms
08-05 04:13:30.517  5381  5401 I art     : Starting a blocking GC Explicit
08-05 04:13:30.547  5381  5401 I art     : Explicit concurrent mark sweep GC freed 258(13KB) AllocSpace objects, 0(0B) LOS objects, 37% free, 26MB/42MB, paused 380us total 29.800ms
08-05 04:13:30.558  5381  5401 I art     : Starting a blocking GC Explicit
08-05 04:13:30.588  5381  5401 I art     : Explicit concurrent mark sweep GC freed 13(576B) AllocSpace objects, 0(0B) LOS objects, 37% free, 26MB/42MB, paused 376us total 29.266ms
08-05 04:13:30.861  5381  5394 I art     : Starting a blocking GC Explicit
08-05 04:13:30.900  5381  5394 I art     : Explicit concurrent mark sweep GC freed 1296(75KB) AllocSpace objects, 1(20KB) LOS objects, 37% free, 26MB/42MB, paused 347us total 38.571ms
08-05 04:13:30.914  5381  5394 I art     : Starting a blocking GC Explicit
08-05 04:13:30.948  5381  5394 I art     : Explicit concurrent mark sweep GC freed 20(688B) AllocSpace objects, 0(0B) LOS objects, 37% free, 26MB/42MB, paused 341us total 34.047ms
08-05 04:13:30.960  5381  5394 I art     : Starting a blocking GC Explicit
08-05 04:13:30.993  5381  5394 I art     : Explicit concurrent mark sweep GC freed 3(96B) AllocSpace objects, 0(0B) LOS objects, 37% free, 26MB/42MB, paused 391us total 32.308ms
08-05 04:13:30.998   512  2967 D audio_hw_primary: disable_audio_route: reset and update mixer path: low-latency-playback speaker
08-05 04:13:30.999   512  2967 D audio_hw_primary: disable_snd_device: snd_device(2: speaker)
08-05 04:13:31.005  5381  5394 I art     : Starting a blocking GC Explicit
08-05 04:13:31.007   512  2967 I soundtrigger: audio_extn_sound_trigger_update_device_status: device 0x2 of type 0 for Event 0
08-05 04:13:31.037  5381  5394 I art     : Explicit concurrent mark sweep GC freed 3(96B) AllocSpace objects, 0(0B) LOS objects, 37% free, 26MB/42MB, paused 382us total 32.386ms
08-05 04:13:31.049  5381  5394 I art     : Starting a blocking GC Explicit
08-05 04:13:31.083  5381  5394 I art     : Explicit concurrent mark sweep GC freed 5(160B) AllocSpace objects, 0(0B) LOS objects, 37% free, 26MB/42MB, paused 365us total 33.407ms
08-05 04:13:31.316   918  1210 D NetlinkSocketObserver: NeighborEvent{elapsedMs=1747415191, 192.168.2.254, [7C3953A63323], RTM_NEWNEIGH, NUD_REACHABLE}
08-05 04:13:31.379  5381  5392 I art     : Starting a blocking GC Explicit
08-05 04:13:31.424  5381  5392 I art     : Explicit concurrent mark sweep GC freed 1293(75KB) AllocSpace objects, 1(20KB) LOS objects, 37% free, 26MB/42MB, paused 420us total 44.652ms
08-05 04:13:31.439  5381  5392 I art     : Starting a blocking GC Explicit
08-05 04:13:31.474  5381  5392 I art     : Explicit concurrent mark sweep GC freed 18(624B) AllocSpace objects, 0(0B) LOS objects, 37% free, 26MB/42MB, paused 379us total 35.386ms
08-05 04:13:31.487  5381  5392 I art     : Starting a blocking GC Explicit
08-05 04:13:31.521  5381  5392 I art     : Explicit concurrent mark sweep GC freed 3(96B) AllocSpace objects, 0(0B) LOS objects, 37% free, 26MB/42MB, paused 381us total 34.055ms
08-05 04:13:31.533  5381  5392 I art     : Starting a blocking GC Explicit
08-05 04:13:31.568  5381  5392 I art     : Explicit concurrent mark sweep GC freed 3(96B) AllocSpace objects, 0(0B) LOS objects, 37% free, 26MB/42MB, paused 388us total 34.295ms
08-05 04:13:31.580  5381  5392 I art     : Starting a blocking GC Explicit
08-05 04:13:31.615  5381  5392 I art     : Explicit concurrent mark sweep GC freed 3(96B) AllocSpace objects, 0(0B) LOS objects, 37% free, 26MB/42MB, paused 371us total 34.098ms
08-05 04:13:31.887  5381  5401 I art     : Starting a blocking GC Explicit
08-05 04:13:31.929  5381  5401 I art     : Explicit concurrent mark sweep GC freed 1293(75KB) AllocSpace objects, 1(20KB) LOS objects, 37% free, 26MB/42MB, paused 378us total 42.444ms
08-05 04:13:31.942  5381  5401 I art     : Starting a blocking GC Explicit
08-05 04:13:31.976  5381  5401 I art     : Explicit concurrent mark sweep GC freed 18(624B) AllocSpace objects, 0(0B) LOS objects, 37% free, 26MB/42MB, paused 369us total 34.221ms
08-05 04:13:31.988  5381  5401 I art     : Starting a blocking GC Explicit
08-05 04:13:32.021  5381  5401 I art     : Explicit concurrent mark sweep GC freed 3(96B) AllocSpace objects, 0(0B) LOS objects, 37% free, 26MB/42MB, paused 417us total 32.281ms
08-05 04:13:32.033  5381  5401 I art     : Starting a blocking GC Explicit
08-05 04:13:32.065  5381  5401 I art     : Explicit concurrent mark sweep GC freed 4(128B) AllocSpace objects, 0(0B) LOS objects, 37% free, 26MB/42MB, paused 382us total 32.484ms
08-05 04:13:32.072  6557  6557 D AndroidRuntime: >>>>>> START com.android.internal.os.RuntimeInit uid 2000 <<<<<<
08-05 04:13:32.078  5381  5401 I art     : Starting a blocking GC Explicit
08-05 04:13:32.078  6557  6557 D AndroidRuntime: CheckJNI is OFF
08-05 04:13:32.110  5381  5401 I art     : Explicit concurrent mark sweep GC freed 7(224B) AllocSpace objects, 0(0B) LOS objects, 37% free, 26MB/42MB, paused 392us total 31.612ms
08-05 04:13:32.112  6557  6557 D ICU     : No timezone override file found: /data/misc/zoneinfo/current/icu/icu_tzdata.dat
08-05 04:13:32.147  6557  6557 I Radio-JNI: register_android_hardware_Radio DONE
08-05 04:13:32.167  6557  6557 D AndroidRuntime: Calling main entry com.android.commands.input.Input
08-05 04:13:32.169  6557  6557 I Input   : injectMotionEvent: MotionEvent { action=ACTION_DOWN, actionButton=0, id[0]=0, x[0]=436.0, y[0]=1770.0, toolType[0]=TOOL_TYPE_UNKNOWN, buttonState=0, metaState=0, flags=0x0, edgeFlags=0x0, pointerCount=1, historySize=0, eventTime=764028581, downTime=764028581, deviceId=0, source=0x1002 }
08-05 04:13:32.173  6557  6557 I Input   : injectMotionEvent: MotionEvent { action=ACTION_UP, actionButton=0, id[0]=0, x[0]=436.0, y[0]=1770.0, toolType[0]=TOOL_TYPE_UNKNOWN, buttonState=0, metaState=0, flags=0x0, edgeFlags=0x0, pointerCount=1, historySize=0, eventTime=764028581, downTime=764028581, deviceId=0, source=0x1002 }
08-05 04:13:32.174  6557  6557 D AndroidRuntime: Shutting down VM
08-05 04:13:32.178  5381  5381 D MainActivity: NavigationItemSelected: Courses
08-05 04:13:32.179   512  2967 D audio_hw_primary: out_set_parameters: enter: usecase(1: low-latency-playback) kvpairs: routing=2
08-05 04:13:32.180   918  4413 I ActivityManager: START u0 {cmp=baseline.com.ak.uobtimetable/.CourseListActivity} from uid 10684 on display 0
08-05 04:13:32.193   512  2967 D audio_hw_primary: select_devices: out_snd_device(2: speaker) in_snd_device(0: none)
08-05 04:13:32.193   512  2967 D msm8974_platform: platform_send_audio_calibration: sending audio calibration for snd_device(2) acdb_id(15)
08-05 04:13:32.193   512  2967 I soundtrigger: audio_extn_sound_trigger_update_device_status: device 0x2 of type 0 for Event 1
08-05 04:13:32.204   512  2967 D audio_hw_primary: enable_snd_device: snd_device(2: speaker)
08-05 04:13:32.205  5381  5381 D MainActivity: OnPause
08-05 04:13:32.207   512  2967 D audio_hw_primary: enable_audio_route: apply and update mixer path: low-latency-playback speaker
08-05 04:13:32.236  5381  5381 D CourseListActivity: onCreate
08-05 04:13:32.238  5381  6580 D HTTP    : Request for: https://uob-timetable-api.adriankeenan.co.uk/courses
08-05 04:13:32.284  1294  1294 I ServiceManager: Waiting for service AtCmdFwd...
08-05 04:13:32.305 13866 13866 I GoogleInputMethodServic: GoogleInputMethodService.onFinishInput():3138 
08-05 04:13:32.305 13866 13866 I GoogleInputMethodServic: GoogleInputMethodService.onStartInput():1808 
08-05 04:13:32.305   918   936 I ActivityManager: Displayed baseline.com.ak.uobtimetable/.CourseListActivity: +100ms
08-05 04:13:32.373  5381  5864 I art     : Starting a blocking GC Explicit
08-05 04:13:32.407  5381  5864 I art     : Explicit concurrent mark sweep GC freed 6351(346KB) AllocSpace objects, 3(140KB) LOS objects, 37% free, 26MB/42MB, paused 474us total 33.941ms
08-05 04:13:32.420  5381  5864 I art     : Starting a blocking GC Explicit
08-05 04:13:32.435  5381  6580 I NAPPA_EXPERIMENTATION: MetricNetworkRequestExecutionTime: REQUEST_DURATION_SYSTEM='196',REQUEST_DURATION_OKHTTP='43',REQUEST_SYNCHRONOUS='TRUE',RESPONSE_CODE='200',RESPONSE_METHOD='GET',RESPONSE_LENGTH_OKHTTP='-1',RESPONSE_LENGTH_HEADER='-2',REQUEST_PROTOCOL='http/1.1',REQUEST_URL='https://uob-timetable-api.adriankeenan.co.uk/courses',
08-05 04:13:32.454  5381  5864 I art     : Explicit concurrent mark sweep GC freed 1725(168KB) AllocSpace objects, 1(80KB) LOS objects, 37% free, 27MB/43MB, paused 387us total 33.133ms
08-05 04:13:32.467  5381  5864 I art     : Starting a blocking GC Explicit
08-05 04:13:32.502  5381  5864 I art     : Explicit concurrent mark sweep GC freed 49(1664B) AllocSpace objects, 0(0B) LOS objects, 34% free, 30MB/46MB, paused 382us total 34.065ms
08-05 04:13:32.514  5381  5864 I art     : Starting a blocking GC Explicit
08-05 04:13:32.547  5381  5864 I art     : Explicit concurrent mark sweep GC freed 15(384B) AllocSpace objects, 0(0B) LOS objects, 32% free, 33MB/49MB, paused 416us total 32.491ms
08-05 04:13:32.559  5381  5864 I art     : Starting a blocking GC Explicit
08-05 04:13:32.591  5381  5864 I art     : Explicit concurrent mark sweep GC freed 53(2160B) AllocSpace objects, 0(0B) LOS objects, 30% free, 36MB/52MB, paused 926us total 31.439ms
08-05 04:13:32.677  5381  5381 D MainActivity: Saving state
08-05 04:13:32.677  5381  5381 D MainActivity: Saving current fragment: SessionListsFragment
08-05 04:13:32.677  5381  5381 D MainActivity: Saving current index: 2
08-05 04:13:32.678  5381  5381 D SessionListsFragment: Saving state
08-05 04:13:32.739   512  2967 D audio_hw_primary: disable_audio_route: reset and update mixer path: low-latency-playback speaker
08-05 04:13:32.739   512  2967 D audio_hw_primary: disable_snd_device: snd_device(2: speaker)
08-05 04:13:32.748   512  2967 I soundtrigger: audio_extn_sound_trigger_update_device_status: device 0x2 of type 0 for Event 0
08-05 04:13:32.804  5381  6580 I HTTP    : Response was compressed.
08-05 04:13:32.873  5381  5864 I art     : Waiting for a blocking GC Explicit
08-05 04:13:32.906  5381  5864 I art     : WaitForGcToComplete blocked for 32.183ms for cause Explicit
08-05 04:13:32.906  5381  5864 I art     : Starting a blocking GC Explicit
08-05 04:13:32.942  5381  5864 I art     : Explicit concurrent mark sweep GC freed 21574(1042KB) AllocSpace objects, 0(0B) LOS objects, 27% free, 42MB/58MB, paused 652us total 35.841ms
08-05 04:13:32.953  5381  5864 I art     : Starting a blocking GC Explicit
08-05 04:13:32.989  5381  5864 I art     : Explicit concurrent mark sweep GC freed 26246(1232KB) AllocSpace objects, 0(0B) LOS objects, 27% free, 42MB/58MB, paused 642us total 35.302ms
08-05 04:13:33.001  5381  5864 I art     : Starting a blocking GC Explicit
08-05 04:13:33.037  5381  5864 I art     : Explicit concurrent mark sweep GC freed 26408(1233KB) AllocSpace objects, 0(0B) LOS objects, 27% free, 42MB/58MB, paused 645us total 36.168ms
08-05 04:13:33.049  5381  5864 I art     : Starting a blocking GC Explicit
08-05 04:13:33.086  5381  5864 I art     : Explicit concurrent mark sweep GC freed 26714(1260KB) AllocSpace objects, 0(0B) LOS objects, 27% free, 42MB/58MB, paused 702us total 36.599ms
08-05 04:13:33.098  5381  5864 I art     : Starting a blocking GC Explicit
08-05 04:13:33.135  5381  5864 I art     : Explicit concurrent mark sweep GC freed 26854(1261KB) AllocSpace objects, 0(0B) LOS objects, 27% free, 42MB/58MB, paused 728us total 37.412ms
08-05 04:13:33.285  1294  1294 I ServiceManager: Waiting for service AtCmdFwd...
08-05 04:13:33.428  5381  5394 I art     : Starting a blocking GC Explicit
08-05 04:13:33.485  5381  5394 I art     : Explicit concurrent mark sweep GC freed 183074(8MB) AllocSpace objects, 1(20KB) LOS objects, 26% free, 44MB/60MB, paused 670us total 57.078ms
08-05 04:13:33.499  5381  5394 I art     : Starting a blocking GC Explicit
08-05 04:13:33.540  5381  5394 I art     : Explicit concurrent mark sweep GC freed 35873(1694KB) AllocSpace objects, 0(0B) LOS objects, 26% free, 44MB/60MB, paused 723us total 40.475ms
08-05 04:13:33.553  5381  5394 I art     : Starting a blocking GC Explicit
08-05 04:13:33.595  5381  5394 I art     : Explicit concurrent mark sweep GC freed 30607(1432KB) AllocSpace objects, 0(0B) LOS objects, 26% free, 44MB/60MB, paused 792us total 42.346ms
08-05 04:13:33.609  5381  5394 I art     : Starting a blocking GC Explicit
08-05 04:13:33.653  5381  5394 I art     : Explicit concurrent mark sweep GC freed 30999(1477KB) AllocSpace objects, 0(0B) LOS objects, 26% free, 44MB/60MB, paused 833us total 43.597ms
08-05 04:13:33.667  5381  5394 I art     : Starting a blocking GC Explicit
08-05 04:13:33.710  5381  5394 I art     : Explicit concurrent mark sweep GC freed 31039(1459KB) AllocSpace objects, 0(0B) LOS objects, 26% free, 45MB/61MB, paused 884us total 43.328ms
08-05 04:13:33.883   518   646 I ThermalEngine: ACTION: GPU - Setting GPU[0] to 450000000
08-05 04:13:34.017  5381  5401 I art     : Starting a blocking GC Explicit
08-05 04:13:34.096  5381  5401 I art     : Explicit concurrent mark sweep GC freed 199235(9MB) AllocSpace objects, 1(20KB) LOS objects, 25% free, 47MB/63MB, paused 1.029ms total 78.430ms
08-05 04:13:34.116  5381  5401 I art     : Starting a blocking GC Explicit
08-05 04:13:34.176  5381  5401 I art     : Explicit concurrent mark sweep GC freed 51491(2MB) AllocSpace objects, 0(0B) LOS objects, 25% free, 47MB/63MB, paused 1.240ms total 60.504ms
08-05 04:13:34.196  5381  5401 I art     : Starting a blocking GC Explicit
08-05 04:13:34.243 24365 21562 I NetworkScheduler.Stats: Task com.google.android.gms/com.google.android.gms.icing.service.IcingGcmTaskService started execution. cause:4 exec_start_elapsed_seconds: 1747418 [CONTEXT service_id=218 ]
08-05 04:13:34.252 24365 29098 I NetworkScheduler.Stats: Task com.google.android.gms/com.google.android.gms.icing.service.IcingGcmTaskService finished executing. cause:4 result: 1 elapsed_millis: 27 uptime_millis: 27 exec_start_elapsed_seconds: 1747418 [CONTEXT service_id=218 ]
08-05 04:13:34.255  5381  5401 I art     : Explicit concurrent mark sweep GC freed 41364(1938KB) AllocSpace objects, 0(0B) LOS objects, 25% free, 47MB/63MB, paused 1.171ms total 58.820ms
08-05 04:13:34.273  5381  5401 I art     : Starting a blocking GC Explicit
08-05 04:13:34.285  1294  1294 I ServiceManager: Waiting for service AtCmdFwd...
08-05 04:13:34.334  5381  5401 I art     : Explicit concurrent mark sweep GC freed 39442(1856KB) AllocSpace objects, 0(0B) LOS objects, 25% free, 47MB/63MB, paused 1.300ms total 60.905ms
08-05 04:13:34.354  5381  5401 I art     : Starting a blocking GC Explicit
08-05 04:13:34.418  5381  5401 I art     : Explicit concurrent mark sweep GC freed 43453(2046KB) AllocSpace objects, 0(0B) LOS objects, 25% free, 47MB/63MB, paused 1.304ms total 63.579ms
08-05 04:13:34.731  5381  5401 I art     : Starting a blocking GC Explicit
08-05 04:13:34.823  5381  5401 I art     : Explicit concurrent mark sweep GC freed 205911(9MB) AllocSpace objects, 1(20KB) LOS objects, 24% free, 49MB/65MB, paused 1.411ms total 92.035ms
08-05 04:13:34.844  5381  5401 I art     : Starting a blocking GC Explicit
08-05 04:13:34.913  5381  5401 I art     : Explicit concurrent mark sweep GC freed 56065(2MB) AllocSpace objects, 0(0B) LOS objects, 24% free, 49MB/65MB, paused 1.347ms total 68.642ms
08-05 04:13:34.934  5381  5401 I art     : Starting a blocking GC Explicit
08-05 04:13:35.005  5381  5401 I art     : Explicit concurrent mark sweep GC freed 49778(2MB) AllocSpace objects, 0(0B) LOS objects, 24% free, 50MB/66MB, paused 1.317ms total 70.553ms
08-05 04:13:35.026  5381  5401 I art     : Starting a blocking GC Explicit
08-05 04:13:35.098  5381  5401 I art     : Explicit concurrent mark sweep GC freed 49666(2MB) AllocSpace objects, 0(0B) LOS objects, 24% free, 50MB/66MB, paused 1.529ms total 71.795ms
08-05 04:13:35.119  5381  5401 I art     : Starting a blocking GC Explicit
08-05 04:13:35.194  5381  5401 I art     : Explicit concurrent mark sweep GC freed 50961(2MB) AllocSpace objects, 0(0B) LOS objects, 23% free, 50MB/66MB, paused 1.481ms total 75.393ms
08-05 04:13:35.286  1294  1294 I ServiceManager: Waiting for service AtCmdFwd...
08-05 04:13:35.520  5381  5401 I art     : Starting a blocking GC Explicit
08-05 04:13:35.587  5381  6580 I Service : getCourses response time: 0.69
08-05 04:13:35.600  5381  5381 I SettingsManager: Getting string: savedCourse
08-05 04:13:35.617  5381  5401 I art     : Explicit concurrent mark sweep GC freed 218488(10MB) AllocSpace objects, 1(20KB) LOS objects, 23% free, 52MB/68MB, paused 657us total 96.564ms
08-05 04:13:35.640  5381  5401 I art     : Starting a blocking GC Explicit
08-05 04:13:35.714  5381  5401 I art     : Explicit concurrent mark sweep GC freed 3426(161KB) AllocSpace objects, 1(14MB) LOS objects, 29% free, 37MB/53MB, paused 1.095ms total 74.381ms
08-05 04:13:35.739  5381  5401 I art     : Starting a blocking GC Explicit
08-05 04:13:35.819  5381  5401 I art     : Explicit concurrent mark sweep GC freed 458(21KB) AllocSpace objects, 0(0B) LOS objects, 29% free, 37MB/53MB, paused 608us total 79.725ms
08-05 04:13:35.844  5381  5401 I art     : Starting a blocking GC Explicit
08-05 04:13:35.926  5381  5401 I art     : Explicit concurrent mark sweep GC freed 585(54KB) AllocSpace objects, 0(0B) LOS objects, 29% free, 37MB/53MB, paused 553us total 81.051ms
08-05 04:13:35.951  5381  5401 I art     : Waiting for a blocking GC Explicit
08-05 04:13:35.952  5381  5401 I art     : Starting a blocking GC Explicit
08-05 04:13:36.036  5381  5401 I art     : Explicit concurrent mark sweep GC freed 3(96B) AllocSpace objects, 0(0B) LOS objects, 29% free, 37MB/53MB, paused 551us total 83.049ms
08-05 04:13:36.287  1294  1294 I ServiceManager: Waiting for service AtCmdFwd...
08-05 04:13:36.391  5381  5864 I art     : Starting a blocking GC Explicit
08-05 04:13:36.493  5381  5864 I art     : Explicit concurrent mark sweep GC freed 1293(75KB) AllocSpace objects, 1(20KB) LOS objects, 29% free, 37MB/53MB, paused 549us total 101.700ms
08-05 04:13:36.523  5381  5864 I art     : Starting a blocking GC Explicit
08-05 04:13:36.607  5381  5864 I art     : Explicit concurrent mark sweep GC freed 18(624B) AllocSpace objects, 0(0B) LOS objects, 29% free, 37MB/53MB, paused 552us total 84.416ms
08-05 04:13:36.632  5381  5864 I art     : Starting a blocking GC Explicit
08-05 04:13:36.712  5381  5864 I art     : Explicit concurrent mark sweep GC freed 3(96B) AllocSpace objects, 0(0B) LOS objects, 29% free, 37MB/53MB, paused 542us total 79.885ms
08-05 04:13:36.737  5381  5864 I art     : Starting a blocking GC Explicit
08-05 04:13:36.818  5381  5864 I art     : Explicit concurrent mark sweep GC freed 3(96B) AllocSpace objects, 0(0B) LOS objects, 29% free, 37MB/53MB, paused 580us total 80.724ms
08-05 04:13:36.844  5381  5864 I art     : Starting a blocking GC Explicit
08-05 04:13:36.927  5381  5864 I art     : Explicit concurrent mark sweep GC freed 3(96B) AllocSpace objects, 0(0B) LOS objects, 29% free, 37MB/53MB, paused 565us total 83.082ms
08-05 04:13:37.287  1294  1294 W Atfwd_Sendcmd: AtCmdFwd service not published, waiting... retryCnt : 4
08-05 04:13:37.296  5381  5394 I art     : Starting a blocking GC Explicit
08-05 04:13:37.373  5381  5394 I art     : Explicit concurrent mark sweep GC freed 1296(75KB) AllocSpace objects, 1(20KB) LOS objects, 29% free, 37MB/53MB, paused 547us total 76.677ms
08-05 04:13:37.397  5381  5394 I art     : Starting a blocking GC Explicit
08-05 04:13:37.476  5381  5394 I art     : Explicit concurrent mark sweep GC freed 18(624B) AllocSpace objects, 0(0B) LOS objects, 29% free, 37MB/53MB, paused 574us total 78.411ms
08-05 04:13:37.502  5381  5394 I art     : Starting a blocking GC Explicit
08-05 04:13:37.581  5381  5394 I art     : Explicit concurrent mark sweep GC freed 3(96B) AllocSpace objects, 0(0B) LOS objects, 29% free, 37MB/53MB, paused 546us total 79.268ms
08-05 04:13:37.607  5381  5394 I art     : Starting a blocking GC Explicit
08-05 04:13:37.691  5381  5394 I art     : Explicit concurrent mark sweep GC freed 3(96B) AllocSpace objects, 0(0B) LOS objects, 29% free, 37MB/53MB, paused 542us total 83.853ms
08-05 04:13:37.717  5381  5394 I art     : Starting a blocking GC Explicit
08-05 04:13:37.798  5381  5394 I art     : Explicit concurrent mark sweep GC freed 3(96B) AllocSpace objects, 0(0B) LOS objects, 29% free, 37MB/53MB, paused 559us total 80.979ms
08-05 04:13:37.886   518   646 I ThermalEngine: ACTION: GPU - Setting GPU[0] to 510000000
08-05 04:13:38.147  5381  5401 I art     : Starting a blocking GC Explicit
08-05 04:13:38.217  5381  5401 I art     : Explicit concurrent mark sweep GC freed 1293(75KB) AllocSpace objects, 1(20KB) LOS objects, 29% free, 37MB/53MB, paused 382us total 69.712ms
08-05 04:13:38.237  5381  5401 I art     : Starting a blocking GC Explicit
08-05 04:13:38.294  5381  5401 I art     : Explicit concurrent mark sweep GC freed 18(624B) AllocSpace objects, 0(0B) LOS objects, 29% free, 37MB/53MB, paused 412us total 56.497ms
08-05 04:13:38.314  5381  5401 I art     : Starting a blocking GC Explicit
08-05 04:13:38.377  5381  5401 I art     : Explicit concurrent mark sweep GC freed 3(96B) AllocSpace objects, 0(0B) LOS objects, 29% free, 37MB/53MB, paused 383us total 62.186ms
08-05 04:13:38.397  5381  5401 I art     : Starting a blocking GC Explicit
08-05 04:13:38.456  5381  5401 I art     : Explicit concurrent mark sweep GC freed 3(96B) AllocSpace objects, 0(0B) LOS objects, 29% free, 37MB/53MB, paused 379us total 59.214ms
08-05 04:13:38.476  5381  5401 I art     : Starting a blocking GC Explicit
08-05 04:13:38.532  5381  5401 I art     : Explicit concurrent mark sweep GC freed 3(96B) AllocSpace objects, 0(0B) LOS objects, 29% free, 37MB/53MB, paused 408us total 56.116ms
08-05 04:13:38.840  5381  5864 I art     : Starting a blocking GC Explicit
08-05 04:13:38.841  6673  6673 D AndroidRuntime: >>>>>> START com.android.internal.os.RuntimeInit uid 2000 <<<<<<
08-05 04:13:38.846  6673  6673 D AndroidRuntime: CheckJNI is OFF
08-05 04:13:38.882  6673  6673 D ICU     : No timezone override file found: /data/misc/zoneinfo/current/icu/icu_tzdata.dat
08-05 04:13:38.905  5381  5864 I art     : Explicit concurrent mark sweep GC freed 1293(75KB) AllocSpace objects, 1(20KB) LOS objects, 29% free, 37MB/53MB, paused 418us total 65.182ms
08-05 04:13:38.919  6673  6673 I Radio-JNI: register_android_hardware_Radio DONE
08-05 04:13:38.925  5381  5864 I art     : Starting a blocking GC Explicit
08-05 04:13:38.941  6673  6673 D AndroidRuntime: Calling main entry com.android.commands.input.Input
08-05 04:13:38.943  6673  6673 I Input   : injectMotionEvent: MotionEvent { action=ACTION_DOWN, actionButton=0, id[0]=0, x[0]=648.0, y[0]=709.0, toolType[0]=TOOL_TYPE_UNKNOWN, buttonState=0, metaState=0, flags=0x0, edgeFlags=0x0, pointerCount=1, historySize=0, eventTime=764035356, downTime=764035356, deviceId=0, source=0x1002 }
08-05 04:13:38.949  6673  6673 I Input   : injectMotionEvent: MotionEvent { action=ACTION_UP, actionButton=0, id[0]=0, x[0]=648.0, y[0]=709.0, toolType[0]=TOOL_TYPE_UNKNOWN, buttonState=0, metaState=0, flags=0x0, edgeFlags=0x0, pointerCount=1, historySize=0, eventTime=764035356, downTime=764035356, deviceId=0, source=0x1002 }
08-05 04:13:38.951  6673  6673 D AndroidRuntime: Shutting down VM
08-05 04:13:38.980  5381  5864 I art     : Explicit concurrent mark sweep GC freed 33(1216B) AllocSpace objects, 0(0B) LOS objects, 29% free, 37MB/53MB, paused 402us total 55.263ms
08-05 04:13:39.000  5381  5864 I art     : Starting a blocking GC Explicit
08-05 04:13:39.017   512  2967 D audio_hw_primary: out_set_parameters: enter: usecase(1: low-latency-playback) kvpairs: routing=2
08-05 04:13:39.029   512  2967 D audio_hw_primary: select_devices: out_snd_device(2: speaker) in_snd_device(0: none)
08-05 04:13:39.030   512  2967 D msm8974_platform: platform_send_audio_calibration: sending audio calibration for snd_device(2) acdb_id(15)
08-05 04:13:39.030   512  2967 I soundtrigger: audio_extn_sound_trigger_update_device_status: device 0x2 of type 0 for Event 1
08-05 04:13:39.041   512  2967 D audio_hw_primary: enable_snd_device: snd_device(2: speaker)
08-05 04:13:39.043   512  2967 D audio_hw_primary: enable_audio_route: apply and update mixer path: low-latency-playback speaker
08-05 04:13:39.057  5381  5864 I art     : Explicit concurrent mark sweep GC freed 604(46KB) AllocSpace objects, 1(20KB) LOS objects, 29% free, 37MB/53MB, paused 449us total 57.518ms
08-05 04:13:39.078  5381  5864 I art     : Starting a blocking GC Explicit
08-05 04:13:39.134  5381  5864 I art     : Explicit concurrent mark sweep GC freed 242(14KB) AllocSpace objects, 0(0B) LOS objects, 29% free, 37MB/53MB, paused 410us total 55.978ms
08-05 04:13:39.153  5381  5864 I art     : Starting a blocking GC Explicit
08-05 04:13:39.215  5381  5864 I art     : Explicit concurrent mark sweep GC freed 41(1712B) AllocSpace objects, 0(0B) LOS objects, 29% free, 37MB/53MB, paused 423us total 62.241ms
08-05 04:13:39.313   918  3261 D WifiStateMachine: starting scan for "H369AA63323"WPA_PSK with 2412,5180
08-05 04:13:39.507  5381  5392 I art     : Starting a blocking GC Explicit
08-05 04:13:39.581   512  2967 D audio_hw_primary: disable_audio_route: reset and update mixer path: low-latency-playback speaker
08-05 04:13:39.584   512  2967 D audio_hw_primary: disable_snd_device: snd_device(2: speaker)
08-05 04:13:39.589  5381  5392 I art     : Explicit concurrent mark sweep GC freed 1297(75KB) AllocSpace objects, 1(20KB) LOS objects, 29% free, 37MB/53MB, paused 467us total 82.171ms
08-05 04:13:39.594   512  2967 I soundtrigger: audio_extn_sound_trigger_update_device_status: device 0x2 of type 0 for Event 0
08-05 04:13:39.615  5381  5392 I art     : Starting a blocking GC Explicit
08-05 04:13:39.679  5381  5392 I art     : Explicit concurrent mark sweep GC freed 24(816B) AllocSpace objects, 0(0B) LOS objects, 29% free, 37MB/53MB, paused 378us total 64.418ms
08-05 04:13:39.707  5381  5392 I art     : Starting a blocking GC Explicit
08-05 04:13:39.773  5381  5392 I art     : Explicit concurrent mark sweep GC freed 5(160B) AllocSpace objects, 0(0B) LOS objects, 29% free, 37MB/53MB, paused 414us total 66.349ms
08-05 04:13:39.799  5381  5392 I art     : Starting a blocking GC Explicit
08-05 04:13:39.862  5381  5392 I art     : Explicit concurrent mark sweep GC freed 3(96B) AllocSpace objects, 0(0B) LOS objects, 29% free, 37MB/53MB, paused 405us total 63.259ms
08-05 04:13:39.881  5381  5392 I art     : Starting a blocking GC Explicit
08-05 04:13:39.944  5381  5392 I art     : Explicit concurrent mark sweep GC freed 5(160B) AllocSpace objects, 0(0B) LOS objects, 29% free, 37MB/53MB, paused 398us total 62.477ms
08-05 04:13:40.259  5381  5394 I art     : Starting a blocking GC Explicit
08-05 04:13:40.325  5381  5394 I art     : Explicit concurrent mark sweep GC freed 1293(75KB) AllocSpace objects, 1(20KB) LOS objects, 29% free, 37MB/53MB, paused 402us total 65.694ms
08-05 04:13:40.344  5381  5394 I art     : Starting a blocking GC Explicit
08-05 04:13:40.404  5381  5394 I art     : Explicit concurrent mark sweep GC freed 18(624B) AllocSpace objects, 0(0B) LOS objects, 29% free, 37MB/53MB, paused 394us total 59.939ms
08-05 04:13:40.424  5381  5394 I art     : Starting a blocking GC Explicit
08-05 04:13:40.486  5381  5394 I art     : Explicit concurrent mark sweep GC freed 3(96B) AllocSpace objects, 0(0B) LOS objects, 29% free, 37MB/53MB, paused 394us total 61.359ms
08-05 04:13:40.505  5381  5394 I art     : Starting a blocking GC Explicit
08-05 04:13:40.567  5381  5394 I art     : Explicit concurrent mark sweep GC freed 3(96B) AllocSpace objects, 0(0B) LOS objects, 29% free, 37MB/53MB, paused 394us total 61.071ms
08-05 04:13:40.586  5381  5394 I art     : Starting a blocking GC Explicit
08-05 04:13:40.611  6718  6718 D AndroidRuntime: >>>>>> START com.android.internal.os.RuntimeInit uid 2000 <<<<<<
08-05 04:13:40.616  6718  6718 D AndroidRuntime: CheckJNI is OFF
08-05 04:13:40.646  5381  5394 I art     : Explicit concurrent mark sweep GC freed 4(128B) AllocSpace objects, 0(0B) LOS objects, 29% free, 37MB/53MB, paused 411us total 60.083ms
08-05 04:13:40.649  6718  6718 D ICU     : No timezone override file found: /data/misc/zoneinfo/current/icu/icu_tzdata.dat
08-05 04:13:40.684  6718  6718 I Radio-JNI: register_android_hardware_Radio DONE
08-05 04:13:40.704  6718  6718 D AndroidRuntime: Calling main entry com.android.commands.input.Input
08-05 04:13:40.706  6718  6718 I Input   : injectMotionEvent: MotionEvent { action=ACTION_DOWN, actionButton=0, id[0]=0, x[0]=1197.0, y[0]=1456.0, toolType[0]=TOOL_TYPE_UNKNOWN, buttonState=0, metaState=0, flags=0x0, edgeFlags=0x0, pointerCount=1, historySize=0, eventTime=764037119, downTime=764037119, deviceId=0, source=0x1002 }
08-05 04:13:40.713  6718  6718 I Input   : injectMotionEvent: MotionEvent { action=ACTION_UP, actionButton=0, id[0]=0, x[0]=1197.0, y[0]=1456.0, toolType[0]=TOOL_TYPE_UNKNOWN, buttonState=0, metaState=0, flags=0x0, edgeFlags=0x0, pointerCount=1, historySize=0, eventTime=764037119, downTime=764037119, deviceId=0, source=0x1002 }
08-05 04:13:40.715  6718  6718 D AndroidRuntime: Shutting down VM
08-05 04:13:40.721   512  2967 D audio_hw_primary: out_set_parameters: enter: usecase(1: low-latency-playback) kvpairs: routing=2
08-05 04:13:40.734   512  2967 D audio_hw_primary: select_devices: out_snd_device(2: speaker) in_snd_device(0: none)
08-05 04:13:40.734   512  2967 D msm8974_platform: platform_send_audio_calibration: sending audio calibration for snd_device(2) acdb_id(15)
08-05 04:13:40.735   512  2967 I soundtrigger: audio_extn_sound_trigger_update_device_status: device 0x2 of type 0 for Event 1
08-05 04:13:40.745   512  2967 D audio_hw_primary: enable_snd_device: snd_device(2: speaker)
08-05 04:13:40.747   512  2967 D audio_hw_primary: enable_audio_route: apply and update mixer path: low-latency-playback speaker
08-05 04:13:40.750  5381  5396 D OpenGLRenderer: endAllStagingAnimators on 0x7f995bf400 (RippleDrawable) with handle 0x7f7b5535c0
08-05 04:13:40.758  5381  5381 I SettingsManager: Setting string: savedCourse
08-05 04:13:40.759   918  5481 W BackupManagerService: dataChanged but no participant pkg='baseline.com.ak.uobtimetable' uid=10684
08-05 04:13:40.760   918  4400 I ActivityManager: START u0 {flg=0x4000000 cmp=baseline.com.ak.uobtimetable/.MainActivity (has extras)} from uid 10684 on display 0
08-05 04:13:40.776   918  3696 W InputMethodManagerService: Focus gain on non-focused client com.android.internal.view.IInputMethodClient$Stub$Proxy@d22fc39 (uid=10684 pid=5381)
08-05 04:13:40.789  5381  5381 D MainActivity: OnDestroy
08-05 04:13:40.810  5381  5381 D MainActivity: onCreate
08-05 04:13:40.810  5381  5381 I SettingsManager: Getting string: savedSessions
08-05 04:13:40.810  5381  5381 I SettingsManager: Getting string: savedSessions
08-05 04:13:40.819  5381  5381 I SettingsManager: Getting string: savedSessionsCourseName
08-05 04:13:40.819  5381  5381 I SettingsManager: Getting string: savedSessionsCourseName
08-05 04:13:40.819  5381  5381 I SettingsManager: Getting string: savedSessionsDateRange
08-05 04:13:40.819  5381  5381 I SettingsManager: Getting string: savedSessionsDateRange
08-05 04:13:40.819  5381  5381 I Settings: 15 saved sessions - Artificial Intelligence and Robotics (with Foundation Year) - BSc (Hons) - Ltn - Y0 Feb FT - Weeks: 24-38 (8 Jun 2020-20 Sep 2020)
08-05 04:13:40.852  5381  5381 I SettingsManager: Getting string: savedCourse
08-05 04:13:40.853  5381  5381 D MainActivity: sessionListFragmentArg: updateSessions
08-05 04:13:40.853  5381  5381 D MainActivity: showTermDatesConfigChange: false
08-05 04:13:40.853  5381  5381 D MainActivity: showTermDatesShortcut: false
08-05 04:13:40.854  5381  5381 D MainActivity: Setting initial fragment: SessionListsFragment
08-05 04:13:40.855  5381  5381 I SettingsManager: Getting int: launchCount
08-05 04:13:40.855  5381  5381 D SessionListsFragment: onCreateView
08-05 04:13:40.860  5381  5381 I SettingsManager: Getting string: savedCourse
08-05 04:13:40.863  5381  5381 I SettingsManager: Getting string: savedSessions
08-05 04:13:40.871  5381  5381 D SessionListsFragment: loadArgument: updateSessions
08-05 04:13:40.871  5381  5381 D SessionListsFragment: initialIndex: -1
08-05 04:13:40.873  5381  6741 D HTTP    : Request for: https://uob-timetable-api.adriankeenan.co.uk/sessions?dept=CM010&course=BSAIFAAF%2F02AA%2F0%2FFT&level=Foundation+Year
08-05 04:13:40.886  5381  5381 D TermDatesFragment: WebView loaded
08-05 04:13:40.886  5381  5381 D MainActivity: OnResume
08-05 04:13:40.895  5381  5381 I TermDatesFragment: Webview load %: 10
08-05 04:13:40.922  5381  5864 I art     : Starting a blocking GC Explicit
08-05 04:13:40.976   918   936 I ActivityManager: Displayed baseline.com.ak.uobtimetable/.MainActivity: +199ms
08-05 04:13:40.977 13866 13866 I GoogleInputMethodServic: GoogleInputMethodService.onFinishInput():3138 
08-05 04:13:40.978 13866 13866 I GoogleInputMethodServic: GoogleInputMethodService.onStartInput():1808 
08-05 04:13:40.991  5381  5864 I art     : Explicit concurrent mark sweep GC freed 23040(1080KB) AllocSpace objects, 3(1360KB) LOS objects, 29% free, 37MB/53MB, paused 870us total 69.080ms
08-05 04:13:41.012  5381  5864 I art     : Starting a blocking GC Explicit
08-05 04:13:41.068  5381  5864 I art     : Explicit concurrent mark sweep GC freed 2582(122KB) AllocSpace objects, 0(0B) LOS objects, 29% free, 37MB/53MB, paused 455us total 55.512ms
08-05 04:13:41.068  5381  5391 I art     : WaitForGcToComplete blocked for 32.513ms for cause HeapTrim
08-05 04:13:41.086  5381  5864 I art     : Starting a blocking GC Explicit
08-05 04:13:41.138  5381  5864 I art     : Explicit concurrent mark sweep GC freed 38884(1751KB) AllocSpace objects, 4(240KB) LOS objects, 30% free, 36MB/52MB, paused 476us total 51.244ms
08-05 04:13:41.152  5381  5381 I TermDatesFragment: Webview load %: 70
08-05 04:13:41.156  5381  5864 I art     : Starting a blocking GC Explicit
08-05 04:13:41.165  5381  5381 I TermDatesFragment: Webview load %: 100
08-05 04:13:41.166  5381  5381 I TermDatesFragment: Webview load %: 100
08-05 04:13:41.173  5381  6741 I NAPPA_EXPERIMENTATION: MetricNetworkRequestExecutionTime: REQUEST_DURATION_SYSTEM='298',REQUEST_DURATION_OKHTTP='65',REQUEST_SYNCHRONOUS='TRUE',RESPONSE_CODE='200',RESPONSE_METHOD='GET',RESPONSE_LENGTH_OKHTTP='-1',RESPONSE_LENGTH_HEADER='1214',REQUEST_PROTOCOL='http/1.1',REQUEST_URL='https://uob-timetable-api.adriankeenan.co.uk/sessions?dept=CM010&course=BSAIFAAF%2F02AA%2F0%2FFT&level=Foundation+Year',
08-05 04:13:41.202  5381  5864 I art     : Explicit concurrent mark sweep GC freed 1202(139KB) AllocSpace objects, 1(80KB) LOS objects, 30% free, 36MB/52MB, paused 439us total 45.297ms
08-05 04:13:41.211  5381  6741 I HTTP    : Response was compressed.
08-05 04:13:41.220  5381  5864 I art     : Starting a blocking GC Explicit
08-05 04:13:41.227  5381  6741 I Service : getSessions response time: 1.10
08-05 04:13:41.228  5381  5381 I SettingsManager: Getting string: savedSessions
08-05 04:13:41.228  5381  5381 I SettingsManager: Getting string: savedSessions
08-05 04:13:41.236  5381  5381 I Service : Sessions updated: 15
08-05 04:13:41.236  5381  5381 I Service : Sessions removed from new list: 0
08-05 04:13:41.243  5381  5381 I SettingsManager: Setting string: savedSessions
08-05 04:13:41.244   918  5132 W BackupManagerService: dataChanged but no participant pkg='baseline.com.ak.uobtimetable' uid=10684
08-05 04:13:41.244  5381  5381 I SettingsManager: Setting date: savedSessionsTime
08-05 04:13:41.250   918   928 W BackupManagerService: dataChanged but no participant pkg='baseline.com.ak.uobtimetable' uid=10684
08-05 04:13:41.251  5381  5381 I SettingsManager: Setting string: savedSessionsCourseName
08-05 04:13:41.251   918  4413 W BackupManagerService: dataChanged but no participant pkg='baseline.com.ak.uobtimetable' uid=10684
08-05 04:13:41.251  5381  5381 I SettingsManager: Setting string: savedSessionsDateRange
08-05 04:13:41.251   918  3961 W BackupManagerService: dataChanged but no participant pkg='baseline.com.ak.uobtimetable' uid=10684
08-05 04:13:41.251  5381  5381 I SettingsManager: Setting string: timetableUrl
08-05 04:13:41.252   918  6110 W BackupManagerService: dataChanged but no participant pkg='baseline.com.ak.uobtimetable' uid=10684
08-05 04:13:41.252  5381  5381 I SettingsManager: Getting boolean: notifySessionRemindersEnabled
08-05 04:13:41.252  5381  5381 I SettingsManager: Getting int: notifySessionRemindersMinutes
08-05 04:13:41.252  5381  5381 I SettingsManager: Getting boolean: showHiddenSessions
08-05 04:13:41.254  5381  5381 I SessionReminderNotifier: Created session reminder alarm for f7b4771250a919bd729c1c5a4a459c77 at Mon 08:30:00 10/08/20
08-05 04:13:41.256  5381  5381 I SessionReminderNotifier: Created session reminder alarm for a7f879aabdeb78622c8820a5fb7b64cd at Tue 08:30:00 11/08/20
08-05 04:13:41.257  5381  5381 I SessionReminderNotifier: Created session reminder alarm for 7bc8d7e2c2055711f597c3d9078c6ea3 at Tue 08:30:00 11/08/20
08-05 04:13:41.259  5381  5381 I SessionReminderNotifier: Created session reminder alarm for 53c0527a6f009a1f2fd223834d3bfe51 at Tue 10:30:00 11/08/20
08-05 04:13:41.260  5381  5381 I SessionReminderNotifier: Created session reminder alarm for e0fc978b5db8218778540b4053344581 at Tue 11:00:00 11/08/20
08-05 04:13:41.261  5381  5381 I SessionReminderNotifier: Created session reminder alarm for 199afb0100f329ff65a09e1b0cd9deba at Tue 11:30:00 11/08/20
08-05 04:13:41.263  5381  5381 I SessionReminderNotifier: Created session reminder alarm for 21712fef61090882c855a1425543edb5 at Tue 13:30:00 11/08/20
08-05 04:13:41.264  5381  5381 I SessionReminderNotifier: Created session reminder alarm for 65ca4d97f031f29a4d02bbb45a705d8f at Wed 08:30:00 05/08/20
08-05 04:13:41.266  5381  5381 I SessionReminderNotifier: Created session reminder alarm for eeda7741b0bcab58fd9f46dc6ef1d942 at Wed 08:30:00 05/08/20
08-05 04:13:41.268  5381  5381 I SessionReminderNotifier: Created session reminder alarm for c276c1b2075a0beb67f1b3d1e580f920 at Wed 11:00:00 05/08/20
08-05 04:13:41.270  5381  5381 I SessionReminderNotifier: Created session reminder alarm for 8b1f3627e42ae13a6f6ba0a83903dde1 at Wed 13:30:00 05/08/20
08-05 04:13:41.271  5381  5864 I art     : Explicit concurrent mark sweep GC freed 17709(834KB) AllocSpace objects, 2(36KB) LOS objects, 30% free, 36MB/52MB, paused 674us total 50.415ms
08-05 04:13:41.272  5381  5381 I SessionReminderNotifier: Created session reminder alarm for 79fe0b5c3b887a13ba29db5a33fa2800 at Thu 08:30:00 06/08/20
08-05 04:13:41.274  5381  5381 I SessionReminderNotifier: Created session reminder alarm for cb9dfc8231cdba2be0835dc5709690e1 at Thu 08:30:00 06/08/20
08-05 04:13:41.275  5381  5381 I SessionReminderNotifier: Created session reminder alarm for f850dc24d6de60b7b89fa9e1a8c224c5 at Thu 12:00:00 06/08/20
08-05 04:13:41.277  5381  5381 I SessionReminderNotifier: Created session reminder alarm for 2ba1034116e4fffdd592dbf0796a43d5 at Fri 08:30:00 07/08/20
08-05 04:13:41.277  5381  5381 I SettingsManager: Getting boolean: showHiddenSessions
08-05 04:13:41.278  5381  5381 D SessionListsFragment: 1 sessions for day 0
08-05 04:13:41.278  5381  5381 D SessionListsFragment: 6 sessions for day 1
08-05 04:13:41.278  5381  5381 D SessionListsFragment: 4 sessions for day 2
08-05 04:13:41.278  5381  5381 D SessionListsFragment: 3 sessions for day 3
08-05 04:13:41.278  5381  5381 D SessionListsFragment: 1 sessions for day 4
08-05 04:13:41.290   512  2967 D audio_hw_primary: disable_audio_route: reset and update mixer path: low-latency-playback speaker
08-05 04:13:41.292   512  2967 D audio_hw_primary: disable_snd_device: snd_device(2: speaker)
08-05 04:13:41.299   512  2967 I soundtrigger: audio_extn_sound_trigger_update_device_status: device 0x2 of type 0 for Event 0
08-05 04:13:41.311  5381  5381 I SettingsManager: Getting boolean: showHiddenSessions
08-05 04:13:41.312  5381  5381 D SessionListsFragment: Refreshed ViewPager
08-05 04:13:41.312  5381  5381 I SettingsManager: Getting boolean: showHiddenSessions
08-05 04:13:41.312  5381  5381 I SettingsManager: Getting boolean: completedTutorial
08-05 04:13:41.312  5381  5381 I SettingsManager: Getting boolean: showHiddenSessions
08-05 04:13:41.313  5381  5381 I SettingsManager: Getting date: savedSessionsTime
08-05 04:13:41.552  5381  5392 I art     : Starting a blocking GC Explicit
08-05 04:13:41.631  5381  5392 I art     : Explicit concurrent mark sweep GC freed 134253(5MB) AllocSpace objects, 2(36KB) LOS objects, 29% free, 37MB/53MB, paused 1.246ms total 78.578ms
08-05 04:13:41.651  5381  5392 I art     : Starting a blocking GC Explicit
08-05 04:13:41.713  5381  5392 I art     : Explicit concurrent mark sweep GC freed 40632(1803KB) AllocSpace objects, 0(0B) LOS objects, 29% free, 37MB/53MB, paused 1.210ms total 62.453ms
08-05 04:13:41.732  5381  5392 I art     : Starting a blocking GC Explicit
08-05 04:13:41.796  5381  5392 I art     : Explicit concurrent mark sweep GC freed 34366(1423KB) AllocSpace objects, 0(0B) LOS objects, 29% free, 37MB/53MB, paused 1.125ms total 62.942ms
08-05 04:13:41.814  5381  5392 I art     : Starting a blocking GC Explicit
08-05 04:13:41.881  5381  5392 I art     : Explicit concurrent mark sweep GC freed 36321(1498KB) AllocSpace objects, 0(0B) LOS objects, 29% free, 37MB/53MB, paused 1.211ms total 66.518ms
08-05 04:13:41.896   518   646 I ThermalEngine: ACTION: GPU - Setting GPU[0] to 450000000
08-05 04:13:41.903  5381  5392 I art     : Starting a blocking GC Explicit
08-05 04:13:41.962  5381  5381 I Choreographer: Skipped 38 frames!  The application may be doing too much work on its main thread.
08-05 04:13:41.981  5381  5392 I art     : Explicit concurrent mark sweep GC freed 26634(1099KB) AllocSpace objects, 0(0B) LOS objects, 29% free, 37MB/53MB, paused 1.133ms total 77.605ms
08-05 04:13:42.330  5381  5394 I art     : Starting a blocking GC Explicit
08-05 04:13:42.420  5381  5394 I art     : Explicit concurrent mark sweep GC freed 2704(167KB) AllocSpace objects, 1(20KB) LOS objects, 29% free, 37MB/53MB, paused 634us total 89.159ms
08-05 04:13:42.448  5381  5394 I art     : Starting a blocking GC Explicit
08-05 04:13:42.516  5381  5394 I art     : Explicit concurrent mark sweep GC freed 121540(11MB) AllocSpace objects, 3(136KB) LOS objects, 37% free, 26MB/42MB, paused 565us total 67.769ms
08-05 04:13:42.531  5381  5394 I art     : Starting a blocking GC Explicit
08-05 04:13:42.576  5381  5394 I art     : Explicit concurrent mark sweep GC freed 4(160B) AllocSpace objects, 0(0B) LOS objects, 37% free, 26MB/42MB, paused 529us total 44.697ms
08-05 04:13:42.591  5381  5394 I art     : Starting a blocking GC Explicit
08-05 04:13:42.638  5381  5394 I art     : Explicit concurrent mark sweep GC freed 3(96B) AllocSpace objects, 0(0B) LOS objects, 37% free, 26MB/42MB, paused 723us total 45.816ms
08-05 04:13:42.654  5381  5394 I art     : Starting a blocking GC Explicit
08-05 04:13:42.700  5381  5394 I art     : Explicit concurrent mark sweep GC freed 3(96B) AllocSpace objects, 0(0B) LOS objects, 37% free, 26MB/42MB, paused 549us total 45.796ms
08-05 04:13:43.059  5381  5392 I art     : Starting a blocking GC Explicit
08-05 04:13:43.102  5381  5392 I art     : Explicit concurrent mark sweep GC freed 1411(79KB) AllocSpace objects, 1(20KB) LOS objects, 37% free, 26MB/42MB, paused 547us total 42.577ms
08-05 04:13:43.118  5381  5392 I art     : Starting a blocking GC Explicit
08-05 04:13:43.161  5381  5392 I art     : Explicit concurrent mark sweep GC freed 52(1728B) AllocSpace objects, 0(0B) LOS objects, 37% free, 26MB/42MB, paused 507us total 42.128ms
08-05 04:13:43.177  5381  5392 I art     : Starting a blocking GC Explicit
08-05 04:13:43.220  5381  5392 I art     : Explicit concurrent mark sweep GC freed 5(192B) AllocSpace objects, 0(0B) LOS objects, 37% free, 26MB/42MB, paused 544us total 43.223ms
08-05 04:13:43.236  5381  5392 I art     : Starting a blocking GC Explicit
08-05 04:13:43.284  5381  5392 I art     : Explicit concurrent mark sweep GC freed 3(96B) AllocSpace objects, 0(0B) LOS objects, 37% free, 26MB/42MB, paused 562us total 47.739ms
08-05 04:13:43.301  5381  5392 I art     : Starting a blocking GC Explicit
08-05 04:13:43.347  5381  5392 I art     : Explicit concurrent mark sweep GC freed 3(96B) AllocSpace objects, 0(0B) LOS objects, 37% free, 26MB/42MB, paused 646us total 46.026ms
08-05 04:13:43.711  5381  5401 I art     : Starting a blocking GC Explicit
08-05 04:13:43.769  5381  5401 I art     : Explicit concurrent mark sweep GC freed 1293(75KB) AllocSpace objects, 1(20KB) LOS objects, 37% free, 26MB/42MB, paused 705us total 57.404ms
08-05 04:13:43.790  5381  5401 I art     : Starting a blocking GC Explicit
08-05 04:13:43.838  5381  5401 I art     : Explicit concurrent mark sweep GC freed 18(624B) AllocSpace objects, 0(0B) LOS objects, 37% free, 26MB/42MB, paused 591us total 48.084ms
08-05 04:13:43.855  5381  5401 I art     : Starting a blocking GC Explicit
08-05 04:13:43.905  5381  5401 I art     : Explicit concurrent mark sweep GC freed 3(96B) AllocSpace objects, 0(0B) LOS objects, 37% free, 26MB/42MB, paused 576us total 50.357ms
08-05 04:13:43.926  5381  5401 I art     : Starting a blocking GC Explicit
08-05 04:13:43.971  5381  5401 I art     : Explicit concurrent mark sweep GC freed 3(96B) AllocSpace objects, 0(0B) LOS objects, 37% free, 26MB/42MB, paused 570us total 45.023ms
08-05 04:13:43.988  5381  5401 I art     : Starting a blocking GC Explicit
08-05 04:13:44.035  5381  5401 I art     : Explicit concurrent mark sweep GC freed 3(96B) AllocSpace objects, 0(0B) LOS objects, 37% free, 26MB/42MB, paused 546us total 47.146ms
08-05 04:13:44.391  5381  5394 I art     : Starting a blocking GC Explicit
08-05 04:13:44.452  5381  5394 I art     : Explicit concurrent mark sweep GC freed 1293(75KB) AllocSpace objects, 1(20KB) LOS objects, 37% free, 26MB/42MB, paused 565us total 60.072ms
08-05 04:13:44.470  5381  5394 I art     : Starting a blocking GC Explicit
08-05 04:13:44.519  5381  5394 I art     : Explicit concurrent mark sweep GC freed 18(624B) AllocSpace objects, 0(0B) LOS objects, 37% free, 26MB/42MB, paused 581us total 48.088ms
08-05 04:13:44.535  5381  5394 I art     : Starting a blocking GC Explicit
08-05 04:13:44.582  5381  5394 I art     : Explicit concurrent mark sweep GC freed 3(96B) AllocSpace objects, 0(0B) LOS objects, 37% free, 26MB/42MB, paused 547us total 46.708ms
08-05 04:13:44.598  5381  5394 I art     : Starting a blocking GC Explicit
08-05 04:13:44.646  5381  5394 I art     : Explicit concurrent mark sweep GC freed 3(96B) AllocSpace objects, 0(0B) LOS objects, 37% free, 26MB/42MB, paused 574us total 47.541ms
08-05 04:13:44.663  5381  5394 I art     : Starting a blocking GC Explicit
08-05 04:13:44.710  5381  5394 I art     : Explicit concurrent mark sweep GC freed 3(96B) AllocSpace objects, 0(0B) LOS objects, 37% free, 26MB/42MB, paused 552us total 47.248ms
08-05 04:13:45.048  5381  5394 I art     : Starting a blocking GC Explicit
08-05 04:13:45.095  5381  5394 I art     : Explicit concurrent mark sweep GC freed 1306(76KB) AllocSpace objects, 1(20KB) LOS objects, 37% free, 26MB/42MB, paused 523us total 46.758ms
08-05 04:13:45.112  5381  5394 I art     : Starting a blocking GC Explicit
08-05 04:13:45.157  5381  5394 I art     : Explicit concurrent mark sweep GC freed 20(656B) AllocSpace objects, 0(0B) LOS objects, 37% free, 26MB/42MB, paused 522us total 44.384ms
08-05 04:13:45.173  5381  5394 I art     : Starting a blocking GC Explicit
08-05 04:13:45.218  5381  5394 I art     : Explicit concurrent mark sweep GC freed 30(1152B) AllocSpace objects, 0(0B) LOS objects, 37% free, 26MB/42MB, paused 689us total 43.964ms
08-05 04:13:45.233  5381  5394 I art     : Starting a blocking GC Explicit
08-05 04:13:45.276  5381  5394 I art     : Explicit concurrent mark sweep GC freed 57(1728B) AllocSpace objects, 0(0B) LOS objects, 37% free, 26MB/42MB, paused 542us total 42.110ms
08-05 04:13:45.292  5381  5394 I art     : Starting a blocking GC Explicit
08-05 04:13:45.337  5381  5394 I art     : Explicit concurrent mark sweep GC freed 151(10KB) AllocSpace objects, 0(0B) LOS objects, 37% free, 26MB/42MB, paused 521us total 44.131ms
08-05 04:13:45.505  6802  6802 D AndroidRuntime: >>>>>> START com.android.internal.os.RuntimeInit uid 2000 <<<<<<
08-05 04:13:45.513  6802  6802 D AndroidRuntime: CheckJNI is OFF
08-05 04:13:45.556  6802  6802 D ICU     : No timezone override file found: /data/misc/zoneinfo/current/icu/icu_tzdata.dat
08-05 04:13:45.597  6802  6802 I Radio-JNI: register_android_hardware_Radio DONE
08-05 04:13:45.627  6802  6802 D AndroidRuntime: Calling main entry com.android.commands.input.Input
08-05 04:13:45.629  6802  6802 I Input   : injectMotionEvent: MotionEvent { action=ACTION_DOWN, actionButton=0, id[0]=0, x[0]=81.0, y[0]=176.0, toolType[0]=TOOL_TYPE_UNKNOWN, buttonState=0, metaState=0, flags=0x0, edgeFlags=0x0, pointerCount=1, historySize=0, eventTime=764042041, downTime=764042041, deviceId=0, source=0x1002 }
08-05 04:13:45.634  6802  6802 I Input   : injectMotionEvent: MotionEvent { action=ACTION_UP, actionButton=0, id[0]=0, x[0]=81.0, y[0]=176.0, toolType[0]=TOOL_TYPE_UNKNOWN, buttonState=0, metaState=0, flags=0x0, edgeFlags=0x0, pointerCount=1, historySize=0, eventTime=764042041, downTime=764042041, deviceId=0, source=0x1002 }
08-05 04:13:45.636  6802  6802 D AndroidRuntime: Shutting down VM
08-05 04:13:45.643   512  2967 D audio_hw_primary: out_set_parameters: enter: usecase(1: low-latency-playback) kvpairs: routing=2
08-05 04:13:45.656   512  2967 D audio_hw_primary: select_devices: out_snd_device(2: speaker) in_snd_device(0: none)
08-05 04:13:45.656   512  2967 D msm8974_platform: platform_send_audio_calibration: sending audio calibration for snd_device(2) acdb_id(15)
08-05 04:13:45.656   512  2967 I soundtrigger: audio_extn_sound_trigger_update_device_status: device 0x2 of type 0 for Event 1
08-05 04:13:45.670   512  2967 D audio_hw_primary: enable_snd_device: snd_device(2: speaker)
08-05 04:13:45.672   512  2967 D audio_hw_primary: enable_audio_route: apply and update mixer path: low-latency-playback speaker
08-05 04:13:45.677 13866 13866 I GoogleInputMethodServic: GoogleInputMethodService.onFinishInput():3138 
08-05 04:13:45.677 13866 13866 I GoogleInputMethodServic: GoogleInputMethodService.onStartInput():1808 
08-05 04:13:45.683  5381  5401 I art     : Starting a blocking GC Explicit
08-05 04:13:45.727  5381  5401 I art     : Explicit concurrent mark sweep GC freed 1620(92KB) AllocSpace objects, 1(20KB) LOS objects, 37% free, 26MB/42MB, paused 730us total 44.001ms
08-05 04:13:45.743  5381  5401 I art     : Starting a blocking GC Explicit
08-05 04:13:45.785  5381  5401 I art     : Explicit concurrent mark sweep GC freed 114(4KB) AllocSpace objects, 0(0B) LOS objects, 37% free, 26MB/42MB, paused 529us total 41.929ms
08-05 04:13:45.801  5381  5401 I art     : Starting a blocking GC Explicit
08-05 04:13:45.843  5381  5401 I art     : Explicit concurrent mark sweep GC freed 5(240B) AllocSpace objects, 0(0B) LOS objects, 37% free, 26MB/42MB, paused 650us total 41.982ms
08-05 04:13:45.859  5381  5401 I art     : Starting a blocking GC Explicit
08-05 04:13:45.902  5381  5401 I art     : Explicit concurrent mark sweep GC freed 3(96B) AllocSpace objects, 0(0B) LOS objects, 37% free, 26MB/42MB, paused 546us total 42.322ms
08-05 04:13:45.903   518   646 I ThermalEngine: ACTION: GPU - Setting GPU[0] to 510000000
08-05 04:13:45.917  5381  5401 I art     : Starting a blocking GC Explicit
08-05 04:13:45.958  5381  5401 I art     : Explicit concurrent mark sweep GC freed 11(352B) AllocSpace objects, 0(0B) LOS objects, 37% free, 26MB/42MB, paused 389us total 39.906ms
08-05 04:13:46.209   512  2967 D audio_hw_primary: disable_audio_route: reset and update mixer path: low-latency-playback speaker
08-05 04:13:46.210   512  2967 D audio_hw_primary: disable_snd_device: snd_device(2: speaker)
08-05 04:13:46.219   512  2967 I soundtrigger: audio_extn_sound_trigger_update_device_status: device 0x2 of type 0 for Event 0
08-05 04:13:46.269  5381  5401 I art     : Starting a blocking GC Explicit
08-05 04:13:46.306  5381  5401 I art     : Explicit concurrent mark sweep GC freed 1296(75KB) AllocSpace objects, 1(20KB) LOS objects, 37% free, 26MB/42MB, paused 411us total 36.030ms
08-05 04:13:46.319  5381  5401 I art     : Starting a blocking GC Explicit
08-05 04:13:46.352  5381  5401 I art     : Explicit concurrent mark sweep GC freed 20(688B) AllocSpace objects, 0(0B) LOS objects, 37% free, 26MB/42MB, paused 416us total 33.123ms
08-05 04:13:46.364  5381  5401 I art     : Starting a blocking GC Explicit
08-05 04:13:46.399  5381  5401 I art     : Explicit concurrent mark sweep GC freed 5(160B) AllocSpace objects, 0(0B) LOS objects, 37% free, 26MB/42MB, paused 395us total 34.366ms
08-05 04:13:46.411  5381  5401 I art     : Starting a blocking GC Explicit
08-05 04:13:46.446  5381  5401 I art     : Explicit concurrent mark sweep GC freed 3(96B) AllocSpace objects, 0(0B) LOS objects, 37% free, 26MB/42MB, paused 419us total 35.355ms
08-05 04:13:46.459  5381  5401 I art     : Starting a blocking GC Explicit
08-05 04:13:46.495  5381  5401 I art     : Explicit concurrent mark sweep GC freed 3(96B) AllocSpace objects, 0(0B) LOS objects, 37% free, 26MB/42MB, paused 412us total 35.349ms
08-05 04:13:46.805  5381  5392 I art     : Starting a blocking GC Explicit
08-05 04:13:46.852  5381  5392 I art     : Explicit concurrent mark sweep GC freed 1293(75KB) AllocSpace objects, 1(20KB) LOS objects, 37% free, 26MB/42MB, paused 461us total 46.643ms
08-05 04:13:46.872  5381  5392 I art     : Starting a blocking GC Explicit
08-05 04:13:46.906  5381  5392 I art     : Explicit concurrent mark sweep GC freed 18(624B) AllocSpace objects, 0(0B) LOS objects, 37% free, 26MB/42MB, paused 398us total 33.570ms
08-05 04:13:46.918  5381  5392 I art     : Starting a blocking GC Explicit
08-05 04:13:46.951  5381  5392 I art     : Explicit concurrent mark sweep GC freed 3(96B) AllocSpace objects, 0(0B) LOS objects, 37% free, 26MB/42MB, paused 403us total 32.770ms
08-05 04:13:46.963  5381  5392 I art     : Starting a blocking GC Explicit
08-05 04:13:46.998  5381  5392 I art     : Explicit concurrent mark sweep GC freed 3(96B) AllocSpace objects, 0(0B) LOS objects, 37% free, 26MB/42MB, paused 457us total 34.256ms
08-05 04:13:47.010  5381  5392 I art     : Starting a blocking GC Explicit
08-05 04:13:47.044  5381  5392 I art     : Explicit concurrent mark sweep GC freed 3(96B) AllocSpace objects, 0(0B) LOS objects, 37% free, 26MB/42MB, paused 409us total 33.922ms
08-05 04:13:47.283  6847  6847 D AndroidRuntime: >>>>>> START com.android.internal.os.RuntimeInit uid 2000 <<<<<<
08-05 04:13:47.288  6847  6847 D AndroidRuntime: CheckJNI is OFF
08-05 04:13:47.323  6847  6847 D ICU     : No timezone override file found: /data/misc/zoneinfo/current/icu/icu_tzdata.dat
08-05 04:13:47.343  5381  5394 I art     : Starting a blocking GC Explicit
08-05 04:13:47.358  6847  6847 I Radio-JNI: register_android_hardware_Radio DONE
08-05 04:13:47.379  5381  5394 I art     : Explicit concurrent mark sweep GC freed 1305(75KB) AllocSpace objects, 1(20KB) LOS objects, 37% free, 26MB/42MB, paused 370us total 35.741ms
08-05 04:13:47.381  6847  6847 D AndroidRuntime: Calling main entry com.android.commands.input.Input
08-05 04:13:47.384  6847  6847 I Input   : injectMotionEvent: MotionEvent { action=ACTION_DOWN, actionButton=0, id[0]=0, x[0]=360.0, y[0]=1098.0, toolType[0]=TOOL_TYPE_UNKNOWN, buttonState=0, metaState=0, flags=0x0, edgeFlags=0x0, pointerCount=1, historySize=0, eventTime=764043796, downTime=764043796, deviceId=0, source=0x1002 }
08-05 04:13:47.389  6847  6847 I Input   : injectMotionEvent: MotionEvent { action=ACTION_UP, actionButton=0, id[0]=0, x[0]=360.0, y[0]=1098.0, toolType[0]=TOOL_TYPE_UNKNOWN, buttonState=0, metaState=0, flags=0x0, edgeFlags=0x0, pointerCount=1, historySize=0, eventTime=764043796, downTime=764043796, deviceId=0, source=0x1002 }
08-05 04:13:47.391  6847  6847 D AndroidRuntime: Shutting down VM
08-05 04:13:47.393  5381  5394 I art     : Starting a blocking GC Explicit
08-05 04:13:47.394  5381  5381 D MainActivity: NavigationItemSelected: Term dates
08-05 04:13:47.396   512  2967 D audio_hw_primary: out_set_parameters: enter: usecase(1: low-latency-playback) kvpairs: routing=2
08-05 04:13:47.409   512  2967 D audio_hw_primary: select_devices: out_snd_device(2: speaker) in_snd_device(0: none)
08-05 04:13:47.409   512  2967 D msm8974_platform: platform_send_audio_calibration: sending audio calibration for snd_device(2) acdb_id(15)
08-05 04:13:47.409   512  2967 I soundtrigger: audio_extn_sound_trigger_update_device_status: device 0x2 of type 0 for Event 1
08-05 04:13:47.418   512  2967 D audio_hw_primary: enable_snd_device: snd_device(2: speaker)
08-05 04:13:47.420   512  2967 D audio_hw_primary: enable_audio_route: apply and update mixer path: low-latency-playback speaker
08-05 04:13:47.426  5381  5394 I art     : Explicit concurrent mark sweep GC freed 395(14KB) AllocSpace objects, 0(0B) LOS objects, 37% free, 26MB/42MB, paused 481us total 32.818ms
08-05 04:13:47.440  5381  5394 I art     : Starting a blocking GC Explicit
08-05 04:13:47.471  5381  5394 I art     : Explicit concurrent mark sweep GC freed 231(10KB) AllocSpace objects, 0(0B) LOS objects, 37% free, 26MB/42MB, paused 653us total 31.617ms
08-05 04:13:47.484  5381  5394 I art     : Starting a blocking GC Explicit
08-05 04:13:47.513  5381  5394 I art     : Explicit concurrent mark sweep GC freed 165(13KB) AllocSpace objects, 0(0B) LOS objects, 37% free, 26MB/42MB, paused 417us total 29.184ms
08-05 04:13:47.524  5381  5394 I art     : Starting a blocking GC Explicit
08-05 04:13:47.554  5381  5394 I art     : Explicit concurrent mark sweep GC freed 3(96B) AllocSpace objects, 0(0B) LOS objects, 37% free, 26MB/42MB, paused 438us total 29.535ms
08-05 04:13:47.821  5381  5394 I art     : Starting a blocking GC Explicit
08-05 04:13:47.830 13866 13866 I GoogleInputMethodServic: GoogleInputMethodService.onFinishInput():3138 
08-05 04:13:47.831 13866 13866 I GoogleInputMethodServic: GoogleInputMethodService.onStartInput():1808 
08-05 04:13:47.854  5381  5394 I art     : Explicit concurrent mark sweep GC freed 1353(77KB) AllocSpace objects, 1(20KB) LOS objects, 37% free, 26MB/42MB, paused 380us total 32.012ms
08-05 04:13:47.866  5381  5394 I art     : Starting a blocking GC Explicit
08-05 04:13:47.898  5381  5394 I art     : Explicit concurrent mark sweep GC freed 26(880B) AllocSpace objects, 0(0B) LOS objects, 37% free, 26MB/42MB, paused 356us total 31.878ms
08-05 04:13:47.911  5381  5394 I art     : Starting a blocking GC Explicit
08-05 04:13:47.942  5381  5394 I art     : Explicit concurrent mark sweep GC freed 8(256B) AllocSpace objects, 0(0B) LOS objects, 37% free, 26MB/42MB, paused 385us total 31.472ms
08-05 04:13:47.954  5381  5394 I art     : Starting a blocking GC Explicit
08-05 04:13:47.958   512  2967 D audio_hw_primary: disable_audio_route: reset and update mixer path: low-latency-playback speaker
08-05 04:13:47.962   512  2967 D audio_hw_primary: disable_snd_device: snd_device(2: speaker)
08-05 04:13:47.970   512  2967 I soundtrigger: audio_extn_sound_trigger_update_device_status: device 0x2 of type 0 for Event 0
08-05 04:13:47.985  5381  5394 I art     : Explicit concurrent mark sweep GC freed 8(256B) AllocSpace objects, 0(0B) LOS objects, 37% free, 26MB/42MB, paused 361us total 30.628ms
08-05 04:13:47.998  5381  5394 I art     : Starting a blocking GC Explicit
08-05 04:13:48.029  5381  5394 I art     : Explicit concurrent mark sweep GC freed 9(288B) AllocSpace objects, 0(0B) LOS objects, 37% free, 26MB/42MB, paused 352us total 31.282ms
08-05 04:13:48.350  5381  5864 I art     : Starting a blocking GC Explicit
08-05 04:13:48.387   918  1210 D NetlinkSocketObserver: NeighborEvent{elapsedMs=1747432261, 192.168.2.254, [7C3953A63323], RTM_NEWNEIGH, NUD_STALE}
08-05 04:13:48.395  5381  5864 I art     : Explicit concurrent mark sweep GC freed 1373(78KB) AllocSpace objects, 1(20KB) LOS objects, 37% free, 26MB/42MB, paused 489us total 45.217ms
08-05 04:13:48.411  5381  5864 I art     : Starting a blocking GC Explicit
08-05 04:13:48.449  5381  5864 I art     : Explicit concurrent mark sweep GC freed 27(912B) AllocSpace objects, 0(0B) LOS objects, 37% free, 26MB/42MB, paused 370us total 38.174ms
08-05 04:13:48.464  5381  5864 I art     : Starting a blocking GC Explicit
08-05 04:13:48.501  5381  5864 I art     : Explicit concurrent mark sweep GC freed 8(256B) AllocSpace objects, 0(0B) LOS objects, 37% free, 26MB/42MB, paused 366us total 37.097ms
08-05 04:13:48.515  5381  5864 I art     : Starting a blocking GC Explicit
08-05 04:13:48.550  5381  5864 I art     : Explicit concurrent mark sweep GC freed 9(288B) AllocSpace objects, 0(0B) LOS objects, 37% free, 26MB/42MB, paused 360us total 34.817ms
08-05 04:13:48.564  5381  5864 I art     : Starting a blocking GC Explicit
08-05 04:13:48.603  5381  5864 I art     : Explicit concurrent mark sweep GC freed 9(288B) AllocSpace objects, 0(0B) LOS objects, 37% free, 26MB/42MB, paused 372us total 38.715ms
08-05 04:13:48.915   518   646 I ThermalEngine: ACTION: GPU - Setting GPU[0] to 450000000
08-05 04:13:48.940  5381  5394 I art     : Starting a blocking GC Explicit
08-05 04:13:48.986  5381  5394 I art     : Explicit concurrent mark sweep GC freed 1339(77KB) AllocSpace objects, 1(20KB) LOS objects, 37% free, 26MB/42MB, paused 496us total 45.608ms
08-05 04:13:49.004  5381  5394 I art     : Starting a blocking GC Explicit
08-05 04:13:49.050  5381  5394 I art     : Explicit concurrent mark sweep GC freed 28(944B) AllocSpace objects, 0(0B) LOS objects, 37% free, 26MB/42MB, paused 583us total 46.083ms
08-05 04:13:49.068  5381  5394 I art     : Starting a blocking GC Explicit
08-05 04:13:49.113  5381  5394 I art     : Explicit concurrent mark sweep GC freed 15(480B) AllocSpace objects, 0(0B) LOS objects, 37% free, 26MB/42MB, paused 739us total 45.441ms
08-05 04:13:49.131  5381  5394 I art     : Starting a blocking GC Explicit
08-05 04:13:49.176  5381  5394 I art     : Explicit concurrent mark sweep GC freed 19(608B) AllocSpace objects, 0(0B) LOS objects, 37% free, 26MB/42MB, paused 543us total 44.962ms
08-05 04:13:49.192  5381  5394 I art     : Starting a blocking GC Explicit
08-05 04:13:49.233  5381  5394 I art     : Explicit concurrent mark sweep GC freed 19(608B) AllocSpace objects, 0(0B) LOS objects, 37% free, 26MB/42MB, paused 527us total 40.635ms
08-05 04:13:49.579  5381  5401 I art     : Starting a blocking GC Explicit
08-05 04:13:49.640  5381  5401 I art     : Explicit concurrent mark sweep GC freed 1308(76KB) AllocSpace objects, 1(20KB) LOS objects, 37% free, 26MB/42MB, paused 574us total 60.964ms
08-05 04:13:49.658  5381  5401 I art     : Starting a blocking GC Explicit
08-05 04:13:49.708  5381  5401 I art     : Explicit concurrent mark sweep GC freed 18(624B) AllocSpace objects, 0(0B) LOS objects, 37% free, 26MB/42MB, paused 642us total 48.797ms
08-05 04:13:49.724  5381  5401 I art     : Starting a blocking GC Explicit
08-05 04:13:49.771  5381  5401 I art     : Explicit concurrent mark sweep GC freed 3(96B) AllocSpace objects, 0(0B) LOS objects, 37% free, 26MB/42MB, paused 542us total 46.801ms
08-05 04:13:49.787  5381  5401 I art     : Starting a blocking GC Explicit
08-05 04:13:49.835  5381  5401 I art     : Explicit concurrent mark sweep GC freed 3(96B) AllocSpace objects, 0(0B) LOS objects, 37% free, 26MB/42MB, paused 563us total 47.403ms
08-05 04:13:49.852  5381  5401 I art     : Starting a blocking GC Explicit
08-05 04:13:49.898  5381  5401 I art     : Explicit concurrent mark sweep GC freed 3(96B) AllocSpace objects, 0(0B) LOS objects, 37% free, 26MB/42MB, paused 539us total 46.073ms
08-05 04:13:50.275  5381  5394 I art     : Starting a blocking GC Explicit
08-05 04:13:50.330  5381  5394 I art     : Explicit concurrent mark sweep GC freed 1293(75KB) AllocSpace objects, 1(20KB) LOS objects, 37% free, 26MB/42MB, paused 576us total 54.510ms
08-05 04:13:50.348  5381  5394 I art     : Starting a blocking GC Explicit
08-05 04:13:50.395  5381  5394 I art     : Explicit concurrent mark sweep GC freed 18(624B) AllocSpace objects, 0(0B) LOS objects, 37% free, 26MB/42MB, paused 549us total 46.941ms
08-05 04:13:50.412  5381  5394 I art     : Starting a blocking GC Explicit
08-05 04:13:50.460  5381  5394 I art     : Explicit concurrent mark sweep GC freed 3(96B) AllocSpace objects, 0(0B) LOS objects, 37% free, 26MB/42MB, paused 562us total 48.135ms
08-05 04:13:50.477  5381  5394 I art     : Starting a blocking GC Explicit
08-05 04:13:50.524  5381  5394 I art     : Explicit concurrent mark sweep GC freed 3(96B) AllocSpace objects, 0(0B) LOS objects, 37% free, 26MB/42MB, paused 548us total 46.640ms
08-05 04:13:50.541  5381  5394 I art     : Starting a blocking GC Explicit
08-05 04:13:50.588  5381  5394 I art     : Explicit concurrent mark sweep GC freed 3(96B) AllocSpace objects, 0(0B) LOS objects, 37% free, 26MB/42MB, paused 724us total 47.007ms
08-05 04:13:50.937  5381  5864 I art     : Starting a blocking GC Explicit
08-05 04:13:50.998  5381  5864 I art     : Explicit concurrent mark sweep GC freed 1293(75KB) AllocSpace objects, 1(20KB) LOS objects, 37% free, 26MB/42MB, paused 556us total 59.870ms
08-05 04:13:51.016  5381  5864 I art     : Starting a blocking GC Explicit
08-05 04:13:51.064  5381  5864 I art     : Explicit concurrent mark sweep GC freed 18(624B) AllocSpace objects, 0(0B) LOS objects, 37% free, 26MB/42MB, paused 561us total 48.079ms
08-05 04:13:51.081  5381  5864 I art     : Starting a blocking GC Explicit
08-05 04:13:51.128  5381  5864 I art     : Explicit concurrent mark sweep GC freed 3(96B) AllocSpace objects, 0(0B) LOS objects, 37% free, 26MB/42MB, paused 630us total 46.919ms
08-05 04:13:51.144  5381  5864 I art     : Starting a blocking GC Explicit
08-05 04:13:51.193  5381  5864 I art     : Explicit concurrent mark sweep GC freed 3(96B) AllocSpace objects, 0(0B) LOS objects, 37% free, 26MB/42MB, paused 570us total 48.246ms
08-05 04:13:51.209  5381  5864 I art     : Starting a blocking GC Explicit
08-05 04:13:51.255  5381  5864 I art     : Explicit concurrent mark sweep GC freed 3(96B) AllocSpace objects, 0(0B) LOS objects, 37% free, 26MB/42MB, paused 551us total 45.308ms
08-05 04:13:51.611  5381  5392 I art     : Starting a blocking GC Explicit
08-05 04:13:51.662  5381  5392 I art     : Explicit concurrent mark sweep GC freed 1293(75KB) AllocSpace objects, 1(20KB) LOS objects, 37% free, 26MB/42MB, paused 633us total 50.739ms
08-05 04:13:51.679  5381  5392 I art     : Starting a blocking GC Explicit
08-05 04:13:51.722  5381  5392 I art     : Explicit concurrent mark sweep GC freed 18(624B) AllocSpace objects, 0(0B) LOS objects, 37% free, 26MB/42MB, paused 520us total 42.461ms
08-05 04:13:51.737  5381  5392 I art     : Starting a blocking GC Explicit
08-05 04:13:51.776  5381  5392 I art     : Explicit concurrent mark sweep GC freed 3(96B) AllocSpace objects, 0(0B) LOS objects, 37% free, 26MB/42MB, paused 528us total 38.178ms
08-05 04:13:51.790  5381  5392 I art     : Starting a blocking GC Explicit
08-05 04:13:51.831  5381  5392 I art     : Explicit concurrent mark sweep GC freed 3(96B) AllocSpace objects, 0(0B) LOS objects, 37% free, 26MB/42MB, paused 523us total 40.521ms
08-05 04:13:51.846  5381  5392 I art     : Starting a blocking GC Explicit
08-05 04:13:51.889  5381  5392 I art     : Explicit concurrent mark sweep GC freed 3(96B) AllocSpace objects, 0(0B) LOS objects, 37% free, 26MB/42MB, paused 558us total 42.345ms
08-05 04:13:51.916   518   646 I ThermalEngine: ACTION: GPU - Setting GPU[0] to 510000000
08-05 04:13:52.162  6945  6945 D AndroidRuntime: >>>>>> START com.android.internal.os.RuntimeInit uid 2000 <<<<<<
08-05 04:13:52.167  6945  6945 D AndroidRuntime: CheckJNI is OFF
08-05 04:13:52.202  6945  6945 D ICU     : No timezone override file found: /data/misc/zoneinfo/current/icu/icu_tzdata.dat
08-05 04:13:52.214  5381  5401 I art     : Starting a blocking GC Explicit
08-05 04:13:52.237  6945  6945 I Radio-JNI: register_android_hardware_Radio DONE
08-05 04:13:52.250  5381  5401 I art     : Explicit concurrent mark sweep GC freed 1293(75KB) AllocSpace objects, 1(20KB) LOS objects, 37% free, 26MB/42MB, paused 409us total 35.768ms
08-05 04:13:52.260  6945  6945 D AndroidRuntime: Calling main entry com.android.commands.am.Am
08-05 04:13:52.263  5381  5401 I art     : Starting a blocking GC Explicit
08-05 04:13:52.267 24044 24044 I Trepn   : Trepn 6.2s: Received intent: com.quicinc.trepn.stop_profiling
08-05 04:13:52.295  5381  5401 I art     : Explicit concurrent mark sweep GC freed 18(624B) AllocSpace objects, 0(0B) LOS objects, 37% free, 26MB/42MB, paused 365us total 31.931ms
08-05 04:13:52.305 24044 24044 I Trepn   : Trepn 6.2s: Trepn has Stopped Profiling.
08-05 04:13:52.306  5381  5401 I art     : Starting a blocking GC Explicit
08-05 04:13:52.337  5381  5401 I art     : Explicit concurrent mark sweep GC freed 3(96B) AllocSpace objects, 0(0B) LOS objects, 37% free, 26MB/42MB, paused 372us total 30.753ms
08-05 04:13:52.348  5381  5401 I art     : Starting a blocking GC Explicit
08-05 04:13:52.378  5381  5401 I art     : Explicit concurrent mark sweep GC freed 3(96B) AllocSpace objects, 0(0B) LOS objects, 37% free, 26MB/42MB, paused 363us total 30.320ms
08-05 04:13:52.390  5381  5401 I art     : Starting a blocking GC Explicit
08-05 04:13:52.409  6945  6945 D AndroidRuntime: Shutting down VM
08-05 04:13:52.413   918  5952 W AppOps  : Finishing op nesting under-run: uid 10078 pkg com.quicinc.trepn code 24 time=0 duration=0 nesting=0
08-05 04:13:52.423  5381  5401 I art     : Explicit concurrent mark sweep GC freed 3(96B) AllocSpace objects, 0(0B) LOS objects, 37% free, 26MB/42MB, paused 373us total 32.720ms
08-05 04:13:52.719  5381  5394 I art     : Starting a blocking GC Explicit
08-05 04:13:52.754  5381  5394 I art     : Explicit concurrent mark sweep GC freed 1293(75KB) AllocSpace objects, 1(20KB) LOS objects, 37% free, 26MB/42MB, paused 420us total 35.259ms
08-05 04:13:52.767  5381  5394 I art     : Starting a blocking GC Explicit
08-05 04:13:52.801  5381  5394 I art     : Explicit concurrent mark sweep GC freed 18(624B) AllocSpace objects, 0(0B) LOS objects, 37% free, 26MB/42MB, paused 386us total 33.311ms
08-05 04:13:52.813  5381  5394 I art     : Starting a blocking GC Explicit
08-05 04:13:52.846  5381  5394 I art     : Explicit concurrent mark sweep GC freed 3(96B) AllocSpace objects, 0(0B) LOS objects, 37% free, 26MB/42MB, paused 374us total 32.835ms
08-05 04:13:52.858  5381  5394 I art     : Starting a blocking GC Explicit
08-05 04:13:52.892  5381  5394 I art     : Explicit concurrent mark sweep GC freed 3(96B) AllocSpace objects, 0(0B) LOS objects, 37% free, 26MB/42MB, paused 394us total 33.345ms
08-05 04:13:52.904  5381  5394 I art     : Starting a blocking GC Explicit
08-05 04:13:52.937  5381  5394 I art     : Explicit concurrent mark sweep GC freed 3(96B) AllocSpace objects, 0(0B) LOS objects, 37% free, 26MB/42MB, paused 379us total 32.285ms
