--------- beginning of main
08-05 21:52:53.308 24365 16038 I Fitness : FitCleanupIntentOperation received Intent android.intent.action.PACKAGE_REMOVED [CONTEXT service_id=17 ]
08-05 21:52:53.310   918  6112 I AccountManagerService: getTypesVisibleToCaller: isPermitted? true
08-05 21:52:53.316  3784  3784 D CarrierServiceBindHelper: Receive action: android.intent.action.PACKAGE_ADDED
08-05 21:52:53.316  3784  3784 D CarrierServiceBindHelper: Receive action: android.intent.action.PACKAGE_REPLACED
08-05 21:52:53.317  3784  3784 D CarrierServiceBindHelper: mHandler: 3
08-05 21:52:53.317  3784  3784 D CarrierServiceBindHelper: mHandler: 3
08-05 21:52:53.317  3784  3784 D CarrierServiceBindHelper: mHandler: 3
08-05 21:52:53.317  3784  3784 D CarrierConfigLoader: mHandler: 9 phoneId: 0
08-05 21:52:53.333   918  5132 I AccountManagerService: getTypesVisibleToCaller: isPermitted? true
08-05 21:52:53.337 15866 15866 I Finsky  : [1] uah.a(18): PackageMonitorReceiverImpl - Received: android.intent.action.PACKAGE_REMOVED, [jsPREe6yOOhrMreoEvcpPvP36yUmihacpIgcKsaLph8]
08-05 21:52:53.337 15866 15866 I Finsky  : [1] ubi.d(9): Invalidating cached PackageState for baseline.com.ak.uobtimetable
08-05 21:52:53.340 15866 15866 I Finsky  : [1] lzi.c(2): Frosting ID looked up on UI thread. Caller should move to a background thread.
08-05 21:52:53.343 15866 15866 I Finsky  : [1] nqb.c(3): Installer: package baseline.com.ak.uobtimetable was removed. replacing: true
08-05 21:52:53.344 15866 15866 I Finsky  : [1] nra.a(188): Installer: Notifying status update. package=baseline.com.ak.uobtimetable, status=UNINSTALLED
08-05 21:52:53.396 15866 15866 I Finsky  : [1] lzi.c(2): Frosting ID looked up on UI thread. Caller should move to a background thread.
08-05 21:52:53.410 15866 16050 I Finsky  : [6402] ejf.a(-1): Cancelled 0 ongoing asset module downloads for package baseline.com.ak.uobtimetable due to a concurrent app update.
08-05 21:52:53.427 15866 15866 I Finsky  : [1] nra.a(220): Installer: found apps to install. isMultiUserMode=false, apps=[]
08-05 21:52:53.456   918  1210 D NetlinkSocketObserver: NeighborEvent{elapsedMs=1810977331, 192.168.2.254, [7C3953A63323], RTM_NEWNEIGH, NUD_PROBE}
08-05 21:52:53.490 15866 16054 I Finsky  : [6134] odj.b(52): IQ: Notifying installation update. package=baseline.com.ak.uobtimetable, status=UNINSTALLED
08-05 21:52:53.578 24577 16045 I Auth    : [SupervisedAccountIntentOperation] onHandleIntent(): android.intent.action.PACKAGE_ADDED
08-05 21:52:53.579 24577 16035 I ChromeSync: [Sync,SyncIntentOperation] Handling the intent: Intent { act=android.intent.action.PACKAGE_ADDED dat=package:baseline.com.ak.uobtimetable flg=0x4000010 cmp=com.google.android.gms/.chimera.GmsIntentOperationService (has extras) }.
08-05 21:52:53.592 15866 16046 I Finsky  : [6400] lyv.run(-1): Wrote row to frosting DB: 2988
--------- beginning of system
08-05 21:52:53.599   918   928 W ActivityManager: Unable to start service Intent { act=com.google.android.gms.auth.key.retrieval.service.START pkg=com.google.android.gms } U=0: not found
08-05 21:52:53.602 15866 15866 I Finsky  : [1] uah.a(18): PackageMonitorReceiverImpl - Received: android.intent.action.PACKAGE_ADDED, [jsPREe6yOOhrMreoEvcpPvP36yUmihacpIgcKsaLph8]
08-05 21:52:53.602 15866 15866 I Finsky  : [1] ubi.d(9): Invalidating cached PackageState for baseline.com.ak.uobtimetable
08-05 21:52:53.605 15866 15866 I Finsky  : [1] lzi.c(2): Frosting ID looked up on UI thread. Caller should move to a background thread.
08-05 21:52:53.628 15866 15866 I Finsky  : [1] agsx.a(4): Do not start WearSupportService due to Wear service optimization
08-05 21:52:53.637 15866 16054 I Finsky  : [6134] odj.b(40): IQ: No matching installs to run for jobs: []
08-05 21:52:53.638 15866 16050 I Finsky  : [6402] ejc.a(-1): Asset module broadcast after update successful for package baseline.com.ak.uobtimetable. 0 sessions broadcast.
08-05 21:52:53.675 15866 15866 I Finsky  : [1] lzi.c(2): Frosting ID looked up on UI thread. Caller should move to a background thread.
08-05 21:52:53.679 15866 16047 I Finsky  : [6401] gzn.a(-1): [ContentSync] finished, scheduled=false
08-05 21:52:53.685   918   928 I AccountManagerService: getTypesVisibleToCaller: isPermitted? true
08-05 21:52:53.687 24577 16035 I ChromeSync: [Persistence,AffiliationManager] One of affiliation or grouping data for android://bz0hZa4nAJEtd0n5sRlXG7KAqctUMWVefv7Ki4mh1p6slZ9YO-n9gS9j8m9YCrsIyI2wIxrDHraumF9Y6pBLTA==@baseline.com.ak.uobtimetable/ was not found. Marking affiliation data as stale...
08-05 21:52:53.696   918  5481 W ActivityManager: Unbind failed: could not find connection for android.os.BinderProxy@76010c9
08-05 21:52:53.703 24577 24621 E GmsClient: unable to connect to service: com.google.android.gms.auth.key.retrieval.service.START on com.google.android.gms
08-05 21:52:53.771 24577 16071 I FontLog : Package baseline.com.ak.uobtimetable has no metadata [CONTEXT service_id=132 ]
08-05 21:52:53.818   918  3670 I AccountManagerService: getTypesVisibleToCaller: isPermitted? true
08-05 21:52:53.850 15866 16046 I Finsky  : [6400] lyv.run(-1): Wrote row to frosting DB: 2989
08-05 21:52:53.860 16066 16066 D AndroidRuntime: >>>>>> START com.android.internal.os.RuntimeInit uid 2000 <<<<<<
08-05 21:52:53.863 16066 16066 D AndroidRuntime: CheckJNI is OFF
08-05 21:52:53.888 16066 16066 D ICU     : No timezone override file found: /data/misc/zoneinfo/current/icu/icu_tzdata.dat
08-05 21:52:53.889 15866 15866 I Finsky  : [1] xmu.a(8): SCH: Jobs in database: 1-1337 3-219 3-220 12-1 26-1414141414 
08-05 21:52:53.891 15866 15866 I Finsky  : [1] xio.a(57): SCH: ConstraintMapping: 1-1337, 12-1,  -> L: 14497ms, D: 43979025ms, C: false, I: false, N: 1
08-05 21:52:53.892 15866 15866 I Finsky  : [1] xio.a(57): SCH: ConstraintMapping: 3-219,  -> L: 0ms, D: 75989632ms, C: false, I: true, N: 2
08-05 21:52:53.892 15866 15866 I Finsky  : [1] xio.a(57): SCH: ConstraintMapping: 3-220,  -> L: 0ms, D: 75989674ms, C: true, I: true, N: 2
08-05 21:52:53.893 15866 15866 I Finsky  : [1] xio.a(57): SCH: ConstraintMapping: 26-1414141414,  -> L: 5426487ms, D: 6326487ms, C: false, I: false, N: 0
08-05 21:52:53.894 15866 16047 I Finsky  : [6401] gzn.a(-1): [ContentSync] finished, scheduled=true
08-05 21:52:53.912 16066 16066 I Radio-JNI: register_android_hardware_Radio DONE
08-05 21:52:53.915 15866 15866 I Finsky  : [1] xle.a(34): Cancelling existing jobscheduler jobs: 9006 9011 9000 9013 9007 9012 9002 9010 
08-05 21:52:53.916 15866 15866 I Finsky  : [1] xle.a(27): Scheduling job Id: 9001, L: 14497, D: 43979025, C: false, I: false, N: 1
08-05 21:52:53.918 15866 15866 I Finsky  : [1] xle.a(27): Scheduling job Id: 9003, L: 0, D: 75989632, C: false, I: true, N: 2
08-05 21:52:53.920 15866 15866 I Finsky  : [1] xle.a(27): Scheduling job Id: 9004, L: 0, D: 75989674, C: true, I: true, N: 2
08-05 21:52:53.921 15866 15866 I Finsky  : [1] xle.a(27): Scheduling job Id: 9005, L: 5426487, D: 6326487, C: false, I: false, N: 0
08-05 21:52:53.923 15866 15866 I Finsky  : [1] xle.a(27): Scheduling job Id: 9008, L: 14497, D: 43979025, C: false, I: false, N: 1
08-05 21:52:53.924 15866 16046 I Finsky  : [6400] lyv.run(-1): Wrote row to frosting DB: 2990
08-05 21:52:53.927 15866 15866 I Finsky  : [1] xle.a(27): Scheduling job Id: 9009, L: 0, D: 75989632, C: false, I: true, N: 2
08-05 21:52:53.928 16066 16066 D AndroidRuntime: Calling main entry com.android.commands.monkey.Monkey
08-05 21:52:53.942 15866 15866 I Finsky  : [1] xle.a(27): Scheduling job Id: 9014, L: 0, D: 75989674, C: true, I: true, N: 2
08-05 21:52:53.943   918   931 W BroadcastQueue: Skipping deliver [background] BroadcastRecord{a365df u-1 android.net.conn.CONNECTIVITY_CHANGE} to ReceiverList{816822c 16066 (unknown name)/2000/u-1 remote:d470600}: process crashing
08-05 21:52:53.943 15866 15866 I Finsky  : [1] xle.a(27): Scheduling job Id: 9015, L: 5426487, D: 6326487, C: false, I: false, N: 0
08-05 21:52:53.969   918  6029 I ActivityManager: START u0 {act=android.intent.action.MAIN cat=[android.intent.category.LAUNCHER] flg=0x10200000 cmp=baseline.com.ak.uobtimetable/.MainActivity} from uid 2000 on display 0
08-05 21:52:53.980 24577 13336 I Icing   : IndexChimeraService.getServiceInterface callingPackage=com.google.android.gms componentName=AppsCorpus serviceId=36
08-05 21:52:53.992 16090 16090 I art     : Late-enabling -Xcheck:jni
08-05 21:52:53.993   918   928 I ActivityManager: Start proc 16090:baseline.com.ak.uobtimetable/u0a684 for activity baseline.com.ak.uobtimetable/.MainActivity
08-05 21:52:53.995 15866 16046 I Finsky  : [6400] lyv.run(-1): Wrote row to frosting DB: 2991
08-05 21:52:54.010 16066 16066 I art     : System.exit called, status: 0
08-05 21:52:54.010 16066 16066 I AndroidRuntime: VM exiting with result code 0.
08-05 21:52:54.044 16090 16090 W System  : ClassLoader referenced unknown path: /data/app/baseline.com.ak.uobtimetable-2/lib/arm64
08-05 21:52:54.051   918  3359 I AccountManagerService: getTypesVisibleToCaller: isPermitted? true
08-05 21:52:54.058 24577 14010 W Icing   : No valid account for uploading user actions
08-05 21:52:54.058 16090 16090 E Application: Can't init Bugsnag - No key
08-05 21:52:54.058 16090 16090 E Application: java.lang.Exception: Can't init Bugsnag - No key
08-05 21:52:54.058 16090 16090 E Application: 	at baseline.com.ak.uobtimetable.Utilities.Logging.Logger.error(Logger.java:79)
08-05 21:52:54.058 16090 16090 E Application: 	at baseline.com.ak.uobtimetable.MyApplication.onCreate(MyApplication.java:52)
08-05 21:52:54.058 16090 16090 E Application: 	at android.app.Instrumentation.callApplicationOnCreate(Instrumentation.java:1013)
08-05 21:52:54.058 16090 16090 E Application: 	at android.app.ActivityThread.handleBindApplication(ActivityThread.java:4707)
08-05 21:52:54.058 16090 16090 E Application: 	at android.app.ActivityThread.-wrap1(ActivityThread.java)
08-05 21:52:54.058 16090 16090 E Application: 	at android.app.ActivityThread$H.handleMessage(ActivityThread.java:1405)
08-05 21:52:54.058 16090 16090 E Application: 	at android.os.Handler.dispatchMessage(Handler.java:102)
08-05 21:52:54.058 16090 16090 E Application: 	at android.os.Looper.loop(Looper.java:148)
08-05 21:52:54.058 16090 16090 E Application: 	at android.app.ActivityThread.main(ActivityThread.java:5417)
08-05 21:52:54.058 16090 16090 E Application: 	at java.lang.reflect.Method.invoke(Native Method)
08-05 21:52:54.058 16090 16090 E Application: 	at com.android.internal.os.ZygoteInit$MethodAndArgsCaller.run(ZygoteInit.java:726)
08-05 21:52:54.058 16090 16090 E Application: 	at com.android.internal.os.ZygoteInit.main(ZygoteInit.java:616)
08-05 21:52:54.061 16090 16090 I Application: API level: 23
08-05 21:52:54.061 16090 16090 I Application: API level name: M
08-05 21:52:54.062 16090 16090 I Application: Target API level: 29
08-05 21:52:54.062 16090 16090 I Application: Git commit hash: d26bf1fa
08-05 21:52:54.062 16090 16090 I Application: Git branch: master
08-05 21:52:54.062 16090 16090 I Application: Build type: Debug
08-05 21:52:54.065 16090 16090 I Application: Build keys: Release
08-05 21:52:54.065 16090 16090 I Application: Version code: 21
08-05 21:52:54.065 16090 16090 I Application: Version name: 2.5
08-05 21:52:54.066 16090 16090 I Application: Build date: 22:30 03/08/20
08-05 21:52:54.067 16090 16090 I Application: Package update date: 00:38 05/08/20
08-05 21:52:54.067 16090 16090 I SettingsManager: Getting int: launchCount
08-05 21:52:54.067 16090 16090 I SettingsManager: Setting int: launchCount
08-05 21:52:54.076   918  3714 W BackupManagerService: dataChanged but no participant pkg='baseline.com.ak.uobtimetable' uid=10684
08-05 21:52:54.077 16090 16090 I Application: Launch count: 1
08-05 21:52:54.077 16458 19558 I PBSessionCacheImpl: Deleted sessionId[72384646105454640] from persistence.
08-05 21:52:54.077 24577 13316 I Icing   : IndexChimeraService.getServiceInterface callingPackage=com.google.android.gms componentName=null serviceId=30
08-05 21:52:54.079 16090 16090 I Application: Network: TYPE_WIFI
08-05 21:52:54.079 16090 16090 I Application: Tablet layout: false
08-05 21:52:54.081 16458 16488 W SearchServiceCore: Abort, client detached.
08-05 21:52:54.081 16458 16488 I MicroDetectionState: Should stop hotword detection immediately - true
08-05 21:52:54.093 16090 16090 W art     : Before Android 4.1, method android.graphics.PorterDuffColorFilter androidx.vectordrawable.graphics.drawable.VectorDrawableCompat.updateTintFilter(android.graphics.PorterDuffColorFilter, android.content.res.ColorStateList, android.graphics.PorterDuff$Mode) would have incorrectly overridden the package-private method in android.graphics.drawable.Drawable
08-05 21:52:54.107 16090 16090 I art     : Rejecting re-init on previously-failed class java.lang.Class<androidx.core.view.ViewCompat$OnUnhandledKeyEventListenerWrapper>
08-05 21:52:54.107 16090 16090 I art     : Rejecting re-init on previously-failed class java.lang.Class<androidx.core.view.ViewCompat$OnUnhandledKeyEventListenerWrapper>
08-05 21:52:54.108 24577 14010 I Icing   : Usage reports ok 2, Failed Usage reports 0, indexed 0, rejected 0
08-05 21:52:54.111 24577 14010 W Icing   : No valid account for uploading user actions
08-05 21:52:54.128 24577 14010 I Icing   : Usage reports ok 0, Failed Usage reports 0, indexed 0, rejected 0
08-05 21:52:54.129 24577 14010 I Icing   : Indexing com.google.android.gms-internal.3p:MobileApplication from com.google.android.gms using seqno 763
08-05 21:52:54.132 24577 14010 I Icing   : Indexing com.google.android.gms-internal.3p:MobileApplication from com.google.android.gms using seqno 763
08-05 21:52:54.169 24577 13316 I Icing   : IndexChimeraService.getServiceInterface callingPackage=com.google.android.gms componentName=null serviceId=36
08-05 21:52:54.174 16090 16090 D MainActivity: onCreate
08-05 21:52:54.174 16090 16090 I SettingsManager: Getting string: savedSessions
08-05 21:52:54.174 16090 16090 I Settings: No saved sessions
08-05 21:52:54.175 24577 31546 W Icing   : No valid account for uploading user actions
08-05 21:52:54.189 24577 31546 I Icing   : Usage reports ok 0, Failed Usage reports 0, indexed 0, rejected 0
08-05 21:52:54.204 16090 16090 I SettingsManager: Getting string: savedCourse
08-05 21:52:54.204   918  3696 I ActivityManager: START u0 {flg=0x14000000 cmp=baseline.com.ak.uobtimetable/.WelcomeActivity} from uid 10684 on display 0
08-05 21:52:54.213 16090 16090 D MainActivity: OnResume
08-05 21:52:54.219 16090 16105 D OpenGLRenderer: Use EGL_SWAP_BEHAVIOR_PRESERVED: true
08-05 21:52:54.227 16090 16090 D MainActivity: OnPause
08-05 21:52:54.323 16090 16105 I Adreno  : QUALCOMM build                   : fcf4852, I1af360237c
08-05 21:52:54.323 16090 16105 I Adreno  : Build Date                       : 09/23/15
08-05 21:52:54.323 16090 16105 I Adreno  : OpenGL ES Shader Compiler Version: XE031.05.13.02
08-05 21:52:54.323 16090 16105 I Adreno  : Local Branch                     : mybranch14465806
08-05 21:52:54.323 16090 16105 I Adreno  : Remote Branch                    : quic/LA.BF64.1.2.9_v2
08-05 21:52:54.323 16090 16105 I Adreno  : Remote Branch                    : NONE
08-05 21:52:54.323 16090 16105 I Adreno  : Reconstruct Branch               : NOTHING
08-05 21:52:54.329 16090 16105 I OpenGLRenderer: Initialized EGL, version 1.4
08-05 21:52:54.505   918   936 I ActivityManager: Displayed baseline.com.ak.uobtimetable/.WelcomeActivity: +276ms (total +527ms)
08-05 21:52:54.506 13866 13866 I GoogleInputMethodServic: GoogleInputMethodService.onFinishInput():3138 
08-05 21:52:54.510 13866 13866 I GoogleInputMethodServic: GoogleInputMethodService.onStartInput():1808 
08-05 21:52:54.768 16090 16090 D MainActivity: Saving state
08-05 21:52:55.112 24577 31546 I Icing   : Indexing com.google.android.gms-apps from com.google.android.gms
08-05 21:52:55.196 24577 31546 I Icing   : Indexing done com.google.android.gms-apps
08-05 21:52:55.638 16123 16123 D AndroidRuntime: >>>>>> START com.android.internal.os.RuntimeInit uid 2000 <<<<<<
08-05 21:52:55.644 16123 16123 D AndroidRuntime: CheckJNI is OFF
08-05 21:52:55.675 16123 16123 D ICU     : No timezone override file found: /data/misc/zoneinfo/current/icu/icu_tzdata.dat
08-05 21:52:55.712 16123 16123 I Radio-JNI: register_android_hardware_Radio DONE
08-05 21:52:55.731 16123 16123 D AndroidRuntime: Calling main entry com.android.commands.am.Am
08-05 21:52:55.742 19822 19822 I Trepn   : Trepn 6.2s: Received intent: com.quicinc.trepn.start_profiling
08-05 21:52:55.899 19822 19822 W FileUtils: Failed to chmod(/storage/emulated/0/trepn/Trepn_2020.08.05_215255.db): android.system.ErrnoException: chmod failed: EPERM (Operation not permitted)
08-05 21:52:56.058 19822 19822 I Trepn   : Trepn 6.2s: Trepn has Started Profiling.
08-05 21:52:56.060 16123 16123 D AndroidRuntime: Shutting down VM
08-05 21:52:56.551 16090 16103 I art     : Starting a blocking GC Explicit
08-05 21:52:56.569 16090 16103 I art     : Explicit concurrent mark sweep GC freed 2662(484KB) AllocSpace objects, 2(1340KB) LOS objects, 40% free, 21MB/36MB, paused 154us total 18.256ms
08-05 21:52:56.578 16090 16103 I art     : Starting a blocking GC Explicit
08-05 21:52:56.589 16090 16103 I art     : Explicit concurrent mark sweep GC freed 389(17KB) AllocSpace objects, 0(0B) LOS objects, 40% free, 21MB/36MB, paused 105us total 10.937ms
08-05 21:52:56.595 16090 16103 I art     : Starting a blocking GC Explicit
08-05 21:52:56.606 16090 16103 I art     : Explicit concurrent mark sweep GC freed 3(96B) AllocSpace objects, 0(0B) LOS objects, 40% free, 21MB/36MB, paused 96us total 10.070ms
08-05 21:52:56.611 16090 16103 I art     : Starting a blocking GC Explicit
08-05 21:52:56.621 16090 16103 I art     : Explicit concurrent mark sweep GC freed 3(96B) AllocSpace objects, 0(0B) LOS objects, 40% free, 21MB/36MB, paused 104us total 9.456ms
08-05 21:52:56.627 16090 16103 I art     : Starting a blocking GC Explicit
08-05 21:52:56.636 16090 16103 I art     : Explicit concurrent mark sweep GC freed 3(96B) AllocSpace objects, 0(0B) LOS objects, 40% free, 21MB/36MB, paused 92us total 9.451ms
08-05 21:52:56.909 16090 16111 I art     : Starting a blocking GC Explicit
08-05 21:52:56.924 16090 16111 I art     : Explicit concurrent mark sweep GC freed 1273(74KB) AllocSpace objects, 1(20KB) LOS objects, 40% free, 21MB/36MB, paused 131us total 15.169ms
08-05 21:52:56.934 16090 16111 I art     : Starting a blocking GC Explicit
08-05 21:52:56.945 16090 16111 I art     : Explicit concurrent mark sweep GC freed 18(624B) AllocSpace objects, 0(0B) LOS objects, 40% free, 21MB/36MB, paused 102us total 10.883ms
08-05 21:52:56.951 16090 16111 I art     : Starting a blocking GC Explicit
08-05 21:52:56.961 16090 16111 I art     : Explicit concurrent mark sweep GC freed 3(96B) AllocSpace objects, 0(0B) LOS objects, 40% free, 21MB/36MB, paused 102us total 10.212ms
08-05 21:52:56.967 16090 16111 I art     : Starting a blocking GC Explicit
08-05 21:52:56.977 16090 16111 I art     : Explicit concurrent mark sweep GC freed 3(96B) AllocSpace objects, 0(0B) LOS objects, 40% free, 21MB/36MB, paused 101us total 9.457ms
08-05 21:52:56.983 16090 16111 I art     : Starting a blocking GC Explicit
08-05 21:52:56.993 16090 16111 I art     : Explicit concurrent mark sweep GC freed 3(96B) AllocSpace objects, 0(0B) LOS objects, 40% free, 21MB/36MB, paused 98us total 10.063ms
08-05 21:52:57.260 16090 16101 I art     : Starting a blocking GC Explicit
08-05 21:52:57.273 16090 16101 I art     : Explicit concurrent mark sweep GC freed 1270(74KB) AllocSpace objects, 1(20KB) LOS objects, 40% free, 21MB/36MB, paused 137us total 13.168ms
08-05 21:52:57.280 16090 16101 I art     : Starting a blocking GC Explicit
08-05 21:52:57.292 16090 16101 I art     : Explicit concurrent mark sweep GC freed 18(624B) AllocSpace objects, 0(0B) LOS objects, 40% free, 21MB/36MB, paused 101us total 11.477ms
08-05 21:52:57.298 16090 16101 I art     : Starting a blocking GC Explicit
08-05 21:52:57.309 16090 16101 I art     : Explicit concurrent mark sweep GC freed 3(96B) AllocSpace objects, 0(0B) LOS objects, 40% free, 21MB/36MB, paused 98us total 10.748ms
08-05 21:52:57.315 16090 16101 I art     : Starting a blocking GC Explicit
08-05 21:52:57.325 16090 16101 I art     : Explicit concurrent mark sweep GC freed 3(96B) AllocSpace objects, 0(0B) LOS objects, 40% free, 21MB/36MB, paused 98us total 9.792ms
08-05 21:52:57.331 16090 16101 I art     : Starting a blocking GC Explicit
08-05 21:52:57.340 16090 16101 I art     : Explicit concurrent mark sweep GC freed 3(96B) AllocSpace objects, 0(0B) LOS objects, 40% free, 21MB/36MB, paused 91us total 9.299ms
08-05 21:52:57.640 16090 16103 I art     : Starting a blocking GC Explicit
08-05 21:52:57.657 16090 16103 I art     : Explicit concurrent mark sweep GC freed 1268(74KB) AllocSpace objects, 1(20KB) LOS objects, 40% free, 21MB/36MB, paused 137us total 16.252ms
08-05 21:52:57.668 16090 16103 I art     : Starting a blocking GC Explicit
08-05 21:52:57.683 16090 16103 I art     : Explicit concurrent mark sweep GC freed 18(624B) AllocSpace objects, 0(0B) LOS objects, 40% free, 21MB/36MB, paused 245us total 14.628ms
08-05 21:52:57.692 16090 16103 I art     : Starting a blocking GC Explicit
08-05 21:52:57.701 16090 16103 I art     : Explicit concurrent mark sweep GC freed 3(96B) AllocSpace objects, 0(0B) LOS objects, 40% free, 21MB/36MB, paused 100us total 9.638ms
08-05 21:52:57.707 16090 16103 I art     : Starting a blocking GC Explicit
08-05 21:52:57.717 16090 16103 I art     : Explicit concurrent mark sweep GC freed 3(96B) AllocSpace objects, 0(0B) LOS objects, 40% free, 21MB/36MB, paused 99us total 9.889ms
08-05 21:52:57.723 16090 16103 I art     : Starting a blocking GC Explicit
08-05 21:52:57.733 16090 16103 I art     : Explicit concurrent mark sweep GC freed 3(96B) AllocSpace objects, 0(0B) LOS objects, 40% free, 21MB/36MB, paused 101us total 9.642ms
08-05 21:52:58.034 16090 16111 I art     : Starting a blocking GC Explicit
08-05 21:52:58.049 16090 16111 I art     : Explicit concurrent mark sweep GC freed 1268(74KB) AllocSpace objects, 1(20KB) LOS objects, 40% free, 21MB/36MB, paused 139us total 14.389ms
08-05 21:52:58.059 16090 16111 I art     : Starting a blocking GC Explicit
08-05 21:52:58.073 16090 16111 I art     : Explicit concurrent mark sweep GC freed 18(624B) AllocSpace objects, 0(0B) LOS objects, 40% free, 21MB/36MB, paused 104us total 13.841ms
08-05 21:52:58.079 16090 16111 I art     : Starting a blocking GC Explicit
08-05 21:52:58.090 16090 16111 I art     : Explicit concurrent mark sweep GC freed 3(96B) AllocSpace objects, 0(0B) LOS objects, 40% free, 21MB/36MB, paused 95us total 10.746ms
08-05 21:52:58.096 16090 16111 I art     : Starting a blocking GC Explicit
08-05 21:52:58.107 16090 16111 I art     : Explicit concurrent mark sweep GC freed 3(96B) AllocSpace objects, 0(0B) LOS objects, 40% free, 21MB/36MB, paused 121us total 10.373ms
08-05 21:52:58.113 16090 16111 I art     : Starting a blocking GC Explicit
08-05 21:52:58.124 16090 16111 I art     : Explicit concurrent mark sweep GC freed 3(96B) AllocSpace objects, 0(0B) LOS objects, 40% free, 21MB/36MB, paused 101us total 10.050ms
08-05 21:52:58.444 16090 16101 I art     : Starting a blocking GC Explicit
08-05 21:52:58.462 16090 16101 I art     : Explicit concurrent mark sweep GC freed 1268(74KB) AllocSpace objects, 1(20KB) LOS objects, 40% free, 21MB/36MB, paused 151us total 18.115ms
08-05 21:52:58.472 16090 16101 I art     : Starting a blocking GC Explicit
08-05 21:52:58.483 16090 16101 I art     : Explicit concurrent mark sweep GC freed 18(624B) AllocSpace objects, 0(0B) LOS objects, 40% free, 21MB/36MB, paused 106us total 10.701ms
08-05 21:52:58.490 16090 16101 I art     : Starting a blocking GC Explicit
08-05 21:52:58.500 16090 16101 I art     : Explicit concurrent mark sweep GC freed 3(96B) AllocSpace objects, 0(0B) LOS objects, 40% free, 21MB/36MB, paused 101us total 10.655ms
08-05 21:52:58.506 16090 16101 I art     : Starting a blocking GC Explicit
08-05 21:52:58.516 16090 16101 I art     : Explicit concurrent mark sweep GC freed 3(96B) AllocSpace objects, 0(0B) LOS objects, 40% free, 21MB/36MB, paused 92us total 9.704ms
08-05 21:52:58.522 16090 16101 I art     : Starting a blocking GC Explicit
08-05 21:52:58.532 16090 16101 I art     : Explicit concurrent mark sweep GC freed 3(96B) AllocSpace objects, 0(0B) LOS objects, 40% free, 21MB/36MB, paused 91us total 9.639ms
08-05 21:52:58.848 16090 16103 I art     : Starting a blocking GC Explicit
08-05 21:52:58.863 16090 16103 I art     : Explicit concurrent mark sweep GC freed 1268(74KB) AllocSpace objects, 1(20KB) LOS objects, 40% free, 21MB/36MB, paused 124us total 14.796ms
08-05 21:52:58.870 16090 16103 I art     : Starting a blocking GC Explicit
08-05 21:52:58.882 16090 16103 I art     : Explicit concurrent mark sweep GC freed 18(624B) AllocSpace objects, 0(0B) LOS objects, 40% free, 21MB/36MB, paused 107us total 11.649ms
08-05 21:52:58.889 16090 16103 I art     : Starting a blocking GC Explicit
08-05 21:52:58.899 16090 16103 I art     : Explicit concurrent mark sweep GC freed 3(96B) AllocSpace objects, 0(0B) LOS objects, 40% free, 21MB/36MB, paused 102us total 10.235ms
08-05 21:52:58.905 16090 16103 I art     : Starting a blocking GC Explicit
08-05 21:52:58.915 16090 16103 I art     : Explicit concurrent mark sweep GC freed 3(96B) AllocSpace objects, 0(0B) LOS objects, 40% free, 21MB/36MB, paused 100us total 9.873ms
08-05 21:52:58.920 16090 16103 I art     : Starting a blocking GC Explicit
08-05 21:52:58.930 16090 16103 I art     : Explicit concurrent mark sweep GC freed 3(96B) AllocSpace objects, 0(0B) LOS objects, 40% free, 21MB/36MB, paused 94us total 9.843ms
08-05 21:52:59.229 16090 16111 I art     : Starting a blocking GC Explicit
08-05 21:52:59.245 16090 16111 I art     : Explicit concurrent mark sweep GC freed 1268(74KB) AllocSpace objects, 1(20KB) LOS objects, 40% free, 21MB/36MB, paused 142us total 15.187ms
08-05 21:52:59.255 16090 16111 I art     : Starting a blocking GC Explicit
08-05 21:52:59.266 16090 16111 I art     : Explicit concurrent mark sweep GC freed 18(624B) AllocSpace objects, 0(0B) LOS objects, 40% free, 21MB/36MB, paused 103us total 11.003ms
08-05 21:52:59.272 16090 16111 I art     : Starting a blocking GC Explicit
08-05 21:52:59.283 16090 16111 I art     : Explicit concurrent mark sweep GC freed 3(96B) AllocSpace objects, 0(0B) LOS objects, 40% free, 21MB/36MB, paused 95us total 10.562ms
08-05 21:52:59.289 16090 16111 I art     : Starting a blocking GC Explicit
08-05 21:52:59.299 16090 16111 I art     : Explicit concurrent mark sweep GC freed 3(96B) AllocSpace objects, 0(0B) LOS objects, 40% free, 21MB/36MB, paused 95us total 9.955ms
08-05 21:52:59.305 16090 16111 I art     : Starting a blocking GC Explicit
08-05 21:52:59.316 16090 16111 I art     : Explicit concurrent mark sweep GC freed 3(96B) AllocSpace objects, 0(0B) LOS objects, 40% free, 21MB/36MB, paused 91us total 10.344ms
08-05 21:52:59.507 13866 13882 I PeriodicStatsRunner: PeriodicStatsRunner.call():175 call()
08-05 21:52:59.507 13866 13882 I PeriodicStatsRunner: PeriodicStatsRunner.call():179 No submit PeriodicStats since input started.
08-05 21:52:59.620 16090 16101 I art     : Starting a blocking GC Explicit
08-05 21:52:59.636 16090 16101 I art     : Explicit concurrent mark sweep GC freed 1268(74KB) AllocSpace objects, 1(20KB) LOS objects, 40% free, 21MB/36MB, paused 130us total 15.095ms
08-05 21:52:59.645 16090 16101 I art     : Starting a blocking GC Explicit
08-05 21:52:59.656 16090 16101 I art     : Explicit concurrent mark sweep GC freed 18(624B) AllocSpace objects, 0(0B) LOS objects, 40% free, 21MB/36MB, paused 101us total 10.560ms
08-05 21:52:59.662 16090 16101 I art     : Starting a blocking GC Explicit
08-05 21:52:59.673 16090 16101 I art     : Explicit concurrent mark sweep GC freed 3(96B) AllocSpace objects, 0(0B) LOS objects, 40% free, 21MB/36MB, paused 111us total 10.280ms
08-05 21:52:59.679 16090 16101 I art     : Starting a blocking GC Explicit
08-05 21:52:59.689 16090 16101 I art     : Explicit concurrent mark sweep GC freed 3(96B) AllocSpace objects, 0(0B) LOS objects, 40% free, 21MB/36MB, paused 96us total 9.629ms
08-05 21:52:59.695 16090 16101 I art     : Starting a blocking GC Explicit
08-05 21:52:59.704 16090 16101 I art     : Explicit concurrent mark sweep GC freed 3(96B) AllocSpace objects, 0(0B) LOS objects, 40% free, 21MB/36MB, paused 92us total 9.588ms
08-05 21:52:59.971 16090 16103 I art     : Starting a blocking GC Explicit
08-05 21:52:59.984 16090 16103 I art     : Explicit concurrent mark sweep GC freed 1268(74KB) AllocSpace objects, 1(20KB) LOS objects, 40% free, 21MB/36MB, paused 111us total 12.054ms
08-05 21:52:59.990 16090 16103 I art     : Starting a blocking GC Explicit
08-05 21:53:00.001 16090 16103 I art     : Explicit concurrent mark sweep GC freed 18(624B) AllocSpace objects, 0(0B) LOS objects, 40% free, 21MB/36MB, paused 91us total 10.353ms
08-05 21:53:00.007 16090 16103 I art     : Starting a blocking GC Explicit
08-05 21:53:00.016 16090 16103 I art     : Explicit concurrent mark sweep GC freed 3(96B) AllocSpace objects, 0(0B) LOS objects, 40% free, 21MB/36MB, paused 90us total 8.845ms
08-05 21:53:00.021 16090 16103 I art     : Starting a blocking GC Explicit
08-05 21:53:00.030 16090 16103 I art     : Explicit concurrent mark sweep GC freed 3(96B) AllocSpace objects, 0(0B) LOS objects, 40% free, 21MB/36MB, paused 84us total 8.739ms
08-05 21:53:00.036 16090 16103 I art     : Starting a blocking GC Explicit
08-05 21:53:00.045 16090 16103 I art     : Explicit concurrent mark sweep GC freed 3(96B) AllocSpace objects, 0(0B) LOS objects, 40% free, 21MB/36MB, paused 81us total 8.305ms
08-05 21:53:00.304 16090 16111 I art     : Starting a blocking GC Explicit
08-05 21:53:00.319 16090 16111 I art     : Explicit concurrent mark sweep GC freed 1268(74KB) AllocSpace objects, 1(20KB) LOS objects, 40% free, 21MB/36MB, paused 133us total 15.242ms
08-05 21:53:00.328 16090 16111 I art     : Starting a blocking GC Explicit
08-05 21:53:00.339 16090 16111 I art     : Explicit concurrent mark sweep GC freed 18(624B) AllocSpace objects, 0(0B) LOS objects, 40% free, 21MB/36MB, paused 106us total 10.716ms
08-05 21:53:00.345 16090 16111 I art     : Starting a blocking GC Explicit
08-05 21:53:00.356 16090 16111 I art     : Explicit concurrent mark sweep GC freed 3(96B) AllocSpace objects, 0(0B) LOS objects, 40% free, 21MB/36MB, paused 91us total 10.137ms
08-05 21:53:00.362 16090 16111 I art     : Starting a blocking GC Explicit
08-05 21:53:00.372 16090 16111 I art     : Explicit concurrent mark sweep GC freed 3(96B) AllocSpace objects, 0(0B) LOS objects, 40% free, 21MB/36MB, paused 113us total 10.014ms
08-05 21:53:00.378 16090 16111 I art     : Starting a blocking GC Explicit
08-05 21:53:00.388 16090 16111 I art     : Explicit concurrent mark sweep GC freed 3(96B) AllocSpace objects, 0(0B) LOS objects, 40% free, 21MB/36MB, paused 101us total 10.203ms
08-05 21:53:00.698 16090 16101 I art     : Starting a blocking GC Explicit
08-05 21:53:00.715 16090 16101 I art     : Explicit concurrent mark sweep GC freed 1268(74KB) AllocSpace objects, 1(20KB) LOS objects, 40% free, 21MB/36MB, paused 147us total 16.785ms
08-05 21:53:00.727 16090 16101 I art     : Starting a blocking GC Explicit
08-05 21:53:00.738 16090 16101 I art     : Explicit concurrent mark sweep GC freed 18(624B) AllocSpace objects, 0(0B) LOS objects, 40% free, 21MB/36MB, paused 107us total 10.866ms
08-05 21:53:00.744 16090 16101 I art     : Starting a blocking GC Explicit
08-05 21:53:00.754 16090 16101 I art     : Explicit concurrent mark sweep GC freed 3(96B) AllocSpace objects, 0(0B) LOS objects, 40% free, 21MB/36MB, paused 91us total 10.215ms
08-05 21:53:00.761 16090 16101 I art     : Starting a blocking GC Explicit
08-05 21:53:00.771 16090 16101 I art     : Explicit concurrent mark sweep GC freed 3(96B) AllocSpace objects, 0(0B) LOS objects, 40% free, 21MB/36MB, paused 90us total 9.538ms
08-05 21:53:00.776 16090 16101 I art     : Starting a blocking GC Explicit
08-05 21:53:00.786 16090 16101 I art     : Explicit concurrent mark sweep GC freed 3(96B) AllocSpace objects, 0(0B) LOS objects, 40% free, 21MB/36MB, paused 99us total 9.436ms
08-05 21:53:01.025 16090 16103 I art     : Starting a blocking GC Explicit
08-05 21:53:01.035 16090 16103 I art     : Explicit concurrent mark sweep GC freed 1268(74KB) AllocSpace objects, 1(20KB) LOS objects, 40% free, 21MB/36MB, paused 110us total 10.423ms
08-05 21:53:01.041 16090 16103 I art     : Starting a blocking GC Explicit
08-05 21:53:01.052 16090 16103 I art     : Explicit concurrent mark sweep GC freed 18(624B) AllocSpace objects, 0(0B) LOS objects, 40% free, 21MB/36MB, paused 102us total 10.011ms
08-05 21:53:01.057 16090 16103 I art     : Starting a blocking GC Explicit
08-05 21:53:01.068 16090 16103 I art     : Explicit concurrent mark sweep GC freed 3(96B) AllocSpace objects, 0(0B) LOS objects, 40% free, 21MB/36MB, paused 100us total 9.936ms
08-05 21:53:01.073 16090 16103 I art     : Starting a blocking GC Explicit
08-05 21:53:01.084 16090 16103 I art     : Explicit concurrent mark sweep GC freed 3(96B) AllocSpace objects, 0(0B) LOS objects, 40% free, 21MB/36MB, paused 95us total 10.422ms
08-05 21:53:01.090 16090 16103 I art     : Starting a blocking GC Explicit
08-05 21:53:01.099 16090 16103 I art     : Explicit concurrent mark sweep GC freed 3(96B) AllocSpace objects, 0(0B) LOS objects, 40% free, 21MB/36MB, paused 96us total 9.360ms
08-05 21:53:01.179   918  3188 I hubconnection: sensorhub said: 'set_bias 3: -6.2400, 0.0000, 0.0000'
08-05 21:53:01.181 16272 16272 D AndroidRuntime: >>>>>> START com.android.internal.os.RuntimeInit uid 2000 <<<<<<
08-05 21:53:01.188 16272 16272 D AndroidRuntime: CheckJNI is OFF
08-05 21:53:01.220 16272 16272 D ICU     : No timezone override file found: /data/misc/zoneinfo/current/icu/icu_tzdata.dat
08-05 21:53:01.246 16272 16272 I Radio-JNI: register_android_hardware_Radio DONE
08-05 21:53:01.262 16272 16272 D AndroidRuntime: Calling main entry com.android.commands.input.Input
08-05 21:53:01.264 16272 16272 I Input   : injectMotionEvent: MotionEvent { action=ACTION_DOWN, actionButton=0, id[0]=0, x[0]=711.0, y[0]=1664.0, toolType[0]=TOOL_TYPE_UNKNOWN, buttonState=0, metaState=0, flags=0x0, edgeFlags=0x0, pointerCount=1, historySize=0, eventTime=827597676, downTime=827597676, deviceId=0, source=0x1002 }
08-05 21:53:01.269 16272 16272 I Input   : injectMotionEvent: MotionEvent { action=ACTION_UP, actionButton=0, id[0]=0, x[0]=711.0, y[0]=1664.0, toolType[0]=TOOL_TYPE_UNKNOWN, buttonState=0, metaState=0, flags=0x0, edgeFlags=0x0, pointerCount=1, historySize=0, eventTime=827597676, downTime=827597676, deviceId=0, source=0x1002 }
08-05 21:53:01.270 16272 16272 D AndroidRuntime: Shutting down VM
08-05 21:53:01.278   918  3359 I ActivityManager: START u0 {flg=0x14000000 cmp=baseline.com.ak.uobtimetable/.CourseListActivity} from uid 10684 on display 0
08-05 21:53:01.279   512  2967 D audio_hw_primary: out_set_parameters: enter: usecase(1: low-latency-playback) kvpairs: routing=2
08-05 21:53:01.291   512  2967 D audio_hw_primary: select_devices: out_snd_device(2: speaker) in_snd_device(0: none)
08-05 21:53:01.292   512  2967 D msm8974_platform: platform_send_audio_calibration: sending audio calibration for snd_device(2) acdb_id(15)
08-05 21:53:01.292   512  2967 I soundtrigger: audio_extn_sound_trigger_update_device_status: device 0x2 of type 0 for Event 1
08-05 21:53:01.297   918   931 I ProcessStatsService: Prepared write state in 1ms
08-05 21:53:01.298   918   931 I ProcessStatsService: Prepared write state in 1ms
08-05 21:53:01.305   512  2967 D audio_hw_primary: enable_snd_device: snd_device(2: speaker)
08-05 21:53:01.308   512  2967 D audio_hw_primary: enable_audio_route: apply and update mixer path: low-latency-playback speaker
08-05 21:53:01.321 16090 16090 D CourseListActivity: onCreate
08-05 21:53:01.340 16090 16111 I art     : Starting a blocking GC Explicit
08-05 21:53:01.349 16090 16306 D HTTP    : Request for: https://uob-timetable-api.adriankeenan.co.uk/courses
08-05 21:53:01.354 16090 16111 I art     : Explicit concurrent mark sweep GC freed 4339(334KB) AllocSpace objects, 1(20KB) LOS objects, 40% free, 22MB/37MB, paused 413us total 13.354ms
08-05 21:53:01.360 16090 16111 I art     : Starting a blocking GC Explicit
08-05 21:53:01.371 16090 16111 I art     : Explicit concurrent mark sweep GC freed 665(56KB) AllocSpace objects, 0(0B) LOS objects, 40% free, 22MB/36MB, paused 155us total 10.704ms
08-05 21:53:01.377 16090 16111 I art     : Starting a blocking GC Explicit
08-05 21:53:01.390 16090 16111 I art     : Explicit concurrent mark sweep GC freed 210(13KB) AllocSpace objects, 0(0B) LOS objects, 40% free, 22MB/37MB, paused 170us total 13.087ms
08-05 21:53:01.396 16090 16111 I art     : Starting a blocking GC Explicit
08-05 21:53:01.406 16090 16111 I art     : Explicit concurrent mark sweep GC freed 86(6KB) AllocSpace objects, 0(0B) LOS objects, 40% free, 22MB/37MB, paused 216us total 10.646ms
08-05 21:53:01.412 16090 16111 I art     : Starting a blocking GC Explicit
08-05 21:53:01.413   918   936 I ActivityManager: Displayed baseline.com.ak.uobtimetable/.CourseListActivity: +124ms
08-05 21:53:01.418 13866 13866 I GoogleInputMethodServic: GoogleInputMethodService.onFinishInput():3138 
08-05 21:53:01.420 13866 13866 I GoogleInputMethodServic: GoogleInputMethodService.onStartInput():1808 
08-05 21:53:01.426 16090 16111 I art     : Explicit concurrent mark sweep GC freed 41(1664B) AllocSpace objects, 0(0B) LOS objects, 40% free, 22MB/37MB, paused 163us total 13.053ms
08-05 21:53:01.442 16090 16105 D OpenGLRenderer: endAllStagingAnimators on 0x7f949ab000 (RippleDrawable) with handle 0x7f99f07160
08-05 21:53:01.540 16090 16306 I NAPPA_EXPERIMENTATION: MetricNetworkRequestExecutionTime: REQUEST_DURATION_SYSTEM='187',REQUEST_DURATION_OKHTTP='40',REQUEST_SYNCHRONOUS='TRUE',RESPONSE_CODE='200',RESPONSE_METHOD='GET',RESPONSE_LENGTH_OKHTTP='-1',RESPONSE_LENGTH_HEADER='-2',REQUEST_PROTOCOL='http/1.1',REQUEST_URL='https://uob-timetable-api.adriankeenan.co.uk/courses',
08-05 21:53:01.643 16090 16111 I art     : Starting a blocking GC Explicit
08-05 21:53:01.658 16090 16111 I art     : Explicit concurrent mark sweep GC freed 4057(261KB) AllocSpace objects, 4(220KB) LOS objects, 35% free, 29MB/45MB, paused 288us total 14.789ms
08-05 21:53:01.664 16090 16111 I art     : Starting a blocking GC Explicit
08-05 21:53:01.679 16090 16111 I art     : Explicit concurrent mark sweep GC freed 1040(119KB) AllocSpace objects, 0(0B) LOS objects, 33% free, 31MB/47MB, paused 159us total 14.287ms
08-05 21:53:01.685 16090 16111 I art     : Starting a blocking GC Explicit
08-05 21:53:01.697 16090 16111 I art     : Explicit concurrent mark sweep GC freed 11(304B) AllocSpace objects, 0(0B) LOS objects, 33% free, 32MB/48MB, paused 194us total 11.447ms
08-05 21:53:01.703 16090 16111 I art     : Starting a blocking GC Explicit
08-05 21:53:01.714 16090 16111 I art     : Explicit concurrent mark sweep GC freed 21(12KB) AllocSpace objects, 0(0B) LOS objects, 27% free, 41MB/57MB, paused 177us total 11.454ms
08-05 21:53:01.720 16090 16111 I art     : Starting a blocking GC Explicit
08-05 21:53:01.733 16090 16111 I art     : Explicit concurrent mark sweep GC freed 1909(11MB) AllocSpace objects, 0(0B) LOS objects, 26% free, 44MB/60MB, paused 167us total 12.392ms
08-05 21:53:01.849   512  2967 D audio_hw_primary: disable_audio_route: reset and update mixer path: low-latency-playback speaker
08-05 21:53:01.850   512  2967 D audio_hw_primary: disable_snd_device: snd_device(2: speaker)
08-05 21:53:01.860   512  2967 I soundtrigger: audio_extn_sound_trigger_update_device_status: device 0x2 of type 0 for Event 0
08-05 21:53:01.916 16090 16306 I HTTP    : Response was compressed.
08-05 21:53:01.986 16090 16103 I art     : Waiting for a blocking GC Explicit
08-05 21:53:01.999 16090 16103 I art     : WaitForGcToComplete blocked for 12.817ms for cause Explicit
08-05 21:53:01.999 16090 16103 I art     : Starting a blocking GC Explicit
08-05 21:53:02.019 16090 16103 I art     : Explicit concurrent mark sweep GC freed 14888(698KB) AllocSpace objects, 0(0B) LOS objects, 29% free, 37MB/53MB, paused 237us total 20.278ms
08-05 21:53:02.025 16090 16103 I art     : Starting a blocking GC Explicit
08-05 21:53:02.038 16090 16103 I art     : Explicit concurrent mark sweep GC freed 10449(502KB) AllocSpace objects, 0(0B) LOS objects, 29% free, 37MB/53MB, paused 207us total 12.920ms
08-05 21:53:02.044 16090 16103 I art     : Starting a blocking GC Explicit
08-05 21:53:02.057 16090 16103 I art     : Explicit concurrent mark sweep GC freed 8686(423KB) AllocSpace objects, 0(0B) LOS objects, 29% free, 38MB/54MB, paused 939us total 12.962ms
08-05 21:53:02.063 16090 16103 I art     : Starting a blocking GC Explicit
08-05 21:53:02.077 16090 16103 I art     : Explicit concurrent mark sweep GC freed 10170(472KB) AllocSpace objects, 0(0B) LOS objects, 29% free, 38MB/54MB, paused 285us total 12.805ms
08-05 21:53:02.082 16090 16103 I art     : Starting a blocking GC Explicit
08-05 21:53:02.094 16090 16103 I art     : Explicit concurrent mark sweep GC freed 9211(431KB) AllocSpace objects, 0(0B) LOS objects, 29% free, 38MB/54MB, paused 220us total 11.944ms
08-05 21:53:02.351 16090 16103 I art     : Starting a blocking GC Explicit
08-05 21:53:02.382 16090 16103 I art     : Explicit concurrent mark sweep GC freed 154005(7MB) AllocSpace objects, 1(20KB) LOS objects, 28% free, 39MB/55MB, paused 301us total 30.769ms
08-05 21:53:02.390 16090 16103 I art     : Starting a blocking GC Explicit
08-05 21:53:02.406 16090 16103 I art     : Explicit concurrent mark sweep GC freed 18220(850KB) AllocSpace objects, 0(0B) LOS objects, 28% free, 39MB/55MB, paused 230us total 16.378ms
08-05 21:53:02.413 16090 16103 I art     : Starting a blocking GC Explicit
08-05 21:53:02.428 16090 16103 I art     : Explicit concurrent mark sweep GC freed 11657(551KB) AllocSpace objects, 0(0B) LOS objects, 28% free, 39MB/55MB, paused 242us total 15.047ms
08-05 21:53:02.435 16090 16103 I art     : Starting a blocking GC Explicit
08-05 21:53:02.451 16090 16103 I art     : Explicit concurrent mark sweep GC freed 12325(579KB) AllocSpace objects, 0(0B) LOS objects, 28% free, 39MB/55MB, paused 322us total 15.312ms
08-05 21:53:02.458 16090 16103 I art     : Starting a blocking GC Explicit
08-05 21:53:02.474 16090 16103 I art     : Explicit concurrent mark sweep GC freed 12625(608KB) AllocSpace objects, 0(0B) LOS objects, 28% free, 39MB/55MB, paused 365us total 15.912ms
08-05 21:53:02.740 16090 16111 I art     : Starting a blocking GC Explicit
08-05 21:53:02.773 16090 16111 I art     : Explicit concurrent mark sweep GC freed 159066(7MB) AllocSpace objects, 1(20KB) LOS objects, 27% free, 41MB/57MB, paused 377us total 33.286ms
08-05 21:53:02.784 16090 16111 I art     : Starting a blocking GC Explicit
08-05 21:53:02.802 16090 16111 I art     : Explicit concurrent mark sweep GC freed 20309(954KB) AllocSpace objects, 0(0B) LOS objects, 28% free, 41MB/57MB, paused 282us total 18.337ms
08-05 21:53:02.810 16090 16111 I art     : Starting a blocking GC Explicit
08-05 21:53:02.829 16090 16111 I art     : Explicit concurrent mark sweep GC freed 14342(672KB) AllocSpace objects, 0(0B) LOS objects, 27% free, 41MB/57MB, paused 335us total 18.361ms
08-05 21:53:02.837 16090 16111 I art     : Starting a blocking GC Explicit
08-05 21:53:02.855 16090 16111 I art     : Explicit concurrent mark sweep GC freed 14989(701KB) AllocSpace objects, 0(0B) LOS objects, 27% free, 41MB/57MB, paused 291us total 18.602ms
08-05 21:53:02.864 16090 16111 I art     : Starting a blocking GC Explicit
08-05 21:53:02.882 16090 16111 I art     : Explicit concurrent mark sweep GC freed 14861(695KB) AllocSpace objects, 0(0B) LOS objects, 27% free, 41MB/57MB, paused 327us total 18.699ms
08-05 21:53:03.158 16090 16103 I art     : Starting a blocking GC Explicit
08-05 21:53:03.197 16090 16103 I art     : Explicit concurrent mark sweep GC freed 165807(7MB) AllocSpace objects, 1(20KB) LOS objects, 27% free, 42MB/58MB, paused 411us total 38.745ms
08-05 21:53:03.208 16090 16103 I art     : Starting a blocking GC Explicit
08-05 21:53:03.229 16090 16103 I art     : Explicit concurrent mark sweep GC freed 22209(1037KB) AllocSpace objects, 0(0B) LOS objects, 27% free, 42MB/58MB, paused 388us total 21.373ms
08-05 21:53:03.238 16090 16103 I art     : Starting a blocking GC Explicit
08-05 21:53:03.261 16090 16103 I art     : Explicit concurrent mark sweep GC freed 16772(781KB) AllocSpace objects, 0(0B) LOS objects, 27% free, 42MB/58MB, paused 545us total 22.170ms
08-05 21:53:03.270 16090 16103 I art     : Starting a blocking GC Explicit
08-05 21:53:03.293 16090 16103 I art     : Explicit concurrent mark sweep GC freed 17271(817KB) AllocSpace objects, 0(0B) LOS objects, 27% free, 42MB/58MB, paused 467us total 22.842ms
08-05 21:53:03.303 16090 16103 I art     : Starting a blocking GC Explicit
08-05 21:53:03.325 16090 16103 I art     : Explicit concurrent mark sweep GC freed 17231(803KB) AllocSpace objects, 0(0B) LOS objects, 27% free, 43MB/59MB, paused 447us total 22.341ms
08-05 21:53:03.602 16090 16101 I art     : Starting a blocking GC Explicit
08-05 21:53:03.645 16090 16101 I art     : Explicit concurrent mark sweep GC freed 164868(7MB) AllocSpace objects, 1(20KB) LOS objects, 26% free, 44MB/60MB, paused 452us total 42.660ms
08-05 21:53:03.657 16090 16101 I art     : Starting a blocking GC Explicit
08-05 21:53:03.682 16090 16101 I art     : Explicit concurrent mark sweep GC freed 24609(1150KB) AllocSpace objects, 0(0B) LOS objects, 26% free, 44MB/60MB, paused 413us total 24.538ms
08-05 21:53:03.691 16090 16101 I art     : Starting a blocking GC Explicit
08-05 21:53:03.717 16090 16101 I art     : Explicit concurrent mark sweep GC freed 19335(914KB) AllocSpace objects, 0(0B) LOS objects, 26% free, 44MB/60MB, paused 407us total 25.729ms
08-05 21:53:03.727 16090 16101 I art     : Starting a blocking GC Explicit
08-05 21:53:03.753 16090 16101 I art     : Explicit concurrent mark sweep GC freed 18861(941KB) AllocSpace objects, 0(0B) LOS objects, 26% free, 44MB/60MB, paused 435us total 25.497ms
08-05 21:53:03.763 16090 16101 I art     : Starting a blocking GC Explicit
08-05 21:53:03.789 16090 16101 I art     : Explicit concurrent mark sweep GC freed 19674(923KB) AllocSpace objects, 0(0B) LOS objects, 26% free, 44MB/60MB, paused 477us total 26.372ms
08-05 21:53:03.826   918  1210 D NetlinkSocketObserver: NeighborEvent{elapsedMs=1810987701, 192.168.2.254, [7C3953A63323], RTM_NEWNEIGH, NUD_STALE}
08-05 21:53:04.065 16090 16310 I art     : Starting a blocking GC Explicit
08-05 21:53:04.112 16090 16310 I art     : Explicit concurrent mark sweep GC freed 164224(7MB) AllocSpace objects, 1(20KB) LOS objects, 25% free, 46MB/62MB, paused 584us total 46.799ms
08-05 21:53:04.124 16090 16310 I art     : Starting a blocking GC Explicit
08-05 21:53:04.154 16090 16310 I art     : Explicit concurrent mark sweep GC freed 26188(1223KB) AllocSpace objects, 0(0B) LOS objects, 25% free, 46MB/62MB, paused 475us total 29.797ms
08-05 21:53:04.164 16090 16310 I art     : Starting a blocking GC Explicit
08-05 21:53:04.198 16090 16310 I art     : Explicit concurrent mark sweep GC freed 21511(1006KB) AllocSpace objects, 0(0B) LOS objects, 25% free, 46MB/62MB, paused 547us total 33.174ms
08-05 21:53:04.209 16090 16310 I art     : Starting a blocking GC Explicit
08-05 21:53:04.238 16090 16310 I art     : Explicit concurrent mark sweep GC freed 23122(1075KB) AllocSpace objects, 0(0B) LOS objects, 25% free, 46MB/62MB, paused 500us total 29.503ms
08-05 21:53:04.249 16090 16310 I art     : Waiting for a blocking GC Explicit
08-05 21:53:04.249 16090 16310 I art     : Starting a blocking GC Explicit
08-05 21:53:04.280 16090 16310 I art     : Explicit concurrent mark sweep GC freed 21981(1022KB) AllocSpace objects, 0(0B) LOS objects, 25% free, 46MB/62MB, paused 567us total 30.011ms
08-05 21:53:04.548 16090 16111 I art     : Starting a blocking GC Explicit
08-05 21:53:04.598 16090 16111 I art     : Explicit concurrent mark sweep GC freed 163285(7MB) AllocSpace objects, 1(20KB) LOS objects, 24% free, 48MB/64MB, paused 523us total 50.319ms
08-05 21:53:04.611 16090 16111 I art     : Starting a blocking GC Explicit
08-05 21:53:04.645 16090 16111 I art     : Explicit concurrent mark sweep GC freed 28171(1320KB) AllocSpace objects, 0(0B) LOS objects, 24% free, 48MB/64MB, paused 593us total 33.480ms
08-05 21:53:04.656 16090 16111 I art     : Starting a blocking GC Explicit
08-05 21:53:04.690 16090 16111 I art     : Explicit concurrent mark sweep GC freed 24049(1128KB) AllocSpace objects, 0(0B) LOS objects, 24% free, 48MB/64MB, paused 683us total 34.303ms
08-05 21:53:04.701 16090 16111 I art     : Starting a blocking GC Explicit
08-05 21:53:04.718 16090 16306 I Service : getCourses response time: 0.69
08-05 21:53:04.726 16090 16090 I SettingsManager: Getting string: savedCourse
08-05 21:53:04.733 16090 16111 I art     : Explicit concurrent mark sweep GC freed 16095(807KB) AllocSpace objects, 0(0B) LOS objects, 24% free, 48MB/64MB, paused 203us total 31.789ms
08-05 21:53:04.745 16090 16111 I art     : Starting a blocking GC Explicit
08-05 21:53:04.778 16090 16111 I art     : Explicit concurrent mark sweep GC freed 383(20KB) AllocSpace objects, 1(14MB) LOS objects, 32% free, 33MB/49MB, paused 220us total 32.928ms
08-05 21:53:05.056   518   646 I ThermalEngine: ACTION: GPU - Setting GPU[0] to 510000000
08-05 21:53:05.098 16090 16103 I art     : Starting a blocking GC Explicit
08-05 21:53:05.156 16090 16103 I art     : Explicit concurrent mark sweep GC freed 1619(86KB) AllocSpace objects, 1(20KB) LOS objects, 32% free, 33MB/49MB, paused 217us total 57.447ms
08-05 21:53:05.176 16090 16103 I art     : Starting a blocking GC Explicit
08-05 21:53:05.220 16090 16103 I art     : Explicit concurrent mark sweep GC freed 48(1984B) AllocSpace objects, 0(0B) LOS objects, 32% free, 33MB/49MB, paused 191us total 43.895ms
08-05 21:53:05.236 16090 16103 I art     : Starting a blocking GC Explicit
08-05 21:53:05.279 16090 16103 I art     : Explicit concurrent mark sweep GC freed 3(96B) AllocSpace objects, 0(0B) LOS objects, 32% free, 33MB/49MB, paused 199us total 42.924ms
08-05 21:53:05.295 16090 16103 I art     : Starting a blocking GC Explicit
08-05 21:53:05.334 16090 16103 I art     : Explicit concurrent mark sweep GC freed 3(96B) AllocSpace objects, 0(0B) LOS objects, 32% free, 33MB/49MB, paused 187us total 38.387ms
08-05 21:53:05.349 16090 16103 I art     : Starting a blocking GC Explicit
08-05 21:53:05.392 16090 16103 I art     : Explicit concurrent mark sweep GC freed 3(96B) AllocSpace objects, 0(0B) LOS objects, 32% free, 33MB/49MB, paused 201us total 42.679ms
08-05 21:53:05.687 16090 16111 I art     : Starting a blocking GC Explicit
08-05 21:53:05.745 16090 16111 I art     : Explicit concurrent mark sweep GC freed 1274(74KB) AllocSpace objects, 1(20KB) LOS objects, 32% free, 33MB/49MB, paused 217us total 57.506ms
08-05 21:53:05.764 16090 16111 I art     : Starting a blocking GC Explicit
08-05 21:53:05.809 16090 16111 I art     : Explicit concurrent mark sweep GC freed 18(624B) AllocSpace objects, 0(0B) LOS objects, 32% free, 33MB/49MB, paused 192us total 44.533ms
08-05 21:53:05.824 16090 16111 I art     : Starting a blocking GC Explicit
08-05 21:53:05.867 16090 16111 I art     : Explicit concurrent mark sweep GC freed 3(96B) AllocSpace objects, 0(0B) LOS objects, 32% free, 33MB/49MB, paused 251us total 42.422ms
08-05 21:53:05.883 16090 16111 I art     : Starting a blocking GC Explicit
08-05 21:53:05.925 16090 16111 I art     : Explicit concurrent mark sweep GC freed 3(96B) AllocSpace objects, 0(0B) LOS objects, 32% free, 33MB/49MB, paused 187us total 41.613ms
08-05 21:53:05.941 16090 16111 I art     : Starting a blocking GC Explicit
08-05 21:53:05.985 16090 16111 I art     : Explicit concurrent mark sweep GC freed 3(96B) AllocSpace objects, 0(0B) LOS objects, 32% free, 33MB/49MB, paused 195us total 43.885ms
08-05 21:53:06.298 16090 16101 I art     : Starting a blocking GC Explicit
08-05 21:53:06.355 16090 16101 I art     : Explicit concurrent mark sweep GC freed 1274(74KB) AllocSpace objects, 1(20KB) LOS objects, 32% free, 33MB/49MB, paused 195us total 56.859ms
08-05 21:53:06.372 16090 16101 I art     : Starting a blocking GC Explicit
08-05 21:53:06.409 16090 16101 I art     : Explicit concurrent mark sweep GC freed 19(656B) AllocSpace objects, 0(0B) LOS objects, 32% free, 33MB/49MB, paused 165us total 37.022ms
08-05 21:53:06.419 13866 13882 I PeriodicStatsRunner: PeriodicStatsRunner.call():175 call()
08-05 21:53:06.419 13866 13882 I PeriodicStatsRunner: PeriodicStatsRunner.call():179 No submit PeriodicStats since input started.
08-05 21:53:06.424 16090 16101 I art     : Starting a blocking GC Explicit
08-05 21:53:06.462 16090 16101 I art     : Explicit concurrent mark sweep GC freed 5(176B) AllocSpace objects, 0(0B) LOS objects, 32% free, 33MB/49MB, paused 183us total 38.066ms
08-05 21:53:06.478 16090 16101 I art     : Starting a blocking GC Explicit
08-05 21:53:06.520 16090 16101 I art     : Explicit concurrent mark sweep GC freed 3(96B) AllocSpace objects, 0(0B) LOS objects, 32% free, 33MB/49MB, paused 194us total 42.431ms
08-05 21:53:06.537 16090 16101 I art     : Starting a blocking GC Explicit
08-05 21:53:06.580 16090 16101 I art     : Explicit concurrent mark sweep GC freed 3(96B) AllocSpace objects, 0(0B) LOS objects, 32% free, 33MB/49MB, paused 178us total 43.444ms
08-05 21:53:06.893 16090 16103 I art     : Starting a blocking GC Explicit
08-05 21:53:06.943 16090 16103 I art     : Explicit concurrent mark sweep GC freed 1274(74KB) AllocSpace objects, 1(20KB) LOS objects, 32% free, 33MB/49MB, paused 194us total 49.818ms
08-05 21:53:06.959 16090 16103 I art     : Starting a blocking GC Explicit
08-05 21:53:07.003 16090 16103 I art     : Explicit concurrent mark sweep GC freed 18(624B) AllocSpace objects, 0(0B) LOS objects, 32% free, 33MB/49MB, paused 200us total 43.872ms
08-05 21:53:07.020 16090 16103 I art     : Starting a blocking GC Explicit
08-05 21:53:07.064 16090 16103 I art     : Explicit concurrent mark sweep GC freed 3(96B) AllocSpace objects, 0(0B) LOS objects, 32% free, 33MB/49MB, paused 196us total 43.696ms
08-05 21:53:07.080 16090 16103 I art     : Starting a blocking GC Explicit
08-05 21:53:07.121 16090 16103 I art     : Explicit concurrent mark sweep GC freed 3(96B) AllocSpace objects, 0(0B) LOS objects, 32% free, 33MB/49MB, paused 179us total 41.064ms
08-05 21:53:07.137 16090 16103 I art     : Starting a blocking GC Explicit
08-05 21:53:07.175 16090 16103 I art     : Explicit concurrent mark sweep GC freed 3(96B) AllocSpace objects, 0(0B) LOS objects, 32% free, 33MB/49MB, paused 188us total 37.789ms
08-05 21:53:07.489 16090 16111 I art     : Starting a blocking GC Explicit
08-05 21:53:07.534 16090 16111 I art     : Explicit concurrent mark sweep GC freed 1274(74KB) AllocSpace objects, 1(20KB) LOS objects, 32% free, 33MB/49MB, paused 579us total 45.155ms
08-05 21:53:07.550 16090 16111 I art     : Starting a blocking GC Explicit
08-05 21:53:07.590 16090 16111 I art     : Explicit concurrent mark sweep GC freed 18(624B) AllocSpace objects, 0(0B) LOS objects, 32% free, 33MB/49MB, paused 186us total 39.962ms
08-05 21:53:07.604 16090 16111 I art     : Starting a blocking GC Explicit
08-05 21:53:07.642 16090 16111 I art     : Explicit concurrent mark sweep GC freed 3(96B) AllocSpace objects, 0(0B) LOS objects, 32% free, 33MB/49MB, paused 185us total 38.186ms
08-05 21:53:07.657 16090 16111 I art     : Starting a blocking GC Explicit
08-05 21:53:07.698 16090 16111 I art     : Explicit concurrent mark sweep GC freed 3(96B) AllocSpace objects, 0(0B) LOS objects, 32% free, 33MB/49MB, paused 190us total 40.459ms
08-05 21:53:07.713 16090 16111 I art     : Starting a blocking GC Explicit
08-05 21:53:07.751 16090 16111 I art     : Explicit concurrent mark sweep GC freed 3(96B) AllocSpace objects, 0(0B) LOS objects, 32% free, 33MB/49MB, paused 189us total 38.123ms
08-05 21:53:07.920 16445 16445 D AndroidRuntime: >>>>>> START com.android.internal.os.RuntimeInit uid 2000 <<<<<<
08-05 21:53:07.925 16445 16445 D AndroidRuntime: CheckJNI is OFF
08-05 21:53:07.958 16445 16445 D ICU     : No timezone override file found: /data/misc/zoneinfo/current/icu/icu_tzdata.dat
08-05 21:53:07.990 16445 16445 I Radio-JNI: register_android_hardware_Radio DONE
08-05 21:53:08.012 16445 16445 D AndroidRuntime: Calling main entry com.android.commands.input.Input
08-05 21:53:08.013 16445 16445 I Input   : injectMotionEvent: MotionEvent { action=ACTION_DOWN, actionButton=0, id[0]=0, x[0]=526.0, y[0]=704.0, toolType[0]=TOOL_TYPE_UNKNOWN, buttonState=0, metaState=0, flags=0x0, edgeFlags=0x0, pointerCount=1, historySize=0, eventTime=827604426, downTime=827604426, deviceId=0, source=0x1002 }
08-05 21:53:08.020 16445 16445 I Input   : injectMotionEvent: MotionEvent { action=ACTION_UP, actionButton=0, id[0]=0, x[0]=526.0, y[0]=704.0, toolType[0]=TOOL_TYPE_UNKNOWN, buttonState=0, metaState=0, flags=0x0, edgeFlags=0x0, pointerCount=1, historySize=0, eventTime=827604426, downTime=827604426, deviceId=0, source=0x1002 }
08-05 21:53:08.021 16445 16445 D AndroidRuntime: Shutting down VM
08-05 21:53:08.053 16090 16101 I art     : Starting a blocking GC Explicit
08-05 21:53:08.089   512  2967 D audio_hw_primary: out_set_parameters: enter: usecase(1: low-latency-playback) kvpairs: routing=2
08-05 21:53:08.099 16090 16101 I art     : Explicit concurrent mark sweep GC freed 1446(92KB) AllocSpace objects, 2(40KB) LOS objects, 32% free, 33MB/49MB, paused 409us total 46.510ms
08-05 21:53:08.102   512  2967 D audio_hw_primary: select_devices: out_snd_device(2: speaker) in_snd_device(0: none)
08-05 21:53:08.102   512  2967 D msm8974_platform: platform_send_audio_calibration: sending audio calibration for snd_device(2) acdb_id(15)
08-05 21:53:08.102   512  2967 I soundtrigger: audio_extn_sound_trigger_update_device_status: device 0x2 of type 0 for Event 1
08-05 21:53:08.114   512  2967 D audio_hw_primary: enable_snd_device: snd_device(2: speaker)
08-05 21:53:08.114 16090 16101 I art     : Starting a blocking GC Explicit
08-05 21:53:08.116   512  2967 D audio_hw_primary: enable_audio_route: apply and update mixer path: low-latency-playback speaker
08-05 21:53:08.153 16090 16101 I art     : Explicit concurrent mark sweep GC freed 606(40KB) AllocSpace objects, 0(0B) LOS objects, 32% free, 33MB/49MB, paused 190us total 38.391ms
08-05 21:53:08.169 16090 16101 I art     : Starting a blocking GC Explicit
08-05 21:53:08.207 16090 16101 I art     : Explicit concurrent mark sweep GC freed 95(4KB) AllocSpace objects, 0(0B) LOS objects, 32% free, 33MB/49MB, paused 223us total 37.187ms
08-05 21:53:08.222 16090 16101 I art     : Starting a blocking GC Explicit
08-05 21:53:08.261 16090 16101 I art     : Explicit concurrent mark sweep GC freed 63(2864B) AllocSpace objects, 0(0B) LOS objects, 32% free, 33MB/49MB, paused 206us total 38.726ms
08-05 21:53:08.277 16090 16101 I art     : Starting a blocking GC Explicit
08-05 21:53:08.320 16090 16101 I art     : Explicit concurrent mark sweep GC freed 7(240B) AllocSpace objects, 0(0B) LOS objects, 32% free, 33MB/49MB, paused 181us total 43.066ms
08-05 21:53:08.440 15866 15866 I Finsky  : [1] xow.onStartJob(3): SCH: onJobSchedulerWakeup with jobId 9001
08-05 21:53:08.454 15866 15866 I Finsky  : [1] xjw.a(9): Scheduling fallback in 43199995 (absolute: 1854192321)
08-05 21:53:08.464 15866 15866 I Finsky  : [1] xjw.a(9): Scheduling fallback in 64799992 (absolute: 1875792330)
08-05 21:53:08.575 16090 16103 I art     : Starting a blocking GC Explicit
08-05 21:53:08.588 15866 15866 I Finsky  : [1] xkf.handleMessage(8): SCH: DeviceState: DeviceState{currentTime=1596657188583, isCharging=false, isIdle=false, netAny=true, netNotRoaming=true, netUnmetered=true, batteryPercent=100.0}
08-05 21:53:08.596 15866 16047 I Finsky  : [6401] xmu.a(8): SCH: Jobs in database: 1-1337 3-219 3-220 12-1 26-1414141414 
08-05 21:53:08.601 15866 15866 I Finsky  : [1] xkg.a(16): SCH: Running job: 12-1
08-05 21:53:08.601 15866 15866 I Finsky  : [1] ContentSyncJob.a(16): [ContentSync] job started
08-05 21:53:08.602 15866 15866 I Finsky  : [1] xkf.handleMessage(61): SCH: RunningQueue size: 1, PendingQueue size: 0
08-05 21:53:08.603 15866 15866 I Finsky  : [1] xkf.handleMessage(64): SCH: Running queue: 12-1 
08-05 21:53:08.627 16090 16103 I art     : Explicit concurrent mark sweep GC freed 1277(75KB) AllocSpace objects, 1(20KB) LOS objects, 32% free, 33MB/49MB, paused 209us total 51.377ms
08-05 21:53:08.646 16090 16103 I art     : Starting a blocking GC Explicit
08-05 21:53:08.649   512  2967 D audio_hw_primary: disable_audio_route: reset and update mixer path: low-latency-playback speaker
08-05 21:53:08.650   512  2967 D audio_hw_primary: disable_snd_device: snd_device(2: speaker)
08-05 21:53:08.658   512  2967 I soundtrigger: audio_extn_sound_trigger_update_device_status: device 0x2 of type 0 for Event 0
08-05 21:53:08.688 16090 16103 I art     : Explicit concurrent mark sweep GC freed 24(816B) AllocSpace objects, 0(0B) LOS objects, 32% free, 33MB/49MB, paused 206us total 41.592ms
08-05 21:53:08.706 16090 16103 I art     : Starting a blocking GC Explicit
08-05 21:53:08.714 15866 16078 I Finsky  : [6405] dzn.a(22): Completed 0 account content syncs with 0 successful.
08-05 21:53:08.715 15866 15866 I Finsky  : [1] ContentSyncJob.a(1): [ContentSync] Installation state replication succeeded.
08-05 21:53:08.715 15866 15866 I Finsky  : [1] xlr.a(13): SCH: jobFinished: 12-1. TimeElapsed: 114ms.
08-05 21:53:08.716 15866 15866 I Finsky  : [1] xkg.a(36): SCH: Job 12-1 finished. Not rescheduling.
08-05 21:53:08.716 15866 15866 I Finsky  : [1] xkf.handleMessage(61): SCH: RunningQueue size: 0, PendingQueue size: 0
08-05 21:53:08.717 15866 15866 I Finsky  : [1] xkf.handleMessage(25): Executor finished
08-05 21:53:08.733 15866 15866 I Finsky  : [1] xmu.a(8): SCH: Jobs in database: 1-1337 3-219 3-220 26-1414141414 
08-05 21:53:08.735 15866 15866 I Finsky  : [1] xio.a(57): SCH: ConstraintMapping: 1-1337,  -> L: 764182ms, D: 43964182ms, C: false, I: false, N: 1
08-05 21:53:08.736 15866 15866 I Finsky  : [1] xio.a(57): SCH: ConstraintMapping: 3-219,  -> L: 0ms, D: 75974788ms, C: false, I: true, N: 2
08-05 21:53:08.736 15866 15866 I Finsky  : [1] xio.a(57): SCH: ConstraintMapping: 3-220,  -> L: 0ms, D: 75974830ms, C: true, I: true, N: 2
08-05 21:53:08.737 15866 15866 I Finsky  : [1] xio.a(57): SCH: ConstraintMapping: 26-1414141414,  -> L: 5411644ms, D: 6311644ms, C: false, I: false, N: 0
08-05 21:53:08.748 16090 16103 I art     : Explicit concurrent mark sweep GC freed 3(96B) AllocSpace objects, 0(0B) LOS objects, 32% free, 33MB/49MB, paused 171us total 41.779ms
08-05 21:53:08.748 15866 15866 I Finsky  : [1] xle.a(34): Cancelling existing jobscheduler jobs: 9004 9003 9009 9008 9015 9005 9014 
08-05 21:53:08.748 15866 15866 I Finsky  : [1] xle.a(27): Scheduling job Id: 9000, L: 764182, D: 43964182, C: false, I: false, N: 1
08-05 21:53:08.750 15866 15866 I Finsky  : [1] xle.a(10): Throttling wakeup for job 9002 (expected to run in 0 ms) due to recent wakeup
08-05 21:53:08.750 15866 15866 I Finsky  : [1] xle.a(27): Scheduling job Id: 9002, L: 30000, D: 75974788, C: false, I: true, N: 2
08-05 21:53:08.752 15866 15866 I Finsky  : [1] xle.a(10): Throttling wakeup for job 9006 (expected to run in 0 ms) due to recent wakeup
08-05 21:53:08.753 15866 15866 I Finsky  : [1] xle.a(27): Scheduling job Id: 9006, L: 30000, D: 75974830, C: true, I: true, N: 2
08-05 21:53:08.754 15866 15866 I Finsky  : [1] xle.a(27): Scheduling job Id: 9007, L: 5411644, D: 6311644, C: false, I: false, N: 0
08-05 21:53:08.755 15866 15866 I Finsky  : [1] xle.a(27): Scheduling job Id: 9010, L: 764182, D: 43964182, C: false, I: false, N: 1
08-05 21:53:08.757 15866 15866 I Finsky  : [1] xle.a(10): Throttling wakeup for job 9011 (expected to run in 0 ms) due to recent wakeup
08-05 21:53:08.758 15866 15866 I Finsky  : [1] xle.a(27): Scheduling job Id: 9011, L: 30000, D: 75974788, C: false, I: true, N: 2
08-05 21:53:08.760 15866 15866 I Finsky  : [1] xle.a(10): Throttling wakeup for job 9012 (expected to run in 0 ms) due to recent wakeup
08-05 21:53:08.760 15866 15866 I Finsky  : [1] xle.a(27): Scheduling job Id: 9012, L: 30000, D: 75974830, C: true, I: true, N: 2
08-05 21:53:08.762 15866 15866 I Finsky  : [1] xle.a(27): Scheduling job Id: 9013, L: 5411644, D: 6311644, C: false, I: false, N: 0
08-05 21:53:08.763 16090 16103 I art     : Starting a blocking GC Explicit
08-05 21:53:08.800 16090 16103 I art     : Explicit concurrent mark sweep GC freed 5(160B) AllocSpace objects, 0(0B) LOS objects, 32% free, 33MB/49MB, paused 169us total 37.262ms
08-05 21:53:08.815 16090 16103 I art     : Starting a blocking GC Explicit
08-05 21:53:08.854 16090 16103 I art     : Explicit concurrent mark sweep GC freed 3(96B) AllocSpace objects, 0(0B) LOS objects, 32% free, 33MB/49MB, paused 170us total 38.589ms
08-05 21:53:09.146 16090 16103 I art     : Starting a blocking GC Explicit
08-05 21:53:09.198 16090 16103 I art     : Explicit concurrent mark sweep GC freed 1279(75KB) AllocSpace objects, 1(20KB) LOS objects, 32% free, 33MB/49MB, paused 208us total 51.856ms
08-05 21:53:09.215 16090 16103 I art     : Starting a blocking GC Explicit
08-05 21:53:09.258 16090 16103 I art     : Explicit concurrent mark sweep GC freed 20(688B) AllocSpace objects, 0(0B) LOS objects, 32% free, 33MB/49MB, paused 198us total 42.421ms
08-05 21:53:09.274 16090 16103 I art     : Starting a blocking GC Explicit
08-05 21:53:09.314 16090 16103 I art     : Explicit concurrent mark sweep GC freed 3(96B) AllocSpace objects, 0(0B) LOS objects, 32% free, 33MB/49MB, paused 196us total 39.789ms
08-05 21:53:09.314 16090 16100 I art     : WaitForGcToComplete blocked for 33.896ms for cause HeapTrim
08-05 21:53:09.328 16090 16103 I art     : Starting a blocking GC Explicit
08-05 21:53:09.367 16090 16103 I art     : Explicit concurrent mark sweep GC freed 3(96B) AllocSpace objects, 0(0B) LOS objects, 32% free, 33MB/49MB, paused 187us total 38.350ms
08-05 21:53:09.381 16090 16103 I art     : Starting a blocking GC Explicit
08-05 21:53:09.419 16090 16103 I art     : Explicit concurrent mark sweep GC freed 3(96B) AllocSpace objects, 0(0B) LOS objects, 32% free, 33MB/49MB, paused 188us total 37.864ms
08-05 21:53:09.661 16528 16528 D AndroidRuntime: >>>>>> START com.android.internal.os.RuntimeInit uid 2000 <<<<<<
08-05 21:53:09.666 16528 16528 D AndroidRuntime: CheckJNI is OFF
08-05 21:53:09.689 16090 16111 I art     : Starting a blocking GC Explicit
08-05 21:53:09.703 16528 16528 D ICU     : No timezone override file found: /data/misc/zoneinfo/current/icu/icu_tzdata.dat
08-05 21:53:09.735 16090 16111 I art     : Explicit concurrent mark sweep GC freed 1281(75KB) AllocSpace objects, 1(20KB) LOS objects, 32% free, 33MB/49MB, paused 265us total 46.264ms
08-05 21:53:09.740 16528 16528 I Radio-JNI: register_android_hardware_Radio DONE
08-05 21:53:09.752 16090 16111 I art     : Starting a blocking GC Explicit
08-05 21:53:09.763 16528 16528 D AndroidRuntime: Calling main entry com.android.commands.input.Input
08-05 21:53:09.765 16528 16528 I Input   : injectMotionEvent: MotionEvent { action=ACTION_DOWN, actionButton=0, id[0]=0, x[0]=1197.0, y[0]=1456.0, toolType[0]=TOOL_TYPE_UNKNOWN, buttonState=0, metaState=0, flags=0x0, edgeFlags=0x0, pointerCount=1, historySize=0, eventTime=827606178, downTime=827606178, deviceId=0, source=0x1002 }
08-05 21:53:09.771 16528 16528 I Input   : injectMotionEvent: MotionEvent { action=ACTION_UP, actionButton=0, id[0]=0, x[0]=1197.0, y[0]=1456.0, toolType[0]=TOOL_TYPE_UNKNOWN, buttonState=0, metaState=0, flags=0x0, edgeFlags=0x0, pointerCount=1, historySize=0, eventTime=827606178, downTime=827606178, deviceId=0, source=0x1002 }
08-05 21:53:09.773 16528 16528 D AndroidRuntime: Shutting down VM
08-05 21:53:09.783   512  2967 D audio_hw_primary: out_set_parameters: enter: usecase(1: low-latency-playback) kvpairs: routing=2
08-05 21:53:09.795 16090 16111 I art     : Explicit concurrent mark sweep GC freed 59(2096B) AllocSpace objects, 0(0B) LOS objects, 32% free, 33MB/49MB, paused 203us total 42.836ms
08-05 21:53:09.796   512  2967 D audio_hw_primary: select_devices: out_snd_device(2: speaker) in_snd_device(0: none)
08-05 21:53:09.796   512  2967 D msm8974_platform: platform_send_audio_calibration: sending audio calibration for snd_device(2) acdb_id(15)
08-05 21:53:09.796   512  2967 I soundtrigger: audio_extn_sound_trigger_update_device_status: device 0x2 of type 0 for Event 1
08-05 21:53:09.807   512  2967 D audio_hw_primary: enable_snd_device: snd_device(2: speaker)
08-05 21:53:09.809   512  2967 D audio_hw_primary: enable_audio_route: apply and update mixer path: low-latency-playback speaker
08-05 21:53:09.811 16090 16105 D OpenGLRenderer: endAllStagingAnimators on 0x7f812b1800 (RippleDrawable) with handle 0x7f803c79a0
08-05 21:53:09.813 16090 16111 I art     : Starting a blocking GC Explicit
08-05 21:53:09.820 16090 16090 I SettingsManager: Setting string: savedCourse
08-05 21:53:09.825   918  6111 W BackupManagerService: dataChanged but no participant pkg='baseline.com.ak.uobtimetable' uid=10684
08-05 21:53:09.826   918  3359 I ActivityManager: START u0 {flg=0x4000000 cmp=baseline.com.ak.uobtimetable/.MainActivity (has extras)} from uid 10684 on display 0
08-05 21:53:09.836   918  3670 W InputMethodManagerService: Focus gain on non-focused client com.android.internal.view.IInputMethodClient$Stub$Proxy@6ef4823 (uid=10684 pid=16090)
08-05 21:53:09.845 16090 16090 D MainActivity: OnDestroy
08-05 21:53:09.851 16090 16111 I art     : Explicit concurrent mark sweep GC freed 2939(142KB) AllocSpace objects, 1(20KB) LOS objects, 32% free, 33MB/49MB, paused 324us total 38.640ms
08-05 21:53:09.866 16090 16111 I art     : Starting a blocking GC Explicit
08-05 21:53:09.866 16090 16090 D MainActivity: onCreate
08-05 21:53:09.867 16090 16090 I SettingsManager: Getting string: savedSessions
08-05 21:53:09.867 16090 16090 I Settings: No saved sessions
08-05 21:53:09.896 16090 16090 I SettingsManager: Getting string: savedCourse
08-05 21:53:09.897 16090 16090 D MainActivity: sessionListFragmentArg: updateSessions
08-05 21:53:09.897 16090 16090 D MainActivity: showTermDatesConfigChange: false
08-05 21:53:09.897 16090 16090 D MainActivity: showTermDatesShortcut: false
08-05 21:53:09.899 16090 16090 D MainActivity: Setting initial fragment: SessionListsFragment
08-05 21:53:09.901 16090 16090 I SettingsManager: Getting int: launchCount
08-05 21:53:09.906 16090 16090 D SessionListsFragment: onCreateView
08-05 21:53:09.910 16090 16111 I art     : Explicit concurrent mark sweep GC freed 1214(78KB) AllocSpace objects, 2(1340KB) LOS objects, 32% free, 33MB/49MB, paused 649us total 42.977ms
08-05 21:53:09.922 16090 16090 I SettingsManager: Getting string: savedCourse
08-05 21:53:09.925 16090 16090 I SettingsManager: Getting string: savedSessions
08-05 21:53:09.925 16090 16090 D SessionListsFragment: loadArgument: updateSessions
08-05 21:53:09.925 16090 16090 D SessionListsFragment: initialIndex: -1
08-05 21:53:09.926 16090 16111 I art     : Starting a blocking GC Explicit
08-05 21:53:09.928 16090 16552 D HTTP    : Request for: https://uob-timetable-api.adriankeenan.co.uk/sessions?dept=BD002&course=CFIEFAAF%2F02AA%2F0%2FFT&level=ALL+Courses
08-05 21:53:09.930 16090 16090 I WebViewFactory: Loading com.google.android.webview version 84.0.4147.89 (code 414708953)
08-05 21:53:09.970 16090 16111 I art     : Explicit concurrent mark sweep GC freed 6433(416KB) AllocSpace objects, 2(96KB) LOS objects, 31% free, 34MB/50MB, paused 541us total 43.698ms
08-05 21:53:10.004 16090 16090 I cr_LibraryLoader: Loaded native library version number "84.0.4147.89"
08-05 21:53:10.005 16090 16090 I cr_CachingUmaRecorder: Flushed 5 samples from 5 histograms.
08-05 21:53:10.037 16090 16090 E chromium: [ERROR:filesystem_posix.cc(62)] mkdir /data/user/0/baseline.com.ak.uobtimetable/cache/WebView/Crashpad: No such file or directory (2)
08-05 21:53:10.108   918  6112 D ConnectivityService: listenForNetwork for Listen from uid/pid:10684/16090 for NetworkRequest [ id=3577, legacyType=-1, [ Capabilities: INTERNET&NOT_RESTRICTED&TRUSTED] ]
08-05 21:53:10.138 16090 16568 W cr_media: Requires BLUETOOTH permission
08-05 21:53:10.150 16090 16585 E libEGL  : validate_display:255 error 3008 (EGL_BAD_DISPLAY)
08-05 21:53:10.151 16090 16552 I NAPPA_EXPERIMENTATION: MetricNetworkRequestExecutionTime: REQUEST_DURATION_SYSTEM='222',REQUEST_DURATION_OKHTTP='41',REQUEST_SYNCHRONOUS='TRUE',RESPONSE_CODE='200',RESPONSE_METHOD='GET',RESPONSE_LENGTH_OKHTTP='-1',RESPONSE_LENGTH_HEADER='867',REQUEST_PROTOCOL='http/1.1',REQUEST_URL='https://uob-timetable-api.adriankeenan.co.uk/sessions?dept=BD002&course=CFIEFAAF%2F02AA%2F0%2FFT&level=ALL+Courses',
08-05 21:53:10.155 16090 16090 D TermDatesFragment: WebView loaded
08-05 21:53:10.155 16090 16090 D MainActivity: OnResume
08-05 21:53:10.195 16090 16552 I HTTP    : Response was compressed.
08-05 21:53:10.211 16090 16552 I Service : getSessions response time: 1.12
08-05 21:53:10.237 16090 16111 I art     : Starting a blocking GC Explicit
08-05 21:53:10.251 16090 16090 I TermDatesFragment: Webview load %: 10
08-05 21:53:10.278 16090 16090 I SettingsManager: Getting string: savedSessions
08-05 21:53:10.280   918   936 I ActivityManager: Displayed baseline.com.ak.uobtimetable/.MainActivity: +441ms
08-05 21:53:10.282 16090 16111 I art     : Explicit concurrent mark sweep GC freed 17563(1224KB) AllocSpace objects, 6(260KB) LOS objects, 31% free, 35MB/51MB, paused 685us total 44.909ms
08-05 21:53:10.287 16090 16090 I SettingsManager: Setting string: savedSessions
08-05 21:53:10.294   918  6111 W BackupManagerService: dataChanged but no participant pkg='baseline.com.ak.uobtimetable' uid=10684
08-05 21:53:10.294 16090 16090 I SettingsManager: Setting date: savedSessionsTime
08-05 21:53:10.297 16090 16111 I art     : Starting a blocking GC Explicit
08-05 21:53:10.300   918  3359 W BackupManagerService: dataChanged but no participant pkg='baseline.com.ak.uobtimetable' uid=10684
08-05 21:53:10.300 16090 16090 I SettingsManager: Setting string: savedSessionsCourseName
08-05 21:53:10.305   918  3670 W BackupManagerService: dataChanged but no participant pkg='baseline.com.ak.uobtimetable' uid=10684
08-05 21:53:10.305 16090 16090 I SettingsManager: Setting string: savedSessionsDateRange
08-05 21:53:10.309   918  6110 W BackupManagerService: dataChanged but no participant pkg='baseline.com.ak.uobtimetable' uid=10684
08-05 21:53:10.310 16090 16090 I SettingsManager: Setting string: timetableUrl
08-05 21:53:10.317   918  5132 W BackupManagerService: dataChanged but no participant pkg='baseline.com.ak.uobtimetable' uid=10684
08-05 21:53:10.317 16090 16090 I SettingsManager: Getting boolean: notifySessionRemindersEnabled
08-05 21:53:10.317 16090 16090 I SettingsManager: Getting int: notifySessionRemindersMinutes
08-05 21:53:10.317 16090 16090 I SettingsManager: Getting boolean: showHiddenSessions
08-05 21:53:10.340 16090 16111 I art     : Explicit concurrent mark sweep GC freed 10295(685KB) AllocSpace objects, 5(100KB) LOS objects, 31% free, 35MB/51MB, paused 894us total 42.583ms
08-05 21:53:10.350 16090 16090 I SessionReminderNotifier: Created session reminder alarm for f7b4771250a919bd729c1c5a4a459c77 at Mon 08:30:00 10/08/20
08-05 21:53:10.350   512  2967 D audio_hw_primary: disable_audio_route: reset and update mixer path: low-latency-playback speaker
08-05 21:53:10.351   512  2967 D audio_hw_primary: disable_snd_device: snd_device(2: speaker)
08-05 21:53:10.352 16090 16090 I SessionReminderNotifier: Created session reminder alarm for a7f879aabdeb78622c8820a5fb7b64cd at Tue 08:30:00 11/08/20
08-05 21:53:10.354 16090 16090 I SessionReminderNotifier: Created session reminder alarm for 7bc8d7e2c2055711f597c3d9078c6ea3 at Tue 08:30:00 11/08/20
08-05 21:53:10.355 16090 16090 I SessionReminderNotifier: Created session reminder alarm for e0fc978b5db8218778540b4053344581 at Tue 11:00:00 11/08/20
08-05 21:53:10.356 16090 16090 I SessionReminderNotifier: Created session reminder alarm for 21712fef61090882c855a1425543edb5 at Tue 13:30:00 11/08/20
08-05 21:53:10.356 16090 16111 I art     : Starting a blocking GC Explicit
08-05 21:53:10.359 16090 16090 I SessionReminderNotifier: Created session reminder alarm for 65ca4d97f031f29a4d02bbb45a705d8f at Wed 08:30:00 12/08/20
08-05 21:53:10.359   512  2967 I soundtrigger: audio_extn_sound_trigger_update_device_status: device 0x2 of type 0 for Event 0
08-05 21:53:10.360 16090 16090 I SessionReminderNotifier: Created session reminder alarm for eeda7741b0bcab58fd9f46dc6ef1d942 at Wed 08:30:00 12/08/20
08-05 21:53:10.361 16090 16090 I SessionReminderNotifier: Created session reminder alarm for c276c1b2075a0beb67f1b3d1e580f920 at Wed 11:00:00 12/08/20
08-05 21:53:10.362 16090 16090 I SessionReminderNotifier: Created session reminder alarm for 79fe0b5c3b887a13ba29db5a33fa2800 at Thu 08:30:00 06/08/20
08-05 21:53:10.363 16090 16090 I SessionReminderNotifier: Created session reminder alarm for 2ba1034116e4fffdd592dbf0796a43d5 at Fri 08:30:00 07/08/20
08-05 21:53:10.363 16090 16090 I SettingsManager: Getting boolean: showHiddenSessions
08-05 21:53:10.364 16090 16090 D SessionListsFragment: 1 sessions for day 0
08-05 21:53:10.364 16090 16090 D SessionListsFragment: 4 sessions for day 1
08-05 21:53:10.364 16090 16090 D SessionListsFragment: 3 sessions for day 2
08-05 21:53:10.364 16090 16090 D SessionListsFragment: 1 sessions for day 3
08-05 21:53:10.364 16090 16090 D SessionListsFragment: 1 sessions for day 4
08-05 21:53:10.406 16090 16111 I art     : Explicit concurrent mark sweep GC freed 3621(221KB) AllocSpace objects, 0(0B) LOS objects, 31% free, 35MB/51MB, paused 819us total 49.292ms
08-05 21:53:10.412 16090 16090 I SettingsManager: Getting boolean: showHiddenSessions
08-05 21:53:10.412 16090 16090 D SessionListsFragment: Refreshed ViewPager
08-05 21:53:10.412 16090 16090 I SettingsManager: Getting boolean: showHiddenSessions
08-05 21:53:10.413 16090 16090 I SettingsManager: Getting boolean: completedTutorial
08-05 21:53:10.423 16090 16111 I art     : Starting a blocking GC Explicit
08-05 21:53:10.430 16090 16090 I SettingsManager: Getting boolean: showHiddenSessions
08-05 21:53:10.430 16090 16090 I SettingsManager: Getting date: savedSessionsTime
08-05 21:53:10.440 13866 13866 I GoogleInputMethodServic: GoogleInputMethodService.onFinishInput():3138 
08-05 21:53:10.441 13866 13866 I GoogleInputMethodServic: GoogleInputMethodService.onStartInput():1808 
08-05 21:53:10.477 16090 16111 I art     : Explicit concurrent mark sweep GC freed 18811(877KB) AllocSpace objects, 2(120KB) LOS objects, 30% free, 36MB/52MB, paused 959us total 54.114ms
08-05 21:53:10.494 16090 16111 I art     : Starting a blocking GC Explicit
08-05 21:53:10.549 16090 16111 I art     : Explicit concurrent mark sweep GC freed 30325(1362KB) AllocSpace objects, 1(80KB) LOS objects, 30% free, 36MB/52MB, paused 925us total 54.658ms
08-05 21:53:10.826 16090 16101 I art     : Starting a blocking GC Explicit
08-05 21:53:10.900 16090 16101 I art     : Explicit concurrent mark sweep GC freed 132430(5MB) AllocSpace objects, 1(20KB) LOS objects, 30% free, 36MB/52MB, paused 476us total 74.502ms
08-05 21:53:10.919 16090 16101 I art     : Starting a blocking GC Explicit
08-05 21:53:10.950 16090 16090 I Choreographer: Skipped 30 frames!  The application may be doing too much work on its main thread.
08-05 21:53:10.969 16090 16101 I art     : Explicit concurrent mark sweep GC freed 3646(336KB) AllocSpace objects, 0(0B) LOS objects, 30% free, 36MB/52MB, paused 364us total 50.196ms
08-05 21:53:10.986 16090 16101 I art     : Starting a blocking GC Explicit
08-05 21:53:11.004 16090 16090 I TermDatesFragment: Webview load %: 70
08-05 21:53:11.037 16090 16090 I TermDatesFragment: Webview load %: 100
08-05 21:53:11.037 16090 16090 I TermDatesFragment: Webview load %: 100
08-05 21:53:11.039 16090 16101 I art     : Explicit concurrent mark sweep GC freed 387(20KB) AllocSpace objects, 0(0B) LOS objects, 30% free, 36MB/52MB, paused 638us total 52.306ms
08-05 21:53:11.056 16090 16101 I art     : Starting a blocking GC Explicit
08-05 21:53:11.106 16090 16101 I art     : Explicit concurrent mark sweep GC freed 107(4KB) AllocSpace objects, 0(0B) LOS objects, 30% free, 36MB/52MB, paused 291us total 49.738ms
08-05 21:53:11.123 16090 16101 I art     : Starting a blocking GC Explicit
08-05 21:53:11.179 16090 16101 I art     : Explicit concurrent mark sweep GC freed 38(1536B) AllocSpace objects, 0(0B) LOS objects, 30% free, 36MB/52MB, paused 300us total 55.588ms
08-05 21:53:11.477 16090 16103 I art     : Starting a blocking GC Explicit
08-05 21:53:11.550 16090 16103 I art     : Explicit concurrent mark sweep GC freed 1594(89KB) AllocSpace objects, 1(20KB) LOS objects, 30% free, 36MB/52MB, paused 379us total 73.504ms
08-05 21:53:11.569 16090 16103 I art     : Starting a blocking GC Explicit
08-05 21:53:11.613 16090 16103 I art     : Explicit concurrent mark sweep GC freed 121444(11MB) AllocSpace objects, 3(136KB) LOS objects, 38% free, 25MB/41MB, paused 289us total 43.593ms
08-05 21:53:11.624 16090 16103 I art     : Starting a blocking GC Explicit
08-05 21:53:11.652 16090 16103 I art     : Explicit concurrent mark sweep GC freed 3(96B) AllocSpace objects, 0(0B) LOS objects, 38% free, 25MB/41MB, paused 308us total 28.087ms
08-05 21:53:11.663 16090 16103 I art     : Starting a blocking GC Explicit
08-05 21:53:11.692 16090 16103 I art     : Explicit concurrent mark sweep GC freed 3(96B) AllocSpace objects, 0(0B) LOS objects, 38% free, 25MB/41MB, paused 306us total 28.467ms
08-05 21:53:11.703 16090 16103 I art     : Starting a blocking GC Explicit
08-05 21:53:11.724   918  3261 D WifiStateMachine: starting scan for "H369AA63323"WPA_PSK with 2412,5180
08-05 21:53:11.733 16090 16103 I art     : Explicit concurrent mark sweep GC freed 3(96B) AllocSpace objects, 0(0B) LOS objects, 38% free, 25MB/41MB, paused 312us total 29.566ms
08-05 21:53:12.069   518   646 I ThermalEngine: ACTION: GPU - Setting GPU[0] to 450000000
08-05 21:53:12.102 16090 16101 I art     : Starting a blocking GC Explicit
08-05 21:53:12.143 16090 16101 I art     : Explicit concurrent mark sweep GC freed 1384(78KB) AllocSpace objects, 1(20KB) LOS objects, 38% free, 25MB/41MB, paused 381us total 40.242ms
08-05 21:53:12.160 16090 16101 I art     : Starting a blocking GC Explicit
08-05 21:53:12.196 16090 16101 I art     : Explicit concurrent mark sweep GC freed 50(1664B) AllocSpace objects, 0(0B) LOS objects, 38% free, 25MB/41MB, paused 391us total 35.633ms
08-05 21:53:12.210 16090 16101 I art     : Starting a blocking GC Explicit
08-05 21:53:12.247 16090 16101 I art     : Explicit concurrent mark sweep GC freed 27(864B) AllocSpace objects, 0(0B) LOS objects, 38% free, 25MB/41MB, paused 402us total 36.226ms
08-05 21:53:12.261 16090 16101 I art     : Starting a blocking GC Explicit
08-05 21:53:12.298 16090 16101 I art     : Explicit concurrent mark sweep GC freed 7(256B) AllocSpace objects, 0(0B) LOS objects, 38% free, 25MB/41MB, paused 440us total 36.373ms
08-05 21:53:12.312 16090 16101 I art     : Starting a blocking GC Explicit
08-05 21:53:12.351 16090 16101 I art     : Explicit concurrent mark sweep GC freed 3(96B) AllocSpace objects, 0(0B) LOS objects, 38% free, 25MB/41MB, paused 415us total 38.302ms
08-05 21:53:12.697 16090 16310 I art     : Starting a blocking GC Explicit
08-05 21:53:12.739 16090 16310 I art     : Explicit concurrent mark sweep GC freed 1319(76KB) AllocSpace objects, 1(20KB) LOS objects, 38% free, 25MB/41MB, paused 424us total 41.682ms
08-05 21:53:12.755 16090 16310 I art     : Starting a blocking GC Explicit
08-05 21:53:12.793 16090 16310 I art     : Explicit concurrent mark sweep GC freed 21(720B) AllocSpace objects, 0(0B) LOS objects, 38% free, 25MB/41MB, paused 381us total 37.253ms
08-05 21:53:12.810 16090 16310 I art     : Starting a blocking GC Explicit
08-05 21:53:12.847 16090 16310 I art     : Explicit concurrent mark sweep GC freed 4(160B) AllocSpace objects, 0(0B) LOS objects, 38% free, 25MB/41MB, paused 400us total 36.167ms
08-05 21:53:12.861 16090 16310 I art     : Starting a blocking GC Explicit
08-05 21:53:12.901 16090 16310 I art     : Explicit concurrent mark sweep GC freed 3(96B) AllocSpace objects, 0(0B) LOS objects, 38% free, 25MB/41MB, paused 434us total 40.235ms
08-05 21:53:12.916 16090 16310 I art     : Starting a blocking GC Explicit
08-05 21:53:12.957 16090 16310 I art     : Explicit concurrent mark sweep GC freed 3(96B) AllocSpace objects, 0(0B) LOS objects, 38% free, 25MB/41MB, paused 518us total 40.814ms
08-05 21:53:13.302 16090 16103 I art     : Starting a blocking GC Explicit
08-05 21:53:13.356 16090 16103 I art     : Explicit concurrent mark sweep GC freed 1293(75KB) AllocSpace objects, 1(20KB) LOS objects, 38% free, 25MB/41MB, paused 431us total 52.837ms
08-05 21:53:13.373 16090 16103 I art     : Starting a blocking GC Explicit
08-05 21:53:13.387 15748 15748 I Atfwd_Sendcmd: AtCmdFwd service not ready - Exhausted retry attempts - :6
08-05 21:53:13.387 15748 15748 I Atfwd_Daemon: result : -1 	 ,Init step :2 	 ,qmiErrorCode: 0
08-05 21:53:13.414 16090 16103 I art     : Explicit concurrent mark sweep GC freed 18(624B) AllocSpace objects, 0(0B) LOS objects, 38% free, 25MB/41MB, paused 400us total 40.561ms
08-05 21:53:13.429 16090 16103 I art     : Starting a blocking GC Explicit
08-05 21:53:13.470 16090 16103 I art     : Explicit concurrent mark sweep GC freed 3(96B) AllocSpace objects, 0(0B) LOS objects, 38% free, 25MB/41MB, paused 435us total 41.146ms
08-05 21:53:13.485 16090 16103 I art     : Starting a blocking GC Explicit
08-05 21:53:13.526 16090 16103 I art     : Explicit concurrent mark sweep GC freed 3(96B) AllocSpace objects, 0(0B) LOS objects, 38% free, 25MB/41MB, paused 420us total 40.368ms
08-05 21:53:13.541 16090 16103 I art     : Starting a blocking GC Explicit
08-05 21:53:13.583 16090 16103 I art     : Explicit concurrent mark sweep GC freed 3(96B) AllocSpace objects, 0(0B) LOS objects, 38% free, 25MB/41MB, paused 440us total 41.222ms
08-05 21:53:13.929 16090 16101 I art     : Starting a blocking GC Explicit
08-05 21:53:13.975 16090 16101 I art     : Explicit concurrent mark sweep GC freed 1293(75KB) AllocSpace objects, 1(20KB) LOS objects, 38% free, 25MB/41MB, paused 398us total 45.595ms
08-05 21:53:13.994 16090 16101 I art     : Starting a blocking GC Explicit
08-05 21:53:14.031 16090 16101 I art     : Explicit concurrent mark sweep GC freed 35(1920B) AllocSpace objects, 0(0B) LOS objects, 38% free, 25MB/41MB, paused 430us total 37.088ms
08-05 21:53:14.047 16090 16101 I art     : Starting a blocking GC Explicit
08-05 21:53:14.087 16090 16101 I art     : Explicit concurrent mark sweep GC freed 4(160B) AllocSpace objects, 0(0B) LOS objects, 38% free, 25MB/41MB, paused 442us total 39.821ms
08-05 21:53:14.101 16090 16101 I art     : Starting a blocking GC Explicit
08-05 21:53:14.136 16090 16101 I art     : Explicit concurrent mark sweep GC freed 4(112B) AllocSpace objects, 0(0B) LOS objects, 38% free, 25MB/41MB, paused 516us total 34.686ms
08-05 21:53:14.150 16090 16101 I art     : Starting a blocking GC Explicit
08-05 21:53:14.186 16090 16101 I art     : Explicit concurrent mark sweep GC freed 5(128B) AllocSpace objects, 0(0B) LOS objects, 38% free, 25MB/41MB, paused 481us total 35.802ms
08-05 21:53:14.520 16090 16103 I art     : Starting a blocking GC Explicit
08-05 21:53:14.560 16090 16103 I art     : Explicit concurrent mark sweep GC freed 1375(78KB) AllocSpace objects, 1(20KB) LOS objects, 38% free, 25MB/41MB, paused 445us total 40.399ms
08-05 21:53:14.563 16658 16658 D AndroidRuntime: >>>>>> START com.android.internal.os.RuntimeInit uid 2000 <<<<<<
08-05 21:53:14.569 16658 16658 D AndroidRuntime: CheckJNI is OFF
08-05 21:53:14.575 16090 16103 I art     : Starting a blocking GC Explicit
08-05 21:53:14.611 16090 16103 I art     : Explicit concurrent mark sweep GC freed 165(10KB) AllocSpace objects, 0(0B) LOS objects, 38% free, 25MB/41MB, paused 469us total 35.424ms
08-05 21:53:14.613 16658 16658 D ICU     : No timezone override file found: /data/misc/zoneinfo/current/icu/icu_tzdata.dat
08-05 21:53:14.626 16090 16103 I art     : Starting a blocking GC Explicit
08-05 21:53:14.660 16658 16658 I Radio-JNI: register_android_hardware_Radio DONE
08-05 21:53:14.663 16090 16103 I art     : Explicit concurrent mark sweep GC freed 3(96B) AllocSpace objects, 0(0B) LOS objects, 38% free, 25MB/41MB, paused 445us total 37.316ms
08-05 21:53:14.678 16090 16103 I art     : Starting a blocking GC Explicit
08-05 21:53:14.690 16658 16658 D AndroidRuntime: Calling main entry com.android.commands.input.Input
08-05 21:53:14.692 16658 16658 I Input   : injectMotionEvent: MotionEvent { action=ACTION_DOWN, actionButton=0, id[0]=0, x[0]=1215.0, y[0]=1450.0, toolType[0]=TOOL_TYPE_UNKNOWN, buttonState=0, metaState=0, flags=0x0, edgeFlags=0x0, pointerCount=1, historySize=0, eventTime=827611104, downTime=827611104, deviceId=0, source=0x1002 }
08-05 21:53:14.699 16658 16658 I Input   : injectMotionEvent: MotionEvent { action=ACTION_UP, actionButton=0, id[0]=0, x[0]=1215.0, y[0]=1450.0, toolType[0]=TOOL_TYPE_UNKNOWN, buttonState=0, metaState=0, flags=0x0, edgeFlags=0x0, pointerCount=1, historySize=0, eventTime=827611104, downTime=827611104, deviceId=0, source=0x1002 }
08-05 21:53:14.701 16658 16658 D AndroidRuntime: Shutting down VM
08-05 21:53:14.707   512  2967 D audio_hw_primary: out_set_parameters: enter: usecase(1: low-latency-playback) kvpairs: routing=2
08-05 21:53:14.714 16090 16103 I art     : Explicit concurrent mark sweep GC freed 32(1808B) AllocSpace objects, 0(0B) LOS objects, 38% free, 25MB/41MB, paused 618us total 35.933ms
08-05 21:53:14.720   512  2967 D audio_hw_primary: select_devices: out_snd_device(2: speaker) in_snd_device(0: none)
08-05 21:53:14.721   512  2967 D msm8974_platform: platform_send_audio_calibration: sending audio calibration for snd_device(2) acdb_id(15)
08-05 21:53:14.721   512  2967 I soundtrigger: audio_extn_sound_trigger_update_device_status: device 0x2 of type 0 for Event 1
08-05 21:53:14.728 16090 16103 I art     : Starting a blocking GC Explicit
08-05 21:53:14.732   512  2967 D audio_hw_primary: enable_snd_device: snd_device(2: speaker)
08-05 21:53:14.734   512  2967 D audio_hw_primary: enable_audio_route: apply and update mixer path: low-latency-playback speaker
08-05 21:53:14.762 16090 16103 I art     : Explicit concurrent mark sweep GC freed 303(29KB) AllocSpace objects, 0(0B) LOS objects, 38% free, 25MB/41MB, paused 409us total 33.378ms
08-05 21:53:15.048 16090 16111 I art     : Starting a blocking GC Explicit
08-05 21:53:15.073   518   646 I ThermalEngine: ACTION: GPU - Setting GPU[0] to 510000000
08-05 21:53:15.083 16090 16111 I art     : Explicit concurrent mark sweep GC freed 1574(91KB) AllocSpace objects, 1(20KB) LOS objects, 38% free, 25MB/41MB, paused 405us total 34.268ms
08-05 21:53:15.096 16090 16111 I art     : Starting a blocking GC Explicit
08-05 21:53:15.130 16090 16111 I art     : Explicit concurrent mark sweep GC freed 850(61KB) AllocSpace objects, 1(40KB) LOS objects, 38% free, 25MB/41MB, paused 399us total 33.767ms
08-05 21:53:15.144 16090 16111 I art     : Starting a blocking GC Explicit
08-05 21:53:15.180 16090 16111 I art     : Explicit concurrent mark sweep GC freed 3(96B) AllocSpace objects, 0(0B) LOS objects, 38% free, 25MB/41MB, paused 392us total 35.163ms
08-05 21:53:15.193 16090 16111 I art     : Starting a blocking GC Explicit
08-05 21:53:15.228 16090 16111 I art     : Explicit concurrent mark sweep GC freed 3(96B) AllocSpace objects, 0(0B) LOS objects, 38% free, 25MB/41MB, paused 409us total 34.760ms
08-05 21:53:15.243 16090 16111 I art     : Starting a blocking GC Explicit
08-05 21:53:15.269   512  2967 D audio_hw_primary: disable_audio_route: reset and update mixer path: low-latency-playback speaker
08-05 21:53:15.270   512  2967 D audio_hw_primary: disable_snd_device: snd_device(2: speaker)
08-05 21:53:15.278   512  2967 I soundtrigger: audio_extn_sound_trigger_update_device_status: device 0x2 of type 0 for Event 0
08-05 21:53:15.279 16090 16111 I art     : Explicit concurrent mark sweep GC freed 3(96B) AllocSpace objects, 0(0B) LOS objects, 38% free, 25MB/41MB, paused 391us total 36.057ms
08-05 21:53:15.441 13866 13882 I PeriodicStatsRunner: PeriodicStatsRunner.call():175 call()
08-05 21:53:15.441 13866 13882 I PeriodicStatsRunner: PeriodicStatsRunner.call():179 No submit PeriodicStats since input started.
08-05 21:53:15.597 16090 16103 I art     : Starting a blocking GC Explicit
08-05 21:53:15.644 16090 16103 I art     : Explicit concurrent mark sweep GC freed 1295(75KB) AllocSpace objects, 1(20KB) LOS objects, 38% free, 25MB/41MB, paused 451us total 46.646ms
08-05 21:53:15.662 16090 16103 I art     : Starting a blocking GC Explicit
08-05 21:53:15.700 16090 16103 I art     : Explicit concurrent mark sweep GC freed 18(624B) AllocSpace objects, 0(0B) LOS objects, 38% free, 25MB/41MB, paused 397us total 38.169ms
08-05 21:53:15.716 16090 16103 I art     : Starting a blocking GC Explicit
08-05 21:53:15.755 16090 16103 I art     : Explicit concurrent mark sweep GC freed 3(96B) AllocSpace objects, 0(0B) LOS objects, 38% free, 25MB/41MB, paused 425us total 38.877ms
08-05 21:53:15.770 16090 16103 I art     : Starting a blocking GC Explicit
08-05 21:53:15.808 16090 16103 I art     : Explicit concurrent mark sweep GC freed 3(96B) AllocSpace objects, 0(0B) LOS objects, 38% free, 25MB/41MB, paused 589us total 37.753ms
08-05 21:53:15.822 16090 16103 I art     : Starting a blocking GC Explicit
08-05 21:53:15.861 16090 16103 I art     : Explicit concurrent mark sweep GC freed 3(96B) AllocSpace objects, 0(0B) LOS objects, 38% free, 25MB/41MB, paused 417us total 38.366ms
08-05 21:53:16.150 16090 16101 I art     : Starting a blocking GC Explicit
08-05 21:53:16.180 16090 16101 I art     : Explicit concurrent mark sweep GC freed 1293(75KB) AllocSpace objects, 1(20KB) LOS objects, 38% free, 25MB/41MB, paused 322us total 30.010ms
08-05 21:53:16.192 16090 16101 I art     : Starting a blocking GC Explicit
08-05 21:53:16.220 16090 16101 I art     : Explicit concurrent mark sweep GC freed 18(624B) AllocSpace objects, 0(0B) LOS objects, 38% free, 25MB/41MB, paused 319us total 27.678ms
08-05 21:53:16.231 16090 16101 I art     : Starting a blocking GC Explicit
08-05 21:53:16.260 16090 16101 I art     : Explicit concurrent mark sweep GC freed 3(96B) AllocSpace objects, 0(0B) LOS objects, 38% free, 25MB/41MB, paused 297us total 28.910ms
08-05 21:53:16.271 16090 16101 I art     : Starting a blocking GC Explicit
08-05 21:53:16.300 16090 16101 I art     : Explicit concurrent mark sweep GC freed 3(96B) AllocSpace objects, 0(0B) LOS objects, 38% free, 25MB/41MB, paused 312us total 29.038ms
08-05 21:53:16.312 16090 16101 I art     : Starting a blocking GC Explicit
08-05 21:53:16.340 16090 16101 I art     : Explicit concurrent mark sweep GC freed 3(96B) AllocSpace objects, 0(0B) LOS objects, 38% free, 25MB/41MB, paused 315us total 28.459ms
08-05 21:53:16.410 16703 16703 D AndroidRuntime: >>>>>> START com.android.internal.os.RuntimeInit uid 2000 <<<<<<
08-05 21:53:16.415 16703 16703 D AndroidRuntime: CheckJNI is OFF
08-05 21:53:16.452 16703 16703 D ICU     : No timezone override file found: /data/misc/zoneinfo/current/icu/icu_tzdata.dat
08-05 21:53:16.497 16703 16703 I Radio-JNI: register_android_hardware_Radio DONE
08-05 21:53:16.523 16703 16703 D AndroidRuntime: Calling main entry com.android.commands.input.Input
08-05 21:53:16.527 16703 16703 I Input   : injectMotionEvent: MotionEvent { action=ACTION_DOWN, actionButton=0, id[0]=0, x[0]=1215.0, y[0]=1482.0, toolType[0]=TOOL_TYPE_UNKNOWN, buttonState=0, metaState=0, flags=0x0, edgeFlags=0x0, pointerCount=1, historySize=0, eventTime=827612939, downTime=827612939, deviceId=0, source=0x1002 }
08-05 21:53:16.534 16703 16703 I Input   : injectMotionEvent: MotionEvent { action=ACTION_UP, actionButton=0, id[0]=0, x[0]=1215.0, y[0]=1482.0, toolType[0]=TOOL_TYPE_UNKNOWN, buttonState=0, metaState=0, flags=0x0, edgeFlags=0x0, pointerCount=1, historySize=0, eventTime=827612939, downTime=827612939, deviceId=0, source=0x1002 }
08-05 21:53:16.535 16703 16703 D AndroidRuntime: Shutting down VM
08-05 21:53:16.547   512  2967 D audio_hw_primary: out_set_parameters: enter: usecase(1: low-latency-playback) kvpairs: routing=2
08-05 21:53:16.556 16090 16090 I SettingsManager: Setting boolean: completedTutorial
08-05 21:53:16.560   512  2967 D audio_hw_primary: select_devices: out_snd_device(2: speaker) in_snd_device(0: none)
08-05 21:53:16.560   512  2967 D msm8974_platform: platform_send_audio_calibration: sending audio calibration for snd_device(2) acdb_id(15)
08-05 21:53:16.561   512  2967 I soundtrigger: audio_extn_sound_trigger_update_device_status: device 0x2 of type 0 for Event 1
08-05 21:53:16.565   918  3714 W BackupManagerService: dataChanged but no participant pkg='baseline.com.ak.uobtimetable' uid=10684
08-05 21:53:16.568 16090 16105 D OpenGLRenderer: endAllStagingAnimators on 0x7f94a46800 (RippleDrawable) with handle 0x7f7d02b280
08-05 21:53:16.573   512  2967 D audio_hw_primary: enable_snd_device: snd_device(2: speaker)
08-05 21:53:16.574   918  5481 W InputMethodManagerService: Window already focused, ignoring focus gain of: com.android.internal.view.IInputMethodClient$Stub$Proxy@7d368b0 attribute=null, token = android.os.BinderProxy@37cb614
08-05 21:53:16.575   512  2967 D audio_hw_primary: enable_audio_route: apply and update mixer path: low-latency-playback speaker
08-05 21:53:16.646 16090 16103 I art     : Starting a blocking GC Explicit
08-05 21:53:16.675 16090 16103 I art     : Explicit concurrent mark sweep GC freed 1756(109KB) AllocSpace objects, 2(40KB) LOS objects, 38% free, 25MB/41MB, paused 313us total 29.606ms
08-05 21:53:16.689 16090 16103 I art     : Starting a blocking GC Explicit
08-05 21:53:16.720 16090 16103 I art     : Explicit concurrent mark sweep GC freed 1024(69KB) AllocSpace objects, 1(40KB) LOS objects, 38% free, 25MB/41MB, paused 317us total 31.043ms
08-05 21:53:16.734 16090 16103 I art     : Starting a blocking GC Explicit
08-05 21:53:16.766 16090 16103 I art     : Explicit concurrent mark sweep GC freed 3(96B) AllocSpace objects, 0(0B) LOS objects, 38% free, 25MB/41MB, paused 334us total 31.991ms
08-05 21:53:16.777 16090 16103 I art     : Starting a blocking GC Explicit
08-05 21:53:16.806 16090 16103 I art     : Explicit concurrent mark sweep GC freed 3(96B) AllocSpace objects, 0(0B) LOS objects, 38% free, 25MB/41MB, paused 277us total 27.566ms
08-05 21:53:16.816 16090 16103 I art     : Starting a blocking GC Explicit
08-05 21:53:16.842 16090 16103 I art     : Explicit concurrent mark sweep GC freed 3(96B) AllocSpace objects, 0(0B) LOS objects, 38% free, 25MB/41MB, paused 292us total 25.413ms
08-05 21:53:17.109   512  2967 D audio_hw_primary: disable_audio_route: reset and update mixer path: low-latency-playback speaker
08-05 21:53:17.111   512  2967 D audio_hw_primary: disable_snd_device: snd_device(2: speaker)
08-05 21:53:17.119   512  2967 I soundtrigger: audio_extn_sound_trigger_update_device_status: device 0x2 of type 0 for Event 0
08-05 21:53:17.125 16090 16101 I art     : Starting a blocking GC Explicit
08-05 21:53:17.158 16090 16101 I art     : Explicit concurrent mark sweep GC freed 1293(75KB) AllocSpace objects, 1(20KB) LOS objects, 38% free, 25MB/41MB, paused 357us total 32.334ms
08-05 21:53:17.170 16090 16101 I art     : Starting a blocking GC Explicit
08-05 21:53:17.200 16090 16101 I art     : Explicit concurrent mark sweep GC freed 18(624B) AllocSpace objects, 0(0B) LOS objects, 38% free, 25MB/41MB, paused 323us total 30.291ms
08-05 21:53:17.212 16090 16101 I art     : Starting a blocking GC Explicit
08-05 21:53:17.242 16090 16101 I art     : Explicit concurrent mark sweep GC freed 3(96B) AllocSpace objects, 0(0B) LOS objects, 38% free, 25MB/41MB, paused 312us total 29.548ms
08-05 21:53:17.253 16090 16101 I art     : Starting a blocking GC Explicit
08-05 21:53:17.284 16090 16101 I art     : Explicit concurrent mark sweep GC freed 3(96B) AllocSpace objects, 0(0B) LOS objects, 38% free, 25MB/41MB, paused 325us total 30.636ms
08-05 21:53:17.296 16090 16101 I art     : Starting a blocking GC Explicit
08-05 21:53:17.326 16090 16101 I art     : Explicit concurrent mark sweep GC freed 3(96B) AllocSpace objects, 0(0B) LOS objects, 38% free, 25MB/41MB, paused 324us total 30.474ms
08-05 21:53:17.628 16090 16310 I art     : Starting a blocking GC Explicit
08-05 21:53:17.667 16090 16310 I art     : Explicit concurrent mark sweep GC freed 1293(75KB) AllocSpace objects, 1(20KB) LOS objects, 38% free, 25MB/41MB, paused 356us total 38.510ms
08-05 21:53:17.681 16090 16310 I art     : Starting a blocking GC Explicit
08-05 21:53:17.712 16090 16310 I art     : Explicit concurrent mark sweep GC freed 18(624B) AllocSpace objects, 0(0B) LOS objects, 38% free, 25MB/41MB, paused 322us total 30.346ms
08-05 21:53:17.724 16090 16310 I art     : Starting a blocking GC Explicit
08-05 21:53:17.755 16090 16310 I art     : Explicit concurrent mark sweep GC freed 3(96B) AllocSpace objects, 0(0B) LOS objects, 38% free, 25MB/41MB, paused 327us total 30.642ms
08-05 21:53:17.767 16090 16310 I art     : Starting a blocking GC Explicit
08-05 21:53:17.794 16090 16310 I art     : Explicit concurrent mark sweep GC freed 3(96B) AllocSpace objects, 0(0B) LOS objects, 38% free, 25MB/41MB, paused 299us total 27.254ms
08-05 21:53:17.806 16090 16310 I art     : Starting a blocking GC Explicit
08-05 21:53:17.834 16090 16310 I art     : Explicit concurrent mark sweep GC freed 3(96B) AllocSpace objects, 0(0B) LOS objects, 38% free, 25MB/41MB, paused 346us total 28.082ms
08-05 21:53:18.116 16090 16111 I art     : Starting a blocking GC Explicit
08-05 21:53:18.150 16090 16111 I art     : Explicit concurrent mark sweep GC freed 1293(75KB) AllocSpace objects, 1(20KB) LOS objects, 38% free, 25MB/41MB, paused 326us total 33.961ms
08-05 21:53:18.162 16090 16111 I art     : Starting a blocking GC Explicit
08-05 21:53:18.191 16090 16111 I art     : Explicit concurrent mark sweep GC freed 18(624B) AllocSpace objects, 0(0B) LOS objects, 38% free, 25MB/41MB, paused 323us total 28.813ms
08-05 21:53:18.194 16756 16756 D AndroidRuntime: >>>>>> START com.android.internal.os.RuntimeInit uid 2000 <<<<<<
08-05 21:53:18.199 16756 16756 D AndroidRuntime: CheckJNI is OFF
08-05 21:53:18.202 16090 16111 I art     : Starting a blocking GC Explicit
08-05 21:53:18.230 16090 16111 I art     : Explicit concurrent mark sweep GC freed 3(96B) AllocSpace objects, 0(0B) LOS objects, 38% free, 25MB/41MB, paused 329us total 28.170ms
08-05 21:53:18.234 16756 16756 D ICU     : No timezone override file found: /data/misc/zoneinfo/current/icu/icu_tzdata.dat
08-05 21:53:18.241 16090 16111 I art     : Starting a blocking GC Explicit
08-05 21:53:18.269 16756 16756 I Radio-JNI: register_android_hardware_Radio DONE
08-05 21:53:18.271 16090 16111 I art     : Explicit concurrent mark sweep GC freed 3(96B) AllocSpace objects, 0(0B) LOS objects, 38% free, 25MB/41MB, paused 331us total 28.925ms
08-05 21:53:18.281 16090 16111 I art     : Starting a blocking GC Explicit
08-05 21:53:18.293 16756 16756 D AndroidRuntime: Calling main entry com.android.commands.input.Input
08-05 21:53:18.295 16756 16756 I Input   : injectMotionEvent: MotionEvent { action=ACTION_DOWN, actionButton=0, id[0]=0, x[0]=81.0, y[0]=176.0, toolType[0]=TOOL_TYPE_UNKNOWN, buttonState=0, metaState=0, flags=0x0, edgeFlags=0x0, pointerCount=1, historySize=0, eventTime=827614707, downTime=827614707, deviceId=0, source=0x1002 }
08-05 21:53:18.300 16756 16756 I Input   : injectMotionEvent: MotionEvent { action=ACTION_UP, actionButton=0, id[0]=0, x[0]=81.0, y[0]=176.0, toolType[0]=TOOL_TYPE_UNKNOWN, buttonState=0, metaState=0, flags=0x0, edgeFlags=0x0, pointerCount=1, historySize=0, eventTime=827614707, downTime=827614707, deviceId=0, source=0x1002 }
08-05 21:53:18.302 16756 16756 D AndroidRuntime: Shutting down VM
08-05 21:53:18.309   512  2967 D audio_hw_primary: out_set_parameters: enter: usecase(1: low-latency-playback) kvpairs: routing=2
08-05 21:53:18.310 16090 16111 I art     : Explicit concurrent mark sweep GC freed 26(944B) AllocSpace objects, 0(0B) LOS objects, 38% free, 25MB/41MB, paused 383us total 28.635ms
08-05 21:53:18.322   512  2967 D audio_hw_primary: select_devices: out_snd_device(2: speaker) in_snd_device(0: none)
08-05 21:53:18.322   512  2967 D msm8974_platform: platform_send_audio_calibration: sending audio calibration for snd_device(2) acdb_id(15)
08-05 21:53:18.322   512  2967 I soundtrigger: audio_extn_sound_trigger_update_device_status: device 0x2 of type 0 for Event 1
08-05 21:53:18.334   512  2967 D audio_hw_primary: enable_snd_device: snd_device(2: speaker)
08-05 21:53:18.336   512  2967 D audio_hw_primary: enable_audio_route: apply and update mixer path: low-latency-playback speaker
08-05 21:53:18.359 13866 13866 I GoogleInputMethodServic: GoogleInputMethodService.onFinishInput():3138 
08-05 21:53:18.360 13866 13866 I GoogleInputMethodServic: GoogleInputMethodService.onStartInput():1808 
08-05 21:53:18.387 15748 15748 I ServiceManager: Waiting for service AtCmdFwd...
08-05 21:53:18.586 16090 16103 I art     : Starting a blocking GC Explicit
08-05 21:53:18.619 16090 16103 I art     : Explicit concurrent mark sweep GC freed 1692(96KB) AllocSpace objects, 1(20KB) LOS objects, 38% free, 25MB/41MB, paused 326us total 32.152ms
08-05 21:53:18.627 15841 15960 W FirebaseInstanceId: Token retrieval failed: SERVICE_NOT_AVAILABLE. Will retry token retrieval
08-05 21:53:18.632 16090 16103 I art     : Starting a blocking GC Explicit
08-05 21:53:18.661 16090 16103 I art     : Explicit concurrent mark sweep GC freed 32(1232B) AllocSpace objects, 0(0B) LOS objects, 38% free, 25MB/41MB, paused 283us total 28.318ms
08-05 21:53:18.672 16090 16103 I art     : Starting a blocking GC Explicit
08-05 21:53:18.697 16090 16103 I art     : Explicit concurrent mark sweep GC freed 3(96B) AllocSpace objects, 0(0B) LOS objects, 38% free, 25MB/41MB, paused 295us total 25.464ms
08-05 21:53:18.708 16090 16103 I art     : Starting a blocking GC Explicit
08-05 21:53:18.733 16090 16103 I art     : Explicit concurrent mark sweep GC freed 5(192B) AllocSpace objects, 0(0B) LOS objects, 38% free, 25MB/41MB, paused 327us total 25.107ms
08-05 21:53:18.744 16090 16103 I art     : Starting a blocking GC Explicit
08-05 21:53:18.770 16090 16103 I art     : Explicit concurrent mark sweep GC freed 6(192B) AllocSpace objects, 0(0B) LOS objects, 38% free, 25MB/41MB, paused 298us total 25.549ms
08-05 21:53:18.868   512  2967 D audio_hw_primary: disable_audio_route: reset and update mixer path: low-latency-playback speaker
08-05 21:53:18.870   512  2967 D audio_hw_primary: disable_snd_device: snd_device(2: speaker)
08-05 21:53:18.878   512  2967 I soundtrigger: audio_extn_sound_trigger_update_device_status: device 0x2 of type 0 for Event 0
08-05 21:53:19.058 16090 16103 I art     : Starting a blocking GC Explicit
08-05 21:53:19.093 16090 16103 I art     : Explicit concurrent mark sweep GC freed 1293(75KB) AllocSpace objects, 1(20KB) LOS objects, 38% free, 25MB/41MB, paused 354us total 34.759ms
08-05 21:53:19.108 16090 16103 I art     : Starting a blocking GC Explicit
08-05 21:53:19.138 16090 16103 I art     : Explicit concurrent mark sweep GC freed 20(688B) AllocSpace objects, 0(0B) LOS objects, 38% free, 25MB/41MB, paused 336us total 29.535ms
08-05 21:53:19.150 16090 16103 I art     : Starting a blocking GC Explicit
08-05 21:53:19.179 16090 16103 I art     : Explicit concurrent mark sweep GC freed 3(96B) AllocSpace objects, 0(0B) LOS objects, 38% free, 25MB/41MB, paused 321us total 29.584ms
08-05 21:53:19.192 16090 16103 I art     : Starting a blocking GC Explicit
08-05 21:53:19.222 16090 16103 I art     : Explicit concurrent mark sweep GC freed 3(96B) AllocSpace objects, 0(0B) LOS objects, 38% free, 25MB/41MB, paused 323us total 29.999ms
08-05 21:53:19.234 16090 16103 I art     : Starting a blocking GC Explicit
08-05 21:53:19.264 16090 16103 I art     : Explicit concurrent mark sweep GC freed 3(96B) AllocSpace objects, 0(0B) LOS objects, 38% free, 25MB/41MB, paused 315us total 30.211ms
08-05 21:53:19.388 15748 15748 I ServiceManager: Waiting for service AtCmdFwd...
08-05 21:53:19.568 16090 16310 I art     : Starting a blocking GC Explicit
08-05 21:53:19.598 16090 16310 I art     : Explicit concurrent mark sweep GC freed 1293(75KB) AllocSpace objects, 1(20KB) LOS objects, 38% free, 25MB/41MB, paused 327us total 30.115ms
08-05 21:53:19.610 16090 16310 I art     : Starting a blocking GC Explicit
08-05 21:53:19.640 16090 16310 I art     : Explicit concurrent mark sweep GC freed 18(624B) AllocSpace objects, 0(0B) LOS objects, 38% free, 25MB/41MB, paused 367us total 29.941ms
08-05 21:53:19.650 16090 16310 I art     : Starting a blocking GC Explicit
08-05 21:53:19.678 16090 16310 I art     : Explicit concurrent mark sweep GC freed 3(96B) AllocSpace objects, 0(0B) LOS objects, 38% free, 25MB/41MB, paused 307us total 27.757ms
08-05 21:53:19.689 16090 16310 I art     : Starting a blocking GC Explicit
08-05 21:53:19.718 16090 16310 I art     : Explicit concurrent mark sweep GC freed 3(96B) AllocSpace objects, 0(0B) LOS objects, 38% free, 25MB/41MB, paused 305us total 28.126ms
08-05 21:53:19.729 16090 16310 I art     : Starting a blocking GC Explicit
08-05 21:53:19.758 16090 16310 I art     : Explicit concurrent mark sweep GC freed 3(96B) AllocSpace objects, 0(0B) LOS objects, 38% free, 25MB/41MB, paused 310us total 28.956ms
08-05 21:53:19.967 16811 16811 D AndroidRuntime: >>>>>> START com.android.internal.os.RuntimeInit uid 2000 <<<<<<
08-05 21:53:19.973 16811 16811 D AndroidRuntime: CheckJNI is OFF
08-05 21:53:20.006 16811 16811 D ICU     : No timezone override file found: /data/misc/zoneinfo/current/icu/icu_tzdata.dat
08-05 21:53:20.039 16811 16811 I Radio-JNI: register_android_hardware_Radio DONE
08-05 21:53:20.047 16090 16101 I art     : Starting a blocking GC Explicit
08-05 21:53:20.063 16811 16811 D AndroidRuntime: Calling main entry com.android.commands.input.Input
08-05 21:53:20.065 16811 16811 I Input   : injectMotionEvent: MotionEvent { action=ACTION_DOWN, actionButton=0, id[0]=0, x[0]=436.0, y[0]=1770.0, toolType[0]=TOOL_TYPE_UNKNOWN, buttonState=0, metaState=0, flags=0x0, edgeFlags=0x0, pointerCount=1, historySize=0, eventTime=827616478, downTime=827616478, deviceId=0, source=0x1002 }
08-05 21:53:20.069 16811 16811 I Input   : injectMotionEvent: MotionEvent { action=ACTION_UP, actionButton=0, id[0]=0, x[0]=436.0, y[0]=1770.0, toolType[0]=TOOL_TYPE_UNKNOWN, buttonState=0, metaState=0, flags=0x0, edgeFlags=0x0, pointerCount=1, historySize=0, eventTime=827616478, downTime=827616478, deviceId=0, source=0x1002 }
08-05 21:53:20.071 16811 16811 D AndroidRuntime: Shutting down VM
08-05 21:53:20.076 16090 16090 D MainActivity: NavigationItemSelected: Courses
08-05 21:53:20.077 16090 16101 I art     : Explicit concurrent mark sweep GC freed 1318(76KB) AllocSpace objects, 1(20KB) LOS objects, 38% free, 25MB/41MB, paused 461us total 29.926ms
08-05 21:53:20.079   512  2967 D audio_hw_primary: out_set_parameters: enter: usecase(1: low-latency-playback) kvpairs: routing=2
08-05 21:53:20.081   918  6112 I ActivityManager: START u0 {cmp=baseline.com.ak.uobtimetable/.CourseListActivity} from uid 10684 on display 0
08-05 21:53:20.091 16090 16101 I art     : Starting a blocking GC Explicit
08-05 21:53:20.092   512  2967 D audio_hw_primary: select_devices: out_snd_device(2: speaker) in_snd_device(0: none)
08-05 21:53:20.092   512  2967 D msm8974_platform: platform_send_audio_calibration: sending audio calibration for snd_device(2) acdb_id(15)
08-05 21:53:20.093   512  2967 I soundtrigger: audio_extn_sound_trigger_update_device_status: device 0x2 of type 0 for Event 1
08-05 21:53:20.102   512  2967 D audio_hw_primary: enable_snd_device: snd_device(2: speaker)
08-05 21:53:20.103 16090 16090 D MainActivity: OnPause
08-05 21:53:20.104   512  2967 D audio_hw_primary: enable_audio_route: apply and update mixer path: low-latency-playback speaker
08-05 21:53:20.120 16090 16101 I art     : Explicit concurrent mark sweep GC freed 658(31KB) AllocSpace objects, 0(0B) LOS objects, 38% free, 25MB/41MB, paused 665us total 28.599ms
08-05 21:53:20.130 16090 16101 I art     : Starting a blocking GC Explicit
08-05 21:53:20.132 16090 16090 D CourseListActivity: onCreate
08-05 21:53:20.134 16090 16834 D HTTP    : Request for: https://uob-timetable-api.adriankeenan.co.uk/courses
08-05 21:53:20.157 16090 16101 I art     : Explicit concurrent mark sweep GC freed 2114(109KB) AllocSpace objects, 0(0B) LOS objects, 38% free, 25MB/41MB, paused 478us total 27.042ms
08-05 21:53:20.167 16090 16101 I art     : Starting a blocking GC Explicit
08-05 21:53:20.194 16090 16101 I art     : Explicit concurrent mark sweep GC freed 455(30KB) AllocSpace objects, 0(0B) LOS objects, 38% free, 25MB/41MB, paused 368us total 26.662ms
08-05 21:53:20.198 13866 13866 I GoogleInputMethodServic: GoogleInputMethodService.onFinishInput():3138 
08-05 21:53:20.199   918   936 I ActivityManager: Displayed baseline.com.ak.uobtimetable/.CourseListActivity: +95ms
08-05 21:53:20.199 13866 13866 I GoogleInputMethodServic: GoogleInputMethodService.onStartInput():1808 
08-05 21:53:20.207 16090 16101 I art     : Starting a blocking GC Explicit
08-05 21:53:20.236 16090 16101 I art     : Explicit concurrent mark sweep GC freed 118(5KB) AllocSpace objects, 0(0B) LOS objects, 38% free, 25MB/41MB, paused 393us total 29.238ms
08-05 21:53:20.388 15748 15748 I ServiceManager: Waiting for service AtCmdFwd...
08-05 21:53:20.398 16090 16834 I NAPPA_EXPERIMENTATION: MetricNetworkRequestExecutionTime: REQUEST_DURATION_SYSTEM='263',REQUEST_DURATION_OKHTTP='50',REQUEST_SYNCHRONOUS='TRUE',RESPONSE_CODE='200',RESPONSE_METHOD='GET',RESPONSE_LENGTH_OKHTTP='-1',RESPONSE_LENGTH_HEADER='-2',REQUEST_PROTOCOL='http/1.1',REQUEST_URL='https://uob-timetable-api.adriankeenan.co.uk/courses',
08-05 21:53:20.514 16090 16111 I art     : Starting a blocking GC Explicit
08-05 21:53:20.542 16090 16111 I art     : Explicit concurrent mark sweep GC freed 3940(223KB) AllocSpace objects, 4(220KB) LOS objects, 31% free, 34MB/50MB, paused 423us total 28.497ms
08-05 21:53:20.553 16090 16111 I art     : Starting a blocking GC Explicit
08-05 21:53:20.560 16090 16090 D MainActivity: Saving state
08-05 21:53:20.560 16090 16090 D MainActivity: Saving current fragment: SessionListsFragment
08-05 21:53:20.560 16090 16090 D MainActivity: Saving current index: 3
08-05 21:53:20.563 16090 16090 D SessionListsFragment: Saving state
08-05 21:53:20.587 16090 16111 I art     : Explicit concurrent mark sweep GC freed 1144(124KB) AllocSpace objects, 0(0B) LOS objects, 30% free, 36MB/52MB, paused 440us total 33.598ms
08-05 21:53:20.598 16090 16111 I art     : Starting a blocking GC Explicit
08-05 21:53:20.627 16090 16111 I art     : Explicit concurrent mark sweep GC freed 1964(11MB) AllocSpace objects, 0(0B) LOS objects, 24% free, 48MB/64MB, paused 373us total 28.085ms
08-05 21:53:20.637 16090 16111 I art     : Starting a blocking GC Explicit
08-05 21:53:20.638   512  2967 D audio_hw_primary: disable_audio_route: reset and update mixer path: low-latency-playback speaker
08-05 21:53:20.639   512  2967 D audio_hw_primary: disable_snd_device: snd_device(2: speaker)
08-05 21:53:20.646   512  2967 I soundtrigger: audio_extn_sound_trigger_update_device_status: device 0x2 of type 0 for Event 0
08-05 21:53:20.662 16090 16111 I art     : Explicit concurrent mark sweep GC freed 38(13KB) AllocSpace objects, 0(0B) LOS objects, 24% free, 48MB/64MB, paused 364us total 25.053ms
08-05 21:53:20.673 16090 16111 I art     : Starting a blocking GC Explicit
08-05 21:53:20.698 16090 16111 I art     : Explicit concurrent mark sweep GC freed 23(864B) AllocSpace objects, 0(0B) LOS objects, 24% free, 48MB/64MB, paused 376us total 25.356ms
08-05 21:53:20.792 16090 16834 I HTTP    : Response was compressed.
08-05 21:53:20.970 16090 16111 I art     : Starting a blocking GC Explicit
08-05 21:53:21.007 16090 16111 I art     : Explicit concurrent mark sweep GC freed 58149(2MB) AllocSpace objects, 0(0B) LOS objects, 27% free, 41MB/57MB, paused 523us total 36.772ms
08-05 21:53:21.020 16090 16111 I art     : Starting a blocking GC Explicit
08-05 21:53:21.053 16090 16111 I art     : Explicit concurrent mark sweep GC freed 26359(1234KB) AllocSpace objects, 0(0B) LOS objects, 27% free, 41MB/57MB, paused 581us total 32.855ms
08-05 21:53:21.064 16090 16111 I art     : Starting a blocking GC Explicit
08-05 21:53:21.084   518   646 I ThermalEngine: ACTION: GPU - Setting GPU[0] to 450000000
08-05 21:53:21.107 16090 16111 I art     : Explicit concurrent mark sweep GC freed 27075(1281KB) AllocSpace objects, 0(0B) LOS objects, 27% free, 42MB/58MB, paused 847us total 42.716ms
08-05 21:53:21.121 16090 16111 I art     : Starting a blocking GC Explicit
08-05 21:53:21.164 16090 16111 I art     : Explicit concurrent mark sweep GC freed 31889(1484KB) AllocSpace objects, 0(0B) LOS objects, 27% free, 42MB/58MB, paused 1.023ms total 43.009ms
08-05 21:53:21.179 16090 16111 I art     : Starting a blocking GC Explicit
08-05 21:53:21.222 16090 16111 I art     : Explicit concurrent mark sweep GC freed 31647(1496KB) AllocSpace objects, 0(0B) LOS objects, 27% free, 42MB/58MB, paused 900us total 43.217ms
08-05 21:53:21.389 15748 15748 I ServiceManager: Waiting for service AtCmdFwd...
08-05 21:53:21.529 16090 16101 I art     : Starting a blocking GC Explicit
08-05 21:53:21.598 16090 16101 I art     : Explicit concurrent mark sweep GC freed 194225(8MB) AllocSpace objects, 1(20KB) LOS objects, 26% free, 44MB/60MB, paused 923us total 68.225ms
08-05 21:53:21.615 16090 16101 I art     : Starting a blocking GC Explicit
08-05 21:53:21.664 16090 16101 I art     : Explicit concurrent mark sweep GC freed 42655(2023KB) AllocSpace objects, 0(0B) LOS objects, 26% free, 44MB/60MB, paused 927us total 48.346ms
08-05 21:53:21.680 16090 16101 I art     : Starting a blocking GC Explicit
08-05 21:53:21.729 16090 16101 I art     : Explicit concurrent mark sweep GC freed 36078(1692KB) AllocSpace objects, 0(0B) LOS objects, 26% free, 44MB/60MB, paused 972us total 49.067ms
08-05 21:53:21.747 16090 16101 I art     : Starting a blocking GC Explicit
08-05 21:53:21.799 16090 16101 I art     : Explicit concurrent mark sweep GC freed 36557(1707KB) AllocSpace objects, 0(0B) LOS objects, 26% free, 44MB/60MB, paused 1.009ms total 51.472ms
08-05 21:53:21.816 16090 16101 I art     : Starting a blocking GC Explicit
08-05 21:53:21.867 16090 16101 I art     : Explicit concurrent mark sweep GC freed 35803(1672KB) AllocSpace objects, 0(0B) LOS objects, 26% free, 45MB/61MB, paused 1.192ms total 49.963ms
08-05 21:53:22.174 16090 16111 I art     : Starting a blocking GC Explicit
08-05 21:53:22.251 16090 16111 I art     : Explicit concurrent mark sweep GC freed 195850(9MB) AllocSpace objects, 1(20KB) LOS objects, 25% free, 46MB/62MB, paused 1.159ms total 76.701ms
08-05 21:53:22.270 16090 16111 I art     : Starting a blocking GC Explicit
08-05 21:53:22.325 16090 16111 I art     : Explicit concurrent mark sweep GC freed 47505(2MB) AllocSpace objects, 0(0B) LOS objects, 25% free, 46MB/62MB, paused 1.150ms total 54.862ms
08-05 21:53:22.344 16090 16111 I art     : Starting a blocking GC Explicit
08-05 21:53:22.389 15748 15748 I ServiceManager: Waiting for service AtCmdFwd...
08-05 21:53:22.403 16090 16111 I art     : Explicit concurrent mark sweep GC freed 41506(1953KB) AllocSpace objects, 0(0B) LOS objects, 25% free, 47MB/63MB, paused 1.458ms total 59.107ms
08-05 21:53:22.422 16090 16111 I art     : Starting a blocking GC Explicit
08-05 21:53:22.481 16090 16111 I art     : Explicit concurrent mark sweep GC freed 40887(1924KB) AllocSpace objects, 0(0B) LOS objects, 25% free, 47MB/63MB, paused 1.219ms total 57.964ms
08-05 21:53:22.499 16090 16111 I art     : Starting a blocking GC Explicit
08-05 21:53:22.559 16090 16111 I art     : Explicit concurrent mark sweep GC freed 41389(1942KB) AllocSpace objects, 0(0B) LOS objects, 25% free, 47MB/63MB, paused 1.197ms total 59.256ms
08-05 21:53:22.875 16090 16103 I art     : Starting a blocking GC Explicit
08-05 21:53:22.957 16090 16103 I art     : Explicit concurrent mark sweep GC freed 198432(9MB) AllocSpace objects, 1(20KB) LOS objects, 24% free, 49MB/65MB, paused 1.193ms total 81.884ms
08-05 21:53:22.979 16090 16103 I art     : Starting a blocking GC Explicit
08-05 21:53:23.044 16090 16103 I art     : Explicit concurrent mark sweep GC freed 54067(2MB) AllocSpace objects, 0(0B) LOS objects, 24% free, 49MB/65MB, paused 1.351ms total 65.280ms
08-05 21:53:23.065 16090 16103 I art     : Starting a blocking GC Explicit
08-05 21:53:23.131 16090 16103 I art     : Explicit concurrent mark sweep GC freed 47115(2MB) AllocSpace objects, 0(0B) LOS objects, 24% free, 49MB/65MB, paused 1.383ms total 65.701ms
08-05 21:53:23.152 16090 16103 I art     : Starting a blocking GC Explicit
08-05 21:53:23.219 16090 16103 I art     : Explicit concurrent mark sweep GC freed 46485(2MB) AllocSpace objects, 0(0B) LOS objects, 24% free, 50MB/66MB, paused 1.399ms total 67.014ms
08-05 21:53:23.239 16090 16103 I art     : Starting a blocking GC Explicit
08-05 21:53:23.307 16090 16103 I art     : Explicit concurrent mark sweep GC freed 47166(2MB) AllocSpace objects, 0(0B) LOS objects, 24% free, 50MB/66MB, paused 1.473ms total 67.774ms
08-05 21:53:23.359 13866 13882 I PeriodicStatsRunner: PeriodicStatsRunner.call():175 call()
08-05 21:53:23.359 13866 13882 I PeriodicStatsRunner: PeriodicStatsRunner.call():179 No submit PeriodicStats since input started.
08-05 21:53:23.390 15748 15748 W Atfwd_Sendcmd: AtCmdFwd service not published, waiting... retryCnt : 1
08-05 21:53:23.599 16090 16834 I Service : getCourses response time: 0.69
08-05 21:53:23.614 16090 16090 I SettingsManager: Getting string: savedCourse
08-05 21:53:23.628 16090 16103 I art     : Starting a blocking GC Explicit
08-05 21:53:23.720 16090 16103 I art     : Explicit concurrent mark sweep GC freed 162242(7MB) AllocSpace objects, 2(15MB) LOS objects, 30% free, 36MB/52MB, paused 898us total 92.337ms
08-05 21:53:23.741 16090 16103 I art     : Starting a blocking GC Explicit
08-05 21:53:23.813 16090 16103 I art     : Explicit concurrent mark sweep GC freed 622(21KB) AllocSpace objects, 0(0B) LOS objects, 30% free, 36MB/52MB, paused 454us total 70.814ms
08-05 21:53:23.836 16090 16103 I art     : Starting a blocking GC Explicit
08-05 21:53:23.913 16090 16103 I art     : Explicit concurrent mark sweep GC freed 675(63KB) AllocSpace objects, 0(0B) LOS objects, 30% free, 36MB/52MB, paused 460us total 76.301ms
08-05 21:53:23.938 16090 16103 I art     : Starting a blocking GC Explicit
08-05 21:53:24.014 16090 16103 I art     : Explicit concurrent mark sweep GC freed 3(96B) AllocSpace objects, 0(0B) LOS objects, 30% free, 36MB/52MB, paused 477us total 75.905ms
08-05 21:53:24.039 16090 16103 I art     : Starting a blocking GC Explicit
08-05 21:53:24.115 16090 16103 I art     : Explicit concurrent mark sweep GC freed 3(96B) AllocSpace objects, 0(0B) LOS objects, 30% free, 36MB/52MB, paused 483us total 75.227ms
08-05 21:53:24.475 16090 16310 I art     : Starting a blocking GC Explicit
08-05 21:53:24.577 16090 16310 I art     : Explicit concurrent mark sweep GC freed 1293(75KB) AllocSpace objects, 1(20KB) LOS objects, 30% free, 36MB/52MB, paused 487us total 100.849ms
08-05 21:53:24.606 16090 16310 I art     : Starting a blocking GC Explicit
08-05 21:53:24.684 16090 16310 I art     : Explicit concurrent mark sweep GC freed 18(624B) AllocSpace objects, 0(0B) LOS objects, 30% free, 36MB/52MB, paused 472us total 77.465ms
08-05 21:53:24.684 16090 16100 I art     : WaitForGcToComplete blocked for 77.821ms for cause HeapTrim
08-05 21:53:24.709 16090 16310 I art     : Starting a blocking GC Explicit
08-05 21:53:24.788 16090 16310 I art     : Explicit concurrent mark sweep GC freed 3(96B) AllocSpace objects, 0(0B) LOS objects, 30% free, 36MB/52MB, paused 523us total 79.136ms
08-05 21:53:24.813 16090 16310 I art     : Starting a blocking GC Explicit
08-05 21:53:24.884 16090 16310 I art     : Explicit concurrent mark sweep GC freed 3(96B) AllocSpace objects, 0(0B) LOS objects, 30% free, 36MB/52MB, paused 488us total 70.819ms
08-05 21:53:24.909 16090 16310 I art     : Starting a blocking GC Explicit
08-05 21:53:24.986 16090 16310 I art     : Explicit concurrent mark sweep GC freed 3(96B) AllocSpace objects, 0(0B) LOS objects, 30% free, 36MB/52MB, paused 483us total 76.663ms
08-05 21:53:25.199 13866 13882 I PeriodicStatsRunner: PeriodicStatsRunner.call():175 call()
08-05 21:53:25.199 13866 13882 I PeriodicStatsRunner: PeriodicStatsRunner.call():179 No submit PeriodicStats since input started.
08-05 21:53:25.353 16090 16310 I art     : Starting a blocking GC Explicit
08-05 21:53:25.424 16090 16310 I art     : Explicit concurrent mark sweep GC freed 1338(77KB) AllocSpace objects, 1(20KB) LOS objects, 30% free, 36MB/52MB, paused 477us total 70.725ms
08-05 21:53:25.448 16090 16310 I art     : Starting a blocking GC Explicit
08-05 21:53:25.521 16090 16310 I art     : Explicit concurrent mark sweep GC freed 24(848B) AllocSpace objects, 0(0B) LOS objects, 30% free, 36MB/52MB, paused 492us total 72.226ms
08-05 21:53:25.546 16090 16310 I art     : Starting a blocking GC Explicit
08-05 21:53:25.625 16090 16310 I art     : Explicit concurrent mark sweep GC freed 3(96B) AllocSpace objects, 0(0B) LOS objects, 30% free, 36MB/52MB, paused 494us total 78.779ms
08-05 21:53:25.650 16090 16310 I art     : Starting a blocking GC Explicit
08-05 21:53:25.724 16090 16310 I art     : Explicit concurrent mark sweep GC freed 3(96B) AllocSpace objects, 0(0B) LOS objects, 30% free, 36MB/52MB, paused 492us total 74.171ms
08-05 21:53:25.749 16090 16310 I art     : Starting a blocking GC Explicit
08-05 21:53:25.828 16090 16310 I art     : Explicit concurrent mark sweep GC freed 3(96B) AllocSpace objects, 0(0B) LOS objects, 30% free, 36MB/52MB, paused 533us total 78.130ms
08-05 21:53:26.196 16090 16111 I art     : Starting a blocking GC Explicit
08-05 21:53:26.298 16090 16111 I art     : Explicit concurrent mark sweep GC freed 1294(75KB) AllocSpace objects, 1(20KB) LOS objects, 30% free, 36MB/52MB, paused 460us total 101.407ms
08-05 21:53:26.327 16090 16111 I art     : Starting a blocking GC Explicit
08-05 21:53:26.396 16090 16111 I art     : Explicit concurrent mark sweep GC freed 18(624B) AllocSpace objects, 0(0B) LOS objects, 30% free, 36MB/52MB, paused 469us total 68.651ms
08-05 21:53:26.419 16090 16111 I art     : Starting a blocking GC Explicit
08-05 21:53:26.486 16090 16111 I art     : Explicit concurrent mark sweep GC freed 3(96B) AllocSpace objects, 0(0B) LOS objects, 30% free, 36MB/52MB, paused 466us total 67.369ms
08-05 21:53:26.510 16090 16111 I art     : Starting a blocking GC Explicit
08-05 21:53:26.581 16090 16111 I art     : Explicit concurrent mark sweep GC freed 3(96B) AllocSpace objects, 0(0B) LOS objects, 30% free, 36MB/52MB, paused 495us total 71.381ms
08-05 21:53:26.605 16090 16111 I art     : Starting a blocking GC Explicit
08-05 21:53:26.678 16090 16111 I art     : Explicit concurrent mark sweep GC freed 3(96B) AllocSpace objects, 0(0B) LOS objects, 30% free, 36MB/52MB, paused 530us total 72.294ms
08-05 21:53:26.886 16927 16927 D AndroidRuntime: >>>>>> START com.android.internal.os.RuntimeInit uid 2000 <<<<<<
08-05 21:53:26.892 16927 16927 D AndroidRuntime: CheckJNI is OFF
08-05 21:53:26.933 16927 16927 D ICU     : No timezone override file found: /data/misc/zoneinfo/current/icu/icu_tzdata.dat
08-05 21:53:26.975 16927 16927 I Radio-JNI: register_android_hardware_Radio DONE
08-05 21:53:27.005 16927 16927 D AndroidRuntime: Calling main entry com.android.commands.input.Input
08-05 21:53:27.007 16927 16927 I Input   : injectMotionEvent: MotionEvent { action=ACTION_DOWN, actionButton=0, id[0]=0, x[0]=558.0, y[0]=368.0, toolType[0]=TOOL_TYPE_UNKNOWN, buttonState=0, metaState=0, flags=0x0, edgeFlags=0x0, pointerCount=1, historySize=0, eventTime=827623420, downTime=827623420, deviceId=0, source=0x1002 }
08-05 21:53:27.011 16927 16927 I Input   : injectMotionEvent: MotionEvent { action=ACTION_UP, actionButton=0, id[0]=0, x[0]=558.0, y[0]=368.0, toolType[0]=TOOL_TYPE_UNKNOWN, buttonState=0, metaState=0, flags=0x0, edgeFlags=0x0, pointerCount=1, historySize=0, eventTime=827623420, downTime=827623420, deviceId=0, source=0x1002 }
08-05 21:53:27.013 16927 16927 D AndroidRuntime: Shutting down VM
08-05 21:53:27.031 16090 16101 I art     : Starting a blocking GC Explicit
08-05 21:53:27.094   518   646 I ThermalEngine: ACTION: GPU - Setting GPU[0] to 510000000
08-05 21:53:27.103 16090 16101 I art     : Explicit concurrent mark sweep GC freed 2017(158KB) AllocSpace objects, 1(20KB) LOS objects, 30% free, 36MB/52MB, paused 788us total 70.973ms
08-05 21:53:27.129 16090 16101 I art     : Starting a blocking GC Explicit
08-05 21:53:27.183 16090 16101 I art     : Explicit concurrent mark sweep GC freed 219(13KB) AllocSpace objects, 0(0B) LOS objects, 30% free, 36MB/52MB, paused 551us total 54.242ms
08-05 21:53:27.202 16090 16101 I art     : Starting a blocking GC Explicit
08-05 21:53:27.252 16090 16101 I art     : Explicit concurrent mark sweep GC freed 50(2080B) AllocSpace objects, 0(0B) LOS objects, 30% free, 36MB/52MB, paused 331us total 49.571ms
08-05 21:53:27.270 16090 16101 I art     : Starting a blocking GC Explicit
08-05 21:53:27.320 16090 16101 I art     : Explicit concurrent mark sweep GC freed 18(672B) AllocSpace objects, 0(0B) LOS objects, 30% free, 36MB/52MB, paused 325us total 50.240ms
08-05 21:53:27.338 16090 16101 I art     : Starting a blocking GC Explicit
08-05 21:53:27.390 16090 16101 I art     : Explicit concurrent mark sweep GC freed 18(768B) AllocSpace objects, 0(0B) LOS objects, 30% free, 36MB/52MB, paused 319us total 51.339ms
08-05 21:53:27.709 16090 16101 I art     : Starting a blocking GC Explicit
08-05 21:53:27.771 16090 16101 I art     : Explicit concurrent mark sweep GC freed 1612(89KB) AllocSpace objects, 1(20KB) LOS objects, 30% free, 36MB/52MB, paused 355us total 61.719ms
08-05 21:53:27.790 16090 16101 I art     : Starting a blocking GC Explicit
08-05 21:53:27.848 16090 16101 I art     : Explicit concurrent mark sweep GC freed 28(944B) AllocSpace objects, 0(0B) LOS objects, 30% free, 36MB/52MB, paused 353us total 57.800ms
08-05 21:53:27.869 16090 16101 I art     : Starting a blocking GC Explicit
08-05 21:53:27.927 16090 16101 I art     : Explicit concurrent mark sweep GC freed 3(96B) AllocSpace objects, 0(0B) LOS objects, 30% free, 36MB/52MB, paused 394us total 57.863ms
08-05 21:53:27.947 16090 16101 I art     : Starting a blocking GC Explicit
08-05 21:53:28.001 16090 16101 I art     : Explicit concurrent mark sweep GC freed 3(96B) AllocSpace objects, 0(0B) LOS objects, 30% free, 36MB/52MB, paused 345us total 54.031ms
08-05 21:53:28.020 16090 16101 I art     : Starting a blocking GC Explicit
08-05 21:53:28.080 16090 16101 I art     : Explicit concurrent mark sweep GC freed 3(96B) AllocSpace objects, 0(0B) LOS objects, 30% free, 36MB/52MB, paused 361us total 59.459ms
08-05 21:53:28.099   518   646 I ThermalEngine: ACTION: GPU - Setting GPU[0] to 450000000
08-05 21:53:28.388 16090 16111 I art     : Starting a blocking GC Explicit
08-05 21:53:28.390 15748 15748 I ServiceManager: Waiting for service AtCmdFwd...
08-05 21:53:28.464 16090 16111 I art     : Explicit concurrent mark sweep GC freed 1293(75KB) AllocSpace objects, 1(20KB) LOS objects, 30% free, 36MB/52MB, paused 479us total 75.939ms
08-05 21:53:28.488 16090 16111 I art     : Starting a blocking GC Explicit
08-05 21:53:28.555 16090 16111 I art     : Explicit concurrent mark sweep GC freed 18(624B) AllocSpace objects, 0(0B) LOS objects, 30% free, 36MB/52MB, paused 472us total 67.043ms
08-05 21:53:28.579 16090 16111 I art     : Starting a blocking GC Explicit
08-05 21:53:28.650 16090 16111 I art     : Explicit concurrent mark sweep GC freed 3(96B) AllocSpace objects, 0(0B) LOS objects, 30% free, 36MB/52MB, paused 486us total 71.070ms
08-05 21:53:28.675 16090 16111 I art     : Starting a blocking GC Explicit
08-05 21:53:28.750 16090 16111 I art     : Explicit concurrent mark sweep GC freed 8(256B) AllocSpace objects, 0(0B) LOS objects, 30% free, 36MB/52MB, paused 467us total 74.716ms
08-05 21:53:28.773 16090 16111 I art     : Starting a blocking GC Explicit
08-05 21:53:28.816 16963 16963 D AndroidRuntime: >>>>>> START com.android.internal.os.RuntimeInit uid 2000 <<<<<<
08-05 21:53:28.822 16963 16963 D AndroidRuntime: CheckJNI is OFF
08-05 21:53:28.839 16090 16111 I art     : Explicit concurrent mark sweep GC freed 15(480B) AllocSpace objects, 0(0B) LOS objects, 30% free, 36MB/52MB, paused 465us total 66.450ms
08-05 21:53:28.869 16963 16963 D ICU     : No timezone override file found: /data/misc/zoneinfo/current/icu/icu_tzdata.dat
08-05 21:53:28.910 16963 16963 I Radio-JNI: register_android_hardware_Radio DONE
08-05 21:53:28.938 16963 16963 D AndroidRuntime: Calling main entry com.android.commands.input.Input
08-05 21:53:28.941 16963 16963 I Input   : injectMotionEvent: MotionEvent { action=ACTION_DOWN, actionButton=0, id[0]=0, x[0]=945.0, y[0]=1376.0, toolType[0]=TOOL_TYPE_UNKNOWN, buttonState=0, metaState=0, flags=0x0, edgeFlags=0x0, pointerCount=1, historySize=0, eventTime=827625353, downTime=827625353, deviceId=0, source=0x1002 }
08-05 21:53:28.949 16963 16963 I Input   : injectMotionEvent: MotionEvent { action=ACTION_UP, actionButton=0, id[0]=0, x[0]=945.0, y[0]=1376.0, toolType[0]=TOOL_TYPE_UNKNOWN, buttonState=0, metaState=0, flags=0x0, edgeFlags=0x0, pointerCount=1, historySize=0, eventTime=827625353, downTime=827625353, deviceId=0, source=0x1002 }
08-05 21:53:28.953 16963 16963 D AndroidRuntime: Shutting down VM
08-05 21:53:29.022   512  2967 D audio_hw_primary: out_set_parameters: enter: usecase(1: low-latency-playback) kvpairs: routing=2
08-05 21:53:29.035   512  2967 D audio_hw_primary: select_devices: out_snd_device(2: speaker) in_snd_device(0: none)
08-05 21:53:29.035   512  2967 D msm8974_platform: platform_send_audio_calibration: sending audio calibration for snd_device(2) acdb_id(15)
08-05 21:53:29.036   512  2967 I soundtrigger: audio_extn_sound_trigger_update_device_status: device 0x2 of type 0 for Event 1
08-05 21:53:29.040 13866 13866 I GoogleInputMethodServic: GoogleInputMethodService.onFinishInput():3138 
08-05 21:53:29.041 13866 13866 I GoogleInputMethodServic: GoogleInputMethodService.onStartInput():1808 
08-05 21:53:29.048   512  2967 D audio_hw_primary: enable_snd_device: snd_device(2: speaker)
08-05 21:53:29.051   512  2967 D audio_hw_primary: enable_audio_route: apply and update mixer path: low-latency-playback speaker
08-05 21:53:29.054 13866 13866 I GoogleInputMethodServic: GoogleInputMethodService.onFinishInput():3138 
08-05 21:53:29.055 13866 13866 I GoogleInputMethodServic: GoogleInputMethodService.onStartInput():1808 
08-05 21:53:29.155 16090 16111 I art     : Starting a blocking GC Explicit
08-05 21:53:29.229 16090 16111 I art     : Explicit concurrent mark sweep GC freed 2287(131KB) AllocSpace objects, 1(20KB) LOS objects, 30% free, 36MB/52MB, paused 462us total 73.874ms
08-05 21:53:29.252 16090 16111 I art     : Starting a blocking GC Explicit
08-05 21:53:29.318 16090 16111 I art     : Explicit concurrent mark sweep GC freed 701(63KB) AllocSpace objects, 0(0B) LOS objects, 30% free, 36MB/52MB, paused 521us total 65.519ms
08-05 21:53:29.342 16090 16111 I art     : Starting a blocking GC Explicit
08-05 21:53:29.373 16090 16105 D OpenGLRenderer: endAllStagingAnimators on 0x7f949cb800 (ListPopupWindow$DropDownListView) with handle 0x7f7d02bc60
08-05 21:53:29.390 15748 15748 I ServiceManager: Waiting for service AtCmdFwd...
08-05 21:53:29.401 16090 16111 I art     : Explicit concurrent mark sweep GC freed 105(4KB) AllocSpace objects, 0(0B) LOS objects, 30% free, 36MB/52MB, paused 443us total 59.258ms
08-05 21:53:29.424 16090 16111 I art     : Starting a blocking GC Explicit
08-05 21:53:29.489 16090 16111 I art     : Explicit concurrent mark sweep GC freed 29(1216B) AllocSpace objects, 0(0B) LOS objects, 30% free, 36MB/52MB, paused 484us total 64.244ms
08-05 21:53:29.511 16090 16111 I art     : Starting a blocking GC Explicit
08-05 21:53:29.581 16090 16111 I art     : Explicit concurrent mark sweep GC freed 547(37KB) AllocSpace objects, 0(0B) LOS objects, 30% free, 36MB/52MB, paused 493us total 69.674ms
08-05 21:53:29.598   512  2967 D audio_hw_primary: disable_audio_route: reset and update mixer path: low-latency-playback speaker
08-05 21:53:29.600   512  2967 D audio_hw_primary: disable_snd_device: snd_device(2: speaker)
08-05 21:53:29.608   512  2967 I soundtrigger: audio_extn_sound_trigger_update_device_status: device 0x2 of type 0 for Event 0
08-05 21:53:29.914 16090 16101 I art     : Starting a blocking GC Explicit
08-05 21:53:30.010 16090 16101 I art     : Explicit concurrent mark sweep GC freed 1293(75KB) AllocSpace objects, 1(20KB) LOS objects, 30% free, 36MB/52MB, paused 509us total 95.746ms
08-05 21:53:30.039 16090 16101 I art     : Starting a blocking GC Explicit
08-05 21:53:30.111 16090 16101 I art     : Explicit concurrent mark sweep GC freed 18(624B) AllocSpace objects, 0(0B) LOS objects, 30% free, 36MB/52MB, paused 462us total 71.789ms
08-05 21:53:30.135 16090 16101 I art     : Starting a blocking GC Explicit
08-05 21:53:30.200 16090 16101 I art     : Explicit concurrent mark sweep GC freed 3(96B) AllocSpace objects, 0(0B) LOS objects, 30% free, 36MB/52MB, paused 431us total 63.859ms
08-05 21:53:30.222 16090 16101 I art     : Starting a blocking GC Explicit
08-05 21:53:30.286 16090 16101 I art     : Explicit concurrent mark sweep GC freed 3(96B) AllocSpace objects, 0(0B) LOS objects, 30% free, 36MB/52MB, paused 730us total 63.515ms
08-05 21:53:30.307 16090 16101 I art     : Starting a blocking GC Explicit
08-05 21:53:30.364 16090 16101 I art     : Explicit concurrent mark sweep GC freed 3(96B) AllocSpace objects, 0(0B) LOS objects, 30% free, 36MB/52MB, paused 410us total 57.190ms
08-05 21:53:30.391 15748 15748 I ServiceManager: Waiting for service AtCmdFwd...
08-05 21:53:30.667 16090 16111 I art     : Starting a blocking GC Explicit
08-05 21:53:30.702 17005 17005 D AndroidRuntime: >>>>>> START com.android.internal.os.RuntimeInit uid 2000 <<<<<<
08-05 21:53:30.709 17005 17005 D AndroidRuntime: CheckJNI is OFF
08-05 21:53:30.751 16090 16111 I art     : Explicit concurrent mark sweep GC freed 1293(75KB) AllocSpace objects, 1(20KB) LOS objects, 30% free, 36MB/52MB, paused 520us total 83.144ms
08-05 21:53:30.756 17005 17005 D ICU     : No timezone override file found: /data/misc/zoneinfo/current/icu/icu_tzdata.dat
08-05 21:53:30.775 16090 16111 I art     : Starting a blocking GC Explicit
08-05 21:53:30.803 17005 17005 I Radio-JNI: register_android_hardware_Radio DONE
08-05 21:53:30.832 17005 17005 D AndroidRuntime: Calling main entry com.android.commands.input.Input
08-05 21:53:30.834 17005 17005 I Input   : injectMotionEvent: MotionEvent { action=ACTION_DOWN, actionButton=0, id[0]=0, x[0]=481.0, y[0]=544.0, toolType[0]=TOOL_TYPE_UNKNOWN, buttonState=0, metaState=0, flags=0x0, edgeFlags=0x0, pointerCount=1, historySize=0, eventTime=827627246, downTime=827627246, deviceId=0, source=0x1002 }
08-05 21:53:30.841 17005 17005 I Input   : injectMotionEvent: MotionEvent { action=ACTION_UP, actionButton=0, id[0]=0, x[0]=481.0, y[0]=544.0, toolType[0]=TOOL_TYPE_UNKNOWN, buttonState=0, metaState=0, flags=0x0, edgeFlags=0x0, pointerCount=1, historySize=0, eventTime=827627246, downTime=827627246, deviceId=0, source=0x1002 }
08-05 21:53:30.843 17005 17005 D AndroidRuntime: Shutting down VM
08-05 21:53:30.846 16090 16111 I art     : Explicit concurrent mark sweep GC freed 51(1664B) AllocSpace objects, 0(0B) LOS objects, 30% free, 36MB/52MB, paused 498us total 71.173ms
08-05 21:53:30.871 16090 16111 I art     : Starting a blocking GC Explicit
08-05 21:53:30.934 16090 16111 I art     : Explicit concurrent mark sweep GC freed 629(27KB) AllocSpace objects, 0(0B) LOS objects, 30% free, 36MB/52MB, paused 565us total 62.990ms
08-05 21:53:30.957 16090 16111 I art     : Starting a blocking GC Explicit
08-05 21:53:31.020 16090 16111 I art     : Explicit concurrent mark sweep GC freed 160(7KB) AllocSpace objects, 0(0B) LOS objects, 30% free, 36MB/52MB, paused 469us total 62.335ms
08-05 21:53:31.042 16090 16111 I art     : Starting a blocking GC Explicit
08-05 21:53:31.107 16090 16111 I art     : Explicit concurrent mark sweep GC freed 21(912B) AllocSpace objects, 0(0B) LOS objects, 30% free, 36MB/52MB, paused 472us total 64.543ms
08-05 21:53:31.391 15748 15748 I ServiceManager: Waiting for service AtCmdFwd...
08-05 21:53:31.414 16090 16103 I art     : Starting a blocking GC Explicit
08-05 21:53:31.492 16090 16103 I art     : Explicit concurrent mark sweep GC freed 1630(90KB) AllocSpace objects, 1(20KB) LOS objects, 30% free, 36MB/52MB, paused 431us total 77.749ms
08-05 21:53:31.517 16090 16103 I art     : Starting a blocking GC Explicit
08-05 21:53:31.580 16090 16103 I art     : Explicit concurrent mark sweep GC freed 35(1232B) AllocSpace objects, 0(0B) LOS objects, 30% free, 36MB/52MB, paused 434us total 62.708ms
08-05 21:53:31.603 16090 16103 I art     : Starting a blocking GC Explicit
08-05 21:53:31.674 16090 16103 I art     : Explicit concurrent mark sweep GC freed 3(96B) AllocSpace objects, 0(0B) LOS objects, 30% free, 36MB/52MB, paused 477us total 70.658ms
08-05 21:53:31.699 16090 16103 I art     : Starting a blocking GC Explicit
08-05 21:53:31.725   918  3261 D WifiStateMachine: starting scan for "H369AA63323"WPA_PSK with 2412,5180
08-05 21:53:31.770 16090 16103 I art     : Explicit concurrent mark sweep GC freed 3(96B) AllocSpace objects, 0(0B) LOS objects, 30% free, 36MB/52MB, paused 465us total 71.069ms
08-05 21:53:31.794 16090 16103 I art     : Starting a blocking GC Explicit
08-05 21:53:31.864 16090 16103 I art     : Explicit concurrent mark sweep GC freed 3(96B) AllocSpace objects, 0(0B) LOS objects, 30% free, 36MB/52MB, paused 485us total 69.706ms
08-05 21:53:32.194 16090 16101 I art     : Starting a blocking GC Explicit
08-05 21:53:32.269 16090 16101 I art     : Explicit concurrent mark sweep GC freed 1293(75KB) AllocSpace objects, 1(20KB) LOS objects, 30% free, 36MB/52MB, paused 473us total 74.716ms
08-05 21:53:32.294 16090 16101 I art     : Starting a blocking GC Explicit
08-05 21:53:32.361 16090 16101 I art     : Explicit concurrent mark sweep GC freed 18(624B) AllocSpace objects, 0(0B) LOS objects, 30% free, 36MB/52MB, paused 469us total 67.154ms
08-05 21:53:32.385 16090 16101 I art     : Starting a blocking GC Explicit
08-05 21:53:32.392 15748 15748 I ServiceManager: Waiting for service AtCmdFwd...
08-05 21:53:32.453 16090 16101 I art     : Explicit concurrent mark sweep GC freed 3(96B) AllocSpace objects, 0(0B) LOS objects, 30% free, 36MB/52MB, paused 453us total 67.775ms
08-05 21:53:32.476 16090 16101 I art     : Starting a blocking GC Explicit
08-05 21:53:32.549 16090 16101 I art     : Explicit concurrent mark sweep GC freed 6(192B) AllocSpace objects, 0(0B) LOS objects, 30% free, 36MB/52MB, paused 434us total 72.584ms
08-05 21:53:32.576 16090 16101 I art     : Starting a blocking GC Explicit
08-05 21:53:32.644 16090 16101 I art     : Explicit concurrent mark sweep GC freed 15(480B) AllocSpace objects, 0(0B) LOS objects, 30% free, 36MB/52MB, paused 455us total 68.577ms
08-05 21:53:32.647 17045 17045 D AndroidRuntime: >>>>>> START com.android.internal.os.RuntimeInit uid 2000 <<<<<<
08-05 21:53:32.653 17045 17045 D AndroidRuntime: CheckJNI is OFF
08-05 21:53:32.696 17045 17045 D ICU     : No timezone override file found: /data/misc/zoneinfo/current/icu/icu_tzdata.dat
08-05 21:53:32.739 17045 17045 I Radio-JNI: register_android_hardware_Radio DONE
08-05 21:53:32.768 17045 17045 D AndroidRuntime: Calling main entry com.android.commands.input.Input
08-05 21:53:32.770 17045 17045 I Input   : injectMotionEvent: MotionEvent { action=ACTION_DOWN, actionButton=0, id[0]=0, x[0]=310.0, y[0]=906.0, toolType[0]=TOOL_TYPE_UNKNOWN, buttonState=0, metaState=0, flags=0x0, edgeFlags=0x0, pointerCount=1, historySize=0, eventTime=827629182, downTime=827629182, deviceId=0, source=0x1002 }
08-05 21:53:32.779 17045 17045 I Input   : injectMotionEvent: MotionEvent { action=ACTION_UP, actionButton=0, id[0]=0, x[0]=310.0, y[0]=906.0, toolType[0]=TOOL_TYPE_UNKNOWN, buttonState=0, metaState=0, flags=0x0, edgeFlags=0x0, pointerCount=1, historySize=0, eventTime=827629182, downTime=827629182, deviceId=0, source=0x1002 }
08-05 21:53:32.780 17045 17045 D AndroidRuntime: Shutting down VM
08-05 21:53:32.846   512  2967 D audio_hw_primary: out_set_parameters: enter: usecase(1: low-latency-playback) kvpairs: routing=2
08-05 21:53:32.859 13866 13866 I GoogleInputMethodServic: GoogleInputMethodService.onFinishInput():3138 
08-05 21:53:32.860   512  2967 D audio_hw_primary: select_devices: out_snd_device(2: speaker) in_snd_device(0: none)
08-05 21:53:32.860   512  2967 D msm8974_platform: platform_send_audio_calibration: sending audio calibration for snd_device(2) acdb_id(15)
08-05 21:53:32.860   512  2967 I soundtrigger: audio_extn_sound_trigger_update_device_status: device 0x2 of type 0 for Event 1
08-05 21:53:32.860 13866 13866 I GoogleInputMethodServic: GoogleInputMethodService.onStartInput():1808 
08-05 21:53:32.874   512  2967 D audio_hw_primary: enable_snd_device: snd_device(2: speaker)
08-05 21:53:32.876 13866 13866 I GoogleInputMethodServic: GoogleInputMethodService.onFinishInput():3138 
08-05 21:53:32.876   512  2967 D audio_hw_primary: enable_audio_route: apply and update mixer path: low-latency-playback speaker
08-05 21:53:32.877 13866 13866 I GoogleInputMethodServic: GoogleInputMethodService.onStartInput():1808 
08-05 21:53:32.960 16090 16103 I art     : Starting a blocking GC Explicit
08-05 21:53:33.035 16090 16103 I art     : Explicit concurrent mark sweep GC freed 2265(119KB) AllocSpace objects, 1(20KB) LOS objects, 30% free, 36MB/52MB, paused 521us total 74.673ms
08-05 21:53:33.059 16090 16103 I art     : Starting a blocking GC Explicit
08-05 21:53:33.125 16090 16103 I art     : Explicit concurrent mark sweep GC freed 727(64KB) AllocSpace objects, 0(0B) LOS objects, 30% free, 36MB/52MB, paused 508us total 65.818ms
08-05 21:53:33.150 16090 16103 I art     : Starting a blocking GC Explicit
08-05 21:53:33.189 16090 16105 D OpenGLRenderer: endAllStagingAnimators on 0x7f78cc3000 (ListPopupWindow$DropDownListView) with handle 0x7f7d75a160
08-05 21:53:33.216 16090 16103 I art     : Explicit concurrent mark sweep GC freed 13(512B) AllocSpace objects, 0(0B) LOS objects, 30% free, 36MB/52MB, paused 473us total 65.915ms
08-05 21:53:33.239 16090 16103 I art     : Starting a blocking GC Explicit
08-05 21:53:33.303 16090 16103 I art     : Explicit concurrent mark sweep GC freed 119(5KB) AllocSpace objects, 0(0B) LOS objects, 30% free, 36MB/52MB, paused 463us total 63.325ms
08-05 21:53:33.325 16090 16103 I art     : Starting a blocking GC Explicit
08-05 21:53:33.392 15748 15748 W Atfwd_Sendcmd: AtCmdFwd service not published, waiting... retryCnt : 2
08-05 21:53:33.395 16090 16103 I art     : Explicit concurrent mark sweep GC freed 482(31KB) AllocSpace objects, 0(0B) LOS objects, 30% free, 36MB/52MB, paused 477us total 69.097ms
08-05 21:53:33.429   512  2967 D audio_hw_primary: disable_audio_route: reset and update mixer path: low-latency-playback speaker
08-05 21:53:33.430   512  2967 D audio_hw_primary: disable_snd_device: snd_device(2: speaker)
08-05 21:53:33.437   512  2967 I soundtrigger: audio_extn_sound_trigger_update_device_status: device 0x2 of type 0 for Event 0
08-05 21:53:33.727 16090 16310 I art     : Starting a blocking GC Explicit
08-05 21:53:33.823 16090 16310 I art     : Explicit concurrent mark sweep GC freed 1337(77KB) AllocSpace objects, 1(20KB) LOS objects, 30% free, 36MB/52MB, paused 515us total 95.012ms
08-05 21:53:33.847 16090 16310 I art     : Starting a blocking GC Explicit
08-05 21:53:33.914 16090 16310 I art     : Explicit concurrent mark sweep GC freed 18(624B) AllocSpace objects, 0(0B) LOS objects, 30% free, 36MB/52MB, paused 480us total 66.896ms
08-05 21:53:33.938 16090 16310 I art     : Starting a blocking GC Explicit
08-05 21:53:34.010 16090 16310 I art     : Explicit concurrent mark sweep GC freed 3(96B) AllocSpace objects, 0(0B) LOS objects, 30% free, 36MB/52MB, paused 455us total 71.939ms
08-05 21:53:34.034 16090 16310 I art     : Starting a blocking GC Explicit
08-05 21:53:34.046 13866 13882 I PeriodicStatsRunner: PeriodicStatsRunner.call():175 call()
08-05 21:53:34.047 13866 13882 I PeriodicStatsRunner: PeriodicStatsRunner.call():179 No submit PeriodicStats since input started.
08-05 21:53:34.054 13866 13882 I PeriodicStatsRunner: PeriodicStatsRunner.call():175 call()
08-05 21:53:34.054 13866 13882 I PeriodicStatsRunner: PeriodicStatsRunner.call():179 No submit PeriodicStats since input started.
08-05 21:53:34.098 16090 16310 I art     : Explicit concurrent mark sweep GC freed 3(96B) AllocSpace objects, 0(0B) LOS objects, 30% free, 36MB/52MB, paused 490us total 63.953ms
08-05 21:53:34.121 16090 16310 I art     : Starting a blocking GC Explicit
08-05 21:53:34.188 16090 16310 I art     : Explicit concurrent mark sweep GC freed 3(96B) AllocSpace objects, 0(0B) LOS objects, 30% free, 36MB/52MB, paused 480us total 67.202ms
08-05 21:53:34.505 16090 16111 I art     : Starting a blocking GC Explicit
08-05 21:53:34.554 17083 17083 D AndroidRuntime: >>>>>> START com.android.internal.os.RuntimeInit uid 2000 <<<<<<
08-05 21:53:34.560 17083 17083 D AndroidRuntime: CheckJNI is OFF
08-05 21:53:34.583 16090 16111 I art     : Explicit concurrent mark sweep GC freed 1293(75KB) AllocSpace objects, 1(20KB) LOS objects, 30% free, 36MB/52MB, paused 472us total 78.291ms
08-05 21:53:34.606 16090 16111 I art     : Starting a blocking GC Explicit
08-05 21:53:34.609 17083 17083 D ICU     : No timezone override file found: /data/misc/zoneinfo/current/icu/icu_tzdata.dat
08-05 21:53:34.652 17083 17083 I Radio-JNI: register_android_hardware_Radio DONE
08-05 21:53:34.676 16090 16111 I art     : Explicit concurrent mark sweep GC freed 18(624B) AllocSpace objects, 0(0B) LOS objects, 30% free, 36MB/52MB, paused 503us total 69.707ms
08-05 21:53:34.681 17083 17083 D AndroidRuntime: Calling main entry com.android.commands.input.Input
08-05 21:53:34.684 17083 17083 I Input   : injectMotionEvent: MotionEvent { action=ACTION_DOWN, actionButton=0, id[0]=0, x[0]=648.0, y[0]=709.0, toolType[0]=TOOL_TYPE_UNKNOWN, buttonState=0, metaState=0, flags=0x0, edgeFlags=0x0, pointerCount=1, historySize=0, eventTime=827631096, downTime=827631096, deviceId=0, source=0x1002 }
08-05 21:53:34.692 17083 17083 I Input   : injectMotionEvent: MotionEvent { action=ACTION_UP, actionButton=0, id[0]=0, x[0]=648.0, y[0]=709.0, toolType[0]=TOOL_TYPE_UNKNOWN, buttonState=0, metaState=0, flags=0x0, edgeFlags=0x0, pointerCount=1, historySize=0, eventTime=827631096, downTime=827631096, deviceId=0, source=0x1002 }
08-05 21:53:34.694 17083 17083 D AndroidRuntime: Shutting down VM
08-05 21:53:34.699 16090 16111 I art     : Starting a blocking GC Explicit
08-05 21:53:34.760   512  2967 D audio_hw_primary: out_set_parameters: enter: usecase(1: low-latency-playback) kvpairs: routing=2
08-05 21:53:34.768 16090 16111 I art     : Explicit concurrent mark sweep GC freed 132(11KB) AllocSpace objects, 1(20KB) LOS objects, 30% free, 36MB/52MB, paused 708us total 69.268ms
08-05 21:53:34.773   512  2967 D audio_hw_primary: select_devices: out_snd_device(2: speaker) in_snd_device(0: none)
08-05 21:53:34.773   512  2967 D msm8974_platform: platform_send_audio_calibration: sending audio calibration for snd_device(2) acdb_id(15)
08-05 21:53:34.773   512  2967 I soundtrigger: audio_extn_sound_trigger_update_device_status: device 0x2 of type 0 for Event 1
08-05 21:53:34.785   512  2967 D audio_hw_primary: enable_snd_device: snd_device(2: speaker)
08-05 21:53:34.787   512  2967 D audio_hw_primary: enable_audio_route: apply and update mixer path: low-latency-playback speaker
08-05 21:53:34.790 16090 16111 I art     : Starting a blocking GC Explicit
08-05 21:53:34.850 16090 16111 I art     : Explicit concurrent mark sweep GC freed 636(45KB) AllocSpace objects, 0(0B) LOS objects, 30% free, 36MB/52MB, paused 508us total 59.998ms
08-05 21:53:34.871 16090 16111 I art     : Starting a blocking GC Explicit
08-05 21:53:34.935 16090 16111 I art     : Explicit concurrent mark sweep GC freed 137(6KB) AllocSpace objects, 0(0B) LOS objects, 30% free, 36MB/52MB, paused 492us total 63.885ms
08-05 21:53:34.992   918   927 I art     : Background partial concurrent mark sweep GC freed 92415(10MB) AllocSpace objects, 169(3MB) LOS objects, 18% free, 69MB/85MB, paused 2.757ms total 230.807ms
08-05 21:53:35.268 16090 16103 I art     : Starting a blocking GC Explicit
08-05 21:53:35.331   512  2967 D audio_hw_primary: disable_audio_route: reset and update mixer path: low-latency-playback speaker
08-05 21:53:35.333   512  2967 D audio_hw_primary: disable_snd_device: snd_device(2: speaker)
08-05 21:53:35.342   512  2967 I soundtrigger: audio_extn_sound_trigger_update_device_status: device 0x2 of type 0 for Event 0
08-05 21:53:35.352 16090 16103 I art     : Explicit concurrent mark sweep GC freed 1299(75KB) AllocSpace objects, 1(20KB) LOS objects, 30% free, 36MB/52MB, paused 474us total 83.806ms
08-05 21:53:35.381 16090 16103 I art     : Starting a blocking GC Explicit
08-05 21:53:35.460 16090 16103 I art     : Explicit concurrent mark sweep GC freed 54(1936B) AllocSpace objects, 0(0B) LOS objects, 30% free, 36MB/52MB, paused 468us total 78.234ms
08-05 21:53:35.489 16090 16103 I art     : Starting a blocking GC Explicit
08-05 21:53:35.563 16090 16103 I art     : Explicit concurrent mark sweep GC freed 5(160B) AllocSpace objects, 0(0B) LOS objects, 30% free, 36MB/52MB, paused 502us total 74.479ms
08-05 21:53:35.592 16090 16103 I art     : Starting a blocking GC Explicit
08-05 21:53:35.663 16090 16103 I art     : Explicit concurrent mark sweep GC freed 3(96B) AllocSpace objects, 0(0B) LOS objects, 30% free, 36MB/52MB, paused 468us total 71.297ms
08-05 21:53:35.687 16090 16103 I art     : Starting a blocking GC Explicit
08-05 21:53:35.759 16090 16103 I art     : Explicit concurrent mark sweep GC freed 5(160B) AllocSpace objects, 0(0B) LOS objects, 30% free, 36MB/52MB, paused 453us total 71.869ms
08-05 21:53:36.079 16090 16101 I art     : Starting a blocking GC Explicit
08-05 21:53:36.164 16090 16101 I art     : Explicit concurrent mark sweep GC freed 1294(75KB) AllocSpace objects, 1(20KB) LOS objects, 30% free, 36MB/52MB, paused 454us total 84.213ms
08-05 21:53:36.187 16090 16101 I art     : Starting a blocking GC Explicit
08-05 21:53:36.256 16090 16101 I art     : Explicit concurrent mark sweep GC freed 18(624B) AllocSpace objects, 0(0B) LOS objects, 30% free, 36MB/52MB, paused 463us total 68.406ms
08-05 21:53:36.279 16090 16101 I art     : Starting a blocking GC Explicit
08-05 21:53:36.348 16090 16101 I art     : Explicit concurrent mark sweep GC freed 3(96B) AllocSpace objects, 0(0B) LOS objects, 30% free, 36MB/52MB, paused 486us total 68.621ms
08-05 21:53:36.370 16090 16101 I art     : Starting a blocking GC Explicit
08-05 21:53:36.445 16090 16101 I art     : Explicit concurrent mark sweep GC freed 8(256B) AllocSpace objects, 0(0B) LOS objects, 30% free, 36MB/52MB, paused 536us total 74.759ms
08-05 21:53:36.474 16090 16101 I art     : Starting a blocking GC Explicit
08-05 21:53:36.498 17118 17118 D AndroidRuntime: >>>>>> START com.android.internal.os.RuntimeInit uid 2000 <<<<<<
08-05 21:53:36.504 17118 17118 D AndroidRuntime: CheckJNI is OFF
08-05 21:53:36.547 16090 16101 I art     : Explicit concurrent mark sweep GC freed 16(512B) AllocSpace objects, 0(0B) LOS objects, 30% free, 36MB/52MB, paused 533us total 73.409ms
08-05 21:53:36.549 17118 17118 D ICU     : No timezone override file found: /data/misc/zoneinfo/current/icu/icu_tzdata.dat
08-05 21:53:36.593 17118 17118 I Radio-JNI: register_android_hardware_Radio DONE
08-05 21:53:36.621 17118 17118 D AndroidRuntime: Calling main entry com.android.commands.input.Input
08-05 21:53:36.624 17118 17118 I Input   : injectMotionEvent: MotionEvent { action=ACTION_DOWN, actionButton=0, id[0]=0, x[0]=1197.0, y[0]=1456.0, toolType[0]=TOOL_TYPE_UNKNOWN, buttonState=0, metaState=0, flags=0x0, edgeFlags=0x0, pointerCount=1, historySize=0, eventTime=827633037, downTime=827633037, deviceId=0, source=0x1002 }
08-05 21:53:36.631 17118 17118 I Input   : injectMotionEvent: MotionEvent { action=ACTION_UP, actionButton=0, id[0]=0, x[0]=1197.0, y[0]=1456.0, toolType[0]=TOOL_TYPE_UNKNOWN, buttonState=0, metaState=0, flags=0x0, edgeFlags=0x0, pointerCount=1, historySize=0, eventTime=827633037, downTime=827633037, deviceId=0, source=0x1002 }
08-05 21:53:36.632 17118 17118 D AndroidRuntime: Shutting down VM
08-05 21:53:36.647   512  2967 D audio_hw_primary: out_set_parameters: enter: usecase(1: low-latency-playback) kvpairs: routing=2
08-05 21:53:36.660   512  2967 D audio_hw_primary: select_devices: out_snd_device(2: speaker) in_snd_device(0: none)
08-05 21:53:36.660   512  2967 D msm8974_platform: platform_send_audio_calibration: sending audio calibration for snd_device(2) acdb_id(15)
08-05 21:53:36.660   512  2967 I soundtrigger: audio_extn_sound_trigger_update_device_status: device 0x2 of type 0 for Event 1
08-05 21:53:36.669 16090 16105 D OpenGLRenderer: endAllStagingAnimators on 0x7f94a58c00 (RippleDrawable) with handle 0x7f7d75a160
08-05 21:53:36.673   512  2967 D audio_hw_primary: enable_snd_device: snd_device(2: speaker)
08-05 21:53:36.676   512  2967 D audio_hw_primary: enable_audio_route: apply and update mixer path: low-latency-playback speaker
08-05 21:53:36.678 16090 16090 I SettingsManager: Setting string: savedCourse
08-05 21:53:36.691   918  3670 W BackupManagerService: dataChanged but no participant pkg='baseline.com.ak.uobtimetable' uid=10684
08-05 21:53:36.693   918  3359 I ActivityManager: START u0 {flg=0x4000000 cmp=baseline.com.ak.uobtimetable/.MainActivity (has extras)} from uid 10684 on display 0
08-05 21:53:36.707   918  3696 W InputMethodManagerService: Focus gain on non-focused client com.android.internal.view.IInputMethodClient$Stub$Proxy@6ef4823 (uid=10684 pid=16090)
08-05 21:53:36.726 16090 16090 D MainActivity: OnDestroy
08-05 21:53:36.752 16090 16090 D MainActivity: onCreate
08-05 21:53:36.753 16090 16090 I SettingsManager: Getting string: savedSessions
08-05 21:53:36.753 16090 16090 I SettingsManager: Getting string: savedSessions
08-05 21:53:36.762 16090 16090 I SettingsManager: Getting string: savedSessionsCourseName
08-05 21:53:36.763 16090 16090 I SettingsManager: Getting string: savedSessionsCourseName
08-05 21:53:36.763 16090 16090 I SettingsManager: Getting string: savedSessionsDateRange
08-05 21:53:36.763 16090 16090 I SettingsManager: Getting string: savedSessionsDateRange
08-05 21:53:36.763 16090 16090 I Settings: 10 saved sessions - Bedfordshire International and EU Foundation Year - Int Foun - Ltn - Y0 Feb FT - Weeks: 24-38 (8 Jun 2020-20 Sep 2020)
08-05 21:53:36.807 16090 16090 I SettingsManager: Getting string: savedCourse
08-05 21:53:36.808 16090 16090 D MainActivity: sessionListFragmentArg: updateSessions
08-05 21:53:36.808 16090 16090 D MainActivity: showTermDatesConfigChange: false
08-05 21:53:36.808 16090 16090 D MainActivity: showTermDatesShortcut: false
08-05 21:53:36.809 16090 16090 D MainActivity: Setting initial fragment: SessionListsFragment
08-05 21:53:36.810 16090 16090 I SettingsManager: Getting int: launchCount
08-05 21:53:36.811 16090 16090 D SessionListsFragment: onCreateView
08-05 21:53:36.815 16090 16090 I SettingsManager: Getting string: savedCourse
08-05 21:53:36.819 16090 16090 I SettingsManager: Getting string: savedSessions
08-05 21:53:36.829 16090 16090 D SessionListsFragment: loadArgument: updateSessions
08-05 21:53:36.829 16090 16090 D SessionListsFragment: initialIndex: -1
08-05 21:53:36.831 16090 17152 D HTTP    : Request for: https://uob-timetable-api.adriankeenan.co.uk/sessions?dept=CM010&course=BSAIFAAF%2F02AA%2F0%2FFT&level=Foundation+Year
08-05 21:53:36.853 16090 16090 D TermDatesFragment: WebView loaded
08-05 21:53:36.854 16090 16090 D MainActivity: OnResume
08-05 21:53:36.860 16090 16111 I art     : Starting a blocking GC Explicit
08-05 21:53:36.879 16090 16090 I TermDatesFragment: Webview load %: 10
08-05 21:53:36.948 16090 16111 I art     : Explicit concurrent mark sweep GC freed 21643(1043KB) AllocSpace objects, 4(1380KB) LOS objects, 30% free, 37MB/53MB, paused 1.030ms total 87.020ms
08-05 21:53:36.970 16090 16111 I art     : Starting a blocking GC Explicit
08-05 21:53:36.994 13866 13866 I GoogleInputMethodServic: GoogleInputMethodService.onFinishInput():3138 
08-05 21:53:36.995 13866 13866 I GoogleInputMethodServic: GoogleInputMethodService.onStartInput():1808 
08-05 21:53:36.995   918   936 I ActivityManager: Displayed baseline.com.ak.uobtimetable/.MainActivity: +284ms
08-05 21:53:37.029 16090 16111 I art     : Explicit concurrent mark sweep GC freed 28042(1279KB) AllocSpace objects, 5(192KB) LOS objects, 30% free, 35MB/51MB, paused 681us total 58.520ms
08-05 21:53:37.048 16090 16111 I art     : Starting a blocking GC Explicit
08-05 21:53:37.072 16090 16090 I TermDatesFragment: Webview load %: 70
08-05 21:53:37.082 16090 16090 I TermDatesFragment: Webview load %: 100
08-05 21:53:37.083 16090 16090 I TermDatesFragment: Webview load %: 100
08-05 21:53:37.100 16090 16111 I art     : Explicit concurrent mark sweep GC freed 1171(83KB) AllocSpace objects, 1(40KB) LOS objects, 30% free, 35MB/51MB, paused 524us total 51.727ms
08-05 21:53:37.119 16090 16111 I art     : Starting a blocking GC Explicit
08-05 21:53:37.174 16090 16111 I art     : Explicit concurrent mark sweep GC freed 2359(126KB) AllocSpace objects, 3(200KB) LOS objects, 30% free, 36MB/52MB, paused 920us total 54.251ms
08-05 21:53:37.195 16090 16111 I art     : Starting a blocking GC Explicit
08-05 21:53:37.208   512  2967 D audio_hw_primary: disable_audio_route: reset and update mixer path: low-latency-playback speaker
08-05 21:53:37.210   512  2967 D audio_hw_primary: disable_snd_device: snd_device(2: speaker)
08-05 21:53:37.218   512  2967 I soundtrigger: audio_extn_sound_trigger_update_device_status: device 0x2 of type 0 for Event 0
08-05 21:53:37.234 16090 17152 I NAPPA_EXPERIMENTATION: MetricNetworkRequestExecutionTime: REQUEST_DURATION_SYSTEM='401',REQUEST_DURATION_OKHTTP='63',REQUEST_SYNCHRONOUS='TRUE',RESPONSE_CODE='200',RESPONSE_METHOD='GET',RESPONSE_LENGTH_OKHTTP='-1',RESPONSE_LENGTH_HEADER='1214',REQUEST_PROTOCOL='http/1.1',REQUEST_URL='https://uob-timetable-api.adriankeenan.co.uk/sessions?dept=CM010&course=BSAIFAAF%2F02AA%2F0%2FFT&level=Foundation+Year',
08-05 21:53:37.250 16090 16111 I art     : Explicit concurrent mark sweep GC freed 1119(133KB) AllocSpace objects, 0(0B) LOS objects, 30% free, 35MB/51MB, paused 648us total 54.946ms
08-05 21:53:37.271 16090 17152 I HTTP    : Response was compressed.
08-05 21:53:37.288 16090 17152 I Service : getSessions response time: 1.10
08-05 21:53:37.296 16090 16090 I SettingsManager: Getting string: savedSessions
08-05 21:53:37.297 16090 16090 I SettingsManager: Getting string: savedSessions
08-05 21:53:37.307 16090 16090 I Service : Sessions updated: 10
08-05 21:53:37.308 16090 16090 I Service : Sessions removed from new list: 0
08-05 21:53:37.318 16090 16090 I SettingsManager: Setting string: savedSessions
08-05 21:53:37.327   918  3670 W BackupManagerService: dataChanged but no participant pkg='baseline.com.ak.uobtimetable' uid=10684
08-05 21:53:37.328 16090 16090 I SettingsManager: Setting date: savedSessionsTime
08-05 21:53:37.335   918  5481 W BackupManagerService: dataChanged but no participant pkg='baseline.com.ak.uobtimetable' uid=10684
08-05 21:53:37.335 16090 16090 I SettingsManager: Setting string: savedSessionsCourseName
08-05 21:53:37.342   918  3696 W BackupManagerService: dataChanged but no participant pkg='baseline.com.ak.uobtimetable' uid=10684
08-05 21:53:37.343 16090 16090 I SettingsManager: Setting string: savedSessionsDateRange
08-05 21:53:37.343   918  3714 W BackupManagerService: dataChanged but no participant pkg='baseline.com.ak.uobtimetable' uid=10684
08-05 21:53:37.343 16090 16090 I SettingsManager: Setting string: timetableUrl
08-05 21:53:37.343   918   929 W BackupManagerService: dataChanged but no participant pkg='baseline.com.ak.uobtimetable' uid=10684
08-05 21:53:37.344 16090 16090 I SettingsManager: Getting boolean: notifySessionRemindersEnabled
08-05 21:53:37.344 16090 16090 I SettingsManager: Getting int: notifySessionRemindersMinutes
08-05 21:53:37.344 16090 16090 I SettingsManager: Getting boolean: showHiddenSessions
08-05 21:53:37.346 16090 16090 I SessionReminderNotifier: Created session reminder alarm for f7b4771250a919bd729c1c5a4a459c77 at Mon 08:30:00 10/08/20
08-05 21:53:37.349 16090 16090 I SessionReminderNotifier: Created session reminder alarm for a7f879aabdeb78622c8820a5fb7b64cd at Tue 08:30:00 11/08/20
08-05 21:53:37.351 16090 16090 I SessionReminderNotifier: Created session reminder alarm for 7bc8d7e2c2055711f597c3d9078c6ea3 at Tue 08:30:00 11/08/20
08-05 21:53:37.353 16090 16090 I SessionReminderNotifier: Created session reminder alarm for 53c0527a6f009a1f2fd223834d3bfe51 at Tue 10:30:00 11/08/20
08-05 21:53:37.356 16090 16090 I SessionReminderNotifier: Created session reminder alarm for e0fc978b5db8218778540b4053344581 at Tue 11:00:00 11/08/20
08-05 21:53:37.358 16090 16090 I SessionReminderNotifier: Created session reminder alarm for 199afb0100f329ff65a09e1b0cd9deba at Tue 11:30:00 11/08/20
08-05 21:53:37.361 16090 16090 I SessionReminderNotifier: Created session reminder alarm for 21712fef61090882c855a1425543edb5 at Tue 13:30:00 11/08/20
08-05 21:53:37.363 16090 16090 I SessionReminderNotifier: Created session reminder alarm for 65ca4d97f031f29a4d02bbb45a705d8f at Wed 08:30:00 12/08/20
08-05 21:53:37.366 16090 16090 I SessionReminderNotifier: Created session reminder alarm for eeda7741b0bcab58fd9f46dc6ef1d942 at Wed 08:30:00 12/08/20
08-05 21:53:37.369 16090 16090 I SessionReminderNotifier: Created session reminder alarm for c276c1b2075a0beb67f1b3d1e580f920 at Wed 11:00:00 12/08/20
08-05 21:53:37.371 16090 16090 I SessionReminderNotifier: Created session reminder alarm for 8b1f3627e42ae13a6f6ba0a83903dde1 at Wed 13:30:00 12/08/20
08-05 21:53:37.374 16090 16090 I SessionReminderNotifier: Created session reminder alarm for 79fe0b5c3b887a13ba29db5a33fa2800 at Thu 08:30:00 06/08/20
08-05 21:53:37.376 16090 16090 I SessionReminderNotifier: Created session reminder alarm for cb9dfc8231cdba2be0835dc5709690e1 at Thu 08:30:00 06/08/20
08-05 21:53:37.378 16090 16090 I SessionReminderNotifier: Created session reminder alarm for f850dc24d6de60b7b89fa9e1a8c224c5 at Thu 12:00:00 06/08/20
08-05 21:53:37.380 16090 16090 I SessionReminderNotifier: Created session reminder alarm for 2ba1034116e4fffdd592dbf0796a43d5 at Fri 08:30:00 07/08/20
08-05 21:53:37.380 16090 16090 I SettingsManager: Getting boolean: showHiddenSessions
08-05 21:53:37.381 16090 16090 D SessionListsFragment: 1 sessions for day 0
08-05 21:53:37.381 16090 16090 D SessionListsFragment: 6 sessions for day 1
08-05 21:53:37.381 16090 16090 D SessionListsFragment: 4 sessions for day 2
08-05 21:53:37.381 16090 16090 D SessionListsFragment: 3 sessions for day 3
08-05 21:53:37.381 16090 16090 D SessionListsFragment: 1 sessions for day 4
08-05 21:53:37.426 16090 16090 I SettingsManager: Getting boolean: showHiddenSessions
08-05 21:53:37.427 16090 16090 D SessionListsFragment: Refreshed ViewPager
08-05 21:53:37.427 16090 16090 I SettingsManager: Getting boolean: showHiddenSessions
08-05 21:53:37.428 16090 16090 I SettingsManager: Getting boolean: completedTutorial
08-05 21:53:37.428 16090 16090 I SettingsManager: Getting boolean: showHiddenSessions
08-05 21:53:37.428 16090 16090 I SettingsManager: Getting date: savedSessionsTime
08-05 21:53:37.556 16090 16111 I art     : Starting a blocking GC Explicit
08-05 21:53:37.639 16090 16111 I art     : Explicit concurrent mark sweep GC freed 73709(3MB) AllocSpace objects, 6(112KB) LOS objects, 30% free, 36MB/52MB, paused 1.300ms total 83.402ms
08-05 21:53:37.662 16090 16111 I art     : Starting a blocking GC Explicit
08-05 21:53:37.718 16090 16111 I art     : Explicit concurrent mark sweep GC freed 143072(12MB) AllocSpace objects, 3(136KB) LOS objects, 38% free, 25MB/41MB, paused 1.166ms total 55.457ms
08-05 21:53:37.731 16090 16111 I art     : Starting a blocking GC Explicit
08-05 21:53:37.766 16090 16111 I art     : Explicit concurrent mark sweep GC freed 22006(905KB) AllocSpace objects, 0(0B) LOS objects, 38% free, 25MB/41MB, paused 1.033ms total 34.565ms
08-05 21:53:37.780 16090 16111 I art     : Starting a blocking GC Explicit
08-05 21:53:37.815 16090 16111 I art     : Explicit concurrent mark sweep GC freed 13999(588KB) AllocSpace objects, 0(0B) LOS objects, 38% free, 25MB/41MB, paused 1.182ms total 34.337ms
08-05 21:53:37.827 16090 16111 I art     : Starting a blocking GC Explicit
08-05 21:53:37.860 13866 13882 I PeriodicStatsRunner: PeriodicStatsRunner.call():175 call()
08-05 21:53:37.860 13866 13882 I PeriodicStatsRunner: PeriodicStatsRunner.call():179 No submit PeriodicStats since input started.
08-05 21:53:37.862 16090 16111 I art     : Explicit concurrent mark sweep GC freed 15976(646KB) AllocSpace objects, 0(0B) LOS objects, 38% free, 25MB/41MB, paused 1.200ms total 34.964ms
08-05 21:53:37.877 13866 13882 I PeriodicStatsRunner: PeriodicStatsRunner.call():175 call()
08-05 21:53:37.877 13866 13882 I PeriodicStatsRunner: PeriodicStatsRunner.call():179 No submit PeriodicStats since input started.
08-05 21:53:38.158 16090 16101 I art     : Starting a blocking GC Explicit
08-05 21:53:38.214 16090 16101 I art     : Explicit concurrent mark sweep GC freed 122993(4MB) AllocSpace objects, 1(20KB) LOS objects, 37% free, 26MB/42MB, paused 1.201ms total 56.236ms
08-05 21:53:38.230 16090 16101 I art     : Starting a blocking GC Explicit
08-05 21:53:38.272 16090 16101 I art     : Explicit concurrent mark sweep GC freed 25715(1189KB) AllocSpace objects, 0(0B) LOS objects, 37% free, 26MB/42MB, paused 1.489ms total 41.705ms
08-05 21:53:38.281 16090 16090 I Choreographer: Skipped 50 frames!  The application may be doing too much work on its main thread.
08-05 21:53:38.285 16090 16101 I art     : Starting a blocking GC Explicit
08-05 21:53:38.323 16090 16101 I art     : Explicit concurrent mark sweep GC freed 1473(89KB) AllocSpace objects, 0(0B) LOS objects, 37% free, 26MB/42MB, paused 550us total 37.243ms
08-05 21:53:38.336 16090 16101 I art     : Starting a blocking GC Explicit
08-05 21:53:38.373 16090 16101 I art     : Explicit concurrent mark sweep GC freed 81(3KB) AllocSpace objects, 0(0B) LOS objects, 37% free, 26MB/42MB, paused 526us total 36.960ms
08-05 21:53:38.387 16090 16101 I art     : Starting a blocking GC Explicit
08-05 21:53:38.425 16090 16101 I art     : Explicit concurrent mark sweep GC freed 5(192B) AllocSpace objects, 0(0B) LOS objects, 37% free, 26MB/42MB, paused 498us total 37.275ms
08-05 21:53:38.777 16090 16103 I art     : Starting a blocking GC Explicit
08-05 21:53:38.807 24365 12324 I NetworkScheduler.Stats: Task com.google.android.gms/com.google.android.gms.icing.service.IcingGcmTaskService started execution. cause:4 exec_start_elapsed_seconds: 1811022 [CONTEXT service_id=218 ]
08-05 21:53:38.814 24365 17236 I NetworkScheduler.Stats: Task com.google.android.gms/com.google.android.gms.icing.service.IcingGcmTaskService finished executing. cause:4 result: 1 elapsed_millis: 27 uptime_millis: 27 exec_start_elapsed_seconds: 1811022 [CONTEXT service_id=218 ]
08-05 21:53:38.819 16090 16103 I art     : Explicit concurrent mark sweep GC freed 1518(85KB) AllocSpace objects, 1(20KB) LOS objects, 37% free, 26MB/42MB, paused 515us total 42.066ms
08-05 21:53:38.833 16090 16103 I art     : Starting a blocking GC Explicit
08-05 21:53:38.854 24365 12324 I NetworkScheduler.Stats: Task com.google.android.gms/com.google.android.gms.common.stats.net.NetworkReportService started execution. cause:5 exec_start_elapsed_seconds: 1811022 [CONTEXT service_id=218 ]
08-05 21:53:38.868 16090 16103 I art     : Explicit concurrent mark sweep GC freed 18(624B) AllocSpace objects, 0(0B) LOS objects, 37% free, 26MB/42MB, paused 969us total 35.145ms
08-05 21:53:38.881 16090 16103 I art     : Starting a blocking GC Explicit
08-05 21:53:38.916 16090 16103 I art     : Explicit concurrent mark sweep GC freed 3(96B) AllocSpace objects, 0(0B) LOS objects, 37% free, 26MB/42MB, paused 492us total 34.693ms
08-05 21:53:38.930 16090 16103 I art     : Starting a blocking GC Explicit
08-05 21:53:38.964 16090 16103 I art     : Explicit concurrent mark sweep GC freed 3(96B) AllocSpace objects, 0(0B) LOS objects, 37% free, 26MB/42MB, paused 485us total 34.601ms
08-05 21:53:38.978 16090 16103 I art     : Starting a blocking GC Explicit
08-05 21:53:39.013 16090 16103 I art     : Explicit concurrent mark sweep GC freed 5(224B) AllocSpace objects, 0(0B) LOS objects, 37% free, 26MB/42MB, paused 680us total 34.800ms
08-05 21:53:39.314 16090 16103 I art     : Starting a blocking GC Explicit
08-05 21:53:39.325   918   927 I art     : Background partial concurrent mark sweep GC freed 20480(1538KB) AllocSpace objects, 14(280KB) LOS objects, 18% free, 69MB/85MB, paused 2.024ms total 196.218ms
08-05 21:53:39.349 16090 16103 I art     : Explicit concurrent mark sweep GC freed 1442(80KB) AllocSpace objects, 1(20KB) LOS objects, 37% free, 26MB/42MB, paused 502us total 35.342ms
08-05 21:53:39.363 16090 16103 I art     : Starting a blocking GC Explicit
08-05 21:53:39.398 16090 16103 I art     : Explicit concurrent mark sweep GC freed 20(704B) AllocSpace objects, 0(0B) LOS objects, 37% free, 26MB/42MB, paused 516us total 34.400ms
08-05 21:53:39.411 16090 16103 I art     : Starting a blocking GC Explicit
08-05 21:53:39.446 16090 16103 I art     : Explicit concurrent mark sweep GC freed 11(400B) AllocSpace objects, 0(0B) LOS objects, 37% free, 26MB/42MB, paused 487us total 34.521ms
08-05 21:53:39.459 16090 16103 I art     : Starting a blocking GC Explicit
08-05 21:53:39.494 16090 16103 I art     : Explicit concurrent mark sweep GC freed 3(96B) AllocSpace objects, 0(0B) LOS objects, 37% free, 26MB/42MB, paused 486us total 34.532ms
08-05 21:53:39.507 16090 16103 I art     : Starting a blocking GC Explicit
08-05 21:53:39.542 16090 16103 I art     : Explicit concurrent mark sweep GC freed 3(96B) AllocSpace objects, 0(0B) LOS objects, 37% free, 26MB/42MB, paused 485us total 34.759ms
08-05 21:53:39.731 24365 17236 I NetworkScheduler.Stats: Task com.google.android.gms/com.google.android.gms.common.stats.net.NetworkReportService finished executing. cause:5 result: 1 elapsed_millis: 890 uptime_millis: 891 exec_start_elapsed_seconds: 1811022 [CONTEXT service_id=218 ]
08-05 21:53:39.835 16090 16101 I art     : Starting a blocking GC Explicit
08-05 21:53:39.877 16090 16101 I art     : Explicit concurrent mark sweep GC freed 1293(75KB) AllocSpace objects, 1(20KB) LOS objects, 37% free, 26MB/42MB, paused 546us total 40.922ms
08-05 21:53:39.891 16090 16101 I art     : Starting a blocking GC Explicit
08-05 21:53:39.926   918   927 I art     : Background partial concurrent mark sweep GC freed 3708(224KB) AllocSpace objects, 3(60KB) LOS objects, 18% free, 69MB/85MB, paused 2.014ms total 222.411ms
08-05 21:53:39.932 16090 16101 I art     : Explicit concurrent mark sweep GC freed 31(1152B) AllocSpace objects, 0(0B) LOS objects, 37% free, 26MB/42MB, paused 520us total 40.084ms
08-05 21:53:39.947 16090 16101 I art     : Starting a blocking GC Explicit
08-05 21:53:39.991 16090 16101 I art     : Explicit concurrent mark sweep GC freed 8(256B) AllocSpace objects, 0(0B) LOS objects, 37% free, 26MB/42MB, paused 528us total 44.497ms
08-05 21:53:40.007 16090 16101 I art     : Starting a blocking GC Explicit
08-05 21:53:40.053 16090 16101 I art     : Explicit concurrent mark sweep GC freed 16(688B) AllocSpace objects, 0(0B) LOS objects, 37% free, 26MB/42MB, paused 493us total 46.331ms
08-05 21:53:40.069 16090 16101 I art     : Starting a blocking GC Explicit
08-05 21:53:40.113 16090 16101 I art     : Explicit concurrent mark sweep GC freed 9(352B) AllocSpace objects, 0(0B) LOS objects, 37% free, 26MB/42MB, paused 490us total 44.322ms
08-05 21:53:40.465 16090 16103 I art     : Starting a blocking GC Explicit
08-05 21:53:40.517 16090 16103 I art     : Explicit concurrent mark sweep GC freed 1294(75KB) AllocSpace objects, 1(20KB) LOS objects, 37% free, 26MB/42MB, paused 547us total 51.335ms
08-05 21:53:40.536 16090 16103 I art     : Starting a blocking GC Explicit
08-05 21:53:40.581 16090 16103 I art     : Explicit concurrent mark sweep GC freed 18(624B) AllocSpace objects, 0(0B) LOS objects, 37% free, 26MB/42MB, paused 490us total 44.644ms
08-05 21:53:40.596 16090 16103 I art     : Starting a blocking GC Explicit
08-05 21:53:40.643 16090 16103 I art     : Explicit concurrent mark sweep GC freed 3(96B) AllocSpace objects, 0(0B) LOS objects, 37% free, 26MB/42MB, paused 529us total 47.032ms
08-05 21:53:40.659 16090 16103 I art     : Starting a blocking GC Explicit
08-05 21:53:40.703 16090 16103 I art     : Explicit concurrent mark sweep GC freed 3(96B) AllocSpace objects, 0(0B) LOS objects, 37% free, 26MB/42MB, paused 497us total 43.157ms
08-05 21:53:40.718 16090 16103 I art     : Starting a blocking GC Explicit
08-05 21:53:40.763 16090 16103 I art     : Explicit concurrent mark sweep GC freed 3(96B) AllocSpace objects, 0(0B) LOS objects, 37% free, 26MB/42MB, paused 495us total 44.692ms
08-05 21:53:41.062 16090 16310 I art     : Starting a blocking GC Explicit
08-05 21:53:41.111 16090 16310 I art     : Explicit concurrent mark sweep GC freed 1293(75KB) AllocSpace objects, 1(20KB) LOS objects, 37% free, 26MB/42MB, paused 544us total 48.879ms
08-05 21:53:41.129 16090 16310 I art     : Starting a blocking GC Explicit
08-05 21:53:41.173 16090 16310 I art     : Explicit concurrent mark sweep GC freed 18(624B) AllocSpace objects, 0(0B) LOS objects, 37% free, 26MB/42MB, paused 514us total 43.434ms
08-05 21:53:41.188 16090 16310 I art     : Starting a blocking GC Explicit
08-05 21:53:41.233 16090 16310 I art     : Explicit concurrent mark sweep GC freed 3(96B) AllocSpace objects, 0(0B) LOS objects, 37% free, 26MB/42MB, paused 507us total 44.233ms
08-05 21:53:41.248 16090 16310 I art     : Starting a blocking GC Explicit
08-05 21:53:41.291 16090 16310 I art     : Explicit concurrent mark sweep GC freed 3(96B) AllocSpace objects, 0(0B) LOS objects, 37% free, 26MB/42MB, paused 476us total 43.021ms
08-05 21:53:41.306 16090 16310 I art     : Starting a blocking GC Explicit
08-05 21:53:41.348 16090 16310 I art     : Explicit concurrent mark sweep GC freed 15(656B) AllocSpace objects, 0(0B) LOS objects, 37% free, 26MB/42MB, paused 508us total 42.186ms
08-05 21:53:41.441 17217 17217 D AndroidRuntime: >>>>>> START com.android.internal.os.RuntimeInit uid 2000 <<<<<<
08-05 21:53:41.447 17217 17217 D AndroidRuntime: CheckJNI is OFF
08-05 21:53:41.491 17217 17217 D ICU     : No timezone override file found: /data/misc/zoneinfo/current/icu/icu_tzdata.dat
08-05 21:53:41.537 17217 17217 I Radio-JNI: register_android_hardware_Radio DONE
08-05 21:53:41.566 17217 17217 D AndroidRuntime: Calling main entry com.android.commands.input.Input
08-05 21:53:41.568 17217 17217 I Input   : injectMotionEvent: MotionEvent { action=ACTION_DOWN, actionButton=0, id[0]=0, x[0]=81.0, y[0]=176.0, toolType[0]=TOOL_TYPE_UNKNOWN, buttonState=0, metaState=0, flags=0x0, edgeFlags=0x0, pointerCount=1, historySize=0, eventTime=827637981, downTime=827637981, deviceId=0, source=0x1002 }
08-05 21:53:41.573 17217 17217 I Input   : injectMotionEvent: MotionEvent { action=ACTION_UP, actionButton=0, id[0]=0, x[0]=81.0, y[0]=176.0, toolType[0]=TOOL_TYPE_UNKNOWN, buttonState=0, metaState=0, flags=0x0, edgeFlags=0x0, pointerCount=1, historySize=0, eventTime=827637981, downTime=827637981, deviceId=0, source=0x1002 }
08-05 21:53:41.577 17217 17217 D AndroidRuntime: Shutting down VM
08-05 21:53:41.586   512  2967 D audio_hw_primary: out_set_parameters: enter: usecase(1: low-latency-playback) kvpairs: routing=2
08-05 21:53:41.600   512  2967 D audio_hw_primary: select_devices: out_snd_device(2: speaker) in_snd_device(0: none)
08-05 21:53:41.600   512  2967 D msm8974_platform: platform_send_audio_calibration: sending audio calibration for snd_device(2) acdb_id(15)
08-05 21:53:41.600   512  2967 I soundtrigger: audio_extn_sound_trigger_update_device_status: device 0x2 of type 0 for Event 1
08-05 21:53:41.611   512  2967 D audio_hw_primary: enable_snd_device: snd_device(2: speaker)
08-05 21:53:41.614   512  2967 D audio_hw_primary: enable_audio_route: apply and update mixer path: low-latency-playback speaker
08-05 21:53:41.617 13866 13866 I GoogleInputMethodServic: GoogleInputMethodService.onFinishInput():3138 
08-05 21:53:41.618 13866 13866 I GoogleInputMethodServic: GoogleInputMethodService.onStartInput():1808 
08-05 21:53:41.684 16090 16111 I art     : Starting a blocking GC Explicit
08-05 21:53:41.730 16090 16111 I art     : Explicit concurrent mark sweep GC freed 1794(99KB) AllocSpace objects, 1(20KB) LOS objects, 37% free, 26MB/42MB, paused 503us total 45.941ms
08-05 21:53:41.746 16090 16111 I art     : Starting a blocking GC Explicit
08-05 21:53:41.787 16090 16111 I art     : Explicit concurrent mark sweep GC freed 174(11KB) AllocSpace objects, 0(0B) LOS objects, 37% free, 26MB/42MB, paused 499us total 40.790ms
08-05 21:53:41.803 16090 16111 I art     : Starting a blocking GC Explicit
08-05 21:53:41.841 16090 16111 I art     : Explicit concurrent mark sweep GC freed 3(96B) AllocSpace objects, 0(0B) LOS objects, 37% free, 26MB/42MB, paused 453us total 37.321ms
08-05 21:53:41.856 16090 16111 I art     : Starting a blocking GC Explicit
08-05 21:53:41.899 16090 16111 I art     : Explicit concurrent mark sweep GC freed 5(160B) AllocSpace objects, 0(0B) LOS objects, 37% free, 26MB/42MB, paused 948us total 42.835ms
08-05 21:53:41.914 16090 16111 I art     : Starting a blocking GC Explicit
08-05 21:53:41.954 16090 16111 I art     : Explicit concurrent mark sweep GC freed 3(96B) AllocSpace objects, 0(0B) LOS objects, 37% free, 26MB/42MB, paused 458us total 40.017ms
08-05 21:53:41.994 13866 13882 I PeriodicStatsRunner: PeriodicStatsRunner.call():175 call()
08-05 21:53:41.994 13866 13882 I PeriodicStatsRunner: PeriodicStatsRunner.call():179 No submit PeriodicStats since input started.
08-05 21:53:42.149   512  2967 D audio_hw_primary: disable_audio_route: reset and update mixer path: low-latency-playback speaker
08-05 21:53:42.150   512  2967 D audio_hw_primary: disable_snd_device: snd_device(2: speaker)
08-05 21:53:42.158   512  2967 I soundtrigger: audio_extn_sound_trigger_update_device_status: device 0x2 of type 0 for Event 0
08-05 21:53:42.275 16090 16111 I art     : Starting a blocking GC Explicit
08-05 21:53:42.319 16090 16111 I art     : Explicit concurrent mark sweep GC freed 1302(75KB) AllocSpace objects, 1(20KB) LOS objects, 37% free, 26MB/42MB, paused 513us total 43.123ms
08-05 21:53:42.334 16090 16111 I art     : Starting a blocking GC Explicit
08-05 21:53:42.376 16090 16111 I art     : Explicit concurrent mark sweep GC freed 22(752B) AllocSpace objects, 0(0B) LOS objects, 37% free, 26MB/42MB, paused 511us total 42.163ms
08-05 21:53:42.392 16090 16111 I art     : Starting a blocking GC Explicit
08-05 21:53:42.434 16090 16111 I art     : Explicit concurrent mark sweep GC freed 3(96B) AllocSpace objects, 0(0B) LOS objects, 37% free, 26MB/42MB, paused 516us total 42.299ms
08-05 21:53:42.450 16090 16111 I art     : Starting a blocking GC Explicit
08-05 21:53:42.492 16090 16111 I art     : Explicit concurrent mark sweep GC freed 3(96B) AllocSpace objects, 0(0B) LOS objects, 37% free, 26MB/42MB, paused 547us total 42.291ms
08-05 21:53:42.507 16090 16111 I art     : Starting a blocking GC Explicit
08-05 21:53:42.551 16090 16111 I art     : Explicit concurrent mark sweep GC freed 3(96B) AllocSpace objects, 0(0B) LOS objects, 37% free, 26MB/42MB, paused 501us total 42.943ms
08-05 21:53:42.867 16090 16103 I art     : Starting a blocking GC Explicit
08-05 21:53:42.917 16090 16103 I art     : Explicit concurrent mark sweep GC freed 1293(75KB) AllocSpace objects, 1(20KB) LOS objects, 37% free, 26MB/42MB, paused 493us total 50.189ms
08-05 21:53:42.933 16090 16103 I art     : Starting a blocking GC Explicit
08-05 21:53:42.973 16090 16103 I art     : Explicit concurrent mark sweep GC freed 18(624B) AllocSpace objects, 0(0B) LOS objects, 37% free, 26MB/42MB, paused 505us total 40.390ms
08-05 21:53:42.988 16090 16103 I art     : Starting a blocking GC Explicit
08-05 21:53:43.028 16090 16103 I art     : Explicit concurrent mark sweep GC freed 3(96B) AllocSpace objects, 0(0B) LOS objects, 37% free, 26MB/42MB, paused 516us total 40.370ms
08-05 21:53:43.043 16090 16103 I art     : Starting a blocking GC Explicit
08-05 21:53:43.083 16090 16103 I art     : Explicit concurrent mark sweep GC freed 3(96B) AllocSpace objects, 0(0B) LOS objects, 37% free, 26MB/42MB, paused 497us total 40.174ms
08-05 21:53:43.098 16090 16103 I art     : Starting a blocking GC Explicit
08-05 21:53:43.139 16090 16103 I art     : Explicit concurrent mark sweep GC freed 3(96B) AllocSpace objects, 0(0B) LOS objects, 37% free, 26MB/42MB, paused 511us total 40.272ms
08-05 21:53:43.353 17272 17272 D AndroidRuntime: >>>>>> START com.android.internal.os.RuntimeInit uid 2000 <<<<<<
08-05 21:53:43.359 17272 17272 D AndroidRuntime: CheckJNI is OFF
08-05 21:53:43.393 15748 15748 I ServiceManager: Waiting for service AtCmdFwd...
08-05 21:53:43.400 17272 17272 D ICU     : No timezone override file found: /data/misc/zoneinfo/current/icu/icu_tzdata.dat
08-05 21:53:43.441 17272 17272 I Radio-JNI: register_android_hardware_Radio DONE
08-05 21:53:43.453 16090 16111 I art     : Starting a blocking GC Explicit
08-05 21:53:43.470 17272 17272 D AndroidRuntime: Calling main entry com.android.commands.input.Input
08-05 21:53:43.473 17272 17272 I Input   : injectMotionEvent: MotionEvent { action=ACTION_DOWN, actionButton=0, id[0]=0, x[0]=436.0, y[0]=1770.0, toolType[0]=TOOL_TYPE_UNKNOWN, buttonState=0, metaState=0, flags=0x0, edgeFlags=0x0, pointerCount=1, historySize=0, eventTime=827639885, downTime=827639885, deviceId=0, source=0x1002 }
08-05 21:53:43.480 17272 17272 I Input   : injectMotionEvent: MotionEvent { action=ACTION_UP, actionButton=0, id[0]=0, x[0]=436.0, y[0]=1770.0, toolType[0]=TOOL_TYPE_UNKNOWN, buttonState=0, metaState=0, flags=0x0, edgeFlags=0x0, pointerCount=1, historySize=0, eventTime=827639885, downTime=827639885, deviceId=0, source=0x1002 }
08-05 21:53:43.482 17272 17272 D AndroidRuntime: Shutting down VM
08-05 21:53:43.487 16090 16090 D MainActivity: NavigationItemSelected: Courses
08-05 21:53:43.489   918  4413 I ActivityManager: START u0 {cmp=baseline.com.ak.uobtimetable/.CourseListActivity} from uid 10684 on display 0
08-05 21:53:43.490   512  2967 D audio_hw_primary: out_set_parameters: enter: usecase(1: low-latency-playback) kvpairs: routing=2
08-05 21:53:43.497 16090 16111 I art     : Explicit concurrent mark sweep GC freed 1340(77KB) AllocSpace objects, 1(20KB) LOS objects, 37% free, 26MB/42MB, paused 596us total 43.777ms
08-05 21:53:43.498 16090 16090 D MainActivity: OnPause
08-05 21:53:43.503   512  2967 D audio_hw_primary: select_devices: out_snd_device(2: speaker) in_snd_device(0: none)
08-05 21:53:43.503   512  2967 D msm8974_platform: platform_send_audio_calibration: sending audio calibration for snd_device(2) acdb_id(15)
08-05 21:53:43.503   512  2967 I soundtrigger: audio_extn_sound_trigger_update_device_status: device 0x2 of type 0 for Event 1
08-05 21:53:43.511 16090 16111 I art     : Starting a blocking GC Explicit
08-05 21:53:43.518   512  2967 D audio_hw_primary: enable_snd_device: snd_device(2: speaker)
08-05 21:53:43.520   512  2967 D audio_hw_primary: enable_audio_route: apply and update mixer path: low-latency-playback speaker
08-05 21:53:43.550 16090 16111 I art     : Explicit concurrent mark sweep GC freed 2069(93KB) AllocSpace objects, 0(0B) LOS objects, 37% free, 26MB/42MB, paused 1.042ms total 38.434ms
08-05 21:53:43.550 16090 16090 D CourseListActivity: onCreate
08-05 21:53:43.552 16090 17296 D HTTP    : Request for: https://uob-timetable-api.adriankeenan.co.uk/courses
08-05 21:53:43.564 16090 16111 I art     : Starting a blocking GC Explicit
08-05 21:53:43.604 16090 16111 I art     : Explicit concurrent mark sweep GC freed 1022(75KB) AllocSpace objects, 0(0B) LOS objects, 37% free, 26MB/42MB, paused 891us total 39.162ms
08-05 21:53:43.606   918   936 I ActivityManager: Displayed baseline.com.ak.uobtimetable/.CourseListActivity: +108ms
08-05 21:53:43.607 13866 13866 I GoogleInputMethodServic: GoogleInputMethodService.onFinishInput():3138 
08-05 21:53:43.608 13866 13866 I GoogleInputMethodServic: GoogleInputMethodService.onStartInput():1808 
08-05 21:53:43.619 16090 16111 I art     : Starting a blocking GC Explicit
08-05 21:53:43.662 16090 16111 I art     : Explicit concurrent mark sweep GC freed 155(6KB) AllocSpace objects, 0(0B) LOS objects, 37% free, 26MB/42MB, paused 564us total 42.381ms
08-05 21:53:43.675 16090 16111 I art     : Starting a blocking GC Explicit
08-05 21:53:43.714 16090 16111 I art     : Explicit concurrent mark sweep GC freed 87(5KB) AllocSpace objects, 0(0B) LOS objects, 37% free, 26MB/42MB, paused 539us total 38.061ms
08-05 21:53:43.869 16090 17296 I NAPPA_EXPERIMENTATION: MetricNetworkRequestExecutionTime: REQUEST_DURATION_SYSTEM='315',REQUEST_DURATION_OKHTTP='43',REQUEST_SYNCHRONOUS='TRUE',RESPONSE_CODE='200',RESPONSE_METHOD='GET',RESPONSE_LENGTH_OKHTTP='-1',RESPONSE_LENGTH_HEADER='-2',REQUEST_PROTOCOL='http/1.1',REQUEST_URL='https://uob-timetable-api.adriankeenan.co.uk/courses',
08-05 21:53:43.985 16090 16090 D MainActivity: Saving state
08-05 21:53:43.985 16090 16090 D MainActivity: Saving current fragment: SessionListsFragment
08-05 21:53:43.986 16090 16090 D MainActivity: Saving current index: 3
08-05 21:53:43.986 16090 16090 D SessionListsFragment: Saving state
08-05 21:53:44.003 16090 16111 I art     : Starting a blocking GC Explicit
08-05 21:53:44.043 16090 16111 I art     : Explicit concurrent mark sweep GC freed 4259(1130KB) AllocSpace objects, 4(220KB) LOS objects, 26% free, 44MB/60MB, paused 618us total 40.294ms
08-05 21:53:44.057 16090 16111 I art     : Starting a blocking GC Explicit
08-05 21:53:44.058   512  2967 D audio_hw_primary: disable_audio_route: reset and update mixer path: low-latency-playback speaker
08-05 21:53:44.059   512  2967 D audio_hw_primary: disable_snd_device: snd_device(2: speaker)
08-05 21:53:44.067   512  2967 I soundtrigger: audio_extn_sound_trigger_update_device_status: device 0x2 of type 0 for Event 0
08-05 21:53:44.099 16090 16111 I art     : Explicit concurrent mark sweep GC freed 2747(10MB) AllocSpace objects, 0(0B) LOS objects, 24% free, 48MB/64MB, paused 548us total 41.444ms
08-05 21:53:44.113 16090 16111 I art     : Starting a blocking GC Explicit
08-05 21:53:44.150 16090 16111 I art     : Explicit concurrent mark sweep GC freed 30(1152B) AllocSpace objects, 0(0B) LOS objects, 24% free, 48MB/64MB, paused 531us total 37.360ms
08-05 21:53:44.164 16090 16111 I art     : Starting a blocking GC Explicit
08-05 21:53:44.202 16090 16111 I art     : Explicit concurrent mark sweep GC freed 30(1152B) AllocSpace objects, 0(0B) LOS objects, 24% free, 48MB/64MB, paused 553us total 37.466ms
08-05 21:53:44.216 16090 16111 I art     : Starting a blocking GC Explicit
08-05 21:53:44.236 16090 17296 I HTTP    : Response was compressed.
08-05 21:53:44.277 16090 16111 I art     : Explicit concurrent mark sweep GC freed 19843(918KB) AllocSpace objects, 0(0B) LOS objects, 19% free, 64MB/80MB, paused 859us total 61.138ms
08-05 21:53:44.393 15748 15748 I ServiceManager: Waiting for service AtCmdFwd...
08-05 21:53:44.592 16090 16103 I art     : Starting a blocking GC Explicit
08-05 21:53:44.666 16090 16103 I art     : Explicit concurrent mark sweep GC freed 191995(8MB) AllocSpace objects, 3(22MB) LOS objects, 26% free, 43MB/59MB, paused 939us total 73.462ms
08-05 21:53:44.683 16090 16103 I art     : Starting a blocking GC Explicit
08-05 21:53:44.732 16090 16103 I art     : Explicit concurrent mark sweep GC freed 47070(2MB) AllocSpace objects, 0(0B) LOS objects, 26% free, 43MB/59MB, paused 928us total 48.817ms
08-05 21:53:44.748 16090 16103 I art     : Starting a blocking GC Explicit
08-05 21:53:44.797 16090 16103 I art     : Explicit concurrent mark sweep GC freed 35247(1663KB) AllocSpace objects, 0(0B) LOS objects, 26% free, 43MB/59MB, paused 934us total 48.428ms
08-05 21:53:44.813 16090 16103 I art     : Starting a blocking GC Explicit
08-05 21:53:44.864 16090 16103 I art     : Explicit concurrent mark sweep GC freed 35875(1700KB) AllocSpace objects, 0(0B) LOS objects, 26% free, 44MB/60MB, paused 1.006ms total 50.320ms
08-05 21:53:44.881 16090 16103 I art     : Starting a blocking GC Explicit
08-05 21:53:44.931 16090 16103 I art     : Explicit concurrent mark sweep GC freed 35095(1662KB) AllocSpace objects, 0(0B) LOS objects, 26% free, 44MB/60MB, paused 979us total 50.116ms
08-05 21:53:45.247 16090 16111 I art     : Starting a blocking GC Explicit
08-05 21:53:45.326 16090 16111 I art     : Explicit concurrent mark sweep GC freed 200638(9MB) AllocSpace objects, 1(20KB) LOS objects, 25% free, 46MB/62MB, paused 979us total 78.145ms
08-05 21:53:45.346 16090 16111 I art     : Starting a blocking GC Explicit
08-05 21:53:45.394 15748 15748 I ServiceManager: Waiting for service AtCmdFwd...
08-05 21:53:45.403 16090 16111 I art     : Explicit concurrent mark sweep GC freed 45414(2MB) AllocSpace objects, 0(0B) LOS objects, 25% free, 46MB/62MB, paused 1.120ms total 56.343ms
08-05 21:53:45.421 16090 16111 I art     : Starting a blocking GC Explicit
08-05 21:53:45.481 16090 16111 I art     : Explicit concurrent mark sweep GC freed 36506(1731KB) AllocSpace objects, 0(0B) LOS objects, 25% free, 46MB/62MB, paused 1.192ms total 59.473ms
08-05 21:53:45.500 16090 16111 I art     : Starting a blocking GC Explicit
08-05 21:53:45.558 16090 16111 I art     : Explicit concurrent mark sweep GC freed 37581(1796KB) AllocSpace objects, 0(0B) LOS objects, 25% free, 46MB/62MB, paused 1.201ms total 57.995ms
08-05 21:53:45.558 16090 16100 I art     : WaitForGcToComplete blocked for 41.227ms for cause HeapTrim
08-05 21:53:45.578 16090 16111 I art     : Starting a blocking GC Explicit
08-05 21:53:45.638 16090 16111 I art     : Explicit concurrent mark sweep GC freed 41959(1959KB) AllocSpace objects, 0(0B) LOS objects, 25% free, 46MB/62MB, paused 1.375ms total 60.292ms
08-05 21:53:45.959 16090 16103 I art     : Starting a blocking GC Explicit
08-05 21:53:46.046 16090 16103 I art     : Explicit concurrent mark sweep GC freed 206155(9MB) AllocSpace objects, 1(20KB) LOS objects, 24% free, 48MB/64MB, paused 1.484ms total 86.412ms
08-05 21:53:46.067 16090 16103 I art     : Starting a blocking GC Explicit
08-05 21:53:46.133 16090 16103 I art     : Explicit concurrent mark sweep GC freed 54054(2MB) AllocSpace objects, 0(0B) LOS objects, 24% free, 48MB/64MB, paused 1.466ms total 66.021ms
08-05 21:53:46.154 16090 16103 I art     : Starting a blocking GC Explicit
08-05 21:53:46.224 16090 16103 I art     : Explicit concurrent mark sweep GC freed 48241(2MB) AllocSpace objects, 0(0B) LOS objects, 24% free, 49MB/65MB, paused 1.445ms total 70.045ms
08-05 21:53:46.245 16090 16103 I art     : Starting a blocking GC Explicit
08-05 21:53:46.314 16090 16103 I art     : Explicit concurrent mark sweep GC freed 46776(2MB) AllocSpace objects, 0(0B) LOS objects, 24% free, 49MB/65MB, paused 1.727ms total 68.702ms
08-05 21:53:46.335 16090 16103 I art     : Starting a blocking GC Explicit
08-05 21:53:46.394 15748 15748 I ServiceManager: Waiting for service AtCmdFwd...
08-05 21:53:46.405 16090 16103 I art     : Explicit concurrent mark sweep GC freed 48058(2MB) AllocSpace objects, 0(0B) LOS objects, 24% free, 49MB/65MB, paused 1.507ms total 70.109ms
08-05 21:53:46.618 13866 13882 I PeriodicStatsRunner: PeriodicStatsRunner.call():175 call()
08-05 21:53:46.619 13866 13882 I PeriodicStatsRunner: PeriodicStatsRunner.call():179 No submit PeriodicStats since input started.
08-05 21:53:46.723 16090 16111 I art     : Starting a blocking GC Explicit
08-05 21:53:46.819 16090 16111 I art     : Explicit concurrent mark sweep GC freed 210951(9MB) AllocSpace objects, 1(20KB) LOS objects, 23% free, 51MB/67MB, paused 1.274ms total 95.108ms
08-05 21:53:46.841 16090 16111 I art     : Starting a blocking GC Explicit
08-05 21:53:46.917 16090 16111 I art     : Explicit concurrent mark sweep GC freed 59945(2MB) AllocSpace objects, 0(0B) LOS objects, 23% free, 51MB/67MB, paused 1.472ms total 75.740ms
08-05 21:53:46.939 16090 16111 I art     : Starting a blocking GC Explicit
08-05 21:53:47.019 16090 16111 I art     : Explicit concurrent mark sweep GC freed 53269(2MB) AllocSpace objects, 0(0B) LOS objects, 23% free, 52MB/68MB, paused 1.607ms total 79.700ms
08-05 21:53:47.042 16090 16111 I art     : Starting a blocking GC Explicit
08-05 21:53:47.087 16090 17296 I Service : getCourses response time: 0.69
08-05 21:53:47.090 16090 16090 I SettingsManager: Getting string: savedCourse
08-05 21:53:47.117 16090 16111 I art     : Explicit concurrent mark sweep GC freed 42214(2033KB) AllocSpace objects, 0(0B) LOS objects, 23% free, 52MB/68MB, paused 1.087ms total 74.912ms
08-05 21:53:47.138 16090 16111 I art     : Starting a blocking GC Explicit
08-05 21:53:47.211 16090 16111 I art     : Explicit concurrent mark sweep GC freed 1205(56KB) AllocSpace objects, 1(14MB) LOS objects, 29% free, 37MB/53MB, paused 1.017ms total 72.105ms
08-05 21:53:47.395 15748 15748 I ServiceManager: Waiting for service AtCmdFwd...
08-05 21:53:47.588 16090 16103 I art     : Starting a blocking GC Explicit
08-05 21:53:47.693 16090 16103 I art     : Explicit concurrent mark sweep GC freed 1671(93KB) AllocSpace objects, 1(20KB) LOS objects, 29% free, 37MB/53MB, paused 613us total 104.375ms
08-05 21:53:47.722 16090 16103 I art     : Starting a blocking GC Explicit
08-05 21:53:47.806 16090 16103 I art     : Explicit concurrent mark sweep GC freed 596(55KB) AllocSpace objects, 0(0B) LOS objects, 29% free, 37MB/53MB, paused 563us total 84.049ms
08-05 21:53:47.832 16090 16103 I art     : Starting a blocking GC Explicit
08-05 21:53:47.910 16090 16103 I art     : Explicit concurrent mark sweep GC freed 3(96B) AllocSpace objects, 0(0B) LOS objects, 29% free, 37MB/53MB, paused 553us total 77.573ms
08-05 21:53:47.935 16090 16103 I art     : Starting a blocking GC Explicit
08-05 21:53:48.019 16090 16103 I art     : Explicit concurrent mark sweep GC freed 3(96B) AllocSpace objects, 0(0B) LOS objects, 29% free, 37MB/53MB, paused 507us total 84.196ms
08-05 21:53:48.045 16090 16103 I art     : Starting a blocking GC Explicit
08-05 21:53:48.125 16090 16103 I art     : Explicit concurrent mark sweep GC freed 3(96B) AllocSpace objects, 0(0B) LOS objects, 29% free, 37MB/53MB, paused 522us total 80.470ms
08-05 21:53:48.395 15748 15748 W Atfwd_Sendcmd: AtCmdFwd service not published, waiting... retryCnt : 3
08-05 21:53:48.487 16090 16310 I art     : Starting a blocking GC Explicit
08-05 21:53:48.590 16090 16310 I art     : Explicit concurrent mark sweep GC freed 1293(75KB) AllocSpace objects, 1(20KB) LOS objects, 29% free, 37MB/53MB, paused 535us total 102.664ms
08-05 21:53:48.607 13866 13882 I PeriodicStatsRunner: PeriodicStatsRunner.call():175 call()
08-05 21:53:48.608 13866 13882 I PeriodicStatsRunner: PeriodicStatsRunner.call():179 No submit PeriodicStats since input started.
08-05 21:53:48.615 16090 16310 I art     : Starting a blocking GC Explicit
08-05 21:53:48.695 16090 16310 I art     : Explicit concurrent mark sweep GC freed 18(624B) AllocSpace objects, 0(0B) LOS objects, 29% free, 37MB/53MB, paused 562us total 79.952ms
08-05 21:53:48.721 16090 16310 I art     : Starting a blocking GC Explicit
08-05 21:53:48.800 16090 16310 I art     : Explicit concurrent mark sweep GC freed 6(224B) AllocSpace objects, 0(0B) LOS objects, 29% free, 37MB/53MB, paused 592us total 78.878ms
08-05 21:53:48.825 16090 16310 I art     : Starting a blocking GC Explicit
08-05 21:53:48.908 16090 16310 I art     : Explicit concurrent mark sweep GC freed 3(96B) AllocSpace objects, 0(0B) LOS objects, 29% free, 37MB/53MB, paused 617us total 82.966ms
08-05 21:53:48.934 16090 16310 I art     : Starting a blocking GC Explicit
08-05 21:53:49.018 16090 16310 I art     : Explicit concurrent mark sweep GC freed 3(96B) AllocSpace objects, 0(0B) LOS objects, 29% free, 37MB/53MB, paused 518us total 84.079ms
08-05 21:53:49.379 16090 16111 I art     : Starting a blocking GC Explicit
08-05 21:53:49.469 16090 16111 I art     : Explicit concurrent mark sweep GC freed 1293(75KB) AllocSpace objects, 1(20KB) LOS objects, 29% free, 37MB/53MB, paused 603us total 89.386ms
08-05 21:53:49.494 16090 16111 I art     : Starting a blocking GC Explicit
08-05 21:53:49.578 16090 16111 I art     : Explicit concurrent mark sweep GC freed 18(624B) AllocSpace objects, 0(0B) LOS objects, 29% free, 37MB/53MB, paused 603us total 83.781ms
08-05 21:53:49.604 16090 16111 I art     : Starting a blocking GC Explicit
08-05 21:53:49.684 16090 16111 I art     : Explicit concurrent mark sweep GC freed 3(96B) AllocSpace objects, 0(0B) LOS objects, 29% free, 37MB/53MB, paused 564us total 79.510ms
08-05 21:53:49.709 16090 16111 I art     : Starting a blocking GC Explicit
08-05 21:53:49.787 16090 16111 I art     : Explicit concurrent mark sweep GC freed 3(96B) AllocSpace objects, 0(0B) LOS objects, 29% free, 37MB/53MB, paused 498us total 77.382ms
08-05 21:53:49.810 16090 16111 I art     : Starting a blocking GC Explicit
08-05 21:53:49.883 16090 16111 I art     : Explicit concurrent mark sweep GC freed 3(96B) AllocSpace objects, 0(0B) LOS objects, 29% free, 37MB/53MB, paused 525us total 73.085ms
08-05 21:53:50.079   918  3188 I hubconnection: sensorhub said: 'set_bias 3: -5.1744, 0.0000, 0.0000'
08-05 21:53:50.233 16090 16103 I art     : Starting a blocking GC Explicit
08-05 21:53:50.293 17396 17396 D AndroidRuntime: >>>>>> START com.android.internal.os.RuntimeInit uid 2000 <<<<<<
08-05 21:53:50.299 17396 17396 D AndroidRuntime: CheckJNI is OFF
08-05 21:53:50.321 16090 16103 I art     : Explicit concurrent mark sweep GC freed 1293(75KB) AllocSpace objects, 1(20KB) LOS objects, 29% free, 37MB/53MB, paused 561us total 87.958ms
08-05 21:53:50.345 16090 16103 I art     : Starting a blocking GC Explicit
08-05 21:53:50.352 17396 17396 D ICU     : No timezone override file found: /data/misc/zoneinfo/current/icu/icu_tzdata.dat
08-05 21:53:50.398 17396 17396 I Radio-JNI: register_android_hardware_Radio DONE
08-05 21:53:50.418 16090 16103 I art     : Explicit concurrent mark sweep GC freed 18(624B) AllocSpace objects, 0(0B) LOS objects, 29% free, 37MB/53MB, paused 580us total 73.444ms
08-05 21:53:50.428 17396 17396 D AndroidRuntime: Calling main entry com.android.commands.input.Input
08-05 21:53:50.431 17396 17396 I Input   : injectMotionEvent: MotionEvent { action=ACTION_DOWN, actionButton=0, id[0]=0, x[0]=648.0, y[0]=709.0, toolType[0]=TOOL_TYPE_UNKNOWN, buttonState=0, metaState=0, flags=0x0, edgeFlags=0x0, pointerCount=1, historySize=0, eventTime=827646843, downTime=827646843, deviceId=0, source=0x1002 }
08-05 21:53:50.438 17396 17396 I Input   : injectMotionEvent: MotionEvent { action=ACTION_UP, actionButton=0, id[0]=0, x[0]=648.0, y[0]=709.0, toolType[0]=TOOL_TYPE_UNKNOWN, buttonState=0, metaState=0, flags=0x0, edgeFlags=0x0, pointerCount=1, historySize=0, eventTime=827646843, downTime=827646843, deviceId=0, source=0x1002 }
08-05 21:53:50.440 17396 17396 D AndroidRuntime: Shutting down VM
08-05 21:53:50.442 16090 16103 I art     : Starting a blocking GC Explicit
08-05 21:53:50.506   512  2967 D audio_hw_primary: out_set_parameters: enter: usecase(1: low-latency-playback) kvpairs: routing=2
08-05 21:53:50.512 16090 16103 I art     : Explicit concurrent mark sweep GC freed 116(10KB) AllocSpace objects, 1(20KB) LOS objects, 29% free, 37MB/53MB, paused 772us total 69.065ms
08-05 21:53:50.519   512  2967 D audio_hw_primary: select_devices: out_snd_device(2: speaker) in_snd_device(0: none)
08-05 21:53:50.519   512  2967 D msm8974_platform: platform_send_audio_calibration: sending audio calibration for snd_device(2) acdb_id(15)
08-05 21:53:50.519   512  2967 I soundtrigger: audio_extn_sound_trigger_update_device_status: device 0x2 of type 0 for Event 1
08-05 21:53:50.529   512  2967 D audio_hw_primary: enable_snd_device: snd_device(2: speaker)
08-05 21:53:50.531   512  2967 D audio_hw_primary: enable_audio_route: apply and update mixer path: low-latency-playback speaker
08-05 21:53:50.535 16090 16103 I art     : Starting a blocking GC Explicit
08-05 21:53:50.601 16090 16103 I art     : Explicit concurrent mark sweep GC freed 663(47KB) AllocSpace objects, 0(0B) LOS objects, 29% free, 37MB/53MB, paused 639us total 65.491ms
08-05 21:53:50.623 16090 16103 I art     : Starting a blocking GC Explicit
08-05 21:53:50.689 16090 16103 I art     : Explicit concurrent mark sweep GC freed 126(5KB) AllocSpace objects, 0(0B) LOS objects, 29% free, 37MB/53MB, paused 472us total 65.622ms
08-05 21:53:50.689 16090 16100 I art     : WaitForGcToComplete blocked for 50.795ms for cause HeapTrim
08-05 21:53:50.992 16090 16101 I art     : Starting a blocking GC Explicit
08-05 21:53:51.070   512  2967 D audio_hw_primary: disable_audio_route: reset and update mixer path: low-latency-playback speaker
08-05 21:53:51.072   512  2967 D audio_hw_primary: disable_snd_device: snd_device(2: speaker)
08-05 21:53:51.077 16090 16101 I art     : Explicit concurrent mark sweep GC freed 1299(75KB) AllocSpace objects, 1(20KB) LOS objects, 29% free, 37MB/53MB, paused 481us total 84.191ms
08-05 21:53:51.082   512  2967 I soundtrigger: audio_extn_sound_trigger_update_device_status: device 0x2 of type 0 for Event 0
08-05 21:53:51.105 16090 16101 I art     : Starting a blocking GC Explicit
08-05 21:53:51.183 16090 16101 I art     : Explicit concurrent mark sweep GC freed 24(816B) AllocSpace objects, 0(0B) LOS objects, 29% free, 37MB/53MB, paused 735us total 77.691ms
08-05 21:53:51.213 16090 16101 I art     : Starting a blocking GC Explicit
08-05 21:53:51.300 16090 16101 I art     : Explicit concurrent mark sweep GC freed 5(160B) AllocSpace objects, 0(0B) LOS objects, 29% free, 37MB/53MB, paused 534us total 87.420ms
08-05 21:53:51.329 16090 16101 I art     : Starting a blocking GC Explicit
08-05 21:53:51.402 16090 16101 I art     : Explicit concurrent mark sweep GC freed 3(96B) AllocSpace objects, 0(0B) LOS objects, 29% free, 37MB/53MB, paused 526us total 72.907ms
08-05 21:53:51.426 16090 16101 I art     : Starting a blocking GC Explicit
08-05 21:53:51.505 16090 16101 I art     : Explicit concurrent mark sweep GC freed 5(160B) AllocSpace objects, 0(0B) LOS objects, 29% free, 37MB/53MB, paused 529us total 78.369ms
08-05 21:53:51.727   918  3261 D WifiStateMachine: starting scan for "H369AA63323"WPA_PSK with 2412,5180
08-05 21:53:51.823 16090 16310 I art     : Starting a blocking GC Explicit
08-05 21:53:51.899 16090 16310 I art     : Explicit concurrent mark sweep GC freed 1294(75KB) AllocSpace objects, 1(20KB) LOS objects, 29% free, 37MB/53MB, paused 550us total 76.556ms
08-05 21:53:51.923 16090 16310 I art     : Starting a blocking GC Explicit
08-05 21:53:51.997 16090 16310 I art     : Explicit concurrent mark sweep GC freed 18(624B) AllocSpace objects, 0(0B) LOS objects, 29% free, 37MB/53MB, paused 508us total 73.067ms
08-05 21:53:52.020 16090 16310 I art     : Starting a blocking GC Explicit
08-05 21:53:52.090 16090 16310 I art     : Explicit concurrent mark sweep GC freed 3(96B) AllocSpace objects, 0(0B) LOS objects, 29% free, 37MB/53MB, paused 536us total 69.744ms
08-05 21:53:52.115 16090 16310 I art     : Starting a blocking GC Explicit
08-05 21:53:52.196 16090 16310 I art     : Explicit concurrent mark sweep GC freed 7(224B) AllocSpace objects, 0(0B) LOS objects, 29% free, 37MB/53MB, paused 672us total 80.959ms
08-05 21:53:52.208 17433 17433 D AndroidRuntime: >>>>>> START com.android.internal.os.RuntimeInit uid 2000 <<<<<<
08-05 21:53:52.215 17433 17433 D AndroidRuntime: CheckJNI is OFF
08-05 21:53:52.227 16090 16310 I art     : Starting a blocking GC Explicit
08-05 21:53:52.258 17433 17433 D ICU     : No timezone override file found: /data/misc/zoneinfo/current/icu/icu_tzdata.dat
08-05 21:53:52.300 16090 16310 I art     : Explicit concurrent mark sweep GC freed 18(576B) AllocSpace objects, 0(0B) LOS objects, 29% free, 37MB/53MB, paused 565us total 73.242ms
08-05 21:53:52.302 17433 17433 I Radio-JNI: register_android_hardware_Radio DONE
08-05 21:53:52.333 17433 17433 D AndroidRuntime: Calling main entry com.android.commands.input.Input
08-05 21:53:52.336 17433 17433 I Input   : injectMotionEvent: MotionEvent { action=ACTION_DOWN, actionButton=0, id[0]=0, x[0]=1197.0, y[0]=1456.0, toolType[0]=TOOL_TYPE_UNKNOWN, buttonState=0, metaState=0, flags=0x0, edgeFlags=0x0, pointerCount=1, historySize=0, eventTime=827648748, downTime=827648748, deviceId=0, source=0x1002 }
08-05 21:53:52.342 17433 17433 I Input   : injectMotionEvent: MotionEvent { action=ACTION_UP, actionButton=0, id[0]=0, x[0]=1197.0, y[0]=1456.0, toolType[0]=TOOL_TYPE_UNKNOWN, buttonState=0, metaState=0, flags=0x0, edgeFlags=0x0, pointerCount=1, historySize=0, eventTime=827648748, downTime=827648748, deviceId=0, source=0x1002 }
08-05 21:53:52.343 17433 17433 D AndroidRuntime: Shutting down VM
08-05 21:53:52.349   512  2967 D audio_hw_primary: out_set_parameters: enter: usecase(1: low-latency-playback) kvpairs: routing=2
08-05 21:53:52.362   512  2967 D audio_hw_primary: select_devices: out_snd_device(2: speaker) in_snd_device(0: none)
08-05 21:53:52.362   512  2967 D msm8974_platform: platform_send_audio_calibration: sending audio calibration for snd_device(2) acdb_id(15)
08-05 21:53:52.362   512  2967 I soundtrigger: audio_extn_sound_trigger_update_device_status: device 0x2 of type 0 for Event 1
08-05 21:53:52.368 16090 16105 D OpenGLRenderer: endAllStagingAnimators on 0x7f995f6800 (RippleDrawable) with handle 0x7f7a3bd940
08-05 21:53:52.372   512  2967 D audio_hw_primary: enable_snd_device: snd_device(2: speaker)
08-05 21:53:52.375   512  2967 D audio_hw_primary: enable_audio_route: apply and update mixer path: low-latency-playback speaker
08-05 21:53:52.375 16090 16090 I SettingsManager: Setting string: savedCourse
08-05 21:53:52.376   918  4413 W BackupManagerService: dataChanged but no participant pkg='baseline.com.ak.uobtimetable' uid=10684
08-05 21:53:52.377   918   929 I ActivityManager: START u0 {flg=0x4000000 cmp=baseline.com.ak.uobtimetable/.MainActivity (has extras)} from uid 10684 on display 0
08-05 21:53:52.392   918  6029 W InputMethodManagerService: Focus gain on non-focused client com.android.internal.view.IInputMethodClient$Stub$Proxy@6ef4823 (uid=10684 pid=16090)
08-05 21:53:52.409 16090 16090 D MainActivity: OnDestroy
08-05 21:53:52.432 16090 16090 D MainActivity: onCreate
08-05 21:53:52.433 16090 16090 I SettingsManager: Getting string: savedSessions
08-05 21:53:52.433 16090 16090 I SettingsManager: Getting string: savedSessions
08-05 21:53:52.443 16090 16090 I SettingsManager: Getting string: savedSessionsCourseName
08-05 21:53:52.443 16090 16090 I SettingsManager: Getting string: savedSessionsCourseName
08-05 21:53:52.443 16090 16090 I SettingsManager: Getting string: savedSessionsDateRange
08-05 21:53:52.443 16090 16090 I SettingsManager: Getting string: savedSessionsDateRange
08-05 21:53:52.443 16090 16090 I Settings: 15 saved sessions - Artificial Intelligence and Robotics (with Foundation Year) - BSc (Hons) - Ltn - Y0 Feb FT - Weeks: 24-38 (8 Jun 2020-20 Sep 2020)
08-05 21:53:52.487 16090 16090 I SettingsManager: Getting string: savedCourse
08-05 21:53:52.488 16090 16090 D MainActivity: sessionListFragmentArg: updateSessions
08-05 21:53:52.488 16090 16090 D MainActivity: showTermDatesConfigChange: false
08-05 21:53:52.488 16090 16090 D MainActivity: showTermDatesShortcut: false
08-05 21:53:52.489 16090 16090 D MainActivity: Setting initial fragment: SessionListsFragment
08-05 21:53:52.490 16090 16090 I SettingsManager: Getting int: launchCount
08-05 21:53:52.491 16090 16090 D SessionListsFragment: onCreateView
08-05 21:53:52.496 16090 16090 I SettingsManager: Getting string: savedCourse
08-05 21:53:52.501 16090 16090 I SettingsManager: Getting string: savedSessions
08-05 21:53:52.511 16090 16090 D SessionListsFragment: loadArgument: updateSessions
08-05 21:53:52.511 16090 16090 D SessionListsFragment: initialIndex: -1
08-05 21:53:52.513 16090 17464 D HTTP    : Request for: https://uob-timetable-api.adriankeenan.co.uk/sessions?dept=CM010&course=BSAIFAAF%2F02AA%2F0%2FFT&level=Foundation+Year
08-05 21:53:52.530 16090 16090 D TermDatesFragment: WebView loaded
08-05 21:53:52.531 16090 16090 D MainActivity: OnResume
08-05 21:53:52.542 16090 16090 I TermDatesFragment: Webview load %: 10
08-05 21:53:52.622   918   936 I ActivityManager: Displayed baseline.com.ak.uobtimetable/.MainActivity: +227ms
08-05 21:53:52.624 16090 16101 I art     : Starting a blocking GC Explicit
08-05 21:53:52.624 13866 13866 I GoogleInputMethodServic: GoogleInputMethodService.onFinishInput():3138 
08-05 21:53:52.625 13866 13866 I GoogleInputMethodServic: GoogleInputMethodService.onStartInput():1808 
08-05 21:53:52.700 16090 16101 I art     : Explicit concurrent mark sweep GC freed 23243(1090KB) AllocSpace objects, 3(1360KB) LOS objects, 29% free, 37MB/53MB, paused 680us total 76.106ms
08-05 21:53:52.725 16090 16101 I art     : Starting a blocking GC Explicit
08-05 21:53:52.764 16090 16090 I TermDatesFragment: Webview load %: 70
08-05 21:53:52.766 16090 16090 I TermDatesFragment: Webview load %: 100
08-05 21:53:52.766 16090 16090 I TermDatesFragment: Webview load %: 100
08-05 21:53:52.787 16090 16101 I art     : Explicit concurrent mark sweep GC freed 41369(1869KB) AllocSpace objects, 5(320KB) LOS objects, 30% free, 36MB/52MB, paused 687us total 61.850ms
08-05 21:53:52.806 16090 16101 I art     : Starting a blocking GC Explicit
08-05 21:53:52.810 16090 17464 I NAPPA_EXPERIMENTATION: MetricNetworkRequestExecutionTime: REQUEST_DURATION_SYSTEM='294',REQUEST_DURATION_OKHTTP='34',REQUEST_SYNCHRONOUS='TRUE',RESPONSE_CODE='200',RESPONSE_METHOD='GET',RESPONSE_LENGTH_OKHTTP='-1',RESPONSE_LENGTH_HEADER='1214',REQUEST_PROTOCOL='http/1.1',REQUEST_URL='https://uob-timetable-api.adriankeenan.co.uk/sessions?dept=CM010&course=BSAIFAAF%2F02AA%2F0%2FFT&level=Foundation+Year',
08-05 21:53:52.853 16090 17464 I HTTP    : Response was compressed.
08-05 21:53:52.862 16090 16101 I art     : Explicit concurrent mark sweep GC freed 4023(265KB) AllocSpace objects, 1(16KB) LOS objects, 30% free, 36MB/52MB, paused 930us total 55.550ms
08-05 21:53:52.867 16090 17464 I Service : getSessions response time: 1.10
08-05 21:53:52.868 16090 16090 I SettingsManager: Getting string: savedSessions
08-05 21:53:52.869 16090 16090 I SettingsManager: Getting string: savedSessions
08-05 21:53:52.883 16090 16101 I art     : Starting a blocking GC Explicit
08-05 21:53:52.885 16090 16090 I Service : Sessions updated: 15
08-05 21:53:52.885 16090 16090 I Service : Sessions removed from new list: 0
08-05 21:53:52.899 16090 16090 I SettingsManager: Setting string: savedSessions
08-05 21:53:52.900   918  5132 W BackupManagerService: dataChanged but no participant pkg='baseline.com.ak.uobtimetable' uid=10684
08-05 21:53:52.900 16090 16090 I SettingsManager: Setting date: savedSessionsTime
08-05 21:53:52.908   512  2967 D audio_hw_primary: disable_audio_route: reset and update mixer path: low-latency-playback speaker
08-05 21:53:52.909   918  5952 W BackupManagerService: dataChanged but no participant pkg='baseline.com.ak.uobtimetable' uid=10684
08-05 21:53:52.909 16090 16090 I SettingsManager: Setting string: savedSessionsCourseName
08-05 21:53:52.909   918  3670 W BackupManagerService: dataChanged but no participant pkg='baseline.com.ak.uobtimetable' uid=10684
08-05 21:53:52.910 16090 16090 I SettingsManager: Setting string: savedSessionsDateRange
08-05 21:53:52.910   512  2967 D audio_hw_primary: disable_snd_device: snd_device(2: speaker)
08-05 21:53:52.910   918  6112 W BackupManagerService: dataChanged but no participant pkg='baseline.com.ak.uobtimetable' uid=10684
08-05 21:53:52.911 16090 16090 I SettingsManager: Setting string: timetableUrl
08-05 21:53:52.911   918  3714 W BackupManagerService: dataChanged but no participant pkg='baseline.com.ak.uobtimetable' uid=10684
08-05 21:53:52.912 16090 16090 I SettingsManager: Getting boolean: notifySessionRemindersEnabled
08-05 21:53:52.912 16090 16090 I SettingsManager: Getting int: notifySessionRemindersMinutes
08-05 21:53:52.912 16090 16090 I SettingsManager: Getting boolean: showHiddenSessions
08-05 21:53:52.915 16090 16090 I SessionReminderNotifier: Created session reminder alarm for f7b4771250a919bd729c1c5a4a459c77 at Mon 08:30:00 10/08/20
08-05 21:53:52.918 16090 16090 I SessionReminderNotifier: Created session reminder alarm for a7f879aabdeb78622c8820a5fb7b64cd at Tue 08:30:00 11/08/20
08-05 21:53:52.918   512  2967 I soundtrigger: audio_extn_sound_trigger_update_device_status: device 0x2 of type 0 for Event 0
08-05 21:53:52.921 16090 16090 I SessionReminderNotifier: Created session reminder alarm for 7bc8d7e2c2055711f597c3d9078c6ea3 at Tue 08:30:00 11/08/20
08-05 21:53:52.926 16090 16090 I SessionReminderNotifier: Created session reminder alarm for 53c0527a6f009a1f2fd223834d3bfe51 at Tue 10:30:00 11/08/20
08-05 21:53:52.928 16090 16090 I SessionReminderNotifier: Created session reminder alarm for e0fc978b5db8218778540b4053344581 at Tue 11:00:00 11/08/20
08-05 21:53:52.931 16090 16090 I SessionReminderNotifier: Created session reminder alarm for 199afb0100f329ff65a09e1b0cd9deba at Tue 11:30:00 11/08/20
08-05 21:53:52.933 16090 16090 I SessionReminderNotifier: Created session reminder alarm for 21712fef61090882c855a1425543edb5 at Tue 13:30:00 11/08/20
08-05 21:53:52.935 16090 16090 I SessionReminderNotifier: Created session reminder alarm for 65ca4d97f031f29a4d02bbb45a705d8f at Wed 08:30:00 12/08/20
08-05 21:53:52.936 16090 16090 I SessionReminderNotifier: Created session reminder alarm for eeda7741b0bcab58fd9f46dc6ef1d942 at Wed 08:30:00 12/08/20
08-05 21:53:52.939 16090 16090 I SessionReminderNotifier: Created session reminder alarm for c276c1b2075a0beb67f1b3d1e580f920 at Wed 11:00:00 12/08/20
08-05 21:53:52.941 16090 16090 I SessionReminderNotifier: Created session reminder alarm for 8b1f3627e42ae13a6f6ba0a83903dde1 at Wed 13:30:00 12/08/20
08-05 21:53:52.942 16090 16101 I art     : Explicit concurrent mark sweep GC freed 14619(693KB) AllocSpace objects, 2(36KB) LOS objects, 30% free, 36MB/52MB, paused 732us total 58.279ms
08-05 21:53:52.944 16090 16090 I SessionReminderNotifier: Created session reminder alarm for 79fe0b5c3b887a13ba29db5a33fa2800 at Thu 08:30:00 06/08/20
08-05 21:53:52.946 16090 16090 I SessionReminderNotifier: Created session reminder alarm for cb9dfc8231cdba2be0835dc5709690e1 at Thu 08:30:00 06/08/20
08-05 21:53:52.948 16090 16090 I SessionReminderNotifier: Created session reminder alarm for f850dc24d6de60b7b89fa9e1a8c224c5 at Thu 12:00:00 06/08/20
08-05 21:53:52.950 16090 16090 I SessionReminderNotifier: Created session reminder alarm for 2ba1034116e4fffdd592dbf0796a43d5 at Fri 08:30:00 07/08/20
08-05 21:53:52.950 16090 16090 I SettingsManager: Getting boolean: showHiddenSessions
08-05 21:53:52.951 16090 16090 D SessionListsFragment: 1 sessions for day 0
08-05 21:53:52.951 16090 16090 D SessionListsFragment: 6 sessions for day 1
08-05 21:53:52.951 16090 16090 D SessionListsFragment: 4 sessions for day 2
08-05 21:53:52.951 16090 16090 D SessionListsFragment: 3 sessions for day 3
08-05 21:53:52.951 16090 16090 D SessionListsFragment: 1 sessions for day 4
08-05 21:53:52.961 16090 16101 I art     : Starting a blocking GC Explicit
08-05 21:53:52.997 16090 16090 I SettingsManager: Getting boolean: showHiddenSessions
08-05 21:53:52.998 16090 16090 D SessionListsFragment: Refreshed ViewPager
08-05 21:53:52.998 16090 16090 I SettingsManager: Getting boolean: showHiddenSessions
08-05 21:53:52.998 16090 16090 I SettingsManager: Getting boolean: completedTutorial
08-05 21:53:52.998 16090 16090 I SettingsManager: Getting boolean: showHiddenSessions
08-05 21:53:52.998 16090 16090 I SettingsManager: Getting date: savedSessionsTime
08-05 21:53:53.022 16090 16101 I art     : Explicit concurrent mark sweep GC freed 9042(409KB) AllocSpace objects, 0(0B) LOS objects, 30% free, 36MB/52MB, paused 1.506ms total 60.847ms
08-05 21:53:53.342 16090 16103 I art     : Starting a blocking GC Explicit
08-05 21:53:53.435 16090 16103 I art     : Explicit concurrent mark sweep GC freed 129552(5MB) AllocSpace objects, 1(20KB) LOS objects, 29% free, 37MB/53MB, paused 1.394ms total 92.672ms
08-05 21:53:53.458 16090 16103 I art     : Starting a blocking GC Explicit
08-05 21:53:53.534 16090 16103 I art     : Explicit concurrent mark sweep GC freed 38004(1699KB) AllocSpace objects, 0(0B) LOS objects, 29% free, 37MB/53MB, paused 1.515ms total 75.491ms
08-05 21:53:53.557 16090 16103 I art     : Starting a blocking GC Explicit
08-05 21:53:53.639 16090 16103 I art     : Explicit concurrent mark sweep GC freed 32743(1360KB) AllocSpace objects, 0(0B) LOS objects, 29% free, 37MB/53MB, paused 1.471ms total 81.441ms
08-05 21:53:53.663 16090 16103 I art     : Starting a blocking GC Explicit
08-05 21:53:53.743 16090 16103 I art     : Explicit concurrent mark sweep GC freed 33383(1380KB) AllocSpace objects, 0(0B) LOS objects, 29% free, 37MB/53MB, paused 1.610ms total 80.361ms
08-05 21:53:53.767 16090 16103 I art     : Starting a blocking GC Explicit
08-05 21:53:53.829 16090 16090 I Choreographer: Skipped 49 frames!  The application may be doing too much work on its main thread.
08-05 21:53:53.848 16090 16103 I art     : Explicit concurrent mark sweep GC freed 29619(1211KB) AllocSpace objects, 0(0B) LOS objects, 29% free, 37MB/53MB, paused 892us total 80.289ms
08-05 21:53:54.208 16090 16111 I art     : Starting a blocking GC Explicit
08-05 21:53:54.302 16090 16111 I art     : Explicit concurrent mark sweep GC freed 2776(174KB) AllocSpace objects, 1(20KB) LOS objects, 29% free, 37MB/53MB, paused 651us total 94.008ms
08-05 21:53:54.327 16090 16111 I art     : Starting a blocking GC Explicit
08-05 21:53:54.393 16090 16111 I art     : Explicit concurrent mark sweep GC freed 121542(11MB) AllocSpace objects, 3(136KB) LOS objects, 37% free, 26MB/42MB, paused 574us total 65.394ms
08-05 21:53:54.408 16090 16111 I art     : Starting a blocking GC Explicit
08-05 21:53:54.450 16090 16111 I art     : Explicit concurrent mark sweep GC freed 3(96B) AllocSpace objects, 0(0B) LOS objects, 37% free, 26MB/42MB, paused 550us total 42.192ms
08-05 21:53:54.466 16090 16111 I art     : Starting a blocking GC Explicit
08-05 21:53:54.513 16090 16111 I art     : Explicit concurrent mark sweep GC freed 3(96B) AllocSpace objects, 0(0B) LOS objects, 37% free, 26MB/42MB, paused 577us total 46.809ms
08-05 21:53:54.529 16090 16111 I art     : Starting a blocking GC Explicit
08-05 21:53:54.577 16090 16111 I art     : Explicit concurrent mark sweep GC freed 6(288B) AllocSpace objects, 0(0B) LOS objects, 37% free, 26MB/42MB, paused 587us total 47.219ms
08-05 21:53:54.928 16090 16101 I art     : Starting a blocking GC Explicit
08-05 21:53:54.979 16090 16101 I art     : Explicit concurrent mark sweep GC freed 1442(80KB) AllocSpace objects, 1(20KB) LOS objects, 37% free, 26MB/42MB, paused 609us total 50.907ms
08-05 21:53:54.998 16090 16101 I art     : Starting a blocking GC Explicit
08-05 21:53:55.043 16090 16101 I art     : Explicit concurrent mark sweep GC freed 20(704B) AllocSpace objects, 0(0B) LOS objects, 37% free, 26MB/42MB, paused 553us total 44.723ms
08-05 21:53:55.060 16090 16101 I art     : Starting a blocking GC Explicit
08-05 21:53:55.107 16090 16101 I art     : Explicit concurrent mark sweep GC freed 3(96B) AllocSpace objects, 0(0B) LOS objects, 37% free, 26MB/42MB, paused 570us total 46.331ms
08-05 21:53:55.123 16090 16101 I art     : Starting a blocking GC Explicit
08-05 21:53:55.169 16090 16101 I art     : Explicit concurrent mark sweep GC freed 3(96B) AllocSpace objects, 0(0B) LOS objects, 37% free, 26MB/42MB, paused 562us total 46.072ms
08-05 21:53:55.185 16090 16101 I art     : Starting a blocking GC Explicit
08-05 21:53:55.233 16090 16101 I art     : Explicit concurrent mark sweep GC freed 3(96B) AllocSpace objects, 0(0B) LOS objects, 37% free, 26MB/42MB, paused 557us total 47.476ms
08-05 21:53:55.594 16090 16111 I art     : Starting a blocking GC Explicit
08-05 21:53:55.652 16090 16111 I art     : Explicit concurrent mark sweep GC freed 1293(75KB) AllocSpace objects, 1(20KB) LOS objects, 37% free, 26MB/42MB, paused 563us total 57.980ms
08-05 21:53:55.673 16090 16111 I art     : Starting a blocking GC Explicit
08-05 21:53:55.722 16090 16111 I art     : Explicit concurrent mark sweep GC freed 18(624B) AllocSpace objects, 0(0B) LOS objects, 37% free, 26MB/42MB, paused 566us total 48.846ms
08-05 21:53:55.739 16090 16111 I art     : Starting a blocking GC Explicit
08-05 21:53:55.786 16090 16111 I art     : Explicit concurrent mark sweep GC freed 3(96B) AllocSpace objects, 0(0B) LOS objects, 37% free, 26MB/42MB, paused 575us total 47.319ms
08-05 21:53:55.803 16090 16111 I art     : Starting a blocking GC Explicit
08-05 21:53:55.851 16090 16111 I art     : Explicit concurrent mark sweep GC freed 3(96B) AllocSpace objects, 0(0B) LOS objects, 37% free, 26MB/42MB, paused 570us total 47.835ms
08-05 21:53:55.868 16090 16111 I art     : Starting a blocking GC Explicit
08-05 21:53:55.913 16090 16111 I art     : Explicit concurrent mark sweep GC freed 3(96B) AllocSpace objects, 0(0B) LOS objects, 37% free, 26MB/42MB, paused 555us total 45.293ms
08-05 21:53:56.257 16090 17467 I art     : Starting a blocking GC Explicit
08-05 21:53:56.322 16090 17467 I art     : Explicit concurrent mark sweep GC freed 1293(75KB) AllocSpace objects, 1(20KB) LOS objects, 37% free, 26MB/42MB, paused 550us total 64.292ms
08-05 21:53:56.341 16090 17467 I art     : Starting a blocking GC Explicit
08-05 21:53:56.388 16090 17467 I art     : Explicit concurrent mark sweep GC freed 18(624B) AllocSpace objects, 0(0B) LOS objects, 37% free, 26MB/42MB, paused 562us total 47.049ms
08-05 21:53:56.405 16090 17467 I art     : Starting a blocking GC Explicit
08-05 21:53:56.451 16090 17467 I art     : Explicit concurrent mark sweep GC freed 3(96B) AllocSpace objects, 0(0B) LOS objects, 37% free, 26MB/42MB, paused 558us total 45.523ms
08-05 21:53:56.468 16090 17467 I art     : Starting a blocking GC Explicit
08-05 21:53:56.515 16090 17467 I art     : Explicit concurrent mark sweep GC freed 3(96B) AllocSpace objects, 0(0B) LOS objects, 37% free, 26MB/42MB, paused 530us total 47.386ms
08-05 21:53:56.532 16090 17467 I art     : Starting a blocking GC Explicit
08-05 21:53:56.578 16090 17467 I art     : Explicit concurrent mark sweep GC freed 3(96B) AllocSpace objects, 0(0B) LOS objects, 37% free, 26MB/42MB, paused 559us total 46.032ms
08-05 21:53:56.922 16090 17467 I art     : Starting a blocking GC Explicit
08-05 21:53:56.968 16090 17467 I art     : Explicit concurrent mark sweep GC freed 1306(76KB) AllocSpace objects, 1(20KB) LOS objects, 37% free, 26MB/42MB, paused 667us total 45.756ms
08-05 21:53:56.985 16090 17467 I art     : Starting a blocking GC Explicit
08-05 21:53:57.029 16090 17467 I art     : Explicit concurrent mark sweep GC freed 21(672B) AllocSpace objects, 0(0B) LOS objects, 37% free, 26MB/42MB, paused 529us total 44.354ms
08-05 21:53:57.046 16090 17467 I art     : Starting a blocking GC Explicit
08-05 21:53:57.089 16090 17467 I art     : Explicit concurrent mark sweep GC freed 30(1152B) AllocSpace objects, 0(0B) LOS objects, 37% free, 26MB/42MB, paused 855us total 42.899ms
08-05 21:53:57.105 16090 17467 I art     : Starting a blocking GC Explicit
08-05 21:53:57.130 17520 17520 D AndroidRuntime: >>>>>> START com.android.internal.os.RuntimeInit uid 2000 <<<<<<
08-05 21:53:57.135 17520 17520 D AndroidRuntime: CheckJNI is OFF
08-05 21:53:57.148 16090 17467 I art     : Explicit concurrent mark sweep GC freed 56(1712B) AllocSpace objects, 0(0B) LOS objects, 37% free, 26MB/42MB, paused 563us total 42.267ms
08-05 21:53:57.162 16090 17467 I art     : Starting a blocking GC Explicit
08-05 21:53:57.180 17520 17520 D ICU     : No timezone override file found: /data/misc/zoneinfo/current/icu/icu_tzdata.dat
08-05 21:53:57.206 16090 17467 I art     : Explicit concurrent mark sweep GC freed 151(10KB) AllocSpace objects, 0(0B) LOS objects, 37% free, 26MB/42MB, paused 589us total 43.265ms
08-05 21:53:57.227 17520 17520 I Radio-JNI: register_android_hardware_Radio DONE
08-05 21:53:57.256 17520 17520 D AndroidRuntime: Calling main entry com.android.commands.input.Input
08-05 21:53:57.259 17520 17520 I Input   : injectMotionEvent: MotionEvent { action=ACTION_DOWN, actionButton=0, id[0]=0, x[0]=81.0, y[0]=176.0, toolType[0]=TOOL_TYPE_UNKNOWN, buttonState=0, metaState=0, flags=0x0, edgeFlags=0x0, pointerCount=1, historySize=0, eventTime=827653672, downTime=827653672, deviceId=0, source=0x1002 }
08-05 21:53:57.265 17520 17520 I Input   : injectMotionEvent: MotionEvent { action=ACTION_UP, actionButton=0, id[0]=0, x[0]=81.0, y[0]=176.0, toolType[0]=TOOL_TYPE_UNKNOWN, buttonState=0, metaState=0, flags=0x0, edgeFlags=0x0, pointerCount=1, historySize=0, eventTime=827653672, downTime=827653672, deviceId=0, source=0x1002 }
08-05 21:53:57.269 17520 17520 D AndroidRuntime: Shutting down VM
08-05 21:53:57.287   512  2967 D audio_hw_primary: out_set_parameters: enter: usecase(1: low-latency-playback) kvpairs: routing=2
08-05 21:53:57.300   512  2967 D audio_hw_primary: select_devices: out_snd_device(2: speaker) in_snd_device(0: none)
08-05 21:53:57.300   512  2967 D msm8974_platform: platform_send_audio_calibration: sending audio calibration for snd_device(2) acdb_id(15)
08-05 21:53:57.300   512  2967 I soundtrigger: audio_extn_sound_trigger_update_device_status: device 0x2 of type 0 for Event 1
08-05 21:53:57.315   512  2967 D audio_hw_primary: enable_snd_device: snd_device(2: speaker)
08-05 21:53:57.318   512  2967 D audio_hw_primary: enable_audio_route: apply and update mixer path: low-latency-playback speaker
08-05 21:53:57.321 13866 13866 I GoogleInputMethodServic: GoogleInputMethodService.onFinishInput():3138 
08-05 21:53:57.322 13866 13866 I GoogleInputMethodServic: GoogleInputMethodService.onStartInput():1808 
08-05 21:53:57.513 16090 16103 I art     : Starting a blocking GC Explicit
08-05 21:53:57.562 16090 16103 I art     : Explicit concurrent mark sweep GC freed 1710(96KB) AllocSpace objects, 1(20KB) LOS objects, 37% free, 26MB/42MB, paused 585us total 48.866ms
08-05 21:53:57.578 16090 16103 I art     : Starting a blocking GC Explicit
08-05 21:53:57.622 16090 16103 I art     : Explicit concurrent mark sweep GC freed 34(1312B) AllocSpace objects, 0(0B) LOS objects, 37% free, 26MB/42MB, paused 540us total 42.953ms
08-05 21:53:57.625 13866 13882 I PeriodicStatsRunner: PeriodicStatsRunner.call():175 call()
08-05 21:53:57.625 13866 13882 I PeriodicStatsRunner: PeriodicStatsRunner.call():179 No submit PeriodicStats since input started.
08-05 21:53:57.638 16090 16103 I art     : Starting a blocking GC Explicit
08-05 21:53:57.677 16090 16103 I art     : Explicit concurrent mark sweep GC freed 3(96B) AllocSpace objects, 0(0B) LOS objects, 37% free, 26MB/42MB, paused 601us total 39.689ms
08-05 21:53:57.692 16090 16103 I art     : Starting a blocking GC Explicit
08-05 21:53:57.735 16090 16103 I art     : Explicit concurrent mark sweep GC freed 21(1008B) AllocSpace objects, 0(0B) LOS objects, 37% free, 26MB/42MB, paused 735us total 42.626ms
08-05 21:53:57.751 16090 16103 I art     : Starting a blocking GC Explicit
08-05 21:53:57.791 16090 16103 I art     : Explicit concurrent mark sweep GC freed 13(416B) AllocSpace objects, 0(0B) LOS objects, 37% free, 26MB/42MB, paused 532us total 40.313ms
08-05 21:53:57.860   512  2967 D audio_hw_primary: disable_audio_route: reset and update mixer path: low-latency-playback speaker
08-05 21:53:57.861   512  2967 D audio_hw_primary: disable_snd_device: snd_device(2: speaker)
08-05 21:53:57.871   512  2967 I soundtrigger: audio_extn_sound_trigger_update_device_status: device 0x2 of type 0 for Event 0
08-05 21:53:58.103 16090 17467 I art     : Starting a blocking GC Explicit
08-05 21:53:58.166 16090 17467 I art     : Explicit concurrent mark sweep GC freed 1293(75KB) AllocSpace objects, 1(20KB) LOS objects, 37% free, 26MB/42MB, paused 622us total 62.039ms
08-05 21:53:58.187 16090 17467 I art     : Starting a blocking GC Explicit
08-05 21:53:58.229 16090 17467 I art     : Explicit concurrent mark sweep GC freed 20(688B) AllocSpace objects, 0(0B) LOS objects, 37% free, 26MB/42MB, paused 555us total 41.958ms
08-05 21:53:58.245 16090 17467 I art     : Starting a blocking GC Explicit
08-05 21:53:58.289 16090 17467 I art     : Explicit concurrent mark sweep GC freed 3(96B) AllocSpace objects, 0(0B) LOS objects, 37% free, 26MB/42MB, paused 526us total 44.209ms
08-05 21:53:58.305 16090 17467 I art     : Starting a blocking GC Explicit
08-05 21:53:58.348 16090 17467 I art     : Explicit concurrent mark sweep GC freed 3(96B) AllocSpace objects, 0(0B) LOS objects, 37% free, 26MB/42MB, paused 575us total 42.667ms
08-05 21:53:58.363 16090 17467 I art     : Starting a blocking GC Explicit
08-05 21:53:58.407 16090 17467 I art     : Explicit concurrent mark sweep GC freed 3(96B) AllocSpace objects, 0(0B) LOS objects, 37% free, 26MB/42MB, paused 626us total 43.775ms
08-05 21:53:58.700 16090 16310 I art     : Starting a blocking GC Explicit
08-05 21:53:58.750 16090 16310 I art     : Explicit concurrent mark sweep GC freed 1293(75KB) AllocSpace objects, 1(20KB) LOS objects, 37% free, 26MB/42MB, paused 616us total 49.838ms
08-05 21:53:58.768 16090 16310 I art     : Starting a blocking GC Explicit
08-05 21:53:58.811 16090 16310 I art     : Explicit concurrent mark sweep GC freed 18(624B) AllocSpace objects, 0(0B) LOS objects, 37% free, 26MB/42MB, paused 550us total 42.691ms
08-05 21:53:58.826 16090 16310 I art     : Starting a blocking GC Explicit
08-05 21:53:58.868 16090 16310 I art     : Explicit concurrent mark sweep GC freed 3(96B) AllocSpace objects, 0(0B) LOS objects, 37% free, 26MB/42MB, paused 579us total 41.627ms
08-05 21:53:58.883 16090 16310 I art     : Starting a blocking GC Explicit
08-05 21:53:58.925 16090 16310 I art     : Explicit concurrent mark sweep GC freed 4(128B) AllocSpace objects, 0(0B) LOS objects, 37% free, 26MB/42MB, paused 539us total 41.669ms
08-05 21:53:58.941 16090 16310 I art     : Starting a blocking GC Explicit
08-05 21:53:58.985 16090 16310 I art     : Explicit concurrent mark sweep GC freed 8(256B) AllocSpace objects, 0(0B) LOS objects, 37% free, 26MB/42MB, paused 542us total 43.504ms
08-05 21:53:59.075 17564 17564 D AndroidRuntime: >>>>>> START com.android.internal.os.RuntimeInit uid 2000 <<<<<<
08-05 21:53:59.082 17564 17564 D AndroidRuntime: CheckJNI is OFF
08-05 21:53:59.125 17564 17564 D ICU     : No timezone override file found: /data/misc/zoneinfo/current/icu/icu_tzdata.dat
08-05 21:53:59.168 17564 17564 I Radio-JNI: register_android_hardware_Radio DONE
08-05 21:53:59.198 17564 17564 D AndroidRuntime: Calling main entry com.android.commands.input.Input
08-05 21:53:59.200 17564 17564 I Input   : injectMotionEvent: MotionEvent { action=ACTION_DOWN, actionButton=0, id[0]=0, x[0]=360.0, y[0]=1098.0, toolType[0]=TOOL_TYPE_UNKNOWN, buttonState=0, metaState=0, flags=0x0, edgeFlags=0x0, pointerCount=1, historySize=0, eventTime=827655613, downTime=827655613, deviceId=0, source=0x1002 }
08-05 21:53:59.209 17564 17564 I Input   : injectMotionEvent: MotionEvent { action=ACTION_UP, actionButton=0, id[0]=0, x[0]=360.0, y[0]=1098.0, toolType[0]=TOOL_TYPE_UNKNOWN, buttonState=0, metaState=0, flags=0x0, edgeFlags=0x0, pointerCount=1, historySize=0, eventTime=827655613, downTime=827655613, deviceId=0, source=0x1002 }
08-05 21:53:59.211 17564 17564 D AndroidRuntime: Shutting down VM
08-05 21:53:59.220 16090 16090 D MainActivity: NavigationItemSelected: Term dates
08-05 21:53:59.222   512  2967 D audio_hw_primary: out_set_parameters: enter: usecase(1: low-latency-playback) kvpairs: routing=2
08-05 21:53:59.235   512  2967 D audio_hw_primary: select_devices: out_snd_device(2: speaker) in_snd_device(0: none)
08-05 21:53:59.235   512  2967 D msm8974_platform: platform_send_audio_calibration: sending audio calibration for snd_device(2) acdb_id(15)
08-05 21:53:59.235   512  2967 I soundtrigger: audio_extn_sound_trigger_update_device_status: device 0x2 of type 0 for Event 1
08-05 21:53:59.252   512  2967 D audio_hw_primary: enable_snd_device: snd_device(2: speaker)
08-05 21:53:59.254   512  2967 D audio_hw_primary: enable_audio_route: apply and update mixer path: low-latency-playback speaker
08-05 21:53:59.337 16090 17467 I art     : Starting a blocking GC Explicit
08-05 21:53:59.376 16090 17467 I art     : Explicit concurrent mark sweep GC freed 1828(96KB) AllocSpace objects, 1(20KB) LOS objects, 37% free, 26MB/42MB, paused 620us total 38.131ms
08-05 21:53:59.390 16090 17467 I art     : Starting a blocking GC Explicit
08-05 21:53:59.429 16090 17467 I art     : Explicit concurrent mark sweep GC freed 211(15KB) AllocSpace objects, 0(0B) LOS objects, 37% free, 26MB/42MB, paused 555us total 38.281ms
08-05 21:53:59.445 16090 17467 I art     : Starting a blocking GC Explicit
08-05 21:53:59.483 16090 17467 I art     : Explicit concurrent mark sweep GC freed 8(256B) AllocSpace objects, 0(0B) LOS objects, 37% free, 26MB/42MB, paused 520us total 38.004ms
08-05 21:53:59.498 16090 17467 I art     : Starting a blocking GC Explicit
08-05 21:53:59.538 16090 17467 I art     : Explicit concurrent mark sweep GC freed 9(288B) AllocSpace objects, 0(0B) LOS objects, 37% free, 26MB/42MB, paused 822us total 40.061ms
08-05 21:53:59.553 16090 17467 I art     : Starting a blocking GC Explicit
08-05 21:53:59.592 16090 17467 I art     : Explicit concurrent mark sweep GC freed 12(384B) AllocSpace objects, 0(0B) LOS objects, 37% free, 26MB/42MB, paused 574us total 39.355ms
08-05 21:53:59.656 13866 13866 I GoogleInputMethodServic: GoogleInputMethodService.onFinishInput():3138 
08-05 21:53:59.657 13866 13866 I GoogleInputMethodServic: GoogleInputMethodService.onStartInput():1808 
08-05 21:53:59.799   512  2967 D audio_hw_primary: disable_audio_route: reset and update mixer path: low-latency-playback speaker
08-05 21:53:59.802   512  2967 D audio_hw_primary: disable_snd_device: snd_device(2: speaker)
08-05 21:53:59.813   512  2967 I soundtrigger: audio_extn_sound_trigger_update_device_status: device 0x2 of type 0 for Event 0
08-05 21:53:59.945 16090 16103 I art     : Starting a blocking GC Explicit
08-05 21:53:59.994 16090 16103 I art     : Explicit concurrent mark sweep GC freed 1365(77KB) AllocSpace objects, 1(20KB) LOS objects, 37% free, 26MB/42MB, paused 511us total 47.988ms
08-05 21:54:00.013 16090 16103 I art     : Starting a blocking GC Explicit
08-05 21:54:00.056 16090 16103 I art     : Explicit concurrent mark sweep GC freed 28(944B) AllocSpace objects, 0(0B) LOS objects, 37% free, 26MB/42MB, paused 492us total 42.610ms
08-05 21:54:00.071 16090 16103 I art     : Starting a blocking GC Explicit
08-05 21:54:00.111 16090 16103 I art     : Explicit concurrent mark sweep GC freed 9(288B) AllocSpace objects, 0(0B) LOS objects, 37% free, 26MB/42MB, paused 522us total 39.731ms
08-05 21:54:00.126 16090 16103 I art     : Starting a blocking GC Explicit
08-05 21:54:00.170 16090 16103 I art     : Explicit concurrent mark sweep GC freed 9(288B) AllocSpace objects, 0(0B) LOS objects, 37% free, 26MB/42MB, paused 493us total 43.307ms
08-05 21:54:00.187 16090 16103 I art     : Starting a blocking GC Explicit
08-05 21:54:00.231 16090 16103 I art     : Explicit concurrent mark sweep GC freed 12(384B) AllocSpace objects, 0(0B) LOS objects, 37% free, 26MB/42MB, paused 648us total 44.049ms
08-05 21:54:00.582 16090 16103 I art     : Starting a blocking GC Explicit
08-05 21:54:00.630 16090 16103 I art     : Explicit concurrent mark sweep GC freed 1340(77KB) AllocSpace objects, 1(20KB) LOS objects, 37% free, 26MB/42MB, paused 512us total 47.641ms
08-05 21:54:00.649 16090 16103 I art     : Starting a blocking GC Explicit
08-05 21:54:00.690 16090 16103 I art     : Explicit concurrent mark sweep GC freed 25(848B) AllocSpace objects, 0(0B) LOS objects, 37% free, 26MB/42MB, paused 730us total 40.406ms
08-05 21:54:00.707 16090 16103 I art     : Starting a blocking GC Explicit
08-05 21:54:00.751 16090 16103 I art     : Explicit concurrent mark sweep GC freed 10(320B) AllocSpace objects, 0(0B) LOS objects, 37% free, 26MB/42MB, paused 532us total 44.033ms
08-05 21:54:00.767 16090 16103 I art     : Starting a blocking GC Explicit
08-05 21:54:00.810 16090 16103 I art     : Explicit concurrent mark sweep GC freed 11(352B) AllocSpace objects, 0(0B) LOS objects, 37% free, 26MB/42MB, paused 501us total 42.301ms
08-05 21:54:00.827 16090 16103 I art     : Starting a blocking GC Explicit
08-05 21:54:00.874 16090 16103 I art     : Explicit concurrent mark sweep GC freed 11(352B) AllocSpace objects, 0(0B) LOS objects, 37% free, 26MB/42MB, paused 667us total 46.552ms
08-05 21:54:01.237 16090 16111 I art     : Starting a blocking GC Explicit
08-05 21:54:01.289 16090 16111 I art     : Explicit concurrent mark sweep GC freed 1352(77KB) AllocSpace objects, 1(20KB) LOS objects, 37% free, 26MB/42MB, paused 714us total 51.887ms
08-05 21:54:01.308 16090 16111 I art     : Starting a blocking GC Explicit
08-05 21:54:01.356 16090 16111 I art     : Explicit concurrent mark sweep GC freed 18(624B) AllocSpace objects, 0(0B) LOS objects, 37% free, 26MB/42MB, paused 575us total 47.054ms
08-05 21:54:01.356 16090 16100 I art     : WaitForGcToComplete blocked for 33.882ms for cause HeapTrim
08-05 21:54:01.372 16090 16111 I art     : Starting a blocking GC Explicit
08-05 21:54:01.422 16090 16111 I art     : Explicit concurrent mark sweep GC freed 3(96B) AllocSpace objects, 0(0B) LOS objects, 37% free, 26MB/42MB, paused 575us total 49.183ms
08-05 21:54:01.438 16090 16111 I art     : Starting a blocking GC Explicit
08-05 21:54:01.485 16090 16111 I art     : Explicit concurrent mark sweep GC freed 3(96B) AllocSpace objects, 0(0B) LOS objects, 37% free, 26MB/42MB, paused 566us total 46.246ms
08-05 21:54:01.501 16090 16111 I art     : Starting a blocking GC Explicit
08-05 21:54:01.550 16090 16111 I art     : Explicit concurrent mark sweep GC freed 3(96B) AllocSpace objects, 0(0B) LOS objects, 37% free, 26MB/42MB, paused 579us total 48.144ms
08-05 21:54:01.918 16090 17467 I art     : Starting a blocking GC Explicit
08-05 21:54:01.975 16090 17467 I art     : Explicit concurrent mark sweep GC freed 1293(75KB) AllocSpace objects, 1(20KB) LOS objects, 37% free, 26MB/42MB, paused 564us total 56.412ms
08-05 21:54:01.991 16090 17467 I art     : Starting a blocking GC Explicit
08-05 21:54:02.039 16090 17467 I art     : Explicit concurrent mark sweep GC freed 18(624B) AllocSpace objects, 0(0B) LOS objects, 37% free, 26MB/42MB, paused 622us total 46.959ms
08-05 21:54:02.055 16090 17467 I art     : Starting a blocking GC Explicit
08-05 21:54:02.101 16090 17467 I art     : Explicit concurrent mark sweep GC freed 3(96B) AllocSpace objects, 0(0B) LOS objects, 37% free, 26MB/42MB, paused 523us total 45.303ms
08-05 21:54:02.117 16090 17467 I art     : Starting a blocking GC Explicit
08-05 21:54:02.166 16090 17467 I art     : Explicit concurrent mark sweep GC freed 3(96B) AllocSpace objects, 0(0B) LOS objects, 37% free, 26MB/42MB, paused 561us total 48.877ms
08-05 21:54:02.183 16090 17467 I art     : Starting a blocking GC Explicit
08-05 21:54:02.230 16090 17467 I art     : Explicit concurrent mark sweep GC freed 3(96B) AllocSpace objects, 0(0B) LOS objects, 37% free, 26MB/42MB, paused 568us total 47.109ms
08-05 21:54:02.322 13866 13882 I PeriodicStatsRunner: PeriodicStatsRunner.call():175 call()
08-05 21:54:02.323 13866 13882 I PeriodicStatsRunner: PeriodicStatsRunner.call():179 No submit PeriodicStats since input started.
08-05 21:54:02.595 16090 16310 I art     : Starting a blocking GC Explicit
08-05 21:54:02.651 16090 16310 I art     : Explicit concurrent mark sweep GC freed 1293(75KB) AllocSpace objects, 1(20KB) LOS objects, 37% free, 26MB/42MB, paused 620us total 55.076ms
08-05 21:54:02.671 16090 16310 I art     : Starting a blocking GC Explicit
08-05 21:54:02.718 16090 16310 I art     : Explicit concurrent mark sweep GC freed 18(624B) AllocSpace objects, 0(0B) LOS objects, 37% free, 26MB/42MB, paused 628us total 46.861ms
08-05 21:54:02.734 16090 16310 I art     : Starting a blocking GC Explicit
08-05 21:54:02.782 16090 16310 I art     : Explicit concurrent mark sweep GC freed 3(96B) AllocSpace objects, 0(0B) LOS objects, 37% free, 26MB/42MB, paused 574us total 47.273ms
08-05 21:54:02.798 16090 16310 I art     : Starting a blocking GC Explicit
08-05 21:54:02.845 16090 16310 I art     : Explicit concurrent mark sweep GC freed 3(96B) AllocSpace objects, 0(0B) LOS objects, 37% free, 26MB/42MB, paused 608us total 46.956ms
08-05 21:54:02.862 16090 16310 I art     : Starting a blocking GC Explicit
08-05 21:54:02.907 16090 16310 I art     : Explicit concurrent mark sweep GC freed 3(96B) AllocSpace objects, 0(0B) LOS objects, 37% free, 26MB/42MB, paused 641us total 45.611ms
08-05 21:54:03.295 16090 16103 I art     : Starting a blocking GC Explicit
08-05 21:54:03.355 16090 16103 I art     : Explicit concurrent mark sweep GC freed 1293(75KB) AllocSpace objects, 1(20KB) LOS objects, 37% free, 26MB/42MB, paused 586us total 59.337ms
08-05 21:54:03.376 16090 16103 I art     : Starting a blocking GC Explicit
08-05 21:54:03.396 15748 15748 I ServiceManager: Waiting for service AtCmdFwd...
08-05 21:54:03.418   918  3188 I hubconnection: sensorhub said: 'set_bias 3: -6.2400, 0.0000, 0.0000'
08-05 21:54:03.422 16090 16103 I art     : Explicit concurrent mark sweep GC freed 18(624B) AllocSpace objects, 0(0B) LOS objects, 37% free, 26MB/42MB, paused 568us total 45.939ms
08-05 21:54:03.439 16090 16103 I art     : Starting a blocking GC Explicit
08-05 21:54:03.484 16090 16103 I art     : Explicit concurrent mark sweep GC freed 3(96B) AllocSpace objects, 0(0B) LOS objects, 37% free, 26MB/42MB, paused 527us total 44.513ms
08-05 21:54:03.500 16090 16103 I art     : Starting a blocking GC Explicit
08-05 21:54:03.538 16090 16103 I art     : Explicit concurrent mark sweep GC freed 3(96B) AllocSpace objects, 0(0B) LOS objects, 37% free, 26MB/42MB, paused 605us total 37.489ms
08-05 21:54:03.553 16090 16103 I art     : Starting a blocking GC Explicit
08-05 21:54:03.593 16090 16103 I art     : Explicit concurrent mark sweep GC freed 3(96B) AllocSpace objects, 0(0B) LOS objects, 37% free, 26MB/42MB, paused 552us total 40.382ms
08-05 21:54:03.947 16090 16101 I art     : Starting a blocking GC Explicit
08-05 21:54:03.997 16090 16101 I art     : Explicit concurrent mark sweep GC freed 1293(75KB) AllocSpace objects, 1(20KB) LOS objects, 37% free, 26MB/42MB, paused 553us total 49.986ms
08-05 21:54:04.013 16090 16101 I art     : Starting a blocking GC Explicit
08-05 21:54:04.057 16090 16101 I art     : Explicit concurrent mark sweep GC freed 18(624B) AllocSpace objects, 0(0B) LOS objects, 37% free, 26MB/42MB, paused 628us total 43.977ms
08-05 21:54:04.069 17667 17667 D AndroidRuntime: >>>>>> START com.android.internal.os.RuntimeInit uid 2000 <<<<<<
08-05 21:54:04.074 16090 16101 I art     : Starting a blocking GC Explicit
08-05 21:54:04.076 17667 17667 D AndroidRuntime: CheckJNI is OFF
08-05 21:54:04.115 16090 16101 I art     : Explicit concurrent mark sweep GC freed 3(96B) AllocSpace objects, 0(0B) LOS objects, 37% free, 26MB/42MB, paused 560us total 40.675ms
08-05 21:54:04.118 17667 17667 D ICU     : No timezone override file found: /data/misc/zoneinfo/current/icu/icu_tzdata.dat
08-05 21:54:04.130 16090 16101 I art     : Starting a blocking GC Explicit
08-05 21:54:04.164 17667 17667 I Radio-JNI: register_android_hardware_Radio DONE
08-05 21:54:04.173 16090 16101 I art     : Explicit concurrent mark sweep GC freed 3(96B) AllocSpace objects, 0(0B) LOS objects, 37% free, 26MB/42MB, paused 633us total 42.932ms
08-05 21:54:04.189 16090 16101 I art     : Starting a blocking GC Explicit
08-05 21:54:04.195 17667 17667 D AndroidRuntime: Calling main entry com.android.commands.am.Am
08-05 21:54:04.205 19822 19822 I Trepn   : Trepn 6.2s: Received intent: com.quicinc.trepn.stop_profiling
08-05 21:54:04.231 16090 16101 I art     : Explicit concurrent mark sweep GC freed 3(96B) AllocSpace objects, 0(0B) LOS objects, 37% free, 26MB/42MB, paused 504us total 41.875ms
08-05 21:54:04.267 19822 19822 I Trepn   : Trepn 6.2s: Trepn has Stopped Profiling.
08-05 21:54:04.397 15748 15748 I ServiceManager: Waiting for service AtCmdFwd...
08-05 21:54:04.506 17667 17667 D AndroidRuntime: Shutting down VM
08-05 21:54:04.511   918  6110 W AppOps  : Finishing op nesting under-run: uid 10078 pkg com.quicinc.trepn code 24 time=0 duration=0 nesting=0
08-05 21:54:04.594 16090 16111 I art     : Starting a blocking GC Explicit
08-05 21:54:04.635 16090 16111 I art     : Explicit concurrent mark sweep GC freed 1293(75KB) AllocSpace objects, 1(20KB) LOS objects, 37% free, 26MB/42MB, paused 519us total 39.771ms
08-05 21:54:04.650 16090 16111 I art     : Starting a blocking GC Explicit
08-05 21:54:04.657 13866 13882 I PeriodicStatsRunner: PeriodicStatsRunner.call():175 call()
08-05 21:54:04.657 13866 13882 I PeriodicStatsRunner: PeriodicStatsRunner.call():179 No submit PeriodicStats since input started.
08-05 21:54:04.692 16090 16111 I art     : Explicit concurrent mark sweep GC freed 18(624B) AllocSpace objects, 0(0B) LOS objects, 37% free, 26MB/42MB, paused 537us total 41.486ms
08-05 21:54:04.707 16090 16111 I art     : Starting a blocking GC Explicit
08-05 21:54:04.747 16090 16111 I art     : Explicit concurrent mark sweep GC freed 3(96B) AllocSpace objects, 0(0B) LOS objects, 37% free, 26MB/42MB, paused 586us total 40.254ms
08-05 21:54:04.763 16090 16111 I art     : Starting a blocking GC Explicit
08-05 21:54:04.803 16090 16111 I art     : Explicit concurrent mark sweep GC freed 3(96B) AllocSpace objects, 0(0B) LOS objects, 37% free, 26MB/42MB, paused 508us total 39.366ms
08-05 21:54:04.818 16090 16111 I art     : Starting a blocking GC Explicit
08-05 21:54:04.857 16090 16111 I art     : Explicit concurrent mark sweep GC freed 3(96B) AllocSpace objects, 0(0B) LOS objects, 37% free, 26MB/42MB, paused 514us total 38.908ms
08-05 21:54:05.397 15748 15748 I ServiceManager: Waiting for service AtCmdFwd...
08-05 21:54:05.536 16090 16090 D SessionListsFragment: Fired refresh session list handler
08-05 21:54:06.398 15748 15748 I ServiceManager: Waiting for service AtCmdFwd...
