--------- beginning of main
08-05 00:38:06.102 24365 31380 W GCM     : Unexpected forwarded intent: Intent { act=android.intent.action.PACKAGE_ADDED dat=package:baseline.com.ak.uobtimetable flg=0x4000010 cmp=com.google.android.gms/.chimera.PersistentIntentOperationService (has extras) }
08-05 00:38:06.106 24365 31382 W GCM     : Unexpected forwarded intent: Intent { act=android.intent.action.PACKAGE_ADDED dat=package:baseline.com.ak.uobtimetable flg=0x4000010 cmp=com.google.android.gms/.chimera.PersistentIntentOperationService (has extras) }
08-05 00:38:06.117 23763 23763 I Finsky  : [1] uah.a(18): PackageMonitorReceiverImpl - Received: android.intent.action.PACKAGE_ADDED, [jsPREe6yOOhrMreoEvcpPvP36yUmihacpIgcKsaLph8]
08-05 00:38:06.118 23763 23763 I Finsky  : [1] ubi.d(9): Invalidating cached PackageState for baseline.com.ak.uobtimetable
08-05 00:38:06.142 23763 23763 I Finsky  : [1] lzi.c(2): Frosting ID looked up on UI thread. Caller should move to a background thread.
08-05 00:38:06.148 23763 23763 I Finsky  : [1] agsx.a(4): Do not start WearSupportService due to Wear service optimization
08-05 00:38:06.149 23763 23763 I Finsky  : [1] agsx.a(4): Do not start WearSupportService due to Wear service optimization
08-05 00:38:06.153 24577 31376 I Auth    : [SupervisedAccountIntentOperation] onHandleIntent(): android.intent.action.PACKAGE_ADDED
08-05 00:38:06.162 24577 31381 I ChromeSync: [Sync,SyncIntentOperation] Handling the intent: Intent { act=android.intent.action.PACKAGE_ADDED dat=package:baseline.com.ak.uobtimetable flg=0x4000010 cmp=com.google.android.gms/.chimera.GmsIntentOperationService (has extras) }.
08-05 00:38:06.200   918  3359 I AccountManagerService: getTypesVisibleToCaller: isPermitted? true
--------- beginning of system
08-05 00:38:06.209   918  5132 W ActivityManager: Unable to start service Intent { act=com.google.android.gms.auth.key.retrieval.service.START pkg=com.google.android.gms } U=0: not found
08-05 00:38:06.210 24577 31386 I FontLog : Package baseline.com.ak.uobtimetable has no metadata [CONTEXT service_id=132 ]
08-05 00:38:06.265 23763 23763 I Finsky  : [1] zko.a(1): Clearing split related stale data.
08-05 00:38:06.277 23763 23763 I Finsky  : [1] lzi.c(2): Frosting ID looked up on UI thread. Caller should move to a background thread.
08-05 00:38:06.279   918  3961 W ActivityManager: Unbind failed: could not find connection for android.os.BinderProxy@7f27e11
08-05 00:38:06.285 23763 31395 I Finsky  : [5963] eji.a(-1): Asset module storage cleared for package baseline.com.ak.uobtimetable.
08-05 00:38:06.288 24577 24621 E GmsClient: unable to connect to service: com.google.android.gms.auth.key.retrieval.service.START on com.google.android.gms
08-05 00:38:06.328   918  3961 I AccountManagerService: getTypesVisibleToCaller: isPermitted? true
08-05 00:38:06.330 24577 31381 I ChromeSync: [Persistence,AffiliationManager] One of affiliation or grouping data for android://bz0hZa4nAJEtd0n5sRlXG7KAqctUMWVefv7Ki4mh1p6slZ9YO-n9gS9j8m9YCrsIyI2wIxrDHraumF9Y6pBLTA==@baseline.com.ak.uobtimetable/ was not found. Marking affiliation data as stale...
08-05 00:38:06.342 23763 31385 I Finsky  : [5961] lyv.run(-1): Wrote row to frosting DB: 2552
08-05 00:38:06.395   918  3961 I AccountManagerService: getTypesVisibleToCaller: isPermitted? true
08-05 00:38:06.400 23763 31385 I Finsky  : [5961] lyv.run(-1): Wrote row to frosting DB: 2553
08-05 00:38:06.465 24577 13336 I Icing   : IndexChimeraService.getServiceInterface callingPackage=com.google.android.gms componentName=AppsCorpus serviceId=36
08-05 00:38:06.498 24577 24411 W Icing   : No valid account for uploading user actions
08-05 00:38:06.529 24577 13336 I Icing   : IndexChimeraService.getServiceInterface callingPackage=com.google.android.gms componentName=null serviceId=30
08-05 00:38:06.561 23763 23763 I Finsky  : [1] xmu.a(8): SCH: Jobs in database: 1-1337 3-199 3-200 12-1 24-77777777 26-1414141414 
08-05 00:38:06.562 24577 24411 I Icing   : Usage reports ok 1, Failed Usage reports 0, indexed 0, rejected 0
08-05 00:38:06.563 23763 23763 I Finsky  : [1] xio.a(57): SCH: ConstraintMapping: 24-77777777,  -> L: 0ms, D: 73913957ms, C: false, I: true, N: 0
08-05 00:38:06.564 23763 23763 I Finsky  : [1] xio.a(57): SCH: ConstraintMapping: 1-1337, 12-1,  -> L: 14724ms, D: 34066348ms, C: false, I: false, N: 1
08-05 00:38:06.565 23763 23763 I Finsky  : [1] xio.a(57): SCH: ConstraintMapping: 3-199,  -> L: 0ms, D: 85506690ms, C: false, I: true, N: 2
08-05 00:38:06.565 23763 23763 I Finsky  : [1] xio.a(57): SCH: ConstraintMapping: 3-200,  -> L: 0ms, D: 85506796ms, C: true, I: true, N: 2
08-05 00:38:06.566 24577 13336 I Icing   : IndexChimeraService.getServiceInterface callingPackage=com.google.android.gms componentName=null serviceId=36
08-05 00:38:06.566 23763 23763 I Finsky  : [1] xio.a(57): SCH: ConstraintMapping: 26-1414141414,  -> L: 38703831ms, D: 39603831ms, C: false, I: false, N: 0
08-05 00:38:06.566 24577 24411 W Icing   : No valid account for uploading user actions
08-05 00:38:06.568 23763 31394 I Finsky  : [5962] gzn.a(-1): [ContentSync] finished, scheduled=true
08-05 00:38:06.582 23763 23763 I Finsky  : [1] xle.a(34): Cancelling existing jobscheduler jobs: 9001 9011 9013 9005 9010 9009 9014 9012 9002 9008 
08-05 00:38:06.583 23763 23763 I Finsky  : [1] xle.a(27): Scheduling job Id: 9000, L: 0, D: 73913957, C: false, I: true, N: 0
08-05 00:38:06.585 23763 23763 I Finsky  : [1] xle.a(27): Scheduling job Id: 9003, L: 14724, D: 34066348, C: false, I: false, N: 1
08-05 00:38:06.586 24365 24372 I art     : Background partial concurrent mark sweep GC freed 46092(2MB) AllocSpace objects, 0(0B) LOS objects, 28% free, 40MB/56MB, paused 8.157ms total 62.964ms
08-05 00:38:06.590 23763 23763 I Finsky  : [1] xle.a(27): Scheduling job Id: 9004, L: 0, D: 85506690, C: false, I: true, N: 2
08-05 00:38:06.590 24577 24411 I Icing   : Usage reports ok 0, Failed Usage reports 0, indexed 0, rejected 0
08-05 00:38:06.591 24577 24411 I Icing   : Indexing com.google.android.gms-internal.3p:MobileApplication from com.google.android.gms using seqno 763
08-05 00:38:06.592 23763 23763 I Finsky  : [1] xle.a(27): Scheduling job Id: 9006, L: 0, D: 85506796, C: true, I: true, N: 2
08-05 00:38:06.595 23763 23763 I Finsky  : [1] xle.a(27): Scheduling job Id: 9007, L: 38703831, D: 39603831, C: false, I: false, N: 0
08-05 00:38:06.596 23763 23763 I Finsky  : [1] xle.a(27): Scheduling job Id: 9015, L: 0, D: 73913957, C: false, I: true, N: 0
08-05 00:38:06.598 23763 23763 I Finsky  : [1] xle.a(27): Scheduling job Id: 9016, L: 14724, D: 34066348, C: false, I: false, N: 1
08-05 00:38:06.599 23763 23763 I Finsky  : [1] xle.a(27): Scheduling job Id: 9017, L: 0, D: 85506690, C: false, I: true, N: 2
08-05 00:38:06.601 23763 23763 I Finsky  : [1] xle.a(27): Scheduling job Id: 9018, L: 0, D: 85506796, C: true, I: true, N: 2
08-05 00:38:06.602 23763 23763 I Finsky  : [1] xle.a(27): Scheduling job Id: 9019, L: 38703831, D: 39603831, C: false, I: false, N: 0
08-05 00:38:06.614 24577 24411 W Icing   : No valid account for uploading user actions
08-05 00:38:06.626 24577 24411 I Icing   : Usage reports ok 0, Failed Usage reports 0, indexed 0, rejected 0
08-05 00:38:06.671 31408 31408 D AndroidRuntime: >>>>>> START com.android.internal.os.RuntimeInit uid 2000 <<<<<<
08-05 00:38:06.674 31408 31408 D AndroidRuntime: CheckJNI is OFF
08-05 00:38:06.700 31408 31408 D ICU     : No timezone override file found: /data/misc/zoneinfo/current/icu/icu_tzdata.dat
08-05 00:38:06.730 31408 31408 I Radio-JNI: register_android_hardware_Radio DONE
08-05 00:38:06.747 31408 31408 D AndroidRuntime: Calling main entry com.android.commands.monkey.Monkey
08-05 00:38:06.762   918   931 W BroadcastQueue: Skipping deliver [background] BroadcastRecord{3cd9dc u-1 android.net.conn.CONNECTIVITY_CHANGE} to ReceiverList{71fae5 31408 (unknown name)/2000/u-1 remote:36350ae}: process crashing
08-05 00:38:06.772   918   929 I ActivityManager: START u0 {act=android.intent.action.MAIN cat=[android.intent.category.LAUNCHER] flg=0x10200000 cmp=baseline.com.ak.uobtimetable/.MainActivity} from uid 2000 on display 0
08-05 00:38:06.799   918  5481 I ActivityManager: Start proc 31419:baseline.com.ak.uobtimetable/u0a684 for activity baseline.com.ak.uobtimetable/.MainActivity
08-05 00:38:06.800 31419 31419 I art     : Late-enabling -Xcheck:jni
08-05 00:38:06.820 31408 31408 I art     : System.exit called, status: 0
08-05 00:38:06.820 31408 31408 I AndroidRuntime: VM exiting with result code 0.
08-05 00:38:06.853 31419 31419 W System  : ClassLoader referenced unknown path: /data/app/baseline.com.ak.uobtimetable-1/lib/arm64
08-05 00:38:06.862 31419 31419 E Application: Can't init Bugsnag - No key
08-05 00:38:06.862 31419 31419 E Application: java.lang.Exception: Can't init Bugsnag - No key
08-05 00:38:06.862 31419 31419 E Application: 	at baseline.com.ak.uobtimetable.Utilities.Logging.Logger.error(Logger.java:79)
08-05 00:38:06.862 31419 31419 E Application: 	at baseline.com.ak.uobtimetable.MyApplication.onCreate(MyApplication.java:52)
08-05 00:38:06.862 31419 31419 E Application: 	at android.app.Instrumentation.callApplicationOnCreate(Instrumentation.java:1013)
08-05 00:38:06.862 31419 31419 E Application: 	at android.app.ActivityThread.handleBindApplication(ActivityThread.java:4707)
08-05 00:38:06.862 31419 31419 E Application: 	at android.app.ActivityThread.-wrap1(ActivityThread.java)
08-05 00:38:06.862 31419 31419 E Application: 	at android.app.ActivityThread$H.handleMessage(ActivityThread.java:1405)
08-05 00:38:06.862 31419 31419 E Application: 	at android.os.Handler.dispatchMessage(Handler.java:102)
08-05 00:38:06.862 31419 31419 E Application: 	at android.os.Looper.loop(Looper.java:148)
08-05 00:38:06.862 31419 31419 E Application: 	at android.app.ActivityThread.main(ActivityThread.java:5417)
08-05 00:38:06.862 31419 31419 E Application: 	at java.lang.reflect.Method.invoke(Native Method)
08-05 00:38:06.862 31419 31419 E Application: 	at com.android.internal.os.ZygoteInit$MethodAndArgsCaller.run(ZygoteInit.java:726)
08-05 00:38:06.862 31419 31419 E Application: 	at com.android.internal.os.ZygoteInit.main(ZygoteInit.java:616)
08-05 00:38:06.866 31419 31419 I Application: API level: 23
08-05 00:38:06.868 31419 31419 I Application: API level name: M
08-05 00:38:06.869 31419 31419 I Application: Target API level: 29
08-05 00:38:06.869 31419 31419 I Application: Git commit hash: d26bf1fa
08-05 00:38:06.869 31419 31419 I Application: Git branch: master
08-05 00:38:06.869 31419 31419 I Application: Build type: Debug
08-05 00:38:06.874 31419 31419 I Application: Build keys: Release
08-05 00:38:06.875 31419 31419 I Application: Version code: 21
08-05 00:38:06.875 31419 31419 I Application: Version name: 2.5
08-05 00:38:06.876 31419 31419 I Application: Build date: 22:30 03/08/20
08-05 00:38:06.877 31419 31419 I Application: Package update date: 00:38 05/08/20
08-05 00:38:06.878 31419 31419 I SettingsManager: Getting int: launchCount
08-05 00:38:06.879 31419 31419 I SettingsManager: Setting int: launchCount
08-05 00:38:06.881   719 23718 I PBSessionCacheImpl: Deleted sessionId[3163792008073881] from persistence.
08-05 00:38:06.885   719   760 W SearchServiceCore: Abort, client detached.
08-05 00:38:06.886   719   760 I MicroDetectionState: Should stop hotword detection immediately - true
08-05 00:38:06.889   918  3696 W BackupManagerService: dataChanged but no participant pkg='baseline.com.ak.uobtimetable' uid=10684
08-05 00:38:06.889 31419 31419 I Application: Launch count: 1
08-05 00:38:06.893 31419 31419 I Application: Network: TYPE_WIFI
08-05 00:38:06.893 31419 31419 I Application: Tablet layout: false
08-05 00:38:06.912 31419 31419 W art     : Before Android 4.1, method android.graphics.PorterDuffColorFilter androidx.vectordrawable.graphics.drawable.VectorDrawableCompat.updateTintFilter(android.graphics.PorterDuffColorFilter, android.content.res.ColorStateList, android.graphics.PorterDuff$Mode) would have incorrectly overridden the package-private method in android.graphics.drawable.Drawable
08-05 00:38:06.930 31419 31419 I art     : Rejecting re-init on previously-failed class java.lang.Class<androidx.core.view.ViewCompat$OnUnhandledKeyEventListenerWrapper>
08-05 00:38:06.930 31419 31419 I art     : Rejecting re-init on previously-failed class java.lang.Class<androidx.core.view.ViewCompat$OnUnhandledKeyEventListenerWrapper>
08-05 00:38:06.997 31419 31419 D MainActivity: onCreate
08-05 00:38:06.997 31419 31419 I SettingsManager: Getting string: savedSessions
08-05 00:38:06.997 31419 31419 I Settings: No saved sessions
08-05 00:38:07.028 31419 31419 I SettingsManager: Getting string: savedCourse
08-05 00:38:07.029   918  6110 I ActivityManager: START u0 {flg=0x14000000 cmp=baseline.com.ak.uobtimetable/.WelcomeActivity} from uid 10684 on display 0
08-05 00:38:07.047 31419 31419 D MainActivity: OnResume
08-05 00:38:07.054 31419 31434 D OpenGLRenderer: Use EGL_SWAP_BEHAVIOR_PRESERVED: true
08-05 00:38:07.063 31419 31419 D MainActivity: OnPause
08-05 00:38:07.232 31419 31434 I Adreno  : QUALCOMM build                   : fcf4852, I1af360237c
08-05 00:38:07.232 31419 31434 I Adreno  : Build Date                       : 09/23/15
08-05 00:38:07.232 31419 31434 I Adreno  : OpenGL ES Shader Compiler Version: XE031.05.13.02
08-05 00:38:07.232 31419 31434 I Adreno  : Local Branch                     : mybranch14465806
08-05 00:38:07.232 31419 31434 I Adreno  : Remote Branch                    : quic/LA.BF64.1.2.9_v2
08-05 00:38:07.232 31419 31434 I Adreno  : Remote Branch                    : NONE
08-05 00:38:07.232 31419 31434 I Adreno  : Reconstruct Branch               : NOTHING
08-05 00:38:07.244 31419 31434 I OpenGLRenderer: Initialized EGL, version 1.4
08-05 00:38:07.458   918   936 I ActivityManager: Displayed baseline.com.ak.uobtimetable/.WelcomeActivity: +392ms (total +679ms)
08-05 00:38:07.465 13866 13866 I GoogleInputMethodServic: GoogleInputMethodService.onFinishInput():3138 
08-05 00:38:07.467 13866 13866 I GoogleInputMethodServic: GoogleInputMethodService.onStartInput():1808 
08-05 00:38:07.538 30906 30906 I ServiceManager: Waiting for service AtCmdFwd...
08-05 00:38:07.566 24577 24411 I Icing   : Indexing com.google.android.gms-apps from com.google.android.gms
08-05 00:38:07.587 31419 31419 D MainActivity: Saving state
08-05 00:38:07.629 24577 24411 I Icing   : Indexing done com.google.android.gms-apps
08-05 00:38:08.433 31448 31448 D AndroidRuntime: >>>>>> START com.android.internal.os.RuntimeInit uid 2000 <<<<<<
08-05 00:38:08.439 31448 31448 D AndroidRuntime: CheckJNI is OFF
08-05 00:38:08.470 31448 31448 D ICU     : No timezone override file found: /data/misc/zoneinfo/current/icu/icu_tzdata.dat
08-05 00:38:08.503 31448 31448 I Radio-JNI: register_android_hardware_Radio DONE
08-05 00:38:08.521 31448 31448 D AndroidRuntime: Calling main entry com.android.commands.am.Am
08-05 00:38:08.530 24044 24044 I Trepn   : Trepn 6.2s: Received intent: com.quicinc.trepn.start_profiling
08-05 00:38:08.539 30906 30906 I ServiceManager: Waiting for service AtCmdFwd...
08-05 00:38:08.622 24044 24044 W FileUtils: Failed to chmod(/storage/emulated/0/trepn/Trepn_2020.08.05_003808.db): android.system.ErrnoException: chmod failed: EPERM (Operation not permitted)
08-05 00:38:08.704 24044 24044 I Trepn   : Trepn 6.2s: Trepn has Started Profiling.
08-05 00:38:08.705 31448 31448 D AndroidRuntime: Shutting down VM
08-05 00:38:09.157 31419 31430 I art     : Starting a blocking GC Explicit
08-05 00:38:09.176 31419 31430 I art     : Explicit concurrent mark sweep GC freed 1690(317KB) AllocSpace objects, 0(0B) LOS objects, 40% free, 21MB/36MB, paused 118us total 18.384ms
08-05 00:38:09.186 31419 31430 I art     : Starting a blocking GC Explicit
08-05 00:38:09.197 31419 31430 I art     : Explicit concurrent mark sweep GC freed 324(14KB) AllocSpace objects, 0(0B) LOS objects, 40% free, 21MB/36MB, paused 128us total 10.542ms
08-05 00:38:09.203 31419 31430 I art     : Starting a blocking GC Explicit
08-05 00:38:09.213 31419 31430 I art     : Explicit concurrent mark sweep GC freed 3(96B) AllocSpace objects, 0(0B) LOS objects, 40% free, 21MB/36MB, paused 102us total 10.020ms
08-05 00:38:09.219 31419 31430 I art     : Starting a blocking GC Explicit
08-05 00:38:09.229 31419 31430 I art     : Explicit concurrent mark sweep GC freed 3(96B) AllocSpace objects, 0(0B) LOS objects, 40% free, 21MB/36MB, paused 85us total 10.080ms
08-05 00:38:09.235 31419 31430 I art     : Starting a blocking GC Explicit
08-05 00:38:09.245 31419 31430 I art     : Explicit concurrent mark sweep GC freed 3(96B) AllocSpace objects, 0(0B) LOS objects, 40% free, 21MB/36MB, paused 94us total 9.907ms
08-05 00:38:09.539 30906 30906 I ServiceManager: Waiting for service AtCmdFwd...
08-05 00:38:09.543 31419 31431 I art     : Starting a blocking GC Explicit
08-05 00:38:09.559 31419 31431 I art     : Explicit concurrent mark sweep GC freed 1273(74KB) AllocSpace objects, 1(20KB) LOS objects, 40% free, 21MB/36MB, paused 145us total 16.012ms
08-05 00:38:09.572 31419 31431 I art     : Starting a blocking GC Explicit
08-05 00:38:09.583 31419 31431 I art     : Explicit concurrent mark sweep GC freed 18(624B) AllocSpace objects, 0(0B) LOS objects, 40% free, 21MB/36MB, paused 94us total 10.467ms
08-05 00:38:09.589 31419 31431 I art     : Starting a blocking GC Explicit
08-05 00:38:09.600 31419 31431 I art     : Explicit concurrent mark sweep GC freed 3(96B) AllocSpace objects, 0(0B) LOS objects, 40% free, 21MB/36MB, paused 100us total 10.335ms
08-05 00:38:09.606 31419 31431 I art     : Starting a blocking GC Explicit
08-05 00:38:09.616 31419 31431 I art     : Explicit concurrent mark sweep GC freed 3(96B) AllocSpace objects, 0(0B) LOS objects, 40% free, 21MB/36MB, paused 94us total 10.169ms
08-05 00:38:09.622 31419 31431 I art     : Starting a blocking GC Explicit
08-05 00:38:09.633 31419 31431 I art     : Explicit concurrent mark sweep GC freed 3(96B) AllocSpace objects, 0(0B) LOS objects, 40% free, 21MB/36MB, paused 95us total 10.042ms
08-05 00:38:09.898 31419 31430 I art     : Starting a blocking GC Explicit
08-05 00:38:09.911 31419 31430 I art     : Explicit concurrent mark sweep GC freed 1270(74KB) AllocSpace objects, 1(20KB) LOS objects, 40% free, 21MB/36MB, paused 114us total 13.125ms
08-05 00:38:09.920 31419 31430 I art     : Starting a blocking GC Explicit
08-05 00:38:09.931 31419 31430 I art     : Explicit concurrent mark sweep GC freed 18(624B) AllocSpace objects, 0(0B) LOS objects, 40% free, 21MB/36MB, paused 96us total 10.457ms
08-05 00:38:09.937 31419 31430 I art     : Starting a blocking GC Explicit
08-05 00:38:09.947 31419 31430 I art     : Explicit concurrent mark sweep GC freed 3(96B) AllocSpace objects, 0(0B) LOS objects, 40% free, 21MB/36MB, paused 91us total 10.060ms
08-05 00:38:09.953 31419 31430 I art     : Starting a blocking GC Explicit
08-05 00:38:09.963 31419 31430 I art     : Explicit concurrent mark sweep GC freed 3(96B) AllocSpace objects, 0(0B) LOS objects, 40% free, 21MB/36MB, paused 91us total 9.955ms
08-05 00:38:09.969 31419 31430 I art     : Starting a blocking GC Explicit
08-05 00:38:09.979 31419 31430 I art     : Explicit concurrent mark sweep GC freed 3(96B) AllocSpace objects, 0(0B) LOS objects, 40% free, 21MB/36MB, paused 91us total 9.786ms
08-05 00:38:10.287 31419 31431 I art     : Starting a blocking GC Explicit
08-05 00:38:10.302 31419 31431 I art     : Explicit concurrent mark sweep GC freed 1268(74KB) AllocSpace objects, 1(20KB) LOS objects, 40% free, 21MB/36MB, paused 130us total 14.742ms
08-05 00:38:10.310 31419 31431 I art     : Starting a blocking GC Explicit
08-05 00:38:10.321 31419 31431 I art     : Explicit concurrent mark sweep GC freed 18(624B) AllocSpace objects, 0(0B) LOS objects, 40% free, 21MB/36MB, paused 97us total 10.797ms
08-05 00:38:10.327 31419 31431 I art     : Starting a blocking GC Explicit
08-05 00:38:10.338 31419 31431 I art     : Explicit concurrent mark sweep GC freed 3(96B) AllocSpace objects, 0(0B) LOS objects, 40% free, 21MB/36MB, paused 93us total 10.109ms
08-05 00:38:10.343 31419 31431 I art     : Starting a blocking GC Explicit
08-05 00:38:10.353 31419 31431 I art     : Explicit concurrent mark sweep GC freed 3(96B) AllocSpace objects, 0(0B) LOS objects, 40% free, 21MB/36MB, paused 90us total 9.719ms
08-05 00:38:10.359 31419 31431 I art     : Starting a blocking GC Explicit
08-05 00:38:10.369 31419 31431 I art     : Explicit concurrent mark sweep GC freed 3(96B) AllocSpace objects, 0(0B) LOS objects, 40% free, 21MB/36MB, paused 89us total 9.775ms
08-05 00:38:10.540 30906 30906 I ServiceManager: Waiting for service AtCmdFwd...
08-05 00:38:10.664 31419 31430 I art     : Starting a blocking GC Explicit
08-05 00:38:10.679 31419 31430 I art     : Explicit concurrent mark sweep GC freed 1268(74KB) AllocSpace objects, 1(20KB) LOS objects, 40% free, 21MB/36MB, paused 108us total 14.752ms
08-05 00:38:10.689 31419 31430 I art     : Starting a blocking GC Explicit
08-05 00:38:10.699 31419 31430 I art     : Explicit concurrent mark sweep GC freed 18(624B) AllocSpace objects, 0(0B) LOS objects, 40% free, 21MB/36MB, paused 89us total 9.916ms
08-05 00:38:10.704 31419 31430 I art     : Starting a blocking GC Explicit
08-05 00:38:10.714 31419 31430 I art     : Explicit concurrent mark sweep GC freed 3(96B) AllocSpace objects, 0(0B) LOS objects, 40% free, 21MB/36MB, paused 90us total 9.723ms
08-05 00:38:10.720 31419 31430 I art     : Starting a blocking GC Explicit
08-05 00:38:10.730 31419 31430 I art     : Explicit concurrent mark sweep GC freed 3(96B) AllocSpace objects, 0(0B) LOS objects, 40% free, 21MB/36MB, paused 92us total 9.713ms
08-05 00:38:10.736 31419 31430 I art     : Starting a blocking GC Explicit
08-05 00:38:10.746 31419 31430 I art     : Explicit concurrent mark sweep GC freed 3(96B) AllocSpace objects, 0(0B) LOS objects, 40% free, 21MB/36MB, paused 94us total 9.783ms
08-05 00:38:11.025 31419 31431 I art     : Starting a blocking GC Explicit
08-05 00:38:11.039 31419 31431 I art     : Explicit concurrent mark sweep GC freed 1268(74KB) AllocSpace objects, 1(20KB) LOS objects, 40% free, 21MB/36MB, paused 115us total 14.598ms
08-05 00:38:11.049 31419 31431 I art     : Starting a blocking GC Explicit
08-05 00:38:11.060 31419 31431 I art     : Explicit concurrent mark sweep GC freed 18(624B) AllocSpace objects, 0(0B) LOS objects, 40% free, 21MB/36MB, paused 94us total 10.181ms
08-05 00:38:11.066 31419 31431 I art     : Starting a blocking GC Explicit
08-05 00:38:11.076 31419 31431 I art     : Explicit concurrent mark sweep GC freed 3(96B) AllocSpace objects, 0(0B) LOS objects, 40% free, 21MB/36MB, paused 95us total 10.026ms
08-05 00:38:11.082 31419 31431 I art     : Starting a blocking GC Explicit
08-05 00:38:11.092 31419 31431 I art     : Explicit concurrent mark sweep GC freed 3(96B) AllocSpace objects, 0(0B) LOS objects, 40% free, 21MB/36MB, paused 84us total 9.649ms
08-05 00:38:11.098 31419 31431 I art     : Starting a blocking GC Explicit
08-05 00:38:11.108 31419 31431 I art     : Explicit concurrent mark sweep GC freed 3(96B) AllocSpace objects, 0(0B) LOS objects, 40% free, 21MB/36MB, paused 92us total 9.596ms
08-05 00:38:11.384 31419 31430 I art     : Starting a blocking GC Explicit
08-05 00:38:11.397 31419 31430 I art     : Explicit concurrent mark sweep GC freed 1268(74KB) AllocSpace objects, 1(20KB) LOS objects, 40% free, 21MB/36MB, paused 136us total 12.336ms
08-05 00:38:11.403 31419 31430 I art     : Starting a blocking GC Explicit
08-05 00:38:11.414 31419 31430 I art     : Explicit concurrent mark sweep GC freed 18(624B) AllocSpace objects, 0(0B) LOS objects, 40% free, 21MB/36MB, paused 92us total 10.286ms
08-05 00:38:11.420 31419 31430 I art     : Starting a blocking GC Explicit
08-05 00:38:11.430 31419 31430 I art     : Explicit concurrent mark sweep GC freed 3(96B) AllocSpace objects, 0(0B) LOS objects, 40% free, 21MB/36MB, paused 90us total 10.141ms
08-05 00:38:11.437 31419 31430 I art     : Starting a blocking GC Explicit
08-05 00:38:11.447 31419 31430 I art     : Explicit concurrent mark sweep GC freed 3(96B) AllocSpace objects, 0(0B) LOS objects, 40% free, 21MB/36MB, paused 107us total 10.104ms
08-05 00:38:11.453 31419 31430 I art     : Starting a blocking GC Explicit
08-05 00:38:11.463 31419 31430 I art     : Explicit concurrent mark sweep GC freed 3(96B) AllocSpace objects, 0(0B) LOS objects, 40% free, 21MB/36MB, paused 89us total 9.840ms
08-05 00:38:11.541 30906 30906 I ServiceManager: Waiting for service AtCmdFwd...
08-05 00:38:11.745 31419 31431 I art     : Starting a blocking GC Explicit
08-05 00:38:11.761 31419 31431 I art     : Explicit concurrent mark sweep GC freed 1268(74KB) AllocSpace objects, 1(20KB) LOS objects, 40% free, 21MB/36MB, paused 118us total 15.193ms
08-05 00:38:11.770 31419 31431 I art     : Starting a blocking GC Explicit
08-05 00:38:11.781 31419 31431 I art     : Explicit concurrent mark sweep GC freed 18(624B) AllocSpace objects, 0(0B) LOS objects, 40% free, 21MB/36MB, paused 97us total 10.859ms
08-05 00:38:11.787 31419 31431 I art     : Starting a blocking GC Explicit
08-05 00:38:11.797 31419 31431 I art     : Explicit concurrent mark sweep GC freed 3(96B) AllocSpace objects, 0(0B) LOS objects, 40% free, 21MB/36MB, paused 97us total 9.867ms
08-05 00:38:11.804 31419 31431 I art     : Starting a blocking GC Explicit
08-05 00:38:11.814 31419 31431 I art     : Explicit concurrent mark sweep GC freed 3(96B) AllocSpace objects, 0(0B) LOS objects, 40% free, 21MB/36MB, paused 93us total 10.025ms
08-05 00:38:11.820 31419 31431 I art     : Starting a blocking GC Explicit
08-05 00:38:11.830 31419 31431 I art     : Explicit concurrent mark sweep GC freed 3(96B) AllocSpace objects, 0(0B) LOS objects, 40% free, 21MB/36MB, paused 92us total 9.953ms
08-05 00:38:12.135 31419 31430 I art     : Starting a blocking GC Explicit
08-05 00:38:12.153 31419 31430 I art     : Explicit concurrent mark sweep GC freed 1268(74KB) AllocSpace objects, 1(20KB) LOS objects, 40% free, 21MB/36MB, paused 138us total 17.827ms
08-05 00:38:12.164 31419 31430 I art     : Starting a blocking GC Explicit
08-05 00:38:12.174 31419 31430 I art     : Explicit concurrent mark sweep GC freed 18(624B) AllocSpace objects, 0(0B) LOS objects, 40% free, 21MB/36MB, paused 102us total 10.554ms
08-05 00:38:12.181 31419 31430 I art     : Starting a blocking GC Explicit
08-05 00:38:12.191 31419 31430 I art     : Explicit concurrent mark sweep GC freed 3(96B) AllocSpace objects, 0(0B) LOS objects, 40% free, 21MB/36MB, paused 89us total 10.141ms
08-05 00:38:12.197 31419 31430 I art     : Starting a blocking GC Explicit
08-05 00:38:12.207 31419 31430 I art     : Explicit concurrent mark sweep GC freed 3(96B) AllocSpace objects, 0(0B) LOS objects, 40% free, 21MB/36MB, paused 109us total 9.731ms
08-05 00:38:12.212 31419 31430 I art     : Starting a blocking GC Explicit
08-05 00:38:12.222 31419 31430 I art     : Explicit concurrent mark sweep GC freed 3(96B) AllocSpace objects, 0(0B) LOS objects, 40% free, 21MB/36MB, paused 90us total 9.764ms
08-05 00:38:12.530 31419 31431 I art     : Starting a blocking GC Explicit
08-05 00:38:12.541 30906 30906 W Atfwd_Sendcmd: AtCmdFwd service not published, waiting... retryCnt : 1
08-05 00:38:12.547 31419 31431 I art     : Explicit concurrent mark sweep GC freed 1268(74KB) AllocSpace objects, 1(20KB) LOS objects, 40% free, 21MB/36MB, paused 361us total 16.779ms
08-05 00:38:12.558 31419 31431 I art     : Starting a blocking GC Explicit
08-05 00:38:12.572 31419 31431 I art     : Explicit concurrent mark sweep GC freed 18(624B) AllocSpace objects, 0(0B) LOS objects, 40% free, 21MB/36MB, paused 112us total 13.905ms
08-05 00:38:12.579 31419 31431 I art     : Starting a blocking GC Explicit
08-05 00:38:12.590 31419 31431 I art     : Explicit concurrent mark sweep GC freed 3(96B) AllocSpace objects, 0(0B) LOS objects, 40% free, 21MB/36MB, paused 93us total 10.749ms
08-05 00:38:12.596 31419 31431 I art     : Starting a blocking GC Explicit
08-05 00:38:12.606 31419 31431 I art     : Explicit concurrent mark sweep GC freed 3(96B) AllocSpace objects, 0(0B) LOS objects, 40% free, 21MB/36MB, paused 95us total 9.729ms
08-05 00:38:12.613 31419 31431 I art     : Starting a blocking GC Explicit
08-05 00:38:12.622 31419 31431 I art     : Explicit concurrent mark sweep GC freed 3(96B) AllocSpace objects, 0(0B) LOS objects, 40% free, 21MB/36MB, paused 85us total 9.145ms
08-05 00:38:12.880 31419 31430 I art     : Starting a blocking GC Explicit
08-05 00:38:12.894 31419 31430 I art     : Explicit concurrent mark sweep GC freed 1268(74KB) AllocSpace objects, 1(20KB) LOS objects, 40% free, 21MB/36MB, paused 110us total 13.302ms
08-05 00:38:12.901 31419 31430 I art     : Starting a blocking GC Explicit
08-05 00:38:12.913 31419 31430 I art     : Explicit concurrent mark sweep GC freed 18(624B) AllocSpace objects, 0(0B) LOS objects, 40% free, 21MB/36MB, paused 96us total 11.493ms
08-05 00:38:12.919 31419 31430 I art     : Starting a blocking GC Explicit
08-05 00:38:12.930 31419 31430 I art     : Explicit concurrent mark sweep GC freed 3(96B) AllocSpace objects, 0(0B) LOS objects, 40% free, 21MB/36MB, paused 89us total 10.594ms
08-05 00:38:12.936 31419 31430 I art     : Starting a blocking GC Explicit
08-05 00:38:12.946 31419 31430 I art     : Explicit concurrent mark sweep GC freed 3(96B) AllocSpace objects, 0(0B) LOS objects, 40% free, 21MB/36MB, paused 94us total 9.800ms
08-05 00:38:12.951 31419 31430 I art     : Starting a blocking GC Explicit
08-05 00:38:12.961 31419 31430 I art     : Explicit concurrent mark sweep GC freed 3(96B) AllocSpace objects, 0(0B) LOS objects, 40% free, 21MB/36MB, paused 92us total 9.418ms
08-05 00:38:13.262 31419 31431 I art     : Starting a blocking GC Explicit
08-05 00:38:13.276 31419 31431 I art     : Explicit concurrent mark sweep GC freed 1268(74KB) AllocSpace objects, 1(20KB) LOS objects, 40% free, 21MB/36MB, paused 114us total 13.059ms
08-05 00:38:13.283 31419 31431 I art     : Starting a blocking GC Explicit
08-05 00:38:13.294 31419 31431 I art     : Explicit concurrent mark sweep GC freed 18(624B) AllocSpace objects, 0(0B) LOS objects, 40% free, 21MB/36MB, paused 97us total 11.351ms
08-05 00:38:13.301 31419 31431 I art     : Starting a blocking GC Explicit
08-05 00:38:13.312 31419 31431 I art     : Explicit concurrent mark sweep GC freed 3(96B) AllocSpace objects, 0(0B) LOS objects, 40% free, 21MB/36MB, paused 92us total 10.505ms
08-05 00:38:13.318 31419 31431 I art     : Starting a blocking GC Explicit
08-05 00:38:13.328 31419 31431 I art     : Explicit concurrent mark sweep GC freed 3(96B) AllocSpace objects, 0(0B) LOS objects, 40% free, 21MB/36MB, paused 92us total 9.476ms
08-05 00:38:13.333 31419 31431 I art     : Starting a blocking GC Explicit
08-05 00:38:13.343 31419 31431 I art     : Explicit concurrent mark sweep GC freed 3(96B) AllocSpace objects, 0(0B) LOS objects, 40% free, 21MB/36MB, paused 93us total 9.847ms
08-05 00:38:13.574 31419 31430 I art     : Starting a blocking GC Explicit
08-05 00:38:13.584 31419 31430 I art     : Explicit concurrent mark sweep GC freed 1268(74KB) AllocSpace objects, 1(20KB) LOS objects, 40% free, 21MB/36MB, paused 96us total 10.315ms
08-05 00:38:13.590 31419 31430 I art     : Starting a blocking GC Explicit
08-05 00:38:13.600 31419 31430 I art     : Explicit concurrent mark sweep GC freed 18(624B) AllocSpace objects, 0(0B) LOS objects, 40% free, 21MB/36MB, paused 94us total 9.913ms
08-05 00:38:13.606 31419 31430 I art     : Starting a blocking GC Explicit
08-05 00:38:13.616 31419 31430 I art     : Explicit concurrent mark sweep GC freed 3(96B) AllocSpace objects, 0(0B) LOS objects, 40% free, 21MB/36MB, paused 93us total 10.279ms
08-05 00:38:13.622 31419 31430 I art     : Starting a blocking GC Explicit
08-05 00:38:13.631 31419 31430 I art     : Explicit concurrent mark sweep GC freed 3(96B) AllocSpace objects, 0(0B) LOS objects, 40% free, 21MB/36MB, paused 90us total 9.403ms
08-05 00:38:13.637 31419 31430 I art     : Starting a blocking GC Explicit
08-05 00:38:13.646 31419 31430 I art     : Explicit concurrent mark sweep GC freed 3(96B) AllocSpace objects, 0(0B) LOS objects, 40% free, 21MB/36MB, paused 82us total 9.383ms
08-05 00:38:13.807 31597 31597 D AndroidRuntime: >>>>>> START com.android.internal.os.RuntimeInit uid 2000 <<<<<<
08-05 00:38:13.811 31597 31597 D AndroidRuntime: CheckJNI is OFF
08-05 00:38:13.837 31597 31597 D ICU     : No timezone override file found: /data/misc/zoneinfo/current/icu/icu_tzdata.dat
08-05 00:38:13.861 31597 31597 I Radio-JNI: register_android_hardware_Radio DONE
08-05 00:38:13.878 31597 31597 D AndroidRuntime: Calling main entry com.android.commands.input.Input
08-05 00:38:13.879 31597 31597 I Input   : injectMotionEvent: MotionEvent { action=ACTION_DOWN, actionButton=0, id[0]=0, x[0]=711.0, y[0]=1664.0, toolType[0]=TOOL_TYPE_UNKNOWN, buttonState=0, metaState=0, flags=0x0, edgeFlags=0x0, pointerCount=1, historySize=0, eventTime=751110292, downTime=751110292, deviceId=0, source=0x1002 }
08-05 00:38:13.886 31597 31597 I Input   : injectMotionEvent: MotionEvent { action=ACTION_UP, actionButton=0, id[0]=0, x[0]=711.0, y[0]=1664.0, toolType[0]=TOOL_TYPE_UNKNOWN, buttonState=0, metaState=0, flags=0x0, edgeFlags=0x0, pointerCount=1, historySize=0, eventTime=751110292, downTime=751110292, deviceId=0, source=0x1002 }
08-05 00:38:13.888 31597 31597 D AndroidRuntime: Shutting down VM
08-05 00:38:13.895   918  5132 I ActivityManager: START u0 {flg=0x14000000 cmp=baseline.com.ak.uobtimetable/.CourseListActivity} from uid 10684 on display 0
08-05 00:38:13.897   512  2967 D audio_hw_primary: out_set_parameters: enter: usecase(1: low-latency-playback) kvpairs: routing=2
08-05 00:38:13.910   512  2967 D audio_hw_primary: select_devices: out_snd_device(2: speaker) in_snd_device(0: none)
08-05 00:38:13.910   512  2967 D msm8974_platform: platform_send_audio_calibration: sending audio calibration for snd_device(2) acdb_id(15)
08-05 00:38:13.910   512  2967 I soundtrigger: audio_extn_sound_trigger_update_device_status: device 0x2 of type 0 for Event 1
08-05 00:38:13.921   512  2967 D audio_hw_primary: enable_snd_device: snd_device(2: speaker)
08-05 00:38:13.923   512  2967 D audio_hw_primary: enable_audio_route: apply and update mixer path: low-latency-playback speaker
08-05 00:38:13.936 31419 31419 D CourseListActivity: onCreate
08-05 00:38:13.940 31419 31430 I art     : Starting a blocking GC Explicit
08-05 00:38:13.952 31419 31430 I art     : Explicit concurrent mark sweep GC freed 3751(280KB) AllocSpace objects, 1(20KB) LOS objects, 40% free, 22MB/36MB, paused 216us total 11.930ms
08-05 00:38:13.958 31419 31430 I art     : Starting a blocking GC Explicit
08-05 00:38:13.963 31419 31629 D HTTP    : Request for: https://uob-timetable-api.adriankeenan.co.uk/courses
08-05 00:38:13.970 31419 31430 I art     : Explicit concurrent mark sweep GC freed 1066(86KB) AllocSpace objects, 0(0B) LOS objects, 40% free, 22MB/36MB, paused 527us total 12.039ms
08-05 00:38:13.976 31419 31430 I art     : Starting a blocking GC Explicit
08-05 00:38:13.987 31419 31430 I art     : Explicit concurrent mark sweep GC freed 196(23KB) AllocSpace objects, 0(0B) LOS objects, 40% free, 22MB/36MB, paused 166us total 10.316ms
08-05 00:38:13.993 31419 31430 I art     : Starting a blocking GC Explicit
08-05 00:38:14.006 31419 31430 I art     : Explicit concurrent mark sweep GC freed 211(14KB) AllocSpace objects, 0(0B) LOS objects, 40% free, 22MB/37MB, paused 177us total 12.764ms
08-05 00:38:14.012 31419 31430 I art     : Starting a blocking GC Explicit
08-05 00:38:14.023 31419 31430 I art     : Explicit concurrent mark sweep GC freed 79(4KB) AllocSpace objects, 0(0B) LOS objects, 40% free, 22MB/37MB, paused 148us total 10.574ms
08-05 00:38:14.030   918   936 I ActivityManager: Displayed baseline.com.ak.uobtimetable/.CourseListActivity: +123ms
08-05 00:38:14.031 13866 13866 I GoogleInputMethodServic: GoogleInputMethodService.onFinishInput():3138 
08-05 00:38:14.032 13866 13866 I GoogleInputMethodServic: GoogleInputMethodService.onStartInput():1808 
08-05 00:38:14.058 31419 31434 D OpenGLRenderer: endAllStagingAnimators on 0x7f949b4800 (RippleDrawable) with handle 0x7f9a1cb020
08-05 00:38:14.264 31419 31430 I art     : Starting a blocking GC Explicit
08-05 00:38:14.281 31419 31430 I art     : Explicit concurrent mark sweep GC freed 3863(242KB) AllocSpace objects, 4(220KB) LOS objects, 40% free, 22MB/37MB, paused 144us total 16.515ms
08-05 00:38:14.288 31419 31430 I art     : Starting a blocking GC Explicit
08-05 00:38:14.303 31419 31629 I NAPPA_EXPERIMENTATION: MetricNetworkRequestExecutionTime: REQUEST_DURATION_SYSTEM='336',REQUEST_DURATION_OKHTTP='42',REQUEST_SYNCHRONOUS='TRUE',RESPONSE_CODE='200',RESPONSE_METHOD='GET',RESPONSE_LENGTH_OKHTTP='-1',RESPONSE_LENGTH_HEADER='-2',REQUEST_PROTOCOL='http/1.1',REQUEST_URL='https://uob-timetable-api.adriankeenan.co.uk/courses',
08-05 00:38:14.305 31419 31430 I art     : Explicit concurrent mark sweep GC freed 1185(134KB) AllocSpace objects, 0(0B) LOS objects, 40% free, 22MB/37MB, paused 390us total 16.291ms
08-05 00:38:14.312 31419 31430 I art     : Starting a blocking GC Explicit
08-05 00:38:14.323 31419 31430 I art     : Explicit concurrent mark sweep GC freed 47(4KB) AllocSpace objects, 0(0B) LOS objects, 40% free, 22MB/37MB, paused 119us total 10.536ms
08-05 00:38:14.328 31419 31430 I art     : Starting a blocking GC Explicit
08-05 00:38:14.339 31419 31430 I art     : Explicit concurrent mark sweep GC freed 15(544B) AllocSpace objects, 0(0B) LOS objects, 40% free, 23MB/38MB, paused 137us total 10.464ms
08-05 00:38:14.344 31419 31430 I art     : Starting a blocking GC Explicit
08-05 00:38:14.354 31419 31430 I art     : Explicit concurrent mark sweep GC freed 4(128B) AllocSpace objects, 0(0B) LOS objects, 40% free, 23MB/39MB, paused 167us total 10.306ms
08-05 00:38:14.470   512  2967 D audio_hw_primary: disable_audio_route: reset and update mixer path: low-latency-playback speaker
08-05 00:38:14.472   512  2967 D audio_hw_primary: disable_snd_device: snd_device(2: speaker)
08-05 00:38:14.482   512  2967 I soundtrigger: audio_extn_sound_trigger_update_device_status: device 0x2 of type 0 for Event 0
08-05 00:38:14.596 31419 31430 I art     : Starting a blocking GC Explicit
08-05 00:38:14.609 31419 31430 I art     : Explicit concurrent mark sweep GC freed 78(3KB) AllocSpace objects, 0(0B) LOS objects, 26% free, 44MB/60MB, paused 152us total 12.792ms
08-05 00:38:14.615 31419 31430 I art     : Starting a blocking GC Explicit
08-05 00:38:14.626 31419 31430 I art     : Explicit concurrent mark sweep GC freed 24(832B) AllocSpace objects, 0(0B) LOS objects, 26% free, 44MB/60MB, paused 161us total 10.660ms
08-05 00:38:14.631 31419 31430 I art     : Starting a blocking GC Explicit
08-05 00:38:14.642 31419 31430 I art     : Explicit concurrent mark sweep GC freed 12(448B) AllocSpace objects, 0(0B) LOS objects, 26% free, 44MB/60MB, paused 145us total 10.272ms
08-05 00:38:14.647 31419 31430 I art     : Starting a blocking GC Explicit
08-05 00:38:14.670 31419 31629 I HTTP    : Response was compressed.
08-05 00:38:14.671 31419 31430 I art     : Explicit concurrent mark sweep GC freed 14(528B) AllocSpace objects, 0(0B) LOS objects, 21% free, 59MB/75MB, paused 271us total 23.500ms
08-05 00:38:14.676 31419 31430 I art     : Starting a blocking GC Explicit
08-05 00:38:14.692 31419 31430 I art     : Explicit concurrent mark sweep GC freed 5013(233KB) AllocSpace objects, 2(22MB) LOS objects, 29% free, 37MB/53MB, paused 234us total 15.869ms
08-05 00:38:14.941 31419 31431 I art     : Starting a blocking GC Explicit
08-05 00:38:14.969 31419 31431 I art     : Explicit concurrent mark sweep GC freed 153164(7MB) AllocSpace objects, 1(20KB) LOS objects, 29% free, 38MB/54MB, paused 324us total 27.322ms
08-05 00:38:14.976 31419 31431 I art     : Starting a blocking GC Explicit
08-05 00:38:14.991 31419 31431 I art     : Explicit concurrent mark sweep GC freed 17233(805KB) AllocSpace objects, 0(0B) LOS objects, 29% free, 38MB/54MB, paused 270us total 14.795ms
08-05 00:38:14.998 31419 31431 I art     : Starting a blocking GC Explicit
08-05 00:38:15.013 31419 31431 I art     : Explicit concurrent mark sweep GC freed 12009(559KB) AllocSpace objects, 0(0B) LOS objects, 29% free, 38MB/54MB, paused 245us total 14.439ms
08-05 00:38:15.020 31419 31431 I art     : Starting a blocking GC Explicit
08-05 00:38:15.034 31419 31431 I art     : Explicit concurrent mark sweep GC freed 12012(560KB) AllocSpace objects, 0(0B) LOS objects, 29% free, 38MB/54MB, paused 261us total 14.029ms
08-05 00:38:15.041 31419 31431 I art     : Starting a blocking GC Explicit
08-05 00:38:15.055 31419 31431 I art     : Explicit concurrent mark sweep GC freed 12001(570KB) AllocSpace objects, 0(0B) LOS objects, 29% free, 39MB/55MB, paused 240us total 14.402ms
08-05 00:38:15.320 31419 31430 I art     : Starting a blocking GC Explicit
08-05 00:38:15.351 31419 31430 I art     : Explicit concurrent mark sweep GC freed 155320(7MB) AllocSpace objects, 1(20KB) LOS objects, 28% free, 40MB/56MB, paused 382us total 30.736ms
08-05 00:38:15.361 31419 31430 I art     : Starting a blocking GC Explicit
08-05 00:38:15.378 31419 31430 I art     : Explicit concurrent mark sweep GC freed 19517(917KB) AllocSpace objects, 0(0B) LOS objects, 28% free, 40MB/56MB, paused 256us total 16.897ms
08-05 00:38:15.386 31419 31430 I art     : Starting a blocking GC Explicit
08-05 00:38:15.402 31419 31430 I art     : Explicit concurrent mark sweep GC freed 13744(652KB) AllocSpace objects, 0(0B) LOS objects, 28% free, 40MB/56MB, paused 263us total 16.501ms
08-05 00:38:15.411 31419 31430 I art     : Starting a blocking GC Explicit
08-05 00:38:15.428 31419 31430 I art     : Explicit concurrent mark sweep GC freed 13669(637KB) AllocSpace objects, 0(0B) LOS objects, 28% free, 40MB/56MB, paused 313us total 17.270ms
08-05 00:38:15.436 31419 31430 I art     : Starting a blocking GC Explicit
08-05 00:38:15.453 31419 31430 I art     : Explicit concurrent mark sweep GC freed 14195(665KB) AllocSpace objects, 0(0B) LOS objects, 28% free, 40MB/56MB, paused 269us total 17.318ms
08-05 00:38:15.716 31419 31431 I art     : Starting a blocking GC Explicit
08-05 00:38:15.750 31419 31431 I art     : Explicit concurrent mark sweep GC freed 156886(7MB) AllocSpace objects, 1(20KB) LOS objects, 27% free, 42MB/58MB, paused 323us total 34.176ms
08-05 00:38:15.761 31419 31431 I art     : Starting a blocking GC Explicit
08-05 00:38:15.781 31419 31431 I art     : Explicit concurrent mark sweep GC freed 21859(1018KB) AllocSpace objects, 0(0B) LOS objects, 27% free, 41MB/57MB, paused 296us total 19.646ms
08-05 00:38:15.790 31419 31431 I art     : Starting a blocking GC Explicit
08-05 00:38:15.811 31419 31431 I art     : Explicit concurrent mark sweep GC freed 16030(757KB) AllocSpace objects, 0(0B) LOS objects, 27% free, 42MB/58MB, paused 379us total 21.453ms
08-05 00:38:15.820 31419 31431 I art     : Starting a blocking GC Explicit
08-05 00:38:15.840 31419 31431 I art     : Explicit concurrent mark sweep GC freed 15446(735KB) AllocSpace objects, 0(0B) LOS objects, 27% free, 42MB/58MB, paused 323us total 20.128ms
08-05 00:38:15.849 31419 31431 I art     : Starting a blocking GC Explicit
08-05 00:38:15.870 31419 31431 I art     : Explicit concurrent mark sweep GC freed 15998(753KB) AllocSpace objects, 0(0B) LOS objects, 27% free, 42MB/58MB, paused 336us total 20.531ms
08-05 00:38:16.134 31419 31630 I art     : Starting a blocking GC Explicit
08-05 00:38:16.174 31419 31630 I art     : Explicit concurrent mark sweep GC freed 156479(7MB) AllocSpace objects, 1(20KB) LOS objects, 26% free, 43MB/59MB, paused 373us total 39.251ms
08-05 00:38:16.184 31419 31630 I art     : Starting a blocking GC Explicit
08-05 00:38:16.209 31419 31630 I art     : Explicit concurrent mark sweep GC freed 23373(1105KB) AllocSpace objects, 0(0B) LOS objects, 26% free, 43MB/59MB, paused 415us total 24.162ms
08-05 00:38:16.219 31419 31630 I art     : Starting a blocking GC Explicit
08-05 00:38:16.243 31419 31630 I art     : Explicit concurrent mark sweep GC freed 17613(828KB) AllocSpace objects, 0(0B) LOS objects, 26% free, 43MB/59MB, paused 454us total 23.428ms
08-05 00:38:16.252 31419 31630 I art     : Starting a blocking GC Explicit
08-05 00:38:16.276 31419 31630 I art     : Explicit concurrent mark sweep GC freed 17870(841KB) AllocSpace objects, 0(0B) LOS objects, 26% free, 43MB/59MB, paused 457us total 23.727ms
08-05 00:38:16.286 31419 31630 I art     : Starting a blocking GC Explicit
08-05 00:38:16.310 31419 31630 I art     : Explicit concurrent mark sweep GC freed 18395(865KB) AllocSpace objects, 0(0B) LOS objects, 26% free, 44MB/60MB, paused 704us total 24.539ms
08-05 00:38:16.578 31419 31630 I art     : Starting a blocking GC Explicit
08-05 00:38:16.622 31419 31630 I art     : Explicit concurrent mark sweep GC freed 161891(7MB) AllocSpace objects, 1(20KB) LOS objects, 26% free, 45MB/61MB, paused 478us total 44.001ms
08-05 00:38:16.633 31419 31630 I art     : Starting a blocking GC Explicit
08-05 00:38:16.662 31419 31630 I art     : Explicit concurrent mark sweep GC freed 25177(1210KB) AllocSpace objects, 0(0B) LOS objects, 26% free, 45MB/61MB, paused 834us total 28.571ms
08-05 00:38:16.673 31419 31630 I art     : Starting a blocking GC Explicit
08-05 00:38:16.700 31419 31630 I art     : Explicit concurrent mark sweep GC freed 20032(939KB) AllocSpace objects, 0(0B) LOS objects, 25% free, 45MB/61MB, paused 480us total 26.856ms
08-05 00:38:16.710 31419 31630 I art     : Starting a blocking GC Explicit
08-05 00:38:16.738 31419 31630 I art     : Explicit concurrent mark sweep GC freed 20941(982KB) AllocSpace objects, 0(0B) LOS objects, 25% free, 45MB/61MB, paused 472us total 27.634ms
08-05 00:38:16.748 31419 31630 I art     : Starting a blocking GC Explicit
08-05 00:38:16.776 31419 31630 I art     : Explicit concurrent mark sweep GC freed 21165(987KB) AllocSpace objects, 0(0B) LOS objects, 25% free, 45MB/61MB, paused 452us total 28.074ms
08-05 00:38:17.045 31419 31431 I art     : Starting a blocking GC Explicit
08-05 00:38:17.094 31419 31431 I art     : Explicit concurrent mark sweep GC freed 164741(7MB) AllocSpace objects, 1(20KB) LOS objects, 25% free, 47MB/63MB, paused 547us total 48.668ms
08-05 00:38:17.107 31419 31431 I art     : Starting a blocking GC Explicit
08-05 00:38:17.137 31419 31431 I art     : Explicit concurrent mark sweep GC freed 27977(1312KB) AllocSpace objects, 0(0B) LOS objects, 25% free, 47MB/63MB, paused 503us total 29.971ms
08-05 00:38:17.148 31419 31431 I art     : Starting a blocking GC Explicit
08-05 00:38:17.181 31419 31431 I art     : Explicit concurrent mark sweep GC freed 23678(1104KB) AllocSpace objects, 0(0B) LOS objects, 25% free, 47MB/63MB, paused 546us total 32.290ms
08-05 00:38:17.181 31419 31429 I art     : WaitForGcToComplete blocked for 28.029ms for cause HeapTrim
08-05 00:38:17.192 31419 31431 I art     : Starting a blocking GC Explicit
08-05 00:38:17.224 31419 31431 I art     : Explicit concurrent mark sweep GC freed 23122(1086KB) AllocSpace objects, 0(0B) LOS objects, 25% free, 47MB/63MB, paused 530us total 31.575ms
08-05 00:38:17.235 31419 31431 I art     : Starting a blocking GC Explicit
08-05 00:38:17.267 31419 31431 I art     : Explicit concurrent mark sweep GC freed 22974(1089KB) AllocSpace objects, 0(0B) LOS objects, 25% free, 47MB/63MB, paused 582us total 31.711ms
08-05 00:38:17.300   918  3261 D WifiStateMachine: starting scan for "H369AA63323"WPA_PSK with 2412,5180
08-05 00:38:17.452 31419 31629 I Service : getCourses response time: 0.69
08-05 00:38:17.461 31419 31419 I SettingsManager: Getting string: savedCourse
08-05 00:38:17.537 31419 31430 I art     : Starting a blocking GC Explicit
08-05 00:38:17.542 30906 30906 I ServiceManager: Waiting for service AtCmdFwd...
08-05 00:38:17.594 31419 31430 I art     : Explicit concurrent mark sweep GC freed 99961(4MB) AllocSpace objects, 2(15MB) LOS objects, 32% free, 33MB/49MB, paused 184us total 56.273ms
08-05 00:38:17.608 31419 31430 I art     : Starting a blocking GC Explicit
08-05 00:38:17.636 31419 31430 I art     : Explicit concurrent mark sweep GC freed 87(3KB) AllocSpace objects, 0(0B) LOS objects, 32% free, 33MB/49MB, paused 122us total 28.248ms
08-05 00:38:17.647 31419 31430 I art     : Starting a blocking GC Explicit
08-05 00:38:17.679 31419 31430 I art     : Explicit concurrent mark sweep GC freed 3(96B) AllocSpace objects, 0(0B) LOS objects, 32% free, 33MB/49MB, paused 136us total 31.717ms
08-05 00:38:17.691 31419 31430 I art     : Starting a blocking GC Explicit
08-05 00:38:17.726 31419 31430 I art     : Explicit concurrent mark sweep GC freed 3(96B) AllocSpace objects, 0(0B) LOS objects, 32% free, 33MB/49MB, paused 141us total 34.982ms
08-05 00:38:17.739 31419 31430 I art     : Starting a blocking GC Explicit
08-05 00:38:17.773 31419 31430 I art     : Explicit concurrent mark sweep GC freed 3(96B) AllocSpace objects, 0(0B) LOS objects, 32% free, 33MB/49MB, paused 133us total 34.435ms
08-05 00:38:18.083 31419 31431 I art     : Starting a blocking GC Explicit
08-05 00:38:18.137 31419 31431 I art     : Explicit concurrent mark sweep GC freed 1271(74KB) AllocSpace objects, 1(20KB) LOS objects, 32% free, 33MB/49MB, paused 175us total 53.437ms
08-05 00:38:18.152 31419 31431 I art     : Starting a blocking GC Explicit
08-05 00:38:18.186 31419 31431 I art     : Explicit concurrent mark sweep GC freed 18(640B) AllocSpace objects, 0(0B) LOS objects, 32% free, 33MB/49MB, paused 137us total 33.603ms
08-05 00:38:18.198 31419 31431 I art     : Starting a blocking GC Explicit
08-05 00:38:18.232 31419 31431 I art     : Explicit concurrent mark sweep GC freed 3(96B) AllocSpace objects, 0(0B) LOS objects, 32% free, 33MB/49MB, paused 143us total 34.480ms
08-05 00:38:18.245 31419 31431 I art     : Starting a blocking GC Explicit
08-05 00:38:18.281 31419 31431 I art     : Explicit concurrent mark sweep GC freed 3(96B) AllocSpace objects, 0(0B) LOS objects, 32% free, 33MB/49MB, paused 165us total 35.513ms
08-05 00:38:18.294 31419 31431 I art     : Starting a blocking GC Explicit
08-05 00:38:18.330 31419 31431 I art     : Explicit concurrent mark sweep GC freed 3(96B) AllocSpace objects, 0(0B) LOS objects, 32% free, 33MB/49MB, paused 141us total 35.801ms
08-05 00:38:18.542 30906 30906 I ServiceManager: Waiting for service AtCmdFwd...
08-05 00:38:18.639 31419 31630 I art     : Starting a blocking GC Explicit
08-05 00:38:18.688 31419 31630 I art     : Explicit concurrent mark sweep GC freed 1271(74KB) AllocSpace objects, 1(20KB) LOS objects, 32% free, 33MB/49MB, paused 165us total 48.555ms
08-05 00:38:18.704 31419 31630 I art     : Starting a blocking GC Explicit
08-05 00:38:18.741 31419 31630 I art     : Explicit concurrent mark sweep GC freed 18(640B) AllocSpace objects, 0(0B) LOS objects, 32% free, 33MB/49MB, paused 144us total 36.522ms
08-05 00:38:18.753 31419 31630 I art     : Starting a blocking GC Explicit
08-05 00:38:18.788 31419 31630 I art     : Explicit concurrent mark sweep GC freed 3(96B) AllocSpace objects, 0(0B) LOS objects, 32% free, 33MB/49MB, paused 129us total 34.407ms
08-05 00:38:18.801 31419 31630 I art     : Starting a blocking GC Explicit
08-05 00:38:18.837 31419 31630 I art     : Explicit concurrent mark sweep GC freed 3(96B) AllocSpace objects, 0(0B) LOS objects, 32% free, 33MB/49MB, paused 136us total 35.848ms
08-05 00:38:18.850 31419 31630 I art     : Starting a blocking GC Explicit
08-05 00:38:18.886 31419 31630 I art     : Explicit concurrent mark sweep GC freed 3(96B) AllocSpace objects, 0(0B) LOS objects, 32% free, 33MB/49MB, paused 139us total 35.800ms
08-05 00:38:19.197 31419 31431 I art     : Starting a blocking GC Explicit
08-05 00:38:19.240 31419 31431 I art     : Explicit concurrent mark sweep GC freed 1272(74KB) AllocSpace objects, 1(20KB) LOS objects, 32% free, 33MB/49MB, paused 156us total 43.228ms
08-05 00:38:19.256 31419 31431 I art     : Starting a blocking GC Explicit
08-05 00:38:19.291 31419 31431 I art     : Explicit concurrent mark sweep GC freed 20(720B) AllocSpace objects, 0(0B) LOS objects, 32% free, 33MB/49MB, paused 148us total 34.549ms
08-05 00:38:19.303 31419 31431 I art     : Starting a blocking GC Explicit
08-05 00:38:19.338 31419 31431 I art     : Explicit concurrent mark sweep GC freed 3(96B) AllocSpace objects, 0(0B) LOS objects, 32% free, 33MB/49MB, paused 143us total 34.655ms
08-05 00:38:19.351 31419 31431 I art     : Starting a blocking GC Explicit
08-05 00:38:19.386 31419 31431 I art     : Explicit concurrent mark sweep GC freed 3(96B) AllocSpace objects, 0(0B) LOS objects, 32% free, 33MB/49MB, paused 139us total 35.380ms
08-05 00:38:19.399 31419 31431 I art     : Starting a blocking GC Explicit
08-05 00:38:19.435 31419 31431 I art     : Explicit concurrent mark sweep GC freed 3(96B) AllocSpace objects, 0(0B) LOS objects, 32% free, 33MB/49MB, paused 143us total 35.688ms
08-05 00:38:19.543 30906 30906 I ServiceManager: Waiting for service AtCmdFwd...
08-05 00:38:19.741 31419 31630 I art     : Starting a blocking GC Explicit
08-05 00:38:19.788 31419 31630 I art     : Explicit concurrent mark sweep GC freed 1271(74KB) AllocSpace objects, 1(20KB) LOS objects, 32% free, 33MB/49MB, paused 186us total 46.146ms
08-05 00:38:19.801 31419 31630 I art     : Starting a blocking GC Explicit
08-05 00:38:19.839 31419 31630 I art     : Explicit concurrent mark sweep GC freed 18(640B) AllocSpace objects, 0(0B) LOS objects, 32% free, 33MB/49MB, paused 143us total 37.327ms
08-05 00:38:19.852 31419 31630 I art     : Starting a blocking GC Explicit
08-05 00:38:19.888 31419 31630 I art     : Explicit concurrent mark sweep GC freed 3(96B) AllocSpace objects, 0(0B) LOS objects, 32% free, 33MB/49MB, paused 143us total 36.042ms
08-05 00:38:19.901 31419 31630 I art     : Starting a blocking GC Explicit
08-05 00:38:19.936 31419 31630 I art     : Explicit concurrent mark sweep GC freed 3(96B) AllocSpace objects, 0(0B) LOS objects, 32% free, 33MB/49MB, paused 146us total 35.219ms
08-05 00:38:19.949 31419 31630 I art     : Starting a blocking GC Explicit
08-05 00:38:19.986 31419 31630 I art     : Explicit concurrent mark sweep GC freed 3(96B) AllocSpace objects, 0(0B) LOS objects, 32% free, 33MB/49MB, paused 141us total 36.344ms
08-05 00:38:20.252 31419 31430 I art     : Starting a blocking GC Explicit
08-05 00:38:20.290 31419 31430 I art     : Explicit concurrent mark sweep GC freed 1271(74KB) AllocSpace objects, 1(20KB) LOS objects, 32% free, 33MB/49MB, paused 159us total 37.713ms
08-05 00:38:20.304 31419 31430 I art     : Starting a blocking GC Explicit
08-05 00:38:20.336 31419 31430 I art     : Explicit concurrent mark sweep GC freed 18(640B) AllocSpace objects, 0(0B) LOS objects, 32% free, 33MB/49MB, paused 138us total 31.030ms
08-05 00:38:20.347 31419 31430 I art     : Starting a blocking GC Explicit
08-05 00:38:20.378 31419 31430 I art     : Explicit concurrent mark sweep GC freed 3(96B) AllocSpace objects, 0(0B) LOS objects, 32% free, 33MB/49MB, paused 137us total 31.126ms
08-05 00:38:20.390 31419 31430 I art     : Starting a blocking GC Explicit
08-05 00:38:20.422 31419 31430 I art     : Explicit concurrent mark sweep GC freed 3(96B) AllocSpace objects, 0(0B) LOS objects, 32% free, 33MB/49MB, paused 141us total 31.614ms
08-05 00:38:20.433 31419 31430 I art     : Starting a blocking GC Explicit
08-05 00:38:20.464 31419 31430 I art     : Explicit concurrent mark sweep GC freed 3(96B) AllocSpace objects, 0(0B) LOS objects, 32% free, 33MB/49MB, paused 134us total 30.861ms
08-05 00:38:20.497 31773 31773 D AndroidRuntime: >>>>>> START com.android.internal.os.RuntimeInit uid 2000 <<<<<<
08-05 00:38:20.501 31773 31773 D AndroidRuntime: CheckJNI is OFF
08-05 00:38:20.527 31773 31773 D ICU     : No timezone override file found: /data/misc/zoneinfo/current/icu/icu_tzdata.dat
08-05 00:38:20.544 30906 30906 I ServiceManager: Waiting for service AtCmdFwd...
08-05 00:38:20.552 31773 31773 I Radio-JNI: register_android_hardware_Radio DONE
08-05 00:38:20.568 31773 31773 D AndroidRuntime: Calling main entry com.android.commands.input.Input
08-05 00:38:20.570 31773 31773 I Input   : injectMotionEvent: MotionEvent { action=ACTION_DOWN, actionButton=0, id[0]=0, x[0]=526.0, y[0]=704.0, toolType[0]=TOOL_TYPE_UNKNOWN, buttonState=0, metaState=0, flags=0x0, edgeFlags=0x0, pointerCount=1, historySize=0, eventTime=751116983, downTime=751116983, deviceId=0, source=0x1002 }
08-05 00:38:20.576 31773 31773 I Input   : injectMotionEvent: MotionEvent { action=ACTION_UP, actionButton=0, id[0]=0, x[0]=526.0, y[0]=704.0, toolType[0]=TOOL_TYPE_UNKNOWN, buttonState=0, metaState=0, flags=0x0, edgeFlags=0x0, pointerCount=1, historySize=0, eventTime=751116983, downTime=751116983, deviceId=0, source=0x1002 }
08-05 00:38:20.578 31773 31773 D AndroidRuntime: Shutting down VM
08-05 00:38:20.643   512  2967 D audio_hw_primary: out_set_parameters: enter: usecase(1: low-latency-playback) kvpairs: routing=2
08-05 00:38:20.656   512  2967 D audio_hw_primary: select_devices: out_snd_device(2: speaker) in_snd_device(0: none)
08-05 00:38:20.657   512  2967 D msm8974_platform: platform_send_audio_calibration: sending audio calibration for snd_device(2) acdb_id(15)
08-05 00:38:20.657   512  2967 I soundtrigger: audio_extn_sound_trigger_update_device_status: device 0x2 of type 0 for Event 1
08-05 00:38:20.669   512  2967 D audio_hw_primary: enable_snd_device: snd_device(2: speaker)
08-05 00:38:20.671   512  2967 D audio_hw_primary: enable_audio_route: apply and update mixer path: low-latency-playback speaker
08-05 00:38:20.687 31419 31630 I art     : Starting a blocking GC Explicit
08-05 00:38:20.724 31419 31630 I art     : Explicit concurrent mark sweep GC freed 1987(130KB) AllocSpace objects, 2(40KB) LOS objects, 32% free, 33MB/49MB, paused 190us total 36.142ms
08-05 00:38:20.736 31419 31630 I art     : Starting a blocking GC Explicit
08-05 00:38:20.771 31419 31630 I art     : Explicit concurrent mark sweep GC freed 202(8KB) AllocSpace objects, 0(0B) LOS objects, 32% free, 33MB/49MB, paused 161us total 34.042ms
08-05 00:38:20.782 31419 31630 I art     : Starting a blocking GC Explicit
08-05 00:38:20.815 31419 31630 I art     : Explicit concurrent mark sweep GC freed 7(224B) AllocSpace objects, 0(0B) LOS objects, 32% free, 33MB/49MB, paused 142us total 32.781ms
08-05 00:38:20.828 31419 31630 I art     : Starting a blocking GC Explicit
08-05 00:38:20.864 31419 31630 I art     : Explicit concurrent mark sweep GC freed 5(176B) AllocSpace objects, 0(0B) LOS objects, 32% free, 33MB/49MB, paused 130us total 35.242ms
08-05 00:38:20.878 31419 31630 I art     : Starting a blocking GC Explicit
08-05 00:38:20.917 31419 31630 I art     : Explicit concurrent mark sweep GC freed 3(96B) AllocSpace objects, 0(0B) LOS objects, 32% free, 33MB/49MB, paused 181us total 38.375ms
08-05 00:38:21.209   512  2967 D audio_hw_primary: disable_audio_route: reset and update mixer path: low-latency-playback speaker
08-05 00:38:21.211   512  2967 D audio_hw_primary: disable_snd_device: snd_device(2: speaker)
08-05 00:38:21.220   512  2967 I soundtrigger: audio_extn_sound_trigger_update_device_status: device 0x2 of type 0 for Event 0
08-05 00:38:21.234 31419 31630 I art     : Starting a blocking GC Explicit
08-05 00:38:21.284 31419 31630 I art     : Explicit concurrent mark sweep GC freed 1278(75KB) AllocSpace objects, 1(20KB) LOS objects, 32% free, 33MB/49MB, paused 149us total 50.317ms
08-05 00:38:21.302 31419 31630 I art     : Starting a blocking GC Explicit
08-05 00:38:21.348 31419 31630 I art     : Explicit concurrent mark sweep GC freed 26(896B) AllocSpace objects, 0(0B) LOS objects, 32% free, 33MB/49MB, paused 145us total 45.584ms
08-05 00:38:21.361 31419 31630 I art     : Starting a blocking GC Explicit
08-05 00:38:21.397 31419 31630 I art     : Explicit concurrent mark sweep GC freed 3(96B) AllocSpace objects, 0(0B) LOS objects, 32% free, 33MB/49MB, paused 151us total 36.049ms
08-05 00:38:21.410 31419 31630 I art     : Starting a blocking GC Explicit
08-05 00:38:21.447 31419 31630 I art     : Explicit concurrent mark sweep GC freed 3(96B) AllocSpace objects, 0(0B) LOS objects, 32% free, 33MB/49MB, paused 132us total 37.009ms
08-05 00:38:21.459 31419 31630 I art     : Starting a blocking GC Explicit
08-05 00:38:21.495 31419 31630 I art     : Explicit concurrent mark sweep GC freed 3(96B) AllocSpace objects, 0(0B) LOS objects, 32% free, 33MB/49MB, paused 139us total 34.889ms
08-05 00:38:21.544 30906 30906 I ServiceManager: Waiting for service AtCmdFwd...
08-05 00:38:21.793 31419 31431 I art     : Starting a blocking GC Explicit
08-05 00:38:21.848 31419 31431 I art     : Explicit concurrent mark sweep GC freed 1276(74KB) AllocSpace objects, 1(20KB) LOS objects, 32% free, 33MB/49MB, paused 153us total 54.815ms
08-05 00:38:21.861 31419 31431 I art     : Starting a blocking GC Explicit
08-05 00:38:21.893 31419 31431 I art     : Explicit concurrent mark sweep GC freed 18(640B) AllocSpace objects, 0(0B) LOS objects, 32% free, 33MB/49MB, paused 138us total 31.431ms
08-05 00:38:21.904 31419 31431 I art     : Starting a blocking GC Explicit
08-05 00:38:21.935 31419 31431 I art     : Explicit concurrent mark sweep GC freed 3(96B) AllocSpace objects, 0(0B) LOS objects, 32% free, 33MB/49MB, paused 135us total 31.280ms
08-05 00:38:21.947 31419 31431 I art     : Starting a blocking GC Explicit
08-05 00:38:21.979 31419 31431 I art     : Explicit concurrent mark sweep GC freed 3(96B) AllocSpace objects, 0(0B) LOS objects, 32% free, 33MB/49MB, paused 152us total 31.481ms
08-05 00:38:21.990 31419 31431 I art     : Starting a blocking GC Explicit
08-05 00:38:22.022 31419 31431 I art     : Explicit concurrent mark sweep GC freed 3(96B) AllocSpace objects, 0(0B) LOS objects, 32% free, 33MB/49MB, paused 141us total 31.308ms
08-05 00:38:22.132 31825 31825 D AndroidRuntime: >>>>>> START com.android.internal.os.RuntimeInit uid 2000 <<<<<<
08-05 00:38:22.137 31825 31825 D AndroidRuntime: CheckJNI is OFF
08-05 00:38:22.164 31825 31825 D ICU     : No timezone override file found: /data/misc/zoneinfo/current/icu/icu_tzdata.dat
08-05 00:38:22.189 31825 31825 I Radio-JNI: register_android_hardware_Radio DONE
08-05 00:38:22.205 31825 31825 D AndroidRuntime: Calling main entry com.android.commands.input.Input
08-05 00:38:22.206 31825 31825 I Input   : injectMotionEvent: MotionEvent { action=ACTION_DOWN, actionButton=0, id[0]=0, x[0]=1197.0, y[0]=1456.0, toolType[0]=TOOL_TYPE_UNKNOWN, buttonState=0, metaState=0, flags=0x0, edgeFlags=0x0, pointerCount=1, historySize=0, eventTime=751118619, downTime=751118619, deviceId=0, source=0x1002 }
08-05 00:38:22.212 31825 31825 I Input   : injectMotionEvent: MotionEvent { action=ACTION_UP, actionButton=0, id[0]=0, x[0]=1197.0, y[0]=1456.0, toolType[0]=TOOL_TYPE_UNKNOWN, buttonState=0, metaState=0, flags=0x0, edgeFlags=0x0, pointerCount=1, historySize=0, eventTime=751118619, downTime=751118619, deviceId=0, source=0x1002 }
08-05 00:38:22.214 31825 31825 D AndroidRuntime: Shutting down VM
08-05 00:38:22.217   512  2967 D audio_hw_primary: out_set_parameters: enter: usecase(1: low-latency-playback) kvpairs: routing=2
08-05 00:38:22.230   512  2967 D audio_hw_primary: select_devices: out_snd_device(2: speaker) in_snd_device(0: none)
08-05 00:38:22.231   512  2967 D msm8974_platform: platform_send_audio_calibration: sending audio calibration for snd_device(2) acdb_id(15)
08-05 00:38:22.231   512  2967 I soundtrigger: audio_extn_sound_trigger_update_device_status: device 0x2 of type 0 for Event 1
08-05 00:38:22.232 31419 31419 I SettingsManager: Setting string: savedCourse
08-05 00:38:22.241   918  4413 W BackupManagerService: dataChanged but no participant pkg='baseline.com.ak.uobtimetable' uid=10684
08-05 00:38:22.242   918  3696 I ActivityManager: START u0 {flg=0x4000000 cmp=baseline.com.ak.uobtimetable/.MainActivity (has extras)} from uid 10684 on display 0
08-05 00:38:22.242   512  2967 D audio_hw_primary: enable_snd_device: snd_device(2: speaker)
08-05 00:38:22.244   512  2967 D audio_hw_primary: enable_audio_route: apply and update mixer path: low-latency-playback speaker
08-05 00:38:22.252   918   928 W InputMethodManagerService: Focus gain on non-focused client com.android.internal.view.IInputMethodClient$Stub$Proxy@747b4ed (uid=10684 pid=31419)
08-05 00:38:22.256 31419 31430 I art     : Starting a blocking GC Explicit
08-05 00:38:22.267 31419 31419 D MainActivity: OnDestroy
08-05 00:38:22.283 31419 31419 D MainActivity: onCreate
08-05 00:38:22.283 31419 31419 I SettingsManager: Getting string: savedSessions
08-05 00:38:22.283 31419 31419 I Settings: No saved sessions
08-05 00:38:22.293 31419 31430 I art     : Explicit concurrent mark sweep GC freed 4500(235KB) AllocSpace objects, 2(40KB) LOS objects, 32% free, 33MB/49MB, paused 243us total 36.526ms
08-05 00:38:22.307 31419 31430 I art     : Starting a blocking GC Explicit
08-05 00:38:22.309 31419 31419 I SettingsManager: Getting string: savedCourse
08-05 00:38:22.310 31419 31419 D MainActivity: sessionListFragmentArg: updateSessions
08-05 00:38:22.310 31419 31419 D MainActivity: showTermDatesConfigChange: false
08-05 00:38:22.310 31419 31419 D MainActivity: showTermDatesShortcut: false
08-05 00:38:22.311 31419 31419 D MainActivity: Setting initial fragment: SessionListsFragment
08-05 00:38:22.313 31419 31419 I SettingsManager: Getting int: launchCount
08-05 00:38:22.317 31419 31419 D SessionListsFragment: onCreateView
08-05 00:38:22.327 31419 31419 I SettingsManager: Getting string: savedCourse
08-05 00:38:22.330 31419 31419 I SettingsManager: Getting string: savedSessions
08-05 00:38:22.330 31419 31419 D SessionListsFragment: loadArgument: updateSessions
08-05 00:38:22.330 31419 31419 D SessionListsFragment: initialIndex: -1
08-05 00:38:22.332 31419 31848 D HTTP    : Request for: https://uob-timetable-api.adriankeenan.co.uk/sessions?dept=BD002&course=CFIEFAAF%2F02AA%2F0%2FFT&level=ALL+Courses
08-05 00:38:22.334 31419 31419 I WebViewFactory: Loading com.google.android.webview version 84.0.4147.89 (code 414708953)
08-05 00:38:22.347 31419 31430 I art     : Explicit concurrent mark sweep GC freed 5430(319KB) AllocSpace objects, 1(40KB) LOS objects, 31% free, 35MB/51MB, paused 413us total 39.449ms
08-05 00:38:22.362 31419 31430 I art     : Starting a blocking GC Explicit
08-05 00:38:22.400 31419 31419 I cr_LibraryLoader: Loaded native library version number "84.0.4147.89"
08-05 00:38:22.401 31419 31419 I cr_CachingUmaRecorder: Flushed 5 samples from 5 histograms.
08-05 00:38:22.401 31419 31430 I art     : Explicit concurrent mark sweep GC freed 5171(427KB) AllocSpace objects, 4(1416KB) LOS objects, 31% free, 34MB/50MB, paused 1.008ms total 39.343ms
08-05 00:38:22.414 31419 31430 I art     : Starting a blocking GC Explicit
08-05 00:38:22.432 31419 31419 E chromium: [ERROR:filesystem_posix.cc(62)] mkdir /data/user/0/baseline.com.ak.uobtimetable/cache/WebView/Crashpad: No such file or directory (2)
08-05 00:38:22.470 31419 31430 I art     : Explicit concurrent mark sweep GC freed 2134(217KB) AllocSpace objects, 1(20KB) LOS objects, 31% free, 34MB/50MB, paused 859us total 54.945ms
08-05 00:38:22.489 31419 31430 I art     : Starting a blocking GC Explicit
08-05 00:38:22.506   918  3670 D ConnectivityService: listenForNetwork for Listen from uid/pid:10684/31419 for NetworkRequest [ id=3015, legacyType=-1, [ Capabilities: INTERNET&NOT_RESTRICTED&TRUSTED] ]
08-05 00:38:22.526 31419 31430 I art     : Explicit concurrent mark sweep GC freed 3068(226KB) AllocSpace objects, 2(120KB) LOS objects, 31% free, 35MB/51MB, paused 944us total 37.699ms
08-05 00:38:22.536 31419 31864 W cr_media: Requires BLUETOOTH permission
08-05 00:38:22.544 30906 30906 W Atfwd_Sendcmd: AtCmdFwd service not published, waiting... retryCnt : 2
08-05 00:38:22.550 31419 31848 I NAPPA_EXPERIMENTATION: MetricNetworkRequestExecutionTime: REQUEST_DURATION_SYSTEM='215',REQUEST_DURATION_OKHTTP='36',REQUEST_SYNCHRONOUS='TRUE',RESPONSE_CODE='200',RESPONSE_METHOD='GET',RESPONSE_LENGTH_OKHTTP='-1',RESPONSE_LENGTH_HEADER='867',REQUEST_PROTOCOL='http/1.1',REQUEST_URL='https://uob-timetable-api.adriankeenan.co.uk/sessions?dept=BD002&course=CFIEFAAF%2F02AA%2F0%2FFT&level=ALL+Courses',
08-05 00:38:22.550 31419 31875 E libEGL  : validate_display:255 error 3008 (EGL_BAD_DISPLAY)
08-05 00:38:22.552 31419 31419 D TermDatesFragment: WebView loaded
08-05 00:38:22.553 31419 31419 D MainActivity: OnResume
08-05 00:38:22.590 31419 31848 I HTTP    : Response was compressed.
08-05 00:38:22.603 31419 31848 I Service : getSessions response time: 1.12
08-05 00:38:22.628 31419 31419 I TermDatesFragment: Webview load %: 10
08-05 00:38:22.657   918   936 I ActivityManager: Displayed baseline.com.ak.uobtimetable/.MainActivity: +394ms
08-05 00:38:22.658 13866 13866 I GoogleInputMethodServic: GoogleInputMethodService.onFinishInput():3138 
08-05 00:38:22.658 31419 31419 I SettingsManager: Getting string: savedSessions
08-05 00:38:22.659 13866 13866 I GoogleInputMethodServic: GoogleInputMethodService.onStartInput():1808 
08-05 00:38:22.663 31419 31419 I SettingsManager: Setting string: savedSessions
08-05 00:38:22.671   918  5481 W BackupManagerService: dataChanged but no participant pkg='baseline.com.ak.uobtimetable' uid=10684
08-05 00:38:22.672 31419 31419 I SettingsManager: Setting date: savedSessionsTime
08-05 00:38:22.677   918  3359 W BackupManagerService: dataChanged but no participant pkg='baseline.com.ak.uobtimetable' uid=10684
08-05 00:38:22.677 31419 31419 I SettingsManager: Setting string: savedSessionsCourseName
08-05 00:38:22.683   918  3714 W BackupManagerService: dataChanged but no participant pkg='baseline.com.ak.uobtimetable' uid=10684
08-05 00:38:22.683 31419 31419 I SettingsManager: Setting string: savedSessionsDateRange
08-05 00:38:22.688   918  6029 W BackupManagerService: dataChanged but no participant pkg='baseline.com.ak.uobtimetable' uid=10684
08-05 00:38:22.688 31419 31419 I SettingsManager: Setting string: timetableUrl
08-05 00:38:22.693   918  3670 W BackupManagerService: dataChanged but no participant pkg='baseline.com.ak.uobtimetable' uid=10684
08-05 00:38:22.694 31419 31419 I SettingsManager: Getting boolean: notifySessionRemindersEnabled
08-05 00:38:22.694 31419 31419 I SettingsManager: Getting int: notifySessionRemindersMinutes
08-05 00:38:22.694 31419 31419 I SettingsManager: Getting boolean: showHiddenSessions
08-05 00:38:22.719 31419 31419 I SessionReminderNotifier: Created session reminder alarm for f7b4771250a919bd729c1c5a4a459c77 at Mon 08:30:00 10/08/20
08-05 00:38:22.721 31419 31419 I SessionReminderNotifier: Created session reminder alarm for a7f879aabdeb78622c8820a5fb7b64cd at Tue 08:30:00 11/08/20
08-05 00:38:22.722 31419 31419 I SessionReminderNotifier: Created session reminder alarm for 7bc8d7e2c2055711f597c3d9078c6ea3 at Tue 08:30:00 11/08/20
08-05 00:38:22.722 31419 31419 I SessionReminderNotifier: Created session reminder alarm for e0fc978b5db8218778540b4053344581 at Tue 11:00:00 11/08/20
08-05 00:38:22.723 31419 31419 I SessionReminderNotifier: Created session reminder alarm for 21712fef61090882c855a1425543edb5 at Tue 13:30:00 11/08/20
08-05 00:38:22.724 31419 31419 I SessionReminderNotifier: Created session reminder alarm for 65ca4d97f031f29a4d02bbb45a705d8f at Wed 08:30:00 05/08/20
08-05 00:38:22.725 31419 31419 I SessionReminderNotifier: Created session reminder alarm for eeda7741b0bcab58fd9f46dc6ef1d942 at Wed 08:30:00 05/08/20
08-05 00:38:22.725 31419 31419 I SessionReminderNotifier: Created session reminder alarm for c276c1b2075a0beb67f1b3d1e580f920 at Wed 11:00:00 05/08/20
08-05 00:38:22.726 31419 31419 I SessionReminderNotifier: Created session reminder alarm for 79fe0b5c3b887a13ba29db5a33fa2800 at Thu 08:30:00 06/08/20
08-05 00:38:22.727 31419 31419 I SessionReminderNotifier: Created session reminder alarm for 2ba1034116e4fffdd592dbf0796a43d5 at Fri 08:30:00 07/08/20
08-05 00:38:22.727 31419 31419 I SettingsManager: Getting boolean: showHiddenSessions
08-05 00:38:22.728 31419 31419 D SessionListsFragment: 1 sessions for day 0
08-05 00:38:22.728 31419 31419 D SessionListsFragment: 4 sessions for day 1
08-05 00:38:22.728 31419 31419 D SessionListsFragment: 3 sessions for day 2
08-05 00:38:22.728 31419 31419 D SessionListsFragment: 1 sessions for day 3
08-05 00:38:22.728 31419 31419 D SessionListsFragment: 1 sessions for day 4
08-05 00:38:22.756 31419 31431 I art     : Starting a blocking GC Explicit
08-05 00:38:22.764 31419 31419 I SettingsManager: Getting boolean: showHiddenSessions
08-05 00:38:22.765 31419 31419 D SessionListsFragment: Refreshed ViewPager
08-05 00:38:22.765 31419 31419 I SettingsManager: Getting boolean: showHiddenSessions
08-05 00:38:22.765 31419 31419 I SettingsManager: Getting boolean: completedTutorial
08-05 00:38:22.777 31419 31419 I SettingsManager: Getting boolean: showHiddenSessions
08-05 00:38:22.777 31419 31419 I SettingsManager: Getting date: savedSessionsTime
08-05 00:38:22.779   512  2967 D audio_hw_primary: disable_audio_route: reset and update mixer path: low-latency-playback speaker
08-05 00:38:22.780   512  2967 D audio_hw_primary: disable_snd_device: snd_device(2: speaker)
08-05 00:38:22.789   512  2967 I soundtrigger: audio_extn_sound_trigger_update_device_status: device 0x2 of type 0 for Event 0
08-05 00:38:22.807 31419 31431 I art     : Explicit concurrent mark sweep GC freed 30938(1760KB) AllocSpace objects, 7(200KB) LOS objects, 30% free, 36MB/52MB, paused 1.015ms total 50.699ms
08-05 00:38:22.823 31419 31431 I art     : Starting a blocking GC Explicit
08-05 00:38:22.873 31419 31431 I art     : Explicit concurrent mark sweep GC freed 35955(1560KB) AllocSpace objects, 0(0B) LOS objects, 30% free, 36MB/52MB, paused 891us total 49.594ms
08-05 00:38:22.886 31419 31431 I art     : Starting a blocking GC Explicit
08-05 00:38:22.933 31419 31431 I art     : Explicit concurrent mark sweep GC freed 32954(1392KB) AllocSpace objects, 3(200KB) LOS objects, 30% free, 36MB/52MB, paused 722us total 46.221ms
08-05 00:38:22.945 31419 31431 I art     : Starting a blocking GC Explicit
08-05 00:38:22.988 31419 31431 I art     : Explicit concurrent mark sweep GC freed 29846(1305KB) AllocSpace objects, 0(0B) LOS objects, 30% free, 36MB/52MB, paused 701us total 42.271ms
08-05 00:38:23.000 31419 31431 I art     : Starting a blocking GC Explicit
08-05 00:38:23.046 31419 31431 I art     : Explicit concurrent mark sweep GC freed 37911(1561KB) AllocSpace objects, 0(0B) LOS objects, 30% free, 36MB/52MB, paused 782us total 45.350ms
08-05 00:38:23.285 31419 31419 I TermDatesFragment: Webview load %: 70
08-05 00:38:23.329 31419 31419 I TermDatesFragment: Webview load %: 100
08-05 00:38:23.329 31419 31419 I TermDatesFragment: Webview load %: 100
08-05 00:38:23.334 31419 31630 I art     : Starting a blocking GC Explicit
08-05 00:38:23.386 31419 31630 I art     : Explicit concurrent mark sweep GC freed 61485(2MB) AllocSpace objects, 1(20KB) LOS objects, 30% free, 36MB/52MB, paused 266us total 51.857ms
08-05 00:38:23.401 31419 31630 I art     : Starting a blocking GC Explicit
08-05 00:38:23.445 31419 31630 I art     : Explicit concurrent mark sweep GC freed 1623(147KB) AllocSpace objects, 0(0B) LOS objects, 30% free, 36MB/52MB, paused 233us total 43.375ms
08-05 00:38:23.459 31419 31630 I art     : Starting a blocking GC Explicit
08-05 00:38:23.502 31419 31630 I art     : Explicit concurrent mark sweep GC freed 38(1872B) AllocSpace objects, 0(0B) LOS objects, 30% free, 36MB/52MB, paused 218us total 42.879ms
08-05 00:38:23.516 31419 31630 I art     : Starting a blocking GC Explicit
08-05 00:38:23.554 31419 31630 I art     : Explicit concurrent mark sweep GC freed 121655(11MB) AllocSpace objects, 3(136KB) LOS objects, 38% free, 25MB/41MB, paused 209us total 37.320ms
08-05 00:38:23.564 31419 31630 I art     : Starting a blocking GC Explicit
08-05 00:38:23.585 31419 31630 I art     : Explicit concurrent mark sweep GC freed 49(2320B) AllocSpace objects, 0(0B) LOS objects, 38% free, 25MB/41MB, paused 218us total 20.852ms
08-05 00:38:23.879 31419 31430 I art     : Starting a blocking GC Explicit
08-05 00:38:23.912 31419 31430 I art     : Explicit concurrent mark sweep GC freed 1290(75KB) AllocSpace objects, 1(20KB) LOS objects, 38% free, 25MB/41MB, paused 259us total 33.204ms
08-05 00:38:23.927 31419 31430 I art     : Starting a blocking GC Explicit
08-05 00:38:23.955 31419 31430 I art     : Explicit concurrent mark sweep GC freed 18(624B) AllocSpace objects, 0(0B) LOS objects, 38% free, 25MB/41MB, paused 235us total 27.796ms
08-05 00:38:23.964 31419 31430 I art     : Starting a blocking GC Explicit
08-05 00:38:23.989 31419 31430 I art     : Explicit concurrent mark sweep GC freed 3(96B) AllocSpace objects, 0(0B) LOS objects, 38% free, 25MB/41MB, paused 233us total 24.452ms
08-05 00:38:23.998 31419 31430 I art     : Starting a blocking GC Explicit
08-05 00:38:24.023 31419 31430 I art     : Explicit concurrent mark sweep GC freed 3(96B) AllocSpace objects, 0(0B) LOS objects, 38% free, 25MB/41MB, paused 225us total 24.648ms
08-05 00:38:24.033 31419 31430 I art     : Starting a blocking GC Explicit
08-05 00:38:24.058 31419 31430 I art     : Explicit concurrent mark sweep GC freed 3(96B) AllocSpace objects, 0(0B) LOS objects, 38% free, 25MB/41MB, paused 237us total 24.892ms
08-05 00:38:24.386 31419 31894 I art     : Starting a blocking GC Explicit
08-05 00:38:24.421 31419 31894 I art     : Explicit concurrent mark sweep GC freed 1343(77KB) AllocSpace objects, 1(20KB) LOS objects, 38% free, 25MB/41MB, paused 281us total 34.274ms
08-05 00:38:24.431 31419 31894 I art     : Starting a blocking GC Explicit
08-05 00:38:24.455 31419 31894 I art     : Explicit concurrent mark sweep GC freed 39(1312B) AllocSpace objects, 0(0B) LOS objects, 38% free, 25MB/41MB, paused 226us total 23.497ms
08-05 00:38:24.464 31419 31894 I art     : Starting a blocking GC Explicit
08-05 00:38:24.488 31419 31894 I art     : Explicit concurrent mark sweep GC freed 23(736B) AllocSpace objects, 0(0B) LOS objects, 38% free, 25MB/41MB, paused 220us total 23.492ms
08-05 00:38:24.498 31419 31894 I art     : Starting a blocking GC Explicit
08-05 00:38:24.523 31419 31894 I art     : Explicit concurrent mark sweep GC freed 23(736B) AllocSpace objects, 0(0B) LOS objects, 38% free, 25MB/41MB, paused 235us total 24.937ms
08-05 00:38:24.532 31419 31894 I art     : Starting a blocking GC Explicit
08-05 00:38:24.556 31419 31894 I art     : Explicit concurrent mark sweep GC freed 23(736B) AllocSpace objects, 0(0B) LOS objects, 38% free, 25MB/41MB, paused 227us total 23.624ms
08-05 00:38:24.899 31419 31630 I art     : Starting a blocking GC Explicit
08-05 00:38:24.938 31419 31630 I art     : Explicit concurrent mark sweep GC freed 1335(76KB) AllocSpace objects, 1(20KB) LOS objects, 38% free, 25MB/41MB, paused 272us total 39.310ms
08-05 00:38:24.947   918  1210 D NetlinkSocketObserver: NeighborEvent{elapsedMs=1734508822, 192.168.2.254, [7C3953A63323], RTM_NEWNEIGH, NUD_STALE}
08-05 00:38:24.952 31419 31630 I art     : Starting a blocking GC Explicit
08-05 00:38:24.980 31419 31630 I art     : Explicit concurrent mark sweep GC freed 23(784B) AllocSpace objects, 0(0B) LOS objects, 38% free, 25MB/41MB, paused 235us total 26.998ms
08-05 00:38:24.991 31419 31630 I art     : Starting a blocking GC Explicit
08-05 00:38:25.015 31419 31630 I art     : Explicit concurrent mark sweep GC freed 7(224B) AllocSpace objects, 0(0B) LOS objects, 38% free, 25MB/41MB, paused 223us total 23.763ms
08-05 00:38:25.025 31419 31630 I art     : Starting a blocking GC Explicit
08-05 00:38:25.049 31419 31630 I art     : Explicit concurrent mark sweep GC freed 5(160B) AllocSpace objects, 0(0B) LOS objects, 38% free, 25MB/41MB, paused 218us total 24.389ms
08-05 00:38:25.059 31419 31630 I art     : Starting a blocking GC Explicit
08-05 00:38:25.082 31419 31630 I art     : Explicit concurrent mark sweep GC freed 4(160B) AllocSpace objects, 0(0B) LOS objects, 38% free, 25MB/41MB, paused 243us total 23.580ms
08-05 00:38:25.398 31419 31894 I art     : Starting a blocking GC Explicit
08-05 00:38:25.432 31419 31894 I art     : Explicit concurrent mark sweep GC freed 1293(75KB) AllocSpace objects, 1(20KB) LOS objects, 38% free, 25MB/41MB, paused 268us total 33.652ms
08-05 00:38:25.445 31419 31894 I art     : Starting a blocking GC Explicit
08-05 00:38:25.471 31419 31894 I art     : Explicit concurrent mark sweep GC freed 18(624B) AllocSpace objects, 0(0B) LOS objects, 38% free, 25MB/41MB, paused 228us total 25.492ms
08-05 00:38:25.481 31419 31894 I art     : Starting a blocking GC Explicit
08-05 00:38:25.505 31419 31894 I art     : Explicit concurrent mark sweep GC freed 3(96B) AllocSpace objects, 0(0B) LOS objects, 38% free, 25MB/41MB, paused 221us total 24.020ms
08-05 00:38:25.514 31419 31894 I art     : Starting a blocking GC Explicit
08-05 00:38:25.538 31419 31894 I art     : Explicit concurrent mark sweep GC freed 3(96B) AllocSpace objects, 0(0B) LOS objects, 38% free, 25MB/41MB, paused 209us total 23.819ms
08-05 00:38:25.547 31419 31894 I art     : Starting a blocking GC Explicit
08-05 00:38:25.572 31419 31894 I art     : Explicit concurrent mark sweep GC freed 3(96B) AllocSpace objects, 0(0B) LOS objects, 38% free, 25MB/41MB, paused 230us total 24.635ms
08-05 00:38:25.887 31419 31430 I art     : Starting a blocking GC Explicit
08-05 00:38:25.923 31419 31430 I art     : Explicit concurrent mark sweep GC freed 1293(75KB) AllocSpace objects, 1(20KB) LOS objects, 38% free, 25MB/41MB, paused 268us total 34.661ms
08-05 00:38:25.936 31419 31430 I art     : Starting a blocking GC Explicit
08-05 00:38:25.961 31419 31430 I art     : Explicit concurrent mark sweep GC freed 18(624B) AllocSpace objects, 0(0B) LOS objects, 38% free, 25MB/41MB, paused 268us total 25.256ms
08-05 00:38:25.971 31419 31430 I art     : Starting a blocking GC Explicit
08-05 00:38:25.995 31419 31430 I art     : Explicit concurrent mark sweep GC freed 3(96B) AllocSpace objects, 0(0B) LOS objects, 38% free, 25MB/41MB, paused 233us total 23.786ms
08-05 00:38:26.004 31419 31430 I art     : Starting a blocking GC Explicit
08-05 00:38:26.028 31419 31430 I art     : Explicit concurrent mark sweep GC freed 3(96B) AllocSpace objects, 0(0B) LOS objects, 38% free, 25MB/41MB, paused 211us total 23.669ms
08-05 00:38:26.037 31419 31430 I art     : Starting a blocking GC Explicit
08-05 00:38:26.061 31419 31430 I art     : Explicit concurrent mark sweep GC freed 3(96B) AllocSpace objects, 0(0B) LOS objects, 38% free, 25MB/41MB, paused 277us total 23.581ms
08-05 00:38:26.331 23763 23763 I Finsky  : [1] xow.onStartJob(3): SCH: onJobSchedulerWakeup with jobId 9003
08-05 00:38:26.347 23763 23763 I Finsky  : [1] xjw.a(9): Scheduling fallback in 43199988 (absolute: 1777710210)
08-05 00:38:26.350 23763 23763 I Finsky  : [1] xjw.a(9): Scheduling fallback in 64799998 (absolute: 1799310222)
08-05 00:38:26.355 23763 23763 I Finsky  : [1] xow.onStartJob(3): SCH: onJobSchedulerWakeup with jobId 9016
08-05 00:38:26.361 23763 23763 I Finsky  : [1] xjw.a(9): Scheduling fallback in 43199998 (absolute: 1777710234)
08-05 00:38:26.364 23763 23763 I Finsky  : [1] xjw.a(9): Scheduling fallback in 64799997 (absolute: 1799310236)
08-05 00:38:26.368 23763 23763 W Finsky  : [1] xow.onStartJob(9): SCH: onJobSchedulerWakeup while already running
08-05 00:38:26.399 31419 31430 I art     : Starting a blocking GC Explicit
08-05 00:38:26.427 31419 31430 I art     : Explicit concurrent mark sweep GC freed 1312(76KB) AllocSpace objects, 1(20KB) LOS objects, 38% free, 25MB/41MB, paused 403us total 27.784ms
08-05 00:38:26.438 31419 31430 I art     : Starting a blocking GC Explicit
08-05 00:38:26.461 31419 31430 I art     : Explicit concurrent mark sweep GC freed 20(656B) AllocSpace objects, 0(0B) LOS objects, 38% free, 25MB/41MB, paused 210us total 22.740ms
08-05 00:38:26.471 31419 31430 I art     : Starting a blocking GC Explicit
08-05 00:38:26.493 31419 31430 I art     : Explicit concurrent mark sweep GC freed 28(1120B) AllocSpace objects, 0(0B) LOS objects, 38% free, 25MB/41MB, paused 204us total 22.523ms
08-05 00:38:26.503 31419 31430 I art     : Starting a blocking GC Explicit
08-05 00:38:26.525 23763 23763 I Finsky  : [1] xkf.handleMessage(8): SCH: DeviceState: DeviceState{currentTime=1596580706518, isCharging=false, isIdle=false, netAny=true, netNotRoaming=true, netUnmetered=true, batteryPercent=100.0}
08-05 00:38:26.527 31419 31430 I art     : Explicit concurrent mark sweep GC freed 5(128B) AllocSpace objects, 0(0B) LOS objects, 38% free, 25MB/41MB, paused 270us total 23.707ms
08-05 00:38:26.533 23763 31394 I Finsky  : [5962] xmu.a(8): SCH: Jobs in database: 1-1337 3-199 3-200 12-1 24-77777777 26-1414141414 
08-05 00:38:26.538 31419 31430 I art     : Starting a blocking GC Explicit
08-05 00:38:26.539 23763 23763 I Finsky  : [1] xkg.a(16): SCH: Running job: 12-1
08-05 00:38:26.540 23763 23763 I Finsky  : [1] ContentSyncJob.a(16): [ContentSync] job started
08-05 00:38:26.541 23763 23763 I Finsky  : [1] xkf.handleMessage(61): SCH: RunningQueue size: 1, PendingQueue size: 0
08-05 00:38:26.542 23763 23763 I Finsky  : [1] xkf.handleMessage(64): SCH: Running queue: 12-1 
08-05 00:38:26.560 31419 31430 I art     : Explicit concurrent mark sweep GC freed 38(1120B) AllocSpace objects, 0(0B) LOS objects, 38% free, 25MB/41MB, paused 222us total 21.962ms
08-05 00:38:26.612 23763 31970 I Finsky  : [5971] dzn.a(22): Completed 0 account content syncs with 0 successful.
08-05 00:38:26.612 23763 23763 I Finsky  : [1] ContentSyncJob.a(1): [ContentSync] Installation state replication succeeded.
08-05 00:38:26.613 23763 23763 I Finsky  : [1] xlr.a(13): SCH: jobFinished: 12-1. TimeElapsed: 74ms.
08-05 00:38:26.613 23763 23763 I Finsky  : [1] xkg.a(36): SCH: Job 12-1 finished. Not rescheduling.
08-05 00:38:26.613 23763 23763 I Finsky  : [1] xkf.handleMessage(61): SCH: RunningQueue size: 0, PendingQueue size: 0
08-05 00:38:26.614 23763 23763 I Finsky  : [1] xkf.handleMessage(25): Executor finished
08-05 00:38:26.626 23763 23763 I Finsky  : [1] xmu.a(8): SCH: Jobs in database: 1-1337 3-199 3-200 24-77777777 26-1414141414 
08-05 00:38:26.628 23763 23763 I Finsky  : [1] xio.a(57): SCH: ConstraintMapping: 24-77777777,  -> L: 0ms, D: 73893892ms, C: false, I: true, N: 0
08-05 00:38:26.629 23763 23763 I Finsky  : [1] xio.a(57): SCH: ConstraintMapping: 1-1337,  -> L: 15286913ms, D: 34046282ms, C: false, I: false, N: 1
08-05 00:38:26.629 23763 23763 I Finsky  : [1] xio.a(57): SCH: ConstraintMapping: 3-199,  -> L: 0ms, D: 85486625ms, C: false, I: true, N: 2
08-05 00:38:26.629 23763 23763 I Finsky  : [1] xio.a(57): SCH: ConstraintMapping: 3-200,  -> L: 0ms, D: 85486731ms, C: true, I: true, N: 2
08-05 00:38:26.630 23763 23763 I Finsky  : [1] xio.a(57): SCH: ConstraintMapping: 26-1414141414,  -> L: 38683765ms, D: 39583765ms, C: false, I: false, N: 0
08-05 00:38:26.641 23763 23763 I Finsky  : [1] xle.a(34): Cancelling existing jobscheduler jobs: 9004 9017 9007 9000 9006 9018 9019 9015 
08-05 00:38:26.641 23763 23763 I Finsky  : [1] xle.a(10): Throttling wakeup for job 9001 (expected to run in 0 ms) due to recent wakeup
08-05 00:38:26.641 23763 23763 I Finsky  : [1] xle.a(27): Scheduling job Id: 9001, L: 30000, D: 73893892, C: false, I: true, N: 0
08-05 00:38:26.643 23763 23763 I Finsky  : [1] xle.a(27): Scheduling job Id: 9002, L: 15286913, D: 34046282, C: false, I: false, N: 1
08-05 00:38:26.644 23763 23763 I Finsky  : [1] xle.a(10): Throttling wakeup for job 9005 (expected to run in 0 ms) due to recent wakeup
08-05 00:38:26.644 23763 23763 I Finsky  : [1] xle.a(27): Scheduling job Id: 9005, L: 30000, D: 85486625, C: false, I: true, N: 2
08-05 00:38:26.646 23763 23763 I Finsky  : [1] xle.a(10): Throttling wakeup for job 9008 (expected to run in 0 ms) due to recent wakeup
08-05 00:38:26.646 23763 23763 I Finsky  : [1] xle.a(27): Scheduling job Id: 9008, L: 30000, D: 85486731, C: true, I: true, N: 2
08-05 00:38:26.648 23763 23763 I Finsky  : [1] xle.a(27): Scheduling job Id: 9009, L: 38683765, D: 39583765, C: false, I: false, N: 0
08-05 00:38:26.650 23763 23763 I Finsky  : [1] xle.a(10): Throttling wakeup for job 9010 (expected to run in 0 ms) due to recent wakeup
08-05 00:38:26.650 23763 23763 I Finsky  : [1] xle.a(27): Scheduling job Id: 9010, L: 30000, D: 73893892, C: false, I: true, N: 0
08-05 00:38:26.652 23763 23763 I Finsky  : [1] xle.a(27): Scheduling job Id: 9011, L: 15286913, D: 34046282, C: false, I: false, N: 1
08-05 00:38:26.654 23763 23763 I Finsky  : [1] xle.a(10): Throttling wakeup for job 9012 (expected to run in 0 ms) due to recent wakeup
08-05 00:38:26.654 23763 23763 I Finsky  : [1] xle.a(27): Scheduling job Id: 9012, L: 30000, D: 85486625, C: false, I: true, N: 2
08-05 00:38:26.655 23763 23763 I Finsky  : [1] xle.a(10): Throttling wakeup for job 9013 (expected to run in 0 ms) due to recent wakeup
08-05 00:38:26.656 23763 23763 I Finsky  : [1] xle.a(27): Scheduling job Id: 9013, L: 30000, D: 85486731, C: true, I: true, N: 2
08-05 00:38:26.658 23763 23763 I Finsky  : [1] xle.a(27): Scheduling job Id: 9014, L: 38683765, D: 39583765, C: false, I: false, N: 0
08-05 00:38:26.739 31967 31967 D AndroidRuntime: >>>>>> START com.android.internal.os.RuntimeInit uid 2000 <<<<<<
08-05 00:38:26.743 31967 31967 D AndroidRuntime: CheckJNI is OFF
08-05 00:38:26.773 31967 31967 D ICU     : No timezone override file found: /data/misc/zoneinfo/current/icu/icu_tzdata.dat
08-05 00:38:26.796 31967 31967 I Radio-JNI: register_android_hardware_Radio DONE
08-05 00:38:26.800 31419 31630 I art     : Starting a blocking GC Explicit
08-05 00:38:26.812 31967 31967 D AndroidRuntime: Calling main entry com.android.commands.input.Input
08-05 00:38:26.813 31967 31967 I Input   : injectMotionEvent: MotionEvent { action=ACTION_DOWN, actionButton=0, id[0]=0, x[0]=1215.0, y[0]=1450.0, toolType[0]=TOOL_TYPE_UNKNOWN, buttonState=0, metaState=0, flags=0x0, edgeFlags=0x0, pointerCount=1, historySize=0, eventTime=751123226, downTime=751123226, deviceId=0, source=0x1002 }
08-05 00:38:26.818 31967 31967 I Input   : injectMotionEvent: MotionEvent { action=ACTION_UP, actionButton=0, id[0]=0, x[0]=1215.0, y[0]=1450.0, toolType[0]=TOOL_TYPE_UNKNOWN, buttonState=0, metaState=0, flags=0x0, edgeFlags=0x0, pointerCount=1, historySize=0, eventTime=751123226, downTime=751123226, deviceId=0, source=0x1002 }
08-05 00:38:26.823 31419 31630 I art     : Explicit concurrent mark sweep GC freed 1318(76KB) AllocSpace objects, 1(20KB) LOS objects, 38% free, 25MB/41MB, paused 373us total 22.789ms
08-05 00:38:26.823 31967 31967 D AndroidRuntime: Shutting down VM
08-05 00:38:26.826   512  2967 D audio_hw_primary: out_set_parameters: enter: usecase(1: low-latency-playback) kvpairs: routing=2
08-05 00:38:26.834 31419 31630 I art     : Starting a blocking GC Explicit
08-05 00:38:26.839   512  2967 D audio_hw_primary: select_devices: out_snd_device(2: speaker) in_snd_device(0: none)
08-05 00:38:26.839   512  2967 D msm8974_platform: platform_send_audio_calibration: sending audio calibration for snd_device(2) acdb_id(15)
08-05 00:38:26.840   512  2967 I soundtrigger: audio_extn_sound_trigger_update_device_status: device 0x2 of type 0 for Event 1
08-05 00:38:26.852   512  2967 D audio_hw_primary: enable_snd_device: snd_device(2: speaker)
08-05 00:38:26.854   512  2967 D audio_hw_primary: enable_audio_route: apply and update mixer path: low-latency-playback speaker
08-05 00:38:26.858 31419 31630 I art     : Explicit concurrent mark sweep GC freed 480(36KB) AllocSpace objects, 0(0B) LOS objects, 38% free, 25MB/41MB, paused 251us total 24.691ms
08-05 00:38:26.867 31419 31630 I art     : Starting a blocking GC Explicit
08-05 00:38:26.890 31419 31630 I art     : Explicit concurrent mark sweep GC freed 135(13KB) AllocSpace objects, 0(0B) LOS objects, 38% free, 25MB/41MB, paused 248us total 22.969ms
08-05 00:38:26.899 31419 31630 I art     : Starting a blocking GC Explicit
08-05 00:38:26.921 31419 31630 I art     : Explicit concurrent mark sweep GC freed 164(8KB) AllocSpace objects, 0(0B) LOS objects, 38% free, 25MB/41MB, paused 214us total 21.374ms
08-05 00:38:26.929 31419 31630 I art     : Starting a blocking GC Explicit
08-05 00:38:26.952 31419 31630 I art     : Explicit concurrent mark sweep GC freed 831(60KB) AllocSpace objects, 1(40KB) LOS objects, 38% free, 25MB/41MB, paused 239us total 22.203ms
08-05 00:38:27.211 31419 31894 I art     : Starting a blocking GC Explicit
08-05 00:38:27.243 31419 31894 I art     : Explicit concurrent mark sweep GC freed 1293(75KB) AllocSpace objects, 1(20KB) LOS objects, 38% free, 25MB/41MB, paused 279us total 32.255ms
08-05 00:38:27.256 31419 31894 I art     : Starting a blocking GC Explicit
08-05 00:38:27.282 31419 31894 I art     : Explicit concurrent mark sweep GC freed 18(624B) AllocSpace objects, 0(0B) LOS objects, 38% free, 25MB/41MB, paused 247us total 25.932ms
08-05 00:38:27.292 31419 31894 I art     : Starting a blocking GC Explicit
08-05 00:38:27.317 31419 31894 I art     : Explicit concurrent mark sweep GC freed 3(96B) AllocSpace objects, 0(0B) LOS objects, 38% free, 25MB/41MB, paused 306us total 24.312ms
08-05 00:38:27.317 31419 31429 I art     : WaitForGcToComplete blocked for 23.899ms for cause HeapTrim
08-05 00:38:27.326 31419 31894 I art     : Starting a blocking GC Explicit
08-05 00:38:27.351 31419 31894 I art     : Explicit concurrent mark sweep GC freed 3(96B) AllocSpace objects, 0(0B) LOS objects, 38% free, 25MB/41MB, paused 244us total 24.168ms
08-05 00:38:27.360 31419 31894 I art     : Starting a blocking GC Explicit
08-05 00:38:27.383 31419 31894 I art     : Explicit concurrent mark sweep GC freed 3(96B) AllocSpace objects, 0(0B) LOS objects, 38% free, 25MB/41MB, paused 245us total 23.137ms
08-05 00:38:27.399   512  2967 D audio_hw_primary: disable_audio_route: reset and update mixer path: low-latency-playback speaker
08-05 00:38:27.400   512  2967 D audio_hw_primary: disable_snd_device: snd_device(2: speaker)
08-05 00:38:27.408   512  2967 I soundtrigger: audio_extn_sound_trigger_update_device_status: device 0x2 of type 0 for Event 0
08-05 00:38:27.687 31419 31431 I art     : Starting a blocking GC Explicit
08-05 00:38:27.721 31419 31431 I art     : Explicit concurrent mark sweep GC freed 1293(75KB) AllocSpace objects, 1(20KB) LOS objects, 38% free, 25MB/41MB, paused 246us total 33.474ms
08-05 00:38:27.735 31419 31431 I art     : Starting a blocking GC Explicit
08-05 00:38:27.759 31419 31431 I art     : Explicit concurrent mark sweep GC freed 20(704B) AllocSpace objects, 0(0B) LOS objects, 38% free, 25MB/41MB, paused 230us total 24.030ms
08-05 00:38:27.768 31419 31431 I art     : Starting a blocking GC Explicit
08-05 00:38:27.792 31419 31431 I art     : Explicit concurrent mark sweep GC freed 3(96B) AllocSpace objects, 0(0B) LOS objects, 38% free, 25MB/41MB, paused 230us total 23.800ms
08-05 00:38:27.801 31419 31431 I art     : Starting a blocking GC Explicit
08-05 00:38:27.825 31419 31431 I art     : Explicit concurrent mark sweep GC freed 3(96B) AllocSpace objects, 0(0B) LOS objects, 38% free, 25MB/41MB, paused 230us total 23.207ms
08-05 00:38:27.834 31419 31431 I art     : Starting a blocking GC Explicit
08-05 00:38:27.858 31419 31431 I art     : Explicit concurrent mark sweep GC freed 3(96B) AllocSpace objects, 0(0B) LOS objects, 38% free, 25MB/41MB, paused 231us total 23.599ms
08-05 00:38:28.130 31419 31430 I art     : Starting a blocking GC Explicit
08-05 00:38:28.156 31419 31430 I art     : Explicit concurrent mark sweep GC freed 1293(75KB) AllocSpace objects, 1(20KB) LOS objects, 38% free, 25MB/41MB, paused 262us total 25.052ms
08-05 00:38:28.165 31419 31430 I art     : Starting a blocking GC Explicit
08-05 00:38:28.190 31419 31430 I art     : Explicit concurrent mark sweep GC freed 18(624B) AllocSpace objects, 0(0B) LOS objects, 38% free, 25MB/41MB, paused 247us total 24.706ms
08-05 00:38:28.199 31419 31430 I art     : Starting a blocking GC Explicit
08-05 00:38:28.222 31419 31430 I art     : Explicit concurrent mark sweep GC freed 3(96B) AllocSpace objects, 0(0B) LOS objects, 38% free, 25MB/41MB, paused 231us total 22.310ms
08-05 00:38:28.230 31419 31430 I art     : Starting a blocking GC Explicit
08-05 00:38:28.252 31419 31430 I art     : Explicit concurrent mark sweep GC freed 3(96B) AllocSpace objects, 0(0B) LOS objects, 38% free, 25MB/41MB, paused 233us total 21.279ms
08-05 00:38:28.260 31419 31430 I art     : Starting a blocking GC Explicit
08-05 00:38:28.282 31419 31430 I art     : Explicit concurrent mark sweep GC freed 3(96B) AllocSpace objects, 0(0B) LOS objects, 38% free, 25MB/41MB, paused 239us total 21.805ms
08-05 00:38:28.393 32019 32019 D AndroidRuntime: >>>>>> START com.android.internal.os.RuntimeInit uid 2000 <<<<<<
08-05 00:38:28.400 32019 32019 D AndroidRuntime: CheckJNI is OFF
08-05 00:38:28.433 32019 32019 D ICU     : No timezone override file found: /data/misc/zoneinfo/current/icu/icu_tzdata.dat
08-05 00:38:28.457 32019 32019 I Radio-JNI: register_android_hardware_Radio DONE
08-05 00:38:28.474 32019 32019 D AndroidRuntime: Calling main entry com.android.commands.input.Input
08-05 00:38:28.476 32019 32019 I Input   : injectMotionEvent: MotionEvent { action=ACTION_DOWN, actionButton=0, id[0]=0, x[0]=1215.0, y[0]=1482.0, toolType[0]=TOOL_TYPE_UNKNOWN, buttonState=0, metaState=0, flags=0x0, edgeFlags=0x0, pointerCount=1, historySize=0, eventTime=751124889, downTime=751124889, deviceId=0, source=0x1002 }
08-05 00:38:28.483 32019 32019 I Input   : injectMotionEvent: MotionEvent { action=ACTION_UP, actionButton=0, id[0]=0, x[0]=1215.0, y[0]=1482.0, toolType[0]=TOOL_TYPE_UNKNOWN, buttonState=0, metaState=0, flags=0x0, edgeFlags=0x0, pointerCount=1, historySize=0, eventTime=751124889, downTime=751124889, deviceId=0, source=0x1002 }
08-05 00:38:28.484 32019 32019 D AndroidRuntime: Shutting down VM
08-05 00:38:28.492   512  2967 D audio_hw_primary: out_set_parameters: enter: usecase(1: low-latency-playback) kvpairs: routing=2
08-05 00:38:28.505   512  2967 D audio_hw_primary: select_devices: out_snd_device(2: speaker) in_snd_device(0: none)
08-05 00:38:28.506   512  2967 D msm8974_platform: platform_send_audio_calibration: sending audio calibration for snd_device(2) acdb_id(15)
08-05 00:38:28.506   512  2967 I soundtrigger: audio_extn_sound_trigger_update_device_status: device 0x2 of type 0 for Event 1
08-05 00:38:28.507 31419 31419 I SettingsManager: Setting boolean: completedTutorial
08-05 00:38:28.513   918  6029 W BackupManagerService: dataChanged but no participant pkg='baseline.com.ak.uobtimetable' uid=10684
08-05 00:38:28.516 31419 31434 D OpenGLRenderer: endAllStagingAnimators on 0x7f995a4400 (RippleDrawable) with handle 0x7f78ece380
08-05 00:38:28.517   512  2967 D audio_hw_primary: enable_snd_device: snd_device(2: speaker)
08-05 00:38:28.520   512  2967 D audio_hw_primary: enable_audio_route: apply and update mixer path: low-latency-playback speaker
08-05 00:38:28.522   918  5132 W InputMethodManagerService: Window already focused, ignoring focus gain of: com.android.internal.view.IInputMethodClient$Stub$Proxy@168bc30 attribute=null, token = android.os.BinderProxy@151f0f6
08-05 00:38:28.548 31419 31630 I art     : Starting a blocking GC Explicit
08-05 00:38:28.572 31419 31630 I art     : Explicit concurrent mark sweep GC freed 1744(109KB) AllocSpace objects, 2(40KB) LOS objects, 38% free, 25MB/41MB, paused 255us total 23.729ms
08-05 00:38:28.582 31419 31630 I art     : Starting a blocking GC Explicit
08-05 00:38:28.606 31419 31630 I art     : Explicit concurrent mark sweep GC freed 1024(69KB) AllocSpace objects, 1(40KB) LOS objects, 38% free, 25MB/41MB, paused 216us total 23.812ms
08-05 00:38:28.618 31419 31630 I art     : Starting a blocking GC Explicit
08-05 00:38:28.645 31419 31630 I art     : Explicit concurrent mark sweep GC freed 3(96B) AllocSpace objects, 0(0B) LOS objects, 38% free, 25MB/41MB, paused 335us total 26.814ms
08-05 00:38:28.657 31419 31630 I art     : Starting a blocking GC Explicit
08-05 00:38:28.686 31419 31630 I art     : Explicit concurrent mark sweep GC freed 3(96B) AllocSpace objects, 0(0B) LOS objects, 38% free, 25MB/41MB, paused 245us total 29.491ms
08-05 00:38:28.699 31419 31630 I art     : Starting a blocking GC Explicit
08-05 00:38:28.726 31419 31630 I art     : Explicit concurrent mark sweep GC freed 3(96B) AllocSpace objects, 0(0B) LOS objects, 38% free, 25MB/41MB, paused 281us total 26.791ms
08-05 00:38:28.988 31419 31431 I art     : Starting a blocking GC Explicit
08-05 00:38:29.021 31419 31431 I art     : Explicit concurrent mark sweep GC freed 1293(75KB) AllocSpace objects, 1(20KB) LOS objects, 38% free, 25MB/41MB, paused 252us total 32.668ms
08-05 00:38:29.036 31419 31431 I art     : Starting a blocking GC Explicit
08-05 00:38:29.060 31419 31431 I art     : Explicit concurrent mark sweep GC freed 18(624B) AllocSpace objects, 0(0B) LOS objects, 38% free, 25MB/41MB, paused 244us total 24.639ms
08-05 00:38:29.069   512  2967 D audio_hw_primary: disable_audio_route: reset and update mixer path: low-latency-playback speaker
08-05 00:38:29.070   512  2967 D audio_hw_primary: disable_snd_device: snd_device(2: speaker)
08-05 00:38:29.070 31419 31431 I art     : Starting a blocking GC Explicit
08-05 00:38:29.078   512  2967 I soundtrigger: audio_extn_sound_trigger_update_device_status: device 0x2 of type 0 for Event 0
08-05 00:38:29.094 31419 31431 I art     : Explicit concurrent mark sweep GC freed 3(96B) AllocSpace objects, 0(0B) LOS objects, 38% free, 25MB/41MB, paused 238us total 23.781ms
08-05 00:38:29.103 31419 31431 I art     : Starting a blocking GC Explicit
08-05 00:38:29.126 31419 31431 I art     : Explicit concurrent mark sweep GC freed 3(96B) AllocSpace objects, 0(0B) LOS objects, 38% free, 25MB/41MB, paused 229us total 23.155ms
08-05 00:38:29.135 31419 31431 I art     : Starting a blocking GC Explicit
08-05 00:38:29.159 31419 31431 I art     : Explicit concurrent mark sweep GC freed 3(96B) AllocSpace objects, 0(0B) LOS objects, 38% free, 25MB/41MB, paused 234us total 23.280ms
08-05 00:38:29.452 31419 31894 I art     : Starting a blocking GC Explicit
08-05 00:38:29.492 31419 31894 I art     : Explicit concurrent mark sweep GC freed 1293(75KB) AllocSpace objects, 1(20KB) LOS objects, 38% free, 25MB/41MB, paused 276us total 38.558ms
08-05 00:38:29.505 31419 31894 I art     : Starting a blocking GC Explicit
08-05 00:38:29.530 31419 31894 I art     : Explicit concurrent mark sweep GC freed 18(624B) AllocSpace objects, 0(0B) LOS objects, 38% free, 25MB/41MB, paused 239us total 23.929ms
08-05 00:38:29.539 31419 31894 I art     : Starting a blocking GC Explicit
08-05 00:38:29.563 31419 31894 I art     : Explicit concurrent mark sweep GC freed 3(96B) AllocSpace objects, 0(0B) LOS objects, 38% free, 25MB/41MB, paused 232us total 23.654ms
08-05 00:38:29.572 31419 31894 I art     : Starting a blocking GC Explicit
08-05 00:38:29.595 31419 31894 I art     : Explicit concurrent mark sweep GC freed 3(96B) AllocSpace objects, 0(0B) LOS objects, 38% free, 25MB/41MB, paused 212us total 22.929ms
08-05 00:38:29.604 31419 31894 I art     : Starting a blocking GC Explicit
08-05 00:38:29.627 31419 31894 I art     : Explicit concurrent mark sweep GC freed 3(96B) AllocSpace objects, 0(0B) LOS objects, 38% free, 25MB/41MB, paused 273us total 23.286ms
08-05 00:38:29.882 31419 31430 I art     : Starting a blocking GC Explicit
08-05 00:38:29.906 31419 31430 I art     : Explicit concurrent mark sweep GC freed 1293(75KB) AllocSpace objects, 1(20KB) LOS objects, 38% free, 25MB/41MB, paused 245us total 23.980ms
08-05 00:38:29.916 31419 31430 I art     : Starting a blocking GC Explicit
08-05 00:38:29.939 31419 31430 I art     : Explicit concurrent mark sweep GC freed 18(624B) AllocSpace objects, 0(0B) LOS objects, 38% free, 25MB/41MB, paused 227us total 23.090ms
08-05 00:38:29.947 31419 31430 I art     : Starting a blocking GC Explicit
08-05 00:38:29.970 31419 31430 I art     : Explicit concurrent mark sweep GC freed 3(96B) AllocSpace objects, 0(0B) LOS objects, 38% free, 25MB/41MB, paused 235us total 22.434ms
08-05 00:38:29.979 31419 31430 I art     : Starting a blocking GC Explicit
08-05 00:38:30.001 31419 31430 I art     : Explicit concurrent mark sweep GC freed 3(96B) AllocSpace objects, 0(0B) LOS objects, 38% free, 25MB/41MB, paused 236us total 22.277ms
08-05 00:38:30.010 31419 31430 I art     : Starting a blocking GC Explicit
08-05 00:38:30.032 31419 31430 I art     : Explicit concurrent mark sweep GC freed 3(96B) AllocSpace objects, 0(0B) LOS objects, 38% free, 25MB/41MB, paused 228us total 21.935ms
08-05 00:38:30.069 32066 32066 D AndroidRuntime: >>>>>> START com.android.internal.os.RuntimeInit uid 2000 <<<<<<
08-05 00:38:30.073 32066 32066 D AndroidRuntime: CheckJNI is OFF
08-05 00:38:30.099 32066 32066 D ICU     : No timezone override file found: /data/misc/zoneinfo/current/icu/icu_tzdata.dat
08-05 00:38:30.124 32066 32066 I Radio-JNI: register_android_hardware_Radio DONE
08-05 00:38:30.141 32066 32066 D AndroidRuntime: Calling main entry com.android.commands.input.Input
08-05 00:38:30.142 32066 32066 I Input   : injectMotionEvent: MotionEvent { action=ACTION_DOWN, actionButton=0, id[0]=0, x[0]=81.0, y[0]=176.0, toolType[0]=TOOL_TYPE_UNKNOWN, buttonState=0, metaState=0, flags=0x0, edgeFlags=0x0, pointerCount=1, historySize=0, eventTime=751126555, downTime=751126555, deviceId=0, source=0x1002 }
08-05 00:38:30.148 32066 32066 I Input   : injectMotionEvent: MotionEvent { action=ACTION_UP, actionButton=0, id[0]=0, x[0]=81.0, y[0]=176.0, toolType[0]=TOOL_TYPE_UNKNOWN, buttonState=0, metaState=0, flags=0x0, edgeFlags=0x0, pointerCount=1, historySize=0, eventTime=751126555, downTime=751126555, deviceId=0, source=0x1002 }
08-05 00:38:30.149 32066 32066 D AndroidRuntime: Shutting down VM
08-05 00:38:30.159   512  2967 D audio_hw_primary: out_set_parameters: enter: usecase(1: low-latency-playback) kvpairs: routing=2
08-05 00:38:30.172   512  2967 D audio_hw_primary: select_devices: out_snd_device(2: speaker) in_snd_device(0: none)
08-05 00:38:30.172   512  2967 D msm8974_platform: platform_send_audio_calibration: sending audio calibration for snd_device(2) acdb_id(15)
08-05 00:38:30.173   512  2967 I soundtrigger: audio_extn_sound_trigger_update_device_status: device 0x2 of type 0 for Event 1
08-05 00:38:30.186   512  2967 D audio_hw_primary: enable_snd_device: snd_device(2: speaker)
08-05 00:38:30.188   512  2967 D audio_hw_primary: enable_audio_route: apply and update mixer path: low-latency-playback speaker
08-05 00:38:30.207 13866 13866 I GoogleInputMethodServic: GoogleInputMethodService.onFinishInput():3138 
08-05 00:38:30.209 13866 13866 I GoogleInputMethodServic: GoogleInputMethodService.onStartInput():1808 
08-05 00:38:30.265 31419 31431 I art     : Starting a blocking GC Explicit
08-05 00:38:30.287 31419 31431 I art     : Explicit concurrent mark sweep GC freed 1713(96KB) AllocSpace objects, 1(20KB) LOS objects, 38% free, 25MB/41MB, paused 240us total 21.996ms
08-05 00:38:30.296 31419 31431 I art     : Starting a blocking GC Explicit
08-05 00:38:30.316 31419 31431 I art     : Explicit concurrent mark sweep GC freed 26(1056B) AllocSpace objects, 0(0B) LOS objects, 38% free, 25MB/41MB, paused 209us total 19.924ms
08-05 00:38:30.324 31419 31431 I art     : Starting a blocking GC Explicit
08-05 00:38:30.344 31419 31431 I art     : Explicit concurrent mark sweep GC freed 3(96B) AllocSpace objects, 0(0B) LOS objects, 38% free, 25MB/41MB, paused 208us total 19.803ms
08-05 00:38:30.352 31419 31431 I art     : Starting a blocking GC Explicit
08-05 00:38:30.372 31419 31431 I art     : Explicit concurrent mark sweep GC freed 3(96B) AllocSpace objects, 0(0B) LOS objects, 38% free, 25MB/41MB, paused 219us total 20.240ms
08-05 00:38:30.381 31419 31431 I art     : Starting a blocking GC Explicit
08-05 00:38:30.401 31419 31431 I art     : Explicit concurrent mark sweep GC freed 5(160B) AllocSpace objects, 0(0B) LOS objects, 38% free, 25MB/41MB, paused 303us total 20.028ms
08-05 00:38:30.650 31419 31894 I art     : Starting a blocking GC Explicit
08-05 00:38:30.673 31419 31894 I art     : Explicit concurrent mark sweep GC freed 1302(75KB) AllocSpace objects, 1(20KB) LOS objects, 38% free, 25MB/41MB, paused 245us total 22.539ms
08-05 00:38:30.682 31419 31894 I art     : Starting a blocking GC Explicit
08-05 00:38:30.704 31419 31894 I art     : Explicit concurrent mark sweep GC freed 20(688B) AllocSpace objects, 0(0B) LOS objects, 38% free, 25MB/41MB, paused 221us total 22.380ms
08-05 00:38:30.713 31419 31894 I art     : Starting a blocking GC Explicit
08-05 00:38:30.728   512  2967 D audio_hw_primary: disable_audio_route: reset and update mixer path: low-latency-playback speaker
08-05 00:38:30.729   512  2967 D audio_hw_primary: disable_snd_device: snd_device(2: speaker)
08-05 00:38:30.733 31419 31894 I art     : Explicit concurrent mark sweep GC freed 3(96B) AllocSpace objects, 0(0B) LOS objects, 38% free, 25MB/41MB, paused 244us total 20.320ms
08-05 00:38:30.737   512  2967 I soundtrigger: audio_extn_sound_trigger_update_device_status: device 0x2 of type 0 for Event 0
08-05 00:38:30.741 31419 31894 I art     : Starting a blocking GC Explicit
08-05 00:38:30.762 31419 31894 I art     : Explicit concurrent mark sweep GC freed 3(96B) AllocSpace objects, 0(0B) LOS objects, 38% free, 25MB/41MB, paused 197us total 20.493ms
08-05 00:38:30.770 31419 31894 I art     : Starting a blocking GC Explicit
08-05 00:38:30.792 31419 31894 I art     : Explicit concurrent mark sweep GC freed 3(96B) AllocSpace objects, 0(0B) LOS objects, 38% free, 25MB/41MB, paused 212us total 21.419ms
08-05 00:38:31.098 31419 31431 I art     : Starting a blocking GC Explicit
08-05 00:38:31.136 31419 31431 I art     : Explicit concurrent mark sweep GC freed 1293(75KB) AllocSpace objects, 1(20KB) LOS objects, 38% free, 25MB/41MB, paused 282us total 37.723ms
08-05 00:38:31.149 31419 31431 I art     : Starting a blocking GC Explicit
08-05 00:38:31.174 31419 31431 I art     : Explicit concurrent mark sweep GC freed 20(688B) AllocSpace objects, 0(0B) LOS objects, 38% free, 25MB/41MB, paused 274us total 25.245ms
08-05 00:38:31.184 31419 31431 I art     : Starting a blocking GC Explicit
08-05 00:38:31.208 31419 31431 I art     : Explicit concurrent mark sweep GC freed 3(96B) AllocSpace objects, 0(0B) LOS objects, 38% free, 25MB/41MB, paused 235us total 23.400ms
08-05 00:38:31.217 31419 31431 I art     : Starting a blocking GC Explicit
08-05 00:38:31.240 31419 31431 I art     : Explicit concurrent mark sweep GC freed 3(96B) AllocSpace objects, 0(0B) LOS objects, 38% free, 25MB/41MB, paused 235us total 23.045ms
08-05 00:38:31.249 31419 31431 I art     : Starting a blocking GC Explicit
08-05 00:38:31.272 31419 31431 I art     : Explicit concurrent mark sweep GC freed 3(96B) AllocSpace objects, 0(0B) LOS objects, 38% free, 25MB/41MB, paused 232us total 23.292ms
08-05 00:38:31.531 31419 31630 I art     : Starting a blocking GC Explicit
08-05 00:38:31.556 31419 31630 I art     : Explicit concurrent mark sweep GC freed 1293(75KB) AllocSpace objects, 1(20KB) LOS objects, 38% free, 25MB/41MB, paused 240us total 24.314ms
08-05 00:38:31.565 31419 31630 I art     : Starting a blocking GC Explicit
08-05 00:38:31.588 31419 31630 I art     : Explicit concurrent mark sweep GC freed 18(624B) AllocSpace objects, 0(0B) LOS objects, 38% free, 25MB/41MB, paused 237us total 22.600ms
08-05 00:38:31.597 31419 31630 I art     : Starting a blocking GC Explicit
08-05 00:38:31.620 31419 31630 I art     : Explicit concurrent mark sweep GC freed 3(96B) AllocSpace objects, 0(0B) LOS objects, 38% free, 25MB/41MB, paused 238us total 22.959ms
08-05 00:38:31.629 31419 31630 I art     : Starting a blocking GC Explicit
08-05 00:38:31.651 31419 31630 I art     : Explicit concurrent mark sweep GC freed 3(96B) AllocSpace objects, 0(0B) LOS objects, 38% free, 25MB/41MB, paused 256us total 22.370ms
08-05 00:38:31.660 31419 31630 I art     : Starting a blocking GC Explicit
08-05 00:38:31.681 31419 31630 I art     : Explicit concurrent mark sweep GC freed 3(96B) AllocSpace objects, 0(0B) LOS objects, 38% free, 25MB/41MB, paused 220us total 20.412ms
08-05 00:38:31.742 32120 32120 D AndroidRuntime: >>>>>> START com.android.internal.os.RuntimeInit uid 2000 <<<<<<
08-05 00:38:31.746 32120 32120 D AndroidRuntime: CheckJNI is OFF
08-05 00:38:31.772 32120 32120 D ICU     : No timezone override file found: /data/misc/zoneinfo/current/icu/icu_tzdata.dat
08-05 00:38:31.798 32120 32120 I Radio-JNI: register_android_hardware_Radio DONE
08-05 00:38:31.814 32120 32120 D AndroidRuntime: Calling main entry com.android.commands.input.Input
08-05 00:38:31.816 32120 32120 I Input   : injectMotionEvent: MotionEvent { action=ACTION_DOWN, actionButton=0, id[0]=0, x[0]=436.0, y[0]=1770.0, toolType[0]=TOOL_TYPE_UNKNOWN, buttonState=0, metaState=0, flags=0x0, edgeFlags=0x0, pointerCount=1, historySize=0, eventTime=751128228, downTime=751128228, deviceId=0, source=0x1002 }
08-05 00:38:31.825 32120 32120 I Input   : injectMotionEvent: MotionEvent { action=ACTION_UP, actionButton=0, id[0]=0, x[0]=436.0, y[0]=1770.0, toolType[0]=TOOL_TYPE_UNKNOWN, buttonState=0, metaState=0, flags=0x0, edgeFlags=0x0, pointerCount=1, historySize=0, eventTime=751128228, downTime=751128228, deviceId=0, source=0x1002 }
08-05 00:38:31.829 32120 32120 D AndroidRuntime: Shutting down VM
08-05 00:38:31.843 31419 31419 D MainActivity: NavigationItemSelected: Courses
08-05 00:38:31.845   918  3670 I ActivityManager: START u0 {cmp=baseline.com.ak.uobtimetable/.CourseListActivity} from uid 10684 on display 0
08-05 00:38:31.849   512  2967 D audio_hw_primary: out_set_parameters: enter: usecase(1: low-latency-playback) kvpairs: routing=2
08-05 00:38:31.862   512  2967 D audio_hw_primary: select_devices: out_snd_device(2: speaker) in_snd_device(0: none)
08-05 00:38:31.862   512  2967 D msm8974_platform: platform_send_audio_calibration: sending audio calibration for snd_device(2) acdb_id(15)
08-05 00:38:31.862   512  2967 I soundtrigger: audio_extn_sound_trigger_update_device_status: device 0x2 of type 0 for Event 1
08-05 00:38:31.867 31419 31419 D MainActivity: OnPause
08-05 00:38:31.871   512  2967 D audio_hw_primary: enable_snd_device: snd_device(2: speaker)
08-05 00:38:31.873   512  2967 D audio_hw_primary: enable_audio_route: apply and update mixer path: low-latency-playback speaker
08-05 00:38:31.894 31419 31419 D CourseListActivity: onCreate
08-05 00:38:31.895 31419 32153 D HTTP    : Request for: https://uob-timetable-api.adriankeenan.co.uk/courses
08-05 00:38:31.934 31419 31894 I art     : Starting a blocking GC Explicit
08-05 00:38:31.946 13866 13866 I GoogleInputMethodServic: GoogleInputMethodService.onFinishInput():3138 
08-05 00:38:31.947 13866 13866 I GoogleInputMethodServic: GoogleInputMethodService.onStartInput():1808 
08-05 00:38:31.948   918   936 I ActivityManager: Displayed baseline.com.ak.uobtimetable/.CourseListActivity: +80ms
08-05 00:38:31.959 31419 31894 I art     : Explicit concurrent mark sweep GC freed 3979(217KB) AllocSpace objects, 1(20KB) LOS objects, 38% free, 25MB/41MB, paused 316us total 24.612ms
08-05 00:38:31.968 31419 31894 I art     : Starting a blocking GC Explicit
08-05 00:38:31.991 31419 31894 I art     : Explicit concurrent mark sweep GC freed 626(33KB) AllocSpace objects, 0(0B) LOS objects, 38% free, 25MB/41MB, paused 274us total 22.771ms
08-05 00:38:32.000 31419 31894 I art     : Starting a blocking GC Explicit
08-05 00:38:32.022 31419 31894 I art     : Explicit concurrent mark sweep GC freed 16(928B) AllocSpace objects, 0(0B) LOS objects, 38% free, 25MB/41MB, paused 267us total 22.036ms
08-05 00:38:32.031 31419 31894 I art     : Starting a blocking GC Explicit
08-05 00:38:32.053 31419 31894 I art     : Explicit concurrent mark sweep GC freed 65(4KB) AllocSpace objects, 0(0B) LOS objects, 38% free, 25MB/41MB, paused 253us total 21.824ms
08-05 00:38:32.062 31419 31894 I art     : Starting a blocking GC Explicit
08-05 00:38:32.085 31419 31894 I art     : Explicit concurrent mark sweep GC freed 3(96B) AllocSpace objects, 0(0B) LOS objects, 38% free, 25MB/41MB, paused 257us total 22.724ms
08-05 00:38:32.167 31419 32153 I NAPPA_EXPERIMENTATION: MetricNetworkRequestExecutionTime: REQUEST_DURATION_SYSTEM='271',REQUEST_DURATION_OKHTTP='40',REQUEST_SYNCHRONOUS='TRUE',RESPONSE_CODE='200',RESPONSE_METHOD='GET',RESPONSE_LENGTH_OKHTTP='-1',RESPONSE_LENGTH_HEADER='-2',REQUEST_PROTOCOL='http/1.1',REQUEST_URL='https://uob-timetable-api.adriankeenan.co.uk/courses',
08-05 00:38:32.310 31419 31419 D MainActivity: Saving state
08-05 00:38:32.311 31419 31419 D MainActivity: Saving current fragment: SessionListsFragment
08-05 00:38:32.311 31419 31419 D MainActivity: Saving current index: 2
08-05 00:38:32.313 31419 31419 D SessionListsFragment: Saving state
08-05 00:38:32.333 31419 31630 I art     : Starting a blocking GC Explicit
08-05 00:38:32.359 31419 31630 I art     : Explicit concurrent mark sweep GC freed 4696(3MB) AllocSpace objects, 4(220KB) LOS objects, 27% free, 41MB/57MB, paused 968us total 25.797ms
08-05 00:38:32.362 31419 31429 I art     : WaitForGcToComplete blocked for 11.450ms for cause HeapTrim
08-05 00:38:32.367 31419 31630 I art     : Starting a blocking GC Explicit
08-05 00:38:32.390 31419 31630 I art     : Explicit concurrent mark sweep GC freed 2309(7MB) AllocSpace objects, 0(0B) LOS objects, 24% free, 48MB/64MB, paused 256us total 22.176ms
08-05 00:38:32.398 31419 31630 I art     : Starting a blocking GC Explicit
08-05 00:38:32.408   512  2967 D audio_hw_primary: disable_audio_route: reset and update mixer path: low-latency-playback speaker
08-05 00:38:32.410   512  2967 D audio_hw_primary: disable_snd_device: snd_device(2: speaker)
08-05 00:38:32.417   512  2967 I soundtrigger: audio_extn_sound_trigger_update_device_status: device 0x2 of type 0 for Event 0
08-05 00:38:32.418 31419 31630 I art     : Explicit concurrent mark sweep GC freed 21(800B) AllocSpace objects, 0(0B) LOS objects, 24% free, 48MB/64MB, paused 251us total 19.914ms
08-05 00:38:32.426 31419 31630 I art     : Starting a blocking GC Explicit
08-05 00:38:32.446 31419 31630 I art     : Explicit concurrent mark sweep GC freed 20(752B) AllocSpace objects, 0(0B) LOS objects, 24% free, 48MB/64MB, paused 266us total 20.330ms
08-05 00:38:32.454 31419 31630 I art     : Starting a blocking GC Explicit
08-05 00:38:32.474 31419 31630 I art     : Explicit concurrent mark sweep GC freed 13(496B) AllocSpace objects, 0(0B) LOS objects, 24% free, 48MB/64MB, paused 259us total 20.229ms
08-05 00:38:32.545 30906 30906 I ServiceManager: Waiting for service AtCmdFwd...
08-05 00:38:32.554 31419 32153 I HTTP    : Response was compressed.
08-05 00:38:32.748 31419 31630 I art     : Starting a blocking GC Explicit
08-05 00:38:32.780 31419 31630 I art     : Explicit concurrent mark sweep GC freed 65488(3MB) AllocSpace objects, 0(0B) LOS objects, 27% free, 41MB/57MB, paused 392us total 31.400ms
08-05 00:38:32.789 31419 31630 I art     : Starting a blocking GC Explicit
08-05 00:38:32.815 31419 31630 I art     : Explicit concurrent mark sweep GC freed 20415(955KB) AllocSpace objects, 0(0B) LOS objects, 27% free, 41MB/57MB, paused 421us total 25.387ms
08-05 00:38:32.824 31419 31630 I art     : Starting a blocking GC Explicit
08-05 00:38:32.850 31419 31630 I art     : Explicit concurrent mark sweep GC freed 18476(877KB) AllocSpace objects, 0(0B) LOS objects, 27% free, 41MB/57MB, paused 439us total 25.024ms
08-05 00:38:32.858 31419 31630 I art     : Starting a blocking GC Explicit
08-05 00:38:32.884 31419 31630 I art     : Explicit concurrent mark sweep GC freed 18654(873KB) AllocSpace objects, 0(0B) LOS objects, 27% free, 42MB/58MB, paused 444us total 25.740ms
08-05 00:38:32.893 31419 31630 I art     : Starting a blocking GC Explicit
08-05 00:38:32.920 31419 31630 I art     : Explicit concurrent mark sweep GC freed 19598(911KB) AllocSpace objects, 0(0B) LOS objects, 27% free, 42MB/58MB, paused 476us total 26.497ms
08-05 00:38:33.209 31419 31431 I art     : Starting a blocking GC Explicit
08-05 00:38:33.253 31419 31431 I art     : Explicit concurrent mark sweep GC freed 170899(7MB) AllocSpace objects, 1(20KB) LOS objects, 26% free, 43MB/59MB, paused 456us total 43.454ms
08-05 00:38:33.265 31419 31431 I art     : Starting a blocking GC Explicit
08-05 00:38:33.294 31419 31431 I art     : Explicit concurrent mark sweep GC freed 25103(1185KB) AllocSpace objects, 0(0B) LOS objects, 26% free, 43MB/59MB, paused 506us total 28.012ms
08-05 00:38:33.303 31419 31431 I art     : Starting a blocking GC Explicit
08-05 00:38:33.332 31419 31431 I art     : Explicit concurrent mark sweep GC freed 20820(974KB) AllocSpace objects, 0(0B) LOS objects, 26% free, 43MB/59MB, paused 502us total 28.882ms
08-05 00:38:33.342 31419 31431 I art     : Starting a blocking GC Explicit
08-05 00:38:33.372 31419 31431 I art     : Explicit concurrent mark sweep GC freed 21597(1014KB) AllocSpace objects, 0(0B) LOS objects, 26% free, 43MB/59MB, paused 547us total 30.101ms
08-05 00:38:33.383 31419 31431 I art     : Starting a blocking GC Explicit
08-05 00:38:33.414 31419 31431 I art     : Explicit concurrent mark sweep GC freed 21872(1047KB) AllocSpace objects, 0(0B) LOS objects, 26% free, 44MB/60MB, paused 1.575ms total 31.556ms
08-05 00:38:33.545 30906 30906 I ServiceManager: Waiting for service AtCmdFwd...
08-05 00:38:33.711 31419 31630 I art     : Starting a blocking GC Explicit
08-05 00:38:33.767 31419 31630 I art     : Explicit concurrent mark sweep GC freed 180597(8MB) AllocSpace objects, 1(20KB) LOS objects, 25% free, 45MB/61MB, paused 588us total 56.311ms
08-05 00:38:33.779 31419 31630 I art     : Starting a blocking GC Explicit
08-05 00:38:33.812 31419 31630 I art     : Explicit concurrent mark sweep GC freed 29308(1402KB) AllocSpace objects, 0(0B) LOS objects, 25% free, 45MB/61MB, paused 576us total 33.036ms
08-05 00:38:33.823 31419 31630 I art     : Starting a blocking GC Explicit
08-05 00:38:33.856 31419 31630 I art     : Explicit concurrent mark sweep GC freed 23977(1133KB) AllocSpace objects, 0(0B) LOS objects, 25% free, 45MB/61MB, paused 573us total 32.868ms
08-05 00:38:33.867 31419 31630 I art     : Starting a blocking GC Explicit
08-05 00:38:33.900 31419 31630 I art     : Explicit concurrent mark sweep GC freed 23998(1118KB) AllocSpace objects, 0(0B) LOS objects, 25% free, 45MB/61MB, paused 558us total 33.203ms
08-05 00:38:33.911 31419 31630 I art     : Starting a blocking GC Explicit
08-05 00:38:33.945 31419 31630 I art     : Explicit concurrent mark sweep GC freed 24444(1150KB) AllocSpace objects, 0(0B) LOS objects, 25% free, 46MB/62MB, paused 638us total 34.046ms
08-05 00:38:34.228 31419 31431 I art     : Starting a blocking GC Explicit
08-05 00:38:34.290 31419 31431 I art     : Explicit concurrent mark sweep GC freed 178405(8MB) AllocSpace objects, 1(20KB) LOS objects, 25% free, 47MB/63MB, paused 548us total 61.679ms
08-05 00:38:34.303 31419 31431 I art     : Starting a blocking GC Explicit
08-05 00:38:34.340 31419 31431 I art     : Explicit concurrent mark sweep GC freed 30075(1407KB) AllocSpace objects, 0(0B) LOS objects, 25% free, 47MB/63MB, paused 672us total 37.327ms
08-05 00:38:34.352 31419 31431 I art     : Starting a blocking GC Explicit
08-05 00:38:34.389 31419 31431 I art     : Explicit concurrent mark sweep GC freed 25777(1216KB) AllocSpace objects, 0(0B) LOS objects, 25% free, 47MB/63MB, paused 773us total 37.355ms
08-05 00:38:34.401 31419 31431 I art     : Starting a blocking GC Explicit
08-05 00:38:34.439 31419 31431 I art     : Explicit concurrent mark sweep GC freed 25969(1273KB) AllocSpace objects, 0(0B) LOS objects, 24% free, 48MB/64MB, paused 687us total 37.472ms
08-05 00:38:34.450 31419 31431 I art     : Starting a blocking GC Explicit
08-05 00:38:34.489 31419 31431 I art     : Explicit concurrent mark sweep GC freed 26725(1250KB) AllocSpace objects, 0(0B) LOS objects, 24% free, 48MB/64MB, paused 717us total 37.927ms
08-05 00:38:34.545 30906 30906 I ServiceManager: Waiting for service AtCmdFwd...
08-05 00:38:34.773 31419 31431 I art     : Starting a blocking GC Explicit
08-05 00:38:34.831 31419 31431 I art     : Explicit concurrent mark sweep GC freed 176179(8MB) AllocSpace objects, 1(20KB) LOS objects, 24% free, 49MB/65MB, paused 633us total 57.554ms
08-05 00:38:34.844 31419 31431 I art     : Starting a blocking GC Explicit
08-05 00:38:34.886 31419 31431 I art     : Explicit concurrent mark sweep GC freed 32815(1532KB) AllocSpace objects, 0(0B) LOS objects, 24% free, 49MB/65MB, paused 683us total 41.210ms
08-05 00:38:34.898 31419 31431 I art     : Starting a blocking GC Explicit
08-05 00:38:34.940 31419 31431 I art     : Explicit concurrent mark sweep GC freed 28201(1312KB) AllocSpace objects, 0(0B) LOS objects, 24% free, 49MB/65MB, paused 789us total 41.908ms
08-05 00:38:34.953 31419 31431 I art     : Starting a blocking GC Explicit
08-05 00:38:34.996 31419 31431 I art     : Explicit concurrent mark sweep GC freed 29114(1355KB) AllocSpace objects, 0(0B) LOS objects, 24% free, 50MB/66MB, paused 778us total 42.265ms
08-05 00:38:35.009 31419 31431 I art     : Starting a blocking GC Explicit
08-05 00:38:35.054 31419 31431 I art     : Explicit concurrent mark sweep GC freed 29602(1390KB) AllocSpace objects, 0(0B) LOS objects, 24% free, 50MB/66MB, paused 761us total 44.682ms
08-05 00:38:35.349 31419 31430 I art     : Starting a blocking GC Explicit
08-05 00:38:35.380 31419 32153 I Service : getCourses response time: 0.69
08-05 00:38:35.399 31419 31419 I SettingsManager: Getting string: savedCourse
08-05 00:38:35.418 31419 31430 I art     : Explicit concurrent mark sweep GC freed 178224(8MB) AllocSpace objects, 1(20KB) LOS objects, 23% free, 51MB/67MB, paused 426us total 69.329ms
08-05 00:38:35.432 31419 31430 I art     : Starting a blocking GC Explicit
08-05 00:38:35.477 31419 31430 I art     : Explicit concurrent mark sweep GC freed 1287(61KB) AllocSpace objects, 1(14MB) LOS objects, 30% free, 36MB/52MB, paused 525us total 44.995ms
08-05 00:38:35.491 31419 31430 I art     : Starting a blocking GC Explicit
08-05 00:38:35.532 31419 31430 I art     : Explicit concurrent mark sweep GC freed 353(16KB) AllocSpace objects, 0(0B) LOS objects, 30% free, 36MB/52MB, paused 251us total 40.823ms
08-05 00:38:35.546 30906 30906 I ServiceManager: Waiting for service AtCmdFwd...
08-05 00:38:35.547 31419 31430 I art     : Starting a blocking GC Explicit
08-05 00:38:35.594 31419 31430 I art     : Explicit concurrent mark sweep GC freed 548(53KB) AllocSpace objects, 0(0B) LOS objects, 30% free, 36MB/52MB, paused 249us total 47.289ms
08-05 00:38:35.610 31419 31430 I art     : Starting a blocking GC Explicit
08-05 00:38:35.655 31419 31430 I art     : Explicit concurrent mark sweep GC freed 3(96B) AllocSpace objects, 0(0B) LOS objects, 30% free, 36MB/52MB, paused 246us total 44.820ms
08-05 00:38:35.965 31419 31894 I art     : Starting a blocking GC Explicit
08-05 00:38:36.030 31419 31894 I art     : Explicit concurrent mark sweep GC freed 1293(75KB) AllocSpace objects, 1(20KB) LOS objects, 30% free, 36MB/52MB, paused 277us total 64.573ms
08-05 00:38:36.046 31419 31894 I art     : Starting a blocking GC Explicit
08-05 00:38:36.094 31419 31894 I art     : Explicit concurrent mark sweep GC freed 18(624B) AllocSpace objects, 0(0B) LOS objects, 30% free, 36MB/52MB, paused 263us total 47.119ms
08-05 00:38:36.109 31419 31894 I art     : Starting a blocking GC Explicit
08-05 00:38:36.158 31419 31894 I art     : Explicit concurrent mark sweep GC freed 3(96B) AllocSpace objects, 0(0B) LOS objects, 30% free, 36MB/52MB, paused 267us total 48.562ms
08-05 00:38:36.173 31419 31894 I art     : Starting a blocking GC Explicit
08-05 00:38:36.220 31419 31894 I art     : Explicit concurrent mark sweep GC freed 3(96B) AllocSpace objects, 0(0B) LOS objects, 30% free, 36MB/52MB, paused 254us total 47.348ms
08-05 00:38:36.235 31419 31894 I art     : Starting a blocking GC Explicit
08-05 00:38:36.284 31419 31894 I art     : Explicit concurrent mark sweep GC freed 3(96B) AllocSpace objects, 0(0B) LOS objects, 30% free, 36MB/52MB, paused 246us total 48.976ms
08-05 00:38:36.547 30906 30906 I ServiceManager: Waiting for service AtCmdFwd...
08-05 00:38:36.616 31419 31431 I art     : Starting a blocking GC Explicit
08-05 00:38:36.682 31419 31431 I art     : Explicit concurrent mark sweep GC freed 1293(75KB) AllocSpace objects, 1(20KB) LOS objects, 30% free, 36MB/52MB, paused 272us total 66.048ms
08-05 00:38:36.699 31419 31431 I art     : Starting a blocking GC Explicit
08-05 00:38:36.742 31419 31431 I art     : Explicit concurrent mark sweep GC freed 18(624B) AllocSpace objects, 0(0B) LOS objects, 30% free, 36MB/52MB, paused 241us total 43.010ms
08-05 00:38:36.758 31419 31431 I art     : Starting a blocking GC Explicit
08-05 00:38:36.806 31419 31431 I art     : Explicit concurrent mark sweep GC freed 3(96B) AllocSpace objects, 0(0B) LOS objects, 30% free, 36MB/52MB, paused 261us total 48.627ms
08-05 00:38:36.822 31419 31431 I art     : Starting a blocking GC Explicit
08-05 00:38:36.870 31419 31431 I art     : Explicit concurrent mark sweep GC freed 3(96B) AllocSpace objects, 0(0B) LOS objects, 30% free, 36MB/52MB, paused 256us total 48.336ms
08-05 00:38:36.885 31419 31431 I art     : Starting a blocking GC Explicit
08-05 00:38:36.932 31419 31431 I art     : Explicit concurrent mark sweep GC freed 3(96B) AllocSpace objects, 0(0B) LOS objects, 30% free, 36MB/52MB, paused 251us total 46.959ms
08-05 00:38:37.236 31419 31430 I art     : Starting a blocking GC Explicit
08-05 00:38:37.294 31419 31430 I art     : Explicit concurrent mark sweep GC freed 1295(75KB) AllocSpace objects, 1(20KB) LOS objects, 30% free, 36MB/52MB, paused 269us total 58.288ms
08-05 00:38:37.302   918  3261 D WifiStateMachine: starting scan for "H369AA63323"WPA_PSK with 2412,5180
08-05 00:38:37.310 31419 31430 I art     : Starting a blocking GC Explicit
08-05 00:38:37.359 31419 31430 I art     : Explicit concurrent mark sweep GC freed 18(624B) AllocSpace objects, 0(0B) LOS objects, 30% free, 36MB/52MB, paused 252us total 48.114ms
08-05 00:38:37.373 31419 31430 I art     : Starting a blocking GC Explicit
08-05 00:38:37.420 31419 31430 I art     : Explicit concurrent mark sweep GC freed 3(96B) AllocSpace objects, 0(0B) LOS objects, 30% free, 36MB/52MB, paused 249us total 46.457ms
08-05 00:38:37.420 31419 31429 I art     : WaitForGcToComplete blocked for 30.146ms for cause HeapTrim
08-05 00:38:37.435 31419 31430 I art     : Starting a blocking GC Explicit
08-05 00:38:37.482 31419 31430 I art     : Explicit concurrent mark sweep GC freed 3(96B) AllocSpace objects, 0(0B) LOS objects, 30% free, 36MB/52MB, paused 266us total 47.443ms
08-05 00:38:37.498 31419 31430 I art     : Starting a blocking GC Explicit
08-05 00:38:37.543 31419 31430 I art     : Explicit concurrent mark sweep GC freed 3(96B) AllocSpace objects, 0(0B) LOS objects, 30% free, 36MB/52MB, paused 247us total 44.028ms
08-05 00:38:37.547 30906 30906 W Atfwd_Sendcmd: AtCmdFwd service not published, waiting... retryCnt : 3
08-05 00:38:37.841 31419 31630 I art     : Starting a blocking GC Explicit
08-05 00:38:37.903 31419 31630 I art     : Explicit concurrent mark sweep GC freed 1336(77KB) AllocSpace objects, 1(20KB) LOS objects, 30% free, 36MB/52MB, paused 264us total 61.837ms
08-05 00:38:37.919 31419 31630 I art     : Starting a blocking GC Explicit
08-05 00:38:37.968 31419 31630 I art     : Explicit concurrent mark sweep GC freed 24(848B) AllocSpace objects, 0(0B) LOS objects, 30% free, 36MB/52MB, paused 254us total 49.115ms
08-05 00:38:37.985 31419 31630 I art     : Starting a blocking GC Explicit
08-05 00:38:38.028 31419 31630 I art     : Explicit concurrent mark sweep GC freed 3(96B) AllocSpace objects, 0(0B) LOS objects, 30% free, 36MB/52MB, paused 238us total 42.774ms
08-05 00:38:38.044 31419 31630 I art     : Starting a blocking GC Explicit
08-05 00:38:38.088 31419 31630 I art     : Explicit concurrent mark sweep GC freed 3(96B) AllocSpace objects, 0(0B) LOS objects, 30% free, 36MB/52MB, paused 226us total 44.391ms
08-05 00:38:38.102 31419 31630 I art     : Starting a blocking GC Explicit
08-05 00:38:38.144 31419 31630 I art     : Explicit concurrent mark sweep GC freed 3(96B) AllocSpace objects, 0(0B) LOS objects, 30% free, 36MB/52MB, paused 233us total 41.688ms
08-05 00:38:38.402 32268 32268 D AndroidRuntime: >>>>>> START com.android.internal.os.RuntimeInit uid 2000 <<<<<<
08-05 00:38:38.407 32268 32268 D AndroidRuntime: CheckJNI is OFF
08-05 00:38:38.434 31419 31430 I art     : Starting a blocking GC Explicit
08-05 00:38:38.435 32268 32268 D ICU     : No timezone override file found: /data/misc/zoneinfo/current/icu/icu_tzdata.dat
08-05 00:38:38.461 32268 32268 I Radio-JNI: register_android_hardware_Radio DONE
08-05 00:38:38.478 32268 32268 D AndroidRuntime: Calling main entry com.android.commands.input.Input
08-05 00:38:38.480 32268 32268 I Input   : injectMotionEvent: MotionEvent { action=ACTION_DOWN, actionButton=0, id[0]=0, x[0]=558.0, y[0]=368.0, toolType[0]=TOOL_TYPE_UNKNOWN, buttonState=0, metaState=0, flags=0x0, edgeFlags=0x0, pointerCount=1, historySize=0, eventTime=751134893, downTime=751134893, deviceId=0, source=0x1002 }
08-05 00:38:38.486 31419 31430 I art     : Explicit concurrent mark sweep GC freed 1310(76KB) AllocSpace objects, 1(20KB) LOS objects, 30% free, 36MB/52MB, paused 579us total 51.637ms
08-05 00:38:38.486 32268 32268 I Input   : injectMotionEvent: MotionEvent { action=ACTION_UP, actionButton=0, id[0]=0, x[0]=558.0, y[0]=368.0, toolType[0]=TOOL_TYPE_UNKNOWN, buttonState=0, metaState=0, flags=0x0, edgeFlags=0x0, pointerCount=1, historySize=0, eventTime=751134893, downTime=751134893, deviceId=0, source=0x1002 }
08-05 00:38:38.488 32268 32268 D AndroidRuntime: Shutting down VM
08-05 00:38:38.501 31419 31430 I art     : Starting a blocking GC Explicit
08-05 00:38:38.546 31419 31430 I art     : Explicit concurrent mark sweep GC freed 268(35KB) AllocSpace objects, 0(0B) LOS objects, 30% free, 36MB/52MB, paused 270us total 44.409ms
08-05 00:38:38.560 31419 31430 I art     : Starting a blocking GC Explicit
08-05 00:38:38.607 31419 31430 I art     : Explicit concurrent mark sweep GC freed 619(57KB) AllocSpace objects, 0(0B) LOS objects, 30% free, 36MB/52MB, paused 403us total 46.272ms
08-05 00:38:38.621 31419 31430 I art     : Starting a blocking GC Explicit
08-05 00:38:38.668 31419 31430 I art     : Explicit concurrent mark sweep GC freed 73(4KB) AllocSpace objects, 0(0B) LOS objects, 30% free, 36MB/52MB, paused 476us total 46.649ms
08-05 00:38:38.683 31419 31430 I art     : Starting a blocking GC Explicit
08-05 00:38:38.726 31419 31430 I art     : Explicit concurrent mark sweep GC freed 40(1664B) AllocSpace objects, 0(0B) LOS objects, 30% free, 36MB/52MB, paused 228us total 43.169ms
08-05 00:38:39.010 31419 31430 I art     : Starting a blocking GC Explicit
08-05 00:38:39.071 31419 31430 I art     : Explicit concurrent mark sweep GC freed 1629(90KB) AllocSpace objects, 1(20KB) LOS objects, 30% free, 36MB/52MB, paused 229us total 60.279ms
08-05 00:38:39.088 31419 31430 I art     : Starting a blocking GC Explicit
08-05 00:38:39.130 31419 31430 I art     : Explicit concurrent mark sweep GC freed 31(1040B) AllocSpace objects, 0(0B) LOS objects, 30% free, 36MB/52MB, paused 235us total 41.995ms
08-05 00:38:39.144 31419 31430 I art     : Starting a blocking GC Explicit
08-05 00:38:39.186 31419 31430 I art     : Explicit concurrent mark sweep GC freed 8(288B) AllocSpace objects, 0(0B) LOS objects, 30% free, 36MB/52MB, paused 218us total 41.947ms
08-05 00:38:39.201 31419 31430 I art     : Starting a blocking GC Explicit
08-05 00:38:39.242 31419 31430 I art     : Explicit concurrent mark sweep GC freed 6(224B) AllocSpace objects, 0(0B) LOS objects, 30% free, 36MB/52MB, paused 218us total 41.164ms
08-05 00:38:39.256 31419 31430 I art     : Starting a blocking GC Explicit
08-05 00:38:39.303 31419 31430 I art     : Explicit concurrent mark sweep GC freed 3(96B) AllocSpace objects, 0(0B) LOS objects, 30% free, 36MB/52MB, paused 291us total 46.461ms
08-05 00:38:39.603 31419 31431 I art     : Starting a blocking GC Explicit
08-05 00:38:39.665 31419 31431 I art     : Explicit concurrent mark sweep GC freed 1293(75KB) AllocSpace objects, 1(20KB) LOS objects, 30% free, 36MB/52MB, paused 322us total 61.860ms
08-05 00:38:39.681 31419 31431 I art     : Starting a blocking GC Explicit
08-05 00:38:39.729 31419 31431 I art     : Explicit concurrent mark sweep GC freed 18(624B) AllocSpace objects, 0(0B) LOS objects, 30% free, 36MB/52MB, paused 252us total 47.688ms
08-05 00:38:39.744 31419 31431 I art     : Starting a blocking GC Explicit
08-05 00:38:39.786 31419 31431 I art     : Explicit concurrent mark sweep GC freed 3(96B) AllocSpace objects, 0(0B) LOS objects, 30% free, 36MB/52MB, paused 250us total 41.750ms
08-05 00:38:39.800 31419 31431 I art     : Starting a blocking GC Explicit
08-05 00:38:39.844 31419 31431 I art     : Explicit concurrent mark sweep GC freed 3(96B) AllocSpace objects, 0(0B) LOS objects, 30% free, 36MB/52MB, paused 257us total 42.195ms
08-05 00:38:39.844   518   646 I ThermalEngine: ACTION: GPU - Setting GPU[0] to 510000000
08-05 00:38:39.864 31419 31431 I art     : Starting a blocking GC Explicit
08-05 00:38:39.920 31419 31431 I art     : Explicit concurrent mark sweep GC freed 3(96B) AllocSpace objects, 0(0B) LOS objects, 30% free, 36MB/52MB, paused 347us total 55.952ms
08-05 00:38:40.101 32312 32312 D AndroidRuntime: >>>>>> START com.android.internal.os.RuntimeInit uid 2000 <<<<<<
08-05 00:38:40.107 32312 32312 D AndroidRuntime: CheckJNI is OFF
08-05 00:38:40.139 32312 32312 D ICU     : No timezone override file found: /data/misc/zoneinfo/current/icu/icu_tzdata.dat
08-05 00:38:40.171 32312 32312 I Radio-JNI: register_android_hardware_Radio DONE
08-05 00:38:40.194 32312 32312 D AndroidRuntime: Calling main entry com.android.commands.input.Input
08-05 00:38:40.195 32312 32312 I Input   : injectMotionEvent: MotionEvent { action=ACTION_DOWN, actionButton=0, id[0]=0, x[0]=945.0, y[0]=1376.0, toolType[0]=TOOL_TYPE_UNKNOWN, buttonState=0, metaState=0, flags=0x0, edgeFlags=0x0, pointerCount=1, historySize=0, eventTime=751136608, downTime=751136608, deviceId=0, source=0x1002 }
08-05 00:38:40.200 32312 32312 I Input   : injectMotionEvent: MotionEvent { action=ACTION_UP, actionButton=0, id[0]=0, x[0]=945.0, y[0]=1376.0, toolType[0]=TOOL_TYPE_UNKNOWN, buttonState=0, metaState=0, flags=0x0, edgeFlags=0x0, pointerCount=1, historySize=0, eventTime=751136608, downTime=751136608, deviceId=0, source=0x1002 }
08-05 00:38:40.202 32312 32312 D AndroidRuntime: Shutting down VM
08-05 00:38:40.248 31419 31630 I art     : Starting a blocking GC Explicit
08-05 00:38:40.271   512  2967 D audio_hw_primary: out_set_parameters: enter: usecase(1: low-latency-playback) kvpairs: routing=2
08-05 00:38:40.285   512  2967 D audio_hw_primary: select_devices: out_snd_device(2: speaker) in_snd_device(0: none)
08-05 00:38:40.285   512  2967 D msm8974_platform: platform_send_audio_calibration: sending audio calibration for snd_device(2) acdb_id(15)
08-05 00:38:40.285   512  2967 I soundtrigger: audio_extn_sound_trigger_update_device_status: device 0x2 of type 0 for Event 1
08-05 00:38:40.290 13866 13866 I GoogleInputMethodServic: GoogleInputMethodService.onFinishInput():3138 
08-05 00:38:40.290 13866 13866 I GoogleInputMethodServic: GoogleInputMethodService.onStartInput():1808 
08-05 00:38:40.299   512  2967 D audio_hw_primary: enable_snd_device: snd_device(2: speaker)
08-05 00:38:40.303   512  2967 D audio_hw_primary: enable_audio_route: apply and update mixer path: low-latency-playback speaker
08-05 00:38:40.307 13866 13866 I GoogleInputMethodServic: GoogleInputMethodService.onFinishInput():3138 
08-05 00:38:40.308 13866 13866 I GoogleInputMethodServic: GoogleInputMethodService.onStartInput():1808 
08-05 00:38:40.317 31419 31630 I art     : Explicit concurrent mark sweep GC freed 1704(97KB) AllocSpace objects, 1(20KB) LOS objects, 30% free, 36MB/52MB, paused 579us total 68.396ms
08-05 00:38:40.337 31419 31630 I art     : Starting a blocking GC Explicit
08-05 00:38:40.391 31419 31630 I art     : Explicit concurrent mark sweep GC freed 632(35KB) AllocSpace objects, 0(0B) LOS objects, 30% free, 36MB/52MB, paused 364us total 54.175ms
08-05 00:38:40.408 31419 31630 I art     : Starting a blocking GC Explicit
08-05 00:38:40.460 31419 31630 I art     : Explicit concurrent mark sweep GC freed 683(62KB) AllocSpace objects, 0(0B) LOS objects, 30% free, 36MB/52MB, paused 303us total 51.640ms
08-05 00:38:40.478 31419 31630 I art     : Starting a blocking GC Explicit
08-05 00:38:40.529 31419 31630 I art     : Explicit concurrent mark sweep GC freed 3(96B) AllocSpace objects, 0(0B) LOS objects, 30% free, 36MB/52MB, paused 322us total 51.016ms
08-05 00:38:40.548 31419 31630 I art     : Starting a blocking GC Explicit
08-05 00:38:40.608 31419 31630 I art     : Explicit concurrent mark sweep GC freed 3(96B) AllocSpace objects, 0(0B) LOS objects, 30% free, 36MB/52MB, paused 5.009ms total 59.800ms
08-05 00:38:40.624 31419 31434 D OpenGLRenderer: endAllStagingAnimators on 0x7f81619000 (ListPopupWindow$DropDownListView) with handle 0x7f78fcfae0
08-05 00:38:40.840   512  2967 D audio_hw_primary: disable_audio_route: reset and update mixer path: low-latency-playback speaker
08-05 00:38:40.842   512  2967 D audio_hw_primary: disable_snd_device: snd_device(2: speaker)
08-05 00:38:40.850   512  2967 I soundtrigger: audio_extn_sound_trigger_update_device_status: device 0x2 of type 0 for Event 0
08-05 00:38:40.924 31419 31430 I art     : Starting a blocking GC Explicit
08-05 00:38:40.997 31419 31430 I art     : Explicit concurrent mark sweep GC freed 1413(80KB) AllocSpace objects, 1(20KB) LOS objects, 30% free, 36MB/52MB, paused 469us total 73.131ms
08-05 00:38:41.016 31419 31430 I art     : Starting a blocking GC Explicit
08-05 00:38:41.073 31419 31430 I art     : Explicit concurrent mark sweep GC freed 570(38KB) AllocSpace objects, 0(0B) LOS objects, 30% free, 36MB/52MB, paused 348us total 56.509ms
08-05 00:38:41.092 31419 31430 I art     : Starting a blocking GC Explicit
08-05 00:38:41.149 31419 31430 I art     : Explicit concurrent mark sweep GC freed 3(96B) AllocSpace objects, 0(0B) LOS objects, 30% free, 36MB/52MB, paused 359us total 56.718ms
08-05 00:38:41.169 31419 31430 I art     : Starting a blocking GC Explicit
08-05 00:38:41.225 31419 31430 I art     : Explicit concurrent mark sweep GC freed 3(96B) AllocSpace objects, 0(0B) LOS objects, 30% free, 36MB/52MB, paused 349us total 56.206ms
08-05 00:38:41.244 31419 31430 I art     : Starting a blocking GC Explicit
08-05 00:38:41.301 31419 31430 I art     : Explicit concurrent mark sweep GC freed 3(96B) AllocSpace objects, 0(0B) LOS objects, 30% free, 36MB/52MB, paused 337us total 56.176ms
08-05 00:38:41.585 31419 31894 I art     : Starting a blocking GC Explicit
08-05 00:38:41.645 31419 31894 I art     : Explicit concurrent mark sweep GC freed 1293(75KB) AllocSpace objects, 1(20KB) LOS objects, 30% free, 36MB/52MB, paused 379us total 59.548ms
08-05 00:38:41.665 31419 31894 I art     : Starting a blocking GC Explicit
08-05 00:38:41.713 31419 31894 I art     : Explicit concurrent mark sweep GC freed 18(624B) AllocSpace objects, 0(0B) LOS objects, 30% free, 36MB/52MB, paused 330us total 48.501ms
08-05 00:38:41.730 31419 31894 I art     : Starting a blocking GC Explicit
08-05 00:38:41.783 31419 31894 I art     : Explicit concurrent mark sweep GC freed 3(96B) AllocSpace objects, 0(0B) LOS objects, 30% free, 36MB/52MB, paused 325us total 52.010ms
08-05 00:38:41.800 31419 31894 I art     : Starting a blocking GC Explicit
08-05 00:38:41.852 31419 31894 I art     : Explicit concurrent mark sweep GC freed 3(96B) AllocSpace objects, 0(0B) LOS objects, 30% free, 36MB/52MB, paused 329us total 51.112ms
08-05 00:38:41.870 31419 31894 I art     : Starting a blocking GC Explicit
08-05 00:38:41.882 32345 32345 D AndroidRuntime: >>>>>> START com.android.internal.os.RuntimeInit uid 2000 <<<<<<
08-05 00:38:41.887 32345 32345 D AndroidRuntime: CheckJNI is OFF
08-05 00:38:41.922 32345 32345 D ICU     : No timezone override file found: /data/misc/zoneinfo/current/icu/icu_tzdata.dat
08-05 00:38:41.926 31419 31894 I art     : Explicit concurrent mark sweep GC freed 3(96B) AllocSpace objects, 0(0B) LOS objects, 30% free, 36MB/52MB, paused 347us total 55.736ms
08-05 00:38:41.957 32345 32345 I Radio-JNI: register_android_hardware_Radio DONE
08-05 00:38:41.978 32345 32345 D AndroidRuntime: Calling main entry com.android.commands.input.Input
08-05 00:38:41.980 32345 32345 I Input   : injectMotionEvent: MotionEvent { action=ACTION_DOWN, actionButton=0, id[0]=0, x[0]=481.0, y[0]=544.0, toolType[0]=TOOL_TYPE_UNKNOWN, buttonState=0, metaState=0, flags=0x0, edgeFlags=0x0, pointerCount=1, historySize=0, eventTime=751138392, downTime=751138392, deviceId=0, source=0x1002 }
08-05 00:38:41.986 32345 32345 I Input   : injectMotionEvent: MotionEvent { action=ACTION_UP, actionButton=0, id[0]=0, x[0]=481.0, y[0]=544.0, toolType[0]=TOOL_TYPE_UNKNOWN, buttonState=0, metaState=0, flags=0x0, edgeFlags=0x0, pointerCount=1, historySize=0, eventTime=751138392, downTime=751138392, deviceId=0, source=0x1002 }
08-05 00:38:41.988 32345 32345 D AndroidRuntime: Shutting down VM
08-05 00:38:42.198 31419 31430 I art     : Starting a blocking GC Explicit
08-05 00:38:42.251 31419 31430 I art     : Explicit concurrent mark sweep GC freed 2069(108KB) AllocSpace objects, 1(20KB) LOS objects, 30% free, 36MB/52MB, paused 331us total 53.596ms
08-05 00:38:42.270 31419 31430 I art     : Starting a blocking GC Explicit
08-05 00:38:42.321 31419 31430 I art     : Explicit concurrent mark sweep GC freed 88(4KB) AllocSpace objects, 0(0B) LOS objects, 30% free, 36MB/52MB, paused 437us total 51.310ms
08-05 00:38:42.341 31419 31430 I art     : Starting a blocking GC Explicit
08-05 00:38:42.392 31419 31430 I art     : Explicit concurrent mark sweep GC freed 285(12KB) AllocSpace objects, 0(0B) LOS objects, 30% free, 36MB/52MB, paused 300us total 51.078ms
08-05 00:38:42.410 31419 31430 I art     : Starting a blocking GC Explicit
08-05 00:38:42.461 31419 31430 I art     : Explicit concurrent mark sweep GC freed 24(1072B) AllocSpace objects, 0(0B) LOS objects, 30% free, 36MB/52MB, paused 310us total 51.280ms
08-05 00:38:42.481 31419 31430 I art     : Starting a blocking GC Explicit
08-05 00:38:42.530 31419 31430 I art     : Explicit concurrent mark sweep GC freed 15(480B) AllocSpace objects, 0(0B) LOS objects, 30% free, 36MB/52MB, paused 298us total 49.128ms
08-05 00:38:42.530 31419 31429 I art     : WaitForGcToComplete blocked for 47.470ms for cause HeapTrim
08-05 00:38:42.821 31419 31430 I art     : Starting a blocking GC Explicit
08-05 00:38:42.882 31419 31430 I art     : Explicit concurrent mark sweep GC freed 1351(78KB) AllocSpace objects, 1(20KB) LOS objects, 30% free, 36MB/52MB, paused 349us total 60.384ms
08-05 00:38:42.901 31419 31430 I art     : Starting a blocking GC Explicit
08-05 00:38:42.959 31419 31430 I art     : Explicit concurrent mark sweep GC freed 32(1072B) AllocSpace objects, 0(0B) LOS objects, 30% free, 36MB/52MB, paused 345us total 57.349ms
08-05 00:38:42.978 31419 31430 I art     : Starting a blocking GC Explicit
08-05 00:38:43.037 31419 31430 I art     : Explicit concurrent mark sweep GC freed 3(96B) AllocSpace objects, 0(0B) LOS objects, 30% free, 36MB/52MB, paused 346us total 58.695ms
08-05 00:38:43.057 31419 31430 I art     : Starting a blocking GC Explicit
08-05 00:38:43.114 31419 31430 I art     : Explicit concurrent mark sweep GC freed 3(96B) AllocSpace objects, 0(0B) LOS objects, 30% free, 36MB/52MB, paused 347us total 56.503ms
08-05 00:38:43.134 31419 31430 I art     : Starting a blocking GC Explicit
08-05 00:38:43.188 31419 31430 I art     : Explicit concurrent mark sweep GC freed 3(96B) AllocSpace objects, 0(0B) LOS objects, 30% free, 36MB/52MB, paused 368us total 53.812ms
08-05 00:38:43.467 31419 31894 I art     : Starting a blocking GC Explicit
08-05 00:38:43.535 31419 31894 I art     : Explicit concurrent mark sweep GC freed 1293(75KB) AllocSpace objects, 1(20KB) LOS objects, 30% free, 36MB/52MB, paused 358us total 68.299ms
08-05 00:38:43.554 31419 31894 I art     : Starting a blocking GC Explicit
08-05 00:38:43.611 31419 31894 I art     : Explicit concurrent mark sweep GC freed 18(624B) AllocSpace objects, 0(0B) LOS objects, 30% free, 36MB/52MB, paused 357us total 56.555ms
08-05 00:38:43.629 31419 31894 I art     : Starting a blocking GC Explicit
08-05 00:38:43.645 32388 32388 D AndroidRuntime: >>>>>> START com.android.internal.os.RuntimeInit uid 2000 <<<<<<
08-05 00:38:43.650 32388 32388 D AndroidRuntime: CheckJNI is OFF
08-05 00:38:43.682 31419 31894 I art     : Explicit concurrent mark sweep GC freed 6(192B) AllocSpace objects, 0(0B) LOS objects, 30% free, 36MB/52MB, paused 364us total 52.367ms
08-05 00:38:43.683 32388 32388 D ICU     : No timezone override file found: /data/misc/zoneinfo/current/icu/icu_tzdata.dat
08-05 00:38:43.701 31419 31894 I art     : Starting a blocking GC Explicit
08-05 00:38:43.718 32388 32388 I Radio-JNI: register_android_hardware_Radio DONE
08-05 00:38:43.740 32388 32388 D AndroidRuntime: Calling main entry com.android.commands.input.Input
08-05 00:38:43.741 32388 32388 I Input   : injectMotionEvent: MotionEvent { action=ACTION_DOWN, actionButton=0, id[0]=0, x[0]=310.0, y[0]=906.0, toolType[0]=TOOL_TYPE_UNKNOWN, buttonState=0, metaState=0, flags=0x0, edgeFlags=0x0, pointerCount=1, historySize=0, eventTime=751140154, downTime=751140154, deviceId=0, source=0x1002 }
08-05 00:38:43.747 32388 32388 I Input   : injectMotionEvent: MotionEvent { action=ACTION_UP, actionButton=0, id[0]=0, x[0]=310.0, y[0]=906.0, toolType[0]=TOOL_TYPE_UNKNOWN, buttonState=0, metaState=0, flags=0x0, edgeFlags=0x0, pointerCount=1, historySize=0, eventTime=751140154, downTime=751140154, deviceId=0, source=0x1002 }
08-05 00:38:43.749 32388 32388 D AndroidRuntime: Shutting down VM
08-05 00:38:43.750 31419 31894 I art     : Explicit concurrent mark sweep GC freed 23(720B) AllocSpace objects, 0(0B) LOS objects, 30% free, 36MB/52MB, paused 394us total 49.037ms
08-05 00:38:43.768 31419 31894 I art     : Starting a blocking GC Explicit
08-05 00:38:43.819 31419 31894 I art     : Explicit concurrent mark sweep GC freed 19(736B) AllocSpace objects, 0(0B) LOS objects, 30% free, 36MB/52MB, paused 324us total 51.106ms
08-05 00:38:43.826   512  2967 D audio_hw_primary: out_set_parameters: enter: usecase(1: low-latency-playback) kvpairs: routing=2
08-05 00:38:43.839   512  2967 D audio_hw_primary: select_devices: out_snd_device(2: speaker) in_snd_device(0: none)
08-05 00:38:43.839   512  2967 D msm8974_platform: platform_send_audio_calibration: sending audio calibration for snd_device(2) acdb_id(15)
08-05 00:38:43.839   512  2967 I soundtrigger: audio_extn_sound_trigger_update_device_status: device 0x2 of type 0 for Event 1
08-05 00:38:43.844 13866 13866 I GoogleInputMethodServic: GoogleInputMethodService.onFinishInput():3138 
08-05 00:38:43.845 13866 13866 I GoogleInputMethodServic: GoogleInputMethodService.onStartInput():1808 
08-05 00:38:43.850   512  2967 D audio_hw_primary: enable_snd_device: snd_device(2: speaker)
08-05 00:38:43.852   512  2967 D audio_hw_primary: enable_audio_route: apply and update mixer path: low-latency-playback speaker
08-05 00:38:43.853 13866 13866 I GoogleInputMethodServic: GoogleInputMethodService.onFinishInput():3138 
08-05 00:38:43.854 13866 13866 I GoogleInputMethodServic: GoogleInputMethodService.onStartInput():1808 
08-05 00:38:44.086 31419 31430 I art     : Starting a blocking GC Explicit
08-05 00:38:44.151 31419 31430 I art     : Explicit concurrent mark sweep GC freed 2240(119KB) AllocSpace objects, 1(20KB) LOS objects, 30% free, 36MB/52MB, paused 352us total 64.556ms
08-05 00:38:44.166 31419 31434 D OpenGLRenderer: endAllStagingAnimators on 0x7f94ab1000 (ListPopupWindow$DropDownListView) with handle 0x7f7a9780a0
08-05 00:38:44.171 31419 31430 I art     : Starting a blocking GC Explicit
08-05 00:38:44.222 31419 31430 I art     : Explicit concurrent mark sweep GC freed 847(69KB) AllocSpace objects, 0(0B) LOS objects, 30% free, 36MB/52MB, paused 338us total 50.860ms
08-05 00:38:44.239 31419 31430 I art     : Starting a blocking GC Explicit
08-05 00:38:44.294 31419 31430 I art     : Explicit concurrent mark sweep GC freed 488(32KB) AllocSpace objects, 0(0B) LOS objects, 30% free, 36MB/52MB, paused 341us total 54.363ms
08-05 00:38:44.312 31419 31430 I art     : Starting a blocking GC Explicit
08-05 00:38:44.370 31419 31430 I art     : Explicit concurrent mark sweep GC freed 3(96B) AllocSpace objects, 0(0B) LOS objects, 30% free, 36MB/52MB, paused 346us total 57.925ms
08-05 00:38:44.390 31419 31430 I art     : Starting a blocking GC Explicit
08-05 00:38:44.399   512  2967 D audio_hw_primary: disable_audio_route: reset and update mixer path: low-latency-playback speaker
08-05 00:38:44.400   512  2967 D audio_hw_primary: disable_snd_device: snd_device(2: speaker)
08-05 00:38:44.408   512  2967 I soundtrigger: audio_extn_sound_trigger_update_device_status: device 0x2 of type 0 for Event 0
08-05 00:38:44.447 31419 31430 I art     : Explicit concurrent mark sweep GC freed 3(96B) AllocSpace objects, 0(0B) LOS objects, 30% free, 36MB/52MB, paused 337us total 56.148ms
08-05 00:38:44.764 31419 31630 I art     : Starting a blocking GC Explicit
08-05 00:38:44.840 31419 31630 I art     : Explicit concurrent mark sweep GC freed 1293(75KB) AllocSpace objects, 1(20KB) LOS objects, 30% free, 36MB/52MB, paused 356us total 75.420ms
08-05 00:38:44.859 31419 31630 I art     : Starting a blocking GC Explicit
08-05 00:38:44.917 31419 31630 I art     : Explicit concurrent mark sweep GC freed 18(624B) AllocSpace objects, 0(0B) LOS objects, 30% free, 36MB/52MB, paused 378us total 58.229ms
08-05 00:38:44.936 31419 31630 I art     : Starting a blocking GC Explicit
08-05 00:38:44.992 31419 31630 I art     : Explicit concurrent mark sweep GC freed 3(96B) AllocSpace objects, 0(0B) LOS objects, 30% free, 36MB/52MB, paused 313us total 55.378ms
08-05 00:38:45.011 31419 31630 I art     : Starting a blocking GC Explicit
08-05 00:38:45.061 31419 31630 I art     : Explicit concurrent mark sweep GC freed 3(96B) AllocSpace objects, 0(0B) LOS objects, 30% free, 36MB/52MB, paused 348us total 49.526ms
08-05 00:38:45.079 31419 31630 I art     : Starting a blocking GC Explicit
08-05 00:38:45.132 31419 31630 I art     : Explicit concurrent mark sweep GC freed 3(96B) AllocSpace objects, 0(0B) LOS objects, 30% free, 36MB/52MB, paused 327us total 52.590ms
08-05 00:38:45.397 32435 32435 D AndroidRuntime: >>>>>> START com.android.internal.os.RuntimeInit uid 2000 <<<<<<
08-05 00:38:45.402 32435 32435 D AndroidRuntime: CheckJNI is OFF
08-05 00:38:45.407 31419 31894 I art     : Starting a blocking GC Explicit
08-05 00:38:45.439 32435 32435 D ICU     : No timezone override file found: /data/misc/zoneinfo/current/icu/icu_tzdata.dat
08-05 00:38:45.467 31419 31894 I art     : Explicit concurrent mark sweep GC freed 1293(75KB) AllocSpace objects, 1(20KB) LOS objects, 30% free, 36MB/52MB, paused 390us total 60.019ms
08-05 00:38:45.476 32435 32435 I Radio-JNI: register_android_hardware_Radio DONE
08-05 00:38:45.486 31419 31894 I art     : Starting a blocking GC Explicit
08-05 00:38:45.499 32435 32435 D AndroidRuntime: Calling main entry com.android.commands.input.Input
08-05 00:38:45.501 32435 32435 I Input   : injectMotionEvent: MotionEvent { action=ACTION_DOWN, actionButton=0, id[0]=0, x[0]=648.0, y[0]=709.0, toolType[0]=TOOL_TYPE_UNKNOWN, buttonState=0, metaState=0, flags=0x0, edgeFlags=0x0, pointerCount=1, historySize=0, eventTime=751141914, downTime=751141914, deviceId=0, source=0x1002 }
08-05 00:38:45.510 32435 32435 I Input   : injectMotionEvent: MotionEvent { action=ACTION_UP, actionButton=0, id[0]=0, x[0]=648.0, y[0]=709.0, toolType[0]=TOOL_TYPE_UNKNOWN, buttonState=0, metaState=0, flags=0x0, edgeFlags=0x0, pointerCount=1, historySize=0, eventTime=751141914, downTime=751141914, deviceId=0, source=0x1002 }
08-05 00:38:45.514 32435 32435 D AndroidRuntime: Shutting down VM
08-05 00:38:45.540 31419 31894 I art     : Explicit concurrent mark sweep GC freed 34(1248B) AllocSpace objects, 0(0B) LOS objects, 30% free, 36MB/52MB, paused 366us total 53.498ms
08-05 00:38:45.558 31419 31894 I art     : Starting a blocking GC Explicit
08-05 00:38:45.580   512  2967 D audio_hw_primary: out_set_parameters: enter: usecase(1: low-latency-playback) kvpairs: routing=2
08-05 00:38:45.593   512  2967 D audio_hw_primary: select_devices: out_snd_device(2: speaker) in_snd_device(0: none)
08-05 00:38:45.593   512  2967 D msm8974_platform: platform_send_audio_calibration: sending audio calibration for snd_device(2) acdb_id(15)
08-05 00:38:45.594   512  2967 I soundtrigger: audio_extn_sound_trigger_update_device_status: device 0x2 of type 0 for Event 1
08-05 00:38:45.605   512  2967 D audio_hw_primary: enable_snd_device: snd_device(2: speaker)
08-05 00:38:45.607   512  2967 D audio_hw_primary: enable_audio_route: apply and update mixer path: low-latency-playback speaker
08-05 00:38:45.612 31419 31894 I art     : Explicit concurrent mark sweep GC freed 588(46KB) AllocSpace objects, 1(20KB) LOS objects, 30% free, 36MB/52MB, paused 458us total 53.503ms
08-05 00:38:45.630 31419 31894 I art     : Starting a blocking GC Explicit
08-05 00:38:45.685 31419 31894 I art     : Explicit concurrent mark sweep GC freed 261(15KB) AllocSpace objects, 0(0B) LOS objects, 30% free, 36MB/52MB, paused 355us total 54.407ms
08-05 00:38:45.706 31419 31894 I art     : Starting a blocking GC Explicit
08-05 00:38:45.765 31419 31894 I art     : Explicit concurrent mark sweep GC freed 40(1664B) AllocSpace objects, 0(0B) LOS objects, 30% free, 36MB/52MB, paused 421us total 59.077ms
08-05 00:38:46.055 31419 31430 I art     : Starting a blocking GC Explicit
08-05 00:38:46.131 31419 31430 I art     : Explicit concurrent mark sweep GC freed 1299(75KB) AllocSpace objects, 1(20KB) LOS objects, 30% free, 36MB/52MB, paused 343us total 75.623ms
08-05 00:38:46.157 31419 31430 I art     : Starting a blocking GC Explicit
08-05 00:38:46.160   512  2967 D audio_hw_primary: disable_audio_route: reset and update mixer path: low-latency-playback speaker
08-05 00:38:46.161   512  2967 D audio_hw_primary: disable_snd_device: snd_device(2: speaker)
08-05 00:38:46.169   512  2967 I soundtrigger: audio_extn_sound_trigger_update_device_status: device 0x2 of type 0 for Event 0
08-05 00:38:46.217 31419 31430 I art     : Explicit concurrent mark sweep GC freed 24(816B) AllocSpace objects, 0(0B) LOS objects, 30% free, 36MB/52MB, paused 343us total 60.412ms
08-05 00:38:46.240 31419 31430 I art     : Starting a blocking GC Explicit
08-05 00:38:46.309 31419 31430 I art     : Explicit concurrent mark sweep GC freed 5(160B) AllocSpace objects, 0(0B) LOS objects, 30% free, 36MB/52MB, paused 334us total 68.683ms
08-05 00:38:46.333 31419 31430 I art     : Starting a blocking GC Explicit
08-05 00:38:46.390 31419 31430 I art     : Explicit concurrent mark sweep GC freed 3(96B) AllocSpace objects, 0(0B) LOS objects, 30% free, 36MB/52MB, paused 315us total 56.577ms
08-05 00:38:46.414 31419 31430 I art     : Starting a blocking GC Explicit
08-05 00:38:46.467 31419 31430 I art     : Explicit concurrent mark sweep GC freed 3(96B) AllocSpace objects, 0(0B) LOS objects, 30% free, 36MB/52MB, paused 341us total 52.685ms
08-05 00:38:46.769 31419 31630 I art     : Starting a blocking GC Explicit
08-05 00:38:46.831 31419 31630 I art     : Explicit concurrent mark sweep GC freed 1295(75KB) AllocSpace objects, 1(20KB) LOS objects, 30% free, 36MB/52MB, paused 348us total 60.977ms
08-05 00:38:46.850 31419 31630 I art     : Starting a blocking GC Explicit
08-05 00:38:46.903 31419 31630 I art     : Explicit concurrent mark sweep GC freed 18(624B) AllocSpace objects, 0(0B) LOS objects, 30% free, 36MB/52MB, paused 338us total 52.933ms
08-05 00:38:46.921 31419 31630 I art     : Starting a blocking GC Explicit
08-05 00:38:46.977 31419 31630 I art     : Explicit concurrent mark sweep GC freed 3(96B) AllocSpace objects, 0(0B) LOS objects, 30% free, 36MB/52MB, paused 385us total 56.088ms
08-05 00:38:46.996 31419 31630 I art     : Starting a blocking GC Explicit
08-05 00:38:47.053 31419 31630 I art     : Explicit concurrent mark sweep GC freed 3(96B) AllocSpace objects, 0(0B) LOS objects, 30% free, 36MB/52MB, paused 343us total 56.762ms
08-05 00:38:47.071 31419 31630 I art     : Starting a blocking GC Explicit
08-05 00:38:47.129 31419 31630 I art     : Explicit concurrent mark sweep GC freed 3(96B) AllocSpace objects, 0(0B) LOS objects, 30% free, 36MB/52MB, paused 347us total 57.454ms
08-05 00:38:47.179 32478 32478 D AndroidRuntime: >>>>>> START com.android.internal.os.RuntimeInit uid 2000 <<<<<<
08-05 00:38:47.184 32478 32478 D AndroidRuntime: CheckJNI is OFF
08-05 00:38:47.217 32478 32478 D ICU     : No timezone override file found: /data/misc/zoneinfo/current/icu/icu_tzdata.dat
08-05 00:38:47.252 32478 32478 I Radio-JNI: register_android_hardware_Radio DONE
08-05 00:38:47.279 32478 32478 D AndroidRuntime: Calling main entry com.android.commands.input.Input
08-05 00:38:47.281 32478 32478 I Input   : injectMotionEvent: MotionEvent { action=ACTION_DOWN, actionButton=0, id[0]=0, x[0]=1197.0, y[0]=1456.0, toolType[0]=TOOL_TYPE_UNKNOWN, buttonState=0, metaState=0, flags=0x0, edgeFlags=0x0, pointerCount=1, historySize=0, eventTime=751143694, downTime=751143694, deviceId=0, source=0x1002 }
08-05 00:38:47.287 32478 32478 I Input   : injectMotionEvent: MotionEvent { action=ACTION_UP, actionButton=0, id[0]=0, x[0]=1197.0, y[0]=1456.0, toolType[0]=TOOL_TYPE_UNKNOWN, buttonState=0, metaState=0, flags=0x0, edgeFlags=0x0, pointerCount=1, historySize=0, eventTime=751143694, downTime=751143694, deviceId=0, source=0x1002 }
08-05 00:38:47.288 32478 32478 D AndroidRuntime: Shutting down VM
08-05 00:38:47.303   512  2967 D audio_hw_primary: out_set_parameters: enter: usecase(1: low-latency-playback) kvpairs: routing=2
08-05 00:38:47.316   512  2967 D audio_hw_primary: select_devices: out_snd_device(2: speaker) in_snd_device(0: none)
08-05 00:38:47.316   512  2967 D msm8974_platform: platform_send_audio_calibration: sending audio calibration for snd_device(2) acdb_id(15)
08-05 00:38:47.316   512  2967 I soundtrigger: audio_extn_sound_trigger_update_device_status: device 0x2 of type 0 for Event 1
08-05 00:38:47.321 31419 31434 D OpenGLRenderer: endAllStagingAnimators on 0x7f9497e000 (RippleDrawable) with handle 0x7f78d2d200
08-05 00:38:47.327   512  2967 D audio_hw_primary: enable_snd_device: snd_device(2: speaker)
08-05 00:38:47.328 31419 31419 I SettingsManager: Setting string: savedCourse
08-05 00:38:47.330   512  2967 D audio_hw_primary: enable_audio_route: apply and update mixer path: low-latency-playback speaker
08-05 00:38:47.335   918   928 W BackupManagerService: dataChanged but no participant pkg='baseline.com.ak.uobtimetable' uid=10684
08-05 00:38:47.335   918  3714 I ActivityManager: START u0 {flg=0x4000000 cmp=baseline.com.ak.uobtimetable/.MainActivity (has extras)} from uid 10684 on display 0
08-05 00:38:47.349   918  6112 W InputMethodManagerService: Focus gain on non-focused client com.android.internal.view.IInputMethodClient$Stub$Proxy@747b4ed (uid=10684 pid=31419)
08-05 00:38:47.363 31419 31419 D MainActivity: OnDestroy
08-05 00:38:47.382 31419 31419 D MainActivity: onCreate
08-05 00:38:47.382 31419 31419 I SettingsManager: Getting string: savedSessions
08-05 00:38:47.382 31419 31419 I SettingsManager: Getting string: savedSessions
08-05 00:38:47.389 31419 31419 I SettingsManager: Getting string: savedSessionsCourseName
08-05 00:38:47.389 31419 31419 I SettingsManager: Getting string: savedSessionsCourseName
08-05 00:38:47.389 31419 31419 I SettingsManager: Getting string: savedSessionsDateRange
08-05 00:38:47.389 31419 31419 I SettingsManager: Getting string: savedSessionsDateRange
08-05 00:38:47.389 31419 31419 I Settings: 10 saved sessions - Bedfordshire International and EU Foundation Year - Int Foun - Ltn - Y0 Feb FT - Weeks: 24-38 (8 Jun 2020-20 Sep 2020)
08-05 00:38:47.417 31419 31894 I art     : Starting a blocking GC Explicit
08-05 00:38:47.422 31419 31419 I SettingsManager: Getting string: savedCourse
08-05 00:38:47.423 31419 31419 D MainActivity: sessionListFragmentArg: updateSessions
08-05 00:38:47.423 31419 31419 D MainActivity: showTermDatesConfigChange: false
08-05 00:38:47.423 31419 31419 D MainActivity: showTermDatesShortcut: false
08-05 00:38:47.424 31419 31419 D MainActivity: Setting initial fragment: SessionListsFragment
08-05 00:38:47.424 31419 31419 I SettingsManager: Getting int: launchCount
08-05 00:38:47.425 31419 31419 D SessionListsFragment: onCreateView
08-05 00:38:47.428 31419 31419 I SettingsManager: Getting string: savedCourse
08-05 00:38:47.431 31419 31419 I SettingsManager: Getting string: savedSessions
08-05 00:38:47.438 31419 31419 D SessionListsFragment: loadArgument: updateSessions
08-05 00:38:47.438 31419 31419 D SessionListsFragment: initialIndex: -1
08-05 00:38:47.440 31419 32501 D HTTP    : Request for: https://uob-timetable-api.adriankeenan.co.uk/sessions?dept=CM010&course=BSAIFAAF%2F02AA%2F0%2FFT&level=Foundation+Year
08-05 00:38:47.452 31419 31419 D TermDatesFragment: WebView loaded
08-05 00:38:47.453 31419 31419 D MainActivity: OnResume
08-05 00:38:47.487 31419 31894 I art     : Explicit concurrent mark sweep GC freed 21463(1033KB) AllocSpace objects, 3(152KB) LOS objects, 29% free, 38MB/54MB, paused 631us total 69.626ms
08-05 00:38:47.504 31419 31894 I art     : Starting a blocking GC Explicit
08-05 00:38:47.532 31419 31419 I TermDatesFragment: Webview load %: 10
08-05 00:38:47.560 31419 31894 I art     : Explicit concurrent mark sweep GC freed 2067(128KB) AllocSpace objects, 2(1268KB) LOS objects, 30% free, 37MB/53MB, paused 882us total 55.893ms
08-05 00:38:47.565 13866 13866 I GoogleInputMethodServic: GoogleInputMethodService.onFinishInput():3138 
08-05 00:38:47.565   918   936 I ActivityManager: Displayed baseline.com.ak.uobtimetable/.MainActivity: +214ms
08-05 00:38:47.567 13866 13866 I GoogleInputMethodServic: GoogleInputMethodService.onStartInput():1808 
08-05 00:38:47.577 31419 31894 I art     : Starting a blocking GC Explicit
08-05 00:38:47.629 31419 31894 I art     : Explicit concurrent mark sweep GC freed 29466(1358KB) AllocSpace objects, 3(200KB) LOS objects, 30% free, 36MB/52MB, paused 575us total 51.340ms
08-05 00:38:47.645   918   927 I art     : Background partial concurrent mark sweep GC freed 79303(9MB) AllocSpace objects, 178(3MB) LOS objects, 18% free, 68MB/84MB, paused 1.401ms total 179.010ms
08-05 00:38:47.646 31419 31419 I TermDatesFragment: Webview load %: 70
08-05 00:38:47.648 31419 31894 I art     : Starting a blocking GC Explicit
08-05 00:38:47.654 31419 31419 I TermDatesFragment: Webview load %: 100
08-05 00:38:47.655 31419 31419 I TermDatesFragment: Webview load %: 100
08-05 00:38:47.656 31419 32501 I NAPPA_EXPERIMENTATION: MetricNetworkRequestExecutionTime: REQUEST_DURATION_SYSTEM='215',REQUEST_DURATION_OKHTTP='46',REQUEST_SYNCHRONOUS='TRUE',RESPONSE_CODE='200',RESPONSE_METHOD='GET',RESPONSE_LENGTH_OKHTTP='-1',RESPONSE_LENGTH_HEADER='1214',REQUEST_PROTOCOL='http/1.1',REQUEST_URL='https://uob-timetable-api.adriankeenan.co.uk/sessions?dept=CM010&course=BSAIFAAF%2F02AA%2F0%2FFT&level=Foundation+Year',
08-05 00:38:47.691 31419 32501 I HTTP    : Response was compressed.
08-05 00:38:47.691 31419 31894 I art     : Explicit concurrent mark sweep GC freed 1276(141KB) AllocSpace objects, 1(80KB) LOS objects, 30% free, 36MB/52MB, paused 483us total 43.181ms
08-05 00:38:47.703 31419 32501 I Service : getSessions response time: 1.10
08-05 00:38:47.703 31419 31419 I SettingsManager: Getting string: savedSessions
08-05 00:38:47.704 31419 31419 I SettingsManager: Getting string: savedSessions
08-05 00:38:47.707 31419 31894 I art     : Starting a blocking GC Explicit
08-05 00:38:47.713 31419 31419 I Service : Sessions updated: 10
08-05 00:38:47.713 31419 31419 I Service : Sessions removed from new list: 0
08-05 00:38:47.720 31419 31419 I SettingsManager: Setting string: savedSessions
08-05 00:38:47.729   918  4413 W BackupManagerService: dataChanged but no participant pkg='baseline.com.ak.uobtimetable' uid=10684
08-05 00:38:47.729 31419 31419 I SettingsManager: Setting date: savedSessionsTime
08-05 00:38:47.735   918  5481 W BackupManagerService: dataChanged but no participant pkg='baseline.com.ak.uobtimetable' uid=10684
08-05 00:38:47.735 31419 31419 I SettingsManager: Setting string: savedSessionsCourseName
08-05 00:38:47.741   918  4400 W BackupManagerService: dataChanged but no participant pkg='baseline.com.ak.uobtimetable' uid=10684
08-05 00:38:47.741 31419 31419 I SettingsManager: Setting string: savedSessionsDateRange
08-05 00:38:47.741   918  3696 W BackupManagerService: dataChanged but no participant pkg='baseline.com.ak.uobtimetable' uid=10684
08-05 00:38:47.741 31419 31419 I SettingsManager: Setting string: timetableUrl
08-05 00:38:47.742   918  3670 W BackupManagerService: dataChanged but no participant pkg='baseline.com.ak.uobtimetable' uid=10684
08-05 00:38:47.742 31419 31419 I SettingsManager: Getting boolean: notifySessionRemindersEnabled
08-05 00:38:47.742 31419 31419 I SettingsManager: Getting int: notifySessionRemindersMinutes
08-05 00:38:47.742 31419 31419 I SettingsManager: Getting boolean: showHiddenSessions
08-05 00:38:47.744 31419 31419 I SessionReminderNotifier: Created session reminder alarm for f7b4771250a919bd729c1c5a4a459c77 at Mon 08:30:00 10/08/20
08-05 00:38:47.745 31419 31419 I SessionReminderNotifier: Created session reminder alarm for a7f879aabdeb78622c8820a5fb7b64cd at Tue 08:30:00 11/08/20
08-05 00:38:47.747 31419 31419 I SessionReminderNotifier: Created session reminder alarm for 7bc8d7e2c2055711f597c3d9078c6ea3 at Tue 08:30:00 11/08/20
08-05 00:38:47.748 31419 31419 I SessionReminderNotifier: Created session reminder alarm for 53c0527a6f009a1f2fd223834d3bfe51 at Tue 10:30:00 11/08/20
08-05 00:38:47.750 31419 31419 I SessionReminderNotifier: Created session reminder alarm for e0fc978b5db8218778540b4053344581 at Tue 11:00:00 11/08/20
08-05 00:38:47.751 31419 31419 I SessionReminderNotifier: Created session reminder alarm for 199afb0100f329ff65a09e1b0cd9deba at Tue 11:30:00 11/08/20
08-05 00:38:47.753 31419 31419 I SessionReminderNotifier: Created session reminder alarm for 21712fef61090882c855a1425543edb5 at Tue 13:30:00 11/08/20
08-05 00:38:47.754 31419 31894 I art     : Explicit concurrent mark sweep GC freed 16710(814KB) AllocSpace objects, 5(92KB) LOS objects, 30% free, 36MB/52MB, paused 554us total 47.046ms
08-05 00:38:47.755 31419 31419 I SessionReminderNotifier: Created session reminder alarm for 65ca4d97f031f29a4d02bbb45a705d8f at Wed 08:30:00 05/08/20
08-05 00:38:47.757 31419 31419 I SessionReminderNotifier: Created session reminder alarm for eeda7741b0bcab58fd9f46dc6ef1d942 at Wed 08:30:00 05/08/20
08-05 00:38:47.759 31419 31419 I SessionReminderNotifier: Created session reminder alarm for c276c1b2075a0beb67f1b3d1e580f920 at Wed 11:00:00 05/08/20
08-05 00:38:47.761 31419 31419 I SessionReminderNotifier: Created session reminder alarm for 8b1f3627e42ae13a6f6ba0a83903dde1 at Wed 13:30:00 05/08/20
08-05 00:38:47.763 31419 31419 I SessionReminderNotifier: Created session reminder alarm for 79fe0b5c3b887a13ba29db5a33fa2800 at Thu 08:30:00 06/08/20
08-05 00:38:47.764 31419 31419 I SessionReminderNotifier: Created session reminder alarm for cb9dfc8231cdba2be0835dc5709690e1 at Thu 08:30:00 06/08/20
08-05 00:38:47.766 31419 31419 I SessionReminderNotifier: Created session reminder alarm for f850dc24d6de60b7b89fa9e1a8c224c5 at Thu 12:00:00 06/08/20
08-05 00:38:47.768 31419 31419 I SessionReminderNotifier: Created session reminder alarm for 2ba1034116e4fffdd592dbf0796a43d5 at Fri 08:30:00 07/08/20
08-05 00:38:47.768 31419 31419 I SettingsManager: Getting boolean: showHiddenSessions
08-05 00:38:47.768 31419 31419 D SessionListsFragment: 1 sessions for day 0
08-05 00:38:47.768 31419 31419 D SessionListsFragment: 6 sessions for day 1
08-05 00:38:47.768 31419 31419 D SessionListsFragment: 4 sessions for day 2
08-05 00:38:47.768 31419 31419 D SessionListsFragment: 3 sessions for day 3
08-05 00:38:47.768 31419 31419 D SessionListsFragment: 1 sessions for day 4
08-05 00:38:47.803 31419 31419 I SettingsManager: Getting boolean: showHiddenSessions
08-05 00:38:47.804 31419 31419 D SessionListsFragment: Refreshed ViewPager
08-05 00:38:47.804 31419 31419 I SettingsManager: Getting boolean: showHiddenSessions
08-05 00:38:47.804 31419 31419 I SettingsManager: Getting boolean: completedTutorial
08-05 00:38:47.804 31419 31419 I SettingsManager: Getting boolean: showHiddenSessions
08-05 00:38:47.804 31419 31419 I SettingsManager: Getting date: savedSessionsTime
08-05 00:38:47.869   512  2967 D audio_hw_primary: disable_audio_route: reset and update mixer path: low-latency-playback speaker
08-05 00:38:47.870   512  2967 D audio_hw_primary: disable_snd_device: snd_device(2: speaker)
08-05 00:38:47.878   512  2967 I soundtrigger: audio_extn_sound_trigger_update_device_status: device 0x2 of type 0 for Event 0
08-05 00:38:48.038 31419 31630 I art     : Starting a blocking GC Explicit
08-05 00:38:48.116 31419 31630 I art     : Explicit concurrent mark sweep GC freed 132279(5MB) AllocSpace objects, 1(20KB) LOS objects, 29% free, 37MB/53MB, paused 1.111ms total 77.564ms
08-05 00:38:48.136 31419 31630 I art     : Starting a blocking GC Explicit
08-05 00:38:48.194 31419 31630 I art     : Explicit concurrent mark sweep GC freed 37873(1692KB) AllocSpace objects, 0(0B) LOS objects, 30% free, 37MB/53MB, paused 1.114ms total 58.220ms
08-05 00:38:48.212 31419 31630 I art     : Starting a blocking GC Explicit
08-05 00:38:48.274 31419 31630 I art     : Explicit concurrent mark sweep GC freed 33990(1407KB) AllocSpace objects, 0(0B) LOS objects, 29% free, 37MB/53MB, paused 1.128ms total 61.545ms
08-05 00:38:48.293 31419 31630 I art     : Starting a blocking GC Explicit
08-05 00:38:48.356 31419 31630 I art     : Explicit concurrent mark sweep GC freed 34903(1447KB) AllocSpace objects, 0(0B) LOS objects, 29% free, 37MB/53MB, paused 1.165ms total 63.368ms
08-05 00:38:48.375 31419 31630 I art     : Starting a blocking GC Explicit
08-05 00:38:48.422 31419 31419 I Choreographer: Skipped 36 frames!  The application may be doing too much work on its main thread.
08-05 00:38:48.438 31419 31630 I art     : Explicit concurrent mark sweep GC freed 30546(1263KB) AllocSpace objects, 0(0B) LOS objects, 29% free, 37MB/53MB, paused 1.008ms total 62.762ms
08-05 00:38:48.740 31419 31894 I art     : Starting a blocking GC Explicit
08-05 00:38:48.805 31419 31894 I art     : Explicit concurrent mark sweep GC freed 2602(161KB) AllocSpace objects, 1(20KB) LOS objects, 29% free, 37MB/53MB, paused 423us total 64.656ms
08-05 00:38:48.825 31419 31894 I art     : Starting a blocking GC Explicit
08-05 00:38:48.871 31419 31894 I art     : Explicit concurrent mark sweep GC freed 121762(11MB) AllocSpace objects, 3(136KB) LOS objects, 37% free, 26MB/42MB, paused 366us total 45.781ms
08-05 00:38:48.882 31419 31894 I art     : Starting a blocking GC Explicit
08-05 00:38:48.913 31419 31894 I art     : Explicit concurrent mark sweep GC freed 3(96B) AllocSpace objects, 0(0B) LOS objects, 37% free, 26MB/42MB, paused 370us total 30.466ms
08-05 00:38:48.925 31419 31894 I art     : Starting a blocking GC Explicit
08-05 00:38:48.958 31419 31894 I art     : Explicit concurrent mark sweep GC freed 3(96B) AllocSpace objects, 0(0B) LOS objects, 37% free, 26MB/42MB, paused 403us total 32.396ms
08-05 00:38:48.970 31419 31894 I art     : Starting a blocking GC Explicit
08-05 00:38:49.003 31419 31894 I art     : Explicit concurrent mark sweep GC freed 3(96B) AllocSpace objects, 0(0B) LOS objects, 37% free, 26MB/42MB, paused 444us total 33.433ms
08-05 00:38:49.346 31419 31630 I art     : Starting a blocking GC Explicit
08-05 00:38:49.396 31419 31630 I art     : Explicit concurrent mark sweep GC freed 1296(75KB) AllocSpace objects, 1(20KB) LOS objects, 37% free, 26MB/42MB, paused 455us total 49.345ms
08-05 00:38:49.421 31419 31630 I art     : Starting a blocking GC Explicit
08-05 00:38:49.454 31419 31630 I art     : Explicit concurrent mark sweep GC freed 55(1872B) AllocSpace objects, 0(0B) LOS objects, 37% free, 26MB/42MB, paused 384us total 33.274ms
08-05 00:38:49.466 31419 31630 I art     : Starting a blocking GC Explicit
08-05 00:38:49.497 31419 31630 I art     : Explicit concurrent mark sweep GC freed 25(816B) AllocSpace objects, 0(0B) LOS objects, 37% free, 26MB/42MB, paused 400us total 30.238ms
08-05 00:38:49.508 31419 31630 I art     : Starting a blocking GC Explicit
08-05 00:38:49.538 31419 31630 I art     : Explicit concurrent mark sweep GC freed 32(1024B) AllocSpace objects, 0(0B) LOS objects, 37% free, 26MB/42MB, paused 372us total 29.512ms
08-05 00:38:49.549 31419 31630 I art     : Starting a blocking GC Explicit
08-05 00:38:49.582 31419 31630 I art     : Explicit concurrent mark sweep GC freed 24(768B) AllocSpace objects, 0(0B) LOS objects, 37% free, 26MB/42MB, paused 531us total 32.364ms
08-05 00:38:49.924 31419 31630 I art     : Starting a blocking GC Explicit
08-05 00:38:49.968 31419 31630 I art     : Explicit concurrent mark sweep GC freed 1334(76KB) AllocSpace objects, 1(20KB) LOS objects, 37% free, 26MB/42MB, paused 436us total 43.879ms
08-05 00:38:49.981 31419 31630 I art     : Starting a blocking GC Explicit
08-05 00:38:50.015 31419 31630 I art     : Explicit concurrent mark sweep GC freed 18(624B) AllocSpace objects, 0(0B) LOS objects, 37% free, 26MB/42MB, paused 404us total 33.841ms
08-05 00:38:50.027 31419 31630 I art     : Starting a blocking GC Explicit
08-05 00:38:50.062 31419 31630 I art     : Explicit concurrent mark sweep GC freed 3(96B) AllocSpace objects, 0(0B) LOS objects, 37% free, 26MB/42MB, paused 384us total 34.103ms
08-05 00:38:50.074 31419 31630 I art     : Starting a blocking GC Explicit
08-05 00:38:50.109 31419 31630 I art     : Explicit concurrent mark sweep GC freed 3(96B) AllocSpace objects, 0(0B) LOS objects, 37% free, 26MB/42MB, paused 392us total 34.631ms
08-05 00:38:50.121 31419 31630 I art     : Starting a blocking GC Explicit
08-05 00:38:50.156 31419 31630 I art     : Explicit concurrent mark sweep GC freed 3(96B) AllocSpace objects, 0(0B) LOS objects, 37% free, 26MB/42MB, paused 402us total 34.010ms
08-05 00:38:50.470 31419 31431 I art     : Starting a blocking GC Explicit
08-05 00:38:50.516 31419 31431 I art     : Explicit concurrent mark sweep GC freed 1293(75KB) AllocSpace objects, 1(20KB) LOS objects, 37% free, 26MB/42MB, paused 549us total 45.336ms
08-05 00:38:50.532 31419 31431 I art     : Starting a blocking GC Explicit
08-05 00:38:50.565 31419 31431 I art     : Explicit concurrent mark sweep GC freed 18(624B) AllocSpace objects, 0(0B) LOS objects, 37% free, 26MB/42MB, paused 374us total 32.567ms
08-05 00:38:50.578 31419 31431 I art     : Starting a blocking GC Explicit
08-05 00:38:50.612 31419 31431 I art     : Explicit concurrent mark sweep GC freed 3(96B) AllocSpace objects, 0(0B) LOS objects, 37% free, 26MB/42MB, paused 384us total 34.636ms
08-05 00:38:50.625 31419 31431 I art     : Starting a blocking GC Explicit
08-05 00:38:50.660 31419 31431 I art     : Explicit concurrent mark sweep GC freed 3(96B) AllocSpace objects, 0(0B) LOS objects, 37% free, 26MB/42MB, paused 388us total 34.415ms
08-05 00:38:50.672 31419 31431 I art     : Starting a blocking GC Explicit
08-05 00:38:50.707 31419 31431 I art     : Explicit concurrent mark sweep GC freed 3(96B) AllocSpace objects, 0(0B) LOS objects, 37% free, 26MB/42MB, paused 400us total 34.527ms
08-05 00:38:51.013 31419 31430 I art     : Starting a blocking GC Explicit
08-05 00:38:51.057 31419 31430 I art     : Explicit concurrent mark sweep GC freed 1293(75KB) AllocSpace objects, 1(20KB) LOS objects, 37% free, 26MB/42MB, paused 421us total 43.934ms
08-05 00:38:51.071 31419 31430 I art     : Starting a blocking GC Explicit
08-05 00:38:51.106 31419 31430 I art     : Explicit concurrent mark sweep GC freed 18(624B) AllocSpace objects, 0(0B) LOS objects, 37% free, 26MB/42MB, paused 398us total 35.216ms
08-05 00:38:51.119 31419 31430 I art     : Starting a blocking GC Explicit
08-05 00:38:51.153 31419 31430 I art     : Explicit concurrent mark sweep GC freed 3(96B) AllocSpace objects, 0(0B) LOS objects, 37% free, 26MB/42MB, paused 403us total 34.369ms
08-05 00:38:51.166 31419 31430 I art     : Starting a blocking GC Explicit
08-05 00:38:51.200 31419 31430 I art     : Explicit concurrent mark sweep GC freed 3(96B) AllocSpace objects, 0(0B) LOS objects, 37% free, 26MB/42MB, paused 407us total 34.329ms
08-05 00:38:51.213 31419 31430 I art     : Starting a blocking GC Explicit
08-05 00:38:51.248 31419 31430 I art     : Explicit concurrent mark sweep GC freed 3(96B) AllocSpace objects, 0(0B) LOS objects, 37% free, 26MB/42MB, paused 423us total 34.832ms
08-05 00:38:51.563 31419 31430 I art     : Starting a blocking GC Explicit
08-05 00:38:51.598 31419 31430 I art     : Explicit concurrent mark sweep GC freed 1307(76KB) AllocSpace objects, 1(20KB) LOS objects, 37% free, 26MB/42MB, paused 551us total 34.515ms
08-05 00:38:51.611 31419 31430 I art     : Starting a blocking GC Explicit
08-05 00:38:51.645 31419 31430 I art     : Explicit concurrent mark sweep GC freed 23(768B) AllocSpace objects, 0(0B) LOS objects, 37% free, 26MB/42MB, paused 416us total 33.721ms
08-05 00:38:51.657 31419 31430 I art     : Starting a blocking GC Explicit
08-05 00:38:51.689 31419 31430 I art     : Explicit concurrent mark sweep GC freed 27(1040B) AllocSpace objects, 0(0B) LOS objects, 37% free, 26MB/42MB, paused 402us total 31.554ms
08-05 00:38:51.701 31419 31430 I art     : Starting a blocking GC Explicit
08-05 00:38:51.730 31419 31430 I art     : Explicit concurrent mark sweep GC freed 56(1712B) AllocSpace objects, 0(0B) LOS objects, 37% free, 26MB/42MB, paused 407us total 29.586ms
08-05 00:38:51.742 31419 31430 I art     : Starting a blocking GC Explicit
08-05 00:38:51.773 31419 31430 I art     : Explicit concurrent mark sweep GC freed 151(10KB) AllocSpace objects, 0(0B) LOS objects, 37% free, 26MB/42MB, paused 395us total 30.674ms
08-05 00:38:51.863   518   646 I ThermalEngine: ACTION: GPU - Setting GPU[0] to 600000000
08-05 00:38:51.934 32578 32578 D AndroidRuntime: >>>>>> START com.android.internal.os.RuntimeInit uid 2000 <<<<<<
08-05 00:38:51.939 32578 32578 D AndroidRuntime: CheckJNI is OFF
08-05 00:38:51.965 32578 32578 D ICU     : No timezone override file found: /data/misc/zoneinfo/current/icu/icu_tzdata.dat
08-05 00:38:51.990 32578 32578 I Radio-JNI: register_android_hardware_Radio DONE
08-05 00:38:52.006 32578 32578 D AndroidRuntime: Calling main entry com.android.commands.input.Input
08-05 00:38:52.007 32578 32578 I Input   : injectMotionEvent: MotionEvent { action=ACTION_DOWN, actionButton=0, id[0]=0, x[0]=81.0, y[0]=176.0, toolType[0]=TOOL_TYPE_UNKNOWN, buttonState=0, metaState=0, flags=0x0, edgeFlags=0x0, pointerCount=1, historySize=0, eventTime=751148420, downTime=751148420, deviceId=0, source=0x1002 }
08-05 00:38:52.014 32578 32578 I Input   : injectMotionEvent: MotionEvent { action=ACTION_UP, actionButton=0, id[0]=0, x[0]=81.0, y[0]=176.0, toolType[0]=TOOL_TYPE_UNKNOWN, buttonState=0, metaState=0, flags=0x0, edgeFlags=0x0, pointerCount=1, historySize=0, eventTime=751148420, downTime=751148420, deviceId=0, source=0x1002 }
08-05 00:38:52.016 32578 32578 D AndroidRuntime: Shutting down VM
08-05 00:38:52.036   512  2967 D audio_hw_primary: out_set_parameters: enter: usecase(1: low-latency-playback) kvpairs: routing=2
08-05 00:38:52.049   512  2967 D audio_hw_primary: select_devices: out_snd_device(2: speaker) in_snd_device(0: none)
08-05 00:38:52.049   512  2967 D msm8974_platform: platform_send_audio_calibration: sending audio calibration for snd_device(2) acdb_id(15)
08-05 00:38:52.049   512  2967 I soundtrigger: audio_extn_sound_trigger_update_device_status: device 0x2 of type 0 for Event 1
08-05 00:38:52.063   512  2967 D audio_hw_primary: enable_snd_device: snd_device(2: speaker)
08-05 00:38:52.064   512  2967 D audio_hw_primary: enable_audio_route: apply and update mixer path: low-latency-playback speaker
08-05 00:38:52.069 13866 13866 I GoogleInputMethodServic: GoogleInputMethodService.onFinishInput():3138 
08-05 00:38:52.069 13866 13866 I GoogleInputMethodServic: GoogleInputMethodService.onStartInput():1808 
08-05 00:38:52.071 31419 31630 I art     : Starting a blocking GC Explicit
08-05 00:38:52.097 31419 31630 I art     : Explicit concurrent mark sweep GC freed 1435(81KB) AllocSpace objects, 1(20KB) LOS objects, 37% free, 26MB/42MB, paused 315us total 26.099ms
08-05 00:38:52.107 31419 31630 I art     : Starting a blocking GC Explicit
08-05 00:38:52.134 31419 31630 I art     : Explicit concurrent mark sweep GC freed 297(15KB) AllocSpace objects, 0(0B) LOS objects, 37% free, 26MB/42MB, paused 474us total 26.387ms
08-05 00:38:52.144 31419 31630 I art     : Starting a blocking GC Explicit
08-05 00:38:52.170 31419 31630 I art     : Explicit concurrent mark sweep GC freed 7(384B) AllocSpace objects, 0(0B) LOS objects, 37% free, 26MB/42MB, paused 262us total 25.720ms
08-05 00:38:52.180 31419 31630 I art     : Starting a blocking GC Explicit
08-05 00:38:52.206 31419 31630 I art     : Explicit concurrent mark sweep GC freed 3(96B) AllocSpace objects, 0(0B) LOS objects, 37% free, 26MB/42MB, paused 286us total 26.077ms
08-05 00:38:52.216 31419 31630 I art     : Starting a blocking GC Explicit
08-05 00:38:52.243 31419 31630 I art     : Explicit concurrent mark sweep GC freed 3(96B) AllocSpace objects, 0(0B) LOS objects, 37% free, 26MB/42MB, paused 290us total 26.891ms
08-05 00:38:52.510 31419 31431 I art     : Starting a blocking GC Explicit
08-05 00:38:52.543 31419 31431 I art     : Explicit concurrent mark sweep GC freed 1337(77KB) AllocSpace objects, 1(20KB) LOS objects, 37% free, 26MB/42MB, paused 298us total 32.769ms
08-05 00:38:52.548 30906 30906 I ServiceManager: Waiting for service AtCmdFwd...
08-05 00:38:52.554 31419 31431 I art     : Starting a blocking GC Explicit
08-05 00:38:52.581 31419 31431 I art     : Explicit concurrent mark sweep GC freed 34(1136B) AllocSpace objects, 0(0B) LOS objects, 37% free, 26MB/42MB, paused 268us total 26.772ms
08-05 00:38:52.591 31419 31431 I art     : Starting a blocking GC Explicit
08-05 00:38:52.598   512  2967 D audio_hw_primary: disable_audio_route: reset and update mixer path: low-latency-playback speaker
08-05 00:38:52.599   512  2967 D audio_hw_primary: disable_snd_device: snd_device(2: speaker)
08-05 00:38:52.608   512  2967 I soundtrigger: audio_extn_sound_trigger_update_device_status: device 0x2 of type 0 for Event 0
08-05 00:38:52.615 31419 31431 I art     : Explicit concurrent mark sweep GC freed 3(96B) AllocSpace objects, 0(0B) LOS objects, 37% free, 26MB/42MB, paused 253us total 23.715ms
08-05 00:38:52.624 31419 31431 I art     : Starting a blocking GC Explicit
08-05 00:38:52.648 31419 31431 I art     : Explicit concurrent mark sweep GC freed 3(96B) AllocSpace objects, 0(0B) LOS objects, 37% free, 26MB/42MB, paused 285us total 24.357ms
08-05 00:38:52.657 31419 31431 I art     : Starting a blocking GC Explicit
08-05 00:38:52.681 31419 31431 I art     : Explicit concurrent mark sweep GC freed 3(96B) AllocSpace objects, 0(0B) LOS objects, 37% free, 26MB/42MB, paused 269us total 23.860ms
08-05 00:38:52.978 31419 31630 I art     : Starting a blocking GC Explicit
08-05 00:38:53.020 31419 31630 I art     : Explicit concurrent mark sweep GC freed 1293(75KB) AllocSpace objects, 1(20KB) LOS objects, 37% free, 26MB/42MB, paused 306us total 41.634ms
08-05 00:38:53.033 31419 31630 I art     : Starting a blocking GC Explicit
08-05 00:38:53.062 31419 31630 I art     : Explicit concurrent mark sweep GC freed 20(688B) AllocSpace objects, 0(0B) LOS objects, 37% free, 26MB/42MB, paused 282us total 28.994ms
08-05 00:38:53.072 31419 31630 I art     : Starting a blocking GC Explicit
08-05 00:38:53.101 31419 31630 I art     : Explicit concurrent mark sweep GC freed 3(96B) AllocSpace objects, 0(0B) LOS objects, 37% free, 26MB/42MB, paused 271us total 28.003ms
08-05 00:38:53.112 31419 31630 I art     : Starting a blocking GC Explicit
08-05 00:38:53.140 31419 31630 I art     : Explicit concurrent mark sweep GC freed 3(96B) AllocSpace objects, 0(0B) LOS objects, 37% free, 26MB/42MB, paused 264us total 27.786ms
08-05 00:38:53.140 31419 31429 I art     : WaitForGcToComplete blocked for 23.473ms for cause HeapTrim
08-05 00:38:53.150 31419 31630 I art     : Starting a blocking GC Explicit
08-05 00:38:53.177 31419 31630 I art     : Explicit concurrent mark sweep GC freed 3(96B) AllocSpace objects, 0(0B) LOS objects, 37% free, 26MB/42MB, paused 299us total 27.405ms
08-05 00:38:53.424 31419 31431 I art     : Starting a blocking GC Explicit
08-05 00:38:53.453 31419 31431 I art     : Explicit concurrent mark sweep GC freed 1293(75KB) AllocSpace objects, 1(20KB) LOS objects, 37% free, 26MB/42MB, paused 312us total 28.733ms
08-05 00:38:53.463 31419 31431 I art     : Starting a blocking GC Explicit
08-05 00:38:53.488 31419 31431 I art     : Explicit concurrent mark sweep GC freed 18(624B) AllocSpace objects, 0(0B) LOS objects, 37% free, 26MB/42MB, paused 268us total 24.376ms
08-05 00:38:53.497 31419 31431 I art     : Starting a blocking GC Explicit
08-05 00:38:53.522 31419 31431 I art     : Explicit concurrent mark sweep GC freed 3(96B) AllocSpace objects, 0(0B) LOS objects, 37% free, 26MB/42MB, paused 273us total 25.487ms
08-05 00:38:53.532 31419 31431 I art     : Starting a blocking GC Explicit
08-05 00:38:53.548 30906 30906 I ServiceManager: Waiting for service AtCmdFwd...
08-05 00:38:53.558 31419 31431 I art     : Explicit concurrent mark sweep GC freed 3(96B) AllocSpace objects, 0(0B) LOS objects, 37% free, 26MB/42MB, paused 290us total 25.926ms
08-05 00:38:53.566 32621 32621 D AndroidRuntime: >>>>>> START com.android.internal.os.RuntimeInit uid 2000 <<<<<<
08-05 00:38:53.568 31419 31431 I art     : Starting a blocking GC Explicit
08-05 00:38:53.570 32621 32621 D AndroidRuntime: CheckJNI is OFF
08-05 00:38:53.593 31419 31431 I art     : Explicit concurrent mark sweep GC freed 3(96B) AllocSpace objects, 0(0B) LOS objects, 37% free, 26MB/42MB, paused 275us total 25.760ms
08-05 00:38:53.596 32621 32621 D ICU     : No timezone override file found: /data/misc/zoneinfo/current/icu/icu_tzdata.dat
08-05 00:38:53.621 32621 32621 I Radio-JNI: register_android_hardware_Radio DONE
08-05 00:38:53.636 32621 32621 D AndroidRuntime: Calling main entry com.android.commands.input.Input
08-05 00:38:53.638 32621 32621 I Input   : injectMotionEvent: MotionEvent { action=ACTION_DOWN, actionButton=0, id[0]=0, x[0]=436.0, y[0]=1770.0, toolType[0]=TOOL_TYPE_UNKNOWN, buttonState=0, metaState=0, flags=0x0, edgeFlags=0x0, pointerCount=1, historySize=0, eventTime=751150051, downTime=751150051, deviceId=0, source=0x1002 }
08-05 00:38:53.643 32621 32621 I Input   : injectMotionEvent: MotionEvent { action=ACTION_UP, actionButton=0, id[0]=0, x[0]=436.0, y[0]=1770.0, toolType[0]=TOOL_TYPE_UNKNOWN, buttonState=0, metaState=0, flags=0x0, edgeFlags=0x0, pointerCount=1, historySize=0, eventTime=751150051, downTime=751150051, deviceId=0, source=0x1002 }
08-05 00:38:53.645 32621 32621 D AndroidRuntime: Shutting down VM
08-05 00:38:53.652 31419 31419 D MainActivity: NavigationItemSelected: Courses
08-05 00:38:53.654   918  4400 I ActivityManager: START u0 {cmp=baseline.com.ak.uobtimetable/.CourseListActivity} from uid 10684 on display 0
08-05 00:38:53.655   512  2967 D audio_hw_primary: out_set_parameters: enter: usecase(1: low-latency-playback) kvpairs: routing=2
08-05 00:38:53.664 31419 31419 D MainActivity: OnPause
08-05 00:38:53.667   512  2967 D audio_hw_primary: select_devices: out_snd_device(2: speaker) in_snd_device(0: none)
08-05 00:38:53.667   512  2967 D msm8974_platform: platform_send_audio_calibration: sending audio calibration for snd_device(2) acdb_id(15)
08-05 00:38:53.668   512  2967 I soundtrigger: audio_extn_sound_trigger_update_device_status: device 0x2 of type 0 for Event 1
08-05 00:38:53.683   512  2967 D audio_hw_primary: enable_snd_device: snd_device(2: speaker)
08-05 00:38:53.685   512  2967 D audio_hw_primary: enable_audio_route: apply and update mixer path: low-latency-playback speaker
08-05 00:38:53.696 31419 31419 D CourseListActivity: onCreate
08-05 00:38:53.698 31419 32644 D HTTP    : Request for: https://uob-timetable-api.adriankeenan.co.uk/courses
08-05 00:38:53.758 13866 13866 I GoogleInputMethodServic: GoogleInputMethodService.onFinishInput():3138 
08-05 00:38:53.759   918   936 I ActivityManager: Displayed baseline.com.ak.uobtimetable/.CourseListActivity: +94ms
08-05 00:38:53.759 13866 13866 I GoogleInputMethodServic: GoogleInputMethodService.onStartInput():1808 
08-05 00:38:53.820 31419 31894 I art     : Starting a blocking GC Explicit
08-05 00:38:53.848 31419 31894 I art     : Explicit concurrent mark sweep GC freed 6321(345KB) AllocSpace objects, 3(140KB) LOS objects, 37% free, 26MB/42MB, paused 373us total 27.635ms
08-05 00:38:53.857 31419 31894 I art     : Starting a blocking GC Explicit
08-05 00:38:53.883 31419 32644 I NAPPA_EXPERIMENTATION: MetricNetworkRequestExecutionTime: REQUEST_DURATION_SYSTEM='185',REQUEST_DURATION_OKHTTP='41',REQUEST_SYNCHRONOUS='TRUE',RESPONSE_CODE='200',RESPONSE_METHOD='GET',RESPONSE_LENGTH_OKHTTP='-1',RESPONSE_LENGTH_HEADER='-2',REQUEST_PROTOCOL='http/1.1',REQUEST_URL='https://uob-timetable-api.adriankeenan.co.uk/courses',
08-05 00:38:53.887 31419 31894 I art     : Explicit concurrent mark sweep GC freed 1713(165KB) AllocSpace objects, 1(80KB) LOS objects, 37% free, 26MB/42MB, paused 298us total 29.299ms
08-05 00:38:53.898 31419 31894 I art     : Starting a blocking GC Explicit
08-05 00:38:53.927 31419 31894 I art     : Explicit concurrent mark sweep GC freed 47(3KB) AllocSpace objects, 0(0B) LOS objects, 35% free, 29MB/45MB, paused 451us total 29.163ms
08-05 00:38:53.938 31419 31894 I art     : Starting a blocking GC Explicit
08-05 00:38:53.967 31419 31894 I art     : Explicit concurrent mark sweep GC freed 17(432B) AllocSpace objects, 0(0B) LOS objects, 33% free, 32MB/48MB, paused 309us total 29.047ms
08-05 00:38:53.978 31419 31894 I art     : Starting a blocking GC Explicit
08-05 00:38:54.007 31419 31894 I art     : Explicit concurrent mark sweep GC freed 12(304B) AllocSpace objects, 0(0B) LOS objects, 31% free, 34MB/50MB, paused 336us total 28.505ms
08-05 00:38:54.135 31419 31419 D MainActivity: Saving state
08-05 00:38:54.136 31419 31419 D MainActivity: Saving current fragment: SessionListsFragment
08-05 00:38:54.136 31419 31419 D MainActivity: Saving current index: 2
08-05 00:38:54.137 31419 31419 D SessionListsFragment: Saving state
08-05 00:38:54.230   512  2967 D audio_hw_primary: disable_audio_route: reset and update mixer path: low-latency-playback speaker
08-05 00:38:54.231   512  2967 D audio_hw_primary: disable_snd_device: snd_device(2: speaker)
08-05 00:38:54.239   512  2967 I soundtrigger: audio_extn_sound_trigger_update_device_status: device 0x2 of type 0 for Event 0
08-05 00:38:54.258 31419 32644 I HTTP    : Response was compressed.
08-05 00:38:54.280 31419 31431 I art     : Starting a blocking GC Explicit
08-05 00:38:54.313 31419 31431 I art     : Explicit concurrent mark sweep GC freed 26766(1243KB) AllocSpace objects, 2(22MB) LOS objects, 27% free, 41MB/57MB, paused 463us total 32.215ms
08-05 00:38:54.322 31419 31431 I art     : Starting a blocking GC Explicit
08-05 00:38:54.350 31419 31431 I art     : Explicit concurrent mark sweep GC freed 23644(1103KB) AllocSpace objects, 0(0B) LOS objects, 27% free, 41MB/57MB, paused 451us total 27.480ms
08-05 00:38:54.359 31419 31431 I art     : Starting a blocking GC Explicit
08-05 00:38:54.386 31419 31431 I art     : Explicit concurrent mark sweep GC freed 20069(971KB) AllocSpace objects, 0(0B) LOS objects, 27% free, 42MB/58MB, paused 455us total 27.527ms
08-05 00:38:54.395 31419 31431 I art     : Starting a blocking GC Explicit
08-05 00:38:54.423 31419 31431 I art     : Explicit concurrent mark sweep GC freed 20285(945KB) AllocSpace objects, 0(0B) LOS objects, 27% free, 42MB/58MB, paused 591us total 27.896ms
08-05 00:38:54.433 31419 31431 I art     : Starting a blocking GC Explicit
08-05 00:38:54.461 31419 31431 I art     : Explicit concurrent mark sweep GC freed 20421(964KB) AllocSpace objects, 0(0B) LOS objects, 27% free, 42MB/58MB, paused 480us total 28.087ms
08-05 00:38:54.549 30906 30906 I ServiceManager: Waiting for service AtCmdFwd...
08-05 00:38:54.742 31419 31430 I art     : Starting a blocking GC Explicit
08-05 00:38:54.788 31419 31430 I art     : Explicit concurrent mark sweep GC freed 171110(7MB) AllocSpace objects, 1(20KB) LOS objects, 26% free, 43MB/59MB, paused 468us total 46.203ms
08-05 00:38:54.800 31419 31430 I art     : Starting a blocking GC Explicit
08-05 00:38:54.831 31419 31430 I art     : Explicit concurrent mark sweep GC freed 27686(1317KB) AllocSpace objects, 0(0B) LOS objects, 26% free, 43MB/59MB, paused 534us total 30.487ms
08-05 00:38:54.842 31419 31430 I art     : Starting a blocking GC Explicit
08-05 00:38:54.869   518   646 I ThermalEngine: ACTION: GPU - Setting GPU[0] to 510000000
08-05 00:38:54.875 31419 31430 I art     : Explicit concurrent mark sweep GC freed 22188(1046KB) AllocSpace objects, 0(0B) LOS objects, 26% free, 43MB/59MB, paused 806us total 32.785ms
08-05 00:38:54.888 31419 31430 I art     : Starting a blocking GC Explicit
08-05 00:38:54.927 31419 31430 I art     : Explicit concurrent mark sweep GC freed 28318(1339KB) AllocSpace objects, 0(0B) LOS objects, 26% free, 44MB/60MB, paused 778us total 38.853ms
08-05 00:38:54.940 31419 31430 I art     : Starting a blocking GC Explicit
08-05 00:38:54.980 31419 31430 I art     : Explicit concurrent mark sweep GC freed 29431(1394KB) AllocSpace objects, 0(0B) LOS objects, 26% free, 44MB/60MB, paused 796us total 40.352ms
08-05 00:38:55.277 31419 31431 I art     : Starting a blocking GC Explicit
08-05 00:38:55.334 31419 31431 I art     : Explicit concurrent mark sweep GC freed 187668(8MB) AllocSpace objects, 1(20KB) LOS objects, 25% free, 46MB/62MB, paused 728us total 57.170ms
08-05 00:38:55.349 31419 31431 I art     : Starting a blocking GC Explicit
08-05 00:38:55.395 31419 31431 I art     : Explicit concurrent mark sweep GC freed 39038(1824KB) AllocSpace objects, 0(0B) LOS objects, 25% free, 46MB/62MB, paused 798us total 45.768ms
08-05 00:38:55.410 31419 31431 I art     : Starting a blocking GC Explicit
08-05 00:38:55.457 31419 31431 I art     : Explicit concurrent mark sweep GC freed 33783(1603KB) AllocSpace objects, 0(0B) LOS objects, 25% free, 46MB/62MB, paused 794us total 46.717ms
08-05 00:38:55.472 31419 31431 I art     : Starting a blocking GC Explicit
08-05 00:38:55.520 31419 31431 I art     : Explicit concurrent mark sweep GC freed 30697(1470KB) AllocSpace objects, 0(0B) LOS objects, 25% free, 46MB/62MB, paused 1.043ms total 47.697ms
08-05 00:38:55.534 31419 31431 I art     : Starting a blocking GC Explicit
08-05 00:38:55.549 30906 30906 I ServiceManager: Waiting for service AtCmdFwd...
08-05 00:38:55.582 31419 31431 I art     : Explicit concurrent mark sweep GC freed 33234(1553KB) AllocSpace objects, 0(0B) LOS objects, 25% free, 46MB/62MB, paused 933us total 47.496ms
08-05 00:38:55.877 31419 31630 I art     : Starting a blocking GC Explicit
08-05 00:38:55.945 31419 31630 I art     : Explicit concurrent mark sweep GC freed 186249(8MB) AllocSpace objects, 1(20KB) LOS objects, 24% free, 48MB/64MB, paused 971us total 67.018ms
08-05 00:38:55.962 31419 31630 I art     : Starting a blocking GC Explicit
08-05 00:38:56.013 31419 31630 I art     : Explicit concurrent mark sweep GC freed 42094(1975KB) AllocSpace objects, 0(0B) LOS objects, 24% free, 48MB/64MB, paused 1.393ms total 50.909ms
08-05 00:38:56.029 31419 31630 I art     : Starting a blocking GC Explicit
08-05 00:38:56.082 31419 31630 I art     : Explicit concurrent mark sweep GC freed 35836(1696KB) AllocSpace objects, 0(0B) LOS objects, 24% free, 48MB/64MB, paused 1.182ms total 52.490ms
08-05 00:38:56.098 31419 31630 I art     : Starting a blocking GC Explicit
08-05 00:38:56.152 31419 31630 I art     : Explicit concurrent mark sweep GC freed 36250(1745KB) AllocSpace objects, 0(0B) LOS objects, 24% free, 49MB/65MB, paused 1.030ms total 53.367ms
08-05 00:38:56.168 31419 31630 I art     : Starting a blocking GC Explicit
08-05 00:38:56.222 31419 31630 I art     : Explicit concurrent mark sweep GC freed 34801(1632KB) AllocSpace objects, 0(0B) LOS objects, 24% free, 49MB/65MB, paused 1.388ms total 54.206ms
08-05 00:38:56.520 31419 31431 I art     : Starting a blocking GC Explicit
08-05 00:38:56.550 30906 30906 I ServiceManager: Waiting for service AtCmdFwd...
08-05 00:38:56.595 31419 31431 I art     : Explicit concurrent mark sweep GC freed 192882(8MB) AllocSpace objects, 1(20KB) LOS objects, 23% free, 50MB/66MB, paused 980us total 74.956ms
08-05 00:38:56.614 31419 31431 I art     : Starting a blocking GC Explicit
08-05 00:38:56.670 31419 31431 I art     : Explicit concurrent mark sweep GC freed 45967(2MB) AllocSpace objects, 0(0B) LOS objects, 23% free, 50MB/66MB, paused 1.071ms total 56.573ms
08-05 00:38:56.684 24365 23289 I NetworkScheduler.Stats: Task com.google.android.gms/com.google.android.gms.icing.service.IcingGcmTaskService started execution. cause:4 exec_start_elapsed_seconds: 1734540 [CONTEXT service_id=218 ]
08-05 00:38:56.688 31419 31431 I art     : Starting a blocking GC Explicit
08-05 00:38:56.691 24365  7398 I NetworkScheduler.Stats: Task com.google.android.gms/com.google.android.gms.icing.service.IcingGcmTaskService finished executing. cause:4 result: 1 elapsed_millis: 22 uptime_millis: 22 exec_start_elapsed_seconds: 1734540 [CONTEXT service_id=218 ]
08-05 00:38:56.745 31419 31431 I art     : Explicit concurrent mark sweep GC freed 38087(1787KB) AllocSpace objects, 0(0B) LOS objects, 23% free, 51MB/67MB, paused 1.282ms total 56.816ms
08-05 00:38:56.761 31419 31431 I art     : Starting a blocking GC Explicit
08-05 00:38:56.821 31419 31431 I art     : Explicit concurrent mark sweep GC freed 40224(1878KB) AllocSpace objects, 0(0B) LOS objects, 23% free, 51MB/67MB, paused 1.139ms total 59.282ms
08-05 00:38:56.838 31419 31431 I art     : Starting a blocking GC Explicit
08-05 00:38:56.901 31419 31431 I art     : Explicit concurrent mark sweep GC freed 41896(1982KB) AllocSpace objects, 0(0B) LOS objects, 23% free, 51MB/67MB, paused 1.274ms total 62.366ms
08-05 00:38:57.061 31419 32644 I Service : getCourses response time: 0.69
08-05 00:38:57.074 31419 31419 I SettingsManager: Getting string: savedCourse
08-05 00:38:57.191 31419 31894 I art     : Starting a blocking GC Explicit
08-05 00:38:57.271 31419 31894 I art     : Explicit concurrent mark sweep GC freed 91148(4MB) AllocSpace objects, 2(15MB) LOS objects, 29% free, 37MB/53MB, paused 429us total 79.522ms
08-05 00:38:57.290 31419 31894 I art     : Starting a blocking GC Explicit
08-05 00:38:57.351 31419 31894 I art     : Explicit concurrent mark sweep GC freed 787(68KB) AllocSpace objects, 0(0B) LOS objects, 29% free, 37MB/53MB, paused 398us total 60.307ms
08-05 00:38:57.370 31419 31894 I art     : Starting a blocking GC Explicit
08-05 00:38:57.434 31419 31894 I art     : Explicit concurrent mark sweep GC freed 3(96B) AllocSpace objects, 0(0B) LOS objects, 29% free, 37MB/53MB, paused 413us total 63.753ms
08-05 00:38:57.454 31419 31894 I art     : Starting a blocking GC Explicit
08-05 00:38:57.517 31419 31894 I art     : Explicit concurrent mark sweep GC freed 3(96B) AllocSpace objects, 0(0B) LOS objects, 29% free, 37MB/53MB, paused 409us total 62.530ms
08-05 00:38:57.537 31419 31894 I art     : Starting a blocking GC Explicit
08-05 00:38:57.550 30906 30906 W Atfwd_Sendcmd: AtCmdFwd service not published, waiting... retryCnt : 4
08-05 00:38:57.601 31419 31894 I art     : Explicit concurrent mark sweep GC freed 3(96B) AllocSpace objects, 0(0B) LOS objects, 29% free, 37MB/53MB, paused 408us total 63.074ms
08-05 00:38:57.933 31419 31630 I art     : Starting a blocking GC Explicit
08-05 00:38:58.011 31419 31630 I art     : Explicit concurrent mark sweep GC freed 1293(75KB) AllocSpace objects, 1(20KB) LOS objects, 29% free, 37MB/53MB, paused 431us total 77.331ms
08-05 00:38:58.031 31419 31630 I art     : Starting a blocking GC Explicit
08-05 00:38:58.095 31419 31630 I art     : Explicit concurrent mark sweep GC freed 18(624B) AllocSpace objects, 0(0B) LOS objects, 29% free, 37MB/53MB, paused 473us total 63.382ms
08-05 00:38:58.115 31419 31630 I art     : Starting a blocking GC Explicit
08-05 00:38:58.178 31419 31630 I art     : Explicit concurrent mark sweep GC freed 3(96B) AllocSpace objects, 0(0B) LOS objects, 29% free, 37MB/53MB, paused 427us total 62.213ms
08-05 00:38:58.198 31419 31630 I art     : Starting a blocking GC Explicit
08-05 00:38:58.261 31419 31630 I art     : Explicit concurrent mark sweep GC freed 3(96B) AllocSpace objects, 0(0B) LOS objects, 29% free, 37MB/53MB, paused 409us total 62.523ms
08-05 00:38:58.281 31419 31630 I art     : Starting a blocking GC Explicit
08-05 00:38:58.343 31419 31630 I art     : Explicit concurrent mark sweep GC freed 3(96B) AllocSpace objects, 0(0B) LOS objects, 29% free, 37MB/53MB, paused 406us total 61.882ms
08-05 00:38:58.685 31419 31430 I art     : Starting a blocking GC Explicit
08-05 00:38:58.762 31419 31430 I art     : Explicit concurrent mark sweep GC freed 1296(75KB) AllocSpace objects, 1(20KB) LOS objects, 29% free, 37MB/53MB, paused 402us total 76.962ms
08-05 00:38:58.782 31419 31430 I art     : Starting a blocking GC Explicit
08-05 00:38:58.845 31419 31430 I art     : Explicit concurrent mark sweep GC freed 18(624B) AllocSpace objects, 0(0B) LOS objects, 29% free, 37MB/53MB, paused 402us total 63.075ms
08-05 00:38:58.864 31419 31430 I art     : Starting a blocking GC Explicit
08-05 00:38:58.927 31419 31430 I art     : Explicit concurrent mark sweep GC freed 3(96B) AllocSpace objects, 0(0B) LOS objects, 29% free, 37MB/53MB, paused 494us total 63.196ms
08-05 00:38:58.948 31419 31430 I art     : Starting a blocking GC Explicit
08-05 00:38:59.010 31419 31430 I art     : Explicit concurrent mark sweep GC freed 3(96B) AllocSpace objects, 0(0B) LOS objects, 29% free, 37MB/53MB, paused 398us total 62.569ms
08-05 00:38:59.031 31419 31430 I art     : Starting a blocking GC Explicit
08-05 00:38:59.094 31419 31430 I art     : Explicit concurrent mark sweep GC freed 3(96B) AllocSpace objects, 0(0B) LOS objects, 29% free, 37MB/53MB, paused 393us total 62.797ms
08-05 00:38:59.438 31419 31894 I art     : Starting a blocking GC Explicit
08-05 00:38:59.527 31419 31894 I art     : Explicit concurrent mark sweep GC freed 1293(75KB) AllocSpace objects, 1(20KB) LOS objects, 29% free, 37MB/53MB, paused 423us total 88.725ms
08-05 00:38:59.547 31419 31894 I art     : Starting a blocking GC Explicit
08-05 00:38:59.606 31419 31894 I art     : Explicit concurrent mark sweep GC freed 18(624B) AllocSpace objects, 0(0B) LOS objects, 29% free, 37MB/53MB, paused 410us total 58.735ms
08-05 00:38:59.626 31419 31894 I art     : Starting a blocking GC Explicit
08-05 00:38:59.688 31419 31894 I art     : Explicit concurrent mark sweep GC freed 3(96B) AllocSpace objects, 0(0B) LOS objects, 29% free, 37MB/53MB, paused 505us total 61.102ms
08-05 00:38:59.707 31419 31894 I art     : Starting a blocking GC Explicit
08-05 00:38:59.769 31419 31894 I art     : Explicit concurrent mark sweep GC freed 3(96B) AllocSpace objects, 0(0B) LOS objects, 29% free, 37MB/53MB, paused 399us total 60.843ms
08-05 00:38:59.789 31419 31894 I art     : Starting a blocking GC Explicit
08-05 00:38:59.850 31419 31894 I art     : Explicit concurrent mark sweep GC freed 3(96B) AllocSpace objects, 0(0B) LOS objects, 29% free, 37MB/53MB, paused 409us total 60.637ms
08-05 00:39:00.029   918   937 W ProcessCpuTracker: Skipping unknown process pid 32748
08-05 00:39:00.146 31419 31630 I art     : Starting a blocking GC Explicit
08-05 00:39:00.208 31419 31630 I art     : Explicit concurrent mark sweep GC freed 1293(75KB) AllocSpace objects, 1(20KB) LOS objects, 29% free, 37MB/53MB, paused 387us total 61.288ms
08-05 00:39:00.227 31419 31630 I art     : Starting a blocking GC Explicit
08-05 00:39:00.287 31419 31630 I art     : Explicit concurrent mark sweep GC freed 18(624B) AllocSpace objects, 0(0B) LOS objects, 29% free, 37MB/53MB, paused 465us total 59.157ms
08-05 00:39:00.306 31419 31630 I art     : Starting a blocking GC Explicit
08-05 00:39:00.322 32746 32746 D AndroidRuntime: >>>>>> START com.android.internal.os.RuntimeInit uid 2000 <<<<<<
08-05 00:39:00.327 32746 32746 D AndroidRuntime: CheckJNI is OFF
08-05 00:39:00.360 32746 32746 D ICU     : No timezone override file found: /data/misc/zoneinfo/current/icu/icu_tzdata.dat
08-05 00:39:00.362 31419 31630 I art     : Explicit concurrent mark sweep GC freed 3(96B) AllocSpace objects, 0(0B) LOS objects, 29% free, 37MB/53MB, paused 412us total 56.296ms
08-05 00:39:00.381 31419 31630 I art     : Starting a blocking GC Explicit
08-05 00:39:00.396 32746 32746 I Radio-JNI: register_android_hardware_Radio DONE
08-05 00:39:00.419 32746 32746 D AndroidRuntime: Calling main entry com.android.commands.input.Input
08-05 00:39:00.421 32746 32746 I Input   : injectMotionEvent: MotionEvent { action=ACTION_DOWN, actionButton=0, id[0]=0, x[0]=648.0, y[0]=709.0, toolType[0]=TOOL_TYPE_UNKNOWN, buttonState=0, metaState=0, flags=0x0, edgeFlags=0x0, pointerCount=1, historySize=0, eventTime=751156833, downTime=751156833, deviceId=0, source=0x1002 }
08-05 00:39:00.426 32746 32746 I Input   : injectMotionEvent: MotionEvent { action=ACTION_UP, actionButton=0, id[0]=0, x[0]=648.0, y[0]=709.0, toolType[0]=TOOL_TYPE_UNKNOWN, buttonState=0, metaState=0, flags=0x0, edgeFlags=0x0, pointerCount=1, historySize=0, eventTime=751156833, downTime=751156833, deviceId=0, source=0x1002 }
08-05 00:39:00.428 32746 32746 D AndroidRuntime: Shutting down VM
08-05 00:39:00.437 31419 31630 I art     : Explicit concurrent mark sweep GC freed 15(448B) AllocSpace objects, 0(0B) LOS objects, 29% free, 37MB/53MB, paused 409us total 55.502ms
08-05 00:39:00.456 31419 31630 I art     : Starting a blocking GC Explicit
08-05 00:39:00.494   512  2967 D audio_hw_primary: out_set_parameters: enter: usecase(1: low-latency-playback) kvpairs: routing=2
08-05 00:39:00.507   512  2967 D audio_hw_primary: select_devices: out_snd_device(2: speaker) in_snd_device(0: none)
08-05 00:39:00.507   512  2967 D msm8974_platform: platform_send_audio_calibration: sending audio calibration for snd_device(2) acdb_id(15)
08-05 00:39:00.507   512  2967 I soundtrigger: audio_extn_sound_trigger_update_device_status: device 0x2 of type 0 for Event 1
08-05 00:39:00.516 31419 31630 I art     : Explicit concurrent mark sweep GC freed 587(46KB) AllocSpace objects, 1(20KB) LOS objects, 29% free, 37MB/53MB, paused 734us total 60.052ms
08-05 00:39:00.518   512  2967 D audio_hw_primary: enable_snd_device: snd_device(2: speaker)
08-05 00:39:00.520   512  2967 D audio_hw_primary: enable_audio_route: apply and update mixer path: low-latency-playback speaker
08-05 00:39:00.811 31419 31630 I art     : Starting a blocking GC Explicit
08-05 00:39:00.885 31419 31630 I art     : Explicit concurrent mark sweep GC freed 1553(90KB) AllocSpace objects, 1(20KB) LOS objects, 29% free, 37MB/53MB, paused 419us total 73.910ms
08-05 00:39:00.908 31419 31630 I art     : Starting a blocking GC Explicit
08-05 00:39:00.973 31419 31630 I art     : Explicit concurrent mark sweep GC freed 66(2624B) AllocSpace objects, 0(0B) LOS objects, 29% free, 37MB/53MB, paused 465us total 64.867ms
08-05 00:39:00.996 31419 31630 I art     : Starting a blocking GC Explicit
08-05 00:39:01.059   512  2967 D audio_hw_primary: disable_audio_route: reset and update mixer path: low-latency-playback speaker
08-05 00:39:01.061   512  2967 D audio_hw_primary: disable_snd_device: snd_device(2: speaker)
08-05 00:39:01.066 31419 31630 I art     : Explicit concurrent mark sweep GC freed 5(160B) AllocSpace objects, 0(0B) LOS objects, 29% free, 37MB/53MB, paused 357us total 70.064ms
08-05 00:39:01.070   512  2967 I soundtrigger: audio_extn_sound_trigger_update_device_status: device 0x2 of type 0 for Event 0
08-05 00:39:01.090 31419 31630 I art     : Starting a blocking GC Explicit
08-05 00:39:01.163 31419 31630 I art     : Explicit concurrent mark sweep GC freed 3(96B) AllocSpace objects, 0(0B) LOS objects, 29% free, 37MB/53MB, paused 399us total 73.316ms
08-05 00:39:01.186 31419 31630 I art     : Starting a blocking GC Explicit
08-05 00:39:01.262 31419 31630 I art     : Explicit concurrent mark sweep GC freed 5(160B) AllocSpace objects, 0(0B) LOS objects, 29% free, 37MB/53MB, paused 441us total 75.784ms
08-05 00:39:01.589 31419 31630 I art     : Starting a blocking GC Explicit
08-05 00:39:01.668 31419 31630 I art     : Explicit concurrent mark sweep GC freed 1294(75KB) AllocSpace objects, 1(20KB) LOS objects, 29% free, 37MB/53MB, paused 500us total 78.408ms
08-05 00:39:01.687 31419 31630 I art     : Starting a blocking GC Explicit
08-05 00:39:01.742 31419 31630 I art     : Explicit concurrent mark sweep GC freed 20(688B) AllocSpace objects, 0(0B) LOS objects, 29% free, 37MB/53MB, paused 401us total 54.690ms
08-05 00:39:01.761 31419 31630 I art     : Starting a blocking GC Explicit
08-05 00:39:01.817 31419 31630 I art     : Explicit concurrent mark sweep GC freed 3(96B) AllocSpace objects, 0(0B) LOS objects, 29% free, 37MB/53MB, paused 389us total 55.738ms
08-05 00:39:01.835 31419 31630 I art     : Starting a blocking GC Explicit
08-05 00:39:01.893 31419 31630 I art     : Explicit concurrent mark sweep GC freed 3(96B) AllocSpace objects, 0(0B) LOS objects, 29% free, 37MB/53MB, paused 417us total 57.100ms
08-05 00:39:01.912 31419 31630 I art     : Starting a blocking GC Explicit
08-05 00:39:01.969 31419 31630 I art     : Explicit concurrent mark sweep GC freed 3(96B) AllocSpace objects, 0(0B) LOS objects, 29% free, 37MB/53MB, paused 399us total 57.126ms
08-05 00:39:02.087   368   368 D AndroidRuntime: >>>>>> START com.android.internal.os.RuntimeInit uid 2000 <<<<<<
08-05 00:39:02.093   368   368 D AndroidRuntime: CheckJNI is OFF
08-05 00:39:02.129   368   368 D ICU     : No timezone override file found: /data/misc/zoneinfo/current/icu/icu_tzdata.dat
08-05 00:39:02.165   368   368 I Radio-JNI: register_android_hardware_Radio DONE
08-05 00:39:02.188   368   368 D AndroidRuntime: Calling main entry com.android.commands.input.Input
08-05 00:39:02.191   368   368 I Input   : injectMotionEvent: MotionEvent { action=ACTION_DOWN, actionButton=0, id[0]=0, x[0]=1197.0, y[0]=1456.0, toolType[0]=TOOL_TYPE_UNKNOWN, buttonState=0, metaState=0, flags=0x0, edgeFlags=0x0, pointerCount=1, historySize=0, eventTime=751158603, downTime=751158603, deviceId=0, source=0x1002 }
08-05 00:39:02.198   368   368 I Input   : injectMotionEvent: MotionEvent { action=ACTION_UP, actionButton=0, id[0]=0, x[0]=1197.0, y[0]=1456.0, toolType[0]=TOOL_TYPE_UNKNOWN, buttonState=0, metaState=0, flags=0x0, edgeFlags=0x0, pointerCount=1, historySize=0, eventTime=751158603, downTime=751158603, deviceId=0, source=0x1002 }
08-05 00:39:02.200   368   368 D AndroidRuntime: Shutting down VM
08-05 00:39:02.214   512  2967 D audio_hw_primary: out_set_parameters: enter: usecase(1: low-latency-playback) kvpairs: routing=2
08-05 00:39:02.228   512  2967 D audio_hw_primary: select_devices: out_snd_device(2: speaker) in_snd_device(0: none)
08-05 00:39:02.228   512  2967 D msm8974_platform: platform_send_audio_calibration: sending audio calibration for snd_device(2) acdb_id(15)
08-05 00:39:02.228   512  2967 I soundtrigger: audio_extn_sound_trigger_update_device_status: device 0x2 of type 0 for Event 1
08-05 00:39:02.244   512  2967 D audio_hw_primary: enable_snd_device: snd_device(2: speaker)
08-05 00:39:02.246   512  2967 D audio_hw_primary: enable_audio_route: apply and update mixer path: low-latency-playback speaker
08-05 00:39:02.267 31419 31434 D OpenGLRenderer: endAllStagingAnimators on 0x7f995d1c00 (RippleDrawable) with handle 0x7f77c069e0
08-05 00:39:02.273 31419 31419 I SettingsManager: Setting string: savedCourse
08-05 00:39:02.274   918  4400 W BackupManagerService: dataChanged but no participant pkg='baseline.com.ak.uobtimetable' uid=10684
08-05 00:39:02.274   918  6110 I ActivityManager: START u0 {flg=0x4000000 cmp=baseline.com.ak.uobtimetable/.MainActivity (has extras)} from uid 10684 on display 0
08-05 00:39:02.286   918  3359 W InputMethodManagerService: Focus gain on non-focused client com.android.internal.view.IInputMethodClient$Stub$Proxy@747b4ed (uid=10684 pid=31419)
08-05 00:39:02.290 31419 31630 I art     : Starting a blocking GC Explicit
08-05 00:39:02.298 31419 31419 D MainActivity: OnDestroy
08-05 00:39:02.321 31419 31419 D MainActivity: onCreate
08-05 00:39:02.321 31419 31419 I SettingsManager: Getting string: savedSessions
08-05 00:39:02.321 31419 31419 I SettingsManager: Getting string: savedSessions
08-05 00:39:02.329 31419 31419 I SettingsManager: Getting string: savedSessionsCourseName
08-05 00:39:02.329 31419 31419 I SettingsManager: Getting string: savedSessionsCourseName
08-05 00:39:02.329 31419 31419 I SettingsManager: Getting string: savedSessionsDateRange
08-05 00:39:02.329 31419 31419 I SettingsManager: Getting string: savedSessionsDateRange
08-05 00:39:02.329 31419 31419 I Settings: 15 saved sessions - Artificial Intelligence and Robotics (with Foundation Year) - BSc (Hons) - Ltn - Y0 Feb FT - Weeks: 24-38 (8 Jun 2020-20 Sep 2020)
08-05 00:39:02.359 31419 31630 I art     : Explicit concurrent mark sweep GC freed 12944(614KB) AllocSpace objects, 1(20KB) LOS objects, 29% free, 38MB/54MB, paused 678us total 68.457ms
08-05 00:39:02.362 31419 31419 I SettingsManager: Getting string: savedCourse
08-05 00:39:02.363 31419 31419 D MainActivity: sessionListFragmentArg: updateSessions
08-05 00:39:02.363 31419 31419 D MainActivity: showTermDatesConfigChange: false
08-05 00:39:02.363 31419 31419 D MainActivity: showTermDatesShortcut: false
08-05 00:39:02.363 31419 31419 D MainActivity: Setting initial fragment: SessionListsFragment
08-05 00:39:02.364 31419 31419 I SettingsManager: Getting int: launchCount
08-05 00:39:02.365 31419 31419 D SessionListsFragment: onCreateView
08-05 00:39:02.371 31419 31419 I SettingsManager: Getting string: savedCourse
08-05 00:39:02.375 31419 31419 I SettingsManager: Getting string: savedSessions
08-05 00:39:02.379 31419 31630 I art     : Starting a blocking GC Explicit
08-05 00:39:02.384 31419 31419 D SessionListsFragment: loadArgument: updateSessions
08-05 00:39:02.384 31419 31419 D SessionListsFragment: initialIndex: -1
08-05 00:39:02.386 31419   429 D HTTP    : Request for: https://uob-timetable-api.adriankeenan.co.uk/sessions?dept=CM010&course=BSAIFAAF%2F02AA%2F0%2FFT&level=Foundation+Year
08-05 00:39:02.398 31419 31419 D TermDatesFragment: WebView loaded
08-05 00:39:02.398 31419 31419 D MainActivity: OnResume
08-05 00:39:02.405 31419 31419 I TermDatesFragment: Webview load %: 10
08-05 00:39:02.443 31419 31630 I art     : Explicit concurrent mark sweep GC freed 10683(519KB) AllocSpace objects, 3(1380KB) LOS objects, 29% free, 37MB/53MB, paused 740us total 63.667ms
08-05 00:39:02.461 31419 31630 I art     : Starting a blocking GC Explicit
08-05 00:39:02.499 13866 13866 I GoogleInputMethodServic: GoogleInputMethodService.onFinishInput():3138 
08-05 00:39:02.499 13866 13866 I GoogleInputMethodServic: GoogleInputMethodService.onStartInput():1808 
08-05 00:39:02.501   918   936 I ActivityManager: Displayed baseline.com.ak.uobtimetable/.MainActivity: +214ms
08-05 00:39:02.515 31419 31630 I art     : Explicit concurrent mark sweep GC freed 38350(1686KB) AllocSpace objects, 5(192KB) LOS objects, 30% free, 36MB/52MB, paused 955us total 53.074ms
08-05 00:39:02.531 31419 31630 I art     : Starting a blocking GC Explicit
08-05 00:39:02.576 31419 31630 I art     : Explicit concurrent mark sweep GC freed 2583(136KB) AllocSpace objects, 2(120KB) LOS objects, 30% free, 36MB/52MB, paused 543us total 44.538ms
08-05 00:39:02.588 31419 31419 I TermDatesFragment: Webview load %: 70
08-05 00:39:02.593 31419 31630 I art     : Starting a blocking GC Explicit
08-05 00:39:02.604 31419 31419 I TermDatesFragment: Webview load %: 100
08-05 00:39:02.604 31419 31419 I TermDatesFragment: Webview load %: 100
08-05 00:39:02.611 31419   429 I NAPPA_EXPERIMENTATION: MetricNetworkRequestExecutionTime: REQUEST_DURATION_SYSTEM='224',REQUEST_DURATION_OKHTTP='58',REQUEST_SYNCHRONOUS='TRUE',RESPONSE_CODE='200',RESPONSE_METHOD='GET',RESPONSE_LENGTH_OKHTTP='-1',RESPONSE_LENGTH_HEADER='1214',REQUEST_PROTOCOL='http/1.1',REQUEST_URL='https://uob-timetable-api.adriankeenan.co.uk/sessions?dept=CM010&course=BSAIFAAF%2F02AA%2F0%2FFT&level=Foundation+Year',
08-05 00:39:02.638 31419 31630 I art     : Explicit concurrent mark sweep GC freed 1200(139KB) AllocSpace objects, 1(80KB) LOS objects, 30% free, 36MB/52MB, paused 423us total 44.800ms
08-05 00:39:02.651 31419   429 I HTTP    : Response was compressed.
08-05 00:39:02.665 31419   429 I Service : getSessions response time: 1.10
08-05 00:39:02.665 31419 31419 I SettingsManager: Getting string: savedSessions
08-05 00:39:02.666 31419 31419 I SettingsManager: Getting string: savedSessions
08-05 00:39:02.674 31419 31419 I Service : Sessions updated: 15
08-05 00:39:02.674 31419 31419 I Service : Sessions removed from new list: 0
08-05 00:39:02.681 31419 31419 I SettingsManager: Setting string: savedSessions
08-05 00:39:02.681   918  6029 W BackupManagerService: dataChanged but no participant pkg='baseline.com.ak.uobtimetable' uid=10684
08-05 00:39:02.681 31419 31419 I SettingsManager: Setting date: savedSessionsTime
08-05 00:39:02.689   918  4400 W BackupManagerService: dataChanged but no participant pkg='baseline.com.ak.uobtimetable' uid=10684
08-05 00:39:02.689 31419 31419 I SettingsManager: Setting string: savedSessionsCourseName
08-05 00:39:02.689   918  6110 W BackupManagerService: dataChanged but no participant pkg='baseline.com.ak.uobtimetable' uid=10684
08-05 00:39:02.689 31419 31419 I SettingsManager: Setting string: savedSessionsDateRange
08-05 00:39:02.690   918  3359 W BackupManagerService: dataChanged but no participant pkg='baseline.com.ak.uobtimetable' uid=10684
08-05 00:39:02.690 31419 31419 I SettingsManager: Setting string: timetableUrl
08-05 00:39:02.690   918  5481 W BackupManagerService: dataChanged but no participant pkg='baseline.com.ak.uobtimetable' uid=10684
08-05 00:39:02.690 31419 31419 I SettingsManager: Getting boolean: notifySessionRemindersEnabled
08-05 00:39:02.690 31419 31419 I SettingsManager: Getting int: notifySessionRemindersMinutes
08-05 00:39:02.690 31419 31419 I SettingsManager: Getting boolean: showHiddenSessions
08-05 00:39:02.692 31419 31419 I SessionReminderNotifier: Created session reminder alarm for f7b4771250a919bd729c1c5a4a459c77 at Mon 08:30:00 10/08/20
08-05 00:39:02.693 31419 31419 I SessionReminderNotifier: Created session reminder alarm for a7f879aabdeb78622c8820a5fb7b64cd at Tue 08:30:00 11/08/20
08-05 00:39:02.694 31419 31419 I SessionReminderNotifier: Created session reminder alarm for 7bc8d7e2c2055711f597c3d9078c6ea3 at Tue 08:30:00 11/08/20
08-05 00:39:02.696 31419 31419 I SessionReminderNotifier: Created session reminder alarm for 53c0527a6f009a1f2fd223834d3bfe51 at Tue 10:30:00 11/08/20
08-05 00:39:02.697 31419 31419 I SessionReminderNotifier: Created session reminder alarm for e0fc978b5db8218778540b4053344581 at Tue 11:00:00 11/08/20
08-05 00:39:02.698 31419 31419 I SessionReminderNotifier: Created session reminder alarm for 199afb0100f329ff65a09e1b0cd9deba at Tue 11:30:00 11/08/20
08-05 00:39:02.700 31419 31419 I SessionReminderNotifier: Created session reminder alarm for 21712fef61090882c855a1425543edb5 at Tue 13:30:00 11/08/20
08-05 00:39:02.701 31419 31419 I SessionReminderNotifier: Created session reminder alarm for 65ca4d97f031f29a4d02bbb45a705d8f at Wed 08:30:00 05/08/20
08-05 00:39:02.702 31419 31419 I SessionReminderNotifier: Created session reminder alarm for eeda7741b0bcab58fd9f46dc6ef1d942 at Wed 08:30:00 05/08/20
08-05 00:39:02.703 31419 31419 I SessionReminderNotifier: Created session reminder alarm for c276c1b2075a0beb67f1b3d1e580f920 at Wed 11:00:00 05/08/20
08-05 00:39:02.704 31419 31419 I SessionReminderNotifier: Created session reminder alarm for 8b1f3627e42ae13a6f6ba0a83903dde1 at Wed 13:30:00 05/08/20
08-05 00:39:02.705 31419 31419 I SessionReminderNotifier: Created session reminder alarm for 79fe0b5c3b887a13ba29db5a33fa2800 at Thu 08:30:00 06/08/20
08-05 00:39:02.707 31419 31419 I SessionReminderNotifier: Created session reminder alarm for cb9dfc8231cdba2be0835dc5709690e1 at Thu 08:30:00 06/08/20
08-05 00:39:02.708 31419 31419 I SessionReminderNotifier: Created session reminder alarm for f850dc24d6de60b7b89fa9e1a8c224c5 at Thu 12:00:00 06/08/20
08-05 00:39:02.709 31419 31419 I SessionReminderNotifier: Created session reminder alarm for 2ba1034116e4fffdd592dbf0796a43d5 at Fri 08:30:00 07/08/20
08-05 00:39:02.709 31419 31419 I SettingsManager: Getting boolean: showHiddenSessions
08-05 00:39:02.709 31419 31419 D SessionListsFragment: 1 sessions for day 0
08-05 00:39:02.709 31419 31419 D SessionListsFragment: 6 sessions for day 1
08-05 00:39:02.709 31419 31419 D SessionListsFragment: 4 sessions for day 2
08-05 00:39:02.710 31419 31419 D SessionListsFragment: 3 sessions for day 3
08-05 00:39:02.710 31419 31419 D SessionListsFragment: 1 sessions for day 4
08-05 00:39:02.745 31419 31419 I SettingsManager: Getting boolean: showHiddenSessions
08-05 00:39:02.746 31419 31419 D SessionListsFragment: Refreshed ViewPager
08-05 00:39:02.746 31419 31419 I SettingsManager: Getting boolean: showHiddenSessions
08-05 00:39:02.747 31419 31419 I SettingsManager: Getting boolean: completedTutorial
08-05 00:39:02.747 31419 31419 I SettingsManager: Getting boolean: showHiddenSessions
08-05 00:39:02.747 31419 31419 I SettingsManager: Getting date: savedSessionsTime
08-05 00:39:02.780   512  2967 D audio_hw_primary: disable_audio_route: reset and update mixer path: low-latency-playback speaker
08-05 00:39:02.782   512  2967 D audio_hw_primary: disable_snd_device: snd_device(2: speaker)
08-05 00:39:02.789   512  2967 I soundtrigger: audio_extn_sound_trigger_update_device_status: device 0x2 of type 0 for Event 0
08-05 00:39:02.908 31419 31630 I art     : Starting a blocking GC Explicit
08-05 00:39:02.982 31419 31630 I art     : Explicit concurrent mark sweep GC freed 112216(4MB) AllocSpace objects, 4(72KB) LOS objects, 30% free, 37MB/53MB, paused 1.933ms total 74.168ms
08-05 00:39:03.002 31419 31630 I art     : Starting a blocking GC Explicit
08-05 00:39:03.060 31419 31630 I art     : Explicit concurrent mark sweep GC freed 39392(1690KB) AllocSpace objects, 0(0B) LOS objects, 30% free, 37MB/53MB, paused 1.105ms total 57.899ms
08-05 00:39:03.077 31419 31630 I art     : Starting a blocking GC Explicit
08-05 00:39:03.138 31419 31630 I art     : Explicit concurrent mark sweep GC freed 37142(1539KB) AllocSpace objects, 0(0B) LOS objects, 30% free, 37MB/53MB, paused 1.175ms total 60.144ms
08-05 00:39:03.156 31419 31630 I art     : Starting a blocking GC Explicit
08-05 00:39:03.218 31419 31630 I art     : Explicit concurrent mark sweep GC freed 33161(1374KB) AllocSpace objects, 0(0B) LOS objects, 29% free, 37MB/53MB, paused 1.214ms total 62.301ms
08-05 00:39:03.237 31419 31630 I art     : Starting a blocking GC Explicit
08-05 00:39:03.301 31419 31630 I art     : Explicit concurrent mark sweep GC freed 35230(1451KB) AllocSpace objects, 0(0B) LOS objects, 29% free, 37MB/53MB, paused 1.181ms total 64.104ms
08-05 00:39:03.301 31419 31429 I art     : WaitForGcToComplete blocked for 40.383ms for cause HeapTrim
08-05 00:39:03.404 31419 31419 I Choreographer: Skipped 38 frames!  The application may be doing too much work on its main thread.
08-05 00:39:03.611 31419 31430 I art     : Starting a blocking GC Explicit
08-05 00:39:03.689 31419 31430 I art     : Explicit concurrent mark sweep GC freed 49839(2MB) AllocSpace objects, 1(20KB) LOS objects, 29% free, 37MB/53MB, paused 451us total 77.519ms
08-05 00:39:03.710 31419 31430 I art     : Starting a blocking GC Explicit
08-05 00:39:03.758 31419 31430 I art     : Explicit concurrent mark sweep GC freed 122983(11MB) AllocSpace objects, 3(136KB) LOS objects, 37% free, 26MB/42MB, paused 421us total 47.451ms
08-05 00:39:03.771 31419 31430 I art     : Starting a blocking GC Explicit
08-05 00:39:03.803 31419 31430 I art     : Explicit concurrent mark sweep GC freed 3(96B) AllocSpace objects, 0(0B) LOS objects, 37% free, 26MB/42MB, paused 410us total 32.206ms
08-05 00:39:03.815 31419 31430 I art     : Starting a blocking GC Explicit
08-05 00:39:03.848 31419 31430 I art     : Explicit concurrent mark sweep GC freed 3(96B) AllocSpace objects, 0(0B) LOS objects, 37% free, 26MB/42MB, paused 417us total 33.170ms
08-05 00:39:03.861 31419 31430 I art     : Starting a blocking GC Explicit
08-05 00:39:03.896 31419 31430 I art     : Explicit concurrent mark sweep GC freed 3(96B) AllocSpace objects, 0(0B) LOS objects, 37% free, 26MB/42MB, paused 420us total 34.910ms
08-05 00:39:04.247 31419 31431 I art     : Starting a blocking GC Explicit
08-05 00:39:04.292 31419 31431 I art     : Explicit concurrent mark sweep GC freed 1294(75KB) AllocSpace objects, 1(20KB) LOS objects, 37% free, 26MB/42MB, paused 410us total 44.888ms
08-05 00:39:04.305 31419 31431 I art     : Starting a blocking GC Explicit
08-05 00:39:04.340 31419 31431 I art     : Explicit concurrent mark sweep GC freed 25(928B) AllocSpace objects, 0(0B) LOS objects, 37% free, 26MB/42MB, paused 405us total 34.613ms
08-05 00:39:04.354 31419 31431 I art     : Starting a blocking GC Explicit
08-05 00:39:04.388 31419 31431 I art     : Explicit concurrent mark sweep GC freed 32(1088B) AllocSpace objects, 0(0B) LOS objects, 37% free, 26MB/42MB, paused 401us total 33.298ms
08-05 00:39:04.400 31419 31431 I art     : Starting a blocking GC Explicit
08-05 00:39:04.433 31419 31431 I art     : Explicit concurrent mark sweep GC freed 30(976B) AllocSpace objects, 0(0B) LOS objects, 37% free, 26MB/42MB, paused 483us total 32.927ms
08-05 00:39:04.446 31419 31431 I art     : Starting a blocking GC Explicit
08-05 00:39:04.477 31419 31431 I art     : Explicit concurrent mark sweep GC freed 28(896B) AllocSpace objects, 0(0B) LOS objects, 37% free, 26MB/42MB, paused 399us total 31.016ms
08-05 00:39:04.800 31419 31430 I art     : Starting a blocking GC Explicit
08-05 00:39:04.852 31419 31430 I art     : Explicit concurrent mark sweep GC freed 1361(77KB) AllocSpace objects, 1(20KB) LOS objects, 37% free, 26MB/42MB, paused 461us total 51.079ms
08-05 00:39:04.868 31419 31430 I art     : Starting a blocking GC Explicit
08-05 00:39:04.904 31419 31430 I art     : Explicit concurrent mark sweep GC freed 18(624B) AllocSpace objects, 0(0B) LOS objects, 37% free, 26MB/42MB, paused 429us total 35.338ms
08-05 00:39:04.917 31419 31430 I art     : Starting a blocking GC Explicit
08-05 00:39:04.954 31419 31430 I art     : Explicit concurrent mark sweep GC freed 3(96B) AllocSpace objects, 0(0B) LOS objects, 37% free, 26MB/42MB, paused 429us total 36.423ms
08-05 00:39:04.967 31419 31430 I art     : Starting a blocking GC Explicit
08-05 00:39:05.002 31419 31430 I art     : Explicit concurrent mark sweep GC freed 3(96B) AllocSpace objects, 0(0B) LOS objects, 37% free, 26MB/42MB, paused 423us total 35.216ms
08-05 00:39:05.015 31419 31430 I art     : Starting a blocking GC Explicit
08-05 00:39:05.050 31419 31430 I art     : Explicit concurrent mark sweep GC freed 3(96B) AllocSpace objects, 0(0B) LOS objects, 37% free, 26MB/42MB, paused 405us total 35.355ms
08-05 00:39:05.217   918  1210 D NetlinkSocketObserver: NeighborEvent{elapsedMs=1734549092, 192.168.2.254, [7C3953A63323], RTM_NEWNEIGH, NUD_PROBE}
08-05 00:39:05.388 31419 31894 I art     : Starting a blocking GC Explicit
08-05 00:39:05.431 31419 31894 I art     : Explicit concurrent mark sweep GC freed 1293(75KB) AllocSpace objects, 1(20KB) LOS objects, 37% free, 26MB/42MB, paused 477us total 42.538ms
08-05 00:39:05.444 31419 31894 I art     : Starting a blocking GC Explicit
08-05 00:39:05.480 31419 31894 I art     : Explicit concurrent mark sweep GC freed 18(624B) AllocSpace objects, 0(0B) LOS objects, 37% free, 26MB/42MB, paused 423us total 35.471ms
08-05 00:39:05.493 31419 31894 I art     : Starting a blocking GC Explicit
08-05 00:39:05.529 31419 31894 I art     : Explicit concurrent mark sweep GC freed 3(96B) AllocSpace objects, 0(0B) LOS objects, 37% free, 26MB/42MB, paused 428us total 35.624ms
08-05 00:39:05.542 31419 31894 I art     : Starting a blocking GC Explicit
08-05 00:39:05.577 31419 31894 I art     : Explicit concurrent mark sweep GC freed 3(96B) AllocSpace objects, 0(0B) LOS objects, 37% free, 26MB/42MB, paused 509us total 35.656ms
08-05 00:39:05.590 31419 31894 I art     : Starting a blocking GC Explicit
08-05 00:39:05.627 31419 31894 I art     : Explicit concurrent mark sweep GC freed 3(96B) AllocSpace objects, 0(0B) LOS objects, 37% free, 26MB/42MB, paused 425us total 35.981ms
08-05 00:39:05.960 31419 31431 I art     : Starting a blocking GC Explicit
08-05 00:39:06.005 31419 31431 I art     : Explicit concurrent mark sweep GC freed 1293(75KB) AllocSpace objects, 1(20KB) LOS objects, 37% free, 26MB/42MB, paused 441us total 45.010ms
08-05 00:39:06.021 31419 31431 I art     : Starting a blocking GC Explicit
08-05 00:39:06.057 31419 31431 I art     : Explicit concurrent mark sweep GC freed 18(624B) AllocSpace objects, 0(0B) LOS objects, 37% free, 26MB/42MB, paused 473us total 36.244ms
08-05 00:39:06.070 31419 31431 I art     : Starting a blocking GC Explicit
08-05 00:39:06.106 31419 31431 I art     : Explicit concurrent mark sweep GC freed 3(96B) AllocSpace objects, 0(0B) LOS objects, 37% free, 26MB/42MB, paused 420us total 35.496ms
08-05 00:39:06.118 31419 31431 I art     : Starting a blocking GC Explicit
08-05 00:39:06.154 31419 31431 I art     : Explicit concurrent mark sweep GC freed 3(96B) AllocSpace objects, 0(0B) LOS objects, 37% free, 26MB/42MB, paused 405us total 35.060ms
08-05 00:39:06.166 31419 31431 I art     : Starting a blocking GC Explicit
08-05 00:39:06.202 31419 31431 I art     : Explicit concurrent mark sweep GC freed 3(96B) AllocSpace objects, 0(0B) LOS objects, 37% free, 26MB/42MB, paused 428us total 35.605ms
08-05 00:39:06.516 31419 31430 I art     : Starting a blocking GC Explicit
08-05 00:39:06.554 31419 31430 I art     : Explicit concurrent mark sweep GC freed 1306(76KB) AllocSpace objects, 1(20KB) LOS objects, 37% free, 26MB/42MB, paused 411us total 37.525ms
08-05 00:39:06.568 31419 31430 I art     : Starting a blocking GC Explicit
08-05 00:39:06.602 31419 31430 I art     : Explicit concurrent mark sweep GC freed 21(672B) AllocSpace objects, 0(0B) LOS objects, 37% free, 26MB/42MB, paused 372us total 33.853ms
08-05 00:39:06.614 31419 31430 I art     : Starting a blocking GC Explicit
08-05 00:39:06.646 31419 31430 I art     : Explicit concurrent mark sweep GC freed 28(1120B) AllocSpace objects, 0(0B) LOS objects, 37% free, 26MB/42MB, paused 408us total 31.662ms
08-05 00:39:06.658 31419 31430 I art     : Starting a blocking GC Explicit
08-05 00:39:06.689 31419 31430 I art     : Explicit concurrent mark sweep GC freed 35(864B) AllocSpace objects, 0(0B) LOS objects, 37% free, 26MB/42MB, paused 430us total 30.720ms
08-05 00:39:06.701 31419 31430 I art     : Starting a blocking GC Explicit
08-05 00:39:06.731 31419 31430 I art     : Explicit concurrent mark sweep GC freed 26(976B) AllocSpace objects, 0(0B) LOS objects, 37% free, 26MB/42MB, paused 404us total 30.247ms
08-05 00:39:06.871   559   559 D AndroidRuntime: >>>>>> START com.android.internal.os.RuntimeInit uid 2000 <<<<<<
08-05 00:39:06.877   559   559 D AndroidRuntime: CheckJNI is OFF
08-05 00:39:06.911   559   559 D ICU     : No timezone override file found: /data/misc/zoneinfo/current/icu/icu_tzdata.dat
08-05 00:39:06.943   559   559 I Radio-JNI: register_android_hardware_Radio DONE
08-05 00:39:06.964   559   559 D AndroidRuntime: Calling main entry com.android.commands.input.Input
08-05 00:39:06.966   559   559 I Input   : injectMotionEvent: MotionEvent { action=ACTION_DOWN, actionButton=0, id[0]=0, x[0]=81.0, y[0]=176.0, toolType[0]=TOOL_TYPE_UNKNOWN, buttonState=0, metaState=0, flags=0x0, edgeFlags=0x0, pointerCount=1, historySize=0, eventTime=751163379, downTime=751163379, deviceId=0, source=0x1002 }
08-05 00:39:06.970   559   559 I Input   : injectMotionEvent: MotionEvent { action=ACTION_UP, actionButton=0, id[0]=0, x[0]=81.0, y[0]=176.0, toolType[0]=TOOL_TYPE_UNKNOWN, buttonState=0, metaState=0, flags=0x0, edgeFlags=0x0, pointerCount=1, historySize=0, eventTime=751163379, downTime=751163379, deviceId=0, source=0x1002 }
08-05 00:39:06.972   559   559 D AndroidRuntime: Shutting down VM
08-05 00:39:06.985   512  2967 D audio_hw_primary: out_set_parameters: enter: usecase(1: low-latency-playback) kvpairs: routing=2
08-05 00:39:06.998   512  2967 D audio_hw_primary: select_devices: out_snd_device(2: speaker) in_snd_device(0: none)
08-05 00:39:06.998   512  2967 D msm8974_platform: platform_send_audio_calibration: sending audio calibration for snd_device(2) acdb_id(15)
08-05 00:39:06.998   512  2967 I soundtrigger: audio_extn_sound_trigger_update_device_status: device 0x2 of type 0 for Event 1
08-05 00:39:07.011   512  2967 D audio_hw_primary: enable_snd_device: snd_device(2: speaker)
08-05 00:39:07.013   512  2967 D audio_hw_primary: enable_audio_route: apply and update mixer path: low-latency-playback speaker
08-05 00:39:07.019 13866 13866 I GoogleInputMethodServic: GoogleInputMethodService.onFinishInput():3138 
08-05 00:39:07.020 13866 13866 I GoogleInputMethodServic: GoogleInputMethodService.onStartInput():1808 
08-05 00:39:07.029 31419 31630 I art     : Starting a blocking GC Explicit
08-05 00:39:07.065 31419 31630 I art     : Explicit concurrent mark sweep GC freed 1493(87KB) AllocSpace objects, 1(20KB) LOS objects, 37% free, 26MB/42MB, paused 427us total 35.399ms
08-05 00:39:07.078 31419 31630 I art     : Starting a blocking GC Explicit
08-05 00:39:07.113 31419 31630 I art     : Explicit concurrent mark sweep GC freed 387(19KB) AllocSpace objects, 0(0B) LOS objects, 37% free, 26MB/42MB, paused 460us total 35.273ms
08-05 00:39:07.126 31419 31630 I art     : Starting a blocking GC Explicit
08-05 00:39:07.159 31419 31630 I art     : Explicit concurrent mark sweep GC freed 7(384B) AllocSpace objects, 0(0B) LOS objects, 37% free, 26MB/42MB, paused 431us total 32.319ms
08-05 00:39:07.170 31419 31630 I art     : Starting a blocking GC Explicit
08-05 00:39:07.202 31419 31630 I art     : Explicit concurrent mark sweep GC freed 3(96B) AllocSpace objects, 0(0B) LOS objects, 37% free, 26MB/42MB, paused 405us total 31.876ms
08-05 00:39:07.215 31419 31630 I art     : Starting a blocking GC Explicit
08-05 00:39:07.247 31419 31630 I art     : Explicit concurrent mark sweep GC freed 5(160B) AllocSpace objects, 0(0B) LOS objects, 37% free, 26MB/42MB, paused 419us total 32.150ms
08-05 00:39:07.526 31419 31430 I art     : Starting a blocking GC Explicit
08-05 00:39:07.560   512  2967 D audio_hw_primary: disable_audio_route: reset and update mixer path: low-latency-playback speaker
08-05 00:39:07.561 31419 31430 I art     : Explicit concurrent mark sweep GC freed 1302(75KB) AllocSpace objects, 1(20KB) LOS objects, 37% free, 26MB/42MB, paused 404us total 34.799ms
08-05 00:39:07.561   512  2967 D audio_hw_primary: disable_snd_device: snd_device(2: speaker)
08-05 00:39:07.572   512  2967 I soundtrigger: audio_extn_sound_trigger_update_device_status: device 0x2 of type 0 for Event 0
08-05 00:39:07.574 31419 31430 I art     : Starting a blocking GC Explicit
08-05 00:39:07.605 31419 31430 I art     : Explicit concurrent mark sweep GC freed 20(688B) AllocSpace objects, 0(0B) LOS objects, 37% free, 26MB/42MB, paused 373us total 30.989ms
08-05 00:39:07.617 31419 31430 I art     : Starting a blocking GC Explicit
08-05 00:39:07.650 31419 31430 I art     : Explicit concurrent mark sweep GC freed 3(96B) AllocSpace objects, 0(0B) LOS objects, 37% free, 26MB/42MB, paused 412us total 32.698ms
08-05 00:39:07.662 31419 31430 I art     : Starting a blocking GC Explicit
08-05 00:39:07.696 31419 31430 I art     : Explicit concurrent mark sweep GC freed 3(96B) AllocSpace objects, 0(0B) LOS objects, 37% free, 26MB/42MB, paused 402us total 33.824ms
08-05 00:39:07.708 31419 31430 I art     : Starting a blocking GC Explicit
08-05 00:39:07.743 31419 31430 I art     : Explicit concurrent mark sweep GC freed 5(160B) AllocSpace objects, 0(0B) LOS objects, 37% free, 26MB/42MB, paused 461us total 34.325ms
08-05 00:39:08.049 31419 31894 I art     : Starting a blocking GC Explicit
08-05 00:39:08.094 31419 31894 I art     : Explicit concurrent mark sweep GC freed 1293(75KB) AllocSpace objects, 1(20KB) LOS objects, 37% free, 26MB/42MB, paused 458us total 45.102ms
08-05 00:39:08.110 31419 31894 I art     : Starting a blocking GC Explicit
08-05 00:39:08.147 31419 31894 I art     : Explicit concurrent mark sweep GC freed 18(624B) AllocSpace objects, 0(0B) LOS objects, 37% free, 26MB/42MB, paused 425us total 35.912ms
08-05 00:39:08.159 31419 31894 I art     : Starting a blocking GC Explicit
08-05 00:39:08.196 31419 31894 I art     : Explicit concurrent mark sweep GC freed 3(96B) AllocSpace objects, 0(0B) LOS objects, 37% free, 26MB/42MB, paused 386us total 36.107ms
08-05 00:39:08.209 31419 31894 I art     : Starting a blocking GC Explicit
08-05 00:39:08.243 31419 31894 I art     : Explicit concurrent mark sweep GC freed 3(96B) AllocSpace objects, 0(0B) LOS objects, 37% free, 26MB/42MB, paused 416us total 34.047ms
08-05 00:39:08.255 31419 31894 I art     : Starting a blocking GC Explicit
08-05 00:39:08.288 31419 31894 I art     : Explicit concurrent mark sweep GC freed 3(96B) AllocSpace objects, 0(0B) LOS objects, 37% free, 26MB/42MB, paused 449us total 32.612ms
08-05 00:39:08.569 31419 31431 I art     : Starting a blocking GC Explicit
08-05 00:39:08.605 31419 31431 I art     : Explicit concurrent mark sweep GC freed 1293(75KB) AllocSpace objects, 1(20KB) LOS objects, 37% free, 26MB/42MB, paused 446us total 35.135ms
08-05 00:39:08.618   680   680 D AndroidRuntime: >>>>>> START com.android.internal.os.RuntimeInit uid 2000 <<<<<<
08-05 00:39:08.618 31419 31431 I art     : Starting a blocking GC Explicit
08-05 00:39:08.622   680   680 D AndroidRuntime: CheckJNI is OFF
08-05 00:39:08.651 31419 31431 I art     : Explicit concurrent mark sweep GC freed 21(720B) AllocSpace objects, 0(0B) LOS objects, 37% free, 26MB/42MB, paused 424us total 33.381ms
08-05 00:39:08.658   680   680 D ICU     : No timezone override file found: /data/misc/zoneinfo/current/icu/icu_tzdata.dat
08-05 00:39:08.664 31419 31431 I art     : Starting a blocking GC Explicit
08-05 00:39:08.691   680   680 I Radio-JNI: register_android_hardware_Radio DONE
08-05 00:39:08.696 31419 31431 I art     : Explicit concurrent mark sweep GC freed 8(256B) AllocSpace objects, 0(0B) LOS objects, 37% free, 26MB/42MB, paused 433us total 31.901ms
08-05 00:39:08.697 31419 31429 I art     : WaitForGcToComplete blocked for 7.531ms for cause HeapTrim
08-05 00:39:08.708 31419 31431 I art     : Waiting for a blocking GC Explicit
08-05 00:39:08.709 31419 31431 I art     : Starting a blocking GC Explicit
08-05 00:39:08.713   680   680 D AndroidRuntime: Calling main entry com.android.commands.input.Input
08-05 00:39:08.714   680   680 I Input   : injectMotionEvent: MotionEvent { action=ACTION_DOWN, actionButton=0, id[0]=0, x[0]=360.0, y[0]=1098.0, toolType[0]=TOOL_TYPE_UNKNOWN, buttonState=0, metaState=0, flags=0x0, edgeFlags=0x0, pointerCount=1, historySize=0, eventTime=751165127, downTime=751165127, deviceId=0, source=0x1002 }
08-05 00:39:08.719   680   680 I Input   : injectMotionEvent: MotionEvent { action=ACTION_UP, actionButton=0, id[0]=0, x[0]=360.0, y[0]=1098.0, toolType[0]=TOOL_TYPE_UNKNOWN, buttonState=0, metaState=0, flags=0x0, edgeFlags=0x0, pointerCount=1, historySize=0, eventTime=751165127, downTime=751165127, deviceId=0, source=0x1002 }
08-05 00:39:08.721   680   680 D AndroidRuntime: Shutting down VM
08-05 00:39:08.735 31419 31419 D MainActivity: NavigationItemSelected: Term dates
08-05 00:39:08.737   512  2967 D audio_hw_primary: out_set_parameters: enter: usecase(1: low-latency-playback) kvpairs: routing=2
08-05 00:39:08.742 31419 31431 I art     : Explicit concurrent mark sweep GC freed 39(1504B) AllocSpace objects, 0(0B) LOS objects, 37% free, 26MB/42MB, paused 404us total 32.336ms
08-05 00:39:08.750   512  2967 D audio_hw_primary: select_devices: out_snd_device(2: speaker) in_snd_device(0: none)
08-05 00:39:08.750   512  2967 D msm8974_platform: platform_send_audio_calibration: sending audio calibration for snd_device(2) acdb_id(15)
08-05 00:39:08.750   512  2967 I soundtrigger: audio_extn_sound_trigger_update_device_status: device 0x2 of type 0 for Event 1
08-05 00:39:08.754 31419 31431 I art     : Starting a blocking GC Explicit
08-05 00:39:08.760   512  2967 D audio_hw_primary: enable_snd_device: snd_device(2: speaker)
08-05 00:39:08.762   512  2967 D audio_hw_primary: enable_audio_route: apply and update mixer path: low-latency-playback speaker
08-05 00:39:08.786 31419 31431 I art     : Explicit concurrent mark sweep GC freed 519(20KB) AllocSpace objects, 0(0B) LOS objects, 37% free, 26MB/42MB, paused 526us total 31.597ms
08-05 00:39:09.053 31419 31430 I art     : Starting a blocking GC Explicit
08-05 00:39:09.095 31419 31430 I art     : Explicit concurrent mark sweep GC freed 1536(92KB) AllocSpace objects, 1(20KB) LOS objects, 37% free, 26MB/42MB, paused 370us total 40.933ms
08-05 00:39:09.109 31419 31430 I art     : Starting a blocking GC Explicit
08-05 00:39:09.145 31419 31430 I art     : Explicit concurrent mark sweep GC freed 23(784B) AllocSpace objects, 0(0B) LOS objects, 37% free, 26MB/42MB, paused 375us total 35.802ms
08-05 00:39:09.158 31419 31430 I art     : Starting a blocking GC Explicit
08-05 00:39:09.171 13866 13866 I GoogleInputMethodServic: GoogleInputMethodService.onFinishInput():3138 
08-05 00:39:09.172 13866 13866 I GoogleInputMethodServic: GoogleInputMethodService.onStartInput():1808 
08-05 00:39:09.190 31419 31430 I art     : Explicit concurrent mark sweep GC freed 34(1248B) AllocSpace objects, 0(0B) LOS objects, 37% free, 26MB/42MB, paused 365us total 32.089ms
08-05 00:39:09.202 31419 31430 I art     : Starting a blocking GC Explicit
08-05 00:39:09.234 31419 31430 I art     : Explicit concurrent mark sweep GC freed 10(320B) AllocSpace objects, 0(0B) LOS objects, 37% free, 26MB/42MB, paused 394us total 31.492ms
08-05 00:39:09.246 31419 31430 I art     : Starting a blocking GC Explicit
08-05 00:39:09.277 31419 31430 I art     : Explicit concurrent mark sweep GC freed 8(256B) AllocSpace objects, 0(0B) LOS objects, 37% free, 26MB/42MB, paused 394us total 31.195ms
08-05 00:39:09.298   512  2967 D audio_hw_primary: disable_audio_route: reset and update mixer path: low-latency-playback speaker
08-05 00:39:09.299   512  2967 D audio_hw_primary: disable_snd_device: snd_device(2: speaker)
08-05 00:39:09.307   512  2967 I soundtrigger: audio_extn_sound_trigger_update_device_status: device 0x2 of type 0 for Event 0
08-05 00:39:09.589 31419 31894 I art     : Starting a blocking GC Explicit
08-05 00:39:09.633 31419 31894 I art     : Explicit concurrent mark sweep GC freed 1335(76KB) AllocSpace objects, 1(20KB) LOS objects, 37% free, 26MB/42MB, paused 459us total 44.093ms
08-05 00:39:09.649 31419 31894 I art     : Starting a blocking GC Explicit
08-05 00:39:09.684 31419 31894 I art     : Explicit concurrent mark sweep GC freed 24(816B) AllocSpace objects, 0(0B) LOS objects, 37% free, 26MB/42MB, paused 430us total 34.674ms
08-05 00:39:09.697 31419 31894 I art     : Starting a blocking GC Explicit
08-05 00:39:09.732 31419 31894 I art     : Explicit concurrent mark sweep GC freed 9(288B) AllocSpace objects, 0(0B) LOS objects, 37% free, 26MB/42MB, paused 426us total 34.839ms
08-05 00:39:09.745 31419 31894 I art     : Starting a blocking GC Explicit
08-05 00:39:09.780 31419 31894 I art     : Explicit concurrent mark sweep GC freed 9(288B) AllocSpace objects, 0(0B) LOS objects, 37% free, 26MB/42MB, paused 401us total 34.504ms
08-05 00:39:09.793 31419 31894 I art     : Starting a blocking GC Explicit
08-05 00:39:09.828 31419 31894 I art     : Explicit concurrent mark sweep GC freed 9(288B) AllocSpace objects, 0(0B) LOS objects, 37% free, 26MB/42MB, paused 400us total 34.255ms
08-05 00:39:10.148 31419 31430 I art     : Starting a blocking GC Explicit
08-05 00:39:10.193 31419 31430 I art     : Explicit concurrent mark sweep GC freed 1337(76KB) AllocSpace objects, 1(20KB) LOS objects, 37% free, 26MB/42MB, paused 395us total 45.472ms
08-05 00:39:10.209 31419 31430 I art     : Starting a blocking GC Explicit
08-05 00:39:10.245 31419 31430 I art     : Explicit concurrent mark sweep GC freed 24(816B) AllocSpace objects, 0(0B) LOS objects, 37% free, 26MB/42MB, paused 376us total 36.172ms
08-05 00:39:10.260 31419 31430 I art     : Starting a blocking GC Explicit
08-05 00:39:10.294 31419 31430 I art     : Explicit concurrent mark sweep GC freed 9(288B) AllocSpace objects, 0(0B) LOS objects, 37% free, 26MB/42MB, paused 366us total 34.018ms
08-05 00:39:10.307 31419 31430 I art     : Starting a blocking GC Explicit
08-05 00:39:10.340 31419 31430 I art     : Explicit concurrent mark sweep GC freed 8(256B) AllocSpace objects, 0(0B) LOS objects, 37% free, 26MB/42MB, paused 481us total 33.473ms
08-05 00:39:10.353 31419 31430 I art     : Starting a blocking GC Explicit
08-05 00:39:10.390 31419 31430 I art     : Explicit concurrent mark sweep GC freed 9(288B) AllocSpace objects, 0(0B) LOS objects, 37% free, 26MB/42MB, paused 607us total 36.313ms
08-05 00:39:10.743 31419 31894 I art     : Starting a blocking GC Explicit
08-05 00:39:10.782 31419 31894 I art     : Explicit concurrent mark sweep GC freed 1355(77KB) AllocSpace objects, 1(20KB) LOS objects, 37% free, 26MB/42MB, paused 391us total 38.512ms
08-05 00:39:10.796 31419 31894 I art     : Starting a blocking GC Explicit
08-05 00:39:10.831 31419 31894 I art     : Explicit concurrent mark sweep GC freed 18(624B) AllocSpace objects, 0(0B) LOS objects, 37% free, 26MB/42MB, paused 520us total 34.225ms
08-05 00:39:10.844 31419 31894 I art     : Starting a blocking GC Explicit
08-05 00:39:10.878 31419 31894 I art     : Explicit concurrent mark sweep GC freed 3(96B) AllocSpace objects, 0(0B) LOS objects, 37% free, 26MB/42MB, paused 392us total 33.685ms
08-05 00:39:10.891 31419 31894 I art     : Starting a blocking GC Explicit
08-05 00:39:10.927 31419 31894 I art     : Explicit concurrent mark sweep GC freed 3(96B) AllocSpace objects, 0(0B) LOS objects, 37% free, 26MB/42MB, paused 403us total 35.486ms
08-05 00:39:10.939 31419 31894 I art     : Starting a blocking GC Explicit
08-05 00:39:10.975 31419 31894 I art     : Explicit concurrent mark sweep GC freed 3(96B) AllocSpace objects, 0(0B) LOS objects, 37% free, 26MB/42MB, paused 404us total 35.758ms
08-05 00:39:11.309 31419 31630 I art     : Starting a blocking GC Explicit
08-05 00:39:11.355 31419 31630 I art     : Explicit concurrent mark sweep GC freed 1293(75KB) AllocSpace objects, 1(20KB) LOS objects, 37% free, 26MB/42MB, paused 423us total 45.765ms
08-05 00:39:11.373 31419 31630 I art     : Starting a blocking GC Explicit
08-05 00:39:11.409 31419 31630 I art     : Explicit concurrent mark sweep GC freed 18(624B) AllocSpace objects, 0(0B) LOS objects, 37% free, 26MB/42MB, paused 401us total 35.528ms
08-05 00:39:11.421 31419 31630 I art     : Starting a blocking GC Explicit
08-05 00:39:11.457 31419 31630 I art     : Explicit concurrent mark sweep GC freed 3(96B) AllocSpace objects, 0(0B) LOS objects, 37% free, 26MB/42MB, paused 416us total 35.228ms
08-05 00:39:11.470 31419 31630 I art     : Starting a blocking GC Explicit
08-05 00:39:11.505 31419 31630 I art     : Explicit concurrent mark sweep GC freed 3(96B) AllocSpace objects, 0(0B) LOS objects, 37% free, 26MB/42MB, paused 463us total 35.120ms
08-05 00:39:11.518 31419 31630 I art     : Starting a blocking GC Explicit
08-05 00:39:11.554 31419 31630 I art     : Explicit concurrent mark sweep GC freed 3(96B) AllocSpace objects, 0(0B) LOS objects, 37% free, 26MB/42MB, paused 410us total 35.419ms
08-05 00:39:11.905 31419 31431 I art     : Starting a blocking GC Explicit
08-05 00:39:11.951 31419 31431 I art     : Explicit concurrent mark sweep GC freed 1293(75KB) AllocSpace objects, 1(20KB) LOS objects, 37% free, 26MB/42MB, paused 443us total 45.281ms
08-05 00:39:11.968 31419 31431 I art     : Starting a blocking GC Explicit
08-05 00:39:12.001 31419 31431 I art     : Explicit concurrent mark sweep GC freed 18(624B) AllocSpace objects, 0(0B) LOS objects, 37% free, 26MB/42MB, paused 393us total 32.998ms
08-05 00:39:12.012 31419 31431 I art     : Starting a blocking GC Explicit
08-05 00:39:12.046 31419 31431 I art     : Explicit concurrent mark sweep GC freed 3(96B) AllocSpace objects, 0(0B) LOS objects, 37% free, 26MB/42MB, paused 407us total 33.315ms
08-05 00:39:12.058 31419 31431 I art     : Starting a blocking GC Explicit
08-05 00:39:12.093 31419 31431 I art     : Explicit concurrent mark sweep GC freed 3(96B) AllocSpace objects, 0(0B) LOS objects, 37% free, 26MB/42MB, paused 390us total 34.822ms
08-05 00:39:12.106 31419 31431 I art     : Starting a blocking GC Explicit
08-05 00:39:12.141 31419 31431 I art     : Explicit concurrent mark sweep GC freed 3(96B) AllocSpace objects, 0(0B) LOS objects, 37% free, 26MB/42MB, paused 415us total 35.348ms
08-05 00:39:12.513 31419 31430 I art     : Starting a blocking GC Explicit
08-05 00:39:12.560 31419 31430 I art     : Explicit concurrent mark sweep GC freed 1293(75KB) AllocSpace objects, 1(20KB) LOS objects, 37% free, 26MB/42MB, paused 449us total 46.417ms
08-05 00:39:12.577 31419 31430 I art     : Starting a blocking GC Explicit
08-05 00:39:12.612 31419 31430 I art     : Explicit concurrent mark sweep GC freed 18(624B) AllocSpace objects, 0(0B) LOS objects, 37% free, 26MB/42MB, paused 409us total 34.613ms
08-05 00:39:12.624 31419 31430 I art     : Starting a blocking GC Explicit
08-05 00:39:12.659 31419 31430 I art     : Explicit concurrent mark sweep GC freed 3(96B) AllocSpace objects, 0(0B) LOS objects, 37% free, 26MB/42MB, paused 418us total 34.840ms
08-05 00:39:12.672 31419 31430 I art     : Starting a blocking GC Explicit
08-05 00:39:12.707 31419 31430 I art     : Explicit concurrent mark sweep GC freed 3(96B) AllocSpace objects, 0(0B) LOS objects, 37% free, 26MB/42MB, paused 421us total 34.990ms
08-05 00:39:12.720 31419 31430 I art     : Starting a blocking GC Explicit
08-05 00:39:12.755 31419 31430 I art     : Explicit concurrent mark sweep GC freed 3(96B) AllocSpace objects, 0(0B) LOS objects, 37% free, 26MB/42MB, paused 417us total 35.322ms
08-05 00:39:13.089 31419 31894 I art     : Starting a blocking GC Explicit
08-05 00:39:13.125 31419 31894 I art     : Explicit concurrent mark sweep GC freed 1293(75KB) AllocSpace objects, 1(20KB) LOS objects, 37% free, 26MB/42MB, paused 431us total 35.429ms
08-05 00:39:13.138 31419 31894 I art     : Starting a blocking GC Explicit
08-05 00:39:13.173 31419 31894 I art     : Explicit concurrent mark sweep GC freed 18(624B) AllocSpace objects, 0(0B) LOS objects, 37% free, 26MB/42MB, paused 458us total 34.720ms
08-05 00:39:13.185 31419 31894 I art     : Starting a blocking GC Explicit
08-05 00:39:13.218 31419 31894 I art     : Explicit concurrent mark sweep GC freed 3(96B) AllocSpace objects, 0(0B) LOS objects, 37% free, 26MB/42MB, paused 411us total 33.241ms
08-05 00:39:13.231 31419 31894 I art     : Starting a blocking GC Explicit
08-05 00:39:13.264 31419 31894 I art     : Explicit concurrent mark sweep GC freed 3(96B) AllocSpace objects, 0(0B) LOS objects, 37% free, 26MB/42MB, paused 431us total 33.643ms
08-05 00:39:13.277 31419 31894 I art     : Starting a blocking GC Explicit
08-05 00:39:13.311 31419 31894 I art     : Explicit concurrent mark sweep GC freed 3(96B) AllocSpace objects, 0(0B) LOS objects, 37% free, 26MB/42MB, paused 436us total 33.816ms
08-05 00:39:13.465   845   845 D AndroidRuntime: >>>>>> START com.android.internal.os.RuntimeInit uid 2000 <<<<<<
08-05 00:39:13.470   845   845 D AndroidRuntime: CheckJNI is OFF
08-05 00:39:13.502   845   845 D ICU     : No timezone override file found: /data/misc/zoneinfo/current/icu/icu_tzdata.dat
08-05 00:39:13.536   845   845 I Radio-JNI: register_android_hardware_Radio DONE
08-05 00:39:13.558   845   845 D AndroidRuntime: Calling main entry com.android.commands.am.Am
08-05 00:39:13.586 24044 24044 I Trepn   : Trepn 6.2s: Received intent: com.quicinc.trepn.stop_profiling
08-05 00:39:13.609 24044 24044 I Trepn   : Trepn 6.2s: Trepn has Stopped Profiling.
08-05 00:39:13.651 31419 31630 I art     : Starting a blocking GC Explicit
08-05 00:39:13.685 31419 31630 I art     : Explicit concurrent mark sweep GC freed 1293(75KB) AllocSpace objects, 1(20KB) LOS objects, 37% free, 26MB/42MB, paused 406us total 33.327ms
08-05 00:39:13.697 31419 31630 I art     : Starting a blocking GC Explicit
08-05 00:39:13.732   845   845 D AndroidRuntime: Shutting down VM
08-05 00:39:13.732 31419 31630 I art     : Explicit concurrent mark sweep GC freed 18(624B) AllocSpace objects, 0(0B) LOS objects, 37% free, 26MB/42MB, paused 383us total 34.429ms
08-05 00:39:13.736   918  5481 W AppOps  : Finishing op nesting under-run: uid 10078 pkg com.quicinc.trepn code 24 time=0 duration=0 nesting=0
08-05 00:39:13.746 31419 31630 I art     : Starting a blocking GC Explicit
08-05 00:39:13.774 31419 31630 I art     : Explicit concurrent mark sweep GC freed 3(96B) AllocSpace objects, 0(0B) LOS objects, 37% free, 26MB/42MB, paused 368us total 27.453ms
08-05 00:39:13.774 31419 31429 I art     : WaitForGcToComplete blocked for 27.916ms for cause HeapTrim
08-05 00:39:13.785 31419 31630 I art     : Starting a blocking GC Explicit
08-05 00:39:13.813 31419 31630 I art     : Explicit concurrent mark sweep GC freed 3(96B) AllocSpace objects, 0(0B) LOS objects, 37% free, 26MB/42MB, paused 370us total 28.073ms
08-05 00:39:13.824 31419 31630 I art     : Starting a blocking GC Explicit
08-05 00:39:13.854 31419 31630 I art     : Explicit concurrent mark sweep GC freed 3(96B) AllocSpace objects, 0(0B) LOS objects, 37% free, 26MB/42MB, paused 374us total 29.410ms
08-05 00:39:14.139 31419 31431 I art     : Starting a blocking GC Explicit
08-05 00:39:14.175 31419 31431 I art     : Explicit concurrent mark sweep GC freed 1293(75KB) AllocSpace objects, 1(20KB) LOS objects, 37% free, 26MB/42MB, paused 430us total 35.536ms
08-05 00:39:14.188 31419 31431 I art     : Starting a blocking GC Explicit
08-05 00:39:14.221 31419 31431 I art     : Explicit concurrent mark sweep GC freed 18(624B) AllocSpace objects, 0(0B) LOS objects, 37% free, 26MB/42MB, paused 413us total 33.681ms
08-05 00:39:14.234 31419 31431 I art     : Starting a blocking GC Explicit
08-05 00:39:14.267 31419 31431 I art     : Explicit concurrent mark sweep GC freed 3(96B) AllocSpace objects, 0(0B) LOS objects, 37% free, 26MB/42MB, paused 472us total 33.236ms
08-05 00:39:14.280 31419 31431 I art     : Starting a blocking GC Explicit
08-05 00:39:14.313 31419 31431 I art     : Explicit concurrent mark sweep GC freed 3(96B) AllocSpace objects, 0(0B) LOS objects, 37% free, 26MB/42MB, paused 387us total 33.236ms
08-05 00:39:14.326 31419 31431 I art     : Starting a blocking GC Explicit
08-05 00:39:14.359 31419 31431 I art     : Explicit concurrent mark sweep GC freed 3(96B) AllocSpace objects, 0(0B) LOS objects, 37% free, 26MB/42MB, paused 385us total 33.535ms
08-05 00:39:14.902   518   646 I ThermalEngine: ACTION: GPU - Setting GPU[0] to 600000000
