--------- beginning of main
08-05 21:19:27.686  3784  3784 D CarrierServiceBindHelper: Receive action: android.intent.action.PACKAGE_REMOVED
08-05 21:19:27.700   918  3961 I AccountManagerService: getTypesVisibleToCaller: isPermitted? true
08-05 21:19:27.738 15866 15866 I Finsky  : [1] uah.a(18): PackageMonitorReceiverImpl - Received: android.intent.action.PACKAGE_REMOVED, [jsPREe6yOOhrMreoEvcpPvP36yUmihacpIgcKsaLph8]
08-05 21:19:27.739 15866 15866 I Finsky  : [1] ubi.d(9): Invalidating cached PackageState for baseline.com.ak.uobtimetable
08-05 21:19:27.739 24365 21862 I Fitness : FitCleanupIntentOperation received Intent android.intent.action.PACKAGE_REMOVED [CONTEXT service_id=17 ]
08-05 21:19:27.743 15866 15866 I Finsky  : [1] lzi.c(2): Frosting ID looked up on UI thread. Caller should move to a background thread.
08-05 21:19:27.745  3784  3784 D CarrierServiceBindHelper: Receive action: android.intent.action.PACKAGE_ADDED
08-05 21:19:27.746  3784  3784 D CarrierServiceBindHelper: Receive action: android.intent.action.PACKAGE_REPLACED
08-05 21:19:27.746 15866 15866 I Finsky  : [1] nqb.c(3): Installer: package baseline.com.ak.uobtimetable was removed. replacing: true
08-05 21:19:27.746  3784  3784 D CarrierServiceBindHelper: mHandler: 3
08-05 21:19:27.747  3784  3784 D CarrierServiceBindHelper: mHandler: 3
08-05 21:19:27.747  3784  3784 D CarrierServiceBindHelper: mHandler: 3
08-05 21:19:27.747  3784  3784 D CarrierConfigLoader: mHandler: 9 phoneId: 0
08-05 21:19:27.754 15866 15866 I Finsky  : [1] nra.a(188): Installer: Notifying status update. package=baseline.com.ak.uobtimetable, status=UNINSTALLED
08-05 21:19:27.772 15866 15866 I Finsky  : [1] lzi.c(2): Frosting ID looked up on UI thread. Caller should move to a background thread.
08-05 21:19:27.790   918  6029 I AccountManagerService: getTypesVisibleToCaller: isPermitted? true
08-05 21:19:27.801 15866 21876 I Finsky  : [6318] ejf.a(-1): Cancelled 0 ongoing asset module downloads for package baseline.com.ak.uobtimetable due to a concurrent app update.
08-05 21:19:27.818 15866 15866 I Finsky  : [1] nra.a(220): Installer: found apps to install. isMultiUserMode=false, apps=[]
08-05 21:19:27.880 15866 15866 I Finsky  : [1] uah.a(18): PackageMonitorReceiverImpl - Received: android.intent.action.PACKAGE_ADDED, [jsPREe6yOOhrMreoEvcpPvP36yUmihacpIgcKsaLph8]
08-05 21:19:27.880 15866 15866 I Finsky  : [1] ubi.d(9): Invalidating cached PackageState for baseline.com.ak.uobtimetable
08-05 21:19:27.881 15866 16054 I Finsky  : [6134] odj.b(52): IQ: Notifying installation update. package=baseline.com.ak.uobtimetable, status=UNINSTALLED
08-05 21:19:27.884 24577 21868 I Auth    : [SupervisedAccountIntentOperation] onHandleIntent(): android.intent.action.PACKAGE_ADDED
08-05 21:19:27.887 15866 15866 I Finsky  : [1] lzi.c(2): Frosting ID looked up on UI thread. Caller should move to a background thread.
08-05 21:19:27.887 24577 21868 I ChromeSync: [Sync,SyncIntentOperation] Handling the intent: Intent { act=android.intent.action.PACKAGE_ADDED dat=package:baseline.com.ak.uobtimetable flg=0x4000010 cmp=com.google.android.gms/.chimera.GmsIntentOperationService (has extras) }.
08-05 21:19:27.908 15866 21864 I Finsky  : [6316] lyv.run(-1): Wrote row to frosting DB: 2980
08-05 21:19:27.921 15866 15866 I Finsky  : [1] agsx.a(4): Do not start WearSupportService due to Wear service optimization
--------- beginning of system
08-05 21:19:27.934   918  6112 W ActivityManager: Unable to start service Intent { act=com.google.android.gms.auth.key.retrieval.service.START pkg=com.google.android.gms } U=0: not found
08-05 21:19:27.958 15866 21876 I Finsky  : [6318] ejc.a(-1): Asset module broadcast after update successful for package baseline.com.ak.uobtimetable. 0 sessions broadcast.
08-05 21:19:27.974 15866 15866 I Finsky  : [1] lzi.c(2): Frosting ID looked up on UI thread. Caller should move to a background thread.
08-05 21:19:27.976   918  3359 W ActivityManager: Unbind failed: could not find connection for android.os.BinderProxy@d7d48b6
08-05 21:19:27.997 24577 24621 E GmsClient: unable to connect to service: com.google.android.gms.auth.key.retrieval.service.START on com.google.android.gms
08-05 21:19:28.012   918  4400 I AccountManagerService: getTypesVisibleToCaller: isPermitted? true
08-05 21:19:28.037 24577 21868 I ChromeSync: [Persistence,AffiliationManager] One of affiliation or grouping data for android://bz0hZa4nAJEtd0n5sRlXG7KAqctUMWVefv7Ki4mh1p6slZ9YO-n9gS9j8m9YCrsIyI2wIxrDHraumF9Y6pBLTA==@baseline.com.ak.uobtimetable/ was not found. Marking affiliation data as stale...
08-05 21:19:28.073 24577 21859 I FontLog : Package baseline.com.ak.uobtimetable has no metadata [CONTEXT service_id=132 ]
08-05 21:19:28.086   918  1210 D NetlinkSocketObserver: NeighborEvent{elapsedMs=1808971961, 192.168.2.254, [7C3953A63323], RTM_NEWNEIGH, NUD_STALE}
08-05 21:19:28.102 15866 21865 I Finsky  : [6317] gzn.a(-1): [ContentSync] finished, scheduled=false
08-05 21:19:28.108   918  5952 I AccountManagerService: getTypesVisibleToCaller: isPermitted? true
08-05 21:19:28.138 15866 21864 I Finsky  : [6316] lyv.run(-1): Wrote row to frosting DB: 2981
08-05 21:19:28.142 15866 16054 I Finsky  : [6134] odj.b(40): IQ: No matching installs to run for jobs: []
08-05 21:19:28.200 15866 21864 I Finsky  : [6316] lyv.run(-1): Wrote row to frosting DB: 2982
08-05 21:19:28.235 24577 13316 I Icing   : IndexChimeraService.getServiceInterface callingPackage=com.google.android.gms componentName=AppsCorpus serviceId=36
08-05 21:19:28.244 15866 21864 I Finsky  : [6316] lyv.run(-1): Wrote row to frosting DB: 2983
08-05 21:19:28.256   918  3961 I AccountManagerService: getTypesVisibleToCaller: isPermitted? true
08-05 21:19:28.268 21888 21888 D AndroidRuntime: >>>>>> START com.android.internal.os.RuntimeInit uid 2000 <<<<<<
08-05 21:19:28.271 21888 21888 D AndroidRuntime: CheckJNI is OFF
08-05 21:19:28.273 24577 30443 W Icing   : No valid account for uploading user actions
08-05 21:19:28.294 21888 21888 D ICU     : No timezone override file found: /data/misc/zoneinfo/current/icu/icu_tzdata.dat
08-05 21:19:28.301 24577 13316 I Icing   : IndexChimeraService.getServiceInterface callingPackage=com.google.android.gms componentName=null serviceId=30
08-05 21:19:28.318 21888 21888 I Radio-JNI: register_android_hardware_Radio DONE
08-05 21:19:28.333 21888 21888 D AndroidRuntime: Calling main entry com.android.commands.monkey.Monkey
08-05 21:19:28.349   918   931 W BroadcastQueue: Skipping deliver [background] BroadcastRecord{7c7534a u-1 android.net.conn.CONNECTIVITY_CHANGE} to ReceiverList{7b32bb 21888 (unknown name)/2000/u-1 remote:2d944ec}: process crashing
08-05 21:19:28.363 24577 30443 I Icing   : Usage reports ok 2, Failed Usage reports 0, indexed 0, rejected 0
08-05 21:19:28.368 24577 30443 W Icing   : No valid account for uploading user actions
08-05 21:19:28.383   918  3714 I ActivityManager: START u0 {act=android.intent.action.MAIN cat=[android.intent.category.LAUNCHER] flg=0x10200000 cmp=baseline.com.ak.uobtimetable/.MainActivity} from uid 2000 on display 0
08-05 21:19:28.385 24577 30443 I Icing   : Usage reports ok 0, Failed Usage reports 0, indexed 0, rejected 0
08-05 21:19:28.386 24577 30443 I Icing   : Indexing com.google.android.gms-internal.3p:MobileApplication from com.google.android.gms using seqno 763
08-05 21:19:28.389 24577 30443 I Icing   : Indexing com.google.android.gms-internal.3p:MobileApplication from com.google.android.gms using seqno 763
08-05 21:19:28.406   918  4413 I ActivityManager: Start proc 21903:baseline.com.ak.uobtimetable/u0a684 for activity baseline.com.ak.uobtimetable/.MainActivity
08-05 21:19:28.408 21903 21903 I art     : Late-enabling -Xcheck:jni
08-05 21:19:28.423 21888 21888 I art     : System.exit called, status: 0
08-05 21:19:28.423 21888 21888 I AndroidRuntime: VM exiting with result code 0.
08-05 21:19:28.430 24577 13316 I Icing   : IndexChimeraService.getServiceInterface callingPackage=com.google.android.gms componentName=null serviceId=36
08-05 21:19:28.457 24577 31546 W Icing   : No valid account for uploading user actions
08-05 21:19:28.460 21903 21903 W System  : ClassLoader referenced unknown path: /data/app/baseline.com.ak.uobtimetable-2/lib/arm64
08-05 21:19:28.471 21903 21903 E Application: Can't init Bugsnag - No key
08-05 21:19:28.471 21903 21903 E Application: java.lang.Exception: Can't init Bugsnag - No key
08-05 21:19:28.471 21903 21903 E Application: 	at baseline.com.ak.uobtimetable.Utilities.Logging.Logger.error(Logger.java:79)
08-05 21:19:28.471 21903 21903 E Application: 	at baseline.com.ak.uobtimetable.MyApplication.onCreate(MyApplication.java:52)
08-05 21:19:28.471 21903 21903 E Application: 	at android.app.Instrumentation.callApplicationOnCreate(Instrumentation.java:1013)
08-05 21:19:28.471 21903 21903 E Application: 	at android.app.ActivityThread.handleBindApplication(ActivityThread.java:4707)
08-05 21:19:28.471 21903 21903 E Application: 	at android.app.ActivityThread.-wrap1(ActivityThread.java)
08-05 21:19:28.471 21903 21903 E Application: 	at android.app.ActivityThread$H.handleMessage(ActivityThread.java:1405)
08-05 21:19:28.471 21903 21903 E Application: 	at android.os.Handler.dispatchMessage(Handler.java:102)
08-05 21:19:28.471 21903 21903 E Application: 	at android.os.Looper.loop(Looper.java:148)
08-05 21:19:28.471 21903 21903 E Application: 	at android.app.ActivityThread.main(ActivityThread.java:5417)
08-05 21:19:28.471 21903 21903 E Application: 	at java.lang.reflect.Method.invoke(Native Method)
08-05 21:19:28.471 21903 21903 E Application: 	at com.android.internal.os.ZygoteInit$MethodAndArgsCaller.run(ZygoteInit.java:726)
08-05 21:19:28.471 21903 21903 E Application: 	at com.android.internal.os.ZygoteInit.main(ZygoteInit.java:616)
08-05 21:19:28.474 21903 21903 I Application: API level: 23
08-05 21:19:28.475 21903 21903 I Application: API level name: M
08-05 21:19:28.488 21903 21903 I Application: Target API level: 29
08-05 21:19:28.488 21903 21903 I Application: Git commit hash: d26bf1fa
08-05 21:19:28.488 21903 21903 I Application: Git branch: master
08-05 21:19:28.488 21903 21903 I Application: Build type: Debug
08-05 21:19:28.491 16458 19558 I PBSessionCacheImpl: Deleted sessionId[72384646105454640] from persistence.
08-05 21:19:28.492 21903 21903 I Application: Build keys: Release
08-05 21:19:28.493 21903 21903 I Application: Version code: 21
08-05 21:19:28.494 21903 21903 I Application: Version name: 2.5
08-05 21:19:28.494 21903 21903 I Application: Build date: 22:30 03/08/20
08-05 21:19:28.495 21903 21903 I Application: Package update date: 00:38 05/08/20
08-05 21:19:28.496 21903 21903 I SettingsManager: Getting int: launchCount
08-05 21:19:28.496 21903 21903 I SettingsManager: Setting int: launchCount
08-05 21:19:28.498 16458 16488 W SearchServiceCore: Abort, client detached.
08-05 21:19:28.499 16458 16488 I MicroDetectionState: Should stop hotword detection immediately - true
08-05 21:19:28.504 24577 31546 I Icing   : Usage reports ok 1, Failed Usage reports 0, indexed 0, rejected 0
08-05 21:19:28.507   918  5132 W BackupManagerService: dataChanged but no participant pkg='baseline.com.ak.uobtimetable' uid=10684
08-05 21:19:28.507 21903 21903 I Application: Launch count: 1
08-05 21:19:28.510 21903 21903 I Application: Network: TYPE_WIFI
08-05 21:19:28.510 21903 21903 I Application: Tablet layout: false
08-05 21:19:28.530 21903 21903 W art     : Before Android 4.1, method android.graphics.PorterDuffColorFilter androidx.vectordrawable.graphics.drawable.VectorDrawableCompat.updateTintFilter(android.graphics.PorterDuffColorFilter, android.content.res.ColorStateList, android.graphics.PorterDuff$Mode) would have incorrectly overridden the package-private method in android.graphics.drawable.Drawable
08-05 21:19:28.547 21903 21903 I art     : Rejecting re-init on previously-failed class java.lang.Class<androidx.core.view.ViewCompat$OnUnhandledKeyEventListenerWrapper>
08-05 21:19:28.547 21903 21903 I art     : Rejecting re-init on previously-failed class java.lang.Class<androidx.core.view.ViewCompat$OnUnhandledKeyEventListenerWrapper>
08-05 21:19:28.574 17237 17237 I ServiceManager: Waiting for service AtCmdFwd...
08-05 21:19:28.617 21903 21903 D MainActivity: onCreate
08-05 21:19:28.617 21903 21903 I SettingsManager: Getting string: savedSessions
08-05 21:19:28.617 21903 21903 I Settings: No saved sessions
08-05 21:19:28.648 21903 21903 I SettingsManager: Getting string: savedCourse
08-05 21:19:28.649   918  3961 I ActivityManager: START u0 {flg=0x14000000 cmp=baseline.com.ak.uobtimetable/.WelcomeActivity} from uid 10684 on display 0
08-05 21:19:28.667 21903 21903 D MainActivity: OnResume
08-05 21:19:28.676 21903 21918 D OpenGLRenderer: Use EGL_SWAP_BEHAVIOR_PRESERVED: true
08-05 21:19:28.692 21903 21903 D MainActivity: OnPause
08-05 21:19:28.785 15866 15866 I Finsky  : [1] xmu.a(8): SCH: Jobs in database: 1-1337 3-219 3-220 12-1 26-1414141414 
08-05 21:19:28.792 15866 15866 I Finsky  : [1] xio.a(57): SCH: ConstraintMapping: 1-1337, 12-1,  -> L: 13979ms, D: 45984129ms, C: false, I: false, N: 1
08-05 21:19:28.793 15866 15866 I Finsky  : [1] xio.a(57): SCH: ConstraintMapping: 3-219,  -> L: 0ms, D: 77994733ms, C: false, I: true, N: 2
08-05 21:19:28.794 15866 15866 I Finsky  : [1] xio.a(57): SCH: ConstraintMapping: 3-220,  -> L: 0ms, D: 77994774ms, C: true, I: true, N: 2
08-05 21:19:28.795 15866 15866 I Finsky  : [1] xio.a(57): SCH: ConstraintMapping: 26-1414141414,  -> L: 7431588ms, D: 8331588ms, C: false, I: false, N: 0
08-05 21:19:28.812 21903 21918 I Adreno  : QUALCOMM build                   : fcf4852, I1af360237c
08-05 21:19:28.812 21903 21918 I Adreno  : Build Date                       : 09/23/15
08-05 21:19:28.812 21903 21918 I Adreno  : OpenGL ES Shader Compiler Version: XE031.05.13.02
08-05 21:19:28.812 21903 21918 I Adreno  : Local Branch                     : mybranch14465806
08-05 21:19:28.812 21903 21918 I Adreno  : Remote Branch                    : quic/LA.BF64.1.2.9_v2
08-05 21:19:28.812 21903 21918 I Adreno  : Remote Branch                    : NONE
08-05 21:19:28.812 21903 21918 I Adreno  : Reconstruct Branch               : NOTHING
08-05 21:19:28.818 15866 21865 I Finsky  : [6317] gzn.a(-1): [ContentSync] finished, scheduled=true
08-05 21:19:28.821 21903 21918 I OpenGLRenderer: Initialized EGL, version 1.4
08-05 21:19:28.824 15866 15866 I Finsky  : [1] xle.a(34): Cancelling existing jobscheduler jobs: 9010 9006 9002 9012 9013 9014 9011 9000 
08-05 21:19:28.824 15866 15866 I Finsky  : [1] xle.a(27): Scheduling job Id: 9001, L: 13979, D: 45984129, C: false, I: false, N: 1
08-05 21:19:28.827 15866 15866 I Finsky  : [1] xle.a(27): Scheduling job Id: 9003, L: 0, D: 77994733, C: false, I: true, N: 2
08-05 21:19:28.829 15866 15866 I Finsky  : [1] xle.a(27): Scheduling job Id: 9004, L: 0, D: 77994774, C: true, I: true, N: 2
08-05 21:19:28.833 15866 15866 I Finsky  : [1] xle.a(27): Scheduling job Id: 9005, L: 7431588, D: 8331588, C: false, I: false, N: 0
08-05 21:19:28.835 15866 15866 I Finsky  : [1] xle.a(27): Scheduling job Id: 9007, L: 13979, D: 45984129, C: false, I: false, N: 1
08-05 21:19:28.837 15866 15866 I Finsky  : [1] xle.a(27): Scheduling job Id: 9008, L: 0, D: 77994733, C: false, I: true, N: 2
08-05 21:19:28.839 15866 15866 I Finsky  : [1] xle.a(27): Scheduling job Id: 9009, L: 0, D: 77994774, C: true, I: true, N: 2
08-05 21:19:28.840 15866 15866 I Finsky  : [1] xle.a(27): Scheduling job Id: 9015, L: 7431588, D: 8331588, C: false, I: false, N: 0
08-05 21:19:29.006 13866 13866 I GoogleInputMethodServic: GoogleInputMethodService.onFinishInput():3138 
08-05 21:19:29.006   918   936 I ActivityManager: Displayed baseline.com.ak.uobtimetable/.WelcomeActivity: +314ms (total +617ms)
08-05 21:19:29.008 13866 13866 I GoogleInputMethodServic: GoogleInputMethodService.onStartInput():1808 
08-05 21:19:29.190 21903 21903 D MainActivity: Saving state
08-05 21:19:29.369 24577 31546 I Icing   : Indexing com.google.android.gms-apps from com.google.android.gms
08-05 21:19:29.483 24577 31546 I Icing   : Indexing done com.google.android.gms-apps
08-05 21:19:29.575 17237 17237 I ServiceManager: Waiting for service AtCmdFwd...
08-05 21:19:30.001 21934 21934 D AndroidRuntime: >>>>>> START com.android.internal.os.RuntimeInit uid 2000 <<<<<<
08-05 21:19:30.008 21934 21934 D AndroidRuntime: CheckJNI is OFF
08-05 21:19:30.040 21934 21934 D ICU     : No timezone override file found: /data/misc/zoneinfo/current/icu/icu_tzdata.dat
08-05 21:19:30.073 21934 21934 I Radio-JNI: register_android_hardware_Radio DONE
08-05 21:19:30.091 21934 21934 D AndroidRuntime: Calling main entry com.android.commands.am.Am
08-05 21:19:30.101 19822 19822 I Trepn   : Trepn 6.2s: Received intent: com.quicinc.trepn.start_profiling
08-05 21:19:30.216 19822 19822 W FileUtils: Failed to chmod(/storage/emulated/0/trepn/Trepn_2020.08.05_211930.db): android.system.ErrnoException: chmod failed: EPERM (Operation not permitted)
08-05 21:19:30.295 19822 19822 I Trepn   : Trepn 6.2s: Trepn has Started Profiling.
08-05 21:19:30.297 21934 21934 D AndroidRuntime: Shutting down VM
08-05 21:19:30.575 17237 17237 I ServiceManager: Waiting for service AtCmdFwd...
08-05 21:19:30.764 21903 21916 I art     : Starting a blocking GC Explicit
08-05 21:19:30.780 21903 21916 I art     : Explicit concurrent mark sweep GC freed 2491(367KB) AllocSpace objects, 1(1228KB) LOS objects, 40% free, 21MB/36MB, paused 112us total 16.057ms
08-05 21:19:30.791 21903 21916 I art     : Starting a blocking GC Explicit
08-05 21:19:30.802 21903 21916 I art     : Explicit concurrent mark sweep GC freed 328(14KB) AllocSpace objects, 0(0B) LOS objects, 40% free, 21MB/36MB, paused 94us total 10.738ms
08-05 21:19:30.807 21903 21916 I art     : Starting a blocking GC Explicit
08-05 21:19:30.818 21903 21916 I art     : Explicit concurrent mark sweep GC freed 3(96B) AllocSpace objects, 0(0B) LOS objects, 40% free, 21MB/36MB, paused 95us total 9.967ms
08-05 21:19:30.823 21903 21916 I art     : Starting a blocking GC Explicit
08-05 21:19:30.833 21903 21916 I art     : Explicit concurrent mark sweep GC freed 3(96B) AllocSpace objects, 0(0B) LOS objects, 40% free, 21MB/36MB, paused 92us total 10.041ms
08-05 21:19:30.839 21903 21916 I art     : Starting a blocking GC Explicit
08-05 21:19:30.849 21903 21916 I art     : Explicit concurrent mark sweep GC freed 3(96B) AllocSpace objects, 0(0B) LOS objects, 40% free, 21MB/36MB, paused 90us total 9.842ms
08-05 21:19:31.004  5179  5194 D QcrilMsgTunnelSocket: readRilMessage: Buffer = [B@671e81d HexData = [010000000404000011000000514f454d484f4f4bef0308000100000003]
08-05 21:19:31.004  5179  5194 D QcrilMsgTunnelSocket: Rcvd UNSOL response with 28 bytes data for SUB0
08-05 21:19:31.004  5179  5194 D QcrilMsgTunnelSocket: Response ID 525295 is not served in this process.
08-05 21:19:31.004  5179  5194 D QcrilMsgTunnelSocket: To broadcast an Intent via the notifier to external apps
08-05 21:19:31.005  5179  5179 D QcrilMsgTunnelIfaceManager: handleMessage what = 0
08-05 21:19:31.005  5179  5179 D QcrilMsgTunnelIfaceManager: Broadcasting intent ACTION_UNSOL_RESPONSE_OEM_HOOK_RAW
08-05 21:19:31.009  5164  5164 D QC_RIL_OEM_HOOK: Received Broadcast Intent ACTION_UNSOL_RESPONSE_OEM_HOOK_RAW
08-05 21:19:31.010  5164  5164 D QC_RIL_OEM_HOOK: Oem ID in QCRILHOOK UNSOL RESP is QOEMHOOK
08-05 21:19:31.093   918  3188 I hubconnection: sensorhub said: 'set_bias 3: -5.8176, 0.0000, 0.0000'
08-05 21:19:31.115 21903 21914 I art     : Starting a blocking GC Explicit
08-05 21:19:31.130 21903 21914 I art     : Explicit concurrent mark sweep GC freed 1273(74KB) AllocSpace objects, 1(20KB) LOS objects, 40% free, 21MB/36MB, paused 115us total 15.074ms
08-05 21:19:31.140 21903 21914 I art     : Starting a blocking GC Explicit
08-05 21:19:31.152 21903 21914 I art     : Explicit concurrent mark sweep GC freed 18(624B) AllocSpace objects, 0(0B) LOS objects, 40% free, 21MB/36MB, paused 98us total 11.763ms
08-05 21:19:31.158 21903 21914 I art     : Starting a blocking GC Explicit
08-05 21:19:31.168 21903 21914 I art     : Explicit concurrent mark sweep GC freed 3(96B) AllocSpace objects, 0(0B) LOS objects, 40% free, 21MB/36MB, paused 90us total 10.253ms
08-05 21:19:31.174 21903 21914 I art     : Starting a blocking GC Explicit
08-05 21:19:31.185 21903 21914 I art     : Explicit concurrent mark sweep GC freed 3(96B) AllocSpace objects, 0(0B) LOS objects, 40% free, 21MB/36MB, paused 89us total 10.047ms
08-05 21:19:31.190 21903 21914 I art     : Starting a blocking GC Explicit
08-05 21:19:31.201 21903 21914 I art     : Explicit concurrent mark sweep GC freed 3(96B) AllocSpace objects, 0(0B) LOS objects, 40% free, 21MB/36MB, paused 87us total 10.085ms
08-05 21:19:31.387   918  3261 D WifiStateMachine: starting scan for "H369AA63323"WPA_PSK with 2412,5180
08-05 21:19:31.499 21903 21916 I art     : Starting a blocking GC Explicit
08-05 21:19:31.513 21903 21916 I art     : Explicit concurrent mark sweep GC freed 1270(74KB) AllocSpace objects, 1(20KB) LOS objects, 40% free, 21MB/36MB, paused 110us total 13.253ms
08-05 21:19:31.520 21903 21916 I art     : Starting a blocking GC Explicit
08-05 21:19:31.531 21903 21916 I art     : Explicit concurrent mark sweep GC freed 18(624B) AllocSpace objects, 0(0B) LOS objects, 40% free, 21MB/36MB, paused 102us total 11.508ms
08-05 21:19:31.538 21903 21916 I art     : Starting a blocking GC Explicit
08-05 21:19:31.548 21903 21916 I art     : Explicit concurrent mark sweep GC freed 3(96B) AllocSpace objects, 0(0B) LOS objects, 40% free, 21MB/36MB, paused 94us total 10.678ms
08-05 21:19:31.555 21903 21916 I art     : Starting a blocking GC Explicit
08-05 21:19:31.565 21903 21916 I art     : Explicit concurrent mark sweep GC freed 3(96B) AllocSpace objects, 0(0B) LOS objects, 40% free, 21MB/36MB, paused 94us total 10.261ms
08-05 21:19:31.571 21903 21916 I art     : Starting a blocking GC Explicit
08-05 21:19:31.576 17237 17237 I ServiceManager: Waiting for service AtCmdFwd...
08-05 21:19:31.580 21903 21916 I art     : Explicit concurrent mark sweep GC freed 3(96B) AllocSpace objects, 0(0B) LOS objects, 40% free, 21MB/36MB, paused 84us total 9.298ms
08-05 21:19:31.867 21903 21914 I art     : Starting a blocking GC Explicit
08-05 21:19:31.880 21903 21914 I art     : Explicit concurrent mark sweep GC freed 1268(74KB) AllocSpace objects, 1(20KB) LOS objects, 40% free, 21MB/36MB, paused 114us total 13.166ms
08-05 21:19:31.891 21903 21914 I art     : Starting a blocking GC Explicit
08-05 21:19:31.902 21903 21914 I art     : Explicit concurrent mark sweep GC freed 18(624B) AllocSpace objects, 0(0B) LOS objects, 40% free, 21MB/36MB, paused 94us total 10.841ms
08-05 21:19:31.908 21903 21914 I art     : Starting a blocking GC Explicit
08-05 21:19:31.918 21903 21914 I art     : Explicit concurrent mark sweep GC freed 3(96B) AllocSpace objects, 0(0B) LOS objects, 40% free, 21MB/36MB, paused 80us total 9.665ms
08-05 21:19:31.923 21903 21914 I art     : Starting a blocking GC Explicit
08-05 21:19:31.933 21903 21914 I art     : Explicit concurrent mark sweep GC freed 3(96B) AllocSpace objects, 0(0B) LOS objects, 40% free, 21MB/36MB, paused 89us total 9.811ms
08-05 21:19:31.939 21903 21914 I art     : Starting a blocking GC Explicit
08-05 21:19:31.949 21903 21914 I art     : Explicit concurrent mark sweep GC freed 3(96B) AllocSpace objects, 0(0B) LOS objects, 40% free, 21MB/36MB, paused 88us total 9.890ms
08-05 21:19:32.258 21903 21916 I art     : Starting a blocking GC Explicit
08-05 21:19:32.274 21903 21916 I art     : Explicit concurrent mark sweep GC freed 1268(74KB) AllocSpace objects, 1(20KB) LOS objects, 40% free, 21MB/36MB, paused 112us total 15.748ms
08-05 21:19:32.281 21903 21916 I art     : Starting a blocking GC Explicit
08-05 21:19:32.292 21903 21916 I art     : Explicit concurrent mark sweep GC freed 18(624B) AllocSpace objects, 0(0B) LOS objects, 40% free, 21MB/36MB, paused 102us total 10.858ms
08-05 21:19:32.299 21903 21916 I art     : Starting a blocking GC Explicit
08-05 21:19:32.309 21903 21916 I art     : Explicit concurrent mark sweep GC freed 3(96B) AllocSpace objects, 0(0B) LOS objects, 40% free, 21MB/36MB, paused 93us total 10.034ms
08-05 21:19:32.314 21903 21916 I art     : Starting a blocking GC Explicit
08-05 21:19:32.324 21903 21916 I art     : Explicit concurrent mark sweep GC freed 3(96B) AllocSpace objects, 0(0B) LOS objects, 40% free, 21MB/36MB, paused 96us total 9.617ms
08-05 21:19:32.330 21903 21916 I art     : Starting a blocking GC Explicit
08-05 21:19:32.340 21903 21916 I art     : Explicit concurrent mark sweep GC freed 3(96B) AllocSpace objects, 0(0B) LOS objects, 40% free, 21MB/36MB, paused 97us total 9.839ms
08-05 21:19:32.576 17237 17237 W Atfwd_Sendcmd: AtCmdFwd service not published, waiting... retryCnt : 4
08-05 21:19:32.635 21903 21914 I art     : Starting a blocking GC Explicit
08-05 21:19:32.648 21903 21914 I art     : Explicit concurrent mark sweep GC freed 1268(74KB) AllocSpace objects, 1(20KB) LOS objects, 40% free, 21MB/36MB, paused 110us total 12.684ms
08-05 21:19:32.658 21903 21914 I art     : Starting a blocking GC Explicit
08-05 21:19:32.670 21903 21914 I art     : Explicit concurrent mark sweep GC freed 18(624B) AllocSpace objects, 0(0B) LOS objects, 40% free, 21MB/36MB, paused 93us total 12.074ms
08-05 21:19:32.676 21903 21914 I art     : Starting a blocking GC Explicit
08-05 21:19:32.686 21903 21914 I art     : Explicit concurrent mark sweep GC freed 3(96B) AllocSpace objects, 0(0B) LOS objects, 40% free, 21MB/36MB, paused 90us total 9.790ms
08-05 21:19:32.692 21903 21914 I art     : Starting a blocking GC Explicit
08-05 21:19:32.702 21903 21914 I art     : Explicit concurrent mark sweep GC freed 3(96B) AllocSpace objects, 0(0B) LOS objects, 40% free, 21MB/36MB, paused 90us total 9.869ms
08-05 21:19:32.707 21903 21914 I art     : Starting a blocking GC Explicit
08-05 21:19:32.718 21903 21914 I art     : Explicit concurrent mark sweep GC freed 3(96B) AllocSpace objects, 0(0B) LOS objects, 40% free, 21MB/36MB, paused 87us total 9.889ms
08-05 21:19:33.014 21903 21916 I art     : Starting a blocking GC Explicit
08-05 21:19:33.030 21903 21916 I art     : Explicit concurrent mark sweep GC freed 1268(74KB) AllocSpace objects, 1(20KB) LOS objects, 40% free, 21MB/36MB, paused 131us total 15.343ms
08-05 21:19:33.038 21903 21916 I art     : Starting a blocking GC Explicit
08-05 21:19:33.049 21903 21916 I art     : Explicit concurrent mark sweep GC freed 18(624B) AllocSpace objects, 0(0B) LOS objects, 40% free, 21MB/36MB, paused 107us total 10.820ms
08-05 21:19:33.056 21903 21916 I art     : Starting a blocking GC Explicit
08-05 21:19:33.066 21903 21916 I art     : Explicit concurrent mark sweep GC freed 3(96B) AllocSpace objects, 0(0B) LOS objects, 40% free, 21MB/36MB, paused 92us total 9.956ms
08-05 21:19:33.072 21903 21916 I art     : Starting a blocking GC Explicit
08-05 21:19:33.082 21903 21916 I art     : Explicit concurrent mark sweep GC freed 3(96B) AllocSpace objects, 0(0B) LOS objects, 40% free, 21MB/36MB, paused 93us total 9.836ms
08-05 21:19:33.088 21903 21916 I art     : Starting a blocking GC Explicit
08-05 21:19:33.097 21903 21916 I art     : Explicit concurrent mark sweep GC freed 3(96B) AllocSpace objects, 0(0B) LOS objects, 40% free, 21MB/36MB, paused 90us total 9.626ms
08-05 21:19:33.172   918  1209 D NetworkMonitor/NetworkAgentInfo [WIFI () - 159]: Checking http://connectivitycheck.gstatic.com/generate_204 on "H369AA63323", 192.168.2.12=192.168.2.12
08-05 21:19:33.245   918  1209 D NetworkMonitor/NetworkAgentInfo [WIFI () - 159]: Probably not a portal: exception java.io.IOException: unexpected end of stream on Connection{connectivitycheck.gstatic.com:80, proxy=HTTP@/192.168.2.12:8080 hostAddress=192.168.2.12 cipherSuite=none protocol=http/1.1} (recycle count=0)
08-05 21:19:33.248   918  3263 D ConnectivityService: NetworkAgentInfo [WIFI () - 159] validation failed
08-05 21:19:33.250   918  3261 E WifiConfigStore:  rewrite network history for "H369AA63323"WPA_PSK
08-05 21:19:33.405 21903 21914 I art     : Starting a blocking GC Explicit
08-05 21:19:33.420 21903 21914 I art     : Explicit concurrent mark sweep GC freed 1268(74KB) AllocSpace objects, 1(20KB) LOS objects, 40% free, 21MB/36MB, paused 123us total 15.152ms
08-05 21:19:33.429 21903 21914 I art     : Starting a blocking GC Explicit
08-05 21:19:33.440 21903 21914 I art     : Explicit concurrent mark sweep GC freed 18(624B) AllocSpace objects, 0(0B) LOS objects, 40% free, 21MB/36MB, paused 98us total 10.776ms
08-05 21:19:33.446 21903 21914 I art     : Starting a blocking GC Explicit
08-05 21:19:33.457 21903 21914 I art     : Explicit concurrent mark sweep GC freed 3(96B) AllocSpace objects, 0(0B) LOS objects, 40% free, 21MB/36MB, paused 96us total 10.245ms
08-05 21:19:33.462 21903 21914 I art     : Starting a blocking GC Explicit
08-05 21:19:33.473 21903 21914 I art     : Explicit concurrent mark sweep GC freed 3(96B) AllocSpace objects, 0(0B) LOS objects, 40% free, 21MB/36MB, paused 90us total 10.265ms
08-05 21:19:33.479 21903 21914 I art     : Starting a blocking GC Explicit
08-05 21:19:33.489 21903 21914 I art     : Explicit concurrent mark sweep GC freed 3(96B) AllocSpace objects, 0(0B) LOS objects, 40% free, 21MB/36MB, paused 85us total 9.699ms
08-05 21:19:33.777 21903 21916 I art     : Starting a blocking GC Explicit
08-05 21:19:33.792 21903 21916 I art     : Explicit concurrent mark sweep GC freed 1268(74KB) AllocSpace objects, 1(20KB) LOS objects, 40% free, 21MB/36MB, paused 113us total 14.775ms
08-05 21:19:33.801 21903 21916 I art     : Starting a blocking GC Explicit
08-05 21:19:33.812 21903 21916 I art     : Explicit concurrent mark sweep GC freed 18(624B) AllocSpace objects, 0(0B) LOS objects, 40% free, 21MB/36MB, paused 102us total 10.729ms
08-05 21:19:33.818 21903 21916 I art     : Starting a blocking GC Explicit
08-05 21:19:33.829 21903 21916 I art     : Explicit concurrent mark sweep GC freed 3(96B) AllocSpace objects, 0(0B) LOS objects, 40% free, 21MB/36MB, paused 98us total 10.308ms
08-05 21:19:33.835 21903 21916 I art     : Starting a blocking GC Explicit
08-05 21:19:33.845 21903 21916 I art     : Explicit concurrent mark sweep GC freed 3(96B) AllocSpace objects, 0(0B) LOS objects, 40% free, 21MB/36MB, paused 97us total 10.240ms
08-05 21:19:33.851 21903 21916 I art     : Starting a blocking GC Explicit
08-05 21:19:33.862 21903 21916 I art     : Explicit concurrent mark sweep GC freed 3(96B) AllocSpace objects, 0(0B) LOS objects, 40% free, 21MB/36MB, paused 103us total 9.918ms
08-05 21:19:34.007 13866 13882 I PeriodicStatsRunner: PeriodicStatsRunner.call():175 call()
08-05 21:19:34.007 13866 13882 I PeriodicStatsRunner: PeriodicStatsRunner.call():179 No submit PeriodicStats since input started.
08-05 21:19:34.191 21903 21914 I art     : Starting a blocking GC Explicit
08-05 21:19:34.207 21903 21914 I art     : Explicit concurrent mark sweep GC freed 1268(74KB) AllocSpace objects, 1(20KB) LOS objects, 40% free, 21MB/36MB, paused 109us total 16.656ms
08-05 21:19:34.214 21903 21914 I art     : Starting a blocking GC Explicit
08-05 21:19:34.225 21903 21914 I art     : Explicit concurrent mark sweep GC freed 18(624B) AllocSpace objects, 0(0B) LOS objects, 40% free, 21MB/36MB, paused 97us total 10.407ms
08-05 21:19:34.231 21903 21914 I art     : Starting a blocking GC Explicit
08-05 21:19:34.240 21903 21914 I art     : Explicit concurrent mark sweep GC freed 3(96B) AllocSpace objects, 0(0B) LOS objects, 40% free, 21MB/36MB, paused 82us total 8.803ms
08-05 21:19:34.245 21903 21914 I art     : Starting a blocking GC Explicit
08-05 21:19:34.254 21903 21914 I art     : Explicit concurrent mark sweep GC freed 3(96B) AllocSpace objects, 0(0B) LOS objects, 40% free, 21MB/36MB, paused 77us total 8.559ms
08-05 21:19:34.259 21903 21914 I art     : Starting a blocking GC Explicit
08-05 21:19:34.267 21903 21914 I art     : Explicit concurrent mark sweep GC freed 3(96B) AllocSpace objects, 0(0B) LOS objects, 40% free, 21MB/36MB, paused 78us total 8.201ms
08-05 21:19:34.523 21903 21916 I art     : Starting a blocking GC Explicit
08-05 21:19:34.536 21903 21916 I art     : Explicit concurrent mark sweep GC freed 1268(74KB) AllocSpace objects, 1(20KB) LOS objects, 40% free, 21MB/36MB, paused 124us total 13.026ms
08-05 21:19:34.546 21903 21916 I art     : Starting a blocking GC Explicit
08-05 21:19:34.558 21903 21916 I art     : Explicit concurrent mark sweep GC freed 18(624B) AllocSpace objects, 0(0B) LOS objects, 40% free, 21MB/36MB, paused 106us total 11.078ms
08-05 21:19:34.564 21903 21916 I art     : Starting a blocking GC Explicit
08-05 21:19:34.573 21903 21916 I art     : Explicit concurrent mark sweep GC freed 3(96B) AllocSpace objects, 0(0B) LOS objects, 40% free, 21MB/36MB, paused 89us total 9.417ms
08-05 21:19:34.579 21903 21916 I art     : Starting a blocking GC Explicit
08-05 21:19:34.589 21903 21916 I art     : Explicit concurrent mark sweep GC freed 3(96B) AllocSpace objects, 0(0B) LOS objects, 40% free, 21MB/36MB, paused 227us total 9.897ms
08-05 21:19:34.594 21903 21916 I art     : Starting a blocking GC Explicit
08-05 21:19:34.603 21903 21916 I art     : Explicit concurrent mark sweep GC freed 3(96B) AllocSpace objects, 0(0B) LOS objects, 40% free, 21MB/36MB, paused 92us total 9.128ms
08-05 21:19:34.910 21903 21914 I art     : Starting a blocking GC Explicit
08-05 21:19:34.924 21903 21914 I art     : Explicit concurrent mark sweep GC freed 1268(74KB) AllocSpace objects, 1(20KB) LOS objects, 40% free, 21MB/36MB, paused 115us total 13.424ms
08-05 21:19:34.932 21903 21914 I art     : Starting a blocking GC Explicit
08-05 21:19:34.946 21903 21914 I art     : Explicit concurrent mark sweep GC freed 18(624B) AllocSpace objects, 0(0B) LOS objects, 40% free, 21MB/36MB, paused 102us total 13.491ms
08-05 21:19:34.955 21903 21914 I art     : Starting a blocking GC Explicit
08-05 21:19:34.965 21903 21914 I art     : Explicit concurrent mark sweep GC freed 3(96B) AllocSpace objects, 0(0B) LOS objects, 40% free, 21MB/36MB, paused 89us total 9.816ms
08-05 21:19:34.971 21903 21914 I art     : Starting a blocking GC Explicit
08-05 21:19:34.981 21903 21914 I art     : Explicit concurrent mark sweep GC freed 3(96B) AllocSpace objects, 0(0B) LOS objects, 40% free, 21MB/36MB, paused 89us total 9.762ms
08-05 21:19:34.987 21903 21914 I art     : Starting a blocking GC Explicit
08-05 21:19:34.996 21903 21914 I art     : Explicit concurrent mark sweep GC freed 3(96B) AllocSpace objects, 0(0B) LOS objects, 40% free, 21MB/36MB, paused 80us total 9.159ms
08-05 21:19:35.225 21903 21916 I art     : Starting a blocking GC Explicit
08-05 21:19:35.235 21903 21916 I art     : Explicit concurrent mark sweep GC freed 1268(74KB) AllocSpace objects, 1(20KB) LOS objects, 40% free, 21MB/36MB, paused 103us total 10.365ms
08-05 21:19:35.241 21903 21916 I art     : Starting a blocking GC Explicit
08-05 21:19:35.252 21903 21916 I art     : Explicit concurrent mark sweep GC freed 18(624B) AllocSpace objects, 0(0B) LOS objects, 40% free, 21MB/36MB, paused 99us total 10.273ms
08-05 21:19:35.258 21903 21916 I art     : Starting a blocking GC Explicit
08-05 21:19:35.268 21903 21916 I art     : Explicit concurrent mark sweep GC freed 3(96B) AllocSpace objects, 0(0B) LOS objects, 40% free, 21MB/36MB, paused 107us total 9.910ms
08-05 21:19:35.274 21903 21916 I art     : Starting a blocking GC Explicit
08-05 21:19:35.283 21903 21916 I art     : Explicit concurrent mark sweep GC freed 3(96B) AllocSpace objects, 0(0B) LOS objects, 40% free, 21MB/36MB, paused 83us total 9.733ms
08-05 21:19:35.289 21903 21916 I art     : Starting a blocking GC Explicit
08-05 21:19:35.298 21903 21916 I art     : Explicit concurrent mark sweep GC freed 3(96B) AllocSpace objects, 0(0B) LOS objects, 40% free, 21MB/36MB, paused 98us total 9.305ms
08-05 21:19:35.373 22091 22091 D AndroidRuntime: >>>>>> START com.android.internal.os.RuntimeInit uid 2000 <<<<<<
08-05 21:19:35.378 22091 22091 D AndroidRuntime: CheckJNI is OFF
08-05 21:19:35.409 22091 22091 D ICU     : No timezone override file found: /data/misc/zoneinfo/current/icu/icu_tzdata.dat
08-05 21:19:35.436 22091 22091 I Radio-JNI: register_android_hardware_Radio DONE
08-05 21:19:35.452 22091 22091 D AndroidRuntime: Calling main entry com.android.commands.input.Input
08-05 21:19:35.454 22091 22091 I Input   : injectMotionEvent: MotionEvent { action=ACTION_DOWN, actionButton=0, id[0]=0, x[0]=711.0, y[0]=1664.0, toolType[0]=TOOL_TYPE_UNKNOWN, buttonState=0, metaState=0, flags=0x0, edgeFlags=0x0, pointerCount=1, historySize=0, eventTime=825591866, downTime=825591866, deviceId=0, source=0x1002 }
08-05 21:19:35.461 22091 22091 I Input   : injectMotionEvent: MotionEvent { action=ACTION_UP, actionButton=0, id[0]=0, x[0]=711.0, y[0]=1664.0, toolType[0]=TOOL_TYPE_UNKNOWN, buttonState=0, metaState=0, flags=0x0, edgeFlags=0x0, pointerCount=1, historySize=0, eventTime=825591866, downTime=825591866, deviceId=0, source=0x1002 }
08-05 21:19:35.462 22091 22091 D AndroidRuntime: Shutting down VM
08-05 21:19:35.473   918  3961 I ActivityManager: START u0 {flg=0x14000000 cmp=baseline.com.ak.uobtimetable/.CourseListActivity} from uid 10684 on display 0
08-05 21:19:35.474   512  2967 D audio_hw_primary: out_set_parameters: enter: usecase(1: low-latency-playback) kvpairs: routing=2
08-05 21:19:35.487   512  2967 D audio_hw_primary: select_devices: out_snd_device(2: speaker) in_snd_device(0: none)
08-05 21:19:35.487   512  2967 D msm8974_platform: platform_send_audio_calibration: sending audio calibration for snd_device(2) acdb_id(15)
08-05 21:19:35.487   512  2967 I soundtrigger: audio_extn_sound_trigger_update_device_status: device 0x2 of type 0 for Event 1
08-05 21:19:35.499   512  2967 D audio_hw_primary: enable_snd_device: snd_device(2: speaker)
08-05 21:19:35.501   512  2967 D audio_hw_primary: enable_audio_route: apply and update mixer path: low-latency-playback speaker
08-05 21:19:35.515 21903 21903 D CourseListActivity: onCreate
08-05 21:19:35.536   918  3188 I hubconnection: sensorhub said: 'set_bias 3: -6.2400, 0.0000, 0.0000'
08-05 21:19:35.542 21903 22120 I art     : Starting a blocking GC Explicit
08-05 21:19:35.547 21903 22126 D HTTP    : Request for: https://uob-timetable-api.adriankeenan.co.uk/courses
08-05 21:19:35.555 21903 22120 I art     : Explicit concurrent mark sweep GC freed 4448(346KB) AllocSpace objects, 1(20KB) LOS objects, 40% free, 22MB/37MB, paused 404us total 12.743ms
08-05 21:19:35.561 21903 22120 I art     : Starting a blocking GC Explicit
08-05 21:19:35.571 21903 22120 I art     : Explicit concurrent mark sweep GC freed 563(44KB) AllocSpace objects, 0(0B) LOS objects, 40% free, 22MB/36MB, paused 147us total 10.074ms
08-05 21:19:35.577 21903 22120 I art     : Starting a blocking GC Explicit
08-05 21:19:35.589 21903 22120 I art     : Explicit concurrent mark sweep GC freed 132(4KB) AllocSpace objects, 0(0B) LOS objects, 40% free, 22MB/37MB, paused 147us total 11.313ms
08-05 21:19:35.594 21903 22120 I art     : Starting a blocking GC Explicit
08-05 21:19:35.605 21903 22120 I art     : Explicit concurrent mark sweep GC freed 15(480B) AllocSpace objects, 0(0B) LOS objects, 40% free, 22MB/37MB, paused 161us total 10.446ms
08-05 21:19:35.611 21903 22120 I art     : Starting a blocking GC Explicit
08-05 21:19:35.615   918   936 I ActivityManager: Displayed baseline.com.ak.uobtimetable/.CourseListActivity: +130ms
08-05 21:19:35.615 13866 13866 I GoogleInputMethodServic: GoogleInputMethodService.onFinishInput():3138 
08-05 21:19:35.616 13866 13866 I GoogleInputMethodServic: GoogleInputMethodService.onStartInput():1808 
08-05 21:19:35.623 21903 22120 I art     : Explicit concurrent mark sweep GC freed 46(2016B) AllocSpace objects, 0(0B) LOS objects, 40% free, 22MB/37MB, paused 164us total 11.735ms
08-05 21:19:35.638 21903 21918 D OpenGLRenderer: endAllStagingAnimators on 0x7f949fe000 (RippleDrawable) with handle 0x7f99f07040
08-05 21:19:35.838 21903 22120 I art     : Starting a blocking GC Explicit
08-05 21:19:35.847 21903 22126 I NAPPA_EXPERIMENTATION: MetricNetworkRequestExecutionTime: REQUEST_DURATION_SYSTEM='296',REQUEST_DURATION_OKHTTP='40',REQUEST_SYNCHRONOUS='TRUE',RESPONSE_CODE='200',RESPONSE_METHOD='GET',RESPONSE_LENGTH_OKHTTP='-1',RESPONSE_LENGTH_HEADER='-2',REQUEST_PROTOCOL='http/1.1',REQUEST_URL='https://uob-timetable-api.adriankeenan.co.uk/courses',
08-05 21:19:35.852 21903 22120 I art     : Explicit concurrent mark sweep GC freed 4114(270KB) AllocSpace objects, 4(220KB) LOS objects, 40% free, 22MB/37MB, paused 218us total 13.515ms
08-05 21:19:35.859 21903 22120 I art     : Starting a blocking GC Explicit
08-05 21:19:35.874 21903 22120 I art     : Explicit concurrent mark sweep GC freed 1073(122KB) AllocSpace objects, 0(0B) LOS objects, 40% free, 23MB/39MB, paused 301us total 14.808ms
08-05 21:19:35.881 21903 22120 I art     : Starting a blocking GC Explicit
08-05 21:19:35.894 21903 22120 I art     : Explicit concurrent mark sweep GC freed 29(1168B) AllocSpace objects, 0(0B) LOS objects, 38% free, 25MB/41MB, paused 133us total 11.722ms
08-05 21:19:35.900 21903 22120 I art     : Starting a blocking GC Explicit
08-05 21:19:35.910 21903 22120 I art     : Explicit concurrent mark sweep GC freed 11(288B) AllocSpace objects, 0(0B) LOS objects, 36% free, 27MB/43MB, paused 138us total 10.614ms
08-05 21:19:35.916 21903 22120 I art     : Starting a blocking GC Explicit
08-05 21:19:35.927 21903 22120 I art     : Explicit concurrent mark sweep GC freed 11(304B) AllocSpace objects, 0(0B) LOS objects, 35% free, 28MB/44MB, paused 158us total 10.665ms
08-05 21:19:36.029   512  2967 D audio_hw_primary: disable_audio_route: reset and update mixer path: low-latency-playback speaker
08-05 21:19:36.031   512  2967 D audio_hw_primary: disable_snd_device: snd_device(2: speaker)
08-05 21:19:36.039   512  2967 I soundtrigger: audio_extn_sound_trigger_update_device_status: device 0x2 of type 0 for Event 0
08-05 21:19:36.176 21903 22126 I HTTP    : Response was compressed.
08-05 21:19:36.177 21903 21914 I art     : Starting a blocking GC Explicit
08-05 21:19:36.196 21903 21914 I art     : Explicit concurrent mark sweep GC freed 3329(154KB) AllocSpace objects, 2(22MB) LOS objects, 29% free, 37MB/53MB, paused 401us total 18.952ms
08-05 21:19:36.203 21903 21914 I art     : Starting a blocking GC Explicit
08-05 21:19:36.216 21903 21914 I art     : Explicit concurrent mark sweep GC freed 13033(609KB) AllocSpace objects, 0(0B) LOS objects, 29% free, 37MB/53MB, paused 170us total 13.200ms
08-05 21:19:36.222 21903 21914 I art     : Starting a blocking GC Explicit
08-05 21:19:36.233 21903 21914 I art     : Explicit concurrent mark sweep GC freed 9687(454KB) AllocSpace objects, 0(0B) LOS objects, 29% free, 37MB/53MB, paused 165us total 11.275ms
08-05 21:19:36.238 21903 21914 I art     : Starting a blocking GC Explicit
08-05 21:19:36.250 21903 21914 I art     : Explicit concurrent mark sweep GC freed 9534(443KB) AllocSpace objects, 0(0B) LOS objects, 29% free, 37MB/53MB, paused 161us total 11.395ms
08-05 21:19:36.256 21903 21914 I art     : Starting a blocking GC Explicit
08-05 21:19:36.268 21903 21914 I art     : Explicit concurrent mark sweep GC freed 9588(447KB) AllocSpace objects, 0(0B) LOS objects, 29% free, 37MB/53MB, paused 218us total 12.235ms
08-05 21:19:36.531 21903 21916 I art     : Starting a blocking GC Explicit
08-05 21:19:36.557 21903 21916 I art     : Explicit concurrent mark sweep GC freed 156867(7MB) AllocSpace objects, 1(20KB) LOS objects, 28% free, 39MB/55MB, paused 251us total 25.939ms
08-05 21:19:36.566 21903 21916 I art     : Starting a blocking GC Explicit
08-05 21:19:36.582 21903 21916 I art     : Explicit concurrent mark sweep GC freed 16563(776KB) AllocSpace objects, 0(0B) LOS objects, 29% free, 39MB/55MB, paused 221us total 15.586ms
08-05 21:19:36.588 21903 21916 I art     : Starting a blocking GC Explicit
08-05 21:19:36.603 21903 21916 I art     : Explicit concurrent mark sweep GC freed 11936(563KB) AllocSpace objects, 0(0B) LOS objects, 28% free, 39MB/55MB, paused 252us total 14.229ms
08-05 21:19:36.609 21903 21916 I art     : Starting a blocking GC Explicit
08-05 21:19:36.624 21903 21916 I art     : Explicit concurrent mark sweep GC freed 11523(541KB) AllocSpace objects, 0(0B) LOS objects, 28% free, 39MB/55MB, paused 259us total 14.851ms
08-05 21:19:36.631 21903 21916 I art     : Starting a blocking GC Explicit
08-05 21:19:36.647 21903 21916 I art     : Explicit concurrent mark sweep GC freed 12356(573KB) AllocSpace objects, 0(0B) LOS objects, 28% free, 39MB/55MB, paused 315us total 15.387ms
08-05 21:19:36.908 21903 21916 I art     : Starting a blocking GC Explicit
08-05 21:19:36.939 21903 21916 I art     : Explicit concurrent mark sweep GC freed 153866(7MB) AllocSpace objects, 1(20KB) LOS objects, 28% free, 40MB/56MB, paused 298us total 31.292ms
08-05 21:19:36.948 21903 21916 I art     : Starting a blocking GC Explicit
08-05 21:19:36.966 21903 21916 I art     : Explicit concurrent mark sweep GC freed 18768(881KB) AllocSpace objects, 0(0B) LOS objects, 28% free, 40MB/56MB, paused 291us total 18.210ms
08-05 21:19:36.975 21903 21916 I art     : Starting a blocking GC Explicit
08-05 21:19:36.992 21903 21916 I art     : Explicit concurrent mark sweep GC freed 13087(618KB) AllocSpace objects, 0(0B) LOS objects, 28% free, 40MB/56MB, paused 285us total 17.521ms
08-05 21:19:37.000 21903 21916 I art     : Starting a blocking GC Explicit
08-05 21:19:37.019 21903 21916 I art     : Explicit concurrent mark sweep GC freed 14424(693KB) AllocSpace objects, 0(0B) LOS objects, 28% free, 40MB/56MB, paused 304us total 17.952ms
08-05 21:19:37.027 21903 21916 I art     : Starting a blocking GC Explicit
08-05 21:19:37.045 21903 21916 I art     : Explicit concurrent mark sweep GC freed 14151(665KB) AllocSpace objects, 0(0B) LOS objects, 28% free, 40MB/56MB, paused 289us total 17.859ms
08-05 21:19:37.310 21903 22127 I art     : Starting a blocking GC Explicit
08-05 21:19:37.354 21903 22127 I art     : Explicit concurrent mark sweep GC freed 161989(7MB) AllocSpace objects, 1(20KB) LOS objects, 27% free, 42MB/58MB, paused 394us total 44.054ms
08-05 21:19:37.366 21903 22127 I art     : Starting a blocking GC Explicit
08-05 21:19:37.387 21903 22127 I art     : Explicit concurrent mark sweep GC freed 22195(1048KB) AllocSpace objects, 0(0B) LOS objects, 27% free, 42MB/58MB, paused 326us total 21.349ms
08-05 21:19:37.396 21903 22127 I art     : Starting a blocking GC Explicit
08-05 21:19:37.416 21903 22127 I art     : Explicit concurrent mark sweep GC freed 16213(783KB) AllocSpace objects, 0(0B) LOS objects, 27% free, 42MB/58MB, paused 334us total 20.248ms
08-05 21:19:37.425 21903 22127 I art     : Starting a blocking GC Explicit
08-05 21:19:37.447 21903 22127 I art     : Explicit concurrent mark sweep GC freed 15824(751KB) AllocSpace objects, 0(0B) LOS objects, 27% free, 42MB/58MB, paused 359us total 21.384ms
08-05 21:19:37.456 21903 22127 I art     : Starting a blocking GC Explicit
08-05 21:19:37.477 21903 22127 I art     : Explicit concurrent mark sweep GC freed 16363(767KB) AllocSpace objects, 0(0B) LOS objects, 27% free, 42MB/58MB, paused 373us total 21.309ms
08-05 21:19:37.747 21903 21914 I art     : Starting a blocking GC Explicit
08-05 21:19:37.787 21903 21914 I art     : Explicit concurrent mark sweep GC freed 159732(7MB) AllocSpace objects, 1(20KB) LOS objects, 26% free, 44MB/60MB, paused 429us total 39.977ms
08-05 21:19:37.798 21903 21914 I art     : Starting a blocking GC Explicit
08-05 21:19:37.823 21903 21914 I art     : Explicit concurrent mark sweep GC freed 22154(1044KB) AllocSpace objects, 0(0B) LOS objects, 26% free, 43MB/59MB, paused 429us total 24.635ms
08-05 21:19:37.832 21903 21914 I art     : Starting a blocking GC Explicit
08-05 21:19:37.857 21903 21914 I art     : Explicit concurrent mark sweep GC freed 18612(872KB) AllocSpace objects, 0(0B) LOS objects, 26% free, 44MB/60MB, paused 450us total 24.670ms
08-05 21:19:37.867 21903 21914 I art     : Starting a blocking GC Explicit
08-05 21:19:37.892 21903 21914 I art     : Explicit concurrent mark sweep GC freed 18791(883KB) AllocSpace objects, 0(0B) LOS objects, 26% free, 44MB/60MB, paused 405us total 24.723ms
08-05 21:19:37.901 21903 21914 I art     : Starting a blocking GC Explicit
08-05 21:19:37.926 21903 21914 I art     : Explicit concurrent mark sweep GC freed 18764(882KB) AllocSpace objects, 0(0B) LOS objects, 26% free, 44MB/60MB, paused 441us total 24.890ms
08-05 21:19:38.100   518   646 I ThermalEngine: ACTION: GPU - Setting GPU[0] to 510000000
08-05 21:19:38.201 21903 22127 I art     : Starting a blocking GC Explicit
08-05 21:19:38.257 21903 22127 I art     : Explicit concurrent mark sweep GC freed 164971(7MB) AllocSpace objects, 1(20KB) LOS objects, 25% free, 45MB/61MB, paused 608us total 55.465ms
08-05 21:19:38.271 21903 22127 I art     : Starting a blocking GC Explicit
08-05 21:19:38.307 21903 22127 I art     : Explicit concurrent mark sweep GC freed 32532(1518KB) AllocSpace objects, 0(0B) LOS objects, 25% free, 45MB/61MB, paused 655us total 35.855ms
08-05 21:19:38.320 21903 22127 I art     : Starting a blocking GC Explicit
08-05 21:19:38.355 21903 22127 I art     : Explicit concurrent mark sweep GC freed 26633(1245KB) AllocSpace objects, 0(0B) LOS objects, 25% free, 46MB/62MB, paused 652us total 35.350ms
08-05 21:19:38.369 21903 22127 I art     : Starting a blocking GC Explicit
08-05 21:19:38.405 21903 22127 I art     : Explicit concurrent mark sweep GC freed 26953(1256KB) AllocSpace objects, 0(0B) LOS objects, 25% free, 46MB/62MB, paused 660us total 36.659ms
08-05 21:19:38.419 21903 22127 I art     : Starting a blocking GC Explicit
08-05 21:19:38.456 21903 22127 I art     : Explicit concurrent mark sweep GC freed 26773(1253KB) AllocSpace objects, 0(0B) LOS objects, 25% free, 46MB/62MB, paused 655us total 36.844ms
08-05 21:19:38.727 21903 21916 I art     : Starting a blocking GC Explicit
08-05 21:19:38.790 21903 21916 I art     : Explicit concurrent mark sweep GC freed 173833(7MB) AllocSpace objects, 1(20KB) LOS objects, 24% free, 48MB/64MB, paused 730us total 62.712ms
08-05 21:19:38.805 21903 21916 I art     : Starting a blocking GC Explicit
08-05 21:19:38.845 21903 21916 I art     : Explicit concurrent mark sweep GC freed 35512(1678KB) AllocSpace objects, 0(0B) LOS objects, 24% free, 48MB/64MB, paused 714us total 40.658ms
08-05 21:19:38.846 21903 21913 I art     : WaitForGcToComplete blocked for 40.884ms for cause HeapTrim
08-05 21:19:38.859 21903 21916 I art     : Starting a blocking GC Explicit
08-05 21:19:38.900 21903 21916 I art     : Explicit concurrent mark sweep GC freed 29750(1396KB) AllocSpace objects, 0(0B) LOS objects, 24% free, 48MB/64MB, paused 752us total 40.247ms
08-05 21:19:38.914 21903 21916 I art     : Starting a blocking GC Explicit
08-05 21:19:38.955 21903 21916 I art     : Explicit concurrent mark sweep GC freed 29859(1451KB) AllocSpace objects, 0(0B) LOS objects, 24% free, 48MB/64MB, paused 791us total 40.858ms
08-05 21:19:38.969 21903 21916 I art     : Starting a blocking GC Explicit
08-05 21:19:38.973 21903 22126 I Service : getCourses response time: 0.69
08-05 21:19:38.989 21903 21903 I SettingsManager: Getting string: savedCourse
08-05 21:19:39.008 21903 21916 I art     : Explicit concurrent mark sweep GC freed 11604(546KB) AllocSpace objects, 0(0B) LOS objects, 24% free, 48MB/64MB, paused 473us total 38.329ms
08-05 21:19:39.269 21903 22120 I art     : Starting a blocking GC Explicit
08-05 21:19:39.337 21903 22120 I art     : Explicit concurrent mark sweep GC freed 1967(106KB) AllocSpace objects, 2(15MB) LOS objects, 32% free, 33MB/49MB, paused 232us total 67.672ms
08-05 21:19:39.355 21903 22120 I art     : Starting a blocking GC Explicit
08-05 21:19:39.399 21903 22120 I art     : Explicit concurrent mark sweep GC freed 61(2528B) AllocSpace objects, 0(0B) LOS objects, 32% free, 33MB/49MB, paused 200us total 43.782ms
08-05 21:19:39.415 21903 22120 I art     : Starting a blocking GC Explicit
08-05 21:19:39.458 21903 22120 I art     : Explicit concurrent mark sweep GC freed 3(96B) AllocSpace objects, 0(0B) LOS objects, 32% free, 33MB/49MB, paused 207us total 42.429ms
08-05 21:19:39.473 21903 22120 I art     : Starting a blocking GC Explicit
08-05 21:19:39.516 21903 22120 I art     : Explicit concurrent mark sweep GC freed 3(96B) AllocSpace objects, 0(0B) LOS objects, 32% free, 33MB/49MB, paused 218us total 42.575ms
08-05 21:19:39.532 21903 22120 I art     : Starting a blocking GC Explicit
08-05 21:19:39.576 21903 22120 I art     : Explicit concurrent mark sweep GC freed 3(96B) AllocSpace objects, 0(0B) LOS objects, 32% free, 33MB/49MB, paused 204us total 43.702ms
08-05 21:19:39.879 21903 21916 I art     : Starting a blocking GC Explicit
08-05 21:19:39.933 21903 21916 I art     : Explicit concurrent mark sweep GC freed 1274(74KB) AllocSpace objects, 1(20KB) LOS objects, 32% free, 33MB/49MB, paused 217us total 53.024ms
08-05 21:19:39.949 21903 21916 I art     : Starting a blocking GC Explicit
08-05 21:19:39.992 21903 21916 I art     : Explicit concurrent mark sweep GC freed 18(624B) AllocSpace objects, 0(0B) LOS objects, 32% free, 33MB/49MB, paused 204us total 42.791ms
08-05 21:19:40.009 21903 21916 I art     : Starting a blocking GC Explicit
08-05 21:19:40.051 21903 21916 I art     : Explicit concurrent mark sweep GC freed 3(96B) AllocSpace objects, 0(0B) LOS objects, 32% free, 33MB/49MB, paused 200us total 42.252ms
08-05 21:19:40.066 21903 21916 I art     : Starting a blocking GC Explicit
08-05 21:19:40.110 21903 21916 I art     : Explicit concurrent mark sweep GC freed 3(96B) AllocSpace objects, 0(0B) LOS objects, 32% free, 33MB/49MB, paused 196us total 43.126ms
08-05 21:19:40.126 21903 21916 I art     : Starting a blocking GC Explicit
08-05 21:19:40.170 21903 21916 I art     : Explicit concurrent mark sweep GC freed 3(96B) AllocSpace objects, 0(0B) LOS objects, 32% free, 33MB/49MB, paused 208us total 43.975ms
08-05 21:19:40.488 21903 21914 I art     : Starting a blocking GC Explicit
08-05 21:19:40.546 21903 21914 I art     : Explicit concurrent mark sweep GC freed 1274(74KB) AllocSpace objects, 1(20KB) LOS objects, 32% free, 33MB/49MB, paused 205us total 58.448ms
08-05 21:19:40.563 21903 21914 I art     : Starting a blocking GC Explicit
08-05 21:19:40.602 21903 21914 I art     : Explicit concurrent mark sweep GC freed 18(624B) AllocSpace objects, 0(0B) LOS objects, 32% free, 33MB/49MB, paused 186us total 38.344ms
08-05 21:19:40.617 13866 13882 I PeriodicStatsRunner: PeriodicStatsRunner.call():175 call()
08-05 21:19:40.617 13866 13882 I PeriodicStatsRunner: PeriodicStatsRunner.call():179 No submit PeriodicStats since input started.
08-05 21:19:40.617 21903 21914 I art     : Starting a blocking GC Explicit
08-05 21:19:40.661 21903 21914 I art     : Explicit concurrent mark sweep GC freed 4(128B) AllocSpace objects, 0(0B) LOS objects, 32% free, 33MB/49MB, paused 191us total 43.750ms
08-05 21:19:40.677 21903 21914 I art     : Starting a blocking GC Explicit
08-05 21:19:40.720 21903 21914 I art     : Explicit concurrent mark sweep GC freed 5(176B) AllocSpace objects, 0(0B) LOS objects, 32% free, 33MB/49MB, paused 187us total 42.266ms
08-05 21:19:40.735 21903 21914 I art     : Starting a blocking GC Explicit
08-05 21:19:40.776 21903 21914 I art     : Explicit concurrent mark sweep GC freed 3(96B) AllocSpace objects, 0(0B) LOS objects, 32% free, 33MB/49MB, paused 180us total 40.166ms
08-05 21:19:41.100 21903 22120 I art     : Starting a blocking GC Explicit
08-05 21:19:41.157 21903 22120 I art     : Explicit concurrent mark sweep GC freed 1274(74KB) AllocSpace objects, 1(20KB) LOS objects, 32% free, 33MB/49MB, paused 218us total 57.569ms
08-05 21:19:41.174 21903 22120 I art     : Starting a blocking GC Explicit
08-05 21:19:41.213 21903 22120 I art     : Explicit concurrent mark sweep GC freed 18(624B) AllocSpace objects, 0(0B) LOS objects, 32% free, 33MB/49MB, paused 194us total 38.339ms
08-05 21:19:41.229 21903 22120 I art     : Starting a blocking GC Explicit
08-05 21:19:41.271 21903 22120 I art     : Explicit concurrent mark sweep GC freed 3(96B) AllocSpace objects, 0(0B) LOS objects, 32% free, 33MB/49MB, paused 197us total 42.573ms
08-05 21:19:41.287 21903 22120 I art     : Starting a blocking GC Explicit
08-05 21:19:41.330 21903 22120 I art     : Explicit concurrent mark sweep GC freed 3(96B) AllocSpace objects, 0(0B) LOS objects, 32% free, 33MB/49MB, paused 200us total 42.285ms
08-05 21:19:41.345 21903 22120 I art     : Starting a blocking GC Explicit
08-05 21:19:41.388 21903 22120 I art     : Explicit concurrent mark sweep GC freed 3(96B) AllocSpace objects, 0(0B) LOS objects, 32% free, 33MB/49MB, paused 198us total 42.410ms
08-05 21:19:41.711 21903 21916 I art     : Starting a blocking GC Explicit
08-05 21:19:41.758 21903 21916 I art     : Explicit concurrent mark sweep GC freed 1274(74KB) AllocSpace objects, 1(20KB) LOS objects, 32% free, 33MB/49MB, paused 232us total 47.018ms
08-05 21:19:41.774 21903 21916 I art     : Starting a blocking GC Explicit
08-05 21:19:41.814 21903 21916 I art     : Explicit concurrent mark sweep GC freed 18(624B) AllocSpace objects, 0(0B) LOS objects, 32% free, 33MB/49MB, paused 192us total 39.826ms
08-05 21:19:41.829 21903 21916 I art     : Starting a blocking GC Explicit
08-05 21:19:41.868 21903 21916 I art     : Explicit concurrent mark sweep GC freed 3(96B) AllocSpace objects, 0(0B) LOS objects, 32% free, 33MB/49MB, paused 200us total 39.601ms
08-05 21:19:41.883 21903 21916 I art     : Starting a blocking GC Explicit
08-05 21:19:41.924 21903 21916 I art     : Explicit concurrent mark sweep GC freed 3(96B) AllocSpace objects, 0(0B) LOS objects, 32% free, 33MB/49MB, paused 201us total 40.466ms
08-05 21:19:41.939 21903 21916 I art     : Starting a blocking GC Explicit
08-05 21:19:41.980 21903 21916 I art     : Explicit concurrent mark sweep GC freed 3(96B) AllocSpace objects, 0(0B) LOS objects, 32% free, 33MB/49MB, paused 198us total 40.742ms
08-05 21:19:42.119 22261 22261 D AndroidRuntime: >>>>>> START com.android.internal.os.RuntimeInit uid 2000 <<<<<<
08-05 21:19:42.124 22261 22261 D AndroidRuntime: CheckJNI is OFF
08-05 21:19:42.160 22261 22261 D ICU     : No timezone override file found: /data/misc/zoneinfo/current/icu/icu_tzdata.dat
08-05 21:19:42.192 22261 22261 I Radio-JNI: register_android_hardware_Radio DONE
08-05 21:19:42.213 22261 22261 D AndroidRuntime: Calling main entry com.android.commands.input.Input
08-05 21:19:42.215 22261 22261 I Input   : injectMotionEvent: MotionEvent { action=ACTION_DOWN, actionButton=0, id[0]=0, x[0]=526.0, y[0]=704.0, toolType[0]=TOOL_TYPE_UNKNOWN, buttonState=0, metaState=0, flags=0x0, edgeFlags=0x0, pointerCount=1, historySize=0, eventTime=825598628, downTime=825598628, deviceId=0, source=0x1002 }
08-05 21:19:42.220 22261 22261 I Input   : injectMotionEvent: MotionEvent { action=ACTION_UP, actionButton=0, id[0]=0, x[0]=526.0, y[0]=704.0, toolType[0]=TOOL_TYPE_UNKNOWN, buttonState=0, metaState=0, flags=0x0, edgeFlags=0x0, pointerCount=1, historySize=0, eventTime=825598628, downTime=825598628, deviceId=0, source=0x1002 }
08-05 21:19:42.221 22261 22261 D AndroidRuntime: Shutting down VM
08-05 21:19:42.262 21903 21916 I art     : Starting a blocking GC Explicit
08-05 21:19:42.288   512  2967 D audio_hw_primary: out_set_parameters: enter: usecase(1: low-latency-playback) kvpairs: routing=2
08-05 21:19:42.300   512  2967 D audio_hw_primary: select_devices: out_snd_device(2: speaker) in_snd_device(0: none)
08-05 21:19:42.301   512  2967 D msm8974_platform: platform_send_audio_calibration: sending audio calibration for snd_device(2) acdb_id(15)
08-05 21:19:42.301   512  2967 I soundtrigger: audio_extn_sound_trigger_update_device_status: device 0x2 of type 0 for Event 1
08-05 21:19:42.307 21903 21916 I art     : Explicit concurrent mark sweep GC freed 1813(119KB) AllocSpace objects, 2(40KB) LOS objects, 32% free, 33MB/49MB, paused 557us total 45.311ms
08-05 21:19:42.312   512  2967 D audio_hw_primary: enable_snd_device: snd_device(2: speaker)
08-05 21:19:42.314   512  2967 D audio_hw_primary: enable_audio_route: apply and update mixer path: low-latency-playback speaker
08-05 21:19:42.323 21903 21916 I art     : Starting a blocking GC Explicit
08-05 21:19:42.362 21903 21916 I art     : Explicit concurrent mark sweep GC freed 265(16KB) AllocSpace objects, 0(0B) LOS objects, 32% free, 33MB/49MB, paused 255us total 39.110ms
08-05 21:19:42.377 21903 21916 I art     : Starting a blocking GC Explicit
08-05 21:19:42.415 21903 21916 I art     : Explicit concurrent mark sweep GC freed 62(2432B) AllocSpace objects, 0(0B) LOS objects, 32% free, 33MB/49MB, paused 368us total 37.542ms
08-05 21:19:42.431 21903 21916 I art     : Starting a blocking GC Explicit
08-05 21:19:42.471 21903 21916 I art     : Explicit concurrent mark sweep GC freed 58(2688B) AllocSpace objects, 0(0B) LOS objects, 32% free, 33MB/49MB, paused 201us total 39.408ms
08-05 21:19:42.487 21903 21916 I art     : Starting a blocking GC Explicit
08-05 21:19:42.529 21903 21916 I art     : Explicit concurrent mark sweep GC freed 7(240B) AllocSpace objects, 0(0B) LOS objects, 32% free, 33MB/49MB, paused 198us total 41.346ms
08-05 21:19:42.817 21903 21916 I art     : Starting a blocking GC Explicit
08-05 21:19:42.822 15866 15866 I Finsky  : [1] xow.onStartJob(3): SCH: onJobSchedulerWakeup with jobId 9001
08-05 21:19:42.834 15866 15866 I Finsky  : [1] xjw.a(9): Scheduling fallback in 43199997 (absolute: 1852186705)
08-05 21:19:42.838 15866 15866 I Finsky  : [1] xjw.a(9): Scheduling fallback in 64799996 (absolute: 1873786709)
08-05 21:19:42.859   512  2967 D audio_hw_primary: disable_audio_route: reset and update mixer path: low-latency-playback speaker
08-05 21:19:42.860   512  2967 D audio_hw_primary: disable_snd_device: snd_device(2: speaker)
08-05 21:19:42.867   512  2967 I soundtrigger: audio_extn_sound_trigger_update_device_status: device 0x2 of type 0 for Event 0
08-05 21:19:42.869 21903 21916 I art     : Explicit concurrent mark sweep GC freed 1277(75KB) AllocSpace objects, 1(20KB) LOS objects, 32% free, 33MB/49MB, paused 184us total 51.963ms
08-05 21:19:42.884 21903 21916 I art     : Starting a blocking GC Explicit
08-05 21:19:42.927 21903 21916 I art     : Explicit concurrent mark sweep GC freed 24(816B) AllocSpace objects, 0(0B) LOS objects, 32% free, 33MB/49MB, paused 215us total 42.307ms
08-05 21:19:42.943 21903 21916 I art     : Starting a blocking GC Explicit
08-05 21:19:42.977 15866 15866 I Finsky  : [1] xkf.handleMessage(8): SCH: DeviceState: DeviceState{currentTime=1596655182971, isCharging=false, isIdle=false, netAny=true, netNotRoaming=true, netUnmetered=true, batteryPercent=100.0}
08-05 21:19:42.982 15866 21865 I Finsky  : [6317] xmu.a(8): SCH: Jobs in database: 1-1337 3-219 3-220 12-1 26-1414141414 
08-05 21:19:42.984 15866 15866 I Finsky  : [1] xkg.a(16): SCH: Running job: 12-1
08-05 21:19:42.984 15866 15866 I Finsky  : [1] ContentSyncJob.a(16): [ContentSync] job started
08-05 21:19:42.985 15866 15866 I Finsky  : [1] xkf.handleMessage(61): SCH: RunningQueue size: 1, PendingQueue size: 0
08-05 21:19:42.985 21903 21916 I art     : Explicit concurrent mark sweep GC freed 5(160B) AllocSpace objects, 0(0B) LOS objects, 32% free, 33MB/49MB, paused 182us total 41.885ms
08-05 21:19:42.985 15866 15866 I Finsky  : [1] xkf.handleMessage(64): SCH: Running queue: 12-1 
08-05 21:19:43.001 21903 21916 I art     : Starting a blocking GC Explicit
08-05 21:19:43.044 21903 21916 I art     : Explicit concurrent mark sweep GC freed 3(96B) AllocSpace objects, 0(0B) LOS objects, 32% free, 33MB/49MB, paused 179us total 42.790ms
08-05 21:19:43.061 21903 21916 I art     : Starting a blocking GC Explicit
08-05 21:19:43.080 15866 21893 I Finsky  : [6322] dzn.a(22): Completed 0 account content syncs with 0 successful.
08-05 21:19:43.081 15866 15866 I Finsky  : [1] ContentSyncJob.a(1): [ContentSync] Installation state replication succeeded.
08-05 21:19:43.081 15866 15866 I Finsky  : [1] xlr.a(13): SCH: jobFinished: 12-1. TimeElapsed: 97ms.
08-05 21:19:43.082 15866 15866 I Finsky  : [1] xkg.a(36): SCH: Job 12-1 finished. Not rescheduling.
08-05 21:19:43.083 15866 15866 I Finsky  : [1] xkf.handleMessage(61): SCH: RunningQueue size: 0, PendingQueue size: 0
08-05 21:19:43.083 15866 15866 I Finsky  : [1] xkf.handleMessage(25): Executor finished
08-05 21:19:43.099 15866 15866 I Finsky  : [1] xmu.a(8): SCH: Jobs in database: 1-1337 3-219 3-220 26-1414141414 
08-05 21:19:43.100 15866 15866 I Finsky  : [1] xio.a(57): SCH: ConstraintMapping: 1-1337,  -> L: 2769816ms, D: 45969816ms, C: false, I: false, N: 1
08-05 21:19:43.101 15866 15866 I Finsky  : [1] xio.a(57): SCH: ConstraintMapping: 3-219,  -> L: 0ms, D: 77980423ms, C: false, I: true, N: 2
08-05 21:19:43.101 15866 15866 I Finsky  : [1] xio.a(57): SCH: ConstraintMapping: 3-220,  -> L: 0ms, D: 77980464ms, C: true, I: true, N: 2
08-05 21:19:43.102 15866 15866 I Finsky  : [1] xio.a(57): SCH: ConstraintMapping: 26-1414141414,  -> L: 7417278ms, D: 8317278ms, C: false, I: false, N: 0
08-05 21:19:43.102 21903 21916 I art     : Explicit concurrent mark sweep GC freed 3(96B) AllocSpace objects, 0(0B) LOS objects, 32% free, 33MB/49MB, paused 184us total 41.198ms
08-05 21:19:43.112 15866 15866 I Finsky  : [1] xle.a(34): Cancelling existing jobscheduler jobs: 9007 9008 9009 9015 9004 9003 9005 
08-05 21:19:43.113 15866 15866 I Finsky  : [1] xle.a(27): Scheduling job Id: 9000, L: 2769816, D: 45969816, C: false, I: false, N: 1
08-05 21:19:43.114 15866 15866 I Finsky  : [1] xle.a(10): Throttling wakeup for job 9002 (expected to run in 0 ms) due to recent wakeup
08-05 21:19:43.114 15866 15866 I Finsky  : [1] xle.a(27): Scheduling job Id: 9002, L: 30000, D: 77980423, C: false, I: true, N: 2
08-05 21:19:43.116 15866 15866 I Finsky  : [1] xle.a(10): Throttling wakeup for job 9006 (expected to run in 0 ms) due to recent wakeup
08-05 21:19:43.117 15866 15866 I Finsky  : [1] xle.a(27): Scheduling job Id: 9006, L: 30000, D: 77980464, C: true, I: true, N: 2
08-05 21:19:43.118 15866 15866 I Finsky  : [1] xle.a(27): Scheduling job Id: 9010, L: 7417278, D: 8317278, C: false, I: false, N: 0
08-05 21:19:43.119 15866 15866 I Finsky  : [1] xle.a(27): Scheduling job Id: 9011, L: 2769816, D: 45969816, C: false, I: false, N: 1
08-05 21:19:43.121 15866 15866 I Finsky  : [1] xle.a(10): Throttling wakeup for job 9012 (expected to run in 0 ms) due to recent wakeup
08-05 21:19:43.121 15866 15866 I Finsky  : [1] xle.a(27): Scheduling job Id: 9012, L: 30000, D: 77980423, C: false, I: true, N: 2
08-05 21:19:43.123 15866 15866 I Finsky  : [1] xle.a(10): Throttling wakeup for job 9013 (expected to run in 0 ms) due to recent wakeup
08-05 21:19:43.123 15866 15866 I Finsky  : [1] xle.a(27): Scheduling job Id: 9013, L: 30000, D: 77980464, C: true, I: true, N: 2
08-05 21:19:43.125 15866 15866 I Finsky  : [1] xle.a(27): Scheduling job Id: 9014, L: 7417278, D: 8317278, C: false, I: false, N: 0
08-05 21:19:43.376 21903 22120 I art     : Starting a blocking GC Explicit
08-05 21:19:43.422 21903 22120 I art     : Explicit concurrent mark sweep GC freed 1281(75KB) AllocSpace objects, 1(20KB) LOS objects, 32% free, 33MB/49MB, paused 214us total 45.285ms
08-05 21:19:43.438 21903 22120 I art     : Starting a blocking GC Explicit
08-05 21:19:43.478 21903 22120 I art     : Explicit concurrent mark sweep GC freed 18(624B) AllocSpace objects, 0(0B) LOS objects, 32% free, 33MB/49MB, paused 184us total 39.784ms
08-05 21:19:43.493 21903 22120 I art     : Starting a blocking GC Explicit
08-05 21:19:43.530 21903 22120 I art     : Explicit concurrent mark sweep GC freed 3(96B) AllocSpace objects, 0(0B) LOS objects, 32% free, 33MB/49MB, paused 201us total 37.711ms
08-05 21:19:43.545 21903 22120 I art     : Starting a blocking GC Explicit
08-05 21:19:43.583 21903 22120 I art     : Explicit concurrent mark sweep GC freed 3(96B) AllocSpace objects, 0(0B) LOS objects, 32% free, 33MB/49MB, paused 199us total 37.876ms
08-05 21:19:43.597 21903 22120 I art     : Starting a blocking GC Explicit
08-05 21:19:43.635 21903 22120 I art     : Explicit concurrent mark sweep GC freed 3(96B) AllocSpace objects, 0(0B) LOS objects, 32% free, 33MB/49MB, paused 212us total 37.912ms
08-05 21:19:43.863 22313 22313 D AndroidRuntime: >>>>>> START com.android.internal.os.RuntimeInit uid 2000 <<<<<<
08-05 21:19:43.868 22313 22313 D AndroidRuntime: CheckJNI is OFF
08-05 21:19:43.897 21903 22127 I art     : Starting a blocking GC Explicit
08-05 21:19:43.902 22313 22313 D ICU     : No timezone override file found: /data/misc/zoneinfo/current/icu/icu_tzdata.dat
08-05 21:19:43.938 22313 22313 I Radio-JNI: register_android_hardware_Radio DONE
08-05 21:19:43.944 21903 22127 I art     : Explicit concurrent mark sweep GC freed 1282(75KB) AllocSpace objects, 1(20KB) LOS objects, 32% free, 33MB/49MB, paused 320us total 46.843ms
08-05 21:19:43.944 21903 21913 I art     : WaitForGcToComplete blocked for 44.298ms for cause HeapTrim
08-05 21:19:43.961 21903 22127 I art     : Starting a blocking GC Explicit
08-05 21:19:43.962 22313 22313 D AndroidRuntime: Calling main entry com.android.commands.input.Input
08-05 21:19:43.964 22313 22313 I Input   : injectMotionEvent: MotionEvent { action=ACTION_DOWN, actionButton=0, id[0]=0, x[0]=1197.0, y[0]=1456.0, toolType[0]=TOOL_TYPE_UNKNOWN, buttonState=0, metaState=0, flags=0x0, edgeFlags=0x0, pointerCount=1, historySize=0, eventTime=825600376, downTime=825600376, deviceId=0, source=0x1002 }
08-05 21:19:43.971 22313 22313 I Input   : injectMotionEvent: MotionEvent { action=ACTION_UP, actionButton=0, id[0]=0, x[0]=1197.0, y[0]=1456.0, toolType[0]=TOOL_TYPE_UNKNOWN, buttonState=0, metaState=0, flags=0x0, edgeFlags=0x0, pointerCount=1, historySize=0, eventTime=825600376, downTime=825600376, deviceId=0, source=0x1002 }
08-05 21:19:43.973 22313 22313 D AndroidRuntime: Shutting down VM
08-05 21:19:43.982   512  2967 D audio_hw_primary: out_set_parameters: enter: usecase(1: low-latency-playback) kvpairs: routing=2
08-05 21:19:43.995   512  2967 D audio_hw_primary: select_devices: out_snd_device(2: speaker) in_snd_device(0: none)
08-05 21:19:43.995   512  2967 D msm8974_platform: platform_send_audio_calibration: sending audio calibration for snd_device(2) acdb_id(15)
08-05 21:19:43.996   512  2967 I soundtrigger: audio_extn_sound_trigger_update_device_status: device 0x2 of type 0 for Event 1
08-05 21:19:44.004 21903 22127 I art     : Explicit concurrent mark sweep GC freed 348(16KB) AllocSpace objects, 0(0B) LOS objects, 32% free, 33MB/49MB, paused 217us total 42.223ms
08-05 21:19:44.006   512  2967 D audio_hw_primary: enable_snd_device: snd_device(2: speaker)
08-05 21:19:44.006 21903 21918 D OpenGLRenderer: endAllStagingAnimators on 0x7f810f6c00 (RippleDrawable) with handle 0x7f7e155760
08-05 21:19:44.008   512  2967 D audio_hw_primary: enable_audio_route: apply and update mixer path: low-latency-playback speaker
08-05 21:19:44.014 21903 21903 I SettingsManager: Setting string: savedCourse
08-05 21:19:44.020 21903 22127 I art     : Starting a blocking GC Explicit
08-05 21:19:44.022   918  4400 W BackupManagerService: dataChanged but no participant pkg='baseline.com.ak.uobtimetable' uid=10684
08-05 21:19:44.023   918   929 I ActivityManager: START u0 {flg=0x4000000 cmp=baseline.com.ak.uobtimetable/.MainActivity (has extras)} from uid 10684 on display 0
08-05 21:19:44.033   918  3359 W InputMethodManagerService: Focus gain on non-focused client com.android.internal.view.IInputMethodClient$Stub$Proxy@dff3061 (uid=10684 pid=21903)
08-05 21:19:44.040 21903 21903 D MainActivity: OnDestroy
08-05 21:19:44.059 21903 22127 I art     : Explicit concurrent mark sweep GC freed 3081(154KB) AllocSpace objects, 1(20KB) LOS objects, 32% free, 33MB/49MB, paused 496us total 38.768ms
08-05 21:19:44.060 21903 21903 D MainActivity: onCreate
08-05 21:19:44.060 21903 21903 I SettingsManager: Getting string: savedSessions
08-05 21:19:44.060 21903 21903 I Settings: No saved sessions
08-05 21:19:44.074 21903 22127 I art     : Starting a blocking GC Explicit
08-05 21:19:44.092 21903 21903 I SettingsManager: Getting string: savedCourse
08-05 21:19:44.093 21903 21903 D MainActivity: sessionListFragmentArg: updateSessions
08-05 21:19:44.093 21903 21903 D MainActivity: showTermDatesConfigChange: false
08-05 21:19:44.093 21903 21903 D MainActivity: showTermDatesShortcut: false
08-05 21:19:44.095 21903 21903 D MainActivity: Setting initial fragment: SessionListsFragment
08-05 21:19:44.097 21903 21903 I SettingsManager: Getting int: launchCount
08-05 21:19:44.101 21903 21903 D SessionListsFragment: onCreateView
08-05 21:19:44.113 21903 21903 I SettingsManager: Getting string: savedCourse
08-05 21:19:44.117 21903 22127 I art     : Explicit concurrent mark sweep GC freed 2198(136KB) AllocSpace objects, 2(1340KB) LOS objects, 32% free, 33MB/49MB, paused 966us total 42.742ms
08-05 21:19:44.118 21903 21903 I SettingsManager: Getting string: savedSessions
08-05 21:19:44.118 21903 21903 D SessionListsFragment: loadArgument: updateSessions
08-05 21:19:44.118 21903 21903 D SessionListsFragment: initialIndex: -1
08-05 21:19:44.121 21903 22336 D HTTP    : Request for: https://uob-timetable-api.adriankeenan.co.uk/sessions?dept=BD002&course=CFIEFAAF%2F02AA%2F0%2FFT&level=ALL+Courses
08-05 21:19:44.123 21903 21903 I WebViewFactory: Loading com.google.android.webview version 84.0.4147.89 (code 414708953)
08-05 21:19:44.133 21903 22127 I art     : Starting a blocking GC Explicit
08-05 21:19:44.172 21903 22127 I art     : Explicit concurrent mark sweep GC freed 5003(325KB) AllocSpace objects, 2(96KB) LOS objects, 32% free, 33MB/49MB, paused 364us total 39.626ms
08-05 21:19:44.278 21903 21903 I cr_LibraryLoader: Loaded native library version number "84.0.4147.89"
08-05 21:19:44.279 21903 21903 I cr_CachingUmaRecorder: Flushed 5 samples from 5 histograms.
08-05 21:19:44.309 21903 21903 E chromium: [ERROR:filesystem_posix.cc(62)] mkdir /data/user/0/baseline.com.ak.uobtimetable/cache/WebView/Crashpad: No such file or directory (2)
08-05 21:19:44.328 21903 22336 I NAPPA_EXPERIMENTATION: MetricNetworkRequestExecutionTime: REQUEST_DURATION_SYSTEM='205',REQUEST_DURATION_OKHTTP='43',REQUEST_SYNCHRONOUS='TRUE',RESPONSE_CODE='200',RESPONSE_METHOD='GET',RESPONSE_LENGTH_OKHTTP='-1',RESPONSE_LENGTH_HEADER='867',REQUEST_PROTOCOL='http/1.1',REQUEST_URL='https://uob-timetable-api.adriankeenan.co.uk/sessions?dept=BD002&course=CFIEFAAF%2F02AA%2F0%2FFT&level=ALL+Courses',
08-05 21:19:44.381 21903 22336 I HTTP    : Response was compressed.
08-05 21:19:44.393 21903 22336 I Service : getSessions response time: 1.12
08-05 21:19:44.400   918  6111 D ConnectivityService: listenForNetwork for Listen from uid/pid:10684/21903 for NetworkRequest [ id=3558, legacyType=-1, [ Capabilities: INTERNET&NOT_RESTRICTED&TRUSTED] ]
08-05 21:19:44.418 21903 21914 I art     : Starting a blocking GC Explicit
08-05 21:19:44.435 21903 22358 W cr_media: Requires BLUETOOTH permission
08-05 21:19:44.445 21903 22373 E libEGL  : validate_display:255 error 3008 (EGL_BAD_DISPLAY)
08-05 21:19:44.449 21903 21903 D TermDatesFragment: WebView loaded
08-05 21:19:44.449 21903 21903 D MainActivity: OnResume
08-05 21:19:44.474 21903 21914 I art     : Explicit concurrent mark sweep GC freed 16170(1156KB) AllocSpace objects, 6(260KB) LOS objects, 31% free, 35MB/51MB, paused 799us total 54.913ms
08-05 21:19:44.479 21903 21903 I SettingsManager: Getting string: savedSessions
08-05 21:19:44.490 21903 21914 I art     : Starting a blocking GC Explicit
08-05 21:19:44.494 21903 21903 I SettingsManager: Setting string: savedSessions
08-05 21:19:44.499   918  5132 W BackupManagerService: dataChanged but no participant pkg='baseline.com.ak.uobtimetable' uid=10684
08-05 21:19:44.499 21903 21903 I SettingsManager: Setting date: savedSessionsTime
08-05 21:19:44.505   918   928 W BackupManagerService: dataChanged but no participant pkg='baseline.com.ak.uobtimetable' uid=10684
08-05 21:19:44.505 21903 21903 I SettingsManager: Setting string: savedSessionsCourseName
08-05 21:19:44.509   918  5952 W BackupManagerService: dataChanged but no participant pkg='baseline.com.ak.uobtimetable' uid=10684
08-05 21:19:44.509 21903 21903 I SettingsManager: Setting string: savedSessionsDateRange
08-05 21:19:44.517   918  3696 W BackupManagerService: dataChanged but no participant pkg='baseline.com.ak.uobtimetable' uid=10684
08-05 21:19:44.518 21903 21903 I SettingsManager: Setting string: timetableUrl
08-05 21:19:44.524   918  5481 W BackupManagerService: dataChanged but no participant pkg='baseline.com.ak.uobtimetable' uid=10684
08-05 21:19:44.524 21903 21903 I SettingsManager: Getting boolean: notifySessionRemindersEnabled
08-05 21:19:44.524 21903 21903 I SettingsManager: Getting int: notifySessionRemindersMinutes
08-05 21:19:44.524 21903 21903 I SettingsManager: Getting boolean: showHiddenSessions
08-05 21:19:44.536 21903 21914 I art     : Explicit concurrent mark sweep GC freed 7467(505KB) AllocSpace objects, 5(100KB) LOS objects, 31% free, 35MB/51MB, paused 507us total 45.867ms
08-05 21:19:44.549   512  2967 D audio_hw_primary: disable_audio_route: reset and update mixer path: low-latency-playback speaker
08-05 21:19:44.550   512  2967 D audio_hw_primary: disable_snd_device: snd_device(2: speaker)
08-05 21:19:44.551 21903 21914 I art     : Starting a blocking GC Explicit
08-05 21:19:44.558   512  2967 I soundtrigger: audio_extn_sound_trigger_update_device_status: device 0x2 of type 0 for Event 0
08-05 21:19:44.558 21903 21903 I SessionReminderNotifier: Created session reminder alarm for f7b4771250a919bd729c1c5a4a459c77 at Mon 08:30:00 10/08/20
08-05 21:19:44.560 21903 21903 I SessionReminderNotifier: Created session reminder alarm for a7f879aabdeb78622c8820a5fb7b64cd at Tue 08:30:00 11/08/20
08-05 21:19:44.561 21903 21903 I SessionReminderNotifier: Created session reminder alarm for 7bc8d7e2c2055711f597c3d9078c6ea3 at Tue 08:30:00 11/08/20
08-05 21:19:44.562 21903 21903 I SessionReminderNotifier: Created session reminder alarm for e0fc978b5db8218778540b4053344581 at Tue 11:00:00 11/08/20
08-05 21:19:44.563 21903 21903 I SessionReminderNotifier: Created session reminder alarm for 21712fef61090882c855a1425543edb5 at Tue 13:30:00 11/08/20
08-05 21:19:44.564 21903 21903 I SessionReminderNotifier: Created session reminder alarm for 65ca4d97f031f29a4d02bbb45a705d8f at Wed 08:30:00 12/08/20
08-05 21:19:44.565 21903 21903 I SessionReminderNotifier: Created session reminder alarm for eeda7741b0bcab58fd9f46dc6ef1d942 at Wed 08:30:00 12/08/20
08-05 21:19:44.566 21903 21903 I SessionReminderNotifier: Created session reminder alarm for c276c1b2075a0beb67f1b3d1e580f920 at Wed 11:00:00 12/08/20
08-05 21:19:44.568 21903 21903 I SessionReminderNotifier: Created session reminder alarm for 79fe0b5c3b887a13ba29db5a33fa2800 at Thu 08:30:00 06/08/20
08-05 21:19:44.569 21903 21903 I SessionReminderNotifier: Created session reminder alarm for 2ba1034116e4fffdd592dbf0796a43d5 at Fri 08:30:00 07/08/20
08-05 21:19:44.569 21903 21903 I SettingsManager: Getting boolean: showHiddenSessions
08-05 21:19:44.570 21903 21903 D SessionListsFragment: 1 sessions for day 0
08-05 21:19:44.570 21903 21903 D SessionListsFragment: 4 sessions for day 1
08-05 21:19:44.570 21903 21903 D SessionListsFragment: 3 sessions for day 2
08-05 21:19:44.570 21903 21903 D SessionListsFragment: 1 sessions for day 3
08-05 21:19:44.570 21903 21903 D SessionListsFragment: 1 sessions for day 4
08-05 21:19:44.589 21903 21903 I SettingsManager: Getting boolean: showHiddenSessions
08-05 21:19:44.590 21903 21903 D SessionListsFragment: Refreshed ViewPager
08-05 21:19:44.590 21903 21903 I SettingsManager: Getting boolean: showHiddenSessions
08-05 21:19:44.590 21903 21903 I SettingsManager: Getting boolean: completedTutorial
08-05 21:19:44.597 21903 21914 I art     : Explicit concurrent mark sweep GC freed 5196(318KB) AllocSpace objects, 4(112KB) LOS objects, 31% free, 35MB/51MB, paused 736us total 45.768ms
08-05 21:19:44.607 21903 21903 I SettingsManager: Getting boolean: showHiddenSessions
08-05 21:19:44.607 21903 21903 I SettingsManager: Getting date: savedSessionsTime
08-05 21:19:44.612 21903 21914 I art     : Starting a blocking GC Explicit
08-05 21:19:44.659 21903 21914 I art     : Explicit concurrent mark sweep GC freed 3623(303KB) AllocSpace objects, 0(0B) LOS objects, 31% free, 35MB/51MB, paused 1.350ms total 47.641ms
08-05 21:19:44.674 21903 21914 I art     : Starting a blocking GC Explicit
08-05 21:19:44.725 21903 21914 I art     : Explicit concurrent mark sweep GC freed 29456(1202KB) AllocSpace objects, 0(0B) LOS objects, 30% free, 35MB/51MB, paused 1.306ms total 50.687ms
08-05 21:19:45.008 21903 22127 I art     : Starting a blocking GC Explicit
08-05 21:19:45.079 21903 22127 I art     : Explicit concurrent mark sweep GC freed 124067(4MB) AllocSpace objects, 4(220KB) LOS objects, 30% free, 36MB/52MB, paused 841us total 71.394ms
08-05 21:19:45.097 21903 22127 I art     : Starting a blocking GC Explicit
08-05 21:19:45.153 21903 22127 I art     : Explicit concurrent mark sweep GC freed 32843(1541KB) AllocSpace objects, 0(0B) LOS objects, 30% free, 36MB/52MB, paused 752us total 55.666ms
08-05 21:19:45.169 21903 22127 I art     : Starting a blocking GC Explicit
08-05 21:19:45.207 21903 21903 I TermDatesFragment: Webview load %: 10
08-05 21:19:45.210 21903 21903 I Choreographer: Skipped 35 frames!  The application may be doing too much work on its main thread.
08-05 21:19:45.221 21903 22127 I art     : Explicit concurrent mark sweep GC freed 4508(221KB) AllocSpace objects, 0(0B) LOS objects, 30% free, 36MB/52MB, paused 818us total 51.271ms
08-05 21:19:45.237 21903 22127 I art     : Starting a blocking GC Explicit
08-05 21:19:45.290 21903 22127 I art     : Explicit concurrent mark sweep GC freed 29435(1175KB) AllocSpace objects, 0(0B) LOS objects, 30% free, 36MB/52MB, paused 572us total 52.909ms
08-05 21:19:45.306 21903 22127 I art     : Starting a blocking GC Explicit
08-05 21:19:45.348   918   936 I ActivityManager: Displayed baseline.com.ak.uobtimetable/.MainActivity: +1s311ms
08-05 21:19:45.357 21903 22127 I art     : Explicit concurrent mark sweep GC freed 1826(104KB) AllocSpace objects, 0(0B) LOS objects, 30% free, 36MB/52MB, paused 915us total 50.401ms
08-05 21:19:45.564 21903 21903 I TermDatesFragment: Webview load %: 70
08-05 21:19:45.590 21903 21903 I TermDatesFragment: Webview load %: 80
08-05 21:19:45.590 21903 21903 I TermDatesFragment: Webview load %: 100
08-05 21:19:45.591 21903 21903 I TermDatesFragment: Webview load %: 100
08-05 21:19:45.666 21903 21914 I art     : Starting a blocking GC Explicit
08-05 21:19:45.745 21903 21914 I art     : Explicit concurrent mark sweep GC freed 78150(3MB) AllocSpace objects, 1(20KB) LOS objects, 30% free, 37MB/53MB, paused 371us total 77.843ms
08-05 21:19:45.770 21903 21914 I art     : Starting a blocking GC Explicit
08-05 21:19:45.815 21903 21914 I art     : Explicit concurrent mark sweep GC freed 123469(11MB) AllocSpace objects, 3(136KB) LOS objects, 38% free, 25MB/41MB, paused 285us total 44.898ms
08-05 21:19:45.827 21903 21914 I art     : Starting a blocking GC Explicit
08-05 21:19:45.856 21903 21914 I art     : Explicit concurrent mark sweep GC freed 21(864B) AllocSpace objects, 0(0B) LOS objects, 38% free, 25MB/41MB, paused 301us total 28.477ms
08-05 21:19:45.867 21903 21914 I art     : Starting a blocking GC Explicit
08-05 21:19:45.896 21903 21914 I art     : Explicit concurrent mark sweep GC freed 3(96B) AllocSpace objects, 0(0B) LOS objects, 38% free, 25MB/41MB, paused 365us total 28.673ms
08-05 21:19:45.908 21903 21914 I art     : Starting a blocking GC Explicit
08-05 21:19:45.936 21903 21914 I art     : Explicit concurrent mark sweep GC freed 3(96B) AllocSpace objects, 0(0B) LOS objects, 38% free, 25MB/41MB, paused 303us total 28.725ms
08-05 21:19:46.111   518   646 I ThermalEngine: ACTION: GPU - Setting GPU[0] to 450000000
08-05 21:19:46.260 21903 22127 I art     : Starting a blocking GC Explicit
08-05 21:19:46.312 21903 22127 I art     : Explicit concurrent mark sweep GC freed 1484(84KB) AllocSpace objects, 1(20KB) LOS objects, 38% free, 25MB/41MB, paused 425us total 51.357ms
08-05 21:19:46.329 21903 22127 I art     : Starting a blocking GC Explicit
08-05 21:19:46.374 21903 22127 I art     : Explicit concurrent mark sweep GC freed 61(2016B) AllocSpace objects, 0(0B) LOS objects, 38% free, 25MB/41MB, paused 417us total 44.303ms
08-05 21:19:46.392 21903 22127 I art     : Starting a blocking GC Explicit
08-05 21:19:46.438 21903 22127 I art     : Explicit concurrent mark sweep GC freed 42(1344B) AllocSpace objects, 0(0B) LOS objects, 38% free, 25MB/41MB, paused 399us total 45.209ms
08-05 21:19:46.456 21903 22127 I art     : Starting a blocking GC Explicit
08-05 21:19:46.501 21903 22127 I art     : Explicit concurrent mark sweep GC freed 35(1120B) AllocSpace objects, 0(0B) LOS objects, 38% free, 25MB/41MB, paused 551us total 44.787ms
08-05 21:19:46.518 21903 22127 I art     : Starting a blocking GC Explicit
08-05 21:19:46.562 21903 22127 I art     : Explicit concurrent mark sweep GC freed 15(512B) AllocSpace objects, 0(0B) LOS objects, 38% free, 25MB/41MB, paused 390us total 44.463ms
08-05 21:19:46.883 21903 22127 I art     : Starting a blocking GC Explicit
08-05 21:19:46.935 21903 22127 I art     : Explicit concurrent mark sweep GC freed 1309(76KB) AllocSpace objects, 1(20KB) LOS objects, 38% free, 25MB/41MB, paused 808us total 51.728ms
08-05 21:19:46.956 21903 22127 I art     : Starting a blocking GC Explicit
08-05 21:19:46.995 21903 22127 I art     : Explicit concurrent mark sweep GC freed 26(880B) AllocSpace objects, 0(0B) LOS objects, 38% free, 25MB/41MB, paused 408us total 39.413ms
08-05 21:19:47.013 21903 22127 I art     : Starting a blocking GC Explicit
08-05 21:19:47.059 21903 22127 I art     : Explicit concurrent mark sweep GC freed 6(192B) AllocSpace objects, 0(0B) LOS objects, 38% free, 25MB/41MB, paused 427us total 45.431ms
08-05 21:19:47.077 21903 22127 I art     : Starting a blocking GC Explicit
08-05 21:19:47.120 21903 22127 I art     : Explicit concurrent mark sweep GC freed 4(160B) AllocSpace objects, 0(0B) LOS objects, 38% free, 25MB/41MB, paused 418us total 42.872ms
08-05 21:19:47.136 21903 22127 I art     : Starting a blocking GC Explicit
08-05 21:19:47.180 21903 22127 I art     : Explicit concurrent mark sweep GC freed 3(96B) AllocSpace objects, 0(0B) LOS objects, 38% free, 25MB/41MB, paused 412us total 44.511ms
08-05 21:19:47.540 21903 21916 I art     : Starting a blocking GC Explicit
08-05 21:19:47.597 21903 21916 I art     : Explicit concurrent mark sweep GC freed 1293(75KB) AllocSpace objects, 1(20KB) LOS objects, 38% free, 25MB/41MB, paused 459us total 56.882ms
08-05 21:19:47.617 21903 21916 I art     : Starting a blocking GC Explicit
08-05 21:19:47.661 21903 21916 I art     : Explicit concurrent mark sweep GC freed 18(624B) AllocSpace objects, 0(0B) LOS objects, 38% free, 25MB/41MB, paused 416us total 44.301ms
08-05 21:19:47.678 21903 21916 I art     : Starting a blocking GC Explicit
08-05 21:19:47.721 21903 21916 I art     : Explicit concurrent mark sweep GC freed 3(96B) AllocSpace objects, 0(0B) LOS objects, 38% free, 25MB/41MB, paused 426us total 43.365ms
08-05 21:19:47.737 21903 21916 I art     : Starting a blocking GC Explicit
08-05 21:19:47.782 21903 21916 I art     : Explicit concurrent mark sweep GC freed 3(96B) AllocSpace objects, 0(0B) LOS objects, 38% free, 25MB/41MB, paused 430us total 44.432ms
08-05 21:19:47.798 21903 21916 I art     : Starting a blocking GC Explicit
08-05 21:19:47.841 21903 21916 I art     : Explicit concurrent mark sweep GC freed 3(96B) AllocSpace objects, 0(0B) LOS objects, 38% free, 25MB/41MB, paused 436us total 42.206ms
08-05 21:19:48.185 21903 21914 I art     : Starting a blocking GC Explicit
08-05 21:19:48.231 21903 21914 I art     : Explicit concurrent mark sweep GC freed 1293(75KB) AllocSpace objects, 1(20KB) LOS objects, 38% free, 25MB/41MB, paused 406us total 45.767ms
08-05 21:19:48.247 21903 21914 I art     : Starting a blocking GC Explicit
08-05 21:19:48.286 21903 21914 I art     : Explicit concurrent mark sweep GC freed 18(624B) AllocSpace objects, 0(0B) LOS objects, 38% free, 25MB/41MB, paused 415us total 38.130ms
08-05 21:19:48.301 21903 21914 I art     : Starting a blocking GC Explicit
08-05 21:19:48.340 21903 21914 I art     : Explicit concurrent mark sweep GC freed 3(96B) AllocSpace objects, 0(0B) LOS objects, 38% free, 25MB/41MB, paused 435us total 39.394ms
08-05 21:19:48.356 21903 21914 I art     : Starting a blocking GC Explicit
08-05 21:19:48.399 21903 21914 I art     : Explicit concurrent mark sweep GC freed 3(96B) AllocSpace objects, 0(0B) LOS objects, 38% free, 25MB/41MB, paused 435us total 42.597ms
08-05 21:19:48.414 21903 21914 I art     : Starting a blocking GC Explicit
08-05 21:19:48.456 21903 21914 I art     : Explicit concurrent mark sweep GC freed 3(96B) AllocSpace objects, 0(0B) LOS objects, 38% free, 25MB/41MB, paused 429us total 41.696ms
08-05 21:19:48.751 22443 22443 D AndroidRuntime: >>>>>> START com.android.internal.os.RuntimeInit uid 2000 <<<<<<
08-05 21:19:48.757 22443 22443 D AndroidRuntime: CheckJNI is OFF
08-05 21:19:48.803 22443 22443 D ICU     : No timezone override file found: /data/misc/zoneinfo/current/icu/icu_tzdata.dat
08-05 21:19:48.813 21903 21914 I art     : Starting a blocking GC Explicit
08-05 21:19:48.853 22443 22443 I Radio-JNI: register_android_hardware_Radio DONE
08-05 21:19:48.860 21903 21914 I art     : Explicit concurrent mark sweep GC freed 1396(80KB) AllocSpace objects, 1(20KB) LOS objects, 38% free, 25MB/41MB, paused 453us total 46.284ms
08-05 21:19:48.878 21903 21914 I art     : Starting a blocking GC Explicit
08-05 21:19:48.884 22443 22443 D AndroidRuntime: Calling main entry com.android.commands.input.Input
08-05 21:19:48.887 22443 22443 I Input   : injectMotionEvent: MotionEvent { action=ACTION_DOWN, actionButton=0, id[0]=0, x[0]=1215.0, y[0]=1450.0, toolType[0]=TOOL_TYPE_UNKNOWN, buttonState=0, metaState=0, flags=0x0, edgeFlags=0x0, pointerCount=1, historySize=0, eventTime=825605299, downTime=825605299, deviceId=0, source=0x1002 }
08-05 21:19:48.893 22443 22443 I Input   : injectMotionEvent: MotionEvent { action=ACTION_UP, actionButton=0, id[0]=0, x[0]=1215.0, y[0]=1450.0, toolType[0]=TOOL_TYPE_UNKNOWN, buttonState=0, metaState=0, flags=0x0, edgeFlags=0x0, pointerCount=1, historySize=0, eventTime=825605299, downTime=825605299, deviceId=0, source=0x1002 }
08-05 21:19:48.895 22443 22443 D AndroidRuntime: Shutting down VM
08-05 21:19:48.907   512  2967 D audio_hw_primary: out_set_parameters: enter: usecase(1: low-latency-playback) kvpairs: routing=2
08-05 21:19:48.917 21903 21914 I art     : Explicit concurrent mark sweep GC freed 226(14KB) AllocSpace objects, 0(0B) LOS objects, 38% free, 25MB/41MB, paused 705us total 38.697ms
08-05 21:19:48.921   512  2967 D audio_hw_primary: select_devices: out_snd_device(2: speaker) in_snd_device(0: none)
08-05 21:19:48.922   512  2967 D msm8974_platform: platform_send_audio_calibration: sending audio calibration for snd_device(2) acdb_id(15)
08-05 21:19:48.922   512  2967 I soundtrigger: audio_extn_sound_trigger_update_device_status: device 0x2 of type 0 for Event 1
08-05 21:19:48.936 21903 21914 I art     : Starting a blocking GC Explicit
08-05 21:19:48.936   512  2967 D audio_hw_primary: enable_snd_device: snd_device(2: speaker)
08-05 21:19:48.939   512  2967 D audio_hw_primary: enable_audio_route: apply and update mixer path: low-latency-playback speaker
08-05 21:19:48.975 21903 21914 I art     : Explicit concurrent mark sweep GC freed 343(30KB) AllocSpace objects, 0(0B) LOS objects, 38% free, 25MB/41MB, paused 458us total 38.316ms
08-05 21:19:48.989 21903 21914 I art     : Starting a blocking GC Explicit
08-05 21:19:49.027 21903 21914 I art     : Explicit concurrent mark sweep GC freed 226(14KB) AllocSpace objects, 0(0B) LOS objects, 38% free, 25MB/41MB, paused 413us total 37.537ms
08-05 21:19:49.027 21903 21913 I art     : WaitForGcToComplete blocked for 22.926ms for cause HeapTrim
08-05 21:19:49.042 21903 21914 I art     : Starting a blocking GC Explicit
08-05 21:19:49.084 21903 21914 I art     : Explicit concurrent mark sweep GC freed 831(60KB) AllocSpace objects, 1(40KB) LOS objects, 38% free, 25MB/41MB, paused 380us total 41.857ms
08-05 21:19:49.260   918  1209 D NetworkMonitor/NetworkAgentInfo [WIFI () - 159]: Checking http://connectivitycheck.gstatic.com/generate_204 on "H369AA63323", 192.168.2.12=192.168.2.12
08-05 21:19:49.311   918  1209 D NetworkMonitor/NetworkAgentInfo [WIFI () - 159]: Probably not a portal: exception java.io.IOException: unexpected end of stream on Connection{connectivitycheck.gstatic.com:80, proxy=HTTP@/192.168.2.12:8080 hostAddress=192.168.2.12 cipherSuite=none protocol=http/1.1} (recycle count=0)
08-05 21:19:49.312   918  3263 D ConnectivityService: NetworkAgentInfo [WIFI () - 159] validation failed
08-05 21:19:49.313   918  3261 E WifiConfigStore:  rewrite network history for "H369AA63323"WPA_PSK
08-05 21:19:49.388 21903 21916 I art     : Starting a blocking GC Explicit
08-05 21:19:49.430 21903 21916 I art     : Explicit concurrent mark sweep GC freed 1294(75KB) AllocSpace objects, 1(20KB) LOS objects, 38% free, 25MB/41MB, paused 424us total 40.845ms
08-05 21:19:49.445 21903 21916 I art     : Starting a blocking GC Explicit
08-05 21:19:49.484 21903 21916 I art     : Explicit concurrent mark sweep GC freed 18(624B) AllocSpace objects, 0(0B) LOS objects, 38% free, 25MB/41MB, paused 390us total 38.788ms
08-05 21:19:49.488   512  2967 D audio_hw_primary: disable_audio_route: reset and update mixer path: low-latency-playback speaker
08-05 21:19:49.490   512  2967 D audio_hw_primary: disable_snd_device: snd_device(2: speaker)
08-05 21:19:49.498   512  2967 I soundtrigger: audio_extn_sound_trigger_update_device_status: device 0x2 of type 0 for Event 0
08-05 21:19:49.499 21903 21916 I art     : Starting a blocking GC Explicit
08-05 21:19:49.538 21903 21916 I art     : Explicit concurrent mark sweep GC freed 3(96B) AllocSpace objects, 0(0B) LOS objects, 38% free, 25MB/41MB, paused 431us total 39.190ms
08-05 21:19:49.553 21903 21916 I art     : Starting a blocking GC Explicit
08-05 21:19:49.594 21903 21916 I art     : Explicit concurrent mark sweep GC freed 5(176B) AllocSpace objects, 0(0B) LOS objects, 38% free, 25MB/41MB, paused 410us total 40.898ms
08-05 21:19:49.610 21903 21916 I art     : Starting a blocking GC Explicit
08-05 21:19:49.651 21903 21916 I art     : Explicit concurrent mark sweep GC freed 3(96B) AllocSpace objects, 0(0B) LOS objects, 38% free, 25MB/41MB, paused 422us total 41.369ms
08-05 21:19:49.969 21903 22120 I art     : Starting a blocking GC Explicit
08-05 21:19:50.024 21903 22120 I art     : Explicit concurrent mark sweep GC freed 1293(75KB) AllocSpace objects, 1(20KB) LOS objects, 38% free, 25MB/41MB, paused 462us total 53.836ms
08-05 21:19:50.041 21903 22120 I art     : Starting a blocking GC Explicit
08-05 21:19:50.082 21903 22120 I art     : Explicit concurrent mark sweep GC freed 18(624B) AllocSpace objects, 0(0B) LOS objects, 38% free, 25MB/41MB, paused 429us total 40.623ms
08-05 21:19:50.097 21903 22120 I art     : Starting a blocking GC Explicit
08-05 21:19:50.138 21903 22120 I art     : Explicit concurrent mark sweep GC freed 3(96B) AllocSpace objects, 0(0B) LOS objects, 38% free, 25MB/41MB, paused 434us total 40.278ms
08-05 21:19:50.153 21903 22120 I art     : Starting a blocking GC Explicit
08-05 21:19:50.191 21903 22120 I art     : Explicit concurrent mark sweep GC freed 3(96B) AllocSpace objects, 0(0B) LOS objects, 38% free, 25MB/41MB, paused 413us total 37.542ms
08-05 21:19:50.206 21903 22120 I art     : Starting a blocking GC Explicit
08-05 21:19:50.244 21903 22120 I art     : Explicit concurrent mark sweep GC freed 3(96B) AllocSpace objects, 0(0B) LOS objects, 38% free, 25MB/41MB, paused 420us total 37.843ms
08-05 21:19:50.544 21903 22127 I art     : Starting a blocking GC Explicit
08-05 21:19:50.596 21903 22127 I art     : Explicit concurrent mark sweep GC freed 1297(75KB) AllocSpace objects, 1(20KB) LOS objects, 38% free, 25MB/41MB, paused 534us total 51.264ms
08-05 21:19:50.617 21903 22127 I art     : Starting a blocking GC Explicit
08-05 21:19:50.662 21903 22127 I art     : Explicit concurrent mark sweep GC freed 26(880B) AllocSpace objects, 0(0B) LOS objects, 38% free, 25MB/41MB, paused 428us total 44.935ms
08-05 21:19:50.680 21903 22127 I art     : Starting a blocking GC Explicit
08-05 21:19:50.684 22488 22488 D AndroidRuntime: >>>>>> START com.android.internal.os.RuntimeInit uid 2000 <<<<<<
08-05 21:19:50.691 22488 22488 D AndroidRuntime: CheckJNI is OFF
08-05 21:19:50.725 21903 22127 I art     : Explicit concurrent mark sweep GC freed 11(352B) AllocSpace objects, 0(0B) LOS objects, 38% free, 25MB/41MB, paused 418us total 44.646ms
08-05 21:19:50.740 22488 22488 D ICU     : No timezone override file found: /data/misc/zoneinfo/current/icu/icu_tzdata.dat
08-05 21:19:50.741 21903 22127 I art     : Starting a blocking GC Explicit
08-05 21:19:50.786 21903 22127 I art     : Explicit concurrent mark sweep GC freed 10(320B) AllocSpace objects, 0(0B) LOS objects, 38% free, 25MB/41MB, paused 565us total 44.134ms
08-05 21:19:50.792 22488 22488 I Radio-JNI: register_android_hardware_Radio DONE
08-05 21:19:50.803 21903 22127 I art     : Starting a blocking GC Explicit
08-05 21:19:50.824 22488 22488 D AndroidRuntime: Calling main entry com.android.commands.input.Input
08-05 21:19:50.826 22488 22488 I Input   : injectMotionEvent: MotionEvent { action=ACTION_DOWN, actionButton=0, id[0]=0, x[0]=1215.0, y[0]=1482.0, toolType[0]=TOOL_TYPE_UNKNOWN, buttonState=0, metaState=0, flags=0x0, edgeFlags=0x0, pointerCount=1, historySize=0, eventTime=825607238, downTime=825607238, deviceId=0, source=0x1002 }
08-05 21:19:50.832 22488 22488 I Input   : injectMotionEvent: MotionEvent { action=ACTION_UP, actionButton=0, id[0]=0, x[0]=1215.0, y[0]=1482.0, toolType[0]=TOOL_TYPE_UNKNOWN, buttonState=0, metaState=0, flags=0x0, edgeFlags=0x0, pointerCount=1, historySize=0, eventTime=825607238, downTime=825607238, deviceId=0, source=0x1002 }
08-05 21:19:50.835 22488 22488 D AndroidRuntime: Shutting down VM
08-05 21:19:50.837 21903 21903 I SettingsManager: Setting boolean: completedTutorial
08-05 21:19:50.841   512  2967 D audio_hw_primary: out_set_parameters: enter: usecase(1: low-latency-playback) kvpairs: routing=2
08-05 21:19:50.842 21903 22127 I art     : Explicit concurrent mark sweep GC freed 63(15KB) AllocSpace objects, 1(20KB) LOS objects, 38% free, 25MB/41MB, paused 431us total 39.419ms
08-05 21:19:50.848   918  3670 W BackupManagerService: dataChanged but no participant pkg='baseline.com.ak.uobtimetable' uid=10684
08-05 21:19:50.854   512  2967 D audio_hw_primary: select_devices: out_snd_device(2: speaker) in_snd_device(0: none)
08-05 21:19:50.855   512  2967 D msm8974_platform: platform_send_audio_calibration: sending audio calibration for snd_device(2) acdb_id(15)
08-05 21:19:50.855   512  2967 I soundtrigger: audio_extn_sound_trigger_update_device_status: device 0x2 of type 0 for Event 1
08-05 21:19:50.860 13866 13866 I GoogleInputMethodServic: GoogleInputMethodService.onFinishInput():3138 
08-05 21:19:50.861 13866 13866 I GoogleInputMethodServic: GoogleInputMethodService.onStartInput():1808 
08-05 21:19:50.867   512  2967 D audio_hw_primary: enable_snd_device: snd_device(2: speaker)
08-05 21:19:50.869   512  2967 D audio_hw_primary: enable_audio_route: apply and update mixer path: low-latency-playback speaker
08-05 21:19:51.160 21903 22127 I art     : Starting a blocking GC Explicit
08-05 21:19:51.201 21903 22127 I art     : Explicit concurrent mark sweep GC freed 1429(80KB) AllocSpace objects, 1(20KB) LOS objects, 38% free, 25MB/41MB, paused 423us total 40.303ms
08-05 21:19:51.216 21903 22127 I art     : Starting a blocking GC Explicit
08-05 21:19:51.255 21903 22127 I art     : Explicit concurrent mark sweep GC freed 1005(68KB) AllocSpace objects, 1(40KB) LOS objects, 38% free, 25MB/41MB, paused 416us total 38.910ms
08-05 21:19:51.270 21903 22127 I art     : Starting a blocking GC Explicit
08-05 21:19:51.311 21903 22127 I art     : Explicit concurrent mark sweep GC freed 3(96B) AllocSpace objects, 0(0B) LOS objects, 38% free, 25MB/41MB, paused 416us total 40.311ms
08-05 21:19:51.326 21903 22127 I art     : Starting a blocking GC Explicit
08-05 21:19:51.364 21903 22127 I art     : Explicit concurrent mark sweep GC freed 3(96B) AllocSpace objects, 0(0B) LOS objects, 38% free, 25MB/41MB, paused 414us total 38.015ms
08-05 21:19:51.379 21903 22127 I art     : Starting a blocking GC Explicit
08-05 21:19:51.388   918  3261 D WifiStateMachine: starting scan for "H369AA63323"WPA_PSK with 2412,5180
08-05 21:19:51.419 21903 22127 I art     : Explicit concurrent mark sweep GC freed 3(96B) AllocSpace objects, 0(0B) LOS objects, 38% free, 25MB/41MB, paused 384us total 39.477ms
08-05 21:19:51.419   512  2967 D audio_hw_primary: disable_audio_route: reset and update mixer path: low-latency-playback speaker
08-05 21:19:51.420   512  2967 D audio_hw_primary: disable_snd_device: snd_device(2: speaker)
08-05 21:19:51.430   512  2967 I soundtrigger: audio_extn_sound_trigger_update_device_status: device 0x2 of type 0 for Event 0
08-05 21:19:51.737 21903 22120 I art     : Starting a blocking GC Explicit
08-05 21:19:51.790 21903 22120 I art     : Explicit concurrent mark sweep GC freed 1293(75KB) AllocSpace objects, 1(20KB) LOS objects, 38% free, 25MB/41MB, paused 457us total 52.100ms
08-05 21:19:51.806 21903 22120 I art     : Starting a blocking GC Explicit
08-05 21:19:51.847 21903 22120 I art     : Explicit concurrent mark sweep GC freed 18(624B) AllocSpace objects, 0(0B) LOS objects, 38% free, 25MB/41MB, paused 498us total 40.876ms
08-05 21:19:51.863 21903 22120 I art     : Starting a blocking GC Explicit
08-05 21:19:51.904 21903 22120 I art     : Explicit concurrent mark sweep GC freed 3(96B) AllocSpace objects, 0(0B) LOS objects, 38% free, 25MB/41MB, paused 426us total 41.171ms
08-05 21:19:51.920 21903 22120 I art     : Starting a blocking GC Explicit
08-05 21:19:51.961 21903 22120 I art     : Explicit concurrent mark sweep GC freed 3(96B) AllocSpace objects, 0(0B) LOS objects, 38% free, 25MB/41MB, paused 420us total 40.930ms
08-05 21:19:51.977 21903 22120 I art     : Starting a blocking GC Explicit
08-05 21:19:52.018 21903 22120 I art     : Explicit concurrent mark sweep GC freed 3(96B) AllocSpace objects, 0(0B) LOS objects, 38% free, 25MB/41MB, paused 441us total 41.029ms
08-05 21:19:52.315 21903 21914 I art     : Starting a blocking GC Explicit
08-05 21:19:52.366 21903 21914 I art     : Explicit concurrent mark sweep GC freed 1293(75KB) AllocSpace objects, 1(20KB) LOS objects, 38% free, 25MB/41MB, paused 469us total 50.817ms
08-05 21:19:52.381 21903 21914 I art     : Starting a blocking GC Explicit
08-05 21:19:52.421 21903 21914 I art     : Explicit concurrent mark sweep GC freed 18(624B) AllocSpace objects, 0(0B) LOS objects, 38% free, 25MB/41MB, paused 423us total 39.005ms
08-05 21:19:52.435 21903 21914 I art     : Starting a blocking GC Explicit
08-05 21:19:52.475 21903 21914 I art     : Explicit concurrent mark sweep GC freed 3(96B) AllocSpace objects, 0(0B) LOS objects, 38% free, 25MB/41MB, paused 473us total 39.249ms
08-05 21:19:52.491 21903 21914 I art     : Starting a blocking GC Explicit
08-05 21:19:52.533 21903 21914 I art     : Explicit concurrent mark sweep GC freed 3(96B) AllocSpace objects, 0(0B) LOS objects, 38% free, 25MB/41MB, paused 431us total 42.047ms
08-05 21:19:52.548 21903 21914 I art     : Starting a blocking GC Explicit
08-05 21:19:52.577 17237 17237 I ServiceManager: Waiting for service AtCmdFwd...
08-05 21:19:52.590 21903 21914 I art     : Explicit concurrent mark sweep GC freed 3(96B) AllocSpace objects, 0(0B) LOS objects, 38% free, 25MB/41MB, paused 438us total 41.409ms
08-05 21:19:52.674 22531 22531 D AndroidRuntime: >>>>>> START com.android.internal.os.RuntimeInit uid 2000 <<<<<<
08-05 21:19:52.681 22531 22531 D AndroidRuntime: CheckJNI is OFF
08-05 21:19:52.730 22531 22531 D ICU     : No timezone override file found: /data/misc/zoneinfo/current/icu/icu_tzdata.dat
08-05 21:19:52.775 22531 22531 I Radio-JNI: register_android_hardware_Radio DONE
08-05 21:19:52.802 22531 22531 D AndroidRuntime: Calling main entry com.android.commands.input.Input
08-05 21:19:52.805 22531 22531 I Input   : injectMotionEvent: MotionEvent { action=ACTION_DOWN, actionButton=0, id[0]=0, x[0]=81.0, y[0]=176.0, toolType[0]=TOOL_TYPE_UNKNOWN, buttonState=0, metaState=0, flags=0x0, edgeFlags=0x0, pointerCount=1, historySize=0, eventTime=825609217, downTime=825609217, deviceId=0, source=0x1002 }
08-05 21:19:52.809 22531 22531 I Input   : injectMotionEvent: MotionEvent { action=ACTION_UP, actionButton=0, id[0]=0, x[0]=81.0, y[0]=176.0, toolType[0]=TOOL_TYPE_UNKNOWN, buttonState=0, metaState=0, flags=0x0, edgeFlags=0x0, pointerCount=1, historySize=0, eventTime=825609217, downTime=825609217, deviceId=0, source=0x1002 }
08-05 21:19:52.811 22531 22531 D AndroidRuntime: Shutting down VM
08-05 21:19:52.824   512  2967 D audio_hw_primary: out_set_parameters: enter: usecase(1: low-latency-playback) kvpairs: routing=2
08-05 21:19:52.837   512  2967 D audio_hw_primary: select_devices: out_snd_device(2: speaker) in_snd_device(0: none)
08-05 21:19:52.837   512  2967 D msm8974_platform: platform_send_audio_calibration: sending audio calibration for snd_device(2) acdb_id(15)
08-05 21:19:52.838   512  2967 I soundtrigger: audio_extn_sound_trigger_update_device_status: device 0x2 of type 0 for Event 1
08-05 21:19:52.848   512  2967 D audio_hw_primary: enable_snd_device: snd_device(2: speaker)
08-05 21:19:52.850   512  2967 D audio_hw_primary: enable_audio_route: apply and update mixer path: low-latency-playback speaker
08-05 21:19:52.912 21903 21914 I art     : Starting a blocking GC Explicit
08-05 21:19:52.952 21903 21914 I art     : Explicit concurrent mark sweep GC freed 1707(96KB) AllocSpace objects, 1(20KB) LOS objects, 38% free, 25MB/41MB, paused 443us total 39.804ms
08-05 21:19:52.968 21903 21914 I art     : Starting a blocking GC Explicit
08-05 21:19:53.007 21903 21914 I art     : Explicit concurrent mark sweep GC freed 24(992B) AllocSpace objects, 0(0B) LOS objects, 38% free, 25MB/41MB, paused 467us total 39.197ms
08-05 21:19:53.023 21903 21914 I art     : Starting a blocking GC Explicit
08-05 21:19:53.060 21903 21914 I art     : Explicit concurrent mark sweep GC freed 3(96B) AllocSpace objects, 0(0B) LOS objects, 38% free, 25MB/41MB, paused 375us total 36.291ms
08-05 21:19:53.074 21903 21914 I art     : Starting a blocking GC Explicit
08-05 21:19:53.109 21903 21914 I art     : Explicit concurrent mark sweep GC freed 11(352B) AllocSpace objects, 0(0B) LOS objects, 38% free, 25MB/41MB, paused 420us total 35.411ms
08-05 21:19:53.124 21903 21914 I art     : Starting a blocking GC Explicit
08-05 21:19:53.161 21903 21914 I art     : Explicit concurrent mark sweep GC freed 3(96B) AllocSpace objects, 0(0B) LOS objects, 38% free, 25MB/41MB, paused 374us total 36.817ms
08-05 21:19:53.390   512  2967 D audio_hw_primary: disable_audio_route: reset and update mixer path: low-latency-playback speaker
08-05 21:19:53.391   512  2967 D audio_hw_primary: disable_snd_device: snd_device(2: speaker)
08-05 21:19:53.399   512  2967 I soundtrigger: audio_extn_sound_trigger_update_device_status: device 0x2 of type 0 for Event 0
08-05 21:19:53.474 21903 22127 I art     : Starting a blocking GC Explicit
08-05 21:19:53.515 21903 22127 I art     : Explicit concurrent mark sweep GC freed 1311(76KB) AllocSpace objects, 1(20KB) LOS objects, 38% free, 25MB/41MB, paused 420us total 40.200ms
08-05 21:19:53.530 21903 22127 I art     : Starting a blocking GC Explicit
08-05 21:19:53.570 21903 22127 I art     : Explicit concurrent mark sweep GC freed 30(1008B) AllocSpace objects, 0(0B) LOS objects, 38% free, 25MB/41MB, paused 419us total 39.885ms
08-05 21:19:53.578 17237 17237 I ServiceManager: Waiting for service AtCmdFwd...
08-05 21:19:53.585 21903 22127 I art     : Starting a blocking GC Explicit
08-05 21:19:53.625 21903 22127 I art     : Explicit concurrent mark sweep GC freed 3(96B) AllocSpace objects, 0(0B) LOS objects, 38% free, 25MB/41MB, paused 423us total 39.906ms
08-05 21:19:53.641 21903 22127 I art     : Starting a blocking GC Explicit
08-05 21:19:53.681 21903 22127 I art     : Explicit concurrent mark sweep GC freed 3(96B) AllocSpace objects, 0(0B) LOS objects, 38% free, 25MB/41MB, paused 425us total 40.339ms
08-05 21:19:53.697 21903 22127 I art     : Starting a blocking GC Explicit
08-05 21:19:53.737 21903 22127 I art     : Explicit concurrent mark sweep GC freed 3(96B) AllocSpace objects, 0(0B) LOS objects, 38% free, 25MB/41MB, paused 498us total 40.206ms
08-05 21:19:54.059 21903 22120 I art     : Starting a blocking GC Explicit
08-05 21:19:54.102 21903 22120 I art     : Explicit concurrent mark sweep GC freed 1293(75KB) AllocSpace objects, 1(20KB) LOS objects, 38% free, 25MB/41MB, paused 413us total 41.948ms
08-05 21:19:54.102 21903 21913 I art     : WaitForGcToComplete blocked for 17.704ms for cause HeapTrim
08-05 21:19:54.117 21903 22120 I art     : Starting a blocking GC Explicit
08-05 21:19:54.155 21903 22120 I art     : Explicit concurrent mark sweep GC freed 18(624B) AllocSpace objects, 0(0B) LOS objects, 38% free, 25MB/41MB, paused 430us total 37.585ms
08-05 21:19:54.170 21903 22120 I art     : Starting a blocking GC Explicit
08-05 21:19:54.209 21903 22120 I art     : Explicit concurrent mark sweep GC freed 3(96B) AllocSpace objects, 0(0B) LOS objects, 38% free, 25MB/41MB, paused 417us total 38.440ms
08-05 21:19:54.224 21903 22120 I art     : Starting a blocking GC Explicit
08-05 21:19:54.263 21903 22120 I art     : Explicit concurrent mark sweep GC freed 3(96B) AllocSpace objects, 0(0B) LOS objects, 38% free, 25MB/41MB, paused 412us total 38.808ms
08-05 21:19:54.278 21903 22120 I art     : Starting a blocking GC Explicit
08-05 21:19:54.317 21903 22120 I art     : Explicit concurrent mark sweep GC freed 3(96B) AllocSpace objects, 0(0B) LOS objects, 38% free, 25MB/41MB, paused 567us total 39.286ms
08-05 21:19:54.578 17237 17237 I ServiceManager: Waiting for service AtCmdFwd...
08-05 21:19:54.586 22585 22585 D AndroidRuntime: >>>>>> START com.android.internal.os.RuntimeInit uid 2000 <<<<<<
08-05 21:19:54.592 22585 22585 D AndroidRuntime: CheckJNI is OFF
08-05 21:19:54.635 22585 22585 D ICU     : No timezone override file found: /data/misc/zoneinfo/current/icu/icu_tzdata.dat
08-05 21:19:54.639 21903 21914 I art     : Starting a blocking GC Explicit
08-05 21:19:54.679 22585 22585 I Radio-JNI: register_android_hardware_Radio DONE
08-05 21:19:54.681 21903 21914 I art     : Explicit concurrent mark sweep GC freed 1338(77KB) AllocSpace objects, 1(20KB) LOS objects, 38% free, 25MB/41MB, paused 485us total 41.323ms
08-05 21:19:54.696 21903 21914 I art     : Starting a blocking GC Explicit
08-05 21:19:54.710 22585 22585 D AndroidRuntime: Calling main entry com.android.commands.input.Input
08-05 21:19:54.713 22585 22585 I Input   : injectMotionEvent: MotionEvent { action=ACTION_DOWN, actionButton=0, id[0]=0, x[0]=436.0, y[0]=1770.0, toolType[0]=TOOL_TYPE_UNKNOWN, buttonState=0, metaState=0, flags=0x0, edgeFlags=0x0, pointerCount=1, historySize=0, eventTime=825611125, downTime=825611125, deviceId=0, source=0x1002 }
08-05 21:19:54.718 22585 22585 I Input   : injectMotionEvent: MotionEvent { action=ACTION_UP, actionButton=0, id[0]=0, x[0]=436.0, y[0]=1770.0, toolType[0]=TOOL_TYPE_UNKNOWN, buttonState=0, metaState=0, flags=0x0, edgeFlags=0x0, pointerCount=1, historySize=0, eventTime=825611125, downTime=825611125, deviceId=0, source=0x1002 }
08-05 21:19:54.720 22585 22585 D AndroidRuntime: Shutting down VM
08-05 21:19:54.724 21903 21903 D MainActivity: NavigationItemSelected: Courses
08-05 21:19:54.726   918  5481 I ActivityManager: START u0 {cmp=baseline.com.ak.uobtimetable/.CourseListActivity} from uid 10684 on display 0
08-05 21:19:54.729   512  2967 D audio_hw_primary: out_set_parameters: enter: usecase(1: low-latency-playback) kvpairs: routing=2
08-05 21:19:54.738 21903 21914 I art     : Explicit concurrent mark sweep GC freed 45(1984B) AllocSpace objects, 0(0B) LOS objects, 38% free, 25MB/41MB, paused 550us total 41.553ms
08-05 21:19:54.742 21903 21903 D MainActivity: OnPause
08-05 21:19:54.742   512  2967 D audio_hw_primary: select_devices: out_snd_device(2: speaker) in_snd_device(0: none)
08-05 21:19:54.742   512  2967 D msm8974_platform: platform_send_audio_calibration: sending audio calibration for snd_device(2) acdb_id(15)
08-05 21:19:54.742   512  2967 I soundtrigger: audio_extn_sound_trigger_update_device_status: device 0x2 of type 0 for Event 1
08-05 21:19:54.753   512  2967 D audio_hw_primary: enable_snd_device: snd_device(2: speaker)
08-05 21:19:54.755   512  2967 D audio_hw_primary: enable_audio_route: apply and update mixer path: low-latency-playback speaker
08-05 21:19:54.764 21903 21914 I art     : Starting a blocking GC Explicit
08-05 21:19:54.787 21903 21903 D CourseListActivity: onCreate
08-05 21:19:54.789 21903 22609 D HTTP    : Request for: https://uob-timetable-api.adriankeenan.co.uk/courses
08-05 21:19:54.801 21903 21914 I art     : Explicit concurrent mark sweep GC freed 2433(128KB) AllocSpace objects, 0(0B) LOS objects, 38% free, 25MB/41MB, paused 675us total 37.170ms
08-05 21:19:54.815 21903 21914 I art     : Starting a blocking GC Explicit
08-05 21:19:54.846   918   936 I ActivityManager: Displayed baseline.com.ak.uobtimetable/.CourseListActivity: +103ms
08-05 21:19:54.846 13866 13866 I GoogleInputMethodServic: GoogleInputMethodService.onFinishInput():3138 
08-05 21:19:54.847 13866 13866 I GoogleInputMethodServic: GoogleInputMethodService.onStartInput():1808 
08-05 21:19:54.855 21903 21914 I art     : Explicit concurrent mark sweep GC freed 783(46KB) AllocSpace objects, 0(0B) LOS objects, 38% free, 25MB/41MB, paused 536us total 39.961ms
08-05 21:19:54.871 21903 21914 I art     : Starting a blocking GC Explicit
08-05 21:19:54.910 21903 21914 I art     : Explicit concurrent mark sweep GC freed 735(60KB) AllocSpace objects, 2(120KB) LOS objects, 37% free, 26MB/42MB, paused 629us total 37.661ms
08-05 21:19:54.977 21903 22609 I NAPPA_EXPERIMENTATION: MetricNetworkRequestExecutionTime: REQUEST_DURATION_SYSTEM='187',REQUEST_DURATION_OKHTTP='45',REQUEST_SYNCHRONOUS='TRUE',RESPONSE_CODE='200',RESPONSE_METHOD='GET',RESPONSE_LENGTH_OKHTTP='-1',RESPONSE_LENGTH_HEADER='-2',REQUEST_PROTOCOL='http/1.1',REQUEST_URL='https://uob-timetable-api.adriankeenan.co.uk/courses',
08-05 21:19:55.124   518   646 I ThermalEngine: ACTION: GPU - Setting GPU[0] to 510000000
08-05 21:19:55.197 21903 22120 I art     : Waiting for a blocking GC Explicit
08-05 21:19:55.200 21903 22120 I art     : Starting a blocking GC Explicit
08-05 21:19:55.223 21903 21903 D MainActivity: Saving state
08-05 21:19:55.224 21903 21903 D MainActivity: Saving current fragment: SessionListsFragment
08-05 21:19:55.224 21903 21903 D MainActivity: Saving current index: 3
08-05 21:19:55.225 21903 21903 D SessionListsFragment: Saving state
08-05 21:19:55.234 21903 22120 I art     : Explicit concurrent mark sweep GC freed 2004(4MB) AllocSpace objects, 2(100KB) LOS objects, 24% free, 48MB/64MB, paused 528us total 33.697ms
08-05 21:19:55.234 21903 21913 I art     : WaitForGcToComplete blocked for 33.902ms for cause Background
08-05 21:19:55.244 21903 22120 I art     : Starting a blocking GC Explicit
08-05 21:19:55.272 21903 22120 I art     : Explicit concurrent mark sweep GC freed 75(4KB) AllocSpace objects, 0(0B) LOS objects, 24% free, 48MB/64MB, paused 355us total 27.362ms
08-05 21:19:55.282 21903 22120 I art     : Starting a blocking GC Explicit
08-05 21:19:55.290   512  2967 D audio_hw_primary: disable_audio_route: reset and update mixer path: low-latency-playback speaker
08-05 21:19:55.290   512  2967 D audio_hw_primary: disable_snd_device: snd_device(2: speaker)
08-05 21:19:55.298   512  2967 I soundtrigger: audio_extn_sound_trigger_update_device_status: device 0x2 of type 0 for Event 0
08-05 21:19:55.310 21903 22120 I art     : Explicit concurrent mark sweep GC freed 37(1376B) AllocSpace objects, 0(0B) LOS objects, 24% free, 48MB/64MB, paused 370us total 27.752ms
08-05 21:19:55.321 21903 22120 I art     : Starting a blocking GC Explicit
08-05 21:19:55.350 21903 22120 I art     : Explicit concurrent mark sweep GC freed 23(864B) AllocSpace objects, 0(0B) LOS objects, 24% free, 48MB/64MB, paused 374us total 28.514ms
08-05 21:19:55.361 21903 22120 I art     : Starting a blocking GC Explicit
08-05 21:19:55.378 21903 22609 I HTTP    : Response was compressed.
08-05 21:19:55.409 21903 22120 I art     : Explicit concurrent mark sweep GC freed 15882(733KB) AllocSpace objects, 0(0B) LOS objects, 20% free, 63MB/79MB, paused 661us total 47.907ms
08-05 21:19:55.579 17237 17237 I ServiceManager: Waiting for service AtCmdFwd...
08-05 21:19:55.696 21903 22127 I art     : Starting a blocking GC Explicit
08-05 21:19:55.752 21903 22127 I art     : Explicit concurrent mark sweep GC freed 176894(8MB) AllocSpace objects, 3(22MB) LOS objects, 27% free, 42MB/58MB, paused 589us total 56.059ms
08-05 21:19:55.767 21903 22127 I art     : Starting a blocking GC Explicit
08-05 21:19:55.803 21903 22127 I art     : Explicit concurrent mark sweep GC freed 37032(1748KB) AllocSpace objects, 0(0B) LOS objects, 27% free, 42MB/58MB, paused 602us total 36.347ms
08-05 21:19:55.816 21903 22127 I art     : Starting a blocking GC Explicit
08-05 21:19:55.853 21903 22127 I art     : Explicit concurrent mark sweep GC freed 28011(1310KB) AllocSpace objects, 0(0B) LOS objects, 27% free, 42MB/58MB, paused 681us total 37.337ms
08-05 21:19:55.861 13866 13882 I PeriodicStatsRunner: PeriodicStatsRunner.call():175 call()
08-05 21:19:55.861 13866 13882 I PeriodicStatsRunner: PeriodicStatsRunner.call():179 No submit PeriodicStats since input started.
08-05 21:19:55.866 21903 22127 I art     : Starting a blocking GC Explicit
08-05 21:19:55.905 21903 22127 I art     : Explicit concurrent mark sweep GC freed 28390(1338KB) AllocSpace objects, 0(0B) LOS objects, 27% free, 43MB/59MB, paused 674us total 38.171ms
08-05 21:19:55.918 21903 22127 I art     : Starting a blocking GC Explicit
08-05 21:19:55.956 21903 22127 I art     : Explicit concurrent mark sweep GC freed 28227(1341KB) AllocSpace objects, 0(0B) LOS objects, 26% free, 43MB/59MB, paused 645us total 38.290ms
08-05 21:19:56.128   518   646 I ThermalEngine: ACTION: GPU - Setting GPU[0] to 450000000
08-05 21:19:56.261 21903 21916 I art     : Starting a blocking GC Explicit
08-05 21:19:56.335 21903 21916 I art     : Explicit concurrent mark sweep GC freed 192385(8MB) AllocSpace objects, 1(20KB) LOS objects, 26% free, 45MB/61MB, paused 932us total 73.921ms
08-05 21:19:56.354 21903 21916 I art     : Starting a blocking GC Explicit
08-05 21:19:56.409 21903 21916 I art     : Explicit concurrent mark sweep GC freed 48738(2MB) AllocSpace objects, 0(0B) LOS objects, 26% free, 45MB/61MB, paused 1.096ms total 54.470ms
08-05 21:19:56.428 21903 21916 I art     : Starting a blocking GC Explicit
08-05 21:19:56.484 21903 21916 I art     : Explicit concurrent mark sweep GC freed 41335(1932KB) AllocSpace objects, 0(0B) LOS objects, 26% free, 45MB/61MB, paused 1.520ms total 55.791ms
08-05 21:19:56.503 21903 21916 I art     : Starting a blocking GC Explicit
08-05 21:19:56.560 21903 21916 I art     : Explicit concurrent mark sweep GC freed 40374(1906KB) AllocSpace objects, 0(0B) LOS objects, 25% free, 45MB/61MB, paused 1.072ms total 56.625ms
08-05 21:19:56.579 21903 21916 I art     : Starting a blocking GC Explicit
08-05 21:19:56.580 17237 17237 I ServiceManager: Waiting for service AtCmdFwd...
08-05 21:19:56.636 21903 21916 I art     : Explicit concurrent mark sweep GC freed 39946(1901KB) AllocSpace objects, 0(0B) LOS objects, 25% free, 46MB/62MB, paused 1.221ms total 57.413ms
08-05 21:19:56.948 21903 22120 I art     : Starting a blocking GC Explicit
08-05 21:19:57.031 21903 22120 I art     : Explicit concurrent mark sweep GC freed 202066(9MB) AllocSpace objects, 1(20KB) LOS objects, 24% free, 48MB/64MB, paused 1.037ms total 82.744ms
08-05 21:19:57.053 21903 22120 I art     : Starting a blocking GC Explicit
08-05 21:19:57.116 21903 22120 I art     : Explicit concurrent mark sweep GC freed 54153(2MB) AllocSpace objects, 0(0B) LOS objects, 24% free, 48MB/64MB, paused 1.206ms total 62.915ms
08-05 21:19:57.137 21903 22120 I art     : Starting a blocking GC Explicit
08-05 21:19:57.201 21903 22120 I art     : Explicit concurrent mark sweep GC freed 45846(2MB) AllocSpace objects, 0(0B) LOS objects, 24% free, 48MB/64MB, paused 1.242ms total 64.162ms
08-05 21:19:57.222 21903 22120 I art     : Starting a blocking GC Explicit
08-05 21:19:57.287 21903 22120 I art     : Explicit concurrent mark sweep GC freed 45558(2MB) AllocSpace objects, 0(0B) LOS objects, 24% free, 48MB/64MB, paused 1.377ms total 64.957ms
08-05 21:19:57.308 21903 22120 I art     : Starting a blocking GC Explicit
08-05 21:19:57.375 21903 22120 I art     : Explicit concurrent mark sweep GC freed 45229(2MB) AllocSpace objects, 0(0B) LOS objects, 24% free, 49MB/65MB, paused 1.527ms total 66.594ms
08-05 21:19:57.580 17237 17237 W Atfwd_Sendcmd: AtCmdFwd service not published, waiting... retryCnt : 5
08-05 21:19:57.686 21903 22120 I art     : Starting a blocking GC Explicit
08-05 21:19:57.779 21903 22120 I art     : Explicit concurrent mark sweep GC freed 202297(9MB) AllocSpace objects, 1(20KB) LOS objects, 23% free, 50MB/66MB, paused 1.298ms total 92.579ms
08-05 21:19:57.801 21903 22120 I art     : Starting a blocking GC Explicit
08-05 21:19:57.874 21903 22120 I art     : Explicit concurrent mark sweep GC freed 58058(2MB) AllocSpace objects, 0(0B) LOS objects, 23% free, 50MB/66MB, paused 1.415ms total 72.524ms
08-05 21:19:57.896 21903 22120 I art     : Starting a blocking GC Explicit
08-05 21:19:57.970 21903 22120 I art     : Explicit concurrent mark sweep GC freed 47713(2MB) AllocSpace objects, 0(0B) LOS objects, 23% free, 51MB/67MB, paused 1.369ms total 72.854ms
08-05 21:19:57.991 21903 22120 I art     : Starting a blocking GC Explicit
08-05 21:19:58.067 21903 22120 I art     : Explicit concurrent mark sweep GC freed 48578(2MB) AllocSpace objects, 0(0B) LOS objects, 23% free, 51MB/67MB, paused 1.514ms total 75.265ms
08-05 21:19:58.089 21903 22120 I art     : Starting a blocking GC Explicit
08-05 21:19:58.167 21903 22120 I art     : Explicit concurrent mark sweep GC freed 52732(2MB) AllocSpace objects, 0(0B) LOS objects, 23% free, 52MB/68MB, paused 1.659ms total 77.641ms
08-05 21:19:58.187 21903 22609 I Service : getCourses response time: 0.69
08-05 21:19:58.195 21903 21903 I SettingsManager: Getting string: savedCourse
08-05 21:19:58.526 21903 22120 I art     : Starting a blocking GC Explicit
08-05 21:19:58.631 21903 22120 I art     : Explicit concurrent mark sweep GC freed 19783(986KB) AllocSpace objects, 2(15MB) LOS objects, 30% free, 37MB/53MB, paused 506us total 104.878ms
08-05 21:19:58.657 21903 22120 I art     : Starting a blocking GC Explicit
08-05 21:19:58.739 21903 22120 I art     : Explicit concurrent mark sweep GC freed 743(66KB) AllocSpace objects, 0(0B) LOS objects, 30% free, 37MB/53MB, paused 507us total 81.773ms
08-05 21:19:58.764 21903 22120 I art     : Starting a blocking GC Explicit
08-05 21:19:58.842 21903 22120 I art     : Explicit concurrent mark sweep GC freed 3(96B) AllocSpace objects, 0(0B) LOS objects, 30% free, 37MB/53MB, paused 497us total 77.661ms
08-05 21:19:58.867 21903 22120 I art     : Starting a blocking GC Explicit
08-05 21:19:58.951 21903 22120 I art     : Explicit concurrent mark sweep GC freed 3(96B) AllocSpace objects, 0(0B) LOS objects, 30% free, 37MB/53MB, paused 465us total 83.942ms
08-05 21:19:58.976 21903 22120 I art     : Starting a blocking GC Explicit
08-05 21:19:59.055 21903 22120 I art     : Explicit concurrent mark sweep GC freed 3(96B) AllocSpace objects, 0(0B) LOS objects, 30% free, 37MB/53MB, paused 472us total 79.421ms
08-05 21:19:59.412 21903 21914 I art     : Starting a blocking GC Explicit
08-05 21:19:59.518 21903 21914 I art     : Explicit concurrent mark sweep GC freed 1293(75KB) AllocSpace objects, 1(20KB) LOS objects, 30% free, 37MB/53MB, paused 513us total 104.636ms
08-05 21:19:59.546 21903 21914 I art     : Starting a blocking GC Explicit
08-05 21:19:59.620 21903 21914 I art     : Explicit concurrent mark sweep GC freed 51(2320B) AllocSpace objects, 0(0B) LOS objects, 30% free, 37MB/53MB, paused 468us total 73.491ms
08-05 21:19:59.644 21903 21914 I art     : Starting a blocking GC Explicit
08-05 21:19:59.711 21903 21914 I art     : Explicit concurrent mark sweep GC freed 15(624B) AllocSpace objects, 0(0B) LOS objects, 30% free, 37MB/53MB, paused 451us total 67.073ms
08-05 21:19:59.735 21903 21914 I art     : Starting a blocking GC Explicit
08-05 21:19:59.811 21903 21914 I art     : Explicit concurrent mark sweep GC freed 6(208B) AllocSpace objects, 0(0B) LOS objects, 30% free, 37MB/53MB, paused 446us total 75.259ms
08-05 21:19:59.835 21903 21914 I art     : Starting a blocking GC Explicit
08-05 21:19:59.847 13866 13882 I PeriodicStatsRunner: PeriodicStatsRunner.call():175 call()
08-05 21:19:59.848 13866 13882 I PeriodicStatsRunner: PeriodicStatsRunner.call():179 No submit PeriodicStats since input started.
08-05 21:19:59.914 21903 21914 I art     : Explicit concurrent mark sweep GC freed 6(224B) AllocSpace objects, 0(0B) LOS objects, 30% free, 37MB/53MB, paused 457us total 78.631ms
08-05 21:20:00.236 21903 22120 I art     : Starting a blocking GC Explicit
08-05 21:20:00.334 21903 22120 I art     : Explicit concurrent mark sweep GC freed 1294(75KB) AllocSpace objects, 1(20KB) LOS objects, 30% free, 37MB/53MB, paused 482us total 97.277ms
08-05 21:20:00.359 21903 22120 I art     : Starting a blocking GC Explicit
08-05 21:20:00.443 21903 22120 I art     : Explicit concurrent mark sweep GC freed 18(624B) AllocSpace objects, 0(0B) LOS objects, 30% free, 37MB/53MB, paused 486us total 83.413ms
08-05 21:20:00.468 21903 22120 I art     : Starting a blocking GC Explicit
08-05 21:20:00.550 21903 22120 I art     : Explicit concurrent mark sweep GC freed 3(96B) AllocSpace objects, 0(0B) LOS objects, 30% free, 37MB/53MB, paused 439us total 81.263ms
08-05 21:20:00.575 21903 22120 I art     : Starting a blocking GC Explicit
08-05 21:20:00.657 21903 22120 I art     : Explicit concurrent mark sweep GC freed 3(96B) AllocSpace objects, 0(0B) LOS objects, 30% free, 37MB/53MB, paused 464us total 81.733ms
08-05 21:20:00.682 21903 22120 I art     : Starting a blocking GC Explicit
08-05 21:20:00.765 21903 22120 I art     : Explicit concurrent mark sweep GC freed 3(96B) AllocSpace objects, 0(0B) LOS objects, 30% free, 37MB/53MB, paused 471us total 82.839ms
08-05 21:20:01.113 21903 22127 I art     : Starting a blocking GC Explicit
08-05 21:20:01.195 21903 22127 I art     : Explicit concurrent mark sweep GC freed 1293(75KB) AllocSpace objects, 1(20KB) LOS objects, 30% free, 37MB/53MB, paused 471us total 82.097ms
08-05 21:20:01.219 21903 22127 I art     : Starting a blocking GC Explicit
08-05 21:20:01.296 21903 22127 I art     : Explicit concurrent mark sweep GC freed 18(624B) AllocSpace objects, 0(0B) LOS objects, 30% free, 37MB/53MB, paused 485us total 76.783ms
08-05 21:20:01.320 21903 22127 I art     : Starting a blocking GC Explicit
08-05 21:20:01.398 21903 22127 I art     : Explicit concurrent mark sweep GC freed 3(96B) AllocSpace objects, 0(0B) LOS objects, 30% free, 37MB/53MB, paused 479us total 77.033ms
08-05 21:20:01.422 21903 22127 I art     : Starting a blocking GC Explicit
08-05 21:20:01.496 21903 22127 I art     : Explicit concurrent mark sweep GC freed 3(96B) AllocSpace objects, 0(0B) LOS objects, 30% free, 37MB/53MB, paused 489us total 72.944ms
08-05 21:20:01.520 21903 22127 I art     : Starting a blocking GC Explicit
08-05 21:20:01.552 22694 22694 D AndroidRuntime: >>>>>> START com.android.internal.os.RuntimeInit uid 2000 <<<<<<
08-05 21:20:01.558 22694 22694 D AndroidRuntime: CheckJNI is OFF
08-05 21:20:01.596 21903 22127 I art     : Explicit concurrent mark sweep GC freed 3(96B) AllocSpace objects, 0(0B) LOS objects, 30% free, 37MB/53MB, paused 493us total 75.151ms
08-05 21:20:01.602 22694 22694 D ICU     : No timezone override file found: /data/misc/zoneinfo/current/icu/icu_tzdata.dat
08-05 21:20:01.651 22694 22694 I Radio-JNI: register_android_hardware_Radio DONE
08-05 21:20:01.680 22694 22694 D AndroidRuntime: Calling main entry com.android.commands.input.Input
08-05 21:20:01.681 22694 22694 I Input   : injectMotionEvent: MotionEvent { action=ACTION_DOWN, actionButton=0, id[0]=0, x[0]=558.0, y[0]=368.0, toolType[0]=TOOL_TYPE_UNKNOWN, buttonState=0, metaState=0, flags=0x0, edgeFlags=0x0, pointerCount=1, historySize=0, eventTime=825618094, downTime=825618094, deviceId=0, source=0x1002 }
08-05 21:20:01.688 22694 22694 I Input   : injectMotionEvent: MotionEvent { action=ACTION_UP, actionButton=0, id[0]=0, x[0]=558.0, y[0]=368.0, toolType[0]=TOOL_TYPE_UNKNOWN, buttonState=0, metaState=0, flags=0x0, edgeFlags=0x0, pointerCount=1, historySize=0, eventTime=825618094, downTime=825618094, deviceId=0, source=0x1002 }
08-05 21:20:01.689 22694 22694 D AndroidRuntime: Shutting down VM
08-05 21:20:01.906 21903 21916 I art     : Starting a blocking GC Explicit
08-05 21:20:01.986 21903 21916 I art     : Explicit concurrent mark sweep GC freed 2219(171KB) AllocSpace objects, 1(20KB) LOS objects, 30% free, 37MB/53MB, paused 453us total 79.556ms
08-05 21:20:02.010 21903 21916 I art     : Starting a blocking GC Explicit
08-05 21:20:02.075 21903 21916 I art     : Explicit concurrent mark sweep GC freed 93(5KB) AllocSpace objects, 0(0B) LOS objects, 30% free, 37MB/53MB, paused 442us total 64.061ms
08-05 21:20:02.100 21903 21916 I art     : Starting a blocking GC Explicit
08-05 21:20:02.166 21903 21916 I art     : Explicit concurrent mark sweep GC freed 303(13KB) AllocSpace objects, 0(0B) LOS objects, 30% free, 37MB/53MB, paused 472us total 65.541ms
08-05 21:20:02.189 21903 21916 I art     : Starting a blocking GC Explicit
08-05 21:20:02.255 21903 21916 I art     : Explicit concurrent mark sweep GC freed 18(576B) AllocSpace objects, 0(0B) LOS objects, 30% free, 37MB/53MB, paused 417us total 65.574ms
08-05 21:20:02.280 21903 21916 I art     : Starting a blocking GC Explicit
08-05 21:20:02.347 21903 21916 I art     : Explicit concurrent mark sweep GC freed 9(288B) AllocSpace objects, 0(0B) LOS objects, 30% free, 37MB/53MB, paused 428us total 66.631ms
08-05 21:20:02.670 21903 21916 I art     : Starting a blocking GC Explicit
08-05 21:20:02.762 21903 21916 I art     : Explicit concurrent mark sweep GC freed 1301(75KB) AllocSpace objects, 1(20KB) LOS objects, 30% free, 37MB/53MB, paused 471us total 91.940ms
08-05 21:20:02.787 21903 21916 I art     : Starting a blocking GC Explicit
08-05 21:20:02.863 21903 21916 I art     : Explicit concurrent mark sweep GC freed 18(624B) AllocSpace objects, 0(0B) LOS objects, 30% free, 37MB/53MB, paused 463us total 76.105ms
08-05 21:20:02.888 21903 21916 I art     : Starting a blocking GC Explicit
08-05 21:20:02.961 21903 21916 I art     : Explicit concurrent mark sweep GC freed 3(96B) AllocSpace objects, 0(0B) LOS objects, 30% free, 37MB/53MB, paused 463us total 72.293ms
08-05 21:20:02.984 21903 21916 I art     : Starting a blocking GC Explicit
08-05 21:20:03.054 21903 21916 I art     : Explicit concurrent mark sweep GC freed 3(96B) AllocSpace objects, 0(0B) LOS objects, 30% free, 37MB/53MB, paused 471us total 70.642ms
08-05 21:20:03.078 21903 21916 I art     : Starting a blocking GC Explicit
08-05 21:20:03.148 21903 21916 I art     : Explicit concurrent mark sweep GC freed 3(96B) AllocSpace objects, 0(0B) LOS objects, 30% free, 37MB/53MB, paused 520us total 69.203ms
08-05 21:20:03.453 22736 22736 D AndroidRuntime: >>>>>> START com.android.internal.os.RuntimeInit uid 2000 <<<<<<
08-05 21:20:03.459 22736 22736 D AndroidRuntime: CheckJNI is OFF
08-05 21:20:03.469 21903 22120 I art     : Starting a blocking GC Explicit
08-05 21:20:03.501 22736 22736 D ICU     : No timezone override file found: /data/misc/zoneinfo/current/icu/icu_tzdata.dat
08-05 21:20:03.544 22736 22736 I Radio-JNI: register_android_hardware_Radio DONE
08-05 21:20:03.576 22736 22736 D AndroidRuntime: Calling main entry com.android.commands.input.Input
08-05 21:20:03.578 22736 22736 I Input   : injectMotionEvent: MotionEvent { action=ACTION_DOWN, actionButton=0, id[0]=0, x[0]=945.0, y[0]=1376.0, toolType[0]=TOOL_TYPE_UNKNOWN, buttonState=0, metaState=0, flags=0x0, edgeFlags=0x0, pointerCount=1, historySize=0, eventTime=825619991, downTime=825619991, deviceId=0, source=0x1002 }
08-05 21:20:03.584 21903 22120 I art     : Explicit concurrent mark sweep GC freed 1316(76KB) AllocSpace objects, 1(20KB) LOS objects, 30% free, 37MB/53MB, paused 599us total 114.406ms
08-05 21:20:03.586 22736 22736 I Input   : injectMotionEvent: MotionEvent { action=ACTION_UP, actionButton=0, id[0]=0, x[0]=945.0, y[0]=1376.0, toolType[0]=TOOL_TYPE_UNKNOWN, buttonState=0, metaState=0, flags=0x0, edgeFlags=0x0, pointerCount=1, historySize=0, eventTime=825619991, downTime=825619991, deviceId=0, source=0x1002 }
08-05 21:20:03.590 22736 22736 D AndroidRuntime: Shutting down VM
08-05 21:20:03.612 21903 22120 I art     : Starting a blocking GC Explicit
08-05 21:20:03.656   512  2967 D audio_hw_primary: out_set_parameters: enter: usecase(1: low-latency-playback) kvpairs: routing=2
08-05 21:20:03.668 13866 13866 I GoogleInputMethodServic: GoogleInputMethodService.onFinishInput():3138 
08-05 21:20:03.669   512  2967 D audio_hw_primary: select_devices: out_snd_device(2: speaker) in_snd_device(0: none)
08-05 21:20:03.669 13866 13866 I GoogleInputMethodServic: GoogleInputMethodService.onStartInput():1808 
08-05 21:20:03.669   512  2967 D msm8974_platform: platform_send_audio_calibration: sending audio calibration for snd_device(2) acdb_id(15)
08-05 21:20:03.669   512  2967 I soundtrigger: audio_extn_sound_trigger_update_device_status: device 0x2 of type 0 for Event 1
08-05 21:20:03.679   512  2967 D audio_hw_primary: enable_snd_device: snd_device(2: speaker)
08-05 21:20:03.681   512  2967 D audio_hw_primary: enable_audio_route: apply and update mixer path: low-latency-playback speaker
08-05 21:20:03.683 21903 22120 I art     : Explicit concurrent mark sweep GC freed 385(20KB) AllocSpace objects, 0(0B) LOS objects, 30% free, 37MB/53MB, paused 1.163ms total 70.891ms
08-05 21:20:03.696 13866 13866 I GoogleInputMethodServic: GoogleInputMethodService.onFinishInput():3138 
08-05 21:20:03.696 13866 13866 I GoogleInputMethodServic: GoogleInputMethodService.onStartInput():1808 
08-05 21:20:03.712 21903 22120 I art     : Starting a blocking GC Explicit
08-05 21:20:03.782 21903 22120 I art     : Explicit concurrent mark sweep GC freed 593(31KB) AllocSpace objects, 0(0B) LOS objects, 30% free, 37MB/53MB, paused 549us total 69.858ms
08-05 21:20:03.805 21903 22120 I art     : Starting a blocking GC Explicit
08-05 21:20:03.868 21903 22120 I art     : Explicit concurrent mark sweep GC freed 725(67KB) AllocSpace objects, 0(0B) LOS objects, 30% free, 37MB/53MB, paused 500us total 63.562ms
08-05 21:20:03.890 21903 22120 I art     : Starting a blocking GC Explicit
08-05 21:20:03.956 21903 22120 I art     : Explicit concurrent mark sweep GC freed 7(256B) AllocSpace objects, 0(0B) LOS objects, 30% free, 37MB/53MB, paused 443us total 65.094ms
08-05 21:20:03.988 21903 21918 D OpenGLRenderer: endAllStagingAnimators on 0x7f79ea2800 (ListPopupWindow$DropDownListView) with handle 0x7f7a0dcd20
08-05 21:20:04.219   512  2967 D audio_hw_primary: disable_audio_route: reset and update mixer path: low-latency-playback speaker
08-05 21:20:04.220   512  2967 D audio_hw_primary: disable_snd_device: snd_device(2: speaker)
08-05 21:20:04.227   512  2967 I soundtrigger: audio_extn_sound_trigger_update_device_status: device 0x2 of type 0 for Event 0
08-05 21:20:04.270 21903 21916 I art     : Starting a blocking GC Explicit
08-05 21:20:04.353 21903 21916 I art     : Explicit concurrent mark sweep GC freed 1409(80KB) AllocSpace objects, 1(20KB) LOS objects, 30% free, 37MB/53MB, paused 486us total 81.988ms
08-05 21:20:04.377 21903 21916 I art     : Starting a blocking GC Explicit
08-05 21:20:04.454 21903 21916 I art     : Explicit concurrent mark sweep GC freed 574(38KB) AllocSpace objects, 0(0B) LOS objects, 30% free, 37MB/53MB, paused 484us total 76.013ms
08-05 21:20:04.478 21903 21916 I art     : Starting a blocking GC Explicit
08-05 21:20:04.555 21903 21916 I art     : Explicit concurrent mark sweep GC freed 3(96B) AllocSpace objects, 0(0B) LOS objects, 30% free, 37MB/53MB, paused 440us total 76.318ms
08-05 21:20:04.555 21903 21913 I art     : WaitForGcToComplete blocked for 37.346ms for cause HeapTrim
08-05 21:20:04.579 21903 21916 I art     : Starting a blocking GC Explicit
08-05 21:20:04.639 21903 21916 I art     : Explicit concurrent mark sweep GC freed 3(96B) AllocSpace objects, 0(0B) LOS objects, 30% free, 37MB/53MB, paused 422us total 59.706ms
08-05 21:20:04.661 21903 21916 I art     : Starting a blocking GC Explicit
08-05 21:20:04.722 21903 21916 I art     : Explicit concurrent mark sweep GC freed 3(96B) AllocSpace objects, 0(0B) LOS objects, 30% free, 37MB/53MB, paused 424us total 60.910ms
08-05 21:20:05.031 21903 22120 I art     : Starting a blocking GC Explicit
08-05 21:20:05.113 21903 22120 I art     : Explicit concurrent mark sweep GC freed 1293(75KB) AllocSpace objects, 1(20KB) LOS objects, 30% free, 37MB/53MB, paused 477us total 81.400ms
08-05 21:20:05.136 21903 22120 I art     : Starting a blocking GC Explicit
08-05 21:20:05.207 21903 22120 I art     : Explicit concurrent mark sweep GC freed 32(1072B) AllocSpace objects, 0(0B) LOS objects, 30% free, 37MB/53MB, paused 512us total 71.191ms
08-05 21:20:05.231 21903 22120 I art     : Starting a blocking GC Explicit
08-05 21:20:05.307 21903 22120 I art     : Explicit concurrent mark sweep GC freed 3(96B) AllocSpace objects, 0(0B) LOS objects, 30% free, 37MB/53MB, paused 483us total 75.297ms
08-05 21:20:05.331 21903 22120 I art     : Starting a blocking GC Explicit
08-05 21:20:05.399 22771 22771 D AndroidRuntime: >>>>>> START com.android.internal.os.RuntimeInit uid 2000 <<<<<<
08-05 21:20:05.405 22771 22771 D AndroidRuntime: CheckJNI is OFF
08-05 21:20:05.407 21903 22120 I art     : Explicit concurrent mark sweep GC freed 3(96B) AllocSpace objects, 0(0B) LOS objects, 30% free, 37MB/53MB, paused 483us total 75.198ms
08-05 21:20:05.431 21903 22120 I art     : Starting a blocking GC Explicit
08-05 21:20:05.452 22771 22771 D ICU     : No timezone override file found: /data/misc/zoneinfo/current/icu/icu_tzdata.dat
08-05 21:20:05.498 22771 22771 I Radio-JNI: register_android_hardware_Radio DONE
08-05 21:20:05.506 21903 22120 I art     : Explicit concurrent mark sweep GC freed 3(96B) AllocSpace objects, 0(0B) LOS objects, 30% free, 37MB/53MB, paused 518us total 74.659ms
08-05 21:20:05.530 22771 22771 D AndroidRuntime: Calling main entry com.android.commands.input.Input
08-05 21:20:05.532 22771 22771 I Input   : injectMotionEvent: MotionEvent { action=ACTION_DOWN, actionButton=0, id[0]=0, x[0]=481.0, y[0]=544.0, toolType[0]=TOOL_TYPE_UNKNOWN, buttonState=0, metaState=0, flags=0x0, edgeFlags=0x0, pointerCount=1, historySize=0, eventTime=825621944, downTime=825621944, deviceId=0, source=0x1002 }
08-05 21:20:05.539 22771 22771 I Input   : injectMotionEvent: MotionEvent { action=ACTION_UP, actionButton=0, id[0]=0, x[0]=481.0, y[0]=544.0, toolType[0]=TOOL_TYPE_UNKNOWN, buttonState=0, metaState=0, flags=0x0, edgeFlags=0x0, pointerCount=1, historySize=0, eventTime=825621944, downTime=825621944, deviceId=0, source=0x1002 }
08-05 21:20:05.540 22771 22771 D AndroidRuntime: Shutting down VM
08-05 21:20:05.819 21903 21914 I art     : Starting a blocking GC Explicit
08-05 21:20:05.894 21903 21914 I art     : Explicit concurrent mark sweep GC freed 2088(110KB) AllocSpace objects, 1(20KB) LOS objects, 30% free, 37MB/53MB, paused 420us total 74.614ms
08-05 21:20:05.922 21903 21914 I art     : Starting a blocking GC Explicit
08-05 21:20:05.989 21903 21914 I art     : Explicit concurrent mark sweep GC freed 354(16KB) AllocSpace objects, 0(0B) LOS objects, 30% free, 37MB/53MB, paused 494us total 66.279ms
08-05 21:20:06.013 21903 21914 I art     : Starting a blocking GC Explicit
08-05 21:20:06.078 21903 21914 I art     : Explicit concurrent mark sweep GC freed 25(1104B) AllocSpace objects, 0(0B) LOS objects, 30% free, 37MB/53MB, paused 415us total 64.928ms
08-05 21:20:06.102 21903 21914 I art     : Starting a blocking GC Explicit
08-05 21:20:06.172 21903 21914 I art     : Explicit concurrent mark sweep GC freed 17(544B) AllocSpace objects, 0(0B) LOS objects, 30% free, 37MB/53MB, paused 410us total 69.094ms
08-05 21:20:06.196 21903 21914 I art     : Starting a blocking GC Explicit
08-05 21:20:06.265 21903 21914 I art     : Explicit concurrent mark sweep GC freed 11(416B) AllocSpace objects, 0(0B) LOS objects, 30% free, 37MB/53MB, paused 447us total 68.440ms
08-05 21:20:06.596 21903 22120 I art     : Starting a blocking GC Explicit
08-05 21:20:06.653   918  3188 I hubconnection: sensorhub said: 'set_bias 3: -6.1536, 0.0000, 0.0000'
08-05 21:20:06.692 21903 22120 I art     : Explicit concurrent mark sweep GC freed 1337(77KB) AllocSpace objects, 1(20KB) LOS objects, 30% free, 37MB/53MB, paused 671us total 95.754ms
08-05 21:20:06.720 21903 22120 I art     : Starting a blocking GC Explicit
08-05 21:20:06.795 21903 22120 I art     : Explicit concurrent mark sweep GC freed 18(624B) AllocSpace objects, 0(0B) LOS objects, 30% free, 37MB/53MB, paused 475us total 74.327ms
08-05 21:20:06.818 21903 22120 I art     : Starting a blocking GC Explicit
08-05 21:20:06.886 21903 22120 I art     : Explicit concurrent mark sweep GC freed 3(96B) AllocSpace objects, 0(0B) LOS objects, 30% free, 37MB/53MB, paused 478us total 67.577ms
08-05 21:20:06.909 21903 22120 I art     : Starting a blocking GC Explicit
08-05 21:20:06.980 21903 22120 I art     : Explicit concurrent mark sweep GC freed 3(96B) AllocSpace objects, 0(0B) LOS objects, 30% free, 37MB/53MB, paused 465us total 69.795ms
08-05 21:20:07.004 21903 22120 I art     : Starting a blocking GC Explicit
08-05 21:20:07.076 21903 22120 I art     : Explicit concurrent mark sweep GC freed 3(96B) AllocSpace objects, 0(0B) LOS objects, 30% free, 37MB/53MB, paused 470us total 72.706ms
08-05 21:20:07.310 22815 22815 D AndroidRuntime: >>>>>> START com.android.internal.os.RuntimeInit uid 2000 <<<<<<
08-05 21:20:07.316 22815 22815 D AndroidRuntime: CheckJNI is OFF
08-05 21:20:07.357 22815 22815 D ICU     : No timezone override file found: /data/misc/zoneinfo/current/icu/icu_tzdata.dat
08-05 21:20:07.398 22815 22815 I Radio-JNI: register_android_hardware_Radio DONE
08-05 21:20:07.405 21903 22127 I art     : Starting a blocking GC Explicit
08-05 21:20:07.427 22815 22815 D AndroidRuntime: Calling main entry com.android.commands.input.Input
08-05 21:20:07.429 22815 22815 I Input   : injectMotionEvent: MotionEvent { action=ACTION_DOWN, actionButton=0, id[0]=0, x[0]=310.0, y[0]=906.0, toolType[0]=TOOL_TYPE_UNKNOWN, buttonState=0, metaState=0, flags=0x0, edgeFlags=0x0, pointerCount=1, historySize=0, eventTime=825623842, downTime=825623842, deviceId=0, source=0x1002 }
08-05 21:20:07.433 22815 22815 I Input   : injectMotionEvent: MotionEvent { action=ACTION_UP, actionButton=0, id[0]=0, x[0]=310.0, y[0]=906.0, toolType[0]=TOOL_TYPE_UNKNOWN, buttonState=0, metaState=0, flags=0x0, edgeFlags=0x0, pointerCount=1, historySize=0, eventTime=825623842, downTime=825623842, deviceId=0, source=0x1002 }
08-05 21:20:07.434 22815 22815 D AndroidRuntime: Shutting down VM
08-05 21:20:07.481 21903 22127 I art     : Explicit concurrent mark sweep GC freed 1340(77KB) AllocSpace objects, 1(20KB) LOS objects, 30% free, 37MB/53MB, paused 455us total 75.861ms
08-05 21:20:07.500   512  2967 D audio_hw_primary: out_set_parameters: enter: usecase(1: low-latency-playback) kvpairs: routing=2
08-05 21:20:07.505 21903 22127 I art     : Starting a blocking GC Explicit
08-05 21:20:07.506 13866 13866 I GoogleInputMethodServic: GoogleInputMethodService.onFinishInput():3138 
08-05 21:20:07.507 13866 13866 I GoogleInputMethodServic: GoogleInputMethodService.onStartInput():1808 
08-05 21:20:07.513   512  2967 D audio_hw_primary: select_devices: out_snd_device(2: speaker) in_snd_device(0: none)
08-05 21:20:07.514   512  2967 D msm8974_platform: platform_send_audio_calibration: sending audio calibration for snd_device(2) acdb_id(15)
08-05 21:20:07.514   512  2967 I soundtrigger: audio_extn_sound_trigger_update_device_status: device 0x2 of type 0 for Event 1
08-05 21:20:07.520 13866 13866 I GoogleInputMethodServic: GoogleInputMethodService.onFinishInput():3138 
08-05 21:20:07.521 13866 13866 I GoogleInputMethodServic: GoogleInputMethodService.onStartInput():1808 
08-05 21:20:07.526   512  2967 D audio_hw_primary: enable_snd_device: snd_device(2: speaker)
08-05 21:20:07.528   512  2967 D audio_hw_primary: enable_audio_route: apply and update mixer path: low-latency-playback speaker
08-05 21:20:07.579 21903 22127 I art     : Explicit concurrent mark sweep GC freed 849(41KB) AllocSpace objects, 0(0B) LOS objects, 30% free, 37MB/53MB, paused 815us total 72.985ms
08-05 21:20:07.602 21903 22127 I art     : Starting a blocking GC Explicit
08-05 21:20:07.670 21903 22127 I art     : Explicit concurrent mark sweep GC freed 168(6KB) AllocSpace objects, 0(0B) LOS objects, 30% free, 37MB/53MB, paused 516us total 68.009ms
08-05 21:20:07.694 21903 22127 I art     : Starting a blocking GC Explicit
08-05 21:20:07.767 21903 22127 I art     : Explicit concurrent mark sweep GC freed 656(60KB) AllocSpace objects, 0(0B) LOS objects, 30% free, 37MB/53MB, paused 450us total 72.838ms
08-05 21:20:07.793 21903 22127 I art     : Starting a blocking GC Explicit
08-05 21:20:07.826 21903 21918 D OpenGLRenderer: endAllStagingAnimators on 0x7f9487e400 (ListPopupWindow$DropDownListView) with handle 0x7f7a0ff6e0
08-05 21:20:07.865 21903 22127 I art     : Explicit concurrent mark sweep GC freed 95(3KB) AllocSpace objects, 0(0B) LOS objects, 30% free, 37MB/53MB, paused 454us total 72.015ms
08-05 21:20:08.079   512  2967 D audio_hw_primary: disable_audio_route: reset and update mixer path: low-latency-playback speaker
08-05 21:20:08.082   512  2967 D audio_hw_primary: disable_snd_device: snd_device(2: speaker)
08-05 21:20:08.090   512  2967 I soundtrigger: audio_extn_sound_trigger_update_device_status: device 0x2 of type 0 for Event 0
08-05 21:20:08.196 21903 21916 I art     : Starting a blocking GC Explicit
08-05 21:20:08.292 21903 21916 I art     : Explicit concurrent mark sweep GC freed 1327(77KB) AllocSpace objects, 1(20KB) LOS objects, 30% free, 37MB/53MB, paused 522us total 95.645ms
08-05 21:20:08.322 21903 21916 I art     : Starting a blocking GC Explicit
08-05 21:20:08.398 21903 21916 I art     : Explicit concurrent mark sweep GC freed 497(32KB) AllocSpace objects, 0(0B) LOS objects, 30% free, 37MB/53MB, paused 576us total 74.961ms
08-05 21:20:08.422 21903 21916 I art     : Starting a blocking GC Explicit
08-05 21:20:08.497 21903 21916 I art     : Explicit concurrent mark sweep GC freed 3(96B) AllocSpace objects, 0(0B) LOS objects, 30% free, 37MB/53MB, paused 470us total 74.823ms
08-05 21:20:08.521 21903 21916 I art     : Starting a blocking GC Explicit
08-05 21:20:08.594 21903 21916 I art     : Explicit concurrent mark sweep GC freed 3(96B) AllocSpace objects, 0(0B) LOS objects, 30% free, 37MB/53MB, paused 477us total 72.340ms
08-05 21:20:08.618 21903 21916 I art     : Starting a blocking GC Explicit
08-05 21:20:08.677 13866 13882 I PeriodicStatsRunner: PeriodicStatsRunner.call():175 call()
08-05 21:20:08.677 13866 13882 I PeriodicStatsRunner: PeriodicStatsRunner.call():179 No submit PeriodicStats since input started.
08-05 21:20:08.693 21903 21916 I art     : Explicit concurrent mark sweep GC freed 3(96B) AllocSpace objects, 0(0B) LOS objects, 30% free, 37MB/53MB, paused 504us total 74.364ms
08-05 21:20:08.696 13866 13882 I PeriodicStatsRunner: PeriodicStatsRunner.call():175 call()
08-05 21:20:08.696 13866 13882 I PeriodicStatsRunner: PeriodicStatsRunner.call():179 No submit PeriodicStats since input started.
08-05 21:20:09.007 21903 22120 I art     : Starting a blocking GC Explicit
08-05 21:20:09.091 21903 22120 I art     : Explicit concurrent mark sweep GC freed 1293(75KB) AllocSpace objects, 1(20KB) LOS objects, 30% free, 37MB/53MB, paused 461us total 83.543ms
08-05 21:20:09.116 21903 22120 I art     : Starting a blocking GC Explicit
08-05 21:20:09.193 21903 22120 I art     : Explicit concurrent mark sweep GC freed 18(624B) AllocSpace objects, 0(0B) LOS objects, 30% free, 37MB/53MB, paused 482us total 77.335ms
08-05 21:20:09.217 21903 22120 I art     : Starting a blocking GC Explicit
08-05 21:20:09.220 22849 22849 D AndroidRuntime: >>>>>> START com.android.internal.os.RuntimeInit uid 2000 <<<<<<
08-05 21:20:09.225 22849 22849 D AndroidRuntime: CheckJNI is OFF
08-05 21:20:09.268 22849 22849 D ICU     : No timezone override file found: /data/misc/zoneinfo/current/icu/icu_tzdata.dat
08-05 21:20:09.289 21903 22120 I art     : Explicit concurrent mark sweep GC freed 3(96B) AllocSpace objects, 0(0B) LOS objects, 30% free, 37MB/53MB, paused 497us total 71.355ms
08-05 21:20:09.313 21903 22120 I art     : Starting a blocking GC Explicit
08-05 21:20:09.314 22849 22849 I Radio-JNI: register_android_hardware_Radio DONE
08-05 21:20:09.343 22849 22849 D AndroidRuntime: Calling main entry com.android.commands.input.Input
08-05 21:20:09.347 22849 22849 I Input   : injectMotionEvent: MotionEvent { action=ACTION_DOWN, actionButton=0, id[0]=0, x[0]=648.0, y[0]=709.0, toolType[0]=TOOL_TYPE_UNKNOWN, buttonState=0, metaState=0, flags=0x0, edgeFlags=0x0, pointerCount=1, historySize=0, eventTime=825625758, downTime=825625758, deviceId=0, source=0x1002 }
08-05 21:20:09.353 22849 22849 I Input   : injectMotionEvent: MotionEvent { action=ACTION_UP, actionButton=0, id[0]=0, x[0]=648.0, y[0]=709.0, toolType[0]=TOOL_TYPE_UNKNOWN, buttonState=0, metaState=0, flags=0x0, edgeFlags=0x0, pointerCount=1, historySize=0, eventTime=825625758, downTime=825625758, deviceId=0, source=0x1002 }
08-05 21:20:09.355 22849 22849 D AndroidRuntime: Shutting down VM
08-05 21:20:09.386 21903 22120 I art     : Explicit concurrent mark sweep GC freed 18(896B) AllocSpace objects, 0(0B) LOS objects, 30% free, 37MB/53MB, paused 480us total 72.410ms
08-05 21:20:09.409 21903 22120 I art     : Starting a blocking GC Explicit
08-05 21:20:09.421   512  2967 D audio_hw_primary: out_set_parameters: enter: usecase(1: low-latency-playback) kvpairs: routing=2
08-05 21:20:09.434   512  2967 D audio_hw_primary: select_devices: out_snd_device(2: speaker) in_snd_device(0: none)
08-05 21:20:09.434   512  2967 D msm8974_platform: platform_send_audio_calibration: sending audio calibration for snd_device(2) acdb_id(15)
08-05 21:20:09.435   512  2967 I soundtrigger: audio_extn_sound_trigger_update_device_status: device 0x2 of type 0 for Event 1
08-05 21:20:09.444   512  2967 D audio_hw_primary: enable_snd_device: snd_device(2: speaker)
08-05 21:20:09.447   512  2967 D audio_hw_primary: enable_audio_route: apply and update mixer path: low-latency-playback speaker
08-05 21:20:09.475 21903 22120 I art     : Explicit concurrent mark sweep GC freed 611(47KB) AllocSpace objects, 1(20KB) LOS objects, 30% free, 37MB/53MB, paused 545us total 65.447ms
08-05 21:20:09.691   918   927 I art     : Background partial concurrent mark sweep GC freed 104543(10MB) AllocSpace objects, 158(3MB) LOS objects, 18% free, 69MB/85MB, paused 2.580ms total 252.514ms
08-05 21:20:09.802 21903 22127 I art     : Starting a blocking GC Explicit
08-05 21:20:09.895 21903 22127 I art     : Explicit concurrent mark sweep GC freed 1557(91KB) AllocSpace objects, 1(20KB) LOS objects, 30% free, 37MB/53MB, paused 458us total 92.999ms
08-05 21:20:09.925 21903 22127 I art     : Starting a blocking GC Explicit
08-05 21:20:09.981   512  2967 D audio_hw_primary: disable_audio_route: reset and update mixer path: low-latency-playback speaker
08-05 21:20:09.983   512  2967 D audio_hw_primary: disable_snd_device: snd_device(2: speaker)
08-05 21:20:09.991   512  2967 I soundtrigger: audio_extn_sound_trigger_update_device_status: device 0x2 of type 0 for Event 0
08-05 21:20:10.013 21903 22127 I art     : Explicit concurrent mark sweep GC freed 63(2288B) AllocSpace objects, 0(0B) LOS objects, 30% free, 37MB/53MB, paused 518us total 87.691ms
08-05 21:20:10.043 21903 22127 I art     : Starting a blocking GC Explicit
08-05 21:20:10.123 21903 22127 I art     : Explicit concurrent mark sweep GC freed 3(96B) AllocSpace objects, 0(0B) LOS objects, 30% free, 37MB/53MB, paused 433us total 79.472ms
08-05 21:20:10.153 21903 22127 I art     : Starting a blocking GC Explicit
08-05 21:20:10.239 21903 22127 I art     : Explicit concurrent mark sweep GC freed 5(160B) AllocSpace objects, 0(0B) LOS objects, 30% free, 37MB/53MB, paused 425us total 86.310ms
08-05 21:20:10.269 21903 22127 I art     : Starting a blocking GC Explicit
08-05 21:20:10.343 21903 22127 I art     : Explicit concurrent mark sweep GC freed 3(96B) AllocSpace objects, 0(0B) LOS objects, 30% free, 37MB/53MB, paused 463us total 73.655ms
08-05 21:20:10.679 21903 21916 I art     : Starting a blocking GC Explicit
08-05 21:20:10.762 21903 21916 I art     : Explicit concurrent mark sweep GC freed 1296(75KB) AllocSpace objects, 1(20KB) LOS objects, 30% free, 37MB/53MB, paused 498us total 82.810ms
08-05 21:20:10.786 21903 21916 I art     : Starting a blocking GC Explicit
08-05 21:20:10.854 21903 21916 I art     : Explicit concurrent mark sweep GC freed 18(624B) AllocSpace objects, 0(0B) LOS objects, 30% free, 37MB/53MB, paused 487us total 67.141ms
08-05 21:20:10.878 21903 21916 I art     : Starting a blocking GC Explicit
08-05 21:20:10.949 21903 21916 I art     : Explicit concurrent mark sweep GC freed 3(96B) AllocSpace objects, 0(0B) LOS objects, 30% free, 37MB/53MB, paused 478us total 70.886ms
08-05 21:20:10.971 21903 21916 I art     : Starting a blocking GC Explicit
08-05 21:20:11.042 21903 21916 I art     : Explicit concurrent mark sweep GC freed 3(96B) AllocSpace objects, 0(0B) LOS objects, 30% free, 37MB/53MB, paused 477us total 70.915ms
08-05 21:20:11.067 21903 21916 I art     : Starting a blocking GC Explicit
08-05 21:20:11.143 21903 21916 I art     : Explicit concurrent mark sweep GC freed 12(384B) AllocSpace objects, 0(0B) LOS objects, 30% free, 37MB/53MB, paused 598us total 75.534ms
08-05 21:20:11.160 22892 22892 D AndroidRuntime: >>>>>> START com.android.internal.os.RuntimeInit uid 2000 <<<<<<
08-05 21:20:11.167 22892 22892 D AndroidRuntime: CheckJNI is OFF
08-05 21:20:11.208 22892 22892 D ICU     : No timezone override file found: /data/misc/zoneinfo/current/icu/icu_tzdata.dat
08-05 21:20:11.254 22892 22892 I Radio-JNI: register_android_hardware_Radio DONE
08-05 21:20:11.285 22892 22892 D AndroidRuntime: Calling main entry com.android.commands.input.Input
08-05 21:20:11.289 22892 22892 I Input   : injectMotionEvent: MotionEvent { action=ACTION_DOWN, actionButton=0, id[0]=0, x[0]=1197.0, y[0]=1456.0, toolType[0]=TOOL_TYPE_UNKNOWN, buttonState=0, metaState=0, flags=0x0, edgeFlags=0x0, pointerCount=1, historySize=0, eventTime=825627700, downTime=825627700, deviceId=0, source=0x1002 }
08-05 21:20:11.298 22892 22892 I Input   : injectMotionEvent: MotionEvent { action=ACTION_UP, actionButton=0, id[0]=0, x[0]=1197.0, y[0]=1456.0, toolType[0]=TOOL_TYPE_UNKNOWN, buttonState=0, metaState=0, flags=0x0, edgeFlags=0x0, pointerCount=1, historySize=0, eventTime=825627700, downTime=825627700, deviceId=0, source=0x1002 }
08-05 21:20:11.300 22892 22892 D AndroidRuntime: Shutting down VM
08-05 21:20:11.315   512  2967 D audio_hw_primary: out_set_parameters: enter: usecase(1: low-latency-playback) kvpairs: routing=2
08-05 21:20:11.328   512  2967 D audio_hw_primary: select_devices: out_snd_device(2: speaker) in_snd_device(0: none)
08-05 21:20:11.328   512  2967 D msm8974_platform: platform_send_audio_calibration: sending audio calibration for snd_device(2) acdb_id(15)
08-05 21:20:11.329   512  2967 I soundtrigger: audio_extn_sound_trigger_update_device_status: device 0x2 of type 0 for Event 1
08-05 21:20:11.339 21903 21918 D OpenGLRenderer: endAllStagingAnimators on 0x7f7df9a800 (RippleDrawable) with handle 0x7f78d852a0
08-05 21:20:11.344   512  2967 D audio_hw_primary: enable_snd_device: snd_device(2: speaker)
08-05 21:20:11.348   512  2967 D audio_hw_primary: enable_audio_route: apply and update mixer path: low-latency-playback speaker
08-05 21:20:11.349 21903 21903 I SettingsManager: Setting string: savedCourse
08-05 21:20:11.362   918  3670 W BackupManagerService: dataChanged but no participant pkg='baseline.com.ak.uobtimetable' uid=10684
08-05 21:20:11.363   918  3961 I ActivityManager: START u0 {flg=0x4000000 cmp=baseline.com.ak.uobtimetable/.MainActivity (has extras)} from uid 10684 on display 0
08-05 21:20:11.374   918  3714 W InputMethodManagerService: Focus gain on non-focused client com.android.internal.view.IInputMethodClient$Stub$Proxy@dff3061 (uid=10684 pid=21903)
08-05 21:20:11.388 21903 21903 D MainActivity: OnDestroy
08-05 21:20:11.391   918  3261 D WifiStateMachine: starting scan for "H369AA63323"WPA_PSK with 2412,5180
08-05 21:20:11.412 21903 21903 D MainActivity: onCreate
08-05 21:20:11.413 21903 21903 I SettingsManager: Getting string: savedSessions
08-05 21:20:11.413 21903 21903 I SettingsManager: Getting string: savedSessions
08-05 21:20:11.422 21903 21903 I SettingsManager: Getting string: savedSessionsCourseName
08-05 21:20:11.422 21903 21903 I SettingsManager: Getting string: savedSessionsCourseName
08-05 21:20:11.422 21903 21903 I SettingsManager: Getting string: savedSessionsDateRange
08-05 21:20:11.422 21903 21903 I SettingsManager: Getting string: savedSessionsDateRange
08-05 21:20:11.422 21903 21903 I Settings: 10 saved sessions - Bedfordshire International and EU Foundation Year - Int Foun - Ltn - Y0 Feb FT - Weeks: 24-38 (8 Jun 2020-20 Sep 2020)
08-05 21:20:11.467 21903 21903 I SettingsManager: Getting string: savedCourse
08-05 21:20:11.468 21903 21903 D MainActivity: sessionListFragmentArg: updateSessions
08-05 21:20:11.468 21903 21903 D MainActivity: showTermDatesConfigChange: false
08-05 21:20:11.468 21903 21903 D MainActivity: showTermDatesShortcut: false
08-05 21:20:11.469 21903 21903 D MainActivity: Setting initial fragment: SessionListsFragment
08-05 21:20:11.470 21903 21903 I SettingsManager: Getting int: launchCount
08-05 21:20:11.471 21903 21903 D SessionListsFragment: onCreateView
08-05 21:20:11.473 21903 21916 I art     : Starting a blocking GC Explicit
08-05 21:20:11.477 21903 21903 I SettingsManager: Getting string: savedCourse
08-05 21:20:11.482 21903 21903 I SettingsManager: Getting string: savedSessions
08-05 21:20:11.492 21903 21903 D SessionListsFragment: loadArgument: updateSessions
08-05 21:20:11.493 21903 21903 D SessionListsFragment: initialIndex: -1
08-05 21:20:11.495 21903 22915 D HTTP    : Request for: https://uob-timetable-api.adriankeenan.co.uk/sessions?dept=CM010&course=BSAIFAAF%2F02AA%2F0%2FFT&level=Foundation+Year
08-05 21:20:11.513 21903 21903 D TermDatesFragment: WebView loaded
08-05 21:20:11.513 21903 21903 D MainActivity: OnResume
08-05 21:20:11.523 21903 21903 I TermDatesFragment: Webview load %: 10
08-05 21:20:11.567 21903 21916 I art     : Explicit concurrent mark sweep GC freed 21493(1033KB) AllocSpace objects, 4(1380KB) LOS objects, 29% free, 37MB/53MB, paused 749us total 94.566ms
08-05 21:20:11.590 21903 21916 I art     : Starting a blocking GC Explicit
08-05 21:20:11.617   918   936 I ActivityManager: Displayed baseline.com.ak.uobtimetable/.MainActivity: +243ms
08-05 21:20:11.618 13866 13866 I GoogleInputMethodServic: GoogleInputMethodService.onFinishInput():3138 
08-05 21:20:11.619 13866 13866 I GoogleInputMethodServic: GoogleInputMethodService.onStartInput():1808 
08-05 21:20:11.656 21903 21916 I art     : Explicit concurrent mark sweep GC freed 38228(1693KB) AllocSpace objects, 4(112KB) LOS objects, 30% free, 36MB/52MB, paused 7.789ms total 66.386ms
08-05 21:20:11.675 21903 21916 I art     : Starting a blocking GC Explicit
08-05 21:20:11.732 21903 21916 I art     : Explicit concurrent mark sweep GC freed 3316(203KB) AllocSpace objects, 4(240KB) LOS objects, 30% free, 36MB/52MB, paused 1.012ms total 56.137ms
08-05 21:20:11.752 21903 21916 I art     : Starting a blocking GC Explicit
08-05 21:20:11.787 21903 21903 I TermDatesFragment: Webview load %: 70
08-05 21:20:11.793 21903 22915 I NAPPA_EXPERIMENTATION: MetricNetworkRequestExecutionTime: REQUEST_DURATION_SYSTEM='296',REQUEST_DURATION_OKHTTP='55',REQUEST_SYNCHRONOUS='TRUE',RESPONSE_CODE='200',RESPONSE_METHOD='GET',RESPONSE_LENGTH_OKHTTP='-1',RESPONSE_LENGTH_HEADER='1214',REQUEST_PROTOCOL='http/1.1',REQUEST_URL='https://uob-timetable-api.adriankeenan.co.uk/sessions?dept=CM010&course=BSAIFAAF%2F02AA%2F0%2FFT&level=Foundation+Year',
08-05 21:20:11.798 21903 21903 I TermDatesFragment: Webview load %: 100
08-05 21:20:11.798 21903 21903 I TermDatesFragment: Webview load %: 100
08-05 21:20:11.807 21903 21916 I art     : Explicit concurrent mark sweep GC freed 1348(144KB) AllocSpace objects, 0(0B) LOS objects, 30% free, 35MB/51MB, paused 599us total 54.795ms
08-05 21:20:11.827 21903 21916 I art     : Starting a blocking GC Explicit
08-05 21:20:11.841 21903 22915 I HTTP    : Response was compressed.
08-05 21:20:11.854 21903 22915 I Service : getSessions response time: 1.10
08-05 21:20:11.855 21903 21903 I SettingsManager: Getting string: savedSessions
08-05 21:20:11.856 21903 21903 I SettingsManager: Getting string: savedSessions
08-05 21:20:11.867 21903 21903 I Service : Sessions updated: 10
08-05 21:20:11.867 21903 21903 I Service : Sessions removed from new list: 0
08-05 21:20:11.878 21903 21903 I SettingsManager: Setting string: savedSessions
08-05 21:20:11.883 21903 21916 I art     : Explicit concurrent mark sweep GC freed 15737(734KB) AllocSpace objects, 2(32KB) LOS objects, 30% free, 36MB/52MB, paused 839us total 56.281ms
08-05 21:20:11.888   918  6111 W BackupManagerService: dataChanged but no participant pkg='baseline.com.ak.uobtimetable' uid=10684
08-05 21:20:11.888   512  2967 D audio_hw_primary: disable_audio_route: reset and update mixer path: low-latency-playback speaker
08-05 21:20:11.888 21903 21903 I SettingsManager: Setting date: savedSessionsTime
08-05 21:20:11.889   512  2967 D audio_hw_primary: disable_snd_device: snd_device(2: speaker)
08-05 21:20:11.898   512  2967 I soundtrigger: audio_extn_sound_trigger_update_device_status: device 0x2 of type 0 for Event 0
08-05 21:20:11.898   918  3670 W BackupManagerService: dataChanged but no participant pkg='baseline.com.ak.uobtimetable' uid=10684
08-05 21:20:11.898 21903 21903 I SettingsManager: Setting string: savedSessionsCourseName
08-05 21:20:11.905   918   929 W BackupManagerService: dataChanged but no participant pkg='baseline.com.ak.uobtimetable' uid=10684
08-05 21:20:11.906 21903 21903 I SettingsManager: Setting string: savedSessionsDateRange
08-05 21:20:11.906   918  4413 W BackupManagerService: dataChanged but no participant pkg='baseline.com.ak.uobtimetable' uid=10684
08-05 21:20:11.906 21903 21903 I SettingsManager: Setting string: timetableUrl
08-05 21:20:11.907   918  4400 W BackupManagerService: dataChanged but no participant pkg='baseline.com.ak.uobtimetable' uid=10684
08-05 21:20:11.907 21903 21903 I SettingsManager: Getting boolean: notifySessionRemindersEnabled
08-05 21:20:11.907 21903 21903 I SettingsManager: Getting int: notifySessionRemindersMinutes
08-05 21:20:11.907 21903 21903 I SettingsManager: Getting boolean: showHiddenSessions
08-05 21:20:11.910 21903 21903 I SessionReminderNotifier: Created session reminder alarm for f7b4771250a919bd729c1c5a4a459c77 at Mon 08:30:00 10/08/20
08-05 21:20:11.913 21903 21903 I SessionReminderNotifier: Created session reminder alarm for a7f879aabdeb78622c8820a5fb7b64cd at Tue 08:30:00 11/08/20
08-05 21:20:11.915 21903 21903 I SessionReminderNotifier: Created session reminder alarm for 7bc8d7e2c2055711f597c3d9078c6ea3 at Tue 08:30:00 11/08/20
08-05 21:20:11.917 21903 21903 I SessionReminderNotifier: Created session reminder alarm for 53c0527a6f009a1f2fd223834d3bfe51 at Tue 10:30:00 11/08/20
08-05 21:20:11.920 21903 21903 I SessionReminderNotifier: Created session reminder alarm for e0fc978b5db8218778540b4053344581 at Tue 11:00:00 11/08/20
08-05 21:20:11.922 21903 21903 I SessionReminderNotifier: Created session reminder alarm for 199afb0100f329ff65a09e1b0cd9deba at Tue 11:30:00 11/08/20
08-05 21:20:11.924 21903 21903 I SessionReminderNotifier: Created session reminder alarm for 21712fef61090882c855a1425543edb5 at Tue 13:30:00 11/08/20
08-05 21:20:11.926 21903 21903 I SessionReminderNotifier: Created session reminder alarm for 65ca4d97f031f29a4d02bbb45a705d8f at Wed 08:30:00 12/08/20
08-05 21:20:11.929 21903 21903 I SessionReminderNotifier: Created session reminder alarm for eeda7741b0bcab58fd9f46dc6ef1d942 at Wed 08:30:00 12/08/20
08-05 21:20:11.931 21903 21903 I SessionReminderNotifier: Created session reminder alarm for c276c1b2075a0beb67f1b3d1e580f920 at Wed 11:00:00 12/08/20
08-05 21:20:11.933 21903 21903 I SessionReminderNotifier: Created session reminder alarm for 8b1f3627e42ae13a6f6ba0a83903dde1 at Wed 13:30:00 12/08/20
08-05 21:20:11.935 21903 21903 I SessionReminderNotifier: Created session reminder alarm for 79fe0b5c3b887a13ba29db5a33fa2800 at Thu 08:30:00 06/08/20
08-05 21:20:11.937 21903 21903 I SessionReminderNotifier: Created session reminder alarm for cb9dfc8231cdba2be0835dc5709690e1 at Thu 08:30:00 06/08/20
08-05 21:20:11.939 21903 21903 I SessionReminderNotifier: Created session reminder alarm for f850dc24d6de60b7b89fa9e1a8c224c5 at Thu 12:00:00 06/08/20
08-05 21:20:11.941 21903 21903 I SessionReminderNotifier: Created session reminder alarm for 2ba1034116e4fffdd592dbf0796a43d5 at Fri 08:30:00 07/08/20
08-05 21:20:11.941 21903 21903 I SettingsManager: Getting boolean: showHiddenSessions
08-05 21:20:11.941 21903 21903 D SessionListsFragment: 1 sessions for day 0
08-05 21:20:11.942 21903 21903 D SessionListsFragment: 6 sessions for day 1
08-05 21:20:11.942 21903 21903 D SessionListsFragment: 4 sessions for day 2
08-05 21:20:11.942 21903 21903 D SessionListsFragment: 3 sessions for day 3
08-05 21:20:11.942 21903 21903 D SessionListsFragment: 1 sessions for day 4
08-05 21:20:11.987 21903 21903 I SettingsManager: Getting boolean: showHiddenSessions
08-05 21:20:11.987 21903 21903 D SessionListsFragment: Refreshed ViewPager
08-05 21:20:11.987 21903 21903 I SettingsManager: Getting boolean: showHiddenSessions
08-05 21:20:11.988 21903 21903 I SettingsManager: Getting boolean: completedTutorial
08-05 21:20:11.988 21903 21903 I SettingsManager: Getting boolean: showHiddenSessions
08-05 21:20:11.988 21903 21903 I SettingsManager: Getting date: savedSessionsTime
08-05 21:20:12.180 21903 22120 I art     : Starting a blocking GC Explicit
08-05 21:20:12.265 21903 22120 I art     : Explicit concurrent mark sweep GC freed 92147(3MB) AllocSpace objects, 4(80KB) LOS objects, 30% free, 37MB/53MB, paused 1.338ms total 84.331ms
08-05 21:20:12.288 21903 22120 I art     : Starting a blocking GC Explicit
08-05 21:20:12.361 21903 22120 I art     : Explicit concurrent mark sweep GC freed 31167(1361KB) AllocSpace objects, 0(0B) LOS objects, 30% free, 36MB/52MB, paused 1.394ms total 72.900ms
08-05 21:20:12.383 21903 22120 I art     : Starting a blocking GC Explicit
08-05 21:20:12.461 21903 22120 I art     : Explicit concurrent mark sweep GC freed 31342(1292KB) AllocSpace objects, 0(0B) LOS objects, 30% free, 37MB/53MB, paused 1.335ms total 77.192ms
08-05 21:20:12.484 21903 22120 I art     : Starting a blocking GC Explicit
08-05 21:20:12.507 13866 13882 I PeriodicStatsRunner: PeriodicStatsRunner.call():175 call()
08-05 21:20:12.507 13866 13882 I PeriodicStatsRunner: PeriodicStatsRunner.call():179 No submit PeriodicStats since input started.
08-05 21:20:12.520 13866 13882 I PeriodicStatsRunner: PeriodicStatsRunner.call():175 call()
08-05 21:20:12.521 13866 13882 I PeriodicStatsRunner: PeriodicStatsRunner.call():179 No submit PeriodicStats since input started.
08-05 21:20:12.562 21903 22120 I art     : Explicit concurrent mark sweep GC freed 34933(1429KB) AllocSpace objects, 0(0B) LOS objects, 30% free, 37MB/53MB, paused 1.632ms total 78.481ms
08-05 21:20:12.585 21903 22120 I art     : Starting a blocking GC Explicit
08-05 21:20:12.665 21903 22120 I art     : Explicit concurrent mark sweep GC freed 35315(1457KB) AllocSpace objects, 0(0B) LOS objects, 29% free, 37MB/53MB, paused 1.310ms total 79.694ms
08-05 21:20:12.857 21903 21903 I Choreographer: Skipped 51 frames!  The application may be doing too much work on its main thread.
08-05 21:20:12.990 21903 21916 I art     : Starting a blocking GC Explicit
08-05 21:20:13.082 21903 21916 I art     : Explicit concurrent mark sweep GC freed 64121(2MB) AllocSpace objects, 1(20KB) LOS objects, 29% free, 37MB/53MB, paused 558us total 91.763ms
08-05 21:20:13.106 21903 21916 I art     : Starting a blocking GC Explicit
08-05 21:20:13.161 21903 21916 I art     : Explicit concurrent mark sweep GC freed 123331(11MB) AllocSpace objects, 3(136KB) LOS objects, 37% free, 26MB/42MB, paused 509us total 54.473ms
08-05 21:20:13.164 24365 17236 I NetworkScheduler.Stats: Task com.google.android.gms/com.google.android.gms.icing.service.IcingGcmTaskService started execution. cause:4 exec_start_elapsed_seconds: 1809017 [CONTEXT service_id=218 ]
08-05 21:20:13.176 21903 21916 I art     : Starting a blocking GC Explicit
08-05 21:20:13.176   918  3714 I ActivityManager: Start proc 22939:com.google.android.apps.gcs/u0a11 for service com.google.android.apps.gcs/.service.GcsTaskService
08-05 21:20:13.180 24365 17236 I NetworkScheduler.Stats: Task com.google.android.apps.gcs/ started execution. cause:4 exec_start_elapsed_seconds: 1809017 [CONTEXT service_id=218 ]
08-05 21:20:13.187 24365 12324 I NetworkScheduler.Stats: Task com.google.android.gms/com.google.android.gms.icing.service.IcingGcmTaskService finished executing. cause:4 result: 1 elapsed_millis: 44 uptime_millis: 43 exec_start_elapsed_seconds: 1809017 [CONTEXT service_id=218 ]
08-05 21:20:13.211 21903 21916 I art     : Explicit concurrent mark sweep GC freed 75(3KB) AllocSpace objects, 0(0B) LOS objects, 37% free, 26MB/42MB, paused 503us total 34.507ms
08-05 21:20:13.225 21903 21916 I art     : Starting a blocking GC Explicit
08-05 21:20:13.262 21903 21916 I art     : Explicit concurrent mark sweep GC freed 3(96B) AllocSpace objects, 0(0B) LOS objects, 37% free, 26MB/42MB, paused 507us total 36.591ms
08-05 21:20:13.277 21903 21916 I art     : Starting a blocking GC Explicit
08-05 21:20:13.315 21903 21916 I art     : Explicit concurrent mark sweep GC freed 3(96B) AllocSpace objects, 0(0B) LOS objects, 37% free, 26MB/42MB, paused 527us total 38.667ms
08-05 21:20:13.462   918  6029 I AccountManagerService: getTypesVisibleToCaller: isPermitted? true
08-05 21:20:13.482 22939 22939 W Gcs.AccountsChgRcvr: [1] afk.b: No accounts available. WFA has been deactivated
08-05 21:20:13.501 22939 22939 W PrimesInit: Primes instant initialization
08-05 21:20:13.502 22939 22960 W Primes  : background initialization
08-05 21:20:13.543 22939 22960 I PrimesTesting: GserviceFlagsSupplier.get()
08-05 21:20:13.609   918  6112 I AccountManagerService: getTypesVisibleToCaller: isPermitted? true
08-05 21:20:13.623 22939 22961 W Gcs.WfaEliRefreshTask: [27416] afk.b: NULL eligibility response.
08-05 21:20:13.627 24365 30814 E NetworkScheduler.ATC: Received callback from client for task that is already complete. ComponentInfo{com.google.android.apps.gcs/com.google.android.apps.gcs.service.GcsTaskService} WfaEliRefreshTask [CONTEXT service_id=218 ]
08-05 21:20:13.637 21903 22120 I art     : Starting a blocking GC Explicit
08-05 21:20:13.675 21903 22120 I art     : Explicit concurrent mark sweep GC freed 1353(77KB) AllocSpace objects, 1(20KB) LOS objects, 37% free, 26MB/42MB, paused 491us total 37.865ms
08-05 21:20:13.690 21903 22120 I art     : Starting a blocking GC Explicit
08-05 21:20:13.730 21903 22120 I art     : Explicit concurrent mark sweep GC freed 53(1760B) AllocSpace objects, 0(0B) LOS objects, 37% free, 26MB/42MB, paused 818us total 39.027ms
08-05 21:20:13.745 21903 22120 I art     : Starting a blocking GC Explicit
08-05 21:20:13.783 21903 22120 I art     : Explicit concurrent mark sweep GC freed 40(1280B) AllocSpace objects, 0(0B) LOS objects, 37% free, 26MB/42MB, paused 521us total 37.649ms
08-05 21:20:13.798 21903 22120 I art     : Starting a blocking GC Explicit
08-05 21:20:13.838 21903 22120 I art     : Explicit concurrent mark sweep GC freed 21(672B) AllocSpace objects, 0(0B) LOS objects, 37% free, 26MB/42MB, paused 560us total 40.008ms
08-05 21:20:13.853 21903 22120 I art     : Starting a blocking GC Explicit
08-05 21:20:13.895 21903 22120 I art     : Explicit concurrent mark sweep GC freed 5(192B) AllocSpace objects, 0(0B) LOS objects, 37% free, 26MB/42MB, paused 513us total 41.717ms
08-05 21:20:14.248 21903 21914 I art     : Starting a blocking GC Explicit
08-05 21:20:14.307 21903 21914 I art     : Explicit concurrent mark sweep GC freed 1298(75KB) AllocSpace objects, 1(20KB) LOS objects, 37% free, 26MB/42MB, paused 573us total 59.363ms
08-05 21:20:14.327 21903 21914 I art     : Starting a blocking GC Explicit
08-05 21:20:14.373 21903 21914 I art     : Explicit concurrent mark sweep GC freed 37(1472B) AllocSpace objects, 0(0B) LOS objects, 37% free, 26MB/42MB, paused 470us total 45.192ms
08-05 21:20:14.389 21903 21914 I art     : Starting a blocking GC Explicit
08-05 21:20:14.436 21903 21914 I art     : Explicit concurrent mark sweep GC freed 3(96B) AllocSpace objects, 0(0B) LOS objects, 37% free, 26MB/42MB, paused 511us total 46.558ms
08-05 21:20:14.452 21903 21914 I art     : Starting a blocking GC Explicit
08-05 21:20:14.499 21903 21914 I art     : Explicit concurrent mark sweep GC freed 3(96B) AllocSpace objects, 0(0B) LOS objects, 37% free, 26MB/42MB, paused 495us total 46.511ms
08-05 21:20:14.515 21903 21914 I art     : Starting a blocking GC Explicit
08-05 21:20:14.562 21903 21914 I art     : Explicit concurrent mark sweep GC freed 3(96B) AllocSpace objects, 0(0B) LOS objects, 37% free, 26MB/42MB, paused 524us total 46.808ms
08-05 21:20:14.899 21903 22127 I art     : Waiting for a blocking GC Explicit
08-05 21:20:14.914 21903 22127 I art     : WaitForGcToComplete blocked for 14.426ms for cause Explicit
08-05 21:20:14.914 21903 22127 I art     : Starting a blocking GC Explicit
08-05 21:20:14.969 21903 22127 I art     : Explicit concurrent mark sweep GC freed 1293(75KB) AllocSpace objects, 1(20KB) LOS objects, 37% free, 26MB/42MB, paused 580us total 54.909ms
08-05 21:20:14.989 21903 22127 I art     : Starting a blocking GC Explicit
08-05 21:20:15.034 21903 22127 I art     : Explicit concurrent mark sweep GC freed 18(624B) AllocSpace objects, 0(0B) LOS objects, 37% free, 26MB/42MB, paused 491us total 45.101ms
08-05 21:20:15.050 21903 22127 I art     : Starting a blocking GC Explicit
08-05 21:20:15.096 21903 22127 I art     : Explicit concurrent mark sweep GC freed 3(96B) AllocSpace objects, 0(0B) LOS objects, 37% free, 26MB/42MB, paused 512us total 45.443ms
08-05 21:20:15.112 21903 22127 I art     : Starting a blocking GC Explicit
08-05 21:20:15.160 21903 22127 I art     : Explicit concurrent mark sweep GC freed 3(96B) AllocSpace objects, 0(0B) LOS objects, 37% free, 26MB/42MB, paused 505us total 47.484ms
08-05 21:20:15.180 21903 22127 I art     : Starting a blocking GC Explicit
08-05 21:20:15.226 21903 22127 I art     : Explicit concurrent mark sweep GC freed 3(96B) AllocSpace objects, 0(0B) LOS objects, 37% free, 26MB/42MB, paused 493us total 45.680ms
08-05 21:20:15.579 21903 21916 I art     : Starting a blocking GC Explicit
08-05 21:20:15.621 21903 21916 I art     : Explicit concurrent mark sweep GC freed 1293(75KB) AllocSpace objects, 1(20KB) LOS objects, 37% free, 26MB/42MB, paused 503us total 41.863ms
08-05 21:20:15.637 21903 21916 I art     : Starting a blocking GC Explicit
08-05 21:20:15.681 21903 21916 I art     : Explicit concurrent mark sweep GC freed 18(624B) AllocSpace objects, 0(0B) LOS objects, 37% free, 26MB/42MB, paused 518us total 43.205ms
08-05 21:20:15.697 21903 21916 I art     : Starting a blocking GC Explicit
08-05 21:20:15.740 21903 21916 I art     : Explicit concurrent mark sweep GC freed 3(96B) AllocSpace objects, 0(0B) LOS objects, 37% free, 26MB/42MB, paused 502us total 43.604ms
08-05 21:20:15.756 21903 21916 I art     : Starting a blocking GC Explicit
08-05 21:20:15.800 21903 21916 I art     : Explicit concurrent mark sweep GC freed 3(96B) AllocSpace objects, 0(0B) LOS objects, 37% free, 26MB/42MB, paused 514us total 42.973ms
08-05 21:20:15.815 21903 21916 I art     : Starting a blocking GC Explicit
08-05 21:20:15.860 21903 21916 I art     : Explicit concurrent mark sweep GC freed 3(96B) AllocSpace objects, 0(0B) LOS objects, 37% free, 26MB/42MB, paused 521us total 43.980ms
08-05 21:20:16.085 23001 23001 D AndroidRuntime: >>>>>> START com.android.internal.os.RuntimeInit uid 2000 <<<<<<
08-05 21:20:16.091 23001 23001 D AndroidRuntime: CheckJNI is OFF
08-05 21:20:16.132 23001 23001 D ICU     : No timezone override file found: /data/misc/zoneinfo/current/icu/icu_tzdata.dat
08-05 21:20:16.174 23001 23001 I Radio-JNI: register_android_hardware_Radio DONE
08-05 21:20:16.191 21903 21914 I art     : Starting a blocking GC Explicit
08-05 21:20:16.203 23001 23001 D AndroidRuntime: Calling main entry com.android.commands.input.Input
08-05 21:20:16.205 23001 23001 I Input   : injectMotionEvent: MotionEvent { action=ACTION_DOWN, actionButton=0, id[0]=0, x[0]=81.0, y[0]=176.0, toolType[0]=TOOL_TYPE_UNKNOWN, buttonState=0, metaState=0, flags=0x0, edgeFlags=0x0, pointerCount=1, historySize=0, eventTime=825632617, downTime=825632617, deviceId=0, source=0x1002 }
08-05 21:20:16.210 23001 23001 I Input   : injectMotionEvent: MotionEvent { action=ACTION_UP, actionButton=0, id[0]=0, x[0]=81.0, y[0]=176.0, toolType[0]=TOOL_TYPE_UNKNOWN, buttonState=0, metaState=0, flags=0x0, edgeFlags=0x0, pointerCount=1, historySize=0, eventTime=825632617, downTime=825632617, deviceId=0, source=0x1002 }
08-05 21:20:16.214 23001 23001 D AndroidRuntime: Shutting down VM
08-05 21:20:16.233   512  2967 D audio_hw_primary: out_set_parameters: enter: usecase(1: low-latency-playback) kvpairs: routing=2
08-05 21:20:16.236 21903 21914 I art     : Explicit concurrent mark sweep GC freed 1413(80KB) AllocSpace objects, 1(20KB) LOS objects, 37% free, 26MB/42MB, paused 720us total 43.688ms
08-05 21:20:16.246   512  2967 D audio_hw_primary: select_devices: out_snd_device(2: speaker) in_snd_device(0: none)
08-05 21:20:16.246   512  2967 D msm8974_platform: platform_send_audio_calibration: sending audio calibration for snd_device(2) acdb_id(15)
08-05 21:20:16.247   512  2967 I soundtrigger: audio_extn_sound_trigger_update_device_status: device 0x2 of type 0 for Event 1
08-05 21:20:16.252 21903 21914 I art     : Starting a blocking GC Explicit
08-05 21:20:16.257   512  2967 D audio_hw_primary: enable_snd_device: snd_device(2: speaker)
08-05 21:20:16.259   512  2967 D audio_hw_primary: enable_audio_route: apply and update mixer path: low-latency-playback speaker
08-05 21:20:16.265 13866 13866 I GoogleInputMethodServic: GoogleInputMethodService.onFinishInput():3138 
08-05 21:20:16.266 13866 13866 I GoogleInputMethodServic: GoogleInputMethodService.onStartInput():1808 
08-05 21:20:16.295 21903 21914 I art     : Explicit concurrent mark sweep GC freed 197(12KB) AllocSpace objects, 0(0B) LOS objects, 37% free, 26MB/42MB, paused 484us total 42.461ms
08-05 21:20:16.310 21903 21914 I art     : Starting a blocking GC Explicit
08-05 21:20:16.348 21903 21914 I art     : Explicit concurrent mark sweep GC freed 370(19KB) AllocSpace objects, 0(0B) LOS objects, 37% free, 26MB/42MB, paused 652us total 38.061ms
08-05 21:20:16.364 21903 21914 I art     : Starting a blocking GC Explicit
08-05 21:20:16.406 21903 21914 I art     : Explicit concurrent mark sweep GC freed 7(384B) AllocSpace objects, 0(0B) LOS objects, 37% free, 26MB/42MB, paused 573us total 41.367ms
08-05 21:20:16.421 21903 21914 I art     : Starting a blocking GC Explicit
08-05 21:20:16.461 21903 21914 I art     : Explicit concurrent mark sweep GC freed 3(96B) AllocSpace objects, 0(0B) LOS objects, 37% free, 26MB/42MB, paused 483us total 40.169ms
08-05 21:20:16.619 13866 13882 I PeriodicStatsRunner: PeriodicStatsRunner.call():175 call()
08-05 21:20:16.619 13866 13882 I PeriodicStatsRunner: PeriodicStatsRunner.call():179 No submit PeriodicStats since input started.
08-05 21:20:16.768 21903 21914 I art     : Starting a blocking GC Explicit
08-05 21:20:16.799   512  2967 D audio_hw_primary: disable_audio_route: reset and update mixer path: low-latency-playback speaker
08-05 21:20:16.800   512  2967 D audio_hw_primary: disable_snd_device: snd_device(2: speaker)
08-05 21:20:16.809   512  2967 I soundtrigger: audio_extn_sound_trigger_update_device_status: device 0x2 of type 0 for Event 0
08-05 21:20:16.810 21903 21914 I art     : Explicit concurrent mark sweep GC freed 1313(76KB) AllocSpace objects, 1(20KB) LOS objects, 37% free, 26MB/42MB, paused 493us total 41.374ms
08-05 21:20:16.825 21903 21914 I art     : Starting a blocking GC Explicit
08-05 21:20:16.865 21903 21914 I art     : Explicit concurrent mark sweep GC freed 34(1136B) AllocSpace objects, 0(0B) LOS objects, 37% free, 26MB/42MB, paused 489us total 39.811ms
08-05 21:20:16.880 21903 21914 I art     : Starting a blocking GC Explicit
08-05 21:20:16.921 21903 21914 I art     : Explicit concurrent mark sweep GC freed 3(96B) AllocSpace objects, 0(0B) LOS objects, 37% free, 26MB/42MB, paused 488us total 40.052ms
08-05 21:20:16.936 21903 21914 I art     : Starting a blocking GC Explicit
08-05 21:20:16.978 21903 21914 I art     : Explicit concurrent mark sweep GC freed 5(160B) AllocSpace objects, 0(0B) LOS objects, 37% free, 26MB/42MB, paused 498us total 41.604ms
08-05 21:20:16.993 21903 21914 I art     : Starting a blocking GC Explicit
08-05 21:20:17.036 21903 21914 I art     : Explicit concurrent mark sweep GC freed 3(96B) AllocSpace objects, 0(0B) LOS objects, 37% free, 26MB/42MB, paused 498us total 42.781ms
08-05 21:20:17.350 21903 22127 I art     : Starting a blocking GC Explicit
08-05 21:20:17.409 21903 22127 I art     : Explicit concurrent mark sweep GC freed 1293(75KB) AllocSpace objects, 1(20KB) LOS objects, 37% free, 26MB/42MB, paused 655us total 58.592ms
08-05 21:20:17.429 21903 22127 I art     : Starting a blocking GC Explicit
08-05 21:20:17.468 21903 22127 I art     : Explicit concurrent mark sweep GC freed 18(624B) AllocSpace objects, 0(0B) LOS objects, 37% free, 26MB/42MB, paused 527us total 39.038ms
08-05 21:20:17.483 21903 22127 I art     : Starting a blocking GC Explicit
08-05 21:20:17.523 21903 22127 I art     : Explicit concurrent mark sweep GC freed 3(96B) AllocSpace objects, 0(0B) LOS objects, 37% free, 26MB/42MB, paused 490us total 39.917ms
08-05 21:20:17.539 21903 22127 I art     : Starting a blocking GC Explicit
08-05 21:20:17.579 21903 22127 I art     : Explicit concurrent mark sweep GC freed 3(96B) AllocSpace objects, 0(0B) LOS objects, 37% free, 26MB/42MB, paused 525us total 40.333ms
08-05 21:20:17.594 21903 22127 I art     : Starting a blocking GC Explicit
08-05 21:20:17.635 21903 22127 I art     : Explicit concurrent mark sweep GC freed 3(96B) AllocSpace objects, 0(0B) LOS objects, 37% free, 26MB/42MB, paused 478us total 40.869ms
08-05 21:20:17.938 21903 21916 I art     : Starting a blocking GC Explicit
08-05 21:20:17.982 23056 23056 D AndroidRuntime: >>>>>> START com.android.internal.os.RuntimeInit uid 2000 <<<<<<
08-05 21:20:17.985 21903 21916 I art     : Explicit concurrent mark sweep GC freed 1307(76KB) AllocSpace objects, 1(20KB) LOS objects, 37% free, 26MB/42MB, paused 558us total 46.727ms
08-05 21:20:17.989 23056 23056 D AndroidRuntime: CheckJNI is OFF
08-05 21:20:18.002 21903 21916 I art     : Starting a blocking GC Explicit
08-05 21:20:18.034 23056 23056 D ICU     : No timezone override file found: /data/misc/zoneinfo/current/icu/icu_tzdata.dat
08-05 21:20:18.043 21903 21916 I art     : Explicit concurrent mark sweep GC freed 24(816B) AllocSpace objects, 0(0B) LOS objects, 37% free, 26MB/42MB, paused 498us total 40.853ms
08-05 21:20:18.058 21903 21916 I art     : Starting a blocking GC Explicit
08-05 21:20:18.079 23056 23056 I Radio-JNI: register_android_hardware_Radio DONE
08-05 21:20:18.097 21903 21916 I art     : Explicit concurrent mark sweep GC freed 9(288B) AllocSpace objects, 0(0B) LOS objects, 37% free, 26MB/42MB, paused 506us total 39.070ms
08-05 21:20:18.109 23056 23056 D AndroidRuntime: Calling main entry com.android.commands.input.Input
08-05 21:20:18.111 23056 23056 I Input   : injectMotionEvent: MotionEvent { action=ACTION_DOWN, actionButton=0, id[0]=0, x[0]=436.0, y[0]=1770.0, toolType[0]=TOOL_TYPE_UNKNOWN, buttonState=0, metaState=0, flags=0x0, edgeFlags=0x0, pointerCount=1, historySize=0, eventTime=825634523, downTime=825634523, deviceId=0, source=0x1002 }
08-05 21:20:18.112 21903 21916 I art     : Starting a blocking GC Explicit
08-05 21:20:18.116 23056 23056 I Input   : injectMotionEvent: MotionEvent { action=ACTION_UP, actionButton=0, id[0]=0, x[0]=436.0, y[0]=1770.0, toolType[0]=TOOL_TYPE_UNKNOWN, buttonState=0, metaState=0, flags=0x0, edgeFlags=0x0, pointerCount=1, historySize=0, eventTime=825634523, downTime=825634523, deviceId=0, source=0x1002 }
08-05 21:20:18.118 23056 23056 D AndroidRuntime: Shutting down VM
08-05 21:20:18.133 21903 21903 D MainActivity: NavigationItemSelected: Courses
08-05 21:20:18.135   918  6111 I ActivityManager: START u0 {cmp=baseline.com.ak.uobtimetable/.CourseListActivity} from uid 10684 on display 0
08-05 21:20:18.136   512  2967 D audio_hw_primary: out_set_parameters: enter: usecase(1: low-latency-playback) kvpairs: routing=2
08-05 21:20:18.145 21903 21903 D MainActivity: OnPause
08-05 21:20:18.149   512  2967 D audio_hw_primary: select_devices: out_snd_device(2: speaker) in_snd_device(0: none)
08-05 21:20:18.149   512  2967 D msm8974_platform: platform_send_audio_calibration: sending audio calibration for snd_device(2) acdb_id(15)
08-05 21:20:18.150   512  2967 I soundtrigger: audio_extn_sound_trigger_update_device_status: device 0x2 of type 0 for Event 1
08-05 21:20:18.151 21903 21916 I art     : Explicit concurrent mark sweep GC freed 49(2032B) AllocSpace objects, 0(0B) LOS objects, 37% free, 26MB/42MB, paused 555us total 38.849ms
08-05 21:20:18.164   512  2967 D audio_hw_primary: enable_snd_device: snd_device(2: speaker)
08-05 21:20:18.166   512  2967 D audio_hw_primary: enable_audio_route: apply and update mixer path: low-latency-playback speaker
08-05 21:20:18.167 21903 21916 I art     : Starting a blocking GC Explicit
08-05 21:20:18.196 21903 21903 D CourseListActivity: onCreate
08-05 21:20:18.198 21903 23079 D HTTP    : Request for: https://uob-timetable-api.adriankeenan.co.uk/courses
08-05 21:20:18.206 21903 21916 I art     : Explicit concurrent mark sweep GC freed 2318(114KB) AllocSpace objects, 0(0B) LOS objects, 37% free, 26MB/42MB, paused 928us total 39.240ms
08-05 21:20:18.254   918   936 I ActivityManager: Displayed baseline.com.ak.uobtimetable/.CourseListActivity: +108ms
08-05 21:20:18.254 13866 13866 I GoogleInputMethodServic: GoogleInputMethodService.onFinishInput():3138 
08-05 21:20:18.255 13866 13866 I GoogleInputMethodServic: GoogleInputMethodService.onStartInput():1808 
08-05 21:20:18.436 21903 23079 I NAPPA_EXPERIMENTATION: MetricNetworkRequestExecutionTime: REQUEST_DURATION_SYSTEM='237',REQUEST_DURATION_OKHTTP='46',REQUEST_SYNCHRONOUS='TRUE',RESPONSE_CODE='200',RESPONSE_METHOD='GET',RESPONSE_LENGTH_OKHTTP='-1',RESPONSE_LENGTH_HEADER='-2',REQUEST_PROTOCOL='http/1.1',REQUEST_URL='https://uob-timetable-api.adriankeenan.co.uk/courses',
08-05 21:20:18.512 21903 22127 I art     : Starting a blocking GC Explicit
08-05 21:20:18.555 21903 22127 I art     : Explicit concurrent mark sweep GC freed 4735(278KB) AllocSpace objects, 4(220KB) LOS objects, 32% free, 32MB/48MB, paused 529us total 43.515ms
08-05 21:20:18.571 21903 22127 I art     : Starting a blocking GC Explicit
08-05 21:20:18.608 21903 22127 I art     : Explicit concurrent mark sweep GC freed 1051(122KB) AllocSpace objects, 0(0B) LOS objects, 30% free, 35MB/51MB, paused 590us total 37.661ms
08-05 21:20:18.624 21903 22127 I art     : Starting a blocking GC Explicit
08-05 21:20:18.632 21903 21903 D MainActivity: Saving state
08-05 21:20:18.632 21903 21903 D MainActivity: Saving current fragment: SessionListsFragment
08-05 21:20:18.632 21903 21903 D MainActivity: Saving current index: 3
08-05 21:20:18.633 21903 21903 D SessionListsFragment: Saving state
08-05 21:20:18.667 21903 22127 I art     : Explicit concurrent mark sweep GC freed 2104(11MB) AllocSpace objects, 0(0B) LOS objects, 24% free, 48MB/64MB, paused 567us total 43.210ms
08-05 21:20:18.681 21903 22127 I art     : Starting a blocking GC Explicit
08-05 21:20:18.701   512  2967 D audio_hw_primary: disable_audio_route: reset and update mixer path: low-latency-playback speaker
08-05 21:20:18.702   512  2967 D audio_hw_primary: disable_snd_device: snd_device(2: speaker)
08-05 21:20:18.709   512  2967 I soundtrigger: audio_extn_sound_trigger_update_device_status: device 0x2 of type 0 for Event 0
08-05 21:20:18.718 21903 22127 I art     : Explicit concurrent mark sweep GC freed 48(25KB) AllocSpace objects, 0(0B) LOS objects, 24% free, 48MB/64MB, paused 531us total 36.966ms
08-05 21:20:18.733 21903 22127 I art     : Starting a blocking GC Explicit
08-05 21:20:18.771 21903 22127 I art     : Explicit concurrent mark sweep GC freed 32(1216B) AllocSpace objects, 0(0B) LOS objects, 24% free, 48MB/64MB, paused 545us total 37.257ms
08-05 21:20:18.845 21903 23079 I HTTP    : Response was compressed.
08-05 21:20:19.069 21903 22127 I art     : Starting a blocking GC Explicit
08-05 21:20:19.123 21903 22127 I art     : Explicit concurrent mark sweep GC freed 85450(3MB) AllocSpace objects, 0(0B) LOS objects, 27% free, 42MB/58MB, paused 801us total 54.597ms
08-05 21:20:19.140 21903 22127 I art     : Starting a blocking GC Explicit
08-05 21:20:19.188 21903 22127 I art     : Explicit concurrent mark sweep GC freed 36486(1717KB) AllocSpace objects, 0(0B) LOS objects, 27% free, 42MB/58MB, paused 949us total 48.205ms
08-05 21:20:19.204 21903 22127 I art     : Starting a blocking GC Explicit
08-05 21:20:19.253 21903 22127 I art     : Explicit concurrent mark sweep GC freed 35019(1642KB) AllocSpace objects, 0(0B) LOS objects, 27% free, 43MB/59MB, paused 981us total 48.264ms
08-05 21:20:19.269 21903 22127 I art     : Starting a blocking GC Explicit
08-05 21:20:19.318 21903 22127 I art     : Explicit concurrent mark sweep GC freed 35017(1644KB) AllocSpace objects, 0(0B) LOS objects, 26% free, 43MB/59MB, paused 937us total 49.155ms
08-05 21:20:19.334 21903 22127 I art     : Starting a blocking GC Explicit
08-05 21:20:19.382 21903 22127 I art     : Explicit concurrent mark sweep GC freed 35236(1657KB) AllocSpace objects, 0(0B) LOS objects, 26% free, 43MB/59MB, paused 1.008ms total 48.581ms
08-05 21:20:19.561 15866 15897 I Finsky  : [6071] ktr.run(-1): Stats for Executor: BlockingExecutor kvs@43d8fc2[Running, pool size = 1, active threads = 0, queued tasks = 0, completed tasks = 82]
08-05 21:20:19.565 15866 15897 I Finsky  : [6071] ktr.run(-1): Stats for Executor: LightweightExecutor kvs@20f81d3[Running, pool size = 4, active threads = 0, queued tasks = 0, completed tasks = 77]
08-05 21:20:19.695 21903 22127 I art     : Starting a blocking GC Explicit
08-05 21:20:19.761 21903 22127 I art     : Explicit concurrent mark sweep GC freed 187634(8MB) AllocSpace objects, 1(20KB) LOS objects, 26% free, 45MB/61MB, paused 840us total 65.992ms
08-05 21:20:19.779 21903 22127 I art     : Starting a blocking GC Explicit
08-05 21:20:19.832 21903 22127 I art     : Explicit concurrent mark sweep GC freed 42785(2002KB) AllocSpace objects, 0(0B) LOS objects, 26% free, 45MB/61MB, paused 959us total 52.117ms
08-05 21:20:19.848 21903 22127 I art     : Starting a blocking GC Explicit
08-05 21:20:19.901 21903 22127 I art     : Explicit concurrent mark sweep GC freed 35307(1650KB) AllocSpace objects, 0(0B) LOS objects, 25% free, 45MB/61MB, paused 1.125ms total 52.672ms
08-05 21:20:19.918 21903 22127 I art     : Starting a blocking GC Explicit
08-05 21:20:19.972 21903 22127 I art     : Explicit concurrent mark sweep GC freed 35096(1640KB) AllocSpace objects, 0(0B) LOS objects, 25% free, 45MB/61MB, paused 1.086ms total 53.272ms
08-05 21:20:19.989 21903 22127 I art     : Starting a blocking GC Explicit
08-05 21:20:20.043 21903 22127 I art     : Explicit concurrent mark sweep GC freed 35536(1663KB) AllocSpace objects, 0(0B) LOS objects, 25% free, 46MB/62MB, paused 1.354ms total 54.109ms
08-05 21:20:20.367 21903 22127 I art     : Starting a blocking GC Explicit
08-05 21:20:20.448 21903 22127 I art     : Explicit concurrent mark sweep GC freed 204043(9MB) AllocSpace objects, 1(20KB) LOS objects, 24% free, 48MB/64MB, paused 1.058ms total 81.059ms
08-05 21:20:20.469 21903 22127 I art     : Starting a blocking GC Explicit
08-05 21:20:20.532 21903 22127 I art     : Explicit concurrent mark sweep GC freed 53041(2MB) AllocSpace objects, 0(0B) LOS objects, 24% free, 48MB/64MB, paused 1.296ms total 62.801ms
08-05 21:20:20.552 21903 22127 I art     : Starting a blocking GC Explicit
08-05 21:20:20.618 21903 22127 I art     : Explicit concurrent mark sweep GC freed 45979(2MB) AllocSpace objects, 0(0B) LOS objects, 24% free, 48MB/64MB, paused 1.374ms total 65.583ms
08-05 21:20:20.618 15866 15897 I Finsky  : [6071] ktr.run(-1): Stats for Executor: bgExecutor kvs@65ac110[Running, pool size = 4, active threads = 0, queued tasks = 0, completed tasks = 262]
08-05 21:20:20.638 21903 22127 I art     : Starting a blocking GC Explicit
08-05 21:20:20.704 21903 22127 I art     : Explicit concurrent mark sweep GC freed 45562(2MB) AllocSpace objects, 0(0B) LOS objects, 24% free, 48MB/64MB, paused 1.381ms total 66.286ms
08-05 21:20:20.725 21903 22127 I art     : Starting a blocking GC Explicit
08-05 21:20:20.792 21903 22127 I art     : Explicit concurrent mark sweep GC freed 44502(2MB) AllocSpace objects, 0(0B) LOS objects, 24% free, 49MB/65MB, paused 1.381ms total 67.402ms
08-05 21:20:21.104 21903 22120 I art     : Starting a blocking GC Explicit
08-05 21:20:21.196 21903 22120 I art     : Explicit concurrent mark sweep GC freed 200851(9MB) AllocSpace objects, 1(20KB) LOS objects, 23% free, 50MB/66MB, paused 1.402ms total 91.815ms
08-05 21:20:21.218 21903 22120 I art     : Starting a blocking GC Explicit
08-05 21:20:21.265 13866 13882 I PeriodicStatsRunner: PeriodicStatsRunner.call():175 call()
08-05 21:20:21.265 13866 13882 I PeriodicStatsRunner: PeriodicStatsRunner.call():179 No submit PeriodicStats since input started.
08-05 21:20:21.291 21903 22120 I art     : Explicit concurrent mark sweep GC freed 57661(2MB) AllocSpace objects, 0(0B) LOS objects, 23% free, 50MB/66MB, paused 1.434ms total 72.969ms
08-05 21:20:21.312 21903 22120 I art     : Starting a blocking GC Explicit
08-05 21:20:21.336   918  1209 D NetworkMonitor/NetworkAgentInfo [WIFI () - 159]: Checking http://connectivitycheck.gstatic.com/generate_204 on "H369AA63323", 192.168.2.12=192.168.2.12
08-05 21:20:21.386 21903 22120 I art     : Explicit concurrent mark sweep GC freed 48886(2MB) AllocSpace objects, 0(0B) LOS objects, 23% free, 51MB/67MB, paused 1.635ms total 73.505ms
08-05 21:20:21.408 21903 22120 I art     : Starting a blocking GC Explicit
08-05 21:20:21.474   918  3188 I hubconnection: sensorhub said: 'set_bias 3: -6.2400, 0.0000, 0.0000'
08-05 21:20:21.477   918  1209 D NetworkMonitor/NetworkAgentInfo [WIFI () - 159]: Probably not a portal: exception java.io.IOException: unexpected end of stream on Connection{connectivitycheck.gstatic.com:80, proxy=HTTP@/192.168.2.12:8080 hostAddress=192.168.2.12 cipherSuite=none protocol=http/1.1} (recycle count=0)
08-05 21:20:21.478   918  3263 D ConnectivityService: NetworkAgentInfo [WIFI () - 159] validation failed
08-05 21:20:21.479   918  3261 E WifiConfigStore:  rewrite network history for "H369AA63323"WPA_PSK
08-05 21:20:21.483 21903 22120 I art     : Explicit concurrent mark sweep GC freed 49714(2MB) AllocSpace objects, 0(0B) LOS objects, 23% free, 51MB/67MB, paused 1.527ms total 74.710ms
08-05 21:20:21.505 21903 22120 I art     : Starting a blocking GC Explicit
08-05 21:20:21.582 21903 22120 I art     : Explicit concurrent mark sweep GC freed 50169(2MB) AllocSpace objects, 0(0B) LOS objects, 23% free, 52MB/68MB, paused 1.531ms total 76.287ms
08-05 21:20:21.718 21903 23079 I Service : getCourses response time: 0.69
08-05 21:20:21.720 21903 21903 I SettingsManager: Getting string: savedCourse
08-05 21:20:21.893 21903 22120 I art     : Starting a blocking GC Explicit
08-05 21:20:21.995 21903 22120 I art     : Explicit concurrent mark sweep GC freed 79535(3MB) AllocSpace objects, 2(15MB) LOS objects, 29% free, 37MB/53MB, paused 609us total 102.008ms
08-05 21:20:22.019 21903 22120 I art     : Starting a blocking GC Explicit
08-05 21:20:22.101 21903 22120 I art     : Explicit concurrent mark sweep GC freed 783(68KB) AllocSpace objects, 0(0B) LOS objects, 29% free, 37MB/53MB, paused 512us total 82.067ms
08-05 21:20:22.126 21903 22120 I art     : Starting a blocking GC Explicit
08-05 21:20:22.209 21903 22120 I art     : Explicit concurrent mark sweep GC freed 3(96B) AllocSpace objects, 0(0B) LOS objects, 29% free, 37MB/53MB, paused 556us total 82.278ms
08-05 21:20:22.234 21903 22120 I art     : Starting a blocking GC Explicit
08-05 21:20:22.313 21903 22120 I art     : Explicit concurrent mark sweep GC freed 3(96B) AllocSpace objects, 0(0B) LOS objects, 29% free, 37MB/53MB, paused 548us total 78.346ms
08-05 21:20:22.338 21903 22120 I art     : Starting a blocking GC Explicit
08-05 21:20:22.423 21903 22120 I art     : Explicit concurrent mark sweep GC freed 3(96B) AllocSpace objects, 0(0B) LOS objects, 29% free, 37MB/53MB, paused 543us total 84.972ms
08-05 21:20:22.580 17237 17237 I Atfwd_Sendcmd: AtCmdFwd service not ready - Exhausted retry attempts - :6
08-05 21:20:22.581 17237 17237 I Atfwd_Daemon: result : -1 	 ,Init step :2 	 ,qmiErrorCode: 0
08-05 21:20:22.779 21903 21916 I art     : Starting a blocking GC Explicit
08-05 21:20:22.889 21903 21916 I art     : Explicit concurrent mark sweep GC freed 1293(75KB) AllocSpace objects, 1(20KB) LOS objects, 29% free, 37MB/53MB, paused 556us total 108.805ms
08-05 21:20:22.917 21903 21916 I art     : Starting a blocking GC Explicit
08-05 21:20:23.003 21903 21916 I art     : Explicit concurrent mark sweep GC freed 18(624B) AllocSpace objects, 0(0B) LOS objects, 29% free, 37MB/53MB, paused 526us total 85.412ms
08-05 21:20:23.027 21903 21916 I art     : Starting a blocking GC Explicit
08-05 21:20:23.109 21903 21916 I art     : Explicit concurrent mark sweep GC freed 3(96B) AllocSpace objects, 0(0B) LOS objects, 29% free, 37MB/53MB, paused 540us total 81.407ms
08-05 21:20:23.134 21903 21916 I art     : Starting a blocking GC Explicit
08-05 21:20:23.213 21903 21916 I art     : Explicit concurrent mark sweep GC freed 3(96B) AllocSpace objects, 0(0B) LOS objects, 29% free, 37MB/53MB, paused 550us total 79.466ms
08-05 21:20:23.239 21903 21916 I art     : Starting a blocking GC Explicit
08-05 21:20:23.255 13866 13882 I PeriodicStatsRunner: PeriodicStatsRunner.call():175 call()
08-05 21:20:23.257 13866 13882 I PeriodicStatsRunner: PeriodicStatsRunner.call():179 No submit PeriodicStats since input started.
08-05 21:20:23.321 21903 21916 I art     : Explicit concurrent mark sweep GC freed 3(96B) AllocSpace objects, 0(0B) LOS objects, 29% free, 37MB/53MB, paused 545us total 82.441ms
08-05 21:20:23.678 21903 21914 I art     : Starting a blocking GC Explicit
08-05 21:20:23.785 21903 21914 I art     : Explicit concurrent mark sweep GC freed 1296(75KB) AllocSpace objects, 1(20KB) LOS objects, 29% free, 37MB/53MB, paused 582us total 106.080ms
08-05 21:20:23.812 21903 21914 I art     : Starting a blocking GC Explicit
08-05 21:20:23.896 21903 21914 I art     : Explicit concurrent mark sweep GC freed 18(624B) AllocSpace objects, 0(0B) LOS objects, 29% free, 37MB/53MB, paused 499us total 83.341ms
08-05 21:20:23.922 21903 21914 I art     : Starting a blocking GC Explicit
08-05 21:20:24.005 21903 21914 I art     : Explicit concurrent mark sweep GC freed 3(96B) AllocSpace objects, 0(0B) LOS objects, 29% free, 37MB/53MB, paused 506us total 82.987ms
08-05 21:20:24.030 21903 21914 I art     : Starting a blocking GC Explicit
08-05 21:20:24.109 21903 21914 I art     : Explicit concurrent mark sweep GC freed 3(96B) AllocSpace objects, 0(0B) LOS objects, 29% free, 37MB/53MB, paused 523us total 79.302ms
08-05 21:20:24.134 21903 21914 I art     : Starting a blocking GC Explicit
08-05 21:20:24.219 21903 21914 I art     : Explicit concurrent mark sweep GC freed 3(96B) AllocSpace objects, 0(0B) LOS objects, 29% free, 37MB/53MB, paused 515us total 84.398ms
08-05 21:20:24.542 21903 22120 I art     : Starting a blocking GC Explicit
08-05 21:20:24.632 21903 22120 I art     : Explicit concurrent mark sweep GC freed 1293(75KB) AllocSpace objects, 1(20KB) LOS objects, 29% free, 37MB/53MB, paused 575us total 89.637ms
08-05 21:20:24.656 21903 22120 I art     : Starting a blocking GC Explicit
08-05 21:20:24.735 21903 22120 I art     : Explicit concurrent mark sweep GC freed 18(624B) AllocSpace objects, 0(0B) LOS objects, 29% free, 37MB/53MB, paused 581us total 78.703ms
08-05 21:20:24.760 21903 22120 I art     : Starting a blocking GC Explicit
08-05 21:20:24.838 21903 22120 I art     : Explicit concurrent mark sweep GC freed 3(96B) AllocSpace objects, 0(0B) LOS objects, 29% free, 37MB/53MB, paused 588us total 78.178ms
08-05 21:20:24.862 21903 22120 I art     : Starting a blocking GC Explicit
08-05 21:20:24.926 23162 23162 D AndroidRuntime: >>>>>> START com.android.internal.os.RuntimeInit uid 2000 <<<<<<
08-05 21:20:24.932 23162 23162 D AndroidRuntime: CheckJNI is OFF
08-05 21:20:24.940 21903 22120 I art     : Explicit concurrent mark sweep GC freed 3(96B) AllocSpace objects, 0(0B) LOS objects, 29% free, 37MB/53MB, paused 555us total 78.007ms
08-05 21:20:24.965 21903 22120 I art     : Starting a blocking GC Explicit
08-05 21:20:24.980 23162 23162 D ICU     : No timezone override file found: /data/misc/zoneinfo/current/icu/icu_tzdata.dat
08-05 21:20:25.025 23162 23162 I Radio-JNI: register_android_hardware_Radio DONE
08-05 21:20:25.038 21903 22120 I art     : Explicit concurrent mark sweep GC freed 3(96B) AllocSpace objects, 0(0B) LOS objects, 29% free, 37MB/53MB, paused 563us total 73.451ms
08-05 21:20:25.055 23162 23162 D AndroidRuntime: Calling main entry com.android.commands.input.Input
08-05 21:20:25.058 23162 23162 I Input   : injectMotionEvent: MotionEvent { action=ACTION_DOWN, actionButton=0, id[0]=0, x[0]=648.0, y[0]=709.0, toolType[0]=TOOL_TYPE_UNKNOWN, buttonState=0, metaState=0, flags=0x0, edgeFlags=0x0, pointerCount=1, historySize=0, eventTime=825641470, downTime=825641470, deviceId=0, source=0x1002 }
08-05 21:20:25.065 23162 23162 I Input   : injectMotionEvent: MotionEvent { action=ACTION_UP, actionButton=0, id[0]=0, x[0]=648.0, y[0]=709.0, toolType[0]=TOOL_TYPE_UNKNOWN, buttonState=0, metaState=0, flags=0x0, edgeFlags=0x0, pointerCount=1, historySize=0, eventTime=825641470, downTime=825641470, deviceId=0, source=0x1002 }
08-05 21:20:25.067 23162 23162 D AndroidRuntime: Shutting down VM
08-05 21:20:25.133   512  2967 D audio_hw_primary: out_set_parameters: enter: usecase(1: low-latency-playback) kvpairs: routing=2
08-05 21:20:25.146   512  2967 D audio_hw_primary: select_devices: out_snd_device(2: speaker) in_snd_device(0: none)
08-05 21:20:25.146   512  2967 D msm8974_platform: platform_send_audio_calibration: sending audio calibration for snd_device(2) acdb_id(15)
08-05 21:20:25.147   512  2967 I soundtrigger: audio_extn_sound_trigger_update_device_status: device 0x2 of type 0 for Event 1
08-05 21:20:25.158   512  2967 D audio_hw_primary: enable_snd_device: snd_device(2: speaker)
08-05 21:20:25.161   512  2967 D audio_hw_primary: enable_audio_route: apply and update mixer path: low-latency-playback speaker
08-05 21:20:25.352 21903 21914 I art     : Starting a blocking GC Explicit
08-05 21:20:25.445 21903 21914 I art     : Explicit concurrent mark sweep GC freed 2058(133KB) AllocSpace objects, 2(40KB) LOS objects, 29% free, 37MB/53MB, paused 639us total 92.877ms
08-05 21:20:25.474 21903 21914 I art     : Starting a blocking GC Explicit
08-05 21:20:25.558 21903 21914 I art     : Explicit concurrent mark sweep GC freed 151(6KB) AllocSpace objects, 0(0B) LOS objects, 29% free, 37MB/53MB, paused 551us total 84.319ms
08-05 21:20:25.588 21903 21914 I art     : Starting a blocking GC Explicit
08-05 21:20:25.667 21903 21914 I art     : Explicit concurrent mark sweep GC freed 9(288B) AllocSpace objects, 0(0B) LOS objects, 29% free, 37MB/53MB, paused 489us total 78.771ms
08-05 21:20:25.697 21903 21914 I art     : Starting a blocking GC Explicit
08-05 21:20:25.699   512  2967 D audio_hw_primary: disable_audio_route: reset and update mixer path: low-latency-playback speaker
08-05 21:20:25.700   512  2967 D audio_hw_primary: disable_snd_device: snd_device(2: speaker)
08-05 21:20:25.710   512  2967 I soundtrigger: audio_extn_sound_trigger_update_device_status: device 0x2 of type 0 for Event 0
08-05 21:20:25.784 21903 21914 I art     : Explicit concurrent mark sweep GC freed 3(96B) AllocSpace objects, 0(0B) LOS objects, 29% free, 37MB/53MB, paused 493us total 86.463ms
08-05 21:20:25.814 21903 21914 I art     : Starting a blocking GC Explicit
08-05 21:20:25.897 21903 21914 I art     : Explicit concurrent mark sweep GC freed 5(160B) AllocSpace objects, 0(0B) LOS objects, 29% free, 37MB/53MB, paused 465us total 83.170ms
08-05 21:20:26.212 21903 22127 I art     : Starting a blocking GC Explicit
08-05 21:20:26.300 21903 22127 I art     : Explicit concurrent mark sweep GC freed 1293(75KB) AllocSpace objects, 1(20KB) LOS objects, 29% free, 37MB/53MB, paused 512us total 87.594ms
08-05 21:20:26.324 21903 22127 I art     : Starting a blocking GC Explicit
08-05 21:20:26.397 21903 22127 I art     : Explicit concurrent mark sweep GC freed 20(688B) AllocSpace objects, 0(0B) LOS objects, 29% free, 37MB/53MB, paused 583us total 73.185ms
08-05 21:20:26.421 21903 22127 I art     : Starting a blocking GC Explicit
08-05 21:20:26.492 21903 22127 I art     : Explicit concurrent mark sweep GC freed 3(96B) AllocSpace objects, 0(0B) LOS objects, 29% free, 37MB/53MB, paused 524us total 70.294ms
08-05 21:20:26.516 21903 22127 I art     : Starting a blocking GC Explicit
08-05 21:20:26.590 21903 22127 I art     : Explicit concurrent mark sweep GC freed 3(96B) AllocSpace objects, 0(0B) LOS objects, 29% free, 37MB/53MB, paused 512us total 73.973ms
08-05 21:20:26.614 21903 22127 I art     : Starting a blocking GC Explicit
08-05 21:20:26.688 21903 22127 I art     : Explicit concurrent mark sweep GC freed 3(96B) AllocSpace objects, 0(0B) LOS objects, 29% free, 37MB/53MB, paused 544us total 74.008ms
08-05 21:20:26.842 23206 23206 D AndroidRuntime: >>>>>> START com.android.internal.os.RuntimeInit uid 2000 <<<<<<
08-05 21:20:26.850 23206 23206 D AndroidRuntime: CheckJNI is OFF
08-05 21:20:26.895 23206 23206 D ICU     : No timezone override file found: /data/misc/zoneinfo/current/icu/icu_tzdata.dat
08-05 21:20:26.939 23206 23206 I Radio-JNI: register_android_hardware_Radio DONE
08-05 21:20:26.969 23206 23206 D AndroidRuntime: Calling main entry com.android.commands.input.Input
08-05 21:20:26.971 23206 23206 I Input   : injectMotionEvent: MotionEvent { action=ACTION_DOWN, actionButton=0, id[0]=0, x[0]=1197.0, y[0]=1456.0, toolType[0]=TOOL_TYPE_UNKNOWN, buttonState=0, metaState=0, flags=0x0, edgeFlags=0x0, pointerCount=1, historySize=0, eventTime=825643384, downTime=825643384, deviceId=0, source=0x1002 }
08-05 21:20:26.978 23206 23206 I Input   : injectMotionEvent: MotionEvent { action=ACTION_UP, actionButton=0, id[0]=0, x[0]=1197.0, y[0]=1456.0, toolType[0]=TOOL_TYPE_UNKNOWN, buttonState=0, metaState=0, flags=0x0, edgeFlags=0x0, pointerCount=1, historySize=0, eventTime=825643384, downTime=825643384, deviceId=0, source=0x1002 }
08-05 21:20:26.979 23206 23206 D AndroidRuntime: Shutting down VM
08-05 21:20:26.995   512  2967 D audio_hw_primary: out_set_parameters: enter: usecase(1: low-latency-playback) kvpairs: routing=2
08-05 21:20:27.009   512  2967 D audio_hw_primary: select_devices: out_snd_device(2: speaker) in_snd_device(0: none)
08-05 21:20:27.009   512  2967 D msm8974_platform: platform_send_audio_calibration: sending audio calibration for snd_device(2) acdb_id(15)
08-05 21:20:27.009   512  2967 I soundtrigger: audio_extn_sound_trigger_update_device_status: device 0x2 of type 0 for Event 1
08-05 21:20:27.015 21903 21918 D OpenGLRenderer: endAllStagingAnimators on 0x7f99591c00 (RippleDrawable) with handle 0x7f7a874080
08-05 21:20:27.020   512  2967 D audio_hw_primary: enable_snd_device: snd_device(2: speaker)
08-05 21:20:27.022   512  2967 D audio_hw_primary: enable_audio_route: apply and update mixer path: low-latency-playback speaker
08-05 21:20:27.023 21903 21903 I SettingsManager: Setting string: savedCourse
08-05 21:20:27.023   918  3696 W BackupManagerService: dataChanged but no participant pkg='baseline.com.ak.uobtimetable' uid=10684
08-05 21:20:27.024   918  6029 I ActivityManager: START u0 {flg=0x4000000 cmp=baseline.com.ak.uobtimetable/.MainActivity (has extras)} from uid 10684 on display 0
08-05 21:20:27.032 21903 21914 I art     : Starting a blocking GC Explicit
08-05 21:20:27.040   918  5952 W InputMethodManagerService: Focus gain on non-focused client com.android.internal.view.IInputMethodClient$Stub$Proxy@dff3061 (uid=10684 pid=21903)
08-05 21:20:27.057 21903 21903 D MainActivity: OnDestroy
08-05 21:20:27.081 21903 21903 D MainActivity: onCreate
08-05 21:20:27.081 21903 21903 I SettingsManager: Getting string: savedSessions
08-05 21:20:27.081 21903 21903 I SettingsManager: Getting string: savedSessions
08-05 21:20:27.092 21903 21903 I SettingsManager: Getting string: savedSessionsCourseName
08-05 21:20:27.092 21903 21903 I SettingsManager: Getting string: savedSessionsCourseName
08-05 21:20:27.092 21903 21903 I SettingsManager: Getting string: savedSessionsDateRange
08-05 21:20:27.093 21903 21903 I SettingsManager: Getting string: savedSessionsDateRange
08-05 21:20:27.093 21903 21903 I Settings: 15 saved sessions - Artificial Intelligence and Robotics (with Foundation Year) - BSc (Hons) - Ltn - Y0 Feb FT - Weeks: 24-38 (8 Jun 2020-20 Sep 2020)
08-05 21:20:27.108 21903 21914 I art     : Explicit concurrent mark sweep GC freed 13000(615KB) AllocSpace objects, 1(20KB) LOS objects, 29% free, 37MB/53MB, paused 799us total 76.428ms
08-05 21:20:27.130 21903 21914 I art     : Starting a blocking GC Explicit
08-05 21:20:27.135 21903 21903 I SettingsManager: Getting string: savedCourse
08-05 21:20:27.136 21903 21903 D MainActivity: sessionListFragmentArg: updateSessions
08-05 21:20:27.136 21903 21903 D MainActivity: showTermDatesConfigChange: false
08-05 21:20:27.136 21903 21903 D MainActivity: showTermDatesShortcut: false
08-05 21:20:27.137 21903 21903 D MainActivity: Setting initial fragment: SessionListsFragment
08-05 21:20:27.138 21903 21903 I SettingsManager: Getting int: launchCount
08-05 21:20:27.139 21903 21903 D SessionListsFragment: onCreateView
08-05 21:20:27.143 21903 21903 I SettingsManager: Getting string: savedCourse
08-05 21:20:27.148 21903 21903 I SettingsManager: Getting string: savedSessions
08-05 21:20:27.158 21903 21903 D SessionListsFragment: loadArgument: updateSessions
08-05 21:20:27.158 21903 21903 D SessionListsFragment: initialIndex: -1
08-05 21:20:27.160 21903 23229 D HTTP    : Request for: https://uob-timetable-api.adriankeenan.co.uk/sessions?dept=CM010&course=BSAIFAAF%2F02AA%2F0%2FFT&level=Foundation+Year
08-05 21:20:27.175 21903 21903 D TermDatesFragment: WebView loaded
08-05 21:20:27.175 21903 21903 D MainActivity: OnResume
08-05 21:20:27.209 21903 21914 I art     : Explicit concurrent mark sweep GC freed 9896(462KB) AllocSpace objects, 1(112KB) LOS objects, 29% free, 38MB/54MB, paused 999us total 78.275ms
08-05 21:20:27.231 21903 21914 I art     : Starting a blocking GC Explicit
08-05 21:20:27.246 21903 21903 I TermDatesFragment: Webview load %: 10
08-05 21:20:27.268   918   936 I ActivityManager: Displayed baseline.com.ak.uobtimetable/.MainActivity: +224ms
08-05 21:20:27.270 13866 13866 I GoogleInputMethodServic: GoogleInputMethodService.onFinishInput():3138 
08-05 21:20:27.270 13866 13866 I GoogleInputMethodServic: GoogleInputMethodService.onStartInput():1808 
08-05 21:20:27.305 21903 21914 I art     : Explicit concurrent mark sweep GC freed 1787(101KB) AllocSpace objects, 2(1268KB) LOS objects, 29% free, 37MB/53MB, paused 819us total 73.036ms
08-05 21:20:27.330 21903 21914 I art     : Starting a blocking GC Explicit
08-05 21:20:27.389 21903 21914 I art     : Explicit concurrent mark sweep GC freed 38088(1702KB) AllocSpace objects, 3(200KB) LOS objects, 30% free, 36MB/52MB, paused 753us total 59.150ms
08-05 21:20:27.410 21903 21914 I art     : Starting a blocking GC Explicit
08-05 21:20:27.457 21903 21903 I TermDatesFragment: Webview load %: 70
08-05 21:20:27.465 21903 23229 I NAPPA_EXPERIMENTATION: MetricNetworkRequestExecutionTime: REQUEST_DURATION_SYSTEM='304',REQUEST_DURATION_OKHTTP='51',REQUEST_SYNCHRONOUS='TRUE',RESPONSE_CODE='200',RESPONSE_METHOD='GET',RESPONSE_LENGTH_OKHTTP='-1',RESPONSE_LENGTH_HEADER='1214',REQUEST_PROTOCOL='http/1.1',REQUEST_URL='https://uob-timetable-api.adriankeenan.co.uk/sessions?dept=CM010&course=BSAIFAAF%2F02AA%2F0%2FFT&level=Foundation+Year',
08-05 21:20:27.469 21903 21903 I TermDatesFragment: Webview load %: 100
08-05 21:20:27.469 21903 21903 I TermDatesFragment: Webview load %: 100
08-05 21:20:27.470 21903 21914 I art     : Explicit concurrent mark sweep GC freed 2164(106KB) AllocSpace objects, 1(80KB) LOS objects, 30% free, 36MB/52MB, paused 777us total 60.273ms
08-05 21:20:27.500 21903 23229 I HTTP    : Response was compressed.
08-05 21:20:27.515 21903 23229 I Service : getSessions response time: 1.10
08-05 21:20:27.515 21903 21903 I SettingsManager: Getting string: savedSessions
08-05 21:20:27.516 21903 21903 I SettingsManager: Getting string: savedSessions
08-05 21:20:27.527 21903 21903 I Service : Sessions updated: 15
08-05 21:20:27.527 21903 21903 I Service : Sessions removed from new list: 0
08-05 21:20:27.537 21903 21903 I SettingsManager: Setting string: savedSessions
08-05 21:20:27.537   918  5481 W BackupManagerService: dataChanged but no participant pkg='baseline.com.ak.uobtimetable' uid=10684
08-05 21:20:27.537 21903 21903 I SettingsManager: Setting date: savedSessionsTime
08-05 21:20:27.544   918  3359 W BackupManagerService: dataChanged but no participant pkg='baseline.com.ak.uobtimetable' uid=10684
08-05 21:20:27.545 21903 21903 I SettingsManager: Setting string: savedSessionsCourseName
08-05 21:20:27.545   918  6029 W BackupManagerService: dataChanged but no participant pkg='baseline.com.ak.uobtimetable' uid=10684
08-05 21:20:27.545 21903 21903 I SettingsManager: Setting string: savedSessionsDateRange
08-05 21:20:27.545   918  5952 W BackupManagerService: dataChanged but no participant pkg='baseline.com.ak.uobtimetable' uid=10684
08-05 21:20:27.546 21903 21903 I SettingsManager: Setting string: timetableUrl
08-05 21:20:27.546   918   928 W BackupManagerService: dataChanged but no participant pkg='baseline.com.ak.uobtimetable' uid=10684
08-05 21:20:27.546 21903 21903 I SettingsManager: Getting boolean: notifySessionRemindersEnabled
08-05 21:20:27.546 21903 21903 I SettingsManager: Getting int: notifySessionRemindersMinutes
08-05 21:20:27.546 21903 21903 I SettingsManager: Getting boolean: showHiddenSessions
08-05 21:20:27.548 21903 21903 I SessionReminderNotifier: Created session reminder alarm for f7b4771250a919bd729c1c5a4a459c77 at Mon 08:30:00 10/08/20
08-05 21:20:27.550 21903 21903 I SessionReminderNotifier: Created session reminder alarm for a7f879aabdeb78622c8820a5fb7b64cd at Tue 08:30:00 11/08/20
08-05 21:20:27.552 21903 21903 I SessionReminderNotifier: Created session reminder alarm for 7bc8d7e2c2055711f597c3d9078c6ea3 at Tue 08:30:00 11/08/20
08-05 21:20:27.553 21903 21903 I SessionReminderNotifier: Created session reminder alarm for 53c0527a6f009a1f2fd223834d3bfe51 at Tue 10:30:00 11/08/20
08-05 21:20:27.555 21903 21903 I SessionReminderNotifier: Created session reminder alarm for e0fc978b5db8218778540b4053344581 at Tue 11:00:00 11/08/20
08-05 21:20:27.557 21903 21903 I SessionReminderNotifier: Created session reminder alarm for 199afb0100f329ff65a09e1b0cd9deba at Tue 11:30:00 11/08/20
08-05 21:20:27.559 21903 21903 I SessionReminderNotifier: Created session reminder alarm for 21712fef61090882c855a1425543edb5 at Tue 13:30:00 11/08/20
08-05 21:20:27.560 21903 21903 I SessionReminderNotifier: Created session reminder alarm for 65ca4d97f031f29a4d02bbb45a705d8f at Wed 08:30:00 12/08/20
08-05 21:20:27.562 21903 21903 I SessionReminderNotifier: Created session reminder alarm for eeda7741b0bcab58fd9f46dc6ef1d942 at Wed 08:30:00 12/08/20
08-05 21:20:27.563 21903 21903 I SessionReminderNotifier: Created session reminder alarm for c276c1b2075a0beb67f1b3d1e580f920 at Wed 11:00:00 12/08/20
08-05 21:20:27.565 21903 21903 I SessionReminderNotifier: Created session reminder alarm for 8b1f3627e42ae13a6f6ba0a83903dde1 at Wed 13:30:00 12/08/20
08-05 21:20:27.567 21903 21903 I SessionReminderNotifier: Created session reminder alarm for 79fe0b5c3b887a13ba29db5a33fa2800 at Thu 08:30:00 06/08/20
08-05 21:20:27.568   512  2967 D audio_hw_primary: disable_audio_route: reset and update mixer path: low-latency-playback speaker
08-05 21:20:27.569 21903 21903 I SessionReminderNotifier: Created session reminder alarm for cb9dfc8231cdba2be0835dc5709690e1 at Thu 08:30:00 06/08/20
08-05 21:20:27.570   512  2967 D audio_hw_primary: disable_snd_device: snd_device(2: speaker)
08-05 21:20:27.570 21903 21903 I SessionReminderNotifier: Created session reminder alarm for f850dc24d6de60b7b89fa9e1a8c224c5 at Thu 12:00:00 06/08/20
08-05 21:20:27.572 21903 21903 I SessionReminderNotifier: Created session reminder alarm for 2ba1034116e4fffdd592dbf0796a43d5 at Fri 08:30:00 07/08/20
08-05 21:20:27.572 21903 21903 I SettingsManager: Getting boolean: showHiddenSessions
08-05 21:20:27.572 21903 21903 D SessionListsFragment: 1 sessions for day 0
08-05 21:20:27.573 21903 21903 D SessionListsFragment: 6 sessions for day 1
08-05 21:20:27.573 21903 21903 D SessionListsFragment: 4 sessions for day 2
08-05 21:20:27.573 21903 21903 D SessionListsFragment: 3 sessions for day 3
08-05 21:20:27.573 21903 21903 D SessionListsFragment: 1 sessions for day 4
08-05 21:20:27.577   512  2967 I soundtrigger: audio_extn_sound_trigger_update_device_status: device 0x2 of type 0 for Event 0
08-05 21:20:27.613 21903 21903 I SettingsManager: Getting boolean: showHiddenSessions
08-05 21:20:27.614 21903 21903 D SessionListsFragment: Refreshed ViewPager
08-05 21:20:27.614 21903 21903 I SettingsManager: Getting boolean: showHiddenSessions
08-05 21:20:27.614 21903 21903 I SettingsManager: Getting boolean: completedTutorial
08-05 21:20:27.614 21903 21903 I SettingsManager: Getting boolean: showHiddenSessions
08-05 21:20:27.615 21903 21903 I SettingsManager: Getting date: savedSessionsTime
08-05 21:20:27.761 21903 21916 I art     : Starting a blocking GC Explicit
08-05 21:20:27.853 21903 21916 I art     : Explicit concurrent mark sweep GC freed 94815(3MB) AllocSpace objects, 4(72KB) LOS objects, 30% free, 37MB/53MB, paused 1.391ms total 91.085ms
08-05 21:20:27.876 21903 21916 I art     : Starting a blocking GC Explicit
08-05 21:20:27.945 21903 21916 I art     : Explicit concurrent mark sweep GC freed 29759(1279KB) AllocSpace objects, 0(0B) LOS objects, 30% free, 37MB/53MB, paused 1.337ms total 68.392ms
08-05 21:20:27.966 21903 21916 I art     : Starting a blocking GC Explicit
08-05 21:20:28.042 21903 21916 I art     : Explicit concurrent mark sweep GC freed 30691(1261KB) AllocSpace objects, 0(0B) LOS objects, 30% free, 37MB/53MB, paused 2.360ms total 75.814ms
08-05 21:20:28.066 21903 21916 I art     : Starting a blocking GC Explicit
08-05 21:20:28.145 21903 21916 I art     : Explicit concurrent mark sweep GC freed 34985(1441KB) AllocSpace objects, 0(0B) LOS objects, 30% free, 37MB/53MB, paused 1.514ms total 79.263ms
08-05 21:20:28.168 21903 21916 I art     : Starting a blocking GC Explicit
08-05 21:20:28.251 21903 21916 I art     : Explicit concurrent mark sweep GC freed 31033(1294KB) AllocSpace objects, 0(0B) LOS objects, 29% free, 37MB/53MB, paused 1.507ms total 82.368ms
08-05 21:20:28.472 21903 21903 I Choreographer: Skipped 50 frames!  The application may be doing too much work on its main thread.
08-05 21:20:28.586 21903 21914 I art     : Starting a blocking GC Explicit
08-05 21:20:28.681 21903 21914 I art     : Explicit concurrent mark sweep GC freed 73817(2MB) AllocSpace objects, 1(20KB) LOS objects, 29% free, 37MB/53MB, paused 618us total 94.905ms
08-05 21:20:28.705 21903 21914 I art     : Starting a blocking GC Explicit
08-05 21:20:28.780 21903 21914 I art     : Explicit concurrent mark sweep GC freed 2395(199KB) AllocSpace objects, 0(0B) LOS objects, 29% free, 37MB/53MB, paused 535us total 74.673ms
08-05 21:20:28.804 21903 21914 I art     : Starting a blocking GC Explicit
08-05 21:20:28.870 21903 21914 I art     : Explicit concurrent mark sweep GC freed 121110(11MB) AllocSpace objects, 3(136KB) LOS objects, 37% free, 26MB/42MB, paused 566us total 65.857ms
08-05 21:20:28.886 21903 21914 I art     : Starting a blocking GC Explicit
08-05 21:20:28.929 21903 21914 I art     : Explicit concurrent mark sweep GC freed 3(96B) AllocSpace objects, 0(0B) LOS objects, 37% free, 26MB/42MB, paused 533us total 42.955ms
08-05 21:20:28.945 21903 21914 I art     : Starting a blocking GC Explicit
08-05 21:20:28.992 21903 21914 I art     : Explicit concurrent mark sweep GC freed 3(96B) AllocSpace objects, 0(0B) LOS objects, 37% free, 26MB/42MB, paused 559us total 46.915ms
08-05 21:20:29.347 21903 22120 I art     : Starting a blocking GC Explicit
08-05 21:20:29.391 21903 22120 I art     : Explicit concurrent mark sweep GC freed 1403(79KB) AllocSpace objects, 1(20KB) LOS objects, 37% free, 26MB/42MB, paused 561us total 43.363ms
08-05 21:20:29.407 21903 22120 I art     : Starting a blocking GC Explicit
08-05 21:20:29.447 21903 22120 I art     : Explicit concurrent mark sweep GC freed 54(1792B) AllocSpace objects, 0(0B) LOS objects, 37% free, 26MB/42MB, paused 543us total 39.878ms
08-05 21:20:29.462 21903 22120 I art     : Starting a blocking GC Explicit
08-05 21:20:29.506 21903 22120 I art     : Explicit concurrent mark sweep GC freed 6(192B) AllocSpace objects, 0(0B) LOS objects, 37% free, 26MB/42MB, paused 549us total 43.365ms
08-05 21:20:29.522 21903 22120 I art     : Starting a blocking GC Explicit
08-05 21:20:29.565 21903 22120 I art     : Explicit concurrent mark sweep GC freed 4(160B) AllocSpace objects, 0(0B) LOS objects, 37% free, 26MB/42MB, paused 538us total 43.415ms
08-05 21:20:29.582 21903 22120 I art     : Starting a blocking GC Explicit
08-05 21:20:29.630 21903 22120 I art     : Explicit concurrent mark sweep GC freed 3(96B) AllocSpace objects, 0(0B) LOS objects, 37% free, 26MB/42MB, paused 558us total 48.542ms
08-05 21:20:30.002 21903 22127 I art     : Starting a blocking GC Explicit
08-05 21:20:30.059 21903 22127 I art     : Explicit concurrent mark sweep GC freed 1293(75KB) AllocSpace objects, 1(20KB) LOS objects, 37% free, 26MB/42MB, paused 531us total 57.273ms
08-05 21:20:30.076 21903 22127 I art     : Starting a blocking GC Explicit
08-05 21:20:30.122 21903 22127 I art     : Explicit concurrent mark sweep GC freed 18(624B) AllocSpace objects, 0(0B) LOS objects, 37% free, 26MB/42MB, paused 556us total 46.177ms
08-05 21:20:30.139 21903 22127 I art     : Starting a blocking GC Explicit
08-05 21:20:30.184 21903 22127 I art     : Explicit concurrent mark sweep GC freed 3(96B) AllocSpace objects, 0(0B) LOS objects, 37% free, 26MB/42MB, paused 534us total 45.111ms
08-05 21:20:30.201 21903 22127 I art     : Starting a blocking GC Explicit
08-05 21:20:30.249 21903 22127 I art     : Explicit concurrent mark sweep GC freed 3(96B) AllocSpace objects, 0(0B) LOS objects, 37% free, 26MB/42MB, paused 533us total 48.241ms
08-05 21:20:30.266 21903 22127 I art     : Starting a blocking GC Explicit
08-05 21:20:30.312 21903 22127 I art     : Explicit concurrent mark sweep GC freed 3(96B) AllocSpace objects, 0(0B) LOS objects, 37% free, 26MB/42MB, paused 569us total 46.184ms
08-05 21:20:30.659 21903 21916 I art     : Starting a blocking GC Explicit
08-05 21:20:30.712 21903 21916 I art     : Explicit concurrent mark sweep GC freed 1293(75KB) AllocSpace objects, 1(20KB) LOS objects, 37% free, 26MB/42MB, paused 593us total 52.579ms
08-05 21:20:30.731 21903 21916 I art     : Starting a blocking GC Explicit
08-05 21:20:30.775 21903 21916 I art     : Explicit concurrent mark sweep GC freed 18(624B) AllocSpace objects, 0(0B) LOS objects, 37% free, 26MB/42MB, paused 551us total 43.661ms
08-05 21:20:30.792 21903 21916 I art     : Starting a blocking GC Explicit
08-05 21:20:30.841 21903 21916 I art     : Explicit concurrent mark sweep GC freed 3(96B) AllocSpace objects, 0(0B) LOS objects, 37% free, 26MB/42MB, paused 575us total 48.887ms
08-05 21:20:30.857 21903 21916 I art     : Starting a blocking GC Explicit
08-05 21:20:30.904 21903 21916 I art     : Explicit concurrent mark sweep GC freed 3(96B) AllocSpace objects, 0(0B) LOS objects, 37% free, 26MB/42MB, paused 526us total 46.219ms
08-05 21:20:30.920 21903 21916 I art     : Starting a blocking GC Explicit
08-05 21:20:30.968 21903 21916 I art     : Explicit concurrent mark sweep GC freed 3(96B) AllocSpace objects, 0(0B) LOS objects, 37% free, 26MB/42MB, paused 594us total 47.822ms
08-05 21:20:31.318 21903 21914 I art     : Starting a blocking GC Explicit
08-05 21:20:31.366 21903 21914 I art     : Explicit concurrent mark sweep GC freed 1293(75KB) AllocSpace objects, 1(20KB) LOS objects, 37% free, 26MB/42MB, paused 535us total 47.985ms
08-05 21:20:31.383 21903 21914 I art     : Starting a blocking GC Explicit
08-05 21:20:31.394   918  3261 D WifiStateMachine: starting scan for "H369AA63323"WPA_PSK with 2412,5180
08-05 21:20:31.426 21903 21914 I art     : Explicit concurrent mark sweep GC freed 18(624B) AllocSpace objects, 0(0B) LOS objects, 37% free, 26MB/42MB, paused 562us total 43.209ms
08-05 21:20:31.442 21903 21914 I art     : Starting a blocking GC Explicit
08-05 21:20:31.486 21903 21914 I art     : Explicit concurrent mark sweep GC freed 13(448B) AllocSpace objects, 0(0B) LOS objects, 37% free, 26MB/42MB, paused 564us total 43.253ms
08-05 21:20:31.501 21903 21914 I art     : Starting a blocking GC Explicit
08-05 21:20:31.547 21903 21914 I art     : Explicit concurrent mark sweep GC freed 6(576B) AllocSpace objects, 0(0B) LOS objects, 37% free, 26MB/42MB, paused 544us total 45.624ms
08-05 21:20:31.564 21903 21914 I art     : Starting a blocking GC Explicit
08-05 21:20:31.609 21903 21914 I art     : Explicit concurrent mark sweep GC freed 3(96B) AllocSpace objects, 0(0B) LOS objects, 37% free, 26MB/42MB, paused 527us total 44.438ms
08-05 21:20:31.771 23291 23291 D AndroidRuntime: >>>>>> START com.android.internal.os.RuntimeInit uid 2000 <<<<<<
08-05 21:20:31.777 23291 23291 D AndroidRuntime: CheckJNI is OFF
08-05 21:20:31.817 23291 23291 D ICU     : No timezone override file found: /data/misc/zoneinfo/current/icu/icu_tzdata.dat
08-05 21:20:31.858 23291 23291 I Radio-JNI: register_android_hardware_Radio DONE
08-05 21:20:31.888 23291 23291 D AndroidRuntime: Calling main entry com.android.commands.input.Input
08-05 21:20:31.889 23291 23291 I Input   : injectMotionEvent: MotionEvent { action=ACTION_DOWN, actionButton=0, id[0]=0, x[0]=81.0, y[0]=176.0, toolType[0]=TOOL_TYPE_UNKNOWN, buttonState=0, metaState=0, flags=0x0, edgeFlags=0x0, pointerCount=1, historySize=0, eventTime=825648302, downTime=825648302, deviceId=0, source=0x1002 }
08-05 21:20:31.895 23291 23291 I Input   : injectMotionEvent: MotionEvent { action=ACTION_UP, actionButton=0, id[0]=0, x[0]=81.0, y[0]=176.0, toolType[0]=TOOL_TYPE_UNKNOWN, buttonState=0, metaState=0, flags=0x0, edgeFlags=0x0, pointerCount=1, historySize=0, eventTime=825648302, downTime=825648302, deviceId=0, source=0x1002 }
08-05 21:20:31.897 23291 23291 D AndroidRuntime: Shutting down VM
08-05 21:20:31.915   512  2967 D audio_hw_primary: out_set_parameters: enter: usecase(1: low-latency-playback) kvpairs: routing=2
08-05 21:20:31.930   512  2967 D audio_hw_primary: select_devices: out_snd_device(2: speaker) in_snd_device(0: none)
08-05 21:20:31.930   512  2967 D msm8974_platform: platform_send_audio_calibration: sending audio calibration for snd_device(2) acdb_id(15)
08-05 21:20:31.930   512  2967 I soundtrigger: audio_extn_sound_trigger_update_device_status: device 0x2 of type 0 for Event 1
08-05 21:20:31.942   512  2967 D audio_hw_primary: enable_snd_device: snd_device(2: speaker)
08-05 21:20:31.944   512  2967 D audio_hw_primary: enable_audio_route: apply and update mixer path: low-latency-playback speaker
08-05 21:20:31.949 21903 22127 I art     : Starting a blocking GC Explicit
08-05 21:20:31.955 13866 13866 I GoogleInputMethodServic: GoogleInputMethodService.onFinishInput():3138 
08-05 21:20:31.956 13866 13866 I GoogleInputMethodServic: GoogleInputMethodService.onStartInput():1808 
08-05 21:20:31.998 21903 22127 I art     : Explicit concurrent mark sweep GC freed 1703(95KB) AllocSpace objects, 1(20KB) LOS objects, 37% free, 26MB/42MB, paused 789us total 48.190ms
08-05 21:20:32.014 21903 22127 I art     : Starting a blocking GC Explicit
08-05 21:20:32.056 21903 22127 I art     : Explicit concurrent mark sweep GC freed 264(15KB) AllocSpace objects, 0(0B) LOS objects, 37% free, 26MB/42MB, paused 638us total 41.783ms
08-05 21:20:32.071 21903 22127 I art     : Starting a blocking GC Explicit
08-05 21:20:32.114 21903 22127 I art     : Explicit concurrent mark sweep GC freed 3(96B) AllocSpace objects, 0(0B) LOS objects, 37% free, 26MB/42MB, paused 756us total 42.092ms
08-05 21:20:32.130 21903 22127 I art     : Starting a blocking GC Explicit
08-05 21:20:32.169 21903 22127 I art     : Explicit concurrent mark sweep GC freed 5(160B) AllocSpace objects, 0(0B) LOS objects, 37% free, 26MB/42MB, paused 549us total 39.190ms
08-05 21:20:32.184 21903 22127 I art     : Starting a blocking GC Explicit
08-05 21:20:32.226 21903 22127 I art     : Explicit concurrent mark sweep GC freed 9(288B) AllocSpace objects, 0(0B) LOS objects, 37% free, 26MB/42MB, paused 537us total 41.870ms
08-05 21:20:32.270 13866 13882 I PeriodicStatsRunner: PeriodicStatsRunner.call():175 call()
08-05 21:20:32.271 13866 13882 I PeriodicStatsRunner: PeriodicStatsRunner.call():179 No submit PeriodicStats since input started.
08-05 21:20:32.488   512  2967 D audio_hw_primary: disable_audio_route: reset and update mixer path: low-latency-playback speaker
08-05 21:20:32.489   512  2967 D audio_hw_primary: disable_snd_device: snd_device(2: speaker)
08-05 21:20:32.497   512  2967 I soundtrigger: audio_extn_sound_trigger_update_device_status: device 0x2 of type 0 for Event 0
08-05 21:20:32.533 21903 21914 I art     : Starting a blocking GC Explicit
08-05 21:20:32.577 21903 21914 I art     : Explicit concurrent mark sweep GC freed 1311(76KB) AllocSpace objects, 1(20KB) LOS objects, 37% free, 26MB/42MB, paused 536us total 43.224ms
08-05 21:20:32.593 21903 21914 I art     : Starting a blocking GC Explicit
08-05 21:20:32.635 21903 21914 I art     : Explicit concurrent mark sweep GC freed 28(944B) AllocSpace objects, 0(0B) LOS objects, 37% free, 26MB/42MB, paused 530us total 41.568ms
08-05 21:20:32.650 21903 21914 I art     : Starting a blocking GC Explicit
08-05 21:20:32.695 21903 21914 I art     : Explicit concurrent mark sweep GC freed 5(160B) AllocSpace objects, 0(0B) LOS objects, 37% free, 26MB/42MB, paused 546us total 44.400ms
08-05 21:20:32.711 21903 21914 I art     : Starting a blocking GC Explicit
08-05 21:20:32.756 21903 21914 I art     : Explicit concurrent mark sweep GC freed 3(96B) AllocSpace objects, 0(0B) LOS objects, 37% free, 26MB/42MB, paused 563us total 44.071ms
08-05 21:20:32.772 21903 21914 I art     : Starting a blocking GC Explicit
08-05 21:20:32.815 21903 21914 I art     : Explicit concurrent mark sweep GC freed 3(96B) AllocSpace objects, 0(0B) LOS objects, 37% free, 26MB/42MB, paused 531us total 43.262ms
08-05 21:20:33.139 21903 22120 I art     : Starting a blocking GC Explicit
08-05 21:20:33.189 21903 22120 I art     : Explicit concurrent mark sweep GC freed 1293(75KB) AllocSpace objects, 1(20KB) LOS objects, 37% free, 26MB/42MB, paused 570us total 49.521ms
08-05 21:20:33.205 21903 22120 I art     : Starting a blocking GC Explicit
08-05 21:20:33.246 21903 22120 I art     : Explicit concurrent mark sweep GC freed 18(624B) AllocSpace objects, 0(0B) LOS objects, 37% free, 26MB/42MB, paused 540us total 41.340ms
08-05 21:20:33.261 21903 22120 I art     : Starting a blocking GC Explicit
08-05 21:20:33.303 21903 22120 I art     : Explicit concurrent mark sweep GC freed 3(96B) AllocSpace objects, 0(0B) LOS objects, 37% free, 26MB/42MB, paused 548us total 41.718ms
08-05 21:20:33.319 21903 22120 I art     : Starting a blocking GC Explicit
08-05 21:20:33.361 21903 22120 I art     : Explicit concurrent mark sweep GC freed 3(96B) AllocSpace objects, 0(0B) LOS objects, 37% free, 26MB/42MB, paused 517us total 41.998ms
08-05 21:20:33.377 21903 22120 I art     : Starting a blocking GC Explicit
08-05 21:20:33.419 21903 22120 I art     : Explicit concurrent mark sweep GC freed 3(96B) AllocSpace objects, 0(0B) LOS objects, 37% free, 26MB/42MB, paused 580us total 42.276ms
08-05 21:20:33.695 23339 23339 D AndroidRuntime: >>>>>> START com.android.internal.os.RuntimeInit uid 2000 <<<<<<
08-05 21:20:33.701 23339 23339 D AndroidRuntime: CheckJNI is OFF
08-05 21:20:33.742 23339 23339 D ICU     : No timezone override file found: /data/misc/zoneinfo/current/icu/icu_tzdata.dat
08-05 21:20:33.760 21903 21916 I art     : Starting a blocking GC Explicit
08-05 21:20:33.784 23339 23339 I Radio-JNI: register_android_hardware_Radio DONE
08-05 21:20:33.803 21903 21916 I art     : Explicit concurrent mark sweep GC freed 1322(76KB) AllocSpace objects, 1(20KB) LOS objects, 37% free, 26MB/42MB, paused 514us total 42.170ms
08-05 21:20:33.814 23339 23339 D AndroidRuntime: Calling main entry com.android.commands.input.Input
08-05 21:20:33.816 23339 23339 I Input   : injectMotionEvent: MotionEvent { action=ACTION_DOWN, actionButton=0, id[0]=0, x[0]=360.0, y[0]=1098.0, toolType[0]=TOOL_TYPE_UNKNOWN, buttonState=0, metaState=0, flags=0x0, edgeFlags=0x0, pointerCount=1, historySize=0, eventTime=825650229, downTime=825650229, deviceId=0, source=0x1002 }
08-05 21:20:33.818 21903 21916 I art     : Starting a blocking GC Explicit
08-05 21:20:33.822 23339 23339 I Input   : injectMotionEvent: MotionEvent { action=ACTION_UP, actionButton=0, id[0]=0, x[0]=360.0, y[0]=1098.0, toolType[0]=TOOL_TYPE_UNKNOWN, buttonState=0, metaState=0, flags=0x0, edgeFlags=0x0, pointerCount=1, historySize=0, eventTime=825650229, downTime=825650229, deviceId=0, source=0x1002 }
08-05 21:20:33.824 23339 23339 D AndroidRuntime: Shutting down VM
08-05 21:20:33.834 21903 21903 D MainActivity: NavigationItemSelected: Term dates
08-05 21:20:33.836   512  2967 D audio_hw_primary: out_set_parameters: enter: usecase(1: low-latency-playback) kvpairs: routing=2
08-05 21:20:33.849   512  2967 D audio_hw_primary: select_devices: out_snd_device(2: speaker) in_snd_device(0: none)
08-05 21:20:33.849   512  2967 D msm8974_platform: platform_send_audio_calibration: sending audio calibration for snd_device(2) acdb_id(15)
08-05 21:20:33.849   512  2967 I soundtrigger: audio_extn_sound_trigger_update_device_status: device 0x2 of type 0 for Event 1
08-05 21:20:33.859   512  2967 D audio_hw_primary: enable_snd_device: snd_device(2: speaker)
08-05 21:20:33.861   512  2967 D audio_hw_primary: enable_audio_route: apply and update mixer path: low-latency-playback speaker
08-05 21:20:33.862 21903 21916 I art     : Explicit concurrent mark sweep GC freed 359(13KB) AllocSpace objects, 0(0B) LOS objects, 37% free, 26MB/42MB, paused 1.774ms total 42.928ms
08-05 21:20:33.877 21903 21916 I art     : Starting a blocking GC Explicit
08-05 21:20:33.917 21903 21916 I art     : Explicit concurrent mark sweep GC freed 201(9KB) AllocSpace objects, 0(0B) LOS objects, 37% free, 26MB/42MB, paused 558us total 40.155ms
08-05 21:20:33.932 21903 21916 I art     : Starting a blocking GC Explicit
08-05 21:20:33.969 21903 21916 I art     : Explicit concurrent mark sweep GC freed 171(13KB) AllocSpace objects, 0(0B) LOS objects, 37% free, 26MB/42MB, paused 587us total 36.772ms
08-05 21:20:33.983 21903 21916 I art     : Starting a blocking GC Explicit
08-05 21:20:34.022 21903 21916 I art     : Explicit concurrent mark sweep GC freed 3(96B) AllocSpace objects, 0(0B) LOS objects, 37% free, 26MB/42MB, paused 603us total 37.868ms
08-05 21:20:34.269 13866 13866 I GoogleInputMethodServic: GoogleInputMethodService.onFinishInput():3138 
08-05 21:20:34.270 13866 13866 I GoogleInputMethodServic: GoogleInputMethodService.onStartInput():1808 
08-05 21:20:34.340 21903 22127 I art     : Starting a blocking GC Explicit
08-05 21:20:34.386 21903 22127 I art     : Explicit concurrent mark sweep GC freed 1361(77KB) AllocSpace objects, 1(20KB) LOS objects, 37% free, 26MB/42MB, paused 500us total 45.537ms
08-05 21:20:34.404 21903 22127 I art     : Starting a blocking GC Explicit
08-05 21:20:34.409   512  2967 D audio_hw_primary: disable_audio_route: reset and update mixer path: low-latency-playback speaker
08-05 21:20:34.410   512  2967 D audio_hw_primary: disable_snd_device: snd_device(2: speaker)
08-05 21:20:34.421   512  2967 I soundtrigger: audio_extn_sound_trigger_update_device_status: device 0x2 of type 0 for Event 0
08-05 21:20:34.444 21903 22127 I art     : Explicit concurrent mark sweep GC freed 26(880B) AllocSpace objects, 0(0B) LOS objects, 37% free, 26MB/42MB, paused 531us total 40.029ms
08-05 21:20:34.459 21903 22127 I art     : Starting a blocking GC Explicit
08-05 21:20:34.501 21903 22127 I art     : Explicit concurrent mark sweep GC freed 11(352B) AllocSpace objects, 0(0B) LOS objects, 37% free, 26MB/42MB, paused 520us total 42.264ms
08-05 21:20:34.518 21903 22127 I art     : Starting a blocking GC Explicit
08-05 21:20:34.560 21903 22127 I art     : Explicit concurrent mark sweep GC freed 9(288B) AllocSpace objects, 0(0B) LOS objects, 37% free, 26MB/42MB, paused 560us total 41.753ms
08-05 21:20:34.576 21903 22127 I art     : Starting a blocking GC Explicit
08-05 21:20:34.619 21903 22127 I art     : Explicit concurrent mark sweep GC freed 11(352B) AllocSpace objects, 0(0B) LOS objects, 37% free, 26MB/42MB, paused 501us total 42.656ms
08-05 21:20:34.960 21903 21916 I art     : Starting a blocking GC Explicit
08-05 21:20:35.005 21903 21916 I art     : Explicit concurrent mark sweep GC freed 1339(77KB) AllocSpace objects, 1(20KB) LOS objects, 37% free, 26MB/42MB, paused 507us total 44.358ms
08-05 21:20:35.022 21903 21916 I art     : Starting a blocking GC Explicit
08-05 21:20:35.065 21903 21916 I art     : Explicit concurrent mark sweep GC freed 24(816B) AllocSpace objects, 0(0B) LOS objects, 37% free, 26MB/42MB, paused 582us total 42.623ms
08-05 21:20:35.083 21903 21916 I art     : Starting a blocking GC Explicit
08-05 21:20:35.126 21903 21916 I art     : Explicit concurrent mark sweep GC freed 12(384B) AllocSpace objects, 0(0B) LOS objects, 37% free, 26MB/42MB, paused 527us total 42.720ms
08-05 21:20:35.142 21903 21916 I art     : Starting a blocking GC Explicit
08-05 21:20:35.184 21903 21916 I art     : Explicit concurrent mark sweep GC freed 8(256B) AllocSpace objects, 0(0B) LOS objects, 37% free, 26MB/42MB, paused 685us total 42.424ms
08-05 21:20:35.201 21903 21916 I art     : Starting a blocking GC Explicit
08-05 21:20:35.242 21903 21916 I art     : Explicit concurrent mark sweep GC freed 11(352B) AllocSpace objects, 0(0B) LOS objects, 37% free, 26MB/42MB, paused 532us total 41.060ms
08-05 21:20:35.572 21903 22120 I art     : Starting a blocking GC Explicit
08-05 21:20:35.621 21903 22120 I art     : Explicit concurrent mark sweep GC freed 1359(77KB) AllocSpace objects, 1(20KB) LOS objects, 37% free, 26MB/42MB, paused 604us total 48.590ms
08-05 21:20:35.639 21903 22120 I art     : Starting a blocking GC Explicit
08-05 21:20:35.685 21903 22120 I art     : Explicit concurrent mark sweep GC freed 30(1008B) AllocSpace objects, 0(0B) LOS objects, 37% free, 26MB/42MB, paused 756us total 45.701ms
08-05 21:20:35.702 21903 22120 I art     : Starting a blocking GC Explicit
08-05 21:20:35.743 21903 22120 I art     : Explicit concurrent mark sweep GC freed 14(448B) AllocSpace objects, 0(0B) LOS objects, 37% free, 26MB/42MB, paused 535us total 40.025ms
08-05 21:20:35.743 21903 21913 I art     : WaitForGcToComplete blocked for 30.631ms for cause HeapTrim
08-05 21:20:35.759 21903 22120 I art     : Starting a blocking GC Explicit
08-05 21:20:35.802 21903 22120 I art     : Explicit concurrent mark sweep GC freed 3(96B) AllocSpace objects, 0(0B) LOS objects, 37% free, 26MB/42MB, paused 544us total 43.393ms
08-05 21:20:35.819 21903 22120 I art     : Starting a blocking GC Explicit
08-05 21:20:35.865 21903 22120 I art     : Explicit concurrent mark sweep GC freed 3(96B) AllocSpace objects, 0(0B) LOS objects, 37% free, 26MB/42MB, paused 588us total 46.296ms
08-05 21:20:36.230 21903 21914 I art     : Starting a blocking GC Explicit
08-05 21:20:36.292 21903 21914 I art     : Explicit concurrent mark sweep GC freed 1293(75KB) AllocSpace objects, 1(20KB) LOS objects, 37% free, 26MB/42MB, paused 591us total 61.524ms
08-05 21:20:36.309 21903 21914 I art     : Starting a blocking GC Explicit
08-05 21:20:36.357 21903 21914 I art     : Explicit concurrent mark sweep GC freed 18(624B) AllocSpace objects, 0(0B) LOS objects, 37% free, 26MB/42MB, paused 644us total 47.791ms
08-05 21:20:36.374 21903 21914 I art     : Starting a blocking GC Explicit
08-05 21:20:36.422 21903 21914 I art     : Explicit concurrent mark sweep GC freed 3(96B) AllocSpace objects, 0(0B) LOS objects, 37% free, 26MB/42MB, paused 569us total 47.960ms
08-05 21:20:36.439 21903 21914 I art     : Starting a blocking GC Explicit
08-05 21:20:36.486 21903 21914 I art     : Explicit concurrent mark sweep GC freed 3(96B) AllocSpace objects, 0(0B) LOS objects, 37% free, 26MB/42MB, paused 553us total 47.236ms
08-05 21:20:36.503 21903 21914 I art     : Starting a blocking GC Explicit
08-05 21:20:36.552 21903 21914 I art     : Explicit concurrent mark sweep GC freed 3(96B) AllocSpace objects, 0(0B) LOS objects, 37% free, 26MB/42MB, paused 534us total 48.427ms
08-05 21:20:36.912 21903 21916 I art     : Starting a blocking GC Explicit
08-05 21:20:36.955 13866 13882 I PeriodicStatsRunner: PeriodicStatsRunner.call():175 call()
08-05 21:20:36.956 13866 13882 I PeriodicStatsRunner: PeriodicStatsRunner.call():179 No submit PeriodicStats since input started.
08-05 21:20:36.969 21903 21916 I art     : Explicit concurrent mark sweep GC freed 1293(75KB) AllocSpace objects, 1(20KB) LOS objects, 37% free, 26MB/42MB, paused 806us total 56.901ms
08-05 21:20:36.989 21903 21916 I art     : Starting a blocking GC Explicit
08-05 21:20:37.036 21903 21916 I art     : Explicit concurrent mark sweep GC freed 18(624B) AllocSpace objects, 0(0B) LOS objects, 37% free, 26MB/42MB, paused 557us total 46.492ms
08-05 21:20:37.052 21903 21916 I art     : Starting a blocking GC Explicit
08-05 21:20:37.099 21903 21916 I art     : Explicit concurrent mark sweep GC freed 3(96B) AllocSpace objects, 0(0B) LOS objects, 37% free, 26MB/42MB, paused 570us total 46.071ms
08-05 21:20:37.115 21903 21916 I art     : Starting a blocking GC Explicit
08-05 21:20:37.165 21903 21916 I art     : Explicit concurrent mark sweep GC freed 3(96B) AllocSpace objects, 0(0B) LOS objects, 37% free, 26MB/42MB, paused 563us total 50.064ms
08-05 21:20:37.186 21903 21916 I art     : Starting a blocking GC Explicit
08-05 21:20:37.231 21903 21916 I art     : Explicit concurrent mark sweep GC freed 3(96B) AllocSpace objects, 0(0B) LOS objects, 37% free, 26MB/42MB, paused 561us total 44.628ms
08-05 21:20:37.589 21903 22127 I art     : Starting a blocking GC Explicit
08-05 21:20:37.642 21903 22127 I art     : Explicit concurrent mark sweep GC freed 1293(75KB) AllocSpace objects, 1(20KB) LOS objects, 37% free, 26MB/42MB, paused 600us total 52.462ms
08-05 21:20:37.660 21903 22127 I art     : Starting a blocking GC Explicit
08-05 21:20:37.705 21903 22127 I art     : Explicit concurrent mark sweep GC freed 18(624B) AllocSpace objects, 0(0B) LOS objects, 37% free, 26MB/42MB, paused 568us total 44.952ms
08-05 21:20:37.722 21903 22127 I art     : Starting a blocking GC Explicit
08-05 21:20:37.770 21903 22127 I art     : Explicit concurrent mark sweep GC freed 3(96B) AllocSpace objects, 0(0B) LOS objects, 37% free, 26MB/42MB, paused 576us total 47.503ms
08-05 21:20:37.782   918  3188 I hubconnection: sensorhub said: 'set_bias 3: -5.9520, 0.0000, 0.0000'
08-05 21:20:37.786 21903 22127 I art     : Starting a blocking GC Explicit
08-05 21:20:37.833 21903 22127 I art     : Explicit concurrent mark sweep GC freed 3(96B) AllocSpace objects, 0(0B) LOS objects, 37% free, 26MB/42MB, paused 557us total 46.809ms
08-05 21:20:37.850 21903 22127 I art     : Starting a blocking GC Explicit
08-05 21:20:37.899 21903 22127 I art     : Explicit concurrent mark sweep GC freed 3(96B) AllocSpace objects, 0(0B) LOS objects, 37% free, 26MB/42MB, paused 567us total 48.828ms
08-05 21:20:38.234 21903 22120 I art     : Starting a blocking GC Explicit
08-05 21:20:38.286 21903 22120 I art     : Explicit concurrent mark sweep GC freed 1293(75KB) AllocSpace objects, 1(20KB) LOS objects, 37% free, 26MB/42MB, paused 563us total 51.246ms
08-05 21:20:38.302 21903 22120 I art     : Starting a blocking GC Explicit
08-05 21:20:38.345 21903 22120 I art     : Explicit concurrent mark sweep GC freed 18(624B) AllocSpace objects, 0(0B) LOS objects, 37% free, 26MB/42MB, paused 570us total 43.321ms
08-05 21:20:38.361 21903 22120 I art     : Starting a blocking GC Explicit
08-05 21:20:38.407 21903 22120 I art     : Explicit concurrent mark sweep GC freed 3(96B) AllocSpace objects, 0(0B) LOS objects, 37% free, 26MB/42MB, paused 558us total 45.708ms
08-05 21:20:38.423 21903 22120 I art     : Starting a blocking GC Explicit
08-05 21:20:38.467 21903 22120 I art     : Explicit concurrent mark sweep GC freed 3(96B) AllocSpace objects, 0(0B) LOS objects, 37% free, 26MB/42MB, paused 658us total 43.909ms
08-05 21:20:38.483 21903 22120 I art     : Starting a blocking GC Explicit
08-05 21:20:38.529 21903 22120 I art     : Explicit concurrent mark sweep GC freed 3(96B) AllocSpace objects, 0(0B) LOS objects, 37% free, 26MB/42MB, paused 534us total 45.862ms
08-05 21:20:38.690 23436 23436 D AndroidRuntime: >>>>>> START com.android.internal.os.RuntimeInit uid 2000 <<<<<<
08-05 21:20:38.697 23436 23436 D AndroidRuntime: CheckJNI is OFF
08-05 21:20:38.739 23436 23436 D ICU     : No timezone override file found: /data/misc/zoneinfo/current/icu/icu_tzdata.dat
08-05 21:20:38.782 23436 23436 I Radio-JNI: register_android_hardware_Radio DONE
08-05 21:20:38.810 23436 23436 D AndroidRuntime: Calling main entry com.android.commands.am.Am
08-05 21:20:38.818 19822 19822 I Trepn   : Trepn 6.2s: Received intent: com.quicinc.trepn.stop_profiling
08-05 21:20:38.839 19822 19822 I Trepn   : Trepn 6.2s: Trepn has Stopped Profiling.
08-05 21:20:38.883 21903 21914 I art     : Starting a blocking GC Explicit
08-05 21:20:38.926 21903 21914 I art     : Explicit concurrent mark sweep GC freed 1293(75KB) AllocSpace objects, 1(20KB) LOS objects, 37% free, 26MB/42MB, paused 531us total 42.993ms
08-05 21:20:38.942 21903 21914 I art     : Starting a blocking GC Explicit
08-05 21:20:38.985 21903 21914 I art     : Explicit concurrent mark sweep GC freed 18(624B) AllocSpace objects, 0(0B) LOS objects, 37% free, 26MB/42MB, paused 533us total 42.821ms
08-05 21:20:39.001 21903 21914 I art     : Starting a blocking GC Explicit
08-05 21:20:39.009 23436 23436 D AndroidRuntime: Shutting down VM
08-05 21:20:39.013   918  6112 W AppOps  : Finishing op nesting under-run: uid 10078 pkg com.quicinc.trepn code 24 time=0 duration=0 nesting=0
08-05 21:20:39.039 21903 21914 I art     : Explicit concurrent mark sweep GC freed 3(96B) AllocSpace objects, 0(0B) LOS objects, 37% free, 26MB/42MB, paused 483us total 37.800ms
08-05 21:20:39.053 21903 21914 I art     : Starting a blocking GC Explicit
08-05 21:20:39.088 21903 21914 I art     : Explicit concurrent mark sweep GC freed 3(96B) AllocSpace objects, 0(0B) LOS objects, 37% free, 26MB/42MB, paused 513us total 34.795ms
08-05 21:20:39.101 21903 21914 I art     : Starting a blocking GC Explicit
08-05 21:20:39.138 21903 21914 I art     : Explicit concurrent mark sweep GC freed 3(96B) AllocSpace objects, 0(0B) LOS objects, 37% free, 26MB/42MB, paused 519us total 36.966ms
08-05 21:20:39.277 13866 13882 I PeriodicStatsRunner: PeriodicStatsRunner.call():175 call()
08-05 21:20:39.277 13866 13882 I PeriodicStatsRunner: PeriodicStatsRunner.call():179 No submit PeriodicStats since input started.
08-05 21:20:39.462 21903 21916 I art     : Starting a blocking GC Explicit
08-05 21:20:39.505 21903 21916 I art     : Explicit concurrent mark sweep GC freed 1293(75KB) AllocSpace objects, 1(20KB) LOS objects, 37% free, 26MB/42MB, paused 523us total 42.439ms
08-05 21:20:39.522 21903 21916 I art     : Starting a blocking GC Explicit
08-05 21:20:39.563 21903 21916 I art     : Explicit concurrent mark sweep GC freed 18(624B) AllocSpace objects, 0(0B) LOS objects, 37% free, 26MB/42MB, paused 545us total 40.951ms
08-05 21:20:39.578 21903 21916 I art     : Starting a blocking GC Explicit
08-05 21:20:39.619 21903 21916 I art     : Explicit concurrent mark sweep GC freed 3(96B) AllocSpace objects, 0(0B) LOS objects, 37% free, 26MB/42MB, paused 552us total 40.595ms
08-05 21:20:39.634 21903 21916 I art     : Starting a blocking GC Explicit
08-05 21:20:39.675 21903 21916 I art     : Explicit concurrent mark sweep GC freed 3(96B) AllocSpace objects, 0(0B) LOS objects, 37% free, 26MB/42MB, paused 514us total 40.275ms
08-05 21:20:39.690 21903 21916 I art     : Starting a blocking GC Explicit
08-05 21:20:39.731 21903 21916 I art     : Explicit concurrent mark sweep GC freed 3(96B) AllocSpace objects, 0(0B) LOS objects, 37% free, 26MB/42MB, paused 518us total 40.655ms
