--------- beginning of main
08-05 02:06:40.858   918  3670 I AccountManagerService: getTypesVisibleToCaller: isPermitted? true
08-05 02:06:40.860  3784  3784 D CarrierServiceBindHelper: Receive action: android.intent.action.PACKAGE_REMOVED
08-05 02:06:40.918   918  5952 I AccountManagerService: getTypesVisibleToCaller: isPermitted? true
08-05 02:06:40.921 24365 13945 I Fitness : FitCleanupIntentOperation received Intent android.intent.action.PACKAGE_REMOVED [CONTEXT service_id=17 ]
08-05 02:06:40.922 23763 23763 I Finsky  : [1] uah.a(18): PackageMonitorReceiverImpl - Received: android.intent.action.PACKAGE_REMOVED, [jsPREe6yOOhrMreoEvcpPvP36yUmihacpIgcKsaLph8]
08-05 02:06:40.923 23763 23763 I Finsky  : [1] ubi.d(9): Invalidating cached PackageState for baseline.com.ak.uobtimetable
08-05 02:06:40.927 23763 23763 I Finsky  : [1] lzi.c(2): Frosting ID looked up on UI thread. Caller should move to a background thread.
08-05 02:06:40.941  3784  3784 D CarrierServiceBindHelper: Receive action: android.intent.action.PACKAGE_ADDED
08-05 02:06:40.941  3784  3784 D CarrierServiceBindHelper: Receive action: android.intent.action.PACKAGE_REPLACED
08-05 02:06:40.942  3784  3784 D CarrierServiceBindHelper: mHandler: 3
08-05 02:06:40.942  3784  3784 D CarrierServiceBindHelper: mHandler: 3
08-05 02:06:40.942  3784  3784 D CarrierServiceBindHelper: mHandler: 3
08-05 02:06:40.942  3784  3784 D CarrierConfigLoader: mHandler: 9 phoneId: 0
08-05 02:06:40.958 23763 23763 I Finsky  : [1] nqb.c(3): Installer: package baseline.com.ak.uobtimetable was removed. replacing: true
08-05 02:06:40.959 23763 23763 I Finsky  : [1] nra.a(188): Installer: Notifying status update. package=baseline.com.ak.uobtimetable, status=UNINSTALLED
08-05 02:06:40.992 23763 23763 I Finsky  : [1] lzi.c(2): Frosting ID looked up on UI thread. Caller should move to a background thread.
08-05 02:06:41.005 23763 23763 I Finsky  : [1] nra.a(220): Installer: found apps to install. isMultiUserMode=false, apps=[]
08-05 02:06:41.046 23763 13971 I Finsky  : [6127] ejf.a(-1): Cancelled 0 ongoing asset module downloads for package baseline.com.ak.uobtimetable due to a concurrent app update.
08-05 02:06:41.061 23763 23888 I Finsky  : [5916] odj.b(52): IQ: Notifying installation update. package=baseline.com.ak.uobtimetable, status=UNINSTALLED
08-05 02:06:41.062 23763 13963 I Finsky  : [6125] lyv.run(-1): Wrote row to frosting DB: 2598
08-05 02:06:41.113 24577 13964 I Auth    : [SupervisedAccountIntentOperation] onHandleIntent(): android.intent.action.PACKAGE_ADDED
08-05 02:06:41.114 24577 13955 I ChromeSync: [Sync,SyncIntentOperation] Handling the intent: Intent { act=android.intent.action.PACKAGE_ADDED dat=package:baseline.com.ak.uobtimetable flg=0x4000010 cmp=com.google.android.gms/.chimera.GmsIntentOperationService (has extras) }.
08-05 02:06:41.128 23763 23763 I Finsky  : [1] uah.a(18): PackageMonitorReceiverImpl - Received: android.intent.action.PACKAGE_ADDED, [jsPREe6yOOhrMreoEvcpPvP36yUmihacpIgcKsaLph8]
08-05 02:06:41.129 23763 23763 I Finsky  : [1] ubi.d(9): Invalidating cached PackageState for baseline.com.ak.uobtimetable
08-05 02:06:41.140 23763 13963 I Finsky  : [6125] lyv.run(-1): Wrote row to frosting DB: 2599
--------- beginning of system
08-05 02:06:41.163   918  3961 W ActivityManager: Unable to start service Intent { act=com.google.android.gms.auth.key.retrieval.service.START pkg=com.google.android.gms } U=0: not found
08-05 02:06:41.164 23763 23763 I Finsky  : [1] lzi.c(2): Frosting ID looked up on UI thread. Caller should move to a background thread.
08-05 02:06:41.214 23763 23763 I Finsky  : [1] agsx.a(4): Do not start WearSupportService due to Wear service optimization
08-05 02:06:41.231 23763 13971 I Finsky  : [6127] ejc.a(-1): Asset module broadcast after update successful for package baseline.com.ak.uobtimetable. 0 sessions broadcast.
08-05 02:06:41.246   918  3714 W ActivityManager: Unbind failed: could not find connection for android.os.BinderProxy@2c7b8b0
08-05 02:06:41.247 23763 23763 I Finsky  : [1] lzi.c(2): Frosting ID looked up on UI thread. Caller should move to a background thread.
08-05 02:06:41.249   918  4400 I AccountManagerService: getTypesVisibleToCaller: isPermitted? true
08-05 02:06:41.250 24577 13955 I ChromeSync: [Persistence,AffiliationManager] One of affiliation or grouping data for android://bz0hZa4nAJEtd0n5sRlXG7KAqctUMWVefv7Ki4mh1p6slZ9YO-n9gS9j8m9YCrsIyI2wIxrDHraumF9Y6pBLTA==@baseline.com.ak.uobtimetable/ was not found. Marking affiliation data as stale...
08-05 02:06:41.252 24577 24621 E GmsClient: unable to connect to service: com.google.android.gms.auth.key.retrieval.service.START on com.google.android.gms
08-05 02:06:41.253 23763 13970 I Finsky  : [6126] gzn.a(-1): [ContentSync] finished, scheduled=false
08-05 02:06:41.271 23763 23888 I Finsky  : [5916] odj.b(40): IQ: No matching installs to run for jobs: []
08-05 02:06:41.296 24577 13942 I FontLog : Package baseline.com.ak.uobtimetable has no metadata [CONTEXT service_id=132 ]
08-05 02:06:41.331 23763 23763 I Finsky  : [1] xmu.a(8): SCH: Jobs in database: 1-1337 3-199 3-200 12-1 24-77777777 26-1414141414 
08-05 02:06:41.334 23763 23763 I Finsky  : [1] xio.a(57): SCH: ConstraintMapping: 24-77777777,  -> L: 0ms, D: 68599186ms, C: false, I: true, N: 0
08-05 02:06:41.334 23763 23763 I Finsky  : [1] xio.a(57): SCH: ConstraintMapping: 1-1337, 12-1,  -> L: 14654ms, D: 28751577ms, C: false, I: false, N: 1
08-05 02:06:41.334 23763 23763 I Finsky  : [1] xio.a(57): SCH: ConstraintMapping: 3-199,  -> L: 0ms, D: 80191920ms, C: false, I: true, N: 2
08-05 02:06:41.335 23763 23763 I Finsky  : [1] xio.a(57): SCH: ConstraintMapping: 3-200,  -> L: 0ms, D: 80192026ms, C: true, I: true, N: 2
08-05 02:06:41.335 23763 23763 I Finsky  : [1] xio.a(57): SCH: ConstraintMapping: 26-1414141414,  -> L: 33389060ms, D: 34289060ms, C: false, I: false, N: 0
08-05 02:06:41.340 23763 13970 I Finsky  : [6126] gzn.a(-1): [ContentSync] finished, scheduled=true
08-05 02:06:41.343 10381 10381 I ServiceManager: Waiting for service AtCmdFwd...
08-05 02:06:41.352 23763 23763 I Finsky  : [1] xle.a(34): Cancelling existing jobscheduler jobs: 9006 9005 9002 9008 9001 9009 9004 9010 9003 9007 
08-05 02:06:41.352 23763 23763 I Finsky  : [1] xle.a(27): Scheduling job Id: 9000, L: 0, D: 68599186, C: false, I: true, N: 0
08-05 02:06:41.353 23763 13963 I Finsky  : [6125] lyv.run(-1): Wrote row to frosting DB: 2600
08-05 02:06:41.355 23763 23763 I Finsky  : [1] xle.a(27): Scheduling job Id: 9011, L: 14654, D: 28751577, C: false, I: false, N: 1
08-05 02:06:41.368 23763 23763 I Finsky  : [1] xle.a(27): Scheduling job Id: 9012, L: 0, D: 80191920, C: false, I: true, N: 2
08-05 02:06:41.370 23763 23763 I Finsky  : [1] xle.a(27): Scheduling job Id: 9013, L: 0, D: 80192026, C: true, I: true, N: 2
08-05 02:06:41.393   918  3696 I AccountManagerService: getTypesVisibleToCaller: isPermitted? true
08-05 02:06:41.395 23763 23763 I Finsky  : [1] xle.a(27): Scheduling job Id: 9014, L: 33389060, D: 34289060, C: false, I: false, N: 0
08-05 02:06:41.398 23763 23763 I Finsky  : [1] xle.a(27): Scheduling job Id: 9015, L: 0, D: 68599186, C: false, I: true, N: 0
08-05 02:06:41.399 23763 23763 I Finsky  : [1] xle.a(27): Scheduling job Id: 9016, L: 14654, D: 28751577, C: false, I: false, N: 1
08-05 02:06:41.402 23763 23763 I Finsky  : [1] xle.a(27): Scheduling job Id: 9017, L: 0, D: 80191920, C: false, I: true, N: 2
08-05 02:06:41.404 23763 23763 I Finsky  : [1] xle.a(27): Scheduling job Id: 9018, L: 0, D: 80192026, C: true, I: true, N: 2
08-05 02:06:41.405 23763 23763 I Finsky  : [1] xle.a(27): Scheduling job Id: 9019, L: 33389060, D: 34289060, C: false, I: false, N: 0
08-05 02:06:41.408 24577 13294 I Icing   : IndexChimeraService.getServiceInterface callingPackage=com.google.android.gms componentName=AppsCorpus serviceId=36
08-05 02:06:41.417 13982 13982 D AndroidRuntime: >>>>>> START com.android.internal.os.RuntimeInit uid 2000 <<<<<<
08-05 02:06:41.421 13982 13982 D AndroidRuntime: CheckJNI is OFF
08-05 02:06:41.438 23763 13963 I Finsky  : [6125] lyv.run(-1): Wrote row to frosting DB: 2601
08-05 02:06:41.445 13982 13982 D ICU     : No timezone override file found: /data/misc/zoneinfo/current/icu/icu_tzdata.dat
08-05 02:06:41.470 13982 13982 I Radio-JNI: register_android_hardware_Radio DONE
08-05 02:06:41.485 13982 13982 D AndroidRuntime: Calling main entry com.android.commands.monkey.Monkey
08-05 02:06:41.504   918   931 W BroadcastQueue: Skipping deliver [background] BroadcastRecord{3e98a0d u-1 android.net.conn.CONNECTIVITY_CHANGE} to ReceiverList{58dedc2 13982 (unknown name)/2000/u-1 remote:3fd2f37}: process crashing
08-05 02:06:41.507   918  6110 I AccountManagerService: getTypesVisibleToCaller: isPermitted? true
08-05 02:06:41.509 24577 10434 W Icing   : No valid account for uploading user actions
08-05 02:06:41.513   918  6111 I ActivityManager: START u0 {act=android.intent.action.MAIN cat=[android.intent.category.LAUNCHER] flg=0x10200000 cmp=baseline.com.ak.uobtimetable/.MainActivity} from uid 2000 on display 0
08-05 02:06:41.523   918   932 I sensors : batch
08-05 02:06:41.536   918  3188 I hubconnection: sensorhub said: 'batch 31 flags:0, sampling_rate_Hz:15.00, max_report_latency_us:0'
08-05 02:06:41.539   918  6112 I ActivityManager: Start proc 13999:baseline.com.ak.uobtimetable/u0a684 for activity baseline.com.ak.uobtimetable/.MainActivity
08-05 02:06:41.539 13999 13999 I art     : Late-enabling -Xcheck:jni
08-05 02:06:41.575   918   932 I sensors : flush
08-05 02:06:41.576 13982 13982 I art     : System.exit called, status: 0
08-05 02:06:41.576 13982 13982 I AndroidRuntime: VM exiting with result code 0.
08-05 02:06:41.581   918  3188 I hubconnection: sensorhub said: 'flush 31'
08-05 02:06:41.581   918  3188 I hubconnection: saw sensor 31 flushed
08-05 02:06:41.589 24577 10434 I Icing   : Usage reports ok 1, Failed Usage reports 0, indexed 0, rejected 0
08-05 02:06:41.592 13999 13999 W System  : ClassLoader referenced unknown path: /data/app/baseline.com.ak.uobtimetable-1/lib/arm64
08-05 02:06:41.593 24577 13316 I Icing   : IndexChimeraService.getServiceInterface callingPackage=com.google.android.gms componentName=null serviceId=30
08-05 02:06:41.593 24577 10434 I Icing   : Indexing com.google.android.gms-internal.3p:MobileApplication from com.google.android.gms using seqno 763
08-05 02:06:41.597 24577 10434 I Icing   : Indexing com.google.android.gms-internal.3p:MobileApplication from com.google.android.gms using seqno 763
08-05 02:06:41.601 13999 13999 E Application: Can't init Bugsnag - No key
08-05 02:06:41.601 13999 13999 E Application: java.lang.Exception: Can't init Bugsnag - No key
08-05 02:06:41.601 13999 13999 E Application: 	at baseline.com.ak.uobtimetable.Utilities.Logging.Logger.error(Logger.java:79)
08-05 02:06:41.601 13999 13999 E Application: 	at baseline.com.ak.uobtimetable.MyApplication.onCreate(MyApplication.java:52)
08-05 02:06:41.601 13999 13999 E Application: 	at android.app.Instrumentation.callApplicationOnCreate(Instrumentation.java:1013)
08-05 02:06:41.601 13999 13999 E Application: 	at android.app.ActivityThread.handleBindApplication(ActivityThread.java:4707)
08-05 02:06:41.601 13999 13999 E Application: 	at android.app.ActivityThread.-wrap1(ActivityThread.java)
08-05 02:06:41.601 13999 13999 E Application: 	at android.app.ActivityThread$H.handleMessage(ActivityThread.java:1405)
08-05 02:06:41.601 13999 13999 E Application: 	at android.os.Handler.dispatchMessage(Handler.java:102)
08-05 02:06:41.601 13999 13999 E Application: 	at android.os.Looper.loop(Looper.java:148)
08-05 02:06:41.601 13999 13999 E Application: 	at android.app.ActivityThread.main(ActivityThread.java:5417)
08-05 02:06:41.601 13999 13999 E Application: 	at java.lang.reflect.Method.invoke(Native Method)
08-05 02:06:41.601 13999 13999 E Application: 	at com.android.internal.os.ZygoteInit$MethodAndArgsCaller.run(ZygoteInit.java:726)
08-05 02:06:41.601 13999 13999 E Application: 	at com.android.internal.os.ZygoteInit.main(ZygoteInit.java:616)
08-05 02:06:41.603 13999 13999 I Application: API level: 23
08-05 02:06:41.605 13999 13999 I Application: API level name: M
08-05 02:06:41.606 13999 13999 I Application: Target API level: 29
08-05 02:06:41.606 13999 13999 I Application: Git commit hash: d26bf1fa
08-05 02:06:41.606 13999 13999 I Application: Git branch: master
08-05 02:06:41.606 13999 13999 I Application: Build type: Debug
08-05 02:06:41.609 13999 13999 I Application: Build keys: Release
08-05 02:06:41.609 13999 13999 I Application: Version code: 21
08-05 02:06:41.610 13999 13999 I Application: Version name: 2.5
08-05 02:06:41.610 13999 13999 I Application: Build date: 22:30 03/08/20
08-05 02:06:41.611 13999 13999 I Application: Package update date: 00:38 05/08/20
08-05 02:06:41.611 13999 13999 I SettingsManager: Getting int: launchCount
08-05 02:06:41.611 13999 13999 I SettingsManager: Setting int: launchCount
08-05 02:06:41.620   918  3359 W BackupManagerService: dataChanged but no participant pkg='baseline.com.ak.uobtimetable' uid=10684
08-05 02:06:41.621 13999 13999 I Application: Launch count: 1
08-05 02:06:41.621   719 23718 I PBSessionCacheImpl: Deleted sessionId[3163792008073881] from persistence.
08-05 02:06:41.622 13999 13999 I Application: Network: TYPE_WIFI
08-05 02:06:41.623 13999 13999 I Application: Tablet layout: false
08-05 02:06:41.626   719   760 W SearchServiceCore: Abort, client detached.
08-05 02:06:41.626   719   760 I MicroDetectionState: Should stop hotword detection immediately - true
08-05 02:06:41.629 24577 10434 W Icing   : No valid account for uploading user actions
08-05 02:06:41.636 13999 13999 W art     : Before Android 4.1, method android.graphics.PorterDuffColorFilter androidx.vectordrawable.graphics.drawable.VectorDrawableCompat.updateTintFilter(android.graphics.PorterDuffColorFilter, android.content.res.ColorStateList, android.graphics.PorterDuff$Mode) would have incorrectly overridden the package-private method in android.graphics.drawable.Drawable
08-05 02:06:41.652 13999 13999 I art     : Rejecting re-init on previously-failed class java.lang.Class<androidx.core.view.ViewCompat$OnUnhandledKeyEventListenerWrapper>
08-05 02:06:41.652 13999 13999 I art     : Rejecting re-init on previously-failed class java.lang.Class<androidx.core.view.ViewCompat$OnUnhandledKeyEventListenerWrapper>
08-05 02:06:41.668 24577 10434 I Icing   : Usage reports ok 1, Failed Usage reports 0, indexed 0, rejected 0
08-05 02:06:41.670 24577 13316 I Icing   : IndexChimeraService.getServiceInterface callingPackage=com.google.android.gms componentName=null serviceId=36
08-05 02:06:41.672 24577 10434 W Icing   : No valid account for uploading user actions
08-05 02:06:41.687 24577 10434 I Icing   : Usage reports ok 0, Failed Usage reports 0, indexed 0, rejected 0
08-05 02:06:41.717 13999 13999 D MainActivity: onCreate
08-05 02:06:41.717 13999 13999 I SettingsManager: Getting string: savedSessions
08-05 02:06:41.717 13999 13999 I Settings: No saved sessions
08-05 02:06:41.751 13999 13999 I SettingsManager: Getting string: savedCourse
08-05 02:06:41.751   918  4413 I ActivityManager: START u0 {flg=0x14000000 cmp=baseline.com.ak.uobtimetable/.WelcomeActivity} from uid 10684 on display 0
08-05 02:06:41.762 13999 13999 D MainActivity: OnResume
08-05 02:06:41.768 13999 14018 D OpenGLRenderer: Use EGL_SWAP_BEHAVIOR_PRESERVED: true
08-05 02:06:41.776 13999 13999 D MainActivity: OnPause
08-05 02:06:41.880 13999 14018 I Adreno  : QUALCOMM build                   : fcf4852, I1af360237c
08-05 02:06:41.880 13999 14018 I Adreno  : Build Date                       : 09/23/15
08-05 02:06:41.880 13999 14018 I Adreno  : OpenGL ES Shader Compiler Version: XE031.05.13.02
08-05 02:06:41.880 13999 14018 I Adreno  : Local Branch                     : mybranch14465806
08-05 02:06:41.880 13999 14018 I Adreno  : Remote Branch                    : quic/LA.BF64.1.2.9_v2
08-05 02:06:41.880 13999 14018 I Adreno  : Remote Branch                    : NONE
08-05 02:06:41.880 13999 14018 I Adreno  : Reconstruct Branch               : NOTHING
08-05 02:06:41.884 13999 14018 I OpenGLRenderer: Initialized EGL, version 1.4
08-05 02:06:42.039   918   936 I ActivityManager: Displayed baseline.com.ak.uobtimetable/.WelcomeActivity: +261ms (total +512ms)
08-05 02:06:42.041 13866 13866 I GoogleInputMethodServic: GoogleInputMethodService.onFinishInput():3138 
08-05 02:06:42.042 13866 13866 I GoogleInputMethodServic: GoogleInputMethodService.onStartInput():1808 
08-05 02:06:42.312 13999 13999 D MainActivity: Saving state
08-05 02:06:42.344 10381 10381 I ServiceManager: Waiting for service AtCmdFwd...
08-05 02:06:42.592 24577 10434 I Icing   : Indexing com.google.android.gms-apps from com.google.android.gms
08-05 02:06:42.678 24577 10434 I Icing   : Indexing done com.google.android.gms-apps
08-05 02:06:43.138 14032 14032 D AndroidRuntime: >>>>>> START com.android.internal.os.RuntimeInit uid 2000 <<<<<<
08-05 02:06:43.145 14032 14032 D AndroidRuntime: CheckJNI is OFF
08-05 02:06:43.177 14032 14032 D ICU     : No timezone override file found: /data/misc/zoneinfo/current/icu/icu_tzdata.dat
08-05 02:06:43.216 14032 14032 I Radio-JNI: register_android_hardware_Radio DONE
08-05 02:06:43.235 14032 14032 D AndroidRuntime: Calling main entry com.android.commands.am.Am
08-05 02:06:43.249 24044 24044 I Trepn   : Trepn 6.2s: Received intent: com.quicinc.trepn.start_profiling
08-05 02:06:43.344 10381 10381 I ServiceManager: Waiting for service AtCmdFwd...
08-05 02:06:43.422 24044 24044 W FileUtils: Failed to chmod(/storage/emulated/0/trepn/Trepn_2020.08.05_020643.db): android.system.ErrnoException: chmod failed: EPERM (Operation not permitted)
08-05 02:06:43.562 24044 24044 I Trepn   : Trepn 6.2s: Trepn has Started Profiling.
08-05 02:06:43.564 14032 14032 D AndroidRuntime: Shutting down VM
08-05 02:06:43.683   918  3188 I hubconnection: sensorhub said: 'set_bias 3: -6.1344, 0.0000, 0.0000'
08-05 02:06:44.054 13999 14010 I art     : Starting a blocking GC Explicit
08-05 02:06:44.077 13999 14010 I art     : Explicit concurrent mark sweep GC freed 2549(391KB) AllocSpace objects, 2(1340KB) LOS objects, 40% free, 21MB/36MB, paused 129us total 22.763ms
08-05 02:06:44.088 13999 14010 I art     : Starting a blocking GC Explicit
08-05 02:06:44.101 13999 14010 I art     : Explicit concurrent mark sweep GC freed 345(15KB) AllocSpace objects, 0(0B) LOS objects, 40% free, 21MB/36MB, paused 98us total 12.860ms
08-05 02:06:44.107 13999 14010 I art     : Starting a blocking GC Explicit
08-05 02:06:44.117 13999 14010 I art     : Explicit concurrent mark sweep GC freed 3(96B) AllocSpace objects, 0(0B) LOS objects, 40% free, 21MB/36MB, paused 94us total 10.240ms
08-05 02:06:44.124 13999 14010 I art     : Starting a blocking GC Explicit
08-05 02:06:44.134 13999 14010 I art     : Explicit concurrent mark sweep GC freed 3(96B) AllocSpace objects, 0(0B) LOS objects, 40% free, 21MB/36MB, paused 95us total 10.362ms
08-05 02:06:44.140 13999 14010 I art     : Starting a blocking GC Explicit
08-05 02:06:44.150 13999 14010 I art     : Explicit concurrent mark sweep GC freed 3(96B) AllocSpace objects, 0(0B) LOS objects, 40% free, 21MB/36MB, paused 96us total 9.441ms
08-05 02:06:44.345 10381 10381 W Atfwd_Sendcmd: AtCmdFwd service not published, waiting... retryCnt : 3
08-05 02:06:44.421 13999 14011 I art     : Starting a blocking GC Explicit
08-05 02:06:44.436 13999 14011 I art     : Explicit concurrent mark sweep GC freed 1272(74KB) AllocSpace objects, 1(20KB) LOS objects, 40% free, 21MB/36MB, paused 124us total 14.937ms
08-05 02:06:44.446 13999 14011 I art     : Starting a blocking GC Explicit
08-05 02:06:44.456 13999 14011 I art     : Explicit concurrent mark sweep GC freed 18(624B) AllocSpace objects, 0(0B) LOS objects, 40% free, 21MB/36MB, paused 95us total 9.671ms
08-05 02:06:44.462 13999 14011 I art     : Starting a blocking GC Explicit
08-05 02:06:44.472 13999 14011 I art     : Explicit concurrent mark sweep GC freed 3(96B) AllocSpace objects, 0(0B) LOS objects, 40% free, 21MB/36MB, paused 90us total 9.800ms
08-05 02:06:44.477 13999 14011 I art     : Starting a blocking GC Explicit
08-05 02:06:44.487 13999 14011 I art     : Explicit concurrent mark sweep GC freed 3(96B) AllocSpace objects, 0(0B) LOS objects, 40% free, 21MB/36MB, paused 97us total 9.616ms
08-05 02:06:44.493 13999 14011 I art     : Starting a blocking GC Explicit
08-05 02:06:44.502 13999 14011 I art     : Explicit concurrent mark sweep GC freed 3(96B) AllocSpace objects, 0(0B) LOS objects, 40% free, 21MB/36MB, paused 96us total 9.590ms
08-05 02:06:44.770 13999 14010 I art     : Starting a blocking GC Explicit
08-05 02:06:44.783 13999 14010 I art     : Explicit concurrent mark sweep GC freed 1270(74KB) AllocSpace objects, 1(20KB) LOS objects, 40% free, 21MB/36MB, paused 114us total 12.605ms
08-05 02:06:44.789 13999 14010 I art     : Starting a blocking GC Explicit
08-05 02:06:44.800 13999 14010 I art     : Explicit concurrent mark sweep GC freed 18(624B) AllocSpace objects, 0(0B) LOS objects, 40% free, 21MB/36MB, paused 151us total 10.632ms
08-05 02:06:44.807 13999 14010 I art     : Starting a blocking GC Explicit
08-05 02:06:44.817 13999 14010 I art     : Explicit concurrent mark sweep GC freed 3(96B) AllocSpace objects, 0(0B) LOS objects, 40% free, 21MB/36MB, paused 110us total 10.211ms
08-05 02:06:44.823 13999 14010 I art     : Starting a blocking GC Explicit
08-05 02:06:44.833 13999 14010 I art     : Explicit concurrent mark sweep GC freed 3(96B) AllocSpace objects, 0(0B) LOS objects, 40% free, 21MB/36MB, paused 96us total 9.959ms
08-05 02:06:44.839 13999 14010 I art     : Starting a blocking GC Explicit
08-05 02:06:44.849 13999 14010 I art     : Explicit concurrent mark sweep GC freed 3(96B) AllocSpace objects, 0(0B) LOS objects, 40% free, 21MB/36MB, paused 87us total 9.442ms
08-05 02:06:45.155 13999 14011 I art     : Starting a blocking GC Explicit
08-05 02:06:45.171 13999 14011 I art     : Explicit concurrent mark sweep GC freed 1268(74KB) AllocSpace objects, 1(20KB) LOS objects, 40% free, 21MB/36MB, paused 133us total 15.861ms
08-05 02:06:45.182 13999 14011 I art     : Starting a blocking GC Explicit
08-05 02:06:45.196 13999 14011 I art     : Explicit concurrent mark sweep GC freed 18(624B) AllocSpace objects, 0(0B) LOS objects, 40% free, 21MB/36MB, paused 118us total 13.332ms
08-05 02:06:45.203 13999 14011 I art     : Starting a blocking GC Explicit
08-05 02:06:45.214 13999 14011 I art     : Explicit concurrent mark sweep GC freed 3(96B) AllocSpace objects, 0(0B) LOS objects, 40% free, 21MB/36MB, paused 98us total 10.029ms
08-05 02:06:45.220 13999 14011 I art     : Starting a blocking GC Explicit
08-05 02:06:45.230 13999 14011 I art     : Explicit concurrent mark sweep GC freed 3(96B) AllocSpace objects, 0(0B) LOS objects, 40% free, 21MB/36MB, paused 95us total 10.022ms
08-05 02:06:45.236 13999 14011 I art     : Starting a blocking GC Explicit
08-05 02:06:45.246 13999 14011 I art     : Explicit concurrent mark sweep GC freed 3(96B) AllocSpace objects, 0(0B) LOS objects, 40% free, 21MB/36MB, paused 93us total 9.490ms
08-05 02:06:45.537 13999 14010 I art     : Starting a blocking GC Explicit
08-05 02:06:45.553 13999 14010 I art     : Explicit concurrent mark sweep GC freed 1268(74KB) AllocSpace objects, 1(20KB) LOS objects, 40% free, 21MB/36MB, paused 110us total 15.628ms
08-05 02:06:45.560 13999 14010 I art     : Starting a blocking GC Explicit
08-05 02:06:45.572 13999 14010 I art     : Explicit concurrent mark sweep GC freed 18(624B) AllocSpace objects, 0(0B) LOS objects, 40% free, 21MB/36MB, paused 125us total 11.208ms
08-05 02:06:45.577 13999 14010 I art     : Starting a blocking GC Explicit
08-05 02:06:45.587 13999 14010 I art     : Explicit concurrent mark sweep GC freed 3(96B) AllocSpace objects, 0(0B) LOS objects, 40% free, 21MB/36MB, paused 200us total 9.813ms
08-05 02:06:45.592 13999 14010 I art     : Starting a blocking GC Explicit
08-05 02:06:45.602 13999 14010 I art     : Explicit concurrent mark sweep GC freed 3(96B) AllocSpace objects, 0(0B) LOS objects, 40% free, 21MB/36MB, paused 86us total 9.105ms
08-05 02:06:45.607 13999 14010 I art     : Starting a blocking GC Explicit
08-05 02:06:45.617 13999 14010 I art     : Explicit concurrent mark sweep GC freed 3(96B) AllocSpace objects, 0(0B) LOS objects, 40% free, 21MB/36MB, paused 92us total 9.822ms
08-05 02:06:45.910 13999 14011 I art     : Starting a blocking GC Explicit
08-05 02:06:45.926 13999 14011 I art     : Explicit concurrent mark sweep GC freed 1268(74KB) AllocSpace objects, 1(20KB) LOS objects, 40% free, 21MB/36MB, paused 136us total 16.012ms
08-05 02:06:45.937 13999 14011 I art     : Starting a blocking GC Explicit
08-05 02:06:45.950 13999 14011 I art     : Explicit concurrent mark sweep GC freed 18(624B) AllocSpace objects, 0(0B) LOS objects, 40% free, 21MB/36MB, paused 113us total 13.322ms
08-05 02:06:45.959 13999 14011 I art     : Starting a blocking GC Explicit
08-05 02:06:45.969 13999 14011 I art     : Explicit concurrent mark sweep GC freed 3(96B) AllocSpace objects, 0(0B) LOS objects, 40% free, 21MB/36MB, paused 87us total 9.771ms
08-05 02:06:45.975 13999 14011 I art     : Starting a blocking GC Explicit
08-05 02:06:45.985 13999 14011 I art     : Explicit concurrent mark sweep GC freed 3(96B) AllocSpace objects, 0(0B) LOS objects, 40% free, 21MB/36MB, paused 91us total 10.054ms
08-05 02:06:45.991 13999 14011 I art     : Starting a blocking GC Explicit
08-05 02:06:46.002 13999 14011 I art     : Explicit concurrent mark sweep GC freed 3(96B) AllocSpace objects, 0(0B) LOS objects, 40% free, 21MB/36MB, paused 100us total 10.083ms
08-05 02:06:46.300 13999 14010 I art     : Starting a blocking GC Explicit
08-05 02:06:46.314 13999 14010 I art     : Explicit concurrent mark sweep GC freed 1268(74KB) AllocSpace objects, 1(20KB) LOS objects, 40% free, 21MB/36MB, paused 114us total 13.351ms
08-05 02:06:46.321 13999 14010 I art     : Starting a blocking GC Explicit
08-05 02:06:46.333 13999 14010 I art     : Explicit concurrent mark sweep GC freed 18(624B) AllocSpace objects, 0(0B) LOS objects, 40% free, 21MB/36MB, paused 100us total 11.557ms
08-05 02:06:46.339 13999 14010 I art     : Starting a blocking GC Explicit
08-05 02:06:46.350 13999 14010 I art     : Explicit concurrent mark sweep GC freed 3(96B) AllocSpace objects, 0(0B) LOS objects, 40% free, 21MB/36MB, paused 96us total 10.715ms
08-05 02:06:46.356 13999 14010 I art     : Starting a blocking GC Explicit
08-05 02:06:46.366 13999 14010 I art     : Explicit concurrent mark sweep GC freed 3(96B) AllocSpace objects, 0(0B) LOS objects, 40% free, 21MB/36MB, paused 99us total 9.903ms
08-05 02:06:46.372 13999 14010 I art     : Starting a blocking GC Explicit
08-05 02:06:46.382 13999 14010 I art     : Explicit concurrent mark sweep GC freed 3(96B) AllocSpace objects, 0(0B) LOS objects, 40% free, 21MB/36MB, paused 94us total 10.189ms
08-05 02:06:46.654 13999 14011 I art     : Starting a blocking GC Explicit
08-05 02:06:46.667 13999 14011 I art     : Explicit concurrent mark sweep GC freed 1268(74KB) AllocSpace objects, 1(20KB) LOS objects, 40% free, 21MB/36MB, paused 119us total 12.500ms
08-05 02:06:46.676 13999 14011 I art     : Starting a blocking GC Explicit
08-05 02:06:46.690 13999 14011 I art     : Explicit concurrent mark sweep GC freed 18(624B) AllocSpace objects, 0(0B) LOS objects, 40% free, 21MB/36MB, paused 108us total 13.135ms
08-05 02:06:46.698 13999 14011 I art     : Starting a blocking GC Explicit
08-05 02:06:46.708 13999 14011 I art     : Explicit concurrent mark sweep GC freed 3(96B) AllocSpace objects, 0(0B) LOS objects, 40% free, 21MB/36MB, paused 88us total 10.042ms
08-05 02:06:46.714 13999 14011 I art     : Starting a blocking GC Explicit
08-05 02:06:46.724 13999 14011 I art     : Explicit concurrent mark sweep GC freed 3(96B) AllocSpace objects, 0(0B) LOS objects, 40% free, 21MB/36MB, paused 96us total 10.026ms
08-05 02:06:46.730 13999 14011 I art     : Starting a blocking GC Explicit
08-05 02:06:46.740 13999 14011 I art     : Explicit concurrent mark sweep GC freed 3(96B) AllocSpace objects, 0(0B) LOS objects, 40% free, 21MB/36MB, paused 170us total 10.241ms
08-05 02:06:47.034 13999 14010 I art     : Starting a blocking GC Explicit
08-05 02:06:47.047 13999 14010 I art     : Explicit concurrent mark sweep GC freed 1268(74KB) AllocSpace objects, 1(20KB) LOS objects, 40% free, 21MB/36MB, paused 238us total 12.721ms
08-05 02:06:47.054 13999 14010 I art     : Starting a blocking GC Explicit
08-05 02:06:47.064 13999 14010 I art     : Explicit concurrent mark sweep GC freed 18(624B) AllocSpace objects, 0(0B) LOS objects, 40% free, 21MB/36MB, paused 98us total 10.574ms
08-05 02:06:47.071 13999 14010 I art     : Starting a blocking GC Explicit
08-05 02:06:47.081 13999 14010 I art     : Explicit concurrent mark sweep GC freed 3(96B) AllocSpace objects, 0(0B) LOS objects, 40% free, 21MB/36MB, paused 96us total 10.411ms
08-05 02:06:47.087 13999 14010 I art     : Starting a blocking GC Explicit
08-05 02:06:47.098 13999 14010 I art     : Explicit concurrent mark sweep GC freed 3(96B) AllocSpace objects, 0(0B) LOS objects, 40% free, 21MB/36MB, paused 95us total 10.485ms
08-05 02:06:47.104 13999 14010 I art     : Starting a blocking GC Explicit
08-05 02:06:47.114 13999 14010 I art     : Explicit concurrent mark sweep GC freed 3(96B) AllocSpace objects, 0(0B) LOS objects, 40% free, 21MB/36MB, paused 92us total 9.856ms
08-05 02:06:47.403 13999 14011 I art     : Starting a blocking GC Explicit
08-05 02:06:47.414 13999 14011 I art     : Explicit concurrent mark sweep GC freed 1268(74KB) AllocSpace objects, 1(20KB) LOS objects, 40% free, 21MB/36MB, paused 103us total 11.031ms
08-05 02:06:47.420 13999 14011 I art     : Starting a blocking GC Explicit
08-05 02:06:47.430 13999 14011 I art     : Explicit concurrent mark sweep GC freed 18(624B) AllocSpace objects, 0(0B) LOS objects, 40% free, 21MB/36MB, paused 88us total 9.764ms
08-05 02:06:47.436 13999 14011 I art     : Starting a blocking GC Explicit
08-05 02:06:47.445 13999 14011 I art     : Explicit concurrent mark sweep GC freed 3(96B) AllocSpace objects, 0(0B) LOS objects, 40% free, 21MB/36MB, paused 84us total 8.845ms
08-05 02:06:47.450 13999 14011 I art     : Starting a blocking GC Explicit
08-05 02:06:47.459 13999 14011 I art     : Explicit concurrent mark sweep GC freed 3(96B) AllocSpace objects, 0(0B) LOS objects, 40% free, 21MB/36MB, paused 84us total 8.986ms
08-05 02:06:47.464 13999 14011 I art     : Starting a blocking GC Explicit
08-05 02:06:47.473 13999 14011 I art     : Explicit concurrent mark sweep GC freed 3(96B) AllocSpace objects, 0(0B) LOS objects, 40% free, 21MB/36MB, paused 83us total 8.664ms
08-05 02:06:47.735 13999 14010 I art     : Starting a blocking GC Explicit
08-05 02:06:47.748 13999 14010 I art     : Explicit concurrent mark sweep GC freed 1268(74KB) AllocSpace objects, 1(20KB) LOS objects, 40% free, 21MB/36MB, paused 102us total 12.752ms
08-05 02:06:47.754 13999 14010 I art     : Starting a blocking GC Explicit
08-05 02:06:47.764 13999 14010 I art     : Explicit concurrent mark sweep GC freed 18(624B) AllocSpace objects, 0(0B) LOS objects, 40% free, 21MB/36MB, paused 97us total 10.131ms
08-05 02:06:47.771 13999 14010 I art     : Starting a blocking GC Explicit
08-05 02:06:47.781 13999 14010 I art     : Explicit concurrent mark sweep GC freed 3(96B) AllocSpace objects, 0(0B) LOS objects, 40% free, 21MB/36MB, paused 96us total 9.871ms
08-05 02:06:47.787 13999 14010 I art     : Starting a blocking GC Explicit
08-05 02:06:47.796 13999 14010 I art     : Explicit concurrent mark sweep GC freed 3(96B) AllocSpace objects, 0(0B) LOS objects, 40% free, 21MB/36MB, paused 86us total 9.183ms
08-05 02:06:47.801 13999 14010 I art     : Starting a blocking GC Explicit
08-05 02:06:47.811 13999 14010 I art     : Explicit concurrent mark sweep GC freed 3(96B) AllocSpace objects, 0(0B) LOS objects, 40% free, 21MB/36MB, paused 87us total 9.003ms
08-05 02:06:48.112 13999 14011 I art     : Starting a blocking GC Explicit
08-05 02:06:48.128 13999 14011 I art     : Explicit concurrent mark sweep GC freed 1268(74KB) AllocSpace objects, 1(20KB) LOS objects, 40% free, 21MB/36MB, paused 131us total 15.385ms
08-05 02:06:48.138 13999 14011 I art     : Starting a blocking GC Explicit
08-05 02:06:48.150 13999 14011 I art     : Explicit concurrent mark sweep GC freed 18(624B) AllocSpace objects, 0(0B) LOS objects, 40% free, 21MB/36MB, paused 104us total 11.987ms
08-05 02:06:48.157 13999 14011 I art     : Starting a blocking GC Explicit
08-05 02:06:48.167 13999 14011 I art     : Explicit concurrent mark sweep GC freed 3(96B) AllocSpace objects, 0(0B) LOS objects, 40% free, 21MB/36MB, paused 95us total 10.347ms
08-05 02:06:48.173 13999 14011 I art     : Starting a blocking GC Explicit
08-05 02:06:48.183 13999 14011 I art     : Explicit concurrent mark sweep GC freed 3(96B) AllocSpace objects, 0(0B) LOS objects, 40% free, 21MB/36MB, paused 89us total 9.968ms
08-05 02:06:48.189 13999 14011 I art     : Starting a blocking GC Explicit
08-05 02:06:48.198 13999 14011 I art     : Explicit concurrent mark sweep GC freed 3(96B) AllocSpace objects, 0(0B) LOS objects, 40% free, 21MB/36MB, paused 86us total 9.353ms
08-05 02:06:48.441 13999 14010 I art     : Starting a blocking GC Explicit
08-05 02:06:48.452 13999 14010 I art     : Explicit concurrent mark sweep GC freed 1268(74KB) AllocSpace objects, 1(20KB) LOS objects, 40% free, 21MB/36MB, paused 110us total 10.608ms
08-05 02:06:48.458 13999 14010 I art     : Starting a blocking GC Explicit
08-05 02:06:48.467 13999 14010 I art     : Explicit concurrent mark sweep GC freed 18(624B) AllocSpace objects, 0(0B) LOS objects, 40% free, 21MB/36MB, paused 91us total 9.694ms
08-05 02:06:48.473 13999 14010 I art     : Starting a blocking GC Explicit
08-05 02:06:48.483 13999 14010 I art     : Explicit concurrent mark sweep GC freed 3(96B) AllocSpace objects, 0(0B) LOS objects, 40% free, 21MB/36MB, paused 93us total 9.641ms
08-05 02:06:48.489 13999 14010 I art     : Starting a blocking GC Explicit
08-05 02:06:48.499 13999 14010 I art     : Explicit concurrent mark sweep GC freed 3(96B) AllocSpace objects, 0(0B) LOS objects, 40% free, 21MB/36MB, paused 94us total 10.188ms
08-05 02:06:48.504 13999 14010 I art     : Starting a blocking GC Explicit
08-05 02:06:48.514 13999 14010 I art     : Explicit concurrent mark sweep GC freed 3(96B) AllocSpace objects, 0(0B) LOS objects, 40% free, 21MB/36MB, paused 92us total 9.388ms
08-05 02:06:48.710 14190 14190 D AndroidRuntime: >>>>>> START com.android.internal.os.RuntimeInit uid 2000 <<<<<<
08-05 02:06:48.714 14190 14190 D AndroidRuntime: CheckJNI is OFF
08-05 02:06:48.740 14190 14190 D ICU     : No timezone override file found: /data/misc/zoneinfo/current/icu/icu_tzdata.dat
08-05 02:06:48.743 13999 14011 I art     : Starting a blocking GC Explicit
08-05 02:06:48.753 13999 14011 I art     : Explicit concurrent mark sweep GC freed 1268(74KB) AllocSpace objects, 1(20KB) LOS objects, 40% free, 21MB/36MB, paused 109us total 10.211ms
08-05 02:06:48.759 13999 14011 I art     : Starting a blocking GC Explicit
08-05 02:06:48.767 14190 14190 I Radio-JNI: register_android_hardware_Radio DONE
08-05 02:06:48.770 13999 14011 I art     : Explicit concurrent mark sweep GC freed 18(624B) AllocSpace objects, 0(0B) LOS objects, 40% free, 21MB/36MB, paused 99us total 10.277ms
08-05 02:06:48.775 13999 14011 I art     : Starting a blocking GC Explicit
08-05 02:06:48.784 14190 14190 D AndroidRuntime: Calling main entry com.android.commands.input.Input
08-05 02:06:48.786 13999 14011 I art     : Explicit concurrent mark sweep GC freed 3(96B) AllocSpace objects, 0(0B) LOS objects, 40% free, 21MB/36MB, paused 128us total 10.005ms
08-05 02:06:48.786 14190 14190 I Input   : injectMotionEvent: MotionEvent { action=ACTION_DOWN, actionButton=0, id[0]=0, x[0]=711.0, y[0]=1664.0, toolType[0]=TOOL_TYPE_UNKNOWN, buttonState=0, metaState=0, flags=0x0, edgeFlags=0x0, pointerCount=1, historySize=0, eventTime=756425199, downTime=756425199, deviceId=0, source=0x1002 }
08-05 02:06:48.791 14190 14190 I Input   : injectMotionEvent: MotionEvent { action=ACTION_UP, actionButton=0, id[0]=0, x[0]=711.0, y[0]=1664.0, toolType[0]=TOOL_TYPE_UNKNOWN, buttonState=0, metaState=0, flags=0x0, edgeFlags=0x0, pointerCount=1, historySize=0, eventTime=756425199, downTime=756425199, deviceId=0, source=0x1002 }
08-05 02:06:48.791 13999 14011 I art     : Starting a blocking GC Explicit
08-05 02:06:48.792 14190 14190 D AndroidRuntime: Shutting down VM
08-05 02:06:48.803 13999 14011 I art     : Explicit concurrent mark sweep GC freed 34(1184B) AllocSpace objects, 0(0B) LOS objects, 40% free, 21MB/36MB, paused 232us total 11.313ms
08-05 02:06:48.805   512  2967 D audio_hw_primary: out_set_parameters: enter: usecase(1: low-latency-playback) kvpairs: routing=2
08-05 02:06:48.807   918  5132 I ActivityManager: START u0 {flg=0x14000000 cmp=baseline.com.ak.uobtimetable/.CourseListActivity} from uid 10684 on display 0
08-05 02:06:48.810 13999 14011 I art     : Starting a blocking GC Explicit
08-05 02:06:48.818   512  2967 D audio_hw_primary: select_devices: out_snd_device(2: speaker) in_snd_device(0: none)
08-05 02:06:48.818   512  2967 D msm8974_platform: platform_send_audio_calibration: sending audio calibration for snd_device(2) acdb_id(15)
08-05 02:06:48.818   512  2967 I soundtrigger: audio_extn_sound_trigger_update_device_status: device 0x2 of type 0 for Event 1
08-05 02:06:48.820 13999 14011 I art     : Explicit concurrent mark sweep GC freed 67(10KB) AllocSpace objects, 0(0B) LOS objects, 40% free, 21MB/36MB, paused 117us total 9.743ms
08-05 02:06:48.833   512  2967 D audio_hw_primary: enable_snd_device: snd_device(2: speaker)
08-05 02:06:48.834   512  2967 D audio_hw_primary: enable_audio_route: apply and update mixer path: low-latency-playback speaker
08-05 02:06:48.847 13999 13999 D CourseListActivity: onCreate
08-05 02:06:48.873 13999 14215 D HTTP    : Request for: https://uob-timetable-api.adriankeenan.co.uk/courses
08-05 02:06:48.931   918   936 I ActivityManager: Displayed baseline.com.ak.uobtimetable/.CourseListActivity: +116ms
08-05 02:06:48.940 13866 13866 I GoogleInputMethodServic: GoogleInputMethodService.onFinishInput():3138 
08-05 02:06:48.942 13866 13866 I GoogleInputMethodServic: GoogleInputMethodService.onStartInput():1808 
08-05 02:06:48.973 13999 14018 D OpenGLRenderer: endAllStagingAnimators on 0x7f949c2800 (RippleDrawable) with handle 0x7f9a1d0960
08-05 02:06:49.053 13999 14011 I art     : Starting a blocking GC Explicit
08-05 02:06:49.071 13999 14011 I art     : Explicit concurrent mark sweep GC freed 4905(382KB) AllocSpace objects, 1(20KB) LOS objects, 40% free, 22MB/37MB, paused 277us total 17.948ms
08-05 02:06:49.079 13999 14011 I art     : Starting a blocking GC Explicit
08-05 02:06:49.093 13999 14011 I art     : Explicit concurrent mark sweep GC freed 377(19KB) AllocSpace objects, 0(0B) LOS objects, 40% free, 22MB/37MB, paused 150us total 14.028ms
08-05 02:06:49.101 13999 14011 I art     : Starting a blocking GC Explicit
08-05 02:06:49.116 13999 14011 I art     : Explicit concurrent mark sweep GC freed 4(128B) AllocSpace objects, 0(0B) LOS objects, 40% free, 22MB/37MB, paused 154us total 14.055ms
08-05 02:06:49.124 13999 14011 I art     : Starting a blocking GC Explicit
08-05 02:06:49.139 13999 14011 I art     : Explicit concurrent mark sweep GC freed 4(128B) AllocSpace objects, 0(0B) LOS objects, 40% free, 22MB/37MB, paused 151us total 15.160ms
08-05 02:06:49.146 13999 14011 I art     : Starting a blocking GC Explicit
08-05 02:06:49.159 13999 14011 I art     : Explicit concurrent mark sweep GC freed 5(160B) AllocSpace objects, 0(0B) LOS objects, 40% free, 22MB/37MB, paused 129us total 12.915ms
08-05 02:06:49.264 13999 14215 I NAPPA_EXPERIMENTATION: MetricNetworkRequestExecutionTime: REQUEST_DURATION_SYSTEM='387',REQUEST_DURATION_OKHTTP='40',REQUEST_SYNCHRONOUS='TRUE',RESPONSE_CODE='200',RESPONSE_METHOD='GET',RESPONSE_LENGTH_OKHTTP='-1',RESPONSE_LENGTH_HEADER='-2',REQUEST_PROTOCOL='http/1.1',REQUEST_URL='https://uob-timetable-api.adriankeenan.co.uk/courses',
08-05 02:06:49.378   512  2967 D audio_hw_primary: disable_audio_route: reset and update mixer path: low-latency-playback speaker
08-05 02:06:49.380   512  2967 D audio_hw_primary: disable_snd_device: snd_device(2: speaker)
08-05 02:06:49.388   512  2967 I soundtrigger: audio_extn_sound_trigger_update_device_status: device 0x2 of type 0 for Event 0
08-05 02:06:49.416 13999 14010 I art     : Starting a blocking GC Explicit
08-05 02:06:49.433 13999 14010 I art     : Explicit concurrent mark sweep GC freed 5662(8MB) AllocSpace objects, 4(220KB) LOS objects, 32% free, 32MB/48MB, paused 342us total 16.308ms
08-05 02:06:49.439 13999 14010 I art     : Starting a blocking GC Explicit
08-05 02:06:49.450 13999 14010 I art     : Explicit concurrent mark sweep GC freed 1477(2MB) AllocSpace objects, 0(0B) LOS objects, 26% free, 44MB/60MB, paused 199us total 11.282ms
08-05 02:06:49.456 13999 14010 I art     : Starting a blocking GC Explicit
08-05 02:06:49.466 13999 14010 I art     : Explicit concurrent mark sweep GC freed 14(512B) AllocSpace objects, 0(0B) LOS objects, 26% free, 44MB/60MB, paused 196us total 10.123ms
08-05 02:06:49.471 13999 14010 I art     : Starting a blocking GC Explicit
08-05 02:06:49.481 13999 14010 I art     : Explicit concurrent mark sweep GC freed 12(448B) AllocSpace objects, 0(0B) LOS objects, 26% free, 44MB/60MB, paused 141us total 9.983ms
08-05 02:06:49.486 13999 14010 I art     : Starting a blocking GC Explicit
08-05 02:06:49.497 13999 14010 I art     : Explicit concurrent mark sweep GC freed 12(448B) AllocSpace objects, 0(0B) LOS objects, 26% free, 44MB/60MB, paused 149us total 10.161ms
08-05 02:06:49.618 13999 14215 I HTTP    : Response was compressed.
08-05 02:06:49.739 13999 14011 I art     : Starting a blocking GC Explicit
08-05 02:06:49.762 13999 14011 I art     : Explicit concurrent mark sweep GC freed 30125(1446KB) AllocSpace objects, 0(0B) LOS objects, 29% free, 38MB/54MB, paused 238us total 22.375ms
08-05 02:06:49.769 13999 14011 I art     : Starting a blocking GC Explicit
08-05 02:06:49.785 13999 14011 I art     : Explicit concurrent mark sweep GC freed 13151(610KB) AllocSpace objects, 0(0B) LOS objects, 29% free, 38MB/54MB, paused 324us total 15.826ms
08-05 02:06:49.792 13999 14011 I art     : Starting a blocking GC Explicit
08-05 02:06:49.806 13999 14011 I art     : Explicit concurrent mark sweep GC freed 10365(494KB) AllocSpace objects, 0(0B) LOS objects, 29% free, 38MB/54MB, paused 226us total 13.482ms
08-05 02:06:49.812 13999 14011 I art     : Starting a blocking GC Explicit
08-05 02:06:49.824 13999 14011 I art     : Explicit concurrent mark sweep GC freed 10305(484KB) AllocSpace objects, 0(0B) LOS objects, 29% free, 38MB/54MB, paused 221us total 12.372ms
08-05 02:06:49.831 13999 14011 I art     : Starting a blocking GC Explicit
08-05 02:06:49.844 13999 14011 I art     : Explicit concurrent mark sweep GC freed 10499(488KB) AllocSpace objects, 0(0B) LOS objects, 29% free, 38MB/54MB, paused 227us total 12.552ms
08-05 02:06:50.110 13999 14213 I art     : Starting a blocking GC Explicit
08-05 02:06:50.140 13999 14213 I art     : Explicit concurrent mark sweep GC freed 160613(7MB) AllocSpace objects, 1(20KB) LOS objects, 28% free, 39MB/55MB, paused 281us total 29.320ms
08-05 02:06:50.148 13999 14213 I art     : Starting a blocking GC Explicit
08-05 02:06:50.165 13999 14213 I art     : Explicit concurrent mark sweep GC freed 18495(871KB) AllocSpace objects, 0(0B) LOS objects, 28% free, 39MB/55MB, paused 249us total 16.380ms
08-05 02:06:50.172 13999 14213 I art     : Starting a blocking GC Explicit
08-05 02:06:50.189 13999 14213 I art     : Explicit concurrent mark sweep GC freed 13042(626KB) AllocSpace objects, 0(0B) LOS objects, 28% free, 39MB/55MB, paused 300us total 16.561ms
08-05 02:06:50.196 13999 14213 I art     : Starting a blocking GC Explicit
08-05 02:06:50.212 13999 14213 I art     : Explicit concurrent mark sweep GC freed 12678(594KB) AllocSpace objects, 0(0B) LOS objects, 28% free, 39MB/55MB, paused 271us total 15.804ms
08-05 02:06:50.219 13999 14213 I art     : Starting a blocking GC Explicit
08-05 02:06:50.235 13999 14213 I art     : Explicit concurrent mark sweep GC freed 12877(609KB) AllocSpace objects, 0(0B) LOS objects, 28% free, 39MB/55MB, paused 364us total 16.249ms
08-05 02:06:50.508 13999 14213 I art     : Starting a blocking GC Explicit
08-05 02:06:50.551 13999 14213 I art     : Explicit concurrent mark sweep GC freed 168191(7MB) AllocSpace objects, 1(20KB) LOS objects, 27% free, 41MB/57MB, paused 368us total 42.271ms
08-05 02:06:50.560 13999 14213 I art     : Starting a blocking GC Explicit
08-05 02:06:50.581 13999 14213 I art     : Explicit concurrent mark sweep GC freed 21619(1011KB) AllocSpace objects, 0(0B) LOS objects, 27% free, 41MB/57MB, paused 308us total 20.021ms
08-05 02:06:50.590 13999 14213 I art     : Starting a blocking GC Explicit
08-05 02:06:50.609 13999 14213 I art     : Explicit concurrent mark sweep GC freed 14409(669KB) AllocSpace objects, 0(0B) LOS objects, 27% free, 41MB/57MB, paused 340us total 18.443ms
08-05 02:06:50.617 13999 14213 I art     : Starting a blocking GC Explicit
08-05 02:06:50.636 13999 14213 I art     : Explicit concurrent mark sweep GC freed 14810(692KB) AllocSpace objects, 0(0B) LOS objects, 27% free, 41MB/57MB, paused 494us total 18.815ms
08-05 02:06:50.645 13999 14213 I art     : Starting a blocking GC Explicit
08-05 02:06:50.664 13999 14213 I art     : Explicit concurrent mark sweep GC freed 14884(693KB) AllocSpace objects, 0(0B) LOS objects, 27% free, 41MB/57MB, paused 335us total 19.269ms
08-05 02:06:50.926 13999 14010 I art     : Starting a blocking GC Explicit
08-05 02:06:50.963 13999 14010 I art     : Explicit concurrent mark sweep GC freed 154923(7MB) AllocSpace objects, 1(20KB) LOS objects, 27% free, 43MB/59MB, paused 397us total 36.690ms
08-05 02:06:50.973 13999 14010 I art     : Starting a blocking GC Explicit
08-05 02:06:50.996 13999 14010 I art     : Explicit concurrent mark sweep GC freed 21008(992KB) AllocSpace objects, 0(0B) LOS objects, 27% free, 42MB/58MB, paused 351us total 23.332ms
08-05 02:06:51.005 13999 14010 I art     : Starting a blocking GC Explicit
08-05 02:06:51.026 13999 14010 I art     : Explicit concurrent mark sweep GC freed 16884(787KB) AllocSpace objects, 0(0B) LOS objects, 27% free, 43MB/59MB, paused 364us total 21.235ms
08-05 02:06:51.035 13999 14010 I art     : Starting a blocking GC Explicit
08-05 02:06:51.058 13999 14010 I art     : Explicit concurrent mark sweep GC freed 16872(792KB) AllocSpace objects, 0(0B) LOS objects, 27% free, 43MB/59MB, paused 419us total 22.819ms
08-05 02:06:51.068 13999 14010 I art     : Starting a blocking GC Explicit
08-05 02:06:51.090 13999 14010 I art     : Explicit concurrent mark sweep GC freed 17104(800KB) AllocSpace objects, 0(0B) LOS objects, 26% free, 43MB/59MB, paused 384us total 22.597ms
08-05 02:06:51.350 13999 14010 I art     : Starting a blocking GC Explicit
08-05 02:06:51.393 13999 14010 I art     : Explicit concurrent mark sweep GC freed 155969(7MB) AllocSpace objects, 1(20KB) LOS objects, 26% free, 44MB/60MB, paused 442us total 42.508ms
08-05 02:06:51.403 13999 14010 I art     : Starting a blocking GC Explicit
08-05 02:06:51.428 13999 14010 I art     : Explicit concurrent mark sweep GC freed 23079(1092KB) AllocSpace objects, 0(0B) LOS objects, 26% free, 44MB/60MB, paused 414us total 24.745ms
08-05 02:06:51.438 13999 14010 I art     : Starting a blocking GC Explicit
08-05 02:06:51.463 13999 14010 I art     : Explicit concurrent mark sweep GC freed 18791(934KB) AllocSpace objects, 0(0B) LOS objects, 26% free, 44MB/60MB, paused 427us total 24.976ms
08-05 02:06:51.473 13999 14010 I art     : Starting a blocking GC Explicit
08-05 02:06:51.499 13999 14010 I art     : Explicit concurrent mark sweep GC freed 19161(899KB) AllocSpace objects, 0(0B) LOS objects, 26% free, 44MB/60MB, paused 476us total 25.900ms
08-05 02:06:51.509 13999 14010 I art     : Starting a blocking GC Explicit
08-05 02:06:51.535 13999 14010 I art     : Explicit concurrent mark sweep GC freed 19484(907KB) AllocSpace objects, 0(0B) LOS objects, 26% free, 45MB/61MB, paused 486us total 26.204ms
08-05 02:06:51.796 13999 14213 I art     : Starting a blocking GC Explicit
08-05 02:06:51.842 13999 14213 I art     : Explicit concurrent mark sweep GC freed 157531(7MB) AllocSpace objects, 1(20KB) LOS objects, 25% free, 46MB/62MB, paused 511us total 46.050ms
08-05 02:06:51.853 13999 14213 I art     : Starting a blocking GC Explicit
08-05 02:06:51.881 13999 14213 I art     : Explicit concurrent mark sweep GC freed 25521(1192KB) AllocSpace objects, 0(0B) LOS objects, 25% free, 46MB/62MB, paused 480us total 28.433ms
08-05 02:06:51.892 13999 14213 I art     : Starting a blocking GC Explicit
08-05 02:06:51.920 13999 14213 I art     : Explicit concurrent mark sweep GC freed 21515(1003KB) AllocSpace objects, 0(0B) LOS objects, 25% free, 46MB/62MB, paused 525us total 28.566ms
08-05 02:06:51.931 13999 14213 I art     : Starting a blocking GC Explicit
08-05 02:06:51.961 13999 14213 I art     : Explicit concurrent mark sweep GC freed 21128(985KB) AllocSpace objects, 0(0B) LOS objects, 25% free, 46MB/62MB, paused 506us total 29.852ms
08-05 02:06:51.971 13999 14213 I art     : Starting a blocking GC Explicit
08-05 02:06:52.002 13999 14213 I art     : Explicit concurrent mark sweep GC freed 22179(1025KB) AllocSpace objects, 0(0B) LOS objects, 25% free, 46MB/62MB, paused 533us total 30.081ms
08-05 02:06:52.263 13999 14010 I art     : Starting a blocking GC Explicit
08-05 02:06:52.314 13999 14010 I art     : Explicit concurrent mark sweep GC freed 161827(7MB) AllocSpace objects, 1(20KB) LOS objects, 24% free, 48MB/64MB, paused 568us total 50.105ms
08-05 02:06:52.327 13999 14010 I art     : Starting a blocking GC Explicit
08-05 02:06:52.359 13999 14010 I art     : Explicit concurrent mark sweep GC freed 27554(1292KB) AllocSpace objects, 0(0B) LOS objects, 24% free, 48MB/64MB, paused 518us total 31.887ms
08-05 02:06:52.371 13999 14010 I art     : Starting a blocking GC Explicit
08-05 02:06:52.404 13999 14010 I art     : Explicit concurrent mark sweep GC freed 23810(1171KB) AllocSpace objects, 0(0B) LOS objects, 24% free, 48MB/64MB, paused 619us total 33.464ms
08-05 02:06:52.413 13999 14215 I Service : getCourses response time: 0.69
08-05 02:06:52.416 13999 14010 I art     : Starting a blocking GC Explicit
08-05 02:06:52.422 13999 13999 I SettingsManager: Getting string: savedCourse
08-05 02:06:52.449 13999 14010 I art     : Explicit concurrent mark sweep GC freed 5530(257KB) AllocSpace objects, 1(14MB) LOS objects, 32% free, 33MB/49MB, paused 476us total 33.371ms
08-05 02:06:52.461 13999 14010 I art     : Starting a blocking GC Explicit
08-05 02:06:52.492 13999 14010 I art     : Explicit concurrent mark sweep GC freed 439(18KB) AllocSpace objects, 0(0B) LOS objects, 32% free, 33MB/49MB, paused 220us total 30.737ms
08-05 02:06:52.769 13999 14010 I art     : Starting a blocking GC Explicit
08-05 02:06:52.822 13999 14010 I art     : Explicit concurrent mark sweep GC freed 1331(77KB) AllocSpace objects, 1(20KB) LOS objects, 32% free, 33MB/49MB, paused 173us total 53.003ms
08-05 02:06:52.839 13999 14010 I art     : Starting a blocking GC Explicit
08-05 02:06:52.872 13999 14010 I art     : Explicit concurrent mark sweep GC freed 18(624B) AllocSpace objects, 0(0B) LOS objects, 32% free, 33MB/49MB, paused 138us total 32.573ms
08-05 02:06:52.883 13999 14010 I art     : Starting a blocking GC Explicit
08-05 02:06:52.918 13999 14010 I art     : Explicit concurrent mark sweep GC freed 3(96B) AllocSpace objects, 0(0B) LOS objects, 32% free, 33MB/49MB, paused 139us total 34.911ms
08-05 02:06:52.931 13999 14010 I art     : Starting a blocking GC Explicit
08-05 02:06:52.967 13999 14010 I art     : Explicit concurrent mark sweep GC freed 3(96B) AllocSpace objects, 0(0B) LOS objects, 32% free, 33MB/49MB, paused 138us total 36.116ms
08-05 02:06:52.980 13999 14010 I art     : Starting a blocking GC Explicit
08-05 02:06:53.015 13999 14010 I art     : Explicit concurrent mark sweep GC freed 3(96B) AllocSpace objects, 0(0B) LOS objects, 32% free, 33MB/49MB, paused 136us total 34.919ms
08-05 02:06:53.326 13999 14213 I art     : Starting a blocking GC Explicit
08-05 02:06:53.379 13999 14213 I art     : Explicit concurrent mark sweep GC freed 1274(74KB) AllocSpace objects, 1(20KB) LOS objects, 32% free, 33MB/49MB, paused 190us total 52.610ms
08-05 02:06:53.395 13999 14213 I art     : Starting a blocking GC Explicit
08-05 02:06:53.427 13999 14213 I art     : Explicit concurrent mark sweep GC freed 18(624B) AllocSpace objects, 0(0B) LOS objects, 32% free, 33MB/49MB, paused 147us total 32.616ms
08-05 02:06:53.439 13999 14213 I art     : Starting a blocking GC Explicit
08-05 02:06:53.474 13999 14213 I art     : Explicit concurrent mark sweep GC freed 3(96B) AllocSpace objects, 0(0B) LOS objects, 32% free, 33MB/49MB, paused 136us total 34.614ms
08-05 02:06:53.487 13999 14213 I art     : Starting a blocking GC Explicit
08-05 02:06:53.523 13999 14213 I art     : Explicit concurrent mark sweep GC freed 3(96B) AllocSpace objects, 0(0B) LOS objects, 32% free, 33MB/49MB, paused 149us total 36.035ms
08-05 02:06:53.536 13999 14213 I art     : Starting a blocking GC Explicit
08-05 02:06:53.572 13999 14213 I art     : Explicit concurrent mark sweep GC freed 3(96B) AllocSpace objects, 0(0B) LOS objects, 32% free, 33MB/49MB, paused 145us total 35.243ms
08-05 02:06:53.886 13999 14011 I art     : Starting a blocking GC Explicit
08-05 02:06:53.941 13999 14011 I art     : Explicit concurrent mark sweep GC freed 1274(74KB) AllocSpace objects, 1(20KB) LOS objects, 32% free, 33MB/49MB, paused 181us total 55.080ms
08-05 02:06:53.958 13999 14011 I art     : Starting a blocking GC Explicit
08-05 02:06:53.994 13999 14011 I art     : Explicit concurrent mark sweep GC freed 18(624B) AllocSpace objects, 0(0B) LOS objects, 32% free, 33MB/49MB, paused 150us total 35.763ms
08-05 02:06:54.007 13999 14011 I art     : Starting a blocking GC Explicit
08-05 02:06:54.042 13999 14011 I art     : Explicit concurrent mark sweep GC freed 3(96B) AllocSpace objects, 0(0B) LOS objects, 32% free, 33MB/49MB, paused 142us total 34.813ms
08-05 02:06:54.054 13999 14011 I art     : Starting a blocking GC Explicit
08-05 02:06:54.092 13999 14011 I art     : Explicit concurrent mark sweep GC freed 4(128B) AllocSpace objects, 0(0B) LOS objects, 32% free, 33MB/49MB, paused 149us total 37.837ms
08-05 02:06:54.106 13999 14011 I art     : Starting a blocking GC Explicit
08-05 02:06:54.137 13999 14011 I art     : Explicit concurrent mark sweep GC freed 5(176B) AllocSpace objects, 0(0B) LOS objects, 32% free, 33MB/49MB, paused 142us total 31.631ms
08-05 02:06:54.449 13999 14213 I art     : Starting a blocking GC Explicit
08-05 02:06:54.499 13999 14213 I art     : Explicit concurrent mark sweep GC freed 1274(74KB) AllocSpace objects, 1(20KB) LOS objects, 32% free, 33MB/49MB, paused 147us total 49.569ms
08-05 02:06:54.513 13999 14213 I art     : Starting a blocking GC Explicit
08-05 02:06:54.546 13999 14213 I art     : Explicit concurrent mark sweep GC freed 18(624B) AllocSpace objects, 0(0B) LOS objects, 32% free, 33MB/49MB, paused 143us total 32.450ms
08-05 02:06:54.558 13999 14213 I art     : Starting a blocking GC Explicit
08-05 02:06:54.592 13999 14213 I art     : Explicit concurrent mark sweep GC freed 3(96B) AllocSpace objects, 0(0B) LOS objects, 32% free, 33MB/49MB, paused 156us total 34.255ms
08-05 02:06:54.605 13999 14213 I art     : Starting a blocking GC Explicit
08-05 02:06:54.639 13999 14213 I art     : Explicit concurrent mark sweep GC freed 3(96B) AllocSpace objects, 0(0B) LOS objects, 32% free, 33MB/49MB, paused 145us total 34.538ms
08-05 02:06:54.652 13999 14213 I art     : Starting a blocking GC Explicit
08-05 02:06:54.687 13999 14213 I art     : Explicit concurrent mark sweep GC freed 3(96B) AllocSpace objects, 0(0B) LOS objects, 32% free, 33MB/49MB, paused 167us total 34.728ms
08-05 02:06:54.983 13999 14010 I art     : Starting a blocking GC Explicit
08-05 02:06:55.031 13999 14010 I art     : Explicit concurrent mark sweep GC freed 1274(74KB) AllocSpace objects, 1(20KB) LOS objects, 32% free, 33MB/49MB, paused 128us total 48.110ms
08-05 02:06:55.045 13999 14010 I art     : Starting a blocking GC Explicit
08-05 02:06:55.077 13999 14010 I art     : Explicit concurrent mark sweep GC freed 18(624B) AllocSpace objects, 0(0B) LOS objects, 32% free, 33MB/49MB, paused 133us total 32.242ms
08-05 02:06:55.089 13999 14010 I art     : Starting a blocking GC Explicit
08-05 02:06:55.120 13999 14010 I art     : Explicit concurrent mark sweep GC freed 3(96B) AllocSpace objects, 0(0B) LOS objects, 32% free, 33MB/49MB, paused 145us total 30.944ms
08-05 02:06:55.132 13999 14010 I art     : Starting a blocking GC Explicit
08-05 02:06:55.163 13999 14010 I art     : Explicit concurrent mark sweep GC freed 3(96B) AllocSpace objects, 0(0B) LOS objects, 32% free, 33MB/49MB, paused 130us total 30.944ms
08-05 02:06:55.174 13999 14010 I art     : Starting a blocking GC Explicit
08-05 02:06:55.205 13999 14010 I art     : Explicit concurrent mark sweep GC freed 3(96B) AllocSpace objects, 0(0B) LOS objects, 32% free, 33MB/49MB, paused 131us total 31.038ms
08-05 02:06:55.383 14361 14361 D AndroidRuntime: >>>>>> START com.android.internal.os.RuntimeInit uid 2000 <<<<<<
08-05 02:06:55.388 14361 14361 D AndroidRuntime: CheckJNI is OFF
08-05 02:06:55.418 14361 14361 D ICU     : No timezone override file found: /data/misc/zoneinfo/current/icu/icu_tzdata.dat
08-05 02:06:55.442 14361 14361 I Radio-JNI: register_android_hardware_Radio DONE
08-05 02:06:55.459 14361 14361 D AndroidRuntime: Calling main entry com.android.commands.input.Input
08-05 02:06:55.461 14361 14361 I Input   : injectMotionEvent: MotionEvent { action=ACTION_DOWN, actionButton=0, id[0]=0, x[0]=526.0, y[0]=704.0, toolType[0]=TOOL_TYPE_UNKNOWN, buttonState=0, metaState=0, flags=0x0, edgeFlags=0x0, pointerCount=1, historySize=0, eventTime=756431874, downTime=756431874, deviceId=0, source=0x1002 }
08-05 02:06:55.467 14361 14361 I Input   : injectMotionEvent: MotionEvent { action=ACTION_UP, actionButton=0, id[0]=0, x[0]=526.0, y[0]=704.0, toolType[0]=TOOL_TYPE_UNKNOWN, buttonState=0, metaState=0, flags=0x0, edgeFlags=0x0, pointerCount=1, historySize=0, eventTime=756431874, downTime=756431874, deviceId=0, source=0x1002 }
08-05 02:06:55.469 14361 14361 D AndroidRuntime: Shutting down VM
08-05 02:06:55.497 13999 14213 I art     : Starting a blocking GC Explicit
08-05 02:06:55.535   512  2967 D audio_hw_primary: out_set_parameters: enter: usecase(1: low-latency-playback) kvpairs: routing=2
08-05 02:06:55.538 13999 14213 I art     : Explicit concurrent mark sweep GC freed 1382(84KB) AllocSpace objects, 2(40KB) LOS objects, 32% free, 33MB/49MB, paused 323us total 40.390ms
08-05 02:06:55.548   512  2967 D audio_hw_primary: select_devices: out_snd_device(2: speaker) in_snd_device(0: none)
08-05 02:06:55.548   512  2967 D msm8974_platform: platform_send_audio_calibration: sending audio calibration for snd_device(2) acdb_id(15)
08-05 02:06:55.548   512  2967 I soundtrigger: audio_extn_sound_trigger_update_device_status: device 0x2 of type 0 for Event 1
08-05 02:06:55.550 13999 14213 I art     : Starting a blocking GC Explicit
08-05 02:06:55.558   512  2967 D audio_hw_primary: enable_snd_device: snd_device(2: speaker)
08-05 02:06:55.560   512  2967 D audio_hw_primary: enable_audio_route: apply and update mixer path: low-latency-playback speaker
08-05 02:06:55.583 13999 14213 I art     : Explicit concurrent mark sweep GC freed 573(45KB) AllocSpace objects, 0(0B) LOS objects, 32% free, 33MB/49MB, paused 159us total 33.326ms
08-05 02:06:55.597 13999 14213 I art     : Starting a blocking GC Explicit
08-05 02:06:55.628 13999 14213 I art     : Explicit concurrent mark sweep GC freed 180(7KB) AllocSpace objects, 0(0B) LOS objects, 32% free, 33MB/49MB, paused 177us total 30.868ms
08-05 02:06:55.640 13999 14213 I art     : Starting a blocking GC Explicit
08-05 02:06:55.672 13999 14213 I art     : Explicit concurrent mark sweep GC freed 61(2800B) AllocSpace objects, 0(0B) LOS objects, 32% free, 33MB/49MB, paused 181us total 31.932ms
08-05 02:06:55.685 13999 14213 I art     : Starting a blocking GC Explicit
08-05 02:06:55.720 13999 14213 I art     : Explicit concurrent mark sweep GC freed 7(224B) AllocSpace objects, 0(0B) LOS objects, 32% free, 33MB/49MB, paused 140us total 34.387ms
08-05 02:06:55.984 13999 14010 I art     : Starting a blocking GC Explicit
08-05 02:06:56.033 13999 14010 I art     : Explicit concurrent mark sweep GC freed 1279(75KB) AllocSpace objects, 1(20KB) LOS objects, 32% free, 33MB/49MB, paused 128us total 48.167ms
08-05 02:06:56.047 13999 14010 I art     : Starting a blocking GC Explicit
08-05 02:06:56.083 13999 14010 I art     : Explicit concurrent mark sweep GC freed 24(816B) AllocSpace objects, 0(0B) LOS objects, 32% free, 33MB/49MB, paused 129us total 35.999ms
08-05 02:06:56.097 13999 14010 I art     : Starting a blocking GC Explicit
08-05 02:06:56.098   512  2967 D audio_hw_primary: disable_audio_route: reset and update mixer path: low-latency-playback speaker
08-05 02:06:56.099   512  2967 D audio_hw_primary: disable_snd_device: snd_device(2: speaker)
08-05 02:06:56.108   512  2967 I soundtrigger: audio_extn_sound_trigger_update_device_status: device 0x2 of type 0 for Event 0
08-05 02:06:56.134 13999 14010 I art     : Explicit concurrent mark sweep GC freed 3(96B) AllocSpace objects, 0(0B) LOS objects, 32% free, 33MB/49MB, paused 126us total 36.164ms
08-05 02:06:56.148 13999 14010 I art     : Starting a blocking GC Explicit
08-05 02:06:56.184 13999 14010 I art     : Explicit concurrent mark sweep GC freed 3(96B) AllocSpace objects, 0(0B) LOS objects, 32% free, 33MB/49MB, paused 130us total 35.611ms
08-05 02:06:56.198 13999 14010 I art     : Starting a blocking GC Explicit
08-05 02:06:56.234 13999 14010 I art     : Explicit concurrent mark sweep GC freed 5(160B) AllocSpace objects, 0(0B) LOS objects, 32% free, 33MB/49MB, paused 127us total 35.847ms
08-05 02:06:56.512 13999 14010 I art     : Starting a blocking GC Explicit
08-05 02:06:56.556 13999 14010 I art     : Explicit concurrent mark sweep GC freed 1279(75KB) AllocSpace objects, 1(20KB) LOS objects, 32% free, 33MB/49MB, paused 173us total 44.514ms
08-05 02:06:56.571 13999 14010 I art     : Starting a blocking GC Explicit
08-05 02:06:56.606 13999 14010 I art     : Explicit concurrent mark sweep GC freed 20(688B) AllocSpace objects, 0(0B) LOS objects, 32% free, 33MB/49MB, paused 180us total 35.500ms
08-05 02:06:56.619 13999 14010 I art     : Starting a blocking GC Explicit
08-05 02:06:56.656 13999 14010 I art     : Explicit concurrent mark sweep GC freed 3(96B) AllocSpace objects, 0(0B) LOS objects, 32% free, 33MB/49MB, paused 130us total 36.340ms
08-05 02:06:56.669 13999 14010 I art     : Starting a blocking GC Explicit
08-05 02:06:56.703 13999 14010 I art     : Explicit concurrent mark sweep GC freed 3(96B) AllocSpace objects, 0(0B) LOS objects, 32% free, 33MB/49MB, paused 127us total 33.572ms
08-05 02:06:56.715 13999 14010 I art     : Starting a blocking GC Explicit
08-05 02:06:56.746 13999 14010 I art     : Explicit concurrent mark sweep GC freed 3(96B) AllocSpace objects, 0(0B) LOS objects, 32% free, 33MB/49MB, paused 139us total 31.385ms
08-05 02:06:56.998 13999 14213 I art     : Starting a blocking GC Explicit
08-05 02:06:57.013 14406 14406 D AndroidRuntime: >>>>>> START com.android.internal.os.RuntimeInit uid 2000 <<<<<<
08-05 02:06:57.017 14406 14406 D AndroidRuntime: CheckJNI is OFF
08-05 02:06:57.037 13999 14213 I art     : Explicit concurrent mark sweep GC freed 1277(75KB) AllocSpace objects, 1(20KB) LOS objects, 32% free, 33MB/49MB, paused 159us total 38.749ms
08-05 02:06:57.048 14406 14406 D ICU     : No timezone override file found: /data/misc/zoneinfo/current/icu/icu_tzdata.dat
08-05 02:06:57.049 13999 14213 I art     : Starting a blocking GC Explicit
08-05 02:06:57.073 14406 14406 I Radio-JNI: register_android_hardware_Radio DONE
08-05 02:06:57.083 13999 14213 I art     : Explicit concurrent mark sweep GC freed 18(624B) AllocSpace objects, 0(0B) LOS objects, 32% free, 33MB/49MB, paused 147us total 33.747ms
08-05 02:06:57.089 14406 14406 D AndroidRuntime: Calling main entry com.android.commands.input.Input
08-05 02:06:57.091 14406 14406 I Input   : injectMotionEvent: MotionEvent { action=ACTION_DOWN, actionButton=0, id[0]=0, x[0]=1197.0, y[0]=1456.0, toolType[0]=TOOL_TYPE_UNKNOWN, buttonState=0, metaState=0, flags=0x0, edgeFlags=0x0, pointerCount=1, historySize=0, eventTime=756433504, downTime=756433504, deviceId=0, source=0x1002 }
08-05 02:06:57.095 13999 14213 I art     : Starting a blocking GC Explicit
08-05 02:06:57.097 14406 14406 I Input   : injectMotionEvent: MotionEvent { action=ACTION_UP, actionButton=0, id[0]=0, x[0]=1197.0, y[0]=1456.0, toolType[0]=TOOL_TYPE_UNKNOWN, buttonState=0, metaState=0, flags=0x0, edgeFlags=0x0, pointerCount=1, historySize=0, eventTime=756433504, downTime=756433504, deviceId=0, source=0x1002 }
08-05 02:06:57.098 14406 14406 D AndroidRuntime: Shutting down VM
08-05 02:06:57.113   512  2967 D audio_hw_primary: out_set_parameters: enter: usecase(1: low-latency-playback) kvpairs: routing=2
08-05 02:06:57.126   512  2967 D audio_hw_primary: select_devices: out_snd_device(2: speaker) in_snd_device(0: none)
08-05 02:06:57.126   512  2967 D msm8974_platform: platform_send_audio_calibration: sending audio calibration for snd_device(2) acdb_id(15)
08-05 02:06:57.127   512  2967 I soundtrigger: audio_extn_sound_trigger_update_device_status: device 0x2 of type 0 for Event 1
08-05 02:06:57.128 13999 13999 I SettingsManager: Setting string: savedCourse
08-05 02:06:57.130 13999 14213 I art     : Explicit concurrent mark sweep GC freed 2494(107KB) AllocSpace objects, 0(0B) LOS objects, 32% free, 33MB/49MB, paused 604us total 35.353ms
08-05 02:06:57.139   512  2967 D audio_hw_primary: enable_snd_device: snd_device(2: speaker)
08-05 02:06:57.139   918  3359 W BackupManagerService: dataChanged but no participant pkg='baseline.com.ak.uobtimetable' uid=10684
08-05 02:06:57.140   918  4400 I ActivityManager: START u0 {flg=0x4000000 cmp=baseline.com.ak.uobtimetable/.MainActivity (has extras)} from uid 10684 on display 0
08-05 02:06:57.141   512  2967 D audio_hw_primary: enable_audio_route: apply and update mixer path: low-latency-playback speaker
08-05 02:06:57.144 13999 14213 I art     : Starting a blocking GC Explicit
08-05 02:06:57.154   918  5481 W InputMethodManagerService: Focus gain on non-focused client com.android.internal.view.IInputMethodClient$Stub$Proxy@c23c1ef (uid=10684 pid=13999)
08-05 02:06:57.169 13999 13999 D MainActivity: OnDestroy
08-05 02:06:57.178 13999 14213 I art     : Explicit concurrent mark sweep GC freed 250(24KB) AllocSpace objects, 1(20KB) LOS objects, 32% free, 33MB/49MB, paused 266us total 34.072ms
08-05 02:06:57.186   518   646 I ThermalEngine: ACTION: GPU - Setting GPU[0] to 510000000
08-05 02:06:57.191 13999 13999 D MainActivity: onCreate
08-05 02:06:57.192 13999 13999 I SettingsManager: Getting string: savedSessions
08-05 02:06:57.192 13999 13999 I Settings: No saved sessions
08-05 02:06:57.193 13999 14213 I art     : Starting a blocking GC Explicit
08-05 02:06:57.223 13999 13999 I SettingsManager: Getting string: savedCourse
08-05 02:06:57.224 13999 13999 D MainActivity: sessionListFragmentArg: updateSessions
08-05 02:06:57.224 13999 13999 D MainActivity: showTermDatesConfigChange: false
08-05 02:06:57.224 13999 13999 D MainActivity: showTermDatesShortcut: false
08-05 02:06:57.226 13999 13999 D MainActivity: Setting initial fragment: SessionListsFragment
08-05 02:06:57.228 13999 13999 I SettingsManager: Getting int: launchCount
08-05 02:06:57.232 13999 13999 D SessionListsFragment: onCreateView
08-05 02:06:57.236 13999 14213 I art     : Explicit concurrent mark sweep GC freed 1055(70KB) AllocSpace objects, 2(1340KB) LOS objects, 32% free, 33MB/49MB, paused 581us total 42.407ms
08-05 02:06:57.246 13999 13999 I SettingsManager: Getting string: savedCourse
08-05 02:06:57.249 13999 13999 I SettingsManager: Getting string: savedSessions
08-05 02:06:57.249 13999 13999 D SessionListsFragment: loadArgument: updateSessions
08-05 02:06:57.250 13999 13999 D SessionListsFragment: initialIndex: -1
08-05 02:06:57.252 13999 14429 D HTTP    : Request for: https://uob-timetable-api.adriankeenan.co.uk/sessions?dept=BD002&course=CFIEFAAF%2F02AA%2F0%2FFT&level=ALL+Courses
08-05 02:06:57.254 13999 13999 I WebViewFactory: Loading com.google.android.webview version 84.0.4147.89 (code 414708953)
08-05 02:06:57.321 13999 13999 I cr_LibraryLoader: Loaded native library version number "84.0.4147.89"
08-05 02:06:57.322 13999 13999 I cr_CachingUmaRecorder: Flushed 5 samples from 5 histograms.
08-05 02:06:57.353 13999 13999 E chromium: [ERROR:filesystem_posix.cc(62)] mkdir /data/user/0/baseline.com.ak.uobtimetable/cache/WebView/Crashpad: No such file or directory (2)
08-05 02:06:57.433   918  3670 D ConnectivityService: listenForNetwork for Listen from uid/pid:10684/13999 for NetworkRequest [ id=3105, legacyType=-1, [ Capabilities: INTERNET&NOT_RESTRICTED&TRUSTED] ]
08-05 02:06:57.467 13999 14446 W cr_media: Requires BLUETOOTH permission
08-05 02:06:57.482 13999 14467 E libEGL  : validate_display:255 error 3008 (EGL_BAD_DISPLAY)
08-05 02:06:57.487 13999 13999 D TermDatesFragment: WebView loaded
08-05 02:06:57.487 13999 13999 D MainActivity: OnResume
08-05 02:06:57.513 13999 14011 I art     : Starting a blocking GC Explicit
08-05 02:06:57.567 13999 14011 I art     : Explicit concurrent mark sweep GC freed 17602(1321KB) AllocSpace objects, 8(356KB) LOS objects, 31% free, 35MB/51MB, paused 685us total 52.491ms
08-05 02:06:57.580 13999 14429 I NAPPA_EXPERIMENTATION: MetricNetworkRequestExecutionTime: REQUEST_DURATION_SYSTEM='326',REQUEST_DURATION_OKHTTP='53',REQUEST_SYNCHRONOUS='TRUE',RESPONSE_CODE='200',RESPONSE_METHOD='GET',RESPONSE_LENGTH_OKHTTP='-1',RESPONSE_LENGTH_HEADER='867',REQUEST_PROTOCOL='http/1.1',REQUEST_URL='https://uob-timetable-api.adriankeenan.co.uk/sessions?dept=BD002&course=CFIEFAAF%2F02AA%2F0%2FFT&level=ALL+Courses',
08-05 02:06:57.582 13999 14011 I art     : Starting a blocking GC Explicit
08-05 02:06:57.586 13999 13999 I TermDatesFragment: Webview load %: 10
08-05 02:06:57.614 13866 13866 I GoogleInputMethodServic: GoogleInputMethodService.onFinishInput():3138 
08-05 02:06:57.615   918   936 I ActivityManager: Displayed baseline.com.ak.uobtimetable/.MainActivity: +450ms
08-05 02:06:57.615 13866 13866 I GoogleInputMethodServic: GoogleInputMethodService.onStartInput():1808 
08-05 02:06:57.620 13999 14429 I HTTP    : Response was compressed.
08-05 02:06:57.624 13999 14011 I art     : Explicit concurrent mark sweep GC freed 4446(352KB) AllocSpace objects, 4(112KB) LOS objects, 31% free, 35MB/51MB, paused 529us total 42.245ms
08-05 02:06:57.635 13999 14429 I Service : getSessions response time: 1.12
08-05 02:06:57.635 13999 13999 I SettingsManager: Getting string: savedSessions
08-05 02:06:57.640 13999 14011 I art     : Starting a blocking GC Explicit
08-05 02:06:57.645 13999 13999 I SettingsManager: Setting string: savedSessions
08-05 02:06:57.652   918  4400 W BackupManagerService: dataChanged but no participant pkg='baseline.com.ak.uobtimetable' uid=10684
08-05 02:06:57.652 13999 13999 I SettingsManager: Setting date: savedSessionsTime
08-05 02:06:57.659   918  5481 W BackupManagerService: dataChanged but no participant pkg='baseline.com.ak.uobtimetable' uid=10684
08-05 02:06:57.659 13999 13999 I SettingsManager: Setting string: savedSessionsCourseName
08-05 02:06:57.665   918  5952 W BackupManagerService: dataChanged but no participant pkg='baseline.com.ak.uobtimetable' uid=10684
08-05 02:06:57.665 13999 13999 I SettingsManager: Setting string: savedSessionsDateRange
08-05 02:06:57.671   918   928 W BackupManagerService: dataChanged but no participant pkg='baseline.com.ak.uobtimetable' uid=10684
08-05 02:06:57.671 13999 13999 I SettingsManager: Setting string: timetableUrl
08-05 02:06:57.676   918  6111 W BackupManagerService: dataChanged but no participant pkg='baseline.com.ak.uobtimetable' uid=10684
08-05 02:06:57.676 13999 13999 I SettingsManager: Getting boolean: notifySessionRemindersEnabled
08-05 02:06:57.676 13999 13999 I SettingsManager: Getting int: notifySessionRemindersMinutes
08-05 02:06:57.676 13999 13999 I SettingsManager: Getting boolean: showHiddenSessions
08-05 02:06:57.679   512  2967 D audio_hw_primary: disable_audio_route: reset and update mixer path: low-latency-playback speaker
08-05 02:06:57.679   512  2967 D audio_hw_primary: disable_snd_device: snd_device(2: speaker)
08-05 02:06:57.685 13999 14011 I art     : Explicit concurrent mark sweep GC freed 10653(573KB) AllocSpace objects, 5(100KB) LOS objects, 31% free, 35MB/51MB, paused 1.447ms total 44.772ms
08-05 02:06:57.687   512  2967 I soundtrigger: audio_extn_sound_trigger_update_device_status: device 0x2 of type 0 for Event 0
08-05 02:06:57.701 13999 14011 I art     : Starting a blocking GC Explicit
08-05 02:06:57.713 13999 13999 I SessionReminderNotifier: Created session reminder alarm for f7b4771250a919bd729c1c5a4a459c77 at Mon 08:30:00 10/08/20
08-05 02:06:57.715 13999 13999 I SessionReminderNotifier: Created session reminder alarm for a7f879aabdeb78622c8820a5fb7b64cd at Tue 08:30:00 11/08/20
08-05 02:06:57.716 13999 13999 I SessionReminderNotifier: Created session reminder alarm for 7bc8d7e2c2055711f597c3d9078c6ea3 at Tue 08:30:00 11/08/20
08-05 02:06:57.717 13999 13999 I SessionReminderNotifier: Created session reminder alarm for e0fc978b5db8218778540b4053344581 at Tue 11:00:00 11/08/20
08-05 02:06:57.719 13999 13999 I SessionReminderNotifier: Created session reminder alarm for 21712fef61090882c855a1425543edb5 at Tue 13:30:00 11/08/20
08-05 02:06:57.720 13999 13999 I SessionReminderNotifier: Created session reminder alarm for 65ca4d97f031f29a4d02bbb45a705d8f at Wed 08:30:00 05/08/20
08-05 02:06:57.721 13999 13999 I SessionReminderNotifier: Created session reminder alarm for eeda7741b0bcab58fd9f46dc6ef1d942 at Wed 08:30:00 05/08/20
08-05 02:06:57.722 13999 13999 I SessionReminderNotifier: Created session reminder alarm for c276c1b2075a0beb67f1b3d1e580f920 at Wed 11:00:00 05/08/20
08-05 02:06:57.723 13999 13999 I SessionReminderNotifier: Created session reminder alarm for 79fe0b5c3b887a13ba29db5a33fa2800 at Thu 08:30:00 06/08/20
08-05 02:06:57.724 13999 13999 I SessionReminderNotifier: Created session reminder alarm for 2ba1034116e4fffdd592dbf0796a43d5 at Fri 08:30:00 07/08/20
08-05 02:06:57.725 13999 13999 I SettingsManager: Getting boolean: showHiddenSessions
08-05 02:06:57.725 13999 13999 D SessionListsFragment: 1 sessions for day 0
08-05 02:06:57.725 13999 13999 D SessionListsFragment: 4 sessions for day 1
08-05 02:06:57.725 13999 13999 D SessionListsFragment: 3 sessions for day 2
08-05 02:06:57.725 13999 13999 D SessionListsFragment: 1 sessions for day 3
08-05 02:06:57.725 13999 13999 D SessionListsFragment: 1 sessions for day 4
08-05 02:06:57.750 13999 14011 I art     : Explicit concurrent mark sweep GC freed 4775(236KB) AllocSpace objects, 0(0B) LOS objects, 31% free, 35MB/51MB, paused 1.201ms total 49.029ms
08-05 02:06:57.767 13999 14011 I art     : Starting a blocking GC Explicit
08-05 02:06:57.775 13999 13999 I SettingsManager: Getting boolean: showHiddenSessions
08-05 02:06:57.776 13999 13999 D SessionListsFragment: Refreshed ViewPager
08-05 02:06:57.776 13999 13999 I SettingsManager: Getting boolean: showHiddenSessions
08-05 02:06:57.777 13999 13999 I SettingsManager: Getting boolean: completedTutorial
08-05 02:06:57.790 13999 13999 I SettingsManager: Getting boolean: showHiddenSessions
08-05 02:06:57.791 13999 13999 I SettingsManager: Getting date: savedSessionsTime
08-05 02:06:57.825 13999 14011 I art     : Explicit concurrent mark sweep GC freed 9742(524KB) AllocSpace objects, 0(0B) LOS objects, 30% free, 35MB/51MB, paused 5.548ms total 57.699ms
08-05 02:06:58.095 13999 14010 I art     : Starting a blocking GC Explicit
08-05 02:06:58.147   918  3261 D WifiStateMachine: starting scan for "H369AA63323"WPA_PSK with 2412,5180
08-05 02:06:58.167 13999 14010 I art     : Explicit concurrent mark sweep GC freed 145538(5MB) AllocSpace objects, 4(220KB) LOS objects, 30% free, 37MB/53MB, paused 836us total 71.687ms
08-05 02:06:58.184 13999 14010 I art     : Starting a blocking GC Explicit
08-05 02:06:58.238 13999 14010 I art     : Explicit concurrent mark sweep GC freed 27579(1371KB) AllocSpace objects, 0(0B) LOS objects, 30% free, 36MB/52MB, paused 427us total 54.537ms
08-05 02:06:58.255 13999 14010 I art     : Starting a blocking GC Explicit
08-05 02:06:58.306 13999 14010 I art     : Explicit concurrent mark sweep GC freed 1476(92KB) AllocSpace objects, 0(0B) LOS objects, 30% free, 36MB/52MB, paused 575us total 50.800ms
08-05 02:06:58.310 13999 13999 I TermDatesFragment: Webview load %: 70
08-05 02:06:58.325 13999 14010 I art     : Starting a blocking GC Explicit
08-05 02:06:58.342 13999 13999 I TermDatesFragment: Webview load %: 100
08-05 02:06:58.343 13999 13999 I TermDatesFragment: Webview load %: 100
08-05 02:06:58.381 13999 14010 I art     : Explicit concurrent mark sweep GC freed 213(15KB) AllocSpace objects, 0(0B) LOS objects, 30% free, 36MB/52MB, paused 315us total 55.575ms
08-05 02:06:58.398 13999 14010 I art     : Starting a blocking GC Explicit
08-05 02:06:58.451 13999 14010 I art     : Explicit concurrent mark sweep GC freed 37(1744B) AllocSpace objects, 0(0B) LOS objects, 30% free, 36MB/52MB, paused 290us total 52.396ms
08-05 02:06:58.756 13999 14010 I art     : Starting a blocking GC Explicit
08-05 02:06:58.829 13999 14010 I art     : Explicit concurrent mark sweep GC freed 1608(90KB) AllocSpace objects, 1(20KB) LOS objects, 30% free, 36MB/52MB, paused 480us total 72.377ms
08-05 02:06:58.847 13999 14010 I art     : Starting a blocking GC Explicit
08-05 02:06:58.892 13999 14010 I art     : Explicit concurrent mark sweep GC freed 121444(11MB) AllocSpace objects, 3(136KB) LOS objects, 38% free, 25MB/41MB, paused 303us total 44.921ms
08-05 02:06:58.904 13999 14010 I art     : Starting a blocking GC Explicit
08-05 02:06:58.932 13999 14010 I art     : Explicit concurrent mark sweep GC freed 3(96B) AllocSpace objects, 0(0B) LOS objects, 38% free, 25MB/41MB, paused 286us total 28.066ms
08-05 02:06:58.943 13999 14010 I art     : Starting a blocking GC Explicit
08-05 02:06:58.970 13999 14010 I art     : Explicit concurrent mark sweep GC freed 3(96B) AllocSpace objects, 0(0B) LOS objects, 38% free, 25MB/41MB, paused 300us total 26.795ms
08-05 02:06:58.981 13999 14010 I art     : Starting a blocking GC Explicit
08-05 02:06:59.010 13999 14010 I art     : Explicit concurrent mark sweep GC freed 3(96B) AllocSpace objects, 0(0B) LOS objects, 38% free, 25MB/41MB, paused 303us total 29.427ms
08-05 02:06:59.339 13999 14213 I art     : Starting a blocking GC Explicit
08-05 02:06:59.346 10381 10381 I ServiceManager: Waiting for service AtCmdFwd...
08-05 02:06:59.376 13999 14213 I art     : Explicit concurrent mark sweep GC freed 1301(75KB) AllocSpace objects, 1(20KB) LOS objects, 38% free, 25MB/41MB, paused 315us total 36.668ms
08-05 02:06:59.394 13999 14213 I art     : Starting a blocking GC Explicit
08-05 02:06:59.429 13999 14213 I art     : Explicit concurrent mark sweep GC freed 50(1712B) AllocSpace objects, 0(0B) LOS objects, 38% free, 25MB/41MB, paused 413us total 34.607ms
08-05 02:06:59.440 13999 14213 I art     : Starting a blocking GC Explicit
08-05 02:06:59.469 13999 14213 I art     : Explicit concurrent mark sweep GC freed 34(1104B) AllocSpace objects, 0(0B) LOS objects, 38% free, 25MB/41MB, paused 281us total 28.785ms
08-05 02:06:59.480 13999 14213 I art     : Starting a blocking GC Explicit
08-05 02:06:59.510 13999 14213 I art     : Explicit concurrent mark sweep GC freed 24(768B) AllocSpace objects, 0(0B) LOS objects, 38% free, 25MB/41MB, paused 309us total 29.426ms
08-05 02:06:59.523 13999 14213 I art     : Starting a blocking GC Explicit
08-05 02:06:59.554 13999 14213 I art     : Explicit concurrent mark sweep GC freed 32(1024B) AllocSpace objects, 0(0B) LOS objects, 38% free, 25MB/41MB, paused 286us total 30.883ms
08-05 02:06:59.629   918  1209 D NetworkMonitor/NetworkAgentInfo [WIFI () - 159]: Checking http://connectivitycheck.gstatic.com/generate_204 on "H369AA63323", 192.168.2.12=192.168.2.12
08-05 02:06:59.751   918  1209 D NetworkMonitor/NetworkAgentInfo [WIFI () - 159]: Probably not a portal: exception java.io.IOException: unexpected end of stream on Connection{connectivitycheck.gstatic.com:80, proxy=HTTP@/192.168.2.12:8080 hostAddress=192.168.2.12 cipherSuite=none protocol=http/1.1} (recycle count=0)
08-05 02:06:59.752   918  3263 D ConnectivityService: NetworkAgentInfo [WIFI () - 159] validation failed
08-05 02:06:59.753   918  3261 E WifiConfigStore:  rewrite network history for "H369AA63323"WPA_PSK
08-05 02:06:59.891 13999 14213 I art     : Starting a blocking GC Explicit
08-05 02:06:59.934 13999 14213 I art     : Explicit concurrent mark sweep GC freed 1335(76KB) AllocSpace objects, 1(20KB) LOS objects, 38% free, 25MB/41MB, paused 339us total 42.761ms
08-05 02:06:59.950 13999 14213 I art     : Starting a blocking GC Explicit
08-05 02:06:59.969   918  3188 I hubconnection: sensorhub said: 'set_bias 3: -6.2400, 0.0000, 0.0000'
08-05 02:06:59.983 13999 14213 I art     : Explicit concurrent mark sweep GC freed 24(816B) AllocSpace objects, 0(0B) LOS objects, 38% free, 25MB/41MB, paused 312us total 32.970ms
08-05 02:06:59.995 13999 14213 I art     : Starting a blocking GC Explicit
08-05 02:07:00.024 13999 14213 I art     : Explicit concurrent mark sweep GC freed 8(256B) AllocSpace objects, 0(0B) LOS objects, 38% free, 25MB/41MB, paused 288us total 29.119ms
08-05 02:07:00.037 13999 14213 I art     : Starting a blocking GC Explicit
08-05 02:07:00.065 13999 14213 I art     : Explicit concurrent mark sweep GC freed 8(256B) AllocSpace objects, 0(0B) LOS objects, 38% free, 25MB/41MB, paused 279us total 28.383ms
08-05 02:07:00.076 13999 14213 I art     : Starting a blocking GC Explicit
08-05 02:07:00.103 13999 14213 I art     : Explicit concurrent mark sweep GC freed 4(128B) AllocSpace objects, 0(0B) LOS objects, 38% free, 25MB/41MB, paused 280us total 27.151ms
08-05 02:07:00.346 10381 10381 I ServiceManager: Waiting for service AtCmdFwd...
08-05 02:07:00.431 13999 14011 I art     : Starting a blocking GC Explicit
08-05 02:07:00.470 13999 14011 I art     : Explicit concurrent mark sweep GC freed 1294(75KB) AllocSpace objects, 1(20KB) LOS objects, 38% free, 25MB/41MB, paused 336us total 38.240ms
08-05 02:07:00.486 13999 14011 I art     : Starting a blocking GC Explicit
08-05 02:07:00.516 13999 14011 I art     : Explicit concurrent mark sweep GC freed 18(624B) AllocSpace objects, 0(0B) LOS objects, 38% free, 25MB/41MB, paused 301us total 29.308ms
08-05 02:07:00.527 13999 14011 I art     : Starting a blocking GC Explicit
08-05 02:07:00.556 13999 14011 I art     : Explicit concurrent mark sweep GC freed 3(96B) AllocSpace objects, 0(0B) LOS objects, 38% free, 25MB/41MB, paused 297us total 28.883ms
08-05 02:07:00.568 13999 14011 I art     : Starting a blocking GC Explicit
08-05 02:07:00.598 13999 14011 I art     : Explicit concurrent mark sweep GC freed 3(96B) AllocSpace objects, 0(0B) LOS objects, 38% free, 25MB/41MB, paused 312us total 30.179ms
08-05 02:07:00.610 13999 14011 I art     : Starting a blocking GC Explicit
08-05 02:07:00.640 13999 14011 I art     : Explicit concurrent mark sweep GC freed 3(96B) AllocSpace objects, 0(0B) LOS objects, 38% free, 25MB/41MB, paused 281us total 29.413ms
08-05 02:07:00.967 13999 14385 I art     : Starting a blocking GC Explicit
08-05 02:07:01.010 13999 14385 I art     : Explicit concurrent mark sweep GC freed 1293(75KB) AllocSpace objects, 1(20KB) LOS objects, 38% free, 25MB/41MB, paused 326us total 41.999ms
08-05 02:07:01.026 13999 14385 I art     : Starting a blocking GC Explicit
08-05 02:07:01.039 23763 23763 I Finsky  : [1] xow.onStartJob(3): SCH: onJobSchedulerWakeup with jobId 9016
08-05 02:07:01.050 23763 23763 I Finsky  : [1] xjw.a(9): Scheduling fallback in 43199997 (absolute: 1783024922)
08-05 02:07:01.053 13999 14385 I art     : Explicit concurrent mark sweep GC freed 18(624B) AllocSpace objects, 0(0B) LOS objects, 38% free, 25MB/41MB, paused 279us total 27.401ms
08-05 02:07:01.054 23763 23763 I Finsky  : [1] xjw.a(9): Scheduling fallback in 64799996 (absolute: 1804624925)
08-05 02:07:01.062 23763 23763 I Finsky  : [1] xow.onStartJob(3): SCH: onJobSchedulerWakeup with jobId 9011
08-05 02:07:01.063 13999 14385 I art     : Starting a blocking GC Explicit
08-05 02:07:01.071 23763 23763 I Finsky  : [1] xjw.a(9): Scheduling fallback in 43199992 (absolute: 1783024938)
08-05 02:07:01.074 23763 23763 I Finsky  : [1] xjw.a(9): Scheduling fallback in 64799998 (absolute: 1804624946)
08-05 02:07:01.077 23763 23763 W Finsky  : [1] xow.onStartJob(9): SCH: onJobSchedulerWakeup while already running
08-05 02:07:01.089 13999 14385 I art     : Explicit concurrent mark sweep GC freed 3(96B) AllocSpace objects, 0(0B) LOS objects, 38% free, 25MB/41MB, paused 297us total 25.379ms
08-05 02:07:01.100 13999 14385 I art     : Starting a blocking GC Explicit
08-05 02:07:01.127 13999 14385 I art     : Explicit concurrent mark sweep GC freed 3(96B) AllocSpace objects, 0(0B) LOS objects, 38% free, 25MB/41MB, paused 269us total 26.795ms
08-05 02:07:01.137 13999 14385 I art     : Starting a blocking GC Explicit
08-05 02:07:01.167 13999 14385 I art     : Explicit concurrent mark sweep GC freed 3(96B) AllocSpace objects, 0(0B) LOS objects, 38% free, 25MB/41MB, paused 294us total 29.245ms
08-05 02:07:01.198 23763 23763 I Finsky  : [1] xkf.handleMessage(8): SCH: DeviceState: DeviceState{currentTime=1596586021192, isCharging=false, isIdle=false, netAny=true, netNotRoaming=true, netUnmetered=true, batteryPercent=100.0}
08-05 02:07:01.205 23763 13970 I Finsky  : [6126] xmu.a(8): SCH: Jobs in database: 1-1337 3-199 3-200 12-1 24-77777777 26-1414141414 
08-05 02:07:01.212 23763 23763 I Finsky  : [1] xkg.a(16): SCH: Running job: 12-1
08-05 02:07:01.213 23763 23763 I Finsky  : [1] ContentSyncJob.a(16): [ContentSync] job started
08-05 02:07:01.214 23763 23763 I Finsky  : [1] xkf.handleMessage(61): SCH: RunningQueue size: 1, PendingQueue size: 0
08-05 02:07:01.214 23763 23763 I Finsky  : [1] xkf.handleMessage(64): SCH: Running queue: 12-1 
08-05 02:07:01.303 23763 13991 I Finsky  : [6133] dzn.a(22): Completed 0 account content syncs with 0 successful.
08-05 02:07:01.304 23763 23763 I Finsky  : [1] ContentSyncJob.a(1): [ContentSync] Installation state replication succeeded.
08-05 02:07:01.304 23763 23763 I Finsky  : [1] xlr.a(13): SCH: jobFinished: 12-1. TimeElapsed: 92ms.
08-05 02:07:01.305 23763 23763 I Finsky  : [1] xkg.a(36): SCH: Job 12-1 finished. Not rescheduling.
08-05 02:07:01.305 23763 23763 I Finsky  : [1] xkf.handleMessage(61): SCH: RunningQueue size: 0, PendingQueue size: 0
08-05 02:07:01.306 23763 23763 I Finsky  : [1] xkf.handleMessage(25): Executor finished
08-05 02:07:01.342 23763 23763 I Finsky  : [1] xmu.a(8): SCH: Jobs in database: 1-1337 3-199 3-200 24-77777777 26-1414141414 
08-05 02:07:01.346 23763 23763 I Finsky  : [1] xio.a(57): SCH: ConstraintMapping: 24-77777777,  -> L: 0ms, D: 68579175ms, C: false, I: true, N: 0
08-05 02:07:01.348 23763 23763 I Finsky  : [1] xio.a(57): SCH: ConstraintMapping: 1-1337,  -> L: 9972196ms, D: 28731565ms, C: false, I: false, N: 1
08-05 02:07:01.349 10381 10381 I ServiceManager: Waiting for service AtCmdFwd...
08-05 02:07:01.350 23763 23763 I Finsky  : [1] xio.a(57): SCH: ConstraintMapping: 3-199,  -> L: 0ms, D: 80171908ms, C: false, I: true, N: 2
08-05 02:07:01.351 23763 23763 I Finsky  : [1] xio.a(57): SCH: ConstraintMapping: 3-200,  -> L: 0ms, D: 80172014ms, C: true, I: true, N: 2
08-05 02:07:01.351 23763 23763 I Finsky  : [1] xio.a(57): SCH: ConstraintMapping: 26-1414141414,  -> L: 33369048ms, D: 34269048ms, C: false, I: false, N: 0
08-05 02:07:01.370 23763 23763 I Finsky  : [1] xle.a(34): Cancelling existing jobscheduler jobs: 9015 9019 9014 9000 9018 9012 9013 9017 
08-05 02:07:01.370 23763 23763 I Finsky  : [1] xle.a(10): Throttling wakeup for job 9001 (expected to run in 0 ms) due to recent wakeup
08-05 02:07:01.370 23763 23763 I Finsky  : [1] xle.a(27): Scheduling job Id: 9001, L: 30000, D: 68579175, C: false, I: true, N: 0
08-05 02:07:01.373 23763 23763 I Finsky  : [1] xle.a(27): Scheduling job Id: 9002, L: 9972196, D: 28731565, C: false, I: false, N: 1
08-05 02:07:01.375 23763 23763 I Finsky  : [1] xle.a(10): Throttling wakeup for job 9003 (expected to run in 0 ms) due to recent wakeup
08-05 02:07:01.375 23763 23763 I Finsky  : [1] xle.a(27): Scheduling job Id: 9003, L: 30000, D: 80171908, C: false, I: true, N: 2
08-05 02:07:01.377 23763 23763 I Finsky  : [1] xle.a(10): Throttling wakeup for job 9004 (expected to run in 0 ms) due to recent wakeup
08-05 02:07:01.377 23763 23763 I Finsky  : [1] xle.a(27): Scheduling job Id: 9004, L: 30000, D: 80172014, C: true, I: true, N: 2
08-05 02:07:01.379 23763 23763 I Finsky  : [1] xle.a(27): Scheduling job Id: 9005, L: 33369048, D: 34269048, C: false, I: false, N: 0
08-05 02:07:01.381 23763 23763 I Finsky  : [1] xle.a(10): Throttling wakeup for job 9006 (expected to run in 0 ms) due to recent wakeup
08-05 02:07:01.381 23763 23763 I Finsky  : [1] xle.a(27): Scheduling job Id: 9006, L: 30000, D: 68579175, C: false, I: true, N: 0
08-05 02:07:01.384 23763 23763 I Finsky  : [1] xle.a(27): Scheduling job Id: 9007, L: 9972196, D: 28731565, C: false, I: false, N: 1
08-05 02:07:01.385 23763 23763 I Finsky  : [1] xle.a(10): Throttling wakeup for job 9008 (expected to run in 0 ms) due to recent wakeup
08-05 02:07:01.386 23763 23763 I Finsky  : [1] xle.a(27): Scheduling job Id: 9008, L: 30000, D: 80171908, C: false, I: true, N: 2
08-05 02:07:01.388 23763 23763 I Finsky  : [1] xle.a(10): Throttling wakeup for job 9009 (expected to run in 0 ms) due to recent wakeup
08-05 02:07:01.388 23763 23763 I Finsky  : [1] xle.a(27): Scheduling job Id: 9009, L: 30000, D: 80172014, C: true, I: true, N: 2
08-05 02:07:01.390 23763 23763 I Finsky  : [1] xle.a(27): Scheduling job Id: 9010, L: 33369048, D: 34269048, C: false, I: false, N: 0
08-05 02:07:01.436 13999 14385 I art     : Starting a blocking GC Explicit
08-05 02:07:01.464 13999 14385 I art     : Explicit concurrent mark sweep GC freed 1313(76KB) AllocSpace objects, 1(20KB) LOS objects, 38% free, 25MB/41MB, paused 358us total 27.971ms
08-05 02:07:01.476 13999 14385 I art     : Starting a blocking GC Explicit
08-05 02:07:01.505 13999 14385 I art     : Explicit concurrent mark sweep GC freed 22(752B) AllocSpace objects, 0(0B) LOS objects, 38% free, 25MB/41MB, paused 305us total 28.641ms
08-05 02:07:01.517 13999 14385 I art     : Starting a blocking GC Explicit
08-05 02:07:01.545 13999 14385 I art     : Explicit concurrent mark sweep GC freed 26(1024B) AllocSpace objects, 0(0B) LOS objects, 38% free, 25MB/41MB, paused 299us total 27.930ms
08-05 02:07:01.556 13999 14385 I art     : Starting a blocking GC Explicit
08-05 02:07:01.584 13999 14385 I art     : Explicit concurrent mark sweep GC freed 55(1696B) AllocSpace objects, 0(0B) LOS objects, 38% free, 25MB/41MB, paused 311us total 27.830ms
08-05 02:07:01.596 13999 14385 I art     : Starting a blocking GC Explicit
08-05 02:07:01.622 13999 14385 I art     : Explicit concurrent mark sweep GC freed 7(384B) AllocSpace objects, 0(0B) LOS objects, 38% free, 25MB/41MB, paused 292us total 25.530ms
08-05 02:07:01.751 14544 14544 D AndroidRuntime: >>>>>> START com.android.internal.os.RuntimeInit uid 2000 <<<<<<
08-05 02:07:01.756 14544 14544 D AndroidRuntime: CheckJNI is OFF
08-05 02:07:01.787 14544 14544 D ICU     : No timezone override file found: /data/misc/zoneinfo/current/icu/icu_tzdata.dat
08-05 02:07:01.819 14544 14544 I Radio-JNI: register_android_hardware_Radio DONE
08-05 02:07:01.841 14544 14544 D AndroidRuntime: Calling main entry com.android.commands.input.Input
08-05 02:07:01.843 14544 14544 I Input   : injectMotionEvent: MotionEvent { action=ACTION_DOWN, actionButton=0, id[0]=0, x[0]=1215.0, y[0]=1450.0, toolType[0]=TOOL_TYPE_UNKNOWN, buttonState=0, metaState=0, flags=0x0, edgeFlags=0x0, pointerCount=1, historySize=0, eventTime=756438255, downTime=756438255, deviceId=0, source=0x1002 }
08-05 02:07:01.848 14544 14544 I Input   : injectMotionEvent: MotionEvent { action=ACTION_UP, actionButton=0, id[0]=0, x[0]=1215.0, y[0]=1450.0, toolType[0]=TOOL_TYPE_UNKNOWN, buttonState=0, metaState=0, flags=0x0, edgeFlags=0x0, pointerCount=1, historySize=0, eventTime=756438255, downTime=756438255, deviceId=0, source=0x1002 }
08-05 02:07:01.849 14544 14544 D AndroidRuntime: Shutting down VM
08-05 02:07:01.868   512  2967 D audio_hw_primary: out_set_parameters: enter: usecase(1: low-latency-playback) kvpairs: routing=2
08-05 02:07:01.881   512  2967 D audio_hw_primary: select_devices: out_snd_device(2: speaker) in_snd_device(0: none)
08-05 02:07:01.881   512  2967 D msm8974_platform: platform_send_audio_calibration: sending audio calibration for snd_device(2) acdb_id(15)
08-05 02:07:01.881   512  2967 I soundtrigger: audio_extn_sound_trigger_update_device_status: device 0x2 of type 0 for Event 1
08-05 02:07:01.895   512  2967 D audio_hw_primary: enable_snd_device: snd_device(2: speaker)
08-05 02:07:01.897   512  2967 D audio_hw_primary: enable_audio_route: apply and update mixer path: low-latency-playback speaker
08-05 02:07:01.919 13999 14010 I art     : Starting a blocking GC Explicit
08-05 02:07:01.950 13999 14010 I art     : Explicit concurrent mark sweep GC freed 1849(120KB) AllocSpace objects, 1(20KB) LOS objects, 38% free, 25MB/41MB, paused 367us total 30.842ms
08-05 02:07:01.962 13999 14010 I art     : Starting a blocking GC Explicit
08-05 02:07:01.992 13999 14010 I art     : Explicit concurrent mark sweep GC freed 222(13KB) AllocSpace objects, 0(0B) LOS objects, 38% free, 25MB/41MB, paused 389us total 29.909ms
08-05 02:07:02.003 13999 14010 I art     : Starting a blocking GC Explicit
08-05 02:07:02.031 13999 14010 I art     : Explicit concurrent mark sweep GC freed 831(60KB) AllocSpace objects, 1(40KB) LOS objects, 38% free, 25MB/41MB, paused 317us total 27.777ms
08-05 02:07:02.043 13999 14010 I art     : Starting a blocking GC Explicit
08-05 02:07:02.071 13999 14010 I art     : Explicit concurrent mark sweep GC freed 3(96B) AllocSpace objects, 0(0B) LOS objects, 38% free, 25MB/41MB, paused 293us total 27.867ms
08-05 02:07:02.083 13999 14010 I art     : Starting a blocking GC Explicit
08-05 02:07:02.112 13999 14010 I art     : Explicit concurrent mark sweep GC freed 3(96B) AllocSpace objects, 0(0B) LOS objects, 38% free, 25MB/41MB, paused 299us total 28.939ms
08-05 02:07:02.350 10381 10381 I ServiceManager: Waiting for service AtCmdFwd...
08-05 02:07:02.390 13999 14213 I art     : Starting a blocking GC Explicit
08-05 02:07:02.424 13999 14213 I art     : Explicit concurrent mark sweep GC freed 1294(75KB) AllocSpace objects, 1(20KB) LOS objects, 38% free, 25MB/41MB, paused 352us total 33.005ms
08-05 02:07:02.440   512  2967 D audio_hw_primary: disable_audio_route: reset and update mixer path: low-latency-playback speaker
08-05 02:07:02.441   512  2967 D audio_hw_primary: disable_snd_device: snd_device(2: speaker)
08-05 02:07:02.442 13999 14213 I art     : Starting a blocking GC Explicit
08-05 02:07:02.449   512  2967 I soundtrigger: audio_extn_sound_trigger_update_device_status: device 0x2 of type 0 for Event 0
08-05 02:07:02.471 13999 14213 I art     : Explicit concurrent mark sweep GC freed 18(624B) AllocSpace objects, 0(0B) LOS objects, 38% free, 25MB/41MB, paused 319us total 27.964ms
08-05 02:07:02.482 13999 14213 I art     : Starting a blocking GC Explicit
08-05 02:07:02.510 13999 14213 I art     : Explicit concurrent mark sweep GC freed 3(96B) AllocSpace objects, 0(0B) LOS objects, 38% free, 25MB/41MB, paused 312us total 28.316ms
08-05 02:07:02.521 13999 14213 I art     : Starting a blocking GC Explicit
08-05 02:07:02.550 13999 14213 I art     : Explicit concurrent mark sweep GC freed 3(96B) AllocSpace objects, 0(0B) LOS objects, 38% free, 25MB/41MB, paused 315us total 28.376ms
08-05 02:07:02.561 13999 14213 I art     : Starting a blocking GC Explicit
08-05 02:07:02.590 13999 14213 I art     : Explicit concurrent mark sweep GC freed 3(96B) AllocSpace objects, 0(0B) LOS objects, 38% free, 25MB/41MB, paused 319us total 29.099ms
08-05 02:07:02.591 13999 14009 I art     : WaitForGcToComplete blocked for 23.626ms for cause HeapTrim
08-05 02:07:02.878 13999 14385 I art     : Starting a blocking GC Explicit
08-05 02:07:02.917 13999 14385 I art     : Explicit concurrent mark sweep GC freed 1295(75KB) AllocSpace objects, 1(20KB) LOS objects, 38% free, 25MB/41MB, paused 344us total 37.980ms
08-05 02:07:02.933 13999 14385 I art     : Starting a blocking GC Explicit
08-05 02:07:02.963 13999 14385 I art     : Explicit concurrent mark sweep GC freed 18(624B) AllocSpace objects, 0(0B) LOS objects, 38% free, 25MB/41MB, paused 319us total 30.627ms
08-05 02:07:02.975 13999 14385 I art     : Starting a blocking GC Explicit
08-05 02:07:03.005 13999 14385 I art     : Explicit concurrent mark sweep GC freed 3(96B) AllocSpace objects, 0(0B) LOS objects, 38% free, 25MB/41MB, paused 320us total 29.410ms
08-05 02:07:03.017 13999 14385 I art     : Starting a blocking GC Explicit
08-05 02:07:03.047 13999 14385 I art     : Explicit concurrent mark sweep GC freed 3(96B) AllocSpace objects, 0(0B) LOS objects, 38% free, 25MB/41MB, paused 325us total 30.017ms
08-05 02:07:03.058 13999 14385 I art     : Starting a blocking GC Explicit
08-05 02:07:03.087 13999 14385 I art     : Explicit concurrent mark sweep GC freed 3(96B) AllocSpace objects, 0(0B) LOS objects, 38% free, 25MB/41MB, paused 322us total 28.868ms
08-05 02:07:03.350 10381 10381 I ServiceManager: Waiting for service AtCmdFwd...
08-05 02:07:03.364 13999 14010 I art     : Starting a blocking GC Explicit
08-05 02:07:03.395 13999 14010 I art     : Explicit concurrent mark sweep GC freed 1293(75KB) AllocSpace objects, 1(20KB) LOS objects, 38% free, 25MB/41MB, paused 326us total 30.282ms
08-05 02:07:03.407 13999 14010 I art     : Starting a blocking GC Explicit
08-05 02:07:03.436 13999 14010 I art     : Explicit concurrent mark sweep GC freed 18(624B) AllocSpace objects, 0(0B) LOS objects, 38% free, 25MB/41MB, paused 316us total 29.670ms
08-05 02:07:03.449 13999 14010 I art     : Starting a blocking GC Explicit
08-05 02:07:03.477 13999 14010 I art     : Explicit concurrent mark sweep GC freed 3(96B) AllocSpace objects, 0(0B) LOS objects, 38% free, 25MB/41MB, paused 316us total 28.107ms
08-05 02:07:03.488 13999 14010 I art     : Starting a blocking GC Explicit
08-05 02:07:03.495 14594 14594 D AndroidRuntime: >>>>>> START com.android.internal.os.RuntimeInit uid 2000 <<<<<<
08-05 02:07:03.499 14594 14594 D AndroidRuntime: CheckJNI is OFF
08-05 02:07:03.518 13999 14010 I art     : Explicit concurrent mark sweep GC freed 5(160B) AllocSpace objects, 0(0B) LOS objects, 38% free, 25MB/41MB, paused 316us total 29.919ms
08-05 02:07:03.532 13999 14010 I art     : Starting a blocking GC Explicit
08-05 02:07:03.540 14594 14594 D ICU     : No timezone override file found: /data/misc/zoneinfo/current/icu/icu_tzdata.dat
08-05 02:07:03.560 13999 14010 I art     : Explicit concurrent mark sweep GC freed 7(224B) AllocSpace objects, 0(0B) LOS objects, 38% free, 25MB/41MB, paused 297us total 27.583ms
08-05 02:07:03.576 14594 14594 I Radio-JNI: register_android_hardware_Radio DONE
08-05 02:07:03.597 14594 14594 D AndroidRuntime: Calling main entry com.android.commands.input.Input
08-05 02:07:03.599 14594 14594 I Input   : injectMotionEvent: MotionEvent { action=ACTION_DOWN, actionButton=0, id[0]=0, x[0]=1215.0, y[0]=1482.0, toolType[0]=TOOL_TYPE_UNKNOWN, buttonState=0, metaState=0, flags=0x0, edgeFlags=0x0, pointerCount=1, historySize=0, eventTime=756440012, downTime=756440012, deviceId=0, source=0x1002 }
08-05 02:07:03.605 14594 14594 I Input   : injectMotionEvent: MotionEvent { action=ACTION_UP, actionButton=0, id[0]=0, x[0]=1215.0, y[0]=1482.0, toolType[0]=TOOL_TYPE_UNKNOWN, buttonState=0, metaState=0, flags=0x0, edgeFlags=0x0, pointerCount=1, historySize=0, eventTime=756440012, downTime=756440012, deviceId=0, source=0x1002 }
08-05 02:07:03.606 14594 14594 D AndroidRuntime: Shutting down VM
08-05 02:07:03.622   512  2967 D audio_hw_primary: out_set_parameters: enter: usecase(1: low-latency-playback) kvpairs: routing=2
08-05 02:07:03.634 13999 13999 I SettingsManager: Setting boolean: completedTutorial
08-05 02:07:03.635   512  2967 D audio_hw_primary: select_devices: out_snd_device(2: speaker) in_snd_device(0: none)
08-05 02:07:03.635   512  2967 D msm8974_platform: platform_send_audio_calibration: sending audio calibration for snd_device(2) acdb_id(15)
08-05 02:07:03.635   512  2967 I soundtrigger: audio_extn_sound_trigger_update_device_status: device 0x2 of type 0 for Event 1
08-05 02:07:03.642   918  3359 W BackupManagerService: dataChanged but no participant pkg='baseline.com.ak.uobtimetable' uid=10684
08-05 02:07:03.646 13999 14018 D OpenGLRenderer: endAllStagingAnimators on 0x7f94abac00 (RippleDrawable) with handle 0x7f7a87e840
08-05 02:07:03.647   512  2967 D audio_hw_primary: enable_snd_device: snd_device(2: speaker)
08-05 02:07:03.650   512  2967 D audio_hw_primary: enable_audio_route: apply and update mixer path: low-latency-playback speaker
08-05 02:07:03.653   918  5481 W InputMethodManagerService: Window already focused, ignoring focus gain of: com.android.internal.view.IInputMethodClient$Stub$Proxy@26ae09a attribute=null, token = android.os.BinderProxy@23e3230
08-05 02:07:03.806 13999 14213 I art     : Starting a blocking GC Explicit
08-05 02:07:03.832 13999 14213 I art     : Explicit concurrent mark sweep GC freed 1748(109KB) AllocSpace objects, 2(40KB) LOS objects, 38% free, 25MB/41MB, paused 315us total 25.860ms
08-05 02:07:03.843 13999 14213 I art     : Starting a blocking GC Explicit
08-05 02:07:03.869 13999 14213 I art     : Explicit concurrent mark sweep GC freed 1024(69KB) AllocSpace objects, 1(40KB) LOS objects, 38% free, 25MB/41MB, paused 281us total 25.642ms
08-05 02:07:03.880 13999 14213 I art     : Starting a blocking GC Explicit
08-05 02:07:03.904 13999 14213 I art     : Explicit concurrent mark sweep GC freed 3(96B) AllocSpace objects, 0(0B) LOS objects, 38% free, 25MB/41MB, paused 277us total 24.297ms
08-05 02:07:03.914 13999 14213 I art     : Starting a blocking GC Explicit
08-05 02:07:03.940 13999 14213 I art     : Explicit concurrent mark sweep GC freed 3(96B) AllocSpace objects, 0(0B) LOS objects, 38% free, 25MB/41MB, paused 327us total 25.891ms
08-05 02:07:03.951 13999 14213 I art     : Starting a blocking GC Explicit
08-05 02:07:03.977 13999 14213 I art     : Explicit concurrent mark sweep GC freed 3(96B) AllocSpace objects, 0(0B) LOS objects, 38% free, 25MB/41MB, paused 330us total 26.582ms
08-05 02:07:04.198   512  2967 D audio_hw_primary: disable_audio_route: reset and update mixer path: low-latency-playback speaker
08-05 02:07:04.200   512  2967 D audio_hw_primary: disable_snd_device: snd_device(2: speaker)
08-05 02:07:04.207   512  2967 I soundtrigger: audio_extn_sound_trigger_update_device_status: device 0x2 of type 0 for Event 0
08-05 02:07:04.271 13999 14010 I art     : Starting a blocking GC Explicit
08-05 02:07:04.310 13999 14010 I art     : Explicit concurrent mark sweep GC freed 1293(75KB) AllocSpace objects, 1(20KB) LOS objects, 38% free, 25MB/41MB, paused 350us total 38.147ms
08-05 02:07:04.324 13999 14010 I art     : Starting a blocking GC Explicit
08-05 02:07:04.350 10381 10381 W Atfwd_Sendcmd: AtCmdFwd service not published, waiting... retryCnt : 4
08-05 02:07:04.354 13999 14010 I art     : Explicit concurrent mark sweep GC freed 18(624B) AllocSpace objects, 0(0B) LOS objects, 38% free, 25MB/41MB, paused 308us total 29.448ms
08-05 02:07:04.366 13999 14010 I art     : Starting a blocking GC Explicit
08-05 02:07:04.395 13999 14010 I art     : Explicit concurrent mark sweep GC freed 3(96B) AllocSpace objects, 0(0B) LOS objects, 38% free, 25MB/41MB, paused 314us total 28.763ms
08-05 02:07:04.406 13999 14010 I art     : Starting a blocking GC Explicit
08-05 02:07:04.435 13999 14010 I art     : Explicit concurrent mark sweep GC freed 3(96B) AllocSpace objects, 0(0B) LOS objects, 38% free, 25MB/41MB, paused 311us total 28.739ms
08-05 02:07:04.446 13999 14010 I art     : Starting a blocking GC Explicit
08-05 02:07:04.476 13999 14010 I art     : Explicit concurrent mark sweep GC freed 3(96B) AllocSpace objects, 0(0B) LOS objects, 38% free, 25MB/41MB, paused 343us total 29.235ms
08-05 02:07:04.774 13999 14385 I art     : Starting a blocking GC Explicit
08-05 02:07:04.817 13999 14385 I art     : Explicit concurrent mark sweep GC freed 1293(75KB) AllocSpace objects, 1(20KB) LOS objects, 38% free, 25MB/41MB, paused 421us total 42.601ms
08-05 02:07:04.832 13999 14385 I art     : Starting a blocking GC Explicit
08-05 02:07:04.861 13999 14385 I art     : Explicit concurrent mark sweep GC freed 18(624B) AllocSpace objects, 0(0B) LOS objects, 38% free, 25MB/41MB, paused 327us total 28.474ms
08-05 02:07:04.872 13999 14385 I art     : Starting a blocking GC Explicit
08-05 02:07:04.899 13999 14385 I art     : Explicit concurrent mark sweep GC freed 3(96B) AllocSpace objects, 0(0B) LOS objects, 38% free, 25MB/41MB, paused 332us total 27.584ms
08-05 02:07:04.910 13999 14385 I art     : Starting a blocking GC Explicit
08-05 02:07:04.938 13999 14385 I art     : Explicit concurrent mark sweep GC freed 3(96B) AllocSpace objects, 0(0B) LOS objects, 38% free, 25MB/41MB, paused 328us total 27.540ms
08-05 02:07:04.950 13999 14385 I art     : Starting a blocking GC Explicit
08-05 02:07:04.977 13999 14385 I art     : Explicit concurrent mark sweep GC freed 3(96B) AllocSpace objects, 0(0B) LOS objects, 38% free, 25MB/41MB, paused 435us total 27.289ms
08-05 02:07:05.261 14648 14648 D AndroidRuntime: >>>>>> START com.android.internal.os.RuntimeInit uid 2000 <<<<<<
08-05 02:07:05.264 13999 14011 I art     : Starting a blocking GC Explicit
08-05 02:07:05.266 14648 14648 D AndroidRuntime: CheckJNI is OFF
08-05 02:07:05.294 13999 14011 I art     : Explicit concurrent mark sweep GC freed 1293(75KB) AllocSpace objects, 1(20KB) LOS objects, 38% free, 25MB/41MB, paused 343us total 29.697ms
08-05 02:07:05.304 14648 14648 D ICU     : No timezone override file found: /data/misc/zoneinfo/current/icu/icu_tzdata.dat
08-05 02:07:05.305 13999 14011 I art     : Starting a blocking GC Explicit
08-05 02:07:05.333 13999 14011 I art     : Explicit concurrent mark sweep GC freed 18(624B) AllocSpace objects, 0(0B) LOS objects, 38% free, 25MB/41MB, paused 330us total 27.617ms
08-05 02:07:05.338 14648 14648 I Radio-JNI: register_android_hardware_Radio DONE
08-05 02:07:05.344 13999 14011 I art     : Starting a blocking GC Explicit
08-05 02:07:05.361 14648 14648 D AndroidRuntime: Calling main entry com.android.commands.input.Input
08-05 02:07:05.363 14648 14648 I Input   : injectMotionEvent: MotionEvent { action=ACTION_DOWN, actionButton=0, id[0]=0, x[0]=81.0, y[0]=176.0, toolType[0]=TOOL_TYPE_UNKNOWN, buttonState=0, metaState=0, flags=0x0, edgeFlags=0x0, pointerCount=1, historySize=0, eventTime=756441776, downTime=756441776, deviceId=0, source=0x1002 }
08-05 02:07:05.369 14648 14648 I Input   : injectMotionEvent: MotionEvent { action=ACTION_UP, actionButton=0, id[0]=0, x[0]=81.0, y[0]=176.0, toolType[0]=TOOL_TYPE_UNKNOWN, buttonState=0, metaState=0, flags=0x0, edgeFlags=0x0, pointerCount=1, historySize=0, eventTime=756441776, downTime=756441776, deviceId=0, source=0x1002 }
08-05 02:07:05.370 13999 14011 I art     : Explicit concurrent mark sweep GC freed 3(96B) AllocSpace objects, 0(0B) LOS objects, 38% free, 25MB/41MB, paused 302us total 26.571ms
08-05 02:07:05.371 14648 14648 D AndroidRuntime: Shutting down VM
08-05 02:07:05.381 13999 14011 I art     : Starting a blocking GC Explicit
08-05 02:07:05.386   512  2967 D audio_hw_primary: out_set_parameters: enter: usecase(1: low-latency-playback) kvpairs: routing=2
08-05 02:07:05.400   512  2967 D audio_hw_primary: select_devices: out_snd_device(2: speaker) in_snd_device(0: none)
08-05 02:07:05.400   512  2967 D msm8974_platform: platform_send_audio_calibration: sending audio calibration for snd_device(2) acdb_id(15)
08-05 02:07:05.400   512  2967 I soundtrigger: audio_extn_sound_trigger_update_device_status: device 0x2 of type 0 for Event 1
08-05 02:07:05.409 13999 14011 I art     : Explicit concurrent mark sweep GC freed 43(1488B) AllocSpace objects, 0(0B) LOS objects, 38% free, 25MB/41MB, paused 365us total 27.603ms
08-05 02:07:05.413   512  2967 D audio_hw_primary: enable_snd_device: snd_device(2: speaker)
08-05 02:07:05.415   512  2967 D audio_hw_primary: enable_audio_route: apply and update mixer path: low-latency-playback speaker
08-05 02:07:05.419 13999 14011 I art     : Starting a blocking GC Explicit
08-05 02:07:05.439 13866 13866 I GoogleInputMethodServic: GoogleInputMethodService.onFinishInput():3138 
08-05 02:07:05.440 13866 13866 I GoogleInputMethodServic: GoogleInputMethodService.onStartInput():1808 
08-05 02:07:05.446 13999 14011 I art     : Explicit concurrent mark sweep GC freed 17(848B) AllocSpace objects, 0(0B) LOS objects, 38% free, 25MB/41MB, paused 375us total 26.363ms
08-05 02:07:05.502 13999 13999 D SessionListsFragment: Fired refresh session list handler
08-05 02:07:05.699 13999 14011 I art     : Starting a blocking GC Explicit
08-05 02:07:05.740 13999 14011 I art     : Explicit concurrent mark sweep GC freed 94074(3MB) AllocSpace objects, 1(20KB) LOS objects, 38% free, 25MB/41MB, paused 407us total 40.419ms
08-05 02:07:05.752 13999 14011 I art     : Starting a blocking GC Explicit
08-05 02:07:05.782 13999 14011 I art     : Explicit concurrent mark sweep GC freed 2309(216KB) AllocSpace objects, 0(0B) LOS objects, 38% free, 25MB/41MB, paused 319us total 30.063ms
08-05 02:07:05.793 13999 14011 I art     : Starting a blocking GC Explicit
08-05 02:07:05.820 13999 14011 I art     : Explicit concurrent mark sweep GC freed 10617(438KB) AllocSpace objects, 0(0B) LOS objects, 38% free, 25MB/41MB, paused 396us total 26.851ms
08-05 02:07:05.831 13999 14011 I art     : Starting a blocking GC Explicit
08-05 02:07:05.856 13999 14011 I art     : Explicit concurrent mark sweep GC freed 3(96B) AllocSpace objects, 0(0B) LOS objects, 38% free, 25MB/41MB, paused 279us total 24.998ms
08-05 02:07:05.866 13999 14011 I art     : Starting a blocking GC Explicit
08-05 02:07:05.892 13999 14011 I art     : Explicit concurrent mark sweep GC freed 3(96B) AllocSpace objects, 0(0B) LOS objects, 38% free, 25MB/41MB, paused 304us total 25.389ms
08-05 02:07:05.949   512  2967 D audio_hw_primary: disable_audio_route: reset and update mixer path: low-latency-playback speaker
08-05 02:07:05.950   512  2967 D audio_hw_primary: disable_snd_device: snd_device(2: speaker)
08-05 02:07:05.958   512  2967 I soundtrigger: audio_extn_sound_trigger_update_device_status: device 0x2 of type 0 for Event 0
08-05 02:07:06.190 13999 14213 I art     : Starting a blocking GC Explicit
08-05 02:07:06.228 13999 14213 I art     : Explicit concurrent mark sweep GC freed 1293(75KB) AllocSpace objects, 1(20KB) LOS objects, 38% free, 25MB/41MB, paused 476us total 38.468ms
08-05 02:07:06.243 13999 14213 I art     : Starting a blocking GC Explicit
08-05 02:07:06.273 13999 14213 I art     : Explicit concurrent mark sweep GC freed 18(624B) AllocSpace objects, 0(0B) LOS objects, 38% free, 25MB/41MB, paused 320us total 29.482ms
08-05 02:07:06.284 13999 14213 I art     : Starting a blocking GC Explicit
08-05 02:07:06.314 13999 14213 I art     : Explicit concurrent mark sweep GC freed 3(96B) AllocSpace objects, 0(0B) LOS objects, 38% free, 25MB/41MB, paused 314us total 29.571ms
08-05 02:07:06.325 13999 14213 I art     : Starting a blocking GC Explicit
08-05 02:07:06.356 13999 14213 I art     : Explicit concurrent mark sweep GC freed 3(96B) AllocSpace objects, 0(0B) LOS objects, 38% free, 25MB/41MB, paused 317us total 29.910ms
08-05 02:07:06.368 13999 14213 I art     : Starting a blocking GC Explicit
08-05 02:07:06.398 13999 14213 I art     : Explicit concurrent mark sweep GC freed 3(96B) AllocSpace objects, 0(0B) LOS objects, 38% free, 25MB/41MB, paused 365us total 30.173ms
08-05 02:07:06.686 13999 14385 I art     : Starting a blocking GC Explicit
08-05 02:07:06.715 13999 14385 I art     : Explicit concurrent mark sweep GC freed 1293(75KB) AllocSpace objects, 1(20KB) LOS objects, 38% free, 25MB/41MB, paused 335us total 29.479ms
08-05 02:07:06.727 13999 14385 I art     : Starting a blocking GC Explicit
08-05 02:07:06.757 13999 14385 I art     : Explicit concurrent mark sweep GC freed 18(624B) AllocSpace objects, 0(0B) LOS objects, 38% free, 25MB/41MB, paused 351us total 29.838ms
08-05 02:07:06.768 13999 14385 I art     : Starting a blocking GC Explicit
08-05 02:07:06.796 13999 14385 I art     : Explicit concurrent mark sweep GC freed 3(96B) AllocSpace objects, 0(0B) LOS objects, 38% free, 25MB/41MB, paused 314us total 27.685ms
08-05 02:07:06.808 13999 14385 I art     : Starting a blocking GC Explicit
08-05 02:07:06.835 13999 14385 I art     : Explicit concurrent mark sweep GC freed 3(96B) AllocSpace objects, 0(0B) LOS objects, 38% free, 25MB/41MB, paused 315us total 26.831ms
08-05 02:07:06.845 13999 14385 I art     : Starting a blocking GC Explicit
08-05 02:07:06.874 13999 14385 I art     : Explicit concurrent mark sweep GC freed 3(96B) AllocSpace objects, 0(0B) LOS objects, 38% free, 25MB/41MB, paused 313us total 28.196ms
08-05 02:07:07.034 14698 14698 D AndroidRuntime: >>>>>> START com.android.internal.os.RuntimeInit uid 2000 <<<<<<
08-05 02:07:07.039 14698 14698 D AndroidRuntime: CheckJNI is OFF
08-05 02:07:07.072 14698 14698 D ICU     : No timezone override file found: /data/misc/zoneinfo/current/icu/icu_tzdata.dat
08-05 02:07:07.104 14698 14698 I Radio-JNI: register_android_hardware_Radio DONE
08-05 02:07:07.125 14698 14698 D AndroidRuntime: Calling main entry com.android.commands.input.Input
08-05 02:07:07.127 14698 14698 I Input   : injectMotionEvent: MotionEvent { action=ACTION_DOWN, actionButton=0, id[0]=0, x[0]=436.0, y[0]=1770.0, toolType[0]=TOOL_TYPE_UNKNOWN, buttonState=0, metaState=0, flags=0x0, edgeFlags=0x0, pointerCount=1, historySize=0, eventTime=756443540, downTime=756443540, deviceId=0, source=0x1002 }
08-05 02:07:07.130 14698 14698 I Input   : injectMotionEvent: MotionEvent { action=ACTION_UP, actionButton=0, id[0]=0, x[0]=436.0, y[0]=1770.0, toolType[0]=TOOL_TYPE_UNKNOWN, buttonState=0, metaState=0, flags=0x0, edgeFlags=0x0, pointerCount=1, historySize=0, eventTime=756443540, downTime=756443540, deviceId=0, source=0x1002 }
08-05 02:07:07.132 14698 14698 D AndroidRuntime: Shutting down VM
08-05 02:07:07.137 13999 13999 D MainActivity: NavigationItemSelected: Courses
08-05 02:07:07.138   918  3670 I ActivityManager: START u0 {cmp=baseline.com.ak.uobtimetable/.CourseListActivity} from uid 10684 on display 0
08-05 02:07:07.140   512  2967 D audio_hw_primary: out_set_parameters: enter: usecase(1: low-latency-playback) kvpairs: routing=2
08-05 02:07:07.153   512  2967 D audio_hw_primary: select_devices: out_snd_device(2: speaker) in_snd_device(0: none)
08-05 02:07:07.153   512  2967 D msm8974_platform: platform_send_audio_calibration: sending audio calibration for snd_device(2) acdb_id(15)
08-05 02:07:07.153   512  2967 I soundtrigger: audio_extn_sound_trigger_update_device_status: device 0x2 of type 0 for Event 1
08-05 02:07:07.164   512  2967 D audio_hw_primary: enable_snd_device: snd_device(2: speaker)
08-05 02:07:07.164 13999 13999 D MainActivity: OnPause
08-05 02:07:07.166   512  2967 D audio_hw_primary: enable_audio_route: apply and update mixer path: low-latency-playback speaker
08-05 02:07:07.175 13999 14213 I art     : Starting a blocking GC Explicit
08-05 02:07:07.195 13999 13999 D CourseListActivity: onCreate
08-05 02:07:07.196 13999 14725 D HTTP    : Request for: https://uob-timetable-api.adriankeenan.co.uk/courses
08-05 02:07:07.202 13999 14213 I art     : Explicit concurrent mark sweep GC freed 3740(208KB) AllocSpace objects, 1(20KB) LOS objects, 38% free, 25MB/41MB, paused 919us total 27.445ms
08-05 02:07:07.213 13999 14213 I art     : Starting a blocking GC Explicit
08-05 02:07:07.239 13999 14213 I art     : Explicit concurrent mark sweep GC freed 619(35KB) AllocSpace objects, 0(0B) LOS objects, 38% free, 25MB/41MB, paused 364us total 25.944ms
08-05 02:07:07.251 13999 14213 I art     : Starting a blocking GC Explicit
08-05 02:07:07.259   918   936 I ActivityManager: Displayed baseline.com.ak.uobtimetable/.CourseListActivity: +94ms
08-05 02:07:07.259 13866 13866 I GoogleInputMethodServic: GoogleInputMethodService.onFinishInput():3138 
08-05 02:07:07.260 13866 13866 I GoogleInputMethodServic: GoogleInputMethodService.onStartInput():1808 
08-05 02:07:07.279 13999 14213 I art     : Explicit concurrent mark sweep GC freed 213(8KB) AllocSpace objects, 0(0B) LOS objects, 38% free, 25MB/41MB, paused 452us total 27.767ms
08-05 02:07:07.291 13999 14213 I art     : Starting a blocking GC Explicit
08-05 02:07:07.319 13999 14213 I art     : Explicit concurrent mark sweep GC freed 99(5KB) AllocSpace objects, 0(0B) LOS objects, 38% free, 25MB/41MB, paused 384us total 27.740ms
08-05 02:07:07.330 13999 14213 I art     : Starting a blocking GC Explicit
08-05 02:07:07.356 13999 14213 I art     : Explicit concurrent mark sweep GC freed 12(1440B) AllocSpace objects, 0(0B) LOS objects, 38% free, 25MB/41MB, paused 335us total 26.227ms
08-05 02:07:07.621 13999 14213 I art     : Starting a blocking GC Explicit
08-05 02:07:07.639 13999 13999 D MainActivity: Saving state
08-05 02:07:07.639 13999 13999 D MainActivity: Saving current fragment: SessionListsFragment
08-05 02:07:07.639 13999 13999 D MainActivity: Saving current index: 2
08-05 02:07:07.642 13999 13999 D SessionListsFragment: Saving state
08-05 02:07:07.654 13999 14213 I art     : Explicit concurrent mark sweep GC freed 3821(209KB) AllocSpace objects, 4(220KB) LOS objects, 38% free, 25MB/41MB, paused 420us total 32.736ms
08-05 02:07:07.667 13999 14213 I art     : Starting a blocking GC Explicit
08-05 02:07:07.681 13999 14725 I NAPPA_EXPERIMENTATION: MetricNetworkRequestExecutionTime: REQUEST_DURATION_SYSTEM='483',REQUEST_DURATION_OKHTTP='44',REQUEST_SYNCHRONOUS='TRUE',RESPONSE_CODE='200',RESPONSE_METHOD='GET',RESPONSE_LENGTH_OKHTTP='-1',RESPONSE_LENGTH_HEADER='-2',REQUEST_PROTOCOL='http/1.1',REQUEST_URL='https://uob-timetable-api.adriankeenan.co.uk/courses',
08-05 02:07:07.694 13999 14213 I art     : Explicit concurrent mark sweep GC freed 1193(136KB) AllocSpace objects, 0(0B) LOS objects, 37% free, 26MB/42MB, paused 522us total 26.380ms
08-05 02:07:07.704 13999 14213 I art     : Starting a blocking GC Explicit
08-05 02:07:07.709   512  2967 D audio_hw_primary: disable_audio_route: reset and update mixer path: low-latency-playback speaker
08-05 02:07:07.710   512  2967 D audio_hw_primary: disable_snd_device: snd_device(2: speaker)
08-05 02:07:07.718   512  2967 I soundtrigger: audio_extn_sound_trigger_update_device_status: device 0x2 of type 0 for Event 0
08-05 02:07:07.731 13999 14213 I art     : Explicit concurrent mark sweep GC freed 69(2448B) AllocSpace objects, 0(0B) LOS objects, 35% free, 28MB/44MB, paused 359us total 26.415ms
08-05 02:07:07.741 13999 14213 I art     : Starting a blocking GC Explicit
08-05 02:07:07.765 13999 14213 I art     : Explicit concurrent mark sweep GC freed 33(1104B) AllocSpace objects, 0(0B) LOS objects, 33% free, 31MB/47MB, paused 327us total 24.614ms
08-05 02:07:07.775 13999 14213 I art     : Starting a blocking GC Explicit
08-05 02:07:07.801 13999 14213 I art     : Explicit concurrent mark sweep GC freed 33(1104B) AllocSpace objects, 0(0B) LOS objects, 32% free, 33MB/49MB, paused 361us total 25.168ms
08-05 02:07:08.052 13999 14725 I HTTP    : Response was compressed.
08-05 02:07:08.078 13999 14385 I art     : Starting a blocking GC Explicit
08-05 02:07:08.114 13999 14385 I art     : Explicit concurrent mark sweep GC freed 29498(1370KB) AllocSpace objects, 2(22MB) LOS objects, 27% free, 41MB/57MB, paused 528us total 35.981ms
08-05 02:07:08.126 13999 14385 I art     : Starting a blocking GC Explicit
08-05 02:07:08.157 13999 14385 I art     : Explicit concurrent mark sweep GC freed 26445(1245KB) AllocSpace objects, 0(0B) LOS objects, 27% free, 41MB/57MB, paused 532us total 30.812ms
08-05 02:07:08.168 13999 14385 I art     : Starting a blocking GC Explicit
08-05 02:07:08.199 13999 14385 I art     : Explicit concurrent mark sweep GC freed 23279(1110KB) AllocSpace objects, 0(0B) LOS objects, 27% free, 41MB/57MB, paused 714us total 31.576ms
08-05 02:07:08.210 13999 14385 I art     : Starting a blocking GC Explicit
08-05 02:07:08.242 13999 14385 I art     : Explicit concurrent mark sweep GC freed 23220(1096KB) AllocSpace objects, 0(0B) LOS objects, 27% free, 41MB/57MB, paused 627us total 31.505ms
08-05 02:07:08.253 13999 14385 I art     : Starting a blocking GC Explicit
08-05 02:07:08.286 13999 14385 I art     : Explicit concurrent mark sweep GC freed 23893(1114KB) AllocSpace objects, 0(0B) LOS objects, 27% free, 41MB/57MB, paused 638us total 32.379ms
08-05 02:07:08.581 13999 14011 I art     : Starting a blocking GC Explicit
08-05 02:07:08.633 13999 14011 I art     : Explicit concurrent mark sweep GC freed 179058(8MB) AllocSpace objects, 1(20KB) LOS objects, 26% free, 43MB/59MB, paused 626us total 52.102ms
08-05 02:07:08.648 13999 14011 I art     : Starting a blocking GC Explicit
08-05 02:07:08.682 13999 14011 I art     : Explicit concurrent mark sweep GC freed 32309(1523KB) AllocSpace objects, 0(0B) LOS objects, 26% free, 43MB/59MB, paused 623us total 34.172ms
08-05 02:07:08.695 13999 14011 I art     : Starting a blocking GC Explicit
08-05 02:07:08.732 13999 14011 I art     : Explicit concurrent mark sweep GC freed 26897(1274KB) AllocSpace objects, 0(0B) LOS objects, 26% free, 43MB/59MB, paused 723us total 37.133ms
08-05 02:07:08.745 13999 14011 I art     : Starting a blocking GC Explicit
08-05 02:07:08.782 13999 14011 I art     : Explicit concurrent mark sweep GC freed 26881(1270KB) AllocSpace objects, 0(0B) LOS objects, 26% free, 43MB/59MB, paused 794us total 37.172ms
08-05 02:07:08.795 13999 14011 I art     : Starting a blocking GC Explicit
08-05 02:07:08.833 13999 14011 I art     : Explicit concurrent mark sweep GC freed 27275(1275KB) AllocSpace objects, 0(0B) LOS objects, 26% free, 43MB/59MB, paused 736us total 37.787ms
08-05 02:07:09.128 13999 14011 I art     : Starting a blocking GC Explicit
08-05 02:07:09.185 13999 14011 I art     : Explicit concurrent mark sweep GC freed 177196(8MB) AllocSpace objects, 1(20KB) LOS objects, 26% free, 45MB/61MB, paused 839us total 57.720ms
08-05 02:07:09.200 13999 14011 I art     : Starting a blocking GC Explicit
08-05 02:07:09.241 13999 14011 I art     : Explicit concurrent mark sweep GC freed 35494(1672KB) AllocSpace objects, 0(0B) LOS objects, 26% free, 45MB/61MB, paused 780us total 40.540ms
08-05 02:07:09.254 13999 14011 I art     : Starting a blocking GC Explicit
08-05 02:07:09.298 13999 14011 I art     : Explicit concurrent mark sweep GC freed 30497(1436KB) AllocSpace objects, 0(0B) LOS objects, 25% free, 45MB/61MB, paused 828us total 43.229ms
08-05 02:07:09.312 13999 14011 I art     : Starting a blocking GC Explicit
08-05 02:07:09.354 13999 14011 I art     : Explicit concurrent mark sweep GC freed 30189(1447KB) AllocSpace objects, 0(0B) LOS objects, 25% free, 45MB/61MB, paused 826us total 42.336ms
08-05 02:07:09.369 13999 14011 I art     : Starting a blocking GC Explicit
08-05 02:07:09.413 13999 14011 I art     : Explicit concurrent mark sweep GC freed 31109(1451KB) AllocSpace objects, 0(0B) LOS objects, 25% free, 46MB/62MB, paused 831us total 43.952ms
08-05 02:07:09.697 13999 14213 I art     : Starting a blocking GC Explicit
08-05 02:07:09.754 13999 14213 I art     : Explicit concurrent mark sweep GC freed 172619(7MB) AllocSpace objects, 1(20KB) LOS objects, 25% free, 47MB/63MB, paused 809us total 56.715ms
08-05 02:07:09.770 13999 14213 I art     : Starting a blocking GC Explicit
08-05 02:07:09.815 13999 14213 I art     : Explicit concurrent mark sweep GC freed 37272(1748KB) AllocSpace objects, 0(0B) LOS objects, 25% free, 47MB/63MB, paused 911us total 44.356ms
08-05 02:07:09.831 13999 14213 I art     : Starting a blocking GC Explicit
08-05 02:07:09.878 13999 14213 I art     : Explicit concurrent mark sweep GC freed 33580(1581KB) AllocSpace objects, 0(0B) LOS objects, 25% free, 47MB/63MB, paused 954us total 47.534ms
08-05 02:07:09.894 13999 14213 I art     : Starting a blocking GC Explicit
08-05 02:07:09.942 13999 14213 I art     : Explicit concurrent mark sweep GC freed 33571(1634KB) AllocSpace objects, 0(0B) LOS objects, 24% free, 48MB/64MB, paused 898us total 48.507ms
08-05 02:07:09.958 13999 14213 I art     : Starting a blocking GC Explicit
08-05 02:07:10.006 13999 14213 I art     : Explicit concurrent mark sweep GC freed 34003(1587KB) AllocSpace objects, 0(0B) LOS objects, 24% free, 48MB/64MB, paused 955us total 48.203ms
08-05 02:07:10.299 13999 14213 I art     : Starting a blocking GC Explicit
08-05 02:07:10.367 13999 14213 I art     : Explicit concurrent mark sweep GC freed 181578(8MB) AllocSpace objects, 1(20KB) LOS objects, 24% free, 50MB/66MB, paused 889us total 68.183ms
08-05 02:07:10.384 13999 14213 I art     : Starting a blocking GC Explicit
08-05 02:07:10.437 13999 14213 I art     : Explicit concurrent mark sweep GC freed 42816(1993KB) AllocSpace objects, 0(0B) LOS objects, 24% free, 50MB/66MB, paused 1.003ms total 52.142ms
08-05 02:07:10.453 13999 14213 I art     : Starting a blocking GC Explicit
08-05 02:07:10.506 13999 14213 I art     : Explicit concurrent mark sweep GC freed 37516(1749KB) AllocSpace objects, 0(0B) LOS objects, 24% free, 50MB/66MB, paused 1.016ms total 53.264ms
08-05 02:07:10.523 13999 14213 I art     : Starting a blocking GC Explicit
08-05 02:07:10.579 13999 14213 I art     : Explicit concurrent mark sweep GC freed 37195(1744KB) AllocSpace objects, 0(0B) LOS objects, 24% free, 50MB/66MB, paused 1.071ms total 55.242ms
08-05 02:07:10.596 13999 14213 I art     : Starting a blocking GC Explicit
08-05 02:07:10.652 13999 14213 I art     : Explicit concurrent mark sweep GC freed 37553(1754KB) AllocSpace objects, 0(0B) LOS objects, 23% free, 50MB/66MB, paused 1.133ms total 56.343ms
08-05 02:07:10.886 13999 14725 I Service : getCourses response time: 0.69
08-05 02:07:10.893 13999 13999 I SettingsManager: Getting string: savedCourse
08-05 02:07:10.929 13999 14385 I art     : Starting a blocking GC Explicit
08-05 02:07:11.003 13999 14385 I art     : Explicit concurrent mark sweep GC freed 128194(5MB) AllocSpace objects, 2(15MB) LOS objects, 30% free, 36MB/52MB, paused 679us total 74.082ms
08-05 02:07:11.020 13999 14385 I art     : Starting a blocking GC Explicit
08-05 02:07:11.071 13999 14385 I art     : Explicit concurrent mark sweep GC freed 452(23KB) AllocSpace objects, 0(0B) LOS objects, 30% free, 36MB/52MB, paused 356us total 51.095ms
08-05 02:07:11.088 13999 14385 I art     : Starting a blocking GC Explicit
08-05 02:07:11.146 13999 14385 I art     : Explicit concurrent mark sweep GC freed 493(47KB) AllocSpace objects, 0(0B) LOS objects, 30% free, 36MB/52MB, paused 412us total 57.686ms
08-05 02:07:11.166 13999 14385 I art     : Starting a blocking GC Explicit
08-05 02:07:11.218 13999 14385 I art     : Explicit concurrent mark sweep GC freed 3(96B) AllocSpace objects, 0(0B) LOS objects, 30% free, 36MB/52MB, paused 349us total 50.889ms
08-05 02:07:11.237 13999 14385 I art     : Starting a blocking GC Explicit
08-05 02:07:11.290 13999 14385 I art     : Explicit concurrent mark sweep GC freed 3(96B) AllocSpace objects, 0(0B) LOS objects, 30% free, 36MB/52MB, paused 365us total 53.156ms
08-05 02:07:11.626 13999 14011 I art     : Starting a blocking GC Explicit
08-05 02:07:11.702 13999 14011 I art     : Explicit concurrent mark sweep GC freed 1293(75KB) AllocSpace objects, 1(20KB) LOS objects, 30% free, 36MB/52MB, paused 418us total 75.774ms
08-05 02:07:11.721 13999 14011 I art     : Starting a blocking GC Explicit
08-05 02:07:11.776 13999 14011 I art     : Explicit concurrent mark sweep GC freed 18(624B) AllocSpace objects, 0(0B) LOS objects, 30% free, 36MB/52MB, paused 342us total 54.638ms
08-05 02:07:11.795 13999 14011 I art     : Starting a blocking GC Explicit
08-05 02:07:11.854 13999 14011 I art     : Explicit concurrent mark sweep GC freed 3(96B) AllocSpace objects, 0(0B) LOS objects, 30% free, 36MB/52MB, paused 364us total 58.904ms
08-05 02:07:11.873 13999 14011 I art     : Starting a blocking GC Explicit
08-05 02:07:11.928 13999 14011 I art     : Explicit concurrent mark sweep GC freed 3(96B) AllocSpace objects, 0(0B) LOS objects, 30% free, 36MB/52MB, paused 377us total 54.577ms
08-05 02:07:11.948 13999 14011 I art     : Starting a blocking GC Explicit
08-05 02:07:12.002 13999 14011 I art     : Explicit concurrent mark sweep GC freed 3(96B) AllocSpace objects, 0(0B) LOS objects, 30% free, 36MB/52MB, paused 361us total 54.044ms
08-05 02:07:12.332 13999 14213 I art     : Starting a blocking GC Explicit
08-05 02:07:12.410 13999 14213 I art     : Explicit concurrent mark sweep GC freed 1293(75KB) AllocSpace objects, 1(20KB) LOS objects, 30% free, 36MB/52MB, paused 387us total 78.305ms
08-05 02:07:12.432 13999 14213 I art     : Starting a blocking GC Explicit
08-05 02:07:12.492 13999 14213 I art     : Explicit concurrent mark sweep GC freed 18(624B) AllocSpace objects, 0(0B) LOS objects, 30% free, 36MB/52MB, paused 352us total 59.571ms
08-05 02:07:12.511 13999 14213 I art     : Starting a blocking GC Explicit
08-05 02:07:12.570 13999 14213 I art     : Explicit concurrent mark sweep GC freed 5(160B) AllocSpace objects, 0(0B) LOS objects, 30% free, 36MB/52MB, paused 363us total 58.290ms
08-05 02:07:12.589 13999 14213 I art     : Starting a blocking GC Explicit
08-05 02:07:12.642 13999 14213 I art     : Explicit concurrent mark sweep GC freed 46(2272B) AllocSpace objects, 0(0B) LOS objects, 30% free, 36MB/52MB, paused 340us total 52.719ms
08-05 02:07:12.660 13999 14213 I art     : Starting a blocking GC Explicit
08-05 02:07:12.716 13999 14213 I art     : Explicit concurrent mark sweep GC freed 9(320B) AllocSpace objects, 0(0B) LOS objects, 30% free, 36MB/52MB, paused 349us total 55.168ms
08-05 02:07:13.040 13999 14010 I art     : Starting a blocking GC Explicit
08-05 02:07:13.111 13999 14010 I art     : Explicit concurrent mark sweep GC freed 1294(75KB) AllocSpace objects, 1(20KB) LOS objects, 30% free, 36MB/52MB, paused 359us total 70.262ms
08-05 02:07:13.130 13999 14010 I art     : Starting a blocking GC Explicit
08-05 02:07:13.189 13999 14010 I art     : Explicit concurrent mark sweep GC freed 18(624B) AllocSpace objects, 0(0B) LOS objects, 30% free, 36MB/52MB, paused 354us total 58.068ms
08-05 02:07:13.189 13999 14009 I art     : WaitForGcToComplete blocked for 58.340ms for cause HeapTrim
08-05 02:07:13.209 13999 14010 I art     : Starting a blocking GC Explicit
08-05 02:07:13.266 13999 14010 I art     : Explicit concurrent mark sweep GC freed 3(96B) AllocSpace objects, 0(0B) LOS objects, 30% free, 36MB/52MB, paused 363us total 56.781ms
08-05 02:07:13.285 13999 14010 I art     : Starting a blocking GC Explicit
08-05 02:07:13.339 13999 14010 I art     : Explicit concurrent mark sweep GC freed 3(96B) AllocSpace objects, 0(0B) LOS objects, 30% free, 36MB/52MB, paused 343us total 53.138ms
08-05 02:07:13.358 13999 14010 I art     : Starting a blocking GC Explicit
08-05 02:07:13.409 13999 14010 I art     : Explicit concurrent mark sweep GC freed 3(96B) AllocSpace objects, 0(0B) LOS objects, 30% free, 36MB/52MB, paused 332us total 51.554ms
08-05 02:07:13.715 13999 14385 I art     : Starting a blocking GC Explicit
08-05 02:07:13.779 13999 14385 I art     : Explicit concurrent mark sweep GC freed 1293(75KB) AllocSpace objects, 1(20KB) LOS objects, 30% free, 36MB/52MB, paused 401us total 63.522ms
08-05 02:07:13.798 13999 14385 I art     : Starting a blocking GC Explicit
08-05 02:07:13.804 14828 14828 D AndroidRuntime: >>>>>> START com.android.internal.os.RuntimeInit uid 2000 <<<<<<
08-05 02:07:13.808 14828 14828 D AndroidRuntime: CheckJNI is OFF
08-05 02:07:13.840 14828 14828 D ICU     : No timezone override file found: /data/misc/zoneinfo/current/icu/icu_tzdata.dat
08-05 02:07:13.848 13999 14385 I art     : Explicit concurrent mark sweep GC freed 18(624B) AllocSpace objects, 0(0B) LOS objects, 30% free, 36MB/52MB, paused 337us total 49.684ms
08-05 02:07:13.866 13999 14385 I art     : Starting a blocking GC Explicit
08-05 02:07:13.876 14828 14828 I Radio-JNI: register_android_hardware_Radio DONE
08-05 02:07:13.898 14828 14828 D AndroidRuntime: Calling main entry com.android.commands.input.Input
08-05 02:07:13.900 14828 14828 I Input   : injectMotionEvent: MotionEvent { action=ACTION_DOWN, actionButton=0, id[0]=0, x[0]=558.0, y[0]=368.0, toolType[0]=TOOL_TYPE_UNKNOWN, buttonState=0, metaState=0, flags=0x0, edgeFlags=0x0, pointerCount=1, historySize=0, eventTime=756450312, downTime=756450312, deviceId=0, source=0x1002 }
08-05 02:07:13.905 14828 14828 I Input   : injectMotionEvent: MotionEvent { action=ACTION_UP, actionButton=0, id[0]=0, x[0]=558.0, y[0]=368.0, toolType[0]=TOOL_TYPE_UNKNOWN, buttonState=0, metaState=0, flags=0x0, edgeFlags=0x0, pointerCount=1, historySize=0, eventTime=756450312, downTime=756450312, deviceId=0, source=0x1002 }
08-05 02:07:13.906 14828 14828 D AndroidRuntime: Shutting down VM
08-05 02:07:13.919 13999 14385 I art     : Explicit concurrent mark sweep GC freed 71(10KB) AllocSpace objects, 0(0B) LOS objects, 30% free, 36MB/52MB, paused 592us total 53.013ms
08-05 02:07:13.937 13999 14385 I art     : Starting a blocking GC Explicit
08-05 02:07:13.989 13999 14385 I art     : Explicit concurrent mark sweep GC freed 679(73KB) AllocSpace objects, 0(0B) LOS objects, 30% free, 36MB/52MB, paused 458us total 51.103ms
08-05 02:07:14.010 13999 14385 I art     : Starting a blocking GC Explicit
08-05 02:07:14.064 13999 14385 I art     : Explicit concurrent mark sweep GC freed 196(12KB) AllocSpace objects, 0(0B) LOS objects, 30% free, 36MB/52MB, paused 373us total 53.905ms
08-05 02:07:14.336 13999 14385 I art     : Starting a blocking GC Explicit
08-05 02:07:14.400 13999 14385 I art     : Explicit concurrent mark sweep GC freed 1663(91KB) AllocSpace objects, 1(20KB) LOS objects, 30% free, 36MB/52MB, paused 396us total 63.561ms
08-05 02:07:14.420 13999 14385 I art     : Starting a blocking GC Explicit
08-05 02:07:14.471 13999 14385 I art     : Explicit concurrent mark sweep GC freed 42(1488B) AllocSpace objects, 0(0B) LOS objects, 30% free, 36MB/52MB, paused 312us total 50.715ms
08-05 02:07:14.490 13999 14385 I art     : Starting a blocking GC Explicit
08-05 02:07:14.543 13999 14385 I art     : Explicit concurrent mark sweep GC freed 7(224B) AllocSpace objects, 0(0B) LOS objects, 30% free, 36MB/52MB, paused 338us total 52.940ms
08-05 02:07:14.560 13999 14385 I art     : Starting a blocking GC Explicit
08-05 02:07:14.612 13999 14385 I art     : Explicit concurrent mark sweep GC freed 8(288B) AllocSpace objects, 0(0B) LOS objects, 30% free, 36MB/52MB, paused 344us total 50.871ms
08-05 02:07:14.630 13999 14385 I art     : Starting a blocking GC Explicit
08-05 02:07:14.688 13999 14385 I art     : Explicit concurrent mark sweep GC freed 6(224B) AllocSpace objects, 0(0B) LOS objects, 30% free, 36MB/52MB, paused 344us total 57.443ms
08-05 02:07:14.998 13999 14011 I art     : Starting a blocking GC Explicit
08-05 02:07:15.072 13999 14011 I art     : Explicit concurrent mark sweep GC freed 1293(75KB) AllocSpace objects, 1(20KB) LOS objects, 30% free, 36MB/52MB, paused 357us total 72.952ms
08-05 02:07:15.091 13999 14011 I art     : Starting a blocking GC Explicit
08-05 02:07:15.150 13999 14011 I art     : Explicit concurrent mark sweep GC freed 18(624B) AllocSpace objects, 0(0B) LOS objects, 30% free, 36MB/52MB, paused 338us total 59.092ms
08-05 02:07:15.169 13999 14011 I art     : Starting a blocking GC Explicit
08-05 02:07:15.222 13999 14011 I art     : Explicit concurrent mark sweep GC freed 3(96B) AllocSpace objects, 0(0B) LOS objects, 30% free, 36MB/52MB, paused 335us total 52.608ms
08-05 02:07:15.240 13999 14011 I art     : Starting a blocking GC Explicit
08-05 02:07:15.293 13999 14011 I art     : Explicit concurrent mark sweep GC freed 3(96B) AllocSpace objects, 0(0B) LOS objects, 30% free, 36MB/52MB, paused 346us total 52.628ms
08-05 02:07:15.311 13999 14011 I art     : Starting a blocking GC Explicit
08-05 02:07:15.363 13999 14011 I art     : Explicit concurrent mark sweep GC freed 3(96B) AllocSpace objects, 0(0B) LOS objects, 30% free, 36MB/52MB, paused 345us total 51.349ms
08-05 02:07:15.544 14873 14873 D AndroidRuntime: >>>>>> START com.android.internal.os.RuntimeInit uid 2000 <<<<<<
08-05 02:07:15.549 14873 14873 D AndroidRuntime: CheckJNI is OFF
08-05 02:07:15.581 14873 14873 D ICU     : No timezone override file found: /data/misc/zoneinfo/current/icu/icu_tzdata.dat
08-05 02:07:15.614 14873 14873 I Radio-JNI: register_android_hardware_Radio DONE
08-05 02:07:15.638 14873 14873 D AndroidRuntime: Calling main entry com.android.commands.input.Input
08-05 02:07:15.639 14873 14873 I Input   : injectMotionEvent: MotionEvent { action=ACTION_DOWN, actionButton=0, id[0]=0, x[0]=945.0, y[0]=1376.0, toolType[0]=TOOL_TYPE_UNKNOWN, buttonState=0, metaState=0, flags=0x0, edgeFlags=0x0, pointerCount=1, historySize=0, eventTime=756452052, downTime=756452052, deviceId=0, source=0x1002 }
08-05 02:07:15.643 14873 14873 I Input   : injectMotionEvent: MotionEvent { action=ACTION_UP, actionButton=0, id[0]=0, x[0]=945.0, y[0]=1376.0, toolType[0]=TOOL_TYPE_UNKNOWN, buttonState=0, metaState=0, flags=0x0, edgeFlags=0x0, pointerCount=1, historySize=0, eventTime=756452052, downTime=756452052, deviceId=0, source=0x1002 }
08-05 02:07:15.645 14873 14873 D AndroidRuntime: Shutting down VM
08-05 02:07:15.664 13999 14385 I art     : Starting a blocking GC Explicit
08-05 02:07:15.717   512  2967 D audio_hw_primary: out_set_parameters: enter: usecase(1: low-latency-playback) kvpairs: routing=2
08-05 02:07:15.729 13999 14385 I art     : Explicit concurrent mark sweep GC freed 1367(78KB) AllocSpace objects, 1(20KB) LOS objects, 30% free, 36MB/52MB, paused 394us total 63.957ms
08-05 02:07:15.730   512  2967 D audio_hw_primary: select_devices: out_snd_device(2: speaker) in_snd_device(0: none)
08-05 02:07:15.730   512  2967 D msm8974_platform: platform_send_audio_calibration: sending audio calibration for snd_device(2) acdb_id(15)
08-05 02:07:15.730   512  2967 I soundtrigger: audio_extn_sound_trigger_update_device_status: device 0x2 of type 0 for Event 1
08-05 02:07:15.735 13866 13866 I GoogleInputMethodServic: GoogleInputMethodService.onFinishInput():3138 
08-05 02:07:15.737 13866 13866 I GoogleInputMethodServic: GoogleInputMethodService.onStartInput():1808 
08-05 02:07:15.743   512  2967 D audio_hw_primary: enable_snd_device: snd_device(2: speaker)
08-05 02:07:15.745   512  2967 D audio_hw_primary: enable_audio_route: apply and update mixer path: low-latency-playback speaker
08-05 02:07:15.750 13866 13866 I GoogleInputMethodServic: GoogleInputMethodService.onFinishInput():3138 
08-05 02:07:15.750 13866 13866 I GoogleInputMethodServic: GoogleInputMethodService.onStartInput():1808 
08-05 02:07:15.752 13999 14385 I art     : Starting a blocking GC Explicit
08-05 02:07:15.809 13999 14385 I art     : Explicit concurrent mark sweep GC freed 861(51KB) AllocSpace objects, 0(0B) LOS objects, 30% free, 36MB/52MB, paused 447us total 56.672ms
08-05 02:07:15.828 13999 14385 I art     : Starting a blocking GC Explicit
08-05 02:07:15.880 13999 14385 I art     : Explicit concurrent mark sweep GC freed 779(65KB) AllocSpace objects, 0(0B) LOS objects, 30% free, 36MB/52MB, paused 335us total 51.304ms
08-05 02:07:15.899 13999 14385 I art     : Starting a blocking GC Explicit
08-05 02:07:15.956 13999 14385 I art     : Explicit concurrent mark sweep GC freed 5(160B) AllocSpace objects, 0(0B) LOS objects, 30% free, 36MB/52MB, paused 357us total 56.421ms
08-05 02:07:15.976 13999 14385 I art     : Starting a blocking GC Explicit
08-05 02:07:16.040 13999 14385 I art     : Explicit concurrent mark sweep GC freed 3(96B) AllocSpace objects, 0(0B) LOS objects, 30% free, 36MB/52MB, paused 419us total 62.943ms
08-05 02:07:16.055 13999 14018 D OpenGLRenderer: endAllStagingAnimators on 0x7f7a79f800 (ListPopupWindow$DropDownListView) with handle 0x7f94a0c060
08-05 02:07:16.289   512  2967 D audio_hw_primary: disable_audio_route: reset and update mixer path: low-latency-playback speaker
08-05 02:07:16.291   512  2967 D audio_hw_primary: disable_snd_device: snd_device(2: speaker)
08-05 02:07:16.299   512  2967 I soundtrigger: audio_extn_sound_trigger_update_device_status: device 0x2 of type 0 for Event 0
08-05 02:07:16.338 13999 14213 I art     : Starting a blocking GC Explicit
08-05 02:07:16.403 13999 14213 I art     : Explicit concurrent mark sweep GC freed 1413(80KB) AllocSpace objects, 1(20KB) LOS objects, 30% free, 36MB/52MB, paused 370us total 64.426ms
08-05 02:07:16.422 13999 14213 I art     : Starting a blocking GC Explicit
08-05 02:07:16.476 13999 14213 I art     : Explicit concurrent mark sweep GC freed 570(38KB) AllocSpace objects, 0(0B) LOS objects, 30% free, 36MB/52MB, paused 356us total 53.911ms
08-05 02:07:16.496 13999 14213 I art     : Starting a blocking GC Explicit
08-05 02:07:16.555 13999 14213 I art     : Explicit concurrent mark sweep GC freed 3(96B) AllocSpace objects, 0(0B) LOS objects, 30% free, 36MB/52MB, paused 349us total 58.847ms
08-05 02:07:16.574 13999 14213 I art     : Starting a blocking GC Explicit
08-05 02:07:16.632 13999 14213 I art     : Explicit concurrent mark sweep GC freed 3(96B) AllocSpace objects, 0(0B) LOS objects, 30% free, 36MB/52MB, paused 345us total 57.610ms
08-05 02:07:16.651 13999 14213 I art     : Starting a blocking GC Explicit
08-05 02:07:16.710 13999 14213 I art     : Explicit concurrent mark sweep GC freed 3(96B) AllocSpace objects, 0(0B) LOS objects, 30% free, 36MB/52MB, paused 352us total 59.274ms
08-05 02:07:16.995 13999 14011 I art     : Starting a blocking GC Explicit
08-05 02:07:17.057 13999 14011 I art     : Explicit concurrent mark sweep GC freed 1293(75KB) AllocSpace objects, 1(20KB) LOS objects, 30% free, 36MB/52MB, paused 357us total 60.727ms
08-05 02:07:17.075 13999 14011 I art     : Starting a blocking GC Explicit
08-05 02:07:17.128 13999 14011 I art     : Explicit concurrent mark sweep GC freed 18(624B) AllocSpace objects, 0(0B) LOS objects, 30% free, 36MB/52MB, paused 354us total 52.379ms
08-05 02:07:17.146 13999 14011 I art     : Starting a blocking GC Explicit
08-05 02:07:17.199 13999 14011 I art     : Explicit concurrent mark sweep GC freed 3(96B) AllocSpace objects, 0(0B) LOS objects, 30% free, 36MB/52MB, paused 355us total 52.815ms
08-05 02:07:17.219   518   646 I ThermalEngine: ACTION: GPU - Setting GPU[0] to 450000000
08-05 02:07:17.220 13999 14011 I art     : Starting a blocking GC Explicit
08-05 02:07:17.283 13999 14011 I art     : Explicit concurrent mark sweep GC freed 3(96B) AllocSpace objects, 0(0B) LOS objects, 30% free, 36MB/52MB, paused 480us total 62.894ms
08-05 02:07:17.306 13999 14011 I art     : Starting a blocking GC Explicit
08-05 02:07:17.342 14909 14909 D AndroidRuntime: >>>>>> START com.android.internal.os.RuntimeInit uid 2000 <<<<<<
08-05 02:07:17.348 14909 14909 D AndroidRuntime: CheckJNI is OFF
08-05 02:07:17.374 13999 14011 I art     : Explicit concurrent mark sweep GC freed 3(96B) AllocSpace objects, 0(0B) LOS objects, 30% free, 36MB/52MB, paused 486us total 68.416ms
08-05 02:07:17.398 14909 14909 D ICU     : No timezone override file found: /data/misc/zoneinfo/current/icu/icu_tzdata.dat
08-05 02:07:17.443 14909 14909 I Radio-JNI: register_android_hardware_Radio DONE
08-05 02:07:17.472 14909 14909 D AndroidRuntime: Calling main entry com.android.commands.input.Input
08-05 02:07:17.476 14909 14909 I Input   : injectMotionEvent: MotionEvent { action=ACTION_DOWN, actionButton=0, id[0]=0, x[0]=481.0, y[0]=544.0, toolType[0]=TOOL_TYPE_UNKNOWN, buttonState=0, metaState=0, flags=0x0, edgeFlags=0x0, pointerCount=1, historySize=0, eventTime=756453888, downTime=756453888, deviceId=0, source=0x1002 }
08-05 02:07:17.482 14909 14909 I Input   : injectMotionEvent: MotionEvent { action=ACTION_UP, actionButton=0, id[0]=0, x[0]=481.0, y[0]=544.0, toolType[0]=TOOL_TYPE_UNKNOWN, buttonState=0, metaState=0, flags=0x0, edgeFlags=0x0, pointerCount=1, historySize=0, eventTime=756453888, downTime=756453888, deviceId=0, source=0x1002 }
08-05 02:07:17.486 14909 14909 D AndroidRuntime: Shutting down VM
08-05 02:07:17.682 13999 14010 I art     : Starting a blocking GC Explicit
08-05 02:07:17.744 13999 14010 I art     : Explicit concurrent mark sweep GC freed 2069(108KB) AllocSpace objects, 1(20KB) LOS objects, 30% free, 36MB/52MB, paused 456us total 61.946ms
08-05 02:07:17.765 13999 14010 I art     : Starting a blocking GC Explicit
08-05 02:07:17.823 13999 14010 I art     : Explicit concurrent mark sweep GC freed 342(16KB) AllocSpace objects, 0(0B) LOS objects, 30% free, 36MB/52MB, paused 418us total 58.263ms
08-05 02:07:17.844 13999 14010 I art     : Starting a blocking GC Explicit
08-05 02:07:17.905 13999 14010 I art     : Explicit concurrent mark sweep GC freed 32(1136B) AllocSpace objects, 0(0B) LOS objects, 30% free, 36MB/52MB, paused 422us total 60.753ms
08-05 02:07:17.929 13999 14010 I art     : Starting a blocking GC Explicit
08-05 02:07:17.993 13999 14010 I art     : Explicit concurrent mark sweep GC freed 39(1552B) AllocSpace objects, 0(0B) LOS objects, 30% free, 36MB/52MB, paused 416us total 63.705ms
08-05 02:07:18.017 13999 14010 I art     : Starting a blocking GC Explicit
08-05 02:07:18.080 13999 14010 I art     : Explicit concurrent mark sweep GC freed 16(512B) AllocSpace objects, 0(0B) LOS objects, 30% free, 36MB/52MB, paused 477us total 63.263ms
08-05 02:07:18.148   918  3261 D WifiStateMachine: starting scan for "H369AA63323"WPA_PSK with 2412,5180
08-05 02:07:18.402 13999 14385 I art     : Starting a blocking GC Explicit
08-05 02:07:18.476 13999 14385 I art     : Explicit concurrent mark sweep GC freed 1303(75KB) AllocSpace objects, 1(20KB) LOS objects, 30% free, 36MB/52MB, paused 476us total 72.919ms
08-05 02:07:18.500 13999 14385 I art     : Starting a blocking GC Explicit
08-05 02:07:18.572 13999 14385 I art     : Explicit concurrent mark sweep GC freed 18(624B) AllocSpace objects, 0(0B) LOS objects, 30% free, 36MB/52MB, paused 470us total 71.947ms
08-05 02:07:18.596 13999 14385 I art     : Starting a blocking GC Explicit
08-05 02:07:18.667 13999 14385 I art     : Explicit concurrent mark sweep GC freed 3(96B) AllocSpace objects, 0(0B) LOS objects, 30% free, 36MB/52MB, paused 443us total 71.023ms
08-05 02:07:18.690 13999 14385 I art     : Starting a blocking GC Explicit
08-05 02:07:18.757 13999 14385 I art     : Explicit concurrent mark sweep GC freed 3(96B) AllocSpace objects, 0(0B) LOS objects, 30% free, 36MB/52MB, paused 473us total 67.118ms
08-05 02:07:18.780 13999 14385 I art     : Starting a blocking GC Explicit
08-05 02:07:18.847 13999 14385 I art     : Explicit concurrent mark sweep GC freed 3(96B) AllocSpace objects, 0(0B) LOS objects, 30% free, 36MB/52MB, paused 440us total 66.852ms
08-05 02:07:19.166 13999 14213 I art     : Starting a blocking GC Explicit
08-05 02:07:19.247 13999 14213 I art     : Explicit concurrent mark sweep GC freed 1304(75KB) AllocSpace objects, 1(20KB) LOS objects, 30% free, 36MB/52MB, paused 446us total 80.728ms
08-05 02:07:19.271 13999 14213 I art     : Starting a blocking GC Explicit
08-05 02:07:19.276 14951 14951 D AndroidRuntime: >>>>>> START com.android.internal.os.RuntimeInit uid 2000 <<<<<<
08-05 02:07:19.281 14951 14951 D AndroidRuntime: CheckJNI is OFF
08-05 02:07:19.325 14951 14951 D ICU     : No timezone override file found: /data/misc/zoneinfo/current/icu/icu_tzdata.dat
08-05 02:07:19.339 13999 14213 I art     : Explicit concurrent mark sweep GC freed 30(1008B) AllocSpace objects, 0(0B) LOS objects, 30% free, 36MB/52MB, paused 462us total 67.099ms
08-05 02:07:19.361 13999 14213 I art     : Starting a blocking GC Explicit
08-05 02:07:19.369 14951 14951 I Radio-JNI: register_android_hardware_Radio DONE
08-05 02:07:19.398 14951 14951 D AndroidRuntime: Calling main entry com.android.commands.input.Input
08-05 02:07:19.400 14951 14951 I Input   : injectMotionEvent: MotionEvent { action=ACTION_DOWN, actionButton=0, id[0]=0, x[0]=310.0, y[0]=906.0, toolType[0]=TOOL_TYPE_UNKNOWN, buttonState=0, metaState=0, flags=0x0, edgeFlags=0x0, pointerCount=1, historySize=0, eventTime=756455813, downTime=756455813, deviceId=0, source=0x1002 }
08-05 02:07:19.406 14951 14951 I Input   : injectMotionEvent: MotionEvent { action=ACTION_UP, actionButton=0, id[0]=0, x[0]=310.0, y[0]=906.0, toolType[0]=TOOL_TYPE_UNKNOWN, buttonState=0, metaState=0, flags=0x0, edgeFlags=0x0, pointerCount=1, historySize=0, eventTime=756455813, downTime=756455813, deviceId=0, source=0x1002 }
08-05 02:07:19.409 14951 14951 D AndroidRuntime: Shutting down VM
08-05 02:07:19.426 13999 14213 I art     : Explicit concurrent mark sweep GC freed 25(912B) AllocSpace objects, 0(0B) LOS objects, 30% free, 36MB/52MB, paused 483us total 65.241ms
08-05 02:07:19.450 13999 14213 I art     : Starting a blocking GC Explicit
08-05 02:07:19.475   512  2967 D audio_hw_primary: out_set_parameters: enter: usecase(1: low-latency-playback) kvpairs: routing=2
08-05 02:07:19.488 13866 13866 I GoogleInputMethodServic: GoogleInputMethodService.onFinishInput():3138 
08-05 02:07:19.488   512  2967 D audio_hw_primary: select_devices: out_snd_device(2: speaker) in_snd_device(0: none)
08-05 02:07:19.488   512  2967 D msm8974_platform: platform_send_audio_calibration: sending audio calibration for snd_device(2) acdb_id(15)
08-05 02:07:19.488   512  2967 I soundtrigger: audio_extn_sound_trigger_update_device_status: device 0x2 of type 0 for Event 1
08-05 02:07:19.488 13866 13866 I GoogleInputMethodServic: GoogleInputMethodService.onStartInput():1808 
08-05 02:07:19.498   512  2967 D audio_hw_primary: enable_snd_device: snd_device(2: speaker)
08-05 02:07:19.501   512  2967 D audio_hw_primary: enable_audio_route: apply and update mixer path: low-latency-playback speaker
08-05 02:07:19.503 13866 13866 I GoogleInputMethodServic: GoogleInputMethodService.onFinishInput():3138 
08-05 02:07:19.503 13866 13866 I GoogleInputMethodServic: GoogleInputMethodService.onStartInput():1808 
08-05 02:07:19.517 13999 14213 I art     : Explicit concurrent mark sweep GC freed 368(19KB) AllocSpace objects, 0(0B) LOS objects, 30% free, 36MB/52MB, paused 699us total 66.947ms
08-05 02:07:19.541 13999 14213 I art     : Starting a blocking GC Explicit
08-05 02:07:19.606 13999 14213 I art     : Explicit concurrent mark sweep GC freed 529(23KB) AllocSpace objects, 0(0B) LOS objects, 30% free, 36MB/52MB, paused 490us total 64.539ms
08-05 02:07:19.808 13999 14018 D OpenGLRenderer: endAllStagingAnimators on 0x7f79df3c00 (ListPopupWindow$DropDownListView) with handle 0x7f7a87ef80
08-05 02:07:19.909 13999 14011 I art     : Starting a blocking GC Explicit
08-05 02:07:19.982 13999 14011 I art     : Explicit concurrent mark sweep GC freed 2177(145KB) AllocSpace objects, 1(20KB) LOS objects, 30% free, 36MB/52MB, paused 484us total 73.187ms
08-05 02:07:20.005 13999 14011 I art     : Starting a blocking GC Explicit
08-05 02:07:20.049   512  2967 D audio_hw_primary: disable_audio_route: reset and update mixer path: low-latency-playback speaker
08-05 02:07:20.050   512  2967 D audio_hw_primary: disable_snd_device: snd_device(2: speaker)
08-05 02:07:20.057   512  2967 I soundtrigger: audio_extn_sound_trigger_update_device_status: device 0x2 of type 0 for Event 0
08-05 02:07:20.077 13999 14011 I art     : Explicit concurrent mark sweep GC freed 511(32KB) AllocSpace objects, 0(0B) LOS objects, 30% free, 36MB/52MB, paused 473us total 71.379ms
08-05 02:07:20.100 13999 14011 I art     : Starting a blocking GC Explicit
08-05 02:07:20.171 13999 14011 I art     : Explicit concurrent mark sweep GC freed 3(96B) AllocSpace objects, 0(0B) LOS objects, 30% free, 36MB/52MB, paused 455us total 70.300ms
08-05 02:07:20.194 13999 14011 I art     : Starting a blocking GC Explicit
08-05 02:07:20.266 13999 14011 I art     : Explicit concurrent mark sweep GC freed 3(96B) AllocSpace objects, 0(0B) LOS objects, 30% free, 36MB/52MB, paused 463us total 71.251ms
08-05 02:07:20.290 13999 14011 I art     : Starting a blocking GC Explicit
08-05 02:07:20.359 13999 14011 I art     : Explicit concurrent mark sweep GC freed 3(96B) AllocSpace objects, 0(0B) LOS objects, 30% free, 36MB/52MB, paused 460us total 68.939ms
08-05 02:07:20.679 13999 14385 I art     : Starting a blocking GC Explicit
08-05 02:07:20.749 13999 14385 I art     : Explicit concurrent mark sweep GC freed 1293(75KB) AllocSpace objects, 1(20KB) LOS objects, 30% free, 36MB/52MB, paused 473us total 70.086ms
08-05 02:07:20.772 13999 14385 I art     : Starting a blocking GC Explicit
08-05 02:07:20.841 13999 14385 I art     : Explicit concurrent mark sweep GC freed 18(624B) AllocSpace objects, 0(0B) LOS objects, 30% free, 36MB/52MB, paused 449us total 68.153ms
08-05 02:07:20.863 13999 14385 I art     : Starting a blocking GC Explicit
08-05 02:07:20.931 13999 14385 I art     : Explicit concurrent mark sweep GC freed 3(96B) AllocSpace objects, 0(0B) LOS objects, 30% free, 36MB/52MB, paused 446us total 67.696ms
08-05 02:07:20.954 13999 14385 I art     : Starting a blocking GC Explicit
08-05 02:07:21.023 13999 14385 I art     : Explicit concurrent mark sweep GC freed 3(96B) AllocSpace objects, 0(0B) LOS objects, 30% free, 36MB/52MB, paused 452us total 68.954ms
08-05 02:07:21.046 13999 14385 I art     : Starting a blocking GC Explicit
08-05 02:07:21.117 13999 14385 I art     : Explicit concurrent mark sweep GC freed 3(96B) AllocSpace objects, 0(0B) LOS objects, 30% free, 36MB/52MB, paused 455us total 70.145ms
08-05 02:07:21.196 14994 14994 D AndroidRuntime: >>>>>> START com.android.internal.os.RuntimeInit uid 2000 <<<<<<
08-05 02:07:21.202 14994 14994 D AndroidRuntime: CheckJNI is OFF
08-05 02:07:21.248 14994 14994 D ICU     : No timezone override file found: /data/misc/zoneinfo/current/icu/icu_tzdata.dat
08-05 02:07:21.294 14994 14994 I Radio-JNI: register_android_hardware_Radio DONE
08-05 02:07:21.323 14994 14994 D AndroidRuntime: Calling main entry com.android.commands.input.Input
08-05 02:07:21.325 14994 14994 I Input   : injectMotionEvent: MotionEvent { action=ACTION_DOWN, actionButton=0, id[0]=0, x[0]=648.0, y[0]=709.0, toolType[0]=TOOL_TYPE_UNKNOWN, buttonState=0, metaState=0, flags=0x0, edgeFlags=0x0, pointerCount=1, historySize=0, eventTime=756457737, downTime=756457737, deviceId=0, source=0x1002 }
08-05 02:07:21.330 14994 14994 I Input   : injectMotionEvent: MotionEvent { action=ACTION_UP, actionButton=0, id[0]=0, x[0]=648.0, y[0]=709.0, toolType[0]=TOOL_TYPE_UNKNOWN, buttonState=0, metaState=0, flags=0x0, edgeFlags=0x0, pointerCount=1, historySize=0, eventTime=756457737, downTime=756457737, deviceId=0, source=0x1002 }
08-05 02:07:21.332 14994 14994 D AndroidRuntime: Shutting down VM
08-05 02:07:21.398   512  2967 D audio_hw_primary: out_set_parameters: enter: usecase(1: low-latency-playback) kvpairs: routing=2
08-05 02:07:21.411   512  2967 D audio_hw_primary: select_devices: out_snd_device(2: speaker) in_snd_device(0: none)
08-05 02:07:21.412   512  2967 D msm8974_platform: platform_send_audio_calibration: sending audio calibration for snd_device(2) acdb_id(15)
08-05 02:07:21.412   512  2967 I soundtrigger: audio_extn_sound_trigger_update_device_status: device 0x2 of type 0 for Event 1
08-05 02:07:21.421   512  2967 D audio_hw_primary: enable_snd_device: snd_device(2: speaker)
08-05 02:07:21.424   512  2967 D audio_hw_primary: enable_audio_route: apply and update mixer path: low-latency-playback speaker
08-05 02:07:21.446 13999 14385 I art     : Starting a blocking GC Explicit
08-05 02:07:21.510 13999 14385 I art     : Explicit concurrent mark sweep GC freed 2057(133KB) AllocSpace objects, 2(40KB) LOS objects, 30% free, 36MB/52MB, paused 484us total 63.830ms
08-05 02:07:21.532 13999 14385 I art     : Starting a blocking GC Explicit
08-05 02:07:21.598 13999 14385 I art     : Explicit concurrent mark sweep GC freed 150(6KB) AllocSpace objects, 0(0B) LOS objects, 30% free, 36MB/52MB, paused 581us total 65.440ms
08-05 02:07:21.624   918   927 I art     : Background partial concurrent mark sweep GC freed 96415(11MB) AllocSpace objects, 160(3MB) LOS objects, 18% free, 69MB/85MB, paused 1.788ms total 225.258ms
08-05 02:07:21.625 13999 14385 I art     : Starting a blocking GC Explicit
08-05 02:07:21.687 13999 14385 I art     : Explicit concurrent mark sweep GC freed 7(240B) AllocSpace objects, 0(0B) LOS objects, 30% free, 36MB/52MB, paused 503us total 62.391ms
08-05 02:07:21.711 13999 14385 I art     : Starting a blocking GC Explicit
08-05 02:07:21.780 13999 14385 I art     : Explicit concurrent mark sweep GC freed 3(96B) AllocSpace objects, 0(0B) LOS objects, 30% free, 36MB/52MB, paused 582us total 69.298ms
08-05 02:07:21.809 13999 14385 I art     : Starting a blocking GC Explicit
08-05 02:07:21.883 13999 14385 I art     : Explicit concurrent mark sweep GC freed 39(1440B) AllocSpace objects, 0(0B) LOS objects, 30% free, 36MB/52MB, paused 498us total 73.950ms
08-05 02:07:21.969   512  2967 D audio_hw_primary: disable_audio_route: reset and update mixer path: low-latency-playback speaker
08-05 02:07:21.970   512  2967 D audio_hw_primary: disable_snd_device: snd_device(2: speaker)
08-05 02:07:21.980   512  2967 I soundtrigger: audio_extn_sound_trigger_update_device_status: device 0x2 of type 0 for Event 0
08-05 02:07:22.228 13999 14385 I art     : Starting a blocking GC Explicit
08-05 02:07:22.304 13999 14385 I art     : Explicit concurrent mark sweep GC freed 1296(75KB) AllocSpace objects, 1(20KB) LOS objects, 30% free, 36MB/52MB, paused 456us total 75.613ms
08-05 02:07:22.327 13999 14385 I art     : Starting a blocking GC Explicit
08-05 02:07:22.397 13999 14385 I art     : Explicit concurrent mark sweep GC freed 22(752B) AllocSpace objects, 0(0B) LOS objects, 30% free, 36MB/52MB, paused 472us total 69.751ms
08-05 02:07:22.421 13999 14385 I art     : Starting a blocking GC Explicit
08-05 02:07:22.493 13999 14385 I art     : Explicit concurrent mark sweep GC freed 3(96B) AllocSpace objects, 0(0B) LOS objects, 30% free, 36MB/52MB, paused 431us total 72.212ms
08-05 02:07:22.517 13999 14385 I art     : Starting a blocking GC Explicit
08-05 02:07:22.588 13999 14385 I art     : Explicit concurrent mark sweep GC freed 3(96B) AllocSpace objects, 0(0B) LOS objects, 30% free, 36MB/52MB, paused 514us total 70.938ms
08-05 02:07:22.611 13999 14385 I art     : Starting a blocking GC Explicit
08-05 02:07:22.676 13999 14385 I art     : Explicit concurrent mark sweep GC freed 3(96B) AllocSpace objects, 0(0B) LOS objects, 30% free, 36MB/52MB, paused 451us total 64.631ms
08-05 02:07:23.010 13999 14213 I art     : Starting a blocking GC Explicit
08-05 02:07:23.097 13999 14213 I art     : Explicit concurrent mark sweep GC freed 1299(75KB) AllocSpace objects, 1(20KB) LOS objects, 30% free, 36MB/52MB, paused 465us total 86.508ms
08-05 02:07:23.121 13999 14213 I art     : Starting a blocking GC Explicit
08-05 02:07:23.124 15027 15027 D AndroidRuntime: >>>>>> START com.android.internal.os.RuntimeInit uid 2000 <<<<<<
08-05 02:07:23.131 15027 15027 D AndroidRuntime: CheckJNI is OFF
08-05 02:07:23.174 15027 15027 D ICU     : No timezone override file found: /data/misc/zoneinfo/current/icu/icu_tzdata.dat
08-05 02:07:23.191 13999 14213 I art     : Explicit concurrent mark sweep GC freed 29(976B) AllocSpace objects, 0(0B) LOS objects, 30% free, 36MB/52MB, paused 604us total 69.174ms
08-05 02:07:23.213 13999 14213 I art     : Starting a blocking GC Explicit
08-05 02:07:23.220 15027 15027 I Radio-JNI: register_android_hardware_Radio DONE
08-05 02:07:23.249 15027 15027 D AndroidRuntime: Calling main entry com.android.commands.input.Input
08-05 02:07:23.251 15027 15027 I Input   : injectMotionEvent: MotionEvent { action=ACTION_DOWN, actionButton=0, id[0]=0, x[0]=1197.0, y[0]=1456.0, toolType[0]=TOOL_TYPE_UNKNOWN, buttonState=0, metaState=0, flags=0x0, edgeFlags=0x0, pointerCount=1, historySize=0, eventTime=756459663, downTime=756459663, deviceId=0, source=0x1002 }
08-05 02:07:23.260 15027 15027 I Input   : injectMotionEvent: MotionEvent { action=ACTION_UP, actionButton=0, id[0]=0, x[0]=1197.0, y[0]=1456.0, toolType[0]=TOOL_TYPE_UNKNOWN, buttonState=0, metaState=0, flags=0x0, edgeFlags=0x0, pointerCount=1, historySize=0, eventTime=756459663, downTime=756459663, deviceId=0, source=0x1002 }
08-05 02:07:23.261 15027 15027 D AndroidRuntime: Shutting down VM
08-05 02:07:23.275   512  2967 D audio_hw_primary: out_set_parameters: enter: usecase(1: low-latency-playback) kvpairs: routing=2
08-05 02:07:23.276 13999 14213 I art     : Explicit concurrent mark sweep GC freed 20(736B) AllocSpace objects, 0(0B) LOS objects, 30% free, 36MB/52MB, paused 456us total 62.748ms
08-05 02:07:23.288   512  2967 D audio_hw_primary: select_devices: out_snd_device(2: speaker) in_snd_device(0: none)
08-05 02:07:23.288   512  2967 D msm8974_platform: platform_send_audio_calibration: sending audio calibration for snd_device(2) acdb_id(15)
08-05 02:07:23.288   512  2967 I soundtrigger: audio_extn_sound_trigger_update_device_status: device 0x2 of type 0 for Event 1
08-05 02:07:23.297 13999 14213 I art     : Starting a blocking GC Explicit
08-05 02:07:23.298   512  2967 D audio_hw_primary: enable_snd_device: snd_device(2: speaker)
08-05 02:07:23.300   512  2967 D audio_hw_primary: enable_audio_route: apply and update mixer path: low-latency-playback speaker
08-05 02:07:23.336 13999 14018 D OpenGLRenderer: endAllStagingAnimators on 0x7f94949800 (RippleDrawable) with handle 0x7f7a87efc0
08-05 02:07:23.343 13999 13999 I SettingsManager: Setting string: savedCourse
08-05 02:07:23.357   918   929 W BackupManagerService: dataChanged but no participant pkg='baseline.com.ak.uobtimetable' uid=10684
08-05 02:07:23.358   918  3359 I ActivityManager: START u0 {flg=0x4000000 cmp=baseline.com.ak.uobtimetable/.MainActivity (has extras)} from uid 10684 on display 0
08-05 02:07:23.359 13999 14213 I art     : Explicit concurrent mark sweep GC freed 2411(124KB) AllocSpace objects, 1(20KB) LOS objects, 30% free, 36MB/52MB, paused 595us total 61.560ms
08-05 02:07:23.370   918  6112 W InputMethodManagerService: Focus gain on non-focused client com.android.internal.view.IInputMethodClient$Stub$Proxy@c23c1ef (uid=10684 pid=13999)
08-05 02:07:23.380 13999 14213 I art     : Starting a blocking GC Explicit
08-05 02:07:23.388 13999 13999 D MainActivity: OnDestroy
08-05 02:07:23.413 13999 13999 D MainActivity: onCreate
08-05 02:07:23.413 13999 13999 I SettingsManager: Getting string: savedSessions
08-05 02:07:23.413 13999 13999 I SettingsManager: Getting string: savedSessions
08-05 02:07:23.423 13999 13999 I SettingsManager: Getting string: savedSessionsCourseName
08-05 02:07:23.423 13999 13999 I SettingsManager: Getting string: savedSessionsCourseName
08-05 02:07:23.423 13999 13999 I SettingsManager: Getting string: savedSessionsDateRange
08-05 02:07:23.423 13999 13999 I SettingsManager: Getting string: savedSessionsDateRange
08-05 02:07:23.423 13999 13999 I Settings: 10 saved sessions - Bedfordshire International and EU Foundation Year - Int Foun - Ltn - Y0 Feb FT - Weeks: 24-38 (8 Jun 2020-20 Sep 2020)
08-05 02:07:23.450 13999 14213 I art     : Explicit concurrent mark sweep GC freed 8782(409KB) AllocSpace objects, 0(0B) LOS objects, 30% free, 37MB/53MB, paused 707us total 70.594ms
08-05 02:07:23.468 13999 13999 I SettingsManager: Getting string: savedCourse
08-05 02:07:23.468 13999 13999 D MainActivity: sessionListFragmentArg: updateSessions
08-05 02:07:23.468 13999 13999 D MainActivity: showTermDatesConfigChange: false
08-05 02:07:23.468 13999 13999 D MainActivity: showTermDatesShortcut: false
08-05 02:07:23.469 13999 13999 D MainActivity: Setting initial fragment: SessionListsFragment
08-05 02:07:23.470 13999 13999 I SettingsManager: Getting int: launchCount
08-05 02:07:23.471 13999 13999 D SessionListsFragment: onCreateView
08-05 02:07:23.478 13999 13999 I SettingsManager: Getting string: savedCourse
08-05 02:07:23.482 13999 13999 I SettingsManager: Getting string: savedSessions
08-05 02:07:23.491 13999 13999 D SessionListsFragment: loadArgument: updateSessions
08-05 02:07:23.491 13999 13999 D SessionListsFragment: initialIndex: -1
08-05 02:07:23.493 13999 15053 D HTTP    : Request for: https://uob-timetable-api.adriankeenan.co.uk/sessions?dept=CM010&course=BSAIFAAF%2F02AA%2F0%2FFT&level=Foundation+Year
08-05 02:07:23.506 13999 13999 D TermDatesFragment: WebView loaded
08-05 02:07:23.507 13999 13999 D MainActivity: OnResume
08-05 02:07:23.515 13999 13999 I TermDatesFragment: Webview load %: 10
08-05 02:07:23.608   918   936 I ActivityManager: Displayed baseline.com.ak.uobtimetable/.MainActivity: +237ms
08-05 02:07:23.609 13866 13866 I GoogleInputMethodServic: GoogleInputMethodService.onFinishInput():3138 
08-05 02:07:23.609 13866 13866 I GoogleInputMethodServic: GoogleInputMethodService.onStartInput():1808 
08-05 02:07:23.744 13999 14010 I art     : Starting a blocking GC Explicit
08-05 02:07:23.768 13999 13999 I TermDatesFragment: Webview load %: 70
08-05 02:07:23.772 13999 15053 I NAPPA_EXPERIMENTATION: MetricNetworkRequestExecutionTime: REQUEST_DURATION_SYSTEM='276',REQUEST_DURATION_OKHTTP='64',REQUEST_SYNCHRONOUS='TRUE',RESPONSE_CODE='200',RESPONSE_METHOD='GET',RESPONSE_LENGTH_OKHTTP='-1',RESPONSE_LENGTH_HEADER='1214',REQUEST_PROTOCOL='http/1.1',REQUEST_URL='https://uob-timetable-api.adriankeenan.co.uk/sessions?dept=CM010&course=BSAIFAAF%2F02AA%2F0%2FFT&level=Foundation+Year',
08-05 02:07:23.786 13999 13999 I TermDatesFragment: Webview load %: 100
08-05 02:07:23.787 13999 13999 I TermDatesFragment: Webview load %: 100
08-05 02:07:23.810 13999 15053 I HTTP    : Response was compressed.
08-05 02:07:23.823 13999 14010 I art     : Explicit concurrent mark sweep GC freed 14902(777KB) AllocSpace objects, 7(1600KB) LOS objects, 29% free, 37MB/53MB, paused 1.170ms total 78.291ms
08-05 02:07:23.829   512  2967 D audio_hw_primary: disable_audio_route: reset and update mixer path: low-latency-playback speaker
08-05 02:07:23.830   512  2967 D audio_hw_primary: disable_snd_device: snd_device(2: speaker)
08-05 02:07:23.831 13999 15053 I Service : getSessions response time: 1.10
08-05 02:07:23.832 13999 13999 I SettingsManager: Getting string: savedSessions
08-05 02:07:23.833 13999 13999 I SettingsManager: Getting string: savedSessions
08-05 02:07:23.838   512  2967 I soundtrigger: audio_extn_sound_trigger_update_device_status: device 0x2 of type 0 for Event 0
08-05 02:07:23.845 13999 14010 I art     : Starting a blocking GC Explicit
08-05 02:07:23.850 13999 13999 I Service : Sessions updated: 10
08-05 02:07:23.850 13999 13999 I Service : Sessions removed from new list: 0
08-05 02:07:23.862 13999 13999 I SettingsManager: Setting string: savedSessions
08-05 02:07:23.871   918  5952 W BackupManagerService: dataChanged but no participant pkg='baseline.com.ak.uobtimetable' uid=10684
08-05 02:07:23.871 13999 13999 I SettingsManager: Setting date: savedSessionsTime
08-05 02:07:23.878   918  3670 W BackupManagerService: dataChanged but no participant pkg='baseline.com.ak.uobtimetable' uid=10684
08-05 02:07:23.879 13999 13999 I SettingsManager: Setting string: savedSessionsCourseName
08-05 02:07:23.885   918  4400 W BackupManagerService: dataChanged but no participant pkg='baseline.com.ak.uobtimetable' uid=10684
08-05 02:07:23.885 13999 13999 I SettingsManager: Setting string: savedSessionsDateRange
08-05 02:07:23.885   918  5132 W BackupManagerService: dataChanged but no participant pkg='baseline.com.ak.uobtimetable' uid=10684
08-05 02:07:23.885 13999 13999 I SettingsManager: Setting string: timetableUrl
08-05 02:07:23.886   918   929 W BackupManagerService: dataChanged but no participant pkg='baseline.com.ak.uobtimetable' uid=10684
08-05 02:07:23.886 13999 13999 I SettingsManager: Getting boolean: notifySessionRemindersEnabled
08-05 02:07:23.886 13999 13999 I SettingsManager: Getting int: notifySessionRemindersMinutes
08-05 02:07:23.886 13999 13999 I SettingsManager: Getting boolean: showHiddenSessions
08-05 02:07:23.888 13999 13999 I SessionReminderNotifier: Created session reminder alarm for f7b4771250a919bd729c1c5a4a459c77 at Mon 08:30:00 10/08/20
08-05 02:07:23.891 13999 13999 I SessionReminderNotifier: Created session reminder alarm for a7f879aabdeb78622c8820a5fb7b64cd at Tue 08:30:00 11/08/20
08-05 02:07:23.893 13999 13999 I SessionReminderNotifier: Created session reminder alarm for 7bc8d7e2c2055711f597c3d9078c6ea3 at Tue 08:30:00 11/08/20
08-05 02:07:23.895 13999 13999 I SessionReminderNotifier: Created session reminder alarm for 53c0527a6f009a1f2fd223834d3bfe51 at Tue 10:30:00 11/08/20
08-05 02:07:23.897 13999 13999 I SessionReminderNotifier: Created session reminder alarm for e0fc978b5db8218778540b4053344581 at Tue 11:00:00 11/08/20
08-05 02:07:23.899 13999 13999 I SessionReminderNotifier: Created session reminder alarm for 199afb0100f329ff65a09e1b0cd9deba at Tue 11:30:00 11/08/20
08-05 02:07:23.902 13999 13999 I SessionReminderNotifier: Created session reminder alarm for 21712fef61090882c855a1425543edb5 at Tue 13:30:00 11/08/20
08-05 02:07:23.904 13999 14010 I art     : Explicit concurrent mark sweep GC freed 44573(2MB) AllocSpace objects, 6(172KB) LOS objects, 30% free, 36MB/52MB, paused 667us total 58.527ms
08-05 02:07:23.905 13999 13999 I SessionReminderNotifier: Created session reminder alarm for 65ca4d97f031f29a4d02bbb45a705d8f at Wed 08:30:00 05/08/20
08-05 02:07:23.907 13999 13999 I SessionReminderNotifier: Created session reminder alarm for eeda7741b0bcab58fd9f46dc6ef1d942 at Wed 08:30:00 05/08/20
08-05 02:07:23.910 13999 13999 I SessionReminderNotifier: Created session reminder alarm for c276c1b2075a0beb67f1b3d1e580f920 at Wed 11:00:00 05/08/20
08-05 02:07:23.912 13999 13999 I SessionReminderNotifier: Created session reminder alarm for 8b1f3627e42ae13a6f6ba0a83903dde1 at Wed 13:30:00 05/08/20
08-05 02:07:23.914 13999 13999 I SessionReminderNotifier: Created session reminder alarm for 79fe0b5c3b887a13ba29db5a33fa2800 at Thu 08:30:00 06/08/20
08-05 02:07:23.916 13999 13999 I SessionReminderNotifier: Created session reminder alarm for cb9dfc8231cdba2be0835dc5709690e1 at Thu 08:30:00 06/08/20
08-05 02:07:23.918 13999 13999 I SessionReminderNotifier: Created session reminder alarm for f850dc24d6de60b7b89fa9e1a8c224c5 at Thu 12:00:00 06/08/20
08-05 02:07:23.920 13999 13999 I SessionReminderNotifier: Created session reminder alarm for 2ba1034116e4fffdd592dbf0796a43d5 at Fri 08:30:00 07/08/20
08-05 02:07:23.920 13999 13999 I SettingsManager: Getting boolean: showHiddenSessions
08-05 02:07:23.920 13999 13999 D SessionListsFragment: 1 sessions for day 0
08-05 02:07:23.921 13999 13999 D SessionListsFragment: 6 sessions for day 1
08-05 02:07:23.921 13999 13999 D SessionListsFragment: 4 sessions for day 2
08-05 02:07:23.921 13999 13999 D SessionListsFragment: 3 sessions for day 3
08-05 02:07:23.921 13999 13999 D SessionListsFragment: 1 sessions for day 4
08-05 02:07:23.923 13999 14010 I art     : Starting a blocking GC Explicit
08-05 02:07:23.966 13999 13999 I SettingsManager: Getting boolean: showHiddenSessions
08-05 02:07:23.967 13999 13999 D SessionListsFragment: Refreshed ViewPager
08-05 02:07:23.967 13999 13999 I SettingsManager: Getting boolean: showHiddenSessions
08-05 02:07:23.967 13999 13999 I SettingsManager: Getting boolean: completedTutorial
08-05 02:07:23.967 13999 13999 I SettingsManager: Getting boolean: showHiddenSessions
08-05 02:07:23.967 13999 13999 I SettingsManager: Getting date: savedSessionsTime
08-05 02:07:23.984 13999 14010 I art     : Explicit concurrent mark sweep GC freed 5759(284KB) AllocSpace objects, 0(0B) LOS objects, 30% free, 36MB/52MB, paused 1.472ms total 60.272ms
08-05 02:07:24.004 13999 14010 I art     : Starting a blocking GC Explicit
08-05 02:07:24.072 13999 14010 I art     : Explicit concurrent mark sweep GC freed 30374(1213KB) AllocSpace objects, 0(0B) LOS objects, 30% free, 36MB/52MB, paused 1.293ms total 67.181ms
08-05 02:07:24.094 13999 14010 I art     : Starting a blocking GC Explicit
08-05 02:07:24.163 13999 14010 I art     : Explicit concurrent mark sweep GC freed 30683(1254KB) AllocSpace objects, 0(0B) LOS objects, 30% free, 36MB/52MB, paused 1.488ms total 68.930ms
08-05 02:07:24.351 10381 10381 I ServiceManager: Waiting for service AtCmdFwd...
08-05 02:07:24.476 13999 14011 I art     : Starting a blocking GC Explicit
08-05 02:07:24.571 13999 14011 I art     : Explicit concurrent mark sweep GC freed 126120(5MB) AllocSpace objects, 1(20KB) LOS objects, 29% free, 37MB/53MB, paused 1.248ms total 94.217ms
08-05 02:07:24.595 13999 14011 I art     : Starting a blocking GC Explicit
08-05 02:07:24.670 13999 14011 I art     : Explicit concurrent mark sweep GC freed 37532(1678KB) AllocSpace objects, 0(0B) LOS objects, 29% free, 37MB/53MB, paused 1.395ms total 75.688ms
08-05 02:07:24.693 13999 14011 I art     : Starting a blocking GC Explicit
08-05 02:07:24.774 13999 14011 I art     : Explicit concurrent mark sweep GC freed 33381(1385KB) AllocSpace objects, 0(0B) LOS objects, 29% free, 37MB/53MB, paused 1.337ms total 80.956ms
08-05 02:07:24.798 13999 14011 I art     : Starting a blocking GC Explicit
08-05 02:07:24.802 13999 13999 I Choreographer: Skipped 48 frames!  The application may be doing too much work on its main thread.
08-05 02:07:24.867 13999 14011 I art     : Explicit concurrent mark sweep GC freed 6771(309KB) AllocSpace objects, 0(0B) LOS objects, 29% free, 37MB/53MB, paused 590us total 68.631ms
08-05 02:07:24.889 13999 14011 I art     : Starting a blocking GC Explicit
08-05 02:07:24.959 13999 14011 I art     : Explicit concurrent mark sweep GC freed 403(25KB) AllocSpace objects, 0(0B) LOS objects, 29% free, 37MB/53MB, paused 575us total 70.336ms
08-05 02:07:25.320 13999 14385 I art     : Starting a blocking GC Explicit
08-05 02:07:25.352 10381 10381 I ServiceManager: Waiting for service AtCmdFwd...
08-05 02:07:25.401 13999 14385 I art     : Explicit concurrent mark sweep GC freed 123085(11MB) AllocSpace objects, 4(156KB) LOS objects, 37% free, 26MB/42MB, paused 586us total 81.132ms
08-05 02:07:25.416 13999 14385 I art     : Starting a blocking GC Explicit
08-05 02:07:25.459 13999 14385 I art     : Explicit concurrent mark sweep GC freed 18(624B) AllocSpace objects, 0(0B) LOS objects, 37% free, 26MB/42MB, paused 547us total 42.981ms
08-05 02:07:25.474 13999 14385 I art     : Starting a blocking GC Explicit
08-05 02:07:25.520 13999 14385 I art     : Explicit concurrent mark sweep GC freed 3(96B) AllocSpace objects, 0(0B) LOS objects, 37% free, 26MB/42MB, paused 530us total 44.970ms
08-05 02:07:25.536 13999 14385 I art     : Starting a blocking GC Explicit
08-05 02:07:25.583 13999 14385 I art     : Explicit concurrent mark sweep GC freed 15(608B) AllocSpace objects, 0(0B) LOS objects, 37% free, 26MB/42MB, paused 761us total 46.889ms
08-05 02:07:25.597 13999 14385 I art     : Starting a blocking GC Explicit
08-05 02:07:25.634 13999 14385 I art     : Explicit concurrent mark sweep GC freed 41(1328B) AllocSpace objects, 0(0B) LOS objects, 37% free, 26MB/42MB, paused 520us total 37.269ms
08-05 02:07:25.988 13999 14385 I art     : Starting a blocking GC Explicit
08-05 02:07:26.048 13999 14385 I art     : Explicit concurrent mark sweep GC freed 1393(78KB) AllocSpace objects, 1(20KB) LOS objects, 37% free, 26MB/42MB, paused 585us total 59.484ms
08-05 02:07:26.067 13999 14385 I art     : Starting a blocking GC Explicit
08-05 02:07:26.116 13999 14385 I art     : Explicit concurrent mark sweep GC freed 18(624B) AllocSpace objects, 0(0B) LOS objects, 37% free, 26MB/42MB, paused 543us total 48.532ms
08-05 02:07:26.137 13999 14385 I art     : Starting a blocking GC Explicit
08-05 02:07:26.182 13999 14385 I art     : Explicit concurrent mark sweep GC freed 3(96B) AllocSpace objects, 0(0B) LOS objects, 37% free, 26MB/42MB, paused 555us total 45.119ms
08-05 02:07:26.199 13999 14385 I art     : Starting a blocking GC Explicit
08-05 02:07:26.245 13999 14385 I art     : Explicit concurrent mark sweep GC freed 3(96B) AllocSpace objects, 0(0B) LOS objects, 37% free, 26MB/42MB, paused 518us total 45.892ms
08-05 02:07:26.261 13999 14385 I art     : Starting a blocking GC Explicit
08-05 02:07:26.309 13999 14385 I art     : Explicit concurrent mark sweep GC freed 3(96B) AllocSpace objects, 0(0B) LOS objects, 37% free, 26MB/42MB, paused 555us total 47.455ms
08-05 02:07:26.353 10381 10381 I ServiceManager: Waiting for service AtCmdFwd...
08-05 02:07:26.667 13999 14010 I art     : Starting a blocking GC Explicit
08-05 02:07:26.723 13999 14010 I art     : Explicit concurrent mark sweep GC freed 1293(75KB) AllocSpace objects, 1(20KB) LOS objects, 37% free, 26MB/42MB, paused 597us total 55.389ms
08-05 02:07:26.741 13999 14010 I art     : Starting a blocking GC Explicit
08-05 02:07:26.787 13999 14010 I art     : Explicit concurrent mark sweep GC freed 18(624B) AllocSpace objects, 0(0B) LOS objects, 37% free, 26MB/42MB, paused 635us total 45.838ms
08-05 02:07:26.804 13999 14010 I art     : Starting a blocking GC Explicit
08-05 02:07:26.851 13999 14010 I art     : Explicit concurrent mark sweep GC freed 3(96B) AllocSpace objects, 0(0B) LOS objects, 37% free, 26MB/42MB, paused 560us total 47.235ms
08-05 02:07:26.868 13999 14010 I art     : Starting a blocking GC Explicit
08-05 02:07:26.912 13999 14010 I art     : Explicit concurrent mark sweep GC freed 3(96B) AllocSpace objects, 0(0B) LOS objects, 37% free, 26MB/42MB, paused 561us total 43.548ms
08-05 02:07:26.928 13999 14010 I art     : Starting a blocking GC Explicit
08-05 02:07:26.977 13999 14010 I art     : Explicit concurrent mark sweep GC freed 3(96B) AllocSpace objects, 0(0B) LOS objects, 37% free, 26MB/42MB, paused 576us total 48.727ms
08-05 02:07:27.235   518   646 I ThermalEngine: ACTION: GPU - Setting GPU[0] to 510000000
08-05 02:07:27.328 13999 14213 I art     : Starting a blocking GC Explicit
08-05 02:07:27.353 10381 10381 I ServiceManager: Waiting for service AtCmdFwd...
08-05 02:07:27.372 13999 14213 I art     : Explicit concurrent mark sweep GC freed 1311(76KB) AllocSpace objects, 1(20KB) LOS objects, 37% free, 26MB/42MB, paused 389us total 43.521ms
08-05 02:07:27.387 13999 14213 I art     : Starting a blocking GC Explicit
08-05 02:07:27.422 13999 14213 I art     : Explicit concurrent mark sweep GC freed 24(880B) AllocSpace objects, 0(0B) LOS objects, 37% free, 26MB/42MB, paused 365us total 34.959ms
08-05 02:07:27.435 13999 14213 I art     : Starting a blocking GC Explicit
08-05 02:07:27.470 13999 14213 I art     : Explicit concurrent mark sweep GC freed 3(96B) AllocSpace objects, 0(0B) LOS objects, 37% free, 26MB/42MB, paused 368us total 34.567ms
08-05 02:07:27.482 13999 14213 I art     : Starting a blocking GC Explicit
08-05 02:07:27.514 13999 14213 I art     : Explicit concurrent mark sweep GC freed 3(96B) AllocSpace objects, 0(0B) LOS objects, 37% free, 26MB/42MB, paused 341us total 32.242ms
08-05 02:07:27.527 13999 14213 I art     : Starting a blocking GC Explicit
08-05 02:07:27.560 13999 14213 I art     : Explicit concurrent mark sweep GC freed 3(96B) AllocSpace objects, 0(0B) LOS objects, 37% free, 26MB/42MB, paused 337us total 32.100ms
08-05 02:07:27.875 13999 14011 I art     : Starting a blocking GC Explicit
08-05 02:07:27.911 13999 14011 I art     : Explicit concurrent mark sweep GC freed 1306(76KB) AllocSpace objects, 1(20KB) LOS objects, 37% free, 26MB/42MB, paused 357us total 36.070ms
08-05 02:07:27.925 13999 14011 I art     : Starting a blocking GC Explicit
08-05 02:07:27.940 15126 15126 D AndroidRuntime: >>>>>> START com.android.internal.os.RuntimeInit uid 2000 <<<<<<
08-05 02:07:27.944 15126 15126 D AndroidRuntime: CheckJNI is OFF
08-05 02:07:27.960 13999 14011 I art     : Explicit concurrent mark sweep GC freed 19(640B) AllocSpace objects, 0(0B) LOS objects, 37% free, 26MB/42MB, paused 356us total 34.087ms
08-05 02:07:27.972 13999 14011 I art     : Starting a blocking GC Explicit
08-05 02:07:27.981 15126 15126 D ICU     : No timezone override file found: /data/misc/zoneinfo/current/icu/icu_tzdata.dat
08-05 02:07:28.003 13999 14011 I art     : Explicit concurrent mark sweep GC freed 8(240B) AllocSpace objects, 0(0B) LOS objects, 37% free, 26MB/42MB, paused 353us total 30.823ms
08-05 02:07:28.013 15126 15126 I Radio-JNI: register_android_hardware_Radio DONE
08-05 02:07:28.015 13999 14011 I art     : Starting a blocking GC Explicit
08-05 02:07:28.036 15126 15126 D AndroidRuntime: Calling main entry com.android.commands.input.Input
08-05 02:07:28.038 15126 15126 I Input   : injectMotionEvent: MotionEvent { action=ACTION_DOWN, actionButton=0, id[0]=0, x[0]=81.0, y[0]=176.0, toolType[0]=TOOL_TYPE_UNKNOWN, buttonState=0, metaState=0, flags=0x0, edgeFlags=0x0, pointerCount=1, historySize=0, eventTime=756464451, downTime=756464451, deviceId=0, source=0x1002 }
08-05 02:07:28.043 15126 15126 I Input   : injectMotionEvent: MotionEvent { action=ACTION_UP, actionButton=0, id[0]=0, x[0]=81.0, y[0]=176.0, toolType[0]=TOOL_TYPE_UNKNOWN, buttonState=0, metaState=0, flags=0x0, edgeFlags=0x0, pointerCount=1, historySize=0, eventTime=756464451, downTime=756464451, deviceId=0, source=0x1002 }
08-05 02:07:28.045 13999 14011 I art     : Explicit concurrent mark sweep GC freed 27(1040B) AllocSpace objects, 0(0B) LOS objects, 37% free, 26MB/42MB, paused 456us total 29.700ms
08-05 02:07:28.047 15126 15126 D AndroidRuntime: Shutting down VM
08-05 02:07:28.057 13999 14011 I art     : Starting a blocking GC Explicit
08-05 02:07:28.064   512  2967 D audio_hw_primary: out_set_parameters: enter: usecase(1: low-latency-playback) kvpairs: routing=2
08-05 02:07:28.077   512  2967 D audio_hw_primary: select_devices: out_snd_device(2: speaker) in_snd_device(0: none)
08-05 02:07:28.077   512  2967 D msm8974_platform: platform_send_audio_calibration: sending audio calibration for snd_device(2) acdb_id(15)
08-05 02:07:28.077   512  2967 I soundtrigger: audio_extn_sound_trigger_update_device_status: device 0x2 of type 0 for Event 1
08-05 02:07:28.087   512  2967 D audio_hw_primary: enable_snd_device: snd_device(2: speaker)
08-05 02:07:28.089 13999 14011 I art     : Explicit concurrent mark sweep GC freed 201(7KB) AllocSpace objects, 0(0B) LOS objects, 37% free, 26MB/42MB, paused 487us total 31.364ms
08-05 02:07:28.089   512  2967 D audio_hw_primary: enable_audio_route: apply and update mixer path: low-latency-playback speaker
08-05 02:07:28.096 13866 13866 I GoogleInputMethodServic: GoogleInputMethodService.onFinishInput():3138 
08-05 02:07:28.097 13866 13866 I GoogleInputMethodServic: GoogleInputMethodService.onStartInput():1808 
08-05 02:07:28.354 10381 10381 I ServiceManager: Waiting for service AtCmdFwd...
08-05 02:07:28.361 13999 14385 I art     : Starting a blocking GC Explicit
08-05 02:07:28.405 13999 14385 I art     : Explicit concurrent mark sweep GC freed 1703(99KB) AllocSpace objects, 1(20KB) LOS objects, 37% free, 26MB/42MB, paused 411us total 43.857ms
08-05 02:07:28.419 13999 14385 I art     : Starting a blocking GC Explicit
08-05 02:07:28.455 13999 14385 I art     : Explicit concurrent mark sweep GC freed 30(1168B) AllocSpace objects, 0(0B) LOS objects, 37% free, 26MB/42MB, paused 337us total 35.744ms
08-05 02:07:28.467 13999 14385 I art     : Starting a blocking GC Explicit
08-05 02:07:28.498 13999 14385 I art     : Explicit concurrent mark sweep GC freed 21(1008B) AllocSpace objects, 0(0B) LOS objects, 37% free, 26MB/42MB, paused 380us total 31.187ms
08-05 02:07:28.511 13999 14385 I art     : Starting a blocking GC Explicit
08-05 02:07:28.546 13999 14385 I art     : Explicit concurrent mark sweep GC freed 13(416B) AllocSpace objects, 0(0B) LOS objects, 37% free, 26MB/42MB, paused 362us total 34.352ms
08-05 02:07:28.561 13999 14385 I art     : Starting a blocking GC Explicit
08-05 02:07:28.593 13999 14385 I art     : Explicit concurrent mark sweep GC freed 3(96B) AllocSpace objects, 0(0B) LOS objects, 37% free, 26MB/42MB, paused 367us total 31.846ms
08-05 02:07:28.630   512  2967 D audio_hw_primary: disable_audio_route: reset and update mixer path: low-latency-playback speaker
08-05 02:07:28.631   512  2967 D audio_hw_primary: disable_snd_device: snd_device(2: speaker)
08-05 02:07:28.638   512  2967 I soundtrigger: audio_extn_sound_trigger_update_device_status: device 0x2 of type 0 for Event 0
08-05 02:07:28.899 13999 14011 I art     : Starting a blocking GC Explicit
08-05 02:07:28.944 13999 14011 I art     : Explicit concurrent mark sweep GC freed 1293(75KB) AllocSpace objects, 1(20KB) LOS objects, 37% free, 26MB/42MB, paused 404us total 44.097ms
08-05 02:07:28.959 13999 14011 I art     : Starting a blocking GC Explicit
08-05 02:07:28.994 13999 14011 I art     : Explicit concurrent mark sweep GC freed 20(688B) AllocSpace objects, 0(0B) LOS objects, 37% free, 26MB/42MB, paused 360us total 35.076ms
08-05 02:07:29.007 13999 14011 I art     : Starting a blocking GC Explicit
08-05 02:07:29.042 13999 14011 I art     : Explicit concurrent mark sweep GC freed 3(96B) AllocSpace objects, 0(0B) LOS objects, 37% free, 26MB/42MB, paused 366us total 34.888ms
08-05 02:07:29.055 13999 14011 I art     : Starting a blocking GC Explicit
08-05 02:07:29.090 13999 14011 I art     : Explicit concurrent mark sweep GC freed 3(96B) AllocSpace objects, 0(0B) LOS objects, 37% free, 26MB/42MB, paused 466us total 34.752ms
08-05 02:07:29.103 13999 14011 I art     : Starting a blocking GC Explicit
08-05 02:07:29.136 13999 14011 I art     : Explicit concurrent mark sweep GC freed 3(96B) AllocSpace objects, 0(0B) LOS objects, 37% free, 26MB/42MB, paused 359us total 33.375ms
08-05 02:07:29.355 10381 10381 W Atfwd_Sendcmd: AtCmdFwd service not published, waiting... retryCnt : 5
08-05 02:07:29.418 13999 14385 I art     : Starting a blocking GC Explicit
08-05 02:07:29.453 13999 14385 I art     : Explicit concurrent mark sweep GC freed 1293(75KB) AllocSpace objects, 1(20KB) LOS objects, 37% free, 26MB/42MB, paused 372us total 34.649ms
08-05 02:07:29.466 13999 14385 I art     : Starting a blocking GC Explicit
08-05 02:07:29.499 13999 14385 I art     : Explicit concurrent mark sweep GC freed 18(624B) AllocSpace objects, 0(0B) LOS objects, 37% free, 26MB/42MB, paused 371us total 33.625ms
08-05 02:07:29.512 13999 14385 I art     : Starting a blocking GC Explicit
08-05 02:07:29.544 13999 14385 I art     : Explicit concurrent mark sweep GC freed 3(96B) AllocSpace objects, 0(0B) LOS objects, 37% free, 26MB/42MB, paused 389us total 32.429ms
08-05 02:07:29.556 13999 14385 I art     : Starting a blocking GC Explicit
08-05 02:07:29.590 13999 14385 I art     : Explicit concurrent mark sweep GC freed 3(96B) AllocSpace objects, 0(0B) LOS objects, 37% free, 26MB/42MB, paused 369us total 33.099ms
08-05 02:07:29.602 13999 14385 I art     : Starting a blocking GC Explicit
08-05 02:07:29.635 13999 14385 I art     : Explicit concurrent mark sweep GC freed 3(96B) AllocSpace objects, 0(0B) LOS objects, 37% free, 26MB/42MB, paused 363us total 32.800ms
08-05 02:07:29.712 15171 15171 D AndroidRuntime: >>>>>> START com.android.internal.os.RuntimeInit uid 2000 <<<<<<
08-05 02:07:29.717 15171 15171 D AndroidRuntime: CheckJNI is OFF
08-05 02:07:29.750 15171 15171 D ICU     : No timezone override file found: /data/misc/zoneinfo/current/icu/icu_tzdata.dat
08-05 02:07:29.782 15171 15171 I Radio-JNI: register_android_hardware_Radio DONE
08-05 02:07:29.804 15171 15171 D AndroidRuntime: Calling main entry com.android.commands.input.Input
08-05 02:07:29.806 15171 15171 I Input   : injectMotionEvent: MotionEvent { action=ACTION_DOWN, actionButton=0, id[0]=0, x[0]=436.0, y[0]=1770.0, toolType[0]=TOOL_TYPE_UNKNOWN, buttonState=0, metaState=0, flags=0x0, edgeFlags=0x0, pointerCount=1, historySize=0, eventTime=756466218, downTime=756466218, deviceId=0, source=0x1002 }
08-05 02:07:29.812 15171 15171 I Input   : injectMotionEvent: MotionEvent { action=ACTION_UP, actionButton=0, id[0]=0, x[0]=436.0, y[0]=1770.0, toolType[0]=TOOL_TYPE_UNKNOWN, buttonState=0, metaState=0, flags=0x0, edgeFlags=0x0, pointerCount=1, historySize=0, eventTime=756466218, downTime=756466218, deviceId=0, source=0x1002 }
08-05 02:07:29.815 15171 15171 D AndroidRuntime: Shutting down VM
08-05 02:07:29.817 13999 13999 D MainActivity: NavigationItemSelected: Courses
08-05 02:07:29.818   918  6111 I ActivityManager: START u0 {cmp=baseline.com.ak.uobtimetable/.CourseListActivity} from uid 10684 on display 0
08-05 02:07:29.819   512  2967 D audio_hw_primary: out_set_parameters: enter: usecase(1: low-latency-playback) kvpairs: routing=2
08-05 02:07:29.833   512  2967 D audio_hw_primary: select_devices: out_snd_device(2: speaker) in_snd_device(0: none)
08-05 02:07:29.833   512  2967 D msm8974_platform: platform_send_audio_calibration: sending audio calibration for snd_device(2) acdb_id(15)
08-05 02:07:29.833   512  2967 I soundtrigger: audio_extn_sound_trigger_update_device_status: device 0x2 of type 0 for Event 1
08-05 02:07:29.840 13999 13999 D MainActivity: OnPause
08-05 02:07:29.846   512  2967 D audio_hw_primary: enable_snd_device: snd_device(2: speaker)
08-05 02:07:29.848   512  2967 D audio_hw_primary: enable_audio_route: apply and update mixer path: low-latency-playback speaker
08-05 02:07:29.868 13999 13999 D CourseListActivity: onCreate
08-05 02:07:29.869 13999 15202 D HTTP    : Request for: https://uob-timetable-api.adriankeenan.co.uk/courses
08-05 02:07:29.929 13999 14010 I art     : Starting a blocking GC Explicit
08-05 02:07:29.937   918   936 I ActivityManager: Displayed baseline.com.ak.uobtimetable/.CourseListActivity: +96ms
08-05 02:07:29.938 13866 13866 I GoogleInputMethodServic: GoogleInputMethodService.onFinishInput():3138 
08-05 02:07:29.938 13866 13866 I GoogleInputMethodServic: GoogleInputMethodService.onStartInput():1808 
08-05 02:07:29.965 13999 14010 I art     : Explicit concurrent mark sweep GC freed 3994(220KB) AllocSpace objects, 1(20KB) LOS objects, 37% free, 26MB/42MB, paused 625us total 35.880ms
08-05 02:07:29.978 13999 14010 I art     : Starting a blocking GC Explicit
08-05 02:07:30.010 13999 14010 I art     : Explicit concurrent mark sweep GC freed 630(36KB) AllocSpace objects, 0(0B) LOS objects, 37% free, 26MB/42MB, paused 403us total 31.704ms
08-05 02:07:30.022 13999 14010 I art     : Starting a blocking GC Explicit
08-05 02:07:30.054 13999 14010 I art     : Explicit concurrent mark sweep GC freed 3(96B) AllocSpace objects, 0(0B) LOS objects, 37% free, 26MB/42MB, paused 391us total 31.716ms
08-05 02:07:30.066 13999 14010 I art     : Starting a blocking GC Explicit
08-05 02:07:30.101 13999 14010 I art     : Explicit concurrent mark sweep GC freed 3(96B) AllocSpace objects, 0(0B) LOS objects, 37% free, 26MB/42MB, paused 478us total 34.854ms
08-05 02:07:30.116 13999 14010 I art     : Starting a blocking GC Explicit
08-05 02:07:30.155 13999 14010 I art     : Explicit concurrent mark sweep GC freed 3(96B) AllocSpace objects, 0(0B) LOS objects, 37% free, 26MB/42MB, paused 395us total 39.182ms
08-05 02:07:30.333 13999 13999 D MainActivity: Saving state
08-05 02:07:30.333 13999 13999 D MainActivity: Saving current fragment: SessionListsFragment
08-05 02:07:30.333 13999 13999 D MainActivity: Saving current index: 2
08-05 02:07:30.334 13999 13999 D SessionListsFragment: Saving state
08-05 02:07:30.388   512  2967 D audio_hw_primary: disable_audio_route: reset and update mixer path: low-latency-playback speaker
08-05 02:07:30.389   512  2967 D audio_hw_primary: disable_snd_device: snd_device(2: speaker)
08-05 02:07:30.397   512  2967 I soundtrigger: audio_extn_sound_trigger_update_device_status: device 0x2 of type 0 for Event 0
08-05 02:07:30.468 13999 14011 I art     : Starting a blocking GC Explicit
08-05 02:07:30.504 13999 14011 I art     : Explicit concurrent mark sweep GC freed 3975(214KB) AllocSpace objects, 4(220KB) LOS objects, 37% free, 26MB/42MB, paused 417us total 35.651ms
08-05 02:07:30.510 13999 15202 I NAPPA_EXPERIMENTATION: MetricNetworkRequestExecutionTime: REQUEST_DURATION_SYSTEM='640',REQUEST_DURATION_OKHTTP='43',REQUEST_SYNCHRONOUS='TRUE',RESPONSE_CODE='200',RESPONSE_METHOD='GET',RESPONSE_LENGTH_OKHTTP='-1',RESPONSE_LENGTH_HEADER='-2',REQUEST_PROTOCOL='http/1.1',REQUEST_URL='https://uob-timetable-api.adriankeenan.co.uk/courses',
08-05 02:07:30.516 13999 14011 I art     : Starting a blocking GC Explicit
08-05 02:07:30.549 13999 14011 I art     : Explicit concurrent mark sweep GC freed 1168(133KB) AllocSpace objects, 0(0B) LOS objects, 35% free, 28MB/44MB, paused 529us total 32.499ms
08-05 02:07:30.561 13999 14011 I art     : Starting a blocking GC Explicit
08-05 02:07:30.592 13999 14011 I art     : Explicit concurrent mark sweep GC freed 44(1552B) AllocSpace objects, 0(0B) LOS objects, 33% free, 32MB/48MB, paused 386us total 30.739ms
08-05 02:07:30.604 13999 14011 I art     : Starting a blocking GC Explicit
08-05 02:07:30.634 13999 14011 I art     : Explicit concurrent mark sweep GC freed 42(1440B) AllocSpace objects, 0(0B) LOS objects, 31% free, 34MB/50MB, paused 401us total 30.248ms
08-05 02:07:30.646 13999 14011 I art     : Starting a blocking GC Explicit
08-05 02:07:30.678 13999 14011 I art     : Explicit concurrent mark sweep GC freed 33(1104B) AllocSpace objects, 0(0B) LOS objects, 29% free, 37MB/53MB, paused 445us total 31.584ms
08-05 02:07:30.878 13999 15202 I HTTP    : Response was compressed.
08-05 02:07:30.961 13999 14385 I art     : Waiting for a blocking GC Explicit
08-05 02:07:30.979 13999 14385 I art     : WaitForGcToComplete blocked for 18.064ms for cause Explicit
08-05 02:07:30.979 13999 14385 I art     : Starting a blocking GC Explicit
08-05 02:07:31.015 13999 14385 I art     : Explicit concurrent mark sweep GC freed 23063(1109KB) AllocSpace objects, 0(0B) LOS objects, 27% free, 42MB/58MB, paused 710us total 36.004ms
08-05 02:07:31.027 13999 14385 I art     : Starting a blocking GC Explicit
08-05 02:07:31.064 13999 14385 I art     : Explicit concurrent mark sweep GC freed 26854(1264KB) AllocSpace objects, 0(0B) LOS objects, 27% free, 42MB/58MB, paused 725us total 36.889ms
08-05 02:07:31.076 13999 14385 I art     : Starting a blocking GC Explicit
08-05 02:07:31.112 13999 14385 I art     : Explicit concurrent mark sweep GC freed 26576(1240KB) AllocSpace objects, 0(0B) LOS objects, 27% free, 42MB/58MB, paused 738us total 35.791ms
08-05 02:07:31.124 13999 14385 I art     : Starting a blocking GC Explicit
08-05 02:07:31.161 13999 14385 I art     : Explicit concurrent mark sweep GC freed 26761(1263KB) AllocSpace objects, 0(0B) LOS objects, 27% free, 42MB/58MB, paused 1.142ms total 36.927ms
08-05 02:07:31.173 13999 14385 I art     : Starting a blocking GC Explicit
08-05 02:07:31.211 13999 14385 I art     : Explicit concurrent mark sweep GC freed 27712(1297KB) AllocSpace objects, 0(0B) LOS objects, 27% free, 42MB/58MB, paused 784us total 38.167ms
08-05 02:07:31.244   518   646 I ThermalEngine: ACTION: GPU - Setting GPU[0] to 450000000
08-05 02:07:31.435 24365 21562 I NetworkScheduler.Stats: Task com.google.android.gms/com.google.android.gms.icing.service.IcingGcmTaskService started execution. cause:4 exec_start_elapsed_seconds: 1739855 [CONTEXT service_id=218 ]
08-05 02:07:31.439 24365 23289 I NetworkScheduler.Stats: Task com.google.android.gms/com.google.android.gms.icing.service.IcingGcmTaskService finished executing. cause:4 result: 1 elapsed_millis: 39 uptime_millis: 39 exec_start_elapsed_seconds: 1739855 [CONTEXT service_id=218 ]
08-05 02:07:31.525 13999 14385 I art     : Starting a blocking GC Explicit
08-05 02:07:31.593 13999 14385 I art     : Explicit concurrent mark sweep GC freed 190359(8MB) AllocSpace objects, 1(20KB) LOS objects, 26% free, 44MB/60MB, paused 840us total 67.725ms
08-05 02:07:31.612 13999 14385 I art     : Starting a blocking GC Explicit
08-05 02:07:31.665 13999 14385 I art     : Explicit concurrent mark sweep GC freed 46990(2MB) AllocSpace objects, 0(0B) LOS objects, 26% free, 44MB/60MB, paused 1.030ms total 53.152ms
08-05 02:07:31.683 13999 14385 I art     : Starting a blocking GC Explicit
08-05 02:07:31.738 13999 14385 I art     : Explicit concurrent mark sweep GC freed 39463(1874KB) AllocSpace objects, 0(0B) LOS objects, 26% free, 44MB/60MB, paused 1.075ms total 55.228ms
08-05 02:07:31.757 13999 14385 I art     : Starting a blocking GC Explicit
08-05 02:07:31.812 13999 14385 I art     : Explicit concurrent mark sweep GC freed 39647(1861KB) AllocSpace objects, 0(0B) LOS objects, 26% free, 45MB/61MB, paused 1.198ms total 55.499ms
08-05 02:07:31.830 13999 14385 I art     : Starting a blocking GC Explicit
08-05 02:07:31.889 13999 14385 I art     : Explicit concurrent mark sweep GC freed 41361(1932KB) AllocSpace objects, 0(0B) LOS objects, 25% free, 45MB/61MB, paused 1.112ms total 58.297ms
08-05 02:07:32.200 13999 14213 I art     : Starting a blocking GC Explicit
08-05 02:07:32.282 13999 14213 I art     : Explicit concurrent mark sweep GC freed 203232(9MB) AllocSpace objects, 1(20KB) LOS objects, 25% free, 47MB/63MB, paused 1.076ms total 81.916ms
08-05 02:07:32.303 13999 14213 I art     : Starting a blocking GC Explicit
08-05 02:07:32.364 13999 14213 I art     : Explicit concurrent mark sweep GC freed 52675(2MB) AllocSpace objects, 0(0B) LOS objects, 25% free, 47MB/63MB, paused 1.275ms total 60.872ms
08-05 02:07:32.384 13999 14213 I art     : Starting a blocking GC Explicit
08-05 02:07:32.448 13999 14213 I art     : Explicit concurrent mark sweep GC freed 44842(2MB) AllocSpace objects, 0(0B) LOS objects, 25% free, 47MB/63MB, paused 1.400ms total 64.168ms
08-05 02:07:32.469 13999 14213 I art     : Starting a blocking GC Explicit
08-05 02:07:32.533 13999 14213 I art     : Explicit concurrent mark sweep GC freed 44172(2MB) AllocSpace objects, 0(0B) LOS objects, 24% free, 48MB/64MB, paused 1.324ms total 63.840ms
08-05 02:07:32.553 13999 14213 I art     : Starting a blocking GC Explicit
08-05 02:07:32.619 13999 14213 I art     : Explicit concurrent mark sweep GC freed 45182(2MB) AllocSpace objects, 0(0B) LOS objects, 24% free, 48MB/64MB, paused 1.390ms total 66.706ms
08-05 02:07:32.937 13999 14011 I art     : Starting a blocking GC Explicit
08-05 02:07:33.026 13999 14011 I art     : Explicit concurrent mark sweep GC freed 204963(9MB) AllocSpace objects, 1(20KB) LOS objects, 24% free, 50MB/66MB, paused 1.370ms total 89.002ms
08-05 02:07:33.049 13999 14011 I art     : Starting a blocking GC Explicit
08-05 02:07:33.120 13999 14011 I art     : Explicit concurrent mark sweep GC freed 56544(2MB) AllocSpace objects, 0(0B) LOS objects, 24% free, 50MB/66MB, paused 1.419ms total 71.081ms
08-05 02:07:33.141 13999 14011 I art     : Starting a blocking GC Explicit
08-05 02:07:33.214 13999 14011 I art     : Explicit concurrent mark sweep GC freed 49935(2MB) AllocSpace objects, 0(0B) LOS objects, 23% free, 50MB/66MB, paused 1.469ms total 72.351ms
08-05 02:07:33.235 13999 14011 I art     : Starting a blocking GC Explicit
08-05 02:07:33.309 13999 14011 I art     : Explicit concurrent mark sweep GC freed 50058(2MB) AllocSpace objects, 0(0B) LOS objects, 23% free, 51MB/67MB, paused 1.409ms total 73.412ms
08-05 02:07:33.330 13999 14011 I art     : Starting a blocking GC Explicit
08-05 02:07:33.405 13999 14011 I art     : Explicit concurrent mark sweep GC freed 50373(2MB) AllocSpace objects, 0(0B) LOS objects, 23% free, 51MB/67MB, paused 1.436ms total 74.550ms
08-05 02:07:33.684 13999 15202 I Service : getCourses response time: 0.69
08-05 02:07:33.687 13999 13999 I SettingsManager: Getting string: savedCourse
08-05 02:07:33.725 13999 14011 I art     : Starting a blocking GC Explicit
08-05 02:07:33.825 13999 14011 I art     : Explicit concurrent mark sweep GC freed 156540(7MB) AllocSpace objects, 2(15MB) LOS objects, 29% free, 37MB/53MB, paused 1.079ms total 99.590ms
08-05 02:07:33.847 13999 14011 I art     : Starting a blocking GC Explicit
08-05 02:07:33.919 13999 14011 I art     : Explicit concurrent mark sweep GC freed 428(14KB) AllocSpace objects, 0(0B) LOS objects, 29% free, 37MB/53MB, paused 529us total 71.405ms
08-05 02:07:33.944 13999 14011 I art     : Starting a blocking GC Explicit
08-05 02:07:34.024 13999 14011 I art     : Explicit concurrent mark sweep GC freed 680(64KB) AllocSpace objects, 0(0B) LOS objects, 29% free, 37MB/53MB, paused 579us total 79.356ms
08-05 02:07:34.024 13999 14009 I art     : WaitForGcToComplete blocked for 79.707ms for cause HeapTrim
08-05 02:07:34.050 13999 14011 I art     : Starting a blocking GC Explicit
08-05 02:07:34.132 13999 14011 I art     : Explicit concurrent mark sweep GC freed 3(96B) AllocSpace objects, 0(0B) LOS objects, 29% free, 37MB/53MB, paused 566us total 82.370ms
08-05 02:07:34.158 13999 14011 I art     : Starting a blocking GC Explicit
08-05 02:07:34.240 13999 14011 I art     : Explicit concurrent mark sweep GC freed 3(96B) AllocSpace objects, 0(0B) LOS objects, 29% free, 37MB/53MB, paused 586us total 81.435ms
08-05 02:07:34.593 13999 14213 I art     : Starting a blocking GC Explicit
08-05 02:07:34.695 13999 14213 I art     : Explicit concurrent mark sweep GC freed 1293(75KB) AllocSpace objects, 1(20KB) LOS objects, 29% free, 37MB/53MB, paused 550us total 101.092ms
08-05 02:07:34.722 13999 14213 I art     : Starting a blocking GC Explicit
08-05 02:07:34.803 13999 14213 I art     : Explicit concurrent mark sweep GC freed 18(624B) AllocSpace objects, 0(0B) LOS objects, 29% free, 37MB/53MB, paused 565us total 81.377ms
08-05 02:07:34.829 13999 14213 I art     : Starting a blocking GC Explicit
08-05 02:07:34.908 13999 14213 I art     : Explicit concurrent mark sweep GC freed 3(96B) AllocSpace objects, 0(0B) LOS objects, 29% free, 37MB/53MB, paused 643us total 78.578ms
08-05 02:07:34.933 13999 14213 I art     : Starting a blocking GC Explicit
08-05 02:07:35.017 13999 14213 I art     : Explicit concurrent mark sweep GC freed 3(96B) AllocSpace objects, 0(0B) LOS objects, 29% free, 37MB/53MB, paused 596us total 83.985ms
08-05 02:07:35.043 13999 14213 I art     : Starting a blocking GC Explicit
08-05 02:07:35.122 13999 14213 I art     : Explicit concurrent mark sweep GC freed 3(96B) AllocSpace objects, 0(0B) LOS objects, 29% free, 37MB/53MB, paused 562us total 78.492ms
08-05 02:07:35.478 13999 14385 I art     : Starting a blocking GC Explicit
08-05 02:07:35.579 13999 14385 I art     : Explicit concurrent mark sweep GC freed 1296(75KB) AllocSpace objects, 1(20KB) LOS objects, 29% free, 37MB/53MB, paused 593us total 100.005ms
08-05 02:07:35.608 13999 14385 I art     : Starting a blocking GC Explicit
08-05 02:07:35.692 13999 14385 I art     : Explicit concurrent mark sweep GC freed 18(624B) AllocSpace objects, 0(0B) LOS objects, 29% free, 37MB/53MB, paused 564us total 83.854ms
08-05 02:07:35.718 13999 14385 I art     : Starting a blocking GC Explicit
08-05 02:07:35.800 13999 14385 I art     : Explicit concurrent mark sweep GC freed 3(96B) AllocSpace objects, 0(0B) LOS objects, 29% free, 37MB/53MB, paused 564us total 82.231ms
08-05 02:07:35.826 13999 14385 I art     : Starting a blocking GC Explicit
08-05 02:07:35.910 13999 14385 I art     : Explicit concurrent mark sweep GC freed 3(96B) AllocSpace objects, 0(0B) LOS objects, 29% free, 37MB/53MB, paused 564us total 84.005ms
08-05 02:07:35.936 13999 14385 I art     : Starting a blocking GC Explicit
08-05 02:07:36.016 13999 14385 I art     : Explicit concurrent mark sweep GC freed 3(96B) AllocSpace objects, 0(0B) LOS objects, 29% free, 37MB/53MB, paused 564us total 80.330ms
08-05 02:07:36.330 13999 14011 I art     : Starting a blocking GC Explicit
08-05 02:07:36.418 13999 14011 I art     : Explicit concurrent mark sweep GC freed 1293(75KB) AllocSpace objects, 1(20KB) LOS objects, 29% free, 37MB/53MB, paused 613us total 87.118ms
08-05 02:07:36.442 13999 14011 I art     : Starting a blocking GC Explicit
08-05 02:07:36.519 13999 14011 I art     : Explicit concurrent mark sweep GC freed 18(624B) AllocSpace objects, 0(0B) LOS objects, 29% free, 37MB/53MB, paused 577us total 76.786ms
08-05 02:07:36.544 13999 14011 I art     : Starting a blocking GC Explicit
08-05 02:07:36.612 15284 15284 D AndroidRuntime: >>>>>> START com.android.internal.os.RuntimeInit uid 2000 <<<<<<
08-05 02:07:36.618 15284 15284 D AndroidRuntime: CheckJNI is OFF
08-05 02:07:36.622 13999 14011 I art     : Explicit concurrent mark sweep GC freed 3(96B) AllocSpace objects, 0(0B) LOS objects, 29% free, 37MB/53MB, paused 585us total 77.964ms
08-05 02:07:36.646 13999 14011 I art     : Starting a blocking GC Explicit
08-05 02:07:36.666 15284 15284 D ICU     : No timezone override file found: /data/misc/zoneinfo/current/icu/icu_tzdata.dat
08-05 02:07:36.712 15284 15284 I Radio-JNI: register_android_hardware_Radio DONE
08-05 02:07:36.721 13999 14011 I art     : Explicit concurrent mark sweep GC freed 3(96B) AllocSpace objects, 0(0B) LOS objects, 29% free, 37MB/53MB, paused 573us total 75.268ms
08-05 02:07:36.743 15284 15284 D AndroidRuntime: Calling main entry com.android.commands.input.Input
08-05 02:07:36.745 15284 15284 I Input   : injectMotionEvent: MotionEvent { action=ACTION_DOWN, actionButton=0, id[0]=0, x[0]=648.0, y[0]=709.0, toolType[0]=TOOL_TYPE_UNKNOWN, buttonState=0, metaState=0, flags=0x0, edgeFlags=0x0, pointerCount=1, historySize=0, eventTime=756473158, downTime=756473158, deviceId=0, source=0x1002 }
08-05 02:07:36.745 13999 14011 I art     : Starting a blocking GC Explicit
08-05 02:07:36.752 15284 15284 I Input   : injectMotionEvent: MotionEvent { action=ACTION_UP, actionButton=0, id[0]=0, x[0]=648.0, y[0]=709.0, toolType[0]=TOOL_TYPE_UNKNOWN, buttonState=0, metaState=0, flags=0x0, edgeFlags=0x0, pointerCount=1, historySize=0, eventTime=756473158, downTime=756473158, deviceId=0, source=0x1002 }
08-05 02:07:36.754 15284 15284 D AndroidRuntime: Shutting down VM
08-05 02:07:36.818 13999 14011 I art     : Explicit concurrent mark sweep GC freed 21(768B) AllocSpace objects, 0(0B) LOS objects, 29% free, 37MB/53MB, paused 569us total 72.106ms
08-05 02:07:36.820   512  2967 D audio_hw_primary: out_set_parameters: enter: usecase(1: low-latency-playback) kvpairs: routing=2
08-05 02:07:36.833   512  2967 D audio_hw_primary: select_devices: out_snd_device(2: speaker) in_snd_device(0: none)
08-05 02:07:36.833   512  2967 D msm8974_platform: platform_send_audio_calibration: sending audio calibration for snd_device(2) acdb_id(15)
08-05 02:07:36.833   512  2967 I soundtrigger: audio_extn_sound_trigger_update_device_status: device 0x2 of type 0 for Event 1
08-05 02:07:36.847   512  2967 D audio_hw_primary: enable_snd_device: snd_device(2: speaker)
08-05 02:07:36.849   512  2967 D audio_hw_primary: enable_audio_route: apply and update mixer path: low-latency-playback speaker
08-05 02:07:37.116 13999 14010 I art     : Starting a blocking GC Explicit
08-05 02:07:37.186 13999 14010 I art     : Explicit concurrent mark sweep GC freed 2041(132KB) AllocSpace objects, 2(40KB) LOS objects, 29% free, 37MB/53MB, paused 513us total 69.424ms
08-05 02:07:37.210 13999 14010 I art     : Starting a blocking GC Explicit
08-05 02:07:37.253   518   646 I ThermalEngine: ACTION: GPU - Setting GPU[0] to 510000000
08-05 02:07:37.285 13999 14010 I art     : Explicit concurrent mark sweep GC freed 155(6KB) AllocSpace objects, 0(0B) LOS objects, 29% free, 37MB/53MB, paused 499us total 74.036ms
08-05 02:07:37.309 13999 14010 I art     : Starting a blocking GC Explicit
08-05 02:07:37.383 13999 14010 I art     : Explicit concurrent mark sweep GC freed 5(160B) AllocSpace objects, 0(0B) LOS objects, 29% free, 37MB/53MB, paused 441us total 73.200ms
08-05 02:07:37.390   512  2967 D audio_hw_primary: disable_audio_route: reset and update mixer path: low-latency-playback speaker
08-05 02:07:37.394   512  2967 D audio_hw_primary: disable_snd_device: snd_device(2: speaker)
08-05 02:07:37.404   512  2967 I soundtrigger: audio_extn_sound_trigger_update_device_status: device 0x2 of type 0 for Event 0
08-05 02:07:37.408 13999 14010 I art     : Starting a blocking GC Explicit
08-05 02:07:37.483 13999 14010 I art     : Explicit concurrent mark sweep GC freed 3(96B) AllocSpace objects, 0(0B) LOS objects, 29% free, 37MB/53MB, paused 468us total 74.342ms
08-05 02:07:37.506 13999 14010 I art     : Starting a blocking GC Explicit
08-05 02:07:37.585 13999 14010 I art     : Explicit concurrent mark sweep GC freed 5(160B) AllocSpace objects, 0(0B) LOS objects, 29% free, 37MB/53MB, paused 398us total 78.351ms
08-05 02:07:37.907 13999 14010 I art     : Starting a blocking GC Explicit
08-05 02:07:37.982 13999 14010 I art     : Explicit concurrent mark sweep GC freed 1293(75KB) AllocSpace objects, 1(20KB) LOS objects, 29% free, 37MB/53MB, paused 453us total 75.600ms
08-05 02:07:38.002 13999 14010 I art     : Starting a blocking GC Explicit
08-05 02:07:38.058 13999 14010 I art     : Explicit concurrent mark sweep GC freed 20(688B) AllocSpace objects, 0(0B) LOS objects, 29% free, 37MB/53MB, paused 412us total 55.689ms
08-05 02:07:38.077 13999 14010 I art     : Starting a blocking GC Explicit
08-05 02:07:38.134 13999 14010 I art     : Explicit concurrent mark sweep GC freed 3(96B) AllocSpace objects, 0(0B) LOS objects, 29% free, 37MB/53MB, paused 389us total 56.042ms
08-05 02:07:38.151   918  3261 D WifiStateMachine: starting scan for "H369AA63323"WPA_PSK with 2412,5180
08-05 02:07:38.153 13999 14010 I art     : Starting a blocking GC Explicit
08-05 02:07:38.211 13999 14010 I art     : Explicit concurrent mark sweep GC freed 3(96B) AllocSpace objects, 0(0B) LOS objects, 29% free, 37MB/53MB, paused 376us total 57.859ms
08-05 02:07:38.230 13999 14010 I art     : Starting a blocking GC Explicit
08-05 02:07:38.257   518   646 I ThermalEngine: ACTION: GPU - Setting GPU[0] to 450000000
08-05 02:07:38.298 13999 14010 I art     : Explicit concurrent mark sweep GC freed 3(96B) AllocSpace objects, 0(0B) LOS objects, 29% free, 37MB/53MB, paused 601us total 67.030ms
08-05 02:07:38.440 15329 15329 D AndroidRuntime: >>>>>> START com.android.internal.os.RuntimeInit uid 2000 <<<<<<
08-05 02:07:38.447 15329 15329 D AndroidRuntime: CheckJNI is OFF
08-05 02:07:38.494 15329 15329 D ICU     : No timezone override file found: /data/misc/zoneinfo/current/icu/icu_tzdata.dat
08-05 02:07:38.542 15329 15329 I Radio-JNI: register_android_hardware_Radio DONE
08-05 02:07:38.572 15329 15329 D AndroidRuntime: Calling main entry com.android.commands.input.Input
08-05 02:07:38.575 15329 15329 I Input   : injectMotionEvent: MotionEvent { action=ACTION_DOWN, actionButton=0, id[0]=0, x[0]=1197.0, y[0]=1456.0, toolType[0]=TOOL_TYPE_UNKNOWN, buttonState=0, metaState=0, flags=0x0, edgeFlags=0x0, pointerCount=1, historySize=0, eventTime=756474987, downTime=756474987, deviceId=0, source=0x1002 }
08-05 02:07:38.580 15329 15329 I Input   : injectMotionEvent: MotionEvent { action=ACTION_UP, actionButton=0, id[0]=0, x[0]=1197.0, y[0]=1456.0, toolType[0]=TOOL_TYPE_UNKNOWN, buttonState=0, metaState=0, flags=0x0, edgeFlags=0x0, pointerCount=1, historySize=0, eventTime=756474987, downTime=756474987, deviceId=0, source=0x1002 }
08-05 02:07:38.581 15329 15329 D AndroidRuntime: Shutting down VM
08-05 02:07:38.595   512  2967 D audio_hw_primary: out_set_parameters: enter: usecase(1: low-latency-playback) kvpairs: routing=2
08-05 02:07:38.608   512  2967 D audio_hw_primary: select_devices: out_snd_device(2: speaker) in_snd_device(0: none)
08-05 02:07:38.609   512  2967 D msm8974_platform: platform_send_audio_calibration: sending audio calibration for snd_device(2) acdb_id(15)
08-05 02:07:38.609   512  2967 I soundtrigger: audio_extn_sound_trigger_update_device_status: device 0x2 of type 0 for Event 1
08-05 02:07:38.616 13999 14018 D OpenGLRenderer: endAllStagingAnimators on 0x7f94a28800 (RippleDrawable) with handle 0x7f7a85a080
08-05 02:07:38.620   512  2967 D audio_hw_primary: enable_snd_device: snd_device(2: speaker)
08-05 02:07:38.622   512  2967 D audio_hw_primary: enable_audio_route: apply and update mixer path: low-latency-playback speaker
08-05 02:07:38.626 13999 13999 I SettingsManager: Setting string: savedCourse
08-05 02:07:38.627   918  3670 W BackupManagerService: dataChanged but no participant pkg='baseline.com.ak.uobtimetable' uid=10684
08-05 02:07:38.628   918  4413 I ActivityManager: START u0 {flg=0x4000000 cmp=baseline.com.ak.uobtimetable/.MainActivity (has extras)} from uid 10684 on display 0
08-05 02:07:38.645   918  3359 W InputMethodManagerService: Focus gain on non-focused client com.android.internal.view.IInputMethodClient$Stub$Proxy@c23c1ef (uid=10684 pid=13999)
08-05 02:07:38.660 13999 14010 I art     : Starting a blocking GC Explicit
08-05 02:07:38.661 13999 13999 D MainActivity: OnDestroy
08-05 02:07:38.686 13999 13999 D MainActivity: onCreate
08-05 02:07:38.686 13999 13999 I SettingsManager: Getting string: savedSessions
08-05 02:07:38.686 13999 13999 I SettingsManager: Getting string: savedSessions
08-05 02:07:38.697 13999 13999 I SettingsManager: Getting string: savedSessionsCourseName
08-05 02:07:38.697 13999 13999 I SettingsManager: Getting string: savedSessionsCourseName
08-05 02:07:38.697 13999 13999 I SettingsManager: Getting string: savedSessionsDateRange
08-05 02:07:38.697 13999 13999 I SettingsManager: Getting string: savedSessionsDateRange
08-05 02:07:38.697 13999 13999 I Settings: 15 saved sessions - Artificial Intelligence and Robotics (with Foundation Year) - BSc (Hons) - Ltn - Y0 Feb FT - Weeks: 24-38 (8 Jun 2020-20 Sep 2020)
08-05 02:07:38.740 13999 14010 I art     : Explicit concurrent mark sweep GC freed 12981(618KB) AllocSpace objects, 1(20KB) LOS objects, 29% free, 38MB/54MB, paused 821us total 79.406ms
08-05 02:07:38.741 13999 13999 I SettingsManager: Getting string: savedCourse
08-05 02:07:38.742 13999 13999 D MainActivity: sessionListFragmentArg: updateSessions
08-05 02:07:38.742 13999 13999 D MainActivity: showTermDatesConfigChange: false
08-05 02:07:38.742 13999 13999 D MainActivity: showTermDatesShortcut: false
08-05 02:07:38.744 13999 13999 D MainActivity: Setting initial fragment: SessionListsFragment
08-05 02:07:38.745 13999 13999 I SettingsManager: Getting int: launchCount
08-05 02:07:38.745 13999 13999 D SessionListsFragment: onCreateView
08-05 02:07:38.751 13999 13999 I SettingsManager: Getting string: savedCourse
08-05 02:07:38.756 13999 13999 I SettingsManager: Getting string: savedSessions
08-05 02:07:38.765 13999 14010 I art     : Starting a blocking GC Explicit
08-05 02:07:38.768 13999 13999 D SessionListsFragment: loadArgument: updateSessions
08-05 02:07:38.768 13999 13999 D SessionListsFragment: initialIndex: -1
08-05 02:07:38.770 13999 15353 D HTTP    : Request for: https://uob-timetable-api.adriankeenan.co.uk/sessions?dept=CM010&course=BSAIFAAF%2F02AA%2F0%2FFT&level=Foundation+Year
08-05 02:07:38.786 13999 13999 D TermDatesFragment: WebView loaded
08-05 02:07:38.787 13999 13999 D MainActivity: OnResume
08-05 02:07:38.844 13999 14010 I art     : Explicit concurrent mark sweep GC freed 10770(521KB) AllocSpace objects, 3(1380KB) LOS objects, 29% free, 37MB/53MB, paused 836us total 78.153ms
08-05 02:07:38.866 13999 14010 I art     : Starting a blocking GC Explicit
08-05 02:07:38.884 13999 13999 I TermDatesFragment: Webview load %: 10
08-05 02:07:38.908   918   936 I ActivityManager: Displayed baseline.com.ak.uobtimetable/.MainActivity: +260ms
08-05 02:07:38.909 13866 13866 I GoogleInputMethodServic: GoogleInputMethodService.onFinishInput():3138 
08-05 02:07:38.910 13866 13866 I GoogleInputMethodServic: GoogleInputMethodService.onStartInput():1808 
08-05 02:07:38.938 13999 14010 I art     : Explicit concurrent mark sweep GC freed 954(42KB) AllocSpace objects, 0(0B) LOS objects, 29% free, 38MB/54MB, paused 801us total 71.790ms
08-05 02:07:38.963 13999 14010 I art     : Starting a blocking GC Explicit
08-05 02:07:38.997 13999 13999 I TermDatesFragment: Webview load %: 70
08-05 02:07:39.009 13999 13999 I TermDatesFragment: Webview load %: 100
08-05 02:07:39.009 13999 13999 I TermDatesFragment: Webview load %: 100
08-05 02:07:39.019 13999 15353 I NAPPA_EXPERIMENTATION: MetricNetworkRequestExecutionTime: REQUEST_DURATION_SYSTEM='247',REQUEST_DURATION_OKHTTP='50',REQUEST_SYNCHRONOUS='TRUE',RESPONSE_CODE='200',RESPONSE_METHOD='GET',RESPONSE_LENGTH_OKHTTP='-1',RESPONSE_LENGTH_HEADER='1214',REQUEST_PROTOCOL='http/1.1',REQUEST_URL='https://uob-timetable-api.adriankeenan.co.uk/sessions?dept=CM010&course=BSAIFAAF%2F02AA%2F0%2FFT&level=Foundation+Year',
08-05 02:07:39.032 13999 14010 I art     : Explicit concurrent mark sweep GC freed 4501(236KB) AllocSpace objects, 3(200KB) LOS objects, 29% free, 37MB/53MB, paused 582us total 68.315ms
08-05 02:07:39.054 13999 14010 I art     : Starting a blocking GC Explicit
08-05 02:07:39.061 13999 15353 I HTTP    : Response was compressed.
08-05 02:07:39.075 13999 15353 I Service : getSessions response time: 1.10
08-05 02:07:39.076 13999 13999 I SettingsManager: Getting string: savedSessions
08-05 02:07:39.078 13999 13999 I SettingsManager: Getting string: savedSessions
08-05 02:07:39.093 13999 13999 I Service : Sessions updated: 15
08-05 02:07:39.093 13999 13999 I Service : Sessions removed from new list: 0
08-05 02:07:39.102 13999 13999 I SettingsManager: Setting string: savedSessions
08-05 02:07:39.103   918   928 W BackupManagerService: dataChanged but no participant pkg='baseline.com.ak.uobtimetable' uid=10684
08-05 02:07:39.103 13999 13999 I SettingsManager: Setting date: savedSessionsTime
08-05 02:07:39.112   918  3670 W BackupManagerService: dataChanged but no participant pkg='baseline.com.ak.uobtimetable' uid=10684
08-05 02:07:39.112 13999 13999 I SettingsManager: Setting string: savedSessionsCourseName
08-05 02:07:39.113   918  4413 W BackupManagerService: dataChanged but no participant pkg='baseline.com.ak.uobtimetable' uid=10684
08-05 02:07:39.113 13999 13999 I SettingsManager: Setting string: savedSessionsDateRange
08-05 02:07:39.113   918  3359 W BackupManagerService: dataChanged but no participant pkg='baseline.com.ak.uobtimetable' uid=10684
08-05 02:07:39.114 13999 13999 I SettingsManager: Setting string: timetableUrl
08-05 02:07:39.114   918  6110 W BackupManagerService: dataChanged but no participant pkg='baseline.com.ak.uobtimetable' uid=10684
08-05 02:07:39.114 13999 13999 I SettingsManager: Getting boolean: notifySessionRemindersEnabled
08-05 02:07:39.114 13999 13999 I SettingsManager: Getting int: notifySessionRemindersMinutes
08-05 02:07:39.115 13999 13999 I SettingsManager: Getting boolean: showHiddenSessions
08-05 02:07:39.117 13999 13999 I SessionReminderNotifier: Created session reminder alarm for f7b4771250a919bd729c1c5a4a459c77 at Mon 08:30:00 10/08/20
08-05 02:07:39.119 13999 14010 I art     : Explicit concurrent mark sweep GC freed 53036(2MB) AllocSpace objects, 4(132KB) LOS objects, 30% free, 36MB/52MB, paused 789us total 65.549ms
08-05 02:07:39.120 13999 13999 I SessionReminderNotifier: Created session reminder alarm for a7f879aabdeb78622c8820a5fb7b64cd at Tue 08:30:00 11/08/20
08-05 02:07:39.122 13999 13999 I SessionReminderNotifier: Created session reminder alarm for 7bc8d7e2c2055711f597c3d9078c6ea3 at Tue 08:30:00 11/08/20
08-05 02:07:39.125 13999 13999 I SessionReminderNotifier: Created session reminder alarm for 53c0527a6f009a1f2fd223834d3bfe51 at Tue 10:30:00 11/08/20
08-05 02:07:39.127 13999 13999 I SessionReminderNotifier: Created session reminder alarm for e0fc978b5db8218778540b4053344581 at Tue 11:00:00 11/08/20
08-05 02:07:39.130 13999 13999 I SessionReminderNotifier: Created session reminder alarm for 199afb0100f329ff65a09e1b0cd9deba at Tue 11:30:00 11/08/20
08-05 02:07:39.132 13999 13999 I SessionReminderNotifier: Created session reminder alarm for 21712fef61090882c855a1425543edb5 at Tue 13:30:00 11/08/20
08-05 02:07:39.135 13999 13999 I SessionReminderNotifier: Created session reminder alarm for 65ca4d97f031f29a4d02bbb45a705d8f at Wed 08:30:00 05/08/20
08-05 02:07:39.137 13999 13999 I SessionReminderNotifier: Created session reminder alarm for eeda7741b0bcab58fd9f46dc6ef1d942 at Wed 08:30:00 05/08/20
08-05 02:07:39.139 13999 13999 I SessionReminderNotifier: Created session reminder alarm for c276c1b2075a0beb67f1b3d1e580f920 at Wed 11:00:00 05/08/20
08-05 02:07:39.141 13999 13999 I SessionReminderNotifier: Created session reminder alarm for 8b1f3627e42ae13a6f6ba0a83903dde1 at Wed 13:30:00 05/08/20
08-05 02:07:39.143 13999 13999 I SessionReminderNotifier: Created session reminder alarm for 79fe0b5c3b887a13ba29db5a33fa2800 at Thu 08:30:00 06/08/20
08-05 02:07:39.145 13999 13999 I SessionReminderNotifier: Created session reminder alarm for cb9dfc8231cdba2be0835dc5709690e1 at Thu 08:30:00 06/08/20
08-05 02:07:39.147 13999 13999 I SessionReminderNotifier: Created session reminder alarm for f850dc24d6de60b7b89fa9e1a8c224c5 at Thu 12:00:00 06/08/20
08-05 02:07:39.148 13999 13999 I SessionReminderNotifier: Created session reminder alarm for 2ba1034116e4fffdd592dbf0796a43d5 at Fri 08:30:00 07/08/20
08-05 02:07:39.148 13999 13999 I SettingsManager: Getting boolean: showHiddenSessions
08-05 02:07:39.148 13999 13999 D SessionListsFragment: 1 sessions for day 0
08-05 02:07:39.149 13999 13999 D SessionListsFragment: 6 sessions for day 1
08-05 02:07:39.149 13999 13999 D SessionListsFragment: 4 sessions for day 2
08-05 02:07:39.149 13999 13999 D SessionListsFragment: 3 sessions for day 3
08-05 02:07:39.149 13999 13999 D SessionListsFragment: 1 sessions for day 4
08-05 02:07:39.168   512  2967 D audio_hw_primary: disable_audio_route: reset and update mixer path: low-latency-playback speaker
08-05 02:07:39.169   512  2967 D audio_hw_primary: disable_snd_device: snd_device(2: speaker)
08-05 02:07:39.178   512  2967 I soundtrigger: audio_extn_sound_trigger_update_device_status: device 0x2 of type 0 for Event 0
08-05 02:07:39.191 13999 13999 I SettingsManager: Getting boolean: showHiddenSessions
08-05 02:07:39.192 13999 13999 D SessionListsFragment: Refreshed ViewPager
08-05 02:07:39.192 13999 13999 I SettingsManager: Getting boolean: showHiddenSessions
08-05 02:07:39.192 13999 13999 I SettingsManager: Getting boolean: completedTutorial
08-05 02:07:39.192 13999 13999 I SettingsManager: Getting boolean: showHiddenSessions
08-05 02:07:39.192 13999 13999 I SettingsManager: Getting date: savedSessionsTime
08-05 02:07:39.440 13999 14011 I art     : Starting a blocking GC Explicit
08-05 02:07:39.540 13999 14011 I art     : Explicit concurrent mark sweep GC freed 110685(4MB) AllocSpace objects, 1(20KB) LOS objects, 29% free, 37MB/53MB, paused 2.478ms total 99.906ms
08-05 02:07:39.564 13999 14011 I art     : Starting a blocking GC Explicit
08-05 02:07:39.639 13999 14011 I art     : Explicit concurrent mark sweep GC freed 39642(1721KB) AllocSpace objects, 0(0B) LOS objects, 30% free, 37MB/53MB, paused 1.453ms total 74.577ms
08-05 02:07:39.662 13999 14011 I art     : Starting a blocking GC Explicit
08-05 02:07:39.738 13999 14011 I art     : Explicit concurrent mark sweep GC freed 36176(1503KB) AllocSpace objects, 0(0B) LOS objects, 29% free, 37MB/53MB, paused 1.433ms total 76.498ms
08-05 02:07:39.762 13999 14011 I art     : Starting a blocking GC Explicit
08-05 02:07:39.843 13999 14011 I art     : Explicit concurrent mark sweep GC freed 33689(1389KB) AllocSpace objects, 0(0B) LOS objects, 29% free, 37MB/53MB, paused 1.587ms total 80.994ms
08-05 02:07:39.867 13999 14011 I art     : Starting a blocking GC Explicit
08-05 02:07:39.952 13999 14011 I art     : Explicit concurrent mark sweep GC freed 33086(1358KB) AllocSpace objects, 0(0B) LOS objects, 29% free, 37MB/53MB, paused 1.505ms total 84.347ms
08-05 02:07:40.047 13999 13999 I Choreographer: Skipped 50 frames!  The application may be doing too much work on its main thread.
08-05 02:07:40.279 13999 14010 I art     : Starting a blocking GC Explicit
08-05 02:07:40.369 13999 14010 I art     : Explicit concurrent mark sweep GC freed 37585(1571KB) AllocSpace objects, 1(20KB) LOS objects, 29% free, 37MB/53MB, paused 976us total 89.644ms
08-05 02:07:40.394 13999 14010 I art     : Starting a blocking GC Explicit
08-05 02:07:40.460 13999 14010 I art     : Explicit concurrent mark sweep GC freed 122540(11MB) AllocSpace objects, 3(136KB) LOS objects, 37% free, 26MB/42MB, paused 540us total 66.162ms
08-05 02:07:40.477 13999 14010 I art     : Starting a blocking GC Explicit
08-05 02:07:40.523 13999 14010 I art     : Explicit concurrent mark sweep GC freed 3(96B) AllocSpace objects, 0(0B) LOS objects, 37% free, 26MB/42MB, paused 583us total 45.887ms
08-05 02:07:40.540 13999 14010 I art     : Starting a blocking GC Explicit
08-05 02:07:40.586 13999 14010 I art     : Explicit concurrent mark sweep GC freed 3(96B) AllocSpace objects, 0(0B) LOS objects, 37% free, 26MB/42MB, paused 571us total 45.816ms
08-05 02:07:40.602 13999 14010 I art     : Starting a blocking GC Explicit
08-05 02:07:40.652 13999 14010 I art     : Explicit concurrent mark sweep GC freed 3(96B) AllocSpace objects, 0(0B) LOS objects, 37% free, 26MB/42MB, paused 623us total 49.141ms
08-05 02:07:41.018 13999 14010 I art     : Starting a blocking GC Explicit
08-05 02:07:41.062 13999 14010 I art     : Explicit concurrent mark sweep GC freed 1442(80KB) AllocSpace objects, 1(20KB) LOS objects, 37% free, 26MB/42MB, paused 531us total 43.564ms
08-05 02:07:41.078 13999 14010 I art     : Starting a blocking GC Explicit
08-05 02:07:41.125 13999 14010 I art     : Explicit concurrent mark sweep GC freed 21(768B) AllocSpace objects, 0(0B) LOS objects, 37% free, 26MB/42MB, paused 572us total 46.113ms
08-05 02:07:41.141 13999 14010 I art     : Starting a blocking GC Explicit
08-05 02:07:41.188 13999 14010 I art     : Explicit concurrent mark sweep GC freed 3(96B) AllocSpace objects, 0(0B) LOS objects, 37% free, 26MB/42MB, paused 677us total 46.649ms
08-05 02:07:41.204 13999 14010 I art     : Starting a blocking GC Explicit
08-05 02:07:41.255 13999 14010 I art     : Explicit concurrent mark sweep GC freed 3(96B) AllocSpace objects, 0(0B) LOS objects, 37% free, 26MB/42MB, paused 614us total 50.482ms
08-05 02:07:41.275 13999 14010 I art     : Starting a blocking GC Explicit
08-05 02:07:41.319 13999 14010 I art     : Explicit concurrent mark sweep GC freed 3(96B) AllocSpace objects, 0(0B) LOS objects, 37% free, 26MB/42MB, paused 526us total 43.888ms
08-05 02:07:41.673 13999 14011 I art     : Starting a blocking GC Explicit
08-05 02:07:41.727 13999 14011 I art     : Explicit concurrent mark sweep GC freed 1293(75KB) AllocSpace objects, 1(20KB) LOS objects, 37% free, 26MB/42MB, paused 618us total 52.775ms
08-05 02:07:41.747 13999 14011 I art     : Starting a blocking GC Explicit
08-05 02:07:41.794 13999 14011 I art     : Explicit concurrent mark sweep GC freed 18(624B) AllocSpace objects, 0(0B) LOS objects, 37% free, 26MB/42MB, paused 567us total 47.447ms
08-05 02:07:41.811 13999 14011 I art     : Starting a blocking GC Explicit
08-05 02:07:41.859 13999 14011 I art     : Explicit concurrent mark sweep GC freed 3(96B) AllocSpace objects, 0(0B) LOS objects, 37% free, 26MB/42MB, paused 569us total 48.537ms
08-05 02:07:41.876 13999 14011 I art     : Starting a blocking GC Explicit
08-05 02:07:41.922 13999 14011 I art     : Explicit concurrent mark sweep GC freed 3(96B) AllocSpace objects, 0(0B) LOS objects, 37% free, 26MB/42MB, paused 570us total 45.970ms
08-05 02:07:41.939 13999 14011 I art     : Starting a blocking GC Explicit
08-05 02:07:41.986 13999 14011 I art     : Explicit concurrent mark sweep GC freed 3(96B) AllocSpace objects, 0(0B) LOS objects, 37% free, 26MB/42MB, paused 588us total 46.757ms
08-05 02:07:42.342 13999 14385 I art     : Starting a blocking GC Explicit
08-05 02:07:42.410 13999 14385 I art     : Explicit concurrent mark sweep GC freed 1293(75KB) AllocSpace objects, 1(20KB) LOS objects, 37% free, 26MB/42MB, paused 636us total 66.939ms
08-05 02:07:42.430 13999 14385 I art     : Starting a blocking GC Explicit
08-05 02:07:42.477 13999 14385 I art     : Explicit concurrent mark sweep GC freed 18(624B) AllocSpace objects, 0(0B) LOS objects, 37% free, 26MB/42MB, paused 599us total 46.502ms
08-05 02:07:42.493 13999 14385 I art     : Starting a blocking GC Explicit
08-05 02:07:42.540 13999 14385 I art     : Explicit concurrent mark sweep GC freed 3(96B) AllocSpace objects, 0(0B) LOS objects, 37% free, 26MB/42MB, paused 580us total 47.149ms
08-05 02:07:42.556 13999 14385 I art     : Starting a blocking GC Explicit
08-05 02:07:42.603 13999 14385 I art     : Explicit concurrent mark sweep GC freed 3(96B) AllocSpace objects, 0(0B) LOS objects, 37% free, 26MB/42MB, paused 569us total 45.893ms
08-05 02:07:42.619 13999 14385 I art     : Starting a blocking GC Explicit
08-05 02:07:42.667 13999 14385 I art     : Explicit concurrent mark sweep GC freed 3(96B) AllocSpace objects, 0(0B) LOS objects, 37% free, 26MB/42MB, paused 545us total 48.267ms
08-05 02:07:42.989 13999 14213 I art     : Starting a blocking GC Explicit
08-05 02:07:43.039 13999 14213 I art     : Explicit concurrent mark sweep GC freed 1293(75KB) AllocSpace objects, 1(20KB) LOS objects, 37% free, 26MB/42MB, paused 572us total 49.501ms
08-05 02:07:43.056 13999 14213 I art     : Starting a blocking GC Explicit
08-05 02:07:43.099 13999 14213 I art     : Explicit concurrent mark sweep GC freed 31(1248B) AllocSpace objects, 0(0B) LOS objects, 37% free, 26MB/42MB, paused 557us total 43.021ms
08-05 02:07:43.116 13999 14213 I art     : Starting a blocking GC Explicit
08-05 02:07:43.159 13999 14213 I art     : Explicit concurrent mark sweep GC freed 3(96B) AllocSpace objects, 0(0B) LOS objects, 37% free, 26MB/42MB, paused 597us total 42.397ms
08-05 02:07:43.175 13999 14213 I art     : Starting a blocking GC Explicit
08-05 02:07:43.218 13999 14213 I art     : Explicit concurrent mark sweep GC freed 5(128B) AllocSpace objects, 0(0B) LOS objects, 37% free, 26MB/42MB, paused 627us total 42.717ms
08-05 02:07:43.234 13999 14213 I art     : Starting a blocking GC Explicit
08-05 02:07:43.268   518   646 I ThermalEngine: ACTION: GPU - Setting GPU[0] to 510000000
08-05 02:07:43.278 13999 14213 I art     : Explicit concurrent mark sweep GC freed 29(1136B) AllocSpace objects, 0(0B) LOS objects, 37% free, 26MB/42MB, paused 592us total 43.852ms
08-05 02:07:43.368 15407 15407 D AndroidRuntime: >>>>>> START com.android.internal.os.RuntimeInit uid 2000 <<<<<<
08-05 02:07:43.373 15407 15407 D AndroidRuntime: CheckJNI is OFF
08-05 02:07:43.406 15407 15407 D ICU     : No timezone override file found: /data/misc/zoneinfo/current/icu/icu_tzdata.dat
08-05 02:07:43.441 15407 15407 I Radio-JNI: register_android_hardware_Radio DONE
08-05 02:07:43.462 15407 15407 D AndroidRuntime: Calling main entry com.android.commands.input.Input
08-05 02:07:43.463 15407 15407 I Input   : injectMotionEvent: MotionEvent { action=ACTION_DOWN, actionButton=0, id[0]=0, x[0]=81.0, y[0]=176.0, toolType[0]=TOOL_TYPE_UNKNOWN, buttonState=0, metaState=0, flags=0x0, edgeFlags=0x0, pointerCount=1, historySize=0, eventTime=756479876, downTime=756479876, deviceId=0, source=0x1002 }
08-05 02:07:43.469 15407 15407 I Input   : injectMotionEvent: MotionEvent { action=ACTION_UP, actionButton=0, id[0]=0, x[0]=81.0, y[0]=176.0, toolType[0]=TOOL_TYPE_UNKNOWN, buttonState=0, metaState=0, flags=0x0, edgeFlags=0x0, pointerCount=1, historySize=0, eventTime=756479876, downTime=756479876, deviceId=0, source=0x1002 }
08-05 02:07:43.471 15407 15407 D AndroidRuntime: Shutting down VM
08-05 02:07:43.480   512  2967 D audio_hw_primary: out_set_parameters: enter: usecase(1: low-latency-playback) kvpairs: routing=2
08-05 02:07:43.493   512  2967 D audio_hw_primary: select_devices: out_snd_device(2: speaker) in_snd_device(0: none)
08-05 02:07:43.493   512  2967 D msm8974_platform: platform_send_audio_calibration: sending audio calibration for snd_device(2) acdb_id(15)
08-05 02:07:43.494   512  2967 I soundtrigger: audio_extn_sound_trigger_update_device_status: device 0x2 of type 0 for Event 1
08-05 02:07:43.507   512  2967 D audio_hw_primary: enable_snd_device: snd_device(2: speaker)
08-05 02:07:43.510   512  2967 D audio_hw_primary: enable_audio_route: apply and update mixer path: low-latency-playback speaker
08-05 02:07:43.513 13866 13866 I GoogleInputMethodServic: GoogleInputMethodService.onFinishInput():3138 
08-05 02:07:43.514 13866 13866 I GoogleInputMethodServic: GoogleInputMethodService.onStartInput():1808 
08-05 02:07:43.571 13999 14213 I art     : Starting a blocking GC Explicit
08-05 02:07:43.606 13999 14213 I art     : Explicit concurrent mark sweep GC freed 1765(98KB) AllocSpace objects, 1(20KB) LOS objects, 37% free, 26MB/42MB, paused 427us total 35.131ms
08-05 02:07:43.619 13999 14213 I art     : Starting a blocking GC Explicit
08-05 02:07:43.654 13999 14213 I art     : Explicit concurrent mark sweep GC freed 174(11KB) AllocSpace objects, 0(0B) LOS objects, 37% free, 26MB/42MB, paused 391us total 35.106ms
08-05 02:07:43.666 13999 14213 I art     : Starting a blocking GC Explicit
08-05 02:07:43.698 13999 14213 I art     : Explicit concurrent mark sweep GC freed 3(96B) AllocSpace objects, 0(0B) LOS objects, 37% free, 26MB/42MB, paused 426us total 31.825ms
08-05 02:07:43.710 13999 14213 I art     : Starting a blocking GC Explicit
08-05 02:07:43.741 13999 14213 I art     : Explicit concurrent mark sweep GC freed 5(160B) AllocSpace objects, 0(0B) LOS objects, 37% free, 26MB/42MB, paused 421us total 31.515ms
08-05 02:07:43.753 13999 14213 I art     : Starting a blocking GC Explicit
08-05 02:07:43.785 13999 14213 I art     : Explicit concurrent mark sweep GC freed 9(288B) AllocSpace objects, 0(0B) LOS objects, 37% free, 26MB/42MB, paused 384us total 31.814ms
08-05 02:07:44.050   512  2967 D audio_hw_primary: disable_audio_route: reset and update mixer path: low-latency-playback speaker
08-05 02:07:44.051   512  2967 D audio_hw_primary: disable_snd_device: snd_device(2: speaker)
08-05 02:07:44.058   512  2967 I soundtrigger: audio_extn_sound_trigger_update_device_status: device 0x2 of type 0 for Event 0
08-05 02:07:44.091 13999 14213 I art     : Starting a blocking GC Explicit
08-05 02:07:44.127 13999 14213 I art     : Explicit concurrent mark sweep GC freed 1296(75KB) AllocSpace objects, 1(20KB) LOS objects, 37% free, 26MB/42MB, paused 493us total 35.946ms
08-05 02:07:44.140 13999 14213 I art     : Starting a blocking GC Explicit
08-05 02:07:44.174 13999 14213 I art     : Explicit concurrent mark sweep GC freed 20(688B) AllocSpace objects, 0(0B) LOS objects, 37% free, 26MB/42MB, paused 410us total 33.712ms
08-05 02:07:44.186 13999 14213 I art     : Starting a blocking GC Explicit
08-05 02:07:44.221 13999 14213 I art     : Explicit concurrent mark sweep GC freed 5(160B) AllocSpace objects, 0(0B) LOS objects, 37% free, 26MB/42MB, paused 426us total 34.027ms
08-05 02:07:44.233 13999 14213 I art     : Starting a blocking GC Explicit
08-05 02:07:44.268 13999 14213 I art     : Explicit concurrent mark sweep GC freed 3(96B) AllocSpace objects, 0(0B) LOS objects, 37% free, 26MB/42MB, paused 443us total 34.806ms
08-05 02:07:44.281 13999 14213 I art     : Starting a blocking GC Explicit
08-05 02:07:44.317 13999 14213 I art     : Explicit concurrent mark sweep GC freed 3(96B) AllocSpace objects, 0(0B) LOS objects, 37% free, 26MB/42MB, paused 421us total 35.856ms
08-05 02:07:44.626 13999 14385 I art     : Starting a blocking GC Explicit
08-05 02:07:44.675 13999 14385 I art     : Explicit concurrent mark sweep GC freed 1293(75KB) AllocSpace objects, 1(20KB) LOS objects, 37% free, 26MB/42MB, paused 494us total 48.480ms
08-05 02:07:44.690 13999 14385 I art     : Starting a blocking GC Explicit
08-05 02:07:44.725 13999 14385 I art     : Explicit concurrent mark sweep GC freed 18(624B) AllocSpace objects, 0(0B) LOS objects, 37% free, 26MB/42MB, paused 408us total 34.966ms
08-05 02:07:44.737 13999 14385 I art     : Starting a blocking GC Explicit
08-05 02:07:44.771 13999 14385 I art     : Explicit concurrent mark sweep GC freed 3(96B) AllocSpace objects, 0(0B) LOS objects, 37% free, 26MB/42MB, paused 447us total 33.526ms
08-05 02:07:44.783 13999 14385 I art     : Starting a blocking GC Explicit
08-05 02:07:44.816 13999 14385 I art     : Explicit concurrent mark sweep GC freed 3(96B) AllocSpace objects, 0(0B) LOS objects, 37% free, 26MB/42MB, paused 486us total 33.475ms
08-05 02:07:44.828 13999 14385 I art     : Starting a blocking GC Explicit
08-05 02:07:44.863 13999 14385 I art     : Explicit concurrent mark sweep GC freed 3(96B) AllocSpace objects, 0(0B) LOS objects, 37% free, 26MB/42MB, paused 423us total 33.942ms
08-05 02:07:45.115 15458 15458 D AndroidRuntime: >>>>>> START com.android.internal.os.RuntimeInit uid 2000 <<<<<<
08-05 02:07:45.120 15458 15458 D AndroidRuntime: CheckJNI is OFF
08-05 02:07:45.156 15458 15458 D ICU     : No timezone override file found: /data/misc/zoneinfo/current/icu/icu_tzdata.dat
08-05 02:07:45.163 13999 14385 I art     : Starting a blocking GC Explicit
08-05 02:07:45.191 15458 15458 I Radio-JNI: register_android_hardware_Radio DONE
08-05 02:07:45.200 13999 14385 I art     : Explicit concurrent mark sweep GC freed 1304(75KB) AllocSpace objects, 1(20KB) LOS objects, 37% free, 26MB/42MB, paused 473us total 36.474ms
08-05 02:07:45.213 13999 14385 I art     : Starting a blocking GC Explicit
08-05 02:07:45.214 15458 15458 D AndroidRuntime: Calling main entry com.android.commands.input.Input
08-05 02:07:45.216 15458 15458 I Input   : injectMotionEvent: MotionEvent { action=ACTION_DOWN, actionButton=0, id[0]=0, x[0]=360.0, y[0]=1098.0, toolType[0]=TOOL_TYPE_UNKNOWN, buttonState=0, metaState=0, flags=0x0, edgeFlags=0x0, pointerCount=1, historySize=0, eventTime=756481629, downTime=756481629, deviceId=0, source=0x1002 }
08-05 02:07:45.223 15458 15458 I Input   : injectMotionEvent: MotionEvent { action=ACTION_UP, actionButton=0, id[0]=0, x[0]=360.0, y[0]=1098.0, toolType[0]=TOOL_TYPE_UNKNOWN, buttonState=0, metaState=0, flags=0x0, edgeFlags=0x0, pointerCount=1, historySize=0, eventTime=756481629, downTime=756481629, deviceId=0, source=0x1002 }
08-05 02:07:45.224 15458 15458 D AndroidRuntime: Shutting down VM
08-05 02:07:45.231 13999 13999 D MainActivity: NavigationItemSelected: Term dates
08-05 02:07:45.233   512  2967 D audio_hw_primary: out_set_parameters: enter: usecase(1: low-latency-playback) kvpairs: routing=2
08-05 02:07:45.245   512  2967 D audio_hw_primary: select_devices: out_snd_device(2: speaker) in_snd_device(0: none)
08-05 02:07:45.245   512  2967 D msm8974_platform: platform_send_audio_calibration: sending audio calibration for snd_device(2) acdb_id(15)
08-05 02:07:45.246   512  2967 I soundtrigger: audio_extn_sound_trigger_update_device_status: device 0x2 of type 0 for Event 1
08-05 02:07:45.246 13999 14385 I art     : Explicit concurrent mark sweep GC freed 61(2112B) AllocSpace objects, 0(0B) LOS objects, 37% free, 26MB/42MB, paused 432us total 32.943ms
08-05 02:07:45.255   512  2967 D audio_hw_primary: enable_snd_device: snd_device(2: speaker)
08-05 02:07:45.257   512  2967 D audio_hw_primary: enable_audio_route: apply and update mixer path: low-latency-playback speaker
08-05 02:07:45.257 13999 14385 I art     : Starting a blocking GC Explicit
08-05 02:07:45.289 13999 14385 I art     : Explicit concurrent mark sweep GC freed 515(20KB) AllocSpace objects, 0(0B) LOS objects, 37% free, 26MB/42MB, paused 519us total 31.397ms
08-05 02:07:45.301 13999 14385 I art     : Starting a blocking GC Explicit
08-05 02:07:45.332 13999 14385 I art     : Explicit concurrent mark sweep GC freed 216(16KB) AllocSpace objects, 0(0B) LOS objects, 37% free, 26MB/42MB, paused 466us total 31.375ms
08-05 02:07:45.343 13999 14385 I art     : Starting a blocking GC Explicit
08-05 02:07:45.373 13999 14385 I art     : Explicit concurrent mark sweep GC freed 3(96B) AllocSpace objects, 0(0B) LOS objects, 37% free, 26MB/42MB, paused 439us total 29.678ms
08-05 02:07:45.651 13999 14385 I art     : Starting a blocking GC Explicit
08-05 02:07:45.668 13866 13866 I GoogleInputMethodServic: GoogleInputMethodService.onFinishInput():3138 
08-05 02:07:45.669 13866 13866 I GoogleInputMethodServic: GoogleInputMethodService.onStartInput():1808 
08-05 02:07:45.691 13999 14385 I art     : Explicit concurrent mark sweep GC freed 1353(77KB) AllocSpace objects, 1(20KB) LOS objects, 37% free, 26MB/42MB, paused 390us total 39.520ms
08-05 02:07:45.706 13999 14385 I art     : Starting a blocking GC Explicit
08-05 02:07:45.738 13999 14385 I art     : Explicit concurrent mark sweep GC freed 26(880B) AllocSpace objects, 0(0B) LOS objects, 37% free, 26MB/42MB, paused 367us total 31.576ms
08-05 02:07:45.750 13999 14385 I art     : Starting a blocking GC Explicit
08-05 02:07:45.782 13999 14385 I art     : Explicit concurrent mark sweep GC freed 9(288B) AllocSpace objects, 0(0B) LOS objects, 37% free, 26MB/42MB, paused 569us total 31.722ms
08-05 02:07:45.789   512  2967 D audio_hw_primary: disable_audio_route: reset and update mixer path: low-latency-playback speaker
08-05 02:07:45.790   512  2967 D audio_hw_primary: disable_snd_device: snd_device(2: speaker)
08-05 02:07:45.794 13999 14385 I art     : Starting a blocking GC Explicit
08-05 02:07:45.795  2671  2865 E GoogleConversionReporter: Error sending ping
08-05 02:07:45.795  2671  2865 E GoogleConversionReporter: bljc: Exception in CronetUrlRequest: net::ERR_CONNECTION_CLOSED, ErrorCode=5, InternalErrorCode=-100, Retryable=true
08-05 02:07:45.795  2671  2865 E GoogleConversionReporter: 	at org.chromium.net.impl.CronetUrlRequest.onError(PG:55)
08-05 02:07:45.799   512  2967 I soundtrigger: audio_extn_sound_trigger_update_device_status: device 0x2 of type 0 for Event 0
08-05 02:07:45.825 13999 14385 I art     : Explicit concurrent mark sweep GC freed 7(224B) AllocSpace objects, 0(0B) LOS objects, 37% free, 26MB/42MB, paused 396us total 30.997ms
08-05 02:07:45.837 13999 14385 I art     : Starting a blocking GC Explicit
08-05 02:07:45.868 13999 14385 I art     : Explicit concurrent mark sweep GC freed 9(288B) AllocSpace objects, 0(0B) LOS objects, 37% free, 26MB/42MB, paused 364us total 31.077ms
08-05 02:07:46.203 13999 14385 I art     : Starting a blocking GC Explicit
08-05 02:07:46.248 13999 14385 I art     : Explicit concurrent mark sweep GC freed 1337(76KB) AllocSpace objects, 1(20KB) LOS objects, 37% free, 26MB/42MB, paused 593us total 45.238ms
08-05 02:07:46.264 13999 14385 I art     : Starting a blocking GC Explicit
08-05 02:07:46.274   518   646 I ThermalEngine: ACTION: GPU - Setting GPU[0] to 450000000
08-05 02:07:46.307 13999 14385 I art     : Explicit concurrent mark sweep GC freed 26(880B) AllocSpace objects, 0(0B) LOS objects, 37% free, 26MB/42MB, paused 513us total 42.919ms
08-05 02:07:46.325 13999 14385 I art     : Starting a blocking GC Explicit
08-05 02:07:46.365 13999 14385 I art     : Explicit concurrent mark sweep GC freed 9(288B) AllocSpace objects, 0(0B) LOS objects, 37% free, 26MB/42MB, paused 500us total 39.791ms
08-05 02:07:46.380 13999 14385 I art     : Starting a blocking GC Explicit
08-05 02:07:46.422 13999 14385 I art     : Explicit concurrent mark sweep GC freed 11(352B) AllocSpace objects, 0(0B) LOS objects, 37% free, 26MB/42MB, paused 498us total 41.825ms
08-05 02:07:46.439 13999 14385 I art     : Starting a blocking GC Explicit
08-05 02:07:46.484 13999 14385 I art     : Explicit concurrent mark sweep GC freed 9(288B) AllocSpace objects, 0(0B) LOS objects, 37% free, 26MB/42MB, paused 812us total 44.655ms
08-05 02:07:46.830 13999 14010 I art     : Starting a blocking GC Explicit
08-05 02:07:46.882 13999 14010 I art     : Explicit concurrent mark sweep GC freed 1341(77KB) AllocSpace objects, 1(20KB) LOS objects, 37% free, 26MB/42MB, paused 623us total 51.279ms
08-05 02:07:46.903 13999 14010 I art     : Starting a blocking GC Explicit
08-05 02:07:46.949 13999 14010 I art     : Explicit concurrent mark sweep GC freed 35(1168B) AllocSpace objects, 0(0B) LOS objects, 37% free, 26MB/42MB, paused 815us total 45.958ms
08-05 02:07:46.965 13999 14010 I art     : Starting a blocking GC Explicit
08-05 02:07:47.013 13999 14010 I art     : Explicit concurrent mark sweep GC freed 18(576B) AllocSpace objects, 0(0B) LOS objects, 37% free, 26MB/42MB, paused 561us total 47.100ms
08-05 02:07:47.031 13999 14010 I art     : Starting a blocking GC Explicit
08-05 02:07:47.072 13999 14010 I art     : Explicit concurrent mark sweep GC freed 19(608B) AllocSpace objects, 0(0B) LOS objects, 37% free, 26MB/42MB, paused 503us total 40.672ms
08-05 02:07:47.088 13999 14010 I art     : Starting a blocking GC Explicit
08-05 02:07:47.132 13999 14010 I art     : Explicit concurrent mark sweep GC freed 15(480B) AllocSpace objects, 0(0B) LOS objects, 37% free, 26MB/42MB, paused 555us total 43.879ms
08-05 02:07:47.485 13999 14011 I art     : Starting a blocking GC Explicit
08-05 02:07:47.547 13999 14011 I art     : Explicit concurrent mark sweep GC freed 1296(75KB) AllocSpace objects, 1(20KB) LOS objects, 37% free, 26MB/42MB, paused 639us total 61.610ms
08-05 02:07:47.566 13999 14011 I art     : Starting a blocking GC Explicit
08-05 02:07:47.614 13999 14011 I art     : Explicit concurrent mark sweep GC freed 18(624B) AllocSpace objects, 0(0B) LOS objects, 37% free, 26MB/42MB, paused 593us total 48.461ms
08-05 02:07:47.631 13999 14011 I art     : Starting a blocking GC Explicit
08-05 02:07:47.676 13999 14011 I art     : Explicit concurrent mark sweep GC freed 3(96B) AllocSpace objects, 0(0B) LOS objects, 37% free, 26MB/42MB, paused 529us total 44.301ms
08-05 02:07:47.692 13999 14011 I art     : Starting a blocking GC Explicit
08-05 02:07:47.740 13999 14011 I art     : Explicit concurrent mark sweep GC freed 3(96B) AllocSpace objects, 0(0B) LOS objects, 37% free, 26MB/42MB, paused 540us total 47.152ms
08-05 02:07:47.756 13999 14011 I art     : Starting a blocking GC Explicit
08-05 02:07:47.802 13999 14011 I art     : Explicit concurrent mark sweep GC freed 3(96B) AllocSpace objects, 0(0B) LOS objects, 37% free, 26MB/42MB, paused 588us total 45.316ms
08-05 02:07:48.166 13999 14010 I art     : Starting a blocking GC Explicit
08-05 02:07:48.228 13999 14010 I art     : Explicit concurrent mark sweep GC freed 1293(75KB) AllocSpace objects, 1(20KB) LOS objects, 37% free, 26MB/42MB, paused 618us total 62.173ms
08-05 02:07:48.248 13999 14010 I art     : Starting a blocking GC Explicit
08-05 02:07:48.294 13999 14010 I art     : Explicit concurrent mark sweep GC freed 18(624B) AllocSpace objects, 0(0B) LOS objects, 37% free, 26MB/42MB, paused 563us total 46.264ms
08-05 02:07:48.311 13999 14010 I art     : Starting a blocking GC Explicit
08-05 02:07:48.359 13999 14010 I art     : Explicit concurrent mark sweep GC freed 3(96B) AllocSpace objects, 0(0B) LOS objects, 37% free, 26MB/42MB, paused 552us total 48.268ms
08-05 02:07:48.376 13999 14010 I art     : Starting a blocking GC Explicit
08-05 02:07:48.423 13999 14010 I art     : Explicit concurrent mark sweep GC freed 3(96B) AllocSpace objects, 0(0B) LOS objects, 37% free, 26MB/42MB, paused 573us total 46.611ms
08-05 02:07:48.439 13999 14010 I art     : Starting a blocking GC Explicit
08-05 02:07:48.487 13999 14010 I art     : Explicit concurrent mark sweep GC freed 3(96B) AllocSpace objects, 0(0B) LOS objects, 37% free, 26MB/42MB, paused 573us total 47.824ms
08-05 02:07:48.857 13999 14385 I art     : Starting a blocking GC Explicit
08-05 02:07:48.916 13999 14385 I art     : Explicit concurrent mark sweep GC freed 1293(75KB) AllocSpace objects, 1(20KB) LOS objects, 37% free, 26MB/42MB, paused 634us total 58.533ms
08-05 02:07:48.934 13999 14385 I art     : Starting a blocking GC Explicit
08-05 02:07:48.983 13999 14385 I art     : Explicit concurrent mark sweep GC freed 18(624B) AllocSpace objects, 0(0B) LOS objects, 37% free, 26MB/42MB, paused 597us total 48.979ms
08-05 02:07:49.000 13999 14385 I art     : Starting a blocking GC Explicit
08-05 02:07:49.047 13999 14385 I art     : Explicit concurrent mark sweep GC freed 3(96B) AllocSpace objects, 0(0B) LOS objects, 37% free, 26MB/42MB, paused 588us total 46.610ms
08-05 02:07:49.063 13999 14385 I art     : Starting a blocking GC Explicit
08-05 02:07:49.113 13999 14385 I art     : Explicit concurrent mark sweep GC freed 3(96B) AllocSpace objects, 0(0B) LOS objects, 37% free, 26MB/42MB, paused 628us total 49.319ms
08-05 02:07:49.133 13999 14385 I art     : Starting a blocking GC Explicit
08-05 02:07:49.177 13999 14385 I art     : Explicit concurrent mark sweep GC freed 3(96B) AllocSpace objects, 0(0B) LOS objects, 37% free, 26MB/42MB, paused 571us total 43.550ms
08-05 02:07:49.534 13999 14213 I art     : Starting a blocking GC Explicit
08-05 02:07:49.577 13999 14213 I art     : Explicit concurrent mark sweep GC freed 1293(75KB) AllocSpace objects, 1(20KB) LOS objects, 37% free, 26MB/42MB, paused 576us total 43.114ms
08-05 02:07:49.593 13999 14213 I art     : Starting a blocking GC Explicit
08-05 02:07:49.638 13999 14213 I art     : Explicit concurrent mark sweep GC freed 18(624B) AllocSpace objects, 0(0B) LOS objects, 37% free, 26MB/42MB, paused 675us total 44.217ms
08-05 02:07:49.654 13999 14213 I art     : Starting a blocking GC Explicit
08-05 02:07:49.699 13999 14213 I art     : Explicit concurrent mark sweep GC freed 3(96B) AllocSpace objects, 0(0B) LOS objects, 37% free, 26MB/42MB, paused 595us total 45.210ms
08-05 02:07:49.700 13999 14009 I art     : WaitForGcToComplete blocked for 24.372ms for cause HeapTrim
08-05 02:07:49.715 13999 14213 I art     : Starting a blocking GC Explicit
08-05 02:07:49.758 13999 14213 I art     : Explicit concurrent mark sweep GC freed 3(96B) AllocSpace objects, 0(0B) LOS objects, 37% free, 26MB/42MB, paused 597us total 43.097ms
08-05 02:07:49.775 13999 14213 I art     : Starting a blocking GC Explicit
08-05 02:07:49.819 13999 14213 I art     : Explicit concurrent mark sweep GC freed 3(96B) AllocSpace objects, 0(0B) LOS objects, 37% free, 26MB/42MB, paused 597us total 43.895ms
08-05 02:07:50.052 15557 15557 D AndroidRuntime: >>>>>> START com.android.internal.os.RuntimeInit uid 2000 <<<<<<
08-05 02:07:50.059 15557 15557 D AndroidRuntime: CheckJNI is OFF
08-05 02:07:50.101 15557 15557 D ICU     : No timezone override file found: /data/misc/zoneinfo/current/icu/icu_tzdata.dat
08-05 02:07:50.145 15557 15557 I Radio-JNI: register_android_hardware_Radio DONE
08-05 02:07:50.168 13999 14011 I art     : Starting a blocking GC Explicit
08-05 02:07:50.174 15557 15557 D AndroidRuntime: Calling main entry com.android.commands.am.Am
08-05 02:07:50.184 24044 24044 I Trepn   : Trepn 6.2s: Received intent: com.quicinc.trepn.stop_profiling
08-05 02:07:50.211 13999 14011 I art     : Explicit concurrent mark sweep GC freed 1293(75KB) AllocSpace objects, 1(20KB) LOS objects, 37% free, 26MB/42MB, paused 541us total 42.832ms
08-05 02:07:50.227 13999 14011 I art     : Starting a blocking GC Explicit
08-05 02:07:50.251 24044 24044 I Trepn   : Trepn 6.2s: Trepn has Stopped Profiling.
08-05 02:07:50.265 13999 14011 I art     : Explicit concurrent mark sweep GC freed 18(624B) AllocSpace objects, 0(0B) LOS objects, 37% free, 26MB/42MB, paused 559us total 38.304ms
08-05 02:07:50.280 13999 14011 I art     : Starting a blocking GC Explicit
08-05 02:07:50.280   518   646 I ThermalEngine: ACTION: GPU - Setting GPU[0] to 510000000
08-05 02:07:50.321 13999 14011 I art     : Explicit concurrent mark sweep GC freed 3(96B) AllocSpace objects, 0(0B) LOS objects, 37% free, 26MB/42MB, paused 454us total 41.007ms
08-05 02:07:50.334 13999 14011 I art     : Starting a blocking GC Explicit
08-05 02:07:50.369 13999 14011 I art     : Explicit concurrent mark sweep GC freed 3(96B) AllocSpace objects, 0(0B) LOS objects, 37% free, 26MB/42MB, paused 413us total 35.443ms
08-05 02:07:50.382 13999 14011 I art     : Starting a blocking GC Explicit
08-05 02:07:50.417 13999 14011 I art     : Explicit concurrent mark sweep GC freed 3(96B) AllocSpace objects, 0(0B) LOS objects, 37% free, 26MB/42MB, paused 514us total 34.931ms
08-05 02:07:50.475 15557 15557 D AndroidRuntime: Shutting down VM
08-05 02:07:50.481   918  6111 W AppOps  : Finishing op nesting under-run: uid 10078 pkg com.quicinc.trepn code 24 time=0 duration=0 nesting=0
08-05 02:07:50.711 13999 14010 I art     : Starting a blocking GC Explicit
08-05 02:07:50.747 13999 14010 I art     : Explicit concurrent mark sweep GC freed 1293(75KB) AllocSpace objects, 1(20KB) LOS objects, 37% free, 26MB/42MB, paused 376us total 35.080ms
08-05 02:07:50.759 13999 14010 I art     : Starting a blocking GC Explicit
08-05 02:07:50.793 13999 14010 I art     : Explicit concurrent mark sweep GC freed 18(624B) AllocSpace objects, 0(0B) LOS objects, 37% free, 26MB/42MB, paused 422us total 34.003ms
08-05 02:07:50.805 13999 14010 I art     : Starting a blocking GC Explicit
08-05 02:07:50.837 13999 14010 I art     : Explicit concurrent mark sweep GC freed 3(96B) AllocSpace objects, 0(0B) LOS objects, 37% free, 26MB/42MB, paused 401us total 32.245ms
08-05 02:07:50.849 13999 14010 I art     : Starting a blocking GC Explicit
08-05 02:07:50.882 13999 14010 I art     : Explicit concurrent mark sweep GC freed 3(96B) AllocSpace objects, 0(0B) LOS objects, 37% free, 26MB/42MB, paused 407us total 32.004ms
08-05 02:07:50.894 13999 14010 I art     : Starting a blocking GC Explicit
08-05 02:07:50.926 13999 14010 I art     : Explicit concurrent mark sweep GC freed 3(96B) AllocSpace objects, 0(0B) LOS objects, 37% free, 26MB/42MB, paused 381us total 31.885ms
