--------- beginning of main
--------- beginning of system
08-06 03:27:55.271 30779 30779 D Nappa   : Selected prefetching strategy STRATEGY_GREEDY_VISIT_FREQUENCY_AND_TIME
08-06 03:27:55.337 30779 30810 D Nappa   : Updating activity map nappagreedy.com.newsblur.activity.Main: 1
08-06 03:27:55.337 30779 30810 D Nappa   : Updating activity map nappagreedy.com.newsblur.activity.GlobalSharedStoriesItemsList: 2
08-06 03:27:55.337 30779 30810 D Nappa   : Updating activity map nappagreedy.com.newsblur.activity.GlobalSharedStoriesReading: 3
08-06 03:27:55.337 30779 30810 D Nappa   : Updating activity map nappagreedy.com.newsblur.activity.AllSharedStoriesItemsList: 4
08-06 03:27:55.337 30779 30810 D Nappa   : Updating activity map nappagreedy.com.newsblur.activity.AllSharedStoriesReading: 5
08-06 03:27:55.438 30779 30810 D Nappa   : registerActivity: (already in) nappagreedy.com.newsblur.activity.Main
08-06 03:27:55.549 30779 30810 D Nappa   : registerActivity: (already in) nappagreedy.com.newsblur.activity.GlobalSharedStoriesItemsList
08-06 03:27:55.555 30779 30813 D Nappa   : {nappagreedy.com.newsblur.activity.AllSharedStoriesItemsList=4, nappagreedy.com.newsblur.activity.GlobalSharedStoriesItemsList=2, nappagreedy.com.newsblur.activity.GlobalSharedStoriesReading=3, nappagreedy.com.newsblur.activity.Main=1, nappagreedy.com.newsblur.activity.AllSharedStoriesReading=5}
08-06 03:27:55.654 30779 30810 D Nappa   : registerActivity: (already in) nappagreedy.com.newsblur.activity.AllSharedStoriesItemsList
08-06 03:27:55.658 30779 30813 D Nappa   : {nappagreedy.com.newsblur.activity.AllSharedStoriesItemsList=4, nappagreedy.com.newsblur.activity.GlobalSharedStoriesItemsList=2, nappagreedy.com.newsblur.activity.GlobalSharedStoriesReading=3, nappagreedy.com.newsblur.activity.Main=1, nappagreedy.com.newsblur.activity.AllSharedStoriesReading=5}
08-06 03:27:55.778 30779 30810 D Nappa   : registerActivity: (already in) nappagreedy.com.newsblur.activity.GlobalSharedStoriesItemsList
08-06 03:27:55.884 30779 30810 D Nappa   : registerActivity: (already in) nappagreedy.com.newsblur.activity.GlobalSharedStoriesReading
08-06 03:27:55.887 30779 30813 D Nappa   : {nappagreedy.com.newsblur.activity.AllSharedStoriesItemsList=4, nappagreedy.com.newsblur.activity.GlobalSharedStoriesItemsList=2, nappagreedy.com.newsblur.activity.GlobalSharedStoriesReading=3, nappagreedy.com.newsblur.activity.Main=1, nappagreedy.com.newsblur.activity.AllSharedStoriesReading=5}
08-06 03:27:55.994 30779 30810 D Nappa   : registerActivity: (already in) nappagreedy.com.newsblur.activity.GlobalSharedStoriesReading
08-06 03:27:56.103 30779 30810 D Nappa   : registerActivity: (already in) nappagreedy.com.newsblur.activity.AllSharedStoriesItemsList
08-06 03:27:56.209 30779 30810 D Nappa   : registerActivity: (already in) nappagreedy.com.newsblur.activity.AllSharedStoriesReading
08-06 03:27:56.215 30779 30813 D Nappa   : {nappagreedy.com.newsblur.activity.AllSharedStoriesItemsList=4, nappagreedy.com.newsblur.activity.GlobalSharedStoriesItemsList=2, nappagreedy.com.newsblur.activity.GlobalSharedStoriesReading=3, nappagreedy.com.newsblur.activity.Main=1, nappagreedy.com.newsblur.activity.AllSharedStoriesReading=5}
08-06 03:27:56.325 30779 30810 D Nappa   : registerActivity: (already in) nappagreedy.com.newsblur.activity.AllSharedStoriesReading
08-06 03:27:56.335 30779 30810 D Nappa   : Extended Startup-time: 1063 ms
08-06 03:27:56.338 30779 30779 D Nappa   : Startup-time: 1067 ms
08-06 03:27:56.703 30779 30779 D Nappa   : setCurrentActivity - MetricStrategyAccuracy - 
08-06 03:27:56.703 30779 30779 D Nappa   : madePredictionFromActivity = false, 
08-06 03:27:56.703 30779 30779 D Nappa   : fromActivity = null, 
08-06 03:27:56.703 30779 30779 D Nappa   : predictedNextActivityFromActivity = [], 
08-06 03:27:56.703 30779 30779 D Nappa   : activity.getClass().getCanonicalName() = nappagreedy.com.newsblur.activity.Main, 
08-06 03:27:56.704 30779 30779 D Nappa   : setCurrentActivity - MetricStrategyAccuracy - 
08-06 03:27:56.704 30779 30779 D Nappa   : madePredictionFromExtra = false, 
08-06 03:27:56.704 30779 30779 D Nappa   : fromActivity = null, 
08-06 03:27:56.704 30779 30779 D Nappa   : predictedNextActivityFromExtra = [], 
08-06 03:27:56.704 30779 30779 D Nappa   : activity.getClass().getCanonicalName() = nappagreedy.com.newsblur.activity.Main, 
08-06 03:27:56.704 30779 30779 D Nappa   : PREFETCH_ON_EXTRA - setCurrentActivity - logs - from activity - made prediction isfalse
08-06 03:27:56.804 30779 30779 D Nappa   : registerActivity: (already in) nappagreedy.com.newsblur.activity.Main
08-06 03:27:56.805 30779 30779 D Nappa   : SHOULD_PREFETCH false
08-06 03:27:56.805 30779 30779 D Nappa   : STATS Number of requests not prefetched: 0
08-06 03:27:56.805 30779 30779 D Nappa   : STATS Number of requests prefetched: 0
08-06 03:27:56.805 30779 30779 D Nappa   : STATS Time saved until now: 0.0
08-06 03:27:56.838 30779 30841 D Nappa   : TAG okHttpClient initialized
08-06 03:27:56.845 30779 30841 D Nappa   : TAG okHttpClient initialized
08-06 03:27:56.867 30779 30841 D Nappa   : F1_SCORE add_intercept_url - (new) - https://www.newsblur.com/reader/feeds/?update_counts=true
08-06 03:27:56.867 30779 30841 D Nappa   : F1_SCORE add_fn_url - (new) - https://www.newsblur.com/reader/feeds/?update_counts=true
08-06 03:27:56.867 30779 30841 D Nappa   : -------------F1_SCORE #0 -----------
08-06 03:27:56.867 30779 30841 D Nappa   : F1_SCORE - Intercept list (1)= [https://www.newsblur.com/reader/feeds/?update_counts=true]
08-06 03:27:56.867 30779 30841 D Nappa   : F1_SCORE - Prefetch list (0)= []
08-06 03:27:56.867 30779 30841 D Nappa   : F1_SCORE - TP list (0)= []
08-06 03:27:56.867 30779 30841 D Nappa   : F1_SCORE - FN list (1)= [https://www.newsblur.com/reader/feeds/?update_counts=true]
08-06 03:27:56.967 30779 30813 D Nappa   : registerActivity: (already in) nappagreedy.com.newsblur.activity.Main
08-06 03:27:56.967 30779 30813 D Nappa   : PARENTS 
08-06 03:27:56.967 30779 30813 D Nappa   : Of: nappagreedy.com.newsblur.activity.Main -> 
08-06 03:27:57.104 30779 30813 D Nappa   : PREFETCH_ON_EXTRA - setCurrentActivity - logs - from extra - made prediction isfalse
08-06 03:27:57.598 30779 30873 D Nappa   : F1_SCORE add_intercept_url - (new) - https://www.newsblur.com/reader/unread_story_hashes?include_timestamps=1
08-06 03:27:57.598 30779 30873 D Nappa   : F1_SCORE add_fn_url - (new) - https://www.newsblur.com/reader/unread_story_hashes?include_timestamps=1
08-06 03:27:57.598 30779 30873 D Nappa   : -------------F1_SCORE #1 -----------
08-06 03:27:57.598 30779 30873 D Nappa   : F1_SCORE - Intercept list (2)= [https://www.newsblur.com/reader/feeds/?update_counts=true, https://www.newsblur.com/reader/unread_story_hashes?include_timestamps=1]
08-06 03:27:57.598 30779 30873 D Nappa   : F1_SCORE - Prefetch list (0)= []
08-06 03:27:57.598 30779 30873 D Nappa   : F1_SCORE - TP list (0)= []
08-06 03:27:57.598 30779 30873 D Nappa   : F1_SCORE - FN list (2)= [https://www.newsblur.com/reader/feeds/?update_counts=true, https://www.newsblur.com/reader/unread_story_hashes?include_timestamps=1]
08-06 03:27:57.698 30779 30813 D Nappa   : registerActivity: (already in) nappagreedy.com.newsblur.activity.Main
08-06 03:27:57.698 30779 30813 D Nappa   : PARENTS 
08-06 03:27:57.698 30779 30813 D Nappa   : Of: nappagreedy.com.newsblur.activity.Main -> 
08-06 03:28:02.425 30779 30813 D Nappa   : PREFETCH_ON_EXTRA - notifyExtras- start
08-06 03:28:02.428 30779 30813 D Nappa   : PREFETCH_ON_EXTRA - notifyExtras- end
08-06 03:28:02.428 30779 30813 D Nappa   : PREFSTRAT2 ADDING NEW ACTEXTRADATA
08-06 03:28:02.436 30779 30779 D Nappa   : Stayed on nappagreedy.com.newsblur.activity.Main for 5631 ms
08-06 03:28:02.512 30779 30779 D Nappa   : setCurrentActivity - MetricStrategyAccuracy - 
08-06 03:28:02.512 30779 30779 D Nappa   : madePredictionFromActivity = false, 
08-06 03:28:02.512 30779 30779 D Nappa   : fromActivity = nappagreedy.com.newsblur.activity.Main, 
08-06 03:28:02.512 30779 30779 D Nappa   : predictedNextActivityFromActivity = [], 
08-06 03:28:02.512 30779 30779 D Nappa   : activity.getClass().getCanonicalName() = nappagreedy.com.newsblur.activity.GlobalSharedStoriesItemsList, 
08-06 03:28:02.512 30779 30779 D Nappa   : setCurrentActivity - MetricStrategyAccuracy - 
08-06 03:28:02.512 30779 30779 D Nappa   : madePredictionFromExtra = true, 
08-06 03:28:02.512 30779 30779 D Nappa   : fromActivity = nappagreedy.com.newsblur.activity.Main, 
08-06 03:28:02.512 30779 30779 D Nappa   : predictedNextActivityFromExtra = [], 
08-06 03:28:02.512 30779 30779 D Nappa   : activity.getClass().getCanonicalName() = nappagreedy.com.newsblur.activity.GlobalSharedStoriesItemsList, 
08-06 03:28:02.512 30779 30779 D Nappa   : PREFETCH_ON_EXTRA - setCurrentActivity - logs - from activity - made prediction isfalse
08-06 03:28:02.612 30779 30779 D Nappa   : registerActivity: (already in) nappagreedy.com.newsblur.activity.GlobalSharedStoriesItemsList
08-06 03:28:02.614 30779 30779 D Nappa   : SHOULD_PREFETCH true
08-06 03:28:02.714 30779 30779 D Nappa   : registerActivity: (already in) nappagreedy.com.newsblur.activity.GlobalSharedStoriesItemsList
08-06 03:28:02.714 30779 30779 D Nappa   : SUCCESSORS nappagreedy.com.newsblur.activity.GlobalSharedStoriesReading
08-06 03:28:02.714 30779 30779 D Nappa   : STATS Number of requests not prefetched: 2
08-06 03:28:02.714 30779 30779 D Nappa   : STATS Number of requests prefetched: 0
08-06 03:28:02.714 30779 30779 D Nappa   : STATS Time saved until now: 0.0
08-06 03:28:02.761 30779 31032 D Nappa   : TAG okHttpClient initialized
08-06 03:28:02.771 30779 31032 D Nappa   : F1_SCORE add_intercept_url - (new) - https://www.newsblur.com/social/river_stories?order=newest&page=1&read_filter=all&global_feed=true
08-06 03:28:02.771 30779 31032 D Nappa   : F1_SCORE add_fn_url - (new) - https://www.newsblur.com/social/river_stories?order=newest&page=1&read_filter=all&global_feed=true
08-06 03:28:02.771 30779 31032 D Nappa   : -------------F1_SCORE #2 -----------
08-06 03:28:02.771 30779 31032 D Nappa   : F1_SCORE - Intercept list (3)= [https://www.newsblur.com/reader/feeds/?update_counts=true, https://www.newsblur.com/reader/unread_story_hashes?include_timestamps=1, https://www.newsblur.com/social/river_stories?order=newest&page=1&read_filter=all&global_feed=true]
08-06 03:28:02.771 30779 31032 D Nappa   : F1_SCORE - Prefetch list (0)= []
08-06 03:28:02.772 30779 31032 D Nappa   : F1_SCORE - TP list (0)= []
08-06 03:28:02.772 30779 31032 D Nappa   : F1_SCORE - FN list (3)= [https://www.newsblur.com/reader/feeds/?update_counts=true, https://www.newsblur.com/reader/unread_story_hashes?include_timestamps=1, https://www.newsblur.com/social/river_stories?order=newest&page=1&read_filter=all&global_feed=true]
08-06 03:28:02.872 30779 30813 D Nappa   : registerActivity: (already in) nappagreedy.com.newsblur.activity.GlobalSharedStoriesItemsList
08-06 03:28:02.872 30779 30813 D Nappa   : PARENTS 
08-06 03:28:02.872 30779 30813 D Nappa   : Of: nappagreedy.com.newsblur.activity.GlobalSharedStoriesItemsList -> 
08-06 03:28:02.872 30779 30813 D Nappa   : PARENTS nappagreedy.com.newsblur.activity.Main
08-06 03:28:02.872 30779 30813 D Nappa   : PARENTS has extra: (feed_set, nappagreedy.com.newsblur.util.FeedSet@e)
08-06 03:28:02.912 30779 30813 D Nappa   : PREFETCH_ON_EXTRA - setCurrentActivity - logs - from extra - made prediction istrue
08-06 03:28:02.913 30779 30813 D Nappa   : PREFETCH_ON_EXTRA - setCurrentActivity - logs - from extra - start
08-06 03:28:02.913 30779 30813 D Nappa   : PREFETCH_ON_EXTRA - setCurrentActivity - logs - from extra- finished
08-06 03:28:03.214 30779 30813 D Nappa   : PREFETCH_ON_EXTRA - setCurrentActivity - starting new prediction
08-06 03:28:03.214 30779 30813 D Nappa   : Current node - currentActivityName - nappagreedy.com.newsblur.activity.GlobalSharedStoriesItemsList
08-06 03:28:03.214 30779 30813 D Nappa   : Current node - activityGraph.getCurrent() - nappagreedy.com.newsblur.activity.GlobalSharedStoriesItemsList
08-06 03:28:03.216 30779 30813 D Nappa   : PREFETCH_ON_EXTRA - setCurrentActivity - finished new prediction
08-06 03:28:03.482 30779 31059 D Nappa   : F1_SCORE add_intercept_url - (new) - https://www.newsblur.com/rss_feeds/icon/0
08-06 03:28:03.483 30779 31059 D Nappa   : F1_SCORE add_fn_url - (new) - https://www.newsblur.com/rss_feeds/icon/0
08-06 03:28:03.483 30779 31059 D Nappa   : -------------F1_SCORE #3 -----------
08-06 03:28:03.483 30779 31059 D Nappa   : F1_SCORE - Intercept list (4)= [https://www.newsblur.com/reader/feeds/?update_counts=true, https://www.newsblur.com/reader/unread_story_hashes?include_timestamps=1, https://www.newsblur.com/social/river_stories?order=newest&page=1&read_filter=all&global_feed=true, https://www.newsblur.com/rss_feeds/icon/0]
08-06 03:28:03.483 30779 31059 D Nappa   : F1_SCORE - Prefetch list (0)= []
08-06 03:28:03.483 30779 31059 D Nappa   : F1_SCORE - TP list (0)= []
08-06 03:28:03.483 30779 31059 D Nappa   : F1_SCORE - FN list (4)= [https://www.newsblur.com/reader/feeds/?update_counts=true, https://www.newsblur.com/reader/unread_story_hashes?include_timestamps=1, https://www.newsblur.com/social/river_stories?order=newest&page=1&read_filter=all&global_feed=true, https://www.newsblur.com/rss_feeds/icon/0]
08-06 03:28:03.494 30779 31060 D Nappa   : F1_SCORE add_intercept_url - (already in) - https://www.newsblur.com/rss_feeds/icon/0
08-06 03:28:03.494 30779 31060 D Nappa   : F1_SCORE add_fn_url - (already in) - https://www.newsblur.com/rss_feeds/icon/0
08-06 03:28:03.494 30779 31060 D Nappa   : -------------F1_SCORE #4 -----------
08-06 03:28:03.495 30779 31060 D Nappa   : F1_SCORE - Intercept list (4)= [https://www.newsblur.com/reader/feeds/?update_counts=true, https://www.newsblur.com/reader/unread_story_hashes?include_timestamps=1, https://www.newsblur.com/social/river_stories?order=newest&page=1&read_filter=all&global_feed=true, https://www.newsblur.com/rss_feeds/icon/0]
08-06 03:28:03.495 30779 31060 D Nappa   : F1_SCORE - Prefetch list (0)= []
08-06 03:28:03.495 30779 31060 D Nappa   : F1_SCORE - TP list (0)= []
08-06 03:28:03.495 30779 31060 D Nappa   : F1_SCORE - FN list (4)= [https://www.newsblur.com/reader/feeds/?update_counts=true, https://www.newsblur.com/reader/unread_story_hashes?include_timestamps=1, https://www.newsblur.com/social/river_stories?order=newest&page=1&read_filter=all&global_feed=true, https://www.newsblur.com/rss_feeds/icon/0]
08-06 03:28:03.501 30779 31061 D Nappa   : F1_SCORE add_intercept_url - (already in) - https://www.newsblur.com/rss_feeds/icon/0
08-06 03:28:03.501 30779 31061 D Nappa   : F1_SCORE add_fn_url - (already in) - https://www.newsblur.com/rss_feeds/icon/0
08-06 03:28:03.501 30779 31061 D Nappa   : -------------F1_SCORE #5 -----------
08-06 03:28:03.501 30779 31061 D Nappa   : F1_SCORE - Intercept list (4)= [https://www.newsblur.com/reader/feeds/?update_counts=true, https://www.newsblur.com/reader/unread_story_hashes?include_timestamps=1, https://www.newsblur.com/social/river_stories?order=newest&page=1&read_filter=all&global_feed=true, https://www.newsblur.com/rss_feeds/icon/0]
08-06 03:28:03.501 30779 31061 D Nappa   : F1_SCORE - Prefetch list (0)= []
08-06 03:28:03.501 30779 31061 D Nappa   : F1_SCORE - TP list (0)= []
08-06 03:28:03.501 30779 31061 D Nappa   : F1_SCORE - FN list (4)= [https://www.newsblur.com/reader/feeds/?update_counts=true, https://www.newsblur.com/reader/unread_story_hashes?include_timestamps=1, https://www.newsblur.com/social/river_stories?order=newest&page=1&read_filter=all&global_feed=true, https://www.newsblur.com/rss_feeds/icon/0]
08-06 03:28:03.508 30779 31062 D Nappa   : F1_SCORE add_intercept_url - (new) - https://s3.amazonaws.com/icons.newsblur.com/6882243.png
08-06 03:28:03.508 30779 31062 D Nappa   : F1_SCORE add_fn_url - (new) - https://s3.amazonaws.com/icons.newsblur.com/6882243.png
08-06 03:28:03.508 30779 31062 D Nappa   : -------------F1_SCORE #6 -----------
08-06 03:28:03.508 30779 31062 D Nappa   : F1_SCORE - Intercept list (5)= [https://www.newsblur.com/reader/feeds/?update_counts=true, https://www.newsblur.com/reader/unread_story_hashes?include_timestamps=1, https://www.newsblur.com/social/river_stories?order=newest&page=1&read_filter=all&global_feed=true, https://www.newsblur.com/rss_feeds/icon/0, https://s3.amazonaws.com/icons.newsblur.com/6882243.png]
08-06 03:28:03.508 30779 31062 D Nappa   : F1_SCORE - Prefetch list (0)= []
08-06 03:28:03.509 30779 31062 D Nappa   : F1_SCORE - TP list (0)= []
08-06 03:28:03.509 30779 31062 D Nappa   : F1_SCORE - FN list (5)= [https://www.newsblur.com/reader/feeds/?update_counts=true, https://www.newsblur.com/reader/unread_story_hashes?include_timestamps=1, https://www.newsblur.com/social/river_stories?order=newest&page=1&read_filter=all&global_feed=true, https://www.newsblur.com/rss_feeds/icon/0, https://s3.amazonaws.com/icons.newsblur.com/6882243.png]
08-06 03:28:03.516 30779 31064 D Nappa   : F1_SCORE add_intercept_url - (new) - https://s3.amazonaws.com/icons.newsblur.com/18178.png
08-06 03:28:03.516 30779 31064 D Nappa   : F1_SCORE add_fn_url - (new) - https://s3.amazonaws.com/icons.newsblur.com/18178.png
08-06 03:28:03.516 30779 31064 D Nappa   : -------------F1_SCORE #7 -----------
08-06 03:28:03.516 30779 31064 D Nappa   : F1_SCORE - Intercept list (6)= [https://www.newsblur.com/reader/feeds/?update_counts=true, https://www.newsblur.com/reader/unread_story_hashes?include_timestamps=1, https://www.newsblur.com/social/river_stories?order=newest&page=1&read_filter=all&global_feed=true, https://www.newsblur.com/rss_feeds/icon/0, https://s3.amazonaws.com/icons.newsblur.com/6882243.png, https://s3.amazonaws.com/icons.newsblur.com/18178.png]
08-06 03:28:03.516 30779 31064 D Nappa   : F1_SCORE - Prefetch list (0)= []
08-06 03:28:03.516 30779 31064 D Nappa   : F1_SCORE - TP list (0)= []
08-06 03:28:03.516 30779 31064 D Nappa   : F1_SCORE - FN list (6)= [https://www.newsblur.com/reader/feeds/?update_counts=true, https://www.newsblur.com/reader/unread_story_hashes?include_timestamps=1, https://www.newsblur.com/social/river_stories?order=newest&page=1&read_filter=all&global_feed=true, https://www.newsblur.com/rss_feeds/icon/0, https://s3.amazonaws.com/icons.newsblur.com/6882243.png, https://s3.amazonaws.com/icons.newsblur.com/18178.png]
08-06 03:28:03.524 30779 31066 D Nappa   : F1_SCORE add_intercept_url - (new) - https://s3.amazonaws.com/icons.newsblur.com/5762506.png
08-06 03:28:03.524 30779 31066 D Nappa   : F1_SCORE add_fn_url - (new) - https://s3.amazonaws.com/icons.newsblur.com/5762506.png
08-06 03:28:03.524 30779 31066 D Nappa   : -------------F1_SCORE #8 -----------
08-06 03:28:03.524 30779 31066 D Nappa   : F1_SCORE - Intercept list (7)= [https://www.newsblur.com/reader/feeds/?update_counts=true, https://www.newsblur.com/reader/unread_story_hashes?include_timestamps=1, https://www.newsblur.com/social/river_stories?order=newest&page=1&read_filter=all&global_feed=true, https://www.newsblur.com/rss_feeds/icon/0, https://s3.amazonaws.com/icons.newsblur.com/6882243.png, https://s3.amazonaws.com/icons.newsblur.com/18178.png, https://s3.amazonaws.com/icons.newsblur.com/5762506.png]
08-06 03:28:03.524 30779 31066 D Nappa   : F1_SCORE - Prefetch list (0)= []
08-06 03:28:03.524 30779 31066 D Nappa   : F1_SCORE - TP list (0)= []
08-06 03:28:03.525 30779 31066 D Nappa   : F1_SCORE - FN list (7)= [https://www.newsblur.com/reader/feeds/?update_counts=true, https://www.newsblur.com/reader/unread_story_hashes?include_timestamps=1, https://www.newsblur.com/social/river_stories?order=newest&page=1&read_filter=all&global_feed=true, https://www.newsblur.com/rss_feeds/icon/0, https://s3.amazonaws.com/icons.newsblur.com/6882243.png, https://s3.amazonaws.com/icons.newsblur.com/18178.png, https://s3.amazonaws.com/icons.newsblur.com/5762506.png]
08-06 03:28:03.535 30779 31063 D Nappa   : F1_SCORE add_intercept_url - (new) - http://feeds.feedburner.com/~r/retort/~4/UffaFMiJbNs
08-06 03:28:03.535 30779 31063 D Nappa   : F1_SCORE add_fn_url - (new) - http://feeds.feedburner.com/~r/retort/~4/UffaFMiJbNs
08-06 03:28:03.535 30779 31063 D Nappa   : -------------F1_SCORE #9 -----------
08-06 03:28:03.536 30779 31063 D Nappa   : F1_SCORE - Intercept list (8)= [https://www.newsblur.com/reader/feeds/?update_counts=true, https://www.newsblur.com/reader/unread_story_hashes?include_timestamps=1, https://www.newsblur.com/social/river_stories?order=newest&page=1&read_filter=all&global_feed=true, https://www.newsblur.com/rss_feeds/icon/0, https://s3.amazonaws.com/icons.newsblur.com/6882243.png, https://s3.amazonaws.com/icons.newsblur.com/18178.png, https://s3.amazonaws.com/icons.newsblur.com/5762506.png, http://feeds.feedburner.com/~r/retort/~4/UffaFMiJbNs]
08-06 03:28:03.536 30779 31063 D Nappa   : F1_SCORE - Prefetch list (0)= []
08-06 03:28:03.536 30779 31063 D Nappa   : F1_SCORE - TP list (0)= []
08-06 03:28:03.536 30779 31063 D Nappa   : F1_SCORE - FN list (8)= [https://www.newsblur.com/reader/feeds/?update_counts=true, https://www.newsblur.com/reader/unread_story_hashes?include_timestamps=1, https://www.newsblur.com/social/river_stories?order=newest&page=1&read_filter=all&global_feed=true, https://www.newsblur.com/rss_feeds/icon/0, https://s3.amazonaws.com/icons.newsblur.com/6882243.png, https://s3.amazonaws.com/icons.newsblur.com/18178.png, https://s3.amazonaws.com/icons.newsblur.com/5762506.png, http://feeds.feedburner.com/~r/retort/~4/UffaFMiJbNs]
08-06 03:28:03.544 30779 31065 D Nappa   : F1_SCORE add_intercept_url - (new) - https://images.fastcompany.net/image/upload/w_1280,q_auto,f_auto,fl_lossy/wp-cms/uploads/2020/07/p-1-90532920-this-chart-shows-how-effective-masks-can-be.png
08-06 03:28:03.544 30779 31065 D Nappa   : F1_SCORE add_fn_url - (new) - https://images.fastcompany.net/image/upload/w_1280,q_auto,f_auto,fl_lossy/wp-cms/uploads/2020/07/p-1-90532920-this-chart-shows-how-effective-masks-can-be.png
08-06 03:28:03.544 30779 31065 D Nappa   : -------------F1_SCORE #10 -----------
08-06 03:28:03.544 30779 31065 D Nappa   : F1_SCORE - Intercept list (9)= [https://www.newsblur.com/reader/feeds/?update_counts=true, https://www.newsblur.com/reader/unread_story_hashes?include_timestamps=1, https://www.newsblur.com/social/river_stories?order=newest&page=1&read_filter=all&global_feed=true, https://www.newsblur.com/rss_feeds/icon/0, https://s3.amazonaws.com/icons.newsblur.com/6882243.png, https://s3.amazonaws.com/icons.newsblur.com/18178.png, https://s3.amazonaws.com/icons.newsblur.com/5762506.png, http://feeds.feedburner.com/~r/retort/~4/UffaFMiJbNs, https://images.fastcompany.net/image/upload/w_1280,q_auto,f_auto,fl_lossy/wp-cms/uploads/2020/07/p-1-90532920-this-chart-shows-how-effective-masks-can-be.png]
08-06 03:28:03.544 30779 31065 D Nappa   : F1_SCORE - Prefetch list (0)= []
08-06 03:28:03.544 30779 31065 D Nappa   : F1_SCORE - TP list (0)= []
08-06 03:28:03.544 30779 31065 D Nappa   : F1_SCORE - FN list (9)= [https://www.newsblur.com/reader/feeds/?update_counts=true, https://www.newsblur.com/reader/unread_story_hashes?include_timestamps=1, https://www.newsblur.com/social/river_stories?order=newest&page=1&read_filter=all&global_feed=true, https://www.newsblur.com/rss_feeds/icon/0, https://s3.amazonaws.com/icons.newsblur.com/6882243.png, https://s3.amazonaws.com/icons.newsblur.com/18178.png, https://s3.amazonaws.com/icons.newsblur.com/5762506.png, http://feeds.feedburner.com/~r/retort/~4/UffaFMiJbNs, https://images.fastcompany.net/image/upload/w_1280,q_auto,f_auto,fl_lossy/wp-cms/uploads/2020/07/p-1-90532920-this-chart-shows-how-effective-masks-can-be.png]
08-06 03:28:03.582 30779 30813 D Nappa   : registerActivity: (already in) nappagreedy.com.newsblur.activity.GlobalSharedStoriesItemsList
08-06 03:28:03.582 30779 30813 D Nappa   : PARENTS 
08-06 03:28:03.582 30779 30813 D Nappa   : Of: nappagreedy.com.newsblur.activity.GlobalSharedStoriesItemsList -> 
08-06 03:28:03.583 30779 30813 D Nappa   : PARENTS nappagreedy.com.newsblur.activity.Main
08-06 03:28:03.583 30779 30813 D Nappa   : PARENTS has extra: (feed_set, nappagreedy.com.newsblur.util.FeedSet@e)
08-06 03:28:03.683 30779 30813 D Nappa   : registerActivity: (already in) nappagreedy.com.newsblur.activity.GlobalSharedStoriesItemsList
08-06 03:28:03.683 30779 30813 D Nappa   : PARENTS 
08-06 03:28:03.683 30779 30813 D Nappa   : Of: nappagreedy.com.newsblur.activity.GlobalSharedStoriesItemsList -> 
08-06 03:28:03.683 30779 30813 D Nappa   : PARENTS nappagreedy.com.newsblur.activity.Main
08-06 03:28:03.683 30779 30813 D Nappa   : PARENTS has extra: (feed_set, nappagreedy.com.newsblur.util.FeedSet@e)
08-06 03:28:03.784 30779 30813 D Nappa   : registerActivity: (already in) nappagreedy.com.newsblur.activity.GlobalSharedStoriesItemsList
08-06 03:28:03.784 30779 30813 D Nappa   : PARENTS 
08-06 03:28:03.784 30779 30813 D Nappa   : Of: nappagreedy.com.newsblur.activity.GlobalSharedStoriesItemsList -> 
08-06 03:28:03.784 30779 30813 D Nappa   : PARENTS nappagreedy.com.newsblur.activity.Main
08-06 03:28:03.784 30779 30813 D Nappa   : PARENTS has extra: (feed_set, nappagreedy.com.newsblur.util.FeedSet@e)
08-06 03:28:03.884 30779 30813 D Nappa   : registerActivity: (already in) nappagreedy.com.newsblur.activity.GlobalSharedStoriesItemsList
08-06 03:28:03.884 30779 30813 D Nappa   : PARENTS 
08-06 03:28:03.884 30779 30813 D Nappa   : Of: nappagreedy.com.newsblur.activity.GlobalSharedStoriesItemsList -> 
08-06 03:28:03.884 30779 30813 D Nappa   : PARENTS nappagreedy.com.newsblur.activity.Main
08-06 03:28:03.884 30779 30813 D Nappa   : PARENTS has extra: (feed_set, nappagreedy.com.newsblur.util.FeedSet@e)
08-06 03:28:03.988 30779 30813 D Nappa   : registerActivity: (already in) nappagreedy.com.newsblur.activity.GlobalSharedStoriesItemsList
08-06 03:28:03.988 30779 30813 D Nappa   : PARENTS 
08-06 03:28:03.988 30779 30813 D Nappa   : Of: nappagreedy.com.newsblur.activity.GlobalSharedStoriesItemsList -> 
08-06 03:28:03.988 30779 30813 D Nappa   : PARENTS nappagreedy.com.newsblur.activity.Main
08-06 03:28:03.988 30779 30813 D Nappa   : PARENTS has extra: (feed_set, nappagreedy.com.newsblur.util.FeedSet@e)
08-06 03:28:04.089 30779 30813 D Nappa   : registerActivity: (already in) nappagreedy.com.newsblur.activity.GlobalSharedStoriesItemsList
08-06 03:28:04.089 30779 30813 D Nappa   : PARENTS 
08-06 03:28:04.089 30779 30813 D Nappa   : Of: nappagreedy.com.newsblur.activity.GlobalSharedStoriesItemsList -> 
08-06 03:28:04.089 30779 30813 D Nappa   : PARENTS nappagreedy.com.newsblur.activity.Main
08-06 03:28:04.089 30779 30813 D Nappa   : PARENTS has extra: (feed_set, nappagreedy.com.newsblur.util.FeedSet@e)
08-06 03:28:04.190 30779 30813 D Nappa   : registerActivity: (already in) nappagreedy.com.newsblur.activity.GlobalSharedStoriesItemsList
08-06 03:28:04.190 30779 30813 D Nappa   : PARENTS 
08-06 03:28:04.190 30779 30813 D Nappa   : Of: nappagreedy.com.newsblur.activity.GlobalSharedStoriesItemsList -> 
08-06 03:28:04.190 30779 30813 D Nappa   : PARENTS nappagreedy.com.newsblur.activity.Main
08-06 03:28:04.190 30779 30813 D Nappa   : PARENTS has extra: (feed_set, nappagreedy.com.newsblur.util.FeedSet@e)
08-06 03:28:04.290 30779 30813 D Nappa   : registerActivity: (already in) nappagreedy.com.newsblur.activity.GlobalSharedStoriesItemsList
08-06 03:28:04.290 30779 30813 D Nappa   : PARENTS 
08-06 03:28:04.290 30779 30813 D Nappa   : Of: nappagreedy.com.newsblur.activity.GlobalSharedStoriesItemsList -> 
08-06 03:28:04.290 30779 30813 D Nappa   : PARENTS nappagreedy.com.newsblur.activity.Main
08-06 03:28:04.291 30779 30813 D Nappa   : PARENTS has extra: (feed_set, nappagreedy.com.newsblur.util.FeedSet@e)
08-06 03:28:13.014 30779 30813 D Nappa   : PREFETCH_ON_EXTRA - notifyExtras- start
08-06 03:28:13.019 30779 30813 D Nappa   : PREFETCH_ON_EXTRA - notifyExtras- end
08-06 03:28:13.019 30779 30813 D Nappa   : PREFSTRAT2 ADDING NEW ACTEXTRADATA
08-06 03:28:13.021 30779 30813 D Nappa   : PREFSTRAT2 ADDING NEW ACTEXTRADATA
08-06 03:28:13.026 30779 30779 D Nappa   : Stayed on nappagreedy.com.newsblur.activity.GlobalSharedStoriesItemsList for 10312 ms
08-06 03:28:13.124 30779 30779 D Nappa   : setCurrentActivity - MetricStrategyAccuracy - 
08-06 03:28:13.124 30779 30779 D Nappa   : madePredictionFromActivity = true, 
08-06 03:28:13.124 30779 30779 D Nappa   : fromActivity = nappagreedy.com.newsblur.activity.GlobalSharedStoriesItemsList, 
08-06 03:28:13.124 30779 30779 D Nappa   : predictedNextActivityFromActivity = [nappagreedy.com.newsblur.activity.GlobalSharedStoriesReading], 
08-06 03:28:13.124 30779 30779 D Nappa   : activity.getClass().getCanonicalName() = nappagreedy.com.newsblur.activity.GlobalSharedStoriesReading, 
08-06 03:28:13.124 30779 30779 D Nappa   : setCurrentActivity - MetricStrategyAccuracy - 
08-06 03:28:13.124 30779 30779 D Nappa   : madePredictionFromExtra = true, 
08-06 03:28:13.124 30779 30779 D Nappa   : fromActivity = nappagreedy.com.newsblur.activity.GlobalSharedStoriesItemsList, 
08-06 03:28:13.124 30779 30779 D Nappa   : predictedNextActivityFromExtra = [nappagreedy.com.newsblur.activity.GlobalSharedStoriesReading], 
08-06 03:28:13.124 30779 30779 D Nappa   : activity.getClass().getCanonicalName() = nappagreedy.com.newsblur.activity.GlobalSharedStoriesReading, 
08-06 03:28:13.124 30779 30779 D Nappa   : PREFETCH_ON_EXTRA - setCurrentActivity - logs - from activity - made prediction istrue
08-06 03:28:13.124 30779 30779 D Nappa   : PREFETCH_ON_EXTRA - setCurrentActivity - logs - from activity - start
08-06 03:28:13.124 30779 30779 D Nappa   : setCurrentActivity - MetricStrategyAccuracy - checking prediction VS current activity for activities
08-06 03:28:13.124 30779 30779 D Nappa   : PREFETCH_ON_EXTRA - setCurrentActivity - logs - from activity- finished
08-06 03:28:13.225 30779 30779 D Nappa   : registerActivity: (already in) nappagreedy.com.newsblur.activity.GlobalSharedStoriesReading
08-06 03:28:13.225 30779 30779 D Nappa   : SHOULD_PREFETCH true
08-06 03:28:13.325 30779 30779 D Nappa   : registerActivity: (already in) nappagreedy.com.newsblur.activity.GlobalSharedStoriesReading
08-06 03:28:13.326 30779 30779 D Nappa   : STATS Number of requests not prefetched: 8
08-06 03:28:13.326 30779 30779 D Nappa   : STATS Number of requests prefetched: 0
08-06 03:28:13.326 30779 30779 D Nappa   : STATS Time saved until now: 0.0
08-06 03:28:13.525 30779 30813 D Nappa   : PREFETCH_ON_EXTRA - setCurrentActivity - logs - from extra - made prediction istrue
08-06 03:28:13.525 30779 30813 D Nappa   : PREFETCH_ON_EXTRA - setCurrentActivity - logs - from extra - start
08-06 03:28:13.525 30779 30813 D Nappa   : setCurrentActivity - MetricStrategyAccuracy - checking prediction VS current activity for extras
08-06 03:28:13.525 30779 30813 D Nappa   : PREFETCH_ON_EXTRA - setCurrentActivity - logs - from extra- finished
08-06 03:28:13.632 30779 31066 D Nappa   : F1_SCORE add_intercept_url - (already in) - https://www.newsblur.com/rss_feeds/icon/0
08-06 03:28:13.632 30779 31066 D Nappa   : F1_SCORE add_fn_url - (already in) - https://www.newsblur.com/rss_feeds/icon/0
08-06 03:28:13.632 30779 31066 D Nappa   : -------------F1_SCORE #11 -----------
08-06 03:28:13.632 30779 31066 D Nappa   : F1_SCORE - Intercept list (9)= [https://www.newsblur.com/reader/feeds/?update_counts=true, https://www.newsblur.com/reader/unread_story_hashes?include_timestamps=1, https://www.newsblur.com/social/river_stories?order=newest&page=1&read_filter=all&global_feed=true, https://www.newsblur.com/rss_feeds/icon/0, https://s3.amazonaws.com/icons.newsblur.com/6882243.png, https://s3.amazonaws.com/icons.newsblur.com/18178.png, https://s3.amazonaws.com/icons.newsblur.com/5762506.png, http://feeds.feedburner.com/~r/retort/~4/UffaFMiJbNs, https://images.fastcompany.net/image/upload/w_1280,q_auto,f_auto,fl_lossy/wp-cms/uploads/2020/07/p-1-90532920-this-chart-shows-how-effective-masks-can-be.png]
08-06 03:28:13.632 30779 31066 D Nappa   : F1_SCORE - Prefetch list (0)= []
08-06 03:28:13.632 30779 31066 D Nappa   : F1_SCORE - TP list (0)= []
08-06 03:28:13.632 30779 31066 D Nappa   : F1_SCORE - FN list (9)= [https://www.newsblur.com/reader/feeds/?update_counts=true, https://www.newsblur.com/reader/unread_story_hashes?include_timestamps=1, https://www.newsblur.com/social/river_stories?order=newest&page=1&read_filter=all&global_feed=true, https://www.newsblur.com/rss_feeds/icon/0, https://s3.amazonaws.com/icons.newsblur.com/6882243.png, https://s3.amazonaws.com/icons.newsblur.com/18178.png, https://s3.amazonaws.com/icons.newsblur.com/5762506.png, http://feeds.feedburner.com/~r/retort/~4/UffaFMiJbNs, https://images.fastcompany.net/image/upload/w_1280,q_auto,f_auto,fl_lossy/wp-cms/uploads/2020/07/p-1-90532920-this-chart-shows-how-effective-masks-can-be.png]
08-06 03:28:13.655 30779 31062 D Nappa   : F1_SCORE add_intercept_url - (already in) - https://www.newsblur.com/rss_feeds/icon/0
08-06 03:28:13.655 30779 31062 D Nappa   : F1_SCORE add_fn_url - (already in) - https://www.newsblur.com/rss_feeds/icon/0
08-06 03:28:13.655 30779 31062 D Nappa   : -------------F1_SCORE #12 -----------
08-06 03:28:13.655 30779 31062 D Nappa   : F1_SCORE - Intercept list (9)= [https://www.newsblur.com/reader/feeds/?update_counts=true, https://www.newsblur.com/reader/unread_story_hashes?include_timestamps=1, https://www.newsblur.com/social/river_stories?order=newest&page=1&read_filter=all&global_feed=true, https://www.newsblur.com/rss_feeds/icon/0, https://s3.amazonaws.com/icons.newsblur.com/6882243.png, https://s3.amazonaws.com/icons.newsblur.com/18178.png, https://s3.amazonaws.com/icons.newsblur.com/5762506.png, http://feeds.feedburner.com/~r/retort/~4/UffaFMiJbNs, https://images.fastcompany.net/image/upload/w_1280,q_auto,f_auto,fl_lossy/wp-cms/uploads/2020/07/p-1-90532920-this-chart-shows-how-effective-masks-can-be.png]
08-06 03:28:13.655 30779 31062 D Nappa   : F1_SCORE - Prefetch list (0)= []
08-06 03:28:13.655 30779 31062 D Nappa   : F1_SCORE - TP list (0)= []
08-06 03:28:13.656 30779 31062 D Nappa   : F1_SCORE - FN list (9)= [https://www.newsblur.com/reader/feeds/?update_counts=true, https://www.newsblur.com/reader/unread_story_hashes?include_timestamps=1, https://www.newsblur.com/social/river_stories?order=newest&page=1&read_filter=all&global_feed=true, https://www.newsblur.com/rss_feeds/icon/0, https://s3.amazonaws.com/icons.newsblur.com/6882243.png, https://s3.amazonaws.com/icons.newsblur.com/18178.png, https://s3.amazonaws.com/icons.newsblur.com/5762506.png, http://feeds.feedburner.com/~r/retort/~4/UffaFMiJbNs, https://images.fastcompany.net/image/upload/w_1280,q_auto,f_auto,fl_lossy/wp-cms/uploads/2020/07/p-1-90532920-this-chart-shows-how-effective-masks-can-be.png]
08-06 03:28:13.657 30779 31064 D Nappa   : F1_SCORE add_intercept_url - (new) - https://www.gravatar.com/avatar/f5934485a0863578733c447016505547
08-06 03:28:13.658 30779 31064 D Nappa   : F1_SCORE add_fn_url - (new) - https://www.gravatar.com/avatar/f5934485a0863578733c447016505547
08-06 03:28:13.658 30779 31064 D Nappa   : -------------F1_SCORE #13 -----------
08-06 03:28:13.658 30779 31060 D Nappa   : F1_SCORE add_intercept_url - (already in) - https://www.gravatar.com/avatar/f5934485a0863578733c447016505547
08-06 03:28:13.658 30779 31060 D Nappa   : F1_SCORE add_fn_url - (already in) - https://www.gravatar.com/avatar/f5934485a0863578733c447016505547
08-06 03:28:13.658 30779 31060 D Nappa   : -------------F1_SCORE #13 -----------
08-06 03:28:13.658 30779 31064 D Nappa   : F1_SCORE - Intercept list (10)= [https://www.newsblur.com/reader/feeds/?update_counts=true, https://www.newsblur.com/reader/unread_story_hashes?include_timestamps=1, https://www.newsblur.com/social/river_stories?order=newest&page=1&read_filter=all&global_feed=true, https://www.newsblur.com/rss_feeds/icon/0, https://s3.amazonaws.com/icons.newsblur.com/6882243.png, https://s3.amazonaws.com/icons.newsblur.com/18178.png, https://s3.amazonaws.com/icons.newsblur.com/5762506.png, http://feeds.feedburner.com/~r/retort/~4/UffaFMiJbNs, https://images.fastcompany.net/image/upload/w_1280,q_auto,f_auto,fl_lossy/wp-cms/uploads/2020/07/p-1-90532920-this-chart-shows-how-effective-masks-can-be.png, https://www.gravatar.com/avatar/f5934485a0863578733c447016505547]
08-06 03:28:13.659 30779 31060 D Nappa   : F1_SCORE - Intercept list (10)= [https://www.newsblur.com/reader/feeds/?update_counts=true, https://www.newsblur.com/reader/unread_story_hashes?include_timestamps=1, https://www.newsblur.com/social/river_stories?order=newest&page=1&read_filter=all&global_feed=true, https://www.newsblur.com/rss_feeds/icon/0, https://s3.amazonaws.com/icons.newsblur.com/6882243.png, https://s3.amazonaws.com/icons.newsblur.com/18178.png, https://s3.amazonaws.com/icons.newsblur.com/5762506.png, http://feeds.feedburner.com/~r/retort/~4/UffaFMiJbNs, https://images.fastcompany.net/image/upload/w_1280,q_auto,f_auto,fl_lossy/wp-cms/uploads/2020/07/p-1-90532920-this-chart-shows-how-effective-masks-can-be.png, https://www.gravatar.com/avatar/f5934485a0863578733c447016505547]
08-06 03:28:13.659 30779 31064 D Nappa   : F1_SCORE - Prefetch list (0)= []
08-06 03:28:13.659 30779 31060 D Nappa   : F1_SCORE - Prefetch list (0)= []
08-06 03:28:13.659 30779 31064 D Nappa   : F1_SCORE - TP list (0)= []
08-06 03:28:13.659 30779 31060 D Nappa   : F1_SCORE - TP list (0)= []
08-06 03:28:13.659 30779 31060 D Nappa   : F1_SCORE - FN list (10)= [https://www.newsblur.com/reader/feeds/?update_counts=true, https://www.newsblur.com/reader/unread_story_hashes?include_timestamps=1, https://www.newsblur.com/social/river_stories?order=newest&page=1&read_filter=all&global_feed=true, https://www.newsblur.com/rss_feeds/icon/0, https://s3.amazonaws.com/icons.newsblur.com/6882243.png, https://s3.amazonaws.com/icons.newsblur.com/18178.png, https://s3.amazonaws.com/icons.newsblur.com/5762506.png, http://feeds.feedburner.com/~r/retort/~4/UffaFMiJbNs, https://images.fastcompany.net/image/upload/w_1280,q_auto,f_auto,fl_lossy/wp-cms/uploads/2020/07/p-1-90532920-this-chart-shows-how-effective-masks-can-be.png, https://www.gravatar.com/avatar/f5934485a0863578733c447016505547]
08-06 03:28:13.659 30779 31064 D Nappa   : F1_SCORE - FN list (10)= [https://www.newsblur.com/reader/feeds/?update_counts=true, https://www.newsblur.com/reader/unread_story_hashes?include_timestamps=1, https://www.newsblur.com/social/river_stories?order=newest&page=1&read_filter=all&global_feed=true, https://www.newsblur.com/rss_feeds/icon/0, https://s3.amazonaws.com/icons.newsblur.com/6882243.png, https://s3.amazonaws.com/icons.newsblur.com/18178.png, https://s3.amazonaws.com/icons.newsblur.com/5762506.png, http://feeds.feedburner.com/~r/retort/~4/UffaFMiJbNs, https://images.fastcompany.net/image/upload/w_1280,q_auto,f_auto,fl_lossy/wp-cms/uploads/2020/07/p-1-90532920-this-chart-shows-how-effective-masks-can-be.png, https://www.gravatar.com/avatar/f5934485a0863578733c447016505547]
08-06 03:28:13.675 30779 31061 D Nappa   : F1_SCORE add_intercept_url - (already in) - https://www.gravatar.com/avatar/f5934485a0863578733c447016505547
08-06 03:28:13.675 30779 31061 D Nappa   : F1_SCORE add_fn_url - (already in) - https://www.gravatar.com/avatar/f5934485a0863578733c447016505547
08-06 03:28:13.675 30779 31061 D Nappa   : -------------F1_SCORE #15 -----------
08-06 03:28:13.675 30779 31061 D Nappa   : F1_SCORE - Intercept list (10)= [https://www.newsblur.com/reader/feeds/?update_counts=true, https://www.newsblur.com/reader/unread_story_hashes?include_timestamps=1, https://www.newsblur.com/social/river_stories?order=newest&page=1&read_filter=all&global_feed=true, https://www.newsblur.com/rss_feeds/icon/0, https://s3.amazonaws.com/icons.newsblur.com/6882243.png, https://s3.amazonaws.com/icons.newsblur.com/18178.png, https://s3.amazonaws.com/icons.newsblur.com/5762506.png, http://feeds.feedburner.com/~r/retort/~4/UffaFMiJbNs, https://images.fastcompany.net/image/upload/w_1280,q_auto,f_auto,fl_lossy/wp-cms/uploads/2020/07/p-1-90532920-this-chart-shows-how-effective-masks-can-be.png, https://www.gravatar.com/avatar/f5934485a0863578733c447016505547]
08-06 03:28:13.675 30779 31061 D Nappa   : F1_SCORE - Prefetch list (0)= []
08-06 03:28:13.675 30779 31061 D Nappa   : F1_SCORE - TP list (0)= []
08-06 03:28:13.675 30779 31061 D Nappa   : F1_SCORE - FN list (10)= [https://www.newsblur.com/reader/feeds/?update_counts=true, https://www.newsblur.com/reader/unread_story_hashes?include_timestamps=1, https://www.newsblur.com/social/river_stories?order=newest&page=1&read_filter=all&global_feed=true, https://www.newsblur.com/rss_feeds/icon/0, https://s3.amazonaws.com/icons.newsblur.com/6882243.png, https://s3.amazonaws.com/icons.newsblur.com/18178.png, https://s3.amazonaws.com/icons.newsblur.com/5762506.png, http://feeds.feedburner.com/~r/retort/~4/UffaFMiJbNs, https://images.fastcompany.net/image/upload/w_1280,q_auto,f_auto,fl_lossy/wp-cms/uploads/2020/07/p-1-90532920-this-chart-shows-how-effective-masks-can-be.png, https://www.gravatar.com/avatar/f5934485a0863578733c447016505547]
08-06 03:28:13.676 30779 31059 D Nappa   : F1_SCORE add_intercept_url - (already in) - https://www.gravatar.com/avatar/f5934485a0863578733c447016505547
08-06 03:28:13.676 30779 31059 D Nappa   : F1_SCORE add_fn_url - (already in) - https://www.gravatar.com/avatar/f5934485a0863578733c447016505547
08-06 03:28:13.676 30779 31059 D Nappa   : -------------F1_SCORE #16 -----------
08-06 03:28:13.676 30779 31059 D Nappa   : F1_SCORE - Intercept list (10)= [https://www.newsblur.com/reader/feeds/?update_counts=true, https://www.newsblur.com/reader/unread_story_hashes?include_timestamps=1, https://www.newsblur.com/social/river_stories?order=newest&page=1&read_filter=all&global_feed=true, https://www.newsblur.com/rss_feeds/icon/0, https://s3.amazonaws.com/icons.newsblur.com/6882243.png, https://s3.amazonaws.com/icons.newsblur.com/18178.png, https://s3.amazonaws.com/icons.newsblur.com/5762506.png, http://feeds.feedburner.com/~r/retort/~4/UffaFMiJbNs, https://images.fastcompany.net/image/upload/w_1280,q_auto,f_auto,fl_lossy/wp-cms/uploads/2020/07/p-1-90532920-this-chart-shows-how-effective-masks-can-be.png, https://www.gravatar.com/avatar/f5934485a0863578733c447016505547]
08-06 03:28:13.676 30779 31059 D Nappa   : F1_SCORE - Prefetch list (0)= []
08-06 03:28:13.676 30779 31059 D Nappa   : F1_SCORE - TP list (0)= []
08-06 03:28:13.677 30779 31059 D Nappa   : F1_SCORE - FN list (10)= [https://www.newsblur.com/reader/feeds/?update_counts=true, https://www.newsblur.com/reader/unread_story_hashes?include_timestamps=1, https://www.newsblur.com/social/river_stories?order=newest&page=1&read_filter=all&global_feed=true, https://www.newsblur.com/rss_feeds/icon/0, https://s3.amazonaws.com/icons.newsblur.com/6882243.png, https://s3.amazonaws.com/icons.newsblur.com/18178.png, https://s3.amazonaws.com/icons.newsblur.com/5762506.png, http://feeds.feedburner.com/~r/retort/~4/UffaFMiJbNs, https://images.fastcompany.net/image/upload/w_1280,q_auto,f_auto,fl_lossy/wp-cms/uploads/2020/07/p-1-90532920-this-chart-shows-how-effective-masks-can-be.png, https://www.gravatar.com/avatar/f5934485a0863578733c447016505547]
08-06 03:28:13.732 30779 30813 D Nappa   : registerActivity: (already in) nappagreedy.com.newsblur.activity.GlobalSharedStoriesReading
08-06 03:28:13.733 30779 30813 D Nappa   : PARENTS 
08-06 03:28:13.733 30779 30813 D Nappa   : Of: nappagreedy.com.newsblur.activity.GlobalSharedStoriesReading -> 
08-06 03:28:13.733 30779 30813 D Nappa   : PARENTS nappagreedy.com.newsblur.activity.GlobalSharedStoriesItemsList
08-06 03:28:13.740 30779 30813 D Nappa   : PARENTS has extra: (story_hash, 0:65a6e4)
08-06 03:28:13.740 30779 30813 D Nappa   : PARENTS has extra: (feed_set, nappagreedy.com.newsblur.util.FeedSet@e)
08-06 03:28:13.740 30779 30813 D Nappa   : PARENTS nappagreedy.com.newsblur.activity.Main
08-06 03:28:13.740 30779 30813 D Nappa   : PARENTS has extra: (feed_set, nappagreedy.com.newsblur.util.FeedSet@e)
08-06 03:28:13.829 30779 31382 D Nappa   : TAG okHttpClient initialized
08-06 03:28:13.840 30779 30813 D Nappa   : registerActivity: (already in) nappagreedy.com.newsblur.activity.GlobalSharedStoriesReading
08-06 03:28:13.841 30779 30813 D Nappa   : PARENTS 
08-06 03:28:13.841 30779 30813 D Nappa   : Of: nappagreedy.com.newsblur.activity.GlobalSharedStoriesReading -> 
08-06 03:28:13.841 30779 30813 D Nappa   : PARENTS nappagreedy.com.newsblur.activity.GlobalSharedStoriesItemsList
08-06 03:28:13.841 30779 30813 D Nappa   : PARENTS has extra: (story_hash, 0:65a6e4)
08-06 03:28:13.841 30779 30813 D Nappa   : PARENTS has extra: (feed_set, nappagreedy.com.newsblur.util.FeedSet@e)
08-06 03:28:13.841 30779 30813 D Nappa   : PARENTS nappagreedy.com.newsblur.activity.Main
08-06 03:28:13.841 30779 30813 D Nappa   : PARENTS has extra: (feed_set, nappagreedy.com.newsblur.util.FeedSet@e)
08-06 03:28:13.941 30779 30813 D Nappa   : registerActivity: (already in) nappagreedy.com.newsblur.activity.GlobalSharedStoriesReading
08-06 03:28:13.941 30779 30813 D Nappa   : PARENTS 
08-06 03:28:13.941 30779 30813 D Nappa   : Of: nappagreedy.com.newsblur.activity.GlobalSharedStoriesReading -> 
08-06 03:28:13.941 30779 30813 D Nappa   : PARENTS nappagreedy.com.newsblur.activity.GlobalSharedStoriesItemsList
08-06 03:28:13.942 30779 30813 D Nappa   : PARENTS has extra: (story_hash, 0:65a6e4)
08-06 03:28:13.942 30779 30813 D Nappa   : PARENTS has extra: (feed_set, nappagreedy.com.newsblur.util.FeedSet@e)
08-06 03:28:13.942 30779 30813 D Nappa   : PARENTS nappagreedy.com.newsblur.activity.Main
08-06 03:28:13.942 30779 30813 D Nappa   : PARENTS has extra: (feed_set, nappagreedy.com.newsblur.util.FeedSet@e)
08-06 03:28:14.042 30779 30813 D Nappa   : registerActivity: (already in) nappagreedy.com.newsblur.activity.GlobalSharedStoriesReading
08-06 03:28:14.042 30779 30813 D Nappa   : PARENTS 
08-06 03:28:14.042 30779 30813 D Nappa   : Of: nappagreedy.com.newsblur.activity.GlobalSharedStoriesReading -> 
08-06 03:28:14.042 30779 30813 D Nappa   : PARENTS nappagreedy.com.newsblur.activity.GlobalSharedStoriesItemsList
08-06 03:28:14.042 30779 30813 D Nappa   : PARENTS has extra: (story_hash, 0:65a6e4)
08-06 03:28:14.042 30779 30813 D Nappa   : PARENTS has extra: (feed_set, nappagreedy.com.newsblur.util.FeedSet@e)
08-06 03:28:14.042 30779 30813 D Nappa   : PARENTS nappagreedy.com.newsblur.activity.Main
08-06 03:28:14.042 30779 30813 D Nappa   : PARENTS has extra: (feed_set, nappagreedy.com.newsblur.util.FeedSet@e)
08-06 03:28:14.143 30779 30813 D Nappa   : registerActivity: (already in) nappagreedy.com.newsblur.activity.GlobalSharedStoriesReading
08-06 03:28:14.143 30779 30813 D Nappa   : PARENTS 
08-06 03:28:14.143 30779 30813 D Nappa   : Of: nappagreedy.com.newsblur.activity.GlobalSharedStoriesReading -> 
08-06 03:28:14.143 30779 30813 D Nappa   : PARENTS nappagreedy.com.newsblur.activity.GlobalSharedStoriesItemsList
08-06 03:28:14.143 30779 30813 D Nappa   : PARENTS has extra: (story_hash, 0:65a6e4)
08-06 03:28:14.143 30779 30813 D Nappa   : PARENTS has extra: (feed_set, nappagreedy.com.newsblur.util.FeedSet@e)
08-06 03:28:14.143 30779 30813 D Nappa   : PARENTS nappagreedy.com.newsblur.activity.Main
08-06 03:28:14.143 30779 30813 D Nappa   : PARENTS has extra: (feed_set, nappagreedy.com.newsblur.util.FeedSet@e)
08-06 03:28:14.243 30779 30813 D Nappa   : registerActivity: (already in) nappagreedy.com.newsblur.activity.GlobalSharedStoriesReading
08-06 03:28:14.244 30779 30813 D Nappa   : PARENTS 
08-06 03:28:14.244 30779 30813 D Nappa   : Of: nappagreedy.com.newsblur.activity.GlobalSharedStoriesReading -> 
08-06 03:28:14.244 30779 30813 D Nappa   : PARENTS nappagreedy.com.newsblur.activity.GlobalSharedStoriesItemsList
08-06 03:28:14.244 30779 30813 D Nappa   : PARENTS has extra: (story_hash, 0:65a6e4)
08-06 03:28:14.244 30779 30813 D Nappa   : PARENTS has extra: (feed_set, nappagreedy.com.newsblur.util.FeedSet@e)
08-06 03:28:14.244 30779 30813 D Nappa   : PARENTS nappagreedy.com.newsblur.activity.Main
08-06 03:28:14.244 30779 30813 D Nappa   : PARENTS has extra: (feed_set, nappagreedy.com.newsblur.util.FeedSet@e)
08-06 03:28:14.244 30779 30813 D Nappa   : PREFETCH_ON_EXTRA - setCurrentActivity - starting new prediction
08-06 03:28:14.244 30779 30813 D Nappa   : Current node - currentActivityName - nappagreedy.com.newsblur.activity.GlobalSharedStoriesReading
08-06 03:28:14.244 30779 30813 D Nappa   : Current node - activityGraph.getCurrent() - nappagreedy.com.newsblur.activity.GlobalSharedStoriesReading
08-06 03:28:14.245 30779 30813 D Nappa   : PREFETCH_ON_EXTRA - setCurrentActivity - finished new prediction
08-06 03:28:14.470 30779 31062 D Nappa   : F1_SCORE add_intercept_url - (already in) - https://www.gravatar.com/avatar/f5934485a0863578733c447016505547
08-06 03:28:14.470 30779 31062 D Nappa   : F1_SCORE add_fn_url - (already in) - https://www.gravatar.com/avatar/f5934485a0863578733c447016505547
08-06 03:28:14.470 30779 31062 D Nappa   : -------------F1_SCORE #17 -----------
08-06 03:28:14.471 30779 31062 D Nappa   : F1_SCORE - Intercept list (10)= [https://www.newsblur.com/reader/feeds/?update_counts=true, https://www.newsblur.com/reader/unread_story_hashes?include_timestamps=1, https://www.newsblur.com/social/river_stories?order=newest&page=1&read_filter=all&global_feed=true, https://www.newsblur.com/rss_feeds/icon/0, https://s3.amazonaws.com/icons.newsblur.com/6882243.png, https://s3.amazonaws.com/icons.newsblur.com/18178.png, https://s3.amazonaws.com/icons.newsblur.com/5762506.png, http://feeds.feedburner.com/~r/retort/~4/UffaFMiJbNs, https://images.fastcompany.net/image/upload/w_1280,q_auto,f_auto,fl_lossy/wp-cms/uploads/2020/07/p-1-90532920-this-chart-shows-how-effective-masks-can-be.png, https://www.gravatar.com/avatar/f5934485a0863578733c447016505547]
08-06 03:28:14.471 30779 31062 D Nappa   : F1_SCORE - Prefetch list (0)= []
