08-04 12:09:24.788 23303 23321 D GreedyPrefetchingStrategyOnVisitFrequencyAndTime: MainActivity best successor is WelcomeActivity with score 1.0 containing the URLS []
08-04 12:09:24.788 23303 23321 D GreedyPrefetchingStrategyOnVisitFrequencyAndTime: ------------- Recursion #2 -----------
08-04 12:09:24.789 23303 23321 D GreedyPrefetchingStrategyOnVisitFrequencyAndTime: Best successors so far [WelcomeActivity]
08-04 12:09:24.789 23303 23321 D GreedyPrefetchingStrategyOnVisitFrequencyAndTime: Checking node WelcomeActivity with 1 successors
08-04 12:09:24.789 23303 23321 D GreedyPrefetchingStrategyOnVisitFrequencyAndTime: Check successor CourseListActivity
08-04 12:09:24.789 23303 23321 D GreedyPrefetchingStrategyOnVisitFrequencyAndTime: Data:
08-04 12:09:24.789 23303 23321 D GreedyPrefetchingStrategyOnVisitFrequencyAndTime: 	- Successor time = 87740.0
08-04 12:09:24.789 23303 23321 D GreedyPrefetchingStrategyOnVisitFrequencyAndTime: 	- Successor frequency = 3
08-04 12:09:24.789 23303 23321 D GreedyPrefetchingStrategyOnVisitFrequencyAndTime: 	- Aggregated time = 87740.0
08-04 12:09:24.789 23303 23321 D GreedyPrefetchingStrategyOnVisitFrequencyAndTime: 	- Aggregated frequency = 3
08-04 12:09:24.789 23303 23321 D GreedyPrefetchingStrategyOnVisitFrequencyAndTime: Calculated scores:
08-04 12:09:24.789 23303 23321 D GreedyPrefetchingStrategyOnVisitFrequencyAndTime: 	- Parent score = 1.0
08-04 12:09:24.789 23303 23321 D GreedyPrefetchingStrategyOnVisitFrequencyAndTime: 	- Successor time score = 0.5
08-04 12:09:24.789 23303 23321 D GreedyPrefetchingStrategyOnVisitFrequencyAndTime: 	- Successor frequency score = 0.5
08-04 12:09:24.789 23303 23321 D GreedyPrefetchingStrategyOnVisitFrequencyAndTime: 	- Successor final score = 1.0
08-04 12:09:24.789 23303 23321 D GreedyPrefetchingStrategyOnVisitFrequencyAndTime: Switch best successor
08-04 12:09:24.789 23303 23321 D GreedyPrefetchingStrategyOnVisitFrequencyAndTime: WelcomeActivity best successor is CourseListActivity with score 1.0 containing the URLS []
08-04 12:09:24.789 23303 23321 D GreedyPrefetchingStrategyOnVisitFrequencyAndTime: ------------- Recursion #3 -----------
08-04 12:09:24.789 23303 23321 D GreedyPrefetchingStrategyOnVisitFrequencyAndTime: Best successors so far [WelcomeActivity, CourseListActivity]
08-04 12:09:24.789 23303 23321 D GreedyPrefetchingStrategyOnVisitFrequencyAndTime: Checking node CourseListActivity with 1 successors
08-04 12:09:24.789 23303 23321 D GreedyPrefetchingStrategyOnVisitFrequencyAndTime: Check successor MainActivity
08-04 12:09:24.789 23303 23321 D GreedyPrefetchingStrategyOnVisitFrequencyAndTime: Data:
08-04 12:09:24.789 23303 23321 D GreedyPrefetchingStrategyOnVisitFrequencyAndTime: 	- Successor time = 47251.0
08-04 12:09:24.789 23303 23321 D GreedyPrefetchingStrategyOnVisitFrequencyAndTime: 	- Successor frequency = 8
08-04 12:09:24.789 23303 23321 D GreedyPrefetchingStrategyOnVisitFrequencyAndTime: 	- Aggregated time = 47251.0
08-04 12:09:24.789 23303 23321 D GreedyPrefetchingStrategyOnVisitFrequencyAndTime: 	- Aggregated frequency = 8
08-04 12:09:24.789 23303 23321 D GreedyPrefetchingStrategyOnVisitFrequencyAndTime: Calculated scores:
08-04 12:09:24.790 23303 23321 D GreedyPrefetchingStrategyOnVisitFrequencyAndTime: 	- Parent score = 1.0
08-04 12:09:24.790 23303 23321 D GreedyPrefetchingStrategyOnVisitFrequencyAndTime: 	- Successor time score = 0.5
08-04 12:09:24.790 23303 23321 D GreedyPrefetchingStrategyOnVisitFrequencyAndTime: 	- Successor frequency score = 0.5
08-04 12:09:24.790 23303 23321 D GreedyPrefetchingStrategyOnVisitFrequencyAndTime: 	- Successor final score = 1.0
08-04 12:09:24.790 23303 23321 D GreedyPrefetchingStrategyOnVisitFrequencyAndTime: Switch best successor
08-04 12:09:24.790 23303 23321 D GreedyPrefetchingStrategyOnVisitFrequencyAndTime: CourseListActivity best successor is MainActivity with score 1.0 containing the URLS []
08-04 12:09:24.790 23303 23321 D GreedyPrefetchingStrategyOnVisitFrequencyAndTime: ------------- Recursion #4 -----------
08-04 12:09:24.790 23303 23321 D GreedyPrefetchingStrategyOnVisitFrequencyAndTime: Best successors so far [WelcomeActivity, CourseListActivity, MainActivity]
08-04 12:09:24.790 23303 23321 D GreedyPrefetchingStrategyOnVisitFrequencyAndTime: Checking node MainActivity with 1 successors
08-04 12:09:24.790 23303 23321 D GreedyPrefetchingStrategyOnVisitFrequencyAndTime: Check successor WelcomeActivity
08-04 12:09:24.790 23303 23321 D GreedyPrefetchingStrategyOnVisitFrequencyAndTime: This successor was visited in a previous recursion
08-04 12:09:24.790 23303 23321 D GreedyPrefetchingStrategyOnVisitFrequencyAndTime: this node has no successors
08-04 12:09:24.790 23303 23321 D GreedyPrefetchingStrategyOnVisitFrequencyAndTime: Next visited child will be [nappagreedy.com.ak.uobtimetable.WelcomeActivity, nappagreedy.com.ak.uobtimetable.CourseListActivity, nappagreedy.com.ak.uobtimetable.MainActivity]
08-04 12:09:24.790 23303 23321 D GreedyPrefetchingStrategyOnVisitFrequencyAndTime: ==================================
08-04 12:09:24.790 23303 23321 D Nappa   : PREFETCH_ON_EXTRA - setCurrentActivity - finished new prediction
08-04 12:09:24.821 23303 23315 I art     : Explicit concurrent mark sweep GC freed 33611(1371KB) AllocSpace objects, 0(0B) LOS objects, 23% free, 52MB/68MB, paused 1.146ms total 58.123ms
08-04 12:09:25.123 23303 23303 D ActivityNode: Observer - visit time - CourseListActivity - New aggregate visit time found is 96132 ms
08-04 12:09:25.124 23303 23303 I Choreographer: Skipped 44 frames!  The application may be doing too much work on its main thread.
08-04 12:09:25.129 23303 23858 I art     : Starting a blocking GC Explicit
08-04 12:09:25.130   518   646 I ThermalEngine: ACTION: GPU - Setting GPU[0] to 450000000
08-04 12:09:25.218   918   936 I ActivityManager: Displayed nappagreedy.com.ak.uobtimetable/.MainActivity: +1s242ms
08-04 12:09:25.222 13866 13866 I GoogleInputMethodServic: GoogleInputMethodService.onFinishInput():3138 
08-04 12:09:25.222 13866 13866 I GoogleInputMethodServic: GoogleInputMethodService.onStartInput():1808 
08-04 12:09:25.223 23303 23858 I art     : Explicit concurrent mark sweep GC freed 146923(5MB) AllocSpace objects, 1(20KB) LOS objects, 23% free, 53MB/69MB, paused 935us total 94.429ms
08-04 12:09:25.224 23303 23313 I art     : WaitForGcToComplete blocked for 26.074ms for cause HeapTrim
08-04 12:09:25.225 23303 23303 D ActivityNode: Observer - session data - sourceWelcomeActivity
08-04 12:09:25.225 23303 23303 D ActivityNode: destinations:
08-04 12:09:25.225 23303 23303 D ActivityNode: 	nappagreedy.com.ak.uobtimetable.CourseListActivity( count 3)
08-04 12:09:25.226 23303 23303 D ActivityNode: Observer - session data - sourceCourseListActivity
08-04 12:09:25.226 23303 23303 D ActivityNode: destinations:
08-04 12:09:25.226 23303 23303 D ActivityNode: 	nappagreedy.com.ak.uobtimetable.MainActivity( count 9)
08-04 12:09:25.245 23303 23858 I art     : Starting a blocking GC Explicit
08-04 12:09:25.323 23303 23858 I art     : Explicit concurrent mark sweep GC freed 34247(1564KB) AllocSpace objects, 0(0B) LOS objects, 23% free, 53MB/69MB, paused 1.553ms total 76.983ms
08-04 12:09:25.345 23303 23858 I art     : Starting a blocking GC Explicit
08-04 12:09:25.424 23303 23858 I art     : Explicit concurrent mark sweep GC freed 34007(1394KB) AllocSpace objects, 0(0B) LOS objects, 23% free, 53MB/69MB, paused 1.690ms total 78.905ms
08-04 12:09:25.448 23303 23858 I art     : Starting a blocking GC Explicit
08-04 12:09:25.505 23303 23303 D ActivityNode: Observer - session data - sourceMainActivity
08-04 12:09:25.505 23303 23303 D ActivityNode: destinations:
08-04 12:09:25.505 23303 23303 D ActivityNode: 	nappagreedy.com.ak.uobtimetable.WelcomeActivity( count 3)
08-04 12:09:25.506 23303 23303 I TermDatesFragment: Webview load %: 70
08-04 12:09:25.506 23303 23303 I TermDatesFragment: Webview load %: 100
08-04 12:09:25.506 23303 23303 I TermDatesFragment: Webview load %: 100
08-04 12:09:25.528 23303 23858 I art     : Explicit concurrent mark sweep GC freed 23255(972KB) AllocSpace objects, 0(0B) LOS objects, 23% free, 53MB/69MB, paused 1.139ms total 79.353ms
08-04 12:09:25.537 23303 23303 D NappaLifecycleObserver: nappagreedy.com.ak.uobtimetable.CourseListActivity - onDestroy
08-04 12:09:25.537 23303 23303 D NappaLifecycleObserver: -------------F1_SCORE #12 -----------
08-04 12:09:25.538 23303 23303 D NappaLifecycleObserver: F1_SCORE - Intercept list (3)= [https://uob-timetable-api.adriankeenan.co.uk/courses, https://uob-timetable-api.adriankeenan.co.uk/sessions?dept=BD002&course=CFIEFAAF%2F02AA%2F0%2FFT&level=ALL+Courses, https://uob-timetable-api.adriankeenan.co.uk/sessions?dept=CM010&course=BSAIFAAF%2F02AA%2F0%2FFT&level=Foundation+Year]
08-04 12:09:25.538 23303 23303 D NappaLifecycleObserver: F1_SCORE - Prefetch list (0)= []
08-04 12:09:25.538 23303 23303 D NappaLifecycleObserver: F1_SCORE - TP list (0)= []
08-04 12:09:25.538 23303 23303 D NappaLifecycleObserver: F1_SCORE - FN list (3)= [https://uob-timetable-api.adriankeenan.co.uk/courses, https://uob-timetable-api.adriankeenan.co.uk/sessions?dept=BD002&course=CFIEFAAF%2F02AA%2F0%2FFT&level=ALL+Courses, https://uob-timetable-api.adriankeenan.co.uk/sessions?dept=CM010&course=BSAIFAAF%2F02AA%2F0%2FFT&level=Foundation+Year]
08-04 12:09:25.538 23303 23303 I NAPPA_EXPERIMENTATION: MetricPrefetchingAccuracy: LOG_ID='13',F1_SCORE_1='0.0',F1_SCORE_2='0.0',TRUE_POSITIVE='0',FALSE_POSITIVE='0',FALSE_NEGATIVE='3',
08-04 12:09:25.551 23303 23858 I art     : Starting a blocking GC Explicit
08-04 12:09:25.626 23303 23858 I art     : Explicit concurrent mark sweep GC freed 1190(92KB) AllocSpace objects, 0(0B) LOS objects, 23% free, 53MB/69MB, paused 748us total 74.641ms
08-04 12:09:25.981 23303 23858 I art     : Starting a blocking GC Explicit
08-04 12:09:26.055 23303 23858 I art     : Explicit concurrent mark sweep GC freed 123563(11MB) AllocSpace objects, 4(156KB) LOS objects, 27% free, 41MB/57MB, paused 672us total 73.301ms
08-04 12:09:26.070 23303 23858 I art     : Starting a blocking GC Explicit
08-04 12:09:26.111 23303 23858 I art     : Explicit concurrent mark sweep GC freed 116(4KB) AllocSpace objects, 0(0B) LOS objects, 27% free, 41MB/57MB, paused 616us total 40.810ms
08-04 12:09:26.126 23303 23858 I art     : Starting a blocking GC Explicit
08-04 12:09:26.168 23303 23858 I art     : Explicit concurrent mark sweep GC freed 43(1376B) AllocSpace objects, 0(0B) LOS objects, 27% free, 41MB/57MB, paused 716us total 41.930ms
08-04 12:09:26.184 23303 23858 I art     : Starting a blocking GC Explicit
08-04 12:09:26.227 23303 23858 I art     : Explicit concurrent mark sweep GC freed 33(1056B) AllocSpace objects, 0(0B) LOS objects, 27% free, 41MB/57MB, paused 653us total 43.125ms
08-04 12:09:26.242 23303 23858 I art     : Starting a blocking GC Explicit
08-04 12:09:26.286 23303 23858 I art     : Explicit concurrent mark sweep GC freed 20(640B) AllocSpace objects, 0(0B) LOS objects, 27% free, 41MB/57MB, paused 672us total 43.555ms
08-04 12:09:26.629 23303 23315 I art     : Starting a blocking GC Explicit
08-04 12:09:26.687 23303 23315 I art     : Explicit concurrent mark sweep GC freed 1512(87KB) AllocSpace objects, 1(20KB) LOS objects, 27% free, 41MB/57MB, paused 734us total 56.944ms
08-04 12:09:26.708 23303 23315 I art     : Starting a blocking GC Explicit
08-04 12:09:26.760 23303 23315 I art     : Explicit concurrent mark sweep GC freed 26(944B) AllocSpace objects, 0(0B) LOS objects, 27% free, 41MB/57MB, paused 712us total 51.844ms
08-04 12:09:26.778 23303 23315 I art     : Starting a blocking GC Explicit
08-04 12:09:26.830 23303 23315 I art     : Explicit concurrent mark sweep GC freed 3(96B) AllocSpace objects, 0(0B) LOS objects, 27% free, 41MB/57MB, paused 712us total 51.568ms
08-04 12:09:26.848 23303 23315 I art     : Starting a blocking GC Explicit
08-04 12:09:26.898 23303 23315 I art     : Explicit concurrent mark sweep GC freed 3(96B) AllocSpace objects, 0(0B) LOS objects, 27% free, 41MB/57MB, paused 728us total 50.083ms
08-04 12:09:26.916 23303 23315 I art     : Starting a blocking GC Explicit
08-04 12:09:26.971 23303 23315 I art     : Explicit concurrent mark sweep GC freed 3(96B) AllocSpace objects, 0(0B) LOS objects, 27% free, 41MB/57MB, paused 659us total 54.160ms
08-04 12:09:27.317 23303 23577 I art     : Starting a blocking GC Explicit
08-04 12:09:27.381 23303 23577 I art     : Explicit concurrent mark sweep GC freed 1513(88KB) AllocSpace objects, 1(20KB) LOS objects, 27% free, 41MB/57MB, paused 768us total 63.552ms
08-04 12:09:27.403 23303 23577 I art     : Starting a blocking GC Explicit
08-04 12:09:27.456 23303 23577 I art     : Explicit concurrent mark sweep GC freed 26(944B) AllocSpace objects, 0(0B) LOS objects, 27% free, 41MB/57MB, paused 710us total 52.495ms
08-04 12:09:27.474 23303 23577 I art     : Starting a blocking GC Explicit
08-04 12:09:27.525 23303 23577 I art     : Explicit concurrent mark sweep GC freed 3(96B) AllocSpace objects, 0(0B) LOS objects, 27% free, 41MB/57MB, paused 723us total 50.382ms
08-04 12:09:27.542 23303 23577 I art     : Starting a blocking GC Explicit
08-04 12:09:27.596 23303 23577 I art     : Explicit concurrent mark sweep GC freed 3(96B) AllocSpace objects, 0(0B) LOS objects, 27% free, 41MB/57MB, paused 686us total 53.705ms
08-04 12:09:27.614 23303 23577 I art     : Starting a blocking GC Explicit
08-04 12:09:27.666 23303 23577 I art     : Explicit concurrent mark sweep GC freed 3(96B) AllocSpace objects, 0(0B) LOS objects, 27% free, 41MB/57MB, paused 720us total 52.272ms
08-04 12:09:27.956   918   918 I ActivityManager: Start proc 24804:com.google.android.youtube/u0a75 for service com.google.android.youtube/androidx.work.impl.background.systemjob.SystemJobService
08-04 12:09:27.985 24804 24804 W ResourceType: ResTable_typeSpec entry count inconsistent: given 37, previously 42
08-04 12:09:27.985 24804 24804 W ResourceType: ResTable_typeSpec entry count inconsistent: given 2527, previously 2530
08-04 12:09:27.986 24804 24804 W ResourceType: ResTable_typeSpec entry count inconsistent: given 2542, previously 2545
08-04 12:09:27.986 24804 24804 W ResourceType: ResTable_typeSpec entry count inconsistent: given 303, previously 1691
08-04 12:09:28.035 23303 23575 I art     : Starting a blocking GC Explicit
08-04 12:09:28.047 24804 24804 W FileProviderCompat: isPatchingNecessary returned true and in == null: false
08-04 12:09:28.055 24804 24804 W PatchedPackageManager: patching ProviderInfo. Metadata was not null
08-04 12:09:28.056 24804 24804 W PatchedPackageManager: resolveContentProvider flags: 128 ret: ContentProviderInfo{name=com.google.android.youtube.fileprovider className=com.google.android.apps.youtube.app.common.util.MainAppFileProviderCompat}
08-04 12:09:28.081 23303 23575 I art     : Explicit concurrent mark sweep GC freed 1513(88KB) AllocSpace objects, 1(20KB) LOS objects, 27% free, 41MB/57MB, paused 692us total 46.184ms
08-04 12:09:28.098 23303 23575 I art     : Starting a blocking GC Explicit
08-04 12:09:28.140 23303 23575 I art     : Explicit concurrent mark sweep GC freed 26(944B) AllocSpace objects, 0(0B) LOS objects, 27% free, 41MB/57MB, paused 698us total 41.448ms
08-04 12:09:28.155 23303 23575 I art     : Starting a blocking GC Explicit
08-04 12:09:28.196 23303 23575 I art     : Explicit concurrent mark sweep GC freed 3(96B) AllocSpace objects, 0(0B) LOS objects, 27% free, 41MB/57MB, paused 636us total 40.163ms
08-04 12:09:28.205 24804 24827 W YouTube : Fetching the Gservices key 'failsafe_clear_cache_release_13_02' before the end of the bulk initialization
08-04 12:09:28.211 23303 23575 I art     : Starting a blocking GC Explicit
08-04 12:09:28.250 23303 23575 I art     : Explicit concurrent mark sweep GC freed 3(96B) AllocSpace objects, 0(0B) LOS objects, 27% free, 41MB/57MB, paused 630us total 38.676ms
08-04 12:09:28.265 23303 23575 I art     : Starting a blocking GC Explicit
08-04 12:09:28.278 24804 24824 W GooglePlayServicesUtil: Google Play services out of date for com.google.android.youtube.  Requires 202990000 but found 202614019
08-04 12:09:28.303 23303 23575 I art     : Explicit concurrent mark sweep GC freed 3(96B) AllocSpace objects, 0(0B) LOS objects, 27% free, 41MB/57MB, paused 629us total 38.320ms
08-04 12:09:28.322 24804 24824 E linker  : readlink('/proc/self/fd/23') failed: Permission denied [fd=23]
08-04 12:09:28.324 24804 24824 E linker  : warning: unable to get realpath for the library "/data/data/com.google.android.youtube/cache/1592423383555.dex". Will use given name.
08-04 12:09:28.452 24804 24859 E linker  : readlink('/proc/self/fd/26') failed: Permission denied [fd=26]
08-04 12:09:28.453 24804 24859 E linker  : warning: unable to get realpath for the library "/data/app/com.google.android.youtube-1/lib/arm64/libcronet.85.0.4183.18.so". Will use given name.
08-04 12:09:28.472   918  6110 D ConnectivityService: listenForNetwork for Listen from uid/pid:10075/24804 for NetworkRequest [ id=2642, legacyType=-1, [ Capabilities: INTERNET&NOT_RESTRICTED&TRUSTED] ]
08-04 12:09:28.548 24804 24842 E GEL_DELAYED_EVENT_DEBUG: Failed delayed event dispatch, no dispatchers.
08-04 12:09:28.604 23303 23315 I art     : Starting a blocking GC Explicit
08-04 12:09:28.631 24804 24902 E linker  : readlink('/proc/self/fd/43') failed: Permission denied [fd=43]
08-04 12:09:28.631 24804 24902 E linker  : warning: unable to get realpath for the library "/data/data/com.google.android.gms/app_chimera/m/00000039/oat/arm64/DynamiteLoader.odex". Will use given name.
08-04 12:09:28.644 23303 23315 I art     : Explicit concurrent mark sweep GC freed 1529(90KB) AllocSpace objects, 1(20KB) LOS objects, 27% free, 41MB/57MB, paused 699us total 40.623ms
08-04 12:09:28.644 24819 24819 D AndroidRuntime: >>>>>> START com.android.internal.os.RuntimeInit uid 2000 <<<<<<
08-04 12:09:28.650 24819 24819 D AndroidRuntime: CheckJNI is OFF
08-04 12:09:28.660 23303 23315 I art     : Starting a blocking GC Explicit
08-04 12:09:28.690 24819 24819 D ICU     : No timezone override file found: /data/misc/zoneinfo/current/icu/icu_tzdata.dat
08-04 12:09:28.700 23303 23315 I art     : Explicit concurrent mark sweep GC freed 53(2000B) AllocSpace objects, 0(0B) LOS objects, 27% free, 41MB/57MB, paused 686us total 40.112ms
08-04 12:09:28.716 23303 23315 I art     : Starting a blocking GC Explicit
08-04 12:09:28.733 24819 24819 I Radio-JNI: register_android_hardware_Radio DONE
08-04 12:09:28.757 23303 23315 I art     : Explicit concurrent mark sweep GC freed 37(928B) AllocSpace objects, 0(0B) LOS objects, 27% free, 41MB/57MB, paused 1.048ms total 40.649ms
08-04 12:09:28.762 24819 24819 D AndroidRuntime: Calling main entry com.android.commands.input.Input
08-04 12:09:28.764 24819 24819 I Input   : injectMotionEvent: MotionEvent { action=ACTION_DOWN, actionButton=0, id[0]=0, x[0]=81.0, y[0]=176.0, toolType[0]=TOOL_TYPE_UNKNOWN, buttonState=0, metaState=0, flags=0x0, edgeFlags=0x0, pointerCount=1, historySize=0, eventTime=706185177, downTime=706185177, deviceId=0, source=0x1002 }
08-04 12:09:28.768 24819 24819 I Input   : injectMotionEvent: MotionEvent { action=ACTION_UP, actionButton=0, id[0]=0, x[0]=81.0, y[0]=176.0, toolType[0]=TOOL_TYPE_UNKNOWN, buttonState=0, metaState=0, flags=0x0, edgeFlags=0x0, pointerCount=1, historySize=0, eventTime=706185177, downTime=706185177, deviceId=0, source=0x1002 }
08-04 12:09:28.771 24819 24819 D AndroidRuntime: Shutting down VM
08-04 12:09:28.772 23303 23315 I art     : Starting a blocking GC Explicit
08-04 12:09:28.782   512  2967 D audio_hw_primary: out_set_parameters: enter: usecase(1: low-latency-playback) kvpairs: routing=2
08-04 12:09:28.795   512  2967 D audio_hw_primary: select_devices: out_snd_device(2: speaker) in_snd_device(0: none)
08-04 12:09:28.795   512  2967 D msm8974_platform: platform_send_audio_calibration: sending audio calibration for snd_device(2) acdb_id(15)
08-04 12:09:28.796   512  2967 I soundtrigger: audio_extn_sound_trigger_update_device_status: device 0x2 of type 0 for Event 1
08-04 12:09:28.813   512  2967 D audio_hw_primary: enable_snd_device: snd_device(2: speaker)
08-04 12:09:28.814 23303 23315 I art     : Explicit concurrent mark sweep GC freed 60(2384B) AllocSpace objects, 0(0B) LOS objects, 27% free, 41MB/57MB, paused 958us total 42.254ms
08-04 12:09:28.818   512  2967 D audio_hw_primary: enable_audio_route: apply and update mixer path: low-latency-playback speaker
08-04 12:09:28.830 23303 23315 I art     : Starting a blocking GC Explicit
08-04 12:09:28.870 23303 23315 I art     : Explicit concurrent mark sweep GC freed 528(29KB) AllocSpace objects, 0(0B) LOS objects, 27% free, 41MB/57MB, paused 676us total 40.386ms
08-04 12:09:28.922   918  6029 I AccountManagerService: getTypesVisibleToCaller: isPermitted? true
08-04 12:09:29.137   518   646 I ThermalEngine: ACTION: GPU - Setting GPU[0] to 510000000
08-04 12:09:29.161 23303 23577 I art     : Starting a blocking GC Explicit
08-04 12:09:29.200 23303 23577 I art     : Explicit concurrent mark sweep GC freed 1520(89KB) AllocSpace objects, 1(20KB) LOS objects, 27% free, 41MB/57MB, paused 464us total 38.799ms
08-04 12:09:29.214 23303 23577 I art     : Starting a blocking GC Explicit
08-04 12:09:29.248 23303 23577 I art     : Explicit concurrent mark sweep GC freed 35(1232B) AllocSpace objects, 0(0B) LOS objects, 27% free, 41MB/57MB, paused 494us total 33.849ms
08-04 12:09:29.261 23303 23577 I art     : Starting a blocking GC Explicit
08-04 12:09:29.296 23303 23577 I art     : Explicit concurrent mark sweep GC freed 5(160B) AllocSpace objects, 0(0B) LOS objects, 27% free, 41MB/57MB, paused 490us total 34.365ms
08-04 12:09:29.308 23303 23577 I art     : Starting a blocking GC Explicit
08-04 12:09:29.341 23303 23577 I art     : Explicit concurrent mark sweep GC freed 3(96B) AllocSpace objects, 0(0B) LOS objects, 27% free, 41MB/57MB, paused 476us total 32.729ms
08-04 12:09:29.353 23303 23577 I art     : Starting a blocking GC Explicit
08-04 12:09:29.359   512  2967 D audio_hw_primary: disable_audio_route: reset and update mixer path: low-latency-playback speaker
08-04 12:09:29.360   512  2967 D audio_hw_primary: disable_snd_device: snd_device(2: speaker)
08-04 12:09:29.367   512  2967 I soundtrigger: audio_extn_sound_trigger_update_device_status: device 0x2 of type 0 for Event 0
08-04 12:09:29.385 23303 23577 I art     : Explicit concurrent mark sweep GC freed 3(96B) AllocSpace objects, 0(0B) LOS objects, 27% free, 41MB/57MB, paused 457us total 31.690ms
08-04 12:09:29.518 24804 24859 I art     : Rejecting re-init on previously-failed class java.lang.Class<qxt>
08-04 12:09:29.518 24804 24859 I art     : Rejecting re-init on previously-failed class java.lang.Class<qxt>
08-04 12:09:29.519 24804 24859 I art     : Rejecting re-init on previously-failed class java.lang.Class<qxt>
08-04 12:09:29.519 24804 24859 I art     : Rejecting re-init on previously-failed class java.lang.Class<qxt>
08-04 12:09:29.522 24804 24859 I art     : Rejecting re-init on previously-failed class java.lang.Class<qxt>
08-04 12:09:29.522 24804 24859 I art     : Rejecting re-init on previously-failed class java.lang.Class<qxt>
08-04 12:09:29.523 24804 24859 I art     : Rejecting re-init on previously-failed class java.lang.Class<qxt>
08-04 12:09:29.523 24804 24859 I art     : Rejecting re-init on previously-failed class java.lang.Class<qxt>
08-04 12:09:29.525 24804 24859 I art     : Rejecting re-init on previously-failed class java.lang.Class<qxt>
08-04 12:09:29.526 24804 24859 I art     : Rejecting re-init on previously-failed class java.lang.Class<qxt>
08-04 12:09:29.533 24804 24846 W YT.MDX.agyr: CastAppId for type 0 not found. Defaulting to mainCastAppId.
08-04 12:09:29.549 24804 24908 I FA      : App measurement initialized, version: 31021
08-04 12:09:29.549 24804 24908 I FA      : To enable debug logging run: adb shell setprop log.tag.FA VERBOSE
08-04 12:09:29.549 24804 24908 I FA      : To enable faster debug mode event logging run:
08-04 12:09:29.549 24804 24908 I FA      :   adb shell setprop debug.firebase.analytics.app com.google.android.youtube
08-04 12:09:29.664 24804 24846 W YT.MDX.agyr: CastAppId for type 0 not found. Defaulting to mainCastAppId.
08-04 12:09:29.680 23303 23858 I art     : Starting a blocking GC Explicit
08-04 12:09:29.717 23303 23858 I art     : Explicit concurrent mark sweep GC freed 1516(91KB) AllocSpace objects, 1(20KB) LOS objects, 27% free, 41MB/57MB, paused 578us total 37.275ms
08-04 12:09:29.730 23303 23858 I art     : Starting a blocking GC Explicit
08-04 12:09:29.765 23303 23858 I art     : Explicit concurrent mark sweep GC freed 28(1008B) AllocSpace objects, 0(0B) LOS objects, 27% free, 41MB/57MB, paused 472us total 34.612ms
08-04 12:09:29.777 23303 23858 I art     : Starting a blocking GC Explicit
08-04 12:09:29.810 23303 23858 I art     : Explicit concurrent mark sweep GC freed 3(96B) AllocSpace objects, 0(0B) LOS objects, 27% free, 41MB/57MB, paused 486us total 33.363ms
08-04 12:09:29.823 23303 23858 I art     : Starting a blocking GC Explicit
08-04 12:09:29.857 23303 23858 I art     : Explicit concurrent mark sweep GC freed 3(96B) AllocSpace objects, 0(0B) LOS objects, 27% free, 41MB/57MB, paused 479us total 34.680ms
08-04 12:09:29.870 23303 23858 I art     : Starting a blocking GC Explicit
08-04 12:09:29.876 24365 24365 I Herrevad: [1] abng.a: updateListenState
08-04 12:09:29.905 23303 23858 I art     : Explicit concurrent mark sweep GC freed 3(96B) AllocSpace objects, 0(0B) LOS objects, 27% free, 41MB/57MB, paused 531us total 34.441ms
08-04 12:09:30.141   518   646 I ThermalEngine: ACTION: GPU - Setting GPU[0] to 450000000
08-04 12:09:30.202 23303 23575 I art     : Starting a blocking GC Explicit
08-04 12:09:30.222 13866 13882 I PeriodicStatsRunner: PeriodicStatsRunner.call():175 call()
08-04 12:09:30.223 13866 13882 I PeriodicStatsRunner: PeriodicStatsRunner.call():179 No submit PeriodicStats since input started.
08-04 12:09:30.254 23303 23575 I art     : Explicit concurrent mark sweep GC freed 1513(88KB) AllocSpace objects, 1(20KB) LOS objects, 27% free, 41MB/57MB, paused 716us total 51.508ms
08-04 12:09:30.271 23303 23575 I art     : Starting a blocking GC Explicit
08-04 12:09:30.317 23303 23575 I art     : Explicit concurrent mark sweep GC freed 26(944B) AllocSpace objects, 0(0B) LOS objects, 27% free, 41MB/57MB, paused 787us total 46.597ms
08-04 12:09:30.334 23303 23575 I art     : Starting a blocking GC Explicit
08-04 12:09:30.382 23303 23575 I art     : Explicit concurrent mark sweep GC freed 3(96B) AllocSpace objects, 0(0B) LOS objects, 27% free, 41MB/57MB, paused 696us total 47.187ms
08-04 12:09:30.382 23303 23313 I art     : WaitForGcToComplete blocked for 47.465ms for cause HeapTrim
08-04 12:09:30.399 23303 23575 I art     : Starting a blocking GC Explicit
08-04 12:09:30.446 23303 23575 I art     : Explicit concurrent mark sweep GC freed 5(160B) AllocSpace objects, 0(0B) LOS objects, 27% free, 41MB/57MB, paused 704us total 46.811ms
08-04 12:09:30.464 23303 23575 I art     : Starting a blocking GC Explicit
08-04 12:09:30.512 23303 23575 I art     : Explicit concurrent mark sweep GC freed 12(384B) AllocSpace objects, 0(0B) LOS objects, 27% free, 41MB/57MB, paused 690us total 48.450ms
08-04 12:09:30.524 24975 24975 D AndroidRuntime: >>>>>> START com.android.internal.os.RuntimeInit uid 2000 <<<<<<
08-04 12:09:30.530 24975 24975 D AndroidRuntime: CheckJNI is OFF
08-04 12:09:30.572 24975 24975 D ICU     : No timezone override file found: /data/misc/zoneinfo/current/icu/icu_tzdata.dat
08-04 12:09:30.615 24975 24975 I Radio-JNI: register_android_hardware_Radio DONE
08-04 12:09:30.645 24975 24975 D AndroidRuntime: Calling main entry com.android.commands.input.Input
08-04 12:09:30.648 24975 24975 I Input   : injectMotionEvent: MotionEvent { action=ACTION_DOWN, actionButton=0, id[0]=0, x[0]=360.0, y[0]=1098.0, toolType[0]=TOOL_TYPE_UNKNOWN, buttonState=0, metaState=0, flags=0x0, edgeFlags=0x0, pointerCount=1, historySize=0, eventTime=706187061, downTime=706187061, deviceId=0, source=0x1002 }
08-04 12:09:30.655 24975 24975 I Input   : injectMotionEvent: MotionEvent { action=ACTION_UP, actionButton=0, id[0]=0, x[0]=360.0, y[0]=1098.0, toolType[0]=TOOL_TYPE_UNKNOWN, buttonState=0, metaState=0, flags=0x0, edgeFlags=0x0, pointerCount=1, historySize=0, eventTime=706187061, downTime=706187061, deviceId=0, source=0x1002 }
08-04 12:09:30.659 24975 24975 D AndroidRuntime: Shutting down VM
08-04 12:09:30.666 23303 23303 D MainActivity: NavigationItemSelected: Term dates
08-04 12:09:30.669   512  2967 D audio_hw_primary: out_set_parameters: enter: usecase(1: low-latency-playback) kvpairs: routing=2
08-04 12:09:30.682   512  2967 D audio_hw_primary: select_devices: out_snd_device(2: speaker) in_snd_device(0: none)
08-04 12:09:30.682   512  2967 D msm8974_platform: platform_send_audio_calibration: sending audio calibration for snd_device(2) acdb_id(15)
08-04 12:09:30.682   512  2967 I soundtrigger: audio_extn_sound_trigger_update_device_status: device 0x2 of type 0 for Event 1
08-04 12:09:30.695   512  2967 D audio_hw_primary: enable_snd_device: snd_device(2: speaker)
08-04 12:09:30.698   512  2967 D audio_hw_primary: enable_audio_route: apply and update mixer path: low-latency-playback speaker
08-04 12:09:30.702 13866 13866 I GoogleInputMethodServic: GoogleInputMethodService.onFinishInput():3138 
08-04 12:09:30.702 13866 13866 I GoogleInputMethodServic: GoogleInputMethodService.onStartInput():1808 
08-04 12:09:30.832 23303 23575 I art     : Starting a blocking GC Explicit
08-04 12:09:30.880 23303 23575 I art     : Explicit concurrent mark sweep GC freed 2104(111KB) AllocSpace objects, 1(20KB) LOS objects, 27% free, 41MB/57MB, paused 929us total 47.588ms
08-04 12:09:30.898 23303 23575 I art     : Starting a blocking GC Explicit
08-04 12:09:30.941 23303 23575 I art     : Explicit concurrent mark sweep GC freed 238(16KB) AllocSpace objects, 0(0B) LOS objects, 27% free, 41MB/57MB, paused 624us total 42.796ms
08-04 12:09:30.959 23303 23575 I art     : Starting a blocking GC Explicit
08-04 12:09:31.005 23303 23575 I art     : Explicit concurrent mark sweep GC freed 10(320B) AllocSpace objects, 0(0B) LOS objects, 27% free, 41MB/57MB, paused 763us total 46.085ms
08-04 12:09:31.023 23303 23575 I art     : Starting a blocking GC Explicit
08-04 12:09:31.069 23303 23575 I art     : Explicit concurrent mark sweep GC freed 11(352B) AllocSpace objects, 0(0B) LOS objects, 27% free, 41MB/57MB, paused 667us total 45.398ms
08-04 12:09:31.085 23303 23575 I art     : Starting a blocking GC Explicit
08-04 12:09:31.102 13866 13866 I GoogleInputMethodServic: GoogleInputMethodService.onFinishInput():3138 
08-04 12:09:31.103 13866 13866 I GoogleInputMethodServic: GoogleInputMethodService.onStartInput():1808 
08-04 12:09:31.129 23303 23575 I art     : Explicit concurrent mark sweep GC freed 34(1248B) AllocSpace objects, 0(0B) LOS objects, 27% free, 41MB/57MB, paused 677us total 43.521ms
08-04 12:09:31.230   512  2967 D audio_hw_primary: disable_audio_route: reset and update mixer path: low-latency-playback speaker
08-04 12:09:31.232   512  2967 D audio_hw_primary: disable_snd_device: snd_device(2: speaker)
08-04 12:09:31.242   512  2967 I soundtrigger: audio_extn_sound_trigger_update_device_status: device 0x2 of type 0 for Event 0
08-04 12:09:31.480 23303 23315 I art     : Starting a blocking GC Explicit
08-04 12:09:31.538 23303 23315 I art     : Explicit concurrent mark sweep GC freed 1565(89KB) AllocSpace objects, 1(20KB) LOS objects, 27% free, 41MB/57MB, paused 699us total 58.268ms
08-04 12:09:31.559 23303 23315 I art     : Starting a blocking GC Explicit
08-04 12:09:31.609 23303 23315 I art     : Explicit concurrent mark sweep GC freed 34(1200B) AllocSpace objects, 0(0B) LOS objects, 27% free, 41MB/57MB, paused 699us total 49.188ms
08-04 12:09:31.627 23303 23315 I art     : Starting a blocking GC Explicit
08-04 12:09:31.675 23303 23315 I art     : Explicit concurrent mark sweep GC freed 11(352B) AllocSpace objects, 0(0B) LOS objects, 27% free, 41MB/57MB, paused 654us total 47.486ms
08-04 12:09:31.693 23303 23315 I art     : Starting a blocking GC Explicit
08-04 12:09:31.741 23303 23315 I art     : Explicit concurrent mark sweep GC freed 11(352B) AllocSpace objects, 0(0B) LOS objects, 27% free, 41MB/57MB, paused 641us total 47.491ms
08-04 12:09:31.760 23303 23315 I art     : Starting a blocking GC Explicit
08-04 12:09:31.809 23303 23315 I art     : Explicit concurrent mark sweep GC freed 11(352B) AllocSpace objects, 0(0B) LOS objects, 27% free, 41MB/57MB, paused 656us total 48.873ms
08-04 12:09:32.175 23303 23575 I art     : Starting a blocking GC Explicit
08-04 12:09:32.231 23303 23575 I art     : Explicit concurrent mark sweep GC freed 1563(89KB) AllocSpace objects, 1(20KB) LOS objects, 27% free, 41MB/57MB, paused 702us total 55.663ms
08-04 12:09:32.251 23303 23575 I art     : Starting a blocking GC Explicit
08-04 12:09:32.302 23303 23575 I art     : Explicit concurrent mark sweep GC freed 35(1232B) AllocSpace objects, 0(0B) LOS objects, 27% free, 41MB/57MB, paused 903us total 51.563ms
08-04 12:09:32.322 23303 23575 I art     : Starting a blocking GC Explicit
08-04 12:09:32.372 23303 23575 I art     : Explicit concurrent mark sweep GC freed 22(704B) AllocSpace objects, 0(0B) LOS objects, 27% free, 41MB/57MB, paused 650us total 50.177ms
08-04 12:09:32.391 23303 23575 I art     : Starting a blocking GC Explicit
08-04 12:09:32.443 23303 23575 I art     : Explicit concurrent mark sweep GC freed 19(608B) AllocSpace objects, 0(0B) LOS objects, 27% free, 41MB/57MB, paused 661us total 51.217ms
08-04 12:09:32.461 23303 23575 I art     : Starting a blocking GC Explicit
08-04 12:09:32.511 23303 23575 I art     : Explicit concurrent mark sweep GC freed 19(608B) AllocSpace objects, 0(0B) LOS objects, 27% free, 41MB/57MB, paused 715us total 49.894ms
08-04 12:09:32.889 23303 23575 I art     : Starting a blocking GC Explicit
08-04 12:09:32.961 23303 23575 I art     : Explicit concurrent mark sweep GC freed 1524(88KB) AllocSpace objects, 1(20KB) LOS objects, 27% free, 41MB/57MB, paused 760us total 71.312ms
08-04 12:09:32.981 23303 23575 I art     : Starting a blocking GC Explicit
08-04 12:09:33.028 23303 23575 I art     : Explicit concurrent mark sweep GC freed 26(944B) AllocSpace objects, 0(0B) LOS objects, 27% free, 41MB/57MB, paused 740us total 46.150ms
08-04 12:09:33.043 23303 23575 I art     : Starting a blocking GC Explicit
08-04 12:09:33.083 23303 23575 I art     : Explicit concurrent mark sweep GC freed 3(96B) AllocSpace objects, 0(0B) LOS objects, 27% free, 41MB/57MB, paused 624us total 40.086ms
08-04 12:09:33.099 23303 23575 I art     : Starting a blocking GC Explicit
08-04 12:09:33.144 23303 23575 I art     : Explicit concurrent mark sweep GC freed 3(96B) AllocSpace objects, 0(0B) LOS objects, 27% free, 41MB/57MB, paused 658us total 44.929ms
08-04 12:09:33.160 23303 23575 I art     : Starting a blocking GC Explicit
08-04 12:09:33.208 23303 23575 I art     : Explicit concurrent mark sweep GC freed 3(96B) AllocSpace objects, 0(0B) LOS objects, 27% free, 41MB/57MB, paused 708us total 47.844ms
08-04 12:09:33.267   918 13198 D NetlinkSocketObserver: NeighborEvent{elapsedMs=1689577142, 192.168.2.254, [7C3953A63323], RTM_NEWNEIGH, NUD_PROBE}
08-04 12:09:33.574 23303 23858 I art     : Starting a blocking GC Explicit
08-04 12:09:33.644 23303 23858 I art     : Explicit concurrent mark sweep GC freed 1513(88KB) AllocSpace objects, 1(20KB) LOS objects, 27% free, 41MB/57MB, paused 715us total 69.115ms
08-04 12:09:33.665 23303 23858 I art     : Starting a blocking GC Explicit
08-04 12:09:33.720 23303 23858 I art     : Explicit concurrent mark sweep GC freed 26(944B) AllocSpace objects, 0(0B) LOS objects, 27% free, 41MB/57MB, paused 659us total 54.433ms
08-04 12:09:33.737 23303 23858 I art     : Starting a blocking GC Explicit
08-04 12:09:33.789 23303 23858 I art     : Explicit concurrent mark sweep GC freed 3(96B) AllocSpace objects, 0(0B) LOS objects, 27% free, 41MB/57MB, paused 741us total 51.663ms
08-04 12:09:33.807 23303 23858 I art     : Starting a blocking GC Explicit
08-04 12:09:33.860 23303 23858 I art     : Explicit concurrent mark sweep GC freed 3(96B) AllocSpace objects, 0(0B) LOS objects, 27% free, 41MB/57MB, paused 701us total 52.616ms
08-04 12:09:33.878 23303 23858 I art     : Starting a blocking GC Explicit
08-04 12:09:33.930 23303 23858 I art     : Explicit concurrent mark sweep GC freed 3(96B) AllocSpace objects, 0(0B) LOS objects, 27% free, 41MB/57MB, paused 710us total 51.330ms
08-04 12:09:34.302 23303 23577 I art     : Starting a blocking GC Explicit
08-04 12:09:34.370 23303 23577 I art     : Explicit concurrent mark sweep GC freed 1513(88KB) AllocSpace objects, 1(20KB) LOS objects, 27% free, 41MB/57MB, paused 785us total 67.730ms
08-04 12:09:34.392 23303 23577 I art     : Starting a blocking GC Explicit
08-04 12:09:34.446 23303 23577 I art     : Explicit concurrent mark sweep GC freed 26(944B) AllocSpace objects, 0(0B) LOS objects, 27% free, 41MB/57MB, paused 740us total 53.755ms
08-04 12:09:34.464 23303 23577 I art     : Starting a blocking GC Explicit
08-04 12:09:34.517 23303 23577 I art     : Explicit concurrent mark sweep GC freed 3(96B) AllocSpace objects, 0(0B) LOS objects, 27% free, 41MB/57MB, paused 735us total 52.839ms
08-04 12:09:34.535 23303 23577 I art     : Starting a blocking GC Explicit
08-04 12:09:34.590 23303 23577 I art     : Explicit concurrent mark sweep GC freed 3(96B) AllocSpace objects, 0(0B) LOS objects, 27% free, 41MB/57MB, paused 726us total 54.415ms
08-04 12:09:34.607 23303 23577 I art     : Starting a blocking GC Explicit
08-04 12:09:34.657 23303 23577 I art     : Explicit concurrent mark sweep GC freed 3(96B) AllocSpace objects, 0(0B) LOS objects, 27% free, 41MB/57MB, paused 797us total 49.651ms
08-04 12:09:35.021 23303 23314 I art     : Starting a blocking GC Explicit
08-04 12:09:35.072 23303 23314 I art     : Explicit concurrent mark sweep GC freed 1513(88KB) AllocSpace objects, 1(20KB) LOS objects, 27% free, 41MB/57MB, paused 749us total 50.516ms
08-04 12:09:35.089 23303 23314 I art     : Starting a blocking GC Explicit
08-04 12:09:35.140 23303 23314 I art     : Explicit concurrent mark sweep GC freed 26(944B) AllocSpace objects, 0(0B) LOS objects, 27% free, 41MB/57MB, paused 704us total 49.850ms
08-04 12:09:35.149   518   646 I ThermalEngine: ACTION: GPU - Setting GPU[0] to 510000000
08-04 12:09:35.157 23303 23314 I art     : Starting a blocking GC Explicit
08-04 12:09:35.201 23303 23314 I art     : Explicit concurrent mark sweep GC freed 3(96B) AllocSpace objects, 0(0B) LOS objects, 27% free, 41MB/57MB, paused 570us total 43.880ms
08-04 12:09:35.215 23303 23314 I art     : Starting a blocking GC Explicit
08-04 12:09:35.253 23303 23314 I art     : Explicit concurrent mark sweep GC freed 3(96B) AllocSpace objects, 0(0B) LOS objects, 27% free, 41MB/57MB, paused 520us total 38.174ms
08-04 12:09:35.266 23303 23314 I art     : Starting a blocking GC Explicit
08-04 12:09:35.304 23303 23314 I art     : Explicit concurrent mark sweep GC freed 3(96B) AllocSpace objects, 0(0B) LOS objects, 27% free, 41MB/57MB, paused 534us total 37.665ms
08-04 12:09:35.437 25076 25076 D AndroidRuntime: >>>>>> START com.android.internal.os.RuntimeInit uid 2000 <<<<<<
08-04 12:09:35.446 25076 25076 D AndroidRuntime: CheckJNI is OFF
08-04 12:09:35.478 25076 25076 D ICU     : No timezone override file found: /data/misc/zoneinfo/current/icu/icu_tzdata.dat
08-04 12:09:35.512 25076 25076 I Radio-JNI: register_android_hardware_Radio DONE
08-04 12:09:35.533 25076 25076 D AndroidRuntime: Calling main entry com.android.commands.am.Am
08-04 12:09:35.540  2375  2375 I Trepn   : Trepn 6.2s: Received intent: com.quicinc.trepn.stop_profiling
08-04 12:09:35.566  2375  2375 I Trepn   : Trepn 6.2s: Trepn has Stopped Profiling.
08-04 12:09:35.629 23303 23315 I art     : Starting a blocking GC Explicit
08-04 12:09:35.667 23303 23315 I art     : Explicit concurrent mark sweep GC freed 1524(88KB) AllocSpace objects, 1(20KB) LOS objects, 27% free, 41MB/57MB, paused 495us total 37.913ms
08-04 12:09:35.681 23303 23315 I art     : Starting a blocking GC Explicit
08-04 12:09:35.696 25076 25076 D AndroidRuntime: Shutting down VM
08-04 12:09:35.699   918  4413 W AppOps  : Finishing op nesting under-run: uid 10078 pkg com.quicinc.trepn code 24 time=0 duration=0 nesting=0
08-04 12:09:35.702 13866 13882 I PeriodicStatsRunner: PeriodicStatsRunner.call():175 call()
08-04 12:09:35.702 13866 13882 I PeriodicStatsRunner: PeriodicStatsRunner.call():179 No submit PeriodicStats since input started.
08-04 12:09:35.716 23303 23315 I art     : Explicit concurrent mark sweep GC freed 48(1600B) AllocSpace objects, 0(0B) LOS objects, 27% free, 41MB/57MB, paused 500us total 34.832ms
08-04 12:09:35.728 23303 23315 I art     : Starting a blocking GC Explicit
08-04 12:09:35.762 23303 23315 I art     : Explicit concurrent mark sweep GC freed 3(96B) AllocSpace objects, 0(0B) LOS objects, 27% free, 41MB/57MB, paused 495us total 33.822ms
08-04 12:09:35.774 23303 23315 I art     : Starting a blocking GC Explicit
08-04 12:09:35.809 23303 23315 I art     : Explicit concurrent mark sweep GC freed 3(96B) AllocSpace objects, 0(0B) LOS objects, 27% free, 41MB/57MB, paused 507us total 35.388ms
08-04 12:09:35.823 23303 23315 I art     : Starting a blocking GC Explicit
08-04 12:09:35.863 23303 23315 I art     : Explicit concurrent mark sweep GC freed 3(96B) AllocSpace objects, 0(0B) LOS objects, 27% free, 41MB/57MB, paused 466us total 39.676ms
08-04 12:09:36.103 13866 13882 I PeriodicStatsRunner: PeriodicStatsRunner.call():175 call()
08-04 12:09:36.103 13866 13882 I PeriodicStatsRunner: PeriodicStatsRunner.call():179 No submit PeriodicStats since input started.
08-04 12:09:36.164 23303 23575 I art     : Starting a blocking GC Explicit
08-04 12:09:36.205 23303 23575 I art     : Explicit concurrent mark sweep GC freed 1513(88KB) AllocSpace objects, 1(20KB) LOS objects, 27% free, 41MB/57MB, paused 496us total 40.248ms
08-04 12:09:36.219 23303 23575 I art     : Starting a blocking GC Explicit
08-04 12:09:36.256 23303 23575 I art     : Explicit concurrent mark sweep GC freed 26(944B) AllocSpace objects, 0(0B) LOS objects, 27% free, 41MB/57MB, paused 480us total 37.010ms
08-04 12:09:36.270 23303 23575 I art     : Starting a blocking GC Explicit
08-04 12:09:36.308 23303 23575 I art     : Explicit concurrent mark sweep GC freed 3(96B) AllocSpace objects, 0(0B) LOS objects, 27% free, 41MB/57MB, paused 568us total 37.529ms
08-04 12:09:36.321 23303 23575 I art     : Starting a blocking GC Explicit
08-04 12:09:36.359 23303 23575 I art     : Explicit concurrent mark sweep GC freed 3(96B) AllocSpace objects, 0(0B) LOS objects, 27% free, 41MB/57MB, paused 487us total 37.683ms
08-04 12:09:36.372 23303 23575 I art     : Starting a blocking GC Explicit
08-04 12:09:36.410 23303 23575 I art     : Explicit concurrent mark sweep GC freed 3(96B) AllocSpace objects, 0(0B) LOS objects, 27% free, 41MB/57MB, paused 489us total 37.336ms
