08-04 11:44:49.033  2694  2706 I art     : Explicit concurrent mark sweep GC freed 26(944B) AllocSpace objects, 0(0B) LOS objects, 40% free, 22MB/36MB, paused 171us total 11.795ms
08-04 11:44:49.039  2694  2706 I art     : Starting a blocking GC Explicit
08-04 11:44:49.051  2694  2706 I art     : Explicit concurrent mark sweep GC freed 3(96B) AllocSpace objects, 0(0B) LOS objects, 40% free, 22MB/36MB, paused 157us total 11.352ms
08-04 11:44:49.057  2694  2706 I art     : Starting a blocking GC Explicit
08-04 11:44:49.068  2694  2706 I art     : Explicit concurrent mark sweep GC freed 3(96B) AllocSpace objects, 0(0B) LOS objects, 40% free, 22MB/36MB, paused 152us total 11.249ms
08-04 11:44:49.074  2694  2706 I art     : Starting a blocking GC Explicit
08-04 11:44:49.086  2694  2706 I art     : Explicit concurrent mark sweep GC freed 3(96B) AllocSpace objects, 0(0B) LOS objects, 40% free, 22MB/36MB, paused 164us total 11.492ms
08-04 11:44:49.379  2694  2705 I art     : Starting a blocking GC Explicit
08-04 11:44:49.397  2694  2705 I art     : Explicit concurrent mark sweep GC freed 1490(88KB) AllocSpace objects, 1(20KB) LOS objects, 40% free, 22MB/36MB, paused 229us total 17.382ms
08-04 11:44:49.404  2694  2705 I art     : Starting a blocking GC Explicit
08-04 11:44:49.416  2694  2705 I art     : Explicit concurrent mark sweep GC freed 26(944B) AllocSpace objects, 0(0B) LOS objects, 40% free, 22MB/36MB, paused 166us total 12.298ms
08-04 11:44:49.423  2694  2705 I art     : Starting a blocking GC Explicit
08-04 11:44:49.434  2694  2705 I art     : Explicit concurrent mark sweep GC freed 3(96B) AllocSpace objects, 0(0B) LOS objects, 40% free, 22MB/36MB, paused 145us total 11.436ms
08-04 11:44:49.440  2694  2705 I art     : Starting a blocking GC Explicit
08-04 11:44:49.452  2694  2705 I art     : Explicit concurrent mark sweep GC freed 3(96B) AllocSpace objects, 0(0B) LOS objects, 40% free, 22MB/36MB, paused 155us total 11.020ms
08-04 11:44:49.458  2694  2705 I art     : Starting a blocking GC Explicit
08-04 11:44:49.468  2694  2705 I art     : Explicit concurrent mark sweep GC freed 3(96B) AllocSpace objects, 0(0B) LOS objects, 40% free, 22MB/36MB, paused 148us total 10.600ms
08-04 11:44:49.768  2694  2725 I art     : Starting a blocking GC Explicit
08-04 11:44:49.782  2694  2725 I art     : Explicit concurrent mark sweep GC freed 1492(90KB) AllocSpace objects, 1(20KB) LOS objects, 40% free, 22MB/36MB, paused 194us total 13.890ms
08-04 11:44:49.789  2694  2725 I art     : Starting a blocking GC Explicit
08-04 11:44:49.802  2694  2725 I art     : Explicit concurrent mark sweep GC freed 26(944B) AllocSpace objects, 0(0B) LOS objects, 40% free, 22MB/36MB, paused 172us total 12.250ms
08-04 11:44:49.808  2694  2725 I art     : Starting a blocking GC Explicit
08-04 11:44:49.820  2694  2725 I art     : Explicit concurrent mark sweep GC freed 3(96B) AllocSpace objects, 0(0B) LOS objects, 40% free, 22MB/36MB, paused 153us total 11.559ms
08-04 11:44:49.827  2694  2725 I art     : Starting a blocking GC Explicit
08-04 11:44:49.837  2694  2725 I art     : Explicit concurrent mark sweep GC freed 3(96B) AllocSpace objects, 0(0B) LOS objects, 40% free, 22MB/36MB, paused 156us total 10.673ms
08-04 11:44:49.843  2694  2725 I art     : Starting a blocking GC Explicit
08-04 11:44:49.854  2694  2725 I art     : Explicit concurrent mark sweep GC freed 3(96B) AllocSpace objects, 0(0B) LOS objects, 40% free, 22MB/36MB, paused 160us total 10.950ms
08-04 11:44:50.150  2694  2706 I art     : Starting a blocking GC Explicit
08-04 11:44:50.168  2694  2706 I art     : Explicit concurrent mark sweep GC freed 1491(90KB) AllocSpace objects, 1(20KB) LOS objects, 40% free, 22MB/36MB, paused 253us total 17.043ms
08-04 11:44:50.176  2694  2706 I art     : Starting a blocking GC Explicit
08-04 11:44:50.189  2694  2706 I art     : Explicit concurrent mark sweep GC freed 26(944B) AllocSpace objects, 0(0B) LOS objects, 40% free, 22MB/36MB, paused 161us total 12.203ms
08-04 11:44:50.195  2694  2706 I art     : Starting a blocking GC Explicit
08-04 11:44:50.207  2694  2706 I art     : Explicit concurrent mark sweep GC freed 3(96B) AllocSpace objects, 0(0B) LOS objects, 40% free, 22MB/36MB, paused 159us total 11.378ms
08-04 11:44:50.213  2694  2706 I art     : Starting a blocking GC Explicit
08-04 11:44:50.224  2694  2706 I art     : Explicit concurrent mark sweep GC freed 3(96B) AllocSpace objects, 0(0B) LOS objects, 40% free, 22MB/36MB, paused 157us total 10.888ms
08-04 11:44:50.230  2694  2706 I art     : Starting a blocking GC Explicit
08-04 11:44:50.241  2694  2706 I art     : Explicit concurrent mark sweep GC freed 3(96B) AllocSpace objects, 0(0B) LOS objects, 40% free, 22MB/36MB, paused 161us total 11.008ms
08-04 11:44:50.537  2694  2705 I art     : Starting a blocking GC Explicit
08-04 11:44:50.552  2694  2705 I art     : Explicit concurrent mark sweep GC freed 1489(87KB) AllocSpace objects, 1(20KB) LOS objects, 40% free, 22MB/36MB, paused 206us total 15.016ms
08-04 11:44:50.563  2694  2705 I art     : Starting a blocking GC Explicit
08-04 11:44:50.574  2694  2705 I art     : Explicit concurrent mark sweep GC freed 26(944B) AllocSpace objects, 0(0B) LOS objects, 40% free, 22MB/36MB, paused 156us total 11.250ms
08-04 11:44:50.580  2694  2705 I art     : Starting a blocking GC Explicit
08-04 11:44:50.592  2694  2705 I art     : Explicit concurrent mark sweep GC freed 3(96B) AllocSpace objects, 0(0B) LOS objects, 40% free, 22MB/36MB, paused 154us total 11.210ms
08-04 11:44:50.597  2694  2705 I art     : Starting a blocking GC Explicit
08-04 11:44:50.609  2694  2705 I art     : Explicit concurrent mark sweep GC freed 3(96B) AllocSpace objects, 0(0B) LOS objects, 40% free, 22MB/36MB, paused 156us total 11.306ms
08-04 11:44:50.615  2694  2705 I art     : Starting a blocking GC Explicit
08-04 11:44:50.626  2694  2705 I art     : Explicit concurrent mark sweep GC freed 3(96B) AllocSpace objects, 0(0B) LOS objects, 40% free, 22MB/36MB, paused 148us total 10.951ms
08-04 11:44:50.931  2694  2725 I art     : Starting a blocking GC Explicit
08-04 11:44:50.948  2694  2725 I art     : Explicit concurrent mark sweep GC freed 1488(87KB) AllocSpace objects, 1(20KB) LOS objects, 40% free, 22MB/36MB, paused 232us total 16.764ms
08-04 11:44:50.958  2694  2725 I art     : Starting a blocking GC Explicit
08-04 11:44:50.972  2694  2725 I art     : Explicit concurrent mark sweep GC freed 26(944B) AllocSpace objects, 0(0B) LOS objects, 40% free, 22MB/36MB, paused 156us total 13.335ms
08-04 11:44:50.978  2694  2725 I art     : Starting a blocking GC Explicit
08-04 11:44:50.989  2694  2725 I art     : Explicit concurrent mark sweep GC freed 3(96B) AllocSpace objects, 0(0B) LOS objects, 40% free, 22MB/36MB, paused 155us total 11.325ms
08-04 11:44:50.995  2694  2725 I art     : Starting a blocking GC Explicit
08-04 11:44:51.007  2694  2725 I art     : Explicit concurrent mark sweep GC freed 3(96B) AllocSpace objects, 0(0B) LOS objects, 40% free, 22MB/36MB, paused 172us total 11.502ms
08-04 11:44:51.013  2694  2725 I art     : Starting a blocking GC Explicit
08-04 11:44:51.025  2694  2725 I art     : Explicit concurrent mark sweep GC freed 3(96B) AllocSpace objects, 0(0B) LOS objects, 40% free, 22MB/36MB, paused 157us total 11.446ms
08-04 11:44:51.345  2694  2706 I art     : Starting a blocking GC Explicit
08-04 11:44:51.351 29594 29689 W FirebaseInstanceId: Token retrieval failed: SERVICE_NOT_AVAILABLE. Will retry token retrieval
08-04 11:44:51.363  2694  2706 I art     : Explicit concurrent mark sweep GC freed 1490(87KB) AllocSpace objects, 1(20KB) LOS objects, 40% free, 22MB/36MB, paused 223us total 18.009ms
08-04 11:44:51.374  2694  2706 I art     : Starting a blocking GC Explicit
08-04 11:44:51.389  2694  2706 I art     : Explicit concurrent mark sweep GC freed 26(944B) AllocSpace objects, 0(0B) LOS objects, 40% free, 22MB/36MB, paused 190us total 15.018ms
08-04 11:44:51.398  2694  2706 I art     : Starting a blocking GC Explicit
08-04 11:44:51.410  2694  2706 I art     : Explicit concurrent mark sweep GC freed 3(96B) AllocSpace objects, 0(0B) LOS objects, 40% free, 22MB/36MB, paused 170us total 11.718ms
08-04 11:44:51.417  2694  2706 I art     : Starting a blocking GC Explicit
08-04 11:44:51.428  2694  2706 I art     : Explicit concurrent mark sweep GC freed 3(96B) AllocSpace objects, 0(0B) LOS objects, 40% free, 22MB/36MB, paused 156us total 11.550ms
08-04 11:44:51.435  2694  2706 I art     : Starting a blocking GC Explicit
08-04 11:44:51.446  2694  2706 I art     : Explicit concurrent mark sweep GC freed 3(96B) AllocSpace objects, 0(0B) LOS objects, 40% free, 22MB/36MB, paused 152us total 11.251ms
08-04 11:44:51.772  2694  2705 I art     : Starting a blocking GC Explicit
08-04 11:44:51.780 13866 13882 I PeriodicStatsRunner: PeriodicStatsRunner.call():175 call()
08-04 11:44:51.780 13866 13882 I PeriodicStatsRunner: PeriodicStatsRunner.call():179 No submit PeriodicStats since input started.
08-04 11:44:51.787  2694  2705 I art     : Explicit concurrent mark sweep GC freed 1490(87KB) AllocSpace objects, 1(20KB) LOS objects, 40% free, 22MB/36MB, paused 218us total 14.383ms
08-04 11:44:51.794  2694  2705 I art     : Starting a blocking GC Explicit
08-04 11:44:51.806  2694  2705 I art     : Explicit concurrent mark sweep GC freed 26(944B) AllocSpace objects, 0(0B) LOS objects, 40% free, 22MB/36MB, paused 178us total 12.145ms
08-04 11:44:51.814  2694  2705 I art     : Starting a blocking GC Explicit
08-04 11:44:51.824  2694  2705 I art     : Explicit concurrent mark sweep GC freed 3(96B) AllocSpace objects, 0(0B) LOS objects, 40% free, 22MB/36MB, paused 140us total 9.632ms
08-04 11:44:51.829  2694  2705 I art     : Starting a blocking GC Explicit
08-04 11:44:51.838  2694  2705 I art     : Explicit concurrent mark sweep GC freed 3(96B) AllocSpace objects, 0(0B) LOS objects, 40% free, 22MB/36MB, paused 136us total 9.278ms
08-04 11:44:51.843  2694  2705 I art     : Starting a blocking GC Explicit
08-04 11:44:51.853  2694  2705 I art     : Explicit concurrent mark sweep GC freed 3(96B) AllocSpace objects, 0(0B) LOS objects, 40% free, 22MB/36MB, paused 139us total 9.163ms
08-04 11:44:52.074  2882  2882 D AndroidRuntime: >>>>>> START com.android.internal.os.RuntimeInit uid 2000 <<<<<<
08-04 11:44:52.076  2694  2725 I art     : Starting a blocking GC Explicit
08-04 11:44:52.078  2882  2882 D AndroidRuntime: CheckJNI is OFF
08-04 11:44:52.087  2694  2725 I art     : Explicit concurrent mark sweep GC freed 1490(87KB) AllocSpace objects, 1(20KB) LOS objects, 40% free, 22MB/36MB, paused 175us total 11.413ms
08-04 11:44:52.093  2694  2725 I art     : Starting a blocking GC Explicit
08-04 11:44:52.104  2694  2725 I art     : Explicit concurrent mark sweep GC freed 26(944B) AllocSpace objects, 0(0B) LOS objects, 40% free, 22MB/36MB, paused 179us total 10.928ms
08-04 11:44:52.108  2882  2882 D ICU     : No timezone override file found: /data/misc/zoneinfo/current/icu/icu_tzdata.dat
08-04 11:44:52.110  2694  2725 I art     : Starting a blocking GC Explicit
08-04 11:44:52.121  2694  2725 I art     : Explicit concurrent mark sweep GC freed 3(96B) AllocSpace objects, 0(0B) LOS objects, 40% free, 22MB/36MB, paused 160us total 10.804ms
08-04 11:44:52.127  2694  2725 I art     : Starting a blocking GC Explicit
08-04 11:44:52.133  2882  2882 I Radio-JNI: register_android_hardware_Radio DONE
08-04 11:44:52.137  2694  2725 I art     : Explicit concurrent mark sweep GC freed 3(96B) AllocSpace objects, 0(0B) LOS objects, 40% free, 22MB/36MB, paused 170us total 10.103ms
08-04 11:44:52.142  2694  2725 I art     : Starting a blocking GC Explicit
08-04 11:44:52.149  2882  2882 D AndroidRuntime: Calling main entry com.android.commands.input.Input
08-04 11:44:52.150  2882  2882 I Input   : injectMotionEvent: MotionEvent { action=ACTION_DOWN, actionButton=0, id[0]=0, x[0]=711.0, y[0]=1664.0, toolType[0]=TOOL_TYPE_UNKNOWN, buttonState=0, metaState=0, flags=0x0, edgeFlags=0x0, pointerCount=1, historySize=0, eventTime=704708563, downTime=704708563, deviceId=0, source=0x1002 }
08-04 11:44:52.153  2694  2725 I art     : Explicit concurrent mark sweep GC freed 3(96B) AllocSpace objects, 0(0B) LOS objects, 40% free, 22MB/36MB, paused 157us total 10.050ms
08-04 11:44:52.158  2882  2882 I Input   : injectMotionEvent: MotionEvent { action=ACTION_UP, actionButton=0, id[0]=0, x[0]=711.0, y[0]=1664.0, toolType[0]=TOOL_TYPE_UNKNOWN, buttonState=0, metaState=0, flags=0x0, edgeFlags=0x0, pointerCount=1, historySize=0, eventTime=704708563, downTime=704708563, deviceId=0, source=0x1002 }
08-04 11:44:52.160  2882  2882 D AndroidRuntime: Shutting down VM
08-04 11:44:52.167  2694  2694 D NappaIntentExtras: ==================
08-04 11:44:52.168  2694  2694 D NappaIntentExtras: Log #1
08-04 11:44:52.168  2694  2694 D NappaIntentExtras: ------------------
08-04 11:44:52.168  2694  2694 D NappaIntentExtras: activity nappagreedy.com.ak.uobtimetable.WelcomeActivity
08-04 11:44:52.168  2694  2694 D NappaIntentExtras: 	- No extras registered
08-04 11:44:52.168  2694  2694 D NappaIntentExtras: activity nappagreedy.com.ak.uobtimetable.MainActivity
08-04 11:44:52.168  2694  2694 D NappaIntentExtras: 	- No extras registered
08-04 11:44:52.168  2694  2694 D NappaIntentExtras: activity nappagreedy.com.ak.uobtimetable.CourseListActivity
08-04 11:44:52.168   512  2967 D audio_hw_primary: out_set_parameters: enter: usecase(1: low-latency-playback) kvpairs: routing=2
08-04 11:44:52.168  2694  2694 D NappaIntentExtras: 	- No extras registered
08-04 11:44:52.168  2694  2694 D NappaIntentExtras: ==================
08-04 11:44:52.169   918  6029 I ActivityManager: START u0 {flg=0x14000000 cmp=nappagreedy.com.ak.uobtimetable/.CourseListActivity} from uid 10668 on display 0
08-04 11:44:52.177  2694  2694 D NappaLifecycleObserver: nappagreedy.com.ak.uobtimetable.WelcomeActivity - onPause
08-04 11:44:52.177  2694  2694 D Nappa   : Stayed on nappagreedy.com.ak.uobtimetable.WelcomeActivity for 5642 ms
08-04 11:44:52.181   512  2967 D audio_hw_primary: select_devices: out_snd_device(2: speaker) in_snd_device(0: none)
08-04 11:44:52.181   512  2967 D msm8974_platform: platform_send_audio_calibration: sending audio calibration for snd_device(2) acdb_id(15)
08-04 11:44:52.181   512  2967 I soundtrigger: audio_extn_sound_trigger_update_device_status: device 0x2 of type 0 for Event 1
08-04 11:44:52.190   512  2967 D audio_hw_primary: enable_snd_device: snd_device(2: speaker)
08-04 11:44:52.192   512  2967 D audio_hw_primary: enable_audio_route: apply and update mixer path: low-latency-playback speaker
08-04 11:44:52.201  2694  2694 D CourseListActivity: onCreate
08-04 11:44:52.203  2694  2694 D NappaLifecycleObserver: nappagreedy.com.ak.uobtimetable.CourseListActivity - onResume
08-04 11:44:52.204  2694  2694 D Nappa   : setCurrentActivity - MetricStrategyAccuracy - 
08-04 11:44:52.204  2694  2694 D Nappa   : madePredictionFromActivity = true, 
08-04 11:44:52.204  2694  2694 D Nappa   : fromActivity = nappagreedy.com.ak.uobtimetable.WelcomeActivity, 
08-04 11:44:52.204  2694  2694 D Nappa   : predictedNextActivityFromActivity = [nappagreedy.com.ak.uobtimetable.CourseListActivity, nappagreedy.com.ak.uobtimetable.MainActivity, nappagreedy.com.ak.uobtimetable.WelcomeActivity], 
08-04 11:44:52.204  2694  2694 D Nappa   : activity.getClass().getCanonicalName() = nappagreedy.com.ak.uobtimetable.CourseListActivity, 
08-04 11:44:52.204  2694  2694 D Nappa   : setCurrentActivity - MetricStrategyAccuracy - 
08-04 11:44:52.204  2694  2694 D Nappa   : madePredictionFromExtra = false, 
08-04 11:44:52.204  2694  2694 D Nappa   : fromActivity = nappagreedy.com.ak.uobtimetable.WelcomeActivity, 
08-04 11:44:52.204  2694  2694 D Nappa   : predictedNextActivityFromExtra = [], 
08-04 11:44:52.204  2694  2694 D Nappa   : activity.getClass().getCanonicalName() = nappagreedy.com.ak.uobtimetable.CourseListActivity, 
08-04 11:44:52.204  2694  2694 D Nappa   : PREFETCH_ON_EXTRA - setCurrentActivity - logs - from activity - made prediction istrue
08-04 11:44:52.204  2694  2694 D Nappa   : PREFETCH_ON_EXTRA - setCurrentActivity - logs - from activity - start
08-04 11:44:52.204  2694  2694 D Nappa   : setCurrentActivity - MetricStrategyAccuracy - checking prediction VS current activity for activities
08-04 11:44:52.204  2694  2694 D GreedyPrefetchingStrategyOnVisitFrequencyAndTime: MetricStrategyAccuracy inc hits count1 | from act
08-04 11:44:52.204  2694  2694 I NAPPA_EXPERIMENTATION: MetricStrategyAccuracy: LOG_ID='1',EXECUTION_COUNT='1',CASES_COUNT='1',HIT_PERCENTAGE_TOTAL='100.0',HIT_PERCENTAGE_WHEN_PREDICTED='100.0',HIT_COUNT='1',MISS_COUNT='0',INSUFFICIENT_SCORE_COUNT='0',EXCEPTION_COUNT='0',NO_SUCCESSOR_COUNT='0',
08-04 11:44:52.204  2694  2694 D Nappa   : PREFETCH_ON_EXTRA - setCurrentActivity - logs - from activity- finished
08-04 11:44:52.223  2694  2906 D Nappa   : TAG okHttpClient initialized
08-04 11:44:52.233  2694  2906 D HTTP    : Request for: https://uob-timetable-api.adriankeenan.co.uk/courses
08-04 11:44:52.238  2694  2906 D CustomInterceptor: NETWORK-PROVIDER https://uob-timetable-api.adriankeenan.co.uk/courses
08-04 11:44:52.238  2694  2906 D Nappa   : F1_SCORE add_intercept_url - (new) - https://uob-timetable-api.adriankeenan.co.uk/courses
08-04 11:44:52.238  2694  2906 D Nappa   : F1_SCORE add_fn_url - (new) - https://uob-timetable-api.adriankeenan.co.uk/courses
08-04 11:44:52.238  2694  2906 D Nappa   : -------------F1_SCORE #0 -----------
08-04 11:44:52.239  2694  2906 D Nappa   : F1_SCORE - Intercept list (1)= [https://uob-timetable-api.adriankeenan.co.uk/courses]
08-04 11:44:52.239  2694  2906 D Nappa   : F1_SCORE - Prefetch list (0)= []
08-04 11:44:52.239  2694  2906 D Nappa   : F1_SCORE - TP list (0)= []
08-04 11:44:52.239  2694  2906 D Nappa   : F1_SCORE - FN list (1)= [https://uob-timetable-api.adriankeenan.co.uk/courses]
08-04 11:44:52.239  2694  2906 I NAPPA_EXPERIMENTATION: MetricPrefetchingAccuracy: LOG_ID='1',F1_SCORE_1='0.0',F1_SCORE_2='0.0',TRUE_POSITIVE='0',FALSE_POSITIVE='0',FALSE_NEGATIVE='1',
08-04 11:44:52.239  2694  2906 D CustomInterceptor: HEADER REQUEST
08-04 11:44:52.239  2694  2906 D CustomInterceptor: API-Version 2
08-04 11:44:52.239  2694  2906 D CustomInterceptor: App-Version 21
08-04 11:44:52.239  2694  2906 D CustomInterceptor: Cache-Control max-age=300, max-stale=300
08-04 11:44:52.239  2694  2906 D CustomInterceptor: User-Agent Dalvik/2.1.0 (Linux; U; Android 6.0; Nexus 6P Build/MDB08K)
08-04 11:44:52.240  2694  2906 D CustomInterceptor: CACHED STATS: size = '0', maxSize = '100', hitCount = '0', createCount = '0', putCount = '0', evictionCount = '0', missCount = '0', toString = 'LruCache[maxSize=100,hits=0,misses=0,hitRate=0%]', 
08-04 11:44:52.240  2694  2906 D CustomInterceptor: PREFLIB NOT A GET REQUEST OR NOT IN CACHEGET
08-04 11:44:52.305  2694  2694 D Nappa   : registerActivity: (already in) nappagreedy.com.ak.uobtimetable.CourseListActivity
08-04 11:44:52.305  2694  2694 D ActivityNode: ACTNODE UPDATING AFTER LOADING FROM DB
08-04 11:44:52.305  2694  2694 D ActivityGraph: LARDataCalculatedUpdate nappagreedy.com.ak.uobtimetable.CourseListActivity Pagerank: 0.25 HITS-Authority: 1.0 HITS-Hub: 1.0 SALSA-Authority: 1.0 SALSA-Hub: 1.0
08-04 11:44:52.305  2694  2694 D Nappa   : SHOULD_PREFETCH true
08-04 11:44:52.338  2694  2712 D Nappa   : registerActivity: (already in) nappagreedy.com.ak.uobtimetable.CourseListActivity
08-04 11:44:52.339  2694  2712 D Nappa   : PARENTS 
08-04 11:44:52.339  2694  2712 D Nappa   : Of: nappagreedy.com.ak.uobtimetable.CourseListActivity -> 
08-04 11:44:52.339  2694  2712 D Nappa   : PARENTS nappagreedy.com.ak.uobtimetable.WelcomeActivity
08-04 11:44:52.339  2694  2712 D Nappa   : PARENTS nappagreedy.com.ak.uobtimetable.MainActivity
08-04 11:44:52.339  2694  2712 D Nappa   : PARENTS nappagreedy.com.ak.uobtimetable.CourseListActivity
08-04 11:44:52.363  2694  2705 I art     : Starting a blocking GC Explicit
08-04 11:44:52.378  2694  2705 I art     : Explicit concurrent mark sweep GC freed 5931(469KB) AllocSpace objects, 1(20KB) LOS objects, 40% free, 22MB/37MB, paused 257us total 15.253ms
08-04 11:44:52.385  2694  2705 I art     : Starting a blocking GC Explicit
08-04 11:44:52.399  2694  2705 I art     : Explicit concurrent mark sweep GC freed 1174(82KB) AllocSpace objects, 2(120KB) LOS objects, 40% free, 22MB/38MB, paused 359us total 13.890ms
08-04 11:44:52.405  2694  2694 D Nappa   : registerActivity: (already in) nappagreedy.com.ak.uobtimetable.CourseListActivity
08-04 11:44:52.405  2694  2694 D Nappa   : SUCCESSORS nappagreedy.com.ak.uobtimetable.MainActivity
08-04 11:44:52.405  2694  2705 I art     : Starting a blocking GC Explicit
08-04 11:44:52.406  2694  2694 D Nappa   : STATS Number of requests not prefetched: 0
08-04 11:44:52.406  2694  2694 D Nappa   : STATS Number of requests prefetched: 0
08-04 11:44:52.407  2694  2694 D Nappa   : STATS Time saved until now: 0.0
08-04 11:44:52.419  2694  2705 I art     : Explicit concurrent mark sweep GC freed 2225(118KB) AllocSpace objects, 0(0B) LOS objects, 40% free, 22MB/38MB, paused 231us total 13.507ms
08-04 11:44:52.426  2694  2705 I art     : Starting a blocking GC Explicit
08-04 11:44:52.438  2694  2705 I art     : Explicit concurrent mark sweep GC freed 671(109KB) AllocSpace objects, 1(80KB) LOS objects, 40% free, 22MB/37MB, paused 208us total 11.824ms
08-04 11:44:52.444  2694  2705 I art     : Starting a blocking GC Explicit
08-04 11:44:52.453  2694  2694 D ActivityNode: Observer - visit time - WelcomeActivity - New aggregate visit time found is 11881 ms
08-04 11:44:52.456  2694  2705 I art     : Explicit concurrent mark sweep GC freed 85(3KB) AllocSpace objects, 0(0B) LOS objects, 40% free, 22MB/38MB, paused 380us total 11.942ms
08-04 11:44:52.471  2694  2906 D CustomInterceptor: CACHE_CONTROL SETTING NEW MAX-AGE
08-04 11:44:52.493 13866 13866 I GoogleInputMethodServic: GoogleInputMethodService.onFinishInput():3138 
08-04 11:44:52.493   918   936 I ActivityManager: Displayed nappagreedy.com.ak.uobtimetable/.CourseListActivity: +315ms
08-04 11:44:52.494  2694  2694 D ActivityNode: Observer - session data - sourceMainActivity
08-04 11:44:52.494  2694  2694 D ActivityNode: destinations:
08-04 11:44:52.494  2694  2694 D ActivityNode: 	nappagreedy.com.ak.uobtimetable.WelcomeActivity( count 2)
08-04 11:44:52.494  2694  2694 D ActivityNode: Observer - session data - sourceCourseListActivity
08-04 11:44:52.494  2694  2694 D ActivityNode: destinations:
08-04 11:44:52.494  2694  2694 D ActivityNode: 	nappagreedy.com.ak.uobtimetable.MainActivity( count 3)
08-04 11:44:52.494 13866 13866 I GoogleInputMethodServic: GoogleInputMethodService.onStartInput():1808 
08-04 11:44:52.494  2694  2694 D ActivityNode: Observer - session data - sourceWelcomeActivity
08-04 11:44:52.494  2694  2694 D ActivityNode: destinations:
08-04 11:44:52.494  2694  2694 D ActivityNode: 	nappagreedy.com.ak.uobtimetable.CourseListActivity( count 2)
08-04 11:44:52.511  2694  2906 I System  : Loaded time zone names for "en" in 30ms (29ms in ICU)
08-04 11:44:52.511  2694  2906 D CustomInterceptor: HEADER RESPONSE
08-04 11:44:52.511  2694  2906 D CustomInterceptor: API-Version 2
08-04 11:44:52.512  2694  2906 D CustomInterceptor: Cache-Control public, immutable, max-age=300, only-if-cached, max-stale=300
08-04 11:44:52.512  2694  2906 D CustomInterceptor: Connection Upgrade, Keep-Alive
08-04 11:44:52.512  2694  2906 D CustomInterceptor: Content-Type application/json
08-04 11:44:52.512  2694  2906 D CustomInterceptor: Date Tue, 04 Aug 2020 09:44:47 GMT
08-04 11:44:52.512  2694  2906 D CustomInterceptor: Expires Tue, 04 Aug 2020 09:49:52 GMT+00:00
08-04 11:44:52.512  2694  2906 D CustomInterceptor: Keep-Alive timeout=5, max=100
08-04 11:44:52.512  2694  2906 D CustomInterceptor: Referrer-Policy same-origin
08-04 11:44:52.512  2694  2906 D CustomInterceptor: Server 
08-04 11:44:52.512  2694  2906 D CustomInterceptor: Strict-Transport-Security max-age=10886400;
08-04 11:44:52.512  2694  2906 D CustomInterceptor: Transfer-Encoding chunked
08-04 11:44:52.512  2694  2906 D CustomInterceptor: Upgrade h2
08-04 11:44:52.512  2694  2906 D CustomInterceptor: Vary Accept-Encoding
08-04 11:44:52.512  2694  2906 D CustomInterceptor: X-Content-Type-Options nosniff
08-04 11:44:52.512  2694  2906 D CustomInterceptor: X-Frame-Options SAMEORIGIN
08-04 11:44:52.512  2694  2906 D CustomInterceptor: X-Powered-By Hamsters
08-04 11:44:52.512  2694  2906 D CustomInterceptor: X-Xss-Protection 1; mode=block
08-04 11:44:52.513  2694  2906 D CustomInterceptor: CACHEABLE true
08-04 11:44:52.513  2694  2906 D CustomInterceptor: REQ https://uob-timetable-api.adriankeenan.co.uk/courses
08-04 11:44:52.513  2694  2906 D CustomInterceptor: REQ_SERV_BY net
08-04 11:44:52.513  2694  2906 D CustomInterceptor: PREFLIB Adding response to lrucache - https://uob-timetable-api.adriankeenan.co.uk/courses
08-04 11:44:52.517  2694  2724 D OpenGLRenderer: endAllStagingAnimators on 0x7f821e1000 (RippleDrawable) with handle 0x7f9a1d6a60
08-04 11:44:52.605  2694  2712 D Nappa   : PREFETCH_ON_EXTRA - setCurrentActivity - logs - from extra - made prediction isfalse
08-04 11:44:52.692  2694  2920 I art     : Starting a blocking GC Explicit
08-04 11:44:52.707  2694  2920 I art     : Explicit concurrent mark sweep GC freed 38(2272B) AllocSpace objects, 0(0B) LOS objects, 26% free, 45MB/61MB, paused 260us total 14.809ms
08-04 11:44:52.713  2694  2920 I art     : Starting a blocking GC Explicit
08-04 11:44:52.727  2694  2920 I art     : Explicit concurrent mark sweep GC freed 4(128B) AllocSpace objects, 0(0B) LOS objects, 26% free, 45MB/61MB, paused 256us total 13.239ms
08-04 11:44:52.728   512  2967 D audio_hw_primary: disable_audio_route: reset and update mixer path: low-latency-playback speaker
08-04 11:44:52.731   512  2967 D audio_hw_primary: disable_snd_device: snd_device(2: speaker)
08-04 11:44:52.734  2694  2920 I art     : Starting a blocking GC Explicit
08-04 11:44:52.739   512  2967 I soundtrigger: audio_extn_sound_trigger_update_device_status: device 0x2 of type 0 for Event 0
08-04 11:44:52.746  2694  2920 I art     : Explicit concurrent mark sweep GC freed 40(1856B) AllocSpace objects, 0(0B) LOS objects, 26% free, 45MB/61MB, paused 213us total 12.048ms
08-04 11:44:52.752  2694  2920 I art     : Starting a blocking GC Explicit
08-04 11:44:52.764  2694  2920 I art     : Explicit concurrent mark sweep GC freed 4(128B) AllocSpace objects, 0(0B) LOS objects, 26% free, 45MB/61MB, paused 241us total 11.857ms
08-04 11:44:52.770  2694  2920 I art     : Starting a blocking GC Explicit
08-04 11:44:52.781  2694  2920 I art     : Explicit concurrent mark sweep GC freed 4(128B) AllocSpace objects, 0(0B) LOS objects, 26% free, 45MB/61MB, paused 217us total 10.918ms
08-04 11:44:52.856  2694  2906 D CustomInterceptor: interceptor_finished : return_type #3 : request served from remote and added to cache
08-04 11:44:52.906  2694  2712 D Nappa   : PREFETCH_ON_EXTRA - setCurrentActivity - starting new prediction
08-04 11:44:52.906  2694  2712 D Nappa   : Current node - currentActivityName - nappagreedy.com.ak.uobtimetable.CourseListActivity
08-04 11:44:52.906  2694  2712 D Nappa   : Current node - activityGraph.getCurrent() - nappagreedy.com.ak.uobtimetable.CourseListActivity
08-04 11:44:52.907  2694  2712 I NAPPA_EXPERIMENTATION: MetricNappaPrefetchingStrategyExecutionTime: STRATEGY_CLASS='GreedyPrefetchingStrategyOnVisitFrequencyAndTime',DURATION='846927',NUMBER_OF_URLS='0',NUMBER_OF_SELECTED_CHILDREN_NODES='3',NUMBER_OF_CHILDREN_NODES='1',STRATEGY_RUN_SUCCESSFULLY='True',
08-04 11:44:52.907  2694  2712 D GreedyPrefetchingStrategyOnVisitFrequencyAndTime: ==================================
08-04 11:44:52.907  2694  2712 D GreedyPrefetchingStrategyOnVisitFrequencyAndTime: Starting Run #2
08-04 11:44:52.908  2694  2712 D GreedyPrefetchingStrategyOnVisitFrequencyAndTime: ----------------------------------
08-04 11:44:52.908  2694  2712 D GreedyPrefetchingStrategyOnVisitFrequencyAndTime: Node data CourseListActivity 
08-04 11:44:52.908  2694  2712 D GreedyPrefetchingStrategyOnVisitFrequencyAndTime: 	Successors:
08-04 11:44:52.908  2694  2712 D GreedyPrefetchingStrategyOnVisitFrequencyAndTime: 		MainActivity (0 hits)
08-04 11:44:52.908  2694  2712 D GreedyPrefetchingStrategyOnVisitFrequencyAndTime: 	Ancestors:
08-04 11:44:52.908  2694  2712 D GreedyPrefetchingStrategyOnVisitFrequencyAndTime: 		WelcomeActivity (0 hits)
08-04 11:44:52.908  2694  2712 D GreedyPrefetchingStrategyOnVisitFrequencyAndTime: 
08-04 11:44:52.908  2694  2712 D GreedyPrefetchingStrategyOnVisitFrequencyAndTime: MetricStrategyAccuracy inc execution count2 | act = true; extra = false
08-04 11:44:52.908  2694  2712 D GreedyPrefetchingStrategyOnVisitFrequencyAndTime: ------------- Recursion #1 -----------
08-04 11:44:52.909  2694  2712 D GreedyPrefetchingStrategyOnVisitFrequencyAndTime: Best successors so far []
08-04 11:44:52.909  2694  2712 D GreedyPrefetchingStrategyOnVisitFrequencyAndTime: Checking node CourseListActivity with 1 successors
08-04 11:44:52.909  2694  2712 D GreedyPrefetchingStrategyOnVisitFrequencyAndTime: Check successor MainActivity
08-04 11:44:52.909  2694  2712 D GreedyPrefetchingStrategyOnVisitFrequencyAndTime: Data:
08-04 11:44:52.910  2694  2712 D GreedyPrefetchingStrategyOnVisitFrequencyAndTime: 	- Successor time = 15981.0
08-04 11:44:52.910  2694  2712 D GreedyPrefetchingStrategyOnVisitFrequencyAndTime: 	- Successor frequency = 3
08-04 11:44:52.910  2694  2712 D GreedyPrefetchingStrategyOnVisitFrequencyAndTime: 	- Aggregated time = 15981.0
08-04 11:44:52.910  2694  2712 D GreedyPrefetchingStrategyOnVisitFrequencyAndTime: 	- Aggregated frequency = 3
08-04 11:44:52.910  2694  2712 D GreedyPrefetchingStrategyOnVisitFrequencyAndTime: Calculated scores:
08-04 11:44:52.910  2694  2712 D GreedyPrefetchingStrategyOnVisitFrequencyAndTime: 	- Parent score = 1.0
08-04 11:44:52.910  2694  2712 D GreedyPrefetchingStrategyOnVisitFrequencyAndTime: 	- Successor time score = 0.5
08-04 11:44:52.910  2694  2712 D GreedyPrefetchingStrategyOnVisitFrequencyAndTime: 	- Successor frequency score = 0.5
08-04 11:44:52.911  2694  2712 D GreedyPrefetchingStrategyOnVisitFrequencyAndTime: 	- Successor final score = 1.0
08-04 11:44:52.911  2694  2712 D GreedyPrefetchingStrategyOnVisitFrequencyAndTime: Switch best successor
08-04 11:44:52.911  2694  2712 D GreedyPrefetchingStrategyOnVisitFrequencyAndTime: CourseListActivity best successor is MainActivity with score 1.0 containing the URLS []
08-04 11:44:52.911  2694  2712 D GreedyPrefetchingStrategyOnVisitFrequencyAndTime: ------------- Recursion #2 -----------
08-04 11:44:52.911  2694  2712 D GreedyPrefetchingStrategyOnVisitFrequencyAndTime: Best successors so far [MainActivity]
08-04 11:44:52.911  2694  2712 D GreedyPrefetchingStrategyOnVisitFrequencyAndTime: Checking node MainActivity with 1 successors
08-04 11:44:52.911  2694  2712 D GreedyPrefetchingStrategyOnVisitFrequencyAndTime: Check successor WelcomeActivity
08-04 11:44:52.911  2694  2712 D GreedyPrefetchingStrategyOnVisitFrequencyAndTime: Data:
08-04 11:44:52.911  2694  2712 D GreedyPrefetchingStrategyOnVisitFrequencyAndTime: 	- Successor time = 11881.0
08-04 11:44:52.911  2694  2712 D GreedyPrefetchingStrategyOnVisitFrequencyAndTime: 	- Successor frequency = 2
08-04 11:44:52.911  2694  2712 D GreedyPrefetchingStrategyOnVisitFrequencyAndTime: 	- Aggregated time = 11881.0
08-04 11:44:52.912  2694  2712 D GreedyPrefetchingStrategyOnVisitFrequencyAndTime: 	- Aggregated frequency = 2
08-04 11:44:52.912  2694  2712 D GreedyPrefetchingStrategyOnVisitFrequencyAndTime: Calculated scores:
08-04 11:44:52.912  2694  2712 D GreedyPrefetchingStrategyOnVisitFrequencyAndTime: 	- Parent score = 1.0
08-04 11:44:52.912  2694  2712 D GreedyPrefetchingStrategyOnVisitFrequencyAndTime: 	- Successor time score = 0.5
08-04 11:44:52.912  2694  2712 D GreedyPrefetchingStrategyOnVisitFrequencyAndTime: 	- Successor frequency score = 0.5
08-04 11:44:52.912  2694  2712 D GreedyPrefetchingStrategyOnVisitFrequencyAndTime: 	- Successor final score = 1.0
08-04 11:44:52.912  2694  2712 D GreedyPrefetchingStrategyOnVisitFrequencyAndTime: Switch best successor
08-04 11:44:52.912  2694  2712 D GreedyPrefetchingStrategyOnVisitFrequencyAndTime: MainActivity best successor is WelcomeActivity with score 1.0 containing the URLS []
08-04 11:44:52.912  2694  2712 D GreedyPrefetchingStrategyOnVisitFrequencyAndTime: ------------- Recursion #3 -----------
08-04 11:44:52.912  2694  2712 D GreedyPrefetchingStrategyOnVisitFrequencyAndTime: Best successors so far [MainActivity, WelcomeActivity]
08-04 11:44:52.912  2694  2712 D GreedyPrefetchingStrategyOnVisitFrequencyAndTime: Checking node WelcomeActivity with 1 successors
08-04 11:44:52.912  2694  2712 D GreedyPrefetchingStrategyOnVisitFrequencyAndTime: Check successor CourseListActivity
08-04 11:44:52.913  2694  2712 D GreedyPrefetchingStrategyOnVisitFrequencyAndTime: Data:
08-04 11:44:52.913  2694  2712 D GreedyPrefetchingStrategyOnVisitFrequencyAndTime: 	- Successor time = 32153.0
08-04 11:44:52.913  2694  2712 D GreedyPrefetchingStrategyOnVisitFrequencyAndTime: 	- Successor frequency = 2
08-04 11:44:52.913  2694  2712 D GreedyPrefetchingStrategyOnVisitFrequencyAndTime: 	- Aggregated time = 32153.0
08-04 11:44:52.913  2694  2712 D GreedyPrefetchingStrategyOnVisitFrequencyAndTime: 	- Aggregated frequency = 2
08-04 11:44:52.913  2694  2712 D GreedyPrefetchingStrategyOnVisitFrequencyAndTime: Calculated scores:
08-04 11:44:52.913  2694  2712 D GreedyPrefetchingStrategyOnVisitFrequencyAndTime: 	- Parent score = 1.0
08-04 11:44:52.913  2694  2712 D GreedyPrefetchingStrategyOnVisitFrequencyAndTime: 	- Successor time score = 0.5
08-04 11:44:52.913  2694  2712 D GreedyPrefetchingStrategyOnVisitFrequencyAndTime: 	- Successor frequency score = 0.5
08-04 11:44:52.913  2694  2712 D GreedyPrefetchingStrategyOnVisitFrequencyAndTime: 	- Successor final score = 1.0
08-04 11:44:52.913  2694  2712 D GreedyPrefetchingStrategyOnVisitFrequencyAndTime: Switch best successor
08-04 11:44:52.913  2694  2712 D GreedyPrefetchingStrategyOnVisitFrequencyAndTime: WelcomeActivity best successor is CourseListActivity with score 1.0 containing the URLS []
08-04 11:44:52.914  2694  2712 D GreedyPrefetchingStrategyOnVisitFrequencyAndTime: ------------- Recursion #4 -----------
08-04 11:44:52.914  2694  2712 D GreedyPrefetchingStrategyOnVisitFrequencyAndTime: Best successors so far [MainActivity, WelcomeActivity, CourseListActivity]
08-04 11:44:52.914  2694  2712 D GreedyPrefetchingStrategyOnVisitFrequencyAndTime: Checking node CourseListActivity with 1 successors
08-04 11:44:52.914  2694  2712 D GreedyPrefetchingStrategyOnVisitFrequencyAndTime: Check successor MainActivity
08-04 11:44:52.914  2694  2712 D GreedyPrefetchingStrategyOnVisitFrequencyAndTime: This successor was visited in a previous recursion
08-04 11:44:52.914  2694  2712 D GreedyPrefetchingStrategyOnVisitFrequencyAndTime: this node has no successors
08-04 11:44:52.914  2694  2712 D GreedyPrefetchingStrategyOnVisitFrequencyAndTime: Next visited child will be [nappagreedy.com.ak.uobtimetable.MainActivity, nappagreedy.com.ak.uobtimetable.WelcomeActivity, nappagreedy.com.ak.uobtimetable.CourseListActivity]
08-04 11:44:52.914  2694  2712 D GreedyPrefetchingStrategyOnVisitFrequencyAndTime: ==================================
08-04 11:44:52.914  2694  2712 D Nappa   : PREFETCH_ON_EXTRA - setCurrentActivity - finished new prediction
08-04 11:44:52.980  2694  2704 I art     : Background sticky concurrent mark sweep GC freed 2004(105KB) AllocSpace objects, 0(0B) LOS objects, 0% free, 77MB/77MB, paused 520us total 123.599ms
08-04 11:44:52.986  2694  2906 I NAPPA_EXPERIMENTATION: MetricNetworkRequestExecutionTime: REQUEST_DURATION_SYSTEM='746',REQUEST_DURATION_OKHTTP='0',REQUEST_SYNCHRONOUS='TRUE',RESPONSE_CODE='200',RESPONSE_METHOD='GET',RESPONSE_LENGTH_OKHTTP='7859794',RESPONSE_LENGTH_HEADER='-2',REQUEST_PROTOCOL='http/1.1',REQUEST_URL='https://uob-timetable-api.adriankeenan.co.uk/courses',
08-04 11:44:53.029  2694  2725 I art     : Starting a blocking GC Explicit
08-04 11:44:53.052  2694  2725 I art     : Explicit concurrent mark sweep GC freed 999(4MB) AllocSpace objects, 1(7MB) LOS objects, 20% free, 60MB/76MB, paused 285us total 23.035ms
08-04 11:44:53.060  2694  2725 I art     : Starting a blocking GC Explicit
08-04 11:44:53.075  2694  2725 I art     : Explicit concurrent mark sweep GC freed 25(880B) AllocSpace objects, 0(0B) LOS objects, 20% free, 60MB/76MB, paused 296us total 15.572ms
08-04 11:44:53.082  2694  2725 I art     : Starting a blocking GC Explicit
08-04 11:44:53.096  2694  2725 I art     : Explicit concurrent mark sweep GC freed 12(448B) AllocSpace objects, 0(0B) LOS objects, 20% free, 60MB/76MB, paused 240us total 13.230ms
08-04 11:44:53.102  2694  2725 I art     : Starting a blocking GC Explicit
08-04 11:44:53.114  2694  2725 I art     : Explicit concurrent mark sweep GC freed 12(448B) AllocSpace objects, 0(0B) LOS objects, 20% free, 60MB/76MB, paused 244us total 11.896ms
08-04 11:44:53.119  2694  2725 I art     : Starting a blocking GC Explicit
08-04 11:44:53.131  2694  2725 I art     : Explicit concurrent mark sweep GC freed 12(448B) AllocSpace objects, 0(0B) LOS objects, 20% free, 60MB/76MB, paused 276us total 11.480ms
08-04 11:44:53.185  2694  2906 I HTTP    : Response was compressed.
08-04 11:44:53.388  2694  2705 I art     : Starting a blocking GC Explicit
08-04 11:44:53.417  2694  2705 I art     : Explicit concurrent mark sweep GC freed 82012(3MB) AllocSpace objects, 0(0B) LOS objects, 22% free, 54MB/70MB, paused 343us total 29.266ms
08-04 11:44:53.425  2694  2705 I art     : Starting a blocking GC Explicit
08-04 11:44:53.442  2694  2705 I art     : Explicit concurrent mark sweep GC freed 15408(721KB) AllocSpace objects, 0(0B) LOS objects, 22% free, 54MB/70MB, paused 313us total 16.360ms
08-04 11:44:53.449  2694  2705 I art     : Starting a blocking GC Explicit
08-04 11:44:53.465  2694  2705 I art     : Explicit concurrent mark sweep GC freed 11765(557KB) AllocSpace objects, 0(0B) LOS objects, 22% free, 54MB/70MB, paused 321us total 15.331ms
08-04 11:44:53.471  2694  2705 I art     : Starting a blocking GC Explicit
08-04 11:44:53.486  2694  2705 I art     : Explicit concurrent mark sweep GC freed 11468(545KB) AllocSpace objects, 0(0B) LOS objects, 22% free, 54MB/70MB, paused 304us total 14.622ms
08-04 11:44:53.492  2694  2705 I art     : Starting a blocking GC Explicit
08-04 11:44:53.508  2694  2705 I art     : Explicit concurrent mark sweep GC freed 12046(560KB) AllocSpace objects, 0(0B) LOS objects, 22% free, 54MB/70MB, paused 342us total 15.758ms
08-04 11:44:53.781  2694  2706 I art     : Starting a blocking GC Explicit
08-04 11:44:53.821  2694  2706 I art     : Explicit concurrent mark sweep GC freed 164971(7MB) AllocSpace objects, 1(20KB) LOS objects, 22% free, 55MB/71MB, paused 463us total 39.458ms
08-04 11:44:53.831  2694  2706 I art     : Starting a blocking GC Explicit
08-04 11:44:53.851  2694  2706 I art     : Explicit concurrent mark sweep GC freed 20599(973KB) AllocSpace objects, 0(0B) LOS objects, 22% free, 55MB/71MB, paused 352us total 19.711ms
08-04 11:44:53.858  2694  2706 I art     : Starting a blocking GC Explicit
08-04 11:44:53.875  2694  2706 I art     : Explicit concurrent mark sweep GC freed 13608(642KB) AllocSpace objects, 0(0B) LOS objects, 22% free, 55MB/71MB, paused 368us total 17.247ms
08-04 11:44:53.884  2694  2706 I art     : Starting a blocking GC Explicit
08-04 11:44:53.902  2694  2706 I art     : Explicit concurrent mark sweep GC freed 14259(672KB) AllocSpace objects, 0(0B) LOS objects, 22% free, 55MB/71MB, paused 414us total 18.477ms
08-04 11:44:53.910  2694  2706 I art     : Starting a blocking GC Explicit
08-04 11:44:53.928  2694  2706 I art     : Explicit concurrent mark sweep GC freed 14319(678KB) AllocSpace objects, 0(0B) LOS objects, 22% free, 55MB/71MB, paused 400us total 18.406ms
08-04 11:44:54.201  2694  2706 I art     : Starting a blocking GC Explicit
08-04 11:44:54.237  2694  2706 I art     : Explicit concurrent mark sweep GC freed 160170(7MB) AllocSpace objects, 1(20KB) LOS objects, 21% free, 57MB/73MB, paused 430us total 36.309ms
08-04 11:44:54.248  2694  2706 I art     : Starting a blocking GC Explicit
08-04 11:44:54.269  2694  2706 I art     : Explicit concurrent mark sweep GC freed 21173(986KB) AllocSpace objects, 0(0B) LOS objects, 21% free, 57MB/73MB, paused 542us total 20.786ms
08-04 11:44:54.277  2694  2706 I art     : Starting a blocking GC Explicit
08-04 11:44:54.299  2694  2706 I art     : Explicit concurrent mark sweep GC freed 16438(768KB) AllocSpace objects, 0(0B) LOS objects, 21% free, 57MB/73MB, paused 449us total 21.414ms
08-04 11:44:54.307  2694  2706 I art     : Starting a blocking GC Explicit
08-04 11:44:54.329  2694  2706 I art     : Explicit concurrent mark sweep GC freed 16416(765KB) AllocSpace objects, 0(0B) LOS objects, 21% free, 57MB/73MB, paused 447us total 21.757ms
08-04 11:44:54.338  2694  2706 I art     : Starting a blocking GC Explicit
08-04 11:44:54.361  2694  2706 I art     : Explicit concurrent mark sweep GC freed 16758(798KB) AllocSpace objects, 0(0B) LOS objects, 21% free, 57MB/73MB, paused 427us total 22.320ms
08-04 11:44:54.631  2694  2725 I art     : Starting a blocking GC Explicit
08-04 11:44:54.679  2694  2725 I art     : Explicit concurrent mark sweep GC freed 165358(7MB) AllocSpace objects, 1(20KB) LOS objects, 21% free, 59MB/75MB, paused 595us total 47.453ms
08-04 11:44:54.691  2694  2725 I art     : Starting a blocking GC Explicit
08-04 11:44:54.711   918  5132 I ActivityManager: Killing 4863:com.google.android.webview:webview_service/u0a74 (adj 15): empty #17
08-04 11:44:54.715  2694  2725 I art     : Explicit concurrent mark sweep GC freed 22942(1082KB) AllocSpace objects, 0(0B) LOS objects, 21% free, 59MB/75MB, paused 471us total 23.650ms
08-04 11:44:54.724  2694  2725 I art     : Starting a blocking GC Explicit
08-04 11:44:54.749  2694  2725 I art     : Explicit concurrent mark sweep GC freed 18329(866KB) AllocSpace objects, 0(0B) LOS objects, 21% free, 59MB/75MB, paused 516us total 24.256ms
08-04 11:44:54.758  2694  2725 I art     : Starting a blocking GC Explicit
08-04 11:44:54.783  2694  2725 I art     : Explicit concurrent mark sweep GC freed 18452(866KB) AllocSpace objects, 0(0B) LOS objects, 21% free, 59MB/75MB, paused 606us total 25.215ms
08-04 11:44:54.793  2694  2725 I art     : Starting a blocking GC Explicit
08-04 11:44:54.820  2694  2725 I art     : Explicit concurrent mark sweep GC freed 19027(898KB) AllocSpace objects, 0(0B) LOS objects, 21% free, 59MB/75MB, paused 1.748ms total 26.447ms
08-04 11:44:55.093  2694  2705 I art     : Starting a blocking GC Explicit
08-04 11:44:55.144  2694  2705 I art     : Explicit concurrent mark sweep GC freed 166113(7MB) AllocSpace objects, 1(20KB) LOS objects, 20% free, 60MB/76MB, paused 566us total 50.345ms
08-04 11:44:55.155  2694  2705 I art     : Starting a blocking GC Explicit
08-04 11:44:55.168  2075  2107 I WorkerManager: dispose()
08-04 11:44:55.168  2075  2107 W ThreadPoolDumper: Queue length for executor EventBus is now 11. Perhaps some tasks are too long, or the pool is too small.
08-04 11:44:55.183  2694  2705 I art     : Explicit concurrent mark sweep GC freed 24136(1153KB) AllocSpace objects, 0(0B) LOS objects, 20% free, 60MB/76MB, paused 510us total 27.289ms
08-04 11:44:55.193  2694  2705 I art     : Starting a blocking GC Explicit
08-04 11:44:55.222  2694  2705 I art     : Explicit concurrent mark sweep GC freed 20340(963KB) AllocSpace objects, 0(0B) LOS objects, 20% free, 61MB/77MB, paused 600us total 28.889ms
08-04 11:44:55.232  2694  2705 I art     : Starting a blocking GC Explicit
08-04 11:44:55.260  2694  2705 I art     : Explicit concurrent mark sweep GC freed 19724(927KB) AllocSpace objects, 0(0B) LOS objects, 20% free, 61MB/77MB, paused 566us total 27.719ms
08-04 11:44:55.270  2694  2705 I art     : Starting a blocking GC Explicit
08-04 11:44:55.299  2694  2705 I art     : Explicit concurrent mark sweep GC freed 20910(976KB) AllocSpace objects, 0(0B) LOS objects, 20% free, 61MB/77MB, paused 552us total 28.167ms
08-04 11:44:55.537  2694  2725 I art     : Starting a blocking GC Explicit
08-04 11:44:55.578  2694  2725 I art     : Explicit concurrent mark sweep GC freed 149410(6MB) AllocSpace objects, 1(20KB) LOS objects, 20% free, 62MB/78MB, paused 618us total 39.930ms
08-04 11:44:55.589  2694  2725 I art     : Starting a blocking GC Explicit
08-04 11:44:55.624  2694  2725 I art     : Explicit concurrent mark sweep GC freed 27596(1290KB) AllocSpace objects, 0(0B) LOS objects, 20% free, 62MB/78MB, paused 626us total 34.002ms
08-04 11:44:55.635  2694  2725 I art     : Starting a blocking GC Explicit
08-04 11:44:55.667  2694  2725 I art     : Explicit concurrent mark sweep GC freed 22921(1076KB) AllocSpace objects, 0(0B) LOS objects, 20% free, 62MB/78MB, paused 615us total 32.323ms
08-04 11:44:55.678  2694  2725 I art     : Starting a blocking GC Explicit
08-04 11:44:55.710  2694  2725 I art     : Explicit concurrent mark sweep GC freed 22990(1074KB) AllocSpace objects, 0(0B) LOS objects, 20% free, 62MB/78MB, paused 604us total 31.787ms
08-04 11:44:55.722  2694  2725 I art     : Starting a blocking GC Explicit
08-04 11:44:55.754  2694  2725 I art     : Explicit concurrent mark sweep GC freed 23441(1095KB) AllocSpace objects, 0(0B) LOS objects, 20% free, 63MB/79MB, paused 676us total 32.718ms
08-04 11:44:55.992  2694  2906 I Service : getCourses response time: 0.69
08-04 11:44:56.002  2694  2694 I SettingsManager: Getting string: savedCourse
08-04 11:44:56.032  2694  2725 I art     : Starting a blocking GC Explicit
08-04 11:44:56.084  2694  2725 I art     : Explicit concurrent mark sweep GC freed 126883(5MB) AllocSpace objects, 2(15MB) LOS objects, 24% free, 49MB/65MB, paused 520us total 52.171ms
08-04 11:44:56.096  2694  2725 I art     : Starting a blocking GC Explicit
08-04 11:44:56.130  2694  2725 I art     : Explicit concurrent mark sweep GC freed 288(9KB) AllocSpace objects, 0(0B) LOS objects, 24% free, 49MB/65MB, paused 214us total 33.495ms
08-04 11:44:56.141  2694  2725 I art     : Starting a blocking GC Explicit
08-04 11:44:56.173  2694  2725 I art     : Explicit concurrent mark sweep GC freed 32(1344B) AllocSpace objects, 0(0B) LOS objects, 24% free, 49MB/65MB, paused 206us total 31.830ms
08-04 11:44:56.185  2694  2725 I art     : Starting a blocking GC Explicit
08-04 11:44:56.187   918 13198 D NetlinkSocketObserver: NeighborEvent{elapsedMs=1688100062, 192.168.2.254, [7C3953A63323], RTM_NEWNEIGH, NUD_STALE}
08-04 11:44:56.219  2694  2725 I art     : Explicit concurrent mark sweep GC freed 3(96B) AllocSpace objects, 0(0B) LOS objects, 24% free, 49MB/65MB, paused 215us total 34.103ms
08-04 11:44:56.232  2694  2725 I art     : Starting a blocking GC Explicit
08-04 11:44:56.268  2694  2725 I art     : Explicit concurrent mark sweep GC freed 3(96B) AllocSpace objects, 0(0B) LOS objects, 24% free, 49MB/65MB, paused 202us total 36.456ms
08-04 11:44:56.569  2694  2706 I art     : Starting a blocking GC Explicit
08-04 11:44:56.617  2694  2706 I art     : Explicit concurrent mark sweep GC freed 1500(87KB) AllocSpace objects, 1(20KB) LOS objects, 24% free, 49MB/65MB, paused 221us total 47.075ms
08-04 11:44:56.631  2694  2706 I art     : Starting a blocking GC Explicit
08-04 11:44:56.669  2694  2706 I art     : Explicit concurrent mark sweep GC freed 26(944B) AllocSpace objects, 0(0B) LOS objects, 24% free, 49MB/65MB, paused 230us total 37.423ms
08-04 11:44:56.682  2694  2706 I art     : Starting a blocking GC Explicit
08-04 11:44:56.720  2694  2706 I art     : Explicit concurrent mark sweep GC freed 3(96B) AllocSpace objects, 0(0B) LOS objects, 24% free, 49MB/65MB, paused 213us total 37.382ms
08-04 11:44:56.733  2694  2706 I art     : Starting a blocking GC Explicit
08-04 11:44:56.771  2694  2706 I art     : Explicit concurrent mark sweep GC freed 3(96B) AllocSpace objects, 0(0B) LOS objects, 24% free, 49MB/65MB, paused 215us total 37.533ms
08-04 11:44:56.784  2694  2706 I art     : Starting a blocking GC Explicit
08-04 11:44:56.822  2694  2706 I art     : Explicit concurrent mark sweep GC freed 3(96B) AllocSpace objects, 0(0B) LOS objects, 24% free, 49MB/65MB, paused 212us total 37.750ms
08-04 11:44:57.130  2694  2705 I art     : Starting a blocking GC Explicit
08-04 11:44:57.181  2694  2705 I art     : Explicit concurrent mark sweep GC freed 1500(87KB) AllocSpace objects, 1(20KB) LOS objects, 24% free, 49MB/65MB, paused 234us total 51.100ms
08-04 11:44:57.198  2694  2705 I art     : Starting a blocking GC Explicit
08-04 11:44:57.236  2694  2705 I art     : Explicit concurrent mark sweep GC freed 26(944B) AllocSpace objects, 0(0B) LOS objects, 24% free, 49MB/65MB, paused 212us total 38.012ms
08-04 11:44:57.249  2694  2705 I art     : Starting a blocking GC Explicit
08-04 11:44:57.286  2694  2705 I art     : Explicit concurrent mark sweep GC freed 3(96B) AllocSpace objects, 0(0B) LOS objects, 24% free, 49MB/65MB, paused 201us total 36.043ms
08-04 11:44:57.298  2694  2705 I art     : Starting a blocking GC Explicit
08-04 11:44:57.336  2694  2705 I art     : Explicit concurrent mark sweep GC freed 3(96B) AllocSpace objects, 0(0B) LOS objects, 24% free, 49MB/65MB, paused 229us total 36.881ms
08-04 11:44:57.349  2694  2705 I art     : Starting a blocking GC Explicit
08-04 11:44:57.384  2694  2705 I art     : Explicit concurrent mark sweep GC freed 3(96B) AllocSpace objects, 0(0B) LOS objects, 24% free, 49MB/65MB, paused 206us total 34.648ms
08-04 11:44:57.494 13866 13882 I PeriodicStatsRunner: PeriodicStatsRunner.call():175 call()
08-04 11:44:57.494 13866 13882 I PeriodicStatsRunner: PeriodicStatsRunner.call():179 No submit PeriodicStats since input started.
