--------- beginning of main
08-05 19:18:54.624 32009 32009 I ServiceManager: Waiting for service AtCmdFwd...
08-05 19:18:54.822 32026 32026 D AndroidRuntime: >>>>>> START com.android.internal.os.RuntimeInit uid 2000 <<<<<<
08-05 19:18:54.830 32026 32026 D AndroidRuntime: CheckJNI is OFF
08-05 19:18:54.857 32026 32026 D ICU     : No timezone override file found: /data/misc/zoneinfo/current/icu/icu_tzdata.dat
08-05 19:18:54.887 32026 32026 I Radio-JNI: register_android_hardware_Radio DONE
08-05 19:18:54.903 32026 32026 D AndroidRuntime: Calling main entry com.android.commands.monkey.Monkey
--------- beginning of system
08-05 19:18:54.920   918   931 W BroadcastQueue: Skipping deliver [background] BroadcastRecord{9960274 u-1 android.net.conn.CONNECTIVITY_CHANGE} to ReceiverList{544e012 32026 (unknown name)/2000/u-1 remote:4b73186}: process crashing
08-05 19:18:54.930   918  3961 I ActivityManager: START u0 {act=android.intent.action.MAIN cat=[android.intent.category.LAUNCHER] flg=0x10200000 cmp=baseline.io.github.project_travel_mate/.SplashActivity} from uid 2000 on display 0
08-05 19:18:54.969 32035 32035 I art     : Late-enabling -Xcheck:jni
08-05 19:18:54.973   918  6111 I ActivityManager: Start proc 32035:baseline.io.github.project_travel_mate/u0a674 for activity baseline.io.github.project_travel_mate/.SplashActivity
08-05 19:18:54.996 32026 32026 I art     : System.exit called, status: 0
08-05 19:18:54.997 32026 32026 I AndroidRuntime: VM exiting with result code 0.
08-05 19:18:55.041 16458  5471 I PBSessionCacheImpl: Deleted sessionId[72384646105454640] from persistence.
08-05 19:18:55.049 16458 16488 W SearchServiceCore: Abort, client detached.
08-05 19:18:55.050 16458 16488 I MicroDetectionState: Should stop hotword detection immediately - true
08-05 19:18:55.134 32035 32035 W System  : ClassLoader referenced unknown path: /data/app/baseline.io.github.project_travel_mate-1/lib/arm64
08-05 19:18:55.296 32035 32035 W art     : Before Android 4.1, method android.graphics.PorterDuffColorFilter androidx.vectordrawable.graphics.drawable.VectorDrawableCompat.updateTintFilter(android.graphics.PorterDuffColorFilter, android.content.res.ColorStateList, android.graphics.PorterDuff$Mode) would have incorrectly overridden the package-private method in android.graphics.drawable.Drawable
08-05 19:18:55.344 32035 32035 I art     : Rejecting re-init on previously-failed class java.lang.Class<androidx.core.view.ViewCompat$OnUnhandledKeyEventListenerWrapper>
08-05 19:18:55.344 32035 32035 I art     : Rejecting re-init on previously-failed class java.lang.Class<androidx.core.view.ViewCompat$OnUnhandledKeyEventListenerWrapper>
08-05 19:18:55.406 32035 32050 D OpenGLRenderer: Use EGL_SWAP_BEHAVIOR_PRESERVED: true
08-05 19:18:55.464 32035 32050 I Adreno  : QUALCOMM build                   : fcf4852, I1af360237c
08-05 19:18:55.464 32035 32050 I Adreno  : Build Date                       : 09/23/15
08-05 19:18:55.464 32035 32050 I Adreno  : OpenGL ES Shader Compiler Version: XE031.05.13.02
08-05 19:18:55.464 32035 32050 I Adreno  : Local Branch                     : mybranch14465806
08-05 19:18:55.464 32035 32050 I Adreno  : Remote Branch                    : quic/LA.BF64.1.2.9_v2
08-05 19:18:55.464 32035 32050 I Adreno  : Remote Branch                    : NONE
08-05 19:18:55.464 32035 32050 I Adreno  : Reconstruct Branch               : NOTHING
08-05 19:18:55.472 32035 32050 I OpenGLRenderer: Initialized EGL, version 1.4
08-05 19:18:55.595   918   936 I ActivityManager: Displayed baseline.io.github.project_travel_mate/.SplashActivity: +656ms
08-05 19:18:55.595 13866 13866 I GoogleInputMethodServic: GoogleInputMethodService.onFinishInput():3138 
08-05 19:18:55.615 13866 13866 I GoogleInputMethodServic: GoogleInputMethodService.onStartInput():1808 
08-05 19:18:55.625 32009 32009 I ServiceManager: Waiting for service AtCmdFwd...
08-05 19:18:56.562 32065 32065 D AndroidRuntime: >>>>>> START com.android.internal.os.RuntimeInit uid 2000 <<<<<<
08-05 19:18:56.565 32065 32065 D AndroidRuntime: CheckJNI is OFF
08-05 19:18:56.591 32065 32065 D ICU     : No timezone override file found: /data/misc/zoneinfo/current/icu/icu_tzdata.dat
08-05 19:18:56.617 32065 32065 I Radio-JNI: register_android_hardware_Radio DONE
08-05 19:18:56.626 32009 32009 I ServiceManager: Waiting for service AtCmdFwd...
08-05 19:18:56.632 32065 32065 D AndroidRuntime: Calling main entry com.android.commands.am.Am
08-05 19:18:56.639  5615  5615 I Trepn   : Trepn 6.2s: Received intent: com.quicinc.trepn.start_profiling
08-05 19:18:56.749  5615  5615 W FileUtils: Failed to chmod(/storage/emulated/0/trepn/Trepn_2020.08.05_191856.db): android.system.ErrnoException: chmod failed: EPERM (Operation not permitted)
08-05 19:18:56.847  5615  5615 I Trepn   : Trepn 6.2s: Trepn has Started Profiling.
08-05 19:18:56.848 32065 32065 D AndroidRuntime: Shutting down VM
08-05 19:18:57.359 32035 32047 I art     : Starting a blocking GC Explicit
08-05 19:18:57.428 32035 32047 I art     : Explicit concurrent mark sweep GC freed 71071(3MB) AllocSpace objects, 2(40KB) LOS objects, 40% free, 20MB/34MB, paused 258us total 68.996ms
08-05 19:18:57.444 32035 32047 I art     : Starting a blocking GC Explicit
08-05 19:18:57.459 32035 32047 I art     : Explicit concurrent mark sweep GC freed 2700(109KB) AllocSpace objects, 0(0B) LOS objects, 40% free, 20MB/34MB, paused 124us total 15.425ms
08-05 19:18:57.467 32035 32047 I art     : Starting a blocking GC Explicit
08-05 19:18:57.476 32035 32047 I art     : Explicit concurrent mark sweep GC freed 1195(57KB) AllocSpace objects, 0(0B) LOS objects, 40% free, 20MB/34MB, paused 121us total 8.530ms
08-05 19:18:57.480   918  6029 I ActivityManager: START u0 {cmp=baseline.io.github.project_travel_mate/.MainActivity} from uid 10674 on display 0
08-05 19:18:57.483 32035 32047 I art     : Starting a blocking GC Explicit
08-05 19:18:57.495 32035 32047 I art     : Explicit concurrent mark sweep GC freed 21(1104B) AllocSpace objects, 0(0B) LOS objects, 40% free, 20MB/34MB, paused 122us total 11.857ms
08-05 19:18:57.503 32035 32047 I art     : Starting a blocking GC Explicit
08-05 19:18:57.531 32035 32047 I art     : Explicit concurrent mark sweep GC freed 83(45KB) AllocSpace objects, 0(0B) LOS objects, 40% free, 20MB/34MB, paused 511us total 27.449ms
08-05 19:18:57.626 32009 32009 I ServiceManager: Waiting for service AtCmdFwd...
08-05 19:18:57.687 32035 32035 W Settings: Setting airplane_mode_on has moved from android.provider.Settings.System to android.provider.Settings.Global, returning read-only value.
08-05 19:18:57.703 32035 32035 V MainActivity: url=https://project-travel-mate.herokuapp.com/api/get-user
08-05 19:18:57.741 32035 32116 W LOTTIE  : Unknown mask mode mode. Defaulting to Add.
08-05 19:18:57.748 32035 32116 W LOTTIE  : You have 5 images. Lottie should primarily be used with shapes. If you are using Adobe Illustrator, convert the Illustrator layers to shape layers.
08-05 19:18:57.750 32035 32116 W LOTTIE  : Unknown mask mode mode. Defaulting to Add.
08-05 19:18:57.750 32035 32116 W LOTTIE  : Unknown mask mode mode. Defaulting to Add.
08-05 19:18:57.786 32035 32035 V CityFragment: url=https://project-travel-mate.herokuapp.com/api/get-all-cities/10
08-05 19:18:57.860 32035 32095 I art     : Starting a blocking GC Explicit
08-05 19:18:57.894 32035 32095 I art     : Explicit concurrent mark sweep GC freed 15149(1109KB) AllocSpace objects, 2(40KB) LOS objects, 40% free, 23MB/38MB, paused 557us total 33.407ms
08-05 19:18:57.905 32035 32095 I art     : Starting a blocking GC Explicit
08-05 19:18:57.917 32035 32095 I art     : Explicit concurrent mark sweep GC freed 465(20KB) AllocSpace objects, 0(0B) LOS objects, 40% free, 23MB/38MB, paused 208us total 11.666ms
08-05 19:18:57.921 32035 32035 E RecyclerView: No adapter attached; skipping layout
08-05 19:18:57.926 32035 32095 I art     : Starting a blocking GC Explicit
08-05 19:18:57.939 32035 32095 I art     : Explicit concurrent mark sweep GC freed 747(136KB) AllocSpace objects, 0(0B) LOS objects, 40% free, 23MB/38MB, paused 465us total 12.721ms
08-05 19:18:57.947 32035 32095 I art     : Starting a blocking GC Explicit
08-05 19:18:57.960 32035 32095 I art     : Explicit concurrent mark sweep GC freed 3595(131KB) AllocSpace objects, 0(0B) LOS objects, 40% free, 23MB/38MB, paused 360us total 13.069ms
08-05 19:18:57.969 32035 32095 I art     : Starting a blocking GC Explicit
08-05 19:18:57.983 32035 32095 I art     : Explicit concurrent mark sweep GC freed 778(41KB) AllocSpace objects, 0(0B) LOS objects, 36% free, 27MB/43MB, paused 401us total 14.179ms
08-05 19:18:58.064 32035 32035 V MainActivity: url = https://project-travel-mate.herokuapp.com/api/number-of-unread-notifications
08-05 19:18:58.073   918   936 I ActivityManager: Displayed baseline.io.github.project_travel_mate/.MainActivity: +582ms
08-05 19:18:58.081 13866 13866 I GoogleInputMethodServic: GoogleInputMethodService.onFinishInput():3138 
08-05 19:18:58.082 32035 32035 E RecyclerView: No adapter attached; skipping layout
08-05 19:18:58.083 13866 13866 I GoogleInputMethodServic: GoogleInputMethodService.onStartInput():1808 
08-05 19:18:58.285 32035 32115 I NAPPA_EXPERIMENTATION: MetricNetworkRequestExecutionTime: REQUEST_DURATION_SYSTEM='565',REQUEST_DURATION_OKHTTP='38',REQUEST_SYNCHRONOUS='FALSE',RESPONSE_CODE='200',RESPONSE_METHOD='GET',RESPONSE_LENGTH_OKHTTP='185',RESPONSE_LENGTH_HEADER='185',REQUEST_PROTOCOL='http/1.1',REQUEST_URL='https://project-travel-mate.herokuapp.com/api/get-user',
08-05 19:18:58.299 32035 32096 I art     : Starting a blocking GC Explicit
08-05 19:18:58.303   380   380 W SurfaceFlinger: couldn't log to binary event log: overflow.
08-05 19:18:58.318 32035 32096 I art     : Explicit concurrent mark sweep GC freed 8198(500KB) AllocSpace objects, 7(420KB) LOS objects, 36% free, 28MB/44MB, paused 233us total 17.697ms
08-05 19:18:58.319 32035 32118 I NAPPA_EXPERIMENTATION: MetricNetworkRequestExecutionTime: REQUEST_DURATION_SYSTEM='532',REQUEST_DURATION_OKHTTP='67',REQUEST_SYNCHRONOUS='FALSE',RESPONSE_CODE='200',RESPONSE_METHOD='GET',RESPONSE_LENGTH_OKHTTP='1588',RESPONSE_LENGTH_HEADER='1588',REQUEST_PROTOCOL='http/1.1',REQUEST_URL='https://project-travel-mate.herokuapp.com/api/get-all-cities/10',
08-05 19:18:58.320 32035 32035 V CityFragment: result=[{"id":1,"city_name":"Delhi","facts_count":6,"image":"https://upload.wikimedia.org/wikipedia/commons/9/94/%E0%B4%96%E0%B5%81%E0%B4%A4%E0%B5%8D%E0%B4%AC%E0%B5%8D_%E0%B4%AE%E0%B4%BF%E0%B4%A8%E0%B4%BE%E0%B5%BC1.jpg","visit_count":18186},{"id":2,"city_name":"Mumbai","facts_count":0,"image":"https://static1.squarespace.com/static/55917ae2e4b0984fc8c264c4/t/5ad7a037758d464041bfba27/1524102624280/Victoria_Mumbai.jpg","visit_count":6022},{"id":3,"city_name":"Bangalore","facts_count":0,"image":null,"visit_count":5536},{"id":8,"city_name":"Pune","facts_count":0,"image":"https://www.zricks.com/ImagesPostProject/47929//6557d975-20a9-4c6c-a776-8072a1936a76.jpg","visit_count":3324},{"id":4,"city_name":"Chennai","facts_count":0,"image":"http://lh3.ggpht.com/_YLb7tJ8RoAk/SfazBLdgf3I/AAAAAAAANEg/p52_Zz_URxg/s640/Picture%20009.jpg","visit_count":3061},{"id":5,"city_name":"Kolkata","facts_count":0,"image":"https://i.pinimg.com/originals/05/ec/42/05ec42c545b494d12cc612923483b4f0.jpg","visit_count":2211},{"id":9,"city_name":"Jaipur","facts_count":1,"image":"https://www.trodly.com/pictures/attraction/1943.jpg","visit_count":2007},{"id":6,"city_name":"Hyderabad","facts_count":0,"image":"https://i1.trekearth.com/photos/59194/charminar_020_sm.jpg","visit_count":1633},{"id":150,"city_name":"Panjim","facts_count":0,"image":"http://www.nomad4ever.com/wp-content/uploads/2009/04/palm-trees-at-baga-creek-north-goa1.jpg","visit_count":1488},{"id":7,"city_name":"Ahmedabad","facts_count":0,"image":"https://i.pinimg.com/originals/a5/ed/29/a5ed293271669a61f47059f7b0d9cf2c.jpg","visit_count":1115}]
08-05 19:18:58.326 32035 32096 I art     : Starting a blocking GC Explicit
08-05 19:18:58.349 32035 32096 I art     : Explicit concurrent mark sweep GC freed 2453(275KB) AllocSpace objects, 0(0B) LOS objects, 36% free, 28MB/44MB, paused 382us total 22.665ms
08-05 19:18:58.357 32035 32096 I art     : Starting a blocking GC Explicit
08-05 19:18:58.362 32035 32035 D CityFragment: get cities cities size = 10
08-05 19:18:58.385 32035 32096 I art     : Explicit concurrent mark sweep GC freed 380(33KB) AllocSpace objects, 1(20KB) LOS objects, 34% free, 30MB/46MB, paused 481us total 28.061ms
08-05 19:18:58.393 32035 32096 I art     : Starting a blocking GC Explicit
08-05 19:18:58.408 32035 32096 I art     : Explicit concurrent mark sweep GC freed 406(26KB) AllocSpace objects, 0(0B) LOS objects, 34% free, 30MB/46MB, paused 413us total 14.441ms
08-05 19:18:58.416 32035 32096 I art     : Starting a blocking GC Explicit
08-05 19:18:58.431 32035 32096 I art     : Explicit concurrent mark sweep GC freed 274(21KB) AllocSpace objects, 0(0B) LOS objects, 34% free, 30MB/46MB, paused 507us total 15.248ms
08-05 19:18:58.512 32035 32121 I NAPPA_EXPERIMENTATION: MetricNetworkRequestExecutionTime: REQUEST_DURATION_SYSTEM='447',REQUEST_DURATION_OKHTTP='43',REQUEST_SYNCHRONOUS='FALSE',RESPONSE_CODE='200',RESPONSE_METHOD='GET',RESPONSE_LENGTH_OKHTTP='36',RESPONSE_LENGTH_HEADER='36',REQUEST_PROTOCOL='http/1.1',REQUEST_URL='https://project-travel-mate.herokuapp.com/api/number-of-unread-notifications',
08-05 19:18:58.626 32009 32009 I ServiceManager: Waiting for service AtCmdFwd...
08-05 19:18:58.705 32035 32046 I art     : Starting a blocking GC Explicit
08-05 19:18:58.733 32035 32046 I art     : Explicit concurrent mark sweep GC freed 14604(1008KB) AllocSpace objects, 14(4MB) LOS objects, 34% free, 29MB/45MB, paused 1.131ms total 27.715ms
08-05 19:18:58.742 32035 32046 I art     : Starting a blocking GC Explicit
08-05 19:18:58.760 32035 32046 I art     : Explicit concurrent mark sweep GC freed 12741(801KB) AllocSpace objects, 0(0B) LOS objects, 35% free, 29MB/45MB, paused 375us total 18.179ms
08-05 19:18:58.768 32035 32046 I art     : Starting a blocking GC Explicit
08-05 19:18:58.783 32035 32046 I art     : Explicit concurrent mark sweep GC freed 265(142KB) AllocSpace objects, 0(0B) LOS objects, 35% free, 29MB/45MB, paused 310us total 14.788ms
08-05 19:18:58.791 32035 32046 I art     : Starting a blocking GC Explicit
08-05 19:18:58.807 32035 32046 I art     : Explicit concurrent mark sweep GC freed 544(71KB) AllocSpace objects, 2(88KB) LOS objects, 35% free, 29MB/45MB, paused 370us total 16.036ms
08-05 19:18:58.816 32035 32046 I art     : Starting a blocking GC Explicit
08-05 19:18:58.831 32035 32046 I art     : Explicit concurrent mark sweep GC freed 172(7KB) AllocSpace objects, 0(0B) LOS objects, 35% free, 29MB/45MB, paused 292us total 15.401ms
08-05 19:18:59.138 32035 32095 I art     : Starting a blocking GC Explicit
08-05 19:18:59.159 32035 32095 I art     : Explicit concurrent mark sweep GC freed 12942(1234KB) AllocSpace objects, 16(1696KB) LOS objects, 33% free, 31MB/47MB, paused 474us total 20.365ms
08-05 19:18:59.169 32035 32095 I art     : Starting a blocking GC Explicit
08-05 19:18:59.186 32035 32095 I art     : Explicit concurrent mark sweep GC freed 387(87KB) AllocSpace objects, 1(36KB) LOS objects, 32% free, 32MB/48MB, paused 287us total 17.204ms
08-05 19:18:59.195 32035 32095 I art     : Starting a blocking GC Explicit
08-05 19:18:59.213 32035 32095 I art     : Explicit concurrent mark sweep GC freed 190(7KB) AllocSpace objects, 2(88KB) LOS objects, 32% free, 32MB/48MB, paused 286us total 17.995ms
08-05 19:18:59.222 32035 32095 I art     : Starting a blocking GC Explicit
08-05 19:18:59.240 32035 32095 I art     : Explicit concurrent mark sweep GC freed 457(20KB) AllocSpace objects, 0(0B) LOS objects, 32% free, 32MB/48MB, paused 352us total 17.295ms
08-05 19:18:59.248 32035 32095 I art     : Starting a blocking GC Explicit
08-05 19:18:59.265 32035 32095 I art     : Explicit concurrent mark sweep GC freed 37(1216B) AllocSpace objects, 0(0B) LOS objects, 32% free, 32MB/48MB, paused 330us total 16.550ms
08-05 19:18:59.582 32035 32095 I art     : Starting a blocking GC Explicit
08-05 19:18:59.603 32035 32095 I art     : Explicit concurrent mark sweep GC freed 4291(318KB) AllocSpace objects, 7(1388KB) LOS objects, 32% free, 32MB/48MB, paused 261us total 20.425ms
08-05 19:18:59.614 32035 32095 I art     : Starting a blocking GC Explicit
08-05 19:18:59.627 32009 32009 W Atfwd_Sendcmd: AtCmdFwd service not published, waiting... retryCnt : 4
08-05 19:18:59.632 32035 32095 I art     : Explicit concurrent mark sweep GC freed 166(5KB) AllocSpace objects, 0(0B) LOS objects, 32% free, 32MB/48MB, paused 262us total 17.761ms
08-05 19:18:59.641 32035 32095 I art     : Starting a blocking GC Explicit
08-05 19:18:59.658 32035 32095 I art     : Explicit concurrent mark sweep GC freed 54(992B) AllocSpace objects, 0(0B) LOS objects, 32% free, 32MB/48MB, paused 227us total 16.400ms
08-05 19:18:59.666 32035 32095 I art     : Starting a blocking GC Explicit
08-05 19:18:59.682 32035 32095 I art     : Explicit concurrent mark sweep GC freed 45(1488B) AllocSpace objects, 0(0B) LOS objects, 32% free, 32MB/48MB, paused 247us total 15.610ms
08-05 19:18:59.691 32035 32095 I art     : Starting a blocking GC Explicit
08-05 19:18:59.706 32035 32095 I art     : Explicit concurrent mark sweep GC freed 52(960B) AllocSpace objects, 0(0B) LOS objects, 32% free, 32MB/48MB, paused 232us total 14.897ms
08-05 19:18:59.770   518   646 I ThermalEngine: ACTION: GPU - Setting GPU[0] to 510000000
08-05 19:19:00.052 32035 32096 I art     : Starting a blocking GC Explicit
08-05 19:19:00.073 32035 32096 I art     : Explicit concurrent mark sweep GC freed 1946(91KB) AllocSpace objects, 2(40KB) LOS objects, 32% free, 32MB/48MB, paused 447us total 20.462ms
08-05 19:19:00.084 32035 32096 I art     : Starting a blocking GC Explicit
08-05 19:19:00.104 32035 32096 I art     : Explicit concurrent mark sweep GC freed 51(1280B) AllocSpace objects, 0(0B) LOS objects, 32% free, 32MB/48MB, paused 333us total 20.055ms
08-05 19:19:00.115 32035 32096 I art     : Starting a blocking GC Explicit
08-05 19:19:00.136 32035 32096 I art     : Explicit concurrent mark sweep GC freed 51(896B) AllocSpace objects, 0(0B) LOS objects, 32% free, 32MB/48MB, paused 343us total 20.694ms
08-05 19:19:00.148 32035 32096 I art     : Starting a blocking GC Explicit
08-05 19:19:00.169 32035 32096 I art     : Explicit concurrent mark sweep GC freed 51(896B) AllocSpace objects, 0(0B) LOS objects, 32% free, 32MB/48MB, paused 341us total 21.188ms
08-05 19:19:00.181 32035 32096 I art     : Starting a blocking GC Explicit
08-05 19:19:00.203 32035 32096 I art     : Explicit concurrent mark sweep GC freed 51(896B) AllocSpace objects, 0(0B) LOS objects, 32% free, 32MB/48MB, paused 361us total 21.666ms
08-05 19:19:00.579 32035 32047 I art     : Starting a blocking GC Explicit
08-05 19:19:00.603 32035 32047 I art     : Explicit concurrent mark sweep GC freed 2001(92KB) AllocSpace objects, 2(40KB) LOS objects, 32% free, 32MB/48MB, paused 402us total 23.695ms
08-05 19:19:00.615 32035 32047 I art     : Starting a blocking GC Explicit
08-05 19:19:00.624 13866 13882 I PeriodicStatsRunner: PeriodicStatsRunner.call():175 call()
08-05 19:19:00.624 13866 13882 I PeriodicStatsRunner: PeriodicStatsRunner.call():179 No submit PeriodicStats since input started.
08-05 19:19:00.637 32035 32047 I art     : Explicit concurrent mark sweep GC freed 70(1584B) AllocSpace objects, 0(0B) LOS objects, 32% free, 32MB/48MB, paused 409us total 21.760ms
08-05 19:19:00.648 32035 32047 I art     : Starting a blocking GC Explicit
08-05 19:19:00.670 32035 32047 I art     : Explicit concurrent mark sweep GC freed 51(896B) AllocSpace objects, 0(0B) LOS objects, 32% free, 32MB/48MB, paused 350us total 21.469ms
08-05 19:19:00.682 32035 32047 I art     : Starting a blocking GC Explicit
08-05 19:19:00.703 32035 32047 I art     : Explicit concurrent mark sweep GC freed 51(896B) AllocSpace objects, 0(0B) LOS objects, 32% free, 32MB/48MB, paused 365us total 21.591ms
08-05 19:19:00.715 32035 32047 I art     : Starting a blocking GC Explicit
08-05 19:19:00.738 32035 32047 I art     : Explicit concurrent mark sweep GC freed 51(896B) AllocSpace objects, 0(0B) LOS objects, 32% free, 32MB/48MB, paused 344us total 22.111ms
08-05 19:19:01.056 32035 32095 I art     : Starting a blocking GC Explicit
08-05 19:19:01.080 32035 32095 I art     : Explicit concurrent mark sweep GC freed 1931(91KB) AllocSpace objects, 2(40KB) LOS objects, 32% free, 32MB/48MB, paused 368us total 23.206ms
08-05 19:19:01.092 32035 32095 I art     : Starting a blocking GC Explicit
08-05 19:19:01.115 32035 32095 I art     : Explicit concurrent mark sweep GC freed 70(1584B) AllocSpace objects, 0(0B) LOS objects, 32% free, 32MB/48MB, paused 362us total 22.515ms
08-05 19:19:01.127 32035 32095 I art     : Starting a blocking GC Explicit
08-05 19:19:01.149 32035 32095 I art     : Explicit concurrent mark sweep GC freed 51(896B) AllocSpace objects, 0(0B) LOS objects, 32% free, 32MB/48MB, paused 374us total 21.967ms
08-05 19:19:01.161 32035 32095 I art     : Starting a blocking GC Explicit
08-05 19:19:01.183 32035 32095 I art     : Explicit concurrent mark sweep GC freed 51(896B) AllocSpace objects, 0(0B) LOS objects, 32% free, 32MB/48MB, paused 359us total 21.898ms
08-05 19:19:01.195 32035 32095 I art     : Starting a blocking GC Explicit
08-05 19:19:01.217 32035 32095 I art     : Explicit concurrent mark sweep GC freed 51(896B) AllocSpace objects, 0(0B) LOS objects, 32% free, 32MB/48MB, paused 369us total 22.311ms
08-05 19:19:01.591 32035 32046 I art     : Starting a blocking GC Explicit
08-05 19:19:01.618 32035 32046 I art     : Explicit concurrent mark sweep GC freed 1999(92KB) AllocSpace objects, 2(40KB) LOS objects, 32% free, 32MB/48MB, paused 385us total 25.694ms
08-05 19:19:01.634 32035 32046 I art     : Starting a blocking GC Explicit
08-05 19:19:01.654 32035 32046 I art     : Explicit concurrent mark sweep GC freed 71(1616B) AllocSpace objects, 0(0B) LOS objects, 32% free, 32MB/48MB, paused 333us total 19.814ms
08-05 19:19:01.666 32035 32046 I art     : Starting a blocking GC Explicit
08-05 19:19:01.687 32035 32046 I art     : Explicit concurrent mark sweep GC freed 51(896B) AllocSpace objects, 0(0B) LOS objects, 32% free, 32MB/48MB, paused 451us total 20.737ms
08-05 19:19:01.698 32035 32046 I art     : Starting a blocking GC Explicit
08-05 19:19:01.719 32035 32046 I art     : Explicit concurrent mark sweep GC freed 51(896B) AllocSpace objects, 0(0B) LOS objects, 32% free, 32MB/48MB, paused 333us total 20.674ms
08-05 19:19:01.730 32035 32046 I art     : Starting a blocking GC Explicit
08-05 19:19:01.752 32035 32046 I art     : Explicit concurrent mark sweep GC freed 51(896B) AllocSpace objects, 0(0B) LOS objects, 32% free, 32MB/48MB, paused 333us total 20.713ms
08-05 19:19:02.073 32035 32096 I art     : Starting a blocking GC Explicit
08-05 19:19:02.098 32035 32096 I art     : Explicit concurrent mark sweep GC freed 1927(91KB) AllocSpace objects, 2(40KB) LOS objects, 32% free, 32MB/48MB, paused 350us total 24.360ms
08-05 19:19:02.109 32035 32096 I art     : Starting a blocking GC Explicit
08-05 19:19:02.130 32035 32096 I art     : Explicit concurrent mark sweep GC freed 71(1616B) AllocSpace objects, 0(0B) LOS objects, 32% free, 32MB/48MB, paused 335us total 21.007ms
08-05 19:19:02.142 32035 32096 I art     : Starting a blocking GC Explicit
08-05 19:19:02.163 32035 32096 I art     : Explicit concurrent mark sweep GC freed 50(864B) AllocSpace objects, 0(0B) LOS objects, 32% free, 32MB/48MB, paused 362us total 21.146ms
08-05 19:19:02.175 32035 32096 I art     : Starting a blocking GC Explicit
08-05 19:19:02.197 32035 32096 I art     : Explicit concurrent mark sweep GC freed 51(896B) AllocSpace objects, 0(0B) LOS objects, 32% free, 32MB/48MB, paused 444us total 21.916ms
08-05 19:19:02.208 32035 32096 I art     : Starting a blocking GC Explicit
08-05 19:19:02.231 32035 32096 I art     : Explicit concurrent mark sweep GC freed 51(896B) AllocSpace objects, 0(0B) LOS objects, 32% free, 32MB/48MB, paused 363us total 22.233ms
08-05 19:19:02.582 32035 32047 I art     : Starting a blocking GC Explicit
08-05 19:19:02.607 32035 32047 I art     : Explicit concurrent mark sweep GC freed 1953(91KB) AllocSpace objects, 2(40KB) LOS objects, 32% free, 32MB/48MB, paused 353us total 24.080ms
08-05 19:19:02.619 32035 32047 I art     : Starting a blocking GC Explicit
08-05 19:19:02.642 32035 32047 I art     : Explicit concurrent mark sweep GC freed 74(1648B) AllocSpace objects, 0(0B) LOS objects, 32% free, 32MB/48MB, paused 417us total 22.001ms
08-05 19:19:02.653 32035 32047 I art     : Starting a blocking GC Explicit
08-05 19:19:02.675 32035 32047 I art     : Explicit concurrent mark sweep GC freed 53(928B) AllocSpace objects, 0(0B) LOS objects, 32% free, 32MB/48MB, paused 396us total 21.841ms
08-05 19:19:02.688 32035 32047 I art     : Starting a blocking GC Explicit
08-05 19:19:02.710 32035 32047 I art     : Explicit concurrent mark sweep GC freed 45(800B) AllocSpace objects, 0(0B) LOS objects, 32% free, 32MB/48MB, paused 380us total 21.385ms
08-05 19:19:02.721 32035 32047 I art     : Starting a blocking GC Explicit
08-05 19:19:02.744 32035 32047 I art     : Explicit concurrent mark sweep GC freed 58(1008B) AllocSpace objects, 0(0B) LOS objects, 32% free, 32MB/48MB, paused 398us total 21.977ms
08-05 19:19:03.081 13866 13882 I PeriodicStatsRunner: PeriodicStatsRunner.call():175 call()
08-05 19:19:03.083 13866 13882 I PeriodicStatsRunner: PeriodicStatsRunner.call():179 No submit PeriodicStats since input started.
08-05 19:19:03.103 32035 32095 I art     : Starting a blocking GC Explicit
08-05 19:19:03.127 32035 32095 I art     : Explicit concurrent mark sweep GC freed 1977(92KB) AllocSpace objects, 2(40KB) LOS objects, 32% free, 32MB/48MB, paused 493us total 24.076ms
08-05 19:19:03.144 32035 32095 I art     : Starting a blocking GC Explicit
08-05 19:19:03.165 32035 32095 I art     : Explicit concurrent mark sweep GC freed 85(1824B) AllocSpace objects, 0(0B) LOS objects, 32% free, 32MB/48MB, paused 361us total 21.365ms
08-05 19:19:03.177 32035 32095 I art     : Starting a blocking GC Explicit
08-05 19:19:03.198 32035 32095 I art     : Explicit concurrent mark sweep GC freed 52(928B) AllocSpace objects, 0(0B) LOS objects, 32% free, 32MB/48MB, paused 324us total 20.732ms
08-05 19:19:03.209 32035 32095 I art     : Starting a blocking GC Explicit
08-05 19:19:03.231 32035 32095 I art     : Explicit concurrent mark sweep GC freed 50(864B) AllocSpace objects, 0(0B) LOS objects, 32% free, 32MB/48MB, paused 351us total 21.299ms
08-05 19:19:03.242 32035 32095 I art     : Starting a blocking GC Explicit
08-05 19:19:03.264 32035 32095 I art     : Explicit concurrent mark sweep GC freed 51(896B) AllocSpace objects, 0(0B) LOS objects, 32% free, 32MB/48MB, paused 369us total 21.389ms
08-05 19:19:03.610 32035 32046 I art     : Starting a blocking GC Explicit
08-05 19:19:03.634 32035 32046 I art     : Explicit concurrent mark sweep GC freed 1954(91KB) AllocSpace objects, 2(40KB) LOS objects, 32% free, 32MB/48MB, paused 352us total 23.222ms
08-05 19:19:03.646 32035 32046 I art     : Starting a blocking GC Explicit
08-05 19:19:03.668 32035 32046 I art     : Explicit concurrent mark sweep GC freed 70(1584B) AllocSpace objects, 0(0B) LOS objects, 32% free, 32MB/48MB, paused 354us total 21.871ms
08-05 19:19:03.679 32035 32046 I art     : Starting a blocking GC Explicit
08-05 19:19:03.701 32035 32046 I art     : Explicit concurrent mark sweep GC freed 51(896B) AllocSpace objects, 0(0B) LOS objects, 32% free, 32MB/48MB, paused 341us total 21.264ms
08-05 19:19:03.713 32035 32046 I art     : Starting a blocking GC Explicit
08-05 19:19:03.735 32035 32046 I art     : Explicit concurrent mark sweep GC freed 51(896B) AllocSpace objects, 0(0B) LOS objects, 32% free, 32MB/48MB, paused 372us total 21.939ms
08-05 19:19:03.747 32035 32046 I art     : Starting a blocking GC Explicit
08-05 19:19:03.769 32035 32046 I art     : Explicit concurrent mark sweep GC freed 51(896B) AllocSpace objects, 0(0B) LOS objects, 32% free, 32MB/48MB, paused 350us total 21.677ms
08-05 19:19:04.098 32035 32096 I art     : Starting a blocking GC Explicit
08-05 19:19:04.121 32035 32096 I art     : Explicit concurrent mark sweep GC freed 1929(91KB) AllocSpace objects, 2(40KB) LOS objects, 32% free, 32MB/48MB, paused 350us total 22.770ms
08-05 19:19:04.133 32035 32096 I art     : Starting a blocking GC Explicit
08-05 19:19:04.155 32035 32096 I art     : Explicit concurrent mark sweep GC freed 70(1584B) AllocSpace objects, 0(0B) LOS objects, 32% free, 32MB/48MB, paused 354us total 21.992ms
08-05 19:19:04.168 32035 32096 I art     : Starting a blocking GC Explicit
08-05 19:19:04.189 32035 32096 I art     : Explicit concurrent mark sweep GC freed 51(896B) AllocSpace objects, 0(0B) LOS objects, 32% free, 32MB/48MB, paused 351us total 21.086ms
08-05 19:19:04.200 32035 32096 I art     : Starting a blocking GC Explicit
08-05 19:19:04.222 32035 32096 I art     : Explicit concurrent mark sweep GC freed 51(896B) AllocSpace objects, 0(0B) LOS objects, 32% free, 32MB/48MB, paused 389us total 20.983ms
08-05 19:19:04.233 32035 32096 I art     : Starting a blocking GC Explicit
08-05 19:19:04.255 32035 32096 I art     : Explicit concurrent mark sweep GC freed 51(896B) AllocSpace objects, 0(0B) LOS objects, 32% free, 32MB/48MB, paused 321us total 21.737ms
08-05 19:19:04.373 32272 32272 D AndroidRuntime: >>>>>> START com.android.internal.os.RuntimeInit uid 2000 <<<<<<
08-05 19:19:04.378 32272 32272 D AndroidRuntime: CheckJNI is OFF
08-05 19:19:04.411 32272 32272 D ICU     : No timezone override file found: /data/misc/zoneinfo/current/icu/icu_tzdata.dat
08-05 19:19:04.444 32272 32272 I Radio-JNI: register_android_hardware_Radio DONE
08-05 19:19:04.465 32272 32272 D AndroidRuntime: Calling main entry com.android.commands.input.Input
08-05 19:19:04.467 32272 32272 I Input   : injectMotionEvent: MotionEvent { action=ACTION_DOWN, actionButton=0, id[0]=0, x[0]=346.0, y[0]=709.0, toolType[0]=TOOL_TYPE_UNKNOWN, buttonState=0, metaState=0, flags=0x0, edgeFlags=0x0, pointerCount=1, historySize=0, eventTime=818360879, downTime=818360879, deviceId=0, source=0x1002 }
08-05 19:19:04.471 32272 32272 I Input   : injectMotionEvent: MotionEvent { action=ACTION_UP, actionButton=0, id[0]=0, x[0]=346.0, y[0]=709.0, toolType[0]=TOOL_TYPE_UNKNOWN, buttonState=0, metaState=0, flags=0x0, edgeFlags=0x0, pointerCount=1, historySize=0, eventTime=818360879, downTime=818360879, deviceId=0, source=0x1002 }
08-05 19:19:04.482   918  6110 I ActivityManager: START u0 {cmp=baseline.io.github.project_travel_mate/.destinations.description.FinalCityInfoActivity (has extras)} from uid 10674 on display 0
08-05 19:19:04.488 32272 32272 D AndroidRuntime: Shutting down VM
08-05 19:19:04.510 32035 32116 D Gabe    : call	returning from cache
08-05 19:19:04.549 32035 32035 V EXECUTING: https://project-travel-mate.herokuapp.com/api/get-city-weather/1
08-05 19:19:04.586 32035 32046 I art     : Starting a blocking GC Explicit
08-05 19:19:04.611 32035 32046 I art     : Explicit concurrent mark sweep GC freed 9123(581KB) AllocSpace objects, 2(40KB) LOS objects, 32% free, 33MB/49MB, paused 799us total 24.429ms
08-05 19:19:04.624 32035 32046 I art     : Starting a blocking GC Explicit
08-05 19:19:04.649 32035 32046 I art     : Explicit concurrent mark sweep GC freed 780(36KB) AllocSpace objects, 0(0B) LOS objects, 29% free, 37MB/53MB, paused 606us total 25.572ms
08-05 19:19:04.661 32035 32046 I art     : Starting a blocking GC Explicit
08-05 19:19:04.685 32035 32046 I art     : Explicit concurrent mark sweep GC freed 16(688B) AllocSpace objects, 0(0B) LOS objects, 29% free, 37MB/53MB, paused 502us total 23.456ms
08-05 19:19:04.696 13866 13866 I GoogleInputMethodServic: GoogleInputMethodService.onFinishInput():3138 
08-05 19:19:04.696   918   936 I ActivityManager: Displayed baseline.io.github.project_travel_mate/.destinations.description.FinalCityInfoActivity: +207ms
08-05 19:19:04.696 32035 32046 I art     : Starting a blocking GC Explicit
08-05 19:19:04.699 13866 13866 I GoogleInputMethodServic: GoogleInputMethodService.onStartInput():1808 
08-05 19:19:04.721 32035 32046 I art     : Explicit concurrent mark sweep GC freed 133(3KB) AllocSpace objects, 0(0B) LOS objects, 29% free, 37MB/53MB, paused 673us total 24.662ms
08-05 19:19:04.733 32035 32046 I art     : Starting a blocking GC Explicit
08-05 19:19:04.759 32035 32046 I art     : Explicit concurrent mark sweep GC freed 23(464B) AllocSpace objects, 0(0B) LOS objects, 29% free, 37MB/53MB, paused 628us total 25.400ms
08-05 19:19:04.943   380   380 W SurfaceFlinger: couldn't log to binary event log: overflow.
08-05 19:19:05.051 32035 32095 I art     : Starting a blocking GC Explicit
08-05 19:19:05.079 32035 32095 I art     : Explicit concurrent mark sweep GC freed 2341(98KB) AllocSpace objects, 2(40KB) LOS objects, 29% free, 37MB/53MB, paused 738us total 27.511ms
08-05 19:19:05.094 32035 32095 I art     : Starting a blocking GC Explicit
08-05 19:19:05.117 32035 32095 I art     : Explicit concurrent mark sweep GC freed 121(2400B) AllocSpace objects, 0(0B) LOS objects, 29% free, 37MB/53MB, paused 659us total 22.629ms
08-05 19:19:05.130 32035 32095 I art     : Starting a blocking GC Explicit
08-05 19:19:05.153 32035 32095 I art     : Explicit concurrent mark sweep GC freed 29(736B) AllocSpace objects, 0(0B) LOS objects, 29% free, 37MB/53MB, paused 722us total 23.335ms
08-05 19:19:05.165 32035 32095 I art     : Starting a blocking GC Explicit
08-05 19:19:05.189 32035 32095 I art     : Explicit concurrent mark sweep GC freed 162(5KB) AllocSpace objects, 0(0B) LOS objects, 29% free, 37MB/53MB, paused 665us total 23.925ms
08-05 19:19:05.201 32035 32095 I art     : Starting a blocking GC Explicit
08-05 19:19:05.224 32035 32095 I art     : Explicit concurrent mark sweep GC freed 72(7KB) AllocSpace objects, 0(0B) LOS objects, 29% free, 37MB/53MB, paused 721us total 23.538ms
08-05 19:19:05.385 32035 32305 I NAPPA_EXPERIMENTATION: MetricNetworkRequestExecutionTime: REQUEST_DURATION_SYSTEM='835',REQUEST_DURATION_OKHTTP='52',REQUEST_SYNCHRONOUS='FALSE',RESPONSE_CODE='200',RESPONSE_METHOD='GET',RESPONSE_LENGTH_OKHTTP='530',RESPONSE_LENGTH_HEADER='530',REQUEST_PROTOCOL='http/1.1',REQUEST_URL='https://project-travel-mate.herokuapp.com/api/get-city/1',
08-05 19:19:05.398 32035 32304 I NAPPA_EXPERIMENTATION: MetricNetworkRequestExecutionTime: REQUEST_DURATION_SYSTEM='848',REQUEST_DURATION_OKHTTP='63',REQUEST_SYNCHRONOUS='FALSE',RESPONSE_CODE='200',RESPONSE_METHOD='GET',RESPONSE_LENGTH_OKHTTP='238',RESPONSE_LENGTH_HEADER='238',REQUEST_PROTOCOL='http/1.1',REQUEST_URL='https://project-travel-mate.herokuapp.com/api/get-city-weather/1',
08-05 19:19:05.419 32035 32305 V Response: {"id":1,"city_name":"Delhi","description":"Delhi, officially the National Capital Territory of Delhi, is the Capital territory of India. During the British Raj, Delhi was part of the province of Punjab and is still historically and culturally connected to the Punjab region.","latitude":"28.613900","longitude":"77.209000","facts_count":6,"images":["https://upload.wikimedia.org/wikipedia/commons/9/94/%E0%B4%96%E0%B5%81%E0%B4%A4%E0%B5%8D%E0%B4%AC%E0%B5%8D_%E0%B4%AE%E0%B4%BF%E0%B4%A8%E0%B4%BE%E0%B5%BC1.jpg"],"has_visited":false}
08-05 19:19:05.516 32035 32047 I art     : Starting a blocking GC Explicit
08-05 19:19:05.541 32035 32047 I art     : Explicit concurrent mark sweep GC freed 9310(536KB) AllocSpace objects, 8(316KB) LOS objects, 28% free, 39MB/55MB, paused 567us total 24.915ms
08-05 19:19:05.552 32035 32047 I art     : Starting a blocking GC Explicit
08-05 19:19:05.576 32035 32047 I art     : Explicit concurrent mark sweep GC freed 1406(164KB) AllocSpace objects, 3(4MB) LOS objects, 31% free, 35MB/51MB, paused 446us total 23.157ms
08-05 19:19:05.588 32035 32047 I art     : Starting a blocking GC Explicit
08-05 19:19:05.610 32035 32047 I art     : Explicit concurrent mark sweep GC freed 265(32KB) AllocSpace objects, 2(88KB) LOS objects, 28% free, 39MB/55MB, paused 459us total 21.557ms
08-05 19:19:05.621 32035 32047 I art     : Starting a blocking GC Explicit
08-05 19:19:05.643 32035 32047 I art     : Explicit concurrent mark sweep GC freed 147(15KB) AllocSpace objects, 1(1204KB) LOS objects, 29% free, 38MB/54MB, paused 490us total 22.117ms
08-05 19:19:05.654 32035 32047 I art     : Starting a blocking GC Explicit
08-05 19:19:05.678 32035 32047 I art     : Explicit concurrent mark sweep GC freed 115(2272B) AllocSpace objects, 0(0B) LOS objects, 29% free, 38MB/54MB, paused 496us total 23.279ms
08-05 19:19:05.783   518   646 I ThermalEngine: ACTION: GPU - Setting GPU[0] to 450000000
08-05 19:19:06.038 32035 32047 I art     : Starting a blocking GC Explicit
08-05 19:19:06.071 32035 32047 I art     : Explicit concurrent mark sweep GC freed 2539(103KB) AllocSpace objects, 2(40KB) LOS objects, 29% free, 38MB/54MB, paused 541us total 32.413ms
08-05 19:19:06.087 32035 32047 I art     : Starting a blocking GC Explicit
08-05 19:19:06.119 32035 32047 I art     : Explicit concurrent mark sweep GC freed 178(3KB) AllocSpace objects, 0(0B) LOS objects, 29% free, 38MB/54MB, paused 520us total 32.391ms
08-05 19:19:06.135 32035 32047 I art     : Starting a blocking GC Explicit
08-05 19:19:06.168 32035 32047 I art     : Explicit concurrent mark sweep GC freed 147(2496B) AllocSpace objects, 0(0B) LOS objects, 29% free, 38MB/54MB, paused 579us total 32.225ms
08-05 19:19:06.184 32035 32047 I art     : Starting a blocking GC Explicit
08-05 19:19:06.218 32035 32047 I art     : Explicit concurrent mark sweep GC freed 137(2320B) AllocSpace objects, 0(0B) LOS objects, 29% free, 38MB/54MB, paused 611us total 33.377ms
08-05 19:19:06.234 32035 32047 I art     : Starting a blocking GC Explicit
08-05 19:19:06.267 32035 32047 I art     : Explicit concurrent mark sweep GC freed 147(2496B) AllocSpace objects, 0(0B) LOS objects, 29% free, 38MB/54MB, paused 689us total 32.324ms
08-05 19:19:06.675 32035 32095 I art     : Starting a blocking GC Explicit
08-05 19:19:06.710 32035 32095 I art     : Explicit concurrent mark sweep GC freed 2684(103KB) AllocSpace objects, 2(40KB) LOS objects, 29% free, 38MB/54MB, paused 537us total 34.849ms
08-05 19:19:06.728 32035 32095 I art     : Starting a blocking GC Explicit
08-05 19:19:06.762 32035 32095 I art     : Explicit concurrent mark sweep GC freed 165(3KB) AllocSpace objects, 0(0B) LOS objects, 29% free, 38MB/54MB, paused 493us total 32.970ms
08-05 19:19:06.777 32035 32095 I art     : Starting a blocking GC Explicit
08-05 19:19:06.808 32035 32095 I art     : Explicit concurrent mark sweep GC freed 148(2528B) AllocSpace objects, 0(0B) LOS objects, 29% free, 38MB/54MB, paused 685us total 31.001ms
08-05 19:19:06.824 32035 32095 I art     : Starting a blocking GC Explicit
08-05 19:19:06.857 32035 32095 I art     : Explicit concurrent mark sweep GC freed 147(2496B) AllocSpace objects, 0(0B) LOS objects, 29% free, 38MB/54MB, paused 586us total 32.363ms
08-05 19:19:06.873 32035 32095 I art     : Starting a blocking GC Explicit
08-05 19:19:06.905 32035 32095 I art     : Explicit concurrent mark sweep GC freed 147(2496B) AllocSpace objects, 0(0B) LOS objects, 29% free, 38MB/54MB, paused 519us total 32.105ms
08-05 19:19:07.285 32035 32046 I art     : Starting a blocking GC Explicit
08-05 19:19:07.320 32035 32046 I art     : Explicit concurrent mark sweep GC freed 2626(102KB) AllocSpace objects, 2(40KB) LOS objects, 29% free, 38MB/54MB, paused 523us total 34.433ms
08-05 19:19:07.338 32035 32046 I art     : Starting a blocking GC Explicit
08-05 19:19:07.370 32035 32046 I art     : Explicit concurrent mark sweep GC freed 166(3KB) AllocSpace objects, 0(0B) LOS objects, 29% free, 38MB/54MB, paused 509us total 31.866ms
08-05 19:19:07.386 32035 32046 I art     : Starting a blocking GC Explicit
08-05 19:19:07.417 32035 32046 I art     : Explicit concurrent mark sweep GC freed 138(2336B) AllocSpace objects, 0(0B) LOS objects, 29% free, 38MB/54MB, paused 549us total 30.780ms
08-05 19:19:07.433 32035 32046 I art     : Starting a blocking GC Explicit
08-05 19:19:07.466 32035 32046 I art     : Explicit concurrent mark sweep GC freed 130(2192B) AllocSpace objects, 0(0B) LOS objects, 29% free, 38MB/54MB, paused 564us total 32.812ms
08-05 19:19:07.482 32035 32046 I art     : Starting a blocking GC Explicit
08-05 19:19:07.514 32035 32046 I art     : Explicit concurrent mark sweep GC freed 131(2240B) AllocSpace objects, 0(0B) LOS objects, 29% free, 38MB/54MB, paused 587us total 32.117ms
08-05 19:19:07.922 32035 32096 I art     : Starting a blocking GC Explicit
08-05 19:19:07.954 32035 32096 I art     : Explicit concurrent mark sweep GC freed 2717(104KB) AllocSpace objects, 2(40KB) LOS objects, 29% free, 38MB/54MB, paused 511us total 31.722ms
08-05 19:19:07.972 32035 32096 I art     : Starting a blocking GC Explicit
08-05 19:19:08.004 32035 32096 I art     : Explicit concurrent mark sweep GC freed 152(2944B) AllocSpace objects, 0(0B) LOS objects, 29% free, 38MB/54MB, paused 550us total 31.299ms
08-05 19:19:08.019 32035 32096 I art     : Starting a blocking GC Explicit
08-05 19:19:08.052 32035 32096 I art     : Explicit concurrent mark sweep GC freed 152(2576B) AllocSpace objects, 0(0B) LOS objects, 29% free, 38MB/54MB, paused 570us total 32.186ms
08-05 19:19:08.068 32035 32096 I art     : Starting a blocking GC Explicit
08-05 19:19:08.102 32035 32096 I art     : Explicit concurrent mark sweep GC freed 138(2336B) AllocSpace objects, 0(0B) LOS objects, 29% free, 38MB/54MB, paused 569us total 33.437ms
08-05 19:19:08.118 32035 32096 I art     : Starting a blocking GC Explicit
08-05 19:19:08.150 32035 32096 I art     : Explicit concurrent mark sweep GC freed 142(2400B) AllocSpace objects, 0(0B) LOS objects, 29% free, 38MB/54MB, paused 581us total 31.993ms
08-05 19:19:08.534 32035 32047 I art     : Starting a blocking GC Explicit
08-05 19:19:08.567 32035 32047 I art     : Explicit concurrent mark sweep GC freed 2647(102KB) AllocSpace objects, 2(40KB) LOS objects, 29% free, 38MB/54MB, paused 531us total 31.960ms
08-05 19:19:08.584 32035 32047 I art     : Starting a blocking GC Explicit
08-05 19:19:08.616 32035 32047 I art     : Explicit concurrent mark sweep GC freed 143(2800B) AllocSpace objects, 0(0B) LOS objects, 29% free, 38MB/54MB, paused 577us total 31.318ms
08-05 19:19:08.632 32035 32047 I art     : Starting a blocking GC Explicit
08-05 19:19:08.665 32035 32047 I art     : Explicit concurrent mark sweep GC freed 122(2080B) AllocSpace objects, 0(0B) LOS objects, 29% free, 38MB/54MB, paused 591us total 32.752ms
08-05 19:19:08.681 32035 32047 I art     : Starting a blocking GC Explicit
08-05 19:19:08.714 32035 32047 I art     : Explicit concurrent mark sweep GC freed 147(2496B) AllocSpace objects, 0(0B) LOS objects, 29% free, 38MB/54MB, paused 498us total 32.356ms
08-05 19:19:08.730 32035 32047 I art     : Starting a blocking GC Explicit
08-05 19:19:08.761 32035 32047 I art     : Explicit concurrent mark sweep GC freed 148(2528B) AllocSpace objects, 0(0B) LOS objects, 29% free, 38MB/54MB, paused 507us total 31.170ms
08-05 19:19:09.124 32035 32046 I art     : Starting a blocking GC Explicit
08-05 19:19:09.157 32035 32046 I art     : Explicit concurrent mark sweep GC freed 2601(102KB) AllocSpace objects, 2(40KB) LOS objects, 29% free, 38MB/54MB, paused 531us total 32.692ms
08-05 19:19:09.175 32035 32046 I art     : Starting a blocking GC Explicit
08-05 19:19:09.205 32035 32046 I art     : Explicit concurrent mark sweep GC freed 176(3KB) AllocSpace objects, 0(0B) LOS objects, 29% free, 38MB/54MB, paused 531us total 30.080ms
08-05 19:19:09.221 32035 32046 I art     : Starting a blocking GC Explicit
08-05 19:19:09.252 32035 32046 I art     : Explicit concurrent mark sweep GC freed 133(2256B) AllocSpace objects, 0(0B) LOS objects, 29% free, 38MB/54MB, paused 570us total 31.232ms
08-05 19:19:09.268 32035 32046 I art     : Starting a blocking GC Explicit
08-05 19:19:09.277 32380 32380 D AndroidRuntime: >>>>>> START com.android.internal.os.RuntimeInit uid 2000 <<<<<<
08-05 19:19:09.282 32380 32380 D AndroidRuntime: CheckJNI is OFF
08-05 19:19:09.300 32035 32046 I art     : Explicit concurrent mark sweep GC freed 122(2064B) AllocSpace objects, 0(0B) LOS objects, 29% free, 38MB/54MB, paused 585us total 31.816ms
08-05 19:19:09.316 32035 32046 I art     : Starting a blocking GC Explicit
08-05 19:19:09.327 32380 32380 D ICU     : No timezone override file found: /data/misc/zoneinfo/current/icu/icu_tzdata.dat
08-05 19:19:09.348 32035 32046 I art     : Explicit concurrent mark sweep GC freed 137(2336B) AllocSpace objects, 0(0B) LOS objects, 29% free, 38MB/54MB, paused 586us total 31.846ms
08-05 19:19:09.374 32380 32380 I Radio-JNI: register_android_hardware_Radio DONE
08-05 19:19:09.403 32380 32380 D AndroidRuntime: Calling main entry com.android.commands.input.Input
08-05 19:19:09.406 32380 32380 I Input   : injectMotionEvent: MotionEvent { action=ACTION_DOWN, actionButton=0, id[0]=0, x[0]=693.0, y[0]=1450.0, toolType[0]=TOOL_TYPE_UNKNOWN, buttonState=0, metaState=0, flags=0x0, edgeFlags=0x0, pointerCount=1, historySize=0, eventTime=818365818, downTime=818365818, deviceId=0, source=0x1002 }
08-05 19:19:09.411 32380 32380 I Input   : injectMotionEvent: MotionEvent { action=ACTION_UP, actionButton=0, id[0]=0, x[0]=693.0, y[0]=1450.0, toolType[0]=TOOL_TYPE_UNKNOWN, buttonState=0, metaState=0, flags=0x0, edgeFlags=0x0, pointerCount=1, historySize=0, eventTime=818365818, downTime=818365818, deviceId=0, source=0x1002 }
08-05 19:19:09.413 32380 32380 D AndroidRuntime: Shutting down VM
08-05 19:19:09.417   918  3714 I ActivityManager: START u0 {cmp=baseline.io.github.project_travel_mate/.destinations.description.CityHistoryActivity} from uid 10674 on display 0
08-05 19:19:09.418   512  2967 D audio_hw_primary: out_set_parameters: enter: usecase(1: low-latency-playback) kvpairs: routing=2
08-05 19:19:09.431   512  2967 D audio_hw_primary: select_devices: out_snd_device(2: speaker) in_snd_device(0: none)
08-05 19:19:09.431   512  2967 D msm8974_platform: platform_send_audio_calibration: sending audio calibration for snd_device(2) acdb_id(15)
08-05 19:19:09.431   512  2967 I soundtrigger: audio_extn_sound_trigger_update_device_status: device 0x2 of type 0 for Event 1
08-05 19:19:09.441   512  2967 D audio_hw_primary: enable_snd_device: snd_device(2: speaker)
08-05 19:19:09.444   512  2967 D audio_hw_primary: enable_audio_route: apply and update mixer path: low-latency-playback speaker
08-05 19:19:09.452 32035 32116 D Gabe    : call	returning from cache
08-05 19:19:09.454 32035 32035 V EXECUTING: https://project-travel-mate.herokuapp.com/api/get-city-information/1
08-05 19:19:09.620 13866 13866 I GoogleInputMethodServic: GoogleInputMethodService.onFinishInput():3138 
08-05 19:19:09.621 13866 13866 I GoogleInputMethodServic: GoogleInputMethodService.onStartInput():1808 
08-05 19:19:09.621   918   936 I ActivityManager: Displayed baseline.io.github.project_travel_mate/.destinations.description.CityHistoryActivity: +194ms
08-05 19:19:09.697 13866 13882 I PeriodicStatsRunner: PeriodicStatsRunner.call():175 call()
08-05 19:19:09.697 32035 32095 I art     : Starting a blocking GC Explicit
08-05 19:19:09.697 13866 13882 I PeriodicStatsRunner: PeriodicStatsRunner.call():179 No submit PeriodicStats since input started.
08-05 19:19:09.729 32035 32095 I art     : Explicit concurrent mark sweep GC freed 3208(227KB) AllocSpace objects, 2(40KB) LOS objects, 27% free, 42MB/58MB, paused 604us total 31.120ms
08-05 19:19:09.744 32035 32095 I art     : Starting a blocking GC Explicit
08-05 19:19:09.773 32035 32095 I art     : Explicit concurrent mark sweep GC freed 441(13KB) AllocSpace objects, 0(0B) LOS objects, 27% free, 42MB/58MB, paused 535us total 28.752ms
08-05 19:19:09.789 32035 32095 I art     : Starting a blocking GC Explicit
08-05 19:19:09.823 32035 32095 I art     : Explicit concurrent mark sweep GC freed 219(3KB) AllocSpace objects, 0(0B) LOS objects, 27% free, 42MB/58MB, paused 573us total 33.829ms
08-05 19:19:09.841 32035 32095 I art     : Starting a blocking GC Explicit
08-05 19:19:09.848   380   380 W SurfaceFlinger: couldn't log to binary event log: overflow.
08-05 19:19:09.874 32035 32095 I art     : Explicit concurrent mark sweep GC freed 219(3KB) AllocSpace objects, 0(0B) LOS objects, 27% free, 42MB/58MB, paused 588us total 32.615ms
08-05 19:19:09.889 32035 32095 I art     : Starting a blocking GC Explicit
08-05 19:19:09.918 32035 32095 I art     : Explicit concurrent mark sweep GC freed 218(3KB) AllocSpace objects, 0(0B) LOS objects, 27% free, 42MB/58MB, paused 611us total 29.261ms
08-05 19:19:09.989   512  2967 D audio_hw_primary: disable_audio_route: reset and update mixer path: low-latency-playback speaker
08-05 19:19:09.990   512  2967 D audio_hw_primary: disable_snd_device: snd_device(2: speaker)
08-05 19:19:10.000   512  2967 I soundtrigger: audio_extn_sound_trigger_update_device_status: device 0x2 of type 0 for Event 0
08-05 19:19:10.082 32035 32404 I NAPPA_EXPERIMENTATION: MetricNetworkRequestExecutionTime: REQUEST_DURATION_SYSTEM='627',REQUEST_DURATION_OKHTTP='39',REQUEST_SYNCHRONOUS='FALSE',RESPONSE_CODE='200',RESPONSE_METHOD='GET',RESPONSE_LENGTH_OKHTTP='55024',RESPONSE_LENGTH_HEADER='55024',REQUEST_PROTOCOL='http/1.1',REQUEST_URL='https://project-travel-mate.herokuapp.com/api/get-city-information/1',
08-05 19:19:10.145   918  3261 D WifiStateMachine: starting scan for "H369AA63323"WPA_PSK with 2412,5180
08-05 19:19:10.251 32035 32096 I art     : Starting a blocking GC Explicit
08-05 19:19:10.284 32035 32096 I art     : Explicit concurrent mark sweep GC freed 5751(1155KB) AllocSpace objects, 20(840KB) LOS objects, 26% free, 43MB/59MB, paused 712us total 32.715ms
08-05 19:19:10.299 32035 32096 I art     : Starting a blocking GC Explicit
08-05 19:19:10.309 13866 13866 I GoogleInputMethodServic: GoogleInputMethodService.onFinishInput():3138 
08-05 19:19:10.310 13866 13866 I GoogleInputMethodServic: GoogleInputMethodService.onStartInput():1808 
08-05 19:19:10.333 32035 32096 I art     : Explicit concurrent mark sweep GC freed 1651(438KB) AllocSpace objects, 4(80KB) LOS objects, 26% free, 43MB/59MB, paused 703us total 33.365ms
08-05 19:19:10.349 32035 32096 I art     : Starting a blocking GC Explicit
08-05 19:19:10.384 32035 32096 I art     : Explicit concurrent mark sweep GC freed 231(4KB) AllocSpace objects, 1(4MB) LOS objects, 29% free, 39MB/55MB, paused 763us total 34.890ms
08-05 19:19:10.400 32035 32096 I art     : Starting a blocking GC Explicit
08-05 19:19:10.434 32035 32096 I art     : Explicit concurrent mark sweep GC freed 255(4KB) AllocSpace objects, 0(0B) LOS objects, 29% free, 39MB/55MB, paused 704us total 34.128ms
08-05 19:19:10.451 32035 32096 I art     : Starting a blocking GC Explicit
08-05 19:19:10.485 32035 32096 I art     : Explicit concurrent mark sweep GC freed 239(3KB) AllocSpace objects, 0(0B) LOS objects, 29% free, 39MB/55MB, paused 631us total 33.806ms
08-05 19:19:10.857 32035 32047 I art     : Starting a blocking GC Explicit
08-05 19:19:10.893 32035 32047 I art     : Explicit concurrent mark sweep GC freed 3167(111KB) AllocSpace objects, 2(40KB) LOS objects, 29% free, 39MB/55MB, paused 596us total 35.265ms
08-05 19:19:10.912 32035 32047 I art     : Starting a blocking GC Explicit
08-05 19:19:10.945 32035 32047 I art     : Explicit concurrent mark sweep GC freed 238(4KB) AllocSpace objects, 0(0B) LOS objects, 29% free, 39MB/55MB, paused 549us total 32.399ms
08-05 19:19:10.961 32035 32047 I art     : Starting a blocking GC Explicit
08-05 19:19:10.993 32035 32047 I art     : Explicit concurrent mark sweep GC freed 219(3KB) AllocSpace objects, 0(0B) LOS objects, 29% free, 39MB/55MB, paused 552us total 32.209ms
08-05 19:19:11.009 32035 32047 I art     : Starting a blocking GC Explicit
08-05 19:19:11.042 32035 32047 I art     : Explicit concurrent mark sweep GC freed 219(3KB) AllocSpace objects, 0(0B) LOS objects, 29% free, 39MB/55MB, paused 554us total 32.723ms
08-05 19:19:11.058 32035 32047 I art     : Starting a blocking GC Explicit
08-05 19:19:11.093 32035 32047 I art     : Explicit concurrent mark sweep GC freed 222(3KB) AllocSpace objects, 0(0B) LOS objects, 29% free, 39MB/55MB, paused 513us total 34.071ms
08-05 19:19:11.498 32035 32047 I art     : Starting a blocking GC Explicit
08-05 19:19:11.538 32035 32047 I art     : Explicit concurrent mark sweep GC freed 3396(115KB) AllocSpace objects, 2(40KB) LOS objects, 29% free, 39MB/55MB, paused 860us total 39.226ms
08-05 19:19:11.556 32035 32047 I art     : Starting a blocking GC Explicit
08-05 19:19:11.591 32035 32047 I art     : Explicit concurrent mark sweep GC freed 239(4KB) AllocSpace objects, 0(0B) LOS objects, 29% free, 39MB/55MB, paused 527us total 34.498ms
08-05 19:19:11.607 32035 32047 I art     : Starting a blocking GC Explicit
08-05 19:19:11.642 32035 32047 I art     : Explicit concurrent mark sweep GC freed 219(3KB) AllocSpace objects, 0(0B) LOS objects, 29% free, 39MB/55MB, paused 560us total 34.491ms
08-05 19:19:11.658 32035 32047 I art     : Starting a blocking GC Explicit
08-05 19:19:11.693 32035 32047 I art     : Explicit concurrent mark sweep GC freed 219(3KB) AllocSpace objects, 0(0B) LOS objects, 29% free, 39MB/55MB, paused 532us total 34.728ms
08-05 19:19:11.710 32035 32047 I art     : Starting a blocking GC Explicit
08-05 19:19:11.744 32035 32047 I art     : Explicit concurrent mark sweep GC freed 219(3KB) AllocSpace objects, 0(0B) LOS objects, 29% free, 39MB/55MB, paused 546us total 34.042ms
08-05 19:19:12.151 32035 32096 I art     : Starting a blocking GC Explicit
08-05 19:19:12.190 32035 32096 I art     : Explicit concurrent mark sweep GC freed 3380(115KB) AllocSpace objects, 2(40KB) LOS objects, 29% free, 39MB/55MB, paused 612us total 38.660ms
08-05 19:19:12.210 32035 32096 I art     : Starting a blocking GC Explicit
08-05 19:19:12.245 32035 32096 I art     : Explicit concurrent mark sweep GC freed 255(5KB) AllocSpace objects, 0(0B) LOS objects, 29% free, 39MB/55MB, paused 557us total 34.398ms
08-05 19:19:12.261 32035 32096 I art     : Starting a blocking GC Explicit
08-05 19:19:12.296 32035 32096 I art     : Explicit concurrent mark sweep GC freed 219(3KB) AllocSpace objects, 0(0B) LOS objects, 29% free, 39MB/55MB, paused 522us total 35.434ms
08-05 19:19:12.313 32035 32096 I art     : Starting a blocking GC Explicit
08-05 19:19:12.348 32035 32096 I art     : Explicit concurrent mark sweep GC freed 219(3KB) AllocSpace objects, 0(0B) LOS objects, 29% free, 39MB/55MB, paused 546us total 34.704ms
08-05 19:19:12.364 32035 32096 I art     : Starting a blocking GC Explicit
08-05 19:19:12.400 32035 32096 I art     : Explicit concurrent mark sweep GC freed 219(3KB) AllocSpace objects, 0(0B) LOS objects, 29% free, 39MB/55MB, paused 514us total 35.803ms
08-05 19:19:12.791 32035 32046 I art     : Starting a blocking GC Explicit
08-05 19:19:12.828 32035 32046 I art     : Explicit concurrent mark sweep GC freed 3298(113KB) AllocSpace objects, 2(40KB) LOS objects, 29% free, 39MB/55MB, paused 560us total 36.370ms
08-05 19:19:12.846 32035 32046 I art     : Starting a blocking GC Explicit
08-05 19:19:12.882 32035 32046 I art     : Explicit concurrent mark sweep GC freed 238(4KB) AllocSpace objects, 0(0B) LOS objects, 29% free, 39MB/55MB, paused 562us total 35.775ms
08-05 19:19:12.898 32035 32046 I art     : Starting a blocking GC Explicit
08-05 19:19:12.933 32035 32046 I art     : Explicit concurrent mark sweep GC freed 219(3KB) AllocSpace objects, 0(0B) LOS objects, 29% free, 39MB/55MB, paused 527us total 35.158ms
08-05 19:19:12.949 32035 32046 I art     : Starting a blocking GC Explicit
08-05 19:19:12.986 32035 32046 I art     : Explicit concurrent mark sweep GC freed 235(3KB) AllocSpace objects, 0(0B) LOS objects, 29% free, 39MB/55MB, paused 712us total 36.566ms
08-05 19:19:12.987 32035 32045 I art     : WaitForGcToComplete blocked for 31.852ms for cause HeapTrim
08-05 19:19:13.003 32035 32046 I art     : Starting a blocking GC Explicit
08-05 19:19:13.039 32035 32046 I art     : Explicit concurrent mark sweep GC freed 273(4KB) AllocSpace objects, 0(0B) LOS objects, 29% free, 39MB/55MB, paused 614us total 36.158ms
08-05 19:19:13.453 32035 32095 I art     : Starting a blocking GC Explicit
08-05 19:19:13.492 32035 32095 I art     : Explicit concurrent mark sweep GC freed 3371(114KB) AllocSpace objects, 2(40KB) LOS objects, 29% free, 39MB/55MB, paused 661us total 38.477ms
08-05 19:19:13.508 32035 32095 I art     : Starting a blocking GC Explicit
08-05 19:19:13.544 32035 32095 I art     : Explicit concurrent mark sweep GC freed 239(4KB) AllocSpace objects, 0(0B) LOS objects, 29% free, 39MB/55MB, paused 543us total 35.081ms
08-05 19:19:13.560 32035 32095 I art     : Starting a blocking GC Explicit
08-05 19:19:13.598 32035 32095 I art     : Explicit concurrent mark sweep GC freed 219(3KB) AllocSpace objects, 0(0B) LOS objects, 29% free, 39MB/55MB, paused 613us total 37.456ms
08-05 19:19:13.614 32035 32095 I art     : Starting a blocking GC Explicit
08-05 19:19:13.651 32035 32095 I art     : Explicit concurrent mark sweep GC freed 219(3KB) AllocSpace objects, 0(0B) LOS objects, 29% free, 39MB/55MB, paused 551us total 36.531ms
08-05 19:19:13.667 32035 32095 I art     : Starting a blocking GC Explicit
08-05 19:19:13.700 32035 32095 I art     : Explicit concurrent mark sweep GC freed 219(3KB) AllocSpace objects, 0(0B) LOS objects, 29% free, 39MB/55MB, paused 517us total 32.707ms
08-05 19:19:14.086 32035 32047 I art     : Starting a blocking GC Explicit
08-05 19:19:14.124 32035 32047 I art     : Explicit concurrent mark sweep GC freed 3243(112KB) AllocSpace objects, 2(40KB) LOS objects, 29% free, 39MB/55MB, paused 693us total 36.851ms
08-05 19:19:14.144 32035 32047 I art     : Starting a blocking GC Explicit
08-05 19:19:14.178 32035 32047 I art     : Explicit concurrent mark sweep GC freed 293(5KB) AllocSpace objects, 0(0B) LOS objects, 29% free, 39MB/55MB, paused 576us total 33.623ms
08-05 19:19:14.193 32035 32047 I art     : Starting a blocking GC Explicit
08-05 19:19:14.204 32477 32477 D AndroidRuntime: >>>>>> START com.android.internal.os.RuntimeInit uid 2000 <<<<<<
08-05 19:19:14.210 32477 32477 D AndroidRuntime: CheckJNI is OFF
08-05 19:19:14.227 32035 32047 I art     : Explicit concurrent mark sweep GC freed 219(3KB) AllocSpace objects, 0(0B) LOS objects, 29% free, 39MB/55MB, paused 631us total 33.509ms
08-05 19:19:14.244 32035 32047 I art     : Starting a blocking GC Explicit
08-05 19:19:14.255 32477 32477 D ICU     : No timezone override file found: /data/misc/zoneinfo/current/icu/icu_tzdata.dat
08-05 19:19:14.279 32035 32047 I art     : Explicit concurrent mark sweep GC freed 217(3KB) AllocSpace objects, 0(0B) LOS objects, 29% free, 39MB/55MB, paused 654us total 34.495ms
08-05 19:19:14.295 32035 32047 I art     : Starting a blocking GC Explicit
08-05 19:19:14.301 32477 32477 I Radio-JNI: register_android_hardware_Radio DONE
08-05 19:19:14.329 32035 32047 I art     : Explicit concurrent mark sweep GC freed 206(3KB) AllocSpace objects, 0(0B) LOS objects, 29% free, 39MB/55MB, paused 839us total 33.797ms
08-05 19:19:14.329 32477 32477 D AndroidRuntime: Calling main entry com.android.commands.input.Input
08-05 19:19:14.332 32477 32477 I Input   : injectKeyEvent: KeyEvent { action=ACTION_DOWN, keyCode=KEYCODE_BACK, scanCode=0, metaState=0, flags=0x0, repeatCount=0, eventTime=818370744, downTime=818370744, deviceId=-1, source=0x101 }
08-05 19:19:14.349 32477 32477 I Input   : injectKeyEvent: KeyEvent { action=ACTION_UP, keyCode=KEYCODE_BACK, scanCode=0, metaState=0, flags=0x0, repeatCount=0, eventTime=818370744, downTime=818370744, deviceId=-1, source=0x101 }
08-05 19:19:14.355 32477 32477 D AndroidRuntime: Shutting down VM
08-05 19:19:14.394 13866 13866 I GoogleInputMethodServic: GoogleInputMethodService.onFinishInput():3138 
08-05 19:19:14.394 13866 13866 I GoogleInputMethodServic: GoogleInputMethodService.onStartInput():1808 
08-05 19:19:14.621 13866 13882 I PeriodicStatsRunner: PeriodicStatsRunner.call():175 call()
08-05 19:19:14.622 13866 13882 I PeriodicStatsRunner: PeriodicStatsRunner.call():179 No submit PeriodicStats since input started.
08-05 19:19:14.679 32035 32046 I art     : Starting a blocking GC Explicit
08-05 19:19:14.703   380   380 W SurfaceFlinger: couldn't log to binary event log: overflow.
08-05 19:19:14.714 32035 32046 I art     : Explicit concurrent mark sweep GC freed 3214(115KB) AllocSpace objects, 2(40KB) LOS objects, 29% free, 39MB/55MB, paused 512us total 34.667ms
08-05 19:19:14.731 32035 32046 I art     : Starting a blocking GC Explicit
08-05 19:19:14.764 32035 32046 I art     : Explicit concurrent mark sweep GC freed 183(3KB) AllocSpace objects, 2(364KB) LOS objects, 29% free, 38MB/54MB, paused 569us total 33.401ms
08-05 19:19:14.780 32035 32046 I art     : Starting a blocking GC Explicit
08-05 19:19:14.812 32035 32046 I art     : Explicit concurrent mark sweep GC freed 4821(340KB) AllocSpace objects, 7(132KB) LOS objects, 29% free, 38MB/54MB, paused 545us total 31.357ms
08-05 19:19:14.828 32035 32046 I art     : Starting a blocking GC Explicit
08-05 19:19:14.859 32035 32046 I art     : Explicit concurrent mark sweep GC freed 147(2496B) AllocSpace objects, 0(0B) LOS objects, 29% free, 38MB/54MB, paused 545us total 31.471ms
08-05 19:19:14.875 32035 32046 I art     : Starting a blocking GC Explicit
08-05 19:19:14.907 32035 32046 I art     : Explicit concurrent mark sweep GC freed 147(2496B) AllocSpace objects, 0(0B) LOS objects, 29% free, 38MB/54MB, paused 705us total 31.301ms
08-05 19:19:15.271 32035 32047 I art     : Starting a blocking GC Explicit
08-05 19:19:15.307 32035 32047 I art     : Explicit concurrent mark sweep GC freed 2558(102KB) AllocSpace objects, 2(40KB) LOS objects, 29% free, 38MB/54MB, paused 750us total 35.541ms
08-05 19:19:15.312 13866 13882 I PeriodicStatsRunner: PeriodicStatsRunner.call():175 call()
08-05 19:19:15.312 13866 13882 I PeriodicStatsRunner: PeriodicStatsRunner.call():179 No submit PeriodicStats since input started.
08-05 19:19:15.324 32035 32047 I art     : Starting a blocking GC Explicit
08-05 19:19:15.356 32035 32047 I art     : Explicit concurrent mark sweep GC freed 218(4KB) AllocSpace objects, 0(0B) LOS objects, 29% free, 38MB/54MB, paused 644us total 31.925ms
08-05 19:19:15.372 32035 32047 I art     : Starting a blocking GC Explicit
08-05 19:19:15.404 32035 32047 I art     : Explicit concurrent mark sweep GC freed 100(1728B) AllocSpace objects, 0(0B) LOS objects, 29% free, 38MB/54MB, paused 584us total 31.618ms
08-05 19:19:15.420 32035 32047 I art     : Starting a blocking GC Explicit
08-05 19:19:15.453 32035 32047 I art     : Explicit concurrent mark sweep GC freed 146(2464B) AllocSpace objects, 0(0B) LOS objects, 29% free, 38MB/54MB, paused 554us total 32.759ms
08-05 19:19:15.469 32035 32047 I art     : Starting a blocking GC Explicit
08-05 19:19:15.501 32035 32047 I art     : Explicit concurrent mark sweep GC freed 148(2528B) AllocSpace objects, 0(0B) LOS objects, 29% free, 38MB/54MB, paused 547us total 31.749ms
08-05 19:19:15.841 32035 32096 I art     : Starting a blocking GC Explicit
08-05 19:19:15.873 32035 32096 I art     : Explicit concurrent mark sweep GC freed 2484(100KB) AllocSpace objects, 2(40KB) LOS objects, 29% free, 38MB/54MB, paused 634us total 31.911ms
08-05 19:19:15.889 32035 32096 I art     : Starting a blocking GC Explicit
08-05 19:19:15.920 32035 32096 I art     : Explicit concurrent mark sweep GC freed 163(3KB) AllocSpace objects, 0(0B) LOS objects, 29% free, 38MB/54MB, paused 560us total 31.045ms
08-05 19:19:15.936 32035 32096 I art     : Starting a blocking GC Explicit
08-05 19:19:15.968 32035 32096 I art     : Explicit concurrent mark sweep GC freed 147(2496B) AllocSpace objects, 0(0B) LOS objects, 29% free, 38MB/54MB, paused 548us total 31.450ms
08-05 19:19:15.983 32035 32096 I art     : Starting a blocking GC Explicit
08-05 19:19:16.014 32035 32096 I art     : Explicit concurrent mark sweep GC freed 147(2496B) AllocSpace objects, 0(0B) LOS objects, 29% free, 38MB/54MB, paused 548us total 30.717ms
08-05 19:19:16.031 32035 32096 I art     : Starting a blocking GC Explicit
08-05 19:19:16.063 32035 32096 I art     : Explicit concurrent mark sweep GC freed 138(2336B) AllocSpace objects, 0(0B) LOS objects, 29% free, 38MB/54MB, paused 612us total 32.252ms
08-05 19:19:16.141 32522 32522 D AndroidRuntime: >>>>>> START com.android.internal.os.RuntimeInit uid 2000 <<<<<<
08-05 19:19:16.147 32522 32522 D AndroidRuntime: CheckJNI is OFF
08-05 19:19:16.190 32522 32522 D ICU     : No timezone override file found: /data/misc/zoneinfo/current/icu/icu_tzdata.dat
08-05 19:19:16.237 32522 32522 I Radio-JNI: register_android_hardware_Radio DONE
08-05 19:19:16.267 32522 32522 D AndroidRuntime: Calling main entry com.android.commands.input.Input
08-05 19:19:16.269 32522 32522 I Input   : injectMotionEvent: MotionEvent { action=ACTION_DOWN, actionButton=0, id[0]=0, x[0]=504.0, y[0]=1706.0, toolType[0]=TOOL_TYPE_UNKNOWN, buttonState=0, metaState=0, flags=0x0, edgeFlags=0x0, pointerCount=1, historySize=0, eventTime=818372681, downTime=818372681, deviceId=0, source=0x1002 }
08-05 19:19:16.276 32522 32522 I Input   : injectMotionEvent: MotionEvent { action=ACTION_UP, actionButton=0, id[0]=0, x[0]=504.0, y[0]=1706.0, toolType[0]=TOOL_TYPE_UNKNOWN, buttonState=0, metaState=0, flags=0x0, edgeFlags=0x0, pointerCount=1, historySize=0, eventTime=818372681, downTime=818372681, deviceId=0, source=0x1002 }
08-05 19:19:16.277 32522 32522 D AndroidRuntime: Shutting down VM
08-05 19:19:16.280   512  2967 D audio_hw_primary: out_set_parameters: enter: usecase(1: low-latency-playback) kvpairs: routing=2
08-05 19:19:16.283   918  6110 I ActivityManager: START u0 {cmp=baseline.io.github.project_travel_mate/.destinations.funfacts.FunFactsActivity (has extras)} from uid 10674 on display 0
08-05 19:19:16.294   512  2967 D audio_hw_primary: select_devices: out_snd_device(2: speaker) in_snd_device(0: none)
08-05 19:19:16.294   512  2967 D msm8974_platform: platform_send_audio_calibration: sending audio calibration for snd_device(2) acdb_id(15)
08-05 19:19:16.294   512  2967 I soundtrigger: audio_extn_sound_trigger_update_device_status: device 0x2 of type 0 for Event 1
08-05 19:19:16.307   512  2967 D audio_hw_primary: enable_snd_device: snd_device(2: speaker)
08-05 19:19:16.309   512  2967 D audio_hw_primary: enable_audio_route: apply and update mixer path: low-latency-playback speaker
08-05 19:19:16.310 32035 32116 D Gabe    : call	returning from cache
08-05 19:19:16.312 32035 32035 V EXECUTING: https://project-travel-mate.herokuapp.com/api/get-city-facts/1
08-05 19:19:16.451 32035 32096 I art     : Starting a blocking GC Explicit
08-05 19:19:16.465 13866 13866 I GoogleInputMethodServic: GoogleInputMethodService.onFinishInput():3138 
08-05 19:19:16.465   918   936 I ActivityManager: Displayed baseline.io.github.project_travel_mate/.destinations.funfacts.FunFactsActivity: +173ms
08-05 19:19:16.466 13866 13866 I GoogleInputMethodServic: GoogleInputMethodService.onStartInput():1808 
08-05 19:19:16.483 32035 32096 I art     : Explicit concurrent mark sweep GC freed 4453(289KB) AllocSpace objects, 2(40KB) LOS objects, 27% free, 42MB/58MB, paused 782us total 31.680ms
08-05 19:19:16.499 32035 32096 I art     : Starting a blocking GC Explicit
08-05 19:19:16.534 32035 32096 I art     : Explicit concurrent mark sweep GC freed 143(5KB) AllocSpace objects, 0(0B) LOS objects, 27% free, 42MB/58MB, paused 1.135ms total 34.197ms
08-05 19:19:16.551 32035 32096 I art     : Starting a blocking GC Explicit
08-05 19:19:16.581 32035 32096 I art     : Explicit concurrent mark sweep GC freed 222(3KB) AllocSpace objects, 0(0B) LOS objects, 27% free, 42MB/58MB, paused 577us total 30.506ms
08-05 19:19:16.597 32035 32096 I art     : Starting a blocking GC Explicit
08-05 19:19:16.627 32035 32096 I art     : Explicit concurrent mark sweep GC freed 219(3KB) AllocSpace objects, 0(0B) LOS objects, 27% free, 42MB/58MB, paused 658us total 30.171ms
08-05 19:19:16.643 32035 32096 I art     : Starting a blocking GC Explicit
08-05 19:19:16.679 32035 32096 I art     : Explicit concurrent mark sweep GC freed 219(3KB) AllocSpace objects, 0(0B) LOS objects, 27% free, 42MB/58MB, paused 748us total 35.470ms
08-05 19:19:16.722   380   380 W SurfaceFlinger: couldn't log to binary event log: overflow.
08-05 19:19:16.841   512  2967 D audio_hw_primary: disable_audio_route: reset and update mixer path: low-latency-playback speaker
08-05 19:19:16.843   512  2967 D audio_hw_primary: disable_snd_device: snd_device(2: speaker)
08-05 19:19:16.851   512  2967 I soundtrigger: audio_extn_sound_trigger_update_device_status: device 0x2 of type 0 for Event 0
08-05 19:19:17.043 32035 32046 I art     : Starting a blocking GC Explicit
08-05 19:19:17.075 32035 32046 I art     : Explicit concurrent mark sweep GC freed 2791(111KB) AllocSpace objects, 2(40KB) LOS objects, 27% free, 42MB/58MB, paused 1.025ms total 31.542ms
08-05 19:19:17.090 32035 32046 I art     : Starting a blocking GC Explicit
08-05 19:19:17.124 32035 32046 I art     : Explicit concurrent mark sweep GC freed 2531(127KB) AllocSpace objects, 2(120KB) LOS objects, 27% free, 43MB/59MB, paused 848us total 33.045ms
08-05 19:19:17.139 32035 32046 I art     : Starting a blocking GC Explicit
08-05 19:19:17.147 32035 32556 I NAPPA_EXPERIMENTATION: MetricNetworkRequestExecutionTime: REQUEST_DURATION_SYSTEM='833',REQUEST_DURATION_OKHTTP='39',REQUEST_SYNCHRONOUS='FALSE',RESPONSE_CODE='200',RESPONSE_METHOD='GET',RESPONSE_LENGTH_OKHTTP='1793',RESPONSE_LENGTH_HEADER='1793',REQUEST_PROTOCOL='http/1.1',REQUEST_URL='https://project-travel-mate.herokuapp.com/api/get-city-facts/1',
08-05 19:19:17.150 32035 32556 V EXECUTING: https://project-travel-mate.herokuapp.com/api/get-city-images/1
08-05 19:19:17.172 32035 32046 I art     : Explicit concurrent mark sweep GC freed 1556(162KB) AllocSpace objects, 1(80KB) LOS objects, 27% free, 43MB/59MB, paused 961us total 31.900ms
08-05 19:19:17.187 32035 32046 I art     : Starting a blocking GC Explicit
08-05 19:19:17.219 32035 32046 I art     : Explicit concurrent mark sweep GC freed 224(6KB) AllocSpace objects, 0(0B) LOS objects, 27% free, 43MB/59MB, paused 803us total 30.978ms
08-05 19:19:17.234 32035 32046 I art     : Starting a blocking GC Explicit
08-05 19:19:17.266 32035 32046 I art     : Explicit concurrent mark sweep GC freed 31(704B) AllocSpace objects, 0(0B) LOS objects, 27% free, 43MB/59MB, paused 837us total 31.381ms
08-05 19:19:17.606 32035 32047 I art     : Starting a blocking GC Explicit
08-05 19:19:17.639 32035 32047 I art     : Explicit concurrent mark sweep GC freed 2205(95KB) AllocSpace objects, 2(40KB) LOS objects, 27% free, 43MB/59MB, paused 853us total 31.938ms
08-05 19:19:17.655 32035 32047 I art     : Starting a blocking GC Explicit
08-05 19:19:17.687 32035 32047 I art     : Explicit concurrent mark sweep GC freed 55(1520B) AllocSpace objects, 0(0B) LOS objects, 26% free, 43MB/59MB, paused 864us total 31.847ms
08-05 19:19:17.702 32035 32047 I art     : Starting a blocking GC Explicit
08-05 19:19:17.733 32035 32047 I art     : Explicit concurrent mark sweep GC freed 130(2240B) AllocSpace objects, 0(0B) LOS objects, 26% free, 43MB/59MB, paused 794us total 30.980ms
08-05 19:19:17.749 32035 32047 I art     : Starting a blocking GC Explicit
08-05 19:19:17.780 32035 32047 I art     : Explicit concurrent mark sweep GC freed 29(512B) AllocSpace objects, 0(0B) LOS objects, 26% free, 43MB/59MB, paused 744us total 30.670ms
08-05 19:19:17.796 32035 32047 I art     : Starting a blocking GC Explicit
08-05 19:19:17.830 32035 32047 I art     : Explicit concurrent mark sweep GC freed 2682(133KB) AllocSpace objects, 2(120KB) LOS objects, 26% free, 43MB/59MB, paused 1.035ms total 33.638ms
08-05 19:19:17.864 32035 32568 I NAPPA_EXPERIMENTATION: MetricNetworkRequestExecutionTime: REQUEST_DURATION_SYSTEM='713',REQUEST_DURATION_OKHTTP='42',REQUEST_SYNCHRONOUS='FALSE',RESPONSE_CODE='200',RESPONSE_METHOD='GET',RESPONSE_LENGTH_OKHTTP='183',RESPONSE_LENGTH_HEADER='183',REQUEST_PROTOCOL='http/1.1',REQUEST_URL='https://project-travel-mate.herokuapp.com/api/get-city-images/1',
08-05 19:19:17.899 32035 32568 V RESPONSE: [{"id":17,"image_url":"https://upload.wikimedia.org/wikipedia/commons/9/94/%E0%B4%96%E0%B5%81%E0%B4%A4%E0%B5%8D%E0%B4%AC%E0%B5%8D_%E0%B4%AE%E0%B4%BF%E0%B4%A8%E0%B4%BE%E0%B5%BC1.jpg"}]
08-05 19:19:18.198 32035 32046 I art     : Starting a blocking GC Explicit
08-05 19:19:18.241 32035 32046 I art     : Explicit concurrent mark sweep GC freed 6980(428KB) AllocSpace objects, 4(4MB) LOS objects, 28% free, 39MB/55MB, paused 616us total 42.869ms
08-05 19:19:18.258 32035 32046 I art     : Starting a blocking GC Explicit
08-05 19:19:18.295 32035 32046 I art     : Explicit concurrent mark sweep GC freed 482(14KB) AllocSpace objects, 0(0B) LOS objects, 28% free, 39MB/55MB, paused 650us total 37.285ms
08-05 19:19:18.312 32035 32046 I art     : Starting a blocking GC Explicit
08-05 19:19:18.349 32035 32046 I art     : Explicit concurrent mark sweep GC freed 230(4KB) AllocSpace objects, 0(0B) LOS objects, 28% free, 39MB/55MB, paused 644us total 36.604ms
08-05 19:19:18.365 32035 32046 I art     : Starting a blocking GC Explicit
08-05 19:19:18.402 32035 32046 I art     : Explicit concurrent mark sweep GC freed 219(3KB) AllocSpace objects, 0(0B) LOS objects, 28% free, 39MB/55MB, paused 633us total 36.370ms
08-05 19:19:18.418 32035 32046 I art     : Starting a blocking GC Explicit
08-05 19:19:18.456 32035 32046 I art     : Explicit concurrent mark sweep GC freed 219(3KB) AllocSpace objects, 0(0B) LOS objects, 28% free, 39MB/55MB, paused 640us total 37.413ms
08-05 19:19:18.803 32035 32096 I art     : Starting a blocking GC Explicit
08-05 19:19:18.841 32035 32096 I art     : Explicit concurrent mark sweep GC freed 3083(110KB) AllocSpace objects, 2(40KB) LOS objects, 28% free, 39MB/55MB, paused 624us total 37.646ms
08-05 19:19:18.858 32035 32096 I art     : Starting a blocking GC Explicit
08-05 19:19:18.895 32035 32096 I art     : Explicit concurrent mark sweep GC freed 260(4KB) AllocSpace objects, 0(0B) LOS objects, 28% free, 39MB/55MB, paused 774us total 36.017ms
08-05 19:19:18.911 32035 32096 I art     : Starting a blocking GC Explicit
08-05 19:19:18.948 32035 32096 I art     : Explicit concurrent mark sweep GC freed 247(4KB) AllocSpace objects, 0(0B) LOS objects, 28% free, 39MB/55MB, paused 746us total 36.254ms
08-05 19:19:18.964 32035 32096 I art     : Starting a blocking GC Explicit
08-05 19:19:19.000 32035 32096 I art     : Explicit concurrent mark sweep GC freed 239(3KB) AllocSpace objects, 0(0B) LOS objects, 28% free, 39MB/55MB, paused 709us total 35.635ms
08-05 19:19:19.017 32035 32096 I art     : Starting a blocking GC Explicit
08-05 19:19:19.052 32035 32096 I art     : Explicit concurrent mark sweep GC freed 221(3KB) AllocSpace objects, 0(0B) LOS objects, 28% free, 39MB/55MB, paused 633us total 35.377ms
08-05 19:19:19.076 32592 32592 D AndroidRuntime: >>>>>> START com.android.internal.os.RuntimeInit uid 2000 <<<<<<
08-05 19:19:19.083 32592 32592 D AndroidRuntime: CheckJNI is OFF
08-05 19:19:19.125 32592 32592 D ICU     : No timezone override file found: /data/misc/zoneinfo/current/icu/icu_tzdata.dat
08-05 19:19:19.171 32592 32592 I Radio-JNI: register_android_hardware_Radio DONE
08-05 19:19:19.200 32592 32592 D AndroidRuntime: Calling main entry com.android.commands.input.Input
08-05 19:19:19.203 32592 32592 I Input   : injectKeyEvent: KeyEvent { action=ACTION_DOWN, keyCode=KEYCODE_BACK, scanCode=0, metaState=0, flags=0x0, repeatCount=0, eventTime=818375616, downTime=818375616, deviceId=-1, source=0x101 }
08-05 19:19:19.213 32592 32592 I Input   : injectKeyEvent: KeyEvent { action=ACTION_UP, keyCode=KEYCODE_BACK, scanCode=0, metaState=0, flags=0x0, repeatCount=0, eventTime=818375616, downTime=818375616, deviceId=-1, source=0x101 }
08-05 19:19:19.220 32592 32592 D AndroidRuntime: Shutting down VM
08-05 19:19:19.254 13866 13866 I GoogleInputMethodServic: GoogleInputMethodService.onFinishInput():3138 
08-05 19:19:19.255 13866 13866 I GoogleInputMethodServic: GoogleInputMethodService.onStartInput():1808 
08-05 19:19:19.396 13866 13882 I PeriodicStatsRunner: PeriodicStatsRunner.call():175 call()
08-05 19:19:19.398 13866 13882 I PeriodicStatsRunner: PeriodicStatsRunner.call():179 No submit PeriodicStats since input started.
08-05 19:19:19.418 32035 32047 I art     : Starting a blocking GC Explicit
08-05 19:19:19.460 32035 32047 I art     : Explicit concurrent mark sweep GC freed 3209(114KB) AllocSpace objects, 2(40KB) LOS objects, 28% free, 39MB/55MB, paused 662us total 41.748ms
08-05 19:19:19.481 32035 32047 I art     : Starting a blocking GC Explicit
08-05 19:19:19.522 32035 32047 I art     : Explicit concurrent mark sweep GC freed 293(5KB) AllocSpace objects, 0(0B) LOS objects, 28% free, 39MB/55MB, paused 601us total 40.446ms
08-05 19:19:19.541 32035 32047 I art     : Starting a blocking GC Explicit
08-05 19:19:19.557   380   380 W SurfaceFlinger: couldn't log to binary event log: overflow.
08-05 19:19:19.578 32035 32047 I art     : Explicit concurrent mark sweep GC freed 1026(39KB) AllocSpace objects, 0(0B) LOS objects, 28% free, 39MB/55MB, paused 704us total 36.931ms
08-05 19:19:19.594 32035 32047 I art     : Starting a blocking GC Explicit
08-05 19:19:19.627 32009 32009 I ServiceManager: Waiting for service AtCmdFwd...
08-05 19:19:19.628 32035 32047 I art     : Explicit concurrent mark sweep GC freed 159(4KB) AllocSpace objects, 3(644KB) LOS objects, 29% free, 38MB/54MB, paused 788us total 33.384ms
08-05 19:19:19.644 32035 32047 I art     : Starting a blocking GC Explicit
08-05 19:19:19.675 32035 32047 I art     : Explicit concurrent mark sweep GC freed 5554(267KB) AllocSpace objects, 1(28KB) LOS objects, 29% free, 38MB/54MB, paused 591us total 30.575ms
08-05 19:19:20.048 32035 32625 I art     : Starting a blocking GC Explicit
08-05 19:19:20.084 32035 32625 I art     : Explicit concurrent mark sweep GC freed 2633(102KB) AllocSpace objects, 2(40KB) LOS objects, 29% free, 38MB/54MB, paused 595us total 35.524ms
08-05 19:19:20.102 32035 32625 I art     : Starting a blocking GC Explicit
08-05 19:19:20.133 32035 32625 I art     : Explicit concurrent mark sweep GC freed 166(3KB) AllocSpace objects, 0(0B) LOS objects, 29% free, 38MB/54MB, paused 607us total 30.970ms
08-05 19:19:20.149 32035 32625 I art     : Starting a blocking GC Explicit
08-05 19:19:20.180 32035 32625 I art     : Explicit concurrent mark sweep GC freed 147(2496B) AllocSpace objects, 0(0B) LOS objects, 29% free, 38MB/54MB, paused 606us total 31.428ms
08-05 19:19:20.197 32035 32625 I art     : Starting a blocking GC Explicit
08-05 19:19:20.229 32035 32625 I art     : Explicit concurrent mark sweep GC freed 147(2496B) AllocSpace objects, 0(0B) LOS objects, 29% free, 38MB/54MB, paused 635us total 31.627ms
08-05 19:19:20.244 32035 32625 I art     : Starting a blocking GC Explicit
08-05 19:19:20.277 32035 32625 I art     : Explicit concurrent mark sweep GC freed 116(1968B) AllocSpace objects, 0(0B) LOS objects, 29% free, 38MB/54MB, paused 749us total 31.984ms
08-05 19:19:20.625 32035 32046 I art     : Starting a blocking GC Explicit
08-05 19:19:20.628 32009 32009 I ServiceManager: Waiting for service AtCmdFwd...
08-05 19:19:20.657 32035 32046 I art     : Explicit concurrent mark sweep GC freed 2513(100KB) AllocSpace objects, 2(40KB) LOS objects, 29% free, 38MB/54MB, paused 710us total 32.325ms
08-05 19:19:20.673 32035 32046 I art     : Starting a blocking GC Explicit
08-05 19:19:20.706 32035 32046 I art     : Explicit concurrent mark sweep GC freed 167(3KB) AllocSpace objects, 0(0B) LOS objects, 29% free, 38MB/54MB, paused 623us total 31.899ms
08-05 19:19:20.721 32035 32046 I art     : Starting a blocking GC Explicit
08-05 19:19:20.753 32035 32046 I art     : Explicit concurrent mark sweep GC freed 147(2496B) AllocSpace objects, 0(0B) LOS objects, 29% free, 38MB/54MB, paused 626us total 31.154ms
08-05 19:19:20.769 32035 32046 I art     : Starting a blocking GC Explicit
08-05 19:19:20.800 32035 32046 I art     : Explicit concurrent mark sweep GC freed 147(2496B) AllocSpace objects, 0(0B) LOS objects, 29% free, 38MB/54MB, paused 618us total 31.386ms
08-05 19:19:20.816 32035 32046 I art     : Starting a blocking GC Explicit
08-05 19:19:20.849 32035 32046 I art     : Explicit concurrent mark sweep GC freed 147(2496B) AllocSpace objects, 0(0B) LOS objects, 29% free, 38MB/54MB, paused 597us total 32.372ms
08-05 19:19:21.003 32640 32640 D AndroidRuntime: >>>>>> START com.android.internal.os.RuntimeInit uid 2000 <<<<<<
08-05 19:19:21.009 32640 32640 D AndroidRuntime: CheckJNI is OFF
08-05 19:19:21.049 32640 32640 D ICU     : No timezone override file found: /data/misc/zoneinfo/current/icu/icu_tzdata.dat
08-05 19:19:21.091 32640 32640 I Radio-JNI: register_android_hardware_Radio DONE
08-05 19:19:21.120 32640 32640 D AndroidRuntime: Calling main entry com.android.commands.input.Input
08-05 19:19:21.122 32640 32640 I Input   : injectMotionEvent: MotionEvent { action=ACTION_DOWN, actionButton=0, id[0]=0, x[0]=504.0, y[0]=1706.0, toolType[0]=TOOL_TYPE_UNKNOWN, buttonState=0, metaState=0, flags=0x0, edgeFlags=0x0, pointerCount=1, historySize=0, eventTime=818377534, downTime=818377534, deviceId=0, source=0x1002 }
08-05 19:19:21.127 32640 32640 I Input   : injectMotionEvent: MotionEvent { action=ACTION_UP, actionButton=0, id[0]=0, x[0]=504.0, y[0]=1706.0, toolType[0]=TOOL_TYPE_UNKNOWN, buttonState=0, metaState=0, flags=0x0, edgeFlags=0x0, pointerCount=1, historySize=0, eventTime=818377534, downTime=818377534, deviceId=0, source=0x1002 }
08-05 19:19:21.130 32640 32640 D AndroidRuntime: Shutting down VM
08-05 19:19:21.132   512  2967 D audio_hw_primary: out_set_parameters: enter: usecase(1: low-latency-playback) kvpairs: routing=2
08-05 19:19:21.135   918  4400 I ActivityManager: START u0 {cmp=baseline.io.github.project_travel_mate/.destinations.funfacts.FunFactsActivity (has extras)} from uid 10674 on display 0
08-05 19:19:21.147   512  2967 D audio_hw_primary: select_devices: out_snd_device(2: speaker) in_snd_device(0: none)
08-05 19:19:21.147   512  2967 D msm8974_platform: platform_send_audio_calibration: sending audio calibration for snd_device(2) acdb_id(15)
08-05 19:19:21.147   512  2967 I soundtrigger: audio_extn_sound_trigger_update_device_status: device 0x2 of type 0 for Event 1
08-05 19:19:21.157   512  2967 D audio_hw_primary: enable_snd_device: snd_device(2: speaker)
08-05 19:19:21.160   512  2967 D audio_hw_primary: enable_audio_route: apply and update mixer path: low-latency-playback speaker
08-05 19:19:21.166 32035 32116 D Gabe    : call	returning from cache
08-05 19:19:21.167 32035 32035 V EXECUTING: https://project-travel-mate.herokuapp.com/api/get-city-facts/1
08-05 19:19:21.237 32035 32625 I art     : Starting a blocking GC Explicit
08-05 19:19:21.273 32035 32625 I art     : Explicit concurrent mark sweep GC freed 4436(272KB) AllocSpace objects, 2(40KB) LOS objects, 27% free, 43MB/59MB, paused 1.240ms total 35.311ms
08-05 19:19:21.288 32035 32625 I art     : Starting a blocking GC Explicit
08-05 19:19:21.317 13866 13866 I GoogleInputMethodServic: GoogleInputMethodService.onFinishInput():3138 
08-05 19:19:21.317 13866 13866 I GoogleInputMethodServic: GoogleInputMethodService.onStartInput():1808 
08-05 19:19:21.318   918   936 I ActivityManager: Displayed baseline.io.github.project_travel_mate/.destinations.funfacts.FunFactsActivity: +175ms
08-05 19:19:21.320 32035 32625 I art     : Explicit concurrent mark sweep GC freed 226(11KB) AllocSpace objects, 0(0B) LOS objects, 27% free, 43MB/59MB, paused 782us total 31.195ms
08-05 19:19:21.336 32035 32625 I art     : Starting a blocking GC Explicit
08-05 19:19:21.370 32035 32625 I art     : Explicit concurrent mark sweep GC freed 126(2384B) AllocSpace objects, 0(0B) LOS objects, 27% free, 43MB/59MB, paused 811us total 34.198ms
08-05 19:19:21.387 32035 32625 I art     : Starting a blocking GC Explicit
08-05 19:19:21.419 32035 32625 I art     : Explicit concurrent mark sweep GC freed 109(1872B) AllocSpace objects, 0(0B) LOS objects, 27% free, 43MB/59MB, paused 755us total 32.029ms
08-05 19:19:21.437 32035 32625 I art     : Starting a blocking GC Explicit
08-05 19:19:21.466 13866 13882 I PeriodicStatsRunner: PeriodicStatsRunner.call():175 call()
08-05 19:19:21.466 13866 13882 I PeriodicStatsRunner: PeriodicStatsRunner.call():179 No submit PeriodicStats since input started.
08-05 19:19:21.472 32035 32625 I art     : Explicit concurrent mark sweep GC freed 29(512B) AllocSpace objects, 0(0B) LOS objects, 27% free, 43MB/59MB, paused 910us total 34.074ms
08-05 19:19:21.560   380   380 W SurfaceFlinger: couldn't log to binary event log: overflow.
08-05 19:19:21.628 32009 32009 I ServiceManager: Waiting for service AtCmdFwd...
08-05 19:19:21.701   512  2967 D audio_hw_primary: disable_audio_route: reset and update mixer path: low-latency-playback speaker
08-05 19:19:21.703   512  2967 D audio_hw_primary: disable_snd_device: snd_device(2: speaker)
08-05 19:19:21.711   512  2967 I soundtrigger: audio_extn_sound_trigger_update_device_status: device 0x2 of type 0 for Event 0
08-05 19:19:21.823 32035 32046 I art     : Starting a blocking GC Explicit
08-05 19:19:21.856 32035 32046 I art     : Explicit concurrent mark sweep GC freed 2671(104KB) AllocSpace objects, 2(40KB) LOS objects, 27% free, 43MB/59MB, paused 945us total 32.466ms
08-05 19:19:21.872 32035 32046 I art     : Starting a blocking GC Explicit
08-05 19:19:21.904 32035 32046 I art     : Explicit concurrent mark sweep GC freed 153(3008B) AllocSpace objects, 0(0B) LOS objects, 27% free, 43MB/59MB, paused 814us total 31.758ms
08-05 19:19:21.920 32035 32046 I art     : Starting a blocking GC Explicit
08-05 19:19:21.952 32035 32046 I art     : Explicit concurrent mark sweep GC freed 24(432B) AllocSpace objects, 0(0B) LOS objects, 27% free, 43MB/59MB, paused 754us total 31.413ms
08-05 19:19:21.968 32035 32046 I art     : Starting a blocking GC Explicit
08-05 19:19:22.001 32035 32046 I art     : Explicit concurrent mark sweep GC freed 872(61KB) AllocSpace objects, 2(120KB) LOS objects, 26% free, 43MB/59MB, paused 1.249ms total 32.896ms
08-05 19:19:22.016 32035 32046 I art     : Starting a blocking GC Explicit
08-05 19:19:22.049 32035 32046 I art     : Explicit concurrent mark sweep GC freed 2262(108KB) AllocSpace objects, 1(80KB) LOS objects, 26% free, 43MB/59MB, paused 875us total 32.860ms
08-05 19:19:22.062 32035 32670 I NAPPA_EXPERIMENTATION: MetricNetworkRequestExecutionTime: REQUEST_DURATION_SYSTEM='894',REQUEST_DURATION_OKHTTP='38',REQUEST_SYNCHRONOUS='FALSE',RESPONSE_CODE='200',RESPONSE_METHOD='GET',RESPONSE_LENGTH_OKHTTP='1793',RESPONSE_LENGTH_HEADER='1793',REQUEST_PROTOCOL='http/1.1',REQUEST_URL='https://project-travel-mate.herokuapp.com/api/get-city-facts/1',
08-05 19:19:22.065 32035 32670 V EXECUTING: https://project-travel-mate.herokuapp.com/api/get-city-images/1
08-05 19:19:22.398 32035 32095 I art     : Starting a blocking GC Explicit
08-05 19:19:22.432 32035 32095 I art     : Explicit concurrent mark sweep GC freed 3448(226KB) AllocSpace objects, 2(40KB) LOS objects, 26% free, 43MB/59MB, paused 882us total 33.003ms
08-05 19:19:22.447 32035 32095 I art     : Starting a blocking GC Explicit
08-05 19:19:22.479 32035 32095 I art     : Explicit concurrent mark sweep GC freed 102(2624B) AllocSpace objects, 0(0B) LOS objects, 26% free, 43MB/59MB, paused 793us total 31.950ms
08-05 19:19:22.496 32035 32095 I art     : Starting a blocking GC Explicit
08-05 19:19:22.529 32035 32095 I art     : Explicit concurrent mark sweep GC freed 83(1408B) AllocSpace objects, 0(0B) LOS objects, 26% free, 43MB/59MB, paused 944us total 32.768ms
08-05 19:19:22.545 32035 32095 I art     : Starting a blocking GC Explicit
08-05 19:19:22.577 32035 32095 I art     : Explicit concurrent mark sweep GC freed 136(2432B) AllocSpace objects, 0(0B) LOS objects, 26% free, 43MB/59MB, paused 963us total 32.085ms
08-05 19:19:22.593 32035 32095 I art     : Starting a blocking GC Explicit
08-05 19:19:22.626 32035 32095 I art     : Explicit concurrent mark sweep GC freed 28(560B) AllocSpace objects, 0(0B) LOS objects, 26% free, 43MB/59MB, paused 872us total 32.403ms
08-05 19:19:22.629 32009 32009 I ServiceManager: Waiting for service AtCmdFwd...
08-05 19:19:22.782 32035 32682 I NAPPA_EXPERIMENTATION: MetricNetworkRequestExecutionTime: REQUEST_DURATION_SYSTEM='716',REQUEST_DURATION_OKHTTP='39',REQUEST_SYNCHRONOUS='FALSE',RESPONSE_CODE='200',RESPONSE_METHOD='GET',RESPONSE_LENGTH_OKHTTP='183',RESPONSE_LENGTH_HEADER='183',REQUEST_PROTOCOL='http/1.1',REQUEST_URL='https://project-travel-mate.herokuapp.com/api/get-city-images/1',
08-05 19:19:22.819 32035 32682 V RESPONSE: [{"id":17,"image_url":"https://upload.wikimedia.org/wikipedia/commons/9/94/%E0%B4%96%E0%B5%81%E0%B4%A4%E0%B5%8D%E0%B4%AC%E0%B5%8D_%E0%B4%AE%E0%B4%BF%E0%B4%A8%E0%B4%BE%E0%B5%BC1.jpg"}]
08-05 19:19:22.963 32035 32096 I art     : Starting a blocking GC Explicit
08-05 19:19:23.006 32035 32096 I art     : Explicit concurrent mark sweep GC freed 8405(376KB) AllocSpace objects, 6(4MB) LOS objects, 28% free, 39MB/55MB, paused 743us total 42.565ms
08-05 19:19:23.024 32035 32096 I art     : Starting a blocking GC Explicit
08-05 19:19:23.064 32035 32096 I art     : Explicit concurrent mark sweep GC freed 1350(129KB) AllocSpace objects, 0(0B) LOS objects, 28% free, 39MB/55MB, paused 845us total 39.734ms
08-05 19:19:23.081 32035 32096 I art     : Starting a blocking GC Explicit
08-05 19:19:23.118 32035 32096 I art     : Explicit concurrent mark sweep GC freed 269(4KB) AllocSpace objects, 0(0B) LOS objects, 28% free, 39MB/55MB, paused 704us total 36.583ms
08-05 19:19:23.135 32035 32096 I art     : Starting a blocking GC Explicit
08-05 19:19:23.175 32035 32096 I art     : Explicit concurrent mark sweep GC freed 239(4KB) AllocSpace objects, 0(0B) LOS objects, 28% free, 39MB/55MB, paused 723us total 39.735ms
08-05 19:19:23.191 32035 32096 I art     : Starting a blocking GC Explicit
08-05 19:19:23.230 32035 32096 I art     : Explicit concurrent mark sweep GC freed 222(3KB) AllocSpace objects, 0(0B) LOS objects, 28% free, 39MB/55MB, paused 861us total 38.800ms
08-05 19:19:23.599 32035 32047 I art     : Starting a blocking GC Explicit
08-05 19:19:23.629 32009 32009 I ServiceManager: Waiting for service AtCmdFwd...
08-05 19:19:23.665 32035 32047 I art     : Explicit concurrent mark sweep GC freed 3303(113KB) AllocSpace objects, 2(40KB) LOS objects, 28% free, 39MB/55MB, paused 1.400ms total 65.076ms
08-05 19:19:23.686 32035 32047 I art     : Starting a blocking GC Explicit
08-05 19:19:23.720 32035 32047 I art     : Explicit concurrent mark sweep GC freed 303(5KB) AllocSpace objects, 0(0B) LOS objects, 28% free, 39MB/55MB, paused 683us total 34.455ms
08-05 19:19:23.738 32035 32047 I art     : Starting a blocking GC Explicit
08-05 19:19:23.773 32035 32047 I art     : Explicit concurrent mark sweep GC freed 219(3KB) AllocSpace objects, 0(0B) LOS objects, 28% free, 39MB/55MB, paused 685us total 35.096ms
08-05 19:19:23.790 32035 32047 I art     : Starting a blocking GC Explicit
08-05 19:19:23.817   518   646 I ThermalEngine: ACTION: GPU - Setting GPU[0] to 390000000
08-05 19:19:23.847 32035 32047 I art     : Explicit concurrent mark sweep GC freed 291(4KB) AllocSpace objects, 0(0B) LOS objects, 28% free, 39MB/55MB, paused 1.352ms total 57.148ms
08-05 19:19:23.870 32035 32047 I art     : Starting a blocking GC Explicit
08-05 19:19:23.914 32035 32047 I art     : Explicit concurrent mark sweep GC freed 291(4KB) AllocSpace objects, 0(0B) LOS objects, 28% free, 39MB/55MB, paused 1.344ms total 43.904ms
08-05 19:19:23.993 32704 32704 D AndroidRuntime: >>>>>> START com.android.internal.os.RuntimeInit uid 2000 <<<<<<
08-05 19:19:23.999 32704 32704 D AndroidRuntime: CheckJNI is OFF
08-05 19:19:24.053 32704 32704 D ICU     : No timezone override file found: /data/misc/zoneinfo/current/icu/icu_tzdata.dat
08-05 19:19:24.100 32704 32704 I Radio-JNI: register_android_hardware_Radio DONE
08-05 19:19:24.134 32704 32704 D AndroidRuntime: Calling main entry com.android.commands.input.Input
08-05 19:19:24.137 32704 32704 I Input   : injectKeyEvent: KeyEvent { action=ACTION_DOWN, keyCode=KEYCODE_BACK, scanCode=0, metaState=0, flags=0x0, repeatCount=0, eventTime=818380549, downTime=818380549, deviceId=-1, source=0x101 }
08-05 19:19:24.143 32704 32704 I Input   : injectKeyEvent: KeyEvent { action=ACTION_UP, keyCode=KEYCODE_BACK, scanCode=0, metaState=0, flags=0x0, repeatCount=0, eventTime=818380549, downTime=818380549, deviceId=-1, source=0x101 }
08-05 19:19:24.150 32704 32704 D AndroidRuntime: Shutting down VM
08-05 19:19:24.198 13866 13866 I GoogleInputMethodServic: GoogleInputMethodService.onFinishInput():3138 
08-05 19:19:24.198 13866 13866 I GoogleInputMethodServic: GoogleInputMethodService.onStartInput():1808 
08-05 19:19:24.255 13866 13882 I PeriodicStatsRunner: PeriodicStatsRunner.call():175 call()
08-05 19:19:24.257 13866 13882 I PeriodicStatsRunner: PeriodicStatsRunner.call():179 No submit PeriodicStats since input started.
08-05 19:19:24.317 32035 32096 I art     : Starting a blocking GC Explicit
08-05 19:19:24.373 32035 32096 I art     : Explicit concurrent mark sweep GC freed 3344(117KB) AllocSpace objects, 2(40KB) LOS objects, 28% free, 39MB/55MB, paused 2.629ms total 55.235ms
08-05 19:19:24.398 32035 32096 I art     : Starting a blocking GC Explicit
08-05 19:19:24.455 32035 32096 I art     : Explicit concurrent mark sweep GC freed 472(8KB) AllocSpace objects, 0(0B) LOS objects, 28% free, 39MB/55MB, paused 2.219ms total 56.738ms
08-05 19:19:24.481 32035 32096 I art     : Starting a blocking GC Explicit
08-05 19:19:24.529   380   380 W SurfaceFlinger: couldn't log to binary event log: overflow.
08-05 19:19:24.534 32035 32096 I art     : Explicit concurrent mark sweep GC freed 1043(38KB) AllocSpace objects, 0(0B) LOS objects, 28% free, 39MB/55MB, paused 1.706ms total 51.375ms
08-05 19:19:24.555 32035 32096 I art     : Starting a blocking GC Explicit
08-05 19:19:24.597 32035 32096 I art     : Explicit concurrent mark sweep GC freed 239(5KB) AllocSpace objects, 3(644KB) LOS objects, 29% free, 39MB/55MB, paused 1.061ms total 41.007ms
08-05 19:19:24.617 32035 32096 I art     : Starting a blocking GC Explicit
08-05 19:19:24.629 32009 32009 W Atfwd_Sendcmd: AtCmdFwd service not published, waiting... retryCnt : 5
08-05 19:19:24.655 32035 32096 I art     : Explicit concurrent mark sweep GC freed 5615(268KB) AllocSpace objects, 1(28KB) LOS objects, 29% free, 38MB/54MB, paused 853us total 37.248ms
08-05 19:19:25.044 32035 32625 I art     : Starting a blocking GC Explicit
08-05 19:19:25.090 32035 32625 I art     : Explicit concurrent mark sweep GC freed 2678(103KB) AllocSpace objects, 2(40KB) LOS objects, 29% free, 38MB/54MB, paused 1.313ms total 44.758ms
08-05 19:19:25.113 32035 32625 I art     : Starting a blocking GC Explicit
08-05 19:19:25.155 32035 32625 I art     : Explicit concurrent mark sweep GC freed 213(3KB) AllocSpace objects, 0(0B) LOS objects, 29% free, 38MB/54MB, paused 1.160ms total 41.601ms
08-05 19:19:25.175 32035 32625 I art     : Starting a blocking GC Explicit
08-05 19:19:25.219 32035 32625 I art     : Explicit concurrent mark sweep GC freed 195(3KB) AllocSpace objects, 0(0B) LOS objects, 29% free, 38MB/54MB, paused 1.469ms total 42.878ms
08-05 19:19:25.240 32035 32625 I art     : Starting a blocking GC Explicit
08-05 19:19:25.283 32035 32625 I art     : Explicit concurrent mark sweep GC freed 149(2544B) AllocSpace objects, 0(0B) LOS objects, 29% free, 38MB/54MB, paused 1.294ms total 43.105ms
08-05 19:19:25.304 32035 32625 I art     : Starting a blocking GC Explicit
08-05 19:19:25.348 32035 32625 I art     : Explicit concurrent mark sweep GC freed 194(3KB) AllocSpace objects, 0(0B) LOS objects, 29% free, 38MB/54MB, paused 1.180ms total 42.836ms
08-05 19:19:25.737 32035 32096 I art     : Starting a blocking GC Explicit
08-05 19:19:25.779 32035 32096 I art     : Explicit concurrent mark sweep GC freed 2676(103KB) AllocSpace objects, 2(40KB) LOS objects, 29% free, 38MB/54MB, paused 1.381ms total 41.660ms
08-05 19:19:25.800 32035 32096 I art     : Starting a blocking GC Explicit
08-05 19:19:25.820   518   646 I ThermalEngine: ACTION: GPU - Setting GPU[0] to 450000000
08-05 19:19:25.848 32035 32096 I art     : Explicit concurrent mark sweep GC freed 223(4KB) AllocSpace objects, 0(0B) LOS objects, 29% free, 38MB/54MB, paused 775us total 47.337ms
08-05 19:19:25.864 32035 32096 I art     : Starting a blocking GC Explicit
08-05 19:19:25.898 32035 32096 I art     : Explicit concurrent mark sweep GC freed 146(2464B) AllocSpace objects, 0(0B) LOS objects, 29% free, 38MB/54MB, paused 797us total 34.035ms
08-05 19:19:25.914 32035 32096 I art     : Starting a blocking GC Explicit
08-05 19:19:25.948 32035 32096 I art     : Explicit concurrent mark sweep GC freed 147(2496B) AllocSpace objects, 0(0B) LOS objects, 29% free, 38MB/54MB, paused 697us total 33.441ms
08-05 19:19:25.964 32035 32096 I art     : Starting a blocking GC Explicit
08-05 19:19:25.996 32748 32748 D AndroidRuntime: >>>>>> START com.android.internal.os.RuntimeInit uid 2000 <<<<<<
08-05 19:19:25.998 32035 32096 I art     : Explicit concurrent mark sweep GC freed 147(2496B) AllocSpace objects, 0(0B) LOS objects, 29% free, 38MB/54MB, paused 804us total 34.125ms
08-05 19:19:26.002 32748 32748 D AndroidRuntime: CheckJNI is OFF
08-05 19:19:26.043 32748 32748 D ICU     : No timezone override file found: /data/misc/zoneinfo/current/icu/icu_tzdata.dat
08-05 19:19:26.084 32748 32748 I Radio-JNI: register_android_hardware_Radio DONE
08-05 19:19:26.114 32748 32748 D AndroidRuntime: Calling main entry com.android.commands.input.Input
08-05 19:19:26.116 32748 32748 I Input   : injectMotionEvent: MotionEvent { action=ACTION_DOWN, actionButton=0, id[0]=0, x[0]=693.0, y[0]=1450.0, toolType[0]=TOOL_TYPE_UNKNOWN, buttonState=0, metaState=0, flags=0x0, edgeFlags=0x0, pointerCount=1, historySize=0, eventTime=818382529, downTime=818382529, deviceId=0, source=0x1002 }
08-05 19:19:26.123 32748 32748 I Input   : injectMotionEvent: MotionEvent { action=ACTION_UP, actionButton=0, id[0]=0, x[0]=693.0, y[0]=1450.0, toolType[0]=TOOL_TYPE_UNKNOWN, buttonState=0, metaState=0, flags=0x0, edgeFlags=0x0, pointerCount=1, historySize=0, eventTime=818382529, downTime=818382529, deviceId=0, source=0x1002 }
08-05 19:19:26.125 32748 32748 D AndroidRuntime: Shutting down VM
08-05 19:19:26.126   918  3359 I ActivityManager: START u0 {cmp=baseline.io.github.project_travel_mate/.destinations.description.CityHistoryActivity} from uid 10674 on display 0
08-05 19:19:26.127   512  2967 D audio_hw_primary: out_set_parameters: enter: usecase(1: low-latency-playback) kvpairs: routing=2
08-05 19:19:26.140   512  2967 D audio_hw_primary: select_devices: out_snd_device(2: speaker) in_snd_device(0: none)
08-05 19:19:26.140   512  2967 D msm8974_platform: platform_send_audio_calibration: sending audio calibration for snd_device(2) acdb_id(15)
08-05 19:19:26.140   512  2967 I soundtrigger: audio_extn_sound_trigger_update_device_status: device 0x2 of type 0 for Event 1
08-05 19:19:26.150   512  2967 D audio_hw_primary: enable_snd_device: snd_device(2: speaker)
08-05 19:19:26.152   512  2967 D audio_hw_primary: enable_audio_route: apply and update mixer path: low-latency-playback speaker
08-05 19:19:26.158 32035 32116 D Gabe    : call	returning from cache
08-05 19:19:26.159 32035 32035 V EXECUTING: https://project-travel-mate.herokuapp.com/api/get-city-information/1
08-05 19:19:26.305 13866 13866 I GoogleInputMethodServic: GoogleInputMethodService.onFinishInput():3138 
08-05 19:19:26.306   918   936 I ActivityManager: Displayed baseline.io.github.project_travel_mate/.destinations.description.CityHistoryActivity: +170ms
08-05 19:19:26.307 13866 13866 I GoogleInputMethodServic: GoogleInputMethodService.onStartInput():1808 
08-05 19:19:26.317 13866 13882 I PeriodicStatsRunner: PeriodicStatsRunner.call():175 call()
08-05 19:19:26.317 13866 13882 I PeriodicStatsRunner: PeriodicStatsRunner.call():179 No submit PeriodicStats since input started.
08-05 19:19:26.353 32035 32096 I art     : Starting a blocking GC Explicit
08-05 19:19:26.390 32035 32096 I art     : Explicit concurrent mark sweep GC freed 3155(156KB) AllocSpace objects, 2(40KB) LOS objects, 26% free, 43MB/59MB, paused 840us total 36.230ms
08-05 19:19:26.407 32035 32096 I art     : Starting a blocking GC Explicit
08-05 19:19:26.438 32035 32096 I art     : Explicit concurrent mark sweep GC freed 514(15KB) AllocSpace objects, 0(0B) LOS objects, 26% free, 43MB/59MB, paused 677us total 31.422ms
08-05 19:19:26.454 32035 32096 I art     : Starting a blocking GC Explicit
08-05 19:19:26.485 32035 32096 I art     : Explicit concurrent mark sweep GC freed 218(3KB) AllocSpace objects, 0(0B) LOS objects, 26% free, 43MB/59MB, paused 700us total 30.785ms
08-05 19:19:26.504 32035 32096 I art     : Starting a blocking GC Explicit
08-05 19:19:26.545 32035 32096 I art     : Explicit concurrent mark sweep GC freed 220(3KB) AllocSpace objects, 0(0B) LOS objects, 26% free, 43MB/59MB, paused 836us total 40.792ms
08-05 19:19:26.563 32035 32096 I art     : Starting a blocking GC Explicit
08-05 19:19:26.565   380   380 W SurfaceFlinger: couldn't log to binary event log: overflow.
08-05 19:19:26.598 32035 32096 I art     : Explicit concurrent mark sweep GC freed 219(3KB) AllocSpace objects, 0(0B) LOS objects, 26% free, 43MB/59MB, paused 870us total 34.490ms
08-05 19:19:26.687 32035   340 I NAPPA_EXPERIMENTATION: MetricNetworkRequestExecutionTime: REQUEST_DURATION_SYSTEM='527',REQUEST_DURATION_OKHTTP='55',REQUEST_SYNCHRONOUS='FALSE',RESPONSE_CODE='200',RESPONSE_METHOD='GET',RESPONSE_LENGTH_OKHTTP='55024',RESPONSE_LENGTH_HEADER='55024',REQUEST_PROTOCOL='http/1.1',REQUEST_URL='https://project-travel-mate.herokuapp.com/api/get-city-information/1',
08-05 19:19:26.700   512  2967 D audio_hw_primary: disable_audio_route: reset and update mixer path: low-latency-playback speaker
08-05 19:19:26.702   512  2967 D audio_hw_primary: disable_snd_device: snd_device(2: speaker)
08-05 19:19:26.712   512  2967 I soundtrigger: audio_extn_sound_trigger_update_device_status: device 0x2 of type 0 for Event 0
08-05 19:19:26.845 13866 13866 I GoogleInputMethodServic: GoogleInputMethodService.onFinishInput():3138 
08-05 19:19:26.846 13866 13866 I GoogleInputMethodServic: GoogleInputMethodService.onStartInput():1808 
08-05 19:19:26.950 32035 32625 I art     : Starting a blocking GC Explicit
08-05 19:19:26.995 32035 32625 I art     : Explicit concurrent mark sweep GC freed 6885(1462KB) AllocSpace objects, 25(5MB) LOS objects, 28% free, 39MB/55MB, paused 738us total 44.778ms
08-05 19:19:27.013 32035 32625 I art     : Starting a blocking GC Explicit
08-05 19:19:27.048 32035 32625 I art     : Explicit concurrent mark sweep GC freed 1224(122KB) AllocSpace objects, 0(0B) LOS objects, 28% free, 39MB/55MB, paused 693us total 34.314ms
08-05 19:19:27.065 32035 32625 I art     : Starting a blocking GC Explicit
08-05 19:19:27.098 32035 32625 I art     : Explicit concurrent mark sweep GC freed 235(4KB) AllocSpace objects, 0(0B) LOS objects, 28% free, 39MB/55MB, paused 699us total 33.143ms
08-05 19:19:27.114 32035 32625 I art     : Starting a blocking GC Explicit
08-05 19:19:27.145 32035 32625 I art     : Explicit concurrent mark sweep GC freed 224(3KB) AllocSpace objects, 0(0B) LOS objects, 28% free, 39MB/55MB, paused 689us total 31.522ms
08-05 19:19:27.162 32035 32625 I art     : Starting a blocking GC Explicit
08-05 19:19:27.195 32035 32625 I art     : Explicit concurrent mark sweep GC freed 219(3KB) AllocSpace objects, 0(0B) LOS objects, 28% free, 39MB/55MB, paused 692us total 33.229ms
08-05 19:19:27.546 32035 32046 I art     : Starting a blocking GC Explicit
08-05 19:19:27.582 32035 32046 I art     : Explicit concurrent mark sweep GC freed 3083(110KB) AllocSpace objects, 2(40KB) LOS objects, 28% free, 39MB/55MB, paused 738us total 36.237ms
08-05 19:19:27.599 32035 32046 I art     : Starting a blocking GC Explicit
08-05 19:19:27.635 32035 32046 I art     : Explicit concurrent mark sweep GC freed 289(5KB) AllocSpace objects, 0(0B) LOS objects, 28% free, 39MB/55MB, paused 851us total 36.480ms
08-05 19:19:27.652 32035 32046 I art     : Starting a blocking GC Explicit
08-05 19:19:27.688 32035 32046 I art     : Explicit concurrent mark sweep GC freed 240(3KB) AllocSpace objects, 0(0B) LOS objects, 28% free, 39MB/55MB, paused 662us total 36.244ms
08-05 19:19:27.705 32035 32046 I art     : Starting a blocking GC Explicit
08-05 19:19:27.741 32035 32046 I art     : Explicit concurrent mark sweep GC freed 219(3KB) AllocSpace objects, 0(0B) LOS objects, 28% free, 39MB/55MB, paused 708us total 36.388ms
08-05 19:19:27.758 32035 32046 I art     : Starting a blocking GC Explicit
08-05 19:19:27.795 32035 32046 I art     : Explicit concurrent mark sweep GC freed 220(3KB) AllocSpace objects, 0(0B) LOS objects, 28% free, 39MB/55MB, paused 693us total 36.853ms
08-05 19:19:28.214 32035 32625 I art     : Starting a blocking GC Explicit
08-05 19:19:28.256 32035 32625 I art     : Explicit concurrent mark sweep GC freed 3472(116KB) AllocSpace objects, 2(40KB) LOS objects, 28% free, 39MB/55MB, paused 735us total 41.313ms
08-05 19:19:28.273 32035 32625 I art     : Starting a blocking GC Explicit
08-05 19:19:28.312 32035 32625 I art     : Explicit concurrent mark sweep GC freed 238(4KB) AllocSpace objects, 0(0B) LOS objects, 28% free, 39MB/55MB, paused 674us total 38.907ms
08-05 19:19:28.328 32035 32625 I art     : Starting a blocking GC Explicit
08-05 19:19:28.368 32035 32625 I art     : Explicit concurrent mark sweep GC freed 221(3KB) AllocSpace objects, 0(0B) LOS objects, 28% free, 39MB/55MB, paused 969us total 39.374ms
08-05 19:19:28.385 32035 32625 I art     : Starting a blocking GC Explicit
08-05 19:19:28.425 32035 32625 I art     : Explicit concurrent mark sweep GC freed 288(4KB) AllocSpace objects, 0(0B) LOS objects, 28% free, 39MB/55MB, paused 776us total 40.116ms
08-05 19:19:28.442 32035 32625 I art     : Starting a blocking GC Explicit
08-05 19:19:28.482 32035 32625 I art     : Explicit concurrent mark sweep GC freed 220(3KB) AllocSpace objects, 0(0B) LOS objects, 28% free, 39MB/55MB, paused 751us total 39.254ms
08-05 19:19:28.880 32035 32047 I art     : Starting a blocking GC Explicit
08-05 19:19:28.923 32035 32047 I art     : Explicit concurrent mark sweep GC freed 3372(114KB) AllocSpace objects, 2(40KB) LOS objects, 28% free, 39MB/55MB, paused 745us total 42.622ms
08-05 19:19:28.942 32035 32047 I art     : Starting a blocking GC Explicit
08-05 19:19:28.980 32035 32047 I art     : Explicit concurrent mark sweep GC freed 238(4KB) AllocSpace objects, 0(0B) LOS objects, 28% free, 39MB/55MB, paused 732us total 38.227ms
08-05 19:19:28.997 32035 32047 I art     : Starting a blocking GC Explicit
08-05 19:19:29.037 32035 32047 I art     : Explicit concurrent mark sweep GC freed 243(3KB) AllocSpace objects, 0(0B) LOS objects, 28% free, 39MB/55MB, paused 886us total 39.169ms
08-05 19:19:29.054 32035 32047 I art     : Starting a blocking GC Explicit
08-05 19:19:29.093 32035 32047 I art     : Explicit concurrent mark sweep GC freed 267(4KB) AllocSpace objects, 0(0B) LOS objects, 28% free, 39MB/55MB, paused 732us total 39.013ms
08-05 19:19:29.110 32035 32047 I art     : Starting a blocking GC Explicit
08-05 19:19:29.150 32035 32047 I art     : Explicit concurrent mark sweep GC freed 219(3KB) AllocSpace objects, 0(0B) LOS objects, 28% free, 39MB/55MB, paused 722us total 40.090ms
08-05 19:19:29.198 13866 13882 I PeriodicStatsRunner: PeriodicStatsRunner.call():175 call()
08-05 19:19:29.199 13866 13882 I PeriodicStatsRunner: PeriodicStatsRunner.call():179 No submit PeriodicStats since input started.
08-05 19:19:29.532 32035 32096 I art     : Starting a blocking GC Explicit
08-05 19:19:29.573 32035 32096 I art     : Explicit concurrent mark sweep GC freed 3300(113KB) AllocSpace objects, 2(40KB) LOS objects, 28% free, 39MB/55MB, paused 798us total 40.434ms
08-05 19:19:29.590 32035 32096 I art     : Starting a blocking GC Explicit
08-05 19:19:29.629 32035 32096 I art     : Explicit concurrent mark sweep GC freed 239(4KB) AllocSpace objects, 0(0B) LOS objects, 28% free, 39MB/55MB, paused 756us total 38.490ms
08-05 19:19:29.646 32035 32096 I art     : Starting a blocking GC Explicit
08-05 19:19:29.686 32035 32096 I art     : Explicit concurrent mark sweep GC freed 219(3KB) AllocSpace objects, 0(0B) LOS objects, 28% free, 39MB/55MB, paused 894us total 39.743ms
08-05 19:19:29.703 32035 32096 I art     : Starting a blocking GC Explicit
08-05 19:19:29.744 32035 32096 I art     : Explicit concurrent mark sweep GC freed 290(4KB) AllocSpace objects, 0(0B) LOS objects, 28% free, 39MB/55MB, paused 746us total 40.518ms
08-05 19:19:29.761 32035 32096 I art     : Starting a blocking GC Explicit
08-05 19:19:29.801 32035 32096 I art     : Explicit concurrent mark sweep GC freed 220(3KB) AllocSpace objects, 0(0B) LOS objects, 28% free, 39MB/55MB, paused 706us total 39.955ms
08-05 19:19:30.150   918  3261 D WifiStateMachine: starting scan for "H369AA63323"WPA_PSK with 2412,5180
08-05 19:19:30.207 32035 32046 I art     : Starting a blocking GC Explicit
08-05 19:19:30.248 32035 32046 I art     : Explicit concurrent mark sweep GC freed 3383(115KB) AllocSpace objects, 2(40KB) LOS objects, 28% free, 39MB/55MB, paused 830us total 40.047ms
08-05 19:19:30.265 32035 32046 I art     : Starting a blocking GC Explicit
08-05 19:19:30.305 32035 32046 I art     : Explicit concurrent mark sweep GC freed 282(5KB) AllocSpace objects, 0(0B) LOS objects, 28% free, 39MB/55MB, paused 808us total 39.911ms
08-05 19:19:30.322 32035 32046 I art     : Starting a blocking GC Explicit
08-05 19:19:30.362 32035 32046 I art     : Explicit concurrent mark sweep GC freed 257(4KB) AllocSpace objects, 0(0B) LOS objects, 28% free, 39MB/55MB, paused 723us total 40.254ms
08-05 19:19:30.379 32035 32046 I art     : Starting a blocking GC Explicit
08-05 19:19:30.416 32035 32046 I art     : Explicit concurrent mark sweep GC freed 219(3KB) AllocSpace objects, 0(0B) LOS objects, 28% free, 39MB/55MB, paused 659us total 36.854ms
08-05 19:19:30.433 32035 32046 I art     : Starting a blocking GC Explicit
08-05 19:19:30.469 32035 32046 I art     : Explicit concurrent mark sweep GC freed 219(3KB) AllocSpace objects, 0(0B) LOS objects, 28% free, 39MB/55MB, paused 696us total 35.977ms
08-05 19:19:30.852 32035 32095 I art     : Starting a blocking GC Explicit
08-05 19:19:30.922 32035 32095 I art     : Explicit concurrent mark sweep GC freed 3374(114KB) AllocSpace objects, 2(40KB) LOS objects, 28% free, 39MB/55MB, paused 1.357ms total 69.178ms
08-05 19:19:30.922   470   470 D AndroidRuntime: >>>>>> START com.android.internal.os.RuntimeInit uid 2000 <<<<<<
08-05 19:19:30.929   470   470 D AndroidRuntime: CheckJNI is OFF
08-05 19:19:30.945 32035 32095 I art     : Starting a blocking GC Explicit
08-05 19:19:30.971   470   470 D ICU     : No timezone override file found: /data/misc/zoneinfo/current/icu/icu_tzdata.dat
08-05 19:19:30.979 32035 32095 I art     : Explicit concurrent mark sweep GC freed 307(5KB) AllocSpace objects, 0(0B) LOS objects, 28% free, 39MB/55MB, paused 720us total 34.273ms
08-05 19:19:30.996 32035 32095 I art     : Starting a blocking GC Explicit
08-05 19:19:31.015   470   470 I Radio-JNI: register_android_hardware_Radio DONE
08-05 19:19:31.031 32035 32095 I art     : Explicit concurrent mark sweep GC freed 219(3KB) AllocSpace objects, 0(0B) LOS objects, 28% free, 39MB/55MB, paused 735us total 35.242ms
08-05 19:19:31.044   470   470 D AndroidRuntime: Calling main entry com.android.commands.input.Input
08-05 19:19:31.047   470   470 I Input   : injectKeyEvent: KeyEvent { action=ACTION_DOWN, keyCode=KEYCODE_BACK, scanCode=0, metaState=0, flags=0x0, repeatCount=0, eventTime=818387459, downTime=818387459, deviceId=-1, source=0x101 }
08-05 19:19:31.047 32035 32095 I art     : Starting a blocking GC Explicit
08-05 19:19:31.058   470   470 I Input   : injectKeyEvent: KeyEvent { action=ACTION_UP, keyCode=KEYCODE_BACK, scanCode=0, metaState=0, flags=0x0, repeatCount=0, eventTime=818387459, downTime=818387459, deviceId=-1, source=0x101 }
08-05 19:19:31.064   470   470 D AndroidRuntime: Shutting down VM
08-05 19:19:31.083 32035 32095 I art     : Explicit concurrent mark sweep GC freed 269(5KB) AllocSpace objects, 0(0B) LOS objects, 28% free, 39MB/55MB, paused 828us total 35.070ms
08-05 19:19:31.099 32035 32095 I art     : Starting a blocking GC Explicit
08-05 19:19:31.104 13866 13866 I GoogleInputMethodServic: GoogleInputMethodService.onFinishInput():3138 
08-05 19:19:31.105 13866 13866 I GoogleInputMethodServic: GoogleInputMethodService.onStartInput():1808 
08-05 19:19:31.133 32035 32095 I art     : Explicit concurrent mark sweep GC freed 195(4KB) AllocSpace objects, 0(0B) LOS objects, 28% free, 39MB/55MB, paused 749us total 33.935ms
08-05 19:19:31.308 13866 13882 I PeriodicStatsRunner: PeriodicStatsRunner.call():175 call()
08-05 19:19:31.309 13866 13882 I PeriodicStatsRunner: PeriodicStatsRunner.call():179 No submit PeriodicStats since input started.
08-05 19:19:31.403   380   380 W SurfaceFlinger: couldn't log to binary event log: overflow.
08-05 19:19:31.506 32035 32095 I art     : Starting a blocking GC Explicit
08-05 19:19:31.547 32035 32095 I art     : Explicit concurrent mark sweep GC freed 3045(110KB) AllocSpace objects, 3(228KB) LOS objects, 28% free, 39MB/55MB, paused 754us total 40.181ms
08-05 19:19:31.568 32035 32095 I art     : Starting a blocking GC Explicit
08-05 19:19:31.602 32035 32095 I art     : Explicit concurrent mark sweep GC freed 4842(341KB) AllocSpace objects, 7(132KB) LOS objects, 29% free, 38MB/54MB, paused 708us total 34.339ms
08-05 19:19:31.618 32035 32095 I art     : Starting a blocking GC Explicit
08-05 19:19:31.652 32035 32095 I art     : Explicit concurrent mark sweep GC freed 147(2496B) AllocSpace objects, 0(0B) LOS objects, 29% free, 38MB/54MB, paused 711us total 33.638ms
08-05 19:19:31.668 32035 32095 I art     : Starting a blocking GC Explicit
08-05 19:19:31.702 32035 32095 I art     : Explicit concurrent mark sweep GC freed 147(2496B) AllocSpace objects, 0(0B) LOS objects, 29% free, 38MB/54MB, paused 709us total 33.516ms
08-05 19:19:31.718 32035 32095 I art     : Starting a blocking GC Explicit
08-05 19:19:31.753 32035 32095 I art     : Explicit concurrent mark sweep GC freed 147(2496B) AllocSpace objects, 0(0B) LOS objects, 29% free, 38MB/54MB, paused 706us total 34.111ms
08-05 19:19:31.846 13866 13882 I PeriodicStatsRunner: PeriodicStatsRunner.call():175 call()
08-05 19:19:31.846 13866 13882 I PeriodicStatsRunner: PeriodicStatsRunner.call():179 No submit PeriodicStats since input started.
08-05 19:19:32.133 32035 32047 I art     : Starting a blocking GC Explicit
08-05 19:19:32.169 32035 32047 I art     : Explicit concurrent mark sweep GC freed 2628(102KB) AllocSpace objects, 2(40KB) LOS objects, 29% free, 38MB/54MB, paused 713us total 35.936ms
08-05 19:19:32.188 32035 32047 I art     : Starting a blocking GC Explicit
08-05 19:19:32.222 32035 32047 I art     : Explicit concurrent mark sweep GC freed 178(3KB) AllocSpace objects, 0(0B) LOS objects, 29% free, 38MB/54MB, paused 894us total 34.100ms
08-05 19:19:32.238 32035 32047 I art     : Starting a blocking GC Explicit
08-05 19:19:32.272 32035 32047 I art     : Explicit concurrent mark sweep GC freed 144(2448B) AllocSpace objects, 0(0B) LOS objects, 29% free, 38MB/54MB, paused 903us total 33.874ms
08-05 19:19:32.288 32035 32047 I art     : Starting a blocking GC Explicit
08-05 19:19:32.321 32035 32047 I art     : Explicit concurrent mark sweep GC freed 137(2336B) AllocSpace objects, 0(0B) LOS objects, 29% free, 38MB/54MB, paused 740us total 32.751ms
08-05 19:19:32.337 32035 32047 I art     : Starting a blocking GC Explicit
08-05 19:19:32.370 32035 32047 I art     : Explicit concurrent mark sweep GC freed 148(2528B) AllocSpace objects, 0(0B) LOS objects, 29% free, 38MB/54MB, paused 716us total 32.901ms
08-05 19:19:32.731 32035 32096 I art     : Starting a blocking GC Explicit
08-05 19:19:32.769 32035 32096 I art     : Explicit concurrent mark sweep GC freed 2580(101KB) AllocSpace objects, 2(40KB) LOS objects, 29% free, 38MB/54MB, paused 769us total 37.766ms
08-05 19:19:32.786 32035 32096 I art     : Starting a blocking GC Explicit
08-05 19:19:32.820 32035 32096 I art     : Explicit concurrent mark sweep GC freed 166(3KB) AllocSpace objects, 0(0B) LOS objects, 29% free, 38MB/54MB, paused 786us total 34.508ms
08-05 19:19:32.829   567   567 D AndroidRuntime: >>>>>> START com.android.internal.os.RuntimeInit uid 2000 <<<<<<
08-05 19:19:32.835   567   567 D AndroidRuntime: CheckJNI is OFF
08-05 19:19:32.837 32035 32096 I art     : Starting a blocking GC Explicit
08-05 19:19:32.871 32035 32096 I art     : Explicit concurrent mark sweep GC freed 147(2496B) AllocSpace objects, 0(0B) LOS objects, 29% free, 38MB/54MB, paused 711us total 34.539ms
08-05 19:19:32.881   567   567 D ICU     : No timezone override file found: /data/misc/zoneinfo/current/icu/icu_tzdata.dat
08-05 19:19:32.888 32035 32096 I art     : Starting a blocking GC Explicit
08-05 19:19:32.922 32035 32096 I art     : Explicit concurrent mark sweep GC freed 147(2496B) AllocSpace objects, 0(0B) LOS objects, 29% free, 38MB/54MB, paused 762us total 34.508ms
08-05 19:19:32.926   567   567 I Radio-JNI: register_android_hardware_Radio DONE
08-05 19:19:32.939 32035 32096 I art     : Starting a blocking GC Explicit
08-05 19:19:32.957   567   567 D AndroidRuntime: Calling main entry com.android.commands.input.Input
08-05 19:19:32.959   567   567 I Input   : injectKeyEvent: KeyEvent { action=ACTION_DOWN, keyCode=KEYCODE_BACK, scanCode=0, metaState=0, flags=0x0, repeatCount=0, eventTime=818389371, downTime=818389371, deviceId=-1, source=0x101 }
08-05 19:19:32.964   567   567 I Input   : injectKeyEvent: KeyEvent { action=ACTION_UP, keyCode=KEYCODE_BACK, scanCode=0, metaState=0, flags=0x0, repeatCount=0, eventTime=818389371, downTime=818389371, deviceId=-1, source=0x101 }
08-05 19:19:32.970   567   567 D AndroidRuntime: Shutting down VM
08-05 19:19:32.973 32035 32096 I art     : Explicit concurrent mark sweep GC freed 150(2640B) AllocSpace objects, 0(0B) LOS objects, 29% free, 38MB/54MB, paused 789us total 33.915ms
08-05 19:19:32.990 32035 32035 V MainActivity: url = https://project-travel-mate.herokuapp.com/api/number-of-unread-notifications
08-05 19:19:33.020 13866 13866 I GoogleInputMethodServic: GoogleInputMethodService.onFinishInput():3138 
08-05 19:19:33.020 13866 13866 I GoogleInputMethodServic: GoogleInputMethodService.onStartInput():1808 
08-05 19:19:33.334 32035 32047 I art     : Starting a blocking GC Explicit
08-05 19:19:33.368 32035 32047 I art     : Explicit concurrent mark sweep GC freed 3102(127KB) AllocSpace objects, 2(40KB) LOS objects, 29% free, 38MB/54MB, paused 860us total 33.947ms
08-05 19:19:33.383 32035 32047 I art     : Starting a blocking GC Explicit
08-05 19:19:33.419 32035 32047 I art     : Explicit concurrent mark sweep GC freed 304(12KB) AllocSpace objects, 0(0B) LOS objects, 29% free, 38MB/54MB, paused 798us total 35.411ms
08-05 19:19:33.435 32035 32047 I art     : Starting a blocking GC Explicit
08-05 19:19:33.471 32035 32047 I art     : Explicit concurrent mark sweep GC freed 75(1296B) AllocSpace objects, 0(0B) LOS objects, 29% free, 38MB/54MB, paused 813us total 35.774ms
08-05 19:19:33.488 32035 32047 I art     : Starting a blocking GC Explicit
08-05 19:19:33.525 32035 32047 I art     : Explicit concurrent mark sweep GC freed 98(1664B) AllocSpace objects, 0(0B) LOS objects, 29% free, 38MB/54MB, paused 885us total 36.841ms
08-05 19:19:33.541 32035 32047 I art     : Starting a blocking GC Explicit
08-05 19:19:33.579 32035 32047 I art     : Explicit concurrent mark sweep GC freed 76(1328B) AllocSpace objects, 0(0B) LOS objects, 29% free, 38MB/54MB, paused 817us total 36.984ms
08-05 19:19:33.843 32035   658 I NAPPA_EXPERIMENTATION: MetricNetworkRequestExecutionTime: REQUEST_DURATION_SYSTEM='852',REQUEST_DURATION_OKHTTP='41',REQUEST_SYNCHRONOUS='FALSE',RESPONSE_CODE='200',RESPONSE_METHOD='GET',RESPONSE_LENGTH_OKHTTP='36',RESPONSE_LENGTH_HEADER='36',REQUEST_PROTOCOL='http/1.1',REQUEST_URL='https://project-travel-mate.herokuapp.com/api/number-of-unread-notifications',
08-05 19:19:33.948 32035 32046 I art     : Starting a blocking GC Explicit
08-05 19:19:33.986 32035 32046 I art     : Explicit concurrent mark sweep GC freed 4804(240KB) AllocSpace objects, 5(240KB) LOS objects, 29% free, 39MB/55MB, paused 804us total 38.187ms
08-05 19:19:34.002 32035 32046 I art     : Starting a blocking GC Explicit
08-05 19:19:34.039 32035 32046 I art     : Explicit concurrent mark sweep GC freed 1028(118KB) AllocSpace objects, 0(0B) LOS objects, 29% free, 39MB/55MB, paused 922us total 36.339ms
08-05 19:19:34.055 32035 32046 I art     : Starting a blocking GC Explicit
08-05 19:19:34.091 32035 32046 I art     : Explicit concurrent mark sweep GC freed 98(1664B) AllocSpace objects, 0(0B) LOS objects, 29% free, 39MB/55MB, paused 772us total 35.697ms
08-05 19:19:34.108 32035 32046 I art     : Starting a blocking GC Explicit
08-05 19:19:34.144 32035 32046 I art     : Explicit concurrent mark sweep GC freed 76(1328B) AllocSpace objects, 0(0B) LOS objects, 29% free, 39MB/55MB, paused 784us total 36.119ms
08-05 19:19:34.161 32035 32046 I art     : Starting a blocking GC Explicit
08-05 19:19:34.197 32035 32046 I art     : Explicit concurrent mark sweep GC freed 75(1296B) AllocSpace objects, 0(0B) LOS objects, 29% free, 39MB/55MB, paused 709us total 35.367ms
08-05 19:19:34.558 32035 32625 I art     : Starting a blocking GC Explicit
08-05 19:19:34.622 32035 32625 I art     : Explicit concurrent mark sweep GC freed 2027(92KB) AllocSpace objects, 2(40KB) LOS objects, 29% free, 39MB/55MB, paused 1.276ms total 62.655ms
08-05 19:19:34.645 32035 32625 I art     : Starting a blocking GC Explicit
08-05 19:19:34.678 32035 32625 I art     : Explicit concurrent mark sweep GC freed 127(2672B) AllocSpace objects, 0(0B) LOS objects, 29% free, 39MB/55MB, paused 759us total 31.885ms
08-05 19:19:34.694 32035 32625 I art     : Starting a blocking GC Explicit
08-05 19:19:34.719   683   683 D AndroidRuntime: >>>>>> START com.android.internal.os.RuntimeInit uid 2000 <<<<<<
08-05 19:19:34.725   683   683 D AndroidRuntime: CheckJNI is OFF
08-05 19:19:34.729 32035 32625 I art     : Explicit concurrent mark sweep GC freed 81(1488B) AllocSpace objects, 0(0B) LOS objects, 29% free, 39MB/55MB, paused 769us total 34.482ms
08-05 19:19:34.745 32035 32625 I art     : Starting a blocking GC Explicit
08-05 19:19:34.769   683   683 D ICU     : No timezone override file found: /data/misc/zoneinfo/current/icu/icu_tzdata.dat
08-05 19:19:34.780 32035 32625 I art     : Explicit concurrent mark sweep GC freed 81(1488B) AllocSpace objects, 0(0B) LOS objects, 29% free, 39MB/55MB, paused 871us total 34.259ms
08-05 19:19:34.797 32035 32625 I art     : Starting a blocking GC Explicit
08-05 19:19:34.811   683   683 I Radio-JNI: register_android_hardware_Radio DONE
08-05 19:19:34.831 32035 32625 I art     : Explicit concurrent mark sweep GC freed 80(1456B) AllocSpace objects, 0(0B) LOS objects, 29% free, 39MB/55MB, paused 998us total 33.686ms
08-05 19:19:34.841   683   683 D AndroidRuntime: Calling main entry com.android.commands.input.Input
08-05 19:19:34.843   683   683 I Input   : injectMotionEvent: MotionEvent { action=ACTION_DOWN, actionButton=0, id[0]=0, x[0]=346.0, y[0]=709.0, toolType[0]=TOOL_TYPE_UNKNOWN, buttonState=0, metaState=0, flags=0x0, edgeFlags=0x0, pointerCount=1, historySize=0, eventTime=818391255, downTime=818391255, deviceId=0, source=0x1002 }
08-05 19:19:34.850   683   683 I Input   : injectMotionEvent: MotionEvent { action=ACTION_UP, actionButton=0, id[0]=0, x[0]=346.0, y[0]=709.0, toolType[0]=TOOL_TYPE_UNKNOWN, buttonState=0, metaState=0, flags=0x0, edgeFlags=0x0, pointerCount=1, historySize=0, eventTime=818391255, downTime=818391255, deviceId=0, source=0x1002 }
08-05 19:19:34.859   918  5952 I ActivityManager: START u0 {cmp=baseline.io.github.project_travel_mate/.destinations.description.FinalCityInfoActivity (has extras)} from uid 10674 on display 0
08-05 19:19:34.869   683   683 D AndroidRuntime: Shutting down VM
08-05 19:19:34.892 32035 32116 D Gabe    : call	returning from cache
08-05 19:19:34.917 32035 32035 V EXECUTING: https://project-travel-mate.herokuapp.com/api/get-city-weather/1
08-05 19:19:35.071 13866 13866 I GoogleInputMethodServic: GoogleInputMethodService.onFinishInput():3138 
08-05 19:19:35.072 13866 13866 I GoogleInputMethodServic: GoogleInputMethodService.onStartInput():1808 
08-05 19:19:35.073   918   936 I ActivityManager: Displayed baseline.io.github.project_travel_mate/.destinations.description.FinalCityInfoActivity: +199ms
08-05 19:19:35.187 32035 32047 I art     : Starting a blocking GC Explicit
08-05 19:19:35.223 32035 32047 I art     : Explicit concurrent mark sweep GC freed 7345(454KB) AllocSpace objects, 2(40KB) LOS objects, 26% free, 43MB/59MB, paused 847us total 35.165ms
08-05 19:19:35.240 32035 32047 I art     : Starting a blocking GC Explicit
08-05 19:19:35.282 32035 32047 I art     : Explicit concurrent mark sweep GC freed 641(23KB) AllocSpace objects, 0(0B) LOS objects, 26% free, 43MB/59MB, paused 981us total 42.016ms
08-05 19:19:35.303 32035 32047 I art     : Starting a blocking GC Explicit
08-05 19:19:35.325   380   380 W SurfaceFlinger: couldn't log to binary event log: overflow.
08-05 19:19:35.351 32035 32047 I art     : Explicit concurrent mark sweep GC freed 196(3KB) AllocSpace objects, 0(0B) LOS objects, 26% free, 43MB/59MB, paused 837us total 47.782ms
08-05 19:19:35.367 32035 32047 I art     : Starting a blocking GC Explicit
08-05 19:19:35.401 32035 32047 I art     : Explicit concurrent mark sweep GC freed 147(2496B) AllocSpace objects, 0(0B) LOS objects, 26% free, 43MB/59MB, paused 810us total 33.498ms
08-05 19:19:35.417 32035 32047 I art     : Starting a blocking GC Explicit
08-05 19:19:35.454 32035 32047 I art     : Explicit concurrent mark sweep GC freed 4806(244KB) AllocSpace objects, 2(120KB) LOS objects, 26% free, 43MB/59MB, paused 936us total 36.908ms
08-05 19:19:35.496 32035   708 I NAPPA_EXPERIMENTATION: MetricNetworkRequestExecutionTime: REQUEST_DURATION_SYSTEM='579',REQUEST_DURATION_OKHTTP='49',REQUEST_SYNCHRONOUS='FALSE',RESPONSE_CODE='200',RESPONSE_METHOD='GET',RESPONSE_LENGTH_OKHTTP='238',RESPONSE_LENGTH_HEADER='238',REQUEST_PROTOCOL='http/1.1',REQUEST_URL='https://project-travel-mate.herokuapp.com/api/get-city-weather/1',
08-05 19:19:35.517 32035   709 I NAPPA_EXPERIMENTATION: MetricNetworkRequestExecutionTime: REQUEST_DURATION_SYSTEM='599',REQUEST_DURATION_OKHTTP='69',REQUEST_SYNCHRONOUS='FALSE',RESPONSE_CODE='200',RESPONSE_METHOD='GET',RESPONSE_LENGTH_OKHTTP='530',RESPONSE_LENGTH_HEADER='530',REQUEST_PROTOCOL='http/1.1',REQUEST_URL='https://project-travel-mate.herokuapp.com/api/get-city/1',
08-05 19:19:35.559 32035   709 V Response: {"id":1,"city_name":"Delhi","description":"Delhi, officially the National Capital Territory of Delhi, is the Capital territory of India. During the British Raj, Delhi was part of the province of Punjab and is still historically and culturally connected to the Punjab region.","latitude":"28.613900","longitude":"77.209000","facts_count":6,"images":["https://upload.wikimedia.org/wikipedia/commons/9/94/%E0%B4%96%E0%B5%81%E0%B4%A4%E0%B5%8D%E0%B4%AC%E0%B5%8D_%E0%B4%AE%E0%B4%BF%E0%B4%A8%E0%B4%BE%E0%B5%BC1.jpg"],"has_visited":false}
08-05 19:19:35.801 32035 32096 I art     : Starting a blocking GC Explicit
08-05 19:19:35.847 32035 32096 I art     : Explicit concurrent mark sweep GC freed 5406(347KB) AllocSpace objects, 4(4MB) LOS objects, 28% free, 39MB/55MB, paused 1.053ms total 44.827ms
08-05 19:19:35.866 32035 32096 I art     : Starting a blocking GC Explicit
08-05 19:19:35.903 32035 32096 I art     : Explicit concurrent mark sweep GC freed 244(6KB) AllocSpace objects, 0(0B) LOS objects, 28% free, 39MB/55MB, paused 816us total 36.199ms
08-05 19:19:35.919 32035 32096 I art     : Starting a blocking GC Explicit
08-05 19:19:35.957 32035 32096 I art     : Explicit concurrent mark sweep GC freed 147(2496B) AllocSpace objects, 0(0B) LOS objects, 28% free, 39MB/55MB, paused 891us total 37.844ms
08-05 19:19:35.974 32035 32096 I art     : Starting a blocking GC Explicit
08-05 19:19:36.011 32035 32096 I art     : Explicit concurrent mark sweep GC freed 193(3KB) AllocSpace objects, 0(0B) LOS objects, 28% free, 39MB/55MB, paused 905us total 37.594ms
08-05 19:19:36.028 32035 32096 I art     : Starting a blocking GC Explicit
08-05 19:19:36.067 32035 32096 I art     : Explicit concurrent mark sweep GC freed 161(3KB) AllocSpace objects, 0(0B) LOS objects, 28% free, 39MB/55MB, paused 818us total 38.282ms
08-05 19:19:36.105 13866 13882 I PeriodicStatsRunner: PeriodicStatsRunner.call():175 call()
08-05 19:19:36.105 13866 13882 I PeriodicStatsRunner: PeriodicStatsRunner.call():179 No submit PeriodicStats since input started.
08-05 19:19:36.442 32035 32625 I art     : Starting a blocking GC Explicit
08-05 19:19:36.483 32035 32625 I art     : Explicit concurrent mark sweep GC freed 2660(104KB) AllocSpace objects, 2(40KB) LOS objects, 28% free, 39MB/55MB, paused 810us total 39.513ms
08-05 19:19:36.499 32035 32625 I art     : Starting a blocking GC Explicit
08-05 19:19:36.540 32035 32625 I art     : Explicit concurrent mark sweep GC freed 176(3KB) AllocSpace objects, 0(0B) LOS objects, 28% free, 39MB/55MB, paused 824us total 40.930ms
08-05 19:19:36.557 32035 32625 I art     : Starting a blocking GC Explicit
08-05 19:19:36.597 32035 32625 I art     : Explicit concurrent mark sweep GC freed 195(3KB) AllocSpace objects, 0(0B) LOS objects, 28% free, 39MB/55MB, paused 938us total 39.985ms
08-05 19:19:36.614 32035 32625 I art     : Starting a blocking GC Explicit
08-05 19:19:36.655 32035 32625 I art     : Explicit concurrent mark sweep GC freed 147(2496B) AllocSpace objects, 0(0B) LOS objects, 28% free, 39MB/55MB, paused 798us total 40.863ms
08-05 19:19:36.672 32035 32625 I art     : Starting a blocking GC Explicit
08-05 19:19:36.713 32035 32625 I art     : Explicit concurrent mark sweep GC freed 194(3KB) AllocSpace objects, 0(0B) LOS objects, 28% free, 39MB/55MB, paused 878us total 40.671ms
08-05 19:19:36.844   518   646 I ThermalEngine: ACTION: GPU - Setting GPU[0] to 390000000
08-05 19:19:37.122 32035 32047 I art     : Starting a blocking GC Explicit
08-05 19:19:37.171 32035 32047 I art     : Explicit concurrent mark sweep GC freed 2724(104KB) AllocSpace objects, 2(40KB) LOS objects, 28% free, 39MB/55MB, paused 1.241ms total 48.746ms
08-05 19:19:37.196 32035 32047 I art     : Starting a blocking GC Explicit
08-05 19:19:37.241 32035 32047 I art     : Explicit concurrent mark sweep GC freed 214(3KB) AllocSpace objects, 0(0B) LOS objects, 28% free, 39MB/55MB, paused 1.175ms total 44.819ms
08-05 19:19:37.262 32035 32047 I art     : Starting a blocking GC Explicit
08-05 19:19:37.308 32035 32047 I art     : Explicit concurrent mark sweep GC freed 195(3KB) AllocSpace objects, 0(0B) LOS objects, 28% free, 39MB/55MB, paused 1.299ms total 46.057ms
08-05 19:19:37.329 32035 32047 I art     : Starting a blocking GC Explicit
08-05 19:19:37.375 32035 32047 I art     : Explicit concurrent mark sweep GC freed 195(3KB) AllocSpace objects, 0(0B) LOS objects, 28% free, 39MB/55MB, paused 1.174ms total 45.644ms
08-05 19:19:37.397 32035 32047 I art     : Starting a blocking GC Explicit
08-05 19:19:37.445 32035 32047 I art     : Explicit concurrent mark sweep GC freed 203(3KB) AllocSpace objects, 0(0B) LOS objects, 28% free, 39MB/55MB, paused 1.499ms total 47.395ms
08-05 19:19:37.865 32035 32095 I art     : Starting a blocking GC Explicit
08-05 19:19:37.914 32035 32095 I art     : Explicit concurrent mark sweep GC freed 2792(105KB) AllocSpace objects, 2(40KB) LOS objects, 28% free, 39MB/55MB, paused 1.482ms total 47.849ms
08-05 19:19:37.935 32035 32095 I art     : Starting a blocking GC Explicit
08-05 19:19:37.984 32035 32095 I art     : Explicit concurrent mark sweep GC freed 233(4KB) AllocSpace objects, 0(0B) LOS objects, 28% free, 39MB/55MB, paused 1.377ms total 48.150ms
08-05 19:19:38.006 32035 32095 I art     : Starting a blocking GC Explicit
08-05 19:19:38.020 13866 13882 I PeriodicStatsRunner: PeriodicStatsRunner.call():175 call()
08-05 19:19:38.020 13866 13882 I PeriodicStatsRunner: PeriodicStatsRunner.call():179 No submit PeriodicStats since input started.
08-05 19:19:38.055 32035 32095 I art     : Explicit concurrent mark sweep GC freed 197(3KB) AllocSpace objects, 0(0B) LOS objects, 28% free, 39MB/55MB, paused 1.166ms total 48.666ms
08-05 19:19:38.079 32035 32095 I art     : Starting a blocking GC Explicit
08-05 19:19:38.127 32035 32095 I art     : Explicit concurrent mark sweep GC freed 195(3KB) AllocSpace objects, 0(0B) LOS objects, 28% free, 39MB/55MB, paused 1.151ms total 47.273ms
08-05 19:19:38.149 32035 32095 I art     : Starting a blocking GC Explicit
08-05 19:19:38.197 32035 32095 I art     : Explicit concurrent mark sweep GC freed 219(3KB) AllocSpace objects, 0(0B) LOS objects, 28% free, 39MB/55MB, paused 1.656ms total 48.146ms
08-05 19:19:38.621 32035 32096 I art     : Starting a blocking GC Explicit
08-05 19:19:38.671 32035 32096 I art     : Explicit concurrent mark sweep GC freed 2795(105KB) AllocSpace objects, 2(40KB) LOS objects, 28% free, 39MB/55MB, paused 1.292ms total 49.752ms
08-05 19:19:38.694 32035 32096 I art     : Starting a blocking GC Explicit
08-05 19:19:38.742 32035 32096 I art     : Explicit concurrent mark sweep GC freed 213(3KB) AllocSpace objects, 0(0B) LOS objects, 28% free, 39MB/55MB, paused 1.268ms total 48.466ms
08-05 19:19:38.764 32035 32096 I art     : Starting a blocking GC Explicit
08-05 19:19:38.813 32035 32096 I art     : Explicit concurrent mark sweep GC freed 206(3KB) AllocSpace objects, 0(0B) LOS objects, 28% free, 39MB/55MB, paused 1.551ms total 48.668ms
08-05 19:19:38.836 32035 32096 I art     : Starting a blocking GC Explicit
08-05 19:19:38.843   518   646 I ThermalEngine: ACTION: GPU - Setting GPU[0] to 450000000
08-05 19:19:38.882 32035 32096 I art     : Explicit concurrent mark sweep GC freed 232(3KB) AllocSpace objects, 0(0B) LOS objects, 28% free, 39MB/55MB, paused 782us total 45.428ms
08-05 19:19:38.898 32035 32096 I art     : Starting a blocking GC Explicit
08-05 19:19:38.938 32035 32096 I art     : Explicit concurrent mark sweep GC freed 148(2528B) AllocSpace objects, 0(0B) LOS objects, 28% free, 39MB/55MB, paused 892us total 39.182ms
08-05 19:19:39.319 32035 32625 I art     : Starting a blocking GC Explicit
08-05 19:19:39.360 32035 32625 I art     : Explicit concurrent mark sweep GC freed 2660(104KB) AllocSpace objects, 2(40KB) LOS objects, 28% free, 39MB/55MB, paused 853us total 40.773ms
08-05 19:19:39.377 32035 32625 I art     : Starting a blocking GC Explicit
08-05 19:19:39.418 32035 32625 I art     : Explicit concurrent mark sweep GC freed 213(4KB) AllocSpace objects, 0(0B) LOS objects, 28% free, 39MB/55MB, paused 1.077ms total 40.433ms
08-05 19:19:39.434 32035 32625 I art     : Starting a blocking GC Explicit
08-05 19:19:39.474 32035 32625 I art     : Explicit concurrent mark sweep GC freed 166(2832B) AllocSpace objects, 0(0B) LOS objects, 28% free, 39MB/55MB, paused 826us total 39.124ms
08-05 19:19:39.491 32035 32625 I art     : Starting a blocking GC Explicit
08-05 19:19:39.531 32035 32625 I art     : Explicit concurrent mark sweep GC freed 164(2768B) AllocSpace objects, 0(0B) LOS objects, 28% free, 39MB/55MB, paused 923us total 40.080ms
08-05 19:19:39.548 32035 32625 I art     : Starting a blocking GC Explicit
08-05 19:19:39.588 32035 32625 I art     : Explicit concurrent mark sweep GC freed 177(2992B) AllocSpace objects, 0(0B) LOS objects, 28% free, 39MB/55MB, paused 940us total 40.379ms
08-05 19:19:39.654   790   790 D AndroidRuntime: >>>>>> START com.android.internal.os.RuntimeInit uid 2000 <<<<<<
08-05 19:19:39.660   790   790 D AndroidRuntime: CheckJNI is OFF
08-05 19:19:39.704   790   790 D ICU     : No timezone override file found: /data/misc/zoneinfo/current/icu/icu_tzdata.dat
08-05 19:19:39.750   790   790 I Radio-JNI: register_android_hardware_Radio DONE
08-05 19:19:39.779   790   790 D AndroidRuntime: Calling main entry com.android.commands.input.Input
08-05 19:19:39.781   790   790 I Input   : injectMotionEvent: MotionEvent { action=ACTION_DOWN, actionButton=0, id[0]=0, x[0]=693.0, y[0]=1450.0, toolType[0]=TOOL_TYPE_UNKNOWN, buttonState=0, metaState=0, flags=0x0, edgeFlags=0x0, pointerCount=1, historySize=0, eventTime=818396193, downTime=818396193, deviceId=0, source=0x1002 }
08-05 19:19:39.788   790   790 I Input   : injectMotionEvent: MotionEvent { action=ACTION_UP, actionButton=0, id[0]=0, x[0]=693.0, y[0]=1450.0, toolType[0]=TOOL_TYPE_UNKNOWN, buttonState=0, metaState=0, flags=0x0, edgeFlags=0x0, pointerCount=1, historySize=0, eventTime=818396193, downTime=818396193, deviceId=0, source=0x1002 }
08-05 19:19:39.789   790   790 D AndroidRuntime: Shutting down VM
08-05 19:19:39.790   918  3670 I ActivityManager: START u0 {cmp=baseline.io.github.project_travel_mate/.destinations.description.CityHistoryActivity} from uid 10674 on display 0
08-05 19:19:39.791   512  2967 D audio_hw_primary: out_set_parameters: enter: usecase(1: low-latency-playback) kvpairs: routing=2
08-05 19:19:39.805   512  2967 D audio_hw_primary: select_devices: out_snd_device(2: speaker) in_snd_device(0: none)
08-05 19:19:39.805   512  2967 D msm8974_platform: platform_send_audio_calibration: sending audio calibration for snd_device(2) acdb_id(15)
08-05 19:19:39.805   512  2967 I soundtrigger: audio_extn_sound_trigger_update_device_status: device 0x2 of type 0 for Event 1
08-05 19:19:39.815   512  2967 D audio_hw_primary: enable_snd_device: snd_device(2: speaker)
08-05 19:19:39.818   512  2967 D audio_hw_primary: enable_audio_route: apply and update mixer path: low-latency-playback speaker
08-05 19:19:39.821 32035 32116 D Gabe    : call	returning from cache
08-05 19:19:39.823 32035 32035 V EXECUTING: https://project-travel-mate.herokuapp.com/api/get-city-information/1
08-05 19:19:39.975 32035 32096 I art     : Starting a blocking GC Explicit
08-05 19:19:39.979 13866 13866 I GoogleInputMethodServic: GoogleInputMethodService.onFinishInput():3138 
08-05 19:19:39.980 13866 13866 I GoogleInputMethodServic: GoogleInputMethodService.onStartInput():1808 
08-05 19:19:39.987   918   936 I ActivityManager: Displayed baseline.io.github.project_travel_mate/.destinations.description.CityHistoryActivity: +184ms
08-05 19:19:40.013 32035 32096 I art     : Explicit concurrent mark sweep GC freed 3325(158KB) AllocSpace objects, 2(40KB) LOS objects, 26% free, 44MB/60MB, paused 1.154ms total 37.757ms
08-05 19:19:40.031 32035 32096 I art     : Starting a blocking GC Explicit
08-05 19:19:40.071 32035 32096 I art     : Explicit concurrent mark sweep GC freed 306(11KB) AllocSpace objects, 0(0B) LOS objects, 26% free, 44MB/60MB, paused 1.037ms total 39.668ms
08-05 19:19:40.072 13866 13882 I PeriodicStatsRunner: PeriodicStatsRunner.call():175 call()
08-05 19:19:40.072 13866 13882 I PeriodicStatsRunner: PeriodicStatsRunner.call():179 No submit PeriodicStats since input started.
08-05 19:19:40.090 32035 32096 I art     : Starting a blocking GC Explicit
08-05 19:19:40.129 32035 32096 I art     : Explicit concurrent mark sweep GC freed 59(1056B) AllocSpace objects, 0(0B) LOS objects, 26% free, 44MB/60MB, paused 1.176ms total 38.914ms
08-05 19:19:40.147 32035 32096 I art     : Starting a blocking GC Explicit
08-05 19:19:40.184 32035 32096 I art     : Explicit concurrent mark sweep GC freed 226(3KB) AllocSpace objects, 0(0B) LOS objects, 26% free, 44MB/60MB, paused 801us total 36.638ms
08-05 19:19:40.200 32035 32096 I art     : Starting a blocking GC Explicit
08-05 19:19:40.238 32035 32096 I art     : Explicit concurrent mark sweep GC freed 219(3KB) AllocSpace objects, 0(0B) LOS objects, 26% free, 44MB/60MB, paused 842us total 38.081ms
08-05 19:19:40.245   380   380 W SurfaceFlinger: couldn't log to binary event log: overflow.
08-05 19:19:40.360   512  2967 D audio_hw_primary: disable_audio_route: reset and update mixer path: low-latency-playback speaker
08-05 19:19:40.362   512  2967 D audio_hw_primary: disable_snd_device: snd_device(2: speaker)
08-05 19:19:40.378   512  2967 I soundtrigger: audio_extn_sound_trigger_update_device_status: device 0x2 of type 0 for Event 0
08-05 19:19:40.599 32035 32046 I art     : Starting a blocking GC Explicit
08-05 19:19:40.637 32035 32046 I art     : Explicit concurrent mark sweep GC freed 3227(160KB) AllocSpace objects, 4(160KB) LOS objects, 26% free, 44MB/60MB, paused 1.300ms total 37.883ms
08-05 19:19:40.654 32035 32046 I art     : Starting a blocking GC Explicit
08-05 19:19:40.693 32035 32046 I art     : Explicit concurrent mark sweep GC freed 2269(105KB) AllocSpace objects, 1(80KB) LOS objects, 26% free, 44MB/60MB, paused 1.163ms total 38.552ms
08-05 19:19:40.698 32035   822 I NAPPA_EXPERIMENTATION: MetricNetworkRequestExecutionTime: REQUEST_DURATION_SYSTEM='874',REQUEST_DURATION_OKHTTP='38',REQUEST_SYNCHRONOUS='FALSE',RESPONSE_CODE='200',RESPONSE_METHOD='GET',RESPONSE_LENGTH_OKHTTP='55024',RESPONSE_LENGTH_HEADER='55024',REQUEST_PROTOCOL='http/1.1',REQUEST_URL='https://project-travel-mate.herokuapp.com/api/get-city-information/1',
08-05 19:19:40.710 32035 32046 I art     : Starting a blocking GC Explicit
08-05 19:19:40.748 32035 32046 I art     : Explicit concurrent mark sweep GC freed 862(100KB) AllocSpace objects, 3(272KB) LOS objects, 26% free, 44MB/60MB, paused 1.084ms total 37.671ms
08-05 19:19:40.764 32035 32046 I art     : Starting a blocking GC Explicit
08-05 19:19:40.802 32035 32046 I art     : Explicit concurrent mark sweep GC freed 222(6KB) AllocSpace objects, 0(0B) LOS objects, 26% free, 44MB/60MB, paused 985us total 36.906ms
08-05 19:19:40.818 32035 32046 I art     : Starting a blocking GC Explicit
08-05 19:19:40.856 32035 32046 I art     : Explicit concurrent mark sweep GC freed 460(562KB) AllocSpace objects, 6(216KB) LOS objects, 26% free, 44MB/60MB, paused 939us total 37.141ms
08-05 19:19:40.886 13866 13866 I GoogleInputMethodServic: GoogleInputMethodService.onFinishInput():3138 
08-05 19:19:40.886 13866 13866 I GoogleInputMethodServic: GoogleInputMethodService.onStartInput():1808 
08-05 19:19:41.228 32035 32625 I art     : Starting a blocking GC Explicit
08-05 19:19:41.276 32035 32625 I art     : Explicit concurrent mark sweep GC freed 4050(759KB) AllocSpace objects, 13(4MB) LOS objects, 28% free, 40MB/56MB, paused 858us total 47.616ms
08-05 19:19:41.292 32035 32625 I art     : Starting a blocking GC Explicit
08-05 19:19:41.332 32035 32625 I art     : Explicit concurrent mark sweep GC freed 302(6KB) AllocSpace objects, 0(0B) LOS objects, 28% free, 40MB/56MB, paused 1.103ms total 39.467ms
08-05 19:19:41.348 32035 32625 I art     : Starting a blocking GC Explicit
08-05 19:19:41.389 32035 32625 I art     : Explicit concurrent mark sweep GC freed 270(4KB) AllocSpace objects, 0(0B) LOS objects, 28% free, 40MB/56MB, paused 858us total 40.744ms
08-05 19:19:41.406 32035 32625 I art     : Starting a blocking GC Explicit
08-05 19:19:41.447 32035 32625 I art     : Explicit concurrent mark sweep GC freed 219(3KB) AllocSpace objects, 0(0B) LOS objects, 28% free, 40MB/56MB, paused 900us total 40.315ms
08-05 19:19:41.463 32035 32625 I art     : Starting a blocking GC Explicit
08-05 19:19:41.508 32035 32625 I art     : Explicit concurrent mark sweep GC freed 297(4KB) AllocSpace objects, 0(0B) LOS objects, 28% free, 40MB/56MB, paused 1.045ms total 43.874ms
08-05 19:19:41.919 32035 32095 I art     : Starting a blocking GC Explicit
08-05 19:19:41.967 32035 32095 I art     : Explicit concurrent mark sweep GC freed 3414(115KB) AllocSpace objects, 2(40KB) LOS objects, 28% free, 40MB/56MB, paused 1.148ms total 46.649ms
08-05 19:19:41.984 32035 32095 I art     : Starting a blocking GC Explicit
08-05 19:19:42.029 32035 32095 I art     : Explicit concurrent mark sweep GC freed 297(5KB) AllocSpace objects, 0(0B) LOS objects, 28% free, 40MB/56MB, paused 864us total 45.369ms
08-05 19:19:42.047 32035 32095 I art     : Starting a blocking GC Explicit
08-05 19:19:42.092 32035 32095 I art     : Explicit concurrent mark sweep GC freed 302(5KB) AllocSpace objects, 0(0B) LOS objects, 28% free, 40MB/56MB, paused 951us total 44.793ms
08-05 19:19:42.109 32035 32095 I art     : Starting a blocking GC Explicit
08-05 19:19:42.155 32035 32095 I art     : Explicit concurrent mark sweep GC freed 302(5KB) AllocSpace objects, 0(0B) LOS objects, 28% free, 40MB/56MB, paused 853us total 45.563ms
08-05 19:19:42.172 32035 32095 I art     : Starting a blocking GC Explicit
08-05 19:19:42.217 32035 32095 I art     : Explicit concurrent mark sweep GC freed 266(4KB) AllocSpace objects, 0(0B) LOS objects, 28% free, 40MB/56MB, paused 1.091ms total 44.328ms
08-05 19:19:42.637 32035 32047 I art     : Starting a blocking GC Explicit
08-05 19:19:42.684 32035 32047 I art     : Explicit concurrent mark sweep GC freed 3434(116KB) AllocSpace objects, 2(40KB) LOS objects, 28% free, 40MB/56MB, paused 1.071ms total 46.881ms
08-05 19:19:42.704 32035 32047 I art     : Starting a blocking GC Explicit
08-05 19:19:42.748 32035 32047 I art     : Explicit concurrent mark sweep GC freed 294(5KB) AllocSpace objects, 0(0B) LOS objects, 28% free, 40MB/56MB, paused 894us total 43.774ms
08-05 19:19:42.765 32035 32047 I art     : Starting a blocking GC Explicit
08-05 19:19:42.807 32035 32047 I art     : Explicit concurrent mark sweep GC freed 290(4KB) AllocSpace objects, 0(0B) LOS objects, 28% free, 40MB/56MB, paused 845us total 41.222ms
08-05 19:19:42.824 32035 32047 I art     : Starting a blocking GC Explicit
08-05 19:19:42.868 32035 32047 I art     : Explicit concurrent mark sweep GC freed 279(4KB) AllocSpace objects, 0(0B) LOS objects, 28% free, 40MB/56MB, paused 1.009ms total 44.374ms
08-05 19:19:42.886 32035 32047 I art     : Starting a blocking GC Explicit
08-05 19:19:42.929 32035 32047 I art     : Explicit concurrent mark sweep GC freed 232(3KB) AllocSpace objects, 0(0B) LOS objects, 28% free, 40MB/56MB, paused 888us total 42.926ms
08-05 19:19:43.331 32035 32625 I art     : Starting a blocking GC Explicit
08-05 19:19:43.380 32035 32625 I art     : Explicit concurrent mark sweep GC freed 3371(114KB) AllocSpace objects, 2(40KB) LOS objects, 28% free, 40MB/56MB, paused 974us total 48.204ms
08-05 19:19:43.401 32035 32625 I art     : Starting a blocking GC Explicit
08-05 19:19:43.444 32035 32625 I art     : Explicit concurrent mark sweep GC freed 311(5KB) AllocSpace objects, 0(0B) LOS objects, 28% free, 40MB/56MB, paused 833us total 42.722ms
08-05 19:19:43.461 32035 32625 I art     : Starting a blocking GC Explicit
08-05 19:19:43.505 32035 32625 I art     : Explicit concurrent mark sweep GC freed 291(4KB) AllocSpace objects, 0(0B) LOS objects, 28% free, 40MB/56MB, paused 891us total 43.792ms
08-05 19:19:43.523 32035 32625 I art     : Starting a blocking GC Explicit
08-05 19:19:43.566 32035 32625 I art     : Explicit concurrent mark sweep GC freed 219(3KB) AllocSpace objects, 0(0B) LOS objects, 28% free, 40MB/56MB, paused 926us total 42.814ms
08-05 19:19:43.583 32035 32625 I art     : Starting a blocking GC Explicit
08-05 19:19:43.629 32035 32625 I art     : Explicit concurrent mark sweep GC freed 290(4KB) AllocSpace objects, 0(0B) LOS objects, 28% free, 40MB/56MB, paused 957us total 45.147ms
08-05 19:19:44.031 32035 32096 I art     : Starting a blocking GC Explicit
08-05 19:19:44.074 32035 32096 I art     : Explicit concurrent mark sweep GC freed 3372(114KB) AllocSpace objects, 2(40KB) LOS objects, 28% free, 40MB/56MB, paused 834us total 42.413ms
08-05 19:19:44.090 32035 32096 I art     : Starting a blocking GC Explicit
08-05 19:19:44.130 32035 32096 I art     : Explicit concurrent mark sweep GC freed 238(4KB) AllocSpace objects, 0(0B) LOS objects, 28% free, 40MB/56MB, paused 855us total 39.066ms
08-05 19:19:44.146 32035 32096 I art     : Starting a blocking GC Explicit
08-05 19:19:44.189 32035 32096 I art     : Explicit concurrent mark sweep GC freed 292(4KB) AllocSpace objects, 0(0B) LOS objects, 28% free, 40MB/56MB, paused 1.010ms total 42.536ms
08-05 19:19:44.206 32035 32096 I art     : Starting a blocking GC Explicit
08-05 19:19:44.246 32035 32096 I art     : Explicit concurrent mark sweep GC freed 220(3KB) AllocSpace objects, 0(0B) LOS objects, 28% free, 40MB/56MB, paused 856us total 39.910ms
08-05 19:19:44.263 32035 32096 I art     : Starting a blocking GC Explicit
08-05 19:19:44.303 32035 32096 I art     : Explicit concurrent mark sweep GC freed 249(4KB) AllocSpace objects, 0(0B) LOS objects, 28% free, 40MB/56MB, paused 1.028ms total 39.781ms
08-05 19:19:44.585   911   911 D AndroidRuntime: >>>>>> START com.android.internal.os.RuntimeInit uid 2000 <<<<<<
08-05 19:19:44.592   911   911 D AndroidRuntime: CheckJNI is OFF
08-05 19:19:44.635   911   911 D ICU     : No timezone override file found: /data/misc/zoneinfo/current/icu/icu_tzdata.dat
08-05 19:19:44.681   911   911 I Radio-JNI: register_android_hardware_Radio DONE
08-05 19:19:44.696 32035 32046 I art     : Starting a blocking GC Explicit
08-05 19:19:44.712   911   911 D AndroidRuntime: Calling main entry com.android.commands.input.Input
08-05 19:19:44.713   911   911 I Input   : injectKeyEvent: KeyEvent { action=ACTION_DOWN, keyCode=KEYCODE_BACK, scanCode=0, metaState=0, flags=0x0, repeatCount=0, eventTime=818401126, downTime=818401126, deviceId=-1, source=0x101 }
08-05 19:19:44.722   911   911 I Input   : injectKeyEvent: KeyEvent { action=ACTION_UP, keyCode=KEYCODE_BACK, scanCode=0, metaState=0, flags=0x0, repeatCount=0, eventTime=818401126, downTime=818401126, deviceId=-1, source=0x101 }
08-05 19:19:44.729   911   911 D AndroidRuntime: Shutting down VM
08-05 19:19:44.739 32035 32046 I art     : Explicit concurrent mark sweep GC freed 3326(115KB) AllocSpace objects, 2(40KB) LOS objects, 28% free, 40MB/56MB, paused 1.060ms total 41.956ms
08-05 19:19:44.757 32035 32046 I art     : Starting a blocking GC Explicit
08-05 19:19:44.769 13866 13866 I GoogleInputMethodServic: GoogleInputMethodService.onFinishInput():3138 
08-05 19:19:44.769 13866 13866 I GoogleInputMethodServic: GoogleInputMethodService.onStartInput():1808 
08-05 19:19:44.794 32035 32046 I art     : Explicit concurrent mark sweep GC freed 281(6KB) AllocSpace objects, 0(0B) LOS objects, 28% free, 40MB/56MB, paused 818us total 36.716ms
08-05 19:19:44.812 32035 32046 I art     : Starting a blocking GC Explicit
08-05 19:19:44.848 32035 32046 I art     : Explicit concurrent mark sweep GC freed 227(3KB) AllocSpace objects, 0(0B) LOS objects, 28% free, 40MB/56MB, paused 834us total 35.842ms
08-05 19:19:44.864 32035 32046 I art     : Starting a blocking GC Explicit
08-05 19:19:44.901 32035 32046 I art     : Explicit concurrent mark sweep GC freed 237(3KB) AllocSpace objects, 0(0B) LOS objects, 28% free, 40MB/56MB, paused 925us total 37.618ms
08-05 19:19:44.919 32035 32046 I art     : Starting a blocking GC Explicit
08-05 19:19:44.968 32035 32046 I art     : Explicit concurrent mark sweep GC freed 273(4KB) AllocSpace objects, 0(0B) LOS objects, 28% free, 40MB/56MB, paused 992us total 48.155ms
08-05 19:19:44.980 13866 13882 I PeriodicStatsRunner: PeriodicStatsRunner.call():175 call()
08-05 19:19:44.980 13866 13882 I PeriodicStatsRunner: PeriodicStatsRunner.call():179 No submit PeriodicStats since input started.
08-05 19:19:45.083   380   380 W SurfaceFlinger: couldn't log to binary event log: overflow.
08-05 19:19:45.326 32035 32095 I art     : Starting a blocking GC Explicit
08-05 19:19:45.371 32035 32095 I art     : Explicit concurrent mark sweep GC freed 2830(107KB) AllocSpace objects, 4(404KB) LOS objects, 28% free, 40MB/56MB, paused 1.059ms total 44.497ms
08-05 19:19:45.390 32035 32095 I art     : Starting a blocking GC Explicit
08-05 19:19:45.426 32035 32095 I art     : Explicit concurrent mark sweep GC freed 4926(343KB) AllocSpace objects, 7(132KB) LOS objects, 28% free, 39MB/55MB, paused 763us total 36.104ms
08-05 19:19:45.442 32035 32095 I art     : Starting a blocking GC Explicit
08-05 19:19:45.478 32035 32095 I art     : Explicit concurrent mark sweep GC freed 153(2784B) AllocSpace objects, 0(0B) LOS objects, 28% free, 39MB/55MB, paused 883us total 36.267ms
08-05 19:19:45.495 32035 32095 I art     : Starting a blocking GC Explicit
08-05 19:19:45.533 32035 32095 I art     : Explicit concurrent mark sweep GC freed 147(2496B) AllocSpace objects, 0(0B) LOS objects, 28% free, 39MB/55MB, paused 777us total 37.831ms
08-05 19:19:45.549 32035 32095 I art     : Starting a blocking GC Explicit
08-05 19:19:45.588 32035 32095 I art     : Explicit concurrent mark sweep GC freed 194(3KB) AllocSpace objects, 0(0B) LOS objects, 28% free, 39MB/55MB, paused 902us total 38.524ms
08-05 19:19:45.886 13866 13882 I PeriodicStatsRunner: PeriodicStatsRunner.call():175 call()
08-05 19:19:45.887 13866 13882 I PeriodicStatsRunner: PeriodicStatsRunner.call():179 No submit PeriodicStats since input started.
08-05 19:19:45.964 32035 32047 I art     : Starting a blocking GC Explicit
08-05 19:19:46.004 32035 32047 I art     : Explicit concurrent mark sweep GC freed 2605(102KB) AllocSpace objects, 2(40KB) LOS objects, 28% free, 39MB/55MB, paused 986us total 39.135ms
08-05 19:19:46.021 32035 32047 I art     : Starting a blocking GC Explicit
08-05 19:19:46.059 32035 32047 I art     : Explicit concurrent mark sweep GC freed 189(3KB) AllocSpace objects, 0(0B) LOS objects, 28% free, 39MB/55MB, paused 901us total 37.494ms
08-05 19:19:46.076 32035 32047 I art     : Starting a blocking GC Explicit
08-05 19:19:46.114 32035 32047 I art     : Explicit concurrent mark sweep GC freed 147(2496B) AllocSpace objects, 0(0B) LOS objects, 28% free, 39MB/55MB, paused 878us total 38.353ms
08-05 19:19:46.131 32035 32047 I art     : Starting a blocking GC Explicit
08-05 19:19:46.169 32035 32047 I art     : Explicit concurrent mark sweep GC freed 162(2736B) AllocSpace objects, 0(0B) LOS objects, 28% free, 39MB/55MB, paused 974us total 38.392ms
08-05 19:19:46.186 32035 32047 I art     : Starting a blocking GC Explicit
08-05 19:19:46.224 32035 32047 I art     : Explicit concurrent mark sweep GC freed 180(3056B) AllocSpace objects, 0(0B) LOS objects, 28% free, 39MB/55MB, paused 843us total 37.618ms
08-05 19:19:46.512   979   979 D AndroidRuntime: >>>>>> START com.android.internal.os.RuntimeInit uid 2000 <<<<<<
08-05 19:19:46.518   979   979 D AndroidRuntime: CheckJNI is OFF
08-05 19:19:46.561   979   979 D ICU     : No timezone override file found: /data/misc/zoneinfo/current/icu/icu_tzdata.dat
08-05 19:19:46.590 32035 32625 I art     : Starting a blocking GC Explicit
08-05 19:19:46.603   979   979 I Radio-JNI: register_android_hardware_Radio DONE
08-05 19:19:46.631 32035 32625 I art     : Explicit concurrent mark sweep GC freed 2579(101KB) AllocSpace objects, 2(40KB) LOS objects, 28% free, 39MB/55MB, paused 889us total 40.390ms
08-05 19:19:46.633   979   979 D AndroidRuntime: Calling main entry com.android.commands.input.Input
08-05 19:19:46.635   979   979 I Input   : injectKeyEvent: KeyEvent { action=ACTION_DOWN, keyCode=KEYCODE_BACK, scanCode=0, metaState=0, flags=0x0, repeatCount=0, eventTime=818403048, downTime=818403048, deviceId=-1, source=0x101 }
08-05 19:19:46.641   979   979 I Input   : injectKeyEvent: KeyEvent { action=ACTION_UP, keyCode=KEYCODE_BACK, scanCode=0, metaState=0, flags=0x0, repeatCount=0, eventTime=818403048, downTime=818403048, deviceId=-1, source=0x101 }
08-05 19:19:46.648 32035 32625 I art     : Starting a blocking GC Explicit
08-05 19:19:46.648   979   979 D AndroidRuntime: Shutting down VM
08-05 19:19:46.660 32035 32035 V MainActivity: url = https://project-travel-mate.herokuapp.com/api/number-of-unread-notifications
08-05 19:19:46.683 32035 32625 I art     : Explicit concurrent mark sweep GC freed 467(16KB) AllocSpace objects, 0(0B) LOS objects, 28% free, 39MB/55MB, paused 917us total 34.543ms
08-05 19:19:46.700 32035 32625 I art     : Starting a blocking GC Explicit
08-05 19:19:46.709 13866 13866 I GoogleInputMethodServic: GoogleInputMethodService.onFinishInput():3138 
08-05 19:19:46.710 13866 13866 I GoogleInputMethodServic: GoogleInputMethodService.onStartInput():1808 
08-05 19:19:46.740 32035 32625 I art     : Explicit concurrent mark sweep GC freed 345(9KB) AllocSpace objects, 0(0B) LOS objects, 28% free, 39MB/55MB, paused 1.018ms total 40.010ms
08-05 19:19:46.756 32035 32625 I art     : Starting a blocking GC Explicit
08-05 19:19:46.791 32035 32625 I art     : Explicit concurrent mark sweep GC freed 249(7KB) AllocSpace objects, 0(0B) LOS objects, 28% free, 39MB/55MB, paused 1.086ms total 34.983ms
08-05 19:19:46.809 32035 32625 I art     : Starting a blocking GC Explicit
08-05 19:19:46.851 32035 32625 I art     : Explicit concurrent mark sweep GC freed 156(3KB) AllocSpace objects, 0(0B) LOS objects, 28% free, 39MB/55MB, paused 931us total 41.435ms
08-05 19:19:46.985   380   380 W SurfaceFlinger: couldn't log to binary event log: overflow.
08-05 19:19:47.208 32035 32625 I art     : Starting a blocking GC Explicit
08-05 19:19:47.251 32035 32625 I art     : Explicit concurrent mark sweep GC freed 2260(97KB) AllocSpace objects, 2(40KB) LOS objects, 28% free, 39MB/55MB, paused 960us total 43.099ms
08-05 19:19:47.271 32035 32625 I art     : Starting a blocking GC Explicit
08-05 19:19:47.311 32035 32625 I art     : Explicit concurrent mark sweep GC freed 259(9KB) AllocSpace objects, 0(0B) LOS objects, 28% free, 39MB/55MB, paused 939us total 38.877ms
08-05 19:19:47.327 32035 32625 I art     : Starting a blocking GC Explicit
08-05 19:19:47.366 32035 32625 I art     : Explicit concurrent mark sweep GC freed 75(1296B) AllocSpace objects, 0(0B) LOS objects, 28% free, 39MB/55MB, paused 952us total 39.135ms
08-05 19:19:47.383 32035 32625 I art     : Starting a blocking GC Explicit
08-05 19:19:47.423 32035 32625 I art     : Explicit concurrent mark sweep GC freed 98(1664B) AllocSpace objects, 0(0B) LOS objects, 28% free, 39MB/55MB, paused 954us total 39.476ms
08-05 19:19:47.439 32035 32625 I art     : Starting a blocking GC Explicit
08-05 19:19:47.479 32035 32625 I art     : Explicit concurrent mark sweep GC freed 76(1328B) AllocSpace objects, 0(0B) LOS objects, 28% free, 39MB/55MB, paused 984us total 39.171ms
08-05 19:19:47.556 32035  1002 I NAPPA_EXPERIMENTATION: MetricNetworkRequestExecutionTime: REQUEST_DURATION_SYSTEM='895',REQUEST_DURATION_OKHTTP='34',REQUEST_SYNCHRONOUS='FALSE',RESPONSE_CODE='200',RESPONSE_METHOD='GET',RESPONSE_LENGTH_OKHTTP='36',RESPONSE_LENGTH_HEADER='36',REQUEST_PROTOCOL='http/1.1',REQUEST_URL='https://project-travel-mate.herokuapp.com/api/number-of-unread-notifications',
08-05 19:19:47.850 32035 32095 I art     : Starting a blocking GC Explicit
08-05 19:19:47.892 32035 32095 I art     : Explicit concurrent mark sweep GC freed 4829(241KB) AllocSpace objects, 5(240KB) LOS objects, 28% free, 39MB/55MB, paused 903us total 41.490ms
08-05 19:19:47.909 32035 32095 I art     : Starting a blocking GC Explicit
08-05 19:19:47.948 32035 32095 I art     : Explicit concurrent mark sweep GC freed 1029(118KB) AllocSpace objects, 0(0B) LOS objects, 28% free, 39MB/55MB, paused 937us total 38.642ms
08-05 19:19:47.965 32035 32095 I art     : Starting a blocking GC Explicit
08-05 19:19:48.004 32035 32095 I art     : Explicit concurrent mark sweep GC freed 78(1344B) AllocSpace objects, 0(0B) LOS objects, 28% free, 39MB/55MB, paused 1.040ms total 39.651ms
08-05 19:19:48.021 32035 32095 I art     : Starting a blocking GC Explicit
08-05 19:19:48.061 32035 32095 I art     : Explicit concurrent mark sweep GC freed 108(2304B) AllocSpace objects, 0(0B) LOS objects, 28% free, 39MB/55MB, paused 940us total 39.574ms
08-05 19:19:48.078 32035 32095 I art     : Starting a blocking GC Explicit
08-05 19:19:48.117 32035 32095 I art     : Explicit concurrent mark sweep GC freed 85(1840B) AllocSpace objects, 0(0B) LOS objects, 28% free, 39MB/55MB, paused 1.088ms total 39.499ms
08-05 19:19:48.407  1025  1025 D AndroidRuntime: >>>>>> START com.android.internal.os.RuntimeInit uid 2000 <<<<<<
08-05 19:19:48.413  1025  1025 D AndroidRuntime: CheckJNI is OFF
08-05 19:19:48.456  1025  1025 D ICU     : No timezone override file found: /data/misc/zoneinfo/current/icu/icu_tzdata.dat
08-05 19:19:48.499 32035 32625 I art     : Starting a blocking GC Explicit
08-05 19:19:48.503  1025  1025 I Radio-JNI: register_android_hardware_Radio DONE
08-05 19:19:48.533  1025  1025 D AndroidRuntime: Calling main entry com.android.commands.input.Input
08-05 19:19:48.535  1025  1025 I Input   : injectMotionEvent: MotionEvent { action=ACTION_DOWN, actionButton=0, id[0]=0, x[0]=117.0, y[0]=170.0, toolType[0]=TOOL_TYPE_UNKNOWN, buttonState=0, metaState=0, flags=0x0, edgeFlags=0x0, pointerCount=1, historySize=0, eventTime=818404948, downTime=818404948, deviceId=0, source=0x1002 }
08-05 19:19:48.543 32035 32625 I art     : Explicit concurrent mark sweep GC freed 2092(94KB) AllocSpace objects, 2(40KB) LOS objects, 28% free, 39MB/55MB, paused 1.046ms total 43.093ms
08-05 19:19:48.543  1025  1025 I Input   : injectMotionEvent: MotionEvent { action=ACTION_UP, actionButton=0, id[0]=0, x[0]=117.0, y[0]=170.0, toolType[0]=TOOL_TYPE_UNKNOWN, buttonState=0, metaState=0, flags=0x0, edgeFlags=0x0, pointerCount=1, historySize=0, eventTime=818404948, downTime=818404948, deviceId=0, source=0x1002 }
08-05 19:19:48.546  1025  1025 D AndroidRuntime: Shutting down VM
08-05 19:19:48.562 32035 32625 I art     : Starting a blocking GC Explicit
08-05 19:19:48.563   512  2967 D audio_hw_primary: out_set_parameters: enter: usecase(1: low-latency-playback) kvpairs: routing=2
08-05 19:19:48.576   512  2967 D audio_hw_primary: select_devices: out_snd_device(2: speaker) in_snd_device(0: none)
08-05 19:19:48.576   512  2967 D msm8974_platform: platform_send_audio_calibration: sending audio calibration for snd_device(2) acdb_id(15)
08-05 19:19:48.576   512  2967 I soundtrigger: audio_extn_sound_trigger_update_device_status: device 0x2 of type 0 for Event 1
08-05 19:19:48.586   512  2967 D audio_hw_primary: enable_snd_device: snd_device(2: speaker)
08-05 19:19:48.589   512  2967 D audio_hw_primary: enable_audio_route: apply and update mixer path: low-latency-playback speaker
08-05 19:19:48.599 32035 32625 I art     : Explicit concurrent mark sweep GC freed 178(5KB) AllocSpace objects, 0(0B) LOS objects, 28% free, 40MB/56MB, paused 1.027ms total 37.264ms
08-05 19:19:48.616 32035 32625 I art     : Starting a blocking GC Explicit
08-05 19:19:48.654 32035 32625 I art     : Explicit concurrent mark sweep GC freed 27(1216B) AllocSpace objects, 0(0B) LOS objects, 28% free, 40MB/56MB, paused 994us total 37.843ms
08-05 19:19:48.671 32035 32625 I art     : Starting a blocking GC Explicit
08-05 19:19:48.712 32035 32625 I art     : Explicit concurrent mark sweep GC freed 464(21KB) AllocSpace objects, 0(0B) LOS objects, 28% free, 40MB/56MB, paused 993us total 41.397ms
08-05 19:19:48.729 32035 32625 I art     : Starting a blocking GC Explicit
08-05 19:19:48.770 32035 32625 I art     : Explicit concurrent mark sweep GC freed 79(1584B) AllocSpace objects, 0(0B) LOS objects, 28% free, 40MB/56MB, paused 1.039ms total 40.463ms
08-05 19:19:49.128 32035 32095 I art     : Starting a blocking GC Explicit
08-05 19:19:49.129   512  2967 D audio_hw_primary: disable_audio_route: reset and update mixer path: low-latency-playback speaker
08-05 19:19:49.130   512  2967 D audio_hw_primary: disable_snd_device: snd_device(2: speaker)
08-05 19:19:49.138   512  2967 I soundtrigger: audio_extn_sound_trigger_update_device_status: device 0x2 of type 0 for Event 0
08-05 19:19:49.167 32035 32095 I art     : Explicit concurrent mark sweep GC freed 2006(92KB) AllocSpace objects, 2(40KB) LOS objects, 28% free, 40MB/56MB, paused 943us total 39.242ms
08-05 19:19:49.184 32035 32095 I art     : Starting a blocking GC Explicit
08-05 19:19:49.222 32035 32095 I art     : Explicit concurrent mark sweep GC freed 104(2304B) AllocSpace objects, 0(0B) LOS objects, 28% free, 40MB/56MB, paused 947us total 38.210ms
08-05 19:19:49.239 32035 32095 I art     : Starting a blocking GC Explicit
08-05 19:19:49.278 32035 32095 I art     : Explicit concurrent mark sweep GC freed 99(1696B) AllocSpace objects, 0(0B) LOS objects, 28% free, 40MB/56MB, paused 935us total 38.950ms
08-05 19:19:49.294 32035 32095 I art     : Starting a blocking GC Explicit
08-05 19:19:49.323  1052  1052 D AndroidRuntime: >>>>>> START com.android.internal.os.RuntimeInit uid 2000 <<<<<<
08-05 19:19:49.329  1052  1052 D AndroidRuntime: CheckJNI is OFF
08-05 19:19:49.334 32035 32095 I art     : Explicit concurrent mark sweep GC freed 77(1360B) AllocSpace objects, 0(0B) LOS objects, 28% free, 40MB/56MB, paused 898us total 39.161ms
08-05 19:19:49.350 32035 32095 I art     : Starting a blocking GC Explicit
08-05 19:19:49.372  1052  1052 D ICU     : No timezone override file found: /data/misc/zoneinfo/current/icu/icu_tzdata.dat
08-05 19:19:49.390 32035 32095 I art     : Explicit concurrent mark sweep GC freed 81(1392B) AllocSpace objects, 0(0B) LOS objects, 28% free, 40MB/56MB, paused 1.080ms total 39.163ms
08-05 19:19:49.416  1052  1052 I Radio-JNI: register_android_hardware_Radio DONE
08-05 19:19:49.443  1052  1052 D AndroidRuntime: Calling main entry com.android.commands.input.Input
08-05 19:19:49.446  1052  1052 I Input   : injectMotionEvent: MotionEvent { action=ACTION_DOWN, actionButton=0, id[0]=0, x[0]=355.0, y[0]=1674.0, toolType[0]=TOOL_TYPE_UNKNOWN, buttonState=0, metaState=0, flags=0x0, edgeFlags=0x0, pointerCount=1, historySize=0, eventTime=818405858, downTime=818405858, deviceId=0, source=0x1002 }
08-05 19:19:49.449  1052  1052 I Input   : injectMotionEvent: MotionEvent { action=ACTION_UP, actionButton=0, id[0]=0, x[0]=355.0, y[0]=1674.0, toolType[0]=TOOL_TYPE_UNKNOWN, buttonState=0, metaState=0, flags=0x0, edgeFlags=0x0, pointerCount=1, historySize=0, eventTime=818405858, downTime=818405858, deviceId=0, source=0x1002 }
08-05 19:19:49.451  1052  1052 D AndroidRuntime: Shutting down VM
08-05 19:19:49.459   512  2967 D audio_hw_primary: out_set_parameters: enter: usecase(1: low-latency-playback) kvpairs: routing=2
08-05 19:19:49.475   512  2967 D audio_hw_primary: select_devices: out_snd_device(2: speaker) in_snd_device(0: none)
08-05 19:19:49.475   512  2967 D msm8974_platform: platform_send_audio_calibration: sending audio calibration for snd_device(2) acdb_id(15)
08-05 19:19:49.475   512  2967 I soundtrigger: audio_extn_sound_trigger_update_device_status: device 0x2 of type 0 for Event 1
08-05 19:19:49.484   512  2967 D audio_hw_primary: enable_snd_device: snd_device(2: speaker)
08-05 19:19:49.487   512  2967 D audio_hw_primary: enable_audio_route: apply and update mixer path: low-latency-playback speaker
08-05 19:19:49.530   512  2967 D AudioFlinger: mixer(0xf4740000) throttle end: throttle time(12)
08-05 19:19:49.630 32009 32009 I Atfwd_Sendcmd: AtCmdFwd service not ready - Exhausted retry attempts - :6
08-05 19:19:49.630 32009 32009 I Atfwd_Daemon: result : -1 	 ,Init step :2 	 ,qmiErrorCode: 0
08-05 19:19:49.749 32035 32046 I art     : Starting a blocking GC Explicit
08-05 19:19:49.769 13866 13882 I PeriodicStatsRunner: PeriodicStatsRunner.call():175 call()
08-05 19:19:49.769 13866 13882 I PeriodicStatsRunner: PeriodicStatsRunner.call():179 No submit PeriodicStats since input started.
08-05 19:19:49.788 32035 32046 I art     : Explicit concurrent mark sweep GC freed 1377(141KB) AllocSpace objects, 0(0B) LOS objects, 17% free, 73MB/89MB, paused 1.068ms total 38.517ms
08-05 19:19:49.805 32035 32046 I art     : Starting a blocking GC Explicit
08-05 19:19:49.843 32035 32046 I art     : Explicit concurrent mark sweep GC freed 4(128B) AllocSpace objects, 0(0B) LOS objects, 17% free, 73MB/89MB, paused 944us total 37.392ms
08-05 19:19:49.862   518   646 I ThermalEngine: ACTION: GPU - Setting GPU[0] to 390000000
08-05 19:19:49.866 32035 32046 I art     : Starting a blocking GC Explicit
08-05 19:19:49.912 32035 32046 I art     : Explicit concurrent mark sweep GC freed 6(240B) AllocSpace objects, 0(0B) LOS objects, 16% free, 79MB/95MB, paused 1.422ms total 45.944ms
08-05 19:19:49.933 32035 32046 I art     : Starting a blocking GC Explicit
08-05 19:19:49.979 32035 32046 I art     : Explicit concurrent mark sweep GC freed 9(368B) AllocSpace objects, 0(0B) LOS objects, 12% free, 115MB/131MB, paused 1.436ms total 45.592ms
08-05 19:19:50.001 32035 32046 I art     : Starting a blocking GC Explicit
08-05 19:19:50.018   512  2967 D audio_hw_primary: disable_audio_route: reset and update mixer path: low-latency-playback speaker
08-05 19:19:50.019   512  2967 D audio_hw_primary: disable_snd_device: snd_device(2: speaker)
08-05 19:19:50.027   512  2967 I soundtrigger: audio_extn_sound_trigger_update_device_status: device 0x2 of type 0 for Event 0
08-05 19:19:50.047 32035 32046 I art     : Explicit concurrent mark sweep GC freed 5(192B) AllocSpace objects, 0(0B) LOS objects, 12% free, 115MB/131MB, paused 1.380ms total 46.154ms
08-05 19:19:50.152   918  3261 D WifiStateMachine: starting scan for "H369AA63323"WPA_PSK with 2412,5180
08-05 19:19:50.412 32035 32035 I Choreographer: Skipped 56 frames!  The application may be doing too much work on its main thread.
08-05 19:19:50.412 32035 32035 V MainActivity: url = https://project-travel-mate.herokuapp.com/api/number-of-unread-notifications
08-05 19:19:50.450 32035 32096 I art     : Starting a blocking GC Explicit
08-05 19:19:50.504 32035 32096 I art     : Explicit concurrent mark sweep GC freed 1726(65KB) AllocSpace objects, 0(0B) LOS objects, 10% free, 134MB/150MB, paused 1.441ms total 53.019ms
08-05 19:19:50.524 32035 32096 I art     : Starting a blocking GC Explicit
08-05 19:19:50.568 32035 32096 I art     : Explicit concurrent mark sweep GC freed 908(53KB) AllocSpace objects, 9(252KB) LOS objects, 10% free, 134MB/150MB, paused 1.622ms total 44.184ms
08-05 19:19:50.588 32035 32096 I art     : Starting a blocking GC Explicit
08-05 19:19:50.632 32035 32096 I art     : Explicit concurrent mark sweep GC freed 45(1232B) AllocSpace objects, 0(0B) LOS objects, 10% free, 134MB/150MB, paused 1.378ms total 43.829ms
08-05 19:19:50.654 32035 32096 I art     : Starting a blocking GC Explicit
08-05 19:19:50.705 32035 32096 I art     : Explicit concurrent mark sweep GC freed 3(96B) AllocSpace objects, 0(0B) LOS objects, 10% free, 134MB/150MB, paused 1.515ms total 50.798ms
08-05 19:19:50.727 32035 32096 I art     : Starting a blocking GC Explicit
08-05 19:19:50.785 32035 32096 I art     : Explicit concurrent mark sweep GC freed 3(96B) AllocSpace objects, 0(0B) LOS objects, 10% free, 134MB/150MB, paused 1.759ms total 57.553ms
08-05 19:19:51.235 32035 32046 I art     : Starting a blocking GC Explicit
08-05 19:19:51.253 32035  1096 I NAPPA_EXPERIMENTATION: MetricNetworkRequestExecutionTime: REQUEST_DURATION_SYSTEM='839',REQUEST_DURATION_OKHTTP='38',REQUEST_SYNCHRONOUS='FALSE',RESPONSE_CODE='200',RESPONSE_METHOD='GET',RESPONSE_LENGTH_OKHTTP='36',RESPONSE_LENGTH_HEADER='36',REQUEST_PROTOCOL='http/1.1',REQUEST_URL='https://project-travel-mate.herokuapp.com/api/number-of-unread-notifications',
08-05 19:19:51.296 32035 32046 I art     : Explicit concurrent mark sweep GC freed 4168(228KB) AllocSpace objects, 5(236KB) LOS objects, 10% free, 134MB/150MB, paused 1.503ms total 60.595ms
08-05 19:19:51.319 32035 32046 I art     : Starting a blocking GC Explicit
08-05 19:19:51.371 32035 32046 I art     : Explicit concurrent mark sweep GC freed 1066(121KB) AllocSpace objects, 0(0B) LOS objects, 10% free, 134MB/150MB, paused 1.577ms total 52.112ms
08-05 19:19:51.394 32035 32046 I art     : Starting a blocking GC Explicit
08-05 19:19:51.447 32035 32046 I art     : Explicit concurrent mark sweep GC freed 3(96B) AllocSpace objects, 0(0B) LOS objects, 10% free, 134MB/150MB, paused 1.587ms total 52.009ms
08-05 19:19:51.470 32035 32046 I art     : Starting a blocking GC Explicit
08-05 19:19:51.522 32035 32046 I art     : Explicit concurrent mark sweep GC freed 3(96B) AllocSpace objects, 0(0B) LOS objects, 10% free, 134MB/150MB, paused 1.547ms total 52.053ms
08-05 19:19:51.545 32035 32046 I art     : Starting a blocking GC Explicit
08-05 19:19:51.602 32035 32046 I art     : Explicit concurrent mark sweep GC freed 3(96B) AllocSpace objects, 0(0B) LOS objects, 10% free, 134MB/150MB, paused 1.750ms total 56.424ms
08-05 19:19:51.717 13866 13882 I PeriodicStatsRunner: PeriodicStatsRunner.call():175 call()
08-05 19:19:51.718 13866 13882 I PeriodicStatsRunner: PeriodicStatsRunner.call():179 No submit PeriodicStats since input started.
08-05 19:19:52.032 32035 32625 I art     : Starting a blocking GC Explicit
08-05 19:19:52.100 32035 32625 I art     : Explicit concurrent mark sweep GC freed 1436(83KB) AllocSpace objects, 2(36KB) LOS objects, 10% free, 134MB/150MB, paused 1.487ms total 67.729ms
08-05 19:19:52.123 32035 32625 I art     : Starting a blocking GC Explicit
08-05 19:19:52.178 32035 32625 I art     : Explicit concurrent mark sweep GC freed 30(1040B) AllocSpace objects, 0(0B) LOS objects, 10% free, 134MB/150MB, paused 1.528ms total 54.203ms
08-05 19:19:52.202 32035 32625 I art     : Starting a blocking GC Explicit
08-05 19:19:52.254 32035 32625 I art     : Explicit concurrent mark sweep GC freed 13(416B) AllocSpace objects, 0(0B) LOS objects, 10% free, 134MB/150MB, paused 1.746ms total 51.828ms
08-05 19:19:52.277 32035 32625 I art     : Starting a blocking GC Explicit
08-05 19:19:52.328 32035 32625 I art     : Explicit concurrent mark sweep GC freed 6(192B) AllocSpace objects, 0(0B) LOS objects, 10% free, 134MB/150MB, paused 1.567ms total 51.055ms
08-05 19:19:52.349 32035 32625 I art     : Starting a blocking GC Explicit
08-05 19:19:52.378  1117  1117 D AndroidRuntime: >>>>>> START com.android.internal.os.RuntimeInit uid 2000 <<<<<<
08-05 19:19:52.384  1117  1117 D AndroidRuntime: CheckJNI is OFF
08-05 19:19:52.397 32035 32625 I art     : Explicit concurrent mark sweep GC freed 3(96B) AllocSpace objects, 0(0B) LOS objects, 10% free, 134MB/150MB, paused 1.534ms total 47.857ms
08-05 19:19:52.440  1117  1117 D ICU     : No timezone override file found: /data/misc/zoneinfo/current/icu/icu_tzdata.dat
08-05 19:19:52.486  1117  1117 I Radio-JNI: register_android_hardware_Radio DONE
08-05 19:19:52.518  1117  1117 D AndroidRuntime: Calling main entry com.android.commands.input.Input
08-05 19:19:52.521  1117  1117 I Input   : injectMotionEvent: MotionEvent { action=ACTION_DOWN, actionButton=0, id[0]=0, x[0]=747.0, y[0]=608.0, toolType[0]=TOOL_TYPE_UNKNOWN, buttonState=0, metaState=0, flags=0x0, edgeFlags=0x0, pointerCount=1, historySize=0, eventTime=818408933, downTime=818408933, deviceId=0, source=0x1002 }
08-05 19:19:52.526  1117  1117 I Input   : injectMotionEvent: MotionEvent { action=ACTION_UP, actionButton=0, id[0]=0, x[0]=747.0, y[0]=608.0, toolType[0]=TOOL_TYPE_UNKNOWN, buttonState=0, metaState=0, flags=0x0, edgeFlags=0x0, pointerCount=1, historySize=0, eventTime=818408933, downTime=818408933, deviceId=0, source=0x1002 }
08-05 19:19:52.528  1117  1117 D AndroidRuntime: Shutting down VM
08-05 19:19:52.531   512  2967 D audio_hw_primary: out_set_parameters: enter: usecase(1: low-latency-playback) kvpairs: routing=2
08-05 19:19:52.539   918  3961 I ActivityManager: START u0 {cmp=baseline.io.github.project_travel_mate/.utilities.ChecklistActivity} from uid 10674 on display 0
08-05 19:19:52.544   512  2967 D audio_hw_primary: select_devices: out_snd_device(2: speaker) in_snd_device(0: none)
08-05 19:19:52.544   512  2967 D msm8974_platform: platform_send_audio_calibration: sending audio calibration for snd_device(2) acdb_id(15)
08-05 19:19:52.544   512  2967 I soundtrigger: audio_extn_sound_trigger_update_device_status: device 0x2 of type 0 for Event 1
08-05 19:19:52.561   512  2967 D audio_hw_primary: enable_snd_device: snd_device(2: speaker)
08-05 19:19:52.564   512  2967 D audio_hw_primary: enable_audio_route: apply and update mixer path: low-latency-playback speaker
08-05 19:19:52.786   918   936 I ActivityManager: Displayed baseline.io.github.project_travel_mate/.utilities.ChecklistActivity: +233ms
08-05 19:19:52.787 13866 13866 I GoogleInputMethodServic: GoogleInputMethodService.onFinishInput():3138 
08-05 19:19:52.792 13866 13866 I GoogleInputMethodServic: GoogleInputMethodService.onStartInput():1808 
08-05 19:19:52.844 32035 32095 I art     : Starting a blocking GC Explicit
08-05 19:19:52.895 32035 32095 I art     : Explicit concurrent mark sweep GC freed 3170(286KB) AllocSpace objects, 2(36KB) LOS objects, 10% free, 135MB/151MB, paused 1.647ms total 50.439ms
08-05 19:19:52.916 32035 32095 I art     : Starting a blocking GC Explicit
08-05 19:19:52.982 32035 32095 I art     : Explicit concurrent mark sweep GC freed 416(17KB) AllocSpace objects, 0(0B) LOS objects, 10% free, 135MB/151MB, paused 2.986ms total 65.230ms
08-05 19:19:53.016 32035 32095 I art     : Starting a blocking GC Explicit
08-05 19:19:53.026   380   380 W SurfaceFlinger: couldn't log to binary event log: overflow.
08-05 19:19:53.072 32035 32095 I art     : Explicit concurrent mark sweep GC freed 3(96B) AllocSpace objects, 0(0B) LOS objects, 10% free, 135MB/151MB, paused 1.568ms total 55.849ms
08-05 19:19:53.092 32035 32095 I art     : Starting a blocking GC Explicit
08-05 19:19:53.108   512  2967 D audio_hw_primary: disable_audio_route: reset and update mixer path: low-latency-playback speaker
08-05 19:19:53.109   512  2967 D audio_hw_primary: disable_snd_device: snd_device(2: speaker)
08-05 19:19:53.117   512  2967 I soundtrigger: audio_extn_sound_trigger_update_device_status: device 0x2 of type 0 for Event 0
08-05 19:19:53.144 32035 32095 I art     : Explicit concurrent mark sweep GC freed 3(96B) AllocSpace objects, 0(0B) LOS objects, 10% free, 135MB/151MB, paused 1.899ms total 51.057ms
08-05 19:19:53.169 32035 32095 I art     : Starting a blocking GC Explicit
08-05 19:19:53.218 32035 32095 I art     : Explicit concurrent mark sweep GC freed 55(2448B) AllocSpace objects, 0(0B) LOS objects, 10% free, 135MB/151MB, paused 1.569ms total 49.292ms
08-05 19:19:53.661 32035 32096 I art     : Starting a blocking GC Explicit
08-05 19:19:53.727 32035 32096 I art     : Explicit concurrent mark sweep GC freed 1664(95KB) AllocSpace objects, 2(36KB) LOS objects, 10% free, 135MB/151MB, paused 1.846ms total 65.946ms
08-05 19:19:53.753 32035 32096 I art     : Starting a blocking GC Explicit
08-05 19:19:53.808 32035 32096 I art     : Explicit concurrent mark sweep GC freed 30(1104B) AllocSpace objects, 0(0B) LOS objects, 10% free, 135MB/151MB, paused 1.587ms total 54.228ms
08-05 19:19:53.831 32035 32096 I art     : Starting a blocking GC Explicit
08-05 19:19:53.885 32035 32096 I art     : Explicit concurrent mark sweep GC freed 3(96B) AllocSpace objects, 0(0B) LOS objects, 10% free, 135MB/151MB, paused 1.551ms total 53.975ms
08-05 19:19:53.908 32035 32096 I art     : Starting a blocking GC Explicit
08-05 19:19:53.969 32035 32096 I art     : Explicit concurrent mark sweep GC freed 3(96B) AllocSpace objects, 0(0B) LOS objects, 10% free, 135MB/151MB, paused 2.329ms total 60.265ms
08-05 19:19:53.995 32035 32096 I art     : Starting a blocking GC Explicit
08-05 19:19:54.055 32035 32096 I art     : Explicit concurrent mark sweep GC freed 14(720B) AllocSpace objects, 0(0B) LOS objects, 10% free, 135MB/151MB, paused 2.113ms total 59.999ms
08-05 19:19:54.526 32035 32625 I art     : Starting a blocking GC Explicit
08-05 19:19:54.597 32035 32625 I art     : Explicit concurrent mark sweep GC freed 1641(95KB) AllocSpace objects, 2(36KB) LOS objects, 10% free, 135MB/151MB, paused 2.194ms total 70.128ms
08-05 19:19:54.624 32035 32625 I art     : Starting a blocking GC Explicit
08-05 19:19:54.630 32009 32009 I ServiceManager: Waiting for service AtCmdFwd...
08-05 19:19:54.690 32035 32625 I art     : Explicit concurrent mark sweep GC freed 78(2752B) AllocSpace objects, 0(0B) LOS objects, 10% free, 135MB/151MB, paused 2.316ms total 65.727ms
08-05 19:19:54.715 32035 32625 I art     : Starting a blocking GC Explicit
08-05 19:19:54.778 32035 32625 I art     : Explicit concurrent mark sweep GC freed 3(96B) AllocSpace objects, 0(0B) LOS objects, 10% free, 135MB/151MB, paused 2.313ms total 62.156ms
08-05 19:19:54.804 32035 32625 I art     : Starting a blocking GC Explicit
08-05 19:19:54.864 32035 32625 I art     : Explicit concurrent mark sweep GC freed 3(96B) AllocSpace objects, 0(0B) LOS objects, 10% free, 135MB/151MB, paused 1.920ms total 59.727ms
08-05 19:19:54.864 32035 32045 I art     : WaitForGcToComplete blocked for 60.285ms for cause HeapTrim
08-05 19:19:54.870   518   646 I ThermalEngine: ACTION: GPU - Setting GPU[0] to 450000000
08-05 19:19:54.890 32035 32625 I art     : Starting a blocking GC Explicit
08-05 19:19:54.933 32035 32625 I art     : Explicit concurrent mark sweep GC freed 3(96B) AllocSpace objects, 0(0B) LOS objects, 10% free, 135MB/151MB, paused 1.104ms total 42.825ms
08-05 19:19:55.359 32035 32046 I art     : Starting a blocking GC Explicit
08-05 19:19:55.416 32035 32046 I art     : Explicit concurrent mark sweep GC freed 1619(94KB) AllocSpace objects, 2(36KB) LOS objects, 10% free, 135MB/151MB, paused 1.215ms total 56.882ms
08-05 19:19:55.437 32035 32046 I art     : Starting a blocking GC Explicit
08-05 19:19:55.493 32035 32046 I art     : Explicit concurrent mark sweep GC freed 30(1104B) AllocSpace objects, 0(0B) LOS objects, 10% free, 135MB/151MB, paused 1.100ms total 55.612ms
08-05 19:19:55.514 32035 32046 I art     : Starting a blocking GC Explicit
08-05 19:19:55.560 32035 32046 I art     : Explicit concurrent mark sweep GC freed 3(96B) AllocSpace objects, 0(0B) LOS objects, 10% free, 135MB/151MB, paused 1.124ms total 46.189ms
08-05 19:19:55.578 32035 32046 I art     : Starting a blocking GC Explicit
08-05 19:19:55.626 32035 32046 I art     : Explicit concurrent mark sweep GC freed 3(96B) AllocSpace objects, 0(0B) LOS objects, 10% free, 135MB/151MB, paused 1.118ms total 47.742ms
08-05 19:19:55.631 32009 32009 I ServiceManager: Waiting for service AtCmdFwd...
08-05 19:19:55.644 32035 32046 I art     : Starting a blocking GC Explicit
08-05 19:19:55.692 32035 32046 I art     : Explicit concurrent mark sweep GC freed 34(928B) AllocSpace objects, 0(0B) LOS objects, 10% free, 135MB/151MB, paused 1.138ms total 48.150ms
08-05 19:19:56.131 32035 32047 I art     : Starting a blocking GC Explicit
08-05 19:19:56.188 32035 32047 I art     : Explicit concurrent mark sweep GC freed 1619(95KB) AllocSpace objects, 2(36KB) LOS objects, 10% free, 135MB/151MB, paused 1.210ms total 56.640ms
08-05 19:19:56.209 32035 32047 I art     : Starting a blocking GC Explicit
08-05 19:19:56.258 32035 32047 I art     : Explicit concurrent mark sweep GC freed 30(1104B) AllocSpace objects, 0(0B) LOS objects, 10% free, 135MB/151MB, paused 1.219ms total 48.856ms
08-05 19:19:56.279 32035 32047 I art     : Starting a blocking GC Explicit
08-05 19:19:56.326 32035 32047 I art     : Explicit concurrent mark sweep GC freed 3(96B) AllocSpace objects, 0(0B) LOS objects, 10% free, 135MB/151MB, paused 1.147ms total 47.102ms
08-05 19:19:56.344 32035 32047 I art     : Starting a blocking GC Explicit
08-05 19:19:56.392 32035 32047 I art     : Explicit concurrent mark sweep GC freed 3(96B) AllocSpace objects, 0(0B) LOS objects, 10% free, 135MB/151MB, paused 1.077ms total 48.115ms
08-05 19:19:56.410 32035 32047 I art     : Starting a blocking GC Explicit
08-05 19:19:56.458 32035 32047 I art     : Explicit concurrent mark sweep GC freed 3(96B) AllocSpace objects, 0(0B) LOS objects, 10% free, 135MB/151MB, paused 1.191ms total 47.897ms
08-05 19:19:56.632 32009 32009 I ServiceManager: Waiting for service AtCmdFwd...
08-05 19:19:56.878 32035 32095 I art     : Starting a blocking GC Explicit
08-05 19:19:56.930 32035 32095 I art     : Explicit concurrent mark sweep GC freed 1652(95KB) AllocSpace objects, 2(36KB) LOS objects, 10% free, 135MB/151MB, paused 1.228ms total 51.595ms
08-05 19:19:56.949 32035 32095 I art     : Starting a blocking GC Explicit
08-05 19:19:56.994 32035 32095 I art     : Explicit concurrent mark sweep GC freed 30(1104B) AllocSpace objects, 0(0B) LOS objects, 10% free, 135MB/151MB, paused 1.140ms total 44.411ms
08-05 19:19:57.011 32035 32095 I art     : Starting a blocking GC Explicit
08-05 19:19:57.056 32035 32095 I art     : Explicit concurrent mark sweep GC freed 14(720B) AllocSpace objects, 0(0B) LOS objects, 10% free, 135MB/151MB, paused 1.155ms total 44.260ms
08-05 19:19:57.073 32035 32095 I art     : Starting a blocking GC Explicit
08-05 19:19:57.119 32035 32095 I art     : Explicit concurrent mark sweep GC freed 14(672B) AllocSpace objects, 0(0B) LOS objects, 10% free, 135MB/151MB, paused 1.195ms total 45.659ms
08-05 19:19:57.137 32035 32095 I art     : Starting a blocking GC Explicit
08-05 19:19:57.183 32035 32095 I art     : Explicit concurrent mark sweep GC freed 14(720B) AllocSpace objects, 0(0B) LOS objects, 10% free, 135MB/151MB, paused 1.128ms total 46.228ms
08-05 19:19:57.339  1217  1217 D AndroidRuntime: >>>>>> START com.android.internal.os.RuntimeInit uid 2000 <<<<<<
08-05 19:19:57.346  1217  1217 D AndroidRuntime: CheckJNI is OFF
08-05 19:19:57.389  1217  1217 D ICU     : No timezone override file found: /data/misc/zoneinfo/current/icu/icu_tzdata.dat
08-05 19:19:57.432  1217  1217 I Radio-JNI: register_android_hardware_Radio DONE
08-05 19:19:57.461  1217  1217 D AndroidRuntime: Calling main entry com.android.commands.input.Input
08-05 19:19:57.463  1217  1217 I Input   : injectKeyEvent: KeyEvent { action=ACTION_DOWN, keyCode=KEYCODE_BACK, scanCode=0, metaState=0, flags=0x0, repeatCount=0, eventTime=818413876, downTime=818413876, deviceId=-1, source=0x101 }
08-05 19:19:57.468  1217  1217 I Input   : injectKeyEvent: KeyEvent { action=ACTION_UP, keyCode=KEYCODE_BACK, scanCode=0, metaState=0, flags=0x0, repeatCount=0, eventTime=818413876, downTime=818413876, deviceId=-1, source=0x101 }
08-05 19:19:57.473  1217  1217 D AndroidRuntime: Shutting down VM
08-05 19:19:57.480 32035 32035 V MainActivity: url = https://project-travel-mate.herokuapp.com/api/number-of-unread-notifications
08-05 19:19:57.515 13866 13866 I GoogleInputMethodServic: GoogleInputMethodService.onFinishInput():3138 
08-05 19:19:57.517 13866 13866 I GoogleInputMethodServic: GoogleInputMethodService.onStartInput():1808 
08-05 19:19:57.592 32035 32095 I art     : Starting a blocking GC Explicit
08-05 19:19:57.633 32009 32009 I ServiceManager: Waiting for service AtCmdFwd...
08-05 19:19:57.635 32035 32095 I art     : Explicit concurrent mark sweep GC freed 2086(115KB) AllocSpace objects, 2(36KB) LOS objects, 10% free, 135MB/151MB, paused 1.244ms total 43.425ms
08-05 19:19:57.655 32035 32095 I art     : Starting a blocking GC Explicit
08-05 19:19:57.706 32035 32095 I art     : Explicit concurrent mark sweep GC freed 112(3KB) AllocSpace objects, 0(0B) LOS objects, 10% free, 135MB/151MB, paused 1.470ms total 50.428ms
08-05 19:19:57.724 32035 32095 I art     : Starting a blocking GC Explicit
08-05 19:19:57.772 32035 32095 I art     : Explicit concurrent mark sweep GC freed 22(1184B) AllocSpace objects, 0(0B) LOS objects, 10% free, 135MB/151MB, paused 1.007ms total 48.123ms
08-05 19:19:57.788 13866 13882 I PeriodicStatsRunner: PeriodicStatsRunner.call():175 call()
08-05 19:19:57.788 13866 13882 I PeriodicStatsRunner: PeriodicStatsRunner.call():179 No submit PeriodicStats since input started.
08-05 19:19:57.790 32035 32095 I art     : Starting a blocking GC Explicit
08-05 19:19:57.813   380   380 W SurfaceFlinger: couldn't log to binary event log: overflow.
08-05 19:19:57.834 32035 32095 I art     : Explicit concurrent mark sweep GC freed 392(17KB) AllocSpace objects, 0(0B) LOS objects, 10% free, 135MB/151MB, paused 1.112ms total 43.029ms
08-05 19:19:57.851 32035 32095 I art     : Starting a blocking GC Explicit
08-05 19:19:57.891 32035 32095 I art     : Explicit concurrent mark sweep GC freed 26(1216B) AllocSpace objects, 0(0B) LOS objects, 10% free, 135MB/151MB, paused 1.155ms total 39.476ms
08-05 19:19:58.005 32035  1246 I NAPPA_EXPERIMENTATION: MetricNetworkRequestExecutionTime: REQUEST_DURATION_SYSTEM='524',REQUEST_DURATION_OKHTTP='42',REQUEST_SYNCHRONOUS='FALSE',RESPONSE_CODE='200',RESPONSE_METHOD='GET',RESPONSE_LENGTH_OKHTTP='36',RESPONSE_LENGTH_HEADER='36',REQUEST_PROTOCOL='http/1.1',REQUEST_URL='https://project-travel-mate.herokuapp.com/api/number-of-unread-notifications',
08-05 19:19:58.273 32035 32096 I art     : Starting a blocking GC Explicit
08-05 19:19:58.331 32035 32096 I art     : Explicit concurrent mark sweep GC freed 4552(249KB) AllocSpace objects, 5(236KB) LOS objects, 10% free, 135MB/151MB, paused 1.148ms total 57.341ms
08-05 19:19:58.348 32035 32096 I art     : Starting a blocking GC Explicit
08-05 19:19:58.394 32035 32096 I art     : Explicit concurrent mark sweep GC freed 987(118KB) AllocSpace objects, 0(0B) LOS objects, 10% free, 135MB/151MB, paused 1.078ms total 45.253ms
08-05 19:19:58.412 32035 32096 I art     : Starting a blocking GC Explicit
08-05 19:19:58.456 32035 32096 I art     : Explicit concurrent mark sweep GC freed 31(960B) AllocSpace objects, 0(0B) LOS objects, 10% free, 135MB/151MB, paused 1.047ms total 44.127ms
08-05 19:19:58.473 32035 32096 I art     : Starting a blocking GC Explicit
08-05 19:19:58.518 32035 32096 I art     : Explicit concurrent mark sweep GC freed 3(96B) AllocSpace objects, 0(0B) LOS objects, 10% free, 135MB/151MB, paused 1.120ms total 44.453ms
08-05 19:19:58.536 32035 32096 I art     : Starting a blocking GC Explicit
08-05 19:19:58.581 32035 32096 I art     : Explicit concurrent mark sweep GC freed 7(224B) AllocSpace objects, 0(0B) LOS objects, 10% free, 135MB/151MB, paused 1.057ms total 44.122ms
08-05 19:19:58.633 32009 32009 I ServiceManager: Waiting for service AtCmdFwd...
08-05 19:19:58.961 32035 32047 I art     : Starting a blocking GC Explicit
08-05 19:19:59.009 32035 32047 I art     : Explicit concurrent mark sweep GC freed 1659(95KB) AllocSpace objects, 2(36KB) LOS objects, 10% free, 135MB/151MB, paused 1.118ms total 48.008ms
08-05 19:19:59.026 32035 32047 I art     : Starting a blocking GC Explicit
08-05 19:19:59.070 32035 32047 I art     : Explicit concurrent mark sweep GC freed 44(1536B) AllocSpace objects, 0(0B) LOS objects, 10% free, 135MB/151MB, paused 1.154ms total 42.863ms
08-05 19:19:59.087 32035 32047 I art     : Starting a blocking GC Explicit
08-05 19:19:59.131 32035 32047 I art     : Explicit concurrent mark sweep GC freed 6(192B) AllocSpace objects, 0(0B) LOS objects, 10% free, 135MB/151MB, paused 1.156ms total 43.631ms
08-05 19:19:59.150 32035 32047 I art     : Starting a blocking GC Explicit
08-05 19:19:59.199 32035 32047 I art     : Explicit concurrent mark sweep GC freed 11(352B) AllocSpace objects, 0(0B) LOS objects, 10% free, 135MB/151MB, paused 1.060ms total 48.237ms
08-05 19:19:59.217 32035 32047 I art     : Starting a blocking GC Explicit
08-05 19:19:59.261 32035 32047 I art     : Explicit concurrent mark sweep GC freed 11(352B) AllocSpace objects, 0(0B) LOS objects, 10% free, 135MB/151MB, paused 1.062ms total 43.947ms
08-05 19:19:59.281  1258  1258 D AndroidRuntime: >>>>>> START com.android.internal.os.RuntimeInit uid 2000 <<<<<<
08-05 19:19:59.287  1258  1258 D AndroidRuntime: CheckJNI is OFF
08-05 19:19:59.330  1258  1258 D ICU     : No timezone override file found: /data/misc/zoneinfo/current/icu/icu_tzdata.dat
08-05 19:19:59.374  1258  1258 I Radio-JNI: register_android_hardware_Radio DONE
08-05 19:19:59.405  1258  1258 D AndroidRuntime: Calling main entry com.android.commands.input.Input
08-05 19:19:59.407  1258  1258 I Input   : injectMotionEvent: MotionEvent { action=ACTION_DOWN, actionButton=0, id[0]=0, x[0]=657.0, y[0]=2037.0, toolType[0]=TOOL_TYPE_UNKNOWN, buttonState=0, metaState=0, flags=0x0, edgeFlags=0x0, pointerCount=1, historySize=0, eventTime=818415819, downTime=818415819, deviceId=0, source=0x1002 }
08-05 19:19:59.417  1258  1258 I Input   : injectMotionEvent: MotionEvent { action=ACTION_UP, actionButton=0, id[0]=0, x[0]=657.0, y[0]=2037.0, toolType[0]=TOOL_TYPE_UNKNOWN, buttonState=0, metaState=0, flags=0x0, edgeFlags=0x0, pointerCount=1, historySize=0, eventTime=818415819, downTime=818415819, deviceId=0, source=0x1002 }
08-05 19:19:59.419  1258  1258 D AndroidRuntime: Shutting down VM
08-05 19:19:59.421   512  2967 D audio_hw_primary: out_set_parameters: enter: usecase(1: low-latency-playback) kvpairs: routing=2
08-05 19:19:59.423   918  3359 I ActivityManager: START u0 {cmp=baseline.io.github.project_travel_mate/.utilities.CompassActivity} from uid 10674 on display 0
08-05 19:19:59.435   512  2967 D audio_hw_primary: select_devices: out_snd_device(2: speaker) in_snd_device(0: none)
08-05 19:19:59.435   512  2967 D msm8974_platform: platform_send_audio_calibration: sending audio calibration for snd_device(2) acdb_id(15)
08-05 19:19:59.436   512  2967 I soundtrigger: audio_extn_sound_trigger_update_device_status: device 0x2 of type 0 for Event 1
08-05 19:19:59.447   512  2967 D audio_hw_primary: enable_snd_device: snd_device(2: speaker)
08-05 19:19:59.449   512  2967 D audio_hw_primary: enable_audio_route: apply and update mixer path: low-latency-playback speaker
08-05 19:19:59.633 32009 32009 W Atfwd_Sendcmd: AtCmdFwd service not published, waiting... retryCnt : 1
08-05 19:19:59.634 32035 32625 I art     : Starting a blocking GC Explicit
08-05 19:19:59.677 32035 32625 I art     : Explicit concurrent mark sweep GC freed 110(4KB) AllocSpace objects, 0(0B) LOS objects, 7% free, 184MB/200MB, paused 1.218ms total 42.903ms
08-05 19:19:59.694 32035 32625 I art     : Starting a blocking GC Explicit
08-05 19:19:59.736 32035 32625 I art     : Explicit concurrent mark sweep GC freed 3(96B) AllocSpace objects, 0(0B) LOS objects, 7% free, 184MB/200MB, paused 1.186ms total 41.840ms
08-05 19:19:59.753 32035 32625 I art     : Starting a blocking GC Explicit
08-05 19:19:59.795 32035 32625 I art     : Explicit concurrent mark sweep GC freed 3(96B) AllocSpace objects, 0(0B) LOS objects, 7% free, 184MB/200MB, paused 1.192ms total 41.791ms
08-05 19:19:59.812 32035 32625 I art     : Starting a blocking GC Explicit
08-05 19:19:59.855 32035 32625 I art     : Explicit concurrent mark sweep GC freed 3(96B) AllocSpace objects, 0(0B) LOS objects, 7% free, 184MB/200MB, paused 1.188ms total 42.216ms
08-05 19:19:59.872 32035 32625 I art     : Starting a blocking GC Explicit
08-05 19:19:59.914 32035 32625 I art     : Explicit concurrent mark sweep GC freed 3(96B) AllocSpace objects, 0(0B) LOS objects, 7% free, 184MB/200MB, paused 1.113ms total 41.634ms
08-05 19:19:59.975 32035 32035 D CompassActivity: start compass
08-05 19:19:59.976   918  3670 I sensors : batch
08-05 19:19:59.976   918  3670 I sensors : activate
08-05 19:19:59.977   918  6029 I sensors : batch
08-05 19:19:59.977   918  6029 I sensors : activate
08-05 19:19:59.981 32035 32035 I Choreographer: Skipped 32 frames!  The application may be doing too much work on its main thread.
08-05 19:19:59.983   918  3188 I hubconnection: sensorhub said: 'batch 1 flags:0, sampling_rate_Hz:50.00, max_report_latency_us:0'
08-05 19:19:59.985   918  3188 I hubconnection: sensorhub said: 'activate 1 enable:1'
08-05 19:19:59.986   918  3188 I hubconnection: sensorhub said: 'batch 3 flags:0, sampling_rate_Hz:50.00, max_report_latency_us:0'
08-05 19:19:59.987   918  3188 I hubconnection: sensorhub said: 'activate 3 enable:1'
08-05 19:19:59.990   512  2967 D audio_hw_primary: disable_audio_route: reset and update mixer path: low-latency-playback speaker
08-05 19:19:59.991   512  2967 D audio_hw_primary: disable_snd_device: snd_device(2: speaker)
08-05 19:20:00.003   512  2967 I soundtrigger: audio_extn_sound_trigger_update_device_status: device 0x2 of type 0 for Event 0
08-05 19:20:00.043 13866 13866 I GoogleInputMethodServic: GoogleInputMethodService.onFinishInput():3138 
08-05 19:20:00.044 13866 13866 I GoogleInputMethodServic: GoogleInputMethodService.onStartInput():1808 
08-05 19:20:00.177 32035 32035 D CompassActivity: will set rotation from 0.0 to 180.49997
08-05 19:20:00.178 32035 32035 D CompassActivity: will set rotation from 180.49997 to 180.72154
08-05 19:20:00.178 32035 32035 D CompassActivity: will set rotation from 180.72154 to 180.7319
08-05 19:20:00.178 32035 32035 D CompassActivity: will set rotation from 180.7319 to 180.637
08-05 19:20:00.178 32035 32035 D CompassActivity: will set rotation from 180.637 to 180.63971
08-05 19:20:00.183   918   936 I ActivityManager: Displayed baseline.io.github.project_travel_mate/.utilities.CompassActivity: +751ms
08-05 19:20:00.268 32035 32035 D CompassActivity: will set rotation from 180.63971 to 180.84862
08-05 19:20:00.268 32035 32035 D CompassActivity: will set rotation from 180.84862 to 180.83267
08-05 19:20:00.268 32035 32035 D CompassActivity: will set rotation from 180.83267 to 180.95535
08-05 19:20:00.269 32035 32035 D CompassActivity: will set rotation from 180.95535 to 180.95833
08-05 19:20:00.269 32035 32035 D CompassActivity: will set rotation from 180.95833 to 180.86513
08-05 19:20:00.269 32035 32035 D CompassActivity: will set rotation from 180.86513 to 180.86108
08-05 19:20:00.269 32035 32035 D CompassActivity: will set rotation from 180.86108 to 180.8752
08-05 19:20:00.269 32035 32035 D CompassActivity: will set rotation from 180.8752 to 180.87413
08-05 19:20:00.306 32035 32096 I art     : Starting a blocking GC Explicit
08-05 19:20:00.351 32035 32035 D CompassActivity: will set rotation from 180.87413 to 180.94601
08-05 19:20:00.351 32035 32035 D CompassActivity: will set rotation from 180.94601 to 180.9517
08-05 19:20:00.351 32035 32035 D CompassActivity: will set rotation from 180.9517 to 181.00763
08-05 19:20:00.351 32035 32035 D CompassActivity: will set rotation from 181.00763 to 181.00601
08-05 19:20:00.351 32035 32035 D CompassActivity: will set rotation from 181.00601 to 181.0572
08-05 19:20:00.351 32035 32035 D CompassActivity: will set rotation from 181.0572 to 181.0563
08-05 19:20:00.352 32035 32035 D CompassActivity: will set rotation from 181.0563 to 181.1019
08-05 19:20:00.352 32035 32035 D CompassActivity: will set rotation from 181.1019 to 181.0991
08-05 19:20:00.352 32035 32035 D CompassActivity: will set rotation from 181.0991 to 181.08061
08-05 19:20:00.352 32035 32035 D CompassActivity: will set rotation from 181.08061 to 181.08524
08-05 19:20:00.358 32035 32096 I art     : Explicit concurrent mark sweep GC freed 2049(120KB) AllocSpace objects, 2(36KB) LOS objects, 7% free, 187MB/203MB, paused 1.091ms total 51.730ms
08-05 19:20:00.374 32035 32096 I art     : Starting a blocking GC Explicit
08-05 19:20:00.382 32035 32035 D CompassActivity: will set rotation from 181.08524 to 181.0293
08-05 19:20:00.383 32035 32035 D CompassActivity: will set rotation from 181.0293 to 181.02994
08-05 19:20:00.391 32035 32035 D CompassActivity: will set rotation from 181.02994 to 180.9835
08-05 19:20:00.392 32035 32035 D CompassActivity: will set rotation from 180.9835 to 180.98062
08-05 19:20:00.411 32035 32035 D CompassActivity: will set rotation from 180.98062 to 180.90543
08-05 19:20:00.412 32035 32035 D CompassActivity: will set rotation from 180.90543 to 180.90454
08-05 19:20:00.414 32035 32096 I art     : Explicit concurrent mark sweep GC freed 409(17KB) AllocSpace objects, 0(0B) LOS objects, 7% free, 187MB/203MB, paused 1.001ms total 39.473ms
08-05 19:20:00.430 32035 32096 I art     : Starting a blocking GC Explicit
08-05 19:20:00.432   380   380 W SurfaceFlinger: couldn't log to binary event log: overflow.
08-05 19:20:00.432 32035 32035 D CompassActivity: will set rotation from 180.90454 to 180.90973
08-05 19:20:00.433 32035 32035 D CompassActivity: will set rotation from 180.90973 to 180.9128
08-05 19:20:00.451 32035 32035 D CompassActivity: will set rotation from 180.9128 to 180.9528
08-05 19:20:00.451 32035 32035 D CompassActivity: will set rotation from 180.9528 to 180.95262
08-05 19:20:00.469 32035 32096 I art     : Explicit concurrent mark sweep GC freed 96(4KB) AllocSpace objects, 0(0B) LOS objects, 7% free, 187MB/203MB, paused 942us total 38.149ms
08-05 19:20:00.471 32035 32035 D CompassActivity: will set rotation from 180.95262 to 180.98755
08-05 19:20:00.471 32035 32035 D CompassActivity: will set rotation from 180.98755 to 180.98888
08-05 19:20:00.485 32035 32096 I art     : Starting a blocking GC Explicit
08-05 19:20:00.491 32035 32035 D CompassActivity: will set rotation from 180.98888 to 181.02472
08-05 19:20:00.491 32035 32035 D CompassActivity: will set rotation from 181.02472 to 181.0237
08-05 19:20:00.511 32035 32035 D CompassActivity: will set rotation from 181.0237 to 181.02351
08-05 19:20:00.512 32035 32035 D CompassActivity: will set rotation from 181.02351 to 181.02574
08-05 19:20:00.523 32035 32096 I art     : Explicit concurrent mark sweep GC freed 110(5KB) AllocSpace objects, 0(0B) LOS objects, 7% free, 187MB/203MB, paused 927us total 38.091ms
08-05 19:20:00.533 32035 32035 D CompassActivity: will set rotation from 181.02574 to 181.0872
08-05 19:20:00.533 32035 32035 D CompassActivity: will set rotation from 181.0872 to 181.08382
08-05 19:20:00.540 32035 32096 I art     : Starting a blocking GC Explicit
08-05 19:20:00.584 32035 32096 I art     : Explicit concurrent mark sweep GC freed 95(4KB) AllocSpace objects, 0(0B) LOS objects, 7% free, 187MB/203MB, paused 1.048ms total 42.891ms
08-05 19:20:00.633 32035 32035 D CompassActivity: will set rotation from 181.08382 to 181.13716
08-05 19:20:00.633 32035 32035 D CompassActivity: will set rotation from 181.13716 to 181.13585
08-05 19:20:00.633 32035 32035 D CompassActivity: will set rotation from 181.13585 to 181.09781
08-05 19:20:00.633 32035 32035 D CompassActivity: will set rotation from 181.09781 to 181.10007
08-05 19:20:00.633 32035 32035 D CompassActivity: will set rotation from 181.10007 to 181.06885
08-05 19:20:00.633 32035 32035 D CompassActivity: will set rotation from 181.06885 to 181.0727
08-05 19:20:00.634 32035 32035 D CompassActivity: will set rotation from 181.0727 to 181.06984
08-05 19:20:00.634 32035 32035 D CompassActivity: will set rotation from 181.06984 to 181.07056
08-05 19:20:00.634 32035 32035 D CompassActivity: will set rotation from 181.07056 to 181.04185
08-05 19:20:00.634 32035 32035 D CompassActivity: will set rotation from 181.04185 to 181.04314
08-05 19:20:00.652 32035 32035 D CompassActivity: will set rotation from 181.04314 to 181.06819
08-05 19:20:00.652 32035 32035 D CompassActivity: will set rotation from 181.06819 to 181.0683
08-05 19:20:00.671 32035 32035 D CompassActivity: will set rotation from 181.0683 to 181.08977
08-05 19:20:00.671 32035 32035 D CompassActivity: will set rotation from 181.08977 to 181.08878
08-05 19:20:00.690 32035 32035 D CompassActivity: will set rotation from 181.08878 to 181.0412
08-05 19:20:00.690 32035 32035 D CompassActivity: will set rotation from 181.0412 to 181.04095
08-05 19:20:00.711 32035 32035 D CompassActivity: will set rotation from 181.04095 to 181.06061
08-05 19:20:00.712 32035 32035 D CompassActivity: will set rotation from 181.06061 to 181.06023
08-05 19:20:00.731 32035 32035 D CompassActivity: will set rotation from 181.06023 to 181.10612
08-05 19:20:00.731 32035 32035 D CompassActivity: will set rotation from 181.10612 to 181.10475
08-05 19:20:00.751 32035 32035 D CompassActivity: will set rotation from 181.10475 to 181.149
08-05 19:20:00.754 32035 32035 D CompassActivity: will set rotation from 181.149 to 181.14769
08-05 19:20:00.772 32035 32035 D CompassActivity: will set rotation from 181.14769 to 181.18771
08-05 19:20:00.772 32035 32035 D CompassActivity: will set rotation from 181.18771 to 181.18755
08-05 19:20:00.790 32035 32035 D CompassActivity: will set rotation from 181.18755 to 181.17902
08-05 19:20:00.791 32035 32035 D CompassActivity: will set rotation from 181.17902 to 181.1801
08-05 19:20:00.810 32035 32035 D CompassActivity: will set rotation from 181.1801 to 181.19536
08-05 19:20:00.811 32035 32035 D CompassActivity: will set rotation from 181.19536 to 181.19551
08-05 19:20:00.830 32035 32035 D CompassActivity: will set rotation from 181.19551 to 181.20985
08-05 19:20:00.831 32035 32035 D CompassActivity: will set rotation from 181.20985 to 181.21008
08-05 19:20:00.851 32035 32035 D CompassActivity: will set rotation from 181.21008 to 181.22011
08-05 19:20:00.852 32035 32035 D CompassActivity: will set rotation from 181.22011 to 181.21881
08-05 19:20:00.870 32035 32035 D CompassActivity: will set rotation from 181.21881 to 181.20839
08-05 19:20:00.871 32035 32035 D CompassActivity: will set rotation from 181.20839 to 181.20807
08-05 19:20:00.890 32035 32035 D CompassActivity: will set rotation from 181.20807 to 181.17982
08-05 19:20:00.890 32035 32035 D CompassActivity: will set rotation from 181.17982 to 181.18004
08-05 19:20:00.910 32035 32035 D CompassActivity: will set rotation from 181.18004 to 181.17113
08-05 19:20:00.910 32035 32035 D CompassActivity: will set rotation from 181.17113 to 181.17131
08-05 19:20:00.930 32035 32035 D CompassActivity: will set rotation from 181.17131 to 181.20546
08-05 19:20:00.930 32035 32035 D CompassActivity: will set rotation from 181.20546 to 181.20634
08-05 19:20:00.952 32035 32035 D CompassActivity: will set rotation from 181.20634 to 181.17744
08-05 19:20:00.953 32035 32035 D CompassActivity: will set rotation from 181.17744 to 181.17865
08-05 19:20:00.972 32035 32035 D CompassActivity: will set rotation from 181.17865 to 181.17062
08-05 19:20:00.973 32035 32035 D CompassActivity: will set rotation from 181.17062 to 181.17192
08-05 19:20:00.990 32035 32035 D CompassActivity: will set rotation from 181.17192 to 181.18436
08-05 19:20:00.990 32035 32035 D CompassActivity: will set rotation from 181.18436 to 181.18367
08-05 19:20:00.995 32035 32096 I art     : Starting a blocking GC Explicit
08-05 19:20:01.009 32035 32035 D CompassActivity: will set rotation from 181.18367 to 181.19551
08-05 19:20:01.010 32035 32035 D CompassActivity: will set rotation from 181.19551 to 181.1957
08-05 19:20:01.029 32035 32035 D CompassActivity: will set rotation from 181.1957 to 181.2277
08-05 19:20:01.030 32035 32035 D CompassActivity: will set rotation from 181.2277 to 181.23106
08-05 19:20:01.046 32035 32096 I art     : Explicit concurrent mark sweep GC freed 2081(123KB) AllocSpace objects, 2(36KB) LOS objects, 7% free, 187MB/203MB, paused 1.069ms total 51.114ms
08-05 19:20:01.054 32035 32035 D CompassActivity: will set rotation from 181.23106 to 181.24323
08-05 19:20:01.054 32035 32035 D CompassActivity: will set rotation from 181.24323 to 181.2444
08-05 19:20:01.066 32035 32096 I art     : Starting a blocking GC Explicit
08-05 19:20:01.072 32035 32035 D CompassActivity: will set rotation from 181.2444 to 181.27223
08-05 19:20:01.072 32035 32035 D CompassActivity: will set rotation from 181.27223 to 181.27098
08-05 19:20:01.090 32035 32035 D CompassActivity: will set rotation from 181.27098 to 181.2613
08-05 19:20:01.090 32035 32035 D CompassActivity: will set rotation from 181.2613 to 181.26128
08-05 19:20:01.109 32035 32035 D CompassActivity: will set rotation from 181.26128 to 181.27023
08-05 19:20:01.110 32035 32035 D CompassActivity: will set rotation from 181.27023 to 181.26935
08-05 19:20:01.119 32035 32096 I art     : Explicit concurrent mark sweep GC freed 783(31KB) AllocSpace objects, 0(0B) LOS objects, 7% free, 187MB/203MB, paused 1.304ms total 52.374ms
08-05 19:20:01.129 32035 32035 D CompassActivity: will set rotation from 181.26935 to 181.25816
08-05 19:20:01.130 32035 32035 D CompassActivity: will set rotation from 181.25816 to 181.25912
08-05 19:20:01.139 32035 32096 I art     : Starting a blocking GC Explicit
08-05 19:20:01.149 32035 32035 D CompassActivity: will set rotation from 181.25912 to 181.26932
08-05 19:20:01.150 32035 32035 D CompassActivity: will set rotation from 181.26932 to 181.27087
08-05 19:20:01.171 32035 32035 D CompassActivity: will set rotation from 181.27087 to 181.2798
08-05 19:20:01.171 32035 32035 D CompassActivity: will set rotation from 181.2798 to 181.27806
08-05 19:20:01.191 32035 32096 I art     : Explicit concurrent mark sweep GC freed 161(7KB) AllocSpace objects, 0(0B) LOS objects, 7% free, 187MB/203MB, paused 963us total 52.270ms
08-05 19:20:01.192 32035 32035 D CompassActivity: will set rotation from 181.27806 to 181.28691
08-05 19:20:01.193 32035 32035 D CompassActivity: will set rotation from 181.28691 to 181.28648
08-05 19:20:01.209 32035 32035 D CompassActivity: will set rotation from 181.28648 to 181.26
08-05 19:20:01.210 32035 32035 D CompassActivity: will set rotation from 181.26 to 181.26064
08-05 19:20:01.211 32035 32096 I art     : Starting a blocking GC Explicit
08-05 19:20:01.229 32035 32035 D CompassActivity: will set rotation from 181.26064 to 181.25108
08-05 19:20:01.229 32035 32035 D CompassActivity: will set rotation from 181.25108 to 181.25014
08-05 19:20:01.248 32035 32035 D CompassActivity: will set rotation from 181.25014 to 181.26051
08-05 19:20:01.249 32035 32035 D CompassActivity: will set rotation from 181.26051 to 181.26128
08-05 19:20:01.264 32035 32096 I art     : Explicit concurrent mark sweep GC freed 146(7KB) AllocSpace objects, 0(0B) LOS objects, 7% free, 187MB/203MB, paused 1.111ms total 52.379ms
08-05 19:20:01.270 32035 32035 D CompassActivity: will set rotation from 181.26128 to 181.2701
08-05 19:20:01.271 32035 32035 D CompassActivity: will set rotation from 181.2701 to 181.27264
08-05 19:20:01.284 32035 32096 I art     : Starting a blocking GC Explicit
08-05 19:20:01.289 32035 32035 D CompassActivity: will set rotation from 181.27264 to 181.266
08-05 19:20:01.289 32035 32035 D CompassActivity: will set rotation from 181.266 to 181.26509
08-05 19:20:01.310 32035 32035 D CompassActivity: will set rotation from 181.26509 to 181.27106
08-05 19:20:01.310 32035 32035 D CompassActivity: will set rotation from 181.27106 to 181.27095
08-05 19:20:01.329 32035 32035 D CompassActivity: will set rotation from 181.27095 to 181.26091
08-05 19:20:01.330 32035 32035 D CompassActivity: will set rotation from 181.26091 to 181.2613
08-05 19:20:01.337 32035 32096 I art     : Explicit concurrent mark sweep GC freed 175(8KB) AllocSpace objects, 0(0B) LOS objects, 7% free, 187MB/203MB, paused 1.390ms total 52.562ms
08-05 19:20:01.349 32035 32035 D CompassActivity: will set rotation from 181.2613 to 181.25325
08-05 19:20:01.350 32035 32035 D CompassActivity: will set rotation from 181.25325 to 181.2532
08-05 19:20:01.370 32035 32035 D CompassActivity: will set rotation from 181.2532 to 181.22568
08-05 19:20:01.371 32035 32035 D CompassActivity: will set rotation from 181.22568 to 181.22728
08-05 19:20:01.390 32035 32035 D CompassActivity: will set rotation from 181.22728 to 181.21971
08-05 19:20:01.391 32035 32035 D CompassActivity: will set rotation from 181.21971 to 181.22127
08-05 19:20:01.408 32035 32035 D CompassActivity: will set rotation from 181.22127 to 181.23015
08-05 19:20:01.408 32035 32035 D CompassActivity: will set rotation from 181.23015 to 181.2304
08-05 19:20:01.428 32035 32035 D CompassActivity: will set rotation from 181.2304 to 181.19254
08-05 19:20:01.429 32035 32035 D CompassActivity: will set rotation from 181.19254 to 181.19316
08-05 19:20:01.448 32035 32035 D CompassActivity: will set rotation from 181.19316 to 181.21931
08-05 19:20:01.449 32035 32035 D CompassActivity: will set rotation from 181.21931 to 181.21939
08-05 19:20:01.472 32035 32035 D CompassActivity: will set rotation from 181.21939 to 181.18097
08-05 19:20:01.472 32035 32035 D CompassActivity: will set rotation from 181.18097 to 181.1824
08-05 19:20:01.489 32035 32035 D CompassActivity: will set rotation from 181.1824 to 181.1779
08-05 19:20:01.490 32035 32035 D CompassActivity: will set rotation from 181.1779 to 181.17802
08-05 19:20:01.508 32035 32035 D CompassActivity: will set rotation from 181.17802 to 181.19058
08-05 19:20:01.508 32035 32035 D CompassActivity: will set rotation from 181.19058 to 181.1906
08-05 19:20:01.528 32035 32035 D CompassActivity: will set rotation from 181.1906 to 181.16832
08-05 19:20:01.528 32035 32035 D CompassActivity: will set rotation from 181.16832 to 181.16844
08-05 19:20:01.548 32035 32035 D CompassActivity: will set rotation from 181.16844 to 181.18008
08-05 19:20:01.549 32035 32035 D CompassActivity: will set rotation from 181.18008 to 181.17946
08-05 19:20:01.570 32035 32035 D CompassActivity: will set rotation from 181.17946 to 181.1911
08-05 19:20:01.571 32035 32035 D CompassActivity: will set rotation from 181.1911 to 181.19252
08-05 19:20:01.588 32035 32035 D CompassActivity: will set rotation from 181.19252 to 181.18379
08-05 19:20:01.589 32035 32035 D CompassActivity: will set rotation from 181.18379 to 181.18475
08-05 19:20:01.607 32035 32035 D CompassActivity: will set rotation from 181.18475 to 181.1605
08-05 19:20:01.608 32035 32035 D CompassActivity: will set rotation from 181.1605 to 181.15984
08-05 19:20:01.627 32035 32035 D CompassActivity: will set rotation from 181.15984 to 181.16681
08-05 19:20:01.628 32035 32035 D CompassActivity: will set rotation from 181.16681 to 181.16602
08-05 19:20:01.647 32035 32035 D CompassActivity: will set rotation from 181.16602 to 181.1764
08-05 19:20:01.647 32035 32035 D CompassActivity: will set rotation from 181.1764 to 181.17628
08-05 19:20:01.667 32035 32035 D CompassActivity: will set rotation from 181.17628 to 181.20053
08-05 19:20:01.667 32035 32035 D CompassActivity: will set rotation from 181.20053 to 181.19945
08-05 19:20:01.688 32035 32035 D CompassActivity: will set rotation from 181.19945 to 181.19002
08-05 19:20:01.689 32035 32035 D CompassActivity: will set rotation from 181.19002 to 181.189
08-05 19:20:01.707 32035 32035 D CompassActivity: will set rotation from 181.189 to 181.1673
08-05 19:20:01.707 32035 32035 D CompassActivity: will set rotation from 181.1673 to 181.1671
08-05 19:20:01.727 32035 32035 D CompassActivity: will set rotation from 181.1671 to 181.16156
08-05 19:20:01.728 32035 32035 D CompassActivity: will set rotation from 181.16156 to 181.15973
08-05 19:20:01.746 32035 32035 D CompassActivity: will set rotation from 181.15973 to 181.16927
08-05 19:20:01.747 32035 32035 D CompassActivity: will set rotation from 181.16927 to 181.17009
08-05 19:20:01.766 32035 32035 D CompassActivity: will set rotation from 181.17009 to 181.18114
08-05 19:20:01.767 32035 32035 D CompassActivity: will set rotation from 181.18114 to 181.18137
08-05 19:20:01.777 32035 32625 I art     : Starting a blocking GC Explicit
08-05 19:20:01.789 32035 32035 D CompassActivity: will set rotation from 181.18137 to 181.1741
08-05 19:20:01.789 32035 32035 D CompassActivity: will set rotation from 181.1741 to 181.1743
08-05 19:20:01.807 32035 32035 D CompassActivity: will set rotation from 181.1743 to 181.18332
08-05 19:20:01.807 32035 32035 D CompassActivity: will set rotation from 181.18332 to 181.18279
08-05 19:20:01.827 32035 32035 D CompassActivity: will set rotation from 181.18279 to 181.16063
08-05 19:20:01.827 32035 32035 D CompassActivity: will set rotation from 181.16063 to 181.16043
08-05 19:20:01.832 32035 32625 I art     : Explicit concurrent mark sweep GC freed 2132(125KB) AllocSpace objects, 2(36KB) LOS objects, 7% free, 187MB/203MB, paused 1.242ms total 54.385ms
08-05 19:20:01.846 32035 32035 D CompassActivity: will set rotation from 181.16043 to 181.15323
08-05 19:20:01.846 32035 32035 D CompassActivity: will set rotation from 181.15323 to 181.15134
08-05 19:20:01.853 32035 32625 I art     : Starting a blocking GC Explicit
08-05 19:20:01.866 32035 32035 D CompassActivity: will set rotation from 181.15134 to 181.14536
08-05 19:20:01.866 32035 32035 D CompassActivity: will set rotation from 181.14536 to 181.14719
08-05 19:20:01.888   518   646 I ThermalEngine: ACTION: GPU - Setting GPU[0] to 390000000
08-05 19:20:01.893 32035 32035 D CompassActivity: will set rotation from 181.14719 to 181.14171
08-05 19:20:01.893 32035 32035 D CompassActivity: will set rotation from 181.14171 to 181.14182
08-05 19:20:01.907 32035 32035 D CompassActivity: will set rotation from 181.14182 to 181.15178
08-05 19:20:01.907 32035 32035 D CompassActivity: will set rotation from 181.15178 to 181.14987
08-05 19:20:01.928 32035 32035 D CompassActivity: will set rotation from 181.14987 to 181.16101
08-05 19:20:01.929 32035 32625 I art     : Explicit concurrent mark sweep GC freed 795(31KB) AllocSpace objects, 0(0B) LOS objects, 7% free, 187MB/203MB, paused 1.878ms total 75.034ms
08-05 19:20:01.929 32035 32035 D CompassActivity: will set rotation from 181.16101 to 181.15894
08-05 19:20:01.946 32035 32035 D CompassActivity: will set rotation from 181.15894 to 181.18506
08-05 19:20:01.947 32035 32035 D CompassActivity: will set rotation from 181.18506 to 181.1844
08-05 19:20:01.957 32035 32625 I art     : Starting a blocking GC Explicit
08-05 19:20:01.966 32035 32035 D CompassActivity: will set rotation from 181.1844 to 181.22588
08-05 19:20:01.967 32035 32035 D CompassActivity: will set rotation from 181.22588 to 181.22685
08-05 19:20:01.990 32035 32035 D CompassActivity: will set rotation from 181.22685 to 181.23746
08-05 19:20:01.990 32035 32035 D CompassActivity: will set rotation from 181.23746 to 181.23619
08-05 19:20:02.009 32035 32035 D CompassActivity: will set rotation from 181.23619 to 181.24474
08-05 19:20:02.010 32035 32035 D CompassActivity: will set rotation from 181.24474 to 181.24574
08-05 19:20:02.030 32035 32035 D CompassActivity: will set rotation from 181.24574 to 181.23819
08-05 19:20:02.031 32035 32035 D CompassActivity: will set rotation from 181.23819 to 181.23886
08-05 19:20:02.032 32035 32625 I art     : Explicit concurrent mark sweep GC freed 205(10KB) AllocSpace objects, 0(0B) LOS objects, 7% free, 187MB/203MB, paused 2.240ms total 74.124ms
08-05 19:20:02.045 32035 32035 D CompassActivity: will set rotation from 181.23886 to 181.23164
08-05 19:20:02.046 32035 32035 D CompassActivity: will set rotation from 181.23164 to 181.23221
08-05 19:20:02.062 32035 32625 I art     : Starting a blocking GC Explicit
08-05 19:20:02.065 32035 32035 D CompassActivity: will set rotation from 181.23221 to 181.22621
08-05 19:20:02.066 32035 32035 D CompassActivity: will set rotation from 181.22621 to 181.22673
08-05 19:20:02.090 32035 32035 D CompassActivity: will set rotation from 181.22673 to 181.25124
08-05 19:20:02.090 32035 32035 D CompassActivity: will set rotation from 181.25124 to 181.25119
08-05 19:20:02.110 32035 32035 D CompassActivity: will set rotation from 181.25119 to 181.26
08-05 19:20:02.110 32035 32035 D CompassActivity: will set rotation from 181.26 to 181.25922
08-05 19:20:02.133 32035 32035 D CompassActivity: will set rotation from 181.25922 to 181.28366
08-05 19:20:02.134 32035 32035 D CompassActivity: will set rotation from 181.28366 to 181.28282
08-05 19:20:02.135 32035 32625 I art     : Explicit concurrent mark sweep GC freed 202(10KB) AllocSpace objects, 0(0B) LOS objects, 7% free, 187MB/203MB, paused 2.283ms total 72.524ms
08-05 19:20:02.149 32035 32035 D CompassActivity: will set rotation from 181.28282 to 181.27386
08-05 19:20:02.149 32035 32035 D CompassActivity: will set rotation from 181.27386 to 181.27406
08-05 19:20:02.163 32035 32625 I art     : Starting a blocking GC Explicit
08-05 19:20:02.164 32035 32035 D CompassActivity: will set rotation from 181.27406 to 181.25153
08-05 19:20:02.165 32035 32035 D CompassActivity: will set rotation from 181.25153 to 181.25232
08-05 19:20:02.189 32035 32035 D CompassActivity: will set rotation from 181.25232 to 181.22884
08-05 19:20:02.189 32035 32035 D CompassActivity: will set rotation from 181.22884 to 181.2283
08-05 19:20:02.207 32035 32035 D CompassActivity: will set rotation from 181.2283 to 181.26456
08-05 19:20:02.207 32035 32035 D CompassActivity: will set rotation from 181.26456 to 181.26443
08-05 19:20:02.224 32035 32625 I art     : Explicit concurrent mark sweep GC freed 218(10KB) AllocSpace objects, 0(0B) LOS objects, 7% free, 187MB/203MB, paused 1.750ms total 60.801ms
08-05 19:20:02.225 32035 32035 D CompassActivity: will set rotation from 181.26443 to 181.27165
08-05 19:20:02.232 32035 32035 D CompassActivity: will set rotation from 181.27165 to 181.27226
08-05 19:20:02.244 32035 32035 D CompassActivity: will set rotation from 181.27226 to 181.29364
08-05 19:20:02.245 32035 32035 D CompassActivity: will set rotation from 181.29364 to 181.29355
08-05 19:20:02.264 32035 32035 D CompassActivity: will set rotation from 181.29355 to 181.26994
08-05 19:20:02.265 32035 32035 D CompassActivity: will set rotation from 181.26994 to 181.2702
08-05 19:20:02.284 32035 32035 D CompassActivity: will set rotation from 181.2702 to 181.27753
08-05 19:20:02.285 32035 32035 D CompassActivity: will set rotation from 181.27753 to 181.27652
08-05 19:20:02.306 32035 32035 D CompassActivity: will set rotation from 181.27652 to 181.28258
08-05 19:20:02.307 32035 32035 D CompassActivity: will set rotation from 181.28258 to 181.2818
08-05 19:20:02.324 32035 32035 D CompassActivity: will set rotation from 181.2818 to 181.31917
08-05 19:20:02.325 32035 32035 D CompassActivity: will set rotation from 181.31917 to 181.31856
08-05 19:20:02.344 32035 32035 D CompassActivity: will set rotation from 181.31856 to 181.30994
08-05 19:20:02.344 32035 32035 D CompassActivity: will set rotation from 181.30994 to 181.30836
08-05 19:20:02.364 32035 32035 D CompassActivity: will set rotation from 181.30836 to 181.31267
08-05 19:20:02.364 32035 32035 D CompassActivity: will set rotation from 181.31267 to 181.31299
08-05 19:20:02.387 32035 32035 D CompassActivity: will set rotation from 181.31299 to 181.3195
08-05 19:20:02.388 32035 32035 D CompassActivity: will set rotation from 181.3195 to 181.31975
08-05 19:20:02.409 32035 32035 D CompassActivity: will set rotation from 181.31975 to 181.32536
08-05 19:20:02.410 32035 32035 D CompassActivity: will set rotation from 181.32536 to 181.32246
08-05 19:20:02.414  1321  1321 D AndroidRuntime: >>>>>> START com.android.internal.os.RuntimeInit uid 2000 <<<<<<
08-05 19:20:02.423  1321  1321 D AndroidRuntime: CheckJNI is OFF
08-05 19:20:02.425 32035 32035 D CompassActivity: will set rotation from 181.32246 to 181.34293
08-05 19:20:02.425 32035 32035 D CompassActivity: will set rotation from 181.34293 to 181.34364
08-05 19:20:02.444 32035 32035 D CompassActivity: will set rotation from 181.34364 to 181.34744
08-05 19:20:02.444 32035 32035 D CompassActivity: will set rotation from 181.34744 to 181.34813
08-05 19:20:02.465 32035 32035 D CompassActivity: will set rotation from 181.34813 to 181.35457
08-05 19:20:02.467 32035 32035 D CompassActivity: will set rotation from 181.35457 to 181.35344
08-05 19:20:02.484 32035 32035 D CompassActivity: will set rotation from 181.35344 to 181.35799
08-05 19:20:02.484 32035 32035 D CompassActivity: will set rotation from 181.35799 to 181.35747
08-05 19:20:02.501  1321  1321 D ICU     : No timezone override file found: /data/misc/zoneinfo/current/icu/icu_tzdata.dat
08-05 19:20:02.508 32035 32035 D CompassActivity: will set rotation from 181.35747 to 181.34514
08-05 19:20:02.508 32035 32035 D CompassActivity: will set rotation from 181.34514 to 181.3446
08-05 19:20:02.516 13866 13882 I PeriodicStatsRunner: PeriodicStatsRunner.call():175 call()
08-05 19:20:02.516 13866 13882 I PeriodicStatsRunner: PeriodicStatsRunner.call():179 No submit PeriodicStats since input started.
08-05 19:20:02.524 32035 32035 D CompassActivity: will set rotation from 181.3446 to 181.36288
08-05 19:20:02.525 32035 32035 D CompassActivity: will set rotation from 181.36288 to 181.36365
08-05 19:20:02.543 32035 32035 D CompassActivity: will set rotation from 181.36365 to 181.35324
08-05 19:20:02.543 32035 32035 D CompassActivity: will set rotation from 181.35324 to 181.35303
08-05 19:20:02.559  1321  1321 I Radio-JNI: register_android_hardware_Radio DONE
08-05 19:20:02.564 32035 32035 D CompassActivity: will set rotation from 181.35303 to 181.35954
08-05 19:20:02.564 32035 32035 D CompassActivity: will set rotation from 181.35954 to 181.35928
08-05 19:20:02.583 32035 32035 D CompassActivity: will set rotation from 181.35928 to 181.36327
08-05 19:20:02.583 32035 32035 D CompassActivity: will set rotation from 181.36327 to 181.3639
08-05 19:20:02.599  1321  1321 D AndroidRuntime: Calling main entry com.android.commands.input.Input
08-05 19:20:02.606  1321  1321 I Input   : injectKeyEvent: KeyEvent { action=ACTION_DOWN, keyCode=KEYCODE_BACK, scanCode=0, metaState=0, flags=0x0, repeatCount=0, eventTime=818419016, downTime=818419016, deviceId=-1, source=0x101 }
08-05 19:20:02.606 32035 32035 D CompassActivity: will set rotation from 181.3639 to 181.3691
08-05 19:20:02.607 32035 32035 D CompassActivity: will set rotation from 181.3691 to 181.36981
08-05 19:20:02.616  1321  1321 I Input   : injectKeyEvent: KeyEvent { action=ACTION_UP, keyCode=KEYCODE_BACK, scanCode=0, metaState=0, flags=0x0, repeatCount=0, eventTime=818419016, downTime=818419016, deviceId=-1, source=0x101 }
08-05 19:20:02.625 32035 32035 D CompassActivity: will set rotation from 181.36981 to 181.3887
08-05 19:20:02.625 32035 32035 D CompassActivity: will set rotation from 181.3887 to 181.38661
08-05 19:20:02.637  1321  1321 D AndroidRuntime: Shutting down VM
08-05 19:20:02.645   918  6111 I sensors : activate
08-05 19:20:02.647   918  4400 I sensors : activate
08-05 19:20:02.656   918  3188 I hubconnection: sensorhub said: 'activate 1 enable:0'
08-05 19:20:02.658   918  3188 I hubconnection: sensorhub said: 'activate 3 enable:0'
08-05 19:20:02.673 32035 32035 V MainActivity: url = https://project-travel-mate.herokuapp.com/api/number-of-unread-notifications
08-05 19:20:02.729 32035 32095 I art     : Starting a blocking GC Explicit
08-05 19:20:02.787 32035 32095 I art     : Explicit concurrent mark sweep GC freed 2505(140KB) AllocSpace objects, 2(36KB) LOS objects, 7% free, 187MB/203MB, paused 1.804ms total 58.325ms
08-05 19:20:02.811 32035 32095 I art     : Starting a blocking GC Explicit
08-05 19:20:02.813 13866 13866 I GoogleInputMethodServic: GoogleInputMethodService.onFinishInput():3138 
08-05 19:20:02.813 13866 13866 I GoogleInputMethodServic: GoogleInputMethodService.onStartInput():1808 
08-05 19:20:02.863 32035 32095 I art     : Explicit concurrent mark sweep GC freed 735(28KB) AllocSpace objects, 0(0B) LOS objects, 7% free, 187MB/203MB, paused 1.636ms total 51.898ms
08-05 19:20:02.884 32035 32095 I art     : Starting a blocking GC Explicit
08-05 19:20:02.932 32035 32095 I art     : Explicit concurrent mark sweep GC freed 47(2096B) AllocSpace objects, 0(0B) LOS objects, 7% free, 187MB/203MB, paused 1.513ms total 46.817ms
08-05 19:20:02.953 32035 32095 I art     : Starting a blocking GC Explicit
08-05 19:20:03.006 32035 32095 I art     : Explicit concurrent mark sweep GC freed 7(288B) AllocSpace objects, 0(0B) LOS objects, 7% free, 187MB/203MB, paused 1.916ms total 52.445ms
08-05 19:20:03.027 32035 32095 I art     : Starting a blocking GC Explicit
08-05 19:20:03.079 32035 32095 I art     : Explicit concurrent mark sweep GC freed 15(752B) AllocSpace objects, 0(0B) LOS objects, 7% free, 187MB/203MB, paused 1.831ms total 51.219ms
08-05 19:20:03.085 32035 32035 D CompassActivity: stop compass
08-05 19:20:03.085   380   380 W SurfaceFlinger: couldn't log to binary event log: overflow.
08-05 19:20:03.525 32035 32046 I art     : Starting a blocking GC Explicit
08-05 19:20:03.545 32035  1346 I NAPPA_EXPERIMENTATION: MetricNetworkRequestExecutionTime: REQUEST_DURATION_SYSTEM='869',REQUEST_DURATION_OKHTTP='36',REQUEST_SYNCHRONOUS='FALSE',RESPONSE_CODE='200',RESPONSE_METHOD='GET',RESPONSE_LENGTH_OKHTTP='36',RESPONSE_LENGTH_HEADER='36',REQUEST_PROTOCOL='http/1.1',REQUEST_URL='https://project-travel-mate.herokuapp.com/api/number-of-unread-notifications',
08-05 19:20:03.591 32035 32046 I art     : Explicit concurrent mark sweep GC freed 4405(242KB) AllocSpace objects, 5(236KB) LOS objects, 7% free, 187MB/203MB, paused 2.228ms total 64.306ms
08-05 19:20:03.616 32035 32046 I art     : Starting a blocking GC Explicit
08-05 19:20:03.691 32035 32046 I art     : Explicit concurrent mark sweep GC freed 2369(204KB) AllocSpace objects, 3(52MB) LOS objects, 10% free, 135MB/151MB, paused 1.642ms total 74.397ms
08-05 19:20:03.713 32035 32046 I art     : Starting a blocking GC Explicit
08-05 19:20:03.769 32035 32046 I art     : Explicit concurrent mark sweep GC freed 3(96B) AllocSpace objects, 0(0B) LOS objects, 10% free, 135MB/151MB, paused 1.646ms total 55.663ms
08-05 19:20:03.793 32035 32046 I art     : Starting a blocking GC Explicit
08-05 19:20:03.851 32035 32046 I art     : Explicit concurrent mark sweep GC freed 3(96B) AllocSpace objects, 0(0B) LOS objects, 10% free, 135MB/151MB, paused 1.892ms total 57.784ms
08-05 19:20:03.879 32035 32046 I art     : Starting a blocking GC Explicit
08-05 19:20:03.933 32035 32046 I art     : Explicit concurrent mark sweep GC freed 3(96B) AllocSpace objects, 0(0B) LOS objects, 10% free, 135MB/151MB, paused 1.700ms total 53.558ms
08-05 19:20:04.367 32035 32625 I art     : Starting a blocking GC Explicit
08-05 19:20:04.419 32035 32625 I art     : Explicit concurrent mark sweep GC freed 1628(94KB) AllocSpace objects, 2(36KB) LOS objects, 10% free, 135MB/151MB, paused 1.769ms total 51.248ms
08-05 19:20:04.440 32035 32625 I art     : Starting a blocking GC Explicit
08-05 19:20:04.490 32035 32625 I art     : Explicit concurrent mark sweep GC freed 37(1328B) AllocSpace objects, 0(0B) LOS objects, 10% free, 135MB/151MB, paused 1.718ms total 49.575ms
08-05 19:20:04.513 32035 32625 I art     : Starting a blocking GC Explicit
08-05 19:20:04.572 32035 32625 I art     : Explicit concurrent mark sweep GC freed 10(320B) AllocSpace objects, 0(0B) LOS objects, 10% free, 135MB/151MB, paused 2.432ms total 58.636ms
08-05 19:20:04.579  1359  1359 D AndroidRuntime: >>>>>> START com.android.internal.os.RuntimeInit uid 2000 <<<<<<
08-05 19:20:04.585  1359  1359 D AndroidRuntime: CheckJNI is OFF
08-05 19:20:04.595 32035 32625 I art     : Starting a blocking GC Explicit
08-05 19:20:04.634 32009 32009 I ServiceManager: Waiting for service AtCmdFwd...
08-05 19:20:04.638  1359  1359 D ICU     : No timezone override file found: /data/misc/zoneinfo/current/icu/icu_tzdata.dat
08-05 19:20:04.646 32035 32625 I art     : Explicit concurrent mark sweep GC freed 33(896B) AllocSpace objects, 0(0B) LOS objects, 10% free, 135MB/151MB, paused 1.719ms total 50.417ms
08-05 19:20:04.668 32035 32625 I art     : Starting a blocking GC Explicit
08-05 19:20:04.682  1359  1359 I Radio-JNI: register_android_hardware_Radio DONE
08-05 19:20:04.713  1359  1359 D AndroidRuntime: Calling main entry com.android.commands.input.Input
08-05 19:20:04.716  1359  1359 I Input   : injectMotionEvent: MotionEvent { action=ACTION_DOWN, actionButton=0, id[0]=0, x[0]=500.0, y[0]=2000.0, toolType[0]=TOOL_TYPE_UNKNOWN, buttonState=0, metaState=0, flags=0x0, edgeFlags=0x0, pointerCount=1, historySize=0, eventTime=818421129, downTime=818421129, deviceId=0, source=0x1002 }
08-05 19:20:04.721 32035 32625 I art     : Explicit concurrent mark sweep GC freed 4(128B) AllocSpace objects, 0(0B) LOS objects, 10% free, 135MB/151MB, paused 1.712ms total 52.659ms
08-05 19:20:04.723  1359  1359 I Input   : injectMotionEvent: MotionEvent { action=ACTION_MOVE, actionButton=0, id[0]=0, x[0]=500.0, y[0]=2000.0, toolType[0]=TOOL_TYPE_UNKNOWN, buttonState=0, metaState=0, flags=0x0, edgeFlags=0x0, pointerCount=1, historySize=0, eventTime=818421129, downTime=818421129, deviceId=0, source=0x1002 }
08-05 19:20:04.737  1359  1359 I Input   : injectMotionEvent: MotionEvent { action=ACTION_MOVE, actionButton=0, id[0]=0, x[0]=500.0, y[0]=1958.2, toolType[0]=TOOL_TYPE_UNKNOWN, buttonState=0, metaState=0, flags=0x0, edgeFlags=0x0, pointerCount=1, historySize=0, eventTime=818421151, downTime=818421151, deviceId=0, source=0x1002 }
08-05 19:20:04.756  1359  1359 I Input   : injectMotionEvent: MotionEvent { action=ACTION_MOVE, actionButton=0, id[0]=0, x[0]=500.0, y[0]=1924.0, toolType[0]=TOOL_TYPE_UNKNOWN, buttonState=0, metaState=0, flags=0x0, edgeFlags=0x0, pointerCount=1, historySize=0, eventTime=818421169, downTime=818421169, deviceId=0, source=0x1002 }
08-05 19:20:04.781  1359  1359 I Input   : injectMotionEvent: MotionEvent { action=ACTION_MOVE, actionButton=0, id[0]=0, x[0]=500.0, y[0]=1874.6, toolType[0]=TOOL_TYPE_UNKNOWN, buttonState=0, metaState=0, flags=0x0, edgeFlags=0x0, pointerCount=1, historySize=0, eventTime=818421195, downTime=818421195, deviceId=0, source=0x1002 }
08-05 19:20:04.805  1359  1359 I Input   : injectMotionEvent: MotionEvent { action=ACTION_MOVE, actionButton=0, id[0]=0, x[0]=500.0, y[0]=1830.9, toolType[0]=TOOL_TYPE_UNKNOWN, buttonState=0, metaState=0, flags=0x0, edgeFlags=0x0, pointerCount=1, historySize=0, eventTime=818421218, downTime=818421218, deviceId=0, source=0x1002 }
08-05 19:20:04.822  1359  1359 I Input   : injectMotionEvent: MotionEvent { action=ACTION_MOVE, actionButton=0, id[0]=0, x[0]=500.0, y[0]=1798.6, toolType[0]=TOOL_TYPE_UNKNOWN, buttonState=0, metaState=0, flags=0x0, edgeFlags=0x0, pointerCount=1, historySize=0, eventTime=818421235, downTime=818421235, deviceId=0, source=0x1002 }
08-05 19:20:04.840  1359  1359 I Input   : injectMotionEvent: MotionEvent { action=ACTION_MOVE, actionButton=0, id[0]=0, x[0]=500.0, y[0]=1764.4, toolType[0]=TOOL_TYPE_UNKNOWN, buttonState=0, metaState=0, flags=0x0, edgeFlags=0x0, pointerCount=1, historySize=0, eventTime=818421253, downTime=818421253, deviceId=0, source=0x1002 }
08-05 19:20:04.857  1359  1359 I Input   : injectMotionEvent: MotionEvent { action=ACTION_MOVE, actionButton=0, id[0]=0, x[0]=500.0, y[0]=1734.0, toolType[0]=TOOL_TYPE_UNKNOWN, buttonState=0, metaState=0, flags=0x0, edgeFlags=0x0, pointerCount=1, historySize=0, eventTime=818421269, downTime=818421269, deviceId=0, source=0x1002 }
08-05 19:20:04.876  1359  1359 I Input   : injectMotionEvent: MotionEvent { action=ACTION_MOVE, actionButton=0, id[0]=0, x[0]=500.0, y[0]=1696.0, toolType[0]=TOOL_TYPE_UNKNOWN, buttonState=0, metaState=0, flags=0x0, edgeFlags=0x0, pointerCount=1, historySize=0, eventTime=818421289, downTime=818421289, deviceId=0, source=0x1002 }
08-05 19:20:04.893  1359  1359 I Input   : injectMotionEvent: MotionEvent { action=ACTION_MOVE, actionButton=0, id[0]=0, x[0]=500.0, y[0]=1663.7, toolType[0]=TOOL_TYPE_UNKNOWN, buttonState=0, metaState=0, flags=0x0, edgeFlags=0x0, pointerCount=1, historySize=0, eventTime=818421306, downTime=818421306, deviceId=0, source=0x1002 }
08-05 19:20:04.906  1359  1359 I Input   : injectMotionEvent: MotionEvent { action=ACTION_MOVE, actionButton=0, id[0]=0, x[0]=500.0, y[0]=1639.0, toolType[0]=TOOL_TYPE_UNKNOWN, buttonState=0, metaState=0, flags=0x0, edgeFlags=0x0, pointerCount=1, historySize=0, eventTime=818421319, downTime=818421319, deviceId=0, source=0x1002 }
08-05 19:20:04.922  1359  1359 I Input   : injectMotionEvent: MotionEvent { action=ACTION_MOVE, actionButton=0, id[0]=0, x[0]=500.0, y[0]=1608.6, toolType[0]=TOOL_TYPE_UNKNOWN, buttonState=0, metaState=0, flags=0x0, edgeFlags=0x0, pointerCount=1, historySize=0, eventTime=818421335, downTime=818421335, deviceId=0, source=0x1002 }
08-05 19:20:04.946  1359  1359 I Input   : injectMotionEvent: MotionEvent { action=ACTION_MOVE, actionButton=0, id[0]=0, x[0]=500.0, y[0]=1563.0, toolType[0]=TOOL_TYPE_UNKNOWN, buttonState=0, metaState=0, flags=0x0, edgeFlags=0x0, pointerCount=1, historySize=0, eventTime=818421359, downTime=818421359, deviceId=0, source=0x1002 }
08-05 19:20:04.956  1359  1359 I Input   : injectMotionEvent: MotionEvent { action=ACTION_MOVE, actionButton=0, id[0]=0, x[0]=500.0, y[0]=1544.0, toolType[0]=TOOL_TYPE_UNKNOWN, buttonState=0, metaState=0, flags=0x0, edgeFlags=0x0, pointerCount=1, historySize=0, eventTime=818421369, downTime=818421369, deviceId=0, source=0x1002 }
08-05 19:20:04.973  1359  1359 I Input   : injectMotionEvent: MotionEvent { action=ACTION_MOVE, actionButton=0, id[0]=0, x[0]=500.0, y[0]=1511.7, toolType[0]=TOOL_TYPE_UNKNOWN, buttonState=0, metaState=0, flags=0x0, edgeFlags=0x0, pointerCount=1, historySize=0, eventTime=818421386, downTime=818421386, deviceId=0, source=0x1002 }
08-05 19:20:04.991  1359  1359 I Input   : injectMotionEvent: MotionEvent { action=ACTION_MOVE, actionButton=0, id[0]=0, x[0]=500.0, y[0]=1477.5, toolType[0]=TOOL_TYPE_UNKNOWN, buttonState=0, metaState=0, flags=0x0, edgeFlags=0x0, pointerCount=1, historySize=0, eventTime=818421404, downTime=818421404, deviceId=0, source=0x1002 }
08-05 19:20:05.009  1359  1359 I Input   : injectMotionEvent: MotionEvent { action=ACTION_MOVE, actionButton=0, id[0]=0, x[0]=500.0, y[0]=1443.3, toolType[0]=TOOL_TYPE_UNKNOWN, buttonState=0, metaState=0, flags=0x0, edgeFlags=0x0, pointerCount=1, historySize=0, eventTime=818421422, downTime=818421422, deviceId=0, source=0x1002 }
08-05 19:20:05.026  1359  1359 I Input   : injectMotionEvent: MotionEvent { action=ACTION_MOVE, actionButton=0, id[0]=0, x[0]=500.0, y[0]=1411.0, toolType[0]=TOOL_TYPE_UNKNOWN, buttonState=0, metaState=0, flags=0x0, edgeFlags=0x0, pointerCount=1, historySize=0, eventTime=818421439, downTime=818421439, deviceId=0, source=0x1002 }
08-05 19:20:05.040  1359  1359 I Input   : injectMotionEvent: MotionEvent { action=ACTION_MOVE, actionButton=0, id[0]=0, x[0]=500.0, y[0]=1384.4, toolType[0]=TOOL_TYPE_UNKNOWN, buttonState=0, metaState=0, flags=0x0, edgeFlags=0x0, pointerCount=1, historySize=0, eventTime=818421453, downTime=818421453, deviceId=0, source=0x1002 }
08-05 19:20:05.045 13866 13882 I PeriodicStatsRunner: PeriodicStatsRunner.call():175 call()
08-05 19:20:05.045 13866 13882 I PeriodicStatsRunner: PeriodicStatsRunner.call():179 No submit PeriodicStats since input started.
08-05 19:20:05.054  1359  1359 I Input   : injectMotionEvent: MotionEvent { action=ACTION_MOVE, actionButton=0, id[0]=0, x[0]=500.0, y[0]=1357.8, toolType[0]=TOOL_TYPE_UNKNOWN, buttonState=0, metaState=0, flags=0x0, edgeFlags=0x0, pointerCount=1, historySize=0, eventTime=818421467, downTime=818421467, deviceId=0, source=0x1002 }
08-05 19:20:05.072  1359  1359 I Input   : injectMotionEvent: MotionEvent { action=ACTION_MOVE, actionButton=0, id[0]=0, x[0]=500.0, y[0]=1323.6, toolType[0]=TOOL_TYPE_UNKNOWN, buttonState=0, metaState=0, flags=0x0, edgeFlags=0x0, pointerCount=1, historySize=0, eventTime=818421485, downTime=818421485, deviceId=0, source=0x1002 }
08-05 19:20:05.089  1359  1359 I Input   : injectMotionEvent: MotionEvent { action=ACTION_MOVE, actionButton=0, id[0]=0, x[0]=500.0, y[0]=1289.3999, toolType[0]=TOOL_TYPE_UNKNOWN, buttonState=0, metaState=0, flags=0x0, edgeFlags=0x0, pointerCount=1, historySize=0, eventTime=818421503, downTime=818421503, deviceId=0, source=0x1002 }
08-05 19:20:05.105  1359  1359 I Input   : injectMotionEvent: MotionEvent { action=ACTION_MOVE, actionButton=0, id[0]=0, x[0]=500.0, y[0]=1260.9, toolType[0]=TOOL_TYPE_UNKNOWN, buttonState=0, metaState=0, flags=0x0, edgeFlags=0x0, pointerCount=1, historySize=0, eventTime=818421518, downTime=818421518, deviceId=0, source=0x1002 }
08-05 19:20:05.125  1359  1359 I Input   : injectMotionEvent: MotionEvent { action=ACTION_MOVE, actionButton=0, id[0]=0, x[0]=500.0, y[0]=1222.8999, toolType[0]=TOOL_TYPE_UNKNOWN, buttonState=0, metaState=0, flags=0x0, edgeFlags=0x0, pointerCount=1, historySize=0, eventTime=818421538, downTime=818421538, deviceId=0, source=0x1002 }
08-05 19:20:05.145  1359  1359 I Input   : injectMotionEvent: MotionEvent { action=ACTION_MOVE, actionButton=0, id[0]=0, x[0]=500.0, y[0]=1184.9, toolType[0]=TOOL_TYPE_UNKNOWN, buttonState=0, metaState=0, flags=0x0, edgeFlags=0x0, pointerCount=1, historySize=0, eventTime=818421558, downTime=818421558, deviceId=0, source=0x1002 }
08-05 19:20:05.219  1359  1359 I Input   : injectMotionEvent: MotionEvent { action=ACTION_MOVE, actionButton=0, id[0]=0, x[0]=500.0, y[0]=1042.3999, toolType[0]=TOOL_TYPE_UNKNOWN, buttonState=0, metaState=0, flags=0x0, edgeFlags=0x0, pointerCount=1, historySize=0, eventTime=818421633, downTime=818421633, deviceId=0, source=0x1002 }
08-05 19:20:05.229 32035 32096 I art     : Starting a blocking GC Explicit
08-05 19:20:05.280 32035 32096 I art     : Explicit concurrent mark sweep GC freed 1691(97KB) AllocSpace objects, 2(36KB) LOS objects, 10% free, 135MB/151MB, paused 1.847ms total 50.702ms
08-05 19:20:05.287  1359  1359 I Input   : injectMotionEvent: MotionEvent { action=ACTION_MOVE, actionButton=0, id[0]=0, x[0]=500.0, y[0]=913.19995, toolType[0]=TOOL_TYPE_UNKNOWN, buttonState=0, metaState=0, flags=0x0, edgeFlags=0x0, pointerCount=1, historySize=0, eventTime=818421701, downTime=818421701, deviceId=0, source=0x1002 }
08-05 19:20:05.299 32035 32096 I art     : Starting a blocking GC Explicit
08-05 19:20:05.351 32035 32096 I art     : Explicit concurrent mark sweep GC freed 51(2064B) AllocSpace objects, 0(0B) LOS objects, 10% free, 135MB/151MB, paused 1.547ms total 51.343ms
08-05 19:20:05.353  1359  1359 I Input   : injectMotionEvent: MotionEvent { action=ACTION_MOVE, actionButton=0, id[0]=0, x[0]=500.0, y[0]=789.69995, toolType[0]=TOOL_TYPE_UNKNOWN, buttonState=0, metaState=0, flags=0x0, edgeFlags=0x0, pointerCount=1, historySize=0, eventTime=818421766, downTime=818421766, deviceId=0, source=0x1002 }
08-05 19:20:05.375 32035 32096 I art     : Starting a blocking GC Explicit
08-05 19:20:05.412  1359  1359 I Input   : injectMotionEvent: MotionEvent { action=ACTION_MOVE, actionButton=0, id[0]=0, x[0]=500.0, y[0]=677.6001, toolType[0]=TOOL_TYPE_UNKNOWN, buttonState=0, metaState=0, flags=0x0, edgeFlags=0x0, pointerCount=1, historySize=0, eventTime=818421825, downTime=818421825, deviceId=0, source=0x1002 }
08-05 19:20:05.431 32035 32096 I art     : Explicit concurrent mark sweep GC freed 5(160B) AllocSpace objects, 0(0B) LOS objects, 10% free, 135MB/151MB, paused 1.485ms total 55.331ms
08-05 19:20:05.431 32035 32045 I art     : WaitForGcToComplete blocked for 55.647ms for cause HeapTrim
08-05 19:20:05.454 32035 32096 I art     : Starting a blocking GC Explicit
08-05 19:20:05.471  1359  1359 I Input   : injectMotionEvent: MotionEvent { action=ACTION_MOVE, actionButton=0, id[0]=0, x[0]=500.0, y[0]=565.5, toolType[0]=TOOL_TYPE_UNKNOWN, buttonState=0, metaState=0, flags=0x0, edgeFlags=0x0, pointerCount=1, historySize=0, eventTime=818421884, downTime=818421884, deviceId=0, source=0x1002 }
08-05 19:20:05.512 32035 32096 I art     : Explicit concurrent mark sweep GC freed 29(1552B) AllocSpace objects, 0(0B) LOS objects, 10% free, 135MB/151MB, paused 1.669ms total 58.147ms
08-05 19:20:05.530  1359  1359 I Input   : injectMotionEvent: MotionEvent { action=ACTION_MOVE, actionButton=0, id[0]=0, x[0]=500.0, y[0]=451.5, toolType[0]=TOOL_TYPE_UNKNOWN, buttonState=0, metaState=0, flags=0x0, edgeFlags=0x0, pointerCount=1, historySize=0, eventTime=818421944, downTime=818421944, deviceId=0, source=0x1002 }
08-05 19:20:05.536 32035 32096 I art     : Starting a blocking GC Explicit
08-05 19:20:05.594 32035 32096 I art     : Explicit concurrent mark sweep GC freed 3(96B) AllocSpace objects, 0(0B) LOS objects, 10% free, 135MB/151MB, paused 1.469ms total 57.961ms
08-05 19:20:05.596  1359  1359 I Input   : injectMotionEvent: MotionEvent { action=ACTION_MOVE, actionButton=0, id[0]=0, x[0]=500.0, y[0]=328.0, toolType[0]=TOOL_TYPE_UNKNOWN, buttonState=0, metaState=0, flags=0x0, edgeFlags=0x0, pointerCount=1, historySize=0, eventTime=818422009, downTime=818422009, deviceId=0, source=0x1002 }
08-05 19:20:05.634 32009 32009 I ServiceManager: Waiting for service AtCmdFwd...
08-05 19:20:05.684  1359  1359 I Input   : injectMotionEvent: MotionEvent { action=ACTION_MOVE, actionButton=0, id[0]=0, x[0]=500.0, y[0]=160.80005, toolType[0]=TOOL_TYPE_UNKNOWN, buttonState=0, metaState=0, flags=0x0, edgeFlags=0x0, pointerCount=1, historySize=0, eventTime=818422097, downTime=818422097, deviceId=0, source=0x1002 }
08-05 19:20:05.721  1359  1359 I Input   : injectMotionEvent: MotionEvent { action=ACTION_UP, actionButton=0, id[0]=0, x[0]=500.0, y[0]=100.0, toolType[0]=TOOL_TYPE_UNKNOWN, buttonState=0, metaState=0, flags=0x0, edgeFlags=0x0, pointerCount=1, historySize=0, eventTime=818422134, downTime=818422134, deviceId=0, source=0x1002 }
08-05 19:20:05.759  1359  1359 D AndroidRuntime: Shutting down VM
08-05 19:20:06.016 32035 32096 I art     : Starting a blocking GC Explicit
08-05 19:20:06.069 32035 32096 I art     : Explicit concurrent mark sweep GC freed 1674(96KB) AllocSpace objects, 2(36KB) LOS objects, 10% free, 135MB/151MB, paused 1.675ms total 52.965ms
08-05 19:20:06.091 32035 32096 I art     : Starting a blocking GC Explicit
08-05 19:20:06.143 32035 32096 I art     : Explicit concurrent mark sweep GC freed 41(1680B) AllocSpace objects, 0(0B) LOS objects, 10% free, 135MB/151MB, paused 1.748ms total 51.544ms
08-05 19:20:06.166 32035 32096 I art     : Starting a blocking GC Explicit
08-05 19:20:06.217 32035 32096 I art     : Explicit concurrent mark sweep GC freed 6(192B) AllocSpace objects, 0(0B) LOS objects, 10% free, 135MB/151MB, paused 1.496ms total 50.507ms
08-05 19:20:06.238 32035 32096 I art     : Starting a blocking GC Explicit
08-05 19:20:06.296 32035 32096 I art     : Explicit concurrent mark sweep GC freed 19(880B) AllocSpace objects, 0(0B) LOS objects, 10% free, 135MB/151MB, paused 1.525ms total 57.524ms
08-05 19:20:06.317 32035 32096 I art     : Starting a blocking GC Explicit
08-05 19:20:06.368 32035 32096 I art     : Explicit concurrent mark sweep GC freed 17(768B) AllocSpace objects, 0(0B) LOS objects, 10% free, 135MB/151MB, paused 1.595ms total 50.783ms
08-05 19:20:06.635 32009 32009 I ServiceManager: Waiting for service AtCmdFwd...
08-05 19:20:06.657  1408  1408 D AndroidRuntime: >>>>>> START com.android.internal.os.RuntimeInit uid 2000 <<<<<<
08-05 19:20:06.664  1408  1408 D AndroidRuntime: CheckJNI is OFF
08-05 19:20:06.719  1408  1408 D ICU     : No timezone override file found: /data/misc/zoneinfo/current/icu/icu_tzdata.dat
08-05 19:20:06.764  1408  1408 I Radio-JNI: register_android_hardware_Radio DONE
08-05 19:20:06.792 32035 32625 I art     : Starting a blocking GC Explicit
08-05 19:20:06.798  1408  1408 D AndroidRuntime: Calling main entry com.android.commands.input.Input
08-05 19:20:06.801  1408  1408 I Input   : injectMotionEvent: MotionEvent { action=ACTION_DOWN, actionButton=0, id[0]=0, x[0]=500.0, y[0]=2000.0, toolType[0]=TOOL_TYPE_UNKNOWN, buttonState=0, metaState=0, flags=0x0, edgeFlags=0x0, pointerCount=1, historySize=0, eventTime=818423213, downTime=818423213, deviceId=0, source=0x1002 }
08-05 19:20:06.808  1408  1408 I Input   : injectMotionEvent: MotionEvent { action=ACTION_MOVE, actionButton=0, id[0]=0, x[0]=500.0, y[0]=2000.0, toolType[0]=TOOL_TYPE_UNKNOWN, buttonState=0, metaState=0, flags=0x0, edgeFlags=0x0, pointerCount=1, historySize=0, eventTime=818423213, downTime=818423213, deviceId=0, source=0x1002 }
08-05 19:20:06.830  1408  1408 I Input   : injectMotionEvent: MotionEvent { action=ACTION_MOVE, actionButton=0, id[0]=0, x[0]=500.0, y[0]=1943.0, toolType[0]=TOOL_TYPE_UNKNOWN, buttonState=0, metaState=0, flags=0x0, edgeFlags=0x0, pointerCount=1, historySize=0, eventTime=818423243, downTime=818423243, deviceId=0, source=0x1002 }
08-05 19:20:06.840  1408  1408 I Input   : injectMotionEvent: MotionEvent { action=ACTION_MOVE, actionButton=0, id[0]=0, x[0]=500.0, y[0]=1922.1, toolType[0]=TOOL_TYPE_UNKNOWN, buttonState=0, metaState=0, flags=0x0, edgeFlags=0x0, pointerCount=1, historySize=0, eventTime=818423254, downTime=818423254, deviceId=0, source=0x1002 }
08-05 19:20:06.852 32035 32625 I art     : Explicit concurrent mark sweep GC freed 1655(95KB) AllocSpace objects, 2(36KB) LOS objects, 10% free, 135MB/151MB, paused 1.807ms total 58.993ms
08-05 19:20:06.860  1408  1408 I Input   : injectMotionEvent: MotionEvent { action=ACTION_MOVE, actionButton=0, id[0]=0, x[0]=500.0, y[0]=1886.0, toolType[0]=TOOL_TYPE_UNKNOWN, buttonState=0, metaState=0, flags=0x0, edgeFlags=0x0, pointerCount=1, historySize=0, eventTime=818423273, downTime=818423273, deviceId=0, source=0x1002 }
08-05 19:20:06.877 32035 32625 I art     : Starting a blocking GC Explicit
08-05 19:20:06.909  1408  1408 I Input   : injectMotionEvent: MotionEvent { action=ACTION_MOVE, actionButton=0, id[0]=0, x[0]=500.0, y[0]=1792.9, toolType[0]=TOOL_TYPE_UNKNOWN, buttonState=0, metaState=0, flags=0x0, edgeFlags=0x0, pointerCount=1, historySize=0, eventTime=818423322, downTime=818423322, deviceId=0, source=0x1002 }
08-05 19:20:06.929 32035 32625 I art     : Explicit concurrent mark sweep GC freed 42(1488B) AllocSpace objects, 0(0B) LOS objects, 10% free, 135MB/151MB, paused 1.761ms total 51.520ms
08-05 19:20:06.947  1408  1408 I Input   : injectMotionEvent: MotionEvent { action=ACTION_MOVE, actionButton=0, id[0]=0, x[0]=500.0, y[0]=1718.8, toolType[0]=TOOL_TYPE_UNKNOWN, buttonState=0, metaState=0, flags=0x0, edgeFlags=0x0, pointerCount=1, historySize=0, eventTime=818423361, downTime=818423361, deviceId=0, source=0x1002 }
08-05 19:20:06.952 32035 32625 I art     : Starting a blocking GC Explicit
08-05 19:20:06.985  1408  1408 I Input   : injectMotionEvent: MotionEvent { action=ACTION_MOVE, actionButton=0, id[0]=0, x[0]=500.0, y[0]=1648.5, toolType[0]=TOOL_TYPE_UNKNOWN, buttonState=0, metaState=0, flags=0x0, edgeFlags=0x0, pointerCount=1, historySize=0, eventTime=818423398, downTime=818423398, deviceId=0, source=0x1002 }
08-05 19:20:07.001 32035 32625 I art     : Explicit concurrent mark sweep GC freed 13(416B) AllocSpace objects, 0(0B) LOS objects, 10% free, 135MB/151MB, paused 1.526ms total 49.056ms
08-05 19:20:07.023 32035 32625 I art     : Starting a blocking GC Explicit
08-05 19:20:07.025  1408  1408 I Input   : injectMotionEvent: MotionEvent { action=ACTION_MOVE, actionButton=0, id[0]=0, x[0]=500.0, y[0]=1570.6, toolType[0]=TOOL_TYPE_UNKNOWN, buttonState=0, metaState=0, flags=0x0, edgeFlags=0x0, pointerCount=1, historySize=0, eventTime=818423439, downTime=818423439, deviceId=0, source=0x1002 }
08-05 19:20:07.065  1408  1408 I Input   : injectMotionEvent: MotionEvent { action=ACTION_MOVE, actionButton=0, id[0]=0, x[0]=500.0, y[0]=1496.5, toolType[0]=TOOL_TYPE_UNKNOWN, buttonState=0, metaState=0, flags=0x0, edgeFlags=0x0, pointerCount=1, historySize=0, eventTime=818423478, downTime=818423478, deviceId=0, source=0x1002 }
08-05 19:20:07.071 32035 32625 I art     : Explicit concurrent mark sweep GC freed 10(320B) AllocSpace objects, 0(0B) LOS objects, 10% free, 135MB/151MB, paused 1.535ms total 46.896ms
08-05 19:20:07.092 32035 32625 I art     : Starting a blocking GC Explicit
08-05 19:20:07.103  1408  1408 I Input   : injectMotionEvent: MotionEvent { action=ACTION_MOVE, actionButton=0, id[0]=0, x[0]=500.0, y[0]=1424.3, toolType[0]=TOOL_TYPE_UNKNOWN, buttonState=0, metaState=0, flags=0x0, edgeFlags=0x0, pointerCount=1, historySize=0, eventTime=818423516, downTime=818423516, deviceId=0, source=0x1002 }
08-05 19:20:07.141  1408  1408 I Input   : injectMotionEvent: MotionEvent { action=ACTION_MOVE, actionButton=0, id[0]=0, x[0]=500.0, y[0]=1352.1001, toolType[0]=TOOL_TYPE_UNKNOWN, buttonState=0, metaState=0, flags=0x0, edgeFlags=0x0, pointerCount=1, historySize=0, eventTime=818423554, downTime=818423554, deviceId=0, source=0x1002 }
08-05 19:20:07.145 32035 32625 I art     : Explicit concurrent mark sweep GC freed 7(224B) AllocSpace objects, 0(0B) LOS objects, 10% free, 135MB/151MB, paused 1.723ms total 52.608ms
08-05 19:20:07.182  1408  1408 I Input   : injectMotionEvent: MotionEvent { action=ACTION_MOVE, actionButton=0, id[0]=0, x[0]=500.0, y[0]=1274.2, toolType[0]=TOOL_TYPE_UNKNOWN, buttonState=0, metaState=0, flags=0x0, edgeFlags=0x0, pointerCount=1, historySize=0, eventTime=818423595, downTime=818423595, deviceId=0, source=0x1002 }
08-05 19:20:07.217  1408  1408 I Input   : injectMotionEvent: MotionEvent { action=ACTION_MOVE, actionButton=0, id[0]=0, x[0]=500.0, y[0]=1205.8, toolType[0]=TOOL_TYPE_UNKNOWN, buttonState=0, metaState=0, flags=0x0, edgeFlags=0x0, pointerCount=1, historySize=0, eventTime=818423631, downTime=818423631, deviceId=0, source=0x1002 }
08-05 19:20:07.256  1408  1408 I Input   : injectMotionEvent: MotionEvent { action=ACTION_MOVE, actionButton=0, id[0]=0, x[0]=500.0, y[0]=1133.6, toolType[0]=TOOL_TYPE_UNKNOWN, buttonState=0, metaState=0, flags=0x0, edgeFlags=0x0, pointerCount=1, historySize=0, eventTime=818423669, downTime=818423669, deviceId=0, source=0x1002 }
08-05 19:20:07.294  1408  1408 I Input   : injectMotionEvent: MotionEvent { action=ACTION_MOVE, actionButton=0, id[0]=0, x[0]=500.0, y[0]=1061.4, toolType[0]=TOOL_TYPE_UNKNOWN, buttonState=0, metaState=0, flags=0x0, edgeFlags=0x0, pointerCount=1, historySize=0, eventTime=818423707, downTime=818423707, deviceId=0, source=0x1002 }
08-05 19:20:07.332  1408  1408 I Input   : injectMotionEvent: MotionEvent { action=ACTION_MOVE, actionButton=0, id[0]=0, x[0]=500.0, y[0]=989.2, toolType[0]=TOOL_TYPE_UNKNOWN, buttonState=0, metaState=0, flags=0x0, edgeFlags=0x0, pointerCount=1, historySize=0, eventTime=818423745, downTime=818423745, deviceId=0, source=0x1002 }
08-05 19:20:07.370  1408  1408 I Input   : injectMotionEvent: MotionEvent { action=ACTION_MOVE, actionButton=0, id[0]=0, x[0]=500.0, y[0]=917.0, toolType[0]=TOOL_TYPE_UNKNOWN, buttonState=0, metaState=0, flags=0x0, edgeFlags=0x0, pointerCount=1, historySize=0, eventTime=818423783, downTime=818423783, deviceId=0, source=0x1002 }
08-05 19:20:07.409  1408  1408 I Input   : injectMotionEvent: MotionEvent { action=ACTION_MOVE, actionButton=0, id[0]=0, x[0]=500.0, y[0]=842.8999, toolType[0]=TOOL_TYPE_UNKNOWN, buttonState=0, metaState=0, flags=0x0, edgeFlags=0x0, pointerCount=1, historySize=0, eventTime=818423822, downTime=818423822, deviceId=0, source=0x1002 }
08-05 19:20:07.448  1408  1408 I Input   : injectMotionEvent: MotionEvent { action=ACTION_MOVE, actionButton=0, id[0]=0, x[0]=500.0, y[0]=768.80005, toolType[0]=TOOL_TYPE_UNKNOWN, buttonState=0, metaState=0, flags=0x0, edgeFlags=0x0, pointerCount=1, historySize=0, eventTime=818423861, downTime=818423861, deviceId=0, source=0x1002 }
08-05 19:20:07.486  1408  1408 I Input   : injectMotionEvent: MotionEvent { action=ACTION_MOVE, actionButton=0, id[0]=0, x[0]=500.0, y[0]=696.6, toolType[0]=TOOL_TYPE_UNKNOWN, buttonState=0, metaState=0, flags=0x0, edgeFlags=0x0, pointerCount=1, historySize=0, eventTime=818423899, downTime=818423899, deviceId=0, source=0x1002 }
08-05 19:20:07.528  1408  1408 I Input   : injectMotionEvent: MotionEvent { action=ACTION_MOVE, actionButton=0, id[0]=0, x[0]=500.0, y[0]=616.80005, toolType[0]=TOOL_TYPE_UNKNOWN, buttonState=0, metaState=0, flags=0x0, edgeFlags=0x0, pointerCount=1, historySize=0, eventTime=818423941, downTime=818423941, deviceId=0, source=0x1002 }
08-05 19:20:07.567  1408  1408 I Input   : injectMotionEvent: MotionEvent { action=ACTION_MOVE, actionButton=0, id[0]=0, x[0]=500.0, y[0]=544.6001, toolType[0]=TOOL_TYPE_UNKNOWN, buttonState=0, metaState=0, flags=0x0, edgeFlags=0x0, pointerCount=1, historySize=0, eventTime=818423979, downTime=818423979, deviceId=0, source=0x1002 }
08-05 19:20:07.601 32035 32047 I art     : Starting a blocking GC Explicit
08-05 19:20:07.605  1408  1408 I Input   : injectMotionEvent: MotionEvent { action=ACTION_MOVE, actionButton=0, id[0]=0, x[0]=500.0, y[0]=470.5, toolType[0]=TOOL_TYPE_UNKNOWN, buttonState=0, metaState=0, flags=0x0, edgeFlags=0x0, pointerCount=1, historySize=0, eventTime=818424018, downTime=818424018, deviceId=0, source=0x1002 }
08-05 19:20:07.636 32009 32009 I ServiceManager: Waiting for service AtCmdFwd...
08-05 19:20:07.643  1408  1408 I Input   : injectMotionEvent: MotionEvent { action=ACTION_MOVE, actionButton=0, id[0]=0, x[0]=500.0, y[0]=398.30005, toolType[0]=TOOL_TYPE_UNKNOWN, buttonState=0, metaState=0, flags=0x0, edgeFlags=0x0, pointerCount=1, historySize=0, eventTime=818424056, downTime=818424056, deviceId=0, source=0x1002 }
08-05 19:20:07.653 32035 32047 I art     : Explicit concurrent mark sweep GC freed 1685(96KB) AllocSpace objects, 2(36KB) LOS objects, 10% free, 135MB/151MB, paused 1.543ms total 51.797ms
08-05 19:20:07.680 32035 32047 I art     : Starting a blocking GC Explicit
08-05 19:20:07.682  1408  1408 I Input   : injectMotionEvent: MotionEvent { action=ACTION_MOVE, actionButton=0, id[0]=0, x[0]=500.0, y[0]=322.29993, toolType[0]=TOOL_TYPE_UNKNOWN, buttonState=0, metaState=0, flags=0x0, edgeFlags=0x0, pointerCount=1, historySize=0, eventTime=818424096, downTime=818424096, deviceId=0, source=0x1002 }
08-05 19:20:07.720  1408  1408 I Input   : injectMotionEvent: MotionEvent { action=ACTION_MOVE, actionButton=0, id[0]=0, x[0]=500.0, y[0]=250.09998, toolType[0]=TOOL_TYPE_UNKNOWN, buttonState=0, metaState=0, flags=0x0, edgeFlags=0x0, pointerCount=1, historySize=0, eventTime=818424134, downTime=818424134, deviceId=0, source=0x1002 }
08-05 19:20:07.734 32035 32047 I art     : Explicit concurrent mark sweep GC freed 39(1392B) AllocSpace objects, 0(0B) LOS objects, 10% free, 135MB/151MB, paused 1.410ms total 53.741ms
08-05 19:20:07.757 32035 32047 I art     : Starting a blocking GC Explicit
08-05 19:20:07.761  1408  1408 I Input   : injectMotionEvent: MotionEvent { action=ACTION_MOVE, actionButton=0, id[0]=0, x[0]=500.0, y[0]=174.09998, toolType[0]=TOOL_TYPE_UNKNOWN, buttonState=0, metaState=0, flags=0x0, edgeFlags=0x0, pointerCount=1, historySize=0, eventTime=818424174, downTime=818424174, deviceId=0, source=0x1002 }
08-05 19:20:07.797  1408  1408 I Input   : injectMotionEvent: MotionEvent { action=ACTION_MOVE, actionButton=0, id[0]=0, x[0]=500.0, y[0]=105.70007, toolType[0]=TOOL_TYPE_UNKNOWN, buttonState=0, metaState=0, flags=0x0, edgeFlags=0x0, pointerCount=1, historySize=0, eventTime=818424210, downTime=818424210, deviceId=0, source=0x1002 }
08-05 19:20:07.804 32035 32047 I art     : Explicit concurrent mark sweep GC freed 7(224B) AllocSpace objects, 0(0B) LOS objects, 10% free, 135MB/151MB, paused 1.441ms total 46.865ms
08-05 19:20:07.825 13866 13882 I PeriodicStatsRunner: PeriodicStatsRunner.call():175 call()
08-05 19:20:07.825 32035 32047 I art     : Starting a blocking GC Explicit
08-05 19:20:07.825 13866 13882 I PeriodicStatsRunner: PeriodicStatsRunner.call():179 No submit PeriodicStats since input started.
08-05 19:20:07.836  1408  1408 I Input   : injectMotionEvent: MotionEvent { action=ACTION_UP, actionButton=0, id[0]=0, x[0]=500.0, y[0]=100.0, toolType[0]=TOOL_TYPE_UNKNOWN, buttonState=0, metaState=0, flags=0x0, edgeFlags=0x0, pointerCount=1, historySize=0, eventTime=818424249, downTime=818424249, deviceId=0, source=0x1002 }
08-05 19:20:07.873  1408  1408 D AndroidRuntime: Shutting down VM
08-05 19:20:07.878 32035 32047 I art     : Explicit concurrent mark sweep GC freed 9(288B) AllocSpace objects, 0(0B) LOS objects, 10% free, 135MB/151MB, paused 1.842ms total 52.266ms
08-05 19:20:07.898 32035 32047 I art     : Starting a blocking GC Explicit
08-05 19:20:07.950 32035 32047 I art     : Explicit concurrent mark sweep GC freed 4(128B) AllocSpace objects, 0(0B) LOS objects, 10% free, 135MB/151MB, paused 1.450ms total 51.876ms
08-05 19:20:08.376 32035 32625 I art     : Starting a blocking GC Explicit
08-05 19:20:08.440 32035 32625 I art     : Explicit concurrent mark sweep GC freed 1621(94KB) AllocSpace objects, 2(36KB) LOS objects, 10% free, 135MB/151MB, paused 1.743ms total 63.433ms
08-05 19:20:08.463 32035 32625 I art     : Starting a blocking GC Explicit
08-05 19:20:08.515 32035 32625 I art     : Explicit concurrent mark sweep GC freed 30(1104B) AllocSpace objects, 0(0B) LOS objects, 10% free, 135MB/151MB, paused 1.729ms total 51.973ms
08-05 19:20:08.538 32035 32625 I art     : Starting a blocking GC Explicit
08-05 19:20:08.592 32035 32625 I art     : Explicit concurrent mark sweep GC freed 3(96B) AllocSpace objects, 0(0B) LOS objects, 10% free, 135MB/151MB, paused 1.700ms total 53.274ms
08-05 19:20:08.614 32035 32625 I art     : Starting a blocking GC Explicit
08-05 19:20:08.636 32009 32009 I ServiceManager: Waiting for service AtCmdFwd...
08-05 19:20:08.668 32035 32625 I art     : Explicit concurrent mark sweep GC freed 34(928B) AllocSpace objects, 0(0B) LOS objects, 10% free, 135MB/151MB, paused 1.720ms total 53.423ms
08-05 19:20:08.690 32035 32625 I art     : Starting a blocking GC Explicit
08-05 19:20:08.744 32035 32625 I art     : Explicit concurrent mark sweep GC freed 3(96B) AllocSpace objects, 0(0B) LOS objects, 10% free, 135MB/151MB, paused 1.599ms total 53.113ms
08-05 19:20:08.770  1447  1447 D AndroidRuntime: >>>>>> START com.android.internal.os.RuntimeInit uid 2000 <<<<<<
08-05 19:20:08.777  1447  1447 D AndroidRuntime: CheckJNI is OFF
08-05 19:20:08.831  1447  1447 D ICU     : No timezone override file found: /data/misc/zoneinfo/current/icu/icu_tzdata.dat
08-05 19:20:08.879  1447  1447 I Radio-JNI: register_android_hardware_Radio DONE
08-05 19:20:08.918  1447  1447 D AndroidRuntime: Calling main entry com.android.commands.input.Input
08-05 19:20:08.920  1447  1447 I Input   : injectMotionEvent: MotionEvent { action=ACTION_DOWN, actionButton=0, id[0]=0, x[0]=657.0, y[0]=2080.0, toolType[0]=TOOL_TYPE_UNKNOWN, buttonState=0, metaState=0, flags=0x0, edgeFlags=0x0, pointerCount=1, historySize=0, eventTime=818425333, downTime=818425333, deviceId=0, source=0x1002 }
08-05 19:20:08.926  1447  1447 I Input   : injectMotionEvent: MotionEvent { action=ACTION_UP, actionButton=0, id[0]=0, x[0]=657.0, y[0]=2080.0, toolType[0]=TOOL_TYPE_UNKNOWN, buttonState=0, metaState=0, flags=0x0, edgeFlags=0x0, pointerCount=1, historySize=0, eventTime=818425333, downTime=818425333, deviceId=0, source=0x1002 }
08-05 19:20:08.931   512  2967 D audio_hw_primary: out_set_parameters: enter: usecase(1: low-latency-playback) kvpairs: routing=2
08-05 19:20:08.932  1447  1447 D AndroidRuntime: Shutting down VM
08-05 19:20:08.933   918  5481 I ActivityManager: START u0 {cmp=baseline.io.github.project_travel_mate/.utilities.UpcomingWeekendsActivity} from uid 10674 on display 0
08-05 19:20:08.944   512  2967 D audio_hw_primary: select_devices: out_snd_device(2: speaker) in_snd_device(0: none)
08-05 19:20:08.944   512  2967 D msm8974_platform: platform_send_audio_calibration: sending audio calibration for snd_device(2) acdb_id(15)
08-05 19:20:08.945   512  2967 I soundtrigger: audio_extn_sound_trigger_update_device_status: device 0x2 of type 0 for Event 1
08-05 19:20:08.962   512  2967 D audio_hw_primary: enable_snd_device: snd_device(2: speaker)
08-05 19:20:08.966   512  2967 D audio_hw_primary: enable_audio_route: apply and update mixer path: low-latency-playback speaker
08-05 19:20:08.979 32035 32116 D Gabe    : call	returning from cache
08-05 19:20:08.984 32035 32035 V EXECUTING: https://project-travel-mate.herokuapp.com/api/get-upcoming-holidays/2020
08-05 19:20:08.988 32035 32035 V EXECUTING: https://project-travel-mate.herokuapp.com/api/get-upcoming-holidays/2020
08-05 19:20:09.091 13866 13866 I GoogleInputMethodServic: GoogleInputMethodService.onFinishInput():3138 
08-05 19:20:09.092 13866 13866 I GoogleInputMethodServic: GoogleInputMethodService.onStartInput():1808 
08-05 19:20:09.176 32035 32095 I art     : Starting a blocking GC Explicit
08-05 19:20:09.207   918   936 I ActivityManager: Displayed baseline.io.github.project_travel_mate/.utilities.UpcomingWeekendsActivity: +264ms
08-05 19:20:09.227 32035 32095 I art     : Explicit concurrent mark sweep GC freed 3450(240KB) AllocSpace objects, 2(36KB) LOS objects, 10% free, 139MB/155MB, paused 1.861ms total 50.020ms
08-05 19:20:09.249 32035 32095 I art     : Starting a blocking GC Explicit
08-05 19:20:09.301 32035 32095 I art     : Explicit concurrent mark sweep GC freed 324(13KB) AllocSpace objects, 0(0B) LOS objects, 10% free, 139MB/155MB, paused 1.925ms total 51.758ms
08-05 19:20:09.324 32035 32095 I art     : Starting a blocking GC Explicit
08-05 19:20:09.377 32035 32095 I art     : Explicit concurrent mark sweep GC freed 71(1584B) AllocSpace objects, 0(0B) LOS objects, 10% free, 139MB/155MB, paused 2.034ms total 52.455ms
08-05 19:20:09.398 32035 32095 I art     : Starting a blocking GC Explicit
08-05 19:20:09.449 32035 32095 I art     : Explicit concurrent mark sweep GC freed 126(2272B) AllocSpace objects, 0(0B) LOS objects, 10% free, 139MB/155MB, paused 1.589ms total 51.080ms
08-05 19:20:09.458   380   380 W SurfaceFlinger: couldn't log to binary event log: overflow.
08-05 19:20:09.471 32035 32095 I art     : Starting a blocking GC Explicit
08-05 19:20:09.509   512  2967 D audio_hw_primary: disable_audio_route: reset and update mixer path: low-latency-playback speaker
08-05 19:20:09.510   512  2967 D audio_hw_primary: disable_snd_device: snd_device(2: speaker)
08-05 19:20:09.519   512  2967 I soundtrigger: audio_extn_sound_trigger_update_device_status: device 0x2 of type 0 for Event 0
08-05 19:20:09.525 32035 32095 I art     : Explicit concurrent mark sweep GC freed 1675(124KB) AllocSpace objects, 4(240KB) LOS objects, 10% free, 140MB/156MB, paused 2.502ms total 53.322ms
08-05 19:20:09.598 32035  1479 I NAPPA_EXPERIMENTATION: MetricNetworkRequestExecutionTime: REQUEST_DURATION_SYSTEM='609',REQUEST_DURATION_OKHTTP='48',REQUEST_SYNCHRONOUS='FALSE',RESPONSE_CODE='200',RESPONSE_METHOD='GET',RESPONSE_LENGTH_OKHTTP='6426',RESPONSE_LENGTH_HEADER='6426',REQUEST_PROTOCOL='http/1.1',REQUEST_URL='https://project-travel-mate.herokuapp.com/api/get-upcoming-holidays/2020',
08-05 19:20:09.630 32035  1478 I NAPPA_EXPERIMENTATION: MetricNetworkRequestExecutionTime: REQUEST_DURATION_SYSTEM='644',REQUEST_DURATION_OKHTTP='79',REQUEST_SYNCHRONOUS='FALSE',RESPONSE_CODE='200',RESPONSE_METHOD='GET',RESPONSE_LENGTH_OKHTTP='6426',RESPONSE_LENGTH_HEADER='6426',REQUEST_PROTOCOL='http/1.1',REQUEST_URL='https://project-travel-mate.herokuapp.com/api/get-upcoming-holidays/2020',
08-05 19:20:09.637 32009 32009 W Atfwd_Sendcmd: AtCmdFwd service not published, waiting... retryCnt : 2
08-05 19:20:09.769 32035 32035 V Response: [{"month":"January","date":1,"day":"Wednesday","name":"New Year's Day","type":"Restricted"},{"month":"January","date":2,"day":"Thursday","name":"Guru Govind Singh Jayanti","type":"Restricted"},{"month":"January","date":14,"day":"Tuesday","name":"Lohri","type":"Restricted"},{"month":"January","date":15,"day":"Wednesday","name":"Pongal","type":"Restricted"},{"month":"January","date":15,"day":"Wednesday","name":"Makar Sankranti","type":"Restricted"},{"month":"January","date":25,"day":"Saturday","name":"Chinese New Year","type":"Observance"},{"month":"January","date":26,"day":"Sunday","name":"Republic Day","type":"Gazetted"},{"month":"January","date":30,"day":"Thursday","name":"Vasant Panchami","type":"Restricted"},{"month":"February","date":9,"day":"Sunday","name":"Guru Ravidas Jayanti","type":"Restricted"},{"month":"February","date":14,"day":"Friday","name":"Valentine's Day","type":"Observance"},{"month":"February","date":18,"day":"Tuesday","name":"Maharishi Dayanand Saraswati Jayanti","type":"Restricted"},{"month":"February","date":19,"day":"Wednesday","name":"Shivaji Jayanti","type":"Restricted"},{"month":"February","date":21,"day":"Friday","name":"Maha Shivaratri/Shivaratri","type":"Gazetted"},{"month":"March","date":9,"day":"Monday","name":"Holika Dahana","type":"Restricted"},{"month":"March","date":9,"day":"Monday","name":"Hazarat Ali's Birthday","type":"Restricted"},{"month":"March","date":10,"day":"Tuesday","name":"Holi","type":"Gazetted"},{"month":"March","date":20,"day":"Friday","name":"March Equinox","type":"Season"},{"month":"March","date":25,"day":"Wednesday","name":"Chaitra Sukhladi","type":"Restricted"},{"month":"April","date":2,"day":"Thursday","name":"Rama Navami","type":"Gazetted"},{"month":"April","date":6,"day":"Monday","name":"Mahavir Jayanti","type":"Gazetted"},{"month":"April","date":9,"day":"Thursday","name":"First day of Passover","type":"Observance"},{"month":"April","date":9,"day":"Thursday","name":"Maundy Thursday","type":"Observance,"},{"month":"April","date":10,"day":"Friday","name":"Good Friday","type":"Gazetted"},{"month":"April","date":12,"day":"Sunday","name":"Easter Day","type":"Restricted"},{"month":"April","date":13,"day":"Monday","name":"Vaisakhi","type":"Restricted"},{"month":"April","date":14,"day":"Tuesday","name":"Mesadi/Vaisakhadi","type":"Restricted"},{"month":"April","date":14,"day":"Tuesday","name":"Ambedkar Jayanti","type":"Central"},{"month":"May","date":1,"day":"Friday","name":"May Day","type":"Observance"},{"month":"May","date":7,"day":"Thursday","name":"Buddha Purnima/Vesak","type":"Gazetted"},{"month":"May","date":7,"day":"Thursday","name":"Birthday of Ravindranath","type":"Restricted"},{"month":"May","date":10,"day":"Sunday","name":"Mother's Day","type":"Observance"},{"month":"May","date":22,"day":"Friday","name":"Jamat Ul-Vida","type":"Restricted"},{"month":"May","date":25,"day":"Monday","name":"Ramzan Id/Eid-ul-Fitar","type":"Gazetted"},{"month":"May","date":25,"day":"Monday","name":"Ramzan Id/Eid-ul-Fitar","type":"Muslim,"},{"month":"June","date":21,"day":"Sunday","name":"June Solstice","type":"Season"},{"month":"June","date":21,"day":"Sunday","name":"Father's Day","type":"Observance"},{"month":"June","date":23,"day":"Tuesday","name":"Rath Yatra","type":"Restricted"},{"month":"July","date":5,"day":"Sunday","name":"Guru Purnima","type":"Observance"},{"month":"July","date":31,"day":"Friday","name":"Bakr Id/Eid ul-Adha","type":"Gazetted"},{"month":"August","date":2,"day":"Sunday","name":"Friendship Day","type":"Observance"},{"month":"August","date":3,"day":"Monday","name":"Raksha Bandhan (Rakhi)","type":"Restricted"},{"month":"August","date":11,"day":"Tuesday","name":"Janmashtami (Smarta)","type":"Restricted"},{"month":"August","date":12,"day":"Wednesday","name":"Janmashtami","type":"Gazetted"},{"month":"August","date":15,"day":"Saturday","name":"Independence Day","type":"Gazetted"},{"month":"August","date":16,"day":"Sunday","name":"Parsi New Year","type":"Restricted"},{"month":"August","date":22,"day":"Saturday","name":"Ganesh Chaturthi/Vin
08-05 19:20:09.774 32035 32035 V Response: [{"month":"January","date":1,"day":"Wednesday","name":"New Year's Day","type":"Restricted"},{"month":"January","date":2,"day":"Thursday","name":"Guru Govind Singh Jayanti","type":"Restricted"},{"month":"January","date":14,"day":"Tuesday","name":"Lohri","type":"Restricted"},{"month":"January","date":15,"day":"Wednesday","name":"Pongal","type":"Restricted"},{"month":"January","date":15,"day":"Wednesday","name":"Makar Sankranti","type":"Restricted"},{"month":"January","date":25,"day":"Saturday","name":"Chinese New Year","type":"Observance"},{"month":"January","date":26,"day":"Sunday","name":"Republic Day","type":"Gazetted"},{"month":"January","date":30,"day":"Thursday","name":"Vasant Panchami","type":"Restricted"},{"month":"February","date":9,"day":"Sunday","name":"Guru Ravidas Jayanti","type":"Restricted"},{"month":"February","date":14,"day":"Friday","name":"Valentine's Day","type":"Observance"},{"month":"February","date":18,"day":"Tuesday","name":"Maharishi Dayanand Saraswati Jayanti","type":"Restricted"},{"month":"February","date":19,"day":"Wednesday","name":"Shivaji Jayanti","type":"Restricted"},{"month":"February","date":21,"day":"Friday","name":"Maha Shivaratri/Shivaratri","type":"Gazetted"},{"month":"March","date":9,"day":"Monday","name":"Holika Dahana","type":"Restricted"},{"month":"March","date":9,"day":"Monday","name":"Hazarat Ali's Birthday","type":"Restricted"},{"month":"March","date":10,"day":"Tuesday","name":"Holi","type":"Gazetted"},{"month":"March","date":20,"day":"Friday","name":"March Equinox","type":"Season"},{"month":"March","date":25,"day":"Wednesday","name":"Chaitra Sukhladi","type":"Restricted"},{"month":"April","date":2,"day":"Thursday","name":"Rama Navami","type":"Gazetted"},{"month":"April","date":6,"day":"Monday","name":"Mahavir Jayanti","type":"Gazetted"},{"month":"April","date":9,"day":"Thursday","name":"First day of Passover","type":"Observance"},{"month":"April","date":9,"day":"Thursday","name":"Maundy Thursday","type":"Observance,"},{"month":"April","date":10,"day":"Friday","name":"Good Friday","type":"Gazetted"},{"month":"April","date":12,"day":"Sunday","name":"Easter Day","type":"Restricted"},{"month":"April","date":13,"day":"Monday","name":"Vaisakhi","type":"Restricted"},{"month":"April","date":14,"day":"Tuesday","name":"Mesadi/Vaisakhadi","type":"Restricted"},{"month":"April","date":14,"day":"Tuesday","name":"Ambedkar Jayanti","type":"Central"},{"month":"May","date":1,"day":"Friday","name":"May Day","type":"Observance"},{"month":"May","date":7,"day":"Thursday","name":"Buddha Purnima/Vesak","type":"Gazetted"},{"month":"May","date":7,"day":"Thursday","name":"Birthday of Ravindranath","type":"Restricted"},{"month":"May","date":10,"day":"Sunday","name":"Mother's Day","type":"Observance"},{"month":"May","date":22,"day":"Friday","name":"Jamat Ul-Vida","type":"Restricted"},{"month":"May","date":25,"day":"Monday","name":"Ramzan Id/Eid-ul-Fitar","type":"Gazetted"},{"month":"May","date":25,"day":"Monday","name":"Ramzan Id/Eid-ul-Fitar","type":"Muslim,"},{"month":"June","date":21,"day":"Sunday","name":"June Solstice","type":"Season"},{"month":"June","date":21,"day":"Sunday","name":"Father's Day","type":"Observance"},{"month":"June","date":23,"day":"Tuesday","name":"Rath Yatra","type":"Restricted"},{"month":"July","date":5,"day":"Sunday","name":"Guru Purnima","type":"Observance"},{"month":"July","date":31,"day":"Friday","name":"Bakr Id/Eid ul-Adha","type":"Gazetted"},{"month":"August","date":2,"day":"Sunday","name":"Friendship Day","type":"Observance"},{"month":"August","date":3,"day":"Monday","name":"Raksha Bandhan (Rakhi)","type":"Restricted"},{"month":"August","date":11,"day":"Tuesday","name":"Janmashtami (Smarta)","type":"Restricted"},{"month":"August","date":12,"day":"Wednesday","name":"Janmashtami","type":"Gazetted"},{"month":"August","date":15,"day":"Saturday","name":"Independence Day","type":"Gazetted"},{"month":"August","date":16,"day":"Sunday","name":"Parsi New Year","type":"Restricted"},{"month":"August","date":22,"day":"Saturday","name":"Ganesh Chaturthi/Vin
08-05 19:20:09.936 32035 32625 I art     : Starting a blocking GC Explicit
08-05 19:20:09.999 32035 32625 I art     : Explicit concurrent mark sweep GC freed 15922(728KB) AllocSpace objects, 8(4MB) LOS objects, 10% free, 136MB/152MB, paused 1.712ms total 62.243ms
08-05 19:20:10.022 32035 32625 I art     : Starting a blocking GC Explicit
08-05 19:20:10.079 32035 32625 I art     : Explicit concurrent mark sweep GC freed 1540(158KB) AllocSpace objects, 0(0B) LOS objects, 10% free, 136MB/152MB, paused 1.877ms total 57.140ms
08-05 19:20:10.102 32035 32625 I art     : Starting a blocking GC Explicit
08-05 19:20:10.153   918  3261 D WifiStateMachine: starting scan for "H369AA63323"WPA_PSK with 2412,5180
08-05 19:20:10.161 32035 32625 I art     : Explicit concurrent mark sweep GC freed 128(2576B) AllocSpace objects, 0(0B) LOS objects, 10% free, 136MB/152MB, paused 1.816ms total 58.626ms
08-05 19:20:10.185 32035 32625 I art     : Starting a blocking GC Explicit
08-05 19:20:10.244 32035 32625 I art     : Explicit concurrent mark sweep GC freed 137(2528B) AllocSpace objects, 0(0B) LOS objects, 10% free, 136MB/152MB, paused 1.650ms total 58.364ms
08-05 19:20:10.268 32035 32625 I art     : Starting a blocking GC Explicit
08-05 19:20:10.329 32035 32625 I art     : Explicit concurrent mark sweep GC freed 123(2096B) AllocSpace objects, 0(0B) LOS objects, 10% free, 136MB/152MB, paused 1.958ms total 59.897ms
08-05 19:20:10.778 32035 32096 I art     : Starting a blocking GC Explicit
08-05 19:20:10.840 32035 32096 I art     : Explicit concurrent mark sweep GC freed 2395(107KB) AllocSpace objects, 2(36KB) LOS objects, 10% free, 136MB/152MB, paused 1.791ms total 61.212ms
08-05 19:20:10.866 32035 32096 I art     : Starting a blocking GC Explicit
08-05 19:20:10.927 32035 32096 I art     : Explicit concurrent mark sweep GC freed 150(3KB) AllocSpace objects, 0(0B) LOS objects, 10% free, 136MB/152MB, paused 1.806ms total 60.670ms
08-05 19:20:10.951 32035 32096 I art     : Starting a blocking GC Explicit
08-05 19:20:11.013 32035 32096 I art     : Explicit concurrent mark sweep GC freed 124(2112B) AllocSpace objects, 0(0B) LOS objects, 10% free, 136MB/152MB, paused 1.924ms total 60.885ms
08-05 19:20:11.037 32035 32096 I art     : Starting a blocking GC Explicit
08-05 19:20:11.098 32035 32096 I art     : Explicit concurrent mark sweep GC freed 146(2480B) AllocSpace objects, 0(0B) LOS objects, 10% free, 136MB/152MB, paused 1.934ms total 60.915ms
08-05 19:20:11.122 32035 32096 I art     : Starting a blocking GC Explicit
08-05 19:20:11.183 32035 32096 I art     : Explicit concurrent mark sweep GC freed 123(2096B) AllocSpace objects, 0(0B) LOS objects, 10% free, 136MB/152MB, paused 1.765ms total 60.867ms
08-05 19:20:11.607 32035 32046 I art     : Starting a blocking GC Explicit
08-05 19:20:11.668 32035 32046 I art     : Explicit concurrent mark sweep GC freed 2345(106KB) AllocSpace objects, 2(36KB) LOS objects, 10% free, 136MB/152MB, paused 1.821ms total 60.898ms
08-05 19:20:11.693 32035 32046 I art     : Starting a blocking GC Explicit
08-05 19:20:11.753 32035 32046 I art     : Explicit concurrent mark sweep GC freed 151(3KB) AllocSpace objects, 0(0B) LOS objects, 10% free, 136MB/152MB, paused 1.643ms total 59.872ms
08-05 19:20:11.777 32035 32046 I art     : Starting a blocking GC Explicit
08-05 19:20:11.838 32035 32046 I art     : Explicit concurrent mark sweep GC freed 122(2064B) AllocSpace objects, 0(0B) LOS objects, 10% free, 136MB/152MB, paused 1.723ms total 60.391ms
08-05 19:20:11.861 32035 32046 I art     : Starting a blocking GC Explicit
08-05 19:20:11.922 32035 32046 I art     : Explicit concurrent mark sweep GC freed 123(2096B) AllocSpace objects, 0(0B) LOS objects, 10% free, 136MB/152MB, paused 1.713ms total 60.184ms
08-05 19:20:11.946 32035 32046 I art     : Starting a blocking GC Explicit
08-05 19:20:12.006 32035 32046 I art     : Explicit concurrent mark sweep GC freed 124(2128B) AllocSpace objects, 0(0B) LOS objects, 10% free, 136MB/152MB, paused 1.608ms total 59.915ms
08-05 19:20:12.445 32035 32047 I art     : Starting a blocking GC Explicit
08-05 19:20:12.507 32035 32047 I art     : Explicit concurrent mark sweep GC freed 2363(107KB) AllocSpace objects, 2(36KB) LOS objects, 10% free, 136MB/152MB, paused 1.624ms total 60.581ms
08-05 19:20:12.531 32035 32047 I art     : Starting a blocking GC Explicit
08-05 19:20:12.591 32035 32047 I art     : Explicit concurrent mark sweep GC freed 176(4KB) AllocSpace objects, 0(0B) LOS objects, 10% free, 136MB/152MB, paused 1.716ms total 59.544ms
08-05 19:20:12.615 32035 32047 I art     : Starting a blocking GC Explicit
08-05 19:20:12.676 32035 32047 I art     : Explicit concurrent mark sweep GC freed 154(2928B) AllocSpace objects, 0(0B) LOS objects, 10% free, 136MB/152MB, paused 1.776ms total 60.270ms
08-05 19:20:12.700 32035 32047 I art     : Starting a blocking GC Explicit
08-05 19:20:12.761 32035 32047 I art     : Explicit concurrent mark sweep GC freed 123(2096B) AllocSpace objects, 0(0B) LOS objects, 10% free, 136MB/152MB, paused 1.725ms total 60.408ms
08-05 19:20:12.785 32035 32047 I art     : Starting a blocking GC Explicit
08-05 19:20:12.845 32035 32047 I art     : Explicit concurrent mark sweep GC freed 123(2096B) AllocSpace objects, 0(0B) LOS objects, 10% free, 136MB/152MB, paused 1.597ms total 59.997ms
08-05 19:20:13.293 32035 32095 I art     : Starting a blocking GC Explicit
08-05 19:20:13.353 32035 32095 I art     : Explicit concurrent mark sweep GC freed 2363(106KB) AllocSpace objects, 2(36KB) LOS objects, 10% free, 136MB/152MB, paused 1.821ms total 58.506ms
08-05 19:20:13.376 32035 32095 I art     : Starting a blocking GC Explicit
08-05 19:20:13.434 32035 32095 I art     : Explicit concurrent mark sweep GC freed 150(3KB) AllocSpace objects, 0(0B) LOS objects, 10% free, 136MB/152MB, paused 1.761ms total 57.493ms
08-05 19:20:13.457 32035 32095 I art     : Starting a blocking GC Explicit
08-05 19:20:13.514 32035 32095 I art     : Explicit concurrent mark sweep GC freed 99(1696B) AllocSpace objects, 0(0B) LOS objects, 10% free, 136MB/152MB, paused 1.688ms total 55.863ms
08-05 19:20:13.537 32035 32095 I art     : Starting a blocking GC Explicit
08-05 19:20:13.595 32035 32095 I art     : Explicit concurrent mark sweep GC freed 123(2096B) AllocSpace objects, 0(0B) LOS objects, 10% free, 136MB/152MB, paused 1.690ms total 56.896ms
08-05 19:20:13.618 32035 32095 I art     : Starting a blocking GC Explicit
08-05 19:20:13.677 32035 32095 I art     : Explicit concurrent mark sweep GC freed 154(2928B) AllocSpace objects, 0(0B) LOS objects, 10% free, 136MB/152MB, paused 1.675ms total 58.409ms
08-05 19:20:13.822  1538  1538 D AndroidRuntime: >>>>>> START com.android.internal.os.RuntimeInit uid 2000 <<<<<<
08-05 19:20:13.828  1538  1538 D AndroidRuntime: CheckJNI is OFF
08-05 19:20:13.884  1538  1538 D ICU     : No timezone override file found: /data/misc/zoneinfo/current/icu/icu_tzdata.dat
08-05 19:20:13.929  1538  1538 I Radio-JNI: register_android_hardware_Radio DONE
08-05 19:20:13.962  1538  1538 D AndroidRuntime: Calling main entry com.android.commands.input.Input
08-05 19:20:13.963  1538  1538 I Input   : injectKeyEvent: KeyEvent { action=ACTION_DOWN, keyCode=KEYCODE_BACK, scanCode=0, metaState=0, flags=0x0, repeatCount=0, eventTime=818430376, downTime=818430376, deviceId=-1, source=0x101 }
08-05 19:20:13.969  1538  1538 I Input   : injectKeyEvent: KeyEvent { action=ACTION_UP, keyCode=KEYCODE_BACK, scanCode=0, metaState=0, flags=0x0, repeatCount=0, eventTime=818430376, downTime=818430376, deviceId=-1, source=0x101 }
08-05 19:20:13.975  1538  1538 D AndroidRuntime: Shutting down VM
08-05 19:20:13.990 32035 32035 V MainActivity: url = https://project-travel-mate.herokuapp.com/api/number-of-unread-notifications
08-05 19:20:14.091 13866 13882 I PeriodicStatsRunner: PeriodicStatsRunner.call():175 call()
08-05 19:20:14.092 13866 13882 I PeriodicStatsRunner: PeriodicStatsRunner.call():179 No submit PeriodicStats since input started.
08-05 19:20:14.105 13866 13866 I GoogleInputMethodServic: GoogleInputMethodService.onFinishInput():3138 
08-05 19:20:14.106 13866 13866 I GoogleInputMethodServic: GoogleInputMethodService.onStartInput():1808 
08-05 19:20:14.113 32035 32046 I art     : Starting a blocking GC Explicit
08-05 19:20:14.168 32035 32046 I art     : Explicit concurrent mark sweep GC freed 2589(123KB) AllocSpace objects, 2(36KB) LOS objects, 10% free, 136MB/152MB, paused 1.708ms total 54.529ms
08-05 19:20:14.190 32035 32046 I art     : Starting a blocking GC Explicit
08-05 19:20:14.240 32035 32046 I art     : Explicit concurrent mark sweep GC freed 226(6KB) AllocSpace objects, 0(0B) LOS objects, 10% free, 136MB/152MB, paused 1.538ms total 49.746ms
08-05 19:20:14.263 32035 32046 I art     : Starting a blocking GC Explicit
08-05 19:20:14.326 32035 32046 I art     : Explicit concurrent mark sweep GC freed 127(2288B) AllocSpace objects, 0(0B) LOS objects, 10% free, 136MB/152MB, paused 1.868ms total 62.522ms
08-05 19:20:14.354 32035 32046 I art     : Starting a blocking GC Explicit
08-05 19:20:14.379   380   380 W SurfaceFlinger: couldn't log to binary event log: overflow.
08-05 19:20:14.411 32035 32046 I art     : Explicit concurrent mark sweep GC freed 113(2304B) AllocSpace objects, 0(0B) LOS objects, 10% free, 136MB/152MB, paused 1.751ms total 57.077ms
08-05 19:20:14.435 32035 32046 I art     : Starting a blocking GC Explicit
08-05 19:20:14.496 32035 32046 I art     : Explicit concurrent mark sweep GC freed 13(496B) AllocSpace objects, 1(188KB) LOS objects, 10% free, 136MB/152MB, paused 1.980ms total 60.262ms
08-05 19:20:14.608 32035  1561 I NAPPA_EXPERIMENTATION: MetricNetworkRequestExecutionTime: REQUEST_DURATION_SYSTEM='617',REQUEST_DURATION_OKHTTP='48',REQUEST_SYNCHRONOUS='FALSE',RESPONSE_CODE='200',RESPONSE_METHOD='GET',RESPONSE_LENGTH_OKHTTP='36',RESPONSE_LENGTH_HEADER='36',REQUEST_PROTOCOL='http/1.1',REQUEST_URL='https://project-travel-mate.herokuapp.com/api/number-of-unread-notifications',
08-05 19:20:14.896 32035 32095 I art     : Starting a blocking GC Explicit
08-05 19:20:14.952 32035 32095 I art     : Explicit concurrent mark sweep GC freed 11075(603KB) AllocSpace objects, 18(500KB) LOS objects, 10% free, 135MB/151MB, paused 1.816ms total 54.844ms
08-05 19:20:14.974 32035 32095 I art     : Starting a blocking GC Explicit
08-05 19:20:15.030 32035 32095 I art     : Explicit concurrent mark sweep GC freed 964(117KB) AllocSpace objects, 0(0B) LOS objects, 10% free, 135MB/151MB, paused 1.940ms total 55.124ms
08-05 19:20:15.053 32035 32095 I art     : Starting a blocking GC Explicit
08-05 19:20:15.110 32035 32095 I art     : Explicit concurrent mark sweep GC freed 15(752B) AllocSpace objects, 0(0B) LOS objects, 10% free, 135MB/151MB, paused 1.762ms total 57.262ms
08-05 19:20:15.134 32035 32095 I art     : Starting a blocking GC Explicit
08-05 19:20:15.192 32035 32095 I art     : Explicit concurrent mark sweep GC freed 24(1264B) AllocSpace objects, 0(0B) LOS objects, 10% free, 135MB/151MB, paused 1.706ms total 58.053ms
08-05 19:20:15.216 32035 32095 I art     : Starting a blocking GC Explicit
08-05 19:20:15.271 32035 32095 I art     : Explicit concurrent mark sweep GC freed 14(672B) AllocSpace objects, 0(0B) LOS objects, 10% free, 135MB/151MB, paused 1.678ms total 54.785ms
08-05 19:20:15.716 32035 32047 I art     : Starting a blocking GC Explicit
08-05 19:20:15.776 32035 32047 I art     : Explicit concurrent mark sweep GC freed 1658(95KB) AllocSpace objects, 2(36KB) LOS objects, 10% free, 135MB/151MB, paused 1.606ms total 58.497ms
08-05 19:20:15.797 32035 32047 I art     : Starting a blocking GC Explicit
08-05 19:20:15.847 32035 32047 I art     : Explicit concurrent mark sweep GC freed 34(1232B) AllocSpace objects, 0(0B) LOS objects, 10% free, 135MB/151MB, paused 1.554ms total 49.356ms
08-05 19:20:15.847 32035 32045 I art     : WaitForGcToComplete blocked for 6.790ms for cause HeapTrim
08-05 19:20:15.871 32035 32047 I art     : Starting a blocking GC Explicit
08-05 19:20:15.916  1573  1573 D AndroidRuntime: >>>>>> START com.android.internal.os.RuntimeInit uid 2000 <<<<<<
08-05 19:20:15.921  1573  1573 D AndroidRuntime: CheckJNI is OFF
08-05 19:20:15.922 32035 32047 I art     : Explicit concurrent mark sweep GC freed 3(96B) AllocSpace objects, 0(0B) LOS objects, 10% free, 135MB/151MB, paused 1.559ms total 51.308ms
08-05 19:20:15.947 32035 32047 I art     : Starting a blocking GC Explicit
08-05 19:20:15.969  1573  1573 D ICU     : No timezone override file found: /data/misc/zoneinfo/current/icu/icu_tzdata.dat
08-05 19:20:15.994 32035 32047 I art     : Explicit concurrent mark sweep GC freed 3(96B) AllocSpace objects, 0(0B) LOS objects, 10% free, 135MB/151MB, paused 1.620ms total 46.808ms
08-05 19:20:16.010  1573  1573 I Radio-JNI: register_android_hardware_Radio DONE
08-05 19:20:16.014 32035 32047 I art     : Starting a blocking GC Explicit
08-05 19:20:16.041  1573  1573 D AndroidRuntime: Calling main entry com.android.commands.input.Input
08-05 19:20:16.043  1573  1573 I Input   : injectMotionEvent: MotionEvent { action=ACTION_DOWN, actionButton=0, id[0]=0, x[0]=657.0, y[0]=2080.0, toolType[0]=TOOL_TYPE_UNKNOWN, buttonState=0, metaState=0, flags=0x0, edgeFlags=0x0, pointerCount=1, historySize=0, eventTime=818432456, downTime=818432456, deviceId=0, source=0x1002 }
08-05 19:20:16.051  1573  1573 I Input   : injectMotionEvent: MotionEvent { action=ACTION_UP, actionButton=0, id[0]=0, x[0]=657.0, y[0]=2080.0, toolType[0]=TOOL_TYPE_UNKNOWN, buttonState=0, metaState=0, flags=0x0, edgeFlags=0x0, pointerCount=1, historySize=0, eventTime=818432456, downTime=818432456, deviceId=0, source=0x1002 }
08-05 19:20:16.053   918  6110 I ActivityManager: START u0 {cmp=baseline.io.github.project_travel_mate/.utilities.UpcomingWeekendsActivity} from uid 10674 on display 0
08-05 19:20:16.055   512  2967 D audio_hw_primary: out_set_parameters: enter: usecase(1: low-latency-playback) kvpairs: routing=2
08-05 19:20:16.060  1573  1573 D AndroidRuntime: Shutting down VM
08-05 19:20:16.069   512  2967 D audio_hw_primary: select_devices: out_snd_device(2: speaker) in_snd_device(0: none)
08-05 19:20:16.069   512  2967 D msm8974_platform: platform_send_audio_calibration: sending audio calibration for snd_device(2) acdb_id(15)
08-05 19:20:16.069   512  2967 I soundtrigger: audio_extn_sound_trigger_update_device_status: device 0x2 of type 0 for Event 1
08-05 19:20:16.071 32035 32047 I art     : Explicit concurrent mark sweep GC freed 18(560B) AllocSpace objects, 0(0B) LOS objects, 10% free, 135MB/151MB, paused 2.461ms total 55.996ms
08-05 19:20:16.080   512  2967 D audio_hw_primary: enable_snd_device: snd_device(2: speaker)
08-05 19:20:16.083   512  2967 D audio_hw_primary: enable_audio_route: apply and update mixer path: low-latency-playback speaker
08-05 19:20:16.099 32035 32116 D Gabe    : call	returning from cache
08-05 19:20:16.103 32035 32035 V EXECUTING: https://project-travel-mate.herokuapp.com/api/get-upcoming-holidays/2020
08-05 19:20:16.106 32035 32035 V EXECUTING: https://project-travel-mate.herokuapp.com/api/get-upcoming-holidays/2020
08-05 19:20:16.213 13866 13866 I GoogleInputMethodServic: GoogleInputMethodService.onFinishInput():3138 
08-05 19:20:16.214 13866 13866 I GoogleInputMethodServic: GoogleInputMethodService.onStartInput():1808 
08-05 19:20:16.322   918   936 I ActivityManager: Displayed baseline.io.github.project_travel_mate/.utilities.UpcomingWeekendsActivity: +258ms
08-05 19:20:16.490 32035 32095 I art     : Starting a blocking GC Explicit
08-05 19:20:16.547 32035 32095 I art     : Explicit concurrent mark sweep GC freed 3538(195KB) AllocSpace objects, 2(36KB) LOS objects, 10% free, 140MB/156MB, paused 1.856ms total 56.258ms
08-05 19:20:16.570 32035 32095 I art     : Starting a blocking GC Explicit
08-05 19:20:16.584   380   380 W SurfaceFlinger: couldn't log to binary event log: overflow.
08-05 19:20:16.618   512  2967 D audio_hw_primary: disable_audio_route: reset and update mixer path: low-latency-playback speaker
08-05 19:20:16.621   512  2967 D audio_hw_primary: disable_snd_device: snd_device(2: speaker)
08-05 19:20:16.627 32035 32095 I art     : Explicit concurrent mark sweep GC freed 367(13KB) AllocSpace objects, 0(0B) LOS objects, 10% free, 140MB/156MB, paused 1.755ms total 56.918ms
08-05 19:20:16.629   512  2967 I soundtrigger: audio_extn_sound_trigger_update_device_status: device 0x2 of type 0 for Event 0
08-05 19:20:16.648 32035 32095 I art     : Starting a blocking GC Explicit
08-05 19:20:16.705 32035 32095 I art     : Explicit concurrent mark sweep GC freed 155(2928B) AllocSpace objects, 0(0B) LOS objects, 10% free, 140MB/156MB, paused 2.164ms total 56.147ms
08-05 19:20:16.731 32035 32095 I art     : Starting a blocking GC Explicit
08-05 19:20:16.782 32035 32095 I art     : Explicit concurrent mark sweep GC freed 1032(70KB) AllocSpace objects, 2(120KB) LOS objects, 10% free, 140MB/156MB, paused 2.305ms total 50.935ms
08-05 19:20:16.803 32035 32095 I art     : Starting a blocking GC Explicit
08-05 19:20:16.858 32035 32095 I art     : Explicit concurrent mark sweep GC freed 4367(201KB) AllocSpace objects, 3(200KB) LOS objects, 10% free, 140MB/156MB, paused 1.959ms total 54.392ms
08-05 19:20:16.867 32035  1599 I NAPPA_EXPERIMENTATION: MetricNetworkRequestExecutionTime: REQUEST_DURATION_SYSTEM='759',REQUEST_DURATION_OKHTTP='40',REQUEST_SYNCHRONOUS='FALSE',RESPONSE_CODE='200',RESPONSE_METHOD='GET',RESPONSE_LENGTH_OKHTTP='6426',RESPONSE_LENGTH_HEADER='6426',REQUEST_PROTOCOL='http/1.1',REQUEST_URL='https://project-travel-mate.herokuapp.com/api/get-upcoming-holidays/2020',
08-05 19:20:16.901 32035  1598 I NAPPA_EXPERIMENTATION: MetricNetworkRequestExecutionTime: REQUEST_DURATION_SYSTEM='796',REQUEST_DURATION_OKHTTP='73',REQUEST_SYNCHRONOUS='FALSE',RESPONSE_CODE='200',RESPONSE_METHOD='GET',RESPONSE_LENGTH_OKHTTP='6426',RESPONSE_LENGTH_HEADER='6426',REQUEST_PROTOCOL='http/1.1',REQUEST_URL='https://project-travel-mate.herokuapp.com/api/get-upcoming-holidays/2020',
08-05 19:20:16.934 32035 32035 V Response: [{"month":"January","date":1,"day":"Wednesday","name":"New Year's Day","type":"Restricted"},{"month":"January","date":2,"day":"Thursday","name":"Guru Govind Singh Jayanti","type":"Restricted"},{"month":"January","date":14,"day":"Tuesday","name":"Lohri","type":"Restricted"},{"month":"January","date":15,"day":"Wednesday","name":"Pongal","type":"Restricted"},{"month":"January","date":15,"day":"Wednesday","name":"Makar Sankranti","type":"Restricted"},{"month":"January","date":25,"day":"Saturday","name":"Chinese New Year","type":"Observance"},{"month":"January","date":26,"day":"Sunday","name":"Republic Day","type":"Gazetted"},{"month":"January","date":30,"day":"Thursday","name":"Vasant Panchami","type":"Restricted"},{"month":"February","date":9,"day":"Sunday","name":"Guru Ravidas Jayanti","type":"Restricted"},{"month":"February","date":14,"day":"Friday","name":"Valentine's Day","type":"Observance"},{"month":"February","date":18,"day":"Tuesday","name":"Maharishi Dayanand Saraswati Jayanti","type":"Restricted"},{"month":"February","date":19,"day":"Wednesday","name":"Shivaji Jayanti","type":"Restricted"},{"month":"February","date":21,"day":"Friday","name":"Maha Shivaratri/Shivaratri","type":"Gazetted"},{"month":"March","date":9,"day":"Monday","name":"Holika Dahana","type":"Restricted"},{"month":"March","date":9,"day":"Monday","name":"Hazarat Ali's Birthday","type":"Restricted"},{"month":"March","date":10,"day":"Tuesday","name":"Holi","type":"Gazetted"},{"month":"March","date":20,"day":"Friday","name":"March Equinox","type":"Season"},{"month":"March","date":25,"day":"Wednesday","name":"Chaitra Sukhladi","type":"Restricted"},{"month":"April","date":2,"day":"Thursday","name":"Rama Navami","type":"Gazetted"},{"month":"April","date":6,"day":"Monday","name":"Mahavir Jayanti","type":"Gazetted"},{"month":"April","date":9,"day":"Thursday","name":"First day of Passover","type":"Observance"},{"month":"April","date":9,"day":"Thursday","name":"Maundy Thursday","type":"Observance,"},{"month":"April","date":10,"day":"Friday","name":"Good Friday","type":"Gazetted"},{"month":"April","date":12,"day":"Sunday","name":"Easter Day","type":"Restricted"},{"month":"April","date":13,"day":"Monday","name":"Vaisakhi","type":"Restricted"},{"month":"April","date":14,"day":"Tuesday","name":"Mesadi/Vaisakhadi","type":"Restricted"},{"month":"April","date":14,"day":"Tuesday","name":"Ambedkar Jayanti","type":"Central"},{"month":"May","date":1,"day":"Friday","name":"May Day","type":"Observance"},{"month":"May","date":7,"day":"Thursday","name":"Buddha Purnima/Vesak","type":"Gazetted"},{"month":"May","date":7,"day":"Thursday","name":"Birthday of Ravindranath","type":"Restricted"},{"month":"May","date":10,"day":"Sunday","name":"Mother's Day","type":"Observance"},{"month":"May","date":22,"day":"Friday","name":"Jamat Ul-Vida","type":"Restricted"},{"month":"May","date":25,"day":"Monday","name":"Ramzan Id/Eid-ul-Fitar","type":"Gazetted"},{"month":"May","date":25,"day":"Monday","name":"Ramzan Id/Eid-ul-Fitar","type":"Muslim,"},{"month":"June","date":21,"day":"Sunday","name":"June Solstice","type":"Season"},{"month":"June","date":21,"day":"Sunday","name":"Father's Day","type":"Observance"},{"month":"June","date":23,"day":"Tuesday","name":"Rath Yatra","type":"Restricted"},{"month":"July","date":5,"day":"Sunday","name":"Guru Purnima","type":"Observance"},{"month":"July","date":31,"day":"Friday","name":"Bakr Id/Eid ul-Adha","type":"Gazetted"},{"month":"August","date":2,"day":"Sunday","name":"Friendship Day","type":"Observance"},{"month":"August","date":3,"day":"Monday","name":"Raksha Bandhan (Rakhi)","type":"Restricted"},{"month":"August","date":11,"day":"Tuesday","name":"Janmashtami (Smarta)","type":"Restricted"},{"month":"August","date":12,"day":"Wednesday","name":"Janmashtami","type":"Gazetted"},{"month":"August","date":15,"day":"Saturday","name":"Independence Day","type":"Gazetted"},{"month":"August","date":16,"day":"Sunday","name":"Parsi New Year","type":"Restricted"},{"month":"August","date":22,"day":"Saturday","name":"Ganesh Chaturthi/Vin
08-05 19:20:17.018 32035 32035 V Response: [{"month":"January","date":1,"day":"Wednesday","name":"New Year's Day","type":"Restricted"},{"month":"January","date":2,"day":"Thursday","name":"Guru Govind Singh Jayanti","type":"Restricted"},{"month":"January","date":14,"day":"Tuesday","name":"Lohri","type":"Restricted"},{"month":"January","date":15,"day":"Wednesday","name":"Pongal","type":"Restricted"},{"month":"January","date":15,"day":"Wednesday","name":"Makar Sankranti","type":"Restricted"},{"month":"January","date":25,"day":"Saturday","name":"Chinese New Year","type":"Observance"},{"month":"January","date":26,"day":"Sunday","name":"Republic Day","type":"Gazetted"},{"month":"January","date":30,"day":"Thursday","name":"Vasant Panchami","type":"Restricted"},{"month":"February","date":9,"day":"Sunday","name":"Guru Ravidas Jayanti","type":"Restricted"},{"month":"February","date":14,"day":"Friday","name":"Valentine's Day","type":"Observance"},{"month":"February","date":18,"day":"Tuesday","name":"Maharishi Dayanand Saraswati Jayanti","type":"Restricted"},{"month":"February","date":19,"day":"Wednesday","name":"Shivaji Jayanti","type":"Restricted"},{"month":"February","date":21,"day":"Friday","name":"Maha Shivaratri/Shivaratri","type":"Gazetted"},{"month":"March","date":9,"day":"Monday","name":"Holika Dahana","type":"Restricted"},{"month":"March","date":9,"day":"Monday","name":"Hazarat Ali's Birthday","type":"Restricted"},{"month":"March","date":10,"day":"Tuesday","name":"Holi","type":"Gazetted"},{"month":"March","date":20,"day":"Friday","name":"March Equinox","type":"Season"},{"month":"March","date":25,"day":"Wednesday","name":"Chaitra Sukhladi","type":"Restricted"},{"month":"April","date":2,"day":"Thursday","name":"Rama Navami","type":"Gazetted"},{"month":"April","date":6,"day":"Monday","name":"Mahavir Jayanti","type":"Gazetted"},{"month":"April","date":9,"day":"Thursday","name":"First day of Passover","type":"Observance"},{"month":"April","date":9,"day":"Thursday","name":"Maundy Thursday","type":"Observance,"},{"month":"April","date":10,"day":"Friday","name":"Good Friday","type":"Gazetted"},{"month":"April","date":12,"day":"Sunday","name":"Easter Day","type":"Restricted"},{"month":"April","date":13,"day":"Monday","name":"Vaisakhi","type":"Restricted"},{"month":"April","date":14,"day":"Tuesday","name":"Mesadi/Vaisakhadi","type":"Restricted"},{"month":"April","date":14,"day":"Tuesday","name":"Ambedkar Jayanti","type":"Central"},{"month":"May","date":1,"day":"Friday","name":"May Day","type":"Observance"},{"month":"May","date":7,"day":"Thursday","name":"Buddha Purnima/Vesak","type":"Gazetted"},{"month":"May","date":7,"day":"Thursday","name":"Birthday of Ravindranath","type":"Restricted"},{"month":"May","date":10,"day":"Sunday","name":"Mother's Day","type":"Observance"},{"month":"May","date":22,"day":"Friday","name":"Jamat Ul-Vida","type":"Restricted"},{"month":"May","date":25,"day":"Monday","name":"Ramzan Id/Eid-ul-Fitar","type":"Gazetted"},{"month":"May","date":25,"day":"Monday","name":"Ramzan Id/Eid-ul-Fitar","type":"Muslim,"},{"month":"June","date":21,"day":"Sunday","name":"June Solstice","type":"Season"},{"month":"June","date":21,"day":"Sunday","name":"Father's Day","type":"Observance"},{"month":"June","date":23,"day":"Tuesday","name":"Rath Yatra","type":"Restricted"},{"month":"July","date":5,"day":"Sunday","name":"Guru Purnima","type":"Observance"},{"month":"July","date":31,"day":"Friday","name":"Bakr Id/Eid ul-Adha","type":"Gazetted"},{"month":"August","date":2,"day":"Sunday","name":"Friendship Day","type":"Observance"},{"month":"August","date":3,"day":"Monday","name":"Raksha Bandhan (Rakhi)","type":"Restricted"},{"month":"August","date":11,"day":"Tuesday","name":"Janmashtami (Smarta)","type":"Restricted"},{"month":"August","date":12,"day":"Wednesday","name":"Janmashtami","type":"Gazetted"},{"month":"August","date":15,"day":"Saturday","name":"Independence Day","type":"Gazetted"},{"month":"August","date":16,"day":"Sunday","name":"Parsi New Year","type":"Restricted"},{"month":"August","date":22,"day":"Saturday","name":"Ganesh Chaturthi/Vin
08-05 19:20:17.276 32035 32046 I art     : Starting a blocking GC Explicit
08-05 19:20:17.345 32035 32046 I art     : Explicit concurrent mark sweep GC freed 17347(831KB) AllocSpace objects, 7(4MB) LOS objects, 10% free, 137MB/153MB, paused 2.041ms total 68.397ms
08-05 19:20:17.369 32035 32046 I art     : Starting a blocking GC Explicit
08-05 19:20:17.431 32035 32046 I art     : Explicit concurrent mark sweep GC freed 1725(96KB) AllocSpace objects, 11(220KB) LOS objects, 10% free, 136MB/152MB, paused 1.930ms total 61.509ms
08-05 19:20:17.455 32035 32046 I art     : Starting a blocking GC Explicit
08-05 19:20:17.518 32035 32046 I art     : Explicit concurrent mark sweep GC freed 123(2096B) AllocSpace objects, 0(0B) LOS objects, 10% free, 136MB/152MB, paused 1.939ms total 62.161ms
08-05 19:20:17.542 32035 32046 I art     : Starting a blocking GC Explicit
08-05 19:20:17.604 32035 32046 I art     : Explicit concurrent mark sweep GC freed 147(2496B) AllocSpace objects, 0(0B) LOS objects, 10% free, 136MB/152MB, paused 1.774ms total 62.028ms
08-05 19:20:17.630 32035 32046 I art     : Starting a blocking GC Explicit
08-05 19:20:17.692 32035 32046 I art     : Explicit concurrent mark sweep GC freed 154(2928B) AllocSpace objects, 0(0B) LOS objects, 10% free, 136MB/152MB, paused 1.799ms total 61.889ms
08-05 19:20:18.143 32035 32095 I art     : Starting a blocking GC Explicit
08-05 19:20:18.207 32035 32095 I art     : Explicit concurrent mark sweep GC freed 2398(108KB) AllocSpace objects, 2(36KB) LOS objects, 10% free, 136MB/152MB, paused 1.900ms total 63.588ms
08-05 19:20:18.234 32035 32095 I art     : Starting a blocking GC Explicit
08-05 19:20:18.291 32035 32095 I art     : Explicit concurrent mark sweep GC freed 190(4KB) AllocSpace objects, 0(0B) LOS objects, 10% free, 136MB/152MB, paused 1.730ms total 56.857ms
08-05 19:20:18.315 32035 32095 I art     : Starting a blocking GC Explicit
08-05 19:20:18.374 32035 32095 I art     : Explicit concurrent mark sweep GC freed 124(2128B) AllocSpace objects, 0(0B) LOS objects, 10% free, 136MB/152MB, paused 1.741ms total 58.808ms
08-05 19:20:18.398 32035 32095 I art     : Starting a blocking GC Explicit
08-05 19:20:18.463 32035 32095 I art     : Explicit concurrent mark sweep GC freed 124(2128B) AllocSpace objects, 0(0B) LOS objects, 10% free, 136MB/152MB, paused 1.931ms total 64.768ms
08-05 19:20:18.487 32035 32095 I art     : Starting a blocking GC Explicit
08-05 19:20:18.551 32035 32095 I art     : Explicit concurrent mark sweep GC freed 123(2096B) AllocSpace objects, 0(0B) LOS objects, 10% free, 136MB/152MB, paused 2.028ms total 63.478ms
08-05 19:20:19.014 32035 32625 I art     : Starting a blocking GC Explicit
08-05 19:20:19.077 32035 32625 I art     : Explicit concurrent mark sweep GC freed 2418(107KB) AllocSpace objects, 2(36KB) LOS objects, 10% free, 136MB/152MB, paused 1.775ms total 62.665ms
08-05 19:20:19.102 32035 32625 I art     : Starting a blocking GC Explicit
08-05 19:20:19.106 13866 13882 I PeriodicStatsRunner: PeriodicStatsRunner.call():175 call()
08-05 19:20:19.106 13866 13882 I PeriodicStatsRunner: PeriodicStatsRunner.call():179 No submit PeriodicStats since input started.
08-05 19:20:19.165 32035 32625 I art     : Explicit concurrent mark sweep GC freed 149(3KB) AllocSpace objects, 0(0B) LOS objects, 10% free, 136MB/152MB, paused 1.882ms total 62.487ms
08-05 19:20:19.189 32035 32625 I art     : Starting a blocking GC Explicit
08-05 19:20:19.251 32035 32625 I art     : Explicit concurrent mark sweep GC freed 124(2128B) AllocSpace objects, 0(0B) LOS objects, 10% free, 136MB/152MB, paused 1.796ms total 61.972ms
08-05 19:20:19.276 32035 32625 I art     : Starting a blocking GC Explicit
08-05 19:20:19.339 32035 32625 I art     : Explicit concurrent mark sweep GC freed 130(2224B) AllocSpace objects, 0(0B) LOS objects, 10% free, 136MB/152MB, paused 2.069ms total 62.527ms
08-05 19:20:19.363 32035 32625 I art     : Starting a blocking GC Explicit
08-05 19:20:19.425 32035 32625 I art     : Explicit concurrent mark sweep GC freed 140(2368B) AllocSpace objects, 0(0B) LOS objects, 10% free, 136MB/152MB, paused 1.775ms total 61.816ms
08-05 19:20:19.539 15866 15897 I Finsky  : [6071] ktr.run(-1): Stats for Executor: BlockingExecutor kvs@43d8fc2[Running, pool size = 0, active threads = 0, queued tasks = 0, completed tasks = 26]
08-05 19:20:19.540 15866 15897 I Finsky  : [6071] ktr.run(-1): Stats for Executor: LightweightExecutor kvs@20f81d3[Running, pool size = 4, active threads = 0, queued tasks = 0, completed tasks = 76]
08-05 19:20:19.637 32009 32009 I ServiceManager: Waiting for service AtCmdFwd...
08-05 19:20:19.888 32035 32047 I art     : Starting a blocking GC Explicit
08-05 19:20:19.952 32035 32047 I art     : Explicit concurrent mark sweep GC freed 2395(107KB) AllocSpace objects, 2(36KB) LOS objects, 10% free, 136MB/152MB, paused 2.017ms total 64.030ms
08-05 19:20:19.976 32035 32047 I art     : Starting a blocking GC Explicit
08-05 19:20:20.036 32035 32047 I art     : Explicit concurrent mark sweep GC freed 150(3KB) AllocSpace objects, 0(0B) LOS objects, 10% free, 136MB/152MB, paused 1.762ms total 60.030ms
08-05 19:20:20.061 32035 32047 I art     : Starting a blocking GC Explicit
08-05 19:20:20.122 32035 32047 I art     : Explicit concurrent mark sweep GC freed 126(2144B) AllocSpace objects, 0(0B) LOS objects, 10% free, 136MB/152MB, paused 2ms total 60.949ms
08-05 19:20:20.147 32035 32047 I art     : Starting a blocking GC Explicit
08-05 19:20:20.209 32035 32047 I art     : Explicit concurrent mark sweep GC freed 144(2448B) AllocSpace objects, 0(0B) LOS objects, 10% free, 136MB/152MB, paused 2.018ms total 61.221ms
08-05 19:20:20.233 32035 32047 I art     : Starting a blocking GC Explicit
08-05 19:20:20.296 32035 32047 I art     : Explicit concurrent mark sweep GC freed 123(2096B) AllocSpace objects, 0(0B) LOS objects, 10% free, 136MB/152MB, paused 1.876ms total 62.079ms
08-05 19:20:20.597 15866 15897 I Finsky  : [6071] ktr.run(-1): Stats for Executor: bgExecutor kvs@65ac110[Running, pool size = 4, active threads = 0, queued tasks = 0, completed tasks = 108]
08-05 19:20:20.638 32009 32009 I ServiceManager: Waiting for service AtCmdFwd...
08-05 19:20:20.725 32035 32096 I art     : Starting a blocking GC Explicit
08-05 19:20:20.787 32035 32096 I art     : Explicit concurrent mark sweep GC freed 2346(106KB) AllocSpace objects, 2(36KB) LOS objects, 10% free, 136MB/152MB, paused 1.764ms total 61.554ms
08-05 19:20:20.811 32035 32096 I art     : Starting a blocking GC Explicit
08-05 19:20:20.870 32035 32096 I art     : Explicit concurrent mark sweep GC freed 150(3KB) AllocSpace objects, 0(0B) LOS objects, 10% free, 136MB/152MB, paused 1.865ms total 58.972ms
08-05 19:20:20.894 32035 32096 I art     : Starting a blocking GC Explicit
08-05 19:20:20.914   518   646 I ThermalEngine: ACTION: GPU - Setting GPU[0] to 450000000
08-05 19:20:20.945 32035 32096 I art     : Explicit concurrent mark sweep GC freed 123(2096B) AllocSpace objects, 0(0B) LOS objects, 10% free, 136MB/152MB, paused 1.201ms total 50.920ms
08-05 19:20:20.945 32035 32045 I art     : WaitForGcToComplete blocked for 22.557ms for cause HeapTrim
08-05 19:20:20.946  1654  1654 D AndroidRuntime: >>>>>> START com.android.internal.os.RuntimeInit uid 2000 <<<<<<
08-05 19:20:20.952  1654  1654 D AndroidRuntime: CheckJNI is OFF
08-05 19:20:20.963 32035 32096 I art     : Starting a blocking GC Explicit
08-05 19:20:20.994  1654  1654 D ICU     : No timezone override file found: /data/misc/zoneinfo/current/icu/icu_tzdata.dat
08-05 19:20:21.010 32035 32096 I art     : Explicit concurrent mark sweep GC freed 99(1696B) AllocSpace objects, 0(0B) LOS objects, 10% free, 136MB/152MB, paused 1.199ms total 46.419ms
08-05 19:20:21.027 32035 32096 I art     : Starting a blocking GC Explicit
08-05 19:20:21.037  1654  1654 I Radio-JNI: register_android_hardware_Radio DONE
08-05 19:20:21.065  1654  1654 D AndroidRuntime: Calling main entry com.android.commands.input.Input
08-05 19:20:21.067  1654  1654 I Input   : injectKeyEvent: KeyEvent { action=ACTION_DOWN, keyCode=KEYCODE_BACK, scanCode=0, metaState=0, flags=0x0, repeatCount=0, eventTime=818437480, downTime=818437480, deviceId=-1, source=0x101 }
08-05 19:20:21.073  1654  1654 I Input   : injectKeyEvent: KeyEvent { action=ACTION_UP, keyCode=KEYCODE_BACK, scanCode=0, metaState=0, flags=0x0, repeatCount=0, eventTime=818437480, downTime=818437480, deviceId=-1, source=0x101 }
08-05 19:20:21.075 32035 32096 I art     : Explicit concurrent mark sweep GC freed 110(2320B) AllocSpace objects, 0(0B) LOS objects, 10% free, 136MB/152MB, paused 1.313ms total 47.275ms
08-05 19:20:21.080  1654  1654 D AndroidRuntime: Shutting down VM
08-05 19:20:21.089 32035 32035 V MainActivity: url = https://project-travel-mate.herokuapp.com/api/number-of-unread-notifications
08-05 19:20:21.118 13866 13866 I GoogleInputMethodServic: GoogleInputMethodService.onFinishInput():3138 
08-05 19:20:21.119 13866 13866 I GoogleInputMethodServic: GoogleInputMethodService.onStartInput():1808 
08-05 19:20:21.214 13866 13882 I PeriodicStatsRunner: PeriodicStatsRunner.call():175 call()
08-05 19:20:21.215 13866 13882 I PeriodicStatsRunner: PeriodicStatsRunner.call():179 No submit PeriodicStats since input started.
08-05 19:20:21.436 32035 32046 I art     : Starting a blocking GC Explicit
08-05 19:20:21.437   380   380 W SurfaceFlinger: couldn't log to binary event log: overflow.
08-05 19:20:21.484 32035 32046 I art     : Explicit concurrent mark sweep GC freed 2572(125KB) AllocSpace objects, 3(224KB) LOS objects, 10% free, 136MB/152MB, paused 1.233ms total 47.942ms
08-05 19:20:21.502 32035 32046 I art     : Starting a blocking GC Explicit
08-05 19:20:21.547 32035 32046 I art     : Explicit concurrent mark sweep GC freed 6714(363KB) AllocSpace objects, 13(264KB) LOS objects, 10% free, 135MB/151MB, paused 1.171ms total 44.374ms
08-05 19:20:21.564 32035 32046 I art     : Starting a blocking GC Explicit
08-05 19:20:21.612 32035 32046 I art     : Explicit concurrent mark sweep GC freed 1107(75KB) AllocSpace objects, 2(120KB) LOS objects, 10% free, 136MB/152MB, paused 1.772ms total 47.366ms
08-05 19:20:21.630 32035 32046 I art     : Starting a blocking GC Explicit
08-05 19:20:21.638 32009 32009 I ServiceManager: Waiting for service AtCmdFwd...
08-05 19:20:21.667 32035  1678 I NAPPA_EXPERIMENTATION: MetricNetworkRequestExecutionTime: REQUEST_DURATION_SYSTEM='576',REQUEST_DURATION_OKHTTP='41',REQUEST_SYNCHRONOUS='FALSE',RESPONSE_CODE='200',RESPONSE_METHOD='GET',RESPONSE_LENGTH_OKHTTP='36',RESPONSE_LENGTH_HEADER='36',REQUEST_PROTOCOL='http/1.1',REQUEST_URL='https://project-travel-mate.herokuapp.com/api/number-of-unread-notifications',
08-05 19:20:21.678 32035 32046 I art     : Explicit concurrent mark sweep GC freed 2470(177KB) AllocSpace objects, 1(80KB) LOS objects, 10% free, 136MB/152MB, paused 1.233ms total 47.229ms
08-05 19:20:21.695 32035 32046 I art     : Starting a blocking GC Explicit
08-05 19:20:21.743 32035 32046 I art     : Explicit concurrent mark sweep GC freed 121(8KB) AllocSpace objects, 0(0B) LOS objects, 10% free, 136MB/152MB, paused 1.180ms total 47.780ms
08-05 19:20:22.140 32035 32625 I art     : Starting a blocking GC Explicit
08-05 19:20:22.210 32035 32625 I art     : Explicit concurrent mark sweep GC freed 1715(98KB) AllocSpace objects, 2(36KB) LOS objects, 10% free, 136MB/152MB, paused 1.489ms total 68.745ms
08-05 19:20:22.232 32035 32625 I art     : Starting a blocking GC Explicit
08-05 19:20:22.280 32035 32625 I art     : Explicit concurrent mark sweep GC freed 44(1552B) AllocSpace objects, 0(0B) LOS objects, 10% free, 136MB/152MB, paused 1.432ms total 47.343ms
08-05 19:20:22.301 32035 32625 I art     : Starting a blocking GC Explicit
08-05 19:20:22.347 32035 32625 I art     : Explicit concurrent mark sweep GC freed 3(96B) AllocSpace objects, 0(0B) LOS objects, 10% free, 136MB/152MB, paused 1.241ms total 44.904ms
08-05 19:20:22.364 32035 32625 I art     : Starting a blocking GC Explicit
08-05 19:20:22.410 32035 32625 I art     : Explicit concurrent mark sweep GC freed 3(96B) AllocSpace objects, 0(0B) LOS objects, 10% free, 136MB/152MB, paused 1.182ms total 45.467ms
08-05 19:20:22.428 32035 32625 I art     : Starting a blocking GC Explicit
08-05 19:20:22.473 32035 32625 I art     : Explicit concurrent mark sweep GC freed 3(96B) AllocSpace objects, 0(0B) LOS objects, 10% free, 136MB/152MB, paused 1.151ms total 45.440ms
08-05 19:20:22.639 32009 32009 I ServiceManager: Waiting for service AtCmdFwd...
08-05 19:20:22.846  1700  1700 D AndroidRuntime: >>>>>> START com.android.internal.os.RuntimeInit uid 2000 <<<<<<
08-05 19:20:22.851  1700  1700 D AndroidRuntime: CheckJNI is OFF
08-05 19:20:22.869 32035 32046 I art     : Starting a blocking GC Explicit
08-05 19:20:22.890  1700  1700 D ICU     : No timezone override file found: /data/misc/zoneinfo/current/icu/icu_tzdata.dat
08-05 19:20:22.911 32035 32046 I art     : Explicit concurrent mark sweep GC freed 1673(96KB) AllocSpace objects, 2(36KB) LOS objects, 10% free, 136MB/152MB, paused 1.201ms total 41.514ms
08-05 19:20:22.928 32035 32046 I art     : Starting a blocking GC Explicit
08-05 19:20:22.932  1700  1700 I Radio-JNI: register_android_hardware_Radio DONE
08-05 19:20:22.959  1700  1700 D AndroidRuntime: Calling main entry com.android.commands.input.Input
08-05 19:20:22.961  1700  1700 I Input   : injectMotionEvent: MotionEvent { action=ACTION_DOWN, actionButton=0, id[0]=0, x[0]=117.0, y[0]=170.0, toolType[0]=TOOL_TYPE_UNKNOWN, buttonState=0, metaState=0, flags=0x0, edgeFlags=0x0, pointerCount=1, historySize=0, eventTime=818439374, downTime=818439374, deviceId=0, source=0x1002 }
08-05 19:20:22.970 32035 32046 I art     : Explicit concurrent mark sweep GC freed 46(1600B) AllocSpace objects, 0(0B) LOS objects, 10% free, 136MB/152MB, paused 1.163ms total 41.395ms
08-05 19:20:22.988  1700  1700 I Input   : injectMotionEvent: MotionEvent { action=ACTION_UP, actionButton=0, id[0]=0, x[0]=117.0, y[0]=170.0, toolType[0]=TOOL_TYPE_UNKNOWN, buttonState=0, metaState=0, flags=0x0, edgeFlags=0x0, pointerCount=1, historySize=0, eventTime=818439374, downTime=818439374, deviceId=0, source=0x1002 }
08-05 19:20:22.990 32035 32046 I art     : Starting a blocking GC Explicit
08-05 19:20:23.026  1700  1700 D AndroidRuntime: Shutting down VM
08-05 19:20:23.032 32035 32046 I art     : Explicit concurrent mark sweep GC freed 23(720B) AllocSpace objects, 0(0B) LOS objects, 10% free, 136MB/152MB, paused 1.097ms total 42.041ms
08-05 19:20:23.044   512  2967 D audio_hw_primary: out_set_parameters: enter: usecase(1: low-latency-playback) kvpairs: routing=2
08-05 19:20:23.049 32035 32046 I art     : Starting a blocking GC Explicit
08-05 19:20:23.057   512  2967 D audio_hw_primary: select_devices: out_snd_device(2: speaker) in_snd_device(0: none)
08-05 19:20:23.057   512  2967 D msm8974_platform: platform_send_audio_calibration: sending audio calibration for snd_device(2) acdb_id(15)
08-05 19:20:23.057   512  2967 I soundtrigger: audio_extn_sound_trigger_update_device_status: device 0x2 of type 0 for Event 1
08-05 19:20:23.066   512  2967 D audio_hw_primary: enable_snd_device: snd_device(2: speaker)
08-05 19:20:23.068   512  2967 D audio_hw_primary: enable_audio_route: apply and update mixer path: low-latency-playback speaker
08-05 19:20:23.089 32035 32046 I art     : Explicit concurrent mark sweep GC freed 51(1968B) AllocSpace objects, 0(0B) LOS objects, 10% free, 136MB/152MB, paused 1.275ms total 39.561ms
08-05 19:20:23.109 32035 32046 I art     : Starting a blocking GC Explicit
08-05 19:20:23.150 32035 32046 I art     : Explicit concurrent mark sweep GC freed 311(16KB) AllocSpace objects, 0(0B) LOS objects, 10% free, 136MB/152MB, paused 1.466ms total 41.532ms
08-05 19:20:23.538 32035 32095 I art     : Starting a blocking GC Explicit
08-05 19:20:23.582 32035 32095 I art     : Explicit concurrent mark sweep GC freed 1716(98KB) AllocSpace objects, 2(36KB) LOS objects, 10% free, 136MB/152MB, paused 1.087ms total 44.126ms
08-05 19:20:23.599 32035 32095 I art     : Starting a blocking GC Explicit
08-05 19:20:23.611   512  2967 D audio_hw_primary: disable_audio_route: reset and update mixer path: low-latency-playback speaker
08-05 19:20:23.612   512  2967 D audio_hw_primary: disable_snd_device: snd_device(2: speaker)
08-05 19:20:23.620   512  2967 I soundtrigger: audio_extn_sound_trigger_update_device_status: device 0x2 of type 0 for Event 0
08-05 19:20:23.639 32009 32009 I ServiceManager: Waiting for service AtCmdFwd...
08-05 19:20:23.643 32035 32095 I art     : Explicit concurrent mark sweep GC freed 70(2224B) AllocSpace objects, 0(0B) LOS objects, 10% free, 136MB/152MB, paused 1.119ms total 43.455ms
08-05 19:20:23.660 32035 32095 I art     : Starting a blocking GC Explicit
08-05 19:20:23.702 32035 32095 I art     : Explicit concurrent mark sweep GC freed 4(128B) AllocSpace objects, 0(0B) LOS objects, 10% free, 136MB/152MB, paused 1.145ms total 41.461ms
08-05 19:20:23.719 32035 32095 I art     : Starting a blocking GC Explicit
08-05 19:20:23.762 32035 32095 I art     : Explicit concurrent mark sweep GC freed 3(96B) AllocSpace objects, 0(0B) LOS objects, 10% free, 136MB/152MB, paused 1.146ms total 43.368ms
08-05 19:20:23.780  1723  1723 D AndroidRuntime: >>>>>> START com.android.internal.os.RuntimeInit uid 2000 <<<<<<
08-05 19:20:23.780 32035 32095 I art     : Starting a blocking GC Explicit
08-05 19:20:23.785  1723  1723 D AndroidRuntime: CheckJNI is OFF
08-05 19:20:23.825 32035 32095 I art     : Explicit concurrent mark sweep GC freed 5(160B) AllocSpace objects, 0(0B) LOS objects, 10% free, 136MB/152MB, paused 1.186ms total 44.670ms
08-05 19:20:23.829  1723  1723 D ICU     : No timezone override file found: /data/misc/zoneinfo/current/icu/icu_tzdata.dat
08-05 19:20:23.871  1723  1723 I Radio-JNI: register_android_hardware_Radio DONE
08-05 19:20:23.900  1723  1723 D AndroidRuntime: Calling main entry com.android.commands.input.Input
08-05 19:20:23.902  1723  1723 I Input   : injectMotionEvent: MotionEvent { action=ACTION_DOWN, actionButton=0, id[0]=0, x[0]=405.0, y[0]=661.0, toolType[0]=TOOL_TYPE_UNKNOWN, buttonState=0, metaState=0, flags=0x0, edgeFlags=0x0, pointerCount=1, historySize=0, eventTime=818440314, downTime=818440314, deviceId=0, source=0x1002 }
08-05 19:20:23.906  1723  1723 I Input   : injectMotionEvent: MotionEvent { action=ACTION_UP, actionButton=0, id[0]=0, x[0]=405.0, y[0]=661.0, toolType[0]=TOOL_TYPE_UNKNOWN, buttonState=0, metaState=0, flags=0x0, edgeFlags=0x0, pointerCount=1, historySize=0, eventTime=818440314, downTime=818440314, deviceId=0, source=0x1002 }
08-05 19:20:23.909  1723  1723 D AndroidRuntime: Shutting down VM
08-05 19:20:23.924   518   646 I ThermalEngine: ACTION: GPU - Setting GPU[0] to 390000000
08-05 19:20:23.935   512  2967 D audio_hw_primary: out_set_parameters: enter: usecase(1: low-latency-playback) kvpairs: routing=2
08-05 19:20:23.948   512  2967 D audio_hw_primary: select_devices: out_snd_device(2: speaker) in_snd_device(0: none)
08-05 19:20:23.948   512  2967 D msm8974_platform: platform_send_audio_calibration: sending audio calibration for snd_device(2) acdb_id(15)
08-05 19:20:23.949   512  2967 I soundtrigger: audio_extn_sound_trigger_update_device_status: device 0x2 of type 0 for Event 1
08-05 19:20:23.958   512  2967 D audio_hw_primary: enable_snd_device: snd_device(2: speaker)
08-05 19:20:23.960   512  2967 D audio_hw_primary: enable_audio_route: apply and update mixer path: low-latency-playback speaker
08-05 19:20:24.008   512  2967 D AudioFlinger: mixer(0xf4740000) throttle end: throttle time(12)
08-05 19:20:24.248 32035 32046 I art     : Starting a blocking GC Explicit
08-05 19:20:24.309 32035 32046 I art     : Explicit concurrent mark sweep GC freed 68(27KB) AllocSpace objects, 0(0B) LOS objects, 8% free, 177MB/193MB, paused 2.237ms total 60.214ms
08-05 19:20:24.332 32035 32046 I art     : Starting a blocking GC Explicit
08-05 19:20:24.393 32035 32046 I art     : Explicit concurrent mark sweep GC freed 46(2224B) AllocSpace objects, 0(0B) LOS objects, 8% free, 182MB/198MB, paused 2.334ms total 60.344ms
08-05 19:20:24.417 32035 32046 I art     : Starting a blocking GC Explicit
08-05 19:20:24.442 32035 32035 I Choreographer: Skipped 30 frames!  The application may be doing too much work on its main thread.
08-05 19:20:24.477 32035 32046 I art     : Explicit concurrent mark sweep GC freed 660(32KB) AllocSpace objects, 0(0B) LOS objects, 8% free, 182MB/198MB, paused 2.375ms total 59.834ms
08-05 19:20:24.499   512  2967 D audio_hw_primary: disable_audio_route: reset and update mixer path: low-latency-playback speaker
08-05 19:20:24.500   512  2967 D audio_hw_primary: disable_snd_device: snd_device(2: speaker)
08-05 19:20:24.501 32035 32046 I art     : Starting a blocking GC Explicit
08-05 19:20:24.508   512  2967 I soundtrigger: audio_extn_sound_trigger_update_device_status: device 0x2 of type 0 for Event 0
08-05 19:20:24.557 32035 32046 I art     : Explicit concurrent mark sweep GC freed 995(43KB) AllocSpace objects, 9(252KB) LOS objects, 8% free, 182MB/198MB, paused 1.568ms total 55.538ms
08-05 19:20:24.578 32035 32046 I art     : Starting a blocking GC Explicit
08-05 19:20:24.629 32035 32046 I art     : Explicit concurrent mark sweep GC freed 751(44KB) AllocSpace objects, 0(0B) LOS objects, 8% free, 182MB/198MB, paused 1.775ms total 51.282ms
08-05 19:20:24.639 32009 32009 W Atfwd_Sendcmd: AtCmdFwd service not published, waiting... retryCnt : 3
08-05 19:20:25.081 32035 32625 I art     : Starting a blocking GC Explicit
08-05 19:20:25.155 32035 32625 I art     : Explicit concurrent mark sweep GC freed 1691(96KB) AllocSpace objects, 2(36KB) LOS objects, 8% free, 182MB/198MB, paused 2.024ms total 73.541ms
08-05 19:20:25.183 32035 32625 I art     : Starting a blocking GC Explicit
08-05 19:20:25.243 32035 32625 I art     : Explicit concurrent mark sweep GC freed 43(1824B) AllocSpace objects, 0(0B) LOS objects, 8% free, 182MB/198MB, paused 1.746ms total 59.712ms
08-05 19:20:25.268 32035 32625 I art     : Starting a blocking GC Explicit
08-05 19:20:25.327 32035 32625 I art     : Explicit concurrent mark sweep GC freed 3(96B) AllocSpace objects, 0(0B) LOS objects, 8% free, 182MB/198MB, paused 1.718ms total 58.965ms
08-05 19:20:25.352 32035 32625 I art     : Starting a blocking GC Explicit
08-05 19:20:25.414 32035 32625 I art     : Explicit concurrent mark sweep GC freed 3(96B) AllocSpace objects, 0(0B) LOS objects, 8% free, 182MB/198MB, paused 2.152ms total 61.413ms
08-05 19:20:25.442 32035 32625 I art     : Starting a blocking GC Explicit
08-05 19:20:25.507 32035 32625 I art     : Explicit concurrent mark sweep GC freed 3(96B) AllocSpace objects, 0(0B) LOS objects, 8% free, 182MB/198MB, paused 2.158ms total 65.332ms
08-05 19:20:26.012 32035 32047 I art     : Starting a blocking GC Explicit
08-05 19:20:26.073 32035 32047 I art     : Explicit concurrent mark sweep GC freed 1650(95KB) AllocSpace objects, 2(36KB) LOS objects, 8% free, 182MB/198MB, paused 1.733ms total 60.761ms
08-05 19:20:26.098 32035 32047 I art     : Starting a blocking GC Explicit
08-05 19:20:26.119 13866 13882 I PeriodicStatsRunner: PeriodicStatsRunner.call():175 call()
08-05 19:20:26.119 13866 13882 I PeriodicStatsRunner: PeriodicStatsRunner.call():179 No submit PeriodicStats since input started.
08-05 19:20:26.158 32035 32047 I art     : Explicit concurrent mark sweep GC freed 30(1104B) AllocSpace objects, 0(0B) LOS objects, 8% free, 182MB/198MB, paused 1.843ms total 59.089ms
08-05 19:20:26.182 32035 32047 I art     : Starting a blocking GC Explicit
08-05 19:20:26.239 32035 32047 I art     : Explicit concurrent mark sweep GC freed 3(96B) AllocSpace objects, 0(0B) LOS objects, 8% free, 182MB/198MB, paused 2.006ms total 56.447ms
08-05 19:20:26.263 32035 32047 I art     : Starting a blocking GC Explicit
08-05 19:20:26.321 32035 32047 I art     : Explicit concurrent mark sweep GC freed 3(96B) AllocSpace objects, 0(0B) LOS objects, 8% free, 182MB/198MB, paused 1.821ms total 57.844ms
08-05 19:20:26.345 32035 32047 I art     : Starting a blocking GC Explicit
08-05 19:20:26.403 32035 32047 I art     : Explicit concurrent mark sweep GC freed 3(96B) AllocSpace objects, 0(0B) LOS objects, 8% free, 182MB/198MB, paused 1.768ms total 57.485ms
08-05 19:20:26.824  1779  1779 D AndroidRuntime: >>>>>> START com.android.internal.os.RuntimeInit uid 2000 <<<<<<
08-05 19:20:26.831  1779  1779 D AndroidRuntime: CheckJNI is OFF
08-05 19:20:26.850 32035 32096 I art     : Starting a blocking GC Explicit
08-05 19:20:26.885  1779  1779 D ICU     : No timezone override file found: /data/misc/zoneinfo/current/icu/icu_tzdata.dat
08-05 19:20:26.909 32035 32096 I art     : Explicit concurrent mark sweep GC freed 1663(95KB) AllocSpace objects, 2(36KB) LOS objects, 8% free, 182MB/198MB, paused 1.959ms total 58.145ms
08-05 19:20:26.931  1779  1779 I Radio-JNI: register_android_hardware_Radio DONE
08-05 19:20:26.933 32035 32096 I art     : Starting a blocking GC Explicit
08-05 19:20:26.963  1779  1779 D AndroidRuntime: Calling main entry com.android.commands.input.Input
08-05 19:20:26.965  1779  1779 I Input   : injectMotionEvent: MotionEvent { action=ACTION_DOWN, actionButton=0, id[0]=0, x[0]=1341.0, y[0]=197.0, toolType[0]=TOOL_TYPE_UNKNOWN, buttonState=0, metaState=0, flags=0x0, edgeFlags=0x0, pointerCount=1, historySize=0, eventTime=818443378, downTime=818443378, deviceId=0, source=0x1002 }
08-05 19:20:26.970  1779  1779 I Input   : injectMotionEvent: MotionEvent { action=ACTION_UP, actionButton=0, id[0]=0, x[0]=1341.0, y[0]=197.0, toolType[0]=TOOL_TYPE_UNKNOWN, buttonState=0, metaState=0, flags=0x0, edgeFlags=0x0, pointerCount=1, historySize=0, eventTime=818443378, downTime=818443378, deviceId=0, source=0x1002 }
08-05 19:20:26.973  1779  1779 D AndroidRuntime: Shutting down VM
08-05 19:20:26.982   512  2967 D audio_hw_primary: out_set_parameters: enter: usecase(1: low-latency-playback) kvpairs: routing=2
08-05 19:20:26.982   918  5481 I ActivityManager: START u0 {cmp=baseline.io.github.project_travel_mate/.notifications.NotificationsActivity} from uid 10674 on display 0
08-05 19:20:26.993 32035 32096 I art     : Explicit concurrent mark sweep GC freed 68(6KB) AllocSpace objects, 0(0B) LOS objects, 8% free, 182MB/198MB, paused 3.148ms total 59.627ms
08-05 19:20:26.995   512  2967 D audio_hw_primary: select_devices: out_snd_device(2: speaker) in_snd_device(0: none)
08-05 19:20:26.995   512  2967 D msm8974_platform: platform_send_audio_calibration: sending audio calibration for snd_device(2) acdb_id(15)
08-05 19:20:26.995   512  2967 I soundtrigger: audio_extn_sound_trigger_update_device_status: device 0x2 of type 0 for Event 1
08-05 19:20:27.013   512  2967 D audio_hw_primary: enable_snd_device: snd_device(2: speaker)
08-05 19:20:27.015   512  2967 D audio_hw_primary: enable_audio_route: apply and update mixer path: low-latency-playback speaker
08-05 19:20:27.025 32035 32096 I art     : Starting a blocking GC Explicit
08-05 19:20:27.031 32035 32116 D Gabe    : call	returning from cache
08-05 19:20:27.040 32035 32035 V EXECUTING: https://project-travel-mate.herokuapp.com/api/get-notifications
08-05 19:20:27.048 32035 32035 V EXECUTING: https://project-travel-mate.herokuapp.com/api/get-notifications
08-05 19:20:27.078 32035 32096 I art     : Explicit concurrent mark sweep GC freed 1239(94KB) AllocSpace objects, 0(0B) LOS objects, 8% free, 182MB/198MB, paused 2.066ms total 52.365ms
08-05 19:20:27.100 32035 32096 I art     : Starting a blocking GC Explicit
08-05 19:20:27.158 32035 32096 I art     : Explicit concurrent mark sweep GC freed 1062(41KB) AllocSpace objects, 0(0B) LOS objects, 7% free, 187MB/203MB, paused 2.022ms total 58.026ms
08-05 19:20:27.181 32035 32096 I art     : Starting a blocking GC Explicit
08-05 19:20:27.235 32035 32096 I art     : Explicit concurrent mark sweep GC freed 108(6KB) AllocSpace objects, 0(0B) LOS objects, 7% free, 187MB/203MB, paused 1.841ms total 53.265ms
08-05 19:20:27.242 13866 13866 I GoogleInputMethodServic: GoogleInputMethodService.onFinishInput():3138 
08-05 19:20:27.242   918   936 I ActivityManager: Displayed baseline.io.github.project_travel_mate/.notifications.NotificationsActivity: +243ms
08-05 19:20:27.243 13866 13866 I GoogleInputMethodServic: GoogleInputMethodService.onStartInput():1808 
08-05 19:20:27.360 32035 32050 D OpenGLRenderer: endAllStagingAnimators on 0x7f7c112400 (RippleDrawable) with handle 0x7f7bf54140
08-05 19:20:27.495   380   380 W SurfaceFlinger: couldn't log to binary event log: overflow.
08-05 19:20:27.548   512  2967 D audio_hw_primary: disable_audio_route: reset and update mixer path: low-latency-playback speaker
08-05 19:20:27.549   512  2967 D audio_hw_primary: disable_snd_device: snd_device(2: speaker)
08-05 19:20:27.557   512  2967 I soundtrigger: audio_extn_sound_trigger_update_device_status: device 0x2 of type 0 for Event 0
08-05 19:20:27.678 32035 32625 I art     : Starting a blocking GC Explicit
08-05 19:20:27.732 32035 32625 I art     : Explicit concurrent mark sweep GC freed 2374(110KB) AllocSpace objects, 2(36KB) LOS objects, 7% free, 187MB/203MB, paused 1.945ms total 53.413ms
08-05 19:20:27.753 32035 32625 I art     : Starting a blocking GC Explicit
08-05 19:20:27.806 32035 32625 I art     : Explicit concurrent mark sweep GC freed 5300(267KB) AllocSpace objects, 4(240KB) LOS objects, 7% free, 187MB/203MB, paused 1.944ms total 52.832ms
08-05 19:20:27.820 32035  1804 I NAPPA_EXPERIMENTATION: MetricNetworkRequestExecutionTime: REQUEST_DURATION_SYSTEM='771',REQUEST_DURATION_OKHTTP='44',REQUEST_SYNCHRONOUS='FALSE',RESPONSE_CODE='200',RESPONSE_METHOD='GET',RESPONSE_LENGTH_OKHTTP='2',RESPONSE_LENGTH_HEADER='2',REQUEST_PROTOCOL='http/1.1',REQUEST_URL='https://project-travel-mate.herokuapp.com/api/get-notifications',
08-05 19:20:27.828 32035 32625 I art     : Starting a blocking GC Explicit
08-05 19:20:27.834 32035  1803 I NAPPA_EXPERIMENTATION: MetricNetworkRequestExecutionTime: REQUEST_DURATION_SYSTEM='792',REQUEST_DURATION_OKHTTP='61',REQUEST_SYNCHRONOUS='FALSE',RESPONSE_CODE='200',RESPONSE_METHOD='GET',RESPONSE_LENGTH_OKHTTP='2',RESPONSE_LENGTH_HEADER='2',REQUEST_PROTOCOL='http/1.1',REQUEST_URL='https://project-travel-mate.herokuapp.com/api/get-notifications',
08-05 19:20:27.882 32035 32625 I art     : Explicit concurrent mark sweep GC freed 2239(257KB) AllocSpace objects, 2(160KB) LOS objects, 7% free, 187MB/203MB, paused 1.805ms total 53.935ms
08-05 19:20:27.903 32035 32625 I art     : Starting a blocking GC Explicit
08-05 19:20:27.957 32035 32625 I art     : Explicit concurrent mark sweep GC freed 139(3KB) AllocSpace objects, 0(0B) LOS objects, 7% free, 187MB/203MB, paused 1.752ms total 53.265ms
08-05 19:20:27.966 32035 32035 V Response: [] 
08-05 19:20:27.978 32035 32625 I art     : Starting a blocking GC Explicit
08-05 19:20:27.995 32035 32035 V Response: [] 
08-05 19:20:28.016 32035 32116 W LOTTIE  : Animation contains merge paths. Merge paths are only supported on KitKat+ and must be manually enabled by calling enableMergePathsForKitKatAndAbove().
08-05 19:20:28.024 32035 32116 W LOTTIE  : Animation contains merge paths. Merge paths are only supported on KitKat+ and must be manually enabled by calling enableMergePathsForKitKatAndAbove().
08-05 19:20:28.029 32035 32116 W LOTTIE  : Animation contains merge paths. Merge paths are only supported on KitKat+ and must be manually enabled by calling enableMergePathsForKitKatAndAbove().
08-05 19:20:28.032 32035 32116 W LOTTIE  : Animation contains merge paths. Merge paths are only supported on KitKat+ and must be manually enabled by calling enableMergePathsForKitKatAndAbove().
08-05 19:20:28.039 32035 32625 I art     : Explicit concurrent mark sweep GC freed 6567(270KB) AllocSpace objects, 0(0B) LOS objects, 7% free, 187MB/203MB, paused 2.778ms total 60.287ms
08-05 19:20:28.039 32035 32116 W LOTTIE  : Animation contains merge paths. Merge paths are only supported on KitKat+ and must be manually enabled by calling enableMergePathsForKitKatAndAbove().
08-05 19:20:28.042 32035 32116 W LOTTIE  : Animation contains merge paths. Merge paths are only supported on KitKat+ and must be manually enabled by calling enableMergePathsForKitKatAndAbove().
08-05 19:20:28.045 32035 32116 W LOTTIE  : Animation contains merge paths. Merge paths are only supported on KitKat+ and must be manually enabled by calling enableMergePathsForKitKatAndAbove().
08-05 19:20:28.055 32035 32035 W LOTTIE  : Animation contains merge paths but they are disabled.
08-05 19:20:28.457 32035 32625 I art     : Starting a blocking GC Explicit
08-05 19:20:28.515 32035 32625 I art     : Explicit concurrent mark sweep GC freed 7863(332KB) AllocSpace objects, 3(224KB) LOS objects, 7% free, 187MB/203MB, paused 1.881ms total 57.259ms
08-05 19:20:28.537 32035 32625 I art     : Starting a blocking GC Explicit
08-05 19:20:28.592 32035 32625 I art     : Explicit concurrent mark sweep GC freed 561(18KB) AllocSpace objects, 0(0B) LOS objects, 7% free, 187MB/203MB, paused 1.636ms total 54.234ms
08-05 19:20:28.614 32035 32625 I art     : Starting a blocking GC Explicit
08-05 19:20:28.668 32035 32625 I art     : Explicit concurrent mark sweep GC freed 350(6KB) AllocSpace objects, 0(0B) LOS objects, 7% free, 187MB/203MB, paused 1.795ms total 53.839ms
08-05 19:20:28.690 32035 32625 I art     : Starting a blocking GC Explicit
08-05 19:20:28.746 32035 32625 I art     : Explicit concurrent mark sweep GC freed 348(5KB) AllocSpace objects, 0(0B) LOS objects, 7% free, 187MB/203MB, paused 1.873ms total 54.780ms
08-05 19:20:28.767 32035 32625 I art     : Starting a blocking GC Explicit
08-05 19:20:28.820 32035 32625 I art     : Explicit concurrent mark sweep GC freed 361(5KB) AllocSpace objects, 0(0B) LOS objects, 7% free, 187MB/203MB, paused 1.698ms total 52.565ms
08-05 19:20:29.240 32035 32095 I art     : Starting a blocking GC Explicit
08-05 19:20:29.296 32035 32095 I art     : Explicit concurrent mark sweep GC freed 3591(125KB) AllocSpace objects, 2(36KB) LOS objects, 7% free, 187MB/203MB, paused 1.643ms total 55.338ms
08-05 19:20:29.317 32035 32095 I art     : Starting a blocking GC Explicit
08-05 19:20:29.372 32035 32095 I art     : Explicit concurrent mark sweep GC freed 379(6KB) AllocSpace objects, 0(0B) LOS objects, 7% free, 187MB/203MB, paused 1.771ms total 54.561ms
08-05 19:20:29.394 32035 32095 I art     : Starting a blocking GC Explicit
08-05 19:20:29.446 32035 32095 I art     : Explicit concurrent mark sweep GC freed 284(4KB) AllocSpace objects, 0(0B) LOS objects, 7% free, 187MB/203MB, paused 1.689ms total 52.550ms
08-05 19:20:29.469 32035 32095 I art     : Starting a blocking GC Explicit
08-05 19:20:29.523 32035 32095 I art     : Explicit concurrent mark sweep GC freed 353(5KB) AllocSpace objects, 0(0B) LOS objects, 7% free, 187MB/203MB, paused 1.781ms total 54.298ms
08-05 19:20:29.549   918   918 I ActivityManager: Start proc 1839:baseline.com.newsblur/u0a676 for service baseline.com.newsblur/.service.NBSyncService
08-05 19:20:29.558  1839  1839 I art     : Late-enabling -Xcheck:jni
08-05 19:20:29.561 32035 32095 I art     : Starting a blocking GC Explicit
08-05 19:20:29.602 24365 23174 I NetworkScheduler.Stats: Task com.google.android.apps.gcs/ started execution. cause:4 exec_start_elapsed_seconds: 1801833 [CONTEXT service_id=218 ]
08-05 19:20:29.609 15109  1851 W Gcs.WfaEliRefreshTask: [27122] afk.b: NULL eligibility response.
08-05 19:20:29.635 24365 23174 I NetworkScheduler.Stats: Task com.google.android.apps.gcs/ finished executing. cause:4 result: 3 elapsed_millis: 35 uptime_millis: 36 exec_start_elapsed_seconds: 1801833 [CONTEXT service_id=218 ]
08-05 19:20:29.641 32035 32095 I art     : Explicit concurrent mark sweep GC freed 453(7KB) AllocSpace objects, 0(0B) LOS objects, 7% free, 187MB/203MB, paused 2.865ms total 79.498ms
08-05 19:20:29.642  1839  1839 W System  : ClassLoader referenced unknown path: /data/app/baseline.com.newsblur-1/lib/arm64
08-05 19:20:29.655   918   927 I art     : Background sticky concurrent mark sweep GC freed 50638(6MB) AllocSpace objects, 198(3MB) LOS objects, 12% free, 74MB/85MB, paused 13.997ms total 92.112ms
08-05 19:20:29.691   918   929 I ActivityManager: Killing 15689:com.android.defcontainer/u0a7 (adj 15): empty #17
08-05 19:20:29.743 24365  4416 I NetworkScheduler.Stats: Task com.google.android.gms/com.google.android.gms.checkin.EventLogService started execution. cause:5 exec_start_elapsed_seconds: 1801833 [CONTEXT service_id=218 ]
08-05 19:20:29.759 24577 31546 I Checkin : [EventLogChimeraService] Opted in for usage reporting: false
08-05 19:20:29.759 24577 31546 I Checkin : [EventLogChimeraService] Aggregate from 1596646446007 (log), 1596646446007 (data)
08-05 19:20:29.794 24365 23174 I NetworkScheduler.Stats: Task com.google.android.gms/com.google.android.gms.telephonyspam.sync.SpamListSyncTaskService started execution. cause:5 exec_start_elapsed_seconds: 1801833 [CONTEXT service_id=218 ]
08-05 19:20:29.813 24577 11777 I TelephonySpam: TelephonySpamChimeraService - Running Telephony Spam Chimera Service
08-05 19:20:29.823 24577 11777 I TelephonySpam: TelephonySpamChimeraService - Cleaning SIP Header local table of old entries
08-05 19:20:29.823 24577 11777 I TelephonySpam: SpamListSync - Call spam module disabled. Skipping cleaning cache sip header table.
08-05 19:20:29.823 24577 11777 I TelephonySpam: TelephonySpamChimeraService - Syncing Call Spam List
08-05 19:20:29.823 24577 11777 I TelephonySpam: SpamListSync - SpamListSyncChimeraService.syncSpamList called with tag: telephonyspam.SpamListSyncTask, extras: Bundle[{SpamList Type=0, Action=1.0}]
08-05 19:20:29.834 24577 11777 I TelephonySpam: SpamListSync - Call spam module disabled. Skipping spam list syncing.
08-05 19:20:29.851 24365  4416 I NetworkScheduler.Stats: Task com.google.android.gms/com.google.android.gms.telephonyspam.sync.SpamListSyncTaskService finished executing. cause:5 result: 1 elapsed_millis: 95 uptime_millis: 95 exec_start_elapsed_seconds: 1801833 [CONTEXT service_id=218 ]
08-05 19:20:29.999 24365 23174 I NetworkScheduler.Stats: Task com.google.android.gms/com.google.android.gms.security.snet.SnetNormalTaskService started execution. cause:5 exec_start_elapsed_seconds: 1801833 [CONTEXT service_id=218 ]
08-05 19:20:30.043 24365  4416 I NetworkScheduler.Stats: Task com.google.android.gms/com.google.android.gms.security.snet.SnetNormalTaskService finished executing. cause:5 result: 1 elapsed_millis: 112 uptime_millis: 112 exec_start_elapsed_seconds: 1801833 [CONTEXT service_id=218 ]
08-05 19:20:30.103 32035 32096 I art     : Starting a blocking GC Explicit
08-05 19:20:30.156   918  3261 D WifiStateMachine: starting scan for "H369AA63323"WPA_PSK with 2412,5180
08-05 19:20:30.157 32035 32096 I art     : Explicit concurrent mark sweep GC freed 3872(130KB) AllocSpace objects, 2(36KB) LOS objects, 7% free, 187MB/203MB, paused 1.773ms total 53.722ms
08-05 19:20:30.179 32035 32096 I art     : Starting a blocking GC Explicit
08-05 19:20:30.232 32035 32096 I art     : Explicit concurrent mark sweep GC freed 356(7KB) AllocSpace objects, 0(0B) LOS objects, 7% free, 187MB/203MB, paused 1.820ms total 52.704ms
08-05 19:20:30.253 32035 32096 I art     : Starting a blocking GC Explicit
08-05 19:20:30.307 32035 32096 I art     : Explicit concurrent mark sweep GC freed 364(6KB) AllocSpace objects, 0(0B) LOS objects, 7% free, 187MB/203MB, paused 1.725ms total 53.489ms
08-05 19:20:30.328 32035 32096 I art     : Starting a blocking GC Explicit
08-05 19:20:30.382 32035 32096 I art     : Explicit concurrent mark sweep GC freed 283(4KB) AllocSpace objects, 0(0B) LOS objects, 7% free, 187MB/203MB, paused 1.724ms total 53.553ms
08-05 19:20:30.407 32035 32096 I art     : Starting a blocking GC Explicit
08-05 19:20:30.460 32035 32096 I art     : Explicit concurrent mark sweep GC freed 353(5KB) AllocSpace objects, 0(0B) LOS objects, 7% free, 187MB/203MB, paused 1.653ms total 52.966ms
08-05 19:20:30.912 32035 32625 I art     : Starting a blocking GC Explicit
08-05 19:20:30.968 32035 32625 I art     : Explicit concurrent mark sweep GC freed 3750(128KB) AllocSpace objects, 2(36KB) LOS objects, 7% free, 187MB/203MB, paused 1.890ms total 54.754ms
08-05 19:20:30.992 32035 32625 I art     : Starting a blocking GC Explicit
08-05 19:20:31.045 32035 32625 I art     : Explicit concurrent mark sweep GC freed 380(6KB) AllocSpace objects, 0(0B) LOS objects, 7% free, 187MB/203MB, paused 1.670ms total 52.032ms
08-05 19:20:31.067 32035 32625 I art     : Starting a blocking GC Explicit
08-05 19:20:31.123 32035 32625 I art     : Explicit concurrent mark sweep GC freed 352(5KB) AllocSpace objects, 0(0B) LOS objects, 7% free, 187MB/203MB, paused 1.755ms total 56.208ms
08-05 19:20:31.123 32035 32045 I art     : WaitForGcToComplete blocked for 49.511ms for cause HeapTrim
08-05 19:20:31.145 32035 32625 I art     : Starting a blocking GC Explicit
08-05 19:20:31.198 32035 32625 I art     : Explicit concurrent mark sweep GC freed 286(4KB) AllocSpace objects, 0(0B) LOS objects, 7% free, 187MB/203MB, paused 1.695ms total 52.756ms
08-05 19:20:31.220 32035 32625 I art     : Starting a blocking GC Explicit
08-05 19:20:31.286 32035 32625 I art     : Explicit concurrent mark sweep GC freed 381(6KB) AllocSpace objects, 0(0B) LOS objects, 7% free, 187MB/203MB, paused 1.811ms total 65.878ms
08-05 19:20:31.817 32035 32046 I art     : Starting a blocking GC Explicit
08-05 19:20:31.878 32035 32046 I art     : Explicit concurrent mark sweep GC freed 4154(136KB) AllocSpace objects, 2(36KB) LOS objects, 7% free, 187MB/203MB, paused 1.915ms total 59.999ms
08-05 19:20:31.901 32035 32046 I art     : Starting a blocking GC Explicit
08-05 19:20:31.918  1880  1880 D AndroidRuntime: >>>>>> START com.android.internal.os.RuntimeInit uid 2000 <<<<<<
08-05 19:20:31.924  1880  1880 D AndroidRuntime: CheckJNI is OFF
08-05 19:20:31.957 32035 32046 I art     : Explicit concurrent mark sweep GC freed 565(17KB) AllocSpace objects, 0(0B) LOS objects, 7% free, 187MB/203MB, paused 2.069ms total 55.188ms
08-05 19:20:31.978 32035 32046 I art     : Starting a blocking GC Explicit
08-05 19:20:31.978  1880  1880 D ICU     : No timezone override file found: /data/misc/zoneinfo/current/icu/icu_tzdata.dat
08-05 19:20:32.033 32035 32046 I art     : Explicit concurrent mark sweep GC freed 318(5KB) AllocSpace objects, 0(0B) LOS objects, 7% free, 187MB/203MB, paused 1.933ms total 54.663ms
08-05 19:20:32.037  1880  1880 I Radio-JNI: register_android_hardware_Radio DONE
08-05 19:20:32.055 32035 32046 I art     : Starting a blocking GC Explicit
08-05 19:20:32.077  1880  1880 D AndroidRuntime: Calling main entry com.android.commands.input.Input
08-05 19:20:32.079  1880  1880 I Input   : injectKeyEvent: KeyEvent { action=ACTION_DOWN, keyCode=KEYCODE_BACK, scanCode=0, metaState=0, flags=0x0, repeatCount=0, eventTime=818448492, downTime=818448492, deviceId=-1, source=0x101 }
08-05 19:20:32.104  1880  1880 I Input   : injectKeyEvent: KeyEvent { action=ACTION_UP, keyCode=KEYCODE_BACK, scanCode=0, metaState=0, flags=0x0, repeatCount=0, eventTime=818448492, downTime=818448492, deviceId=-1, source=0x101 }
08-05 19:20:32.113 32035 32046 I art     : Explicit concurrent mark sweep GC freed 354(5KB) AllocSpace objects, 0(0B) LOS objects, 7% free, 187MB/203MB, paused 1.727ms total 57.705ms
08-05 19:20:32.135 32035 32046 I art     : Starting a blocking GC Explicit
08-05 19:20:32.137  1880  1880 D AndroidRuntime: Shutting down VM
08-05 19:20:32.174 32035 32035 V MainActivity: url = https://project-travel-mate.herokuapp.com/api/number-of-unread-notifications
08-05 19:20:32.191 32035 32046 I art     : Explicit concurrent mark sweep GC freed 522(15KB) AllocSpace objects, 0(0B) LOS objects, 7% free, 187MB/203MB, paused 1.758ms total 55.677ms
08-05 19:20:32.245 13866 13882 I PeriodicStatsRunner: PeriodicStatsRunner.call():175 call()
08-05 19:20:32.245 13866 13882 I PeriodicStatsRunner: PeriodicStatsRunner.call():179 No submit PeriodicStats since input started.
08-05 19:20:32.254 13866 13866 I GoogleInputMethodServic: GoogleInputMethodService.onFinishInput():3138 
08-05 19:20:32.255 13866 13866 I GoogleInputMethodServic: GoogleInputMethodService.onStartInput():1808 
08-05 19:20:32.515   380   380 W SurfaceFlinger: couldn't log to binary event log: overflow.
08-05 19:20:32.623 32035 32046 I art     : Starting a blocking GC Explicit
08-05 19:20:32.679 32035 32046 I art     : Explicit concurrent mark sweep GC freed 2211(112KB) AllocSpace objects, 3(4MB) LOS objects, 8% free, 183MB/199MB, paused 1.751ms total 56.323ms
08-05 19:20:32.703 32035 32046 I art     : Starting a blocking GC Explicit
08-05 19:20:32.754 32035 32046 I art     : Explicit concurrent mark sweep GC freed 3798(180KB) AllocSpace objects, 2(56KB) LOS objects, 8% free, 182MB/198MB, paused 1.658ms total 51.425ms
08-05 19:20:32.776 32035 32046 I art     : Starting a blocking GC Explicit
08-05 19:20:32.829 32035 32046 I art     : Explicit concurrent mark sweep GC freed 3(96B) AllocSpace objects, 0(0B) LOS objects, 8% free, 182MB/198MB, paused 1.790ms total 53.280ms
08-05 19:20:32.851 32035 32046 I art     : Starting a blocking GC Explicit
08-05 19:20:32.903 32035 32046 I art     : Explicit concurrent mark sweep GC freed 3(96B) AllocSpace objects, 0(0B) LOS objects, 8% free, 182MB/198MB, paused 1.713ms total 51.992ms
08-05 19:20:32.925 32035 32046 I art     : Starting a blocking GC Explicit
08-05 19:20:32.983 32035 32046 I art     : Explicit concurrent mark sweep GC freed 870(64KB) AllocSpace objects, 2(120KB) LOS objects, 8% free, 183MB/199MB, paused 2.280ms total 57.570ms
08-05 19:20:33.045 32035  1905 I NAPPA_EXPERIMENTATION: MetricNetworkRequestExecutionTime: REQUEST_DURATION_SYSTEM='869',REQUEST_DURATION_OKHTTP='40',REQUEST_SYNCHRONOUS='FALSE',RESPONSE_CODE='200',RESPONSE_METHOD='GET',RESPONSE_LENGTH_OKHTTP='36',RESPONSE_LENGTH_HEADER='36',REQUEST_PROTOCOL='http/1.1',REQUEST_URL='https://project-travel-mate.herokuapp.com/api/number-of-unread-notifications',
08-05 19:20:33.413 32035 32095 I art     : Starting a blocking GC Explicit
08-05 19:20:33.470 32035 32095 I art     : Explicit concurrent mark sweep GC freed 4072(240KB) AllocSpace objects, 3(116KB) LOS objects, 8% free, 183MB/199MB, paused 1.902ms total 56.521ms
08-05 19:20:33.493 32035 32095 I art     : Starting a blocking GC Explicit
08-05 19:20:33.548 32035 32095 I art     : Explicit concurrent mark sweep GC freed 486(56KB) AllocSpace objects, 0(0B) LOS objects, 8% free, 183MB/199MB, paused 1.756ms total 54.700ms
08-05 19:20:33.571 32035 32095 I art     : Starting a blocking GC Explicit
08-05 19:20:33.626 32035 32095 I art     : Explicit concurrent mark sweep GC freed 3(96B) AllocSpace objects, 0(0B) LOS objects, 8% free, 183MB/199MB, paused 1.780ms total 54.524ms
08-05 19:20:33.649 32035 32095 I art     : Starting a blocking GC Explicit
08-05 19:20:33.704 32035 32095 I art     : Explicit concurrent mark sweep GC freed 34(928B) AllocSpace objects, 0(0B) LOS objects, 8% free, 183MB/199MB, paused 1.809ms total 54.848ms
08-05 19:20:33.727 32035 32095 I art     : Starting a blocking GC Explicit
08-05 19:20:33.783 32035 32095 I art     : Explicit concurrent mark sweep GC freed 3(96B) AllocSpace objects, 0(0B) LOS objects, 8% free, 183MB/199MB, paused 1.790ms total 55.139ms
08-05 19:20:34.015  1928  1928 D AndroidRuntime: >>>>>> START com.android.internal.os.RuntimeInit uid 2000 <<<<<<
08-05 19:20:34.021  1928  1928 D AndroidRuntime: CheckJNI is OFF
08-05 19:20:34.070  1928  1928 D ICU     : No timezone override file found: /data/misc/zoneinfo/current/icu/icu_tzdata.dat
08-05 19:20:34.116  1928  1928 I Radio-JNI: register_android_hardware_Radio DONE
08-05 19:20:34.149  1928  1928 D AndroidRuntime: Calling main entry com.android.commands.input.Input
08-05 19:20:34.150  1928  1928 I Input   : injectMotionEvent: MotionEvent { action=ACTION_DOWN, actionButton=0, id[0]=0, x[0]=117.0, y[0]=170.0, toolType[0]=TOOL_TYPE_UNKNOWN, buttonState=0, metaState=0, flags=0x0, edgeFlags=0x0, pointerCount=1, historySize=0, eventTime=818450563, downTime=818450563, deviceId=0, source=0x1002 }
08-05 19:20:34.157  1928  1928 I Input   : injectMotionEvent: MotionEvent { action=ACTION_UP, actionButton=0, id[0]=0, x[0]=117.0, y[0]=170.0, toolType[0]=TOOL_TYPE_UNKNOWN, buttonState=0, metaState=0, flags=0x0, edgeFlags=0x0, pointerCount=1, historySize=0, eventTime=818450563, downTime=818450563, deviceId=0, source=0x1002 }
08-05 19:20:34.160  1928  1928 D AndroidRuntime: Shutting down VM
08-05 19:20:34.171   512  2967 D audio_hw_primary: out_set_parameters: enter: usecase(1: low-latency-playback) kvpairs: routing=2
08-05 19:20:34.184   512  2967 D audio_hw_primary: select_devices: out_snd_device(2: speaker) in_snd_device(0: none)
08-05 19:20:34.184   512  2967 D msm8974_platform: platform_send_audio_calibration: sending audio calibration for snd_device(2) acdb_id(15)
08-05 19:20:34.184   512  2967 I soundtrigger: audio_extn_sound_trigger_update_device_status: device 0x2 of type 0 for Event 1
08-05 19:20:34.199   512  2967 D audio_hw_primary: enable_snd_device: snd_device(2: speaker)
08-05 19:20:34.202   512  2967 D audio_hw_primary: enable_audio_route: apply and update mixer path: low-latency-playback speaker
08-05 19:20:34.238 32035 32046 I art     : Starting a blocking GC Explicit
08-05 19:20:34.306 32035 32046 I art     : Explicit concurrent mark sweep GC freed 2078(117KB) AllocSpace objects, 2(36KB) LOS objects, 8% free, 183MB/199MB, paused 2.342ms total 66.999ms
08-05 19:20:34.331 32035 32046 I art     : Starting a blocking GC Explicit
08-05 19:20:34.390 32035 32046 I art     : Explicit concurrent mark sweep GC freed 68(2480B) AllocSpace objects, 0(0B) LOS objects, 8% free, 183MB/199MB, paused 1.848ms total 58.315ms
08-05 19:20:34.418 32035 32046 I art     : Starting a blocking GC Explicit
08-05 19:20:34.477 32035 32046 I art     : Explicit concurrent mark sweep GC freed 3(96B) AllocSpace objects, 0(0B) LOS objects, 8% free, 183MB/199MB, paused 1.739ms total 58.252ms
08-05 19:20:34.500 32035 32046 I art     : Starting a blocking GC Explicit
08-05 19:20:34.562 32035 32046 I art     : Explicit concurrent mark sweep GC freed 5(160B) AllocSpace objects, 0(0B) LOS objects, 8% free, 183MB/199MB, paused 1.781ms total 61.814ms
08-05 19:20:34.587 32035 32046 I art     : Starting a blocking GC Explicit
08-05 19:20:34.651 32035 32046 I art     : Explicit concurrent mark sweep GC freed 42(1216B) AllocSpace objects, 0(0B) LOS objects, 8% free, 183MB/199MB, paused 2.021ms total 63.503ms
08-05 19:20:34.759   512  2967 D audio_hw_primary: disable_audio_route: reset and update mixer path: low-latency-playback speaker
08-05 19:20:34.760   512  2967 D audio_hw_primary: disable_snd_device: snd_device(2: speaker)
08-05 19:20:34.769   512  2967 I soundtrigger: audio_extn_sound_trigger_update_device_status: device 0x2 of type 0 for Event 0
08-05 19:20:35.099 32035 32096 I art     : Starting a blocking GC Explicit
08-05 19:20:35.120  1951  1951 D AndroidRuntime: >>>>>> START com.android.internal.os.RuntimeInit uid 2000 <<<<<<
08-05 19:20:35.127  1951  1951 D AndroidRuntime: CheckJNI is OFF
08-05 19:20:35.158 32035 32096 I art     : Explicit concurrent mark sweep GC freed 1622(94KB) AllocSpace objects, 2(36KB) LOS objects, 8% free, 183MB/199MB, paused 1.770ms total 58.559ms
08-05 19:20:35.177  1951  1951 D ICU     : No timezone override file found: /data/misc/zoneinfo/current/icu/icu_tzdata.dat
08-05 19:20:35.180 32035 32096 I art     : Starting a blocking GC Explicit
08-05 19:20:35.220  1951  1951 I Radio-JNI: register_android_hardware_Radio DONE
08-05 19:20:35.236 32035 32096 I art     : Explicit concurrent mark sweep GC freed 32(1168B) AllocSpace objects, 0(0B) LOS objects, 8% free, 183MB/199MB, paused 1.796ms total 55.299ms
08-05 19:20:35.253  1951  1951 D AndroidRuntime: Calling main entry com.android.commands.input.Input
08-05 19:20:35.255  1951  1951 I Input   : injectMotionEvent: MotionEvent { action=ACTION_DOWN, actionButton=0, id[0]=0, x[0]=418.0, y[0]=842.0, toolType[0]=TOOL_TYPE_UNKNOWN, buttonState=0, metaState=0, flags=0x0, edgeFlags=0x0, pointerCount=1, historySize=0, eventTime=818451668, downTime=818451668, deviceId=0, source=0x1002 }
08-05 19:20:35.260 32035 32096 I art     : Starting a blocking GC Explicit
08-05 19:20:35.261  1951  1951 I Input   : injectMotionEvent: MotionEvent { action=ACTION_UP, actionButton=0, id[0]=0, x[0]=418.0, y[0]=842.0, toolType[0]=TOOL_TYPE_UNKNOWN, buttonState=0, metaState=0, flags=0x0, edgeFlags=0x0, pointerCount=1, historySize=0, eventTime=818451668, downTime=818451668, deviceId=0, source=0x1002 }
08-05 19:20:35.263  1951  1951 D AndroidRuntime: Shutting down VM
08-05 19:20:35.273   512  2967 D audio_hw_primary: out_set_parameters: enter: usecase(1: low-latency-playback) kvpairs: routing=2
08-05 19:20:35.276 32035 32116 D Gabe    : call	returning from cache
08-05 19:20:35.286   512  2967 D audio_hw_primary: select_devices: out_snd_device(2: speaker) in_snd_device(0: none)
08-05 19:20:35.286   512  2967 D msm8974_platform: platform_send_audio_calibration: sending audio calibration for snd_device(2) acdb_id(15)
08-05 19:20:35.287   512  2967 I soundtrigger: audio_extn_sound_trigger_update_device_status: device 0x2 of type 0 for Event 1
08-05 19:20:35.298   512  2967 D audio_hw_primary: enable_snd_device: snd_device(2: speaker)
08-05 19:20:35.301   512  2967 D audio_hw_primary: enable_audio_route: apply and update mixer path: low-latency-playback speaker
08-05 19:20:35.312 32035 32035 V MainActivity: url = https://project-travel-mate.herokuapp.com/api/number-of-unread-notifications
08-05 19:20:35.329 32035 32096 I art     : Explicit concurrent mark sweep GC freed 982(49KB) AllocSpace objects, 0(0B) LOS objects, 8% free, 183MB/199MB, paused 2.506ms total 68.656ms
08-05 19:20:35.349   512  2967 D AudioFlinger: mixer(0xf4740000) throttle end: throttle time(12)
08-05 19:20:35.353 32035 32096 I art     : Starting a blocking GC Explicit
08-05 19:20:35.414 32035 32096 I art     : Explicit concurrent mark sweep GC freed 398(29KB) AllocSpace objects, 0(0B) LOS objects, 8% free, 183MB/199MB, paused 2.578ms total 60.752ms
08-05 19:20:35.439 32035 32096 I art     : Starting a blocking GC Explicit
08-05 19:20:35.504 32035 32096 I art     : Explicit concurrent mark sweep GC freed 347(25KB) AllocSpace objects, 0(0B) LOS objects, 8% free, 183MB/199MB, paused 2.338ms total 65.472ms
08-05 19:20:35.839   512  2967 D audio_hw_primary: disable_audio_route: reset and update mixer path: low-latency-playback speaker
08-05 19:20:35.841   512  2967 D audio_hw_primary: disable_snd_device: snd_device(2: speaker)
08-05 19:20:35.852   512  2967 I soundtrigger: audio_extn_sound_trigger_update_device_status: device 0x2 of type 0 for Event 0
08-05 19:20:35.894 32035  1975 I NAPPA_EXPERIMENTATION: MetricNetworkRequestExecutionTime: REQUEST_DURATION_SYSTEM='580',REQUEST_DURATION_OKHTTP='35',REQUEST_SYNCHRONOUS='FALSE',RESPONSE_CODE='200',RESPONSE_METHOD='GET',RESPONSE_LENGTH_OKHTTP='36',RESPONSE_LENGTH_HEADER='36',REQUEST_PROTOCOL='http/1.1',REQUEST_URL='https://project-travel-mate.herokuapp.com/api/number-of-unread-notifications',
08-05 19:20:35.942 32035 32046 I art     : Starting a blocking GC Explicit
08-05 19:20:35.993 32035 32035 I Choreographer: Skipped 40 frames!  The application may be doing too much work on its main thread.
08-05 19:20:36.017 32035 32046 I art     : Explicit concurrent mark sweep GC freed 7691(403KB) AllocSpace objects, 5(240KB) LOS objects, 7% free, 184MB/200MB, paused 2.375ms total 71.069ms
08-05 19:20:36.046 32035 32046 I art     : Starting a blocking GC Explicit
08-05 19:20:36.111 32035 32046 I art     : Explicit concurrent mark sweep GC freed 2162(189KB) AllocSpace objects, 9(252KB) LOS objects, 8% free, 183MB/199MB, paused 2.235ms total 64.654ms
08-05 19:20:36.135 32035 32046 I art     : Starting a blocking GC Explicit
08-05 19:20:36.204 32035 32046 I art     : Explicit concurrent mark sweep GC freed 361(24KB) AllocSpace objects, 0(0B) LOS objects, 8% free, 183MB/199MB, paused 2.540ms total 68.091ms
08-05 19:20:36.204 32035 32045 I art     : WaitForGcToComplete blocked for 6.104ms for cause HeapTrim
08-05 19:20:36.228 32035 32046 I art     : Starting a blocking GC Explicit
08-05 19:20:36.292 32035 32046 I art     : Explicit concurrent mark sweep GC freed 1101(36KB) AllocSpace objects, 0(0B) LOS objects, 8% free, 183MB/199MB, paused 1.650ms total 63.580ms
08-05 19:20:36.316 32035 32046 I art     : Starting a blocking GC Explicit
08-05 19:20:36.378 32035 32046 I art     : Explicit concurrent mark sweep GC freed 174(4KB) AllocSpace objects, 0(0B) LOS objects, 8% free, 183MB/199MB, paused 1.784ms total 61.740ms
08-05 19:20:36.824 32035 32047 I art     : Starting a blocking GC Explicit
08-05 19:20:36.890 32035 32047 I art     : Explicit concurrent mark sweep GC freed 2404(108KB) AllocSpace objects, 2(52KB) LOS objects, 8% free, 183MB/199MB, paused 1.874ms total 65.326ms
08-05 19:20:36.914 32035 32047 I art     : Starting a blocking GC Explicit
08-05 19:20:36.976 32035 32047 I art     : Explicit concurrent mark sweep GC freed 171(3KB) AllocSpace objects, 0(0B) LOS objects, 8% free, 183MB/199MB, paused 1.845ms total 62.022ms
08-05 19:20:37.001 32035 32047 I art     : Starting a blocking GC Explicit
08-05 19:20:37.064 32035 32047 I art     : Explicit concurrent mark sweep GC freed 134(2448B) AllocSpace objects, 0(0B) LOS objects, 8% free, 183MB/199MB, paused 1.947ms total 62.693ms
08-05 19:20:37.089 32035 32047 I art     : Starting a blocking GC Explicit
08-05 19:20:37.164 32035 32047 I art     : Explicit concurrent mark sweep GC freed 158(2848B) AllocSpace objects, 0(0B) LOS objects, 8% free, 183MB/199MB, paused 2.010ms total 74.761ms
08-05 19:20:37.189 32035 32047 I art     : Starting a blocking GC Explicit
08-05 19:20:37.253 32035 32047 I art     : Explicit concurrent mark sweep GC freed 125(2160B) AllocSpace objects, 0(0B) LOS objects, 8% free, 183MB/199MB, paused 1.708ms total 63.882ms
08-05 19:20:37.256 13866 13882 I PeriodicStatsRunner: PeriodicStatsRunner.call():175 call()
08-05 19:20:37.257 13866 13882 I PeriodicStatsRunner: PeriodicStatsRunner.call():179 No submit PeriodicStats since input started.
08-05 19:20:37.698 32035 32625 I art     : Starting a blocking GC Explicit
08-05 19:20:37.765 32035 32625 I art     : Explicit concurrent mark sweep GC freed 2399(107KB) AllocSpace objects, 2(52KB) LOS objects, 8% free, 183MB/199MB, paused 2.190ms total 66.207ms
08-05 19:20:37.792 32035 32625 I art     : Starting a blocking GC Explicit
08-05 19:20:37.856 32035 32625 I art     : Explicit concurrent mark sweep GC freed 150(3KB) AllocSpace objects, 0(0B) LOS objects, 8% free, 183MB/199MB, paused 1.758ms total 64.127ms
08-05 19:20:37.880 32035 32625 I art     : Starting a blocking GC Explicit
08-05 19:20:37.941 32035 32625 I art     : Explicit concurrent mark sweep GC freed 131(2224B) AllocSpace objects, 0(0B) LOS objects, 8% free, 183MB/199MB, paused 2.031ms total 60.439ms
08-05 19:20:37.965 32035 32625 I art     : Starting a blocking GC Explicit
08-05 19:20:38.026 32035 32625 I art     : Explicit concurrent mark sweep GC freed 139(2368B) AllocSpace objects, 0(0B) LOS objects, 8% free, 183MB/199MB, paused 1.777ms total 60.199ms
08-05 19:20:38.050 32035 32625 I art     : Starting a blocking GC Explicit
08-05 19:20:38.111 32035 32625 I art     : Explicit concurrent mark sweep GC freed 122(2064B) AllocSpace objects, 0(0B) LOS objects, 8% free, 183MB/199MB, paused 1.780ms total 60.605ms
08-05 19:20:38.133  2008  2008 D AndroidRuntime: >>>>>> START com.android.internal.os.RuntimeInit uid 2000 <<<<<<
08-05 19:20:38.139  2008  2008 D AndroidRuntime: CheckJNI is OFF
08-05 19:20:38.186  2008  2008 D ICU     : No timezone override file found: /data/misc/zoneinfo/current/icu/icu_tzdata.dat
08-05 19:20:38.229  2008  2008 I Radio-JNI: register_android_hardware_Radio DONE
08-05 19:20:38.262  2008  2008 D AndroidRuntime: Calling main entry com.android.commands.input.Input
08-05 19:20:38.268  2008  2008 I Input   : injectMotionEvent: MotionEvent { action=ACTION_DOWN, actionButton=0, id[0]=0, x[0]=117.0, y[0]=170.0, toolType[0]=TOOL_TYPE_UNKNOWN, buttonState=0, metaState=0, flags=0x0, edgeFlags=0x0, pointerCount=1, historySize=0, eventTime=818454680, downTime=818454680, deviceId=0, source=0x1002 }
08-05 19:20:38.273  2008  2008 I Input   : injectMotionEvent: MotionEvent { action=ACTION_UP, actionButton=0, id[0]=0, x[0]=117.0, y[0]=170.0, toolType[0]=TOOL_TYPE_UNKNOWN, buttonState=0, metaState=0, flags=0x0, edgeFlags=0x0, pointerCount=1, historySize=0, eventTime=818454680, downTime=818454680, deviceId=0, source=0x1002 }
08-05 19:20:38.275  2008  2008 D AndroidRuntime: Shutting down VM
08-05 19:20:38.294   512  2967 D audio_hw_primary: out_set_parameters: enter: usecase(1: low-latency-playback) kvpairs: routing=2
08-05 19:20:38.307   512  2967 D audio_hw_primary: select_devices: out_snd_device(2: speaker) in_snd_device(0: none)
08-05 19:20:38.307   512  2967 D msm8974_platform: platform_send_audio_calibration: sending audio calibration for snd_device(2) acdb_id(15)
08-05 19:20:38.307   512  2967 I soundtrigger: audio_extn_sound_trigger_update_device_status: device 0x2 of type 0 for Event 1
08-05 19:20:38.320   512  2967 D audio_hw_primary: enable_snd_device: snd_device(2: speaker)
08-05 19:20:38.323   512  2967 D audio_hw_primary: enable_audio_route: apply and update mixer path: low-latency-playback speaker
08-05 19:20:38.575 32035 32095 I art     : Starting a blocking GC Explicit
08-05 19:20:38.653 32035 32095 I art     : Explicit concurrent mark sweep GC freed 2870(129KB) AllocSpace objects, 2(52KB) LOS objects, 7% free, 184MB/200MB, paused 1.757ms total 78.252ms
08-05 19:20:38.690 32035 32095 I art     : Starting a blocking GC Explicit
08-05 19:20:38.767 32035 32095 I art     : Explicit concurrent mark sweep GC freed 242(5KB) AllocSpace objects, 0(0B) LOS objects, 7% free, 184MB/200MB, paused 2.034ms total 76.617ms
08-05 19:20:38.795 32035 32095 I art     : Starting a blocking GC Explicit
08-05 19:20:38.859   512  2967 D audio_hw_primary: disable_audio_route: reset and update mixer path: low-latency-playback speaker
08-05 19:20:38.861   512  2967 D audio_hw_primary: disable_snd_device: snd_device(2: speaker)
08-05 19:20:38.864 32035 32095 I art     : Explicit concurrent mark sweep GC freed 171(3040B) AllocSpace objects, 0(0B) LOS objects, 7% free, 184MB/200MB, paused 1.764ms total 67.994ms
08-05 19:20:38.873   512  2967 I soundtrigger: audio_extn_sound_trigger_update_device_status: device 0x2 of type 0 for Event 0
08-05 19:20:38.888 32035 32095 I art     : Starting a blocking GC Explicit
08-05 19:20:38.950 32035 32095 I art     : Explicit concurrent mark sweep GC freed 122(2064B) AllocSpace objects, 0(0B) LOS objects, 7% free, 184MB/200MB, paused 1.746ms total 61.073ms
08-05 19:20:38.974 32035 32095 I art     : Starting a blocking GC Explicit
08-05 19:20:39.031 32035 32095 I art     : Explicit concurrent mark sweep GC freed 125(2160B) AllocSpace objects, 0(0B) LOS objects, 7% free, 184MB/200MB, paused 1.682ms total 57.372ms
08-05 19:20:39.083   918  3961 I AccountManagerService: getTypesVisibleToCaller: isPermitted? true
08-05 19:20:39.101 24577 31546 I Checkin : [ServiceDumpSys] dumping service [account]
08-05 19:20:39.114 24365  4416 I NetworkScheduler.Stats: Task com.google.android.gms/com.google.android.gms.checkin.EventLogService finished executing. cause:5 result: 1 elapsed_millis: 9405 uptime_millis: 9406 exec_start_elapsed_seconds: 1801833 [CONTEXT service_id=218 ]
08-05 19:20:39.125   918   929 I AccountManagerService: getTypesVisibleToCaller: isPermitted? true
08-05 19:20:39.202  2031  2031 D AndroidRuntime: >>>>>> START com.android.internal.os.RuntimeInit uid 2000 <<<<<<
08-05 19:20:39.208  2031  2031 D AndroidRuntime: CheckJNI is OFF
08-05 19:20:39.265  2031  2031 D ICU     : No timezone override file found: /data/misc/zoneinfo/current/icu/icu_tzdata.dat
08-05 19:20:39.309  2031  2031 I Radio-JNI: register_android_hardware_Radio DONE
08-05 19:20:39.343  2031  2031 D AndroidRuntime: Calling main entry com.android.commands.input.Input
08-05 19:20:39.345  2031  2031 I Input   : injectMotionEvent: MotionEvent { action=ACTION_DOWN, actionButton=0, id[0]=0, x[0]=355.0, y[0]=1674.0, toolType[0]=TOOL_TYPE_UNKNOWN, buttonState=0, metaState=0, flags=0x0, edgeFlags=0x0, pointerCount=1, historySize=0, eventTime=818455758, downTime=818455758, deviceId=0, source=0x1002 }
08-05 19:20:39.350  2031  2031 I Input   : injectMotionEvent: MotionEvent { action=ACTION_UP, actionButton=0, id[0]=0, x[0]=355.0, y[0]=1674.0, toolType[0]=TOOL_TYPE_UNKNOWN, buttonState=0, metaState=0, flags=0x0, edgeFlags=0x0, pointerCount=1, historySize=0, eventTime=818455758, downTime=818455758, deviceId=0, source=0x1002 }
08-05 19:20:39.352  2031  2031 D AndroidRuntime: Shutting down VM
08-05 19:20:39.363   512  2967 D audio_hw_primary: out_set_parameters: enter: usecase(1: low-latency-playback) kvpairs: routing=2
08-05 19:20:39.374 32035 32035 V MainActivity: url = https://project-travel-mate.herokuapp.com/api/number-of-unread-notifications
08-05 19:20:39.377   512  2967 D audio_hw_primary: select_devices: out_snd_device(2: speaker) in_snd_device(0: none)
08-05 19:20:39.377   512  2967 D msm8974_platform: platform_send_audio_calibration: sending audio calibration for snd_device(2) acdb_id(15)
08-05 19:20:39.377   512  2967 I soundtrigger: audio_extn_sound_trigger_update_device_status: device 0x2 of type 0 for Event 1
08-05 19:20:39.389   512  2967 D audio_hw_primary: enable_snd_device: snd_device(2: speaker)
08-05 19:20:39.391   512  2967 D audio_hw_primary: enable_audio_route: apply and update mixer path: low-latency-playback speaker
08-05 19:20:39.431   512  2967 D AudioFlinger: mixer(0xf4740000) throttle end: throttle time(12)
08-05 19:20:39.475 32035 32047 I art     : Starting a blocking GC Explicit
08-05 19:20:39.539 32035 32047 I art     : Explicit concurrent mark sweep GC freed 4324(186KB) AllocSpace objects, 2(52KB) LOS objects, 7% free, 184MB/200MB, paused 1.892ms total 63.246ms
08-05 19:20:39.564 32035 32047 I art     : Starting a blocking GC Explicit
08-05 19:20:39.629 32035 32047 I art     : Explicit concurrent mark sweep GC freed 2361(196KB) AllocSpace objects, 9(252KB) LOS objects, 7% free, 184MB/200MB, paused 2.029ms total 64.411ms
08-05 19:20:39.640 32009 32009 I ServiceManager: Waiting for service AtCmdFwd...
08-05 19:20:39.653 32035 32047 I art     : Starting a blocking GC Explicit
08-05 19:20:39.733 32035 32047 I art     : Explicit concurrent mark sweep GC freed 34(928B) AllocSpace objects, 0(0B) LOS objects, 7% free, 184MB/200MB, paused 2.607ms total 80.053ms
08-05 19:20:39.766 32035 32047 I art     : Starting a blocking GC Explicit
08-05 19:20:39.851 32035 32047 I art     : Explicit concurrent mark sweep GC freed 1178(78KB) AllocSpace objects, 2(120KB) LOS objects, 7% free, 184MB/200MB, paused 2.870ms total 84.962ms
08-05 19:20:39.877 32035 32047 I art     : Starting a blocking GC Explicit
08-05 19:20:39.899 32035  2055 I NAPPA_EXPERIMENTATION: MetricNetworkRequestExecutionTime: REQUEST_DURATION_SYSTEM='523',REQUEST_DURATION_OKHTTP='36',REQUEST_SYNCHRONOUS='FALSE',RESPONSE_CODE='200',RESPONSE_METHOD='GET',RESPONSE_LENGTH_OKHTTP='36',RESPONSE_LENGTH_HEADER='36',REQUEST_PROTOCOL='http/1.1',REQUEST_URL='https://project-travel-mate.herokuapp.com/api/number-of-unread-notifications',
08-05 19:20:39.938   512  2967 D audio_hw_primary: disable_audio_route: reset and update mixer path: low-latency-playback speaker
08-05 19:20:39.940   512  2967 D audio_hw_primary: disable_snd_device: snd_device(2: speaker)
08-05 19:20:39.945 32035 32047 I art     : Explicit concurrent mark sweep GC freed 2452(179KB) AllocSpace objects, 1(80KB) LOS objects, 7% free, 184MB/200MB, paused 2.002ms total 68.032ms
08-05 19:20:39.948   512  2967 I soundtrigger: audio_extn_sound_trigger_update_device_status: device 0x2 of type 0 for Event 0
08-05 19:20:40.450 32035 32046 I art     : Starting a blocking GC Explicit
08-05 19:20:40.541 32035 32046 I art     : Explicit concurrent mark sweep GC freed 1758(102KB) AllocSpace objects, 2(48KB) LOS objects, 7% free, 184MB/200MB, paused 2.466ms total 89.758ms
08-05 19:20:40.573 32035 32046 I art     : Starting a blocking GC Explicit
08-05 19:20:40.640 32009 32009 I ServiceManager: Waiting for service AtCmdFwd...
08-05 19:20:40.660 32035 32046 I art     : Explicit concurrent mark sweep GC freed 61(1936B) AllocSpace objects, 0(0B) LOS objects, 7% free, 184MB/200MB, paused 2.419ms total 85.955ms
08-05 19:20:40.691 32035 32046 I art     : Starting a blocking GC Explicit
08-05 19:20:40.764 32035 32046 I art     : Explicit concurrent mark sweep GC freed 7(224B) AllocSpace objects, 0(0B) LOS objects, 7% free, 184MB/200MB, paused 1.891ms total 72.964ms
08-05 19:20:40.792 32035 32046 I art     : Starting a blocking GC Explicit
08-05 19:20:40.873 32035 32046 I art     : Explicit concurrent mark sweep GC freed 12(576B) AllocSpace objects, 0(0B) LOS objects, 7% free, 184MB/200MB, paused 2.312ms total 80.818ms
08-05 19:20:40.906 32035 32046 I art     : Starting a blocking GC Explicit
08-05 19:20:40.981 32035 32046 I art     : Explicit concurrent mark sweep GC freed 17(528B) AllocSpace objects, 0(0B) LOS objects, 7% free, 184MB/200MB, paused 2.132ms total 74.776ms
08-05 19:20:41.491 32035 32047 I art     : Starting a blocking GC Explicit
08-05 19:20:41.585 32035 32047 I art     : Explicit concurrent mark sweep GC freed 1653(95KB) AllocSpace objects, 2(48KB) LOS objects, 7% free, 184MB/200MB, paused 2.478ms total 92.476ms
08-05 19:20:41.614 32035 32047 I art     : Starting a blocking GC Explicit
08-05 19:20:41.641 32009 32009 I ServiceManager: Waiting for service AtCmdFwd...
08-05 19:20:41.685 32035 32047 I art     : Explicit concurrent mark sweep GC freed 61(1936B) AllocSpace objects, 0(0B) LOS objects, 7% free, 184MB/200MB, paused 1.933ms total 70.273ms
08-05 19:20:41.712 32035 32047 I art     : Starting a blocking GC Explicit
08-05 19:20:41.784 32035 32047 I art     : Explicit concurrent mark sweep GC freed 3(96B) AllocSpace objects, 0(0B) LOS objects, 7% free, 184MB/200MB, paused 2.127ms total 71.202ms
08-05 19:20:41.811 32035 32047 I art     : Starting a blocking GC Explicit
08-05 19:20:41.883 32035 32047 I art     : Explicit concurrent mark sweep GC freed 3(96B) AllocSpace objects, 0(0B) LOS objects, 7% free, 184MB/200MB, paused 1.974ms total 71.637ms
08-05 19:20:41.910 32035 32047 I art     : Starting a blocking GC Explicit
08-05 19:20:41.981 32035 32047 I art     : Explicit concurrent mark sweep GC freed 3(96B) AllocSpace objects, 0(0B) LOS objects, 7% free, 184MB/200MB, paused 1.908ms total 70.354ms
08-05 19:20:42.279  2077  2077 D AndroidRuntime: >>>>>> START com.android.internal.os.RuntimeInit uid 2000 <<<<<<
08-05 19:20:42.285  2077  2077 D AndroidRuntime: CheckJNI is OFF
08-05 19:20:42.339  2077  2077 D ICU     : No timezone override file found: /data/misc/zoneinfo/current/icu/icu_tzdata.dat
08-05 19:20:42.384  2077  2077 I Radio-JNI: register_android_hardware_Radio DONE
08-05 19:20:42.418  2077  2077 D AndroidRuntime: Calling main entry com.android.commands.input.Input
08-05 19:20:42.421  2077  2077 I Input   : injectMotionEvent: MotionEvent { action=ACTION_DOWN, actionButton=0, id[0]=0, x[0]=747.0, y[0]=608.0, toolType[0]=TOOL_TYPE_UNKNOWN, buttonState=0, metaState=0, flags=0x0, edgeFlags=0x0, pointerCount=1, historySize=0, eventTime=818458833, downTime=818458833, deviceId=0, source=0x1002 }
08-05 19:20:42.427  2077  2077 I Input   : injectMotionEvent: MotionEvent { action=ACTION_UP, actionButton=0, id[0]=0, x[0]=747.0, y[0]=608.0, toolType[0]=TOOL_TYPE_UNKNOWN, buttonState=0, metaState=0, flags=0x0, edgeFlags=0x0, pointerCount=1, historySize=0, eventTime=818458833, downTime=818458833, deviceId=0, source=0x1002 }
08-05 19:20:42.429  2077  2077 D AndroidRuntime: Shutting down VM
08-05 19:20:42.429   918  6112 I ActivityManager: START u0 {cmp=baseline.io.github.project_travel_mate/.utilities.ChecklistActivity} from uid 10674 on display 0
08-05 19:20:42.429 32035 32096 I art     : Starting a blocking GC Explicit
08-05 19:20:42.431   512  2967 D audio_hw_primary: out_set_parameters: enter: usecase(1: low-latency-playback) kvpairs: routing=2
08-05 19:20:42.445   512  2967 D audio_hw_primary: select_devices: out_snd_device(2: speaker) in_snd_device(0: none)
08-05 19:20:42.446   512  2967 D msm8974_platform: platform_send_audio_calibration: sending audio calibration for snd_device(2) acdb_id(15)
08-05 19:20:42.446   512  2967 I soundtrigger: audio_extn_sound_trigger_update_device_status: device 0x2 of type 0 for Event 1
08-05 19:20:42.459   512  2967 D audio_hw_primary: enable_snd_device: snd_device(2: speaker)
08-05 19:20:42.462   512  2967 D audio_hw_primary: enable_audio_route: apply and update mixer path: low-latency-playback speaker
08-05 19:20:42.498 32035 32096 I art     : Explicit concurrent mark sweep GC freed 2266(130KB) AllocSpace objects, 2(48KB) LOS objects, 7% free, 184MB/200MB, paused 2.514ms total 68.350ms
08-05 19:20:42.521 32035 32096 I art     : Starting a blocking GC Explicit
08-05 19:20:42.563   918   936 I ActivityManager: Displayed baseline.io.github.project_travel_mate/.utilities.ChecklistActivity: +121ms
08-05 19:20:42.564 13866 13866 I GoogleInputMethodServic: GoogleInputMethodService.onFinishInput():3138 
08-05 19:20:42.564 13866 13866 I GoogleInputMethodServic: GoogleInputMethodService.onStartInput():1808 
08-05 19:20:42.584 32035 32096 I art     : Explicit concurrent mark sweep GC freed 531(30KB) AllocSpace objects, 0(0B) LOS objects, 7% free, 184MB/200MB, paused 2.031ms total 61.979ms
08-05 19:20:42.610 32035 32096 I art     : Starting a blocking GC Explicit
08-05 19:20:42.642 32009 32009 I ServiceManager: Waiting for service AtCmdFwd...
08-05 19:20:42.673 32035 32096 I art     : Explicit concurrent mark sweep GC freed 131(4KB) AllocSpace objects, 0(0B) LOS objects, 7% free, 184MB/200MB, paused 1.916ms total 61.723ms
08-05 19:20:42.698 32035 32096 I art     : Starting a blocking GC Explicit
08-05 19:20:42.789 32035 32096 I art     : Explicit concurrent mark sweep GC freed 14(512B) AllocSpace objects, 0(0B) LOS objects, 7% free, 184MB/200MB, paused 2.041ms total 90.252ms
08-05 19:20:42.810   380   380 W SurfaceFlinger: couldn't log to binary event log: overflow.
08-05 19:20:42.821 32035 32096 I art     : Starting a blocking GC Explicit
08-05 19:20:42.881 32035 32096 I art     : Explicit concurrent mark sweep GC freed 3(96B) AllocSpace objects, 0(0B) LOS objects, 7% free, 184MB/200MB, paused 1.747ms total 59.251ms
08-05 19:20:42.999   512  2967 D audio_hw_primary: disable_audio_route: reset and update mixer path: low-latency-playback speaker
08-05 19:20:43.000   512  2967 D audio_hw_primary: disable_snd_device: snd_device(2: speaker)
08-05 19:20:43.007   512  2967 I soundtrigger: audio_extn_sound_trigger_update_device_status: device 0x2 of type 0 for Event 0
08-05 19:20:43.347 32035 32046 I art     : Starting a blocking GC Explicit
08-05 19:20:43.433 32035 32046 I art     : Explicit concurrent mark sweep GC freed 1675(96KB) AllocSpace objects, 2(48KB) LOS objects, 7% free, 184MB/200MB, paused 2.456ms total 85.497ms
08-05 19:20:43.464 32035 32046 I art     : Starting a blocking GC Explicit
08-05 19:20:43.534 32035 32046 I art     : Explicit concurrent mark sweep GC freed 38(1360B) AllocSpace objects, 0(0B) LOS objects, 7% free, 184MB/200MB, paused 1.893ms total 69.175ms
08-05 19:20:43.560 32035 32046 I art     : Starting a blocking GC Explicit
08-05 19:20:43.631 32035 32046 I art     : Explicit concurrent mark sweep GC freed 3(96B) AllocSpace objects, 0(0B) LOS objects, 7% free, 184MB/200MB, paused 1.946ms total 70.689ms
08-05 19:20:43.642 32009 32009 I ServiceManager: Waiting for service AtCmdFwd...
08-05 19:20:43.662 32035 32046 I art     : Starting a blocking GC Explicit
08-05 19:20:43.738 32035 32046 I art     : Explicit concurrent mark sweep GC freed 40(1088B) AllocSpace objects, 0(0B) LOS objects, 7% free, 184MB/200MB, paused 2.162ms total 75.786ms
08-05 19:20:43.769 32035 32046 I art     : Starting a blocking GC Explicit
08-05 19:20:43.847 32035 32046 I art     : Explicit concurrent mark sweep GC freed 3(96B) AllocSpace objects, 0(0B) LOS objects, 7% free, 184MB/200MB, paused 2.444ms total 78.301ms
08-05 19:20:44.341 32035 32095 I art     : Starting a blocking GC Explicit
08-05 19:20:44.430 32035 32095 I art     : Explicit concurrent mark sweep GC freed 1623(94KB) AllocSpace objects, 2(48KB) LOS objects, 7% free, 184MB/200MB, paused 2.569ms total 88.499ms
08-05 19:20:44.459 32035 32095 I art     : Starting a blocking GC Explicit
08-05 19:20:44.530 32035 32095 I art     : Explicit concurrent mark sweep GC freed 30(1104B) AllocSpace objects, 0(0B) LOS objects, 7% free, 184MB/200MB, paused 1.965ms total 70.412ms
08-05 19:20:44.557 32035 32095 I art     : Starting a blocking GC Explicit
08-05 19:20:44.637 32035 32095 I art     : Explicit concurrent mark sweep GC freed 3(96B) AllocSpace objects, 0(0B) LOS objects, 7% free, 184MB/200MB, paused 2.181ms total 79.741ms
08-05 19:20:44.643 32009 32009 W Atfwd_Sendcmd: AtCmdFwd service not published, waiting... retryCnt : 4
08-05 19:20:44.668 32035 32095 I art     : Starting a blocking GC Explicit
08-05 19:20:44.744 32035 32095 I art     : Explicit concurrent mark sweep GC freed 40(1088B) AllocSpace objects, 0(0B) LOS objects, 7% free, 184MB/200MB, paused 2.503ms total 75.565ms
08-05 19:20:44.772 32035 32095 I art     : Starting a blocking GC Explicit
08-05 19:20:44.843 32035 32095 I art     : Explicit concurrent mark sweep GC freed 3(96B) AllocSpace objects, 0(0B) LOS objects, 7% free, 184MB/200MB, paused 2.022ms total 71.045ms
08-05 19:20:45.338 32035 32047 I art     : Starting a blocking GC Explicit
08-05 19:20:45.424 32035 32047 I art     : Explicit concurrent mark sweep GC freed 1645(95KB) AllocSpace objects, 2(48KB) LOS objects, 7% free, 184MB/200MB, paused 2.255ms total 85.633ms
08-05 19:20:45.455 32035 32047 I art     : Starting a blocking GC Explicit
08-05 19:20:45.525 32035 32047 I art     : Explicit concurrent mark sweep GC freed 58(2640B) AllocSpace objects, 0(0B) LOS objects, 7% free, 184MB/200MB, paused 1.890ms total 69.322ms
08-05 19:20:45.551 32035 32047 I art     : Starting a blocking GC Explicit
08-05 19:20:45.624 32035 32047 I art     : Explicit concurrent mark sweep GC freed 3(96B) AllocSpace objects, 0(0B) LOS objects, 7% free, 184MB/200MB, paused 1.970ms total 72.285ms
08-05 19:20:45.654 32035 32047 I art     : Starting a blocking GC Explicit
08-05 19:20:45.729 32035 32047 I art     : Explicit concurrent mark sweep GC freed 40(1088B) AllocSpace objects, 0(0B) LOS objects, 7% free, 184MB/200MB, paused 2.592ms total 74.729ms
08-05 19:20:45.759 32035 32047 I art     : Starting a blocking GC Explicit
08-05 19:20:45.830 32035 32047 I art     : Explicit concurrent mark sweep GC freed 3(96B) AllocSpace objects, 0(0B) LOS objects, 7% free, 184MB/200MB, paused 1.941ms total 70.590ms
08-05 19:20:46.318 32035 32625 I art     : Starting a blocking GC Explicit
08-05 19:20:46.408 32035 32625 I art     : Explicit concurrent mark sweep GC freed 1621(94KB) AllocSpace objects, 2(48KB) LOS objects, 7% free, 184MB/200MB, paused 2.238ms total 89.596ms
08-05 19:20:46.439 32035 32625 I art     : Starting a blocking GC Explicit
08-05 19:20:46.514 32035 32625 I art     : Explicit concurrent mark sweep GC freed 30(1104B) AllocSpace objects, 0(0B) LOS objects, 7% free, 184MB/200MB, paused 2.291ms total 74.271ms
08-05 19:20:46.545 32035 32625 I art     : Starting a blocking GC Explicit
08-05 19:20:46.624 32035 32625 I art     : Explicit concurrent mark sweep GC freed 3(96B) AllocSpace objects, 0(0B) LOS objects, 7% free, 184MB/200MB, paused 1.894ms total 77.733ms
08-05 19:20:46.624 32035 32045 I art     : WaitForGcToComplete blocked for 38.591ms for cause HeapTrim
08-05 19:20:46.650 32035 32625 I art     : Starting a blocking GC Explicit
08-05 19:20:46.719 32035 32625 I art     : Explicit concurrent mark sweep GC freed 40(1088B) AllocSpace objects, 0(0B) LOS objects, 7% free, 184MB/200MB, paused 2.056ms total 68.467ms
08-05 19:20:46.744 32035 32625 I art     : Starting a blocking GC Explicit
08-05 19:20:46.812 32035 32625 I art     : Explicit concurrent mark sweep GC freed 3(96B) AllocSpace objects, 0(0B) LOS objects, 7% free, 184MB/200MB, paused 2.041ms total 67.440ms
08-05 19:20:47.276 32035 32096 I art     : Starting a blocking GC Explicit
08-05 19:20:47.345 32035 32096 I art     : Explicit concurrent mark sweep GC freed 1623(94KB) AllocSpace objects, 2(48KB) LOS objects, 7% free, 184MB/200MB, paused 1.963ms total 68.195ms
08-05 19:20:47.352  2144  2144 D AndroidRuntime: >>>>>> START com.android.internal.os.RuntimeInit uid 2000 <<<<<<
08-05 19:20:47.359  2144  2144 D AndroidRuntime: CheckJNI is OFF
08-05 19:20:47.371 32035 32096 I art     : Starting a blocking GC Explicit
08-05 19:20:47.416  2144  2144 D ICU     : No timezone override file found: /data/misc/zoneinfo/current/icu/icu_tzdata.dat
08-05 19:20:47.437 32035 32096 I art     : Explicit concurrent mark sweep GC freed 30(1104B) AllocSpace objects, 0(0B) LOS objects, 7% free, 184MB/200MB, paused 1.957ms total 65.044ms
08-05 19:20:47.460  2144  2144 I Radio-JNI: register_android_hardware_Radio DONE
08-05 19:20:47.462 32035 32096 I art     : Starting a blocking GC Explicit
08-05 19:20:47.493  2144  2144 D AndroidRuntime: Calling main entry com.android.commands.input.Input
08-05 19:20:47.494  2144  2144 I Input   : injectKeyEvent: KeyEvent { action=ACTION_DOWN, keyCode=KEYCODE_BACK, scanCode=0, metaState=0, flags=0x0, repeatCount=0, eventTime=818463907, downTime=818463907, deviceId=-1, source=0x101 }
08-05 19:20:47.501  2144  2144 I Input   : injectKeyEvent: KeyEvent { action=ACTION_UP, keyCode=KEYCODE_BACK, scanCode=0, metaState=0, flags=0x0, repeatCount=0, eventTime=818463907, downTime=818463907, deviceId=-1, source=0x101 }
08-05 19:20:47.510  2144  2144 D AndroidRuntime: Shutting down VM
08-05 19:20:47.530 32035 32096 I art     : Explicit concurrent mark sweep GC freed 154(5KB) AllocSpace objects, 0(0B) LOS objects, 7% free, 184MB/200MB, paused 1.938ms total 67.770ms
08-05 19:20:47.530 32035 32035 V MainActivity: url = https://project-travel-mate.herokuapp.com/api/number-of-unread-notifications
08-05 19:20:47.555 32035 32096 I art     : Starting a blocking GC Explicit
08-05 19:20:47.561 13866 13866 I GoogleInputMethodServic: GoogleInputMethodService.onFinishInput():3138 
08-05 19:20:47.562 13866 13866 I GoogleInputMethodServic: GoogleInputMethodService.onStartInput():1808 
08-05 19:20:47.564 13866 13882 I PeriodicStatsRunner: PeriodicStatsRunner.call():175 call()
08-05 19:20:47.564 13866 13882 I PeriodicStatsRunner: PeriodicStatsRunner.call():179 No submit PeriodicStats since input started.
08-05 19:20:47.622 32035 32096 I art     : Explicit concurrent mark sweep GC freed 336(15KB) AllocSpace objects, 0(0B) LOS objects, 7% free, 184MB/200MB, paused 1.800ms total 66.518ms
08-05 19:20:47.644 32035 32096 I art     : Starting a blocking GC Explicit
08-05 19:20:47.715 32035 32096 I art     : Explicit concurrent mark sweep GC freed 115(5KB) AllocSpace objects, 0(0B) LOS objects, 7% free, 184MB/200MB, paused 2.042ms total 69.682ms
08-05 19:20:47.847   380   380 W SurfaceFlinger: couldn't log to binary event log: overflow.
08-05 19:20:48.167 32035 32046 I art     : Starting a blocking GC Explicit
08-05 19:20:48.254 32035 32046 I art     : Explicit concurrent mark sweep GC freed 4599(245KB) AllocSpace objects, 5(248KB) LOS objects, 7% free, 184MB/200MB, paused 2.452ms total 86.349ms
08-05 19:20:48.280 32035 32046 I art     : Starting a blocking GC Explicit
08-05 19:20:48.295 32035  2167 I NAPPA_EXPERIMENTATION: MetricNetworkRequestExecutionTime: REQUEST_DURATION_SYSTEM='763',REQUEST_DURATION_OKHTTP='42',REQUEST_SYNCHRONOUS='FALSE',RESPONSE_CODE='200',RESPONSE_METHOD='GET',RESPONSE_LENGTH_OKHTTP='36',RESPONSE_LENGTH_HEADER='36',REQUEST_PROTOCOL='http/1.1',REQUEST_URL='https://project-travel-mate.herokuapp.com/api/number-of-unread-notifications',
08-05 19:20:48.352 32035 32046 I art     : Explicit concurrent mark sweep GC freed 1317(139KB) AllocSpace objects, 0(0B) LOS objects, 7% free, 184MB/200MB, paused 2.036ms total 71.474ms
08-05 19:20:48.378 32035 32046 I art     : Starting a blocking GC Explicit
08-05 19:20:48.454 32035 32046 I art     : Explicit concurrent mark sweep GC freed 92(3KB) AllocSpace objects, 0(0B) LOS objects, 7% free, 184MB/200MB, paused 2.553ms total 75.366ms
08-05 19:20:48.483 32035 32046 I art     : Starting a blocking GC Explicit
08-05 19:20:48.555 32035 32046 I art     : Explicit concurrent mark sweep GC freed 3(96B) AllocSpace objects, 0(0B) LOS objects, 7% free, 184MB/200MB, paused 1.962ms total 71.581ms
08-05 19:20:48.581 32035 32046 I art     : Starting a blocking GC Explicit
08-05 19:20:48.655 32035 32046 I art     : Explicit concurrent mark sweep GC freed 40(1088B) AllocSpace objects, 0(0B) LOS objects, 7% free, 184MB/200MB, paused 2.464ms total 73.386ms
08-05 19:20:49.107 32035 32625 I art     : Starting a blocking GC Explicit
08-05 19:20:49.190 32035 32625 I art     : Explicit concurrent mark sweep GC freed 1626(94KB) AllocSpace objects, 2(48KB) LOS objects, 7% free, 184MB/200MB, paused 4.038ms total 81.622ms
08-05 19:20:49.225 32035 32625 I art     : Starting a blocking GC Explicit
08-05 19:20:49.304 32035 32625 I art     : Explicit concurrent mark sweep GC freed 44(1552B) AllocSpace objects, 0(0B) LOS objects, 7% free, 184MB/200MB, paused 2.908ms total 79.239ms
08-05 19:20:49.335 32035 32625 I art     : Starting a blocking GC Explicit
08-05 19:20:49.414 32035 32625 I art     : Explicit concurrent mark sweep GC freed 15(480B) AllocSpace objects, 0(0B) LOS objects, 7% free, 184MB/200MB, paused 2.327ms total 79.105ms
08-05 19:20:49.443 32035 32625 I art     : Starting a blocking GC Explicit
08-05 19:20:49.464  2179  2179 D AndroidRuntime: >>>>>> START com.android.internal.os.RuntimeInit uid 2000 <<<<<<
08-05 19:20:49.470  2179  2179 D AndroidRuntime: CheckJNI is OFF
08-05 19:20:49.509 32035 32625 I art     : Explicit concurrent mark sweep GC freed 4(128B) AllocSpace objects, 0(0B) LOS objects, 7% free, 184MB/200MB, paused 2.018ms total 65.589ms
08-05 19:20:49.526  2179  2179 D ICU     : No timezone override file found: /data/misc/zoneinfo/current/icu/icu_tzdata.dat
08-05 19:20:49.534 32035 32625 I art     : Starting a blocking GC Explicit
08-05 19:20:49.569  2179  2179 I Radio-JNI: register_android_hardware_Radio DONE
08-05 19:20:49.601  2179  2179 D AndroidRuntime: Calling main entry com.android.commands.input.Input
08-05 19:20:49.604  2179  2179 I Input   : injectMotionEvent: MotionEvent { action=ACTION_DOWN, actionButton=0, id[0]=0, x[0]=657.0, y[0]=2037.0, toolType[0]=TOOL_TYPE_UNKNOWN, buttonState=0, metaState=0, flags=0x0, edgeFlags=0x0, pointerCount=1, historySize=0, eventTime=818466016, downTime=818466016, deviceId=0, source=0x1002 }
08-05 19:20:49.604 32035 32625 I art     : Explicit concurrent mark sweep GC freed 3(96B) AllocSpace objects, 0(0B) LOS objects, 7% free, 184MB/200MB, paused 2.003ms total 69.960ms
08-05 19:20:49.611  2179  2179 I Input   : injectMotionEvent: MotionEvent { action=ACTION_UP, actionButton=0, id[0]=0, x[0]=657.0, y[0]=2037.0, toolType[0]=TOOL_TYPE_UNKNOWN, buttonState=0, metaState=0, flags=0x0, edgeFlags=0x0, pointerCount=1, historySize=0, eventTime=818466016, downTime=818466016, deviceId=0, source=0x1002 }
08-05 19:20:49.613  2179  2179 D AndroidRuntime: Shutting down VM
08-05 19:20:49.614   918  5481 I ActivityManager: START u0 {cmp=baseline.io.github.project_travel_mate/.utilities.CompassActivity} from uid 10674 on display 0
08-05 19:20:49.617   512  2967 D audio_hw_primary: out_set_parameters: enter: usecase(1: low-latency-playback) kvpairs: routing=2
08-05 19:20:49.630   512  2967 D audio_hw_primary: select_devices: out_snd_device(2: speaker) in_snd_device(0: none)
08-05 19:20:49.630   512  2967 D msm8974_platform: platform_send_audio_calibration: sending audio calibration for snd_device(2) acdb_id(15)
08-05 19:20:49.630   512  2967 I soundtrigger: audio_extn_sound_trigger_update_device_status: device 0x2 of type 0 for Event 1
08-05 19:20:49.644   512  2967 D audio_hw_primary: enable_snd_device: snd_device(2: speaker)
08-05 19:20:49.647   512  2967 D audio_hw_primary: enable_audio_route: apply and update mixer path: low-latency-playback speaker
08-05 19:20:50.052 32035 32046 I art     : Starting a blocking GC Explicit
08-05 19:20:50.120 32035 32046 I art     : Explicit concurrent mark sweep GC freed 66(3KB) AllocSpace objects, 0(0B) LOS objects, 6% free, 233MB/249MB, paused 2.176ms total 67.144ms
08-05 19:20:50.145 32035 32046 I art     : Starting a blocking GC Explicit
08-05 19:20:50.159   918  3261 D WifiStateMachine: starting scan for "H369AA63323"WPA_PSK with 2412,5180
08-05 19:20:50.183 32035 32035 D CompassActivity: start compass
08-05 19:20:50.185   918  5952 I sensors : batch
08-05 19:20:50.185   918  5952 I sensors : activate
08-05 19:20:50.186   918  3670 I sensors : batch
08-05 19:20:50.186   918  3670 I sensors : activate
08-05 19:20:50.192   512  2967 D audio_hw_primary: disable_audio_route: reset and update mixer path: low-latency-playback speaker
08-05 19:20:50.193 32035 32035 I Choreographer: Skipped 32 frames!  The application may be doing too much work on its main thread.
08-05 19:20:50.194   512  2967 D audio_hw_primary: disable_snd_device: snd_device(2: speaker)
08-05 19:20:50.197   918  3188 I hubconnection: sensorhub said: 'batch 1 flags:0, sampling_rate_Hz:50.00, max_report_latency_us:0'
08-05 19:20:50.198   918  3188 I hubconnection: sensorhub said: 'activate 1 enable:1'
08-05 19:20:50.200   918  3188 I hubconnection: sensorhub said: 'batch 3 flags:0, sampling_rate_Hz:50.00, max_report_latency_us:0'
08-05 19:20:50.201   918  3188 I hubconnection: sensorhub said: 'activate 3 enable:1'
08-05 19:20:50.204   512  2967 I soundtrigger: audio_extn_sound_trigger_update_device_status: device 0x2 of type 0 for Event 0
08-05 19:20:50.215 32035 32046 I art     : Explicit concurrent mark sweep GC freed 129(6KB) AllocSpace objects, 0(0B) LOS objects, 6% free, 236MB/252MB, paused 2.446ms total 68.949ms
08-05 19:20:50.239 32035 32046 I art     : Starting a blocking GC Explicit
08-05 19:20:50.248 13866 13866 I GoogleInputMethodServic: GoogleInputMethodService.onFinishInput():3138 
08-05 19:20:50.248 13866 13866 I GoogleInputMethodServic: GoogleInputMethodService.onStartInput():1808 
08-05 19:20:50.302 32035 32046 I art     : Explicit concurrent mark sweep GC freed 109(3KB) AllocSpace objects, 0(0B) LOS objects, 6% free, 236MB/252MB, paused 1.799ms total 62.108ms
08-05 19:20:50.327 32035 32046 I art     : Starting a blocking GC Explicit
08-05 19:20:50.361 32035 32035 D CompassActivity: will set rotation from 0.0 to 181.37921
08-05 19:20:50.361 32035 32035 D CompassActivity: will set rotation from 181.37921 to 181.18327
08-05 19:20:50.361 32035 32035 D CompassActivity: will set rotation from 181.18327 to 181.1879
08-05 19:20:50.368   918   936 I ActivityManager: Displayed baseline.io.github.project_travel_mate/.utilities.CompassActivity: +736ms
08-05 19:20:50.387 32035 32046 I art     : Explicit concurrent mark sweep GC freed 47(2448B) AllocSpace objects, 0(0B) LOS objects, 6% free, 236MB/252MB, paused 1.829ms total 60.126ms
08-05 19:20:50.412 32035 32046 I art     : Starting a blocking GC Explicit
08-05 19:20:50.458 32035 32035 D CompassActivity: will set rotation from 181.1879 to 181.09967
08-05 19:20:50.459 32035 32035 D CompassActivity: will set rotation from 181.09967 to 181.09908
08-05 19:20:50.459 32035 32035 D CompassActivity: will set rotation from 181.09908 to 181.32336
08-05 19:20:50.459 32035 32035 D CompassActivity: will set rotation from 181.32336 to 181.32295
08-05 19:20:50.459 32035 32035 D CompassActivity: will set rotation from 181.32295 to 181.12915
08-05 19:20:50.459 32035 32035 D CompassActivity: will set rotation from 181.12915 to 181.13124
08-05 19:20:50.459 32035 32035 D CompassActivity: will set rotation from 181.13124 to 181.2617
08-05 19:20:50.459 32035 32035 D CompassActivity: will set rotation from 181.2617 to 181.26343
08-05 19:20:50.486 32035 32046 I art     : Explicit concurrent mark sweep GC freed 85(5KB) AllocSpace objects, 0(0B) LOS objects, 6% free, 236MB/252MB, paused 1.955ms total 73.125ms
08-05 19:20:50.549 32035 32035 D CompassActivity: will set rotation from 181.26343 to 181.14197
08-05 19:20:50.549 32035 32035 D CompassActivity: will set rotation from 181.14197 to 181.14508
08-05 19:20:50.549 32035 32035 D CompassActivity: will set rotation from 181.14508 to 181.18349
08-05 19:20:50.549 32035 32035 D CompassActivity: will set rotation from 181.18349 to 181.1835
08-05 19:20:50.549 32035 32035 D CompassActivity: will set rotation from 181.1835 to 181.28036
08-05 19:20:50.549 32035 32035 D CompassActivity: will set rotation from 181.28036 to 181.2803
08-05 19:20:50.550 32035 32035 D CompassActivity: will set rotation from 181.2803 to 181.30144
08-05 19:20:50.550 32035 32035 D CompassActivity: will set rotation from 181.30144 to 181.29944
08-05 19:20:50.550 32035 32035 D CompassActivity: will set rotation from 181.29944 to 181.36751
08-05 19:20:50.550 32035 32035 D CompassActivity: will set rotation from 181.36751 to 181.36328
08-05 19:20:50.570 32035 32035 D CompassActivity: will set rotation from 181.36328 to 181.3758
08-05 19:20:50.571 32035 32035 D CompassActivity: will set rotation from 181.3758 to 181.37625
08-05 19:20:50.579 32035 32035 D CompassActivity: will set rotation from 181.37625 to 181.38605
08-05 19:20:50.579 32035 32035 D CompassActivity: will set rotation from 181.38605 to 181.38557
08-05 19:20:50.599 32035 32035 D CompassActivity: will set rotation from 181.38557 to 181.39093
08-05 19:20:50.599 32035 32035 D CompassActivity: will set rotation from 181.39093 to 181.39117
08-05 19:20:50.617   380   380 W SurfaceFlinger: couldn't log to binary event log: overflow.
08-05 19:20:50.619 32035 32035 D CompassActivity: will set rotation from 181.39117 to 181.24654
08-05 19:20:50.619 32035 32035 D CompassActivity: will set rotation from 181.24654 to 181.2454
08-05 19:20:50.639 32035 32035 D CompassActivity: will set rotation from 181.2454 to 181.26176
08-05 19:20:50.639 32035 32035 D CompassActivity: will set rotation from 181.26176 to 181.26215
08-05 19:20:50.658 32035 32035 D CompassActivity: will set rotation from 181.26215 to 181.31598
08-05 19:20:50.659 32035 32035 D CompassActivity: will set rotation from 181.31598 to 181.3184
08-05 19:20:50.678 32035 32035 D CompassActivity: will set rotation from 181.3184 to 181.29973
08-05 19:20:50.679 32035 32035 D CompassActivity: will set rotation from 181.29973 to 181.30206
08-05 19:20:50.700 32035 32035 D CompassActivity: will set rotation from 181.30206 to 181.31909
08-05 19:20:50.700 32035 32035 D CompassActivity: will set rotation from 181.31909 to 181.31793
08-05 19:20:50.719 32035 32035 D CompassActivity: will set rotation from 181.31793 to 181.33092
08-05 19:20:50.720 32035 32035 D CompassActivity: will set rotation from 181.33092 to 181.33034
08-05 19:20:50.825 32035 32035 D CompassActivity: will set rotation from 181.33034 to 181.10506
08-05 19:20:50.825 32035 32035 D CompassActivity: will set rotation from 181.10506 to 181.1041
08-05 19:20:50.825 32035 32035 D CompassActivity: will set rotation from 181.1041 to 181.0451
08-05 19:20:50.825 32035 32035 D CompassActivity: will set rotation from 181.0451 to 181.04254
08-05 19:20:50.825 32035 32035 D CompassActivity: will set rotation from 181.04254 to 181.07018
08-05 19:20:50.825 32035 32035 D CompassActivity: will set rotation from 181.07018 to 181.06776
08-05 19:20:50.826 32035 32035 D CompassActivity: will set rotation from 181.06776 to 181.12291
08-05 19:20:50.826 32035 32035 D CompassActivity: will set rotation from 181.12291 to 181.11897
08-05 19:20:50.826 32035 32035 D CompassActivity: will set rotation from 181.11897 to 181.16864
08-05 19:20:50.826 32035 32035 D CompassActivity: will set rotation from 181.16864 to 181.1682
08-05 19:20:50.847 32035 32035 D CompassActivity: will set rotation from 181.1682 to 181.18355
08-05 19:20:50.848 32035 32035 D CompassActivity: will set rotation from 181.18355 to 181.18575
08-05 19:20:50.857 32035 32035 D CompassActivity: will set rotation from 181.18575 to 181.201
08-05 19:20:50.858 32035 32035 D CompassActivity: will set rotation from 181.201 to 181.20203
08-05 19:20:50.877 32035 32035 D CompassActivity: will set rotation from 181.20203 to 181.18925
08-05 19:20:50.878 32035 32035 D CompassActivity: will set rotation from 181.18925 to 181.18958
08-05 19:20:50.897 32035 32035 D CompassActivity: will set rotation from 181.18958 to 181.25601
08-05 19:20:50.898 32035 32035 D CompassActivity: will set rotation from 181.25601 to 181.25735
08-05 19:20:50.920 32035 32035 D CompassActivity: will set rotation from 181.25735 to 181.26836
08-05 19:20:50.920 32035 32035 D CompassActivity: will set rotation from 181.26836 to 181.26772
08-05 19:20:50.940 32035 32035 D CompassActivity: will set rotation from 181.26772 to 181.25356
08-05 19:20:50.941 32035 32035 D CompassActivity: will set rotation from 181.25356 to 181.25105
08-05 19:20:50.958 32035 32035 D CompassActivity: will set rotation from 181.25105 to 181.23994
08-05 19:20:50.958 32035 32035 D CompassActivity: will set rotation from 181.23994 to 181.23962
08-05 19:20:50.977 32035 32035 D CompassActivity: will set rotation from 181.23962 to 181.20583
08-05 19:20:50.978 32035 32035 D CompassActivity: will set rotation from 181.20583 to 181.20354
08-05 19:20:50.997 32035 32035 D CompassActivity: will set rotation from 181.20354 to 181.21696
08-05 19:20:50.998 32035 32035 D CompassActivity: will set rotation from 181.21696 to 181.21591
08-05 19:20:51.022 32035 32035 D CompassActivity: will set rotation from 181.21591 to 181.16814
08-05 19:20:51.022 32035 32035 D CompassActivity: will set rotation from 181.16814 to 181.16898
08-05 19:20:51.039 32035 32035 D CompassActivity: will set rotation from 181.16898 to 181.16171
08-05 19:20:51.039 32035 32035 D CompassActivity: will set rotation from 181.16171 to 181.16185
08-05 19:20:51.057 32035 32035 D CompassActivity: will set rotation from 181.16185 to 181.15453
08-05 19:20:51.058 32035 32035 D CompassActivity: will set rotation from 181.15453 to 181.15468
08-05 19:20:51.063 32035 32096 I art     : Starting a blocking GC Explicit
08-05 19:20:51.077 32035 32035 D CompassActivity: will set rotation from 181.15468 to 181.12447
08-05 19:20:51.077 32035 32035 D CompassActivity: will set rotation from 181.12447 to 181.12407
08-05 19:20:51.097 32035 32035 D CompassActivity: will set rotation from 181.12407 to 181.13956
08-05 19:20:51.097 32035 32035 D CompassActivity: will set rotation from 181.13956 to 181.14015
08-05 19:20:51.121 32035 32035 D CompassActivity: will set rotation from 181.14015 to 181.09734
08-05 19:20:51.121 32035 32035 D CompassActivity: will set rotation from 181.09734 to 181.09877
08-05 19:20:51.141 32035 32035 D CompassActivity: will set rotation from 181.09877 to 181.15816
08-05 19:20:51.141 32035 32035 D CompassActivity: will set rotation from 181.15816 to 181.1595
08-05 19:20:51.142 32035 32096 I art     : Explicit concurrent mark sweep GC freed 2327(137KB) AllocSpace objects, 2(48KB) LOS objects, 6% free, 236MB/252MB, paused 2.137ms total 78.435ms
08-05 19:20:51.157 32035 32035 D CompassActivity: will set rotation from 181.1595 to 181.19272
08-05 19:20:51.157 32035 32035 D CompassActivity: will set rotation from 181.19272 to 181.1931
08-05 19:20:51.172 32035 32096 I art     : Starting a blocking GC Explicit
08-05 19:20:51.176 32035 32035 D CompassActivity: will set rotation from 181.1931 to 181.20634
08-05 19:20:51.177 32035 32035 D CompassActivity: will set rotation from 181.20634 to 181.2059
08-05 19:20:51.196 32035 32035 D CompassActivity: will set rotation from 181.2059 to 181.19714
08-05 19:20:51.197 32035 32035 D CompassActivity: will set rotation from 181.19714 to 181.1983
08-05 19:20:51.217 32035 32035 D CompassActivity: will set rotation from 181.1983 to 181.20892
08-05 19:20:51.217 32035 32035 D CompassActivity: will set rotation from 181.20892 to 181.20767
08-05 19:20:51.238 32035 32035 D CompassActivity: will set rotation from 181.20767 to 181.23837
08-05 19:20:51.240 32035 32035 D CompassActivity: will set rotation from 181.23837 to 181.2383
08-05 19:20:51.242 32035 32096 I art     : Explicit concurrent mark sweep GC freed 1054(43KB) AllocSpace objects, 0(0B) LOS objects, 6% free, 236MB/252MB, paused 2.110ms total 69.572ms
08-05 19:20:51.257 32035 32035 D CompassActivity: will set rotation from 181.2383 to 181.20834
08-05 19:20:51.257 32035 32035 D CompassActivity: will set rotation from 181.20834 to 181.20874
08-05 19:20:51.271 32035 32096 I art     : Starting a blocking GC Explicit
08-05 19:20:51.276 32035 32035 D CompassActivity: will set rotation from 181.20874 to 181.21779
08-05 19:20:51.277 32035 32035 D CompassActivity: will set rotation from 181.21779 to 181.21931
08-05 19:20:51.296 32035 32035 D CompassActivity: will set rotation from 181.21931 to 181.24971
08-05 19:20:51.297 32035 32035 D CompassActivity: will set rotation from 181.24971 to 181.24808
08-05 19:20:51.316 32035 32035 D CompassActivity: will set rotation from 181.24808 to 181.27695
08-05 19:20:51.317 32035 32035 D CompassActivity: will set rotation from 181.27695 to 181.27669
08-05 19:20:51.338 32035 32035 D CompassActivity: will set rotation from 181.27669 to 181.28488
08-05 19:20:51.338 32035 32035 D CompassActivity: will set rotation from 181.28488 to 181.28522
08-05 19:20:51.350 32035 32096 I art     : Explicit concurrent mark sweep GC freed 240(11KB) AllocSpace objects, 0(0B) LOS objects, 6% free, 236MB/252MB, paused 2.258ms total 77.944ms
08-05 19:20:51.357 32035 32035 D CompassActivity: will set rotation from 181.28522 to 181.29272
08-05 19:20:51.357 32035 32035 D CompassActivity: will set rotation from 181.29272 to 181.29349
08-05 19:20:51.376 32035 32035 D CompassActivity: will set rotation from 181.29349 to 181.3003
08-05 19:20:51.377 32035 32035 D CompassActivity: will set rotation from 181.3003 to 181.30067
08-05 19:20:51.380 32035 32096 I art     : Starting a blocking GC Explicit
08-05 19:20:51.396 32035 32035 D CompassActivity: will set rotation from 181.30067 to 181.32675
08-05 19:20:51.396 32035 32035 D CompassActivity: will set rotation from 181.32675 to 181.32678
08-05 19:20:51.416 32035 32035 D CompassActivity: will set rotation from 181.32678 to 181.27899
08-05 19:20:51.416 32035 32035 D CompassActivity: will set rotation from 181.27899 to 181.2772
08-05 19:20:51.436 32035 32035 D CompassActivity: will set rotation from 181.2772 to 181.2669
08-05 19:20:51.437 32035 32035 D CompassActivity: will set rotation from 181.2669 to 181.26663
08-05 19:20:51.453 32035 32096 I art     : Explicit concurrent mark sweep GC freed 272(12KB) AllocSpace objects, 0(0B) LOS objects, 6% free, 236MB/252MB, paused 2.248ms total 72.965ms
08-05 19:20:51.457 32035 32035 D CompassActivity: will set rotation from 181.26663 to 181.29173
08-05 19:20:51.457 32035 32035 D CompassActivity: will set rotation from 181.29173 to 181.29167
08-05 19:20:51.475 32035 32035 D CompassActivity: will set rotation from 181.29167 to 181.29976
08-05 19:20:51.475 32035 32035 D CompassActivity: will set rotation from 181.29976 to 181.29944
08-05 19:20:51.482 32035 32096 I art     : Starting a blocking GC Explicit
08-05 19:20:51.495 32035 32035 D CompassActivity: will set rotation from 181.29944 to 181.30597
08-05 19:20:51.496 32035 32035 D CompassActivity: will set rotation from 181.30597 to 181.3047
08-05 19:20:51.515 32035 32035 D CompassActivity: will set rotation from 181.3047 to 181.29369
08-05 19:20:51.516 32035 32035 D CompassActivity: will set rotation from 181.29369 to 181.2935
08-05 19:20:51.538 32035 32035 D CompassActivity: will set rotation from 181.2935 to 181.23257
08-05 19:20:51.538 32035 32035 D CompassActivity: will set rotation from 181.23257 to 181.2341
08-05 19:20:51.555 32035 32035 D CompassActivity: will set rotation from 181.2341 to 181.22653
08-05 19:20:51.555 32035 32035 D CompassActivity: will set rotation from 181.22653 to 181.2245
08-05 19:20:51.556 32035 32096 I art     : Explicit concurrent mark sweep GC freed 216(10KB) AllocSpace objects, 0(0B) LOS objects, 6% free, 236MB/252MB, paused 1.835ms total 73.744ms
08-05 19:20:51.574 32035 32035 D CompassActivity: will set rotation from 181.2245 to 181.21854
08-05 19:20:51.575 32035 32035 D CompassActivity: will set rotation from 181.21854 to 181.2179
08-05 19:20:51.595 32035 32035 D CompassActivity: will set rotation from 181.2179 to 181.24477
08-05 19:20:51.595 32035 32035 D CompassActivity: will set rotation from 181.24477 to 181.24577
08-05 19:20:51.614 32035 32035 D CompassActivity: will set rotation from 181.24577 to 181.23785
08-05 19:20:51.615 32035 32035 D CompassActivity: will set rotation from 181.23785 to 181.2386
08-05 19:20:51.637 32035 32035 D CompassActivity: will set rotation from 181.2386 to 181.18306
08-05 19:20:51.638 32035 32035 D CompassActivity: will set rotation from 181.18306 to 181.18275
08-05 19:20:51.655 32035 32035 D CompassActivity: will set rotation from 181.18275 to 181.15889
08-05 19:20:51.656 32035 32035 D CompassActivity: will set rotation from 181.15889 to 181.15834
08-05 19:20:51.674 32035 32035 D CompassActivity: will set rotation from 181.15834 to 181.18594
08-05 19:20:51.674 32035 32035 D CompassActivity: will set rotation from 181.18594 to 181.18683
08-05 19:20:51.694 32035 32035 D CompassActivity: will set rotation from 181.18683 to 181.18076
08-05 19:20:51.694 32035 32035 D CompassActivity: will set rotation from 181.18076 to 181.18216
08-05 19:20:51.714 32035 32035 D CompassActivity: will set rotation from 181.18216 to 181.12811
08-05 19:20:51.715 32035 32035 D CompassActivity: will set rotation from 181.12811 to 181.12744
08-05 19:20:51.734 32035 32035 D CompassActivity: will set rotation from 181.12744 to 181.07675
08-05 19:20:51.735 32035 32035 D CompassActivity: will set rotation from 181.07675 to 181.07716
08-05 19:20:51.758 32035 32035 D CompassActivity: will set rotation from 181.07716 to 181.07613
08-05 19:20:51.758 32035 32035 D CompassActivity: will set rotation from 181.07613 to 181.0768
08-05 19:20:51.775 32035 32035 D CompassActivity: will set rotation from 181.0768 to 181.09152
08-05 19:20:51.775 32035 32035 D CompassActivity: will set rotation from 181.09152 to 181.09058
08-05 19:20:51.793 32035 32035 D CompassActivity: will set rotation from 181.09058 to 181.0885
08-05 19:20:51.794 32035 32035 D CompassActivity: will set rotation from 181.0885 to 181.08717
08-05 19:20:51.814 32035 32035 D CompassActivity: will set rotation from 181.08717 to 181.10057
08-05 19:20:51.815 32035 32035 D CompassActivity: will set rotation from 181.10057 to 181.10065
08-05 19:20:51.834 32035 32035 D CompassActivity: will set rotation from 181.10065 to 181.11115
08-05 19:20:51.834 32035 32035 D CompassActivity: will set rotation from 181.11115 to 181.11147
08-05 19:20:51.855 32035 32035 D CompassActivity: will set rotation from 181.11147 to 181.1567
08-05 19:20:51.856 32035 32035 D CompassActivity: will set rotation from 181.1567 to 181.1567
08-05 19:20:51.876 32035 32035 D CompassActivity: will set rotation from 181.1567 to 181.1651
08-05 19:20:51.878 32035 32035 D CompassActivity: will set rotation from 181.1651 to 181.16615
08-05 19:20:51.894 32035 32035 D CompassActivity: will set rotation from 181.16615 to 181.16147
08-05 19:20:51.894 32035 32035 D CompassActivity: will set rotation from 181.16147 to 181.16222
08-05 19:20:51.914 32035 32035 D CompassActivity: will set rotation from 181.16222 to 181.15933
08-05 19:20:51.914 32035 32035 D CompassActivity: will set rotation from 181.15933 to 181.15761
08-05 19:20:51.939 32035 32035 D CompassActivity: will set rotation from 181.15761 to 181.18439
08-05 19:20:51.939 32035 32035 D CompassActivity: will set rotation from 181.18439 to 181.18513
08-05 19:20:51.955 32035 32035 D CompassActivity: will set rotation from 181.18513 to 181.16463
08-05 19:20:51.956 32035 32035 D CompassActivity: will set rotation from 181.16463 to 181.16405
08-05 19:20:51.973 32035 32035 D CompassActivity: will set rotation from 181.16405 to 181.17258
08-05 19:20:51.974 32035 32035 D CompassActivity: will set rotation from 181.17258 to 181.17197
08-05 19:20:51.994 32035 32035 D CompassActivity: will set rotation from 181.17197 to 181.18431
08-05 19:20:51.994 32035 32035 D CompassActivity: will set rotation from 181.18431 to 181.183
08-05 19:20:52.013 32035 32035 D CompassActivity: will set rotation from 181.183 to 181.17715
08-05 19:20:52.014 32035 32035 D CompassActivity: will set rotation from 181.17715 to 181.17587
08-05 19:20:52.029 32035 32096 I art     : Starting a blocking GC Explicit
08-05 19:20:52.038 32035 32035 D CompassActivity: will set rotation from 181.17587 to 181.15561
08-05 19:20:52.038 32035 32035 D CompassActivity: will set rotation from 181.15561 to 181.15506
08-05 19:20:52.055 32035 32035 D CompassActivity: will set rotation from 181.15506 to 181.15054
08-05 19:20:52.055 32035 32035 D CompassActivity: will set rotation from 181.15054 to 181.15138
08-05 19:20:52.074 32035 32035 D CompassActivity: will set rotation from 181.15138 to 181.16153
08-05 19:20:52.074 32035 32035 D CompassActivity: will set rotation from 181.16153 to 181.16104
08-05 19:20:52.092 32035 32035 D CompassActivity: will set rotation from 181.16104 to 181.20177
08-05 19:20:52.092 32035 32035 D CompassActivity: will set rotation from 181.20177 to 181.20168
08-05 19:20:52.098 32035 32096 I art     : Explicit concurrent mark sweep GC freed 2197(129KB) AllocSpace objects, 2(48KB) LOS objects, 6% free, 236MB/252MB, paused 2.109ms total 69.181ms
08-05 19:20:52.113 32035 32035 D CompassActivity: will set rotation from 181.20168 to 181.19426
08-05 19:20:52.115 32035 32035 D CompassActivity: will set rotation from 181.19426 to 181.19374
08-05 19:20:52.124 32035 32096 I art     : Starting a blocking GC Explicit
08-05 19:20:52.133 32035 32035 D CompassActivity: will set rotation from 181.19374 to 181.21988
08-05 19:20:52.133 32035 32035 D CompassActivity: will set rotation from 181.21988 to 181.22105
08-05 19:20:52.154 32035 32035 D CompassActivity: will set rotation from 181.22105 to 181.21121
08-05 19:20:52.155 32035 32035 D CompassActivity: will set rotation from 181.21121 to 181.21136
08-05 19:20:52.172 32035 32035 D CompassActivity: will set rotation from 181.21136 to 181.2059
08-05 19:20:52.173 32035 32035 D CompassActivity: will set rotation from 181.2059 to 181.20496
08-05 19:20:52.191 32035 32096 I art     : Explicit concurrent mark sweep GC freed 898(35KB) AllocSpace objects, 0(0B) LOS objects, 6% free, 236MB/252MB, paused 1.913ms total 66.508ms
08-05 19:20:52.192 32035 32035 D CompassActivity: will set rotation from 181.20496 to 181.21361
08-05 19:20:52.192 32035 32035 D CompassActivity: will set rotation from 181.21361 to 181.21213
08-05 19:20:52.212 32035 32035 D CompassActivity: will set rotation from 181.21213 to 181.22093
08-05 19:20:52.213 32035 32035 D CompassActivity: will set rotation from 181.22093 to 181.22276
08-05 19:20:52.217 32035 32096 I art     : Starting a blocking GC Explicit
08-05 19:20:52.232 32035 32035 D CompassActivity: will set rotation from 181.22276 to 181.21793
08-05 19:20:52.233 32035 32035 D CompassActivity: will set rotation from 181.21793 to 181.2201
08-05 19:20:52.254 32035 32035 D CompassActivity: will set rotation from 181.2201 to 181.24403
08-05 19:20:52.255 32035 32035 D CompassActivity: will set rotation from 181.24403 to 181.24373
08-05 19:20:52.274 32035 32035 D CompassActivity: will set rotation from 181.24373 to 181.23549
08-05 19:20:52.274 32035 32035 D CompassActivity: will set rotation from 181.23549 to 181.23567
08-05 19:20:52.287 32035 32096 I art     : Explicit concurrent mark sweep GC freed 189(9KB) AllocSpace objects, 0(0B) LOS objects, 6% free, 236MB/252MB, paused 2.427ms total 69.945ms
08-05 19:20:52.292 32035 32035 D CompassActivity: will set rotation from 181.23567 to 181.22673
08-05 19:20:52.292 32035 32035 D CompassActivity: will set rotation from 181.22673 to 181.22748
08-05 19:20:52.311 32035 32035 D CompassActivity: will set rotation from 181.22748 to 181.2526
08-05 19:20:52.312 32035 32035 D CompassActivity: will set rotation from 181.2526 to 181.25362
08-05 19:20:52.312 32035 32096 I art     : Starting a blocking GC Explicit
08-05 19:20:52.332 32035 32035 D CompassActivity: will set rotation from 181.25362 to 181.26295
08-05 19:20:52.332 32035 32035 D CompassActivity: will set rotation from 181.26295 to 181.26208
08-05 19:20:52.354 32035 32035 D CompassActivity: will set rotation from 181.26208 to 181.2686
08-05 19:20:52.355 32035 32035 D CompassActivity: will set rotation from 181.2686 to 181.26839
08-05 19:20:52.373 32035 32035 D CompassActivity: will set rotation from 181.26839 to 181.26154
08-05 19:20:52.373 32035 32035 D CompassActivity: will set rotation from 181.26154 to 181.26158
08-05 19:20:52.380 32035 32096 I art     : Explicit concurrent mark sweep GC freed 218(10KB) AllocSpace objects, 0(0B) LOS objects, 6% free, 236MB/252MB, paused 1.962ms total 66.973ms
08-05 19:20:52.392 32035 32035 D CompassActivity: will set rotation from 181.26158 to 181.2696
08-05 19:20:52.393 32035 32035 D CompassActivity: will set rotation from 181.2696 to 181.26845
08-05 19:20:52.405 32035 32096 I art     : Starting a blocking GC Explicit
08-05 19:20:52.411 32035 32035 D CompassActivity: will set rotation from 181.26845 to 181.29062
08-05 19:20:52.412 32035 32035 D CompassActivity: will set rotation from 181.29062 to 181.29132
08-05 19:20:52.431 32035 32035 D CompassActivity: will set rotation from 181.29132 to 181.29648
08-05 19:20:52.432 32035 32035 D CompassActivity: will set rotation from 181.29648 to 181.29709
08-05 19:20:52.451 32035 32035 D CompassActivity: will set rotation from 181.29709 to 181.33205
08-05 19:20:52.451 32035 32035 D CompassActivity: will set rotation from 181.33205 to 181.3331
08-05 19:20:52.473 32035 32096 I art     : Explicit concurrent mark sweep GC freed 204(9KB) AllocSpace objects, 0(0B) LOS objects, 6% free, 236MB/252MB, paused 1.893ms total 66.955ms
08-05 19:20:52.475 32035 32035 D CompassActivity: will set rotation from 181.3331 to 181.33772
08-05 19:20:52.475 32035 32035 D CompassActivity: will set rotation from 181.33772 to 181.3387
08-05 19:20:52.493 32035 32035 D CompassActivity: will set rotation from 181.3387 to 181.3418
08-05 19:20:52.493 32035 32035 D CompassActivity: will set rotation from 181.3418 to 181.34111
08-05 19:20:52.511 32035 32035 D CompassActivity: will set rotation from 181.34111 to 181.32967
08-05 19:20:52.512 32035 32035 D CompassActivity: will set rotation from 181.32967 to 181.32936
08-05 19:20:52.531 32035 32035 D CompassActivity: will set rotation from 181.32936 to 181.34921
08-05 19:20:52.531 32035 32035 D CompassActivity: will set rotation from 181.34921 to 181.3499
08-05 19:20:52.550 32035 32035 D CompassActivity: will set rotation from 181.3499 to 181.3698
08-05 19:20:52.551 32035 32035 D CompassActivity: will set rotation from 181.3698 to 181.36943
08-05 19:20:52.562 13866 13882 I PeriodicStatsRunner: PeriodicStatsRunner.call():175 call()
08-05 19:20:52.562 13866 13882 I PeriodicStatsRunner: PeriodicStatsRunner.call():179 No submit PeriodicStats since input started.
08-05 19:20:52.572 32035 32035 D CompassActivity: will set rotation from 181.36943 to 181.3597
08-05 19:20:52.572 32035 32035 D CompassActivity: will set rotation from 181.3597 to 181.3584
08-05 19:20:52.591 32035 32035 D CompassActivity: will set rotation from 181.3584 to 181.34789
08-05 19:20:52.591 32035 32035 D CompassActivity: will set rotation from 181.34789 to 181.34697
08-05 19:20:52.610 32035 32035 D CompassActivity: will set rotation from 181.34697 to 181.36784
08-05 19:20:52.611 32035 32035 D CompassActivity: will set rotation from 181.36784 to 181.3657
08-05 19:20:52.632 32035 32035 D CompassActivity: will set rotation from 181.3657 to 181.37172
08-05 19:20:52.633 32035 32035 D CompassActivity: will set rotation from 181.37172 to 181.3711
08-05 19:20:52.651 32035 32035 D CompassActivity: will set rotation from 181.3711 to 181.37328
08-05 19:20:52.651 32035 32035 D CompassActivity: will set rotation from 181.37328 to 181.37244
08-05 19:20:52.673 32035 32035 D CompassActivity: will set rotation from 181.37244 to 181.34532
08-05 19:20:52.673 32035 32035 D CompassActivity: will set rotation from 181.34532 to 181.3446
08-05 19:20:52.692 32035 32035 D CompassActivity: will set rotation from 181.3446 to 181.33502
08-05 19:20:52.692 32035 32035 D CompassActivity: will set rotation from 181.33502 to 181.33372
08-05 19:20:52.710 32035 32035 D CompassActivity: will set rotation from 181.33372 to 181.30746
08-05 19:20:52.711 32035 32035 D CompassActivity: will set rotation from 181.30746 to 181.30707
08-05 19:20:52.730 32035 32035 D CompassActivity: will set rotation from 181.30707 to 181.31331
08-05 19:20:52.731 32035 32035 D CompassActivity: will set rotation from 181.31331 to 181.31328
08-05 19:20:52.750 32035 32035 D CompassActivity: will set rotation from 181.31328 to 181.30434
08-05 19:20:52.751 32035 32035 D CompassActivity: will set rotation from 181.30434 to 181.30394
08-05 19:20:52.772 32035 32035 D CompassActivity: will set rotation from 181.30394 to 181.2942
08-05 19:20:52.772 32035 32035 D CompassActivity: will set rotation from 181.2942 to 181.29509
08-05 19:20:52.774  2232  2232 D AndroidRuntime: >>>>>> START com.android.internal.os.RuntimeInit uid 2000 <<<<<<
08-05 19:20:52.780  2232  2232 D AndroidRuntime: CheckJNI is OFF
08-05 19:20:52.791 32035 32035 D CompassActivity: will set rotation from 181.29509 to 181.28464
08-05 19:20:52.791 32035 32035 D CompassActivity: will set rotation from 181.28464 to 181.28421
08-05 19:20:52.810 32035 32035 D CompassActivity: will set rotation from 181.28421 to 181.33473
08-05 19:20:52.810 32035 32035 D CompassActivity: will set rotation from 181.33473 to 181.33405
08-05 19:20:52.830 32035 32035 D CompassActivity: will set rotation from 181.33405 to 181.32097
08-05 19:20:52.830 32035 32035 D CompassActivity: will set rotation from 181.32097 to 181.32216
08-05 19:20:52.838  2232  2232 D ICU     : No timezone override file found: /data/misc/zoneinfo/current/icu/icu_tzdata.dat
08-05 19:20:52.849 32035 32035 D CompassActivity: will set rotation from 181.32216 to 181.34024
08-05 19:20:52.850 32035 32035 D CompassActivity: will set rotation from 181.34024 to 181.33997
08-05 19:20:52.871 32035 32035 D CompassActivity: will set rotation from 181.33997 to 181.34477
08-05 19:20:52.872 32035 32035 D CompassActivity: will set rotation from 181.34477 to 181.34598
08-05 19:20:52.889  2232  2232 I Radio-JNI: register_android_hardware_Radio DONE
08-05 19:20:52.892 32035 32035 D CompassActivity: will set rotation from 181.34598 to 181.3347
08-05 19:20:52.892 32035 32035 D CompassActivity: will set rotation from 181.3347 to 181.3352
08-05 19:20:52.909 32035 32035 D CompassActivity: will set rotation from 181.3352 to 181.33876
08-05 19:20:52.909 32035 32035 D CompassActivity: will set rotation from 181.33876 to 181.33934
08-05 19:20:52.927  2232  2232 D AndroidRuntime: Calling main entry com.android.commands.input.Input
08-05 19:20:52.929 32035 32035 D CompassActivity: will set rotation from 181.33934 to 181.34317
08-05 19:20:52.930  2232  2232 I Input   : injectKeyEvent: KeyEvent { action=ACTION_DOWN, keyCode=KEYCODE_BACK, scanCode=0, metaState=0, flags=0x0, repeatCount=0, eventTime=818469343, downTime=818469343, deviceId=-1, source=0x101 }
08-05 19:20:52.930 32035 32035 D CompassActivity: will set rotation from 181.34317 to 181.34189
08-05 19:20:52.940 32035 32047 I art     : Starting a blocking GC Explicit
08-05 19:20:52.940  2232  2232 I Input   : injectKeyEvent: KeyEvent { action=ACTION_UP, keyCode=KEYCODE_BACK, scanCode=0, metaState=0, flags=0x0, repeatCount=0, eventTime=818469343, downTime=818469343, deviceId=-1, source=0x101 }
08-05 19:20:52.947  2232  2232 D AndroidRuntime: Shutting down VM
08-05 19:20:52.950 32035 32035 D CompassActivity: will set rotation from 181.34189 to 181.34488
08-05 19:20:52.950 32035 32035 D CompassActivity: will set rotation from 181.34488 to 181.3445
08-05 19:20:52.955   918  4413 I sensors : activate
08-05 19:20:52.956   918  6110 I sensors : activate
08-05 19:20:52.961   918  3188 I hubconnection: sensorhub said: 'activate 1 enable:0'
08-05 19:20:52.962   918  3188 I hubconnection: sensorhub said: 'activate 3 enable:0'
08-05 19:20:52.986 32035 32035 V MainActivity: url = https://project-travel-mate.herokuapp.com/api/number-of-unread-notifications
08-05 19:20:53.009 32035 32047 I art     : Explicit concurrent mark sweep GC freed 2467(139KB) AllocSpace objects, 2(48KB) LOS objects, 6% free, 236MB/252MB, paused 2.020ms total 68.486ms
08-05 19:20:53.033 32035 32047 I art     : Starting a blocking GC Explicit
08-05 19:20:53.110 32035 32047 I art     : Explicit concurrent mark sweep GC freed 924(37KB) AllocSpace objects, 0(0B) LOS objects, 6% free, 236MB/252MB, paused 3.167ms total 76.004ms
08-05 19:20:53.110 13866 13866 I GoogleInputMethodServic: GoogleInputMethodService.onFinishInput():3138 
08-05 19:20:53.111 13866 13866 I GoogleInputMethodServic: GoogleInputMethodService.onStartInput():1808 
08-05 19:20:53.134 32035 32047 I art     : Starting a blocking GC Explicit
08-05 19:20:53.201 32035 32047 I art     : Explicit concurrent mark sweep GC freed 55(2176B) AllocSpace objects, 0(0B) LOS objects, 6% free, 236MB/252MB, paused 1.857ms total 66.206ms
08-05 19:20:53.224 32035 32047 I art     : Starting a blocking GC Explicit
08-05 19:20:53.297 32035 32047 I art     : Explicit concurrent mark sweep GC freed 44(2064B) AllocSpace objects, 0(0B) LOS objects, 6% free, 236MB/252MB, paused 2.552ms total 72.389ms
08-05 19:20:53.329 32035 32047 I art     : Starting a blocking GC Explicit
08-05 19:20:53.386 32035 32035 D CompassActivity: stop compass
08-05 19:20:53.386   380   380 W SurfaceFlinger: couldn't log to binary event log: overflow.
08-05 19:20:53.406 32035 32047 I art     : Explicit concurrent mark sweep GC freed 15(672B) AllocSpace objects, 0(0B) LOS objects, 6% free, 236MB/252MB, paused 2.004ms total 76.770ms
08-05 19:20:53.501 32035  2255 I NAPPA_EXPERIMENTATION: MetricNetworkRequestExecutionTime: REQUEST_DURATION_SYSTEM='513',REQUEST_DURATION_OKHTTP='35',REQUEST_SYNCHRONOUS='FALSE',RESPONSE_CODE='200',RESPONSE_METHOD='GET',RESPONSE_LENGTH_OKHTTP='36',RESPONSE_LENGTH_HEADER='36',REQUEST_PROTOCOL='http/1.1',REQUEST_URL='https://project-travel-mate.herokuapp.com/api/number-of-unread-notifications',
08-05 19:20:53.879 32035 32095 I art     : Starting a blocking GC Explicit
08-05 19:20:53.973 32035 32095 I art     : Explicit concurrent mark sweep GC freed 4470(243KB) AllocSpace objects, 5(248KB) LOS objects, 6% free, 236MB/252MB, paused 2.132ms total 93.921ms
08-05 19:20:54.000 32035 32095 I art     : Starting a blocking GC Explicit
08-05 19:20:54.102 32035 32095 I art     : Explicit concurrent mark sweep GC freed 2238(199KB) AllocSpace objects, 3(52MB) LOS objects, 7% free, 184MB/200MB, paused 2.570ms total 101.367ms
08-05 19:20:54.129 32035 32095 I art     : Starting a blocking GC Explicit
08-05 19:20:54.202 32035 32095 I art     : Explicit concurrent mark sweep GC freed 25(1296B) AllocSpace objects, 0(0B) LOS objects, 7% free, 184MB/200MB, paused 2.157ms total 71.795ms
08-05 19:20:54.227 32035 32095 I art     : Starting a blocking GC Explicit
08-05 19:20:54.296 32035 32095 I art     : Explicit concurrent mark sweep GC freed 14(672B) AllocSpace objects, 0(0B) LOS objects, 7% free, 184MB/200MB, paused 2.077ms total 68.173ms
08-05 19:20:54.322 32035 32095 I art     : Starting a blocking GC Explicit
08-05 19:20:54.391 32035 32095 I art     : Explicit concurrent mark sweep GC freed 3(96B) AllocSpace objects, 0(0B) LOS objects, 7% free, 184MB/200MB, paused 2.073ms total 68.816ms
08-05 19:20:54.847 32035 32047 I art     : Starting a blocking GC Explicit
08-05 19:20:54.860  2267  2267 D AndroidRuntime: >>>>>> START com.android.internal.os.RuntimeInit uid 2000 <<<<<<
08-05 19:20:54.868  2267  2267 D AndroidRuntime: CheckJNI is OFF
08-05 19:20:54.921 32035 32047 I art     : Explicit concurrent mark sweep GC freed 1684(96KB) AllocSpace objects, 2(48KB) LOS objects, 7% free, 184MB/200MB, paused 1.876ms total 73.878ms
08-05 19:20:54.925  2267  2267 D ICU     : No timezone override file found: /data/misc/zoneinfo/current/icu/icu_tzdata.dat
08-05 19:20:54.947 32035 32047 I art     : Starting a blocking GC Explicit
08-05 19:20:54.969  2267  2267 I Radio-JNI: register_android_hardware_Radio DONE
08-05 19:20:55.001  2267  2267 D AndroidRuntime: Calling main entry com.android.commands.input.Input
08-05 19:20:55.004  2267  2267 I Input   : injectMotionEvent: MotionEvent { action=ACTION_DOWN, actionButton=0, id[0]=0, x[0]=500.0, y[0]=2000.0, toolType[0]=TOOL_TYPE_UNKNOWN, buttonState=0, metaState=0, flags=0x0, edgeFlags=0x0, pointerCount=1, historySize=0, eventTime=818471416, downTime=818471416, deviceId=0, source=0x1002 }
08-05 19:20:55.012  2267  2267 I Input   : injectMotionEvent: MotionEvent { action=ACTION_MOVE, actionButton=0, id[0]=0, x[0]=500.0, y[0]=2000.0, toolType[0]=TOOL_TYPE_UNKNOWN, buttonState=0, metaState=0, flags=0x0, edgeFlags=0x0, pointerCount=1, historySize=0, eventTime=818471416, downTime=818471416, deviceId=0, source=0x1002 }
08-05 19:20:55.015 32035 32047 I art     : Explicit concurrent mark sweep GC freed 30(1104B) AllocSpace objects, 0(0B) LOS objects, 7% free, 184MB/200MB, paused 2.173ms total 68.420ms
08-05 19:20:55.022  2267  2267 I Input   : injectMotionEvent: MotionEvent { action=ACTION_MOVE, actionButton=0, id[0]=0, x[0]=500.0, y[0]=1963.9, toolType[0]=TOOL_TYPE_UNKNOWN, buttonState=0, metaState=0, flags=0x0, edgeFlags=0x0, pointerCount=1, historySize=0, eventTime=818471435, downTime=818471435, deviceId=0, source=0x1002 }
08-05 19:20:55.038  2267  2267 I Input   : injectMotionEvent: MotionEvent { action=ACTION_MOVE, actionButton=0, id[0]=0, x[0]=500.0, y[0]=1933.5, toolType[0]=TOOL_TYPE_UNKNOWN, buttonState=0, metaState=0, flags=0x0, edgeFlags=0x0, pointerCount=1, historySize=0, eventTime=818471451, downTime=818471451, deviceId=0, source=0x1002 }
08-05 19:20:55.044 32035 32047 I art     : Starting a blocking GC Explicit
08-05 19:20:55.065  2267  2267 I Input   : injectMotionEvent: MotionEvent { action=ACTION_MOVE, actionButton=0, id[0]=0, x[0]=500.0, y[0]=1882.2, toolType[0]=TOOL_TYPE_UNKNOWN, buttonState=0, metaState=0, flags=0x0, edgeFlags=0x0, pointerCount=1, historySize=0, eventTime=818471478, downTime=818471478, deviceId=0, source=0x1002 }
08-05 19:20:55.075  2267  2267 I Input   : injectMotionEvent: MotionEvent { action=ACTION_MOVE, actionButton=0, id[0]=0, x[0]=500.0, y[0]=1863.2, toolType[0]=TOOL_TYPE_UNKNOWN, buttonState=0, metaState=0, flags=0x0, edgeFlags=0x0, pointerCount=1, historySize=0, eventTime=818471488, downTime=818471488, deviceId=0, source=0x1002 }
08-05 19:20:55.090  2267  2267 I Input   : injectMotionEvent: MotionEvent { action=ACTION_MOVE, actionButton=0, id[0]=0, x[0]=500.0, y[0]=1834.7, toolType[0]=TOOL_TYPE_UNKNOWN, buttonState=0, metaState=0, flags=0x0, edgeFlags=0x0, pointerCount=1, historySize=0, eventTime=818471503, downTime=818471503, deviceId=0, source=0x1002 }
08-05 19:20:55.110  2267  2267 I Input   : injectMotionEvent: MotionEvent { action=ACTION_MOVE, actionButton=0, id[0]=0, x[0]=500.0, y[0]=1794.8, toolType[0]=TOOL_TYPE_UNKNOWN, buttonState=0, metaState=0, flags=0x0, edgeFlags=0x0, pointerCount=1, historySize=0, eventTime=818471524, downTime=818471524, deviceId=0, source=0x1002 }
08-05 19:20:55.123  2267  2267 I Input   : injectMotionEvent: MotionEvent { action=ACTION_MOVE, actionButton=0, id[0]=0, x[0]=500.0, y[0]=1772.0, toolType[0]=TOOL_TYPE_UNKNOWN, buttonState=0, metaState=0, flags=0x0, edgeFlags=0x0, pointerCount=1, historySize=0, eventTime=818471536, downTime=818471536, deviceId=0, source=0x1002 }
08-05 19:20:55.138 32035 32047 I art     : Explicit concurrent mark sweep GC freed 47(1680B) AllocSpace objects, 0(0B) LOS objects, 7% free, 184MB/200MB, paused 2.718ms total 93.273ms
08-05 19:20:55.140  2267  2267 I Input   : injectMotionEvent: MotionEvent { action=ACTION_MOVE, actionButton=0, id[0]=0, x[0]=500.0, y[0]=1739.7, toolType[0]=TOOL_TYPE_UNKNOWN, buttonState=0, metaState=0, flags=0x0, edgeFlags=0x0, pointerCount=1, historySize=0, eventTime=818471553, downTime=818471553, deviceId=0, source=0x1002 }
08-05 19:20:55.158  2267  2267 I Input   : injectMotionEvent: MotionEvent { action=ACTION_MOVE, actionButton=0, id[0]=0, x[0]=500.0, y[0]=1705.5, toolType[0]=TOOL_TYPE_UNKNOWN, buttonState=0, metaState=0, flags=0x0, edgeFlags=0x0, pointerCount=1, historySize=0, eventTime=818471571, downTime=818471571, deviceId=0, source=0x1002 }
08-05 19:20:55.173 32035 32047 I art     : Starting a blocking GC Explicit
08-05 19:20:55.177  2267  2267 I Input   : injectMotionEvent: MotionEvent { action=ACTION_MOVE, actionButton=0, id[0]=0, x[0]=500.0, y[0]=1669.4, toolType[0]=TOOL_TYPE_UNKNOWN, buttonState=0, metaState=0, flags=0x0, edgeFlags=0x0, pointerCount=1, historySize=0, eventTime=818471590, downTime=818471590, deviceId=0, source=0x1002 }
08-05 19:20:55.191  2267  2267 I Input   : injectMotionEvent: MotionEvent { action=ACTION_MOVE, actionButton=0, id[0]=0, x[0]=500.0, y[0]=1642.8, toolType[0]=TOOL_TYPE_UNKNOWN, buttonState=0, metaState=0, flags=0x0, edgeFlags=0x0, pointerCount=1, historySize=0, eventTime=818471604, downTime=818471604, deviceId=0, source=0x1002 }
08-05 19:20:55.208  2267  2267 I Input   : injectMotionEvent: MotionEvent { action=ACTION_MOVE, actionButton=0, id[0]=0, x[0]=500.0, y[0]=1610.5, toolType[0]=TOOL_TYPE_UNKNOWN, buttonState=0, metaState=0, flags=0x0, edgeFlags=0x0, pointerCount=1, historySize=0, eventTime=818471621, downTime=818471621, deviceId=0, source=0x1002 }
08-05 19:20:55.223  2267  2267 I Input   : injectMotionEvent: MotionEvent { action=ACTION_MOVE, actionButton=0, id[0]=0, x[0]=500.0, y[0]=1582.0, toolType[0]=TOOL_TYPE_UNKNOWN, buttonState=0, metaState=0, flags=0x0, edgeFlags=0x0, pointerCount=1, historySize=0, eventTime=818471636, downTime=818471636, deviceId=0, source=0x1002 }
08-05 19:20:55.241  2267  2267 I Input   : injectMotionEvent: MotionEvent { action=ACTION_MOVE, actionButton=0, id[0]=0, x[0]=500.0, y[0]=1547.8, toolType[0]=TOOL_TYPE_UNKNOWN, buttonState=0, metaState=0, flags=0x0, edgeFlags=0x0, pointerCount=1, historySize=0, eventTime=818471654, downTime=818471654, deviceId=0, source=0x1002 }
08-05 19:20:55.251 13866 13882 I PeriodicStatsRunner: PeriodicStatsRunner.call():175 call()
08-05 19:20:55.251 13866 13882 I PeriodicStatsRunner: PeriodicStatsRunner.call():179 No submit PeriodicStats since input started.
08-05 19:20:55.252 32035 32047 I art     : Explicit concurrent mark sweep GC freed 45(1776B) AllocSpace objects, 0(0B) LOS objects, 7% free, 184MB/200MB, paused 1.951ms total 78.084ms
08-05 19:20:55.256  2267  2267 I Input   : injectMotionEvent: MotionEvent { action=ACTION_MOVE, actionButton=0, id[0]=0, x[0]=500.0, y[0]=1519.3, toolType[0]=TOOL_TYPE_UNKNOWN, buttonState=0, metaState=0, flags=0x0, edgeFlags=0x0, pointerCount=1, historySize=0, eventTime=818471669, downTime=818471669, deviceId=0, source=0x1002 }
08-05 19:20:55.273  2267  2267 I Input   : injectMotionEvent: MotionEvent { action=ACTION_MOVE, actionButton=0, id[0]=0, x[0]=500.0, y[0]=1487.0, toolType[0]=TOOL_TYPE_UNKNOWN, buttonState=0, metaState=0, flags=0x0, edgeFlags=0x0, pointerCount=1, historySize=0, eventTime=818471686, downTime=818471686, deviceId=0, source=0x1002 }
08-05 19:20:55.279 32035 32047 I art     : Starting a blocking GC Explicit
08-05 19:20:55.290  2267  2267 I Input   : injectMotionEvent: MotionEvent { action=ACTION_MOVE, actionButton=0, id[0]=0, x[0]=500.0, y[0]=1454.7, toolType[0]=TOOL_TYPE_UNKNOWN, buttonState=0, metaState=0, flags=0x0, edgeFlags=0x0, pointerCount=1, historySize=0, eventTime=818471703, downTime=818471703, deviceId=0, source=0x1002 }
08-05 19:20:55.306  2267  2267 I Input   : injectMotionEvent: MotionEvent { action=ACTION_MOVE, actionButton=0, id[0]=0, x[0]=500.0, y[0]=1424.3, toolType[0]=TOOL_TYPE_UNKNOWN, buttonState=0, metaState=0, flags=0x0, edgeFlags=0x0, pointerCount=1, historySize=0, eventTime=818471719, downTime=818471719, deviceId=0, source=0x1002 }
08-05 19:20:55.325  2267  2267 I Input   : injectMotionEvent: MotionEvent { action=ACTION_MOVE, actionButton=0, id[0]=0, x[0]=500.0, y[0]=1388.2, toolType[0]=TOOL_TYPE_UNKNOWN, buttonState=0, metaState=0, flags=0x0, edgeFlags=0x0, pointerCount=1, historySize=0, eventTime=818471738, downTime=818471738, deviceId=0, source=0x1002 }
08-05 19:20:55.342  2267  2267 I Input   : injectMotionEvent: MotionEvent { action=ACTION_MOVE, actionButton=0, id[0]=0, x[0]=500.0, y[0]=1355.9, toolType[0]=TOOL_TYPE_UNKNOWN, buttonState=0, metaState=0, flags=0x0, edgeFlags=0x0, pointerCount=1, historySize=0, eventTime=818471755, downTime=818471755, deviceId=0, source=0x1002 }
08-05 19:20:55.349 32035 32047 I art     : Explicit concurrent mark sweep GC freed 19(784B) AllocSpace objects, 0(0B) LOS objects, 7% free, 184MB/200MB, paused 1.885ms total 69.749ms
08-05 19:20:55.357  2267  2267 I Input   : injectMotionEvent: MotionEvent { action=ACTION_MOVE, actionButton=0, id[0]=0, x[0]=500.0, y[0]=1327.4, toolType[0]=TOOL_TYPE_UNKNOWN, buttonState=0, metaState=0, flags=0x0, edgeFlags=0x0, pointerCount=1, historySize=0, eventTime=818471770, downTime=818471770, deviceId=0, source=0x1002 }
08-05 19:20:55.373  2267  2267 I Input   : injectMotionEvent: MotionEvent { action=ACTION_MOVE, actionButton=0, id[0]=0, x[0]=500.0, y[0]=1297.0, toolType[0]=TOOL_TYPE_UNKNOWN, buttonState=0, metaState=0, flags=0x0, edgeFlags=0x0, pointerCount=1, historySize=0, eventTime=818471786, downTime=818471786, deviceId=0, source=0x1002 }
08-05 19:20:55.390  2267  2267 I Input   : injectMotionEvent: MotionEvent { action=ACTION_MOVE, actionButton=0, id[0]=0, x[0]=500.0, y[0]=1262.8, toolType[0]=TOOL_TYPE_UNKNOWN, buttonState=0, metaState=0, flags=0x0, edgeFlags=0x0, pointerCount=1, historySize=0, eventTime=818471804, downTime=818471804, deviceId=0, source=0x1002 }
08-05 19:20:55.409  2267  2267 I Input   : injectMotionEvent: MotionEvent { action=ACTION_MOVE, actionButton=0, id[0]=0, x[0]=500.0, y[0]=1228.6001, toolType[0]=TOOL_TYPE_UNKNOWN, buttonState=0, metaState=0, flags=0x0, edgeFlags=0x0, pointerCount=1, historySize=0, eventTime=818471822, downTime=818471822, deviceId=0, source=0x1002 }
08-05 19:20:55.423  2267  2267 I Input   : injectMotionEvent: MotionEvent { action=ACTION_MOVE, actionButton=0, id[0]=0, x[0]=500.0, y[0]=1202.0, toolType[0]=TOOL_TYPE_UNKNOWN, buttonState=0, metaState=0, flags=0x0, edgeFlags=0x0, pointerCount=1, historySize=0, eventTime=818471836, downTime=818471836, deviceId=0, source=0x1002 }
08-05 19:20:55.494  2267  2267 I Input   : injectMotionEvent: MotionEvent { action=ACTION_MOVE, actionButton=0, id[0]=0, x[0]=500.0, y[0]=1067.1001, toolType[0]=TOOL_TYPE_UNKNOWN, buttonState=0, metaState=0, flags=0x0, edgeFlags=0x0, pointerCount=1, historySize=0, eventTime=818471907, downTime=818471907, deviceId=0, source=0x1002 }
08-05 19:20:55.561  2267  2267 I Input   : injectMotionEvent: MotionEvent { action=ACTION_MOVE, actionButton=0, id[0]=0, x[0]=500.0, y[0]=939.7999, toolType[0]=TOOL_TYPE_UNKNOWN, buttonState=0, metaState=0, flags=0x0, edgeFlags=0x0, pointerCount=1, historySize=0, eventTime=818471974, downTime=818471974, deviceId=0, source=0x1002 }
08-05 19:20:55.628  2267  2267 I Input   : injectMotionEvent: MotionEvent { action=ACTION_MOVE, actionButton=0, id[0]=0, x[0]=500.0, y[0]=810.6, toolType[0]=TOOL_TYPE_UNKNOWN, buttonState=0, metaState=0, flags=0x0, edgeFlags=0x0, pointerCount=1, historySize=0, eventTime=818472042, downTime=818472042, deviceId=0, source=0x1002 }
08-05 19:20:55.695  2267  2267 I Input   : injectMotionEvent: MotionEvent { action=ACTION_MOVE, actionButton=0, id[0]=0, x[0]=500.0, y[0]=685.2001, toolType[0]=TOOL_TYPE_UNKNOWN, buttonState=0, metaState=0, flags=0x0, edgeFlags=0x0, pointerCount=1, historySize=0, eventTime=818472108, downTime=818472108, deviceId=0, source=0x1002 }
08-05 19:20:55.757  2267  2267 I Input   : injectMotionEvent: MotionEvent { action=ACTION_MOVE, actionButton=0, id[0]=0, x[0]=500.0, y[0]=567.4, toolType[0]=TOOL_TYPE_UNKNOWN, buttonState=0, metaState=0, flags=0x0, edgeFlags=0x0, pointerCount=1, historySize=0, eventTime=818472170, downTime=818472170, deviceId=0, source=0x1002 }
08-05 19:20:55.806 32035 32047 I art     : Starting a blocking GC Explicit
08-05 19:20:55.825  2267  2267 I Input   : injectMotionEvent: MotionEvent { action=ACTION_MOVE, actionButton=0, id[0]=0, x[0]=500.0, y[0]=436.29993, toolType[0]=TOOL_TYPE_UNKNOWN, buttonState=0, metaState=0, flags=0x0, edgeFlags=0x0, pointerCount=1, historySize=0, eventTime=818472239, downTime=818472239, deviceId=0, source=0x1002 }
08-05 19:20:55.876 32035 32047 I art     : Explicit concurrent mark sweep GC freed 1667(95KB) AllocSpace objects, 2(48KB) LOS objects, 7% free, 184MB/200MB, paused 1.870ms total 69.199ms
08-05 19:20:55.890  2267  2267 I Input   : injectMotionEvent: MotionEvent { action=ACTION_MOVE, actionButton=0, id[0]=0, x[0]=500.0, y[0]=314.69995, toolType[0]=TOOL_TYPE_UNKNOWN, buttonState=0, metaState=0, flags=0x0, edgeFlags=0x0, pointerCount=1, historySize=0, eventTime=818472303, downTime=818472303, deviceId=0, source=0x1002 }
08-05 19:20:55.900 32035 32047 I art     : Starting a blocking GC Explicit
08-05 19:20:55.963 32035 32047 I art     : Explicit concurrent mark sweep GC freed 35(1264B) AllocSpace objects, 0(0B) LOS objects, 7% free, 184MB/200MB, paused 1.842ms total 62.665ms
08-05 19:20:55.977  2267  2267 I Input   : injectMotionEvent: MotionEvent { action=ACTION_MOVE, actionButton=0, id[0]=0, x[0]=500.0, y[0]=149.40002, toolType[0]=TOOL_TYPE_UNKNOWN, buttonState=0, metaState=0, flags=0x0, edgeFlags=0x0, pointerCount=1, historySize=0, eventTime=818472390, downTime=818472390, deviceId=0, source=0x1002 }
08-05 19:20:55.986 32035 32047 I art     : Starting a blocking GC Explicit
08-05 19:20:56.018  2267  2267 I Input   : injectMotionEvent: MotionEvent { action=ACTION_UP, actionButton=0, id[0]=0, x[0]=500.0, y[0]=100.0, toolType[0]=TOOL_TYPE_UNKNOWN, buttonState=0, metaState=0, flags=0x0, edgeFlags=0x0, pointerCount=1, historySize=0, eventTime=818472431, downTime=818472431, deviceId=0, source=0x1002 }
08-05 19:20:56.054 32035 32047 I art     : Explicit concurrent mark sweep GC freed 9(288B) AllocSpace objects, 0(0B) LOS objects, 7% free, 184MB/200MB, paused 1.847ms total 66.875ms
08-05 19:20:56.055  2267  2267 D AndroidRuntime: Shutting down VM
08-05 19:20:56.078 32035 32047 I art     : Starting a blocking GC Explicit
08-05 19:20:56.143 32035 32047 I art     : Explicit concurrent mark sweep GC freed 4(128B) AllocSpace objects, 0(0B) LOS objects, 7% free, 184MB/200MB, paused 1.780ms total 65.036ms
08-05 19:20:56.168 32035 32047 I art     : Starting a blocking GC Explicit
08-05 19:20:56.241 32035 32047 I art     : Explicit concurrent mark sweep GC freed 3(96B) AllocSpace objects, 0(0B) LOS objects, 7% free, 184MB/200MB, paused 2.455ms total 73.282ms
08-05 19:20:56.728 32035 32046 I art     : Starting a blocking GC Explicit
08-05 19:20:56.792 32035 32046 I art     : Explicit concurrent mark sweep GC freed 1674(96KB) AllocSpace objects, 2(48KB) LOS objects, 7% free, 184MB/200MB, paused 1.840ms total 63.174ms
08-05 19:20:56.815 32035 32046 I art     : Starting a blocking GC Explicit
08-05 19:20:56.877 32035 32046 I art     : Explicit concurrent mark sweep GC freed 30(1104B) AllocSpace objects, 0(0B) LOS objects, 7% free, 184MB/200MB, paused 1.877ms total 62.342ms
08-05 19:20:56.902 32035 32046 I art     : Starting a blocking GC Explicit
08-05 19:20:56.936  2310  2310 D AndroidRuntime: >>>>>> START com.android.internal.os.RuntimeInit uid 2000 <<<<<<
08-05 19:20:56.942  2310  2310 D AndroidRuntime: CheckJNI is OFF
08-05 19:20:56.972 32035 32046 I art     : Explicit concurrent mark sweep GC freed 3(96B) AllocSpace objects, 0(0B) LOS objects, 7% free, 184MB/200MB, paused 2.054ms total 69.142ms
08-05 19:20:56.997 32035 32046 I art     : Starting a blocking GC Explicit
08-05 19:20:56.998  2310  2310 D ICU     : No timezone override file found: /data/misc/zoneinfo/current/icu/icu_tzdata.dat
08-05 19:20:57.044  2310  2310 I Radio-JNI: register_android_hardware_Radio DONE
08-05 19:20:57.065 32035 32046 I art     : Explicit concurrent mark sweep GC freed 14(720B) AllocSpace objects, 0(0B) LOS objects, 7% free, 184MB/200MB, paused 2.005ms total 67.782ms
08-05 19:20:57.076  2310  2310 D AndroidRuntime: Calling main entry com.android.commands.input.Input
08-05 19:20:57.078  2310  2310 I Input   : injectMotionEvent: MotionEvent { action=ACTION_DOWN, actionButton=0, id[0]=0, x[0]=500.0, y[0]=2000.0, toolType[0]=TOOL_TYPE_UNKNOWN, buttonState=0, metaState=0, flags=0x0, edgeFlags=0x0, pointerCount=1, historySize=0, eventTime=818473490, downTime=818473490, deviceId=0, source=0x1002 }
08-05 19:20:57.084  2310  2310 I Input   : injectMotionEvent: MotionEvent { action=ACTION_MOVE, actionButton=0, id[0]=0, x[0]=500.0, y[0]=2000.0, toolType[0]=TOOL_TYPE_UNKNOWN, buttonState=0, metaState=0, flags=0x0, edgeFlags=0x0, pointerCount=1, historySize=0, eventTime=818473490, downTime=818473490, deviceId=0, source=0x1002 }
08-05 19:20:57.090  2310  2310 I Input   : injectMotionEvent: MotionEvent { action=ACTION_MOVE, actionButton=0, id[0]=0, x[0]=500.0, y[0]=1975.3, toolType[0]=TOOL_TYPE_UNKNOWN, buttonState=0, metaState=0, flags=0x0, edgeFlags=0x0, pointerCount=1, historySize=0, eventTime=818473503, downTime=818473503, deviceId=0, source=0x1002 }
08-05 19:20:57.091 32035 32046 I art     : Starting a blocking GC Explicit
08-05 19:20:57.107  2310  2310 I Input   : injectMotionEvent: MotionEvent { action=ACTION_MOVE, actionButton=0, id[0]=0, x[0]=500.0, y[0]=1943.0, toolType[0]=TOOL_TYPE_UNKNOWN, buttonState=0, metaState=0, flags=0x0, edgeFlags=0x0, pointerCount=1, historySize=0, eventTime=818473520, downTime=818473520, deviceId=0, source=0x1002 }
08-05 19:20:57.124  2310  2310 I Input   : injectMotionEvent: MotionEvent { action=ACTION_MOVE, actionButton=0, id[0]=0, x[0]=500.0, y[0]=1910.7, toolType[0]=TOOL_TYPE_UNKNOWN, buttonState=0, metaState=0, flags=0x0, edgeFlags=0x0, pointerCount=1, historySize=0, eventTime=818473537, downTime=818473537, deviceId=0, source=0x1002 }
08-05 19:20:57.163 32035 32046 I art     : Explicit concurrent mark sweep GC freed 24(992B) AllocSpace objects, 0(0B) LOS objects, 7% free, 184MB/200MB, paused 1.822ms total 71.809ms
08-05 19:20:57.166 32035 32045 I art     : WaitForGcToComplete blocked for 66.585ms for cause HeapTrim
08-05 19:20:57.168  2310  2310 I Input   : injectMotionEvent: MotionEvent { action=ACTION_MOVE, actionButton=0, id[0]=0, x[0]=500.0, y[0]=1825.2, toolType[0]=TOOL_TYPE_UNKNOWN, buttonState=0, metaState=0, flags=0x0, edgeFlags=0x0, pointerCount=1, historySize=0, eventTime=818473582, downTime=818473582, deviceId=0, source=0x1002 }
08-05 19:20:57.208  2310  2310 I Input   : injectMotionEvent: MotionEvent { action=ACTION_MOVE, actionButton=0, id[0]=0, x[0]=500.0, y[0]=1749.2, toolType[0]=TOOL_TYPE_UNKNOWN, buttonState=0, metaState=0, flags=0x0, edgeFlags=0x0, pointerCount=1, historySize=0, eventTime=818473622, downTime=818473622, deviceId=0, source=0x1002 }
08-05 19:20:57.247  2310  2310 I Input   : injectMotionEvent: MotionEvent { action=ACTION_MOVE, actionButton=0, id[0]=0, x[0]=500.0, y[0]=1677.0, toolType[0]=TOOL_TYPE_UNKNOWN, buttonState=0, metaState=0, flags=0x0, edgeFlags=0x0, pointerCount=1, historySize=0, eventTime=818473660, downTime=818473660, deviceId=0, source=0x1002 }
08-05 19:20:57.285  2310  2310 I Input   : injectMotionEvent: MotionEvent { action=ACTION_MOVE, actionButton=0, id[0]=0, x[0]=500.0, y[0]=1602.9, toolType[0]=TOOL_TYPE_UNKNOWN, buttonState=0, metaState=0, flags=0x0, edgeFlags=0x0, pointerCount=1, historySize=0, eventTime=818473699, downTime=818473699, deviceId=0, source=0x1002 }
08-05 19:20:57.323  2310  2310 I Input   : injectMotionEvent: MotionEvent { action=ACTION_MOVE, actionButton=0, id[0]=0, x[0]=500.0, y[0]=1530.7, toolType[0]=TOOL_TYPE_UNKNOWN, buttonState=0, metaState=0, flags=0x0, edgeFlags=0x0, pointerCount=1, historySize=0, eventTime=818473737, downTime=818473737, deviceId=0, source=0x1002 }
08-05 19:20:57.361  2310  2310 I Input   : injectMotionEvent: MotionEvent { action=ACTION_MOVE, actionButton=0, id[0]=0, x[0]=500.0, y[0]=1458.5, toolType[0]=TOOL_TYPE_UNKNOWN, buttonState=0, metaState=0, flags=0x0, edgeFlags=0x0, pointerCount=1, historySize=0, eventTime=818473775, downTime=818473775, deviceId=0, source=0x1002 }
08-05 19:20:57.413  2310  2310 I Input   : injectMotionEvent: MotionEvent { action=ACTION_MOVE, actionButton=0, id[0]=0, x[0]=500.0, y[0]=1361.6001, toolType[0]=TOOL_TYPE_UNKNOWN, buttonState=0, metaState=0, flags=0x0, edgeFlags=0x0, pointerCount=1, historySize=0, eventTime=818473826, downTime=818473826, deviceId=0, source=0x1002 }
08-05 19:20:57.457  2310  2310 I Input   : injectMotionEvent: MotionEvent { action=ACTION_MOVE, actionButton=0, id[0]=0, x[0]=500.0, y[0]=1276.1, toolType[0]=TOOL_TYPE_UNKNOWN, buttonState=0, metaState=0, flags=0x0, edgeFlags=0x0, pointerCount=1, historySize=0, eventTime=818473871, downTime=818473871, deviceId=0, source=0x1002 }
08-05 19:20:57.504  2310  2310 I Input   : injectMotionEvent: MotionEvent { action=ACTION_MOVE, actionButton=0, id[0]=0, x[0]=500.0, y[0]=1188.7, toolType[0]=TOOL_TYPE_UNKNOWN, buttonState=0, metaState=0, flags=0x0, edgeFlags=0x0, pointerCount=1, historySize=0, eventTime=818473917, downTime=818473917, deviceId=0, source=0x1002 }
08-05 19:20:57.544  2310  2310 I Input   : injectMotionEvent: MotionEvent { action=ACTION_MOVE, actionButton=0, id[0]=0, x[0]=500.0, y[0]=1112.7, toolType[0]=TOOL_TYPE_UNKNOWN, buttonState=0, metaState=0, flags=0x0, edgeFlags=0x0, pointerCount=1, historySize=0, eventTime=818473957, downTime=818473957, deviceId=0, source=0x1002 }
08-05 19:20:57.583  2310  2310 I Input   : injectMotionEvent: MotionEvent { action=ACTION_MOVE, actionButton=0, id[0]=0, x[0]=500.0, y[0]=1036.7, toolType[0]=TOOL_TYPE_UNKNOWN, buttonState=0, metaState=0, flags=0x0, edgeFlags=0x0, pointerCount=1, historySize=0, eventTime=818473997, downTime=818473997, deviceId=0, source=0x1002 }
08-05 19:20:57.626  2310  2310 I Input   : injectMotionEvent: MotionEvent { action=ACTION_MOVE, actionButton=0, id[0]=0, x[0]=500.0, y[0]=956.8999, toolType[0]=TOOL_TYPE_UNKNOWN, buttonState=0, metaState=0, flags=0x0, edgeFlags=0x0, pointerCount=1, historySize=0, eventTime=818474039, downTime=818474039, deviceId=0, source=0x1002 }
08-05 19:20:57.633 32035 32095 I art     : Starting a blocking GC Explicit
08-05 19:20:57.666  2310  2310 I Input   : injectMotionEvent: MotionEvent { action=ACTION_MOVE, actionButton=0, id[0]=0, x[0]=500.0, y[0]=879.0, toolType[0]=TOOL_TYPE_UNKNOWN, buttonState=0, metaState=0, flags=0x0, edgeFlags=0x0, pointerCount=1, historySize=0, eventTime=818474080, downTime=818474080, deviceId=0, source=0x1002 }
08-05 19:20:57.699 32035 32095 I art     : Explicit concurrent mark sweep GC freed 1714(97KB) AllocSpace objects, 2(48KB) LOS objects, 7% free, 184MB/200MB, paused 2.056ms total 65.106ms
08-05 19:20:57.709  2310  2310 I Input   : injectMotionEvent: MotionEvent { action=ACTION_MOVE, actionButton=0, id[0]=0, x[0]=500.0, y[0]=799.19995, toolType[0]=TOOL_TYPE_UNKNOWN, buttonState=0, metaState=0, flags=0x0, edgeFlags=0x0, pointerCount=1, historySize=0, eventTime=818474122, downTime=818474122, deviceId=0, source=0x1002 }
08-05 19:20:57.723 32035 32095 I art     : Starting a blocking GC Explicit
08-05 19:20:57.751  2310  2310 I Input   : injectMotionEvent: MotionEvent { action=ACTION_MOVE, actionButton=0, id[0]=0, x[0]=500.0, y[0]=717.5, toolType[0]=TOOL_TYPE_UNKNOWN, buttonState=0, metaState=0, flags=0x0, edgeFlags=0x0, pointerCount=1, historySize=0, eventTime=818474165, downTime=818474165, deviceId=0, source=0x1002 }
08-05 19:20:57.788 32035 32095 I art     : Explicit concurrent mark sweep GC freed 46(1840B) AllocSpace objects, 0(0B) LOS objects, 7% free, 184MB/200MB, paused 1.816ms total 65.518ms
08-05 19:20:57.791  2310  2310 I Input   : injectMotionEvent: MotionEvent { action=ACTION_MOVE, actionButton=0, id[0]=0, x[0]=500.0, y[0]=643.4, toolType[0]=TOOL_TYPE_UNKNOWN, buttonState=0, metaState=0, flags=0x0, edgeFlags=0x0, pointerCount=1, historySize=0, eventTime=818474204, downTime=818474204, deviceId=0, source=0x1002 }
08-05 19:20:57.812 32035 32095 I art     : Starting a blocking GC Explicit
08-05 19:20:57.828  2310  2310 I Input   : injectMotionEvent: MotionEvent { action=ACTION_MOVE, actionButton=0, id[0]=0, x[0]=500.0, y[0]=573.1, toolType[0]=TOOL_TYPE_UNKNOWN, buttonState=0, metaState=0, flags=0x0, edgeFlags=0x0, pointerCount=1, historySize=0, eventTime=818474241, downTime=818474241, deviceId=0, source=0x1002 }
08-05 19:20:57.869  2310  2310 I Input   : injectMotionEvent: MotionEvent { action=ACTION_MOVE, actionButton=0, id[0]=0, x[0]=500.0, y[0]=495.19995, toolType[0]=TOOL_TYPE_UNKNOWN, buttonState=0, metaState=0, flags=0x0, edgeFlags=0x0, pointerCount=1, historySize=0, eventTime=818474282, downTime=818474282, deviceId=0, source=0x1002 }
08-05 19:20:57.879 32035 32095 I art     : Explicit concurrent mark sweep GC freed 15(480B) AllocSpace objects, 0(0B) LOS objects, 7% free, 184MB/200MB, paused 1.907ms total 66.224ms
08-05 19:20:57.905 32035 32095 I art     : Starting a blocking GC Explicit
08-05 19:20:57.909  2310  2310 I Input   : injectMotionEvent: MotionEvent { action=ACTION_MOVE, actionButton=0, id[0]=0, x[0]=500.0, y[0]=419.19995, toolType[0]=TOOL_TYPE_UNKNOWN, buttonState=0, metaState=0, flags=0x0, edgeFlags=0x0, pointerCount=1, historySize=0, eventTime=818474322, downTime=818474322, deviceId=0, source=0x1002 }
08-05 19:20:57.945  2310  2310 I Input   : injectMotionEvent: MotionEvent { action=ACTION_MOVE, actionButton=0, id[0]=0, x[0]=500.0, y[0]=350.80005, toolType[0]=TOOL_TYPE_UNKNOWN, buttonState=0, metaState=0, flags=0x0, edgeFlags=0x0, pointerCount=1, historySize=0, eventTime=818474358, downTime=818474358, deviceId=0, source=0x1002 }
08-05 19:20:57.966 32035 32095 I art     : Explicit concurrent mark sweep GC freed 10(320B) AllocSpace objects, 0(0B) LOS objects, 7% free, 184MB/200MB, paused 1.969ms total 60.848ms
08-05 19:20:57.987  2310  2310 I Input   : injectMotionEvent: MotionEvent { action=ACTION_MOVE, actionButton=0, id[0]=0, x[0]=500.0, y[0]=269.09998, toolType[0]=TOOL_TYPE_UNKNOWN, buttonState=0, metaState=0, flags=0x0, edgeFlags=0x0, pointerCount=1, historySize=0, eventTime=818474401, downTime=818474401, deviceId=0, source=0x1002 }
08-05 19:20:57.992 32035 32095 I art     : Starting a blocking GC Explicit
08-05 19:20:58.026  2310  2310 I Input   : injectMotionEvent: MotionEvent { action=ACTION_MOVE, actionButton=0, id[0]=0, x[0]=500.0, y[0]=195.0, toolType[0]=TOOL_TYPE_UNKNOWN, buttonState=0, metaState=0, flags=0x0, edgeFlags=0x0, pointerCount=1, historySize=0, eventTime=818474440, downTime=818474440, deviceId=0, source=0x1002 }
08-05 19:20:58.068  2310  2310 I Input   : injectMotionEvent: MotionEvent { action=ACTION_MOVE, actionButton=0, id[0]=0, x[0]=500.0, y[0]=117.099976, toolType[0]=TOOL_TYPE_UNKNOWN, buttonState=0, metaState=0, flags=0x0, edgeFlags=0x0, pointerCount=1, historySize=0, eventTime=818474481, downTime=818474481, deviceId=0, source=0x1002 }
08-05 19:20:58.069 32035 32095 I art     : Explicit concurrent mark sweep GC freed 12(384B) AllocSpace objects, 0(0B) LOS objects, 7% free, 184MB/200MB, paused 2.273ms total 76.017ms
08-05 19:20:58.104  2310  2310 I Input   : injectMotionEvent: MotionEvent { action=ACTION_UP, actionButton=0, id[0]=0, x[0]=500.0, y[0]=100.0, toolType[0]=TOOL_TYPE_UNKNOWN, buttonState=0, metaState=0, flags=0x0, edgeFlags=0x0, pointerCount=1, historySize=0, eventTime=818474518, downTime=818474518, deviceId=0, source=0x1002 }
08-05 19:20:58.110 13866 13882 I PeriodicStatsRunner: PeriodicStatsRunner.call():175 call()
08-05 19:20:58.111 13866 13882 I PeriodicStatsRunner: PeriodicStatsRunner.call():179 No submit PeriodicStats since input started.
08-05 19:20:58.140  2310  2310 D AndroidRuntime: Shutting down VM
08-05 19:20:58.530 32035 32046 I art     : Starting a blocking GC Explicit
08-05 19:20:58.602 32035 32046 I art     : Explicit concurrent mark sweep GC freed 1641(95KB) AllocSpace objects, 2(48KB) LOS objects, 7% free, 184MB/200MB, paused 1.971ms total 71.231ms
08-05 19:20:58.629 32035 32046 I art     : Starting a blocking GC Explicit
08-05 19:20:58.698 32035 32046 I art     : Explicit concurrent mark sweep GC freed 83(2608B) AllocSpace objects, 0(0B) LOS objects, 7% free, 184MB/200MB, paused 2.099ms total 69.015ms
08-05 19:20:58.724 32035 32046 I art     : Starting a blocking GC Explicit
08-05 19:20:58.794 32035 32046 I art     : Explicit concurrent mark sweep GC freed 3(96B) AllocSpace objects, 0(0B) LOS objects, 7% free, 184MB/200MB, paused 2.036ms total 69.716ms
08-05 19:20:58.821 32035 32046 I art     : Starting a blocking GC Explicit
08-05 19:20:58.892 32035 32046 I art     : Explicit concurrent mark sweep GC freed 3(96B) AllocSpace objects, 0(0B) LOS objects, 7% free, 184MB/200MB, paused 2.053ms total 70.507ms
08-05 19:20:58.918 32035 32046 I art     : Starting a blocking GC Explicit
08-05 19:20:58.987 32035 32046 I art     : Explicit concurrent mark sweep GC freed 3(96B) AllocSpace objects, 0(0B) LOS objects, 7% free, 184MB/200MB, paused 2.061ms total 67.792ms
08-05 19:20:59.020  2358  2358 D AndroidRuntime: >>>>>> START com.android.internal.os.RuntimeInit uid 2000 <<<<<<
08-05 19:20:59.028  2358  2358 D AndroidRuntime: CheckJNI is OFF
08-05 19:20:59.083  2358  2358 D ICU     : No timezone override file found: /data/misc/zoneinfo/current/icu/icu_tzdata.dat
08-05 19:20:59.132  2358  2358 I Radio-JNI: register_android_hardware_Radio DONE
08-05 19:20:59.167  2358  2358 D AndroidRuntime: Calling main entry com.android.commands.input.Input
08-05 19:20:59.170  2358  2358 I Input   : injectMotionEvent: MotionEvent { action=ACTION_DOWN, actionButton=0, id[0]=0, x[0]=657.0, y[0]=2080.0, toolType[0]=TOOL_TYPE_UNKNOWN, buttonState=0, metaState=0, flags=0x0, edgeFlags=0x0, pointerCount=1, historySize=0, eventTime=818475583, downTime=818475583, deviceId=0, source=0x1002 }
08-05 19:20:59.177  2358  2358 I Input   : injectMotionEvent: MotionEvent { action=ACTION_UP, actionButton=0, id[0]=0, x[0]=657.0, y[0]=2080.0, toolType[0]=TOOL_TYPE_UNKNOWN, buttonState=0, metaState=0, flags=0x0, edgeFlags=0x0, pointerCount=1, historySize=0, eventTime=818475583, downTime=818475583, deviceId=0, source=0x1002 }
08-05 19:20:59.180  2358  2358 D AndroidRuntime: Shutting down VM
08-05 19:20:59.181   918  5952 I ActivityManager: START u0 {cmp=baseline.io.github.project_travel_mate/.utilities.UpcomingWeekendsActivity} from uid 10674 on display 0
08-05 19:20:59.183   512  2967 D audio_hw_primary: out_set_parameters: enter: usecase(1: low-latency-playback) kvpairs: routing=2
08-05 19:20:59.199   512  2967 D audio_hw_primary: select_devices: out_snd_device(2: speaker) in_snd_device(0: none)
08-05 19:20:59.199   512  2967 D msm8974_platform: platform_send_audio_calibration: sending audio calibration for snd_device(2) acdb_id(15)
08-05 19:20:59.200   512  2967 I soundtrigger: audio_extn_sound_trigger_update_device_status: device 0x2 of type 0 for Event 1
08-05 19:20:59.213   512  2967 D audio_hw_primary: enable_snd_device: snd_device(2: speaker)
08-05 19:20:59.216   512  2967 D audio_hw_primary: enable_audio_route: apply and update mixer path: low-latency-playback speaker
08-05 19:20:59.230 32035 32116 D Gabe    : call	returning from cache
08-05 19:20:59.234 32035 32035 V EXECUTING: https://project-travel-mate.herokuapp.com/api/get-upcoming-holidays/2020
08-05 19:20:59.238 32035 32035 V EXECUTING: https://project-travel-mate.herokuapp.com/api/get-upcoming-holidays/2020
08-05 19:20:59.361 13866 13866 I GoogleInputMethodServic: GoogleInputMethodService.onFinishInput():3138 
08-05 19:20:59.362 13866 13866 I GoogleInputMethodServic: GoogleInputMethodService.onStartInput():1808 
08-05 19:20:59.469 32035 32625 I art     : Starting a blocking GC Explicit
08-05 19:20:59.481   918   936 I ActivityManager: Displayed baseline.io.github.project_travel_mate/.utilities.UpcomingWeekendsActivity: +285ms
08-05 19:20:59.540 32035 32625 I art     : Explicit concurrent mark sweep GC freed 3374(192KB) AllocSpace objects, 2(48KB) LOS objects, 7% free, 189MB/205MB, paused 2.561ms total 71.339ms
08-05 19:20:59.568 32035 32625 I art     : Starting a blocking GC Explicit
08-05 19:20:59.638 32035 32625 I art     : Explicit concurrent mark sweep GC freed 364(13KB) AllocSpace objects, 0(0B) LOS objects, 7% free, 189MB/205MB, paused 2.240ms total 69.624ms
08-05 19:20:59.666 32035 32625 I art     : Starting a blocking GC Explicit
08-05 19:20:59.726   380   380 W SurfaceFlinger: couldn't log to binary event log: overflow.
08-05 19:20:59.741 32035 32625 I art     : Explicit concurrent mark sweep GC freed 5113(260KB) AllocSpace objects, 6(400KB) LOS objects, 7% free, 189MB/205MB, paused 3.044ms total 74.708ms
08-05 19:20:59.759   512  2967 D audio_hw_primary: disable_audio_route: reset and update mixer path: low-latency-playback speaker
08-05 19:20:59.760   512  2967 D audio_hw_primary: disable_snd_device: snd_device(2: speaker)
08-05 19:20:59.767 32035 32625 I art     : Starting a blocking GC Explicit
08-05 19:20:59.767   512  2967 I soundtrigger: audio_extn_sound_trigger_update_device_status: device 0x2 of type 0 for Event 0
08-05 19:20:59.774 32035  2384 I NAPPA_EXPERIMENTATION: MetricNetworkRequestExecutionTime: REQUEST_DURATION_SYSTEM='538',REQUEST_DURATION_OKHTTP='40',REQUEST_SYNCHRONOUS='FALSE',RESPONSE_CODE='200',RESPONSE_METHOD='GET',RESPONSE_LENGTH_OKHTTP='6426',RESPONSE_LENGTH_HEADER='6426',REQUEST_PROTOCOL='http/1.1',REQUEST_URL='https://project-travel-mate.herokuapp.com/api/get-upcoming-holidays/2020',
08-05 19:20:59.788 32035 32035 V Response: [{"month":"January","date":1,"day":"Wednesday","name":"New Year's Day","type":"Restricted"},{"month":"January","date":2,"day":"Thursday","name":"Guru Govind Singh Jayanti","type":"Restricted"},{"month":"January","date":14,"day":"Tuesday","name":"Lohri","type":"Restricted"},{"month":"January","date":15,"day":"Wednesday","name":"Pongal","type":"Restricted"},{"month":"January","date":15,"day":"Wednesday","name":"Makar Sankranti","type":"Restricted"},{"month":"January","date":25,"day":"Saturday","name":"Chinese New Year","type":"Observance"},{"month":"January","date":26,"day":"Sunday","name":"Republic Day","type":"Gazetted"},{"month":"January","date":30,"day":"Thursday","name":"Vasant Panchami","type":"Restricted"},{"month":"February","date":9,"day":"Sunday","name":"Guru Ravidas Jayanti","type":"Restricted"},{"month":"February","date":14,"day":"Friday","name":"Valentine's Day","type":"Observance"},{"month":"February","date":18,"day":"Tuesday","name":"Maharishi Dayanand Saraswati Jayanti","type":"Restricted"},{"month":"February","date":19,"day":"Wednesday","name":"Shivaji Jayanti","type":"Restricted"},{"month":"February","date":21,"day":"Friday","name":"Maha Shivaratri/Shivaratri","type":"Gazetted"},{"month":"March","date":9,"day":"Monday","name":"Holika Dahana","type":"Restricted"},{"month":"March","date":9,"day":"Monday","name":"Hazarat Ali's Birthday","type":"Restricted"},{"month":"March","date":10,"day":"Tuesday","name":"Holi","type":"Gazetted"},{"month":"March","date":20,"day":"Friday","name":"March Equinox","type":"Season"},{"month":"March","date":25,"day":"Wednesday","name":"Chaitra Sukhladi","type":"Restricted"},{"month":"April","date":2,"day":"Thursday","name":"Rama Navami","type":"Gazetted"},{"month":"April","date":6,"day":"Monday","name":"Mahavir Jayanti","type":"Gazetted"},{"month":"April","date":9,"day":"Thursday","name":"First day of Passover","type":"Observance"},{"month":"April","date":9,"day":"Thursday","name":"Maundy Thursday","type":"Observance,"},{"month":"April","date":10,"day":"Friday","name":"Good Friday","type":"Gazetted"},{"month":"April","date":12,"day":"Sunday","name":"Easter Day","type":"Restricted"},{"month":"April","date":13,"day":"Monday","name":"Vaisakhi","type":"Restricted"},{"month":"April","date":14,"day":"Tuesday","name":"Mesadi/Vaisakhadi","type":"Restricted"},{"month":"April","date":14,"day":"Tuesday","name":"Ambedkar Jayanti","type":"Central"},{"month":"May","date":1,"day":"Friday","name":"May Day","type":"Observance"},{"month":"May","date":7,"day":"Thursday","name":"Buddha Purnima/Vesak","type":"Gazetted"},{"month":"May","date":7,"day":"Thursday","name":"Birthday of Ravindranath","type":"Restricted"},{"month":"May","date":10,"day":"Sunday","name":"Mother's Day","type":"Observance"},{"month":"May","date":22,"day":"Friday","name":"Jamat Ul-Vida","type":"Restricted"},{"month":"May","date":25,"day":"Monday","name":"Ramzan Id/Eid-ul-Fitar","type":"Gazetted"},{"month":"May","date":25,"day":"Monday","name":"Ramzan Id/Eid-ul-Fitar","type":"Muslim,"},{"month":"June","date":21,"day":"Sunday","name":"June Solstice","type":"Season"},{"month":"June","date":21,"day":"Sunday","name":"Father's Day","type":"Observance"},{"month":"June","date":23,"day":"Tuesday","name":"Rath Yatra","type":"Restricted"},{"month":"July","date":5,"day":"Sunday","name":"Guru Purnima","type":"Observance"},{"month":"July","date":31,"day":"Friday","name":"Bakr Id/Eid ul-Adha","type":"Gazetted"},{"month":"August","date":2,"day":"Sunday","name":"Friendship Day","type":"Observance"},{"month":"August","date":3,"day":"Monday","name":"Raksha Bandhan (Rakhi)","type":"Restricted"},{"month":"August","date":11,"day":"Tuesday","name":"Janmashtami (Smarta)","type":"Restricted"},{"month":"August","date":12,"day":"Wednesday","name":"Janmashtami","type":"Gazetted"},{"month":"August","date":15,"day":"Saturday","name":"Independence Day","type":"Gazetted"},{"month":"August","date":16,"day":"Sunday","name":"Parsi New Year","type":"Restricted"},{"month":"August","date":22,"day":"Saturday","name":"Ganesh Chaturthi/Vin
08-05 19:20:59.808 32035  2385 I NAPPA_EXPERIMENTATION: MetricNetworkRequestExecutionTime: REQUEST_DURATION_SYSTEM='568',REQUEST_DURATION_OKHTTP='65',REQUEST_SYNCHRONOUS='FALSE',RESPONSE_CODE='200',RESPONSE_METHOD='GET',RESPONSE_LENGTH_OKHTTP='6426',RESPONSE_LENGTH_HEADER='6426',REQUEST_PROTOCOL='http/1.1',REQUEST_URL='https://project-travel-mate.herokuapp.com/api/get-upcoming-holidays/2020',
08-05 19:20:59.842 32035 32625 I art     : Explicit concurrent mark sweep GC freed 6507(412KB) AllocSpace objects, 2(32KB) LOS objects, 7% free, 189MB/205MB, paused 3.415ms total 74.937ms
08-05 19:20:59.869 32035 32625 I art     : Starting a blocking GC Explicit
08-05 19:20:59.882 32035 32035 V Response: [{"month":"January","date":1,"day":"Wednesday","name":"New Year's Day","type":"Restricted"},{"month":"January","date":2,"day":"Thursday","name":"Guru Govind Singh Jayanti","type":"Restricted"},{"month":"January","date":14,"day":"Tuesday","name":"Lohri","type":"Restricted"},{"month":"January","date":15,"day":"Wednesday","name":"Pongal","type":"Restricted"},{"month":"January","date":15,"day":"Wednesday","name":"Makar Sankranti","type":"Restricted"},{"month":"January","date":25,"day":"Saturday","name":"Chinese New Year","type":"Observance"},{"month":"January","date":26,"day":"Sunday","name":"Republic Day","type":"Gazetted"},{"month":"January","date":30,"day":"Thursday","name":"Vasant Panchami","type":"Restricted"},{"month":"February","date":9,"day":"Sunday","name":"Guru Ravidas Jayanti","type":"Restricted"},{"month":"February","date":14,"day":"Friday","name":"Valentine's Day","type":"Observance"},{"month":"February","date":18,"day":"Tuesday","name":"Maharishi Dayanand Saraswati Jayanti","type":"Restricted"},{"month":"February","date":19,"day":"Wednesday","name":"Shivaji Jayanti","type":"Restricted"},{"month":"February","date":21,"day":"Friday","name":"Maha Shivaratri/Shivaratri","type":"Gazetted"},{"month":"March","date":9,"day":"Monday","name":"Holika Dahana","type":"Restricted"},{"month":"March","date":9,"day":"Monday","name":"Hazarat Ali's Birthday","type":"Restricted"},{"month":"March","date":10,"day":"Tuesday","name":"Holi","type":"Gazetted"},{"month":"March","date":20,"day":"Friday","name":"March Equinox","type":"Season"},{"month":"March","date":25,"day":"Wednesday","name":"Chaitra Sukhladi","type":"Restricted"},{"month":"April","date":2,"day":"Thursday","name":"Rama Navami","type":"Gazetted"},{"month":"April","date":6,"day":"Monday","name":"Mahavir Jayanti","type":"Gazetted"},{"month":"April","date":9,"day":"Thursday","name":"First day of Passover","type":"Observance"},{"month":"April","date":9,"day":"Thursday","name":"Maundy Thursday","type":"Observance,"},{"month":"April","date":10,"day":"Friday","name":"Good Friday","type":"Gazetted"},{"month":"April","date":12,"day":"Sunday","name":"Easter Day","type":"Restricted"},{"month":"April","date":13,"day":"Monday","name":"Vaisakhi","type":"Restricted"},{"month":"April","date":14,"day":"Tuesday","name":"Mesadi/Vaisakhadi","type":"Restricted"},{"month":"April","date":14,"day":"Tuesday","name":"Ambedkar Jayanti","type":"Central"},{"month":"May","date":1,"day":"Friday","name":"May Day","type":"Observance"},{"month":"May","date":7,"day":"Thursday","name":"Buddha Purnima/Vesak","type":"Gazetted"},{"month":"May","date":7,"day":"Thursday","name":"Birthday of Ravindranath","type":"Restricted"},{"month":"May","date":10,"day":"Sunday","name":"Mother's Day","type":"Observance"},{"month":"May","date":22,"day":"Friday","name":"Jamat Ul-Vida","type":"Restricted"},{"month":"May","date":25,"day":"Monday","name":"Ramzan Id/Eid-ul-Fitar","type":"Gazetted"},{"month":"May","date":25,"day":"Monday","name":"Ramzan Id/Eid-ul-Fitar","type":"Muslim,"},{"month":"June","date":21,"day":"Sunday","name":"June Solstice","type":"Season"},{"month":"June","date":21,"day":"Sunday","name":"Father's Day","type":"Observance"},{"month":"June","date":23,"day":"Tuesday","name":"Rath Yatra","type":"Restricted"},{"month":"July","date":5,"day":"Sunday","name":"Guru Purnima","type":"Observance"},{"month":"July","date":31,"day":"Friday","name":"Bakr Id/Eid ul-Adha","type":"Gazetted"},{"month":"August","date":2,"day":"Sunday","name":"Friendship Day","type":"Observance"},{"month":"August","date":3,"day":"Monday","name":"Raksha Bandhan (Rakhi)","type":"Restricted"},{"month":"August","date":11,"day":"Tuesday","name":"Janmashtami (Smarta)","type":"Restricted"},{"month":"August","date":12,"day":"Wednesday","name":"Janmashtami","type":"Gazetted"},{"month":"August","date":15,"day":"Saturday","name":"Independence Day","type":"Gazetted"},{"month":"August","date":16,"day":"Sunday","name":"Parsi New Year","type":"Restricted"},{"month":"August","date":22,"day":"Saturday","name":"Ganesh Chaturthi/Vin
08-05 19:20:59.948 32035 32625 I art     : Explicit concurrent mark sweep GC freed 9138(333KB) AllocSpace objects, 1(16KB) LOS objects, 7% free, 189MB/205MB, paused 2.950ms total 77.893ms
08-05 19:21:00.399 32035 32046 I art     : Starting a blocking GC Explicit
08-05 19:21:00.482 32035 32046 I art     : Explicit concurrent mark sweep GC freed 3817(191KB) AllocSpace objects, 3(4MB) LOS objects, 7% free, 185MB/201MB, paused 2.144ms total 82.990ms
08-05 19:21:00.510 32035 32046 I art     : Starting a blocking GC Explicit
08-05 19:21:00.585 32035 32046 I art     : Explicit concurrent mark sweep GC freed 251(6KB) AllocSpace objects, 0(0B) LOS objects, 7% free, 185MB/201MB, paused 2.276ms total 74.655ms
08-05 19:21:00.613 32035 32046 I art     : Starting a blocking GC Explicit
08-05 19:21:00.692 32035 32046 I art     : Explicit concurrent mark sweep GC freed 185(3KB) AllocSpace objects, 0(0B) LOS objects, 7% free, 185MB/201MB, paused 2.119ms total 78.258ms
08-05 19:21:00.722 32035 32046 I art     : Starting a blocking GC Explicit
08-05 19:21:00.800 32035 32046 I art     : Explicit concurrent mark sweep GC freed 171(2896B) AllocSpace objects, 0(0B) LOS objects, 7% free, 185MB/201MB, paused 2.289ms total 77.513ms
08-05 19:21:00.828 32035 32046 I art     : Starting a blocking GC Explicit
08-05 19:21:00.906 32035 32046 I art     : Explicit concurrent mark sweep GC freed 147(2496B) AllocSpace objects, 0(0B) LOS objects, 7% free, 185MB/201MB, paused 2.017ms total 77.664ms
08-05 19:21:01.373 32035 32047 I art     : Starting a blocking GC Explicit
08-05 19:21:01.452 32035 32047 I art     : Explicit concurrent mark sweep GC freed 2415(107KB) AllocSpace objects, 2(48KB) LOS objects, 7% free, 185MB/201MB, paused 2.281ms total 78.177ms
08-05 19:21:01.480 32035 32047 I art     : Starting a blocking GC Explicit
08-05 19:21:01.557 32035 32047 I art     : Explicit concurrent mark sweep GC freed 174(3KB) AllocSpace objects, 0(0B) LOS objects, 7% free, 185MB/201MB, paused 2.027ms total 76.571ms
08-05 19:21:01.585 32035 32047 I art     : Starting a blocking GC Explicit
08-05 19:21:01.661 32035 32047 I art     : Explicit concurrent mark sweep GC freed 184(3KB) AllocSpace objects, 0(0B) LOS objects, 7% free, 185MB/201MB, paused 2.144ms total 75.871ms
08-05 19:21:01.689 32035 32047 I art     : Starting a blocking GC Explicit
08-05 19:21:01.767 32035 32047 I art     : Explicit concurrent mark sweep GC freed 171(2896B) AllocSpace objects, 0(0B) LOS objects, 7% free, 185MB/201MB, paused 2.199ms total 77.487ms
08-05 19:21:01.794 32035 32047 I art     : Starting a blocking GC Explicit
08-05 19:21:01.871 32035 32047 I art     : Explicit concurrent mark sweep GC freed 145(2432B) AllocSpace objects, 0(0B) LOS objects, 7% free, 185MB/201MB, paused 2.347ms total 77.321ms
08-05 19:21:02.338 32035 32095 I art     : Starting a blocking GC Explicit
08-05 19:21:02.415 32035 32095 I art     : Explicit concurrent mark sweep GC freed 2393(107KB) AllocSpace objects, 2(48KB) LOS objects, 7% free, 185MB/201MB, paused 2.151ms total 76.876ms
08-05 19:21:02.443 32035 32095 I art     : Starting a blocking GC Explicit
08-05 19:21:02.520 32035 32095 I art     : Explicit concurrent mark sweep GC freed 198(3KB) AllocSpace objects, 0(0B) LOS objects, 7% free, 185MB/201MB, paused 2.220ms total 76.187ms
08-05 19:21:02.547 32035 32095 I art     : Starting a blocking GC Explicit
08-05 19:21:02.625 32035 32095 I art     : Explicit concurrent mark sweep GC freed 148(2528B) AllocSpace objects, 0(0B) LOS objects, 7% free, 185MB/201MB, paused 2.068ms total 77.261ms
08-05 19:21:02.653 32035 32095 I art     : Starting a blocking GC Explicit
08-05 19:21:02.731 32035 32095 I art     : Explicit concurrent mark sweep GC freed 184(3KB) AllocSpace objects, 0(0B) LOS objects, 7% free, 185MB/201MB, paused 2.067ms total 76.737ms
08-05 19:21:02.731 32035 32045 I art     : WaitForGcToComplete blocked for 31.768ms for cause HeapTrim
08-05 19:21:02.758 32035 32095 I art     : Starting a blocking GC Explicit
08-05 19:21:02.835 32035 32095 I art     : Explicit concurrent mark sweep GC freed 171(2896B) AllocSpace objects, 0(0B) LOS objects, 7% free, 185MB/201MB, paused 2.175ms total 76.347ms
08-05 19:21:03.301 32035 32625 I art     : Starting a blocking GC Explicit
08-05 19:21:03.379 32035 32625 I art     : Explicit concurrent mark sweep GC freed 2413(108KB) AllocSpace objects, 2(48KB) LOS objects, 7% free, 185MB/201MB, paused 2.158ms total 77.531ms
08-05 19:21:03.406 32035 32625 I art     : Starting a blocking GC Explicit
08-05 19:21:03.481 32035 32625 I art     : Explicit concurrent mark sweep GC freed 192(4KB) AllocSpace objects, 0(0B) LOS objects, 7% free, 185MB/201MB, paused 2.087ms total 74.236ms
08-05 19:21:03.507 32035 32625 I art     : Starting a blocking GC Explicit
08-05 19:21:03.580 32035 32625 I art     : Explicit concurrent mark sweep GC freed 147(2496B) AllocSpace objects, 0(0B) LOS objects, 7% free, 185MB/201MB, paused 2.157ms total 72.571ms
08-05 19:21:03.607 32035 32625 I art     : Starting a blocking GC Explicit
08-05 19:21:03.681 32035 32625 I art     : Explicit concurrent mark sweep GC freed 197(4KB) AllocSpace objects, 0(0B) LOS objects, 7% free, 185MB/201MB, paused 2.063ms total 73.066ms
08-05 19:21:03.707 32035 32625 I art     : Starting a blocking GC Explicit
08-05 19:21:03.779 32035 32625 I art     : Explicit concurrent mark sweep GC freed 161(2928B) AllocSpace objects, 0(0B) LOS objects, 7% free, 185MB/201MB, paused 2.214ms total 71.827ms
08-05 19:21:04.083  2431  2431 D AndroidRuntime: >>>>>> START com.android.internal.os.RuntimeInit uid 2000 <<<<<<
08-05 19:21:04.089  2431  2431 D AndroidRuntime: CheckJNI is OFF
08-05 19:21:04.143  2431  2431 D ICU     : No timezone override file found: /data/misc/zoneinfo/current/icu/icu_tzdata.dat
08-05 19:21:04.190  2431  2431 I Radio-JNI: register_android_hardware_Radio DONE
08-05 19:21:04.223  2431  2431 D AndroidRuntime: Calling main entry com.android.commands.input.Input
08-05 19:21:04.225  2431  2431 I Input   : injectKeyEvent: KeyEvent { action=ACTION_DOWN, keyCode=KEYCODE_BACK, scanCode=0, metaState=0, flags=0x0, repeatCount=0, eventTime=818480638, downTime=818480638, deviceId=-1, source=0x101 }
08-05 19:21:04.226 32035 32096 I art     : Starting a blocking GC Explicit
08-05 19:21:04.233  2431  2431 I Input   : injectKeyEvent: KeyEvent { action=ACTION_UP, keyCode=KEYCODE_BACK, scanCode=0, metaState=0, flags=0x0, repeatCount=0, eventTime=818480638, downTime=818480638, deviceId=-1, source=0x101 }
08-05 19:21:04.240  2431  2431 D AndroidRuntime: Shutting down VM
08-05 19:21:04.253 32035 32035 V MainActivity: url = https://project-travel-mate.herokuapp.com/api/number-of-unread-notifications
08-05 19:21:04.308 32035 32096 I art     : Explicit concurrent mark sweep GC freed 2700(122KB) AllocSpace objects, 2(48KB) LOS objects, 7% free, 185MB/201MB, paused 2.690ms total 81.383ms
08-05 19:21:04.337 32035 32096 I art     : Starting a blocking GC Explicit
08-05 19:21:04.344 13866 13866 I GoogleInputMethodServic: GoogleInputMethodService.onFinishInput():3138 
08-05 19:21:04.345 13866 13866 I GoogleInputMethodServic: GoogleInputMethodService.onStartInput():1808 
08-05 19:21:04.362 13866 13882 I PeriodicStatsRunner: PeriodicStatsRunner.call():175 call()
08-05 19:21:04.362 13866 13882 I PeriodicStatsRunner: PeriodicStatsRunner.call():179 No submit PeriodicStats since input started.
08-05 19:21:04.403 32035 32096 I art     : Explicit concurrent mark sweep GC freed 219(8KB) AllocSpace objects, 0(0B) LOS objects, 7% free, 185MB/201MB, paused 2.209ms total 65.210ms
08-05 19:21:04.427 32035 32096 I art     : Starting a blocking GC Explicit
08-05 19:21:04.499 32035 32096 I art     : Explicit concurrent mark sweep GC freed 191(4KB) AllocSpace objects, 0(0B) LOS objects, 7% free, 185MB/201MB, paused 2.076ms total 71.624ms
08-05 19:21:04.535 32035 32096 I art     : Starting a blocking GC Explicit
08-05 19:21:04.614   380   380 W SurfaceFlinger: couldn't log to binary event log: overflow.
08-05 19:21:04.625 32035 32096 I art     : Explicit concurrent mark sweep GC freed 203(4KB) AllocSpace objects, 0(0B) LOS objects, 7% free, 185MB/201MB, paused 2.261ms total 89.228ms
08-05 19:21:04.643 32009 32009 I ServiceManager: Waiting for service AtCmdFwd...
08-05 19:21:04.649 32035 32096 I art     : Starting a blocking GC Explicit
08-05 19:21:04.719 32035 32096 I art     : Explicit concurrent mark sweep GC freed 51(1536B) AllocSpace objects, 0(0B) LOS objects, 7% free, 185MB/201MB, paused 1.928ms total 69.614ms
08-05 19:21:05.078 32035  2460 I NAPPA_EXPERIMENTATION: MetricNetworkRequestExecutionTime: REQUEST_DURATION_SYSTEM='824',REQUEST_DURATION_OKHTTP='40',REQUEST_SYNCHRONOUS='FALSE',RESPONSE_CODE='200',RESPONSE_METHOD='GET',RESPONSE_LENGTH_OKHTTP='36',RESPONSE_LENGTH_HEADER='36',REQUEST_PROTOCOL='http/1.1',REQUEST_URL='https://project-travel-mate.herokuapp.com/api/number-of-unread-notifications',
08-05 19:21:05.193 32035 32095 I art     : Starting a blocking GC Explicit
08-05 19:21:05.293 32035 32095 I art     : Explicit concurrent mark sweep GC freed 11024(602KB) AllocSpace objects, 18(512KB) LOS objects, 7% free, 185MB/201MB, paused 2.582ms total 98.643ms
08-05 19:21:05.322 32035 32095 I art     : Starting a blocking GC Explicit
08-05 19:21:05.397 32035 32095 I art     : Explicit concurrent mark sweep GC freed 964(117KB) AllocSpace objects, 0(0B) LOS objects, 7% free, 184MB/200MB, paused 2.133ms total 74.447ms
08-05 19:21:05.429 32035 32095 I art     : Starting a blocking GC Explicit
08-05 19:21:05.511 32035 32095 I art     : Explicit concurrent mark sweep GC freed 3(96B) AllocSpace objects, 0(0B) LOS objects, 7% free, 184MB/200MB, paused 2.204ms total 81.783ms
08-05 19:21:05.538 32035 32095 I art     : Starting a blocking GC Explicit
08-05 19:21:05.608 32035 32095 I art     : Explicit concurrent mark sweep GC freed 3(96B) AllocSpace objects, 0(0B) LOS objects, 7% free, 184MB/200MB, paused 2.167ms total 69.452ms
08-05 19:21:05.634 32035 32095 I art     : Starting a blocking GC Explicit
08-05 19:21:05.644 32009 32009 I ServiceManager: Waiting for service AtCmdFwd...
08-05 19:21:05.705 32035 32095 I art     : Explicit concurrent mark sweep GC freed 40(1088B) AllocSpace objects, 0(0B) LOS objects, 7% free, 184MB/200MB, paused 2.249ms total 70.612ms
08-05 19:21:06.161  2472  2472 D AndroidRuntime: >>>>>> START com.android.internal.os.RuntimeInit uid 2000 <<<<<<
08-05 19:21:06.167  2472  2472 D AndroidRuntime: CheckJNI is OFF
08-05 19:21:06.205 32035 32047 I art     : Starting a blocking GC Explicit
08-05 19:21:06.221  2472  2472 D ICU     : No timezone override file found: /data/misc/zoneinfo/current/icu/icu_tzdata.dat
08-05 19:21:06.263  2472  2472 I Radio-JNI: register_android_hardware_Radio DONE
08-05 19:21:06.268 32035 32047 I art     : Explicit concurrent mark sweep GC freed 1657(96KB) AllocSpace objects, 2(48KB) LOS objects, 7% free, 184MB/200MB, paused 2.015ms total 62.758ms
08-05 19:21:06.293 32035 32047 I art     : Starting a blocking GC Explicit
08-05 19:21:06.295  2472  2472 D AndroidRuntime: Calling main entry com.android.commands.input.Input
08-05 19:21:06.298  2472  2472 I Input   : injectMotionEvent: MotionEvent { action=ACTION_DOWN, actionButton=0, id[0]=0, x[0]=657.0, y[0]=2080.0, toolType[0]=TOOL_TYPE_UNKNOWN, buttonState=0, metaState=0, flags=0x0, edgeFlags=0x0, pointerCount=1, historySize=0, eventTime=818482710, downTime=818482710, deviceId=0, source=0x1002 }
08-05 19:21:06.304  2472  2472 I Input   : injectMotionEvent: MotionEvent { action=ACTION_UP, actionButton=0, id[0]=0, x[0]=657.0, y[0]=2080.0, toolType[0]=TOOL_TYPE_UNKNOWN, buttonState=0, metaState=0, flags=0x0, edgeFlags=0x0, pointerCount=1, historySize=0, eventTime=818482710, downTime=818482710, deviceId=0, source=0x1002 }
08-05 19:21:06.306   918  6110 I ActivityManager: START u0 {cmp=baseline.io.github.project_travel_mate/.utilities.UpcomingWeekendsActivity} from uid 10674 on display 0
08-05 19:21:06.306  2472  2472 D AndroidRuntime: Shutting down VM
08-05 19:21:06.310   512  2967 D audio_hw_primary: out_set_parameters: enter: usecase(1: low-latency-playback) kvpairs: routing=2
08-05 19:21:06.323   512  2967 D audio_hw_primary: select_devices: out_snd_device(2: speaker) in_snd_device(0: none)
08-05 19:21:06.323   512  2967 D msm8974_platform: platform_send_audio_calibration: sending audio calibration for snd_device(2) acdb_id(15)
08-05 19:21:06.323   512  2967 I soundtrigger: audio_extn_sound_trigger_update_device_status: device 0x2 of type 0 for Event 1
08-05 19:21:06.341   512  2967 D audio_hw_primary: enable_snd_device: snd_device(2: speaker)
08-05 19:21:06.343   512  2967 D audio_hw_primary: enable_audio_route: apply and update mixer path: low-latency-playback speaker
08-05 19:21:06.348 32035 32116 D Gabe    : call	returning from cache
08-05 19:21:06.352 32035 32035 V EXECUTING: https://project-travel-mate.herokuapp.com/api/get-upcoming-holidays/2020
08-05 19:21:06.356 32035 32035 V EXECUTING: https://project-travel-mate.herokuapp.com/api/get-upcoming-holidays/2020
08-05 19:21:06.369 32035 32047 I art     : Explicit concurrent mark sweep GC freed 578(32KB) AllocSpace objects, 0(0B) LOS objects, 7% free, 185MB/201MB, paused 3.341ms total 74.950ms
08-05 19:21:06.393 32035 32047 I art     : Starting a blocking GC Explicit
08-05 19:21:06.485 32035 32047 I art     : Explicit concurrent mark sweep GC freed 1202(68KB) AllocSpace objects, 0(0B) LOS objects, 7% free, 189MB/205MB, paused 2.664ms total 91.164ms
08-05 19:21:06.511 32035 32047 I art     : Starting a blocking GC Explicit
08-05 19:21:06.517 13866 13866 I GoogleInputMethodServic: GoogleInputMethodService.onFinishInput():3138 
08-05 19:21:06.518 13866 13866 I GoogleInputMethodServic: GoogleInputMethodService.onStartInput():1808 
08-05 19:21:06.554   918   936 I ActivityManager: Displayed baseline.io.github.project_travel_mate/.utilities.UpcomingWeekendsActivity: +235ms
08-05 19:21:06.578 32035 32047 I art     : Explicit concurrent mark sweep GC freed 216(9KB) AllocSpace objects, 0(0B) LOS objects, 7% free, 189MB/205MB, paused 2.462ms total 66.893ms
08-05 19:21:06.604 32035 32047 I art     : Starting a blocking GC Explicit
08-05 19:21:06.645 32009 32009 I ServiceManager: Waiting for service AtCmdFwd...
08-05 19:21:06.675 32035 32047 I art     : Explicit concurrent mark sweep GC freed 149(3KB) AllocSpace objects, 0(0B) LOS objects, 7% free, 189MB/205MB, paused 2.125ms total 70.621ms
08-05 19:21:06.799   380   380 W SurfaceFlinger: couldn't log to binary event log: overflow.
08-05 19:21:06.879   512  2967 D audio_hw_primary: disable_audio_route: reset and update mixer path: low-latency-playback speaker
08-05 19:21:06.880   512  2967 D audio_hw_primary: disable_snd_device: snd_device(2: speaker)
08-05 19:21:06.894   512  2967 I soundtrigger: audio_extn_sound_trigger_update_device_status: device 0x2 of type 0 for Event 0
08-05 19:21:06.936 32035  2502 I NAPPA_EXPERIMENTATION: MetricNetworkRequestExecutionTime: REQUEST_DURATION_SYSTEM='579',REQUEST_DURATION_OKHTTP='43',REQUEST_SYNCHRONOUS='FALSE',RESPONSE_CODE='200',RESPONSE_METHOD='GET',RESPONSE_LENGTH_OKHTTP='6426',RESPONSE_LENGTH_HEADER='6426',REQUEST_PROTOCOL='http/1.1',REQUEST_URL='https://project-travel-mate.herokuapp.com/api/get-upcoming-holidays/2020',
08-05 19:21:06.969 32035  2501 I NAPPA_EXPERIMENTATION: MetricNetworkRequestExecutionTime: REQUEST_DURATION_SYSTEM='616',REQUEST_DURATION_OKHTTP='81',REQUEST_SYNCHRONOUS='FALSE',RESPONSE_CODE='200',RESPONSE_METHOD='GET',RESPONSE_LENGTH_OKHTTP='6426',RESPONSE_LENGTH_HEADER='6426',REQUEST_PROTOCOL='http/1.1',REQUEST_URL='https://project-travel-mate.herokuapp.com/api/get-upcoming-holidays/2020',
08-05 19:21:07.115 32035 32035 V Response: [{"month":"January","date":1,"day":"Wednesday","name":"New Year's Day","type":"Restricted"},{"month":"January","date":2,"day":"Thursday","name":"Guru Govind Singh Jayanti","type":"Restricted"},{"month":"January","date":14,"day":"Tuesday","name":"Lohri","type":"Restricted"},{"month":"January","date":15,"day":"Wednesday","name":"Pongal","type":"Restricted"},{"month":"January","date":15,"day":"Wednesday","name":"Makar Sankranti","type":"Restricted"},{"month":"January","date":25,"day":"Saturday","name":"Chinese New Year","type":"Observance"},{"month":"January","date":26,"day":"Sunday","name":"Republic Day","type":"Gazetted"},{"month":"January","date":30,"day":"Thursday","name":"Vasant Panchami","type":"Restricted"},{"month":"February","date":9,"day":"Sunday","name":"Guru Ravidas Jayanti","type":"Restricted"},{"month":"February","date":14,"day":"Friday","name":"Valentine's Day","type":"Observance"},{"month":"February","date":18,"day":"Tuesday","name":"Maharishi Dayanand Saraswati Jayanti","type":"Restricted"},{"month":"February","date":19,"day":"Wednesday","name":"Shivaji Jayanti","type":"Restricted"},{"month":"February","date":21,"day":"Friday","name":"Maha Shivaratri/Shivaratri","type":"Gazetted"},{"month":"March","date":9,"day":"Monday","name":"Holika Dahana","type":"Restricted"},{"month":"March","date":9,"day":"Monday","name":"Hazarat Ali's Birthday","type":"Restricted"},{"month":"March","date":10,"day":"Tuesday","name":"Holi","type":"Gazetted"},{"month":"March","date":20,"day":"Friday","name":"March Equinox","type":"Season"},{"month":"March","date":25,"day":"Wednesday","name":"Chaitra Sukhladi","type":"Restricted"},{"month":"April","date":2,"day":"Thursday","name":"Rama Navami","type":"Gazetted"},{"month":"April","date":6,"day":"Monday","name":"Mahavir Jayanti","type":"Gazetted"},{"month":"April","date":9,"day":"Thursday","name":"First day of Passover","type":"Observance"},{"month":"April","date":9,"day":"Thursday","name":"Maundy Thursday","type":"Observance,"},{"month":"April","date":10,"day":"Friday","name":"Good Friday","type":"Gazetted"},{"month":"April","date":12,"day":"Sunday","name":"Easter Day","type":"Restricted"},{"month":"April","date":13,"day":"Monday","name":"Vaisakhi","type":"Restricted"},{"month":"April","date":14,"day":"Tuesday","name":"Mesadi/Vaisakhadi","type":"Restricted"},{"month":"April","date":14,"day":"Tuesday","name":"Ambedkar Jayanti","type":"Central"},{"month":"May","date":1,"day":"Friday","name":"May Day","type":"Observance"},{"month":"May","date":7,"day":"Thursday","name":"Buddha Purnima/Vesak","type":"Gazetted"},{"month":"May","date":7,"day":"Thursday","name":"Birthday of Ravindranath","type":"Restricted"},{"month":"May","date":10,"day":"Sunday","name":"Mother's Day","type":"Observance"},{"month":"May","date":22,"day":"Friday","name":"Jamat Ul-Vida","type":"Restricted"},{"month":"May","date":25,"day":"Monday","name":"Ramzan Id/Eid-ul-Fitar","type":"Gazetted"},{"month":"May","date":25,"day":"Monday","name":"Ramzan Id/Eid-ul-Fitar","type":"Muslim,"},{"month":"June","date":21,"day":"Sunday","name":"June Solstice","type":"Season"},{"month":"June","date":21,"day":"Sunday","name":"Father's Day","type":"Observance"},{"month":"June","date":23,"day":"Tuesday","name":"Rath Yatra","type":"Restricted"},{"month":"July","date":5,"day":"Sunday","name":"Guru Purnima","type":"Observance"},{"month":"July","date":31,"day":"Friday","name":"Bakr Id/Eid ul-Adha","type":"Gazetted"},{"month":"August","date":2,"day":"Sunday","name":"Friendship Day","type":"Observance"},{"month":"August","date":3,"day":"Monday","name":"Raksha Bandhan (Rakhi)","type":"Restricted"},{"month":"August","date":11,"day":"Tuesday","name":"Janmashtami (Smarta)","type":"Restricted"},{"month":"August","date":12,"day":"Wednesday","name":"Janmashtami","type":"Gazetted"},{"month":"August","date":15,"day":"Saturday","name":"Independence Day","type":"Gazetted"},{"month":"August","date":16,"day":"Sunday","name":"Parsi New Year","type":"Restricted"},{"month":"August","date":22,"day":"Saturday","name":"Ganesh Chaturthi/Vin
08-05 19:21:07.119 32035 32035 V Response: [{"month":"January","date":1,"day":"Wednesday","name":"New Year's Day","type":"Restricted"},{"month":"January","date":2,"day":"Thursday","name":"Guru Govind Singh Jayanti","type":"Restricted"},{"month":"January","date":14,"day":"Tuesday","name":"Lohri","type":"Restricted"},{"month":"January","date":15,"day":"Wednesday","name":"Pongal","type":"Restricted"},{"month":"January","date":15,"day":"Wednesday","name":"Makar Sankranti","type":"Restricted"},{"month":"January","date":25,"day":"Saturday","name":"Chinese New Year","type":"Observance"},{"month":"January","date":26,"day":"Sunday","name":"Republic Day","type":"Gazetted"},{"month":"January","date":30,"day":"Thursday","name":"Vasant Panchami","type":"Restricted"},{"month":"February","date":9,"day":"Sunday","name":"Guru Ravidas Jayanti","type":"Restricted"},{"month":"February","date":14,"day":"Friday","name":"Valentine's Day","type":"Observance"},{"month":"February","date":18,"day":"Tuesday","name":"Maharishi Dayanand Saraswati Jayanti","type":"Restricted"},{"month":"February","date":19,"day":"Wednesday","name":"Shivaji Jayanti","type":"Restricted"},{"month":"February","date":21,"day":"Friday","name":"Maha Shivaratri/Shivaratri","type":"Gazetted"},{"month":"March","date":9,"day":"Monday","name":"Holika Dahana","type":"Restricted"},{"month":"March","date":9,"day":"Monday","name":"Hazarat Ali's Birthday","type":"Restricted"},{"month":"March","date":10,"day":"Tuesday","name":"Holi","type":"Gazetted"},{"month":"March","date":20,"day":"Friday","name":"March Equinox","type":"Season"},{"month":"March","date":25,"day":"Wednesday","name":"Chaitra Sukhladi","type":"Restricted"},{"month":"April","date":2,"day":"Thursday","name":"Rama Navami","type":"Gazetted"},{"month":"April","date":6,"day":"Monday","name":"Mahavir Jayanti","type":"Gazetted"},{"month":"April","date":9,"day":"Thursday","name":"First day of Passover","type":"Observance"},{"month":"April","date":9,"day":"Thursday","name":"Maundy Thursday","type":"Observance,"},{"month":"April","date":10,"day":"Friday","name":"Good Friday","type":"Gazetted"},{"month":"April","date":12,"day":"Sunday","name":"Easter Day","type":"Restricted"},{"month":"April","date":13,"day":"Monday","name":"Vaisakhi","type":"Restricted"},{"month":"April","date":14,"day":"Tuesday","name":"Mesadi/Vaisakhadi","type":"Restricted"},{"month":"April","date":14,"day":"Tuesday","name":"Ambedkar Jayanti","type":"Central"},{"month":"May","date":1,"day":"Friday","name":"May Day","type":"Observance"},{"month":"May","date":7,"day":"Thursday","name":"Buddha Purnima/Vesak","type":"Gazetted"},{"month":"May","date":7,"day":"Thursday","name":"Birthday of Ravindranath","type":"Restricted"},{"month":"May","date":10,"day":"Sunday","name":"Mother's Day","type":"Observance"},{"month":"May","date":22,"day":"Friday","name":"Jamat Ul-Vida","type":"Restricted"},{"month":"May","date":25,"day":"Monday","name":"Ramzan Id/Eid-ul-Fitar","type":"Gazetted"},{"month":"May","date":25,"day":"Monday","name":"Ramzan Id/Eid-ul-Fitar","type":"Muslim,"},{"month":"June","date":21,"day":"Sunday","name":"June Solstice","type":"Season"},{"month":"June","date":21,"day":"Sunday","name":"Father's Day","type":"Observance"},{"month":"June","date":23,"day":"Tuesday","name":"Rath Yatra","type":"Restricted"},{"month":"July","date":5,"day":"Sunday","name":"Guru Purnima","type":"Observance"},{"month":"July","date":31,"day":"Friday","name":"Bakr Id/Eid ul-Adha","type":"Gazetted"},{"month":"August","date":2,"day":"Sunday","name":"Friendship Day","type":"Observance"},{"month":"August","date":3,"day":"Monday","name":"Raksha Bandhan (Rakhi)","type":"Restricted"},{"month":"August","date":11,"day":"Tuesday","name":"Janmashtami (Smarta)","type":"Restricted"},{"month":"August","date":12,"day":"Wednesday","name":"Janmashtami","type":"Gazetted"},{"month":"August","date":15,"day":"Saturday","name":"Independence Day","type":"Gazetted"},{"month":"August","date":16,"day":"Sunday","name":"Parsi New Year","type":"Restricted"},{"month":"August","date":22,"day":"Saturday","name":"Ganesh Chaturthi/Vin
08-05 19:21:07.125 32035 32046 I art     : Starting a blocking GC Explicit
08-05 19:21:07.196 32035 32046 I art     : Explicit concurrent mark sweep GC freed 16698(724KB) AllocSpace objects, 11(496KB) LOS objects, 7% free, 190MB/206MB, paused 2.657ms total 71.485ms
08-05 19:21:07.222 32035 32046 I art     : Starting a blocking GC Explicit
08-05 19:21:07.299 32035 32046 I art     : Explicit concurrent mark sweep GC freed 2411(249KB) AllocSpace objects, 1(4MB) LOS objects, 7% free, 185MB/201MB, paused 2.104ms total 75.892ms
08-05 19:21:07.326 32035 32046 I art     : Starting a blocking GC Explicit
08-05 19:21:07.406 32035 32046 I art     : Explicit concurrent mark sweep GC freed 199(3KB) AllocSpace objects, 0(0B) LOS objects, 7% free, 185MB/201MB, paused 2.582ms total 79.159ms
08-05 19:21:07.436 32035 32046 I art     : Starting a blocking GC Explicit
08-05 19:21:07.513 32035 32046 I art     : Explicit concurrent mark sweep GC freed 147(2496B) AllocSpace objects, 0(0B) LOS objects, 7% free, 185MB/201MB, paused 2.204ms total 76.328ms
08-05 19:21:07.540 32035 32046 I art     : Starting a blocking GC Explicit
08-05 19:21:07.620 32035 32046 I art     : Explicit concurrent mark sweep GC freed 147(2496B) AllocSpace objects, 0(0B) LOS objects, 7% free, 185MB/201MB, paused 2.479ms total 79.203ms
08-05 19:21:07.645 32009 32009 I ServiceManager: Waiting for service AtCmdFwd...
08-05 19:21:08.080 32035 32095 I art     : Starting a blocking GC Explicit
08-05 19:21:08.160 32035 32095 I art     : Explicit concurrent mark sweep GC freed 2451(108KB) AllocSpace objects, 2(48KB) LOS objects, 7% free, 185MB/201MB, paused 2.319ms total 79.154ms
08-05 19:21:08.187 32035 32095 I art     : Starting a blocking GC Explicit
08-05 19:21:08.266 32035 32095 I art     : Explicit concurrent mark sweep GC freed 175(3KB) AllocSpace objects, 0(0B) LOS objects, 7% free, 185MB/201MB, paused 2.188ms total 77.962ms
08-05 19:21:08.294 32035 32095 I art     : Starting a blocking GC Explicit
08-05 19:21:08.373 32035 32095 I art     : Explicit concurrent mark sweep GC freed 169(2848B) AllocSpace objects, 0(0B) LOS objects, 7% free, 185MB/201MB, paused 2.435ms total 78.457ms
08-05 19:21:08.401 32035 32095 I art     : Starting a blocking GC Explicit
08-05 19:21:08.480 32035 32095 I art     : Explicit concurrent mark sweep GC freed 148(2512B) AllocSpace objects, 0(0B) LOS objects, 7% free, 185MB/201MB, paused 2.359ms total 79.175ms
08-05 19:21:08.508 32035 32095 I art     : Starting a blocking GC Explicit
08-05 19:21:08.589 32035 32095 I art     : Explicit concurrent mark sweep GC freed 148(2528B) AllocSpace objects, 0(0B) LOS objects, 7% free, 185MB/201MB, paused 2.554ms total 80.106ms
08-05 19:21:08.646 32009 32009 I ServiceManager: Waiting for service AtCmdFwd...
08-05 19:21:09.070 32035 32096 I art     : Starting a blocking GC Explicit
08-05 19:21:09.152 32035 32096 I art     : Explicit concurrent mark sweep GC freed 2488(109KB) AllocSpace objects, 2(48KB) LOS objects, 7% free, 185MB/201MB, paused 2.677ms total 81.455ms
08-05 19:21:09.179 32035 32096 I art     : Starting a blocking GC Explicit
08-05 19:21:09.257 32035 32096 I art     : Explicit concurrent mark sweep GC freed 230(5KB) AllocSpace objects, 0(0B) LOS objects, 7% free, 185MB/201MB, paused 2.364ms total 77.566ms
08-05 19:21:09.285 32035 32096 I art     : Starting a blocking GC Explicit
08-05 19:21:09.345 13866 13882 I PeriodicStatsRunner: PeriodicStatsRunner.call():175 call()
08-05 19:21:09.345 13866 13882 I PeriodicStatsRunner: PeriodicStatsRunner.call():179 No submit PeriodicStats since input started.
08-05 19:21:09.364 32035 32096 I art     : Explicit concurrent mark sweep GC freed 155(2992B) AllocSpace objects, 0(0B) LOS objects, 7% free, 185MB/201MB, paused 2.171ms total 78.832ms
08-05 19:21:09.392 32035 32096 I art     : Starting a blocking GC Explicit
08-05 19:21:09.471 32035 32096 I art     : Explicit concurrent mark sweep GC freed 149(2544B) AllocSpace objects, 0(0B) LOS objects, 7% free, 185MB/201MB, paused 2.289ms total 78.400ms
08-05 19:21:09.499 32035 32096 I art     : Starting a blocking GC Explicit
08-05 19:21:09.578 32035 32096 I art     : Explicit concurrent mark sweep GC freed 171(2896B) AllocSpace objects, 0(0B) LOS objects, 7% free, 185MB/201MB, paused 2.279ms total 79.446ms
08-05 19:21:09.646 32009 32009 W Atfwd_Sendcmd: AtCmdFwd service not published, waiting... retryCnt : 5
08-05 19:21:10.044 32035 32047 I art     : Starting a blocking GC Explicit
08-05 19:21:10.125 32035 32047 I art     : Explicit concurrent mark sweep GC freed 2455(109KB) AllocSpace objects, 2(48KB) LOS objects, 7% free, 185MB/201MB, paused 2.586ms total 80.241ms
08-05 19:21:10.154 32035 32047 I art     : Starting a blocking GC Explicit
08-05 19:21:10.161   918  3261 D WifiStateMachine: starting scan for "H369AA63323"WPA_PSK with 2412,5180
08-05 19:21:10.229 32035 32047 I art     : Explicit concurrent mark sweep GC freed 226(4KB) AllocSpace objects, 0(0B) LOS objects, 7% free, 185MB/201MB, paused 2.326ms total 75.482ms
08-05 19:21:10.258 32035 32047 I art     : Starting a blocking GC Explicit
08-05 19:21:10.337 32035 32047 I art     : Explicit concurrent mark sweep GC freed 147(2496B) AllocSpace objects, 0(0B) LOS objects, 7% free, 185MB/201MB, paused 2.078ms total 78.693ms
08-05 19:21:10.365 32035 32047 I art     : Starting a blocking GC Explicit
08-05 19:21:10.444 32035 32047 I art     : Explicit concurrent mark sweep GC freed 171(2896B) AllocSpace objects, 0(0B) LOS objects, 7% free, 185MB/201MB, paused 2.209ms total 78.521ms
08-05 19:21:10.472 32035 32047 I art     : Starting a blocking GC Explicit
08-05 19:21:10.551 32035 32047 I art     : Explicit concurrent mark sweep GC freed 147(2496B) AllocSpace objects, 0(0B) LOS objects, 7% free, 185MB/201MB, paused 2.262ms total 78.527ms
08-05 19:21:11.000 32035 32625 I art     : Starting a blocking GC Explicit
08-05 19:21:11.076 32035 32625 I art     : Explicit concurrent mark sweep GC freed 2423(107KB) AllocSpace objects, 2(48KB) LOS objects, 7% free, 185MB/201MB, paused 2.287ms total 75.609ms
08-05 19:21:11.103 32035 32625 I art     : Starting a blocking GC Explicit
08-05 19:21:11.179 32035 32625 I art     : Explicit concurrent mark sweep GC freed 178(3KB) AllocSpace objects, 0(0B) LOS objects, 7% free, 185MB/201MB, paused 2.353ms total 74.993ms
08-05 19:21:11.179  2547  2547 D AndroidRuntime: >>>>>> START com.android.internal.os.RuntimeInit uid 2000 <<<<<<
08-05 19:21:11.185  2547  2547 D AndroidRuntime: CheckJNI is OFF
08-05 19:21:11.206 32035 32625 I art     : Starting a blocking GC Explicit
08-05 19:21:11.237  2547  2547 D ICU     : No timezone override file found: /data/misc/zoneinfo/current/icu/icu_tzdata.dat
08-05 19:21:11.278 32035 32625 I art     : Explicit concurrent mark sweep GC freed 147(2496B) AllocSpace objects, 0(0B) LOS objects, 7% free, 185MB/201MB, paused 2.210ms total 71.534ms
08-05 19:21:11.281  2547  2547 I Radio-JNI: register_android_hardware_Radio DONE
08-05 19:21:11.305 32035 32625 I art     : Starting a blocking GC Explicit
08-05 19:21:11.315  2547  2547 D AndroidRuntime: Calling main entry com.android.commands.input.Input
08-05 19:21:11.317  2547  2547 I Input   : injectKeyEvent: KeyEvent { action=ACTION_DOWN, keyCode=KEYCODE_BACK, scanCode=0, metaState=0, flags=0x0, repeatCount=0, eventTime=818487729, downTime=818487729, deviceId=-1, source=0x101 }
08-05 19:21:11.323  2547  2547 I Input   : injectKeyEvent: KeyEvent { action=ACTION_UP, keyCode=KEYCODE_BACK, scanCode=0, metaState=0, flags=0x0, repeatCount=0, eventTime=818487729, downTime=818487729, deviceId=-1, source=0x101 }
08-05 19:21:11.331  2547  2547 D AndroidRuntime: Shutting down VM
08-05 19:21:11.346 32035 32035 V MainActivity: url = https://project-travel-mate.herokuapp.com/api/number-of-unread-notifications
08-05 19:21:11.377 32035 32625 I art     : Explicit concurrent mark sweep GC freed 431(15KB) AllocSpace objects, 0(0B) LOS objects, 7% free, 186MB/202MB, paused 2.209ms total 72.094ms
08-05 19:21:11.404 32035 32625 I art     : Starting a blocking GC Explicit
08-05 19:21:11.439 13866 13866 I GoogleInputMethodServic: GoogleInputMethodService.onFinishInput():3138 
08-05 19:21:11.441 13866 13866 I GoogleInputMethodServic: GoogleInputMethodService.onStartInput():1808 
08-05 19:21:11.471 32035 32625 I art     : Explicit concurrent mark sweep GC freed 134(4KB) AllocSpace objects, 0(0B) LOS objects, 7% free, 185MB/201MB, paused 2.161ms total 67.036ms
08-05 19:21:11.517 13866 13882 I PeriodicStatsRunner: PeriodicStatsRunner.call():175 call()
08-05 19:21:11.518 13866 13882 I PeriodicStatsRunner: PeriodicStatsRunner.call():179 No submit PeriodicStats since input started.
08-05 19:21:11.722   380   380 W SurfaceFlinger: couldn't log to binary event log: overflow.
08-05 19:21:11.948 32035 32095 I art     : Starting a blocking GC Explicit
08-05 19:21:12.046 32035 32095 I art     : Explicit concurrent mark sweep GC freed 2197(110KB) AllocSpace objects, 3(236KB) LOS objects, 7% free, 185MB/201MB, paused 3.121ms total 97.191ms
08-05 19:21:12.074 32035 32095 I art     : Starting a blocking GC Explicit
08-05 19:21:12.141 32035 32095 I art     : Explicit concurrent mark sweep GC freed 6686(362KB) AllocSpace objects, 13(264KB) LOS objects, 7% free, 185MB/201MB, paused 2.062ms total 66.836ms
08-05 19:21:12.167 32035 32095 I art     : Starting a blocking GC Explicit
08-05 19:21:12.245 32035  2572 I NAPPA_EXPERIMENTATION: MetricNetworkRequestExecutionTime: REQUEST_DURATION_SYSTEM='896',REQUEST_DURATION_OKHTTP='39',REQUEST_SYNCHRONOUS='FALSE',RESPONSE_CODE='200',RESPONSE_METHOD='GET',RESPONSE_LENGTH_OKHTTP='36',RESPONSE_LENGTH_HEADER='36',REQUEST_PROTOCOL='http/1.1',REQUEST_URL='https://project-travel-mate.herokuapp.com/api/number-of-unread-notifications',
08-05 19:21:12.245 32035 32095 I art     : Explicit concurrent mark sweep GC freed 2598(133KB) AllocSpace objects, 3(200KB) LOS objects, 7% free, 185MB/201MB, paused 2.320ms total 77.962ms
08-05 19:21:12.273 32035 32095 I art     : Starting a blocking GC Explicit
08-05 19:21:12.362 32035 32095 I art     : Explicit concurrent mark sweep GC freed 1082(128KB) AllocSpace objects, 0(0B) LOS objects, 7% free, 185MB/201MB, paused 2.920ms total 88.298ms
08-05 19:21:12.393 32035 32095 I art     : Starting a blocking GC Explicit
08-05 19:21:12.479 32035 32095 I art     : Explicit concurrent mark sweep GC freed 96(4KB) AllocSpace objects, 0(0B) LOS objects, 7% free, 185MB/201MB, paused 2.930ms total 86.181ms
08-05 19:21:12.952 32035 32046 I art     : Starting a blocking GC Explicit
08-05 19:21:13.030 32035 32046 I art     : Explicit concurrent mark sweep GC freed 1663(95KB) AllocSpace objects, 2(48KB) LOS objects, 7% free, 185MB/201MB, paused 5.937ms total 77.077ms
08-05 19:21:13.056 32035 32046 I art     : Starting a blocking GC Explicit
08-05 19:21:13.139 32035 32046 I art     : Explicit concurrent mark sweep GC freed 36(1296B) AllocSpace objects, 0(0B) LOS objects, 7% free, 185MB/201MB, paused 2.022ms total 82.943ms
08-05 19:21:13.168 32035 32046 I art     : Starting a blocking GC Explicit
08-05 19:21:13.240 32035 32046 I art     : Explicit concurrent mark sweep GC freed 6(192B) AllocSpace objects, 0(0B) LOS objects, 7% free, 185MB/201MB, paused 2.355ms total 71.931ms
08-05 19:21:13.240 32035 32045 I art     : WaitForGcToComplete blocked for 72.521ms for cause HeapTrim
08-05 19:21:13.263 32035 32046 I art     : Starting a blocking GC Explicit
08-05 19:21:13.273  2589  2589 D AndroidRuntime: >>>>>> START com.android.internal.os.RuntimeInit uid 2000 <<<<<<
08-05 19:21:13.279  2589  2589 D AndroidRuntime: CheckJNI is OFF
08-05 19:21:13.324  2589  2589 D ICU     : No timezone override file found: /data/misc/zoneinfo/current/icu/icu_tzdata.dat
08-05 19:21:13.333 32035 32046 I art     : Explicit concurrent mark sweep GC freed 3(96B) AllocSpace objects, 0(0B) LOS objects, 7% free, 185MB/201MB, paused 2.022ms total 69.107ms
08-05 19:21:13.358 32035 32046 I art     : Starting a blocking GC Explicit
08-05 19:21:13.366  2589  2589 I Radio-JNI: register_android_hardware_Radio DONE
08-05 19:21:13.398  2589  2589 D AndroidRuntime: Calling main entry com.android.commands.input.Input
08-05 19:21:13.400  2589  2589 I Input   : injectMotionEvent: MotionEvent { action=ACTION_DOWN, actionButton=0, id[0]=0, x[0]=117.0, y[0]=170.0, toolType[0]=TOOL_TYPE_UNKNOWN, buttonState=0, metaState=0, flags=0x0, edgeFlags=0x0, pointerCount=1, historySize=0, eventTime=818489813, downTime=818489813, deviceId=0, source=0x1002 }
08-05 19:21:13.406  2589  2589 I Input   : injectMotionEvent: MotionEvent { action=ACTION_UP, actionButton=0, id[0]=0, x[0]=117.0, y[0]=170.0, toolType[0]=TOOL_TYPE_UNKNOWN, buttonState=0, metaState=0, flags=0x0, edgeFlags=0x0, pointerCount=1, historySize=0, eventTime=818489813, downTime=818489813, deviceId=0, source=0x1002 }
08-05 19:21:13.408  2589  2589 D AndroidRuntime: Shutting down VM
08-05 19:21:13.434 32035 32046 I art     : Explicit concurrent mark sweep GC freed 24(784B) AllocSpace objects, 0(0B) LOS objects, 7% free, 185MB/201MB, paused 2.778ms total 76.154ms
08-05 19:21:13.437   512  2967 D audio_hw_primary: out_set_parameters: enter: usecase(1: low-latency-playback) kvpairs: routing=2
08-05 19:21:13.451   512  2967 D audio_hw_primary: select_devices: out_snd_device(2: speaker) in_snd_device(0: none)
08-05 19:21:13.451   512  2967 D msm8974_platform: platform_send_audio_calibration: sending audio calibration for snd_device(2) acdb_id(15)
08-05 19:21:13.452   512  2967 I soundtrigger: audio_extn_sound_trigger_update_device_status: device 0x2 of type 0 for Event 1
08-05 19:21:13.462   512  2967 D audio_hw_primary: enable_snd_device: snd_device(2: speaker)
08-05 19:21:13.464   512  2967 D audio_hw_primary: enable_audio_route: apply and update mixer path: low-latency-playback speaker
08-05 19:21:13.934 32035 32047 I art     : Starting a blocking GC Explicit
08-05 19:21:14.008   512  2967 D audio_hw_primary: disable_audio_route: reset and update mixer path: low-latency-playback speaker
08-05 19:21:14.009   512  2967 D audio_hw_primary: disable_snd_device: snd_device(2: speaker)
08-05 19:21:14.010 32035 32047 I art     : Explicit concurrent mark sweep GC freed 2053(115KB) AllocSpace objects, 2(48KB) LOS objects, 7% free, 185MB/201MB, paused 2.013ms total 75.756ms
08-05 19:21:14.018   512  2967 I soundtrigger: audio_extn_sound_trigger_update_device_status: device 0x2 of type 0 for Event 0
08-05 19:21:14.034 32035 32047 I art     : Starting a blocking GC Explicit
08-05 19:21:14.099 32035 32047 I art     : Explicit concurrent mark sweep GC freed 62(2432B) AllocSpace objects, 0(0B) LOS objects, 7% free, 185MB/201MB, paused 2.494ms total 65.114ms
08-05 19:21:14.126 32035 32047 I art     : Starting a blocking GC Explicit
08-05 19:21:14.195 32035 32047 I art     : Explicit concurrent mark sweep GC freed 3(96B) AllocSpace objects, 0(0B) LOS objects, 7% free, 185MB/201MB, paused 2.126ms total 68.901ms
08-05 19:21:14.221 32035 32047 I art     : Starting a blocking GC Explicit
08-05 19:21:14.276  2618  2618 D AndroidRuntime: >>>>>> START com.android.internal.os.RuntimeInit uid 2000 <<<<<<
08-05 19:21:14.282  2618  2618 D AndroidRuntime: CheckJNI is OFF
08-05 19:21:14.293 32035 32047 I art     : Explicit concurrent mark sweep GC freed 5(160B) AllocSpace objects, 0(0B) LOS objects, 7% free, 185MB/201MB, paused 2.258ms total 72.061ms
08-05 19:21:14.320 32035 32047 I art     : Starting a blocking GC Explicit
08-05 19:21:14.334  2618  2618 D ICU     : No timezone override file found: /data/misc/zoneinfo/current/icu/icu_tzdata.dat
08-05 19:21:14.378  2618  2618 I Radio-JNI: register_android_hardware_Radio DONE
08-05 19:21:14.391 32035 32047 I art     : Explicit concurrent mark sweep GC freed 3(96B) AllocSpace objects, 0(0B) LOS objects, 7% free, 185MB/201MB, paused 2.281ms total 70.856ms
08-05 19:21:14.411  2618  2618 D AndroidRuntime: Calling main entry com.android.commands.input.Input
08-05 19:21:14.413  2618  2618 I Input   : injectMotionEvent: MotionEvent { action=ACTION_DOWN, actionButton=0, id[0]=0, x[0]=405.0, y[0]=661.0, toolType[0]=TOOL_TYPE_UNKNOWN, buttonState=0, metaState=0, flags=0x0, edgeFlags=0x0, pointerCount=1, historySize=0, eventTime=818490825, downTime=818490825, deviceId=0, source=0x1002 }
08-05 19:21:14.418  2618  2618 I Input   : injectMotionEvent: MotionEvent { action=ACTION_UP, actionButton=0, id[0]=0, x[0]=405.0, y[0]=661.0, toolType[0]=TOOL_TYPE_UNKNOWN, buttonState=0, metaState=0, flags=0x0, edgeFlags=0x0, pointerCount=1, historySize=0, eventTime=818490825, downTime=818490825, deviceId=0, source=0x1002 }
08-05 19:21:14.421  2618  2618 D AndroidRuntime: Shutting down VM
08-05 19:21:14.438   512  2967 D audio_hw_primary: out_set_parameters: enter: usecase(1: low-latency-playback) kvpairs: routing=2
08-05 19:21:14.452   512  2967 D audio_hw_primary: select_devices: out_snd_device(2: speaker) in_snd_device(0: none)
08-05 19:21:14.452   512  2967 D msm8974_platform: platform_send_audio_calibration: sending audio calibration for snd_device(2) acdb_id(15)
08-05 19:21:14.452   512  2967 I soundtrigger: audio_extn_sound_trigger_update_device_status: device 0x2 of type 0 for Event 1
08-05 19:21:14.461   512  2967 D audio_hw_primary: enable_snd_device: snd_device(2: speaker)
08-05 19:21:14.464   512  2967 D audio_hw_primary: enable_audio_route: apply and update mixer path: low-latency-playback speaker
08-05 19:21:14.511   512  2967 D AudioFlinger: mixer(0xf4740000) throttle end: throttle time(12)
08-05 19:21:14.844 32035 32096 I art     : Starting a blocking GC Explicit
08-05 19:21:14.917 32035 32096 I art     : Explicit concurrent mark sweep GC freed 3682(167KB) AllocSpace objects, 11(300KB) LOS objects, 7% free, 185MB/201MB, paused 1.848ms total 72.727ms
08-05 19:21:14.942 32035 32096 I art     : Starting a blocking GC Explicit
08-05 19:21:15.009   512  2967 D audio_hw_primary: disable_audio_route: reset and update mixer path: low-latency-playback speaker
08-05 19:21:15.010   512  2967 D audio_hw_primary: disable_snd_device: snd_device(2: speaker)
08-05 19:21:15.014 32035 32096 I art     : Explicit concurrent mark sweep GC freed 922(52KB) AllocSpace objects, 0(0B) LOS objects, 7% free, 185MB/201MB, paused 2.288ms total 72.501ms
08-05 19:21:15.018   512  2967 I soundtrigger: audio_extn_sound_trigger_update_device_status: device 0x2 of type 0 for Event 0
08-05 19:21:15.042 32035 32096 I art     : Starting a blocking GC Explicit
08-05 19:21:15.119 32035 32096 I art     : Explicit concurrent mark sweep GC freed 15(752B) AllocSpace objects, 0(0B) LOS objects, 7% free, 185MB/201MB, paused 2.275ms total 76.342ms
08-05 19:21:15.147 32035 32096 I art     : Starting a blocking GC Explicit
08-05 19:21:15.223 32035 32096 I art     : Explicit concurrent mark sweep GC freed 35(2016B) AllocSpace objects, 0(0B) LOS objects, 7% free, 185MB/201MB, paused 2.160ms total 75.770ms
08-05 19:21:15.251 32035 32096 I art     : Starting a blocking GC Explicit
08-05 19:21:15.339 32035 32096 I art     : Explicit concurrent mark sweep GC freed 14(672B) AllocSpace objects, 0(0B) LOS objects, 7% free, 185MB/201MB, paused 2.845ms total 87.730ms
08-05 19:21:15.832 32035 32046 I art     : Starting a blocking GC Explicit
08-05 19:21:15.925 32035 32046 I art     : Explicit concurrent mark sweep GC freed 1698(97KB) AllocSpace objects, 2(48KB) LOS objects, 7% free, 185MB/201MB, paused 2.699ms total 92.430ms
08-05 19:21:15.954 32035 32046 I art     : Starting a blocking GC Explicit
08-05 19:21:16.032 32035 32046 I art     : Explicit concurrent mark sweep GC freed 30(1104B) AllocSpace objects, 0(0B) LOS objects, 7% free, 185MB/201MB, paused 2.629ms total 77.485ms
08-05 19:21:16.065 32035 32046 I art     : Starting a blocking GC Explicit
08-05 19:21:16.142 32035 32046 I art     : Explicit concurrent mark sweep GC freed 3(96B) AllocSpace objects, 0(0B) LOS objects, 7% free, 185MB/201MB, paused 2.132ms total 76.463ms
08-05 19:21:16.170 32035 32046 I art     : Starting a blocking GC Explicit
08-05 19:21:16.247 32035 32046 I art     : Explicit concurrent mark sweep GC freed 3(96B) AllocSpace objects, 0(0B) LOS objects, 7% free, 185MB/201MB, paused 2.089ms total 76.613ms
08-05 19:21:16.277 32035 32046 I art     : Starting a blocking GC Explicit
08-05 19:21:16.359 32035 32046 I art     : Explicit concurrent mark sweep GC freed 3(96B) AllocSpace objects, 0(0B) LOS objects, 7% free, 185MB/201MB, paused 2.451ms total 81.672ms
08-05 19:21:16.441 13866 13882 I PeriodicStatsRunner: PeriodicStatsRunner.call():175 call()
08-05 19:21:16.441 13866 13882 I PeriodicStatsRunner: PeriodicStatsRunner.call():179 No submit PeriodicStats since input started.
08-05 19:21:16.840 32035 32047 I art     : Starting a blocking GC Explicit
08-05 19:21:16.915 32035 32047 I art     : Explicit concurrent mark sweep GC freed 1665(95KB) AllocSpace objects, 2(48KB) LOS objects, 7% free, 185MB/201MB, paused 2.101ms total 74.368ms
08-05 19:21:16.942 32035 32047 I art     : Starting a blocking GC Explicit
08-05 19:21:17.015 32035 32047 I art     : Explicit concurrent mark sweep GC freed 51(2160B) AllocSpace objects, 0(0B) LOS objects, 7% free, 185MB/201MB, paused 2.102ms total 73.134ms
08-05 19:21:17.042 32035 32047 I art     : Starting a blocking GC Explicit
08-05 19:21:17.117 32035 32047 I art     : Explicit concurrent mark sweep GC freed 31(960B) AllocSpace objects, 0(0B) LOS objects, 7% free, 185MB/201MB, paused 2.066ms total 74.650ms
08-05 19:21:17.145 32035 32047 I art     : Starting a blocking GC Explicit
08-05 19:21:17.219 32035 32047 I art     : Explicit concurrent mark sweep GC freed 3(96B) AllocSpace objects, 0(0B) LOS objects, 7% free, 185MB/201MB, paused 2.315ms total 73.840ms
08-05 19:21:17.246 32035 32047 I art     : Starting a blocking GC Explicit
08-05 19:21:17.291  2665  2665 D AndroidRuntime: >>>>>> START com.android.internal.os.RuntimeInit uid 2000 <<<<<<
08-05 19:21:17.297  2665  2665 D AndroidRuntime: CheckJNI is OFF
08-05 19:21:17.317 32035 32047 I art     : Explicit concurrent mark sweep GC freed 3(96B) AllocSpace objects, 0(0B) LOS objects, 7% free, 185MB/201MB, paused 2.119ms total 71.552ms
08-05 19:21:17.358  2665  2665 D ICU     : No timezone override file found: /data/misc/zoneinfo/current/icu/icu_tzdata.dat
08-05 19:21:17.402  2665  2665 I Radio-JNI: register_android_hardware_Radio DONE
08-05 19:21:17.435  2665  2665 D AndroidRuntime: Calling main entry com.android.commands.input.Input
08-05 19:21:17.437  2665  2665 I Input   : injectMotionEvent: MotionEvent { action=ACTION_DOWN, actionButton=0, id[0]=0, x[0]=1341.0, y[0]=197.0, toolType[0]=TOOL_TYPE_UNKNOWN, buttonState=0, metaState=0, flags=0x0, edgeFlags=0x0, pointerCount=1, historySize=0, eventTime=818493850, downTime=818493850, deviceId=0, source=0x1002 }
08-05 19:21:17.443  2665  2665 I Input   : injectMotionEvent: MotionEvent { action=ACTION_UP, actionButton=0, id[0]=0, x[0]=1341.0, y[0]=197.0, toolType[0]=TOOL_TYPE_UNKNOWN, buttonState=0, metaState=0, flags=0x0, edgeFlags=0x0, pointerCount=1, historySize=0, eventTime=818493850, downTime=818493850, deviceId=0, source=0x1002 }
08-05 19:21:17.445  2665  2665 D AndroidRuntime: Shutting down VM
08-05 19:21:17.463   918  3670 I ActivityManager: START u0 {cmp=baseline.io.github.project_travel_mate/.notifications.NotificationsActivity} from uid 10674 on display 0
08-05 19:21:17.470   512  2967 D audio_hw_primary: out_set_parameters: enter: usecase(1: low-latency-playback) kvpairs: routing=2
08-05 19:21:17.484   512  2967 D audio_hw_primary: select_devices: out_snd_device(2: speaker) in_snd_device(0: none)
08-05 19:21:17.484   512  2967 D msm8974_platform: platform_send_audio_calibration: sending audio calibration for snd_device(2) acdb_id(15)
08-05 19:21:17.485   512  2967 I soundtrigger: audio_extn_sound_trigger_update_device_status: device 0x2 of type 0 for Event 1
08-05 19:21:17.498   512  2967 D audio_hw_primary: enable_snd_device: snd_device(2: speaker)
08-05 19:21:17.501   512  2967 D audio_hw_primary: enable_audio_route: apply and update mixer path: low-latency-playback speaker
08-05 19:21:17.512 32035 32116 D Gabe    : call	returning from cache
08-05 19:21:17.520 32035 32035 V EXECUTING: https://project-travel-mate.herokuapp.com/api/get-notifications
08-05 19:21:17.523 32035 32035 V EXECUTING: https://project-travel-mate.herokuapp.com/api/get-notifications
08-05 19:21:17.696 13866 13866 I GoogleInputMethodServic: GoogleInputMethodService.onFinishInput():3138 
08-05 19:21:17.696   918   936 I ActivityManager: Displayed baseline.io.github.project_travel_mate/.notifications.NotificationsActivity: +216ms
08-05 19:21:17.700 13866 13866 I GoogleInputMethodServic: GoogleInputMethodService.onStartInput():1808 
08-05 19:21:17.796 32035 32095 I art     : Starting a blocking GC Explicit
08-05 19:21:17.813 32035 32050 D OpenGLRenderer: endAllStagingAnimators on 0x7f7c112400 (RippleDrawable) with handle 0x7f7caaad00
08-05 19:21:17.869 32035 32095 I art     : Explicit concurrent mark sweep GC freed 4020(223KB) AllocSpace objects, 2(48KB) LOS objects, 7% free, 189MB/205MB, paused 2.229ms total 72.417ms
08-05 19:21:17.894 32035 32095 I art     : Starting a blocking GC Explicit
08-05 19:21:17.929   380   380 W SurfaceFlinger: couldn't log to binary event log: overflow.
08-05 19:21:17.976 32035 32095 I art     : Explicit concurrent mark sweep GC freed 498(18KB) AllocSpace objects, 0(0B) LOS objects, 7% free, 189MB/205MB, paused 2.198ms total 80.851ms
08-05 19:21:18.002 32035 32095 I art     : Starting a blocking GC Explicit
08-05 19:21:18.040   512  2967 D audio_hw_primary: disable_audio_route: reset and update mixer path: low-latency-playback speaker
08-05 19:21:18.042   512  2967 D audio_hw_primary: disable_snd_device: snd_device(2: speaker)
08-05 19:21:18.051   512  2967 I soundtrigger: audio_extn_sound_trigger_update_device_status: device 0x2 of type 0 for Event 0
08-05 19:21:18.084 32035 32095 I art     : Explicit concurrent mark sweep GC freed 5329(267KB) AllocSpace objects, 6(400KB) LOS objects, 7% free, 190MB/206MB, paused 2.399ms total 81.877ms
08-05 19:21:18.094 32035  2687 I NAPPA_EXPERIMENTATION: MetricNetworkRequestExecutionTime: REQUEST_DURATION_SYSTEM='570',REQUEST_DURATION_OKHTTP='40',REQUEST_SYNCHRONOUS='FALSE',RESPONSE_CODE='200',RESPONSE_METHOD='GET',RESPONSE_LENGTH_OKHTTP='2',RESPONSE_LENGTH_HEADER='2',REQUEST_PROTOCOL='http/1.1',REQUEST_URL='https://project-travel-mate.herokuapp.com/api/get-notifications',
08-05 19:21:18.111 32035 32095 I art     : Starting a blocking GC Explicit
08-05 19:21:18.126 32035  2686 I NAPPA_EXPERIMENTATION: MetricNetworkRequestExecutionTime: REQUEST_DURATION_SYSTEM='605',REQUEST_DURATION_OKHTTP='70',REQUEST_SYNCHRONOUS='FALSE',RESPONSE_CODE='200',RESPONSE_METHOD='GET',RESPONSE_LENGTH_OKHTTP='2',RESPONSE_LENGTH_HEADER='2',REQUEST_PROTOCOL='http/1.1',REQUEST_URL='https://project-travel-mate.herokuapp.com/api/get-notifications',
08-05 19:21:18.177 32035 32095 I art     : Explicit concurrent mark sweep GC freed 2169(255KB) AllocSpace objects, 0(0B) LOS objects, 7% free, 190MB/206MB, paused 1.967ms total 65.813ms
08-05 19:21:18.202 32035 32095 I art     : Starting a blocking GC Explicit
08-05 19:21:18.235 32035 32035 V Response: [] 
08-05 19:21:18.242 32035 32116 D Gabe    : call	returning from cache
08-05 19:21:18.242 32035 32035 V Response: [] 
08-05 19:21:18.248 32035 32116 D Gabe    : call	returning from cache
08-05 19:21:18.270 32035 32095 I art     : Explicit concurrent mark sweep GC freed 729(24KB) AllocSpace objects, 0(0B) LOS objects, 7% free, 190MB/206MB, paused 2.863ms total 67.806ms
08-05 19:21:18.705 32035 32046 I art     : Starting a blocking GC Explicit
08-05 19:21:18.775 32035 32046 I art     : Explicit concurrent mark sweep GC freed 5505(197KB) AllocSpace objects, 3(236KB) LOS objects, 7% free, 190MB/206MB, paused 2.054ms total 70.046ms
08-05 19:21:18.800 32035 32046 I art     : Starting a blocking GC Explicit
08-05 19:21:18.866 32035 32046 I art     : Explicit concurrent mark sweep GC freed 2106(80KB) AllocSpace objects, 0(0B) LOS objects, 7% free, 190MB/206MB, paused 1.895ms total 65.735ms
08-05 19:21:18.891 32035 32046 I art     : Starting a blocking GC Explicit
08-05 19:21:18.955 32035 32046 I art     : Explicit concurrent mark sweep GC freed 420(6KB) AllocSpace objects, 0(0B) LOS objects, 7% free, 190MB/206MB, paused 2.026ms total 63.745ms
08-05 19:21:18.980 32035 32046 I art     : Starting a blocking GC Explicit
08-05 19:21:19.047 32035 32046 I art     : Explicit concurrent mark sweep GC freed 356(5KB) AllocSpace objects, 0(0B) LOS objects, 7% free, 190MB/206MB, paused 1.933ms total 65.706ms
08-05 19:21:19.072 32035 32046 I art     : Starting a blocking GC Explicit
08-05 19:21:19.139 32035 32046 I art     : Explicit concurrent mark sweep GC freed 421(6KB) AllocSpace objects, 0(0B) LOS objects, 7% free, 190MB/206MB, paused 2.035ms total 65.958ms
08-05 19:21:19.583 32035 32096 I art     : Starting a blocking GC Explicit
08-05 19:21:19.651 32035 32096 I art     : Explicit concurrent mark sweep GC freed 3799(129KB) AllocSpace objects, 2(48KB) LOS objects, 7% free, 190MB/206MB, paused 1.963ms total 68.214ms
08-05 19:21:19.677 32035 32096 I art     : Starting a blocking GC Explicit
08-05 19:21:19.742 32035 32096 I art     : Explicit concurrent mark sweep GC freed 443(7KB) AllocSpace objects, 0(0B) LOS objects, 7% free, 190MB/206MB, paused 1.966ms total 64.056ms
08-05 19:21:19.766 32035 32096 I art     : Starting a blocking GC Explicit
08-05 19:21:19.832 32035 32096 I art     : Explicit concurrent mark sweep GC freed 353(5KB) AllocSpace objects, 0(0B) LOS objects, 7% free, 190MB/206MB, paused 2.254ms total 65.615ms
08-05 19:21:19.857 32035 32096 I art     : Starting a blocking GC Explicit
08-05 19:21:19.925 32035 32096 I art     : Explicit concurrent mark sweep GC freed 423(6KB) AllocSpace objects, 0(0B) LOS objects, 7% free, 190MB/206MB, paused 2.137ms total 67.401ms
08-05 19:21:19.950 32035 32096 I art     : Starting a blocking GC Explicit
08-05 19:21:20.022 32035 32096 I art     : Explicit concurrent mark sweep GC freed 421(6KB) AllocSpace objects, 0(0B) LOS objects, 7% free, 190MB/206MB, paused 2.049ms total 70.971ms
08-05 19:21:20.471 32035 32625 I art     : Starting a blocking GC Explicit
08-05 19:21:20.541 32035 32625 I art     : Explicit concurrent mark sweep GC freed 3793(129KB) AllocSpace objects, 2(48KB) LOS objects, 7% free, 190MB/206MB, paused 2.006ms total 69.358ms
08-05 19:21:20.566 32035 32625 I art     : Starting a blocking GC Explicit
08-05 19:21:20.631 32035 32625 I art     : Explicit concurrent mark sweep GC freed 382(6KB) AllocSpace objects, 0(0B) LOS objects, 7% free, 190MB/206MB, paused 1.963ms total 64.291ms
08-05 19:21:20.656 32035 32625 I art     : Starting a blocking GC Explicit
08-05 19:21:20.721 32035 32625 I art     : Explicit concurrent mark sweep GC freed 451(7KB) AllocSpace objects, 0(0B) LOS objects, 7% free, 190MB/206MB, paused 2.102ms total 65.447ms
08-05 19:21:20.747 32035 32625 I art     : Starting a blocking GC Explicit
08-05 19:21:20.813 32035 32625 I art     : Explicit concurrent mark sweep GC freed 362(5KB) AllocSpace objects, 0(0B) LOS objects, 7% free, 190MB/206MB, paused 1.937ms total 66.020ms
08-05 19:21:20.838 32035 32625 I art     : Starting a blocking GC Explicit
08-05 19:21:20.906 32035 32625 I art     : Explicit concurrent mark sweep GC freed 421(6KB) AllocSpace objects, 0(0B) LOS objects, 7% free, 190MB/206MB, paused 2.058ms total 67.027ms
08-05 19:21:21.348 32035 32046 I art     : Starting a blocking GC Explicit
08-05 19:21:21.417 32035 32046 I art     : Explicit concurrent mark sweep GC freed 3747(129KB) AllocSpace objects, 2(48KB) LOS objects, 7% free, 190MB/206MB, paused 2.113ms total 68.285ms
08-05 19:21:21.443 32035 32046 I art     : Starting a blocking GC Explicit
08-05 19:21:21.514 32035 32046 I art     : Explicit concurrent mark sweep GC freed 470(8KB) AllocSpace objects, 0(0B) LOS objects, 7% free, 190MB/206MB, paused 1.912ms total 70.981ms
08-05 19:21:21.540 32035 32046 I art     : Starting a blocking GC Explicit
08-05 19:21:21.606 32035 32046 I art     : Explicit concurrent mark sweep GC freed 404(6KB) AllocSpace objects, 0(0B) LOS objects, 7% free, 190MB/206MB, paused 2.093ms total 65.945ms
08-05 19:21:21.631 32035 32046 I art     : Starting a blocking GC Explicit
08-05 19:21:21.698 32035 32046 I art     : Explicit concurrent mark sweep GC freed 421(7KB) AllocSpace objects, 0(0B) LOS objects, 7% free, 190MB/206MB, paused 1.886ms total 66.094ms
08-05 19:21:21.722 32035 32046 I art     : Starting a blocking GC Explicit
08-05 19:21:21.787 32035 32046 I art     : Explicit concurrent mark sweep GC freed 405(7KB) AllocSpace objects, 0(0B) LOS objects, 7% free, 190MB/206MB, paused 1.938ms total 64.718ms
08-05 19:21:22.229 32035 32047 I art     : Starting a blocking GC Explicit
08-05 19:21:22.298 32035 32047 I art     : Explicit concurrent mark sweep GC freed 3829(130KB) AllocSpace objects, 2(48KB) LOS objects, 7% free, 190MB/206MB, paused 2.014ms total 67.553ms
08-05 19:21:22.319  2736  2736 D AndroidRuntime: >>>>>> START com.android.internal.os.RuntimeInit uid 2000 <<<<<<
08-05 19:21:22.323 32035 32047 I art     : Starting a blocking GC Explicit
08-05 19:21:22.324  2736  2736 D AndroidRuntime: CheckJNI is OFF
08-05 19:21:22.378  2736  2736 D ICU     : No timezone override file found: /data/misc/zoneinfo/current/icu/icu_tzdata.dat
08-05 19:21:22.387 32035 32047 I art     : Explicit concurrent mark sweep GC freed 543(17KB) AllocSpace objects, 0(0B) LOS objects, 7% free, 190MB/206MB, paused 1.880ms total 63.669ms
08-05 19:21:22.412 32035 32047 I art     : Starting a blocking GC Explicit
08-05 19:21:22.423  2736  2736 I Radio-JNI: register_android_hardware_Radio DONE
08-05 19:21:22.456  2736  2736 D AndroidRuntime: Calling main entry com.android.commands.input.Input
08-05 19:21:22.458  2736  2736 I Input   : injectKeyEvent: KeyEvent { action=ACTION_DOWN, keyCode=KEYCODE_BACK, scanCode=0, metaState=0, flags=0x0, repeatCount=0, eventTime=818498871, downTime=818498871, deviceId=-1, source=0x101 }
08-05 19:21:22.464  2736  2736 I Input   : injectKeyEvent: KeyEvent { action=ACTION_UP, keyCode=KEYCODE_BACK, scanCode=0, metaState=0, flags=0x0, repeatCount=0, eventTime=818498871, downTime=818498871, deviceId=-1, source=0x101 }
08-05 19:21:22.478 32035 32047 I art     : Explicit concurrent mark sweep GC freed 424(6KB) AllocSpace objects, 0(0B) LOS objects, 7% free, 190MB/206MB, paused 2.038ms total 65.427ms
08-05 19:21:22.486  2736  2736 D AndroidRuntime: Shutting down VM
08-05 19:21:22.502 32035 32047 I art     : Starting a blocking GC Explicit
08-05 19:21:22.507 32035 32035 V MainActivity: url = https://project-travel-mate.herokuapp.com/api/number-of-unread-notifications
08-05 19:21:22.569 32035 32047 I art     : Explicit concurrent mark sweep GC freed 581(18KB) AllocSpace objects, 0(0B) LOS objects, 7% free, 190MB/206MB, paused 2.483ms total 66.212ms
08-05 19:21:22.578 13866 13866 I GoogleInputMethodServic: GoogleInputMethodService.onFinishInput():3138 
08-05 19:21:22.579 13866 13866 I GoogleInputMethodServic: GoogleInputMethodService.onStartInput():1808 
08-05 19:21:22.594 32035 32047 I art     : Starting a blocking GC Explicit
08-05 19:21:22.660 32035 32047 I art     : Explicit concurrent mark sweep GC freed 296(10KB) AllocSpace objects, 0(0B) LOS objects, 7% free, 190MB/206MB, paused 1.852ms total 65.924ms
08-05 19:21:22.703 13866 13882 I PeriodicStatsRunner: PeriodicStatsRunner.call():175 call()
08-05 19:21:22.704 13866 13882 I PeriodicStatsRunner: PeriodicStatsRunner.call():179 No submit PeriodicStats since input started.
08-05 19:21:22.833   380   380 W SurfaceFlinger: couldn't log to binary event log: overflow.
08-05 19:21:23.122 32035 32625 I art     : Starting a blocking GC Explicit
08-05 19:21:23.234 32035 32625 I art     : Explicit concurrent mark sweep GC freed 1792(100KB) AllocSpace objects, 3(4MB) LOS objects, 7% free, 185MB/201MB, paused 2.752ms total 111.207ms
08-05 19:21:23.268 32035 32625 I art     : Starting a blocking GC Explicit
08-05 19:21:23.322 32035  2759 I NAPPA_EXPERIMENTATION: MetricNetworkRequestExecutionTime: REQUEST_DURATION_SYSTEM='812',REQUEST_DURATION_OKHTTP='40',REQUEST_SYNCHRONOUS='FALSE',RESPONSE_CODE='200',RESPONSE_METHOD='GET',RESPONSE_LENGTH_OKHTTP='36',RESPONSE_LENGTH_HEADER='36',REQUEST_PROTOCOL='http/1.1',REQUEST_URL='https://project-travel-mate.herokuapp.com/api/number-of-unread-notifications',
08-05 19:21:23.343 32035 32625 I art     : Explicit concurrent mark sweep GC freed 6336(318KB) AllocSpace objects, 5(256KB) LOS objects, 7% free, 185MB/201MB, paused 2.405ms total 74.604ms
08-05 19:21:23.373 32035 32625 I art     : Starting a blocking GC Explicit
08-05 19:21:23.455 32035 32625 I art     : Explicit concurrent mark sweep GC freed 1157(124KB) AllocSpace objects, 0(0B) LOS objects, 7% free, 185MB/201MB, paused 2.331ms total 81.591ms
08-05 19:21:23.485 32035 32625 I art     : Starting a blocking GC Explicit
08-05 19:21:23.570 32035 32625 I art     : Explicit concurrent mark sweep GC freed 7(256B) AllocSpace objects, 0(0B) LOS objects, 7% free, 185MB/201MB, paused 2.944ms total 85.075ms
08-05 19:21:23.604 32035 32625 I art     : Starting a blocking GC Explicit
08-05 19:21:23.687 32035 32625 I art     : Explicit concurrent mark sweep GC freed 40(1088B) AllocSpace objects, 0(0B) LOS objects, 7% free, 185MB/201MB, paused 2.288ms total 82.309ms
08-05 19:21:24.180 32035 32047 I art     : Starting a blocking GC Explicit
08-05 19:21:24.268 32035 32047 I art     : Explicit concurrent mark sweep GC freed 1645(95KB) AllocSpace objects, 2(48KB) LOS objects, 7% free, 185MB/201MB, paused 2.761ms total 87.572ms
08-05 19:21:24.298 32035 32047 I art     : Starting a blocking GC Explicit
08-05 19:21:24.377 32035 32047 I art     : Explicit concurrent mark sweep GC freed 48(2096B) AllocSpace objects, 0(0B) LOS objects, 7% free, 185MB/201MB, paused 2.306ms total 78.084ms
08-05 19:21:24.406 32035 32047 I art     : Starting a blocking GC Explicit
08-05 19:21:24.419  2771  2771 D AndroidRuntime: >>>>>> START com.android.internal.os.RuntimeInit uid 2000 <<<<<<
08-05 19:21:24.426  2771  2771 D AndroidRuntime: CheckJNI is OFF
08-05 19:21:24.480  2771  2771 D ICU     : No timezone override file found: /data/misc/zoneinfo/current/icu/icu_tzdata.dat
08-05 19:21:24.483 32035 32047 I art     : Explicit concurrent mark sweep GC freed 3(96B) AllocSpace objects, 0(0B) LOS objects, 7% free, 185MB/201MB, paused 2.293ms total 77.006ms
08-05 19:21:24.512 32035 32047 I art     : Starting a blocking GC Explicit
08-05 19:21:24.528  2771  2771 I Radio-JNI: register_android_hardware_Radio DONE
08-05 19:21:24.563  2771  2771 D AndroidRuntime: Calling main entry com.android.commands.input.Input
08-05 19:21:24.565  2771  2771 I Input   : injectMotionEvent: MotionEvent { action=ACTION_DOWN, actionButton=0, id[0]=0, x[0]=117.0, y[0]=170.0, toolType[0]=TOOL_TYPE_UNKNOWN, buttonState=0, metaState=0, flags=0x0, edgeFlags=0x0, pointerCount=1, historySize=0, eventTime=818500977, downTime=818500977, deviceId=0, source=0x1002 }
08-05 19:21:24.571  2771  2771 I Input   : injectMotionEvent: MotionEvent { action=ACTION_UP, actionButton=0, id[0]=0, x[0]=117.0, y[0]=170.0, toolType[0]=TOOL_TYPE_UNKNOWN, buttonState=0, metaState=0, flags=0x0, edgeFlags=0x0, pointerCount=1, historySize=0, eventTime=818500977, downTime=818500977, deviceId=0, source=0x1002 }
08-05 19:21:24.574  2771  2771 D AndroidRuntime: Shutting down VM
08-05 19:21:24.590   512  2967 D audio_hw_primary: out_set_parameters: enter: usecase(1: low-latency-playback) kvpairs: routing=2
08-05 19:21:24.591 32035 32047 I art     : Explicit concurrent mark sweep GC freed 26(832B) AllocSpace objects, 0(0B) LOS objects, 7% free, 185MB/201MB, paused 2.412ms total 78.320ms
08-05 19:21:24.603   512  2967 D audio_hw_primary: select_devices: out_snd_device(2: speaker) in_snd_device(0: none)
08-05 19:21:24.603   512  2967 D msm8974_platform: platform_send_audio_calibration: sending audio calibration for snd_device(2) acdb_id(15)
08-05 19:21:24.603   512  2967 I soundtrigger: audio_extn_sound_trigger_update_device_status: device 0x2 of type 0 for Event 1
08-05 19:21:24.615   512  2967 D audio_hw_primary: enable_snd_device: snd_device(2: speaker)
08-05 19:21:24.619   512  2967 D audio_hw_primary: enable_audio_route: apply and update mixer path: low-latency-playback speaker
08-05 19:21:24.623 32035 32047 I art     : Starting a blocking GC Explicit
08-05 19:21:24.704 32035 32047 I art     : Explicit concurrent mark sweep GC freed 428(21KB) AllocSpace objects, 0(0B) LOS objects, 7% free, 185MB/201MB, paused 2.560ms total 80.213ms
08-05 19:21:25.159   512  2967 D audio_hw_primary: disable_audio_route: reset and update mixer path: low-latency-playback speaker
08-05 19:21:25.160   512  2967 D audio_hw_primary: disable_snd_device: snd_device(2: speaker)
08-05 19:21:25.168   512  2967 I soundtrigger: audio_extn_sound_trigger_update_device_status: device 0x2 of type 0 for Event 0
08-05 19:21:25.191 32035 32046 I art     : Starting a blocking GC Explicit
08-05 19:21:25.263 32035 32046 I art     : Explicit concurrent mark sweep GC freed 1663(96KB) AllocSpace objects, 2(48KB) LOS objects, 7% free, 185MB/201MB, paused 2.169ms total 71.663ms
08-05 19:21:25.290 32035 32046 I art     : Starting a blocking GC Explicit
08-05 19:21:25.363 32035 32046 I art     : Explicit concurrent mark sweep GC freed 48(1680B) AllocSpace objects, 0(0B) LOS objects, 7% free, 185MB/201MB, paused 2.213ms total 72.757ms
08-05 19:21:25.390 32035 32046 I art     : Starting a blocking GC Explicit
08-05 19:21:25.465 32035 32046 I art     : Explicit concurrent mark sweep GC freed 5(160B) AllocSpace objects, 0(0B) LOS objects, 7% free, 185MB/201MB, paused 2.215ms total 74.492ms
08-05 19:21:25.492 32035 32046 I art     : Starting a blocking GC Explicit
08-05 19:21:25.498  2794  2794 D AndroidRuntime: >>>>>> START com.android.internal.os.RuntimeInit uid 2000 <<<<<<
08-05 19:21:25.504  2794  2794 D AndroidRuntime: CheckJNI is OFF
08-05 19:21:25.553  2794  2794 D ICU     : No timezone override file found: /data/misc/zoneinfo/current/icu/icu_tzdata.dat
08-05 19:21:25.565 32035 32046 I art     : Explicit concurrent mark sweep GC freed 3(96B) AllocSpace objects, 0(0B) LOS objects, 7% free, 185MB/201MB, paused 2.124ms total 72.524ms
08-05 19:21:25.593 32035 32046 I art     : Starting a blocking GC Explicit
08-05 19:21:25.599  2794  2794 I Radio-JNI: register_android_hardware_Radio DONE
08-05 19:21:25.630  2794  2794 D AndroidRuntime: Calling main entry com.android.commands.input.Input
08-05 19:21:25.632  2794  2794 I Input   : injectMotionEvent: MotionEvent { action=ACTION_DOWN, actionButton=0, id[0]=0, x[0]=418.0, y[0]=842.0, toolType[0]=TOOL_TYPE_UNKNOWN, buttonState=0, metaState=0, flags=0x0, edgeFlags=0x0, pointerCount=1, historySize=0, eventTime=818502045, downTime=818502045, deviceId=0, source=0x1002 }
08-05 19:21:25.637  2794  2794 I Input   : injectMotionEvent: MotionEvent { action=ACTION_UP, actionButton=0, id[0]=0, x[0]=418.0, y[0]=842.0, toolType[0]=TOOL_TYPE_UNKNOWN, buttonState=0, metaState=0, flags=0x0, edgeFlags=0x0, pointerCount=1, historySize=0, eventTime=818502045, downTime=818502045, deviceId=0, source=0x1002 }
08-05 19:21:25.639  2794  2794 D AndroidRuntime: Shutting down VM
08-05 19:21:25.657   512  2967 D audio_hw_primary: out_set_parameters: enter: usecase(1: low-latency-playback) kvpairs: routing=2
08-05 19:21:25.660 32035 32116 D Gabe    : call	returning from cache
08-05 19:21:25.670 32035 32046 I art     : Explicit concurrent mark sweep GC freed 454(19KB) AllocSpace objects, 0(0B) LOS objects, 7% free, 185MB/201MB, paused 2.956ms total 76.665ms
08-05 19:21:25.671   512  2967 D audio_hw_primary: select_devices: out_snd_device(2: speaker) in_snd_device(0: none)
08-05 19:21:25.671   512  2967 D msm8974_platform: platform_send_audio_calibration: sending audio calibration for snd_device(2) acdb_id(15)
08-05 19:21:25.671   512  2967 I soundtrigger: audio_extn_sound_trigger_update_device_status: device 0x2 of type 0 for Event 1
08-05 19:21:25.682   512  2967 D audio_hw_primary: enable_snd_device: snd_device(2: speaker)
08-05 19:21:25.685   512  2967 D audio_hw_primary: enable_audio_route: apply and update mixer path: low-latency-playback speaker
08-05 19:21:25.705 32035 32035 V MainActivity: url = https://project-travel-mate.herokuapp.com/api/number-of-unread-notifications
08-05 19:21:25.733   512  2967 D AudioFlinger: mixer(0xf4740000) throttle end: throttle time(12)
08-05 19:21:26.133 32035 32047 I art     : Starting a blocking GC Explicit
08-05 19:21:26.218 32035 32047 I art     : Explicit concurrent mark sweep GC freed 4644(309KB) AllocSpace objects, 2(48KB) LOS objects, 7% free, 186MB/202MB, paused 3.095ms total 84.674ms
08-05 19:21:26.230   512  2967 D audio_hw_primary: disable_audio_route: reset and update mixer path: low-latency-playback speaker
08-05 19:21:26.232   512  2967 D audio_hw_primary: disable_snd_device: snd_device(2: speaker)
08-05 19:21:26.241   512  2967 I soundtrigger: audio_extn_sound_trigger_update_device_status: device 0x2 of type 0 for Event 0
08-05 19:21:26.247 32035 32047 I art     : Starting a blocking GC Explicit
08-05 19:21:26.287 32035  2817 I NAPPA_EXPERIMENTATION: MetricNetworkRequestExecutionTime: REQUEST_DURATION_SYSTEM='581',REQUEST_DURATION_OKHTTP='46',REQUEST_SYNCHRONOUS='FALSE',RESPONSE_CODE='200',RESPONSE_METHOD='GET',RESPONSE_LENGTH_OKHTTP='36',RESPONSE_LENGTH_HEADER='36',REQUEST_PROTOCOL='http/1.1',REQUEST_URL='https://project-travel-mate.herokuapp.com/api/number-of-unread-notifications',
08-05 19:21:26.331 32035 32047 I art     : Explicit concurrent mark sweep GC freed 3259(177KB) AllocSpace objects, 3(200KB) LOS objects, 7% free, 186MB/202MB, paused 3.246ms total 84.017ms
08-05 19:21:26.358 32035 32047 I art     : Starting a blocking GC Explicit
08-05 19:21:26.397 32035 32035 I Choreographer: Skipped 40 frames!  The application may be doing too much work on its main thread.
08-05 19:21:26.442 32035 32047 I art     : Explicit concurrent mark sweep GC freed 2282(130KB) AllocSpace objects, 9(252KB) LOS objects, 7% free, 186MB/202MB, paused 2.767ms total 83.205ms
08-05 19:21:26.469 32035 32047 I art     : Starting a blocking GC Explicit
08-05 19:21:26.551 32035 32047 I art     : Explicit concurrent mark sweep GC freed 1028(67KB) AllocSpace objects, 0(0B) LOS objects, 7% free, 186MB/202MB, paused 3.156ms total 81.266ms
08-05 19:21:26.581 32035 32047 I art     : Starting a blocking GC Explicit
08-05 19:21:26.665 32035 32047 I art     : Explicit concurrent mark sweep GC freed 1251(47KB) AllocSpace objects, 0(0B) LOS objects, 7% free, 186MB/202MB, paused 2.480ms total 84.001ms
08-05 19:21:27.128 32035 32625 I art     : Starting a blocking GC Explicit
08-05 19:21:27.214 32035 32625 I art     : Explicit concurrent mark sweep GC freed 2527(113KB) AllocSpace objects, 2(64KB) LOS objects, 7% free, 186MB/202MB, paused 2.304ms total 85.593ms
08-05 19:21:27.243 32035 32625 I art     : Starting a blocking GC Explicit
08-05 19:21:27.329 32035 32625 I art     : Explicit concurrent mark sweep GC freed 230(5KB) AllocSpace objects, 0(0B) LOS objects, 7% free, 186MB/202MB, paused 2.706ms total 85.310ms
08-05 19:21:27.360 32035 32625 I art     : Starting a blocking GC Explicit
08-05 19:21:27.451 32035 32625 I art     : Explicit concurrent mark sweep GC freed 186(3KB) AllocSpace objects, 0(0B) LOS objects, 7% free, 186MB/202MB, paused 2.828ms total 90.286ms
08-05 19:21:27.482 32035 32625 I art     : Starting a blocking GC Explicit
08-05 19:21:27.567 32035 32625 I art     : Explicit concurrent mark sweep GC freed 183(3KB) AllocSpace objects, 0(0B) LOS objects, 7% free, 186MB/202MB, paused 2.507ms total 84.871ms
08-05 19:21:27.579 13866 13882 I PeriodicStatsRunner: PeriodicStatsRunner.call():175 call()
08-05 19:21:27.579 13866 13882 I PeriodicStatsRunner: PeriodicStatsRunner.call():179 No submit PeriodicStats since input started.
08-05 19:21:27.596 32035 32625 I art     : Starting a blocking GC Explicit
08-05 19:21:27.678 32035 32625 I art     : Explicit concurrent mark sweep GC freed 210(3KB) AllocSpace objects, 0(0B) LOS objects, 7% free, 186MB/202MB, paused 2.457ms total 81.961ms
08-05 19:21:28.153 32035 32047 I art     : Starting a blocking GC Explicit
08-05 19:21:28.236 32035 32047 I art     : Explicit concurrent mark sweep GC freed 2442(108KB) AllocSpace objects, 2(64KB) LOS objects, 7% free, 186MB/202MB, paused 2.202ms total 82.381ms
08-05 19:21:28.264 32035 32047 I art     : Starting a blocking GC Explicit
08-05 19:21:28.345 32035 32047 I art     : Explicit concurrent mark sweep GC freed 226(4KB) AllocSpace objects, 0(0B) LOS objects, 7% free, 186MB/202MB, paused 2.243ms total 80.203ms
08-05 19:21:28.374 32035 32047 I art     : Starting a blocking GC Explicit
08-05 19:21:28.454 32035 32047 I art     : Explicit concurrent mark sweep GC freed 147(2496B) AllocSpace objects, 0(0B) LOS objects, 7% free, 186MB/202MB, paused 2.191ms total 80.570ms
08-05 19:21:28.483 32035 32047 I art     : Starting a blocking GC Explicit
08-05 19:21:28.563 32035 32047 I art     : Explicit concurrent mark sweep GC freed 170(2864B) AllocSpace objects, 0(0B) LOS objects, 7% free, 186MB/202MB, paused 2.279ms total 80.186ms
08-05 19:21:28.581  2854  2854 D AndroidRuntime: >>>>>> START com.android.internal.os.RuntimeInit uid 2000 <<<<<<
08-05 19:21:28.587  2854  2854 D AndroidRuntime: CheckJNI is OFF
08-05 19:21:28.593 32035 32047 I art     : Starting a blocking GC Explicit
08-05 19:21:28.638  2854  2854 D ICU     : No timezone override file found: /data/misc/zoneinfo/current/icu/icu_tzdata.dat
08-05 19:21:28.672 32035 32047 I art     : Explicit concurrent mark sweep GC freed 185(3KB) AllocSpace objects, 0(0B) LOS objects, 7% free, 186MB/202MB, paused 2.212ms total 78.570ms
08-05 19:21:28.699  2854  2854 I Radio-JNI: register_android_hardware_Radio DONE
08-05 19:21:28.731  2854  2854 D AndroidRuntime: Calling main entry com.android.commands.am.Am
08-05 19:21:28.739  5615  5615 I Trepn   : Trepn 6.2s: Received intent: com.quicinc.trepn.stop_profiling
08-05 19:21:28.767  5615  5615 I Trepn   : Trepn 6.2s: Trepn has Stopped Profiling.
08-05 19:21:28.866  2854  2854 D AndroidRuntime: Shutting down VM
08-05 19:21:28.868   918  6112 W AppOps  : Finishing op nesting under-run: uid 10078 pkg com.quicinc.trepn code 24 time=0 duration=0 nesting=0
08-05 19:21:29.133 32035 32095 I art     : Starting a blocking GC Explicit
08-05 19:21:29.215 32035 32095 I art     : Explicit concurrent mark sweep GC freed 2415(107KB) AllocSpace objects, 2(64KB) LOS objects, 7% free, 186MB/202MB, paused 2.182ms total 80.957ms
08-05 19:21:29.243 32035 32095 I art     : Starting a blocking GC Explicit
08-05 19:21:29.323 32035 32095 I art     : Explicit concurrent mark sweep GC freed 175(3KB) AllocSpace objects, 0(0B) LOS objects, 7% free, 186MB/202MB, paused 2.211ms total 79.432ms
08-05 19:21:29.323 32035 32045 I art     : WaitForGcToComplete blocked for 54.756ms for cause HeapTrim
08-05 19:21:29.351 32035 32095 I art     : Starting a blocking GC Explicit
08-05 19:21:29.432 32035 32095 I art     : Explicit concurrent mark sweep GC freed 171(2896B) AllocSpace objects, 0(0B) LOS objects, 7% free, 186MB/202MB, paused 2.262ms total 80.640ms
08-05 19:21:29.461 32035 32095 I art     : Starting a blocking GC Explicit
08-05 19:21:29.541 32035 32095 I art     : Explicit concurrent mark sweep GC freed 148(2528B) AllocSpace objects, 0(0B) LOS objects, 7% free, 186MB/202MB, paused 2.285ms total 79.751ms
08-05 19:21:29.569 32035 32095 I art     : Starting a blocking GC Explicit
08-05 19:21:29.650 32035 32095 I art     : Explicit concurrent mark sweep GC freed 207(3KB) AllocSpace objects, 0(0B) LOS objects, 7% free, 186MB/202MB, paused 2.362ms total 80.082ms
08-05 19:21:30.164   918  3261 D WifiStateMachine: starting scan for "H369AA63323"WPA_PSK with 2412,5180
