--------- beginning of main
08-05 21:59:51.186  3784  3784 D CarrierServiceBindHelper: Receive action: android.intent.action.PACKAGE_REMOVED
08-05 21:59:51.220 15866 15866 I Finsky  : [1] uah.a(18): PackageMonitorReceiverImpl - Received: android.intent.action.PACKAGE_REMOVED, [KCD796Owg1ir7WyXO3-dEHJUWgFmKMTTywSsICXUmCc]
08-05 21:59:51.221 15866 15866 I Finsky  : [1] ubi.d(9): Invalidating cached PackageState for nappagreedy.de.danoeh.antennapod.debug
08-05 21:59:51.224 15866 15866 I Finsky  : [1] ubi.j(3): Package no longer installed: nappagreedy.de.danoeh.antennapod.debug
08-05 21:59:51.224 24365 22095 I Fitness : FitCleanupIntentOperation received Intent android.intent.action.PACKAGE_REMOVED [CONTEXT service_id=17 ]
08-05 21:59:51.230 15866 15866 I Finsky  : [1] nqb.c(3): Installer: package nappagreedy.de.danoeh.antennapod.debug was removed. replacing: false
08-05 21:59:51.231 15866 15866 I Finsky  : [1] nra.a(188): Installer: Notifying status update. package=nappagreedy.de.danoeh.antennapod.debug, status=UNINSTALLED
08-05 21:59:51.241 15866 15866 I Finsky  : [1] agsx.a(4): Do not start WearSupportService due to Wear service optimization
08-05 21:59:51.255 15866 15866 I Finsky  : [1] agsx.a(4): Do not start WearSupportService due to Wear service optimization
08-05 21:59:51.256 15866 15866 I Finsky  : [1] zko.a(1): Clearing split related stale data.
08-05 21:59:51.284 15866 15866 I Finsky  : [1] ubi.j(3): Package no longer installed: nappagreedy.de.danoeh.antennapod.debug
08-05 21:59:51.290 15866 22099 I Finsky  : [6429] eji.a(-1): Asset module storage cleared for package nappagreedy.de.danoeh.antennapod.debug.
--------- beginning of system
08-05 21:59:51.299   918   918 W BroadcastQueue: Unable to launch app com.android.documentsui/10042 for broadcast Intent { act=android.intent.action.PACKAGE_FULLY_REMOVED dat=package:nappagreedy.de.danoeh.antennapod.debug flg=0x4000010 (has extras) }: process is bad
08-05 21:59:51.307 15866 15866 I Finsky  : [1] nra.a(220): Installer: found apps to install. isMultiUserMode=false, apps=[]
08-05 21:59:51.321   918  3670 I AccountManagerService: getTypesVisibleToCaller: isPermitted? true
08-05 21:59:51.325 15866 15866 I Finsky  : [1] uah.a(18): PackageMonitorReceiverImpl - Received: android.intent.action.PACKAGE_FULLY_REMOVED, [KCD796Owg1ir7WyXO3-dEHJUWgFmKMTTywSsICXUmCc]
08-05 21:59:51.326 15866 15866 I Finsky  : [1] ubi.d(9): Invalidating cached PackageState for nappagreedy.de.danoeh.antennapod.debug
08-05 21:59:51.338 15866 15866 I Finsky  : [1] ubi.j(3): Package no longer installed: nappagreedy.de.danoeh.antennapod.debug
08-05 21:59:51.363 15866 15866 I Finsky  : [1] uah.a(21): PackageMonitorReceiverImpl - Deduping intent android.intent.action.PACKAGE_FULLY_REMOVED
08-05 21:59:51.432 24577 11777 I ContentMaintenance: Internal cache bytes used: 0; limit: 100000000; download size: 0
08-05 21:59:51.474 15866 22097 I Finsky  : [6427] lyx.run(-1): Frosting DB delete succeeded: true
08-05 21:59:51.475 15866 22097 I Finsky  : [6427] lyx.run(-1): Frosting DB delete succeeded: false
08-05 21:59:51.477 15866 16054 I Finsky  : [6134] odj.b(52): IQ: Notifying installation update. package=nappagreedy.de.danoeh.antennapod.debug, status=UNINSTALLED
08-05 21:59:51.505 24577 31546 I Icing   : doRemovePackageData nappagreedy.de.danoeh.antennapod.debug
08-05 21:59:51.508 15748 15748 I ServiceManager: Waiting for service AtCmdFwd...
08-05 21:59:51.526 15866 22097 I Finsky  : [6427] lyx.run(-1): Frosting DB delete succeeded: false
08-05 21:59:51.536 24577 11777 I RealtimeCacheCleanup: Beginning Realtime garbage collection.
08-05 21:59:51.537 24577 11777 I RealtimeCacheCleanup: Finished Realtime garbage collection.
08-05 21:59:51.558 15866 16054 I Finsky  : [6134] odj.b(40): IQ: No matching installs to run for jobs: []
08-05 21:59:51.581 24577 13294 I Icing   : IndexChimeraService.getServiceInterface callingPackage=com.google.android.gms componentName=AppsCorpus serviceId=36
08-05 21:59:51.603 24577 31546 W Icing   : No valid account for uploading user actions
08-05 21:59:51.629 24577 13294 I Icing   : IndexChimeraService.getServiceInterface callingPackage=com.google.android.gms componentName=null serviceId=30
08-05 21:59:51.634 24577 31546 I Icing   : Usage reports ok 0, Failed Usage reports 0, indexed 0, rejected 0
08-05 21:59:51.637 15866 15866 I Finsky  : [1] xmu.a(8): SCH: Jobs in database: 1-1337 3-219 3-220 12-1 26-1414141414 
08-05 21:59:51.638 24577 13294 I Icing   : IndexChimeraService.getServiceInterface callingPackage=com.google.android.gms componentName=null serviceId=36
08-05 21:59:51.639 24577 31546 W Icing   : No valid account for uploading user actions
08-05 21:59:51.639 15866 15866 I Finsky  : [1] xio.a(57): SCH: ConstraintMapping: 1-1337, 12-1,  -> L: 14650ms, D: 43561277ms, C: false, I: false, N: 1
08-05 21:59:51.640 15866 15866 I Finsky  : [1] xio.a(57): SCH: ConstraintMapping: 3-219,  -> L: 0ms, D: 75571884ms, C: false, I: true, N: 2
08-05 21:59:51.641 15866 15866 I Finsky  : [1] xio.a(57): SCH: ConstraintMapping: 3-220,  -> L: 0ms, D: 75571926ms, C: true, I: true, N: 2
08-05 21:59:51.642 15866 15866 I Finsky  : [1] xio.a(57): SCH: ConstraintMapping: 26-1414141414,  -> L: 5008740ms, D: 5908740ms, C: false, I: false, N: 0
08-05 21:59:51.644 15866 22098 I Finsky  : [6428] gzn.a(-1): [ContentSync] finished, scheduled=true
08-05 21:59:51.650 24577 31546 I Icing   : Usage reports ok 0, Failed Usage reports 0, indexed 0, rejected 0
08-05 21:59:51.658 15866 15866 I Finsky  : [1] xle.a(34): Cancelling existing jobscheduler jobs: 9010 9007 9009 9006 9011 9002 9001 9000 
08-05 21:59:51.658 15866 15866 I Finsky  : [1] xle.a(27): Scheduling job Id: 9003, L: 14650, D: 43561277, C: false, I: false, N: 1
08-05 21:59:51.660 15866 15866 I Finsky  : [1] xle.a(27): Scheduling job Id: 9004, L: 0, D: 75571884, C: false, I: true, N: 2
08-05 21:59:51.661 15866 15866 I Finsky  : [1] xle.a(27): Scheduling job Id: 9005, L: 0, D: 75571926, C: true, I: true, N: 2
08-05 21:59:51.663 15866 15866 I Finsky  : [1] xle.a(27): Scheduling job Id: 9008, L: 5008740, D: 5908740, C: false, I: false, N: 0
08-05 21:59:51.664 15866 15866 I Finsky  : [1] xle.a(27): Scheduling job Id: 9012, L: 14650, D: 43561277, C: false, I: false, N: 1
08-05 21:59:51.666 15866 15866 I Finsky  : [1] xle.a(27): Scheduling job Id: 9013, L: 0, D: 75571884, C: false, I: true, N: 2
08-05 21:59:51.668 15866 15866 I Finsky  : [1] xle.a(27): Scheduling job Id: 9014, L: 0, D: 75571926, C: true, I: true, N: 2
08-05 21:59:51.669 15866 15866 I Finsky  : [1] xle.a(27): Scheduling job Id: 9015, L: 5008740, D: 5908740, C: false, I: false, N: 0
08-05 21:59:51.674 24577 31546 W Icing   : No valid account for uploading user actions
08-05 21:59:51.686 24577 31546 I Icing   : Usage reports ok 0, Failed Usage reports 0, indexed 0, rejected 0
08-05 21:59:51.788   918  3261 D WifiStateMachine: starting scan for "H369AA63323"WPA_PSK with 2412,5180
08-05 21:59:51.804 22126 22126 D AndroidRuntime: >>>>>> START com.android.internal.os.RuntimeInit uid 2000 <<<<<<
08-05 21:59:51.812 22126 22126 D AndroidRuntime: CheckJNI is OFF
08-05 21:59:51.838 22126 22126 D ICU     : No timezone override file found: /data/misc/zoneinfo/current/icu/icu_tzdata.dat
08-05 21:59:51.867 22126 22126 I Radio-JNI: register_android_hardware_Radio DONE
08-05 21:59:51.883 22126 22126 D AndroidRuntime: Calling main entry com.android.commands.monkey.Monkey
08-05 21:59:51.900   918   931 W BroadcastQueue: Skipping deliver [background] BroadcastRecord{4dc09c2 u-1 android.net.conn.CONNECTIVITY_CHANGE} to ReceiverList{ab573d3 22126 (unknown name)/2000/u-1 remote:23bc8a4}: process crashing
08-05 21:59:51.910   918  5132 I ActivityManager: START u0 {act=android.intent.action.MAIN cat=[android.intent.category.LAUNCHER] flg=0x10200000 cmp=baseline.io.github.project_travel_mate/.SplashActivity} from uid 2000 on display 0
08-05 21:59:51.936   918  3714 I ActivityManager: Start proc 22138:baseline.io.github.project_travel_mate/u0a674 for activity baseline.io.github.project_travel_mate/.SplashActivity
08-05 21:59:51.937 22138 22138 I art     : Late-enabling -Xcheck:jni
08-05 21:59:51.961 22126 22126 I art     : System.exit called, status: 0
08-05 21:59:51.961 22126 22126 I AndroidRuntime: VM exiting with result code 0.
08-05 21:59:52.005 22138 22138 W System  : ClassLoader referenced unknown path: /data/app/baseline.io.github.project_travel_mate-1/lib/arm64
08-05 21:59:52.017 16458 19558 I PBSessionCacheImpl: Deleted sessionId[72384646105454640] from persistence.
08-05 21:59:52.025 16458 16488 W SearchServiceCore: Abort, client detached.
08-05 21:59:52.026 16458 16488 I MicroDetectionState: Should stop hotword detection immediately - true
08-05 21:59:52.039 22138 22138 W art     : Before Android 4.1, method android.graphics.PorterDuffColorFilter androidx.vectordrawable.graphics.drawable.VectorDrawableCompat.updateTintFilter(android.graphics.PorterDuffColorFilter, android.content.res.ColorStateList, android.graphics.PorterDuff$Mode) would have incorrectly overridden the package-private method in android.graphics.drawable.Drawable
08-05 21:59:52.060 22138 22138 I art     : Rejecting re-init on previously-failed class java.lang.Class<androidx.core.view.ViewCompat$OnUnhandledKeyEventListenerWrapper>
08-05 21:59:52.060 22138 22138 I art     : Rejecting re-init on previously-failed class java.lang.Class<androidx.core.view.ViewCompat$OnUnhandledKeyEventListenerWrapper>
08-05 21:59:52.096 22138 22153 D OpenGLRenderer: Use EGL_SWAP_BEHAVIOR_PRESERVED: true
08-05 21:59:52.159 22138 22153 I Adreno  : QUALCOMM build                   : fcf4852, I1af360237c
08-05 21:59:52.159 22138 22153 I Adreno  : Build Date                       : 09/23/15
08-05 21:59:52.159 22138 22153 I Adreno  : OpenGL ES Shader Compiler Version: XE031.05.13.02
08-05 21:59:52.159 22138 22153 I Adreno  : Local Branch                     : mybranch14465806
08-05 21:59:52.159 22138 22153 I Adreno  : Remote Branch                    : quic/LA.BF64.1.2.9_v2
08-05 21:59:52.159 22138 22153 I Adreno  : Remote Branch                    : NONE
08-05 21:59:52.159 22138 22153 I Adreno  : Reconstruct Branch               : NOTHING
08-05 21:59:52.171 22138 22153 I OpenGLRenderer: Initialized EGL, version 1.4
08-05 21:59:52.319   918   936 I ActivityManager: Displayed baseline.io.github.project_travel_mate/.SplashActivity: +404ms
08-05 21:59:52.330 13866 13866 I GoogleInputMethodServic: GoogleInputMethodService.onFinishInput():3138 
08-05 21:59:52.331 13866 13866 I GoogleInputMethodServic: GoogleInputMethodService.onStartInput():1808 
08-05 21:59:52.508 15748 15748 I ServiceManager: Waiting for service AtCmdFwd...
08-05 21:59:52.639 24577 31546 I Icing   : Indexing com.google.android.gms-apps from com.google.android.gms
08-05 21:59:52.672 24577 31546 I Icing   : Indexing done com.google.android.gms-apps
08-05 21:59:53.488 22170 22170 D AndroidRuntime: >>>>>> START com.android.internal.os.RuntimeInit uid 2000 <<<<<<
08-05 21:59:53.492 22170 22170 D AndroidRuntime: CheckJNI is OFF
08-05 21:59:53.510 15748 15748 W Atfwd_Sendcmd: AtCmdFwd service not published, waiting... retryCnt : 4
08-05 21:59:53.517 22170 22170 D ICU     : No timezone override file found: /data/misc/zoneinfo/current/icu/icu_tzdata.dat
08-05 21:59:53.541 22170 22170 I Radio-JNI: register_android_hardware_Radio DONE
08-05 21:59:53.556 22170 22170 D AndroidRuntime: Calling main entry com.android.commands.am.Am
08-05 21:59:53.561 19822 19822 I Trepn   : Trepn 6.2s: Received intent: com.quicinc.trepn.start_profiling
08-05 21:59:53.639 19822 19822 W FileUtils: Failed to chmod(/storage/emulated/0/trepn/Trepn_2020.08.05_215953.db): android.system.ErrnoException: chmod failed: EPERM (Operation not permitted)
08-05 21:59:53.732 19822 19822 I Trepn   : Trepn 6.2s: Trepn has Started Profiling.
08-05 21:59:53.732 22170 22170 D AndroidRuntime: Shutting down VM
08-05 21:59:54.182   918  6112 I ActivityManager: START u0 {cmp=baseline.io.github.project_travel_mate/.MainActivity} from uid 10674 on display 0
08-05 21:59:54.259 22138 22138 W Settings: Setting airplane_mode_on has moved from android.provider.Settings.System to android.provider.Settings.Global, returning read-only value.
08-05 21:59:54.270 22138 22138 V MainActivity: url=https://project-travel-mate.herokuapp.com/api/get-user
08-05 21:59:54.272 22138 22150 I art     : Starting a blocking GC Explicit
08-05 21:59:54.297 22138 22150 I art     : Explicit concurrent mark sweep GC freed 35916(2037KB) AllocSpace objects, 1(20KB) LOS objects, 40% free, 22MB/37MB, paused 4.489ms total 25.428ms
08-05 21:59:54.309 22138 22150 I art     : Starting a blocking GC Explicit
08-05 21:59:54.315 22138 22203 W LOTTIE  : Unknown mask mode mode. Defaulting to Add.
08-05 21:59:54.324 22138 22150 I art     : Explicit concurrent mark sweep GC freed 5880(357KB) AllocSpace objects, 0(0B) LOS objects, 40% free, 22MB/38MB, paused 839us total 15.224ms
08-05 21:59:54.325 22138 22203 W LOTTIE  : You have 5 images. Lottie should primarily be used with shapes. If you are using Adobe Illustrator, convert the Illustrator layers to shape layers.
08-05 21:59:54.326 22138 22203 W LOTTIE  : Unknown mask mode mode. Defaulting to Add.
08-05 21:59:54.327 22138 22203 W LOTTIE  : Unknown mask mode mode. Defaulting to Add.
08-05 21:59:54.332 22138 22150 I art     : Starting a blocking GC Explicit
08-05 21:59:54.345 22138 22150 I art     : Explicit concurrent mark sweep GC freed 5978(255KB) AllocSpace objects, 0(0B) LOS objects, 40% free, 23MB/38MB, paused 259us total 12.866ms
08-05 21:59:54.353 22138 22150 I art     : Starting a blocking GC Explicit
08-05 21:59:54.381 22138 22150 I art     : Explicit concurrent mark sweep GC freed 632(47KB) AllocSpace objects, 0(0B) LOS objects, 40% free, 22MB/38MB, paused 730us total 27.554ms
08-05 21:59:54.387 22138 22138 V CityFragment: url=https://project-travel-mate.herokuapp.com/api/get-all-cities/10
08-05 21:59:54.389 22138 22150 I art     : Starting a blocking GC Explicit
08-05 21:59:54.403 22138 22150 I art     : Explicit concurrent mark sweep GC freed 671(40KB) AllocSpace objects, 0(0B) LOS objects, 40% free, 23MB/38MB, paused 1.028ms total 14.065ms
08-05 21:59:54.517 22138 22138 E RecyclerView: No adapter attached; skipping layout
08-05 21:59:54.664 22138 22150 I art     : Starting a blocking GC Explicit
08-05 21:59:54.678 22138 22150 I art     : Explicit concurrent mark sweep GC freed 6711(402KB) AllocSpace objects, 1(20KB) LOS objects, 36% free, 27MB/43MB, paused 225us total 13.468ms
08-05 21:59:54.683 22138 22138 V MainActivity: url = https://project-travel-mate.herokuapp.com/api/number-of-unread-notifications
08-05 21:59:54.687 22138 22150 I art     : Starting a blocking GC Explicit
08-05 21:59:54.687   918   936 I ActivityManager: Displayed baseline.io.github.project_travel_mate/.MainActivity: +499ms
08-05 21:59:54.699 13866 13866 I GoogleInputMethodServic: GoogleInputMethodService.onFinishInput():3138 
08-05 21:59:54.700 13866 13866 I GoogleInputMethodServic: GoogleInputMethodService.onStartInput():1808 
08-05 21:59:54.700 22138 22138 E RecyclerView: No adapter attached; skipping layout
08-05 21:59:54.706 22138 22150 I art     : Explicit concurrent mark sweep GC freed 1093(98KB) AllocSpace objects, 0(0B) LOS objects, 36% free, 27MB/43MB, paused 412us total 18.893ms
08-05 21:59:54.716 22138 22150 I art     : Starting a blocking GC Explicit
08-05 21:59:54.732 22138 22150 I art     : Explicit concurrent mark sweep GC freed 206(12KB) AllocSpace objects, 0(0B) LOS objects, 36% free, 27MB/43MB, paused 394us total 16.134ms
08-05 21:59:54.742 22138 22150 I art     : Starting a blocking GC Explicit
08-05 21:59:54.758 22138 22150 I art     : Explicit concurrent mark sweep GC freed 11(304B) AllocSpace objects, 0(0B) LOS objects, 36% free, 27MB/43MB, paused 314us total 15.027ms
08-05 21:59:54.766 22138 22150 I art     : Starting a blocking GC Explicit
08-05 21:59:54.779 22138 22150 I art     : Explicit concurrent mark sweep GC freed 62(1968B) AllocSpace objects, 0(0B) LOS objects, 36% free, 27MB/43MB, paused 241us total 12.936ms
08-05 21:59:54.871 22138 22202 I NAPPA_EXPERIMENTATION: MetricNetworkRequestExecutionTime: REQUEST_DURATION_SYSTEM='575',REQUEST_DURATION_OKHTTP='37',REQUEST_SYNCHRONOUS='FALSE',RESPONSE_CODE='200',RESPONSE_METHOD='GET',RESPONSE_LENGTH_OKHTTP='185',RESPONSE_LENGTH_HEADER='185',REQUEST_PROTOCOL='http/1.1',REQUEST_URL='https://project-travel-mate.herokuapp.com/api/get-user',
08-05 21:59:54.903 22138 22207 I NAPPA_EXPERIMENTATION: MetricNetworkRequestExecutionTime: REQUEST_DURATION_SYSTEM='515',REQUEST_DURATION_OKHTTP='70',REQUEST_SYNCHRONOUS='FALSE',RESPONSE_CODE='200',RESPONSE_METHOD='GET',RESPONSE_LENGTH_OKHTTP='1588',RESPONSE_LENGTH_HEADER='1588',REQUEST_PROTOCOL='http/1.1',REQUEST_URL='https://project-travel-mate.herokuapp.com/api/get-all-cities/10',
08-05 21:59:54.906 22138 22138 V CityFragment: result=[{"id":1,"city_name":"Delhi","facts_count":6,"image":"https://upload.wikimedia.org/wikipedia/commons/9/94/%E0%B4%96%E0%B5%81%E0%B4%A4%E0%B5%8D%E0%B4%AC%E0%B5%8D_%E0%B4%AE%E0%B4%BF%E0%B4%A8%E0%B4%BE%E0%B5%BC1.jpg","visit_count":18186},{"id":2,"city_name":"Mumbai","facts_count":0,"image":"https://static1.squarespace.com/static/55917ae2e4b0984fc8c264c4/t/5ad7a037758d464041bfba27/1524102624280/Victoria_Mumbai.jpg","visit_count":6022},{"id":3,"city_name":"Bangalore","facts_count":0,"image":null,"visit_count":5536},{"id":8,"city_name":"Pune","facts_count":0,"image":"https://www.zricks.com/ImagesPostProject/47929//6557d975-20a9-4c6c-a776-8072a1936a76.jpg","visit_count":3324},{"id":4,"city_name":"Chennai","facts_count":0,"image":"http://lh3.ggpht.com/_YLb7tJ8RoAk/SfazBLdgf3I/AAAAAAAANEg/p52_Zz_URxg/s640/Picture%20009.jpg","visit_count":3061},{"id":5,"city_name":"Kolkata","facts_count":0,"image":"https://i.pinimg.com/originals/05/ec/42/05ec42c545b494d12cc612923483b4f0.jpg","visit_count":2211},{"id":9,"city_name":"Jaipur","facts_count":1,"image":"https://www.trodly.com/pictures/attraction/1943.jpg","visit_count":2007},{"id":6,"city_name":"Hyderabad","facts_count":0,"image":"https://i1.trekearth.com/photos/59194/charminar_020_sm.jpg","visit_count":1633},{"id":150,"city_name":"Panjim","facts_count":0,"image":"http://www.nomad4ever.com/wp-content/uploads/2009/04/palm-trees-at-baga-creek-north-goa1.jpg","visit_count":1488},{"id":7,"city_name":"Ahmedabad","facts_count":0,"image":"https://i.pinimg.com/originals/a5/ed/29/a5ed293271669a61f47059f7b0d9cf2c.jpg","visit_count":1115}]
08-05 21:59:54.939   380   380 W SurfaceFlinger: couldn't log to binary event log: overflow.
08-05 21:59:54.978 22138 22138 D CityFragment: get cities cities size = 10
08-05 21:59:55.085 22138 22150 I art     : Starting a blocking GC Explicit
08-05 21:59:55.106 22138 22150 I art     : Explicit concurrent mark sweep GC freed 9429(578KB) AllocSpace objects, 8(440KB) LOS objects, 34% free, 31MB/47MB, paused 826us total 20.262ms
08-05 21:59:55.115 22138 22150 I art     : Starting a blocking GC Explicit
08-05 21:59:55.132 22138 22150 I art     : Explicit concurrent mark sweep GC freed 2621(268KB) AllocSpace objects, 0(0B) LOS objects, 34% free, 30MB/46MB, paused 506us total 16.077ms
08-05 21:59:55.140 22138 22150 I art     : Starting a blocking GC Explicit
08-05 21:59:55.156 22138 22150 I art     : Explicit concurrent mark sweep GC freed 208(15KB) AllocSpace objects, 0(0B) LOS objects, 34% free, 30MB/46MB, paused 654us total 16.041ms
08-05 21:59:55.164 22138 22150 I art     : Starting a blocking GC Explicit
08-05 21:59:55.181 22138 22150 I art     : Explicit concurrent mark sweep GC freed 375(46KB) AllocSpace objects, 0(0B) LOS objects, 33% free, 32MB/48MB, paused 618us total 16.645ms
08-05 21:59:55.189 22138 22150 I art     : Starting a blocking GC Explicit
08-05 21:59:55.206 22138 22150 I art     : Explicit concurrent mark sweep GC freed 1028(140KB) AllocSpace objects, 2(56KB) LOS objects, 33% free, 32MB/48MB, paused 770us total 17.022ms
08-05 21:59:55.305 22138 22223 I NAPPA_EXPERIMENTATION: MetricNetworkRequestExecutionTime: REQUEST_DURATION_SYSTEM='620',REQUEST_DURATION_OKHTTP='70',REQUEST_SYNCHRONOUS='FALSE',RESPONSE_CODE='200',RESPONSE_METHOD='GET',RESPONSE_LENGTH_OKHTTP='36',RESPONSE_LENGTH_HEADER='36',REQUEST_PROTOCOL='http/1.1',REQUEST_URL='https://project-travel-mate.herokuapp.com/api/number-of-unread-notifications',
08-05 21:59:55.472 22138 22150 I art     : Starting a blocking GC Explicit
08-05 21:59:55.497 22138 22150 I art     : Explicit concurrent mark sweep GC freed 16823(1298KB) AllocSpace objects, 14(4MB) LOS objects, 34% free, 29MB/45MB, paused 382us total 24.635ms
08-05 21:59:55.508 22138 22150 I art     : Starting a blocking GC Explicit
08-05 21:59:55.527 22138 22150 I art     : Explicit concurrent mark sweep GC freed 10284(522KB) AllocSpace objects, 0(0B) LOS objects, 35% free, 29MB/45MB, paused 333us total 18.923ms
08-05 21:59:55.536 22138 22150 I art     : Starting a blocking GC Explicit
08-05 21:59:55.553 22138 22150 I art     : Explicit concurrent mark sweep GC freed 664(97KB) AllocSpace objects, 2(56KB) LOS objects, 34% free, 30MB/46MB, paused 362us total 16.833ms
08-05 21:59:55.561 22138 22150 I art     : Starting a blocking GC Explicit
08-05 21:59:55.579 22138 22150 I art     : Explicit concurrent mark sweep GC freed 1511(223KB) AllocSpace objects, 0(0B) LOS objects, 34% free, 30MB/46MB, paused 333us total 16.994ms
08-05 21:59:55.587 22138 22150 I art     : Starting a blocking GC Explicit
08-05 21:59:55.605 22138 22150 I art     : Explicit concurrent mark sweep GC freed 312(16KB) AllocSpace objects, 2(88KB) LOS objects, 34% free, 30MB/46MB, paused 319us total 17.067ms
08-05 21:59:55.902 22138 22150 I art     : Starting a blocking GC Explicit
08-05 21:59:55.922 22138 22150 I art     : Explicit concurrent mark sweep GC freed 11184(1000KB) AllocSpace objects, 15(1676KB) LOS objects, 32% free, 32MB/48MB, paused 331us total 19.951ms
08-05 21:59:55.931 22138 22150 I art     : Starting a blocking GC Explicit
08-05 21:59:55.947 22138 22150 I art     : Explicit concurrent mark sweep GC freed 361(12KB) AllocSpace objects, 0(0B) LOS objects, 32% free, 32MB/48MB, paused 269us total 15.889ms
08-05 21:59:55.956 22138 22150 I art     : Starting a blocking GC Explicit
08-05 21:59:55.971 22138 22150 I art     : Explicit concurrent mark sweep GC freed 174(40KB) AllocSpace objects, 0(0B) LOS objects, 32% free, 33MB/49MB, paused 240us total 15.487ms
08-05 21:59:55.980 22138 22150 I art     : Starting a blocking GC Explicit
08-05 21:59:55.996 22138 22150 I art     : Explicit concurrent mark sweep GC freed 119(99KB) AllocSpace objects, 2(56KB) LOS objects, 32% free, 33MB/49MB, paused 231us total 15.613ms
08-05 21:59:56.004 22138 22150 I art     : Starting a blocking GC Explicit
08-05 21:59:56.021 22138 22150 I art     : Explicit concurrent mark sweep GC freed 158(6KB) AllocSpace objects, 3(1292KB) LOS objects, 32% free, 32MB/48MB, paused 242us total 16.107ms
08-05 21:59:56.338 22138 22149 I art     : Starting a blocking GC Explicit
08-05 21:59:56.357 22138 22149 I art     : Explicit concurrent mark sweep GC freed 2368(112KB) AllocSpace objects, 2(40KB) LOS objects, 32% free, 32MB/48MB, paused 338us total 19.589ms
08-05 21:59:56.367 22138 22149 I art     : Starting a blocking GC Explicit
08-05 21:59:56.385 22138 22149 I art     : Explicit concurrent mark sweep GC freed 80(2304B) AllocSpace objects, 0(0B) LOS objects, 32% free, 32MB/48MB, paused 261us total 18.032ms
08-05 21:59:56.395 22138 22149 I art     : Starting a blocking GC Explicit
08-05 21:59:56.412 22138 22149 I art     : Explicit concurrent mark sweep GC freed 51(896B) AllocSpace objects, 0(0B) LOS objects, 32% free, 32MB/48MB, paused 255us total 17.360ms
08-05 21:59:56.421 22138 22149 I art     : Starting a blocking GC Explicit
08-05 21:59:56.439 22138 22149 I art     : Explicit concurrent mark sweep GC freed 27(496B) AllocSpace objects, 0(0B) LOS objects, 32% free, 32MB/48MB, paused 246us total 17.580ms
08-05 21:59:56.448 22138 22149 I art     : Starting a blocking GC Explicit
08-05 21:59:56.466 22138 22149 I art     : Explicit concurrent mark sweep GC freed 51(896B) AllocSpace objects, 0(0B) LOS objects, 32% free, 32MB/48MB, paused 256us total 17.875ms
08-05 21:59:56.815 22138 22205 I art     : Starting a blocking GC Explicit
08-05 21:59:56.838 22138 22205 I art     : Explicit concurrent mark sweep GC freed 1949(91KB) AllocSpace objects, 2(40KB) LOS objects, 32% free, 32MB/48MB, paused 255us total 22.627ms
08-05 21:59:56.847 22138 22205 I art     : Starting a blocking GC Explicit
08-05 21:59:56.865 22138 22205 I art     : Explicit concurrent mark sweep GC freed 70(1584B) AllocSpace objects, 0(0B) LOS objects, 32% free, 32MB/48MB, paused 248us total 18.075ms
08-05 21:59:56.875 22138 22205 I art     : Starting a blocking GC Explicit
08-05 21:59:56.892 22138 22205 I art     : Explicit concurrent mark sweep GC freed 30(528B) AllocSpace objects, 0(0B) LOS objects, 32% free, 32MB/48MB, paused 292us total 17.406ms
08-05 21:59:56.901 22138 22205 I art     : Starting a blocking GC Explicit
08-05 21:59:56.919 22138 22205 I art     : Explicit concurrent mark sweep GC freed 48(864B) AllocSpace objects, 0(0B) LOS objects, 32% free, 32MB/48MB, paused 254us total 17.562ms
08-05 21:59:56.928 22138 22205 I art     : Starting a blocking GC Explicit
08-05 21:59:56.948 22138 22205 I art     : Explicit concurrent mark sweep GC freed 42(736B) AllocSpace objects, 0(0B) LOS objects, 32% free, 32MB/48MB, paused 1.057ms total 19.187ms
08-05 21:59:57.309 22138 22150 I art     : Starting a blocking GC Explicit
08-05 21:59:57.337 13866 13882 I PeriodicStatsRunner: PeriodicStatsRunner.call():175 call()
08-05 21:59:57.337 13866 13882 I PeriodicStatsRunner: PeriodicStatsRunner.call():179 No submit PeriodicStats since input started.
08-05 21:59:57.370 22138 22150 I art     : Explicit concurrent mark sweep GC freed 2031(92KB) AllocSpace objects, 2(40KB) LOS objects, 32% free, 32MB/48MB, paused 693us total 61.382ms
08-05 21:59:57.393 22138 22150 I art     : Starting a blocking GC Explicit
08-05 21:59:57.425 22138 22150 I art     : Explicit concurrent mark sweep GC freed 97(2048B) AllocSpace objects, 0(0B) LOS objects, 32% free, 32MB/48MB, paused 440us total 31.811ms
08-05 21:59:57.438 22138 22150 I art     : Starting a blocking GC Explicit
08-05 21:59:57.459 22138 22150 I art     : Explicit concurrent mark sweep GC freed 49(864B) AllocSpace objects, 0(0B) LOS objects, 32% free, 32MB/48MB, paused 299us total 20.288ms
08-05 21:59:57.468 22138 22150 I art     : Starting a blocking GC Explicit
08-05 21:59:57.487 22138 22150 I art     : Explicit concurrent mark sweep GC freed 51(896B) AllocSpace objects, 0(0B) LOS objects, 32% free, 32MB/48MB, paused 309us total 18.288ms
08-05 21:59:57.496 22138 22150 I art     : Starting a blocking GC Explicit
08-05 21:59:57.514 22138 22150 I art     : Explicit concurrent mark sweep GC freed 51(896B) AllocSpace objects, 0(0B) LOS objects, 32% free, 32MB/48MB, paused 246us total 17.677ms
08-05 21:59:57.844 22138 22149 I art     : Starting a blocking GC Explicit
08-05 21:59:57.860 22138 22149 I art     : Explicit concurrent mark sweep GC freed 1910(90KB) AllocSpace objects, 2(40KB) LOS objects, 32% free, 32MB/48MB, paused 261us total 15.326ms
08-05 21:59:57.868 22138 22149 I art     : Starting a blocking GC Explicit
08-05 21:59:57.883 22138 22149 I art     : Explicit concurrent mark sweep GC freed 63(1472B) AllocSpace objects, 0(0B) LOS objects, 32% free, 32MB/48MB, paused 233us total 14.868ms
08-05 21:59:57.891 22138 22149 I art     : Starting a blocking GC Explicit
08-05 21:59:57.906 22138 22149 I art     : Explicit concurrent mark sweep GC freed 27(496B) AllocSpace objects, 0(0B) LOS objects, 32% free, 32MB/48MB, paused 228us total 14.841ms
08-05 21:59:57.915 22138 22149 I art     : Starting a blocking GC Explicit
08-05 21:59:57.929 22138 22149 I art     : Explicit concurrent mark sweep GC freed 51(896B) AllocSpace objects, 0(0B) LOS objects, 32% free, 32MB/48MB, paused 235us total 14.388ms
08-05 21:59:57.937 22138 22149 I art     : Starting a blocking GC Explicit
08-05 21:59:57.952 22138 22149 I art     : Explicit concurrent mark sweep GC freed 27(496B) AllocSpace objects, 0(0B) LOS objects, 32% free, 32MB/48MB, paused 229us total 14.630ms
08-05 21:59:58.289 22138 22205 I art     : Starting a blocking GC Explicit
08-05 21:59:58.314 22138 22205 I art     : Explicit concurrent mark sweep GC freed 1950(91KB) AllocSpace objects, 2(40KB) LOS objects, 32% free, 32MB/48MB, paused 286us total 23.849ms
08-05 21:59:58.324 22138 22205 I art     : Starting a blocking GC Explicit
08-05 21:59:58.343 22138 22205 I art     : Explicit concurrent mark sweep GC freed 46(1184B) AllocSpace objects, 0(0B) LOS objects, 32% free, 32MB/48MB, paused 243us total 18.721ms
08-05 21:59:58.352 22138 22205 I art     : Starting a blocking GC Explicit
08-05 21:59:58.369 22138 22205 I art     : Explicit concurrent mark sweep GC freed 51(896B) AllocSpace objects, 0(0B) LOS objects, 32% free, 32MB/48MB, paused 244us total 17.022ms
08-05 21:59:58.378 22138 22205 I art     : Starting a blocking GC Explicit
08-05 21:59:58.395 22138 22205 I art     : Explicit concurrent mark sweep GC freed 29(512B) AllocSpace objects, 0(0B) LOS objects, 32% free, 32MB/48MB, paused 285us total 17.413ms
08-05 21:59:58.404 22138 22205 I art     : Starting a blocking GC Explicit
08-05 21:59:58.421 22138 22205 I art     : Explicit concurrent mark sweep GC freed 49(880B) AllocSpace objects, 0(0B) LOS objects, 32% free, 32MB/48MB, paused 255us total 16.979ms
08-05 21:59:58.750 22138 22150 I art     : Starting a blocking GC Explicit
08-05 21:59:58.769 22138 22150 I art     : Explicit concurrent mark sweep GC freed 1926(91KB) AllocSpace objects, 2(40KB) LOS objects, 32% free, 32MB/48MB, paused 301us total 18.706ms
08-05 21:59:58.778 22138 22150 I art     : Starting a blocking GC Explicit
08-05 21:59:58.795 22138 22150 I art     : Explicit concurrent mark sweep GC freed 69(1552B) AllocSpace objects, 0(0B) LOS objects, 32% free, 32MB/48MB, paused 257us total 16.371ms
08-05 21:59:58.804 22138 22150 I art     : Starting a blocking GC Explicit
08-05 21:59:58.820 22138 22150 I art     : Explicit concurrent mark sweep GC freed 28(528B) AllocSpace objects, 0(0B) LOS objects, 32% free, 32MB/48MB, paused 276us total 16.214ms
08-05 21:59:58.829 22138 22150 I art     : Starting a blocking GC Explicit
08-05 21:59:58.844 22138 22150 I art     : Explicit concurrent mark sweep GC freed 50(864B) AllocSpace objects, 0(0B) LOS objects, 32% free, 32MB/48MB, paused 248us total 15.644ms
08-05 21:59:58.853 22138 22150 I art     : Starting a blocking GC Explicit
08-05 21:59:58.870 22138 22150 I art     : Explicit concurrent mark sweep GC freed 28(528B) AllocSpace objects, 0(0B) LOS objects, 32% free, 32MB/48MB, paused 238us total 16.834ms
08-05 21:59:59.209 22138 22149 I art     : Starting a blocking GC Explicit
08-05 21:59:59.233 22138 22149 I art     : Explicit concurrent mark sweep GC freed 1950(91KB) AllocSpace objects, 2(40KB) LOS objects, 32% free, 32MB/48MB, paused 284us total 23.941ms
08-05 21:59:59.244 22138 22149 I art     : Starting a blocking GC Explicit
08-05 21:59:59.263 22138 22149 I art     : Explicit concurrent mark sweep GC freed 59(1376B) AllocSpace objects, 0(0B) LOS objects, 32% free, 32MB/48MB, paused 297us total 18.827ms
08-05 21:59:59.273 22138 22149 I art     : Starting a blocking GC Explicit
08-05 21:59:59.290 22138 22149 I art     : Explicit concurrent mark sweep GC freed 38(704B) AllocSpace objects, 0(0B) LOS objects, 32% free, 32MB/48MB, paused 242us total 16.710ms
08-05 21:59:59.299 22138 22149 I art     : Starting a blocking GC Explicit
08-05 21:59:59.316 22138 22149 I art     : Explicit concurrent mark sweep GC freed 51(896B) AllocSpace objects, 0(0B) LOS objects, 32% free, 32MB/48MB, paused 250us total 17.467ms
08-05 21:59:59.325 22138 22149 I art     : Starting a blocking GC Explicit
08-05 21:59:59.343 22138 22149 I art     : Explicit concurrent mark sweep GC freed 27(496B) AllocSpace objects, 0(0B) LOS objects, 32% free, 32MB/48MB, paused 242us total 17.749ms
08-05 21:59:59.718 13866 13882 I PeriodicStatsRunner: PeriodicStatsRunner.call():175 call()
08-05 21:59:59.719 13866 13882 I PeriodicStatsRunner: PeriodicStatsRunner.call():179 No submit PeriodicStats since input started.
08-05 21:59:59.720 22138 22205 I art     : Starting a blocking GC Explicit
08-05 21:59:59.745 22138 22205 I art     : Explicit concurrent mark sweep GC freed 1999(92KB) AllocSpace objects, 2(40KB) LOS objects, 32% free, 32MB/48MB, paused 274us total 24.305ms
08-05 21:59:59.758 22138 22205 I art     : Starting a blocking GC Explicit
08-05 21:59:59.776 22138 22205 I art     : Explicit concurrent mark sweep GC freed 70(1584B) AllocSpace objects, 0(0B) LOS objects, 32% free, 32MB/48MB, paused 252us total 17.796ms
08-05 21:59:59.785 22138 22205 I art     : Starting a blocking GC Explicit
08-05 21:59:59.803 22138 22205 I art     : Explicit concurrent mark sweep GC freed 51(896B) AllocSpace objects, 0(0B) LOS objects, 32% free, 32MB/48MB, paused 255us total 17.806ms
08-05 21:59:59.812 22138 22205 I art     : Starting a blocking GC Explicit
08-05 21:59:59.830 22138 22205 I art     : Explicit concurrent mark sweep GC freed 32(560B) AllocSpace objects, 0(0B) LOS objects, 32% free, 32MB/48MB, paused 290us total 18.010ms
08-05 21:59:59.839 22138 22205 I art     : Starting a blocking GC Explicit
08-05 21:59:59.856 22138 22205 I art     : Explicit concurrent mark sweep GC freed 46(832B) AllocSpace objects, 0(0B) LOS objects, 32% free, 32MB/48MB, paused 262us total 16.969ms
08-05 22:00:00.193 22138 22150 I art     : Starting a blocking GC Explicit
08-05 22:00:00.212 22138 22150 I art     : Explicit concurrent mark sweep GC freed 1927(91KB) AllocSpace objects, 2(40KB) LOS objects, 32% free, 32MB/48MB, paused 503us total 18.578ms
08-05 22:00:00.221 22138 22150 I art     : Starting a blocking GC Explicit
08-05 22:00:00.239 22138 22150 I art     : Explicit concurrent mark sweep GC freed 70(1584B) AllocSpace objects, 0(0B) LOS objects, 32% free, 32MB/48MB, paused 243us total 17.899ms
08-05 22:00:00.248 22138 22150 I art     : Starting a blocking GC Explicit
08-05 22:00:00.266 22138 22150 I art     : Explicit concurrent mark sweep GC freed 51(896B) AllocSpace objects, 0(0B) LOS objects, 32% free, 32MB/48MB, paused 253us total 17.505ms
08-05 22:00:00.275 22138 22150 I art     : Starting a blocking GC Explicit
08-05 22:00:00.293 22138 22150 I art     : Explicit concurrent mark sweep GC freed 27(496B) AllocSpace objects, 0(0B) LOS objects, 32% free, 32MB/48MB, paused 243us total 17.557ms
08-05 22:00:00.302 22138 22150 I art     : Starting a blocking GC Explicit
08-05 22:00:00.320 22138 22150 I art     : Explicit concurrent mark sweep GC freed 51(896B) AllocSpace objects, 0(0B) LOS objects, 32% free, 32MB/48MB, paused 247us total 17.567ms
08-05 22:00:00.702 22138 22149 I art     : Starting a blocking GC Explicit
08-05 22:00:00.722 22138 22149 I art     : Explicit concurrent mark sweep GC freed 2000(92KB) AllocSpace objects, 2(40KB) LOS objects, 32% free, 32MB/48MB, paused 245us total 19.839ms
08-05 22:00:00.733 22138 22149 I art     : Starting a blocking GC Explicit
08-05 22:00:00.750 22138 22149 I art     : Explicit concurrent mark sweep GC freed 70(1584B) AllocSpace objects, 0(0B) LOS objects, 32% free, 32MB/48MB, paused 251us total 16.491ms
08-05 22:00:00.758 22138 22149 I art     : Starting a blocking GC Explicit
08-05 22:00:00.775 22138 22149 I art     : Explicit concurrent mark sweep GC freed 27(496B) AllocSpace objects, 0(0B) LOS objects, 32% free, 32MB/48MB, paused 252us total 16.666ms
08-05 22:00:00.784 22138 22149 I art     : Starting a blocking GC Explicit
08-05 22:00:00.801 22138 22149 I art     : Explicit concurrent mark sweep GC freed 51(896B) AllocSpace objects, 0(0B) LOS objects, 32% free, 32MB/48MB, paused 253us total 16.724ms
08-05 22:00:00.809 22138 22149 I art     : Starting a blocking GC Explicit
08-05 22:00:00.826 22138 22149 I art     : Explicit concurrent mark sweep GC freed 27(496B) AllocSpace objects, 0(0B) LOS objects, 32% free, 32MB/48MB, paused 245us total 16.352ms
08-05 22:00:01.091 22138 22205 I art     : Starting a blocking GC Explicit
08-05 22:00:01.109 22138 22205 I art     : Explicit concurrent mark sweep GC freed 1831(89KB) AllocSpace objects, 2(40KB) LOS objects, 32% free, 32MB/48MB, paused 265us total 18.416ms
08-05 22:00:01.119 22138 22205 I art     : Starting a blocking GC Explicit
08-05 22:00:01.136 22138 22205 I art     : Explicit concurrent mark sweep GC freed 70(1584B) AllocSpace objects, 0(0B) LOS objects, 32% free, 32MB/48MB, paused 263us total 17.104ms
08-05 22:00:01.145 22138 22205 I art     : Starting a blocking GC Explicit
08-05 22:00:01.162 22138 22205 I art     : Explicit concurrent mark sweep GC freed 27(496B) AllocSpace objects, 0(0B) LOS objects, 32% free, 32MB/48MB, paused 254us total 16.918ms
08-05 22:00:01.171 22138 22205 I art     : Starting a blocking GC Explicit
08-05 22:00:01.185 22386 22386 D AndroidRuntime: >>>>>> START com.android.internal.os.RuntimeInit uid 2000 <<<<<<
08-05 22:00:01.188 22138 22205 I art     : Explicit concurrent mark sweep GC freed 51(896B) AllocSpace objects, 0(0B) LOS objects, 32% free, 32MB/48MB, paused 249us total 16.759ms
08-05 22:00:01.189 22386 22386 D AndroidRuntime: CheckJNI is OFF
08-05 22:00:01.197 22138 22205 I art     : Starting a blocking GC Explicit
08-05 22:00:01.213 22138 22205 I art     : Explicit concurrent mark sweep GC freed 28(496B) AllocSpace objects, 0(0B) LOS objects, 32% free, 32MB/48MB, paused 317us total 16.614ms
08-05 22:00:01.215 22386 22386 D ICU     : No timezone override file found: /data/misc/zoneinfo/current/icu/icu_tzdata.dat
08-05 22:00:01.239 22386 22386 I Radio-JNI: register_android_hardware_Radio DONE
08-05 22:00:01.254 22386 22386 D AndroidRuntime: Calling main entry com.android.commands.input.Input
08-05 22:00:01.255 22386 22386 I Input   : injectMotionEvent: MotionEvent { action=ACTION_DOWN, actionButton=0, id[0]=0, x[0]=346.0, y[0]=709.0, toolType[0]=TOOL_TYPE_UNKNOWN, buttonState=0, metaState=0, flags=0x0, edgeFlags=0x0, pointerCount=1, historySize=0, eventTime=828017668, downTime=828017668, deviceId=0, source=0x1002 }
08-05 22:00:01.265 22386 22386 I Input   : injectMotionEvent: MotionEvent { action=ACTION_UP, actionButton=0, id[0]=0, x[0]=346.0, y[0]=709.0, toolType[0]=TOOL_TYPE_UNKNOWN, buttonState=0, metaState=0, flags=0x0, edgeFlags=0x0, pointerCount=1, historySize=0, eventTime=828017668, downTime=828017668, deviceId=0, source=0x1002 }
08-05 22:00:01.275   918  5481 I ActivityManager: START u0 {cmp=baseline.io.github.project_travel_mate/.destinations.description.FinalCityInfoActivity (has extras)} from uid 10674 on display 0
08-05 22:00:01.283 22386 22386 D AndroidRuntime: Shutting down VM
08-05 22:00:01.301 22138 22203 D Gabe    : call	returning from cache
08-05 22:00:01.320 22138 22138 V EXECUTING: https://project-travel-mate.herokuapp.com/api/get-city-weather/1
08-05 22:00:01.454   918   936 I ActivityManager: Displayed baseline.io.github.project_travel_mate/.destinations.description.FinalCityInfoActivity: +170ms
08-05 22:00:01.454 13866 13866 I GoogleInputMethodServic: GoogleInputMethodService.onFinishInput():3138 
08-05 22:00:01.455 13866 13866 I GoogleInputMethodServic: GoogleInputMethodService.onStartInput():1808 
08-05 22:00:01.464 22138 22150 I art     : Starting a blocking GC Explicit
08-05 22:00:01.487 22138 22150 I art     : Explicit concurrent mark sweep GC freed 9301(589KB) AllocSpace objects, 2(40KB) LOS objects, 29% free, 37MB/53MB, paused 610us total 22.705ms
08-05 22:00:01.500 22138 22150 I art     : Starting a blocking GC Explicit
08-05 22:00:01.521 22138 22150 I art     : Explicit concurrent mark sweep GC freed 594(29KB) AllocSpace objects, 0(0B) LOS objects, 29% free, 37MB/53MB, paused 412us total 20.794ms
08-05 22:00:01.532 22138 22150 I art     : Starting a blocking GC Explicit
08-05 22:00:01.553 22138 22150 I art     : Explicit concurrent mark sweep GC freed 57(992B) AllocSpace objects, 0(0B) LOS objects, 29% free, 37MB/53MB, paused 505us total 20.772ms
08-05 22:00:01.565 22138 22150 I art     : Starting a blocking GC Explicit
08-05 22:00:01.586 22138 22150 I art     : Explicit concurrent mark sweep GC freed 107(1952B) AllocSpace objects, 0(0B) LOS objects, 29% free, 37MB/53MB, paused 317us total 21.295ms
08-05 22:00:01.595 22138 22150 I art     : Starting a blocking GC Explicit
08-05 22:00:01.613 22138 22150 I art     : Explicit concurrent mark sweep GC freed 51(896B) AllocSpace objects, 0(0B) LOS objects, 29% free, 37MB/53MB, paused 331us total 17.306ms
08-05 22:00:01.714   380   380 W SurfaceFlinger: couldn't log to binary event log: overflow.
08-05 22:00:01.915 22138 22150 I art     : Starting a blocking GC Explicit
08-05 22:00:01.935 22138 22150 I art     : Explicit concurrent mark sweep GC freed 2366(104KB) AllocSpace objects, 2(40KB) LOS objects, 29% free, 37MB/53MB, paused 633us total 19.975ms
08-05 22:00:01.944 22138 22150 I art     : Starting a blocking GC Explicit
08-05 22:00:01.963 22138 22150 I art     : Explicit concurrent mark sweep GC freed 68(3KB) AllocSpace objects, 0(0B) LOS objects, 29% free, 37MB/53MB, paused 452us total 19.301ms
08-05 22:00:01.972 22138 22150 I art     : Starting a blocking GC Explicit
08-05 22:00:01.991 22138 22150 I art     : Explicit concurrent mark sweep GC freed 104(1760B) AllocSpace objects, 0(0B) LOS objects, 29% free, 37MB/53MB, paused 444us total 18.049ms
08-05 22:00:02.000 22138 22150 I art     : Starting a blocking GC Explicit
08-05 22:00:02.019 22138 22150 I art     : Explicit concurrent mark sweep GC freed 17(320B) AllocSpace objects, 0(0B) LOS objects, 29% free, 37MB/53MB, paused 324us total 18.425ms
08-05 22:00:02.027 22138 22150 I art     : Starting a blocking GC Explicit
08-05 22:00:02.046 22138 22150 I art     : Explicit concurrent mark sweep GC freed 104(1744B) AllocSpace objects, 0(0B) LOS objects, 29% free, 37MB/53MB, paused 409us total 18.553ms
08-05 22:00:02.220 22138 22410 I NAPPA_EXPERIMENTATION: MetricNetworkRequestExecutionTime: REQUEST_DURATION_SYSTEM='900',REQUEST_DURATION_OKHTTP='53',REQUEST_SYNCHRONOUS='FALSE',RESPONSE_CODE='200',RESPONSE_METHOD='GET',RESPONSE_LENGTH_OKHTTP='238',RESPONSE_LENGTH_HEADER='238',REQUEST_PROTOCOL='http/1.1',REQUEST_URL='https://project-travel-mate.herokuapp.com/api/get-city-weather/1',
08-05 22:00:02.233 22138 22411 I NAPPA_EXPERIMENTATION: MetricNetworkRequestExecutionTime: REQUEST_DURATION_SYSTEM='912',REQUEST_DURATION_OKHTTP='68',REQUEST_SYNCHRONOUS='FALSE',RESPONSE_CODE='200',RESPONSE_METHOD='GET',RESPONSE_LENGTH_OKHTTP='530',RESPONSE_LENGTH_HEADER='530',REQUEST_PROTOCOL='http/1.1',REQUEST_URL='https://project-travel-mate.herokuapp.com/api/get-city/1',
08-05 22:00:02.269 22138 22411 V Response: {"id":1,"city_name":"Delhi","description":"Delhi, officially the National Capital Territory of Delhi, is the Capital territory of India. During the British Raj, Delhi was part of the province of Punjab and is still historically and culturally connected to the Punjab region.","latitude":"28.613900","longitude":"77.209000","facts_count":6,"images":["https://upload.wikimedia.org/wikipedia/commons/9/94/%E0%B4%96%E0%B5%81%E0%B4%A4%E0%B5%8D%E0%B4%AC%E0%B5%8D_%E0%B4%AE%E0%B4%BF%E0%B4%A8%E0%B4%BE%E0%B5%BC1.jpg"],"has_visited":false}
08-05 22:00:02.324 22138 22149 I art     : Starting a blocking GC Explicit
08-05 22:00:02.345 22138 22149 I art     : Explicit concurrent mark sweep GC freed 7112(341KB) AllocSpace objects, 5(240KB) LOS objects, 29% free, 38MB/54MB, paused 479us total 19.808ms
08-05 22:00:02.353 22138 22149 I art     : Starting a blocking GC Explicit
08-05 22:00:02.371 22138 22149 I art     : Explicit concurrent mark sweep GC freed 3165(283KB) AllocSpace objects, 3(76KB) LOS objects, 28% free, 39MB/55MB, paused 312us total 17.450ms
08-05 22:00:02.379 22138 22149 I art     : Starting a blocking GC Explicit
08-05 22:00:02.400 22138 22149 I art     : Explicit concurrent mark sweep GC freed 371(28KB) AllocSpace objects, 1(4MB) LOS objects, 28% free, 39MB/55MB, paused 462us total 20.329ms
08-05 22:00:02.409 22138 22149 I art     : Starting a blocking GC Explicit
08-05 22:00:02.425 22138 22149 I art     : Explicit concurrent mark sweep GC freed 242(46KB) AllocSpace objects, 4(128KB) LOS objects, 28% free, 39MB/55MB, paused 260us total 16.143ms
08-05 22:00:02.433 22138 22149 I art     : Starting a blocking GC Explicit
08-05 22:00:02.451 22138 22149 I art     : Explicit concurrent mark sweep GC freed 149(15KB) AllocSpace objects, 1(1204KB) LOS objects, 29% free, 38MB/54MB, paused 289us total 17.395ms
08-05 22:00:02.735 22138 22149 I art     : Starting a blocking GC Explicit
08-05 22:00:02.752 22138 22149 I art     : Explicit concurrent mark sweep GC freed 2338(99KB) AllocSpace objects, 2(40KB) LOS objects, 29% free, 38MB/54MB, paused 305us total 17.447ms
08-05 22:00:02.761 22138 22149 I art     : Starting a blocking GC Explicit
08-05 22:00:02.778 22138 22149 I art     : Explicit concurrent mark sweep GC freed 72(1728B) AllocSpace objects, 0(0B) LOS objects, 29% free, 38MB/54MB, paused 266us total 16.761ms
08-05 22:00:02.786 22138 22149 I art     : Starting a blocking GC Explicit
08-05 22:00:02.803 22138 22149 I art     : Explicit concurrent mark sweep GC freed 99(1696B) AllocSpace objects, 0(0B) LOS objects, 29% free, 38MB/54MB, paused 251us total 16.711ms
08-05 22:00:02.811 22138 22149 I art     : Starting a blocking GC Explicit
08-05 22:00:02.828 22138 22149 I art     : Explicit concurrent mark sweep GC freed 51(896B) AllocSpace objects, 0(0B) LOS objects, 29% free, 38MB/54MB, paused 262us total 16.574ms
08-05 22:00:02.836 22138 22149 I art     : Starting a blocking GC Explicit
08-05 22:00:02.854 22138 22149 I art     : Explicit concurrent mark sweep GC freed 105(2096B) AllocSpace objects, 0(0B) LOS objects, 29% free, 38MB/54MB, paused 288us total 17.283ms
08-05 22:00:02.870   518   646 I ThermalEngine: ACTION: GPU - Setting GPU[0] to 510000000
08-05 22:00:03.206 22138 22150 I art     : Starting a blocking GC Explicit
08-05 22:00:03.231 22138 22150 I art     : Explicit concurrent mark sweep GC freed 2504(101KB) AllocSpace objects, 2(40KB) LOS objects, 29% free, 38MB/54MB, paused 381us total 25.287ms
08-05 22:00:03.243 22138 22150 I art     : Starting a blocking GC Explicit
08-05 22:00:03.269 22138 22150 I art     : Explicit concurrent mark sweep GC freed 170(3KB) AllocSpace objects, 0(0B) LOS objects, 29% free, 38MB/54MB, paused 381us total 25.183ms
08-05 22:00:03.281 22138 22150 I art     : Starting a blocking GC Explicit
08-05 22:00:03.306 22138 22150 I art     : Explicit concurrent mark sweep GC freed 98(1664B) AllocSpace objects, 0(0B) LOS objects, 29% free, 38MB/54MB, paused 410us total 24.665ms
08-05 22:00:03.318 22138 22150 I art     : Starting a blocking GC Explicit
08-05 22:00:03.343 22138 22150 I art     : Explicit concurrent mark sweep GC freed 100(1728B) AllocSpace objects, 0(0B) LOS objects, 29% free, 38MB/54MB, paused 351us total 25.097ms
08-05 22:00:03.355 22138 22150 I art     : Starting a blocking GC Explicit
08-05 22:00:03.381 22138 22150 I art     : Explicit concurrent mark sweep GC freed 99(1696B) AllocSpace objects, 0(0B) LOS objects, 29% free, 38MB/54MB, paused 374us total 25.710ms
08-05 22:00:03.768 22138 22149 I art     : Starting a blocking GC Explicit
08-05 22:00:03.795 22138 22149 I art     : Explicit concurrent mark sweep GC freed 2624(102KB) AllocSpace objects, 2(40KB) LOS objects, 29% free, 38MB/54MB, paused 376us total 27.104ms
08-05 22:00:03.810 22138 22149 I art     : Starting a blocking GC Explicit
08-05 22:00:03.835 22138 22149 I art     : Explicit concurrent mark sweep GC freed 166(3KB) AllocSpace objects, 0(0B) LOS objects, 29% free, 38MB/54MB, paused 373us total 24.249ms
08-05 22:00:03.847 22138 22149 I art     : Starting a blocking GC Explicit
08-05 22:00:03.870 22138 22149 I art     : Explicit concurrent mark sweep GC freed 99(1696B) AllocSpace objects, 0(0B) LOS objects, 29% free, 38MB/54MB, paused 384us total 23.539ms
08-05 22:00:03.882 22138 22149 I art     : Starting a blocking GC Explicit
08-05 22:00:03.907 22138 22149 I art     : Explicit concurrent mark sweep GC freed 98(1664B) AllocSpace objects, 0(0B) LOS objects, 29% free, 38MB/54MB, paused 409us total 24.966ms
08-05 22:00:03.920 22138 22149 I art     : Starting a blocking GC Explicit
08-05 22:00:03.944 22138 22149 I art     : Explicit concurrent mark sweep GC freed 100(1728B) AllocSpace objects, 0(0B) LOS objects, 29% free, 38MB/54MB, paused 379us total 24.778ms
08-05 22:00:04.309 22138 22205 I art     : Starting a blocking GC Explicit
08-05 22:00:04.337 22138 22205 I art     : Explicit concurrent mark sweep GC freed 2575(101KB) AllocSpace objects, 2(40KB) LOS objects, 29% free, 38MB/54MB, paused 432us total 27.838ms
08-05 22:00:04.349 22138 22205 I art     : Starting a blocking GC Explicit
08-05 22:00:04.373 22138 22205 I art     : Explicit concurrent mark sweep GC freed 117(2352B) AllocSpace objects, 0(0B) LOS objects, 29% free, 38MB/54MB, paused 384us total 24.304ms
08-05 22:00:04.385 22138 22205 I art     : Starting a blocking GC Explicit
08-05 22:00:04.410 22138 22205 I art     : Explicit concurrent mark sweep GC freed 100(1728B) AllocSpace objects, 0(0B) LOS objects, 29% free, 38MB/54MB, paused 382us total 24.339ms
08-05 22:00:04.422 22138 22205 I art     : Starting a blocking GC Explicit
08-05 22:00:04.447 22138 22205 I art     : Explicit concurrent mark sweep GC freed 99(1696B) AllocSpace objects, 0(0B) LOS objects, 29% free, 38MB/54MB, paused 420us total 25.011ms
08-05 22:00:04.459 22138 22205 I art     : Starting a blocking GC Explicit
08-05 22:00:04.483 22138 22205 I art     : Explicit concurrent mark sweep GC freed 100(1728B) AllocSpace objects, 0(0B) LOS objects, 29% free, 38MB/54MB, paused 369us total 23.704ms
08-05 22:00:04.847 22138 22150 I art     : Starting a blocking GC Explicit
08-05 22:00:04.877 22138 22150 I art     : Explicit concurrent mark sweep GC freed 2576(101KB) AllocSpace objects, 2(40KB) LOS objects, 29% free, 38MB/54MB, paused 375us total 28.974ms
08-05 22:00:04.888 22138 22150 I art     : Starting a blocking GC Explicit
08-05 22:00:04.913 22138 22150 I art     : Explicit concurrent mark sweep GC freed 118(2384B) AllocSpace objects, 0(0B) LOS objects, 29% free, 38MB/54MB, paused 377us total 24.151ms
08-05 22:00:04.925 22138 22150 I art     : Starting a blocking GC Explicit
08-05 22:00:04.949 22138 22150 I art     : Explicit concurrent mark sweep GC freed 99(1696B) AllocSpace objects, 0(0B) LOS objects, 29% free, 38MB/54MB, paused 367us total 24.024ms
08-05 22:00:04.961 22138 22150 I art     : Starting a blocking GC Explicit
08-05 22:00:04.985 22138 22150 I art     : Explicit concurrent mark sweep GC freed 130(2192B) AllocSpace objects, 0(0B) LOS objects, 29% free, 38MB/54MB, paused 448us total 24.100ms
08-05 22:00:04.997 22138 22150 I art     : Starting a blocking GC Explicit
08-05 22:00:05.022 22138 22150 I art     : Explicit concurrent mark sweep GC freed 116(2000B) AllocSpace objects, 0(0B) LOS objects, 29% free, 38MB/54MB, paused 372us total 24.766ms
08-05 22:00:05.383 22138 22149 I art     : Starting a blocking GC Explicit
08-05 22:00:05.410 22138 22149 I art     : Explicit concurrent mark sweep GC freed 2527(100KB) AllocSpace objects, 2(40KB) LOS objects, 29% free, 38MB/54MB, paused 375us total 27.339ms
08-05 22:00:05.425 22138 22149 I art     : Starting a blocking GC Explicit
08-05 22:00:05.449 22138 22149 I art     : Explicit concurrent mark sweep GC freed 119(2416B) AllocSpace objects, 0(0B) LOS objects, 29% free, 38MB/54MB, paused 353us total 23.740ms
08-05 22:00:05.461 22138 22149 I art     : Starting a blocking GC Explicit
08-05 22:00:05.485 22138 22149 I art     : Explicit concurrent mark sweep GC freed 129(2176B) AllocSpace objects, 0(0B) LOS objects, 29% free, 38MB/54MB, paused 466us total 24.192ms
08-05 22:00:05.497 22138 22149 I art     : Starting a blocking GC Explicit
08-05 22:00:05.522 22138 22149 I art     : Explicit concurrent mark sweep GC freed 117(2016B) AllocSpace objects, 0(0B) LOS objects, 29% free, 38MB/54MB, paused 379us total 24.437ms
08-05 22:00:05.534 22138 22149 I art     : Starting a blocking GC Explicit
08-05 22:00:05.558 22138 22149 I art     : Explicit concurrent mark sweep GC freed 98(1664B) AllocSpace objects, 0(0B) LOS objects, 29% free, 38MB/54MB, paused 369us total 24.111ms
08-05 22:00:05.896 22138 22150 I art     : Starting a blocking GC Explicit
08-05 22:00:05.921 22138 22150 I art     : Explicit concurrent mark sweep GC freed 2469(100KB) AllocSpace objects, 2(40KB) LOS objects, 29% free, 38MB/54MB, paused 569us total 24.951ms
08-05 22:00:05.933 22138 22150 I art     : Starting a blocking GC Explicit
08-05 22:00:05.957 22506 22506 D AndroidRuntime: >>>>>> START com.android.internal.os.RuntimeInit uid 2000 <<<<<<
08-05 22:00:05.959 22138 22150 I art     : Explicit concurrent mark sweep GC freed 160(3KB) AllocSpace objects, 0(0B) LOS objects, 29% free, 38MB/54MB, paused 750us total 25.662ms
08-05 22:00:05.961 22506 22506 D AndroidRuntime: CheckJNI is OFF
08-05 22:00:05.971 22138 22150 I art     : Starting a blocking GC Explicit
08-05 22:00:05.995 22506 22506 D ICU     : No timezone override file found: /data/misc/zoneinfo/current/icu/icu_tzdata.dat
08-05 22:00:05.996 22138 22150 I art     : Explicit concurrent mark sweep GC freed 100(1712B) AllocSpace objects, 0(0B) LOS objects, 29% free, 38MB/54MB, paused 425us total 25.121ms
08-05 22:00:06.008 22138 22150 I art     : Starting a blocking GC Explicit
08-05 22:00:06.030 22506 22506 I Radio-JNI: register_android_hardware_Radio DONE
08-05 22:00:06.032 22138 22150 I art     : Explicit concurrent mark sweep GC freed 100(1728B) AllocSpace objects, 0(0B) LOS objects, 29% free, 38MB/54MB, paused 401us total 24.025ms
08-05 22:00:06.044 22138 22150 I art     : Starting a blocking GC Explicit
08-05 22:00:06.053 22506 22506 D AndroidRuntime: Calling main entry com.android.commands.input.Input
08-05 22:00:06.055 22506 22506 I Input   : injectMotionEvent: MotionEvent { action=ACTION_DOWN, actionButton=0, id[0]=0, x[0]=693.0, y[0]=1450.0, toolType[0]=TOOL_TYPE_UNKNOWN, buttonState=0, metaState=0, flags=0x0, edgeFlags=0x0, pointerCount=1, historySize=0, eventTime=828022468, downTime=828022468, deviceId=0, source=0x1002 }
08-05 22:00:06.061 22506 22506 I Input   : injectMotionEvent: MotionEvent { action=ACTION_UP, actionButton=0, id[0]=0, x[0]=693.0, y[0]=1450.0, toolType[0]=TOOL_TYPE_UNKNOWN, buttonState=0, metaState=0, flags=0x0, edgeFlags=0x0, pointerCount=1, historySize=0, eventTime=828022468, downTime=828022468, deviceId=0, source=0x1002 }
08-05 22:00:06.063 22506 22506 D AndroidRuntime: Shutting down VM
08-05 22:00:06.066   918  6029 I ActivityManager: START u0 {cmp=baseline.io.github.project_travel_mate/.destinations.description.CityHistoryActivity} from uid 10674 on display 0
08-05 22:00:06.068   512  2967 D audio_hw_primary: out_set_parameters: enter: usecase(1: low-latency-playback) kvpairs: routing=2
08-05 22:00:06.069 22138 22150 I art     : Explicit concurrent mark sweep GC freed 108(5KB) AllocSpace objects, 0(0B) LOS objects, 29% free, 38MB/54MB, paused 495us total 24.235ms
08-05 22:00:06.080   512  2967 D audio_hw_primary: select_devices: out_snd_device(2: speaker) in_snd_device(0: none)
08-05 22:00:06.081   512  2967 D msm8974_platform: platform_send_audio_calibration: sending audio calibration for snd_device(2) acdb_id(15)
08-05 22:00:06.081   512  2967 I soundtrigger: audio_extn_sound_trigger_update_device_status: device 0x2 of type 0 for Event 1
08-05 22:00:06.087   918   937 W ProcessCpuTracker: Skipping unknown process pid 22516
08-05 22:00:06.087   918   937 W ProcessCpuTracker: Skipping unknown process pid 22517
08-05 22:00:06.094   512  2967 D audio_hw_primary: enable_snd_device: snd_device(2: speaker)
08-05 22:00:06.096   512  2967 D audio_hw_primary: enable_audio_route: apply and update mixer path: low-latency-playback speaker
08-05 22:00:06.099 22138 22203 D Gabe    : call	returning from cache
08-05 22:00:06.101 22138 22138 V EXECUTING: https://project-travel-mate.herokuapp.com/api/get-city-information/1
08-05 22:00:06.237   918   936 I ActivityManager: Displayed baseline.io.github.project_travel_mate/.destinations.description.CityHistoryActivity: +159ms
08-05 22:00:06.238 13866 13866 I GoogleInputMethodServic: GoogleInputMethodService.onFinishInput():3138 
08-05 22:00:06.239 13866 13866 I GoogleInputMethodServic: GoogleInputMethodService.onStartInput():1808 
08-05 22:00:06.322 22541 22541 I art     : Late-enabling -Xcheck:jni
08-05 22:00:06.330   918   918 I ActivityManager: Start proc 22541:nappagreedy.com.newsblur/u0a679 for service nappagreedy.com.newsblur/.service.NBSyncService
08-05 22:00:06.341 15866 15866 I Finsky  : [1] xow.onStartJob(3): SCH: onJobSchedulerWakeup with jobId 9003
08-05 22:00:06.347 15866 15866 I Finsky  : [1] xjw.a(9): Scheduling fallback in 43199994 (absolute: 1854610216)
08-05 22:00:06.350 15866 15866 I Finsky  : [1] xjw.a(9): Scheduling fallback in 64799998 (absolute: 1876210222)
08-05 22:00:06.351 22541 22541 W System  : ClassLoader referenced unknown path: /data/app/nappagreedy.com.newsblur-1/lib/arm64
08-05 22:00:06.365 22138 22149 I art     : Starting a blocking GC Explicit
08-05 22:00:06.390 22138 22149 I art     : Explicit concurrent mark sweep GC freed 3291(224KB) AllocSpace objects, 2(40KB) LOS objects, 27% free, 42MB/58MB, paused 407us total 24.750ms
08-05 22:00:06.400 15866 15866 I Finsky  : [1] xkf.handleMessage(8): SCH: DeviceState: DeviceState{currentTime=1596657606396, isCharging=false, isIdle=false, netAny=true, netNotRoaming=true, netUnmetered=true, batteryPercent=100.0}
08-05 22:00:06.401 22138 22149 I art     : Starting a blocking GC Explicit
08-05 22:00:06.406 15866 22098 I Finsky  : [6428] xmu.a(8): SCH: Jobs in database: 1-1337 3-219 3-220 12-1 26-1414141414 
08-05 22:00:06.409 15866 15866 I Finsky  : [1] xkg.a(16): SCH: Running job: 12-1
08-05 22:00:06.409 15866 15866 I Finsky  : [1] ContentSyncJob.a(16): [ContentSync] job started
08-05 22:00:06.410 15866 15866 I Finsky  : [1] xkf.handleMessage(61): SCH: RunningQueue size: 1, PendingQueue size: 0
08-05 22:00:06.410 15866 15866 I Finsky  : [1] xkf.handleMessage(64): SCH: Running queue: 12-1 
08-05 22:00:06.424 22138 22149 I art     : Explicit concurrent mark sweep GC freed 368(12KB) AllocSpace objects, 0(0B) LOS objects, 27% free, 42MB/58MB, paused 396us total 22.692ms
08-05 22:00:06.436 22138 22149 I art     : Starting a blocking GC Explicit
08-05 22:00:06.455 13866 13882 I PeriodicStatsRunner: PeriodicStatsRunner.call():175 call()
08-05 22:00:06.455 13866 13882 I PeriodicStatsRunner: PeriodicStatsRunner.call():179 No submit PeriodicStats since input started.
08-05 22:00:06.460 22138 22149 I art     : Explicit concurrent mark sweep GC freed 148(2528B) AllocSpace objects, 0(0B) LOS objects, 27% free, 42MB/58MB, paused 383us total 23.039ms
08-05 22:00:06.471 22138 22149 I art     : Starting a blocking GC Explicit
08-05 22:00:06.485   380   380 W SurfaceFlinger: couldn't log to binary event log: overflow.
08-05 22:00:06.491 15866 22129 I Finsky  : [6438] dzn.a(22): Completed 0 account content syncs with 0 successful.
08-05 22:00:06.492 15866 15866 I Finsky  : [1] ContentSyncJob.a(1): [ContentSync] Installation state replication succeeded.
08-05 22:00:06.492 15866 15866 I Finsky  : [1] xlr.a(13): SCH: jobFinished: 12-1. TimeElapsed: 83ms.
08-05 22:00:06.493 15866 15866 I Finsky  : [1] xkg.a(36): SCH: Job 12-1 finished. Not rescheduling.
08-05 22:00:06.493 15866 15866 I Finsky  : [1] xkf.handleMessage(61): SCH: RunningQueue size: 0, PendingQueue size: 0
08-05 22:00:06.493 15866 15866 I Finsky  : [1] xkf.handleMessage(25): Executor finished
08-05 22:00:06.497 22138 22149 I art     : Explicit concurrent mark sweep GC freed 147(2496B) AllocSpace objects, 0(0B) LOS objects, 27% free, 42MB/58MB, paused 484us total 25.125ms
08-05 22:00:06.508 22138 22149 I art     : Starting a blocking GC Explicit
08-05 22:00:06.510 15866 15866 I Finsky  : [1] xmu.a(8): SCH: Jobs in database: 1-1337 3-219 3-220 26-1414141414 
08-05 22:00:06.512 15866 15866 I Finsky  : [1] xio.a(57): SCH: ConstraintMapping: 1-1337,  -> L: 346404ms, D: 43546404ms, C: false, I: false, N: 1
08-05 22:00:06.513 15866 15866 I Finsky  : [1] xio.a(57): SCH: ConstraintMapping: 3-219,  -> L: 0ms, D: 75557011ms, C: false, I: true, N: 2
08-05 22:00:06.514 15866 15866 I Finsky  : [1] xio.a(57): SCH: ConstraintMapping: 3-220,  -> L: 0ms, D: 75557053ms, C: true, I: true, N: 2
08-05 22:00:06.515 15866 15866 I Finsky  : [1] xio.a(57): SCH: ConstraintMapping: 26-1414141414,  -> L: 4993867ms, D: 5893867ms, C: false, I: false, N: 0
08-05 22:00:06.525 15866 15866 I Finsky  : [1] xle.a(34): Cancelling existing jobscheduler jobs: 9013 9014 9005 9015 9008 9012 9004 
08-05 22:00:06.525 15866 15866 I Finsky  : [1] xle.a(27): Scheduling job Id: 9000, L: 346404, D: 43546404, C: false, I: false, N: 1
08-05 22:00:06.527 15866 15866 I Finsky  : [1] xle.a(10): Throttling wakeup for job 9001 (expected to run in 0 ms) due to recent wakeup
08-05 22:00:06.527 15866 15866 I Finsky  : [1] xle.a(27): Scheduling job Id: 9001, L: 30000, D: 75557011, C: false, I: true, N: 2
08-05 22:00:06.529 15866 15866 I Finsky  : [1] xle.a(10): Throttling wakeup for job 9002 (expected to run in 0 ms) due to recent wakeup
08-05 22:00:06.530 15866 15866 I Finsky  : [1] xle.a(27): Scheduling job Id: 9002, L: 30000, D: 75557053, C: true, I: true, N: 2
08-05 22:00:06.531 22138 22149 I art     : Explicit concurrent mark sweep GC freed 147(2496B) AllocSpace objects, 0(0B) LOS objects, 27% free, 42MB/58MB, paused 387us total 22.636ms
08-05 22:00:06.531 15866 15866 I Finsky  : [1] xle.a(27): Scheduling job Id: 9006, L: 4993867, D: 5893867, C: false, I: false, N: 0
08-05 22:00:06.533 15866 15866 I Finsky  : [1] xle.a(27): Scheduling job Id: 9007, L: 346404, D: 43546404, C: false, I: false, N: 1
08-05 22:00:06.534 15866 15866 I Finsky  : [1] xle.a(10): Throttling wakeup for job 9009 (expected to run in 0 ms) due to recent wakeup
08-05 22:00:06.534 15866 15866 I Finsky  : [1] xle.a(27): Scheduling job Id: 9009, L: 30000, D: 75557011, C: false, I: true, N: 2
08-05 22:00:06.535 15866 15866 I Finsky  : [1] xle.a(10): Throttling wakeup for job 9010 (expected to run in 0 ms) due to recent wakeup
08-05 22:00:06.536 15866 15866 I Finsky  : [1] xle.a(27): Scheduling job Id: 9010, L: 30000, D: 75557053, C: true, I: true, N: 2
08-05 22:00:06.537 15866 15866 I Finsky  : [1] xle.a(27): Scheduling job Id: 9011, L: 4993867, D: 5893867, C: false, I: false, N: 0
08-05 22:00:06.639   512  2967 D audio_hw_primary: disable_audio_route: reset and update mixer path: low-latency-playback speaker
08-05 22:00:06.641   512  2967 D audio_hw_primary: disable_snd_device: snd_device(2: speaker)
08-05 22:00:06.649   512  2967 I soundtrigger: audio_extn_sound_trigger_update_device_status: device 0x2 of type 0 for Event 0
08-05 22:00:06.668   918  3714 I ActivityManager: Killing 14193:nappatfpr.com.newsblur/u0a682 (adj 15): empty #17
08-05 22:00:06.816 22138 22530 I NAPPA_EXPERIMENTATION: MetricNetworkRequestExecutionTime: REQUEST_DURATION_SYSTEM='715',REQUEST_DURATION_OKHTTP='40',REQUEST_SYNCHRONOUS='FALSE',RESPONSE_CODE='200',RESPONSE_METHOD='GET',RESPONSE_LENGTH_OKHTTP='55024',RESPONSE_LENGTH_HEADER='55024',REQUEST_PROTOCOL='http/1.1',REQUEST_URL='https://project-travel-mate.herokuapp.com/api/get-city-information/1',
08-05 22:00:06.832 22138 22150 I art     : Starting a blocking GC Explicit
08-05 22:00:06.858 22138 22150 I art     : Explicit concurrent mark sweep GC freed 5090(245KB) AllocSpace objects, 8(512KB) LOS objects, 26% free, 43MB/59MB, paused 535us total 25.898ms
08-05 22:00:06.869 22138 22150 I art     : Starting a blocking GC Explicit
08-05 22:00:06.895 22138 22150 I art     : Explicit concurrent mark sweep GC freed 1084(119KB) AllocSpace objects, 0(0B) LOS objects, 27% free, 43MB/59MB, paused 600us total 25.134ms
08-05 22:00:06.907 22138 22150 I art     : Starting a blocking GC Explicit
08-05 22:00:06.931 22138 22150 I art     : Explicit concurrent mark sweep GC freed 650(741KB) AllocSpace objects, 8(256KB) LOS objects, 26% free, 43MB/59MB, paused 716us total 24.127ms
08-05 22:00:06.943 22138 22150 I art     : Starting a blocking GC Explicit
08-05 22:00:06.968 22138 22150 I art     : Explicit concurrent mark sweep GC freed 657(486KB) AllocSpace objects, 8(152KB) LOS objects, 26% free, 43MB/59MB, paused 807us total 25.077ms
08-05 22:00:06.969 13866 13866 I GoogleInputMethodServic: GoogleInputMethodService.onFinishInput():3138 
08-05 22:00:06.970 13866 13866 I GoogleInputMethodServic: GoogleInputMethodService.onStartInput():1808 
08-05 22:00:06.980 22138 22150 I art     : Starting a blocking GC Explicit
08-05 22:00:07.006 22138 22150 I art     : Explicit concurrent mark sweep GC freed 294(6KB) AllocSpace objects, 1(4MB) LOS objects, 29% free, 39MB/55MB, paused 448us total 25.760ms
08-05 22:00:07.338 22138 22149 I art     : Starting a blocking GC Explicit
08-05 22:00:07.368 22138 22149 I art     : Explicit concurrent mark sweep GC freed 2941(107KB) AllocSpace objects, 2(40KB) LOS objects, 29% free, 39MB/55MB, paused 450us total 29.176ms
08-05 22:00:07.380 22138 22149 I art     : Starting a blocking GC Explicit
08-05 22:00:07.408 22138 22149 I art     : Explicit concurrent mark sweep GC freed 238(4KB) AllocSpace objects, 0(0B) LOS objects, 29% free, 39MB/55MB, paused 414us total 27.376ms
08-05 22:00:07.408 22138 22148 I art     : WaitForGcToComplete blocked for 8.061ms for cause HeapTrim
08-05 22:00:07.420 22138 22149 I art     : Starting a blocking GC Explicit
08-05 22:00:07.448 22138 22149 I art     : Explicit concurrent mark sweep GC freed 146(2464B) AllocSpace objects, 0(0B) LOS objects, 29% free, 39MB/55MB, paused 424us total 27.713ms
08-05 22:00:07.461 22138 22149 I art     : Starting a blocking GC Explicit
08-05 22:00:07.488 22138 22149 I art     : Explicit concurrent mark sweep GC freed 201(3KB) AllocSpace objects, 0(0B) LOS objects, 29% free, 39MB/55MB, paused 551us total 27.460ms
08-05 22:00:07.501 22138 22149 I art     : Starting a blocking GC Explicit
08-05 22:00:07.530 22138 22149 I art     : Explicit concurrent mark sweep GC freed 167(2864B) AllocSpace objects, 0(0B) LOS objects, 29% free, 39MB/55MB, paused 452us total 29.132ms
08-05 22:00:07.882 22138 22205 I art     : Starting a blocking GC Explicit
08-05 22:00:07.913 22138 22205 I art     : Explicit concurrent mark sweep GC freed 3104(110KB) AllocSpace objects, 2(40KB) LOS objects, 29% free, 39MB/55MB, paused 431us total 30.357ms
08-05 22:00:07.926 22138 22205 I art     : Starting a blocking GC Explicit
08-05 22:00:07.955 22138 22205 I art     : Explicit concurrent mark sweep GC freed 209(3KB) AllocSpace objects, 0(0B) LOS objects, 29% free, 39MB/55MB, paused 469us total 28.551ms
08-05 22:00:07.968 22138 22205 I art     : Starting a blocking GC Explicit
08-05 22:00:07.994 22138 22205 I art     : Explicit concurrent mark sweep GC freed 183(3KB) AllocSpace objects, 0(0B) LOS objects, 29% free, 39MB/55MB, paused 401us total 25.954ms
08-05 22:00:08.007 22138 22205 I art     : Starting a blocking GC Explicit
08-05 22:00:08.034 22138 22205 I art     : Explicit concurrent mark sweep GC freed 147(2496B) AllocSpace objects, 0(0B) LOS objects, 29% free, 39MB/55MB, paused 410us total 26.243ms
08-05 22:00:08.046 22138 22205 I art     : Starting a blocking GC Explicit
08-05 22:00:08.074 22138 22205 I art     : Explicit concurrent mark sweep GC freed 219(3KB) AllocSpace objects, 0(0B) LOS objects, 29% free, 39MB/55MB, paused 410us total 27.183ms
08-05 22:00:08.438 22138 22150 I art     : Starting a blocking GC Explicit
08-05 22:00:08.468 22138 22150 I art     : Explicit concurrent mark sweep GC freed 3080(109KB) AllocSpace objects, 2(40KB) LOS objects, 29% free, 39MB/55MB, paused 452us total 29.364ms
08-05 22:00:08.480 22138 22150 I art     : Starting a blocking GC Explicit
08-05 22:00:08.508 22138 22150 I art     : Explicit concurrent mark sweep GC freed 239(4KB) AllocSpace objects, 0(0B) LOS objects, 29% free, 39MB/55MB, paused 405us total 27.368ms
08-05 22:00:08.520 22138 22150 I art     : Starting a blocking GC Explicit
08-05 22:00:08.549 22138 22150 I art     : Explicit concurrent mark sweep GC freed 146(2464B) AllocSpace objects, 0(0B) LOS objects, 29% free, 39MB/55MB, paused 424us total 27.958ms
08-05 22:00:08.561 22138 22150 I art     : Starting a blocking GC Explicit
08-05 22:00:08.589 22138 22150 I art     : Explicit concurrent mark sweep GC freed 168(2848B) AllocSpace objects, 0(0B) LOS objects, 29% free, 39MB/55MB, paused 535us total 27.634ms
08-05 22:00:08.602 22138 22150 I art     : Starting a blocking GC Explicit
08-05 22:00:08.629 22138 22150 I art     : Explicit concurrent mark sweep GC freed 199(3KB) AllocSpace objects, 0(0B) LOS objects, 29% free, 39MB/55MB, paused 417us total 27.185ms
08-05 22:00:09.003 22138 22149 I art     : Starting a blocking GC Explicit
08-05 22:00:09.033 22138 22149 I art     : Explicit concurrent mark sweep GC freed 3165(111KB) AllocSpace objects, 2(40KB) LOS objects, 29% free, 39MB/55MB, paused 418us total 29.603ms
08-05 22:00:09.048 22138 22149 I art     : Starting a blocking GC Explicit
08-05 22:00:09.074 22138 22149 I art     : Explicit concurrent mark sweep GC freed 253(5KB) AllocSpace objects, 0(0B) LOS objects, 29% free, 39MB/55MB, paused 479us total 25.653ms
08-05 22:00:09.087 22138 22149 I art     : Starting a blocking GC Explicit
08-05 22:00:09.114 22138 22149 I art     : Explicit concurrent mark sweep GC freed 148(2528B) AllocSpace objects, 0(0B) LOS objects, 29% free, 39MB/55MB, paused 412us total 26.921ms
08-05 22:00:09.126 22138 22149 I art     : Starting a blocking GC Explicit
08-05 22:00:09.153 22138 22149 I art     : Explicit concurrent mark sweep GC freed 147(2496B) AllocSpace objects, 0(0B) LOS objects, 29% free, 39MB/55MB, paused 381us total 26.725ms
08-05 22:00:09.165 22138 22149 I art     : Starting a blocking GC Explicit
08-05 22:00:09.192 22138 22149 I art     : Explicit concurrent mark sweep GC freed 219(3KB) AllocSpace objects, 0(0B) LOS objects, 29% free, 39MB/55MB, paused 409us total 26.895ms
08-05 22:00:09.567 22138 22205 I art     : Starting a blocking GC Explicit
08-05 22:00:09.597 22138 22205 I art     : Explicit concurrent mark sweep GC freed 3154(111KB) AllocSpace objects, 2(40KB) LOS objects, 29% free, 39MB/55MB, paused 420us total 28.664ms
08-05 22:00:09.609 22138 22205 I art     : Starting a blocking GC Explicit
08-05 22:00:09.637 22138 22205 I art     : Explicit concurrent mark sweep GC freed 166(3KB) AllocSpace objects, 0(0B) LOS objects, 29% free, 39MB/55MB, paused 458us total 27.296ms
08-05 22:00:09.649 22138 22205 I art     : Starting a blocking GC Explicit
08-05 22:00:09.677 22138 22205 I art     : Explicit concurrent mark sweep GC freed 219(3KB) AllocSpace objects, 0(0B) LOS objects, 29% free, 39MB/55MB, paused 429us total 27.262ms
08-05 22:00:09.690 22138 22205 I art     : Starting a blocking GC Explicit
08-05 22:00:09.719 22138 22205 I art     : Explicit concurrent mark sweep GC freed 146(2464B) AllocSpace objects, 0(0B) LOS objects, 29% free, 39MB/55MB, paused 421us total 28.521ms
08-05 22:00:09.731 22138 22205 I art     : Starting a blocking GC Explicit
08-05 22:00:09.759 22138 22205 I art     : Explicit concurrent mark sweep GC freed 219(3KB) AllocSpace objects, 0(0B) LOS objects, 29% free, 39MB/55MB, paused 428us total 27.504ms
08-05 22:00:10.130 22138 22150 I art     : Starting a blocking GC Explicit
08-05 22:00:10.160 22138 22150 I art     : Explicit concurrent mark sweep GC freed 3154(111KB) AllocSpace objects, 2(40KB) LOS objects, 29% free, 39MB/55MB, paused 471us total 29.936ms
08-05 22:00:10.175 22138 22150 I art     : Starting a blocking GC Explicit
08-05 22:00:10.202 22138 22150 I art     : Explicit concurrent mark sweep GC freed 167(3KB) AllocSpace objects, 0(0B) LOS objects, 29% free, 39MB/55MB, paused 407us total 26.577ms
08-05 22:00:10.214 22138 22150 I art     : Starting a blocking GC Explicit
08-05 22:00:10.241 22138 22150 I art     : Explicit concurrent mark sweep GC freed 152(2576B) AllocSpace objects, 0(0B) LOS objects, 29% free, 39MB/55MB, paused 490us total 26.445ms
08-05 22:00:10.253 22138 22150 I art     : Starting a blocking GC Explicit
08-05 22:00:10.281 22138 22150 I art     : Explicit concurrent mark sweep GC freed 214(3KB) AllocSpace objects, 0(0B) LOS objects, 29% free, 39MB/55MB, paused 405us total 27.870ms
08-05 22:00:10.293 22138 22150 I art     : Starting a blocking GC Explicit
08-05 22:00:10.320 22138 22150 I art     : Explicit concurrent mark sweep GC freed 147(2496B) AllocSpace objects, 0(0B) LOS objects, 29% free, 39MB/55MB, paused 395us total 26.230ms
08-05 22:00:10.692 22138 22149 I art     : Starting a blocking GC Explicit
08-05 22:00:10.721 22138 22149 I art     : Explicit concurrent mark sweep GC freed 3154(111KB) AllocSpace objects, 2(40KB) LOS objects, 29% free, 39MB/55MB, paused 410us total 28.513ms
08-05 22:00:10.733 22138 22149 I art     : Starting a blocking GC Explicit
08-05 22:00:10.739 22629 22629 D AndroidRuntime: >>>>>> START com.android.internal.os.RuntimeInit uid 2000 <<<<<<
08-05 22:00:10.744 22629 22629 D AndroidRuntime: CheckJNI is OFF
08-05 22:00:10.760 22138 22149 I art     : Explicit concurrent mark sweep GC freed 238(4KB) AllocSpace objects, 0(0B) LOS objects, 29% free, 39MB/55MB, paused 395us total 26.458ms
08-05 22:00:10.771 22138 22149 I art     : Starting a blocking GC Explicit
08-05 22:00:10.779 22629 22629 D ICU     : No timezone override file found: /data/misc/zoneinfo/current/icu/icu_tzdata.dat
08-05 22:00:10.798 22138 22149 I art     : Explicit concurrent mark sweep GC freed 147(2496B) AllocSpace objects, 0(0B) LOS objects, 29% free, 39MB/55MB, paused 440us total 25.996ms
08-05 22:00:10.810 22138 22149 I art     : Starting a blocking GC Explicit
08-05 22:00:10.815 22629 22629 I Radio-JNI: register_android_hardware_Radio DONE
08-05 22:00:10.835 22138 22149 I art     : Explicit concurrent mark sweep GC freed 147(2496B) AllocSpace objects, 0(0B) LOS objects, 29% free, 39MB/55MB, paused 384us total 24.470ms
08-05 22:00:10.836 22629 22629 D AndroidRuntime: Calling main entry com.android.commands.input.Input
08-05 22:00:10.838 22629 22629 I Input   : injectKeyEvent: KeyEvent { action=ACTION_DOWN, keyCode=KEYCODE_BACK, scanCode=0, metaState=0, flags=0x0, repeatCount=0, eventTime=828027251, downTime=828027251, deviceId=-1, source=0x101 }
08-05 22:00:10.844 22629 22629 I Input   : injectKeyEvent: KeyEvent { action=ACTION_UP, keyCode=KEYCODE_BACK, scanCode=0, metaState=0, flags=0x0, repeatCount=0, eventTime=828027251, downTime=828027251, deviceId=-1, source=0x101 }
08-05 22:00:10.847 22138 22149 I art     : Starting a blocking GC Explicit
08-05 22:00:10.850 22629 22629 D AndroidRuntime: Shutting down VM
08-05 22:00:10.870 22138 22149 I art     : Explicit concurrent mark sweep GC freed 198(4KB) AllocSpace objects, 0(0B) LOS objects, 29% free, 39MB/55MB, paused 384us total 23.725ms
08-05 22:00:10.884 13866 13866 I GoogleInputMethodServic: GoogleInputMethodService.onFinishInput():3138 
08-05 22:00:10.885 13866 13866 I GoogleInputMethodServic: GoogleInputMethodService.onStartInput():1808 
08-05 22:00:11.174   380   380 W SurfaceFlinger: couldn't log to binary event log: overflow.
08-05 22:00:11.198 22138 22205 I art     : Starting a blocking GC Explicit
08-05 22:00:11.224 22138 22205 I art     : Explicit concurrent mark sweep GC freed 2969(109KB) AllocSpace objects, 4(404KB) LOS objects, 29% free, 38MB/54MB, paused 414us total 25.643ms
08-05 22:00:11.236 22138 22205 I art     : Starting a blocking GC Explicit
08-05 22:00:11.239 13866 13882 I PeriodicStatsRunner: PeriodicStatsRunner.call():175 call()
08-05 22:00:11.239 13866 13882 I PeriodicStatsRunner: PeriodicStatsRunner.call():179 No submit PeriodicStats since input started.
08-05 22:00:11.260 22138 22205 I art     : Explicit concurrent mark sweep GC freed 4844(341KB) AllocSpace objects, 7(132KB) LOS objects, 29% free, 38MB/54MB, paused 392us total 24.044ms
08-05 22:00:11.272 22138 22205 I art     : Starting a blocking GC Explicit
08-05 22:00:11.298 22138 22205 I art     : Explicit concurrent mark sweep GC freed 99(1696B) AllocSpace objects, 0(0B) LOS objects, 29% free, 38MB/54MB, paused 396us total 26.224ms
08-05 22:00:11.310 22138 22205 I art     : Starting a blocking GC Explicit
08-05 22:00:11.336 22138 22205 I art     : Explicit concurrent mark sweep GC freed 99(1696B) AllocSpace objects, 0(0B) LOS objects, 29% free, 38MB/54MB, paused 402us total 25.534ms
08-05 22:00:11.348 22138 22205 I art     : Starting a blocking GC Explicit
08-05 22:00:11.372 22138 22205 I art     : Explicit concurrent mark sweep GC freed 99(1696B) AllocSpace objects, 0(0B) LOS objects, 29% free, 38MB/54MB, paused 400us total 23.763ms
08-05 22:00:11.706 22138 22149 I art     : Starting a blocking GC Explicit
08-05 22:00:11.729 22138 22149 I art     : Explicit concurrent mark sweep GC freed 2481(100KB) AllocSpace objects, 2(40KB) LOS objects, 29% free, 38MB/54MB, paused 370us total 22.057ms
08-05 22:00:11.741 22138 22149 I art     : Starting a blocking GC Explicit
08-05 22:00:11.762 22138 22149 I art     : Explicit concurrent mark sweep GC freed 117(2352B) AllocSpace objects, 0(0B) LOS objects, 29% free, 38MB/54MB, paused 366us total 20.776ms
08-05 22:00:11.773 22138 22149 I art     : Starting a blocking GC Explicit
08-05 22:00:11.789   918  3261 D WifiStateMachine: starting scan for "H369AA63323"WPA_PSK with 2412,5180
08-05 22:00:11.794 22138 22149 I art     : Explicit concurrent mark sweep GC freed 100(1728B) AllocSpace objects, 0(0B) LOS objects, 29% free, 38MB/54MB, paused 381us total 20.793ms
08-05 22:00:11.805 22138 22149 I art     : Starting a blocking GC Explicit
08-05 22:00:11.826 22138 22149 I art     : Explicit concurrent mark sweep GC freed 99(1696B) AllocSpace objects, 0(0B) LOS objects, 29% free, 38MB/54MB, paused 369us total 20.827ms
08-05 22:00:11.837 22138 22149 I art     : Starting a blocking GC Explicit
08-05 22:00:11.859 22138 22149 I art     : Explicit concurrent mark sweep GC freed 64(1408B) AllocSpace objects, 0(0B) LOS objects, 29% free, 38MB/54MB, paused 467us total 21.135ms
08-05 22:00:11.970 13866 13882 I PeriodicStatsRunner: PeriodicStatsRunner.call():175 call()
08-05 22:00:11.970 13866 13882 I PeriodicStatsRunner: PeriodicStatsRunner.call():179 No submit PeriodicStats since input started.
08-05 22:00:12.175 22138 22205 I art     : Starting a blocking GC Explicit
08-05 22:00:12.200 22138 22205 I art     : Explicit concurrent mark sweep GC freed 2448(100KB) AllocSpace objects, 2(40KB) LOS objects, 29% free, 38MB/54MB, paused 446us total 24.775ms
08-05 22:00:12.212 22138 22205 I art     : Starting a blocking GC Explicit
08-05 22:00:12.237 22138 22205 I art     : Explicit concurrent mark sweep GC freed 123(2640B) AllocSpace objects, 0(0B) LOS objects, 29% free, 38MB/54MB, paused 520us total 24.587ms
08-05 22:00:12.249 22138 22205 I art     : Starting a blocking GC Explicit
08-05 22:00:12.274 22138 22205 I art     : Explicit concurrent mark sweep GC freed 99(1696B) AllocSpace objects, 0(0B) LOS objects, 29% free, 38MB/54MB, paused 415us total 24.252ms
08-05 22:00:12.286 22138 22205 I art     : Starting a blocking GC Explicit
08-05 22:00:12.310 22138 22205 I art     : Explicit concurrent mark sweep GC freed 146(2464B) AllocSpace objects, 0(0B) LOS objects, 29% free, 38MB/54MB, paused 430us total 24.358ms
08-05 22:00:12.322 22138 22205 I art     : Starting a blocking GC Explicit
08-05 22:00:12.347 22138 22205 I art     : Explicit concurrent mark sweep GC freed 100(1728B) AllocSpace objects, 0(0B) LOS objects, 29% free, 38MB/54MB, paused 415us total 24.626ms
08-05 22:00:12.492 22682 22682 D AndroidRuntime: >>>>>> START com.android.internal.os.RuntimeInit uid 2000 <<<<<<
08-05 22:00:12.498 22682 22682 D AndroidRuntime: CheckJNI is OFF
08-05 22:00:12.528 22682 22682 D ICU     : No timezone override file found: /data/misc/zoneinfo/current/icu/icu_tzdata.dat
08-05 22:00:12.559 22682 22682 I Radio-JNI: register_android_hardware_Radio DONE
08-05 22:00:12.581 22682 22682 D AndroidRuntime: Calling main entry com.android.commands.input.Input
08-05 22:00:12.583 22682 22682 I Input   : injectMotionEvent: MotionEvent { action=ACTION_DOWN, actionButton=0, id[0]=0, x[0]=504.0, y[0]=1706.0, toolType[0]=TOOL_TYPE_UNKNOWN, buttonState=0, metaState=0, flags=0x0, edgeFlags=0x0, pointerCount=1, historySize=0, eventTime=828028996, downTime=828028996, deviceId=0, source=0x1002 }
08-05 22:00:12.588 22682 22682 I Input   : injectMotionEvent: MotionEvent { action=ACTION_UP, actionButton=0, id[0]=0, x[0]=504.0, y[0]=1706.0, toolType[0]=TOOL_TYPE_UNKNOWN, buttonState=0, metaState=0, flags=0x0, edgeFlags=0x0, pointerCount=1, historySize=0, eventTime=828028996, downTime=828028996, deviceId=0, source=0x1002 }
08-05 22:00:12.590 22682 22682 D AndroidRuntime: Shutting down VM
08-05 22:00:12.592   512  2967 D audio_hw_primary: out_set_parameters: enter: usecase(1: low-latency-playback) kvpairs: routing=2
08-05 22:00:12.594   918  3670 I ActivityManager: START u0 {cmp=baseline.io.github.project_travel_mate/.destinations.funfacts.FunFactsActivity (has extras)} from uid 10674 on display 0
08-05 22:00:12.605   512  2967 D audio_hw_primary: select_devices: out_snd_device(2: speaker) in_snd_device(0: none)
08-05 22:00:12.605   512  2967 D msm8974_platform: platform_send_audio_calibration: sending audio calibration for snd_device(2) acdb_id(15)
08-05 22:00:12.605   512  2967 I soundtrigger: audio_extn_sound_trigger_update_device_status: device 0x2 of type 0 for Event 1
08-05 22:00:12.618   512  2967 D audio_hw_primary: enable_snd_device: snd_device(2: speaker)
08-05 22:00:12.620 22138 22203 D Gabe    : call	returning from cache
08-05 22:00:12.620   512  2967 D audio_hw_primary: enable_audio_route: apply and update mixer path: low-latency-playback speaker
08-05 22:00:12.622 22138 22138 V EXECUTING: https://project-travel-mate.herokuapp.com/api/get-city-facts/1
08-05 22:00:12.664 22138 22149 I art     : Starting a blocking GC Explicit
08-05 22:00:12.692 22138 22149 I art     : Explicit concurrent mark sweep GC freed 4271(282KB) AllocSpace objects, 2(40KB) LOS objects, 27% free, 42MB/58MB, paused 1.469ms total 27.915ms
08-05 22:00:12.705 22138 22149 I art     : Starting a blocking GC Explicit
08-05 22:00:12.729 22138 22149 I art     : Explicit concurrent mark sweep GC freed 212(11KB) AllocSpace objects, 0(0B) LOS objects, 27% free, 42MB/58MB, paused 495us total 24.485ms
08-05 22:00:12.742 22138 22149 I art     : Starting a blocking GC Explicit
08-05 22:00:12.749 13866 13866 I GoogleInputMethodServic: GoogleInputMethodService.onFinishInput():3138 
08-05 22:00:12.749 13866 13866 I GoogleInputMethodServic: GoogleInputMethodService.onStartInput():1808 
08-05 22:00:12.750   918   936 I ActivityManager: Displayed baseline.io.github.project_travel_mate/.destinations.funfacts.FunFactsActivity: +145ms
08-05 22:00:12.766 22138 22149 I art     : Explicit concurrent mark sweep GC freed 134(2784B) AllocSpace objects, 0(0B) LOS objects, 27% free, 42MB/58MB, paused 579us total 23.495ms
08-05 22:00:12.778 22138 22149 I art     : Starting a blocking GC Explicit
08-05 22:00:12.806 22138 22149 I art     : Explicit concurrent mark sweep GC freed 23(448B) AllocSpace objects, 0(0B) LOS objects, 27% free, 42MB/58MB, paused 651us total 27.585ms
08-05 22:00:12.819 22138 22149 I art     : Starting a blocking GC Explicit
08-05 22:00:12.846 22138 22149 I art     : Explicit concurrent mark sweep GC freed 125(2096B) AllocSpace objects, 0(0B) LOS objects, 27% free, 42MB/58MB, paused 597us total 26.448ms
08-05 22:00:13.010   380   380 W SurfaceFlinger: couldn't log to binary event log: overflow.
08-05 22:00:13.152 22138 22149 I art     : Starting a blocking GC Explicit
08-05 22:00:13.158   512  2967 D audio_hw_primary: disable_audio_route: reset and update mixer path: low-latency-playback speaker
08-05 22:00:13.159   512  2967 D audio_hw_primary: disable_snd_device: snd_device(2: speaker)
08-05 22:00:13.166   512  2967 I soundtrigger: audio_extn_sound_trigger_update_device_status: device 0x2 of type 0 for Event 0
08-05 22:00:13.175 22138 22706 I NAPPA_EXPERIMENTATION: MetricNetworkRequestExecutionTime: REQUEST_DURATION_SYSTEM='552',REQUEST_DURATION_OKHTTP='37',REQUEST_SYNCHRONOUS='FALSE',RESPONSE_CODE='200',RESPONSE_METHOD='GET',RESPONSE_LENGTH_OKHTTP='1793',RESPONSE_LENGTH_HEADER='1793',REQUEST_PROTOCOL='http/1.1',REQUEST_URL='https://project-travel-mate.herokuapp.com/api/get-city-facts/1',
08-05 22:00:13.178 22138 22706 V EXECUTING: https://project-travel-mate.herokuapp.com/api/get-city-images/1
08-05 22:00:13.178 22138 22149 I art     : Explicit concurrent mark sweep GC freed 5394(248KB) AllocSpace objects, 5(240KB) LOS objects, 27% free, 42MB/58MB, paused 778us total 26ms
08-05 22:00:13.190 22138 22149 I art     : Starting a blocking GC Explicit
08-05 22:00:13.216 22138 22149 I art     : Explicit concurrent mark sweep GC freed 1576(156KB) AllocSpace objects, 0(0B) LOS objects, 27% free, 43MB/59MB, paused 681us total 24.931ms
08-05 22:00:13.228 22138 22149 I art     : Starting a blocking GC Explicit
08-05 22:00:13.253 22138 22149 I art     : Explicit concurrent mark sweep GC freed 36(1184B) AllocSpace objects, 0(0B) LOS objects, 27% free, 43MB/59MB, paused 676us total 25.178ms
08-05 22:00:13.265 22138 22149 I art     : Starting a blocking GC Explicit
08-05 22:00:13.290 22138 22149 I art     : Explicit concurrent mark sweep GC freed 132(2224B) AllocSpace objects, 0(0B) LOS objects, 27% free, 43MB/59MB, paused 678us total 24.735ms
08-05 22:00:13.302 22138 22149 I art     : Starting a blocking GC Explicit
08-05 22:00:13.326 22138 22149 I art     : Explicit concurrent mark sweep GC freed 17(320B) AllocSpace objects, 0(0B) LOS objects, 27% free, 43MB/59MB, paused 499us total 24.131ms
08-05 22:00:13.510 15748 15748 I ServiceManager: Waiting for service AtCmdFwd...
08-05 22:00:13.630 22138 22150 I art     : Starting a blocking GC Explicit
08-05 22:00:13.655 22138 22150 I art     : Explicit concurrent mark sweep GC freed 2346(97KB) AllocSpace objects, 2(40KB) LOS objects, 27% free, 43MB/59MB, paused 745us total 24.440ms
08-05 22:00:13.667 22138 22150 I art     : Starting a blocking GC Explicit
08-05 22:00:13.691 22138 22150 I art     : Explicit concurrent mark sweep GC freed 155(3KB) AllocSpace objects, 0(0B) LOS objects, 27% free, 43MB/59MB, paused 626us total 24.359ms
08-05 22:00:13.703 22138 22150 I art     : Starting a blocking GC Explicit
08-05 22:00:13.727 22138 22150 I art     : Explicit concurrent mark sweep GC freed 17(320B) AllocSpace objects, 0(0B) LOS objects, 27% free, 43MB/59MB, paused 454us total 24.190ms
08-05 22:00:13.740 22138 22150 I art     : Starting a blocking GC Explicit
08-05 22:00:13.765 22138 22150 I art     : Explicit concurrent mark sweep GC freed 132(2208B) AllocSpace objects, 0(0B) LOS objects, 27% free, 43MB/59MB, paused 753us total 25.033ms
08-05 22:00:13.776 22138 22150 I art     : Starting a blocking GC Explicit
08-05 22:00:13.801 22138 22150 I art     : Explicit concurrent mark sweep GC freed 128(2144B) AllocSpace objects, 0(0B) LOS objects, 27% free, 43MB/59MB, paused 587us total 24.538ms
08-05 22:00:13.889 22138 22718 I NAPPA_EXPERIMENTATION: MetricNetworkRequestExecutionTime: REQUEST_DURATION_SYSTEM='711',REQUEST_DURATION_OKHTTP='42',REQUEST_SYNCHRONOUS='FALSE',RESPONSE_CODE='200',RESPONSE_METHOD='GET',RESPONSE_LENGTH_OKHTTP='183',RESPONSE_LENGTH_HEADER='183',REQUEST_PROTOCOL='http/1.1',REQUEST_URL='https://project-travel-mate.herokuapp.com/api/get-city-images/1',
08-05 22:00:13.929 22138 22718 V RESPONSE: [{"id":17,"image_url":"https://upload.wikimedia.org/wikipedia/commons/9/94/%E0%B4%96%E0%B5%81%E0%B4%A4%E0%B5%8D%E0%B4%AC%E0%B5%8D_%E0%B4%AE%E0%B4%BF%E0%B4%A8%E0%B4%BE%E0%B5%BC1.jpg"}]
08-05 22:00:14.100 22138 22150 I art     : Starting a blocking GC Explicit
08-05 22:00:14.130 22138 22150 I art     : Explicit concurrent mark sweep GC freed 8236(437KB) AllocSpace objects, 6(4MB) LOS objects, 28% free, 39MB/55MB, paused 589us total 30.536ms
08-05 22:00:14.143 22138 22150 I art     : Starting a blocking GC Explicit
08-05 22:00:14.171 22138 22150 I art     : Explicit concurrent mark sweep GC freed 1236(126KB) AllocSpace objects, 0(0B) LOS objects, 28% free, 39MB/55MB, paused 462us total 27.644ms
08-05 22:00:14.182 22138 22150 I art     : Starting a blocking GC Explicit
08-05 22:00:14.210 22138 22150 I art     : Explicit concurrent mark sweep GC freed 147(2496B) AllocSpace objects, 0(0B) LOS objects, 28% free, 39MB/55MB, paused 447us total 27.181ms
08-05 22:00:14.222 22138 22150 I art     : Starting a blocking GC Explicit
08-05 22:00:14.251 22138 22150 I art     : Explicit concurrent mark sweep GC freed 237(4KB) AllocSpace objects, 0(0B) LOS objects, 28% free, 39MB/55MB, paused 465us total 28.162ms
08-05 22:00:14.263 22138 22150 I art     : Starting a blocking GC Explicit
08-05 22:00:14.293 22138 22150 I art     : Explicit concurrent mark sweep GC freed 147(2496B) AllocSpace objects, 0(0B) LOS objects, 28% free, 39MB/55MB, paused 464us total 29.019ms
08-05 22:00:14.510 15748 15748 I ServiceManager: Waiting for service AtCmdFwd...
08-05 22:00:14.676 22138 22205 I art     : Starting a blocking GC Explicit
08-05 22:00:14.707 22138 22205 I art     : Explicit concurrent mark sweep GC freed 3247(113KB) AllocSpace objects, 2(40KB) LOS objects, 28% free, 39MB/55MB, paused 456us total 31.024ms
08-05 22:00:14.721 22138 22205 I art     : Starting a blocking GC Explicit
08-05 22:00:14.748 22138 22205 I art     : Explicit concurrent mark sweep GC freed 238(4KB) AllocSpace objects, 0(0B) LOS objects, 28% free, 39MB/55MB, paused 446us total 27.280ms
08-05 22:00:14.761 22138 22205 I art     : Starting a blocking GC Explicit
08-05 22:00:14.788 22138 22205 I art     : Explicit concurrent mark sweep GC freed 146(2464B) AllocSpace objects, 0(0B) LOS objects, 28% free, 39MB/55MB, paused 461us total 27.546ms
08-05 22:00:14.801 22138 22205 I art     : Starting a blocking GC Explicit
08-05 22:00:14.829 22138 22205 I art     : Explicit concurrent mark sweep GC freed 163(2768B) AllocSpace objects, 0(0B) LOS objects, 28% free, 39MB/55MB, paused 598us total 28.041ms
08-05 22:00:14.841 22138 22205 I art     : Starting a blocking GC Explicit
08-05 22:00:14.869 22138 22205 I art     : Explicit concurrent mark sweep GC freed 211(3KB) AllocSpace objects, 0(0B) LOS objects, 28% free, 39MB/55MB, paused 458us total 27.123ms
08-05 22:00:14.890   518   646 I ThermalEngine: ACTION: GPU - Setting GPU[0] to 450000000
08-05 22:00:15.254 22138 22149 I art     : Starting a blocking GC Explicit
08-05 22:00:15.294 22138 22149 I art     : Explicit concurrent mark sweep GC freed 3244(113KB) AllocSpace objects, 2(40KB) LOS objects, 28% free, 39MB/55MB, paused 632us total 39.077ms
08-05 22:00:15.313 22138 22149 I art     : Starting a blocking GC Explicit
08-05 22:00:15.347 22138 22149 I art     : Explicit concurrent mark sweep GC freed 261(4KB) AllocSpace objects, 0(0B) LOS objects, 28% free, 39MB/55MB, paused 787us total 33.490ms
08-05 22:00:15.363 22138 22149 I art     : Starting a blocking GC Explicit
08-05 22:00:15.396 22138 22149 I art     : Explicit concurrent mark sweep GC freed 206(3KB) AllocSpace objects, 0(0B) LOS objects, 28% free, 39MB/55MB, paused 684us total 32.560ms
08-05 22:00:15.402 22751 22751 D AndroidRuntime: >>>>>> START com.android.internal.os.RuntimeInit uid 2000 <<<<<<
08-05 22:00:15.409 22751 22751 D AndroidRuntime: CheckJNI is OFF
08-05 22:00:15.412 22138 22149 I art     : Starting a blocking GC Explicit
08-05 22:00:15.446 22138 22149 I art     : Explicit concurrent mark sweep GC freed 220(3KB) AllocSpace objects, 0(0B) LOS objects, 28% free, 39MB/55MB, paused 698us total 34.178ms
08-05 22:00:15.452 22751 22751 D ICU     : No timezone override file found: /data/misc/zoneinfo/current/icu/icu_tzdata.dat
08-05 22:00:15.462 22138 22149 I art     : Starting a blocking GC Explicit
08-05 22:00:15.497 22751 22751 I Radio-JNI: register_android_hardware_Radio DONE
08-05 22:00:15.499 22138 22149 I art     : Explicit concurrent mark sweep GC freed 235(3KB) AllocSpace objects, 0(0B) LOS objects, 28% free, 39MB/55MB, paused 751us total 36.036ms
08-05 22:00:15.512 15748 15748 I ServiceManager: Waiting for service AtCmdFwd...
08-05 22:00:15.527 22751 22751 D AndroidRuntime: Calling main entry com.android.commands.input.Input
08-05 22:00:15.529 22751 22751 I Input   : injectKeyEvent: KeyEvent { action=ACTION_DOWN, keyCode=KEYCODE_BACK, scanCode=0, metaState=0, flags=0x0, repeatCount=0, eventTime=828031942, downTime=828031942, deviceId=-1, source=0x101 }
08-05 22:00:15.537 22751 22751 I Input   : injectKeyEvent: KeyEvent { action=ACTION_UP, keyCode=KEYCODE_BACK, scanCode=0, metaState=0, flags=0x0, repeatCount=0, eventTime=828031942, downTime=828031942, deviceId=-1, source=0x101 }
08-05 22:00:15.543 22751 22751 D AndroidRuntime: Shutting down VM
08-05 22:00:15.590 13866 13866 I GoogleInputMethodServic: GoogleInputMethodService.onFinishInput():3138 
08-05 22:00:15.591 13866 13866 I GoogleInputMethodServic: GoogleInputMethodService.onStartInput():1808 
08-05 22:00:15.859 22138 22150 I art     : Starting a blocking GC Explicit
08-05 22:00:15.879   380   380 W SurfaceFlinger: couldn't log to binary event log: overflow.
08-05 22:00:15.886 13866 13882 I PeriodicStatsRunner: PeriodicStatsRunner.call():175 call()
08-05 22:00:15.887 13866 13882 I PeriodicStatsRunner: PeriodicStatsRunner.call():179 No submit PeriodicStats since input started.
08-05 22:00:15.899 22138 22150 I art     : Explicit concurrent mark sweep GC freed 4026(151KB) AllocSpace objects, 5(684KB) LOS objects, 29% free, 38MB/54MB, paused 696us total 39.962ms
08-05 22:00:15.915 22138 22150 I art     : Starting a blocking GC Explicit
08-05 22:00:15.947 22138 22150 I art     : Explicit concurrent mark sweep GC freed 179(5KB) AllocSpace objects, 0(0B) LOS objects, 29% free, 38MB/54MB, paused 625us total 32.319ms
08-05 22:00:15.963 22138 22150 I art     : Starting a blocking GC Explicit
08-05 22:00:15.995 22138 22150 I art     : Explicit concurrent mark sweep GC freed 5554(267KB) AllocSpace objects, 1(28KB) LOS objects, 29% free, 38MB/54MB, paused 600us total 31.638ms
08-05 22:00:16.012 22138 22150 I art     : Starting a blocking GC Explicit
08-05 22:00:16.044 22138 22150 I art     : Explicit concurrent mark sweep GC freed 147(2496B) AllocSpace objects, 0(0B) LOS objects, 29% free, 38MB/54MB, paused 601us total 32.246ms
08-05 22:00:16.060 22138 22150 I art     : Starting a blocking GC Explicit
08-05 22:00:16.093 22138 22150 I art     : Explicit concurrent mark sweep GC freed 149(2560B) AllocSpace objects, 0(0B) LOS objects, 29% free, 38MB/54MB, paused 600us total 32.639ms
08-05 22:00:16.462 22138 22149 I art     : Starting a blocking GC Explicit
08-05 22:00:16.497 22138 22149 I art     : Explicit concurrent mark sweep GC freed 2579(101KB) AllocSpace objects, 2(40KB) LOS objects, 29% free, 38MB/54MB, paused 639us total 35.303ms
08-05 22:00:16.512 15748 15748 I ServiceManager: Waiting for service AtCmdFwd...
08-05 22:00:16.515 22138 22149 I art     : Starting a blocking GC Explicit
08-05 22:00:16.547 22138 22149 I art     : Explicit concurrent mark sweep GC freed 176(3KB) AllocSpace objects, 0(0B) LOS objects, 29% free, 38MB/54MB, paused 843us total 32.218ms
08-05 22:00:16.563 22138 22149 I art     : Starting a blocking GC Explicit
08-05 22:00:16.595 22138 22149 I art     : Explicit concurrent mark sweep GC freed 137(2320B) AllocSpace objects, 0(0B) LOS objects, 29% free, 38MB/54MB, paused 584us total 31.873ms
08-05 22:00:16.612 22138 22149 I art     : Starting a blocking GC Explicit
08-05 22:00:16.625   918  3188 I hubconnection: sensorhub said: 'set_bias 3: -5.3760, 0.0000, 0.0000'
08-05 22:00:16.644 22138 22149 I art     : Explicit concurrent mark sweep GC freed 148(2528B) AllocSpace objects, 0(0B) LOS objects, 29% free, 38MB/54MB, paused 608us total 32.642ms
08-05 22:00:16.661 22138 22149 I art     : Starting a blocking GC Explicit
08-05 22:00:16.694 22138 22149 I art     : Explicit concurrent mark sweep GC freed 147(2496B) AllocSpace objects, 0(0B) LOS objects, 29% free, 38MB/54MB, paused 596us total 32.862ms
08-05 22:00:17.043 22138 22205 I art     : Starting a blocking GC Explicit
08-05 22:00:17.077 22138 22205 I art     : Explicit concurrent mark sweep GC freed 2532(101KB) AllocSpace objects, 2(40KB) LOS objects, 29% free, 38MB/54MB, paused 641us total 33.553ms
08-05 22:00:17.093 22138 22205 I art     : Starting a blocking GC Explicit
08-05 22:00:17.126 22138 22205 I art     : Explicit concurrent mark sweep GC freed 166(3KB) AllocSpace objects, 0(0B) LOS objects, 29% free, 38MB/54MB, paused 619us total 33.235ms
08-05 22:00:17.142 22138 22205 I art     : Starting a blocking GC Explicit
08-05 22:00:17.176 22138 22205 I art     : Explicit concurrent mark sweep GC freed 147(2496B) AllocSpace objects, 0(0B) LOS objects, 29% free, 38MB/54MB, paused 608us total 33.752ms
08-05 22:00:17.192 22138 22205 I art     : Starting a blocking GC Explicit
08-05 22:00:17.227 22138 22205 I art     : Explicit concurrent mark sweep GC freed 147(2496B) AllocSpace objects, 0(0B) LOS objects, 29% free, 38MB/54MB, paused 662us total 34.099ms
08-05 22:00:17.243 22138 22205 I art     : Starting a blocking GC Explicit
08-05 22:00:17.277 22138 22205 I art     : Explicit concurrent mark sweep GC freed 147(2496B) AllocSpace objects, 0(0B) LOS objects, 29% free, 38MB/54MB, paused 682us total 33.546ms
08-05 22:00:17.331 22796 22796 D AndroidRuntime: >>>>>> START com.android.internal.os.RuntimeInit uid 2000 <<<<<<
08-05 22:00:17.337 22796 22796 D AndroidRuntime: CheckJNI is OFF
08-05 22:00:17.382 22796 22796 D ICU     : No timezone override file found: /data/misc/zoneinfo/current/icu/icu_tzdata.dat
08-05 22:00:17.424 22796 22796 I Radio-JNI: register_android_hardware_Radio DONE
08-05 22:00:17.452 22796 22796 D AndroidRuntime: Calling main entry com.android.commands.input.Input
08-05 22:00:17.455 22796 22796 I Input   : injectMotionEvent: MotionEvent { action=ACTION_DOWN, actionButton=0, id[0]=0, x[0]=504.0, y[0]=1706.0, toolType[0]=TOOL_TYPE_UNKNOWN, buttonState=0, metaState=0, flags=0x0, edgeFlags=0x0, pointerCount=1, historySize=0, eventTime=828033867, downTime=828033867, deviceId=0, source=0x1002 }
08-05 22:00:17.460 22796 22796 I Input   : injectMotionEvent: MotionEvent { action=ACTION_UP, actionButton=0, id[0]=0, x[0]=504.0, y[0]=1706.0, toolType[0]=TOOL_TYPE_UNKNOWN, buttonState=0, metaState=0, flags=0x0, edgeFlags=0x0, pointerCount=1, historySize=0, eventTime=828033867, downTime=828033867, deviceId=0, source=0x1002 }
08-05 22:00:17.462 22796 22796 D AndroidRuntime: Shutting down VM
08-05 22:00:17.464   512  2967 D audio_hw_primary: out_set_parameters: enter: usecase(1: low-latency-playback) kvpairs: routing=2
08-05 22:00:17.467   918  4400 I ActivityManager: START u0 {cmp=baseline.io.github.project_travel_mate/.destinations.funfacts.FunFactsActivity (has extras)} from uid 10674 on display 0
08-05 22:00:17.477   512  2967 D audio_hw_primary: select_devices: out_snd_device(2: speaker) in_snd_device(0: none)
08-05 22:00:17.477   512  2967 D msm8974_platform: platform_send_audio_calibration: sending audio calibration for snd_device(2) acdb_id(15)
08-05 22:00:17.477   512  2967 I soundtrigger: audio_extn_sound_trigger_update_device_status: device 0x2 of type 0 for Event 1
08-05 22:00:17.489   512  2967 D audio_hw_primary: enable_snd_device: snd_device(2: speaker)
08-05 22:00:17.491 22138 22203 D Gabe    : call	returning from cache
08-05 22:00:17.491   512  2967 D audio_hw_primary: enable_audio_route: apply and update mixer path: low-latency-playback speaker
08-05 22:00:17.492 22138 22138 V EXECUTING: https://project-travel-mate.herokuapp.com/api/get-city-facts/1
08-05 22:00:17.513 15748 15748 I ServiceManager: Waiting for service AtCmdFwd...
08-05 22:00:17.643 22138 22149 I art     : Starting a blocking GC Explicit
08-05 22:00:17.650 13866 13866 I GoogleInputMethodServic: GoogleInputMethodService.onFinishInput():3138 
08-05 22:00:17.651   918   936 I ActivityManager: Displayed baseline.io.github.project_travel_mate/.destinations.funfacts.FunFactsActivity: +173ms
08-05 22:00:17.651 13866 13866 I GoogleInputMethodServic: GoogleInputMethodService.onStartInput():1808 
08-05 22:00:17.678 22138 22149 I art     : Explicit concurrent mark sweep GC freed 4325(274KB) AllocSpace objects, 2(40KB) LOS objects, 27% free, 43MB/59MB, paused 1.254ms total 34.165ms
08-05 22:00:17.694 22138 22149 I art     : Starting a blocking GC Explicit
08-05 22:00:17.729 22138 22149 I art     : Explicit concurrent mark sweep GC freed 146(6KB) AllocSpace objects, 0(0B) LOS objects, 27% free, 43MB/59MB, paused 705us total 34.389ms
08-05 22:00:17.729 22138 22148 I art     : WaitForGcToComplete blocked for 34.636ms for cause HeapTrim
08-05 22:00:17.745 22138 22149 I art     : Starting a blocking GC Explicit
08-05 22:00:17.750 13866 13882 I PeriodicStatsRunner: PeriodicStatsRunner.call():175 call()
08-05 22:00:17.750 13866 13882 I PeriodicStatsRunner: PeriodicStatsRunner.call():179 No submit PeriodicStats since input started.
08-05 22:00:17.776 22138 22149 I art     : Explicit concurrent mark sweep GC freed 222(3KB) AllocSpace objects, 0(0B) LOS objects, 27% free, 43MB/59MB, paused 628us total 30.476ms
08-05 22:00:17.791 22138 22149 I art     : Starting a blocking GC Explicit
08-05 22:00:17.823 22138 22149 I art     : Explicit concurrent mark sweep GC freed 219(3KB) AllocSpace objects, 0(0B) LOS objects, 27% free, 43MB/59MB, paused 607us total 31.257ms
08-05 22:00:17.839 22138 22149 I art     : Starting a blocking GC Explicit
08-05 22:00:17.870 22138 22149 I art     : Explicit concurrent mark sweep GC freed 237(4KB) AllocSpace objects, 0(0B) LOS objects, 27% free, 43MB/59MB, paused 616us total 30.871ms
08-05 22:00:17.881   380   380 W SurfaceFlinger: couldn't log to binary event log: overflow.
08-05 22:00:18.038   512  2967 D audio_hw_primary: disable_audio_route: reset and update mixer path: low-latency-playback speaker
08-05 22:00:18.039   512  2967 D audio_hw_primary: disable_snd_device: snd_device(2: speaker)
08-05 22:00:18.046   512  2967 I soundtrigger: audio_extn_sound_trigger_update_device_status: device 0x2 of type 0 for Event 0
08-05 22:00:18.221 22138 22205 I art     : Starting a blocking GC Explicit
08-05 22:00:18.257 22138 22205 I art     : Explicit concurrent mark sweep GC freed 5062(234KB) AllocSpace objects, 4(160KB) LOS objects, 26% free, 43MB/59MB, paused 911us total 35.888ms
08-05 22:00:18.274 22138 22205 I art     : Starting a blocking GC Explicit
08-05 22:00:18.292 22138 22829 I NAPPA_EXPERIMENTATION: MetricNetworkRequestExecutionTime: REQUEST_DURATION_SYSTEM='799',REQUEST_DURATION_OKHTTP='46',REQUEST_SYNCHRONOUS='FALSE',RESPONSE_CODE='200',RESPONSE_METHOD='GET',RESPONSE_LENGTH_OKHTTP='1793',RESPONSE_LENGTH_HEADER='1793',REQUEST_PROTOCOL='http/1.1',REQUEST_URL='https://project-travel-mate.herokuapp.com/api/get-city-facts/1',
08-05 22:00:18.294 22138 22829 V EXECUTING: https://project-travel-mate.herokuapp.com/api/get-city-images/1
08-05 22:00:18.305 22138 22205 I art     : Explicit concurrent mark sweep GC freed 1532(159KB) AllocSpace objects, 1(80KB) LOS objects, 26% free, 43MB/59MB, paused 880us total 31.533ms
08-05 22:00:18.321 22138 22205 I art     : Starting a blocking GC Explicit
08-05 22:00:18.353 22138 22205 I art     : Explicit concurrent mark sweep GC freed 268(9KB) AllocSpace objects, 0(0B) LOS objects, 26% free, 43MB/59MB, paused 810us total 31.452ms
08-05 22:00:18.369 22138 22205 I art     : Starting a blocking GC Explicit
08-05 22:00:18.401 22138 22205 I art     : Explicit concurrent mark sweep GC freed 132(2208B) AllocSpace objects, 0(0B) LOS objects, 26% free, 43MB/59MB, paused 851us total 31.325ms
08-05 22:00:18.417 22138 22205 I art     : Starting a blocking GC Explicit
08-05 22:00:18.448 22138 22205 I art     : Explicit concurrent mark sweep GC freed 31(704B) AllocSpace objects, 0(0B) LOS objects, 26% free, 43MB/59MB, paused 880us total 31.600ms
08-05 22:00:18.513 15748 15748 W Atfwd_Sendcmd: AtCmdFwd service not published, waiting... retryCnt : 5
08-05 22:00:18.796 22138 22150 I art     : Starting a blocking GC Explicit
08-05 22:00:18.829 22138 22150 I art     : Explicit concurrent mark sweep GC freed 2221(95KB) AllocSpace objects, 2(40KB) LOS objects, 26% free, 43MB/59MB, paused 963us total 32.182ms
08-05 22:00:18.844 22138 22150 I art     : Starting a blocking GC Explicit
08-05 22:00:18.876 22138 22150 I art     : Explicit concurrent mark sweep GC freed 149(2912B) AllocSpace objects, 0(0B) LOS objects, 26% free, 43MB/59MB, paused 825us total 31.480ms
08-05 22:00:18.892 22138 22150 I art     : Starting a blocking GC Explicit
08-05 22:00:18.924 22138 22150 I art     : Explicit concurrent mark sweep GC freed 110(2016B) AllocSpace objects, 0(0B) LOS objects, 26% free, 43MB/59MB, paused 947us total 31.429ms
08-05 22:00:18.940 22138 22150 I art     : Starting a blocking GC Explicit
08-05 22:00:18.972 22138 22150 I art     : Explicit concurrent mark sweep GC freed 58(1040B) AllocSpace objects, 0(0B) LOS objects, 26% free, 43MB/59MB, paused 872us total 31.791ms
08-05 22:00:18.988 22138 22150 I art     : Starting a blocking GC Explicit
08-05 22:00:19.019 22138 22150 I art     : Explicit concurrent mark sweep GC freed 122(2048B) AllocSpace objects, 0(0B) LOS objects, 26% free, 43MB/59MB, paused 938us total 31.519ms
08-05 22:00:19.123 22138 22844 I NAPPA_EXPERIMENTATION: MetricNetworkRequestExecutionTime: REQUEST_DURATION_SYSTEM='828',REQUEST_DURATION_OKHTTP='38',REQUEST_SYNCHRONOUS='FALSE',RESPONSE_CODE='200',RESPONSE_METHOD='GET',RESPONSE_LENGTH_OKHTTP='183',RESPONSE_LENGTH_HEADER='183',REQUEST_PROTOCOL='http/1.1',REQUEST_URL='https://project-travel-mate.herokuapp.com/api/get-city-images/1',
08-05 22:00:19.160 22138 22844 V RESPONSE: [{"id":17,"image_url":"https://upload.wikimedia.org/wikipedia/commons/9/94/%E0%B4%96%E0%B5%81%E0%B4%A4%E0%B5%8D%E0%B4%AC%E0%B5%8D_%E0%B4%AE%E0%B4%BF%E0%B4%A8%E0%B4%BE%E0%B5%BC1.jpg"}]
08-05 22:00:19.395 22138 22785 I art     : Starting a blocking GC Explicit
08-05 22:00:19.441 22138 22785 I art     : Explicit concurrent mark sweep GC freed 8648(380KB) AllocSpace objects, 6(4MB) LOS objects, 28% free, 39MB/55MB, paused 818us total 45.278ms
08-05 22:00:19.458 22138 22785 I art     : Starting a blocking GC Explicit
08-05 22:00:19.497 22138 22785 I art     : Explicit concurrent mark sweep GC freed 1333(128KB) AllocSpace objects, 0(0B) LOS objects, 28% free, 39MB/55MB, paused 736us total 39.157ms
08-05 22:00:19.514 22138 22785 I art     : Starting a blocking GC Explicit
08-05 22:00:19.554 22138 22785 I art     : Explicit concurrent mark sweep GC freed 300(5KB) AllocSpace objects, 0(0B) LOS objects, 28% free, 39MB/55MB, paused 773us total 39.203ms
08-05 22:00:19.568 15866 15897 I Finsky  : [6071] ktr.run(-1): Stats for Executor: BlockingExecutor kvs@43d8fc2[Running, pool size = 1, active threads = 0, queued tasks = 0, completed tasks = 112]
08-05 22:00:19.571 22138 22785 I art     : Starting a blocking GC Explicit
08-05 22:00:19.572 15866 15897 I Finsky  : [6071] ktr.run(-1): Stats for Executor: LightweightExecutor kvs@20f81d3[Running, pool size = 4, active threads = 0, queued tasks = 0, completed tasks = 77]
08-05 22:00:19.611 22138 22785 I art     : Explicit concurrent mark sweep GC freed 220(3KB) AllocSpace objects, 0(0B) LOS objects, 28% free, 39MB/55MB, paused 695us total 40.162ms
08-05 22:00:19.629 22138 22785 I art     : Starting a blocking GC Explicit
08-05 22:00:19.669 22138 22785 I art     : Explicit concurrent mark sweep GC freed 249(4KB) AllocSpace objects, 0(0B) LOS objects, 28% free, 39MB/55MB, paused 822us total 40.272ms
08-05 22:00:20.025 22138 22150 I art     : Starting a blocking GC Explicit
08-05 22:00:20.065 22138 22150 I art     : Explicit concurrent mark sweep GC freed 3126(110KB) AllocSpace objects, 2(40KB) LOS objects, 28% free, 39MB/55MB, paused 717us total 39.120ms
08-05 22:00:20.085 22138 22150 I art     : Starting a blocking GC Explicit
08-05 22:00:20.123 22138 22150 I art     : Explicit concurrent mark sweep GC freed 289(5KB) AllocSpace objects, 0(0B) LOS objects, 28% free, 39MB/55MB, paused 777us total 37.527ms
08-05 22:00:20.139 22138 22150 I art     : Starting a blocking GC Explicit
08-05 22:00:20.176 22138 22150 I art     : Explicit concurrent mark sweep GC freed 235(3KB) AllocSpace objects, 0(0B) LOS objects, 28% free, 39MB/55MB, paused 726us total 35.917ms
08-05 22:00:20.192 22138 22150 I art     : Starting a blocking GC Explicit
08-05 22:00:20.229 22138 22150 I art     : Explicit concurrent mark sweep GC freed 224(3KB) AllocSpace objects, 0(0B) LOS objects, 28% free, 39MB/55MB, paused 708us total 36.834ms
08-05 22:00:20.246 22138 22150 I art     : Starting a blocking GC Explicit
08-05 22:00:20.272 22866 22866 D AndroidRuntime: >>>>>> START com.android.internal.os.RuntimeInit uid 2000 <<<<<<
08-05 22:00:20.277 22866 22866 D AndroidRuntime: CheckJNI is OFF
08-05 22:00:20.282 22138 22150 I art     : Explicit concurrent mark sweep GC freed 219(3KB) AllocSpace objects, 0(0B) LOS objects, 28% free, 39MB/55MB, paused 695us total 36.169ms
08-05 22:00:20.321 22866 22866 D ICU     : No timezone override file found: /data/misc/zoneinfo/current/icu/icu_tzdata.dat
08-05 22:00:20.365 22866 22866 I Radio-JNI: register_android_hardware_Radio DONE
08-05 22:00:20.394 22866 22866 D AndroidRuntime: Calling main entry com.android.commands.input.Input
08-05 22:00:20.396 22866 22866 I Input   : injectKeyEvent: KeyEvent { action=ACTION_DOWN, keyCode=KEYCODE_BACK, scanCode=0, metaState=0, flags=0x0, repeatCount=0, eventTime=828036809, downTime=828036809, deviceId=-1, source=0x101 }
08-05 22:00:20.405 22866 22866 I Input   : injectKeyEvent: KeyEvent { action=ACTION_UP, keyCode=KEYCODE_BACK, scanCode=0, metaState=0, flags=0x0, repeatCount=0, eventTime=828036809, downTime=828036809, deviceId=-1, source=0x101 }
08-05 22:00:20.412 22866 22866 D AndroidRuntime: Shutting down VM
08-05 22:00:20.493 13866 13866 I GoogleInputMethodServic: GoogleInputMethodService.onFinishInput():3138 
08-05 22:00:20.493 13866 13866 I GoogleInputMethodServic: GoogleInputMethodService.onStartInput():1808 
08-05 22:00:20.591 13866 13882 I PeriodicStatsRunner: PeriodicStatsRunner.call():175 call()
08-05 22:00:20.592 13866 13882 I PeriodicStatsRunner: PeriodicStatsRunner.call():179 No submit PeriodicStats since input started.
08-05 22:00:20.625 15866 15897 I Finsky  : [6071] ktr.run(-1): Stats for Executor: bgExecutor kvs@65ac110[Running, pool size = 4, active threads = 0, queued tasks = 0, completed tasks = 330]
08-05 22:00:20.645 22138 22149 I art     : Starting a blocking GC Explicit
08-05 22:00:20.690 22138 22149 I art     : Explicit concurrent mark sweep GC freed 3164(113KB) AllocSpace objects, 2(40KB) LOS objects, 28% free, 39MB/55MB, paused 903us total 44.447ms
08-05 22:00:20.709 22138 22149 I art     : Starting a blocking GC Explicit
08-05 22:00:20.751 22138 22149 I art     : Explicit concurrent mark sweep GC freed 243(4KB) AllocSpace objects, 0(0B) LOS objects, 28% free, 39MB/55MB, paused 657us total 41.471ms
08-05 22:00:20.772 22138 22149 I art     : Starting a blocking GC Explicit
08-05 22:00:20.784   380   380 W SurfaceFlinger: couldn't log to binary event log: overflow.
08-05 22:00:20.808 22138 22149 I art     : Explicit concurrent mark sweep GC freed 1033(39KB) AllocSpace objects, 3(644KB) LOS objects, 29% free, 39MB/55MB, paused 643us total 36.234ms
08-05 22:00:20.824 22138 22149 I art     : Starting a blocking GC Explicit
08-05 22:00:20.859 22138 22149 I art     : Explicit concurrent mark sweep GC freed 277(9KB) AllocSpace objects, 0(0B) LOS objects, 29% free, 39MB/55MB, paused 719us total 34.579ms
08-05 22:00:20.877 22138 22149 I art     : Starting a blocking GC Explicit
08-05 22:00:20.911 22138 22149 I art     : Explicit concurrent mark sweep GC freed 5473(262KB) AllocSpace objects, 1(28KB) LOS objects, 29% free, 38MB/54MB, paused 610us total 33.738ms
08-05 22:00:21.278 22138 22785 I art     : Starting a blocking GC Explicit
08-05 22:00:21.315 22138 22785 I art     : Explicit concurrent mark sweep GC freed 2589(102KB) AllocSpace objects, 2(40KB) LOS objects, 29% free, 38MB/54MB, paused 677us total 36.475ms
08-05 22:00:21.333 22138 22785 I art     : Starting a blocking GC Explicit
08-05 22:00:21.367 22138 22785 I art     : Explicit concurrent mark sweep GC freed 166(3KB) AllocSpace objects, 0(0B) LOS objects, 29% free, 38MB/54MB, paused 664us total 33.387ms
08-05 22:00:21.383 22138 22785 I art     : Starting a blocking GC Explicit
08-05 22:00:21.415 22138 22785 I art     : Explicit concurrent mark sweep GC freed 147(2496B) AllocSpace objects, 0(0B) LOS objects, 29% free, 38MB/54MB, paused 748us total 32.162ms
08-05 22:00:21.431 22138 22785 I art     : Starting a blocking GC Explicit
08-05 22:00:21.465 22138 22785 I art     : Explicit concurrent mark sweep GC freed 147(2496B) AllocSpace objects, 0(0B) LOS objects, 29% free, 38MB/54MB, paused 657us total 33.275ms
08-05 22:00:21.481 22138 22785 I art     : Starting a blocking GC Explicit
08-05 22:00:21.515 22138 22785 I art     : Explicit concurrent mark sweep GC freed 147(2496B) AllocSpace objects, 0(0B) LOS objects, 29% free, 38MB/54MB, paused 658us total 33.858ms
08-05 22:00:21.864 22138 22150 I art     : Starting a blocking GC Explicit
08-05 22:00:21.899 22138 22150 I art     : Explicit concurrent mark sweep GC freed 2531(101KB) AllocSpace objects, 2(40KB) LOS objects, 29% free, 38MB/54MB, paused 710us total 34.655ms
08-05 22:00:21.916 22138 22150 I art     : Starting a blocking GC Explicit
08-05 22:00:21.949 22138 22150 I art     : Explicit concurrent mark sweep GC freed 166(3KB) AllocSpace objects, 0(0B) LOS objects, 29% free, 38MB/54MB, paused 684us total 32.237ms
08-05 22:00:21.965 22138 22150 I art     : Starting a blocking GC Explicit
08-05 22:00:21.997 22138 22150 I art     : Explicit concurrent mark sweep GC freed 147(2496B) AllocSpace objects, 0(0B) LOS objects, 29% free, 38MB/54MB, paused 731us total 32.314ms
08-05 22:00:22.013 22138 22150 I art     : Starting a blocking GC Explicit
08-05 22:00:22.046 22138 22150 I art     : Explicit concurrent mark sweep GC freed 147(2496B) AllocSpace objects, 0(0B) LOS objects, 29% free, 38MB/54MB, paused 668us total 33.028ms
08-05 22:00:22.062 22138 22150 I art     : Starting a blocking GC Explicit
08-05 22:00:22.097 22138 22150 I art     : Explicit concurrent mark sweep GC freed 144(2432B) AllocSpace objects, 0(0B) LOS objects, 29% free, 38MB/54MB, paused 733us total 34.317ms
08-05 22:00:22.199 22910 22910 D AndroidRuntime: >>>>>> START com.android.internal.os.RuntimeInit uid 2000 <<<<<<
08-05 22:00:22.205 22910 22910 D AndroidRuntime: CheckJNI is OFF
08-05 22:00:22.249 22910 22910 D ICU     : No timezone override file found: /data/misc/zoneinfo/current/icu/icu_tzdata.dat
08-05 22:00:22.292 22910 22910 I Radio-JNI: register_android_hardware_Radio DONE
08-05 22:00:22.319 22910 22910 D AndroidRuntime: Calling main entry com.android.commands.input.Input
08-05 22:00:22.322 22910 22910 I Input   : injectMotionEvent: MotionEvent { action=ACTION_DOWN, actionButton=0, id[0]=0, x[0]=693.0, y[0]=1450.0, toolType[0]=TOOL_TYPE_UNKNOWN, buttonState=0, metaState=0, flags=0x0, edgeFlags=0x0, pointerCount=1, historySize=0, eventTime=828038734, downTime=828038734, deviceId=0, source=0x1002 }
08-05 22:00:22.328 22910 22910 I Input   : injectMotionEvent: MotionEvent { action=ACTION_UP, actionButton=0, id[0]=0, x[0]=693.0, y[0]=1450.0, toolType[0]=TOOL_TYPE_UNKNOWN, buttonState=0, metaState=0, flags=0x0, edgeFlags=0x0, pointerCount=1, historySize=0, eventTime=828038734, downTime=828038734, deviceId=0, source=0x1002 }
08-05 22:00:22.330   918  6111 I ActivityManager: START u0 {cmp=baseline.io.github.project_travel_mate/.destinations.description.CityHistoryActivity} from uid 10674 on display 0
08-05 22:00:22.330 22910 22910 D AndroidRuntime: Shutting down VM
08-05 22:00:22.333   512  2967 D audio_hw_primary: out_set_parameters: enter: usecase(1: low-latency-playback) kvpairs: routing=2
08-05 22:00:22.347   512  2967 D audio_hw_primary: select_devices: out_snd_device(2: speaker) in_snd_device(0: none)
08-05 22:00:22.347   512  2967 D msm8974_platform: platform_send_audio_calibration: sending audio calibration for snd_device(2) acdb_id(15)
08-05 22:00:22.347   512  2967 I soundtrigger: audio_extn_sound_trigger_update_device_status: device 0x2 of type 0 for Event 1
08-05 22:00:22.357   512  2967 D audio_hw_primary: enable_snd_device: snd_device(2: speaker)
08-05 22:00:22.360   512  2967 D audio_hw_primary: enable_audio_route: apply and update mixer path: low-latency-playback speaker
08-05 22:00:22.368 22138 22203 D Gabe    : call	returning from cache
08-05 22:00:22.372 22138 22138 V EXECUTING: https://project-travel-mate.herokuapp.com/api/get-city-information/1
08-05 22:00:22.501 22138 22785 I art     : Starting a blocking GC Explicit
08-05 22:00:22.527   918   936 I ActivityManager: Displayed baseline.io.github.project_travel_mate/.destinations.description.CityHistoryActivity: +188ms
08-05 22:00:22.528 13866 13866 I GoogleInputMethodServic: GoogleInputMethodService.onFinishInput():3138 
08-05 22:00:22.530 13866 13866 I GoogleInputMethodServic: GoogleInputMethodService.onStartInput():1808 
08-05 22:00:22.533 22138 22785 I art     : Explicit concurrent mark sweep GC freed 3388(160KB) AllocSpace objects, 2(40KB) LOS objects, 26% free, 43MB/59MB, paused 851us total 32.093ms
08-05 22:00:22.550 22138 22785 I art     : Starting a blocking GC Explicit
08-05 22:00:22.585 22138 22785 I art     : Explicit concurrent mark sweep GC freed 282(11KB) AllocSpace objects, 0(0B) LOS objects, 26% free, 43MB/59MB, paused 907us total 35.155ms
08-05 22:00:22.602 22138 22785 I art     : Starting a blocking GC Explicit
08-05 22:00:22.635 22138 22785 I art     : Explicit concurrent mark sweep GC freed 122(2112B) AllocSpace objects, 0(0B) LOS objects, 26% free, 43MB/59MB, paused 860us total 33.044ms
08-05 22:00:22.651 13866 13882 I PeriodicStatsRunner: PeriodicStatsRunner.call():175 call()
08-05 22:00:22.651 13866 13882 I PeriodicStatsRunner: PeriodicStatsRunner.call():179 No submit PeriodicStats since input started.
08-05 22:00:22.651 22138 22785 I art     : Starting a blocking GC Explicit
08-05 22:00:22.686 22138 22785 I art     : Explicit concurrent mark sweep GC freed 23(464B) AllocSpace objects, 0(0B) LOS objects, 26% free, 43MB/59MB, paused 968us total 34.657ms
08-05 22:00:22.703 22138 22785 I art     : Starting a blocking GC Explicit
08-05 22:00:22.735 22138 22785 I art     : Explicit concurrent mark sweep GC freed 221(3KB) AllocSpace objects, 0(0B) LOS objects, 26% free, 43MB/59MB, paused 726us total 31.850ms
08-05 22:00:22.770   380   380 W SurfaceFlinger: couldn't log to binary event log: overflow.
08-05 22:00:22.898   512  2967 D audio_hw_primary: disable_audio_route: reset and update mixer path: low-latency-playback speaker
08-05 22:00:22.900   512  2967 D audio_hw_primary: disable_snd_device: snd_device(2: speaker)
08-05 22:00:22.912   512  2967 I soundtrigger: audio_extn_sound_trigger_update_device_status: device 0x2 of type 0 for Event 0
08-05 22:00:23.098 22138 22150 I art     : Starting a blocking GC Explicit
08-05 22:00:23.099 22138 22944 I NAPPA_EXPERIMENTATION: MetricNetworkRequestExecutionTime: REQUEST_DURATION_SYSTEM='726',REQUEST_DURATION_OKHTTP='39',REQUEST_SYNCHRONOUS='FALSE',RESPONSE_CODE='200',RESPONSE_METHOD='GET',RESPONSE_LENGTH_OKHTTP='55024',RESPONSE_LENGTH_HEADER='55024',REQUEST_PROTOCOL='http/1.1',REQUEST_URL='https://project-travel-mate.herokuapp.com/api/get-city-information/1',
08-05 22:00:23.133 22138 22150 I art     : Explicit concurrent mark sweep GC freed 5307(246KB) AllocSpace objects, 8(512KB) LOS objects, 26% free, 43MB/59MB, paused 852us total 33.916ms
08-05 22:00:23.149 22138 22150 I art     : Starting a blocking GC Explicit
08-05 22:00:23.181 22138 22150 I art     : Explicit concurrent mark sweep GC freed 1156(122KB) AllocSpace objects, 0(0B) LOS objects, 26% free, 43MB/59MB, paused 952us total 32.245ms
08-05 22:00:23.197 22138 22150 I art     : Starting a blocking GC Explicit
08-05 22:00:23.230 22138 22150 I art     : Explicit concurrent mark sweep GC freed 627(694KB) AllocSpace objects, 6(216KB) LOS objects, 26% free, 43MB/59MB, paused 1.085ms total 32.915ms
08-05 22:00:23.246 22138 22150 I art     : Starting a blocking GC Explicit
08-05 22:00:23.256 13866 13866 I GoogleInputMethodServic: GoogleInputMethodService.onFinishInput():3138 
08-05 22:00:23.256 13866 13866 I GoogleInputMethodServic: GoogleInputMethodService.onStartInput():1808 
08-05 22:00:23.279 22138 22150 I art     : Explicit concurrent mark sweep GC freed 854(518KB) AllocSpace objects, 10(192KB) LOS objects, 26% free, 43MB/59MB, paused 710us total 33.528ms
08-05 22:00:23.295 22138 22150 I art     : Starting a blocking GC Explicit
08-05 22:00:23.332 22138 22150 I art     : Explicit concurrent mark sweep GC freed 256(5KB) AllocSpace objects, 1(4MB) LOS objects, 28% free, 39MB/55MB, paused 672us total 36.556ms
08-05 22:00:23.698 22138 22149 I art     : Starting a blocking GC Explicit
08-05 22:00:23.737 22138 22149 I art     : Explicit concurrent mark sweep GC freed 3157(111KB) AllocSpace objects, 2(40KB) LOS objects, 28% free, 39MB/55MB, paused 703us total 37.855ms
08-05 22:00:23.753 22138 22149 I art     : Starting a blocking GC Explicit
08-05 22:00:23.789 22138 22149 I art     : Explicit concurrent mark sweep GC freed 259(4KB) AllocSpace objects, 0(0B) LOS objects, 28% free, 39MB/55MB, paused 845us total 36.411ms
08-05 22:00:23.806 22138 22149 I art     : Starting a blocking GC Explicit
08-05 22:00:23.843 22138 22149 I art     : Explicit concurrent mark sweep GC freed 269(4KB) AllocSpace objects, 0(0B) LOS objects, 28% free, 39MB/55MB, paused 729us total 36.919ms
08-05 22:00:23.860 22138 22149 I art     : Starting a blocking GC Explicit
08-05 22:00:23.897 22138 22149 I art     : Explicit concurrent mark sweep GC freed 232(4KB) AllocSpace objects, 0(0B) LOS objects, 28% free, 39MB/55MB, paused 707us total 36.861ms
08-05 22:00:23.913 22138 22149 I art     : Starting a blocking GC Explicit
08-05 22:00:23.951 22138 22149 I art     : Explicit concurrent mark sweep GC freed 235(4KB) AllocSpace objects, 0(0B) LOS objects, 28% free, 39MB/55MB, paused 699us total 36.966ms
08-05 22:00:24.336 22138 22785 I art     : Starting a blocking GC Explicit
08-05 22:00:24.378 22138 22785 I art     : Explicit concurrent mark sweep GC freed 3329(114KB) AllocSpace objects, 2(40KB) LOS objects, 28% free, 39MB/55MB, paused 900us total 42.450ms
08-05 22:00:24.398 22138 22785 I art     : Starting a blocking GC Explicit
08-05 22:00:24.434 22138 22785 I art     : Explicit concurrent mark sweep GC freed 238(4KB) AllocSpace objects, 0(0B) LOS objects, 28% free, 39MB/55MB, paused 681us total 35.907ms
08-05 22:00:24.450 22138 22785 I art     : Starting a blocking GC Explicit
08-05 22:00:24.490 22138 22785 I art     : Explicit concurrent mark sweep GC freed 236(3KB) AllocSpace objects, 0(0B) LOS objects, 28% free, 39MB/55MB, paused 888us total 40.092ms
08-05 22:00:24.507 22138 22785 I art     : Starting a blocking GC Explicit
08-05 22:00:24.547 22138 22785 I art     : Explicit concurrent mark sweep GC freed 274(4KB) AllocSpace objects, 0(0B) LOS objects, 28% free, 39MB/55MB, paused 769us total 39.367ms
08-05 22:00:24.564 22138 22785 I art     : Starting a blocking GC Explicit
08-05 22:00:24.604 22138 22785 I art     : Explicit concurrent mark sweep GC freed 219(3KB) AllocSpace objects, 0(0B) LOS objects, 28% free, 39MB/55MB, paused 686us total 39.820ms
08-05 22:00:25.004 22138 22150 I art     : Starting a blocking GC Explicit
08-05 22:00:25.042 22138 22150 I art     : Explicit concurrent mark sweep GC freed 3328(114KB) AllocSpace objects, 2(40KB) LOS objects, 28% free, 39MB/55MB, paused 821us total 37.266ms
08-05 22:00:25.058 22138 22150 I art     : Starting a blocking GC Explicit
08-05 22:00:25.098 22138 22150 I art     : Explicit concurrent mark sweep GC freed 281(5KB) AllocSpace objects, 0(0B) LOS objects, 28% free, 39MB/55MB, paused 740us total 38.979ms
08-05 22:00:25.114 22138 22150 I art     : Starting a blocking GC Explicit
08-05 22:00:25.152 22138 22150 I art     : Explicit concurrent mark sweep GC freed 219(3KB) AllocSpace objects, 0(0B) LOS objects, 28% free, 39MB/55MB, paused 737us total 37.762ms
08-05 22:00:25.169 22138 22150 I art     : Starting a blocking GC Explicit
08-05 22:00:25.209 22138 22150 I art     : Explicit concurrent mark sweep GC freed 279(4KB) AllocSpace objects, 0(0B) LOS objects, 28% free, 39MB/55MB, paused 787us total 40.027ms
08-05 22:00:25.226 22138 22150 I art     : Starting a blocking GC Explicit
08-05 22:00:25.265 22138 22150 I art     : Explicit concurrent mark sweep GC freed 231(3KB) AllocSpace objects, 0(0B) LOS objects, 28% free, 39MB/55MB, paused 725us total 38.867ms
08-05 22:00:25.493 13866 13882 I PeriodicStatsRunner: PeriodicStatsRunner.call():175 call()
08-05 22:00:25.494 13866 13882 I PeriodicStatsRunner: PeriodicStatsRunner.call():179 No submit PeriodicStats since input started.
08-05 22:00:25.667 22138 22149 I art     : Starting a blocking GC Explicit
08-05 22:00:25.707 22138 22149 I art     : Explicit concurrent mark sweep GC freed 3301(113KB) AllocSpace objects, 2(40KB) LOS objects, 28% free, 39MB/55MB, paused 723us total 39.536ms
08-05 22:00:25.726 22138 22149 I art     : Starting a blocking GC Explicit
08-05 22:00:25.763 22138 22149 I art     : Explicit concurrent mark sweep GC freed 310(5KB) AllocSpace objects, 0(0B) LOS objects, 28% free, 39MB/55MB, paused 691us total 37.412ms
08-05 22:00:25.780 22138 22149 I art     : Starting a blocking GC Explicit
08-05 22:00:25.819 22138 22149 I art     : Explicit concurrent mark sweep GC freed 219(3KB) AllocSpace objects, 0(0B) LOS objects, 28% free, 39MB/55MB, paused 695us total 38.738ms
08-05 22:00:25.835 22138 22149 I art     : Starting a blocking GC Explicit
08-05 22:00:25.875 22138 22149 I art     : Explicit concurrent mark sweep GC freed 226(3KB) AllocSpace objects, 0(0B) LOS objects, 28% free, 39MB/55MB, paused 893us total 39.534ms
08-05 22:00:25.892 22138 22149 I art     : Starting a blocking GC Explicit
08-05 22:00:25.931 22138 22149 I art     : Explicit concurrent mark sweep GC freed 283(4KB) AllocSpace objects, 0(0B) LOS objects, 28% free, 39MB/55MB, paused 755us total 39.420ms
08-05 22:00:26.324 22138 22205 I art     : Starting a blocking GC Explicit
08-05 22:00:26.366 22138 22205 I art     : Explicit concurrent mark sweep GC freed 3300(113KB) AllocSpace objects, 2(40KB) LOS objects, 28% free, 39MB/55MB, paused 752us total 40.736ms
08-05 22:00:26.384 22138 22205 I art     : Starting a blocking GC Explicit
08-05 22:00:26.423 22138 22205 I art     : Explicit concurrent mark sweep GC freed 239(4KB) AllocSpace objects, 0(0B) LOS objects, 28% free, 39MB/55MB, paused 699us total 38.769ms
08-05 22:00:26.440 22138 22205 I art     : Starting a blocking GC Explicit
08-05 22:00:26.478 22138 22205 I art     : Explicit concurrent mark sweep GC freed 290(4KB) AllocSpace objects, 0(0B) LOS objects, 28% free, 39MB/55MB, paused 762us total 38.445ms
08-05 22:00:26.495 22138 22205 I art     : Starting a blocking GC Explicit
08-05 22:00:26.535 22138 22205 I art     : Explicit concurrent mark sweep GC freed 220(3KB) AllocSpace objects, 0(0B) LOS objects, 28% free, 39MB/55MB, paused 697us total 39.076ms
08-05 22:00:26.552 22138 22205 I art     : Starting a blocking GC Explicit
08-05 22:00:26.590 22138 22205 I art     : Explicit concurrent mark sweep GC freed 219(3KB) AllocSpace objects, 0(0B) LOS objects, 28% free, 39MB/55MB, paused 666us total 37.753ms
08-05 22:00:26.983 22138 22785 I art     : Starting a blocking GC Explicit
08-05 22:00:27.022 22138 22785 I art     : Explicit concurrent mark sweep GC freed 3311(114KB) AllocSpace objects, 2(40KB) LOS objects, 28% free, 39MB/55MB, paused 677us total 37.555ms
08-05 22:00:27.040 22138 22785 I art     : Starting a blocking GC Explicit
08-05 22:00:27.075 22138 22785 I art     : Explicit concurrent mark sweep GC freed 248(4KB) AllocSpace objects, 0(0B) LOS objects, 28% free, 39MB/55MB, paused 693us total 34.865ms
08-05 22:00:27.091 22138 22785 I art     : Starting a blocking GC Explicit
08-05 22:00:27.129 22138 22785 I art     : Explicit concurrent mark sweep GC freed 242(3KB) AllocSpace objects, 0(0B) LOS objects, 28% free, 39MB/55MB, paused 928us total 37.635ms
08-05 22:00:27.136 23008 23008 D AndroidRuntime: >>>>>> START com.android.internal.os.RuntimeInit uid 2000 <<<<<<
08-05 22:00:27.142 23008 23008 D AndroidRuntime: CheckJNI is OFF
08-05 22:00:27.145 22138 22785 I art     : Starting a blocking GC Explicit
08-05 22:00:27.183 22138 22785 I art     : Explicit concurrent mark sweep GC freed 266(4KB) AllocSpace objects, 0(0B) LOS objects, 28% free, 39MB/55MB, paused 878us total 37.313ms
08-05 22:00:27.186 23008 23008 D ICU     : No timezone override file found: /data/misc/zoneinfo/current/icu/icu_tzdata.dat
08-05 22:00:27.199 22138 22785 I art     : Starting a blocking GC Explicit
08-05 22:00:27.229 23008 23008 I Radio-JNI: register_android_hardware_Radio DONE
08-05 22:00:27.236 22138 22785 I art     : Explicit concurrent mark sweep GC freed 221(3KB) AllocSpace objects, 0(0B) LOS objects, 28% free, 39MB/55MB, paused 722us total 36.391ms
08-05 22:00:27.259 23008 23008 D AndroidRuntime: Calling main entry com.android.commands.input.Input
08-05 22:00:27.261 23008 23008 I Input   : injectKeyEvent: KeyEvent { action=ACTION_DOWN, keyCode=KEYCODE_BACK, scanCode=0, metaState=0, flags=0x0, repeatCount=0, eventTime=828043674, downTime=828043674, deviceId=-1, source=0x101 }
08-05 22:00:27.268 23008 23008 I Input   : injectKeyEvent: KeyEvent { action=ACTION_UP, keyCode=KEYCODE_BACK, scanCode=0, metaState=0, flags=0x0, repeatCount=0, eventTime=828043674, downTime=828043674, deviceId=-1, source=0x101 }
08-05 22:00:27.275 23008 23008 D AndroidRuntime: Shutting down VM
08-05 22:00:27.321 13866 13866 I GoogleInputMethodServic: GoogleInputMethodService.onFinishInput():3138 
08-05 22:00:27.322 13866 13866 I GoogleInputMethodServic: GoogleInputMethodService.onStartInput():1808 
08-05 22:00:27.532 13866 13882 I PeriodicStatsRunner: PeriodicStatsRunner.call():175 call()
08-05 22:00:27.532 13866 13882 I PeriodicStatsRunner: PeriodicStatsRunner.call():179 No submit PeriodicStats since input started.
08-05 22:00:27.586 22138 22149 I art     : Starting a blocking GC Explicit
08-05 22:00:27.625 22138 22149 I art     : Explicit concurrent mark sweep GC freed 3185(114KB) AllocSpace objects, 2(40KB) LOS objects, 28% free, 39MB/55MB, paused 819us total 38.616ms
08-05 22:00:27.626   380   380 W SurfaceFlinger: couldn't log to binary event log: overflow.
08-05 22:00:27.647 22138 22149 I art     : Starting a blocking GC Explicit
08-05 22:00:27.681 22138 22149 I art     : Explicit concurrent mark sweep GC freed 266(5KB) AllocSpace objects, 1(188KB) LOS objects, 28% free, 39MB/55MB, paused 708us total 33.865ms
08-05 22:00:27.697 22138 22149 I art     : Starting a blocking GC Explicit
08-05 22:00:27.730 22138 22149 I art     : Explicit concurrent mark sweep GC freed 4822(340KB) AllocSpace objects, 7(132KB) LOS objects, 29% free, 38MB/54MB, paused 688us total 32.734ms
08-05 22:00:27.747 22138 22149 I art     : Starting a blocking GC Explicit
08-05 22:00:27.780 22138 22149 I art     : Explicit concurrent mark sweep GC freed 151(2688B) AllocSpace objects, 0(0B) LOS objects, 29% free, 38MB/54MB, paused 684us total 33.131ms
08-05 22:00:27.797 22138 22149 I art     : Starting a blocking GC Explicit
08-05 22:00:27.831 22138 22149 I art     : Explicit concurrent mark sweep GC freed 147(2496B) AllocSpace objects, 0(0B) LOS objects, 29% free, 38MB/54MB, paused 698us total 33.665ms
08-05 22:00:27.910   518   646 I ThermalEngine: ACTION: GPU - Setting GPU[0] to 510000000
08-05 22:00:28.182 22138 22785 I art     : Starting a blocking GC Explicit
08-05 22:00:28.212 22138 22785 I art     : Explicit concurrent mark sweep GC freed 2511(100KB) AllocSpace objects, 2(40KB) LOS objects, 29% free, 38MB/54MB, paused 636us total 28.915ms
08-05 22:00:28.224 22138 22785 I art     : Starting a blocking GC Explicit
08-05 22:00:28.253 22138 22785 I art     : Explicit concurrent mark sweep GC freed 138(2736B) AllocSpace objects, 0(0B) LOS objects, 29% free, 38MB/54MB, paused 529us total 28.295ms
08-05 22:00:28.256 13866 13882 I PeriodicStatsRunner: PeriodicStatsRunner.call():175 call()
08-05 22:00:28.256 13866 13882 I PeriodicStatsRunner: PeriodicStatsRunner.call():179 No submit PeriodicStats since input started.
08-05 22:00:28.265 22138 22785 I art     : Starting a blocking GC Explicit
08-05 22:00:28.293 22138 22785 I art     : Explicit concurrent mark sweep GC freed 100(1712B) AllocSpace objects, 0(0B) LOS objects, 29% free, 38MB/54MB, paused 675us total 28.111ms
08-05 22:00:28.306 22138 22785 I art     : Starting a blocking GC Explicit
08-05 22:00:28.335 22138 22785 I art     : Explicit concurrent mark sweep GC freed 146(2480B) AllocSpace objects, 0(0B) LOS objects, 29% free, 38MB/54MB, paused 512us total 28.365ms
08-05 22:00:28.348 22138 22785 I art     : Starting a blocking GC Explicit
08-05 22:00:28.377 22138 22785 I art     : Explicit concurrent mark sweep GC freed 101(1728B) AllocSpace objects, 0(0B) LOS objects, 29% free, 38MB/54MB, paused 763us total 28.920ms
08-05 22:00:28.691 22138 22150 I art     : Starting a blocking GC Explicit
08-05 22:00:28.719 22138 22150 I art     : Explicit concurrent mark sweep GC freed 2434(99KB) AllocSpace objects, 2(40KB) LOS objects, 29% free, 38MB/54MB, paused 542us total 26.958ms
08-05 22:00:28.731 22138 22150 I art     : Starting a blocking GC Explicit
08-05 22:00:28.759 22138 22150 I art     : Explicit concurrent mark sweep GC freed 118(2384B) AllocSpace objects, 0(0B) LOS objects, 29% free, 38MB/54MB, paused 537us total 27.559ms
08-05 22:00:28.771 22138 22150 I art     : Starting a blocking GC Explicit
08-05 22:00:28.798 22138 22150 I art     : Explicit concurrent mark sweep GC freed 147(2496B) AllocSpace objects, 0(0B) LOS objects, 29% free, 38MB/54MB, paused 552us total 26.509ms
08-05 22:00:28.810 22138 22150 I art     : Starting a blocking GC Explicit
08-05 22:00:28.838 22138 22150 I art     : Explicit concurrent mark sweep GC freed 98(1664B) AllocSpace objects, 0(0B) LOS objects, 29% free, 38MB/54MB, paused 544us total 27.434ms
08-05 22:00:28.850 22138 22150 I art     : Starting a blocking GC Explicit
08-05 22:00:28.877 22138 22150 I art     : Explicit concurrent mark sweep GC freed 100(1728B) AllocSpace objects, 0(0B) LOS objects, 29% free, 38MB/54MB, paused 576us total 26.537ms
08-05 22:00:28.939 23061 23061 D AndroidRuntime: >>>>>> START com.android.internal.os.RuntimeInit uid 2000 <<<<<<
08-05 22:00:28.944 23061 23061 D AndroidRuntime: CheckJNI is OFF
08-05 22:00:28.978 23061 23061 D ICU     : No timezone override file found: /data/misc/zoneinfo/current/icu/icu_tzdata.dat
08-05 22:00:29.010 23061 23061 I Radio-JNI: register_android_hardware_Radio DONE
08-05 22:00:29.032 23061 23061 D AndroidRuntime: Calling main entry com.android.commands.input.Input
08-05 22:00:29.034 23061 23061 I Input   : injectKeyEvent: KeyEvent { action=ACTION_DOWN, keyCode=KEYCODE_BACK, scanCode=0, metaState=0, flags=0x0, repeatCount=0, eventTime=828045447, downTime=828045447, deviceId=-1, source=0x101 }
08-05 22:00:29.041 23061 23061 I Input   : injectKeyEvent: KeyEvent { action=ACTION_UP, keyCode=KEYCODE_BACK, scanCode=0, metaState=0, flags=0x0, repeatCount=0, eventTime=828045447, downTime=828045447, deviceId=-1, source=0x101 }
08-05 22:00:29.046 23061 23061 D AndroidRuntime: Shutting down VM
08-05 22:00:29.062 22138 22138 V MainActivity: url = https://project-travel-mate.herokuapp.com/api/number-of-unread-notifications
08-05 22:00:29.095 13866 13866 I GoogleInputMethodServic: GoogleInputMethodService.onFinishInput():3138 
08-05 22:00:29.096 13866 13866 I GoogleInputMethodServic: GoogleInputMethodService.onStartInput():1808 
08-05 22:00:29.202 22138 22149 I art     : Starting a blocking GC Explicit
08-05 22:00:29.226 22138 22149 I art     : Explicit concurrent mark sweep GC freed 2945(123KB) AllocSpace objects, 2(40KB) LOS objects, 29% free, 38MB/54MB, paused 545us total 24.387ms
08-05 22:00:29.238 22138 22149 I art     : Starting a blocking GC Explicit
08-05 22:00:29.262 22138 22149 I art     : Explicit concurrent mark sweep GC freed 216(5KB) AllocSpace objects, 0(0B) LOS objects, 29% free, 38MB/54MB, paused 660us total 23.665ms
08-05 22:00:29.275 22138 22149 I art     : Starting a blocking GC Explicit
08-05 22:00:29.299 22138 22149 I art     : Explicit concurrent mark sweep GC freed 132(3040B) AllocSpace objects, 0(0B) LOS objects, 29% free, 38MB/54MB, paused 518us total 24.185ms
08-05 22:00:29.310 22138 22149 I art     : Starting a blocking GC Explicit
08-05 22:00:29.335 22138 22149 I art     : Explicit concurrent mark sweep GC freed 100(1760B) AllocSpace objects, 0(0B) LOS objects, 29% free, 38MB/54MB, paused 546us total 24.320ms
08-05 22:00:29.347 22138 22149 I art     : Starting a blocking GC Explicit
08-05 22:00:29.371 22138 22149 I art     : Explicit concurrent mark sweep GC freed 100(1728B) AllocSpace objects, 0(0B) LOS objects, 29% free, 38MB/54MB, paused 492us total 23.758ms
08-05 22:00:29.678 22138 22785 I art     : Starting a blocking GC Explicit
08-05 22:00:29.707 22138 22785 I art     : Explicit concurrent mark sweep GC freed 1976(92KB) AllocSpace objects, 2(40KB) LOS objects, 29% free, 38MB/54MB, paused 597us total 29.178ms
08-05 22:00:29.720 22138 22785 I art     : Starting a blocking GC Explicit
08-05 22:00:29.749 22138 22785 I art     : Explicit concurrent mark sweep GC freed 230(9KB) AllocSpace objects, 0(0B) LOS objects, 29% free, 38MB/54MB, paused 605us total 28.524ms
08-05 22:00:29.761 22138 22785 I art     : Starting a blocking GC Explicit
08-05 22:00:29.790 22138 22785 I art     : Explicit concurrent mark sweep GC freed 50(864B) AllocSpace objects, 0(0B) LOS objects, 29% free, 38MB/54MB, paused 614us total 29.022ms
08-05 22:00:29.803 22138 22785 I art     : Starting a blocking GC Explicit
08-05 22:00:29.832 22138 22785 I art     : Explicit concurrent mark sweep GC freed 76(1328B) AllocSpace objects, 0(0B) LOS objects, 29% free, 38MB/54MB, paused 717us total 29.297ms
08-05 22:00:29.845 22138 22785 I art     : Starting a blocking GC Explicit
08-05 22:00:29.874 22138 22785 I art     : Explicit concurrent mark sweep GC freed 63(1552B) AllocSpace objects, 0(0B) LOS objects, 29% free, 38MB/54MB, paused 684us total 29.471ms
08-05 22:00:29.916   518   646 I ThermalEngine: ACTION: GPU - Setting GPU[0] to 450000000
08-05 22:00:29.970 22138 23090 I NAPPA_EXPERIMENTATION: MetricNetworkRequestExecutionTime: REQUEST_DURATION_SYSTEM='908',REQUEST_DURATION_OKHTTP='42',REQUEST_SYNCHRONOUS='FALSE',RESPONSE_CODE='200',RESPONSE_METHOD='GET',RESPONSE_LENGTH_OKHTTP='36',RESPONSE_LENGTH_HEADER='36',REQUEST_PROTOCOL='http/1.1',REQUEST_URL='https://project-travel-mate.herokuapp.com/api/number-of-unread-notifications',
08-05 22:00:30.228 22138 22205 I art     : Starting a blocking GC Explicit
08-05 22:00:30.267 22138 22205 I art     : Explicit concurrent mark sweep GC freed 4812(240KB) AllocSpace objects, 5(240KB) LOS objects, 29% free, 39MB/55MB, paused 813us total 38.679ms
08-05 22:00:30.284 22138 22205 I art     : Starting a blocking GC Explicit
08-05 22:00:30.318 22138 22205 I art     : Explicit concurrent mark sweep GC freed 1030(118KB) AllocSpace objects, 0(0B) LOS objects, 29% free, 39MB/55MB, paused 783us total 33.854ms
08-05 22:00:30.334 22138 22205 I art     : Starting a blocking GC Explicit
08-05 22:00:30.368 22138 22205 I art     : Explicit concurrent mark sweep GC freed 75(1296B) AllocSpace objects, 0(0B) LOS objects, 29% free, 39MB/55MB, paused 757us total 34.346ms
08-05 22:00:30.385 22138 22205 I art     : Starting a blocking GC Explicit
08-05 22:00:30.419 22138 22205 I art     : Explicit concurrent mark sweep GC freed 75(1296B) AllocSpace objects, 0(0B) LOS objects, 29% free, 39MB/55MB, paused 777us total 34.694ms
08-05 22:00:30.436 22138 22205 I art     : Starting a blocking GC Explicit
08-05 22:00:30.469 22138 22205 I art     : Explicit concurrent mark sweep GC freed 75(1296B) AllocSpace objects, 0(0B) LOS objects, 29% free, 39MB/55MB, paused 730us total 33.384ms
08-05 22:00:30.794 23117 23117 D AndroidRuntime: >>>>>> START com.android.internal.os.RuntimeInit uid 2000 <<<<<<
08-05 22:00:30.800 23117 23117 D AndroidRuntime: CheckJNI is OFF
08-05 22:00:30.839 22138 22205 I art     : Starting a blocking GC Explicit
08-05 22:00:30.844 23117 23117 D ICU     : No timezone override file found: /data/misc/zoneinfo/current/icu/icu_tzdata.dat
08-05 22:00:30.878 22138 22205 I art     : Explicit concurrent mark sweep GC freed 2026(93KB) AllocSpace objects, 2(40KB) LOS objects, 29% free, 39MB/55MB, paused 866us total 38.519ms
08-05 22:00:30.889 23117 23117 I Radio-JNI: register_android_hardware_Radio DONE
08-05 22:00:30.894 22138 22205 I art     : Starting a blocking GC Explicit
08-05 22:00:30.919 23117 23117 D AndroidRuntime: Calling main entry com.android.commands.input.Input
08-05 22:00:30.922 23117 23117 I Input   : injectMotionEvent: MotionEvent { action=ACTION_DOWN, actionButton=0, id[0]=0, x[0]=346.0, y[0]=709.0, toolType[0]=TOOL_TYPE_UNKNOWN, buttonState=0, metaState=0, flags=0x0, edgeFlags=0x0, pointerCount=1, historySize=0, eventTime=828047334, downTime=828047334, deviceId=0, source=0x1002 }
08-05 22:00:30.927 23117 23117 I Input   : injectMotionEvent: MotionEvent { action=ACTION_UP, actionButton=0, id[0]=0, x[0]=346.0, y[0]=709.0, toolType[0]=TOOL_TYPE_UNKNOWN, buttonState=0, metaState=0, flags=0x0, edgeFlags=0x0, pointerCount=1, historySize=0, eventTime=828047334, downTime=828047334, deviceId=0, source=0x1002 }
08-05 22:00:30.929 22138 22205 I art     : Explicit concurrent mark sweep GC freed 102(2240B) AllocSpace objects, 0(0B) LOS objects, 29% free, 39MB/55MB, paused 891us total 34.649ms
08-05 22:00:30.940   918  5132 I ActivityManager: START u0 {cmp=baseline.io.github.project_travel_mate/.destinations.description.FinalCityInfoActivity (has extras)} from uid 10674 on display 0
08-05 22:00:30.946 22138 22205 I art     : Starting a blocking GC Explicit
08-05 22:00:30.949 23117 23117 D AndroidRuntime: Shutting down VM
08-05 22:00:30.979 22138 22203 D Gabe    : call	returning from cache
08-05 22:00:30.982 22138 22205 I art     : Explicit concurrent mark sweep GC freed 1762(205KB) AllocSpace objects, 0(0B) LOS objects, 29% free, 39MB/55MB, paused 1.154ms total 36.076ms
08-05 22:00:30.998 22138 22205 I art     : Starting a blocking GC Explicit
08-05 22:00:31.014 22138 22138 V EXECUTING: https://project-travel-mate.herokuapp.com/api/get-city-weather/1
08-05 22:00:31.034 22138 22205 I art     : Explicit concurrent mark sweep GC freed 3953(216KB) AllocSpace objects, 0(0B) LOS objects, 28% free, 39MB/55MB, paused 1.039ms total 35.418ms
08-05 22:00:31.050 22138 22205 I art     : Starting a blocking GC Explicit
08-05 22:00:31.088 22138 22205 I art     : Explicit concurrent mark sweep GC freed 843(32KB) AllocSpace objects, 0(0B) LOS objects, 26% free, 43MB/59MB, paused 1.490ms total 38.117ms
08-05 22:00:31.153   918   936 I ActivityManager: Displayed baseline.io.github.project_travel_mate/.destinations.description.FinalCityInfoActivity: +204ms
08-05 22:00:31.157 13866 13866 I GoogleInputMethodServic: GoogleInputMethodService.onFinishInput():3138 
08-05 22:00:31.157 13866 13866 I GoogleInputMethodServic: GoogleInputMethodService.onStartInput():1808 
08-05 22:00:31.414   380   380 W SurfaceFlinger: couldn't log to binary event log: overflow.
08-05 22:00:31.444 22138 22205 I art     : Starting a blocking GC Explicit
08-05 22:00:31.480 22138 22205 I art     : Explicit concurrent mark sweep GC freed 2427(111KB) AllocSpace objects, 2(40KB) LOS objects, 26% free, 43MB/59MB, paused 878us total 35.400ms
08-05 22:00:31.495 22138 22205 I art     : Starting a blocking GC Explicit
08-05 22:00:31.533 22138 22205 I art     : Explicit concurrent mark sweep GC freed 585(21KB) AllocSpace objects, 0(0B) LOS objects, 26% free, 43MB/59MB, paused 1.116ms total 37.283ms
08-05 22:00:31.552 22138 22205 I art     : Starting a blocking GC Explicit
08-05 22:00:31.589 22138 22205 I art     : Explicit concurrent mark sweep GC freed 4118(189KB) AllocSpace objects, 2(120KB) LOS objects, 26% free, 43MB/59MB, paused 1.122ms total 37.369ms
08-05 22:00:31.606 22138 22205 I art     : Starting a blocking GC Explicit
08-05 22:00:31.642 22138 22205 I art     : Explicit concurrent mark sweep GC freed 1164(122KB) AllocSpace objects, 1(80KB) LOS objects, 26% free, 43MB/59MB, paused 1.131ms total 35.815ms
08-05 22:00:31.645 22138 23142 I NAPPA_EXPERIMENTATION: MetricNetworkRequestExecutionTime: REQUEST_DURATION_SYSTEM='630',REQUEST_DURATION_OKHTTP='64',REQUEST_SYNCHRONOUS='FALSE',RESPONSE_CODE='200',RESPONSE_METHOD='GET',RESPONSE_LENGTH_OKHTTP='530',RESPONSE_LENGTH_HEADER='530',REQUEST_PROTOCOL='http/1.1',REQUEST_URL='https://project-travel-mate.herokuapp.com/api/get-city/1',
08-05 22:00:31.657 22138 23141 I NAPPA_EXPERIMENTATION: MetricNetworkRequestExecutionTime: REQUEST_DURATION_SYSTEM='643',REQUEST_DURATION_OKHTTP='76',REQUEST_SYNCHRONOUS='FALSE',RESPONSE_CODE='200',RESPONSE_METHOD='GET',RESPONSE_LENGTH_OKHTTP='238',RESPONSE_LENGTH_HEADER='238',REQUEST_PROTOCOL='http/1.1',REQUEST_URL='https://project-travel-mate.herokuapp.com/api/get-city-weather/1',
08-05 22:00:31.658 22138 22205 I art     : Starting a blocking GC Explicit
08-05 22:00:31.679 22138 23142 V Response: {"id":1,"city_name":"Delhi","description":"Delhi, officially the National Capital Territory of Delhi, is the Capital territory of India. During the British Raj, Delhi was part of the province of Punjab and is still historically and culturally connected to the Punjab region.","latitude":"28.613900","longitude":"77.209000","facts_count":6,"images":["https://upload.wikimedia.org/wikipedia/commons/9/94/%E0%B4%96%E0%B5%81%E0%B4%A4%E0%B5%8D%E0%B4%AC%E0%B5%8D_%E0%B4%AE%E0%B4%BF%E0%B4%A8%E0%B4%BE%E0%B5%BC1.jpg"],"has_visited":false}
08-05 22:00:31.693 22138 22205 I art     : Explicit concurrent mark sweep GC freed 432(34KB) AllocSpace objects, 0(0B) LOS objects, 26% free, 43MB/59MB, paused 1.060ms total 35.089ms
08-05 22:00:31.793   918  3261 D WifiStateMachine: starting scan for "H369AA63323"WPA_PSK with 2412,5180
08-05 22:00:32.041 22138 22150 I art     : Starting a blocking GC Explicit
08-05 22:00:32.084 22138 22150 I art     : Explicit concurrent mark sweep GC freed 4112(196KB) AllocSpace objects, 3(4MB) LOS objects, 28% free, 39MB/55MB, paused 966us total 42.828ms
08-05 22:00:32.103 22138 22150 I art     : Starting a blocking GC Explicit
08-05 22:00:32.142 22138 22150 I art     : Explicit concurrent mark sweep GC freed 258(6KB) AllocSpace objects, 0(0B) LOS objects, 28% free, 39MB/55MB, paused 766us total 38.181ms
08-05 22:00:32.159 22138 22150 I art     : Starting a blocking GC Explicit
08-05 22:00:32.198 22138 22150 I art     : Explicit concurrent mark sweep GC freed 149(2528B) AllocSpace objects, 0(0B) LOS objects, 28% free, 39MB/55MB, paused 953us total 39.029ms
08-05 22:00:32.215 22138 22150 I art     : Starting a blocking GC Explicit
08-05 22:00:32.254 22138 22150 I art     : Explicit concurrent mark sweep GC freed 193(3KB) AllocSpace objects, 0(0B) LOS objects, 28% free, 39MB/55MB, paused 824us total 38.361ms
08-05 22:00:32.271 22138 22150 I art     : Starting a blocking GC Explicit
08-05 22:00:32.310 22138 22150 I art     : Explicit concurrent mark sweep GC freed 170(3KB) AllocSpace objects, 0(0B) LOS objects, 28% free, 39MB/55MB, paused 839us total 39.191ms
08-05 22:00:32.322 13866 13882 I PeriodicStatsRunner: PeriodicStatsRunner.call():175 call()
08-05 22:00:32.322 13866 13882 I PeriodicStatsRunner: PeriodicStatsRunner.call():179 No submit PeriodicStats since input started.
08-05 22:00:32.678 22138 23095 I art     : Starting a blocking GC Explicit
08-05 22:00:32.721 22138 23095 I art     : Explicit concurrent mark sweep GC freed 2616(102KB) AllocSpace objects, 2(40KB) LOS objects, 28% free, 39MB/55MB, paused 1.012ms total 42.618ms
08-05 22:00:32.739 22138 23095 I art     : Starting a blocking GC Explicit
08-05 22:00:32.781 22138 23095 I art     : Explicit concurrent mark sweep GC freed 187(3KB) AllocSpace objects, 0(0B) LOS objects, 28% free, 39MB/55MB, paused 833us total 41.030ms
08-05 22:00:32.797 22138 23095 I art     : Starting a blocking GC Explicit
08-05 22:00:32.838 22138 23095 I art     : Explicit concurrent mark sweep GC freed 188(3KB) AllocSpace objects, 0(0B) LOS objects, 28% free, 39MB/55MB, paused 1.017ms total 40.481ms
08-05 22:00:32.855 22138 23095 I art     : Starting a blocking GC Explicit
08-05 22:00:32.898 22138 23095 I art     : Explicit concurrent mark sweep GC freed 166(3KB) AllocSpace objects, 0(0B) LOS objects, 28% free, 39MB/55MB, paused 930us total 42.388ms
08-05 22:00:32.915 22138 23095 I art     : Starting a blocking GC Explicit
08-05 22:00:32.933   918  3188 I hubconnection: sensorhub said: 'set_bias 3: -5.5776, 0.0000, 0.0000'
08-05 22:00:32.954 22138 23095 I art     : Explicit concurrent mark sweep GC freed 187(3KB) AllocSpace objects, 0(0B) LOS objects, 28% free, 39MB/55MB, paused 987us total 39.508ms
08-05 22:00:33.358 22138 22205 I art     : Starting a blocking GC Explicit
08-05 22:00:33.402 22138 22205 I art     : Explicit concurrent mark sweep GC freed 2698(103KB) AllocSpace objects, 2(40KB) LOS objects, 28% free, 39MB/55MB, paused 906us total 43.815ms
08-05 22:00:33.421 22138 22205 I art     : Starting a blocking GC Explicit
08-05 22:00:33.459 22138 22205 I art     : Explicit concurrent mark sweep GC freed 209(3KB) AllocSpace objects, 0(0B) LOS objects, 28% free, 39MB/55MB, paused 804us total 38.013ms
08-05 22:00:33.476 22138 22205 I art     : Starting a blocking GC Explicit
08-05 22:00:33.517 22138 22205 I art     : Explicit concurrent mark sweep GC freed 151(2560B) AllocSpace objects, 0(0B) LOS objects, 28% free, 39MB/55MB, paused 947us total 40.842ms
08-05 22:00:33.534 22138 22205 I art     : Starting a blocking GC Explicit
08-05 22:00:33.575 22138 22205 I art     : Explicit concurrent mark sweep GC freed 189(3KB) AllocSpace objects, 0(0B) LOS objects, 28% free, 39MB/55MB, paused 823us total 40.371ms
08-05 22:00:33.591 22138 22205 I art     : Starting a blocking GC Explicit
08-05 22:00:33.633 22138 22205 I art     : Explicit concurrent mark sweep GC freed 149(2560B) AllocSpace objects, 0(0B) LOS objects, 28% free, 39MB/55MB, paused 823us total 41.196ms
08-05 22:00:34.037 22138 22785 I art     : Starting a blocking GC Explicit
08-05 22:00:34.080 22138 22785 I art     : Explicit concurrent mark sweep GC freed 2722(104KB) AllocSpace objects, 2(40KB) LOS objects, 28% free, 39MB/55MB, paused 855us total 41.989ms
08-05 22:00:34.096 13866 13882 I PeriodicStatsRunner: PeriodicStatsRunner.call():175 call()
08-05 22:00:34.096 13866 13882 I PeriodicStatsRunner: PeriodicStatsRunner.call():179 No submit PeriodicStats since input started.
08-05 22:00:34.096 22138 22785 I art     : Starting a blocking GC Explicit
08-05 22:00:34.138 22138 22785 I art     : Explicit concurrent mark sweep GC freed 209(3KB) AllocSpace objects, 0(0B) LOS objects, 28% free, 39MB/55MB, paused 1.057ms total 41.044ms
08-05 22:00:34.155 22138 22785 I art     : Starting a blocking GC Explicit
08-05 22:00:34.197 22138 22785 I art     : Explicit concurrent mark sweep GC freed 154(2656B) AllocSpace objects, 0(0B) LOS objects, 28% free, 39MB/55MB, paused 900us total 41.916ms
08-05 22:00:34.214 22138 22785 I art     : Starting a blocking GC Explicit
08-05 22:00:34.257 22138 22785 I art     : Explicit concurrent mark sweep GC freed 188(3KB) AllocSpace objects, 0(0B) LOS objects, 28% free, 39MB/55MB, paused 947us total 42.579ms
08-05 22:00:34.274 22138 22785 I art     : Starting a blocking GC Explicit
08-05 22:00:34.316 22138 22785 I art     : Explicit concurrent mark sweep GC freed 154(2624B) AllocSpace objects, 0(0B) LOS objects, 28% free, 39MB/55MB, paused 784us total 41.788ms
08-05 22:00:34.728 22138 22149 I art     : Starting a blocking GC Explicit
08-05 22:00:34.772 22138 22149 I art     : Explicit concurrent mark sweep GC freed 2735(104KB) AllocSpace objects, 2(40KB) LOS objects, 28% free, 39MB/55MB, paused 990us total 42.988ms
08-05 22:00:34.791 22138 22149 I art     : Starting a blocking GC Explicit
08-05 22:00:34.831 22138 22149 I art     : Explicit concurrent mark sweep GC freed 203(3KB) AllocSpace objects, 0(0B) LOS objects, 28% free, 39MB/55MB, paused 769us total 39.184ms
08-05 22:00:34.847 22138 22149 I art     : Starting a blocking GC Explicit
08-05 22:00:34.888 22138 22149 I art     : Explicit concurrent mark sweep GC freed 168(2832B) AllocSpace objects, 0(0B) LOS objects, 28% free, 39MB/55MB, paused 1.050ms total 40.780ms
08-05 22:00:34.905 22138 22149 I art     : Starting a blocking GC Explicit
08-05 22:00:34.947 22138 22149 I art     : Explicit concurrent mark sweep GC freed 174(2960B) AllocSpace objects, 0(0B) LOS objects, 28% free, 39MB/55MB, paused 809us total 41.096ms
08-05 22:00:34.963 22138 22149 I art     : Starting a blocking GC Explicit
08-05 22:00:35.004 22138 22149 I art     : Explicit concurrent mark sweep GC freed 163(2752B) AllocSpace objects, 0(0B) LOS objects, 28% free, 39MB/55MB, paused 947us total 40.139ms
08-05 22:00:35.384 22138 22205 I art     : Starting a blocking GC Explicit
08-05 22:00:35.423 22138 22205 I art     : Explicit concurrent mark sweep GC freed 2647(103KB) AllocSpace objects, 2(40KB) LOS objects, 28% free, 39MB/55MB, paused 1.009ms total 38.817ms
08-05 22:00:35.440 22138 22205 I art     : Starting a blocking GC Explicit
08-05 22:00:35.479 22138 22205 I art     : Explicit concurrent mark sweep GC freed 210(4KB) AllocSpace objects, 0(0B) LOS objects, 28% free, 39MB/55MB, paused 862us total 38.432ms
08-05 22:00:35.495 22138 22205 I art     : Starting a blocking GC Explicit
08-05 22:00:35.536 22138 22205 I art     : Explicit concurrent mark sweep GC freed 150(2560B) AllocSpace objects, 0(0B) LOS objects, 28% free, 39MB/55MB, paused 938us total 40.152ms
08-05 22:00:35.552 22138 22205 I art     : Starting a blocking GC Explicit
08-05 22:00:35.593 22138 22205 I art     : Explicit concurrent mark sweep GC freed 192(3KB) AllocSpace objects, 0(0B) LOS objects, 28% free, 39MB/55MB, paused 852us total 40.957ms
08-05 22:00:35.610 22138 22205 I art     : Starting a blocking GC Explicit
08-05 22:00:35.651 22138 22205 I art     : Explicit concurrent mark sweep GC freed 148(2528B) AllocSpace objects, 0(0B) LOS objects, 28% free, 39MB/55MB, paused 824us total 40.587ms
08-05 22:00:35.747 23207 23207 D AndroidRuntime: >>>>>> START com.android.internal.os.RuntimeInit uid 2000 <<<<<<
08-05 22:00:35.753 23207 23207 D AndroidRuntime: CheckJNI is OFF
08-05 22:00:35.798 23207 23207 D ICU     : No timezone override file found: /data/misc/zoneinfo/current/icu/icu_tzdata.dat
08-05 22:00:35.842 23207 23207 I Radio-JNI: register_android_hardware_Radio DONE
08-05 22:00:35.871 23207 23207 D AndroidRuntime: Calling main entry com.android.commands.input.Input
08-05 22:00:35.873 23207 23207 I Input   : injectMotionEvent: MotionEvent { action=ACTION_DOWN, actionButton=0, id[0]=0, x[0]=693.0, y[0]=1450.0, toolType[0]=TOOL_TYPE_UNKNOWN, buttonState=0, metaState=0, flags=0x0, edgeFlags=0x0, pointerCount=1, historySize=0, eventTime=828052285, downTime=828052285, deviceId=0, source=0x1002 }
08-05 22:00:35.878 23207 23207 I Input   : injectMotionEvent: MotionEvent { action=ACTION_UP, actionButton=0, id[0]=0, x[0]=693.0, y[0]=1450.0, toolType[0]=TOOL_TYPE_UNKNOWN, buttonState=0, metaState=0, flags=0x0, edgeFlags=0x0, pointerCount=1, historySize=0, eventTime=828052285, downTime=828052285, deviceId=0, source=0x1002 }
08-05 22:00:35.880 23207 23207 D AndroidRuntime: Shutting down VM
08-05 22:00:35.880   918  5132 I ActivityManager: START u0 {cmp=baseline.io.github.project_travel_mate/.destinations.description.CityHistoryActivity} from uid 10674 on display 0
08-05 22:00:35.881   512  2967 D audio_hw_primary: out_set_parameters: enter: usecase(1: low-latency-playback) kvpairs: routing=2
08-05 22:00:35.894   512  2967 D audio_hw_primary: select_devices: out_snd_device(2: speaker) in_snd_device(0: none)
08-05 22:00:35.894   512  2967 D msm8974_platform: platform_send_audio_calibration: sending audio calibration for snd_device(2) acdb_id(15)
08-05 22:00:35.895   512  2967 I soundtrigger: audio_extn_sound_trigger_update_device_status: device 0x2 of type 0 for Event 1
08-05 22:00:35.905   512  2967 D audio_hw_primary: enable_snd_device: snd_device(2: speaker)
08-05 22:00:35.908   512  2967 D audio_hw_primary: enable_audio_route: apply and update mixer path: low-latency-playback speaker
08-05 22:00:35.918 22138 22203 D Gabe    : call	returning from cache
08-05 22:00:35.927 22138 22138 V EXECUTING: https://project-travel-mate.herokuapp.com/api/get-city-information/1
08-05 22:00:36.042 22138 23095 I art     : Starting a blocking GC Explicit
08-05 22:00:36.079   918   936 I ActivityManager: Displayed baseline.io.github.project_travel_mate/.destinations.description.CityHistoryActivity: +184ms
08-05 22:00:36.080 13866 13866 I GoogleInputMethodServic: GoogleInputMethodService.onFinishInput():3138 
08-05 22:00:36.080 13866 13866 I GoogleInputMethodServic: GoogleInputMethodService.onStartInput():1808 
08-05 22:00:36.081 22138 23095 I art     : Explicit concurrent mark sweep GC freed 3304(158KB) AllocSpace objects, 2(40KB) LOS objects, 26% free, 44MB/60MB, paused 929us total 38.315ms
08-05 22:00:36.097 22138 23095 I art     : Starting a blocking GC Explicit
08-05 22:00:36.138 22138 23095 I art     : Explicit concurrent mark sweep GC freed 360(13KB) AllocSpace objects, 0(0B) LOS objects, 26% free, 44MB/60MB, paused 1.209ms total 39.921ms
08-05 22:00:36.156 22138 23095 I art     : Starting a blocking GC Explicit
08-05 22:00:36.157 13866 13882 I PeriodicStatsRunner: PeriodicStatsRunner.call():175 call()
08-05 22:00:36.157 13866 13882 I PeriodicStatsRunner: PeriodicStatsRunner.call():179 No submit PeriodicStats since input started.
08-05 22:00:36.195 22138 23095 I art     : Explicit concurrent mark sweep GC freed 128(2336B) AllocSpace objects, 0(0B) LOS objects, 26% free, 44MB/60MB, paused 1.430ms total 38.332ms
08-05 22:00:36.212 22138 23095 I art     : Starting a blocking GC Explicit
08-05 22:00:36.250 22138 23095 I art     : Explicit concurrent mark sweep GC freed 97(1824B) AllocSpace objects, 0(0B) LOS objects, 26% free, 44MB/60MB, paused 845us total 37.435ms
08-05 22:00:36.266 22138 23095 I art     : Starting a blocking GC Explicit
08-05 22:00:36.304 22138 23095 I art     : Explicit concurrent mark sweep GC freed 227(3KB) AllocSpace objects, 0(0B) LOS objects, 26% free, 44MB/60MB, paused 1.148ms total 37.292ms
08-05 22:00:36.335   380   380 W SurfaceFlinger: couldn't log to binary event log: overflow.
08-05 22:00:36.439   512  2967 D audio_hw_primary: disable_audio_route: reset and update mixer path: low-latency-playback speaker
08-05 22:00:36.442   512  2967 D audio_hw_primary: disable_snd_device: snd_device(2: speaker)
08-05 22:00:36.452   512  2967 I soundtrigger: audio_extn_sound_trigger_update_device_status: device 0x2 of type 0 for Event 0
08-05 22:00:36.531 22138 23239 I NAPPA_EXPERIMENTATION: MetricNetworkRequestExecutionTime: REQUEST_DURATION_SYSTEM='603',REQUEST_DURATION_OKHTTP='41',REQUEST_SYNCHRONOUS='FALSE',RESPONSE_CODE='200',RESPONSE_METHOD='GET',RESPONSE_LENGTH_OKHTTP='55024',RESPONSE_LENGTH_HEADER='55024',REQUEST_PROTOCOL='http/1.1',REQUEST_URL='https://project-travel-mate.herokuapp.com/api/get-city-information/1',
08-05 22:00:36.584 24365 12324 I NetworkScheduler.Stats: Task com.google.android.gms/com.google.android.gms.icing.service.IcingGcmTaskService started execution. cause:4 exec_start_elapsed_seconds: 1811440 [CONTEXT service_id=218 ]
08-05 22:00:36.596 24365 12204 I NetworkScheduler.Stats: Task com.google.android.gms/com.google.android.gms.icing.service.IcingGcmTaskService finished executing. cause:4 result: 1 elapsed_millis: 33 uptime_millis: 33 exec_start_elapsed_seconds: 1811440 [CONTEXT service_id=218 ]
08-05 22:00:36.671 22138 22150 I art     : Starting a blocking GC Explicit
08-05 22:00:36.697 13866 13866 I GoogleInputMethodServic: GoogleInputMethodService.onFinishInput():3138 
08-05 22:00:36.697 13866 13866 I GoogleInputMethodServic: GoogleInputMethodService.onStartInput():1808 
08-05 22:00:36.710 22138 22150 I art     : Explicit concurrent mark sweep GC freed 6652(1458KB) AllocSpace objects, 24(920KB) LOS objects, 26% free, 44MB/60MB, paused 913us total 38.436ms
08-05 22:00:36.726 22138 22150 I art     : Starting a blocking GC Explicit
08-05 22:00:36.765 22138 22150 I art     : Explicit concurrent mark sweep GC freed 1249(123KB) AllocSpace objects, 1(4MB) LOS objects, 28% free, 40MB/56MB, paused 782us total 38.231ms
08-05 22:00:36.781 22138 22150 I art     : Starting a blocking GC Explicit
08-05 22:00:36.820 22138 22150 I art     : Explicit concurrent mark sweep GC freed 232(3KB) AllocSpace objects, 0(0B) LOS objects, 28% free, 40MB/56MB, paused 1.025ms total 39.007ms
08-05 22:00:36.837 22138 22150 I art     : Starting a blocking GC Explicit
08-05 22:00:36.874 22138 22150 I art     : Explicit concurrent mark sweep GC freed 279(4KB) AllocSpace objects, 0(0B) LOS objects, 28% free, 40MB/56MB, paused 836us total 37.288ms
08-05 22:00:36.890 22138 22150 I art     : Starting a blocking GC Explicit
08-05 22:00:36.930 22138 22150 I art     : Explicit concurrent mark sweep GC freed 220(3KB) AllocSpace objects, 0(0B) LOS objects, 28% free, 40MB/56MB, paused 857us total 39.234ms
08-05 22:00:37.300 22138 22205 I art     : Starting a blocking GC Explicit
08-05 22:00:37.345 22138 22205 I art     : Explicit concurrent mark sweep GC freed 3228(112KB) AllocSpace objects, 2(40KB) LOS objects, 28% free, 40MB/56MB, paused 879us total 44.888ms
08-05 22:00:37.364 22138 22205 I art     : Starting a blocking GC Explicit
08-05 22:00:37.405 22138 22205 I art     : Explicit concurrent mark sweep GC freed 264(4KB) AllocSpace objects, 0(0B) LOS objects, 28% free, 40MB/56MB, paused 1.064ms total 40.355ms
08-05 22:00:37.423 22138 22205 I art     : Starting a blocking GC Explicit
08-05 22:00:37.460 22138 22205 I art     : Explicit concurrent mark sweep GC freed 265(4KB) AllocSpace objects, 0(0B) LOS objects, 28% free, 40MB/56MB, paused 826us total 36.808ms
08-05 22:00:37.476 22138 22205 I art     : Starting a blocking GC Explicit
08-05 22:00:37.514 22138 22205 I art     : Explicit concurrent mark sweep GC freed 219(3KB) AllocSpace objects, 0(0B) LOS objects, 28% free, 40MB/56MB, paused 818us total 37.739ms
08-05 22:00:37.530 22138 22205 I art     : Starting a blocking GC Explicit
08-05 22:00:37.568 22138 22205 I art     : Explicit concurrent mark sweep GC freed 222(3KB) AllocSpace objects, 0(0B) LOS objects, 28% free, 40MB/56MB, paused 796us total 37.294ms
08-05 22:00:37.957 22138 22205 I art     : Starting a blocking GC Explicit
08-05 22:00:38.003 22138 22205 I art     : Explicit concurrent mark sweep GC freed 3327(114KB) AllocSpace objects, 2(40KB) LOS objects, 28% free, 40MB/56MB, paused 831us total 45.537ms
08-05 22:00:38.020 22138 22205 I art     : Starting a blocking GC Explicit
08-05 22:00:38.066 22138 22205 I art     : Explicit concurrent mark sweep GC freed 309(5KB) AllocSpace objects, 0(0B) LOS objects, 28% free, 40MB/56MB, paused 917us total 45.552ms
08-05 22:00:38.083 22138 22205 I art     : Starting a blocking GC Explicit
08-05 22:00:38.129 22138 22205 I art     : Explicit concurrent mark sweep GC freed 292(4KB) AllocSpace objects, 0(0B) LOS objects, 28% free, 40MB/56MB, paused 931us total 45.657ms
08-05 22:00:38.146 22138 22205 I art     : Starting a blocking GC Explicit
08-05 22:00:38.192 22138 22205 I art     : Explicit concurrent mark sweep GC freed 290(4KB) AllocSpace objects, 0(0B) LOS objects, 28% free, 40MB/56MB, paused 994us total 45.315ms
08-05 22:00:38.210 22138 22205 I art     : Starting a blocking GC Explicit
08-05 22:00:38.256 22138 22205 I art     : Explicit concurrent mark sweep GC freed 241(3KB) AllocSpace objects, 0(0B) LOS objects, 28% free, 40MB/56MB, paused 1.110ms total 46.281ms
08-05 22:00:38.664 22138 22150 I art     : Starting a blocking GC Explicit
08-05 22:00:38.711 22138 22150 I art     : Explicit concurrent mark sweep GC freed 3434(116KB) AllocSpace objects, 2(40KB) LOS objects, 28% free, 40MB/56MB, paused 896us total 46.285ms
08-05 22:00:38.729 22138 22150 I art     : Starting a blocking GC Explicit
08-05 22:00:38.773 22138 22150 I art     : Explicit concurrent mark sweep GC freed 267(5KB) AllocSpace objects, 0(0B) LOS objects, 28% free, 40MB/56MB, paused 1.021ms total 44.041ms
08-05 22:00:38.790 22138 22150 I art     : Starting a blocking GC Explicit
08-05 22:00:38.836 22138 22150 I art     : Explicit concurrent mark sweep GC freed 278(4KB) AllocSpace objects, 0(0B) LOS objects, 28% free, 40MB/56MB, paused 907us total 45.383ms
08-05 22:00:38.854 22138 22150 I art     : Starting a blocking GC Explicit
08-05 22:00:38.899 22138 22150 I art     : Explicit concurrent mark sweep GC freed 302(5KB) AllocSpace objects, 0(0B) LOS objects, 28% free, 40MB/56MB, paused 915us total 45.494ms
08-05 22:00:38.906  3784  3784 D CallStatisticsService: Post delayed to sync data packages to nv.
08-05 22:00:38.907  3784  3784 D CallStatisticsService: handleMessage PHONE_DATA.
08-05 22:00:38.908  3784  3784 D CallStatisticsService: txTotal(Kb) = 0
08-05 22:00:38.908  3784  3784 D CallStatisticsService: rxTotal(Kb) = 0
08-05 22:00:38.908  3784  3784 E CallStatisticsService: TX And RX Data packages are totally 0, no need to update.
08-05 22:00:38.917 22138 22150 I art     : Starting a blocking GC Explicit
08-05 22:00:38.963 22138 22150 I art     : Explicit concurrent mark sweep GC freed 302(5KB) AllocSpace objects, 0(0B) LOS objects, 28% free, 40MB/56MB, paused 903us total 46.257ms
08-05 22:00:39.359 22138 23095 I art     : Starting a blocking GC Explicit
08-05 22:00:39.404 22138 23095 I art     : Explicit concurrent mark sweep GC freed 3300(113KB) AllocSpace objects, 2(40KB) LOS objects, 28% free, 40MB/56MB, paused 857us total 45.236ms
08-05 22:00:39.421 22138 23095 I art     : Starting a blocking GC Explicit
08-05 22:00:39.468 22138 23095 I art     : Explicit concurrent mark sweep GC freed 309(5KB) AllocSpace objects, 0(0B) LOS objects, 28% free, 40MB/56MB, paused 903us total 46.703ms
08-05 22:00:39.486 22138 23095 I art     : Starting a blocking GC Explicit
08-05 22:00:39.532 22138 23095 I art     : Explicit concurrent mark sweep GC freed 292(4KB) AllocSpace objects, 0(0B) LOS objects, 28% free, 40MB/56MB, paused 879us total 45.938ms
08-05 22:00:39.550 22138 23095 I art     : Starting a blocking GC Explicit
08-05 22:00:39.595 22138 23095 I art     : Explicit concurrent mark sweep GC freed 291(4KB) AllocSpace objects, 0(0B) LOS objects, 28% free, 40MB/56MB, paused 912us total 45.256ms
08-05 22:00:39.613 22138 23095 I art     : Starting a blocking GC Explicit
08-05 22:00:39.659 22138 23095 I art     : Explicit concurrent mark sweep GC freed 257(4KB) AllocSpace objects, 0(0B) LOS objects, 28% free, 40MB/56MB, paused 1.027ms total 45.291ms
08-05 22:00:40.063 22138 22785 I art     : Starting a blocking GC Explicit
08-05 22:00:40.111 22138 22785 I art     : Explicit concurrent mark sweep GC freed 3385(115KB) AllocSpace objects, 2(40KB) LOS objects, 28% free, 40MB/56MB, paused 984us total 47.124ms
08-05 22:00:40.130 22138 22785 I art     : Starting a blocking GC Explicit
08-05 22:00:40.170 22138 22785 I art     : Explicit concurrent mark sweep GC freed 258(4KB) AllocSpace objects, 0(0B) LOS objects, 28% free, 40MB/56MB, paused 831us total 40.019ms
08-05 22:00:40.186 22138 22785 I art     : Starting a blocking GC Explicit
08-05 22:00:40.226 22138 22785 I art     : Explicit concurrent mark sweep GC freed 290(4KB) AllocSpace objects, 0(0B) LOS objects, 28% free, 40MB/56MB, paused 934us total 39.748ms
08-05 22:00:40.243 22138 22785 I art     : Starting a blocking GC Explicit
08-05 22:00:40.284 22138 22785 I art     : Explicit concurrent mark sweep GC freed 221(3KB) AllocSpace objects, 0(0B) LOS objects, 28% free, 40MB/56MB, paused 843us total 40.809ms
08-05 22:00:40.301 22138 22785 I art     : Starting a blocking GC Explicit
08-05 22:00:40.345 22138 22785 I art     : Explicit concurrent mark sweep GC freed 243(3KB) AllocSpace objects, 0(0B) LOS objects, 28% free, 40MB/56MB, paused 1.046ms total 42.882ms
08-05 22:00:40.659 23301 23301 D AndroidRuntime: >>>>>> START com.android.internal.os.RuntimeInit uid 2000 <<<<<<
08-05 22:00:40.665 23301 23301 D AndroidRuntime: CheckJNI is OFF
08-05 22:00:40.707 23301 23301 D ICU     : No timezone override file found: /data/misc/zoneinfo/current/icu/icu_tzdata.dat
08-05 22:00:40.722 22138 22149 I art     : Starting a blocking GC Explicit
08-05 22:00:40.752 23301 23301 I Radio-JNI: register_android_hardware_Radio DONE
08-05 22:00:40.765 22138 22149 I art     : Explicit concurrent mark sweep GC freed 3275(113KB) AllocSpace objects, 2(40KB) LOS objects, 28% free, 40MB/56MB, paused 962us total 42.874ms
08-05 22:00:40.781 23301 23301 D AndroidRuntime: Calling main entry com.android.commands.input.Input
08-05 22:00:40.782 22138 22149 I art     : Starting a blocking GC Explicit
08-05 22:00:40.787 23301 23301 I Input   : injectKeyEvent: KeyEvent { action=ACTION_DOWN, keyCode=KEYCODE_BACK, scanCode=0, metaState=0, flags=0x0, repeatCount=0, eventTime=828057196, downTime=828057196, deviceId=-1, source=0x101 }
08-05 22:00:40.795 23301 23301 I Input   : injectKeyEvent: KeyEvent { action=ACTION_UP, keyCode=KEYCODE_BACK, scanCode=0, metaState=0, flags=0x0, repeatCount=0, eventTime=828057196, downTime=828057196, deviceId=-1, source=0x101 }
08-05 22:00:40.801 23301 23301 D AndroidRuntime: Shutting down VM
08-05 22:00:40.821 22138 22149 I art     : Explicit concurrent mark sweep GC freed 289(6KB) AllocSpace objects, 0(0B) LOS objects, 28% free, 40MB/56MB, paused 821us total 38.735ms
08-05 22:00:40.838 22138 22149 I art     : Starting a blocking GC Explicit
08-05 22:00:40.841 13866 13866 I GoogleInputMethodServic: GoogleInputMethodService.onFinishInput():3138 
08-05 22:00:40.842 13866 13866 I GoogleInputMethodServic: GoogleInputMethodService.onStartInput():1808 
08-05 22:00:40.877 22138 22149 I art     : Explicit concurrent mark sweep GC freed 264(5KB) AllocSpace objects, 0(0B) LOS objects, 28% free, 40MB/56MB, paused 1.011ms total 38.657ms
08-05 22:00:40.894 22138 22149 I art     : Starting a blocking GC Explicit
08-05 22:00:40.931 22138 22149 I art     : Explicit concurrent mark sweep GC freed 232(3KB) AllocSpace objects, 0(0B) LOS objects, 28% free, 40MB/56MB, paused 766us total 36.434ms
08-05 22:00:40.932   518   646 I ThermalEngine: ACTION: GPU - Setting GPU[0] to 510000000
08-05 22:00:40.947 22138 22149 I art     : Starting a blocking GC Explicit
08-05 22:00:40.984 22138 22149 I art     : Explicit concurrent mark sweep GC freed 219(3KB) AllocSpace objects, 0(0B) LOS objects, 28% free, 40MB/56MB, paused 736us total 36.940ms
08-05 22:00:41.081 13866 13882 I PeriodicStatsRunner: PeriodicStatsRunner.call():175 call()
08-05 22:00:41.081 13866 13882 I PeriodicStatsRunner: PeriodicStatsRunner.call():179 No submit PeriodicStats since input started.
08-05 22:00:41.140   380   380 W SurfaceFlinger: couldn't log to binary event log: overflow.
08-05 22:00:41.285 22138 22149 I art     : Starting a blocking GC Explicit
08-05 22:00:41.316 22138 22149 I art     : Explicit concurrent mark sweep GC freed 2675(104KB) AllocSpace objects, 3(228KB) LOS objects, 28% free, 40MB/56MB, paused 644us total 30.564ms
08-05 22:00:41.328 22138 22149 I art     : Starting a blocking GC Explicit
08-05 22:00:41.355 22138 22149 I art     : Explicit concurrent mark sweep GC freed 4798(340KB) AllocSpace objects, 7(132KB) LOS objects, 28% free, 39MB/55MB, paused 616us total 26.959ms
08-05 22:00:41.367 22138 22149 I art     : Starting a blocking GC Explicit
08-05 22:00:41.396 22138 22149 I art     : Explicit concurrent mark sweep GC freed 153(2784B) AllocSpace objects, 0(0B) LOS objects, 28% free, 39MB/55MB, paused 631us total 28.174ms
08-05 22:00:41.408 22138 22149 I art     : Starting a blocking GC Explicit
08-05 22:00:41.437 22138 22149 I art     : Explicit concurrent mark sweep GC freed 99(1696B) AllocSpace objects, 0(0B) LOS objects, 28% free, 39MB/55MB, paused 733us total 28.616ms
08-05 22:00:41.449 22138 22149 I art     : Starting a blocking GC Explicit
08-05 22:00:41.479 22138 22149 I art     : Explicit concurrent mark sweep GC freed 147(2496B) AllocSpace objects, 0(0B) LOS objects, 28% free, 39MB/55MB, paused 624us total 29.295ms
08-05 22:00:41.697 13866 13882 I PeriodicStatsRunner: PeriodicStatsRunner.call():175 call()
08-05 22:00:41.697 13866 13882 I PeriodicStatsRunner: PeriodicStatsRunner.call():179 No submit PeriodicStats since input started.
08-05 22:00:41.807 22138 22205 I art     : Starting a blocking GC Explicit
08-05 22:00:41.842 22138 22205 I art     : Explicit concurrent mark sweep GC freed 2434(99KB) AllocSpace objects, 2(40KB) LOS objects, 28% free, 39MB/55MB, paused 738us total 34.431ms
08-05 22:00:41.856 22138 22205 I art     : Starting a blocking GC Explicit
08-05 22:00:41.887 22138 22205 I art     : Explicit concurrent mark sweep GC freed 179(3KB) AllocSpace objects, 0(0B) LOS objects, 28% free, 39MB/55MB, paused 638us total 31.548ms
08-05 22:00:41.900 22138 22205 I art     : Starting a blocking GC Explicit
08-05 22:00:41.931 22138 22205 I art     : Explicit concurrent mark sweep GC freed 157(3040B) AllocSpace objects, 0(0B) LOS objects, 28% free, 39MB/55MB, paused 642us total 31.186ms
08-05 22:00:41.944 22138 22205 I art     : Starting a blocking GC Explicit
08-05 22:00:41.976 22138 22205 I art     : Explicit concurrent mark sweep GC freed 112(1904B) AllocSpace objects, 0(0B) LOS objects, 28% free, 39MB/55MB, paused 762us total 31.681ms
08-05 22:00:41.989 22138 22205 I art     : Starting a blocking GC Explicit
08-05 22:00:42.020 22138 22205 I art     : Explicit concurrent mark sweep GC freed 134(2288B) AllocSpace objects, 0(0B) LOS objects, 28% free, 39MB/55MB, paused 641us total 31.362ms
08-05 22:00:42.338 22138 22785 I art     : Starting a blocking GC Explicit
08-05 22:00:42.371 22138 22785 I art     : Explicit concurrent mark sweep GC freed 2435(99KB) AllocSpace objects, 2(40KB) LOS objects, 28% free, 39MB/55MB, paused 679us total 32.376ms
08-05 22:00:42.383 22138 22785 I art     : Starting a blocking GC Explicit
08-05 22:00:42.414 22138 22785 I art     : Explicit concurrent mark sweep GC freed 139(2720B) AllocSpace objects, 0(0B) LOS objects, 28% free, 39MB/55MB, paused 700us total 29.887ms
08-05 22:00:42.426 22138 22785 I art     : Starting a blocking GC Explicit
08-05 22:00:42.439 23347 23347 D AndroidRuntime: >>>>>> START com.android.internal.os.RuntimeInit uid 2000 <<<<<<
08-05 22:00:42.444 23347 23347 D AndroidRuntime: CheckJNI is OFF
08-05 22:00:42.458 22138 22785 I art     : Explicit concurrent mark sweep GC freed 125(2128B) AllocSpace objects, 0(0B) LOS objects, 28% free, 39MB/55MB, paused 684us total 31.750ms
08-05 22:00:42.470 22138 22785 I art     : Starting a blocking GC Explicit
08-05 22:00:42.481 23347 23347 D ICU     : No timezone override file found: /data/misc/zoneinfo/current/icu/icu_tzdata.dat
08-05 22:00:42.501 22138 22785 I art     : Explicit concurrent mark sweep GC freed 148(2528B) AllocSpace objects, 0(0B) LOS objects, 28% free, 39MB/55MB, paused 684us total 30.763ms
08-05 22:00:42.514 22138 22785 I art     : Starting a blocking GC Explicit
08-05 22:00:42.516 23347 23347 I Radio-JNI: register_android_hardware_Radio DONE
08-05 22:00:42.538 23347 23347 D AndroidRuntime: Calling main entry com.android.commands.input.Input
08-05 22:00:42.540 23347 23347 I Input   : injectKeyEvent: KeyEvent { action=ACTION_DOWN, keyCode=KEYCODE_BACK, scanCode=0, metaState=0, flags=0x0, repeatCount=0, eventTime=828058953, downTime=828058953, deviceId=-1, source=0x101 }
08-05 22:00:42.545 22138 22785 I art     : Explicit concurrent mark sweep GC freed 116(1968B) AllocSpace objects, 0(0B) LOS objects, 28% free, 39MB/55MB, paused 757us total 30.479ms
08-05 22:00:42.547 23347 23347 I Input   : injectKeyEvent: KeyEvent { action=ACTION_UP, keyCode=KEYCODE_BACK, scanCode=0, metaState=0, flags=0x0, repeatCount=0, eventTime=828058953, downTime=828058953, deviceId=-1, source=0x101 }
08-05 22:00:42.554 23347 23347 D AndroidRuntime: Shutting down VM
08-05 22:00:42.564 22138 22138 V MainActivity: url = https://project-travel-mate.herokuapp.com/api/number-of-unread-notifications
08-05 22:00:42.593 13866 13866 I GoogleInputMethodServic: GoogleInputMethodService.onFinishInput():3138 
08-05 22:00:42.594 13866 13866 I GoogleInputMethodServic: GoogleInputMethodService.onStartInput():1808 
08-05 22:00:42.852 22138 23095 I art     : Starting a blocking GC Explicit
08-05 22:00:42.888 22138 23095 I art     : Explicit concurrent mark sweep GC freed 2948(124KB) AllocSpace objects, 2(40KB) LOS objects, 28% free, 39MB/55MB, paused 748us total 35.972ms
08-05 22:00:42.892   380   380 W SurfaceFlinger: couldn't log to binary event log: overflow.
08-05 22:00:42.902 22138 23095 I art     : Starting a blocking GC Explicit
08-05 22:00:42.932 22138 23095 I art     : Explicit concurrent mark sweep GC freed 202(5KB) AllocSpace objects, 0(0B) LOS objects, 28% free, 39MB/55MB, paused 713us total 29.235ms
08-05 22:00:42.940   518   646 I ThermalEngine: ACTION: GPU - Setting GPU[0] to 450000000
08-05 22:00:42.947 22138 23095 I art     : Starting a blocking GC Explicit
08-05 22:00:42.985 22138 23095 I art     : Explicit concurrent mark sweep GC freed 211(8KB) AllocSpace objects, 0(0B) LOS objects, 28% free, 39MB/55MB, paused 942us total 37.825ms
08-05 22:00:43.002 22138 23095 I art     : Starting a blocking GC Explicit
08-05 22:00:43.043 22138 23095 I art     : Explicit concurrent mark sweep GC freed 75(1296B) AllocSpace objects, 0(0B) LOS objects, 28% free, 39MB/55MB, paused 979us total 41.148ms
08-05 22:00:43.060 22138 23095 I art     : Starting a blocking GC Explicit
08-05 22:00:43.102 22138 23095 I art     : Explicit concurrent mark sweep GC freed 99(1696B) AllocSpace objects, 0(0B) LOS objects, 28% free, 39MB/55MB, paused 993us total 41.549ms
08-05 22:00:43.387 22138 23370 I NAPPA_EXPERIMENTATION: MetricNetworkRequestExecutionTime: REQUEST_DURATION_SYSTEM='822',REQUEST_DURATION_OKHTTP='39',REQUEST_SYNCHRONOUS='FALSE',RESPONSE_CODE='200',RESPONSE_METHOD='GET',RESPONSE_LENGTH_OKHTTP='36',RESPONSE_LENGTH_HEADER='36',REQUEST_PROTOCOL='http/1.1',REQUEST_URL='https://project-travel-mate.herokuapp.com/api/number-of-unread-notifications',
08-05 22:00:43.480 22138 22149 I art     : Starting a blocking GC Explicit
08-05 22:00:43.513 15748 15748 I Atfwd_Sendcmd: AtCmdFwd service not ready - Exhausted retry attempts - :6
08-05 22:00:43.513 15748 15748 I Atfwd_Daemon: result : -1 	 ,Init step :2 	 ,qmiErrorCode: 0
08-05 22:00:43.524 22138 22149 I art     : Explicit concurrent mark sweep GC freed 4829(240KB) AllocSpace objects, 5(240KB) LOS objects, 28% free, 39MB/55MB, paused 966us total 44.230ms
08-05 22:00:43.544 22138 22149 I art     : Starting a blocking GC Explicit
08-05 22:00:43.584 22138 22149 I art     : Explicit concurrent mark sweep GC freed 1052(118KB) AllocSpace objects, 0(0B) LOS objects, 28% free, 39MB/55MB, paused 953us total 39.533ms
08-05 22:00:43.600 22138 22149 I art     : Starting a blocking GC Explicit
08-05 22:00:43.640 22138 22149 I art     : Explicit concurrent mark sweep GC freed 75(1296B) AllocSpace objects, 0(0B) LOS objects, 28% free, 39MB/55MB, paused 882us total 39.762ms
08-05 22:00:43.657 22138 22149 I art     : Starting a blocking GC Explicit
08-05 22:00:43.697 22138 22149 I art     : Explicit concurrent mark sweep GC freed 98(1664B) AllocSpace objects, 0(0B) LOS objects, 28% free, 39MB/55MB, paused 973us total 40.219ms
08-05 22:00:43.714 22138 22149 I art     : Starting a blocking GC Explicit
08-05 22:00:43.754 22138 22149 I art     : Explicit concurrent mark sweep GC freed 77(1360B) AllocSpace objects, 0(0B) LOS objects, 28% free, 39MB/55MB, paused 915us total 40.219ms
08-05 22:00:43.755 22138 22148 I art     : WaitForGcToComplete blocked for 40.498ms for cause HeapTrim
08-05 22:00:44.110 22138 22150 I art     : Starting a blocking GC Explicit
08-05 22:00:44.156 22138 22150 I art     : Explicit concurrent mark sweep GC freed 2002(92KB) AllocSpace objects, 2(40KB) LOS objects, 28% free, 39MB/55MB, paused 918us total 44.948ms
08-05 22:00:44.173 22138 22150 I art     : Starting a blocking GC Explicit
08-05 22:00:44.217 22138 22150 I art     : Explicit concurrent mark sweep GC freed 121(2480B) AllocSpace objects, 0(0B) LOS objects, 28% free, 39MB/55MB, paused 1.261ms total 43.646ms
08-05 22:00:44.234 22138 22150 I art     : Starting a blocking GC Explicit
08-05 22:00:44.272 22138 22150 I art     : Explicit concurrent mark sweep GC freed 84(1584B) AllocSpace objects, 0(0B) LOS objects, 28% free, 39MB/55MB, paused 985us total 37.651ms
08-05 22:00:44.288 22138 22150 I art     : Starting a blocking GC Explicit
08-05 22:00:44.320 23393 23393 D AndroidRuntime: >>>>>> START com.android.internal.os.RuntimeInit uid 2000 <<<<<<
08-05 22:00:44.326 23393 23393 D AndroidRuntime: CheckJNI is OFF
08-05 22:00:44.328 22138 22150 I art     : Explicit concurrent mark sweep GC freed 93(2144B) AllocSpace objects, 0(0B) LOS objects, 28% free, 39MB/55MB, paused 968us total 39.165ms
08-05 22:00:44.345 22138 22150 I art     : Starting a blocking GC Explicit
08-05 22:00:44.370 23393 23393 D ICU     : No timezone override file found: /data/misc/zoneinfo/current/icu/icu_tzdata.dat
08-05 22:00:44.385 22138 22150 I art     : Explicit concurrent mark sweep GC freed 114(2400B) AllocSpace objects, 0(0B) LOS objects, 28% free, 39MB/55MB, paused 963us total 40.111ms
08-05 22:00:44.414 23393 23393 I Radio-JNI: register_android_hardware_Radio DONE
08-05 22:00:44.443 23393 23393 D AndroidRuntime: Calling main entry com.android.commands.input.Input
08-05 22:00:44.445 23393 23393 I Input   : injectMotionEvent: MotionEvent { action=ACTION_DOWN, actionButton=0, id[0]=0, x[0]=117.0, y[0]=170.0, toolType[0]=TOOL_TYPE_UNKNOWN, buttonState=0, metaState=0, flags=0x0, edgeFlags=0x0, pointerCount=1, historySize=0, eventTime=828060858, downTime=828060858, deviceId=0, source=0x1002 }
08-05 22:00:44.451 23393 23393 I Input   : injectMotionEvent: MotionEvent { action=ACTION_UP, actionButton=0, id[0]=0, x[0]=117.0, y[0]=170.0, toolType[0]=TOOL_TYPE_UNKNOWN, buttonState=0, metaState=0, flags=0x0, edgeFlags=0x0, pointerCount=1, historySize=0, eventTime=828060858, downTime=828060858, deviceId=0, source=0x1002 }
08-05 22:00:44.454 23393 23393 D AndroidRuntime: Shutting down VM
08-05 22:00:44.464   512  2967 D audio_hw_primary: out_set_parameters: enter: usecase(1: low-latency-playback) kvpairs: routing=2
08-05 22:00:44.477   512  2967 D audio_hw_primary: select_devices: out_snd_device(2: speaker) in_snd_device(0: none)
08-05 22:00:44.477   512  2967 D msm8974_platform: platform_send_audio_calibration: sending audio calibration for snd_device(2) acdb_id(15)
08-05 22:00:44.477   512  2967 I soundtrigger: audio_extn_sound_trigger_update_device_status: device 0x2 of type 0 for Event 1
08-05 22:00:44.489   512  2967 D audio_hw_primary: enable_snd_device: snd_device(2: speaker)
08-05 22:00:44.492   512  2967 D audio_hw_primary: enable_audio_route: apply and update mixer path: low-latency-playback speaker
08-05 22:00:44.741 22138 22205 I art     : Starting a blocking GC Explicit
08-05 22:00:44.781 22138 22205 I art     : Explicit concurrent mark sweep GC freed 2371(114KB) AllocSpace objects, 2(40KB) LOS objects, 28% free, 40MB/56MB, paused 963us total 39.525ms
08-05 22:00:44.799 22138 22205 I art     : Starting a blocking GC Explicit
08-05 22:00:44.837 22138 22205 I art     : Explicit concurrent mark sweep GC freed 130(3KB) AllocSpace objects, 0(0B) LOS objects, 28% free, 40MB/56MB, paused 980us total 38.432ms
08-05 22:00:44.854 22138 22205 I art     : Starting a blocking GC Explicit
08-05 22:00:44.891 22138 22205 I art     : Explicit concurrent mark sweep GC freed 88(1984B) AllocSpace objects, 0(0B) LOS objects, 28% free, 40MB/56MB, paused 931us total 36.587ms
08-05 22:00:44.908 22138 22205 I art     : Starting a blocking GC Explicit
08-05 22:00:44.949 22138 22205 I art     : Explicit concurrent mark sweep GC freed 116(2496B) AllocSpace objects, 0(0B) LOS objects, 28% free, 40MB/56MB, paused 1.360ms total 40.310ms
08-05 22:00:44.966 22138 22205 I art     : Starting a blocking GC Explicit
08-05 22:00:45.005 22138 22205 I art     : Explicit concurrent mark sweep GC freed 78(1392B) AllocSpace objects, 0(0B) LOS objects, 28% free, 40MB/56MB, paused 900us total 38.998ms
08-05 22:00:45.030   512  2967 D audio_hw_primary: disable_audio_route: reset and update mixer path: low-latency-playback speaker
08-05 22:00:45.031   512  2967 D audio_hw_primary: disable_snd_device: snd_device(2: speaker)
08-05 22:00:45.038   512  2967 I soundtrigger: audio_extn_sound_trigger_update_device_status: device 0x2 of type 0 for Event 0
08-05 22:00:45.226 23427 23427 D AndroidRuntime: >>>>>> START com.android.internal.os.RuntimeInit uid 2000 <<<<<<
08-05 22:00:45.232 23427 23427 D AndroidRuntime: CheckJNI is OFF
08-05 22:00:45.274 23427 23427 D ICU     : No timezone override file found: /data/misc/zoneinfo/current/icu/icu_tzdata.dat
08-05 22:00:45.317 23427 23427 I Radio-JNI: register_android_hardware_Radio DONE
08-05 22:00:45.347 23427 23427 D AndroidRuntime: Calling main entry com.android.commands.input.Input
08-05 22:00:45.349 23427 23427 I Input   : injectMotionEvent: MotionEvent { action=ACTION_DOWN, actionButton=0, id[0]=0, x[0]=355.0, y[0]=1674.0, toolType[0]=TOOL_TYPE_UNKNOWN, buttonState=0, metaState=0, flags=0x0, edgeFlags=0x0, pointerCount=1, historySize=0, eventTime=828061761, downTime=828061761, deviceId=0, source=0x1002 }
08-05 22:00:45.353 23427 23427 I Input   : injectMotionEvent: MotionEvent { action=ACTION_UP, actionButton=0, id[0]=0, x[0]=355.0, y[0]=1674.0, toolType[0]=TOOL_TYPE_UNKNOWN, buttonState=0, metaState=0, flags=0x0, edgeFlags=0x0, pointerCount=1, historySize=0, eventTime=828061761, downTime=828061761, deviceId=0, source=0x1002 }
08-05 22:00:45.355 23427 23427 D AndroidRuntime: Shutting down VM
08-05 22:00:45.363 22138 22150 I art     : Starting a blocking GC Explicit
08-05 22:00:45.366   512  2967 D audio_hw_primary: out_set_parameters: enter: usecase(1: low-latency-playback) kvpairs: routing=2
08-05 22:00:45.379   512  2967 D audio_hw_primary: select_devices: out_snd_device(2: speaker) in_snd_device(0: none)
08-05 22:00:45.379   512  2967 D msm8974_platform: platform_send_audio_calibration: sending audio calibration for snd_device(2) acdb_id(15)
08-05 22:00:45.380   512  2967 I soundtrigger: audio_extn_sound_trigger_update_device_status: device 0x2 of type 0 for Event 1
08-05 22:00:45.389   512  2967 D audio_hw_primary: enable_snd_device: snd_device(2: speaker)
08-05 22:00:45.391   512  2967 D audio_hw_primary: enable_audio_route: apply and update mixer path: low-latency-playback speaker
08-05 22:00:45.407 22138 22150 I art     : Explicit concurrent mark sweep GC freed 2398(115KB) AllocSpace objects, 2(40KB) LOS objects, 23% free, 51MB/67MB, paused 1.002ms total 44.417ms
08-05 22:00:45.423 22138 22150 I art     : Starting a blocking GC Explicit
08-05 22:00:45.434   512  2967 D AudioFlinger: mixer(0xf4740000) throttle end: throttle time(12)
08-05 22:00:45.461 22138 22150 I art     : Explicit concurrent mark sweep GC freed 1393(141KB) AllocSpace objects, 0(0B) LOS objects, 23% free, 50MB/66MB, paused 959us total 37.168ms
08-05 22:00:45.477 22138 22150 I art     : Starting a blocking GC Explicit
08-05 22:00:45.514 22138 22150 I art     : Explicit concurrent mark sweep GC freed 7(272B) AllocSpace objects, 0(0B) LOS objects, 23% free, 50MB/66MB, paused 911us total 36.706ms
08-05 22:00:45.531 22138 22150 I art     : Waiting for a blocking GC Explicit
08-05 22:00:45.539 22138 22150 I art     : WaitForGcToComplete blocked for 7.529ms for cause Explicit
08-05 22:00:45.539 22138 22150 I art     : Starting a blocking GC Explicit
08-05 22:00:45.577 22138 22150 I art     : Explicit concurrent mark sweep GC freed 8(288B) AllocSpace objects, 0(0B) LOS objects, 17% free, 73MB/89MB, paused 953us total 37.926ms
08-05 22:00:45.577 22138 22148 I art     : WaitForGcToComplete blocked for 38.218ms for cause Background
08-05 22:00:45.594 22138 22150 I art     : Starting a blocking GC Explicit
08-05 22:00:45.633 22138 22150 I art     : Explicit concurrent mark sweep GC freed 3(96B) AllocSpace objects, 0(0B) LOS objects, 17% free, 73MB/89MB, paused 985us total 38.726ms
08-05 22:00:45.842 13866 13882 I PeriodicStatsRunner: PeriodicStatsRunner.call():175 call()
08-05 22:00:45.843 13866 13882 I PeriodicStatsRunner: PeriodicStatsRunner.call():179 No submit PeriodicStats since input started.
08-05 22:00:45.918   512  2967 D audio_hw_primary: disable_audio_route: reset and update mixer path: low-latency-playback speaker
08-05 22:00:45.920   512  2967 D audio_hw_primary: disable_snd_device: snd_device(2: speaker)
08-05 22:00:45.927   512  2967 I soundtrigger: audio_extn_sound_trigger_update_device_status: device 0x2 of type 0 for Event 0
08-05 22:00:46.000 22138 22149 I art     : Starting a blocking GC Explicit
08-05 22:00:46.040 22138 22149 I art     : Explicit concurrent mark sweep GC freed 21(1744B) AllocSpace objects, 0(0B) LOS objects, 12% free, 115MB/131MB, paused 1.030ms total 39.537ms
08-05 22:00:46.057 22138 22149 I art     : Starting a blocking GC Explicit
08-05 22:00:46.097 22138 22149 I art     : Explicit concurrent mark sweep GC freed 3(96B) AllocSpace objects, 0(0B) LOS objects, 12% free, 115MB/131MB, paused 1.086ms total 39.538ms
08-05 22:00:46.114 22138 22149 I art     : Starting a blocking GC Explicit
08-05 22:00:46.153 22138 22149 I art     : Explicit concurrent mark sweep GC freed 7(272B) AllocSpace objects, 0(0B) LOS objects, 10% free, 134MB/150MB, paused 1.004ms total 38.728ms
08-05 22:00:46.170 22138 22149 I art     : Starting a blocking GC Explicit
08-05 22:00:46.209 22138 22149 I art     : Explicit concurrent mark sweep GC freed 5(192B) AllocSpace objects, 0(0B) LOS objects, 10% free, 134MB/150MB, paused 1.043ms total 38.671ms
08-05 22:00:46.226 22138 22149 I art     : Starting a blocking GC Explicit
08-05 22:00:46.265 22138 22149 I art     : Explicit concurrent mark sweep GC freed 3(96B) AllocSpace objects, 0(0B) LOS objects, 10% free, 134MB/150MB, paused 1.016ms total 38.535ms
08-05 22:00:46.278 22138 22138 I Choreographer: Skipped 54 frames!  The application may be doing too much work on its main thread.
08-05 22:00:46.279 22138 22138 V MainActivity: url = https://project-travel-mate.herokuapp.com/api/number-of-unread-notifications
08-05 22:00:46.625 22138 22149 I art     : Starting a blocking GC Explicit
08-05 22:00:46.684 22138 22149 I art     : Explicit concurrent mark sweep GC freed 3189(150KB) AllocSpace objects, 11(288KB) LOS objects, 10% free, 134MB/150MB, paused 1.085ms total 59.050ms
08-05 22:00:46.704 22138 22149 I art     : Starting a blocking GC Explicit
08-05 22:00:46.748 22138 22149 I art     : Explicit concurrent mark sweep GC freed 919(53KB) AllocSpace objects, 0(0B) LOS objects, 10% free, 134MB/150MB, paused 1.004ms total 42.940ms
08-05 22:00:46.769 22138 22149 I art     : Starting a blocking GC Explicit
08-05 22:00:46.812 22138 22149 I art     : Explicit concurrent mark sweep GC freed 3(96B) AllocSpace objects, 0(0B) LOS objects, 10% free, 134MB/150MB, paused 988us total 42.318ms
08-05 22:00:46.829 22138 22149 I art     : Starting a blocking GC Explicit
08-05 22:00:46.870 22138 22149 I art     : Explicit concurrent mark sweep GC freed 3(96B) AllocSpace objects, 0(0B) LOS objects, 10% free, 134MB/150MB, paused 942us total 41.010ms
08-05 22:00:46.887 22138 22149 I art     : Starting a blocking GC Explicit
08-05 22:00:46.929 22138 22149 I art     : Explicit concurrent mark sweep GC freed 3(96B) AllocSpace objects, 0(0B) LOS objects, 10% free, 134MB/150MB, paused 1.030ms total 42.203ms
08-05 22:00:47.183 22138 23458 I NAPPA_EXPERIMENTATION: MetricNetworkRequestExecutionTime: REQUEST_DURATION_SYSTEM='903',REQUEST_DURATION_OKHTTP='40',REQUEST_SYNCHRONOUS='FALSE',RESPONSE_CODE='200',RESPONSE_METHOD='GET',RESPONSE_LENGTH_OKHTTP='36',RESPONSE_LENGTH_HEADER='36',REQUEST_PROTOCOL='http/1.1',REQUEST_URL='https://project-travel-mate.herokuapp.com/api/number-of-unread-notifications',
08-05 22:00:47.351 22138 22205 I art     : Starting a blocking GC Explicit
08-05 22:00:47.414 22138 22205 I art     : Explicit concurrent mark sweep GC freed 4239(231KB) AllocSpace objects, 5(236KB) LOS objects, 10% free, 134MB/150MB, paused 1.092ms total 62.567ms
08-05 22:00:47.434 22138 22205 I art     : Starting a blocking GC Explicit
08-05 22:00:47.477 22138 22205 I art     : Explicit concurrent mark sweep GC freed 976(117KB) AllocSpace objects, 0(0B) LOS objects, 10% free, 134MB/150MB, paused 1.031ms total 43.108ms
08-05 22:00:47.495 22138 22205 I art     : Starting a blocking GC Explicit
08-05 22:00:47.542 22138 22205 I art     : Explicit concurrent mark sweep GC freed 3(96B) AllocSpace objects, 0(0B) LOS objects, 10% free, 134MB/150MB, paused 1.003ms total 47.091ms
08-05 22:00:47.560 22138 22205 I art     : Starting a blocking GC Explicit
08-05 22:00:47.594 13866 13882 I PeriodicStatsRunner: PeriodicStatsRunner.call():175 call()
08-05 22:00:47.595 13866 13882 I PeriodicStatsRunner: PeriodicStatsRunner.call():179 No submit PeriodicStats since input started.
08-05 22:00:47.603 22138 22205 I art     : Explicit concurrent mark sweep GC freed 3(96B) AllocSpace objects, 0(0B) LOS objects, 10% free, 134MB/150MB, paused 912us total 42.819ms
08-05 22:00:47.620 22138 22205 I art     : Starting a blocking GC Explicit
08-05 22:00:47.660 22138 22205 I art     : Explicit concurrent mark sweep GC freed 3(96B) AllocSpace objects, 0(0B) LOS objects, 10% free, 134MB/150MB, paused 999us total 39.550ms
08-05 22:00:47.756   918  3188 I hubconnection: sensorhub said: 'set_bias 3: -5.2128, 0.0000, 0.0000'
08-05 22:00:48.065 22138 22785 I art     : Starting a blocking GC Explicit
08-05 22:00:48.114 22138 22785 I art     : Explicit concurrent mark sweep GC freed 1467(84KB) AllocSpace objects, 2(36KB) LOS objects, 10% free, 134MB/150MB, paused 1.120ms total 47.630ms
08-05 22:00:48.131 22138 22785 I art     : Starting a blocking GC Explicit
08-05 22:00:48.135 23489 23489 D AndroidRuntime: >>>>>> START com.android.internal.os.RuntimeInit uid 2000 <<<<<<
08-05 22:00:48.140 23489 23489 D AndroidRuntime: CheckJNI is OFF
08-05 22:00:48.176 22138 22785 I art     : Explicit concurrent mark sweep GC freed 34(1392B) AllocSpace objects, 0(0B) LOS objects, 10% free, 134MB/150MB, paused 1.067ms total 44.545ms
08-05 22:00:48.187 23489 23489 D ICU     : No timezone override file found: /data/misc/zoneinfo/current/icu/icu_tzdata.dat
08-05 22:00:48.193 22138 22785 I art     : Starting a blocking GC Explicit
08-05 22:00:48.234 23489 23489 I Radio-JNI: register_android_hardware_Radio DONE
08-05 22:00:48.235 22138 22785 I art     : Explicit concurrent mark sweep GC freed 3(96B) AllocSpace objects, 0(0B) LOS objects, 10% free, 134MB/150MB, paused 1.054ms total 41.766ms
08-05 22:00:48.252 22138 22785 I art     : Starting a blocking GC Explicit
08-05 22:00:48.264 23489 23489 D AndroidRuntime: Calling main entry com.android.commands.input.Input
08-05 22:00:48.266 23489 23489 I Input   : injectMotionEvent: MotionEvent { action=ACTION_DOWN, actionButton=0, id[0]=0, x[0]=747.0, y[0]=608.0, toolType[0]=TOOL_TYPE_UNKNOWN, buttonState=0, metaState=0, flags=0x0, edgeFlags=0x0, pointerCount=1, historySize=0, eventTime=828064679, downTime=828064679, deviceId=0, source=0x1002 }
08-05 22:00:48.273 23489 23489 I Input   : injectMotionEvent: MotionEvent { action=ACTION_UP, actionButton=0, id[0]=0, x[0]=747.0, y[0]=608.0, toolType[0]=TOOL_TYPE_UNKNOWN, buttonState=0, metaState=0, flags=0x0, edgeFlags=0x0, pointerCount=1, historySize=0, eventTime=828064679, downTime=828064679, deviceId=0, source=0x1002 }
08-05 22:00:48.277   512  2967 D audio_hw_primary: out_set_parameters: enter: usecase(1: low-latency-playback) kvpairs: routing=2
08-05 22:00:48.277 23489 23489 D AndroidRuntime: Shutting down VM
08-05 22:00:48.277   918  6112 I ActivityManager: START u0 {cmp=baseline.io.github.project_travel_mate/.utilities.ChecklistActivity} from uid 10674 on display 0
08-05 22:00:48.290   512  2967 D audio_hw_primary: select_devices: out_snd_device(2: speaker) in_snd_device(0: none)
08-05 22:00:48.290   512  2967 D msm8974_platform: platform_send_audio_calibration: sending audio calibration for snd_device(2) acdb_id(15)
08-05 22:00:48.291   512  2967 I soundtrigger: audio_extn_sound_trigger_update_device_status: device 0x2 of type 0 for Event 1
08-05 22:00:48.292 22138 22785 I art     : Explicit concurrent mark sweep GC freed 20(4KB) AllocSpace objects, 0(0B) LOS objects, 10% free, 134MB/150MB, paused 1.257ms total 39.440ms
08-05 22:00:48.302   512  2967 D audio_hw_primary: enable_snd_device: snd_device(2: speaker)
08-05 22:00:48.304   512  2967 D audio_hw_primary: enable_audio_route: apply and update mixer path: low-latency-playback speaker
08-05 22:00:48.310 22138 22785 I art     : Starting a blocking GC Explicit
08-05 22:00:48.351 22138 22785 I art     : Explicit concurrent mark sweep GC freed 855(105KB) AllocSpace objects, 0(0B) LOS objects, 10% free, 135MB/151MB, paused 1.397ms total 40.496ms
08-05 22:00:48.416 13866 13866 I GoogleInputMethodServic: GoogleInputMethodService.onFinishInput():3138 
08-05 22:00:48.421   918   936 I ActivityManager: Displayed baseline.io.github.project_travel_mate/.utilities.ChecklistActivity: +137ms
08-05 22:00:48.422 13866 13866 I GoogleInputMethodServic: GoogleInputMethodService.onStartInput():1808 
08-05 22:00:48.682   380   380 W SurfaceFlinger: couldn't log to binary event log: overflow.
08-05 22:00:48.745 22138 23095 I art     : Starting a blocking GC Explicit
08-05 22:00:48.785 22138 23095 I art     : Explicit concurrent mark sweep GC freed 2577(191KB) AllocSpace objects, 2(36KB) LOS objects, 10% free, 135MB/151MB, paused 1.001ms total 40.030ms
08-05 22:00:48.802 22138 23095 I art     : Starting a blocking GC Explicit
08-05 22:00:48.838   512  2967 D audio_hw_primary: disable_audio_route: reset and update mixer path: low-latency-playback speaker
08-05 22:00:48.840   512  2967 D audio_hw_primary: disable_snd_device: snd_device(2: speaker)
08-05 22:00:48.843 22138 23095 I art     : Explicit concurrent mark sweep GC freed 239(9KB) AllocSpace objects, 0(0B) LOS objects, 10% free, 135MB/151MB, paused 982us total 40.164ms
08-05 22:00:48.847   512  2967 I soundtrigger: audio_extn_sound_trigger_update_device_status: device 0x2 of type 0 for Event 0
08-05 22:00:48.860 22138 23095 I art     : Starting a blocking GC Explicit
08-05 22:00:48.905 22138 23095 I art     : Explicit concurrent mark sweep GC freed 11(352B) AllocSpace objects, 0(0B) LOS objects, 10% free, 135MB/151MB, paused 1.083ms total 45.311ms
08-05 22:00:48.923 22138 23095 I art     : Starting a blocking GC Explicit
08-05 22:00:48.968 22138 23095 I art     : Explicit concurrent mark sweep GC freed 3(96B) AllocSpace objects, 0(0B) LOS objects, 10% free, 135MB/151MB, paused 1.161ms total 44.674ms
08-05 22:00:48.990 22138 23095 I art     : Starting a blocking GC Explicit
08-05 22:00:49.035 22138 23095 I art     : Explicit concurrent mark sweep GC freed 3(96B) AllocSpace objects, 0(0B) LOS objects, 10% free, 135MB/151MB, paused 1.080ms total 44.990ms
08-05 22:00:49.440 22138 22785 I art     : Starting a blocking GC Explicit
08-05 22:00:49.503 22138 22785 I art     : Explicit concurrent mark sweep GC freed 1618(93KB) AllocSpace objects, 2(36KB) LOS objects, 10% free, 135MB/151MB, paused 1.144ms total 61.583ms
08-05 22:00:49.523 22138 22785 I art     : Starting a blocking GC Explicit
08-05 22:00:49.554 15841 15858 E YouTube : Error in sending SendDeviceContextRequest.
08-05 22:00:49.554 15841 15858 E YouTube : aeag: java.util.concurrent.ExecutionException: bwj
08-05 22:00:49.554 15841 15858 E YouTube : 	at adzy.b(PG:19)
08-05 22:00:49.554 15841 15858 E YouTube : 	at akfb.a(PG:163)
08-05 22:00:49.554 15841 15858 E YouTube : 	at abdc.a(PG:4)
08-05 22:00:49.554 15841 15858 E YouTube : 	at com.google.android.libraries.youtube.common.backgroundtask.workmanager.BackgroundTaskWorker.i(PG:7)
08-05 22:00:49.554 15841 15858 E YouTube : 	at bih.run(PG:1)
08-05 22:00:49.554 15841 15858 E YouTube : 	at java.util.concurrent.Executors$RunnableAdapter.call(Executors.java:423)
08-05 22:00:49.554 15841 15858 E YouTube : 	at java.util.concurrent.FutureTask.run(FutureTask.java:237)
08-05 22:00:49.554 15841 15858 E YouTube : 	at java.util.concurrent.ScheduledThreadPoolExecutor$ScheduledFutureTask.run(ScheduledThreadPoolExecutor.java:269)
08-05 22:00:49.554 15841 15858 E YouTube : 	at java.util.concurrent.ThreadPoolExecutor.runWorker(ThreadPoolExecutor.java:1113)
08-05 22:00:49.554 15841 15858 E YouTube : 	at java.util.concurrent.ThreadPoolExecutor$Worker.run(ThreadPoolExecutor.java:588)
08-05 22:00:49.554 15841 15858 E YouTube : 	at abgr.run(PG:12)
08-05 22:00:49.554 15841 15858 E YouTube : 	at java.lang.Thread.run(Thread.java:818)
08-05 22:00:49.554 15841 15858 E YouTube : Caused by: java.util.concurrent.ExecutionException: bwj
08-05 22:00:49.554 15841 15858 E YouTube : 	at asbb.a(PG:127)
08-05 22:00:49.554 15841 15858 E YouTube : 	at asbb.get(PG:83)
08-05 22:00:49.554 15841 15858 E YouTube : 	at adzy.b(PG:18)
08-05 22:00:49.554 15841 15858 E YouTube : 	... 11 more
08-05 22:00:49.554 15841 15858 E YouTube : Caused by: bwj
08-05 22:00:49.554 15841 15858 E YouTube : 	at abpp.run(Unknown Source)
08-05 22:00:49.554 15841 15858 E YouTube : 	... 4 more
08-05 22:00:49.554 15841 15858 E YouTube : Caused by: bljc: Exception in CronetUrlRequest: net::ERR_CONNECTION_CLOSED, ErrorCode=5, InternalErrorCode=-100, Retryable=true
08-05 22:00:49.554 15841 15858 E YouTube : 	at org.chromium.net.impl.CronetUrlRequest.onError(PG:55)
08-05 22:00:49.562   918  5132 I ActivityManager: Killing 7333:baseline.com.newsblur/u0a676 (adj 15): empty #17
08-05 22:00:49.567 22138 22785 I art     : Explicit concurrent mark sweep GC freed 28(1024B) AllocSpace objects, 0(0B) LOS objects, 10% free, 135MB/151MB, paused 1.091ms total 44.024ms
08-05 22:00:49.585 22138 22785 I art     : Starting a blocking GC Explicit
08-05 22:00:49.627 22138 22785 I art     : Explicit concurrent mark sweep GC freed 3(96B) AllocSpace objects, 0(0B) LOS objects, 10% free, 135MB/151MB, paused 1.111ms total 41.954ms
08-05 22:00:49.644 22138 22785 I art     : Starting a blocking GC Explicit
08-05 22:00:49.689 22138 22785 I art     : Explicit concurrent mark sweep GC freed 3(96B) AllocSpace objects, 0(0B) LOS objects, 10% free, 135MB/151MB, paused 1.146ms total 45.105ms
08-05 22:00:49.707 22138 22785 I art     : Starting a blocking GC Explicit
08-05 22:00:49.753 22138 22785 I art     : Explicit concurrent mark sweep GC freed 3(96B) AllocSpace objects, 0(0B) LOS objects, 10% free, 135MB/151MB, paused 1.151ms total 46.205ms
08-05 22:00:50.163 22138 22150 I art     : Starting a blocking GC Explicit
08-05 22:00:50.223 22138 22150 I art     : Explicit concurrent mark sweep GC freed 1581(91KB) AllocSpace objects, 2(36KB) LOS objects, 10% free, 135MB/151MB, paused 1.189ms total 58.848ms
08-05 22:00:50.244 22138 22150 I art     : Starting a blocking GC Explicit
08-05 22:00:50.296 22138 22150 I art     : Explicit concurrent mark sweep GC freed 34(1424B) AllocSpace objects, 0(0B) LOS objects, 10% free, 135MB/151MB, paused 1.134ms total 51.912ms
08-05 22:00:50.314 22138 22150 I art     : Starting a blocking GC Explicit
08-05 22:00:50.363 22138 22150 I art     : Explicit concurrent mark sweep GC freed 46(1504B) AllocSpace objects, 0(0B) LOS objects, 10% free, 135MB/151MB, paused 1.103ms total 48.291ms
08-05 22:00:50.381 22138 22150 I art     : Starting a blocking GC Explicit
08-05 22:00:50.432 22138 22150 I art     : Explicit concurrent mark sweep GC freed 14(592B) AllocSpace objects, 0(0B) LOS objects, 10% free, 135MB/151MB, paused 1.182ms total 51.569ms
08-05 22:00:50.453 22138 22150 I art     : Starting a blocking GC Explicit
08-05 22:00:50.501 22138 22150 I art     : Explicit concurrent mark sweep GC freed 3(96B) AllocSpace objects, 0(0B) LOS objects, 10% free, 135MB/151MB, paused 1.146ms total 47.179ms
08-05 22:00:50.930 22138 22205 I art     : Starting a blocking GC Explicit
08-05 22:00:50.989 22138 22205 I art     : Explicit concurrent mark sweep GC freed 1594(92KB) AllocSpace objects, 2(36KB) LOS objects, 10% free, 135MB/151MB, paused 1.239ms total 59.405ms
08-05 22:00:51.010 22138 22205 I art     : Starting a blocking GC Explicit
08-05 22:00:51.061 22138 22205 I art     : Explicit concurrent mark sweep GC freed 38(1568B) AllocSpace objects, 0(0B) LOS objects, 10% free, 135MB/151MB, paused 1.222ms total 50.519ms
08-05 22:00:51.082 22138 22205 I art     : Starting a blocking GC Explicit
08-05 22:00:51.130 22138 22205 I art     : Explicit concurrent mark sweep GC freed 3(96B) AllocSpace objects, 0(0B) LOS objects, 10% free, 135MB/151MB, paused 1.203ms total 48.172ms
08-05 22:00:51.151 22138 22205 I art     : Starting a blocking GC Explicit
08-05 22:00:51.199 22138 22205 I art     : Explicit concurrent mark sweep GC freed 3(96B) AllocSpace objects, 0(0B) LOS objects, 10% free, 135MB/151MB, paused 1.155ms total 47.946ms
08-05 22:00:51.217 22138 22205 I art     : Starting a blocking GC Explicit
08-05 22:00:51.267 22138 22205 I art     : Explicit concurrent mark sweep GC freed 3(96B) AllocSpace objects, 0(0B) LOS objects, 10% free, 135MB/151MB, paused 1.182ms total 49.806ms
08-05 22:00:51.706 22138 22149 I art     : Starting a blocking GC Explicit
08-05 22:00:51.774 22138 22149 I art     : Explicit concurrent mark sweep GC freed 1614(93KB) AllocSpace objects, 2(36KB) LOS objects, 10% free, 135MB/151MB, paused 1.357ms total 67.330ms
08-05 22:00:51.797   918  3261 D WifiStateMachine: starting scan for "H369AA63323"WPA_PSK with 2412,5180
08-05 22:00:51.799 22138 22149 I art     : Starting a blocking GC Explicit
08-05 22:00:51.847 22138 22149 I art     : Explicit concurrent mark sweep GC freed 28(1024B) AllocSpace objects, 0(0B) LOS objects, 10% free, 135MB/151MB, paused 1.140ms total 47.848ms
08-05 22:00:51.864 22138 22149 I art     : Starting a blocking GC Explicit
08-05 22:00:51.912 22138 22149 I art     : Explicit concurrent mark sweep GC freed 3(96B) AllocSpace objects, 0(0B) LOS objects, 10% free, 135MB/151MB, paused 1.129ms total 47.217ms
08-05 22:00:51.929 22138 22149 I art     : Starting a blocking GC Explicit
08-05 22:00:51.980 22138 22149 I art     : Explicit concurrent mark sweep GC freed 3(96B) AllocSpace objects, 0(0B) LOS objects, 10% free, 135MB/151MB, paused 1.156ms total 49.892ms
08-05 22:00:51.997 22138 22149 I art     : Starting a blocking GC Explicit
08-05 22:00:52.047 22138 22149 I art     : Explicit concurrent mark sweep GC freed 3(96B) AllocSpace objects, 0(0B) LOS objects, 10% free, 135MB/151MB, paused 1.220ms total 49.657ms
08-05 22:00:52.470 22138 23095 I art     : Starting a blocking GC Explicit
08-05 22:00:52.523 22138 23095 I art     : Explicit concurrent mark sweep GC freed 1614(92KB) AllocSpace objects, 2(36KB) LOS objects, 10% free, 135MB/151MB, paused 1.086ms total 52.877ms
08-05 22:00:52.541 22138 23095 I art     : Starting a blocking GC Explicit
08-05 22:00:52.584 22138 23095 I art     : Explicit concurrent mark sweep GC freed 28(1024B) AllocSpace objects, 0(0B) LOS objects, 10% free, 135MB/151MB, paused 1.021ms total 42.532ms
08-05 22:00:52.601 22138 23095 I art     : Starting a blocking GC Explicit
08-05 22:00:52.644 22138 23095 I art     : Explicit concurrent mark sweep GC freed 3(96B) AllocSpace objects, 0(0B) LOS objects, 10% free, 135MB/151MB, paused 1.095ms total 42.455ms
08-05 22:00:52.661 22138 23095 I art     : Starting a blocking GC Explicit
08-05 22:00:52.707 22138 23095 I art     : Explicit concurrent mark sweep GC freed 3(96B) AllocSpace objects, 0(0B) LOS objects, 10% free, 135MB/151MB, paused 1.149ms total 45.636ms
08-05 22:00:52.724 22138 23095 I art     : Starting a blocking GC Explicit
08-05 22:00:52.770 22138 23095 I art     : Explicit concurrent mark sweep GC freed 3(96B) AllocSpace objects, 0(0B) LOS objects, 10% free, 135MB/151MB, paused 1.126ms total 46.131ms
08-05 22:00:53.082 23582 23582 D AndroidRuntime: >>>>>> START com.android.internal.os.RuntimeInit uid 2000 <<<<<<
08-05 22:00:53.088 23582 23582 D AndroidRuntime: CheckJNI is OFF
08-05 22:00:53.137 23582 23582 D ICU     : No timezone override file found: /data/misc/zoneinfo/current/icu/icu_tzdata.dat
08-05 22:00:53.184 22138 22785 I art     : Starting a blocking GC Explicit
08-05 22:00:53.185 23582 23582 I Radio-JNI: register_android_hardware_Radio DONE
08-05 22:00:53.217 23582 23582 D AndroidRuntime: Calling main entry com.android.commands.input.Input
08-05 22:00:53.219 23582 23582 I Input   : injectKeyEvent: KeyEvent { action=ACTION_DOWN, keyCode=KEYCODE_BACK, scanCode=0, metaState=0, flags=0x0, repeatCount=0, eventTime=828069632, downTime=828069632, deviceId=-1, source=0x101 }
08-05 22:00:53.226 23582 23582 I Input   : injectKeyEvent: KeyEvent { action=ACTION_UP, keyCode=KEYCODE_BACK, scanCode=0, metaState=0, flags=0x0, repeatCount=0, eventTime=828069632, downTime=828069632, deviceId=-1, source=0x101 }
08-05 22:00:53.231 22138 22785 I art     : Explicit concurrent mark sweep GC freed 1584(92KB) AllocSpace objects, 2(36KB) LOS objects, 10% free, 135MB/151MB, paused 1.271ms total 46.663ms
08-05 22:00:53.233 23582 23582 D AndroidRuntime: Shutting down VM
08-05 22:00:53.249 22138 22785 I art     : Starting a blocking GC Explicit
08-05 22:00:53.252 22138 22138 V MainActivity: url = https://project-travel-mate.herokuapp.com/api/number-of-unread-notifications
08-05 22:00:53.279 13866 13866 I GoogleInputMethodServic: GoogleInputMethodService.onFinishInput():3138 
08-05 22:00:53.280 13866 13866 I GoogleInputMethodServic: GoogleInputMethodService.onStartInput():1808 
08-05 22:00:53.291 22138 22785 I art     : Explicit concurrent mark sweep GC freed 356(14KB) AllocSpace objects, 0(0B) LOS objects, 10% free, 135MB/151MB, paused 1.312ms total 41.646ms
08-05 22:00:53.309 22138 22785 I art     : Starting a blocking GC Explicit
08-05 22:00:53.348 22138 22785 I art     : Explicit concurrent mark sweep GC freed 134(5KB) AllocSpace objects, 0(0B) LOS objects, 10% free, 135MB/151MB, paused 1.169ms total 38.745ms
08-05 22:00:53.364 22138 22785 I art     : Starting a blocking GC Explicit
08-05 22:00:53.408 22138 22785 I art     : Explicit concurrent mark sweep GC freed 99(6KB) AllocSpace objects, 0(0B) LOS objects, 10% free, 135MB/151MB, paused 1.332ms total 43.282ms
08-05 22:00:53.425 13866 13882 I PeriodicStatsRunner: PeriodicStatsRunner.call():175 call()
08-05 22:00:53.426 13866 13882 I PeriodicStatsRunner: PeriodicStatsRunner.call():179 No submit PeriodicStats since input started.
08-05 22:00:53.426 22138 22785 I art     : Starting a blocking GC Explicit
08-05 22:00:53.479 22138 22785 I art     : Explicit concurrent mark sweep GC freed 7(208B) AllocSpace objects, 0(0B) LOS objects, 10% free, 135MB/151MB, paused 1.604ms total 51.972ms
08-05 22:00:53.569   380   380 W SurfaceFlinger: couldn't log to binary event log: overflow.
08-05 22:00:53.857 22138 22150 I art     : Starting a blocking GC Explicit
08-05 22:00:53.915 22138 22150 I art     : Explicit concurrent mark sweep GC freed 2024(112KB) AllocSpace objects, 2(36KB) LOS objects, 10% free, 135MB/151MB, paused 1.150ms total 57.953ms
08-05 22:00:53.933 22138 22150 I art     : Starting a blocking GC Explicit
08-05 22:00:53.955   518   646 I ThermalEngine: ACTION: GPU - Setting GPU[0] to 510000000
08-05 22:00:53.978 22138 22150 I art     : Explicit concurrent mark sweep GC freed 1130(77KB) AllocSpace objects, 2(120KB) LOS objects, 10% free, 135MB/151MB, paused 1.695ms total 45.329ms
08-05 22:00:53.996 22138 22150 I art     : Starting a blocking GC Explicit
08-05 22:00:54.033 22138 22150 I art     : Explicit concurrent mark sweep GC freed 2257(143KB) AllocSpace objects, 1(80KB) LOS objects, 10% free, 135MB/151MB, paused 872us total 36.399ms
08-05 22:00:54.037 22138 23605 I NAPPA_EXPERIMENTATION: MetricNetworkRequestExecutionTime: REQUEST_DURATION_SYSTEM='784',REQUEST_DURATION_OKHTTP='38',REQUEST_SYNCHRONOUS='FALSE',RESPONSE_CODE='200',RESPONSE_METHOD='GET',RESPONSE_LENGTH_OKHTTP='36',RESPONSE_LENGTH_HEADER='36',REQUEST_PROTOCOL='http/1.1',REQUEST_URL='https://project-travel-mate.herokuapp.com/api/number-of-unread-notifications',
08-05 22:00:54.046 22138 22150 I art     : Starting a blocking GC Explicit
08-05 22:00:54.082 22138 22150 I art     : Explicit concurrent mark sweep GC freed 431(47KB) AllocSpace objects, 0(0B) LOS objects, 10% free, 135MB/151MB, paused 850us total 36.399ms
08-05 22:00:54.096 22138 22150 I art     : Starting a blocking GC Explicit
08-05 22:00:54.133 22138 22150 I art     : Explicit concurrent mark sweep GC freed 93(4KB) AllocSpace objects, 0(0B) LOS objects, 10% free, 135MB/151MB, paused 878us total 37.018ms
08-05 22:00:54.505 22138 22205 I art     : Starting a blocking GC Explicit
08-05 22:00:54.541 22138 22205 I art     : Explicit concurrent mark sweep GC freed 1613(92KB) AllocSpace objects, 2(36KB) LOS objects, 10% free, 135MB/151MB, paused 876us total 35.374ms
08-05 22:00:54.555 22138 22205 I art     : Starting a blocking GC Explicit
08-05 22:00:54.589 22138 22205 I art     : Explicit concurrent mark sweep GC freed 28(1024B) AllocSpace objects, 0(0B) LOS objects, 10% free, 135MB/151MB, paused 878us total 33.949ms
08-05 22:00:54.602 22138 22205 I art     : Starting a blocking GC Explicit
08-05 22:00:54.636 22138 22205 I art     : Explicit concurrent mark sweep GC freed 3(96B) AllocSpace objects, 0(0B) LOS objects, 10% free, 135MB/151MB, paused 851us total 33.863ms
08-05 22:00:54.649 22138 22205 I art     : Starting a blocking GC Explicit
08-05 22:00:54.684 22138 22205 I art     : Explicit concurrent mark sweep GC freed 3(96B) AllocSpace objects, 0(0B) LOS objects, 10% free, 135MB/151MB, paused 895us total 34.855ms
08-05 22:00:54.698 22138 22205 I art     : Starting a blocking GC Explicit
08-05 22:00:54.732 22138 22205 I art     : Explicit concurrent mark sweep GC freed 3(96B) AllocSpace objects, 0(0B) LOS objects, 10% free, 135MB/151MB, paused 870us total 34.572ms
08-05 22:00:54.899 23627 23627 D AndroidRuntime: >>>>>> START com.android.internal.os.RuntimeInit uid 2000 <<<<<<
08-05 22:00:54.906 23627 23627 D AndroidRuntime: CheckJNI is OFF
08-05 22:00:54.945 23627 23627 D ICU     : No timezone override file found: /data/misc/zoneinfo/current/icu/icu_tzdata.dat
08-05 22:00:54.977 23627 23627 I Radio-JNI: register_android_hardware_Radio DONE
08-05 22:00:55.001 23627 23627 D AndroidRuntime: Calling main entry com.android.commands.input.Input
08-05 22:00:55.003 23627 23627 I Input   : injectMotionEvent: MotionEvent { action=ACTION_DOWN, actionButton=0, id[0]=0, x[0]=657.0, y[0]=2037.0, toolType[0]=TOOL_TYPE_UNKNOWN, buttonState=0, metaState=0, flags=0x0, edgeFlags=0x0, pointerCount=1, historySize=0, eventTime=828071416, downTime=828071416, deviceId=0, source=0x1002 }
08-05 22:00:55.008 23627 23627 I Input   : injectMotionEvent: MotionEvent { action=ACTION_UP, actionButton=0, id[0]=0, x[0]=657.0, y[0]=2037.0, toolType[0]=TOOL_TYPE_UNKNOWN, buttonState=0, metaState=0, flags=0x0, edgeFlags=0x0, pointerCount=1, historySize=0, eventTime=828071416, downTime=828071416, deviceId=0, source=0x1002 }
08-05 22:00:55.009 23627 23627 D AndroidRuntime: Shutting down VM
08-05 22:00:55.026   512  2967 D audio_hw_primary: out_set_parameters: enter: usecase(1: low-latency-playback) kvpairs: routing=2
08-05 22:00:55.026   918  3670 I ActivityManager: START u0 {cmp=baseline.io.github.project_travel_mate/.utilities.CompassActivity} from uid 10674 on display 0
08-05 22:00:55.039   512  2967 D audio_hw_primary: select_devices: out_snd_device(2: speaker) in_snd_device(0: none)
08-05 22:00:55.039   512  2967 D msm8974_platform: platform_send_audio_calibration: sending audio calibration for snd_device(2) acdb_id(15)
08-05 22:00:55.039   512  2967 I soundtrigger: audio_extn_sound_trigger_update_device_status: device 0x2 of type 0 for Event 1
08-05 22:00:55.049   512  2967 D audio_hw_primary: enable_snd_device: snd_device(2: speaker)
08-05 22:00:55.051   512  2967 D audio_hw_primary: enable_audio_route: apply and update mixer path: low-latency-playback speaker
08-05 22:00:55.096 22138 22149 I art     : Starting a blocking GC Explicit
08-05 22:00:55.129 22138 22149 I art     : Explicit concurrent mark sweep GC freed 1951(134KB) AllocSpace objects, 2(36KB) LOS objects, 7% free, 184MB/200MB, paused 939us total 33.354ms
08-05 22:00:55.142 22138 22149 I art     : Starting a blocking GC Explicit
08-05 22:00:55.177 22138 22149 I art     : Explicit concurrent mark sweep GC freed 213(9KB) AllocSpace objects, 0(0B) LOS objects, 7% free, 184MB/200MB, paused 965us total 34.627ms
08-05 22:00:55.190 22138 22149 I art     : Starting a blocking GC Explicit
08-05 22:00:55.223 22138 22149 I art     : Explicit concurrent mark sweep GC freed 3(96B) AllocSpace objects, 0(0B) LOS objects, 7% free, 184MB/200MB, paused 946us total 33.010ms
08-05 22:00:55.236 22138 22149 I art     : Starting a blocking GC Explicit
08-05 22:00:55.268 22138 22149 I art     : Explicit concurrent mark sweep GC freed 3(96B) AllocSpace objects, 0(0B) LOS objects, 7% free, 184MB/200MB, paused 924us total 32.051ms
08-05 22:00:55.280 22138 22149 I art     : Starting a blocking GC Explicit
08-05 22:00:55.313 22138 22149 I art     : Explicit concurrent mark sweep GC freed 3(96B) AllocSpace objects, 0(0B) LOS objects, 7% free, 184MB/200MB, paused 886us total 31.951ms
08-05 22:00:55.459 22138 22138 D CompassActivity: start compass
08-05 22:00:55.466   918  5481 I sensors : batch
08-05 22:00:55.466   918  5481 I sensors : activate
08-05 22:00:55.466   918  3670 I sensors : batch
08-05 22:00:55.467   918  3670 I sensors : activate
08-05 22:00:55.473   918  3188 I hubconnection: sensorhub said: 'batch 1 flags:0, sampling_rate_Hz:50.00, max_report_latency_us:0'
08-05 22:00:55.474   918  3188 I hubconnection: sensorhub said: 'activate 1 enable:1'
08-05 22:00:55.475   918  3188 I hubconnection: sensorhub said: 'batch 3 flags:0, sampling_rate_Hz:50.00, max_report_latency_us:0'
08-05 22:00:55.477   918  3188 I hubconnection: sensorhub said: 'activate 3 enable:1'
08-05 22:00:55.590   512  2967 D audio_hw_primary: disable_audio_route: reset and update mixer path: low-latency-playback speaker
08-05 22:00:55.591   512  2967 D audio_hw_primary: disable_snd_device: snd_device(2: speaker)
08-05 22:00:55.599   512  2967 I soundtrigger: audio_extn_sound_trigger_update_device_status: device 0x2 of type 0 for Event 0
08-05 22:00:55.632 22138 23095 I art     : Starting a blocking GC Explicit
08-05 22:00:55.635   918   936 I ActivityManager: Displayed baseline.io.github.project_travel_mate/.utilities.CompassActivity: +597ms
08-05 22:00:55.636 13866 13866 I GoogleInputMethodServic: GoogleInputMethodService.onFinishInput():3138 
08-05 22:00:55.636 22138 22138 D CompassActivity: will set rotation from 0.0 to 179.12573
08-05 22:00:55.636 13866 13866 I GoogleInputMethodServic: GoogleInputMethodService.onStartInput():1808 
08-05 22:00:55.662 22138 23095 I art     : Explicit concurrent mark sweep GC freed 1873(106KB) AllocSpace objects, 2(36KB) LOS objects, 7% free, 187MB/203MB, paused 830us total 30.333ms
08-05 22:00:55.677 22138 23095 I art     : Starting a blocking GC Explicit
08-05 22:00:55.712 22138 22138 D CompassActivity: will set rotation from 179.12573 to 179.44238
08-05 22:00:55.712 22138 22138 D CompassActivity: will set rotation from 179.44238 to 179.44568
08-05 22:00:55.713 22138 22138 D CompassActivity: will set rotation from 179.44568 to 179.74481
08-05 22:00:55.713 22138 22138 D CompassActivity: will set rotation from 179.74481 to 179.75116
08-05 22:00:55.713 22138 22138 D CompassActivity: will set rotation from 179.75116 to 179.54144
08-05 22:00:55.713 22138 22138 D CompassActivity: will set rotation from 179.54144 to 179.54712
08-05 22:00:55.713 22138 22138 D CompassActivity: will set rotation from 179.54712 to 179.3966
08-05 22:00:55.713 22138 22138 D CompassActivity: will set rotation from 179.3966 to 179.3894
08-05 22:00:55.714 22138 23095 I art     : Explicit concurrent mark sweep GC freed 87(4KB) AllocSpace objects, 0(0B) LOS objects, 7% free, 187MB/203MB, paused 882us total 36.461ms
08-05 22:00:55.727 22138 23095 I art     : Starting a blocking GC Explicit
08-05 22:00:55.760 22138 23095 I art     : Explicit concurrent mark sweep GC freed 46(3KB) AllocSpace objects, 0(0B) LOS objects, 7% free, 187MB/203MB, paused 1.280ms total 33.072ms
08-05 22:00:55.776 22138 23095 I art     : Starting a blocking GC Explicit
08-05 22:00:55.809 22138 22138 D CompassActivity: will set rotation from 179.3894 to 179.41718
08-05 22:00:55.809 22138 22138 D CompassActivity: will set rotation from 179.41718 to 179.41113
08-05 22:00:55.810 22138 22138 D CompassActivity: will set rotation from 179.41113 to 179.30426
08-05 22:00:55.810 22138 22138 D CompassActivity: will set rotation from 179.30426 to 179.30072
08-05 22:00:55.810 22138 22138 D CompassActivity: will set rotation from 179.30072 to 179.27106
08-05 22:00:55.810 22138 22138 D CompassActivity: will set rotation from 179.27106 to 179.27301
08-05 22:00:55.810 22138 22138 D CompassActivity: will set rotation from 179.27301 to 179.19666
08-05 22:00:55.811 22138 22138 D CompassActivity: will set rotation from 179.19666 to 179.19598
08-05 22:00:55.813 22138 22138 D CompassActivity: will set rotation from 179.19598 to 179.23364
08-05 22:00:55.813 22138 22138 D CompassActivity: will set rotation from 179.23364 to 179.23425
08-05 22:00:55.813 22138 23095 I art     : Explicit concurrent mark sweep GC freed 165(8KB) AllocSpace objects, 0(0B) LOS objects, 7% free, 187MB/203MB, paused 1.109ms total 37.389ms
08-05 22:00:55.826 22138 23095 I art     : Starting a blocking GC Explicit
08-05 22:00:55.832 22138 22138 D CompassActivity: will set rotation from 179.23425 to 179.22015
08-05 22:00:55.832 22138 22138 D CompassActivity: will set rotation from 179.22015 to 179.22137
08-05 22:00:55.852 22138 22138 D CompassActivity: will set rotation from 179.22137 to 179.39801
08-05 22:00:55.853 22138 22138 D CompassActivity: will set rotation from 179.39801 to 179.39838
08-05 22:00:55.856 22138 23095 I art     : Explicit concurrent mark sweep GC freed 124(6KB) AllocSpace objects, 0(0B) LOS objects, 7% free, 187MB/203MB, paused 795us total 29.902ms
08-05 22:00:55.872 22138 22138 D CompassActivity: will set rotation from 179.39838 to 179.36932
08-05 22:00:55.873 22138 22138 D CompassActivity: will set rotation from 179.36932 to 179.36792
08-05 22:00:55.891   380   380 W SurfaceFlinger: couldn't log to binary event log: overflow.
08-05 22:00:55.892 22138 22138 D CompassActivity: will set rotation from 179.36792 to 179.38562
08-05 22:00:55.892 22138 22138 D CompassActivity: will set rotation from 179.38562 to 179.38684
08-05 22:00:55.911 22138 22138 D CompassActivity: will set rotation from 179.38684 to 179.41028
08-05 22:00:55.912 22138 22138 D CompassActivity: will set rotation from 179.41028 to 179.4104
08-05 22:00:55.931 22138 22138 D CompassActivity: will set rotation from 179.4104 to 179.47198
08-05 22:00:55.931 22138 22138 D CompassActivity: will set rotation from 179.47198 to 179.46777
08-05 22:00:55.951 22138 22138 D CompassActivity: will set rotation from 179.46777 to 179.51819
08-05 22:00:55.952 22138 22138 D CompassActivity: will set rotation from 179.51819 to 179.51538
08-05 22:00:55.961   518   646 I ThermalEngine: ACTION: GPU - Setting GPU[0] to 450000000
08-05 22:00:55.972 22138 22138 D CompassActivity: will set rotation from 179.51538 to 179.59229
08-05 22:00:55.972 22138 22138 D CompassActivity: will set rotation from 179.59229 to 179.59357
08-05 22:00:55.993 22138 22138 D CompassActivity: will set rotation from 179.59357 to 179.66412
08-05 22:00:55.993 22138 22138 D CompassActivity: will set rotation from 179.66412 to 179.66321
08-05 22:00:56.012 22138 22138 D CompassActivity: will set rotation from 179.66321 to 179.75781
08-05 22:00:56.012 22138 22138 D CompassActivity: will set rotation from 179.75781 to 179.75403
08-05 22:00:56.106 22138 22138 D CompassActivity: will set rotation from 179.75403 to 179.7771
08-05 22:00:56.107 22138 22138 D CompassActivity: will set rotation from 179.7771 to 179.77728
08-05 22:00:56.107 22138 22138 D CompassActivity: will set rotation from 179.77728 to 179.77478
08-05 22:00:56.107 22138 22138 D CompassActivity: will set rotation from 179.77478 to 179.77368
08-05 22:00:56.107 22138 22138 D CompassActivity: will set rotation from 179.77368 to 179.76721
08-05 22:00:56.107 22138 22138 D CompassActivity: will set rotation from 179.76721 to 179.76855
08-05 22:00:56.107 22138 22138 D CompassActivity: will set rotation from 179.76855 to 179.73633
08-05 22:00:56.107 22138 22138 D CompassActivity: will set rotation from 179.73633 to 179.73712
08-05 22:00:56.114 22138 22138 D CompassActivity: will set rotation from 179.73712 to 179.70398
08-05 22:00:56.114 22138 22138 D CompassActivity: will set rotation from 179.70398 to 179.70398
08-05 22:00:56.130 22138 22138 D CompassActivity: will set rotation from 179.70398 to 179.67413
08-05 22:00:56.131 22138 22138 D CompassActivity: will set rotation from 179.67413 to 179.6742
08-05 22:00:56.150 22138 22138 D CompassActivity: will set rotation from 179.6742 to 179.67157
08-05 22:00:56.151 22138 22138 D CompassActivity: will set rotation from 179.67157 to 179.66925
08-05 22:00:56.170 22138 22138 D CompassActivity: will set rotation from 179.66925 to 179.68921
08-05 22:00:56.171 22138 22138 D CompassActivity: will set rotation from 179.68921 to 179.68506
08-05 22:00:56.192 22138 22138 D CompassActivity: will set rotation from 179.68506 to 179.7019
08-05 22:00:56.192 22138 22138 D CompassActivity: will set rotation from 179.7019 to 179.70435
08-05 22:00:56.211 22138 22138 D CompassActivity: will set rotation from 179.70435 to 179.70197
08-05 22:00:56.212 22138 22138 D CompassActivity: will set rotation from 179.70197 to 179.70172
08-05 22:00:56.230 22138 22138 D CompassActivity: will set rotation from 179.70172 to 179.6997
08-05 22:00:56.231 22138 22138 D CompassActivity: will set rotation from 179.6997 to 179.69543
08-05 22:00:56.236 22138 22149 I art     : Starting a blocking GC Explicit
08-05 22:00:56.251 22138 22138 D CompassActivity: will set rotation from 179.69543 to 179.69147
08-05 22:00:56.251 22138 22138 D CompassActivity: will set rotation from 179.69147 to 179.68945
08-05 22:00:56.270 22138 22138 D CompassActivity: will set rotation from 179.68945 to 179.68652
08-05 22:00:56.271 22138 22138 D CompassActivity: will set rotation from 179.68652 to 179.68372
08-05 22:00:56.287 22138 22149 I art     : Explicit concurrent mark sweep GC freed 2015(118KB) AllocSpace objects, 2(36KB) LOS objects, 7% free, 187MB/203MB, paused 1.065ms total 51.103ms
08-05 22:00:56.293 22138 22138 D CompassActivity: will set rotation from 179.68372 to 179.70471
08-05 22:00:56.293 22138 22138 D CompassActivity: will set rotation from 179.70471 to 179.70435
08-05 22:00:56.308 22138 22149 I art     : Starting a blocking GC Explicit
08-05 22:00:56.312 22138 22138 D CompassActivity: will set rotation from 179.70435 to 179.72412
08-05 22:00:56.313 22138 22138 D CompassActivity: will set rotation from 179.72412 to 179.72565
08-05 22:00:56.330 22138 22138 D CompassActivity: will set rotation from 179.72565 to 179.69641
08-05 22:00:56.330 22138 22138 D CompassActivity: will set rotation from 179.69641 to 179.6969
08-05 22:00:56.350 22138 22138 D CompassActivity: will set rotation from 179.6969 to 179.69696
08-05 22:00:56.351 22138 22138 D CompassActivity: will set rotation from 179.69696 to 179.69751
08-05 22:00:56.356 22138 22149 I art     : Explicit concurrent mark sweep GC freed 699(28KB) AllocSpace objects, 0(0B) LOS objects, 7% free, 187MB/203MB, paused 1.055ms total 47.379ms
08-05 22:00:56.370 22138 22138 D CompassActivity: will set rotation from 179.69751 to 179.73645
08-05 22:00:56.370 22138 22138 D CompassActivity: will set rotation from 179.73645 to 179.73602
08-05 22:00:56.374 22138 22149 I art     : Starting a blocking GC Explicit
08-05 22:00:56.392 22138 22138 D CompassActivity: will set rotation from 179.73602 to 179.73236
08-05 22:00:56.393 22138 22138 D CompassActivity: will set rotation from 179.73236 to 179.73383
08-05 22:00:56.413 22138 22138 D CompassActivity: will set rotation from 179.73383 to 179.73047
08-05 22:00:56.413 22138 22138 D CompassActivity: will set rotation from 179.73047 to 179.7309
08-05 22:00:56.423 22138 22149 I art     : Explicit concurrent mark sweep GC freed 166(7KB) AllocSpace objects, 0(0B) LOS objects, 7% free, 187MB/203MB, paused 1.082ms total 47.807ms
08-05 22:00:56.430 22138 22138 D CompassActivity: will set rotation from 179.7309 to 179.72888
08-05 22:00:56.431 22138 22138 D CompassActivity: will set rotation from 179.72888 to 179.7268
08-05 22:00:56.443 22138 22149 I art     : Starting a blocking GC Explicit
08-05 22:00:56.450 22138 22138 D CompassActivity: will set rotation from 179.7268 to 179.72278
08-05 22:00:56.450 22138 22138 D CompassActivity: will set rotation from 179.72278 to 179.72119
08-05 22:00:56.470 22138 22138 D CompassActivity: will set rotation from 179.72119 to 179.7174
08-05 22:00:56.470 22138 22138 D CompassActivity: will set rotation from 179.7174 to 179.71667
08-05 22:00:56.494 22138 22138 D CompassActivity: will set rotation from 179.71667 to 179.7522
08-05 22:00:56.495 22138 22138 D CompassActivity: will set rotation from 179.7522 to 179.75165
08-05 22:00:56.495 22138 22149 I art     : Explicit concurrent mark sweep GC freed 148(6KB) AllocSpace objects, 0(0B) LOS objects, 7% free, 187MB/203MB, paused 1.230ms total 50.960ms
08-05 22:00:56.512 22138 22138 D CompassActivity: will set rotation from 179.75165 to 179.745
08-05 22:00:56.512 22138 22138 D CompassActivity: will set rotation from 179.745 to 179.74438
08-05 22:00:56.514 22138 22149 I art     : Starting a blocking GC Explicit
08-05 22:00:56.529 22138 22138 D CompassActivity: will set rotation from 179.74438 to 179.75708
08-05 22:00:56.530 22138 22138 D CompassActivity: will set rotation from 179.75708 to 179.75647
08-05 22:00:56.550 22138 22138 D CompassActivity: will set rotation from 179.75647 to 179.75403
08-05 22:00:56.550 22138 22138 D CompassActivity: will set rotation from 179.75403 to 179.75592
08-05 22:00:56.564 22138 22149 I art     : Explicit concurrent mark sweep GC freed 143(7KB) AllocSpace objects, 0(0B) LOS objects, 7% free, 187MB/203MB, paused 961us total 50.039ms
08-05 22:00:56.569 22138 22138 D CompassActivity: will set rotation from 179.75592 to 179.73376
08-05 22:00:56.570 22138 22138 D CompassActivity: will set rotation from 179.73376 to 179.73468
08-05 22:00:56.592 22138 22138 D CompassActivity: will set rotation from 179.73468 to 179.74756
08-05 22:00:56.593 22138 22138 D CompassActivity: will set rotation from 179.74756 to 179.74683
08-05 22:00:56.609 22138 22138 D CompassActivity: will set rotation from 179.74683 to 179.74115
08-05 22:00:56.610 22138 22138 D CompassActivity: will set rotation from 179.74115 to 179.74219
08-05 22:00:56.629 22138 22138 D CompassActivity: will set rotation from 179.74219 to 179.73718
08-05 22:00:56.629 22138 22138 D CompassActivity: will set rotation from 179.73718 to 179.73804
08-05 22:00:56.650 22138 22138 D CompassActivity: will set rotation from 179.73804 to 179.73657
08-05 22:00:56.650 22138 22138 D CompassActivity: will set rotation from 179.73657 to 179.73547
08-05 22:00:56.669 22138 22138 D CompassActivity: will set rotation from 179.73547 to 179.71411
08-05 22:00:56.670 22138 22138 D CompassActivity: will set rotation from 179.71411 to 179.71472
08-05 22:00:56.690 22138 22138 D CompassActivity: will set rotation from 179.71472 to 179.7688
08-05 22:00:56.692 22138 22138 D CompassActivity: will set rotation from 179.7688 to 179.76855
08-05 22:00:56.716 22138 22138 D CompassActivity: will set rotation from 179.76855 to 179.76685
08-05 22:00:56.717 22138 22138 D CompassActivity: will set rotation from 179.76685 to 179.76727
08-05 22:00:56.729 22138 22138 D CompassActivity: will set rotation from 179.76727 to 179.79858
08-05 22:00:56.730 22138 22138 D CompassActivity: will set rotation from 179.79858 to 179.79675
08-05 22:00:56.749 22138 22138 D CompassActivity: will set rotation from 179.79675 to 179.79132
08-05 22:00:56.749 22138 22138 D CompassActivity: will set rotation from 179.79132 to 179.79108
08-05 22:00:56.768 22138 22138 D CompassActivity: will set rotation from 179.79108 to 179.78516
08-05 22:00:56.769 22138 22138 D CompassActivity: will set rotation from 179.78516 to 179.78491
08-05 22:00:56.788 22138 22138 D CompassActivity: will set rotation from 179.78491 to 179.7793
08-05 22:00:56.789 22138 22138 D CompassActivity: will set rotation from 179.7793 to 179.77972
08-05 22:00:56.810 22138 22138 D CompassActivity: will set rotation from 179.77972 to 179.77441
08-05 22:00:56.811 22138 22138 D CompassActivity: will set rotation from 179.77441 to 179.77332
08-05 22:00:56.828 22138 22138 D CompassActivity: will set rotation from 179.77332 to 179.80084
08-05 22:00:56.828 22138 22138 D CompassActivity: will set rotation from 179.80084 to 179.80066
08-05 22:00:56.848 22138 22138 D CompassActivity: will set rotation from 179.80066 to 179.81323
08-05 22:00:56.848 22138 22138 D CompassActivity: will set rotation from 179.81323 to 179.81311
08-05 22:00:56.868 22138 22138 D CompassActivity: will set rotation from 179.81311 to 179.86072
08-05 22:00:56.869 22138 22138 D CompassActivity: will set rotation from 179.86072 to 179.86005
08-05 22:00:56.888 22138 22138 D CompassActivity: will set rotation from 179.86005 to 179.8695
08-05 22:00:56.888 22138 22138 D CompassActivity: will set rotation from 179.8695 to 179.86926
08-05 22:00:56.911 22138 22138 D CompassActivity: will set rotation from 179.86926 to 179.89453
08-05 22:00:56.912 22138 22138 D CompassActivity: will set rotation from 179.89453 to 179.89624
08-05 22:00:56.929 22138 22138 D CompassActivity: will set rotation from 179.89624 to 179.90448
08-05 22:00:56.929 22138 22138 D CompassActivity: will set rotation from 179.90448 to 179.90503
08-05 22:00:56.947 22138 22138 D CompassActivity: will set rotation from 179.90503 to 179.89624
08-05 22:00:56.948 22138 22138 D CompassActivity: will set rotation from 179.89624 to 179.89703
08-05 22:00:56.967 22138 22138 D CompassActivity: will set rotation from 179.89703 to 179.906
08-05 22:00:56.968 22138 22138 D CompassActivity: will set rotation from 179.906 to 179.90576
08-05 22:00:56.987 22138 22138 D CompassActivity: will set rotation from 179.90576 to 179.89697
08-05 22:00:56.988 22138 22138 D CompassActivity: will set rotation from 179.89697 to 179.89813
08-05 22:00:57.011 22138 22138 D CompassActivity: will set rotation from 179.89813 to 179.92432
08-05 22:00:57.012 22138 22138 D CompassActivity: will set rotation from 179.92432 to 179.92578
08-05 22:00:57.029 22138 22138 D CompassActivity: will set rotation from 179.92578 to 179.91724
08-05 22:00:57.030 22138 22138 D CompassActivity: will set rotation from 179.91724 to 179.91937
08-05 22:00:57.034 22138 22150 I art     : Starting a blocking GC Explicit
08-05 22:00:57.047 22138 22138 D CompassActivity: will set rotation from 179.91937 to 179.9253
08-05 22:00:57.048 22138 22138 D CompassActivity: will set rotation from 179.9253 to 179.9256
08-05 22:00:57.067 22138 22138 D CompassActivity: will set rotation from 179.9256 to 179.93274
08-05 22:00:57.067 22138 22138 D CompassActivity: will set rotation from 179.93274 to 179.93341
08-05 22:00:57.087 22138 22150 I art     : Explicit concurrent mark sweep GC freed 2075(123KB) AllocSpace objects, 2(36KB) LOS objects, 7% free, 187MB/203MB, paused 1.076ms total 51.859ms
08-05 22:00:57.088 22138 22138 D CompassActivity: will set rotation from 179.93341 to 179.91089
08-05 22:00:57.089 22138 22138 D CompassActivity: will set rotation from 179.91089 to 179.91107
08-05 22:00:57.107 22138 22150 I art     : Starting a blocking GC Explicit
08-05 22:00:57.112 22138 22138 D CompassActivity: will set rotation from 179.91107 to 179.88635
08-05 22:00:57.113 22138 22138 D CompassActivity: will set rotation from 179.88635 to 179.88617
08-05 22:00:57.131 22138 22138 D CompassActivity: will set rotation from 179.88617 to 179.87915
08-05 22:00:57.131 22138 22138 D CompassActivity: will set rotation from 179.87915 to 179.87854
08-05 22:00:57.148 22138 22138 D CompassActivity: will set rotation from 179.87854 to 179.8872
08-05 22:00:57.149 22138 22138 D CompassActivity: will set rotation from 179.8872 to 179.8872
08-05 22:00:57.161 22138 22150 I art     : Explicit concurrent mark sweep GC freed 848(33KB) AllocSpace objects, 0(0B) LOS objects, 7% free, 187MB/203MB, paused 1.606ms total 53.491ms
08-05 22:00:57.167 22138 22138 D CompassActivity: will set rotation from 179.8872 to 179.87952
08-05 22:00:57.168 22138 22138 D CompassActivity: will set rotation from 179.87952 to 179.87946
08-05 22:00:57.180 22138 22150 I art     : Starting a blocking GC Explicit
08-05 22:00:57.187 22138 22138 D CompassActivity: will set rotation from 179.87946 to 179.8728
08-05 22:00:57.187 22138 22138 D CompassActivity: will set rotation from 179.8728 to 179.87512
08-05 22:00:57.211 22138 22138 D CompassActivity: will set rotation from 179.87512 to 179.88245
08-05 22:00:57.212 22138 22138 D CompassActivity: will set rotation from 179.88245 to 179.88434
08-05 22:00:57.229 22138 22138 D CompassActivity: will set rotation from 179.88434 to 179.90869
08-05 22:00:57.230 22138 22138 D CompassActivity: will set rotation from 179.90869 to 179.90747
08-05 22:00:57.232 22138 22150 I art     : Explicit concurrent mark sweep GC freed 189(8KB) AllocSpace objects, 0(0B) LOS objects, 7% free, 187MB/203MB, paused 1.043ms total 51.712ms
08-05 22:00:57.251 22138 22138 D CompassActivity: will set rotation from 179.90747 to 179.91376
08-05 22:00:57.252 22138 22138 D CompassActivity: will set rotation from 179.91376 to 179.91113
08-05 22:00:57.253 22138 22150 I art     : Starting a blocking GC Explicit
08-05 22:00:57.268 22138 22138 D CompassActivity: will set rotation from 179.91113 to 179.88684
08-05 22:00:57.268 22138 22138 D CompassActivity: will set rotation from 179.88684 to 179.88641
08-05 22:00:57.286 22138 22138 D CompassActivity: will set rotation from 179.88641 to 179.85071
08-05 22:00:57.287 22138 22138 D CompassActivity: will set rotation from 179.85071 to 179.85132
08-05 22:00:57.296 22138 22150 I art     : Explicit concurrent mark sweep GC freed 134(6KB) AllocSpace objects, 0(0B) LOS objects, 7% free, 187MB/203MB, paused 938us total 42.715ms
08-05 22:00:57.306 22138 22138 D CompassActivity: will set rotation from 179.85132 to 179.85779
08-05 22:00:57.307 22138 22138 D CompassActivity: will set rotation from 179.85779 to 179.85907
08-05 22:00:57.314 22138 22150 I art     : Starting a blocking GC Explicit
08-05 22:00:57.327 22138 22138 D CompassActivity: will set rotation from 179.85907 to 179.82227
08-05 22:00:57.327 22138 22138 D CompassActivity: will set rotation from 179.82227 to 179.82416
08-05 22:00:57.345 22138 22138 D CompassActivity: will set rotation from 179.82416 to 179.83295
08-05 22:00:57.346 22138 22138 D CompassActivity: will set rotation from 179.83295 to 179.83282
08-05 22:00:57.355 22138 22150 I art     : Explicit concurrent mark sweep GC freed 176(7KB) AllocSpace objects, 0(0B) LOS objects, 7% free, 187MB/203MB, paused 1.079ms total 40.980ms
08-05 22:00:57.365 22138 22138 D CompassActivity: will set rotation from 179.83282 to 179.82568
08-05 22:00:57.366 22138 22138 D CompassActivity: will set rotation from 179.82568 to 179.82452
08-05 22:00:57.386 22138 22138 D CompassActivity: will set rotation from 179.82452 to 179.802
08-05 22:00:57.387 22138 22138 D CompassActivity: will set rotation from 179.802 to 179.80151
08-05 22:00:57.406 22138 22138 D CompassActivity: will set rotation from 179.80151 to 179.79608
08-05 22:00:57.406 22138 22138 D CompassActivity: will set rotation from 179.79608 to 179.79773
08-05 22:00:57.426 22138 22138 D CompassActivity: will set rotation from 179.79773 to 179.79462
08-05 22:00:57.427 22138 22138 D CompassActivity: will set rotation from 179.79462 to 179.79419
08-05 22:00:57.445 22138 22138 D CompassActivity: will set rotation from 179.79419 to 179.80463
08-05 22:00:57.446 22138 22138 D CompassActivity: will set rotation from 179.80463 to 179.80414
08-05 22:00:57.467 22138 22138 D CompassActivity: will set rotation from 179.80414 to 179.78314
08-05 22:00:57.468 22138 22138 D CompassActivity: will set rotation from 179.78314 to 179.78369
08-05 22:00:57.490 22138 22138 D CompassActivity: will set rotation from 179.78369 to 179.78052
08-05 22:00:57.491 22138 22138 D CompassActivity: will set rotation from 179.78052 to 179.78241
08-05 22:00:57.511 22138 22138 D CompassActivity: will set rotation from 179.78241 to 179.81067
08-05 22:00:57.512 22138 22138 D CompassActivity: will set rotation from 179.81067 to 179.81116
08-05 22:00:57.529 22138 22138 D CompassActivity: will set rotation from 179.81116 to 179.80707
08-05 22:00:57.529 22138 22138 D CompassActivity: will set rotation from 179.80707 to 179.80652
08-05 22:00:57.547 22138 22138 D CompassActivity: will set rotation from 179.80652 to 179.78638
08-05 22:00:57.547 22138 22138 D CompassActivity: will set rotation from 179.78638 to 179.78674
08-05 22:00:57.565 22138 22138 D CompassActivity: will set rotation from 179.78674 to 179.76514
08-05 22:00:57.565 22138 22138 D CompassActivity: will set rotation from 179.76514 to 179.76392
08-05 22:00:57.585 22138 22138 D CompassActivity: will set rotation from 179.76392 to 179.73193
08-05 22:00:57.586 22138 22138 D CompassActivity: will set rotation from 179.73193 to 179.73077
08-05 22:00:57.606 22138 22138 D CompassActivity: will set rotation from 179.73077 to 179.72852
08-05 22:00:57.608 22138 22138 D CompassActivity: will set rotation from 179.72852 to 179.72876
08-05 22:00:57.627 22138 22138 D CompassActivity: will set rotation from 179.72876 to 179.74176
08-05 22:00:57.628 22138 22138 D CompassActivity: will set rotation from 179.74176 to 179.74097
08-05 22:00:57.645 22138 22138 D CompassActivity: will set rotation from 179.74097 to 179.73615
08-05 22:00:57.646 22138 22138 D CompassActivity: will set rotation from 179.73615 to 179.7367
08-05 22:00:57.664 22138 22138 D CompassActivity: will set rotation from 179.7367 to 179.73346
08-05 22:00:57.664 22138 22138 D CompassActivity: will set rotation from 179.73346 to 179.73468
08-05 22:00:57.684 22138 22138 D CompassActivity: will set rotation from 179.73468 to 179.71753
08-05 22:00:57.685 22138 22138 D CompassActivity: will set rotation from 179.71753 to 179.71844
08-05 22:00:57.704 22138 22138 D CompassActivity: will set rotation from 179.71844 to 179.73102
08-05 22:00:57.705 22138 22138 D CompassActivity: will set rotation from 179.73102 to 179.73083
08-05 22:00:57.726 22138 22138 D CompassActivity: will set rotation from 179.73083 to 179.74304
08-05 22:00:57.727 22138 22138 D CompassActivity: will set rotation from 179.74304 to 179.74323
08-05 22:00:57.747 22138 22138 D CompassActivity: will set rotation from 179.74323 to 179.75647
08-05 22:00:57.748 22138 22138 D CompassActivity: will set rotation from 179.75647 to 179.75793
08-05 22:00:57.766 22138 22138 D CompassActivity: will set rotation from 179.75793 to 179.75415
08-05 22:00:57.767 22138 22138 D CompassActivity: will set rotation from 179.75415 to 179.75311
08-05 22:00:57.780 22138 22149 I art     : Starting a blocking GC Explicit
08-05 22:00:57.786 22138 22138 D CompassActivity: will set rotation from 179.75311 to 179.73499
08-05 22:00:57.787 22138 22138 D CompassActivity: will set rotation from 179.73499 to 179.73486
08-05 22:00:57.795 23682 23682 D AndroidRuntime: >>>>>> START com.android.internal.os.RuntimeInit uid 2000 <<<<<<
08-05 22:00:57.802 23682 23682 D AndroidRuntime: CheckJNI is OFF
08-05 22:00:57.804 22138 22138 D CompassActivity: will set rotation from 179.73486 to 179.70416
08-05 22:00:57.805 22138 22138 D CompassActivity: will set rotation from 179.70416 to 179.7044
08-05 22:00:57.824 22138 22138 D CompassActivity: will set rotation from 179.7044 to 179.71814
08-05 22:00:57.825 22138 22138 D CompassActivity: will set rotation from 179.71814 to 179.71832
08-05 22:00:57.840 22138 22149 I art     : Explicit concurrent mark sweep GC freed 2006(120KB) AllocSpace objects, 2(36KB) LOS objects, 7% free, 187MB/203MB, paused 1.289ms total 57.987ms
08-05 22:00:57.846 22138 22138 D CompassActivity: will set rotation from 179.71832 to 179.73096
08-05 22:00:57.847 22138 22138 D CompassActivity: will set rotation from 179.73096 to 179.73108
08-05 22:00:57.858 23682 23682 D ICU     : No timezone override file found: /data/misc/zoneinfo/current/icu/icu_tzdata.dat
08-05 22:00:57.861 22138 22149 I art     : Starting a blocking GC Explicit
08-05 22:00:57.864 22138 22138 D CompassActivity: will set rotation from 179.73108 to 179.71301
08-05 22:00:57.864 22138 22138 D CompassActivity: will set rotation from 179.71301 to 179.71368
08-05 22:00:57.884 22138 22138 D CompassActivity: will set rotation from 179.71368 to 179.69617
08-05 22:00:57.884 22138 22138 D CompassActivity: will set rotation from 179.69617 to 179.69635
08-05 22:00:57.905 22138 22138 D CompassActivity: will set rotation from 179.69635 to 179.70728
08-05 22:00:57.905 22138 22138 D CompassActivity: will set rotation from 179.70728 to 179.70679
08-05 22:00:57.906 22138 22149 I art     : Explicit concurrent mark sweep GC freed 766(29KB) AllocSpace objects, 0(0B) LOS objects, 7% free, 187MB/203MB, paused 1.187ms total 43.993ms
08-05 22:00:57.906 23682 23682 I Radio-JNI: register_android_hardware_Radio DONE
08-05 22:00:57.922 22138 22149 I art     : Starting a blocking GC Explicit
08-05 22:00:57.923 22138 22138 D CompassActivity: will set rotation from 179.70679 to 179.70313
08-05 22:00:57.924 22138 22138 D CompassActivity: will set rotation from 179.70313 to 179.70258
08-05 22:00:57.934 23682 23682 D AndroidRuntime: Calling main entry com.android.commands.input.Input
08-05 22:00:57.936 23682 23682 I Input   : injectKeyEvent: KeyEvent { action=ACTION_DOWN, keyCode=KEYCODE_BACK, scanCode=0, metaState=0, flags=0x0, repeatCount=0, eventTime=828074349, downTime=828074349, deviceId=-1, source=0x101 }
08-05 22:00:57.944 23682 23682 I Input   : injectKeyEvent: KeyEvent { action=ACTION_UP, keyCode=KEYCODE_BACK, scanCode=0, metaState=0, flags=0x0, repeatCount=0, eventTime=828074349, downTime=828074349, deviceId=-1, source=0x101 }
08-05 22:00:57.944 22138 22138 D CompassActivity: will set rotation from 179.70258 to 179.6991
08-05 22:00:57.945 22138 22138 D CompassActivity: will set rotation from 179.6991 to 179.70013
08-05 22:00:57.949 23682 23682 D AndroidRuntime: Shutting down VM
08-05 22:00:57.959   918  6112 I sensors : activate
08-05 22:00:57.959   918  6029 I sensors : activate
08-05 22:00:57.963 22138 22149 I art     : Explicit concurrent mark sweep GC freed 137(6KB) AllocSpace objects, 0(0B) LOS objects, 7% free, 187MB/203MB, paused 1.045ms total 40.075ms
08-05 22:00:57.963   918  3188 I hubconnection: sensorhub said: 'activate 1 enable:0'
08-05 22:00:57.965   918  3188 I hubconnection: sensorhub said: 'activate 3 enable:0'
08-05 22:00:57.979 22138 22149 I art     : Starting a blocking GC Explicit
08-05 22:00:57.991 22138 22138 V MainActivity: url = https://project-travel-mate.herokuapp.com/api/number-of-unread-notifications
08-05 22:00:58.022 22138 22149 I art     : Explicit concurrent mark sweep GC freed 404(16KB) AllocSpace objects, 0(0B) LOS objects, 7% free, 187MB/203MB, paused 1.052ms total 42.168ms
08-05 22:00:58.040 22138 22149 I art     : Starting a blocking GC Explicit
08-05 22:00:58.082 22138 22149 I art     : Explicit concurrent mark sweep GC freed 144(7KB) AllocSpace objects, 0(0B) LOS objects, 7% free, 187MB/203MB, paused 1.273ms total 41.547ms
08-05 22:00:58.109 13866 13866 I GoogleInputMethodServic: GoogleInputMethodService.onFinishInput():3138 
08-05 22:00:58.110 13866 13866 I GoogleInputMethodServic: GoogleInputMethodService.onStartInput():1808 
08-05 22:00:58.286 13866 13882 I PeriodicStatsRunner: PeriodicStatsRunner.call():175 call()
08-05 22:00:58.286 13866 13882 I PeriodicStatsRunner: PeriodicStatsRunner.call():179 No submit PeriodicStats since input started.
08-05 22:00:58.374 22138 22138 D CompassActivity: stop compass
08-05 22:00:58.374   380   380 W SurfaceFlinger: couldn't log to binary event log: overflow.
08-05 22:00:58.438 22138 22785 I art     : Starting a blocking GC Explicit
08-05 22:00:58.485 22138 22785 I art     : Explicit concurrent mark sweep GC freed 1705(97KB) AllocSpace objects, 2(36KB) LOS objects, 7% free, 187MB/203MB, paused 1.153ms total 46.272ms
08-05 22:00:58.502 22138 22785 I art     : Starting a blocking GC Explicit
08-05 22:00:58.563 22138 22785 I art     : Explicit concurrent mark sweep GC freed 1317(83KB) AllocSpace objects, 3(52MB) LOS objects, 10% free, 135MB/151MB, paused 1.129ms total 61.214ms
08-05 22:00:58.581 22138 22785 I art     : Starting a blocking GC Explicit
08-05 22:00:58.625 22138 22785 I art     : Explicit concurrent mark sweep GC freed 3(96B) AllocSpace objects, 0(0B) LOS objects, 10% free, 135MB/151MB, paused 1.065ms total 43.855ms
08-05 22:00:58.643 22138 22785 I art     : Starting a blocking GC Explicit
08-05 22:00:58.688 22138 22785 I art     : Explicit concurrent mark sweep GC freed 3(96B) AllocSpace objects, 0(0B) LOS objects, 10% free, 135MB/151MB, paused 1.234ms total 45.121ms
08-05 22:00:58.706 22138 22785 I art     : Starting a blocking GC Explicit
08-05 22:00:58.752 22138 22785 I art     : Explicit concurrent mark sweep GC freed 3(96B) AllocSpace objects, 0(0B) LOS objects, 10% free, 135MB/151MB, paused 1.127ms total 45.662ms
08-05 22:00:58.971   518   646 I ThermalEngine: ACTION: GPU - Setting GPU[0] to 390000000
08-05 22:00:59.059 22138 23705 I NAPPA_EXPERIMENTATION: MetricNetworkRequestExecutionTime: REQUEST_DURATION_SYSTEM='1067',REQUEST_DURATION_OKHTTP='40',REQUEST_SYNCHRONOUS='FALSE',RESPONSE_CODE='200',RESPONSE_METHOD='GET',RESPONSE_LENGTH_OKHTTP='36',RESPONSE_LENGTH_HEADER='36',REQUEST_PROTOCOL='http/1.1',REQUEST_URL='https://project-travel-mate.herokuapp.com/api/number-of-unread-notifications',
08-05 22:00:59.185 22138 22205 I art     : Starting a blocking GC Explicit
08-05 22:00:59.243 22138 22205 I art     : Explicit concurrent mark sweep GC freed 4383(239KB) AllocSpace objects, 5(236KB) LOS objects, 10% free, 135MB/151MB, paused 1.734ms total 57.404ms
08-05 22:00:59.266 22138 22205 I art     : Starting a blocking GC Explicit
08-05 22:00:59.319 22138 22205 I art     : Explicit concurrent mark sweep GC freed 973(117KB) AllocSpace objects, 0(0B) LOS objects, 10% free, 135MB/151MB, paused 1.695ms total 52.727ms
08-05 22:00:59.341 22138 22205 I art     : Starting a blocking GC Explicit
08-05 22:00:59.395 22138 22205 I art     : Explicit concurrent mark sweep GC freed 45(1504B) AllocSpace objects, 0(0B) LOS objects, 10% free, 135MB/151MB, paused 1.617ms total 54.166ms
08-05 22:00:59.418 22138 22205 I art     : Starting a blocking GC Explicit
08-05 22:00:59.473 22138 22205 I art     : Explicit concurrent mark sweep GC freed 3(96B) AllocSpace objects, 0(0B) LOS objects, 10% free, 135MB/151MB, paused 1.708ms total 54.281ms
08-05 22:00:59.495 22138 22205 I art     : Starting a blocking GC Explicit
08-05 22:00:59.550 22138 22205 I art     : Explicit concurrent mark sweep GC freed 3(96B) AllocSpace objects, 0(0B) LOS objects, 10% free, 135MB/151MB, paused 1.724ms total 54.217ms
08-05 22:00:59.550 22138 22148 I art     : WaitForGcToComplete blocked for 8.586ms for cause HeapTrim
08-05 22:00:59.825 23727 23727 D AndroidRuntime: >>>>>> START com.android.internal.os.RuntimeInit uid 2000 <<<<<<
08-05 22:00:59.831 23727 23727 D AndroidRuntime: CheckJNI is OFF
08-05 22:00:59.889 23727 23727 D ICU     : No timezone override file found: /data/misc/zoneinfo/current/icu/icu_tzdata.dat
08-05 22:00:59.935 23727 23727 I Radio-JNI: register_android_hardware_Radio DONE
08-05 22:00:59.967 23727 23727 D AndroidRuntime: Calling main entry com.android.commands.input.Input
08-05 22:00:59.970 23727 23727 I Input   : injectMotionEvent: MotionEvent { action=ACTION_DOWN, actionButton=0, id[0]=0, x[0]=500.0, y[0]=2000.0, toolType[0]=TOOL_TYPE_UNKNOWN, buttonState=0, metaState=0, flags=0x0, edgeFlags=0x0, pointerCount=1, historySize=0, eventTime=828076382, downTime=828076382, deviceId=0, source=0x1002 }
08-05 22:00:59.971   518   646 I ThermalEngine: ACTION: GPU - Setting GPU[0] to 450000000
08-05 22:00:59.972 22138 22205 I art     : Starting a blocking GC Explicit
08-05 22:00:59.976 23727 23727 I Input   : injectMotionEvent: MotionEvent { action=ACTION_MOVE, actionButton=0, id[0]=0, x[0]=500.0, y[0]=2000.0, toolType[0]=TOOL_TYPE_UNKNOWN, buttonState=0, metaState=0, flags=0x0, edgeFlags=0x0, pointerCount=1, historySize=0, eventTime=828076382, downTime=828076382, deviceId=0, source=0x1002 }
08-05 22:01:00.001 23727 23727 I Input   : injectMotionEvent: MotionEvent { action=ACTION_MOVE, actionButton=0, id[0]=0, x[0]=500.0, y[0]=1939.2, toolType[0]=TOOL_TYPE_UNKNOWN, buttonState=0, metaState=0, flags=0x0, edgeFlags=0x0, pointerCount=1, historySize=0, eventTime=828076414, downTime=828076414, deviceId=0, source=0x1002 }
08-05 22:01:00.012 23727 23727 I Input   : injectMotionEvent: MotionEvent { action=ACTION_MOVE, actionButton=0, id[0]=0, x[0]=500.0, y[0]=1916.4, toolType[0]=TOOL_TYPE_UNKNOWN, buttonState=0, metaState=0, flags=0x0, edgeFlags=0x0, pointerCount=1, historySize=0, eventTime=828076426, downTime=828076426, deviceId=0, source=0x1002 }
08-05 22:01:00.021 22138 22205 I art     : Explicit concurrent mark sweep GC freed 1622(93KB) AllocSpace objects, 2(36KB) LOS objects, 10% free, 135MB/151MB, paused 1.142ms total 48.997ms
08-05 22:01:00.045 23727 23727 I Input   : injectMotionEvent: MotionEvent { action=ACTION_MOVE, actionButton=0, id[0]=0, x[0]=500.0, y[0]=1855.6, toolType[0]=TOOL_TYPE_UNKNOWN, buttonState=0, metaState=0, flags=0x0, edgeFlags=0x0, pointerCount=1, historySize=0, eventTime=828076458, downTime=828076458, deviceId=0, source=0x1002 }
08-05 22:01:00.045 22138 22205 I art     : Starting a blocking GC Explicit
08-05 22:01:00.061 23727 23727 I Input   : injectMotionEvent: MotionEvent { action=ACTION_MOVE, actionButton=0, id[0]=0, x[0]=500.0, y[0]=1825.2, toolType[0]=TOOL_TYPE_UNKNOWN, buttonState=0, metaState=0, flags=0x0, edgeFlags=0x0, pointerCount=1, historySize=0, eventTime=828076474, downTime=828076474, deviceId=0, source=0x1002 }
08-05 22:01:00.077 23727 23727 I Input   : injectMotionEvent: MotionEvent { action=ACTION_MOVE, actionButton=0, id[0]=0, x[0]=500.0, y[0]=1794.8, toolType[0]=TOOL_TYPE_UNKNOWN, buttonState=0, metaState=0, flags=0x0, edgeFlags=0x0, pointerCount=1, historySize=0, eventTime=828076490, downTime=828076490, deviceId=0, source=0x1002 }
08-05 22:01:00.088 22138 22205 I art     : Explicit concurrent mark sweep GC freed 96(3KB) AllocSpace objects, 0(0B) LOS objects, 10% free, 135MB/151MB, paused 1.207ms total 43.053ms
08-05 22:01:00.094 23727 23727 I Input   : injectMotionEvent: MotionEvent { action=ACTION_MOVE, actionButton=0, id[0]=0, x[0]=500.0, y[0]=1762.5, toolType[0]=TOOL_TYPE_UNKNOWN, buttonState=0, metaState=0, flags=0x0, edgeFlags=0x0, pointerCount=1, historySize=0, eventTime=828076507, downTime=828076507, deviceId=0, source=0x1002 }
08-05 22:01:00.105 22138 22205 I art     : Starting a blocking GC Explicit
08-05 22:01:00.111 23727 23727 I Input   : injectMotionEvent: MotionEvent { action=ACTION_MOVE, actionButton=0, id[0]=0, x[0]=500.0, y[0]=1730.2, toolType[0]=TOOL_TYPE_UNKNOWN, buttonState=0, metaState=0, flags=0x0, edgeFlags=0x0, pointerCount=1, historySize=0, eventTime=828076524, downTime=828076524, deviceId=0, source=0x1002 }
08-05 22:01:00.137 23727 23727 I Input   : injectMotionEvent: MotionEvent { action=ACTION_MOVE, actionButton=0, id[0]=0, x[0]=500.0, y[0]=1680.8, toolType[0]=TOOL_TYPE_UNKNOWN, buttonState=0, metaState=0, flags=0x0, edgeFlags=0x0, pointerCount=1, historySize=0, eventTime=828076550, downTime=828076550, deviceId=0, source=0x1002 }
08-05 22:01:00.144 23727 23727 I Input   : injectMotionEvent: MotionEvent { action=ACTION_MOVE, actionButton=0, id[0]=0, x[0]=500.0, y[0]=1667.5, toolType[0]=TOOL_TYPE_UNKNOWN, buttonState=0, metaState=0, flags=0x0, edgeFlags=0x0, pointerCount=1, historySize=0, eventTime=828076557, downTime=828076557, deviceId=0, source=0x1002 }
08-05 22:01:00.146 22138 22205 I art     : Explicit concurrent mark sweep GC freed 26(1312B) AllocSpace objects, 0(0B) LOS objects, 10% free, 135MB/151MB, paused 1.345ms total 41.384ms
08-05 22:01:00.162 23727 23727 I Input   : injectMotionEvent: MotionEvent { action=ACTION_MOVE, actionButton=0, id[0]=0, x[0]=500.0, y[0]=1635.2, toolType[0]=TOOL_TYPE_UNKNOWN, buttonState=0, metaState=0, flags=0x0, edgeFlags=0x0, pointerCount=1, historySize=0, eventTime=828076574, downTime=828076574, deviceId=0, source=0x1002 }
08-05 22:01:00.166 22138 22205 I art     : Starting a blocking GC Explicit
08-05 22:01:00.179 23727 23727 I Input   : injectMotionEvent: MotionEvent { action=ACTION_MOVE, actionButton=0, id[0]=0, x[0]=500.0, y[0]=1601.0, toolType[0]=TOOL_TYPE_UNKNOWN, buttonState=0, metaState=0, flags=0x0, edgeFlags=0x0, pointerCount=1, historySize=0, eventTime=828076592, downTime=828076592, deviceId=0, source=0x1002 }
08-05 22:01:00.195 23727 23727 I Input   : injectMotionEvent: MotionEvent { action=ACTION_MOVE, actionButton=0, id[0]=0, x[0]=500.0, y[0]=1572.5, toolType[0]=TOOL_TYPE_UNKNOWN, buttonState=0, metaState=0, flags=0x0, edgeFlags=0x0, pointerCount=1, historySize=0, eventTime=828076607, downTime=828076607, deviceId=0, source=0x1002 }
08-05 22:01:00.209 22138 22205 I art     : Explicit concurrent mark sweep GC freed 3(96B) AllocSpace objects, 0(0B) LOS objects, 10% free, 135MB/151MB, paused 1.079ms total 42.886ms
08-05 22:01:00.211 23727 23727 I Input   : injectMotionEvent: MotionEvent { action=ACTION_MOVE, actionButton=0, id[0]=0, x[0]=500.0, y[0]=1540.2, toolType[0]=TOOL_TYPE_UNKNOWN, buttonState=0, metaState=0, flags=0x0, edgeFlags=0x0, pointerCount=1, historySize=0, eventTime=828076624, downTime=828076624, deviceId=0, source=0x1002 }
08-05 22:01:00.226 22138 22205 I art     : Starting a blocking GC Explicit
08-05 22:01:00.228 23727 23727 I Input   : injectMotionEvent: MotionEvent { action=ACTION_MOVE, actionButton=0, id[0]=0, x[0]=500.0, y[0]=1506.0, toolType[0]=TOOL_TYPE_UNKNOWN, buttonState=0, metaState=0, flags=0x0, edgeFlags=0x0, pointerCount=1, historySize=0, eventTime=828076642, downTime=828076642, deviceId=0, source=0x1002 }
08-05 22:01:00.245 23727 23727 I Input   : injectMotionEvent: MotionEvent { action=ACTION_MOVE, actionButton=0, id[0]=0, x[0]=500.0, y[0]=1475.6001, toolType[0]=TOOL_TYPE_UNKNOWN, buttonState=0, metaState=0, flags=0x0, edgeFlags=0x0, pointerCount=1, historySize=0, eventTime=828076658, downTime=828076658, deviceId=0, source=0x1002 }
08-05 22:01:00.262 23727 23727 I Input   : injectMotionEvent: MotionEvent { action=ACTION_MOVE, actionButton=0, id[0]=0, x[0]=500.0, y[0]=1443.3, toolType[0]=TOOL_TYPE_UNKNOWN, buttonState=0, metaState=0, flags=0x0, edgeFlags=0x0, pointerCount=1, historySize=0, eventTime=828076675, downTime=828076675, deviceId=0, source=0x1002 }
08-05 22:01:00.271 22138 22205 I art     : Explicit concurrent mark sweep GC freed 3(96B) AllocSpace objects, 0(0B) LOS objects, 10% free, 135MB/151MB, paused 1.135ms total 44.760ms
08-05 22:01:00.278 23727 23727 I Input   : injectMotionEvent: MotionEvent { action=ACTION_MOVE, actionButton=0, id[0]=0, x[0]=500.0, y[0]=1412.9, toolType[0]=TOOL_TYPE_UNKNOWN, buttonState=0, metaState=0, flags=0x0, edgeFlags=0x0, pointerCount=1, historySize=0, eventTime=828076691, downTime=828076691, deviceId=0, source=0x1002 }
08-05 22:01:00.295 23727 23727 I Input   : injectMotionEvent: MotionEvent { action=ACTION_MOVE, actionButton=0, id[0]=0, x[0]=500.0, y[0]=1380.6, toolType[0]=TOOL_TYPE_UNKNOWN, buttonState=0, metaState=0, flags=0x0, edgeFlags=0x0, pointerCount=1, historySize=0, eventTime=828076708, downTime=828076708, deviceId=0, source=0x1002 }
08-05 22:01:00.311 23727 23727 I Input   : injectMotionEvent: MotionEvent { action=ACTION_MOVE, actionButton=0, id[0]=0, x[0]=500.0, y[0]=1350.2, toolType[0]=TOOL_TYPE_UNKNOWN, buttonState=0, metaState=0, flags=0x0, edgeFlags=0x0, pointerCount=1, historySize=0, eventTime=828076724, downTime=828076724, deviceId=0, source=0x1002 }
08-05 22:01:00.329 23727 23727 I Input   : injectMotionEvent: MotionEvent { action=ACTION_MOVE, actionButton=0, id[0]=0, x[0]=500.0, y[0]=1316.0, toolType[0]=TOOL_TYPE_UNKNOWN, buttonState=0, metaState=0, flags=0x0, edgeFlags=0x0, pointerCount=1, historySize=0, eventTime=828076742, downTime=828076742, deviceId=0, source=0x1002 }
08-05 22:01:00.344 23727 23727 I Input   : injectMotionEvent: MotionEvent { action=ACTION_MOVE, actionButton=0, id[0]=0, x[0]=500.0, y[0]=1285.6001, toolType[0]=TOOL_TYPE_UNKNOWN, buttonState=0, metaState=0, flags=0x0, edgeFlags=0x0, pointerCount=1, historySize=0, eventTime=828076758, downTime=828076758, deviceId=0, source=0x1002 }
08-05 22:01:00.361 23727 23727 I Input   : injectMotionEvent: MotionEvent { action=ACTION_MOVE, actionButton=0, id[0]=0, x[0]=500.0, y[0]=1255.2, toolType[0]=TOOL_TYPE_UNKNOWN, buttonState=0, metaState=0, flags=0x0, edgeFlags=0x0, pointerCount=1, historySize=0, eventTime=828076774, downTime=828076774, deviceId=0, source=0x1002 }
08-05 22:01:00.378 23727 23727 I Input   : injectMotionEvent: MotionEvent { action=ACTION_MOVE, actionButton=0, id[0]=0, x[0]=500.0, y[0]=1222.8999, toolType[0]=TOOL_TYPE_UNKNOWN, buttonState=0, metaState=0, flags=0x0, edgeFlags=0x0, pointerCount=1, historySize=0, eventTime=828076791, downTime=828076791, deviceId=0, source=0x1002 }
08-05 22:01:00.396 23727 23727 I Input   : injectMotionEvent: MotionEvent { action=ACTION_MOVE, actionButton=0, id[0]=0, x[0]=500.0, y[0]=1188.7, toolType[0]=TOOL_TYPE_UNKNOWN, buttonState=0, metaState=0, flags=0x0, edgeFlags=0x0, pointerCount=1, historySize=0, eventTime=828076809, downTime=828076809, deviceId=0, source=0x1002 }
08-05 22:01:00.463 23727 23727 I Input   : injectMotionEvent: MotionEvent { action=ACTION_MOVE, actionButton=0, id[0]=0, x[0]=500.0, y[0]=1059.5, toolType[0]=TOOL_TYPE_UNKNOWN, buttonState=0, metaState=0, flags=0x0, edgeFlags=0x0, pointerCount=1, historySize=0, eventTime=828076877, downTime=828076877, deviceId=0, source=0x1002 }
08-05 22:01:00.522 23727 23727 I Input   : injectMotionEvent: MotionEvent { action=ACTION_MOVE, actionButton=0, id[0]=0, x[0]=500.0, y[0]=949.30005, toolType[0]=TOOL_TYPE_UNKNOWN, buttonState=0, metaState=0, flags=0x0, edgeFlags=0x0, pointerCount=1, historySize=0, eventTime=828076935, downTime=828076935, deviceId=0, source=0x1002 }
08-05 22:01:00.584 23727 23727 I Input   : injectMotionEvent: MotionEvent { action=ACTION_MOVE, actionButton=0, id[0]=0, x[0]=500.0, y[0]=831.5, toolType[0]=TOOL_TYPE_UNKNOWN, buttonState=0, metaState=0, flags=0x0, edgeFlags=0x0, pointerCount=1, historySize=0, eventTime=828076997, downTime=828076997, deviceId=0, source=0x1002 }
08-05 22:01:00.636 13866 13882 I PeriodicStatsRunner: PeriodicStatsRunner.call():175 call()
08-05 22:01:00.636 13866 13882 I PeriodicStatsRunner: PeriodicStatsRunner.call():179 No submit PeriodicStats since input started.
08-05 22:01:00.648 23727 23727 I Input   : injectMotionEvent: MotionEvent { action=ACTION_MOVE, actionButton=0, id[0]=0, x[0]=500.0, y[0]=709.8999, toolType[0]=TOOL_TYPE_UNKNOWN, buttonState=0, metaState=0, flags=0x0, edgeFlags=0x0, pointerCount=1, historySize=0, eventTime=828077061, downTime=828077061, deviceId=0, source=0x1002 }
08-05 22:01:00.663 22138 22149 I art     : Starting a blocking GC Explicit
08-05 22:01:00.703 22138 22149 I art     : Explicit concurrent mark sweep GC freed 1621(93KB) AllocSpace objects, 2(36KB) LOS objects, 10% free, 135MB/151MB, paused 1.213ms total 39.475ms
08-05 22:01:00.718 23727 23727 I Input   : injectMotionEvent: MotionEvent { action=ACTION_MOVE, actionButton=0, id[0]=0, x[0]=500.0, y[0]=576.9, toolType[0]=TOOL_TYPE_UNKNOWN, buttonState=0, metaState=0, flags=0x0, edgeFlags=0x0, pointerCount=1, historySize=0, eventTime=828077131, downTime=828077131, deviceId=0, source=0x1002 }
08-05 22:01:00.724 22138 22149 I art     : Starting a blocking GC Explicit
08-05 22:01:00.763 22138 22149 I art     : Explicit concurrent mark sweep GC freed 28(1024B) AllocSpace objects, 0(0B) LOS objects, 10% free, 135MB/151MB, paused 1.246ms total 38.624ms
08-05 22:01:00.780 23727 23727 I Input   : injectMotionEvent: MotionEvent { action=ACTION_MOVE, actionButton=0, id[0]=0, x[0]=500.0, y[0]=459.09998, toolType[0]=TOOL_TYPE_UNKNOWN, buttonState=0, metaState=0, flags=0x0, edgeFlags=0x0, pointerCount=1, historySize=0, eventTime=828077193, downTime=828077193, deviceId=0, source=0x1002 }
08-05 22:01:00.784 22138 22149 I art     : Starting a blocking GC Explicit
08-05 22:01:00.823 22138 22149 I art     : Explicit concurrent mark sweep GC freed 3(96B) AllocSpace objects, 0(0B) LOS objects, 10% free, 135MB/151MB, paused 1.225ms total 39.174ms
08-05 22:01:00.843 23727 23727 I Input   : injectMotionEvent: MotionEvent { action=ACTION_MOVE, actionButton=0, id[0]=0, x[0]=500.0, y[0]=337.5, toolType[0]=TOOL_TYPE_UNKNOWN, buttonState=0, metaState=0, flags=0x0, edgeFlags=0x0, pointerCount=1, historySize=0, eventTime=828077257, downTime=828077257, deviceId=0, source=0x1002 }
08-05 22:01:00.846 22138 22149 I art     : Starting a blocking GC Explicit
08-05 22:01:00.885 22138 22149 I art     : Explicit concurrent mark sweep GC freed 8(256B) AllocSpace objects, 0(0B) LOS objects, 10% free, 135MB/151MB, paused 1.214ms total 39.086ms
08-05 22:01:00.902 22138 22149 I art     : Starting a blocking GC Explicit
08-05 22:01:00.939 23727 23727 I Input   : injectMotionEvent: MotionEvent { action=ACTION_MOVE, actionButton=0, id[0]=0, x[0]=500.0, y[0]=157.0, toolType[0]=TOOL_TYPE_UNKNOWN, buttonState=0, metaState=0, flags=0x0, edgeFlags=0x0, pointerCount=1, historySize=0, eventTime=828077352, downTime=828077352, deviceId=0, source=0x1002 }
08-05 22:01:00.942 22138 22149 I art     : Explicit concurrent mark sweep GC freed 5(160B) AllocSpace objects, 0(0B) LOS objects, 10% free, 135MB/151MB, paused 1.169ms total 39.519ms
08-05 22:01:00.976 23727 23727 I Input   : injectMotionEvent: MotionEvent { action=ACTION_UP, actionButton=0, id[0]=0, x[0]=500.0, y[0]=100.0, toolType[0]=TOOL_TYPE_UNKNOWN, buttonState=0, metaState=0, flags=0x0, edgeFlags=0x0, pointerCount=1, historySize=0, eventTime=828077390, downTime=828077390, deviceId=0, source=0x1002 }
08-05 22:01:01.010 23727 23727 D AndroidRuntime: Shutting down VM
08-05 22:01:01.311 22138 22150 I art     : Starting a blocking GC Explicit
08-05 22:01:01.357 22138 22150 I art     : Explicit concurrent mark sweep GC freed 1619(92KB) AllocSpace objects, 2(36KB) LOS objects, 10% free, 135MB/151MB, paused 1.120ms total 45.371ms
08-05 22:01:01.375 22138 22150 I art     : Starting a blocking GC Explicit
08-05 22:01:01.415 22138 22150 I art     : Explicit concurrent mark sweep GC freed 30(1088B) AllocSpace objects, 0(0B) LOS objects, 10% free, 135MB/151MB, paused 1.015ms total 40.375ms
08-05 22:01:01.432 22138 22150 I art     : Starting a blocking GC Explicit
08-05 22:01:01.472 22138 22150 I art     : Explicit concurrent mark sweep GC freed 7(224B) AllocSpace objects, 0(0B) LOS objects, 10% free, 135MB/151MB, paused 1.065ms total 39.649ms
08-05 22:01:01.490 22138 22150 I art     : Starting a blocking GC Explicit
08-05 22:01:01.531 22138 22150 I art     : Explicit concurrent mark sweep GC freed 5(160B) AllocSpace objects, 0(0B) LOS objects, 10% free, 135MB/151MB, paused 1.045ms total 40.654ms
08-05 22:01:01.548 22138 22150 I art     : Starting a blocking GC Explicit
08-05 22:01:01.589 22138 22150 I art     : Explicit concurrent mark sweep GC freed 6(192B) AllocSpace objects, 0(0B) LOS objects, 10% free, 135MB/151MB, paused 1.173ms total 40.021ms
08-05 22:01:01.765 23776 23776 D AndroidRuntime: >>>>>> START com.android.internal.os.RuntimeInit uid 2000 <<<<<<
08-05 22:01:01.771 23776 23776 D AndroidRuntime: CheckJNI is OFF
08-05 22:01:01.810 23776 23776 D ICU     : No timezone override file found: /data/misc/zoneinfo/current/icu/icu_tzdata.dat
08-05 22:01:01.852 23776 23776 I Radio-JNI: register_android_hardware_Radio DONE
08-05 22:01:01.882 23776 23776 D AndroidRuntime: Calling main entry com.android.commands.input.Input
08-05 22:01:01.884 23776 23776 I Input   : injectMotionEvent: MotionEvent { action=ACTION_DOWN, actionButton=0, id[0]=0, x[0]=500.0, y[0]=2000.0, toolType[0]=TOOL_TYPE_UNKNOWN, buttonState=0, metaState=0, flags=0x0, edgeFlags=0x0, pointerCount=1, historySize=0, eventTime=828078296, downTime=828078296, deviceId=0, source=0x1002 }
08-05 22:01:01.888 23776 23776 I Input   : injectMotionEvent: MotionEvent { action=ACTION_MOVE, actionButton=0, id[0]=0, x[0]=500.0, y[0]=2000.0, toolType[0]=TOOL_TYPE_UNKNOWN, buttonState=0, metaState=0, flags=0x0, edgeFlags=0x0, pointerCount=1, historySize=0, eventTime=828078296, downTime=828078296, deviceId=0, source=0x1002 }
08-05 22:01:01.896 23776 23776 I Input   : injectMotionEvent: MotionEvent { action=ACTION_MOVE, actionButton=0, id[0]=0, x[0]=500.0, y[0]=1975.3, toolType[0]=TOOL_TYPE_UNKNOWN, buttonState=0, metaState=0, flags=0x0, edgeFlags=0x0, pointerCount=1, historySize=0, eventTime=828078309, downTime=828078309, deviceId=0, source=0x1002 }
08-05 22:01:01.912 23776 23776 I Input   : injectMotionEvent: MotionEvent { action=ACTION_MOVE, actionButton=0, id[0]=0, x[0]=500.0, y[0]=1944.9, toolType[0]=TOOL_TYPE_UNKNOWN, buttonState=0, metaState=0, flags=0x0, edgeFlags=0x0, pointerCount=1, historySize=0, eventTime=828078325, downTime=828078325, deviceId=0, source=0x1002 }
08-05 22:01:01.930 23776 23776 I Input   : injectMotionEvent: MotionEvent { action=ACTION_MOVE, actionButton=0, id[0]=0, x[0]=500.0, y[0]=1908.8, toolType[0]=TOOL_TYPE_UNKNOWN, buttonState=0, metaState=0, flags=0x0, edgeFlags=0x0, pointerCount=1, historySize=0, eventTime=828078344, downTime=828078344, deviceId=0, source=0x1002 }
08-05 22:01:01.957 22138 22149 I art     : Starting a blocking GC Explicit
08-05 22:01:01.976 23776 23776 I Input   : injectMotionEvent: MotionEvent { action=ACTION_MOVE, actionButton=0, id[0]=0, x[0]=500.0, y[0]=1823.3, toolType[0]=TOOL_TYPE_UNKNOWN, buttonState=0, metaState=0, flags=0x0, edgeFlags=0x0, pointerCount=1, historySize=0, eventTime=828078389, downTime=828078389, deviceId=0, source=0x1002 }
08-05 22:01:02.001 22138 22149 I art     : Explicit concurrent mark sweep GC freed 1600(92KB) AllocSpace objects, 2(36KB) LOS objects, 10% free, 135MB/151MB, paused 1.251ms total 43.552ms
08-05 22:01:02.016 23776 23776 I Input   : injectMotionEvent: MotionEvent { action=ACTION_MOVE, actionButton=0, id[0]=0, x[0]=500.0, y[0]=1747.3, toolType[0]=TOOL_TYPE_UNKNOWN, buttonState=0, metaState=0, flags=0x0, edgeFlags=0x0, pointerCount=1, historySize=0, eventTime=828078429, downTime=828078429, deviceId=0, source=0x1002 }
08-05 22:01:02.020 22138 22149 I art     : Starting a blocking GC Explicit
08-05 22:01:02.060 22138 22149 I art     : Explicit concurrent mark sweep GC freed 33(1184B) AllocSpace objects, 0(0B) LOS objects, 10% free, 135MB/151MB, paused 1.207ms total 39.784ms
08-05 22:01:02.061 23776 23776 I Input   : injectMotionEvent: MotionEvent { action=ACTION_MOVE, actionButton=0, id[0]=0, x[0]=500.0, y[0]=1661.8, toolType[0]=TOOL_TYPE_UNKNOWN, buttonState=0, metaState=0, flags=0x0, edgeFlags=0x0, pointerCount=1, historySize=0, eventTime=828078474, downTime=828078474, deviceId=0, source=0x1002 }
08-05 22:01:02.077 22138 22149 I art     : Starting a blocking GC Explicit
08-05 22:01:02.101 23776 23776 I Input   : injectMotionEvent: MotionEvent { action=ACTION_MOVE, actionButton=0, id[0]=0, x[0]=500.0, y[0]=1585.8, toolType[0]=TOOL_TYPE_UNKNOWN, buttonState=0, metaState=0, flags=0x0, edgeFlags=0x0, pointerCount=1, historySize=0, eventTime=828078514, downTime=828078514, deviceId=0, source=0x1002 }
08-05 22:01:02.118 22138 22149 I art     : Explicit concurrent mark sweep GC freed 13(416B) AllocSpace objects, 0(0B) LOS objects, 10% free, 135MB/151MB, paused 1.256ms total 40.187ms
08-05 22:01:02.135 22138 22149 I art     : Starting a blocking GC Explicit
08-05 22:01:02.141 23776 23776 I Input   : injectMotionEvent: MotionEvent { action=ACTION_MOVE, actionButton=0, id[0]=0, x[0]=500.0, y[0]=1509.8, toolType[0]=TOOL_TYPE_UNKNOWN, buttonState=0, metaState=0, flags=0x0, edgeFlags=0x0, pointerCount=1, historySize=0, eventTime=828078554, downTime=828078554, deviceId=0, source=0x1002 }
08-05 22:01:02.180 22138 22149 I art     : Explicit concurrent mark sweep GC freed 8(256B) AllocSpace objects, 0(0B) LOS objects, 10% free, 135MB/151MB, paused 1.276ms total 44.290ms
08-05 22:01:02.182 23776 23776 I Input   : injectMotionEvent: MotionEvent { action=ACTION_MOVE, actionButton=0, id[0]=0, x[0]=500.0, y[0]=1431.9, toolType[0]=TOOL_TYPE_UNKNOWN, buttonState=0, metaState=0, flags=0x0, edgeFlags=0x0, pointerCount=1, historySize=0, eventTime=828078595, downTime=828078595, deviceId=0, source=0x1002 }
08-05 22:01:02.197 22138 22149 I art     : Starting a blocking GC Explicit
08-05 22:01:02.221 23776 23776 I Input   : injectMotionEvent: MotionEvent { action=ACTION_MOVE, actionButton=0, id[0]=0, x[0]=500.0, y[0]=1355.9, toolType[0]=TOOL_TYPE_UNKNOWN, buttonState=0, metaState=0, flags=0x0, edgeFlags=0x0, pointerCount=1, historySize=0, eventTime=828078635, downTime=828078635, deviceId=0, source=0x1002 }
08-05 22:01:02.238 22138 22149 I art     : Explicit concurrent mark sweep GC freed 7(224B) AllocSpace objects, 0(0B) LOS objects, 10% free, 135MB/151MB, paused 1.118ms total 40.683ms
08-05 22:01:02.260 23776 23776 I Input   : injectMotionEvent: MotionEvent { action=ACTION_MOVE, actionButton=0, id[0]=0, x[0]=500.0, y[0]=1281.8, toolType[0]=TOOL_TYPE_UNKNOWN, buttonState=0, metaState=0, flags=0x0, edgeFlags=0x0, pointerCount=1, historySize=0, eventTime=828078674, downTime=828078674, deviceId=0, source=0x1002 }
08-05 22:01:02.300 23776 23776 I Input   : injectMotionEvent: MotionEvent { action=ACTION_MOVE, actionButton=0, id[0]=0, x[0]=500.0, y[0]=1207.7, toolType[0]=TOOL_TYPE_UNKNOWN, buttonState=0, metaState=0, flags=0x0, edgeFlags=0x0, pointerCount=1, historySize=0, eventTime=828078713, downTime=828078713, deviceId=0, source=0x1002 }
08-05 22:01:02.335 23776 23776 I Input   : injectMotionEvent: MotionEvent { action=ACTION_MOVE, actionButton=0, id[0]=0, x[0]=500.0, y[0]=1141.2, toolType[0]=TOOL_TYPE_UNKNOWN, buttonState=0, metaState=0, flags=0x0, edgeFlags=0x0, pointerCount=1, historySize=0, eventTime=828078748, downTime=828078748, deviceId=0, source=0x1002 }
08-05 22:01:02.369 23776 23776 I Input   : injectMotionEvent: MotionEvent { action=ACTION_MOVE, actionButton=0, id[0]=0, x[0]=500.0, y[0]=1074.7, toolType[0]=TOOL_TYPE_UNKNOWN, buttonState=0, metaState=0, flags=0x0, edgeFlags=0x0, pointerCount=1, historySize=0, eventTime=828078783, downTime=828078783, deviceId=0, source=0x1002 }
08-05 22:01:02.408 23776 23776 I Input   : injectMotionEvent: MotionEvent { action=ACTION_MOVE, actionButton=0, id[0]=0, x[0]=500.0, y[0]=1002.50006, toolType[0]=TOOL_TYPE_UNKNOWN, buttonState=0, metaState=0, flags=0x0, edgeFlags=0x0, pointerCount=1, historySize=0, eventTime=828078821, downTime=828078821, deviceId=0, source=0x1002 }
08-05 22:01:02.447 23776 23776 I Input   : injectMotionEvent: MotionEvent { action=ACTION_MOVE, actionButton=0, id[0]=0, x[0]=500.0, y[0]=926.5, toolType[0]=TOOL_TYPE_UNKNOWN, buttonState=0, metaState=0, flags=0x0, edgeFlags=0x0, pointerCount=1, historySize=0, eventTime=828078861, downTime=828078861, deviceId=0, source=0x1002 }
08-05 22:01:02.486 23776 23776 I Input   : injectMotionEvent: MotionEvent { action=ACTION_MOVE, actionButton=0, id[0]=0, x[0]=500.0, y[0]=852.4, toolType[0]=TOOL_TYPE_UNKNOWN, buttonState=0, metaState=0, flags=0x0, edgeFlags=0x0, pointerCount=1, historySize=0, eventTime=828078900, downTime=828078900, deviceId=0, source=0x1002 }
08-05 22:01:02.523 23776 23776 I Input   : injectMotionEvent: MotionEvent { action=ACTION_MOVE, actionButton=0, id[0]=0, x[0]=500.0, y[0]=782.1001, toolType[0]=TOOL_TYPE_UNKNOWN, buttonState=0, metaState=0, flags=0x0, edgeFlags=0x0, pointerCount=1, historySize=0, eventTime=828078937, downTime=828078937, deviceId=0, source=0x1002 }
08-05 22:01:02.563 23776 23776 I Input   : injectMotionEvent: MotionEvent { action=ACTION_MOVE, actionButton=0, id[0]=0, x[0]=500.0, y[0]=708.0, toolType[0]=TOOL_TYPE_UNKNOWN, buttonState=0, metaState=0, flags=0x0, edgeFlags=0x0, pointerCount=1, historySize=0, eventTime=828078976, downTime=828078976, deviceId=0, source=0x1002 }
08-05 22:01:02.603 23776 23776 I Input   : injectMotionEvent: MotionEvent { action=ACTION_MOVE, actionButton=0, id[0]=0, x[0]=500.0, y[0]=632.0, toolType[0]=TOOL_TYPE_UNKNOWN, buttonState=0, metaState=0, flags=0x0, edgeFlags=0x0, pointerCount=1, historySize=0, eventTime=828079016, downTime=828079016, deviceId=0, source=0x1002 }
08-05 22:01:02.630 22138 22149 I art     : Starting a blocking GC Explicit
08-05 22:01:02.646 23776 23776 I Input   : injectMotionEvent: MotionEvent { action=ACTION_MOVE, actionButton=0, id[0]=0, x[0]=500.0, y[0]=550.2999, toolType[0]=TOOL_TYPE_UNKNOWN, buttonState=0, metaState=0, flags=0x0, edgeFlags=0x0, pointerCount=1, historySize=0, eventTime=828079059, downTime=828079059, deviceId=0, source=0x1002 }
08-05 22:01:02.671 22138 22149 I art     : Explicit concurrent mark sweep GC freed 1679(95KB) AllocSpace objects, 2(36KB) LOS objects, 10% free, 135MB/151MB, paused 1.290ms total 40.808ms
08-05 22:01:02.684 23776 23776 I Input   : injectMotionEvent: MotionEvent { action=ACTION_MOVE, actionButton=0, id[0]=0, x[0]=500.0, y[0]=478.09998, toolType[0]=TOOL_TYPE_UNKNOWN, buttonState=0, metaState=0, flags=0x0, edgeFlags=0x0, pointerCount=1, historySize=0, eventTime=828079097, downTime=828079097, deviceId=0, source=0x1002 }
08-05 22:01:02.690 22138 22149 I art     : Starting a blocking GC Explicit
08-05 22:01:02.724 23776 23776 I Input   : injectMotionEvent: MotionEvent { action=ACTION_MOVE, actionButton=0, id[0]=0, x[0]=500.0, y[0]=402.09998, toolType[0]=TOOL_TYPE_UNKNOWN, buttonState=0, metaState=0, flags=0x0, edgeFlags=0x0, pointerCount=1, historySize=0, eventTime=828079137, downTime=828079137, deviceId=0, source=0x1002 }
08-05 22:01:02.730 22138 22149 I art     : Explicit concurrent mark sweep GC freed 46(1824B) AllocSpace objects, 0(0B) LOS objects, 10% free, 135MB/151MB, paused 1.128ms total 39.322ms
08-05 22:01:02.748 22138 22149 I art     : Starting a blocking GC Explicit
08-05 22:01:02.764 23776 23776 I Input   : injectMotionEvent: MotionEvent { action=ACTION_MOVE, actionButton=0, id[0]=0, x[0]=500.0, y[0]=324.19995, toolType[0]=TOOL_TYPE_UNKNOWN, buttonState=0, metaState=0, flags=0x0, edgeFlags=0x0, pointerCount=1, historySize=0, eventTime=828079178, downTime=828079178, deviceId=0, source=0x1002 }
08-05 22:01:02.788 22138 22149 I art     : Explicit concurrent mark sweep GC freed 7(224B) AllocSpace objects, 0(0B) LOS objects, 10% free, 135MB/151MB, paused 1.316ms total 40.331ms
08-05 22:01:02.803 23776 23776 I Input   : injectMotionEvent: MotionEvent { action=ACTION_MOVE, actionButton=0, id[0]=0, x[0]=500.0, y[0]=250.09998, toolType[0]=TOOL_TYPE_UNKNOWN, buttonState=0, metaState=0, flags=0x0, edgeFlags=0x0, pointerCount=1, historySize=0, eventTime=828079217, downTime=828079217, deviceId=0, source=0x1002 }
08-05 22:01:02.807 22138 22149 I art     : Starting a blocking GC Explicit
08-05 22:01:02.844 23776 23776 I Input   : injectMotionEvent: MotionEvent { action=ACTION_MOVE, actionButton=0, id[0]=0, x[0]=500.0, y[0]=174.09998, toolType[0]=TOOL_TYPE_UNKNOWN, buttonState=0, metaState=0, flags=0x0, edgeFlags=0x0, pointerCount=1, historySize=0, eventTime=828079257, downTime=828079257, deviceId=0, source=0x1002 }
08-05 22:01:02.848 22138 22149 I art     : Explicit concurrent mark sweep GC freed 10(320B) AllocSpace objects, 0(0B) LOS objects, 10% free, 135MB/151MB, paused 1.343ms total 39.823ms
08-05 22:01:02.865 22138 22149 I art     : Starting a blocking GC Explicit
08-05 22:01:02.884 23776 23776 I Input   : injectMotionEvent: MotionEvent { action=ACTION_UP, actionButton=0, id[0]=0, x[0]=500.0, y[0]=100.0, toolType[0]=TOOL_TYPE_UNKNOWN, buttonState=0, metaState=0, flags=0x0, edgeFlags=0x0, pointerCount=1, historySize=0, eventTime=828079298, downTime=828079298, deviceId=0, source=0x1002 }
08-05 22:01:02.905 22138 22149 I art     : Explicit concurrent mark sweep GC freed 6(192B) AllocSpace objects, 0(0B) LOS objects, 10% free, 135MB/151MB, paused 1.089ms total 40.129ms
08-05 22:01:02.924 23776 23776 D AndroidRuntime: Shutting down VM
08-05 22:01:02.980   518   646 I ThermalEngine: ACTION: GPU - Setting GPU[0] to 390000000
08-05 22:01:03.109 13866 13882 I PeriodicStatsRunner: PeriodicStatsRunner.call():175 call()
08-05 22:01:03.110 13866 13882 I PeriodicStatsRunner: PeriodicStatsRunner.call():179 No submit PeriodicStats since input started.
08-05 22:01:03.332 22138 22205 I art     : Starting a blocking GC Explicit
08-05 22:01:03.388 22138 22205 I art     : Explicit concurrent mark sweep GC freed 1628(93KB) AllocSpace objects, 2(36KB) LOS objects, 10% free, 135MB/151MB, paused 1.789ms total 55.554ms
08-05 22:01:03.411 22138 22205 I art     : Starting a blocking GC Explicit
08-05 22:01:03.465 22138 22205 I art     : Explicit concurrent mark sweep GC freed 40(1648B) AllocSpace objects, 0(0B) LOS objects, 10% free, 135MB/151MB, paused 1.632ms total 53.965ms
08-05 22:01:03.488 22138 22205 I art     : Starting a blocking GC Explicit
08-05 22:01:03.542 22138 22205 I art     : Explicit concurrent mark sweep GC freed 3(96B) AllocSpace objects, 0(0B) LOS objects, 10% free, 135MB/151MB, paused 1.660ms total 54.121ms
08-05 22:01:03.564 22138 22205 I art     : Starting a blocking GC Explicit
08-05 22:01:03.621 22138 22205 I art     : Explicit concurrent mark sweep GC freed 3(96B) AllocSpace objects, 0(0B) LOS objects, 10% free, 135MB/151MB, paused 1.617ms total 56.033ms
08-05 22:01:03.644 22138 22205 I art     : Starting a blocking GC Explicit
08-05 22:01:03.698 22138 22205 I art     : Explicit concurrent mark sweep GC freed 3(96B) AllocSpace objects, 0(0B) LOS objects, 10% free, 135MB/151MB, paused 1.788ms total 54.236ms
08-05 22:01:03.792 23823 23823 D AndroidRuntime: >>>>>> START com.android.internal.os.RuntimeInit uid 2000 <<<<<<
08-05 22:01:03.799 23823 23823 D AndroidRuntime: CheckJNI is OFF
08-05 22:01:03.864 23823 23823 D ICU     : No timezone override file found: /data/misc/zoneinfo/current/icu/icu_tzdata.dat
08-05 22:01:03.915 23823 23823 I Radio-JNI: register_android_hardware_Radio DONE
08-05 22:01:03.948 23823 23823 D AndroidRuntime: Calling main entry com.android.commands.input.Input
08-05 22:01:03.950 23823 23823 I Input   : injectMotionEvent: MotionEvent { action=ACTION_DOWN, actionButton=0, id[0]=0, x[0]=657.0, y[0]=2080.0, toolType[0]=TOOL_TYPE_UNKNOWN, buttonState=0, metaState=0, flags=0x0, edgeFlags=0x0, pointerCount=1, historySize=0, eventTime=828080363, downTime=828080363, deviceId=0, source=0x1002 }
08-05 22:01:03.955 23823 23823 I Input   : injectMotionEvent: MotionEvent { action=ACTION_UP, actionButton=0, id[0]=0, x[0]=657.0, y[0]=2080.0, toolType[0]=TOOL_TYPE_UNKNOWN, buttonState=0, metaState=0, flags=0x0, edgeFlags=0x0, pointerCount=1, historySize=0, eventTime=828080363, downTime=828080363, deviceId=0, source=0x1002 }
08-05 22:01:03.958 23823 23823 D AndroidRuntime: Shutting down VM
08-05 22:01:03.960   512  2967 D audio_hw_primary: out_set_parameters: enter: usecase(1: low-latency-playback) kvpairs: routing=2
08-05 22:01:03.963   918  3961 I ActivityManager: START u0 {cmp=baseline.io.github.project_travel_mate/.utilities.UpcomingWeekendsActivity} from uid 10674 on display 0
08-05 22:01:03.974   512  2967 D audio_hw_primary: select_devices: out_snd_device(2: speaker) in_snd_device(0: none)
08-05 22:01:03.974   512  2967 D msm8974_platform: platform_send_audio_calibration: sending audio calibration for snd_device(2) acdb_id(15)
08-05 22:01:03.974   512  2967 I soundtrigger: audio_extn_sound_trigger_update_device_status: device 0x2 of type 0 for Event 1
08-05 22:01:03.988   512  2967 D audio_hw_primary: enable_snd_device: snd_device(2: speaker)
08-05 22:01:03.992   512  2967 D audio_hw_primary: enable_audio_route: apply and update mixer path: low-latency-playback speaker
08-05 22:01:04.043 22138 22203 D Gabe    : call	returning from cache
08-05 22:01:04.051 22138 22138 V EXECUTING: https://project-travel-mate.herokuapp.com/api/get-upcoming-holidays/2020
08-05 22:01:04.057 22138 22138 V EXECUTING: https://project-travel-mate.herokuapp.com/api/get-upcoming-holidays/2020
08-05 22:01:04.060   918  3188 I hubconnection: sensorhub said: 'set_bias 3: -5.8944, 0.0000, 0.0000'
08-05 22:01:04.125 22138 22150 I art     : Starting a blocking GC Explicit
08-05 22:01:04.167 13866 13866 I GoogleInputMethodServic: GoogleInputMethodService.onFinishInput():3138 
08-05 22:01:04.168 13866 13866 I GoogleInputMethodServic: GoogleInputMethodService.onStartInput():1808 
08-05 22:01:04.179 22138 22150 I art     : Explicit concurrent mark sweep GC freed 3257(233KB) AllocSpace objects, 2(36KB) LOS objects, 10% free, 139MB/155MB, paused 2.729ms total 53.589ms
08-05 22:01:04.201 22138 22150 I art     : Starting a blocking GC Explicit
08-05 22:01:04.250 22138 22150 I art     : Explicit concurrent mark sweep GC freed 314(13KB) AllocSpace objects, 0(0B) LOS objects, 10% free, 139MB/155MB, paused 1.837ms total 49.284ms
08-05 22:01:04.272 22138 22150 I art     : Starting a blocking GC Explicit
08-05 22:01:04.291   918   936 I ActivityManager: Displayed baseline.io.github.project_travel_mate/.utilities.UpcomingWeekendsActivity: +317ms
08-05 22:01:04.323 22138 22150 I art     : Explicit concurrent mark sweep GC freed 96(2016B) AllocSpace objects, 0(0B) LOS objects, 10% free, 139MB/155MB, paused 2.032ms total 50.624ms
08-05 22:01:04.344 22138 22150 I art     : Starting a blocking GC Explicit
08-05 22:01:04.395 22138 22150 I art     : Explicit concurrent mark sweep GC freed 90(1984B) AllocSpace objects, 0(0B) LOS objects, 10% free, 139MB/155MB, paused 1.605ms total 50.547ms
08-05 22:01:04.415 22138 22150 I art     : Starting a blocking GC Explicit
08-05 22:01:04.473 22138 22150 I art     : Explicit concurrent mark sweep GC freed 123(2096B) AllocSpace objects, 0(0B) LOS objects, 10% free, 139MB/155MB, paused 2.420ms total 57.064ms
08-05 22:01:04.517   380   380 W SurfaceFlinger: couldn't log to binary event log: overflow.
08-05 22:01:04.538   512  2967 D audio_hw_primary: disable_audio_route: reset and update mixer path: low-latency-playback speaker
08-05 22:01:04.539   512  2967 D audio_hw_primary: disable_snd_device: snd_device(2: speaker)
08-05 22:01:04.547   512  2967 I soundtrigger: audio_extn_sound_trigger_update_device_status: device 0x2 of type 0 for Event 0
08-05 22:01:04.892 22138 22205 I art     : Starting a blocking GC Explicit
08-05 22:01:04.943 22138 22205 I art     : Explicit concurrent mark sweep GC freed 3606(189KB) AllocSpace objects, 4(156KB) LOS objects, 10% free, 140MB/156MB, paused 2.196ms total 51.051ms
08-05 22:01:04.964 22138 22205 I art     : Starting a blocking GC Explicit
08-05 22:01:04.995 22138 23847 I NAPPA_EXPERIMENTATION: MetricNetworkRequestExecutionTime: REQUEST_DURATION_SYSTEM='936',REQUEST_DURATION_OKHTTP='41',REQUEST_SYNCHRONOUS='FALSE',RESPONSE_CODE='200',RESPONSE_METHOD='GET',RESPONSE_LENGTH_OKHTTP='6426',RESPONSE_LENGTH_HEADER='6426',REQUEST_PROTOCOL='http/1.1',REQUEST_URL='https://project-travel-mate.herokuapp.com/api/get-upcoming-holidays/2020',
08-05 22:01:05.020 22138 22205 I art     : Explicit concurrent mark sweep GC freed 2312(171KB) AllocSpace objects, 2(96KB) LOS objects, 10% free, 140MB/156MB, paused 1.815ms total 55.407ms
08-05 22:01:05.040 22138 22205 I art     : Starting a blocking GC Explicit
08-05 22:01:05.089 22138 22205 I art     : Explicit concurrent mark sweep GC freed 155(6KB) AllocSpace objects, 0(0B) LOS objects, 10% free, 140MB/156MB, paused 1.655ms total 48.907ms
08-05 22:01:05.090 22138 22148 I art     : WaitForGcToComplete blocked for 49.412ms for cause HeapTrim
08-05 22:01:05.110 22138 22205 I art     : Starting a blocking GC Explicit
08-05 22:01:05.137 22138 22138 V Response: [{"month":"January","date":1,"day":"Wednesday","name":"New Year's Day","type":"Restricted"},{"month":"January","date":2,"day":"Thursday","name":"Guru Govind Singh Jayanti","type":"Restricted"},{"month":"January","date":14,"day":"Tuesday","name":"Lohri","type":"Restricted"},{"month":"January","date":15,"day":"Wednesday","name":"Pongal","type":"Restricted"},{"month":"January","date":15,"day":"Wednesday","name":"Makar Sankranti","type":"Restricted"},{"month":"January","date":25,"day":"Saturday","name":"Chinese New Year","type":"Observance"},{"month":"January","date":26,"day":"Sunday","name":"Republic Day","type":"Gazetted"},{"month":"January","date":30,"day":"Thursday","name":"Vasant Panchami","type":"Restricted"},{"month":"February","date":9,"day":"Sunday","name":"Guru Ravidas Jayanti","type":"Restricted"},{"month":"February","date":14,"day":"Friday","name":"Valentine's Day","type":"Observance"},{"month":"February","date":18,"day":"Tuesday","name":"Maharishi Dayanand Saraswati Jayanti","type":"Restricted"},{"month":"February","date":19,"day":"Wednesday","name":"Shivaji Jayanti","type":"Restricted"},{"month":"February","date":21,"day":"Friday","name":"Maha Shivaratri/Shivaratri","type":"Gazetted"},{"month":"March","date":9,"day":"Monday","name":"Holika Dahana","type":"Restricted"},{"month":"March","date":9,"day":"Monday","name":"Hazarat Ali's Birthday","type":"Restricted"},{"month":"March","date":10,"day":"Tuesday","name":"Holi","type":"Gazetted"},{"month":"March","date":20,"day":"Friday","name":"March Equinox","type":"Season"},{"month":"March","date":25,"day":"Wednesday","name":"Chaitra Sukhladi","type":"Restricted"},{"month":"April","date":2,"day":"Thursday","name":"Rama Navami","type":"Gazetted"},{"month":"April","date":6,"day":"Monday","name":"Mahavir Jayanti","type":"Gazetted"},{"month":"April","date":9,"day":"Thursday","name":"First day of Passover","type":"Observance"},{"month":"April","date":9,"day":"Thursday","name":"Maundy Thursday","type":"Observance,"},{"month":"April","date":10,"day":"Friday","name":"Good Friday","type":"Gazetted"},{"month":"April","date":12,"day":"Sunday","name":"Easter Day","type":"Restricted"},{"month":"April","date":13,"day":"Monday","name":"Vaisakhi","type":"Restricted"},{"month":"April","date":14,"day":"Tuesday","name":"Mesadi/Vaisakhadi","type":"Restricted"},{"month":"April","date":14,"day":"Tuesday","name":"Ambedkar Jayanti","type":"Central"},{"month":"May","date":1,"day":"Friday","name":"May Day","type":"Observance"},{"month":"May","date":7,"day":"Thursday","name":"Buddha Purnima/Vesak","type":"Gazetted"},{"month":"May","date":7,"day":"Thursday","name":"Birthday of Ravindranath","type":"Restricted"},{"month":"May","date":10,"day":"Sunday","name":"Mother's Day","type":"Observance"},{"month":"May","date":22,"day":"Friday","name":"Jamat Ul-Vida","type":"Restricted"},{"month":"May","date":25,"day":"Monday","name":"Ramzan Id/Eid-ul-Fitar","type":"Gazetted"},{"month":"May","date":25,"day":"Monday","name":"Ramzan Id/Eid-ul-Fitar","type":"Muslim,"},{"month":"June","date":21,"day":"Sunday","name":"June Solstice","type":"Season"},{"month":"June","date":21,"day":"Sunday","name":"Father's Day","type":"Observance"},{"month":"June","date":23,"day":"Tuesday","name":"Rath Yatra","type":"Restricted"},{"month":"July","date":5,"day":"Sunday","name":"Guru Purnima","type":"Observance"},{"month":"July","date":31,"day":"Friday","name":"Bakr Id/Eid ul-Adha","type":"Gazetted"},{"month":"August","date":2,"day":"Sunday","name":"Friendship Day","type":"Observance"},{"month":"August","date":3,"day":"Monday","name":"Raksha Bandhan (Rakhi)","type":"Restricted"},{"month":"August","date":11,"day":"Tuesday","name":"Janmashtami (Smarta)","type":"Restricted"},{"month":"August","date":12,"day":"Wednesday","name":"Janmashtami","type":"Gazetted"},{"month":"August","date":15,"day":"Saturday","name":"Independence Day","type":"Gazetted"},{"month":"August","date":16,"day":"Sunday","name":"Parsi New Year","type":"Restricted"},{"month":"August","date":22,"day":"Saturday","name":"Ganesh Chaturthi/Vin
08-05 22:01:05.170 22138 22205 W art     : Suspending all threads took: 8.774ms
08-05 22:01:05.174 22138 22205 I art     : Explicit concurrent mark sweep GC freed 2588(100KB) AllocSpace objects, 0(0B) LOS objects, 10% free, 140MB/156MB, paused 10.596ms total 63.802ms
08-05 22:01:05.194 22138 22205 I art     : Starting a blocking GC Explicit
08-05 22:01:05.260 22138 22205 I art     : Explicit concurrent mark sweep GC freed 2103(105KB) AllocSpace objects, 0(0B) LOS objects, 10% free, 140MB/156MB, paused 2.670ms total 65.011ms
08-05 22:01:05.397 22138 23846 I NAPPA_EXPERIMENTATION: MetricNetworkRequestExecutionTime: REQUEST_DURATION_SYSTEM='1343',REQUEST_DURATION_OKHTTP='40',REQUEST_SYNCHRONOUS='FALSE',RESPONSE_CODE='200',RESPONSE_METHOD='GET',RESPONSE_LENGTH_OKHTTP='6426',RESPONSE_LENGTH_HEADER='6426',REQUEST_PROTOCOL='http/1.1',REQUEST_URL='https://project-travel-mate.herokuapp.com/api/get-upcoming-holidays/2020',
08-05 22:01:05.402 22138 22138 V Response: [{"month":"January","date":1,"day":"Wednesday","name":"New Year's Day","type":"Restricted"},{"month":"January","date":2,"day":"Thursday","name":"Guru Govind Singh Jayanti","type":"Restricted"},{"month":"January","date":14,"day":"Tuesday","name":"Lohri","type":"Restricted"},{"month":"January","date":15,"day":"Wednesday","name":"Pongal","type":"Restricted"},{"month":"January","date":15,"day":"Wednesday","name":"Makar Sankranti","type":"Restricted"},{"month":"January","date":25,"day":"Saturday","name":"Chinese New Year","type":"Observance"},{"month":"January","date":26,"day":"Sunday","name":"Republic Day","type":"Gazetted"},{"month":"January","date":30,"day":"Thursday","name":"Vasant Panchami","type":"Restricted"},{"month":"February","date":9,"day":"Sunday","name":"Guru Ravidas Jayanti","type":"Restricted"},{"month":"February","date":14,"day":"Friday","name":"Valentine's Day","type":"Observance"},{"month":"February","date":18,"day":"Tuesday","name":"Maharishi Dayanand Saraswati Jayanti","type":"Restricted"},{"month":"February","date":19,"day":"Wednesday","name":"Shivaji Jayanti","type":"Restricted"},{"month":"February","date":21,"day":"Friday","name":"Maha Shivaratri/Shivaratri","type":"Gazetted"},{"month":"March","date":9,"day":"Monday","name":"Holika Dahana","type":"Restricted"},{"month":"March","date":9,"day":"Monday","name":"Hazarat Ali's Birthday","type":"Restricted"},{"month":"March","date":10,"day":"Tuesday","name":"Holi","type":"Gazetted"},{"month":"March","date":20,"day":"Friday","name":"March Equinox","type":"Season"},{"month":"March","date":25,"day":"Wednesday","name":"Chaitra Sukhladi","type":"Restricted"},{"month":"April","date":2,"day":"Thursday","name":"Rama Navami","type":"Gazetted"},{"month":"April","date":6,"day":"Monday","name":"Mahavir Jayanti","type":"Gazetted"},{"month":"April","date":9,"day":"Thursday","name":"First day of Passover","type":"Observance"},{"month":"April","date":9,"day":"Thursday","name":"Maundy Thursday","type":"Observance,"},{"month":"April","date":10,"day":"Friday","name":"Good Friday","type":"Gazetted"},{"month":"April","date":12,"day":"Sunday","name":"Easter Day","type":"Restricted"},{"month":"April","date":13,"day":"Monday","name":"Vaisakhi","type":"Restricted"},{"month":"April","date":14,"day":"Tuesday","name":"Mesadi/Vaisakhadi","type":"Restricted"},{"month":"April","date":14,"day":"Tuesday","name":"Ambedkar Jayanti","type":"Central"},{"month":"May","date":1,"day":"Friday","name":"May Day","type":"Observance"},{"month":"May","date":7,"day":"Thursday","name":"Buddha Purnima/Vesak","type":"Gazetted"},{"month":"May","date":7,"day":"Thursday","name":"Birthday of Ravindranath","type":"Restricted"},{"month":"May","date":10,"day":"Sunday","name":"Mother's Day","type":"Observance"},{"month":"May","date":22,"day":"Friday","name":"Jamat Ul-Vida","type":"Restricted"},{"month":"May","date":25,"day":"Monday","name":"Ramzan Id/Eid-ul-Fitar","type":"Gazetted"},{"month":"May","date":25,"day":"Monday","name":"Ramzan Id/Eid-ul-Fitar","type":"Muslim,"},{"month":"June","date":21,"day":"Sunday","name":"June Solstice","type":"Season"},{"month":"June","date":21,"day":"Sunday","name":"Father's Day","type":"Observance"},{"month":"June","date":23,"day":"Tuesday","name":"Rath Yatra","type":"Restricted"},{"month":"July","date":5,"day":"Sunday","name":"Guru Purnima","type":"Observance"},{"month":"July","date":31,"day":"Friday","name":"Bakr Id/Eid ul-Adha","type":"Gazetted"},{"month":"August","date":2,"day":"Sunday","name":"Friendship Day","type":"Observance"},{"month":"August","date":3,"day":"Monday","name":"Raksha Bandhan (Rakhi)","type":"Restricted"},{"month":"August","date":11,"day":"Tuesday","name":"Janmashtami (Smarta)","type":"Restricted"},{"month":"August","date":12,"day":"Wednesday","name":"Janmashtami","type":"Gazetted"},{"month":"August","date":15,"day":"Saturday","name":"Independence Day","type":"Gazetted"},{"month":"August","date":16,"day":"Sunday","name":"Parsi New Year","type":"Restricted"},{"month":"August","date":22,"day":"Saturday","name":"Ganesh Chaturthi/Vin
08-05 22:01:05.672 22138 22149 I art     : Starting a blocking GC Explicit
08-05 22:01:05.742 22138 22149 I art     : Explicit concurrent mark sweep GC freed 13593(564KB) AllocSpace objects, 8(4MB) LOS objects, 10% free, 137MB/153MB, paused 2.017ms total 69.109ms
08-05 22:01:05.766 22138 22149 I art     : Starting a blocking GC Explicit
08-05 22:01:05.826 22138 22149 I art     : Explicit concurrent mark sweep GC freed 2527(204KB) AllocSpace objects, 11(220KB) LOS objects, 10% free, 136MB/152MB, paused 1.658ms total 59.926ms
08-05 22:01:05.850 22138 22149 I art     : Starting a blocking GC Explicit
08-05 22:01:05.912 22138 22149 I art     : Explicit concurrent mark sweep GC freed 135(2752B) AllocSpace objects, 0(0B) LOS objects, 10% free, 136MB/152MB, paused 1.785ms total 61.463ms
08-05 22:01:05.936 22138 22149 I art     : Starting a blocking GC Explicit
08-05 22:01:05.997 22138 22149 I art     : Explicit concurrent mark sweep GC freed 134(2672B) AllocSpace objects, 0(0B) LOS objects, 10% free, 136MB/152MB, paused 1.647ms total 60.851ms
08-05 22:01:06.021 22138 22149 I art     : Starting a blocking GC Explicit
08-05 22:01:06.083 22138 22149 I art     : Explicit concurrent mark sweep GC freed 123(2096B) AllocSpace objects, 0(0B) LOS objects, 10% free, 136MB/152MB, paused 1.705ms total 61.673ms
08-05 22:01:06.553 22138 22150 I art     : Starting a blocking GC Explicit
08-05 22:01:06.616 22138 22150 I art     : Explicit concurrent mark sweep GC freed 2382(105KB) AllocSpace objects, 2(36KB) LOS objects, 10% free, 136MB/152MB, paused 1.805ms total 62.514ms
08-05 22:01:06.644 22138 22150 I art     : Starting a blocking GC Explicit
08-05 22:01:06.703 22138 22150 I art     : Explicit concurrent mark sweep GC freed 148(3024B) AllocSpace objects, 0(0B) LOS objects, 10% free, 136MB/152MB, paused 1.807ms total 59.199ms
08-05 22:01:06.728 22138 22150 I art     : Starting a blocking GC Explicit
08-05 22:01:06.789 22138 22150 I art     : Explicit concurrent mark sweep GC freed 147(2496B) AllocSpace objects, 0(0B) LOS objects, 10% free, 136MB/152MB, paused 1.904ms total 60.865ms
08-05 22:01:06.813 22138 22150 I art     : Starting a blocking GC Explicit
08-05 22:01:06.874 22138 22150 I art     : Explicit concurrent mark sweep GC freed 127(2224B) AllocSpace objects, 0(0B) LOS objects, 10% free, 136MB/152MB, paused 1.802ms total 60.550ms
08-05 22:01:06.899 22138 22150 I art     : Starting a blocking GC Explicit
08-05 22:01:06.959 22138 22150 I art     : Explicit concurrent mark sweep GC freed 132(2576B) AllocSpace objects, 0(0B) LOS objects, 10% free, 136MB/152MB, paused 1.878ms total 59.774ms
08-05 22:01:06.986   518   646 I ThermalEngine: ACTION: GPU - Setting GPU[0] to 450000000
08-05 22:01:07.380 22138 22205 I art     : Starting a blocking GC Explicit
08-05 22:01:07.434 22138 22205 I art     : Explicit concurrent mark sweep GC freed 2300(104KB) AllocSpace objects, 2(36KB) LOS objects, 10% free, 136MB/152MB, paused 1.157ms total 53.811ms
08-05 22:01:07.455 22138 22205 I art     : Starting a blocking GC Explicit
08-05 22:01:07.505 22138 22205 I art     : Explicit concurrent mark sweep GC freed 130(2720B) AllocSpace objects, 0(0B) LOS objects, 10% free, 136MB/152MB, paused 1.409ms total 49.954ms
08-05 22:01:07.523 22138 22205 I art     : Starting a blocking GC Explicit
08-05 22:01:07.574 22138 22205 I art     : Explicit concurrent mark sweep GC freed 104(1776B) AllocSpace objects, 0(0B) LOS objects, 10% free, 136MB/152MB, paused 1.253ms total 51.325ms
08-05 22:01:07.592 22138 22205 I art     : Starting a blocking GC Explicit
08-05 22:01:07.643 22138 22205 I art     : Explicit concurrent mark sweep GC freed 111(1888B) AllocSpace objects, 0(0B) LOS objects, 10% free, 136MB/152MB, paused 1.163ms total 50.511ms
08-05 22:01:07.662 22138 22205 I art     : Starting a blocking GC Explicit
08-05 22:01:07.713 22138 22205 I art     : Explicit concurrent mark sweep GC freed 100(1728B) AllocSpace objects, 0(0B) LOS objects, 10% free, 136MB/152MB, paused 1.073ms total 50.730ms
08-05 22:01:08.137 22138 23095 I art     : Starting a blocking GC Explicit
08-05 22:01:08.197 22138 23095 I art     : Explicit concurrent mark sweep GC freed 2277(103KB) AllocSpace objects, 2(36KB) LOS objects, 10% free, 136MB/152MB, paused 1.113ms total 60.230ms
08-05 22:01:08.216 22138 23095 I art     : Starting a blocking GC Explicit
08-05 22:01:08.260 22138 23095 I art     : Explicit concurrent mark sweep GC freed 125(2656B) AllocSpace objects, 0(0B) LOS objects, 10% free, 136MB/152MB, paused 1.023ms total 44.451ms
08-05 22:01:08.278 22138 23095 I art     : Starting a blocking GC Explicit
08-05 22:01:08.324 22138 23095 I art     : Explicit concurrent mark sweep GC freed 109(2288B) AllocSpace objects, 0(0B) LOS objects, 10% free, 136MB/152MB, paused 1.168ms total 45.638ms
08-05 22:01:08.341 22138 23095 I art     : Starting a blocking GC Explicit
08-05 22:01:08.388 22138 23095 I art     : Explicit concurrent mark sweep GC freed 134(2992B) AllocSpace objects, 0(0B) LOS objects, 10% free, 136MB/152MB, paused 1.251ms total 46.470ms
08-05 22:01:08.406 22138 23095 I art     : Starting a blocking GC Explicit
08-05 22:01:08.454 22138 23095 I art     : Explicit concurrent mark sweep GC freed 83(1440B) AllocSpace objects, 0(0B) LOS objects, 10% free, 136MB/152MB, paused 1.140ms total 47.772ms
08-05 22:01:08.522 15748 15750 E QC-QMI  : qmi_client [15748] 5ba: failed to locate client data
08-05 22:01:08.523   519   519 E QC-QMI  : qmuxd: RX on fd=18 returned error=0 errno[2:No such file or directory]
08-05 22:01:08.524   519   519 E QC-QMI  : QMUX qmux_client_id=5ba not found in qmux client list, unable to remove
08-05 22:01:08.527 15748 15748 I Atfwd_Daemon: Stop the daemon....
08-05 22:01:08.549 23905 23905 W ATFWD-daemon: type=1400 audit(0.0:739767): avc: denied { read write } for name="diag" dev="tmpfs" ino=1296 scontext=u:r:atfwd:s0 tcontext=u:object_r:diag_device:s0 tclass=chr_file permissive=0
08-05 22:01:08.559 23905 23905 I libmdmdetect: ESOC framework not supported
08-05 22:01:08.560 23905 23905 I libmdmdetect: Found internal modem: modem
08-05 22:01:08.560 23905 23905 E Diag_Lib:  Diag_LSM_Init: Failed to open handle to diag driver, error = 13
08-05 22:01:08.565 23905 23905 I Atfwd_Daemon: result : 255 	 ,Init step :0 	 ,qmiErrorCode: 0
08-05 22:01:08.565 23905 23905 I Atfwd_Daemon: result : 0 	 ,Init step :1 	 ,qmiErrorCode: 0
08-05 22:01:08.566 23905 23905 I ServiceManager: Waiting for service AtCmdFwd...
08-05 22:01:08.747 23901 23901 D AndroidRuntime: >>>>>> START com.android.internal.os.RuntimeInit uid 2000 <<<<<<
08-05 22:01:08.753 23901 23901 D AndroidRuntime: CheckJNI is OFF
08-05 22:01:08.797 23901 23901 D ICU     : No timezone override file found: /data/misc/zoneinfo/current/icu/icu_tzdata.dat
08-05 22:01:08.841 23901 23901 I Radio-JNI: register_android_hardware_Radio DONE
08-05 22:01:08.842 22138 22785 I art     : Starting a blocking GC Explicit
08-05 22:01:08.872 23901 23901 D AndroidRuntime: Calling main entry com.android.commands.input.Input
08-05 22:01:08.873 23901 23901 I Input   : injectKeyEvent: KeyEvent { action=ACTION_DOWN, keyCode=KEYCODE_BACK, scanCode=0, metaState=0, flags=0x0, repeatCount=0, eventTime=828085286, downTime=828085286, deviceId=-1, source=0x101 }
08-05 22:01:08.880 23901 23901 I Input   : injectKeyEvent: KeyEvent { action=ACTION_UP, keyCode=KEYCODE_BACK, scanCode=0, metaState=0, flags=0x0, repeatCount=0, eventTime=828085286, downTime=828085286, deviceId=-1, source=0x101 }
08-05 22:01:08.887 23901 23901 D AndroidRuntime: Shutting down VM
08-05 22:01:08.893 22138 22785 I art     : Explicit concurrent mark sweep GC freed 2222(103KB) AllocSpace objects, 2(36KB) LOS objects, 10% free, 136MB/152MB, paused 1.102ms total 50.346ms
08-05 22:01:08.904 22138 22138 V MainActivity: url = https://project-travel-mate.herokuapp.com/api/number-of-unread-notifications
08-05 22:01:08.910 22138 22785 I art     : Starting a blocking GC Explicit
08-05 22:01:08.931 13866 13866 I GoogleInputMethodServic: GoogleInputMethodService.onFinishInput():3138 
08-05 22:01:08.932 13866 13866 I GoogleInputMethodServic: GoogleInputMethodService.onStartInput():1808 
08-05 22:01:08.952 22138 22785 I art     : Explicit concurrent mark sweep GC freed 438(16KB) AllocSpace objects, 0(0B) LOS objects, 10% free, 136MB/152MB, paused 1.158ms total 41.984ms
08-05 22:01:08.970 22138 22785 I art     : Starting a blocking GC Explicit
08-05 22:01:09.014 22138 22785 I art     : Explicit concurrent mark sweep GC freed 112(3KB) AllocSpace objects, 0(0B) LOS objects, 10% free, 136MB/152MB, paused 1.348ms total 43.097ms
08-05 22:01:09.034 22138 22785 I art     : Starting a blocking GC Explicit
08-05 22:01:09.075 22138 22785 I art     : Explicit concurrent mark sweep GC freed 183(7KB) AllocSpace objects, 0(0B) LOS objects, 10% free, 136MB/152MB, paused 1.066ms total 41.526ms
08-05 22:01:09.092 22138 22785 I art     : Starting a blocking GC Explicit
08-05 22:01:09.142 22138 22785 I art     : Explicit concurrent mark sweep GC freed 115(2592B) AllocSpace objects, 0(0B) LOS objects, 10% free, 136MB/152MB, paused 1.508ms total 48.886ms
08-05 22:01:09.168 13866 13882 I PeriodicStatsRunner: PeriodicStatsRunner.call():175 call()
08-05 22:01:09.168 13866 13882 I PeriodicStatsRunner: PeriodicStatsRunner.call():179 No submit PeriodicStats since input started.
08-05 22:01:09.253   380   380 W SurfaceFlinger: couldn't log to binary event log: overflow.
08-05 22:01:09.515 22138 22149 I art     : Starting a blocking GC Explicit
08-05 22:01:09.567 23905 23905 I ServiceManager: Waiting for service AtCmdFwd...
08-05 22:01:09.577 22138 22149 I art     : Explicit concurrent mark sweep GC freed 1813(96KB) AllocSpace objects, 4(400KB) LOS objects, 10% free, 136MB/152MB, paused 1.229ms total 61.825ms
08-05 22:01:09.600 22138 22149 I art     : Starting a blocking GC Explicit
08-05 22:01:09.647 22138 22149 I art     : Explicit concurrent mark sweep GC freed 6676(361KB) AllocSpace objects, 13(264KB) LOS objects, 10% free, 135MB/151MB, paused 1.205ms total 47.274ms
08-05 22:01:09.665 22138 22149 I art     : Starting a blocking GC Explicit
08-05 22:01:09.712 22138 22149 I art     : Explicit concurrent mark sweep GC freed 7(288B) AllocSpace objects, 0(0B) LOS objects, 10% free, 135MB/151MB, paused 1.190ms total 46.445ms
08-05 22:01:09.730 22138 22149 I art     : Starting a blocking GC Explicit
08-05 22:01:09.779 22138 22149 I art     : Explicit concurrent mark sweep GC freed 2563(131KB) AllocSpace objects, 2(120KB) LOS objects, 10% free, 135MB/151MB, paused 1.359ms total 48.611ms
08-05 22:01:09.797 22138 22149 I art     : Starting a blocking GC Explicit
08-05 22:01:09.800 22138 23930 I NAPPA_EXPERIMENTATION: MetricNetworkRequestExecutionTime: REQUEST_DURATION_SYSTEM='895',REQUEST_DURATION_OKHTTP='42',REQUEST_SYNCHRONOUS='FALSE',RESPONSE_CODE='200',RESPONSE_METHOD='GET',RESPONSE_LENGTH_OKHTTP='36',RESPONSE_LENGTH_HEADER='36',REQUEST_PROTOCOL='http/1.1',REQUEST_URL='https://project-travel-mate.herokuapp.com/api/number-of-unread-notifications',
08-05 22:01:09.845 22138 22149 I art     : Explicit concurrent mark sweep GC freed 1095(129KB) AllocSpace objects, 1(80KB) LOS objects, 10% free, 135MB/151MB, paused 1.179ms total 48.017ms
08-05 22:01:10.249 22138 22150 I art     : Starting a blocking GC Explicit
08-05 22:01:10.299 22138 22150 I art     : Explicit concurrent mark sweep GC freed 1664(95KB) AllocSpace objects, 2(36KB) LOS objects, 10% free, 135MB/151MB, paused 1.208ms total 49.914ms
08-05 22:01:10.318 22138 22150 I art     : Starting a blocking GC Explicit
08-05 22:01:10.364 22138 22150 I art     : Explicit concurrent mark sweep GC freed 59(1856B) AllocSpace objects, 0(0B) LOS objects, 10% free, 135MB/151MB, paused 1.120ms total 46.081ms
08-05 22:01:10.382 22138 22150 I art     : Starting a blocking GC Explicit
08-05 22:01:10.428 22138 22150 I art     : Explicit concurrent mark sweep GC freed 3(96B) AllocSpace objects, 0(0B) LOS objects, 10% free, 135MB/151MB, paused 1.258ms total 45.772ms
08-05 22:01:10.446 22138 22150 I art     : Starting a blocking GC Explicit
08-05 22:01:10.492 22138 22150 I art     : Explicit concurrent mark sweep GC freed 3(96B) AllocSpace objects, 0(0B) LOS objects, 10% free, 135MB/151MB, paused 1.208ms total 45.489ms
08-05 22:01:10.510 22138 22150 I art     : Starting a blocking GC Explicit
08-05 22:01:10.556 22138 22150 I art     : Explicit concurrent mark sweep GC freed 5(160B) AllocSpace objects, 0(0B) LOS objects, 10% free, 135MB/151MB, paused 1.070ms total 45.457ms
08-05 22:01:10.568 23905 23905 I ServiceManager: Waiting for service AtCmdFwd...
08-05 22:01:10.665 23955 23955 D AndroidRuntime: >>>>>> START com.android.internal.os.RuntimeInit uid 2000 <<<<<<
08-05 22:01:10.670 23955 23955 D AndroidRuntime: CheckJNI is OFF
08-05 22:01:10.712 23955 23955 D ICU     : No timezone override file found: /data/misc/zoneinfo/current/icu/icu_tzdata.dat
08-05 22:01:10.753 23955 23955 I Radio-JNI: register_android_hardware_Radio DONE
08-05 22:01:10.781 23955 23955 D AndroidRuntime: Calling main entry com.android.commands.input.Input
08-05 22:01:10.783 23955 23955 I Input   : injectMotionEvent: MotionEvent { action=ACTION_DOWN, actionButton=0, id[0]=0, x[0]=657.0, y[0]=2080.0, toolType[0]=TOOL_TYPE_UNKNOWN, buttonState=0, metaState=0, flags=0x0, edgeFlags=0x0, pointerCount=1, historySize=0, eventTime=828087196, downTime=828087196, deviceId=0, source=0x1002 }
08-05 22:01:10.793 23955 23955 I Input   : injectMotionEvent: MotionEvent { action=ACTION_UP, actionButton=0, id[0]=0, x[0]=657.0, y[0]=2080.0, toolType[0]=TOOL_TYPE_UNKNOWN, buttonState=0, metaState=0, flags=0x0, edgeFlags=0x0, pointerCount=1, historySize=0, eventTime=828087196, downTime=828087196, deviceId=0, source=0x1002 }
08-05 22:01:10.832 23955 23955 D AndroidRuntime: Shutting down VM
08-05 22:01:10.869   918  6112 I ActivityManager: START u0 {cmp=baseline.io.github.project_travel_mate/.utilities.UpcomingWeekendsActivity} from uid 10674 on display 0
08-05 22:01:10.871   512  2967 D audio_hw_primary: out_set_parameters: enter: usecase(1: low-latency-playback) kvpairs: routing=2
08-05 22:01:10.884   512  2967 D audio_hw_primary: select_devices: out_snd_device(2: speaker) in_snd_device(0: none)
08-05 22:01:10.884   512  2967 D msm8974_platform: platform_send_audio_calibration: sending audio calibration for snd_device(2) acdb_id(15)
08-05 22:01:10.884   512  2967 I soundtrigger: audio_extn_sound_trigger_update_device_status: device 0x2 of type 0 for Event 1
08-05 22:01:10.895   512  2967 D audio_hw_primary: enable_snd_device: snd_device(2: speaker)
08-05 22:01:10.897   512  2967 D audio_hw_primary: enable_audio_route: apply and update mixer path: low-latency-playback speaker
08-05 22:01:10.897 22138 22203 D Gabe    : call	returning from cache
08-05 22:01:10.900 22138 22138 V EXECUTING: https://project-travel-mate.herokuapp.com/api/get-upcoming-holidays/2020
08-05 22:01:10.903 22138 22138 V EXECUTING: https://project-travel-mate.herokuapp.com/api/get-upcoming-holidays/2020
08-05 22:01:10.937 22138 22205 I art     : Starting a blocking GC Explicit
08-05 22:01:10.981 22138 22205 I art     : Explicit concurrent mark sweep GC freed 2768(172KB) AllocSpace objects, 2(36KB) LOS objects, 10% free, 135MB/151MB, paused 1.298ms total 42.914ms
08-05 22:01:10.990 13866 13866 I GoogleInputMethodServic: GoogleInputMethodService.onFinishInput():3138 
08-05 22:01:10.990 13866 13866 I GoogleInputMethodServic: GoogleInputMethodService.onStartInput():1808 
08-05 22:01:10.998 22138 22205 I art     : Starting a blocking GC Explicit
08-05 22:01:11.043 22138 22205 I art     : Explicit concurrent mark sweep GC freed 710(26KB) AllocSpace objects, 0(0B) LOS objects, 10% free, 140MB/156MB, paused 1.644ms total 45.064ms
08-05 22:01:11.060 22138 22205 I art     : Starting a blocking GC Explicit
08-05 22:01:11.087   918   936 I ActivityManager: Displayed baseline.io.github.project_travel_mate/.utilities.UpcomingWeekendsActivity: +209ms
08-05 22:01:11.102 22138 22205 I art     : Explicit concurrent mark sweep GC freed 96(2224B) AllocSpace objects, 0(0B) LOS objects, 10% free, 140MB/156MB, paused 1.426ms total 41.382ms
08-05 22:01:11.120 22138 22205 I art     : Starting a blocking GC Explicit
08-05 22:01:11.166 22138 22205 I art     : Explicit concurrent mark sweep GC freed 47(848B) AllocSpace objects, 0(0B) LOS objects, 10% free, 140MB/156MB, paused 1.258ms total 45.453ms
08-05 22:01:11.184 22138 22205 I art     : Starting a blocking GC Explicit
08-05 22:01:11.225 22138 22205 I art     : Explicit concurrent mark sweep GC freed 126(2272B) AllocSpace objects, 0(0B) LOS objects, 10% free, 140MB/156MB, paused 1.181ms total 41.292ms
08-05 22:01:11.339   380   380 W SurfaceFlinger: couldn't log to binary event log: overflow.
08-05 22:01:11.440   512  2967 D audio_hw_primary: disable_audio_route: reset and update mixer path: low-latency-playback speaker
08-05 22:01:11.441   512  2967 D audio_hw_primary: disable_snd_device: snd_device(2: speaker)
08-05 22:01:11.444 22138 23979 I NAPPA_EXPERIMENTATION: MetricNetworkRequestExecutionTime: REQUEST_DURATION_SYSTEM='542',REQUEST_DURATION_OKHTTP='42',REQUEST_SYNCHRONOUS='FALSE',RESPONSE_CODE='200',RESPONSE_METHOD='GET',RESPONSE_LENGTH_OKHTTP='6426',RESPONSE_LENGTH_HEADER='6426',REQUEST_PROTOCOL='http/1.1',REQUEST_URL='https://project-travel-mate.herokuapp.com/api/get-upcoming-holidays/2020',
08-05 22:01:11.445 22138 22138 V Response: [{"month":"January","date":1,"day":"Wednesday","name":"New Year's Day","type":"Restricted"},{"month":"January","date":2,"day":"Thursday","name":"Guru Govind Singh Jayanti","type":"Restricted"},{"month":"January","date":14,"day":"Tuesday","name":"Lohri","type":"Restricted"},{"month":"January","date":15,"day":"Wednesday","name":"Pongal","type":"Restricted"},{"month":"January","date":15,"day":"Wednesday","name":"Makar Sankranti","type":"Restricted"},{"month":"January","date":25,"day":"Saturday","name":"Chinese New Year","type":"Observance"},{"month":"January","date":26,"day":"Sunday","name":"Republic Day","type":"Gazetted"},{"month":"January","date":30,"day":"Thursday","name":"Vasant Panchami","type":"Restricted"},{"month":"February","date":9,"day":"Sunday","name":"Guru Ravidas Jayanti","type":"Restricted"},{"month":"February","date":14,"day":"Friday","name":"Valentine's Day","type":"Observance"},{"month":"February","date":18,"day":"Tuesday","name":"Maharishi Dayanand Saraswati Jayanti","type":"Restricted"},{"month":"February","date":19,"day":"Wednesday","name":"Shivaji Jayanti","type":"Restricted"},{"month":"February","date":21,"day":"Friday","name":"Maha Shivaratri/Shivaratri","type":"Gazetted"},{"month":"March","date":9,"day":"Monday","name":"Holika Dahana","type":"Restricted"},{"month":"March","date":9,"day":"Monday","name":"Hazarat Ali's Birthday","type":"Restricted"},{"month":"March","date":10,"day":"Tuesday","name":"Holi","type":"Gazetted"},{"month":"March","date":20,"day":"Friday","name":"March Equinox","type":"Season"},{"month":"March","date":25,"day":"Wednesday","name":"Chaitra Sukhladi","type":"Restricted"},{"month":"April","date":2,"day":"Thursday","name":"Rama Navami","type":"Gazetted"},{"month":"April","date":6,"day":"Monday","name":"Mahavir Jayanti","type":"Gazetted"},{"month":"April","date":9,"day":"Thursday","name":"First day of Passover","type":"Observance"},{"month":"April","date":9,"day":"Thursday","name":"Maundy Thursday","type":"Observance,"},{"month":"April","date":10,"day":"Friday","name":"Good Friday","type":"Gazetted"},{"month":"April","date":12,"day":"Sunday","name":"Easter Day","type":"Restricted"},{"month":"April","date":13,"day":"Monday","name":"Vaisakhi","type":"Restricted"},{"month":"April","date":14,"day":"Tuesday","name":"Mesadi/Vaisakhadi","type":"Restricted"},{"month":"April","date":14,"day":"Tuesday","name":"Ambedkar Jayanti","type":"Central"},{"month":"May","date":1,"day":"Friday","name":"May Day","type":"Observance"},{"month":"May","date":7,"day":"Thursday","name":"Buddha Purnima/Vesak","type":"Gazetted"},{"month":"May","date":7,"day":"Thursday","name":"Birthday of Ravindranath","type":"Restricted"},{"month":"May","date":10,"day":"Sunday","name":"Mother's Day","type":"Observance"},{"month":"May","date":22,"day":"Friday","name":"Jamat Ul-Vida","type":"Restricted"},{"month":"May","date":25,"day":"Monday","name":"Ramzan Id/Eid-ul-Fitar","type":"Gazetted"},{"month":"May","date":25,"day":"Monday","name":"Ramzan Id/Eid-ul-Fitar","type":"Muslim,"},{"month":"June","date":21,"day":"Sunday","name":"June Solstice","type":"Season"},{"month":"June","date":21,"day":"Sunday","name":"Father's Day","type":"Observance"},{"month":"June","date":23,"day":"Tuesday","name":"Rath Yatra","type":"Restricted"},{"month":"July","date":5,"day":"Sunday","name":"Guru Purnima","type":"Observance"},{"month":"July","date":31,"day":"Friday","name":"Bakr Id/Eid ul-Adha","type":"Gazetted"},{"month":"August","date":2,"day":"Sunday","name":"Friendship Day","type":"Observance"},{"month":"August","date":3,"day":"Monday","name":"Raksha Bandhan (Rakhi)","type":"Restricted"},{"month":"August","date":11,"day":"Tuesday","name":"Janmashtami (Smarta)","type":"Restricted"},{"month":"August","date":12,"day":"Wednesday","name":"Janmashtami","type":"Gazetted"},{"month":"August","date":15,"day":"Saturday","name":"Independence Day","type":"Gazetted"},{"month":"August","date":16,"day":"Sunday","name":"Parsi New Year","type":"Restricted"},{"month":"August","date":22,"day":"Saturday","name":"Ganesh Chaturthi/Vin
08-05 22:01:11.449   512  2967 I soundtrigger: audio_extn_sound_trigger_update_device_status: device 0x2 of type 0 for Event 0
08-05 22:01:11.477 22138 23980 I NAPPA_EXPERIMENTATION: MetricNetworkRequestExecutionTime: REQUEST_DURATION_SYSTEM='573',REQUEST_DURATION_OKHTTP='74',REQUEST_SYNCHRONOUS='FALSE',RESPONSE_CODE='200',RESPONSE_METHOD='GET',RESPONSE_LENGTH_OKHTTP='6426',RESPONSE_LENGTH_HEADER='6426',REQUEST_PROTOCOL='http/1.1',REQUEST_URL='https://project-travel-mate.herokuapp.com/api/get-upcoming-holidays/2020',
08-05 22:01:11.535 22138 22138 V Response: [{"month":"January","date":1,"day":"Wednesday","name":"New Year's Day","type":"Restricted"},{"month":"January","date":2,"day":"Thursday","name":"Guru Govind Singh Jayanti","type":"Restricted"},{"month":"January","date":14,"day":"Tuesday","name":"Lohri","type":"Restricted"},{"month":"January","date":15,"day":"Wednesday","name":"Pongal","type":"Restricted"},{"month":"January","date":15,"day":"Wednesday","name":"Makar Sankranti","type":"Restricted"},{"month":"January","date":25,"day":"Saturday","name":"Chinese New Year","type":"Observance"},{"month":"January","date":26,"day":"Sunday","name":"Republic Day","type":"Gazetted"},{"month":"January","date":30,"day":"Thursday","name":"Vasant Panchami","type":"Restricted"},{"month":"February","date":9,"day":"Sunday","name":"Guru Ravidas Jayanti","type":"Restricted"},{"month":"February","date":14,"day":"Friday","name":"Valentine's Day","type":"Observance"},{"month":"February","date":18,"day":"Tuesday","name":"Maharishi Dayanand Saraswati Jayanti","type":"Restricted"},{"month":"February","date":19,"day":"Wednesday","name":"Shivaji Jayanti","type":"Restricted"},{"month":"February","date":21,"day":"Friday","name":"Maha Shivaratri/Shivaratri","type":"Gazetted"},{"month":"March","date":9,"day":"Monday","name":"Holika Dahana","type":"Restricted"},{"month":"March","date":9,"day":"Monday","name":"Hazarat Ali's Birthday","type":"Restricted"},{"month":"March","date":10,"day":"Tuesday","name":"Holi","type":"Gazetted"},{"month":"March","date":20,"day":"Friday","name":"March Equinox","type":"Season"},{"month":"March","date":25,"day":"Wednesday","name":"Chaitra Sukhladi","type":"Restricted"},{"month":"April","date":2,"day":"Thursday","name":"Rama Navami","type":"Gazetted"},{"month":"April","date":6,"day":"Monday","name":"Mahavir Jayanti","type":"Gazetted"},{"month":"April","date":9,"day":"Thursday","name":"First day of Passover","type":"Observance"},{"month":"April","date":9,"day":"Thursday","name":"Maundy Thursday","type":"Observance,"},{"month":"April","date":10,"day":"Friday","name":"Good Friday","type":"Gazetted"},{"month":"April","date":12,"day":"Sunday","name":"Easter Day","type":"Restricted"},{"month":"April","date":13,"day":"Monday","name":"Vaisakhi","type":"Restricted"},{"month":"April","date":14,"day":"Tuesday","name":"Mesadi/Vaisakhadi","type":"Restricted"},{"month":"April","date":14,"day":"Tuesday","name":"Ambedkar Jayanti","type":"Central"},{"month":"May","date":1,"day":"Friday","name":"May Day","type":"Observance"},{"month":"May","date":7,"day":"Thursday","name":"Buddha Purnima/Vesak","type":"Gazetted"},{"month":"May","date":7,"day":"Thursday","name":"Birthday of Ravindranath","type":"Restricted"},{"month":"May","date":10,"day":"Sunday","name":"Mother's Day","type":"Observance"},{"month":"May","date":22,"day":"Friday","name":"Jamat Ul-Vida","type":"Restricted"},{"month":"May","date":25,"day":"Monday","name":"Ramzan Id/Eid-ul-Fitar","type":"Gazetted"},{"month":"May","date":25,"day":"Monday","name":"Ramzan Id/Eid-ul-Fitar","type":"Muslim,"},{"month":"June","date":21,"day":"Sunday","name":"June Solstice","type":"Season"},{"month":"June","date":21,"day":"Sunday","name":"Father's Day","type":"Observance"},{"month":"June","date":23,"day":"Tuesday","name":"Rath Yatra","type":"Restricted"},{"month":"July","date":5,"day":"Sunday","name":"Guru Purnima","type":"Observance"},{"month":"July","date":31,"day":"Friday","name":"Bakr Id/Eid ul-Adha","type":"Gazetted"},{"month":"August","date":2,"day":"Sunday","name":"Friendship Day","type":"Observance"},{"month":"August","date":3,"day":"Monday","name":"Raksha Bandhan (Rakhi)","type":"Restricted"},{"month":"August","date":11,"day":"Tuesday","name":"Janmashtami (Smarta)","type":"Restricted"},{"month":"August","date":12,"day":"Wednesday","name":"Janmashtami","type":"Gazetted"},{"month":"August","date":15,"day":"Saturday","name":"Independence Day","type":"Gazetted"},{"month":"August","date":16,"day":"Sunday","name":"Parsi New Year","type":"Restricted"},{"month":"August","date":22,"day":"Saturday","name":"Ganesh Chaturthi/Vin
08-05 22:01:11.568 23905 23905 I ServiceManager: Waiting for service AtCmdFwd...
08-05 22:01:11.618 22138 23095 I art     : Starting a blocking GC Explicit
08-05 22:01:11.675 22138 23095 I art     : Explicit concurrent mark sweep GC freed 20768(869KB) AllocSpace objects, 12(4MB) LOS objects, 10% free, 137MB/153MB, paused 1.338ms total 57.178ms
08-05 22:01:11.694 22138 23095 I art     : Starting a blocking GC Explicit
08-05 22:01:11.744 22138 23095 I art     : Explicit concurrent mark sweep GC freed 3569(325KB) AllocSpace objects, 11(220KB) LOS objects, 10% free, 136MB/152MB, paused 1.356ms total 50.395ms
08-05 22:01:11.763 22138 23095 I art     : Starting a blocking GC Explicit
08-05 22:01:11.798   918  3261 D WifiStateMachine: starting scan for "H369AA63323"WPA_PSK with 2412,5180
08-05 22:01:11.814 22138 23095 I art     : Explicit concurrent mark sweep GC freed 99(1696B) AllocSpace objects, 0(0B) LOS objects, 10% free, 136MB/152MB, paused 1.189ms total 51.102ms
08-05 22:01:11.833 22138 23095 I art     : Starting a blocking GC Explicit
08-05 22:01:11.883 22138 23095 I art     : Explicit concurrent mark sweep GC freed 110(2320B) AllocSpace objects, 0(0B) LOS objects, 10% free, 136MB/152MB, paused 1.132ms total 50.339ms
08-05 22:01:11.902 22138 23095 I art     : Starting a blocking GC Explicit
08-05 22:01:11.953 22138 23095 I art     : Explicit concurrent mark sweep GC freed 110(2272B) AllocSpace objects, 0(0B) LOS objects, 10% free, 136MB/152MB, paused 1.144ms total 50.929ms
08-05 22:01:12.345 22138 22149 I art     : Starting a blocking GC Explicit
08-05 22:01:12.400 22138 22149 I art     : Explicit concurrent mark sweep GC freed 2271(103KB) AllocSpace objects, 2(36KB) LOS objects, 10% free, 136MB/152MB, paused 1.165ms total 54.263ms
08-05 22:01:12.421 22138 22149 I art     : Starting a blocking GC Explicit
08-05 22:01:12.475 22138 22149 I art     : Explicit concurrent mark sweep GC freed 124(2624B) AllocSpace objects, 0(0B) LOS objects, 10% free, 136MB/152MB, paused 1.269ms total 53.894ms
08-05 22:01:12.494 22138 22149 I art     : Starting a blocking GC Explicit
08-05 22:01:12.546 22138 22149 I art     : Explicit concurrent mark sweep GC freed 123(2096B) AllocSpace objects, 0(0B) LOS objects, 10% free, 136MB/152MB, paused 1.192ms total 52.474ms
08-05 22:01:12.565 22138 22149 I art     : Starting a blocking GC Explicit
08-05 22:01:12.569 23905 23905 I ServiceManager: Waiting for service AtCmdFwd...
08-05 22:01:12.620 22138 22149 I art     : Explicit concurrent mark sweep GC freed 99(1696B) AllocSpace objects, 0(0B) LOS objects, 10% free, 136MB/152MB, paused 1.298ms total 54.239ms
08-05 22:01:12.639 22138 22149 I art     : Starting a blocking GC Explicit
08-05 22:01:12.692 22138 22149 I art     : Explicit concurrent mark sweep GC freed 99(1696B) AllocSpace objects, 0(0B) LOS objects, 10% free, 136MB/152MB, paused 1.440ms total 53.464ms
08-05 22:01:13.110 22138 22205 I art     : Starting a blocking GC Explicit
08-05 22:01:13.168 22138 22205 I art     : Explicit concurrent mark sweep GC freed 2278(103KB) AllocSpace objects, 2(36KB) LOS objects, 10% free, 136MB/152MB, paused 1.263ms total 57.677ms
08-05 22:01:13.189 22138 22205 I art     : Starting a blocking GC Explicit
08-05 22:01:13.244 22138 22205 I art     : Explicit concurrent mark sweep GC freed 151(3KB) AllocSpace objects, 0(0B) LOS objects, 10% free, 136MB/152MB, paused 1.381ms total 54.395ms
08-05 22:01:13.262 22138 22205 I art     : Starting a blocking GC Explicit
08-05 22:01:13.317 22138 22205 I art     : Explicit concurrent mark sweep GC freed 123(2304B) AllocSpace objects, 0(0B) LOS objects, 10% free, 136MB/152MB, paused 1.206ms total 54.015ms
08-05 22:01:13.335 22138 22205 I art     : Starting a blocking GC Explicit
08-05 22:01:13.391 22138 22205 I art     : Explicit concurrent mark sweep GC freed 130(2528B) AllocSpace objects, 0(0B) LOS objects, 10% free, 136MB/152MB, paused 1.245ms total 55.226ms
08-05 22:01:13.410 22138 22205 I art     : Starting a blocking GC Explicit
08-05 22:01:13.463 22138 22205 I art     : Explicit concurrent mark sweep GC freed 122(2064B) AllocSpace objects, 0(0B) LOS objects, 10% free, 136MB/152MB, paused 1.299ms total 52.946ms
08-05 22:01:13.569 23905 23905 W Atfwd_Sendcmd: AtCmdFwd service not published, waiting... retryCnt : 1
08-05 22:01:13.889 22138 22785 I art     : Starting a blocking GC Explicit
08-05 22:01:13.932 13866 13882 I PeriodicStatsRunner: PeriodicStatsRunner.call():175 call()
08-05 22:01:13.932 13866 13882 I PeriodicStatsRunner: PeriodicStatsRunner.call():179 No submit PeriodicStats since input started.
08-05 22:01:13.944 22138 22785 I art     : Explicit concurrent mark sweep GC freed 2258(103KB) AllocSpace objects, 2(36KB) LOS objects, 10% free, 136MB/152MB, paused 1.091ms total 54.202ms
08-05 22:01:13.964 22138 22785 I art     : Starting a blocking GC Explicit
08-05 22:01:14.017 22138 22785 I art     : Explicit concurrent mark sweep GC freed 158(3KB) AllocSpace objects, 0(0B) LOS objects, 10% free, 136MB/152MB, paused 1.192ms total 52.674ms
08-05 22:01:14.035 22138 22785 I art     : Starting a blocking GC Explicit
08-05 22:01:14.086 22138 22785 I art     : Explicit concurrent mark sweep GC freed 114(2160B) AllocSpace objects, 0(0B) LOS objects, 10% free, 136MB/152MB, paused 1.186ms total 50.401ms
08-05 22:01:14.104 22138 22785 I art     : Starting a blocking GC Explicit
08-05 22:01:14.157 22138 22785 I art     : Explicit concurrent mark sweep GC freed 99(1696B) AllocSpace objects, 0(0B) LOS objects, 10% free, 136MB/152MB, paused 1.219ms total 52.649ms
08-05 22:01:14.176 22138 22785 I art     : Starting a blocking GC Explicit
08-05 22:01:14.230 22138 22785 I art     : Explicit concurrent mark sweep GC freed 107(1808B) AllocSpace objects, 0(0B) LOS objects, 10% free, 136MB/152MB, paused 1.375ms total 54.042ms
08-05 22:01:14.635 22138 22150 I art     : Starting a blocking GC Explicit
08-05 22:01:14.689 22138 22150 I art     : Explicit concurrent mark sweep GC freed 2289(104KB) AllocSpace objects, 2(36KB) LOS objects, 10% free, 136MB/152MB, paused 1.209ms total 53.740ms
08-05 22:01:14.708 22138 22150 I art     : Starting a blocking GC Explicit
08-05 22:01:14.762 22138 22150 I art     : Explicit concurrent mark sweep GC freed 135(3KB) AllocSpace objects, 0(0B) LOS objects, 10% free, 136MB/152MB, paused 1.392ms total 54.146ms
08-05 22:01:14.781 22138 22150 I art     : Starting a blocking GC Explicit
08-05 22:01:14.835 22138 22150 I art     : Explicit concurrent mark sweep GC freed 121(2048B) AllocSpace objects, 0(0B) LOS objects, 10% free, 136MB/152MB, paused 1.228ms total 53.308ms
08-05 22:01:14.853 22138 22150 I art     : Starting a blocking GC Explicit
08-05 22:01:14.909 22138 22150 I art     : Explicit concurrent mark sweep GC freed 112(2384B) AllocSpace objects, 0(0B) LOS objects, 10% free, 136MB/152MB, paused 1.150ms total 55.545ms
08-05 22:01:14.928 22138 22150 I art     : Starting a blocking GC Explicit
08-05 22:01:14.983 22138 22150 I art     : Explicit concurrent mark sweep GC freed 131(2576B) AllocSpace objects, 0(0B) LOS objects, 10% free, 136MB/152MB, paused 1.274ms total 55.169ms
08-05 22:01:15.371 22138 23095 I art     : Starting a blocking GC Explicit
08-05 22:01:15.425 22138 23095 I art     : Explicit concurrent mark sweep GC freed 2239(103KB) AllocSpace objects, 2(36KB) LOS objects, 10% free, 136MB/152MB, paused 1.273ms total 52.984ms
08-05 22:01:15.443 22138 23095 I art     : Starting a blocking GC Explicit
08-05 22:01:15.498 22138 23095 I art     : Explicit concurrent mark sweep GC freed 140(2864B) AllocSpace objects, 0(0B) LOS objects, 10% free, 136MB/152MB, paused 1.510ms total 54.901ms
08-05 22:01:15.517 22138 23095 I art     : Starting a blocking GC Explicit
08-05 22:01:15.568 22138 23095 I art     : Explicit concurrent mark sweep GC freed 106(1824B) AllocSpace objects, 0(0B) LOS objects, 10% free, 136MB/152MB, paused 1.295ms total 50.523ms
08-05 22:01:15.586 22138 23095 I art     : Starting a blocking GC Explicit
08-05 22:01:15.635 24033 24033 D AndroidRuntime: >>>>>> START com.android.internal.os.RuntimeInit uid 2000 <<<<<<
08-05 22:01:15.639 22138 23095 I art     : Explicit concurrent mark sweep GC freed 100(1728B) AllocSpace objects, 0(0B) LOS objects, 10% free, 136MB/152MB, paused 1.308ms total 52.133ms
08-05 22:01:15.641 24033 24033 D AndroidRuntime: CheckJNI is OFF
08-05 22:01:15.657 22138 23095 I art     : Starting a blocking GC Explicit
08-05 22:01:15.685 24033 24033 D ICU     : No timezone override file found: /data/misc/zoneinfo/current/icu/icu_tzdata.dat
08-05 22:01:15.707 22138 23095 I art     : Explicit concurrent mark sweep GC freed 99(1696B) AllocSpace objects, 0(0B) LOS objects, 10% free, 136MB/152MB, paused 1.268ms total 49.118ms
08-05 22:01:15.731 24033 24033 I Radio-JNI: register_android_hardware_Radio DONE
08-05 22:01:15.759 24033 24033 D AndroidRuntime: Calling main entry com.android.commands.input.Input
08-05 22:01:15.761 24033 24033 I Input   : injectKeyEvent: KeyEvent { action=ACTION_DOWN, keyCode=KEYCODE_BACK, scanCode=0, metaState=0, flags=0x0, repeatCount=0, eventTime=828092174, downTime=828092174, deviceId=-1, source=0x101 }
08-05 22:01:15.768 24033 24033 I Input   : injectKeyEvent: KeyEvent { action=ACTION_UP, keyCode=KEYCODE_BACK, scanCode=0, metaState=0, flags=0x0, repeatCount=0, eventTime=828092174, downTime=828092174, deviceId=-1, source=0x101 }
08-05 22:01:15.774 24033 24033 D AndroidRuntime: Shutting down VM
08-05 22:01:15.785 22138 22138 V MainActivity: url = https://project-travel-mate.herokuapp.com/api/number-of-unread-notifications
08-05 22:01:15.884 13866 13866 I GoogleInputMethodServic: GoogleInputMethodService.onFinishInput():3138 
08-05 22:01:15.885 13866 13866 I GoogleInputMethodServic: GoogleInputMethodService.onStartInput():1808 
08-05 22:01:15.990 13866 13882 I PeriodicStatsRunner: PeriodicStatsRunner.call():175 call()
08-05 22:01:15.991 13866 13882 I PeriodicStatsRunner: PeriodicStatsRunner.call():179 No submit PeriodicStats since input started.
08-05 22:01:16.079 22138 23095 I art     : Starting a blocking GC Explicit
08-05 22:01:16.141 22138 23095 I art     : Explicit concurrent mark sweep GC freed 2533(121KB) AllocSpace objects, 2(36KB) LOS objects, 10% free, 136MB/152MB, paused 1.550ms total 61.179ms
08-05 22:01:16.159 22138 23095 I art     : Starting a blocking GC Explicit
08-05 22:01:16.160   380   380 W SurfaceFlinger: couldn't log to binary event log: overflow.
08-05 22:01:16.205 22138 23095 I art     : Explicit concurrent mark sweep GC freed 149(4KB) AllocSpace objects, 0(0B) LOS objects, 10% free, 136MB/152MB, paused 1.222ms total 45.566ms
08-05 22:01:16.222 22138 23095 I art     : Starting a blocking GC Explicit
08-05 22:01:16.269 22138 23095 I art     : Explicit concurrent mark sweep GC freed 6603(359KB) AllocSpace objects, 13(264KB) LOS objects, 10% free, 135MB/151MB, paused 1.274ms total 46.731ms
08-05 22:01:16.287 22138 23095 I art     : Starting a blocking GC Explicit
08-05 22:01:16.335 22138 23095 I art     : Explicit concurrent mark sweep GC freed 34(944B) AllocSpace objects, 0(0B) LOS objects, 10% free, 135MB/151MB, paused 1.234ms total 48.657ms
08-05 22:01:16.354 22138 23095 I art     : Starting a blocking GC Explicit
08-05 22:01:16.402 22138 23095 I art     : Explicit concurrent mark sweep GC freed 4(128B) AllocSpace objects, 0(0B) LOS objects, 10% free, 135MB/151MB, paused 1.280ms total 48.236ms
08-05 22:01:16.558 22138 24056 I NAPPA_EXPERIMENTATION: MetricNetworkRequestExecutionTime: REQUEST_DURATION_SYSTEM='771',REQUEST_DURATION_OKHTTP='37',REQUEST_SYNCHRONOUS='FALSE',RESPONSE_CODE='200',RESPONSE_METHOD='GET',RESPONSE_LENGTH_OKHTTP='36',RESPONSE_LENGTH_HEADER='36',REQUEST_PROTOCOL='http/1.1',REQUEST_URL='https://project-travel-mate.herokuapp.com/api/number-of-unread-notifications',
08-05 22:01:16.789 22138 22785 I art     : Starting a blocking GC Explicit
08-05 22:01:16.855 22138 22785 I art     : Explicit concurrent mark sweep GC freed 4382(239KB) AllocSpace objects, 5(236KB) LOS objects, 10% free, 136MB/152MB, paused 1.372ms total 65.445ms
08-05 22:01:16.877 22138 22785 I art     : Starting a blocking GC Explicit
08-05 22:01:16.928 22138 22785 I art     : Explicit concurrent mark sweep GC freed 962(117KB) AllocSpace objects, 0(0B) LOS objects, 10% free, 136MB/152MB, paused 1.366ms total 50.614ms
08-05 22:01:16.950 22138 22785 I art     : Starting a blocking GC Explicit
08-05 22:01:16.999 22138 22785 I art     : Explicit concurrent mark sweep GC freed 3(96B) AllocSpace objects, 0(0B) LOS objects, 10% free, 136MB/152MB, paused 1.108ms total 48.859ms
08-05 22:01:17.017 22138 22785 I art     : Starting a blocking GC Explicit
08-05 22:01:17.062 22138 22785 I art     : Explicit concurrent mark sweep GC freed 3(96B) AllocSpace objects, 0(0B) LOS objects, 10% free, 136MB/152MB, paused 1.242ms total 44.165ms
08-05 22:01:17.080 22138 22785 I art     : Starting a blocking GC Explicit
08-05 22:01:17.126 22138 22785 I art     : Explicit concurrent mark sweep GC freed 3(96B) AllocSpace objects, 0(0B) LOS objects, 10% free, 136MB/152MB, paused 1.202ms total 46.301ms
08-05 22:01:17.533 22138 23095 I art     : Starting a blocking GC Explicit
08-05 22:01:17.539 24078 24078 D AndroidRuntime: >>>>>> START com.android.internal.os.RuntimeInit uid 2000 <<<<<<
08-05 22:01:17.544 24078 24078 D AndroidRuntime: CheckJNI is OFF
08-05 22:01:17.574 22138 23095 I art     : Explicit concurrent mark sweep GC freed 1635(93KB) AllocSpace objects, 2(36KB) LOS objects, 10% free, 136MB/152MB, paused 1.191ms total 41.330ms
08-05 22:01:17.585 24078 24078 D ICU     : No timezone override file found: /data/misc/zoneinfo/current/icu/icu_tzdata.dat
08-05 22:01:17.592 22138 23095 I art     : Starting a blocking GC Explicit
08-05 22:01:17.624 24078 24078 I Radio-JNI: register_android_hardware_Radio DONE
08-05 22:01:17.636 22138 23095 I art     : Explicit concurrent mark sweep GC freed 40(1632B) AllocSpace objects, 0(0B) LOS objects, 10% free, 136MB/152MB, paused 1.347ms total 43.991ms
08-05 22:01:17.653 24078 24078 D AndroidRuntime: Calling main entry com.android.commands.input.Input
08-05 22:01:17.654 22138 23095 I art     : Starting a blocking GC Explicit
08-05 22:01:17.655 24078 24078 I Input   : injectMotionEvent: MotionEvent { action=ACTION_DOWN, actionButton=0, id[0]=0, x[0]=117.0, y[0]=170.0, toolType[0]=TOOL_TYPE_UNKNOWN, buttonState=0, metaState=0, flags=0x0, edgeFlags=0x0, pointerCount=1, historySize=0, eventTime=828094067, downTime=828094067, deviceId=0, source=0x1002 }
08-05 22:01:17.674 24078 24078 I Input   : injectMotionEvent: MotionEvent { action=ACTION_UP, actionButton=0, id[0]=0, x[0]=117.0, y[0]=170.0, toolType[0]=TOOL_TYPE_UNKNOWN, buttonState=0, metaState=0, flags=0x0, edgeFlags=0x0, pointerCount=1, historySize=0, eventTime=828094067, downTime=828094067, deviceId=0, source=0x1002 }
08-05 22:01:17.697 22138 23095 I art     : Explicit concurrent mark sweep GC freed 5(160B) AllocSpace objects, 0(0B) LOS objects, 10% free, 136MB/152MB, paused 1.309ms total 43.008ms
08-05 22:01:17.714 24078 24078 D AndroidRuntime: Shutting down VM
08-05 22:01:17.717 22138 23095 I art     : Starting a blocking GC Explicit
08-05 22:01:17.754   512  2967 D audio_hw_primary: out_set_parameters: enter: usecase(1: low-latency-playback) kvpairs: routing=2
08-05 22:01:17.760 22138 23095 I art     : Explicit concurrent mark sweep GC freed 32(1056B) AllocSpace objects, 0(0B) LOS objects, 10% free, 136MB/152MB, paused 1.565ms total 42.342ms
08-05 22:01:17.767   512  2967 D audio_hw_primary: select_devices: out_snd_device(2: speaker) in_snd_device(0: none)
08-05 22:01:17.767   512  2967 D msm8974_platform: platform_send_audio_calibration: sending audio calibration for snd_device(2) acdb_id(15)
08-05 22:01:17.767   512  2967 I soundtrigger: audio_extn_sound_trigger_update_device_status: device 0x2 of type 0 for Event 1
08-05 22:01:17.776 22138 23095 I art     : Starting a blocking GC Explicit
08-05 22:01:17.776   512  2967 D audio_hw_primary: enable_snd_device: snd_device(2: speaker)
08-05 22:01:17.778   512  2967 D audio_hw_primary: enable_audio_route: apply and update mixer path: low-latency-playback speaker
08-05 22:01:17.819 22138 23095 I art     : Explicit concurrent mark sweep GC freed 57(2208B) AllocSpace objects, 0(0B) LOS objects, 10% free, 136MB/152MB, paused 1.191ms total 42.300ms
08-05 22:01:18.212 22138 23095 I art     : Starting a blocking GC Explicit
08-05 22:01:18.254 22138 23095 I art     : Explicit concurrent mark sweep GC freed 1996(113KB) AllocSpace objects, 2(36KB) LOS objects, 10% free, 136MB/152MB, paused 1.152ms total 41.785ms
08-05 22:01:18.272 22138 23095 I art     : Starting a blocking GC Explicit
08-05 22:01:18.309   512  2967 D audio_hw_primary: disable_audio_route: reset and update mixer path: low-latency-playback speaker
08-05 22:01:18.310   512  2967 D audio_hw_primary: disable_snd_device: snd_device(2: speaker)
08-05 22:01:18.314 22138 23095 I art     : Explicit concurrent mark sweep GC freed 55(2272B) AllocSpace objects, 0(0B) LOS objects, 10% free, 136MB/152MB, paused 1.050ms total 41.390ms
08-05 22:01:18.317   512  2967 I soundtrigger: audio_extn_sound_trigger_update_device_status: device 0x2 of type 0 for Event 0
08-05 22:01:18.331 22138 23095 I art     : Starting a blocking GC Explicit
08-05 22:01:18.372 22138 23095 I art     : Explicit concurrent mark sweep GC freed 44(1440B) AllocSpace objects, 0(0B) LOS objects, 10% free, 136MB/152MB, paused 1.134ms total 40.846ms
08-05 22:01:18.389 22138 23095 I art     : Starting a blocking GC Explicit
08-05 22:01:18.434 22138 23095 I art     : Explicit concurrent mark sweep GC freed 17(528B) AllocSpace objects, 0(0B) LOS objects, 10% free, 136MB/152MB, paused 1.169ms total 43.788ms
08-05 22:01:18.451 22138 23095 I art     : Starting a blocking GC Explicit
08-05 22:01:18.458 24101 24101 D AndroidRuntime: >>>>>> START com.android.internal.os.RuntimeInit uid 2000 <<<<<<
08-05 22:01:18.464 24101 24101 D AndroidRuntime: CheckJNI is OFF
08-05 22:01:18.496 22138 23095 I art     : Explicit concurrent mark sweep GC freed 3(96B) AllocSpace objects, 0(0B) LOS objects, 10% free, 136MB/152MB, paused 1.169ms total 44.515ms
08-05 22:01:18.508 24101 24101 D ICU     : No timezone override file found: /data/misc/zoneinfo/current/icu/icu_tzdata.dat
08-05 22:01:18.549 24101 24101 I Radio-JNI: register_android_hardware_Radio DONE
08-05 22:01:18.570 23905 23905 I ServiceManager: Waiting for service AtCmdFwd...
08-05 22:01:18.578 24101 24101 D AndroidRuntime: Calling main entry com.android.commands.input.Input
08-05 22:01:18.581 24101 24101 I Input   : injectMotionEvent: MotionEvent { action=ACTION_DOWN, actionButton=0, id[0]=0, x[0]=405.0, y[0]=661.0, toolType[0]=TOOL_TYPE_UNKNOWN, buttonState=0, metaState=0, flags=0x0, edgeFlags=0x0, pointerCount=1, historySize=0, eventTime=828094993, downTime=828094993, deviceId=0, source=0x1002 }
08-05 22:01:18.585 24101 24101 I Input   : injectMotionEvent: MotionEvent { action=ACTION_UP, actionButton=0, id[0]=0, x[0]=405.0, y[0]=661.0, toolType[0]=TOOL_TYPE_UNKNOWN, buttonState=0, metaState=0, flags=0x0, edgeFlags=0x0, pointerCount=1, historySize=0, eventTime=828094993, downTime=828094993, deviceId=0, source=0x1002 }
08-05 22:01:18.587 24101 24101 D AndroidRuntime: Shutting down VM
08-05 22:01:18.608   512  2967 D audio_hw_primary: out_set_parameters: enter: usecase(1: low-latency-playback) kvpairs: routing=2
08-05 22:01:18.621   512  2967 D audio_hw_primary: select_devices: out_snd_device(2: speaker) in_snd_device(0: none)
08-05 22:01:18.621   512  2967 D msm8974_platform: platform_send_audio_calibration: sending audio calibration for snd_device(2) acdb_id(15)
08-05 22:01:18.621   512  2967 I soundtrigger: audio_extn_sound_trigger_update_device_status: device 0x2 of type 0 for Event 1
08-05 22:01:18.632   512  2967 D audio_hw_primary: enable_snd_device: snd_device(2: speaker)
08-05 22:01:18.634   512  2967 D audio_hw_primary: enable_audio_route: apply and update mixer path: low-latency-playback speaker
08-05 22:01:18.677   512  2967 D AudioFlinger: mixer(0xf4740000) throttle end: throttle time(12)
08-05 22:01:18.864 22138 22149 I art     : Starting a blocking GC Explicit
08-05 22:01:18.883   918  3188 I hubconnection: sensorhub said: 'set_bias 3: -6.2400, 0.0000, 0.0000'
08-05 22:01:18.911 22138 22149 I art     : Explicit concurrent mark sweep GC freed 746(46KB) AllocSpace objects, 0(0B) LOS objects, 8% free, 167MB/183MB, paused 1.391ms total 46.816ms
08-05 22:01:18.929 22138 22149 I art     : Starting a blocking GC Explicit
08-05 22:01:18.975 22138 22149 I art     : Explicit concurrent mark sweep GC freed 3(96B) AllocSpace objects, 0(0B) LOS objects, 8% free, 167MB/183MB, paused 1.408ms total 45.842ms
08-05 22:01:18.993 22138 22149 I art     : Starting a blocking GC Explicit
08-05 22:01:19.040 22138 22149 I art     : Explicit concurrent mark sweep GC freed 38(17KB) AllocSpace objects, 0(0B) LOS objects, 8% free, 169MB/185MB, paused 1.417ms total 46.942ms
08-05 22:01:19.058 22138 22149 I art     : Starting a blocking GC Explicit
08-05 22:01:19.105 22138 22149 I art     : Explicit concurrent mark sweep GC freed 31(9KB) AllocSpace objects, 0(0B) LOS objects, 8% free, 177MB/193MB, paused 1.609ms total 46.932ms
08-05 22:01:19.123 22138 22149 I art     : Starting a blocking GC Explicit
08-05 22:01:19.158   512  2967 D audio_hw_primary: disable_audio_route: reset and update mixer path: low-latency-playback speaker
08-05 22:01:19.160   512  2967 D audio_hw_primary: disable_snd_device: snd_device(2: speaker)
08-05 22:01:19.163 22138 22138 I Choreographer: Skipped 32 frames!  The application may be doing too much work on its main thread.
08-05 22:01:19.168   512  2967 I soundtrigger: audio_extn_sound_trigger_update_device_status: device 0x2 of type 0 for Event 0
08-05 22:01:19.172 22138 22149 I art     : Explicit concurrent mark sweep GC freed 80(11KB) AllocSpace objects, 0(0B) LOS objects, 8% free, 182MB/198MB, paused 2.535ms total 48.742ms
08-05 22:01:19.558 22138 22205 I art     : Starting a blocking GC Explicit
08-05 22:01:19.570 23905 23905 I ServiceManager: Waiting for service AtCmdFwd...
08-05 22:01:19.619 22138 22205 I art     : Explicit concurrent mark sweep GC freed 1785(108KB) AllocSpace objects, 2(36KB) LOS objects, 8% free, 182MB/198MB, paused 1.443ms total 61.066ms
08-05 22:01:19.641 22138 22205 I art     : Starting a blocking GC Explicit
08-05 22:01:19.688 22138 22205 I art     : Explicit concurrent mark sweep GC freed 46(1664B) AllocSpace objects, 0(0B) LOS objects, 8% free, 182MB/198MB, paused 1.193ms total 47.628ms
08-05 22:01:19.707 22138 22205 I art     : Starting a blocking GC Explicit
08-05 22:01:19.756 22138 22205 I art     : Explicit concurrent mark sweep GC freed 3(96B) AllocSpace objects, 0(0B) LOS objects, 8% free, 182MB/198MB, paused 1.162ms total 48.850ms
08-05 22:01:19.774 22138 22205 I art     : Starting a blocking GC Explicit
08-05 22:01:19.825 22138 22205 I art     : Explicit concurrent mark sweep GC freed 3(96B) AllocSpace objects, 0(0B) LOS objects, 8% free, 182MB/198MB, paused 1.241ms total 50.859ms
08-05 22:01:19.846 22138 22205 I art     : Starting a blocking GC Explicit
08-05 22:01:19.895 22138 22205 I art     : Explicit concurrent mark sweep GC freed 3(96B) AllocSpace objects, 0(0B) LOS objects, 8% free, 182MB/198MB, paused 1.145ms total 48.496ms
08-05 22:01:20.305 22138 22149 I art     : Starting a blocking GC Explicit
08-05 22:01:20.369 22138 22149 I art     : Explicit concurrent mark sweep GC freed 1625(93KB) AllocSpace objects, 2(36KB) LOS objects, 8% free, 182MB/198MB, paused 1.386ms total 63.253ms
08-05 22:01:20.391 22138 22149 I art     : Starting a blocking GC Explicit
08-05 22:01:20.445 22138 22149 I art     : Explicit concurrent mark sweep GC freed 44(1920B) AllocSpace objects, 0(0B) LOS objects, 8% free, 182MB/198MB, paused 1.193ms total 54.547ms
08-05 22:01:20.446 22138 22148 I art     : WaitForGcToComplete blocked for 20.588ms for cause HeapTrim
08-05 22:01:20.467 22138 22149 I art     : Starting a blocking GC Explicit
08-05 22:01:20.522 22138 22149 I art     : Explicit concurrent mark sweep GC freed 3(96B) AllocSpace objects, 0(0B) LOS objects, 8% free, 182MB/198MB, paused 1.220ms total 55.393ms
08-05 22:01:20.541 22138 22149 I art     : Starting a blocking GC Explicit
08-05 22:01:20.571 23905 23905 I ServiceManager: Waiting for service AtCmdFwd...
08-05 22:01:20.592 22138 22149 I art     : Explicit concurrent mark sweep GC freed 3(96B) AllocSpace objects, 0(0B) LOS objects, 8% free, 182MB/198MB, paused 1.123ms total 51.120ms
08-05 22:01:20.611 22138 22149 I art     : Starting a blocking GC Explicit
08-05 22:01:20.665 22138 22149 I art     : Explicit concurrent mark sweep GC freed 3(96B) AllocSpace objects, 0(0B) LOS objects, 8% free, 182MB/198MB, paused 1.200ms total 53.818ms
08-05 22:01:20.885 13866 13882 I PeriodicStatsRunner: PeriodicStatsRunner.call():175 call()
08-05 22:01:20.885 13866 13882 I PeriodicStatsRunner: PeriodicStatsRunner.call():179 No submit PeriodicStats since input started.
08-05 22:01:21.075 22138 22150 I art     : Starting a blocking GC Explicit
08-05 22:01:21.128 22138 22150 I art     : Explicit concurrent mark sweep GC freed 1594(92KB) AllocSpace objects, 2(36KB) LOS objects, 8% free, 182MB/198MB, paused 1.280ms total 53.023ms
08-05 22:01:21.147 22138 22150 I art     : Starting a blocking GC Explicit
08-05 22:01:21.198 22138 22150 I art     : Explicit concurrent mark sweep GC freed 38(1568B) AllocSpace objects, 0(0B) LOS objects, 8% free, 182MB/198MB, paused 1.270ms total 51.452ms
08-05 22:01:21.217 22138 22150 I art     : Starting a blocking GC Explicit
08-05 22:01:21.270 22138 22150 I art     : Explicit concurrent mark sweep GC freed 3(96B) AllocSpace objects, 0(0B) LOS objects, 8% free, 182MB/198MB, paused 1.268ms total 53.086ms
08-05 22:01:21.292 22138 22150 I art     : Starting a blocking GC Explicit
08-05 22:01:21.341 22138 22150 I art     : Explicit concurrent mark sweep GC freed 34(928B) AllocSpace objects, 0(0B) LOS objects, 8% free, 182MB/198MB, paused 1.212ms total 48.597ms
08-05 22:01:21.360 22138 22150 I art     : Starting a blocking GC Explicit
08-05 22:01:21.401 24155 24155 D AndroidRuntime: >>>>>> START com.android.internal.os.RuntimeInit uid 2000 <<<<<<
08-05 22:01:21.407 24155 24155 D AndroidRuntime: CheckJNI is OFF
08-05 22:01:21.409 22138 22150 I art     : Explicit concurrent mark sweep GC freed 3(96B) AllocSpace objects, 0(0B) LOS objects, 8% free, 182MB/198MB, paused 1.286ms total 49.717ms
08-05 22:01:21.452 24155 24155 D ICU     : No timezone override file found: /data/misc/zoneinfo/current/icu/icu_tzdata.dat
08-05 22:01:21.498 24155 24155 I Radio-JNI: register_android_hardware_Radio DONE
08-05 22:01:21.528 24155 24155 D AndroidRuntime: Calling main entry com.android.commands.input.Input
08-05 22:01:21.532 24155 24155 I Input   : injectMotionEvent: MotionEvent { action=ACTION_DOWN, actionButton=0, id[0]=0, x[0]=1341.0, y[0]=197.0, toolType[0]=TOOL_TYPE_UNKNOWN, buttonState=0, metaState=0, flags=0x0, edgeFlags=0x0, pointerCount=1, historySize=0, eventTime=828097944, downTime=828097944, deviceId=0, source=0x1002 }
08-05 22:01:21.540 24155 24155 I Input   : injectMotionEvent: MotionEvent { action=ACTION_UP, actionButton=0, id[0]=0, x[0]=1341.0, y[0]=197.0, toolType[0]=TOOL_TYPE_UNKNOWN, buttonState=0, metaState=0, flags=0x0, edgeFlags=0x0, pointerCount=1, historySize=0, eventTime=828097944, downTime=828097944, deviceId=0, source=0x1002 }
08-05 22:01:21.542 24155 24155 D AndroidRuntime: Shutting down VM
08-05 22:01:21.558   918  5132 I ActivityManager: START u0 {cmp=baseline.io.github.project_travel_mate/.notifications.NotificationsActivity} from uid 10674 on display 0
08-05 22:01:21.559   512  2967 D audio_hw_primary: out_set_parameters: enter: usecase(1: low-latency-playback) kvpairs: routing=2
08-05 22:01:21.573 23905 23905 I ServiceManager: Waiting for service AtCmdFwd...
08-05 22:01:21.577   512  2967 D audio_hw_primary: select_devices: out_snd_device(2: speaker) in_snd_device(0: none)
08-05 22:01:21.577   512  2967 D msm8974_platform: platform_send_audio_calibration: sending audio calibration for snd_device(2) acdb_id(15)
08-05 22:01:21.577   512  2967 I soundtrigger: audio_extn_sound_trigger_update_device_status: device 0x2 of type 0 for Event 1
08-05 22:01:21.589   512  2967 D audio_hw_primary: enable_snd_device: snd_device(2: speaker)
08-05 22:01:21.592   512  2967 D audio_hw_primary: enable_audio_route: apply and update mixer path: low-latency-playback speaker
08-05 22:01:21.592   918   937 W ProcessCpuTracker: Skipping unknown process pid 24176
08-05 22:01:21.601 22138 22203 D Gabe    : call	returning from cache
08-05 22:01:21.606 22138 22138 V EXECUTING: https://project-travel-mate.herokuapp.com/api/get-notifications
08-05 22:01:21.610 22138 22138 V EXECUTING: https://project-travel-mate.herokuapp.com/api/get-notifications
08-05 22:01:21.776 13866 13866 I GoogleInputMethodServic: GoogleInputMethodService.onFinishInput():3138 
08-05 22:01:21.776   918   936 I ActivityManager: Displayed baseline.io.github.project_travel_mate/.notifications.NotificationsActivity: +200ms
08-05 22:01:21.778 13866 13866 I GoogleInputMethodServic: GoogleInputMethodService.onStartInput():1808 
08-05 22:01:21.812 22138 23095 I art     : Starting a blocking GC Explicit
08-05 22:01:21.863 22138 23095 I art     : Explicit concurrent mark sweep GC freed 3808(226KB) AllocSpace objects, 2(36KB) LOS objects, 7% free, 187MB/203MB, paused 1.536ms total 49.904ms
08-05 22:01:21.870 22138 22153 D OpenGLRenderer: endAllStagingAnimators on 0x7f7e1ec000 (RippleDrawable) with handle 0x7f7c20e780
08-05 22:01:21.881 22138 23095 I art     : Starting a blocking GC Explicit
08-05 22:01:21.926 22138 23095 I art     : Explicit concurrent mark sweep GC freed 458(17KB) AllocSpace objects, 0(0B) LOS objects, 7% free, 187MB/203MB, paused 1.162ms total 45.606ms
08-05 22:01:21.944 22138 23095 I art     : Starting a blocking GC Explicit
08-05 22:01:21.990 22138 23095 I art     : Explicit concurrent mark sweep GC freed 141(3KB) AllocSpace objects, 0(0B) LOS objects, 7% free, 187MB/203MB, paused 1.215ms total 46.074ms
08-05 22:01:22.001   380   380 W SurfaceFlinger: couldn't log to binary event log: overflow.
08-05 22:01:22.008 22138 23095 I art     : Starting a blocking GC Explicit
08-05 22:01:22.052 22138 23095 I art     : Explicit concurrent mark sweep GC freed 75(1296B) AllocSpace objects, 0(0B) LOS objects, 7% free, 187MB/203MB, paused 1.242ms total 44.057ms
08-05 22:01:22.070 22138 23095 I art     : Starting a blocking GC Explicit
08-05 22:01:22.113 22138 23095 I art     : Explicit concurrent mark sweep GC freed 99(1696B) AllocSpace objects, 0(0B) LOS objects, 7% free, 187MB/203MB, paused 1.244ms total 43.671ms
08-05 22:01:22.128   512  2967 D audio_hw_primary: disable_audio_route: reset and update mixer path: low-latency-playback speaker
08-05 22:01:22.129   512  2967 D audio_hw_primary: disable_snd_device: snd_device(2: speaker)
08-05 22:01:22.138   512  2967 I soundtrigger: audio_extn_sound_trigger_update_device_status: device 0x2 of type 0 for Event 0
08-05 22:01:22.486 22138 23095 I art     : Starting a blocking GC Explicit
08-05 22:01:22.498 22138 24185 I NAPPA_EXPERIMENTATION: MetricNetworkRequestExecutionTime: REQUEST_DURATION_SYSTEM='887',REQUEST_DURATION_OKHTTP='39',REQUEST_SYNCHRONOUS='FALSE',RESPONSE_CODE='200',RESPONSE_METHOD='GET',RESPONSE_LENGTH_OKHTTP='2',RESPONSE_LENGTH_HEADER='2',REQUEST_PROTOCOL='http/1.1',REQUEST_URL='https://project-travel-mate.herokuapp.com/api/get-notifications',
08-05 22:01:22.534 22138 24184 I NAPPA_EXPERIMENTATION: MetricNetworkRequestExecutionTime: REQUEST_DURATION_SYSTEM='926',REQUEST_DURATION_OKHTTP='71',REQUEST_SYNCHRONOUS='FALSE',RESPONSE_CODE='200',RESPONSE_METHOD='GET',RESPONSE_LENGTH_OKHTTP='2',RESPONSE_LENGTH_HEADER='2',REQUEST_PROTOCOL='http/1.1',REQUEST_URL='https://project-travel-mate.herokuapp.com/api/get-notifications',
08-05 22:01:22.534 22138 23095 I art     : Explicit concurrent mark sweep GC freed 7489(378KB) AllocSpace objects, 8(436KB) LOS objects, 7% free, 188MB/204MB, paused 1.569ms total 48.204ms
08-05 22:01:22.552 22138 23095 I art     : Starting a blocking GC Explicit
08-05 22:01:22.574 23905 23905 I ServiceManager: Waiting for service AtCmdFwd...
08-05 22:01:22.597 22138 23095 I art     : Explicit concurrent mark sweep GC freed 2164(247KB) AllocSpace objects, 0(0B) LOS objects, 7% free, 187MB/203MB, paused 1.354ms total 44.979ms
08-05 22:01:22.615 22138 23095 I art     : Starting a blocking GC Explicit
08-05 22:01:22.641 22138 22138 V Response: [] 
08-05 22:01:22.661 22138 23095 I art     : Explicit concurrent mark sweep GC freed 74(35KB) AllocSpace objects, 0(0B) LOS objects, 7% free, 188MB/204MB, paused 1.903ms total 46.087ms
08-05 22:01:22.676 22138 22138 V Response: [] 
08-05 22:01:22.678 22138 22203 W LOTTIE  : Animation contains merge paths. Merge paths are only supported on KitKat+ and must be manually enabled by calling enableMergePathsForKitKatAndAbove().
08-05 22:01:22.680 22138 23095 I art     : Starting a blocking GC Explicit
08-05 22:01:22.687 22138 22203 W LOTTIE  : Animation contains merge paths. Merge paths are only supported on KitKat+ and must be manually enabled by calling enableMergePathsForKitKatAndAbove().
08-05 22:01:22.690 22138 22203 W LOTTIE  : Animation contains merge paths. Merge paths are only supported on KitKat+ and must be manually enabled by calling enableMergePathsForKitKatAndAbove().
08-05 22:01:22.693 22138 22203 W LOTTIE  : Animation contains merge paths. Merge paths are only supported on KitKat+ and must be manually enabled by calling enableMergePathsForKitKatAndAbove().
08-05 22:01:22.696 22138 22203 W LOTTIE  : Animation contains merge paths. Merge paths are only supported on KitKat+ and must be manually enabled by calling enableMergePathsForKitKatAndAbove().
08-05 22:01:22.698 22138 22203 W LOTTIE  : Animation contains merge paths. Merge paths are only supported on KitKat+ and must be manually enabled by calling enableMergePathsForKitKatAndAbove().
08-05 22:01:22.701 22138 22203 W LOTTIE  : Animation contains merge paths. Merge paths are only supported on KitKat+ and must be manually enabled by calling enableMergePathsForKitKatAndAbove().
08-05 22:01:22.709 22138 22138 W LOTTIE  : Animation contains merge paths but they are disabled.
08-05 22:01:22.740 22138 23095 I art     : Explicit concurrent mark sweep GC freed 8904(343KB) AllocSpace objects, 2(364KB) LOS objects, 7% free, 187MB/203MB, paused 1.713ms total 59.496ms
08-05 22:01:22.758 22138 23095 I art     : Starting a blocking GC Explicit
08-05 22:01:22.806 22138 23095 I art     : Explicit concurrent mark sweep GC freed 2249(103KB) AllocSpace objects, 0(0B) LOS objects, 7% free, 187MB/203MB, paused 1.287ms total 47.785ms
08-05 22:01:23.188 22138 22149 I art     : Starting a blocking GC Explicit
08-05 22:01:23.235 22138 22149 I art     : Explicit concurrent mark sweep GC freed 3559(127KB) AllocSpace objects, 2(36KB) LOS objects, 7% free, 187MB/203MB, paused 1.140ms total 46.482ms
08-05 22:01:23.253 22138 22149 I art     : Starting a blocking GC Explicit
08-05 22:01:23.297 22138 22149 I art     : Explicit concurrent mark sweep GC freed 489(16KB) AllocSpace objects, 0(0B) LOS objects, 7% free, 187MB/203MB, paused 1.106ms total 43.691ms
08-05 22:01:23.314 22138 22149 I art     : Starting a blocking GC Explicit
08-05 22:01:23.357 22138 22149 I art     : Explicit concurrent mark sweep GC freed 310(5KB) AllocSpace objects, 0(0B) LOS objects, 7% free, 187MB/203MB, paused 1.253ms total 42.413ms
08-05 22:01:23.374 22138 22149 I art     : Starting a blocking GC Explicit
08-05 22:01:23.418 22138 22149 I art     : Explicit concurrent mark sweep GC freed 260(4KB) AllocSpace objects, 0(0B) LOS objects, 7% free, 187MB/203MB, paused 1.188ms total 43.749ms
08-05 22:01:23.436 22138 22149 I art     : Starting a blocking GC Explicit
08-05 22:01:23.480 22138 22149 I art     : Explicit concurrent mark sweep GC freed 289(4KB) AllocSpace objects, 0(0B) LOS objects, 7% free, 187MB/203MB, paused 1.089ms total 44.555ms
08-05 22:01:23.574 23905 23905 W Atfwd_Sendcmd: AtCmdFwd service not published, waiting... retryCnt : 2
08-05 22:01:23.873 22138 22785 I art     : Starting a blocking GC Explicit
08-05 22:01:23.921 22138 22785 I art     : Explicit concurrent mark sweep GC freed 3414(121KB) AllocSpace objects, 2(36KB) LOS objects, 7% free, 187MB/203MB, paused 1.151ms total 47.697ms
08-05 22:01:23.939 22138 22785 I art     : Starting a blocking GC Explicit
08-05 22:01:23.984 22138 22785 I art     : Explicit concurrent mark sweep GC freed 318(5KB) AllocSpace objects, 0(0B) LOS objects, 7% free, 187MB/203MB, paused 1.089ms total 45.126ms
08-05 22:01:24.002 22138 22785 I art     : Starting a blocking GC Explicit
08-05 22:01:24.017   518   646 I ThermalEngine: ACTION: GPU - Setting GPU[0] to 390000000
08-05 22:01:24.070 22138 22785 I art     : Explicit concurrent mark sweep GC freed 353(5KB) AllocSpace objects, 0(0B) LOS objects, 7% free, 187MB/203MB, paused 2.184ms total 67.094ms
08-05 22:01:24.092 22138 22785 I art     : Starting a blocking GC Explicit
08-05 22:01:24.147 22138 22785 I art     : Explicit concurrent mark sweep GC freed 353(5KB) AllocSpace objects, 0(0B) LOS objects, 7% free, 187MB/203MB, paused 1.753ms total 54.861ms
08-05 22:01:24.169 22138 22785 I art     : Starting a blocking GC Explicit
08-05 22:01:24.223 22138 22785 I art     : Explicit concurrent mark sweep GC freed 283(4KB) AllocSpace objects, 0(0B) LOS objects, 7% free, 187MB/203MB, paused 2.007ms total 54.137ms
08-05 22:01:24.646 22138 22205 I art     : Starting a blocking GC Explicit
08-05 22:01:24.703 22138 22205 I art     : Explicit concurrent mark sweep GC freed 3643(124KB) AllocSpace objects, 2(36KB) LOS objects, 7% free, 187MB/203MB, paused 1.683ms total 55.589ms
08-05 22:01:24.725 22138 22205 I art     : Starting a blocking GC Explicit
08-05 22:01:24.780 22138 22205 I art     : Explicit concurrent mark sweep GC freed 378(6KB) AllocSpace objects, 0(0B) LOS objects, 7% free, 187MB/203MB, paused 1.813ms total 55.354ms
08-05 22:01:24.804 22138 22205 I art     : Starting a blocking GC Explicit
08-05 22:01:24.860 22138 22205 I art     : Explicit concurrent mark sweep GC freed 305(4KB) AllocSpace objects, 0(0B) LOS objects, 7% free, 187MB/203MB, paused 1.717ms total 55.462ms
08-05 22:01:24.882 22138 22205 I art     : Starting a blocking GC Explicit
08-05 22:01:24.935 22138 22205 I art     : Explicit concurrent mark sweep GC freed 331(5KB) AllocSpace objects, 0(0B) LOS objects, 7% free, 187MB/203MB, paused 1.629ms total 53.113ms
08-05 22:01:24.957 22138 22205 I art     : Starting a blocking GC Explicit
08-05 22:01:25.013 22138 22205 I art     : Explicit concurrent mark sweep GC freed 351(5KB) AllocSpace objects, 0(0B) LOS objects, 7% free, 187MB/203MB, paused 1.716ms total 55.678ms
08-05 22:01:25.430 22138 23095 I art     : Starting a blocking GC Explicit
08-05 22:01:25.486 22138 23095 I art     : Explicit concurrent mark sweep GC freed 3575(123KB) AllocSpace objects, 2(36KB) LOS objects, 7% free, 187MB/203MB, paused 1.684ms total 54.952ms
08-05 22:01:25.508 22138 23095 I art     : Starting a blocking GC Explicit
08-05 22:01:25.562 22138 23095 I art     : Explicit concurrent mark sweep GC freed 378(6KB) AllocSpace objects, 0(0B) LOS objects, 7% free, 187MB/203MB, paused 1.685ms total 53.507ms
08-05 22:01:25.562 22138 22148 I art     : WaitForGcToComplete blocked for 39.603ms for cause HeapTrim
08-05 22:01:25.584 22138 23095 I art     : Starting a blocking GC Explicit
08-05 22:01:25.636 22138 23095 I art     : Explicit concurrent mark sweep GC freed 283(4KB) AllocSpace objects, 0(0B) LOS objects, 7% free, 187MB/203MB, paused 1.614ms total 51.885ms
08-05 22:01:25.657 22138 23095 I art     : Starting a blocking GC Explicit
08-05 22:01:25.711 22138 23095 I art     : Explicit concurrent mark sweep GC freed 299(4KB) AllocSpace objects, 0(0B) LOS objects, 7% free, 187MB/203MB, paused 1.801ms total 53.020ms
08-05 22:01:25.732 22138 23095 I art     : Starting a blocking GC Explicit
08-05 22:01:25.786 22138 23095 I art     : Explicit concurrent mark sweep GC freed 337(5KB) AllocSpace objects, 0(0B) LOS objects, 7% free, 187MB/203MB, paused 1.724ms total 53.069ms
08-05 22:01:26.215 22138 22785 I art     : Starting a blocking GC Explicit
08-05 22:01:26.272 22138 22785 I art     : Explicit concurrent mark sweep GC freed 3687(126KB) AllocSpace objects, 2(36KB) LOS objects, 7% free, 187MB/203MB, paused 1.667ms total 56.085ms
08-05 22:01:26.295 22138 22785 I art     : Starting a blocking GC Explicit
08-05 22:01:26.350 22138 22785 I art     : Explicit concurrent mark sweep GC freed 579(18KB) AllocSpace objects, 0(0B) LOS objects, 7% free, 187MB/203MB, paused 1.786ms total 54.383ms
08-05 22:01:26.371 22138 22785 I art     : Starting a blocking GC Explicit
08-05 22:01:26.423 24243 24243 D AndroidRuntime: >>>>>> START com.android.internal.os.RuntimeInit uid 2000 <<<<<<
08-05 22:01:26.425 22138 22785 I art     : Explicit concurrent mark sweep GC freed 293(5KB) AllocSpace objects, 0(0B) LOS objects, 7% free, 187MB/203MB, paused 1.636ms total 53.049ms
08-05 22:01:26.429 24243 24243 D AndroidRuntime: CheckJNI is OFF
08-05 22:01:26.447 22138 22785 I art     : Starting a blocking GC Explicit
08-05 22:01:26.481 24243 24243 D ICU     : No timezone override file found: /data/misc/zoneinfo/current/icu/icu_tzdata.dat
08-05 22:01:26.500 22138 22785 I art     : Explicit concurrent mark sweep GC freed 354(5KB) AllocSpace objects, 0(0B) LOS objects, 7% free, 187MB/203MB, paused 1.769ms total 53.008ms
08-05 22:01:26.522 22138 22785 I art     : Starting a blocking GC Explicit
08-05 22:01:26.528 24243 24243 I Radio-JNI: register_android_hardware_Radio DONE
08-05 22:01:26.562 24243 24243 D AndroidRuntime: Calling main entry com.android.commands.input.Input
08-05 22:01:26.564 24243 24243 I Input   : injectKeyEvent: KeyEvent { action=ACTION_DOWN, keyCode=KEYCODE_BACK, scanCode=0, metaState=0, flags=0x0, repeatCount=0, eventTime=828102977, downTime=828102977, deviceId=-1, source=0x101 }
08-05 22:01:26.574 24243 24243 I Input   : injectKeyEvent: KeyEvent { action=ACTION_UP, keyCode=KEYCODE_BACK, scanCode=0, metaState=0, flags=0x0, repeatCount=0, eventTime=828102977, downTime=828102977, deviceId=-1, source=0x101 }
08-05 22:01:26.576 22138 22785 I art     : Explicit concurrent mark sweep GC freed 292(4KB) AllocSpace objects, 0(0B) LOS objects, 7% free, 187MB/203MB, paused 1.864ms total 53.027ms
08-05 22:01:26.598 24243 24243 D AndroidRuntime: Shutting down VM
08-05 22:01:26.611   918   937 W ProcessCpuTracker: Skipping unknown process pid 24251
08-05 22:01:26.611   918   937 W ProcessCpuTracker: Skipping unknown process pid 24253
08-05 22:01:26.612   918   937 W ProcessCpuTracker: Skipping unknown process pid 24254
08-05 22:01:26.625 22138 22138 V MainActivity: url = https://project-travel-mate.herokuapp.com/api/number-of-unread-notifications
08-05 22:01:26.669 13866 13866 I GoogleInputMethodServic: GoogleInputMethodService.onFinishInput():3138 
08-05 22:01:26.670 13866 13866 I GoogleInputMethodServic: GoogleInputMethodService.onStartInput():1808 
08-05 22:01:26.778 13866 13882 I PeriodicStatsRunner: PeriodicStatsRunner.call():175 call()
08-05 22:01:26.778 13866 13882 I PeriodicStatsRunner: PeriodicStatsRunner.call():179 No submit PeriodicStats since input started.
08-05 22:01:26.956   380   380 W SurfaceFlinger: couldn't log to binary event log: overflow.
08-05 22:01:27.011 22138 22785 I art     : Starting a blocking GC Explicit
08-05 22:01:27.077 22138 22785 I art     : Explicit concurrent mark sweep GC freed 2605(124KB) AllocSpace objects, 3(4MB) LOS objects, 8% free, 183MB/199MB, paused 2.119ms total 65.624ms
08-05 22:01:27.102 22138 22785 I art     : Starting a blocking GC Explicit
08-05 22:01:27.158 22138 22785 I art     : Explicit concurrent mark sweep GC freed 3818(181KB) AllocSpace objects, 2(56KB) LOS objects, 8% free, 183MB/199MB, paused 1.955ms total 55.763ms
08-05 22:01:27.182 22138 22785 I art     : Starting a blocking GC Explicit
08-05 22:01:27.245 22138 22785 I art     : Explicit concurrent mark sweep GC freed 3(96B) AllocSpace objects, 0(0B) LOS objects, 8% free, 183MB/199MB, paused 1.920ms total 62.584ms
08-05 22:01:27.270 22138 22785 I art     : Starting a blocking GC Explicit
08-05 22:01:27.334 22138 22785 I art     : Explicit concurrent mark sweep GC freed 33(896B) AllocSpace objects, 0(0B) LOS objects, 8% free, 183MB/199MB, paused 2.043ms total 63.734ms
08-05 22:01:27.359 22138 22785 I art     : Starting a blocking GC Explicit
08-05 22:01:27.431 22138 22785 I art     : Explicit concurrent mark sweep GC freed 4(128B) AllocSpace objects, 0(0B) LOS objects, 8% free, 183MB/199MB, paused 2.470ms total 71.716ms
08-05 22:01:27.629 22138 24266 I NAPPA_EXPERIMENTATION: MetricNetworkRequestExecutionTime: REQUEST_DURATION_SYSTEM='1003',REQUEST_DURATION_OKHTTP='47',REQUEST_SYNCHRONOUS='FALSE',RESPONSE_CODE='200',RESPONSE_METHOD='GET',RESPONSE_LENGTH_OKHTTP='36',RESPONSE_LENGTH_HEADER='36',REQUEST_PROTOCOL='http/1.1',REQUEST_URL='https://project-travel-mate.herokuapp.com/api/number-of-unread-notifications',
08-05 22:01:27.882 22138 22149 I art     : Starting a blocking GC Explicit
08-05 22:01:27.945 22138 22149 I art     : Explicit concurrent mark sweep GC freed 4383(239KB) AllocSpace objects, 5(236KB) LOS objects, 8% free, 183MB/199MB, paused 1.840ms total 63.335ms
08-05 22:01:27.970 22138 22149 I art     : Starting a blocking GC Explicit
08-05 22:01:28.032 22138 22149 I art     : Explicit concurrent mark sweep GC freed 962(117KB) AllocSpace objects, 0(0B) LOS objects, 8% free, 183MB/199MB, paused 1.919ms total 61.545ms
08-05 22:01:28.056 22138 22149 I art     : Starting a blocking GC Explicit
08-05 22:01:28.117 22138 22149 I art     : Explicit concurrent mark sweep GC freed 3(96B) AllocSpace objects, 0(0B) LOS objects, 8% free, 183MB/199MB, paused 1.878ms total 60.413ms
08-05 22:01:28.141 22138 22149 I art     : Starting a blocking GC Explicit
08-05 22:01:28.202 22138 22149 I art     : Explicit concurrent mark sweep GC freed 3(96B) AllocSpace objects, 0(0B) LOS objects, 8% free, 183MB/199MB, paused 1.925ms total 60.597ms
08-05 22:01:28.226 22138 22149 I art     : Starting a blocking GC Explicit
08-05 22:01:28.289 22138 22149 I art     : Explicit concurrent mark sweep GC freed 3(96B) AllocSpace objects, 0(0B) LOS objects, 8% free, 183MB/199MB, paused 2.068ms total 62.127ms
08-05 22:01:28.493 24288 24288 D AndroidRuntime: >>>>>> START com.android.internal.os.RuntimeInit uid 2000 <<<<<<
08-05 22:01:28.499 24288 24288 D AndroidRuntime: CheckJNI is OFF
08-05 22:01:28.557 24288 24288 D ICU     : No timezone override file found: /data/misc/zoneinfo/current/icu/icu_tzdata.dat
08-05 22:01:28.603 24288 24288 I Radio-JNI: register_android_hardware_Radio DONE
08-05 22:01:28.634 24288 24288 D AndroidRuntime: Calling main entry com.android.commands.input.Input
08-05 22:01:28.637 24288 24288 I Input   : injectMotionEvent: MotionEvent { action=ACTION_DOWN, actionButton=0, id[0]=0, x[0]=117.0, y[0]=170.0, toolType[0]=TOOL_TYPE_UNKNOWN, buttonState=0, metaState=0, flags=0x0, edgeFlags=0x0, pointerCount=1, historySize=0, eventTime=828105049, downTime=828105049, deviceId=0, source=0x1002 }
08-05 22:01:28.643 24288 24288 I Input   : injectMotionEvent: MotionEvent { action=ACTION_UP, actionButton=0, id[0]=0, x[0]=117.0, y[0]=170.0, toolType[0]=TOOL_TYPE_UNKNOWN, buttonState=0, metaState=0, flags=0x0, edgeFlags=0x0, pointerCount=1, historySize=0, eventTime=828105049, downTime=828105049, deviceId=0, source=0x1002 }
08-05 22:01:28.646 24288 24288 D AndroidRuntime: Shutting down VM
08-05 22:01:28.663   512  2967 D audio_hw_primary: out_set_parameters: enter: usecase(1: low-latency-playback) kvpairs: routing=2
08-05 22:01:28.678   512  2967 D audio_hw_primary: select_devices: out_snd_device(2: speaker) in_snd_device(0: none)
08-05 22:01:28.678   512  2967 D msm8974_platform: platform_send_audio_calibration: sending audio calibration for snd_device(2) acdb_id(15)
08-05 22:01:28.679   512  2967 I soundtrigger: audio_extn_sound_trigger_update_device_status: device 0x2 of type 0 for Event 1
08-05 22:01:28.692   512  2967 D audio_hw_primary: enable_snd_device: snd_device(2: speaker)
08-05 22:01:28.695   512  2967 D audio_hw_primary: enable_audio_route: apply and update mixer path: low-latency-playback speaker
08-05 22:01:28.751 22138 22149 I art     : Starting a blocking GC Explicit
08-05 22:01:28.821 22138 22149 I art     : Explicit concurrent mark sweep GC freed 2022(113KB) AllocSpace objects, 2(36KB) LOS objects, 8% free, 183MB/199MB, paused 2.930ms total 68.900ms
08-05 22:01:28.851 22138 22149 I art     : Starting a blocking GC Explicit
08-05 22:01:28.912 22138 22149 I art     : Explicit concurrent mark sweep GC freed 52(2112B) AllocSpace objects, 0(0B) LOS objects, 8% free, 183MB/199MB, paused 2.100ms total 61.052ms
08-05 22:01:28.937 22138 22149 I art     : Starting a blocking GC Explicit
08-05 22:01:28.994 22138 22149 I art     : Explicit concurrent mark sweep GC freed 5(160B) AllocSpace objects, 0(0B) LOS objects, 8% free, 183MB/199MB, paused 2.017ms total 56.848ms
08-05 22:01:29.017 22138 22149 I art     : Starting a blocking GC Explicit
08-05 22:01:29.073 22138 22149 I art     : Explicit concurrent mark sweep GC freed 5(192B) AllocSpace objects, 0(0B) LOS objects, 8% free, 183MB/199MB, paused 1.994ms total 56.211ms
08-05 22:01:29.096 22138 22149 I art     : Starting a blocking GC Explicit
08-05 22:01:29.157 22138 22149 I art     : Explicit concurrent mark sweep GC freed 25(1104B) AllocSpace objects, 0(0B) LOS objects, 8% free, 183MB/199MB, paused 2.598ms total 61.145ms
08-05 22:01:29.240   512  2967 D audio_hw_primary: disable_audio_route: reset and update mixer path: low-latency-playback speaker
08-05 22:01:29.241   512  2967 D audio_hw_primary: disable_snd_device: snd_device(2: speaker)
08-05 22:01:29.251   512  2967 I soundtrigger: audio_extn_sound_trigger_update_device_status: device 0x2 of type 0 for Event 0
08-05 22:01:29.522 24311 24311 D AndroidRuntime: >>>>>> START com.android.internal.os.RuntimeInit uid 2000 <<<<<<
08-05 22:01:29.530 24311 24311 D AndroidRuntime: CheckJNI is OFF
08-05 22:01:29.588 24311 24311 D ICU     : No timezone override file found: /data/misc/zoneinfo/current/icu/icu_tzdata.dat
08-05 22:01:29.594 22138 22205 I art     : Starting a blocking GC Explicit
08-05 22:01:29.634 24311 24311 I Radio-JNI: register_android_hardware_Radio DONE
08-05 22:01:29.657 22138 22205 I art     : Explicit concurrent mark sweep GC freed 1635(93KB) AllocSpace objects, 2(36KB) LOS objects, 8% free, 183MB/199MB, paused 1.813ms total 62.247ms
08-05 22:01:29.669 24311 24311 D AndroidRuntime: Calling main entry com.android.commands.input.Input
08-05 22:01:29.672 24311 24311 I Input   : injectMotionEvent: MotionEvent { action=ACTION_DOWN, actionButton=0, id[0]=0, x[0]=418.0, y[0]=842.0, toolType[0]=TOOL_TYPE_UNKNOWN, buttonState=0, metaState=0, flags=0x0, edgeFlags=0x0, pointerCount=1, historySize=0, eventTime=828106084, downTime=828106084, deviceId=0, source=0x1002 }
08-05 22:01:29.677 24311 24311 I Input   : injectMotionEvent: MotionEvent { action=ACTION_UP, actionButton=0, id[0]=0, x[0]=418.0, y[0]=842.0, toolType[0]=TOOL_TYPE_UNKNOWN, buttonState=0, metaState=0, flags=0x0, edgeFlags=0x0, pointerCount=1, historySize=0, eventTime=828106084, downTime=828106084, deviceId=0, source=0x1002 }
08-05 22:01:29.680 24311 24311 D AndroidRuntime: Shutting down VM
08-05 22:01:29.681 22138 22205 I art     : Starting a blocking GC Explicit
08-05 22:01:29.697   512  2967 D audio_hw_primary: out_set_parameters: enter: usecase(1: low-latency-playback) kvpairs: routing=2
08-05 22:01:29.700 22138 22203 D Gabe    : call	returning from cache
08-05 22:01:29.711   512  2967 D audio_hw_primary: select_devices: out_snd_device(2: speaker) in_snd_device(0: none)
08-05 22:01:29.711   512  2967 D msm8974_platform: platform_send_audio_calibration: sending audio calibration for snd_device(2) acdb_id(15)
08-05 22:01:29.712   512  2967 I soundtrigger: audio_extn_sound_trigger_update_device_status: device 0x2 of type 0 for Event 1
08-05 22:01:29.722   512  2967 D audio_hw_primary: enable_snd_device: snd_device(2: speaker)
08-05 22:01:29.725   512  2967 D audio_hw_primary: enable_audio_route: apply and update mixer path: low-latency-playback speaker
08-05 22:01:29.734 22138 22138 V MainActivity: url = https://project-travel-mate.herokuapp.com/api/number-of-unread-notifications
08-05 22:01:29.745 22138 22205 I art     : Explicit concurrent mark sweep GC freed 978(49KB) AllocSpace objects, 0(0B) LOS objects, 8% free, 183MB/199MB, paused 2.690ms total 63.947ms
08-05 22:01:29.769 22138 22205 I art     : Starting a blocking GC Explicit
08-05 22:01:29.771   512  2967 D AudioFlinger: mixer(0xf4740000) throttle end: throttle time(12)
08-05 22:01:29.829 22138 22205 I art     : Explicit concurrent mark sweep GC freed 495(33KB) AllocSpace objects, 0(0B) LOS objects, 8% free, 183MB/199MB, paused 2.735ms total 60.110ms
08-05 22:01:29.854 22138 22205 I art     : Starting a blocking GC Explicit
08-05 22:01:29.918 22138 22205 I art     : Explicit concurrent mark sweep GC freed 286(19KB) AllocSpace objects, 0(0B) LOS objects, 8% free, 183MB/199MB, paused 2.423ms total 63.364ms
08-05 22:01:29.941 22138 22205 I art     : Starting a blocking GC Explicit
08-05 22:01:30.007 22138 22205 I art     : Explicit concurrent mark sweep GC freed 622(36KB) AllocSpace objects, 0(0B) LOS objects, 8% free, 183MB/199MB, paused 2.548ms total 65.614ms
08-05 22:01:30.269   512  2967 D audio_hw_primary: disable_audio_route: reset and update mixer path: low-latency-playback speaker
08-05 22:01:30.271   512  2967 D audio_hw_primary: disable_snd_device: snd_device(2: speaker)
08-05 22:01:30.278   512  2967 I soundtrigger: audio_extn_sound_trigger_update_device_status: device 0x2 of type 0 for Event 0
08-05 22:01:30.410 22138 22138 I Choreographer: Skipped 40 frames!  The application may be doing too much work on its main thread.
08-05 22:01:30.445 22138 22149 I art     : Starting a blocking GC Explicit
08-05 22:01:30.515 22138 22149 I art     : Explicit concurrent mark sweep GC freed 4478(238KB) AllocSpace objects, 11(292KB) LOS objects, 8% free, 183MB/199MB, paused 2.382ms total 69.108ms
08-05 22:01:30.540 22138 22149 I art     : Starting a blocking GC Explicit
08-05 22:01:30.592 22138 24334 I NAPPA_EXPERIMENTATION: MetricNetworkRequestExecutionTime: REQUEST_DURATION_SYSTEM='856',REQUEST_DURATION_OKHTTP='41',REQUEST_SYNCHRONOUS='FALSE',RESPONSE_CODE='200',RESPONSE_METHOD='GET',RESPONSE_LENGTH_OKHTTP='36',RESPONSE_LENGTH_HEADER='36',REQUEST_PROTOCOL='http/1.1',REQUEST_URL='https://project-travel-mate.herokuapp.com/api/number-of-unread-notifications',
08-05 22:01:30.611 22138 22149 I art     : Explicit concurrent mark sweep GC freed 3751(208KB) AllocSpace objects, 3(200KB) LOS objects, 7% free, 184MB/200MB, paused 2.694ms total 70.723ms
08-05 22:01:30.635 22138 22149 I art     : Starting a blocking GC Explicit
08-05 22:01:30.703 22138 22149 I art     : Explicit concurrent mark sweep GC freed 2376(169KB) AllocSpace objects, 0(0B) LOS objects, 8% free, 183MB/199MB, paused 1.742ms total 67.322ms
08-05 22:01:30.703 22138 22148 I art     : WaitForGcToComplete blocked for 66.885ms for cause HeapTrim
08-05 22:01:30.729 22138 22149 I art     : Starting a blocking GC Explicit
08-05 22:01:30.795 22138 22149 I art     : Explicit concurrent mark sweep GC freed 164(4KB) AllocSpace objects, 0(0B) LOS objects, 8% free, 183MB/199MB, paused 2.004ms total 65.961ms
08-05 22:01:30.821 22138 22149 I art     : Starting a blocking GC Explicit
08-05 22:01:30.891 22138 22149 I art     : Explicit concurrent mark sweep GC freed 161(3KB) AllocSpace objects, 0(0B) LOS objects, 8% free, 183MB/199MB, paused 1.948ms total 69.934ms
08-05 22:01:31.027   518   646 I ThermalEngine: ACTION: GPU - Setting GPU[0] to 450000000
08-05 22:01:31.308 22138 22150 I art     : Starting a blocking GC Explicit
08-05 22:01:31.368 22138 22150 I art     : Explicit concurrent mark sweep GC freed 2314(104KB) AllocSpace objects, 2(52KB) LOS objects, 8% free, 183MB/199MB, paused 1.572ms total 60.602ms
08-05 22:01:31.389 22138 22150 I art     : Starting a blocking GC Explicit
08-05 22:01:31.445 22138 22150 I art     : Explicit concurrent mark sweep GC freed 134(2944B) AllocSpace objects, 0(0B) LOS objects, 8% free, 183MB/199MB, paused 1.389ms total 55.192ms
08-05 22:01:31.465 22138 22150 I art     : Starting a blocking GC Explicit
08-05 22:01:31.523 22138 22150 I art     : Explicit concurrent mark sweep GC freed 133(2416B) AllocSpace objects, 0(0B) LOS objects, 8% free, 183MB/199MB, paused 1.454ms total 56.880ms
08-05 22:01:31.542 22138 22150 I art     : Starting a blocking GC Explicit
08-05 22:01:31.599 22138 22150 I art     : Explicit concurrent mark sweep GC freed 129(2304B) AllocSpace objects, 0(0B) LOS objects, 8% free, 183MB/199MB, paused 1.328ms total 56.155ms
08-05 22:01:31.618 22138 22150 I art     : Starting a blocking GC Explicit
08-05 22:01:31.670 13866 13882 I PeriodicStatsRunner: PeriodicStatsRunner.call():175 call()
08-05 22:01:31.670 13866 13882 I PeriodicStatsRunner: PeriodicStatsRunner.call():179 No submit PeriodicStats since input started.
08-05 22:01:31.674 22138 22150 I art     : Explicit concurrent mark sweep GC freed 103(1840B) AllocSpace objects, 0(0B) LOS objects, 8% free, 183MB/199MB, paused 1.246ms total 55.734ms
08-05 22:01:31.802   918  3261 D WifiStateMachine: starting scan for "H369AA63323"WPA_PSK with 2412,5180
08-05 22:01:32.101 22138 22785 I art     : Starting a blocking GC Explicit
08-05 22:01:32.162 22138 22785 I art     : Explicit concurrent mark sweep GC freed 2310(104KB) AllocSpace objects, 2(52KB) LOS objects, 8% free, 183MB/199MB, paused 1.236ms total 60.252ms
08-05 22:01:32.182 22138 22785 I art     : Starting a blocking GC Explicit
08-05 22:01:32.238 22138 22785 I art     : Explicit concurrent mark sweep GC freed 148(3024B) AllocSpace objects, 0(0B) LOS objects, 8% free, 183MB/199MB, paused 1.352ms total 56.306ms
08-05 22:01:32.257 22138 22785 I art     : Starting a blocking GC Explicit
08-05 22:01:32.316 22138 22785 I art     : Explicit concurrent mark sweep GC freed 121(2496B) AllocSpace objects, 0(0B) LOS objects, 8% free, 183MB/199MB, paused 1.461ms total 58.531ms
08-05 22:01:32.336 22138 22785 I art     : Starting a blocking GC Explicit
08-05 22:01:32.393 22138 22785 I art     : Explicit concurrent mark sweep GC freed 154(3KB) AllocSpace objects, 0(0B) LOS objects, 8% free, 183MB/199MB, paused 1.287ms total 57.291ms
08-05 22:01:32.412 22138 22785 I art     : Starting a blocking GC Explicit
08-05 22:01:32.471 22138 22785 I art     : Explicit concurrent mark sweep GC freed 122(2064B) AllocSpace objects, 0(0B) LOS objects, 8% free, 183MB/199MB, paused 1.334ms total 58.188ms
08-05 22:01:32.483 24362 24362 D AndroidRuntime: >>>>>> START com.android.internal.os.RuntimeInit uid 2000 <<<<<<
08-05 22:01:32.489 24362 24362 D AndroidRuntime: CheckJNI is OFF
08-05 22:01:32.533 24362 24362 D ICU     : No timezone override file found: /data/misc/zoneinfo/current/icu/icu_tzdata.dat
08-05 22:01:32.578 24362 24362 I Radio-JNI: register_android_hardware_Radio DONE
08-05 22:01:32.607 24362 24362 D AndroidRuntime: Calling main entry com.android.commands.input.Input
08-05 22:01:32.610 24362 24362 I Input   : injectMotionEvent: MotionEvent { action=ACTION_DOWN, actionButton=0, id[0]=0, x[0]=117.0, y[0]=170.0, toolType[0]=TOOL_TYPE_UNKNOWN, buttonState=0, metaState=0, flags=0x0, edgeFlags=0x0, pointerCount=1, historySize=0, eventTime=828109022, downTime=828109022, deviceId=0, source=0x1002 }
08-05 22:01:32.616 24362 24362 I Input   : injectMotionEvent: MotionEvent { action=ACTION_UP, actionButton=0, id[0]=0, x[0]=117.0, y[0]=170.0, toolType[0]=TOOL_TYPE_UNKNOWN, buttonState=0, metaState=0, flags=0x0, edgeFlags=0x0, pointerCount=1, historySize=0, eventTime=828109022, downTime=828109022, deviceId=0, source=0x1002 }
08-05 22:01:32.618 24362 24362 D AndroidRuntime: Shutting down VM
08-05 22:01:32.633   512  2967 D audio_hw_primary: out_set_parameters: enter: usecase(1: low-latency-playback) kvpairs: routing=2
08-05 22:01:32.646   512  2967 D audio_hw_primary: select_devices: out_snd_device(2: speaker) in_snd_device(0: none)
08-05 22:01:32.646   512  2967 D msm8974_platform: platform_send_audio_calibration: sending audio calibration for snd_device(2) acdb_id(15)
08-05 22:01:32.647   512  2967 I soundtrigger: audio_extn_sound_trigger_update_device_status: device 0x2 of type 0 for Event 1
08-05 22:01:32.658   512  2967 D audio_hw_primary: enable_snd_device: snd_device(2: speaker)
08-05 22:01:32.660   512  2967 D audio_hw_primary: enable_audio_route: apply and update mixer path: low-latency-playback speaker
08-05 22:01:32.860 22138 22205 I art     : Starting a blocking GC Explicit
08-05 22:01:32.916 22138 22205 I art     : Explicit concurrent mark sweep GC freed 2692(125KB) AllocSpace objects, 2(52KB) LOS objects, 7% free, 184MB/200MB, paused 1.320ms total 55.029ms
08-05 22:01:32.934 22138 22205 I art     : Starting a blocking GC Explicit
08-05 22:01:32.983 22138 22205 I art     : Explicit concurrent mark sweep GC freed 171(4KB) AllocSpace objects, 0(0B) LOS objects, 7% free, 184MB/200MB, paused 1.138ms total 48.594ms
08-05 22:01:33.001 22138 22205 I art     : Starting a blocking GC Explicit
08-05 22:01:33.049 22138 22205 I art     : Explicit concurrent mark sweep GC freed 105(1888B) AllocSpace objects, 0(0B) LOS objects, 7% free, 184MB/200MB, paused 1.194ms total 47.920ms
08-05 22:01:33.067 24365 12204 I NetworkScheduler.Stats: Task com.google.android.apps.gcs/ started execution. cause:4 exec_start_elapsed_seconds: 1811496 [CONTEXT service_id=218 ]
08-05 22:01:33.067 22138 22205 I art     : Starting a blocking GC Explicit
08-05 22:01:33.069 18278 24410 W Gcs.WfaEliRefreshTask: [27508] afk.b: NULL eligibility response.
08-05 22:01:33.072 24365 12204 I NetworkScheduler.Stats: Task com.google.android.apps.gcs/ finished executing. cause:4 result: 3 elapsed_millis: 11 uptime_millis: 11 exec_start_elapsed_seconds: 1811496 [CONTEXT service_id=218 ]
08-05 22:01:33.120 22138 22205 I art     : Explicit concurrent mark sweep GC freed 101(1792B) AllocSpace objects, 0(0B) LOS objects, 7% free, 184MB/200MB, paused 1.290ms total 52.577ms
08-05 22:01:33.138 22138 22205 I art     : Starting a blocking GC Explicit
08-05 22:01:33.189 22138 22205 I art     : Explicit concurrent mark sweep GC freed 102(1792B) AllocSpace objects, 0(0B) LOS objects, 7% free, 184MB/200MB, paused 1.195ms total 49.951ms
08-05 22:01:33.198   512  2967 D audio_hw_primary: disable_audio_route: reset and update mixer path: low-latency-playback speaker
08-05 22:01:33.199   512  2967 D audio_hw_primary: disable_snd_device: snd_device(2: speaker)
08-05 22:01:33.208   512  2967 I soundtrigger: audio_extn_sound_trigger_update_device_status: device 0x2 of type 0 for Event 0
08-05 22:01:33.367 24408 24408 D AndroidRuntime: >>>>>> START com.android.internal.os.RuntimeInit uid 2000 <<<<<<
08-05 22:01:33.372 24408 24408 D AndroidRuntime: CheckJNI is OFF
08-05 22:01:33.412 24408 24408 D ICU     : No timezone override file found: /data/misc/zoneinfo/current/icu/icu_tzdata.dat
08-05 22:01:33.454 24408 24408 I Radio-JNI: register_android_hardware_Radio DONE
08-05 22:01:33.483 24408 24408 D AndroidRuntime: Calling main entry com.android.commands.input.Input
08-05 22:01:33.485 24408 24408 I Input   : injectMotionEvent: MotionEvent { action=ACTION_DOWN, actionButton=0, id[0]=0, x[0]=355.0, y[0]=1674.0, toolType[0]=TOOL_TYPE_UNKNOWN, buttonState=0, metaState=0, flags=0x0, edgeFlags=0x0, pointerCount=1, historySize=0, eventTime=828109897, downTime=828109897, deviceId=0, source=0x1002 }
08-05 22:01:33.489 24408 24408 I Input   : injectMotionEvent: MotionEvent { action=ACTION_UP, actionButton=0, id[0]=0, x[0]=355.0, y[0]=1674.0, toolType[0]=TOOL_TYPE_UNKNOWN, buttonState=0, metaState=0, flags=0x0, edgeFlags=0x0, pointerCount=1, historySize=0, eventTime=828109897, downTime=828109897, deviceId=0, source=0x1002 }
08-05 22:01:33.490 24408 24408 D AndroidRuntime: Shutting down VM
08-05 22:01:33.502   512  2967 D audio_hw_primary: out_set_parameters: enter: usecase(1: low-latency-playback) kvpairs: routing=2
08-05 22:01:33.513 22138 22138 V MainActivity: url = https://project-travel-mate.herokuapp.com/api/number-of-unread-notifications
08-05 22:01:33.515   512  2967 D audio_hw_primary: select_devices: out_snd_device(2: speaker) in_snd_device(0: none)
08-05 22:01:33.515   512  2967 D msm8974_platform: platform_send_audio_calibration: sending audio calibration for snd_device(2) acdb_id(15)
08-05 22:01:33.516   512  2967 I soundtrigger: audio_extn_sound_trigger_update_device_status: device 0x2 of type 0 for Event 1
08-05 22:01:33.525   512  2967 D audio_hw_primary: enable_snd_device: snd_device(2: speaker)
08-05 22:01:33.527   512  2967 D audio_hw_primary: enable_audio_route: apply and update mixer path: low-latency-playback speaker
08-05 22:01:33.569   512  2967 D AudioFlinger: mixer(0xf4740000) throttle end: throttle time(12)
08-05 22:01:33.570 22138 23095 I art     : Starting a blocking GC Explicit
08-05 22:01:33.574 23905 23905 I ServiceManager: Waiting for service AtCmdFwd...
08-05 22:01:33.626 22138 23095 I art     : Explicit concurrent mark sweep GC freed 4270(182KB) AllocSpace objects, 2(52KB) LOS objects, 7% free, 184MB/200MB, paused 1.404ms total 56.402ms
08-05 22:01:33.645 22138 23095 I art     : Starting a blocking GC Explicit
08-05 22:01:33.696 22138 23095 I art     : Explicit concurrent mark sweep GC freed 2365(196KB) AllocSpace objects, 9(252KB) LOS objects, 7% free, 184MB/200MB, paused 1.290ms total 50.866ms
08-05 22:01:33.714 22138 23095 I art     : Starting a blocking GC Explicit
08-05 22:01:33.770 22138 23095 I art     : Explicit concurrent mark sweep GC freed 3(96B) AllocSpace objects, 0(0B) LOS objects, 7% free, 184MB/200MB, paused 1.717ms total 55.656ms
08-05 22:01:33.792 22138 23095 I art     : Starting a blocking GC Explicit
08-05 22:01:33.855 22138 23095 I art     : Explicit concurrent mark sweep GC freed 3(96B) AllocSpace objects, 0(0B) LOS objects, 7% free, 184MB/200MB, paused 1.461ms total 63.146ms
08-05 22:01:33.875 22138 23095 I art     : Starting a blocking GC Explicit
08-05 22:01:33.927 22138 23095 I art     : Explicit concurrent mark sweep GC freed 25(800B) AllocSpace objects, 0(0B) LOS objects, 7% free, 184MB/200MB, paused 1.353ms total 52.410ms
08-05 22:01:34.049   512  2967 D audio_hw_primary: disable_audio_route: reset and update mixer path: low-latency-playback speaker
08-05 22:01:34.051   512  2967 D audio_hw_primary: disable_snd_device: snd_device(2: speaker)
08-05 22:01:34.059   512  2967 I soundtrigger: audio_extn_sound_trigger_update_device_status: device 0x2 of type 0 for Event 0
08-05 22:01:34.341 22138 22205 I art     : Starting a blocking GC Explicit
08-05 22:01:34.385 22138 24432 I NAPPA_EXPERIMENTATION: MetricNetworkRequestExecutionTime: REQUEST_DURATION_SYSTEM='871',REQUEST_DURATION_OKHTTP='42',REQUEST_SYNCHRONOUS='FALSE',RESPONSE_CODE='200',RESPONSE_METHOD='GET',RESPONSE_LENGTH_OKHTTP='36',RESPONSE_LENGTH_HEADER='36',REQUEST_PROTOCOL='http/1.1',REQUEST_URL='https://project-travel-mate.herokuapp.com/api/number-of-unread-notifications',
08-05 22:01:34.403 22138 22205 I art     : Explicit concurrent mark sweep GC freed 4299(235KB) AllocSpace objects, 5(248KB) LOS objects, 7% free, 184MB/200MB, paused 1.360ms total 61.876ms
08-05 22:01:34.423 22138 22205 I art     : Starting a blocking GC Explicit
08-05 22:01:34.480 22138 22205 I art     : Explicit concurrent mark sweep GC freed 1082(122KB) AllocSpace objects, 0(0B) LOS objects, 7% free, 184MB/200MB, paused 1.345ms total 57.169ms
08-05 22:01:34.500 22138 22205 I art     : Starting a blocking GC Explicit
08-05 22:01:34.555 22138 22205 I art     : Explicit concurrent mark sweep GC freed 3(96B) AllocSpace objects, 0(0B) LOS objects, 7% free, 184MB/200MB, paused 1.271ms total 55.428ms
08-05 22:01:34.575 22138 22205 I art     : Starting a blocking GC Explicit
08-05 22:01:34.575 23905 23905 I ServiceManager: Waiting for service AtCmdFwd...
08-05 22:01:34.635 22138 22205 I art     : Explicit concurrent mark sweep GC freed 3(96B) AllocSpace objects, 0(0B) LOS objects, 7% free, 184MB/200MB, paused 1.351ms total 60.318ms
08-05 22:01:34.658 22138 22205 I art     : Starting a blocking GC Explicit
08-05 22:01:34.716 22138 22205 I art     : Explicit concurrent mark sweep GC freed 3(96B) AllocSpace objects, 0(0B) LOS objects, 7% free, 184MB/200MB, paused 1.243ms total 57.731ms
08-05 22:01:35.130 22138 22149 I art     : Starting a blocking GC Explicit
08-05 22:01:35.194   918  3188 I hubconnection: sensorhub said: 'set_bias 3: -6.0576, 0.0000, 0.0000'
08-05 22:01:35.204 22138 22149 I art     : Explicit concurrent mark sweep GC freed 1597(92KB) AllocSpace objects, 2(48KB) LOS objects, 7% free, 184MB/200MB, paused 1.160ms total 73.895ms
08-05 22:01:35.226 22138 22149 I art     : Starting a blocking GC Explicit
08-05 22:01:35.287 22138 22149 I art     : Explicit concurrent mark sweep GC freed 36(1280B) AllocSpace objects, 0(0B) LOS objects, 7% free, 184MB/200MB, paused 1.476ms total 60.687ms
08-05 22:01:35.308 22138 22149 I art     : Starting a blocking GC Explicit
08-05 22:01:35.369 22138 22149 I art     : Explicit concurrent mark sweep GC freed 56(1904B) AllocSpace objects, 0(0B) LOS objects, 7% free, 184MB/200MB, paused 1.272ms total 61.114ms
08-05 22:01:35.390 22138 22149 I art     : Starting a blocking GC Explicit
08-05 22:01:35.446 22138 22149 I art     : Explicit concurrent mark sweep GC freed 24(1184B) AllocSpace objects, 0(0B) LOS objects, 7% free, 184MB/200MB, paused 1.233ms total 56.006ms
08-05 22:01:35.466 22138 22149 I art     : Starting a blocking GC Explicit
08-05 22:01:35.524 22138 22149 I art     : Explicit concurrent mark sweep GC freed 3(96B) AllocSpace objects, 0(0B) LOS objects, 7% free, 184MB/200MB, paused 1.210ms total 58.094ms
08-05 22:01:35.575 23905 23905 I ServiceManager: Waiting for service AtCmdFwd...
08-05 22:01:35.949 22138 22785 I art     : Starting a blocking GC Explicit
08-05 22:01:36.016 22138 22785 I art     : Explicit concurrent mark sweep GC freed 1598(92KB) AllocSpace objects, 2(48KB) LOS objects, 7% free, 184MB/200MB, paused 1.277ms total 67.387ms
08-05 22:01:36.035 22138 22785 I art     : Starting a blocking GC Explicit
08-05 22:01:36.095 22138 22785 I art     : Explicit concurrent mark sweep GC freed 38(1568B) AllocSpace objects, 0(0B) LOS objects, 7% free, 184MB/200MB, paused 1.249ms total 58.718ms
08-05 22:01:36.114 22138 22785 I art     : Starting a blocking GC Explicit
08-05 22:01:36.174 22138 22785 I art     : Explicit concurrent mark sweep GC freed 3(96B) AllocSpace objects, 0(0B) LOS objects, 7% free, 184MB/200MB, paused 1.301ms total 59.334ms
08-05 22:01:36.193 22138 22785 I art     : Starting a blocking GC Explicit
08-05 22:01:36.253 22138 22785 I art     : Explicit concurrent mark sweep GC freed 3(96B) AllocSpace objects, 0(0B) LOS objects, 7% free, 184MB/200MB, paused 1.307ms total 60.238ms
08-05 22:01:36.273 22138 22785 I art     : Starting a blocking GC Explicit
08-05 22:01:36.314 24462 24462 D AndroidRuntime: >>>>>> START com.android.internal.os.RuntimeInit uid 2000 <<<<<<
08-05 22:01:36.320 24462 24462 D AndroidRuntime: CheckJNI is OFF
08-05 22:01:36.329 22138 22785 I art     : Explicit concurrent mark sweep GC freed 33(896B) AllocSpace objects, 0(0B) LOS objects, 7% free, 184MB/200MB, paused 1.443ms total 56.527ms
08-05 22:01:36.368 24462 24462 D ICU     : No timezone override file found: /data/misc/zoneinfo/current/icu/icu_tzdata.dat
08-05 22:01:36.412 24462 24462 I Radio-JNI: register_android_hardware_Radio DONE
08-05 22:01:36.443 24462 24462 D AndroidRuntime: Calling main entry com.android.commands.input.Input
08-05 22:01:36.445 24462 24462 I Input   : injectMotionEvent: MotionEvent { action=ACTION_DOWN, actionButton=0, id[0]=0, x[0]=747.0, y[0]=608.0, toolType[0]=TOOL_TYPE_UNKNOWN, buttonState=0, metaState=0, flags=0x0, edgeFlags=0x0, pointerCount=1, historySize=0, eventTime=828112858, downTime=828112858, deviceId=0, source=0x1002 }
08-05 22:01:36.451 24462 24462 I Input   : injectMotionEvent: MotionEvent { action=ACTION_UP, actionButton=0, id[0]=0, x[0]=747.0, y[0]=608.0, toolType[0]=TOOL_TYPE_UNKNOWN, buttonState=0, metaState=0, flags=0x0, edgeFlags=0x0, pointerCount=1, historySize=0, eventTime=828112858, downTime=828112858, deviceId=0, source=0x1002 }
08-05 22:01:36.453 24462 24462 D AndroidRuntime: Shutting down VM
08-05 22:01:36.453   918  3670 I ActivityManager: START u0 {cmp=baseline.io.github.project_travel_mate/.utilities.ChecklistActivity} from uid 10674 on display 0
08-05 22:01:36.455   512  2967 D audio_hw_primary: out_set_parameters: enter: usecase(1: low-latency-playback) kvpairs: routing=2
08-05 22:01:36.468   512  2967 D audio_hw_primary: select_devices: out_snd_device(2: speaker) in_snd_device(0: none)
08-05 22:01:36.469   512  2967 D msm8974_platform: platform_send_audio_calibration: sending audio calibration for snd_device(2) acdb_id(15)
08-05 22:01:36.469   512  2967 I soundtrigger: audio_extn_sound_trigger_update_device_status: device 0x2 of type 0 for Event 1
08-05 22:01:36.481   512  2967 D audio_hw_primary: enable_snd_device: snd_device(2: speaker)
08-05 22:01:36.483   512  2967 D audio_hw_primary: enable_audio_route: apply and update mixer path: low-latency-playback speaker
08-05 22:01:36.562   918   936 I ActivityManager: Displayed baseline.io.github.project_travel_mate/.utilities.ChecklistActivity: +99ms
08-05 22:01:36.562 13866 13866 I GoogleInputMethodServic: GoogleInputMethodService.onFinishInput():3138 
08-05 22:01:36.562 13866 13866 I GoogleInputMethodServic: GoogleInputMethodService.onStartInput():1808 
08-05 22:01:36.576 23905 23905 I ServiceManager: Waiting for service AtCmdFwd...
08-05 22:01:36.719 22138 22150 I art     : Starting a blocking GC Explicit
08-05 22:01:36.795 22138 22150 I art     : Explicit concurrent mark sweep GC freed 2500(146KB) AllocSpace objects, 2(48KB) LOS objects, 7% free, 184MB/200MB, paused 1.696ms total 75.445ms
08-05 22:01:36.820 22138 22150 I art     : Starting a blocking GC Explicit
08-05 22:01:36.829   380   380 W SurfaceFlinger: couldn't log to binary event log: overflow.
08-05 22:01:36.879 22138 22150 I art     : Explicit concurrent mark sweep GC freed 338(14KB) AllocSpace objects, 0(0B) LOS objects, 7% free, 184MB/200MB, paused 1.172ms total 58.848ms
08-05 22:01:36.898 22138 22150 I art     : Starting a blocking GC Explicit
08-05 22:01:36.950 22138 22150 I art     : Explicit concurrent mark sweep GC freed 38(1376B) AllocSpace objects, 0(0B) LOS objects, 7% free, 184MB/200MB, paused 1.341ms total 52.013ms
08-05 22:01:36.971 22138 22150 I art     : Starting a blocking GC Explicit
08-05 22:01:37.018   512  2967 D audio_hw_primary: disable_audio_route: reset and update mixer path: low-latency-playback speaker
08-05 22:01:37.020   512  2967 D audio_hw_primary: disable_snd_device: snd_device(2: speaker)
08-05 22:01:37.027 22138 22150 I art     : Explicit concurrent mark sweep GC freed 20(448B) AllocSpace objects, 0(0B) LOS objects, 7% free, 184MB/200MB, paused 1.167ms total 55.340ms
08-05 22:01:37.027   512  2967 I soundtrigger: audio_extn_sound_trigger_update_device_status: device 0x2 of type 0 for Event 0
08-05 22:01:37.046 22138 22150 I art     : Starting a blocking GC Explicit
08-05 22:01:37.105 22138 22150 I art     : Explicit concurrent mark sweep GC freed 11(352B) AllocSpace objects, 0(0B) LOS objects, 7% free, 184MB/200MB, paused 1.302ms total 58.480ms
08-05 22:01:37.522 22138 22205 I art     : Starting a blocking GC Explicit
08-05 22:01:37.576 23905 23905 I ServiceManager: Waiting for service AtCmdFwd...
08-05 22:01:37.594 22138 22205 I art     : Explicit concurrent mark sweep GC freed 1624(93KB) AllocSpace objects, 2(48KB) LOS objects, 7% free, 184MB/200MB, paused 1.390ms total 70.591ms
08-05 22:01:37.618 22138 22205 I art     : Starting a blocking GC Explicit
08-05 22:01:37.675 22138 22205 I art     : Explicit concurrent mark sweep GC freed 28(1024B) AllocSpace objects, 0(0B) LOS objects, 7% free, 184MB/200MB, paused 1.268ms total 56.539ms
08-05 22:01:37.694 22138 22205 I art     : Starting a blocking GC Explicit
08-05 22:01:37.757 22138 22205 I art     : Explicit concurrent mark sweep GC freed 3(96B) AllocSpace objects, 0(0B) LOS objects, 7% free, 184MB/200MB, paused 1.275ms total 62.272ms
08-05 22:01:37.779 22138 22205 I art     : Starting a blocking GC Explicit
08-05 22:01:37.839 22138 22205 I art     : Explicit concurrent mark sweep GC freed 3(96B) AllocSpace objects, 0(0B) LOS objects, 7% free, 184MB/200MB, paused 1.302ms total 58.961ms
08-05 22:01:37.858 22138 22205 I art     : Starting a blocking GC Explicit
08-05 22:01:37.916 22138 22205 I art     : Explicit concurrent mark sweep GC freed 3(96B) AllocSpace objects, 0(0B) LOS objects, 7% free, 184MB/200MB, paused 1.271ms total 57.667ms
08-05 22:01:38.342 22138 22149 I art     : Starting a blocking GC Explicit
08-05 22:01:38.425 22138 22149 I art     : Explicit concurrent mark sweep GC freed 1635(93KB) AllocSpace objects, 2(48KB) LOS objects, 7% free, 184MB/200MB, paused 1.448ms total 82.503ms
08-05 22:01:38.448 22138 22149 I art     : Starting a blocking GC Explicit
08-05 22:01:38.515 22138 22149 I art     : Explicit concurrent mark sweep GC freed 48(2112B) AllocSpace objects, 0(0B) LOS objects, 7% free, 184MB/200MB, paused 1.362ms total 67.008ms
08-05 22:01:38.535 22138 22149 I art     : Starting a blocking GC Explicit
08-05 22:01:38.577 23905 23905 W Atfwd_Sendcmd: AtCmdFwd service not published, waiting... retryCnt : 3
08-05 22:01:38.603 22138 22149 I art     : Explicit concurrent mark sweep GC freed 3(96B) AllocSpace objects, 0(0B) LOS objects, 7% free, 184MB/200MB, paused 1.626ms total 67.351ms
08-05 22:01:38.624 22138 22149 I art     : Starting a blocking GC Explicit
08-05 22:01:38.690 22138 22149 I art     : Explicit concurrent mark sweep GC freed 3(96B) AllocSpace objects, 0(0B) LOS objects, 7% free, 184MB/200MB, paused 1.374ms total 65.508ms
08-05 22:01:38.710 22138 22149 I art     : Starting a blocking GC Explicit
08-05 22:01:38.773 22138 22149 I art     : Explicit concurrent mark sweep GC freed 3(96B) AllocSpace objects, 0(0B) LOS objects, 7% free, 184MB/200MB, paused 1.347ms total 63.079ms
08-05 22:01:39.221 22138 23095 I art     : Starting a blocking GC Explicit
08-05 22:01:39.297 22138 23095 I art     : Explicit concurrent mark sweep GC freed 1598(92KB) AllocSpace objects, 2(48KB) LOS objects, 7% free, 184MB/200MB, paused 1.455ms total 75.364ms
08-05 22:01:39.320 22138 23095 I art     : Starting a blocking GC Explicit
08-05 22:01:39.388 22138 23095 I art     : Explicit concurrent mark sweep GC freed 75(2560B) AllocSpace objects, 0(0B) LOS objects, 7% free, 184MB/200MB, paused 1.635ms total 67.888ms
08-05 22:01:39.411 22138 23095 I art     : Starting a blocking GC Explicit
08-05 22:01:39.479 22138 23095 I art     : Explicit concurrent mark sweep GC freed 3(96B) AllocSpace objects, 0(0B) LOS objects, 7% free, 184MB/200MB, paused 1.338ms total 68.023ms
08-05 22:01:39.501 22138 23095 I art     : Starting a blocking GC Explicit
08-05 22:01:39.567 22138 23095 I art     : Explicit concurrent mark sweep GC freed 3(96B) AllocSpace objects, 0(0B) LOS objects, 7% free, 184MB/200MB, paused 1.341ms total 65.624ms
08-05 22:01:39.587 22138 23095 I art     : Starting a blocking GC Explicit
08-05 22:01:39.649 22138 23095 I art     : Explicit concurrent mark sweep GC freed 3(96B) AllocSpace objects, 0(0B) LOS objects, 7% free, 184MB/200MB, paused 1.389ms total 61.911ms
08-05 22:01:40.101 22138 22785 I art     : Starting a blocking GC Explicit
08-05 22:01:40.171 22138 22785 I art     : Explicit concurrent mark sweep GC freed 1584(92KB) AllocSpace objects, 2(48KB) LOS objects, 7% free, 184MB/200MB, paused 1.476ms total 68.747ms
08-05 22:01:40.194 22138 22785 I art     : Starting a blocking GC Explicit
08-05 22:01:40.260 22138 22785 I art     : Explicit concurrent mark sweep GC freed 28(1024B) AllocSpace objects, 0(0B) LOS objects, 7% free, 184MB/200MB, paused 1.432ms total 65.463ms
08-05 22:01:40.281 22138 22785 I art     : Starting a blocking GC Explicit
08-05 22:01:40.348 22138 22785 I art     : Explicit concurrent mark sweep GC freed 40(1088B) AllocSpace objects, 0(0B) LOS objects, 7% free, 184MB/200MB, paused 1.400ms total 65.788ms
08-05 22:01:40.367 22138 22785 I art     : Starting a blocking GC Explicit
08-05 22:01:40.437 22138 22785 I art     : Explicit concurrent mark sweep GC freed 3(96B) AllocSpace objects, 0(0B) LOS objects, 7% free, 184MB/200MB, paused 1.431ms total 68.892ms
08-05 22:01:40.459 22138 22785 I art     : Starting a blocking GC Explicit
08-05 22:01:40.527 22138 22785 I art     : Explicit concurrent mark sweep GC freed 3(96B) AllocSpace objects, 0(0B) LOS objects, 7% free, 184MB/200MB, paused 1.453ms total 67.309ms
08-05 22:01:40.953 22138 22150 I art     : Starting a blocking GC Explicit
08-05 22:01:41.020 22138 22150 I art     : Explicit concurrent mark sweep GC freed 1586(92KB) AllocSpace objects, 2(48KB) LOS objects, 7% free, 184MB/200MB, paused 1.379ms total 66.291ms
08-05 22:01:41.039 22138 22150 I art     : Starting a blocking GC Explicit
08-05 22:01:41.094 22138 22150 I art     : Explicit concurrent mark sweep GC freed 28(1024B) AllocSpace objects, 0(0B) LOS objects, 7% free, 184MB/200MB, paused 1.301ms total 54.204ms
08-05 22:01:41.113 22138 22150 I art     : Starting a blocking GC Explicit
08-05 22:01:41.171 22138 22150 I art     : Explicit concurrent mark sweep GC freed 3(96B) AllocSpace objects, 0(0B) LOS objects, 7% free, 184MB/200MB, paused 1.378ms total 57.465ms
08-05 22:01:41.190 22138 22150 I art     : Starting a blocking GC Explicit
08-05 22:01:41.250 22138 22150 I art     : Explicit concurrent mark sweep GC freed 3(96B) AllocSpace objects, 0(0B) LOS objects, 7% free, 184MB/200MB, paused 1.352ms total 59.245ms
08-05 22:01:41.268 24542 24542 D AndroidRuntime: >>>>>> START com.android.internal.os.RuntimeInit uid 2000 <<<<<<
08-05 22:01:41.270 22138 22150 I art     : Starting a blocking GC Explicit
08-05 22:01:41.274 24542 24542 D AndroidRuntime: CheckJNI is OFF
08-05 22:01:41.319 24542 24542 D ICU     : No timezone override file found: /data/misc/zoneinfo/current/icu/icu_tzdata.dat
08-05 22:01:41.328 22138 22150 I art     : Explicit concurrent mark sweep GC freed 50(1680B) AllocSpace objects, 0(0B) LOS objects, 7% free, 184MB/200MB, paused 1.490ms total 58.498ms
08-05 22:01:41.365 24542 24542 I Radio-JNI: register_android_hardware_Radio DONE
08-05 22:01:41.394 24542 24542 D AndroidRuntime: Calling main entry com.android.commands.input.Input
08-05 22:01:41.396 24542 24542 I Input   : injectKeyEvent: KeyEvent { action=ACTION_DOWN, keyCode=KEYCODE_BACK, scanCode=0, metaState=0, flags=0x0, repeatCount=0, eventTime=828117809, downTime=828117809, deviceId=-1, source=0x101 }
08-05 22:01:41.404 24542 24542 I Input   : injectKeyEvent: KeyEvent { action=ACTION_UP, keyCode=KEYCODE_BACK, scanCode=0, metaState=0, flags=0x0, repeatCount=0, eventTime=828117809, downTime=828117809, deviceId=-1, source=0x101 }
08-05 22:01:41.409 24542 24542 D AndroidRuntime: Shutting down VM
08-05 22:01:41.421 22138 22138 V MainActivity: url = https://project-travel-mate.herokuapp.com/api/number-of-unread-notifications
08-05 22:01:41.451 13866 13866 I GoogleInputMethodServic: GoogleInputMethodService.onFinishInput():3138 
08-05 22:01:41.452 13866 13866 I GoogleInputMethodServic: GoogleInputMethodService.onStartInput():1808 
08-05 22:01:41.562 13866 13882 I PeriodicStatsRunner: PeriodicStatsRunner.call():175 call()
08-05 22:01:41.562 13866 13882 I PeriodicStatsRunner: PeriodicStatsRunner.call():179 No submit PeriodicStats since input started.
08-05 22:01:41.717 22138 22150 I art     : Starting a blocking GC Explicit
08-05 22:01:41.771   380   380 W SurfaceFlinger: couldn't log to binary event log: overflow.
08-05 22:01:41.780 22138 22150 I art     : Explicit concurrent mark sweep GC freed 2500(133KB) AllocSpace objects, 2(48KB) LOS objects, 7% free, 184MB/200MB, paused 1.413ms total 62.468ms
08-05 22:01:41.800 22138 22150 I art     : Starting a blocking GC Explicit
08-05 22:01:41.853 22138 22150 I art     : Explicit concurrent mark sweep GC freed 107(4KB) AllocSpace objects, 0(0B) LOS objects, 7% free, 184MB/200MB, paused 1.351ms total 53.258ms
08-05 22:01:41.872 22138 22150 I art     : Starting a blocking GC Explicit
08-05 22:01:41.931 22138 22150 I art     : Explicit concurrent mark sweep GC freed 143(7KB) AllocSpace objects, 0(0B) LOS objects, 7% free, 184MB/200MB, paused 1.401ms total 58.684ms
08-05 22:01:41.951 22138 22150 I art     : Starting a blocking GC Explicit
08-05 22:01:42.010 22138 22150 I art     : Explicit concurrent mark sweep GC freed 13(640B) AllocSpace objects, 0(0B) LOS objects, 7% free, 184MB/200MB, paused 1.334ms total 59.122ms
08-05 22:01:42.030 22138 22150 I art     : Starting a blocking GC Explicit
08-05 22:01:42.091 22138 22150 I art     : Explicit concurrent mark sweep GC freed 3(96B) AllocSpace objects, 0(0B) LOS objects, 7% free, 184MB/200MB, paused 1.624ms total 61.197ms
08-05 22:01:42.265 22138 24563 I NAPPA_EXPERIMENTATION: MetricNetworkRequestExecutionTime: REQUEST_DURATION_SYSTEM='843',REQUEST_DURATION_OKHTTP='41',REQUEST_SYNCHRONOUS='FALSE',RESPONSE_CODE='200',RESPONSE_METHOD='GET',RESPONSE_LENGTH_OKHTTP='36',RESPONSE_LENGTH_HEADER='36',REQUEST_PROTOCOL='http/1.1',REQUEST_URL='https://project-travel-mate.herokuapp.com/api/number-of-unread-notifications',
08-05 22:01:42.503 22138 22149 I art     : Starting a blocking GC Explicit
08-05 22:01:42.569 22138 22149 I art     : Explicit concurrent mark sweep GC freed 4423(240KB) AllocSpace objects, 5(248KB) LOS objects, 7% free, 184MB/200MB, paused 1.420ms total 65.232ms
08-05 22:01:42.592 22138 22149 I art     : Starting a blocking GC Explicit
08-05 22:01:42.654 22138 22149 I art     : Explicit concurrent mark sweep GC freed 964(117KB) AllocSpace objects, 0(0B) LOS objects, 7% free, 184MB/200MB, paused 1.446ms total 61.324ms
08-05 22:01:42.677 22138 22149 I art     : Starting a blocking GC Explicit
08-05 22:01:42.733 22138 22149 I art     : Explicit concurrent mark sweep GC freed 3(96B) AllocSpace objects, 0(0B) LOS objects, 7% free, 184MB/200MB, paused 1.362ms total 55.482ms
08-05 22:01:42.752 22138 22149 I art     : Starting a blocking GC Explicit
08-05 22:01:42.808 22138 22149 I art     : Explicit concurrent mark sweep GC freed 3(96B) AllocSpace objects, 0(0B) LOS objects, 7% free, 184MB/200MB, paused 1.402ms total 55.979ms
08-05 22:01:42.827 22138 22149 I art     : Starting a blocking GC Explicit
08-05 22:01:42.884 22138 22149 I art     : Explicit concurrent mark sweep GC freed 3(96B) AllocSpace objects, 0(0B) LOS objects, 7% free, 184MB/200MB, paused 1.310ms total 56.073ms
08-05 22:01:43.194 24593 24593 D AndroidRuntime: >>>>>> START com.android.internal.os.RuntimeInit uid 2000 <<<<<<
08-05 22:01:43.200 24593 24593 D AndroidRuntime: CheckJNI is OFF
08-05 22:01:43.245 24593 24593 D ICU     : No timezone override file found: /data/misc/zoneinfo/current/icu/icu_tzdata.dat
08-05 22:01:43.291 24593 24593 I Radio-JNI: register_android_hardware_Radio DONE
08-05 22:01:43.293 22138 22149 I art     : Starting a blocking GC Explicit
08-05 22:01:43.321 24593 24593 D AndroidRuntime: Calling main entry com.android.commands.input.Input
08-05 22:01:43.323 24593 24593 I Input   : injectMotionEvent: MotionEvent { action=ACTION_DOWN, actionButton=0, id[0]=0, x[0]=657.0, y[0]=2037.0, toolType[0]=TOOL_TYPE_UNKNOWN, buttonState=0, metaState=0, flags=0x0, edgeFlags=0x0, pointerCount=1, historySize=0, eventTime=828119736, downTime=828119736, deviceId=0, source=0x1002 }
08-05 22:01:43.328 24593 24593 I Input   : injectMotionEvent: MotionEvent { action=ACTION_UP, actionButton=0, id[0]=0, x[0]=657.0, y[0]=2037.0, toolType[0]=TOOL_TYPE_UNKNOWN, buttonState=0, metaState=0, flags=0x0, edgeFlags=0x0, pointerCount=1, historySize=0, eventTime=828119736, downTime=828119736, deviceId=0, source=0x1002 }
08-05 22:01:43.330 24593 24593 D AndroidRuntime: Shutting down VM
08-05 22:01:43.330   918   929 I ActivityManager: START u0 {cmp=baseline.io.github.project_travel_mate/.utilities.CompassActivity} from uid 10674 on display 0
08-05 22:01:43.336   512  2967 D audio_hw_primary: out_set_parameters: enter: usecase(1: low-latency-playback) kvpairs: routing=2
08-05 22:01:43.349   512  2967 D audio_hw_primary: select_devices: out_snd_device(2: speaker) in_snd_device(0: none)
08-05 22:01:43.350   512  2967 D msm8974_platform: platform_send_audio_calibration: sending audio calibration for snd_device(2) acdb_id(15)
08-05 22:01:43.350   512  2967 I soundtrigger: audio_extn_sound_trigger_update_device_status: device 0x2 of type 0 for Event 1
08-05 22:01:43.355 22138 22149 I art     : Explicit concurrent mark sweep GC freed 1688(95KB) AllocSpace objects, 2(48KB) LOS objects, 7% free, 184MB/200MB, paused 1.888ms total 61.565ms
08-05 22:01:43.359   512  2967 D audio_hw_primary: enable_snd_device: snd_device(2: speaker)
08-05 22:01:43.361   512  2967 D audio_hw_primary: enable_audio_route: apply and update mixer path: low-latency-playback speaker
08-05 22:01:43.375 22138 22149 I art     : Starting a blocking GC Explicit
08-05 22:01:43.427 22138 22149 I art     : Explicit concurrent mark sweep GC freed 314(32KB) AllocSpace objects, 0(0B) LOS objects, 6% free, 233MB/249MB, paused 1.370ms total 51.025ms
08-05 22:01:43.445 22138 22149 I art     : Starting a blocking GC Explicit
08-05 22:01:43.501 22138 22149 I art     : Explicit concurrent mark sweep GC freed 172(8KB) AllocSpace objects, 0(0B) LOS objects, 6% free, 233MB/249MB, paused 1.472ms total 55.804ms
08-05 22:01:43.520 22138 22149 I art     : Starting a blocking GC Explicit
08-05 22:01:43.575 22138 22149 I art     : Explicit concurrent mark sweep GC freed 17(528B) AllocSpace objects, 0(0B) LOS objects, 6% free, 233MB/249MB, paused 1.380ms total 54.145ms
08-05 22:01:43.594 22138 22149 I art     : Starting a blocking GC Explicit
08-05 22:01:43.648 22138 22149 I art     : Explicit concurrent mark sweep GC freed 3(96B) AllocSpace objects, 0(0B) LOS objects, 6% free, 233MB/249MB, paused 1.480ms total 54.439ms
08-05 22:01:43.898 22138 22138 D CompassActivity: start compass
08-05 22:01:43.898   512  2967 D audio_hw_primary: disable_audio_route: reset and update mixer path: low-latency-playback speaker
08-05 22:01:43.899   918  6110 I sensors : batch
08-05 22:01:43.899   918  6110 I sensors : activate
08-05 22:01:43.899   512  2967 D audio_hw_primary: disable_snd_device: snd_device(2: speaker)
08-05 22:01:43.899   918  6112 I sensors : batch
08-05 22:01:43.900   918  6112 I sensors : activate
08-05 22:01:43.904 22138 22138 I Choreographer: Skipped 32 frames!  The application may be doing too much work on its main thread.
08-05 22:01:43.906   918  3188 I hubconnection: sensorhub said: 'batch 1 flags:0, sampling_rate_Hz:50.00, max_report_latency_us:0'
08-05 22:01:43.908   918  3188 I hubconnection: sensorhub said: 'activate 1 enable:1'
08-05 22:01:43.908   512  2967 I soundtrigger: audio_extn_sound_trigger_update_device_status: device 0x2 of type 0 for Event 0
08-05 22:01:43.909   918  3188 I hubconnection: sensorhub said: 'batch 3 flags:0, sampling_rate_Hz:50.00, max_report_latency_us:0'
08-05 22:01:43.910   918  3188 I hubconnection: sensorhub said: 'activate 3 enable:1'
08-05 22:01:43.969 13866 13866 I GoogleInputMethodServic: GoogleInputMethodService.onFinishInput():3138 
08-05 22:01:43.970 13866 13866 I GoogleInputMethodServic: GoogleInputMethodService.onStartInput():1808 
08-05 22:01:44.046 22138 22149 I art     : Starting a blocking GC Explicit
08-05 22:01:44.086 22138 22138 D CompassActivity: will set rotation from 0.0 to 179.42542
08-05 22:01:44.086 22138 22138 D CompassActivity: will set rotation from 179.42542 to 179.3888
08-05 22:01:44.086 22138 22138 D CompassActivity: will set rotation from 179.3888 to 179.38525
08-05 22:01:44.087 22138 22138 D CompassActivity: will set rotation from 179.38525 to 179.2561
08-05 22:01:44.087 22138 22138 D CompassActivity: will set rotation from 179.2561 to 179.2555
08-05 22:01:44.092   918   936 I ActivityManager: Displayed baseline.io.github.project_travel_mate/.utilities.CompassActivity: +746ms
08-05 22:01:44.096 22138 22149 I art     : Explicit concurrent mark sweep GC freed 1846(104KB) AllocSpace objects, 2(48KB) LOS objects, 6% free, 236MB/252MB, paused 1.162ms total 49.213ms
08-05 22:01:44.114 22138 22149 I art     : Starting a blocking GC Explicit
08-05 22:01:44.168 22138 22149 I art     : Explicit concurrent mark sweep GC freed 110(4KB) AllocSpace objects, 0(0B) LOS objects, 6% free, 236MB/252MB, paused 1.659ms total 53.253ms
08-05 22:01:44.177 22138 22138 D CompassActivity: will set rotation from 179.2555 to 179.04065
08-05 22:01:44.177 22138 22138 D CompassActivity: will set rotation from 179.04065 to 179.03876
08-05 22:01:44.177 22138 22138 D CompassActivity: will set rotation from 179.03876 to 178.72546
08-05 22:01:44.177 22138 22138 D CompassActivity: will set rotation from 178.72546 to 178.72437
08-05 22:01:44.177 22138 22138 D CompassActivity: will set rotation from 178.72437 to 178.57898
08-05 22:01:44.177 22138 22138 D CompassActivity: will set rotation from 178.57898 to 178.5763
08-05 22:01:44.177 22138 22138 D CompassActivity: will set rotation from 178.5763 to 178.4107
08-05 22:01:44.178 22138 22138 D CompassActivity: will set rotation from 178.4107 to 178.41315
08-05 22:01:44.188 22138 22149 I art     : Starting a blocking GC Explicit
08-05 22:01:44.240 22138 22149 I art     : Explicit concurrent mark sweep GC freed 59(4KB) AllocSpace objects, 0(0B) LOS objects, 6% free, 236MB/252MB, paused 1.546ms total 51.388ms
08-05 22:01:44.260 22138 22149 I art     : Starting a blocking GC Explicit
08-05 22:01:44.271 22138 22138 D CompassActivity: will set rotation from 178.41315 to 178.47314
08-05 22:01:44.271 22138 22138 D CompassActivity: will set rotation from 178.47314 to 178.479
08-05 22:01:44.271 22138 22138 D CompassActivity: will set rotation from 178.479 to 178.41003
08-05 22:01:44.271 22138 22138 D CompassActivity: will set rotation from 178.41003 to 178.40308
08-05 22:01:44.271 22138 22138 D CompassActivity: will set rotation from 178.40308 to 178.40814
08-05 22:01:44.271 22138 22138 D CompassActivity: will set rotation from 178.40814 to 178.40533
08-05 22:01:44.272 22138 22138 D CompassActivity: will set rotation from 178.40533 to 178.45654
08-05 22:01:44.272 22138 22138 D CompassActivity: will set rotation from 178.45654 to 178.45807
08-05 22:01:44.272 22138 22138 D CompassActivity: will set rotation from 178.45807 to 178.4491
08-05 22:01:44.272 22138 22138 D CompassActivity: will set rotation from 178.4491 to 178.4494
08-05 22:01:44.292 22138 22138 D CompassActivity: will set rotation from 178.4494 to 178.3584
08-05 22:01:44.293 22138 22138 D CompassActivity: will set rotation from 178.3584 to 178.36353
08-05 22:01:44.300 22138 22138 D CompassActivity: will set rotation from 178.36353 to 178.37433
08-05 22:01:44.301 22138 22138 D CompassActivity: will set rotation from 178.37433 to 178.37372
08-05 22:01:44.315 22138 22149 I art     : Explicit concurrent mark sweep GC freed 222(12KB) AllocSpace objects, 0(0B) LOS objects, 6% free, 236MB/252MB, paused 1.190ms total 54.923ms
08-05 22:01:44.321 22138 22138 D CompassActivity: will set rotation from 178.37372 to 178.31396
08-05 22:01:44.321 22138 22138 D CompassActivity: will set rotation from 178.31396 to 178.31226
08-05 22:01:44.333 22138 22149 I art     : Starting a blocking GC Explicit
08-05 22:01:44.340 22138 22138 D CompassActivity: will set rotation from 178.31226 to 178.35773
08-05 22:01:44.341 22138 22138 D CompassActivity: will set rotation from 178.35773 to 178.35992
08-05 22:01:44.341   380   380 W SurfaceFlinger: couldn't log to binary event log: overflow.
08-05 22:01:44.360 22138 22138 D CompassActivity: will set rotation from 178.35992 to 178.36646
08-05 22:01:44.360 22138 22138 D CompassActivity: will set rotation from 178.36646 to 178.36792
08-05 22:01:44.380 22138 22138 D CompassActivity: will set rotation from 178.36792 to 178.48169
08-05 22:01:44.380 22138 22138 D CompassActivity: will set rotation from 178.48169 to 178.47961
08-05 22:01:44.383 22138 22149 I art     : Explicit concurrent mark sweep GC freed 292(13KB) AllocSpace objects, 0(0B) LOS objects, 6% free, 236MB/252MB, paused 1.190ms total 49.869ms
08-05 22:01:44.400 22138 22138 D CompassActivity: will set rotation from 178.47961 to 178.54767
08-05 22:01:44.400 22138 22138 D CompassActivity: will set rotation from 178.54767 to 178.54999
08-05 22:01:44.421 22138 22138 D CompassActivity: will set rotation from 178.54999 to 178.6084
08-05 22:01:44.422 22138 22138 D CompassActivity: will set rotation from 178.6084 to 178.60425
08-05 22:01:44.440 22138 22138 D CompassActivity: will set rotation from 178.60425 to 178.66351
08-05 22:01:44.440 22138 22138 D CompassActivity: will set rotation from 178.66351 to 178.66156
08-05 22:01:44.464 22138 22138 D CompassActivity: will set rotation from 178.66156 to 178.7196
08-05 22:01:44.464 22138 22138 D CompassActivity: will set rotation from 178.7196 to 178.719
08-05 22:01:44.565 22138 22138 D CompassActivity: will set rotation from 178.719 to 178.76788
08-05 22:01:44.565 22138 22138 D CompassActivity: will set rotation from 178.76788 to 178.771
08-05 22:01:44.565 22138 22138 D CompassActivity: will set rotation from 178.771 to 178.78082
08-05 22:01:44.565 22138 22138 D CompassActivity: will set rotation from 178.78082 to 178.78021
08-05 22:01:44.566 22138 22138 D CompassActivity: will set rotation from 178.78021 to 178.79175
08-05 22:01:44.566 22138 22138 D CompassActivity: will set rotation from 178.79175 to 178.79181
08-05 22:01:44.566 22138 22138 D CompassActivity: will set rotation from 178.79181 to 178.80353
08-05 22:01:44.566 22138 22138 D CompassActivity: will set rotation from 178.80353 to 178.79913
08-05 22:01:44.566 22138 22138 D CompassActivity: will set rotation from 178.79913 to 178.83142
08-05 22:01:44.566 22138 22138 D CompassActivity: will set rotation from 178.83142 to 178.82861
08-05 22:01:44.582 22138 22138 D CompassActivity: will set rotation from 178.82861 to 178.80841
08-05 22:01:44.583 22138 22138 D CompassActivity: will set rotation from 178.80841 to 178.80829
08-05 22:01:44.599 22138 22138 D CompassActivity: will set rotation from 178.80829 to 178.84155
08-05 22:01:44.600 22138 22138 D CompassActivity: will set rotation from 178.84155 to 178.84082
08-05 22:01:44.619 22138 22138 D CompassActivity: will set rotation from 178.84082 to 178.84778
08-05 22:01:44.620 22138 22138 D CompassActivity: will set rotation from 178.84778 to 178.84674
08-05 22:01:44.640 22138 22138 D CompassActivity: will set rotation from 178.84674 to 178.85168
08-05 22:01:44.640 22138 22138 D CompassActivity: will set rotation from 178.85168 to 178.85095
08-05 22:01:44.661 22138 22138 D CompassActivity: will set rotation from 178.85095 to 178.8551
08-05 22:01:44.661 22138 22138 D CompassActivity: will set rotation from 178.8551 to 178.85364
08-05 22:01:44.679 22138 22138 D CompassActivity: will set rotation from 178.85364 to 178.85822
08-05 22:01:44.680 22138 22138 D CompassActivity: will set rotation from 178.85822 to 178.85883
08-05 22:01:44.699 22138 22138 D CompassActivity: will set rotation from 178.85883 to 178.83978
08-05 22:01:44.699 22138 22138 D CompassActivity: will set rotation from 178.83978 to 178.84058
08-05 22:01:44.719 22138 22138 D CompassActivity: will set rotation from 178.84058 to 178.84845
08-05 22:01:44.720 22138 22138 D CompassActivity: will set rotation from 178.84845 to 178.84839
08-05 22:01:44.740 22138 22138 D CompassActivity: will set rotation from 178.84839 to 178.81006
08-05 22:01:44.741 22138 22138 D CompassActivity: will set rotation from 178.81006 to 178.81049
08-05 22:01:44.760 22138 22138 D CompassActivity: will set rotation from 178.81049 to 178.86188
08-05 22:01:44.761 22138 22138 D CompassActivity: will set rotation from 178.86188 to 178.86035
08-05 22:01:44.780 22138 22138 D CompassActivity: will set rotation from 178.86035 to 178.86829
08-05 22:01:44.780 22138 22138 D CompassActivity: will set rotation from 178.86829 to 178.86798
08-05 22:01:44.783 22138 23095 I art     : Starting a blocking GC Explicit
08-05 22:01:44.799 22138 22138 D CompassActivity: will set rotation from 178.86798 to 178.88904
08-05 22:01:44.799 22138 22138 D CompassActivity: will set rotation from 178.88904 to 178.8883
08-05 22:01:44.819 22138 22138 D CompassActivity: will set rotation from 178.8883 to 178.84845
08-05 22:01:44.819 22138 22138 D CompassActivity: will set rotation from 178.84845 to 178.84985
08-05 22:01:44.839 22138 22138 D CompassActivity: will set rotation from 178.84985 to 178.83643
08-05 22:01:44.840 22138 22138 D CompassActivity: will set rotation from 178.83643 to 178.83472
08-05 22:01:44.853 22138 23095 I art     : Explicit concurrent mark sweep GC freed 2075(121KB) AllocSpace objects, 2(48KB) LOS objects, 6% free, 236MB/252MB, paused 1.291ms total 69.202ms
08-05 22:01:44.864 22138 22138 D CompassActivity: will set rotation from 178.83472 to 178.81714
08-05 22:01:44.864 22138 22138 D CompassActivity: will set rotation from 178.81714 to 178.81848
08-05 22:01:44.876 22138 23095 I art     : Starting a blocking GC Explicit
08-05 22:01:44.879 22138 22138 D CompassActivity: will set rotation from 178.81848 to 178.77954
08-05 22:01:44.880 22138 22138 D CompassActivity: will set rotation from 178.77954 to 178.7826
08-05 22:01:44.898 22138 22138 D CompassActivity: will set rotation from 178.7826 to 178.79175
08-05 22:01:44.899 22138 22138 D CompassActivity: will set rotation from 178.79175 to 178.78967
08-05 22:01:44.918 22138 22138 D CompassActivity: will set rotation from 178.78967 to 178.77734
08-05 22:01:44.919 22138 22138 D CompassActivity: will set rotation from 178.77734 to 178.77661
08-05 22:01:44.938 22138 22138 D CompassActivity: will set rotation from 178.77661 to 178.8009
08-05 22:01:44.939 22138 22138 D CompassActivity: will set rotation from 178.8009 to 178.80017
08-05 22:01:44.942 22138 23095 I art     : Explicit concurrent mark sweep GC freed 750(31KB) AllocSpace objects, 0(0B) LOS objects, 6% free, 236MB/252MB, paused 1.417ms total 66.163ms
08-05 22:01:44.960 22138 22138 D CompassActivity: will set rotation from 178.80017 to 178.78577
08-05 22:01:44.961 22138 22138 D CompassActivity: will set rotation from 178.78577 to 178.78375
08-05 22:01:44.964 22138 23095 I art     : Starting a blocking GC Explicit
08-05 22:01:44.980 22138 22138 D CompassActivity: will set rotation from 178.78375 to 178.81165
08-05 22:01:44.980 22138 22138 D CompassActivity: will set rotation from 178.81165 to 178.8114
08-05 22:01:44.999 22138 22138 D CompassActivity: will set rotation from 178.8114 to 178.81696
08-05 22:01:44.999 22138 22138 D CompassActivity: will set rotation from 178.81696 to 178.81787
08-05 22:01:45.018 22138 22138 D CompassActivity: will set rotation from 178.81787 to 178.80414
08-05 22:01:45.019 22138 22138 D CompassActivity: will set rotation from 178.80414 to 178.80188
08-05 22:01:45.032 22138 23095 I art     : Explicit concurrent mark sweep GC freed 201(9KB) AllocSpace objects, 0(0B) LOS objects, 6% free, 236MB/252MB, paused 1.281ms total 66.915ms
08-05 22:01:45.038 22138 22138 D CompassActivity: will set rotation from 178.80188 to 178.80994
08-05 22:01:45.039 22138 22138 D CompassActivity: will set rotation from 178.80994 to 178.81006
08-05 22:01:45.054 22138 23095 I art     : Starting a blocking GC Explicit
08-05 22:01:45.061 22138 22138 D CompassActivity: will set rotation from 178.81006 to 178.76416
08-05 22:01:45.062 22138 22138 D CompassActivity: will set rotation from 178.76416 to 178.76306
08-05 22:01:45.081 22138 22138 D CompassActivity: will set rotation from 178.76306 to 178.719
08-05 22:01:45.082 22138 22138 D CompassActivity: will set rotation from 178.719 to 178.7174
08-05 22:01:45.099 22138 22138 D CompassActivity: will set rotation from 178.7174 to 178.74316
08-05 22:01:45.099 22138 22138 D CompassActivity: will set rotation from 178.74316 to 178.7442
08-05 22:01:45.118 22138 22138 D CompassActivity: will set rotation from 178.7442 to 178.75189
08-05 22:01:45.119 22138 22138 D CompassActivity: will set rotation from 178.75189 to 178.75165
08-05 22:01:45.122 22138 23095 I art     : Explicit concurrent mark sweep GC freed 202(10KB) AllocSpace objects, 0(0B) LOS objects, 6% free, 236MB/252MB, paused 1.431ms total 67.927ms
08-05 22:01:45.138 22138 22138 D CompassActivity: will set rotation from 178.75165 to 178.72119
08-05 22:01:45.139 22138 22138 D CompassActivity: will set rotation from 178.72119 to 178.72192
08-05 22:01:45.145 22138 23095 I art     : Starting a blocking GC Explicit
08-05 22:01:45.158 22138 22138 D CompassActivity: will set rotation from 178.72192 to 178.71301
08-05 22:01:45.158 22138 22138 D CompassActivity: will set rotation from 178.71301 to 178.7132
08-05 22:01:45.179 22138 22138 D CompassActivity: will set rotation from 178.7132 to 178.68652
08-05 22:01:45.180 22138 22138 D CompassActivity: will set rotation from 178.68652 to 178.68622
08-05 22:01:45.198 22138 22138 D CompassActivity: will set rotation from 178.68622 to 178.7127
08-05 22:01:45.198 22138 22138 D CompassActivity: will set rotation from 178.7127 to 178.71216
08-05 22:01:45.215 22138 23095 I art     : Explicit concurrent mark sweep GC freed 204(9KB) AllocSpace objects, 0(0B) LOS objects, 6% free, 236MB/252MB, paused 1.760ms total 69.766ms
08-05 22:01:45.219 22138 22138 D CompassActivity: will set rotation from 178.71216 to 178.68585
08-05 22:01:45.220 22138 22138 D CompassActivity: will set rotation from 178.68585 to 178.68616
08-05 22:01:45.238 22138 22138 D CompassActivity: will set rotation from 178.68616 to 178.71057
08-05 22:01:45.238 22138 22138 D CompassActivity: will set rotation from 178.71057 to 178.71289
08-05 22:01:45.258 22138 22138 D CompassActivity: will set rotation from 178.71289 to 178.70233
08-05 22:01:45.258 22138 22138 D CompassActivity: will set rotation from 178.70233 to 178.70361
08-05 22:01:45.277 22138 22138 D CompassActivity: will set rotation from 178.70361 to 178.695
08-05 22:01:45.278 22138 22138 D CompassActivity: will set rotation from 178.695 to 178.69556
08-05 22:01:45.296 22138 22138 D CompassActivity: will set rotation from 178.69556 to 178.70624
08-05 22:01:45.296 22138 22138 D CompassActivity: will set rotation from 178.70624 to 178.70752
08-05 22:01:45.316 22138 22138 D CompassActivity: will set rotation from 178.70752 to 178.71783
08-05 22:01:45.316 22138 22138 D CompassActivity: will set rotation from 178.71783 to 178.71875
08-05 22:01:45.338 22138 22138 D CompassActivity: will set rotation from 178.71875 to 178.71356
08-05 22:01:45.339 22138 22138 D CompassActivity: will set rotation from 178.71356 to 178.71399
08-05 22:01:45.357 22138 22138 D CompassActivity: will set rotation from 178.71399 to 178.73987
08-05 22:01:45.357 22138 22138 D CompassActivity: will set rotation from 178.73987 to 178.74036
08-05 22:01:45.379 22138 22138 D CompassActivity: will set rotation from 178.74036 to 178.71326
08-05 22:01:45.379 22138 22138 D CompassActivity: will set rotation from 178.71326 to 178.71405
08-05 22:01:45.397 22138 22138 D CompassActivity: will set rotation from 178.71405 to 178.70532
08-05 22:01:45.397 22138 22138 D CompassActivity: will set rotation from 178.70532 to 178.70502
08-05 22:01:45.416 22138 22138 D CompassActivity: will set rotation from 178.70502 to 178.71387
08-05 22:01:45.416 22138 22138 D CompassActivity: will set rotation from 178.71387 to 178.7143
08-05 22:01:45.437 22138 22138 D CompassActivity: will set rotation from 178.7143 to 178.70526
08-05 22:01:45.438 22138 22138 D CompassActivity: will set rotation from 178.70526 to 178.7049
08-05 22:01:45.456 22138 22138 D CompassActivity: will set rotation from 178.7049 to 178.71423
08-05 22:01:45.456 22138 22138 D CompassActivity: will set rotation from 178.71423 to 178.71411
08-05 22:01:45.476 22138 22138 D CompassActivity: will set rotation from 178.71411 to 178.70636
08-05 22:01:45.477 22138 22138 D CompassActivity: will set rotation from 178.70636 to 178.70667
08-05 22:01:45.496 22138 22138 D CompassActivity: will set rotation from 178.70667 to 178.69855
08-05 22:01:45.497 22138 22138 D CompassActivity: will set rotation from 178.69855 to 178.69812
08-05 22:01:45.515 22138 22138 D CompassActivity: will set rotation from 178.69812 to 178.72375
08-05 22:01:45.516 22138 22138 D CompassActivity: will set rotation from 178.72375 to 178.72406
08-05 22:01:45.536 22138 22138 D CompassActivity: will set rotation from 178.72406 to 178.71289
08-05 22:01:45.537 22138 22138 D CompassActivity: will set rotation from 178.71289 to 178.71313
08-05 22:01:45.555 22138 22138 D CompassActivity: will set rotation from 178.71313 to 178.74982
08-05 22:01:45.555 22138 22138 D CompassActivity: will set rotation from 178.74982 to 178.75055
08-05 22:01:45.577 22138 22138 D CompassActivity: will set rotation from 178.75055 to 178.73999
08-05 22:01:45.577 22138 22138 D CompassActivity: will set rotation from 178.73999 to 178.73962
08-05 22:01:45.596 22138 22138 D CompassActivity: will set rotation from 178.73962 to 178.74445
08-05 22:01:45.597 22138 22138 D CompassActivity: will set rotation from 178.74445 to 178.74402
08-05 22:01:45.615 22138 22138 D CompassActivity: will set rotation from 178.74402 to 178.75061
08-05 22:01:45.616 22138 22138 D CompassActivity: will set rotation from 178.75061 to 178.75037
08-05 22:01:45.635 22138 22138 D CompassActivity: will set rotation from 178.75037 to 178.74164
08-05 22:01:45.636 22138 22138 D CompassActivity: will set rotation from 178.74164 to 178.7417
08-05 22:01:45.645 22138 22785 I art     : Starting a blocking GC Explicit
08-05 22:01:45.655 22138 22138 D CompassActivity: will set rotation from 178.7417 to 178.73328
08-05 22:01:45.655 22138 22138 D CompassActivity: will set rotation from 178.73328 to 178.73218
08-05 22:01:45.675 22138 22138 D CompassActivity: will set rotation from 178.73218 to 178.7237
08-05 22:01:45.675 22138 22138 D CompassActivity: will set rotation from 178.7237 to 178.72424
08-05 22:01:45.696 22138 22138 D CompassActivity: will set rotation from 178.72424 to 178.73022
08-05 22:01:45.697 22138 22138 D CompassActivity: will set rotation from 178.73022 to 178.73108
08-05 22:01:45.710 22138 22785 I art     : Explicit concurrent mark sweep GC freed 2089(123KB) AllocSpace objects, 2(48KB) LOS objects, 6% free, 236MB/252MB, paused 1.707ms total 64.935ms
08-05 22:01:45.719 22138 22138 D CompassActivity: will set rotation from 178.73108 to 178.73853
08-05 22:01:45.721 22138 22138 D CompassActivity: will set rotation from 178.73853 to 178.73712
08-05 22:01:45.733 22138 22785 I art     : Starting a blocking GC Explicit
08-05 22:01:45.735 22138 22138 D CompassActivity: will set rotation from 178.73712 to 178.72742
08-05 22:01:45.736 22138 22138 D CompassActivity: will set rotation from 178.72742 to 178.72601
08-05 22:01:45.755 22138 22138 D CompassActivity: will set rotation from 178.72601 to 178.71729
08-05 22:01:45.756 22138 22138 D CompassActivity: will set rotation from 178.71729 to 178.71661
08-05 22:01:45.775 22138 22138 D CompassActivity: will set rotation from 178.71661 to 178.72388
08-05 22:01:45.775 22138 22138 D CompassActivity: will set rotation from 178.72388 to 178.72296
08-05 22:01:45.795 22138 22138 D CompassActivity: will set rotation from 178.72296 to 178.72803
08-05 22:01:45.798 22138 22138 D CompassActivity: will set rotation from 178.72803 to 178.72711
08-05 22:01:45.799 22138 22785 I art     : Explicit concurrent mark sweep GC freed 815(32KB) AllocSpace objects, 0(0B) LOS objects, 6% free, 236MB/252MB, paused 1.480ms total 65.653ms
08-05 22:01:45.818 22138 22138 D CompassActivity: will set rotation from 178.72711 to 178.73438
08-05 22:01:45.819 22138 22138 D CompassActivity: will set rotation from 178.73438 to 178.73322
08-05 22:01:45.822 22138 22785 I art     : Starting a blocking GC Explicit
08-05 22:01:45.835 22138 22138 D CompassActivity: will set rotation from 178.73322 to 178.72388
08-05 22:01:45.836 22138 22138 D CompassActivity: will set rotation from 178.72388 to 178.72272
08-05 22:01:45.856 22138 22138 D CompassActivity: will set rotation from 178.72272 to 178.76117
08-05 22:01:45.857 22138 22138 D CompassActivity: will set rotation from 178.76117 to 178.76135
08-05 22:01:45.875 22138 22138 D CompassActivity: will set rotation from 178.76135 to 178.78247
08-05 22:01:45.876 22138 22138 D CompassActivity: will set rotation from 178.78247 to 178.78522
08-05 22:01:45.892 22138 22785 I art     : Explicit concurrent mark sweep GC freed 183(9KB) AllocSpace objects, 0(0B) LOS objects, 6% free, 236MB/252MB, paused 1.466ms total 69.127ms
08-05 22:01:45.895 22138 22138 D CompassActivity: will set rotation from 178.78522 to 178.8053
08-05 22:01:45.896 22138 22138 D CompassActivity: will set rotation from 178.8053 to 178.80573
08-05 22:01:45.912 22138 22785 I art     : Starting a blocking GC Explicit
08-05 22:01:45.915 22138 22138 D CompassActivity: will set rotation from 178.80573 to 178.77716
08-05 22:01:45.916 22138 22138 D CompassActivity: will set rotation from 178.77716 to 178.77795
08-05 22:01:45.934 22138 22138 D CompassActivity: will set rotation from 178.77795 to 178.7843
08-05 22:01:45.935 22138 22138 D CompassActivity: will set rotation from 178.7843 to 178.78436
08-05 22:01:45.954 22138 22138 D CompassActivity: will set rotation from 178.78436 to 178.79016
08-05 22:01:45.955 22138 22138 D CompassActivity: will set rotation from 178.79016 to 178.78943
08-05 22:01:45.976 22138 22138 D CompassActivity: will set rotation from 178.78943 to 178.76166
08-05 22:01:45.977 22138 22785 I art     : Explicit concurrent mark sweep GC freed 204(9KB) AllocSpace objects, 0(0B) LOS objects, 6% free, 236MB/252MB, paused 1.268ms total 64.763ms
08-05 22:01:45.977 22138 22138 D CompassActivity: will set rotation from 178.76166 to 178.76233
08-05 22:01:45.996 22138 22138 D CompassActivity: will set rotation from 178.76233 to 178.73627
08-05 22:01:45.997 22138 22138 D CompassActivity: will set rotation from 178.73627 to 178.7373
08-05 22:01:45.997 22138 22785 I art     : Starting a blocking GC Explicit
08-05 22:01:46.014 22138 22138 D CompassActivity: will set rotation from 178.7373 to 178.76062
08-05 22:01:46.014 22138 22138 D CompassActivity: will set rotation from 178.76062 to 178.763
08-05 22:01:46.034 22138 22138 D CompassActivity: will set rotation from 178.763 to 178.73694
08-05 22:01:46.035 22138 22138 D CompassActivity: will set rotation from 178.73694 to 178.73486
08-05 22:01:46.056   518   646 I ThermalEngine: ACTION: GPU - Setting GPU[0] to 390000000
08-05 22:01:46.062 22138 22138 D CompassActivity: will set rotation from 178.73486 to 178.71198
08-05 22:01:46.062 22138 22138 D CompassActivity: will set rotation from 178.71198 to 178.71033
08-05 22:01:46.074 22138 22138 D CompassActivity: will set rotation from 178.71033 to 178.67395
08-05 22:01:46.075 22138 22138 D CompassActivity: will set rotation from 178.67395 to 178.67328
08-05 22:01:46.076 22138 22785 I art     : Explicit concurrent mark sweep GC freed 187(9KB) AllocSpace objects, 0(0B) LOS objects, 6% free, 236MB/252MB, paused 3.222ms total 78.587ms
08-05 22:01:46.099 22138 22138 D CompassActivity: will set rotation from 178.67328 to 178.69965
08-05 22:01:46.099 22138 22138 D CompassActivity: will set rotation from 178.69965 to 178.69922
08-05 22:01:46.116 22138 22138 D CompassActivity: will set rotation from 178.69922 to 178.69415
08-05 22:01:46.118 22138 22138 D CompassActivity: will set rotation from 178.69415 to 178.69397
08-05 22:01:46.133 22138 22138 D CompassActivity: will set rotation from 178.69397 to 178.71948
08-05 22:01:46.134 22138 22138 D CompassActivity: will set rotation from 178.71948 to 178.7196
08-05 22:01:46.153 22138 22138 D CompassActivity: will set rotation from 178.7196 to 178.7583
08-05 22:01:46.154 22138 22138 D CompassActivity: will set rotation from 178.7583 to 178.758
08-05 22:01:46.173 22138 22138 D CompassActivity: will set rotation from 178.758 to 178.76599
08-05 22:01:46.173 22138 22138 D CompassActivity: will set rotation from 178.76599 to 178.76416
08-05 22:01:46.194 22138 22138 D CompassActivity: will set rotation from 178.76416 to 178.76855
08-05 22:01:46.195 22138 22138 D CompassActivity: will set rotation from 178.76855 to 178.77008
08-05 22:01:46.213 24650 24650 D AndroidRuntime: >>>>>> START com.android.internal.os.RuntimeInit uid 2000 <<<<<<
08-05 22:01:46.214 22138 22138 D CompassActivity: will set rotation from 178.77008 to 178.77716
08-05 22:01:46.214 22138 22138 D CompassActivity: will set rotation from 178.77716 to 178.7763
08-05 22:01:46.220 24650 24650 D AndroidRuntime: CheckJNI is OFF
08-05 22:01:46.233 22138 22138 D CompassActivity: will set rotation from 178.7763 to 178.77008
08-05 22:01:46.234 22138 22138 D CompassActivity: will set rotation from 178.77008 to 178.77124
08-05 22:01:46.255 22138 22138 D CompassActivity: will set rotation from 178.77124 to 178.79053
08-05 22:01:46.255 22138 22138 D CompassActivity: will set rotation from 178.79053 to 178.79138
08-05 22:01:46.272 22138 22138 D CompassActivity: will set rotation from 178.79138 to 178.81158
08-05 22:01:46.273 22138 22138 D CompassActivity: will set rotation from 178.81158 to 178.81067
08-05 22:01:46.296 24650 24650 D ICU     : No timezone override file found: /data/misc/zoneinfo/current/icu/icu_tzdata.dat
08-05 22:01:46.298 22138 22138 D CompassActivity: will set rotation from 178.81067 to 178.84381
08-05 22:01:46.299 22138 22138 D CompassActivity: will set rotation from 178.84381 to 178.84229
08-05 22:01:46.314 22138 22138 D CompassActivity: will set rotation from 178.84229 to 178.83167
08-05 22:01:46.315 22138 22138 D CompassActivity: will set rotation from 178.83167 to 178.83124
08-05 22:01:46.333 22138 22138 D CompassActivity: will set rotation from 178.83124 to 178.8363
08-05 22:01:46.334 22138 22138 D CompassActivity: will set rotation from 178.8363 to 178.8357
08-05 22:01:46.353 22138 22138 D CompassActivity: will set rotation from 178.8357 to 178.84058
08-05 22:01:46.353 22138 22138 D CompassActivity: will set rotation from 178.84058 to 178.84253
08-05 22:01:46.366 24650 24650 I Radio-JNI: register_android_hardware_Radio DONE
08-05 22:01:46.372 22138 22138 D CompassActivity: will set rotation from 178.84253 to 178.84375
08-05 22:01:46.373 22138 22138 D CompassActivity: will set rotation from 178.84375 to 178.8432
08-05 22:01:46.391 22138 22138 D CompassActivity: will set rotation from 178.8432 to 178.80444
08-05 22:01:46.392 22138 22138 D CompassActivity: will set rotation from 178.80444 to 178.8042
08-05 22:01:46.409 24650 24650 D AndroidRuntime: Calling main entry com.android.commands.input.Input
08-05 22:01:46.412 24650 24650 I Input   : injectKeyEvent: KeyEvent { action=ACTION_DOWN, keyCode=KEYCODE_BACK, scanCode=0, metaState=0, flags=0x0, repeatCount=0, eventTime=828122825, downTime=828122825, deviceId=-1, source=0x101 }
08-05 22:01:46.412 22138 22138 D CompassActivity: will set rotation from 178.8042 to 178.79663
08-05 22:01:46.413 22138 22138 D CompassActivity: will set rotation from 178.79663 to 178.79877
08-05 22:01:46.419 24650 24650 I Input   : injectKeyEvent: KeyEvent { action=ACTION_UP, keyCode=KEYCODE_BACK, scanCode=0, metaState=0, flags=0x0, repeatCount=0, eventTime=828122825, downTime=828122825, deviceId=-1, source=0x101 }
08-05 22:01:46.430   918  3696 I sensors : activate
08-05 22:01:46.431 24650 24650 D AndroidRuntime: Shutting down VM
08-05 22:01:46.436   918  6112 I sensors : activate
08-05 22:01:46.447   918  3188 I hubconnection: sensorhub said: 'activate 1 enable:0'
08-05 22:01:46.450   918  3188 I hubconnection: sensorhub said: 'activate 3 enable:0'
08-05 22:01:46.454 13866 13882 I PeriodicStatsRunner: PeriodicStatsRunner.call():175 call()
08-05 22:01:46.454 13866 13882 I PeriodicStatsRunner: PeriodicStatsRunner.call():179 No submit PeriodicStats since input started.
08-05 22:01:46.464 22138 22138 V MainActivity: url = https://project-travel-mate.herokuapp.com/api/number-of-unread-notifications
08-05 22:01:46.582 22138 23095 I art     : Starting a blocking GC Explicit
08-05 22:01:46.598 13866 13866 I GoogleInputMethodServic: GoogleInputMethodService.onFinishInput():3138 
08-05 22:01:46.599 13866 13866 I GoogleInputMethodServic: GoogleInputMethodService.onStartInput():1808 
08-05 22:01:46.655 22138 23095 I art     : Explicit concurrent mark sweep GC freed 2508(138KB) AllocSpace objects, 2(48KB) LOS objects, 6% free, 236MB/252MB, paused 2.001ms total 72.424ms
08-05 22:01:46.680 22138 23095 I art     : Starting a blocking GC Explicit
08-05 22:01:46.741 22138 23095 I art     : Explicit concurrent mark sweep GC freed 660(26KB) AllocSpace objects, 0(0B) LOS objects, 6% free, 236MB/252MB, paused 1.850ms total 59.831ms
08-05 22:01:46.766 22138 23095 I art     : Starting a blocking GC Explicit
08-05 22:01:46.850 22138 23095 I art     : Explicit concurrent mark sweep GC freed 7(288B) AllocSpace objects, 0(0B) LOS objects, 6% free, 236MB/252MB, paused 2.482ms total 84.002ms
08-05 22:01:46.860 22138 22138 D CompassActivity: stop compass
08-05 22:01:46.860   380   380 W SurfaceFlinger: couldn't log to binary event log: overflow.
08-05 22:01:46.878 22138 23095 I art     : Starting a blocking GC Explicit
08-05 22:01:46.947 22138 23095 I art     : Explicit concurrent mark sweep GC freed 22(928B) AllocSpace objects, 0(0B) LOS objects, 6% free, 236MB/252MB, paused 2.122ms total 68.945ms
08-05 22:01:46.973 22138 23095 I art     : Starting a blocking GC Explicit
08-05 22:01:47.081 22138 23095 I art     : Explicit concurrent mark sweep GC freed 1266(81KB) AllocSpace objects, 3(52MB) LOS objects, 7% free, 184MB/200MB, paused 2.678ms total 107.472ms
08-05 22:01:47.397 22138 24673 I NAPPA_EXPERIMENTATION: MetricNetworkRequestExecutionTime: REQUEST_DURATION_SYSTEM='931',REQUEST_DURATION_OKHTTP='56',REQUEST_SYNCHRONOUS='FALSE',RESPONSE_CODE='200',RESPONSE_METHOD='GET',RESPONSE_LENGTH_OKHTTP='36',RESPONSE_LENGTH_HEADER='36',REQUEST_PROTOCOL='http/1.1',REQUEST_URL='https://project-travel-mate.herokuapp.com/api/number-of-unread-notifications',
08-05 22:01:47.554 22138 22149 I art     : Starting a blocking GC Explicit
08-05 22:01:47.644 22138 22149 I art     : Explicit concurrent mark sweep GC freed 4492(244KB) AllocSpace objects, 5(248KB) LOS objects, 7% free, 184MB/200MB, paused 2.683ms total 90.066ms
08-05 22:01:47.674 22138 22149 I art     : Starting a blocking GC Explicit
08-05 22:01:47.742 22138 22149 I art     : Explicit concurrent mark sweep GC freed 986(118KB) AllocSpace objects, 0(0B) LOS objects, 7% free, 184MB/200MB, paused 2.075ms total 67.539ms
08-05 22:01:47.767 22138 22149 I art     : Starting a blocking GC Explicit
08-05 22:01:47.836 22138 22149 I art     : Explicit concurrent mark sweep GC freed 3(96B) AllocSpace objects, 0(0B) LOS objects, 7% free, 184MB/200MB, paused 2.020ms total 68.438ms
08-05 22:01:47.862 22138 22149 I art     : Starting a blocking GC Explicit
08-05 22:01:47.932 22138 22149 I art     : Explicit concurrent mark sweep GC freed 15(752B) AllocSpace objects, 0(0B) LOS objects, 7% free, 184MB/200MB, paused 2.040ms total 69.992ms
08-05 22:01:47.958 22138 22149 I art     : Starting a blocking GC Explicit
08-05 22:01:48.027 22138 22149 I art     : Explicit concurrent mark sweep GC freed 13(640B) AllocSpace objects, 0(0B) LOS objects, 7% free, 184MB/200MB, paused 2ms total 69.020ms
08-05 22:01:48.320 24687 24687 D AndroidRuntime: >>>>>> START com.android.internal.os.RuntimeInit uid 2000 <<<<<<
08-05 22:01:48.328 24687 24687 D AndroidRuntime: CheckJNI is OFF
08-05 22:01:48.387 24687 24687 D ICU     : No timezone override file found: /data/misc/zoneinfo/current/icu/icu_tzdata.dat
08-05 22:01:48.431 24687 24687 I Radio-JNI: register_android_hardware_Radio DONE
08-05 22:01:48.464 24687 24687 D AndroidRuntime: Calling main entry com.android.commands.input.Input
08-05 22:01:48.467 24687 24687 I Input   : injectMotionEvent: MotionEvent { action=ACTION_DOWN, actionButton=0, id[0]=0, x[0]=500.0, y[0]=2000.0, toolType[0]=TOOL_TYPE_UNKNOWN, buttonState=0, metaState=0, flags=0x0, edgeFlags=0x0, pointerCount=1, historySize=0, eventTime=828124880, downTime=828124880, deviceId=0, source=0x1002 }
08-05 22:01:48.472 24687 24687 I Input   : injectMotionEvent: MotionEvent { action=ACTION_MOVE, actionButton=0, id[0]=0, x[0]=500.0, y[0]=2000.0, toolType[0]=TOOL_TYPE_UNKNOWN, buttonState=0, metaState=0, flags=0x0, edgeFlags=0x0, pointerCount=1, historySize=0, eventTime=828124880, downTime=828124880, deviceId=0, source=0x1002 }
08-05 22:01:48.479 24687 24687 I Input   : injectMotionEvent: MotionEvent { action=ACTION_MOVE, actionButton=0, id[0]=0, x[0]=500.0, y[0]=1977.2, toolType[0]=TOOL_TYPE_UNKNOWN, buttonState=0, metaState=0, flags=0x0, edgeFlags=0x0, pointerCount=1, historySize=0, eventTime=828124892, downTime=828124892, deviceId=0, source=0x1002 }
08-05 22:01:48.495 22138 22205 I art     : Starting a blocking GC Explicit
08-05 22:01:48.498 24687 24687 I Input   : injectMotionEvent: MotionEvent { action=ACTION_MOVE, actionButton=0, id[0]=0, x[0]=500.0, y[0]=1939.2, toolType[0]=TOOL_TYPE_UNKNOWN, buttonState=0, metaState=0, flags=0x0, edgeFlags=0x0, pointerCount=1, historySize=0, eventTime=828124912, downTime=828124912, deviceId=0, source=0x1002 }
08-05 22:01:48.524 24687 24687 I Input   : injectMotionEvent: MotionEvent { action=ACTION_MOVE, actionButton=0, id[0]=0, x[0]=500.0, y[0]=1889.8, toolType[0]=TOOL_TYPE_UNKNOWN, buttonState=0, metaState=0, flags=0x0, edgeFlags=0x0, pointerCount=1, historySize=0, eventTime=828124938, downTime=828124938, deviceId=0, source=0x1002 }
08-05 22:01:48.548 24687 24687 I Input   : injectMotionEvent: MotionEvent { action=ACTION_MOVE, actionButton=0, id[0]=0, x[0]=500.0, y[0]=1846.1, toolType[0]=TOOL_TYPE_UNKNOWN, buttonState=0, metaState=0, flags=0x0, edgeFlags=0x0, pointerCount=1, historySize=0, eventTime=828124961, downTime=828124961, deviceId=0, source=0x1002 }
08-05 22:01:48.569 24687 24687 I Input   : injectMotionEvent: MotionEvent { action=ACTION_MOVE, actionButton=0, id[0]=0, x[0]=500.0, y[0]=1806.2, toolType[0]=TOOL_TYPE_UNKNOWN, buttonState=0, metaState=0, flags=0x0, edgeFlags=0x0, pointerCount=1, historySize=0, eventTime=828124982, downTime=828124982, deviceId=0, source=0x1002 }
08-05 22:01:48.589 24687 24687 I Input   : injectMotionEvent: MotionEvent { action=ACTION_MOVE, actionButton=0, id[0]=0, x[0]=500.0, y[0]=1768.2, toolType[0]=TOOL_TYPE_UNKNOWN, buttonState=0, metaState=0, flags=0x0, edgeFlags=0x0, pointerCount=1, historySize=0, eventTime=828125002, downTime=828125002, deviceId=0, source=0x1002 }
08-05 22:01:48.597 22138 22205 I art     : Explicit concurrent mark sweep GC freed 1695(95KB) AllocSpace objects, 2(48KB) LOS objects, 7% free, 184MB/200MB, paused 2.615ms total 101.742ms
08-05 22:01:48.603 24687 24687 I Input   : injectMotionEvent: MotionEvent { action=ACTION_MOVE, actionButton=0, id[0]=0, x[0]=500.0, y[0]=1741.6, toolType[0]=TOOL_TYPE_UNKNOWN, buttonState=0, metaState=0, flags=0x0, edgeFlags=0x0, pointerCount=1, historySize=0, eventTime=828125016, downTime=828125016, deviceId=0, source=0x1002 }
08-05 22:01:48.618 24687 24687 I Input   : injectMotionEvent: MotionEvent { action=ACTION_MOVE, actionButton=0, id[0]=0, x[0]=500.0, y[0]=1713.1, toolType[0]=TOOL_TYPE_UNKNOWN, buttonState=0, metaState=0, flags=0x0, edgeFlags=0x0, pointerCount=1, historySize=0, eventTime=828125031, downTime=828125031, deviceId=0, source=0x1002 }
08-05 22:01:48.631 24687 24687 I Input   : injectMotionEvent: MotionEvent { action=ACTION_MOVE, actionButton=0, id[0]=0, x[0]=500.0, y[0]=1688.4, toolType[0]=TOOL_TYPE_UNKNOWN, buttonState=0, metaState=0, flags=0x0, edgeFlags=0x0, pointerCount=1, historySize=0, eventTime=828125044, downTime=828125044, deviceId=0, source=0x1002 }
08-05 22:01:48.632 22138 22205 I art     : Starting a blocking GC Explicit
08-05 22:01:48.649 24687 24687 I Input   : injectMotionEvent: MotionEvent { action=ACTION_MOVE, actionButton=0, id[0]=0, x[0]=500.0, y[0]=1654.2, toolType[0]=TOOL_TYPE_UNKNOWN, buttonState=0, metaState=0, flags=0x0, edgeFlags=0x0, pointerCount=1, historySize=0, eventTime=828125062, downTime=828125062, deviceId=0, source=0x1002 }
08-05 22:01:48.665 24687 24687 I Input   : injectMotionEvent: MotionEvent { action=ACTION_MOVE, actionButton=0, id[0]=0, x[0]=500.0, y[0]=1623.8, toolType[0]=TOOL_TYPE_UNKNOWN, buttonState=0, metaState=0, flags=0x0, edgeFlags=0x0, pointerCount=1, historySize=0, eventTime=828125078, downTime=828125078, deviceId=0, source=0x1002 }
08-05 22:01:48.682 24687 24687 I Input   : injectMotionEvent: MotionEvent { action=ACTION_MOVE, actionButton=0, id[0]=0, x[0]=500.0, y[0]=1591.5, toolType[0]=TOOL_TYPE_UNKNOWN, buttonState=0, metaState=0, flags=0x0, edgeFlags=0x0, pointerCount=1, historySize=0, eventTime=828125095, downTime=828125095, deviceId=0, source=0x1002 }
08-05 22:01:48.697 24687 24687 I Input   : injectMotionEvent: MotionEvent { action=ACTION_MOVE, actionButton=0, id[0]=0, x[0]=500.0, y[0]=1561.1, toolType[0]=TOOL_TYPE_UNKNOWN, buttonState=0, metaState=0, flags=0x0, edgeFlags=0x0, pointerCount=1, historySize=0, eventTime=828125111, downTime=828125111, deviceId=0, source=0x1002 }
08-05 22:01:48.707 22138 22205 I art     : Explicit concurrent mark sweep GC freed 71(2736B) AllocSpace objects, 0(0B) LOS objects, 7% free, 184MB/200MB, paused 2.363ms total 74.373ms
08-05 22:01:48.718 24687 24687 I Input   : injectMotionEvent: MotionEvent { action=ACTION_MOVE, actionButton=0, id[0]=0, x[0]=500.0, y[0]=1523.1001, toolType[0]=TOOL_TYPE_UNKNOWN, buttonState=0, metaState=0, flags=0x0, edgeFlags=0x0, pointerCount=1, historySize=0, eventTime=828125131, downTime=828125131, deviceId=0, source=0x1002 }
08-05 22:01:48.730 24687 24687 I Input   : injectMotionEvent: MotionEvent { action=ACTION_MOVE, actionButton=0, id[0]=0, x[0]=500.0, y[0]=1500.3, toolType[0]=TOOL_TYPE_UNKNOWN, buttonState=0, metaState=0, flags=0x0, edgeFlags=0x0, pointerCount=1, historySize=0, eventTime=828125143, downTime=828125143, deviceId=0, source=0x1002 }
08-05 22:01:48.733 22138 22205 I art     : Starting a blocking GC Explicit
08-05 22:01:48.747 24687 24687 I Input   : injectMotionEvent: MotionEvent { action=ACTION_MOVE, actionButton=0, id[0]=0, x[0]=500.0, y[0]=1466.1001, toolType[0]=TOOL_TYPE_UNKNOWN, buttonState=0, metaState=0, flags=0x0, edgeFlags=0x0, pointerCount=1, historySize=0, eventTime=828125161, downTime=828125161, deviceId=0, source=0x1002 }
08-05 22:01:48.765 24687 24687 I Input   : injectMotionEvent: MotionEvent { action=ACTION_MOVE, actionButton=0, id[0]=0, x[0]=500.0, y[0]=1431.9, toolType[0]=TOOL_TYPE_UNKNOWN, buttonState=0, metaState=0, flags=0x0, edgeFlags=0x0, pointerCount=1, historySize=0, eventTime=828125179, downTime=828125179, deviceId=0, source=0x1002 }
08-05 22:01:48.780 24687 24687 I Input   : injectMotionEvent: MotionEvent { action=ACTION_MOVE, actionButton=0, id[0]=0, x[0]=500.0, y[0]=1403.3999, toolType[0]=TOOL_TYPE_UNKNOWN, buttonState=0, metaState=0, flags=0x0, edgeFlags=0x0, pointerCount=1, historySize=0, eventTime=828125194, downTime=828125194, deviceId=0, source=0x1002 }
08-05 22:01:48.799 24687 24687 I Input   : injectMotionEvent: MotionEvent { action=ACTION_MOVE, actionButton=0, id[0]=0, x[0]=500.0, y[0]=1369.2, toolType[0]=TOOL_TYPE_UNKNOWN, buttonState=0, metaState=0, flags=0x0, edgeFlags=0x0, pointerCount=1, historySize=0, eventTime=828125212, downTime=828125212, deviceId=0, source=0x1002 }
08-05 22:01:48.807 22138 22205 I art     : Explicit concurrent mark sweep GC freed 19(784B) AllocSpace objects, 0(0B) LOS objects, 7% free, 184MB/200MB, paused 2.048ms total 73.195ms
08-05 22:01:48.816 24687 24687 I Input   : injectMotionEvent: MotionEvent { action=ACTION_MOVE, actionButton=0, id[0]=0, x[0]=500.0, y[0]=1336.8999, toolType[0]=TOOL_TYPE_UNKNOWN, buttonState=0, metaState=0, flags=0x0, edgeFlags=0x0, pointerCount=1, historySize=0, eventTime=828125229, downTime=828125229, deviceId=0, source=0x1002 }
08-05 22:01:48.831 24687 24687 I Input   : injectMotionEvent: MotionEvent { action=ACTION_MOVE, actionButton=0, id[0]=0, x[0]=500.0, y[0]=1308.4, toolType[0]=TOOL_TYPE_UNKNOWN, buttonState=0, metaState=0, flags=0x0, edgeFlags=0x0, pointerCount=1, historySize=0, eventTime=828125244, downTime=828125244, deviceId=0, source=0x1002 }
08-05 22:01:48.834 22138 22205 I art     : Starting a blocking GC Explicit
08-05 22:01:48.847 24687 24687 I Input   : injectMotionEvent: MotionEvent { action=ACTION_MOVE, actionButton=0, id[0]=0, x[0]=500.0, y[0]=1276.1, toolType[0]=TOOL_TYPE_UNKNOWN, buttonState=0, metaState=0, flags=0x0, edgeFlags=0x0, pointerCount=1, historySize=0, eventTime=828125261, downTime=828125261, deviceId=0, source=0x1002 }
08-05 22:01:48.868 24687 24687 I Input   : injectMotionEvent: MotionEvent { action=ACTION_MOVE, actionButton=0, id[0]=0, x[0]=500.0, y[0]=1238.1001, toolType[0]=TOOL_TYPE_UNKNOWN, buttonState=0, metaState=0, flags=0x0, edgeFlags=0x0, pointerCount=1, historySize=0, eventTime=828125281, downTime=828125281, deviceId=0, source=0x1002 }
08-05 22:01:48.881 24687 24687 I Input   : injectMotionEvent: MotionEvent { action=ACTION_MOVE, actionButton=0, id[0]=0, x[0]=500.0, y[0]=1213.3999, toolType[0]=TOOL_TYPE_UNKNOWN, buttonState=0, metaState=0, flags=0x0, edgeFlags=0x0, pointerCount=1, historySize=0, eventTime=828125294, downTime=828125294, deviceId=0, source=0x1002 }
08-05 22:01:48.909 22138 22205 I art     : Explicit concurrent mark sweep GC freed 9(304B) AllocSpace objects, 0(0B) LOS objects, 7% free, 184MB/200MB, paused 2.436ms total 74.533ms
08-05 22:01:48.933 22138 22205 I art     : Starting a blocking GC Explicit
08-05 22:01:48.954 24687 24687 I Input   : injectMotionEvent: MotionEvent { action=ACTION_MOVE, actionButton=0, id[0]=0, x[0]=500.0, y[0]=1072.8, toolType[0]=TOOL_TYPE_UNKNOWN, buttonState=0, metaState=0, flags=0x0, edgeFlags=0x0, pointerCount=1, historySize=0, eventTime=828125368, downTime=828125368, deviceId=0, source=0x1002 }
08-05 22:01:48.970 13866 13882 I PeriodicStatsRunner: PeriodicStatsRunner.call():175 call()
08-05 22:01:48.970 13866 13882 I PeriodicStatsRunner: PeriodicStatsRunner.call():179 No submit PeriodicStats since input started.
08-05 22:01:49.001 22138 22205 I art     : Explicit concurrent mark sweep GC freed 4(128B) AllocSpace objects, 0(0B) LOS objects, 7% free, 184MB/200MB, paused 1.878ms total 67.801ms
08-05 22:01:49.021 24687 24687 I Input   : injectMotionEvent: MotionEvent { action=ACTION_MOVE, actionButton=0, id[0]=0, x[0]=500.0, y[0]=947.3999, toolType[0]=TOOL_TYPE_UNKNOWN, buttonState=0, metaState=0, flags=0x0, edgeFlags=0x0, pointerCount=1, historySize=0, eventTime=828125434, downTime=828125434, deviceId=0, source=0x1002 }
08-05 22:01:49.087 24687 24687 I Input   : injectMotionEvent: MotionEvent { action=ACTION_MOVE, actionButton=0, id[0]=0, x[0]=500.0, y[0]=822.0, toolType[0]=TOOL_TYPE_UNKNOWN, buttonState=0, metaState=0, flags=0x0, edgeFlags=0x0, pointerCount=1, historySize=0, eventTime=828125500, downTime=828125500, deviceId=0, source=0x1002 }
08-05 22:01:49.146 24687 24687 I Input   : injectMotionEvent: MotionEvent { action=ACTION_MOVE, actionButton=0, id[0]=0, x[0]=500.0, y[0]=709.8999, toolType[0]=TOOL_TYPE_UNKNOWN, buttonState=0, metaState=0, flags=0x0, edgeFlags=0x0, pointerCount=1, historySize=0, eventTime=828125559, downTime=828125559, deviceId=0, source=0x1002 }
08-05 22:01:49.208 24687 24687 I Input   : injectMotionEvent: MotionEvent { action=ACTION_MOVE, actionButton=0, id[0]=0, x[0]=500.0, y[0]=592.1, toolType[0]=TOOL_TYPE_UNKNOWN, buttonState=0, metaState=0, flags=0x0, edgeFlags=0x0, pointerCount=1, historySize=0, eventTime=828125621, downTime=828125621, deviceId=0, source=0x1002 }
08-05 22:01:49.280 24687 24687 I Input   : injectMotionEvent: MotionEvent { action=ACTION_MOVE, actionButton=0, id[0]=0, x[0]=500.0, y[0]=455.29993, toolType[0]=TOOL_TYPE_UNKNOWN, buttonState=0, metaState=0, flags=0x0, edgeFlags=0x0, pointerCount=1, historySize=0, eventTime=828125693, downTime=828125693, deviceId=0, source=0x1002 }
08-05 22:01:49.346 24687 24687 I Input   : injectMotionEvent: MotionEvent { action=ACTION_MOVE, actionButton=0, id[0]=0, x[0]=500.0, y[0]=329.90002, toolType[0]=TOOL_TYPE_UNKNOWN, buttonState=0, metaState=0, flags=0x0, edgeFlags=0x0, pointerCount=1, historySize=0, eventTime=828125759, downTime=828125759, deviceId=0, source=0x1002 }
08-05 22:01:49.430 24687 24687 I Input   : injectMotionEvent: MotionEvent { action=ACTION_MOVE, actionButton=0, id[0]=0, x[0]=500.0, y[0]=170.30005, toolType[0]=TOOL_TYPE_UNKNOWN, buttonState=0, metaState=0, flags=0x0, edgeFlags=0x0, pointerCount=1, historySize=0, eventTime=828125843, downTime=828125843, deviceId=0, source=0x1002 }
08-05 22:01:49.462 22138 23095 I art     : Starting a blocking GC Explicit
08-05 22:01:49.470 24687 24687 I Input   : injectMotionEvent: MotionEvent { action=ACTION_UP, actionButton=0, id[0]=0, x[0]=500.0, y[0]=100.0, toolType[0]=TOOL_TYPE_UNKNOWN, buttonState=0, metaState=0, flags=0x0, edgeFlags=0x0, pointerCount=1, historySize=0, eventTime=828125883, downTime=828125883, deviceId=0, source=0x1002 }
08-05 22:01:49.509 24687 24687 D AndroidRuntime: Shutting down VM
08-05 22:01:49.529 22138 23095 I art     : Explicit concurrent mark sweep GC freed 1635(93KB) AllocSpace objects, 2(48KB) LOS objects, 7% free, 184MB/200MB, paused 1.976ms total 66.518ms
08-05 22:01:49.553 22138 23095 I art     : Starting a blocking GC Explicit
08-05 22:01:49.556 15841 16016 E GoogleConversionReporter: Error sending ping
08-05 22:01:49.556 15841 16016 E GoogleConversionReporter: bljc: Exception in CronetUrlRequest: net::ERR_CONNECTION_CLOSED, ErrorCode=5, InternalErrorCode=-100, Retryable=true
08-05 22:01:49.556 15841 16016 E GoogleConversionReporter: 	at org.chromium.net.impl.CronetUrlRequest.onError(PG:55)
08-05 22:01:49.616 22138 23095 I art     : Explicit concurrent mark sweep GC freed 28(1024B) AllocSpace objects, 0(0B) LOS objects, 7% free, 184MB/200MB, paused 1.910ms total 62.785ms
08-05 22:01:49.642 22138 23095 I art     : Starting a blocking GC Explicit
08-05 22:01:49.719 22138 23095 I art     : Explicit concurrent mark sweep GC freed 3(96B) AllocSpace objects, 0(0B) LOS objects, 7% free, 184MB/200MB, paused 2.542ms total 76.491ms
08-05 22:01:49.748 22138 23095 I art     : Starting a blocking GC Explicit
08-05 22:01:49.815 22138 23095 I art     : Explicit concurrent mark sweep GC freed 3(96B) AllocSpace objects, 0(0B) LOS objects, 7% free, 184MB/200MB, paused 1.992ms total 66.163ms
08-05 22:01:49.841 22138 23095 I art     : Starting a blocking GC Explicit
08-05 22:01:49.909 22138 23095 I art     : Explicit concurrent mark sweep GC freed 4(128B) AllocSpace objects, 0(0B) LOS objects, 7% free, 184MB/200MB, paused 2.155ms total 68.489ms
08-05 22:01:50.017   918  3188 I hubconnection: sensorhub said: 'set_bias 3: -5.4336, 0.0000, 0.0000'
08-05 22:01:50.388 22138 23095 I art     : Starting a blocking GC Explicit
08-05 22:01:50.400 24726 24726 D AndroidRuntime: >>>>>> START com.android.internal.os.RuntimeInit uid 2000 <<<<<<
08-05 22:01:50.406 24726 24726 D AndroidRuntime: CheckJNI is OFF
08-05 22:01:50.458 24726 24726 D ICU     : No timezone override file found: /data/misc/zoneinfo/current/icu/icu_tzdata.dat
08-05 22:01:50.459 22138 23095 I art     : Explicit concurrent mark sweep GC freed 1648(94KB) AllocSpace objects, 2(48KB) LOS objects, 7% free, 184MB/200MB, paused 2.139ms total 69.668ms
08-05 22:01:50.485 22138 23095 I art     : Starting a blocking GC Explicit
08-05 22:01:50.503 24726 24726 I Radio-JNI: register_android_hardware_Radio DONE
08-05 22:01:50.535 24726 24726 D AndroidRuntime: Calling main entry com.android.commands.input.Input
08-05 22:01:50.538 24726 24726 I Input   : injectMotionEvent: MotionEvent { action=ACTION_DOWN, actionButton=0, id[0]=0, x[0]=500.0, y[0]=2000.0, toolType[0]=TOOL_TYPE_UNKNOWN, buttonState=0, metaState=0, flags=0x0, edgeFlags=0x0, pointerCount=1, historySize=0, eventTime=828126951, downTime=828126951, deviceId=0, source=0x1002 }
08-05 22:01:50.543 24726 24726 I Input   : injectMotionEvent: MotionEvent { action=ACTION_MOVE, actionButton=0, id[0]=0, x[0]=500.0, y[0]=2000.0, toolType[0]=TOOL_TYPE_UNKNOWN, buttonState=0, metaState=0, flags=0x0, edgeFlags=0x0, pointerCount=1, historySize=0, eventTime=828126951, downTime=828126951, deviceId=0, source=0x1002 }
08-05 22:01:50.548 24726 24726 I Input   : injectMotionEvent: MotionEvent { action=ACTION_MOVE, actionButton=0, id[0]=0, x[0]=500.0, y[0]=1981.0, toolType[0]=TOOL_TYPE_UNKNOWN, buttonState=0, metaState=0, flags=0x0, edgeFlags=0x0, pointerCount=1, historySize=0, eventTime=828126961, downTime=828126961, deviceId=0, source=0x1002 }
08-05 22:01:50.554 22138 23095 I art     : Explicit concurrent mark sweep GC freed 38(1568B) AllocSpace objects, 0(0B) LOS objects, 7% free, 184MB/200MB, paused 2.167ms total 68.173ms
08-05 22:01:50.565 24726 24726 I Input   : injectMotionEvent: MotionEvent { action=ACTION_MOVE, actionButton=0, id[0]=0, x[0]=500.0, y[0]=1948.7, toolType[0]=TOOL_TYPE_UNKNOWN, buttonState=0, metaState=0, flags=0x0, edgeFlags=0x0, pointerCount=1, historySize=0, eventTime=828126978, downTime=828126978, deviceId=0, source=0x1002 }
08-05 22:01:50.582 22138 23095 I art     : Starting a blocking GC Explicit
08-05 22:01:50.583 24726 24726 I Input   : injectMotionEvent: MotionEvent { action=ACTION_MOVE, actionButton=0, id[0]=0, x[0]=500.0, y[0]=1914.5, toolType[0]=TOOL_TYPE_UNKNOWN, buttonState=0, metaState=0, flags=0x0, edgeFlags=0x0, pointerCount=1, historySize=0, eventTime=828126996, downTime=828126996, deviceId=0, source=0x1002 }
08-05 22:01:50.599 24726 24726 I Input   : injectMotionEvent: MotionEvent { action=ACTION_MOVE, actionButton=0, id[0]=0, x[0]=500.0, y[0]=1884.1, toolType[0]=TOOL_TYPE_UNKNOWN, buttonState=0, metaState=0, flags=0x0, edgeFlags=0x0, pointerCount=1, historySize=0, eventTime=828127012, downTime=828127012, deviceId=0, source=0x1002 }
08-05 22:01:50.647 24726 24726 I Input   : injectMotionEvent: MotionEvent { action=ACTION_MOVE, actionButton=0, id[0]=0, x[0]=500.0, y[0]=1792.9, toolType[0]=TOOL_TYPE_UNKNOWN, buttonState=0, metaState=0, flags=0x0, edgeFlags=0x0, pointerCount=1, historySize=0, eventTime=828127060, downTime=828127060, deviceId=0, source=0x1002 }
08-05 22:01:50.654 22138 23095 I art     : Explicit concurrent mark sweep GC freed 20(640B) AllocSpace objects, 0(0B) LOS objects, 7% free, 184MB/200MB, paused 1.863ms total 71.521ms
08-05 22:01:50.678 22138 23095 I art     : Starting a blocking GC Explicit
08-05 22:01:50.686 24726 24726 I Input   : injectMotionEvent: MotionEvent { action=ACTION_MOVE, actionButton=0, id[0]=0, x[0]=500.0, y[0]=1718.8, toolType[0]=TOOL_TYPE_UNKNOWN, buttonState=0, metaState=0, flags=0x0, edgeFlags=0x0, pointerCount=1, historySize=0, eventTime=828127099, downTime=828127099, deviceId=0, source=0x1002 }
08-05 22:01:50.726 24726 24726 I Input   : injectMotionEvent: MotionEvent { action=ACTION_MOVE, actionButton=0, id[0]=0, x[0]=500.0, y[0]=1642.8, toolType[0]=TOOL_TYPE_UNKNOWN, buttonState=0, metaState=0, flags=0x0, edgeFlags=0x0, pointerCount=1, historySize=0, eventTime=828127139, downTime=828127139, deviceId=0, source=0x1002 }
08-05 22:01:50.739 22138 23095 I art     : Explicit concurrent mark sweep GC freed 14(448B) AllocSpace objects, 0(0B) LOS objects, 7% free, 184MB/200MB, paused 1.999ms total 60.586ms
08-05 22:01:50.764 24726 24726 I Input   : injectMotionEvent: MotionEvent { action=ACTION_MOVE, actionButton=0, id[0]=0, x[0]=500.0, y[0]=1570.6, toolType[0]=TOOL_TYPE_UNKNOWN, buttonState=0, metaState=0, flags=0x0, edgeFlags=0x0, pointerCount=1, historySize=0, eventTime=828127177, downTime=828127177, deviceId=0, source=0x1002 }
08-05 22:01:50.766 22138 23095 I art     : Starting a blocking GC Explicit
08-05 22:01:50.802 24726 24726 I Input   : injectMotionEvent: MotionEvent { action=ACTION_MOVE, actionButton=0, id[0]=0, x[0]=500.0, y[0]=1498.4, toolType[0]=TOOL_TYPE_UNKNOWN, buttonState=0, metaState=0, flags=0x0, edgeFlags=0x0, pointerCount=1, historySize=0, eventTime=828127215, downTime=828127215, deviceId=0, source=0x1002 }
08-05 22:01:50.839 22138 23095 I art     : Explicit concurrent mark sweep GC freed 13(416B) AllocSpace objects, 0(0B) LOS objects, 7% free, 184MB/200MB, paused 2.133ms total 73.235ms
08-05 22:01:50.841 24726 24726 I Input   : injectMotionEvent: MotionEvent { action=ACTION_MOVE, actionButton=0, id[0]=0, x[0]=500.0, y[0]=1424.3, toolType[0]=TOOL_TYPE_UNKNOWN, buttonState=0, metaState=0, flags=0x0, edgeFlags=0x0, pointerCount=1, historySize=0, eventTime=828127254, downTime=828127254, deviceId=0, source=0x1002 }
08-05 22:01:50.880 24726 24726 I Input   : injectMotionEvent: MotionEvent { action=ACTION_MOVE, actionButton=0, id[0]=0, x[0]=500.0, y[0]=1350.2, toolType[0]=TOOL_TYPE_UNKNOWN, buttonState=0, metaState=0, flags=0x0, edgeFlags=0x0, pointerCount=1, historySize=0, eventTime=828127293, downTime=828127293, deviceId=0, source=0x1002 }
08-05 22:01:50.918 24726 24726 I Input   : injectMotionEvent: MotionEvent { action=ACTION_MOVE, actionButton=0, id[0]=0, x[0]=500.0, y[0]=1278.0, toolType[0]=TOOL_TYPE_UNKNOWN, buttonState=0, metaState=0, flags=0x0, edgeFlags=0x0, pointerCount=1, historySize=0, eventTime=828127331, downTime=828127331, deviceId=0, source=0x1002 }
08-05 22:01:50.955 24726 24726 I Input   : injectMotionEvent: MotionEvent { action=ACTION_MOVE, actionButton=0, id[0]=0, x[0]=500.0, y[0]=1207.7, toolType[0]=TOOL_TYPE_UNKNOWN, buttonState=0, metaState=0, flags=0x0, edgeFlags=0x0, pointerCount=1, historySize=0, eventTime=828127368, downTime=828127368, deviceId=0, source=0x1002 }
08-05 22:01:50.993 24726 24726 I Input   : injectMotionEvent: MotionEvent { action=ACTION_MOVE, actionButton=0, id[0]=0, x[0]=500.0, y[0]=1135.5, toolType[0]=TOOL_TYPE_UNKNOWN, buttonState=0, metaState=0, flags=0x0, edgeFlags=0x0, pointerCount=1, historySize=0, eventTime=828127406, downTime=828127406, deviceId=0, source=0x1002 }
08-05 22:01:51.031 24726 24726 I Input   : injectMotionEvent: MotionEvent { action=ACTION_MOVE, actionButton=0, id[0]=0, x[0]=500.0, y[0]=1063.3, toolType[0]=TOOL_TYPE_UNKNOWN, buttonState=0, metaState=0, flags=0x0, edgeFlags=0x0, pointerCount=1, historySize=0, eventTime=828127444, downTime=828127444, deviceId=0, source=0x1002 }
08-05 22:01:51.070 24726 24726 I Input   : injectMotionEvent: MotionEvent { action=ACTION_MOVE, actionButton=0, id[0]=0, x[0]=500.0, y[0]=989.2, toolType[0]=TOOL_TYPE_UNKNOWN, buttonState=0, metaState=0, flags=0x0, edgeFlags=0x0, pointerCount=1, historySize=0, eventTime=828127483, downTime=828127483, deviceId=0, source=0x1002 }
08-05 22:01:51.108 24726 24726 I Input   : injectMotionEvent: MotionEvent { action=ACTION_MOVE, actionButton=0, id[0]=0, x[0]=500.0, y[0]=917.0, toolType[0]=TOOL_TYPE_UNKNOWN, buttonState=0, metaState=0, flags=0x0, edgeFlags=0x0, pointerCount=1, historySize=0, eventTime=828127521, downTime=828127521, deviceId=0, source=0x1002 }
08-05 22:01:51.146 24726 24726 I Input   : injectMotionEvent: MotionEvent { action=ACTION_MOVE, actionButton=0, id[0]=0, x[0]=500.0, y[0]=844.80005, toolType[0]=TOOL_TYPE_UNKNOWN, buttonState=0, metaState=0, flags=0x0, edgeFlags=0x0, pointerCount=1, historySize=0, eventTime=828127559, downTime=828127559, deviceId=0, source=0x1002 }
08-05 22:01:51.187 24726 24726 I Input   : injectMotionEvent: MotionEvent { action=ACTION_MOVE, actionButton=0, id[0]=0, x[0]=500.0, y[0]=766.9, toolType[0]=TOOL_TYPE_UNKNOWN, buttonState=0, metaState=0, flags=0x0, edgeFlags=0x0, pointerCount=1, historySize=0, eventTime=828127600, downTime=828127600, deviceId=0, source=0x1002 }
08-05 22:01:51.226 24726 24726 I Input   : injectMotionEvent: MotionEvent { action=ACTION_MOVE, actionButton=0, id[0]=0, x[0]=500.0, y[0]=692.7999, toolType[0]=TOOL_TYPE_UNKNOWN, buttonState=0, metaState=0, flags=0x0, edgeFlags=0x0, pointerCount=1, historySize=0, eventTime=828127639, downTime=828127639, deviceId=0, source=0x1002 }
08-05 22:01:51.265 24726 24726 I Input   : injectMotionEvent: MotionEvent { action=ACTION_MOVE, actionButton=0, id[0]=0, x[0]=500.0, y[0]=618.69995, toolType[0]=TOOL_TYPE_UNKNOWN, buttonState=0, metaState=0, flags=0x0, edgeFlags=0x0, pointerCount=1, historySize=0, eventTime=828127678, downTime=828127678, deviceId=0, source=0x1002 }
08-05 22:01:51.287 22138 22785 I art     : Starting a blocking GC Explicit
08-05 22:01:51.308 24726 24726 I Input   : injectMotionEvent: MotionEvent { action=ACTION_MOVE, actionButton=0, id[0]=0, x[0]=500.0, y[0]=537.0, toolType[0]=TOOL_TYPE_UNKNOWN, buttonState=0, metaState=0, flags=0x0, edgeFlags=0x0, pointerCount=1, historySize=0, eventTime=828127721, downTime=828127721, deviceId=0, source=0x1002 }
08-05 22:01:51.348 24726 24726 I Input   : injectMotionEvent: MotionEvent { action=ACTION_MOVE, actionButton=0, id[0]=0, x[0]=500.0, y[0]=459.09998, toolType[0]=TOOL_TYPE_UNKNOWN, buttonState=0, metaState=0, flags=0x0, edgeFlags=0x0, pointerCount=1, historySize=0, eventTime=828127762, downTime=828127762, deviceId=0, source=0x1002 }
08-05 22:01:51.355 22138 22785 I art     : Explicit concurrent mark sweep GC freed 1667(94KB) AllocSpace objects, 2(48KB) LOS objects, 7% free, 184MB/200MB, paused 1.960ms total 67.249ms
08-05 22:01:51.379 22138 22785 I art     : Starting a blocking GC Explicit
08-05 22:01:51.390 24726 24726 I Input   : injectMotionEvent: MotionEvent { action=ACTION_MOVE, actionButton=0, id[0]=0, x[0]=500.0, y[0]=379.30005, toolType[0]=TOOL_TYPE_UNKNOWN, buttonState=0, metaState=0, flags=0x0, edgeFlags=0x0, pointerCount=1, historySize=0, eventTime=828127804, downTime=828127804, deviceId=0, source=0x1002 }
08-05 22:01:51.428 24726 24726 I Input   : injectMotionEvent: MotionEvent { action=ACTION_MOVE, actionButton=0, id[0]=0, x[0]=500.0, y[0]=309.0, toolType[0]=TOOL_TYPE_UNKNOWN, buttonState=0, metaState=0, flags=0x0, edgeFlags=0x0, pointerCount=1, historySize=0, eventTime=828127841, downTime=828127841, deviceId=0, source=0x1002 }
08-05 22:01:51.446 22138 22785 I art     : Explicit concurrent mark sweep GC freed 48(1888B) AllocSpace objects, 0(0B) LOS objects, 7% free, 184MB/200MB, paused 1.848ms total 66.780ms
08-05 22:01:51.465 24726 24726 I Input   : injectMotionEvent: MotionEvent { action=ACTION_MOVE, actionButton=0, id[0]=0, x[0]=500.0, y[0]=238.70007, toolType[0]=TOOL_TYPE_UNKNOWN, buttonState=0, metaState=0, flags=0x0, edgeFlags=0x0, pointerCount=1, historySize=0, eventTime=828127878, downTime=828127878, deviceId=0, source=0x1002 }
08-05 22:01:51.470 22138 22785 I art     : Starting a blocking GC Explicit
08-05 22:01:51.502 24726 24726 I Input   : injectMotionEvent: MotionEvent { action=ACTION_MOVE, actionButton=0, id[0]=0, x[0]=500.0, y[0]=168.40002, toolType[0]=TOOL_TYPE_UNKNOWN, buttonState=0, metaState=0, flags=0x0, edgeFlags=0x0, pointerCount=1, historySize=0, eventTime=828127915, downTime=828127915, deviceId=0, source=0x1002 }
08-05 22:01:51.535 22138 22785 I art     : Explicit concurrent mark sweep GC freed 11(352B) AllocSpace objects, 0(0B) LOS objects, 7% free, 184MB/200MB, paused 1.882ms total 64.471ms
08-05 22:01:51.544 24726 24726 I Input   : injectMotionEvent: MotionEvent { action=ACTION_UP, actionButton=0, id[0]=0, x[0]=500.0, y[0]=100.0, toolType[0]=TOOL_TYPE_UNKNOWN, buttonState=0, metaState=0, flags=0x0, edgeFlags=0x0, pointerCount=1, historySize=0, eventTime=828127958, downTime=828127958, deviceId=0, source=0x1002 }
08-05 22:01:51.559 22138 22785 I art     : Starting a blocking GC Explicit
08-05 22:01:51.583 24726 24726 D AndroidRuntime: Shutting down VM
08-05 22:01:51.600 13866 13882 I PeriodicStatsRunner: PeriodicStatsRunner.call():175 call()
08-05 22:01:51.600 13866 13882 I PeriodicStatsRunner: PeriodicStatsRunner.call():179 No submit PeriodicStats since input started.
08-05 22:01:51.624 22138 22785 I art     : Explicit concurrent mark sweep GC freed 9(288B) AllocSpace objects, 0(0B) LOS objects, 7% free, 184MB/200MB, paused 2.059ms total 63.988ms
08-05 22:01:51.647 22138 22785 I art     : Starting a blocking GC Explicit
08-05 22:01:51.710 22138 22785 I art     : Explicit concurrent mark sweep GC freed 3(96B) AllocSpace objects, 0(0B) LOS objects, 7% free, 184MB/200MB, paused 2.174ms total 62.733ms
08-05 22:01:51.710 22138 22148 I art     : WaitForGcToComplete blocked for 54.509ms for cause HeapTrim
08-05 22:01:51.805   918  3261 D WifiStateMachine: starting scan for "H369AA63323"WPA_PSK with 2412,5180
08-05 22:01:52.157 22138 22150 I art     : Starting a blocking GC Explicit
08-05 22:01:52.229 22138 22150 I art     : Explicit concurrent mark sweep GC freed 1632(94KB) AllocSpace objects, 2(48KB) LOS objects, 7% free, 184MB/200MB, paused 2.182ms total 70.875ms
08-05 22:01:52.253 22138 22150 I art     : Starting a blocking GC Explicit
08-05 22:01:52.320 22138 22150 I art     : Explicit concurrent mark sweep GC freed 28(1024B) AllocSpace objects, 0(0B) LOS objects, 7% free, 184MB/200MB, paused 2.002ms total 67.093ms
08-05 22:01:52.346 22138 22150 I art     : Starting a blocking GC Explicit
08-05 22:01:52.416 22138 22150 I art     : Explicit concurrent mark sweep GC freed 40(1088B) AllocSpace objects, 0(0B) LOS objects, 7% free, 184MB/200MB, paused 1.989ms total 69.923ms
08-05 22:01:52.442 22138 22150 I art     : Starting a blocking GC Explicit
08-05 22:01:52.473 24769 24769 D AndroidRuntime: >>>>>> START com.android.internal.os.RuntimeInit uid 2000 <<<<<<
08-05 22:01:52.479 24769 24769 D AndroidRuntime: CheckJNI is OFF
08-05 22:01:52.512 22138 22150 I art     : Explicit concurrent mark sweep GC freed 3(96B) AllocSpace objects, 0(0B) LOS objects, 7% free, 184MB/200MB, paused 2.033ms total 69.658ms
08-05 22:01:52.533 24769 24769 D ICU     : No timezone override file found: /data/misc/zoneinfo/current/icu/icu_tzdata.dat
08-05 22:01:52.538 22138 22150 I art     : Starting a blocking GC Explicit
08-05 22:01:52.577 24769 24769 I Radio-JNI: register_android_hardware_Radio DONE
08-05 22:01:52.608 22138 22150 I art     : Explicit concurrent mark sweep GC freed 3(96B) AllocSpace objects, 0(0B) LOS objects, 7% free, 184MB/200MB, paused 1.968ms total 68.892ms
08-05 22:01:52.608 24769 24769 D AndroidRuntime: Calling main entry com.android.commands.input.Input
08-05 22:01:52.611 24769 24769 I Input   : injectMotionEvent: MotionEvent { action=ACTION_DOWN, actionButton=0, id[0]=0, x[0]=657.0, y[0]=2080.0, toolType[0]=TOOL_TYPE_UNKNOWN, buttonState=0, metaState=0, flags=0x0, edgeFlags=0x0, pointerCount=1, historySize=0, eventTime=828129023, downTime=828129023, deviceId=0, source=0x1002 }
08-05 22:01:52.616 24769 24769 I Input   : injectMotionEvent: MotionEvent { action=ACTION_UP, actionButton=0, id[0]=0, x[0]=657.0, y[0]=2080.0, toolType[0]=TOOL_TYPE_UNKNOWN, buttonState=0, metaState=0, flags=0x0, edgeFlags=0x0, pointerCount=1, historySize=0, eventTime=828129023, downTime=828129023, deviceId=0, source=0x1002 }
08-05 22:01:52.618   918   928 I ActivityManager: START u0 {cmp=baseline.io.github.project_travel_mate/.utilities.UpcomingWeekendsActivity} from uid 10674 on display 0
08-05 22:01:52.621   512  2967 D audio_hw_primary: out_set_parameters: enter: usecase(1: low-latency-playback) kvpairs: routing=2
08-05 22:01:52.625 24769 24769 D AndroidRuntime: Shutting down VM
08-05 22:01:52.634   512  2967 D audio_hw_primary: select_devices: out_snd_device(2: speaker) in_snd_device(0: none)
08-05 22:01:52.634   512  2967 D msm8974_platform: platform_send_audio_calibration: sending audio calibration for snd_device(2) acdb_id(15)
08-05 22:01:52.634   512  2967 I soundtrigger: audio_extn_sound_trigger_update_device_status: device 0x2 of type 0 for Event 1
08-05 22:01:52.649   512  2967 D audio_hw_primary: enable_snd_device: snd_device(2: speaker)
08-05 22:01:52.652   512  2967 D audio_hw_primary: enable_audio_route: apply and update mixer path: low-latency-playback speaker
08-05 22:01:52.682 22138 22203 D Gabe    : call	returning from cache
08-05 22:01:52.686 22138 22138 V EXECUTING: https://project-travel-mate.herokuapp.com/api/get-upcoming-holidays/2020
08-05 22:01:52.690 22138 22138 V EXECUTING: https://project-travel-mate.herokuapp.com/api/get-upcoming-holidays/2020
08-05 22:01:52.782 13866 13866 I GoogleInputMethodServic: GoogleInputMethodService.onFinishInput():3138 
08-05 22:01:52.795 13866 13866 I GoogleInputMethodServic: GoogleInputMethodService.onStartInput():1808 
08-05 22:01:52.898   918   936 I ActivityManager: Displayed baseline.io.github.project_travel_mate/.utilities.UpcomingWeekendsActivity: +255ms
08-05 22:01:53.074 22138 23095 I art     : Starting a blocking GC Explicit
08-05 22:01:53.151   380   380 W SurfaceFlinger: couldn't log to binary event log: overflow.
08-05 22:01:53.151 22138 23095 I art     : Explicit concurrent mark sweep GC freed 3541(193KB) AllocSpace objects, 2(48KB) LOS objects, 7% free, 189MB/205MB, paused 2.792ms total 75.986ms
08-05 22:01:53.179 22138 23095 I art     : Starting a blocking GC Explicit
08-05 22:01:53.198   512  2967 D audio_hw_primary: disable_audio_route: reset and update mixer path: low-latency-playback speaker
08-05 22:01:53.199   512  2967 D audio_hw_primary: disable_snd_device: snd_device(2: speaker)
08-05 22:01:53.207   512  2967 I soundtrigger: audio_extn_sound_trigger_update_device_status: device 0x2 of type 0 for Event 0
08-05 22:01:53.252 22138 23095 I art     : Explicit concurrent mark sweep GC freed 1238(67KB) AllocSpace objects, 0(0B) LOS objects, 7% free, 189MB/205MB, paused 3.012ms total 72.645ms
08-05 22:01:53.283 22138 23095 I art     : Starting a blocking GC Explicit
08-05 22:01:53.342 22138 24794 I NAPPA_EXPERIMENTATION: MetricNetworkRequestExecutionTime: REQUEST_DURATION_SYSTEM='651',REQUEST_DURATION_OKHTTP='43',REQUEST_SYNCHRONOUS='FALSE',RESPONSE_CODE='200',RESPONSE_METHOD='GET',RESPONSE_LENGTH_OKHTTP='6426',RESPONSE_LENGTH_HEADER='6426',REQUEST_PROTOCOL='http/1.1',REQUEST_URL='https://project-travel-mate.herokuapp.com/api/get-upcoming-holidays/2020',
08-05 22:01:53.352 22138 23095 I art     : Explicit concurrent mark sweep GC freed 4409(216KB) AllocSpace objects, 7(416KB) LOS objects, 7% free, 189MB/205MB, paused 2.267ms total 69.209ms
08-05 22:01:53.376 22138 23095 I art     : Starting a blocking GC Explicit
08-05 22:01:53.380 22138 24793 I NAPPA_EXPERIMENTATION: MetricNetworkRequestExecutionTime: REQUEST_DURATION_SYSTEM='692',REQUEST_DURATION_OKHTTP='77',REQUEST_SYNCHRONOUS='FALSE',RESPONSE_CODE='200',RESPONSE_METHOD='GET',RESPONSE_LENGTH_OKHTTP='6426',RESPONSE_LENGTH_HEADER='6426',REQUEST_PROTOCOL='http/1.1',REQUEST_URL='https://project-travel-mate.herokuapp.com/api/get-upcoming-holidays/2020',
08-05 22:01:53.440 22138 23095 I art     : Explicit concurrent mark sweep GC freed 2296(254KB) AllocSpace objects, 2(32KB) LOS objects, 7% free, 189MB/205MB, paused 1.967ms total 64.406ms
08-05 22:01:53.441 22138 22138 V Response: [{"month":"January","date":1,"day":"Wednesday","name":"New Year's Day","type":"Restricted"},{"month":"January","date":2,"day":"Thursday","name":"Guru Govind Singh Jayanti","type":"Restricted"},{"month":"January","date":14,"day":"Tuesday","name":"Lohri","type":"Restricted"},{"month":"January","date":15,"day":"Wednesday","name":"Pongal","type":"Restricted"},{"month":"January","date":15,"day":"Wednesday","name":"Makar Sankranti","type":"Restricted"},{"month":"January","date":25,"day":"Saturday","name":"Chinese New Year","type":"Observance"},{"month":"January","date":26,"day":"Sunday","name":"Republic Day","type":"Gazetted"},{"month":"January","date":30,"day":"Thursday","name":"Vasant Panchami","type":"Restricted"},{"month":"February","date":9,"day":"Sunday","name":"Guru Ravidas Jayanti","type":"Restricted"},{"month":"February","date":14,"day":"Friday","name":"Valentine's Day","type":"Observance"},{"month":"February","date":18,"day":"Tuesday","name":"Maharishi Dayanand Saraswati Jayanti","type":"Restricted"},{"month":"February","date":19,"day":"Wednesday","name":"Shivaji Jayanti","type":"Restricted"},{"month":"February","date":21,"day":"Friday","name":"Maha Shivaratri/Shivaratri","type":"Gazetted"},{"month":"March","date":9,"day":"Monday","name":"Holika Dahana","type":"Restricted"},{"month":"March","date":9,"day":"Monday","name":"Hazarat Ali's Birthday","type":"Restricted"},{"month":"March","date":10,"day":"Tuesday","name":"Holi","type":"Gazetted"},{"month":"March","date":20,"day":"Friday","name":"March Equinox","type":"Season"},{"month":"March","date":25,"day":"Wednesday","name":"Chaitra Sukhladi","type":"Restricted"},{"month":"April","date":2,"day":"Thursday","name":"Rama Navami","type":"Gazetted"},{"month":"April","date":6,"day":"Monday","name":"Mahavir Jayanti","type":"Gazetted"},{"month":"April","date":9,"day":"Thursday","name":"First day of Passover","type":"Observance"},{"month":"April","date":9,"day":"Thursday","name":"Maundy Thursday","type":"Observance,"},{"month":"April","date":10,"day":"Friday","name":"Good Friday","type":"Gazetted"},{"month":"April","date":12,"day":"Sunday","name":"Easter Day","type":"Restricted"},{"month":"April","date":13,"day":"Monday","name":"Vaisakhi","type":"Restricted"},{"month":"April","date":14,"day":"Tuesday","name":"Mesadi/Vaisakhadi","type":"Restricted"},{"month":"April","date":14,"day":"Tuesday","name":"Ambedkar Jayanti","type":"Central"},{"month":"May","date":1,"day":"Friday","name":"May Day","type":"Observance"},{"month":"May","date":7,"day":"Thursday","name":"Buddha Purnima/Vesak","type":"Gazetted"},{"month":"May","date":7,"day":"Thursday","name":"Birthday of Ravindranath","type":"Restricted"},{"month":"May","date":10,"day":"Sunday","name":"Mother's Day","type":"Observance"},{"month":"May","date":22,"day":"Friday","name":"Jamat Ul-Vida","type":"Restricted"},{"month":"May","date":25,"day":"Monday","name":"Ramzan Id/Eid-ul-Fitar","type":"Gazetted"},{"month":"May","date":25,"day":"Monday","name":"Ramzan Id/Eid-ul-Fitar","type":"Muslim,"},{"month":"June","date":21,"day":"Sunday","name":"June Solstice","type":"Season"},{"month":"June","date":21,"day":"Sunday","name":"Father's Day","type":"Observance"},{"month":"June","date":23,"day":"Tuesday","name":"Rath Yatra","type":"Restricted"},{"month":"July","date":5,"day":"Sunday","name":"Guru Purnima","type":"Observance"},{"month":"July","date":31,"day":"Friday","name":"Bakr Id/Eid ul-Adha","type":"Gazetted"},{"month":"August","date":2,"day":"Sunday","name":"Friendship Day","type":"Observance"},{"month":"August","date":3,"day":"Monday","name":"Raksha Bandhan (Rakhi)","type":"Restricted"},{"month":"August","date":11,"day":"Tuesday","name":"Janmashtami (Smarta)","type":"Restricted"},{"month":"August","date":12,"day":"Wednesday","name":"Janmashtami","type":"Gazetted"},{"month":"August","date":15,"day":"Saturday","name":"Independence Day","type":"Gazetted"},{"month":"August","date":16,"day":"Sunday","name":"Parsi New Year","type":"Restricted"},{"month":"August","date":22,"day":"Saturday","name":"Ganesh Chaturthi/Vin
08-05 22:01:53.445 22138 22138 V Response: [{"month":"January","date":1,"day":"Wednesday","name":"New Year's Day","type":"Restricted"},{"month":"January","date":2,"day":"Thursday","name":"Guru Govind Singh Jayanti","type":"Restricted"},{"month":"January","date":14,"day":"Tuesday","name":"Lohri","type":"Restricted"},{"month":"January","date":15,"day":"Wednesday","name":"Pongal","type":"Restricted"},{"month":"January","date":15,"day":"Wednesday","name":"Makar Sankranti","type":"Restricted"},{"month":"January","date":25,"day":"Saturday","name":"Chinese New Year","type":"Observance"},{"month":"January","date":26,"day":"Sunday","name":"Republic Day","type":"Gazetted"},{"month":"January","date":30,"day":"Thursday","name":"Vasant Panchami","type":"Restricted"},{"month":"February","date":9,"day":"Sunday","name":"Guru Ravidas Jayanti","type":"Restricted"},{"month":"February","date":14,"day":"Friday","name":"Valentine's Day","type":"Observance"},{"month":"February","date":18,"day":"Tuesday","name":"Maharishi Dayanand Saraswati Jayanti","type":"Restricted"},{"month":"February","date":19,"day":"Wednesday","name":"Shivaji Jayanti","type":"Restricted"},{"month":"February","date":21,"day":"Friday","name":"Maha Shivaratri/Shivaratri","type":"Gazetted"},{"month":"March","date":9,"day":"Monday","name":"Holika Dahana","type":"Restricted"},{"month":"March","date":9,"day":"Monday","name":"Hazarat Ali's Birthday","type":"Restricted"},{"month":"March","date":10,"day":"Tuesday","name":"Holi","type":"Gazetted"},{"month":"March","date":20,"day":"Friday","name":"March Equinox","type":"Season"},{"month":"March","date":25,"day":"Wednesday","name":"Chaitra Sukhladi","type":"Restricted"},{"month":"April","date":2,"day":"Thursday","name":"Rama Navami","type":"Gazetted"},{"month":"April","date":6,"day":"Monday","name":"Mahavir Jayanti","type":"Gazetted"},{"month":"April","date":9,"day":"Thursday","name":"First day of Passover","type":"Observance"},{"month":"April","date":9,"day":"Thursday","name":"Maundy Thursday","type":"Observance,"},{"month":"April","date":10,"day":"Friday","name":"Good Friday","type":"Gazetted"},{"month":"April","date":12,"day":"Sunday","name":"Easter Day","type":"Restricted"},{"month":"April","date":13,"day":"Monday","name":"Vaisakhi","type":"Restricted"},{"month":"April","date":14,"day":"Tuesday","name":"Mesadi/Vaisakhadi","type":"Restricted"},{"month":"April","date":14,"day":"Tuesday","name":"Ambedkar Jayanti","type":"Central"},{"month":"May","date":1,"day":"Friday","name":"May Day","type":"Observance"},{"month":"May","date":7,"day":"Thursday","name":"Buddha Purnima/Vesak","type":"Gazetted"},{"month":"May","date":7,"day":"Thursday","name":"Birthday of Ravindranath","type":"Restricted"},{"month":"May","date":10,"day":"Sunday","name":"Mother's Day","type":"Observance"},{"month":"May","date":22,"day":"Friday","name":"Jamat Ul-Vida","type":"Restricted"},{"month":"May","date":25,"day":"Monday","name":"Ramzan Id/Eid-ul-Fitar","type":"Gazetted"},{"month":"May","date":25,"day":"Monday","name":"Ramzan Id/Eid-ul-Fitar","type":"Muslim,"},{"month":"June","date":21,"day":"Sunday","name":"June Solstice","type":"Season"},{"month":"June","date":21,"day":"Sunday","name":"Father's Day","type":"Observance"},{"month":"June","date":23,"day":"Tuesday","name":"Rath Yatra","type":"Restricted"},{"month":"July","date":5,"day":"Sunday","name":"Guru Purnima","type":"Observance"},{"month":"July","date":31,"day":"Friday","name":"Bakr Id/Eid ul-Adha","type":"Gazetted"},{"month":"August","date":2,"day":"Sunday","name":"Friendship Day","type":"Observance"},{"month":"August","date":3,"day":"Monday","name":"Raksha Bandhan (Rakhi)","type":"Restricted"},{"month":"August","date":11,"day":"Tuesday","name":"Janmashtami (Smarta)","type":"Restricted"},{"month":"August","date":12,"day":"Wednesday","name":"Janmashtami","type":"Gazetted"},{"month":"August","date":15,"day":"Saturday","name":"Independence Day","type":"Gazetted"},{"month":"August","date":16,"day":"Sunday","name":"Parsi New Year","type":"Restricted"},{"month":"August","date":22,"day":"Saturday","name":"Ganesh Chaturthi/Vin
08-05 22:01:53.464 22138 23095 I art     : Starting a blocking GC Explicit
08-05 22:01:53.534 22138 23095 I art     : Explicit concurrent mark sweep GC freed 9146(333KB) AllocSpace objects, 0(0B) LOS objects, 7% free, 189MB/205MB, paused 2.213ms total 69.452ms
08-05 22:01:53.577 23905 23905 I ServiceManager: Waiting for service AtCmdFwd...
08-05 22:01:53.985 22138 22205 I art     : Starting a blocking GC Explicit
08-05 22:01:54.066 22138 22205 I art     : Explicit concurrent mark sweep GC freed 2754(119KB) AllocSpace objects, 3(4MB) LOS objects, 7% free, 185MB/201MB, paused 2.287ms total 80.482ms
08-05 22:01:54.094 22138 22205 I art     : Starting a blocking GC Explicit
08-05 22:01:54.170 22138 22205 I art     : Explicit concurrent mark sweep GC freed 230(6KB) AllocSpace objects, 0(0B) LOS objects, 7% free, 185MB/201MB, paused 2.271ms total 75.387ms
08-05 22:01:54.197 22138 22205 I art     : Starting a blocking GC Explicit
08-05 22:01:54.274 22138 22205 I art     : Explicit concurrent mark sweep GC freed 185(3KB) AllocSpace objects, 0(0B) LOS objects, 7% free, 185MB/201MB, paused 2.178ms total 76.570ms
08-05 22:01:54.302 22138 22205 I art     : Starting a blocking GC Explicit
08-05 22:01:54.380 22138 22205 I art     : Explicit concurrent mark sweep GC freed 184(3KB) AllocSpace objects, 0(0B) LOS objects, 7% free, 185MB/201MB, paused 2.196ms total 77.826ms
08-05 22:01:54.409 22138 22205 I art     : Starting a blocking GC Explicit
08-05 22:01:54.487 22138 22205 I art     : Explicit concurrent mark sweep GC freed 147(2496B) AllocSpace objects, 0(0B) LOS objects, 7% free, 185MB/201MB, paused 2.089ms total 76.959ms
08-05 22:01:54.578 23905 23905 I ServiceManager: Waiting for service AtCmdFwd...
08-05 22:01:54.960 22138 22150 I art     : Starting a blocking GC Explicit
08-05 22:01:55.040 22138 22150 I art     : Explicit concurrent mark sweep GC freed 2379(105KB) AllocSpace objects, 2(48KB) LOS objects, 7% free, 185MB/201MB, paused 2.504ms total 79.493ms
08-05 22:01:55.068 22138 22150 I art     : Starting a blocking GC Explicit
08-05 22:01:55.145 22138 22150 I art     : Explicit concurrent mark sweep GC freed 195(3KB) AllocSpace objects, 0(0B) LOS objects, 7% free, 185MB/201MB, paused 2.220ms total 76.780ms
08-05 22:01:55.172 22138 22150 I art     : Starting a blocking GC Explicit
08-05 22:01:55.250 22138 22150 I art     : Explicit concurrent mark sweep GC freed 147(2496B) AllocSpace objects, 0(0B) LOS objects, 7% free, 185MB/201MB, paused 2.202ms total 77.135ms
08-05 22:01:55.277 22138 22150 I art     : Starting a blocking GC Explicit
08-05 22:01:55.356 22138 22150 I art     : Explicit concurrent mark sweep GC freed 184(3KB) AllocSpace objects, 0(0B) LOS objects, 7% free, 185MB/201MB, paused 2.315ms total 78.333ms
08-05 22:01:55.384 22138 22150 I art     : Starting a blocking GC Explicit
08-05 22:01:55.462 22138 22150 I art     : Explicit concurrent mark sweep GC freed 170(2864B) AllocSpace objects, 0(0B) LOS objects, 7% free, 185MB/201MB, paused 2.377ms total 78.075ms
08-05 22:01:55.579 23905 23905 I ServiceManager: Waiting for service AtCmdFwd...
08-05 22:01:55.927 22138 23095 I art     : Starting a blocking GC Explicit
08-05 22:01:56.006 22138 23095 I art     : Explicit concurrent mark sweep GC freed 2356(104KB) AllocSpace objects, 2(48KB) LOS objects, 7% free, 185MB/201MB, paused 2.095ms total 78.654ms
08-05 22:01:56.034 22138 23095 I art     : Starting a blocking GC Explicit
08-05 22:01:56.068   518   646 I ThermalEngine: ACTION: GPU - Setting GPU[0] to 450000000
08-05 22:01:56.105 22138 23095 I art     : Explicit concurrent mark sweep GC freed 172(3KB) AllocSpace objects, 0(0B) LOS objects, 7% free, 185MB/201MB, paused 1.507ms total 70.639ms
08-05 22:01:56.125 22138 23095 I art     : Starting a blocking GC Explicit
08-05 22:01:56.189 22138 23095 I art     : Explicit concurrent mark sweep GC freed 123(2096B) AllocSpace objects, 0(0B) LOS objects, 7% free, 185MB/201MB, paused 1.507ms total 63.547ms
08-05 22:01:56.209 22138 23095 I art     : Starting a blocking GC Explicit
08-05 22:01:56.278 22138 23095 I art     : Explicit concurrent mark sweep GC freed 136(2304B) AllocSpace objects, 0(0B) LOS objects, 7% free, 185MB/201MB, paused 1.713ms total 68.547ms
08-05 22:01:56.301 22138 23095 I art     : Starting a blocking GC Explicit
08-05 22:01:56.366 22138 23095 I art     : Explicit concurrent mark sweep GC freed 183(3KB) AllocSpace objects, 0(0B) LOS objects, 7% free, 185MB/201MB, paused 1.440ms total 64.087ms
08-05 22:01:56.579 23905 23905 I ServiceManager: Waiting for service AtCmdFwd...
08-05 22:01:56.817 22138 22785 I art     : Starting a blocking GC Explicit
08-05 22:01:56.888 22138 22785 I art     : Explicit concurrent mark sweep GC freed 2351(105KB) AllocSpace objects, 2(48KB) LOS objects, 7% free, 185MB/201MB, paused 1.383ms total 70.332ms
08-05 22:01:56.911 22138 22785 I art     : Starting a blocking GC Explicit
08-05 22:01:56.970 22138 22785 I art     : Explicit concurrent mark sweep GC freed 159(3KB) AllocSpace objects, 0(0B) LOS objects, 7% free, 185MB/201MB, paused 1.361ms total 58.502ms
08-05 22:01:56.990 22138 22785 I art     : Starting a blocking GC Explicit
08-05 22:01:57.048 22138 22785 I art     : Explicit concurrent mark sweep GC freed 123(2096B) AllocSpace objects, 0(0B) LOS objects, 7% free, 185MB/201MB, paused 1.454ms total 58.326ms
08-05 22:01:57.068 22138 22785 I art     : Starting a blocking GC Explicit
08-05 22:01:57.132 22138 22785 I art     : Explicit concurrent mark sweep GC freed 123(2096B) AllocSpace objects, 0(0B) LOS objects, 7% free, 185MB/201MB, paused 1.381ms total 63.798ms
08-05 22:01:57.152 22138 22785 I art     : Starting a blocking GC Explicit
08-05 22:01:57.217 22138 22785 I art     : Explicit concurrent mark sweep GC freed 123(2096B) AllocSpace objects, 0(0B) LOS objects, 7% free, 185MB/201MB, paused 1.466ms total 64.936ms
08-05 22:01:57.457 24848 24848 D AndroidRuntime: >>>>>> START com.android.internal.os.RuntimeInit uid 2000 <<<<<<
08-05 22:01:57.463 24848 24848 D AndroidRuntime: CheckJNI is OFF
08-05 22:01:57.506 24848 24848 D ICU     : No timezone override file found: /data/misc/zoneinfo/current/icu/icu_tzdata.dat
08-05 22:01:57.547 24848 24848 I Radio-JNI: register_android_hardware_Radio DONE
08-05 22:01:57.577 24848 24848 D AndroidRuntime: Calling main entry com.android.commands.input.Input
08-05 22:01:57.579 24848 24848 I Input   : injectKeyEvent: KeyEvent { action=ACTION_DOWN, keyCode=KEYCODE_BACK, scanCode=0, metaState=0, flags=0x0, repeatCount=0, eventTime=828133992, downTime=828133992, deviceId=-1, source=0x101 }
08-05 22:01:57.580 23905 23905 I ServiceManager: Waiting for service AtCmdFwd...
08-05 22:01:57.586 24848 24848 I Input   : injectKeyEvent: KeyEvent { action=ACTION_UP, keyCode=KEYCODE_BACK, scanCode=0, metaState=0, flags=0x0, repeatCount=0, eventTime=828133992, downTime=828133992, deviceId=-1, source=0x101 }
08-05 22:01:57.593 24848 24848 D AndroidRuntime: Shutting down VM
08-05 22:01:57.606 22138 22138 V MainActivity: url = https://project-travel-mate.herokuapp.com/api/number-of-unread-notifications
08-05 22:01:57.634 22138 22785 I art     : Starting a blocking GC Explicit
08-05 22:01:57.640 13866 13866 I GoogleInputMethodServic: GoogleInputMethodService.onFinishInput():3138 
08-05 22:01:57.642 13866 13866 I GoogleInputMethodServic: GoogleInputMethodService.onStartInput():1808 
08-05 22:01:57.695 22138 22785 I art     : Explicit concurrent mark sweep GC freed 2706(123KB) AllocSpace objects, 2(48KB) LOS objects, 7% free, 185MB/201MB, paused 1.489ms total 60.306ms
08-05 22:01:57.714 22138 22785 I art     : Starting a blocking GC Explicit
08-05 22:01:57.768 22138 22785 I art     : Explicit concurrent mark sweep GC freed 158(5KB) AllocSpace objects, 0(0B) LOS objects, 7% free, 185MB/201MB, paused 1.476ms total 53.313ms
08-05 22:01:57.783 13866 13882 I PeriodicStatsRunner: PeriodicStatsRunner.call():175 call()
08-05 22:01:57.783 13866 13882 I PeriodicStatsRunner: PeriodicStatsRunner.call():179 No submit PeriodicStats since input started.
08-05 22:01:57.787 22138 22785 I art     : Starting a blocking GC Explicit
08-05 22:01:57.843 22138 22785 I art     : Explicit concurrent mark sweep GC freed 128(2240B) AllocSpace objects, 0(0B) LOS objects, 7% free, 185MB/201MB, paused 1.619ms total 56.433ms
08-05 22:01:57.863 22138 22785 I art     : Starting a blocking GC Explicit
08-05 22:01:57.933 22138 22785 I art     : Explicit concurrent mark sweep GC freed 142(3KB) AllocSpace objects, 0(0B) LOS objects, 7% free, 185MB/201MB, paused 1.638ms total 69.119ms
08-05 22:01:57.955 22138 22785 I art     : Starting a blocking GC Explicit
08-05 22:01:57.972   380   380 W SurfaceFlinger: couldn't log to binary event log: overflow.
08-05 22:01:58.014 22138 22785 I art     : Explicit concurrent mark sweep GC freed 75(1936B) AllocSpace objects, 1(188KB) LOS objects, 7% free, 185MB/201MB, paused 1.443ms total 58.535ms
08-05 22:01:58.338 22138 24871 I NAPPA_EXPERIMENTATION: MetricNetworkRequestExecutionTime: REQUEST_DURATION_SYSTEM='731',REQUEST_DURATION_OKHTTP='36',REQUEST_SYNCHRONOUS='FALSE',RESPONSE_CODE='200',RESPONSE_METHOD='GET',RESPONSE_LENGTH_OKHTTP='36',RESPONSE_LENGTH_HEADER='36',REQUEST_PROTOCOL='http/1.1',REQUEST_URL='https://project-travel-mate.herokuapp.com/api/number-of-unread-notifications',
08-05 22:01:58.432 22138 22205 I art     : Starting a blocking GC Explicit
08-05 22:01:58.522 22138 22205 I art     : Explicit concurrent mark sweep GC freed 4601(249KB) AllocSpace objects, 5(248KB) LOS objects, 7% free, 185MB/201MB, paused 1.678ms total 89.290ms
08-05 22:01:58.550 22138 22205 I art     : Starting a blocking GC Explicit
08-05 22:01:58.580 23905 23905 W Atfwd_Sendcmd: AtCmdFwd service not published, waiting... retryCnt : 4
08-05 22:01:58.612 22138 22205 I art     : Explicit concurrent mark sweep GC freed 7450(470KB) AllocSpace objects, 13(264KB) LOS objects, 7% free, 184MB/200MB, paused 1.456ms total 60.865ms
08-05 22:01:58.632 22138 22205 I art     : Starting a blocking GC Explicit
08-05 22:01:58.692 22138 22205 I art     : Explicit concurrent mark sweep GC freed 3(96B) AllocSpace objects, 0(0B) LOS objects, 7% free, 184MB/200MB, paused 1.369ms total 59.671ms
08-05 22:01:58.712 22138 22205 I art     : Starting a blocking GC Explicit
08-05 22:01:58.772 22138 22205 I art     : Explicit concurrent mark sweep GC freed 3(96B) AllocSpace objects, 0(0B) LOS objects, 7% free, 184MB/200MB, paused 1.430ms total 60.473ms
08-05 22:01:58.792 22138 22205 I art     : Starting a blocking GC Explicit
08-05 22:01:58.852 22138 22205 I art     : Explicit concurrent mark sweep GC freed 3(96B) AllocSpace objects, 0(0B) LOS objects, 7% free, 184MB/200MB, paused 1.325ms total 59.092ms
08-05 22:01:59.255 22138 22149 I art     : Starting a blocking GC Explicit
08-05 22:01:59.308 22138 22149 I art     : Explicit concurrent mark sweep GC freed 1601(92KB) AllocSpace objects, 2(48KB) LOS objects, 7% free, 184MB/200MB, paused 1.379ms total 53.257ms
08-05 22:01:59.327 22138 22149 I art     : Starting a blocking GC Explicit
08-05 22:01:59.360 24883 24883 D AndroidRuntime: >>>>>> START com.android.internal.os.RuntimeInit uid 2000 <<<<<<
08-05 22:01:59.365 24883 24883 D AndroidRuntime: CheckJNI is OFF
08-05 22:01:59.380 22138 22149 I art     : Explicit concurrent mark sweep GC freed 94(3KB) AllocSpace objects, 0(0B) LOS objects, 7% free, 184MB/200MB, paused 1.329ms total 53.389ms
08-05 22:01:59.401 22138 22149 I art     : Starting a blocking GC Explicit
08-05 22:01:59.406 24883 24883 D ICU     : No timezone override file found: /data/misc/zoneinfo/current/icu/icu_tzdata.dat
08-05 22:01:59.446 24883 24883 I Radio-JNI: register_android_hardware_Radio DONE
08-05 22:01:59.453 22138 22149 I art     : Explicit concurrent mark sweep GC freed 18(800B) AllocSpace objects, 0(0B) LOS objects, 7% free, 184MB/200MB, paused 1.390ms total 52.310ms
08-05 22:01:59.474 24883 24883 D AndroidRuntime: Calling main entry com.android.commands.input.Input
08-05 22:01:59.475 22138 22149 I art     : Starting a blocking GC Explicit
08-05 22:01:59.475 24883 24883 I Input   : injectMotionEvent: MotionEvent { action=ACTION_DOWN, actionButton=0, id[0]=0, x[0]=657.0, y[0]=2080.0, toolType[0]=TOOL_TYPE_UNKNOWN, buttonState=0, metaState=0, flags=0x0, edgeFlags=0x0, pointerCount=1, historySize=0, eventTime=828135888, downTime=828135888, deviceId=0, source=0x1002 }
08-05 22:01:59.510 24883 24883 I Input   : injectMotionEvent: MotionEvent { action=ACTION_UP, actionButton=0, id[0]=0, x[0]=657.0, y[0]=2080.0, toolType[0]=TOOL_TYPE_UNKNOWN, buttonState=0, metaState=0, flags=0x0, edgeFlags=0x0, pointerCount=1, historySize=0, eventTime=828135888, downTime=828135888, deviceId=0, source=0x1002 }
08-05 22:01:59.530 22138 22149 I art     : Explicit concurrent mark sweep GC freed 3(96B) AllocSpace objects, 0(0B) LOS objects, 7% free, 184MB/200MB, paused 1.389ms total 54.091ms
08-05 22:01:59.548 24883 24883 D AndroidRuntime: Shutting down VM
08-05 22:01:59.549   918  3961 I ActivityManager: START u0 {cmp=baseline.io.github.project_travel_mate/.utilities.UpcomingWeekendsActivity} from uid 10674 on display 0
08-05 22:01:59.550   512  2967 D audio_hw_primary: out_set_parameters: enter: usecase(1: low-latency-playback) kvpairs: routing=2
08-05 22:01:59.551 22138 22149 I art     : Starting a blocking GC Explicit
08-05 22:01:59.563   512  2967 D audio_hw_primary: select_devices: out_snd_device(2: speaker) in_snd_device(0: none)
08-05 22:01:59.563   512  2967 D msm8974_platform: platform_send_audio_calibration: sending audio calibration for snd_device(2) acdb_id(15)
08-05 22:01:59.563   512  2967 I soundtrigger: audio_extn_sound_trigger_update_device_status: device 0x2 of type 0 for Event 1
08-05 22:01:59.573   512  2967 D audio_hw_primary: enable_snd_device: snd_device(2: speaker)
08-05 22:01:59.576   512  2967 D audio_hw_primary: enable_audio_route: apply and update mixer path: low-latency-playback speaker
08-05 22:01:59.584 22138 22203 D Gabe    : call	returning from cache
08-05 22:01:59.586 22138 22138 V EXECUTING: https://project-travel-mate.herokuapp.com/api/get-upcoming-holidays/2020
08-05 22:01:59.588 22138 22138 V EXECUTING: https://project-travel-mate.herokuapp.com/api/get-upcoming-holidays/2020
08-05 22:01:59.605 22138 22149 I art     : Explicit concurrent mark sweep GC freed 661(36KB) AllocSpace objects, 0(0B) LOS objects, 7% free, 185MB/201MB, paused 1.720ms total 53.767ms
08-05 22:01:59.684 13866 13866 I GoogleInputMethodServic: GoogleInputMethodService.onFinishInput():3138 
08-05 22:01:59.685 13866 13866 I GoogleInputMethodServic: GoogleInputMethodService.onStartInput():1808 
08-05 22:01:59.783   918   936 I ActivityManager: Displayed baseline.io.github.project_travel_mate/.utilities.UpcomingWeekendsActivity: +222ms
08-05 22:01:59.990 22138 23095 I art     : Starting a blocking GC Explicit
08-05 22:02:00.024   380   380 W SurfaceFlinger: couldn't log to binary event log: overflow.
08-05 22:02:00.056 22138 23095 I art     : Explicit concurrent mark sweep GC freed 3102(165KB) AllocSpace objects, 2(48KB) LOS objects, 7% free, 189MB/205MB, paused 1.450ms total 65.886ms
08-05 22:02:00.074 22138 23095 I art     : Starting a blocking GC Explicit
08-05 22:02:00.108   512  2967 D audio_hw_primary: disable_audio_route: reset and update mixer path: low-latency-playback speaker
08-05 22:02:00.109   512  2967 D audio_hw_primary: disable_snd_device: snd_device(2: speaker)
08-05 22:02:00.116   512  2967 I soundtrigger: audio_extn_sound_trigger_update_device_status: device 0x2 of type 0 for Event 0
08-05 22:02:00.128 22138 23095 I art     : Explicit concurrent mark sweep GC freed 248(7KB) AllocSpace objects, 0(0B) LOS objects, 7% free, 189MB/205MB, paused 2.049ms total 52.826ms
08-05 22:02:00.147 22138 23095 I art     : Starting a blocking GC Explicit
08-05 22:02:00.202 22138 23095 I art     : Explicit concurrent mark sweep GC freed 106(1808B) AllocSpace objects, 0(0B) LOS objects, 7% free, 189MB/205MB, paused 1.631ms total 54.612ms
08-05 22:02:00.221 22138 23095 I art     : Starting a blocking GC Explicit
08-05 22:02:00.275 22138 23095 I art     : Explicit concurrent mark sweep GC freed 148(3KB) AllocSpace objects, 0(0B) LOS objects, 7% free, 189MB/205MB, paused 1.625ms total 53.641ms
08-05 22:02:00.294 22138 23095 I art     : Starting a blocking GC Explicit
08-05 22:02:00.353 22138 23095 I art     : Explicit concurrent mark sweep GC freed 5202(265KB) AllocSpace objects, 6(400KB) LOS objects, 7% free, 190MB/206MB, paused 2.190ms total 58.813ms
08-05 22:02:00.411 22138 24908 I NAPPA_EXPERIMENTATION: MetricNetworkRequestExecutionTime: REQUEST_DURATION_SYSTEM='822',REQUEST_DURATION_OKHTTP='65',REQUEST_SYNCHRONOUS='FALSE',RESPONSE_CODE='200',RESPONSE_METHOD='GET',RESPONSE_LENGTH_OKHTTP='6426',RESPONSE_LENGTH_HEADER='6426',REQUEST_PROTOCOL='http/1.1',REQUEST_URL='https://project-travel-mate.herokuapp.com/api/get-upcoming-holidays/2020',
08-05 22:02:00.420 22138 24907 I NAPPA_EXPERIMENTATION: MetricNetworkRequestExecutionTime: REQUEST_DURATION_SYSTEM='833',REQUEST_DURATION_OKHTTP='73',REQUEST_SYNCHRONOUS='FALSE',RESPONSE_CODE='200',RESPONSE_METHOD='GET',RESPONSE_LENGTH_OKHTTP='6426',RESPONSE_LENGTH_HEADER='6426',REQUEST_PROTOCOL='http/1.1',REQUEST_URL='https://project-travel-mate.herokuapp.com/api/get-upcoming-holidays/2020',
08-05 22:02:00.463 22138 22138 V Response: [{"month":"January","date":1,"day":"Wednesday","name":"New Year's Day","type":"Restricted"},{"month":"January","date":2,"day":"Thursday","name":"Guru Govind Singh Jayanti","type":"Restricted"},{"month":"January","date":14,"day":"Tuesday","name":"Lohri","type":"Restricted"},{"month":"January","date":15,"day":"Wednesday","name":"Pongal","type":"Restricted"},{"month":"January","date":15,"day":"Wednesday","name":"Makar Sankranti","type":"Restricted"},{"month":"January","date":25,"day":"Saturday","name":"Chinese New Year","type":"Observance"},{"month":"January","date":26,"day":"Sunday","name":"Republic Day","type":"Gazetted"},{"month":"January","date":30,"day":"Thursday","name":"Vasant Panchami","type":"Restricted"},{"month":"February","date":9,"day":"Sunday","name":"Guru Ravidas Jayanti","type":"Restricted"},{"month":"February","date":14,"day":"Friday","name":"Valentine's Day","type":"Observance"},{"month":"February","date":18,"day":"Tuesday","name":"Maharishi Dayanand Saraswati Jayanti","type":"Restricted"},{"month":"February","date":19,"day":"Wednesday","name":"Shivaji Jayanti","type":"Restricted"},{"month":"February","date":21,"day":"Friday","name":"Maha Shivaratri/Shivaratri","type":"Gazetted"},{"month":"March","date":9,"day":"Monday","name":"Holika Dahana","type":"Restricted"},{"month":"March","date":9,"day":"Monday","name":"Hazarat Ali's Birthday","type":"Restricted"},{"month":"March","date":10,"day":"Tuesday","name":"Holi","type":"Gazetted"},{"month":"March","date":20,"day":"Friday","name":"March Equinox","type":"Season"},{"month":"March","date":25,"day":"Wednesday","name":"Chaitra Sukhladi","type":"Restricted"},{"month":"April","date":2,"day":"Thursday","name":"Rama Navami","type":"Gazetted"},{"month":"April","date":6,"day":"Monday","name":"Mahavir Jayanti","type":"Gazetted"},{"month":"April","date":9,"day":"Thursday","name":"First day of Passover","type":"Observance"},{"month":"April","date":9,"day":"Thursday","name":"Maundy Thursday","type":"Observance,"},{"month":"April","date":10,"day":"Friday","name":"Good Friday","type":"Gazetted"},{"month":"April","date":12,"day":"Sunday","name":"Easter Day","type":"Restricted"},{"month":"April","date":13,"day":"Monday","name":"Vaisakhi","type":"Restricted"},{"month":"April","date":14,"day":"Tuesday","name":"Mesadi/Vaisakhadi","type":"Restricted"},{"month":"April","date":14,"day":"Tuesday","name":"Ambedkar Jayanti","type":"Central"},{"month":"May","date":1,"day":"Friday","name":"May Day","type":"Observance"},{"month":"May","date":7,"day":"Thursday","name":"Buddha Purnima/Vesak","type":"Gazetted"},{"month":"May","date":7,"day":"Thursday","name":"Birthday of Ravindranath","type":"Restricted"},{"month":"May","date":10,"day":"Sunday","name":"Mother's Day","type":"Observance"},{"month":"May","date":22,"day":"Friday","name":"Jamat Ul-Vida","type":"Restricted"},{"month":"May","date":25,"day":"Monday","name":"Ramzan Id/Eid-ul-Fitar","type":"Gazetted"},{"month":"May","date":25,"day":"Monday","name":"Ramzan Id/Eid-ul-Fitar","type":"Muslim,"},{"month":"June","date":21,"day":"Sunday","name":"June Solstice","type":"Season"},{"month":"June","date":21,"day":"Sunday","name":"Father's Day","type":"Observance"},{"month":"June","date":23,"day":"Tuesday","name":"Rath Yatra","type":"Restricted"},{"month":"July","date":5,"day":"Sunday","name":"Guru Purnima","type":"Observance"},{"month":"July","date":31,"day":"Friday","name":"Bakr Id/Eid ul-Adha","type":"Gazetted"},{"month":"August","date":2,"day":"Sunday","name":"Friendship Day","type":"Observance"},{"month":"August","date":3,"day":"Monday","name":"Raksha Bandhan (Rakhi)","type":"Restricted"},{"month":"August","date":11,"day":"Tuesday","name":"Janmashtami (Smarta)","type":"Restricted"},{"month":"August","date":12,"day":"Wednesday","name":"Janmashtami","type":"Gazetted"},{"month":"August","date":15,"day":"Saturday","name":"Independence Day","type":"Gazetted"},{"month":"August","date":16,"day":"Sunday","name":"Parsi New Year","type":"Restricted"},{"month":"August","date":22,"day":"Saturday","name":"Ganesh Chaturthi/Vin
08-05 22:02:00.466 22138 22138 V Response: [{"month":"January","date":1,"day":"Wednesday","name":"New Year's Day","type":"Restricted"},{"month":"January","date":2,"day":"Thursday","name":"Guru Govind Singh Jayanti","type":"Restricted"},{"month":"January","date":14,"day":"Tuesday","name":"Lohri","type":"Restricted"},{"month":"January","date":15,"day":"Wednesday","name":"Pongal","type":"Restricted"},{"month":"January","date":15,"day":"Wednesday","name":"Makar Sankranti","type":"Restricted"},{"month":"January","date":25,"day":"Saturday","name":"Chinese New Year","type":"Observance"},{"month":"January","date":26,"day":"Sunday","name":"Republic Day","type":"Gazetted"},{"month":"January","date":30,"day":"Thursday","name":"Vasant Panchami","type":"Restricted"},{"month":"February","date":9,"day":"Sunday","name":"Guru Ravidas Jayanti","type":"Restricted"},{"month":"February","date":14,"day":"Friday","name":"Valentine's Day","type":"Observance"},{"month":"February","date":18,"day":"Tuesday","name":"Maharishi Dayanand Saraswati Jayanti","type":"Restricted"},{"month":"February","date":19,"day":"Wednesday","name":"Shivaji Jayanti","type":"Restricted"},{"month":"February","date":21,"day":"Friday","name":"Maha Shivaratri/Shivaratri","type":"Gazetted"},{"month":"March","date":9,"day":"Monday","name":"Holika Dahana","type":"Restricted"},{"month":"March","date":9,"day":"Monday","name":"Hazarat Ali's Birthday","type":"Restricted"},{"month":"March","date":10,"day":"Tuesday","name":"Holi","type":"Gazetted"},{"month":"March","date":20,"day":"Friday","name":"March Equinox","type":"Season"},{"month":"March","date":25,"day":"Wednesday","name":"Chaitra Sukhladi","type":"Restricted"},{"month":"April","date":2,"day":"Thursday","name":"Rama Navami","type":"Gazetted"},{"month":"April","date":6,"day":"Monday","name":"Mahavir Jayanti","type":"Gazetted"},{"month":"April","date":9,"day":"Thursday","name":"First day of Passover","type":"Observance"},{"month":"April","date":9,"day":"Thursday","name":"Maundy Thursday","type":"Observance,"},{"month":"April","date":10,"day":"Friday","name":"Good Friday","type":"Gazetted"},{"month":"April","date":12,"day":"Sunday","name":"Easter Day","type":"Restricted"},{"month":"April","date":13,"day":"Monday","name":"Vaisakhi","type":"Restricted"},{"month":"April","date":14,"day":"Tuesday","name":"Mesadi/Vaisakhadi","type":"Restricted"},{"month":"April","date":14,"day":"Tuesday","name":"Ambedkar Jayanti","type":"Central"},{"month":"May","date":1,"day":"Friday","name":"May Day","type":"Observance"},{"month":"May","date":7,"day":"Thursday","name":"Buddha Purnima/Vesak","type":"Gazetted"},{"month":"May","date":7,"day":"Thursday","name":"Birthday of Ravindranath","type":"Restricted"},{"month":"May","date":10,"day":"Sunday","name":"Mother's Day","type":"Observance"},{"month":"May","date":22,"day":"Friday","name":"Jamat Ul-Vida","type":"Restricted"},{"month":"May","date":25,"day":"Monday","name":"Ramzan Id/Eid-ul-Fitar","type":"Gazetted"},{"month":"May","date":25,"day":"Monday","name":"Ramzan Id/Eid-ul-Fitar","type":"Muslim,"},{"month":"June","date":21,"day":"Sunday","name":"June Solstice","type":"Season"},{"month":"June","date":21,"day":"Sunday","name":"Father's Day","type":"Observance"},{"month":"June","date":23,"day":"Tuesday","name":"Rath Yatra","type":"Restricted"},{"month":"July","date":5,"day":"Sunday","name":"Guru Purnima","type":"Observance"},{"month":"July","date":31,"day":"Friday","name":"Bakr Id/Eid ul-Adha","type":"Gazetted"},{"month":"August","date":2,"day":"Sunday","name":"Friendship Day","type":"Observance"},{"month":"August","date":3,"day":"Monday","name":"Raksha Bandhan (Rakhi)","type":"Restricted"},{"month":"August","date":11,"day":"Tuesday","name":"Janmashtami (Smarta)","type":"Restricted"},{"month":"August","date":12,"day":"Wednesday","name":"Janmashtami","type":"Gazetted"},{"month":"August","date":15,"day":"Saturday","name":"Independence Day","type":"Gazetted"},{"month":"August","date":16,"day":"Sunday","name":"Parsi New Year","type":"Restricted"},{"month":"August","date":22,"day":"Saturday","name":"Ganesh Chaturthi/Vin
08-05 22:02:00.747 22138 22149 I art     : Starting a blocking GC Explicit
08-05 22:02:00.819 22138 22149 I art     : Explicit concurrent mark sweep GC freed 13484(689KB) AllocSpace objects, 6(4MB) LOS objects, 7% free, 186MB/202MB, paused 1.506ms total 71.739ms
08-05 22:02:00.842 22138 22149 I art     : Starting a blocking GC Explicit
08-05 22:02:00.902 22138 22149 I art     : Explicit concurrent mark sweep GC freed 436(14KB) AllocSpace objects, 0(0B) LOS objects, 7% free, 185MB/201MB, paused 1.425ms total 60.029ms
08-05 22:02:00.922 22138 22149 I art     : Starting a blocking GC Explicit
08-05 22:02:00.984 22138 22149 I art     : Explicit concurrent mark sweep GC freed 123(2096B) AllocSpace objects, 0(0B) LOS objects, 7% free, 185MB/201MB, paused 1.434ms total 61.650ms
08-05 22:02:01.004 22138 22149 I art     : Starting a blocking GC Explicit
08-05 22:02:01.067 22138 22149 I art     : Explicit concurrent mark sweep GC freed 123(2096B) AllocSpace objects, 0(0B) LOS objects, 7% free, 185MB/201MB, paused 1.520ms total 62.529ms
08-05 22:02:01.087 22138 22149 I art     : Starting a blocking GC Explicit
08-05 22:02:01.152 22138 22149 I art     : Explicit concurrent mark sweep GC freed 123(2096B) AllocSpace objects, 0(0B) LOS objects, 7% free, 185MB/201MB, paused 1.421ms total 64.108ms
08-05 22:02:01.589 22138 23095 I art     : Starting a blocking GC Explicit
08-05 22:02:01.661 22138 23095 I art     : Explicit concurrent mark sweep GC freed 2343(104KB) AllocSpace objects, 2(48KB) LOS objects, 7% free, 185MB/201MB, paused 1.455ms total 72.191ms
08-05 22:02:01.686 22138 23095 I art     : Starting a blocking GC Explicit
08-05 22:02:01.752 22138 23095 I art     : Explicit concurrent mark sweep GC freed 172(3KB) AllocSpace objects, 0(0B) LOS objects, 7% free, 185MB/201MB, paused 1.478ms total 66.380ms
08-05 22:02:01.772 22138 23095 I art     : Starting a blocking GC Explicit
08-05 22:02:01.839 22138 23095 I art     : Explicit concurrent mark sweep GC freed 123(2096B) AllocSpace objects, 0(0B) LOS objects, 7% free, 185MB/201MB, paused 1.524ms total 66.663ms
08-05 22:02:01.860 22138 23095 I art     : Starting a blocking GC Explicit
08-05 22:02:01.928 22138 23095 I art     : Explicit concurrent mark sweep GC freed 121(2048B) AllocSpace objects, 0(0B) LOS objects, 7% free, 185MB/201MB, paused 1.577ms total 68.486ms
08-05 22:02:01.949 22138 23095 I art     : Starting a blocking GC Explicit
08-05 22:02:02.019 22138 23095 I art     : Explicit concurrent mark sweep GC freed 149(2544B) AllocSpace objects, 0(0B) LOS objects, 7% free, 185MB/201MB, paused 1.633ms total 70.302ms
08-05 22:02:02.484 22138 22205 I art     : Starting a blocking GC Explicit
08-05 22:02:02.554 22138 22205 I art     : Explicit concurrent mark sweep GC freed 2403(106KB) AllocSpace objects, 2(48KB) LOS objects, 7% free, 185MB/201MB, paused 1.431ms total 69.719ms
08-05 22:02:02.579 22138 22205 I art     : Starting a blocking GC Explicit
08-05 22:02:02.641 13866 13882 I PeriodicStatsRunner: PeriodicStatsRunner.call():175 call()
08-05 22:02:02.641 13866 13882 I PeriodicStatsRunner: PeriodicStatsRunner.call():179 No submit PeriodicStats since input started.
08-05 22:02:02.647 22138 22205 I art     : Explicit concurrent mark sweep GC freed 168(4KB) AllocSpace objects, 0(0B) LOS objects, 7% free, 185MB/201MB, paused 1.672ms total 67.837ms
08-05 22:02:02.666 22138 22205 I art     : Starting a blocking GC Explicit
08-05 22:02:02.735 22138 22205 I art     : Explicit concurrent mark sweep GC freed 146(2480B) AllocSpace objects, 0(0B) LOS objects, 7% free, 185MB/201MB, paused 1.495ms total 68.046ms
08-05 22:02:02.735 22138 22148 I art     : WaitForGcToComplete blocked for 38.770ms for cause HeapTrim
08-05 22:02:02.755 22138 22205 I art     : Starting a blocking GC Explicit
08-05 22:02:02.820 22138 22205 I art     : Explicit concurrent mark sweep GC freed 124(2128B) AllocSpace objects, 0(0B) LOS objects, 7% free, 185MB/201MB, paused 1.554ms total 64.096ms
08-05 22:02:02.840 22138 22205 I art     : Starting a blocking GC Explicit
08-05 22:02:02.910 22138 22205 I art     : Explicit concurrent mark sweep GC freed 135(2752B) AllocSpace objects, 0(0B) LOS objects, 7% free, 185MB/201MB, paused 1.575ms total 69.302ms
08-05 22:02:03.379 22138 22150 I art     : Starting a blocking GC Explicit
08-05 22:02:03.450 22138 22150 I art     : Explicit concurrent mark sweep GC freed 2415(106KB) AllocSpace objects, 2(48KB) LOS objects, 7% free, 185MB/201MB, paused 1.725ms total 71.041ms
08-05 22:02:03.474 22138 22150 I art     : Starting a blocking GC Explicit
08-05 22:02:03.542 22138 22150 I art     : Explicit concurrent mark sweep GC freed 159(3KB) AllocSpace objects, 0(0B) LOS objects, 7% free, 185MB/201MB, paused 1.423ms total 67.396ms
08-05 22:02:03.562 22138 22150 I art     : Starting a blocking GC Explicit
08-05 22:02:03.630 22138 22150 I art     : Explicit concurrent mark sweep GC freed 122(2064B) AllocSpace objects, 0(0B) LOS objects, 7% free, 185MB/201MB, paused 1.558ms total 67.821ms
08-05 22:02:03.650 22138 22150 I art     : Starting a blocking GC Explicit
08-05 22:02:03.717 22138 22150 I art     : Explicit concurrent mark sweep GC freed 147(2496B) AllocSpace objects, 0(0B) LOS objects, 7% free, 185MB/201MB, paused 1.551ms total 66.802ms
08-05 22:02:03.738 22138 22150 I art     : Starting a blocking GC Explicit
08-05 22:02:03.804 22138 22150 I art     : Explicit concurrent mark sweep GC freed 123(2096B) AllocSpace objects, 0(0B) LOS objects, 7% free, 185MB/201MB, paused 1.427ms total 65.545ms
08-05 22:02:04.204 22138 22785 I art     : Starting a blocking GC Explicit
08-05 22:02:04.269 22138 22785 I art     : Explicit concurrent mark sweep GC freed 2258(103KB) AllocSpace objects, 2(48KB) LOS objects, 7% free, 185MB/201MB, paused 1.467ms total 64.761ms
08-05 22:02:04.290 22138 22785 I art     : Starting a blocking GC Explicit
08-05 22:02:04.347 24961 24961 D AndroidRuntime: >>>>>> START com.android.internal.os.RuntimeInit uid 2000 <<<<<<
08-05 22:02:04.352 22138 22785 I art     : Explicit concurrent mark sweep GC freed 185(3KB) AllocSpace objects, 0(0B) LOS objects, 7% free, 185MB/201MB, paused 1.594ms total 62.198ms
08-05 22:02:04.352 24961 24961 D AndroidRuntime: CheckJNI is OFF
08-05 22:02:04.372 22138 22785 I art     : Starting a blocking GC Explicit
08-05 22:02:04.397 24961 24961 D ICU     : No timezone override file found: /data/misc/zoneinfo/current/icu/icu_tzdata.dat
08-05 22:02:04.435 22138 22785 I art     : Explicit concurrent mark sweep GC freed 117(2000B) AllocSpace objects, 0(0B) LOS objects, 7% free, 185MB/201MB, paused 1.677ms total 62.546ms
08-05 22:02:04.444 24961 24961 I Radio-JNI: register_android_hardware_Radio DONE
08-05 22:02:04.455 22138 22785 I art     : Starting a blocking GC Explicit
08-05 22:02:04.474 24961 24961 D AndroidRuntime: Calling main entry com.android.commands.input.Input
08-05 22:02:04.477 24961 24961 I Input   : injectKeyEvent: KeyEvent { action=ACTION_DOWN, keyCode=KEYCODE_BACK, scanCode=0, metaState=0, flags=0x0, repeatCount=0, eventTime=828140889, downTime=828140889, deviceId=-1, source=0x101 }
08-05 22:02:04.484 24961 24961 I Input   : injectKeyEvent: KeyEvent { action=ACTION_UP, keyCode=KEYCODE_BACK, scanCode=0, metaState=0, flags=0x0, repeatCount=0, eventTime=828140889, downTime=828140889, deviceId=-1, source=0x101 }
08-05 22:02:04.490 24961 24961 D AndroidRuntime: Shutting down VM
08-05 22:02:04.498 22138 22138 V MainActivity: url = https://project-travel-mate.herokuapp.com/api/number-of-unread-notifications
08-05 22:02:04.515 22138 22785 I art     : Explicit concurrent mark sweep GC freed 437(15KB) AllocSpace objects, 0(0B) LOS objects, 7% free, 186MB/202MB, paused 1.454ms total 59.789ms
08-05 22:02:04.527 13866 13866 I GoogleInputMethodServic: GoogleInputMethodService.onFinishInput():3138 
08-05 22:02:04.528 13866 13866 I GoogleInputMethodServic: GoogleInputMethodService.onStartInput():1808 
08-05 22:02:04.549 22138 22785 I art     : Starting a blocking GC Explicit
08-05 22:02:04.606 22138 22785 I art     : Explicit concurrent mark sweep GC freed 151(4KB) AllocSpace objects, 0(0B) LOS objects, 7% free, 185MB/201MB, paused 1.403ms total 56.631ms
08-05 22:02:04.685 13866 13882 I PeriodicStatsRunner: PeriodicStatsRunner.call():175 call()
08-05 22:02:04.685 13866 13882 I PeriodicStatsRunner: PeriodicStatsRunner.call():179 No submit PeriodicStats since input started.
08-05 22:02:04.879   380   380 W SurfaceFlinger: couldn't log to binary event log: overflow.
08-05 22:02:04.992 22138 22149 I art     : Starting a blocking GC Explicit
08-05 22:02:05.067 22138 22149 I art     : Explicit concurrent mark sweep GC freed 4691(239KB) AllocSpace objects, 6(436KB) LOS objects, 7% free, 186MB/202MB, paused 2.183ms total 73.916ms
08-05 22:02:05.087 22138 22149 I art     : Starting a blocking GC Explicit
08-05 22:02:05.096 22138 24984 I NAPPA_EXPERIMENTATION: MetricNetworkRequestExecutionTime: REQUEST_DURATION_SYSTEM='597',REQUEST_DURATION_OKHTTP='39',REQUEST_SYNCHRONOUS='FALSE',RESPONSE_CODE='200',RESPONSE_METHOD='GET',RESPONSE_LENGTH_OKHTTP='36',RESPONSE_LENGTH_HEADER='36',REQUEST_PROTOCOL='http/1.1',REQUEST_URL='https://project-travel-mate.herokuapp.com/api/number-of-unread-notifications',
08-05 22:02:05.145 22138 22149 I art     : Explicit concurrent mark sweep GC freed 7703(488KB) AllocSpace objects, 13(264KB) LOS objects, 7% free, 185MB/201MB, paused 1.520ms total 57.672ms
08-05 22:02:05.164 22138 22149 I art     : Starting a blocking GC Explicit
08-05 22:02:05.226 22138 22149 I art     : Explicit concurrent mark sweep GC freed 155(6KB) AllocSpace objects, 0(0B) LOS objects, 7% free, 185MB/201MB, paused 1.493ms total 61.267ms
08-05 22:02:05.246 22138 22149 I art     : Starting a blocking GC Explicit
08-05 22:02:05.308 22138 22149 I art     : Explicit concurrent mark sweep GC freed 9(496B) AllocSpace objects, 0(0B) LOS objects, 7% free, 185MB/201MB, paused 1.568ms total 62.353ms
08-05 22:02:05.328 22138 22149 I art     : Starting a blocking GC Explicit
08-05 22:02:05.391 22138 22149 I art     : Explicit concurrent mark sweep GC freed 52(1664B) AllocSpace objects, 0(0B) LOS objects, 7% free, 185MB/201MB, paused 1.408ms total 62.656ms
08-05 22:02:05.811 22138 22150 I art     : Starting a blocking GC Explicit
08-05 22:02:05.882 22138 22150 I art     : Explicit concurrent mark sweep GC freed 1614(93KB) AllocSpace objects, 2(48KB) LOS objects, 7% free, 185MB/201MB, paused 1.497ms total 70.281ms
08-05 22:02:05.902 22138 22150 I art     : Starting a blocking GC Explicit
08-05 22:02:05.960 22138 22150 I art     : Explicit concurrent mark sweep GC freed 53(2032B) AllocSpace objects, 0(0B) LOS objects, 7% free, 185MB/201MB, paused 1.521ms total 57.668ms
08-05 22:02:05.979 22138 22150 I art     : Starting a blocking GC Explicit
08-05 22:02:06.039 22138 22150 I art     : Explicit concurrent mark sweep GC freed 3(96B) AllocSpace objects, 0(0B) LOS objects, 7% free, 185MB/201MB, paused 1.547ms total 59.465ms
08-05 22:02:06.059 22138 22150 I art     : Starting a blocking GC Explicit
08-05 22:02:06.120 22138 22150 I art     : Explicit concurrent mark sweep GC freed 4(128B) AllocSpace objects, 0(0B) LOS objects, 7% free, 185MB/201MB, paused 1.496ms total 60.903ms
08-05 22:02:06.141 22138 22150 I art     : Starting a blocking GC Explicit
08-05 22:02:06.193 22138 22150 I art     : Explicit concurrent mark sweep GC freed 6(192B) AllocSpace objects, 0(0B) LOS objects, 7% free, 185MB/201MB, paused 1.355ms total 51.989ms
08-05 22:02:06.287 25007 25007 D AndroidRuntime: >>>>>> START com.android.internal.os.RuntimeInit uid 2000 <<<<<<
08-05 22:02:06.292 25007 25007 D AndroidRuntime: CheckJNI is OFF
08-05 22:02:06.321   918  3188 I hubconnection: sensorhub said: 'set_bias 3: -6.2400, 0.0000, 0.0000'
08-05 22:02:06.331 25007 25007 D ICU     : No timezone override file found: /data/misc/zoneinfo/current/icu/icu_tzdata.dat
08-05 22:02:06.372 25007 25007 I Radio-JNI: register_android_hardware_Radio DONE
08-05 22:02:06.401 25007 25007 D AndroidRuntime: Calling main entry com.android.commands.input.Input
08-05 22:02:06.403 25007 25007 I Input   : injectMotionEvent: MotionEvent { action=ACTION_DOWN, actionButton=0, id[0]=0, x[0]=117.0, y[0]=170.0, toolType[0]=TOOL_TYPE_UNKNOWN, buttonState=0, metaState=0, flags=0x0, edgeFlags=0x0, pointerCount=1, historySize=0, eventTime=828142816, downTime=828142816, deviceId=0, source=0x1002 }
08-05 22:02:06.438 25007 25007 I Input   : injectMotionEvent: MotionEvent { action=ACTION_UP, actionButton=0, id[0]=0, x[0]=117.0, y[0]=170.0, toolType[0]=TOOL_TYPE_UNKNOWN, buttonState=0, metaState=0, flags=0x0, edgeFlags=0x0, pointerCount=1, historySize=0, eventTime=828142816, downTime=828142816, deviceId=0, source=0x1002 }
08-05 22:02:06.440 25007 25007 D AndroidRuntime: Shutting down VM
08-05 22:02:06.452   512  2967 D audio_hw_primary: out_set_parameters: enter: usecase(1: low-latency-playback) kvpairs: routing=2
08-05 22:02:06.465   512  2967 D audio_hw_primary: select_devices: out_snd_device(2: speaker) in_snd_device(0: none)
08-05 22:02:06.465   512  2967 D msm8974_platform: platform_send_audio_calibration: sending audio calibration for snd_device(2) acdb_id(15)
08-05 22:02:06.466   512  2967 I soundtrigger: audio_extn_sound_trigger_update_device_status: device 0x2 of type 0 for Event 1
08-05 22:02:06.475   512  2967 D audio_hw_primary: enable_snd_device: snd_device(2: speaker)
08-05 22:02:06.477   512  2967 D audio_hw_primary: enable_audio_route: apply and update mixer path: low-latency-playback speaker
08-05 22:02:06.591 22138 22150 I art     : Starting a blocking GC Explicit
08-05 22:02:06.647 22138 22150 I art     : Explicit concurrent mark sweep GC freed 2040(114KB) AllocSpace objects, 2(48KB) LOS objects, 7% free, 185MB/201MB, paused 1.415ms total 55.540ms
08-05 22:02:06.667 22138 22150 I art     : Starting a blocking GC Explicit
08-05 22:02:06.723 22138 22150 I art     : Explicit concurrent mark sweep GC freed 52(2112B) AllocSpace objects, 0(0B) LOS objects, 7% free, 185MB/201MB, paused 1.415ms total 55.474ms
08-05 22:02:06.741 22138 22150 I art     : Starting a blocking GC Explicit
08-05 22:02:06.793 22138 22150 I art     : Explicit concurrent mark sweep GC freed 3(96B) AllocSpace objects, 0(0B) LOS objects, 7% free, 185MB/201MB, paused 1.358ms total 51.646ms
08-05 22:02:06.812 22138 22150 I art     : Starting a blocking GC Explicit
08-05 22:02:06.866 22138 22150 I art     : Explicit concurrent mark sweep GC freed 5(160B) AllocSpace objects, 0(0B) LOS objects, 7% free, 185MB/201MB, paused 1.362ms total 53.932ms
08-05 22:02:06.885 22138 22150 I art     : Starting a blocking GC Explicit
08-05 22:02:06.936 22138 22150 I art     : Explicit concurrent mark sweep GC freed 9(288B) AllocSpace objects, 0(0B) LOS objects, 7% free, 185MB/201MB, paused 1.324ms total 50.733ms
08-05 22:02:07.018   512  2967 D audio_hw_primary: disable_audio_route: reset and update mixer path: low-latency-playback speaker
08-05 22:02:07.019   512  2967 D audio_hw_primary: disable_snd_device: snd_device(2: speaker)
08-05 22:02:07.028   512  2967 I soundtrigger: audio_extn_sound_trigger_update_device_status: device 0x2 of type 0 for Event 0
08-05 22:02:07.175 25031 25031 D AndroidRuntime: >>>>>> START com.android.internal.os.RuntimeInit uid 2000 <<<<<<
08-05 22:02:07.182 25031 25031 D AndroidRuntime: CheckJNI is OFF
08-05 22:02:07.224 25031 25031 D ICU     : No timezone override file found: /data/misc/zoneinfo/current/icu/icu_tzdata.dat
08-05 22:02:07.266 25031 25031 I Radio-JNI: register_android_hardware_Radio DONE
08-05 22:02:07.296 25031 25031 D AndroidRuntime: Calling main entry com.android.commands.input.Input
08-05 22:02:07.298 25031 25031 I Input   : injectMotionEvent: MotionEvent { action=ACTION_DOWN, actionButton=0, id[0]=0, x[0]=405.0, y[0]=661.0, toolType[0]=TOOL_TYPE_UNKNOWN, buttonState=0, metaState=0, flags=0x0, edgeFlags=0x0, pointerCount=1, historySize=0, eventTime=828143711, downTime=828143711, deviceId=0, source=0x1002 }
08-05 22:02:07.303 25031 25031 I Input   : injectMotionEvent: MotionEvent { action=ACTION_UP, actionButton=0, id[0]=0, x[0]=405.0, y[0]=661.0, toolType[0]=TOOL_TYPE_UNKNOWN, buttonState=0, metaState=0, flags=0x0, edgeFlags=0x0, pointerCount=1, historySize=0, eventTime=828143711, downTime=828143711, deviceId=0, source=0x1002 }
08-05 22:02:07.305 25031 25031 D AndroidRuntime: Shutting down VM
08-05 22:02:07.326   512  2967 D audio_hw_primary: out_set_parameters: enter: usecase(1: low-latency-playback) kvpairs: routing=2
08-05 22:02:07.335 22138 22785 I art     : Starting a blocking GC Explicit
08-05 22:02:07.339   512  2967 D audio_hw_primary: select_devices: out_snd_device(2: speaker) in_snd_device(0: none)
08-05 22:02:07.339   512  2967 D msm8974_platform: platform_send_audio_calibration: sending audio calibration for snd_device(2) acdb_id(15)
08-05 22:02:07.339   512  2967 I soundtrigger: audio_extn_sound_trigger_update_device_status: device 0x2 of type 0 for Event 1
08-05 22:02:07.349   512  2967 D audio_hw_primary: enable_snd_device: snd_device(2: speaker)
08-05 22:02:07.352   512  2967 D audio_hw_primary: enable_audio_route: apply and update mixer path: low-latency-playback speaker
08-05 22:02:07.398   512  2967 D AudioFlinger: mixer(0xf4740000) throttle end: throttle time(12)
08-05 22:02:07.401 22138 22785 I art     : Explicit concurrent mark sweep GC freed 3568(162KB) AllocSpace objects, 2(48KB) LOS objects, 7% free, 185MB/201MB, paused 1.598ms total 65.125ms
08-05 22:02:07.422 22138 22785 I art     : Starting a blocking GC Explicit
08-05 22:02:07.476 22138 22785 I art     : Explicit concurrent mark sweep GC freed 911(52KB) AllocSpace objects, 0(0B) LOS objects, 7% free, 185MB/201MB, paused 1.419ms total 54.462ms
08-05 22:02:07.496 22138 22785 I art     : Starting a blocking GC Explicit
08-05 22:02:07.551 22138 22785 I art     : Explicit concurrent mark sweep GC freed 45(1152B) AllocSpace objects, 0(0B) LOS objects, 7% free, 185MB/201MB, paused 1.444ms total 54.606ms
08-05 22:02:07.571 22138 22785 I art     : Starting a blocking GC Explicit
08-05 22:02:07.626 22138 22785 I art     : Explicit concurrent mark sweep GC freed 3(96B) AllocSpace objects, 9(252KB) LOS objects, 7% free, 185MB/201MB, paused 1.259ms total 54.709ms
08-05 22:02:07.647 22138 22785 I art     : Starting a blocking GC Explicit
08-05 22:02:07.702 22138 22785 I art     : Explicit concurrent mark sweep GC freed 3(96B) AllocSpace objects, 0(0B) LOS objects, 7% free, 185MB/201MB, paused 1.454ms total 55.601ms
08-05 22:02:07.899   512  2967 D audio_hw_primary: disable_audio_route: reset and update mixer path: low-latency-playback speaker
08-05 22:02:07.900   512  2967 D audio_hw_primary: disable_snd_device: snd_device(2: speaker)
08-05 22:02:07.908   512  2967 I soundtrigger: audio_extn_sound_trigger_update_device_status: device 0x2 of type 0 for Event 0
08-05 22:02:08.094   518   646 I ThermalEngine: ACTION: GPU - Setting GPU[0] to 390000000
08-05 22:02:08.140 22138 22149 I art     : Starting a blocking GC Explicit
08-05 22:02:08.234 22138 22149 I art     : Explicit concurrent mark sweep GC freed 1610(92KB) AllocSpace objects, 2(48KB) LOS objects, 7% free, 185MB/201MB, paused 2.615ms total 93.477ms
08-05 22:02:08.267 22138 22149 I art     : Starting a blocking GC Explicit
08-05 22:02:08.351 22138 22149 I art     : Explicit concurrent mark sweep GC freed 71(2416B) AllocSpace objects, 0(0B) LOS objects, 7% free, 185MB/201MB, paused 2.655ms total 82.842ms
08-05 22:02:08.384 22138 22149 I art     : Starting a blocking GC Explicit
08-05 22:02:08.468 22138 22149 I art     : Explicit concurrent mark sweep GC freed 15(672B) AllocSpace objects, 0(0B) LOS objects, 7% free, 185MB/201MB, paused 2.495ms total 82.794ms
08-05 22:02:08.499 22138 22149 I art     : Starting a blocking GC Explicit
08-05 22:02:08.577 22138 22149 I art     : Explicit concurrent mark sweep GC freed 18(1072B) AllocSpace objects, 0(0B) LOS objects, 7% free, 185MB/201MB, paused 2.128ms total 77.333ms
08-05 22:02:08.609 22138 22149 I art     : Starting a blocking GC Explicit
08-05 22:02:08.696 22138 22149 I art     : Explicit concurrent mark sweep GC freed 3(96B) AllocSpace objects, 0(0B) LOS objects, 7% free, 185MB/201MB, paused 2.551ms total 86.078ms
08-05 22:02:09.212 22138 23095 I art     : Starting a blocking GC Explicit
08-05 22:02:09.307 22138 23095 I art     : Explicit concurrent mark sweep GC freed 1598(92KB) AllocSpace objects, 2(48KB) LOS objects, 7% free, 185MB/201MB, paused 2.771ms total 94.299ms
08-05 22:02:09.339 22138 23095 I art     : Starting a blocking GC Explicit
08-05 22:02:09.415 22138 23095 I art     : Explicit concurrent mark sweep GC freed 75(2560B) AllocSpace objects, 0(0B) LOS objects, 7% free, 185MB/201MB, paused 2.239ms total 76.427ms
08-05 22:02:09.444 22138 23095 I art     : Starting a blocking GC Explicit
08-05 22:02:09.524 22138 23095 I art     : Explicit concurrent mark sweep GC freed 3(96B) AllocSpace objects, 0(0B) LOS objects, 7% free, 185MB/201MB, paused 2.850ms total 79.369ms
08-05 22:02:09.528 13866 13882 I PeriodicStatsRunner: PeriodicStatsRunner.call():175 call()
08-05 22:02:09.529 13866 13882 I PeriodicStatsRunner: PeriodicStatsRunner.call():179 No submit PeriodicStats since input started.
08-05 22:02:09.557 22138 23095 I art     : Starting a blocking GC Explicit
08-05 22:02:09.629 22138 23095 I art     : Explicit concurrent mark sweep GC freed 3(96B) AllocSpace objects, 0(0B) LOS objects, 7% free, 185MB/201MB, paused 2.302ms total 71.738ms
08-05 22:02:09.656 22138 23095 I art     : Starting a blocking GC Explicit
08-05 22:02:09.730 22138 23095 I art     : Explicit concurrent mark sweep GC freed 3(96B) AllocSpace objects, 0(0B) LOS objects, 7% free, 185MB/201MB, paused 2.303ms total 73.982ms
08-05 22:02:10.095   518   646 I ThermalEngine: ACTION: GPU - Setting GPU[0] to 450000000
08-05 22:02:10.175 25074 25074 D AndroidRuntime: >>>>>> START com.android.internal.os.RuntimeInit uid 2000 <<<<<<
08-05 22:02:10.175 22138 22205 I art     : Starting a blocking GC Explicit
08-05 22:02:10.183 25074 25074 D AndroidRuntime: CheckJNI is OFF
08-05 22:02:10.228 25074 25074 D ICU     : No timezone override file found: /data/misc/zoneinfo/current/icu/icu_tzdata.dat
08-05 22:02:10.239 22138 22205 I art     : Explicit concurrent mark sweep GC freed 1599(92KB) AllocSpace objects, 2(48KB) LOS objects, 7% free, 185MB/201MB, paused 1.464ms total 63.238ms
08-05 22:02:10.259 22138 22205 I art     : Starting a blocking GC Explicit
08-05 22:02:10.271 25074 25074 I Radio-JNI: register_android_hardware_Radio DONE
08-05 22:02:10.300 25074 25074 D AndroidRuntime: Calling main entry com.android.commands.input.Input
08-05 22:02:10.302 25074 25074 I Input   : injectMotionEvent: MotionEvent { action=ACTION_DOWN, actionButton=0, id[0]=0, x[0]=1341.0, y[0]=197.0, toolType[0]=TOOL_TYPE_UNKNOWN, buttonState=0, metaState=0, flags=0x0, edgeFlags=0x0, pointerCount=1, historySize=0, eventTime=828146715, downTime=828146715, deviceId=0, source=0x1002 }
08-05 22:02:10.307 25074 25074 I Input   : injectMotionEvent: MotionEvent { action=ACTION_UP, actionButton=0, id[0]=0, x[0]=1341.0, y[0]=197.0, toolType[0]=TOOL_TYPE_UNKNOWN, buttonState=0, metaState=0, flags=0x0, edgeFlags=0x0, pointerCount=1, historySize=0, eventTime=828146715, downTime=828146715, deviceId=0, source=0x1002 }
08-05 22:02:10.310 25074 25074 D AndroidRuntime: Shutting down VM
08-05 22:02:10.319 22138 22205 I art     : Explicit concurrent mark sweep GC freed 61(2048B) AllocSpace objects, 0(0B) LOS objects, 7% free, 185MB/201MB, paused 1.479ms total 59.907ms
08-05 22:02:10.322   918  5481 I ActivityManager: START u0 {cmp=baseline.io.github.project_travel_mate/.notifications.NotificationsActivity} from uid 10674 on display 0
08-05 22:02:10.323   512  2967 D audio_hw_primary: out_set_parameters: enter: usecase(1: low-latency-playback) kvpairs: routing=2
08-05 22:02:10.337   512  2967 D audio_hw_primary: select_devices: out_snd_device(2: speaker) in_snd_device(0: none)
08-05 22:02:10.337   512  2967 D msm8974_platform: platform_send_audio_calibration: sending audio calibration for snd_device(2) acdb_id(15)
08-05 22:02:10.337   512  2967 I soundtrigger: audio_extn_sound_trigger_update_device_status: device 0x2 of type 0 for Event 1
08-05 22:02:10.341 22138 22205 I art     : Starting a blocking GC Explicit
08-05 22:02:10.348   512  2967 D audio_hw_primary: enable_snd_device: snd_device(2: speaker)
08-05 22:02:10.352   512  2967 D audio_hw_primary: enable_audio_route: apply and update mixer path: low-latency-playback speaker
08-05 22:02:10.364 22138 22203 D Gabe    : call	returning from cache
08-05 22:02:10.369 22138 22138 V EXECUTING: https://project-travel-mate.herokuapp.com/api/get-notifications
08-05 22:02:10.371 22138 22138 V EXECUTING: https://project-travel-mate.herokuapp.com/api/get-notifications
08-05 22:02:10.397 22138 22205 I art     : Explicit concurrent mark sweep GC freed 1217(73KB) AllocSpace objects, 0(0B) LOS objects, 7% free, 185MB/201MB, paused 1.606ms total 55.662ms
08-05 22:02:10.416 22138 22205 I art     : Starting a blocking GC Explicit
08-05 22:02:10.473 22138 22205 I art     : Explicit concurrent mark sweep GC freed 1029(52KB) AllocSpace objects, 0(0B) LOS objects, 7% free, 189MB/205MB, paused 1.721ms total 57.043ms
08-05 22:02:10.492 22138 22205 I art     : Starting a blocking GC Explicit
08-05 22:02:10.524   918   936 I ActivityManager: Displayed baseline.io.github.project_travel_mate/.notifications.NotificationsActivity: +191ms
08-05 22:02:10.527 13866 13866 I GoogleInputMethodServic: GoogleInputMethodService.onFinishInput():3138 
08-05 22:02:10.528 13866 13866 I GoogleInputMethodServic: GoogleInputMethodService.onStartInput():1808 
08-05 22:02:10.552 22138 22205 I art     : Explicit concurrent mark sweep GC freed 239(10KB) AllocSpace objects, 0(0B) LOS objects, 7% free, 189MB/205MB, paused 1.805ms total 58.971ms
08-05 22:02:10.626 22138 22153 D OpenGLRenderer: endAllStagingAnimators on 0x7f7e1ec000 (RippleDrawable) with handle 0x7f7c25f0a0
08-05 22:02:10.769   380   380 W SurfaceFlinger: couldn't log to binary event log: overflow.
08-05 22:02:10.889   512  2967 D audio_hw_primary: disable_audio_route: reset and update mixer path: low-latency-playback speaker
08-05 22:02:10.891   512  2967 D audio_hw_primary: disable_snd_device: snd_device(2: speaker)
08-05 22:02:10.900   512  2967 I soundtrigger: audio_extn_sound_trigger_update_device_status: device 0x2 of type 0 for Event 0
08-05 22:02:10.943 22138 25099 I NAPPA_EXPERIMENTATION: MetricNetworkRequestExecutionTime: REQUEST_DURATION_SYSTEM='570',REQUEST_DURATION_OKHTTP='45',REQUEST_SYNCHRONOUS='FALSE',RESPONSE_CODE='200',RESPONSE_METHOD='GET',RESPONSE_LENGTH_OKHTTP='2',RESPONSE_LENGTH_HEADER='2',REQUEST_PROTOCOL='http/1.1',REQUEST_URL='https://project-travel-mate.herokuapp.com/api/get-notifications',
08-05 22:02:10.949 22138 22205 I art     : Starting a blocking GC Explicit
08-05 22:02:10.975 22138 25098 I NAPPA_EXPERIMENTATION: MetricNetworkRequestExecutionTime: REQUEST_DURATION_SYSTEM='605',REQUEST_DURATION_OKHTTP='77',REQUEST_SYNCHRONOUS='FALSE',RESPONSE_CODE='200',RESPONSE_METHOD='GET',RESPONSE_LENGTH_OKHTTP='2',RESPONSE_LENGTH_HEADER='2',REQUEST_PROTOCOL='http/1.1',REQUEST_URL='https://project-travel-mate.herokuapp.com/api/get-notifications',
08-05 22:02:11.009 22138 22205 I art     : Explicit concurrent mark sweep GC freed 7677(392KB) AllocSpace objects, 8(448KB) LOS objects, 7% free, 190MB/206MB, paused 1.840ms total 60.239ms
08-05 22:02:11.029 22138 22205 I art     : Starting a blocking GC Explicit
08-05 22:02:11.085 22138 22205 I art     : Explicit concurrent mark sweep GC freed 2045(238KB) AllocSpace objects, 0(0B) LOS objects, 7% free, 190MB/206MB, paused 1.788ms total 55.948ms
08-05 22:02:11.090 22138 22138 V Response: [] 
08-05 22:02:11.095 22138 22203 D Gabe    : call	returning from cache
08-05 22:02:11.106 22138 22138 V Response: [] 
08-05 22:02:11.107 22138 22205 I art     : Starting a blocking GC Explicit
08-05 22:02:11.112 22138 22203 D Gabe    : call	returning from cache
08-05 22:02:11.163 22138 22205 I art     : Explicit concurrent mark sweep GC freed 1953(70KB) AllocSpace objects, 1(188KB) LOS objects, 7% free, 190MB/206MB, paused 1.508ms total 55.477ms
08-05 22:02:11.182 22138 22205 I art     : Starting a blocking GC Explicit
08-05 22:02:11.237 22138 22205 I art     : Explicit concurrent mark sweep GC freed 2024(76KB) AllocSpace objects, 0(0B) LOS objects, 7% free, 190MB/206MB, paused 1.333ms total 54.748ms
08-05 22:02:11.256 22138 22205 I art     : Starting a blocking GC Explicit
08-05 22:02:11.310 22138 22205 I art     : Explicit concurrent mark sweep GC freed 359(6KB) AllocSpace objects, 0(0B) LOS objects, 7% free, 190MB/206MB, paused 1.571ms total 53.826ms
08-05 22:02:11.697 22138 22150 I art     : Starting a blocking GC Explicit
08-05 22:02:11.752 22138 22150 I art     : Explicit concurrent mark sweep GC freed 3650(130KB) AllocSpace objects, 2(48KB) LOS objects, 7% free, 190MB/206MB, paused 1.353ms total 54.720ms
08-05 22:02:11.771 22138 22150 I art     : Starting a blocking GC Explicit
08-05 22:02:11.806   918  3261 D WifiStateMachine: starting scan for "H369AA63323"WPA_PSK with 2412,5180
08-05 22:02:11.826 22138 22150 I art     : Explicit concurrent mark sweep GC freed 544(17KB) AllocSpace objects, 0(0B) LOS objects, 7% free, 190MB/206MB, paused 1.523ms total 54.454ms
08-05 22:02:11.845 22138 22150 I art     : Starting a blocking GC Explicit
08-05 22:02:11.898 22138 22150 I art     : Explicit concurrent mark sweep GC freed 307(5KB) AllocSpace objects, 0(0B) LOS objects, 7% free, 190MB/206MB, paused 1.356ms total 52.859ms
08-05 22:02:11.917 22138 22150 I art     : Starting a blocking GC Explicit
08-05 22:02:11.970 22138 22150 I art     : Explicit concurrent mark sweep GC freed 294(5KB) AllocSpace objects, 0(0B) LOS objects, 7% free, 190MB/206MB, paused 1.368ms total 52.762ms
08-05 22:02:11.990 22138 22150 I art     : Starting a blocking GC Explicit
08-05 22:02:12.045 22138 22150 I art     : Explicit concurrent mark sweep GC freed 358(5KB) AllocSpace objects, 0(0B) LOS objects, 7% free, 190MB/206MB, paused 1.473ms total 54.972ms
08-05 22:02:12.101   518   646 I ThermalEngine: ACTION: GPU - Setting GPU[0] to 390000000
08-05 22:02:12.484 22138 23095 I art     : Starting a blocking GC Explicit
08-05 22:02:12.553 22138 23095 I art     : Explicit concurrent mark sweep GC freed 3748(127KB) AllocSpace objects, 2(48KB) LOS objects, 7% free, 190MB/206MB, paused 2.008ms total 67.849ms
08-05 22:02:12.578 22138 23095 I art     : Starting a blocking GC Explicit
08-05 22:02:12.644 22138 23095 I art     : Explicit concurrent mark sweep GC freed 389(6KB) AllocSpace objects, 0(0B) LOS objects, 7% free, 190MB/206MB, paused 2.101ms total 66.060ms
08-05 22:02:12.669 22138 23095 I art     : Starting a blocking GC Explicit
08-05 22:02:12.735 22138 23095 I art     : Explicit concurrent mark sweep GC freed 412(6KB) AllocSpace objects, 0(0B) LOS objects, 7% free, 190MB/206MB, paused 1.971ms total 65.242ms
08-05 22:02:12.760 22138 23095 I art     : Starting a blocking GC Explicit
08-05 22:02:12.827 22138 23095 I art     : Explicit concurrent mark sweep GC freed 376(6KB) AllocSpace objects, 0(0B) LOS objects, 7% free, 190MB/206MB, paused 2.063ms total 66.376ms
08-05 22:02:12.851 22138 23095 I art     : Starting a blocking GC Explicit
08-05 22:02:12.917 22138 23095 I art     : Explicit concurrent mark sweep GC freed 400(6KB) AllocSpace objects, 0(0B) LOS objects, 7% free, 190MB/206MB, paused 2.039ms total 65.716ms
08-05 22:02:13.355 22138 22150 I art     : Starting a blocking GC Explicit
08-05 22:02:13.425 22138 22150 I art     : Explicit concurrent mark sweep GC freed 3723(126KB) AllocSpace objects, 2(48KB) LOS objects, 7% free, 190MB/206MB, paused 2.110ms total 69.477ms
08-05 22:02:13.450 22138 22150 I art     : Starting a blocking GC Explicit
08-05 22:02:13.516 22138 22150 I art     : Explicit concurrent mark sweep GC freed 446(7KB) AllocSpace objects, 0(0B) LOS objects, 7% free, 190MB/206MB, paused 2.164ms total 65.444ms
08-05 22:02:13.541 22138 22150 I art     : Starting a blocking GC Explicit
08-05 22:02:13.608 22138 22150 I art     : Explicit concurrent mark sweep GC freed 355(5KB) AllocSpace objects, 0(0B) LOS objects, 7% free, 190MB/206MB, paused 2.007ms total 66.780ms
08-05 22:02:13.634 22138 22150 I art     : Starting a blocking GC Explicit
08-05 22:02:13.701 22138 22150 I art     : Explicit concurrent mark sweep GC freed 423(6KB) AllocSpace objects, 0(0B) LOS objects, 7% free, 190MB/206MB, paused 2.104ms total 66.742ms
08-05 22:02:13.726 22138 22150 I art     : Starting a blocking GC Explicit
08-05 22:02:13.793 22138 22150 I art     : Explicit concurrent mark sweep GC freed 361(5KB) AllocSpace objects, 0(0B) LOS objects, 7% free, 190MB/206MB, paused 2.059ms total 66.327ms
08-05 22:02:14.235 22138 22149 I art     : Starting a blocking GC Explicit
08-05 22:02:14.302 22138 22149 I art     : Explicit concurrent mark sweep GC freed 3748(126KB) AllocSpace objects, 2(48KB) LOS objects, 7% free, 190MB/206MB, paused 2.051ms total 66.865ms
08-05 22:02:14.328 22138 22149 I art     : Starting a blocking GC Explicit
08-05 22:02:14.391 22138 22149 I art     : Explicit concurrent mark sweep GC freed 429(8KB) AllocSpace objects, 0(0B) LOS objects, 7% free, 190MB/206MB, paused 2.048ms total 63.541ms
08-05 22:02:14.416 22138 22149 I art     : Starting a blocking GC Explicit
08-05 22:02:14.482 22138 22149 I art     : Explicit concurrent mark sweep GC freed 442(7KB) AllocSpace objects, 0(0B) LOS objects, 7% free, 190MB/206MB, paused 2.079ms total 65.629ms
08-05 22:02:14.507 22138 22149 I art     : Starting a blocking GC Explicit
08-05 22:02:14.573 22138 22149 I art     : Explicit concurrent mark sweep GC freed 358(5KB) AllocSpace objects, 0(0B) LOS objects, 7% free, 190MB/206MB, paused 1.922ms total 66.100ms
08-05 22:02:14.598 22138 22149 I art     : Starting a blocking GC Explicit
08-05 22:02:14.662 22138 22149 I art     : Explicit concurrent mark sweep GC freed 398(7KB) AllocSpace objects, 0(0B) LOS objects, 7% free, 190MB/206MB, paused 1.997ms total 63.998ms
08-05 22:02:15.111 22138 22785 I art     : Starting a blocking GC Explicit
08-05 22:02:15.189 25154 25154 D AndroidRuntime: >>>>>> START com.android.internal.os.RuntimeInit uid 2000 <<<<<<
08-05 22:02:15.192 22138 22785 I art     : Explicit concurrent mark sweep GC freed 3852(128KB) AllocSpace objects, 2(48KB) LOS objects, 7% free, 190MB/206MB, paused 2.053ms total 80.792ms
08-05 22:02:15.194 25154 25154 D AndroidRuntime: CheckJNI is OFF
08-05 22:02:15.217 22138 22785 I art     : Starting a blocking GC Explicit
08-05 22:02:15.247 25154 25154 D ICU     : No timezone override file found: /data/misc/zoneinfo/current/icu/icu_tzdata.dat
08-05 22:02:15.282 22138 22785 I art     : Explicit concurrent mark sweep GC freed 621(18KB) AllocSpace objects, 0(0B) LOS objects, 7% free, 190MB/206MB, paused 2.003ms total 64.669ms
08-05 22:02:15.291 25154 25154 I Radio-JNI: register_android_hardware_Radio DONE
08-05 22:02:15.307 22138 22785 I art     : Starting a blocking GC Explicit
08-05 22:02:15.324 25154 25154 D AndroidRuntime: Calling main entry com.android.commands.input.Input
08-05 22:02:15.327 25154 25154 I Input   : injectKeyEvent: KeyEvent { action=ACTION_DOWN, keyCode=KEYCODE_BACK, scanCode=0, metaState=0, flags=0x0, repeatCount=0, eventTime=828151740, downTime=828151740, deviceId=-1, source=0x101 }
08-05 22:02:15.339 25154 25154 I Input   : injectKeyEvent: KeyEvent { action=ACTION_UP, keyCode=KEYCODE_BACK, scanCode=0, metaState=0, flags=0x0, repeatCount=0, eventTime=828151740, downTime=828151740, deviceId=-1, source=0x101 }
08-05 22:02:15.359 25154 25154 D AndroidRuntime: Shutting down VM
08-05 22:02:15.372 22138 22785 I art     : Explicit concurrent mark sweep GC freed 392(6KB) AllocSpace objects, 0(0B) LOS objects, 7% free, 190MB/206MB, paused 2.014ms total 64.427ms
08-05 22:02:15.381 22138 22138 V MainActivity: url = https://project-travel-mate.herokuapp.com/api/number-of-unread-notifications
08-05 22:02:15.397 22138 22785 I art     : Starting a blocking GC Explicit
08-05 22:02:15.451 13866 13866 I GoogleInputMethodServic: GoogleInputMethodService.onFinishInput():3138 
08-05 22:02:15.452 13866 13866 I GoogleInputMethodServic: GoogleInputMethodService.onStartInput():1808 
08-05 22:02:15.469 22138 22785 I art     : Explicit concurrent mark sweep GC freed 616(19KB) AllocSpace objects, 0(0B) LOS objects, 7% free, 190MB/206MB, paused 2.193ms total 71.736ms
08-05 22:02:15.493 22138 22785 I art     : Starting a blocking GC Explicit
08-05 22:02:15.528 13866 13882 I PeriodicStatsRunner: PeriodicStatsRunner.call():175 call()
08-05 22:02:15.528 13866 13882 I PeriodicStatsRunner: PeriodicStatsRunner.call():179 No submit PeriodicStats since input started.
08-05 22:02:15.567 22138 22785 I art     : Explicit concurrent mark sweep GC freed 182(8KB) AllocSpace objects, 0(0B) LOS objects, 7% free, 190MB/206MB, paused 1.973ms total 72.974ms
08-05 22:02:15.707   380   380 W SurfaceFlinger: couldn't log to binary event log: overflow.
08-05 22:02:15.995 22138 22150 I art     : Starting a blocking GC Explicit
08-05 22:02:16.069 22138 22150 I art     : Explicit concurrent mark sweep GC freed 1734(96KB) AllocSpace objects, 3(4MB) LOS objects, 7% free, 185MB/201MB, paused 2.101ms total 73.159ms
08-05 22:02:16.097 22138 22150 I art     : Starting a blocking GC Explicit
08-05 22:02:16.164 22138 22150 I art     : Explicit concurrent mark sweep GC freed 3757(178KB) AllocSpace objects, 2(56KB) LOS objects, 7% free, 185MB/201MB, paused 2ms total 67.282ms
08-05 22:02:16.190 22138 22150 I art     : Starting a blocking GC Explicit
08-05 22:02:16.259 22138 22150 I art     : Explicit concurrent mark sweep GC freed 3(96B) AllocSpace objects, 0(0B) LOS objects, 7% free, 185MB/201MB, paused 2.144ms total 68.834ms
08-05 22:02:16.290 22138 22150 I art     : Starting a blocking GC Explicit
08-05 22:02:16.364 22138 25177 I NAPPA_EXPERIMENTATION: MetricNetworkRequestExecutionTime: REQUEST_DURATION_SYSTEM='979',REQUEST_DURATION_OKHTTP='38',REQUEST_SYNCHRONOUS='FALSE',RESPONSE_CODE='200',RESPONSE_METHOD='GET',RESPONSE_LENGTH_OKHTTP='36',RESPONSE_LENGTH_HEADER='36',REQUEST_PROTOCOL='http/1.1',REQUEST_URL='https://project-travel-mate.herokuapp.com/api/number-of-unread-notifications',
08-05 22:02:16.367 22138 22150 I art     : Explicit concurrent mark sweep GC freed 2668(136KB) AllocSpace objects, 1(80KB) LOS objects, 7% free, 185MB/201MB, paused 2.391ms total 77.154ms
08-05 22:02:16.394 22138 22150 I art     : Starting a blocking GC Explicit
08-05 22:02:16.471 22138 22150 I art     : Explicit concurrent mark sweep GC freed 1016(124KB) AllocSpace objects, 2(120KB) LOS objects, 7% free, 185MB/201MB, paused 2.291ms total 76.663ms
08-05 22:02:16.938 22138 23095 I art     : Starting a blocking GC Explicit
08-05 22:02:17.019 22138 23095 I art     : Explicit concurrent mark sweep GC freed 1692(96KB) AllocSpace objects, 2(48KB) LOS objects, 7% free, 185MB/201MB, paused 2.335ms total 80.943ms
08-05 22:02:17.047 22138 23095 I art     : Starting a blocking GC Explicit
08-05 22:02:17.123 22138 23095 I art     : Explicit concurrent mark sweep GC freed 42(1456B) AllocSpace objects, 0(0B) LOS objects, 7% free, 185MB/201MB, paused 2.232ms total 76.023ms
08-05 22:02:17.150 22138 23095 I art     : Starting a blocking GC Explicit
08-05 22:02:17.225 22138 23095 I art     : Explicit concurrent mark sweep GC freed 3(96B) AllocSpace objects, 0(0B) LOS objects, 7% free, 185MB/201MB, paused 2.193ms total 74.667ms
08-05 22:02:17.252 22138 23095 I art     : Starting a blocking GC Explicit
08-05 22:02:17.253 25189 25189 D AndroidRuntime: >>>>>> START com.android.internal.os.RuntimeInit uid 2000 <<<<<<
08-05 22:02:17.259 25189 25189 D AndroidRuntime: CheckJNI is OFF
08-05 22:02:17.310 25189 25189 D ICU     : No timezone override file found: /data/misc/zoneinfo/current/icu/icu_tzdata.dat
08-05 22:02:17.326 22138 23095 I art     : Explicit concurrent mark sweep GC freed 14(720B) AllocSpace objects, 0(0B) LOS objects, 7% free, 185MB/201MB, paused 2.241ms total 73.048ms
08-05 22:02:17.353 22138 23095 I art     : Starting a blocking GC Explicit
08-05 22:02:17.357 25189 25189 I Radio-JNI: register_android_hardware_Radio DONE
08-05 22:02:17.389 25189 25189 D AndroidRuntime: Calling main entry com.android.commands.input.Input
08-05 22:02:17.391 25189 25189 I Input   : injectMotionEvent: MotionEvent { action=ACTION_DOWN, actionButton=0, id[0]=0, x[0]=117.0, y[0]=170.0, toolType[0]=TOOL_TYPE_UNKNOWN, buttonState=0, metaState=0, flags=0x0, edgeFlags=0x0, pointerCount=1, historySize=0, eventTime=828153803, downTime=828153803, deviceId=0, source=0x1002 }
08-05 22:02:17.396 25189 25189 I Input   : injectMotionEvent: MotionEvent { action=ACTION_UP, actionButton=0, id[0]=0, x[0]=117.0, y[0]=170.0, toolType[0]=TOOL_TYPE_UNKNOWN, buttonState=0, metaState=0, flags=0x0, edgeFlags=0x0, pointerCount=1, historySize=0, eventTime=828153803, downTime=828153803, deviceId=0, source=0x1002 }
08-05 22:02:17.399 25189 25189 D AndroidRuntime: Shutting down VM
08-05 22:02:17.412   512  2967 D audio_hw_primary: out_set_parameters: enter: usecase(1: low-latency-playback) kvpairs: routing=2
08-05 22:02:17.425   512  2967 D audio_hw_primary: select_devices: out_snd_device(2: speaker) in_snd_device(0: none)
08-05 22:02:17.425   512  2967 D msm8974_platform: platform_send_audio_calibration: sending audio calibration for snd_device(2) acdb_id(15)
08-05 22:02:17.426   512  2967 I soundtrigger: audio_extn_sound_trigger_update_device_status: device 0x2 of type 0 for Event 1
08-05 22:02:17.432 22138 23095 I art     : Explicit concurrent mark sweep GC freed 74(2400B) AllocSpace objects, 0(0B) LOS objects, 7% free, 185MB/201MB, paused 3.564ms total 78.495ms
08-05 22:02:17.438   512  2967 D audio_hw_primary: enable_snd_device: snd_device(2: speaker)
08-05 22:02:17.441   512  2967 D audio_hw_primary: enable_audio_route: apply and update mixer path: low-latency-playback speaker
08-05 22:02:17.917 22138 22205 I art     : Starting a blocking GC Explicit
08-05 22:02:17.989   512  2967 D audio_hw_primary: disable_audio_route: reset and update mixer path: low-latency-playback speaker
08-05 22:02:17.989 22138 22205 I art     : Explicit concurrent mark sweep GC freed 1989(112KB) AllocSpace objects, 2(48KB) LOS objects, 7% free, 185MB/201MB, paused 2.198ms total 71.645ms
08-05 22:02:17.990   512  2967 D audio_hw_primary: disable_snd_device: snd_device(2: speaker)
08-05 22:02:17.998   512  2967 I soundtrigger: audio_extn_sound_trigger_update_device_status: device 0x2 of type 0 for Event 0
08-05 22:02:18.015 22138 22205 I art     : Starting a blocking GC Explicit
08-05 22:02:18.086 22138 22205 I art     : Explicit concurrent mark sweep GC freed 70(2896B) AllocSpace objects, 0(0B) LOS objects, 7% free, 185MB/201MB, paused 2.129ms total 71.006ms
08-05 22:02:18.113 22138 22205 I art     : Starting a blocking GC Explicit
08-05 22:02:18.188 22138 22205 I art     : Explicit concurrent mark sweep GC freed 3(96B) AllocSpace objects, 0(0B) LOS objects, 7% free, 185MB/201MB, paused 2.273ms total 74.262ms
08-05 22:02:18.215 22138 22205 I art     : Starting a blocking GC Explicit
08-05 22:02:18.291 22138 22205 I art     : Explicit concurrent mark sweep GC freed 5(160B) AllocSpace objects, 0(0B) LOS objects, 7% free, 185MB/201MB, paused 2.276ms total 75.456ms
08-05 22:02:18.313 25214 25214 D AndroidRuntime: >>>>>> START com.android.internal.os.RuntimeInit uid 2000 <<<<<<
08-05 22:02:18.319 22138 22205 I art     : Starting a blocking GC Explicit
08-05 22:02:18.319 25214 25214 D AndroidRuntime: CheckJNI is OFF
08-05 22:02:18.370 25214 25214 D ICU     : No timezone override file found: /data/misc/zoneinfo/current/icu/icu_tzdata.dat
08-05 22:02:18.393 22138 22205 I art     : Explicit concurrent mark sweep GC freed 40(1088B) AllocSpace objects, 0(0B) LOS objects, 7% free, 185MB/201MB, paused 2.317ms total 73.720ms
08-05 22:02:18.419 25214 25214 I Radio-JNI: register_android_hardware_Radio DONE
08-05 22:02:18.449 25214 25214 D AndroidRuntime: Calling main entry com.android.commands.input.Input
08-05 22:02:18.451 25214 25214 I Input   : injectMotionEvent: MotionEvent { action=ACTION_DOWN, actionButton=0, id[0]=0, x[0]=418.0, y[0]=842.0, toolType[0]=TOOL_TYPE_UNKNOWN, buttonState=0, metaState=0, flags=0x0, edgeFlags=0x0, pointerCount=1, historySize=0, eventTime=828154864, downTime=828154864, deviceId=0, source=0x1002 }
08-05 22:02:18.455 25214 25214 I Input   : injectMotionEvent: MotionEvent { action=ACTION_UP, actionButton=0, id[0]=0, x[0]=418.0, y[0]=842.0, toolType[0]=TOOL_TYPE_UNKNOWN, buttonState=0, metaState=0, flags=0x0, edgeFlags=0x0, pointerCount=1, historySize=0, eventTime=828154864, downTime=828154864, deviceId=0, source=0x1002 }
08-05 22:02:18.458 25214 25214 D AndroidRuntime: Shutting down VM
08-05 22:02:18.464   512  2967 D audio_hw_primary: out_set_parameters: enter: usecase(1: low-latency-playback) kvpairs: routing=2
08-05 22:02:18.468 22138 22203 D Gabe    : call	returning from cache
08-05 22:02:18.477   512  2967 D audio_hw_primary: select_devices: out_snd_device(2: speaker) in_snd_device(0: none)
08-05 22:02:18.477   512  2967 D msm8974_platform: platform_send_audio_calibration: sending audio calibration for snd_device(2) acdb_id(15)
08-05 22:02:18.477   512  2967 I soundtrigger: audio_extn_sound_trigger_update_device_status: device 0x2 of type 0 for Event 1
08-05 22:02:18.488   512  2967 D audio_hw_primary: enable_snd_device: snd_device(2: speaker)
08-05 22:02:18.491   512  2967 D audio_hw_primary: enable_audio_route: apply and update mixer path: low-latency-playback speaker
08-05 22:02:18.500 22138 22138 V MainActivity: url = https://project-travel-mate.herokuapp.com/api/number-of-unread-notifications
08-05 22:02:18.540   512  2967 D AudioFlinger: mixer(0xf4740000) throttle end: throttle time(12)
08-05 22:02:18.581 23905 23905 I ServiceManager: Waiting for service AtCmdFwd...
08-05 22:02:18.861 22138 23095 I art     : Starting a blocking GC Explicit
08-05 22:02:18.950 22138 23095 I art     : Explicit concurrent mark sweep GC freed 4057(248KB) AllocSpace objects, 2(48KB) LOS objects, 7% free, 186MB/202MB, paused 2.804ms total 87.524ms
08-05 22:02:18.978 22138 23095 I art     : Starting a blocking GC Explicit
08-05 22:02:19.039   512  2967 D audio_hw_primary: disable_audio_route: reset and update mixer path: low-latency-playback speaker
08-05 22:02:19.040   512  2967 D audio_hw_primary: disable_snd_device: snd_device(2: speaker)
08-05 22:02:19.048   512  2967 I soundtrigger: audio_extn_sound_trigger_update_device_status: device 0x2 of type 0 for Event 0
08-05 22:02:19.060 22138 23095 I art     : Explicit concurrent mark sweep GC freed 626(38KB) AllocSpace objects, 0(0B) LOS objects, 7% free, 186MB/202MB, paused 2.844ms total 81.337ms
08-05 22:02:19.087 22138 23095 I art     : Starting a blocking GC Explicit
08-05 22:02:19.172 22138 23095 I art     : Explicit concurrent mark sweep GC freed 1493(57KB) AllocSpace objects, 0(0B) LOS objects, 7% free, 186MB/202MB, paused 2.660ms total 85.588ms
08-05 22:02:19.200 22138 23095 I art     : Starting a blocking GC Explicit
08-05 22:02:19.204 22138 22138 I Choreographer: Skipped 41 frames!  The application may be doing too much work on its main thread.
08-05 22:02:19.276 22138 23095 I art     : Explicit concurrent mark sweep GC freed 2397(144KB) AllocSpace objects, 11(372KB) LOS objects, 7% free, 186MB/202MB, paused 2.904ms total 76.017ms
08-05 22:02:19.302 22138 23095 I art     : Starting a blocking GC Explicit
08-05 22:02:19.332 22138 25236 I NAPPA_EXPERIMENTATION: MetricNetworkRequestExecutionTime: REQUEST_DURATION_SYSTEM='830',REQUEST_DURATION_OKHTTP='39',REQUEST_SYNCHRONOUS='FALSE',RESPONSE_CODE='200',RESPONSE_METHOD='GET',RESPONSE_LENGTH_OKHTTP='36',RESPONSE_LENGTH_HEADER='36',REQUEST_PROTOCOL='http/1.1',REQUEST_URL='https://project-travel-mate.herokuapp.com/api/number-of-unread-notifications',
08-05 22:02:19.386 22138 23095 I art     : Explicit concurrent mark sweep GC freed 2773(179KB) AllocSpace objects, 1(80KB) LOS objects, 7% free, 186MB/202MB, paused 2.588ms total 83.566ms
08-05 22:02:19.581 23905 23905 I ServiceManager: Waiting for service AtCmdFwd...
08-05 22:02:19.857 22138 22785 I art     : Starting a blocking GC Explicit
08-05 22:02:19.946 22138 22785 I art     : Explicit concurrent mark sweep GC freed 3830(188KB) AllocSpace objects, 2(64KB) LOS objects, 7% free, 186MB/202MB, paused 2.407ms total 87.969ms
08-05 22:02:19.975 22138 22785 I art     : Starting a blocking GC Explicit
08-05 22:02:20.062 22138 22785 I art     : Explicit concurrent mark sweep GC freed 214(4KB) AllocSpace objects, 0(0B) LOS objects, 7% free, 186MB/202MB, paused 2.388ms total 86.114ms
08-05 22:02:20.092 22138 22785 I art     : Starting a blocking GC Explicit
08-05 22:02:20.182 22138 22785 I art     : Explicit concurrent mark sweep GC freed 178(3KB) AllocSpace objects, 0(0B) LOS objects, 7% free, 186MB/202MB, paused 2.372ms total 90.241ms
08-05 22:02:20.212 22138 22785 I art     : Starting a blocking GC Explicit
08-05 22:02:20.296 22138 22785 I art     : Explicit concurrent mark sweep GC freed 184(3KB) AllocSpace objects, 0(0B) LOS objects, 7% free, 186MB/202MB, paused 2.174ms total 84.556ms
08-05 22:02:20.326 22138 22785 I art     : Starting a blocking GC Explicit
08-05 22:02:20.408 22138 22785 I art     : Explicit concurrent mark sweep GC freed 230(4KB) AllocSpace objects, 0(0B) LOS objects, 7% free, 186MB/202MB, paused 2.178ms total 81.962ms
08-05 22:02:20.452 13866 13882 I PeriodicStatsRunner: PeriodicStatsRunner.call():175 call()
08-05 22:02:20.452 13866 13882 I PeriodicStatsRunner: PeriodicStatsRunner.call():179 No submit PeriodicStats since input started.
08-05 22:02:20.582 23905 23905 I ServiceManager: Waiting for service AtCmdFwd...
08-05 22:02:20.906 22138 22149 I art     : Starting a blocking GC Explicit
08-05 22:02:20.990 22138 22149 I art     : Explicit concurrent mark sweep GC freed 2457(107KB) AllocSpace objects, 2(64KB) LOS objects, 7% free, 186MB/202MB, paused 2.355ms total 82.853ms
08-05 22:02:21.018 22138 22149 I art     : Starting a blocking GC Explicit
08-05 22:02:21.097 22138 22149 I art     : Explicit concurrent mark sweep GC freed 182(3KB) AllocSpace objects, 0(0B) LOS objects, 7% free, 186MB/202MB, paused 2.193ms total 79.471ms
08-05 22:02:21.125 22138 22149 I art     : Starting a blocking GC Explicit
08-05 22:02:21.148   918  3188 I hubconnection: sensorhub said: 'set_bias 3: -5.9520, 0.0000, 0.0000'
08-05 22:02:21.205 22138 22149 I art     : Explicit concurrent mark sweep GC freed 170(2864B) AllocSpace objects, 0(0B) LOS objects, 7% free, 186MB/202MB, paused 2.194ms total 79.318ms
08-05 22:02:21.234 22138 22149 I art     : Starting a blocking GC Explicit
08-05 22:02:21.316 22138 22149 I art     : Explicit concurrent mark sweep GC freed 148(2528B) AllocSpace objects, 0(0B) LOS objects, 7% free, 186MB/202MB, paused 2.257ms total 81.552ms
08-05 22:02:21.344 22138 22149 I art     : Starting a blocking GC Explicit
08-05 22:02:21.402 25272 25272 D AndroidRuntime: >>>>>> START com.android.internal.os.RuntimeInit uid 2000 <<<<<<
08-05 22:02:21.408 25272 25272 D AndroidRuntime: CheckJNI is OFF
08-05 22:02:21.424 22138 22149 I art     : Explicit concurrent mark sweep GC freed 208(3KB) AllocSpace objects, 0(0B) LOS objects, 7% free, 186MB/202MB, paused 2.345ms total 79.164ms
08-05 22:02:21.464 25272 25272 D ICU     : No timezone override file found: /data/misc/zoneinfo/current/icu/icu_tzdata.dat
08-05 22:02:21.512 25272 25272 I Radio-JNI: register_android_hardware_Radio DONE
08-05 22:02:21.544 25272 25272 D AndroidRuntime: Calling main entry com.android.commands.am.Am
08-05 22:02:21.553 19822 19822 I Trepn   : Trepn 6.2s: Received intent: com.quicinc.trepn.stop_profiling
08-05 22:02:21.583 23905 23905 I ServiceManager: Waiting for service AtCmdFwd...
08-05 22:02:21.608 19822 19822 I Trepn   : Trepn 6.2s: Trepn has Stopped Profiling.
08-05 22:02:21.789 25272 25272 D AndroidRuntime: Shutting down VM
08-05 22:02:21.791   918   928 W AppOps  : Finishing op nesting under-run: uid 10078 pkg com.quicinc.trepn code 24 time=0 duration=0 nesting=0
08-05 22:02:21.886 22138 22150 I art     : Starting a blocking GC Explicit
08-05 22:02:21.973 22138 22150 I art     : Explicit concurrent mark sweep GC freed 2379(105KB) AllocSpace objects, 2(64KB) LOS objects, 7% free, 186MB/202MB, paused 2.403ms total 86.537ms
08-05 22:02:22.004 22138 22150 I art     : Starting a blocking GC Explicit
08-05 22:02:22.086 22138 22150 I art     : Explicit concurrent mark sweep GC freed 191(3KB) AllocSpace objects, 0(0B) LOS objects, 7% free, 186MB/202MB, paused 2.457ms total 82.017ms
08-05 22:02:22.115   518   646 I ThermalEngine: ACTION: GPU - Setting GPU[0] to 450000000
08-05 22:02:22.116 22138 22150 I art     : Starting a blocking GC Explicit
08-05 22:02:22.181 22138 22150 I art     : Explicit concurrent mark sweep GC freed 128(2192B) AllocSpace objects, 0(0B) LOS objects, 7% free, 186MB/202MB, paused 1.363ms total 64.809ms
08-05 22:02:22.202 22138 22150 I art     : Starting a blocking GC Explicit
08-05 22:02:22.271 22138 22150 I art     : Explicit concurrent mark sweep GC freed 146(2464B) AllocSpace objects, 0(0B) LOS objects, 7% free, 186MB/202MB, paused 1.491ms total 69.527ms
08-05 22:02:22.293 22138 22150 I art     : Starting a blocking GC Explicit
08-05 22:02:22.359 22138 22150 I art     : Explicit concurrent mark sweep GC freed 162(3KB) AllocSpace objects, 0(0B) LOS objects, 7% free, 186MB/202MB, paused 1.411ms total 65.295ms
08-05 22:02:22.583 23905 23905 I ServiceManager: Waiting for service AtCmdFwd...
08-05 22:02:23.584 23905 23905 W Atfwd_Sendcmd: AtCmdFwd service not published, waiting... retryCnt : 5
