--------- beginning of main
08-05 13:19:47.374 16955 16955 I art     : Late-enabling -Xcheck:jni
08-05 13:19:47.379 16924 16924 W m.quicinc.trepn: type=1400 audit(0.0:739464): avc: denied { search } for name="thermal" dev="sysfs" ino=17530 scontext=u:r:untrusted_app:s0:c512,c768 tcontext=u:object_r:sysfs_thermal:s0 tclass=dir permissive=0
--------- beginning of system
08-05 13:19:47.457   918  5132 I ActivityManager: Start proc 16955:nappagreedy.de.danoeh.antennapod.debug/u0a693 for broadcast nappagreedy.de.danoeh.antennapod.debug/nappagreedy.de.danoeh.antennapod.receiver.PowerConnectionReceiver
08-05 13:19:47.481 16955 16955 W System  : ClassLoader referenced unknown path: /data/app/nappagreedy.de.danoeh.antennapod.debug-2/lib/arm64
08-05 13:19:47.502 16955 16955 D UserPreferences: Creating new instance of UserPreferences
08-05 13:19:47.505 16955 16955 D UserPreferences: Using default data folder
08-05 13:19:47.511 16955 16955 D UserPreferences: Import directory already exists
08-05 13:19:47.514 16955 16955 D UpdateManager: old: 1070296, current: 1070296
08-05 13:19:47.515 16955 16955 D SleepTimerPreferences: Creating new instance of SleepTimerPreferences
08-05 13:19:47.561 16955 16955 D PowerConnectionReceiver: charging intent: android.intent.action.ACTION_POWER_DISCONNECTED
08-05 13:19:47.561 16955 16955 D PowerConnectionReceiver: not charging anymore, but the user allows auto-download when on battery so we'll keep going
08-05 13:19:47.654 16697 16697 I ServiceManager: Waiting for service AtCmdFwd...
08-05 13:19:48.009 16983 16983 D AndroidRuntime: >>>>>> START com.android.internal.os.RuntimeInit uid 2000 <<<<<<
08-05 13:19:48.016 16983 16983 D AndroidRuntime: CheckJNI is OFF
08-05 13:19:48.047 16983 16983 D ICU     : No timezone override file found: /data/misc/zoneinfo/current/icu/icu_tzdata.dat
08-05 13:19:48.079 16983 16983 I Radio-JNI: register_android_hardware_Radio DONE
08-05 13:19:48.098 16983 16983 D AndroidRuntime: Calling main entry com.android.commands.monkey.Monkey
08-05 13:19:48.114   918   931 W BroadcastQueue: Skipping deliver [background] BroadcastRecord{1af48cd u-1 android.net.conn.CONNECTIVITY_CHANGE} to ReceiverList{b5ea582 16983 (unknown name)/2000/u-1 remote:1a19ff7}: process crashing
08-05 13:19:48.125   918  5952 I ActivityManager: START u0 {act=android.intent.action.MAIN cat=[android.intent.category.LAUNCHER] flg=0x10200000 cmp=baseline.io.github.project_travel_mate/.SplashActivity} from uid 2000 on display 0
08-05 13:19:48.142 16992 16992 I art     : Late-enabling -Xcheck:jni
08-05 13:19:48.142   918  3696 I ActivityManager: Start proc 16992:baseline.io.github.project_travel_mate/u0a674 for activity baseline.io.github.project_travel_mate/.SplashActivity
08-05 13:19:48.145 16983 16983 I art     : System.exit called, status: 0
08-05 13:19:48.145 16983 16983 I AndroidRuntime: VM exiting with result code 0.
08-05 13:19:48.231 16458 16830 I PBSessionCacheImpl: Deleted sessionId[72384646105454640] from persistence.
08-05 13:19:48.234 16458 16488 W SearchServiceCore: Abort, client detached.
08-05 13:19:48.234 16458 16488 I MicroDetectionState: Should stop hotword detection immediately - true
08-05 13:19:48.242 16992 16992 W System  : ClassLoader referenced unknown path: /data/app/baseline.io.github.project_travel_mate-1/lib/arm64
08-05 13:19:48.393 16992 16992 W art     : Before Android 4.1, method android.graphics.PorterDuffColorFilter androidx.vectordrawable.graphics.drawable.VectorDrawableCompat.updateTintFilter(android.graphics.PorterDuffColorFilter, android.content.res.ColorStateList, android.graphics.PorterDuff$Mode) would have incorrectly overridden the package-private method in android.graphics.drawable.Drawable
08-05 13:19:48.431 16992 16992 I art     : Rejecting re-init on previously-failed class java.lang.Class<androidx.core.view.ViewCompat$OnUnhandledKeyEventListenerWrapper>
08-05 13:19:48.431 16992 16992 I art     : Rejecting re-init on previously-failed class java.lang.Class<androidx.core.view.ViewCompat$OnUnhandledKeyEventListenerWrapper>
08-05 13:19:48.474 16992 17007 D OpenGLRenderer: Use EGL_SWAP_BEHAVIOR_PRESERVED: true
08-05 13:19:48.510 16992 17007 I Adreno  : QUALCOMM build                   : fcf4852, I1af360237c
08-05 13:19:48.510 16992 17007 I Adreno  : Build Date                       : 09/23/15
08-05 13:19:48.510 16992 17007 I Adreno  : OpenGL ES Shader Compiler Version: XE031.05.13.02
08-05 13:19:48.510 16992 17007 I Adreno  : Local Branch                     : mybranch14465806
08-05 13:19:48.510 16992 17007 I Adreno  : Remote Branch                    : quic/LA.BF64.1.2.9_v2
08-05 13:19:48.510 16992 17007 I Adreno  : Remote Branch                    : NONE
08-05 13:19:48.510 16992 17007 I Adreno  : Reconstruct Branch               : NOTHING
08-05 13:19:48.515 16992 17007 I OpenGLRenderer: Initialized EGL, version 1.4
08-05 13:19:48.597   918   936 I ActivityManager: Displayed baseline.io.github.project_travel_mate/.SplashActivity: +468ms
08-05 13:19:48.602 13866 13866 I GoogleInputMethodServic: GoogleInputMethodService.onFinishInput():3138 
08-05 13:19:48.603 13866 13866 I GoogleInputMethodServic: GoogleInputMethodService.onStartInput():1808 
08-05 13:19:48.655 16697 16697 I ServiceManager: Waiting for service AtCmdFwd...
08-05 13:19:49.655 16697 16697 I ServiceManager: Waiting for service AtCmdFwd...
08-05 13:19:49.669 17022 17022 D AndroidRuntime: >>>>>> START com.android.internal.os.RuntimeInit uid 2000 <<<<<<
08-05 13:19:49.673 17022 17022 D AndroidRuntime: CheckJNI is OFF
08-05 13:19:49.699 17022 17022 D ICU     : No timezone override file found: /data/misc/zoneinfo/current/icu/icu_tzdata.dat
08-05 13:19:49.724 17022 17022 I Radio-JNI: register_android_hardware_Radio DONE
08-05 13:19:49.739 17022 17022 D AndroidRuntime: Calling main entry com.android.commands.am.Am
08-05 13:19:49.749 16924 16924 I Trepn   : Trepn 6.2s: Received intent: com.quicinc.trepn.start_profiling
08-05 13:19:49.864 16924 16924 W FileUtils: Failed to chmod(/storage/emulated/0/trepn/Trepn_2020.08.05_131949.db): android.system.ErrnoException: chmod failed: EPERM (Operation not permitted)
08-05 13:19:49.939 16924 17050 D OpenGLRenderer: Use EGL_SWAP_BEHAVIOR_PRESERVED: true
08-05 13:19:50.005 16924 16924 I Trepn   : Trepn 6.2s: Trepn has Started Profiling.
08-05 13:19:50.006 17022 17022 D AndroidRuntime: Shutting down VM
08-05 13:19:50.031 16924 17050 I Adreno  : QUALCOMM build                   : fcf4852, I1af360237c
08-05 13:19:50.031 16924 17050 I Adreno  : Build Date                       : 09/23/15
08-05 13:19:50.031 16924 17050 I Adreno  : OpenGL ES Shader Compiler Version: XE031.05.13.02
08-05 13:19:50.031 16924 17050 I Adreno  : Local Branch                     : mybranch14465806
08-05 13:19:50.031 16924 17050 I Adreno  : Remote Branch                    : quic/LA.BF64.1.2.9_v2
08-05 13:19:50.031 16924 17050 I Adreno  : Remote Branch                    : NONE
08-05 13:19:50.031 16924 17050 I Adreno  : Reconstruct Branch               : NOTHING
08-05 13:19:50.038 16924 17050 I OpenGLRenderer: Initialized EGL, version 1.4
08-05 13:19:50.553 16992 17005 I art     : Starting a blocking GC Explicit
08-05 13:19:50.558   918  3696 I ActivityManager: START u0 {cmp=baseline.io.github.project_travel_mate/.MainActivity} from uid 10674 on display 0
08-05 13:19:50.576 16992 17005 I art     : Explicit concurrent mark sweep GC freed 56779(3MB) AllocSpace objects, 2(40KB) LOS objects, 40% free, 20MB/34MB, paused 207us total 22.518ms
08-05 13:19:50.585 16992 17005 I art     : Starting a blocking GC Explicit
08-05 13:19:50.614 16992 17005 I art     : Explicit concurrent mark sweep GC freed 2411(152KB) AllocSpace objects, 0(0B) LOS objects, 40% free, 20MB/34MB, paused 276us total 28.896ms
08-05 13:19:50.622 16992 17005 I art     : Starting a blocking GC Explicit
08-05 13:19:50.656 16697 16697 I ServiceManager: Waiting for service AtCmdFwd...
08-05 13:19:50.660 16992 17005 I art     : Explicit concurrent mark sweep GC freed 136(34KB) AllocSpace objects, 0(0B) LOS objects, 40% free, 20MB/34MB, paused 564us total 38.198ms
08-05 13:19:50.668 16992 17005 I art     : Starting a blocking GC Explicit
08-05 13:19:50.710 16992 17005 I art     : Explicit concurrent mark sweep GC freed 188(28KB) AllocSpace objects, 0(0B) LOS objects, 40% free, 20MB/34MB, paused 305us total 42.202ms
08-05 13:19:50.718 16992 17005 I art     : Starting a blocking GC Explicit
08-05 13:19:50.730 16992 17005 I art     : Explicit concurrent mark sweep GC freed 129(63KB) AllocSpace objects, 0(0B) LOS objects, 40% free, 20MB/34MB, paused 483us total 11.925ms
08-05 13:19:50.830 16992 16992 W Settings: Setting airplane_mode_on has moved from android.provider.Settings.System to android.provider.Settings.Global, returning read-only value.
08-05 13:19:50.856 16992 16992 V MainActivity: url=https://project-travel-mate.herokuapp.com/api/get-user
08-05 13:19:50.914 16992 17083 W LOTTIE  : Unknown mask mode mode. Defaulting to Add.
08-05 13:19:50.922 16992 17083 W LOTTIE  : You have 5 images. Lottie should primarily be used with shapes. If you are using Adobe Illustrator, convert the Illustrator layers to shape layers.
08-05 13:19:50.923 16992 17083 W LOTTIE  : Unknown mask mode mode. Defaulting to Add.
08-05 13:19:50.924 16992 17083 W LOTTIE  : Unknown mask mode mode. Defaulting to Add.
08-05 13:19:50.972 16992 16992 V CityFragment: url=https://project-travel-mate.herokuapp.com/api/get-all-cities/10
08-05 13:19:51.059 16992 17010 I art     : Starting a blocking GC Explicit
08-05 13:19:51.085 16992 17010 I art     : Explicit concurrent mark sweep GC freed 15128(1007KB) AllocSpace objects, 2(40KB) LOS objects, 40% free, 23MB/38MB, paused 235us total 25.784ms
08-05 13:19:51.099 16992 17010 I art     : Starting a blocking GC Explicit
08-05 13:19:51.112 16992 17010 I art     : Explicit concurrent mark sweep GC freed 416(18KB) AllocSpace objects, 0(0B) LOS objects, 40% free, 23MB/38MB, paused 203us total 12.970ms
08-05 13:19:51.120 16992 17010 I art     : Starting a blocking GC Explicit
08-05 13:19:51.124 16992 16992 E RecyclerView: No adapter attached; skipping layout
08-05 13:19:51.136 16992 17010 I art     : Explicit concurrent mark sweep GC freed 180(46KB) AllocSpace objects, 0(0B) LOS objects, 40% free, 23MB/38MB, paused 595us total 15.011ms
08-05 13:19:51.143 16992 17010 I art     : Starting a blocking GC Explicit
08-05 13:19:51.157 16992 17010 I art     : Explicit concurrent mark sweep GC freed 2529(163KB) AllocSpace objects, 0(0B) LOS objects, 40% free, 23MB/38MB, paused 388us total 13.165ms
08-05 13:19:51.164 16992 17010 I art     : Starting a blocking GC Explicit
08-05 13:19:51.179 16992 17010 I art     : Explicit concurrent mark sweep GC freed 1938(69KB) AllocSpace objects, 0(0B) LOS objects, 36% free, 27MB/43MB, paused 683us total 14.405ms
08-05 13:19:51.300 16992 16992 V MainActivity: url = https://project-travel-mate.herokuapp.com/api/number-of-unread-notifications
08-05 13:19:51.300   918   936 I ActivityManager: Displayed baseline.io.github.project_travel_mate/.MainActivity: +732ms
08-05 13:19:51.324 13866 13866 I GoogleInputMethodServic: GoogleInputMethodService.onFinishInput():3138 
08-05 13:19:51.338 16992 16992 E RecyclerView: No adapter attached; skipping layout
08-05 13:19:51.347 13866 13866 I GoogleInputMethodServic: GoogleInputMethodService.onStartInput():1808 
08-05 13:19:51.503 16992 17010 I art     : Starting a blocking GC Explicit
08-05 13:19:51.519 16992 17010 I art     : Explicit concurrent mark sweep GC freed 8019(491KB) AllocSpace objects, 7(420KB) LOS objects, 36% free, 28MB/44MB, paused 232us total 16.157ms
08-05 13:19:51.529 16992 17010 I art     : Starting a blocking GC Explicit
08-05 13:19:51.545 16992 17010 I art     : Explicit concurrent mark sweep GC freed 2064(240KB) AllocSpace objects, 0(0B) LOS objects, 36% free, 28MB/44MB, paused 242us total 15.604ms
08-05 13:19:51.553 16992 17010 I art     : Starting a blocking GC Explicit
08-05 13:19:51.555   380   380 W SurfaceFlinger: couldn't log to binary event log: overflow.
08-05 13:19:51.567 16992 17010 I art     : Explicit concurrent mark sweep GC freed 31(672B) AllocSpace objects, 0(0B) LOS objects, 36% free, 28MB/44MB, paused 227us total 14.076ms
08-05 13:19:51.575 16992 17010 I art     : Starting a blocking GC Explicit
08-05 13:19:51.584 16992 17089 I NAPPA_EXPERIMENTATION: MetricNetworkRequestExecutionTime: REQUEST_DURATION_SYSTEM='611',REQUEST_DURATION_OKHTTP='97',REQUEST_SYNCHRONOUS='FALSE',RESPONSE_CODE='200',RESPONSE_METHOD='GET',RESPONSE_LENGTH_OKHTTP='1588',RESPONSE_LENGTH_HEADER='1588',REQUEST_PROTOCOL='http/1.1',REQUEST_URL='https://project-travel-mate.herokuapp.com/api/get-all-cities/10',
08-05 13:19:51.586 16992 16992 V CityFragment: result=[{"id":1,"city_name":"Delhi","facts_count":6,"image":"https://upload.wikimedia.org/wikipedia/commons/9/94/%E0%B4%96%E0%B5%81%E0%B4%A4%E0%B5%8D%E0%B4%AC%E0%B5%8D_%E0%B4%AE%E0%B4%BF%E0%B4%A8%E0%B4%BE%E0%B5%BC1.jpg","visit_count":18186},{"id":2,"city_name":"Mumbai","facts_count":0,"image":"https://static1.squarespace.com/static/55917ae2e4b0984fc8c264c4/t/5ad7a037758d464041bfba27/1524102624280/Victoria_Mumbai.jpg","visit_count":6022},{"id":3,"city_name":"Bangalore","facts_count":0,"image":null,"visit_count":5536},{"id":8,"city_name":"Pune","facts_count":0,"image":"https://www.zricks.com/ImagesPostProject/47929//6557d975-20a9-4c6c-a776-8072a1936a76.jpg","visit_count":3324},{"id":4,"city_name":"Chennai","facts_count":0,"image":"http://lh3.ggpht.com/_YLb7tJ8RoAk/SfazBLdgf3I/AAAAAAAANEg/p52_Zz_URxg/s640/Picture%20009.jpg","visit_count":3061},{"id":5,"city_name":"Kolkata","facts_count":0,"image":"https://i.pinimg.com/originals/05/ec/42/05ec42c545b494d12cc612923483b4f0.jpg","visit_count":2211},{"id":9,"city_name":"Jaipur","facts_count":1,"image":"https://www.trodly.com/pictures/attraction/1943.jpg","visit_count":2007},{"id":6,"city_name":"Hyderabad","facts_count":0,"image":"https://i1.trekearth.com/photos/59194/charminar_020_sm.jpg","visit_count":1633},{"id":150,"city_name":"Panjim","facts_count":0,"image":"http://www.nomad4ever.com/wp-content/uploads/2009/04/palm-trees-at-baga-creek-north-goa1.jpg","visit_count":1488},{"id":7,"city_name":"Ahmedabad","facts_count":0,"image":"https://i.pinimg.com/originals/a5/ed/29/a5ed293271669a61f47059f7b0d9cf2c.jpg","visit_count":1115}]
08-05 13:19:51.589 16992 17010 I art     : Explicit concurrent mark sweep GC freed 276(30KB) AllocSpace objects, 0(0B) LOS objects, 36% free, 28MB/44MB, paused 259us total 13.941ms
08-05 13:19:51.595 16992 17082 I NAPPA_EXPERIMENTATION: MetricNetworkRequestExecutionTime: REQUEST_DURATION_SYSTEM='708',REQUEST_DURATION_OKHTTP='111',REQUEST_SYNCHRONOUS='FALSE',RESPONSE_CODE='200',RESPONSE_METHOD='GET',RESPONSE_LENGTH_OKHTTP='185',RESPONSE_LENGTH_HEADER='185',REQUEST_PROTOCOL='http/1.1',REQUEST_URL='https://project-travel-mate.herokuapp.com/api/get-user',
08-05 13:19:51.598 16992 17010 I art     : Starting a blocking GC Explicit
08-05 13:19:51.611 16992 17010 I art     : Explicit concurrent mark sweep GC freed 295(18KB) AllocSpace objects, 0(0B) LOS objects, 36% free, 28MB/44MB, paused 215us total 13.059ms
08-05 13:19:51.638 16992 16992 D CityFragment: get cities cities size = 10
08-05 13:19:51.656 16697 16697 W Atfwd_Sendcmd: AtCmdFwd service not published, waiting... retryCnt : 3
08-05 13:19:51.750 16992 17092 I NAPPA_EXPERIMENTATION: MetricNetworkRequestExecutionTime: REQUEST_DURATION_SYSTEM='449',REQUEST_DURATION_OKHTTP='29',REQUEST_SYNCHRONOUS='FALSE',RESPONSE_CODE='200',RESPONSE_METHOD='GET',RESPONSE_LENGTH_OKHTTP='36',RESPONSE_LENGTH_HEADER='36',REQUEST_PROTOCOL='http/1.1',REQUEST_URL='https://project-travel-mate.herokuapp.com/api/number-of-unread-notifications',
08-05 13:19:51.869 16992 17010 I art     : Starting a blocking GC Explicit
08-05 13:19:51.892 16992 17010 I art     : Explicit concurrent mark sweep GC freed 8851(699KB) AllocSpace objects, 11(504KB) LOS objects, 32% free, 32MB/48MB, paused 812us total 22.417ms
08-05 13:19:51.901 16992 17010 I art     : Starting a blocking GC Explicit
08-05 13:19:51.923 16992 17010 I art     : Explicit concurrent mark sweep GC freed 6517(383KB) AllocSpace objects, 1(80KB) LOS objects, 33% free, 32MB/48MB, paused 428us total 21.726ms
08-05 13:19:51.931 16992 17010 I art     : Starting a blocking GC Explicit
08-05 13:19:51.951 16992 17010 I art     : Explicit concurrent mark sweep GC freed 1434(129KB) AllocSpace objects, 1(4MB) LOS objects, 36% free, 28MB/44MB, paused 586us total 19.711ms
08-05 13:19:51.960 16992 17010 I art     : Starting a blocking GC Explicit
08-05 13:19:51.978 16992 17010 I art     : Explicit concurrent mark sweep GC freed 1911(191KB) AllocSpace objects, 2(56KB) LOS objects, 35% free, 29MB/45MB, paused 615us total 17.715ms
08-05 13:19:51.986 16992 17010 I art     : Starting a blocking GC Explicit
08-05 13:19:52.003 16992 17010 I art     : Explicit concurrent mark sweep GC freed 8925(502KB) AllocSpace objects, 0(0B) LOS objects, 35% free, 29MB/45MB, paused 576us total 16.412ms
08-05 13:19:52.287 16992 17005 I art     : Starting a blocking GC Explicit
08-05 13:19:52.307 16992 17005 I art     : Explicit concurrent mark sweep GC freed 10483(1080KB) AllocSpace objects, 13(1620KB) LOS objects, 34% free, 30MB/46MB, paused 350us total 19.997ms
08-05 13:19:52.316 16992 17005 I art     : Starting a blocking GC Explicit
08-05 13:19:52.337 16992 17005 I art     : Explicit concurrent mark sweep GC freed 800(153KB) AllocSpace objects, 2(56KB) LOS objects, 34% free, 30MB/46MB, paused 337us total 20.144ms
08-05 13:19:52.345 16992 17005 I art     : Starting a blocking GC Explicit
08-05 13:19:52.362 16992 17005 I art     : Explicit concurrent mark sweep GC freed 1544(82KB) AllocSpace objects, 0(0B) LOS objects, 33% free, 31MB/47MB, paused 279us total 16.901ms
08-05 13:19:52.371 16992 17005 I art     : Starting a blocking GC Explicit
08-05 13:19:52.386 16992 17005 I art     : Explicit concurrent mark sweep GC freed 375(51KB) AllocSpace objects, 2(88KB) LOS objects, 32% free, 32MB/48MB, paused 257us total 15.452ms
08-05 13:19:52.395 16992 17005 I art     : Starting a blocking GC Explicit
08-05 13:19:52.411 16992 17005 I art     : Explicit concurrent mark sweep GC freed 133(101KB) AllocSpace objects, 2(56KB) LOS objects, 32% free, 32MB/48MB, paused 270us total 15.875ms
08-05 13:19:52.706 16992 17010 I art     : Starting a blocking GC Explicit
08-05 13:19:52.723 16992 17010 I art     : Explicit concurrent mark sweep GC freed 4773(343KB) AllocSpace objects, 9(1476KB) LOS objects, 32% free, 32MB/48MB, paused 225us total 17.604ms
08-05 13:19:52.733 16992 17010 I art     : Starting a blocking GC Explicit
08-05 13:19:52.747 16992 17010 I art     : Explicit concurrent mark sweep GC freed 203(6KB) AllocSpace objects, 0(0B) LOS objects, 32% free, 32MB/48MB, paused 219us total 14.517ms
08-05 13:19:52.755 16992 17010 I art     : Starting a blocking GC Explicit
08-05 13:19:52.770 16992 17010 I art     : Explicit concurrent mark sweep GC freed 29(560B) AllocSpace objects, 0(0B) LOS objects, 32% free, 32MB/48MB, paused 235us total 14.690ms
08-05 13:19:52.778 16992 17010 I art     : Starting a blocking GC Explicit
08-05 13:19:52.793 16992 17010 I art     : Explicit concurrent mark sweep GC freed 54(992B) AllocSpace objects, 0(0B) LOS objects, 32% free, 32MB/48MB, paused 209us total 14.646ms
08-05 13:19:52.801 16992 17010 I art     : Starting a blocking GC Explicit
08-05 13:19:52.815 16992 17010 I art     : Explicit concurrent mark sweep GC freed 30(592B) AllocSpace objects, 0(0B) LOS objects, 32% free, 32MB/48MB, paused 228us total 13.945ms
08-05 13:19:53.162 16992 17010 I art     : Starting a blocking GC Explicit
08-05 13:19:53.180 16992 17010 I art     : Explicit concurrent mark sweep GC freed 1972(92KB) AllocSpace objects, 2(40KB) LOS objects, 32% free, 32MB/48MB, paused 256us total 17.204ms
08-05 13:19:53.188 16992 17010 I art     : Starting a blocking GC Explicit
08-05 13:19:53.204 16992 17010 I art     : Explicit concurrent mark sweep GC freed 46(1184B) AllocSpace objects, 0(0B) LOS objects, 32% free, 32MB/48MB, paused 228us total 16.129ms
08-05 13:19:53.213 16992 17010 I art     : Starting a blocking GC Explicit
08-05 13:19:53.230 16992 17010 I art     : Explicit concurrent mark sweep GC freed 51(896B) AllocSpace objects, 0(0B) LOS objects, 32% free, 32MB/48MB, paused 245us total 16.506ms
08-05 13:19:53.239 16992 17010 I art     : Starting a blocking GC Explicit
08-05 13:19:53.256 16992 17010 I art     : Explicit concurrent mark sweep GC freed 27(496B) AllocSpace objects, 0(0B) LOS objects, 32% free, 32MB/48MB, paused 261us total 17.254ms
08-05 13:19:53.265 16992 17010 I art     : Starting a blocking GC Explicit
08-05 13:19:53.282 16992 17010 I art     : Explicit concurrent mark sweep GC freed 51(896B) AllocSpace objects, 0(0B) LOS objects, 32% free, 32MB/48MB, paused 243us total 17.076ms
08-05 13:19:53.655 16992 17005 I art     : Starting a blocking GC Explicit
08-05 13:19:53.675 16992 17005 I art     : Explicit concurrent mark sweep GC freed 1973(91KB) AllocSpace objects, 2(40KB) LOS objects, 32% free, 32MB/48MB, paused 255us total 19.717ms
08-05 13:19:53.688 16992 17005 I art     : Starting a blocking GC Explicit
08-05 13:19:53.704 16992 17005 I art     : Explicit concurrent mark sweep GC freed 70(1584B) AllocSpace objects, 0(0B) LOS objects, 32% free, 32MB/48MB, paused 237us total 16.088ms
08-05 13:19:53.712 16992 17005 I art     : Starting a blocking GC Explicit
08-05 13:19:53.729 16992 17005 I art     : Explicit concurrent mark sweep GC freed 51(896B) AllocSpace objects, 0(0B) LOS objects, 32% free, 32MB/48MB, paused 242us total 16.611ms
08-05 13:19:53.738 16992 17005 I art     : Starting a blocking GC Explicit
08-05 13:19:53.754 16992 17005 I art     : Explicit concurrent mark sweep GC freed 27(496B) AllocSpace objects, 0(0B) LOS objects, 32% free, 32MB/48MB, paused 251us total 16.349ms
08-05 13:19:53.763 16992 17005 I art     : Starting a blocking GC Explicit
08-05 13:19:53.780 16992 17005 I art     : Explicit concurrent mark sweep GC freed 50(864B) AllocSpace objects, 0(0B) LOS objects, 32% free, 32MB/48MB, paused 274us total 17.185ms
08-05 13:19:54.107 16992 17004 I art     : Starting a blocking GC Explicit
08-05 13:19:54.125 16992 17004 I art     : Explicit concurrent mark sweep GC freed 1905(90KB) AllocSpace objects, 2(40KB) LOS objects, 32% free, 32MB/48MB, paused 235us total 16.548ms
08-05 13:19:54.133 16992 17004 I art     : Starting a blocking GC Explicit
08-05 13:19:54.149 16992 17004 I art     : Explicit concurrent mark sweep GC freed 70(1584B) AllocSpace objects, 0(0B) LOS objects, 32% free, 32MB/48MB, paused 254us total 16.064ms
08-05 13:19:54.158 16992 17004 I art     : Starting a blocking GC Explicit
08-05 13:19:54.173 16992 17004 I art     : Explicit concurrent mark sweep GC freed 27(496B) AllocSpace objects, 0(0B) LOS objects, 32% free, 32MB/48MB, paused 238us total 15.139ms
08-05 13:19:54.181 16992 17004 I art     : Starting a blocking GC Explicit
08-05 13:19:54.197 16992 17004 I art     : Explicit concurrent mark sweep GC freed 51(896B) AllocSpace objects, 0(0B) LOS objects, 32% free, 32MB/48MB, paused 363us total 15.500ms
08-05 13:19:54.205 16992 17004 I art     : Starting a blocking GC Explicit
08-05 13:19:54.221 16992 17004 I art     : Explicit concurrent mark sweep GC freed 27(496B) AllocSpace objects, 0(0B) LOS objects, 32% free, 32MB/48MB, paused 239us total 15.532ms
08-05 13:19:54.576 16992 17010 I art     : Starting a blocking GC Explicit
08-05 13:19:54.596 16992 17010 I art     : Explicit concurrent mark sweep GC freed 1963(91KB) AllocSpace objects, 2(40KB) LOS objects, 32% free, 32MB/48MB, paused 302us total 19.866ms
08-05 13:19:54.608 16992 17010 I art     : Starting a blocking GC Explicit
08-05 13:19:54.625 16992 17010 I art     : Explicit concurrent mark sweep GC freed 57(1376B) AllocSpace objects, 0(0B) LOS objects, 32% free, 32MB/48MB, paused 242us total 16.457ms
08-05 13:19:54.633 16992 17010 I art     : Starting a blocking GC Explicit
08-05 13:19:54.649 16992 17010 I art     : Explicit concurrent mark sweep GC freed 51(896B) AllocSpace objects, 0(0B) LOS objects, 32% free, 32MB/48MB, paused 246us total 15.992ms
08-05 13:19:54.658 16992 17010 I art     : Starting a blocking GC Explicit
08-05 13:19:54.675 16992 17010 I art     : Explicit concurrent mark sweep GC freed 27(496B) AllocSpace objects, 0(0B) LOS objects, 32% free, 32MB/48MB, paused 244us total 16.780ms
08-05 13:19:54.683 16992 17010 I art     : Starting a blocking GC Explicit
08-05 13:19:54.700 16992 17010 I art     : Explicit concurrent mark sweep GC freed 51(896B) AllocSpace objects, 0(0B) LOS objects, 32% free, 32MB/48MB, paused 246us total 16.402ms
08-05 13:19:55.007 16992 17005 I art     : Starting a blocking GC Explicit
08-05 13:19:55.025 16992 17005 I art     : Explicit concurrent mark sweep GC freed 1878(90KB) AllocSpace objects, 2(40KB) LOS objects, 32% free, 32MB/48MB, paused 232us total 17.721ms
08-05 13:19:55.034 16992 17005 I art     : Starting a blocking GC Explicit
08-05 13:19:55.052 16992 17005 I art     : Explicit concurrent mark sweep GC freed 70(1584B) AllocSpace objects, 0(0B) LOS objects, 32% free, 32MB/48MB, paused 256us total 17.719ms
08-05 13:19:55.062 16992 17005 I art     : Starting a blocking GC Explicit
08-05 13:19:55.078 16992 17005 I art     : Explicit concurrent mark sweep GC freed 50(864B) AllocSpace objects, 0(0B) LOS objects, 32% free, 32MB/48MB, paused 239us total 16.281ms
08-05 13:19:55.087 16992 17005 I art     : Starting a blocking GC Explicit
08-05 13:19:55.104 16992 17005 I art     : Explicit concurrent mark sweep GC freed 28(528B) AllocSpace objects, 0(0B) LOS objects, 32% free, 32MB/48MB, paused 238us total 16.328ms
08-05 13:19:55.112 16992 17005 I art     : Starting a blocking GC Explicit
08-05 13:19:55.128 16992 17005 I art     : Explicit concurrent mark sweep GC freed 44(768B) AllocSpace objects, 0(0B) LOS objects, 32% free, 32MB/48MB, paused 263us total 15.808ms
08-05 13:19:55.454 16992 17004 I art     : Starting a blocking GC Explicit
08-05 13:19:55.472 16992 17004 I art     : Explicit concurrent mark sweep GC freed 1909(90KB) AllocSpace objects, 2(40KB) LOS objects, 32% free, 32MB/48MB, paused 252us total 17.243ms
08-05 13:19:55.481 16992 17004 I art     : Starting a blocking GC Explicit
08-05 13:19:55.498 16992 17004 I art     : Explicit concurrent mark sweep GC freed 70(1584B) AllocSpace objects, 0(0B) LOS objects, 32% free, 32MB/48MB, paused 242us total 17.119ms
08-05 13:19:55.507 16992 17004 I art     : Starting a blocking GC Explicit
08-05 13:19:55.524 16992 17004 I art     : Explicit concurrent mark sweep GC freed 27(496B) AllocSpace objects, 0(0B) LOS objects, 32% free, 32MB/48MB, paused 240us total 16.990ms
08-05 13:19:55.533 16992 17004 I art     : Starting a blocking GC Explicit
08-05 13:19:55.550 16992 17004 I art     : Explicit concurrent mark sweep GC freed 51(896B) AllocSpace objects, 0(0B) LOS objects, 32% free, 32MB/48MB, paused 248us total 16.992ms
08-05 13:19:55.559 16992 17004 I art     : Starting a blocking GC Explicit
08-05 13:19:55.576 16992 17004 I art     : Explicit concurrent mark sweep GC freed 27(496B) AllocSpace objects, 0(0B) LOS objects, 32% free, 32MB/48MB, paused 246us total 16.913ms
08-05 13:19:55.938 16992 17010 I art     : Starting a blocking GC Explicit
08-05 13:19:55.959 16992 17010 I art     : Explicit concurrent mark sweep GC freed 1974(91KB) AllocSpace objects, 2(40KB) LOS objects, 32% free, 32MB/48MB, paused 325us total 20.354ms
08-05 13:19:55.971 16992 17010 I art     : Starting a blocking GC Explicit
08-05 13:19:55.988 16992 17010 I art     : Explicit concurrent mark sweep GC freed 70(1584B) AllocSpace objects, 0(0B) LOS objects, 32% free, 32MB/48MB, paused 245us total 16.697ms
08-05 13:19:55.996 16992 17010 I art     : Starting a blocking GC Explicit
08-05 13:19:56.014 16992 17010 I art     : Explicit concurrent mark sweep GC freed 33(576B) AllocSpace objects, 0(0B) LOS objects, 32% free, 32MB/48MB, paused 268us total 16.920ms
08-05 13:19:56.022 16992 17010 I art     : Starting a blocking GC Explicit
08-05 13:19:56.039 16992 17010 I art     : Explicit concurrent mark sweep GC freed 45(816B) AllocSpace objects, 0(0B) LOS objects, 32% free, 32MB/48MB, paused 245us total 16.813ms
08-05 13:19:56.048 16992 17010 I art     : Starting a blocking GC Explicit
08-05 13:19:56.066 16992 17010 I art     : Explicit concurrent mark sweep GC freed 49(832B) AllocSpace objects, 0(0B) LOS objects, 32% free, 32MB/48MB, paused 257us total 17.620ms
08-05 13:19:56.420 16992 17005 I art     : Starting a blocking GC Explicit
08-05 13:19:56.440 16992 17005 I art     : Explicit concurrent mark sweep GC freed 1953(91KB) AllocSpace objects, 2(40KB) LOS objects, 32% free, 32MB/48MB, paused 247us total 19.349ms
08-05 13:19:56.450 16992 17005 I art     : Starting a blocking GC Explicit
08-05 13:19:56.468 16992 17005 I art     : Explicit concurrent mark sweep GC freed 69(1552B) AllocSpace objects, 0(0B) LOS objects, 32% free, 32MB/48MB, paused 263us total 17.335ms
08-05 13:19:56.476 16992 17005 I art     : Starting a blocking GC Explicit
08-05 13:19:56.493 16992 17005 I art     : Explicit concurrent mark sweep GC freed 28(528B) AllocSpace objects, 0(0B) LOS objects, 32% free, 32MB/48MB, paused 249us total 16.638ms
08-05 13:19:56.502 16992 17005 I art     : Starting a blocking GC Explicit
08-05 13:19:56.519 16992 17005 I art     : Explicit concurrent mark sweep GC freed 51(896B) AllocSpace objects, 0(0B) LOS objects, 32% free, 32MB/48MB, paused 245us total 16.634ms
08-05 13:19:56.527 16992 17005 I art     : Starting a blocking GC Explicit
08-05 13:19:56.544 16992 17005 I art     : Explicit concurrent mark sweep GC freed 27(496B) AllocSpace objects, 0(0B) LOS objects, 32% free, 32MB/48MB, paused 247us total 16.929ms
08-05 13:19:56.907 16992 17004 I art     : Starting a blocking GC Explicit
08-05 13:19:56.927 16992 17004 I art     : Explicit concurrent mark sweep GC freed 1975(91KB) AllocSpace objects, 2(40KB) LOS objects, 32% free, 32MB/48MB, paused 260us total 19.430ms
08-05 13:19:56.938 16992 17004 I art     : Starting a blocking GC Explicit
08-05 13:19:56.954 16992 17004 I art     : Explicit concurrent mark sweep GC freed 70(1584B) AllocSpace objects, 0(0B) LOS objects, 32% free, 32MB/48MB, paused 245us total 16.209ms
08-05 13:19:56.963 16992 17004 I art     : Starting a blocking GC Explicit
08-05 13:19:56.981 16992 17004 I art     : Explicit concurrent mark sweep GC freed 31(544B) AllocSpace objects, 0(0B) LOS objects, 32% free, 32MB/48MB, paused 257us total 17.303ms
08-05 13:19:56.989 16992 17004 I art     : Starting a blocking GC Explicit
08-05 13:19:57.006 16992 17004 I art     : Explicit concurrent mark sweep GC freed 47(848B) AllocSpace objects, 0(0B) LOS objects, 32% free, 32MB/48MB, paused 243us total 16.582ms
08-05 13:19:57.015 16992 17004 I art     : Starting a blocking GC Explicit
08-05 13:19:57.033 16992 17004 I art     : Explicit concurrent mark sweep GC freed 45(768B) AllocSpace objects, 0(0B) LOS objects, 32% free, 32MB/48MB, paused 288us total 17.859ms
08-05 13:19:57.312 16992 17010 I art     : Starting a blocking GC Explicit
08-05 13:19:57.330 16992 17010 I art     : Explicit concurrent mark sweep GC freed 1838(89KB) AllocSpace objects, 2(40KB) LOS objects, 32% free, 32MB/48MB, paused 247us total 17.680ms
08-05 13:19:57.339 16992 17010 I art     : Starting a blocking GC Explicit
08-05 13:19:57.356 16992 17010 I art     : Explicit concurrent mark sweep GC freed 70(1584B) AllocSpace objects, 0(0B) LOS objects, 32% free, 32MB/48MB, paused 250us total 16.608ms
08-05 13:19:57.365 16992 17010 I art     : Starting a blocking GC Explicit
08-05 13:19:57.383 16992 17010 I art     : Explicit concurrent mark sweep GC freed 45(768B) AllocSpace objects, 0(0B) LOS objects, 32% free, 32MB/48MB, paused 276us total 18.119ms
08-05 13:19:57.392 16992 17010 I art     : Starting a blocking GC Explicit
08-05 13:19:57.408 16992 17010 I art     : Explicit concurrent mark sweep GC freed 33(624B) AllocSpace objects, 0(0B) LOS objects, 32% free, 32MB/48MB, paused 237us total 16.308ms
08-05 13:19:57.417 16992 17010 I art     : Starting a blocking GC Explicit
08-05 13:19:57.434 16992 17010 I art     : Explicit concurrent mark sweep GC freed 28(512B) AllocSpace objects, 0(0B) LOS objects, 32% free, 32MB/48MB, paused 320us total 17.534ms
08-05 13:19:57.477 17250 17250 D AndroidRuntime: >>>>>> START com.android.internal.os.RuntimeInit uid 2000 <<<<<<
08-05 13:19:57.481 17250 17250 D AndroidRuntime: CheckJNI is OFF
08-05 13:19:57.507 17250 17250 D ICU     : No timezone override file found: /data/misc/zoneinfo/current/icu/icu_tzdata.dat
08-05 13:19:57.541 17250 17250 I Radio-JNI: register_android_hardware_Radio DONE
08-05 13:19:57.558 17250 17250 D AndroidRuntime: Calling main entry com.android.commands.input.Input
08-05 13:19:57.559 17250 17250 I Input   : injectMotionEvent: MotionEvent { action=ACTION_DOWN, actionButton=0, id[0]=0, x[0]=346.0, y[0]=709.0, toolType[0]=TOOL_TYPE_UNKNOWN, buttonState=0, metaState=0, flags=0x0, edgeFlags=0x0, pointerCount=1, historySize=0, eventTime=796813972, downTime=796813972, deviceId=0, source=0x1002 }
08-05 13:19:57.567 17250 17250 I Input   : injectMotionEvent: MotionEvent { action=ACTION_UP, actionButton=0, id[0]=0, x[0]=346.0, y[0]=709.0, toolType[0]=TOOL_TYPE_UNKNOWN, buttonState=0, metaState=0, flags=0x0, edgeFlags=0x0, pointerCount=1, historySize=0, eventTime=796813972, downTime=796813972, deviceId=0, source=0x1002 }
08-05 13:19:57.578   918   928 I ActivityManager: START u0 {cmp=baseline.io.github.project_travel_mate/.destinations.description.FinalCityInfoActivity (has extras)} from uid 10674 on display 0
08-05 13:19:57.584 17250 17250 D AndroidRuntime: Shutting down VM
08-05 13:19:57.610 16992 17083 D Gabe    : call	returning from cache
08-05 13:19:57.683 16992 16992 V EXECUTING: https://project-travel-mate.herokuapp.com/api/get-city-weather/1
08-05 13:19:57.695 16992 17005 I art     : Starting a blocking GC Explicit
08-05 13:19:57.719 16992 17005 I art     : Explicit concurrent mark sweep GC freed 8567(560KB) AllocSpace objects, 2(40KB) LOS objects, 32% free, 33MB/49MB, paused 497us total 22.924ms
08-05 13:19:57.728 16992 17005 I art     : Starting a blocking GC Explicit
08-05 13:19:57.749 16992 17005 I art     : Explicit concurrent mark sweep GC freed 969(42KB) AllocSpace objects, 0(0B) LOS objects, 32% free, 33MB/49MB, paused 918us total 20.667ms
08-05 13:19:57.760 16992 17005 I art     : Starting a blocking GC Explicit
08-05 13:19:57.782 16992 17005 I art     : Explicit concurrent mark sweep GC freed 369(17KB) AllocSpace objects, 0(0B) LOS objects, 29% free, 37MB/53MB, paused 535us total 21.387ms
08-05 13:19:57.792 16992 17005 I art     : Starting a blocking GC Explicit
08-05 13:19:57.811 16992 17005 I art     : Explicit concurrent mark sweep GC freed 30(1552B) AllocSpace objects, 0(0B) LOS objects, 29% free, 37MB/53MB, paused 407us total 19.559ms
08-05 13:19:57.820 16992 17005 I art     : Starting a blocking GC Explicit
08-05 13:19:57.822 13866 13866 I GoogleInputMethodServic: GoogleInputMethodService.onFinishInput():3138 
08-05 13:19:57.823 13866 13866 I GoogleInputMethodServic: GoogleInputMethodService.onStartInput():1808 
08-05 13:19:57.823   918   936 I ActivityManager: Displayed baseline.io.github.project_travel_mate/.destinations.description.FinalCityInfoActivity: +238ms
08-05 13:19:57.840 16992 17005 I art     : Explicit concurrent mark sweep GC freed 134(3KB) AllocSpace objects, 0(0B) LOS objects, 29% free, 37MB/53MB, paused 616us total 19.371ms
08-05 13:19:58.081   380   380 W SurfaceFlinger: couldn't log to binary event log: overflow.
08-05 13:19:58.097 16992 17004 I art     : Starting a blocking GC Explicit
08-05 13:19:58.114 16992 17004 I art     : Explicit concurrent mark sweep GC freed 2080(93KB) AllocSpace objects, 2(40KB) LOS objects, 29% free, 37MB/53MB, paused 282us total 16.745ms
08-05 13:19:58.122 16992 17004 I art     : Starting a blocking GC Explicit
08-05 13:19:58.139 16992 17004 I art     : Explicit concurrent mark sweep GC freed 119(2416B) AllocSpace objects, 0(0B) LOS objects, 29% free, 37MB/53MB, paused 283us total 16.638ms
08-05 13:19:58.148 16992 17004 I art     : Starting a blocking GC Explicit
08-05 13:19:58.166 16992 17004 I art     : Explicit concurrent mark sweep GC freed 97(1632B) AllocSpace objects, 0(0B) LOS objects, 29% free, 37MB/53MB, paused 313us total 17.954ms
08-05 13:19:58.175 16992 17004 I art     : Starting a blocking GC Explicit
08-05 13:19:58.193 16992 17004 I art     : Explicit concurrent mark sweep GC freed 1492(91KB) AllocSpace objects, 0(0B) LOS objects, 29% free, 37MB/53MB, paused 410us total 18.028ms
08-05 13:19:58.203 16992 17004 I art     : Starting a blocking GC Explicit
08-05 13:19:58.225 16992 17004 I art     : Explicit concurrent mark sweep GC freed 3832(205KB) AllocSpace objects, 3(200KB) LOS objects, 29% free, 37MB/53MB, paused 488us total 21.929ms
08-05 13:19:58.254 16458 16488 I WorkerManager: dispose()
08-05 13:19:58.255 16458 16488 W ThreadPoolDumper: Queue length for executor EventBus is now 11. Perhaps some tasks are too long, or the pool is too small.
08-05 13:19:58.263 16992 17284 I NAPPA_EXPERIMENTATION: MetricNetworkRequestExecutionTime: REQUEST_DURATION_SYSTEM='579',REQUEST_DURATION_OKHTTP='51',REQUEST_SYNCHRONOUS='FALSE',RESPONSE_CODE='200',RESPONSE_METHOD='GET',RESPONSE_LENGTH_OKHTTP='238',RESPONSE_LENGTH_HEADER='238',REQUEST_PROTOCOL='http/1.1',REQUEST_URL='https://project-travel-mate.herokuapp.com/api/get-city-weather/1',
08-05 13:19:58.268 16992 17285 I NAPPA_EXPERIMENTATION: MetricNetworkRequestExecutionTime: REQUEST_DURATION_SYSTEM='584',REQUEST_DURATION_OKHTTP='56',REQUEST_SYNCHRONOUS='FALSE',RESPONSE_CODE='200',RESPONSE_METHOD='GET',RESPONSE_LENGTH_OKHTTP='530',RESPONSE_LENGTH_HEADER='530',REQUEST_PROTOCOL='http/1.1',REQUEST_URL='https://project-travel-mate.herokuapp.com/api/get-city/1',
08-05 13:19:58.309 16992 17285 V Response: {"id":1,"city_name":"Delhi","description":"Delhi, officially the National Capital Territory of Delhi, is the Capital territory of India. During the British Raj, Delhi was part of the province of Punjab and is still historically and culturally connected to the Punjab region.","latitude":"28.613900","longitude":"77.209000","facts_count":6,"images":["https://upload.wikimedia.org/wikipedia/commons/9/94/%E0%B4%96%E0%B5%81%E0%B4%A4%E0%B5%8D%E0%B4%AC%E0%B5%8D_%E0%B4%AE%E0%B4%BF%E0%B4%A8%E0%B4%BE%E0%B5%BC1.jpg"],"has_visited":false}
08-05 13:19:58.503 16992 17004 I art     : Starting a blocking GC Explicit
08-05 13:19:58.523 16992 17004 I art     : Explicit concurrent mark sweep GC freed 5469(420KB) AllocSpace objects, 11(5MB) LOS objects, 29% free, 38MB/54MB, paused 279us total 19.653ms
08-05 13:19:58.532 16992 17004 I art     : Starting a blocking GC Explicit
08-05 13:19:58.553 16992 17004 I art     : Explicit concurrent mark sweep GC freed 261(8KB) AllocSpace objects, 0(0B) LOS objects, 29% free, 38MB/54MB, paused 282us total 20.588ms
08-05 13:19:58.563 16992 17004 I art     : Starting a blocking GC Explicit
08-05 13:19:58.583 16992 17004 I art     : Explicit concurrent mark sweep GC freed 79(1344B) AllocSpace objects, 0(0B) LOS objects, 29% free, 38MB/54MB, paused 377us total 20.089ms
08-05 13:19:58.592 16992 17004 I art     : Starting a blocking GC Explicit
08-05 13:19:58.612 16992 17004 I art     : Explicit concurrent mark sweep GC freed 71(1248B) AllocSpace objects, 0(0B) LOS objects, 29% free, 38MB/54MB, paused 275us total 19.867ms
08-05 13:19:58.622 16992 17004 I art     : Starting a blocking GC Explicit
08-05 13:19:58.642 16992 17004 I art     : Explicit concurrent mark sweep GC freed 99(1696B) AllocSpace objects, 0(0B) LOS objects, 29% free, 38MB/54MB, paused 267us total 19.752ms
08-05 13:19:58.977 16992 17005 I art     : Starting a blocking GC Explicit
08-05 13:19:58.998 16992 17005 I art     : Explicit concurrent mark sweep GC freed 2493(102KB) AllocSpace objects, 2(40KB) LOS objects, 29% free, 38MB/54MB, paused 285us total 20.436ms
08-05 13:19:59.007 16992 17005 I art     : Starting a blocking GC Explicit
08-05 13:19:59.027 16992 17005 I art     : Explicit concurrent mark sweep GC freed 130(3KB) AllocSpace objects, 0(0B) LOS objects, 29% free, 38MB/54MB, paused 284us total 19.761ms
08-05 13:19:59.036 16992 17005 I art     : Starting a blocking GC Explicit
08-05 13:19:59.056 16992 17005 I art     : Explicit concurrent mark sweep GC freed 99(1696B) AllocSpace objects, 0(0B) LOS objects, 29% free, 38MB/54MB, paused 284us total 20.090ms
08-05 13:19:59.066 16992 17005 I art     : Starting a blocking GC Explicit
08-05 13:19:59.087 16992 17005 I art     : Explicit concurrent mark sweep GC freed 98(1664B) AllocSpace objects, 0(0B) LOS objects, 29% free, 38MB/54MB, paused 375us total 20.745ms
08-05 13:19:59.096 16992 17005 I art     : Starting a blocking GC Explicit
08-05 13:19:59.117 16992 17005 I art     : Explicit concurrent mark sweep GC freed 69(1200B) AllocSpace objects, 0(0B) LOS objects, 29% free, 38MB/54MB, paused 365us total 20.102ms
08-05 13:19:59.446 16992 17004 I art     : Starting a blocking GC Explicit
08-05 13:19:59.468 16992 17004 I art     : Explicit concurrent mark sweep GC freed 2457(99KB) AllocSpace objects, 2(40KB) LOS objects, 29% free, 38MB/54MB, paused 309us total 21.901ms
08-05 13:19:59.478 16992 17004 I art     : Starting a blocking GC Explicit
08-05 13:19:59.497 16992 17004 I art     : Explicit concurrent mark sweep GC freed 75(1696B) AllocSpace objects, 0(0B) LOS objects, 29% free, 38MB/54MB, paused 285us total 19.295ms
08-05 13:19:59.506 16992 17004 I art     : Starting a blocking GC Explicit
08-05 13:19:59.525 16992 17004 I art     : Explicit concurrent mark sweep GC freed 99(1696B) AllocSpace objects, 0(0B) LOS objects, 29% free, 38MB/54MB, paused 273us total 19.196ms
08-05 13:19:59.534 16992 17004 I art     : Starting a blocking GC Explicit
08-05 13:19:59.554 16992 17004 I art     : Explicit concurrent mark sweep GC freed 99(1696B) AllocSpace objects, 0(0B) LOS objects, 29% free, 38MB/54MB, paused 278us total 19.489ms
08-05 13:19:59.564 16992 17004 I art     : Starting a blocking GC Explicit
08-05 13:19:59.583 16992 17004 I art     : Explicit concurrent mark sweep GC freed 51(896B) AllocSpace objects, 0(0B) LOS objects, 29% free, 38MB/54MB, paused 330us total 19.776ms
08-05 13:19:59.933 16992 17010 I art     : Starting a blocking GC Explicit
08-05 13:19:59.955 16992 17010 I art     : Explicit concurrent mark sweep GC freed 2527(100KB) AllocSpace objects, 2(40KB) LOS objects, 29% free, 38MB/54MB, paused 286us total 21.427ms
08-05 13:19:59.964 16992 17010 I art     : Starting a blocking GC Explicit
08-05 13:19:59.985 16992 17010 I art     : Explicit concurrent mark sweep GC freed 73(1632B) AllocSpace objects, 0(0B) LOS objects, 29% free, 38MB/54MB, paused 364us total 20.677ms
08-05 13:19:59.994 16992 17010 I art     : Starting a blocking GC Explicit
08-05 13:20:00.013 16992 17010 I art     : Explicit concurrent mark sweep GC freed 96(1648B) AllocSpace objects, 0(0B) LOS objects, 29% free, 38MB/54MB, paused 254us total 18.580ms
08-05 13:20:00.022 16992 17010 I art     : Starting a blocking GC Explicit
08-05 13:20:00.040 16992 17010 I art     : Explicit concurrent mark sweep GC freed 99(1696B) AllocSpace objects, 0(0B) LOS objects, 29% free, 38MB/54MB, paused 273us total 17.756ms
08-05 13:20:00.049 16992 17010 I art     : Starting a blocking GC Explicit
08-05 13:20:00.066 16992 17010 I art     : Explicit concurrent mark sweep GC freed 51(896B) AllocSpace objects, 0(0B) LOS objects, 29% free, 38MB/54MB, paused 314us total 16.844ms
08-05 13:20:00.405 16992 17005 I art     : Starting a blocking GC Explicit
08-05 13:20:00.426 16992 17005 I art     : Explicit concurrent mark sweep GC freed 2480(100KB) AllocSpace objects, 2(40KB) LOS objects, 29% free, 38MB/54MB, paused 285us total 20.182ms
08-05 13:20:00.435 16992 17005 I art     : Starting a blocking GC Explicit
08-05 13:20:00.455 16992 17005 I art     : Explicit concurrent mark sweep GC freed 118(2384B) AllocSpace objects, 0(0B) LOS objects, 29% free, 38MB/54MB, paused 281us total 20.017ms
08-05 13:20:00.464 16992 17005 I art     : Starting a blocking GC Explicit
08-05 13:20:00.484 16992 17005 I art     : Explicit concurrent mark sweep GC freed 51(896B) AllocSpace objects, 0(0B) LOS objects, 29% free, 38MB/54MB, paused 351us total 19.825ms
08-05 13:20:00.493 16992 17005 I art     : Starting a blocking GC Explicit
08-05 13:20:00.514 16992 17005 I art     : Explicit concurrent mark sweep GC freed 99(1696B) AllocSpace objects, 0(0B) LOS objects, 29% free, 38MB/54MB, paused 278us total 19.883ms
08-05 13:20:00.523 16992 17005 I art     : Starting a blocking GC Explicit
08-05 13:20:00.543 16992 17005 I art     : Explicit concurrent mark sweep GC freed 99(1696B) AllocSpace objects, 0(0B) LOS objects, 29% free, 38MB/54MB, paused 284us total 19.955ms
08-05 13:20:00.870 16992 17004 I art     : Starting a blocking GC Explicit
08-05 13:20:00.893 16992 17004 I art     : Explicit concurrent mark sweep GC freed 2432(99KB) AllocSpace objects, 2(40KB) LOS objects, 29% free, 38MB/54MB, paused 283us total 22.829ms
08-05 13:20:00.905 16992 17004 I art     : Starting a blocking GC Explicit
08-05 13:20:00.924 16992 17004 I art     : Explicit concurrent mark sweep GC freed 118(2384B) AllocSpace objects, 0(0B) LOS objects, 29% free, 38MB/54MB, paused 269us total 19.340ms
08-05 13:20:00.933 16992 17004 I art     : Starting a blocking GC Explicit
08-05 13:20:00.953 16992 17004 I art     : Explicit concurrent mark sweep GC freed 51(896B) AllocSpace objects, 0(0B) LOS objects, 29% free, 38MB/54MB, paused 364us total 19.395ms
08-05 13:20:00.962 16992 17004 I art     : Starting a blocking GC Explicit
08-05 13:20:00.981 16992 17004 I art     : Explicit concurrent mark sweep GC freed 99(1696B) AllocSpace objects, 0(0B) LOS objects, 29% free, 38MB/54MB, paused 273us total 19.090ms
08-05 13:20:00.981 16992 17003 I art     : WaitForGcToComplete blocked for 19.299ms for cause HeapTrim
08-05 13:20:00.990 16992 17004 I art     : Starting a blocking GC Explicit
08-05 13:20:01.010 16992 17004 I art     : Explicit concurrent mark sweep GC freed 99(1696B) AllocSpace objects, 0(0B) LOS objects, 29% free, 38MB/54MB, paused 272us total 19.931ms
08-05 13:20:01.368 16992 17010 I art     : Starting a blocking GC Explicit
08-05 13:20:01.392 16992 17010 I art     : Explicit concurrent mark sweep GC freed 2528(100KB) AllocSpace objects, 2(40KB) LOS objects, 29% free, 38MB/54MB, paused 270us total 24.347ms
08-05 13:20:01.401 16992 17010 I art     : Starting a blocking GC Explicit
08-05 13:20:01.421 16992 17010 I art     : Explicit concurrent mark sweep GC freed 117(2352B) AllocSpace objects, 0(0B) LOS objects, 29% free, 38MB/54MB, paused 285us total 19.249ms
08-05 13:20:01.430 16992 17010 I art     : Starting a blocking GC Explicit
08-05 13:20:01.449 16992 17010 I art     : Explicit concurrent mark sweep GC freed 52(928B) AllocSpace objects, 0(0B) LOS objects, 29% free, 38MB/54MB, paused 272us total 18.997ms
08-05 13:20:01.458 16992 17010 I art     : Starting a blocking GC Explicit
08-05 13:20:01.477 16992 17010 I art     : Explicit concurrent mark sweep GC freed 99(1696B) AllocSpace objects, 0(0B) LOS objects, 29% free, 38MB/54MB, paused 280us total 19.402ms
08-05 13:20:01.486 16992 17010 I art     : Starting a blocking GC Explicit
08-05 13:20:01.507 16992 17010 I art     : Explicit concurrent mark sweep GC freed 98(1664B) AllocSpace objects, 0(0B) LOS objects, 29% free, 38MB/54MB, paused 312us total 20.499ms
08-05 13:20:01.865 16992 17005 I art     : Starting a blocking GC Explicit
08-05 13:20:01.885 16992 17005 I art     : Explicit concurrent mark sweep GC freed 2481(100KB) AllocSpace objects, 2(40KB) LOS objects, 29% free, 38MB/54MB, paused 289us total 19.733ms
08-05 13:20:01.894 16992 17005 I art     : Starting a blocking GC Explicit
08-05 13:20:01.913 16992 17005 I art     : Explicit concurrent mark sweep GC freed 141(3KB) AllocSpace objects, 0(0B) LOS objects, 29% free, 38MB/54MB, paused 282us total 19.407ms
08-05 13:20:01.922 16992 17005 I art     : Starting a blocking GC Explicit
08-05 13:20:01.942 16992 17005 I art     : Explicit concurrent mark sweep GC freed 109(2240B) AllocSpace objects, 0(0B) LOS objects, 29% free, 38MB/54MB, paused 274us total 19.543ms
08-05 13:20:01.951 16992 17005 I art     : Starting a blocking GC Explicit
08-05 13:20:01.970 16992 17005 I art     : Explicit concurrent mark sweep GC freed 51(896B) AllocSpace objects, 0(0B) LOS objects, 29% free, 38MB/54MB, paused 277us total 18.521ms
08-05 13:20:01.979 16992 17005 I art     : Starting a blocking GC Explicit
08-05 13:20:01.998 16992 17005 I art     : Explicit concurrent mark sweep GC freed 99(1696B) AllocSpace objects, 0(0B) LOS objects, 29% free, 38MB/54MB, paused 587us total 18.990ms
08-05 13:20:02.130 17393 17393 D AndroidRuntime: >>>>>> START com.android.internal.os.RuntimeInit uid 2000 <<<<<<
08-05 13:20:02.134 17393 17393 D AndroidRuntime: CheckJNI is OFF
08-05 13:20:02.163 17393 17393 D ICU     : No timezone override file found: /data/misc/zoneinfo/current/icu/icu_tzdata.dat
08-05 13:20:02.200 17393 17393 I Radio-JNI: register_android_hardware_Radio DONE
08-05 13:20:02.216 17393 17393 D AndroidRuntime: Calling main entry com.android.commands.input.Input
08-05 13:20:02.219 17393 17393 I Input   : injectMotionEvent: MotionEvent { action=ACTION_DOWN, actionButton=0, id[0]=0, x[0]=693.0, y[0]=1450.0, toolType[0]=TOOL_TYPE_UNKNOWN, buttonState=0, metaState=0, flags=0x0, edgeFlags=0x0, pointerCount=1, historySize=0, eventTime=796818631, downTime=796818631, deviceId=0, source=0x1002 }
08-05 13:20:02.223 17393 17393 I Input   : injectMotionEvent: MotionEvent { action=ACTION_UP, actionButton=0, id[0]=0, x[0]=693.0, y[0]=1450.0, toolType[0]=TOOL_TYPE_UNKNOWN, buttonState=0, metaState=0, flags=0x0, edgeFlags=0x0, pointerCount=1, historySize=0, eventTime=796818631, downTime=796818631, deviceId=0, source=0x1002 }
08-05 13:20:02.224 17393 17393 D AndroidRuntime: Shutting down VM
08-05 13:20:02.226   918   928 I ActivityManager: START u0 {cmp=baseline.io.github.project_travel_mate/.destinations.description.CityHistoryActivity} from uid 10674 on display 0
08-05 13:20:02.227   512  2967 D audio_hw_primary: out_set_parameters: enter: usecase(1: low-latency-playback) kvpairs: routing=2
08-05 13:20:02.241   512  2967 D audio_hw_primary: select_devices: out_snd_device(2: speaker) in_snd_device(0: none)
08-05 13:20:02.241   512  2967 D msm8974_platform: platform_send_audio_calibration: sending audio calibration for snd_device(2) acdb_id(15)
08-05 13:20:02.241   512  2967 I soundtrigger: audio_extn_sound_trigger_update_device_status: device 0x2 of type 0 for Event 1
08-05 13:20:02.251   512  2967 D audio_hw_primary: enable_snd_device: snd_device(2: speaker)
08-05 13:20:02.253   512  2967 D audio_hw_primary: enable_audio_route: apply and update mixer path: low-latency-playback speaker
08-05 13:20:02.257 16992 17083 D Gabe    : call	returning from cache
08-05 13:20:02.259 16992 16992 V EXECUTING: https://project-travel-mate.herokuapp.com/api/get-city-information/1
08-05 13:20:02.324 16992 17010 I art     : Starting a blocking GC Explicit
08-05 13:20:02.348 16992 17010 I art     : Explicit concurrent mark sweep GC freed 3256(222KB) AllocSpace objects, 2(40KB) LOS objects, 27% free, 42MB/58MB, paused 521us total 23.603ms
08-05 13:20:02.359 16992 17010 I art     : Starting a blocking GC Explicit
08-05 13:20:02.382 16992 17010 I art     : Explicit concurrent mark sweep GC freed 243(11KB) AllocSpace objects, 0(0B) LOS objects, 27% free, 42MB/58MB, paused 1.763ms total 22.452ms
08-05 13:20:02.391 16992 17010 I art     : Starting a blocking GC Explicit
08-05 13:20:02.395   918   936 I ActivityManager: Displayed baseline.io.github.project_travel_mate/.destinations.description.CityHistoryActivity: +161ms
08-05 13:20:02.396 13866 13866 I GoogleInputMethodServic: GoogleInputMethodService.onFinishInput():3138 
08-05 13:20:02.397 13866 13866 I GoogleInputMethodServic: GoogleInputMethodService.onStartInput():1808 
08-05 13:20:02.411 16992 17010 I art     : Explicit concurrent mark sweep GC freed 197(7KB) AllocSpace objects, 0(0B) LOS objects, 27% free, 42MB/58MB, paused 468us total 19.580ms
08-05 13:20:02.421 16992 17010 I art     : Starting a blocking GC Explicit
08-05 13:20:02.446 16992 17010 I art     : Explicit concurrent mark sweep GC freed 23(448B) AllocSpace objects, 0(0B) LOS objects, 27% free, 42MB/58MB, paused 463us total 24.963ms
08-05 13:20:02.457 16992 17010 I art     : Starting a blocking GC Explicit
08-05 13:20:02.482 16992 17010 I art     : Explicit concurrent mark sweep GC freed 115(1936B) AllocSpace objects, 0(0B) LOS objects, 27% free, 42MB/58MB, paused 719us total 24.356ms
08-05 13:20:02.655   380   380 W SurfaceFlinger: couldn't log to binary event log: overflow.
08-05 13:20:02.757 16992 17004 I art     : Starting a blocking GC Explicit
08-05 13:20:02.781 16992 17004 I art     : Explicit concurrent mark sweep GC freed 2906(111KB) AllocSpace objects, 2(40KB) LOS objects, 27% free, 42MB/58MB, paused 708us total 23.877ms
08-05 13:20:02.789   512  2967 D audio_hw_primary: disable_audio_route: reset and update mixer path: low-latency-playback speaker
08-05 13:20:02.791   512  2967 D audio_hw_primary: disable_snd_device: snd_device(2: speaker)
08-05 13:20:02.792 16992 17004 I art     : Starting a blocking GC Explicit
08-05 13:20:02.799   512  2967 I soundtrigger: audio_extn_sound_trigger_update_device_status: device 0x2 of type 0 for Event 0
08-05 13:20:02.813 16992 17004 I art     : Explicit concurrent mark sweep GC freed 2193(117KB) AllocSpace objects, 2(120KB) LOS objects, 27% free, 43MB/59MB, paused 681us total 21.249ms
08-05 13:20:02.823 16992 17004 I art     : Starting a blocking GC Explicit
08-05 13:20:02.843 16992 17004 I art     : Explicit concurrent mark sweep GC freed 1262(126KB) AllocSpace objects, 1(80KB) LOS objects, 27% free, 42MB/58MB, paused 453us total 19.327ms
08-05 13:20:02.853 16992 17004 I art     : Starting a blocking GC Explicit
08-05 13:20:02.854 16992 17419 I NAPPA_EXPERIMENTATION: MetricNetworkRequestExecutionTime: REQUEST_DURATION_SYSTEM='595',REQUEST_DURATION_OKHTTP='34',REQUEST_SYNCHRONOUS='FALSE',RESPONSE_CODE='200',RESPONSE_METHOD='GET',RESPONSE_LENGTH_OKHTTP='55024',RESPONSE_LENGTH_HEADER='55024',REQUEST_PROTOCOL='http/1.1',REQUEST_URL='https://project-travel-mate.herokuapp.com/api/get-city-information/1',
08-05 13:20:02.874 16992 17004 I art     : Explicit concurrent mark sweep GC freed 222(14KB) AllocSpace objects, 3(272KB) LOS objects, 27% free, 43MB/59MB, paused 408us total 20.920ms
08-05 13:20:02.884 16992 17004 I art     : Starting a blocking GC Explicit
08-05 13:20:02.903 16992 17004 I art     : Explicit concurrent mark sweep GC freed 110(4KB) AllocSpace objects, 0(0B) LOS objects, 27% free, 43MB/59MB, paused 386us total 19.311ms
08-05 13:20:03.020 13866 13866 I GoogleInputMethodServic: GoogleInputMethodService.onFinishInput():3138 
08-05 13:20:03.021 13866 13866 I GoogleInputMethodServic: GoogleInputMethodService.onStartInput():1808 
08-05 13:20:03.208 16992 17004 I art     : Starting a blocking GC Explicit
08-05 13:20:03.233 16992 17004 I art     : Explicit concurrent mark sweep GC freed 3911(1330KB) AllocSpace objects, 19(4MB) LOS objects, 29% free, 38MB/54MB, paused 280us total 24.351ms
08-05 13:20:03.242 16992 17004 I art     : Starting a blocking GC Explicit
08-05 13:20:03.263 16992 17004 I art     : Explicit concurrent mark sweep GC freed 209(5KB) AllocSpace objects, 0(0B) LOS objects, 29% free, 38MB/54MB, paused 329us total 20.944ms
08-05 13:20:03.272 16992 17004 I art     : Starting a blocking GC Explicit
08-05 13:20:03.293 16992 17004 I art     : Explicit concurrent mark sweep GC freed 147(2496B) AllocSpace objects, 0(0B) LOS objects, 29% free, 38MB/54MB, paused 348us total 21.190ms
08-05 13:20:03.302 16992 17004 I art     : Starting a blocking GC Explicit
08-05 13:20:03.324 16992 17004 I art     : Explicit concurrent mark sweep GC freed 147(2496B) AllocSpace objects, 0(0B) LOS objects, 29% free, 38MB/54MB, paused 410us total 21.541ms
08-05 13:20:03.333 16992 17004 I art     : Starting a blocking GC Explicit
08-05 13:20:03.355 16992 17004 I art     : Explicit concurrent mark sweep GC freed 76(1328B) AllocSpace objects, 0(0B) LOS objects, 29% free, 38MB/54MB, paused 289us total 21.341ms
08-05 13:20:03.681 16992 17005 I art     : Starting a blocking GC Explicit
08-05 13:20:03.705 16992 17005 I art     : Explicit concurrent mark sweep GC freed 2937(107KB) AllocSpace objects, 2(40KB) LOS objects, 29% free, 38MB/54MB, paused 306us total 24.161ms
08-05 13:20:03.714 16992 17005 I art     : Starting a blocking GC Explicit
08-05 13:20:03.736 16992 17005 I art     : Explicit concurrent mark sweep GC freed 166(3KB) AllocSpace objects, 0(0B) LOS objects, 29% free, 38MB/54MB, paused 309us total 21.725ms
08-05 13:20:03.745 16992 17005 I art     : Starting a blocking GC Explicit
08-05 13:20:03.767 16992 17005 I art     : Explicit concurrent mark sweep GC freed 147(2496B) AllocSpace objects, 0(0B) LOS objects, 29% free, 38MB/54MB, paused 316us total 21.725ms
08-05 13:20:03.777 16992 17005 I art     : Starting a blocking GC Explicit
08-05 13:20:03.798 16992 17005 I art     : Explicit concurrent mark sweep GC freed 147(2496B) AllocSpace objects, 0(0B) LOS objects, 29% free, 38MB/54MB, paused 313us total 21.613ms
08-05 13:20:03.808 16992 17005 I art     : Starting a blocking GC Explicit
08-05 13:20:03.830 16992 17005 I art     : Explicit concurrent mark sweep GC freed 147(2496B) AllocSpace objects, 0(0B) LOS objects, 29% free, 38MB/54MB, paused 305us total 21.843ms
08-05 13:20:04.163 16992 17010 I art     : Starting a blocking GC Explicit
08-05 13:20:04.186 16992 17010 I art     : Explicit concurrent mark sweep GC freed 2968(108KB) AllocSpace objects, 2(40KB) LOS objects, 29% free, 38MB/54MB, paused 317us total 22.806ms
08-05 13:20:04.196 16992 17010 I art     : Starting a blocking GC Explicit
08-05 13:20:04.219 16992 17010 I art     : Explicit concurrent mark sweep GC freed 166(3KB) AllocSpace objects, 0(0B) LOS objects, 29% free, 38MB/54MB, paused 315us total 23.065ms
08-05 13:20:04.228 16992 17010 I art     : Starting a blocking GC Explicit
08-05 13:20:04.250 16992 17010 I art     : Explicit concurrent mark sweep GC freed 147(2496B) AllocSpace objects, 0(0B) LOS objects, 29% free, 38MB/54MB, paused 301us total 21.940ms
08-05 13:20:04.260 16992 17010 I art     : Starting a blocking GC Explicit
08-05 13:20:04.282 16992 17010 I art     : Explicit concurrent mark sweep GC freed 147(2496B) AllocSpace objects, 0(0B) LOS objects, 29% free, 38MB/54MB, paused 308us total 22.445ms
08-05 13:20:04.292 16992 17010 I art     : Starting a blocking GC Explicit
08-05 13:20:04.315 16992 17010 I art     : Explicit concurrent mark sweep GC freed 147(2496B) AllocSpace objects, 0(0B) LOS objects, 29% free, 38MB/54MB, paused 387us total 22.572ms
08-05 13:20:04.683 16992 17004 I art     : Starting a blocking GC Explicit
08-05 13:20:04.706 16992 17004 I art     : Explicit concurrent mark sweep GC freed 3081(110KB) AllocSpace objects, 2(40KB) LOS objects, 29% free, 38MB/54MB, paused 314us total 22.256ms
08-05 13:20:04.715 16992 17004 I art     : Starting a blocking GC Explicit
08-05 13:20:04.737 16992 17004 I art     : Explicit concurrent mark sweep GC freed 166(3KB) AllocSpace objects, 0(0B) LOS objects, 29% free, 38MB/54MB, paused 352us total 21.491ms
08-05 13:20:04.746 16992 17004 I art     : Starting a blocking GC Explicit
08-05 13:20:04.768 16992 17004 I art     : Explicit concurrent mark sweep GC freed 147(2496B) AllocSpace objects, 0(0B) LOS objects, 29% free, 38MB/54MB, paused 367us total 21.866ms
08-05 13:20:04.777 16992 17004 I art     : Starting a blocking GC Explicit
08-05 13:20:04.799 16992 17004 I art     : Explicit concurrent mark sweep GC freed 147(2496B) AllocSpace objects, 0(0B) LOS objects, 29% free, 38MB/54MB, paused 306us total 21.893ms
08-05 13:20:04.808 16992 17004 I art     : Starting a blocking GC Explicit
08-05 13:20:04.830 16992 17004 I art     : Explicit concurrent mark sweep GC freed 146(2464B) AllocSpace objects, 0(0B) LOS objects, 29% free, 38MB/54MB, paused 318us total 21.884ms
08-05 13:20:05.159 16992 17005 I art     : Starting a blocking GC Explicit
08-05 13:20:05.184 16992 17005 I art     : Explicit concurrent mark sweep GC freed 2950(108KB) AllocSpace objects, 2(40KB) LOS objects, 29% free, 38MB/54MB, paused 304us total 24.485ms
08-05 13:20:05.198 16992 17005 I art     : Starting a blocking GC Explicit
08-05 13:20:05.219 16992 17005 I art     : Explicit concurrent mark sweep GC freed 182(3KB) AllocSpace objects, 0(0B) LOS objects, 29% free, 38MB/54MB, paused 308us total 20.806ms
08-05 13:20:05.228 16992 17005 I art     : Starting a blocking GC Explicit
08-05 13:20:05.249 16992 17005 I art     : Explicit concurrent mark sweep GC freed 147(2496B) AllocSpace objects, 0(0B) LOS objects, 29% free, 38MB/54MB, paused 302us total 20.411ms
08-05 13:20:05.258 16992 17005 I art     : Starting a blocking GC Explicit
08-05 13:20:05.279 16992 17005 I art     : Explicit concurrent mark sweep GC freed 146(2464B) AllocSpace objects, 0(0B) LOS objects, 29% free, 38MB/54MB, paused 304us total 20.970ms
08-05 13:20:05.289 16992 17005 I art     : Starting a blocking GC Explicit
08-05 13:20:05.310 16992 17005 I art     : Explicit concurrent mark sweep GC freed 147(2496B) AllocSpace objects, 0(0B) LOS objects, 29% free, 38MB/54MB, paused 342us total 21.390ms
08-05 13:20:05.667 16992 17420 I art     : Starting a blocking GC Explicit
08-05 13:20:05.694 16992 17420 I art     : Explicit concurrent mark sweep GC freed 3011(108KB) AllocSpace objects, 2(40KB) LOS objects, 29% free, 38MB/54MB, paused 309us total 25.674ms
08-05 13:20:05.705 16992 17420 I art     : Starting a blocking GC Explicit
08-05 13:20:05.727 16992 17420 I art     : Explicit concurrent mark sweep GC freed 194(3KB) AllocSpace objects, 0(0B) LOS objects, 29% free, 38MB/54MB, paused 403us total 21.215ms
08-05 13:20:05.736 16992 17420 I art     : Starting a blocking GC Explicit
08-05 13:20:05.757 16992 17420 I art     : Explicit concurrent mark sweep GC freed 119(2048B) AllocSpace objects, 0(0B) LOS objects, 29% free, 38MB/54MB, paused 430us total 21.021ms
08-05 13:20:05.767 16992 17420 I art     : Starting a blocking GC Explicit
08-05 13:20:05.788 16992 17420 I art     : Explicit concurrent mark sweep GC freed 147(2496B) AllocSpace objects, 0(0B) LOS objects, 29% free, 38MB/54MB, paused 303us total 21.163ms
08-05 13:20:05.797 16992 17420 I art     : Starting a blocking GC Explicit
08-05 13:20:05.820 16992 17420 I art     : Explicit concurrent mark sweep GC freed 147(2496B) AllocSpace objects, 0(0B) LOS objects, 29% free, 38MB/54MB, paused 298us total 22.236ms
08-05 13:20:06.182 16992 17010 I art     : Starting a blocking GC Explicit
08-05 13:20:06.205 16992 17010 I art     : Explicit concurrent mark sweep GC freed 3081(110KB) AllocSpace objects, 2(40KB) LOS objects, 29% free, 38MB/54MB, paused 327us total 23.235ms
08-05 13:20:06.214 16992 17010 I art     : Starting a blocking GC Explicit
08-05 13:20:06.236 16992 17010 I art     : Explicit concurrent mark sweep GC freed 166(3KB) AllocSpace objects, 0(0B) LOS objects, 29% free, 38MB/54MB, paused 303us total 21.246ms
08-05 13:20:06.245 16992 17010 I art     : Starting a blocking GC Explicit
08-05 13:20:06.266 16992 17010 I art     : Explicit concurrent mark sweep GC freed 147(2496B) AllocSpace objects, 0(0B) LOS objects, 29% free, 38MB/54MB, paused 297us total 21.169ms
08-05 13:20:06.275 16992 17010 I art     : Starting a blocking GC Explicit
08-05 13:20:06.297 16992 17010 I art     : Explicit concurrent mark sweep GC freed 147(2496B) AllocSpace objects, 0(0B) LOS objects, 29% free, 38MB/54MB, paused 426us total 21.512ms
08-05 13:20:06.306 16992 17010 I art     : Starting a blocking GC Explicit
08-05 13:20:06.329 16992 17010 I art     : Explicit concurrent mark sweep GC freed 146(2464B) AllocSpace objects, 0(0B) LOS objects, 29% free, 38MB/54MB, paused 343us total 22.317ms
08-05 13:20:06.429   918  3188 I hubconnection: sensorhub said: 'set_bias 3: -5.7600, 0.0000, 0.0000'
08-05 13:20:06.652 16992 17004 I art     : Starting a blocking GC Explicit
08-05 13:20:06.657 16697 16697 I ServiceManager: Waiting for service AtCmdFwd...
08-05 13:20:06.675 16992 17004 I art     : Explicit concurrent mark sweep GC freed 2867(106KB) AllocSpace objects, 2(40KB) LOS objects, 29% free, 38MB/54MB, paused 323us total 22.635ms
08-05 13:20:06.685 16992 17004 I art     : Starting a blocking GC Explicit
08-05 13:20:06.708 16992 17004 I art     : Explicit concurrent mark sweep GC freed 166(3KB) AllocSpace objects, 0(0B) LOS objects, 29% free, 38MB/54MB, paused 303us total 22.484ms
08-05 13:20:06.713   918  3261 D WifiStateMachine: starting scan for "H369AA63323"WPA_PSK with 2412,5180
08-05 13:20:06.717 16992 17004 I art     : Starting a blocking GC Explicit
08-05 13:20:06.738 16992 17004 I art     : Explicit concurrent mark sweep GC freed 147(2496B) AllocSpace objects, 0(0B) LOS objects, 29% free, 38MB/54MB, paused 328us total 21.395ms
08-05 13:20:06.748 16992 17004 I art     : Starting a blocking GC Explicit
08-05 13:20:06.770 16992 17004 I art     : Explicit concurrent mark sweep GC freed 147(2496B) AllocSpace objects, 0(0B) LOS objects, 29% free, 38MB/54MB, paused 315us total 21.367ms
08-05 13:20:06.779 16992 17004 I art     : Starting a blocking GC Explicit
08-05 13:20:06.799 16992 17004 I art     : Explicit concurrent mark sweep GC freed 147(2496B) AllocSpace objects, 0(0B) LOS objects, 29% free, 38MB/54MB, paused 289us total 20.327ms
08-05 13:20:06.862 17505 17505 D AndroidRuntime: >>>>>> START com.android.internal.os.RuntimeInit uid 2000 <<<<<<
08-05 13:20:06.866 17505 17505 D AndroidRuntime: CheckJNI is OFF
08-05 13:20:06.894 17505 17505 D ICU     : No timezone override file found: /data/misc/zoneinfo/current/icu/icu_tzdata.dat
08-05 13:20:06.920 17505 17505 I Radio-JNI: register_android_hardware_Radio DONE
08-05 13:20:06.937 17505 17505 D AndroidRuntime: Calling main entry com.android.commands.input.Input
08-05 13:20:06.938 17505 17505 I Input   : injectKeyEvent: KeyEvent { action=ACTION_DOWN, keyCode=KEYCODE_BACK, scanCode=0, metaState=0, flags=0x0, repeatCount=0, eventTime=796823351, downTime=796823351, deviceId=-1, source=0x101 }
08-05 13:20:06.947 17505 17505 I Input   : injectKeyEvent: KeyEvent { action=ACTION_UP, keyCode=KEYCODE_BACK, scanCode=0, metaState=0, flags=0x0, repeatCount=0, eventTime=796823351, downTime=796823351, deviceId=-1, source=0x101 }
08-05 13:20:06.952 17505 17505 D AndroidRuntime: Shutting down VM
08-05 13:20:06.988 13866 13866 I GoogleInputMethodServic: GoogleInputMethodService.onFinishInput():3138 
08-05 13:20:06.989 13866 13866 I GoogleInputMethodServic: GoogleInputMethodService.onStartInput():1808 
08-05 13:20:07.075 16992 17420 I art     : Starting a blocking GC Explicit
08-05 13:20:07.097 16992 17420 I art     : Explicit concurrent mark sweep GC freed 2826(108KB) AllocSpace objects, 2(40KB) LOS objects, 29% free, 38MB/54MB, paused 313us total 21.402ms
08-05 13:20:07.107 16992 17420 I art     : Starting a blocking GC Explicit
08-05 13:20:07.135 16992 17420 I art     : Explicit concurrent mark sweep GC freed 171(3KB) AllocSpace objects, 0(0B) LOS objects, 29% free, 38MB/54MB, paused 354us total 27.751ms
08-05 13:20:07.146 16992 17420 I art     : Starting a blocking GC Explicit
08-05 13:20:07.174 16992 17420 I art     : Explicit concurrent mark sweep GC freed 147(2496B) AllocSpace objects, 0(0B) LOS objects, 29% free, 38MB/54MB, paused 316us total 27.487ms
08-05 13:20:07.184 16992 17420 I art     : Starting a blocking GC Explicit
08-05 13:20:07.209 16992 17420 I art     : Explicit concurrent mark sweep GC freed 147(2496B) AllocSpace objects, 0(0B) LOS objects, 29% free, 38MB/54MB, paused 318us total 24.692ms
08-05 13:20:07.221 16992 17420 I art     : Starting a blocking GC Explicit
08-05 13:20:07.246 16992 17420 I art     : Explicit concurrent mark sweep GC freed 174(2928B) AllocSpace objects, 0(0B) LOS objects, 29% free, 38MB/54MB, paused 392us total 24.208ms
08-05 13:20:07.277   380   380 W SurfaceFlinger: couldn't log to binary event log: overflow.
08-05 13:20:07.516 16992 17005 I art     : Starting a blocking GC Explicit
08-05 13:20:07.541 16992 17005 I art     : Explicit concurrent mark sweep GC freed 2358(98KB) AllocSpace objects, 3(228KB) LOS objects, 29% free, 38MB/54MB, paused 316us total 24.875ms
08-05 13:20:07.550 16992 17005 I art     : Starting a blocking GC Explicit
08-05 13:20:07.571 16992 17005 I art     : Explicit concurrent mark sweep GC freed 4785(340KB) AllocSpace objects, 7(132KB) LOS objects, 29% free, 38MB/54MB, paused 303us total 21.055ms
08-05 13:20:07.581 16992 17005 I art     : Starting a blocking GC Explicit
08-05 13:20:07.601 16992 17005 I art     : Explicit concurrent mark sweep GC freed 102(1808B) AllocSpace objects, 0(0B) LOS objects, 29% free, 38MB/54MB, paused 290us total 20.267ms
08-05 13:20:07.610 16992 17005 I art     : Starting a blocking GC Explicit
08-05 13:20:07.631 16992 17005 I art     : Explicit concurrent mark sweep GC freed 99(1696B) AllocSpace objects, 0(0B) LOS objects, 29% free, 38MB/54MB, paused 290us total 20.348ms
08-05 13:20:07.640 16992 17005 I art     : Starting a blocking GC Explicit
08-05 13:20:07.657 16697 16697 I ServiceManager: Waiting for service AtCmdFwd...
08-05 13:20:07.660 16992 17005 I art     : Explicit concurrent mark sweep GC freed 51(896B) AllocSpace objects, 0(0B) LOS objects, 29% free, 38MB/54MB, paused 302us total 20.081ms
08-05 13:20:07.837   918  3961 I ActivityManager: Start proc 17550:com.google.android.apps.gcs/u0a11 for service com.google.android.apps.gcs/.service.GcsTaskService
08-05 13:20:07.839 24365 23174 I NetworkScheduler.Stats: Task com.google.android.apps.gcs/ started execution. cause:4 exec_start_elapsed_seconds: 1780211 [CONTEXT service_id=218 ]
08-05 13:20:07.948 16992 17420 I art     : Starting a blocking GC Explicit
08-05 13:20:07.965 16992 17420 I art     : Explicit concurrent mark sweep GC freed 2361(98KB) AllocSpace objects, 2(40KB) LOS objects, 29% free, 38MB/54MB, paused 255us total 17.441ms
08-05 13:20:07.974 16992 17420 I art     : Starting a blocking GC Explicit
08-05 13:20:07.991 16992 17420 I art     : Explicit concurrent mark sweep GC freed 83(2240B) AllocSpace objects, 0(0B) LOS objects, 29% free, 38MB/54MB, paused 299us total 17.226ms
08-05 13:20:08.000 16992 17420 I art     : Starting a blocking GC Explicit
08-05 13:20:08.015   918   928 I AccountManagerService: getTypesVisibleToCaller: isPermitted? true
08-05 13:20:08.017 16992 17420 I art     : Explicit concurrent mark sweep GC freed 99(1696B) AllocSpace objects, 0(0B) LOS objects, 29% free, 38MB/54MB, paused 314us total 17.548ms
08-05 13:20:08.018 17550 17550 W Gcs.AccountsChgRcvr: [1] afk.b: No accounts available. WFA has been deactivated
08-05 13:20:08.026 16992 17420 I art     : Starting a blocking GC Explicit
08-05 13:20:08.032 17550 17550 W PrimesInit: Primes instant initialization
08-05 13:20:08.032 17550 17575 W Primes  : background initialization
08-05 13:20:08.043 16992 17420 I art     : Explicit concurrent mark sweep GC freed 51(896B) AllocSpace objects, 0(0B) LOS objects, 29% free, 38MB/54MB, paused 260us total 17.019ms
08-05 13:20:08.052 16992 17420 I art     : Starting a blocking GC Explicit
08-05 13:20:08.053 17550 17575 I PrimesTesting: GserviceFlagsSupplier.get()
08-05 13:20:08.068 16992 17420 I art     : Explicit concurrent mark sweep GC freed 99(1696B) AllocSpace objects, 0(0B) LOS objects, 29% free, 38MB/54MB, paused 254us total 16.208ms
08-05 13:20:08.096   918  6110 I AccountManagerService: getTypesVisibleToCaller: isPermitted? true
08-05 13:20:08.100 17550 17576 W Gcs.WfaEliRefreshTask: [26448] afk.b: NULL eligibility response.
08-05 13:20:08.101 24365 25218 E NetworkScheduler.ATC: Received callback from client for task that is already complete. ComponentInfo{com.google.android.apps.gcs/com.google.android.apps.gcs.service.GcsTaskService} WfaEliRefreshTask [CONTEXT service_id=218 ]
08-05 13:20:08.104   918  5132 I ActivityManager: Killing 14405:com.android.musicfx/u0a21 (adj 15): empty #17
08-05 13:20:08.348 16992 17005 I art     : Starting a blocking GC Explicit
08-05 13:20:08.369 16992 17005 I art     : Explicit concurrent mark sweep GC freed 2289(97KB) AllocSpace objects, 2(40KB) LOS objects, 29% free, 38MB/54MB, paused 302us total 21.291ms
08-05 13:20:08.378 16992 17005 I art     : Starting a blocking GC Explicit
08-05 13:20:08.399 16992 17005 I art     : Explicit concurrent mark sweep GC freed 118(2384B) AllocSpace objects, 0(0B) LOS objects, 29% free, 38MB/54MB, paused 298us total 20.466ms
08-05 13:20:08.408 16992 17005 I art     : Starting a blocking GC Explicit
08-05 13:20:08.428 16992 17005 I art     : Explicit concurrent mark sweep GC freed 51(896B) AllocSpace objects, 0(0B) LOS objects, 29% free, 38MB/54MB, paused 306us total 19.780ms
08-05 13:20:08.437 16992 17005 I art     : Starting a blocking GC Explicit
08-05 13:20:08.457 16992 17005 I art     : Explicit concurrent mark sweep GC freed 99(1696B) AllocSpace objects, 0(0B) LOS objects, 29% free, 38MB/54MB, paused 338us total 19.120ms
08-05 13:20:08.465 16992 17005 I art     : Starting a blocking GC Explicit
08-05 13:20:08.485 16992 17005 I art     : Explicit concurrent mark sweep GC freed 99(1696B) AllocSpace objects, 0(0B) LOS objects, 29% free, 38MB/54MB, paused 297us total 19.328ms
08-05 13:20:08.521 17579 17579 D AndroidRuntime: >>>>>> START com.android.internal.os.RuntimeInit uid 2000 <<<<<<
08-05 13:20:08.525 17579 17579 D AndroidRuntime: CheckJNI is OFF
08-05 13:20:08.550 17579 17579 D ICU     : No timezone override file found: /data/misc/zoneinfo/current/icu/icu_tzdata.dat
08-05 13:20:08.577 17579 17579 I Radio-JNI: register_android_hardware_Radio DONE
08-05 13:20:08.593 17579 17579 D AndroidRuntime: Calling main entry com.android.commands.input.Input
08-05 13:20:08.595 17579 17579 I Input   : injectMotionEvent: MotionEvent { action=ACTION_DOWN, actionButton=0, id[0]=0, x[0]=504.0, y[0]=1706.0, toolType[0]=TOOL_TYPE_UNKNOWN, buttonState=0, metaState=0, flags=0x0, edgeFlags=0x0, pointerCount=1, historySize=0, eventTime=796825007, downTime=796825007, deviceId=0, source=0x1002 }
08-05 13:20:08.601 17579 17579 I Input   : injectMotionEvent: MotionEvent { action=ACTION_UP, actionButton=0, id[0]=0, x[0]=504.0, y[0]=1706.0, toolType[0]=TOOL_TYPE_UNKNOWN, buttonState=0, metaState=0, flags=0x0, edgeFlags=0x0, pointerCount=1, historySize=0, eventTime=796825007, downTime=796825007, deviceId=0, source=0x1002 }
08-05 13:20:08.604   512  2967 D audio_hw_primary: out_set_parameters: enter: usecase(1: low-latency-playback) kvpairs: routing=2
08-05 13:20:08.604 17579 17579 D AndroidRuntime: Shutting down VM
08-05 13:20:08.606   918  5481 I ActivityManager: START u0 {cmp=baseline.io.github.project_travel_mate/.destinations.funfacts.FunFactsActivity (has extras)} from uid 10674 on display 0
08-05 13:20:08.617   512  2967 D audio_hw_primary: select_devices: out_snd_device(2: speaker) in_snd_device(0: none)
08-05 13:20:08.617   512  2967 D msm8974_platform: platform_send_audio_calibration: sending audio calibration for snd_device(2) acdb_id(15)
08-05 13:20:08.617   512  2967 I soundtrigger: audio_extn_sound_trigger_update_device_status: device 0x2 of type 0 for Event 1
08-05 13:20:08.629   512  2967 D audio_hw_primary: enable_snd_device: snd_device(2: speaker)
08-05 13:20:08.630 16992 17083 D Gabe    : call	returning from cache
08-05 13:20:08.631   512  2967 D audio_hw_primary: enable_audio_route: apply and update mixer path: low-latency-playback speaker
08-05 13:20:08.632 16992 16992 V EXECUTING: https://project-travel-mate.herokuapp.com/api/get-city-facts/1
08-05 13:20:08.657 16697 16697 I ServiceManager: Waiting for service AtCmdFwd...
08-05 13:20:08.744 16992 17420 I art     : Starting a blocking GC Explicit
08-05 13:20:08.758   918   936 I ActivityManager: Displayed baseline.io.github.project_travel_mate/.destinations.funfacts.FunFactsActivity: +143ms
08-05 13:20:08.758 13866 13866 I GoogleInputMethodServic: GoogleInputMethodService.onFinishInput():3138 
08-05 13:20:08.759 13866 13866 I GoogleInputMethodServic: GoogleInputMethodService.onStartInput():1808 
08-05 13:20:08.765 16992 17420 I art     : Explicit concurrent mark sweep GC freed 4111(283KB) AllocSpace objects, 2(40KB) LOS objects, 27% free, 42MB/58MB, paused 521us total 20.283ms
08-05 13:20:08.775 16992 17420 I art     : Starting a blocking GC Explicit
08-05 13:20:08.799 16992 17420 I art     : Explicit concurrent mark sweep GC freed 179(6KB) AllocSpace objects, 0(0B) LOS objects, 27% free, 42MB/58MB, paused 612us total 23.378ms
08-05 13:20:08.810 16992 17420 I art     : Starting a blocking GC Explicit
08-05 13:20:08.831 16992 17420 I art     : Explicit concurrent mark sweep GC freed 81(1424B) AllocSpace objects, 0(0B) LOS objects, 27% free, 42MB/58MB, paused 386us total 20.827ms
08-05 13:20:08.841 16992 17420 I art     : Starting a blocking GC Explicit
08-05 13:20:08.860 16992 17420 I art     : Explicit concurrent mark sweep GC freed 150(2672B) AllocSpace objects, 0(0B) LOS objects, 27% free, 42MB/58MB, paused 339us total 19.144ms
08-05 13:20:08.869 16992 17420 I art     : Starting a blocking GC Explicit
08-05 13:20:08.888 16992 17420 I art     : Explicit concurrent mark sweep GC freed 147(2496B) AllocSpace objects, 0(0B) LOS objects, 27% free, 42MB/58MB, paused 326us total 19.024ms
08-05 13:20:09.021   380   380 W SurfaceFlinger: couldn't log to binary event log: overflow.
08-05 13:20:09.168   512  2967 D audio_hw_primary: disable_audio_route: reset and update mixer path: low-latency-playback speaker
08-05 13:20:09.169   512  2967 D audio_hw_primary: disable_snd_device: snd_device(2: speaker)
08-05 13:20:09.178   512  2967 I soundtrigger: audio_extn_sound_trigger_update_device_status: device 0x2 of type 0 for Event 0
08-05 13:20:09.203 16992 17420 I art     : Starting a blocking GC Explicit
08-05 13:20:09.223 16992 17420 I art     : Explicit concurrent mark sweep GC freed 2746(105KB) AllocSpace objects, 2(40KB) LOS objects, 27% free, 42MB/58MB, paused 479us total 20.154ms
08-05 13:20:09.233 16992 17420 I art     : Starting a blocking GC Explicit
08-05 13:20:09.254 16992 17420 I art     : Explicit concurrent mark sweep GC freed 78(1776B) AllocSpace objects, 0(0B) LOS objects, 27% free, 42MB/58MB, paused 480us total 20.729ms
08-05 13:20:09.264 16992 17420 I art     : Starting a blocking GC Explicit
08-05 13:20:09.283 16992 17420 I art     : Explicit concurrent mark sweep GC freed 20(368B) AllocSpace objects, 0(0B) LOS objects, 27% free, 42MB/58MB, paused 434us total 19.178ms
08-05 13:20:09.293 16992 17420 I art     : Starting a blocking GC Explicit
08-05 13:20:09.313 16992 17420 I art     : Explicit concurrent mark sweep GC freed 128(2160B) AllocSpace objects, 0(0B) LOS objects, 27% free, 42MB/58MB, paused 532us total 20.380ms
08-05 13:20:09.323 16992 17420 I art     : Starting a blocking GC Explicit
08-05 13:20:09.343 16992 17420 I art     : Explicit concurrent mark sweep GC freed 20(368B) AllocSpace objects, 0(0B) LOS objects, 27% free, 42MB/58MB, paused 311us total 19.460ms
08-05 13:20:09.504 16992 17610 I NAPPA_EXPERIMENTATION: MetricNetworkRequestExecutionTime: REQUEST_DURATION_SYSTEM='872',REQUEST_DURATION_OKHTTP='37',REQUEST_SYNCHRONOUS='FALSE',RESPONSE_CODE='200',RESPONSE_METHOD='GET',RESPONSE_LENGTH_OKHTTP='1793',RESPONSE_LENGTH_HEADER='1793',REQUEST_PROTOCOL='http/1.1',REQUEST_URL='https://project-travel-mate.herokuapp.com/api/get-city-facts/1',
08-05 13:20:09.506 16992 17610 V EXECUTING: https://project-travel-mate.herokuapp.com/api/get-city-images/1
08-05 13:20:09.614 16992 17010 I art     : Starting a blocking GC Explicit
08-05 13:20:09.636 16992 17010 I art     : Explicit concurrent mark sweep GC freed 5536(279KB) AllocSpace objects, 5(240KB) LOS objects, 26% free, 43MB/59MB, paused 494us total 21.595ms
08-05 13:20:09.646 16992 17010 I art     : Starting a blocking GC Explicit
08-05 13:20:09.658 16697 16697 I ServiceManager: Waiting for service AtCmdFwd...
08-05 13:20:09.666 16992 17010 I art     : Explicit concurrent mark sweep GC freed 1037(118KB) AllocSpace objects, 0(0B) LOS objects, 27% free, 43MB/59MB, paused 446us total 20.412ms
08-05 13:20:09.676 16992 17010 I art     : Starting a blocking GC Explicit
08-05 13:20:09.697 16992 17010 I art     : Explicit concurrent mark sweep GC freed 78(1328B) AllocSpace objects, 0(0B) LOS objects, 27% free, 43MB/59MB, paused 551us total 20.759ms
08-05 13:20:09.705 16992 17010 I art     : Starting a blocking GC Explicit
08-05 13:20:09.726 16992 17010 I art     : Explicit concurrent mark sweep GC freed 127(2112B) AllocSpace objects, 0(0B) LOS objects, 27% free, 43MB/59MB, paused 529us total 20.538ms
08-05 13:20:09.735 16992 17010 I art     : Starting a blocking GC Explicit
08-05 13:20:09.755 16992 17010 I art     : Explicit concurrent mark sweep GC freed 123(2080B) AllocSpace objects, 0(0B) LOS objects, 27% free, 43MB/59MB, paused 475us total 19.636ms
08-05 13:20:10.035 16992 17004 I art     : Starting a blocking GC Explicit
08-05 13:20:10.056 16992 17004 I art     : Explicit concurrent mark sweep GC freed 2360(98KB) AllocSpace objects, 2(40KB) LOS objects, 26% free, 43MB/59MB, paused 500us total 19.938ms
08-05 13:20:10.065 16992 17004 I art     : Starting a blocking GC Explicit
08-05 13:20:10.086 16992 17004 I art     : Explicit concurrent mark sweep GC freed 49(1328B) AllocSpace objects, 0(0B) LOS objects, 26% free, 43MB/59MB, paused 491us total 20.555ms
08-05 13:20:10.096 16992 17004 I art     : Starting a blocking GC Explicit
08-05 13:20:10.116 16992 17004 I art     : Explicit concurrent mark sweep GC freed 122(2048B) AllocSpace objects, 0(0B) LOS objects, 26% free, 43MB/59MB, paused 513us total 20.128ms
08-05 13:20:10.126 16992 17004 I art     : Starting a blocking GC Explicit
08-05 13:20:10.146 16992 17004 I art     : Explicit concurrent mark sweep GC freed 87(1472B) AllocSpace objects, 0(0B) LOS objects, 26% free, 43MB/59MB, paused 605us total 19.743ms
08-05 13:20:10.155 16992 17004 I art     : Starting a blocking GC Explicit
08-05 13:20:10.178 16992 17004 I art     : Explicit concurrent mark sweep GC freed 2143(115KB) AllocSpace objects, 1(80KB) LOS objects, 26% free, 43MB/59MB, paused 812us total 22.378ms
08-05 13:20:10.221 16992 17635 I NAPPA_EXPERIMENTATION: MetricNetworkRequestExecutionTime: REQUEST_DURATION_SYSTEM='714',REQUEST_DURATION_OKHTTP='33',REQUEST_SYNCHRONOUS='FALSE',RESPONSE_CODE='200',RESPONSE_METHOD='GET',RESPONSE_LENGTH_OKHTTP='183',RESPONSE_LENGTH_HEADER='183',REQUEST_PROTOCOL='http/1.1',REQUEST_URL='https://project-travel-mate.herokuapp.com/api/get-city-images/1',
08-05 13:20:10.270 16992 17635 V RESPONSE: [{"id":17,"image_url":"https://upload.wikimedia.org/wikipedia/commons/9/94/%E0%B4%96%E0%B5%81%E0%B4%A4%E0%B5%8D%E0%B4%AC%E0%B5%8D_%E0%B4%AE%E0%B4%BF%E0%B4%A8%E0%B4%BE%E0%B5%BC1.jpg"}]
08-05 13:20:10.465 16992 17005 I art     : Starting a blocking GC Explicit
08-05 13:20:10.490 16992 17005 I art     : Explicit concurrent mark sweep GC freed 7252(441KB) AllocSpace objects, 5(4MB) LOS objects, 28% free, 39MB/55MB, paused 562us total 24.748ms
08-05 13:20:10.499 16992 17005 I art     : Starting a blocking GC Explicit
08-05 13:20:10.523 16992 17005 I art     : Explicit concurrent mark sweep GC freed 345(12KB) AllocSpace objects, 0(0B) LOS objects, 28% free, 39MB/55MB, paused 394us total 23.763ms
08-05 13:20:10.533 16992 17005 I art     : Starting a blocking GC Explicit
08-05 13:20:10.556 16992 17005 I art     : Explicit concurrent mark sweep GC freed 147(2496B) AllocSpace objects, 0(0B) LOS objects, 28% free, 39MB/55MB, paused 358us total 22.870ms
08-05 13:20:10.565 16992 17005 I art     : Starting a blocking GC Explicit
08-05 13:20:10.588 16992 17005 I art     : Explicit concurrent mark sweep GC freed 147(2496B) AllocSpace objects, 0(0B) LOS objects, 28% free, 39MB/55MB, paused 338us total 22.663ms
08-05 13:20:10.598 16992 17005 I art     : Starting a blocking GC Explicit
08-05 13:20:10.621 16992 17005 I art     : Explicit concurrent mark sweep GC freed 158(2976B) AllocSpace objects, 0(0B) LOS objects, 28% free, 39MB/55MB, paused 344us total 22.786ms
08-05 13:20:10.658 16697 16697 I ServiceManager: Waiting for service AtCmdFwd...
08-05 13:20:10.950 16992 17004 I art     : Starting a blocking GC Explicit
08-05 13:20:10.974 16992 17004 I art     : Explicit concurrent mark sweep GC freed 2960(108KB) AllocSpace objects, 2(40KB) LOS objects, 28% free, 39MB/55MB, paused 380us total 24.499ms
08-05 13:20:10.984 16992 17004 I art     : Starting a blocking GC Explicit
08-05 13:20:11.007 16992 17004 I art     : Explicit concurrent mark sweep GC freed 182(3KB) AllocSpace objects, 0(0B) LOS objects, 28% free, 39MB/55MB, paused 393us total 23.066ms
08-05 13:20:11.017 16992 17004 I art     : Starting a blocking GC Explicit
08-05 13:20:11.039 16992 17004 I art     : Explicit concurrent mark sweep GC freed 147(2496B) AllocSpace objects, 0(0B) LOS objects, 28% free, 39MB/55MB, paused 351us total 21.662ms
08-05 13:20:11.048 16992 17004 I art     : Starting a blocking GC Explicit
08-05 13:20:11.070 16992 17004 I art     : Explicit concurrent mark sweep GC freed 148(2528B) AllocSpace objects, 0(0B) LOS objects, 28% free, 39MB/55MB, paused 333us total 21.421ms
08-05 13:20:11.079 16992 17004 I art     : Starting a blocking GC Explicit
08-05 13:20:11.101 16992 17004 I art     : Explicit concurrent mark sweep GC freed 80(1376B) AllocSpace objects, 0(0B) LOS objects, 28% free, 39MB/55MB, paused 422us total 21.642ms
08-05 13:20:11.168 17669 17669 D AndroidRuntime: >>>>>> START com.android.internal.os.RuntimeInit uid 2000 <<<<<<
08-05 13:20:11.172 17669 17669 D AndroidRuntime: CheckJNI is OFF
08-05 13:20:11.199 17669 17669 D ICU     : No timezone override file found: /data/misc/zoneinfo/current/icu/icu_tzdata.dat
08-05 13:20:11.226 17669 17669 I Radio-JNI: register_android_hardware_Radio DONE
08-05 13:20:11.242 17669 17669 D AndroidRuntime: Calling main entry com.android.commands.input.Input
08-05 13:20:11.243 17669 17669 I Input   : injectKeyEvent: KeyEvent { action=ACTION_DOWN, keyCode=KEYCODE_BACK, scanCode=0, metaState=0, flags=0x0, repeatCount=0, eventTime=796827656, downTime=796827656, deviceId=-1, source=0x101 }
08-05 13:20:11.257 17669 17669 I Input   : injectKeyEvent: KeyEvent { action=ACTION_UP, keyCode=KEYCODE_BACK, scanCode=0, metaState=0, flags=0x0, repeatCount=0, eventTime=796827656, downTime=796827656, deviceId=-1, source=0x101 }
08-05 13:20:11.264 17669 17669 D AndroidRuntime: Shutting down VM
08-05 13:20:11.299 13866 13866 I GoogleInputMethodServic: GoogleInputMethodService.onFinishInput():3138 
08-05 13:20:11.299 13866 13866 I GoogleInputMethodServic: GoogleInputMethodService.onStartInput():1808 
08-05 13:20:11.384 16992 17420 I art     : Starting a blocking GC Explicit
08-05 13:20:11.406 16992 17420 I art     : Explicit concurrent mark sweep GC freed 2894(109KB) AllocSpace objects, 2(40KB) LOS objects, 28% free, 39MB/55MB, paused 316us total 21.176ms
08-05 13:20:11.417 16992 17420 I art     : Starting a blocking GC Explicit
08-05 13:20:11.446 16992 17420 I art     : Explicit concurrent mark sweep GC freed 169(3KB) AllocSpace objects, 0(0B) LOS objects, 28% free, 39MB/55MB, paused 365us total 28.827ms
08-05 13:20:11.457 16992 17420 I art     : Starting a blocking GC Explicit
08-05 13:20:11.487 16992 17420 I art     : Explicit concurrent mark sweep GC freed 219(3KB) AllocSpace objects, 0(0B) LOS objects, 28% free, 39MB/55MB, paused 458us total 29.455ms
08-05 13:20:11.501 16992 17420 I art     : Starting a blocking GC Explicit
08-05 13:20:11.530 16992 17420 I art     : Explicit concurrent mark sweep GC freed 147(2496B) AllocSpace objects, 0(0B) LOS objects, 28% free, 39MB/55MB, paused 455us total 28.393ms
08-05 13:20:11.540 16992 17420 I art     : Starting a blocking GC Explicit
08-05 13:20:11.569 16992 17420 I art     : Explicit concurrent mark sweep GC freed 172(2912B) AllocSpace objects, 0(0B) LOS objects, 28% free, 39MB/55MB, paused 532us total 28.284ms
08-05 13:20:11.584   380   380 W SurfaceFlinger: couldn't log to binary event log: overflow.
08-05 13:20:11.659 16697 16697 W Atfwd_Sendcmd: AtCmdFwd service not published, waiting... retryCnt : 4
08-05 13:20:11.884 16992 17004 I art     : Starting a blocking GC Explicit
08-05 13:20:11.908 16992 17004 I art     : Explicit concurrent mark sweep GC freed 3243(137KB) AllocSpace objects, 5(684KB) LOS objects, 29% free, 38MB/54MB, paused 367us total 23.899ms
08-05 13:20:11.918 16992 17004 I art     : Starting a blocking GC Explicit
08-05 13:20:11.937 16992 17004 I art     : Explicit concurrent mark sweep GC freed 811(35KB) AllocSpace objects, 0(0B) LOS objects, 29% free, 38MB/54MB, paused 317us total 19.220ms
08-05 13:20:11.946 16992 17004 I art     : Starting a blocking GC Explicit
08-05 13:20:11.965 16992 17004 I art     : Explicit concurrent mark sweep GC freed 4778(233KB) AllocSpace objects, 1(28KB) LOS objects, 29% free, 38MB/54MB, paused 326us total 19.036ms
08-05 13:20:11.973 16992 17004 I art     : Starting a blocking GC Explicit
08-05 13:20:11.992 16992 17004 I art     : Explicit concurrent mark sweep GC freed 99(1696B) AllocSpace objects, 0(0B) LOS objects, 29% free, 38MB/54MB, paused 330us total 18.881ms
08-05 13:20:12.001 16992 17004 I art     : Starting a blocking GC Explicit
08-05 13:20:12.021 16992 17004 I art     : Explicit concurrent mark sweep GC freed 98(1664B) AllocSpace objects, 0(0B) LOS objects, 29% free, 38MB/54MB, paused 346us total 19.704ms
08-05 13:20:12.332 16992 17697 I art     : Starting a blocking GC Explicit
08-05 13:20:12.357 16992 17697 I art     : Explicit concurrent mark sweep GC freed 2388(98KB) AllocSpace objects, 2(40KB) LOS objects, 29% free, 38MB/54MB, paused 346us total 24.180ms
08-05 13:20:12.369 16992 17697 I art     : Starting a blocking GC Explicit
08-05 13:20:12.390 16992 17697 I art     : Explicit concurrent mark sweep GC freed 118(2384B) AllocSpace objects, 0(0B) LOS objects, 29% free, 38MB/54MB, paused 328us total 20.614ms
08-05 13:20:12.399 16992 17697 I art     : Starting a blocking GC Explicit
08-05 13:20:12.420 16992 17697 I art     : Explicit concurrent mark sweep GC freed 98(1664B) AllocSpace objects, 0(0B) LOS objects, 29% free, 38MB/54MB, paused 359us total 20.988ms
08-05 13:20:12.429 16992 17697 I art     : Starting a blocking GC Explicit
08-05 13:20:12.450 16992 17697 I art     : Explicit concurrent mark sweep GC freed 52(928B) AllocSpace objects, 0(0B) LOS objects, 29% free, 38MB/54MB, paused 333us total 20.409ms
08-05 13:20:12.460 16992 17697 I art     : Starting a blocking GC Explicit
08-05 13:20:12.481 16992 17697 I art     : Explicit concurrent mark sweep GC freed 99(1696B) AllocSpace objects, 0(0B) LOS objects, 29% free, 38MB/54MB, paused 335us total 21.508ms
08-05 13:20:12.770 16992 17005 I art     : Starting a blocking GC Explicit
08-05 13:20:12.793 16992 17005 I art     : Explicit concurrent mark sweep GC freed 2340(98KB) AllocSpace objects, 2(40KB) LOS objects, 29% free, 38MB/54MB, paused 357us total 22.321ms
08-05 13:20:12.803 16992 17005 I art     : Starting a blocking GC Explicit
08-05 13:20:12.804 17718 17718 D AndroidRuntime: >>>>>> START com.android.internal.os.RuntimeInit uid 2000 <<<<<<
08-05 13:20:12.809 17718 17718 D AndroidRuntime: CheckJNI is OFF
08-05 13:20:12.823 16992 17005 I art     : Explicit concurrent mark sweep GC freed 118(2384B) AllocSpace objects, 0(0B) LOS objects, 29% free, 38MB/54MB, paused 333us total 19.940ms
08-05 13:20:12.832 16992 17005 I art     : Starting a blocking GC Explicit
08-05 13:20:12.836 17718 17718 D ICU     : No timezone override file found: /data/misc/zoneinfo/current/icu/icu_tzdata.dat
08-05 13:20:12.851 16992 17005 I art     : Explicit concurrent mark sweep GC freed 51(896B) AllocSpace objects, 0(0B) LOS objects, 29% free, 38MB/54MB, paused 320us total 18.936ms
08-05 13:20:12.860 17718 17718 I Radio-JNI: register_android_hardware_Radio DONE
08-05 13:20:12.860 16992 17005 I art     : Starting a blocking GC Explicit
08-05 13:20:12.876 17718 17718 D AndroidRuntime: Calling main entry com.android.commands.input.Input
08-05 13:20:12.877 17718 17718 I Input   : injectMotionEvent: MotionEvent { action=ACTION_DOWN, actionButton=0, id[0]=0, x[0]=504.0, y[0]=1706.0, toolType[0]=TOOL_TYPE_UNKNOWN, buttonState=0, metaState=0, flags=0x0, edgeFlags=0x0, pointerCount=1, historySize=0, eventTime=796829290, downTime=796829290, deviceId=0, source=0x1002 }
08-05 13:20:12.879 16992 17005 I art     : Explicit concurrent mark sweep GC freed 99(1696B) AllocSpace objects, 0(0B) LOS objects, 29% free, 38MB/54MB, paused 388us total 18.687ms
08-05 13:20:12.881 17718 17718 I Input   : injectMotionEvent: MotionEvent { action=ACTION_UP, actionButton=0, id[0]=0, x[0]=504.0, y[0]=1706.0, toolType[0]=TOOL_TYPE_UNKNOWN, buttonState=0, metaState=0, flags=0x0, edgeFlags=0x0, pointerCount=1, historySize=0, eventTime=796829290, downTime=796829290, deviceId=0, source=0x1002 }
08-05 13:20:12.883 17718 17718 D AndroidRuntime: Shutting down VM
08-05 13:20:12.884   512  2967 D audio_hw_primary: out_set_parameters: enter: usecase(1: low-latency-playback) kvpairs: routing=2
08-05 13:20:12.886   918  6110 I ActivityManager: START u0 {cmp=baseline.io.github.project_travel_mate/.destinations.funfacts.FunFactsActivity (has extras)} from uid 10674 on display 0
08-05 13:20:12.888 16992 17005 I art     : Starting a blocking GC Explicit
08-05 13:20:12.897   512  2967 D audio_hw_primary: select_devices: out_snd_device(2: speaker) in_snd_device(0: none)
08-05 13:20:12.897   512  2967 D msm8974_platform: platform_send_audio_calibration: sending audio calibration for snd_device(2) acdb_id(15)
08-05 13:20:12.897   512  2967 I soundtrigger: audio_extn_sound_trigger_update_device_status: device 0x2 of type 0 for Event 1
08-05 13:20:12.907   512  2967 D audio_hw_primary: enable_snd_device: snd_device(2: speaker)
08-05 13:20:12.907 16992 17083 D Gabe    : call	returning from cache
08-05 13:20:12.909   512  2967 D audio_hw_primary: enable_audio_route: apply and update mixer path: low-latency-playback speaker
08-05 13:20:12.910 16992 17005 I art     : Explicit concurrent mark sweep GC freed 1267(128KB) AllocSpace objects, 0(0B) LOS objects, 29% free, 38MB/54MB, paused 725us total 21.335ms
08-05 13:20:12.914 16992 16992 V EXECUTING: https://project-travel-mate.herokuapp.com/api/get-city-facts/1
08-05 13:20:13.022   918   936 I ActivityManager: Displayed baseline.io.github.project_travel_mate/.destinations.funfacts.FunFactsActivity: +124ms
08-05 13:20:13.022 13866 13866 I GoogleInputMethodServic: GoogleInputMethodService.onFinishInput():3138 
08-05 13:20:13.023 13866 13866 I GoogleInputMethodServic: GoogleInputMethodService.onStartInput():1808 
08-05 13:20:13.170 16992 17004 I art     : Starting a blocking GC Explicit
08-05 13:20:13.201 16992 17004 I art     : Explicit concurrent mark sweep GC freed 4054(235KB) AllocSpace objects, 2(40KB) LOS objects, 27% free, 43MB/59MB, paused 486us total 30.310ms
08-05 13:20:13.216 16992 17004 I art     : Starting a blocking GC Explicit
08-05 13:20:13.252 16992 17004 I art     : Explicit concurrent mark sweep GC freed 303(7KB) AllocSpace objects, 0(0B) LOS objects, 27% free, 43MB/59MB, paused 381us total 34.714ms
08-05 13:20:13.261 16992 17004 I art     : Starting a blocking GC Explicit
08-05 13:20:13.279   380   380 W SurfaceFlinger: couldn't log to binary event log: overflow.
08-05 13:20:13.291 16992 17004 I art     : Explicit concurrent mark sweep GC freed 218(3KB) AllocSpace objects, 0(0B) LOS objects, 27% free, 43MB/59MB, paused 468us total 29.188ms
08-05 13:20:13.303 16992 17004 I art     : Starting a blocking GC Explicit
08-05 13:20:13.324 16992 17004 I art     : Explicit concurrent mark sweep GC freed 147(2496B) AllocSpace objects, 0(0B) LOS objects, 27% free, 43MB/59MB, paused 346us total 20.440ms
08-05 13:20:13.333 16992 17004 I art     : Starting a blocking GC Explicit
08-05 13:20:13.352 16992 17004 I art     : Explicit concurrent mark sweep GC freed 76(1328B) AllocSpace objects, 0(0B) LOS objects, 27% free, 43MB/59MB, paused 362us total 18.767ms
08-05 13:20:13.448   512  2967 D audio_hw_primary: disable_audio_route: reset and update mixer path: low-latency-playback speaker
08-05 13:20:13.449   512  2967 D audio_hw_primary: disable_snd_device: snd_device(2: speaker)
08-05 13:20:13.456   512  2967 I soundtrigger: audio_extn_sound_trigger_update_device_status: device 0x2 of type 0 for Event 0
08-05 13:20:13.626 16992 17010 I art     : Starting a blocking GC Explicit
08-05 13:20:13.648 16992 17010 I art     : Explicit concurrent mark sweep GC freed 2285(97KB) AllocSpace objects, 2(40KB) LOS objects, 27% free, 43MB/59MB, paused 570us total 21.780ms
08-05 13:20:13.657 16992 17010 I art     : Starting a blocking GC Explicit
08-05 13:20:13.678 16992 17010 I art     : Explicit concurrent mark sweep GC freed 151(3008B) AllocSpace objects, 0(0B) LOS objects, 27% free, 43MB/59MB, paused 457us total 20.912ms
08-05 13:20:13.687 16992 17010 I art     : Starting a blocking GC Explicit
08-05 13:20:13.709 16992 17010 I art     : Explicit concurrent mark sweep GC freed 123(2064B) AllocSpace objects, 0(0B) LOS objects, 27% free, 43MB/59MB, paused 636us total 21.352ms
08-05 13:20:13.718 16992 17010 I art     : Starting a blocking GC Explicit
08-05 13:20:13.739 16992 17010 I art     : Explicit concurrent mark sweep GC freed 659(52KB) AllocSpace objects, 0(0B) LOS objects, 27% free, 43MB/59MB, paused 615us total 20.794ms
08-05 13:20:13.749 16992 17010 I art     : Starting a blocking GC Explicit
08-05 13:20:13.771 16992 17010 I art     : Explicit concurrent mark sweep GC freed 2116(83KB) AllocSpace objects, 2(120KB) LOS objects, 26% free, 43MB/59MB, paused 618us total 22.625ms
08-05 13:20:13.803 16992 17742 I NAPPA_EXPERIMENTATION: MetricNetworkRequestExecutionTime: REQUEST_DURATION_SYSTEM='887',REQUEST_DURATION_OKHTTP='33',REQUEST_SYNCHRONOUS='FALSE',RESPONSE_CODE='200',RESPONSE_METHOD='GET',RESPONSE_LENGTH_OKHTTP='1793',RESPONSE_LENGTH_HEADER='1793',REQUEST_PROTOCOL='http/1.1',REQUEST_URL='https://project-travel-mate.herokuapp.com/api/get-city-facts/1',
08-05 13:20:13.806 16992 17742 V EXECUTING: https://project-travel-mate.herokuapp.com/api/get-city-images/1
08-05 13:20:14.047 16992 17004 I art     : Starting a blocking GC Explicit
08-05 13:20:14.068 16992 17004 I art     : Explicit concurrent mark sweep GC freed 3844(260KB) AllocSpace objects, 3(120KB) LOS objects, 26% free, 43MB/59MB, paused 527us total 21.006ms
08-05 13:20:14.078 16992 17004 I art     : Starting a blocking GC Explicit
08-05 13:20:14.098 16992 17004 I art     : Explicit concurrent mark sweep GC freed 79(3KB) AllocSpace objects, 0(0B) LOS objects, 26% free, 43MB/59MB, paused 375us total 20.575ms
08-05 13:20:14.108 16992 17004 I art     : Starting a blocking GC Explicit
08-05 13:20:14.131 16992 17004 I art     : Explicit concurrent mark sweep GC freed 132(2208B) AllocSpace objects, 0(0B) LOS objects, 26% free, 43MB/59MB, paused 465us total 22.326ms
08-05 13:20:14.139 16992 17004 I art     : Starting a blocking GC Explicit
08-05 13:20:14.161 16992 17004 I art     : Explicit concurrent mark sweep GC freed 127(2112B) AllocSpace objects, 0(0B) LOS objects, 26% free, 43MB/59MB, paused 564us total 21.425ms
08-05 13:20:14.170 16992 17004 I art     : Starting a blocking GC Explicit
08-05 13:20:14.191 16992 17004 I art     : Explicit concurrent mark sweep GC freed 124(2096B) AllocSpace objects, 0(0B) LOS objects, 26% free, 43MB/59MB, paused 581us total 20.934ms
08-05 13:20:14.317 16992 17764 I NAPPA_EXPERIMENTATION: MetricNetworkRequestExecutionTime: REQUEST_DURATION_SYSTEM='510',REQUEST_DURATION_OKHTTP='35',REQUEST_SYNCHRONOUS='FALSE',RESPONSE_CODE='200',RESPONSE_METHOD='GET',RESPONSE_LENGTH_OKHTTP='183',RESPONSE_LENGTH_HEADER='183',REQUEST_PROTOCOL='http/1.1',REQUEST_URL='https://project-travel-mate.herokuapp.com/api/get-city-images/1',
08-05 13:20:14.359 16992 17764 V RESPONSE: [{"id":17,"image_url":"https://upload.wikimedia.org/wikipedia/commons/9/94/%E0%B4%96%E0%B5%81%E0%B4%A4%E0%B5%8D%E0%B4%AC%E0%B5%8D_%E0%B4%AE%E0%B4%BF%E0%B4%A8%E0%B4%BE%E0%B5%BC1.jpg"}]
08-05 13:20:14.465 16992 17697 I art     : Starting a blocking GC Explicit
08-05 13:20:14.486 16992 17697 I art     : Explicit concurrent mark sweep GC freed 8244(373KB) AllocSpace objects, 6(4MB) LOS objects, 28% free, 39MB/55MB, paused 352us total 20.847ms
08-05 13:20:14.495 16992 17697 I art     : Starting a blocking GC Explicit
08-05 13:20:14.516 16992 17697 I art     : Explicit concurrent mark sweep GC freed 1235(126KB) AllocSpace objects, 0(0B) LOS objects, 28% free, 39MB/55MB, paused 329us total 21.214ms
08-05 13:20:14.525 16992 17697 I art     : Starting a blocking GC Explicit
08-05 13:20:14.548 16992 17697 I art     : Explicit concurrent mark sweep GC freed 157(2912B) AllocSpace objects, 0(0B) LOS objects, 28% free, 39MB/55MB, paused 381us total 22.767ms
08-05 13:20:14.558 16992 17697 I art     : Starting a blocking GC Explicit
08-05 13:20:14.582 16992 17697 I art     : Explicit concurrent mark sweep GC freed 155(2848B) AllocSpace objects, 0(0B) LOS objects, 28% free, 39MB/55MB, paused 404us total 23.456ms
08-05 13:20:14.591 16992 17697 I art     : Starting a blocking GC Explicit
08-05 13:20:14.615 16992 17697 I art     : Explicit concurrent mark sweep GC freed 147(2496B) AllocSpace objects, 0(0B) LOS objects, 28% free, 39MB/55MB, paused 377us total 23.755ms
08-05 13:20:14.972 16992 17005 I art     : Starting a blocking GC Explicit
08-05 13:20:15.001 16992 17005 I art     : Explicit concurrent mark sweep GC freed 3103(110KB) AllocSpace objects, 2(40KB) LOS objects, 28% free, 39MB/55MB, paused 375us total 28.152ms
08-05 13:20:15.010 16992 17005 I art     : Starting a blocking GC Explicit
08-05 13:20:15.033 16992 17005 I art     : Explicit concurrent mark sweep GC freed 166(3KB) AllocSpace objects, 0(0B) LOS objects, 28% free, 39MB/55MB, paused 380us total 22.709ms
08-05 13:20:15.042 16992 17005 I art     : Starting a blocking GC Explicit
08-05 13:20:15.065 16992 17005 I art     : Explicit concurrent mark sweep GC freed 147(2496B) AllocSpace objects, 0(0B) LOS objects, 28% free, 39MB/55MB, paused 371us total 22.938ms
08-05 13:20:15.075 16992 17005 I art     : Starting a blocking GC Explicit
08-05 13:20:15.098 16992 17005 I art     : Explicit concurrent mark sweep GC freed 147(2496B) AllocSpace objects, 0(0B) LOS objects, 28% free, 39MB/55MB, paused 474us total 23.135ms
08-05 13:20:15.108 16992 17005 I art     : Starting a blocking GC Explicit
08-05 13:20:15.131 16992 17005 I art     : Explicit concurrent mark sweep GC freed 147(2496B) AllocSpace objects, 0(0B) LOS objects, 28% free, 39MB/55MB, paused 353us total 22.830ms
08-05 13:20:15.433 16992 17004 I art     : Starting a blocking GC Explicit
08-05 13:20:15.457 16992 17004 I art     : Explicit concurrent mark sweep GC freed 2800(105KB) AllocSpace objects, 2(40KB) LOS objects, 28% free, 39MB/55MB, paused 596us total 24.311ms
08-05 13:20:15.462 17797 17797 D AndroidRuntime: >>>>>> START com.android.internal.os.RuntimeInit uid 2000 <<<<<<
08-05 13:20:15.466 17797 17797 D AndroidRuntime: CheckJNI is OFF
08-05 13:20:15.468 16992 17004 I art     : Starting a blocking GC Explicit
08-05 13:20:15.491 16992 17004 I art     : Explicit concurrent mark sweep GC freed 163(3KB) AllocSpace objects, 0(0B) LOS objects, 28% free, 39MB/55MB, paused 510us total 22.677ms
08-05 13:20:15.493 17797 17797 D ICU     : No timezone override file found: /data/misc/zoneinfo/current/icu/icu_tzdata.dat
08-05 13:20:15.501 16992 17004 I art     : Starting a blocking GC Explicit
08-05 13:20:15.518 17797 17797 I Radio-JNI: register_android_hardware_Radio DONE
08-05 13:20:15.522 16992 17004 I art     : Explicit concurrent mark sweep GC freed 145(2464B) AllocSpace objects, 0(0B) LOS objects, 28% free, 39MB/55MB, paused 380us total 20.520ms
08-05 13:20:15.530 16992 17004 I art     : Starting a blocking GC Explicit
08-05 13:20:15.534 17797 17797 D AndroidRuntime: Calling main entry com.android.commands.input.Input
08-05 13:20:15.536 17797 17797 I Input   : injectKeyEvent: KeyEvent { action=ACTION_DOWN, keyCode=KEYCODE_BACK, scanCode=0, metaState=0, flags=0x0, repeatCount=0, eventTime=796831949, downTime=796831949, deviceId=-1, source=0x101 }
08-05 13:20:15.541 17797 17797 I Input   : injectKeyEvent: KeyEvent { action=ACTION_UP, keyCode=KEYCODE_BACK, scanCode=0, metaState=0, flags=0x0, repeatCount=0, eventTime=796831949, downTime=796831949, deviceId=-1, source=0x101 }
08-05 13:20:15.546 17797 17797 D AndroidRuntime: Shutting down VM
08-05 13:20:15.552 16992 17004 I art     : Explicit concurrent mark sweep GC freed 172(3KB) AllocSpace objects, 0(0B) LOS objects, 28% free, 39MB/55MB, paused 459us total 21.109ms
08-05 13:20:15.561 16992 17004 I art     : Starting a blocking GC Explicit
08-05 13:20:15.582 13866 13866 I GoogleInputMethodServic: GoogleInputMethodService.onFinishInput():3138 
08-05 13:20:15.583 16992 17004 I art     : Explicit concurrent mark sweep GC freed 106(2800B) AllocSpace objects, 0(0B) LOS objects, 28% free, 39MB/55MB, paused 597us total 21.531ms
08-05 13:20:15.583 13866 13866 I GoogleInputMethodServic: GoogleInputMethodService.onStartInput():1808 
08-05 13:20:15.874   380   380 W SurfaceFlinger: couldn't log to binary event log: overflow.
08-05 13:20:15.885 16992 17005 I art     : Starting a blocking GC Explicit
08-05 13:20:15.912 16992 17005 I art     : Explicit concurrent mark sweep GC freed 3733(144KB) AllocSpace objects, 5(684KB) LOS objects, 29% free, 39MB/55MB, paused 437us total 26.852ms
08-05 13:20:15.922 16992 17005 I art     : Starting a blocking GC Explicit
08-05 13:20:15.943 16992 17005 I art     : Explicit concurrent mark sweep GC freed 5547(268KB) AllocSpace objects, 1(28KB) LOS objects, 29% free, 38MB/54MB, paused 380us total 21.043ms
08-05 13:20:15.953 16992 17005 I art     : Starting a blocking GC Explicit
08-05 13:20:15.974 16992 17005 I art     : Explicit concurrent mark sweep GC freed 56(976B) AllocSpace objects, 0(0B) LOS objects, 29% free, 38MB/54MB, paused 538us total 21.474ms
08-05 13:20:15.984 16992 17005 I art     : Starting a blocking GC Explicit
08-05 13:20:16.006 16992 17005 I art     : Explicit concurrent mark sweep GC freed 94(1616B) AllocSpace objects, 0(0B) LOS objects, 29% free, 38MB/54MB, paused 395us total 21.654ms
08-05 13:20:16.015 16992 17005 I art     : Starting a blocking GC Explicit
08-05 13:20:16.038 16992 17005 I art     : Explicit concurrent mark sweep GC freed 99(1696B) AllocSpace objects, 0(0B) LOS objects, 29% free, 38MB/54MB, paused 392us total 22.676ms
08-05 13:20:16.350 16992 17004 I art     : Starting a blocking GC Explicit
08-05 13:20:16.375 16992 17004 I art     : Explicit concurrent mark sweep GC freed 2388(98KB) AllocSpace objects, 2(40KB) LOS objects, 29% free, 38MB/54MB, paused 482us total 24.605ms
08-05 13:20:16.386 16992 17004 I art     : Starting a blocking GC Explicit
08-05 13:20:16.408 16992 17004 I art     : Explicit concurrent mark sweep GC freed 131(2592B) AllocSpace objects, 0(0B) LOS objects, 29% free, 38MB/54MB, paused 491us total 22.025ms
08-05 13:20:16.418 16992 17004 I art     : Starting a blocking GC Explicit
08-05 13:20:16.439 16992 17004 I art     : Explicit concurrent mark sweep GC freed 86(1488B) AllocSpace objects, 0(0B) LOS objects, 29% free, 38MB/54MB, paused 410us total 21.701ms
08-05 13:20:16.449 16992 17004 I art     : Starting a blocking GC Explicit
08-05 13:20:16.471 16992 17004 I art     : Explicit concurrent mark sweep GC freed 99(1696B) AllocSpace objects, 0(0B) LOS objects, 29% free, 38MB/54MB, paused 369us total 21.857ms
08-05 13:20:16.480 16992 17004 I art     : Starting a blocking GC Explicit
08-05 13:20:16.503 16992 17004 I art     : Explicit concurrent mark sweep GC freed 99(1696B) AllocSpace objects, 0(0B) LOS objects, 29% free, 38MB/54MB, paused 436us total 22ms
08-05 13:20:16.818 16992 17420 I art     : Starting a blocking GC Explicit
08-05 13:20:16.841 16992 17420 I art     : Explicit concurrent mark sweep GC freed 2387(98KB) AllocSpace objects, 2(40KB) LOS objects, 29% free, 38MB/54MB, paused 367us total 22.692ms
08-05 13:20:16.851 16992 17420 I art     : Starting a blocking GC Explicit
08-05 13:20:16.874 16992 17420 I art     : Explicit concurrent mark sweep GC freed 118(2384B) AllocSpace objects, 0(0B) LOS objects, 29% free, 38MB/54MB, paused 378us total 22.880ms
08-05 13:20:16.883 16992 17420 I art     : Starting a blocking GC Explicit
08-05 13:20:16.905 16992 17420 I art     : Explicit concurrent mark sweep GC freed 99(1696B) AllocSpace objects, 0(0B) LOS objects, 29% free, 38MB/54MB, paused 594us total 21.326ms
08-05 13:20:16.914 16992 17420 I art     : Starting a blocking GC Explicit
08-05 13:20:16.935 16992 17420 I art     : Explicit concurrent mark sweep GC freed 122(2736B) AllocSpace objects, 0(0B) LOS objects, 29% free, 38MB/54MB, paused 349us total 21.269ms
08-05 13:20:16.944 16992 17420 I art     : Starting a blocking GC Explicit
08-05 13:20:16.963 16992 17420 I art     : Explicit concurrent mark sweep GC freed 115(2496B) AllocSpace objects, 0(0B) LOS objects, 29% free, 38MB/54MB, paused 355us total 19.248ms
08-05 13:20:17.086 17850 17850 D AndroidRuntime: >>>>>> START com.android.internal.os.RuntimeInit uid 2000 <<<<<<
08-05 13:20:17.092 17850 17850 D AndroidRuntime: CheckJNI is OFF
08-05 13:20:17.118 17850 17850 D ICU     : No timezone override file found: /data/misc/zoneinfo/current/icu/icu_tzdata.dat
08-05 13:20:17.142 17850 17850 I Radio-JNI: register_android_hardware_Radio DONE
08-05 13:20:17.158 17850 17850 D AndroidRuntime: Calling main entry com.android.commands.input.Input
08-05 13:20:17.160 17850 17850 I Input   : injectMotionEvent: MotionEvent { action=ACTION_DOWN, actionButton=0, id[0]=0, x[0]=693.0, y[0]=1450.0, toolType[0]=TOOL_TYPE_UNKNOWN, buttonState=0, metaState=0, flags=0x0, edgeFlags=0x0, pointerCount=1, historySize=0, eventTime=796833572, downTime=796833572, deviceId=0, source=0x1002 }
08-05 13:20:17.164 17850 17850 I Input   : injectMotionEvent: MotionEvent { action=ACTION_UP, actionButton=0, id[0]=0, x[0]=693.0, y[0]=1450.0, toolType[0]=TOOL_TYPE_UNKNOWN, buttonState=0, metaState=0, flags=0x0, edgeFlags=0x0, pointerCount=1, historySize=0, eventTime=796833572, downTime=796833572, deviceId=0, source=0x1002 }
08-05 13:20:17.165 17850 17850 D AndroidRuntime: Shutting down VM
08-05 13:20:17.166   918  3670 I ActivityManager: START u0 {cmp=baseline.io.github.project_travel_mate/.destinations.description.CityHistoryActivity} from uid 10674 on display 0
08-05 13:20:17.168   512  2967 D audio_hw_primary: out_set_parameters: enter: usecase(1: low-latency-playback) kvpairs: routing=2
08-05 13:20:17.181   512  2967 D audio_hw_primary: select_devices: out_snd_device(2: speaker) in_snd_device(0: none)
08-05 13:20:17.181   512  2967 D msm8974_platform: platform_send_audio_calibration: sending audio calibration for snd_device(2) acdb_id(15)
08-05 13:20:17.182   512  2967 I soundtrigger: audio_extn_sound_trigger_update_device_status: device 0x2 of type 0 for Event 1
08-05 13:20:17.195   512  2967 D audio_hw_primary: enable_snd_device: snd_device(2: speaker)
08-05 13:20:17.195 16992 17083 D Gabe    : call	returning from cache
08-05 13:20:17.197 16992 16992 V EXECUTING: https://project-travel-mate.herokuapp.com/api/get-city-information/1
08-05 13:20:17.197   512  2967 D audio_hw_primary: enable_audio_route: apply and update mixer path: low-latency-playback speaker
08-05 13:20:17.258 16992 17005 I art     : Starting a blocking GC Explicit
08-05 13:20:17.283 16992 17005 I art     : Explicit concurrent mark sweep GC freed 3191(156KB) AllocSpace objects, 2(40KB) LOS objects, 27% free, 43MB/59MB, paused 652us total 24.364ms
08-05 13:20:17.294 16992 17005 I art     : Starting a blocking GC Explicit
08-05 13:20:17.306   918   936 I ActivityManager: Displayed baseline.io.github.project_travel_mate/.destinations.description.CityHistoryActivity: +132ms
08-05 13:20:17.306 13866 13866 I GoogleInputMethodServic: GoogleInputMethodService.onFinishInput():3138 
08-05 13:20:17.307 13866 13866 I GoogleInputMethodServic: GoogleInputMethodService.onStartInput():1808 
08-05 13:20:17.315 16992 17005 I art     : Explicit concurrent mark sweep GC freed 351(12KB) AllocSpace objects, 0(0B) LOS objects, 26% free, 43MB/59MB, paused 593us total 21.204ms
08-05 13:20:17.325 16992 17005 I art     : Starting a blocking GC Explicit
08-05 13:20:17.352 16992 17005 I art     : Explicit concurrent mark sweep GC freed 27(608B) AllocSpace objects, 0(0B) LOS objects, 26% free, 43MB/59MB, paused 863us total 26.281ms
08-05 13:20:17.362 16992 17005 I art     : Starting a blocking GC Explicit
08-05 13:20:17.388 16992 17005 I art     : Explicit concurrent mark sweep GC freed 114(1904B) AllocSpace objects, 0(0B) LOS objects, 26% free, 43MB/59MB, paused 811us total 25.492ms
08-05 13:20:17.398 16992 17005 I art     : Starting a blocking GC Explicit
08-05 13:20:17.424 16992 17005 I art     : Explicit concurrent mark sweep GC freed 95(1680B) AllocSpace objects, 0(0B) LOS objects, 26% free, 43MB/59MB, paused 511us total 25.053ms
08-05 13:20:17.543   380   380 W SurfaceFlinger: couldn't log to binary event log: overflow.
08-05 13:20:17.681 16992 17005 I art     : Starting a blocking GC Explicit
08-05 13:20:17.705 16992 17005 I art     : Explicit concurrent mark sweep GC freed 2631(102KB) AllocSpace objects, 2(40KB) LOS objects, 26% free, 43MB/59MB, paused 565us total 23.941ms
08-05 13:20:17.715 16992 17005 I art     : Starting a blocking GC Explicit
08-05 13:20:17.728   512  2967 D audio_hw_primary: disable_audio_route: reset and update mixer path: low-latency-playback speaker
08-05 13:20:17.729   512  2967 D audio_hw_primary: disable_snd_device: snd_device(2: speaker)
08-05 13:20:17.736   512  2967 I soundtrigger: audio_extn_sound_trigger_update_device_status: device 0x2 of type 0 for Event 0
08-05 13:20:17.737 16992 17005 I art     : Explicit concurrent mark sweep GC freed 47(1392B) AllocSpace objects, 0(0B) LOS objects, 26% free, 43MB/59MB, paused 624us total 21.627ms
08-05 13:20:17.747 16992 17005 I art     : Starting a blocking GC Explicit
08-05 13:20:17.769 16992 17005 I art     : Explicit concurrent mark sweep GC freed 153(3KB) AllocSpace objects, 0(0B) LOS objects, 26% free, 43MB/59MB, paused 520us total 21.793ms
08-05 13:20:17.779 16992 17005 I art     : Starting a blocking GC Explicit
08-05 13:20:17.800 16992 17005 I art     : Explicit concurrent mark sweep GC freed 21(384B) AllocSpace objects, 0(0B) LOS objects, 26% free, 43MB/59MB, paused 380us total 21.152ms
08-05 13:20:17.809 16992 17005 I art     : Starting a blocking GC Explicit
08-05 13:20:17.831 16992 17005 I art     : Explicit concurrent mark sweep GC freed 128(2160B) AllocSpace objects, 0(0B) LOS objects, 26% free, 43MB/59MB, paused 671us total 22.220ms
08-05 13:20:18.003 16992 17875 I NAPPA_EXPERIMENTATION: MetricNetworkRequestExecutionTime: REQUEST_DURATION_SYSTEM='805',REQUEST_DURATION_OKHTTP='33',REQUEST_SYNCHRONOUS='FALSE',RESPONSE_CODE='200',RESPONSE_METHOD='GET',RESPONSE_LENGTH_OKHTTP='55024',RESPONSE_LENGTH_HEADER='55024',REQUEST_PROTOCOL='http/1.1',REQUEST_URL='https://project-travel-mate.herokuapp.com/api/get-city-information/1',
08-05 13:20:18.083 13866 13866 I GoogleInputMethodServic: GoogleInputMethodService.onFinishInput():3138 
08-05 13:20:18.084 13866 13866 I GoogleInputMethodServic: GoogleInputMethodService.onStartInput():1808 
08-05 13:20:18.108 16992 17697 I art     : Starting a blocking GC Explicit
08-05 13:20:18.131 16992 17697 I art     : Explicit concurrent mark sweep GC freed 6487(1455KB) AllocSpace objects, 25(5MB) LOS objects, 28% free, 39MB/55MB, paused 478us total 21.988ms
08-05 13:20:18.140 16992 17697 I art     : Starting a blocking GC Explicit
08-05 13:20:18.163 16992 17697 I art     : Explicit concurrent mark sweep GC freed 1157(121KB) AllocSpace objects, 0(0B) LOS objects, 28% free, 39MB/55MB, paused 398us total 23.411ms
08-05 13:20:18.173 16992 17697 I art     : Starting a blocking GC Explicit
08-05 13:20:18.197 16992 17697 I art     : Explicit concurrent mark sweep GC freed 147(2496B) AllocSpace objects, 0(0B) LOS objects, 28% free, 39MB/55MB, paused 511us total 24.045ms
08-05 13:20:18.207 16992 17697 I art     : Starting a blocking GC Explicit
08-05 13:20:18.230 16992 17697 I art     : Explicit concurrent mark sweep GC freed 147(2496B) AllocSpace objects, 0(0B) LOS objects, 28% free, 39MB/55MB, paused 393us total 23.458ms
08-05 13:20:18.240 16992 17697 I art     : Starting a blocking GC Explicit
08-05 13:20:18.263 16992 17697 I art     : Explicit concurrent mark sweep GC freed 147(2496B) AllocSpace objects, 0(0B) LOS objects, 28% free, 39MB/55MB, paused 409us total 23.186ms
08-05 13:20:18.601 16992 17004 I art     : Starting a blocking GC Explicit
08-05 13:20:18.629 16992 17004 I art     : Explicit concurrent mark sweep GC freed 2939(107KB) AllocSpace objects, 2(40KB) LOS objects, 28% free, 39MB/55MB, paused 483us total 27.831ms
08-05 13:20:18.640 16992 17004 I art     : Starting a blocking GC Explicit
08-05 13:20:18.663 16992 17004 I art     : Explicit concurrent mark sweep GC freed 239(4KB) AllocSpace objects, 0(0B) LOS objects, 28% free, 39MB/55MB, paused 406us total 22.731ms
08-05 13:20:18.672 16992 17004 I art     : Starting a blocking GC Explicit
08-05 13:20:18.695 16992 17004 I art     : Explicit concurrent mark sweep GC freed 79(1360B) AllocSpace objects, 0(0B) LOS objects, 28% free, 39MB/55MB, paused 499us total 22.758ms
08-05 13:20:18.705 16992 17004 I art     : Starting a blocking GC Explicit
08-05 13:20:18.728 16992 17004 I art     : Explicit concurrent mark sweep GC freed 143(2432B) AllocSpace objects, 0(0B) LOS objects, 28% free, 39MB/55MB, paused 640us total 23.168ms
08-05 13:20:18.738 16992 17004 I art     : Starting a blocking GC Explicit
08-05 13:20:18.761 16992 17004 I art     : Explicit concurrent mark sweep GC freed 147(2496B) AllocSpace objects, 0(0B) LOS objects, 28% free, 39MB/55MB, paused 439us total 23.353ms
08-05 13:20:19.130 16992 17420 I art     : Starting a blocking GC Explicit
08-05 13:20:19.155 16992 17420 I art     : Explicit concurrent mark sweep GC freed 3185(112KB) AllocSpace objects, 2(40KB) LOS objects, 28% free, 39MB/55MB, paused 391us total 25.012ms
08-05 13:20:19.165 16992 17420 I art     : Starting a blocking GC Explicit
08-05 13:20:19.190 16992 17420 I art     : Explicit concurrent mark sweep GC freed 166(3KB) AllocSpace objects, 0(0B) LOS objects, 28% free, 39MB/55MB, paused 425us total 24.490ms
08-05 13:20:19.200 16992 17420 I art     : Starting a blocking GC Explicit
08-05 13:20:19.224 16992 17420 I art     : Explicit concurrent mark sweep GC freed 147(2496B) AllocSpace objects, 0(0B) LOS objects, 28% free, 39MB/55MB, paused 395us total 24.275ms
08-05 13:20:19.234 16992 17420 I art     : Starting a blocking GC Explicit
08-05 13:20:19.258 16992 17420 I art     : Explicit concurrent mark sweep GC freed 147(2496B) AllocSpace objects, 0(0B) LOS objects, 28% free, 39MB/55MB, paused 384us total 23.904ms
08-05 13:20:19.268 16992 17420 I art     : Starting a blocking GC Explicit
08-05 13:20:19.292 16992 17420 I art     : Explicit concurrent mark sweep GC freed 148(2528B) AllocSpace objects, 0(0B) LOS objects, 28% free, 39MB/55MB, paused 419us total 24.416ms
08-05 13:20:19.645 16992 17697 I art     : Starting a blocking GC Explicit
08-05 13:20:19.672 16992 17697 I art     : Explicit concurrent mark sweep GC freed 3083(110KB) AllocSpace objects, 2(40KB) LOS objects, 28% free, 39MB/55MB, paused 401us total 27.113ms
08-05 13:20:19.682 16992 17697 I art     : Starting a blocking GC Explicit
08-05 13:20:19.707 16992 17697 I art     : Explicit concurrent mark sweep GC freed 166(3KB) AllocSpace objects, 0(0B) LOS objects, 28% free, 39MB/55MB, paused 463us total 24.739ms
08-05 13:20:19.717 16992 17697 I art     : Starting a blocking GC Explicit
08-05 13:20:19.741 16992 17697 I art     : Explicit concurrent mark sweep GC freed 147(2496B) AllocSpace objects, 0(0B) LOS objects, 28% free, 39MB/55MB, paused 391us total 23.997ms
08-05 13:20:19.750 16992 17697 I art     : Starting a blocking GC Explicit
08-05 13:20:19.774 16992 17697 I art     : Explicit concurrent mark sweep GC freed 147(2496B) AllocSpace objects, 0(0B) LOS objects, 28% free, 39MB/55MB, paused 396us total 23.652ms
08-05 13:20:19.784 16992 17697 I art     : Starting a blocking GC Explicit
08-05 13:20:19.808 16992 17697 I art     : Explicit concurrent mark sweep GC freed 147(2496B) AllocSpace objects, 0(0B) LOS objects, 28% free, 39MB/55MB, paused 400us total 24.246ms
08-05 13:20:20.167 16992 17004 I art     : Starting a blocking GC Explicit
08-05 13:20:20.194 16992 17004 I art     : Explicit concurrent mark sweep GC freed 3095(110KB) AllocSpace objects, 2(40KB) LOS objects, 28% free, 39MB/55MB, paused 396us total 26.042ms
08-05 13:20:20.207 16992 17004 I art     : Starting a blocking GC Explicit
08-05 13:20:20.230 16992 17004 I art     : Explicit concurrent mark sweep GC freed 182(3KB) AllocSpace objects, 0(0B) LOS objects, 28% free, 39MB/55MB, paused 388us total 22.723ms
08-05 13:20:20.239 16992 17004 I art     : Starting a blocking GC Explicit
08-05 13:20:20.261 16992 17004 I art     : Explicit concurrent mark sweep GC freed 147(2496B) AllocSpace objects, 0(0B) LOS objects, 28% free, 39MB/55MB, paused 365us total 21.945ms
08-05 13:20:20.271 16992 17004 I art     : Starting a blocking GC Explicit
08-05 13:20:20.291 16992 17004 I art     : Explicit concurrent mark sweep GC freed 147(2496B) AllocSpace objects, 0(0B) LOS objects, 28% free, 39MB/55MB, paused 378us total 20.327ms
08-05 13:20:20.300 16992 17004 I art     : Starting a blocking GC Explicit
08-05 13:20:20.320 16992 17004 I art     : Explicit concurrent mark sweep GC freed 148(2528B) AllocSpace objects, 0(0B) LOS objects, 28% free, 39MB/55MB, paused 377us total 20.524ms
08-05 13:20:20.645 16992 17005 I art     : Starting a blocking GC Explicit
08-05 13:20:20.667 16992 17005 I art     : Explicit concurrent mark sweep GC freed 2937(107KB) AllocSpace objects, 2(40KB) LOS objects, 28% free, 39MB/55MB, paused 422us total 21.772ms
08-05 13:20:20.676 16992 17005 I art     : Starting a blocking GC Explicit
08-05 13:20:20.699 16992 17005 I art     : Explicit concurrent mark sweep GC freed 149(2896B) AllocSpace objects, 0(0B) LOS objects, 28% free, 39MB/55MB, paused 480us total 22.778ms
08-05 13:20:20.709 16992 17005 I art     : Starting a blocking GC Explicit
08-05 13:20:20.732 16992 17005 I art     : Explicit concurrent mark sweep GC freed 95(1648B) AllocSpace objects, 0(0B) LOS objects, 28% free, 39MB/55MB, paused 501us total 23.085ms
08-05 13:20:20.741 16992 17005 I art     : Starting a blocking GC Explicit
08-05 13:20:20.764 16992 17005 I art     : Explicit concurrent mark sweep GC freed 146(2480B) AllocSpace objects, 0(0B) LOS objects, 28% free, 39MB/55MB, paused 415us total 22.730ms
08-05 13:20:20.774 16992 17005 I art     : Starting a blocking GC Explicit
08-05 13:20:20.802 16992 17005 I art     : Explicit concurrent mark sweep GC freed 219(3KB) AllocSpace objects, 0(0B) LOS objects, 28% free, 39MB/55MB, paused 393us total 27.371ms
08-05 13:20:21.176 16992 17010 I art     : Starting a blocking GC Explicit
08-05 13:20:21.202 16992 17010 I art     : Explicit concurrent mark sweep GC freed 3155(111KB) AllocSpace objects, 2(40KB) LOS objects, 28% free, 39MB/55MB, paused 406us total 26.179ms
08-05 13:20:21.214 16992 17010 I art     : Starting a blocking GC Explicit
08-05 13:20:21.237 16992 17010 I art     : Explicit concurrent mark sweep GC freed 166(3KB) AllocSpace objects, 0(0B) LOS objects, 28% free, 39MB/55MB, paused 384us total 22.830ms
08-05 13:20:21.246 16992 17010 I art     : Starting a blocking GC Explicit
08-05 13:20:21.269 16992 17010 I art     : Explicit concurrent mark sweep GC freed 147(2496B) AllocSpace objects, 0(0B) LOS objects, 28% free, 39MB/55MB, paused 374us total 23.019ms
08-05 13:20:21.278 16992 17010 I art     : Starting a blocking GC Explicit
08-05 13:20:21.302 16992 17010 I art     : Explicit concurrent mark sweep GC freed 147(2496B) AllocSpace objects, 0(0B) LOS objects, 28% free, 39MB/55MB, paused 390us total 23.268ms
08-05 13:20:21.312 16992 17010 I art     : Starting a blocking GC Explicit
08-05 13:20:21.335 16992 17010 I art     : Explicit concurrent mark sweep GC freed 147(2496B) AllocSpace objects, 0(0B) LOS objects, 28% free, 39MB/55MB, paused 384us total 23.475ms
08-05 13:20:21.617 16992 17420 I art     : Starting a blocking GC Explicit
08-05 13:20:21.643 16992 17420 I art     : Explicit concurrent mark sweep GC freed 2723(104KB) AllocSpace objects, 2(40KB) LOS objects, 28% free, 39MB/55MB, paused 414us total 25.119ms
08-05 13:20:21.653 16992 17420 I art     : Starting a blocking GC Explicit
08-05 13:20:21.676 16992 17420 I art     : Explicit concurrent mark sweep GC freed 166(3KB) AllocSpace objects, 0(0B) LOS objects, 28% free, 39MB/55MB, paused 482us total 23.284ms
08-05 13:20:21.686 16992 17420 I art     : Starting a blocking GC Explicit
08-05 13:20:21.709 16992 17420 I art     : Explicit concurrent mark sweep GC freed 147(2496B) AllocSpace objects, 0(0B) LOS objects, 28% free, 39MB/55MB, paused 401us total 23.270ms
08-05 13:20:21.719 16992 17420 I art     : Starting a blocking GC Explicit
08-05 13:20:21.742 16992 17420 I art     : Explicit concurrent mark sweep GC freed 148(2528B) AllocSpace objects, 0(0B) LOS objects, 28% free, 39MB/55MB, paused 410us total 23.193ms
08-05 13:20:21.752 16992 17420 I art     : Starting a blocking GC Explicit
08-05 13:20:21.775 16992 17420 I art     : Explicit concurrent mark sweep GC freed 147(2496B) AllocSpace objects, 0(0B) LOS objects, 28% free, 39MB/55MB, paused 447us total 22.475ms
08-05 13:20:21.786 17960 17960 D AndroidRuntime: >>>>>> START com.android.internal.os.RuntimeInit uid 2000 <<<<<<
08-05 13:20:21.790 17960 17960 D AndroidRuntime: CheckJNI is OFF
08-05 13:20:21.815 17960 17960 D ICU     : No timezone override file found: /data/misc/zoneinfo/current/icu/icu_tzdata.dat
08-05 13:20:21.840 17960 17960 I Radio-JNI: register_android_hardware_Radio DONE
08-05 13:20:21.857 17960 17960 D AndroidRuntime: Calling main entry com.android.commands.input.Input
08-05 13:20:21.858 17960 17960 I Input   : injectKeyEvent: KeyEvent { action=ACTION_DOWN, keyCode=KEYCODE_BACK, scanCode=0, metaState=0, flags=0x0, repeatCount=0, eventTime=796838271, downTime=796838271, deviceId=-1, source=0x101 }
08-05 13:20:21.864 17960 17960 I Input   : injectKeyEvent: KeyEvent { action=ACTION_UP, keyCode=KEYCODE_BACK, scanCode=0, metaState=0, flags=0x0, repeatCount=0, eventTime=796838271, downTime=796838271, deviceId=-1, source=0x101 }
08-05 13:20:21.869 17960 17960 D AndroidRuntime: Shutting down VM
08-05 13:20:21.910 13866 13866 I GoogleInputMethodServic: GoogleInputMethodService.onFinishInput():3138 
08-05 13:20:21.911 13866 13866 I GoogleInputMethodServic: GoogleInputMethodService.onStartInput():1808 
08-05 13:20:22.037 16992 17010 I art     : Starting a blocking GC Explicit
08-05 13:20:22.063 16992 17010 I art     : Explicit concurrent mark sweep GC freed 2753(107KB) AllocSpace objects, 2(40KB) LOS objects, 28% free, 39MB/55MB, paused 398us total 25.581ms
08-05 13:20:22.073 16992 17010 I art     : Starting a blocking GC Explicit
08-05 13:20:22.097 16992 17010 I art     : Explicit concurrent mark sweep GC freed 170(3KB) AllocSpace objects, 0(0B) LOS objects, 28% free, 39MB/55MB, paused 446us total 23.330ms
08-05 13:20:22.107 16992 17010 I art     : Starting a blocking GC Explicit
08-05 13:20:22.130 16992 17010 I art     : Explicit concurrent mark sweep GC freed 147(2496B) AllocSpace objects, 0(0B) LOS objects, 28% free, 39MB/55MB, paused 406us total 22.963ms
08-05 13:20:22.140 16992 17010 I art     : Starting a blocking GC Explicit
08-05 13:20:22.163 16992 17010 I art     : Explicit concurrent mark sweep GC freed 147(2496B) AllocSpace objects, 0(0B) LOS objects, 28% free, 39MB/55MB, paused 423us total 22.935ms
08-05 13:20:22.174 16992 17010 I art     : Starting a blocking GC Explicit
08-05 13:20:22.201 16992 17010 I art     : Explicit concurrent mark sweep GC freed 147(2496B) AllocSpace objects, 0(0B) LOS objects, 28% free, 39MB/55MB, paused 517us total 26.830ms
08-05 13:20:22.216   380   380 W SurfaceFlinger: couldn't log to binary event log: overflow.
08-05 13:20:22.520 16992 17697 I art     : Starting a blocking GC Explicit
08-05 13:20:22.545 16992 17697 I art     : Explicit concurrent mark sweep GC freed 2483(100KB) AllocSpace objects, 3(228KB) LOS objects, 28% free, 39MB/55MB, paused 409us total 24.588ms
08-05 13:20:22.555 16992 17697 I art     : Starting a blocking GC Explicit
08-05 13:20:22.578 16992 17697 I art     : Explicit concurrent mark sweep GC freed 4794(340KB) AllocSpace objects, 7(132KB) LOS objects, 29% free, 38MB/54MB, paused 417us total 22.631ms
08-05 13:20:22.587 16992 17697 I art     : Starting a blocking GC Explicit
08-05 13:20:22.609 16992 17697 I art     : Explicit concurrent mark sweep GC freed 103(1888B) AllocSpace objects, 0(0B) LOS objects, 29% free, 38MB/54MB, paused 464us total 22.450ms
08-05 13:20:22.619 16992 17697 I art     : Starting a blocking GC Explicit
08-05 13:20:22.642 16992 17697 I art     : Explicit concurrent mark sweep GC freed 99(1696B) AllocSpace objects, 0(0B) LOS objects, 29% free, 38MB/54MB, paused 391us total 22.464ms
08-05 13:20:22.651 16992 17697 I art     : Starting a blocking GC Explicit
08-05 13:20:22.674 16992 17697 I art     : Explicit concurrent mark sweep GC freed 99(1696B) AllocSpace objects, 0(0B) LOS objects, 29% free, 38MB/54MB, paused 385us total 22.389ms
08-05 13:20:23.008 16992 17420 I art     : Starting a blocking GC Explicit
08-05 13:20:23.034 16992 17420 I art     : Explicit concurrent mark sweep GC freed 2458(100KB) AllocSpace objects, 2(40KB) LOS objects, 29% free, 38MB/54MB, paused 439us total 25.482ms
08-05 13:20:23.046 16992 17420 I art     : Starting a blocking GC Explicit
08-05 13:20:23.068 16992 17420 I art     : Explicit concurrent mark sweep GC freed 128(2928B) AllocSpace objects, 0(0B) LOS objects, 29% free, 38MB/54MB, paused 410us total 21.573ms
08-05 13:20:23.077 16992 17420 I art     : Starting a blocking GC Explicit
08-05 13:20:23.098 16992 17420 I art     : Explicit concurrent mark sweep GC freed 99(1696B) AllocSpace objects, 0(0B) LOS objects, 29% free, 38MB/54MB, paused 351us total 21.168ms
08-05 13:20:23.107 16992 17420 I art     : Starting a blocking GC Explicit
08-05 13:20:23.129 16992 17420 I art     : Explicit concurrent mark sweep GC freed 99(1696B) AllocSpace objects, 0(0B) LOS objects, 29% free, 38MB/54MB, paused 374us total 21.128ms
08-05 13:20:23.138 16992 17420 I art     : Starting a blocking GC Explicit
08-05 13:20:23.159 16992 17420 I art     : Explicit concurrent mark sweep GC freed 99(1696B) AllocSpace objects, 0(0B) LOS objects, 29% free, 38MB/54MB, paused 391us total 21.358ms
08-05 13:20:23.403 18014 18014 D AndroidRuntime: >>>>>> START com.android.internal.os.RuntimeInit uid 2000 <<<<<<
08-05 13:20:23.407 18014 18014 D AndroidRuntime: CheckJNI is OFF
08-05 13:20:23.434 18014 18014 D ICU     : No timezone override file found: /data/misc/zoneinfo/current/icu/icu_tzdata.dat
08-05 13:20:23.457 16992 17004 I art     : Starting a blocking GC Explicit
08-05 13:20:23.460 18014 18014 I Radio-JNI: register_android_hardware_Radio DONE
08-05 13:20:23.478 18014 18014 D AndroidRuntime: Calling main entry com.android.commands.input.Input
08-05 13:20:23.479 18014 18014 I Input   : injectKeyEvent: KeyEvent { action=ACTION_DOWN, keyCode=KEYCODE_BACK, scanCode=0, metaState=0, flags=0x0, repeatCount=0, eventTime=796839892, downTime=796839892, deviceId=-1, source=0x101 }
08-05 13:20:23.481 16992 17004 I art     : Explicit concurrent mark sweep GC freed 2339(97KB) AllocSpace objects, 2(40KB) LOS objects, 29% free, 38MB/54MB, paused 441us total 23.324ms
08-05 13:20:23.486 18014 18014 I Input   : injectKeyEvent: KeyEvent { action=ACTION_UP, keyCode=KEYCODE_BACK, scanCode=0, metaState=0, flags=0x0, repeatCount=0, eventTime=796839892, downTime=796839892, deviceId=-1, source=0x101 }
08-05 13:20:23.491 16992 17004 I art     : Starting a blocking GC Explicit
08-05 13:20:23.492 18014 18014 D AndroidRuntime: Shutting down VM
08-05 13:20:23.502 16992 16992 V MainActivity: url = https://project-travel-mate.herokuapp.com/api/number-of-unread-notifications
08-05 13:20:23.512 16992 17004 I art     : Explicit concurrent mark sweep GC freed 466(16KB) AllocSpace objects, 0(0B) LOS objects, 29% free, 38MB/54MB, paused 434us total 21.222ms
08-05 13:20:23.521 16992 17004 I art     : Starting a blocking GC Explicit
08-05 13:20:23.527 13866 13866 I GoogleInputMethodServic: GoogleInputMethodService.onFinishInput():3138 
08-05 13:20:23.527 13866 13866 I GoogleInputMethodServic: GoogleInputMethodService.onStartInput():1808 
08-05 13:20:23.543 16992 17004 I art     : Explicit concurrent mark sweep GC freed 244(7KB) AllocSpace objects, 0(0B) LOS objects, 29% free, 38MB/54MB, paused 693us total 22.138ms
08-05 13:20:23.553 16992 17004 I art     : Starting a blocking GC Explicit
08-05 13:20:23.575 16992 17004 I art     : Explicit concurrent mark sweep GC freed 161(4KB) AllocSpace objects, 0(0B) LOS objects, 29% free, 38MB/54MB, paused 434us total 21.592ms
08-05 13:20:23.584 16992 17004 I art     : Starting a blocking GC Explicit
08-05 13:20:23.604 16992 17004 I art     : Explicit concurrent mark sweep GC freed 159(6KB) AllocSpace objects, 0(0B) LOS objects, 29% free, 38MB/54MB, paused 461us total 19.274ms
08-05 13:20:23.820   380   380 W SurfaceFlinger: couldn't log to binary event log: overflow.
08-05 13:20:23.882 16992 17004 I art     : Starting a blocking GC Explicit
08-05 13:20:23.907 16992 17004 I art     : Explicit concurrent mark sweep GC freed 2215(97KB) AllocSpace objects, 2(40KB) LOS objects, 29% free, 38MB/54MB, paused 541us total 25.279ms
08-05 13:20:23.917 16992 17004 I art     : Starting a blocking GC Explicit
08-05 13:20:23.942 16992 17004 I art     : Explicit concurrent mark sweep GC freed 210(8KB) AllocSpace objects, 0(0B) LOS objects, 29% free, 38MB/54MB, paused 499us total 24.375ms
08-05 13:20:23.952 16992 17004 I art     : Starting a blocking GC Explicit
08-05 13:20:23.977 16992 17004 I art     : Explicit concurrent mark sweep GC freed 50(864B) AllocSpace objects, 0(0B) LOS objects, 29% free, 38MB/54MB, paused 534us total 24.932ms
08-05 13:20:23.987 16992 17004 I art     : Starting a blocking GC Explicit
08-05 13:20:24.012 16992 17004 I art     : Explicit concurrent mark sweep GC freed 52(928B) AllocSpace objects, 0(0B) LOS objects, 29% free, 38MB/54MB, paused 428us total 24.679ms
08-05 13:20:24.022 16992 17004 I art     : Starting a blocking GC Explicit
08-05 13:20:24.045 16992 17004 I art     : Explicit concurrent mark sweep GC freed 51(896B) AllocSpace objects, 0(0B) LOS objects, 29% free, 38MB/54MB, paused 450us total 23.253ms
08-05 13:20:24.342 16992 18037 I NAPPA_EXPERIMENTATION: MetricNetworkRequestExecutionTime: REQUEST_DURATION_SYSTEM='839',REQUEST_DURATION_OKHTTP='31',REQUEST_SYNCHRONOUS='FALSE',RESPONSE_CODE='200',RESPONSE_METHOD='GET',RESPONSE_LENGTH_OKHTTP='36',RESPONSE_LENGTH_HEADER='36',REQUEST_PROTOCOL='http/1.1',REQUEST_URL='https://project-travel-mate.herokuapp.com/api/number-of-unread-notifications',
08-05 13:20:24.374 16992 17420 I art     : Starting a blocking GC Explicit
08-05 13:20:24.403 16992 17420 I art     : Explicit concurrent mark sweep GC freed 4651(235KB) AllocSpace objects, 5(240KB) LOS objects, 29% free, 39MB/55MB, paused 461us total 28.328ms
08-05 13:20:24.414 16992 17420 I art     : Starting a blocking GC Explicit
08-05 13:20:24.437 16992 17420 I art     : Explicit concurrent mark sweep GC freed 1106(121KB) AllocSpace objects, 0(0B) LOS objects, 29% free, 39MB/55MB, paused 642us total 22.846ms
08-05 13:20:24.447 16992 17420 I art     : Starting a blocking GC Explicit
08-05 13:20:24.469 16992 17420 I art     : Explicit concurrent mark sweep GC freed 31(576B) AllocSpace objects, 0(0B) LOS objects, 29% free, 39MB/55MB, paused 426us total 22.522ms
08-05 13:20:24.479 16992 17420 I art     : Starting a blocking GC Explicit
08-05 13:20:24.501 16992 17420 I art     : Explicit concurrent mark sweep GC freed 51(896B) AllocSpace objects, 0(0B) LOS objects, 29% free, 39MB/55MB, paused 438us total 21.954ms
08-05 13:20:24.510 16992 17420 I art     : Starting a blocking GC Explicit
08-05 13:20:24.533 16992 17420 I art     : Explicit concurrent mark sweep GC freed 51(896B) AllocSpace objects, 0(0B) LOS objects, 29% free, 39MB/55MB, paused 441us total 23.179ms
08-05 13:20:24.827 16992 17010 I art     : Starting a blocking GC Explicit
08-05 13:20:24.849 16992 17010 I art     : Explicit concurrent mark sweep GC freed 1884(90KB) AllocSpace objects, 2(40KB) LOS objects, 29% free, 39MB/55MB, paused 429us total 21.667ms
08-05 13:20:24.858 16992 17010 I art     : Starting a blocking GC Explicit
08-05 13:20:24.880 16992 17010 I art     : Explicit concurrent mark sweep GC freed 70(1584B) AllocSpace objects, 0(0B) LOS objects, 29% free, 39MB/55MB, paused 452us total 21.900ms
08-05 13:20:24.889 16992 17010 I art     : Starting a blocking GC Explicit
08-05 13:20:24.911 16992 17010 I art     : Explicit concurrent mark sweep GC freed 51(896B) AllocSpace objects, 0(0B) LOS objects, 29% free, 39MB/55MB, paused 441us total 21.794ms
08-05 13:20:24.920 16992 17010 I art     : Starting a blocking GC Explicit
08-05 13:20:24.943 16992 17010 I art     : Explicit concurrent mark sweep GC freed 49(848B) AllocSpace objects, 0(0B) LOS objects, 29% free, 39MB/55MB, paused 485us total 22.293ms
08-05 13:20:24.952 16992 17010 I art     : Starting a blocking GC Explicit
08-05 13:20:24.974 16992 17010 I art     : Explicit concurrent mark sweep GC freed 53(944B) AllocSpace objects, 0(0B) LOS objects, 29% free, 39MB/55MB, paused 435us total 22.084ms
08-05 13:20:25.042 18073 18073 D AndroidRuntime: >>>>>> START com.android.internal.os.RuntimeInit uid 2000 <<<<<<
08-05 13:20:25.046 18073 18073 D AndroidRuntime: CheckJNI is OFF
08-05 13:20:25.072 18073 18073 D ICU     : No timezone override file found: /data/misc/zoneinfo/current/icu/icu_tzdata.dat
08-05 13:20:25.098 18073 18073 I Radio-JNI: register_android_hardware_Radio DONE
08-05 13:20:25.114 18073 18073 D AndroidRuntime: Calling main entry com.android.commands.input.Input
08-05 13:20:25.115 18073 18073 I Input   : injectMotionEvent: MotionEvent { action=ACTION_DOWN, actionButton=0, id[0]=0, x[0]=346.0, y[0]=709.0, toolType[0]=TOOL_TYPE_UNKNOWN, buttonState=0, metaState=0, flags=0x0, edgeFlags=0x0, pointerCount=1, historySize=0, eventTime=796841528, downTime=796841528, deviceId=0, source=0x1002 }
08-05 13:20:25.121 18073 18073 I Input   : injectMotionEvent: MotionEvent { action=ACTION_UP, actionButton=0, id[0]=0, x[0]=346.0, y[0]=709.0, toolType[0]=TOOL_TYPE_UNKNOWN, buttonState=0, metaState=0, flags=0x0, edgeFlags=0x0, pointerCount=1, historySize=0, eventTime=796841528, downTime=796841528, deviceId=0, source=0x1002 }
08-05 13:20:25.127   918  4400 I ActivityManager: START u0 {cmp=baseline.io.github.project_travel_mate/.destinations.description.FinalCityInfoActivity (has extras)} from uid 10674 on display 0
08-05 13:20:25.139 18073 18073 D AndroidRuntime: Shutting down VM
08-05 13:20:25.163 16992 17083 D Gabe    : call	returning from cache
08-05 13:20:25.180 16992 16992 V EXECUTING: https://project-travel-mate.herokuapp.com/api/get-city-weather/1
08-05 13:20:25.258 16992 17004 I art     : Starting a blocking GC Explicit
08-05 13:20:25.283 16992 17004 I art     : Explicit concurrent mark sweep GC freed 7104(448KB) AllocSpace objects, 2(40KB) LOS objects, 26% free, 43MB/59MB, paused 545us total 24.705ms
08-05 13:20:25.293 16992 17004 I art     : Starting a blocking GC Explicit
08-05 13:20:25.296   918   936 I ActivityManager: Displayed baseline.io.github.project_travel_mate/.destinations.description.FinalCityInfoActivity: +155ms
08-05 13:20:25.296 13866 13866 I GoogleInputMethodServic: GoogleInputMethodService.onFinishInput():3138 
08-05 13:20:25.297 13866 13866 I GoogleInputMethodServic: GoogleInputMethodService.onStartInput():1808 
08-05 13:20:25.318 16992 17004 I art     : Explicit concurrent mark sweep GC freed 582(23KB) AllocSpace objects, 0(0B) LOS objects, 26% free, 43MB/59MB, paused 773us total 24.279ms
08-05 13:20:25.329 16992 17004 I art     : Starting a blocking GC Explicit
08-05 13:20:25.356 16992 17004 I art     : Explicit concurrent mark sweep GC freed 22(432B) AllocSpace objects, 0(0B) LOS objects, 26% free, 43MB/59MB, paused 679us total 26.814ms
08-05 13:20:25.366 16992 17004 I art     : Starting a blocking GC Explicit
08-05 13:20:25.394 16992 17004 I art     : Explicit concurrent mark sweep GC freed 105(1792B) AllocSpace objects, 0(0B) LOS objects, 26% free, 43MB/59MB, paused 816us total 26.991ms
08-05 13:20:25.406 16992 17004 I art     : Starting a blocking GC Explicit
08-05 13:20:25.432 16992 17004 I art     : Explicit concurrent mark sweep GC freed 107(1952B) AllocSpace objects, 0(0B) LOS objects, 26% free, 43MB/59MB, paused 495us total 25.794ms
08-05 13:20:25.539   380   380 W SurfaceFlinger: couldn't log to binary event log: overflow.
08-05 13:20:25.699 16992 17004 I art     : Starting a blocking GC Explicit
08-05 13:20:25.724 16992 17004 I art     : Explicit concurrent mark sweep GC freed 2201(95KB) AllocSpace objects, 2(40KB) LOS objects, 26% free, 43MB/59MB, paused 718us total 25.691ms
08-05 13:20:25.734 16992 17004 I art     : Starting a blocking GC Explicit
08-05 13:20:25.758 16992 17004 I art     : Explicit concurrent mark sweep GC freed 188(4KB) AllocSpace objects, 0(0B) LOS objects, 26% free, 43MB/59MB, paused 757us total 24.401ms
08-05 13:20:25.768 16992 17004 I art     : Starting a blocking GC Explicit
08-05 13:20:25.791 16992 17004 I art     : Explicit concurrent mark sweep GC freed 33(672B) AllocSpace objects, 0(0B) LOS objects, 26% free, 43MB/59MB, paused 640us total 23.259ms
08-05 13:20:25.801 16992 17004 I art     : Starting a blocking GC Explicit
08-05 13:20:25.824 16992 17004 I art     : Explicit concurrent mark sweep GC freed 110(1856B) AllocSpace objects, 0(0B) LOS objects, 26% free, 43MB/59MB, paused 668us total 23.113ms
08-05 13:20:25.834 16992 17004 I art     : Starting a blocking GC Explicit
08-05 13:20:25.857 16992 17004 I art     : Explicit concurrent mark sweep GC freed 23(416B) AllocSpace objects, 0(0B) LOS objects, 26% free, 43MB/59MB, paused 774us total 23.332ms
08-05 13:20:25.981 16992 18117 I NAPPA_EXPERIMENTATION: MetricNetworkRequestExecutionTime: REQUEST_DURATION_SYSTEM='800',REQUEST_DURATION_OKHTTP='35',REQUEST_SYNCHRONOUS='FALSE',RESPONSE_CODE='200',RESPONSE_METHOD='GET',RESPONSE_LENGTH_OKHTTP='238',RESPONSE_LENGTH_HEADER='238',REQUEST_PROTOCOL='http/1.1',REQUEST_URL='https://project-travel-mate.herokuapp.com/api/get-city-weather/1',
08-05 13:20:26.073 16992 18118 I NAPPA_EXPERIMENTATION: MetricNetworkRequestExecutionTime: REQUEST_DURATION_SYSTEM='892',REQUEST_DURATION_OKHTTP='124',REQUEST_SYNCHRONOUS='FALSE',RESPONSE_CODE='200',RESPONSE_METHOD='GET',RESPONSE_LENGTH_OKHTTP='530',RESPONSE_LENGTH_HEADER='530',REQUEST_PROTOCOL='http/1.1',REQUEST_URL='https://project-travel-mate.herokuapp.com/api/get-city/1',
08-05 13:20:26.119 16992 18118 V Response: {"id":1,"city_name":"Delhi","description":"Delhi, officially the National Capital Territory of Delhi, is the Capital territory of India. During the British Raj, Delhi was part of the province of Punjab and is still historically and culturally connected to the Punjab region.","latitude":"28.613900","longitude":"77.209000","facts_count":6,"images":["https://upload.wikimedia.org/wikipedia/commons/9/94/%E0%B4%96%E0%B5%81%E0%B4%A4%E0%B5%8D%E0%B4%AC%E0%B5%8D_%E0%B4%AE%E0%B4%BF%E0%B4%A8%E0%B4%BE%E0%B5%BC1.jpg"],"has_visited":false}
08-05 13:20:26.129 16992 17420 I art     : Starting a blocking GC Explicit
08-05 13:20:26.154 16992 17420 I art     : Explicit concurrent mark sweep GC freed 8592(425KB) AllocSpace objects, 5(240KB) LOS objects, 26% free, 44MB/60MB, paused 650us total 24.747ms
08-05 13:20:26.163 16992 17420 I art     : Starting a blocking GC Explicit
08-05 13:20:26.185 16992 17420 I art     : Explicit concurrent mark sweep GC freed 1305(130KB) AllocSpace objects, 0(0B) LOS objects, 26% free, 44MB/60MB, paused 473us total 21.911ms
08-05 13:20:26.194 16992 17420 I art     : Starting a blocking GC Explicit
08-05 13:20:26.216 16992 17420 I art     : Explicit concurrent mark sweep GC freed 107(2096B) AllocSpace objects, 1(4MB) LOS objects, 28% free, 40MB/56MB, paused 387us total 21.592ms
08-05 13:20:26.224 16992 17420 I art     : Starting a blocking GC Explicit
08-05 13:20:26.246 16992 17420 I art     : Explicit concurrent mark sweep GC freed 101(1776B) AllocSpace objects, 0(0B) LOS objects, 28% free, 40MB/56MB, paused 416us total 21.349ms
08-05 13:20:26.255 16992 17420 I art     : Starting a blocking GC Explicit
08-05 13:20:26.278 16992 17420 I art     : Explicit concurrent mark sweep GC freed 98(1664B) AllocSpace objects, 0(0B) LOS objects, 28% free, 40MB/56MB, paused 452us total 22.977ms
08-05 13:20:26.594 16992 17010 I art     : Starting a blocking GC Explicit
08-05 13:20:26.623 16992 17010 I art     : Explicit concurrent mark sweep GC freed 2388(98KB) AllocSpace objects, 2(40KB) LOS objects, 28% free, 40MB/56MB, paused 487us total 29.116ms
08-05 13:20:26.634 16992 17010 I art     : Starting a blocking GC Explicit
08-05 13:20:26.659 16992 17010 I art     : Explicit concurrent mark sweep GC freed 166(3KB) AllocSpace objects, 0(0B) LOS objects, 28% free, 40MB/56MB, paused 448us total 25.041ms
08-05 13:20:26.659 16992 17003 I art     : WaitForGcToComplete blocked for 16.315ms for cause HeapTrim
08-05 13:20:26.669 16992 17010 I art     : Starting a blocking GC Explicit
08-05 13:20:26.694 16992 17010 I art     : Explicit concurrent mark sweep GC freed 122(2736B) AllocSpace objects, 0(0B) LOS objects, 28% free, 40MB/56MB, paused 469us total 25.253ms
08-05 13:20:26.704 16992 17010 I art     : Starting a blocking GC Explicit
08-05 13:20:26.716   918  3261 D WifiStateMachine: starting scan for "H369AA63323"WPA_PSK with 2412,5180
08-05 13:20:26.729 16992 17010 I art     : Explicit concurrent mark sweep GC freed 109(2240B) AllocSpace objects, 0(0B) LOS objects, 28% free, 40MB/56MB, paused 419us total 24.653ms
08-05 13:20:26.739 16992 17010 I art     : Starting a blocking GC Explicit
08-05 13:20:26.765 16992 17010 I art     : Explicit concurrent mark sweep GC freed 98(1664B) AllocSpace objects, 0(0B) LOS objects, 28% free, 40MB/56MB, paused 473us total 25.402ms
08-05 13:20:27.105 16992 17004 I art     : Starting a blocking GC Explicit
08-05 13:20:27.133 16992 17004 I art     : Explicit concurrent mark sweep GC freed 2484(100KB) AllocSpace objects, 2(40KB) LOS objects, 28% free, 40MB/56MB, paused 480us total 28.312ms
08-05 13:20:27.144 16992 17004 I art     : Starting a blocking GC Explicit
08-05 13:20:27.171 16992 17004 I art     : Explicit concurrent mark sweep GC freed 118(2384B) AllocSpace objects, 0(0B) LOS objects, 28% free, 40MB/56MB, paused 463us total 26.339ms
08-05 13:20:27.180 16992 17004 I art     : Starting a blocking GC Explicit
08-05 13:20:27.206 16992 17004 I art     : Explicit concurrent mark sweep GC freed 99(1696B) AllocSpace objects, 0(0B) LOS objects, 28% free, 40MB/56MB, paused 475us total 25.106ms
08-05 13:20:27.215 16992 17004 I art     : Starting a blocking GC Explicit
08-05 13:20:27.241 16992 17004 I art     : Explicit concurrent mark sweep GC freed 99(1696B) AllocSpace objects, 0(0B) LOS objects, 28% free, 40MB/56MB, paused 486us total 25.285ms
08-05 13:20:27.250 16992 17004 I art     : Starting a blocking GC Explicit
08-05 13:20:27.276 16992 17004 I art     : Explicit concurrent mark sweep GC freed 146(2464B) AllocSpace objects, 0(0B) LOS objects, 28% free, 40MB/56MB, paused 510us total 24.941ms
08-05 13:20:27.641 16992 17697 I art     : Starting a blocking GC Explicit
08-05 13:20:27.667 16992 17697 I art     : Explicit concurrent mark sweep GC freed 2531(101KB) AllocSpace objects, 2(40KB) LOS objects, 28% free, 40MB/56MB, paused 571us total 25.691ms
08-05 13:20:27.677 16992 17697 I art     : Starting a blocking GC Explicit
08-05 13:20:27.701 16992 17697 I art     : Explicit concurrent mark sweep GC freed 119(2416B) AllocSpace objects, 0(0B) LOS objects, 28% free, 40MB/56MB, paused 460us total 24.545ms
08-05 13:20:27.711 16992 17697 I art     : Starting a blocking GC Explicit
08-05 13:20:27.736 16992 17697 I art     : Explicit concurrent mark sweep GC freed 99(1696B) AllocSpace objects, 0(0B) LOS objects, 28% free, 40MB/56MB, paused 464us total 24.663ms
08-05 13:20:27.746 16992 17697 I art     : Starting a blocking GC Explicit
08-05 13:20:27.771 16992 17697 I art     : Explicit concurrent mark sweep GC freed 99(1696B) AllocSpace objects, 0(0B) LOS objects, 28% free, 40MB/56MB, paused 510us total 25.173ms
08-05 13:20:27.781 16992 17697 I art     : Starting a blocking GC Explicit
08-05 13:20:27.806 16992 17697 I art     : Explicit concurrent mark sweep GC freed 99(1696B) AllocSpace objects, 0(0B) LOS objects, 28% free, 40MB/56MB, paused 468us total 25.165ms
08-05 13:20:28.158 16992 17420 I art     : Starting a blocking GC Explicit
08-05 13:20:28.184 16992 17420 I art     : Explicit concurrent mark sweep GC freed 2531(101KB) AllocSpace objects, 2(40KB) LOS objects, 28% free, 40MB/56MB, paused 460us total 25.957ms
08-05 13:20:28.194 16992 17420 I art     : Starting a blocking GC Explicit
08-05 13:20:28.219 16992 17420 I art     : Explicit concurrent mark sweep GC freed 119(2416B) AllocSpace objects, 0(0B) LOS objects, 28% free, 40MB/56MB, paused 466us total 25.476ms
08-05 13:20:28.229 16992 17420 I art     : Starting a blocking GC Explicit
08-05 13:20:28.254 16992 17420 I art     : Explicit concurrent mark sweep GC freed 99(1696B) AllocSpace objects, 0(0B) LOS objects, 28% free, 40MB/56MB, paused 533us total 24.784ms
08-05 13:20:28.264 16992 17420 I art     : Starting a blocking GC Explicit
08-05 13:20:28.289 16992 17420 I art     : Explicit concurrent mark sweep GC freed 99(1696B) AllocSpace objects, 0(0B) LOS objects, 28% free, 40MB/56MB, paused 470us total 25.505ms
08-05 13:20:28.299 16992 17420 I art     : Starting a blocking GC Explicit
08-05 13:20:28.325 16992 17420 I art     : Explicit concurrent mark sweep GC freed 100(1728B) AllocSpace objects, 0(0B) LOS objects, 28% free, 40MB/56MB, paused 469us total 25.399ms
08-05 13:20:28.690 16992 17005 I art     : Starting a blocking GC Explicit
08-05 13:20:28.713 16992 17005 I art     : Explicit concurrent mark sweep GC freed 2579(101KB) AllocSpace objects, 2(40KB) LOS objects, 28% free, 40MB/56MB, paused 454us total 22.852ms
08-05 13:20:28.722 16992 17005 I art     : Starting a blocking GC Explicit
08-05 13:20:28.747 16992 17005 I art     : Explicit concurrent mark sweep GC freed 118(2384B) AllocSpace objects, 0(0B) LOS objects, 28% free, 40MB/56MB, paused 502us total 24.593ms
08-05 13:20:28.756 16992 17005 I art     : Starting a blocking GC Explicit
08-05 13:20:28.782 16992 17005 I art     : Explicit concurrent mark sweep GC freed 99(1696B) AllocSpace objects, 0(0B) LOS objects, 28% free, 40MB/56MB, paused 480us total 25.265ms
08-05 13:20:28.792 16992 17005 I art     : Starting a blocking GC Explicit
08-05 13:20:28.817 16992 17005 I art     : Explicit concurrent mark sweep GC freed 99(1696B) AllocSpace objects, 0(0B) LOS objects, 28% free, 40MB/56MB, paused 599us total 25.236ms
08-05 13:20:28.827 16992 17005 I art     : Starting a blocking GC Explicit
08-05 13:20:28.852 16992 17005 I art     : Explicit concurrent mark sweep GC freed 99(1696B) AllocSpace objects, 0(0B) LOS objects, 28% free, 40MB/56MB, paused 470us total 25.347ms
08-05 13:20:29.204 16992 17010 I art     : Starting a blocking GC Explicit
08-05 13:20:29.230 16992 17010 I art     : Explicit concurrent mark sweep GC freed 2543(101KB) AllocSpace objects, 2(40KB) LOS objects, 28% free, 40MB/56MB, paused 464us total 25.318ms
08-05 13:20:29.239 16992 17010 I art     : Starting a blocking GC Explicit
08-05 13:20:29.265 16992 17010 I art     : Explicit concurrent mark sweep GC freed 128(2928B) AllocSpace objects, 0(0B) LOS objects, 28% free, 40MB/56MB, paused 457us total 25.361ms
08-05 13:20:29.275 16992 17010 I art     : Starting a blocking GC Explicit
08-05 13:20:29.301 16992 17010 I art     : Explicit concurrent mark sweep GC freed 99(1696B) AllocSpace objects, 0(0B) LOS objects, 28% free, 40MB/56MB, paused 469us total 25.340ms
08-05 13:20:29.310 16992 17010 I art     : Starting a blocking GC Explicit
08-05 13:20:29.336 16992 17010 I art     : Explicit concurrent mark sweep GC freed 99(1696B) AllocSpace objects, 0(0B) LOS objects, 28% free, 40MB/56MB, paused 469us total 25.251ms
08-05 13:20:29.346 16992 17010 I art     : Starting a blocking GC Explicit
08-05 13:20:29.371 16992 17010 I art     : Explicit concurrent mark sweep GC freed 99(1696B) AllocSpace objects, 0(0B) LOS objects, 28% free, 40MB/56MB, paused 447us total 24.990ms
08-05 13:20:29.648 16992 17004 I art     : Starting a blocking GC Explicit
08-05 13:20:29.673 16992 17004 I art     : Explicit concurrent mark sweep GC freed 2291(97KB) AllocSpace objects, 2(40KB) LOS objects, 28% free, 40MB/56MB, paused 654us total 25.162ms
08-05 13:20:29.683 16992 17004 I art     : Starting a blocking GC Explicit
08-05 13:20:29.707 16992 17004 I art     : Explicit concurrent mark sweep GC freed 143(3KB) AllocSpace objects, 0(0B) LOS objects, 28% free, 40MB/56MB, paused 490us total 24.537ms
08-05 13:20:29.719 16992 17004 I art     : Starting a blocking GC Explicit
08-05 13:20:29.727 18226 18226 D AndroidRuntime: >>>>>> START com.android.internal.os.RuntimeInit uid 2000 <<<<<<
08-05 13:20:29.731 18226 18226 D AndroidRuntime: CheckJNI is OFF
08-05 13:20:29.743 16992 17004 I art     : Explicit concurrent mark sweep GC freed 107(2144B) AllocSpace objects, 0(0B) LOS objects, 28% free, 40MB/56MB, paused 483us total 24.136ms
08-05 13:20:29.752 16992 17004 I art     : Starting a blocking GC Explicit
08-05 13:20:29.760 18226 18226 D ICU     : No timezone override file found: /data/misc/zoneinfo/current/icu/icu_tzdata.dat
08-05 13:20:29.775 16992 17004 I art     : Explicit concurrent mark sweep GC freed 99(1696B) AllocSpace objects, 0(0B) LOS objects, 28% free, 40MB/56MB, paused 471us total 22.973ms
08-05 13:20:29.784 18226 18226 I Radio-JNI: register_android_hardware_Radio DONE
08-05 13:20:29.784 16992 17004 I art     : Starting a blocking GC Explicit
08-05 13:20:29.800 18226 18226 D AndroidRuntime: Calling main entry com.android.commands.input.Input
08-05 13:20:29.801 18226 18226 I Input   : injectMotionEvent: MotionEvent { action=ACTION_DOWN, actionButton=0, id[0]=0, x[0]=693.0, y[0]=1450.0, toolType[0]=TOOL_TYPE_UNKNOWN, buttonState=0, metaState=0, flags=0x0, edgeFlags=0x0, pointerCount=1, historySize=0, eventTime=796846214, downTime=796846214, deviceId=0, source=0x1002 }
08-05 13:20:29.807 16992 17004 I art     : Explicit concurrent mark sweep GC freed 99(1696B) AllocSpace objects, 0(0B) LOS objects, 28% free, 40MB/56MB, paused 465us total 22.646ms
08-05 13:20:29.807 18226 18226 I Input   : injectMotionEvent: MotionEvent { action=ACTION_UP, actionButton=0, id[0]=0, x[0]=693.0, y[0]=1450.0, toolType[0]=TOOL_TYPE_UNKNOWN, buttonState=0, metaState=0, flags=0x0, edgeFlags=0x0, pointerCount=1, historySize=0, eventTime=796846214, downTime=796846214, deviceId=0, source=0x1002 }
08-05 13:20:29.808 18226 18226 D AndroidRuntime: Shutting down VM
08-05 13:20:29.809   918  4400 I ActivityManager: START u0 {cmp=baseline.io.github.project_travel_mate/.destinations.description.CityHistoryActivity} from uid 10674 on display 0
08-05 13:20:29.810   512  2967 D audio_hw_primary: out_set_parameters: enter: usecase(1: low-latency-playback) kvpairs: routing=2
08-05 13:20:29.824   512  2967 D audio_hw_primary: select_devices: out_snd_device(2: speaker) in_snd_device(0: none)
08-05 13:20:29.824   512  2967 D msm8974_platform: platform_send_audio_calibration: sending audio calibration for snd_device(2) acdb_id(15)
08-05 13:20:29.824   512  2967 I soundtrigger: audio_extn_sound_trigger_update_device_status: device 0x2 of type 0 for Event 1
08-05 13:20:29.829 16992 17083 D Gabe    : call	returning from cache
08-05 13:20:29.830 16992 16992 V EXECUTING: https://project-travel-mate.herokuapp.com/api/get-city-information/1
08-05 13:20:29.836   512  2967 D audio_hw_primary: enable_snd_device: snd_device(2: speaker)
08-05 13:20:29.838   512  2967 D audio_hw_primary: enable_audio_route: apply and update mixer path: low-latency-playback speaker
08-05 13:20:29.954   918   936 I ActivityManager: Displayed baseline.io.github.project_travel_mate/.destinations.description.CityHistoryActivity: +137ms
08-05 13:20:29.954 13866 13866 I GoogleInputMethodServic: GoogleInputMethodService.onFinishInput():3138 
08-05 13:20:29.956 13866 13866 I GoogleInputMethodServic: GoogleInputMethodService.onStartInput():1808 
08-05 13:20:30.069 16992 17010 I art     : Starting a blocking GC Explicit
08-05 13:20:30.094 16992 17010 I art     : Explicit concurrent mark sweep GC freed 3040(154KB) AllocSpace objects, 2(40KB) LOS objects, 26% free, 44MB/60MB, paused 503us total 24.981ms
08-05 13:20:30.103 16992 17010 I art     : Starting a blocking GC Explicit
08-05 13:20:30.127 16992 17010 I art     : Explicit concurrent mark sweep GC freed 365(12KB) AllocSpace objects, 0(0B) LOS objects, 26% free, 44MB/60MB, paused 500us total 23.740ms
08-05 13:20:30.137 16992 17010 I art     : Starting a blocking GC Explicit
08-05 13:20:30.163 16992 17010 I art     : Explicit concurrent mark sweep GC freed 198(3KB) AllocSpace objects, 0(0B) LOS objects, 26% free, 44MB/60MB, paused 615us total 25.566ms
08-05 13:20:30.174 16992 17010 I art     : Starting a blocking GC Explicit
08-05 13:20:30.202 16992 17010 I art     : Explicit concurrent mark sweep GC freed 168(2864B) AllocSpace objects, 0(0B) LOS objects, 26% free, 44MB/60MB, paused 555us total 27.274ms
08-05 13:20:30.211   380   380 W SurfaceFlinger: couldn't log to binary event log: overflow.
08-05 13:20:30.214 16992 17010 I art     : Starting a blocking GC Explicit
08-05 13:20:30.239 16992 17010 I art     : Explicit concurrent mark sweep GC freed 147(2496B) AllocSpace objects, 0(0B) LOS objects, 26% free, 44MB/60MB, paused 451us total 24.451ms
08-05 13:20:30.380   512  2967 D audio_hw_primary: disable_audio_route: reset and update mixer path: low-latency-playback speaker
08-05 13:20:30.382   512  2967 D audio_hw_primary: disable_snd_device: snd_device(2: speaker)
08-05 13:20:30.390   512  2967 I soundtrigger: audio_extn_sound_trigger_update_device_status: device 0x2 of type 0 for Event 0
08-05 13:20:30.528 16992 17004 I art     : Starting a blocking GC Explicit
08-05 13:20:30.553 16992 17004 I art     : Explicit concurrent mark sweep GC freed 4848(227KB) AllocSpace objects, 5(240KB) LOS objects, 26% free, 44MB/60MB, paused 554us total 24.462ms
08-05 13:20:30.563 16992 17004 I art     : Starting a blocking GC Explicit
08-05 13:20:30.588 16992 17004 I art     : Explicit concurrent mark sweep GC freed 1165(121KB) AllocSpace objects, 0(0B) LOS objects, 26% free, 44MB/60MB, paused 506us total 24.597ms
08-05 13:20:30.597 16992 17004 I art     : Starting a blocking GC Explicit
08-05 13:20:30.600 16992 18256 I NAPPA_EXPERIMENTATION: MetricNetworkRequestExecutionTime: REQUEST_DURATION_SYSTEM='769',REQUEST_DURATION_OKHTTP='44',REQUEST_SYNCHRONOUS='FALSE',RESPONSE_CODE='200',RESPONSE_METHOD='GET',RESPONSE_LENGTH_OKHTTP='55024',RESPONSE_LENGTH_HEADER='55024',REQUEST_PROTOCOL='http/1.1',REQUEST_URL='https://project-travel-mate.herokuapp.com/api/get-city-information/1',
08-05 13:20:30.622 16992 17004 I art     : Explicit concurrent mark sweep GC freed 295(15KB) AllocSpace objects, 3(272KB) LOS objects, 26% free, 44MB/60MB, paused 698us total 25.038ms
08-05 13:20:30.631 16992 17004 I art     : Starting a blocking GC Explicit
08-05 13:20:30.656 16992 17004 I art     : Explicit concurrent mark sweep GC freed 206(5KB) AllocSpace objects, 0(0B) LOS objects, 26% free, 44MB/60MB, paused 616us total 24.525ms
08-05 13:20:30.666 16992 17004 I art     : Starting a blocking GC Explicit
08-05 13:20:30.689 16992 17004 I art     : Explicit concurrent mark sweep GC freed 1176(1159KB) AllocSpace objects, 16(408KB) LOS objects, 26% free, 44MB/60MB, paused 764us total 23.505ms
08-05 13:20:30.694 13866 13866 I GoogleInputMethodServic: GoogleInputMethodService.onFinishInput():3138 
08-05 13:20:30.695 13866 13866 I GoogleInputMethodServic: GoogleInputMethodService.onStartInput():1808 
08-05 13:20:31.030 16992 17697 I art     : Starting a blocking GC Explicit
08-05 13:20:31.062 16992 17697 I art     : Explicit concurrent mark sweep GC freed 3212(161KB) AllocSpace objects, 3(4MB) LOS objects, 28% free, 40MB/56MB, paused 532us total 31.757ms
08-05 13:20:31.072 16992 17697 I art     : Starting a blocking GC Explicit
08-05 13:20:31.100 16992 17697 I art     : Explicit concurrent mark sweep GC freed 246(4KB) AllocSpace objects, 0(0B) LOS objects, 28% free, 40MB/56MB, paused 670us total 27.829ms
08-05 13:20:31.110 16992 17697 I art     : Starting a blocking GC Explicit
08-05 13:20:31.137 16992 17697 I art     : Explicit concurrent mark sweep GC freed 147(2496B) AllocSpace objects, 0(0B) LOS objects, 28% free, 40MB/56MB, paused 528us total 26.710ms
08-05 13:20:31.147 16992 17697 I art     : Starting a blocking GC Explicit
08-05 13:20:31.174 16992 17697 I art     : Explicit concurrent mark sweep GC freed 146(2464B) AllocSpace objects, 0(0B) LOS objects, 28% free, 40MB/56MB, paused 522us total 27.133ms
08-05 13:20:31.184 16992 17697 I art     : Starting a blocking GC Explicit
08-05 13:20:31.211 16992 17697 I art     : Explicit concurrent mark sweep GC freed 148(2528B) AllocSpace objects, 0(0B) LOS objects, 28% free, 40MB/56MB, paused 495us total 27.218ms
08-05 13:20:31.525 16992 17697 I art     : Starting a blocking GC Explicit
08-05 13:20:31.557 16992 17697 I art     : Explicit concurrent mark sweep GC freed 2953(108KB) AllocSpace objects, 2(40KB) LOS objects, 28% free, 40MB/56MB, paused 549us total 31.078ms
08-05 13:20:31.567 16992 17697 I art     : Starting a blocking GC Explicit
08-05 13:20:31.596 16992 17697 I art     : Explicit concurrent mark sweep GC freed 171(3KB) AllocSpace objects, 0(0B) LOS objects, 28% free, 40MB/56MB, paused 485us total 28.587ms
08-05 13:20:31.606 16992 17697 I art     : Starting a blocking GC Explicit
08-05 13:20:31.633 16992 17697 I art     : Explicit concurrent mark sweep GC freed 223(3KB) AllocSpace objects, 0(0B) LOS objects, 28% free, 40MB/56MB, paused 596us total 26.399ms
08-05 13:20:31.643 16992 17697 I art     : Starting a blocking GC Explicit
08-05 13:20:31.659 16697 16697 I ServiceManager: Waiting for service AtCmdFwd...
08-05 13:20:31.670 16992 17697 I art     : Explicit concurrent mark sweep GC freed 152(2656B) AllocSpace objects, 0(0B) LOS objects, 28% free, 40MB/56MB, paused 526us total 26.306ms
08-05 13:20:31.680 16992 17697 I art     : Starting a blocking GC Explicit
08-05 13:20:31.704 16992 17697 I art     : Explicit concurrent mark sweep GC freed 149(2560B) AllocSpace objects, 0(0B) LOS objects, 28% free, 40MB/56MB, paused 456us total 23.704ms
08-05 13:20:31.705 16992 17003 I art     : WaitForGcToComplete blocked for 9.645ms for cause HeapTrim
08-05 13:20:32.079 16992 17005 I art     : Starting a blocking GC Explicit
08-05 13:20:32.109 16992 17005 I art     : Explicit concurrent mark sweep GC freed 3168(111KB) AllocSpace objects, 2(40KB) LOS objects, 28% free, 40MB/56MB, paused 476us total 29.326ms
08-05 13:20:32.119 16992 17005 I art     : Starting a blocking GC Explicit
08-05 13:20:32.147 16992 17005 I art     : Explicit concurrent mark sweep GC freed 182(3KB) AllocSpace objects, 0(0B) LOS objects, 28% free, 40MB/56MB, paused 528us total 27.418ms
08-05 13:20:32.157 16992 17005 I art     : Starting a blocking GC Explicit
08-05 13:20:32.183 16992 17005 I art     : Explicit concurrent mark sweep GC freed 196(3KB) AllocSpace objects, 0(0B) LOS objects, 28% free, 40MB/56MB, paused 609us total 26.250ms
08-05 13:20:32.193 16992 17005 I art     : Starting a blocking GC Explicit
08-05 13:20:32.221 16992 17005 I art     : Explicit concurrent mark sweep GC freed 170(2896B) AllocSpace objects, 0(0B) LOS objects, 28% free, 40MB/56MB, paused 496us total 27.615ms
08-05 13:20:32.231 16992 17005 I art     : Starting a blocking GC Explicit
08-05 13:20:32.258 16992 17005 I art     : Explicit concurrent mark sweep GC freed 146(2464B) AllocSpace objects, 0(0B) LOS objects, 28% free, 40MB/56MB, paused 495us total 27.162ms
08-05 13:20:32.609 16992 17004 I art     : Starting a blocking GC Explicit
08-05 13:20:32.639 16992 17004 I art     : Explicit concurrent mark sweep GC freed 3084(110KB) AllocSpace objects, 2(40KB) LOS objects, 28% free, 40MB/56MB, paused 518us total 29.719ms
08-05 13:20:32.649 16992 17004 I art     : Starting a blocking GC Explicit
08-05 13:20:32.661 16697 16697 I ServiceManager: Waiting for service AtCmdFwd...
08-05 13:20:32.677 16992 17004 I art     : Explicit concurrent mark sweep GC freed 171(3KB) AllocSpace objects, 0(0B) LOS objects, 28% free, 40MB/56MB, paused 564us total 27.137ms
08-05 13:20:32.686 16992 17004 I art     : Starting a blocking GC Explicit
08-05 13:20:32.713 16992 17004 I art     : Explicit concurrent mark sweep GC freed 160(3KB) AllocSpace objects, 0(0B) LOS objects, 28% free, 40MB/56MB, paused 489us total 26.785ms
08-05 13:20:32.723 16992 17004 I art     : Starting a blocking GC Explicit
08-05 13:20:32.750 16992 17004 I art     : Explicit concurrent mark sweep GC freed 199(3KB) AllocSpace objects, 0(0B) LOS objects, 28% free, 40MB/56MB, paused 608us total 27.301ms
08-05 13:20:32.760 16992 17004 I art     : Starting a blocking GC Explicit
08-05 13:20:32.787 16992 17004 I art     : Explicit concurrent mark sweep GC freed 171(2912B) AllocSpace objects, 0(0B) LOS objects, 28% free, 40MB/56MB, paused 496us total 25.961ms
08-05 13:20:33.146 16992 17420 I art     : Starting a blocking GC Explicit
08-05 13:20:33.173 16992 17420 I art     : Explicit concurrent mark sweep GC freed 3084(110KB) AllocSpace objects, 2(40KB) LOS objects, 28% free, 40MB/56MB, paused 492us total 26.956ms
08-05 13:20:33.183 16992 17420 I art     : Starting a blocking GC Explicit
08-05 13:20:33.211 16992 17420 I art     : Explicit concurrent mark sweep GC freed 165(3KB) AllocSpace objects, 0(0B) LOS objects, 28% free, 40MB/56MB, paused 496us total 27.369ms
08-05 13:20:33.221 16992 17420 I art     : Starting a blocking GC Explicit
08-05 13:20:33.248 16992 17420 I art     : Explicit concurrent mark sweep GC freed 148(2528B) AllocSpace objects, 0(0B) LOS objects, 28% free, 40MB/56MB, paused 515us total 27.200ms
08-05 13:20:33.258 16992 17420 I art     : Starting a blocking GC Explicit
08-05 13:20:33.285 16992 17420 I art     : Explicit concurrent mark sweep GC freed 192(3KB) AllocSpace objects, 0(0B) LOS objects, 28% free, 40MB/56MB, paused 646us total 26.778ms
08-05 13:20:33.295 16992 17420 I art     : Starting a blocking GC Explicit
08-05 13:20:33.322 16992 17420 I art     : Explicit concurrent mark sweep GC freed 174(2976B) AllocSpace objects, 0(0B) LOS objects, 28% free, 40MB/56MB, paused 448us total 27.109ms
08-05 13:20:33.661 16697 16697 I ServiceManager: Waiting for service AtCmdFwd...
08-05 13:20:33.675 16992 17697 I art     : Starting a blocking GC Explicit
08-05 13:20:33.704 16992 17697 I art     : Explicit concurrent mark sweep GC freed 3083(110KB) AllocSpace objects, 2(40KB) LOS objects, 28% free, 40MB/56MB, paused 466us total 27.965ms
08-05 13:20:33.714 16992 17697 I art     : Starting a blocking GC Explicit
08-05 13:20:33.741 16992 17697 I art     : Explicit concurrent mark sweep GC freed 166(3KB) AllocSpace objects, 0(0B) LOS objects, 28% free, 40MB/56MB, paused 547us total 27.193ms
08-05 13:20:33.751 16992 17697 I art     : Starting a blocking GC Explicit
08-05 13:20:33.778 16992 17697 I art     : Explicit concurrent mark sweep GC freed 147(2496B) AllocSpace objects, 0(0B) LOS objects, 28% free, 40MB/56MB, paused 544us total 27.066ms
08-05 13:20:33.789 16992 17697 I art     : Starting a blocking GC Explicit
08-05 13:20:33.817 16992 17697 I art     : Explicit concurrent mark sweep GC freed 147(2496B) AllocSpace objects, 0(0B) LOS objects, 28% free, 40MB/56MB, paused 558us total 28.271ms
08-05 13:20:33.827 16992 17697 I art     : Starting a blocking GC Explicit
08-05 13:20:33.855 16992 17697 I art     : Explicit concurrent mark sweep GC freed 219(3KB) AllocSpace objects, 0(0B) LOS objects, 28% free, 40MB/56MB, paused 499us total 27.187ms
08-05 13:20:34.184 16992 17010 I art     : Starting a blocking GC Explicit
08-05 13:20:34.213 16992 17010 I art     : Explicit concurrent mark sweep GC freed 2939(107KB) AllocSpace objects, 2(40KB) LOS objects, 28% free, 40MB/56MB, paused 542us total 27.960ms
08-05 13:20:34.223 16992 17010 I art     : Starting a blocking GC Explicit
08-05 13:20:34.247 16992 17010 I art     : Explicit concurrent mark sweep GC freed 167(3KB) AllocSpace objects, 0(0B) LOS objects, 28% free, 40MB/56MB, paused 531us total 23.947ms
08-05 13:20:34.256 16992 17010 I art     : Starting a blocking GC Explicit
08-05 13:20:34.282 16992 17010 I art     : Explicit concurrent mark sweep GC freed 147(2496B) AllocSpace objects, 0(0B) LOS objects, 28% free, 40MB/56MB, paused 496us total 25.612ms
08-05 13:20:34.292 16992 17010 I art     : Starting a blocking GC Explicit
08-05 13:20:34.318 16992 17010 I art     : Explicit concurrent mark sweep GC freed 147(2496B) AllocSpace objects, 0(0B) LOS objects, 28% free, 40MB/56MB, paused 970us total 26.143ms
08-05 13:20:34.328 16992 17010 I art     : Starting a blocking GC Explicit
08-05 13:20:34.354 16992 17010 I art     : Explicit concurrent mark sweep GC freed 218(3KB) AllocSpace objects, 0(0B) LOS objects, 28% free, 40MB/56MB, paused 554us total 25.801ms
08-05 13:20:34.383 18343 18343 D AndroidRuntime: >>>>>> START com.android.internal.os.RuntimeInit uid 2000 <<<<<<
08-05 13:20:34.386 18343 18343 D AndroidRuntime: CheckJNI is OFF
08-05 13:20:34.411 18343 18343 D ICU     : No timezone override file found: /data/misc/zoneinfo/current/icu/icu_tzdata.dat
08-05 13:20:34.437 18343 18343 I Radio-JNI: register_android_hardware_Radio DONE
08-05 13:20:34.453 18343 18343 D AndroidRuntime: Calling main entry com.android.commands.input.Input
08-05 13:20:34.455 18343 18343 I Input   : injectKeyEvent: KeyEvent { action=ACTION_DOWN, keyCode=KEYCODE_BACK, scanCode=0, metaState=0, flags=0x0, repeatCount=0, eventTime=796850868, downTime=796850868, deviceId=-1, source=0x101 }
08-05 13:20:34.461 18343 18343 I Input   : injectKeyEvent: KeyEvent { action=ACTION_UP, keyCode=KEYCODE_BACK, scanCode=0, metaState=0, flags=0x0, repeatCount=0, eventTime=796850868, downTime=796850868, deviceId=-1, source=0x101 }
08-05 13:20:34.466 18343 18343 D AndroidRuntime: Shutting down VM
08-05 13:20:34.508 13866 13866 I GoogleInputMethodServic: GoogleInputMethodService.onFinishInput():3138 
08-05 13:20:34.508 13866 13866 I GoogleInputMethodServic: GoogleInputMethodService.onStartInput():1808 
08-05 13:20:34.623 16992 17697 I art     : Starting a blocking GC Explicit
08-05 13:20:34.662 16697 16697 I ServiceManager: Waiting for service AtCmdFwd...
08-05 13:20:34.664 16992 17697 I art     : Explicit concurrent mark sweep GC freed 2760(107KB) AllocSpace objects, 2(40KB) LOS objects, 28% free, 40MB/56MB, paused 553us total 40.983ms
08-05 13:20:34.676 16992 17697 I art     : Starting a blocking GC Explicit
08-05 13:20:34.713 16992 17697 I art     : Explicit concurrent mark sweep GC freed 242(4KB) AllocSpace objects, 0(0B) LOS objects, 28% free, 40MB/56MB, paused 610us total 36.237ms
08-05 13:20:34.725 16992 17697 I art     : Starting a blocking GC Explicit
08-05 13:20:34.761 16992 17697 I art     : Explicit concurrent mark sweep GC freed 219(3KB) AllocSpace objects, 0(0B) LOS objects, 28% free, 40MB/56MB, paused 597us total 36.584ms
08-05 13:20:34.773 16992 17697 I art     : Starting a blocking GC Explicit
08-05 13:20:34.804 16992 17697 I art     : Explicit concurrent mark sweep GC freed 204(3KB) AllocSpace objects, 0(0B) LOS objects, 28% free, 40MB/56MB, paused 602us total 30.972ms
08-05 13:20:34.815 16992 17697 I art     : Starting a blocking GC Explicit
08-05 13:20:34.818   380   380 W SurfaceFlinger: couldn't log to binary event log: overflow.
08-05 13:20:34.844 16992 17697 I art     : Explicit concurrent mark sweep GC freed 163(3KB) AllocSpace objects, 2(364KB) LOS objects, 28% free, 40MB/56MB, paused 445us total 28.814ms
08-05 13:20:35.153 16992 17004 I art     : Starting a blocking GC Explicit
08-05 13:20:35.184 16992 17004 I art     : Explicit concurrent mark sweep GC freed 2542(106KB) AllocSpace objects, 2(40KB) LOS objects, 28% free, 40MB/56MB, paused 513us total 30.418ms
08-05 13:20:35.194 16992 17004 I art     : Starting a blocking GC Explicit
08-05 13:20:35.221 16992 17004 I art     : Explicit concurrent mark sweep GC freed 4711(334KB) AllocSpace objects, 7(132KB) LOS objects, 28% free, 39MB/55MB, paused 542us total 26.879ms
08-05 13:20:35.231 16992 17004 I art     : Starting a blocking GC Explicit
08-05 13:20:35.257 16992 17004 I art     : Explicit concurrent mark sweep GC freed 100(1728B) AllocSpace objects, 0(0B) LOS objects, 28% free, 39MB/55MB, paused 547us total 25.488ms
08-05 13:20:35.267 16992 17004 I art     : Starting a blocking GC Explicit
08-05 13:20:35.293 16992 17004 I art     : Explicit concurrent mark sweep GC freed 99(1696B) AllocSpace objects, 0(0B) LOS objects, 28% free, 39MB/55MB, paused 483us total 25.578ms
08-05 13:20:35.303 16992 17004 I art     : Starting a blocking GC Explicit
08-05 13:20:35.329 16992 17004 I art     : Explicit concurrent mark sweep GC freed 99(1696B) AllocSpace objects, 0(0B) LOS objects, 28% free, 39MB/55MB, paused 468us total 25.821ms
08-05 13:20:35.642 16992 17005 I art     : Starting a blocking GC Explicit
08-05 13:20:35.663 16697 16697 I ServiceManager: Waiting for service AtCmdFwd...
08-05 13:20:35.671 16992 17005 I art     : Explicit concurrent mark sweep GC freed 2387(98KB) AllocSpace objects, 2(40KB) LOS objects, 28% free, 39MB/55MB, paused 754us total 29.354ms
08-05 13:20:35.685 16992 17005 I art     : Starting a blocking GC Explicit
08-05 13:20:35.709 16992 17005 I art     : Explicit concurrent mark sweep GC freed 189(4KB) AllocSpace objects, 0(0B) LOS objects, 28% free, 39MB/55MB, paused 436us total 23.946ms
08-05 13:20:35.718 16992 17005 I art     : Starting a blocking GC Explicit
08-05 13:20:35.740 16992 17005 I art     : Explicit concurrent mark sweep GC freed 109(2240B) AllocSpace objects, 0(0B) LOS objects, 28% free, 39MB/55MB, paused 515us total 22.289ms
08-05 13:20:35.749 16992 17005 I art     : Starting a blocking GC Explicit
08-05 13:20:35.770 16992 17005 I art     : Explicit concurrent mark sweep GC freed 57(992B) AllocSpace objects, 0(0B) LOS objects, 28% free, 39MB/55MB, paused 572us total 20.789ms
08-05 13:20:35.779 16992 17005 I art     : Starting a blocking GC Explicit
08-05 13:20:35.800 16992 17005 I art     : Explicit concurrent mark sweep GC freed 93(1600B) AllocSpace objects, 0(0B) LOS objects, 28% free, 39MB/55MB, paused 447us total 21.340ms
08-05 13:20:35.995 18408 18408 D AndroidRuntime: >>>>>> START com.android.internal.os.RuntimeInit uid 2000 <<<<<<
08-05 13:20:35.999 18408 18408 D AndroidRuntime: CheckJNI is OFF
08-05 13:20:36.022 18408 18408 D ICU     : No timezone override file found: /data/misc/zoneinfo/current/icu/icu_tzdata.dat
08-05 13:20:36.046 18408 18408 I Radio-JNI: register_android_hardware_Radio DONE
08-05 13:20:36.061 18408 18408 D AndroidRuntime: Calling main entry com.android.commands.input.Input
08-05 13:20:36.063 18408 18408 I Input   : injectKeyEvent: KeyEvent { action=ACTION_DOWN, keyCode=KEYCODE_BACK, scanCode=0, metaState=0, flags=0x0, repeatCount=0, eventTime=796852476, downTime=796852476, deviceId=-1, source=0x101 }
08-05 13:20:36.068 18408 18408 I Input   : injectKeyEvent: KeyEvent { action=ACTION_UP, keyCode=KEYCODE_BACK, scanCode=0, metaState=0, flags=0x0, repeatCount=0, eventTime=796852476, downTime=796852476, deviceId=-1, source=0x101 }
08-05 13:20:36.073 18408 18408 D AndroidRuntime: Shutting down VM
08-05 13:20:36.076 16992 17010 I art     : Starting a blocking GC Explicit
08-05 13:20:36.087 16992 16992 V MainActivity: url = https://project-travel-mate.herokuapp.com/api/number-of-unread-notifications
08-05 13:20:36.101 16992 17010 I art     : Explicit concurrent mark sweep GC freed 2638(111KB) AllocSpace objects, 2(40KB) LOS objects, 28% free, 39MB/55MB, paused 578us total 24.003ms
08-05 13:20:36.110 16992 17010 I art     : Starting a blocking GC Explicit
08-05 13:20:36.114 13866 13866 I GoogleInputMethodServic: GoogleInputMethodService.onFinishInput():3138 
08-05 13:20:36.115 13866 13866 I GoogleInputMethodServic: GoogleInputMethodService.onStartInput():1808 
08-05 13:20:36.135 16992 17010 I art     : Explicit concurrent mark sweep GC freed 267(7KB) AllocSpace objects, 0(0B) LOS objects, 28% free, 39MB/55MB, paused 561us total 24.558ms
08-05 13:20:36.147 16992 17010 I art     : Starting a blocking GC Explicit
08-05 13:20:36.171 16992 17010 I art     : Explicit concurrent mark sweep GC freed 146(3KB) AllocSpace objects, 0(0B) LOS objects, 28% free, 39MB/55MB, paused 665us total 24.155ms
08-05 13:20:36.180 16992 17010 I art     : Starting a blocking GC Explicit
08-05 13:20:36.203 16992 17010 I art     : Explicit concurrent mark sweep GC freed 98(1680B) AllocSpace objects, 0(0B) LOS objects, 28% free, 39MB/55MB, paused 505us total 22.528ms
08-05 13:20:36.213 16992 17010 I art     : Starting a blocking GC Explicit
08-05 13:20:36.235 16992 17010 I art     : Explicit concurrent mark sweep GC freed 99(1696B) AllocSpace objects, 0(0B) LOS objects, 28% free, 39MB/55MB, paused 520us total 22.368ms
08-05 13:20:36.405   380   380 W SurfaceFlinger: couldn't log to binary event log: overflow.
08-05 13:20:36.518 16992 17010 I art     : Starting a blocking GC Explicit
08-05 13:20:36.543 16992 17010 I art     : Explicit concurrent mark sweep GC freed 2263(102KB) AllocSpace objects, 2(40KB) LOS objects, 28% free, 39MB/55MB, paused 608us total 25.357ms
08-05 13:20:36.554 16992 17010 I art     : Starting a blocking GC Explicit
08-05 13:20:36.580 16992 17010 I art     : Explicit concurrent mark sweep GC freed 209(8KB) AllocSpace objects, 0(0B) LOS objects, 28% free, 39MB/55MB, paused 590us total 26.529ms
08-05 13:20:36.590 16992 17010 I art     : Starting a blocking GC Explicit
08-05 13:20:36.617 16992 17010 I art     : Explicit concurrent mark sweep GC freed 52(928B) AllocSpace objects, 0(0B) LOS objects, 28% free, 39MB/55MB, paused 592us total 26.473ms
08-05 13:20:36.627 16992 17010 I art     : Starting a blocking GC Explicit
08-05 13:20:36.653 16992 17010 I art     : Explicit concurrent mark sweep GC freed 51(896B) AllocSpace objects, 0(0B) LOS objects, 28% free, 39MB/55MB, paused 565us total 26.070ms
08-05 13:20:36.663 16992 17010 I art     : Starting a blocking GC Explicit
08-05 13:20:36.663 16697 16697 W Atfwd_Sendcmd: AtCmdFwd service not published, waiting... retryCnt : 5
08-05 13:20:36.689 16992 17010 I art     : Explicit concurrent mark sweep GC freed 75(1296B) AllocSpace objects, 0(0B) LOS objects, 28% free, 39MB/55MB, paused 640us total 26.451ms
08-05 13:20:36.855 16992 18431 I NAPPA_EXPERIMENTATION: MetricNetworkRequestExecutionTime: REQUEST_DURATION_SYSTEM='767',REQUEST_DURATION_OKHTTP='38',REQUEST_SYNCHRONOUS='FALSE',RESPONSE_CODE='200',RESPONSE_METHOD='GET',RESPONSE_LENGTH_OKHTTP='36',RESPONSE_LENGTH_HEADER='36',REQUEST_PROTOCOL='http/1.1',REQUEST_URL='https://project-travel-mate.herokuapp.com/api/number-of-unread-notifications',
08-05 13:20:36.999 16992 17004 I art     : Starting a blocking GC Explicit
08-05 13:20:37.030 16992 17004 I art     : Explicit concurrent mark sweep GC freed 4711(239KB) AllocSpace objects, 5(240KB) LOS objects, 28% free, 39MB/55MB, paused 576us total 30.209ms
08-05 13:20:37.042 16992 17004 I art     : Starting a blocking GC Explicit
08-05 13:20:37.068 16992 17004 I art     : Explicit concurrent mark sweep GC freed 1004(117KB) AllocSpace objects, 0(0B) LOS objects, 28% free, 39MB/55MB, paused 564us total 25.467ms
08-05 13:20:37.077 16992 17004 I art     : Starting a blocking GC Explicit
08-05 13:20:37.102 16992 17004 I art     : Explicit concurrent mark sweep GC freed 52(928B) AllocSpace objects, 0(0B) LOS objects, 28% free, 39MB/55MB, paused 527us total 25.070ms
08-05 13:20:37.112 16992 17004 I art     : Starting a blocking GC Explicit
08-05 13:20:37.138 16992 17004 I art     : Explicit concurrent mark sweep GC freed 51(896B) AllocSpace objects, 0(0B) LOS objects, 28% free, 39MB/55MB, paused 503us total 26.061ms
08-05 13:20:37.138 16992 17003 I art     : WaitForGcToComplete blocked for 26.237ms for cause HeapTrim
08-05 13:20:37.148 16992 17004 I art     : Starting a blocking GC Explicit
08-05 13:20:37.174 16992 17004 I art     : Explicit concurrent mark sweep GC freed 71(1216B) AllocSpace objects, 0(0B) LOS objects, 28% free, 39MB/55MB, paused 634us total 26.004ms
08-05 13:20:37.461 16992 17005 I art     : Starting a blocking GC Explicit
08-05 13:20:37.474   918  3188 I hubconnection: sensorhub said: 'set_bias 3: -6.2400, 0.0000, 0.0000'
08-05 13:20:37.487 16992 17005 I art     : Explicit concurrent mark sweep GC freed 1863(90KB) AllocSpace objects, 2(40KB) LOS objects, 28% free, 39MB/55MB, paused 597us total 26.347ms
08-05 13:20:37.497 16992 17005 I art     : Starting a blocking GC Explicit
08-05 13:20:37.522 16992 17005 I art     : Explicit concurrent mark sweep GC freed 70(1584B) AllocSpace objects, 0(0B) LOS objects, 28% free, 39MB/55MB, paused 538us total 24.707ms
08-05 13:20:37.532 16992 17005 I art     : Starting a blocking GC Explicit
08-05 13:20:37.557 16992 17005 I art     : Explicit concurrent mark sweep GC freed 58(1008B) AllocSpace objects, 0(0B) LOS objects, 28% free, 39MB/55MB, paused 598us total 25.022ms
08-05 13:20:37.566 16992 17005 I art     : Starting a blocking GC Explicit
08-05 13:20:37.591 16992 17005 I art     : Explicit concurrent mark sweep GC freed 67(1152B) AllocSpace objects, 0(0B) LOS objects, 28% free, 39MB/55MB, paused 539us total 24.974ms
08-05 13:20:37.601 16992 17005 I art     : Starting a blocking GC Explicit
08-05 13:20:37.626 16992 17005 I art     : Explicit concurrent mark sweep GC freed 52(928B) AllocSpace objects, 0(0B) LOS objects, 28% free, 39MB/55MB, paused 541us total 25.166ms
08-05 13:20:37.651 18453 18453 D AndroidRuntime: >>>>>> START com.android.internal.os.RuntimeInit uid 2000 <<<<<<
08-05 13:20:37.654 18453 18453 D AndroidRuntime: CheckJNI is OFF
08-05 13:20:37.679 18453 18453 D ICU     : No timezone override file found: /data/misc/zoneinfo/current/icu/icu_tzdata.dat
08-05 13:20:37.704 18453 18453 I Radio-JNI: register_android_hardware_Radio DONE
08-05 13:20:37.721 18453 18453 D AndroidRuntime: Calling main entry com.android.commands.input.Input
08-05 13:20:37.722 18453 18453 I Input   : injectMotionEvent: MotionEvent { action=ACTION_DOWN, actionButton=0, id[0]=0, x[0]=117.0, y[0]=170.0, toolType[0]=TOOL_TYPE_UNKNOWN, buttonState=0, metaState=0, flags=0x0, edgeFlags=0x0, pointerCount=1, historySize=0, eventTime=796854135, downTime=796854135, deviceId=0, source=0x1002 }
08-05 13:20:37.737 18453 18453 I Input   : injectMotionEvent: MotionEvent { action=ACTION_UP, actionButton=0, id[0]=0, x[0]=117.0, y[0]=170.0, toolType[0]=TOOL_TYPE_UNKNOWN, buttonState=0, metaState=0, flags=0x0, edgeFlags=0x0, pointerCount=1, historySize=0, eventTime=796854135, downTime=796854135, deviceId=0, source=0x1002 }
08-05 13:20:37.743 18453 18453 D AndroidRuntime: Shutting down VM
08-05 13:20:37.750   512  2967 D audio_hw_primary: out_set_parameters: enter: usecase(1: low-latency-playback) kvpairs: routing=2
08-05 13:20:37.763   512  2967 D audio_hw_primary: select_devices: out_snd_device(2: speaker) in_snd_device(0: none)
08-05 13:20:37.763   512  2967 D msm8974_platform: platform_send_audio_calibration: sending audio calibration for snd_device(2) acdb_id(15)
08-05 13:20:37.763   512  2967 I soundtrigger: audio_extn_sound_trigger_update_device_status: device 0x2 of type 0 for Event 1
08-05 13:20:37.773   512  2967 D audio_hw_primary: enable_snd_device: snd_device(2: speaker)
08-05 13:20:37.775   512  2967 D audio_hw_primary: enable_audio_route: apply and update mixer path: low-latency-playback speaker
08-05 13:20:37.893 16992 17004 I art     : Starting a blocking GC Explicit
08-05 13:20:37.919 16992 17004 I art     : Explicit concurrent mark sweep GC freed 2294(113KB) AllocSpace objects, 2(40KB) LOS objects, 28% free, 40MB/56MB, paused 565us total 25.055ms
08-05 13:20:37.929 16992 17004 I art     : Starting a blocking GC Explicit
08-05 13:20:37.954 16992 17004 I art     : Explicit concurrent mark sweep GC freed 109(3KB) AllocSpace objects, 0(0B) LOS objects, 28% free, 40MB/56MB, paused 651us total 25.278ms
08-05 13:20:37.964 16992 17004 I art     : Starting a blocking GC Explicit
08-05 13:20:37.990 16992 17004 I art     : Explicit concurrent mark sweep GC freed 54(992B) AllocSpace objects, 0(0B) LOS objects, 28% free, 40MB/56MB, paused 557us total 25.422ms
08-05 13:20:38.000 16992 17004 I art     : Starting a blocking GC Explicit
08-05 13:20:38.004 24365 23174 I NetworkScheduler.Stats: Task com.google.android.apps.gcs/ started execution. cause:4 exec_start_elapsed_seconds: 1780241 [CONTEXT service_id=218 ]
08-05 13:20:38.005 17550 18490 W Gcs.WfaEliRefreshTask: [26451] afk.b: NULL eligibility response.
08-05 13:20:38.011 24365 23174 I NetworkScheduler.Stats: Task com.google.android.apps.gcs/ finished executing. cause:4 result: 3 elapsed_millis: 9 uptime_millis: 8 exec_start_elapsed_seconds: 1780241 [CONTEXT service_id=218 ]
08-05 13:20:38.024 16992 17004 I art     : Explicit concurrent mark sweep GC freed 53(928B) AllocSpace objects, 0(0B) LOS objects, 28% free, 40MB/56MB, paused 603us total 23.850ms
08-05 13:20:38.033 16992 17004 I art     : Starting a blocking GC Explicit
08-05 13:20:38.051 24365 29314 I NetworkScheduler.Stats: Task com.google.android.gms/com.google.android.gms.checkin.EventLogService started execution. cause:5 exec_start_elapsed_seconds: 1780241 [CONTEXT service_id=218 ]
08-05 13:20:38.057 16992 17004 I art     : Explicit concurrent mark sweep GC freed 49(864B) AllocSpace objects, 0(0B) LOS objects, 28% free, 40MB/56MB, paused 709us total 23.507ms
08-05 13:20:38.065 24577 19249 I Checkin : [EventLogChimeraService] Opted in for usage reporting: false
08-05 13:20:38.065 24577 19249 I Checkin : [EventLogChimeraService] Aggregate from 1596624192456 (log), 1596624192456 (data)
08-05 13:20:38.083 24365 23174 I NetworkScheduler.Stats: Task com.google.android.gms/com.google.android.gms.telephonyspam.sync.SpamListSyncTaskService started execution. cause:5 exec_start_elapsed_seconds: 1780241 [CONTEXT service_id=218 ]
08-05 13:20:38.095 24577 11697 I TelephonySpam: TelephonySpamChimeraService - Running Telephony Spam Chimera Service
08-05 13:20:38.104 24577 11697 I TelephonySpam: TelephonySpamChimeraService - Cleaning SIP Header local table of old entries
08-05 13:20:38.104 24577 11697 I TelephonySpam: SpamListSync - Call spam module disabled. Skipping cleaning cache sip header table.
08-05 13:20:38.104 24577 11697 I TelephonySpam: TelephonySpamChimeraService - Syncing Call Spam List
08-05 13:20:38.104 24577 11697 I TelephonySpam: SpamListSync - SpamListSyncChimeraService.syncSpamList called with tag: telephonyspam.SpamListSyncTask, extras: Bundle[{SpamList Type=0, Action=1.0}]
08-05 13:20:38.115 24577 11697 I TelephonySpam: SpamListSync - Call spam module disabled. Skipping spam list syncing.
08-05 13:20:38.118 24365 29314 I NetworkScheduler.Stats: Task com.google.android.gms/com.google.android.gms.telephonyspam.sync.SpamListSyncTaskService finished executing. cause:5 result: 1 elapsed_millis: 64 uptime_millis: 63 exec_start_elapsed_seconds: 1780241 [CONTEXT service_id=218 ]
08-05 13:20:38.174 24365 23174 I NetworkScheduler.Stats: Task com.google.android.gms/com.google.android.gms.instantapps.routing.DomainFilterUpdateService started execution. cause:5 exec_start_elapsed_seconds: 1780242 [CONTEXT service_id=218 ]
08-05 13:20:38.175   918  5481 I AccountManagerService: getTypesVisibleToCaller: isPermitted? true
08-05 13:20:38.176   918  4413 I AccountManagerService: getTypesVisibleToCaller: isPermitted? true
08-05 13:20:38.177   918  5132 I AccountManagerService: getTypesVisibleToCaller: isPermitted? true
08-05 13:20:38.180   918  3961 I AccountManagerService: getTypesVisibleToCaller: isPermitted? true
08-05 13:20:38.183 24365 29314 I NetworkScheduler.Stats: Task com.google.android.gms/com.google.android.gms.instantapps.routing.DomainFilterUpdateService finished executing. cause:5 result: 1 elapsed_millis: 32 uptime_millis: 32 exec_start_elapsed_seconds: 1780242 [CONTEXT service_id=218 ]
08-05 13:20:38.252 24365 29098 I NetworkScheduler.Stats: Task com.google.android.gms/com.google.android.gms.people.service.BackupAndSyncOptInValidationService started execution. cause:5 exec_start_elapsed_seconds: 1780242 [CONTEXT service_id=218 ]
08-05 13:20:38.278 18488 18488 D AndroidRuntime: >>>>>> START com.android.internal.os.RuntimeInit uid 2000 <<<<<<
08-05 13:20:38.282 18488 18488 D AndroidRuntime: CheckJNI is OFF
08-05 13:20:38.305 18488 18488 D ICU     : No timezone override file found: /data/misc/zoneinfo/current/icu/icu_tzdata.dat
08-05 13:20:38.309   512  2967 D audio_hw_primary: disable_audio_route: reset and update mixer path: low-latency-playback speaker
08-05 13:20:38.310   512  2967 D audio_hw_primary: disable_snd_device: snd_device(2: speaker)
08-05 13:20:38.311 16992 17420 I art     : Starting a blocking GC Explicit
08-05 13:20:38.317   512  2967 I soundtrigger: audio_extn_sound_trigger_update_device_status: device 0x2 of type 0 for Event 0
08-05 13:20:38.328 18488 18488 I Radio-JNI: register_android_hardware_Radio DONE
08-05 13:20:38.333 16992 17420 I art     : Explicit concurrent mark sweep GC freed 1836(89KB) AllocSpace objects, 2(40KB) LOS objects, 28% free, 40MB/56MB, paused 540us total 22.158ms
08-05 13:20:38.342 16992 17420 I art     : Starting a blocking GC Explicit
08-05 13:20:38.343 18488 18488 D AndroidRuntime: Calling main entry com.android.commands.input.Input
08-05 13:20:38.345 18488 18488 I Input   : injectMotionEvent: MotionEvent { action=ACTION_DOWN, actionButton=0, id[0]=0, x[0]=355.0, y[0]=1674.0, toolType[0]=TOOL_TYPE_UNKNOWN, buttonState=0, metaState=0, flags=0x0, edgeFlags=0x0, pointerCount=1, historySize=0, eventTime=796854758, downTime=796854758, deviceId=0, source=0x1002 }
08-05 13:20:38.345 24365 29314 I NetworkScheduler.Stats: Task com.google.android.gms/com.google.android.gms.people.service.BackupAndSyncOptInValidationService finished executing. cause:5 result: 1 elapsed_millis: 132 uptime_millis: 131 exec_start_elapsed_seconds: 1780242 [CONTEXT service_id=218 ]
08-05 13:20:38.348 18488 18488 I Input   : injectMotionEvent: MotionEvent { action=ACTION_UP, actionButton=0, id[0]=0, x[0]=355.0, y[0]=1674.0, toolType[0]=TOOL_TYPE_UNKNOWN, buttonState=0, metaState=0, flags=0x0, edgeFlags=0x0, pointerCount=1, historySize=0, eventTime=796854758, downTime=796854758, deviceId=0, source=0x1002 }
08-05 13:20:38.350 18488 18488 D AndroidRuntime: Shutting down VM
08-05 13:20:38.364   512  2967 D audio_hw_primary: out_set_parameters: enter: usecase(1: low-latency-playback) kvpairs: routing=2
08-05 13:20:38.369 16992 17420 I art     : Explicit concurrent mark sweep GC freed 116(5KB) AllocSpace objects, 0(0B) LOS objects, 28% free, 40MB/56MB, paused 803us total 26.821ms
08-05 13:20:38.377   512  2967 D audio_hw_primary: select_devices: out_snd_device(2: speaker) in_snd_device(0: none)
08-05 13:20:38.377   512  2967 D msm8974_platform: platform_send_audio_calibration: sending audio calibration for snd_device(2) acdb_id(15)
08-05 13:20:38.377   512  2967 I soundtrigger: audio_extn_sound_trigger_update_device_status: device 0x2 of type 0 for Event 1
08-05 13:20:38.379 16992 17420 I art     : Starting a blocking GC Explicit
08-05 13:20:38.387   512  2967 D audio_hw_primary: enable_snd_device: snd_device(2: speaker)
08-05 13:20:38.389   512  2967 D audio_hw_primary: enable_audio_route: apply and update mixer path: low-latency-playback speaker
08-05 13:20:38.399 24365 29098 I NetworkScheduler.Stats: Task com.google.android.gms/com.google.android.gms.people.service.DeletedNullContactsCleanupService started execution. cause:5 exec_start_elapsed_seconds: 1780242 [CONTEXT service_id=218 ]
08-05 13:20:38.402 16992 17420 I art     : Explicit concurrent mark sweep GC freed 416(21KB) AllocSpace objects, 0(0B) LOS objects, 27% free, 42MB/58MB, paused 568us total 23.635ms
08-05 13:20:38.412 16992 17420 I art     : Starting a blocking GC Explicit
08-05 13:20:38.431   512  2967 D AudioFlinger: mixer(0xf4740000) throttle end: throttle time(12)
08-05 13:20:38.435 16992 17420 I art     : Explicit concurrent mark sweep GC freed 1365(140KB) AllocSpace objects, 0(0B) LOS objects, 23% free, 50MB/66MB, paused 658us total 22.712ms
08-05 13:20:38.438   918  5952 I ActivityManager: Start proc 18512:android.process.acore/u0a2 for content provider com.android.providers.contacts/.ContactsProvider2
08-05 13:20:38.444 16992 17420 I art     : Starting a blocking GC Explicit
08-05 13:20:38.467 16992 17420 I art     : Explicit concurrent mark sweep GC freed 4(128B) AllocSpace objects, 0(0B) LOS objects, 23% free, 50MB/66MB, paused 554us total 22.295ms
08-05 13:20:38.495 18512 18512 W System  : ClassLoader referenced unknown path: /system/priv-app/ContactsProvider/lib/arm64
08-05 13:20:38.543 18512 18512 W System  : ClassLoader referenced unknown path: /system/app/UserDictionaryProvider/lib/arm64
08-05 13:20:38.741 16992 17697 I art     : Starting a blocking GC Explicit
08-05 13:20:38.759 18512 18525 I ContactLocale: AddressBook Labels [en-US]: [, A, B, C, D, E, F, G, H, I, J, K, L, M, N, O, P, Q, R, S, T, U, V, W, X, Y, Z, , , , , , , , , , , , , , , , , , , , , , , , , , , , , , , , , , , , , , , , , , , , , , , , , , , , , , , , , , , , , , , , , , , , , , , , , , , , , , , , , , , , , , , , , , , , , , , , , , , , , , , , , , , , , , , , , , , , , , , , , , , , , , , , , , , , , , , , , , , , , , , , , , , , , , , , , , , , , , , , , , , , , , , , , , , , , , , , , , , , , , , , , , , #, ]
08-05 13:20:38.764 16992 17697 I art     : Explicit concurrent mark sweep GC freed 6(1216B) AllocSpace objects, 0(0B) LOS objects, 12% free, 115MB/131MB, paused 552us total 22.258ms
08-05 13:20:38.773 16992 17697 I art     : Starting a blocking GC Explicit
08-05 13:20:38.795 16992 17697 I art     : Explicit concurrent mark sweep GC freed 4(128B) AllocSpace objects, 0(0B) LOS objects, 12% free, 115MB/131MB, paused 550us total 22.220ms
08-05 13:20:38.805 16992 17697 I art     : Waiting for a blocking GC Explicit
08-05 13:20:38.809 16992 17697 I art     : Starting a blocking GC Explicit
08-05 13:20:38.831 16992 17697 I art     : Explicit concurrent mark sweep GC freed 9(336B) AllocSpace objects, 0(0B) LOS objects, 10% free, 134MB/150MB, paused 567us total 22.100ms
08-05 13:20:38.840 16992 17697 I art     : Starting a blocking GC Explicit
08-05 13:20:38.862 16992 17697 I art     : Explicit concurrent mark sweep GC freed 5(192B) AllocSpace objects, 0(0B) LOS objects, 10% free, 134MB/150MB, paused 593us total 22.169ms
08-05 13:20:38.868   918  5481 I AccountManagerService: getTypesVisibleToCaller: isPermitted? true
08-05 13:20:38.872 16992 17697 I art     : Starting a blocking GC Explicit
08-05 13:20:38.884 16992 16992 I Choreographer: Skipped 30 frames!  The application may be doing too much work on its main thread.
08-05 13:20:38.885 16992 16992 V MainActivity: url = https://project-travel-mate.herokuapp.com/api/number-of-unread-notifications
08-05 13:20:38.895 16992 17697 I art     : Explicit concurrent mark sweep GC freed 260(11KB) AllocSpace objects, 0(0B) LOS objects, 10% free, 134MB/150MB, paused 854us total 23.026ms
08-05 13:20:38.918   512  2967 D audio_hw_primary: disable_audio_route: reset and update mixer path: low-latency-playback speaker
08-05 13:20:38.919   512  2967 D audio_hw_primary: disable_snd_device: snd_device(2: speaker)
08-05 13:20:38.927   512  2967 I soundtrigger: audio_extn_sound_trigger_update_device_status: device 0x2 of type 0 for Event 0
08-05 13:20:39.053 24365 29098 I NetworkScheduler.Stats: Task com.google.android.gms/com.google.android.gms.people.service.DeletedNullContactsCleanupService finished executing. cause:5 result: 1 elapsed_millis: 678 uptime_millis: 678 exec_start_elapsed_seconds: 1780242 [CONTEXT service_id=218 ]
08-05 13:20:39.079 24365 29098 I NetworkScheduler.Stats: Task com.google.android.apps.gcs/ started execution. cause:5 exec_start_elapsed_seconds: 1780242 [CONTEXT service_id=218 ]
08-05 13:20:39.166 24365 29314 I NetworkScheduler.Stats: Task com.google.android.apps.gcs/ finished executing. cause:5 result: 1 elapsed_millis: 91 uptime_millis: 91 exec_start_elapsed_seconds: 1780242 [CONTEXT service_id=218 ]
08-05 13:20:39.188 16992 17420 I art     : Starting a blocking GC Explicit
08-05 13:20:39.195 17550 18558 W Gcs.WfaEliRefreshTask: [26453] afk.b: NULL eligibility response.
08-05 13:20:39.195 24365 29314 I NetworkScheduler.Stats: Task com.google.android.apps.gcs/ started execution. cause:5 exec_start_elapsed_seconds: 1780243 [CONTEXT service_id=218 ]
08-05 13:20:39.198 24365 29314 I NetworkScheduler.Stats: Task com.google.android.apps.gcs/ finished executing. cause:5 result: 3 elapsed_millis: 7 uptime_millis: 8 exec_start_elapsed_seconds: 1780243 [CONTEXT service_id=218 ]
08-05 13:20:39.211 16992 17420 I art     : Explicit concurrent mark sweep GC freed 3029(142KB) AllocSpace objects, 11(288KB) LOS objects, 10% free, 134MB/150MB, paused 532us total 23.355ms
08-05 13:20:39.221 16992 17420 I art     : Starting a blocking GC Explicit
08-05 13:20:39.243 16992 17420 I art     : Explicit concurrent mark sweep GC freed 911(52KB) AllocSpace objects, 0(0B) LOS objects, 10% free, 134MB/150MB, paused 492us total 22.323ms
08-05 13:20:39.252 16992 17420 I art     : Starting a blocking GC Explicit
08-05 13:20:39.275 16992 17420 I art     : Explicit concurrent mark sweep GC freed 3(96B) AllocSpace objects, 0(0B) LOS objects, 10% free, 134MB/150MB, paused 496us total 22.029ms
08-05 13:20:39.283 16992 17420 I art     : Starting a blocking GC Explicit
08-05 13:20:39.305 16992 17420 I art     : Explicit concurrent mark sweep GC freed 3(96B) AllocSpace objects, 0(0B) LOS objects, 10% free, 134MB/150MB, paused 481us total 21.414ms
08-05 13:20:39.314 16992 17420 I art     : Starting a blocking GC Explicit
08-05 13:20:39.336 16992 17420 I art     : Explicit concurrent mark sweep GC freed 3(96B) AllocSpace objects, 0(0B) LOS objects, 10% free, 134MB/150MB, paused 482us total 21.985ms
08-05 13:20:39.650 16992 17697 I art     : Starting a blocking GC Explicit
08-05 13:20:39.675 16992 17697 I art     : Explicit concurrent mark sweep GC freed 3973(214KB) AllocSpace objects, 4(156KB) LOS objects, 10% free, 134MB/150MB, paused 738us total 24.733ms
08-05 13:20:39.685 16992 17697 I art     : Starting a blocking GC Explicit
08-05 13:20:39.708 16992 17697 I art     : Explicit concurrent mark sweep GC freed 979(117KB) AllocSpace objects, 1(80KB) LOS objects, 10% free, 134MB/150MB, paused 542us total 23.219ms
08-05 13:20:39.714 16992 18537 I NAPPA_EXPERIMENTATION: MetricNetworkRequestExecutionTime: REQUEST_DURATION_SYSTEM='829',REQUEST_DURATION_OKHTTP='41',REQUEST_SYNCHRONOUS='FALSE',RESPONSE_CODE='200',RESPONSE_METHOD='GET',RESPONSE_LENGTH_OKHTTP='36',RESPONSE_LENGTH_HEADER='36',REQUEST_PROTOCOL='http/1.1',REQUEST_URL='https://project-travel-mate.herokuapp.com/api/number-of-unread-notifications',
08-05 13:20:39.717 16992 17697 I art     : Starting a blocking GC Explicit
08-05 13:20:39.740 16992 17697 I art     : Explicit concurrent mark sweep GC freed 129(11KB) AllocSpace objects, 0(0B) LOS objects, 10% free, 134MB/150MB, paused 500us total 23.013ms
08-05 13:20:39.749 16992 17697 I art     : Starting a blocking GC Explicit
08-05 13:20:39.772 16992 17697 I art     : Explicit concurrent mark sweep GC freed 26(1136B) AllocSpace objects, 0(0B) LOS objects, 10% free, 134MB/150MB, paused 503us total 22.856ms
08-05 13:20:39.782 16992 17697 I art     : Starting a blocking GC Explicit
08-05 13:20:39.804 16992 17697 I art     : Explicit concurrent mark sweep GC freed 86(3KB) AllocSpace objects, 0(0B) LOS objects, 10% free, 134MB/150MB, paused 458us total 22.107ms
08-05 13:20:40.122 16992 17004 I art     : Starting a blocking GC Explicit
08-05 13:20:40.147 16992 17004 I art     : Explicit concurrent mark sweep GC freed 1427(83KB) AllocSpace objects, 2(36KB) LOS objects, 10% free, 134MB/150MB, paused 565us total 24.912ms
08-05 13:20:40.157 16992 17004 I art     : Starting a blocking GC Explicit
08-05 13:20:40.179 16992 17004 I art     : Explicit concurrent mark sweep GC freed 22(784B) AllocSpace objects, 0(0B) LOS objects, 10% free, 134MB/150MB, paused 471us total 22.457ms
08-05 13:20:40.188 16992 17004 I art     : Starting a blocking GC Explicit
08-05 13:20:40.210 16992 17004 I art     : Explicit concurrent mark sweep GC freed 3(96B) AllocSpace objects, 0(0B) LOS objects, 10% free, 134MB/150MB, paused 472us total 21.699ms
08-05 13:20:40.219 16992 17004 I art     : Starting a blocking GC Explicit
08-05 13:20:40.242 16992 17004 I art     : Explicit concurrent mark sweep GC freed 3(96B) AllocSpace objects, 0(0B) LOS objects, 10% free, 134MB/150MB, paused 494us total 22.195ms
08-05 13:20:40.251 16992 17004 I art     : Starting a blocking GC Explicit
08-05 13:20:40.273 16992 17004 I art     : Explicit concurrent mark sweep GC freed 3(96B) AllocSpace objects, 0(0B) LOS objects, 10% free, 134MB/150MB, paused 484us total 21.814ms
08-05 13:20:40.548   918  5481 I AccountManagerService: getTypesVisibleToCaller: isPermitted? true
08-05 13:20:40.568 24577 19249 I Checkin : [ServiceDumpSys] dumping service [account]
08-05 13:20:40.584   918  6110 I AccountManagerService: getTypesVisibleToCaller: isPermitted? true
08-05 13:20:40.584 24365 29098 I NetworkScheduler.Stats: Task com.google.android.gms/com.google.android.gms.checkin.EventLogService finished executing. cause:5 result: 1 elapsed_millis: 2549 uptime_millis: 2549 exec_start_elapsed_seconds: 1780241 [CONTEXT service_id=218 ]
08-05 13:20:40.592 16992 17004 I art     : Starting a blocking GC Explicit
08-05 13:20:40.616 16992 17004 I art     : Explicit concurrent mark sweep GC freed 1442(83KB) AllocSpace objects, 2(36KB) LOS objects, 10% free, 134MB/150MB, paused 523us total 23.127ms
08-05 13:20:40.625 16992 17004 I art     : Starting a blocking GC Explicit
08-05 13:20:40.648 16992 17004 I art     : Explicit concurrent mark sweep GC freed 26(912B) AllocSpace objects, 0(0B) LOS objects, 10% free, 134MB/150MB, paused 514us total 22.714ms
08-05 13:20:40.657 16992 17004 I art     : Starting a blocking GC Explicit
08-05 13:20:40.680 16992 17004 I art     : Explicit concurrent mark sweep GC freed 7(224B) AllocSpace objects, 0(0B) LOS objects, 10% free, 134MB/150MB, paused 498us total 23.042ms
08-05 13:20:40.689 16992 17004 I art     : Starting a blocking GC Explicit
08-05 13:20:40.713 16992 17004 I art     : Explicit concurrent mark sweep GC freed 6(192B) AllocSpace objects, 0(0B) LOS objects, 10% free, 134MB/150MB, paused 606us total 23.189ms
08-05 13:20:40.722 16992 17004 I art     : Starting a blocking GC Explicit
08-05 13:20:40.747 16992 17004 I art     : Explicit concurrent mark sweep GC freed 7(224B) AllocSpace objects, 0(0B) LOS objects, 10% free, 134MB/150MB, paused 612us total 24.662ms
08-05 13:20:40.873 18594 18594 D AndroidRuntime: >>>>>> START com.android.internal.os.RuntimeInit uid 2000 <<<<<<
08-05 13:20:40.877 18594 18594 D AndroidRuntime: CheckJNI is OFF
08-05 13:20:40.904 18594 18594 D ICU     : No timezone override file found: /data/misc/zoneinfo/current/icu/icu_tzdata.dat
08-05 13:20:40.929 18594 18594 I Radio-JNI: register_android_hardware_Radio DONE
08-05 13:20:40.945 18594 18594 D AndroidRuntime: Calling main entry com.android.commands.input.Input
08-05 13:20:40.947 18594 18594 I Input   : injectMotionEvent: MotionEvent { action=ACTION_DOWN, actionButton=0, id[0]=0, x[0]=747.0, y[0]=608.0, toolType[0]=TOOL_TYPE_UNKNOWN, buttonState=0, metaState=0, flags=0x0, edgeFlags=0x0, pointerCount=1, historySize=0, eventTime=796857360, downTime=796857360, deviceId=0, source=0x1002 }
08-05 13:20:40.952 18594 18594 I Input   : injectMotionEvent: MotionEvent { action=ACTION_UP, actionButton=0, id[0]=0, x[0]=747.0, y[0]=608.0, toolType[0]=TOOL_TYPE_UNKNOWN, buttonState=0, metaState=0, flags=0x0, edgeFlags=0x0, pointerCount=1, historySize=0, eventTime=796857360, downTime=796857360, deviceId=0, source=0x1002 }
08-05 13:20:40.954 18594 18594 D AndroidRuntime: Shutting down VM
08-05 13:20:40.955   512  2967 D audio_hw_primary: out_set_parameters: enter: usecase(1: low-latency-playback) kvpairs: routing=2
08-05 13:20:40.963   918  4413 I ActivityManager: START u0 {cmp=baseline.io.github.project_travel_mate/.utilities.ChecklistActivity} from uid 10674 on display 0
08-05 13:20:40.968   512  2967 D audio_hw_primary: select_devices: out_snd_device(2: speaker) in_snd_device(0: none)
08-05 13:20:40.968   512  2967 D msm8974_platform: platform_send_audio_calibration: sending audio calibration for snd_device(2) acdb_id(15)
08-05 13:20:40.969   512  2967 I soundtrigger: audio_extn_sound_trigger_update_device_status: device 0x2 of type 0 for Event 1
08-05 13:20:40.980   512  2967 D audio_hw_primary: enable_snd_device: snd_device(2: speaker)
08-05 13:20:40.983   512  2967 D audio_hw_primary: enable_audio_route: apply and update mixer path: low-latency-playback speaker
08-05 13:20:41.062 16992 17010 I art     : Starting a blocking GC Explicit
08-05 13:20:41.099 16992 17010 I art     : Explicit concurrent mark sweep GC freed 2574(250KB) AllocSpace objects, 2(36KB) LOS objects, 10% free, 135MB/151MB, paused 2.474ms total 36.439ms
08-05 13:20:41.110 16992 17010 I art     : Starting a blocking GC Explicit
08-05 13:20:41.138 16992 17010 I art     : Explicit concurrent mark sweep GC freed 710(34KB) AllocSpace objects, 0(0B) LOS objects, 10% free, 135MB/151MB, paused 724us total 28.204ms
08-05 13:20:41.149 16992 17010 I art     : Starting a blocking GC Explicit
08-05 13:20:41.151   918   936 I ActivityManager: Displayed baseline.io.github.project_travel_mate/.utilities.ChecklistActivity: +181ms
08-05 13:20:41.152 13866 13866 I GoogleInputMethodServic: GoogleInputMethodService.onFinishInput():3138 
08-05 13:20:41.153 13866 13866 I GoogleInputMethodServic: GoogleInputMethodService.onStartInput():1808 
08-05 13:20:41.176 16992 17010 I art     : Explicit concurrent mark sweep GC freed 265(17KB) AllocSpace objects, 0(0B) LOS objects, 10% free, 135MB/151MB, paused 614us total 26.315ms
08-05 13:20:41.185 16992 17010 I art     : Starting a blocking GC Explicit
08-05 13:20:41.210 16992 17010 I art     : Explicit concurrent mark sweep GC freed 25(1184B) AllocSpace objects, 0(0B) LOS objects, 10% free, 135MB/151MB, paused 595us total 24.655ms
08-05 13:20:41.220 16992 17010 I art     : Starting a blocking GC Explicit
08-05 13:20:41.245 16992 17010 I art     : Explicit concurrent mark sweep GC freed 3(96B) AllocSpace objects, 0(0B) LOS objects, 10% free, 135MB/151MB, paused 539us total 25.304ms
08-05 13:20:41.403   380   380 W SurfaceFlinger: couldn't log to binary event log: overflow.
08-05 13:20:41.519   512  2967 D audio_hw_primary: disable_audio_route: reset and update mixer path: low-latency-playback speaker
08-05 13:20:41.520   512  2967 D audio_hw_primary: disable_snd_device: snd_device(2: speaker)
08-05 13:20:41.528   512  2967 I soundtrigger: audio_extn_sound_trigger_update_device_status: device 0x2 of type 0 for Event 0
08-05 13:20:41.567 16992 17005 I art     : Starting a blocking GC Explicit
08-05 13:20:41.596 16992 17005 I art     : Explicit concurrent mark sweep GC freed 1630(94KB) AllocSpace objects, 2(36KB) LOS objects, 10% free, 135MB/151MB, paused 668us total 28.650ms
08-05 13:20:41.607 16992 17005 I art     : Starting a blocking GC Explicit
08-05 13:20:41.635 16992 17005 I art     : Explicit concurrent mark sweep GC freed 36(1280B) AllocSpace objects, 0(0B) LOS objects, 10% free, 135MB/151MB, paused 623us total 28.023ms
08-05 13:20:41.645 16992 17005 I art     : Starting a blocking GC Explicit
08-05 13:20:41.673 16992 17005 I art     : Explicit concurrent mark sweep GC freed 3(96B) AllocSpace objects, 0(0B) LOS objects, 10% free, 135MB/151MB, paused 608us total 28.057ms
08-05 13:20:41.683 16992 17005 I art     : Starting a blocking GC Explicit
08-05 13:20:41.713 16992 17005 I art     : Explicit concurrent mark sweep GC freed 15(752B) AllocSpace objects, 0(0B) LOS objects, 10% free, 135MB/151MB, paused 710us total 29.224ms
08-05 13:20:41.723 16992 17005 I art     : Starting a blocking GC Explicit
08-05 13:20:41.753 16992 17005 I art     : Explicit concurrent mark sweep GC freed 20(912B) AllocSpace objects, 0(0B) LOS objects, 10% free, 135MB/151MB, paused 643us total 29.463ms
08-05 13:20:42.087 16992 17420 I art     : Starting a blocking GC Explicit
08-05 13:20:42.125 16992 17420 I art     : Explicit concurrent mark sweep GC freed 1617(93KB) AllocSpace objects, 2(36KB) LOS objects, 10% free, 135MB/151MB, paused 708us total 38.127ms
08-05 13:20:42.140 16992 17420 I art     : Starting a blocking GC Explicit
08-05 13:20:42.170 16992 17420 I art     : Explicit concurrent mark sweep GC freed 28(1024B) AllocSpace objects, 0(0B) LOS objects, 10% free, 135MB/151MB, paused 661us total 30.180ms
08-05 13:20:42.181 16992 17420 I art     : Starting a blocking GC Explicit
08-05 13:20:42.210 16992 17420 I art     : Explicit concurrent mark sweep GC freed 3(96B) AllocSpace objects, 0(0B) LOS objects, 10% free, 135MB/151MB, paused 634us total 28.832ms
08-05 13:20:42.210 16992 17003 I art     : WaitForGcToComplete blocked for 29.057ms for cause HeapTrim
08-05 13:20:42.220 16992 17420 I art     : Starting a blocking GC Explicit
08-05 13:20:42.249 16992 17420 I art     : Explicit concurrent mark sweep GC freed 3(96B) AllocSpace objects, 0(0B) LOS objects, 10% free, 135MB/151MB, paused 639us total 29.174ms
08-05 13:20:42.260 16992 17420 I art     : Starting a blocking GC Explicit
08-05 13:20:42.290 16992 17420 I art     : Explicit concurrent mark sweep GC freed 3(96B) AllocSpace objects, 0(0B) LOS objects, 10% free, 135MB/151MB, paused 608us total 29.505ms
08-05 13:20:42.642 16992 17004 I art     : Starting a blocking GC Explicit
08-05 13:20:42.683 16992 17004 I art     : Explicit concurrent mark sweep GC freed 1582(92KB) AllocSpace objects, 2(36KB) LOS objects, 10% free, 135MB/151MB, paused 736us total 41.457ms
08-05 13:20:42.699 16992 17004 I art     : Starting a blocking GC Explicit
08-05 13:20:42.728 16992 17004 I art     : Explicit concurrent mark sweep GC freed 28(1024B) AllocSpace objects, 0(0B) LOS objects, 10% free, 135MB/151MB, paused 641us total 28.964ms
08-05 13:20:42.738 16992 17004 I art     : Starting a blocking GC Explicit
08-05 13:20:42.768 16992 17004 I art     : Explicit concurrent mark sweep GC freed 3(96B) AllocSpace objects, 0(0B) LOS objects, 10% free, 135MB/151MB, paused 724us total 29.172ms
08-05 13:20:42.778 16992 17004 I art     : Starting a blocking GC Explicit
08-05 13:20:42.808 16992 17004 I art     : Explicit concurrent mark sweep GC freed 3(96B) AllocSpace objects, 0(0B) LOS objects, 10% free, 135MB/151MB, paused 757us total 29.843ms
08-05 13:20:42.819 16992 17004 I art     : Starting a blocking GC Explicit
08-05 13:20:42.849 16992 17004 I art     : Explicit concurrent mark sweep GC freed 3(96B) AllocSpace objects, 0(0B) LOS objects, 10% free, 135MB/151MB, paused 629us total 29.481ms
08-05 13:20:43.229 16992 17697 I art     : Starting a blocking GC Explicit
08-05 13:20:43.269 16992 17697 I art     : Explicit concurrent mark sweep GC freed 1612(93KB) AllocSpace objects, 2(36KB) LOS objects, 10% free, 135MB/151MB, paused 733us total 39.965ms
08-05 13:20:43.283 16992 17697 I art     : Starting a blocking GC Explicit
08-05 13:20:43.313 16992 17697 I art     : Explicit concurrent mark sweep GC freed 28(1024B) AllocSpace objects, 0(0B) LOS objects, 10% free, 135MB/151MB, paused 670us total 29.303ms
08-05 13:20:43.323 16992 17697 I art     : Starting a blocking GC Explicit
08-05 13:20:43.352 16992 17697 I art     : Explicit concurrent mark sweep GC freed 3(96B) AllocSpace objects, 0(0B) LOS objects, 10% free, 135MB/151MB, paused 741us total 28.832ms
08-05 13:20:43.362 16992 17697 I art     : Starting a blocking GC Explicit
08-05 13:20:43.391 16992 17697 I art     : Explicit concurrent mark sweep GC freed 3(96B) AllocSpace objects, 0(0B) LOS objects, 10% free, 135MB/151MB, paused 659us total 28.511ms
08-05 13:20:43.401 16992 17697 I art     : Starting a blocking GC Explicit
08-05 13:20:43.427 16992 17697 I art     : Explicit concurrent mark sweep GC freed 3(96B) AllocSpace objects, 0(0B) LOS objects, 10% free, 135MB/151MB, paused 627us total 25.249ms
08-05 13:20:43.799 16992 17010 I art     : Starting a blocking GC Explicit
08-05 13:20:43.841 16992 17010 I art     : Explicit concurrent mark sweep GC freed 1583(92KB) AllocSpace objects, 2(36KB) LOS objects, 10% free, 135MB/151MB, paused 652us total 42.032ms
08-05 13:20:43.851 16992 17010 I art     : Starting a blocking GC Explicit
08-05 13:20:43.881 16992 17010 I art     : Explicit concurrent mark sweep GC freed 28(1024B) AllocSpace objects, 0(0B) LOS objects, 10% free, 135MB/151MB, paused 653us total 29.664ms
08-05 13:20:43.892 16992 17010 I art     : Starting a blocking GC Explicit
08-05 13:20:43.922 16992 17010 I art     : Explicit concurrent mark sweep GC freed 14(720B) AllocSpace objects, 0(0B) LOS objects, 10% free, 135MB/151MB, paused 644us total 29.795ms
08-05 13:20:43.932 16992 17010 I art     : Starting a blocking GC Explicit
08-05 13:20:43.962 16992 17010 I art     : Explicit concurrent mark sweep GC freed 14(672B) AllocSpace objects, 0(0B) LOS objects, 10% free, 135MB/151MB, paused 644us total 29.568ms
08-05 13:20:43.972 16992 17010 I art     : Starting a blocking GC Explicit
08-05 13:20:44.002 16992 17010 I art     : Explicit concurrent mark sweep GC freed 3(96B) AllocSpace objects, 0(0B) LOS objects, 10% free, 135MB/151MB, paused 627us total 29.168ms
08-05 13:20:44.381 16992 17005 I art     : Starting a blocking GC Explicit
08-05 13:20:44.421 16992 17005 I art     : Explicit concurrent mark sweep GC freed 1614(92KB) AllocSpace objects, 2(36KB) LOS objects, 10% free, 135MB/151MB, paused 729us total 39.976ms
08-05 13:20:44.433 16992 17005 I art     : Starting a blocking GC Explicit
08-05 13:20:44.463 16992 17005 I art     : Explicit concurrent mark sweep GC freed 28(1024B) AllocSpace objects, 0(0B) LOS objects, 10% free, 135MB/151MB, paused 647us total 29.636ms
08-05 13:20:44.474 16992 17005 I art     : Starting a blocking GC Explicit
08-05 13:20:44.504 16992 17005 I art     : Explicit concurrent mark sweep GC freed 3(96B) AllocSpace objects, 0(0B) LOS objects, 10% free, 135MB/151MB, paused 642us total 29.910ms
08-05 13:20:44.514 16992 17005 I art     : Starting a blocking GC Explicit
08-05 13:20:44.542 16992 17005 I art     : Explicit concurrent mark sweep GC freed 3(96B) AllocSpace objects, 0(0B) LOS objects, 10% free, 135MB/151MB, paused 642us total 28.106ms
08-05 13:20:44.553 16992 17005 I art     : Starting a blocking GC Explicit
08-05 13:20:44.581 16992 17005 I art     : Explicit concurrent mark sweep GC freed 3(96B) AllocSpace objects, 0(0B) LOS objects, 10% free, 135MB/151MB, paused 650us total 28.310ms
08-05 13:20:44.949 16992 17420 I art     : Starting a blocking GC Explicit
08-05 13:20:44.988 16992 17420 I art     : Explicit concurrent mark sweep GC freed 1596(92KB) AllocSpace objects, 2(36KB) LOS objects, 10% free, 135MB/151MB, paused 839us total 38.767ms
08-05 13:20:45.001 16992 17420 I art     : Starting a blocking GC Explicit
08-05 13:20:45.030 16992 17420 I art     : Explicit concurrent mark sweep GC freed 68(2368B) AllocSpace objects, 0(0B) LOS objects, 10% free, 135MB/151MB, paused 755us total 29.701ms
08-05 13:20:45.041 16992 17420 I art     : Starting a blocking GC Explicit
08-05 13:20:45.070 16992 17420 I art     : Explicit concurrent mark sweep GC freed 4(128B) AllocSpace objects, 0(0B) LOS objects, 10% free, 135MB/151MB, paused 625us total 28.846ms
08-05 13:20:45.080 16992 17420 I art     : Starting a blocking GC Explicit
08-05 13:20:45.109 16992 17420 I art     : Explicit concurrent mark sweep GC freed 3(96B) AllocSpace objects, 0(0B) LOS objects, 10% free, 135MB/151MB, paused 635us total 28.989ms
08-05 13:20:45.119 16992 17420 I art     : Starting a blocking GC Explicit
08-05 13:20:45.148 16992 17420 I art     : Explicit concurrent mark sweep GC freed 3(96B) AllocSpace objects, 0(0B) LOS objects, 10% free, 135MB/151MB, paused 683us total 28.493ms
08-05 13:20:45.468 16992 17004 I art     : Starting a blocking GC Explicit
08-05 13:20:45.503 16992 17004 I art     : Explicit concurrent mark sweep GC freed 1582(91KB) AllocSpace objects, 2(36KB) LOS objects, 10% free, 135MB/151MB, paused 664us total 34.427ms
08-05 13:20:45.513 16992 17004 I art     : Starting a blocking GC Explicit
08-05 13:20:45.532 18698 18698 D AndroidRuntime: >>>>>> START com.android.internal.os.RuntimeInit uid 2000 <<<<<<
08-05 13:20:45.536 18698 18698 D AndroidRuntime: CheckJNI is OFF
08-05 13:20:45.542 16992 17004 I art     : Explicit concurrent mark sweep GC freed 28(1024B) AllocSpace objects, 0(0B) LOS objects, 10% free, 135MB/151MB, paused 681us total 28.630ms
08-05 13:20:45.552 16992 17004 I art     : Starting a blocking GC Explicit
08-05 13:20:45.564 18698 18698 D ICU     : No timezone override file found: /data/misc/zoneinfo/current/icu/icu_tzdata.dat
08-05 13:20:45.579 16992 17004 I art     : Explicit concurrent mark sweep GC freed 3(96B) AllocSpace objects, 0(0B) LOS objects, 10% free, 135MB/151MB, paused 681us total 27.490ms
08-05 13:20:45.589 16992 17004 I art     : Starting a blocking GC Explicit
08-05 13:20:45.590 18698 18698 I Radio-JNI: register_android_hardware_Radio DONE
08-05 13:20:45.607 18698 18698 D AndroidRuntime: Calling main entry com.android.commands.input.Input
08-05 13:20:45.608 18698 18698 I Input   : injectKeyEvent: KeyEvent { action=ACTION_DOWN, keyCode=KEYCODE_BACK, scanCode=0, metaState=0, flags=0x0, repeatCount=0, eventTime=796862022, downTime=796862022, deviceId=-1, source=0x101 }
08-05 13:20:45.615 18698 18698 I Input   : injectKeyEvent: KeyEvent { action=ACTION_UP, keyCode=KEYCODE_BACK, scanCode=0, metaState=0, flags=0x0, repeatCount=0, eventTime=796862022, downTime=796862022, deviceId=-1, source=0x101 }
08-05 13:20:45.617 16992 17004 I art     : Explicit concurrent mark sweep GC freed 4(176B) AllocSpace objects, 0(0B) LOS objects, 10% free, 135MB/151MB, paused 775us total 27.241ms
08-05 13:20:45.620 18698 18698 D AndroidRuntime: Shutting down VM
08-05 13:20:45.626 16992 17004 I art     : Starting a blocking GC Explicit
08-05 13:20:45.634 16992 16992 V MainActivity: url = https://project-travel-mate.herokuapp.com/api/number-of-unread-notifications
08-05 13:20:45.652 16992 17004 I art     : Explicit concurrent mark sweep GC freed 316(12KB) AllocSpace objects, 0(0B) LOS objects, 10% free, 135MB/151MB, paused 625us total 25.430ms
08-05 13:20:45.664 13866 13866 I GoogleInputMethodServic: GoogleInputMethodService.onFinishInput():3138 
08-05 13:20:45.665 13866 13866 I GoogleInputMethodServic: GoogleInputMethodService.onStartInput():1808 
08-05 13:20:45.952   380   380 W SurfaceFlinger: couldn't log to binary event log: overflow.
08-05 13:20:45.959 16992 17004 I art     : Starting a blocking GC Explicit
08-05 13:20:45.989 16992 17004 I art     : Explicit concurrent mark sweep GC freed 2170(120KB) AllocSpace objects, 2(36KB) LOS objects, 10% free, 135MB/151MB, paused 700us total 29.850ms
08-05 13:20:45.999 16992 17004 I art     : Starting a blocking GC Explicit
08-05 13:20:46.025 16992 17004 I art     : Explicit concurrent mark sweep GC freed 193(8KB) AllocSpace objects, 0(0B) LOS objects, 10% free, 135MB/151MB, paused 655us total 25.984ms
08-05 13:20:46.036 16992 17004 I art     : Starting a blocking GC Explicit
08-05 13:20:46.064 16992 17004 I art     : Explicit concurrent mark sweep GC freed 34(928B) AllocSpace objects, 0(0B) LOS objects, 10% free, 135MB/151MB, paused 689us total 28.202ms
08-05 13:20:46.074 16992 17004 I art     : Starting a blocking GC Explicit
08-05 13:20:46.103 16992 17004 I art     : Explicit concurrent mark sweep GC freed 3(96B) AllocSpace objects, 0(0B) LOS objects, 10% free, 135MB/151MB, paused 638us total 28.230ms
08-05 13:20:46.113 16992 17004 I art     : Starting a blocking GC Explicit
08-05 13:20:46.143 16992 17004 I art     : Explicit concurrent mark sweep GC freed 3(96B) AllocSpace objects, 0(0B) LOS objects, 10% free, 135MB/151MB, paused 716us total 29.503ms
08-05 13:20:46.470 16992 18721 I NAPPA_EXPERIMENTATION: MetricNetworkRequestExecutionTime: REQUEST_DURATION_SYSTEM='836',REQUEST_DURATION_OKHTTP='39',REQUEST_SYNCHRONOUS='FALSE',RESPONSE_CODE='200',RESPONSE_METHOD='GET',RESPONSE_LENGTH_OKHTTP='36',RESPONSE_LENGTH_HEADER='36',REQUEST_PROTOCOL='http/1.1',REQUEST_URL='https://project-travel-mate.herokuapp.com/api/number-of-unread-notifications',
08-05 13:20:46.473 16992 17697 I art     : Starting a blocking GC Explicit
08-05 13:20:46.510 16992 17697 I art     : Explicit concurrent mark sweep GC freed 4285(235KB) AllocSpace objects, 5(236KB) LOS objects, 10% free, 135MB/151MB, paused 758us total 36.590ms
08-05 13:20:46.520 16992 17697 I art     : Starting a blocking GC Explicit
08-05 13:20:46.551 16992 17697 I art     : Explicit concurrent mark sweep GC freed 1061(121KB) AllocSpace objects, 0(0B) LOS objects, 10% free, 135MB/151MB, paused 668us total 30.113ms
08-05 13:20:46.561 16992 17697 I art     : Starting a blocking GC Explicit
08-05 13:20:46.591 16992 17697 I art     : Explicit concurrent mark sweep GC freed 3(96B) AllocSpace objects, 0(0B) LOS objects, 10% free, 135MB/151MB, paused 688us total 29.964ms
08-05 13:20:46.602 16992 17697 I art     : Starting a blocking GC Explicit
08-05 13:20:46.631 16992 17697 I art     : Explicit concurrent mark sweep GC freed 3(96B) AllocSpace objects, 0(0B) LOS objects, 10% free, 135MB/151MB, paused 648us total 28.696ms
08-05 13:20:46.641 16992 17697 I art     : Starting a blocking GC Explicit
08-05 13:20:46.669 16992 17697 I art     : Explicit concurrent mark sweep GC freed 3(96B) AllocSpace objects, 0(0B) LOS objects, 10% free, 135MB/151MB, paused 636us total 28.107ms
08-05 13:20:46.719   918  3261 D WifiStateMachine: starting scan for "H369AA63323"WPA_PSK with 2412,5180
08-05 13:20:46.981 16992 17010 I art     : Starting a blocking GC Explicit
08-05 13:20:47.011 16992 17010 I art     : Explicit concurrent mark sweep GC freed 1595(92KB) AllocSpace objects, 2(36KB) LOS objects, 10% free, 135MB/151MB, paused 690us total 29.608ms
08-05 13:20:47.022 16992 17010 I art     : Starting a blocking GC Explicit
08-05 13:20:47.050 16992 17010 I art     : Explicit concurrent mark sweep GC freed 69(2400B) AllocSpace objects, 0(0B) LOS objects, 10% free, 135MB/151MB, paused 651us total 28.603ms
08-05 13:20:47.060 16992 17010 I art     : Starting a blocking GC Explicit
08-05 13:20:47.088 16992 17010 I art     : Explicit concurrent mark sweep GC freed 3(96B) AllocSpace objects, 0(0B) LOS objects, 10% free, 135MB/151MB, paused 707us total 27.684ms
08-05 13:20:47.098 16992 17010 I art     : Starting a blocking GC Explicit
08-05 13:20:47.126 16992 17010 I art     : Explicit concurrent mark sweep GC freed 3(96B) AllocSpace objects, 0(0B) LOS objects, 10% free, 135MB/151MB, paused 634us total 27.347ms
08-05 13:20:47.136 16992 17010 I art     : Starting a blocking GC Explicit
08-05 13:20:47.163 16992 17010 I art     : Explicit concurrent mark sweep GC freed 3(96B) AllocSpace objects, 0(0B) LOS objects, 10% free, 135MB/151MB, paused 648us total 27.148ms
08-05 13:20:47.188 18747 18747 D AndroidRuntime: >>>>>> START com.android.internal.os.RuntimeInit uid 2000 <<<<<<
08-05 13:20:47.192 18747 18747 D AndroidRuntime: CheckJNI is OFF
08-05 13:20:47.217 18747 18747 D ICU     : No timezone override file found: /data/misc/zoneinfo/current/icu/icu_tzdata.dat
08-05 13:20:47.242 18747 18747 I Radio-JNI: register_android_hardware_Radio DONE
08-05 13:20:47.259 18747 18747 D AndroidRuntime: Calling main entry com.android.commands.input.Input
08-05 13:20:47.261 18747 18747 I Input   : injectMotionEvent: MotionEvent { action=ACTION_DOWN, actionButton=0, id[0]=0, x[0]=657.0, y[0]=2037.0, toolType[0]=TOOL_TYPE_UNKNOWN, buttonState=0, metaState=0, flags=0x0, edgeFlags=0x0, pointerCount=1, historySize=0, eventTime=796863674, downTime=796863674, deviceId=0, source=0x1002 }
08-05 13:20:47.267 18747 18747 I Input   : injectMotionEvent: MotionEvent { action=ACTION_UP, actionButton=0, id[0]=0, x[0]=657.0, y[0]=2037.0, toolType[0]=TOOL_TYPE_UNKNOWN, buttonState=0, metaState=0, flags=0x0, edgeFlags=0x0, pointerCount=1, historySize=0, eventTime=796863674, downTime=796863674, deviceId=0, source=0x1002 }
08-05 13:20:47.269 18747 18747 D AndroidRuntime: Shutting down VM
08-05 13:20:47.277   918  3670 I ActivityManager: START u0 {cmp=baseline.io.github.project_travel_mate/.utilities.CompassActivity} from uid 10674 on display 0
08-05 13:20:47.278   512  2967 D audio_hw_primary: out_set_parameters: enter: usecase(1: low-latency-playback) kvpairs: routing=2
08-05 13:20:47.291   512  2967 D audio_hw_primary: select_devices: out_snd_device(2: speaker) in_snd_device(0: none)
08-05 13:20:47.291   512  2967 D msm8974_platform: platform_send_audio_calibration: sending audio calibration for snd_device(2) acdb_id(15)
08-05 13:20:47.291   512  2967 I soundtrigger: audio_extn_sound_trigger_update_device_status: device 0x2 of type 0 for Event 1
08-05 13:20:47.305   512  2967 D audio_hw_primary: enable_snd_device: snd_device(2: speaker)
08-05 13:20:47.307   512  2967 D audio_hw_primary: enable_audio_route: apply and update mixer path: low-latency-playback speaker
08-05 13:20:47.439 16992 17004 I art     : Starting a blocking GC Explicit
08-05 13:20:47.467 16992 17004 I art     : Explicit concurrent mark sweep GC freed 75(3KB) AllocSpace objects, 0(0B) LOS objects, 7% free, 184MB/200MB, paused 827us total 28.198ms
08-05 13:20:47.478 16992 17004 I art     : Starting a blocking GC Explicit
08-05 13:20:47.504 16992 17004 I art     : Explicit concurrent mark sweep GC freed 3(96B) AllocSpace objects, 0(0B) LOS objects, 7% free, 184MB/200MB, paused 679us total 26.469ms
08-05 13:20:47.514 16992 17004 I art     : Starting a blocking GC Explicit
08-05 13:20:47.541 16992 17004 I art     : Explicit concurrent mark sweep GC freed 3(96B) AllocSpace objects, 0(0B) LOS objects, 7% free, 184MB/200MB, paused 734us total 26.711ms
08-05 13:20:47.551 16992 17004 I art     : Starting a blocking GC Explicit
08-05 13:20:47.577 16992 17004 I art     : Explicit concurrent mark sweep GC freed 3(96B) AllocSpace objects, 0(0B) LOS objects, 7% free, 184MB/200MB, paused 723us total 26.466ms
08-05 13:20:47.587 16992 17004 I art     : Starting a blocking GC Explicit
08-05 13:20:47.606   918  3670 I ActivityManager: Killing 19769:com.google.android.apps.photos/u0a62 (adj 15): empty #17
08-05 13:20:47.614 16992 17004 I art     : Explicit concurrent mark sweep GC freed 25(1312B) AllocSpace objects, 0(0B) LOS objects, 7% free, 187MB/203MB, paused 951us total 26.520ms
08-05 13:20:47.643 16992 16992 D CompassActivity: start compass
08-05 13:20:47.644   918  6110 I sensors : batch
08-05 13:20:47.644   918  6110 I sensors : activate
08-05 13:20:47.645   918  5952 I sensors : batch
08-05 13:20:47.645   918  5952 I sensors : activate
08-05 13:20:47.650   918  3188 I hubconnection: sensorhub said: 'batch 1 flags:0, sampling_rate_Hz:50.00, max_report_latency_us:0'
08-05 13:20:47.652   918  3188 I hubconnection: sensorhub said: 'activate 1 enable:1'
08-05 13:20:47.653   918  3188 I hubconnection: sensorhub said: 'batch 3 flags:0, sampling_rate_Hz:50.00, max_report_latency_us:0'
08-05 13:20:47.654   918  3188 I hubconnection: sensorhub said: 'activate 3 enable:1'
08-05 13:20:47.787   918   936 I ActivityManager: Displayed baseline.io.github.project_travel_mate/.utilities.CompassActivity: +498ms
08-05 13:20:47.787 13866 13866 I GoogleInputMethodServic: GoogleInputMethodService.onFinishInput():3138 
08-05 13:20:47.787 13866 13866 I GoogleInputMethodServic: GoogleInputMethodService.onStartInput():1808 
08-05 13:20:47.849   512  2967 D audio_hw_primary: disable_audio_route: reset and update mixer path: low-latency-playback speaker
08-05 13:20:47.851   512  2967 D audio_hw_primary: disable_snd_device: snd_device(2: speaker)
08-05 13:20:47.859   512  2967 I soundtrigger: audio_extn_sound_trigger_update_device_status: device 0x2 of type 0 for Event 0
08-05 13:20:47.868 16992 16992 D CompassActivity: will set rotation from 0.0 to 178.5462
08-05 13:20:47.869 16992 16992 D CompassActivity: will set rotation from 178.5462 to 178.8573
08-05 13:20:47.869 16992 16992 D CompassActivity: will set rotation from 178.8573 to 178.83679
08-05 13:20:47.869 16992 16992 D CompassActivity: will set rotation from 178.83679 to 178.82397
08-05 13:20:47.869 16992 16992 D CompassActivity: will set rotation from 178.82397 to 178.83588
08-05 13:20:47.870 16992 16992 D CompassActivity: will set rotation from 178.83588 to 178.72034
08-05 13:20:47.870 16992 16992 D CompassActivity: will set rotation from 178.72034 to 178.73425
08-05 13:20:47.883 16992 16992 D CompassActivity: will set rotation from 178.73425 to 178.7522
08-05 13:20:47.884 16992 16992 D CompassActivity: will set rotation from 178.7522 to 178.75946
08-05 13:20:47.903 16992 16992 D CompassActivity: will set rotation from 178.75946 to 178.85254
08-05 13:20:47.903 16992 16992 D CompassActivity: will set rotation from 178.85254 to 178.85999
08-05 13:20:47.923 16992 16992 D CompassActivity: will set rotation from 178.85999 to 179.00745
08-05 13:20:47.924 16992 16992 D CompassActivity: will set rotation from 179.00745 to 179.01361
08-05 13:20:47.932 16992 17005 I art     : Starting a blocking GC Explicit
08-05 13:20:47.943 16992 16992 D CompassActivity: will set rotation from 179.01361 to 178.9306
08-05 13:20:47.943 16992 16992 D CompassActivity: will set rotation from 178.9306 to 178.92542
08-05 13:20:47.957 16992 17005 I art     : Explicit concurrent mark sweep GC freed 1928(112KB) AllocSpace objects, 2(36KB) LOS objects, 7% free, 187MB/203MB, paused 566us total 24.905ms
08-05 13:20:47.963 16992 16992 D CompassActivity: will set rotation from 178.92542 to 178.98303
08-05 13:20:47.963 16992 16992 D CompassActivity: will set rotation from 178.98303 to 178.97272
08-05 13:20:47.966 16992 17005 I art     : Starting a blocking GC Explicit
08-05 13:20:47.983 16992 16992 D CompassActivity: will set rotation from 178.97272 to 178.91718
08-05 13:20:47.984 16992 16992 D CompassActivity: will set rotation from 178.91718 to 178.90979
08-05 13:20:47.991 16992 17005 I art     : Explicit concurrent mark sweep GC freed 266(11KB) AllocSpace objects, 0(0B) LOS objects, 7% free, 187MB/203MB, paused 587us total 24.282ms
08-05 13:20:48.000 16992 17005 I art     : Starting a blocking GC Explicit
08-05 13:20:48.003 16992 16992 D CompassActivity: will set rotation from 178.90979 to 178.90509
08-05 13:20:48.003 16992 16992 D CompassActivity: will set rotation from 178.90509 to 178.90259
08-05 13:20:48.022   380   380 W SurfaceFlinger: couldn't log to binary event log: overflow.
08-05 13:20:48.023 16992 16992 D CompassActivity: will set rotation from 178.90259 to 178.94232
08-05 13:20:48.024 16992 16992 D CompassActivity: will set rotation from 178.94232 to 178.94714
08-05 13:20:48.025 16992 17005 I art     : Explicit concurrent mark sweep GC freed 74(3KB) AllocSpace objects, 0(0B) LOS objects, 7% free, 187MB/203MB, paused 625us total 24.326ms
08-05 13:20:48.034 16992 17005 I art     : Starting a blocking GC Explicit
08-05 13:20:48.043 16992 16992 D CompassActivity: will set rotation from 178.94714 to 178.93823
08-05 13:20:48.043 16992 16992 D CompassActivity: will set rotation from 178.93823 to 178.94458
08-05 13:20:48.058 16992 17005 I art     : Explicit concurrent mark sweep GC freed 96(4KB) AllocSpace objects, 0(0B) LOS objects, 7% free, 187MB/203MB, paused 554us total 23.254ms
08-05 13:20:48.063 16992 16992 D CompassActivity: will set rotation from 178.94458 to 179.0263
08-05 13:20:48.063 16992 16992 D CompassActivity: will set rotation from 179.0263 to 179.02966
08-05 13:20:48.067 16992 17005 I art     : Starting a blocking GC Explicit
08-05 13:20:48.084 16992 16992 D CompassActivity: will set rotation from 179.02966 to 179.01837
08-05 13:20:48.084 16992 16992 D CompassActivity: will set rotation from 179.01837 to 179.01654
08-05 13:20:48.090 16992 17005 I art     : Explicit concurrent mark sweep GC freed 83(4KB) AllocSpace objects, 0(0B) LOS objects, 7% free, 187MB/203MB, paused 536us total 22.951ms
08-05 13:20:48.103 16992 16992 D CompassActivity: will set rotation from 179.01654 to 179.04877
08-05 13:20:48.103 16992 16992 D CompassActivity: will set rotation from 179.04877 to 179.04712
08-05 13:20:48.123 16992 16992 D CompassActivity: will set rotation from 179.04712 to 179.10693
08-05 13:20:48.123 16992 16992 D CompassActivity: will set rotation from 179.10693 to 179.1048
08-05 13:20:48.143 16992 16992 D CompassActivity: will set rotation from 179.1048 to 179.22491
08-05 13:20:48.143 16992 16992 D CompassActivity: will set rotation from 179.22491 to 179.22351
08-05 13:20:48.205 16992 16992 D CompassActivity: will set rotation from 179.22351 to 179.29749
08-05 13:20:48.206 16992 16992 D CompassActivity: will set rotation from 179.29749 to 179.29797
08-05 13:20:48.206 16992 16992 D CompassActivity: will set rotation from 179.29797 to 179.30554
08-05 13:20:48.206 16992 16992 D CompassActivity: will set rotation from 179.30554 to 179.30469
08-05 13:20:48.206 16992 16992 D CompassActivity: will set rotation from 179.30469 to 179.34125
08-05 13:20:48.206 16992 16992 D CompassActivity: will set rotation from 179.34125 to 179.34131
08-05 13:20:48.226 16992 16992 D CompassActivity: will set rotation from 179.34131 to 179.34436
08-05 13:20:48.227 16992 16992 D CompassActivity: will set rotation from 179.34436 to 179.34772
08-05 13:20:48.243 16992 16992 D CompassActivity: will set rotation from 179.34772 to 179.3559
08-05 13:20:48.243 16992 16992 D CompassActivity: will set rotation from 179.3559 to 179.36096
08-05 13:20:48.262 16992 16992 D CompassActivity: will set rotation from 179.36096 to 179.36511
08-05 13:20:48.262 16992 16992 D CompassActivity: will set rotation from 179.36511 to 179.35962
08-05 13:20:48.283 16992 16992 D CompassActivity: will set rotation from 179.35962 to 179.36395
08-05 13:20:48.283 16992 16992 D CompassActivity: will set rotation from 179.36395 to 179.35681
08-05 13:20:48.302 16992 16992 D CompassActivity: will set rotation from 179.35681 to 179.38708
08-05 13:20:48.302 16992 16992 D CompassActivity: will set rotation from 179.38708 to 179.38422
08-05 13:20:48.323 16992 16992 D CompassActivity: will set rotation from 179.38422 to 179.38452
08-05 13:20:48.323 16992 16992 D CompassActivity: will set rotation from 179.38452 to 179.39056
08-05 13:20:48.342 16992 16992 D CompassActivity: will set rotation from 179.39056 to 179.31824
08-05 13:20:48.342 16992 16992 D CompassActivity: will set rotation from 179.31824 to 179.3222
08-05 13:20:48.362 16992 16992 D CompassActivity: will set rotation from 179.3222 to 179.30054
08-05 13:20:48.362 16992 16992 D CompassActivity: will set rotation from 179.30054 to 179.3053
08-05 13:20:48.373 16992 17005 I art     : Starting a blocking GC Explicit
08-05 13:20:48.382 16992 16992 D CompassActivity: will set rotation from 179.3053 to 179.31335
08-05 13:20:48.382 16992 16992 D CompassActivity: will set rotation from 179.31335 to 179.31372
08-05 13:20:48.400 16992 17005 I art     : Explicit concurrent mark sweep GC freed 1873(110KB) AllocSpace objects, 2(36KB) LOS objects, 7% free, 187MB/203MB, paused 635us total 25.911ms
08-05 13:20:48.402 16992 16992 D CompassActivity: will set rotation from 179.31372 to 179.31903
08-05 13:20:48.402 16992 16992 D CompassActivity: will set rotation from 179.31903 to 179.3139
08-05 13:20:48.410 16992 17005 I art     : Starting a blocking GC Explicit
08-05 13:20:48.424 16992 16992 D CompassActivity: will set rotation from 179.3139 to 179.27252
08-05 13:20:48.424 16992 16992 D CompassActivity: will set rotation from 179.27252 to 179.26587
08-05 13:20:48.435 16992 17005 I art     : Explicit concurrent mark sweep GC freed 489(19KB) AllocSpace objects, 0(0B) LOS objects, 7% free, 187MB/203MB, paused 596us total 24.653ms
08-05 13:20:48.442 16992 16992 D CompassActivity: will set rotation from 179.26587 to 179.24927
08-05 13:20:48.443 16992 16992 D CompassActivity: will set rotation from 179.24927 to 179.24664
08-05 13:20:48.445 16992 17005 I art     : Starting a blocking GC Explicit
08-05 13:20:48.462 16992 16992 D CompassActivity: will set rotation from 179.24664 to 179.25293
08-05 13:20:48.462 16992 16992 D CompassActivity: will set rotation from 179.25293 to 179.25684
08-05 13:20:48.470 16992 17005 I art     : Explicit concurrent mark sweep GC freed 73(3KB) AllocSpace objects, 0(0B) LOS objects, 7% free, 187MB/203MB, paused 594us total 25.450ms
08-05 13:20:48.480 16992 17005 I art     : Starting a blocking GC Explicit
08-05 13:20:48.482 16992 16992 D CompassActivity: will set rotation from 179.25684 to 179.26392
08-05 13:20:48.483 16992 16992 D CompassActivity: will set rotation from 179.26392 to 179.26782
08-05 13:20:48.502 16992 16992 D CompassActivity: will set rotation from 179.26782 to 179.27386
08-05 13:20:48.502 16992 16992 D CompassActivity: will set rotation from 179.27386 to 179.27686
08-05 13:20:48.506 16992 17005 I art     : Explicit concurrent mark sweep GC freed 89(4KB) AllocSpace objects, 0(0B) LOS objects, 7% free, 187MB/203MB, paused 540us total 26.197ms
08-05 13:20:48.515 16992 17005 I art     : Starting a blocking GC Explicit
08-05 13:20:48.522 16992 16992 D CompassActivity: will set rotation from 179.27686 to 179.32129
08-05 13:20:48.522 16992 16992 D CompassActivity: will set rotation from 179.32129 to 179.32373
08-05 13:20:48.541 16992 17005 I art     : Explicit concurrent mark sweep GC freed 75(3KB) AllocSpace objects, 0(0B) LOS objects, 7% free, 187MB/203MB, paused 542us total 25.439ms
08-05 13:20:48.543 16992 16992 D CompassActivity: will set rotation from 179.32373 to 179.33154
08-05 13:20:48.543 16992 16992 D CompassActivity: will set rotation from 179.33154 to 179.33325
08-05 13:20:48.561 16992 16992 D CompassActivity: will set rotation from 179.33325 to 179.37604
08-05 13:20:48.562 16992 16992 D CompassActivity: will set rotation from 179.37604 to 179.37445
08-05 13:20:48.582 16992 16992 D CompassActivity: will set rotation from 179.37445 to 179.38062
08-05 13:20:48.582 16992 16992 D CompassActivity: will set rotation from 179.38062 to 179.3753
08-05 13:20:48.602 16992 16992 D CompassActivity: will set rotation from 179.3753 to 179.35944
08-05 13:20:48.602 16992 16992 D CompassActivity: will set rotation from 179.35944 to 179.3562
08-05 13:20:48.621 16992 16992 D CompassActivity: will set rotation from 179.3562 to 179.33868
08-05 13:20:48.622 16992 16992 D CompassActivity: will set rotation from 179.33868 to 179.33838
08-05 13:20:48.642 16992 16992 D CompassActivity: will set rotation from 179.33838 to 179.34473
08-05 13:20:48.643 16992 16992 D CompassActivity: will set rotation from 179.34473 to 179.34705
08-05 13:20:48.661 16992 16992 D CompassActivity: will set rotation from 179.34705 to 179.35242
08-05 13:20:48.661 16992 16992 D CompassActivity: will set rotation from 179.35242 to 179.35504
08-05 13:20:48.682 16992 16992 D CompassActivity: will set rotation from 179.35504 to 179.38171
08-05 13:20:48.682 16992 16992 D CompassActivity: will set rotation from 179.38171 to 179.3866
08-05 13:20:48.702 16992 16992 D CompassActivity: will set rotation from 179.3866 to 179.42609
08-05 13:20:48.702 16992 16992 D CompassActivity: will set rotation from 179.42609 to 179.42639
08-05 13:20:48.721 16992 16992 D CompassActivity: will set rotation from 179.42639 to 179.42633
08-05 13:20:48.722 16992 16992 D CompassActivity: will set rotation from 179.42633 to 179.42487
08-05 13:20:48.742 16992 16992 D CompassActivity: will set rotation from 179.42487 to 179.40692
08-05 13:20:48.742 16992 16992 D CompassActivity: will set rotation from 179.40692 to 179.40503
08-05 13:20:48.762 16992 16992 D CompassActivity: will set rotation from 179.40503 to 179.40808
08-05 13:20:48.763 16992 16992 D CompassActivity: will set rotation from 179.40808 to 179.40454
08-05 13:20:48.781 16992 16992 D CompassActivity: will set rotation from 179.40454 to 179.42645
08-05 13:20:48.782 16992 16992 D CompassActivity: will set rotation from 179.42645 to 179.42432
08-05 13:20:48.802 16992 16992 D CompassActivity: will set rotation from 179.42432 to 179.46161
08-05 13:20:48.802 16992 16992 D CompassActivity: will set rotation from 179.46161 to 179.4624
08-05 13:20:48.822 16992 16992 D CompassActivity: will set rotation from 179.4624 to 179.48181
08-05 13:20:48.823 16992 16992 D CompassActivity: will set rotation from 179.48181 to 179.48608
08-05 13:20:48.844 16992 16992 D CompassActivity: will set rotation from 179.48608 to 179.44873
08-05 13:20:48.844 16992 16992 D CompassActivity: will set rotation from 179.44873 to 179.45123
08-05 13:20:48.864 16992 16992 D CompassActivity: will set rotation from 179.45123 to 179.45203
08-05 13:20:48.865 16992 16992 D CompassActivity: will set rotation from 179.45203 to 179.45184
08-05 13:20:48.867 16992 17420 I art     : Starting a blocking GC Explicit
08-05 13:20:48.883 16992 16992 D CompassActivity: will set rotation from 179.45184 to 179.43427
08-05 13:20:48.884 16992 16992 D CompassActivity: will set rotation from 179.43427 to 179.43158
08-05 13:20:48.902 16992 17420 I art     : Explicit concurrent mark sweep GC freed 1880(112KB) AllocSpace objects, 2(36KB) LOS objects, 7% free, 187MB/203MB, paused 695us total 33.860ms
08-05 13:20:48.902 16992 16992 D CompassActivity: will set rotation from 179.43158 to 179.43188
08-05 13:20:48.903 16992 16992 D CompassActivity: will set rotation from 179.43188 to 179.42944
08-05 13:20:48.914 16992 17420 I art     : Starting a blocking GC Explicit
08-05 13:20:48.921 16992 16992 D CompassActivity: will set rotation from 179.42944 to 179.44775
08-05 13:20:48.922 16992 16992 D CompassActivity: will set rotation from 179.44775 to 179.4477
08-05 13:20:48.942 16992 16992 D CompassActivity: will set rotation from 179.4477 to 179.4491
08-05 13:20:48.943 16992 16992 D CompassActivity: will set rotation from 179.4491 to 179.45105
08-05 13:20:48.948 16992 17420 I art     : Explicit concurrent mark sweep GC freed 576(22KB) AllocSpace objects, 0(0B) LOS objects, 7% free, 187MB/203MB, paused 605us total 33.623ms
08-05 13:20:48.960 16992 17420 I art     : Starting a blocking GC Explicit
08-05 13:20:48.965 16992 16992 D CompassActivity: will set rotation from 179.45105 to 179.46753
08-05 13:20:48.966 16992 16992 D CompassActivity: will set rotation from 179.46753 to 179.47058
08-05 13:20:48.982 16992 16992 D CompassActivity: will set rotation from 179.47058 to 179.45251
08-05 13:20:48.982 16992 16992 D CompassActivity: will set rotation from 179.45251 to 179.45508
08-05 13:20:48.999 16992 17420 I art     : Explicit concurrent mark sweep GC freed 118(5KB) AllocSpace objects, 0(0B) LOS objects, 7% free, 187MB/203MB, paused 1.323ms total 38.060ms
08-05 13:20:49.002 16992 16992 D CompassActivity: will set rotation from 179.45508 to 179.43427
08-05 13:20:49.002 16992 16992 D CompassActivity: will set rotation from 179.43427 to 179.43445
08-05 13:20:49.009 16992 17420 I art     : Starting a blocking GC Explicit
08-05 13:20:49.021 16992 16992 D CompassActivity: will set rotation from 179.43445 to 179.38184
08-05 13:20:49.021 16992 16992 D CompassActivity: will set rotation from 179.38184 to 179.37933
08-05 13:20:49.039 16992 17420 I art     : Explicit concurrent mark sweep GC freed 120(5KB) AllocSpace objects, 0(0B) LOS objects, 7% free, 187MB/203MB, paused 1.332ms total 29.806ms
08-05 13:20:49.044 16992 16992 D CompassActivity: will set rotation from 179.37933 to 179.36151
08-05 13:20:49.044 16992 16992 D CompassActivity: will set rotation from 179.36151 to 179.35907
08-05 13:20:49.049 16992 17420 I art     : Starting a blocking GC Explicit
08-05 13:20:49.062 16992 16992 D CompassActivity: will set rotation from 179.35907 to 179.34155
08-05 13:20:49.062 16992 16992 D CompassActivity: will set rotation from 179.34155 to 179.33813
08-05 13:20:49.075 16992 17420 I art     : Explicit concurrent mark sweep GC freed 111(5KB) AllocSpace objects, 0(0B) LOS objects, 7% free, 187MB/203MB, paused 570us total 25.421ms
08-05 13:20:49.083 16992 16992 D CompassActivity: will set rotation from 179.33813 to 179.35901
08-05 13:20:49.083 16992 16992 D CompassActivity: will set rotation from 179.35901 to 179.35858
08-05 13:20:49.102 16992 16992 D CompassActivity: will set rotation from 179.35858 to 179.36157
08-05 13:20:49.102 16992 16992 D CompassActivity: will set rotation from 179.36157 to 179.36432
08-05 13:20:49.121 16992 16992 D CompassActivity: will set rotation from 179.36432 to 179.38666
08-05 13:20:49.121 16992 16992 D CompassActivity: will set rotation from 179.38666 to 179.38971
08-05 13:20:49.146 16992 16992 D CompassActivity: will set rotation from 179.38971 to 179.44025
08-05 13:20:49.147 16992 16992 D CompassActivity: will set rotation from 179.44025 to 179.44128
08-05 13:20:49.162 16992 16992 D CompassActivity: will set rotation from 179.44128 to 179.46057
08-05 13:20:49.163 16992 16992 D CompassActivity: will set rotation from 179.46057 to 179.4596
08-05 13:20:49.183 16992 16992 D CompassActivity: will set rotation from 179.4596 to 179.46191
08-05 13:20:49.183 16992 16992 D CompassActivity: will set rotation from 179.46191 to 179.45996
08-05 13:20:49.201 16992 16992 D CompassActivity: will set rotation from 179.45996 to 179.47656
08-05 13:20:49.202 16992 16992 D CompassActivity: will set rotation from 179.47656 to 179.47388
08-05 13:20:49.221 16992 16992 D CompassActivity: will set rotation from 179.47388 to 179.49146
08-05 13:20:49.224 16992 16992 D CompassActivity: will set rotation from 179.49146 to 179.48999
08-05 13:20:49.247 16992 16992 D CompassActivity: will set rotation from 179.48999 to 179.47461
08-05 13:20:49.248 16992 16992 D CompassActivity: will set rotation from 179.47461 to 179.47614
08-05 13:20:49.260 16992 16992 D CompassActivity: will set rotation from 179.47614 to 179.47723
08-05 13:20:49.261 16992 16992 D CompassActivity: will set rotation from 179.47723 to 179.48059
08-05 13:20:49.280 16992 16992 D CompassActivity: will set rotation from 179.48059 to 179.46497
08-05 13:20:49.280 16992 16992 D CompassActivity: will set rotation from 179.46497 to 179.46582
08-05 13:20:49.300 16992 16992 D CompassActivity: will set rotation from 179.46582 to 179.48431
08-05 13:20:49.301 16992 16992 D CompassActivity: will set rotation from 179.48431 to 179.48425
08-05 13:20:49.320 16992 16992 D CompassActivity: will set rotation from 179.48425 to 179.50275
08-05 13:20:49.320 16992 16992 D CompassActivity: will set rotation from 179.50275 to 179.50085
08-05 13:20:49.340 16992 16992 D CompassActivity: will set rotation from 179.50085 to 179.52844
08-05 13:20:49.340 16992 16992 D CompassActivity: will set rotation from 179.52844 to 179.52612
08-05 13:20:49.360 16992 16992 D CompassActivity: will set rotation from 179.52612 to 179.54004
08-05 13:20:49.360 16992 16992 D CompassActivity: will set rotation from 179.54004 to 179.5404
08-05 13:20:49.379 16992 16992 D CompassActivity: will set rotation from 179.5404 to 179.53967
08-05 13:20:49.380 16992 16992 D CompassActivity: will set rotation from 179.53967 to 179.53937
08-05 13:20:49.400 16992 16992 D CompassActivity: will set rotation from 179.53937 to 179.53662
08-05 13:20:49.401 16992 16992 D CompassActivity: will set rotation from 179.53662 to 179.53735
08-05 13:20:49.421 16992 16992 D CompassActivity: will set rotation from 179.53735 to 179.51678
08-05 13:20:49.422 16992 16992 D CompassActivity: will set rotation from 179.51678 to 179.51923
08-05 13:20:49.433 16992 17420 I art     : Starting a blocking GC Explicit
08-05 13:20:49.440 16992 16992 D CompassActivity: will set rotation from 179.51923 to 179.49805
08-05 13:20:49.442 16992 16992 D CompassActivity: will set rotation from 179.49805 to 179.49731
08-05 13:20:49.465 16992 16992 D CompassActivity: will set rotation from 179.49731 to 179.51093
08-05 13:20:49.466 16992 16992 D CompassActivity: will set rotation from 179.51093 to 179.50879
08-05 13:20:49.467 16992 17420 I art     : Explicit concurrent mark sweep GC freed 1912(114KB) AllocSpace objects, 2(36KB) LOS objects, 7% free, 187MB/203MB, paused 660us total 33.566ms
08-05 13:20:49.479 16992 17420 I art     : Starting a blocking GC Explicit
08-05 13:20:49.480 16992 16992 D CompassActivity: will set rotation from 179.50879 to 179.50458
08-05 13:20:49.481 16992 16992 D CompassActivity: will set rotation from 179.50458 to 179.50269
08-05 13:20:49.501 16992 16992 D CompassActivity: will set rotation from 179.50269 to 179.48407
08-05 13:20:49.501 16992 16992 D CompassActivity: will set rotation from 179.48407 to 179.4848
08-05 13:20:49.507 16992 17420 I art     : Explicit concurrent mark sweep GC freed 625(24KB) AllocSpace objects, 0(0B) LOS objects, 7% free, 187MB/203MB, paused 789us total 28.196ms
08-05 13:20:49.517 16992 17420 I art     : Starting a blocking GC Explicit
08-05 13:20:49.520 16992 16992 D CompassActivity: will set rotation from 179.4848 to 179.48254
08-05 13:20:49.520 16992 16992 D CompassActivity: will set rotation from 179.48254 to 179.48395
08-05 13:20:49.540 16992 16992 D CompassActivity: will set rotation from 179.48395 to 179.4978
08-05 13:20:49.541 16992 16992 D CompassActivity: will set rotation from 179.4978 to 179.49939
08-05 13:20:49.545 16992 17420 I art     : Explicit concurrent mark sweep GC freed 102(4KB) AllocSpace objects, 0(0B) LOS objects, 7% free, 187MB/203MB, paused 626us total 28.346ms
08-05 13:20:49.556 16992 17420 I art     : Starting a blocking GC Explicit
08-05 13:20:49.559 16992 16992 D CompassActivity: will set rotation from 179.49939 to 179.47992
08-05 13:20:49.560 16992 16992 D CompassActivity: will set rotation from 179.47992 to 179.4812
08-05 13:20:49.579 16992 16992 D CompassActivity: will set rotation from 179.4812 to 179.49384
08-05 13:20:49.579 16992 16992 D CompassActivity: will set rotation from 179.49384 to 179.49097
08-05 13:20:49.583 16992 17420 I art     : Explicit concurrent mark sweep GC freed 89(4KB) AllocSpace objects, 0(0B) LOS objects, 7% free, 187MB/203MB, paused 565us total 26.855ms
08-05 13:20:49.594 16992 17420 I art     : Starting a blocking GC Explicit
08-05 13:20:49.599 16992 16992 D CompassActivity: will set rotation from 179.49097 to 179.45673
08-05 13:20:49.600 16992 16992 D CompassActivity: will set rotation from 179.45673 to 179.4538
08-05 13:20:49.619 16992 16992 D CompassActivity: will set rotation from 179.4538 to 179.45166
08-05 13:20:49.620 16992 16992 D CompassActivity: will set rotation from 179.45166 to 179.4494
08-05 13:20:49.622 16992 17420 I art     : Explicit concurrent mark sweep GC freed 87(4KB) AllocSpace objects, 0(0B) LOS objects, 7% free, 187MB/203MB, paused 707us total 28.160ms
08-05 13:20:49.639 16992 16992 D CompassActivity: will set rotation from 179.4494 to 179.46344
08-05 13:20:49.640 16992 16992 D CompassActivity: will set rotation from 179.46344 to 179.46234
08-05 13:20:49.659 16992 16992 D CompassActivity: will set rotation from 179.46234 to 179.44238
08-05 13:20:49.659 16992 16992 D CompassActivity: will set rotation from 179.44238 to 179.44153
08-05 13:20:49.679 16992 16992 D CompassActivity: will set rotation from 179.44153 to 179.42456
08-05 13:20:49.679 16992 16992 D CompassActivity: will set rotation from 179.42456 to 179.42792
08-05 13:20:49.699 16992 16992 D CompassActivity: will set rotation from 179.42792 to 179.41174
08-05 13:20:49.699 16992 16992 D CompassActivity: will set rotation from 179.41174 to 179.41437
08-05 13:20:49.718 16992 16992 D CompassActivity: will set rotation from 179.41437 to 179.3985
08-05 13:20:49.719 16992 16992 D CompassActivity: will set rotation from 179.3985 to 179.3988
08-05 13:20:49.738 16992 16992 D CompassActivity: will set rotation from 179.3988 to 179.41394
08-05 13:20:49.739 16992 16992 D CompassActivity: will set rotation from 179.41394 to 179.41284
08-05 13:20:49.760 16992 16992 D CompassActivity: will set rotation from 179.41284 to 179.41101
08-05 13:20:49.761 16992 16992 D CompassActivity: will set rotation from 179.41101 to 179.41034
08-05 13:20:49.780 16992 16992 D CompassActivity: will set rotation from 179.41034 to 179.40924
08-05 13:20:49.780 16992 16992 D CompassActivity: will set rotation from 179.40924 to 179.40588
08-05 13:20:49.799 16992 16992 D CompassActivity: will set rotation from 179.40588 to 179.37463
08-05 13:20:49.799 16992 16992 D CompassActivity: will set rotation from 179.37463 to 179.37201
08-05 13:20:49.818 16992 16992 D CompassActivity: will set rotation from 179.37201 to 179.35681
08-05 13:20:49.819 16992 16992 D CompassActivity: will set rotation from 179.35681 to 179.35852
08-05 13:20:49.840 16992 16992 D CompassActivity: will set rotation from 179.35852 to 179.35968
08-05 13:20:49.840 16992 16992 D CompassActivity: will set rotation from 179.35968 to 179.36127
08-05 13:20:49.861 16992 16992 D CompassActivity: will set rotation from 179.36127 to 179.34583
08-05 13:20:49.862 16992 16992 D CompassActivity: will set rotation from 179.34583 to 179.34601
08-05 13:20:49.880 16992 16992 D CompassActivity: will set rotation from 179.34601 to 179.33148
08-05 13:20:49.880 16992 16992 D CompassActivity: will set rotation from 179.33148 to 179.3299
08-05 13:20:49.898 16992 16992 D CompassActivity: will set rotation from 179.3299 to 179.29858
08-05 13:20:49.898 16992 16992 D CompassActivity: will set rotation from 179.29858 to 179.29883
08-05 13:20:49.918 16992 16992 D CompassActivity: will set rotation from 179.29883 to 179.28491
08-05 13:20:49.918 16992 16992 D CompassActivity: will set rotation from 179.28491 to 179.28485
08-05 13:20:49.938 16992 16992 D CompassActivity: will set rotation from 179.28485 to 179.23962
08-05 13:20:49.939 16992 17005 I art     : Starting a blocking GC Explicit
08-05 13:20:49.939 16992 16992 D CompassActivity: will set rotation from 179.23962 to 179.2395
08-05 13:20:49.960 16992 16992 D CompassActivity: will set rotation from 179.2395 to 179.24078
08-05 13:20:49.961 16992 16992 D CompassActivity: will set rotation from 179.24078 to 179.23883
08-05 13:20:49.977 16992 17005 I art     : Explicit concurrent mark sweep GC freed 1893(112KB) AllocSpace objects, 2(36KB) LOS objects, 7% free, 187MB/203MB, paused 1.185ms total 38.218ms
08-05 13:20:49.982 16992 16992 D CompassActivity: will set rotation from 179.23883 to 179.22644
08-05 13:20:49.983 16992 16992 D CompassActivity: will set rotation from 179.22644 to 179.22644
08-05 13:20:49.991 16992 17005 I art     : Starting a blocking GC Explicit
08-05 13:20:49.998 16992 16992 D CompassActivity: will set rotation from 179.22644 to 179.21442
08-05 13:20:49.998 16992 16992 D CompassActivity: will set rotation from 179.21442 to 179.21497
08-05 13:20:50.017 18817 18817 D AndroidRuntime: >>>>>> START com.android.internal.os.RuntimeInit uid 2000 <<<<<<
08-05 13:20:50.020 16992 16992 D CompassActivity: will set rotation from 179.21497 to 179.18738
08-05 13:20:50.020 16992 17005 I art     : Explicit concurrent mark sweep GC freed 560(21KB) AllocSpace objects, 0(0B) LOS objects, 7% free, 187MB/203MB, paused 841us total 28.473ms
08-05 13:20:50.020 16992 16992 D CompassActivity: will set rotation from 179.18738 to 179.1897
08-05 13:20:50.023 18817 18817 D AndroidRuntime: CheckJNI is OFF
08-05 13:20:50.031 16992 17005 I art     : Starting a blocking GC Explicit
08-05 13:20:50.039 16992 16992 D CompassActivity: will set rotation from 179.1897 to 179.17859
08-05 13:20:50.039 16992 16992 D CompassActivity: will set rotation from 179.17859 to 179.17883
08-05 13:20:50.049 18817 18817 D ICU     : No timezone override file found: /data/misc/zoneinfo/current/icu/icu_tzdata.dat
08-05 13:20:50.061 16992 17005 I art     : Explicit concurrent mark sweep GC freed 120(5KB) AllocSpace objects, 0(0B) LOS objects, 7% free, 187MB/203MB, paused 793us total 29.579ms
08-05 13:20:50.062 16992 16992 D CompassActivity: will set rotation from 179.17883 to 179.18433
08-05 13:20:50.062 16992 16992 D CompassActivity: will set rotation from 179.18433 to 179.18457
08-05 13:20:50.071 16992 17005 I art     : Starting a blocking GC Explicit
08-05 13:20:50.078 18817 18817 I Radio-JNI: register_android_hardware_Radio DONE
08-05 13:20:50.083 16992 16992 D CompassActivity: will set rotation from 179.18457 to 179.1911
08-05 13:20:50.084 16992 16992 D CompassActivity: will set rotation from 179.1911 to 179.19135
08-05 13:20:50.094 18817 18817 D AndroidRuntime: Calling main entry com.android.commands.input.Input
08-05 13:20:50.096 18817 18817 I Input   : injectKeyEvent: KeyEvent { action=ACTION_DOWN, keyCode=KEYCODE_BACK, scanCode=0, metaState=0, flags=0x0, repeatCount=0, eventTime=796866509, downTime=796866509, deviceId=-1, source=0x101 }
08-05 13:20:50.100 16992 17005 I art     : Explicit concurrent mark sweep GC freed 105(4KB) AllocSpace objects, 0(0B) LOS objects, 7% free, 187MB/203MB, paused 1.049ms total 29.080ms
08-05 13:20:50.100 16992 16992 D CompassActivity: will set rotation from 179.19135 to 179.16553
08-05 13:20:50.101 16992 16992 D CompassActivity: will set rotation from 179.16553 to 179.16321
08-05 13:20:50.104 18817 18817 I Input   : injectKeyEvent: KeyEvent { action=ACTION_UP, keyCode=KEYCODE_BACK, scanCode=0, metaState=0, flags=0x0, repeatCount=0, eventTime=796866509, downTime=796866509, deviceId=-1, source=0x101 }
08-05 13:20:50.111 16992 17005 I art     : Starting a blocking GC Explicit
08-05 13:20:50.111 18817 18817 D AndroidRuntime: Shutting down VM
08-05 13:20:50.112   918   929 I sensors : activate
08-05 13:20:50.113   918  5132 I sensors : activate
08-05 13:20:50.117   918  3188 I hubconnection: sensorhub said: 'activate 1 enable:0'
08-05 13:20:50.118   918  3188 I hubconnection: sensorhub said: 'activate 3 enable:0'
08-05 13:20:50.138 16992 17005 I art     : Explicit concurrent mark sweep GC freed 173(6KB) AllocSpace objects, 0(0B) LOS objects, 7% free, 187MB/203MB, paused 675us total 27.112ms
08-05 13:20:50.141 16992 16992 V MainActivity: url = https://project-travel-mate.herokuapp.com/api/number-of-unread-notifications
08-05 13:20:50.232 13866 13866 I GoogleInputMethodServic: GoogleInputMethodService.onFinishInput():3138 
08-05 13:20:50.232 13866 13866 I GoogleInputMethodServic: GoogleInputMethodService.onStartInput():1808 
08-05 13:20:50.404 16992 17420 I art     : Starting a blocking GC Explicit
08-05 13:20:50.440 16992 17420 I art     : Explicit concurrent mark sweep GC freed 2005(111KB) AllocSpace objects, 2(36KB) LOS objects, 7% free, 187MB/203MB, paused 716us total 35.426ms
08-05 13:20:50.452 16992 17420 I art     : Starting a blocking GC Explicit
08-05 13:20:50.480 16992 17420 I art     : Explicit concurrent mark sweep GC freed 79(3KB) AllocSpace objects, 0(0B) LOS objects, 7% free, 187MB/203MB, paused 621us total 27.751ms
08-05 13:20:50.490 16992 17420 I art     : Starting a blocking GC Explicit
08-05 13:20:50.493   380   380 W SurfaceFlinger: couldn't log to binary event log: overflow.
08-05 13:20:50.493 16992 16992 D CompassActivity: stop compass
08-05 13:20:50.518 16992 17420 I art     : Explicit concurrent mark sweep GC freed 21(896B) AllocSpace objects, 0(0B) LOS objects, 7% free, 187MB/203MB, paused 689us total 28.560ms
08-05 13:20:50.529 16992 17420 I art     : Starting a blocking GC Explicit
08-05 13:20:50.567 16992 17420 I art     : Explicit concurrent mark sweep GC freed 1267(81KB) AllocSpace objects, 3(52MB) LOS objects, 10% free, 135MB/151MB, paused 682us total 37.571ms
08-05 13:20:50.578 16992 17420 I art     : Starting a blocking GC Explicit
08-05 13:20:50.607 16992 17420 I art     : Explicit concurrent mark sweep GC freed 591(52KB) AllocSpace objects, 0(0B) LOS objects, 10% free, 135MB/151MB, paused 892us total 29.120ms
08-05 13:20:50.676 16992 18840 I NAPPA_EXPERIMENTATION: MetricNetworkRequestExecutionTime: REQUEST_DURATION_SYSTEM='534',REQUEST_DURATION_OKHTTP='39',REQUEST_SYNCHRONOUS='FALSE',RESPONSE_CODE='200',RESPONSE_METHOD='GET',RESPONSE_LENGTH_OKHTTP='36',RESPONSE_LENGTH_HEADER='36',REQUEST_PROTOCOL='http/1.1',REQUEST_URL='https://project-travel-mate.herokuapp.com/api/number-of-unread-notifications',
08-05 13:20:50.935 16992 17004 I art     : Starting a blocking GC Explicit
08-05 13:20:50.984 16992 17004 I art     : Explicit concurrent mark sweep GC freed 3884(194KB) AllocSpace objects, 5(236KB) LOS objects, 10% free, 135MB/151MB, paused 782us total 47.997ms
08-05 13:20:50.996 16992 17004 I art     : Starting a blocking GC Explicit
08-05 13:20:51.027 16992 17004 I art     : Explicit concurrent mark sweep GC freed 896(111KB) AllocSpace objects, 0(0B) LOS objects, 10% free, 135MB/151MB, paused 754us total 30.475ms
08-05 13:20:51.037 16992 17004 I art     : Starting a blocking GC Explicit
08-05 13:20:51.067 16992 17004 I art     : Explicit concurrent mark sweep GC freed 34(928B) AllocSpace objects, 0(0B) LOS objects, 10% free, 135MB/151MB, paused 754us total 29.632ms
08-05 13:20:51.078 16992 17004 I art     : Starting a blocking GC Explicit
08-05 13:20:51.108 16992 17004 I art     : Explicit concurrent mark sweep GC freed 3(96B) AllocSpace objects, 0(0B) LOS objects, 10% free, 135MB/151MB, paused 727us total 28.531ms
08-05 13:20:51.118 16992 17004 I art     : Starting a blocking GC Explicit
08-05 13:20:51.148 16992 17004 I art     : Explicit concurrent mark sweep GC freed 3(96B) AllocSpace objects, 0(0B) LOS objects, 10% free, 135MB/151MB, paused 714us total 29.619ms
08-05 13:20:51.466 16992 17010 I art     : Starting a blocking GC Explicit
08-05 13:20:51.496 16992 17010 I art     : Explicit concurrent mark sweep GC freed 1583(92KB) AllocSpace objects, 2(36KB) LOS objects, 10% free, 135MB/151MB, paused 693us total 30.247ms
08-05 13:20:51.506 16992 17010 I art     : Starting a blocking GC Explicit
08-05 13:20:51.536 16992 17010 I art     : Explicit concurrent mark sweep GC freed 28(1024B) AllocSpace objects, 0(0B) LOS objects, 10% free, 135MB/151MB, paused 694us total 29.528ms
08-05 13:20:51.546 16992 17010 I art     : Starting a blocking GC Explicit
08-05 13:20:51.573 16992 17010 I art     : Explicit concurrent mark sweep GC freed 3(96B) AllocSpace objects, 0(0B) LOS objects, 10% free, 135MB/151MB, paused 663us total 26.941ms
08-05 13:20:51.583 16992 17010 I art     : Starting a blocking GC Explicit
08-05 13:20:51.612 16992 17010 I art     : Explicit concurrent mark sweep GC freed 7(224B) AllocSpace objects, 0(0B) LOS objects, 10% free, 135MB/151MB, paused 646us total 28.209ms
08-05 13:20:51.621 16992 17010 I art     : Starting a blocking GC Explicit
08-05 13:20:51.649 16992 17010 I art     : Explicit concurrent mark sweep GC freed 12(576B) AllocSpace objects, 0(0B) LOS objects, 10% free, 135MB/151MB, paused 681us total 27.762ms
08-05 13:20:51.690 18868 18868 D AndroidRuntime: >>>>>> START com.android.internal.os.RuntimeInit uid 2000 <<<<<<
08-05 13:20:51.694 18868 18868 D AndroidRuntime: CheckJNI is OFF
08-05 13:20:51.720 18868 18868 D ICU     : No timezone override file found: /data/misc/zoneinfo/current/icu/icu_tzdata.dat
08-05 13:20:51.746 18868 18868 I Radio-JNI: register_android_hardware_Radio DONE
08-05 13:20:51.763 18868 18868 D AndroidRuntime: Calling main entry com.android.commands.input.Input
08-05 13:20:51.765 18868 18868 I Input   : injectMotionEvent: MotionEvent { action=ACTION_DOWN, actionButton=0, id[0]=0, x[0]=500.0, y[0]=2000.0, toolType[0]=TOOL_TYPE_UNKNOWN, buttonState=0, metaState=0, flags=0x0, edgeFlags=0x0, pointerCount=1, historySize=0, eventTime=796868178, downTime=796868178, deviceId=0, source=0x1002 }
08-05 13:20:51.821 18868 18868 I Input   : injectMotionEvent: MotionEvent { action=ACTION_MOVE, actionButton=0, id[0]=0, x[0]=500.0, y[0]=2000.0, toolType[0]=TOOL_TYPE_UNKNOWN, buttonState=0, metaState=0, flags=0x0, edgeFlags=0x0, pointerCount=1, historySize=0, eventTime=796868178, downTime=796868178, deviceId=0, source=0x1002 }
08-05 13:20:51.829 18868 18868 I Input   : injectMotionEvent: MotionEvent { action=ACTION_MOVE, actionButton=0, id[0]=0, x[0]=500.0, y[0]=1878.4, toolType[0]=TOOL_TYPE_UNKNOWN, buttonState=0, metaState=0, flags=0x0, edgeFlags=0x0, pointerCount=1, historySize=0, eventTime=796868242, downTime=796868242, deviceId=0, source=0x1002 }
08-05 13:20:51.848 18868 18868 I Input   : injectMotionEvent: MotionEvent { action=ACTION_MOVE, actionButton=0, id[0]=0, x[0]=500.0, y[0]=1842.3, toolType[0]=TOOL_TYPE_UNKNOWN, buttonState=0, metaState=0, flags=0x0, edgeFlags=0x0, pointerCount=1, historySize=0, eventTime=796868261, downTime=796868261, deviceId=0, source=0x1002 }
08-05 13:20:51.863 18868 18868 I Input   : injectMotionEvent: MotionEvent { action=ACTION_MOVE, actionButton=0, id[0]=0, x[0]=500.0, y[0]=1811.9, toolType[0]=TOOL_TYPE_UNKNOWN, buttonState=0, metaState=0, flags=0x0, edgeFlags=0x0, pointerCount=1, historySize=0, eventTime=796868277, downTime=796868277, deviceId=0, source=0x1002 }
08-05 13:20:51.877 18868 18868 I Input   : injectMotionEvent: MotionEvent { action=ACTION_MOVE, actionButton=0, id[0]=0, x[0]=500.0, y[0]=1785.3, toolType[0]=TOOL_TYPE_UNKNOWN, buttonState=0, metaState=0, flags=0x0, edgeFlags=0x0, pointerCount=1, historySize=0, eventTime=796868291, downTime=796868291, deviceId=0, source=0x1002 }
08-05 13:20:51.894 18868 18868 I Input   : injectMotionEvent: MotionEvent { action=ACTION_MOVE, actionButton=0, id[0]=0, x[0]=500.0, y[0]=1754.9, toolType[0]=TOOL_TYPE_UNKNOWN, buttonState=0, metaState=0, flags=0x0, edgeFlags=0x0, pointerCount=1, historySize=0, eventTime=796868307, downTime=796868307, deviceId=0, source=0x1002 }
08-05 13:20:51.911 18868 18868 I Input   : injectMotionEvent: MotionEvent { action=ACTION_MOVE, actionButton=0, id[0]=0, x[0]=500.0, y[0]=1722.6, toolType[0]=TOOL_TYPE_UNKNOWN, buttonState=0, metaState=0, flags=0x0, edgeFlags=0x0, pointerCount=1, historySize=0, eventTime=796868324, downTime=796868324, deviceId=0, source=0x1002 }
08-05 13:20:51.925 16992 17004 I art     : Starting a blocking GC Explicit
08-05 13:20:51.927 18868 18868 I Input   : injectMotionEvent: MotionEvent { action=ACTION_MOVE, actionButton=0, id[0]=0, x[0]=500.0, y[0]=1690.3, toolType[0]=TOOL_TYPE_UNKNOWN, buttonState=0, metaState=0, flags=0x0, edgeFlags=0x0, pointerCount=1, historySize=0, eventTime=796868341, downTime=796868341, deviceId=0, source=0x1002 }
08-05 13:20:51.945 18868 18868 I Input   : injectMotionEvent: MotionEvent { action=ACTION_MOVE, actionButton=0, id[0]=0, x[0]=500.0, y[0]=1658.0, toolType[0]=TOOL_TYPE_UNKNOWN, buttonState=0, metaState=0, flags=0x0, edgeFlags=0x0, pointerCount=1, historySize=0, eventTime=796868358, downTime=796868358, deviceId=0, source=0x1002 }
08-05 13:20:51.958 16992 17004 I art     : Explicit concurrent mark sweep GC freed 1707(96KB) AllocSpace objects, 2(36KB) LOS objects, 10% free, 135MB/151MB, paused 929us total 32.159ms
08-05 13:20:51.962 18868 18868 I Input   : injectMotionEvent: MotionEvent { action=ACTION_MOVE, actionButton=0, id[0]=0, x[0]=500.0, y[0]=1625.7, toolType[0]=TOOL_TYPE_UNKNOWN, buttonState=0, metaState=0, flags=0x0, edgeFlags=0x0, pointerCount=1, historySize=0, eventTime=796868375, downTime=796868375, deviceId=0, source=0x1002 }
08-05 13:20:51.972 16992 17004 I art     : Starting a blocking GC Explicit
08-05 13:20:51.979 18868 18868 I Input   : injectMotionEvent: MotionEvent { action=ACTION_MOVE, actionButton=0, id[0]=0, x[0]=500.0, y[0]=1593.4, toolType[0]=TOOL_TYPE_UNKNOWN, buttonState=0, metaState=0, flags=0x0, edgeFlags=0x0, pointerCount=1, historySize=0, eventTime=796868392, downTime=796868392, deviceId=0, source=0x1002 }
08-05 13:20:51.995 18868 18868 I Input   : injectMotionEvent: MotionEvent { action=ACTION_MOVE, actionButton=0, id[0]=0, x[0]=500.0, y[0]=1563.0, toolType[0]=TOOL_TYPE_UNKNOWN, buttonState=0, metaState=0, flags=0x0, edgeFlags=0x0, pointerCount=1, historySize=0, eventTime=796868408, downTime=796868408, deviceId=0, source=0x1002 }
08-05 13:20:52.010 16992 17004 I art     : Explicit concurrent mark sweep GC freed 83(3040B) AllocSpace objects, 0(0B) LOS objects, 10% free, 135MB/151MB, paused 836us total 36.785ms
08-05 13:20:52.012 18868 18868 I Input   : injectMotionEvent: MotionEvent { action=ACTION_MOVE, actionButton=0, id[0]=0, x[0]=500.0, y[0]=1530.7, toolType[0]=TOOL_TYPE_UNKNOWN, buttonState=0, metaState=0, flags=0x0, edgeFlags=0x0, pointerCount=1, historySize=0, eventTime=796868425, downTime=796868425, deviceId=0, source=0x1002 }
08-05 13:20:52.023 16992 17004 I art     : Starting a blocking GC Explicit
08-05 13:20:52.029 18868 18868 I Input   : injectMotionEvent: MotionEvent { action=ACTION_MOVE, actionButton=0, id[0]=0, x[0]=500.0, y[0]=1498.4, toolType[0]=TOOL_TYPE_UNKNOWN, buttonState=0, metaState=0, flags=0x0, edgeFlags=0x0, pointerCount=1, historySize=0, eventTime=796868442, downTime=796868442, deviceId=0, source=0x1002 }
08-05 13:20:52.045 18868 18868 I Input   : injectMotionEvent: MotionEvent { action=ACTION_MOVE, actionButton=0, id[0]=0, x[0]=500.0, y[0]=1468.0, toolType[0]=TOOL_TYPE_UNKNOWN, buttonState=0, metaState=0, flags=0x0, edgeFlags=0x0, pointerCount=1, historySize=0, eventTime=796868458, downTime=796868458, deviceId=0, source=0x1002 }
08-05 13:20:52.054 16992 17004 I art     : Explicit concurrent mark sweep GC freed 35(960B) AllocSpace objects, 0(0B) LOS objects, 10% free, 135MB/151MB, paused 578us total 30.834ms
08-05 13:20:52.062 18868 18868 I Input   : injectMotionEvent: MotionEvent { action=ACTION_MOVE, actionButton=0, id[0]=0, x[0]=500.0, y[0]=1435.7, toolType[0]=TOOL_TYPE_UNKNOWN, buttonState=0, metaState=0, flags=0x0, edgeFlags=0x0, pointerCount=1, historySize=0, eventTime=796868475, downTime=796868475, deviceId=0, source=0x1002 }
08-05 13:20:52.065 16992 17004 I art     : Starting a blocking GC Explicit
08-05 13:20:52.078 18868 18868 I Input   : injectMotionEvent: MotionEvent { action=ACTION_MOVE, actionButton=0, id[0]=0, x[0]=500.0, y[0]=1403.3999, toolType[0]=TOOL_TYPE_UNKNOWN, buttonState=0, metaState=0, flags=0x0, edgeFlags=0x0, pointerCount=1, historySize=0, eventTime=796868492, downTime=796868492, deviceId=0, source=0x1002 }
08-05 13:20:52.095 18868 18868 I Input   : injectMotionEvent: MotionEvent { action=ACTION_MOVE, actionButton=0, id[0]=0, x[0]=500.0, y[0]=1373.0, toolType[0]=TOOL_TYPE_UNKNOWN, buttonState=0, metaState=0, flags=0x0, edgeFlags=0x0, pointerCount=1, historySize=0, eventTime=796868508, downTime=796868508, deviceId=0, source=0x1002 }
08-05 13:20:52.098 16992 17004 I art     : Explicit concurrent mark sweep GC freed 3(96B) AllocSpace objects, 0(0B) LOS objects, 10% free, 135MB/151MB, paused 1.057ms total 32.732ms
08-05 13:20:52.109 16992 17004 I art     : Starting a blocking GC Explicit
08-05 13:20:52.112 18868 18868 I Input   : injectMotionEvent: MotionEvent { action=ACTION_MOVE, actionButton=0, id[0]=0, x[0]=500.0, y[0]=1340.7, toolType[0]=TOOL_TYPE_UNKNOWN, buttonState=0, metaState=0, flags=0x0, edgeFlags=0x0, pointerCount=1, historySize=0, eventTime=796868525, downTime=796868525, deviceId=0, source=0x1002 }
08-05 13:20:52.129 18868 18868 I Input   : injectMotionEvent: MotionEvent { action=ACTION_MOVE, actionButton=0, id[0]=0, x[0]=500.0, y[0]=1308.4, toolType[0]=TOOL_TYPE_UNKNOWN, buttonState=0, metaState=0, flags=0x0, edgeFlags=0x0, pointerCount=1, historySize=0, eventTime=796868542, downTime=796868542, deviceId=0, source=0x1002 }
08-05 13:20:52.139 16992 17004 I art     : Explicit concurrent mark sweep GC freed 3(96B) AllocSpace objects, 0(0B) LOS objects, 10% free, 135MB/151MB, paused 626us total 30.174ms
08-05 13:20:52.145 18868 18868 I Input   : injectMotionEvent: MotionEvent { action=ACTION_MOVE, actionButton=0, id[0]=0, x[0]=500.0, y[0]=1278.0, toolType[0]=TOOL_TYPE_UNKNOWN, buttonState=0, metaState=0, flags=0x0, edgeFlags=0x0, pointerCount=1, historySize=0, eventTime=796868558, downTime=796868558, deviceId=0, source=0x1002 }
08-05 13:20:52.162 18868 18868 I Input   : injectMotionEvent: MotionEvent { action=ACTION_MOVE, actionButton=0, id[0]=0, x[0]=500.0, y[0]=1245.7, toolType[0]=TOOL_TYPE_UNKNOWN, buttonState=0, metaState=0, flags=0x0, edgeFlags=0x0, pointerCount=1, historySize=0, eventTime=796868575, downTime=796868575, deviceId=0, source=0x1002 }
08-05 13:20:52.179 18868 18868 I Input   : injectMotionEvent: MotionEvent { action=ACTION_MOVE, actionButton=0, id[0]=0, x[0]=500.0, y[0]=1213.3999, toolType[0]=TOOL_TYPE_UNKNOWN, buttonState=0, metaState=0, flags=0x0, edgeFlags=0x0, pointerCount=1, historySize=0, eventTime=796868592, downTime=796868592, deviceId=0, source=0x1002 }
08-05 13:20:52.195 18868 18868 I Input   : injectMotionEvent: MotionEvent { action=ACTION_MOVE, actionButton=0, id[0]=0, x[0]=500.0, y[0]=1183.0, toolType[0]=TOOL_TYPE_UNKNOWN, buttonState=0, metaState=0, flags=0x0, edgeFlags=0x0, pointerCount=1, historySize=0, eventTime=796868608, downTime=796868608, deviceId=0, source=0x1002 }
08-05 13:20:52.214 18868 18868 I Input   : injectMotionEvent: MotionEvent { action=ACTION_MOVE, actionButton=0, id[0]=0, x[0]=500.0, y[0]=1146.9, toolType[0]=TOOL_TYPE_UNKNOWN, buttonState=0, metaState=0, flags=0x0, edgeFlags=0x0, pointerCount=1, historySize=0, eventTime=796868627, downTime=796868627, deviceId=0, source=0x1002 }
08-05 13:20:52.229 18868 18868 I Input   : injectMotionEvent: MotionEvent { action=ACTION_MOVE, actionButton=0, id[0]=0, x[0]=500.0, y[0]=1118.4, toolType[0]=TOOL_TYPE_UNKNOWN, buttonState=0, metaState=0, flags=0x0, edgeFlags=0x0, pointerCount=1, historySize=0, eventTime=796868642, downTime=796868642, deviceId=0, source=0x1002 }
08-05 13:20:52.293 18868 18868 I Input   : injectMotionEvent: MotionEvent { action=ACTION_MOVE, actionButton=0, id[0]=0, x[0]=500.0, y[0]=996.8, toolType[0]=TOOL_TYPE_UNKNOWN, buttonState=0, metaState=0, flags=0x0, edgeFlags=0x0, pointerCount=1, historySize=0, eventTime=796868706, downTime=796868706, deviceId=0, source=0x1002 }
08-05 13:20:52.341 18868 18868 I Input   : injectMotionEvent: MotionEvent { action=ACTION_MOVE, actionButton=0, id[0]=0, x[0]=500.0, y[0]=905.6001, toolType[0]=TOOL_TYPE_UNKNOWN, buttonState=0, metaState=0, flags=0x0, edgeFlags=0x0, pointerCount=1, historySize=0, eventTime=796868754, downTime=796868754, deviceId=0, source=0x1002 }
08-05 13:20:52.385 18868 18868 I Input   : injectMotionEvent: MotionEvent { action=ACTION_MOVE, actionButton=0, id[0]=0, x[0]=500.0, y[0]=820.1, toolType[0]=TOOL_TYPE_UNKNOWN, buttonState=0, metaState=0, flags=0x0, edgeFlags=0x0, pointerCount=1, historySize=0, eventTime=796868799, downTime=796868799, deviceId=0, source=0x1002 }
08-05 13:20:52.426 18868 18868 I Input   : injectMotionEvent: MotionEvent { action=ACTION_MOVE, actionButton=0, id[0]=0, x[0]=500.0, y[0]=744.1, toolType[0]=TOOL_TYPE_UNKNOWN, buttonState=0, metaState=0, flags=0x0, edgeFlags=0x0, pointerCount=1, historySize=0, eventTime=796868839, downTime=796868839, deviceId=0, source=0x1002 }
08-05 13:20:52.444 16992 17697 I art     : Starting a blocking GC Explicit
08-05 13:20:52.466 18868 18868 I Input   : injectMotionEvent: MotionEvent { action=ACTION_MOVE, actionButton=0, id[0]=0, x[0]=500.0, y[0]=668.1001, toolType[0]=TOOL_TYPE_UNKNOWN, buttonState=0, metaState=0, flags=0x0, edgeFlags=0x0, pointerCount=1, historySize=0, eventTime=796868879, downTime=796868879, deviceId=0, source=0x1002 }
08-05 13:20:52.474 16992 17697 I art     : Explicit concurrent mark sweep GC freed 1589(92KB) AllocSpace objects, 2(36KB) LOS objects, 10% free, 135MB/151MB, paused 640us total 29.523ms
08-05 13:20:52.484 16992 17697 I art     : Starting a blocking GC Explicit
08-05 13:20:52.507 18868 18868 I Input   : injectMotionEvent: MotionEvent { action=ACTION_MOVE, actionButton=0, id[0]=0, x[0]=500.0, y[0]=590.2001, toolType[0]=TOOL_TYPE_UNKNOWN, buttonState=0, metaState=0, flags=0x0, edgeFlags=0x0, pointerCount=1, historySize=0, eventTime=796868920, downTime=796868920, deviceId=0, source=0x1002 }
08-05 13:20:52.513 16992 17697 I art     : Explicit concurrent mark sweep GC freed 28(1024B) AllocSpace objects, 0(0B) LOS objects, 10% free, 135MB/151MB, paused 706us total 28.943ms
08-05 13:20:52.524 16992 17697 I art     : Starting a blocking GC Explicit
08-05 13:20:52.548 18868 18868 I Input   : injectMotionEvent: MotionEvent { action=ACTION_MOVE, actionButton=0, id[0]=0, x[0]=500.0, y[0]=512.30005, toolType[0]=TOOL_TYPE_UNKNOWN, buttonState=0, metaState=0, flags=0x0, edgeFlags=0x0, pointerCount=1, historySize=0, eventTime=796868961, downTime=796868961, deviceId=0, source=0x1002 }
08-05 13:20:52.553 16992 17697 I art     : Explicit concurrent mark sweep GC freed 3(96B) AllocSpace objects, 0(0B) LOS objects, 10% free, 135MB/151MB, paused 785us total 29.068ms
08-05 13:20:52.563 16992 17697 I art     : Starting a blocking GC Explicit
08-05 13:20:52.590 18868 18868 I Input   : injectMotionEvent: MotionEvent { action=ACTION_MOVE, actionButton=0, id[0]=0, x[0]=500.0, y[0]=432.5, toolType[0]=TOOL_TYPE_UNKNOWN, buttonState=0, metaState=0, flags=0x0, edgeFlags=0x0, pointerCount=1, historySize=0, eventTime=796869003, downTime=796869003, deviceId=0, source=0x1002 }
08-05 13:20:52.592 16992 17697 I art     : Explicit concurrent mark sweep GC freed 3(96B) AllocSpace objects, 0(0B) LOS objects, 10% free, 135MB/151MB, paused 833us total 28.553ms
08-05 13:20:52.603 16992 17697 I art     : Starting a blocking GC Explicit
08-05 13:20:52.632 18868 18868 I Input   : injectMotionEvent: MotionEvent { action=ACTION_MOVE, actionButton=0, id[0]=0, x[0]=500.0, y[0]=352.70007, toolType[0]=TOOL_TYPE_UNKNOWN, buttonState=0, metaState=0, flags=0x0, edgeFlags=0x0, pointerCount=1, historySize=0, eventTime=796869045, downTime=796869045, deviceId=0, source=0x1002 }
08-05 13:20:52.634 16992 17697 I art     : Explicit concurrent mark sweep GC freed 6(192B) AllocSpace objects, 0(0B) LOS objects, 10% free, 135MB/151MB, paused 899us total 30.685ms
08-05 13:20:52.693 18868 18868 I Input   : injectMotionEvent: MotionEvent { action=ACTION_MOVE, actionButton=0, id[0]=0, x[0]=500.0, y[0]=236.80005, toolType[0]=TOOL_TYPE_UNKNOWN, buttonState=0, metaState=0, flags=0x0, edgeFlags=0x0, pointerCount=1, historySize=0, eventTime=796869106, downTime=796869106, deviceId=0, source=0x1002 }
08-05 13:20:52.717 18868 18868 I Input   : injectMotionEvent: MotionEvent { action=ACTION_MOVE, actionButton=0, id[0]=0, x[0]=500.0, y[0]=189.29993, toolType[0]=TOOL_TYPE_UNKNOWN, buttonState=0, metaState=0, flags=0x0, edgeFlags=0x0, pointerCount=1, historySize=0, eventTime=796869131, downTime=796869131, deviceId=0, source=0x1002 }
08-05 13:20:52.743 18868 18868 I Input   : injectMotionEvent: MotionEvent { action=ACTION_MOVE, actionButton=0, id[0]=0, x[0]=500.0, y[0]=141.80005, toolType[0]=TOOL_TYPE_UNKNOWN, buttonState=0, metaState=0, flags=0x0, edgeFlags=0x0, pointerCount=1, historySize=0, eventTime=796869156, downTime=796869156, deviceId=0, source=0x1002 }
08-05 13:20:52.768 18868 18868 I Input   : injectMotionEvent: MotionEvent { action=ACTION_UP, actionButton=0, id[0]=0, x[0]=500.0, y[0]=100.0, toolType[0]=TOOL_TYPE_UNKNOWN, buttonState=0, metaState=0, flags=0x0, edgeFlags=0x0, pointerCount=1, historySize=0, eventTime=796869182, downTime=796869182, deviceId=0, source=0x1002 }
08-05 13:20:52.794 18868 18868 D AndroidRuntime: Shutting down VM
08-05 13:20:52.957 16992 17010 I art     : Starting a blocking GC Explicit
08-05 13:20:52.990 16992 17010 I art     : Explicit concurrent mark sweep GC freed 1612(93KB) AllocSpace objects, 2(36KB) LOS objects, 10% free, 135MB/151MB, paused 703us total 32.805ms
08-05 13:20:53.004 16992 17010 I art     : Starting a blocking GC Explicit
08-05 13:20:53.033 16992 17010 I art     : Explicit concurrent mark sweep GC freed 68(2368B) AllocSpace objects, 0(0B) LOS objects, 10% free, 135MB/151MB, paused 628us total 28.314ms
08-05 13:20:53.044 16992 17010 I art     : Starting a blocking GC Explicit
08-05 13:20:53.072 16992 17010 I art     : Explicit concurrent mark sweep GC freed 4(128B) AllocSpace objects, 0(0B) LOS objects, 10% free, 135MB/151MB, paused 660us total 28.497ms
08-05 13:20:53.083 16992 17010 I art     : Starting a blocking GC Explicit
08-05 13:20:53.109 16992 17010 I art     : Explicit concurrent mark sweep GC freed 3(96B) AllocSpace objects, 0(0B) LOS objects, 10% free, 135MB/151MB, paused 615us total 25.943ms
08-05 13:20:53.118 16992 17010 I art     : Starting a blocking GC Explicit
08-05 13:20:53.145 16992 17010 I art     : Explicit concurrent mark sweep GC freed 3(96B) AllocSpace objects, 0(0B) LOS objects, 10% free, 135MB/151MB, paused 731us total 26.740ms
08-05 13:20:53.340 18918 18918 D AndroidRuntime: >>>>>> START com.android.internal.os.RuntimeInit uid 2000 <<<<<<
08-05 13:20:53.343 18918 18918 D AndroidRuntime: CheckJNI is OFF
08-05 13:20:53.370 18918 18918 D ICU     : No timezone override file found: /data/misc/zoneinfo/current/icu/icu_tzdata.dat
08-05 13:20:53.397 18918 18918 I Radio-JNI: register_android_hardware_Radio DONE
08-05 13:20:53.415 18918 18918 D AndroidRuntime: Calling main entry com.android.commands.input.Input
08-05 13:20:53.417 18918 18918 I Input   : injectMotionEvent: MotionEvent { action=ACTION_DOWN, actionButton=0, id[0]=0, x[0]=500.0, y[0]=2000.0, toolType[0]=TOOL_TYPE_UNKNOWN, buttonState=0, metaState=0, flags=0x0, edgeFlags=0x0, pointerCount=1, historySize=0, eventTime=796869830, downTime=796869830, deviceId=0, source=0x1002 }
08-05 13:20:53.432 18918 18918 I Input   : injectMotionEvent: MotionEvent { action=ACTION_MOVE, actionButton=0, id[0]=0, x[0]=500.0, y[0]=2000.0, toolType[0]=TOOL_TYPE_UNKNOWN, buttonState=0, metaState=0, flags=0x0, edgeFlags=0x0, pointerCount=1, historySize=0, eventTime=796869830, downTime=796869830, deviceId=0, source=0x1002 }
08-05 13:20:53.448 16992 17420 I art     : Starting a blocking GC Explicit
08-05 13:20:53.458 18918 18918 I Input   : injectMotionEvent: MotionEvent { action=ACTION_MOVE, actionButton=0, id[0]=0, x[0]=500.0, y[0]=1922.1, toolType[0]=TOOL_TYPE_UNKNOWN, buttonState=0, metaState=0, flags=0x0, edgeFlags=0x0, pointerCount=1, historySize=0, eventTime=796869871, downTime=796869871, deviceId=0, source=0x1002 }
08-05 13:20:53.483 16992 17420 I art     : Explicit concurrent mark sweep GC freed 1601(92KB) AllocSpace objects, 2(36KB) LOS objects, 10% free, 135MB/151MB, paused 893us total 34.091ms
08-05 13:20:53.484 18918 18918 I Input   : injectMotionEvent: MotionEvent { action=ACTION_MOVE, actionButton=0, id[0]=0, x[0]=500.0, y[0]=1872.7, toolType[0]=TOOL_TYPE_UNKNOWN, buttonState=0, metaState=0, flags=0x0, edgeFlags=0x0, pointerCount=1, historySize=0, eventTime=796869897, downTime=796869897, deviceId=0, source=0x1002 }
08-05 13:20:53.494 16992 17420 I art     : Starting a blocking GC Explicit
08-05 13:20:53.497 18918 18918 I Input   : injectMotionEvent: MotionEvent { action=ACTION_MOVE, actionButton=0, id[0]=0, x[0]=500.0, y[0]=1848.0, toolType[0]=TOOL_TYPE_UNKNOWN, buttonState=0, metaState=0, flags=0x0, edgeFlags=0x0, pointerCount=1, historySize=0, eventTime=796869910, downTime=796869910, deviceId=0, source=0x1002 }
08-05 13:20:53.522 18918 18918 I Input   : injectMotionEvent: MotionEvent { action=ACTION_MOVE, actionButton=0, id[0]=0, x[0]=500.0, y[0]=1800.5, toolType[0]=TOOL_TYPE_UNKNOWN, buttonState=0, metaState=0, flags=0x0, edgeFlags=0x0, pointerCount=1, historySize=0, eventTime=796869935, downTime=796869935, deviceId=0, source=0x1002 }
08-05 13:20:53.523 16992 17420 I art     : Explicit concurrent mark sweep GC freed 42(1472B) AllocSpace objects, 0(0B) LOS objects, 10% free, 135MB/151MB, paused 814us total 29.029ms
08-05 13:20:53.535 16992 17420 I art     : Starting a blocking GC Explicit
08-05 13:20:53.547 18918 18918 I Input   : injectMotionEvent: MotionEvent { action=ACTION_MOVE, actionButton=0, id[0]=0, x[0]=500.0, y[0]=1751.1, toolType[0]=TOOL_TYPE_UNKNOWN, buttonState=0, metaState=0, flags=0x0, edgeFlags=0x0, pointerCount=1, historySize=0, eventTime=796869961, downTime=796869961, deviceId=0, source=0x1002 }
08-05 13:20:53.565 16992 17420 I art     : Explicit concurrent mark sweep GC freed 10(320B) AllocSpace objects, 0(0B) LOS objects, 10% free, 135MB/151MB, paused 1.028ms total 30.235ms
08-05 13:20:53.574 18918 18918 I Input   : injectMotionEvent: MotionEvent { action=ACTION_MOVE, actionButton=0, id[0]=0, x[0]=500.0, y[0]=1701.7, toolType[0]=TOOL_TYPE_UNKNOWN, buttonState=0, metaState=0, flags=0x0, edgeFlags=0x0, pointerCount=1, historySize=0, eventTime=796869987, downTime=796869987, deviceId=0, source=0x1002 }
08-05 13:20:53.578 16992 17420 I art     : Starting a blocking GC Explicit
08-05 13:20:53.600 18918 18918 I Input   : injectMotionEvent: MotionEvent { action=ACTION_MOVE, actionButton=0, id[0]=0, x[0]=500.0, y[0]=1652.3, toolType[0]=TOOL_TYPE_UNKNOWN, buttonState=0, metaState=0, flags=0x0, edgeFlags=0x0, pointerCount=1, historySize=0, eventTime=796870013, downTime=796870013, deviceId=0, source=0x1002 }
08-05 13:20:53.607 16992 17420 I art     : Explicit concurrent mark sweep GC freed 13(416B) AllocSpace objects, 0(0B) LOS objects, 10% free, 135MB/151MB, paused 737us total 28.541ms
08-05 13:20:53.618 16992 17420 I art     : Starting a blocking GC Explicit
08-05 13:20:53.627 18918 18918 I Input   : injectMotionEvent: MotionEvent { action=ACTION_MOVE, actionButton=0, id[0]=0, x[0]=500.0, y[0]=1601.0, toolType[0]=TOOL_TYPE_UNKNOWN, buttonState=0, metaState=0, flags=0x0, edgeFlags=0x0, pointerCount=1, historySize=0, eventTime=796870040, downTime=796870040, deviceId=0, source=0x1002 }
08-05 13:20:53.651 16992 17420 I art     : Explicit concurrent mark sweep GC freed 8(256B) AllocSpace objects, 0(0B) LOS objects, 10% free, 135MB/151MB, paused 825us total 32.608ms
08-05 13:20:53.652 18918 18918 I Input   : injectMotionEvent: MotionEvent { action=ACTION_MOVE, actionButton=0, id[0]=0, x[0]=500.0, y[0]=1551.6, toolType[0]=TOOL_TYPE_UNKNOWN, buttonState=0, metaState=0, flags=0x0, edgeFlags=0x0, pointerCount=1, historySize=0, eventTime=796870066, downTime=796870066, deviceId=0, source=0x1002 }
08-05 13:20:53.679 18918 18918 I Input   : injectMotionEvent: MotionEvent { action=ACTION_MOVE, actionButton=0, id[0]=0, x[0]=500.0, y[0]=1502.2, toolType[0]=TOOL_TYPE_UNKNOWN, buttonState=0, metaState=0, flags=0x0, edgeFlags=0x0, pointerCount=1, historySize=0, eventTime=796870092, downTime=796870092, deviceId=0, source=0x1002 }
08-05 13:20:53.704 18918 18918 I Input   : injectMotionEvent: MotionEvent { action=ACTION_MOVE, actionButton=0, id[0]=0, x[0]=500.0, y[0]=1454.7, toolType[0]=TOOL_TYPE_UNKNOWN, buttonState=0, metaState=0, flags=0x0, edgeFlags=0x0, pointerCount=1, historySize=0, eventTime=796870117, downTime=796870117, deviceId=0, source=0x1002 }
08-05 13:20:53.728 18918 18918 I Input   : injectMotionEvent: MotionEvent { action=ACTION_MOVE, actionButton=0, id[0]=0, x[0]=500.0, y[0]=1407.2, toolType[0]=TOOL_TYPE_UNKNOWN, buttonState=0, metaState=0, flags=0x0, edgeFlags=0x0, pointerCount=1, historySize=0, eventTime=796870142, downTime=796870142, deviceId=0, source=0x1002 }
08-05 13:20:53.753 18918 18918 I Input   : injectMotionEvent: MotionEvent { action=ACTION_MOVE, actionButton=0, id[0]=0, x[0]=500.0, y[0]=1361.6001, toolType[0]=TOOL_TYPE_UNKNOWN, buttonState=0, metaState=0, flags=0x0, edgeFlags=0x0, pointerCount=1, historySize=0, eventTime=796870166, downTime=796870166, deviceId=0, source=0x1002 }
08-05 13:20:53.777 18918 18918 I Input   : injectMotionEvent: MotionEvent { action=ACTION_MOVE, actionButton=0, id[0]=0, x[0]=500.0, y[0]=1314.1, toolType[0]=TOOL_TYPE_UNKNOWN, buttonState=0, metaState=0, flags=0x0, edgeFlags=0x0, pointerCount=1, historySize=0, eventTime=796870191, downTime=796870191, deviceId=0, source=0x1002 }
08-05 13:20:53.804 18918 18918 I Input   : injectMotionEvent: MotionEvent { action=ACTION_MOVE, actionButton=0, id[0]=0, x[0]=500.0, y[0]=1264.7, toolType[0]=TOOL_TYPE_UNKNOWN, buttonState=0, metaState=0, flags=0x0, edgeFlags=0x0, pointerCount=1, historySize=0, eventTime=796870217, downTime=796870217, deviceId=0, source=0x1002 }
08-05 13:20:53.832 18918 18918 I Input   : injectMotionEvent: MotionEvent { action=ACTION_MOVE, actionButton=0, id[0]=0, x[0]=500.0, y[0]=1211.5, toolType[0]=TOOL_TYPE_UNKNOWN, buttonState=0, metaState=0, flags=0x0, edgeFlags=0x0, pointerCount=1, historySize=0, eventTime=796870245, downTime=796870245, deviceId=0, source=0x1002 }
08-05 13:20:53.860 18918 18918 I Input   : injectMotionEvent: MotionEvent { action=ACTION_MOVE, actionButton=0, id[0]=0, x[0]=500.0, y[0]=1158.3, toolType[0]=TOOL_TYPE_UNKNOWN, buttonState=0, metaState=0, flags=0x0, edgeFlags=0x0, pointerCount=1, historySize=0, eventTime=796870273, downTime=796870273, deviceId=0, source=0x1002 }
08-05 13:20:53.891 18918 18918 I Input   : injectMotionEvent: MotionEvent { action=ACTION_MOVE, actionButton=0, id[0]=0, x[0]=500.0, y[0]=1099.3999, toolType[0]=TOOL_TYPE_UNKNOWN, buttonState=0, metaState=0, flags=0x0, edgeFlags=0x0, pointerCount=1, historySize=0, eventTime=796870304, downTime=796870304, deviceId=0, source=0x1002 }
08-05 13:20:53.918 18918 18918 I Input   : injectMotionEvent: MotionEvent { action=ACTION_MOVE, actionButton=0, id[0]=0, x[0]=500.0, y[0]=1048.1001, toolType[0]=TOOL_TYPE_UNKNOWN, buttonState=0, metaState=0, flags=0x0, edgeFlags=0x0, pointerCount=1, historySize=0, eventTime=796870331, downTime=796870331, deviceId=0, source=0x1002 }
08-05 13:20:53.944 18918 18918 I Input   : injectMotionEvent: MotionEvent { action=ACTION_MOVE, actionButton=0, id[0]=0, x[0]=500.0, y[0]=996.8, toolType[0]=TOOL_TYPE_UNKNOWN, buttonState=0, metaState=0, flags=0x0, edgeFlags=0x0, pointerCount=1, historySize=0, eventTime=796870358, downTime=796870358, deviceId=0, source=0x1002 }
08-05 13:20:53.971 16992 17005 I art     : Starting a blocking GC Explicit
08-05 13:20:53.971 18918 18918 I Input   : injectMotionEvent: MotionEvent { action=ACTION_MOVE, actionButton=0, id[0]=0, x[0]=500.0, y[0]=945.5, toolType[0]=TOOL_TYPE_UNKNOWN, buttonState=0, metaState=0, flags=0x0, edgeFlags=0x0, pointerCount=1, historySize=0, eventTime=796870385, downTime=796870385, deviceId=0, source=0x1002 }
08-05 13:20:53.996 18918 18918 I Input   : injectMotionEvent: MotionEvent { action=ACTION_MOVE, actionButton=0, id[0]=0, x[0]=500.0, y[0]=899.9, toolType[0]=TOOL_TYPE_UNKNOWN, buttonState=0, metaState=0, flags=0x0, edgeFlags=0x0, pointerCount=1, historySize=0, eventTime=796870409, downTime=796870409, deviceId=0, source=0x1002 }
08-05 13:20:54.001 16992 17005 I art     : Explicit concurrent mark sweep GC freed 1672(95KB) AllocSpace objects, 2(36KB) LOS objects, 10% free, 135MB/151MB, paused 786us total 29.687ms
08-05 13:20:54.012 16992 17005 I art     : Starting a blocking GC Explicit
08-05 13:20:54.022 18918 18918 I Input   : injectMotionEvent: MotionEvent { action=ACTION_MOVE, actionButton=0, id[0]=0, x[0]=500.0, y[0]=850.5, toolType[0]=TOOL_TYPE_UNKNOWN, buttonState=0, metaState=0, flags=0x0, edgeFlags=0x0, pointerCount=1, historySize=0, eventTime=796870435, downTime=796870435, deviceId=0, source=0x1002 }
08-05 13:20:54.043 16992 17005 I art     : Explicit concurrent mark sweep GC freed 71(2464B) AllocSpace objects, 0(0B) LOS objects, 10% free, 135MB/151MB, paused 920us total 30.565ms
08-05 13:20:54.048 18918 18918 I Input   : injectMotionEvent: MotionEvent { action=ACTION_MOVE, actionButton=0, id[0]=0, x[0]=500.0, y[0]=801.1, toolType[0]=TOOL_TYPE_UNKNOWN, buttonState=0, metaState=0, flags=0x0, edgeFlags=0x0, pointerCount=1, historySize=0, eventTime=796870461, downTime=796870461, deviceId=0, source=0x1002 }
08-05 13:20:54.054 16992 17005 I art     : Starting a blocking GC Explicit
08-05 13:20:54.073 18918 18918 I Input   : injectMotionEvent: MotionEvent { action=ACTION_MOVE, actionButton=0, id[0]=0, x[0]=500.0, y[0]=751.69995, toolType[0]=TOOL_TYPE_UNKNOWN, buttonState=0, metaState=0, flags=0x0, edgeFlags=0x0, pointerCount=1, historySize=0, eventTime=796870487, downTime=796870487, deviceId=0, source=0x1002 }
08-05 13:20:54.082 16992 17005 I art     : Explicit concurrent mark sweep GC freed 7(224B) AllocSpace objects, 0(0B) LOS objects, 10% free, 135MB/151MB, paused 687us total 28.284ms
08-05 13:20:54.093 16992 17005 I art     : Starting a blocking GC Explicit
08-05 13:20:54.099 18918 18918 I Input   : injectMotionEvent: MotionEvent { action=ACTION_MOVE, actionButton=0, id[0]=0, x[0]=500.0, y[0]=704.2001, toolType[0]=TOOL_TYPE_UNKNOWN, buttonState=0, metaState=0, flags=0x0, edgeFlags=0x0, pointerCount=1, historySize=0, eventTime=796870512, downTime=796870512, deviceId=0, source=0x1002 }
08-05 13:20:54.124 16992 17005 I art     : Explicit concurrent mark sweep GC freed 5(160B) AllocSpace objects, 0(0B) LOS objects, 10% free, 135MB/151MB, paused 801us total 30.583ms
08-05 13:20:54.125 18918 18918 I Input   : injectMotionEvent: MotionEvent { action=ACTION_MOVE, actionButton=0, id[0]=0, x[0]=500.0, y[0]=654.80005, toolType[0]=TOOL_TYPE_UNKNOWN, buttonState=0, metaState=0, flags=0x0, edgeFlags=0x0, pointerCount=1, historySize=0, eventTime=796870538, downTime=796870538, deviceId=0, source=0x1002 }
08-05 13:20:54.135 16992 17005 I art     : Starting a blocking GC Explicit
08-05 13:20:54.150 18918 18918 I Input   : injectMotionEvent: MotionEvent { action=ACTION_MOVE, actionButton=0, id[0]=0, x[0]=500.0, y[0]=605.3999, toolType[0]=TOOL_TYPE_UNKNOWN, buttonState=0, metaState=0, flags=0x0, edgeFlags=0x0, pointerCount=1, historySize=0, eventTime=796870564, downTime=796870564, deviceId=0, source=0x1002 }
08-05 13:20:54.165 16992 17005 I art     : Explicit concurrent mark sweep GC freed 11(352B) AllocSpace objects, 0(0B) LOS objects, 10% free, 135MB/151MB, paused 651us total 29.128ms
08-05 13:20:54.177 18918 18918 I Input   : injectMotionEvent: MotionEvent { action=ACTION_MOVE, actionButton=0, id[0]=0, x[0]=500.0, y[0]=556.0, toolType[0]=TOOL_TYPE_UNKNOWN, buttonState=0, metaState=0, flags=0x0, edgeFlags=0x0, pointerCount=1, historySize=0, eventTime=796870590, downTime=796870590, deviceId=0, source=0x1002 }
08-05 13:20:54.202 18918 18918 I Input   : injectMotionEvent: MotionEvent { action=ACTION_MOVE, actionButton=0, id[0]=0, x[0]=500.0, y[0]=508.5, toolType[0]=TOOL_TYPE_UNKNOWN, buttonState=0, metaState=0, flags=0x0, edgeFlags=0x0, pointerCount=1, historySize=0, eventTime=796870615, downTime=796870615, deviceId=0, source=0x1002 }
08-05 13:20:54.230 18918 18918 I Input   : injectMotionEvent: MotionEvent { action=ACTION_MOVE, actionButton=0, id[0]=0, x[0]=500.0, y[0]=455.29993, toolType[0]=TOOL_TYPE_UNKNOWN, buttonState=0, metaState=0, flags=0x0, edgeFlags=0x0, pointerCount=1, historySize=0, eventTime=796870643, downTime=796870643, deviceId=0, source=0x1002 }
08-05 13:20:54.255 18918 18918 I Input   : injectMotionEvent: MotionEvent { action=ACTION_MOVE, actionButton=0, id[0]=0, x[0]=500.0, y[0]=407.80005, toolType[0]=TOOL_TYPE_UNKNOWN, buttonState=0, metaState=0, flags=0x0, edgeFlags=0x0, pointerCount=1, historySize=0, eventTime=796870668, downTime=796870668, deviceId=0, source=0x1002 }
08-05 13:20:54.279 18918 18918 I Input   : injectMotionEvent: MotionEvent { action=ACTION_MOVE, actionButton=0, id[0]=0, x[0]=500.0, y[0]=360.30005, toolType[0]=TOOL_TYPE_UNKNOWN, buttonState=0, metaState=0, flags=0x0, edgeFlags=0x0, pointerCount=1, historySize=0, eventTime=796870693, downTime=796870693, deviceId=0, source=0x1002 }
08-05 13:20:54.305 18918 18918 I Input   : injectMotionEvent: MotionEvent { action=ACTION_MOVE, actionButton=0, id[0]=0, x[0]=500.0, y[0]=312.79993, toolType[0]=TOOL_TYPE_UNKNOWN, buttonState=0, metaState=0, flags=0x0, edgeFlags=0x0, pointerCount=1, historySize=0, eventTime=796870718, downTime=796870718, deviceId=0, source=0x1002 }
08-05 13:20:54.331 18918 18918 I Input   : injectMotionEvent: MotionEvent { action=ACTION_MOVE, actionButton=0, id[0]=0, x[0]=500.0, y[0]=263.40002, toolType[0]=TOOL_TYPE_UNKNOWN, buttonState=0, metaState=0, flags=0x0, edgeFlags=0x0, pointerCount=1, historySize=0, eventTime=796870744, downTime=796870744, deviceId=0, source=0x1002 }
08-05 13:20:54.357 18918 18918 I Input   : injectMotionEvent: MotionEvent { action=ACTION_MOVE, actionButton=0, id[0]=0, x[0]=500.0, y[0]=212.09998, toolType[0]=TOOL_TYPE_UNKNOWN, buttonState=0, metaState=0, flags=0x0, edgeFlags=0x0, pointerCount=1, historySize=0, eventTime=796870771, downTime=796870771, deviceId=0, source=0x1002 }
08-05 13:20:54.384 18918 18918 I Input   : injectMotionEvent: MotionEvent { action=ACTION_MOVE, actionButton=0, id[0]=0, x[0]=500.0, y[0]=162.69995, toolType[0]=TOOL_TYPE_UNKNOWN, buttonState=0, metaState=0, flags=0x0, edgeFlags=0x0, pointerCount=1, historySize=0, eventTime=796870797, downTime=796870797, deviceId=0, source=0x1002 }
08-05 13:20:54.411 18918 18918 I Input   : injectMotionEvent: MotionEvent { action=ACTION_MOVE, actionButton=0, id[0]=0, x[0]=500.0, y[0]=111.400024, toolType[0]=TOOL_TYPE_UNKNOWN, buttonState=0, metaState=0, flags=0x0, edgeFlags=0x0, pointerCount=1, historySize=0, eventTime=796870824, downTime=796870824, deviceId=0, source=0x1002 }
08-05 13:20:54.436 18918 18918 I Input   : injectMotionEvent: MotionEvent { action=ACTION_UP, actionButton=0, id[0]=0, x[0]=500.0, y[0]=100.0, toolType[0]=TOOL_TYPE_UNKNOWN, buttonState=0, metaState=0, flags=0x0, edgeFlags=0x0, pointerCount=1, historySize=0, eventTime=796870849, downTime=796870849, deviceId=0, source=0x1002 }
08-05 13:20:54.461 18918 18918 D AndroidRuntime: Shutting down VM
08-05 13:20:54.480 16992 17420 I art     : Starting a blocking GC Explicit
08-05 13:20:54.511 16992 17420 I art     : Explicit concurrent mark sweep GC freed 1667(95KB) AllocSpace objects, 2(36KB) LOS objects, 10% free, 135MB/151MB, paused 817us total 30.663ms
08-05 13:20:54.522 16992 17420 I art     : Starting a blocking GC Explicit
08-05 13:20:54.546 16992 17420 I art     : Explicit concurrent mark sweep GC freed 30(1104B) AllocSpace objects, 0(0B) LOS objects, 10% free, 135MB/151MB, paused 610us total 24.490ms
08-05 13:20:54.556 16992 17420 I art     : Starting a blocking GC Explicit
08-05 13:20:54.582 16992 17420 I art     : Explicit concurrent mark sweep GC freed 3(96B) AllocSpace objects, 0(0B) LOS objects, 10% free, 135MB/151MB, paused 643us total 26.297ms
08-05 13:20:54.593 16992 17420 I art     : Starting a blocking GC Explicit
08-05 13:20:54.622 16992 17420 I art     : Explicit concurrent mark sweep GC freed 3(96B) AllocSpace objects, 0(0B) LOS objects, 10% free, 135MB/151MB, paused 747us total 28.966ms
08-05 13:20:54.633 16992 17420 I art     : Starting a blocking GC Explicit
08-05 13:20:54.663 16992 17420 I art     : Explicit concurrent mark sweep GC freed 3(96B) AllocSpace objects, 0(0B) LOS objects, 10% free, 135MB/151MB, paused 658us total 29.571ms
08-05 13:20:54.971 16992 17005 I art     : Starting a blocking GC Explicit
08-05 13:20:55.002 16992 17005 I art     : Explicit concurrent mark sweep GC freed 1583(92KB) AllocSpace objects, 2(36KB) LOS objects, 10% free, 135MB/151MB, paused 684us total 30.614ms
08-05 13:20:55.013 16992 17005 I art     : Starting a blocking GC Explicit
08-05 13:20:55.015 18963 18963 D AndroidRuntime: >>>>>> START com.android.internal.os.RuntimeInit uid 2000 <<<<<<
08-05 13:20:55.019 18963 18963 D AndroidRuntime: CheckJNI is OFF
08-05 13:20:55.041 16992 17005 I art     : Explicit concurrent mark sweep GC freed 59(1856B) AllocSpace objects, 0(0B) LOS objects, 10% free, 135MB/151MB, paused 697us total 27.484ms
08-05 13:20:55.049 18963 18963 D ICU     : No timezone override file found: /data/misc/zoneinfo/current/icu/icu_tzdata.dat
08-05 13:20:55.051 16992 17005 I art     : Starting a blocking GC Explicit
08-05 13:20:55.074 18963 18963 I Radio-JNI: register_android_hardware_Radio DONE
08-05 13:20:55.078 16992 17005 I art     : Explicit concurrent mark sweep GC freed 3(96B) AllocSpace objects, 0(0B) LOS objects, 10% free, 135MB/151MB, paused 663us total 27.133ms
08-05 13:20:55.087 16992 17005 I art     : Starting a blocking GC Explicit
08-05 13:20:55.091 18963 18963 D AndroidRuntime: Calling main entry com.android.commands.input.Input
08-05 13:20:55.093 18963 18963 I Input   : injectMotionEvent: MotionEvent { action=ACTION_DOWN, actionButton=0, id[0]=0, x[0]=657.0, y[0]=2080.0, toolType[0]=TOOL_TYPE_UNKNOWN, buttonState=0, metaState=0, flags=0x0, edgeFlags=0x0, pointerCount=1, historySize=0, eventTime=796871505, downTime=796871505, deviceId=0, source=0x1002 }
08-05 13:20:55.096 18963 18963 I Input   : injectMotionEvent: MotionEvent { action=ACTION_UP, actionButton=0, id[0]=0, x[0]=657.0, y[0]=2080.0, toolType[0]=TOOL_TYPE_UNKNOWN, buttonState=0, metaState=0, flags=0x0, edgeFlags=0x0, pointerCount=1, historySize=0, eventTime=796871505, downTime=796871505, deviceId=0, source=0x1002 }
08-05 13:20:55.097 18963 18963 D AndroidRuntime: Shutting down VM
08-05 13:20:55.098   918  3359 I ActivityManager: START u0 {cmp=baseline.io.github.project_travel_mate/.utilities.UpcomingWeekendsActivity} from uid 10674 on display 0
08-05 13:20:55.099   512  2967 D audio_hw_primary: out_set_parameters: enter: usecase(1: low-latency-playback) kvpairs: routing=2
08-05 13:20:55.111   512  2967 D audio_hw_primary: select_devices: out_snd_device(2: speaker) in_snd_device(0: none)
08-05 13:20:55.111   512  2967 D msm8974_platform: platform_send_audio_calibration: sending audio calibration for snd_device(2) acdb_id(15)
08-05 13:20:55.112   512  2967 I soundtrigger: audio_extn_sound_trigger_update_device_status: device 0x2 of type 0 for Event 1
08-05 13:20:55.115 16992 17005 I art     : Explicit concurrent mark sweep GC freed 86(9KB) AllocSpace objects, 0(0B) LOS objects, 10% free, 135MB/151MB, paused 935us total 27.193ms
08-05 13:20:55.123   512  2967 D audio_hw_primary: enable_snd_device: snd_device(2: speaker)
08-05 13:20:55.125   512  2967 D audio_hw_primary: enable_audio_route: apply and update mixer path: low-latency-playback speaker
08-05 13:20:55.125 16992 17083 D Gabe    : call	returning from cache
08-05 13:20:55.125 16992 17005 I art     : Starting a blocking GC Explicit
08-05 13:20:55.129 16992 16992 V EXECUTING: https://project-travel-mate.herokuapp.com/api/get-upcoming-holidays/2020
08-05 13:20:55.131 16992 16992 V EXECUTING: https://project-travel-mate.herokuapp.com/api/get-upcoming-holidays/2020
08-05 13:20:55.153 16992 17005 I art     : Explicit concurrent mark sweep GC freed 749(95KB) AllocSpace objects, 0(0B) LOS objects, 10% free, 135MB/151MB, paused 1.027ms total 28.125ms
08-05 13:20:55.195 13866 13866 I GoogleInputMethodServic: GoogleInputMethodService.onFinishInput():3138 
08-05 13:20:55.195 13866 13866 I GoogleInputMethodServic: GoogleInputMethodService.onStartInput():1808 
08-05 13:20:55.272   918   936 I ActivityManager: Displayed baseline.io.github.project_travel_mate/.utilities.UpcomingWeekendsActivity: +168ms
08-05 13:20:55.434 16992 17004 I art     : Starting a blocking GC Explicit
08-05 13:20:55.465 16992 17004 I art     : Explicit concurrent mark sweep GC freed 2987(145KB) AllocSpace objects, 2(36KB) LOS objects, 10% free, 139MB/155MB, paused 942us total 30.428ms
08-05 13:20:55.477 16992 17004 I art     : Starting a blocking GC Explicit
08-05 13:20:55.509 16992 17004 I art     : Explicit concurrent mark sweep GC freed 128(3KB) AllocSpace objects, 0(0B) LOS objects, 10% free, 139MB/155MB, paused 713us total 31.113ms
08-05 13:20:55.520 16992 17004 I art     : Starting a blocking GC Explicit
08-05 13:20:55.533   380   380 W SurfaceFlinger: couldn't log to binary event log: overflow.
08-05 13:20:55.551 16992 17004 I art     : Explicit concurrent mark sweep GC freed 75(1296B) AllocSpace objects, 0(0B) LOS objects, 10% free, 139MB/155MB, paused 717us total 31.604ms
08-05 13:20:55.562 16992 17004 I art     : Starting a blocking GC Explicit
08-05 13:20:55.589 16992 17004 I art     : Explicit concurrent mark sweep GC freed 51(896B) AllocSpace objects, 0(0B) LOS objects, 10% free, 139MB/155MB, paused 633us total 26.303ms
08-05 13:20:55.598 16992 17004 I art     : Starting a blocking GC Explicit
08-05 13:20:55.628 16992 17004 I art     : Explicit concurrent mark sweep GC freed 1339(110KB) AllocSpace objects, 4(240KB) LOS objects, 10% free, 140MB/156MB, paused 1.096ms total 29.132ms
08-05 13:20:55.659   512  2967 D audio_hw_primary: disable_audio_route: reset and update mixer path: low-latency-playback speaker
08-05 13:20:55.660   512  2967 D audio_hw_primary: disable_snd_device: snd_device(2: speaker)
08-05 13:20:55.669   512  2967 I soundtrigger: audio_extn_sound_trigger_update_device_status: device 0x2 of type 0 for Event 0
08-05 13:20:55.694 16992 18986 I NAPPA_EXPERIMENTATION: MetricNetworkRequestExecutionTime: REQUEST_DURATION_SYSTEM='563',REQUEST_DURATION_OKHTTP='37',REQUEST_SYNCHRONOUS='FALSE',RESPONSE_CODE='200',RESPONSE_METHOD='GET',RESPONSE_LENGTH_OKHTTP='6426',RESPONSE_LENGTH_HEADER='6426',REQUEST_PROTOCOL='http/1.1',REQUEST_URL='https://project-travel-mate.herokuapp.com/api/get-upcoming-holidays/2020',
08-05 13:20:55.727 16992 18987 I NAPPA_EXPERIMENTATION: MetricNetworkRequestExecutionTime: REQUEST_DURATION_SYSTEM='595',REQUEST_DURATION_OKHTTP='69',REQUEST_SYNCHRONOUS='FALSE',RESPONSE_CODE='200',RESPONSE_METHOD='GET',RESPONSE_LENGTH_OKHTTP='6426',RESPONSE_LENGTH_HEADER='6426',REQUEST_PROTOCOL='http/1.1',REQUEST_URL='https://project-travel-mate.herokuapp.com/api/get-upcoming-holidays/2020',
08-05 13:20:55.780 16992 16992 V Response: [{"month":"January","date":1,"day":"Wednesday","name":"New Year's Day","type":"Restricted"},{"month":"January","date":2,"day":"Thursday","name":"Guru Govind Singh Jayanti","type":"Restricted"},{"month":"January","date":14,"day":"Tuesday","name":"Lohri","type":"Restricted"},{"month":"January","date":15,"day":"Wednesday","name":"Pongal","type":"Restricted"},{"month":"January","date":15,"day":"Wednesday","name":"Makar Sankranti","type":"Restricted"},{"month":"January","date":25,"day":"Saturday","name":"Chinese New Year","type":"Observance"},{"month":"January","date":26,"day":"Sunday","name":"Republic Day","type":"Gazetted"},{"month":"January","date":30,"day":"Thursday","name":"Vasant Panchami","type":"Restricted"},{"month":"February","date":9,"day":"Sunday","name":"Guru Ravidas Jayanti","type":"Restricted"},{"month":"February","date":14,"day":"Friday","name":"Valentine's Day","type":"Observance"},{"month":"February","date":18,"day":"Tuesday","name":"Maharishi Dayanand Saraswati Jayanti","type":"Restricted"},{"month":"February","date":19,"day":"Wednesday","name":"Shivaji Jayanti","type":"Restricted"},{"month":"February","date":21,"day":"Friday","name":"Maha Shivaratri/Shivaratri","type":"Gazetted"},{"month":"March","date":9,"day":"Monday","name":"Holika Dahana","type":"Restricted"},{"month":"March","date":9,"day":"Monday","name":"Hazarat Ali's Birthday","type":"Restricted"},{"month":"March","date":10,"day":"Tuesday","name":"Holi","type":"Gazetted"},{"month":"March","date":20,"day":"Friday","name":"March Equinox","type":"Season"},{"month":"March","date":25,"day":"Wednesday","name":"Chaitra Sukhladi","type":"Restricted"},{"month":"April","date":2,"day":"Thursday","name":"Rama Navami","type":"Gazetted"},{"month":"April","date":6,"day":"Monday","name":"Mahavir Jayanti","type":"Gazetted"},{"month":"April","date":9,"day":"Thursday","name":"First day of Passover","type":"Observance"},{"month":"April","date":9,"day":"Thursday","name":"Maundy Thursday","type":"Observance,"},{"month":"April","date":10,"day":"Friday","name":"Good Friday","type":"Gazetted"},{"month":"April","date":12,"day":"Sunday","name":"Easter Day","type":"Restricted"},{"month":"April","date":13,"day":"Monday","name":"Vaisakhi","type":"Restricted"},{"month":"April","date":14,"day":"Tuesday","name":"Mesadi/Vaisakhadi","type":"Restricted"},{"month":"April","date":14,"day":"Tuesday","name":"Ambedkar Jayanti","type":"Central"},{"month":"May","date":1,"day":"Friday","name":"May Day","type":"Observance"},{"month":"May","date":7,"day":"Thursday","name":"Buddha Purnima/Vesak","type":"Gazetted"},{"month":"May","date":7,"day":"Thursday","name":"Birthday of Ravindranath","type":"Restricted"},{"month":"May","date":10,"day":"Sunday","name":"Mother's Day","type":"Observance"},{"month":"May","date":22,"day":"Friday","name":"Jamat Ul-Vida","type":"Restricted"},{"month":"May","date":25,"day":"Monday","name":"Ramzan Id/Eid-ul-Fitar","type":"Gazetted"},{"month":"May","date":25,"day":"Monday","name":"Ramzan Id/Eid-ul-Fitar","type":"Muslim,"},{"month":"June","date":21,"day":"Sunday","name":"June Solstice","type":"Season"},{"month":"June","date":21,"day":"Sunday","name":"Father's Day","type":"Observance"},{"month":"June","date":23,"day":"Tuesday","name":"Rath Yatra","type":"Restricted"},{"month":"July","date":5,"day":"Sunday","name":"Guru Purnima","type":"Observance"},{"month":"July","date":31,"day":"Friday","name":"Bakr Id/Eid ul-Adha","type":"Gazetted"},{"month":"August","date":2,"day":"Sunday","name":"Friendship Day","type":"Observance"},{"month":"August","date":3,"day":"Monday","name":"Raksha Bandhan (Rakhi)","type":"Restricted"},{"month":"August","date":11,"day":"Tuesday","name":"Janmashtami (Smarta)","type":"Restricted"},{"month":"August","date":12,"day":"Wednesday","name":"Janmashtami","type":"Gazetted"},{"month":"August","date":15,"day":"Saturday","name":"Independence Day","type":"Gazetted"},{"month":"August","date":16,"day":"Sunday","name":"Parsi New Year","type":"Restricted"},{"month":"August","date":22,"day":"Saturday","name":"Ganesh Chaturthi/Vin
08-05 13:20:55.783 16992 16992 V Response: [{"month":"January","date":1,"day":"Wednesday","name":"New Year's Day","type":"Restricted"},{"month":"January","date":2,"day":"Thursday","name":"Guru Govind Singh Jayanti","type":"Restricted"},{"month":"January","date":14,"day":"Tuesday","name":"Lohri","type":"Restricted"},{"month":"January","date":15,"day":"Wednesday","name":"Pongal","type":"Restricted"},{"month":"January","date":15,"day":"Wednesday","name":"Makar Sankranti","type":"Restricted"},{"month":"January","date":25,"day":"Saturday","name":"Chinese New Year","type":"Observance"},{"month":"January","date":26,"day":"Sunday","name":"Republic Day","type":"Gazetted"},{"month":"January","date":30,"day":"Thursday","name":"Vasant Panchami","type":"Restricted"},{"month":"February","date":9,"day":"Sunday","name":"Guru Ravidas Jayanti","type":"Restricted"},{"month":"February","date":14,"day":"Friday","name":"Valentine's Day","type":"Observance"},{"month":"February","date":18,"day":"Tuesday","name":"Maharishi Dayanand Saraswati Jayanti","type":"Restricted"},{"month":"February","date":19,"day":"Wednesday","name":"Shivaji Jayanti","type":"Restricted"},{"month":"February","date":21,"day":"Friday","name":"Maha Shivaratri/Shivaratri","type":"Gazetted"},{"month":"March","date":9,"day":"Monday","name":"Holika Dahana","type":"Restricted"},{"month":"March","date":9,"day":"Monday","name":"Hazarat Ali's Birthday","type":"Restricted"},{"month":"March","date":10,"day":"Tuesday","name":"Holi","type":"Gazetted"},{"month":"March","date":20,"day":"Friday","name":"March Equinox","type":"Season"},{"month":"March","date":25,"day":"Wednesday","name":"Chaitra Sukhladi","type":"Restricted"},{"month":"April","date":2,"day":"Thursday","name":"Rama Navami","type":"Gazetted"},{"month":"April","date":6,"day":"Monday","name":"Mahavir Jayanti","type":"Gazetted"},{"month":"April","date":9,"day":"Thursday","name":"First day of Passover","type":"Observance"},{"month":"April","date":9,"day":"Thursday","name":"Maundy Thursday","type":"Observance,"},{"month":"April","date":10,"day":"Friday","name":"Good Friday","type":"Gazetted"},{"month":"April","date":12,"day":"Sunday","name":"Easter Day","type":"Restricted"},{"month":"April","date":13,"day":"Monday","name":"Vaisakhi","type":"Restricted"},{"month":"April","date":14,"day":"Tuesday","name":"Mesadi/Vaisakhadi","type":"Restricted"},{"month":"April","date":14,"day":"Tuesday","name":"Ambedkar Jayanti","type":"Central"},{"month":"May","date":1,"day":"Friday","name":"May Day","type":"Observance"},{"month":"May","date":7,"day":"Thursday","name":"Buddha Purnima/Vesak","type":"Gazetted"},{"month":"May","date":7,"day":"Thursday","name":"Birthday of Ravindranath","type":"Restricted"},{"month":"May","date":10,"day":"Sunday","name":"Mother's Day","type":"Observance"},{"month":"May","date":22,"day":"Friday","name":"Jamat Ul-Vida","type":"Restricted"},{"month":"May","date":25,"day":"Monday","name":"Ramzan Id/Eid-ul-Fitar","type":"Gazetted"},{"month":"May","date":25,"day":"Monday","name":"Ramzan Id/Eid-ul-Fitar","type":"Muslim,"},{"month":"June","date":21,"day":"Sunday","name":"June Solstice","type":"Season"},{"month":"June","date":21,"day":"Sunday","name":"Father's Day","type":"Observance"},{"month":"June","date":23,"day":"Tuesday","name":"Rath Yatra","type":"Restricted"},{"month":"July","date":5,"day":"Sunday","name":"Guru Purnima","type":"Observance"},{"month":"July","date":31,"day":"Friday","name":"Bakr Id/Eid ul-Adha","type":"Gazetted"},{"month":"August","date":2,"day":"Sunday","name":"Friendship Day","type":"Observance"},{"month":"August","date":3,"day":"Monday","name":"Raksha Bandhan (Rakhi)","type":"Restricted"},{"month":"August","date":11,"day":"Tuesday","name":"Janmashtami (Smarta)","type":"Restricted"},{"month":"August","date":12,"day":"Wednesday","name":"Janmashtami","type":"Gazetted"},{"month":"August","date":15,"day":"Saturday","name":"Independence Day","type":"Gazetted"},{"month":"August","date":16,"day":"Sunday","name":"Parsi New Year","type":"Restricted"},{"month":"August","date":22,"day":"Saturday","name":"Ganesh Chaturthi/Vin
08-05 13:20:55.930 16992 17010 I art     : Starting a blocking GC Explicit
08-05 13:20:55.964 16992 17010 I art     : Explicit concurrent mark sweep GC freed 15727(687KB) AllocSpace objects, 8(4MB) LOS objects, 10% free, 136MB/152MB, paused 720us total 33.649ms
08-05 13:20:55.974 16992 17010 I art     : Starting a blocking GC Explicit
08-05 13:20:56.007 16992 17010 I art     : Explicit concurrent mark sweep GC freed 1929(210KB) AllocSpace objects, 0(0B) LOS objects, 10% free, 136MB/152MB, paused 702us total 32.182ms
08-05 13:20:56.017 16992 17010 I art     : Starting a blocking GC Explicit
08-05 13:20:56.049 16992 17010 I art     : Explicit concurrent mark sweep GC freed 82(1728B) AllocSpace objects, 0(0B) LOS objects, 10% free, 136MB/152MB, paused 717us total 31.451ms
08-05 13:20:56.059 16992 17010 I art     : Starting a blocking GC Explicit
08-05 13:20:56.090 16992 17010 I art     : Explicit concurrent mark sweep GC freed 75(1296B) AllocSpace objects, 0(0B) LOS objects, 10% free, 136MB/152MB, paused 674us total 31.030ms
08-05 13:20:56.101 16992 17010 I art     : Starting a blocking GC Explicit
08-05 13:20:56.132 16992 17010 I art     : Explicit concurrent mark sweep GC freed 51(896B) AllocSpace objects, 0(0B) LOS objects, 10% free, 136MB/152MB, paused 699us total 30.976ms
08-05 13:20:56.465 16992 17004 I art     : Starting a blocking GC Explicit
08-05 13:20:56.500 16992 17004 I art     : Explicit concurrent mark sweep GC freed 2110(100KB) AllocSpace objects, 2(36KB) LOS objects, 10% free, 136MB/152MB, paused 720us total 35.235ms
08-05 13:20:56.516 16992 17004 I art     : Starting a blocking GC Explicit
08-05 13:20:56.547 16992 17004 I art     : Explicit concurrent mark sweep GC freed 100(2224B) AllocSpace objects, 0(0B) LOS objects, 10% free, 136MB/152MB, paused 770us total 30.687ms
08-05 13:20:56.557 16992 17004 I art     : Starting a blocking GC Explicit
08-05 13:20:56.588 16992 17004 I art     : Explicit concurrent mark sweep GC freed 75(1296B) AllocSpace objects, 0(0B) LOS objects, 10% free, 136MB/152MB, paused 699us total 30.376ms
08-05 13:20:56.598 16992 17004 I art     : Starting a blocking GC Explicit
08-05 13:20:56.629 16992 17004 I art     : Explicit concurrent mark sweep GC freed 51(896B) AllocSpace objects, 0(0B) LOS objects, 10% free, 136MB/152MB, paused 813us total 31.303ms
08-05 13:20:56.640 16992 17004 I art     : Starting a blocking GC Explicit
08-05 13:20:56.671 16992 17004 I art     : Explicit concurrent mark sweep GC freed 75(1296B) AllocSpace objects, 0(0B) LOS objects, 10% free, 136MB/152MB, paused 690us total 31.324ms
08-05 13:20:56.991 16992 17005 I art     : Starting a blocking GC Explicit
08-05 13:20:57.026 16992 17005 I art     : Explicit concurrent mark sweep GC freed 2098(100KB) AllocSpace objects, 2(36KB) LOS objects, 10% free, 136MB/152MB, paused 731us total 34.768ms
08-05 13:20:57.037 16992 17005 I art     : Starting a blocking GC Explicit
08-05 13:20:57.068 16992 17005 I art     : Explicit concurrent mark sweep GC freed 117(3KB) AllocSpace objects, 0(0B) LOS objects, 10% free, 136MB/152MB, paused 727us total 30.772ms
08-05 13:20:57.079 16992 17005 I art     : Starting a blocking GC Explicit
08-05 13:20:57.110 16992 17005 I art     : Explicit concurrent mark sweep GC freed 75(1296B) AllocSpace objects, 0(0B) LOS objects, 10% free, 136MB/152MB, paused 691us total 31.216ms
08-05 13:20:57.120 16992 17005 I art     : Starting a blocking GC Explicit
08-05 13:20:57.153 16992 17005 I art     : Explicit concurrent mark sweep GC freed 51(896B) AllocSpace objects, 0(0B) LOS objects, 10% free, 136MB/152MB, paused 719us total 32.113ms
08-05 13:20:57.163 16992 17005 I art     : Starting a blocking GC Explicit
08-05 13:20:57.196 16992 17005 I art     : Explicit concurrent mark sweep GC freed 75(1296B) AllocSpace objects, 0(0B) LOS objects, 10% free, 136MB/152MB, paused 707us total 32.078ms
08-05 13:20:57.556 16992 17420 I art     : Starting a blocking GC Explicit
08-05 13:20:57.591 16992 17420 I art     : Explicit concurrent mark sweep GC freed 2141(101KB) AllocSpace objects, 2(36KB) LOS objects, 10% free, 136MB/152MB, paused 779us total 34.690ms
08-05 13:20:57.606 16992 17420 I art     : Starting a blocking GC Explicit
08-05 13:20:57.637 16992 17420 I art     : Explicit concurrent mark sweep GC freed 93(2112B) AllocSpace objects, 0(0B) LOS objects, 10% free, 136MB/152MB, paused 658us total 30.104ms
08-05 13:20:57.647 16992 17420 I art     : Starting a blocking GC Explicit
08-05 13:20:57.677 16992 17420 I art     : Explicit concurrent mark sweep GC freed 75(1296B) AllocSpace objects, 0(0B) LOS objects, 10% free, 136MB/152MB, paused 791us total 30.006ms
08-05 13:20:57.687 16992 17420 I art     : Starting a blocking GC Explicit
08-05 13:20:57.719 16992 17420 I art     : Explicit concurrent mark sweep GC freed 50(864B) AllocSpace objects, 0(0B) LOS objects, 10% free, 136MB/152MB, paused 711us total 31.333ms
08-05 13:20:57.729 16992 17420 I art     : Starting a blocking GC Explicit
08-05 13:20:57.760 16992 17420 I art     : Explicit concurrent mark sweep GC freed 76(1328B) AllocSpace objects, 0(0B) LOS objects, 10% free, 136MB/152MB, paused 688us total 30.930ms
08-05 13:20:58.126 16992 17697 I art     : Starting a blocking GC Explicit
08-05 13:20:58.160 16992 17697 I art     : Explicit concurrent mark sweep GC freed 2188(102KB) AllocSpace objects, 2(36KB) LOS objects, 10% free, 136MB/152MB, paused 668us total 34.066ms
08-05 13:20:58.175 16992 17697 I art     : Starting a blocking GC Explicit
08-05 13:20:58.205 16992 17697 I art     : Explicit concurrent mark sweep GC freed 77(1856B) AllocSpace objects, 0(0B) LOS objects, 10% free, 136MB/152MB, paused 705us total 30.297ms
08-05 13:20:58.215 16992 17697 I art     : Starting a blocking GC Explicit
08-05 13:20:58.246 16992 17697 I art     : Explicit concurrent mark sweep GC freed 75(1296B) AllocSpace objects, 0(0B) LOS objects, 10% free, 136MB/152MB, paused 681us total 30.172ms
08-05 13:20:58.256 16992 17697 I art     : Starting a blocking GC Explicit
08-05 13:20:58.288 16992 17697 I art     : Explicit concurrent mark sweep GC freed 51(896B) AllocSpace objects, 0(0B) LOS objects, 10% free, 136MB/152MB, paused 832us total 31.567ms
08-05 13:20:58.298 16992 17697 I art     : Starting a blocking GC Explicit
08-05 13:20:58.329 16992 17697 I art     : Explicit concurrent mark sweep GC freed 84(1584B) AllocSpace objects, 0(0B) LOS objects, 10% free, 136MB/152MB, paused 656us total 30.915ms
08-05 13:20:58.684 16992 17010 I art     : Starting a blocking GC Explicit
08-05 13:20:58.715 16992 17010 I art     : Explicit concurrent mark sweep GC freed 2154(102KB) AllocSpace objects, 2(36KB) LOS objects, 10% free, 136MB/152MB, paused 650us total 31.539ms
08-05 13:20:58.726 16992 17010 I art     : Starting a blocking GC Explicit
08-05 13:20:58.757 16992 17010 I art     : Explicit concurrent mark sweep GC freed 81(1904B) AllocSpace objects, 0(0B) LOS objects, 10% free, 136MB/152MB, paused 846us total 31.217ms
08-05 13:20:58.768 16992 17010 I art     : Starting a blocking GC Explicit
08-05 13:20:58.799 16992 17010 I art     : Explicit concurrent mark sweep GC freed 70(1216B) AllocSpace objects, 0(0B) LOS objects, 10% free, 136MB/152MB, paused 665us total 30.737ms
08-05 13:20:58.809 16992 17010 I art     : Starting a blocking GC Explicit
08-05 13:20:58.841 16992 17010 I art     : Explicit concurrent mark sweep GC freed 56(976B) AllocSpace objects, 0(0B) LOS objects, 10% free, 136MB/152MB, paused 782us total 31.978ms
08-05 13:20:58.852 16992 17010 I art     : Starting a blocking GC Explicit
08-05 13:20:58.884 16992 17010 I art     : Explicit concurrent mark sweep GC freed 70(1216B) AllocSpace objects, 0(0B) LOS objects, 10% free, 136MB/152MB, paused 650us total 31.670ms
08-05 13:20:59.265 16992 17004 I art     : Starting a blocking GC Explicit
08-05 13:20:59.300 16992 17004 I art     : Explicit concurrent mark sweep GC freed 2225(103KB) AllocSpace objects, 2(36KB) LOS objects, 10% free, 136MB/152MB, paused 664us total 34.326ms
08-05 13:20:59.315 16992 17004 I art     : Starting a blocking GC Explicit
08-05 13:20:59.344 16992 17004 I art     : Explicit concurrent mark sweep GC freed 109(2736B) AllocSpace objects, 0(0B) LOS objects, 10% free, 136MB/152MB, paused 635us total 29.213ms
08-05 13:20:59.355 16992 17004 I art     : Starting a blocking GC Explicit
08-05 13:20:59.384 16992 17004 I art     : Explicit concurrent mark sweep GC freed 52(928B) AllocSpace objects, 0(0B) LOS objects, 10% free, 136MB/152MB, paused 642us total 29.266ms
08-05 13:20:59.394 16992 17004 I art     : Starting a blocking GC Explicit
08-05 13:20:59.424 16992 17004 I art     : Explicit concurrent mark sweep GC freed 60(1040B) AllocSpace objects, 0(0B) LOS objects, 10% free, 136MB/152MB, paused 723us total 29.308ms
08-05 13:20:59.434 16992 17004 I art     : Starting a blocking GC Explicit
08-05 13:20:59.463 16992 17004 I art     : Explicit concurrent mark sweep GC freed 66(1152B) AllocSpace objects, 0(0B) LOS objects, 10% free, 136MB/152MB, paused 637us total 28.961ms
08-05 13:20:59.664 19072 19072 D AndroidRuntime: >>>>>> START com.android.internal.os.RuntimeInit uid 2000 <<<<<<
08-05 13:20:59.668 19072 19072 D AndroidRuntime: CheckJNI is OFF
08-05 13:20:59.692 19072 19072 D ICU     : No timezone override file found: /data/misc/zoneinfo/current/icu/icu_tzdata.dat
08-05 13:20:59.717 19072 19072 I Radio-JNI: register_android_hardware_Radio DONE
08-05 13:20:59.734 19072 19072 D AndroidRuntime: Calling main entry com.android.commands.input.Input
08-05 13:20:59.735 19072 19072 I Input   : injectKeyEvent: KeyEvent { action=ACTION_DOWN, keyCode=KEYCODE_BACK, scanCode=0, metaState=0, flags=0x0, repeatCount=0, eventTime=796876148, downTime=796876148, deviceId=-1, source=0x101 }
08-05 13:20:59.742 19072 19072 I Input   : injectKeyEvent: KeyEvent { action=ACTION_UP, keyCode=KEYCODE_BACK, scanCode=0, metaState=0, flags=0x0, repeatCount=0, eventTime=796876148, downTime=796876148, deviceId=-1, source=0x101 }
08-05 13:20:59.747 19072 19072 D AndroidRuntime: Shutting down VM
08-05 13:20:59.758 16992 16992 V MainActivity: url = https://project-travel-mate.herokuapp.com/api/number-of-unread-notifications
08-05 13:20:59.783 13866 13866 I GoogleInputMethodServic: GoogleInputMethodService.onFinishInput():3138 
08-05 13:20:59.783 13866 13866 I GoogleInputMethodServic: GoogleInputMethodService.onStartInput():1808 
08-05 13:20:59.807 16992 17004 I art     : Starting a blocking GC Explicit
08-05 13:20:59.840 16992 17004 I art     : Explicit concurrent mark sweep GC freed 2517(119KB) AllocSpace objects, 2(36KB) LOS objects, 10% free, 136MB/152MB, paused 934us total 33.373ms
08-05 13:20:59.854 16992 17004 I art     : Starting a blocking GC Explicit
08-05 13:20:59.881 16992 17004 I art     : Explicit concurrent mark sweep GC freed 168(5KB) AllocSpace objects, 0(0B) LOS objects, 10% free, 136MB/152MB, paused 602us total 27.489ms
08-05 13:20:59.891 16992 17004 I art     : Starting a blocking GC Explicit
08-05 13:20:59.919 16992 17004 I art     : Explicit concurrent mark sweep GC freed 51(896B) AllocSpace objects, 0(0B) LOS objects, 10% free, 136MB/152MB, paused 696us total 27.529ms
08-05 13:20:59.929 16992 17004 I art     : Starting a blocking GC Explicit
08-05 13:20:59.956 16992 17004 I art     : Explicit concurrent mark sweep GC freed 55(1008B) AllocSpace objects, 0(0B) LOS objects, 10% free, 136MB/152MB, paused 727us total 26.828ms
08-05 13:20:59.969 16992 17004 I art     : Starting a blocking GC Explicit
08-05 13:20:59.999 16992 17004 I art     : Explicit concurrent mark sweep GC freed 94(2384B) AllocSpace objects, 0(0B) LOS objects, 10% free, 136MB/152MB, paused 614us total 29.476ms
08-05 13:21:00.090   380   380 W SurfaceFlinger: couldn't log to binary event log: overflow.
08-05 13:21:00.310 16992 17004 I art     : Starting a blocking GC Explicit
08-05 13:21:00.348 16992 17004 I art     : Explicit concurrent mark sweep GC freed 1783(96KB) AllocSpace objects, 3(224KB) LOS objects, 10% free, 136MB/152MB, paused 737us total 37.655ms
08-05 13:21:00.359 16992 17004 I art     : Starting a blocking GC Explicit
08-05 13:21:00.390 16992 17004 I art     : Explicit concurrent mark sweep GC freed 6646(360KB) AllocSpace objects, 13(264KB) LOS objects, 10% free, 135MB/151MB, paused 721us total 31.341ms
08-05 13:21:00.401 16992 17004 I art     : Starting a blocking GC Explicit
08-05 13:21:00.430 16992 17004 I art     : Explicit concurrent mark sweep GC freed 9(384B) AllocSpace objects, 0(0B) LOS objects, 10% free, 135MB/151MB, paused 702us total 29.575ms
08-05 13:21:00.441 16992 17004 I art     : Starting a blocking GC Explicit
08-05 13:21:00.471 16992 17004 I art     : Explicit concurrent mark sweep GC freed 3(96B) AllocSpace objects, 0(0B) LOS objects, 10% free, 135MB/151MB, paused 711us total 30.362ms
08-05 13:21:00.482 16992 17004 I art     : Starting a blocking GC Explicit
08-05 13:21:00.513 16992 17004 I art     : Explicit concurrent mark sweep GC freed 3(96B) AllocSpace objects, 0(0B) LOS objects, 10% free, 135MB/151MB, paused 726us total 30.916ms
08-05 13:21:00.608 16992 19095 I NAPPA_EXPERIMENTATION: MetricNetworkRequestExecutionTime: REQUEST_DURATION_SYSTEM='849',REQUEST_DURATION_OKHTTP='40',REQUEST_SYNCHRONOUS='FALSE',RESPONSE_CODE='200',RESPONSE_METHOD='GET',RESPONSE_LENGTH_OKHTTP='36',RESPONSE_LENGTH_HEADER='36',REQUEST_PROTOCOL='http/1.1',REQUEST_URL='https://project-travel-mate.herokuapp.com/api/number-of-unread-notifications',
08-05 13:21:00.847 16992 17420 I art     : Starting a blocking GC Explicit
08-05 13:21:00.891 16992 17420 I art     : Explicit concurrent mark sweep GC freed 4383(239KB) AllocSpace objects, 5(236KB) LOS objects, 10% free, 135MB/151MB, paused 953us total 42.884ms
08-05 13:21:00.903 16992 17420 I art     : Starting a blocking GC Explicit
08-05 13:21:00.935 16992 17420 I art     : Explicit concurrent mark sweep GC freed 962(117KB) AllocSpace objects, 0(0B) LOS objects, 10% free, 135MB/151MB, paused 707us total 31.785ms
08-05 13:21:00.945 16992 17420 I art     : Starting a blocking GC Explicit
08-05 13:21:00.975 16992 17420 I art     : Explicit concurrent mark sweep GC freed 3(96B) AllocSpace objects, 0(0B) LOS objects, 10% free, 135MB/151MB, paused 644us total 29.766ms
08-05 13:21:00.986 16992 17420 I art     : Starting a blocking GC Explicit
08-05 13:21:01.015 16992 17420 I art     : Explicit concurrent mark sweep GC freed 3(96B) AllocSpace objects, 0(0B) LOS objects, 10% free, 135MB/151MB, paused 647us total 28.805ms
08-05 13:21:01.025 16992 17420 I art     : Starting a blocking GC Explicit
08-05 13:21:01.051 16992 17420 I art     : Explicit concurrent mark sweep GC freed 34(928B) AllocSpace objects, 0(0B) LOS objects, 10% free, 135MB/151MB, paused 631us total 26.122ms
08-05 13:21:01.297 19117 19117 D AndroidRuntime: >>>>>> START com.android.internal.os.RuntimeInit uid 2000 <<<<<<
08-05 13:21:01.301 19117 19117 D AndroidRuntime: CheckJNI is OFF
08-05 13:21:01.329 19117 19117 D ICU     : No timezone override file found: /data/misc/zoneinfo/current/icu/icu_tzdata.dat
08-05 13:21:01.349 16992 17697 I art     : Starting a blocking GC Explicit
08-05 13:21:01.355 19117 19117 I Radio-JNI: register_android_hardware_Radio DONE
08-05 13:21:01.372 19117 19117 D AndroidRuntime: Calling main entry com.android.commands.input.Input
08-05 13:21:01.374 19117 19117 I Input   : injectMotionEvent: MotionEvent { action=ACTION_DOWN, actionButton=0, id[0]=0, x[0]=657.0, y[0]=2080.0, toolType[0]=TOOL_TYPE_UNKNOWN, buttonState=0, metaState=0, flags=0x0, edgeFlags=0x0, pointerCount=1, historySize=0, eventTime=796877787, downTime=796877787, deviceId=0, source=0x1002 }
08-05 13:21:01.380 16992 17697 I art     : Explicit concurrent mark sweep GC freed 1583(92KB) AllocSpace objects, 2(36KB) LOS objects, 10% free, 135MB/151MB, paused 676us total 30.947ms
08-05 13:21:01.392 16992 17697 I art     : Starting a blocking GC Explicit
08-05 13:21:01.406 19117 19117 I Input   : injectMotionEvent: MotionEvent { action=ACTION_UP, actionButton=0, id[0]=0, x[0]=657.0, y[0]=2080.0, toolType[0]=TOOL_TYPE_UNKNOWN, buttonState=0, metaState=0, flags=0x0, edgeFlags=0x0, pointerCount=1, historySize=0, eventTime=796877787, downTime=796877787, deviceId=0, source=0x1002 }
08-05 13:21:01.424 16992 17697 I art     : Explicit concurrent mark sweep GC freed 31(1120B) AllocSpace objects, 0(0B) LOS objects, 10% free, 135MB/151MB, paused 941us total 31.869ms
08-05 13:21:01.432 19117 19117 D AndroidRuntime: Shutting down VM
08-05 13:21:01.436 16992 17697 I art     : Starting a blocking GC Explicit
08-05 13:21:01.458   918  6110 I ActivityManager: START u0 {cmp=baseline.io.github.project_travel_mate/.utilities.UpcomingWeekendsActivity} from uid 10674 on display 0
08-05 13:21:01.461   512  2967 D audio_hw_primary: out_set_parameters: enter: usecase(1: low-latency-playback) kvpairs: routing=2
08-05 13:21:01.465 16992 17697 I art     : Explicit concurrent mark sweep GC freed 9(272B) AllocSpace objects, 0(0B) LOS objects, 10% free, 135MB/151MB, paused 718us total 28.961ms
08-05 13:21:01.474   512  2967 D audio_hw_primary: select_devices: out_snd_device(2: speaker) in_snd_device(0: none)
08-05 13:21:01.474   512  2967 D msm8974_platform: platform_send_audio_calibration: sending audio calibration for snd_device(2) acdb_id(15)
08-05 13:21:01.474   512  2967 I soundtrigger: audio_extn_sound_trigger_update_device_status: device 0x2 of type 0 for Event 1
08-05 13:21:01.474 16992 17697 I art     : Starting a blocking GC Explicit
08-05 13:21:01.483   512  2967 D audio_hw_primary: enable_snd_device: snd_device(2: speaker)
08-05 13:21:01.485   512  2967 D audio_hw_primary: enable_audio_route: apply and update mixer path: low-latency-playback speaker
08-05 13:21:01.505 16992 17697 I art     : Explicit concurrent mark sweep GC freed 33(1088B) AllocSpace objects, 0(0B) LOS objects, 10% free, 135MB/151MB, paused 713us total 29.898ms
08-05 13:21:01.515 16992 17697 I art     : Starting a blocking GC Explicit
08-05 13:21:01.530 16992 17083 D Gabe    : call	returning from cache
08-05 13:21:01.531 16992 16992 V EXECUTING: https://project-travel-mate.herokuapp.com/api/get-upcoming-holidays/2020
08-05 13:21:01.533 16992 16992 V EXECUTING: https://project-travel-mate.herokuapp.com/api/get-upcoming-holidays/2020
08-05 13:21:01.546 16992 17697 I art     : Explicit concurrent mark sweep GC freed 679(55KB) AllocSpace objects, 0(0B) LOS objects, 10% free, 135MB/151MB, paused 912us total 30.552ms
08-05 13:21:01.663 16697 16697 I Atfwd_Sendcmd: AtCmdFwd service not ready - Exhausted retry attempts - :6
08-05 13:21:01.663 16697 16697 I Atfwd_Daemon: result : -1 	 ,Init step :2 	 ,qmiErrorCode: 0
08-05 13:21:01.691   918   936 I ActivityManager: Displayed baseline.io.github.project_travel_mate/.utilities.UpcomingWeekendsActivity: +199ms
08-05 13:21:01.691 13866 13866 I GoogleInputMethodServic: GoogleInputMethodService.onFinishInput():3138 
08-05 13:21:01.692 13866 13866 I GoogleInputMethodServic: GoogleInputMethodService.onStartInput():1808 
08-05 13:21:01.832 16992 17004 I art     : Starting a blocking GC Explicit
08-05 13:21:01.863 16992 17004 I art     : Explicit concurrent mark sweep GC freed 2926(144KB) AllocSpace objects, 2(36KB) LOS objects, 10% free, 140MB/156MB, paused 731us total 30.842ms
08-05 13:21:01.873 16992 17004 I art     : Starting a blocking GC Explicit
08-05 13:21:01.901 16992 17004 I art     : Explicit concurrent mark sweep GC freed 134(4KB) AllocSpace objects, 0(0B) LOS objects, 10% free, 140MB/156MB, paused 754us total 27.525ms
08-05 13:21:01.911 16992 17004 I art     : Starting a blocking GC Explicit
08-05 13:21:01.939 16992 17004 I art     : Explicit concurrent mark sweep GC freed 63(1552B) AllocSpace objects, 0(0B) LOS objects, 10% free, 140MB/156MB, paused 680us total 28.376ms
08-05 13:21:01.944   380   380 W SurfaceFlinger: couldn't log to binary event log: overflow.
08-05 13:21:01.951 16992 17004 I art     : Starting a blocking GC Explicit
08-05 13:21:01.978 16992 17004 I art     : Explicit concurrent mark sweep GC freed 97(2720B) AllocSpace objects, 0(0B) LOS objects, 10% free, 140MB/156MB, paused 714us total 26.782ms
08-05 13:21:01.988 16992 17004 I art     : Starting a blocking GC Explicit
08-05 13:21:02.015 16992 17004 I art     : Explicit concurrent mark sweep GC freed 51(896B) AllocSpace objects, 0(0B) LOS objects, 10% free, 140MB/156MB, paused 624us total 26.898ms
08-05 13:21:02.019   512  2967 D audio_hw_primary: disable_audio_route: reset and update mixer path: low-latency-playback speaker
08-05 13:21:02.020   512  2967 D audio_hw_primary: disable_snd_device: snd_device(2: speaker)
08-05 13:21:02.031   512  2967 I soundtrigger: audio_extn_sound_trigger_update_device_status: device 0x2 of type 0 for Event 0
08-05 13:21:02.309 16992 17420 I art     : Starting a blocking GC Explicit
08-05 13:21:02.347 16992 17420 I art     : Explicit concurrent mark sweep GC freed 7381(367KB) AllocSpace objects, 8(436KB) LOS objects, 10% free, 140MB/156MB, paused 989us total 37.774ms
08-05 13:21:02.352 16992 19141 I NAPPA_EXPERIMENTATION: MetricNetworkRequestExecutionTime: REQUEST_DURATION_SYSTEM='820',REQUEST_DURATION_OKHTTP='45',REQUEST_SYNCHRONOUS='FALSE',RESPONSE_CODE='200',RESPONSE_METHOD='GET',RESPONSE_LENGTH_OKHTTP='6426',RESPONSE_LENGTH_HEADER='6426',REQUEST_PROTOCOL='http/1.1',REQUEST_URL='https://project-travel-mate.herokuapp.com/api/get-upcoming-holidays/2020',
08-05 13:21:02.359 16992 17420 I art     : Starting a blocking GC Explicit
08-05 13:21:02.386 16992 19142 I NAPPA_EXPERIMENTATION: MetricNetworkRequestExecutionTime: REQUEST_DURATION_SYSTEM='852',REQUEST_DURATION_OKHTTP='77',REQUEST_SYNCHRONOUS='FALSE',RESPONSE_CODE='200',RESPONSE_METHOD='GET',RESPONSE_LENGTH_OKHTTP='6426',RESPONSE_LENGTH_HEADER='6426',REQUEST_PROTOCOL='http/1.1',REQUEST_URL='https://project-travel-mate.herokuapp.com/api/get-upcoming-holidays/2020',
08-05 13:21:02.389 16992 17420 I art     : Explicit concurrent mark sweep GC freed 2192(255KB) AllocSpace objects, 1(16KB) LOS objects, 10% free, 140MB/156MB, paused 1.147ms total 29.568ms
08-05 13:21:02.399 16992 17420 I art     : Starting a blocking GC Explicit
08-05 13:21:02.413 16992 16992 V Response: [{"month":"January","date":1,"day":"Wednesday","name":"New Year's Day","type":"Restricted"},{"month":"January","date":2,"day":"Thursday","name":"Guru Govind Singh Jayanti","type":"Restricted"},{"month":"January","date":14,"day":"Tuesday","name":"Lohri","type":"Restricted"},{"month":"January","date":15,"day":"Wednesday","name":"Pongal","type":"Restricted"},{"month":"January","date":15,"day":"Wednesday","name":"Makar Sankranti","type":"Restricted"},{"month":"January","date":25,"day":"Saturday","name":"Chinese New Year","type":"Observance"},{"month":"January","date":26,"day":"Sunday","name":"Republic Day","type":"Gazetted"},{"month":"January","date":30,"day":"Thursday","name":"Vasant Panchami","type":"Restricted"},{"month":"February","date":9,"day":"Sunday","name":"Guru Ravidas Jayanti","type":"Restricted"},{"month":"February","date":14,"day":"Friday","name":"Valentine's Day","type":"Observance"},{"month":"February","date":18,"day":"Tuesday","name":"Maharishi Dayanand Saraswati Jayanti","type":"Restricted"},{"month":"February","date":19,"day":"Wednesday","name":"Shivaji Jayanti","type":"Restricted"},{"month":"February","date":21,"day":"Friday","name":"Maha Shivaratri/Shivaratri","type":"Gazetted"},{"month":"March","date":9,"day":"Monday","name":"Holika Dahana","type":"Restricted"},{"month":"March","date":9,"day":"Monday","name":"Hazarat Ali's Birthday","type":"Restricted"},{"month":"March","date":10,"day":"Tuesday","name":"Holi","type":"Gazetted"},{"month":"March","date":20,"day":"Friday","name":"March Equinox","type":"Season"},{"month":"March","date":25,"day":"Wednesday","name":"Chaitra Sukhladi","type":"Restricted"},{"month":"April","date":2,"day":"Thursday","name":"Rama Navami","type":"Gazetted"},{"month":"April","date":6,"day":"Monday","name":"Mahavir Jayanti","type":"Gazetted"},{"month":"April","date":9,"day":"Thursday","name":"First day of Passover","type":"Observance"},{"month":"April","date":9,"day":"Thursday","name":"Maundy Thursday","type":"Observance,"},{"month":"April","date":10,"day":"Friday","name":"Good Friday","type":"Gazetted"},{"month":"April","date":12,"day":"Sunday","name":"Easter Day","type":"Restricted"},{"month":"April","date":13,"day":"Monday","name":"Vaisakhi","type":"Restricted"},{"month":"April","date":14,"day":"Tuesday","name":"Mesadi/Vaisakhadi","type":"Restricted"},{"month":"April","date":14,"day":"Tuesday","name":"Ambedkar Jayanti","type":"Central"},{"month":"May","date":1,"day":"Friday","name":"May Day","type":"Observance"},{"month":"May","date":7,"day":"Thursday","name":"Buddha Purnima/Vesak","type":"Gazetted"},{"month":"May","date":7,"day":"Thursday","name":"Birthday of Ravindranath","type":"Restricted"},{"month":"May","date":10,"day":"Sunday","name":"Mother's Day","type":"Observance"},{"month":"May","date":22,"day":"Friday","name":"Jamat Ul-Vida","type":"Restricted"},{"month":"May","date":25,"day":"Monday","name":"Ramzan Id/Eid-ul-Fitar","type":"Gazetted"},{"month":"May","date":25,"day":"Monday","name":"Ramzan Id/Eid-ul-Fitar","type":"Muslim,"},{"month":"June","date":21,"day":"Sunday","name":"June Solstice","type":"Season"},{"month":"June","date":21,"day":"Sunday","name":"Father's Day","type":"Observance"},{"month":"June","date":23,"day":"Tuesday","name":"Rath Yatra","type":"Restricted"},{"month":"July","date":5,"day":"Sunday","name":"Guru Purnima","type":"Observance"},{"month":"July","date":31,"day":"Friday","name":"Bakr Id/Eid ul-Adha","type":"Gazetted"},{"month":"August","date":2,"day":"Sunday","name":"Friendship Day","type":"Observance"},{"month":"August","date":3,"day":"Monday","name":"Raksha Bandhan (Rakhi)","type":"Restricted"},{"month":"August","date":11,"day":"Tuesday","name":"Janmashtami (Smarta)","type":"Restricted"},{"month":"August","date":12,"day":"Wednesday","name":"Janmashtami","type":"Gazetted"},{"month":"August","date":15,"day":"Saturday","name":"Independence Day","type":"Gazetted"},{"month":"August","date":16,"day":"Sunday","name":"Parsi New Year","type":"Restricted"},{"month":"August","date":22,"day":"Saturday","name":"Ganesh Chaturthi/Vin
08-05 13:21:02.428 16992 17420 I art     : Explicit concurrent mark sweep GC freed 3645(131KB) AllocSpace objects, 2(32KB) LOS objects, 10% free, 140MB/156MB, paused 994us total 28.874ms
08-05 13:21:02.437 16992 17420 I art     : Starting a blocking GC Explicit
08-05 13:21:02.454 16992 16992 V Response: [{"month":"January","date":1,"day":"Wednesday","name":"New Year's Day","type":"Restricted"},{"month":"January","date":2,"day":"Thursday","name":"Guru Govind Singh Jayanti","type":"Restricted"},{"month":"January","date":14,"day":"Tuesday","name":"Lohri","type":"Restricted"},{"month":"January","date":15,"day":"Wednesday","name":"Pongal","type":"Restricted"},{"month":"January","date":15,"day":"Wednesday","name":"Makar Sankranti","type":"Restricted"},{"month":"January","date":25,"day":"Saturday","name":"Chinese New Year","type":"Observance"},{"month":"January","date":26,"day":"Sunday","name":"Republic Day","type":"Gazetted"},{"month":"January","date":30,"day":"Thursday","name":"Vasant Panchami","type":"Restricted"},{"month":"February","date":9,"day":"Sunday","name":"Guru Ravidas Jayanti","type":"Restricted"},{"month":"February","date":14,"day":"Friday","name":"Valentine's Day","type":"Observance"},{"month":"February","date":18,"day":"Tuesday","name":"Maharishi Dayanand Saraswati Jayanti","type":"Restricted"},{"month":"February","date":19,"day":"Wednesday","name":"Shivaji Jayanti","type":"Restricted"},{"month":"February","date":21,"day":"Friday","name":"Maha Shivaratri/Shivaratri","type":"Gazetted"},{"month":"March","date":9,"day":"Monday","name":"Holika Dahana","type":"Restricted"},{"month":"March","date":9,"day":"Monday","name":"Hazarat Ali's Birthday","type":"Restricted"},{"month":"March","date":10,"day":"Tuesday","name":"Holi","type":"Gazetted"},{"month":"March","date":20,"day":"Friday","name":"March Equinox","type":"Season"},{"month":"March","date":25,"day":"Wednesday","name":"Chaitra Sukhladi","type":"Restricted"},{"month":"April","date":2,"day":"Thursday","name":"Rama Navami","type":"Gazetted"},{"month":"April","date":6,"day":"Monday","name":"Mahavir Jayanti","type":"Gazetted"},{"month":"April","date":9,"day":"Thursday","name":"First day of Passover","type":"Observance"},{"month":"April","date":9,"day":"Thursday","name":"Maundy Thursday","type":"Observance,"},{"month":"April","date":10,"day":"Friday","name":"Good Friday","type":"Gazetted"},{"month":"April","date":12,"day":"Sunday","name":"Easter Day","type":"Restricted"},{"month":"April","date":13,"day":"Monday","name":"Vaisakhi","type":"Restricted"},{"month":"April","date":14,"day":"Tuesday","name":"Mesadi/Vaisakhadi","type":"Restricted"},{"month":"April","date":14,"day":"Tuesday","name":"Ambedkar Jayanti","type":"Central"},{"month":"May","date":1,"day":"Friday","name":"May Day","type":"Observance"},{"month":"May","date":7,"day":"Thursday","name":"Buddha Purnima/Vesak","type":"Gazetted"},{"month":"May","date":7,"day":"Thursday","name":"Birthday of Ravindranath","type":"Restricted"},{"month":"May","date":10,"day":"Sunday","name":"Mother's Day","type":"Observance"},{"month":"May","date":22,"day":"Friday","name":"Jamat Ul-Vida","type":"Restricted"},{"month":"May","date":25,"day":"Monday","name":"Ramzan Id/Eid-ul-Fitar","type":"Gazetted"},{"month":"May","date":25,"day":"Monday","name":"Ramzan Id/Eid-ul-Fitar","type":"Muslim,"},{"month":"June","date":21,"day":"Sunday","name":"June Solstice","type":"Season"},{"month":"June","date":21,"day":"Sunday","name":"Father's Day","type":"Observance"},{"month":"June","date":23,"day":"Tuesday","name":"Rath Yatra","type":"Restricted"},{"month":"July","date":5,"day":"Sunday","name":"Guru Purnima","type":"Observance"},{"month":"July","date":31,"day":"Friday","name":"Bakr Id/Eid ul-Adha","type":"Gazetted"},{"month":"August","date":2,"day":"Sunday","name":"Friendship Day","type":"Observance"},{"month":"August","date":3,"day":"Monday","name":"Raksha Bandhan (Rakhi)","type":"Restricted"},{"month":"August","date":11,"day":"Tuesday","name":"Janmashtami (Smarta)","type":"Restricted"},{"month":"August","date":12,"day":"Wednesday","name":"Janmashtami","type":"Gazetted"},{"month":"August","date":15,"day":"Saturday","name":"Independence Day","type":"Gazetted"},{"month":"August","date":16,"day":"Sunday","name":"Parsi New Year","type":"Restricted"},{"month":"August","date":22,"day":"Saturday","name":"Ganesh Chaturthi/Vin
08-05 13:21:02.465 16992 17420 I art     : Explicit concurrent mark sweep GC freed 7685(281KB) AllocSpace objects, 0(0B) LOS objects, 10% free, 141MB/157MB, paused 992us total 27.939ms
08-05 13:21:02.475 16992 17420 I art     : Starting a blocking GC Explicit
08-05 13:21:02.503 16992 17420 I art     : Explicit concurrent mark sweep GC freed 2789(113KB) AllocSpace objects, 1(4MB) LOS objects, 10% free, 137MB/153MB, paused 613us total 27.648ms
08-05 13:21:02.844 16992 17005 I art     : Starting a blocking GC Explicit
08-05 13:21:02.877 16992 17005 I art     : Explicit concurrent mark sweep GC freed 2885(148KB) AllocSpace objects, 13(256KB) LOS objects, 10% free, 136MB/152MB, paused 713us total 33.219ms
08-05 13:21:02.888 16992 17005 I art     : Starting a blocking GC Explicit
08-05 13:21:02.920 16992 17005 I art     : Explicit concurrent mark sweep GC freed 133(3KB) AllocSpace objects, 0(0B) LOS objects, 10% free, 136MB/152MB, paused 688us total 31.948ms
08-05 13:21:02.931 16992 17005 I art     : Starting a blocking GC Explicit
08-05 13:21:02.964 16992 17005 I art     : Explicit concurrent mark sweep GC freed 89(1728B) AllocSpace objects, 0(0B) LOS objects, 10% free, 136MB/152MB, paused 827us total 33.006ms
08-05 13:21:02.974 16992 17005 I art     : Starting a blocking GC Explicit
08-05 13:21:03.009 16992 17005 I art     : Explicit concurrent mark sweep GC freed 51(896B) AllocSpace objects, 0(0B) LOS objects, 10% free, 136MB/152MB, paused 901us total 34.447ms
08-05 13:21:03.020 16992 17005 I art     : Starting a blocking GC Explicit
08-05 13:21:03.052 16992 17005 I art     : Explicit concurrent mark sweep GC freed 106(2128B) AllocSpace objects, 0(0B) LOS objects, 10% free, 136MB/152MB, paused 694us total 31.596ms
08-05 13:21:03.425 16992 17697 I art     : Starting a blocking GC Explicit
08-05 13:21:03.460 16992 17697 I art     : Explicit concurrent mark sweep GC freed 2158(101KB) AllocSpace objects, 2(36KB) LOS objects, 10% free, 136MB/152MB, paused 671us total 34.313ms
08-05 13:21:03.471 16992 17697 I art     : Starting a blocking GC Explicit
08-05 13:21:03.503 16992 17697 I art     : Explicit concurrent mark sweep GC freed 100(2224B) AllocSpace objects, 0(0B) LOS objects, 10% free, 136MB/152MB, paused 698us total 31.909ms
08-05 13:21:03.513 16992 17697 I art     : Starting a blocking GC Explicit
08-05 13:21:03.546 16992 17697 I art     : Explicit concurrent mark sweep GC freed 50(864B) AllocSpace objects, 0(0B) LOS objects, 10% free, 136MB/152MB, paused 668us total 32.449ms
08-05 13:21:03.556 16992 17697 I art     : Starting a blocking GC Explicit
08-05 13:21:03.589 16992 17697 I art     : Explicit concurrent mark sweep GC freed 76(1328B) AllocSpace objects, 0(0B) LOS objects, 10% free, 136MB/152MB, paused 728us total 32.160ms
08-05 13:21:03.600 16992 17697 I art     : Starting a blocking GC Explicit
08-05 13:21:03.633 16992 17697 I art     : Explicit concurrent mark sweep GC freed 64(1104B) AllocSpace objects, 0(0B) LOS objects, 10% free, 136MB/152MB, paused 803us total 33.047ms
08-05 13:21:03.985 16992 17010 I art     : Starting a blocking GC Explicit
08-05 13:21:04.022 16992 17010 I art     : Explicit concurrent mark sweep GC freed 2145(101KB) AllocSpace objects, 2(36KB) LOS objects, 10% free, 136MB/152MB, paused 769us total 36.167ms
08-05 13:21:04.037 16992 17010 I art     : Starting a blocking GC Explicit
08-05 13:21:04.068 16992 17010 I art     : Explicit concurrent mark sweep GC freed 130(3024B) AllocSpace objects, 0(0B) LOS objects, 10% free, 136MB/152MB, paused 733us total 31.182ms
08-05 13:21:04.078 16992 17010 I art     : Starting a blocking GC Explicit
08-05 13:21:04.109 16992 17010 I art     : Explicit concurrent mark sweep GC freed 52(928B) AllocSpace objects, 0(0B) LOS objects, 10% free, 136MB/152MB, paused 689us total 30.633ms
08-05 13:21:04.119 16992 17010 I art     : Starting a blocking GC Explicit
08-05 13:21:04.151 16992 17010 I art     : Explicit concurrent mark sweep GC freed 73(1248B) AllocSpace objects, 0(0B) LOS objects, 10% free, 136MB/152MB, paused 870us total 31.726ms
08-05 13:21:04.162 16992 17010 I art     : Starting a blocking GC Explicit
08-05 13:21:04.194 16992 17010 I art     : Explicit concurrent mark sweep GC freed 53(944B) AllocSpace objects, 0(0B) LOS objects, 10% free, 136MB/152MB, paused 711us total 31.891ms
08-05 13:21:04.577 16992 17004 I art     : Starting a blocking GC Explicit
08-05 13:21:04.613 16992 17004 I art     : Explicit concurrent mark sweep GC freed 2182(101KB) AllocSpace objects, 2(36KB) LOS objects, 10% free, 136MB/152MB, paused 743us total 35.420ms
08-05 13:21:04.627 16992 17004 I art     : Starting a blocking GC Explicit
08-05 13:21:04.658 16992 17004 I art     : Explicit concurrent mark sweep GC freed 100(2224B) AllocSpace objects, 0(0B) LOS objects, 10% free, 136MB/152MB, paused 716us total 30.860ms
08-05 13:21:04.668 16992 17004 I art     : Starting a blocking GC Explicit
08-05 13:21:04.699 16992 17004 I art     : Explicit concurrent mark sweep GC freed 53(944B) AllocSpace objects, 0(0B) LOS objects, 10% free, 136MB/152MB, paused 839us total 31.247ms
08-05 13:21:04.710 16992 17004 I art     : Starting a blocking GC Explicit
08-05 13:21:04.742 16992 17004 I art     : Explicit concurrent mark sweep GC freed 74(1280B) AllocSpace objects, 0(0B) LOS objects, 10% free, 136MB/152MB, paused 708us total 32.449ms
08-05 13:21:04.753 16992 17004 I art     : Starting a blocking GC Explicit
08-05 13:21:04.785 16992 17004 I art     : Explicit concurrent mark sweep GC freed 71(1216B) AllocSpace objects, 0(0B) LOS objects, 10% free, 136MB/152MB, paused 823us total 32.120ms
08-05 13:21:05.132 16992 17420 I art     : Starting a blocking GC Explicit
08-05 13:21:05.168 16992 17420 I art     : Explicit concurrent mark sweep GC freed 2158(102KB) AllocSpace objects, 2(36KB) LOS objects, 10% free, 136MB/152MB, paused 938us total 35.694ms
08-05 13:21:05.179 16992 17420 I art     : Starting a blocking GC Explicit
08-05 13:21:05.212 16992 17420 I art     : Explicit concurrent mark sweep GC freed 109(2768B) AllocSpace objects, 0(0B) LOS objects, 10% free, 136MB/152MB, paused 704us total 32.580ms
08-05 13:21:05.222 16992 17420 I art     : Starting a blocking GC Explicit
08-05 13:21:05.255 16992 17420 I art     : Explicit concurrent mark sweep GC freed 75(1296B) AllocSpace objects, 0(0B) LOS objects, 10% free, 136MB/152MB, paused 710us total 32.365ms
08-05 13:21:05.266 16992 17420 I art     : Starting a blocking GC Explicit
08-05 13:21:05.299 16992 17420 I art     : Explicit concurrent mark sweep GC freed 50(864B) AllocSpace objects, 0(0B) LOS objects, 10% free, 136MB/152MB, paused 734us total 33.271ms
08-05 13:21:05.310 16992 17420 I art     : Starting a blocking GC Explicit
08-05 13:21:05.343 16992 17420 I art     : Explicit concurrent mark sweep GC freed 76(1328B) AllocSpace objects, 0(0B) LOS objects, 10% free, 136MB/152MB, paused 716us total 32.760ms
08-05 13:21:05.717 16992 17005 I art     : Starting a blocking GC Explicit
08-05 13:21:05.749 16992 17005 I art     : Explicit concurrent mark sweep GC freed 2169(101KB) AllocSpace objects, 2(36KB) LOS objects, 10% free, 136MB/152MB, paused 735us total 32.205ms
08-05 13:21:05.760 16992 17005 I art     : Starting a blocking GC Explicit
08-05 13:21:05.790 16992 17005 I art     : Explicit concurrent mark sweep GC freed 111(2800B) AllocSpace objects, 0(0B) LOS objects, 10% free, 136MB/152MB, paused 710us total 30.713ms
08-05 13:21:05.801 16992 17005 I art     : Starting a blocking GC Explicit
08-05 13:21:05.833 16992 17005 I art     : Explicit concurrent mark sweep GC freed 50(864B) AllocSpace objects, 0(0B) LOS objects, 10% free, 136MB/152MB, paused 742us total 31.894ms
08-05 13:21:05.843 16992 17005 I art     : Starting a blocking GC Explicit
08-05 13:21:05.875 16992 17005 I art     : Explicit concurrent mark sweep GC freed 76(1328B) AllocSpace objects, 0(0B) LOS objects, 10% free, 136MB/152MB, paused 780us total 31.208ms
08-05 13:21:05.885 16992 17005 I art     : Starting a blocking GC Explicit
08-05 13:21:05.917 16992 17005 I art     : Explicit concurrent mark sweep GC freed 51(896B) AllocSpace objects, 0(0B) LOS objects, 10% free, 136MB/152MB, paused 690us total 31.430ms
08-05 13:21:05.977 19227 19227 D AndroidRuntime: >>>>>> START com.android.internal.os.RuntimeInit uid 2000 <<<<<<
08-05 13:21:05.981 19227 19227 D AndroidRuntime: CheckJNI is OFF
08-05 13:21:06.007 19227 19227 D ICU     : No timezone override file found: /data/misc/zoneinfo/current/icu/icu_tzdata.dat
08-05 13:21:06.035 19227 19227 I Radio-JNI: register_android_hardware_Radio DONE
08-05 13:21:06.052 19227 19227 D AndroidRuntime: Calling main entry com.android.commands.input.Input
08-05 13:21:06.053 19227 19227 I Input   : injectKeyEvent: KeyEvent { action=ACTION_DOWN, keyCode=KEYCODE_BACK, scanCode=0, metaState=0, flags=0x0, repeatCount=0, eventTime=796882466, downTime=796882466, deviceId=-1, source=0x101 }
08-05 13:21:06.061 19227 19227 I Input   : injectKeyEvent: KeyEvent { action=ACTION_UP, keyCode=KEYCODE_BACK, scanCode=0, metaState=0, flags=0x0, repeatCount=0, eventTime=796882466, downTime=796882466, deviceId=-1, source=0x101 }
08-05 13:21:06.069 19227 19227 D AndroidRuntime: Shutting down VM
08-05 13:21:06.083 16992 16992 V MainActivity: url = https://project-travel-mate.herokuapp.com/api/number-of-unread-notifications
08-05 13:21:06.112 13866 13866 I GoogleInputMethodServic: GoogleInputMethodService.onFinishInput():3138 
08-05 13:21:06.113 13866 13866 I GoogleInputMethodServic: GoogleInputMethodService.onStartInput():1808 
08-05 13:21:06.209 16992 17004 I art     : Starting a blocking GC Explicit
08-05 13:21:06.238 16992 17004 I art     : Explicit concurrent mark sweep GC freed 2500(120KB) AllocSpace objects, 2(36KB) LOS objects, 10% free, 136MB/152MB, paused 740us total 28.972ms
08-05 13:21:06.248 16992 17004 I art     : Starting a blocking GC Explicit
08-05 13:21:06.279 16992 17004 I art     : Explicit concurrent mark sweep GC freed 125(3KB) AllocSpace objects, 0(0B) LOS objects, 10% free, 136MB/152MB, paused 890us total 30.386ms
08-05 13:21:06.290 16992 17004 I art     : Starting a blocking GC Explicit
08-05 13:21:06.323 16992 17004 I art     : Explicit concurrent mark sweep GC freed 96(2432B) AllocSpace objects, 0(0B) LOS objects, 10% free, 136MB/152MB, paused 856us total 32.452ms
08-05 13:21:06.333 16992 17004 I art     : Starting a blocking GC Explicit
08-05 13:21:06.366 16992 17004 I art     : Explicit concurrent mark sweep GC freed 53(992B) AllocSpace objects, 0(0B) LOS objects, 10% free, 136MB/152MB, paused 755us total 32.012ms
08-05 13:21:06.378 16992 17004 I art     : Starting a blocking GC Explicit
08-05 13:21:06.411 16992 17004 I art     : Explicit concurrent mark sweep GC freed 75(1296B) AllocSpace objects, 0(0B) LOS objects, 10% free, 136MB/152MB, paused 662us total 32.759ms
08-05 13:21:06.434   380   380 W SurfaceFlinger: couldn't log to binary event log: overflow.
08-05 13:21:06.654 16992 19247 I NAPPA_EXPERIMENTATION: MetricNetworkRequestExecutionTime: REQUEST_DURATION_SYSTEM='570',REQUEST_DURATION_OKHTTP='37',REQUEST_SYNCHRONOUS='FALSE',RESPONSE_CODE='200',RESPONSE_METHOD='GET',RESPONSE_LENGTH_OKHTTP='36',RESPONSE_LENGTH_HEADER='36',REQUEST_PROTOCOL='http/1.1',REQUEST_URL='https://project-travel-mate.herokuapp.com/api/number-of-unread-notifications',
08-05 13:21:06.721   918  3261 D WifiStateMachine: starting scan for "H369AA63323"WPA_PSK with 2412,5180
08-05 13:21:06.748 16992 17697 I art     : Starting a blocking GC Explicit
08-05 13:21:06.787 16992 17697 I art     : Explicit concurrent mark sweep GC freed 4455(241KB) AllocSpace objects, 6(424KB) LOS objects, 10% free, 136MB/152MB, paused 838us total 39.029ms
08-05 13:21:06.802 16992 17697 I art     : Starting a blocking GC Explicit
08-05 13:21:06.835 16992 17697 I art     : Explicit concurrent mark sweep GC freed 7586(477KB) AllocSpace objects, 13(264KB) LOS objects, 10% free, 136MB/152MB, paused 807us total 32.395ms
08-05 13:21:06.846 16992 17697 I art     : Starting a blocking GC Explicit
08-05 13:21:06.876 16992 17697 I art     : Explicit concurrent mark sweep GC freed 9(384B) AllocSpace objects, 0(0B) LOS objects, 10% free, 136MB/152MB, paused 724us total 30.561ms
08-05 13:21:06.887 16992 17697 I art     : Starting a blocking GC Explicit
08-05 13:21:06.918 16992 17697 I art     : Explicit concurrent mark sweep GC freed 3(96B) AllocSpace objects, 0(0B) LOS objects, 10% free, 136MB/152MB, paused 823us total 31.394ms
08-05 13:21:06.929 16992 17697 I art     : Starting a blocking GC Explicit
08-05 13:21:06.961 16992 17697 I art     : Explicit concurrent mark sweep GC freed 3(96B) AllocSpace objects, 0(0B) LOS objects, 10% free, 136MB/152MB, paused 666us total 31.640ms
08-05 13:21:07.309 16992 17420 I art     : Starting a blocking GC Explicit
08-05 13:21:07.345 16992 17420 I art     : Explicit concurrent mark sweep GC freed 1613(92KB) AllocSpace objects, 2(36KB) LOS objects, 10% free, 136MB/152MB, paused 800us total 35.519ms
08-05 13:21:07.356 16992 17420 I art     : Starting a blocking GC Explicit
08-05 13:21:07.385 16992 17420 I art     : Explicit concurrent mark sweep GC freed 28(1024B) AllocSpace objects, 0(0B) LOS objects, 10% free, 136MB/152MB, paused 757us total 29.015ms
08-05 13:21:07.395 16992 17420 I art     : Starting a blocking GC Explicit
08-05 13:21:07.424 16992 17420 I art     : Explicit concurrent mark sweep GC freed 3(96B) AllocSpace objects, 0(0B) LOS objects, 10% free, 136MB/152MB, paused 704us total 29.186ms
08-05 13:21:07.434 16992 17420 I art     : Starting a blocking GC Explicit
08-05 13:21:07.464 16992 17420 I art     : Explicit concurrent mark sweep GC freed 3(96B) AllocSpace objects, 0(0B) LOS objects, 10% free, 136MB/152MB, paused 723us total 29.378ms
08-05 13:21:07.474 16992 17420 I art     : Starting a blocking GC Explicit
08-05 13:21:07.504 16992 17420 I art     : Explicit concurrent mark sweep GC freed 3(96B) AllocSpace objects, 0(0B) LOS objects, 10% free, 136MB/152MB, paused 745us total 29.975ms
08-05 13:21:07.619 19274 19274 D AndroidRuntime: >>>>>> START com.android.internal.os.RuntimeInit uid 2000 <<<<<<
08-05 13:21:07.625 19274 19274 D AndroidRuntime: CheckJNI is OFF
08-05 13:21:07.657 19274 19274 D ICU     : No timezone override file found: /data/misc/zoneinfo/current/icu/icu_tzdata.dat
08-05 13:21:07.683 19274 19274 I Radio-JNI: register_android_hardware_Radio DONE
08-05 13:21:07.699 19274 19274 D AndroidRuntime: Calling main entry com.android.commands.input.Input
08-05 13:21:07.700 19274 19274 I Input   : injectMotionEvent: MotionEvent { action=ACTION_DOWN, actionButton=0, id[0]=0, x[0]=117.0, y[0]=170.0, toolType[0]=TOOL_TYPE_UNKNOWN, buttonState=0, metaState=0, flags=0x0, edgeFlags=0x0, pointerCount=1, historySize=0, eventTime=796884113, downTime=796884113, deviceId=0, source=0x1002 }
08-05 13:21:07.733 19274 19274 I Input   : injectMotionEvent: MotionEvent { action=ACTION_UP, actionButton=0, id[0]=0, x[0]=117.0, y[0]=170.0, toolType[0]=TOOL_TYPE_UNKNOWN, buttonState=0, metaState=0, flags=0x0, edgeFlags=0x0, pointerCount=1, historySize=0, eventTime=796884113, downTime=796884113, deviceId=0, source=0x1002 }
08-05 13:21:07.761 19274 19274 D AndroidRuntime: Shutting down VM
08-05 13:21:07.787   512  2967 D audio_hw_primary: out_set_parameters: enter: usecase(1: low-latency-playback) kvpairs: routing=2
08-05 13:21:07.800   512  2967 D audio_hw_primary: select_devices: out_snd_device(2: speaker) in_snd_device(0: none)
08-05 13:21:07.800   512  2967 D msm8974_platform: platform_send_audio_calibration: sending audio calibration for snd_device(2) acdb_id(15)
08-05 13:21:07.800   512  2967 I soundtrigger: audio_extn_sound_trigger_update_device_status: device 0x2 of type 0 for Event 1
08-05 13:21:07.810   512  2967 D audio_hw_primary: enable_snd_device: snd_device(2: speaker)
08-05 13:21:07.812   512  2967 D audio_hw_primary: enable_audio_route: apply and update mixer path: low-latency-playback speaker
08-05 13:21:07.819 16992 17420 I art     : Starting a blocking GC Explicit
08-05 13:21:07.849 16992 17420 I art     : Explicit concurrent mark sweep GC freed 1672(95KB) AllocSpace objects, 2(36KB) LOS objects, 10% free, 136MB/152MB, paused 789us total 29.740ms
08-05 13:21:07.860 16992 17420 I art     : Starting a blocking GC Explicit
08-05 13:21:07.893 16992 17420 I art     : Explicit concurrent mark sweep GC freed 433(21KB) AllocSpace objects, 0(0B) LOS objects, 10% free, 136MB/152MB, paused 980us total 33.217ms
08-05 13:21:07.894 16992 17003 I art     : WaitForGcToComplete blocked for 16.344ms for cause HeapTrim
08-05 13:21:07.905 16992 17420 I art     : Starting a blocking GC Explicit
08-05 13:21:07.934 16992 17420 I art     : Explicit concurrent mark sweep GC freed 11(512B) AllocSpace objects, 0(0B) LOS objects, 10% free, 136MB/152MB, paused 713us total 29.091ms
08-05 13:21:07.944 16992 17420 I art     : Starting a blocking GC Explicit
08-05 13:21:07.975 16992 17420 I art     : Explicit concurrent mark sweep GC freed 17(816B) AllocSpace objects, 0(0B) LOS objects, 10% free, 136MB/152MB, paused 834us total 30.610ms
08-05 13:21:07.986 16992 17420 I art     : Starting a blocking GC Explicit
08-05 13:21:08.016 16992 17420 I art     : Explicit concurrent mark sweep GC freed 13(640B) AllocSpace objects, 0(0B) LOS objects, 10% free, 136MB/152MB, paused 813us total 29.936ms
08-05 13:21:08.298 19297 19297 D AndroidRuntime: >>>>>> START com.android.internal.os.RuntimeInit uid 2000 <<<<<<
08-05 13:21:08.298 16992 17005 I art     : Starting a blocking GC Explicit
08-05 13:21:08.302 19297 19297 D AndroidRuntime: CheckJNI is OFF
08-05 13:21:08.325 16992 17005 I art     : Explicit concurrent mark sweep GC freed 1616(92KB) AllocSpace objects, 2(36KB) LOS objects, 10% free, 136MB/152MB, paused 689us total 26.535ms
08-05 13:21:08.327 19297 19297 D ICU     : No timezone override file found: /data/misc/zoneinfo/current/icu/icu_tzdata.dat
08-05 13:21:08.335 16992 17005 I art     : Starting a blocking GC Explicit
08-05 13:21:08.348   512  2967 D audio_hw_primary: disable_audio_route: reset and update mixer path: low-latency-playback speaker
08-05 13:21:08.349   512  2967 D audio_hw_primary: disable_snd_device: snd_device(2: speaker)
08-05 13:21:08.350 19297 19297 I Radio-JNI: register_android_hardware_Radio DONE
08-05 13:21:08.357   512  2967 I soundtrigger: audio_extn_sound_trigger_update_device_status: device 0x2 of type 0 for Event 0
08-05 13:21:08.361 16992 17005 I art     : Explicit concurrent mark sweep GC freed 38(1344B) AllocSpace objects, 0(0B) LOS objects, 10% free, 136MB/152MB, paused 700us total 26.364ms
08-05 13:21:08.366 19297 19297 D AndroidRuntime: Calling main entry com.android.commands.input.Input
08-05 13:21:08.367 19297 19297 I Input   : injectMotionEvent: MotionEvent { action=ACTION_DOWN, actionButton=0, id[0]=0, x[0]=405.0, y[0]=661.0, toolType[0]=TOOL_TYPE_UNKNOWN, buttonState=0, metaState=0, flags=0x0, edgeFlags=0x0, pointerCount=1, historySize=0, eventTime=796884780, downTime=796884780, deviceId=0, source=0x1002 }
08-05 13:21:08.371 16992 17005 I art     : Starting a blocking GC Explicit
08-05 13:21:08.373 19297 19297 I Input   : injectMotionEvent: MotionEvent { action=ACTION_UP, actionButton=0, id[0]=0, x[0]=405.0, y[0]=661.0, toolType[0]=TOOL_TYPE_UNKNOWN, buttonState=0, metaState=0, flags=0x0, edgeFlags=0x0, pointerCount=1, historySize=0, eventTime=796884780, downTime=796884780, deviceId=0, source=0x1002 }
08-05 13:21:08.375 19297 19297 D AndroidRuntime: Shutting down VM
08-05 13:21:08.398   512  2967 D audio_hw_primary: out_set_parameters: enter: usecase(1: low-latency-playback) kvpairs: routing=2
08-05 13:21:08.398 16992 17005 I art     : Explicit concurrent mark sweep GC freed 14(2448B) AllocSpace objects, 0(0B) LOS objects, 10% free, 136MB/152MB, paused 854us total 27.143ms
08-05 13:21:08.408 16992 17005 I art     : Starting a blocking GC Explicit
08-05 13:21:08.411   512  2967 D audio_hw_primary: select_devices: out_snd_device(2: speaker) in_snd_device(0: none)
08-05 13:21:08.411   512  2967 D msm8974_platform: platform_send_audio_calibration: sending audio calibration for snd_device(2) acdb_id(15)
08-05 13:21:08.411   512  2967 I soundtrigger: audio_extn_sound_trigger_update_device_status: device 0x2 of type 0 for Event 1
08-05 13:21:08.421   512  2967 D audio_hw_primary: enable_snd_device: snd_device(2: speaker)
08-05 13:21:08.423   512  2967 D audio_hw_primary: enable_audio_route: apply and update mixer path: low-latency-playback speaker
08-05 13:21:08.437 16992 17005 I art     : Explicit concurrent mark sweep GC freed 476(72KB) AllocSpace objects, 0(0B) LOS objects, 8% free, 167MB/183MB, paused 998us total 28.985ms
08-05 13:21:08.448 16992 17005 I art     : Starting a blocking GC Explicit
08-05 13:21:08.469   512  2967 D AudioFlinger: mixer(0xf4740000) throttle end: throttle time(12)
08-05 13:21:08.477 16992 17005 I art     : Explicit concurrent mark sweep GC freed 16(1056B) AllocSpace objects, 0(0B) LOS objects, 8% free, 167MB/183MB, paused 834us total 28.696ms
08-05 13:21:08.771 16992 17420 I art     : Starting a blocking GC Explicit
08-05 13:21:08.803 16992 17420 I art     : Explicit concurrent mark sweep GC freed 3214(189KB) AllocSpace objects, 2(36KB) LOS objects, 8% free, 183MB/199MB, paused 772us total 32.034ms
08-05 13:21:08.814 16992 17420 I art     : Starting a blocking GC Explicit
08-05 13:21:08.843 16992 17420 I art     : Explicit concurrent mark sweep GC freed 940(52KB) AllocSpace objects, 9(252KB) LOS objects, 8% free, 182MB/198MB, paused 670us total 28.348ms
08-05 13:21:08.853 16992 17420 I art     : Starting a blocking GC Explicit
08-05 13:21:08.881 16992 17420 I art     : Explicit concurrent mark sweep GC freed 12(592B) AllocSpace objects, 0(0B) LOS objects, 8% free, 182MB/198MB, paused 647us total 27.033ms
08-05 13:21:08.891 16992 17420 I art     : Starting a blocking GC Explicit
08-05 13:21:08.921 16992 17420 I art     : Explicit concurrent mark sweep GC freed 3(96B) AllocSpace objects, 0(0B) LOS objects, 8% free, 182MB/198MB, paused 732us total 30.336ms
08-05 13:21:08.931 16992 17420 I art     : Starting a blocking GC Explicit
08-05 13:21:08.963 16992 17420 I art     : Explicit concurrent mark sweep GC freed 3(96B) AllocSpace objects, 0(0B) LOS objects, 8% free, 182MB/198MB, paused 722us total 31.167ms
08-05 13:21:08.969   512  2967 D audio_hw_primary: disable_audio_route: reset and update mixer path: low-latency-playback speaker
08-05 13:21:08.969   512  2967 D audio_hw_primary: disable_snd_device: snd_device(2: speaker)
08-05 13:21:08.977   512  2967 I soundtrigger: audio_extn_sound_trigger_update_device_status: device 0x2 of type 0 for Event 0
08-05 13:21:09.320 16992 17005 I art     : Starting a blocking GC Explicit
08-05 13:21:09.364 16992 17005 I art     : Explicit concurrent mark sweep GC freed 1657(94KB) AllocSpace objects, 2(36KB) LOS objects, 8% free, 182MB/198MB, paused 780us total 43.246ms
08-05 13:21:09.377 16992 17005 I art     : Starting a blocking GC Explicit
08-05 13:21:09.410 16992 17005 I art     : Explicit concurrent mark sweep GC freed 28(1024B) AllocSpace objects, 0(0B) LOS objects, 8% free, 182MB/198MB, paused 738us total 32.679ms
08-05 13:21:09.420 16992 17005 I art     : Starting a blocking GC Explicit
08-05 13:21:09.453 16992 17005 I art     : Explicit concurrent mark sweep GC freed 3(96B) AllocSpace objects, 0(0B) LOS objects, 8% free, 182MB/198MB, paused 751us total 31.972ms
08-05 13:21:09.463 16992 17005 I art     : Starting a blocking GC Explicit
08-05 13:21:09.495 16992 17005 I art     : Explicit concurrent mark sweep GC freed 3(96B) AllocSpace objects, 0(0B) LOS objects, 8% free, 182MB/198MB, paused 758us total 31.429ms
08-05 13:21:09.506 16992 17005 I art     : Starting a blocking GC Explicit
08-05 13:21:09.538 16992 17005 I art     : Explicit concurrent mark sweep GC freed 7(224B) AllocSpace objects, 0(0B) LOS objects, 8% free, 182MB/198MB, paused 726us total 32.168ms
08-05 13:21:09.893 16992 17697 I art     : Starting a blocking GC Explicit
08-05 13:21:09.939 16992 17697 I art     : Explicit concurrent mark sweep GC freed 1591(92KB) AllocSpace objects, 2(36KB) LOS objects, 8% free, 182MB/198MB, paused 881us total 45.021ms
08-05 13:21:09.951 16992 17697 I art     : Starting a blocking GC Explicit
08-05 13:21:09.984 16992 17697 I art     : Explicit concurrent mark sweep GC freed 42(1456B) AllocSpace objects, 0(0B) LOS objects, 8% free, 182MB/198MB, paused 730us total 32.638ms
08-05 13:21:09.995 16992 17697 I art     : Starting a blocking GC Explicit
08-05 13:21:10.027 16992 17697 I art     : Explicit concurrent mark sweep GC freed 3(96B) AllocSpace objects, 0(0B) LOS objects, 8% free, 182MB/198MB, paused 773us total 32.420ms
08-05 13:21:10.038 16992 17697 I art     : Starting a blocking GC Explicit
08-05 13:21:10.070 16992 17697 I art     : Explicit concurrent mark sweep GC freed 34(928B) AllocSpace objects, 0(0B) LOS objects, 8% free, 182MB/198MB, paused 733us total 32.222ms
08-05 13:21:10.081 16992 17697 I art     : Starting a blocking GC Explicit
08-05 13:21:10.114 16992 17697 I art     : Explicit concurrent mark sweep GC freed 3(96B) AllocSpace objects, 0(0B) LOS objects, 8% free, 182MB/198MB, paused 737us total 32.165ms
08-05 13:21:10.502 16992 17004 I art     : Starting a blocking GC Explicit
08-05 13:21:10.539 16992 17004 I art     : Explicit concurrent mark sweep GC freed 1595(92KB) AllocSpace objects, 2(36KB) LOS objects, 8% free, 182MB/198MB, paused 749us total 36.888ms
08-05 13:21:10.551 16992 17004 I art     : Starting a blocking GC Explicit
08-05 13:21:10.582 16992 17004 I art     : Explicit concurrent mark sweep GC freed 42(1456B) AllocSpace objects, 0(0B) LOS objects, 8% free, 182MB/198MB, paused 708us total 31.367ms
08-05 13:21:10.593 16992 17004 I art     : Starting a blocking GC Explicit
08-05 13:21:10.624 16992 17004 I art     : Explicit concurrent mark sweep GC freed 3(96B) AllocSpace objects, 0(0B) LOS objects, 8% free, 182MB/198MB, paused 685us total 30.737ms
08-05 13:21:10.634 16992 17004 I art     : Starting a blocking GC Explicit
08-05 13:21:10.664 16992 17004 I art     : Explicit concurrent mark sweep GC freed 3(96B) AllocSpace objects, 0(0B) LOS objects, 8% free, 182MB/198MB, paused 649us total 29.557ms
08-05 13:21:10.674 16992 17004 I art     : Starting a blocking GC Explicit
08-05 13:21:10.704 16992 17004 I art     : Explicit concurrent mark sweep GC freed 3(96B) AllocSpace objects, 0(0B) LOS objects, 8% free, 182MB/198MB, paused 694us total 30.003ms
08-05 13:21:10.949 19359 19359 D AndroidRuntime: >>>>>> START com.android.internal.os.RuntimeInit uid 2000 <<<<<<
08-05 13:21:10.953 19359 19359 D AndroidRuntime: CheckJNI is OFF
08-05 13:21:10.980 19359 19359 D ICU     : No timezone override file found: /data/misc/zoneinfo/current/icu/icu_tzdata.dat
08-05 13:21:11.005 19359 19359 I Radio-JNI: register_android_hardware_Radio DONE
08-05 13:21:11.022 19359 19359 D AndroidRuntime: Calling main entry com.android.commands.input.Input
08-05 13:21:11.024 19359 19359 I Input   : injectMotionEvent: MotionEvent { action=ACTION_DOWN, actionButton=0, id[0]=0, x[0]=1341.0, y[0]=197.0, toolType[0]=TOOL_TYPE_UNKNOWN, buttonState=0, metaState=0, flags=0x0, edgeFlags=0x0, pointerCount=1, historySize=0, eventTime=796887437, downTime=796887437, deviceId=0, source=0x1002 }
08-05 13:21:11.028 19359 19359 I Input   : injectMotionEvent: MotionEvent { action=ACTION_UP, actionButton=0, id[0]=0, x[0]=1341.0, y[0]=197.0, toolType[0]=TOOL_TYPE_UNKNOWN, buttonState=0, metaState=0, flags=0x0, edgeFlags=0x0, pointerCount=1, historySize=0, eventTime=796887437, downTime=796887437, deviceId=0, source=0x1002 }
08-05 13:21:11.031 19359 19359 D AndroidRuntime: Shutting down VM
08-05 13:21:11.033 16992 17010 I art     : Starting a blocking GC Explicit
08-05 13:21:11.042   918  6111 I ActivityManager: START u0 {cmp=baseline.io.github.project_travel_mate/.notifications.NotificationsActivity} from uid 10674 on display 0
08-05 13:21:11.044   512  2967 D audio_hw_primary: out_set_parameters: enter: usecase(1: low-latency-playback) kvpairs: routing=2
08-05 13:21:11.057   512  2967 D audio_hw_primary: select_devices: out_snd_device(2: speaker) in_snd_device(0: none)
08-05 13:21:11.057   512  2967 D msm8974_platform: platform_send_audio_calibration: sending audio calibration for snd_device(2) acdb_id(15)
08-05 13:21:11.057   512  2967 I soundtrigger: audio_extn_sound_trigger_update_device_status: device 0x2 of type 0 for Event 1
08-05 13:21:11.067   512  2967 D audio_hw_primary: enable_snd_device: snd_device(2: speaker)
08-05 13:21:11.069   512  2967 D audio_hw_primary: enable_audio_route: apply and update mixer path: low-latency-playback speaker
08-05 13:21:11.069 16992 17010 I art     : Explicit concurrent mark sweep GC freed 1935(116KB) AllocSpace objects, 2(36KB) LOS objects, 8% free, 183MB/199MB, paused 983us total 35.984ms
08-05 13:21:11.072 16992 17083 D Gabe    : call	returning from cache
08-05 13:21:11.077 16992 16992 V EXECUTING: https://project-travel-mate.herokuapp.com/api/get-notifications
08-05 13:21:11.080 16992 17010 I art     : Starting a blocking GC Explicit
08-05 13:21:11.083 16992 16992 V EXECUTING: https://project-travel-mate.herokuapp.com/api/get-notifications
08-05 13:21:11.112 16992 17010 I art     : Explicit concurrent mark sweep GC freed 1070(80KB) AllocSpace objects, 0(0B) LOS objects, 8% free, 183MB/199MB, paused 848us total 31.689ms
08-05 13:21:11.122 16992 17010 I art     : Starting a blocking GC Explicit
08-05 13:21:11.153 16992 17010 I art     : Explicit concurrent mark sweep GC freed 774(25KB) AllocSpace objects, 0(0B) LOS objects, 7% free, 187MB/203MB, paused 1.131ms total 31.167ms
08-05 13:21:11.165 16992 17010 I art     : Starting a blocking GC Explicit
08-05 13:21:11.195 16992 17010 I art     : Explicit concurrent mark sweep GC freed 102(4KB) AllocSpace objects, 0(0B) LOS objects, 7% free, 187MB/203MB, paused 1.051ms total 30.788ms
08-05 13:21:11.206 16992 17010 I art     : Starting a blocking GC Explicit
08-05 13:21:11.214   918   936 I ActivityManager: Displayed baseline.io.github.project_travel_mate/.notifications.NotificationsActivity: +163ms
08-05 13:21:11.216 13866 13866 I GoogleInputMethodServic: GoogleInputMethodService.onFinishInput():3138 
08-05 13:21:11.217 13866 13866 I GoogleInputMethodServic: GoogleInputMethodService.onStartInput():1808 
08-05 13:21:11.240 16992 17010 I art     : Explicit concurrent mark sweep GC freed 266(13KB) AllocSpace objects, 0(0B) LOS objects, 7% free, 187MB/203MB, paused 998us total 34.209ms
08-05 13:21:11.302 16992 17007 D OpenGLRenderer: endAllStagingAnimators on 0x7f7e0e9c00 (RippleDrawable) with handle 0x7f797afa00
08-05 13:21:11.475   380   380 W SurfaceFlinger: couldn't log to binary event log: overflow.
08-05 13:21:11.516 16992 17697 I art     : Starting a blocking GC Explicit
08-05 13:21:11.549 16992 17697 I art     : Explicit concurrent mark sweep GC freed 2048(101KB) AllocSpace objects, 2(36KB) LOS objects, 7% free, 187MB/203MB, paused 854us total 32.450ms
08-05 13:21:11.560 16992 17697 I art     : Starting a blocking GC Explicit
08-05 13:21:11.592 16992 17697 I art     : Explicit concurrent mark sweep GC freed 80(1968B) AllocSpace objects, 0(0B) LOS objects, 7% free, 187MB/203MB, paused 815us total 31.455ms
08-05 13:21:11.600   512  2967 D audio_hw_primary: disable_audio_route: reset and update mixer path: low-latency-playback speaker
08-05 13:21:11.601   512  2967 D audio_hw_primary: disable_snd_device: snd_device(2: speaker)
08-05 13:21:11.605 16992 17697 I art     : Starting a blocking GC Explicit
08-05 13:21:11.609   512  2967 I soundtrigger: audio_extn_sound_trigger_update_device_status: device 0x2 of type 0 for Event 0
08-05 13:21:11.636 16992 17697 I art     : Explicit concurrent mark sweep GC freed 89(1584B) AllocSpace objects, 0(0B) LOS objects, 7% free, 187MB/203MB, paused 913us total 31.479ms
08-05 13:21:11.647 16992 17697 I art     : Starting a blocking GC Explicit
08-05 13:21:11.676 16992 17697 I art     : Explicit concurrent mark sweep GC freed 127(2992B) AllocSpace objects, 0(0B) LOS objects, 7% free, 187MB/203MB, paused 913us total 29.711ms
08-05 13:21:11.687 16992 17697 I art     : Starting a blocking GC Explicit
08-05 13:21:11.715 16992 17697 I art     : Explicit concurrent mark sweep GC freed 114(3KB) AllocSpace objects, 0(0B) LOS objects, 7% free, 187MB/203MB, paused 838us total 28.391ms
08-05 13:21:11.893 16992 19383 I NAPPA_EXPERIMENTATION: MetricNetworkRequestExecutionTime: REQUEST_DURATION_SYSTEM='816',REQUEST_DURATION_OKHTTP='56',REQUEST_SYNCHRONOUS='FALSE',RESPONSE_CODE='200',RESPONSE_METHOD='GET',RESPONSE_LENGTH_OKHTTP='2',RESPONSE_LENGTH_HEADER='2',REQUEST_PROTOCOL='http/1.1',REQUEST_URL='https://project-travel-mate.herokuapp.com/api/get-notifications',
08-05 13:21:11.904 16992 19384 I NAPPA_EXPERIMENTATION: MetricNetworkRequestExecutionTime: REQUEST_DURATION_SYSTEM='820',REQUEST_DURATION_OKHTTP='66',REQUEST_SYNCHRONOUS='FALSE',RESPONSE_CODE='200',RESPONSE_METHOD='GET',RESPONSE_LENGTH_OKHTTP='2',RESPONSE_LENGTH_HEADER='2',REQUEST_PROTOCOL='http/1.1',REQUEST_URL='https://project-travel-mate.herokuapp.com/api/get-notifications',
08-05 13:21:11.997 16992 16992 V Response: [] 
08-05 13:21:12.004 16992 17005 I art     : Starting a blocking GC Explicit
08-05 13:21:12.017 16992 16992 V Response: [] 
08-05 13:21:12.025 16992 17083 W LOTTIE  : Animation contains merge paths. Merge paths are only supported on KitKat+ and must be manually enabled by calling enableMergePathsForKitKatAndAbove().
08-05 13:21:12.032 16992 17083 W LOTTIE  : Animation contains merge paths. Merge paths are only supported on KitKat+ and must be manually enabled by calling enableMergePathsForKitKatAndAbove().
08-05 13:21:12.036 16992 17083 W LOTTIE  : Animation contains merge paths. Merge paths are only supported on KitKat+ and must be manually enabled by calling enableMergePathsForKitKatAndAbove().
08-05 13:21:12.036 16992 17005 I art     : Explicit concurrent mark sweep GC freed 11700(562KB) AllocSpace objects, 8(436KB) LOS objects, 7% free, 188MB/204MB, paused 952us total 31.290ms
08-05 13:21:12.038 16992 17083 W LOTTIE  : Animation contains merge paths. Merge paths are only supported on KitKat+ and must be manually enabled by calling enableMergePathsForKitKatAndAbove().
08-05 13:21:12.041 16992 17083 W LOTTIE  : Animation contains merge paths. Merge paths are only supported on KitKat+ and must be manually enabled by calling enableMergePathsForKitKatAndAbove().
08-05 13:21:12.044 16992 17083 W LOTTIE  : Animation contains merge paths. Merge paths are only supported on KitKat+ and must be manually enabled by calling enableMergePathsForKitKatAndAbove().
08-05 13:21:12.046 16992 17005 I art     : Starting a blocking GC Explicit
08-05 13:21:12.047 16992 17083 W LOTTIE  : Animation contains merge paths. Merge paths are only supported on KitKat+ and must be manually enabled by calling enableMergePathsForKitKatAndAbove().
08-05 13:21:12.049 16992 16992 W LOTTIE  : Animation contains merge paths but they are disabled.
08-05 13:21:12.076 16992 17005 I art     : Explicit concurrent mark sweep GC freed 6844(442KB) AllocSpace objects, 2(364KB) LOS objects, 7% free, 187MB/203MB, paused 773us total 29.773ms
08-05 13:21:12.085 16992 17005 I art     : Starting a blocking GC Explicit
08-05 13:21:12.114 16992 17005 I art     : Explicit concurrent mark sweep GC freed 2135(99KB) AllocSpace objects, 0(0B) LOS objects, 7% free, 187MB/203MB, paused 797us total 28.645ms
08-05 13:21:12.125 16992 17005 I art     : Starting a blocking GC Explicit
08-05 13:21:12.154 16992 17005 I art     : Explicit concurrent mark sweep GC freed 150(2720B) AllocSpace objects, 0(0B) LOS objects, 7% free, 187MB/203MB, paused 699us total 28.400ms
08-05 13:21:12.164 16992 17005 I art     : Starting a blocking GC Explicit
08-05 13:21:12.192 16992 17005 I art     : Explicit concurrent mark sweep GC freed 143(2368B) AllocSpace objects, 0(0B) LOS objects, 7% free, 187MB/203MB, paused 670us total 27.545ms
08-05 13:21:12.528 16992 17010 I art     : Starting a blocking GC Explicit
08-05 13:21:12.557 16992 17010 I art     : Explicit concurrent mark sweep GC freed 3244(120KB) AllocSpace objects, 2(36KB) LOS objects, 7% free, 187MB/203MB, paused 765us total 28.878ms
08-05 13:21:12.567 16992 17010 I art     : Starting a blocking GC Explicit
08-05 13:21:12.596 16992 17010 I art     : Explicit concurrent mark sweep GC freed 377(14KB) AllocSpace objects, 0(0B) LOS objects, 7% free, 187MB/203MB, paused 789us total 28.730ms
08-05 13:21:12.606 16992 17010 I art     : Starting a blocking GC Explicit
08-05 13:21:12.634 16992 17010 I art     : Explicit concurrent mark sweep GC freed 185(3KB) AllocSpace objects, 0(0B) LOS objects, 7% free, 187MB/203MB, paused 625us total 26.907ms
08-05 13:21:12.643 16992 17010 I art     : Starting a blocking GC Explicit
08-05 13:21:12.671 16992 17010 I art     : Explicit concurrent mark sweep GC freed 143(2368B) AllocSpace objects, 0(0B) LOS objects, 7% free, 187MB/203MB, paused 718us total 27.169ms
08-05 13:21:12.681 16992 17010 I art     : Starting a blocking GC Explicit
08-05 13:21:12.708 16992 17010 I art     : Explicit concurrent mark sweep GC freed 145(2432B) AllocSpace objects, 0(0B) LOS objects, 7% free, 187MB/203MB, paused 657us total 26.877ms
08-05 13:21:13.039 16992 17697 I art     : Starting a blocking GC Explicit
08-05 13:21:13.068 16992 17697 I art     : Explicit concurrent mark sweep GC freed 3181(118KB) AllocSpace objects, 2(36KB) LOS objects, 7% free, 187MB/203MB, paused 661us total 28.592ms
08-05 13:21:13.078 16992 17697 I art     : Starting a blocking GC Explicit
08-05 13:21:13.106 16992 17697 I art     : Explicit concurrent mark sweep GC freed 168(3KB) AllocSpace objects, 0(0B) LOS objects, 7% free, 187MB/203MB, paused 656us total 27.548ms
08-05 13:21:13.116 16992 17697 I art     : Starting a blocking GC Explicit
08-05 13:21:13.143 16992 17697 I art     : Explicit concurrent mark sweep GC freed 143(2368B) AllocSpace objects, 0(0B) LOS objects, 7% free, 187MB/203MB, paused 701us total 27.115ms
08-05 13:21:13.153 16992 17697 I art     : Starting a blocking GC Explicit
08-05 13:21:13.181 16992 17697 I art     : Explicit concurrent mark sweep GC freed 211(3KB) AllocSpace objects, 0(0B) LOS objects, 7% free, 187MB/203MB, paused 776us total 27.465ms
08-05 13:21:13.190 16992 17697 I art     : Starting a blocking GC Explicit
08-05 13:21:13.217 16992 17697 I art     : Explicit concurrent mark sweep GC freed 145(2400B) AllocSpace objects, 0(0B) LOS objects, 7% free, 187MB/203MB, paused 709us total 26.809ms
08-05 13:21:13.579 16992 17005 I art     : Starting a blocking GC Explicit
08-05 13:21:13.628 16992 17005 I art     : Explicit concurrent mark sweep GC freed 3262(118KB) AllocSpace objects, 2(36KB) LOS objects, 7% free, 187MB/203MB, paused 658us total 48.971ms
08-05 13:21:13.638 16992 17005 I art     : Starting a blocking GC Explicit
08-05 13:21:13.667 16992 17005 I art     : Explicit concurrent mark sweep GC freed 238(4KB) AllocSpace objects, 0(0B) LOS objects, 7% free, 187MB/203MB, paused 717us total 28.764ms
08-05 13:21:13.677 16992 17005 I art     : Starting a blocking GC Explicit
08-05 13:21:13.704 16992 17005 I art     : Explicit concurrent mark sweep GC freed 143(2368B) AllocSpace objects, 0(0B) LOS objects, 7% free, 187MB/203MB, paused 650us total 26.832ms
08-05 13:21:13.714 16992 17005 I art     : Starting a blocking GC Explicit
08-05 13:21:13.741 16992 17005 I art     : Explicit concurrent mark sweep GC freed 143(2368B) AllocSpace objects, 0(0B) LOS objects, 7% free, 187MB/203MB, paused 654us total 27.025ms
08-05 13:21:13.751 16992 17005 I art     : Starting a blocking GC Explicit
08-05 13:21:13.778 16992 17005 I art     : Explicit concurrent mark sweep GC freed 143(2368B) AllocSpace objects, 0(0B) LOS objects, 7% free, 187MB/203MB, paused 647us total 27.234ms
08-05 13:21:14.130 16992 17010 I art     : Starting a blocking GC Explicit
08-05 13:21:14.159 16992 17010 I art     : Explicit concurrent mark sweep GC freed 3248(119KB) AllocSpace objects, 2(36KB) LOS objects, 7% free, 187MB/203MB, paused 688us total 28.715ms
08-05 13:21:14.169 16992 17010 I art     : Starting a blocking GC Explicit
08-05 13:21:14.198 16992 17010 I art     : Explicit concurrent mark sweep GC freed 247(5KB) AllocSpace objects, 0(0B) LOS objects, 7% free, 187MB/203MB, paused 793us total 28.722ms
08-05 13:21:14.207 16992 17010 I art     : Starting a blocking GC Explicit
08-05 13:21:14.234 16992 17010 I art     : Explicit concurrent mark sweep GC freed 165(2736B) AllocSpace objects, 0(0B) LOS objects, 7% free, 187MB/203MB, paused 619us total 26.761ms
08-05 13:21:14.244 16992 17010 I art     : Starting a blocking GC Explicit
08-05 13:21:14.271 16992 17010 I art     : Explicit concurrent mark sweep GC freed 143(2368B) AllocSpace objects, 0(0B) LOS objects, 7% free, 187MB/203MB, paused 625us total 26.906ms
08-05 13:21:14.281 16992 17010 I art     : Starting a blocking GC Explicit
08-05 13:21:14.308 16992 17010 I art     : Explicit concurrent mark sweep GC freed 143(2368B) AllocSpace objects, 0(0B) LOS objects, 7% free, 187MB/203MB, paused 638us total 26.869ms
08-05 13:21:14.659 16992 17004 I art     : Starting a blocking GC Explicit
08-05 13:21:14.688 16992 17004 I art     : Explicit concurrent mark sweep GC freed 3216(118KB) AllocSpace objects, 2(36KB) LOS objects, 7% free, 187MB/203MB, paused 643us total 28.684ms
08-05 13:21:14.698 16992 17004 I art     : Starting a blocking GC Explicit
08-05 13:21:14.726 16992 17004 I art     : Explicit concurrent mark sweep GC freed 193(4KB) AllocSpace objects, 0(0B) LOS objects, 7% free, 187MB/203MB, paused 648us total 27.484ms
08-05 13:21:14.735 16992 17004 I art     : Starting a blocking GC Explicit
08-05 13:21:14.763 16992 17004 I art     : Explicit concurrent mark sweep GC freed 143(2368B) AllocSpace objects, 0(0B) LOS objects, 7% free, 187MB/203MB, paused 708us total 27.195ms
08-05 13:21:14.773 16992 17004 I art     : Starting a blocking GC Explicit
08-05 13:21:14.800 16992 17004 I art     : Explicit concurrent mark sweep GC freed 213(3KB) AllocSpace objects, 0(0B) LOS objects, 7% free, 187MB/203MB, paused 732us total 27.215ms
08-05 13:21:14.810 16992 17004 I art     : Starting a blocking GC Explicit
08-05 13:21:14.837 16992 17004 I art     : Explicit concurrent mark sweep GC freed 143(2368B) AllocSpace objects, 0(0B) LOS objects, 7% free, 187MB/203MB, paused 670us total 27.059ms
08-05 13:21:15.164 16992 17010 I art     : Starting a blocking GC Explicit
08-05 13:21:15.193 16992 17010 I art     : Explicit concurrent mark sweep GC freed 3082(116KB) AllocSpace objects, 2(36KB) LOS objects, 7% free, 187MB/203MB, paused 640us total 28.796ms
08-05 13:21:15.203 16992 17010 I art     : Starting a blocking GC Explicit
08-05 13:21:15.230 16992 17010 I art     : Explicit concurrent mark sweep GC freed 171(3KB) AllocSpace objects, 0(0B) LOS objects, 7% free, 187MB/203MB, paused 598us total 27.113ms
08-05 13:21:15.240 16992 17010 I art     : Starting a blocking GC Explicit
08-05 13:21:15.267 16992 17010 I art     : Explicit concurrent mark sweep GC freed 213(3KB) AllocSpace objects, 0(0B) LOS objects, 7% free, 187MB/203MB, paused 811us total 27.357ms
08-05 13:21:15.277 16992 17010 I art     : Starting a blocking GC Explicit
08-05 13:21:15.304 16992 17010 I art     : Explicit concurrent mark sweep GC freed 143(2368B) AllocSpace objects, 0(0B) LOS objects, 7% free, 187MB/203MB, paused 609us total 26.606ms
08-05 13:21:15.314 16992 17010 I art     : Starting a blocking GC Explicit
08-05 13:21:15.341 16992 17010 I art     : Explicit concurrent mark sweep GC freed 154(2800B) AllocSpace objects, 0(0B) LOS objects, 7% free, 187MB/203MB, paused 644us total 27.315ms
08-05 13:21:15.559 19470 19470 D AndroidRuntime: >>>>>> START com.android.internal.os.RuntimeInit uid 2000 <<<<<<
08-05 13:21:15.563 19470 19470 D AndroidRuntime: CheckJNI is OFF
08-05 13:21:15.585 19470 19470 D ICU     : No timezone override file found: /data/misc/zoneinfo/current/icu/icu_tzdata.dat
08-05 13:21:15.608 19470 19470 I Radio-JNI: register_android_hardware_Radio DONE
08-05 13:21:15.623 19470 19470 D AndroidRuntime: Calling main entry com.android.commands.input.Input
08-05 13:21:15.625 19470 19470 I Input   : injectKeyEvent: KeyEvent { action=ACTION_DOWN, keyCode=KEYCODE_BACK, scanCode=0, metaState=0, flags=0x0, repeatCount=0, eventTime=796892038, downTime=796892038, deviceId=-1, source=0x101 }
08-05 13:21:15.629 19470 19470 I Input   : injectKeyEvent: KeyEvent { action=ACTION_UP, keyCode=KEYCODE_BACK, scanCode=0, metaState=0, flags=0x0, repeatCount=0, eventTime=796892038, downTime=796892038, deviceId=-1, source=0x101 }
08-05 13:21:15.632 19470 19470 D AndroidRuntime: Shutting down VM
08-05 13:21:15.647 16992 16992 V MainActivity: url = https://project-travel-mate.herokuapp.com/api/number-of-unread-notifications
08-05 13:21:15.657 16992 17005 I art     : Starting a blocking GC Explicit
08-05 13:21:15.675 13866 13866 I GoogleInputMethodServic: GoogleInputMethodService.onFinishInput():3138 
08-05 13:21:15.676 13866 13866 I GoogleInputMethodServic: GoogleInputMethodService.onStartInput():1808 
08-05 13:21:15.688 16992 17005 I art     : Explicit concurrent mark sweep GC freed 3359(130KB) AllocSpace objects, 2(36KB) LOS objects, 7% free, 187MB/203MB, paused 1.195ms total 30.960ms
08-05 13:21:15.701 16992 17005 I art     : Starting a blocking GC Explicit
08-05 13:21:15.731 16992 17005 I art     : Explicit concurrent mark sweep GC freed 472(21KB) AllocSpace objects, 0(0B) LOS objects, 7% free, 187MB/203MB, paused 721us total 29.851ms
08-05 13:21:15.741 16992 17005 I art     : Starting a blocking GC Explicit
08-05 13:21:15.770 16992 17005 I art     : Explicit concurrent mark sweep GC freed 44(1264B) AllocSpace objects, 0(0B) LOS objects, 7% free, 187MB/203MB, paused 806us total 28.553ms
08-05 13:21:15.780 16992 17005 I art     : Starting a blocking GC Explicit
08-05 13:21:15.814 16992 17005 I art     : Explicit concurrent mark sweep GC freed 20(384B) AllocSpace objects, 0(0B) LOS objects, 7% free, 187MB/203MB, paused 833us total 33.506ms
08-05 13:21:15.827 16992 17005 I art     : Starting a blocking GC Explicit
08-05 13:21:15.867 16992 17005 I art     : Explicit concurrent mark sweep GC freed 44(880B) AllocSpace objects, 0(0B) LOS objects, 7% free, 187MB/203MB, paused 756us total 39.387ms
08-05 13:21:15.981   380   380 W SurfaceFlinger: couldn't log to binary event log: overflow.
08-05 13:21:16.160 16992 17010 I art     : Starting a blocking GC Explicit
08-05 13:21:16.163 16992 19493 I NAPPA_EXPERIMENTATION: MetricNetworkRequestExecutionTime: REQUEST_DURATION_SYSTEM='515',REQUEST_DURATION_OKHTTP='41',REQUEST_SYNCHRONOUS='FALSE',RESPONSE_CODE='200',RESPONSE_METHOD='GET',RESPONSE_LENGTH_OKHTTP='36',RESPONSE_LENGTH_HEADER='36',REQUEST_PROTOCOL='http/1.1',REQUEST_URL='https://project-travel-mate.herokuapp.com/api/number-of-unread-notifications',
08-05 13:21:16.198 16992 17010 I art     : Explicit concurrent mark sweep GC freed 4404(238KB) AllocSpace objects, 6(4MB) LOS objects, 8% free, 183MB/199MB, paused 829us total 38.154ms
08-05 13:21:16.210 16992 17010 I art     : Starting a blocking GC Explicit
08-05 13:21:16.241 16992 17010 I art     : Explicit concurrent mark sweep GC freed 4804(299KB) AllocSpace objects, 2(56KB) LOS objects, 8% free, 183MB/199MB, paused 790us total 31.152ms
08-05 13:21:16.251 16992 17010 I art     : Starting a blocking GC Explicit
08-05 13:21:16.284 16992 17010 I art     : Explicit concurrent mark sweep GC freed 10(400B) AllocSpace objects, 0(0B) LOS objects, 8% free, 183MB/199MB, paused 741us total 32.730ms
08-05 13:21:16.295 16992 17010 I art     : Starting a blocking GC Explicit
08-05 13:21:16.328 16992 17010 I art     : Explicit concurrent mark sweep GC freed 3(96B) AllocSpace objects, 0(0B) LOS objects, 8% free, 183MB/199MB, paused 775us total 33.510ms
08-05 13:21:16.339 16992 17010 I art     : Starting a blocking GC Explicit
08-05 13:21:16.373 16992 17010 I art     : Explicit concurrent mark sweep GC freed 3(96B) AllocSpace objects, 0(0B) LOS objects, 8% free, 183MB/199MB, paused 850us total 33.735ms
08-05 13:21:16.722 16992 17697 I art     : Starting a blocking GC Explicit
08-05 13:21:16.766 16992 17697 I art     : Explicit concurrent mark sweep GC freed 1582(91KB) AllocSpace objects, 2(36KB) LOS objects, 8% free, 183MB/199MB, paused 875us total 44.636ms
08-05 13:21:16.781 16992 17697 I art     : Starting a blocking GC Explicit
08-05 13:21:16.815 16992 17697 I art     : Explicit concurrent mark sweep GC freed 28(1024B) AllocSpace objects, 0(0B) LOS objects, 8% free, 183MB/199MB, paused 766us total 34.187ms
08-05 13:21:16.826 16992 17697 I art     : Starting a blocking GC Explicit
08-05 13:21:16.859 16992 17697 I art     : Explicit concurrent mark sweep GC freed 3(96B) AllocSpace objects, 0(0B) LOS objects, 8% free, 183MB/199MB, paused 743us total 32.599ms
08-05 13:21:16.870 16992 17697 I art     : Starting a blocking GC Explicit
08-05 13:21:16.900 16992 17697 I art     : Explicit concurrent mark sweep GC freed 3(96B) AllocSpace objects, 0(0B) LOS objects, 8% free, 183MB/199MB, paused 707us total 29.519ms
08-05 13:21:16.910 16992 17697 I art     : Starting a blocking GC Explicit
08-05 13:21:16.938 16992 17697 I art     : Explicit concurrent mark sweep GC freed 15(752B) AllocSpace objects, 0(0B) LOS objects, 8% free, 183MB/199MB, paused 761us total 28.602ms
08-05 13:21:17.168 19515 19515 D AndroidRuntime: >>>>>> START com.android.internal.os.RuntimeInit uid 2000 <<<<<<
08-05 13:21:17.172 19515 19515 D AndroidRuntime: CheckJNI is OFF
08-05 13:21:17.197 19515 19515 D ICU     : No timezone override file found: /data/misc/zoneinfo/current/icu/icu_tzdata.dat
08-05 13:21:17.222 19515 19515 I Radio-JNI: register_android_hardware_Radio DONE
08-05 13:21:17.239 19515 19515 D AndroidRuntime: Calling main entry com.android.commands.input.Input
08-05 13:21:17.240 19515 19515 I Input   : injectMotionEvent: MotionEvent { action=ACTION_DOWN, actionButton=0, id[0]=0, x[0]=117.0, y[0]=170.0, toolType[0]=TOOL_TYPE_UNKNOWN, buttonState=0, metaState=0, flags=0x0, edgeFlags=0x0, pointerCount=1, historySize=0, eventTime=796893653, downTime=796893653, deviceId=0, source=0x1002 }
08-05 13:21:17.244 19515 19515 I Input   : injectMotionEvent: MotionEvent { action=ACTION_UP, actionButton=0, id[0]=0, x[0]=117.0, y[0]=170.0, toolType[0]=TOOL_TYPE_UNKNOWN, buttonState=0, metaState=0, flags=0x0, edgeFlags=0x0, pointerCount=1, historySize=0, eventTime=796893653, downTime=796893653, deviceId=0, source=0x1002 }
08-05 13:21:17.246 19515 19515 D AndroidRuntime: Shutting down VM
08-05 13:21:17.252   512  2967 D audio_hw_primary: out_set_parameters: enter: usecase(1: low-latency-playback) kvpairs: routing=2
08-05 13:21:17.265   512  2967 D audio_hw_primary: select_devices: out_snd_device(2: speaker) in_snd_device(0: none)
08-05 13:21:17.265   512  2967 D msm8974_platform: platform_send_audio_calibration: sending audio calibration for snd_device(2) acdb_id(15)
08-05 13:21:17.265   512  2967 I soundtrigger: audio_extn_sound_trigger_update_device_status: device 0x2 of type 0 for Event 1
08-05 13:21:17.278   512  2967 D audio_hw_primary: enable_snd_device: snd_device(2: speaker)
08-05 13:21:17.280   512  2967 D audio_hw_primary: enable_audio_route: apply and update mixer path: low-latency-playback speaker
08-05 13:21:17.281 16992 17420 I art     : Starting a blocking GC Explicit
08-05 13:21:17.324 16992 17420 I art     : Explicit concurrent mark sweep GC freed 1667(94KB) AllocSpace objects, 2(36KB) LOS objects, 8% free, 183MB/199MB, paused 920us total 42.383ms
08-05 13:21:17.336 16992 17420 I art     : Starting a blocking GC Explicit
08-05 13:21:17.369 16992 17420 I art     : Explicit concurrent mark sweep GC freed 413(20KB) AllocSpace objects, 0(0B) LOS objects, 8% free, 183MB/199MB, paused 908us total 33.518ms
08-05 13:21:17.382 16992 17420 I art     : Starting a blocking GC Explicit
08-05 13:21:17.415 16992 17420 I art     : Explicit concurrent mark sweep GC freed 7(384B) AllocSpace objects, 0(0B) LOS objects, 8% free, 183MB/199MB, paused 752us total 32.820ms
08-05 13:21:17.425 16992 17420 I art     : Starting a blocking GC Explicit
08-05 13:21:17.458 16992 17420 I art     : Explicit concurrent mark sweep GC freed 3(96B) AllocSpace objects, 0(0B) LOS objects, 8% free, 183MB/199MB, paused 1.079ms total 32.617ms
08-05 13:21:17.470 16992 17420 I art     : Starting a blocking GC Explicit
08-05 13:21:17.504 16992 17420 I art     : Explicit concurrent mark sweep GC freed 3(96B) AllocSpace objects, 0(0B) LOS objects, 8% free, 183MB/199MB, paused 842us total 33.586ms
08-05 13:21:17.791 16992 17004 I art     : Starting a blocking GC Explicit
08-05 13:21:17.801 19538 19538 D AndroidRuntime: >>>>>> START com.android.internal.os.RuntimeInit uid 2000 <<<<<<
08-05 13:21:17.805 19538 19538 D AndroidRuntime: CheckJNI is OFF
08-05 13:21:17.820   512  2967 D audio_hw_primary: disable_audio_route: reset and update mixer path: low-latency-playback speaker
08-05 13:21:17.821   512  2967 D audio_hw_primary: disable_snd_device: snd_device(2: speaker)
08-05 13:21:17.824 16992 17004 I art     : Explicit concurrent mark sweep GC freed 1599(92KB) AllocSpace objects, 2(36KB) LOS objects, 8% free, 183MB/199MB, paused 752us total 32.129ms
08-05 13:21:17.828   512  2967 I soundtrigger: audio_extn_sound_trigger_update_device_status: device 0x2 of type 0 for Event 0
08-05 13:21:17.833 19538 19538 D ICU     : No timezone override file found: /data/misc/zoneinfo/current/icu/icu_tzdata.dat
08-05 13:21:17.834 16992 17004 I art     : Starting a blocking GC Explicit
08-05 13:21:17.858 19538 19538 I Radio-JNI: register_android_hardware_Radio DONE
08-05 13:21:17.865 16992 17004 I art     : Explicit concurrent mark sweep GC freed 46(1824B) AllocSpace objects, 0(0B) LOS objects, 8% free, 183MB/199MB, paused 755us total 30.116ms
08-05 13:21:17.874 19538 19538 D AndroidRuntime: Calling main entry com.android.commands.input.Input
08-05 13:21:17.874 16992 17004 I art     : Starting a blocking GC Explicit
08-05 13:21:17.875 19538 19538 I Input   : injectMotionEvent: MotionEvent { action=ACTION_DOWN, actionButton=0, id[0]=0, x[0]=418.0, y[0]=842.0, toolType[0]=TOOL_TYPE_UNKNOWN, buttonState=0, metaState=0, flags=0x0, edgeFlags=0x0, pointerCount=1, historySize=0, eventTime=796894288, downTime=796894288, deviceId=0, source=0x1002 }
08-05 13:21:17.880 19538 19538 I Input   : injectMotionEvent: MotionEvent { action=ACTION_UP, actionButton=0, id[0]=0, x[0]=418.0, y[0]=842.0, toolType[0]=TOOL_TYPE_UNKNOWN, buttonState=0, metaState=0, flags=0x0, edgeFlags=0x0, pointerCount=1, historySize=0, eventTime=796894288, downTime=796894288, deviceId=0, source=0x1002 }
08-05 13:21:17.882 19538 19538 D AndroidRuntime: Shutting down VM
08-05 13:21:17.886 16992 17083 D Gabe    : call	returning from cache
08-05 13:21:17.886   512  2967 D audio_hw_primary: out_set_parameters: enter: usecase(1: low-latency-playback) kvpairs: routing=2
08-05 13:21:17.900   512  2967 D audio_hw_primary: select_devices: out_snd_device(2: speaker) in_snd_device(0: none)
08-05 13:21:17.900   512  2967 D msm8974_platform: platform_send_audio_calibration: sending audio calibration for snd_device(2) acdb_id(15)
08-05 13:21:17.900   512  2967 I soundtrigger: audio_extn_sound_trigger_update_device_status: device 0x2 of type 0 for Event 1
08-05 13:21:17.900 16992 16992 V MainActivity: url = https://project-travel-mate.herokuapp.com/api/number-of-unread-notifications
08-05 13:21:17.906 16992 17004 I art     : Explicit concurrent mark sweep GC freed 949(48KB) AllocSpace objects, 0(0B) LOS objects, 8% free, 183MB/199MB, paused 1.235ms total 31.550ms
08-05 13:21:17.910   512  2967 D audio_hw_primary: enable_snd_device: snd_device(2: speaker)
08-05 13:21:17.912   512  2967 D audio_hw_primary: enable_audio_route: apply and update mixer path: low-latency-playback speaker
08-05 13:21:17.916 16992 17004 I art     : Starting a blocking GC Explicit
08-05 13:21:17.947 16992 17004 I art     : Explicit concurrent mark sweep GC freed 440(30KB) AllocSpace objects, 0(0B) LOS objects, 8% free, 183MB/199MB, paused 1.042ms total 30.180ms
08-05 13:21:17.957 16992 17004 I art     : Starting a blocking GC Explicit
08-05 13:21:17.959   512  2967 D AudioFlinger: mixer(0xf4740000) throttle end: throttle time(12)
08-05 13:21:17.988 16992 17004 I art     : Explicit concurrent mark sweep GC freed 349(25KB) AllocSpace objects, 0(0B) LOS objects, 8% free, 183MB/199MB, paused 1.056ms total 30.991ms
08-05 13:21:18.289 16992 17697 I art     : Starting a blocking GC Explicit
08-05 13:21:18.330 16992 17697 I art     : Explicit concurrent mark sweep GC freed 6149(320KB) AllocSpace objects, 11(292KB) LOS objects, 7% free, 184MB/200MB, paused 1.045ms total 40.622ms
08-05 13:21:18.343 16992 17697 I art     : Starting a blocking GC Explicit
08-05 13:21:18.380 16992 17697 I art     : Explicit concurrent mark sweep GC freed 3921(198KB) AllocSpace objects, 3(200KB) LOS objects, 7% free, 184MB/200MB, paused 1.147ms total 37.016ms
08-05 13:21:18.392 16992 17697 I art     : Starting a blocking GC Explicit
08-05 13:21:18.413 16992 19561 I NAPPA_EXPERIMENTATION: MetricNetworkRequestExecutionTime: REQUEST_DURATION_SYSTEM='512',REQUEST_DURATION_OKHTTP='39',REQUEST_SYNCHRONOUS='FALSE',RESPONSE_CODE='200',RESPONSE_METHOD='GET',RESPONSE_LENGTH_OKHTTP='36',RESPONSE_LENGTH_HEADER='36',REQUEST_PROTOCOL='http/1.1',REQUEST_URL='https://project-travel-mate.herokuapp.com/api/number-of-unread-notifications',
08-05 13:21:18.425 16992 17697 I art     : Explicit concurrent mark sweep GC freed 1114(127KB) AllocSpace objects, 0(0B) LOS objects, 7% free, 184MB/200MB, paused 650us total 33.505ms
08-05 13:21:18.437 16992 17697 I art     : Starting a blocking GC Explicit
08-05 13:21:18.458   512  2967 D audio_hw_primary: disable_audio_route: reset and update mixer path: low-latency-playback speaker
08-05 13:21:18.459   512  2967 D audio_hw_primary: disable_snd_device: snd_device(2: speaker)
08-05 13:21:18.469 16992 17697 I art     : Explicit concurrent mark sweep GC freed 100(2960B) AllocSpace objects, 0(0B) LOS objects, 7% free, 184MB/200MB, paused 654us total 31.869ms
08-05 13:21:18.469   512  2967 I soundtrigger: audio_extn_sound_trigger_update_device_status: device 0x2 of type 0 for Event 0
08-05 13:21:18.479 16992 17697 I art     : Starting a blocking GC Explicit
08-05 13:21:18.511 16992 17697 I art     : Explicit concurrent mark sweep GC freed 196(6KB) AllocSpace objects, 0(0B) LOS objects, 7% free, 184MB/200MB, paused 701us total 31.318ms
08-05 13:21:18.852 16992 17420 I art     : Starting a blocking GC Explicit
08-05 13:21:18.906 16992 17420 I art     : Explicit concurrent mark sweep GC freed 2173(102KB) AllocSpace objects, 2(52KB) LOS objects, 7% free, 184MB/200MB, paused 770us total 53.258ms
08-05 13:21:18.916 16992 17420 I art     : Starting a blocking GC Explicit
08-05 13:21:18.952 16992 17420 I art     : Explicit concurrent mark sweep GC freed 78(1888B) AllocSpace objects, 0(0B) LOS objects, 7% free, 184MB/200MB, paused 743us total 35.161ms
08-05 13:21:18.963 16992 17420 I art     : Starting a blocking GC Explicit
08-05 13:21:18.998 16992 17420 I art     : Explicit concurrent mark sweep GC freed 75(1296B) AllocSpace objects, 0(0B) LOS objects, 7% free, 184MB/200MB, paused 802us total 35.667ms
08-05 13:21:19.009 16992 17420 I art     : Starting a blocking GC Explicit
08-05 13:21:19.046 16992 17420 I art     : Explicit concurrent mark sweep GC freed 106(2128B) AllocSpace objects, 0(0B) LOS objects, 7% free, 184MB/200MB, paused 757us total 36.276ms
08-05 13:21:19.057 16992 17420 I art     : Starting a blocking GC Explicit
08-05 13:21:19.093 16992 17420 I art     : Explicit concurrent mark sweep GC freed 75(1296B) AllocSpace objects, 0(0B) LOS objects, 7% free, 184MB/200MB, paused 754us total 36.002ms
08-05 13:21:19.440 16992 17004 I art     : Starting a blocking GC Explicit
08-05 13:21:19.479 16992 17004 I art     : Explicit concurrent mark sweep GC freed 2138(101KB) AllocSpace objects, 2(52KB) LOS objects, 7% free, 184MB/200MB, paused 799us total 38.490ms
08-05 13:21:19.490 16992 17004 I art     : Starting a blocking GC Explicit
08-05 13:21:19.525 16992 17004 I art     : Explicit concurrent mark sweep GC freed 82(1984B) AllocSpace objects, 0(0B) LOS objects, 7% free, 184MB/200MB, paused 988us total 34.882ms
08-05 13:21:19.536 16992 17004 I art     : Starting a blocking GC Explicit
08-05 13:21:19.572 16992 17004 I art     : Explicit concurrent mark sweep GC freed 80(1472B) AllocSpace objects, 0(0B) LOS objects, 7% free, 184MB/200MB, paused 864us total 35.536ms
08-05 13:21:19.583 16992 17004 I art     : Starting a blocking GC Explicit
08-05 13:21:19.618 16992 17004 I art     : Explicit concurrent mark sweep GC freed 78(1440B) AllocSpace objects, 0(0B) LOS objects, 7% free, 184MB/200MB, paused 762us total 34.713ms
08-05 13:21:19.629 16992 17004 I art     : Starting a blocking GC Explicit
08-05 13:21:19.663 16992 17004 I art     : Explicit concurrent mark sweep GC freed 81(1488B) AllocSpace objects, 0(0B) LOS objects, 7% free, 184MB/200MB, paused 676us total 34.185ms
08-05 13:21:20.006 16992 17420 I art     : Starting a blocking GC Explicit
08-05 13:21:20.047 16992 17420 I art     : Explicit concurrent mark sweep GC freed 2192(102KB) AllocSpace objects, 2(52KB) LOS objects, 7% free, 184MB/200MB, paused 807us total 40.667ms
08-05 13:21:20.060 16992 17420 I art     : Starting a blocking GC Explicit
08-05 13:21:20.095 16992 17420 I art     : Explicit concurrent mark sweep GC freed 119(3KB) AllocSpace objects, 0(0B) LOS objects, 7% free, 184MB/200MB, paused 736us total 35.096ms
08-05 13:21:20.106 16992 17420 I art     : Starting a blocking GC Explicit
08-05 13:21:20.140 16992 17420 I art     : Explicit concurrent mark sweep GC freed 67(1136B) AllocSpace objects, 0(0B) LOS objects, 7% free, 184MB/200MB, paused 924us total 34.652ms
08-05 13:21:20.151 16992 17420 I art     : Starting a blocking GC Explicit
08-05 13:21:20.186 16992 17420 I art     : Explicit concurrent mark sweep GC freed 59(1056B) AllocSpace objects, 0(0B) LOS objects, 7% free, 184MB/200MB, paused 742us total 35.078ms
08-05 13:21:20.197 16992 17420 I art     : Starting a blocking GC Explicit
08-05 13:21:20.229 16992 17420 I art     : Explicit concurrent mark sweep GC freed 75(1296B) AllocSpace objects, 0(0B) LOS objects, 7% free, 184MB/200MB, paused 758us total 32.237ms
08-05 13:21:20.409   918  3188 I hubconnection: sensorhub said: 'set_bias 3: -6.7200, 0.0000, 0.0000'
08-05 13:21:20.444 19604 19604 D AndroidRuntime: >>>>>> START com.android.internal.os.RuntimeInit uid 2000 <<<<<<
08-05 13:21:20.448 19604 19604 D AndroidRuntime: CheckJNI is OFF
08-05 13:21:20.472 19604 19604 D ICU     : No timezone override file found: /data/misc/zoneinfo/current/icu/icu_tzdata.dat
08-05 13:21:20.497 19604 19604 I Radio-JNI: register_android_hardware_Radio DONE
08-05 13:21:20.513 19604 19604 D AndroidRuntime: Calling main entry com.android.commands.input.Input
08-05 13:21:20.514 19604 19604 I Input   : injectMotionEvent: MotionEvent { action=ACTION_DOWN, actionButton=0, id[0]=0, x[0]=117.0, y[0]=170.0, toolType[0]=TOOL_TYPE_UNKNOWN, buttonState=0, metaState=0, flags=0x0, edgeFlags=0x0, pointerCount=1, historySize=0, eventTime=796896927, downTime=796896927, deviceId=0, source=0x1002 }
08-05 13:21:20.518 19604 19604 I Input   : injectMotionEvent: MotionEvent { action=ACTION_UP, actionButton=0, id[0]=0, x[0]=117.0, y[0]=170.0, toolType[0]=TOOL_TYPE_UNKNOWN, buttonState=0, metaState=0, flags=0x0, edgeFlags=0x0, pointerCount=1, historySize=0, eventTime=796896927, downTime=796896927, deviceId=0, source=0x1002 }
08-05 13:21:20.520 19604 19604 D AndroidRuntime: Shutting down VM
08-05 13:21:20.526   512  2967 D audio_hw_primary: out_set_parameters: enter: usecase(1: low-latency-playback) kvpairs: routing=2
08-05 13:21:20.539   512  2967 D audio_hw_primary: select_devices: out_snd_device(2: speaker) in_snd_device(0: none)
08-05 13:21:20.539   512  2967 D msm8974_platform: platform_send_audio_calibration: sending audio calibration for snd_device(2) acdb_id(15)
08-05 13:21:20.539   512  2967 I soundtrigger: audio_extn_sound_trigger_update_device_status: device 0x2 of type 0 for Event 1
08-05 13:21:20.552   512  2967 D audio_hw_primary: enable_snd_device: snd_device(2: speaker)
08-05 13:21:20.554   512  2967 D audio_hw_primary: enable_audio_route: apply and update mixer path: low-latency-playback speaker
08-05 13:21:20.574 16992 17004 I art     : Starting a blocking GC Explicit
08-05 13:21:20.616 16992 17004 I art     : Explicit concurrent mark sweep GC freed 2559(122KB) AllocSpace objects, 2(52KB) LOS objects, 7% free, 184MB/200MB, paused 1.022ms total 41.737ms
08-05 13:21:20.628 16992 17004 I art     : Starting a blocking GC Explicit
08-05 13:21:20.666 16992 17004 I art     : Explicit concurrent mark sweep GC freed 110(2656B) AllocSpace objects, 0(0B) LOS objects, 7% free, 184MB/200MB, paused 779us total 37.456ms
08-05 13:21:20.677 16992 17004 I art     : Starting a blocking GC Explicit
08-05 13:21:20.711 16992 17004 I art     : Explicit concurrent mark sweep GC freed 94(2176B) AllocSpace objects, 0(0B) LOS objects, 7% free, 184MB/200MB, paused 721us total 34.093ms
08-05 13:21:20.723 16992 17004 I art     : Starting a blocking GC Explicit
08-05 13:21:20.759 16992 17004 I art     : Explicit concurrent mark sweep GC freed 86(1872B) AllocSpace objects, 0(0B) LOS objects, 7% free, 184MB/200MB, paused 908us total 35.407ms
08-05 13:21:20.770 16992 17004 I art     : Starting a blocking GC Explicit
08-05 13:21:20.803 16992 17004 I art     : Explicit concurrent mark sweep GC freed 53(960B) AllocSpace objects, 0(0B) LOS objects, 7% free, 184MB/200MB, paused 737us total 32.764ms
08-05 13:21:21.063 19627 19627 D AndroidRuntime: >>>>>> START com.android.internal.os.RuntimeInit uid 2000 <<<<<<
08-05 13:21:21.067 19627 19627 D AndroidRuntime: CheckJNI is OFF
08-05 13:21:21.084 16992 17005 I art     : Starting a blocking GC Explicit
08-05 13:21:21.094 19627 19627 D ICU     : No timezone override file found: /data/misc/zoneinfo/current/icu/icu_tzdata.dat
08-05 13:21:21.098   512  2967 D audio_hw_primary: disable_audio_route: reset and update mixer path: low-latency-playback speaker
08-05 13:21:21.099   512  2967 D audio_hw_primary: disable_snd_device: snd_device(2: speaker)
08-05 13:21:21.109   512  2967 I soundtrigger: audio_extn_sound_trigger_update_device_status: device 0x2 of type 0 for Event 0
08-05 13:21:21.119 19627 19627 I Radio-JNI: register_android_hardware_Radio DONE
08-05 13:21:21.121 16992 17005 I art     : Explicit concurrent mark sweep GC freed 2076(100KB) AllocSpace objects, 2(52KB) LOS objects, 7% free, 184MB/200MB, paused 782us total 35.723ms
08-05 13:21:21.131 16992 17005 I art     : Starting a blocking GC Explicit
08-05 13:21:21.136 19627 19627 D AndroidRuntime: Calling main entry com.android.commands.input.Input
08-05 13:21:21.137 19627 19627 I Input   : injectMotionEvent: MotionEvent { action=ACTION_DOWN, actionButton=0, id[0]=0, x[0]=355.0, y[0]=1674.0, toolType[0]=TOOL_TYPE_UNKNOWN, buttonState=0, metaState=0, flags=0x0, edgeFlags=0x0, pointerCount=1, historySize=0, eventTime=796897550, downTime=796897550, deviceId=0, source=0x1002 }
08-05 13:21:21.142 19627 19627 I Input   : injectMotionEvent: MotionEvent { action=ACTION_UP, actionButton=0, id[0]=0, x[0]=355.0, y[0]=1674.0, toolType[0]=TOOL_TYPE_UNKNOWN, buttonState=0, metaState=0, flags=0x0, edgeFlags=0x0, pointerCount=1, historySize=0, eventTime=796897550, downTime=796897550, deviceId=0, source=0x1002 }
08-05 13:21:21.144 19627 19627 D AndroidRuntime: Shutting down VM
08-05 13:21:21.160   512  2967 D audio_hw_primary: out_set_parameters: enter: usecase(1: low-latency-playback) kvpairs: routing=2
08-05 13:21:21.165 16992 17005 I art     : Explicit concurrent mark sweep GC freed 495(19KB) AllocSpace objects, 0(0B) LOS objects, 7% free, 184MB/200MB, paused 922us total 34.197ms
08-05 13:21:21.172 16992 16992 V MainActivity: url = https://project-travel-mate.herokuapp.com/api/number-of-unread-notifications
08-05 13:21:21.173   512  2967 D audio_hw_primary: select_devices: out_snd_device(2: speaker) in_snd_device(0: none)
08-05 13:21:21.173   512  2967 D msm8974_platform: platform_send_audio_calibration: sending audio calibration for snd_device(2) acdb_id(15)
08-05 13:21:21.174   512  2967 I soundtrigger: audio_extn_sound_trigger_update_device_status: device 0x2 of type 0 for Event 1
08-05 13:21:21.177 16992 17005 I art     : Starting a blocking GC Explicit
08-05 13:21:21.182   512  2967 D audio_hw_primary: enable_snd_device: snd_device(2: speaker)
08-05 13:21:21.184   512  2967 D audio_hw_primary: enable_audio_route: apply and update mixer path: low-latency-playback speaker
08-05 13:21:21.212 16992 17005 I art     : Explicit concurrent mark sweep GC freed 1693(58KB) AllocSpace objects, 0(0B) LOS objects, 7% free, 184MB/200MB, paused 922us total 35.219ms
08-05 13:21:21.224 16992 17005 I art     : Starting a blocking GC Explicit
08-05 13:21:21.230   512  2967 D AudioFlinger: mixer(0xf4740000) throttle end: throttle time(12)
08-05 13:21:21.259 16992 17005 I art     : Explicit concurrent mark sweep GC freed 2436(201KB) AllocSpace objects, 0(0B) LOS objects, 7% free, 184MB/200MB, paused 889us total 34.064ms
08-05 13:21:21.269 16992 17005 I art     : Starting a blocking GC Explicit
08-05 13:21:21.302 16992 17005 I art     : Explicit concurrent mark sweep GC freed 24(928B) AllocSpace objects, 9(252KB) LOS objects, 7% free, 184MB/200MB, paused 748us total 32.235ms
08-05 13:21:21.620 16992 17697 I art     : Starting a blocking GC Explicit
08-05 13:21:21.655 16992 17697 I art     : Explicit concurrent mark sweep GC freed 1612(92KB) AllocSpace objects, 2(48KB) LOS objects, 7% free, 184MB/200MB, paused 810us total 33.503ms
08-05 13:21:21.664 16697 16697 I ServiceManager: Waiting for service AtCmdFwd...
08-05 13:21:21.665 16992 17697 I art     : Starting a blocking GC Explicit
08-05 13:21:21.699 16992 17697 I art     : Explicit concurrent mark sweep GC freed 28(1024B) AllocSpace objects, 0(0B) LOS objects, 7% free, 184MB/200MB, paused 1.072ms total 33.240ms
08-05 13:21:21.711 16992 17697 I art     : Starting a blocking GC Explicit
08-05 13:21:21.718   512  2967 D audio_hw_primary: disable_audio_route: reset and update mixer path: low-latency-playback speaker
08-05 13:21:21.719   512  2967 D audio_hw_primary: disable_snd_device: snd_device(2: speaker)
08-05 13:21:21.728   512  2967 I soundtrigger: audio_extn_sound_trigger_update_device_status: device 0x2 of type 0 for Event 0
08-05 13:21:21.745 16992 17697 I art     : Explicit concurrent mark sweep GC freed 3(96B) AllocSpace objects, 0(0B) LOS objects, 7% free, 184MB/200MB, paused 803us total 34.231ms
08-05 13:21:21.756 16992 17697 I art     : Starting a blocking GC Explicit
08-05 13:21:21.792 16992 17697 I art     : Explicit concurrent mark sweep GC freed 3(96B) AllocSpace objects, 0(0B) LOS objects, 7% free, 184MB/200MB, paused 767us total 35.088ms
08-05 13:21:21.803 16992 17697 I art     : Starting a blocking GC Explicit
08-05 13:21:21.840 16992 17697 I art     : Explicit concurrent mark sweep GC freed 3(96B) AllocSpace objects, 0(0B) LOS objects, 7% free, 184MB/200MB, paused 829us total 37.322ms
08-05 13:21:22.016 16992 19650 I NAPPA_EXPERIMENTATION: MetricNetworkRequestExecutionTime: REQUEST_DURATION_SYSTEM='843',REQUEST_DURATION_OKHTTP='41',REQUEST_SYNCHRONOUS='FALSE',RESPONSE_CODE='200',RESPONSE_METHOD='GET',RESPONSE_LENGTH_OKHTTP='36',RESPONSE_LENGTH_HEADER='36',REQUEST_PROTOCOL='http/1.1',REQUEST_URL='https://project-travel-mate.herokuapp.com/api/number-of-unread-notifications',
08-05 13:21:22.161 16992 17005 I art     : Starting a blocking GC Explicit
08-05 13:21:22.215 16992 17005 I art     : Explicit concurrent mark sweep GC freed 4418(240KB) AllocSpace objects, 5(248KB) LOS objects, 7% free, 184MB/200MB, paused 946us total 52.421ms
08-05 13:21:22.232 16992 17005 I art     : Starting a blocking GC Explicit
08-05 13:21:22.271 16992 17005 I art     : Explicit concurrent mark sweep GC freed 962(117KB) AllocSpace objects, 0(0B) LOS objects, 7% free, 184MB/200MB, paused 780us total 38.071ms
08-05 13:21:22.282 16992 17005 I art     : Starting a blocking GC Explicit
08-05 13:21:22.320 16992 17005 I art     : Explicit concurrent mark sweep GC freed 3(96B) AllocSpace objects, 0(0B) LOS objects, 7% free, 184MB/200MB, paused 788us total 37.780ms
08-05 13:21:22.331 16992 17005 I art     : Starting a blocking GC Explicit
08-05 13:21:22.370 16992 17005 I art     : Explicit concurrent mark sweep GC freed 3(96B) AllocSpace objects, 0(0B) LOS objects, 7% free, 184MB/200MB, paused 814us total 38.523ms
08-05 13:21:22.381 16992 17005 I art     : Starting a blocking GC Explicit
08-05 13:21:22.420 16992 17005 I art     : Explicit concurrent mark sweep GC freed 3(96B) AllocSpace objects, 0(0B) LOS objects, 7% free, 184MB/200MB, paused 795us total 37.875ms
08-05 13:21:22.664 16697 16697 I ServiceManager: Waiting for service AtCmdFwd...
08-05 13:21:22.776 16992 17010 I art     : Starting a blocking GC Explicit
08-05 13:21:22.881 16992 17010 I art     : Explicit concurrent mark sweep GC freed 1599(92KB) AllocSpace objects, 2(48KB) LOS objects, 7% free, 184MB/200MB, paused 1.072ms total 104.616ms
08-05 13:21:22.898 16992 17010 I art     : Starting a blocking GC Explicit
08-05 13:21:22.939 16992 17010 I art     : Explicit concurrent mark sweep GC freed 45(1840B) AllocSpace objects, 0(0B) LOS objects, 7% free, 184MB/200MB, paused 1.038ms total 41.138ms
08-05 13:21:22.951 16992 17010 I art     : Starting a blocking GC Explicit
08-05 13:21:22.984 16992 17010 I art     : Explicit concurrent mark sweep GC freed 20(864B) AllocSpace objects, 0(0B) LOS objects, 7% free, 184MB/200MB, paused 686us total 32.988ms
08-05 13:21:22.996 16992 17010 I art     : Starting a blocking GC Explicit
08-05 13:21:23.035 16992 17010 I art     : Explicit concurrent mark sweep GC freed 48(1568B) AllocSpace objects, 0(0B) LOS objects, 7% free, 184MB/200MB, paused 749us total 39.018ms
08-05 13:21:23.048 16992 17010 I art     : Starting a blocking GC Explicit
08-05 13:21:23.086 16992 17010 I art     : Explicit concurrent mark sweep GC freed 4(128B) AllocSpace objects, 0(0B) LOS objects, 7% free, 184MB/200MB, paused 702us total 37.381ms
08-05 13:21:23.468 16992 17004 I art     : Starting a blocking GC Explicit
08-05 13:21:23.506 16992 17004 I art     : Explicit concurrent mark sweep GC freed 1586(92KB) AllocSpace objects, 2(48KB) LOS objects, 7% free, 184MB/200MB, paused 838us total 38.196ms
08-05 13:21:23.518 16992 17004 I art     : Starting a blocking GC Explicit
08-05 13:21:23.554 16992 17004 I art     : Explicit concurrent mark sweep GC freed 28(1024B) AllocSpace objects, 0(0B) LOS objects, 7% free, 184MB/200MB, paused 765us total 36.327ms
08-05 13:21:23.565 16992 17004 I art     : Starting a blocking GC Explicit
08-05 13:21:23.600 16992 17004 I art     : Explicit concurrent mark sweep GC freed 3(96B) AllocSpace objects, 0(0B) LOS objects, 7% free, 184MB/200MB, paused 812us total 35.355ms
08-05 13:21:23.611 16992 17004 I art     : Starting a blocking GC Explicit
08-05 13:21:23.647 16992 17004 I art     : Explicit concurrent mark sweep GC freed 3(96B) AllocSpace objects, 0(0B) LOS objects, 7% free, 184MB/200MB, paused 786us total 34.935ms
08-05 13:21:23.658 16992 17004 I art     : Starting a blocking GC Explicit
08-05 13:21:23.665 16697 16697 I ServiceManager: Waiting for service AtCmdFwd...
08-05 13:21:23.693 16992 17004 I art     : Explicit concurrent mark sweep GC freed 14(720B) AllocSpace objects, 0(0B) LOS objects, 7% free, 184MB/200MB, paused 809us total 35.141ms
08-05 13:21:23.710 19692 19692 D AndroidRuntime: >>>>>> START com.android.internal.os.RuntimeInit uid 2000 <<<<<<
08-05 13:21:23.714 19692 19692 D AndroidRuntime: CheckJNI is OFF
08-05 13:21:23.739 19692 19692 D ICU     : No timezone override file found: /data/misc/zoneinfo/current/icu/icu_tzdata.dat
08-05 13:21:23.764 19692 19692 I Radio-JNI: register_android_hardware_Radio DONE
08-05 13:21:23.780 19692 19692 D AndroidRuntime: Calling main entry com.android.commands.input.Input
08-05 13:21:23.782 19692 19692 I Input   : injectMotionEvent: MotionEvent { action=ACTION_DOWN, actionButton=0, id[0]=0, x[0]=747.0, y[0]=608.0, toolType[0]=TOOL_TYPE_UNKNOWN, buttonState=0, metaState=0, flags=0x0, edgeFlags=0x0, pointerCount=1, historySize=0, eventTime=796900195, downTime=796900195, deviceId=0, source=0x1002 }
08-05 13:21:23.787 19692 19692 I Input   : injectMotionEvent: MotionEvent { action=ACTION_UP, actionButton=0, id[0]=0, x[0]=747.0, y[0]=608.0, toolType[0]=TOOL_TYPE_UNKNOWN, buttonState=0, metaState=0, flags=0x0, edgeFlags=0x0, pointerCount=1, historySize=0, eventTime=796900195, downTime=796900195, deviceId=0, source=0x1002 }
08-05 13:21:23.789 19692 19692 D AndroidRuntime: Shutting down VM
08-05 13:21:23.789   918  3961 I ActivityManager: START u0 {cmp=baseline.io.github.project_travel_mate/.utilities.ChecklistActivity} from uid 10674 on display 0
08-05 13:21:23.791   512  2967 D audio_hw_primary: out_set_parameters: enter: usecase(1: low-latency-playback) kvpairs: routing=2
08-05 13:21:23.804   512  2967 D audio_hw_primary: select_devices: out_snd_device(2: speaker) in_snd_device(0: none)
08-05 13:21:23.804   512  2967 D msm8974_platform: platform_send_audio_calibration: sending audio calibration for snd_device(2) acdb_id(15)
08-05 13:21:23.804   512  2967 I soundtrigger: audio_extn_sound_trigger_update_device_status: device 0x2 of type 0 for Event 1
08-05 13:21:23.815   512  2967 D audio_hw_primary: enable_snd_device: snd_device(2: speaker)
08-05 13:21:23.817   512  2967 D audio_hw_primary: enable_audio_route: apply and update mixer path: low-latency-playback speaker
08-05 13:21:23.884 13866 13866 I GoogleInputMethodServic: GoogleInputMethodService.onFinishInput():3138 
08-05 13:21:23.884   918   936 I ActivityManager: Displayed baseline.io.github.project_travel_mate/.utilities.ChecklistActivity: +84ms
08-05 13:21:23.885 13866 13866 I GoogleInputMethodServic: GoogleInputMethodService.onStartInput():1808 
08-05 13:21:23.971 16992 17697 I art     : Starting a blocking GC Explicit
08-05 13:21:24.011 16992 17697 I art     : Explicit concurrent mark sweep GC freed 2501(146KB) AllocSpace objects, 2(48KB) LOS objects, 7% free, 184MB/200MB, paused 757us total 39.506ms
08-05 13:21:24.026 16992 17697 I art     : Starting a blocking GC Explicit
08-05 13:21:24.069 16992 17697 I art     : Explicit concurrent mark sweep GC freed 361(14KB) AllocSpace objects, 0(0B) LOS objects, 7% free, 184MB/200MB, paused 872us total 43.287ms
08-05 13:21:24.083 16992 17697 I art     : Starting a blocking GC Explicit
08-05 13:21:24.128   380   380 W SurfaceFlinger: couldn't log to binary event log: overflow.
08-05 13:21:24.131 16992 17697 I art     : Explicit concurrent mark sweep GC freed 3(96B) AllocSpace objects, 0(0B) LOS objects, 7% free, 184MB/200MB, paused 902us total 47.568ms
08-05 13:21:24.145 16992 17697 I art     : Starting a blocking GC Explicit
08-05 13:21:24.180 16992 17697 I art     : Explicit concurrent mark sweep GC freed 3(96B) AllocSpace objects, 0(0B) LOS objects, 7% free, 184MB/200MB, paused 734us total 35.296ms
08-05 13:21:24.192 16992 17697 I art     : Starting a blocking GC Explicit
08-05 13:21:24.225 16992 17697 I art     : Explicit concurrent mark sweep GC freed 3(96B) AllocSpace objects, 0(0B) LOS objects, 7% free, 184MB/200MB, paused 804us total 32.628ms
08-05 13:21:24.349   512  2967 D audio_hw_primary: disable_audio_route: reset and update mixer path: low-latency-playback speaker
08-05 13:21:24.351   512  2967 D audio_hw_primary: disable_snd_device: snd_device(2: speaker)
08-05 13:21:24.359   512  2967 I soundtrigger: audio_extn_sound_trigger_update_device_status: device 0x2 of type 0 for Event 0
08-05 13:21:24.551 16992 17010 I art     : Starting a blocking GC Explicit
08-05 13:21:24.604 16992 17010 I art     : Explicit concurrent mark sweep GC freed 1651(94KB) AllocSpace objects, 2(48KB) LOS objects, 7% free, 184MB/200MB, paused 937us total 53.141ms
08-05 13:21:24.621 16992 17010 I art     : Starting a blocking GC Explicit
08-05 13:21:24.664 16992 17010 I art     : Explicit concurrent mark sweep GC freed 50(1712B) AllocSpace objects, 0(0B) LOS objects, 7% free, 184MB/200MB, paused 845us total 42.279ms
08-05 13:21:24.666 16697 16697 I ServiceManager: Waiting for service AtCmdFwd...
08-05 13:21:24.676 16992 17010 I art     : Starting a blocking GC Explicit
08-05 13:21:24.714 16992 17010 I art     : Explicit concurrent mark sweep GC freed 3(96B) AllocSpace objects, 0(0B) LOS objects, 7% free, 184MB/200MB, paused 808us total 38.699ms
08-05 13:21:24.726 16992 17010 I art     : Starting a blocking GC Explicit
08-05 13:21:24.765 16992 17010 I art     : Explicit concurrent mark sweep GC freed 3(96B) AllocSpace objects, 0(0B) LOS objects, 7% free, 184MB/200MB, paused 839us total 39.036ms
08-05 13:21:24.777 16992 17010 I art     : Starting a blocking GC Explicit
08-05 13:21:24.815 16992 17010 I art     : Explicit concurrent mark sweep GC freed 3(96B) AllocSpace objects, 0(0B) LOS objects, 7% free, 184MB/200MB, paused 809us total 38.005ms
08-05 13:21:25.182 16992 17697 I art     : Starting a blocking GC Explicit
08-05 13:21:25.235 16992 17697 I art     : Explicit concurrent mark sweep GC freed 1623(93KB) AllocSpace objects, 2(48KB) LOS objects, 7% free, 184MB/200MB, paused 943us total 53.292ms
08-05 13:21:25.253 16992 17697 I art     : Starting a blocking GC Explicit
08-05 13:21:25.295 16992 17697 I art     : Explicit concurrent mark sweep GC freed 28(1024B) AllocSpace objects, 0(0B) LOS objects, 7% free, 184MB/200MB, paused 806us total 42ms
08-05 13:21:25.307 16992 17697 I art     : Starting a blocking GC Explicit
08-05 13:21:25.345 16992 17697 I art     : Explicit concurrent mark sweep GC freed 3(96B) AllocSpace objects, 0(0B) LOS objects, 7% free, 184MB/200MB, paused 755us total 38.376ms
08-05 13:21:25.357 16992 17697 I art     : Starting a blocking GC Explicit
08-05 13:21:25.397 16992 17697 I art     : Explicit concurrent mark sweep GC freed 3(96B) AllocSpace objects, 0(0B) LOS objects, 7% free, 184MB/200MB, paused 827us total 39.777ms
08-05 13:21:25.408 16992 17697 I art     : Starting a blocking GC Explicit
08-05 13:21:25.448 16992 17697 I art     : Explicit concurrent mark sweep GC freed 3(96B) AllocSpace objects, 0(0B) LOS objects, 7% free, 184MB/200MB, paused 863us total 39.577ms
08-05 13:21:25.666 16697 16697 I ServiceManager: Waiting for service AtCmdFwd...
08-05 13:21:25.820 16992 17004 I art     : Starting a blocking GC Explicit
08-05 13:21:25.880 16992 17004 I art     : Explicit concurrent mark sweep GC freed 1586(92KB) AllocSpace objects, 2(48KB) LOS objects, 7% free, 184MB/200MB, paused 978us total 59.792ms
08-05 13:21:25.896 16992 17004 I art     : Starting a blocking GC Explicit
08-05 13:21:25.935 16992 17004 I art     : Explicit concurrent mark sweep GC freed 39(1648B) AllocSpace objects, 0(0B) LOS objects, 7% free, 184MB/200MB, paused 839us total 39.070ms
08-05 13:21:25.947 16992 17004 I art     : Starting a blocking GC Explicit
08-05 13:21:25.986 16992 17004 I art     : Explicit concurrent mark sweep GC freed 14(672B) AllocSpace objects, 0(0B) LOS objects, 7% free, 184MB/200MB, paused 808us total 39.652ms
08-05 13:21:25.998 16992 17004 I art     : Starting a blocking GC Explicit
08-05 13:21:26.037 16992 17004 I art     : Explicit concurrent mark sweep GC freed 52(1696B) AllocSpace objects, 0(0B) LOS objects, 7% free, 184MB/200MB, paused 862us total 38.793ms
08-05 13:21:26.049 16992 17004 I art     : Starting a blocking GC Explicit
08-05 13:21:26.089 16992 17004 I art     : Explicit concurrent mark sweep GC freed 15(912B) AllocSpace objects, 0(0B) LOS objects, 7% free, 184MB/200MB, paused 793us total 39.618ms
08-05 13:21:26.450 16992 17005 I art     : Starting a blocking GC Explicit
08-05 13:21:26.501 16992 17005 I art     : Explicit concurrent mark sweep GC freed 1598(92KB) AllocSpace objects, 2(48KB) LOS objects, 7% free, 184MB/200MB, paused 916us total 51.133ms
08-05 13:21:26.517 16992 17005 I art     : Starting a blocking GC Explicit
08-05 13:21:26.556 16992 17005 I art     : Explicit concurrent mark sweep GC freed 28(1024B) AllocSpace objects, 0(0B) LOS objects, 7% free, 184MB/200MB, paused 789us total 38.822ms
08-05 13:21:26.568 16992 17005 I art     : Starting a blocking GC Explicit
08-05 13:21:26.608 16992 17005 I art     : Explicit concurrent mark sweep GC freed 3(96B) AllocSpace objects, 0(0B) LOS objects, 7% free, 184MB/200MB, paused 822us total 39.292ms
08-05 13:21:26.619 16992 17005 I art     : Starting a blocking GC Explicit
08-05 13:21:26.657 16992 17005 I art     : Explicit concurrent mark sweep GC freed 3(96B) AllocSpace objects, 0(0B) LOS objects, 7% free, 184MB/200MB, paused 871us total 37.756ms
08-05 13:21:26.667 16697 16697 W Atfwd_Sendcmd: AtCmdFwd service not published, waiting... retryCnt : 1
08-05 13:21:26.669 16992 17005 I art     : Starting a blocking GC Explicit
08-05 13:21:26.707 16992 17005 I art     : Explicit concurrent mark sweep GC freed 14(720B) AllocSpace objects, 0(0B) LOS objects, 7% free, 184MB/200MB, paused 865us total 38.099ms
08-05 13:21:26.725   918  3261 D WifiStateMachine: starting scan for "H369AA63323"WPA_PSK with 2412,5180
08-05 13:21:27.067 16992 17420 I art     : Starting a blocking GC Explicit
08-05 13:21:27.118 16992 17420 I art     : Explicit concurrent mark sweep GC freed 1634(93KB) AllocSpace objects, 2(48KB) LOS objects, 7% free, 184MB/200MB, paused 1.048ms total 51.092ms
08-05 13:21:27.133 16992 17420 I art     : Starting a blocking GC Explicit
08-05 13:21:27.175 16992 17420 I art     : Explicit concurrent mark sweep GC freed 28(1024B) AllocSpace objects, 0(0B) LOS objects, 7% free, 184MB/200MB, paused 762us total 41.199ms
08-05 13:21:27.186 16992 17420 I art     : Starting a blocking GC Explicit
08-05 13:21:27.225 16992 17420 I art     : Explicit concurrent mark sweep GC freed 3(96B) AllocSpace objects, 0(0B) LOS objects, 7% free, 184MB/200MB, paused 757us total 38.542ms
08-05 13:21:27.236 16992 17420 I art     : Starting a blocking GC Explicit
08-05 13:21:27.275 16992 17420 I art     : Explicit concurrent mark sweep GC freed 3(96B) AllocSpace objects, 0(0B) LOS objects, 7% free, 184MB/200MB, paused 806us total 38.458ms
08-05 13:21:27.287 16992 17420 I art     : Starting a blocking GC Explicit
08-05 13:21:27.325 16992 17420 I art     : Explicit concurrent mark sweep GC freed 3(96B) AllocSpace objects, 0(0B) LOS objects, 7% free, 184MB/200MB, paused 753us total 37.583ms
08-05 13:21:27.694 16992 17010 I art     : Starting a blocking GC Explicit
08-05 13:21:27.745 16992 17010 I art     : Explicit concurrent mark sweep GC freed 1586(92KB) AllocSpace objects, 2(48KB) LOS objects, 7% free, 184MB/200MB, paused 912us total 50.718ms
08-05 13:21:27.761 16992 17010 I art     : Starting a blocking GC Explicit
08-05 13:21:27.801 16992 17010 I art     : Explicit concurrent mark sweep GC freed 28(1024B) AllocSpace objects, 0(0B) LOS objects, 7% free, 184MB/200MB, paused 765us total 39.294ms
08-05 13:21:27.813 16992 17010 I art     : Starting a blocking GC Explicit
08-05 13:21:27.852 16992 17010 I art     : Explicit concurrent mark sweep GC freed 3(96B) AllocSpace objects, 0(0B) LOS objects, 7% free, 184MB/200MB, paused 789us total 39.374ms
08-05 13:21:27.864 16992 17010 I art     : Starting a blocking GC Explicit
08-05 13:21:27.903 16992 17010 I art     : Explicit concurrent mark sweep GC freed 3(96B) AllocSpace objects, 0(0B) LOS objects, 7% free, 184MB/200MB, paused 785us total 39.094ms
08-05 13:21:27.915 16992 17010 I art     : Starting a blocking GC Explicit
08-05 13:21:27.952 16992 17010 I art     : Explicit concurrent mark sweep GC freed 3(96B) AllocSpace objects, 0(0B) LOS objects, 7% free, 184MB/200MB, paused 783us total 36.830ms
08-05 13:21:28.267 16992 17697 I art     : Starting a blocking GC Explicit
08-05 13:21:28.304 16992 17697 I art     : Explicit concurrent mark sweep GC freed 1623(93KB) AllocSpace objects, 2(48KB) LOS objects, 7% free, 184MB/200MB, paused 708us total 36.215ms
08-05 13:21:28.314 16992 17697 I art     : Starting a blocking GC Explicit
08-05 13:21:28.345 16992 17697 I art     : Explicit concurrent mark sweep GC freed 28(1024B) AllocSpace objects, 0(0B) LOS objects, 7% free, 184MB/200MB, paused 710us total 31.482ms
08-05 13:21:28.356 16992 17697 I art     : Starting a blocking GC Explicit
08-05 13:21:28.389 16992 17697 I art     : Explicit concurrent mark sweep GC freed 3(96B) AllocSpace objects, 0(0B) LOS objects, 7% free, 184MB/200MB, paused 1.145ms total 32.844ms
08-05 13:21:28.395 19778 19778 D AndroidRuntime: >>>>>> START com.android.internal.os.RuntimeInit uid 2000 <<<<<<
08-05 13:21:28.398 19778 19778 D AndroidRuntime: CheckJNI is OFF
08-05 13:21:28.400 16992 17697 I art     : Starting a blocking GC Explicit
08-05 13:21:28.424 19778 19778 D ICU     : No timezone override file found: /data/misc/zoneinfo/current/icu/icu_tzdata.dat
08-05 13:21:28.435 16992 17697 I art     : Explicit concurrent mark sweep GC freed 3(96B) AllocSpace objects, 0(0B) LOS objects, 7% free, 184MB/200MB, paused 1.264ms total 35.454ms
08-05 13:21:28.446 16992 17697 I art     : Starting a blocking GC Explicit
08-05 13:21:28.450 19778 19778 I Radio-JNI: register_android_hardware_Radio DONE
08-05 13:21:28.465 19778 19778 D AndroidRuntime: Calling main entry com.android.commands.input.Input
08-05 13:21:28.467 19778 19778 I Input   : injectKeyEvent: KeyEvent { action=ACTION_DOWN, keyCode=KEYCODE_BACK, scanCode=0, metaState=0, flags=0x0, repeatCount=0, eventTime=796904880, downTime=796904880, deviceId=-1, source=0x101 }
08-05 13:21:28.472 19778 19778 I Input   : injectKeyEvent: KeyEvent { action=ACTION_UP, keyCode=KEYCODE_BACK, scanCode=0, metaState=0, flags=0x0, repeatCount=0, eventTime=796904880, downTime=796904880, deviceId=-1, source=0x101 }
08-05 13:21:28.476 19778 19778 D AndroidRuntime: Shutting down VM
08-05 13:21:28.479 16992 17697 I art     : Explicit concurrent mark sweep GC freed 8(304B) AllocSpace objects, 0(0B) LOS objects, 7% free, 184MB/200MB, paused 912us total 33.318ms
08-05 13:21:28.483 16992 16992 V MainActivity: url = https://project-travel-mate.herokuapp.com/api/number-of-unread-notifications
08-05 13:21:28.508 13866 13866 I GoogleInputMethodServic: GoogleInputMethodService.onFinishInput():3138 
08-05 13:21:28.509 13866 13866 I GoogleInputMethodServic: GoogleInputMethodService.onStartInput():1808 
08-05 13:21:28.777 16992 17004 I art     : Starting a blocking GC Explicit
08-05 13:21:28.801   380   380 W SurfaceFlinger: couldn't log to binary event log: overflow.
08-05 13:21:28.816 16992 17004 I art     : Explicit concurrent mark sweep GC freed 2487(133KB) AllocSpace objects, 2(48KB) LOS objects, 7% free, 184MB/200MB, paused 1.433ms total 39.125ms
08-05 13:21:28.827 16992 17004 I art     : Starting a blocking GC Explicit
08-05 13:21:28.863 16992 17004 I art     : Explicit concurrent mark sweep GC freed 103(4KB) AllocSpace objects, 0(0B) LOS objects, 7% free, 184MB/200MB, paused 872us total 35.800ms
08-05 13:21:28.875 16992 17004 I art     : Starting a blocking GC Explicit
08-05 13:21:28.913 16992 17004 I art     : Explicit concurrent mark sweep GC freed 132(6KB) AllocSpace objects, 0(0B) LOS objects, 7% free, 184MB/200MB, paused 924us total 38.307ms
08-05 13:21:28.925 16992 17004 I art     : Starting a blocking GC Explicit
08-05 13:21:28.965 16992 17004 I art     : Explicit concurrent mark sweep GC freed 16(816B) AllocSpace objects, 0(0B) LOS objects, 7% free, 184MB/200MB, paused 876us total 39.347ms
08-05 13:21:28.977 16992 17004 I art     : Starting a blocking GC Explicit
08-05 13:21:29.017 16992 17004 I art     : Explicit concurrent mark sweep GC freed 11(544B) AllocSpace objects, 0(0B) LOS objects, 7% free, 184MB/200MB, paused 836us total 39.879ms
08-05 13:21:29.366 16992 17010 I art     : Starting a blocking GC Explicit
08-05 13:21:29.375 16992 19801 I NAPPA_EXPERIMENTATION: MetricNetworkRequestExecutionTime: REQUEST_DURATION_SYSTEM='890',REQUEST_DURATION_OKHTTP='36',REQUEST_SYNCHRONOUS='FALSE',RESPONSE_CODE='200',RESPONSE_METHOD='GET',RESPONSE_LENGTH_OKHTTP='36',RESPONSE_LENGTH_HEADER='36',REQUEST_PROTOCOL='http/1.1',REQUEST_URL='https://project-travel-mate.herokuapp.com/api/number-of-unread-notifications',
08-05 13:21:29.414 16992 17010 I art     : Explicit concurrent mark sweep GC freed 4307(236KB) AllocSpace objects, 5(248KB) LOS objects, 7% free, 184MB/200MB, paused 1.050ms total 47.475ms
08-05 13:21:29.429 16992 17010 I art     : Starting a blocking GC Explicit
08-05 13:21:29.470 16992 17010 I art     : Explicit concurrent mark sweep GC freed 1069(121KB) AllocSpace objects, 0(0B) LOS objects, 7% free, 184MB/200MB, paused 865us total 40.486ms
08-05 13:21:29.482 16992 17010 I art     : Starting a blocking GC Explicit
08-05 13:21:29.521 16992 17010 I art     : Explicit concurrent mark sweep GC freed 13(528B) AllocSpace objects, 0(0B) LOS objects, 7% free, 184MB/200MB, paused 799us total 38.821ms
08-05 13:21:29.532 16992 17010 I art     : Starting a blocking GC Explicit
08-05 13:21:29.571 16992 17010 I art     : Explicit concurrent mark sweep GC freed 3(96B) AllocSpace objects, 0(0B) LOS objects, 7% free, 184MB/200MB, paused 825us total 38.439ms
08-05 13:21:29.582 16992 17010 I art     : Starting a blocking GC Explicit
08-05 13:21:29.621 16992 17010 I art     : Explicit concurrent mark sweep GC freed 3(96B) AllocSpace objects, 0(0B) LOS objects, 7% free, 184MB/200MB, paused 837us total 38.731ms
08-05 13:21:29.929 16992 17005 I art     : Starting a blocking GC Explicit
08-05 13:21:29.968 16992 17005 I art     : Explicit concurrent mark sweep GC freed 1598(92KB) AllocSpace objects, 2(48KB) LOS objects, 7% free, 184MB/200MB, paused 896us total 39.172ms
08-05 13:21:29.980 16992 17005 I art     : Starting a blocking GC Explicit
08-05 13:21:30.016 16992 17005 I art     : Explicit concurrent mark sweep GC freed 38(1568B) AllocSpace objects, 0(0B) LOS objects, 7% free, 184MB/200MB, paused 817us total 36.179ms
08-05 13:21:30.020 19823 19823 D AndroidRuntime: >>>>>> START com.android.internal.os.RuntimeInit uid 2000 <<<<<<
08-05 13:21:30.024 19823 19823 D AndroidRuntime: CheckJNI is OFF
08-05 13:21:30.028 16992 17005 I art     : Starting a blocking GC Explicit
08-05 13:21:30.051 19823 19823 D ICU     : No timezone override file found: /data/misc/zoneinfo/current/icu/icu_tzdata.dat
08-05 13:21:30.064 16992 17005 I art     : Explicit concurrent mark sweep GC freed 40(1088B) AllocSpace objects, 0(0B) LOS objects, 7% free, 184MB/200MB, paused 877us total 36.539ms
08-05 13:21:30.076 16992 17005 I art     : Starting a blocking GC Explicit
08-05 13:21:30.077 19823 19823 I Radio-JNI: register_android_hardware_Radio DONE
08-05 13:21:30.093 19823 19823 D AndroidRuntime: Calling main entry com.android.commands.input.Input
08-05 13:21:30.094 19823 19823 I Input   : injectMotionEvent: MotionEvent { action=ACTION_DOWN, actionButton=0, id[0]=0, x[0]=657.0, y[0]=2037.0, toolType[0]=TOOL_TYPE_UNKNOWN, buttonState=0, metaState=0, flags=0x0, edgeFlags=0x0, pointerCount=1, historySize=0, eventTime=796906507, downTime=796906507, deviceId=0, source=0x1002 }
08-05 13:21:30.099 19823 19823 I Input   : injectMotionEvent: MotionEvent { action=ACTION_UP, actionButton=0, id[0]=0, x[0]=657.0, y[0]=2037.0, toolType[0]=TOOL_TYPE_UNKNOWN, buttonState=0, metaState=0, flags=0x0, edgeFlags=0x0, pointerCount=1, historySize=0, eventTime=796906507, downTime=796906507, deviceId=0, source=0x1002 }
08-05 13:21:30.100 19823 19823 D AndroidRuntime: Shutting down VM
08-05 13:21:30.106   918  4413 I ActivityManager: START u0 {cmp=baseline.io.github.project_travel_mate/.utilities.CompassActivity} from uid 10674 on display 0
08-05 13:21:30.108   512  2967 D audio_hw_primary: out_set_parameters: enter: usecase(1: low-latency-playback) kvpairs: routing=2
08-05 13:21:30.112 16992 17005 I art     : Explicit concurrent mark sweep GC freed 8(240B) AllocSpace objects, 0(0B) LOS objects, 7% free, 184MB/200MB, paused 999us total 35.803ms
08-05 13:21:30.120   512  2967 D audio_hw_primary: select_devices: out_snd_device(2: speaker) in_snd_device(0: none)
08-05 13:21:30.121   512  2967 D msm8974_platform: platform_send_audio_calibration: sending audio calibration for snd_device(2) acdb_id(15)
08-05 13:21:30.121   512  2967 I soundtrigger: audio_extn_sound_trigger_update_device_status: device 0x2 of type 0 for Event 1
08-05 13:21:30.124 16992 17005 I art     : Starting a blocking GC Explicit
08-05 13:21:30.133   512  2967 D audio_hw_primary: enable_snd_device: snd_device(2: speaker)
08-05 13:21:30.135   512  2967 D audio_hw_primary: enable_audio_route: apply and update mixer path: low-latency-playback speaker
08-05 13:21:30.163 16992 17005 I art     : Explicit concurrent mark sweep GC freed 310(23KB) AllocSpace objects, 0(0B) LOS objects, 7% free, 184MB/200MB, paused 937us total 39.657ms
08-05 13:21:30.439 16992 16992 D CompassActivity: start compass
08-05 13:21:30.440   918  5481 I sensors : batch
08-05 13:21:30.441   918  5481 I sensors : activate
08-05 13:21:30.441   918  3359 I sensors : batch
08-05 13:21:30.441   918  3359 I sensors : activate
08-05 13:21:30.443 16992 17004 I art     : Starting a blocking GC Explicit
08-05 13:21:30.447   918  3188 I hubconnection: sensorhub said: 'batch 1 flags:0, sampling_rate_Hz:50.00, max_report_latency_us:0'
08-05 13:21:30.448   918  3188 I hubconnection: sensorhub said: 'activate 1 enable:1'
08-05 13:21:30.449   918  3188 I hubconnection: sensorhub said: 'batch 3 flags:0, sampling_rate_Hz:50.00, max_report_latency_us:0'
08-05 13:21:30.450   918  3188 I hubconnection: sensorhub said: 'activate 3 enable:1'
08-05 13:21:30.484 16992 17004 I art     : Explicit concurrent mark sweep GC freed 189(9KB) AllocSpace objects, 0(0B) LOS objects, 6% free, 236MB/252MB, paused 872us total 40.371ms
08-05 13:21:30.495 16992 17004 I art     : Starting a blocking GC Explicit
08-05 13:21:30.530 16992 17004 I art     : Explicit concurrent mark sweep GC freed 75(2608B) AllocSpace objects, 0(0B) LOS objects, 6% free, 236MB/252MB, paused 820us total 34.880ms
08-05 13:21:30.543 16992 17004 I art     : Starting a blocking GC Explicit
08-05 13:21:30.578   918   936 I ActivityManager: Displayed baseline.io.github.project_travel_mate/.utilities.CompassActivity: +457ms
08-05 13:21:30.579 16992 17004 I art     : Explicit concurrent mark sweep GC freed 30(1120B) AllocSpace objects, 0(0B) LOS objects, 6% free, 236MB/252MB, paused 710us total 36.403ms
08-05 13:21:30.589 13866 13866 I GoogleInputMethodServic: GoogleInputMethodService.onFinishInput():3138 
08-05 13:21:30.590 16992 17004 I art     : Starting a blocking GC Explicit
08-05 13:21:30.590 13866 13866 I GoogleInputMethodServic: GoogleInputMethodService.onStartInput():1808 
08-05 13:21:30.629 16992 17004 I art     : Explicit concurrent mark sweep GC freed 12(592B) AllocSpace objects, 0(0B) LOS objects, 6% free, 236MB/252MB, paused 1.575ms total 38.507ms
08-05 13:21:30.642 16992 16992 D CompassActivity: will set rotation from 0.0 to 177.58905
08-05 13:21:30.643 16992 16992 D CompassActivity: will set rotation from 177.58905 to 177.55334
08-05 13:21:30.643 16992 16992 D CompassActivity: will set rotation from 177.55334 to 177.23999
08-05 13:21:30.643 16992 16992 D CompassActivity: will set rotation from 177.23999 to 177.19446
08-05 13:21:30.643 16992 16992 D CompassActivity: will set rotation from 177.19446 to 177.11517
08-05 13:21:30.643 16992 16992 D CompassActivity: will set rotation from 177.11517 to 177.09363
08-05 13:21:30.646 16992 17004 I art     : Starting a blocking GC Explicit
08-05 13:21:30.651 16992 16992 D CompassActivity: will set rotation from 177.09363 to 177.05322
08-05 13:21:30.652 16992 16992 D CompassActivity: will set rotation from 177.05322 to 177.05249
08-05 13:21:30.668   512  2967 D audio_hw_primary: disable_audio_route: reset and update mixer path: low-latency-playback speaker
08-05 13:21:30.670   512  2967 D audio_hw_primary: disable_snd_device: snd_device(2: speaker)
08-05 13:21:30.673 16992 16992 D CompassActivity: will set rotation from 177.05249 to 177.26239
08-05 13:21:30.673 16992 16992 D CompassActivity: will set rotation from 177.26239 to 177.2691
08-05 13:21:30.678   512  2967 I soundtrigger: audio_extn_sound_trigger_update_device_status: device 0x2 of type 0 for Event 0
08-05 13:21:30.679 16992 17004 I art     : Explicit concurrent mark sweep GC freed 90(5KB) AllocSpace objects, 0(0B) LOS objects, 6% free, 236MB/252MB, paused 682us total 33.117ms
08-05 13:21:30.691 16992 16992 D CompassActivity: will set rotation from 177.2691 to 177.13477
08-05 13:21:30.692 16992 16992 D CompassActivity: will set rotation from 177.13477 to 177.14618
08-05 13:21:30.712 16992 16992 D CompassActivity: will set rotation from 177.14618 to 177.14404
08-05 13:21:30.712 16992 16992 D CompassActivity: will set rotation from 177.14404 to 177.14612
08-05 13:21:30.731 16992 16992 D CompassActivity: will set rotation from 177.14612 to 177.29608
08-05 13:21:30.732 16992 16992 D CompassActivity: will set rotation from 177.29608 to 177.29468
08-05 13:21:30.751 16992 16992 D CompassActivity: will set rotation from 177.29468 to 177.52856
08-05 13:21:30.751 16992 16992 D CompassActivity: will set rotation from 177.52856 to 177.5177
08-05 13:21:30.774 16992 16992 D CompassActivity: will set rotation from 177.5177 to 177.70642
08-05 13:21:30.774 16992 16992 D CompassActivity: will set rotation from 177.70642 to 177.69666
08-05 13:21:30.793 16992 16992 D CompassActivity: will set rotation from 177.69666 to 177.84839
08-05 13:21:30.793 16992 16992 D CompassActivity: will set rotation from 177.84839 to 177.84448
08-05 13:21:30.813 16992 16992 D CompassActivity: will set rotation from 177.84448 to 177.87634
08-05 13:21:30.814 16992 16992 D CompassActivity: will set rotation from 177.87634 to 177.8808
08-05 13:21:30.833 16992 16992 D CompassActivity: will set rotation from 177.8808 to 177.99188
08-05 13:21:30.834 16992 16992 D CompassActivity: will set rotation from 177.99188 to 177.99762
08-05 13:21:30.838   380   380 W SurfaceFlinger: couldn't log to binary event log: overflow.
08-05 13:21:30.852 16992 16992 D CompassActivity: will set rotation from 177.99762 to 178.13354
08-05 13:21:30.852 16992 16992 D CompassActivity: will set rotation from 178.13354 to 178.13245
08-05 13:21:30.872 16992 16992 D CompassActivity: will set rotation from 178.13245 to 178.17609
08-05 13:21:30.872 16992 16992 D CompassActivity: will set rotation from 178.17609 to 178.17511
08-05 13:21:30.891 16992 16992 D CompassActivity: will set rotation from 178.17511 to 178.25049
08-05 13:21:30.891 16992 16992 D CompassActivity: will set rotation from 178.25049 to 178.24408
08-05 13:21:30.910 16992 16992 D CompassActivity: will set rotation from 178.24408 to 178.37689
08-05 13:21:30.911 16992 16992 D CompassActivity: will set rotation from 178.37689 to 178.36755
08-05 13:21:30.931 16992 16992 D CompassActivity: will set rotation from 178.36755 to 178.45624
08-05 13:21:30.931 16992 16992 D CompassActivity: will set rotation from 178.45624 to 178.45105
08-05 13:21:30.951 16992 16992 D CompassActivity: will set rotation from 178.45105 to 178.52844
08-05 13:21:30.951 16992 16992 D CompassActivity: will set rotation from 178.52844 to 178.53033
08-05 13:21:31.014 16992 16992 D CompassActivity: will set rotation from 178.53033 to 178.53857
08-05 13:21:31.015 16992 16992 D CompassActivity: will set rotation from 178.53857 to 178.54413
08-05 13:21:31.015 16992 16992 D CompassActivity: will set rotation from 178.54413 to 178.57385
08-05 13:21:31.015 16992 16992 D CompassActivity: will set rotation from 178.57385 to 178.57977
08-05 13:21:31.015 16992 16992 D CompassActivity: will set rotation from 178.57977 to 178.51141
08-05 13:21:31.015 16992 16992 D CompassActivity: will set rotation from 178.51141 to 178.51361
08-05 13:21:31.023 16992 17004 I art     : Starting a blocking GC Explicit
08-05 13:21:31.033 16992 16992 D CompassActivity: will set rotation from 178.51361 to 178.38916
08-05 13:21:31.034 16992 16992 D CompassActivity: will set rotation from 178.38916 to 178.38019
08-05 13:21:31.050 16992 16992 D CompassActivity: will set rotation from 178.38019 to 178.35968
08-05 13:21:31.050 16992 16992 D CompassActivity: will set rotation from 178.35968 to 178.35052
08-05 13:21:31.058 16992 17004 I art     : Explicit concurrent mark sweep GC freed 2075(119KB) AllocSpace objects, 2(48KB) LOS objects, 6% free, 236MB/252MB, paused 674us total 34.883ms
08-05 13:21:31.069 16992 17004 I art     : Starting a blocking GC Explicit
08-05 13:21:31.072 16992 16992 D CompassActivity: will set rotation from 178.35052 to 178.33203
08-05 13:21:31.072 16992 16992 D CompassActivity: will set rotation from 178.33203 to 178.32861
08-05 13:21:31.091 16992 16992 D CompassActivity: will set rotation from 178.32861 to 178.31665
08-05 13:21:31.091 16992 16992 D CompassActivity: will set rotation from 178.31665 to 178.31958
08-05 13:21:31.102 16992 17004 I art     : Explicit concurrent mark sweep GC freed 557(22KB) AllocSpace objects, 0(0B) LOS objects, 6% free, 236MB/252MB, paused 746us total 33.352ms
08-05 13:21:31.111 16992 16992 D CompassActivity: will set rotation from 178.31958 to 178.28076
08-05 13:21:31.111 16992 16992 D CompassActivity: will set rotation from 178.28076 to 178.28369
08-05 13:21:31.114 16992 17004 I art     : Starting a blocking GC Explicit
08-05 13:21:31.130 16992 16992 D CompassActivity: will set rotation from 178.28369 to 178.29706
08-05 13:21:31.131 16992 16992 D CompassActivity: will set rotation from 178.29706 to 178.29974
08-05 13:21:31.149 16992 17004 I art     : Explicit concurrent mark sweep GC freed 89(4KB) AllocSpace objects, 0(0B) LOS objects, 6% free, 236MB/252MB, paused 816us total 35.358ms
08-05 13:21:31.150 16992 16992 D CompassActivity: will set rotation from 178.29974 to 178.26392
08-05 13:21:31.150 16992 16992 D CompassActivity: will set rotation from 178.26392 to 178.26697
08-05 13:21:31.161 16992 17004 I art     : Starting a blocking GC Explicit
08-05 13:21:31.170 16992 16992 D CompassActivity: will set rotation from 178.26697 to 178.23291
08-05 13:21:31.171 16992 16992 D CompassActivity: will set rotation from 178.23291 to 178.23383
08-05 13:21:31.191 16992 16992 D CompassActivity: will set rotation from 178.23383 to 178.2226
08-05 13:21:31.191 16992 16992 D CompassActivity: will set rotation from 178.2226 to 178.2185
08-05 13:21:31.197 16992 17004 I art     : Explicit concurrent mark sweep GC freed 103(5KB) AllocSpace objects, 0(0B) LOS objects, 6% free, 236MB/252MB, paused 754us total 35.658ms
08-05 13:21:31.210 16992 17004 I art     : Starting a blocking GC Explicit
08-05 13:21:31.210 16992 16992 D CompassActivity: will set rotation from 178.2185 to 178.18762
08-05 13:21:31.211 16992 16992 D CompassActivity: will set rotation from 178.18762 to 178.18304
08-05 13:21:31.230 16992 16992 D CompassActivity: will set rotation from 178.18304 to 178.19958
08-05 13:21:31.230 16992 16992 D CompassActivity: will set rotation from 178.19958 to 178.19916
08-05 13:21:31.250 16992 16992 D CompassActivity: will set rotation from 178.19916 to 178.19397
08-05 13:21:31.252 16992 16992 D CompassActivity: will set rotation from 178.19397 to 178.19653
08-05 13:21:31.252 16992 17004 I art     : Explicit concurrent mark sweep GC freed 123(5KB) AllocSpace objects, 0(0B) LOS objects, 6% free, 236MB/252MB, paused 1.015ms total 42.681ms
08-05 13:21:31.270 16992 16992 D CompassActivity: will set rotation from 178.19653 to 178.21185
08-05 13:21:31.271 16992 16992 D CompassActivity: will set rotation from 178.21185 to 178.21576
08-05 13:21:31.292 16992 16992 D CompassActivity: will set rotation from 178.21576 to 178.25659
08-05 13:21:31.292 16992 16992 D CompassActivity: will set rotation from 178.25659 to 178.25836
08-05 13:21:31.310 16992 16992 D CompassActivity: will set rotation from 178.25836 to 178.29706
08-05 13:21:31.310 16992 16992 D CompassActivity: will set rotation from 178.29706 to 178.29895
08-05 13:21:31.329 16992 16992 D CompassActivity: will set rotation from 178.29895 to 178.31445
08-05 13:21:31.330 16992 16992 D CompassActivity: will set rotation from 178.31445 to 178.31445
08-05 13:21:31.350 16992 16992 D CompassActivity: will set rotation from 178.31445 to 178.37354
08-05 13:21:31.350 16992 16992 D CompassActivity: will set rotation from 178.37354 to 178.37134
08-05 13:21:31.370 16992 16992 D CompassActivity: will set rotation from 178.37134 to 178.42645
08-05 13:21:31.371 16992 16992 D CompassActivity: will set rotation from 178.42645 to 178.42358
08-05 13:21:31.393 16992 16992 D CompassActivity: will set rotation from 178.42358 to 178.3703
08-05 13:21:31.393 16992 16992 D CompassActivity: will set rotation from 178.3703 to 178.36835
08-05 13:21:31.410 16992 16992 D CompassActivity: will set rotation from 178.36835 to 178.39801
08-05 13:21:31.410 16992 16992 D CompassActivity: will set rotation from 178.39801 to 178.39758
08-05 13:21:31.429 16992 16992 D CompassActivity: will set rotation from 178.39758 to 178.40851
08-05 13:21:31.429 16992 16992 D CompassActivity: will set rotation from 178.40851 to 178.41241
08-05 13:21:31.449 16992 16992 D CompassActivity: will set rotation from 178.41241 to 178.4403
08-05 13:21:31.450 16992 16992 D CompassActivity: will set rotation from 178.4403 to 178.44446
08-05 13:21:31.469 16992 16992 D CompassActivity: will set rotation from 178.44446 to 178.47198
08-05 13:21:31.470 16992 16992 D CompassActivity: will set rotation from 178.47198 to 178.4729
08-05 13:21:31.492 16992 16992 D CompassActivity: will set rotation from 178.4729 to 178.49768
08-05 13:21:31.492 16992 16992 D CompassActivity: will set rotation from 178.49768 to 178.4942
08-05 13:21:31.511 16992 16992 D CompassActivity: will set rotation from 178.4942 to 178.53705
08-05 13:21:31.511 16992 16992 D CompassActivity: will set rotation from 178.53705 to 178.52948
08-05 13:21:31.529 16992 16992 D CompassActivity: will set rotation from 178.52948 to 178.53412
08-05 13:21:31.529 16992 16992 D CompassActivity: will set rotation from 178.53412 to 178.52936
08-05 13:21:31.550 16992 16992 D CompassActivity: will set rotation from 178.52936 to 178.49396
08-05 13:21:31.550 16992 16992 D CompassActivity: will set rotation from 178.49396 to 178.49408
08-05 13:21:31.569 16992 16992 D CompassActivity: will set rotation from 178.49408 to 178.47998
08-05 13:21:31.569 16992 16992 D CompassActivity: will set rotation from 178.47998 to 178.48431
08-05 13:21:31.592 16992 16992 D CompassActivity: will set rotation from 178.48431 to 178.44873
08-05 13:21:31.592 16992 16992 D CompassActivity: will set rotation from 178.44873 to 178.45526
08-05 13:21:31.608 16992 17420 I art     : Starting a blocking GC Explicit
08-05 13:21:31.609 16992 16992 D CompassActivity: will set rotation from 178.45526 to 178.41913
08-05 13:21:31.609 16992 16992 D CompassActivity: will set rotation from 178.41913 to 178.42224
08-05 13:21:31.629 16992 16992 D CompassActivity: will set rotation from 178.42224 to 178.40906
08-05 13:21:31.630 16992 16992 D CompassActivity: will set rotation from 178.40906 to 178.4096
08-05 13:21:31.648 16992 16992 D CompassActivity: will set rotation from 178.4096 to 178.41803
08-05 13:21:31.650 16992 16992 D CompassActivity: will set rotation from 178.41803 to 178.41254
08-05 13:21:31.651 16992 17420 I art     : Explicit concurrent mark sweep GC freed 1924(114KB) AllocSpace objects, 2(48KB) LOS objects, 6% free, 236MB/252MB, paused 863us total 42.853ms
08-05 13:21:31.665 16992 17420 I art     : Starting a blocking GC Explicit
08-05 13:21:31.667 16697 16697 I ServiceManager: Waiting for service AtCmdFwd...
08-05 13:21:31.669 16992 16992 D CompassActivity: will set rotation from 178.41254 to 178.38037
08-05 13:21:31.669 16992 16992 D CompassActivity: will set rotation from 178.38037 to 178.37146
08-05 13:21:31.690 16992 16992 D CompassActivity: will set rotation from 178.37146 to 178.34009
08-05 13:21:31.690 16992 16992 D CompassActivity: will set rotation from 178.34009 to 178.33704
08-05 13:21:31.704 16992 17420 I art     : Explicit concurrent mark sweep GC freed 645(25KB) AllocSpace objects, 0(0B) LOS objects, 6% free, 236MB/252MB, paused 927us total 39.294ms
08-05 13:21:31.709 16992 16992 D CompassActivity: will set rotation from 178.33704 to 178.36047
08-05 13:21:31.709 16992 16992 D CompassActivity: will set rotation from 178.36047 to 178.36426
08-05 13:21:31.716 16992 17420 I art     : Starting a blocking GC Explicit
08-05 13:21:31.728 16992 16992 D CompassActivity: will set rotation from 178.36426 to 178.34802
08-05 13:21:31.728 16992 16992 D CompassActivity: will set rotation from 178.34802 to 178.35266
08-05 13:21:31.750 16992 16992 D CompassActivity: will set rotation from 178.35266 to 178.34094
08-05 13:21:31.751 16992 16992 D CompassActivity: will set rotation from 178.34094 to 178.34412
08-05 13:21:31.751 16992 17420 I art     : Explicit concurrent mark sweep GC freed 121(5KB) AllocSpace objects, 0(0B) LOS objects, 6% free, 236MB/252MB, paused 837us total 35.245ms
08-05 13:21:31.763 16992 17420 I art     : Starting a blocking GC Explicit
08-05 13:21:31.769 16992 16992 D CompassActivity: will set rotation from 178.34412 to 178.31702
08-05 13:21:31.770 16992 16992 D CompassActivity: will set rotation from 178.31702 to 178.31659
08-05 13:21:31.790 16992 16992 D CompassActivity: will set rotation from 178.31659 to 178.32336
08-05 13:21:31.790 16992 16992 D CompassActivity: will set rotation from 178.32336 to 178.31989
08-05 13:21:31.799 16992 17420 I art     : Explicit concurrent mark sweep GC freed 116(5KB) AllocSpace objects, 0(0B) LOS objects, 6% free, 236MB/252MB, paused 812us total 35.863ms
08-05 13:21:31.810 16992 16992 D CompassActivity: will set rotation from 178.31989 to 178.34424
08-05 13:21:31.810 16992 16992 D CompassActivity: will set rotation from 178.34424 to 178.34125
08-05 13:21:31.811 16992 17420 I art     : Starting a blocking GC Explicit
08-05 13:21:31.829 16992 16992 D CompassActivity: will set rotation from 178.34125 to 178.32928
08-05 13:21:31.830 16992 16992 D CompassActivity: will set rotation from 178.32928 to 178.32715
08-05 13:21:31.847 16992 17420 I art     : Explicit concurrent mark sweep GC freed 102(4KB) AllocSpace objects, 0(0B) LOS objects, 6% free, 236MB/252MB, paused 747us total 36.102ms
08-05 13:21:31.849 16992 16992 D CompassActivity: will set rotation from 178.32715 to 178.31805
08-05 13:21:31.849 16992 16992 D CompassActivity: will set rotation from 178.31805 to 178.31885
08-05 13:21:31.869 16992 16992 D CompassActivity: will set rotation from 178.31885 to 178.31067
08-05 13:21:31.869 16992 16992 D CompassActivity: will set rotation from 178.31067 to 178.31226
08-05 13:21:31.892 16992 16992 D CompassActivity: will set rotation from 178.31226 to 178.32007
08-05 13:21:31.892 16992 16992 D CompassActivity: will set rotation from 178.32007 to 178.32477
08-05 13:21:31.912 16992 16992 D CompassActivity: will set rotation from 178.32477 to 178.35211
08-05 13:21:31.912 16992 16992 D CompassActivity: will set rotation from 178.35211 to 178.35803
08-05 13:21:31.930 16992 16992 D CompassActivity: will set rotation from 178.35803 to 178.36792
08-05 13:21:31.930 16992 16992 D CompassActivity: will set rotation from 178.36792 to 178.36731
08-05 13:21:31.949 16992 16992 D CompassActivity: will set rotation from 178.36731 to 178.39288
08-05 13:21:31.949 16992 16992 D CompassActivity: will set rotation from 178.39288 to 178.3894
08-05 13:21:31.969 16992 16992 D CompassActivity: will set rotation from 178.3894 to 178.36371
08-05 13:21:31.970 16992 16992 D CompassActivity: will set rotation from 178.36371 to 178.36035
08-05 13:21:31.995 16992 16992 D CompassActivity: will set rotation from 178.36035 to 178.40125
08-05 13:21:31.997 16992 16992 D CompassActivity: will set rotation from 178.40125 to 178.40063
08-05 13:21:32.010 16992 16992 D CompassActivity: will set rotation from 178.40063 to 178.40955
08-05 13:21:32.011 16992 16992 D CompassActivity: will set rotation from 178.40955 to 178.41101
08-05 13:21:32.028 16992 16992 D CompassActivity: will set rotation from 178.41101 to 178.43567
08-05 13:21:32.029 16992 16992 D CompassActivity: will set rotation from 178.43567 to 178.43854
08-05 13:21:32.048 16992 16992 D CompassActivity: will set rotation from 178.43854 to 178.46222
08-05 13:21:32.049 16992 16992 D CompassActivity: will set rotation from 178.46222 to 178.46545
08-05 13:21:32.069 16992 16992 D CompassActivity: will set rotation from 178.46545 to 178.5152
08-05 13:21:32.069 16992 16992 D CompassActivity: will set rotation from 178.5152 to 178.51672
08-05 13:21:32.088 16992 16992 D CompassActivity: will set rotation from 178.51672 to 178.5534
08-05 13:21:32.088 16992 16992 D CompassActivity: will set rotation from 178.5534 to 178.55426
08-05 13:21:32.109 16992 16992 D CompassActivity: will set rotation from 178.55426 to 178.58917
08-05 13:21:32.110 16992 16992 D CompassActivity: will set rotation from 178.58917 to 178.58533
08-05 13:21:32.129 16992 16992 D CompassActivity: will set rotation from 178.58533 to 178.61896
08-05 13:21:32.130 16992 16992 D CompassActivity: will set rotation from 178.61896 to 178.61536
08-05 13:21:32.147 16992 16992 D CompassActivity: will set rotation from 178.61536 to 178.63159
08-05 13:21:32.147 16992 16992 D CompassActivity: will set rotation from 178.63159 to 178.62903
08-05 13:21:32.167 16992 16992 D CompassActivity: will set rotation from 178.62903 to 178.61194
08-05 13:21:32.168 16992 16992 D CompassActivity: will set rotation from 178.61194 to 178.61267
08-05 13:21:32.187 16992 16992 D CompassActivity: will set rotation from 178.61267 to 178.60938
08-05 13:21:32.187 16992 16992 D CompassActivity: will set rotation from 178.60938 to 178.61328
08-05 13:21:32.208 16992 16992 D CompassActivity: will set rotation from 178.61328 to 178.57959
08-05 13:21:32.209 16992 16992 D CompassActivity: will set rotation from 178.57959 to 178.5827
08-05 13:21:32.217 16992 17420 I art     : Starting a blocking GC Explicit
08-05 13:21:32.228 16992 16992 D CompassActivity: will set rotation from 178.5827 to 178.54956
08-05 13:21:32.228 16992 16992 D CompassActivity: will set rotation from 178.54956 to 178.55054
08-05 13:21:32.248 16992 16992 D CompassActivity: will set rotation from 178.55054 to 178.56769
08-05 13:21:32.249 16992 16992 D CompassActivity: will set rotation from 178.56769 to 178.5664
08-05 13:21:32.262 16992 17420 I art     : Explicit concurrent mark sweep GC freed 1987(117KB) AllocSpace objects, 2(48KB) LOS objects, 6% free, 236MB/252MB, paused 1.723ms total 45.115ms
08-05 13:21:32.271 16992 16992 D CompassActivity: will set rotation from 178.5664 to 178.56732
08-05 13:21:32.272 16992 16992 D CompassActivity: will set rotation from 178.56732 to 178.5628
08-05 13:21:32.274 16992 17420 I art     : Starting a blocking GC Explicit
08-05 13:21:32.287 16992 16992 D CompassActivity: will set rotation from 178.5628 to 178.54791
08-05 13:21:32.288 16992 16992 D CompassActivity: will set rotation from 178.54791 to 178.54504
08-05 13:21:32.310 16992 16992 D CompassActivity: will set rotation from 178.54504 to 178.56012
08-05 13:21:32.311 16992 16992 D CompassActivity: will set rotation from 178.56012 to 178.55835
08-05 13:21:32.318 16992 17420 I art     : Explicit concurrent mark sweep GC freed 696(27KB) AllocSpace objects, 0(0B) LOS objects, 6% free, 236MB/252MB, paused 830us total 44.187ms
08-05 13:21:32.329 16992 16992 D CompassActivity: will set rotation from 178.55835 to 178.57361
08-05 13:21:32.330 16992 16992 D CompassActivity: will set rotation from 178.57361 to 178.57428
08-05 13:21:32.330 16992 17420 I art     : Starting a blocking GC Explicit
08-05 13:21:32.347 16992 16992 D CompassActivity: will set rotation from 178.57428 to 178.57397
08-05 13:21:32.347 16992 16992 D CompassActivity: will set rotation from 178.57397 to 178.57684
08-05 13:21:32.366 16992 17420 I art     : Explicit concurrent mark sweep GC freed 134(5KB) AllocSpace objects, 0(0B) LOS objects, 6% free, 236MB/252MB, paused 757us total 35.671ms
08-05 13:21:32.367 16992 16992 D CompassActivity: will set rotation from 178.57684 to 178.59418
08-05 13:21:32.367 16992 16992 D CompassActivity: will set rotation from 178.59418 to 178.59521
08-05 13:21:32.379 16992 17420 I art     : Starting a blocking GC Explicit
08-05 13:21:32.387 16992 16992 D CompassActivity: will set rotation from 178.59521 to 178.5918
08-05 13:21:32.387 16992 16992 D CompassActivity: will set rotation from 178.5918 to 178.59265
08-05 13:21:32.408 16992 16992 D CompassActivity: will set rotation from 178.59265 to 178.54443
08-05 13:21:32.408 16992 16992 D CompassActivity: will set rotation from 178.54443 to 178.54486
08-05 13:21:32.415 16992 17420 I art     : Explicit concurrent mark sweep GC freed 87(4KB) AllocSpace objects, 0(0B) LOS objects, 6% free, 236MB/252MB, paused 678us total 36.061ms
08-05 13:21:32.427 16992 16992 D CompassActivity: will set rotation from 178.54486 to 178.52997
08-05 13:21:32.427 16992 16992 D CompassActivity: will set rotation from 178.52997 to 178.52704
08-05 13:21:32.428 16992 17420 I art     : Starting a blocking GC Explicit
08-05 13:21:32.445 16992 16992 D CompassActivity: will set rotation from 178.52704 to 178.49622
08-05 13:21:32.446 16992 16992 D CompassActivity: will set rotation from 178.49622 to 178.49548
08-05 13:21:32.463 16992 17420 I art     : Explicit concurrent mark sweep GC freed 118(5KB) AllocSpace objects, 0(0B) LOS objects, 6% free, 236MB/252MB, paused 663us total 35.285ms
08-05 13:21:32.466 16992 16992 D CompassActivity: will set rotation from 178.49548 to 178.48108
08-05 13:21:32.466 16992 16992 D CompassActivity: will set rotation from 178.48108 to 178.48071
08-05 13:21:32.486 16992 16992 D CompassActivity: will set rotation from 178.48071 to 178.45105
08-05 13:21:32.486 16992 16992 D CompassActivity: will set rotation from 178.45105 to 178.45343
08-05 13:21:32.505 16992 16992 D CompassActivity: will set rotation from 178.45343 to 178.47266
08-05 13:21:32.506 16992 16992 D CompassActivity: will set rotation from 178.47266 to 178.47632
08-05 13:21:32.526 16992 16992 D CompassActivity: will set rotation from 178.47632 to 178.479
08-05 13:21:32.527 16992 16992 D CompassActivity: will set rotation from 178.479 to 178.47949
08-05 13:21:32.545 16992 16992 D CompassActivity: will set rotation from 178.47949 to 178.48138
08-05 13:21:32.545 16992 16992 D CompassActivity: will set rotation from 178.48138 to 178.47858
08-05 13:21:32.565 16992 16992 D CompassActivity: will set rotation from 178.47858 to 178.43726
08-05 13:21:32.565 16992 16992 D CompassActivity: will set rotation from 178.43726 to 178.43628
08-05 13:21:32.585 16992 16992 D CompassActivity: will set rotation from 178.43628 to 178.4397
08-05 13:21:32.586 16992 16992 D CompassActivity: will set rotation from 178.4397 to 178.43652
08-05 13:21:32.605 16992 16992 D CompassActivity: will set rotation from 178.43652 to 178.4226
08-05 13:21:32.606 16992 16992 D CompassActivity: will set rotation from 178.4226 to 178.42017
08-05 13:21:32.627 16992 16992 D CompassActivity: will set rotation from 178.42017 to 178.39014
08-05 13:21:32.627 16992 16992 D CompassActivity: will set rotation from 178.39014 to 178.39117
08-05 13:21:32.645 16992 16992 D CompassActivity: will set rotation from 178.39117 to 178.39514
08-05 13:21:32.645 16992 16992 D CompassActivity: will set rotation from 178.39514 to 178.39624
08-05 13:21:32.665 16992 16992 D CompassActivity: will set rotation from 178.39624 to 178.36664
08-05 13:21:32.666 16992 16992 D CompassActivity: will set rotation from 178.36664 to 178.36853
08-05 13:21:32.668 16697 16697 I ServiceManager: Waiting for service AtCmdFwd...
08-05 13:21:32.685 16992 16992 D CompassActivity: will set rotation from 178.36853 to 178.35962
08-05 13:21:32.686 16992 16992 D CompassActivity: will set rotation from 178.35962 to 178.35962
08-05 13:21:32.705 16992 16992 D CompassActivity: will set rotation from 178.35962 to 178.33191
08-05 13:21:32.705 16992 16992 D CompassActivity: will set rotation from 178.33191 to 178.33069
08-05 13:21:32.725 16992 16992 D CompassActivity: will set rotation from 178.33069 to 178.30219
08-05 13:21:32.726 16992 16992 D CompassActivity: will set rotation from 178.30219 to 178.30145
08-05 13:21:32.744 16992 16992 D CompassActivity: will set rotation from 178.30145 to 178.30371
08-05 13:21:32.745 16992 16992 D CompassActivity: will set rotation from 178.30371 to 178.30396
08-05 13:21:32.764 16992 16992 D CompassActivity: will set rotation from 178.30396 to 178.27582
08-05 13:21:32.765 16992 16992 D CompassActivity: will set rotation from 178.27582 to 178.27734
08-05 13:21:32.766 16992 17010 I art     : Starting a blocking GC Explicit
08-05 13:21:32.773 19887 19887 D AndroidRuntime: >>>>>> START com.android.internal.os.RuntimeInit uid 2000 <<<<<<
08-05 13:21:32.785 16992 16992 D CompassActivity: will set rotation from 178.27734 to 178.28339
08-05 13:21:32.785 16992 16992 D CompassActivity: will set rotation from 178.28339 to 178.28479
08-05 13:21:32.805 16992 16992 D CompassActivity: will set rotation from 178.28479 to 178.31006
08-05 13:21:32.806 16992 16992 D CompassActivity: will set rotation from 178.31006 to 178.30878
08-05 13:21:32.810 16992 17010 I art     : Explicit concurrent mark sweep GC freed 1906(113KB) AllocSpace objects, 2(48KB) LOS objects, 6% free, 236MB/252MB, paused 1.099ms total 44.380ms
08-05 13:21:32.823 16992 17010 I art     : Starting a blocking GC Explicit
08-05 13:21:32.828 16992 16992 D CompassActivity: will set rotation from 178.30878 to 178.30078
08-05 13:21:32.828 16992 16992 D CompassActivity: will set rotation from 178.30078 to 178.30133
08-05 13:21:32.831 19887 19887 D AndroidRuntime: CheckJNI is OFF
08-05 13:21:32.844 16992 16992 D CompassActivity: will set rotation from 178.30133 to 178.30768
08-05 13:21:32.845 16992 16992 D CompassActivity: will set rotation from 178.30768 to 178.30847
08-05 13:21:32.862 16992 17010 I art     : Explicit concurrent mark sweep GC freed 590(23KB) AllocSpace objects, 0(0B) LOS objects, 6% free, 236MB/252MB, paused 767us total 38.455ms
08-05 13:21:32.864 19887 19887 D ICU     : No timezone override file found: /data/misc/zoneinfo/current/icu/icu_tzdata.dat
08-05 13:21:32.865 16992 16992 D CompassActivity: will set rotation from 178.30847 to 178.28479
08-05 13:21:32.866 16992 16992 D CompassActivity: will set rotation from 178.28479 to 178.28503
08-05 13:21:32.873 16992 17010 I art     : Starting a blocking GC Explicit
08-05 13:21:32.885 16992 16992 D CompassActivity: will set rotation from 178.28503 to 178.24487
08-05 13:21:32.885 16992 16992 D CompassActivity: will set rotation from 178.24487 to 178.2428
08-05 13:21:32.891 19887 19887 I Radio-JNI: register_android_hardware_Radio DONE
08-05 13:21:32.905 16992 16992 D CompassActivity: will set rotation from 178.2428 to 178.21832
08-05 13:21:32.905 16992 16992 D CompassActivity: will set rotation from 178.21832 to 178.21729
08-05 13:21:32.908 19887 19887 D AndroidRuntime: Calling main entry com.android.commands.input.Input
08-05 13:21:32.909 19887 19887 I Input   : injectKeyEvent: KeyEvent { action=ACTION_DOWN, keyCode=KEYCODE_BACK, scanCode=0, metaState=0, flags=0x0, repeatCount=0, eventTime=796909322, downTime=796909322, deviceId=-1, source=0x101 }
08-05 13:21:32.912 16992 17010 I art     : Explicit concurrent mark sweep GC freed 103(5KB) AllocSpace objects, 0(0B) LOS objects, 6% free, 236MB/252MB, paused 900us total 38.411ms
08-05 13:21:32.915 19887 19887 I Input   : injectKeyEvent: KeyEvent { action=ACTION_UP, keyCode=KEYCODE_BACK, scanCode=0, metaState=0, flags=0x0, repeatCount=0, eventTime=796909322, downTime=796909322, deviceId=-1, source=0x101 }
08-05 13:21:32.922 19887 19887 D AndroidRuntime: Shutting down VM
08-05 13:21:32.924 16992 17010 I art     : Starting a blocking GC Explicit
08-05 13:21:32.927 16992 16992 D CompassActivity: will set rotation from 178.21729 to 178.19653
08-05 13:21:32.927 16992 16992 D CompassActivity: will set rotation from 178.19653 to 178.19604
08-05 13:21:32.927   918  3714 I sensors : activate
08-05 13:21:32.928   918  6112 I sensors : activate
08-05 13:21:32.932   918  3188 I hubconnection: sensorhub said: 'activate 1 enable:0'
08-05 13:21:32.936   918   931 I ProcessStatsService: Prepared write state in 4ms
08-05 13:21:32.937   918  3188 I hubconnection: sensorhub said: 'activate 3 enable:0'
08-05 13:21:32.957 16992 16992 V MainActivity: url = https://project-travel-mate.herokuapp.com/api/number-of-unread-notifications
08-05 13:21:32.963 16992 17010 I art     : Explicit concurrent mark sweep GC freed 456(18KB) AllocSpace objects, 0(0B) LOS objects, 6% free, 236MB/252MB, paused 981us total 39.298ms
08-05 13:21:32.975 16992 17010 I art     : Starting a blocking GC Explicit
08-05 13:21:33.013 16992 17010 I art     : Explicit concurrent mark sweep GC freed 164(8KB) AllocSpace objects, 0(0B) LOS objects, 6% free, 236MB/252MB, paused 846us total 38.274ms
08-05 13:21:33.044 13866 13866 I GoogleInputMethodServic: GoogleInputMethodService.onFinishInput():3138 
08-05 13:21:33.045 13866 13866 I GoogleInputMethodServic: GoogleInputMethodService.onStartInput():1808 
08-05 13:21:33.322 16992 17010 I art     : Starting a blocking GC Explicit
08-05 13:21:33.324 16992 16992 D CompassActivity: stop compass
08-05 13:21:33.324   380   380 W SurfaceFlinger: couldn't log to binary event log: overflow.
08-05 13:21:33.361 16992 17010 I art     : Explicit concurrent mark sweep GC freed 1731(98KB) AllocSpace objects, 2(48KB) LOS objects, 6% free, 236MB/252MB, paused 888us total 39.435ms
08-05 13:21:33.374 16992 17010 I art     : Starting a blocking GC Explicit
08-05 13:21:33.413 16992 17010 I art     : Explicit concurrent mark sweep GC freed 178(8KB) AllocSpace objects, 0(0B) LOS objects, 6% free, 236MB/252MB, paused 881us total 39.337ms
08-05 13:21:33.425 16992 17010 I art     : Starting a blocking GC Explicit
08-05 13:21:33.475 16992 17010 I art     : Explicit concurrent mark sweep GC freed 1143(75KB) AllocSpace objects, 3(52MB) LOS objects, 7% free, 184MB/200MB, paused 840us total 50.030ms
08-05 13:21:33.487 16992 17010 I art     : Starting a blocking GC Explicit
08-05 13:21:33.527 16992 17010 I art     : Explicit concurrent mark sweep GC freed 3(96B) AllocSpace objects, 0(0B) LOS objects, 7% free, 184MB/200MB, paused 901us total 40.108ms
08-05 13:21:33.538 16992 17010 I art     : Starting a blocking GC Explicit
08-05 13:21:33.578 16992 17010 I art     : Explicit concurrent mark sweep GC freed 3(96B) AllocSpace objects, 0(0B) LOS objects, 7% free, 184MB/200MB, paused 913us total 39.015ms
08-05 13:21:33.668 16697 16697 I ServiceManager: Waiting for service AtCmdFwd...
08-05 13:21:33.786 16992 19910 I NAPPA_EXPERIMENTATION: MetricNetworkRequestExecutionTime: REQUEST_DURATION_SYSTEM='828',REQUEST_DURATION_OKHTTP='33',REQUEST_SYNCHRONOUS='FALSE',RESPONSE_CODE='200',RESPONSE_METHOD='GET',RESPONSE_LENGTH_OKHTTP='36',RESPONSE_LENGTH_HEADER='36',REQUEST_PROTOCOL='http/1.1',REQUEST_URL='https://project-travel-mate.herokuapp.com/api/number-of-unread-notifications',
08-05 13:21:33.923 16992 17697 I art     : Starting a blocking GC Explicit
08-05 13:21:33.971 16992 17697 I art     : Explicit concurrent mark sweep GC freed 4387(240KB) AllocSpace objects, 5(248KB) LOS objects, 7% free, 184MB/200MB, paused 876us total 47.251ms
08-05 13:21:33.983 16992 17697 I art     : Starting a blocking GC Explicit
08-05 13:21:34.023 16992 17697 I art     : Explicit concurrent mark sweep GC freed 962(117KB) AllocSpace objects, 0(0B) LOS objects, 7% free, 184MB/200MB, paused 831us total 39.679ms
08-05 13:21:34.034 16992 17697 I art     : Starting a blocking GC Explicit
08-05 13:21:34.073 16992 17697 I art     : Explicit concurrent mark sweep GC freed 40(1088B) AllocSpace objects, 0(0B) LOS objects, 7% free, 184MB/200MB, paused 818us total 39.081ms
08-05 13:21:34.085 16992 17697 I art     : Starting a blocking GC Explicit
08-05 13:21:34.124 16992 17697 I art     : Explicit concurrent mark sweep GC freed 3(96B) AllocSpace objects, 0(0B) LOS objects, 7% free, 184MB/200MB, paused 831us total 39.126ms
08-05 13:21:34.136 16992 17697 I art     : Starting a blocking GC Explicit
08-05 13:21:34.173 16992 17697 I art     : Explicit concurrent mark sweep GC freed 3(96B) AllocSpace objects, 0(0B) LOS objects, 7% free, 184MB/200MB, paused 838us total 37.169ms
08-05 13:21:34.471 19933 19933 D AndroidRuntime: >>>>>> START com.android.internal.os.RuntimeInit uid 2000 <<<<<<
08-05 13:21:34.476 19933 19933 D AndroidRuntime: CheckJNI is OFF
08-05 13:21:34.498 16992 17420 I art     : Starting a blocking GC Explicit
08-05 13:21:34.504 19933 19933 D ICU     : No timezone override file found: /data/misc/zoneinfo/current/icu/icu_tzdata.dat
08-05 13:21:34.531 19933 19933 I Radio-JNI: register_android_hardware_Radio DONE
08-05 13:21:34.538 16992 17420 I art     : Explicit concurrent mark sweep GC freed 1586(92KB) AllocSpace objects, 2(48KB) LOS objects, 7% free, 184MB/200MB, paused 981us total 39.559ms
08-05 13:21:34.548 19933 19933 D AndroidRuntime: Calling main entry com.android.commands.input.Input
08-05 13:21:34.549 16992 17420 I art     : Starting a blocking GC Explicit
08-05 13:21:34.550 19933 19933 I Input   : injectMotionEvent: MotionEvent { action=ACTION_DOWN, actionButton=0, id[0]=0, x[0]=500.0, y[0]=2000.0, toolType[0]=TOOL_TYPE_UNKNOWN, buttonState=0, metaState=0, flags=0x0, edgeFlags=0x0, pointerCount=1, historySize=0, eventTime=796910963, downTime=796910963, deviceId=0, source=0x1002 }
08-05 13:21:34.557 19933 19933 I Input   : injectMotionEvent: MotionEvent { action=ACTION_MOVE, actionButton=0, id[0]=0, x[0]=500.0, y[0]=2000.0, toolType[0]=TOOL_TYPE_UNKNOWN, buttonState=0, metaState=0, flags=0x0, edgeFlags=0x0, pointerCount=1, historySize=0, eventTime=796910963, downTime=796910963, deviceId=0, source=0x1002 }
08-05 13:21:34.576 19933 19933 I Input   : injectMotionEvent: MotionEvent { action=ACTION_MOVE, actionButton=0, id[0]=0, x[0]=500.0, y[0]=1950.6, toolType[0]=TOOL_TYPE_UNKNOWN, buttonState=0, metaState=0, flags=0x0, edgeFlags=0x0, pointerCount=1, historySize=0, eventTime=796910989, downTime=796910989, deviceId=0, source=0x1002 }
08-05 13:21:34.591 16992 17420 I art     : Explicit concurrent mark sweep GC freed 29(1056B) AllocSpace objects, 0(0B) LOS objects, 7% free, 184MB/200MB, paused 986us total 41.831ms
08-05 13:21:34.605 16992 17420 I art     : Starting a blocking GC Explicit
08-05 13:21:34.628 19933 19933 I Input   : injectMotionEvent: MotionEvent { action=ACTION_MOVE, actionButton=0, id[0]=0, x[0]=500.0, y[0]=1849.9, toolType[0]=TOOL_TYPE_UNKNOWN, buttonState=0, metaState=0, flags=0x0, edgeFlags=0x0, pointerCount=1, historySize=0, eventTime=796911042, downTime=796911042, deviceId=0, source=0x1002 }
08-05 13:21:34.643 16992 17420 I art     : Explicit concurrent mark sweep GC freed 10(320B) AllocSpace objects, 0(0B) LOS objects, 7% free, 184MB/200MB, paused 749us total 37.581ms
08-05 13:21:34.649 19933 19933 I Input   : injectMotionEvent: MotionEvent { action=ACTION_MOVE, actionButton=0, id[0]=0, x[0]=500.0, y[0]=1810.0, toolType[0]=TOOL_TYPE_UNKNOWN, buttonState=0, metaState=0, flags=0x0, edgeFlags=0x0, pointerCount=1, historySize=0, eventTime=796911063, downTime=796911063, deviceId=0, source=0x1002 }
08-05 13:21:34.654 16992 17420 I art     : Starting a blocking GC Explicit
08-05 13:21:34.659 19933 19933 I Input   : injectMotionEvent: MotionEvent { action=ACTION_MOVE, actionButton=0, id[0]=0, x[0]=500.0, y[0]=1791.0, toolType[0]=TOOL_TYPE_UNKNOWN, buttonState=0, metaState=0, flags=0x0, edgeFlags=0x0, pointerCount=1, historySize=0, eventTime=796911073, downTime=796911073, deviceId=0, source=0x1002 }
08-05 13:21:34.669 16697 16697 I ServiceManager: Waiting for service AtCmdFwd...
08-05 13:21:34.676 19933 19933 I Input   : injectMotionEvent: MotionEvent { action=ACTION_MOVE, actionButton=0, id[0]=0, x[0]=500.0, y[0]=1760.6, toolType[0]=TOOL_TYPE_UNKNOWN, buttonState=0, metaState=0, flags=0x0, edgeFlags=0x0, pointerCount=1, historySize=0, eventTime=796911089, downTime=796911089, deviceId=0, source=0x1002 }
08-05 13:21:34.689 16992 17420 I art     : Explicit concurrent mark sweep GC freed 65(2208B) AllocSpace objects, 0(0B) LOS objects, 7% free, 184MB/200MB, paused 802us total 34.519ms
08-05 13:21:34.693 19933 19933 I Input   : injectMotionEvent: MotionEvent { action=ACTION_MOVE, actionButton=0, id[0]=0, x[0]=500.0, y[0]=1728.3, toolType[0]=TOOL_TYPE_UNKNOWN, buttonState=0, metaState=0, flags=0x0, edgeFlags=0x0, pointerCount=1, historySize=0, eventTime=796911106, downTime=796911106, deviceId=0, source=0x1002 }
08-05 13:21:34.701 16992 17420 I art     : Starting a blocking GC Explicit
08-05 13:21:34.710 19933 19933 I Input   : injectMotionEvent: MotionEvent { action=ACTION_MOVE, actionButton=0, id[0]=0, x[0]=500.0, y[0]=1696.0, toolType[0]=TOOL_TYPE_UNKNOWN, buttonState=0, metaState=0, flags=0x0, edgeFlags=0x0, pointerCount=1, historySize=0, eventTime=796911123, downTime=796911123, deviceId=0, source=0x1002 }
08-05 13:21:34.726 19933 19933 I Input   : injectMotionEvent: MotionEvent { action=ACTION_MOVE, actionButton=0, id[0]=0, x[0]=500.0, y[0]=1665.6, toolType[0]=TOOL_TYPE_UNKNOWN, buttonState=0, metaState=0, flags=0x0, edgeFlags=0x0, pointerCount=1, historySize=0, eventTime=796911139, downTime=796911139, deviceId=0, source=0x1002 }
08-05 13:21:34.736 16992 17420 I art     : Explicit concurrent mark sweep GC freed 29(1184B) AllocSpace objects, 0(0B) LOS objects, 7% free, 184MB/200MB, paused 707us total 35.422ms
08-05 13:21:34.743 19933 19933 I Input   : injectMotionEvent: MotionEvent { action=ACTION_MOVE, actionButton=0, id[0]=0, x[0]=500.0, y[0]=1633.3, toolType[0]=TOOL_TYPE_UNKNOWN, buttonState=0, metaState=0, flags=0x0, edgeFlags=0x0, pointerCount=1, historySize=0, eventTime=796911156, downTime=796911156, deviceId=0, source=0x1002 }
08-05 13:21:34.760 19933 19933 I Input   : injectMotionEvent: MotionEvent { action=ACTION_MOVE, actionButton=0, id[0]=0, x[0]=500.0, y[0]=1601.0, toolType[0]=TOOL_TYPE_UNKNOWN, buttonState=0, metaState=0, flags=0x0, edgeFlags=0x0, pointerCount=1, historySize=0, eventTime=796911173, downTime=796911173, deviceId=0, source=0x1002 }
08-05 13:21:34.777 19933 19933 I Input   : injectMotionEvent: MotionEvent { action=ACTION_MOVE, actionButton=0, id[0]=0, x[0]=500.0, y[0]=1568.7, toolType[0]=TOOL_TYPE_UNKNOWN, buttonState=0, metaState=0, flags=0x0, edgeFlags=0x0, pointerCount=1, historySize=0, eventTime=796911190, downTime=796911190, deviceId=0, source=0x1002 }
08-05 13:21:34.793 19933 19933 I Input   : injectMotionEvent: MotionEvent { action=ACTION_MOVE, actionButton=0, id[0]=0, x[0]=500.0, y[0]=1538.3, toolType[0]=TOOL_TYPE_UNKNOWN, buttonState=0, metaState=0, flags=0x0, edgeFlags=0x0, pointerCount=1, historySize=0, eventTime=796911206, downTime=796911206, deviceId=0, source=0x1002 }
08-05 13:21:34.810 19933 19933 I Input   : injectMotionEvent: MotionEvent { action=ACTION_MOVE, actionButton=0, id[0]=0, x[0]=500.0, y[0]=1506.0, toolType[0]=TOOL_TYPE_UNKNOWN, buttonState=0, metaState=0, flags=0x0, edgeFlags=0x0, pointerCount=1, historySize=0, eventTime=796911223, downTime=796911223, deviceId=0, source=0x1002 }
08-05 13:21:34.827 19933 19933 I Input   : injectMotionEvent: MotionEvent { action=ACTION_MOVE, actionButton=0, id[0]=0, x[0]=500.0, y[0]=1473.7, toolType[0]=TOOL_TYPE_UNKNOWN, buttonState=0, metaState=0, flags=0x0, edgeFlags=0x0, pointerCount=1, historySize=0, eventTime=796911240, downTime=796911240, deviceId=0, source=0x1002 }
08-05 13:21:34.843 19933 19933 I Input   : injectMotionEvent: MotionEvent { action=ACTION_MOVE, actionButton=0, id[0]=0, x[0]=500.0, y[0]=1443.3, toolType[0]=TOOL_TYPE_UNKNOWN, buttonState=0, metaState=0, flags=0x0, edgeFlags=0x0, pointerCount=1, historySize=0, eventTime=796911256, downTime=796911256, deviceId=0, source=0x1002 }
08-05 13:21:34.860 19933 19933 I Input   : injectMotionEvent: MotionEvent { action=ACTION_MOVE, actionButton=0, id[0]=0, x[0]=500.0, y[0]=1411.0, toolType[0]=TOOL_TYPE_UNKNOWN, buttonState=0, metaState=0, flags=0x0, edgeFlags=0x0, pointerCount=1, historySize=0, eventTime=796911273, downTime=796911273, deviceId=0, source=0x1002 }
08-05 13:21:34.876 19933 19933 I Input   : injectMotionEvent: MotionEvent { action=ACTION_MOVE, actionButton=0, id[0]=0, x[0]=500.0, y[0]=1378.7, toolType[0]=TOOL_TYPE_UNKNOWN, buttonState=0, metaState=0, flags=0x0, edgeFlags=0x0, pointerCount=1, historySize=0, eventTime=796911290, downTime=796911290, deviceId=0, source=0x1002 }
08-05 13:21:34.893 19933 19933 I Input   : injectMotionEvent: MotionEvent { action=ACTION_MOVE, actionButton=0, id[0]=0, x[0]=500.0, y[0]=1348.3, toolType[0]=TOOL_TYPE_UNKNOWN, buttonState=0, metaState=0, flags=0x0, edgeFlags=0x0, pointerCount=1, historySize=0, eventTime=796911306, downTime=796911306, deviceId=0, source=0x1002 }
08-05 13:21:34.913 19933 19933 I Input   : injectMotionEvent: MotionEvent { action=ACTION_MOVE, actionButton=0, id[0]=0, x[0]=500.0, y[0]=1310.3, toolType[0]=TOOL_TYPE_UNKNOWN, buttonState=0, metaState=0, flags=0x0, edgeFlags=0x0, pointerCount=1, historySize=0, eventTime=796911326, downTime=796911326, deviceId=0, source=0x1002 }
08-05 13:21:34.931 19933 19933 I Input   : injectMotionEvent: MotionEvent { action=ACTION_MOVE, actionButton=0, id[0]=0, x[0]=500.0, y[0]=1276.1, toolType[0]=TOOL_TYPE_UNKNOWN, buttonState=0, metaState=0, flags=0x0, edgeFlags=0x0, pointerCount=1, historySize=0, eventTime=796911344, downTime=796911344, deviceId=0, source=0x1002 }
08-05 13:21:34.944 19933 19933 I Input   : injectMotionEvent: MotionEvent { action=ACTION_MOVE, actionButton=0, id[0]=0, x[0]=500.0, y[0]=1249.5, toolType[0]=TOOL_TYPE_UNKNOWN, buttonState=0, metaState=0, flags=0x0, edgeFlags=0x0, pointerCount=1, historySize=0, eventTime=796911358, downTime=796911358, deviceId=0, source=0x1002 }
08-05 13:21:34.963 19933 19933 I Input   : injectMotionEvent: MotionEvent { action=ACTION_MOVE, actionButton=0, id[0]=0, x[0]=500.0, y[0]=1215.3, toolType[0]=TOOL_TYPE_UNKNOWN, buttonState=0, metaState=0, flags=0x0, edgeFlags=0x0, pointerCount=1, historySize=0, eventTime=796911376, downTime=796911376, deviceId=0, source=0x1002 }
08-05 13:21:34.978 19933 19933 I Input   : injectMotionEvent: MotionEvent { action=ACTION_MOVE, actionButton=0, id[0]=0, x[0]=500.0, y[0]=1186.8, toolType[0]=TOOL_TYPE_UNKNOWN, buttonState=0, metaState=0, flags=0x0, edgeFlags=0x0, pointerCount=1, historySize=0, eventTime=796911391, downTime=796911391, deviceId=0, source=0x1002 }
08-05 13:21:35.029 19933 19933 I Input   : injectMotionEvent: MotionEvent { action=ACTION_MOVE, actionButton=0, id[0]=0, x[0]=500.0, y[0]=1089.9, toolType[0]=TOOL_TYPE_UNKNOWN, buttonState=0, metaState=0, flags=0x0, edgeFlags=0x0, pointerCount=1, historySize=0, eventTime=796911442, downTime=796911442, deviceId=0, source=0x1002 }
08-05 13:21:35.071 19933 19933 I Input   : injectMotionEvent: MotionEvent { action=ACTION_MOVE, actionButton=0, id[0]=0, x[0]=500.0, y[0]=1010.1, toolType[0]=TOOL_TYPE_UNKNOWN, buttonState=0, metaState=0, flags=0x0, edgeFlags=0x0, pointerCount=1, historySize=0, eventTime=796911484, downTime=796911484, deviceId=0, source=0x1002 }
08-05 13:21:35.091 16992 17697 I art     : Starting a blocking GC Explicit
08-05 13:21:35.111 19933 19933 I Input   : injectMotionEvent: MotionEvent { action=ACTION_MOVE, actionButton=0, id[0]=0, x[0]=500.0, y[0]=932.2001, toolType[0]=TOOL_TYPE_UNKNOWN, buttonState=0, metaState=0, flags=0x0, edgeFlags=0x0, pointerCount=1, historySize=0, eventTime=796911525, downTime=796911525, deviceId=0, source=0x1002 }
08-05 13:21:35.136 16992 17697 I art     : Explicit concurrent mark sweep GC freed 1655(94KB) AllocSpace objects, 2(48KB) LOS objects, 7% free, 184MB/200MB, paused 1.067ms total 44.530ms
08-05 13:21:35.151 19933 19933 I Input   : injectMotionEvent: MotionEvent { action=ACTION_MOVE, actionButton=0, id[0]=0, x[0]=500.0, y[0]=858.1, toolType[0]=TOOL_TYPE_UNKNOWN, buttonState=0, metaState=0, flags=0x0, edgeFlags=0x0, pointerCount=1, historySize=0, eventTime=796911564, downTime=796911564, deviceId=0, source=0x1002 }
08-05 13:21:35.152 16992 17697 I art     : Starting a blocking GC Explicit
08-05 13:21:35.190 16992 17697 I art     : Explicit concurrent mark sweep GC freed 38(1568B) AllocSpace objects, 0(0B) LOS objects, 7% free, 184MB/200MB, paused 1.115ms total 37.891ms
08-05 13:21:35.191 19933 19933 I Input   : injectMotionEvent: MotionEvent { action=ACTION_MOVE, actionButton=0, id[0]=0, x[0]=500.0, y[0]=780.19995, toolType[0]=TOOL_TYPE_UNKNOWN, buttonState=0, metaState=0, flags=0x0, edgeFlags=0x0, pointerCount=1, historySize=0, eventTime=796911605, downTime=796911605, deviceId=0, source=0x1002 }
08-05 13:21:35.201 16992 17697 I art     : Starting a blocking GC Explicit
08-05 13:21:35.232 19933 19933 I Input   : injectMotionEvent: MotionEvent { action=ACTION_MOVE, actionButton=0, id[0]=0, x[0]=500.0, y[0]=702.2999, toolType[0]=TOOL_TYPE_UNKNOWN, buttonState=0, metaState=0, flags=0x0, edgeFlags=0x0, pointerCount=1, historySize=0, eventTime=796911646, downTime=796911646, deviceId=0, source=0x1002 }
08-05 13:21:35.238 16992 17697 I art     : Explicit concurrent mark sweep GC freed 3(96B) AllocSpace objects, 0(0B) LOS objects, 7% free, 184MB/200MB, paused 810us total 36.357ms
08-05 13:21:35.249 16992 17697 I art     : Starting a blocking GC Explicit
08-05 13:21:35.274 19933 19933 I Input   : injectMotionEvent: MotionEvent { action=ACTION_MOVE, actionButton=0, id[0]=0, x[0]=500.0, y[0]=624.4, toolType[0]=TOOL_TYPE_UNKNOWN, buttonState=0, metaState=0, flags=0x0, edgeFlags=0x0, pointerCount=1, historySize=0, eventTime=796911687, downTime=796911687, deviceId=0, source=0x1002 }
08-05 13:21:35.287 16992 17697 I art     : Explicit concurrent mark sweep GC freed 3(96B) AllocSpace objects, 0(0B) LOS objects, 7% free, 184MB/200MB, paused 873us total 38.082ms
08-05 13:21:35.299 16992 17697 I art     : Starting a blocking GC Explicit
08-05 13:21:35.316 19933 19933 I Input   : injectMotionEvent: MotionEvent { action=ACTION_MOVE, actionButton=0, id[0]=0, x[0]=500.0, y[0]=544.6001, toolType[0]=TOOL_TYPE_UNKNOWN, buttonState=0, metaState=0, flags=0x0, edgeFlags=0x0, pointerCount=1, historySize=0, eventTime=796911729, downTime=796911729, deviceId=0, source=0x1002 }
08-05 13:21:35.339 16992 17697 I art     : Explicit concurrent mark sweep GC freed 3(96B) AllocSpace objects, 0(0B) LOS objects, 7% free, 184MB/200MB, paused 871us total 39.624ms
08-05 13:21:35.357 19933 19933 I Input   : injectMotionEvent: MotionEvent { action=ACTION_MOVE, actionButton=0, id[0]=0, x[0]=500.0, y[0]=466.70007, toolType[0]=TOOL_TYPE_UNKNOWN, buttonState=0, metaState=0, flags=0x0, edgeFlags=0x0, pointerCount=1, historySize=0, eventTime=796911770, downTime=796911770, deviceId=0, source=0x1002 }
08-05 13:21:35.396 19933 19933 I Input   : injectMotionEvent: MotionEvent { action=ACTION_MOVE, actionButton=0, id[0]=0, x[0]=500.0, y[0]=392.59998, toolType[0]=TOOL_TYPE_UNKNOWN, buttonState=0, metaState=0, flags=0x0, edgeFlags=0x0, pointerCount=1, historySize=0, eventTime=796911809, downTime=796911809, deviceId=0, source=0x1002 }
08-05 13:21:35.422 19933 19933 I Input   : injectMotionEvent: MotionEvent { action=ACTION_MOVE, actionButton=0, id[0]=0, x[0]=500.0, y[0]=343.20007, toolType[0]=TOOL_TYPE_UNKNOWN, buttonState=0, metaState=0, flags=0x0, edgeFlags=0x0, pointerCount=1, historySize=0, eventTime=796911835, downTime=796911835, deviceId=0, source=0x1002 }
08-05 13:21:35.452 19933 19933 I Input   : injectMotionEvent: MotionEvent { action=ACTION_MOVE, actionButton=0, id[0]=0, x[0]=500.0, y[0]=284.30005, toolType[0]=TOOL_TYPE_UNKNOWN, buttonState=0, metaState=0, flags=0x0, edgeFlags=0x0, pointerCount=1, historySize=0, eventTime=796911866, downTime=796911866, deviceId=0, source=0x1002 }
08-05 13:21:35.486 19933 19933 I Input   : injectMotionEvent: MotionEvent { action=ACTION_MOVE, actionButton=0, id[0]=0, x[0]=500.0, y[0]=221.59998, toolType[0]=TOOL_TYPE_UNKNOWN, buttonState=0, metaState=0, flags=0x0, edgeFlags=0x0, pointerCount=1, historySize=0, eventTime=796911899, downTime=796911899, deviceId=0, source=0x1002 }
08-05 13:21:35.518 19933 19933 I Input   : injectMotionEvent: MotionEvent { action=ACTION_MOVE, actionButton=0, id[0]=0, x[0]=500.0, y[0]=160.80005, toolType[0]=TOOL_TYPE_UNKNOWN, buttonState=0, metaState=0, flags=0x0, edgeFlags=0x0, pointerCount=1, historySize=0, eventTime=796911931, downTime=796911931, deviceId=0, source=0x1002 }
08-05 13:21:35.549 19933 19933 I Input   : injectMotionEvent: MotionEvent { action=ACTION_MOVE, actionButton=0, id[0]=0, x[0]=500.0, y[0]=101.900024, toolType[0]=TOOL_TYPE_UNKNOWN, buttonState=0, metaState=0, flags=0x0, edgeFlags=0x0, pointerCount=1, historySize=0, eventTime=796911962, downTime=796911962, deviceId=0, source=0x1002 }
08-05 13:21:35.580 19933 19933 I Input   : injectMotionEvent: MotionEvent { action=ACTION_UP, actionButton=0, id[0]=0, x[0]=500.0, y[0]=100.0, toolType[0]=TOOL_TYPE_UNKNOWN, buttonState=0, metaState=0, flags=0x0, edgeFlags=0x0, pointerCount=1, historySize=0, eventTime=796911994, downTime=796911994, deviceId=0, source=0x1002 }
08-05 13:21:35.607 19933 19933 D AndroidRuntime: Shutting down VM
08-05 13:21:35.666 16992 17010 I art     : Starting a blocking GC Explicit
08-05 13:21:35.669 16697 16697 I ServiceManager: Waiting for service AtCmdFwd...
08-05 13:21:35.704 16992 17010 I art     : Explicit concurrent mark sweep GC freed 1625(93KB) AllocSpace objects, 2(48KB) LOS objects, 7% free, 184MB/200MB, paused 932us total 37.081ms
08-05 13:21:35.716 16992 17010 I art     : Starting a blocking GC Explicit
08-05 13:21:35.755 16992 17010 I art     : Explicit concurrent mark sweep GC freed 39(1600B) AllocSpace objects, 0(0B) LOS objects, 7% free, 184MB/200MB, paused 836us total 38.209ms
08-05 13:21:35.767 16992 17010 I art     : Starting a blocking GC Explicit
08-05 13:21:35.808 16992 17010 I art     : Explicit concurrent mark sweep GC freed 3(96B) AllocSpace objects, 0(0B) LOS objects, 7% free, 184MB/200MB, paused 1.042ms total 41.434ms
08-05 13:21:35.821 16992 17010 I art     : Starting a blocking GC Explicit
08-05 13:21:35.856 16992 17010 I art     : Explicit concurrent mark sweep GC freed 3(96B) AllocSpace objects, 0(0B) LOS objects, 7% free, 184MB/200MB, paused 795us total 35.330ms
08-05 13:21:35.867 16992 17010 I art     : Starting a blocking GC Explicit
08-05 13:21:35.904 16992 17010 I art     : Explicit concurrent mark sweep GC freed 3(96B) AllocSpace objects, 0(0B) LOS objects, 7% free, 184MB/200MB, paused 791us total 36.696ms
08-05 13:21:36.164 19981 19981 D AndroidRuntime: >>>>>> START com.android.internal.os.RuntimeInit uid 2000 <<<<<<
08-05 13:21:36.170 19981 19981 D AndroidRuntime: CheckJNI is OFF
08-05 13:21:36.202 19981 19981 D ICU     : No timezone override file found: /data/misc/zoneinfo/current/icu/icu_tzdata.dat
08-05 13:21:36.230 19981 19981 I Radio-JNI: register_android_hardware_Radio DONE
08-05 13:21:36.243 16992 17697 I art     : Starting a blocking GC Explicit
08-05 13:21:36.246 19981 19981 D AndroidRuntime: Calling main entry com.android.commands.input.Input
08-05 13:21:36.247 19981 19981 I Input   : injectMotionEvent: MotionEvent { action=ACTION_DOWN, actionButton=0, id[0]=0, x[0]=500.0, y[0]=2000.0, toolType[0]=TOOL_TYPE_UNKNOWN, buttonState=0, metaState=0, flags=0x0, edgeFlags=0x0, pointerCount=1, historySize=0, eventTime=796912660, downTime=796912660, deviceId=0, source=0x1002 }
08-05 13:21:36.266 19981 19981 I Input   : injectMotionEvent: MotionEvent { action=ACTION_MOVE, actionButton=0, id[0]=0, x[0]=500.0, y[0]=2000.0, toolType[0]=TOOL_TYPE_UNKNOWN, buttonState=0, metaState=0, flags=0x0, edgeFlags=0x0, pointerCount=1, historySize=0, eventTime=796912660, downTime=796912660, deviceId=0, source=0x1002 }
08-05 13:21:36.279 16992 17697 I art     : Explicit concurrent mark sweep GC freed 1639(93KB) AllocSpace objects, 2(48KB) LOS objects, 7% free, 184MB/200MB, paused 805us total 36.252ms
08-05 13:21:36.294 16992 17697 I art     : Starting a blocking GC Explicit
08-05 13:21:36.296 19981 19981 I Input   : injectMotionEvent: MotionEvent { action=ACTION_MOVE, actionButton=0, id[0]=0, x[0]=500.0, y[0]=1905.0, toolType[0]=TOOL_TYPE_UNKNOWN, buttonState=0, metaState=0, flags=0x0, edgeFlags=0x0, pointerCount=1, historySize=0, eventTime=796912710, downTime=796912710, deviceId=0, source=0x1002 }
08-05 13:21:36.312 19981 19981 I Input   : injectMotionEvent: MotionEvent { action=ACTION_MOVE, actionButton=0, id[0]=0, x[0]=500.0, y[0]=1876.5, toolType[0]=TOOL_TYPE_UNKNOWN, buttonState=0, metaState=0, flags=0x0, edgeFlags=0x0, pointerCount=1, historySize=0, eventTime=796912725, downTime=796912725, deviceId=0, source=0x1002 }
08-05 13:21:36.327 16992 17697 I art     : Explicit concurrent mark sweep GC freed 32(1152B) AllocSpace objects, 0(0B) LOS objects, 7% free, 184MB/200MB, paused 792us total 32.331ms
08-05 13:21:36.332 19981 19981 I Input   : injectMotionEvent: MotionEvent { action=ACTION_MOVE, actionButton=0, id[0]=0, x[0]=500.0, y[0]=1838.5, toolType[0]=TOOL_TYPE_UNKNOWN, buttonState=0, metaState=0, flags=0x0, edgeFlags=0x0, pointerCount=1, historySize=0, eventTime=796912745, downTime=796912745, deviceId=0, source=0x1002 }
08-05 13:21:36.337 16992 17697 I art     : Starting a blocking GC Explicit
08-05 13:21:36.358 19981 19981 I Input   : injectMotionEvent: MotionEvent { action=ACTION_MOVE, actionButton=0, id[0]=0, x[0]=500.0, y[0]=1789.1, toolType[0]=TOOL_TYPE_UNKNOWN, buttonState=0, metaState=0, flags=0x0, edgeFlags=0x0, pointerCount=1, historySize=0, eventTime=796912771, downTime=796912771, deviceId=0, source=0x1002 }
08-05 13:21:36.374 16992 17697 I art     : Explicit concurrent mark sweep GC freed 15(480B) AllocSpace objects, 0(0B) LOS objects, 7% free, 184MB/200MB, paused 782us total 36.825ms
08-05 13:21:36.388 19981 19981 I Input   : injectMotionEvent: MotionEvent { action=ACTION_MOVE, actionButton=0, id[0]=0, x[0]=500.0, y[0]=1732.1, toolType[0]=TOOL_TYPE_UNKNOWN, buttonState=0, metaState=0, flags=0x0, edgeFlags=0x0, pointerCount=1, historySize=0, eventTime=796912801, downTime=796912801, deviceId=0, source=0x1002 }
08-05 13:21:36.390 16992 17697 I art     : Starting a blocking GC Explicit
08-05 13:21:36.417 19981 19981 I Input   : injectMotionEvent: MotionEvent { action=ACTION_MOVE, actionButton=0, id[0]=0, x[0]=500.0, y[0]=1675.1, toolType[0]=TOOL_TYPE_UNKNOWN, buttonState=0, metaState=0, flags=0x0, edgeFlags=0x0, pointerCount=1, historySize=0, eventTime=796912831, downTime=796912831, deviceId=0, source=0x1002 }
08-05 13:21:36.426 16992 17697 I art     : Explicit concurrent mark sweep GC freed 13(416B) AllocSpace objects, 0(0B) LOS objects, 7% free, 184MB/200MB, paused 791us total 35.974ms
08-05 13:21:36.438 16992 17697 I art     : Starting a blocking GC Explicit
08-05 13:21:36.452 19981 19981 I Input   : injectMotionEvent: MotionEvent { action=ACTION_MOVE, actionButton=0, id[0]=0, x[0]=500.0, y[0]=1610.5, toolType[0]=TOOL_TYPE_UNKNOWN, buttonState=0, metaState=0, flags=0x0, edgeFlags=0x0, pointerCount=1, historySize=0, eventTime=796912865, downTime=796912865, deviceId=0, source=0x1002 }
08-05 13:21:36.479 16992 17697 I art     : Explicit concurrent mark sweep GC freed 8(256B) AllocSpace objects, 0(0B) LOS objects, 7% free, 184MB/200MB, paused 956us total 41.436ms
08-05 13:21:36.482 19981 19981 I Input   : injectMotionEvent: MotionEvent { action=ACTION_MOVE, actionButton=0, id[0]=0, x[0]=500.0, y[0]=1551.6, toolType[0]=TOOL_TYPE_UNKNOWN, buttonState=0, metaState=0, flags=0x0, edgeFlags=0x0, pointerCount=1, historySize=0, eventTime=796912896, downTime=796912896, deviceId=0, source=0x1002 }
08-05 13:21:36.513 19981 19981 I Input   : injectMotionEvent: MotionEvent { action=ACTION_MOVE, actionButton=0, id[0]=0, x[0]=500.0, y[0]=1494.6, toolType[0]=TOOL_TYPE_UNKNOWN, buttonState=0, metaState=0, flags=0x0, edgeFlags=0x0, pointerCount=1, historySize=0, eventTime=796912926, downTime=796912926, deviceId=0, source=0x1002 }
08-05 13:21:36.543 19981 19981 I Input   : injectMotionEvent: MotionEvent { action=ACTION_MOVE, actionButton=0, id[0]=0, x[0]=500.0, y[0]=1437.6, toolType[0]=TOOL_TYPE_UNKNOWN, buttonState=0, metaState=0, flags=0x0, edgeFlags=0x0, pointerCount=1, historySize=0, eventTime=796912956, downTime=796912956, deviceId=0, source=0x1002 }
08-05 13:21:36.569 19981 19981 I Input   : injectMotionEvent: MotionEvent { action=ACTION_MOVE, actionButton=0, id[0]=0, x[0]=500.0, y[0]=1386.3, toolType[0]=TOOL_TYPE_UNKNOWN, buttonState=0, metaState=0, flags=0x0, edgeFlags=0x0, pointerCount=1, historySize=0, eventTime=796912983, downTime=796912983, deviceId=0, source=0x1002 }
08-05 13:21:36.604 19981 19981 I Input   : injectMotionEvent: MotionEvent { action=ACTION_MOVE, actionButton=0, id[0]=0, x[0]=500.0, y[0]=1321.7, toolType[0]=TOOL_TYPE_UNKNOWN, buttonState=0, metaState=0, flags=0x0, edgeFlags=0x0, pointerCount=1, historySize=0, eventTime=796913017, downTime=796913017, deviceId=0, source=0x1002 }
08-05 13:21:36.641 19981 19981 I Input   : injectMotionEvent: MotionEvent { action=ACTION_MOVE, actionButton=0, id[0]=0, x[0]=500.0, y[0]=1249.5, toolType[0]=TOOL_TYPE_UNKNOWN, buttonState=0, metaState=0, flags=0x0, edgeFlags=0x0, pointerCount=1, historySize=0, eventTime=796913055, downTime=796913055, deviceId=0, source=0x1002 }
08-05 13:21:36.669 16697 16697 W Atfwd_Sendcmd: AtCmdFwd service not published, waiting... retryCnt : 2
08-05 13:21:36.677 19981 19981 I Input   : injectMotionEvent: MotionEvent { action=ACTION_MOVE, actionButton=0, id[0]=0, x[0]=500.0, y[0]=1183.0, toolType[0]=TOOL_TYPE_UNKNOWN, buttonState=0, metaState=0, flags=0x0, edgeFlags=0x0, pointerCount=1, historySize=0, eventTime=796913090, downTime=796913090, deviceId=0, source=0x1002 }
08-05 13:21:36.715 19981 19981 I Input   : injectMotionEvent: MotionEvent { action=ACTION_MOVE, actionButton=0, id[0]=0, x[0]=500.0, y[0]=1110.8, toolType[0]=TOOL_TYPE_UNKNOWN, buttonState=0, metaState=0, flags=0x0, edgeFlags=0x0, pointerCount=1, historySize=0, eventTime=796913128, downTime=796913128, deviceId=0, source=0x1002 }
08-05 13:21:36.744 19981 19981 I Input   : injectMotionEvent: MotionEvent { action=ACTION_MOVE, actionButton=0, id[0]=0, x[0]=500.0, y[0]=1055.7, toolType[0]=TOOL_TYPE_UNKNOWN, buttonState=0, metaState=0, flags=0x0, edgeFlags=0x0, pointerCount=1, historySize=0, eventTime=796913157, downTime=796913157, deviceId=0, source=0x1002 }
08-05 13:21:36.774 19981 19981 I Input   : injectMotionEvent: MotionEvent { action=ACTION_MOVE, actionButton=0, id[0]=0, x[0]=500.0, y[0]=998.69995, toolType[0]=TOOL_TYPE_UNKNOWN, buttonState=0, metaState=0, flags=0x0, edgeFlags=0x0, pointerCount=1, historySize=0, eventTime=796913187, downTime=796913187, deviceId=0, source=0x1002 }
08-05 13:21:36.800 19981 19981 I Input   : injectMotionEvent: MotionEvent { action=ACTION_MOVE, actionButton=0, id[0]=0, x[0]=500.0, y[0]=949.30005, toolType[0]=TOOL_TYPE_UNKNOWN, buttonState=0, metaState=0, flags=0x0, edgeFlags=0x0, pointerCount=1, historySize=0, eventTime=796913213, downTime=796913213, deviceId=0, source=0x1002 }
08-05 13:21:36.818 16992 17010 I art     : Starting a blocking GC Explicit
08-05 13:21:36.828 19981 19981 I Input   : injectMotionEvent: MotionEvent { action=ACTION_MOVE, actionButton=0, id[0]=0, x[0]=500.0, y[0]=894.19995, toolType[0]=TOOL_TYPE_UNKNOWN, buttonState=0, metaState=0, flags=0x0, edgeFlags=0x0, pointerCount=1, historySize=0, eventTime=796913242, downTime=796913242, deviceId=0, source=0x1002 }
08-05 13:21:36.854 19981 19981 I Input   : injectMotionEvent: MotionEvent { action=ACTION_MOVE, actionButton=0, id[0]=0, x[0]=500.0, y[0]=844.80005, toolType[0]=TOOL_TYPE_UNKNOWN, buttonState=0, metaState=0, flags=0x0, edgeFlags=0x0, pointerCount=1, historySize=0, eventTime=796913268, downTime=796913268, deviceId=0, source=0x1002 }
08-05 13:21:36.858 16992 17010 I art     : Explicit concurrent mark sweep GC freed 1615(93KB) AllocSpace objects, 2(48KB) LOS objects, 7% free, 184MB/200MB, paused 1.100ms total 39.576ms
08-05 13:21:36.870 16992 17010 I art     : Starting a blocking GC Explicit
08-05 13:21:36.880 19981 19981 I Input   : injectMotionEvent: MotionEvent { action=ACTION_MOVE, actionButton=0, id[0]=0, x[0]=500.0, y[0]=797.2999, toolType[0]=TOOL_TYPE_UNKNOWN, buttonState=0, metaState=0, flags=0x0, edgeFlags=0x0, pointerCount=1, historySize=0, eventTime=796913293, downTime=796913293, deviceId=0, source=0x1002 }
08-05 13:21:36.905 19981 19981 I Input   : injectMotionEvent: MotionEvent { action=ACTION_MOVE, actionButton=0, id[0]=0, x[0]=500.0, y[0]=749.80005, toolType[0]=TOOL_TYPE_UNKNOWN, buttonState=0, metaState=0, flags=0x0, edgeFlags=0x0, pointerCount=1, historySize=0, eventTime=796913318, downTime=796913318, deviceId=0, source=0x1002 }
08-05 13:21:36.909 16992 17010 I art     : Explicit concurrent mark sweep GC freed 36(1280B) AllocSpace objects, 0(0B) LOS objects, 7% free, 184MB/200MB, paused 924us total 38.968ms
08-05 13:21:36.921 16992 17010 I art     : Starting a blocking GC Explicit
08-05 13:21:36.932 19981 19981 I Input   : injectMotionEvent: MotionEvent { action=ACTION_MOVE, actionButton=0, id[0]=0, x[0]=500.0, y[0]=698.5, toolType[0]=TOOL_TYPE_UNKNOWN, buttonState=0, metaState=0, flags=0x0, edgeFlags=0x0, pointerCount=1, historySize=0, eventTime=796913345, downTime=796913345, deviceId=0, source=0x1002 }
08-05 13:21:36.959 16992 17010 I art     : Explicit concurrent mark sweep GC freed 18(768B) AllocSpace objects, 0(0B) LOS objects, 7% free, 184MB/200MB, paused 1.020ms total 38.293ms
08-05 13:21:36.960 19981 19981 I Input   : injectMotionEvent: MotionEvent { action=ACTION_MOVE, actionButton=0, id[0]=0, x[0]=500.0, y[0]=645.30005, toolType[0]=TOOL_TYPE_UNKNOWN, buttonState=0, metaState=0, flags=0x0, edgeFlags=0x0, pointerCount=1, historySize=0, eventTime=796913373, downTime=796913373, deviceId=0, source=0x1002 }
08-05 13:21:36.971 16992 17010 I art     : Starting a blocking GC Explicit
08-05 13:21:36.987 19981 19981 I Input   : injectMotionEvent: MotionEvent { action=ACTION_MOVE, actionButton=0, id[0]=0, x[0]=500.0, y[0]=594.0, toolType[0]=TOOL_TYPE_UNKNOWN, buttonState=0, metaState=0, flags=0x0, edgeFlags=0x0, pointerCount=1, historySize=0, eventTime=796913400, downTime=796913400, deviceId=0, source=0x1002 }
08-05 13:21:37.009 16992 17010 I art     : Explicit concurrent mark sweep GC freed 25(784B) AllocSpace objects, 0(0B) LOS objects, 7% free, 184MB/200MB, paused 1.134ms total 37.721ms
08-05 13:21:37.015 19981 19981 I Input   : injectMotionEvent: MotionEvent { action=ACTION_MOVE, actionButton=0, id[0]=0, x[0]=500.0, y[0]=538.9, toolType[0]=TOOL_TYPE_UNKNOWN, buttonState=0, metaState=0, flags=0x0, edgeFlags=0x0, pointerCount=1, historySize=0, eventTime=796913429, downTime=796913429, deviceId=0, source=0x1002 }
08-05 13:21:37.021 16992 17010 I art     : Starting a blocking GC Explicit
08-05 13:21:37.041 19981 19981 I Input   : injectMotionEvent: MotionEvent { action=ACTION_MOVE, actionButton=0, id[0]=0, x[0]=500.0, y[0]=491.3999, toolType[0]=TOOL_TYPE_UNKNOWN, buttonState=0, metaState=0, flags=0x0, edgeFlags=0x0, pointerCount=1, historySize=0, eventTime=796913454, downTime=796913454, deviceId=0, source=0x1002 }
08-05 13:21:37.059 16992 17010 I art     : Explicit concurrent mark sweep GC freed 48(1344B) AllocSpace objects, 0(0B) LOS objects, 7% free, 184MB/200MB, paused 947us total 38.122ms
08-05 13:21:37.071 19981 19981 I Input   : injectMotionEvent: MotionEvent { action=ACTION_MOVE, actionButton=0, id[0]=0, x[0]=500.0, y[0]=434.40002, toolType[0]=TOOL_TYPE_UNKNOWN, buttonState=0, metaState=0, flags=0x0, edgeFlags=0x0, pointerCount=1, historySize=0, eventTime=796913484, downTime=796913484, deviceId=0, source=0x1002 }
08-05 13:21:37.099 19981 19981 I Input   : injectMotionEvent: MotionEvent { action=ACTION_MOVE, actionButton=0, id[0]=0, x[0]=500.0, y[0]=381.19995, toolType[0]=TOOL_TYPE_UNKNOWN, buttonState=0, metaState=0, flags=0x0, edgeFlags=0x0, pointerCount=1, historySize=0, eventTime=796913512, downTime=796913512, deviceId=0, source=0x1002 }
08-05 13:21:37.125 19981 19981 I Input   : injectMotionEvent: MotionEvent { action=ACTION_MOVE, actionButton=0, id[0]=0, x[0]=500.0, y[0]=331.79993, toolType[0]=TOOL_TYPE_UNKNOWN, buttonState=0, metaState=0, flags=0x0, edgeFlags=0x0, pointerCount=1, historySize=0, eventTime=796913538, downTime=796913538, deviceId=0, source=0x1002 }
08-05 13:21:37.158 19981 19981 I Input   : injectMotionEvent: MotionEvent { action=ACTION_MOVE, actionButton=0, id[0]=0, x[0]=500.0, y[0]=269.09998, toolType[0]=TOOL_TYPE_UNKNOWN, buttonState=0, metaState=0, flags=0x0, edgeFlags=0x0, pointerCount=1, historySize=0, eventTime=796913571, downTime=796913571, deviceId=0, source=0x1002 }
08-05 13:21:37.191 19981 19981 I Input   : injectMotionEvent: MotionEvent { action=ACTION_MOVE, actionButton=0, id[0]=0, x[0]=500.0, y[0]=206.40002, toolType[0]=TOOL_TYPE_UNKNOWN, buttonState=0, metaState=0, flags=0x0, edgeFlags=0x0, pointerCount=1, historySize=0, eventTime=796913604, downTime=796913604, deviceId=0, source=0x1002 }
08-05 13:21:37.227 19981 19981 I Input   : injectMotionEvent: MotionEvent { action=ACTION_MOVE, actionButton=0, id[0]=0, x[0]=500.0, y[0]=136.09998, toolType[0]=TOOL_TYPE_UNKNOWN, buttonState=0, metaState=0, flags=0x0, edgeFlags=0x0, pointerCount=1, historySize=0, eventTime=796913641, downTime=796913641, deviceId=0, source=0x1002 }
08-05 13:21:37.262 19981 19981 I Input   : injectMotionEvent: MotionEvent { action=ACTION_UP, actionButton=0, id[0]=0, x[0]=500.0, y[0]=100.0, toolType[0]=TOOL_TYPE_UNKNOWN, buttonState=0, metaState=0, flags=0x0, edgeFlags=0x0, pointerCount=1, historySize=0, eventTime=796913676, downTime=796913676, deviceId=0, source=0x1002 }
08-05 13:21:37.294 19981 19981 D AndroidRuntime: Shutting down VM
08-05 13:21:37.411 16992 17004 I art     : Starting a blocking GC Explicit
08-05 13:21:37.454 16992 17004 I art     : Explicit concurrent mark sweep GC freed 1611(92KB) AllocSpace objects, 2(48KB) LOS objects, 7% free, 184MB/200MB, paused 873us total 42.107ms
08-05 13:21:37.466 16992 17004 I art     : Starting a blocking GC Explicit
08-05 13:21:37.506 16992 17004 I art     : Explicit concurrent mark sweep GC freed 30(1104B) AllocSpace objects, 0(0B) LOS objects, 7% free, 184MB/200MB, paused 821us total 39.960ms
08-05 13:21:37.518 16992 17004 I art     : Starting a blocking GC Explicit
08-05 13:21:37.555 16992 17004 I art     : Explicit concurrent mark sweep GC freed 3(96B) AllocSpace objects, 0(0B) LOS objects, 7% free, 184MB/200MB, paused 822us total 36.927ms
08-05 13:21:37.567 16992 17004 I art     : Starting a blocking GC Explicit
08-05 13:21:37.603 16992 17004 I art     : Explicit concurrent mark sweep GC freed 3(96B) AllocSpace objects, 0(0B) LOS objects, 7% free, 184MB/200MB, paused 790us total 36.119ms
08-05 13:21:37.614 16992 17004 I art     : Starting a blocking GC Explicit
08-05 13:21:37.649 16992 17004 I art     : Explicit concurrent mark sweep GC freed 3(96B) AllocSpace objects, 0(0B) LOS objects, 7% free, 184MB/200MB, paused 782us total 35.317ms
08-05 13:21:37.838 20025 20025 D AndroidRuntime: >>>>>> START com.android.internal.os.RuntimeInit uid 2000 <<<<<<
08-05 13:21:37.843 20025 20025 D AndroidRuntime: CheckJNI is OFF
08-05 13:21:37.871 20025 20025 D ICU     : No timezone override file found: /data/misc/zoneinfo/current/icu/icu_tzdata.dat
08-05 13:21:37.894 20025 20025 I Radio-JNI: register_android_hardware_Radio DONE
08-05 13:21:37.910 20025 20025 D AndroidRuntime: Calling main entry com.android.commands.input.Input
08-05 13:21:37.911 20025 20025 I Input   : injectMotionEvent: MotionEvent { action=ACTION_DOWN, actionButton=0, id[0]=0, x[0]=657.0, y[0]=2080.0, toolType[0]=TOOL_TYPE_UNKNOWN, buttonState=0, metaState=0, flags=0x0, edgeFlags=0x0, pointerCount=1, historySize=0, eventTime=796914324, downTime=796914324, deviceId=0, source=0x1002 }
08-05 13:21:37.915 20025 20025 I Input   : injectMotionEvent: MotionEvent { action=ACTION_UP, actionButton=0, id[0]=0, x[0]=657.0, y[0]=2080.0, toolType[0]=TOOL_TYPE_UNKNOWN, buttonState=0, metaState=0, flags=0x0, edgeFlags=0x0, pointerCount=1, historySize=0, eventTime=796914324, downTime=796914324, deviceId=0, source=0x1002 }
08-05 13:21:37.916 20025 20025 D AndroidRuntime: Shutting down VM
08-05 13:21:37.917   918  3670 I ActivityManager: START u0 {cmp=baseline.io.github.project_travel_mate/.utilities.UpcomingWeekendsActivity} from uid 10674 on display 0
08-05 13:21:37.918   512  2967 D audio_hw_primary: out_set_parameters: enter: usecase(1: low-latency-playback) kvpairs: routing=2
08-05 13:21:37.931   512  2967 D audio_hw_primary: select_devices: out_snd_device(2: speaker) in_snd_device(0: none)
08-05 13:21:37.931   512  2967 D msm8974_platform: platform_send_audio_calibration: sending audio calibration for snd_device(2) acdb_id(15)
08-05 13:21:37.931   512  2967 I soundtrigger: audio_extn_sound_trigger_update_device_status: device 0x2 of type 0 for Event 1
08-05 13:21:37.941 16992 17083 D Gabe    : call	returning from cache
08-05 13:21:37.943   512  2967 D audio_hw_primary: enable_snd_device: snd_device(2: speaker)
08-05 13:21:37.943 16992 16992 V EXECUTING: https://project-travel-mate.herokuapp.com/api/get-upcoming-holidays/2020
08-05 13:21:37.945 16992 16992 V EXECUTING: https://project-travel-mate.herokuapp.com/api/get-upcoming-holidays/2020
08-05 13:21:37.945   512  2967 D audio_hw_primary: enable_audio_route: apply and update mixer path: low-latency-playback speaker
08-05 13:21:37.969 16992 17010 I art     : Starting a blocking GC Explicit
08-05 13:21:38.007 16992 17010 I art     : Explicit concurrent mark sweep GC freed 2645(165KB) AllocSpace objects, 2(48KB) LOS objects, 7% free, 184MB/200MB, paused 786us total 37.970ms
08-05 13:21:38.017 16992 17010 I art     : Starting a blocking GC Explicit
08-05 13:21:38.024 13866 13866 I GoogleInputMethodServic: GoogleInputMethodService.onFinishInput():3138 
08-05 13:21:38.025 13866 13866 I GoogleInputMethodServic: GoogleInputMethodService.onStartInput():1808 
08-05 13:21:38.054 16992 17010 I art     : Explicit concurrent mark sweep GC freed 861(34KB) AllocSpace objects, 0(0B) LOS objects, 7% free, 189MB/205MB, paused 1.753ms total 36.271ms
08-05 13:21:38.066 16992 17010 I art     : Starting a blocking GC Explicit
08-05 13:21:38.100 16992 17010 I art     : Explicit concurrent mark sweep GC freed 82(3KB) AllocSpace objects, 0(0B) LOS objects, 7% free, 189MB/205MB, paused 1.027ms total 34.673ms
08-05 13:21:38.103   918   936 I ActivityManager: Displayed baseline.io.github.project_travel_mate/.utilities.UpcomingWeekendsActivity: +178ms
08-05 13:21:38.112 16992 17010 I art     : Starting a blocking GC Explicit
08-05 13:21:38.152 16992 17010 I art     : Explicit concurrent mark sweep GC freed 79(1360B) AllocSpace objects, 0(0B) LOS objects, 7% free, 189MB/205MB, paused 896us total 39.567ms
08-05 13:21:38.163 16992 17010 I art     : Starting a blocking GC Explicit
08-05 13:21:38.203 16992 17010 I art     : Explicit concurrent mark sweep GC freed 80(1344B) AllocSpace objects, 0(0B) LOS objects, 7% free, 189MB/205MB, paused 1.186ms total 39.480ms
08-05 13:21:38.349   380   380 W SurfaceFlinger: couldn't log to binary event log: overflow.
08-05 13:21:38.498   512  2967 D audio_hw_primary: disable_audio_route: reset and update mixer path: low-latency-playback speaker
08-05 13:21:38.499   512  2967 D audio_hw_primary: disable_snd_device: snd_device(2: speaker)
08-05 13:21:38.501 16992 20050 I NAPPA_EXPERIMENTATION: MetricNetworkRequestExecutionTime: REQUEST_DURATION_SYSTEM='558',REQUEST_DURATION_OKHTTP='47',REQUEST_SYNCHRONOUS='FALSE',RESPONSE_CODE='200',RESPONSE_METHOD='GET',RESPONSE_LENGTH_OKHTTP='6426',RESPONSE_LENGTH_HEADER='6426',REQUEST_PROTOCOL='http/1.1',REQUEST_URL='https://project-travel-mate.herokuapp.com/api/get-upcoming-holidays/2020',
08-05 13:21:38.508   512  2967 I soundtrigger: audio_extn_sound_trigger_update_device_status: device 0x2 of type 0 for Event 0
08-05 13:21:38.535 16992 20051 I NAPPA_EXPERIMENTATION: MetricNetworkRequestExecutionTime: REQUEST_DURATION_SYSTEM='590',REQUEST_DURATION_OKHTTP='80',REQUEST_SYNCHRONOUS='FALSE',RESPONSE_CODE='200',RESPONSE_METHOD='GET',RESPONSE_LENGTH_OKHTTP='6426',RESPONSE_LENGTH_HEADER='6426',REQUEST_PROTOCOL='http/1.1',REQUEST_URL='https://project-travel-mate.herokuapp.com/api/get-upcoming-holidays/2020',
08-05 13:21:38.537 16992 17004 I art     : Starting a blocking GC Explicit
08-05 13:21:38.576 16992 17004 I art     : Explicit concurrent mark sweep GC freed 7629(391KB) AllocSpace objects, 11(496KB) LOS objects, 7% free, 189MB/205MB, paused 1.016ms total 38.046ms
08-05 13:21:38.588 16992 17004 I art     : Starting a blocking GC Explicit
08-05 13:21:38.602 16992 16992 V Response: [{"month":"January","date":1,"day":"Wednesday","name":"New Year's Day","type":"Restricted"},{"month":"January","date":2,"day":"Thursday","name":"Guru Govind Singh Jayanti","type":"Restricted"},{"month":"January","date":14,"day":"Tuesday","name":"Lohri","type":"Restricted"},{"month":"January","date":15,"day":"Wednesday","name":"Pongal","type":"Restricted"},{"month":"January","date":15,"day":"Wednesday","name":"Makar Sankranti","type":"Restricted"},{"month":"January","date":25,"day":"Saturday","name":"Chinese New Year","type":"Observance"},{"month":"January","date":26,"day":"Sunday","name":"Republic Day","type":"Gazetted"},{"month":"January","date":30,"day":"Thursday","name":"Vasant Panchami","type":"Restricted"},{"month":"February","date":9,"day":"Sunday","name":"Guru Ravidas Jayanti","type":"Restricted"},{"month":"February","date":14,"day":"Friday","name":"Valentine's Day","type":"Observance"},{"month":"February","date":18,"day":"Tuesday","name":"Maharishi Dayanand Saraswati Jayanti","type":"Restricted"},{"month":"February","date":19,"day":"Wednesday","name":"Shivaji Jayanti","type":"Restricted"},{"month":"February","date":21,"day":"Friday","name":"Maha Shivaratri/Shivaratri","type":"Gazetted"},{"month":"March","date":9,"day":"Monday","name":"Holika Dahana","type":"Restricted"},{"month":"March","date":9,"day":"Monday","name":"Hazarat Ali's Birthday","type":"Restricted"},{"month":"March","date":10,"day":"Tuesday","name":"Holi","type":"Gazetted"},{"month":"March","date":20,"day":"Friday","name":"March Equinox","type":"Season"},{"month":"March","date":25,"day":"Wednesday","name":"Chaitra Sukhladi","type":"Restricted"},{"month":"April","date":2,"day":"Thursday","name":"Rama Navami","type":"Gazetted"},{"month":"April","date":6,"day":"Monday","name":"Mahavir Jayanti","type":"Gazetted"},{"month":"April","date":9,"day":"Thursday","name":"First day of Passover","type":"Observance"},{"month":"April","date":9,"day":"Thursday","name":"Maundy Thursday","type":"Observance,"},{"month":"April","date":10,"day":"Friday","name":"Good Friday","type":"Gazetted"},{"month":"April","date":12,"day":"Sunday","name":"Easter Day","type":"Restricted"},{"month":"April","date":13,"day":"Monday","name":"Vaisakhi","type":"Restricted"},{"month":"April","date":14,"day":"Tuesday","name":"Mesadi/Vaisakhadi","type":"Restricted"},{"month":"April","date":14,"day":"Tuesday","name":"Ambedkar Jayanti","type":"Central"},{"month":"May","date":1,"day":"Friday","name":"May Day","type":"Observance"},{"month":"May","date":7,"day":"Thursday","name":"Buddha Purnima/Vesak","type":"Gazetted"},{"month":"May","date":7,"day":"Thursday","name":"Birthday of Ravindranath","type":"Restricted"},{"month":"May","date":10,"day":"Sunday","name":"Mother's Day","type":"Observance"},{"month":"May","date":22,"day":"Friday","name":"Jamat Ul-Vida","type":"Restricted"},{"month":"May","date":25,"day":"Monday","name":"Ramzan Id/Eid-ul-Fitar","type":"Gazetted"},{"month":"May","date":25,"day":"Monday","name":"Ramzan Id/Eid-ul-Fitar","type":"Muslim,"},{"month":"June","date":21,"day":"Sunday","name":"June Solstice","type":"Season"},{"month":"June","date":21,"day":"Sunday","name":"Father's Day","type":"Observance"},{"month":"June","date":23,"day":"Tuesday","name":"Rath Yatra","type":"Restricted"},{"month":"July","date":5,"day":"Sunday","name":"Guru Purnima","type":"Observance"},{"month":"July","date":31,"day":"Friday","name":"Bakr Id/Eid ul-Adha","type":"Gazetted"},{"month":"August","date":2,"day":"Sunday","name":"Friendship Day","type":"Observance"},{"month":"August","date":3,"day":"Monday","name":"Raksha Bandhan (Rakhi)","type":"Restricted"},{"month":"August","date":11,"day":"Tuesday","name":"Janmashtami (Smarta)","type":"Restricted"},{"month":"August","date":12,"day":"Wednesday","name":"Janmashtami","type":"Gazetted"},{"month":"August","date":15,"day":"Saturday","name":"Independence Day","type":"Gazetted"},{"month":"August","date":16,"day":"Sunday","name":"Parsi New Year","type":"Restricted"},{"month":"August","date":22,"day":"Saturday","name":"Ganesh Chaturthi/Vin
08-05 13:21:38.604 16992 16992 V Response: [{"month":"January","date":1,"day":"Wednesday","name":"New Year's Day","type":"Restricted"},{"month":"January","date":2,"day":"Thursday","name":"Guru Govind Singh Jayanti","type":"Restricted"},{"month":"January","date":14,"day":"Tuesday","name":"Lohri","type":"Restricted"},{"month":"January","date":15,"day":"Wednesday","name":"Pongal","type":"Restricted"},{"month":"January","date":15,"day":"Wednesday","name":"Makar Sankranti","type":"Restricted"},{"month":"January","date":25,"day":"Saturday","name":"Chinese New Year","type":"Observance"},{"month":"January","date":26,"day":"Sunday","name":"Republic Day","type":"Gazetted"},{"month":"January","date":30,"day":"Thursday","name":"Vasant Panchami","type":"Restricted"},{"month":"February","date":9,"day":"Sunday","name":"Guru Ravidas Jayanti","type":"Restricted"},{"month":"February","date":14,"day":"Friday","name":"Valentine's Day","type":"Observance"},{"month":"February","date":18,"day":"Tuesday","name":"Maharishi Dayanand Saraswati Jayanti","type":"Restricted"},{"month":"February","date":19,"day":"Wednesday","name":"Shivaji Jayanti","type":"Restricted"},{"month":"February","date":21,"day":"Friday","name":"Maha Shivaratri/Shivaratri","type":"Gazetted"},{"month":"March","date":9,"day":"Monday","name":"Holika Dahana","type":"Restricted"},{"month":"March","date":9,"day":"Monday","name":"Hazarat Ali's Birthday","type":"Restricted"},{"month":"March","date":10,"day":"Tuesday","name":"Holi","type":"Gazetted"},{"month":"March","date":20,"day":"Friday","name":"March Equinox","type":"Season"},{"month":"March","date":25,"day":"Wednesday","name":"Chaitra Sukhladi","type":"Restricted"},{"month":"April","date":2,"day":"Thursday","name":"Rama Navami","type":"Gazetted"},{"month":"April","date":6,"day":"Monday","name":"Mahavir Jayanti","type":"Gazetted"},{"month":"April","date":9,"day":"Thursday","name":"First day of Passover","type":"Observance"},{"month":"April","date":9,"day":"Thursday","name":"Maundy Thursday","type":"Observance,"},{"month":"April","date":10,"day":"Friday","name":"Good Friday","type":"Gazetted"},{"month":"April","date":12,"day":"Sunday","name":"Easter Day","type":"Restricted"},{"month":"April","date":13,"day":"Monday","name":"Vaisakhi","type":"Restricted"},{"month":"April","date":14,"day":"Tuesday","name":"Mesadi/Vaisakhadi","type":"Restricted"},{"month":"April","date":14,"day":"Tuesday","name":"Ambedkar Jayanti","type":"Central"},{"month":"May","date":1,"day":"Friday","name":"May Day","type":"Observance"},{"month":"May","date":7,"day":"Thursday","name":"Buddha Purnima/Vesak","type":"Gazetted"},{"month":"May","date":7,"day":"Thursday","name":"Birthday of Ravindranath","type":"Restricted"},{"month":"May","date":10,"day":"Sunday","name":"Mother's Day","type":"Observance"},{"month":"May","date":22,"day":"Friday","name":"Jamat Ul-Vida","type":"Restricted"},{"month":"May","date":25,"day":"Monday","name":"Ramzan Id/Eid-ul-Fitar","type":"Gazetted"},{"month":"May","date":25,"day":"Monday","name":"Ramzan Id/Eid-ul-Fitar","type":"Muslim,"},{"month":"June","date":21,"day":"Sunday","name":"June Solstice","type":"Season"},{"month":"June","date":21,"day":"Sunday","name":"Father's Day","type":"Observance"},{"month":"June","date":23,"day":"Tuesday","name":"Rath Yatra","type":"Restricted"},{"month":"July","date":5,"day":"Sunday","name":"Guru Purnima","type":"Observance"},{"month":"July","date":31,"day":"Friday","name":"Bakr Id/Eid ul-Adha","type":"Gazetted"},{"month":"August","date":2,"day":"Sunday","name":"Friendship Day","type":"Observance"},{"month":"August","date":3,"day":"Monday","name":"Raksha Bandhan (Rakhi)","type":"Restricted"},{"month":"August","date":11,"day":"Tuesday","name":"Janmashtami (Smarta)","type":"Restricted"},{"month":"August","date":12,"day":"Wednesday","name":"Janmashtami","type":"Gazetted"},{"month":"August","date":15,"day":"Saturday","name":"Independence Day","type":"Gazetted"},{"month":"August","date":16,"day":"Sunday","name":"Parsi New Year","type":"Restricted"},{"month":"August","date":22,"day":"Saturday","name":"Ganesh Chaturthi/Vin
08-05 13:21:38.625 16992 17004 I art     : Explicit concurrent mark sweep GC freed 9223(499KB) AllocSpace objects, 0(0B) LOS objects, 7% free, 189MB/205MB, paused 1.228ms total 36.488ms
08-05 13:21:38.635 16992 17004 I art     : Starting a blocking GC Explicit
08-05 13:21:38.670 16992 17004 I art     : Explicit concurrent mark sweep GC freed 2041(73KB) AllocSpace objects, 0(0B) LOS objects, 7% free, 189MB/205MB, paused 793us total 34.302ms
08-05 13:21:38.680 16992 17004 I art     : Starting a blocking GC Explicit
08-05 13:21:38.716 16992 17004 I art     : Explicit concurrent mark sweep GC freed 213(7KB) AllocSpace objects, 1(4MB) LOS objects, 7% free, 185MB/201MB, paused 878us total 35.926ms
08-05 13:21:38.727 16992 17004 I art     : Starting a blocking GC Explicit
08-05 13:21:38.763 16992 17004 I art     : Explicit concurrent mark sweep GC freed 97(2560B) AllocSpace objects, 0(0B) LOS objects, 7% free, 185MB/201MB, paused 704us total 35.540ms
08-05 13:21:39.100 16992 17697 I art     : Starting a blocking GC Explicit
08-05 13:21:39.142 16992 17697 I art     : Explicit concurrent mark sweep GC freed 2175(102KB) AllocSpace objects, 2(48KB) LOS objects, 7% free, 185MB/201MB, paused 851us total 42.052ms
08-05 13:21:39.154 16992 17697 I art     : Starting a blocking GC Explicit
08-05 13:21:39.195 16992 17697 I art     : Explicit concurrent mark sweep GC freed 100(2224B) AllocSpace objects, 0(0B) LOS objects, 7% free, 185MB/201MB, paused 853us total 40.842ms
08-05 13:21:39.207 16992 17697 I art     : Starting a blocking GC Explicit
08-05 13:21:39.222 24365 29098 I NetworkScheduler.Stats: Task com.google.android.apps.gcs/ started execution. cause:4 exec_start_elapsed_seconds: 1780303 [CONTEXT service_id=218 ]
08-05 13:21:39.224 17550 20076 W Gcs.WfaEliRefreshTask: [26454] afk.b: NULL eligibility response.
08-05 13:21:39.228 24365 29098 I NetworkScheduler.Stats: Task com.google.android.apps.gcs/ finished executing. cause:4 result: 3 elapsed_millis: 7 uptime_millis: 7 exec_start_elapsed_seconds: 1780303 [CONTEXT service_id=218 ]
08-05 13:21:39.246 16992 17697 I art     : Explicit concurrent mark sweep GC freed 75(1296B) AllocSpace objects, 0(0B) LOS objects, 7% free, 185MB/201MB, paused 948us total 39.371ms
08-05 13:21:39.257 16992 17697 I art     : Starting a blocking GC Explicit
08-05 13:21:39.292 16992 17697 I art     : Explicit concurrent mark sweep GC freed 75(1296B) AllocSpace objects, 0(0B) LOS objects, 7% free, 185MB/201MB, paused 792us total 34.677ms
08-05 13:21:39.302 16992 17697 I art     : Starting a blocking GC Explicit
08-05 13:21:39.339 16992 17697 I art     : Explicit concurrent mark sweep GC freed 75(1296B) AllocSpace objects, 0(0B) LOS objects, 7% free, 185MB/201MB, paused 838us total 36.728ms
08-05 13:21:39.665   918  3188 I hubconnection: sensorhub said: 'set_bias 3: -5.4720, 0.0000, 0.0000'
08-05 13:21:39.695 16992 17420 I art     : Starting a blocking GC Explicit
08-05 13:21:39.735 16992 17420 I art     : Explicit concurrent mark sweep GC freed 2138(101KB) AllocSpace objects, 2(48KB) LOS objects, 7% free, 185MB/201MB, paused 838us total 39.551ms
08-05 13:21:39.746 16992 17420 I art     : Starting a blocking GC Explicit
08-05 13:21:39.787 16992 17420 I art     : Explicit concurrent mark sweep GC freed 119(2592B) AllocSpace objects, 0(0B) LOS objects, 7% free, 185MB/201MB, paused 937us total 40.295ms
08-05 13:21:39.798 16992 17420 I art     : Starting a blocking GC Explicit
08-05 13:21:39.838 16992 17420 I art     : Explicit concurrent mark sweep GC freed 91(1888B) AllocSpace objects, 0(0B) LOS objects, 7% free, 185MB/201MB, paused 1.806ms total 39.924ms
08-05 13:21:39.850 16992 17420 I art     : Starting a blocking GC Explicit
08-05 13:21:39.890 16992 17420 I art     : Explicit concurrent mark sweep GC freed 90(1744B) AllocSpace objects, 0(0B) LOS objects, 7% free, 185MB/201MB, paused 827us total 39.609ms
08-05 13:21:39.901 16992 17420 I art     : Starting a blocking GC Explicit
08-05 13:21:39.942 16992 17420 I art     : Explicit concurrent mark sweep GC freed 75(1296B) AllocSpace objects, 0(0B) LOS objects, 7% free, 185MB/201MB, paused 854us total 40.963ms
08-05 13:21:40.334 16992 17010 I art     : Starting a blocking GC Explicit
08-05 13:21:40.377 16992 17010 I art     : Explicit concurrent mark sweep GC freed 2247(103KB) AllocSpace objects, 2(48KB) LOS objects, 7% free, 185MB/201MB, paused 843us total 42.024ms
08-05 13:21:40.388 16992 17010 I art     : Starting a blocking GC Explicit
08-05 13:21:40.428 16992 17010 I art     : Explicit concurrent mark sweep GC freed 100(2224B) AllocSpace objects, 0(0B) LOS objects, 7% free, 185MB/201MB, paused 758us total 39.990ms
08-05 13:21:40.440 16992 17010 I art     : Starting a blocking GC Explicit
08-05 13:21:40.477 16992 17010 I art     : Explicit concurrent mark sweep GC freed 76(1328B) AllocSpace objects, 0(0B) LOS objects, 7% free, 185MB/201MB, paused 837us total 36.838ms
08-05 13:21:40.488 16992 17010 I art     : Starting a blocking GC Explicit
08-05 13:21:40.528 16992 17010 I art     : Explicit concurrent mark sweep GC freed 75(1296B) AllocSpace objects, 0(0B) LOS objects, 7% free, 185MB/201MB, paused 824us total 39.433ms
08-05 13:21:40.539 16992 17010 I art     : Starting a blocking GC Explicit
08-05 13:21:40.579 16992 17010 I art     : Explicit concurrent mark sweep GC freed 75(1296B) AllocSpace objects, 0(0B) LOS objects, 7% free, 185MB/201MB, paused 744us total 39.511ms
08-05 13:21:40.898 16992 17005 I art     : Starting a blocking GC Explicit
08-05 13:21:40.938 16992 17005 I art     : Explicit concurrent mark sweep GC freed 2116(101KB) AllocSpace objects, 2(48KB) LOS objects, 7% free, 185MB/201MB, paused 771us total 39.648ms
08-05 13:21:40.949 16992 17005 I art     : Starting a blocking GC Explicit
08-05 13:21:40.983 16992 17005 I art     : Explicit concurrent mark sweep GC freed 96(2560B) AllocSpace objects, 0(0B) LOS objects, 7% free, 185MB/201MB, paused 772us total 34.253ms
08-05 13:21:40.994 16992 17005 I art     : Starting a blocking GC Explicit
08-05 13:21:41.030 16992 17005 I art     : Explicit concurrent mark sweep GC freed 111(2256B) AllocSpace objects, 0(0B) LOS objects, 7% free, 185MB/201MB, paused 753us total 35.934ms
08-05 13:21:41.041 16992 17005 I art     : Starting a blocking GC Explicit
08-05 13:21:41.081 16992 17005 I art     : Explicit concurrent mark sweep GC freed 79(1408B) AllocSpace objects, 0(0B) LOS objects, 7% free, 185MB/201MB, paused 832us total 39.911ms
08-05 13:21:41.092 16992 17005 I art     : Starting a blocking GC Explicit
08-05 13:21:41.134 16992 17005 I art     : Explicit concurrent mark sweep GC freed 78(1600B) AllocSpace objects, 0(0B) LOS objects, 7% free, 185MB/201MB, paused 755us total 40.925ms
08-05 13:21:41.515 16992 17004 I art     : Starting a blocking GC Explicit
08-05 13:21:41.558 16992 17004 I art     : Explicit concurrent mark sweep GC freed 2209(102KB) AllocSpace objects, 2(48KB) LOS objects, 7% free, 185MB/201MB, paused 855us total 42.412ms
08-05 13:21:41.570 16992 17004 I art     : Starting a blocking GC Explicit
08-05 13:21:41.612 16992 17004 I art     : Explicit concurrent mark sweep GC freed 100(2224B) AllocSpace objects, 0(0B) LOS objects, 7% free, 185MB/201MB, paused 854us total 41.628ms
08-05 13:21:41.623 16992 17004 I art     : Starting a blocking GC Explicit
08-05 13:21:41.663 16992 17004 I art     : Explicit concurrent mark sweep GC freed 76(1328B) AllocSpace objects, 0(0B) LOS objects, 7% free, 185MB/201MB, paused 797us total 39.268ms
08-05 13:21:41.674 16992 17004 I art     : Starting a blocking GC Explicit
08-05 13:21:41.715 16992 17004 I art     : Explicit concurrent mark sweep GC freed 87(1952B) AllocSpace objects, 0(0B) LOS objects, 7% free, 185MB/201MB, paused 847us total 40.178ms
08-05 13:21:41.726 16992 17004 I art     : Starting a blocking GC Explicit
08-05 13:21:41.767 16992 17004 I art     : Explicit concurrent mark sweep GC freed 85(1840B) AllocSpace objects, 0(0B) LOS objects, 7% free, 185MB/201MB, paused 908us total 40.830ms
08-05 13:21:42.142 16992 17697 I art     : Starting a blocking GC Explicit
08-05 13:21:42.183 16992 17697 I art     : Explicit concurrent mark sweep GC freed 2223(102KB) AllocSpace objects, 2(48KB) LOS objects, 7% free, 185MB/201MB, paused 770us total 40.384ms
08-05 13:21:42.194 16992 17697 I art     : Starting a blocking GC Explicit
08-05 13:21:42.233 16992 17697 I art     : Explicit concurrent mark sweep GC freed 100(2224B) AllocSpace objects, 0(0B) LOS objects, 7% free, 185MB/201MB, paused 800us total 39.053ms
08-05 13:21:42.245 16992 17697 I art     : Starting a blocking GC Explicit
08-05 13:21:42.282 16992 17697 I art     : Explicit concurrent mark sweep GC freed 75(1296B) AllocSpace objects, 0(0B) LOS objects, 7% free, 185MB/201MB, paused 802us total 37.426ms
08-05 13:21:42.293 16992 17697 I art     : Starting a blocking GC Explicit
08-05 13:21:42.332 16992 17697 I art     : Explicit concurrent mark sweep GC freed 75(1296B) AllocSpace objects, 0(0B) LOS objects, 7% free, 185MB/201MB, paused 879us total 38.250ms
08-05 13:21:42.343 16992 17697 I art     : Starting a blocking GC Explicit
08-05 13:21:42.382 16992 17697 I art     : Explicit concurrent mark sweep GC freed 75(1296B) AllocSpace objects, 0(0B) LOS objects, 7% free, 185MB/201MB, paused 855us total 38.846ms
08-05 13:21:42.482 20127 20127 D AndroidRuntime: >>>>>> START com.android.internal.os.RuntimeInit uid 2000 <<<<<<
08-05 13:21:42.486 20127 20127 D AndroidRuntime: CheckJNI is OFF
08-05 13:21:42.512 20127 20127 D ICU     : No timezone override file found: /data/misc/zoneinfo/current/icu/icu_tzdata.dat
08-05 13:21:42.538 20127 20127 I Radio-JNI: register_android_hardware_Radio DONE
08-05 13:21:42.553 20127 20127 D AndroidRuntime: Calling main entry com.android.commands.input.Input
08-05 13:21:42.554 20127 20127 I Input   : injectKeyEvent: KeyEvent { action=ACTION_DOWN, keyCode=KEYCODE_BACK, scanCode=0, metaState=0, flags=0x0, repeatCount=0, eventTime=796918968, downTime=796918968, deviceId=-1, source=0x101 }
08-05 13:21:42.561 20127 20127 I Input   : injectKeyEvent: KeyEvent { action=ACTION_UP, keyCode=KEYCODE_BACK, scanCode=0, metaState=0, flags=0x0, repeatCount=0, eventTime=796918968, downTime=796918968, deviceId=-1, source=0x101 }
08-05 13:21:42.566 20127 20127 D AndroidRuntime: Shutting down VM
08-05 13:21:42.574 16992 16992 V MainActivity: url = https://project-travel-mate.herokuapp.com/api/number-of-unread-notifications
08-05 13:21:42.600 13866 13866 I GoogleInputMethodServic: GoogleInputMethodService.onFinishInput():3138 
08-05 13:21:42.601 13866 13866 I GoogleInputMethodServic: GoogleInputMethodService.onStartInput():1808 
08-05 13:21:42.699 16992 17697 I art     : Starting a blocking GC Explicit
08-05 13:21:42.735 16992 17697 I art     : Explicit concurrent mark sweep GC freed 2537(121KB) AllocSpace objects, 2(48KB) LOS objects, 7% free, 185MB/201MB, paused 837us total 35.477ms
08-05 13:21:42.747 16992 17697 I art     : Starting a blocking GC Explicit
08-05 13:21:42.785 16992 17697 I art     : Explicit concurrent mark sweep GC freed 151(4KB) AllocSpace objects, 0(0B) LOS objects, 7% free, 185MB/201MB, paused 901us total 37.871ms
08-05 13:21:42.798 16992 17697 I art     : Starting a blocking GC Explicit
08-05 13:21:42.840 16992 17697 I art     : Explicit concurrent mark sweep GC freed 118(2784B) AllocSpace objects, 0(0B) LOS objects, 7% free, 185MB/201MB, paused 989us total 41.568ms
08-05 13:21:42.855 16992 17697 I art     : Starting a blocking GC Explicit
08-05 13:21:42.904 16992 17697 I art     : Explicit concurrent mark sweep GC freed 77(1392B) AllocSpace objects, 0(0B) LOS objects, 7% free, 185MB/201MB, paused 886us total 48.326ms
08-05 13:21:42.916 16992 17697 I art     : Starting a blocking GC Explicit
08-05 13:21:42.921   380   380 W SurfaceFlinger: couldn't log to binary event log: overflow.
08-05 13:21:42.957 16992 17697 I art     : Explicit concurrent mark sweep GC freed 74(1872B) AllocSpace objects, 1(188KB) LOS objects, 7% free, 185MB/201MB, paused 911us total 40.061ms
08-05 13:21:43.276 16992 17420 I art     : Starting a blocking GC Explicit
08-05 13:21:43.326 16992 17420 I art     : Explicit concurrent mark sweep GC freed 1738(99KB) AllocSpace objects, 2(48KB) LOS objects, 7% free, 185MB/201MB, paused 999us total 50.275ms
08-05 13:21:43.338 16992 17420 I art     : Starting a blocking GC Explicit
08-05 13:21:43.380 16992 17420 I art     : Explicit concurrent mark sweep GC freed 9071(485KB) AllocSpace objects, 16(464KB) LOS objects, 7% free, 185MB/201MB, paused 982us total 41.667ms
08-05 13:21:43.392 16992 17420 I art     : Starting a blocking GC Explicit
08-05 13:21:43.407 16992 20146 I NAPPA_EXPERIMENTATION: MetricNetworkRequestExecutionTime: REQUEST_DURATION_SYSTEM='832',REQUEST_DURATION_OKHTTP='38',REQUEST_SYNCHRONOUS='FALSE',RESPONSE_CODE='200',RESPONSE_METHOD='GET',RESPONSE_LENGTH_OKHTTP='36',RESPONSE_LENGTH_HEADER='36',REQUEST_PROTOCOL='http/1.1',REQUEST_URL='https://project-travel-mate.herokuapp.com/api/number-of-unread-notifications',
08-05 13:21:43.431 16992 17420 I art     : Explicit concurrent mark sweep GC freed 1075(127KB) AllocSpace objects, 0(0B) LOS objects, 7% free, 184MB/200MB, paused 880us total 39.116ms
08-05 13:21:43.442 16992 17420 I art     : Starting a blocking GC Explicit
08-05 13:21:43.482 16992 17420 I art     : Explicit concurrent mark sweep GC freed 50(2016B) AllocSpace objects, 0(0B) LOS objects, 7% free, 184MB/200MB, paused 882us total 38.991ms
08-05 13:21:43.493 16992 17420 I art     : Starting a blocking GC Explicit
08-05 13:21:43.534 16992 17420 I art     : Explicit concurrent mark sweep GC freed 86(3KB) AllocSpace objects, 0(0B) LOS objects, 7% free, 184MB/200MB, paused 878us total 40.429ms
08-05 13:21:43.893 16992 17010 I art     : Starting a blocking GC Explicit
08-05 13:21:43.934 16992 17010 I art     : Explicit concurrent mark sweep GC freed 1597(92KB) AllocSpace objects, 2(48KB) LOS objects, 7% free, 184MB/200MB, paused 902us total 40.681ms
08-05 13:21:43.947 16992 17010 I art     : Starting a blocking GC Explicit
08-05 13:21:43.982 16992 17010 I art     : Explicit concurrent mark sweep GC freed 39(1600B) AllocSpace objects, 0(0B) LOS objects, 7% free, 184MB/200MB, paused 800us total 34.975ms
08-05 13:21:43.992 16992 17010 I art     : Starting a blocking GC Explicit
08-05 13:21:44.029 16992 17010 I art     : Explicit concurrent mark sweep GC freed 3(96B) AllocSpace objects, 0(0B) LOS objects, 7% free, 184MB/200MB, paused 906us total 36.304ms
08-05 13:21:44.040 16992 17010 I art     : Starting a blocking GC Explicit
08-05 13:21:44.078 16992 17010 I art     : Explicit concurrent mark sweep GC freed 40(1088B) AllocSpace objects, 0(0B) LOS objects, 7% free, 184MB/200MB, paused 880us total 37.775ms
08-05 13:21:44.089 16992 17010 I art     : Starting a blocking GC Explicit
08-05 13:21:44.127 16992 17010 I art     : Explicit concurrent mark sweep GC freed 3(96B) AllocSpace objects, 0(0B) LOS objects, 7% free, 184MB/200MB, paused 877us total 37.404ms
08-05 13:21:44.128 20172 20172 D AndroidRuntime: >>>>>> START com.android.internal.os.RuntimeInit uid 2000 <<<<<<
08-05 13:21:44.132 20172 20172 D AndroidRuntime: CheckJNI is OFF
08-05 13:21:44.158 20172 20172 D ICU     : No timezone override file found: /data/misc/zoneinfo/current/icu/icu_tzdata.dat
08-05 13:21:44.183 20172 20172 I Radio-JNI: register_android_hardware_Radio DONE
08-05 13:21:44.198 20172 20172 D AndroidRuntime: Calling main entry com.android.commands.input.Input
08-05 13:21:44.200 20172 20172 I Input   : injectMotionEvent: MotionEvent { action=ACTION_DOWN, actionButton=0, id[0]=0, x[0]=657.0, y[0]=2080.0, toolType[0]=TOOL_TYPE_UNKNOWN, buttonState=0, metaState=0, flags=0x0, edgeFlags=0x0, pointerCount=1, historySize=0, eventTime=796920613, downTime=796920613, deviceId=0, source=0x1002 }
08-05 13:21:44.237 20172 20172 I Input   : injectMotionEvent: MotionEvent { action=ACTION_UP, actionButton=0, id[0]=0, x[0]=657.0, y[0]=2080.0, toolType[0]=TOOL_TYPE_UNKNOWN, buttonState=0, metaState=0, flags=0x0, edgeFlags=0x0, pointerCount=1, historySize=0, eventTime=796920613, downTime=796920613, deviceId=0, source=0x1002 }
08-05 13:21:44.262 20172 20172 D AndroidRuntime: Shutting down VM
08-05 13:21:44.287   918  4400 I ActivityManager: START u0 {cmp=baseline.io.github.project_travel_mate/.utilities.UpcomingWeekendsActivity} from uid 10674 on display 0
08-05 13:21:44.289   512  2967 D audio_hw_primary: out_set_parameters: enter: usecase(1: low-latency-playback) kvpairs: routing=2
08-05 13:21:44.301   512  2967 D audio_hw_primary: select_devices: out_snd_device(2: speaker) in_snd_device(0: none)
08-05 13:21:44.301   512  2967 D msm8974_platform: platform_send_audio_calibration: sending audio calibration for snd_device(2) acdb_id(15)
08-05 13:21:44.302   512  2967 I soundtrigger: audio_extn_sound_trigger_update_device_status: device 0x2 of type 0 for Event 1
08-05 13:21:44.311   512  2967 D audio_hw_primary: enable_snd_device: snd_device(2: speaker)
08-05 13:21:44.313   512  2967 D audio_hw_primary: enable_audio_route: apply and update mixer path: low-latency-playback speaker
08-05 13:21:44.357 16992 17083 D Gabe    : call	returning from cache
08-05 13:21:44.359 16992 16992 V EXECUTING: https://project-travel-mate.herokuapp.com/api/get-upcoming-holidays/2020
08-05 13:21:44.361 16992 16992 V EXECUTING: https://project-travel-mate.herokuapp.com/api/get-upcoming-holidays/2020
08-05 13:21:44.420 16992 17004 I art     : Starting a blocking GC Explicit
08-05 13:21:44.456 16992 17004 I art     : Explicit concurrent mark sweep GC freed 3021(175KB) AllocSpace objects, 2(48KB) LOS objects, 7% free, 189MB/205MB, paused 1.057ms total 36.247ms
08-05 13:21:44.470 16992 17004 I art     : Starting a blocking GC Explicit
08-05 13:21:44.508 16992 17004 I art     : Explicit concurrent mark sweep GC freed 451(23KB) AllocSpace objects, 0(0B) LOS objects, 7% free, 189MB/205MB, paused 1.150ms total 37.458ms
08-05 13:21:44.519   918   936 I ActivityManager: Displayed baseline.io.github.project_travel_mate/.utilities.UpcomingWeekendsActivity: +199ms
08-05 13:21:44.519 13866 13866 I GoogleInputMethodServic: GoogleInputMethodService.onFinishInput():3138 
08-05 13:21:44.520 16992 17004 I art     : Starting a blocking GC Explicit
08-05 13:21:44.520 13866 13866 I GoogleInputMethodServic: GoogleInputMethodService.onStartInput():1808 
08-05 13:21:44.560 16992 17004 I art     : Explicit concurrent mark sweep GC freed 106(2960B) AllocSpace objects, 0(0B) LOS objects, 7% free, 189MB/205MB, paused 1.542ms total 39.833ms
08-05 13:21:44.574 16992 17004 I art     : Starting a blocking GC Explicit
08-05 13:21:44.616 16992 17004 I art     : Explicit concurrent mark sweep GC freed 76(1376B) AllocSpace objects, 0(0B) LOS objects, 7% free, 189MB/205MB, paused 1.355ms total 41.571ms
08-05 13:21:44.630 16992 17004 I art     : Starting a blocking GC Explicit
08-05 13:21:44.670 16992 17004 I art     : Explicit concurrent mark sweep GC freed 60(1152B) AllocSpace objects, 0(0B) LOS objects, 7% free, 189MB/205MB, paused 874us total 40.096ms
08-05 13:21:44.758   380   380 W SurfaceFlinger: couldn't log to binary event log: overflow.
08-05 13:21:44.849   512  2967 D audio_hw_primary: disable_audio_route: reset and update mixer path: low-latency-playback speaker
08-05 13:21:44.852   512  2967 D audio_hw_primary: disable_snd_device: snd_device(2: speaker)
08-05 13:21:44.860   512  2967 I soundtrigger: audio_extn_sound_trigger_update_device_status: device 0x2 of type 0 for Event 0
08-05 13:21:44.959 16992 20197 I NAPPA_EXPERIMENTATION: MetricNetworkRequestExecutionTime: REQUEST_DURATION_SYSTEM='599',REQUEST_DURATION_OKHTTP='43',REQUEST_SYNCHRONOUS='FALSE',RESPONSE_CODE='200',RESPONSE_METHOD='GET',RESPONSE_LENGTH_OKHTTP='6426',RESPONSE_LENGTH_HEADER='6426',REQUEST_PROTOCOL='http/1.1',REQUEST_URL='https://project-travel-mate.herokuapp.com/api/get-upcoming-holidays/2020',
08-05 13:21:44.992 16992 20198 I NAPPA_EXPERIMENTATION: MetricNetworkRequestExecutionTime: REQUEST_DURATION_SYSTEM='631',REQUEST_DURATION_OKHTTP='76',REQUEST_SYNCHRONOUS='FALSE',RESPONSE_CODE='200',RESPONSE_METHOD='GET',RESPONSE_LENGTH_OKHTTP='6426',RESPONSE_LENGTH_HEADER='6426',REQUEST_PROTOCOL='http/1.1',REQUEST_URL='https://project-travel-mate.herokuapp.com/api/get-upcoming-holidays/2020',
08-05 13:21:45.000 16992 17010 I art     : Starting a blocking GC Explicit
08-05 13:21:45.023 16992 16992 V Response: [{"month":"January","date":1,"day":"Wednesday","name":"New Year's Day","type":"Restricted"},{"month":"January","date":2,"day":"Thursday","name":"Guru Govind Singh Jayanti","type":"Restricted"},{"month":"January","date":14,"day":"Tuesday","name":"Lohri","type":"Restricted"},{"month":"January","date":15,"day":"Wednesday","name":"Pongal","type":"Restricted"},{"month":"January","date":15,"day":"Wednesday","name":"Makar Sankranti","type":"Restricted"},{"month":"January","date":25,"day":"Saturday","name":"Chinese New Year","type":"Observance"},{"month":"January","date":26,"day":"Sunday","name":"Republic Day","type":"Gazetted"},{"month":"January","date":30,"day":"Thursday","name":"Vasant Panchami","type":"Restricted"},{"month":"February","date":9,"day":"Sunday","name":"Guru Ravidas Jayanti","type":"Restricted"},{"month":"February","date":14,"day":"Friday","name":"Valentine's Day","type":"Observance"},{"month":"February","date":18,"day":"Tuesday","name":"Maharishi Dayanand Saraswati Jayanti","type":"Restricted"},{"month":"February","date":19,"day":"Wednesday","name":"Shivaji Jayanti","type":"Restricted"},{"month":"February","date":21,"day":"Friday","name":"Maha Shivaratri/Shivaratri","type":"Gazetted"},{"month":"March","date":9,"day":"Monday","name":"Holika Dahana","type":"Restricted"},{"month":"March","date":9,"day":"Monday","name":"Hazarat Ali's Birthday","type":"Restricted"},{"month":"March","date":10,"day":"Tuesday","name":"Holi","type":"Gazetted"},{"month":"March","date":20,"day":"Friday","name":"March Equinox","type":"Season"},{"month":"March","date":25,"day":"Wednesday","name":"Chaitra Sukhladi","type":"Restricted"},{"month":"April","date":2,"day":"Thursday","name":"Rama Navami","type":"Gazetted"},{"month":"April","date":6,"day":"Monday","name":"Mahavir Jayanti","type":"Gazetted"},{"month":"April","date":9,"day":"Thursday","name":"First day of Passover","type":"Observance"},{"month":"April","date":9,"day":"Thursday","name":"Maundy Thursday","type":"Observance,"},{"month":"April","date":10,"day":"Friday","name":"Good Friday","type":"Gazetted"},{"month":"April","date":12,"day":"Sunday","name":"Easter Day","type":"Restricted"},{"month":"April","date":13,"day":"Monday","name":"Vaisakhi","type":"Restricted"},{"month":"April","date":14,"day":"Tuesday","name":"Mesadi/Vaisakhadi","type":"Restricted"},{"month":"April","date":14,"day":"Tuesday","name":"Ambedkar Jayanti","type":"Central"},{"month":"May","date":1,"day":"Friday","name":"May Day","type":"Observance"},{"month":"May","date":7,"day":"Thursday","name":"Buddha Purnima/Vesak","type":"Gazetted"},{"month":"May","date":7,"day":"Thursday","name":"Birthday of Ravindranath","type":"Restricted"},{"month":"May","date":10,"day":"Sunday","name":"Mother's Day","type":"Observance"},{"month":"May","date":22,"day":"Friday","name":"Jamat Ul-Vida","type":"Restricted"},{"month":"May","date":25,"day":"Monday","name":"Ramzan Id/Eid-ul-Fitar","type":"Gazetted"},{"month":"May","date":25,"day":"Monday","name":"Ramzan Id/Eid-ul-Fitar","type":"Muslim,"},{"month":"June","date":21,"day":"Sunday","name":"June Solstice","type":"Season"},{"month":"June","date":21,"day":"Sunday","name":"Father's Day","type":"Observance"},{"month":"June","date":23,"day":"Tuesday","name":"Rath Yatra","type":"Restricted"},{"month":"July","date":5,"day":"Sunday","name":"Guru Purnima","type":"Observance"},{"month":"July","date":31,"day":"Friday","name":"Bakr Id/Eid ul-Adha","type":"Gazetted"},{"month":"August","date":2,"day":"Sunday","name":"Friendship Day","type":"Observance"},{"month":"August","date":3,"day":"Monday","name":"Raksha Bandhan (Rakhi)","type":"Restricted"},{"month":"August","date":11,"day":"Tuesday","name":"Janmashtami (Smarta)","type":"Restricted"},{"month":"August","date":12,"day":"Wednesday","name":"Janmashtami","type":"Gazetted"},{"month":"August","date":15,"day":"Saturday","name":"Independence Day","type":"Gazetted"},{"month":"August","date":16,"day":"Sunday","name":"Parsi New Year","type":"Restricted"},{"month":"August","date":22,"day":"Saturday","name":"Ganesh Chaturthi/Vin
08-05 13:21:45.037 16992 17010 I art     : Explicit concurrent mark sweep GC freed 10937(511KB) AllocSpace objects, 11(496KB) LOS objects, 7% free, 190MB/206MB, paused 1.205ms total 36.461ms
08-05 13:21:45.047 16992 17010 I art     : Starting a blocking GC Explicit
08-05 13:21:45.066 16992 16992 V Response: [{"month":"January","date":1,"day":"Wednesday","name":"New Year's Day","type":"Restricted"},{"month":"January","date":2,"day":"Thursday","name":"Guru Govind Singh Jayanti","type":"Restricted"},{"month":"January","date":14,"day":"Tuesday","name":"Lohri","type":"Restricted"},{"month":"January","date":15,"day":"Wednesday","name":"Pongal","type":"Restricted"},{"month":"January","date":15,"day":"Wednesday","name":"Makar Sankranti","type":"Restricted"},{"month":"January","date":25,"day":"Saturday","name":"Chinese New Year","type":"Observance"},{"month":"January","date":26,"day":"Sunday","name":"Republic Day","type":"Gazetted"},{"month":"January","date":30,"day":"Thursday","name":"Vasant Panchami","type":"Restricted"},{"month":"February","date":9,"day":"Sunday","name":"Guru Ravidas Jayanti","type":"Restricted"},{"month":"February","date":14,"day":"Friday","name":"Valentine's Day","type":"Observance"},{"month":"February","date":18,"day":"Tuesday","name":"Maharishi Dayanand Saraswati Jayanti","type":"Restricted"},{"month":"February","date":19,"day":"Wednesday","name":"Shivaji Jayanti","type":"Restricted"},{"month":"February","date":21,"day":"Friday","name":"Maha Shivaratri/Shivaratri","type":"Gazetted"},{"month":"March","date":9,"day":"Monday","name":"Holika Dahana","type":"Restricted"},{"month":"March","date":9,"day":"Monday","name":"Hazarat Ali's Birthday","type":"Restricted"},{"month":"March","date":10,"day":"Tuesday","name":"Holi","type":"Gazetted"},{"month":"March","date":20,"day":"Friday","name":"March Equinox","type":"Season"},{"month":"March","date":25,"day":"Wednesday","name":"Chaitra Sukhladi","type":"Restricted"},{"month":"April","date":2,"day":"Thursday","name":"Rama Navami","type":"Gazetted"},{"month":"April","date":6,"day":"Monday","name":"Mahavir Jayanti","type":"Gazetted"},{"month":"April","date":9,"day":"Thursday","name":"First day of Passover","type":"Observance"},{"month":"April","date":9,"day":"Thursday","name":"Maundy Thursday","type":"Observance,"},{"month":"April","date":10,"day":"Friday","name":"Good Friday","type":"Gazetted"},{"month":"April","date":12,"day":"Sunday","name":"Easter Day","type":"Restricted"},{"month":"April","date":13,"day":"Monday","name":"Vaisakhi","type":"Restricted"},{"month":"April","date":14,"day":"Tuesday","name":"Mesadi/Vaisakhadi","type":"Restricted"},{"month":"April","date":14,"day":"Tuesday","name":"Ambedkar Jayanti","type":"Central"},{"month":"May","date":1,"day":"Friday","name":"May Day","type":"Observance"},{"month":"May","date":7,"day":"Thursday","name":"Buddha Purnima/Vesak","type":"Gazetted"},{"month":"May","date":7,"day":"Thursday","name":"Birthday of Ravindranath","type":"Restricted"},{"month":"May","date":10,"day":"Sunday","name":"Mother's Day","type":"Observance"},{"month":"May","date":22,"day":"Friday","name":"Jamat Ul-Vida","type":"Restricted"},{"month":"May","date":25,"day":"Monday","name":"Ramzan Id/Eid-ul-Fitar","type":"Gazetted"},{"month":"May","date":25,"day":"Monday","name":"Ramzan Id/Eid-ul-Fitar","type":"Muslim,"},{"month":"June","date":21,"day":"Sunday","name":"June Solstice","type":"Season"},{"month":"June","date":21,"day":"Sunday","name":"Father's Day","type":"Observance"},{"month":"June","date":23,"day":"Tuesday","name":"Rath Yatra","type":"Restricted"},{"month":"July","date":5,"day":"Sunday","name":"Guru Purnima","type":"Observance"},{"month":"July","date":31,"day":"Friday","name":"Bakr Id/Eid ul-Adha","type":"Gazetted"},{"month":"August","date":2,"day":"Sunday","name":"Friendship Day","type":"Observance"},{"month":"August","date":3,"day":"Monday","name":"Raksha Bandhan (Rakhi)","type":"Restricted"},{"month":"August","date":11,"day":"Tuesday","name":"Janmashtami (Smarta)","type":"Restricted"},{"month":"August","date":12,"day":"Wednesday","name":"Janmashtami","type":"Gazetted"},{"month":"August","date":15,"day":"Saturday","name":"Independence Day","type":"Gazetted"},{"month":"August","date":16,"day":"Sunday","name":"Parsi New Year","type":"Restricted"},{"month":"August","date":22,"day":"Saturday","name":"Ganesh Chaturthi/Vin
08-05 13:21:45.084 16992 17010 I art     : Explicit concurrent mark sweep GC freed 10616(552KB) AllocSpace objects, 0(0B) LOS objects, 7% free, 190MB/206MB, paused 1.247ms total 36.413ms
08-05 13:21:45.094 16992 17010 I art     : Starting a blocking GC Explicit
08-05 13:21:45.130 16992 17010 I art     : Explicit concurrent mark sweep GC freed 2547(117KB) AllocSpace objects, 1(4MB) LOS objects, 7% free, 186MB/202MB, paused 877us total 35.639ms
08-05 13:21:45.140 16992 17010 I art     : Starting a blocking GC Explicit
08-05 13:21:45.176 16992 17010 I art     : Explicit concurrent mark sweep GC freed 403(19KB) AllocSpace objects, 11(220KB) LOS objects, 7% free, 185MB/201MB, paused 939us total 35.742ms
08-05 13:21:45.188 16992 17010 I art     : Starting a blocking GC Explicit
08-05 13:21:45.230 16992 17010 I art     : Explicit concurrent mark sweep GC freed 76(1328B) AllocSpace objects, 0(0B) LOS objects, 7% free, 185MB/201MB, paused 915us total 41.635ms
08-05 13:21:45.586 16992 17005 I art     : Starting a blocking GC Explicit
08-05 13:21:45.630 16992 17005 I art     : Explicit concurrent mark sweep GC freed 2162(101KB) AllocSpace objects, 2(48KB) LOS objects, 7% free, 185MB/201MB, paused 893us total 44.118ms
08-05 13:21:45.642 16992 17005 I art     : Starting a blocking GC Explicit
08-05 13:21:45.682 16992 17005 I art     : Explicit concurrent mark sweep GC freed 99(2192B) AllocSpace objects, 0(0B) LOS objects, 7% free, 185MB/201MB, paused 900us total 40.383ms
08-05 13:21:45.694 16992 17005 I art     : Starting a blocking GC Explicit
08-05 13:21:45.736 16992 17005 I art     : Explicit concurrent mark sweep GC freed 76(1328B) AllocSpace objects, 0(0B) LOS objects, 7% free, 185MB/201MB, paused 902us total 41.754ms
08-05 13:21:45.748 16992 17005 I art     : Starting a blocking GC Explicit
08-05 13:21:45.789 16992 17005 I art     : Explicit concurrent mark sweep GC freed 75(1296B) AllocSpace objects, 0(0B) LOS objects, 7% free, 185MB/201MB, paused 919us total 41.230ms
08-05 13:21:45.801 16992 17005 I art     : Starting a blocking GC Explicit
08-05 13:21:45.842 16992 17005 I art     : Explicit concurrent mark sweep GC freed 75(1296B) AllocSpace objects, 0(0B) LOS objects, 7% free, 185MB/201MB, paused 860us total 41.436ms
08-05 13:21:46.224 16992 17420 I art     : Starting a blocking GC Explicit
08-05 13:21:46.269 16992 17420 I art     : Explicit concurrent mark sweep GC freed 2247(103KB) AllocSpace objects, 2(48KB) LOS objects, 7% free, 185MB/201MB, paused 969us total 44.937ms
08-05 13:21:46.282 16992 17420 I art     : Starting a blocking GC Explicit
08-05 13:21:46.319 16992 17420 I art     : Explicit concurrent mark sweep GC freed 100(2224B) AllocSpace objects, 0(0B) LOS objects, 7% free, 185MB/201MB, paused 868us total 37.134ms
08-05 13:21:46.330 16992 17420 I art     : Starting a blocking GC Explicit
08-05 13:21:46.372 16992 17420 I art     : Explicit concurrent mark sweep GC freed 75(1296B) AllocSpace objects, 0(0B) LOS objects, 7% free, 185MB/201MB, paused 905us total 41.341ms
08-05 13:21:46.384 16992 17420 I art     : Starting a blocking GC Explicit
08-05 13:21:46.428 16992 17420 I art     : Explicit concurrent mark sweep GC freed 75(1296B) AllocSpace objects, 0(0B) LOS objects, 7% free, 185MB/201MB, paused 1.080ms total 44.461ms
08-05 13:21:46.441 16992 17420 I art     : Starting a blocking GC Explicit
08-05 13:21:46.484 16992 17420 I art     : Explicit concurrent mark sweep GC freed 99(1696B) AllocSpace objects, 0(0B) LOS objects, 7% free, 185MB/201MB, paused 906us total 43.291ms
08-05 13:21:46.670 16697 16697 I ServiceManager: Waiting for service AtCmdFwd...
08-05 13:21:46.727   918  3261 D WifiStateMachine: starting scan for "H369AA63323"WPA_PSK with 2412,5180
08-05 13:21:46.876 16992 17697 I art     : Starting a blocking GC Explicit
08-05 13:21:46.921 16992 17697 I art     : Explicit concurrent mark sweep GC freed 2229(103KB) AllocSpace objects, 2(48KB) LOS objects, 7% free, 185MB/201MB, paused 927us total 45.002ms
08-05 13:21:46.933 16992 17697 I art     : Starting a blocking GC Explicit
08-05 13:21:46.976 16992 17697 I art     : Explicit concurrent mark sweep GC freed 126(3KB) AllocSpace objects, 0(0B) LOS objects, 7% free, 185MB/201MB, paused 932us total 42.521ms
08-05 13:21:46.988 16992 17697 I art     : Starting a blocking GC Explicit
08-05 13:21:47.032 16992 17697 I art     : Explicit concurrent mark sweep GC freed 136(3KB) AllocSpace objects, 0(0B) LOS objects, 7% free, 185MB/201MB, paused 1.021ms total 43.190ms
08-05 13:21:47.044 16992 17697 I art     : Starting a blocking GC Explicit
08-05 13:21:47.086 16992 17697 I art     : Explicit concurrent mark sweep GC freed 88(1520B) AllocSpace objects, 0(0B) LOS objects, 7% free, 185MB/201MB, paused 925us total 42.168ms
08-05 13:21:47.098 16992 17697 I art     : Starting a blocking GC Explicit
08-05 13:21:47.140 16992 17697 I art     : Explicit concurrent mark sweep GC freed 76(1328B) AllocSpace objects, 0(0B) LOS objects, 7% free, 185MB/201MB, paused 893us total 41.838ms
08-05 13:21:47.531 16992 17004 I art     : Starting a blocking GC Explicit
08-05 13:21:47.574 16992 17004 I art     : Explicit concurrent mark sweep GC freed 2211(102KB) AllocSpace objects, 2(48KB) LOS objects, 7% free, 185MB/201MB, paused 860us total 42.417ms
08-05 13:21:47.586 16992 17004 I art     : Starting a blocking GC Explicit
08-05 13:21:47.626 16992 17004 I art     : Explicit concurrent mark sweep GC freed 100(2224B) AllocSpace objects, 0(0B) LOS objects, 7% free, 185MB/201MB, paused 881us total 40.059ms
08-05 13:21:47.637 16992 17004 I art     : Starting a blocking GC Explicit
08-05 13:21:47.670 16697 16697 I ServiceManager: Waiting for service AtCmdFwd...
08-05 13:21:47.679 16992 17004 I art     : Explicit concurrent mark sweep GC freed 75(1296B) AllocSpace objects, 0(0B) LOS objects, 7% free, 185MB/201MB, paused 1.048ms total 41.428ms
08-05 13:21:47.691 16992 17004 I art     : Starting a blocking GC Explicit
08-05 13:21:47.732 16992 17004 I art     : Explicit concurrent mark sweep GC freed 100(2160B) AllocSpace objects, 0(0B) LOS objects, 7% free, 185MB/201MB, paused 993us total 41.297ms
08-05 13:21:47.744 16992 17004 I art     : Starting a blocking GC Explicit
08-05 13:21:47.786 16992 17004 I art     : Explicit concurrent mark sweep GC freed 96(2032B) AllocSpace objects, 0(0B) LOS objects, 7% free, 185MB/201MB, paused 886us total 41.302ms
08-05 13:21:48.139 16992 17010 I art     : Starting a blocking GC Explicit
08-05 13:21:48.185 16992 17010 I art     : Explicit concurrent mark sweep GC freed 2195(102KB) AllocSpace objects, 2(48KB) LOS objects, 7% free, 185MB/201MB, paused 1.059ms total 45.714ms
08-05 13:21:48.202 16992 17010 I art     : Starting a blocking GC Explicit
08-05 13:21:48.242 16992 17010 I art     : Explicit concurrent mark sweep GC freed 104(2304B) AllocSpace objects, 0(0B) LOS objects, 7% free, 185MB/201MB, paused 865us total 39.907ms
08-05 13:21:48.254 16992 17010 I art     : Starting a blocking GC Explicit
08-05 13:21:48.294 16992 17010 I art     : Explicit concurrent mark sweep GC freed 75(1296B) AllocSpace objects, 0(0B) LOS objects, 7% free, 185MB/201MB, paused 880us total 40.173ms
08-05 13:21:48.306 16992 17010 I art     : Starting a blocking GC Explicit
08-05 13:21:48.347 16992 17010 I art     : Explicit concurrent mark sweep GC freed 75(1296B) AllocSpace objects, 0(0B) LOS objects, 7% free, 185MB/201MB, paused 960us total 41.020ms
08-05 13:21:48.359 16992 17010 I art     : Starting a blocking GC Explicit
08-05 13:21:48.401 16992 17010 I art     : Explicit concurrent mark sweep GC freed 92(1568B) AllocSpace objects, 0(0B) LOS objects, 7% free, 185MB/201MB, paused 1.020ms total 41.473ms
08-05 13:21:48.671 16697 16697 I ServiceManager: Waiting for service AtCmdFwd...
08-05 13:21:48.712 16992 17005 I art     : Starting a blocking GC Explicit
08-05 13:21:48.753 16992 17005 I art     : Explicit concurrent mark sweep GC freed 2095(100KB) AllocSpace objects, 2(48KB) LOS objects, 7% free, 185MB/201MB, paused 918us total 41.056ms
08-05 13:21:48.766 16992 17005 I art     : Starting a blocking GC Explicit
08-05 13:21:48.806 16992 17005 I art     : Explicit concurrent mark sweep GC freed 101(2256B) AllocSpace objects, 0(0B) LOS objects, 7% free, 185MB/201MB, paused 891us total 39.794ms
08-05 13:21:48.818 16992 17005 I art     : Starting a blocking GC Explicit
08-05 13:21:48.853 20263 20263 D AndroidRuntime: >>>>>> START com.android.internal.os.RuntimeInit uid 2000 <<<<<<
08-05 13:21:48.857 20263 20263 D AndroidRuntime: CheckJNI is OFF
08-05 13:21:48.858 16992 17005 I art     : Explicit concurrent mark sweep GC freed 76(1328B) AllocSpace objects, 0(0B) LOS objects, 7% free, 185MB/201MB, paused 987us total 40.197ms
08-05 13:21:48.870 16992 17005 I art     : Starting a blocking GC Explicit
08-05 13:21:48.885 20263 20263 D ICU     : No timezone override file found: /data/misc/zoneinfo/current/icu/icu_tzdata.dat
08-05 13:21:48.909 16992 17005 I art     : Explicit concurrent mark sweep GC freed 75(1296B) AllocSpace objects, 0(0B) LOS objects, 7% free, 185MB/201MB, paused 895us total 38.911ms
08-05 13:21:48.910 20263 20263 I Radio-JNI: register_android_hardware_Radio DONE
08-05 13:21:48.920 16992 17005 I art     : Starting a blocking GC Explicit
08-05 13:21:48.926 20263 20263 D AndroidRuntime: Calling main entry com.android.commands.input.Input
08-05 13:21:48.928 20263 20263 I Input   : injectKeyEvent: KeyEvent { action=ACTION_DOWN, keyCode=KEYCODE_BACK, scanCode=0, metaState=0, flags=0x0, repeatCount=0, eventTime=796925341, downTime=796925341, deviceId=-1, source=0x101 }
08-05 13:21:48.933 20263 20263 I Input   : injectKeyEvent: KeyEvent { action=ACTION_UP, keyCode=KEYCODE_BACK, scanCode=0, metaState=0, flags=0x0, repeatCount=0, eventTime=796925341, downTime=796925341, deviceId=-1, source=0x101 }
08-05 13:21:48.938 20263 20263 D AndroidRuntime: Shutting down VM
08-05 13:21:48.947 16992 16992 V MainActivity: url = https://project-travel-mate.herokuapp.com/api/number-of-unread-notifications
08-05 13:21:48.958 16992 17005 I art     : Explicit concurrent mark sweep GC freed 405(14KB) AllocSpace objects, 0(0B) LOS objects, 7% free, 186MB/202MB, paused 998us total 38.329ms
08-05 13:21:48.975 13866 13866 I GoogleInputMethodServic: GoogleInputMethodService.onFinishInput():3138 
08-05 13:21:48.976 13866 13866 I GoogleInputMethodServic: GoogleInputMethodService.onStartInput():1808 
08-05 13:21:49.245 16992 17420 I art     : Starting a blocking GC Explicit
08-05 13:21:49.293 16992 17420 I art     : Explicit concurrent mark sweep GC freed 2254(110KB) AllocSpace objects, 2(48KB) LOS objects, 7% free, 185MB/201MB, paused 921us total 47.591ms
08-05 13:21:49.297   380   380 W SurfaceFlinger: couldn't log to binary event log: overflow.
08-05 13:21:49.309 16992 17420 I art     : Starting a blocking GC Explicit
08-05 13:21:49.346 16992 17420 I art     : Explicit concurrent mark sweep GC freed 115(3KB) AllocSpace objects, 1(188KB) LOS objects, 7% free, 185MB/201MB, paused 936us total 36.526ms
08-05 13:21:49.357 16992 17420 I art     : Starting a blocking GC Explicit
08-05 13:21:49.395 16992 17420 I art     : Explicit concurrent mark sweep GC freed 6623(360KB) AllocSpace objects, 13(264KB) LOS objects, 7% free, 185MB/201MB, paused 924us total 37.086ms
08-05 13:21:49.407 16992 17420 I art     : Starting a blocking GC Explicit
08-05 13:21:49.448 16992 17420 I art     : Explicit concurrent mark sweep GC freed 9(384B) AllocSpace objects, 0(0B) LOS objects, 7% free, 185MB/201MB, paused 1.077ms total 40.386ms
08-05 13:21:49.460 16992 17420 I art     : Starting a blocking GC Explicit
08-05 13:21:49.502 16992 17420 I art     : Explicit concurrent mark sweep GC freed 3(96B) AllocSpace objects, 0(0B) LOS objects, 7% free, 185MB/201MB, paused 959us total 41.647ms
08-05 13:21:49.502 16992 17003 I art     : WaitForGcToComplete blocked for 41.894ms for cause HeapTrim
08-05 13:21:49.672 16697 16697 I ServiceManager: Waiting for service AtCmdFwd...
08-05 13:21:49.765 16992 20286 I NAPPA_EXPERIMENTATION: MetricNetworkRequestExecutionTime: REQUEST_DURATION_SYSTEM='818',REQUEST_DURATION_OKHTTP='41',REQUEST_SYNCHRONOUS='FALSE',RESPONSE_CODE='200',RESPONSE_METHOD='GET',RESPONSE_LENGTH_OKHTTP='36',RESPONSE_LENGTH_HEADER='36',REQUEST_PROTOCOL='http/1.1',REQUEST_URL='https://project-travel-mate.herokuapp.com/api/number-of-unread-notifications',
08-05 13:21:49.840 16992 17004 I art     : Starting a blocking GC Explicit
08-05 13:21:49.897 16992 17004 I art     : Explicit concurrent mark sweep GC freed 4387(240KB) AllocSpace objects, 5(248KB) LOS objects, 7% free, 185MB/201MB, paused 1.130ms total 56.326ms
08-05 13:21:49.910 16992 17004 I art     : Starting a blocking GC Explicit
08-05 13:21:49.950 16992 17004 I art     : Explicit concurrent mark sweep GC freed 974(117KB) AllocSpace objects, 0(0B) LOS objects, 7% free, 185MB/201MB, paused 895us total 39.601ms
08-05 13:21:49.961 16992 17004 I art     : Starting a blocking GC Explicit
08-05 13:21:50.002 16992 17004 I art     : Explicit concurrent mark sweep GC freed 13(640B) AllocSpace objects, 0(0B) LOS objects, 7% free, 185MB/201MB, paused 911us total 40.078ms
08-05 13:21:50.013 16992 17004 I art     : Starting a blocking GC Explicit
08-05 13:21:50.055 16992 17004 I art     : Explicit concurrent mark sweep GC freed 40(1088B) AllocSpace objects, 0(0B) LOS objects, 7% free, 185MB/201MB, paused 916us total 41.413ms
08-05 13:21:50.067 16992 17004 I art     : Starting a blocking GC Explicit
08-05 13:21:50.108 16992 17004 I art     : Explicit concurrent mark sweep GC freed 3(96B) AllocSpace objects, 0(0B) LOS objects, 7% free, 185MB/201MB, paused 949us total 41.336ms
08-05 13:21:50.421 16992 17697 I art     : Starting a blocking GC Explicit
08-05 13:21:50.462 16992 17697 I art     : Explicit concurrent mark sweep GC freed 1586(92KB) AllocSpace objects, 2(48KB) LOS objects, 7% free, 185MB/201MB, paused 974us total 41.124ms
08-05 13:21:50.475 16992 17697 I art     : Starting a blocking GC Explicit
08-05 13:21:50.489 20308 20308 D AndroidRuntime: >>>>>> START com.android.internal.os.RuntimeInit uid 2000 <<<<<<
08-05 13:21:50.493 20308 20308 D AndroidRuntime: CheckJNI is OFF
08-05 13:21:50.514 16992 17697 I art     : Explicit concurrent mark sweep GC freed 28(1024B) AllocSpace objects, 0(0B) LOS objects, 7% free, 185MB/201MB, paused 931us total 38.684ms
08-05 13:21:50.520 20308 20308 D ICU     : No timezone override file found: /data/misc/zoneinfo/current/icu/icu_tzdata.dat
08-05 13:21:50.525 16992 17697 I art     : Starting a blocking GC Explicit
08-05 13:21:50.546 20308 20308 I Radio-JNI: register_android_hardware_Radio DONE
08-05 13:21:50.562 20308 20308 D AndroidRuntime: Calling main entry com.android.commands.input.Input
08-05 13:21:50.563 20308 20308 I Input   : injectMotionEvent: MotionEvent { action=ACTION_DOWN, actionButton=0, id[0]=0, x[0]=117.0, y[0]=170.0, toolType[0]=TOOL_TYPE_UNKNOWN, buttonState=0, metaState=0, flags=0x0, edgeFlags=0x0, pointerCount=1, historySize=0, eventTime=796926976, downTime=796926976, deviceId=0, source=0x1002 }
08-05 13:21:50.564 16992 17697 I art     : Explicit concurrent mark sweep GC freed 3(96B) AllocSpace objects, 0(0B) LOS objects, 7% free, 185MB/201MB, paused 991us total 38.614ms
08-05 13:21:50.568 20308 20308 I Input   : injectMotionEvent: MotionEvent { action=ACTION_UP, actionButton=0, id[0]=0, x[0]=117.0, y[0]=170.0, toolType[0]=TOOL_TYPE_UNKNOWN, buttonState=0, metaState=0, flags=0x0, edgeFlags=0x0, pointerCount=1, historySize=0, eventTime=796926976, downTime=796926976, deviceId=0, source=0x1002 }
08-05 13:21:50.576 16992 17697 I art     : Starting a blocking GC Explicit
08-05 13:21:50.595 20308 20308 D AndroidRuntime: Shutting down VM
08-05 13:21:50.618 16992 17697 I art     : Explicit concurrent mark sweep GC freed 28(912B) AllocSpace objects, 0(0B) LOS objects, 7% free, 185MB/201MB, paused 1.267ms total 41.711ms
08-05 13:21:50.622   512  2967 D audio_hw_primary: out_set_parameters: enter: usecase(1: low-latency-playback) kvpairs: routing=2
08-05 13:21:50.630 16992 17697 I art     : Starting a blocking GC Explicit
08-05 13:21:50.635   512  2967 D audio_hw_primary: select_devices: out_snd_device(2: speaker) in_snd_device(0: none)
08-05 13:21:50.635   512  2967 D msm8974_platform: platform_send_audio_calibration: sending audio calibration for snd_device(2) acdb_id(15)
08-05 13:21:50.635   512  2967 I soundtrigger: audio_extn_sound_trigger_update_device_status: device 0x2 of type 0 for Event 1
08-05 13:21:50.651   512  2967 D audio_hw_primary: enable_snd_device: snd_device(2: speaker)
08-05 13:21:50.653   512  2967 D audio_hw_primary: enable_audio_route: apply and update mixer path: low-latency-playback speaker
08-05 13:21:50.670 16992 17697 I art     : Explicit concurrent mark sweep GC freed 10(304B) AllocSpace objects, 0(0B) LOS objects, 7% free, 185MB/201MB, paused 1.318ms total 40.243ms
08-05 13:21:50.672 16697 16697 I ServiceManager: Waiting for service AtCmdFwd...
08-05 13:21:50.964 16992 17004 I art     : Starting a blocking GC Explicit
08-05 13:21:51.010 16992 17004 I art     : Explicit concurrent mark sweep GC freed 2025(114KB) AllocSpace objects, 2(48KB) LOS objects, 7% free, 185MB/201MB, paused 947us total 45.533ms
08-05 13:21:51.023 16992 17004 I art     : Starting a blocking GC Explicit
08-05 13:21:51.065 16992 17004 I art     : Explicit concurrent mark sweep GC freed 119(4KB) AllocSpace objects, 0(0B) LOS objects, 7% free, 185MB/201MB, paused 1.148ms total 41.803ms
08-05 13:21:51.079 16992 17004 I art     : Starting a blocking GC Explicit
08-05 13:21:51.121 16992 17004 I art     : Explicit concurrent mark sweep GC freed 6(224B) AllocSpace objects, 0(0B) LOS objects, 7% free, 185MB/201MB, paused 1.302ms total 41.356ms
08-05 13:21:51.134 16992 17004 I art     : Starting a blocking GC Explicit
08-05 13:21:51.164 20333 20333 D AndroidRuntime: >>>>>> START com.android.internal.os.RuntimeInit uid 2000 <<<<<<
08-05 13:21:51.167 20333 20333 D AndroidRuntime: CheckJNI is OFF
08-05 13:21:51.173 16992 17004 I art     : Explicit concurrent mark sweep GC freed 5(160B) AllocSpace objects, 0(0B) LOS objects, 7% free, 185MB/201MB, paused 966us total 39.149ms
08-05 13:21:51.184 16992 17004 I art     : Starting a blocking GC Explicit
08-05 13:21:51.188   512  2967 D audio_hw_primary: disable_audio_route: reset and update mixer path: low-latency-playback speaker
08-05 13:21:51.190   512  2967 D audio_hw_primary: disable_snd_device: snd_device(2: speaker)
08-05 13:21:51.194 20333 20333 D ICU     : No timezone override file found: /data/misc/zoneinfo/current/icu/icu_tzdata.dat
08-05 13:21:51.198   512  2967 I soundtrigger: audio_extn_sound_trigger_update_device_status: device 0x2 of type 0 for Event 0
08-05 13:21:51.219 20333 20333 I Radio-JNI: register_android_hardware_Radio DONE
08-05 13:21:51.220 16992 17004 I art     : Explicit concurrent mark sweep GC freed 3(96B) AllocSpace objects, 0(0B) LOS objects, 7% free, 185MB/201MB, paused 954us total 35.009ms
08-05 13:21:51.236 20333 20333 D AndroidRuntime: Calling main entry com.android.commands.input.Input
08-05 13:21:51.237 20333 20333 I Input   : injectMotionEvent: MotionEvent { action=ACTION_DOWN, actionButton=0, id[0]=0, x[0]=405.0, y[0]=661.0, toolType[0]=TOOL_TYPE_UNKNOWN, buttonState=0, metaState=0, flags=0x0, edgeFlags=0x0, pointerCount=1, historySize=0, eventTime=796927650, downTime=796927650, deviceId=0, source=0x1002 }
08-05 13:21:51.240 20333 20333 I Input   : injectMotionEvent: MotionEvent { action=ACTION_UP, actionButton=0, id[0]=0, x[0]=405.0, y[0]=661.0, toolType[0]=TOOL_TYPE_UNKNOWN, buttonState=0, metaState=0, flags=0x0, edgeFlags=0x0, pointerCount=1, historySize=0, eventTime=796927650, downTime=796927650, deviceId=0, source=0x1002 }
08-05 13:21:51.242 20333 20333 D AndroidRuntime: Shutting down VM
08-05 13:21:51.259   512  2967 D audio_hw_primary: out_set_parameters: enter: usecase(1: low-latency-playback) kvpairs: routing=2
08-05 13:21:51.273   512  2967 D audio_hw_primary: select_devices: out_snd_device(2: speaker) in_snd_device(0: none)
08-05 13:21:51.273   512  2967 D msm8974_platform: platform_send_audio_calibration: sending audio calibration for snd_device(2) acdb_id(15)
08-05 13:21:51.273   512  2967 I soundtrigger: audio_extn_sound_trigger_update_device_status: device 0x2 of type 0 for Event 1
08-05 13:21:51.282   512  2967 D audio_hw_primary: enable_snd_device: snd_device(2: speaker)
08-05 13:21:51.284   512  2967 D audio_hw_primary: enable_audio_route: apply and update mixer path: low-latency-playback speaker
08-05 13:21:51.325   512  2967 D AudioFlinger: mixer(0xf4740000) throttle end: throttle time(12)
08-05 13:21:51.505 16992 17420 I art     : Starting a blocking GC Explicit
08-05 13:21:51.526   918  3188 I hubconnection: sensorhub said: 'set_bias 3: -6.2400, 0.0000, 0.0000'
08-05 13:21:51.572 16992 17420 I art     : Explicit concurrent mark sweep GC freed 3572(162KB) AllocSpace objects, 11(300KB) LOS objects, 7% free, 185MB/201MB, paused 1.292ms total 65.766ms
08-05 13:21:51.587 16992 17420 I art     : Starting a blocking GC Explicit
08-05 13:21:51.648 16992 17420 I art     : Explicit concurrent mark sweep GC freed 908(51KB) AllocSpace objects, 0(0B) LOS objects, 7% free, 185MB/201MB, paused 1.279ms total 60.433ms
08-05 13:21:51.663 16992 17420 I art     : Starting a blocking GC Explicit
08-05 13:21:51.673 16697 16697 W Atfwd_Sendcmd: AtCmdFwd service not published, waiting... retryCnt : 3
08-05 13:21:51.706 16992 17420 I art     : Explicit concurrent mark sweep GC freed 27(864B) AllocSpace objects, 0(0B) LOS objects, 7% free, 185MB/201MB, paused 799us total 42.197ms
08-05 13:21:51.718 16992 17420 I art     : Starting a blocking GC Explicit
08-05 13:21:51.754 16992 17420 I art     : Explicit concurrent mark sweep GC freed 3(96B) AllocSpace objects, 0(0B) LOS objects, 7% free, 185MB/201MB, paused 895us total 36.128ms
08-05 13:21:51.765 16992 17420 I art     : Starting a blocking GC Explicit
08-05 13:21:51.803 16992 17420 I art     : Explicit concurrent mark sweep GC freed 3(96B) AllocSpace objects, 0(0B) LOS objects, 7% free, 185MB/201MB, paused 881us total 37.780ms
08-05 13:21:51.808   512  2967 D audio_hw_primary: disable_audio_route: reset and update mixer path: low-latency-playback speaker
08-05 13:21:51.809   512  2967 D audio_hw_primary: disable_snd_device: snd_device(2: speaker)
08-05 13:21:51.817   512  2967 I soundtrigger: audio_extn_sound_trigger_update_device_status: device 0x2 of type 0 for Event 0
08-05 13:21:52.145 16992 17010 I art     : Starting a blocking GC Explicit
08-05 13:21:52.201 16992 17010 I art     : Explicit concurrent mark sweep GC freed 1623(93KB) AllocSpace objects, 2(48KB) LOS objects, 7% free, 185MB/201MB, paused 1.155ms total 55.496ms
08-05 13:21:52.216 16992 17010 I art     : Starting a blocking GC Explicit
08-05 13:21:52.259 16992 17010 I art     : Explicit concurrent mark sweep GC freed 28(1024B) AllocSpace objects, 0(0B) LOS objects, 7% free, 185MB/201MB, paused 945us total 43.186ms
08-05 13:21:52.271 16992 17010 I art     : Starting a blocking GC Explicit
08-05 13:21:52.314 16992 17010 I art     : Explicit concurrent mark sweep GC freed 3(96B) AllocSpace objects, 0(0B) LOS objects, 7% free, 185MB/201MB, paused 917us total 42.192ms
08-05 13:21:52.326 16992 17010 I art     : Starting a blocking GC Explicit
08-05 13:21:52.368 16992 17010 I art     : Explicit concurrent mark sweep GC freed 3(96B) AllocSpace objects, 0(0B) LOS objects, 7% free, 185MB/201MB, paused 1.005ms total 41.558ms
08-05 13:21:52.379 16992 17010 I art     : Starting a blocking GC Explicit
08-05 13:21:52.420 16992 17010 I art     : Explicit concurrent mark sweep GC freed 3(96B) AllocSpace objects, 0(0B) LOS objects, 7% free, 185MB/201MB, paused 878us total 40.584ms
08-05 13:21:52.791 16992 17005 I art     : Starting a blocking GC Explicit
08-05 13:21:52.848 16992 17005 I art     : Explicit concurrent mark sweep GC freed 1586(92KB) AllocSpace objects, 2(48KB) LOS objects, 7% free, 185MB/201MB, paused 1.091ms total 56.504ms
08-05 13:21:52.867 16992 17005 I art     : Starting a blocking GC Explicit
08-05 13:21:52.908 16992 17005 I art     : Explicit concurrent mark sweep GC freed 28(1024B) AllocSpace objects, 0(0B) LOS objects, 7% free, 185MB/201MB, paused 935us total 40.744ms
08-05 13:21:52.920 16992 17005 I art     : Starting a blocking GC Explicit
08-05 13:21:52.962 16992 17005 I art     : Explicit concurrent mark sweep GC freed 15(752B) AllocSpace objects, 0(0B) LOS objects, 7% free, 185MB/201MB, paused 893us total 41.943ms
08-05 13:21:52.974 16992 17005 I art     : Starting a blocking GC Explicit
08-05 13:21:53.016 16992 17005 I art     : Explicit concurrent mark sweep GC freed 24(1392B) AllocSpace objects, 0(0B) LOS objects, 7% free, 185MB/201MB, paused 917us total 41.308ms
08-05 13:21:53.028 16992 17005 I art     : Starting a blocking GC Explicit
08-05 13:21:53.069 16992 17005 I art     : Explicit concurrent mark sweep GC freed 40(1088B) AllocSpace objects, 0(0B) LOS objects, 7% free, 185MB/201MB, paused 958us total 41.386ms
08-05 13:21:53.471 16992 17697 I art     : Starting a blocking GC Explicit
08-05 13:21:53.514 16992 17697 I art     : Explicit concurrent mark sweep GC freed 1586(92KB) AllocSpace objects, 2(48KB) LOS objects, 7% free, 185MB/201MB, paused 879us total 42.355ms
08-05 13:21:53.526 16992 17697 I art     : Starting a blocking GC Explicit
08-05 13:21:53.565 16992 17697 I art     : Explicit concurrent mark sweep GC freed 28(1024B) AllocSpace objects, 0(0B) LOS objects, 7% free, 185MB/201MB, paused 912us total 39.195ms
08-05 13:21:53.576 16992 17697 I art     : Starting a blocking GC Explicit
08-05 13:21:53.614 16992 17697 I art     : Explicit concurrent mark sweep GC freed 3(96B) AllocSpace objects, 0(0B) LOS objects, 7% free, 185MB/201MB, paused 877us total 37.635ms
08-05 13:21:53.625 16992 17697 I art     : Starting a blocking GC Explicit
08-05 13:21:53.664 16992 17697 I art     : Explicit concurrent mark sweep GC freed 3(96B) AllocSpace objects, 0(0B) LOS objects, 7% free, 185MB/201MB, paused 910us total 38.959ms
08-05 13:21:53.676 16992 17697 I art     : Starting a blocking GC Explicit
08-05 13:21:53.715 16992 17697 I art     : Explicit concurrent mark sweep GC freed 15(752B) AllocSpace objects, 0(0B) LOS objects, 7% free, 185MB/201MB, paused 873us total 38.381ms
08-05 13:21:53.825 20395 20395 D AndroidRuntime: >>>>>> START com.android.internal.os.RuntimeInit uid 2000 <<<<<<
08-05 13:21:53.830 20395 20395 D AndroidRuntime: CheckJNI is OFF
08-05 13:21:53.861 20395 20395 D ICU     : No timezone override file found: /data/misc/zoneinfo/current/icu/icu_tzdata.dat
08-05 13:21:53.886 20395 20395 I Radio-JNI: register_android_hardware_Radio DONE
08-05 13:21:53.902 20395 20395 D AndroidRuntime: Calling main entry com.android.commands.input.Input
08-05 13:21:53.904 20395 20395 I Input   : injectMotionEvent: MotionEvent { action=ACTION_DOWN, actionButton=0, id[0]=0, x[0]=1341.0, y[0]=197.0, toolType[0]=TOOL_TYPE_UNKNOWN, buttonState=0, metaState=0, flags=0x0, edgeFlags=0x0, pointerCount=1, historySize=0, eventTime=796930316, downTime=796930316, deviceId=0, source=0x1002 }
08-05 13:21:53.909 20395 20395 I Input   : injectMotionEvent: MotionEvent { action=ACTION_UP, actionButton=0, id[0]=0, x[0]=1341.0, y[0]=197.0, toolType[0]=TOOL_TYPE_UNKNOWN, buttonState=0, metaState=0, flags=0x0, edgeFlags=0x0, pointerCount=1, historySize=0, eventTime=796930316, downTime=796930316, deviceId=0, source=0x1002 }
08-05 13:21:53.912 20395 20395 D AndroidRuntime: Shutting down VM
08-05 13:21:53.923   918  4413 I ActivityManager: START u0 {cmp=baseline.io.github.project_travel_mate/.notifications.NotificationsActivity} from uid 10674 on display 0
08-05 13:21:53.925   512  2967 D audio_hw_primary: out_set_parameters: enter: usecase(1: low-latency-playback) kvpairs: routing=2
08-05 13:21:53.938   512  2967 D audio_hw_primary: select_devices: out_snd_device(2: speaker) in_snd_device(0: none)
08-05 13:21:53.939   512  2967 D msm8974_platform: platform_send_audio_calibration: sending audio calibration for snd_device(2) acdb_id(15)
08-05 13:21:53.939   512  2967 I soundtrigger: audio_extn_sound_trigger_update_device_status: device 0x2 of type 0 for Event 1
08-05 13:21:53.945 16992 17083 D Gabe    : call	returning from cache
08-05 13:21:53.949   512  2967 D audio_hw_primary: enable_snd_device: snd_device(2: speaker)
08-05 13:21:53.951 16992 16992 V EXECUTING: https://project-travel-mate.herokuapp.com/api/get-notifications
08-05 13:21:53.951   512  2967 D audio_hw_primary: enable_audio_route: apply and update mixer path: low-latency-playback speaker
08-05 13:21:53.955 16992 16992 V EXECUTING: https://project-travel-mate.herokuapp.com/api/get-notifications
08-05 13:21:54.044 16992 17420 I art     : Starting a blocking GC Explicit
08-05 13:21:54.066   918   936 I ActivityManager: Displayed baseline.io.github.project_travel_mate/.notifications.NotificationsActivity: +134ms
08-05 13:21:54.068 13866 13866 I GoogleInputMethodServic: GoogleInputMethodService.onFinishInput():3138 
08-05 13:21:54.068 13866 13866 I GoogleInputMethodServic: GoogleInputMethodService.onStartInput():1808 
08-05 13:21:54.086 16992 17420 I art     : Explicit concurrent mark sweep GC freed 3802(215KB) AllocSpace objects, 2(48KB) LOS objects, 7% free, 189MB/205MB, paused 1.905ms total 42.267ms
08-05 13:21:54.100 16992 17420 I art     : Starting a blocking GC Explicit
08-05 13:21:54.141 16992 17420 I art     : Explicit concurrent mark sweep GC freed 367(15KB) AllocSpace objects, 0(0B) LOS objects, 7% free, 189MB/205MB, paused 973us total 40.624ms
08-05 13:21:54.151 16992 17007 D OpenGLRenderer: endAllStagingAnimators on 0x7f7e0e9c00 (RippleDrawable) with handle 0x7f795ccde0
08-05 13:21:54.154 16992 17420 I art     : Starting a blocking GC Explicit
08-05 13:21:54.199 16992 17420 I art     : Explicit concurrent mark sweep GC freed 73(1472B) AllocSpace objects, 0(0B) LOS objects, 7% free, 189MB/205MB, paused 1.194ms total 44.725ms
08-05 13:21:54.212 16992 17420 I art     : Starting a blocking GC Explicit
08-05 13:21:54.249 16992 17420 I art     : Explicit concurrent mark sweep GC freed 82(1664B) AllocSpace objects, 0(0B) LOS objects, 7% free, 189MB/205MB, paused 939us total 36.780ms
08-05 13:21:54.261 16992 17420 I art     : Starting a blocking GC Explicit
08-05 13:21:54.299 16992 17420 I art     : Explicit concurrent mark sweep GC freed 95(2224B) AllocSpace objects, 0(0B) LOS objects, 7% free, 189MB/205MB, paused 922us total 37.713ms
08-05 13:21:54.322   380   380 W SurfaceFlinger: couldn't log to binary event log: overflow.
08-05 13:21:54.488   512  2967 D audio_hw_primary: disable_audio_route: reset and update mixer path: low-latency-playback speaker
08-05 13:21:54.489   512  2967 D audio_hw_primary: disable_snd_device: snd_device(2: speaker)
08-05 13:21:54.497   512  2967 I soundtrigger: audio_extn_sound_trigger_update_device_status: device 0x2 of type 0 for Event 0
08-05 13:21:54.611 16992 17004 I art     : Starting a blocking GC Explicit
08-05 13:21:54.648 16992 17004 I art     : Explicit concurrent mark sweep GC freed 2272(106KB) AllocSpace objects, 2(48KB) LOS objects, 7% free, 190MB/206MB, paused 1.333ms total 36.665ms
08-05 13:21:54.659 16992 17004 I art     : Starting a blocking GC Explicit
08-05 13:21:54.696 16992 17004 I art     : Explicit concurrent mark sweep GC freed 136(3KB) AllocSpace objects, 0(0B) LOS objects, 7% free, 190MB/206MB, paused 1.097ms total 36.362ms
08-05 13:21:54.707 16992 17004 I art     : Starting a blocking GC Explicit
08-05 13:21:54.748 16992 17004 I art     : Explicit concurrent mark sweep GC freed 5208(264KB) AllocSpace objects, 4(240KB) LOS objects, 7% free, 190MB/206MB, paused 1.053ms total 40.449ms
08-05 13:21:54.760 16992 17004 I art     : Starting a blocking GC Explicit
08-05 13:21:54.762 16992 20419 I NAPPA_EXPERIMENTATION: MetricNetworkRequestExecutionTime: REQUEST_DURATION_SYSTEM='811',REQUEST_DURATION_OKHTTP='38',REQUEST_SYNCHRONOUS='FALSE',RESPONSE_CODE='200',RESPONSE_METHOD='GET',RESPONSE_LENGTH_OKHTTP='2',RESPONSE_LENGTH_HEADER='2',REQUEST_PROTOCOL='http/1.1',REQUEST_URL='https://project-travel-mate.herokuapp.com/api/get-notifications',
08-05 13:21:54.798 16992 17004 I art     : Explicit concurrent mark sweep GC freed 2138(243KB) AllocSpace objects, 2(160KB) LOS objects, 7% free, 190MB/206MB, paused 1.321ms total 38.284ms
08-05 13:21:54.798 16992 20420 I NAPPA_EXPERIMENTATION: MetricNetworkRequestExecutionTime: REQUEST_DURATION_SYSTEM='842',REQUEST_DURATION_OKHTTP='60',REQUEST_SYNCHRONOUS='FALSE',RESPONSE_CODE='200',RESPONSE_METHOD='GET',RESPONSE_LENGTH_OKHTTP='2',RESPONSE_LENGTH_HEADER='2',REQUEST_PROTOCOL='http/1.1',REQUEST_URL='https://project-travel-mate.herokuapp.com/api/get-notifications',
08-05 13:21:54.810 16992 17004 I art     : Starting a blocking GC Explicit
08-05 13:21:54.846 16992 17004 I art     : Explicit concurrent mark sweep GC freed 269(16KB) AllocSpace objects, 0(0B) LOS objects, 7% free, 190MB/206MB, paused 1.180ms total 36.591ms
08-05 13:21:54.873 16992 16992 V Response: [] 
08-05 13:21:54.875 16992 17083 D Gabe    : call	returning from cache
08-05 13:21:54.882 16992 16992 V Response: [] 
08-05 13:21:54.884 16992 17083 D Gabe    : call	returning from cache
08-05 13:21:55.196 16992 17004 I art     : Starting a blocking GC Explicit
08-05 13:21:55.234 16992 17004 I art     : Explicit concurrent mark sweep GC freed 5098(193KB) AllocSpace objects, 4(412KB) LOS objects, 7% free, 190MB/206MB, paused 822us total 37.315ms
08-05 13:21:55.245 16992 17004 I art     : Starting a blocking GC Explicit
08-05 13:21:55.280 16992 17004 I art     : Explicit concurrent mark sweep GC freed 1990(81KB) AllocSpace objects, 0(0B) LOS objects, 7% free, 190MB/206MB, paused 1.148ms total 34.618ms
08-05 13:21:55.291 16992 17004 I art     : Starting a blocking GC Explicit
08-05 13:21:55.326 16992 17004 I art     : Explicit concurrent mark sweep GC freed 231(3KB) AllocSpace objects, 0(0B) LOS objects, 7% free, 190MB/206MB, paused 938us total 34.972ms
08-05 13:21:55.337 16992 17004 I art     : Starting a blocking GC Explicit
08-05 13:21:55.371 16992 17004 I art     : Explicit concurrent mark sweep GC freed 143(2368B) AllocSpace objects, 0(0B) LOS objects, 7% free, 190MB/206MB, paused 863us total 33.659ms
08-05 13:21:55.382 16992 17004 I art     : Starting a blocking GC Explicit
08-05 13:21:55.415 16992 17004 I art     : Explicit concurrent mark sweep GC freed 213(3KB) AllocSpace objects, 0(0B) LOS objects, 7% free, 190MB/206MB, paused 790us total 33.777ms
08-05 13:21:55.765 16992 17010 I art     : Starting a blocking GC Explicit
08-05 13:21:55.801 16992 17010 I art     : Explicit concurrent mark sweep GC freed 3292(121KB) AllocSpace objects, 2(48KB) LOS objects, 7% free, 190MB/206MB, paused 786us total 35.516ms
08-05 13:21:55.812 16992 17010 I art     : Starting a blocking GC Explicit
08-05 13:21:55.846 16992 17010 I art     : Explicit concurrent mark sweep GC freed 269(5KB) AllocSpace objects, 0(0B) LOS objects, 7% free, 190MB/206MB, paused 743us total 34.170ms
08-05 13:21:55.857 16992 17010 I art     : Starting a blocking GC Explicit
08-05 13:21:55.891 16992 17010 I art     : Explicit concurrent mark sweep GC freed 142(2352B) AllocSpace objects, 0(0B) LOS objects, 7% free, 190MB/206MB, paused 874us total 33.840ms
08-05 13:21:55.902 16992 17010 I art     : Starting a blocking GC Explicit
08-05 13:21:55.935 16992 17010 I art     : Explicit concurrent mark sweep GC freed 225(4KB) AllocSpace objects, 0(0B) LOS objects, 7% free, 190MB/206MB, paused 773us total 33.190ms
08-05 13:21:55.946 16992 17010 I art     : Starting a blocking GC Explicit
08-05 13:21:55.980 16992 17010 I art     : Explicit concurrent mark sweep GC freed 224(3KB) AllocSpace objects, 0(0B) LOS objects, 7% free, 190MB/206MB, paused 738us total 33.338ms
08-05 13:21:56.338 16992 17005 I art     : Starting a blocking GC Explicit
08-05 13:21:56.373 16992 17005 I art     : Explicit concurrent mark sweep GC freed 3240(118KB) AllocSpace objects, 2(48KB) LOS objects, 7% free, 190MB/206MB, paused 796us total 34.980ms
08-05 13:21:56.384 16992 17005 I art     : Starting a blocking GC Explicit
08-05 13:21:56.419 16992 17005 I art     : Explicit concurrent mark sweep GC freed 238(4KB) AllocSpace objects, 0(0B) LOS objects, 7% free, 190MB/206MB, paused 776us total 34.533ms
08-05 13:21:56.430 16992 17005 I art     : Starting a blocking GC Explicit
08-05 13:21:56.464 16992 17005 I art     : Explicit concurrent mark sweep GC freed 213(3KB) AllocSpace objects, 0(0B) LOS objects, 7% free, 190MB/206MB, paused 747us total 33.689ms
08-05 13:21:56.474 16992 17005 I art     : Starting a blocking GC Explicit
08-05 13:21:56.508 16992 17005 I art     : Explicit concurrent mark sweep GC freed 143(2368B) AllocSpace objects, 0(0B) LOS objects, 7% free, 190MB/206MB, paused 770us total 33.785ms
08-05 13:21:56.519 16992 17005 I art     : Starting a blocking GC Explicit
08-05 13:21:56.552 16992 17005 I art     : Explicit concurrent mark sweep GC freed 213(3KB) AllocSpace objects, 0(0B) LOS objects, 7% free, 190MB/206MB, paused 826us total 33.232ms
08-05 13:21:56.921 16992 17420 I art     : Starting a blocking GC Explicit
08-05 13:21:56.943   518   646 I ThermalEngine: ACTION: GPU - Setting GPU[0] to 510000000
08-05 13:21:56.961 16992 17420 I art     : Explicit concurrent mark sweep GC freed 3287(119KB) AllocSpace objects, 2(48KB) LOS objects, 7% free, 190MB/206MB, paused 1.189ms total 39.789ms
08-05 13:21:56.976 16992 17420 I art     : Starting a blocking GC Explicit
08-05 13:21:57.019 16992 17420 I art     : Explicit concurrent mark sweep GC freed 309(5KB) AllocSpace objects, 0(0B) LOS objects, 7% free, 190MB/206MB, paused 1.031ms total 42.930ms
08-05 13:21:57.034 16992 17420 I art     : Starting a blocking GC Explicit
08-05 13:21:57.076 16992 17420 I art     : Explicit concurrent mark sweep GC freed 250(4KB) AllocSpace objects, 0(0B) LOS objects, 7% free, 190MB/206MB, paused 1.042ms total 42.016ms
08-05 13:21:57.090 16992 17420 I art     : Starting a blocking GC Explicit
08-05 13:21:57.132 16992 17420 I art     : Explicit concurrent mark sweep GC freed 283(4KB) AllocSpace objects, 0(0B) LOS objects, 7% free, 190MB/206MB, paused 1.150ms total 42.160ms
08-05 13:21:57.146 16992 17420 I art     : Starting a blocking GC Explicit
08-05 13:21:57.188 16992 17420 I art     : Explicit concurrent mark sweep GC freed 213(3KB) AllocSpace objects, 0(0B) LOS objects, 7% free, 190MB/206MB, paused 1.059ms total 41.930ms
08-05 13:21:57.567 16992 17005 I art     : Starting a blocking GC Explicit
08-05 13:21:57.613 16992 17005 I art     : Explicit concurrent mark sweep GC freed 3353(120KB) AllocSpace objects, 2(48KB) LOS objects, 7% free, 190MB/206MB, paused 1.267ms total 46.099ms
08-05 13:21:57.628 16992 17005 I art     : Starting a blocking GC Explicit
08-05 13:21:57.671 16992 17005 I art     : Explicit concurrent mark sweep GC freed 291(5KB) AllocSpace objects, 0(0B) LOS objects, 7% free, 190MB/206MB, paused 1.043ms total 43.280ms
08-05 13:21:57.686 16992 17005 I art     : Starting a blocking GC Explicit
08-05 13:21:57.728 16992 17005 I art     : Explicit concurrent mark sweep GC freed 221(3KB) AllocSpace objects, 0(0B) LOS objects, 7% free, 190MB/206MB, paused 1.113ms total 41.900ms
08-05 13:21:57.743 16992 17005 I art     : Starting a blocking GC Explicit
08-05 13:21:57.785 16992 17005 I art     : Explicit concurrent mark sweep GC freed 274(4KB) AllocSpace objects, 0(0B) LOS objects, 7% free, 190MB/206MB, paused 1.014ms total 42.016ms
08-05 13:21:57.799 16992 17005 I art     : Starting a blocking GC Explicit
08-05 13:21:57.841 16992 17005 I art     : Explicit concurrent mark sweep GC freed 214(3KB) AllocSpace objects, 0(0B) LOS objects, 7% free, 190MB/206MB, paused 1.044ms total 41.662ms
08-05 13:21:58.219 16992 17697 I art     : Starting a blocking GC Explicit
08-05 13:21:58.262 16992 17697 I art     : Explicit concurrent mark sweep GC freed 3385(121KB) AllocSpace objects, 2(48KB) LOS objects, 7% free, 190MB/206MB, paused 1.111ms total 42.003ms
08-05 13:21:58.276 16992 17697 I art     : Starting a blocking GC Explicit
08-05 13:21:58.318 16992 17697 I art     : Explicit concurrent mark sweep GC freed 310(5KB) AllocSpace objects, 0(0B) LOS objects, 7% free, 190MB/206MB, paused 1.148ms total 41.520ms
08-05 13:21:58.332 16992 17697 I art     : Starting a blocking GC Explicit
08-05 13:21:58.373 16992 17697 I art     : Explicit concurrent mark sweep GC freed 219(3KB) AllocSpace objects, 0(0B) LOS objects, 7% free, 190MB/206MB, paused 1.056ms total 41.691ms
08-05 13:21:58.388 16992 17697 I art     : Starting a blocking GC Explicit
08-05 13:21:58.430 16992 17697 I art     : Explicit concurrent mark sweep GC freed 247(4KB) AllocSpace objects, 0(0B) LOS objects, 7% free, 190MB/206MB, paused 1.327ms total 41.890ms
08-05 13:21:58.444 16992 17697 I art     : Starting a blocking GC Explicit
08-05 13:21:58.488 16992 17697 I art     : Explicit concurrent mark sweep GC freed 303(5KB) AllocSpace objects, 0(0B) LOS objects, 7% free, 190MB/206MB, paused 1.229ms total 43.518ms
08-05 13:21:58.518 20497 20497 D AndroidRuntime: >>>>>> START com.android.internal.os.RuntimeInit uid 2000 <<<<<<
08-05 13:21:58.522 20497 20497 D AndroidRuntime: CheckJNI is OFF
08-05 13:21:58.550 20497 20497 D ICU     : No timezone override file found: /data/misc/zoneinfo/current/icu/icu_tzdata.dat
08-05 13:21:58.581 20497 20497 I Radio-JNI: register_android_hardware_Radio DONE
08-05 13:21:58.600 20497 20497 D AndroidRuntime: Calling main entry com.android.commands.input.Input
08-05 13:21:58.601 20497 20497 I Input   : injectKeyEvent: KeyEvent { action=ACTION_DOWN, keyCode=KEYCODE_BACK, scanCode=0, metaState=0, flags=0x0, repeatCount=0, eventTime=796935014, downTime=796935014, deviceId=-1, source=0x101 }
08-05 13:21:58.608 20497 20497 I Input   : injectKeyEvent: KeyEvent { action=ACTION_UP, keyCode=KEYCODE_BACK, scanCode=0, metaState=0, flags=0x0, repeatCount=0, eventTime=796935014, downTime=796935014, deviceId=-1, source=0x101 }
08-05 13:21:58.614 20497 20497 D AndroidRuntime: Shutting down VM
08-05 13:21:58.628 16992 16992 V MainActivity: url = https://project-travel-mate.herokuapp.com/api/number-of-unread-notifications
08-05 13:21:58.670 13866 13866 I GoogleInputMethodServic: GoogleInputMethodService.onFinishInput():3138 
08-05 13:21:58.671 13866 13866 I GoogleInputMethodServic: GoogleInputMethodService.onStartInput():1808 
08-05 13:21:58.811 16992 17697 I art     : Starting a blocking GC Explicit
08-05 13:21:58.870 16992 17697 I art     : Explicit concurrent mark sweep GC freed 3119(139KB) AllocSpace objects, 2(48KB) LOS objects, 7% free, 190MB/206MB, paused 2.330ms total 58.335ms
08-05 13:21:58.888 16992 17697 I art     : Starting a blocking GC Explicit
08-05 13:21:58.951 16992 17697 I art     : Explicit concurrent mark sweep GC freed 151(5KB) AllocSpace objects, 0(0B) LOS objects, 7% free, 190MB/206MB, paused 1.209ms total 62.712ms
08-05 13:21:58.961   380   380 W SurfaceFlinger: couldn't log to binary event log: overflow.
08-05 13:21:58.967 16992 17697 I art     : Starting a blocking GC Explicit
08-05 13:21:59.019 16992 17697 I art     : Explicit concurrent mark sweep GC freed 49(1920B) AllocSpace objects, 1(4MB) LOS objects, 7% free, 185MB/201MB, paused 1.252ms total 51.198ms
08-05 13:21:59.034 16992 17697 I art     : Starting a blocking GC Explicit
08-05 13:21:59.086 16992 17697 I art     : Explicit concurrent mark sweep GC freed 3765(178KB) AllocSpace objects, 2(56KB) LOS objects, 7% free, 185MB/201MB, paused 1.252ms total 51.055ms
08-05 13:21:59.101 16992 17697 I art     : Starting a blocking GC Explicit
08-05 13:21:59.153 16992 17697 I art     : Explicit concurrent mark sweep GC freed 3(96B) AllocSpace objects, 0(0B) LOS objects, 7% free, 185MB/201MB, paused 1.305ms total 52.280ms
08-05 13:21:59.272 16992 20512 I NAPPA_EXPERIMENTATION: MetricNetworkRequestExecutionTime: REQUEST_DURATION_SYSTEM='642',REQUEST_DURATION_OKHTTP='35',REQUEST_SYNCHRONOUS='FALSE',RESPONSE_CODE='200',RESPONSE_METHOD='GET',RESPONSE_LENGTH_OKHTTP='36',RESPONSE_LENGTH_HEADER='36',REQUEST_PROTOCOL='http/1.1',REQUEST_URL='https://project-travel-mate.herokuapp.com/api/number-of-unread-notifications',
08-05 13:21:59.542 16992 17420 I art     : Starting a blocking GC Explicit
08-05 13:21:59.622 16992 17420 I art     : Explicit concurrent mark sweep GC freed 4387(240KB) AllocSpace objects, 5(248KB) LOS objects, 7% free, 185MB/201MB, paused 1.420ms total 79.470ms
08-05 13:21:59.642 16992 17420 I art     : Starting a blocking GC Explicit
08-05 13:21:59.695 16992 17420 I art     : Explicit concurrent mark sweep GC freed 973(117KB) AllocSpace objects, 0(0B) LOS objects, 7% free, 185MB/201MB, paused 1.242ms total 52.556ms
08-05 13:21:59.711 16992 17420 I art     : Starting a blocking GC Explicit
08-05 13:21:59.765 16992 17420 I art     : Explicit concurrent mark sweep GC freed 14(672B) AllocSpace objects, 0(0B) LOS objects, 7% free, 185MB/201MB, paused 1.394ms total 53.137ms
08-05 13:21:59.786 16992 17420 I art     : Starting a blocking GC Explicit
08-05 13:21:59.838 16992 17420 I art     : Explicit concurrent mark sweep GC freed 3(96B) AllocSpace objects, 0(0B) LOS objects, 7% free, 185MB/201MB, paused 1.220ms total 51.609ms
08-05 13:21:59.855 16992 17420 I art     : Starting a blocking GC Explicit
08-05 13:21:59.903 16992 17420 I art     : Explicit concurrent mark sweep GC freed 3(96B) AllocSpace objects, 0(0B) LOS objects, 7% free, 185MB/201MB, paused 1.216ms total 48.516ms
08-05 13:22:00.242 20533 20533 D AndroidRuntime: >>>>>> START com.android.internal.os.RuntimeInit uid 2000 <<<<<<
08-05 13:22:00.247 20533 20533 D AndroidRuntime: CheckJNI is OFF
08-05 13:22:00.254 16992 17010 I art     : Starting a blocking GC Explicit
08-05 13:22:00.282 20533 20533 D ICU     : No timezone override file found: /data/misc/zoneinfo/current/icu/icu_tzdata.dat
08-05 13:22:00.303 16992 17010 I art     : Explicit concurrent mark sweep GC freed 1623(93KB) AllocSpace objects, 2(48KB) LOS objects, 7% free, 185MB/201MB, paused 1.226ms total 48.466ms
08-05 13:22:00.315 20533 20533 I Radio-JNI: register_android_hardware_Radio DONE
08-05 13:22:00.318 16992 17010 I art     : Starting a blocking GC Explicit
08-05 13:22:00.336 20533 20533 D AndroidRuntime: Calling main entry com.android.commands.input.Input
08-05 13:22:00.338 20533 20533 I Input   : injectMotionEvent: MotionEvent { action=ACTION_DOWN, actionButton=0, id[0]=0, x[0]=117.0, y[0]=170.0, toolType[0]=TOOL_TYPE_UNKNOWN, buttonState=0, metaState=0, flags=0x0, edgeFlags=0x0, pointerCount=1, historySize=0, eventTime=796936750, downTime=796936750, deviceId=0, source=0x1002 }
08-05 13:22:00.341 20533 20533 I Input   : injectMotionEvent: MotionEvent { action=ACTION_UP, actionButton=0, id[0]=0, x[0]=117.0, y[0]=170.0, toolType[0]=TOOL_TYPE_UNKNOWN, buttonState=0, metaState=0, flags=0x0, edgeFlags=0x0, pointerCount=1, historySize=0, eventTime=796936750, downTime=796936750, deviceId=0, source=0x1002 }
08-05 13:22:00.343 20533 20533 D AndroidRuntime: Shutting down VM
08-05 13:22:00.350   512  2967 D audio_hw_primary: out_set_parameters: enter: usecase(1: low-latency-playback) kvpairs: routing=2
08-05 13:22:00.363   512  2967 D audio_hw_primary: select_devices: out_snd_device(2: speaker) in_snd_device(0: none)
08-05 13:22:00.363   512  2967 D msm8974_platform: platform_send_audio_calibration: sending audio calibration for snd_device(2) acdb_id(15)
08-05 13:22:00.363   512  2967 I soundtrigger: audio_extn_sound_trigger_update_device_status: device 0x2 of type 0 for Event 1
08-05 13:22:00.365 16992 17010 I art     : Explicit concurrent mark sweep GC freed 51(1760B) AllocSpace objects, 0(0B) LOS objects, 7% free, 185MB/201MB, paused 1.341ms total 46.745ms
08-05 13:22:00.376   512  2967 D audio_hw_primary: enable_snd_device: snd_device(2: speaker)
08-05 13:22:00.379   512  2967 D audio_hw_primary: enable_audio_route: apply and update mixer path: low-latency-playback speaker
08-05 13:22:00.380 16992 17010 I art     : Starting a blocking GC Explicit
08-05 13:22:00.431 16992 17010 I art     : Explicit concurrent mark sweep GC freed 26(1104B) AllocSpace objects, 0(0B) LOS objects, 7% free, 185MB/201MB, paused 1.109ms total 50.722ms
08-05 13:22:00.446 16992 17010 I art     : Starting a blocking GC Explicit
08-05 13:22:00.500 16992 17010 I art     : Explicit concurrent mark sweep GC freed 386(19KB) AllocSpace objects, 0(0B) LOS objects, 7% free, 185MB/201MB, paused 1.375ms total 53.389ms
08-05 13:22:00.516 16992 17010 I art     : Starting a blocking GC Explicit
08-05 13:22:00.567 16992 17010 I art     : Explicit concurrent mark sweep GC freed 7(384B) AllocSpace objects, 0(0B) LOS objects, 7% free, 185MB/201MB, paused 1.544ms total 51.387ms
08-05 13:22:00.910 16992 17004 I art     : Starting a blocking GC Explicit
08-05 13:22:00.919   512  2967 D audio_hw_primary: disable_audio_route: reset and update mixer path: low-latency-playback speaker
08-05 13:22:00.920   512  2967 D audio_hw_primary: disable_snd_device: snd_device(2: speaker)
08-05 13:22:00.928   512  2967 I soundtrigger: audio_extn_sound_trigger_update_device_status: device 0x2 of type 0 for Event 0
08-05 13:22:00.960 16992 17004 I art     : Explicit concurrent mark sweep GC freed 1602(92KB) AllocSpace objects, 2(48KB) LOS objects, 7% free, 185MB/201MB, paused 1.209ms total 50.345ms
08-05 13:22:00.975 16992 17004 I art     : Starting a blocking GC Explicit
08-05 13:22:00.994 20563 20563 D AndroidRuntime: >>>>>> START com.android.internal.os.RuntimeInit uid 2000 <<<<<<
08-05 13:22:00.999 20563 20563 D AndroidRuntime: CheckJNI is OFF
08-05 13:22:01.023 16992 17004 I art     : Explicit concurrent mark sweep GC freed 52(1776B) AllocSpace objects, 0(0B) LOS objects, 7% free, 185MB/201MB, paused 1.196ms total 47.595ms
08-05 13:22:01.034 20563 20563 D ICU     : No timezone override file found: /data/misc/zoneinfo/current/icu/icu_tzdata.dat
08-05 13:22:01.038 16992 17004 I art     : Starting a blocking GC Explicit
08-05 13:22:01.066 20563 20563 I Radio-JNI: register_android_hardware_Radio DONE
08-05 13:22:01.084 16992 17004 I art     : Explicit concurrent mark sweep GC freed 40(1088B) AllocSpace objects, 0(0B) LOS objects, 7% free, 185MB/201MB, paused 1.157ms total 45.725ms
08-05 13:22:01.089 20563 20563 D AndroidRuntime: Calling main entry com.android.commands.input.Input
08-05 13:22:01.091 20563 20563 I Input   : injectMotionEvent: MotionEvent { action=ACTION_DOWN, actionButton=0, id[0]=0, x[0]=418.0, y[0]=842.0, toolType[0]=TOOL_TYPE_UNKNOWN, buttonState=0, metaState=0, flags=0x0, edgeFlags=0x0, pointerCount=1, historySize=0, eventTime=796937503, downTime=796937503, deviceId=0, source=0x1002 }
08-05 13:22:01.094 20563 20563 I Input   : injectMotionEvent: MotionEvent { action=ACTION_UP, actionButton=0, id[0]=0, x[0]=418.0, y[0]=842.0, toolType[0]=TOOL_TYPE_UNKNOWN, buttonState=0, metaState=0, flags=0x0, edgeFlags=0x0, pointerCount=1, historySize=0, eventTime=796937503, downTime=796937503, deviceId=0, source=0x1002 }
08-05 13:22:01.096 20563 20563 D AndroidRuntime: Shutting down VM
08-05 13:22:01.099 16992 17004 I art     : Starting a blocking GC Explicit
08-05 13:22:01.103   512  2967 D audio_hw_primary: out_set_parameters: enter: usecase(1: low-latency-playback) kvpairs: routing=2
08-05 13:22:01.108 16992 17083 D Gabe    : call	returning from cache
08-05 13:22:01.116   512  2967 D audio_hw_primary: select_devices: out_snd_device(2: speaker) in_snd_device(0: none)
08-05 13:22:01.116   512  2967 D msm8974_platform: platform_send_audio_calibration: sending audio calibration for snd_device(2) acdb_id(15)
08-05 13:22:01.117   512  2967 I soundtrigger: audio_extn_sound_trigger_update_device_status: device 0x2 of type 0 for Event 1
08-05 13:22:01.124 16992 16992 V MainActivity: url = https://project-travel-mate.herokuapp.com/api/number-of-unread-notifications
08-05 13:22:01.126   512  2967 D audio_hw_primary: enable_snd_device: snd_device(2: speaker)
08-05 13:22:01.129   512  2967 D audio_hw_primary: enable_audio_route: apply and update mixer path: low-latency-playback speaker
08-05 13:22:01.149 16992 17004 I art     : Explicit concurrent mark sweep GC freed 1045(52KB) AllocSpace objects, 0(0B) LOS objects, 7% free, 185MB/201MB, paused 1.705ms total 49.894ms
08-05 13:22:01.163 16992 17004 I art     : Starting a blocking GC Explicit
08-05 13:22:01.174   512  2967 D AudioFlinger: mixer(0xf4740000) throttle end: throttle time(12)
08-05 13:22:01.209 16992 17004 I art     : Explicit concurrent mark sweep GC freed 532(39KB) AllocSpace objects, 0(0B) LOS objects, 7% free, 185MB/201MB, paused 1.584ms total 45.936ms
08-05 13:22:01.545 16992 17420 I art     : Starting a blocking GC Explicit
08-05 13:22:01.599 16992 17420 I art     : Explicit concurrent mark sweep GC freed 5197(283KB) AllocSpace objects, 11(304KB) LOS objects, 7% free, 186MB/202MB, paused 1.638ms total 53.758ms
08-05 13:22:01.614 16992 17420 I art     : Starting a blocking GC Explicit
08-05 13:22:01.669 16992 17420 I art     : Explicit concurrent mark sweep GC freed 1559(87KB) AllocSpace objects, 0(0B) LOS objects, 7% free, 186MB/202MB, paused 2.848ms total 54.849ms
08-05 13:22:01.669   512  2967 D audio_hw_primary: disable_audio_route: reset and update mixer path: low-latency-playback speaker
08-05 13:22:01.671   512  2967 D audio_hw_primary: disable_snd_device: snd_device(2: speaker)
08-05 13:22:01.678   512  2967 I soundtrigger: audio_extn_sound_trigger_update_device_status: device 0x2 of type 0 for Event 0
08-05 13:22:01.685 16992 17420 I art     : Starting a blocking GC Explicit
08-05 13:22:01.738 16992 17420 I art     : Explicit concurrent mark sweep GC freed 887(25KB) AllocSpace objects, 0(0B) LOS objects, 7% free, 186MB/202MB, paused 1.405ms total 53.360ms
08-05 13:22:01.755 16992 17420 I art     : Starting a blocking GC Explicit
08-05 13:22:01.810 16992 17420 I art     : Explicit concurrent mark sweep GC freed 2688(134KB) AllocSpace objects, 3(200KB) LOS objects, 7% free, 186MB/202MB, paused 1.635ms total 55.165ms
08-05 13:22:01.826 16992 17420 I art     : Starting a blocking GC Explicit
08-05 13:22:01.843 16992 20585 I NAPPA_EXPERIMENTATION: MetricNetworkRequestExecutionTime: REQUEST_DURATION_SYSTEM='718',REQUEST_DURATION_OKHTTP='40',REQUEST_SYNCHRONOUS='FALSE',RESPONSE_CODE='200',RESPONSE_METHOD='GET',RESPONSE_LENGTH_OKHTTP='36',RESPONSE_LENGTH_HEADER='36',REQUEST_PROTOCOL='http/1.1',REQUEST_URL='https://project-travel-mate.herokuapp.com/api/number-of-unread-notifications',
08-05 13:22:01.875 16992 17420 I art     : Explicit concurrent mark sweep GC freed 1157(129KB) AllocSpace objects, 0(0B) LOS objects, 7% free, 186MB/202MB, paused 1.143ms total 49.453ms
08-05 13:22:02.240 16992 17005 I art     : Starting a blocking GC Explicit
08-05 13:22:02.298 16992 17005 I art     : Explicit concurrent mark sweep GC freed 2380(109KB) AllocSpace objects, 2(64KB) LOS objects, 7% free, 186MB/202MB, paused 1.318ms total 57.337ms
08-05 13:22:02.314 16992 17005 I art     : Starting a blocking GC Explicit
08-05 13:22:02.369 16992 17005 I art     : Explicit concurrent mark sweep GC freed 151(3KB) AllocSpace objects, 0(0B) LOS objects, 7% free, 186MB/202MB, paused 1.297ms total 54.553ms
08-05 13:22:02.385 16992 17005 I art     : Starting a blocking GC Explicit
08-05 13:22:02.441 16992 17005 I art     : Explicit concurrent mark sweep GC freed 130(2640B) AllocSpace objects, 0(0B) LOS objects, 7% free, 186MB/202MB, paused 1.178ms total 55.424ms
08-05 13:22:02.457 16992 17005 I art     : Starting a blocking GC Explicit
08-05 13:22:02.514 16992 17005 I art     : Explicit concurrent mark sweep GC freed 122(2608B) AllocSpace objects, 0(0B) LOS objects, 7% free, 186MB/202MB, paused 1.204ms total 56.735ms
08-05 13:22:02.530 16992 17005 I art     : Starting a blocking GC Explicit
08-05 13:22:02.588 16992 17005 I art     : Explicit concurrent mark sweep GC freed 127(2352B) AllocSpace objects, 0(0B) LOS objects, 7% free, 186MB/202MB, paused 1.378ms total 57.053ms
08-05 13:22:02.952   518   646 I ThermalEngine: ACTION: GPU - Setting GPU[0] to 600000000
08-05 13:22:02.986 16992 17004 I art     : Starting a blocking GC Explicit
08-05 13:22:03.037 16992 17004 I art     : Explicit concurrent mark sweep GC freed 2324(105KB) AllocSpace objects, 2(64KB) LOS objects, 7% free, 186MB/202MB, paused 877us total 50.354ms
08-05 13:22:03.051 16992 17004 I art     : Starting a blocking GC Explicit
08-05 13:22:03.095 16992 17004 I art     : Explicit concurrent mark sweep GC freed 111(2832B) AllocSpace objects, 0(0B) LOS objects, 7% free, 186MB/202MB, paused 966us total 44.635ms
08-05 13:22:03.108 16992 17004 I art     : Starting a blocking GC Explicit
08-05 13:22:03.154 16992 17004 I art     : Explicit concurrent mark sweep GC freed 85(1472B) AllocSpace objects, 0(0B) LOS objects, 7% free, 186MB/202MB, paused 1.057ms total 46.057ms
08-05 13:22:03.167 16992 17004 I art     : Starting a blocking GC Explicit
08-05 13:22:03.211 16992 17004 I art     : Explicit concurrent mark sweep GC freed 90(1552B) AllocSpace objects, 0(0B) LOS objects, 7% free, 186MB/202MB, paused 924us total 44.439ms
08-05 13:22:03.223 16992 17004 I art     : Starting a blocking GC Explicit
08-05 13:22:03.268 16992 17004 I art     : Explicit concurrent mark sweep GC freed 75(1296B) AllocSpace objects, 0(0B) LOS objects, 7% free, 186MB/202MB, paused 915us total 44.660ms
08-05 13:22:03.593 16992 17005 I art     : Starting a blocking GC Explicit
08-05 13:22:03.640 16992 17005 I art     : Explicit concurrent mark sweep GC freed 2131(101KB) AllocSpace objects, 2(64KB) LOS objects, 7% free, 186MB/202MB, paused 1.102ms total 46.790ms
08-05 13:22:03.652 16992 17005 I art     : Starting a blocking GC Explicit
08-05 13:22:03.693 16992 17005 I art     : Explicit concurrent mark sweep GC freed 107(2336B) AllocSpace objects, 0(0B) LOS objects, 7% free, 186MB/202MB, paused 908us total 40.438ms
08-05 13:22:03.704 16992 17005 I art     : Starting a blocking GC Explicit
08-05 13:22:03.746 16992 17005 I art     : Explicit concurrent mark sweep GC freed 76(1328B) AllocSpace objects, 0(0B) LOS objects, 7% free, 186MB/202MB, paused 905us total 42.100ms
08-05 13:22:03.755 20625 20625 D AndroidRuntime: >>>>>> START com.android.internal.os.RuntimeInit uid 2000 <<<<<<
08-05 13:22:03.759 16992 17005 I art     : Starting a blocking GC Explicit
08-05 13:22:03.759 20625 20625 D AndroidRuntime: CheckJNI is OFF
08-05 13:22:03.785 20625 20625 D ICU     : No timezone override file found: /data/misc/zoneinfo/current/icu/icu_tzdata.dat
08-05 13:22:03.802 16992 17005 I art     : Explicit concurrent mark sweep GC freed 75(1296B) AllocSpace objects, 0(0B) LOS objects, 7% free, 186MB/202MB, paused 947us total 43.241ms
08-05 13:22:03.813 20625 20625 I Radio-JNI: register_android_hardware_Radio DONE
08-05 13:22:03.815 16992 17005 I art     : Starting a blocking GC Explicit
08-05 13:22:03.829 20625 20625 D AndroidRuntime: Calling main entry com.android.commands.am.Am
08-05 13:22:03.839 16924 16924 I Trepn   : Trepn 6.2s: Received intent: com.quicinc.trepn.stop_profiling
08-05 13:22:03.856 16992 17005 I art     : Explicit concurrent mark sweep GC freed 98(1664B) AllocSpace objects, 0(0B) LOS objects, 7% free, 186MB/202MB, paused 850us total 41.405ms
08-05 13:22:03.873 16924 16924 I Trepn   : Trepn 6.2s: Trepn has Stopped Profiling.
08-05 13:22:04.015 20625 20625 D AndroidRuntime: Shutting down VM
08-05 13:22:04.022   918  5481 W AppOps  : Finishing op nesting under-run: uid 10078 pkg com.quicinc.trepn code 24 time=0 duration=0 nesting=0
08-05 13:22:04.174 16992 17697 I art     : Starting a blocking GC Explicit
08-05 13:22:04.219 16992 17697 I art     : Explicit concurrent mark sweep GC freed 2129(101KB) AllocSpace objects, 2(64KB) LOS objects, 7% free, 186MB/202MB, paused 898us total 45.300ms
08-05 13:22:04.232 16992 17697 I art     : Starting a blocking GC Explicit
08-05 13:22:04.271 16992 17697 I art     : Explicit concurrent mark sweep GC freed 120(2544B) AllocSpace objects, 0(0B) LOS objects, 7% free, 186MB/202MB, paused 908us total 39.640ms
08-05 13:22:04.283 16992 17697 I art     : Starting a blocking GC Explicit
08-05 13:22:04.325 16992 17697 I art     : Explicit concurrent mark sweep GC freed 79(1376B) AllocSpace objects, 0(0B) LOS objects, 7% free, 186MB/202MB, paused 838us total 41.392ms
08-05 13:22:04.338 16992 17697 I art     : Starting a blocking GC Explicit
08-05 13:22:04.380 16992 17697 I art     : Explicit concurrent mark sweep GC freed 75(1296B) AllocSpace objects, 0(0B) LOS objects, 7% free, 186MB/202MB, paused 860us total 42.617ms
08-05 13:22:04.392 16992 17697 I art     : Starting a blocking GC Explicit
08-05 13:22:04.436 16992 17697 I art     : Explicit concurrent mark sweep GC freed 75(1296B) AllocSpace objects, 0(0B) LOS objects, 7% free, 186MB/202MB, paused 803us total 43.192ms
08-05 13:22:06.673 16697 16697 I ServiceManager: Waiting for service AtCmdFwd...
08-05 13:22:06.728   918  3261 D WifiStateMachine: starting scan for "H369AA63323"WPA_PSK with 2412,5180
