--------- beginning of main
08-05 14:50:11.666 10696 10696 I ServiceManager: Waiting for service AtCmdFwd...
08-05 14:50:11.879 10711 10711 D AndroidRuntime: >>>>>> START com.android.internal.os.RuntimeInit uid 2000 <<<<<<
08-05 14:50:11.886 10711 10711 D AndroidRuntime: CheckJNI is OFF
08-05 14:50:11.925 10711 10711 D ICU     : No timezone override file found: /data/misc/zoneinfo/current/icu/icu_tzdata.dat
08-05 14:50:11.961 10711 10711 I Radio-JNI: register_android_hardware_Radio DONE
08-05 14:50:11.978 10711 10711 D AndroidRuntime: Calling main entry com.android.commands.monkey.Monkey
--------- beginning of system
08-05 14:50:11.996   918   931 W BroadcastQueue: Skipping deliver [background] BroadcastRecord{48ca496 u-1 android.net.conn.CONNECTIVITY_CHANGE} to ReceiverList{c0bf817 10711 (unknown name)/2000/u-1 remote:a7c6a58}: process crashing
08-05 14:50:12.007   918  5952 I ActivityManager: START u0 {act=android.intent.action.MAIN cat=[android.intent.category.LAUNCHER] flg=0x10200000 cmp=baseline.io.github.project_travel_mate/.SplashActivity} from uid 2000 on display 0
08-05 14:50:12.042 10720 10720 I art     : Late-enabling -Xcheck:jni
08-05 14:50:12.044   918  6029 I ActivityManager: Start proc 10720:baseline.io.github.project_travel_mate/u0a674 for activity baseline.io.github.project_travel_mate/.SplashActivity
08-05 14:50:12.066 10711 10711 I art     : System.exit called, status: 0
08-05 14:50:12.066 10711 10711 I AndroidRuntime: VM exiting with result code 0.
08-05 14:50:12.104 10720 10720 W System  : ClassLoader referenced unknown path: /data/app/baseline.io.github.project_travel_mate-1/lib/arm64
08-05 14:50:12.117 16458 15483 I PBSessionCacheImpl: Deleted sessionId[72384646105454640] from persistence.
08-05 14:50:12.121 16458 16488 W SearchServiceCore: Abort, client detached.
08-05 14:50:12.121 16458 16488 I MicroDetectionState: Should stop hotword detection immediately - true
08-05 14:50:12.140 10720 10720 W art     : Before Android 4.1, method android.graphics.PorterDuffColorFilter androidx.vectordrawable.graphics.drawable.VectorDrawableCompat.updateTintFilter(android.graphics.PorterDuffColorFilter, android.content.res.ColorStateList, android.graphics.PorterDuff$Mode) would have incorrectly overridden the package-private method in android.graphics.drawable.Drawable
08-05 14:50:12.156 10720 10720 I art     : Rejecting re-init on previously-failed class java.lang.Class<androidx.core.view.ViewCompat$OnUnhandledKeyEventListenerWrapper>
08-05 14:50:12.157 10720 10720 I art     : Rejecting re-init on previously-failed class java.lang.Class<androidx.core.view.ViewCompat$OnUnhandledKeyEventListenerWrapper>
08-05 14:50:12.188 10720 10736 D OpenGLRenderer: Use EGL_SWAP_BEHAVIOR_PRESERVED: true
08-05 14:50:12.235 10720 10736 I Adreno  : QUALCOMM build                   : fcf4852, I1af360237c
08-05 14:50:12.235 10720 10736 I Adreno  : Build Date                       : 09/23/15
08-05 14:50:12.235 10720 10736 I Adreno  : OpenGL ES Shader Compiler Version: XE031.05.13.02
08-05 14:50:12.235 10720 10736 I Adreno  : Local Branch                     : mybranch14465806
08-05 14:50:12.235 10720 10736 I Adreno  : Remote Branch                    : quic/LA.BF64.1.2.9_v2
08-05 14:50:12.235 10720 10736 I Adreno  : Remote Branch                    : NONE
08-05 14:50:12.235 10720 10736 I Adreno  : Reconstruct Branch               : NOTHING
08-05 14:50:12.243 10720 10736 I OpenGLRenderer: Initialized EGL, version 1.4
08-05 14:50:12.364   918   936 I ActivityManager: Displayed baseline.io.github.project_travel_mate/.SplashActivity: +347ms
08-05 14:50:12.372 13866 13866 I GoogleInputMethodServic: GoogleInputMethodService.onFinishInput():3138 
08-05 14:50:12.372 13866 13866 I GoogleInputMethodServic: GoogleInputMethodService.onStartInput():1808 
08-05 14:50:12.667 10696 10696 I ServiceManager: Waiting for service AtCmdFwd...
08-05 14:50:13.620 10751 10751 D AndroidRuntime: >>>>>> START com.android.internal.os.RuntimeInit uid 2000 <<<<<<
08-05 14:50:13.624 10751 10751 D AndroidRuntime: CheckJNI is OFF
08-05 14:50:13.649 10751 10751 D ICU     : No timezone override file found: /data/misc/zoneinfo/current/icu/icu_tzdata.dat
08-05 14:50:13.667 10696 10696 W Atfwd_Sendcmd: AtCmdFwd service not published, waiting... retryCnt : 3
08-05 14:50:13.675 10751 10751 I Radio-JNI: register_android_hardware_Radio DONE
08-05 14:50:13.690 10751 10751 D AndroidRuntime: Calling main entry com.android.commands.am.Am
08-05 14:50:13.703 16924 16924 I Trepn   : Trepn 6.2s: Received intent: com.quicinc.trepn.start_profiling
08-05 14:50:13.808 16924 16924 W FileUtils: Failed to chmod(/storage/emulated/0/trepn/Trepn_2020.08.05_145013.db): android.system.ErrnoException: chmod failed: EPERM (Operation not permitted)
08-05 14:50:13.904 16924 16924 I Trepn   : Trepn 6.2s: Trepn has Started Profiling.
08-05 14:50:13.905 10751 10751 D AndroidRuntime: Shutting down VM
08-05 14:50:14.266   918   928 I ActivityManager: START u0 {cmp=baseline.io.github.project_travel_mate/.MainActivity} from uid 10674 on display 0
08-05 14:50:14.356 10720 10720 W Settings: Setting airplane_mode_on has moved from android.provider.Settings.System to android.provider.Settings.Global, returning read-only value.
08-05 14:50:14.370 10720 10720 V MainActivity: url=https://project-travel-mate.herokuapp.com/api/get-user
08-05 14:50:14.401 10720 10784 W LOTTIE  : Unknown mask mode mode. Defaulting to Add.
08-05 14:50:14.410 10720 10784 W LOTTIE  : You have 5 images. Lottie should primarily be used with shapes. If you are using Adobe Illustrator, convert the Illustrator layers to shape layers.
08-05 14:50:14.411 10720 10784 W LOTTIE  : Unknown mask mode mode. Defaulting to Add.
08-05 14:50:14.412 10720 10784 W LOTTIE  : Unknown mask mode mode. Defaulting to Add.
08-05 14:50:14.433 10720 10732 I art     : Starting a blocking GC Explicit
08-05 14:50:14.456 10720 10732 I art     : Explicit concurrent mark sweep GC freed 73907(4MB) AllocSpace objects, 3(60KB) LOS objects, 40% free, 23MB/38MB, paused 251us total 23.418ms
08-05 14:50:14.465 10720 10732 I art     : Starting a blocking GC Explicit
08-05 14:50:14.477 10720 10720 V CityFragment: url=https://project-travel-mate.herokuapp.com/api/get-all-cities/10
08-05 14:50:14.484 10720 10732 I art     : Explicit concurrent mark sweep GC freed 814(37KB) AllocSpace objects, 0(0B) LOS objects, 40% free, 23MB/38MB, paused 1.045ms total 17.886ms
08-05 14:50:14.497 10720 10732 I art     : Starting a blocking GC Explicit
08-05 14:50:14.510 10720 10732 I art     : Explicit concurrent mark sweep GC freed 3040(149KB) AllocSpace objects, 0(0B) LOS objects, 40% free, 23MB/38MB, paused 235us total 12.704ms
08-05 14:50:14.615 10720 10732 I art     : Starting a blocking GC Explicit
08-05 14:50:14.743 10720 10732 I art     : Explicit concurrent mark sweep GC freed 43(1856B) AllocSpace objects, 0(0B) LOS objects, 40% free, 23MB/38MB, paused 657us total 118.311ms
08-05 14:50:14.939 10720 10732 I art     : Starting a blocking GC Explicit
08-05 14:50:14.984 10720 10732 I art     : Explicit concurrent mark sweep GC freed 4868(286KB) AllocSpace objects, 6(400KB) LOS objects, 40% free, 23MB/39MB, paused 475us total 44.283ms
08-05 14:50:15.118 10720 10783 I NAPPA_EXPERIMENTATION: MetricNetworkRequestExecutionTime: REQUEST_DURATION_SYSTEM='726',REQUEST_DURATION_OKHTTP='54',REQUEST_SYNCHRONOUS='FALSE',RESPONSE_CODE='200',RESPONSE_METHOD='GET',RESPONSE_LENGTH_OKHTTP='185',RESPONSE_LENGTH_HEADER='185',REQUEST_PROTOCOL='http/1.1',REQUEST_URL='https://project-travel-mate.herokuapp.com/api/get-user',
08-05 14:50:15.120 10720 10787 I NAPPA_EXPERIMENTATION: MetricNetworkRequestExecutionTime: REQUEST_DURATION_SYSTEM='638',REQUEST_DURATION_OKHTTP='74',REQUEST_SYNCHRONOUS='FALSE',RESPONSE_CODE='200',RESPONSE_METHOD='GET',RESPONSE_LENGTH_OKHTTP='1588',RESPONSE_LENGTH_HEADER='1588',REQUEST_PROTOCOL='http/1.1',REQUEST_URL='https://project-travel-mate.herokuapp.com/api/get-all-cities/10',
08-05 14:50:15.184 10720 10720 E RecyclerView: No adapter attached; skipping layout
08-05 14:50:15.245 10720 10720 I Choreographer: Skipped 44 frames!  The application may be doing too much work on its main thread.
08-05 14:50:15.366 10720 10720 V MainActivity: url = https://project-travel-mate.herokuapp.com/api/number-of-unread-notifications
08-05 14:50:15.367   918   936 I ActivityManager: Displayed baseline.io.github.project_travel_mate/.MainActivity: +1s91ms
08-05 14:50:15.378 13866 13866 I GoogleInputMethodServic: GoogleInputMethodService.onFinishInput():3138 
08-05 14:50:15.378 10720 10720 V CityFragment: result=[{"id":1,"city_name":"Delhi","facts_count":6,"image":"https://upload.wikimedia.org/wikipedia/commons/9/94/%E0%B4%96%E0%B5%81%E0%B4%A4%E0%B5%8D%E0%B4%AC%E0%B5%8D_%E0%B4%AE%E0%B4%BF%E0%B4%A8%E0%B4%BE%E0%B5%BC1.jpg","visit_count":18186},{"id":2,"city_name":"Mumbai","facts_count":0,"image":"https://static1.squarespace.com/static/55917ae2e4b0984fc8c264c4/t/5ad7a037758d464041bfba27/1524102624280/Victoria_Mumbai.jpg","visit_count":6022},{"id":3,"city_name":"Bangalore","facts_count":0,"image":null,"visit_count":5536},{"id":8,"city_name":"Pune","facts_count":0,"image":"https://www.zricks.com/ImagesPostProject/47929//6557d975-20a9-4c6c-a776-8072a1936a76.jpg","visit_count":3324},{"id":4,"city_name":"Chennai","facts_count":0,"image":"http://lh3.ggpht.com/_YLb7tJ8RoAk/SfazBLdgf3I/AAAAAAAANEg/p52_Zz_URxg/s640/Picture%20009.jpg","visit_count":3061},{"id":5,"city_name":"Kolkata","facts_count":0,"image":"https://i.pinimg.com/originals/05/ec/42/05ec42c545b494d12cc612923483b4f0.jpg","visit_count":2211},{"id":9,"city_name":"Jaipur","facts_count":1,"image":"https://www.trodly.com/pictures/attraction/1943.jpg","visit_count":2007},{"id":6,"city_name":"Hyderabad","facts_count":0,"image":"https://i1.trekearth.com/photos/59194/charminar_020_sm.jpg","visit_count":1633},{"id":150,"city_name":"Panjim","facts_count":0,"image":"http://www.nomad4ever.com/wp-content/uploads/2009/04/palm-trees-at-baga-creek-north-goa1.jpg","visit_count":1488},{"id":7,"city_name":"Ahmedabad","facts_count":0,"image":"https://i.pinimg.com/originals/a5/ed/29/a5ed293271669a61f47059f7b0d9cf2c.jpg","visit_count":1115}]
08-05 14:50:15.379 13866 13866 I GoogleInputMethodServic: GoogleInputMethodService.onStartInput():1808 
08-05 14:50:15.445 10720 10720 D CityFragment: get cities cities size = 10
08-05 14:50:15.471 10720 10733 I art     : Starting a blocking GC Explicit
08-05 14:50:15.490 10720 10733 I art     : Explicit concurrent mark sweep GC freed 10926(831KB) AllocSpace objects, 2(40KB) LOS objects, 34% free, 30MB/46MB, paused 411us total 18.310ms
08-05 14:50:15.498 10720 10733 I art     : Starting a blocking GC Explicit
08-05 14:50:15.518 10720 10733 I art     : Explicit concurrent mark sweep GC freed 1046(61KB) AllocSpace objects, 0(0B) LOS objects, 34% free, 30MB/46MB, paused 717us total 19.454ms
08-05 14:50:15.527 10720 10733 I art     : Starting a blocking GC Explicit
08-05 14:50:15.544 10720 10733 I art     : Explicit concurrent mark sweep GC freed 388(27KB) AllocSpace objects, 0(0B) LOS objects, 34% free, 30MB/46MB, paused 449us total 16.094ms
08-05 14:50:15.552 10720 10733 I art     : Starting a blocking GC Explicit
08-05 14:50:15.563 10720 10720 E RecyclerView: No adapter attached; skipping layout
08-05 14:50:15.569 10720 10733 I art     : Explicit concurrent mark sweep GC freed 750(36KB) AllocSpace objects, 0(0B) LOS objects, 34% free, 30MB/46MB, paused 640us total 16.646ms
08-05 14:50:15.578 10720 10733 I art     : Starting a blocking GC Explicit
08-05 14:50:15.594 10720 10733 I art     : Explicit concurrent mark sweep GC freed 223(14KB) AllocSpace objects, 0(0B) LOS objects, 34% free, 30MB/46MB, paused 501us total 16.343ms
08-05 14:50:15.867   380   380 W SurfaceFlinger: couldn't log to binary event log: overflow.
08-05 14:50:15.882 10720 10789 I art     : Starting a blocking GC Explicit
08-05 14:50:15.902 10720 10789 I art     : Explicit concurrent mark sweep GC freed 15868(1403KB) AllocSpace objects, 16(4MB) LOS objects, 34% free, 29MB/45MB, paused 363us total 19.533ms
08-05 14:50:15.911 10720 10789 I art     : Starting a blocking GC Explicit
08-05 14:50:15.926 10720 10789 I art     : Explicit concurrent mark sweep GC freed 10289(519KB) AllocSpace objects, 0(0B) LOS objects, 35% free, 29MB/45MB, paused 341us total 15.503ms
08-05 14:50:15.933 10720 10806 I NAPPA_EXPERIMENTATION: MetricNetworkRequestExecutionTime: REQUEST_DURATION_SYSTEM='567',REQUEST_DURATION_OKHTTP='83',REQUEST_SYNCHRONOUS='FALSE',RESPONSE_CODE='200',RESPONSE_METHOD='GET',RESPONSE_LENGTH_OKHTTP='36',RESPONSE_LENGTH_HEADER='36',REQUEST_PROTOCOL='http/1.1',REQUEST_URL='https://project-travel-mate.herokuapp.com/api/number-of-unread-notifications',
08-05 14:50:15.934 10720 10789 I art     : Starting a blocking GC Explicit
08-05 14:50:15.950 10720 10789 I art     : Explicit concurrent mark sweep GC freed 2061(92KB) AllocSpace objects, 0(0B) LOS objects, 35% free, 29MB/45MB, paused 296us total 15.447ms
08-05 14:50:15.958 10720 10789 I art     : Starting a blocking GC Explicit
08-05 14:50:15.974 10720 10789 I art     : Explicit concurrent mark sweep GC freed 202(7KB) AllocSpace objects, 0(0B) LOS objects, 35% free, 29MB/45MB, paused 315us total 15.987ms
08-05 14:50:15.983 10720 10789 I art     : Starting a blocking GC Explicit
08-05 14:50:16.000 10720 10789 I art     : Explicit concurrent mark sweep GC freed 359(55KB) AllocSpace objects, 0(0B) LOS objects, 34% free, 30MB/46MB, paused 309us total 16.257ms
08-05 14:50:16.295 10720 10733 I art     : Starting a blocking GC Explicit
08-05 14:50:16.316 10720 10733 I art     : Explicit concurrent mark sweep GC freed 11044(1189KB) AllocSpace objects, 17(1732KB) LOS objects, 32% free, 32MB/48MB, paused 286us total 19.923ms
08-05 14:50:16.325 10720 10733 I art     : Starting a blocking GC Explicit
08-05 14:50:16.342 10720 10733 I art     : Explicit concurrent mark sweep GC freed 427(15KB) AllocSpace objects, 2(88KB) LOS objects, 32% free, 32MB/48MB, paused 246us total 16.993ms
08-05 14:50:16.351 10720 10733 I art     : Starting a blocking GC Explicit
08-05 14:50:16.369 10720 10733 I art     : Explicit concurrent mark sweep GC freed 92(3KB) AllocSpace objects, 0(0B) LOS objects, 32% free, 32MB/48MB, paused 430us total 17.728ms
08-05 14:50:16.378 10720 10733 I art     : Starting a blocking GC Explicit
08-05 14:50:16.394 10720 10733 I art     : Explicit concurrent mark sweep GC freed 376(17KB) AllocSpace objects, 0(0B) LOS objects, 32% free, 32MB/48MB, paused 388us total 16.460ms
08-05 14:50:16.403 10720 10733 I art     : Starting a blocking GC Explicit
08-05 14:50:16.421 10720 10733 I art     : Explicit concurrent mark sweep GC freed 60(1584B) AllocSpace objects, 0(0B) LOS objects, 32% free, 32MB/48MB, paused 247us total 17.480ms
08-05 14:50:16.737 10720 10732 I art     : Starting a blocking GC Explicit
08-05 14:50:16.763 10720 10732 I art     : Explicit concurrent mark sweep GC freed 3894(299KB) AllocSpace objects, 7(1388KB) LOS objects, 32% free, 32MB/48MB, paused 285us total 24.784ms
08-05 14:50:16.776 10720 10732 I art     : Starting a blocking GC Explicit
08-05 14:50:16.795 10720 10732 I art     : Explicit concurrent mark sweep GC freed 154(4KB) AllocSpace objects, 0(0B) LOS objects, 32% free, 32MB/48MB, paused 243us total 17.858ms
08-05 14:50:16.804 10720 10732 I art     : Starting a blocking GC Explicit
08-05 14:50:16.822 10720 10732 I art     : Explicit concurrent mark sweep GC freed 229(9KB) AllocSpace objects, 0(0B) LOS objects, 32% free, 32MB/48MB, paused 558us total 18.264ms
08-05 14:50:16.831 10720 10732 I art     : Starting a blocking GC Explicit
08-05 14:50:16.849 10720 10732 I art     : Explicit concurrent mark sweep GC freed 197(9KB) AllocSpace objects, 0(0B) LOS objects, 32% free, 32MB/48MB, paused 392us total 17.602ms
08-05 14:50:16.859 10720 10732 I art     : Starting a blocking GC Explicit
08-05 14:50:16.877 10720 10732 I art     : Explicit concurrent mark sweep GC freed 60(1264B) AllocSpace objects, 0(0B) LOS objects, 32% free, 32MB/48MB, paused 303us total 18.503ms
08-05 14:50:17.222 10720 10789 I art     : Starting a blocking GC Explicit
08-05 14:50:17.246 10720 10789 I art     : Explicit concurrent mark sweep GC freed 1963(92KB) AllocSpace objects, 2(40KB) LOS objects, 32% free, 32MB/48MB, paused 295us total 23.514ms
08-05 14:50:17.259 10720 10789 I art     : Starting a blocking GC Explicit
08-05 14:50:17.276 10720 10789 I art     : Explicit concurrent mark sweep GC freed 70(1584B) AllocSpace objects, 0(0B) LOS objects, 32% free, 32MB/48MB, paused 236us total 16.822ms
08-05 14:50:17.284 10720 10789 I art     : Starting a blocking GC Explicit
08-05 14:50:17.301 10720 10789 I art     : Explicit concurrent mark sweep GC freed 27(496B) AllocSpace objects, 0(0B) LOS objects, 32% free, 32MB/48MB, paused 248us total 16.341ms
08-05 14:50:17.309 10720 10789 I art     : Starting a blocking GC Explicit
08-05 14:50:17.326 10720 10789 I art     : Explicit concurrent mark sweep GC freed 51(896B) AllocSpace objects, 0(0B) LOS objects, 32% free, 32MB/48MB, paused 255us total 16.434ms
08-05 14:50:17.335 10720 10789 I art     : Starting a blocking GC Explicit
08-05 14:50:17.352 10720 10789 I art     : Explicit concurrent mark sweep GC freed 27(496B) AllocSpace objects, 0(0B) LOS objects, 32% free, 32MB/48MB, paused 235us total 16.883ms
08-05 14:50:17.677 10720 10733 I art     : Starting a blocking GC Explicit
08-05 14:50:17.697 10720 10733 I art     : Explicit concurrent mark sweep GC freed 1924(91KB) AllocSpace objects, 2(40KB) LOS objects, 32% free, 32MB/48MB, paused 244us total 19.941ms
08-05 14:50:17.708 10720 10733 I art     : Starting a blocking GC Explicit
08-05 14:50:17.726 10720 10733 I art     : Explicit concurrent mark sweep GC freed 70(1584B) AllocSpace objects, 0(0B) LOS objects, 32% free, 32MB/48MB, paused 257us total 17.728ms
08-05 14:50:17.735 10720 10733 I art     : Starting a blocking GC Explicit
08-05 14:50:17.752 10720 10733 I art     : Explicit concurrent mark sweep GC freed 27(496B) AllocSpace objects, 0(0B) LOS objects, 32% free, 32MB/48MB, paused 230us total 17.372ms
08-05 14:50:17.761 10720 10733 I art     : Starting a blocking GC Explicit
08-05 14:50:17.779 10720 10733 I art     : Explicit concurrent mark sweep GC freed 51(896B) AllocSpace objects, 0(0B) LOS objects, 32% free, 32MB/48MB, paused 236us total 17.084ms
08-05 14:50:17.788 10720 10733 I art     : Starting a blocking GC Explicit
08-05 14:50:17.806 10720 10733 I art     : Explicit concurrent mark sweep GC freed 43(736B) AllocSpace objects, 0(0B) LOS objects, 32% free, 32MB/48MB, paused 306us total 17.847ms
08-05 14:50:18.110 10720 10732 I art     : Starting a blocking GC Explicit
08-05 14:50:18.128 10720 10732 I art     : Explicit concurrent mark sweep GC freed 1884(90KB) AllocSpace objects, 2(40KB) LOS objects, 32% free, 32MB/48MB, paused 258us total 17.513ms
08-05 14:50:18.138 10720 10732 I art     : Starting a blocking GC Explicit
08-05 14:50:18.156 10720 10732 I art     : Explicit concurrent mark sweep GC freed 70(1584B) AllocSpace objects, 0(0B) LOS objects, 32% free, 32MB/48MB, paused 272us total 17.960ms
08-05 14:50:18.165 10720 10732 I art     : Starting a blocking GC Explicit
08-05 14:50:18.183 10720 10732 I art     : Explicit concurrent mark sweep GC freed 27(496B) AllocSpace objects, 0(0B) LOS objects, 32% free, 32MB/48MB, paused 252us total 17.568ms
08-05 14:50:18.192 10720 10732 I art     : Starting a blocking GC Explicit
08-05 14:50:18.210 10720 10732 I art     : Explicit concurrent mark sweep GC freed 51(896B) AllocSpace objects, 0(0B) LOS objects, 32% free, 32MB/48MB, paused 259us total 17.755ms
08-05 14:50:18.219 10720 10732 I art     : Starting a blocking GC Explicit
08-05 14:50:18.236 10720 10732 I art     : Explicit concurrent mark sweep GC freed 27(496B) AllocSpace objects, 0(0B) LOS objects, 32% free, 32MB/48MB, paused 241us total 16.662ms
08-05 14:50:18.591 10720 10789 I art     : Starting a blocking GC Explicit
08-05 14:50:18.616 10720 10789 I art     : Explicit concurrent mark sweep GC freed 1972(91KB) AllocSpace objects, 2(40KB) LOS objects, 32% free, 32MB/48MB, paused 287us total 24.017ms
08-05 14:50:18.626 10720 10789 I art     : Starting a blocking GC Explicit
08-05 14:50:18.644 10720 10789 I art     : Explicit concurrent mark sweep GC freed 70(1584B) AllocSpace objects, 0(0B) LOS objects, 32% free, 32MB/48MB, paused 244us total 17.316ms
08-05 14:50:18.653 10720 10789 I art     : Starting a blocking GC Explicit
08-05 14:50:18.671 10720 10789 I art     : Explicit concurrent mark sweep GC freed 27(496B) AllocSpace objects, 0(0B) LOS objects, 32% free, 32MB/48MB, paused 317us total 17.743ms
08-05 14:50:18.680 10720 10789 I art     : Starting a blocking GC Explicit
08-05 14:50:18.697 10720 10789 I art     : Explicit concurrent mark sweep GC freed 51(896B) AllocSpace objects, 0(0B) LOS objects, 32% free, 32MB/48MB, paused 282us total 17.035ms
08-05 14:50:18.706 10720 10789 I art     : Starting a blocking GC Explicit
08-05 14:50:18.723 10720 10789 I art     : Explicit concurrent mark sweep GC freed 51(896B) AllocSpace objects, 0(0B) LOS objects, 32% free, 32MB/48MB, paused 256us total 17.184ms
08-05 14:50:19.072 10720 10733 I art     : Starting a blocking GC Explicit
08-05 14:50:19.096 10720 10733 I art     : Explicit concurrent mark sweep GC freed 1947(91KB) AllocSpace objects, 2(40KB) LOS objects, 32% free, 32MB/48MB, paused 241us total 23.240ms
08-05 14:50:19.105 10720 10733 I art     : Starting a blocking GC Explicit
08-05 14:50:19.124 10720 10733 I art     : Explicit concurrent mark sweep GC freed 69(1552B) AllocSpace objects, 0(0B) LOS objects, 32% free, 32MB/48MB, paused 258us total 18.199ms
08-05 14:50:19.133 10720 10733 I art     : Starting a blocking GC Explicit
08-05 14:50:19.150 10720 10733 I art     : Explicit concurrent mark sweep GC freed 28(528B) AllocSpace objects, 0(0B) LOS objects, 32% free, 32MB/48MB, paused 252us total 16.642ms
08-05 14:50:19.158 10720 10733 I art     : Starting a blocking GC Explicit
08-05 14:50:19.176 10720 10733 I art     : Explicit concurrent mark sweep GC freed 51(896B) AllocSpace objects, 0(0B) LOS objects, 32% free, 32MB/48MB, paused 251us total 17.269ms
08-05 14:50:19.185 10720 10733 I art     : Starting a blocking GC Explicit
08-05 14:50:19.202 10720 10733 I art     : Explicit concurrent mark sweep GC freed 27(496B) AllocSpace objects, 0(0B) LOS objects, 32% free, 32MB/48MB, paused 229us total 17.093ms
08-05 14:50:19.508 10720 10789 I art     : Starting a blocking GC Explicit
08-05 14:50:19.508   918  3188 I hubconnection: sensorhub said: 'set_bias 3: -6.2400, 0.0000, 0.0000'
08-05 14:50:19.526 10720 10789 I art     : Explicit concurrent mark sweep GC freed 1899(90KB) AllocSpace objects, 2(40KB) LOS objects, 32% free, 32MB/48MB, paused 268us total 18.063ms
08-05 14:50:19.535 10720 10789 I art     : Starting a blocking GC Explicit
08-05 14:50:19.553 10720 10789 I art     : Explicit concurrent mark sweep GC freed 49(1296B) AllocSpace objects, 0(0B) LOS objects, 32% free, 32MB/48MB, paused 246us total 17.615ms
08-05 14:50:19.563 10720 10789 I art     : Starting a blocking GC Explicit
08-05 14:50:19.580 10720 10789 I art     : Explicit concurrent mark sweep GC freed 51(896B) AllocSpace objects, 0(0B) LOS objects, 32% free, 32MB/48MB, paused 239us total 16.932ms
08-05 14:50:19.589 10720 10789 I art     : Starting a blocking GC Explicit
08-05 14:50:19.606 10720 10789 I art     : Explicit concurrent mark sweep GC freed 48(832B) AllocSpace objects, 0(0B) LOS objects, 32% free, 32MB/48MB, paused 311us total 16.915ms
08-05 14:50:19.615 10720 10789 I art     : Starting a blocking GC Explicit
08-05 14:50:19.632 10720 10789 I art     : Explicit concurrent mark sweep GC freed 30(560B) AllocSpace objects, 0(0B) LOS objects, 32% free, 32MB/48MB, paused 261us total 17.324ms
08-05 14:50:20.001 10720 10733 I art     : Starting a blocking GC Explicit
08-05 14:50:20.025 10720 10733 I art     : Explicit concurrent mark sweep GC freed 1975(91KB) AllocSpace objects, 2(40KB) LOS objects, 32% free, 32MB/48MB, paused 345us total 23.920ms
08-05 14:50:20.039 10720 10733 I art     : Starting a blocking GC Explicit
08-05 14:50:20.058 10720 10733 I art     : Explicit concurrent mark sweep GC freed 88(1856B) AllocSpace objects, 0(0B) LOS objects, 32% free, 32MB/48MB, paused 367us total 18.463ms
08-05 14:50:20.067 10720 10733 I art     : Starting a blocking GC Explicit
08-05 14:50:20.085 10720 10733 I art     : Explicit concurrent mark sweep GC freed 29(560B) AllocSpace objects, 0(0B) LOS objects, 32% free, 32MB/48MB, paused 261us total 18.046ms
08-05 14:50:20.094 10720 10733 I art     : Starting a blocking GC Explicit
08-05 14:50:20.112 10720 10733 I art     : Explicit concurrent mark sweep GC freed 51(896B) AllocSpace objects, 0(0B) LOS objects, 32% free, 32MB/48MB, paused 264us total 17.331ms
08-05 14:50:20.121 10720 10733 I art     : Starting a blocking GC Explicit
08-05 14:50:20.139 10720 10733 I art     : Explicit concurrent mark sweep GC freed 27(496B) AllocSpace objects, 0(0B) LOS objects, 32% free, 32MB/48MB, paused 234us total 17.610ms
08-05 14:50:20.492 10720 10732 I art     : Starting a blocking GC Explicit
08-05 14:50:20.516 10720 10732 I art     : Explicit concurrent mark sweep GC freed 1972(91KB) AllocSpace objects, 2(40KB) LOS objects, 32% free, 32MB/48MB, paused 291us total 23.746ms
08-05 14:50:20.530 10720 10732 I art     : Starting a blocking GC Explicit
08-05 14:50:20.546 10720 10732 I art     : Explicit concurrent mark sweep GC freed 70(1584B) AllocSpace objects, 0(0B) LOS objects, 32% free, 32MB/48MB, paused 266us total 16.245ms
08-05 14:50:20.555 10720 10732 I art     : Starting a blocking GC Explicit
08-05 14:50:20.572 10720 10732 I art     : Explicit concurrent mark sweep GC freed 27(496B) AllocSpace objects, 0(0B) LOS objects, 32% free, 32MB/48MB, paused 250us total 16.720ms
08-05 14:50:20.580 10720 10732 I art     : Starting a blocking GC Explicit
08-05 14:50:20.597 10720 10732 I art     : Explicit concurrent mark sweep GC freed 51(896B) AllocSpace objects, 0(0B) LOS objects, 32% free, 32MB/48MB, paused 257us total 16.690ms
08-05 14:50:20.606 10720 10732 I art     : Starting a blocking GC Explicit
08-05 14:50:20.623 10720 10732 I art     : Explicit concurrent mark sweep GC freed 26(464B) AllocSpace objects, 0(0B) LOS objects, 32% free, 32MB/48MB, paused 281us total 16.915ms
08-05 14:50:20.995 10720 10789 I art     : Starting a blocking GC Explicit
08-05 14:50:21.020 10720 10789 I art     : Explicit concurrent mark sweep GC freed 1997(92KB) AllocSpace objects, 2(40KB) LOS objects, 32% free, 32MB/48MB, paused 277us total 24.149ms
08-05 14:50:21.034 10720 10789 I art     : Starting a blocking GC Explicit
08-05 14:50:21.050 10720 10789 I art     : Explicit concurrent mark sweep GC freed 70(1584B) AllocSpace objects, 0(0B) LOS objects, 32% free, 32MB/48MB, paused 250us total 16.325ms
08-05 14:50:21.059 10720 10789 I art     : Starting a blocking GC Explicit
08-05 14:50:21.076 10720 10789 I art     : Explicit concurrent mark sweep GC freed 51(896B) AllocSpace objects, 0(0B) LOS objects, 32% free, 32MB/48MB, paused 250us total 16.569ms
08-05 14:50:21.085 10720 10789 I art     : Starting a blocking GC Explicit
08-05 14:50:21.101 10720 10789 I art     : Explicit concurrent mark sweep GC freed 27(496B) AllocSpace objects, 0(0B) LOS objects, 32% free, 32MB/48MB, paused 257us total 16.654ms
08-05 14:50:21.110 10720 10789 I art     : Starting a blocking GC Explicit
08-05 14:50:21.127 10720 10789 I art     : Explicit concurrent mark sweep GC freed 47(816B) AllocSpace objects, 0(0B) LOS objects, 32% free, 32MB/48MB, paused 294us total 16.592ms
08-05 14:50:21.458 10720 10733 I art     : Starting a blocking GC Explicit
08-05 14:50:21.483 10720 10733 I art     : Explicit concurrent mark sweep GC freed 1928(91KB) AllocSpace objects, 2(40KB) LOS objects, 32% free, 32MB/48MB, paused 309us total 24.566ms
08-05 14:50:21.497 10720 10733 I art     : Starting a blocking GC Explicit
08-05 14:50:21.514 10720 10733 I art     : Explicit concurrent mark sweep GC freed 71(1616B) AllocSpace objects, 0(0B) LOS objects, 32% free, 32MB/48MB, paused 244us total 16.743ms
08-05 14:50:21.522 10720 10733 I art     : Starting a blocking GC Explicit
08-05 14:50:21.539 10720 10733 I art     : Explicit concurrent mark sweep GC freed 27(496B) AllocSpace objects, 0(0B) LOS objects, 32% free, 32MB/48MB, paused 245us total 16.465ms
08-05 14:50:21.548 10720 10733 I art     : Starting a blocking GC Explicit
08-05 14:50:21.564 10720 10733 I art     : Explicit concurrent mark sweep GC freed 51(896B) AllocSpace objects, 0(0B) LOS objects, 32% free, 32MB/48MB, paused 235us total 16.093ms
08-05 14:50:21.573 10720 10733 I art     : Starting a blocking GC Explicit
08-05 14:50:21.590 10720 10733 I art     : Explicit concurrent mark sweep GC freed 27(496B) AllocSpace objects, 0(0B) LOS objects, 32% free, 32MB/48MB, paused 244us total 17.054ms
08-05 14:50:21.862 10966 10966 D AndroidRuntime: >>>>>> START com.android.internal.os.RuntimeInit uid 2000 <<<<<<
08-05 14:50:21.867 10966 10966 D AndroidRuntime: CheckJNI is OFF
08-05 14:50:21.894 10966 10966 D ICU     : No timezone override file found: /data/misc/zoneinfo/current/icu/icu_tzdata.dat
08-05 14:50:21.920 10966 10966 I Radio-JNI: register_android_hardware_Radio DONE
08-05 14:50:21.924 10720 10732 I art     : Starting a blocking GC Explicit
08-05 14:50:21.937 10966 10966 D AndroidRuntime: Calling main entry com.android.commands.input.Input
08-05 14:50:21.939 10966 10966 I Input   : injectMotionEvent: MotionEvent { action=ACTION_DOWN, actionButton=0, id[0]=0, x[0]=346.0, y[0]=709.0, toolType[0]=TOOL_TYPE_UNKNOWN, buttonState=0, metaState=0, flags=0x0, edgeFlags=0x0, pointerCount=1, historySize=0, eventTime=802238352, downTime=802238352, deviceId=0, source=0x1002 }
08-05 14:50:21.943 10720 10732 I art     : Explicit concurrent mark sweep GC freed 1946(91KB) AllocSpace objects, 2(40KB) LOS objects, 32% free, 32MB/48MB, paused 383us total 19.215ms
08-05 14:50:21.946 10966 10966 I Input   : injectMotionEvent: MotionEvent { action=ACTION_UP, actionButton=0, id[0]=0, x[0]=346.0, y[0]=709.0, toolType[0]=TOOL_TYPE_UNKNOWN, buttonState=0, metaState=0, flags=0x0, edgeFlags=0x0, pointerCount=1, historySize=0, eventTime=802238352, downTime=802238352, deviceId=0, source=0x1002 }
08-05 14:50:21.953 10720 10732 I art     : Starting a blocking GC Explicit
08-05 14:50:21.966   918  4413 I ActivityManager: START u0 {cmp=baseline.io.github.project_travel_mate/.destinations.description.FinalCityInfoActivity (has extras)} from uid 10674 on display 0
08-05 14:50:21.971 10966 10966 D AndroidRuntime: Shutting down VM
08-05 14:50:21.986 10720 10732 I art     : Explicit concurrent mark sweep GC freed 1276(189KB) AllocSpace objects, 0(0B) LOS objects, 32% free, 32MB/48MB, paused 601us total 32.271ms
08-05 14:50:21.995 10720 10784 D Gabe    : call	returning from cache
08-05 14:50:21.996 10720 10732 I art     : Starting a blocking GC Explicit
08-05 14:50:22.014 10720 10732 I art     : Explicit concurrent mark sweep GC freed 4910(244KB) AllocSpace objects, 0(0B) LOS objects, 32% free, 33MB/49MB, paused 531us total 17.922ms
08-05 14:50:22.020 10720 10720 V EXECUTING: https://project-travel-mate.herokuapp.com/api/get-city-weather/1
08-05 14:50:22.023 10720 10732 I art     : Starting a blocking GC Explicit
08-05 14:50:22.041 10720 10732 I art     : Explicit concurrent mark sweep GC freed 2030(146KB) AllocSpace objects, 0(0B) LOS objects, 32% free, 33MB/49MB, paused 409us total 17.854ms
08-05 14:50:22.051 10720 10732 I art     : Starting a blocking GC Explicit
08-05 14:50:22.068 10720 10732 I art     : Explicit concurrent mark sweep GC freed 482(22KB) AllocSpace objects, 0(0B) LOS objects, 32% free, 33MB/49MB, paused 768us total 17.714ms
08-05 14:50:22.136   918   936 I ActivityManager: Displayed baseline.io.github.project_travel_mate/.destinations.description.FinalCityInfoActivity: +165ms
08-05 14:50:22.140 13866 13866 I GoogleInputMethodServic: GoogleInputMethodService.onFinishInput():3138 
08-05 14:50:22.140 13866 13866 I GoogleInputMethodServic: GoogleInputMethodService.onStartInput():1808 
08-05 14:50:22.320 10720 10789 I art     : Starting a blocking GC Explicit
08-05 14:50:22.347 10720 10789 I art     : Explicit concurrent mark sweep GC freed 2582(116KB) AllocSpace objects, 2(40KB) LOS objects, 29% free, 37MB/53MB, paused 344us total 26.277ms
08-05 14:50:22.358 10720 10789 I art     : Starting a blocking GC Explicit
08-05 14:50:22.384 10720 10789 I art     : Explicit concurrent mark sweep GC freed 121(2560B) AllocSpace objects, 0(0B) LOS objects, 29% free, 37MB/53MB, paused 321us total 25.157ms
08-05 14:50:22.391   380   380 W SurfaceFlinger: couldn't log to binary event log: overflow.
08-05 14:50:22.396 10720 10789 I art     : Starting a blocking GC Explicit
08-05 14:50:22.415 10720 10789 I art     : Explicit concurrent mark sweep GC freed 100(1728B) AllocSpace objects, 0(0B) LOS objects, 29% free, 37MB/53MB, paused 324us total 19.711ms
08-05 14:50:22.425 10720 10789 I art     : Starting a blocking GC Explicit
08-05 14:50:22.443 10720 10789 I art     : Explicit concurrent mark sweep GC freed 99(1696B) AllocSpace objects, 0(0B) LOS objects, 29% free, 37MB/53MB, paused 303us total 17.395ms
08-05 14:50:22.451 10720 10789 I art     : Starting a blocking GC Explicit
08-05 14:50:22.468 10720 10789 I art     : Explicit concurrent mark sweep GC freed 51(896B) AllocSpace objects, 0(0B) LOS objects, 29% free, 37MB/53MB, paused 295us total 16.743ms
08-05 14:50:22.612 10720 10991 I NAPPA_EXPERIMENTATION: MetricNetworkRequestExecutionTime: REQUEST_DURATION_SYSTEM='592',REQUEST_DURATION_OKHTTP='65',REQUEST_SYNCHRONOUS='FALSE',RESPONSE_CODE='200',RESPONSE_METHOD='GET',RESPONSE_LENGTH_OKHTTP='238',RESPONSE_LENGTH_HEADER='238',REQUEST_PROTOCOL='http/1.1',REQUEST_URL='https://project-travel-mate.herokuapp.com/api/get-city-weather/1',
08-05 14:50:22.625 10720 10992 I NAPPA_EXPERIMENTATION: MetricNetworkRequestExecutionTime: REQUEST_DURATION_SYSTEM='603',REQUEST_DURATION_OKHTTP='79',REQUEST_SYNCHRONOUS='FALSE',RESPONSE_CODE='200',RESPONSE_METHOD='GET',RESPONSE_LENGTH_OKHTTP='530',RESPONSE_LENGTH_HEADER='530',REQUEST_PROTOCOL='http/1.1',REQUEST_URL='https://project-travel-mate.herokuapp.com/api/get-city/1',
08-05 14:50:22.658 10720 10992 V Response: {"id":1,"city_name":"Delhi","description":"Delhi, officially the National Capital Territory of Delhi, is the Capital territory of India. During the British Raj, Delhi was part of the province of Punjab and is still historically and culturally connected to the Punjab region.","latitude":"28.613900","longitude":"77.209000","facts_count":6,"images":["https://upload.wikimedia.org/wikipedia/commons/9/94/%E0%B4%96%E0%B5%81%E0%B4%A4%E0%B5%8D%E0%B4%AC%E0%B5%8D_%E0%B4%AE%E0%B4%BF%E0%B4%A8%E0%B4%BE%E0%B5%BC1.jpg"],"has_visited":false}
08-05 14:50:22.746 10720 10732 I art     : Starting a blocking GC Explicit
08-05 14:50:22.766 10720 10732 I art     : Explicit concurrent mark sweep GC freed 9288(516KB) AllocSpace objects, 9(4MB) LOS objects, 31% free, 35MB/51MB, paused 390us total 19.782ms
08-05 14:50:22.776 10720 10732 I art     : Starting a blocking GC Explicit
08-05 14:50:22.793 10720 10732 I art     : Explicit concurrent mark sweep GC freed 1437(172KB) AllocSpace objects, 4(128KB) LOS objects, 28% free, 39MB/55MB, paused 267us total 16.999ms
08-05 14:50:22.801 10720 10732 I art     : Starting a blocking GC Explicit
08-05 14:50:22.818 10720 10732 I art     : Explicit concurrent mark sweep GC freed 216(20KB) AllocSpace objects, 0(0B) LOS objects, 28% free, 39MB/55MB, paused 307us total 17.042ms
08-05 14:50:22.827 10720 10732 I art     : Starting a blocking GC Explicit
08-05 14:50:22.845 10720 10732 I art     : Explicit concurrent mark sweep GC freed 150(15KB) AllocSpace objects, 1(1204KB) LOS objects, 29% free, 38MB/54MB, paused 318us total 17.999ms
08-05 14:50:22.854 10720 10732 I art     : Starting a blocking GC Explicit
08-05 14:50:22.872 10720 10732 I art     : Explicit concurrent mark sweep GC freed 65(1440B) AllocSpace objects, 0(0B) LOS objects, 29% free, 38MB/54MB, paused 275us total 18.222ms
08-05 14:50:23.177 10720 10732 I art     : Starting a blocking GC Explicit
08-05 14:50:23.195 10720 10732 I art     : Explicit concurrent mark sweep GC freed 2370(99KB) AllocSpace objects, 2(40KB) LOS objects, 29% free, 38MB/54MB, paused 240us total 18.276ms
08-05 14:50:23.204 10720 10732 I art     : Starting a blocking GC Explicit
08-05 14:50:23.221 10720 10732 I art     : Explicit concurrent mark sweep GC freed 72(1728B) AllocSpace objects, 0(0B) LOS objects, 29% free, 38MB/54MB, paused 303us total 17.534ms
08-05 14:50:23.230 10720 10732 I art     : Starting a blocking GC Explicit
08-05 14:50:23.247 10720 10732 I art     : Explicit concurrent mark sweep GC freed 122(2736B) AllocSpace objects, 0(0B) LOS objects, 29% free, 38MB/54MB, paused 278us total 17.293ms
08-05 14:50:23.256 10720 10732 I art     : Starting a blocking GC Explicit
08-05 14:50:23.273 10720 10732 I art     : Explicit concurrent mark sweep GC freed 61(1440B) AllocSpace objects, 0(0B) LOS objects, 29% free, 38MB/54MB, paused 308us total 17.205ms
08-05 14:50:23.281 10720 10732 I art     : Starting a blocking GC Explicit
08-05 14:50:23.299 10720 10732 I art     : Explicit concurrent mark sweep GC freed 99(1696B) AllocSpace objects, 0(0B) LOS objects, 29% free, 38MB/54MB, paused 247us total 17.054ms
08-05 14:50:23.609 10720 10789 I art     : Starting a blocking GC Explicit
08-05 14:50:23.631 10720 10789 I art     : Explicit concurrent mark sweep GC freed 2383(98KB) AllocSpace objects, 2(40KB) LOS objects, 29% free, 38MB/54MB, paused 286us total 22.033ms
08-05 14:50:23.641 10720 10789 I art     : Starting a blocking GC Explicit
08-05 14:50:23.660 10720 10789 I art     : Explicit concurrent mark sweep GC freed 110(2224B) AllocSpace objects, 0(0B) LOS objects, 29% free, 38MB/54MB, paused 373us total 19.719ms
08-05 14:50:23.670 10720 10789 I art     : Starting a blocking GC Explicit
08-05 14:50:23.689 10720 10789 I art     : Explicit concurrent mark sweep GC freed 59(1056B) AllocSpace objects, 0(0B) LOS objects, 29% free, 38MB/54MB, paused 268us total 19.553ms
08-05 14:50:23.699 10720 10789 I art     : Starting a blocking GC Explicit
08-05 14:50:23.718 10720 10789 I art     : Explicit concurrent mark sweep GC freed 99(1696B) AllocSpace objects, 0(0B) LOS objects, 29% free, 38MB/54MB, paused 311us total 19.612ms
08-05 14:50:23.728 10720 10789 I art     : Starting a blocking GC Explicit
08-05 14:50:23.748 10720 10789 I art     : Explicit concurrent mark sweep GC freed 99(1696B) AllocSpace objects, 0(0B) LOS objects, 29% free, 38MB/54MB, paused 262us total 19.858ms
08-05 14:50:24.103 10720 10733 I art     : Starting a blocking GC Explicit
08-05 14:50:24.127 10720 10733 I art     : Explicit concurrent mark sweep GC freed 2480(100KB) AllocSpace objects, 2(40KB) LOS objects, 29% free, 38MB/54MB, paused 423us total 23.679ms
08-05 14:50:24.139 10720 10733 I art     : Starting a blocking GC Explicit
08-05 14:50:24.159 10720 10733 I art     : Explicit concurrent mark sweep GC freed 118(2384B) AllocSpace objects, 0(0B) LOS objects, 29% free, 38MB/54MB, paused 281us total 19.391ms
08-05 14:50:24.168 10720 10733 I art     : Starting a blocking GC Explicit
08-05 14:50:24.188 10720 10733 I art     : Explicit concurrent mark sweep GC freed 99(1696B) AllocSpace objects, 0(0B) LOS objects, 29% free, 38MB/54MB, paused 287us total 19.481ms
08-05 14:50:24.197 10720 10733 I art     : Starting a blocking GC Explicit
08-05 14:50:24.217 10720 10733 I art     : Explicit concurrent mark sweep GC freed 99(1696B) AllocSpace objects, 0(0B) LOS objects, 29% free, 38MB/54MB, paused 288us total 19.443ms
08-05 14:50:24.226 10720 10733 I art     : Starting a blocking GC Explicit
08-05 14:50:24.247 10720 10733 I art     : Explicit concurrent mark sweep GC freed 98(1664B) AllocSpace objects, 0(0B) LOS objects, 29% free, 38MB/54MB, paused 353us total 20.348ms
08-05 14:50:24.647 10720 10732 I art     : Starting a blocking GC Explicit
08-05 14:50:24.669 10720 10732 I art     : Explicit concurrent mark sweep GC freed 2625(102KB) AllocSpace objects, 2(40KB) LOS objects, 29% free, 38MB/54MB, paused 286us total 22.214ms
08-05 14:50:24.681 10720 10732 I art     : Starting a blocking GC Explicit
08-05 14:50:24.701 10720 10732 I art     : Explicit concurrent mark sweep GC freed 118(2384B) AllocSpace objects, 0(0B) LOS objects, 29% free, 38MB/54MB, paused 282us total 19.511ms
08-05 14:50:24.710 10720 10732 I art     : Starting a blocking GC Explicit
08-05 14:50:24.730 10720 10732 I art     : Explicit concurrent mark sweep GC freed 98(1664B) AllocSpace objects, 0(0B) LOS objects, 29% free, 38MB/54MB, paused 337us total 19.790ms
08-05 14:50:24.740 10720 10732 I art     : Starting a blocking GC Explicit
08-05 14:50:24.759 10720 10732 I art     : Explicit concurrent mark sweep GC freed 52(928B) AllocSpace objects, 0(0B) LOS objects, 29% free, 38MB/54MB, paused 281us total 19.190ms
08-05 14:50:24.768 10720 10732 I art     : Starting a blocking GC Explicit
08-05 14:50:24.787 10720 10732 I art     : Explicit concurrent mark sweep GC freed 99(1696B) AllocSpace objects, 0(0B) LOS objects, 29% free, 38MB/54MB, paused 276us total 19.258ms
08-05 14:50:25.151 10720 10789 I art     : Starting a blocking GC Explicit
08-05 14:50:25.175 10720 10789 I art     : Explicit concurrent mark sweep GC freed 2528(100KB) AllocSpace objects, 2(40KB) LOS objects, 29% free, 38MB/54MB, paused 306us total 23.527ms
08-05 14:50:25.185 10720 10789 I art     : Starting a blocking GC Explicit
08-05 14:50:25.203 10720 10789 I art     : Explicit concurrent mark sweep GC freed 118(2384B) AllocSpace objects, 0(0B) LOS objects, 29% free, 38MB/54MB, paused 270us total 18.197ms
08-05 14:50:25.212 10720 10789 I art     : Starting a blocking GC Explicit
08-05 14:50:25.230 10720 10789 I art     : Explicit concurrent mark sweep GC freed 99(1696B) AllocSpace objects, 0(0B) LOS objects, 29% free, 38MB/54MB, paused 315us total 18.683ms
08-05 14:50:25.239 10720 10789 I art     : Starting a blocking GC Explicit
08-05 14:50:25.259 10720 10789 I art     : Explicit concurrent mark sweep GC freed 51(896B) AllocSpace objects, 0(0B) LOS objects, 29% free, 38MB/54MB, paused 269us total 19.287ms
08-05 14:50:25.268 10720 10789 I art     : Starting a blocking GC Explicit
08-05 14:50:25.288 10720 10789 I art     : Explicit concurrent mark sweep GC freed 99(1696B) AllocSpace objects, 0(0B) LOS objects, 29% free, 38MB/54MB, paused 281us total 20.135ms
08-05 14:50:25.638 10720 10733 I art     : Starting a blocking GC Explicit
08-05 14:50:25.659 10720 10733 I art     : Explicit concurrent mark sweep GC freed 2480(100KB) AllocSpace objects, 2(40KB) LOS objects, 29% free, 38MB/54MB, paused 294us total 21.132ms
08-05 14:50:25.669 10720 10733 I art     : Starting a blocking GC Explicit
08-05 14:50:25.688 10720 10733 I art     : Explicit concurrent mark sweep GC freed 118(2384B) AllocSpace objects, 0(0B) LOS objects, 29% free, 38MB/54MB, paused 280us total 18.484ms
08-05 14:50:25.697 10720 10733 I art     : Starting a blocking GC Explicit
08-05 14:50:25.716 10720 10733 I art     : Explicit concurrent mark sweep GC freed 99(1696B) AllocSpace objects, 0(0B) LOS objects, 29% free, 38MB/54MB, paused 280us total 19.324ms
08-05 14:50:25.725 10720 10733 I art     : Starting a blocking GC Explicit
08-05 14:50:25.745 10720 10733 I art     : Explicit concurrent mark sweep GC freed 51(896B) AllocSpace objects, 0(0B) LOS objects, 29% free, 38MB/54MB, paused 316us total 19.130ms
08-05 14:50:25.754 10720 10733 I art     : Starting a blocking GC Explicit
08-05 14:50:25.774 10720 10733 I art     : Explicit concurrent mark sweep GC freed 99(1696B) AllocSpace objects, 0(0B) LOS objects, 29% free, 38MB/54MB, paused 288us total 20.118ms
08-05 14:50:26.128 10720 10732 I art     : Starting a blocking GC Explicit
08-05 14:50:26.152 10720 10732 I art     : Explicit concurrent mark sweep GC freed 2527(100KB) AllocSpace objects, 2(40KB) LOS objects, 29% free, 38MB/54MB, paused 301us total 23.270ms
08-05 14:50:26.164 10720 10732 I art     : Starting a blocking GC Explicit
08-05 14:50:26.184 10720 10732 I art     : Explicit concurrent mark sweep GC freed 119(2416B) AllocSpace objects, 0(0B) LOS objects, 29% free, 38MB/54MB, paused 274us total 19.304ms
08-05 14:50:26.193 10720 10732 I art     : Starting a blocking GC Explicit
08-05 14:50:26.212 10720 10732 I art     : Explicit concurrent mark sweep GC freed 51(896B) AllocSpace objects, 0(0B) LOS objects, 29% free, 38MB/54MB, paused 248us total 18.843ms
08-05 14:50:26.221 10720 10732 I art     : Starting a blocking GC Explicit
08-05 14:50:26.240 10720 10732 I art     : Explicit concurrent mark sweep GC freed 122(2736B) AllocSpace objects, 0(0B) LOS objects, 29% free, 38MB/54MB, paused 272us total 18.646ms
08-05 14:50:26.249 10720 10732 I art     : Starting a blocking GC Explicit
08-05 14:50:26.267 10720 10732 I art     : Explicit concurrent mark sweep GC freed 109(2240B) AllocSpace objects, 0(0B) LOS objects, 29% free, 38MB/54MB, paused 325us total 17.467ms
08-05 14:50:26.533 11088 11088 D AndroidRuntime: >>>>>> START com.android.internal.os.RuntimeInit uid 2000 <<<<<<
08-05 14:50:26.538 11088 11088 D AndroidRuntime: CheckJNI is OFF
08-05 14:50:26.564 11088 11088 D ICU     : No timezone override file found: /data/misc/zoneinfo/current/icu/icu_tzdata.dat
08-05 14:50:26.564 10720 10733 I art     : Starting a blocking GC Explicit
08-05 14:50:26.585 10720 10733 I art     : Explicit concurrent mark sweep GC freed 2336(97KB) AllocSpace objects, 2(40KB) LOS objects, 29% free, 38MB/54MB, paused 307us total 19.988ms
08-05 14:50:26.591 11088 11088 I Radio-JNI: register_android_hardware_Radio DONE
08-05 14:50:26.594 10720 10733 I art     : Starting a blocking GC Explicit
08-05 14:50:26.607 11088 11088 D AndroidRuntime: Calling main entry com.android.commands.input.Input
08-05 14:50:26.609 11088 11088 I Input   : injectMotionEvent: MotionEvent { action=ACTION_DOWN, actionButton=0, id[0]=0, x[0]=693.0, y[0]=1450.0, toolType[0]=TOOL_TYPE_UNKNOWN, buttonState=0, metaState=0, flags=0x0, edgeFlags=0x0, pointerCount=1, historySize=0, eventTime=802243022, downTime=802243022, deviceId=0, source=0x1002 }
08-05 14:50:26.614 10720 10733 I art     : Explicit concurrent mark sweep GC freed 117(2352B) AllocSpace objects, 0(0B) LOS objects, 29% free, 38MB/54MB, paused 395us total 20.361ms
08-05 14:50:26.616 11088 11088 I Input   : injectMotionEvent: MotionEvent { action=ACTION_UP, actionButton=0, id[0]=0, x[0]=693.0, y[0]=1450.0, toolType[0]=TOOL_TYPE_UNKNOWN, buttonState=0, metaState=0, flags=0x0, edgeFlags=0x0, pointerCount=1, historySize=0, eventTime=802243022, downTime=802243022, deviceId=0, source=0x1002 }
08-05 14:50:26.618 11088 11088 D AndroidRuntime: Shutting down VM
08-05 14:50:26.620   918  4400 I ActivityManager: START u0 {cmp=baseline.io.github.project_travel_mate/.destinations.description.CityHistoryActivity} from uid 10674 on display 0
08-05 14:50:26.621   512  2967 D audio_hw_primary: out_set_parameters: enter: usecase(1: low-latency-playback) kvpairs: routing=2
08-05 14:50:26.625 10720 10733 I art     : Starting a blocking GC Explicit
08-05 14:50:26.634   512  2967 D audio_hw_primary: select_devices: out_snd_device(2: speaker) in_snd_device(0: none)
08-05 14:50:26.634   512  2967 D msm8974_platform: platform_send_audio_calibration: sending audio calibration for snd_device(2) acdb_id(15)
08-05 14:50:26.635   512  2967 I soundtrigger: audio_extn_sound_trigger_update_device_status: device 0x2 of type 0 for Event 1
08-05 14:50:26.645 10720 10733 I art     : Explicit concurrent mark sweep GC freed 296(58KB) AllocSpace objects, 0(0B) LOS objects, 29% free, 38MB/54MB, paused 912us total 20.011ms
08-05 14:50:26.645 10720 10784 D Gabe    : call	returning from cache
08-05 14:50:26.646   512  2967 D audio_hw_primary: enable_snd_device: snd_device(2: speaker)
08-05 14:50:26.647 10720 10720 V EXECUTING: https://project-travel-mate.herokuapp.com/api/get-city-information/1
08-05 14:50:26.648   512  2967 D audio_hw_primary: enable_audio_route: apply and update mixer path: low-latency-playback speaker
08-05 14:50:26.655 10720 10733 I art     : Starting a blocking GC Explicit
08-05 14:50:26.673 10720 10733 I art     : Explicit concurrent mark sweep GC freed 473(61KB) AllocSpace objects, 0(0B) LOS objects, 29% free, 38MB/54MB, paused 324us total 18.276ms
08-05 14:50:26.682 10720 10733 I art     : Starting a blocking GC Explicit
08-05 14:50:26.702 10720 10733 I art     : Explicit concurrent mark sweep GC freed 568(16KB) AllocSpace objects, 0(0B) LOS objects, 27% free, 42MB/58MB, paused 593us total 20.174ms
08-05 14:50:26.757   918   936 I ActivityManager: Displayed baseline.io.github.project_travel_mate/.destinations.description.CityHistoryActivity: +131ms
08-05 14:50:26.757 13866 13866 I GoogleInputMethodServic: GoogleInputMethodService.onFinishInput():3138 
08-05 14:50:26.758 13866 13866 I GoogleInputMethodServic: GoogleInputMethodService.onStartInput():1808 
08-05 14:50:26.956 10720 10789 I art     : Starting a blocking GC Explicit
08-05 14:50:26.983 10720 10789 I art     : Explicit concurrent mark sweep GC freed 2531(107KB) AllocSpace objects, 2(40KB) LOS objects, 27% free, 42MB/58MB, paused 476us total 26.332ms
08-05 14:50:26.993 10720 10789 I art     : Starting a blocking GC Explicit
08-05 14:50:27.013   380   380 W SurfaceFlinger: couldn't log to binary event log: overflow.
08-05 14:50:27.019 10720 10789 I art     : Explicit concurrent mark sweep GC freed 197(3KB) AllocSpace objects, 0(0B) LOS objects, 27% free, 42MB/58MB, paused 352us total 25.308ms
08-05 14:50:27.030 10720 10789 I art     : Starting a blocking GC Explicit
08-05 14:50:27.050 10720 10789 I art     : Explicit concurrent mark sweep GC freed 146(2464B) AllocSpace objects, 0(0B) LOS objects, 27% free, 42MB/58MB, paused 306us total 19.610ms
08-05 14:50:27.059 10720 10789 I art     : Starting a blocking GC Explicit
08-05 14:50:27.077 10720 10789 I art     : Explicit concurrent mark sweep GC freed 76(1328B) AllocSpace objects, 0(0B) LOS objects, 27% free, 42MB/58MB, paused 358us total 18.525ms
08-05 14:50:27.086 10720 10789 I art     : Starting a blocking GC Explicit
08-05 14:50:27.107 10720 10789 I art     : Explicit concurrent mark sweep GC freed 147(2496B) AllocSpace objects, 0(0B) LOS objects, 27% free, 42MB/58MB, paused 321us total 20.511ms
08-05 14:50:27.188   512  2967 D audio_hw_primary: disable_audio_route: reset and update mixer path: low-latency-playback speaker
08-05 14:50:27.189   512  2967 D audio_hw_primary: disable_snd_device: snd_device(2: speaker)
08-05 14:50:27.196   512  2967 I soundtrigger: audio_extn_sound_trigger_update_device_status: device 0x2 of type 0 for Event 0
08-05 14:50:27.385 10720 11113 I art     : Starting a blocking GC Explicit
08-05 14:50:27.405 10720 11113 I art     : Explicit concurrent mark sweep GC freed 2397(99KB) AllocSpace objects, 2(40KB) LOS objects, 27% free, 42MB/58MB, paused 458us total 20.046ms
08-05 14:50:27.414 10720 11113 I art     : Starting a blocking GC Explicit
08-05 14:50:27.434 10720 11113 I art     : Explicit concurrent mark sweep GC freed 843(62KB) AllocSpace objects, 2(120KB) LOS objects, 27% free, 42MB/58MB, paused 395us total 19.644ms
08-05 14:50:27.443 10720 11113 I art     : Starting a blocking GC Explicit
08-05 14:50:27.464 10720 11113 I art     : Explicit concurrent mark sweep GC freed 2272(84KB) AllocSpace objects, 0(0B) LOS objects, 27% free, 43MB/59MB, paused 465us total 20.265ms
08-05 14:50:27.473 10720 11113 I art     : Starting a blocking GC Explicit
08-05 14:50:27.486 10720 11112 I NAPPA_EXPERIMENTATION: MetricNetworkRequestExecutionTime: REQUEST_DURATION_SYSTEM='838',REQUEST_DURATION_OKHTTP='30',REQUEST_SYNCHRONOUS='FALSE',RESPONSE_CODE='200',RESPONSE_METHOD='GET',RESPONSE_LENGTH_OKHTTP='55024',RESPONSE_LENGTH_HEADER='55024',REQUEST_PROTOCOL='http/1.1',REQUEST_URL='https://project-travel-mate.herokuapp.com/api/get-city-information/1',
08-05 14:50:27.493 10720 11113 I art     : Explicit concurrent mark sweep GC freed 787(116KB) AllocSpace objects, 1(80KB) LOS objects, 27% free, 42MB/58MB, paused 509us total 19.771ms
08-05 14:50:27.503 10720 11113 I art     : Starting a blocking GC Explicit
08-05 14:50:27.522 10720 11113 I art     : Explicit concurrent mark sweep GC freed 260(7KB) AllocSpace objects, 3(272KB) LOS objects, 27% free, 43MB/59MB, paused 430us total 19.509ms
08-05 14:50:27.557   918  3261 D WifiStateMachine: starting scan for "H369AA63323"WPA_PSK with 2412,5180
08-05 14:50:27.604 13866 13866 I GoogleInputMethodServic: GoogleInputMethodService.onFinishInput():3138 
08-05 14:50:27.605 13866 13866 I GoogleInputMethodServic: GoogleInputMethodService.onStartInput():1808 
08-05 14:50:27.833 10720 10733 I art     : Starting a blocking GC Explicit
08-05 14:50:27.859 10720 10733 I art     : Explicit concurrent mark sweep GC freed 3931(1330KB) AllocSpace objects, 19(4MB) LOS objects, 29% free, 39MB/55MB, paused 330us total 25.129ms
08-05 14:50:27.869 10720 10733 I art     : Starting a blocking GC Explicit
08-05 14:50:27.891 10720 10733 I art     : Explicit concurrent mark sweep GC freed 211(5KB) AllocSpace objects, 0(0B) LOS objects, 29% free, 39MB/55MB, paused 317us total 21.846ms
08-05 14:50:27.900 10720 10733 I art     : Starting a blocking GC Explicit
08-05 14:50:27.922 10720 10733 I art     : Explicit concurrent mark sweep GC freed 147(2496B) AllocSpace objects, 0(0B) LOS objects, 29% free, 39MB/55MB, paused 330us total 21.973ms
08-05 14:50:27.932 10720 10733 I art     : Starting a blocking GC Explicit
08-05 14:50:27.955 10720 10733 I art     : Explicit concurrent mark sweep GC freed 147(2496B) AllocSpace objects, 0(0B) LOS objects, 29% free, 39MB/55MB, paused 349us total 22.707ms
08-05 14:50:27.965 10720 10733 I art     : Starting a blocking GC Explicit
08-05 14:50:27.987 10720 10733 I art     : Explicit concurrent mark sweep GC freed 147(2496B) AllocSpace objects, 0(0B) LOS objects, 29% free, 39MB/55MB, paused 334us total 21.868ms
08-05 14:50:28.301 10720 10789 I art     : Starting a blocking GC Explicit
08-05 14:50:28.328 10720 10789 I art     : Explicit concurrent mark sweep GC freed 2874(106KB) AllocSpace objects, 2(40KB) LOS objects, 29% free, 39MB/55MB, paused 322us total 26.981ms
08-05 14:50:28.339 10720 10789 I art     : Starting a blocking GC Explicit
08-05 14:50:28.362 10720 10789 I art     : Explicit concurrent mark sweep GC freed 170(3KB) AllocSpace objects, 0(0B) LOS objects, 29% free, 39MB/55MB, paused 338us total 22.549ms
08-05 14:50:28.371 10720 10789 I art     : Starting a blocking GC Explicit
08-05 14:50:28.393 10720 10789 I art     : Explicit concurrent mark sweep GC freed 151(2624B) AllocSpace objects, 0(0B) LOS objects, 29% free, 39MB/55MB, paused 334us total 22.351ms
08-05 14:50:28.402 10720 10789 I art     : Starting a blocking GC Explicit
08-05 14:50:28.422 10720 10789 I art     : Explicit concurrent mark sweep GC freed 150(2592B) AllocSpace objects, 0(0B) LOS objects, 29% free, 39MB/55MB, paused 272us total 19.380ms
08-05 14:50:28.431 10720 10789 I art     : Starting a blocking GC Explicit
08-05 14:50:28.451 10720 10789 I art     : Explicit concurrent mark sweep GC freed 150(2592B) AllocSpace objects, 0(0B) LOS objects, 29% free, 39MB/55MB, paused 286us total 19.456ms
08-05 14:50:28.668 10696 10696 I ServiceManager: Waiting for service AtCmdFwd...
08-05 14:50:28.805 10720 10732 I art     : Starting a blocking GC Explicit
08-05 14:50:28.830 10720 10732 I art     : Explicit concurrent mark sweep GC freed 3017(109KB) AllocSpace objects, 2(40KB) LOS objects, 29% free, 39MB/55MB, paused 320us total 25.326ms
08-05 14:50:28.840 10720 10732 I art     : Starting a blocking GC Explicit
08-05 14:50:28.861 10720 10732 I art     : Explicit concurrent mark sweep GC freed 166(3KB) AllocSpace objects, 0(0B) LOS objects, 29% free, 39MB/55MB, paused 273us total 21.230ms
08-05 14:50:28.870 10720 10732 I art     : Starting a blocking GC Explicit
08-05 14:50:28.891 10720 10732 I art     : Explicit concurrent mark sweep GC freed 147(2496B) AllocSpace objects, 0(0B) LOS objects, 29% free, 39MB/55MB, paused 308us total 20.798ms
08-05 14:50:28.900 10720 10732 I art     : Starting a blocking GC Explicit
08-05 14:50:28.922 10720 10732 I art     : Explicit concurrent mark sweep GC freed 147(2496B) AllocSpace objects, 0(0B) LOS objects, 29% free, 39MB/55MB, paused 309us total 21.642ms
08-05 14:50:28.932 10720 10732 I art     : Starting a blocking GC Explicit
08-05 14:50:28.954 10720 10732 I art     : Explicit concurrent mark sweep GC freed 146(2464B) AllocSpace objects, 0(0B) LOS objects, 29% free, 39MB/55MB, paused 316us total 22.130ms
08-05 14:50:29.280 10720 10789 I art     : Starting a blocking GC Explicit
08-05 14:50:29.303 10720 10789 I art     : Explicit concurrent mark sweep GC freed 2950(108KB) AllocSpace objects, 2(40KB) LOS objects, 29% free, 39MB/55MB, paused 319us total 22.763ms
08-05 14:50:29.313 10720 10789 I art     : Starting a blocking GC Explicit
08-05 14:50:29.335 10720 10789 I art     : Explicit concurrent mark sweep GC freed 182(3KB) AllocSpace objects, 0(0B) LOS objects, 29% free, 39MB/55MB, paused 312us total 22.220ms
08-05 14:50:29.345 10720 10789 I art     : Starting a blocking GC Explicit
08-05 14:50:29.367 10720 10789 I art     : Explicit concurrent mark sweep GC freed 139(2336B) AllocSpace objects, 0(0B) LOS objects, 29% free, 39MB/55MB, paused 384us total 22.533ms
08-05 14:50:29.377 10720 10789 I art     : Starting a blocking GC Explicit
08-05 14:50:29.400 10720 10789 I art     : Explicit concurrent mark sweep GC freed 110(1888B) AllocSpace objects, 0(0B) LOS objects, 29% free, 39MB/55MB, paused 426us total 22.628ms
08-05 14:50:29.410 10720 10789 I art     : Starting a blocking GC Explicit
08-05 14:50:29.432 10720 10789 I art     : Explicit concurrent mark sweep GC freed 120(2064B) AllocSpace objects, 0(0B) LOS objects, 29% free, 39MB/55MB, paused 293us total 21.319ms
08-05 14:50:29.669 10696 10696 I ServiceManager: Waiting for service AtCmdFwd...
08-05 14:50:29.778 10720 10733 I art     : Starting a blocking GC Explicit
08-05 14:50:29.802 10720 10733 I art     : Explicit concurrent mark sweep GC freed 3061(109KB) AllocSpace objects, 2(40KB) LOS objects, 29% free, 39MB/55MB, paused 413us total 23.952ms
08-05 14:50:29.812 10720 10733 I art     : Starting a blocking GC Explicit
08-05 14:50:29.834 10720 10733 I art     : Explicit concurrent mark sweep GC freed 144(2816B) AllocSpace objects, 0(0B) LOS objects, 29% free, 39MB/55MB, paused 384us total 21.246ms
08-05 14:50:29.843 10720 10733 I art     : Starting a blocking GC Explicit
08-05 14:50:29.864 10720 10733 I art     : Explicit concurrent mark sweep GC freed 118(2032B) AllocSpace objects, 0(0B) LOS objects, 29% free, 39MB/55MB, paused 320us total 20.662ms
08-05 14:50:29.873 10720 10733 I art     : Starting a blocking GC Explicit
08-05 14:50:29.895 10720 10733 I art     : Explicit concurrent mark sweep GC freed 147(2496B) AllocSpace objects, 0(0B) LOS objects, 29% free, 39MB/55MB, paused 309us total 21.034ms
08-05 14:50:29.904 10720 10733 I art     : Starting a blocking GC Explicit
08-05 14:50:29.926 10720 10733 I art     : Explicit concurrent mark sweep GC freed 147(2496B) AllocSpace objects, 0(0B) LOS objects, 29% free, 39MB/55MB, paused 319us total 21.410ms
08-05 14:50:30.290 10720 11113 I art     : Starting a blocking GC Explicit
08-05 14:50:30.313 10720 11113 I art     : Explicit concurrent mark sweep GC freed 3081(110KB) AllocSpace objects, 2(40KB) LOS objects, 29% free, 39MB/55MB, paused 316us total 23.209ms
08-05 14:50:30.323 10720 11113 I art     : Starting a blocking GC Explicit
08-05 14:50:30.345 10720 11113 I art     : Explicit concurrent mark sweep GC freed 166(3KB) AllocSpace objects, 0(0B) LOS objects, 29% free, 39MB/55MB, paused 314us total 22.201ms
08-05 14:50:30.355 10720 11113 I art     : Starting a blocking GC Explicit
08-05 14:50:30.377 10720 11113 I art     : Explicit concurrent mark sweep GC freed 147(2496B) AllocSpace objects, 0(0B) LOS objects, 29% free, 39MB/55MB, paused 397us total 21.927ms
08-05 14:50:30.387 10720 11113 I art     : Starting a blocking GC Explicit
08-05 14:50:30.409 10720 11113 I art     : Explicit concurrent mark sweep GC freed 147(2496B) AllocSpace objects, 0(0B) LOS objects, 29% free, 39MB/55MB, paused 323us total 22.680ms
08-05 14:50:30.419 10720 11113 I art     : Starting a blocking GC Explicit
08-05 14:50:30.442 10720 11113 I art     : Explicit concurrent mark sweep GC freed 147(2496B) AllocSpace objects, 0(0B) LOS objects, 29% free, 39MB/55MB, paused 309us total 22.338ms
08-05 14:50:30.669 10696 10696 I ServiceManager: Waiting for service AtCmdFwd...
08-05 14:50:30.804 10720 10732 I art     : Starting a blocking GC Explicit
08-05 14:50:30.829 10720 10732 I art     : Explicit concurrent mark sweep GC freed 3082(110KB) AllocSpace objects, 2(40KB) LOS objects, 29% free, 39MB/55MB, paused 322us total 24.691ms
08-05 14:50:30.839 10720 10732 I art     : Starting a blocking GC Explicit
08-05 14:50:30.860 10720 10732 I art     : Explicit concurrent mark sweep GC freed 166(3KB) AllocSpace objects, 0(0B) LOS objects, 29% free, 39MB/55MB, paused 342us total 21.439ms
08-05 14:50:30.870 10720 10732 I art     : Starting a blocking GC Explicit
08-05 14:50:30.890 10720 10732 I art     : Explicit concurrent mark sweep GC freed 147(2496B) AllocSpace objects, 0(0B) LOS objects, 29% free, 39MB/55MB, paused 281us total 20.424ms
08-05 14:50:30.900 10720 10732 I art     : Starting a blocking GC Explicit
08-05 14:50:30.920 10720 10732 I art     : Explicit concurrent mark sweep GC freed 146(2464B) AllocSpace objects, 0(0B) LOS objects, 29% free, 39MB/55MB, paused 282us total 20.276ms
08-05 14:50:30.929 10720 10732 I art     : Starting a blocking GC Explicit
08-05 14:50:30.950 10720 10732 I art     : Explicit concurrent mark sweep GC freed 76(1328B) AllocSpace objects, 0(0B) LOS objects, 29% free, 39MB/55MB, paused 374us total 20.925ms
08-05 14:50:31.191 11208 11208 D AndroidRuntime: >>>>>> START com.android.internal.os.RuntimeInit uid 2000 <<<<<<
08-05 14:50:31.195 11208 11208 D AndroidRuntime: CheckJNI is OFF
08-05 14:50:31.220 11208 11208 D ICU     : No timezone override file found: /data/misc/zoneinfo/current/icu/icu_tzdata.dat
08-05 14:50:31.246 11208 11208 I Radio-JNI: register_android_hardware_Radio DONE
08-05 14:50:31.262 11208 11208 D AndroidRuntime: Calling main entry com.android.commands.input.Input
08-05 14:50:31.263 11208 11208 I Input   : injectKeyEvent: KeyEvent { action=ACTION_DOWN, keyCode=KEYCODE_BACK, scanCode=0, metaState=0, flags=0x0, repeatCount=0, eventTime=802247676, downTime=802247676, deviceId=-1, source=0x101 }
08-05 14:50:31.270 11208 11208 I Input   : injectKeyEvent: KeyEvent { action=ACTION_UP, keyCode=KEYCODE_BACK, scanCode=0, metaState=0, flags=0x0, repeatCount=0, eventTime=802247676, downTime=802247676, deviceId=-1, source=0x101 }
08-05 14:50:31.276 11208 11208 D AndroidRuntime: Shutting down VM
08-05 14:50:31.281 10720 10732 I art     : Starting a blocking GC Explicit
08-05 14:50:31.302 10720 10732 I art     : Explicit concurrent mark sweep GC freed 2991(110KB) AllocSpace objects, 2(40KB) LOS objects, 29% free, 39MB/55MB, paused 300us total 20.453ms
08-05 14:50:31.308 13866 13866 I GoogleInputMethodServic: GoogleInputMethodService.onFinishInput():3138 
08-05 14:50:31.308 13866 13866 I GoogleInputMethodServic: GoogleInputMethodService.onStartInput():1808 
08-05 14:50:31.311 10720 10732 I art     : Starting a blocking GC Explicit
08-05 14:50:31.335 10720 10732 I art     : Explicit concurrent mark sweep GC freed 224(4KB) AllocSpace objects, 0(0B) LOS objects, 29% free, 39MB/55MB, paused 467us total 23.366ms
08-05 14:50:31.345 10720 10732 I art     : Starting a blocking GC Explicit
08-05 14:50:31.366 10720 10732 I art     : Explicit concurrent mark sweep GC freed 145(2592B) AllocSpace objects, 0(0B) LOS objects, 29% free, 39MB/55MB, paused 309us total 20.557ms
08-05 14:50:31.375 10720 10732 I art     : Starting a blocking GC Explicit
08-05 14:50:31.394 10720 10732 I art     : Explicit concurrent mark sweep GC freed 147(2496B) AllocSpace objects, 0(0B) LOS objects, 29% free, 39MB/55MB, paused 278us total 18.621ms
08-05 14:50:31.403 10720 10732 I art     : Starting a blocking GC Explicit
08-05 14:50:31.424 10720 10732 I art     : Explicit concurrent mark sweep GC freed 147(2496B) AllocSpace objects, 0(0B) LOS objects, 29% free, 39MB/55MB, paused 291us total 21.002ms
08-05 14:50:31.601   380   380 W SurfaceFlinger: couldn't log to binary event log: overflow.
08-05 14:50:31.669 10696 10696 I ServiceManager: Waiting for service AtCmdFwd...
08-05 14:50:31.724 10720 10732 I art     : Starting a blocking GC Explicit
08-05 14:50:31.751 10720 10732 I art     : Explicit concurrent mark sweep GC freed 2603(102KB) AllocSpace objects, 4(404KB) LOS objects, 29% free, 38MB/54MB, paused 340us total 26.177ms
08-05 14:50:31.764 10720 10732 I art     : Starting a blocking GC Explicit
08-05 14:50:31.785 10720 10732 I art     : Explicit concurrent mark sweep GC freed 4820(341KB) AllocSpace objects, 7(132KB) LOS objects, 29% free, 38MB/54MB, paused 395us total 20.646ms
08-05 14:50:31.795 10720 10732 I art     : Starting a blocking GC Explicit
08-05 14:50:31.814 10720 10732 I art     : Explicit concurrent mark sweep GC freed 91(1568B) AllocSpace objects, 0(0B) LOS objects, 29% free, 38MB/54MB, paused 291us total 18.897ms
08-05 14:50:31.823 10720 10732 I art     : Starting a blocking GC Explicit
08-05 14:50:31.841 10720 10732 I art     : Explicit concurrent mark sweep GC freed 99(1696B) AllocSpace objects, 0(0B) LOS objects, 29% free, 38MB/54MB, paused 284us total 17.760ms
08-05 14:50:31.850 10720 10732 I art     : Starting a blocking GC Explicit
08-05 14:50:31.867 10720 10732 I art     : Explicit concurrent mark sweep GC freed 51(896B) AllocSpace objects, 0(0B) LOS objects, 29% free, 38MB/54MB, paused 297us total 17.425ms
08-05 14:50:32.180 10720 10733 I art     : Starting a blocking GC Explicit
08-05 14:50:32.199 10720 10733 I art     : Explicit concurrent mark sweep GC freed 2385(98KB) AllocSpace objects, 2(40KB) LOS objects, 29% free, 38MB/54MB, paused 304us total 18.762ms
08-05 14:50:32.207 10720 10733 I art     : Starting a blocking GC Explicit
08-05 14:50:32.226 10720 10733 I art     : Explicit concurrent mark sweep GC freed 118(2384B) AllocSpace objects, 0(0B) LOS objects, 29% free, 38MB/54MB, paused 302us total 18.691ms
08-05 14:50:32.236 10720 10733 I art     : Starting a blocking GC Explicit
08-05 14:50:32.257 10720 10733 I art     : Explicit concurrent mark sweep GC freed 122(2736B) AllocSpace objects, 0(0B) LOS objects, 29% free, 38MB/54MB, paused 354us total 20.624ms
08-05 14:50:32.266 10720 10733 I art     : Starting a blocking GC Explicit
08-05 14:50:32.286 10720 10733 I art     : Explicit concurrent mark sweep GC freed 87(1856B) AllocSpace objects, 0(0B) LOS objects, 29% free, 38MB/54MB, paused 344us total 19.625ms
08-05 14:50:32.295 10720 10733 I art     : Starting a blocking GC Explicit
08-05 14:50:32.313 10720 10733 I art     : Explicit concurrent mark sweep GC freed 73(1280B) AllocSpace objects, 0(0B) LOS objects, 29% free, 38MB/54MB, paused 291us total 18.327ms
08-05 14:50:32.606 10720 11113 I art     : Starting a blocking GC Explicit
08-05 14:50:32.628 10720 11113 I art     : Explicit concurrent mark sweep GC freed 2337(97KB) AllocSpace objects, 2(40KB) LOS objects, 29% free, 38MB/54MB, paused 328us total 21.014ms
08-05 14:50:32.637 10720 11113 I art     : Starting a blocking GC Explicit
08-05 14:50:32.657 10720 11113 I art     : Explicit concurrent mark sweep GC freed 118(2384B) AllocSpace objects, 0(0B) LOS objects, 29% free, 38MB/54MB, paused 343us total 19.986ms
08-05 14:50:32.666 10720 11113 I art     : Starting a blocking GC Explicit
08-05 14:50:32.670 10696 10696 I ServiceManager: Waiting for service AtCmdFwd...
08-05 14:50:32.686 10720 11113 I art     : Explicit concurrent mark sweep GC freed 51(896B) AllocSpace objects, 0(0B) LOS objects, 29% free, 38MB/54MB, paused 421us total 19.869ms
08-05 14:50:32.695 10720 11113 I art     : Starting a blocking GC Explicit
08-05 14:50:32.716 10720 11113 I art     : Explicit concurrent mark sweep GC freed 99(1696B) AllocSpace objects, 0(0B) LOS objects, 29% free, 38MB/54MB, paused 305us total 20.283ms
08-05 14:50:32.725 10720 11113 I art     : Starting a blocking GC Explicit
08-05 14:50:32.745 10720 11113 I art     : Explicit concurrent mark sweep GC freed 99(1696B) AllocSpace objects, 0(0B) LOS objects, 29% free, 38MB/54MB, paused 306us total 19.549ms
08-05 14:50:32.845 11257 11257 D AndroidRuntime: >>>>>> START com.android.internal.os.RuntimeInit uid 2000 <<<<<<
08-05 14:50:32.849 11257 11257 D AndroidRuntime: CheckJNI is OFF
08-05 14:50:32.882 11257 11257 D ICU     : No timezone override file found: /data/misc/zoneinfo/current/icu/icu_tzdata.dat
08-05 14:50:32.905 11257 11257 I Radio-JNI: register_android_hardware_Radio DONE
08-05 14:50:32.922 11257 11257 D AndroidRuntime: Calling main entry com.android.commands.input.Input
08-05 14:50:32.924 11257 11257 I Input   : injectMotionEvent: MotionEvent { action=ACTION_DOWN, actionButton=0, id[0]=0, x[0]=504.0, y[0]=1706.0, toolType[0]=TOOL_TYPE_UNKNOWN, buttonState=0, metaState=0, flags=0x0, edgeFlags=0x0, pointerCount=1, historySize=0, eventTime=802249337, downTime=802249337, deviceId=0, source=0x1002 }
08-05 14:50:32.928 11257 11257 I Input   : injectMotionEvent: MotionEvent { action=ACTION_UP, actionButton=0, id[0]=0, x[0]=504.0, y[0]=1706.0, toolType[0]=TOOL_TYPE_UNKNOWN, buttonState=0, metaState=0, flags=0x0, edgeFlags=0x0, pointerCount=1, historySize=0, eventTime=802249337, downTime=802249337, deviceId=0, source=0x1002 }
08-05 14:50:32.929 11257 11257 D AndroidRuntime: Shutting down VM
08-05 14:50:32.930   512  2967 D audio_hw_primary: out_set_parameters: enter: usecase(1: low-latency-playback) kvpairs: routing=2
08-05 14:50:32.933   918  6111 I ActivityManager: START u0 {cmp=baseline.io.github.project_travel_mate/.destinations.funfacts.FunFactsActivity (has extras)} from uid 10674 on display 0
08-05 14:50:32.944   512  2967 D audio_hw_primary: select_devices: out_snd_device(2: speaker) in_snd_device(0: none)
08-05 14:50:32.944   512  2967 D msm8974_platform: platform_send_audio_calibration: sending audio calibration for snd_device(2) acdb_id(15)
08-05 14:50:32.944   512  2967 I soundtrigger: audio_extn_sound_trigger_update_device_status: device 0x2 of type 0 for Event 1
08-05 14:50:32.951 10720 10784 D Gabe    : call	returning from cache
08-05 14:50:32.953 10720 10720 V EXECUTING: https://project-travel-mate.herokuapp.com/api/get-city-facts/1
08-05 14:50:32.955   512  2967 D audio_hw_primary: enable_snd_device: snd_device(2: speaker)
08-05 14:50:32.957   512  2967 D audio_hw_primary: enable_audio_route: apply and update mixer path: low-latency-playback speaker
08-05 14:50:33.034 10720 11113 I art     : Starting a blocking GC Explicit
08-05 14:50:33.055 10720 11113 I art     : Explicit concurrent mark sweep GC freed 4153(280KB) AllocSpace objects, 2(40KB) LOS objects, 27% free, 42MB/58MB, paused 432us total 20.691ms
08-05 14:50:33.060   918   936 I ActivityManager: Displayed baseline.io.github.project_travel_mate/.destinations.funfacts.FunFactsActivity: +119ms
08-05 14:50:33.060 13866 13866 I GoogleInputMethodServic: GoogleInputMethodService.onFinishInput():3138 
08-05 14:50:33.061 13866 13866 I GoogleInputMethodServic: GoogleInputMethodService.onStartInput():1808 
08-05 14:50:33.065 10720 11113 I art     : Starting a blocking GC Explicit
08-05 14:50:33.086 10720 11113 I art     : Explicit concurrent mark sweep GC freed 325(12KB) AllocSpace objects, 0(0B) LOS objects, 27% free, 42MB/58MB, paused 472us total 20.855ms
08-05 14:50:33.097 10720 11113 I art     : Starting a blocking GC Explicit
08-05 14:50:33.120 10720 11113 I art     : Explicit concurrent mark sweep GC freed 85(1632B) AllocSpace objects, 0(0B) LOS objects, 27% free, 42MB/58MB, paused 400us total 22.139ms
08-05 14:50:33.131 10720 11113 I art     : Starting a blocking GC Explicit
08-05 14:50:33.155 10720 11113 I art     : Explicit concurrent mark sweep GC freed 55(928B) AllocSpace objects, 0(0B) LOS objects, 27% free, 42MB/58MB, paused 484us total 22.937ms
08-05 14:50:33.167 10720 11113 I art     : Starting a blocking GC Explicit
08-05 14:50:33.188 10720 11113 I art     : Explicit concurrent mark sweep GC freed 154(2720B) AllocSpace objects, 0(0B) LOS objects, 27% free, 42MB/58MB, paused 377us total 21.231ms
08-05 14:50:33.303   380   380 W SurfaceFlinger: couldn't log to binary event log: overflow.
08-05 14:50:33.455 10720 11113 I art     : Starting a blocking GC Explicit
08-05 14:50:33.478 10720 11113 I art     : Explicit concurrent mark sweep GC freed 2558(101KB) AllocSpace objects, 2(40KB) LOS objects, 27% free, 42MB/58MB, paused 497us total 22.149ms
08-05 14:50:33.487 10720 11113 I art     : Starting a blocking GC Explicit
08-05 14:50:33.489   512  2967 D audio_hw_primary: disable_audio_route: reset and update mixer path: low-latency-playback speaker
08-05 14:50:33.490   512  2967 D audio_hw_primary: disable_snd_device: snd_device(2: speaker)
08-05 14:50:33.497   512  2967 I soundtrigger: audio_extn_sound_trigger_update_device_status: device 0x2 of type 0 for Event 0
08-05 14:50:33.507 10720 11113 I art     : Explicit concurrent mark sweep GC freed 168(3KB) AllocSpace objects, 0(0B) LOS objects, 27% free, 42MB/58MB, paused 532us total 19.516ms
08-05 14:50:33.517 10720 11113 I art     : Starting a blocking GC Explicit
08-05 14:50:33.537 10720 11113 I art     : Explicit concurrent mark sweep GC freed 36(704B) AllocSpace objects, 0(0B) LOS objects, 27% free, 42MB/58MB, paused 650us total 20.045ms
08-05 14:50:33.546 10720 11113 I art     : Starting a blocking GC Explicit
08-05 14:50:33.566 10720 11113 I art     : Explicit concurrent mark sweep GC freed 127(2144B) AllocSpace objects, 0(0B) LOS objects, 27% free, 42MB/58MB, paused 620us total 19.868ms
08-05 14:50:33.576 10720 11113 I art     : Starting a blocking GC Explicit
08-05 14:50:33.596 10720 11113 I art     : Explicit concurrent mark sweep GC freed 21(384B) AllocSpace objects, 0(0B) LOS objects, 27% free, 42MB/58MB, paused 607us total 20.424ms
08-05 14:50:33.670 10696 10696 W Atfwd_Sendcmd: AtCmdFwd service not published, waiting... retryCnt : 4
08-05 14:50:33.749 10720 11286 I NAPPA_EXPERIMENTATION: MetricNetworkRequestExecutionTime: REQUEST_DURATION_SYSTEM='795',REQUEST_DURATION_OKHTTP='46',REQUEST_SYNCHRONOUS='FALSE',RESPONSE_CODE='200',RESPONSE_METHOD='GET',RESPONSE_LENGTH_OKHTTP='1793',RESPONSE_LENGTH_HEADER='1793',REQUEST_PROTOCOL='http/1.1',REQUEST_URL='https://project-travel-mate.herokuapp.com/api/get-city-facts/1',
08-05 14:50:33.751 10720 11286 V EXECUTING: https://project-travel-mate.herokuapp.com/api/get-city-images/1
08-05 14:50:33.856 10720 10732 I art     : Starting a blocking GC Explicit
08-05 14:50:33.877 10720 10732 I art     : Explicit concurrent mark sweep GC freed 5527(278KB) AllocSpace objects, 5(240KB) LOS objects, 26% free, 43MB/59MB, paused 542us total 21.236ms
08-05 14:50:33.886 10720 10732 I art     : Starting a blocking GC Explicit
08-05 14:50:33.907 10720 10732 I art     : Explicit concurrent mark sweep GC freed 992(117KB) AllocSpace objects, 0(0B) LOS objects, 27% free, 43MB/59MB, paused 450us total 20.366ms
08-05 14:50:33.916 10720 10732 I art     : Starting a blocking GC Explicit
08-05 14:50:33.937 10720 10732 I art     : Explicit concurrent mark sweep GC freed 128(2144B) AllocSpace objects, 0(0B) LOS objects, 27% free, 43MB/59MB, paused 604us total 20.844ms
08-05 14:50:33.947 10720 10732 I art     : Starting a blocking GC Explicit
08-05 14:50:33.967 10720 10732 I art     : Explicit concurrent mark sweep GC freed 54(912B) AllocSpace objects, 0(0B) LOS objects, 27% free, 43MB/59MB, paused 403us total 19.829ms
08-05 14:50:33.977 10720 10732 I art     : Starting a blocking GC Explicit
08-05 14:50:33.998 10720 10732 I art     : Explicit concurrent mark sweep GC freed 98(1664B) AllocSpace objects, 0(0B) LOS objects, 27% free, 43MB/59MB, paused 535us total 20.800ms
08-05 14:50:34.137   518   646 I ThermalEngine: ACTION: GPU - Setting GPU[0] to 510000000
08-05 14:50:34.251 10720 11304 I NAPPA_EXPERIMENTATION: MetricNetworkRequestExecutionTime: REQUEST_DURATION_SYSTEM='499',REQUEST_DURATION_OKHTTP='43',REQUEST_SYNCHRONOUS='FALSE',RESPONSE_CODE='200',RESPONSE_METHOD='GET',RESPONSE_LENGTH_OKHTTP='183',RESPONSE_LENGTH_HEADER='183',REQUEST_PROTOCOL='http/1.1',REQUEST_URL='https://project-travel-mate.herokuapp.com/api/get-city-images/1',
08-05 14:50:34.289 10720 11304 V RESPONSE: [{"id":17,"image_url":"https://upload.wikimedia.org/wikipedia/commons/9/94/%E0%B4%96%E0%B5%81%E0%B4%A4%E0%B5%8D%E0%B4%AC%E0%B5%8D_%E0%B4%AE%E0%B4%BF%E0%B4%A8%E0%B4%BE%E0%B5%BC1.jpg"}]
08-05 14:50:34.308 10720 10732 I art     : Starting a blocking GC Explicit
08-05 14:50:34.335 10720 10732 I art     : Explicit concurrent mark sweep GC freed 5282(249KB) AllocSpace objects, 5(240KB) LOS objects, 26% free, 43MB/59MB, paused 640us total 26.214ms
08-05 14:50:34.348 10720 10732 I art     : Starting a blocking GC Explicit
08-05 14:50:34.373 10720 10732 I art     : Explicit concurrent mark sweep GC freed 983(117KB) AllocSpace objects, 0(0B) LOS objects, 26% free, 43MB/59MB, paused 590us total 25.161ms
08-05 14:50:34.385 10720 10732 I art     : Starting a blocking GC Explicit
08-05 14:50:34.413 10720 10732 I art     : Explicit concurrent mark sweep GC freed 3159(161KB) AllocSpace objects, 0(0B) LOS objects, 26% free, 43MB/59MB, paused 1.007ms total 27.684ms
08-05 14:50:34.425 10720 10732 I art     : Starting a blocking GC Explicit
08-05 14:50:34.451 10720 10732 I art     : Explicit concurrent mark sweep GC freed 397(40KB) AllocSpace objects, 1(4MB) LOS objects, 28% free, 39MB/55MB, paused 441us total 25.736ms
08-05 14:50:34.463 10720 10732 I art     : Starting a blocking GC Explicit
08-05 14:50:34.489 10720 10732 I art     : Explicit concurrent mark sweep GC freed 29(1184B) AllocSpace objects, 0(0B) LOS objects, 28% free, 39MB/55MB, paused 541us total 26.385ms
08-05 14:50:34.846 10720 11113 I art     : Starting a blocking GC Explicit
08-05 14:50:34.874 10720 11113 I art     : Explicit concurrent mark sweep GC freed 3190(112KB) AllocSpace objects, 2(40KB) LOS objects, 28% free, 39MB/55MB, paused 469us total 27.948ms
08-05 14:50:34.889 10720 11113 I art     : Starting a blocking GC Explicit
08-05 14:50:34.919 10720 11113 I art     : Explicit concurrent mark sweep GC freed 166(3KB) AllocSpace objects, 0(0B) LOS objects, 28% free, 39MB/55MB, paused 469us total 28.651ms
08-05 14:50:34.931 10720 11113 I art     : Starting a blocking GC Explicit
08-05 14:50:34.959 10720 11113 I art     : Explicit concurrent mark sweep GC freed 220(3KB) AllocSpace objects, 0(0B) LOS objects, 28% free, 39MB/55MB, paused 451us total 27.985ms
08-05 14:50:34.972 10720 11113 I art     : Starting a blocking GC Explicit
08-05 14:50:35.001 10720 11113 I art     : Explicit concurrent mark sweep GC freed 146(2464B) AllocSpace objects, 0(0B) LOS objects, 28% free, 39MB/55MB, paused 486us total 28.710ms
08-05 14:50:35.014 10720 11113 I art     : Starting a blocking GC Explicit
08-05 14:50:35.042 10720 11113 I art     : Explicit concurrent mark sweep GC freed 220(3KB) AllocSpace objects, 0(0B) LOS objects, 28% free, 39MB/55MB, paused 477us total 28.224ms
08-05 14:50:35.362 10720 10733 I art     : Starting a blocking GC Explicit
08-05 14:50:35.392 10720 10733 I art     : Explicit concurrent mark sweep GC freed 2942(108KB) AllocSpace objects, 2(40KB) LOS objects, 28% free, 39MB/55MB, paused 587us total 28.994ms
08-05 14:50:35.404 10720 10733 I art     : Starting a blocking GC Explicit
08-05 14:50:35.432 10720 10733 I art     : Explicit concurrent mark sweep GC freed 191(4KB) AllocSpace objects, 0(0B) LOS objects, 28% free, 39MB/55MB, paused 464us total 28.117ms
08-05 14:50:35.445 10720 10733 I art     : Starting a blocking GC Explicit
08-05 14:50:35.473 10720 10733 I art     : Explicit concurrent mark sweep GC freed 147(2496B) AllocSpace objects, 0(0B) LOS objects, 28% free, 39MB/55MB, paused 528us total 27.252ms
08-05 14:50:35.486 10720 10733 I art     : Starting a blocking GC Explicit
08-05 14:50:35.513 10720 10733 I art     : Explicit concurrent mark sweep GC freed 202(3KB) AllocSpace objects, 0(0B) LOS objects, 28% free, 39MB/55MB, paused 499us total 27.067ms
08-05 14:50:35.526 10720 10733 I art     : Starting a blocking GC Explicit
08-05 14:50:35.553 10720 10733 I art     : Explicit concurrent mark sweep GC freed 163(2752B) AllocSpace objects, 0(0B) LOS objects, 28% free, 39MB/55MB, paused 491us total 27.390ms
08-05 14:50:35.619 11331 11331 D AndroidRuntime: >>>>>> START com.android.internal.os.RuntimeInit uid 2000 <<<<<<
08-05 14:50:35.623 11331 11331 D AndroidRuntime: CheckJNI is OFF
08-05 14:50:35.658 11331 11331 D ICU     : No timezone override file found: /data/misc/zoneinfo/current/icu/icu_tzdata.dat
08-05 14:50:35.692 11331 11331 I Radio-JNI: register_android_hardware_Radio DONE
08-05 14:50:35.715 11331 11331 D AndroidRuntime: Calling main entry com.android.commands.input.Input
08-05 14:50:35.717 11331 11331 I Input   : injectKeyEvent: KeyEvent { action=ACTION_DOWN, keyCode=KEYCODE_BACK, scanCode=0, metaState=0, flags=0x0, repeatCount=0, eventTime=802252130, downTime=802252130, deviceId=-1, source=0x101 }
08-05 14:50:35.725 11331 11331 I Input   : injectKeyEvent: KeyEvent { action=ACTION_UP, keyCode=KEYCODE_BACK, scanCode=0, metaState=0, flags=0x0, repeatCount=0, eventTime=802252130, downTime=802252130, deviceId=-1, source=0x101 }
08-05 14:50:35.730 11331 11331 D AndroidRuntime: Shutting down VM
08-05 14:50:35.765 13866 13866 I GoogleInputMethodServic: GoogleInputMethodService.onFinishInput():3138 
08-05 14:50:35.766 13866 13866 I GoogleInputMethodServic: GoogleInputMethodService.onStartInput():1808 
08-05 14:50:35.872 10720 10732 I art     : Starting a blocking GC Explicit
08-05 14:50:35.909 10720 10732 I art     : Explicit concurrent mark sweep GC freed 3079(112KB) AllocSpace objects, 2(40KB) LOS objects, 28% free, 39MB/55MB, paused 545us total 36.270ms
08-05 14:50:35.927 10720 10732 I art     : Starting a blocking GC Explicit
08-05 14:50:35.965 10720 10732 I art     : Explicit concurrent mark sweep GC freed 279(5KB) AllocSpace objects, 0(0B) LOS objects, 28% free, 39MB/55MB, paused 718us total 37.746ms
08-05 14:50:35.979 10720 10732 I art     : Starting a blocking GC Explicit
08-05 14:50:36.014 10720 10732 I art     : Explicit concurrent mark sweep GC freed 219(3KB) AllocSpace objects, 0(0B) LOS objects, 28% free, 39MB/55MB, paused 498us total 34.390ms
08-05 14:50:36.029 10720 10732 I art     : Starting a blocking GC Explicit
08-05 14:50:36.056   380   380 W SurfaceFlinger: couldn't log to binary event log: overflow.
08-05 14:50:36.059 10720 10732 I art     : Explicit concurrent mark sweep GC freed 958(38KB) AllocSpace objects, 0(0B) LOS objects, 28% free, 39MB/55MB, paused 612us total 30.272ms
08-05 14:50:36.072 10720 10732 I art     : Starting a blocking GC Explicit
08-05 14:50:36.098 10720 10732 I art     : Explicit concurrent mark sweep GC freed 145(4KB) AllocSpace objects, 3(644KB) LOS objects, 29% free, 38MB/54MB, paused 500us total 26.098ms
08-05 14:50:36.445 10720 10733 I art     : Starting a blocking GC Explicit
08-05 14:50:36.476 10720 10733 I art     : Explicit concurrent mark sweep GC freed 7904(365KB) AllocSpace objects, 3(68KB) LOS objects, 29% free, 38MB/54MB, paused 577us total 30.052ms
08-05 14:50:36.489 10720 10733 I art     : Starting a blocking GC Explicit
08-05 14:50:36.515 10720 10733 I art     : Explicit concurrent mark sweep GC freed 165(3KB) AllocSpace objects, 0(0B) LOS objects, 29% free, 38MB/54MB, paused 469us total 25.851ms
08-05 14:50:36.528 10720 10733 I art     : Starting a blocking GC Explicit
08-05 14:50:36.554 10720 10733 I art     : Explicit concurrent mark sweep GC freed 100(1728B) AllocSpace objects, 0(0B) LOS objects, 29% free, 38MB/54MB, paused 453us total 25.787ms
08-05 14:50:36.566 10720 10733 I art     : Starting a blocking GC Explicit
08-05 14:50:36.592 10720 10733 I art     : Explicit concurrent mark sweep GC freed 146(2464B) AllocSpace objects, 0(0B) LOS objects, 29% free, 38MB/54MB, paused 534us total 26.045ms
08-05 14:50:36.605 10720 10733 I art     : Starting a blocking GC Explicit
08-05 14:50:36.631 10720 10733 I art     : Explicit concurrent mark sweep GC freed 100(1728B) AllocSpace objects, 0(0B) LOS objects, 29% free, 38MB/54MB, paused 449us total 26.053ms
08-05 14:50:36.955 10720 10789 I art     : Starting a blocking GC Explicit
08-05 14:50:36.982 10720 10789 I art     : Explicit concurrent mark sweep GC freed 2436(99KB) AllocSpace objects, 2(40KB) LOS objects, 29% free, 38MB/54MB, paused 422us total 26.136ms
08-05 14:50:36.994 10720 10789 I art     : Starting a blocking GC Explicit
08-05 14:50:37.018 10720 10789 I art     : Explicit concurrent mark sweep GC freed 118(2384B) AllocSpace objects, 0(0B) LOS objects, 29% free, 38MB/54MB, paused 455us total 23.720ms
08-05 14:50:37.029 10720 10789 I art     : Starting a blocking GC Explicit
08-05 14:50:37.055 10720 10789 I art     : Explicit concurrent mark sweep GC freed 99(1696B) AllocSpace objects, 0(0B) LOS objects, 29% free, 38MB/54MB, paused 451us total 25.776ms
08-05 14:50:37.068 10720 10789 I art     : Starting a blocking GC Explicit
08-05 14:50:37.093 10720 10789 I art     : Explicit concurrent mark sweep GC freed 146(2464B) AllocSpace objects, 0(0B) LOS objects, 29% free, 38MB/54MB, paused 460us total 25.052ms
08-05 14:50:37.105 10720 10789 I art     : Starting a blocking GC Explicit
08-05 14:50:37.131 10720 10789 I art     : Explicit concurrent mark sweep GC freed 100(1728B) AllocSpace objects, 0(0B) LOS objects, 29% free, 38MB/54MB, paused 435us total 25.059ms
08-05 14:50:37.360 11385 11385 D AndroidRuntime: >>>>>> START com.android.internal.os.RuntimeInit uid 2000 <<<<<<
08-05 14:50:37.365 11385 11385 D AndroidRuntime: CheckJNI is OFF
08-05 14:50:37.399 11385 11385 D ICU     : No timezone override file found: /data/misc/zoneinfo/current/icu/icu_tzdata.dat
08-05 14:50:37.433 11385 11385 I Radio-JNI: register_android_hardware_Radio DONE
08-05 14:50:37.444 10720 11113 I art     : Starting a blocking GC Explicit
08-05 14:50:37.456 11385 11385 D AndroidRuntime: Calling main entry com.android.commands.input.Input
08-05 14:50:37.458 11385 11385 I Input   : injectMotionEvent: MotionEvent { action=ACTION_DOWN, actionButton=0, id[0]=0, x[0]=504.0, y[0]=1706.0, toolType[0]=TOOL_TYPE_UNKNOWN, buttonState=0, metaState=0, flags=0x0, edgeFlags=0x0, pointerCount=1, historySize=0, eventTime=802253871, downTime=802253871, deviceId=0, source=0x1002 }
08-05 14:50:37.464 11385 11385 I Input   : injectMotionEvent: MotionEvent { action=ACTION_UP, actionButton=0, id[0]=0, x[0]=504.0, y[0]=1706.0, toolType[0]=TOOL_TYPE_UNKNOWN, buttonState=0, metaState=0, flags=0x0, edgeFlags=0x0, pointerCount=1, historySize=0, eventTime=802253871, downTime=802253871, deviceId=0, source=0x1002 }
08-05 14:50:37.466 11385 11385 D AndroidRuntime: Shutting down VM
08-05 14:50:37.468   512  2967 D audio_hw_primary: out_set_parameters: enter: usecase(1: low-latency-playback) kvpairs: routing=2
08-05 14:50:37.472 10720 11113 I art     : Explicit concurrent mark sweep GC freed 3552(215KB) AllocSpace objects, 2(40KB) LOS objects, 29% free, 38MB/54MB, paused 688us total 27.210ms
08-05 14:50:37.472   918  5952 I ActivityManager: START u0 {cmp=baseline.io.github.project_travel_mate/.destinations.funfacts.FunFactsActivity (has extras)} from uid 10674 on display 0
08-05 14:50:37.481   512  2967 D audio_hw_primary: select_devices: out_snd_device(2: speaker) in_snd_device(0: none)
08-05 14:50:37.481   512  2967 D msm8974_platform: platform_send_audio_calibration: sending audio calibration for snd_device(2) acdb_id(15)
08-05 14:50:37.481   512  2967 I soundtrigger: audio_extn_sound_trigger_update_device_status: device 0x2 of type 0 for Event 1
08-05 14:50:37.485 10720 11113 I art     : Starting a blocking GC Explicit
08-05 14:50:37.493   512  2967 D audio_hw_primary: enable_snd_device: snd_device(2: speaker)
08-05 14:50:37.494 10720 10784 D Gabe    : call	returning from cache
08-05 14:50:37.495   512  2967 D audio_hw_primary: enable_audio_route: apply and update mixer path: low-latency-playback speaker
08-05 14:50:37.498 10720 10720 V EXECUTING: https://project-travel-mate.herokuapp.com/api/get-city-facts/1
08-05 14:50:37.512 10720 11113 I art     : Explicit concurrent mark sweep GC freed 1557(147KB) AllocSpace objects, 0(0B) LOS objects, 29% free, 38MB/54MB, paused 665us total 26.927ms
08-05 14:50:37.524 10720 11113 I art     : Starting a blocking GC Explicit
08-05 14:50:37.549 10720 11113 I art     : Explicit concurrent mark sweep GC freed 417(13KB) AllocSpace objects, 0(0B) LOS objects, 29% free, 38MB/54MB, paused 930us total 24.817ms
08-05 14:50:37.561 10720 11113 I art     : Starting a blocking GC Explicit
08-05 14:50:37.588 10720 11113 I art     : Explicit concurrent mark sweep GC freed 239(9KB) AllocSpace objects, 0(0B) LOS objects, 27% free, 43MB/59MB, paused 782us total 26.414ms
08-05 14:50:37.600 10720 11113 I art     : Starting a blocking GC Explicit
08-05 14:50:37.625 10720 11113 I art     : Explicit concurrent mark sweep GC freed 28(1168B) AllocSpace objects, 0(0B) LOS objects, 27% free, 42MB/58MB, paused 476us total 24.971ms
08-05 14:50:37.626   918   936 I ActivityManager: Displayed baseline.io.github.project_travel_mate/.destinations.funfacts.FunFactsActivity: +144ms
08-05 14:50:37.627 13866 13866 I GoogleInputMethodServic: GoogleInputMethodService.onFinishInput():3138 
08-05 14:50:37.628 13866 13866 I GoogleInputMethodServic: GoogleInputMethodService.onStartInput():1808 
08-05 14:50:37.875   380   380 W SurfaceFlinger: couldn't log to binary event log: overflow.
08-05 14:50:37.926 10720 10789 I art     : Starting a blocking GC Explicit
08-05 14:50:37.956 10720 10789 I art     : Explicit concurrent mark sweep GC freed 2791(105KB) AllocSpace objects, 2(40KB) LOS objects, 27% free, 43MB/59MB, paused 513us total 29.309ms
08-05 14:50:37.970 10720 10789 I art     : Starting a blocking GC Explicit
08-05 14:50:37.996 10720 10789 I art     : Explicit concurrent mark sweep GC freed 264(5KB) AllocSpace objects, 0(0B) LOS objects, 27% free, 43MB/59MB, paused 453us total 25.843ms
08-05 14:50:38.009 10720 10789 I art     : Starting a blocking GC Explicit
08-05 14:50:38.028   512  2967 D audio_hw_primary: disable_audio_route: reset and update mixer path: low-latency-playback speaker
08-05 14:50:38.029   512  2967 D audio_hw_primary: disable_snd_device: snd_device(2: speaker)
08-05 14:50:38.037   512  2967 I soundtrigger: audio_extn_sound_trigger_update_device_status: device 0x2 of type 0 for Event 0
08-05 14:50:38.037 10720 10789 I art     : Explicit concurrent mark sweep GC freed 124(2080B) AllocSpace objects, 0(0B) LOS objects, 27% free, 43MB/59MB, paused 665us total 27.643ms
08-05 14:50:38.049 10720 10789 I art     : Starting a blocking GC Explicit
08-05 14:50:38.074 10720 10789 I art     : Explicit concurrent mark sweep GC freed 31(768B) AllocSpace objects, 0(0B) LOS objects, 27% free, 43MB/59MB, paused 680us total 25.048ms
08-05 14:50:38.088 10720 10789 I art     : Starting a blocking GC Explicit
08-05 14:50:38.113 10720 10789 I art     : Explicit concurrent mark sweep GC freed 129(2240B) AllocSpace objects, 0(0B) LOS objects, 27% free, 43MB/59MB, paused 660us total 25.439ms
08-05 14:50:38.349 10720 11409 I NAPPA_EXPERIMENTATION: MetricNetworkRequestExecutionTime: REQUEST_DURATION_SYSTEM='849',REQUEST_DURATION_OKHTTP='39',REQUEST_SYNCHRONOUS='FALSE',RESPONSE_CODE='200',RESPONSE_METHOD='GET',RESPONSE_LENGTH_OKHTTP='1793',RESPONSE_LENGTH_HEADER='1793',REQUEST_PROTOCOL='http/1.1',REQUEST_URL='https://project-travel-mate.herokuapp.com/api/get-city-facts/1',
08-05 14:50:38.350 10720 11409 V EXECUTING: https://project-travel-mate.herokuapp.com/api/get-city-images/1
08-05 14:50:38.421 10720 11113 I art     : Starting a blocking GC Explicit
08-05 14:50:38.448 10720 11113 I art     : Explicit concurrent mark sweep GC freed 5428(277KB) AllocSpace objects, 5(240KB) LOS objects, 26% free, 43MB/59MB, paused 599us total 26.308ms
08-05 14:50:38.460 10720 11113 I art     : Starting a blocking GC Explicit
08-05 14:50:38.486 10720 11113 I art     : Explicit concurrent mark sweep GC freed 1115(120KB) AllocSpace objects, 0(0B) LOS objects, 26% free, 43MB/59MB, paused 700us total 26.121ms
08-05 14:50:38.498 10720 11113 I art     : Starting a blocking GC Explicit
08-05 14:50:38.524 10720 11113 I art     : Explicit concurrent mark sweep GC freed 131(2192B) AllocSpace objects, 0(0B) LOS objects, 26% free, 43MB/59MB, paused 661us total 25.236ms
08-05 14:50:38.536 10720 11113 I art     : Starting a blocking GC Explicit
08-05 14:50:38.561 10720 11113 I art     : Explicit concurrent mark sweep GC freed 69(1168B) AllocSpace objects, 0(0B) LOS objects, 26% free, 43MB/59MB, paused 588us total 25.119ms
08-05 14:50:38.574 10720 11113 I art     : Starting a blocking GC Explicit
08-05 14:50:38.600 10720 11113 I art     : Explicit concurrent mark sweep GC freed 80(1360B) AllocSpace objects, 0(0B) LOS objects, 26% free, 43MB/59MB, paused 752us total 26.074ms
08-05 14:50:38.913 10720 10733 I art     : Starting a blocking GC Explicit
08-05 14:50:38.939 10720 10733 I art     : Explicit concurrent mark sweep GC freed 2357(98KB) AllocSpace objects, 2(40KB) LOS objects, 26% free, 43MB/59MB, paused 688us total 26.158ms
08-05 14:50:38.951 10720 10733 I art     : Starting a blocking GC Explicit
08-05 14:50:38.977 10720 10733 I art     : Explicit concurrent mark sweep GC freed 43(1232B) AllocSpace objects, 0(0B) LOS objects, 26% free, 43MB/59MB, paused 619us total 25.437ms
08-05 14:50:38.989 10720 10733 I art     : Starting a blocking GC Explicit
08-05 14:50:39.016 10720 10733 I art     : Explicit concurrent mark sweep GC freed 1227(77KB) AllocSpace objects, 2(120KB) LOS objects, 26% free, 44MB/60MB, paused 1.140ms total 27.046ms
08-05 14:50:39.028 10720 10733 I art     : Starting a blocking GC Explicit
08-05 14:50:39.054 10720 10733 I art     : Explicit concurrent mark sweep GC freed 2459(168KB) AllocSpace objects, 1(80KB) LOS objects, 26% free, 43MB/59MB, paused 676us total 26.421ms
08-05 14:50:39.066 10720 10733 I art     : Starting a blocking GC Explicit
08-05 14:50:39.074 10720 11431 I NAPPA_EXPERIMENTATION: MetricNetworkRequestExecutionTime: REQUEST_DURATION_SYSTEM='723',REQUEST_DURATION_OKHTTP='43',REQUEST_SYNCHRONOUS='FALSE',RESPONSE_CODE='200',RESPONSE_METHOD='GET',RESPONSE_LENGTH_OKHTTP='183',RESPONSE_LENGTH_HEADER='183',REQUEST_PROTOCOL='http/1.1',REQUEST_URL='https://project-travel-mate.herokuapp.com/api/get-city-images/1',
08-05 14:50:39.092 10720 10733 I art     : Explicit concurrent mark sweep GC freed 305(19KB) AllocSpace objects, 0(0B) LOS objects, 26% free, 43MB/59MB, paused 727us total 25.331ms
08-05 14:50:39.109 10720 11431 V RESPONSE: [{"id":17,"image_url":"https://upload.wikimedia.org/wikipedia/commons/9/94/%E0%B4%96%E0%B5%81%E0%B4%A4%E0%B5%8D%E0%B4%AC%E0%B5%8D_%E0%B4%AE%E0%B4%BF%E0%B4%A8%E0%B4%BE%E0%B5%BC1.jpg"}]
08-05 14:50:39.473 10720 11113 I art     : Starting a blocking GC Explicit
08-05 14:50:39.505 10720 11113 I art     : Explicit concurrent mark sweep GC freed 6326(244KB) AllocSpace objects, 3(4MB) LOS objects, 28% free, 39MB/55MB, paused 548us total 31.708ms
08-05 14:50:39.517 10720 11113 I art     : Starting a blocking GC Explicit
08-05 14:50:39.545 10720 11113 I art     : Explicit concurrent mark sweep GC freed 339(11KB) AllocSpace objects, 0(0B) LOS objects, 28% free, 39MB/55MB, paused 674us total 28.209ms
08-05 14:50:39.558 10720 11113 I art     : Starting a blocking GC Explicit
08-05 14:50:39.587 10720 11113 I art     : Explicit concurrent mark sweep GC freed 181(3KB) AllocSpace objects, 0(0B) LOS objects, 28% free, 39MB/55MB, paused 521us total 28.527ms
08-05 14:50:39.599 10720 11113 I art     : Starting a blocking GC Explicit
08-05 14:50:39.628 10720 11113 I art     : Explicit concurrent mark sweep GC freed 149(2528B) AllocSpace objects, 0(0B) LOS objects, 28% free, 39MB/55MB, paused 650us total 28.934ms
08-05 14:50:39.641 10720 11113 I art     : Starting a blocking GC Explicit
08-05 14:50:39.670 10720 11113 I art     : Explicit concurrent mark sweep GC freed 217(3KB) AllocSpace objects, 0(0B) LOS objects, 28% free, 39MB/55MB, paused 526us total 28.775ms
08-05 14:50:39.984 10720 10732 I art     : Starting a blocking GC Explicit
08-05 14:50:40.014 10720 10732 I art     : Explicit concurrent mark sweep GC freed 2939(107KB) AllocSpace objects, 2(40KB) LOS objects, 28% free, 39MB/55MB, paused 534us total 29.588ms
08-05 14:50:40.028 10720 10732 I art     : Starting a blocking GC Explicit
08-05 14:50:40.056 10720 10732 I art     : Explicit concurrent mark sweep GC freed 166(3KB) AllocSpace objects, 0(0B) LOS objects, 28% free, 39MB/55MB, paused 532us total 28.580ms
08-05 14:50:40.069 10720 10732 I art     : Starting a blocking GC Explicit
08-05 14:50:40.097 10720 10732 I art     : Explicit concurrent mark sweep GC freed 219(3KB) AllocSpace objects, 0(0B) LOS objects, 28% free, 39MB/55MB, paused 616us total 27.829ms
08-05 14:50:40.109 10720 10732 I art     : Starting a blocking GC Explicit
08-05 14:50:40.138 10720 10732 I art     : Explicit concurrent mark sweep GC freed 148(2528B) AllocSpace objects, 0(0B) LOS objects, 28% free, 39MB/55MB, paused 511us total 28.362ms
08-05 14:50:40.149 11454 11454 D AndroidRuntime: >>>>>> START com.android.internal.os.RuntimeInit uid 2000 <<<<<<
08-05 14:50:40.151 10720 10732 I art     : Starting a blocking GC Explicit
08-05 14:50:40.154 11454 11454 D AndroidRuntime: CheckJNI is OFF
08-05 14:50:40.179 10720 10732 I art     : Explicit concurrent mark sweep GC freed 179(3008B) AllocSpace objects, 0(0B) LOS objects, 28% free, 39MB/55MB, paused 606us total 28.270ms
08-05 14:50:40.190 11454 11454 D ICU     : No timezone override file found: /data/misc/zoneinfo/current/icu/icu_tzdata.dat
08-05 14:50:40.223 11454 11454 I Radio-JNI: register_android_hardware_Radio DONE
08-05 14:50:40.244 11454 11454 D AndroidRuntime: Calling main entry com.android.commands.input.Input
08-05 14:50:40.245 11454 11454 I Input   : injectKeyEvent: KeyEvent { action=ACTION_DOWN, keyCode=KEYCODE_BACK, scanCode=0, metaState=0, flags=0x0, repeatCount=0, eventTime=802256659, downTime=802256659, deviceId=-1, source=0x101 }
08-05 14:50:40.252 11454 11454 I Input   : injectKeyEvent: KeyEvent { action=ACTION_UP, keyCode=KEYCODE_BACK, scanCode=0, metaState=0, flags=0x0, repeatCount=0, eventTime=802256659, downTime=802256659, deviceId=-1, source=0x101 }
08-05 14:50:40.257 11454 11454 D AndroidRuntime: Shutting down VM
08-05 14:50:40.289 13866 13866 I GoogleInputMethodServic: GoogleInputMethodService.onFinishInput():3138 
08-05 14:50:40.290 13866 13866 I GoogleInputMethodServic: GoogleInputMethodService.onStartInput():1808 
08-05 14:50:40.478 10720 10733 I art     : Starting a blocking GC Explicit
08-05 14:50:40.516 10720 10733 I art     : Explicit concurrent mark sweep GC freed 2937(110KB) AllocSpace objects, 2(40KB) LOS objects, 28% free, 39MB/55MB, paused 669us total 36.960ms
08-05 14:50:40.533 10720 10733 I art     : Starting a blocking GC Explicit
08-05 14:50:40.571 10720 10733 I art     : Explicit concurrent mark sweep GC freed 245(4KB) AllocSpace objects, 0(0B) LOS objects, 28% free, 39MB/55MB, paused 584us total 37.601ms
08-05 14:50:40.585 10720 10733 I art     : Starting a blocking GC Explicit
08-05 14:50:40.611   380   380 W SurfaceFlinger: couldn't log to binary event log: overflow.
08-05 14:50:40.614 10720 10733 I art     : Explicit concurrent mark sweep GC freed 216(3KB) AllocSpace objects, 0(0B) LOS objects, 28% free, 39MB/55MB, paused 589us total 28.976ms
08-05 14:50:40.627 10720 10733 I art     : Starting a blocking GC Explicit
08-05 14:50:40.656 10720 10733 I art     : Explicit concurrent mark sweep GC freed 896(37KB) AllocSpace objects, 3(644KB) LOS objects, 29% free, 39MB/55MB, paused 573us total 28.332ms
08-05 14:50:40.669 10720 10733 I art     : Starting a blocking GC Explicit
08-05 14:50:40.695 10720 10733 I art     : Explicit concurrent mark sweep GC freed 5519(267KB) AllocSpace objects, 1(28KB) LOS objects, 29% free, 38MB/54MB, paused 495us total 25.487ms
08-05 14:50:41.031 10720 11113 I art     : Starting a blocking GC Explicit
08-05 14:50:41.061 10720 11113 I art     : Explicit concurrent mark sweep GC freed 2486(100KB) AllocSpace objects, 2(40KB) LOS objects, 29% free, 38MB/54MB, paused 519us total 29.479ms
08-05 14:50:41.076 10720 11113 I art     : Starting a blocking GC Explicit
08-05 14:50:41.102 10720 11113 I art     : Explicit concurrent mark sweep GC freed 166(3KB) AllocSpace objects, 0(0B) LOS objects, 29% free, 38MB/54MB, paused 502us total 26.068ms
08-05 14:50:41.114 10720 11113 I art     : Starting a blocking GC Explicit
08-05 14:50:41.141 10720 11113 I art     : Explicit concurrent mark sweep GC freed 99(1696B) AllocSpace objects, 0(0B) LOS objects, 29% free, 38MB/54MB, paused 506us total 26.490ms
08-05 14:50:41.153 10720 11113 I art     : Starting a blocking GC Explicit
08-05 14:50:41.181 10720 11113 I art     : Explicit concurrent mark sweep GC freed 146(2464B) AllocSpace objects, 0(0B) LOS objects, 29% free, 38MB/54MB, paused 535us total 27.070ms
08-05 14:50:41.193 10720 11113 I art     : Starting a blocking GC Explicit
08-05 14:50:41.220 10720 11113 I art     : Explicit concurrent mark sweep GC freed 100(1728B) AllocSpace objects, 0(0B) LOS objects, 29% free, 38MB/54MB, paused 509us total 26.872ms
08-05 14:50:41.557 10720 10732 I art     : Starting a blocking GC Explicit
08-05 14:50:41.584 10720 10732 I art     : Explicit concurrent mark sweep GC freed 2506(101KB) AllocSpace objects, 2(40KB) LOS objects, 29% free, 38MB/54MB, paused 506us total 27.115ms
08-05 14:50:41.597 10720 10732 I art     : Starting a blocking GC Explicit
08-05 14:50:41.624 10720 10732 I art     : Explicit concurrent mark sweep GC freed 134(3KB) AllocSpace objects, 0(0B) LOS objects, 29% free, 38MB/54MB, paused 508us total 26.711ms
08-05 14:50:41.637 10720 10732 I art     : Starting a blocking GC Explicit
08-05 14:50:41.663 10720 10732 I art     : Explicit concurrent mark sweep GC freed 107(1824B) AllocSpace objects, 0(0B) LOS objects, 29% free, 38MB/54MB, paused 663us total 26.338ms
08-05 14:50:41.675 10720 10732 I art     : Starting a blocking GC Explicit
08-05 14:50:41.702 10720 10732 I art     : Explicit concurrent mark sweep GC freed 139(2368B) AllocSpace objects, 0(0B) LOS objects, 29% free, 38MB/54MB, paused 500us total 26.256ms
08-05 14:50:41.714 10720 10732 I art     : Starting a blocking GC Explicit
08-05 14:50:41.741 10720 10732 I art     : Explicit concurrent mark sweep GC freed 99(1696B) AllocSpace objects, 0(0B) LOS objects, 29% free, 38MB/54MB, paused 530us total 26.552ms
08-05 14:50:41.905 11508 11508 D AndroidRuntime: >>>>>> START com.android.internal.os.RuntimeInit uid 2000 <<<<<<
08-05 14:50:41.910 11508 11508 D AndroidRuntime: CheckJNI is OFF
08-05 14:50:41.941 11508 11508 D ICU     : No timezone override file found: /data/misc/zoneinfo/current/icu/icu_tzdata.dat
08-05 14:50:41.974 11508 11508 I Radio-JNI: register_android_hardware_Radio DONE
08-05 14:50:41.996 11508 11508 D AndroidRuntime: Calling main entry com.android.commands.input.Input
08-05 14:50:41.998 11508 11508 I Input   : injectMotionEvent: MotionEvent { action=ACTION_DOWN, actionButton=0, id[0]=0, x[0]=693.0, y[0]=1450.0, toolType[0]=TOOL_TYPE_UNKNOWN, buttonState=0, metaState=0, flags=0x0, edgeFlags=0x0, pointerCount=1, historySize=0, eventTime=802258411, downTime=802258411, deviceId=0, source=0x1002 }
08-05 14:50:42.002 11508 11508 I Input   : injectMotionEvent: MotionEvent { action=ACTION_UP, actionButton=0, id[0]=0, x[0]=693.0, y[0]=1450.0, toolType[0]=TOOL_TYPE_UNKNOWN, buttonState=0, metaState=0, flags=0x0, edgeFlags=0x0, pointerCount=1, historySize=0, eventTime=802258411, downTime=802258411, deviceId=0, source=0x1002 }
08-05 14:50:42.004 11508 11508 D AndroidRuntime: Shutting down VM
08-05 14:50:42.004   918  5132 I ActivityManager: START u0 {cmp=baseline.io.github.project_travel_mate/.destinations.description.CityHistoryActivity} from uid 10674 on display 0
08-05 14:50:42.005   512  2967 D audio_hw_primary: out_set_parameters: enter: usecase(1: low-latency-playback) kvpairs: routing=2
08-05 14:50:42.018   512  2967 D audio_hw_primary: select_devices: out_snd_device(2: speaker) in_snd_device(0: none)
08-05 14:50:42.018   512  2967 D msm8974_platform: platform_send_audio_calibration: sending audio calibration for snd_device(2) acdb_id(15)
08-05 14:50:42.018   512  2967 I soundtrigger: audio_extn_sound_trigger_update_device_status: device 0x2 of type 0 for Event 1
08-05 14:50:42.030 10720 10784 D Gabe    : call	returning from cache
08-05 14:50:42.030   512  2967 D audio_hw_primary: enable_snd_device: snd_device(2: speaker)
08-05 14:50:42.031 10720 10720 V EXECUTING: https://project-travel-mate.herokuapp.com/api/get-city-information/1
08-05 14:50:42.032   512  2967 D audio_hw_primary: enable_audio_route: apply and update mixer path: low-latency-playback speaker
08-05 14:50:42.066 10720 11113 I art     : Starting a blocking GC Explicit
08-05 14:50:42.093 10720 11113 I art     : Explicit concurrent mark sweep GC freed 3240(156KB) AllocSpace objects, 2(40KB) LOS objects, 27% free, 43MB/59MB, paused 1.009ms total 27.343ms
08-05 14:50:42.107 10720 11113 I art     : Starting a blocking GC Explicit
08-05 14:50:42.134 10720 11113 I art     : Explicit concurrent mark sweep GC freed 299(12KB) AllocSpace objects, 0(0B) LOS objects, 27% free, 43MB/59MB, paused 706us total 27.474ms
08-05 14:50:42.147 10720 11113 I art     : Starting a blocking GC Explicit
08-05 14:50:42.169   918   936 I ActivityManager: Displayed baseline.io.github.project_travel_mate/.destinations.description.CityHistoryActivity: +159ms
08-05 14:50:42.169 13866 13866 I GoogleInputMethodServic: GoogleInputMethodService.onFinishInput():3138 
08-05 14:50:42.170 13866 13866 I GoogleInputMethodServic: GoogleInputMethodService.onStartInput():1808 
08-05 14:50:42.172 10720 11113 I art     : Explicit concurrent mark sweep GC freed 108(2576B) AllocSpace objects, 0(0B) LOS objects, 26% free, 43MB/59MB, paused 678us total 25.358ms
08-05 14:50:42.185 10720 11113 I art     : Starting a blocking GC Explicit
08-05 14:50:42.213 10720 11113 I art     : Explicit concurrent mark sweep GC freed 63(1328B) AllocSpace objects, 0(0B) LOS objects, 27% free, 43MB/59MB, paused 742us total 28.588ms
08-05 14:50:42.227 10720 11113 I art     : Starting a blocking GC Explicit
08-05 14:50:42.254 10720 11113 I art     : Explicit concurrent mark sweep GC freed 102(1760B) AllocSpace objects, 0(0B) LOS objects, 27% free, 43MB/59MB, paused 699us total 26.455ms
08-05 14:50:42.444   380   380 W SurfaceFlinger: couldn't log to binary event log: overflow.
08-05 14:50:42.569   512  2967 D audio_hw_primary: disable_audio_route: reset and update mixer path: low-latency-playback speaker
08-05 14:50:42.571   512  2967 D audio_hw_primary: disable_snd_device: snd_device(2: speaker)
08-05 14:50:42.578 10720 10733 I art     : Starting a blocking GC Explicit
08-05 14:50:42.579   512  2967 I soundtrigger: audio_extn_sound_trigger_update_device_status: device 0x2 of type 0 for Event 0
08-05 14:50:42.608 10720 10733 I art     : Explicit concurrent mark sweep GC freed 2903(107KB) AllocSpace objects, 2(40KB) LOS objects, 26% free, 43MB/59MB, paused 799us total 29.046ms
08-05 14:50:42.620 10720 10733 I art     : Starting a blocking GC Explicit
08-05 14:50:42.645 10720 10733 I art     : Explicit concurrent mark sweep GC freed 138(3KB) AllocSpace objects, 0(0B) LOS objects, 26% free, 43MB/59MB, paused 696us total 25.810ms
08-05 14:50:42.658 10720 10733 I art     : Starting a blocking GC Explicit
08-05 14:50:42.684 10720 10733 I art     : Explicit concurrent mark sweep GC freed 64(1216B) AllocSpace objects, 0(0B) LOS objects, 26% free, 43MB/59MB, paused 775us total 26.064ms
08-05 14:50:42.697 10720 10733 I art     : Starting a blocking GC Explicit
08-05 14:50:42.723 10720 10733 I art     : Explicit concurrent mark sweep GC freed 134(2320B) AllocSpace objects, 0(0B) LOS objects, 26% free, 43MB/59MB, paused 698us total 25.714ms
08-05 14:50:42.735 10720 10733 I art     : Starting a blocking GC Explicit
08-05 14:50:42.761 10720 10733 I art     : Explicit concurrent mark sweep GC freed 17(320B) AllocSpace objects, 0(0B) LOS objects, 26% free, 43MB/59MB, paused 532us total 25.468ms
08-05 14:50:42.853 10720 11533 I NAPPA_EXPERIMENTATION: MetricNetworkRequestExecutionTime: REQUEST_DURATION_SYSTEM='822',REQUEST_DURATION_OKHTTP='42',REQUEST_SYNCHRONOUS='FALSE',RESPONSE_CODE='200',RESPONSE_METHOD='GET',RESPONSE_LENGTH_OKHTTP='55024',RESPONSE_LENGTH_HEADER='55024',REQUEST_PROTOCOL='http/1.1',REQUEST_URL='https://project-travel-mate.herokuapp.com/api/get-city-information/1',
08-05 14:50:42.988 13866 13866 I GoogleInputMethodServic: GoogleInputMethodService.onFinishInput():3138 
08-05 14:50:42.989 13866 13866 I GoogleInputMethodServic: GoogleInputMethodService.onStartInput():1808 
08-05 14:50:43.062 10720 10789 I art     : Starting a blocking GC Explicit
08-05 14:50:43.097 10720 10789 I art     : Explicit concurrent mark sweep GC freed 6562(1456KB) AllocSpace objects, 25(5MB) LOS objects, 28% free, 39MB/55MB, paused 520us total 34.479ms
08-05 14:50:43.110 10720 10789 I art     : Starting a blocking GC Explicit
08-05 14:50:43.136 10720 10789 I art     : Explicit concurrent mark sweep GC freed 1219(122KB) AllocSpace objects, 0(0B) LOS objects, 28% free, 39MB/55MB, paused 523us total 26.277ms
08-05 14:50:43.148 10720 10789 I art     : Starting a blocking GC Explicit
08-05 14:50:43.178 10720 10789 I art     : Explicit concurrent mark sweep GC freed 147(2496B) AllocSpace objects, 0(0B) LOS objects, 28% free, 39MB/55MB, paused 539us total 30.070ms
08-05 14:50:43.191 10720 10789 I art     : Starting a blocking GC Explicit
08-05 14:50:43.221 10720 10789 I art     : Explicit concurrent mark sweep GC freed 219(3KB) AllocSpace objects, 0(0B) LOS objects, 28% free, 39MB/55MB, paused 536us total 29.174ms
08-05 14:50:43.234 10720 10789 I art     : Starting a blocking GC Explicit
08-05 14:50:43.265 10720 10789 I art     : Explicit concurrent mark sweep GC freed 156(2640B) AllocSpace objects, 0(0B) LOS objects, 28% free, 39MB/55MB, paused 719us total 30.829ms
08-05 14:50:43.596 10720 10732 I art     : Starting a blocking GC Explicit
08-05 14:50:43.627 10720 10732 I art     : Explicit concurrent mark sweep GC freed 3001(108KB) AllocSpace objects, 2(40KB) LOS objects, 28% free, 39MB/55MB, paused 532us total 30.312ms
08-05 14:50:43.640 10720 10732 I art     : Starting a blocking GC Explicit
08-05 14:50:43.669 10720 10732 I art     : Explicit concurrent mark sweep GC freed 243(4KB) AllocSpace objects, 0(0B) LOS objects, 28% free, 39MB/55MB, paused 722us total 28.729ms
08-05 14:50:43.683 10720 10732 I art     : Starting a blocking GC Explicit
08-05 14:50:43.714 10720 10732 I art     : Explicit concurrent mark sweep GC freed 152(2656B) AllocSpace objects, 0(0B) LOS objects, 28% free, 39MB/55MB, paused 491us total 30.913ms
08-05 14:50:43.727 10720 10732 I art     : Starting a blocking GC Explicit
08-05 14:50:43.756 10720 10732 I art     : Explicit concurrent mark sweep GC freed 224(3KB) AllocSpace objects, 0(0B) LOS objects, 28% free, 39MB/55MB, paused 486us total 28.466ms
08-05 14:50:43.769 10720 10732 I art     : Starting a blocking GC Explicit
08-05 14:50:43.799 10720 10732 I art     : Explicit concurrent mark sweep GC freed 169(2928B) AllocSpace objects, 0(0B) LOS objects, 28% free, 39MB/55MB, paused 637us total 29.564ms
08-05 14:50:44.154   518   646 I ThermalEngine: ACTION: GPU - Setting GPU[0] to 450000000
08-05 14:50:44.182 10720 10733 I art     : Starting a blocking GC Explicit
08-05 14:50:44.223 10720 10733 I art     : Explicit concurrent mark sweep GC freed 3293(113KB) AllocSpace objects, 2(40KB) LOS objects, 28% free, 39MB/55MB, paused 768us total 40.540ms
08-05 14:50:44.240 10720 10733 I art     : Starting a blocking GC Explicit
08-05 14:50:44.280 10720 10733 I art     : Explicit concurrent mark sweep GC freed 251(4KB) AllocSpace objects, 0(0B) LOS objects, 28% free, 39MB/55MB, paused 738us total 39.794ms
08-05 14:50:44.297 10720 10733 I art     : Starting a blocking GC Explicit
08-05 14:50:44.337 10720 10733 I art     : Explicit concurrent mark sweep GC freed 307(5KB) AllocSpace objects, 0(0B) LOS objects, 28% free, 39MB/55MB, paused 845us total 40.056ms
08-05 14:50:44.355 10720 10733 I art     : Starting a blocking GC Explicit
08-05 14:50:44.395 10720 10733 I art     : Explicit concurrent mark sweep GC freed 219(3KB) AllocSpace objects, 0(0B) LOS objects, 28% free, 39MB/55MB, paused 745us total 40.029ms
08-05 14:50:44.412 10720 10733 I art     : Starting a blocking GC Explicit
08-05 14:50:44.452 10720 10733 I art     : Explicit concurrent mark sweep GC freed 270(4KB) AllocSpace objects, 0(0B) LOS objects, 28% free, 39MB/55MB, paused 893us total 39.796ms
08-05 14:50:44.827 10720 11113 I art     : Starting a blocking GC Explicit
08-05 14:50:44.867 10720 11113 I art     : Explicit concurrent mark sweep GC freed 3176(111KB) AllocSpace objects, 2(40KB) LOS objects, 28% free, 39MB/55MB, paused 884us total 39.190ms
08-05 14:50:44.886 10720 11113 I art     : Starting a blocking GC Explicit
08-05 14:50:44.920 10720 11113 I art     : Explicit concurrent mark sweep GC freed 309(5KB) AllocSpace objects, 0(0B) LOS objects, 28% free, 39MB/55MB, paused 687us total 33.888ms
08-05 14:50:44.936 10720 11113 I art     : Starting a blocking GC Explicit
08-05 14:50:44.971 10720 11113 I art     : Explicit concurrent mark sweep GC freed 220(3KB) AllocSpace objects, 0(0B) LOS objects, 28% free, 39MB/55MB, paused 708us total 34.889ms
08-05 14:50:44.987 10720 11113 I art     : Starting a blocking GC Explicit
08-05 14:50:45.022 10720 11113 I art     : Explicit concurrent mark sweep GC freed 219(3KB) AllocSpace objects, 0(0B) LOS objects, 28% free, 39MB/55MB, paused 649us total 34.548ms
08-05 14:50:45.023 10720 10731 I art     : WaitForGcToComplete blocked for 8.018ms for cause HeapTrim
08-05 14:50:45.039 10720 11113 I art     : Starting a blocking GC Explicit
08-05 14:50:45.077 10720 11113 I art     : Explicit concurrent mark sweep GC freed 219(3KB) AllocSpace objects, 0(0B) LOS objects, 28% free, 39MB/55MB, paused 704us total 37.765ms
08-05 14:50:45.156   518   646 I ThermalEngine: ACTION: GPU - Setting GPU[0] to 510000000
08-05 14:50:45.433 10720 10789 I art     : Starting a blocking GC Explicit
08-05 14:50:45.471 10720 10789 I art     : Explicit concurrent mark sweep GC freed 3111(110KB) AllocSpace objects, 2(40KB) LOS objects, 28% free, 39MB/55MB, paused 834us total 37.204ms
08-05 14:50:45.486 10720 10789 I art     : Starting a blocking GC Explicit
08-05 14:50:45.514 10720 10789 I art     : Explicit concurrent mark sweep GC freed 211(3KB) AllocSpace objects, 0(0B) LOS objects, 28% free, 39MB/55MB, paused 547us total 27.417ms
08-05 14:50:45.526 10720 10789 I art     : Starting a blocking GC Explicit
08-05 14:50:45.553 10720 10789 I art     : Explicit concurrent mark sweep GC freed 187(3KB) AllocSpace objects, 0(0B) LOS objects, 28% free, 39MB/55MB, paused 618us total 25.581ms
08-05 14:50:45.564 10720 10789 I art     : Starting a blocking GC Explicit
08-05 14:50:45.590 10720 10789 I art     : Explicit concurrent mark sweep GC freed 179(3040B) AllocSpace objects, 0(0B) LOS objects, 28% free, 39MB/55MB, paused 501us total 25.414ms
08-05 14:50:45.602 10720 10789 I art     : Starting a blocking GC Explicit
08-05 14:50:45.627 10720 10789 I art     : Explicit concurrent mark sweep GC freed 145(2432B) AllocSpace objects, 0(0B) LOS objects, 28% free, 39MB/55MB, paused 519us total 25.319ms
08-05 14:50:45.984 10720 10732 I art     : Starting a blocking GC Explicit
08-05 14:50:46.012 10720 10732 I art     : Explicit concurrent mark sweep GC freed 3084(110KB) AllocSpace objects, 2(40KB) LOS objects, 28% free, 39MB/55MB, paused 541us total 28.475ms
08-05 14:50:46.025 10720 10732 I art     : Starting a blocking GC Explicit
08-05 14:50:46.053 10720 10732 I art     : Explicit concurrent mark sweep GC freed 186(3KB) AllocSpace objects, 0(0B) LOS objects, 28% free, 39MB/55MB, paused 631us total 28.435ms
08-05 14:50:46.066 10720 10732 I art     : Starting a blocking GC Explicit
08-05 14:50:46.095 10720 10732 I art     : Explicit concurrent mark sweep GC freed 201(3KB) AllocSpace objects, 0(0B) LOS objects, 28% free, 39MB/55MB, paused 525us total 28.570ms
08-05 14:50:46.107 10720 10732 I art     : Starting a blocking GC Explicit
08-05 14:50:46.136 10720 10732 I art     : Explicit concurrent mark sweep GC freed 148(2512B) AllocSpace objects, 0(0B) LOS objects, 28% free, 39MB/55MB, paused 589us total 28.418ms
08-05 14:50:46.149 10720 10732 I art     : Starting a blocking GC Explicit
08-05 14:50:46.178 10720 10732 I art     : Explicit concurrent mark sweep GC freed 218(3KB) AllocSpace objects, 0(0B) LOS objects, 28% free, 39MB/55MB, paused 545us total 28.191ms
08-05 14:50:46.493 10720 10733 I art     : Starting a blocking GC Explicit
08-05 14:50:46.523 10720 10733 I art     : Explicit concurrent mark sweep GC freed 2902(107KB) AllocSpace objects, 2(40KB) LOS objects, 28% free, 39MB/55MB, paused 858us total 29.731ms
08-05 14:50:46.536 10720 10733 I art     : Starting a blocking GC Explicit
08-05 14:50:46.566 10720 10733 I art     : Explicit concurrent mark sweep GC freed 202(3KB) AllocSpace objects, 0(0B) LOS objects, 28% free, 39MB/55MB, paused 561us total 29.524ms
08-05 14:50:46.579 10720 10733 I art     : Starting a blocking GC Explicit
08-05 14:50:46.607 10720 10733 I art     : Explicit concurrent mark sweep GC freed 210(3KB) AllocSpace objects, 0(0B) LOS objects, 28% free, 39MB/55MB, paused 573us total 27.951ms
08-05 14:50:46.619 10720 10733 I art     : Starting a blocking GC Explicit
08-05 14:50:46.648 10720 10733 I art     : Explicit concurrent mark sweep GC freed 156(2640B) AllocSpace objects, 0(0B) LOS objects, 28% free, 39MB/55MB, paused 574us total 28.621ms
08-05 14:50:46.660 10720 10733 I art     : Starting a blocking GC Explicit
08-05 14:50:46.689 10720 10733 I art     : Explicit concurrent mark sweep GC freed 180(3056B) AllocSpace objects, 0(0B) LOS objects, 28% free, 39MB/55MB, paused 604us total 28.386ms
08-05 14:50:46.695 11607 11607 D AndroidRuntime: >>>>>> START com.android.internal.os.RuntimeInit uid 2000 <<<<<<
08-05 14:50:46.700 11607 11607 D AndroidRuntime: CheckJNI is OFF
08-05 14:50:46.731 11607 11607 D ICU     : No timezone override file found: /data/misc/zoneinfo/current/icu/icu_tzdata.dat
08-05 14:50:46.763 11607 11607 I Radio-JNI: register_android_hardware_Radio DONE
08-05 14:50:46.786 11607 11607 D AndroidRuntime: Calling main entry com.android.commands.input.Input
08-05 14:50:46.787 11607 11607 I Input   : injectKeyEvent: KeyEvent { action=ACTION_DOWN, keyCode=KEYCODE_BACK, scanCode=0, metaState=0, flags=0x0, repeatCount=0, eventTime=802263200, downTime=802263200, deviceId=-1, source=0x101 }
08-05 14:50:46.793 11607 11607 I Input   : injectKeyEvent: KeyEvent { action=ACTION_UP, keyCode=KEYCODE_BACK, scanCode=0, metaState=0, flags=0x0, repeatCount=0, eventTime=802263200, downTime=802263200, deviceId=-1, source=0x101 }
08-05 14:50:46.801 11607 11607 D AndroidRuntime: Shutting down VM
08-05 14:50:46.847 13866 13866 I GoogleInputMethodServic: GoogleInputMethodService.onFinishInput():3138 
08-05 14:50:46.847 13866 13866 I GoogleInputMethodServic: GoogleInputMethodService.onStartInput():1808 
08-05 14:50:46.989 10720 10789 I art     : Starting a blocking GC Explicit
08-05 14:50:47.029 10720 10789 I art     : Explicit concurrent mark sweep GC freed 3010(111KB) AllocSpace objects, 2(40KB) LOS objects, 28% free, 39MB/55MB, paused 678us total 39.112ms
08-05 14:50:47.042 10720 10789 I art     : Starting a blocking GC Explicit
08-05 14:50:47.078 10720 10789 I art     : Explicit concurrent mark sweep GC freed 242(4KB) AllocSpace objects, 0(0B) LOS objects, 28% free, 39MB/55MB, paused 650us total 34.796ms
08-05 14:50:47.092 10720 10789 I art     : Starting a blocking GC Explicit
08-05 14:50:47.128 10720 10789 I art     : Explicit concurrent mark sweep GC freed 219(3KB) AllocSpace objects, 0(0B) LOS objects, 28% free, 39MB/55MB, paused 659us total 36.445ms
08-05 14:50:47.141 10720 10789 I art     : Starting a blocking GC Explicit
08-05 14:50:47.153   380   380 W SurfaceFlinger: couldn't log to binary event log: overflow.
08-05 14:50:47.171 10720 10789 I art     : Explicit concurrent mark sweep GC freed 208(3KB) AllocSpace objects, 0(0B) LOS objects, 28% free, 39MB/55MB, paused 624us total 29.607ms
08-05 14:50:47.183 10720 10789 I art     : Starting a blocking GC Explicit
08-05 14:50:47.211 10720 10789 I art     : Explicit concurrent mark sweep GC freed 112(2192B) AllocSpace objects, 2(364KB) LOS objects, 28% free, 39MB/55MB, paused 516us total 27.582ms
08-05 14:50:47.534 10720 10732 I art     : Starting a blocking GC Explicit
08-05 14:50:47.560   918  3261 D WifiStateMachine: starting scan for "H369AA63323"WPA_PSK with 2412,5180
08-05 14:50:47.570 10720 10732 I art     : Explicit concurrent mark sweep GC freed 7158(439KB) AllocSpace objects, 9(172KB) LOS objects, 29% free, 38MB/54MB, paused 582us total 35.623ms
08-05 14:50:47.585 10720 10732 I art     : Starting a blocking GC Explicit
08-05 14:50:47.612 10720 10732 I art     : Explicit concurrent mark sweep GC freed 175(3KB) AllocSpace objects, 0(0B) LOS objects, 29% free, 38MB/54MB, paused 578us total 26.766ms
08-05 14:50:47.624 10720 10732 I art     : Starting a blocking GC Explicit
08-05 14:50:47.650 10720 10732 I art     : Explicit concurrent mark sweep GC freed 100(1728B) AllocSpace objects, 0(0B) LOS objects, 29% free, 38MB/54MB, paused 516us total 26.176ms
08-05 14:50:47.663 10720 10732 I art     : Starting a blocking GC Explicit
08-05 14:50:47.690 10720 10732 I art     : Explicit concurrent mark sweep GC freed 147(2496B) AllocSpace objects, 0(0B) LOS objects, 29% free, 38MB/54MB, paused 534us total 27.609ms
08-05 14:50:47.703 10720 10732 I art     : Starting a blocking GC Explicit
08-05 14:50:47.731 10720 10732 I art     : Explicit concurrent mark sweep GC freed 99(1696B) AllocSpace objects, 0(0B) LOS objects, 29% free, 38MB/54MB, paused 529us total 27.405ms
08-05 14:50:48.058 10720 11113 I art     : Starting a blocking GC Explicit
08-05 14:50:48.087 10720 11113 I art     : Explicit concurrent mark sweep GC freed 2442(99KB) AllocSpace objects, 2(40KB) LOS objects, 29% free, 38MB/54MB, paused 711us total 28.120ms
08-05 14:50:48.100 10720 11113 I art     : Starting a blocking GC Explicit
08-05 14:50:48.127 10720 11113 I art     : Explicit concurrent mark sweep GC freed 159(3KB) AllocSpace objects, 0(0B) LOS objects, 29% free, 38MB/54MB, paused 618us total 27.013ms
08-05 14:50:48.139 10720 11113 I art     : Starting a blocking GC Explicit
08-05 14:50:48.167 10720 11113 I art     : Explicit concurrent mark sweep GC freed 99(1696B) AllocSpace objects, 0(0B) LOS objects, 29% free, 38MB/54MB, paused 528us total 27.266ms
08-05 14:50:48.179 10720 11113 I art     : Starting a blocking GC Explicit
08-05 14:50:48.206 10720 11113 I art     : Explicit concurrent mark sweep GC freed 147(2496B) AllocSpace objects, 0(0B) LOS objects, 29% free, 38MB/54MB, paused 521us total 26.816ms
08-05 14:50:48.218 10720 11113 I art     : Starting a blocking GC Explicit
08-05 14:50:48.246 10720 11113 I art     : Explicit concurrent mark sweep GC freed 98(1664B) AllocSpace objects, 0(0B) LOS objects, 29% free, 38MB/54MB, paused 578us total 27.340ms
08-05 14:50:48.454 11660 11660 D AndroidRuntime: >>>>>> START com.android.internal.os.RuntimeInit uid 2000 <<<<<<
08-05 14:50:48.459 11660 11660 D AndroidRuntime: CheckJNI is OFF
08-05 14:50:48.492 11660 11660 D ICU     : No timezone override file found: /data/misc/zoneinfo/current/icu/icu_tzdata.dat
08-05 14:50:48.527 11660 11660 I Radio-JNI: register_android_hardware_Radio DONE
08-05 14:50:48.548 11660 11660 D AndroidRuntime: Calling main entry com.android.commands.input.Input
08-05 14:50:48.550 11660 11660 I Input   : injectKeyEvent: KeyEvent { action=ACTION_DOWN, keyCode=KEYCODE_BACK, scanCode=0, metaState=0, flags=0x0, repeatCount=0, eventTime=802264963, downTime=802264963, deviceId=-1, source=0x101 }
08-05 14:50:48.555 11660 11660 I Input   : injectKeyEvent: KeyEvent { action=ACTION_UP, keyCode=KEYCODE_BACK, scanCode=0, metaState=0, flags=0x0, repeatCount=0, eventTime=802264963, downTime=802264963, deviceId=-1, source=0x101 }
08-05 14:50:48.559 11660 11660 D AndroidRuntime: Shutting down VM
08-05 14:50:48.563 10720 11113 I art     : Starting a blocking GC Explicit
08-05 14:50:48.571 10720 10720 V MainActivity: url = https://project-travel-mate.herokuapp.com/api/number-of-unread-notifications
08-05 14:50:48.589 10720 11113 I art     : Explicit concurrent mark sweep GC freed 2736(113KB) AllocSpace objects, 2(40KB) LOS objects, 29% free, 38MB/54MB, paused 563us total 26.577ms
08-05 14:50:48.597 13866 13866 I GoogleInputMethodServic: GoogleInputMethodService.onFinishInput():3138 
08-05 14:50:48.598 13866 13866 I GoogleInputMethodServic: GoogleInputMethodService.onStartInput():1808 
08-05 14:50:48.601 10720 11113 I art     : Starting a blocking GC Explicit
08-05 14:50:48.632 10720 11113 I art     : Explicit concurrent mark sweep GC freed 365(11KB) AllocSpace objects, 0(0B) LOS objects, 29% free, 38MB/54MB, paused 777us total 30.143ms
08-05 14:50:48.644 10720 11113 I art     : Starting a blocking GC Explicit
08-05 14:50:48.668 10720 11113 I art     : Explicit concurrent mark sweep GC freed 169(6KB) AllocSpace objects, 0(0B) LOS objects, 29% free, 38MB/54MB, paused 574us total 23.599ms
08-05 14:50:48.679 10720 11113 I art     : Starting a blocking GC Explicit
08-05 14:50:48.708 10720 11113 I art     : Explicit concurrent mark sweep GC freed 147(2496B) AllocSpace objects, 0(0B) LOS objects, 29% free, 38MB/54MB, paused 591us total 28.818ms
08-05 14:50:48.720 10720 11113 I art     : Starting a blocking GC Explicit
08-05 14:50:48.754 10720 11113 I art     : Explicit concurrent mark sweep GC freed 98(1664B) AllocSpace objects, 0(0B) LOS objects, 29% free, 38MB/54MB, paused 661us total 33.129ms
08-05 14:50:48.903   380   380 W SurfaceFlinger: couldn't log to binary event log: overflow.
08-05 14:50:49.054 10720 10789 I art     : Starting a blocking GC Explicit
08-05 14:50:49.086 10720 10789 I art     : Explicit concurrent mark sweep GC freed 2189(96KB) AllocSpace objects, 2(40KB) LOS objects, 29% free, 38MB/54MB, paused 699us total 30.613ms
08-05 14:50:49.098 10720 10789 I art     : Starting a blocking GC Explicit
08-05 14:50:49.127 10720 10789 I art     : Explicit concurrent mark sweep GC freed 236(9KB) AllocSpace objects, 0(0B) LOS objects, 29% free, 38MB/54MB, paused 646us total 28.490ms
08-05 14:50:49.139 10720 10789 I art     : Starting a blocking GC Explicit
08-05 14:50:49.168 10720 10789 I art     : Explicit concurrent mark sweep GC freed 51(896B) AllocSpace objects, 0(0B) LOS objects, 29% free, 38MB/54MB, paused 615us total 28.633ms
08-05 14:50:49.181 10720 10789 I art     : Starting a blocking GC Explicit
08-05 14:50:49.210 10720 10789 I art     : Explicit concurrent mark sweep GC freed 75(1296B) AllocSpace objects, 0(0B) LOS objects, 29% free, 38MB/54MB, paused 600us total 28.968ms
08-05 14:50:49.222 10720 10789 I art     : Starting a blocking GC Explicit
08-05 14:50:49.252 10720 10789 I art     : Explicit concurrent mark sweep GC freed 51(896B) AllocSpace objects, 0(0B) LOS objects, 29% free, 38MB/54MB, paused 611us total 28.955ms
08-05 14:50:49.416 10720 11683 I NAPPA_EXPERIMENTATION: MetricNetworkRequestExecutionTime: REQUEST_DURATION_SYSTEM='844',REQUEST_DURATION_OKHTTP='40',REQUEST_SYNCHRONOUS='FALSE',RESPONSE_CODE='200',RESPONSE_METHOD='GET',RESPONSE_LENGTH_OKHTTP='36',RESPONSE_LENGTH_HEADER='36',REQUEST_PROTOCOL='http/1.1',REQUEST_URL='https://project-travel-mate.herokuapp.com/api/number-of-unread-notifications',
08-05 14:50:49.587 10720 10732 I art     : Starting a blocking GC Explicit
08-05 14:50:49.624 10720 10732 I art     : Explicit concurrent mark sweep GC freed 4755(239KB) AllocSpace objects, 5(240KB) LOS objects, 29% free, 39MB/55MB, paused 629us total 35.048ms
08-05 14:50:49.636 10720 10732 I art     : Starting a blocking GC Explicit
08-05 14:50:49.664 10720 10732 I art     : Explicit concurrent mark sweep GC freed 1029(118KB) AllocSpace objects, 0(0B) LOS objects, 29% free, 39MB/55MB, paused 588us total 28.197ms
08-05 14:50:49.677 10720 10732 I art     : Starting a blocking GC Explicit
08-05 14:50:49.705 10720 10732 I art     : Explicit concurrent mark sweep GC freed 66(1136B) AllocSpace objects, 0(0B) LOS objects, 29% free, 39MB/55MB, paused 761us total 28.252ms
08-05 14:50:49.718 10720 10732 I art     : Starting a blocking GC Explicit
08-05 14:50:49.746 10720 10732 I art     : Explicit concurrent mark sweep GC freed 60(1056B) AllocSpace objects, 0(0B) LOS objects, 29% free, 39MB/55MB, paused 570us total 28.368ms
08-05 14:50:49.759 10720 10732 I art     : Starting a blocking GC Explicit
08-05 14:50:49.787 10720 10732 I art     : Explicit concurrent mark sweep GC freed 51(896B) AllocSpace objects, 0(0B) LOS objects, 29% free, 39MB/55MB, paused 712us total 28.268ms
08-05 14:50:50.103 10720 10733 I art     : Starting a blocking GC Explicit
08-05 14:50:50.133 10720 10733 I art     : Explicit concurrent mark sweep GC freed 1931(91KB) AllocSpace objects, 2(40KB) LOS objects, 29% free, 39MB/55MB, paused 599us total 29.989ms
08-05 14:50:50.150 10720 10733 I art     : Starting a blocking GC Explicit
08-05 14:50:50.177 10720 10733 I art     : Explicit concurrent mark sweep GC freed 93(1952B) AllocSpace objects, 0(0B) LOS objects, 29% free, 39MB/55MB, paused 672us total 26.785ms
08-05 14:50:50.189 10720 10733 I art     : Starting a blocking GC Explicit
08-05 14:50:50.211 11706 11706 D AndroidRuntime: >>>>>> START com.android.internal.os.RuntimeInit uid 2000 <<<<<<
08-05 14:50:50.216 11706 11706 D AndroidRuntime: CheckJNI is OFF
08-05 14:50:50.217 10720 10733 I art     : Explicit concurrent mark sweep GC freed 54(992B) AllocSpace objects, 0(0B) LOS objects, 29% free, 39MB/55MB, paused 701us total 27.817ms
08-05 14:50:50.230 10720 10733 I art     : Starting a blocking GC Explicit
08-05 14:50:50.249 11706 11706 D ICU     : No timezone override file found: /data/misc/zoneinfo/current/icu/icu_tzdata.dat
08-05 14:50:50.256 10720 10733 I art     : Explicit concurrent mark sweep GC freed 69(1728B) AllocSpace objects, 0(0B) LOS objects, 29% free, 39MB/55MB, paused 619us total 26.320ms
08-05 14:50:50.269 10720 10733 I art     : Starting a blocking GC Explicit
08-05 14:50:50.283 11706 11706 I Radio-JNI: register_android_hardware_Radio DONE
08-05 14:50:50.295 10720 10733 I art     : Explicit concurrent mark sweep GC freed 90(2016B) AllocSpace objects, 0(0B) LOS objects, 29% free, 39MB/55MB, paused 525us total 25.881ms
08-05 14:50:50.305 11706 11706 D AndroidRuntime: Calling main entry com.android.commands.input.Input
08-05 14:50:50.307 11706 11706 I Input   : injectMotionEvent: MotionEvent { action=ACTION_DOWN, actionButton=0, id[0]=0, x[0]=346.0, y[0]=709.0, toolType[0]=TOOL_TYPE_UNKNOWN, buttonState=0, metaState=0, flags=0x0, edgeFlags=0x0, pointerCount=1, historySize=0, eventTime=802266720, downTime=802266720, deviceId=0, source=0x1002 }
08-05 14:50:50.317 11706 11706 I Input   : injectMotionEvent: MotionEvent { action=ACTION_UP, actionButton=0, id[0]=0, x[0]=346.0, y[0]=709.0, toolType[0]=TOOL_TYPE_UNKNOWN, buttonState=0, metaState=0, flags=0x0, edgeFlags=0x0, pointerCount=1, historySize=0, eventTime=802266720, downTime=802266720, deviceId=0, source=0x1002 }
08-05 14:50:50.323   918  3696 I ActivityManager: START u0 {cmp=baseline.io.github.project_travel_mate/.destinations.description.FinalCityInfoActivity (has extras)} from uid 10674 on display 0
08-05 14:50:50.330 11706 11706 D AndroidRuntime: Shutting down VM
08-05 14:50:50.348 10720 10784 D Gabe    : call	returning from cache
08-05 14:50:50.366 10720 10720 V EXECUTING: https://project-travel-mate.herokuapp.com/api/get-city-weather/1
08-05 14:50:50.497   918   936 I ActivityManager: Displayed baseline.io.github.project_travel_mate/.destinations.description.FinalCityInfoActivity: +165ms
08-05 14:50:50.497 13866 13866 I GoogleInputMethodServic: GoogleInputMethodService.onFinishInput():3138 
08-05 14:50:50.498 13866 13866 I GoogleInputMethodServic: GoogleInputMethodService.onStartInput():1808 
08-05 14:50:50.601 10720 10789 I art     : Starting a blocking GC Explicit
08-05 14:50:50.635 10720 10789 I art     : Explicit concurrent mark sweep GC freed 6931(439KB) AllocSpace objects, 2(40KB) LOS objects, 26% free, 43MB/59MB, paused 963us total 33.474ms
08-05 14:50:50.647 10720 10789 I art     : Starting a blocking GC Explicit
08-05 14:50:50.674 10720 10789 I art     : Explicit concurrent mark sweep GC freed 597(23KB) AllocSpace objects, 0(0B) LOS objects, 26% free, 43MB/59MB, paused 629us total 26.717ms
08-05 14:50:50.687 10720 10789 I art     : Starting a blocking GC Explicit
08-05 14:50:50.718 10720 10789 I art     : Explicit concurrent mark sweep GC freed 100(1728B) AllocSpace objects, 0(0B) LOS objects, 26% free, 43MB/59MB, paused 680us total 30.915ms
08-05 14:50:50.731 10720 10789 I art     : Starting a blocking GC Explicit
08-05 14:50:50.755   380   380 W SurfaceFlinger: couldn't log to binary event log: overflow.
08-05 14:50:50.764 10720 10789 I art     : Explicit concurrent mark sweep GC freed 147(2496B) AllocSpace objects, 0(0B) LOS objects, 26% free, 43MB/59MB, paused 644us total 33.120ms
08-05 14:50:50.777 10720 10789 I art     : Starting a blocking GC Explicit
08-05 14:50:50.804 10720 10789 I art     : Explicit concurrent mark sweep GC freed 99(1696B) AllocSpace objects, 0(0B) LOS objects, 26% free, 43MB/59MB, paused 624us total 26.502ms
08-05 14:50:50.979 10720 11731 I NAPPA_EXPERIMENTATION: MetricNetworkRequestExecutionTime: REQUEST_DURATION_SYSTEM='611',REQUEST_DURATION_OKHTTP='66',REQUEST_SYNCHRONOUS='FALSE',RESPONSE_CODE='200',RESPONSE_METHOD='GET',RESPONSE_LENGTH_OKHTTP='530',RESPONSE_LENGTH_HEADER='530',REQUEST_PROTOCOL='http/1.1',REQUEST_URL='https://project-travel-mate.herokuapp.com/api/get-city/1',
08-05 14:50:50.985 10720 11730 I NAPPA_EXPERIMENTATION: MetricNetworkRequestExecutionTime: REQUEST_DURATION_SYSTEM='618',REQUEST_DURATION_OKHTTP='73',REQUEST_SYNCHRONOUS='FALSE',RESPONSE_CODE='200',RESPONSE_METHOD='GET',RESPONSE_LENGTH_OKHTTP='238',RESPONSE_LENGTH_HEADER='238',REQUEST_PROTOCOL='http/1.1',REQUEST_URL='https://project-travel-mate.herokuapp.com/api/get-city-weather/1',
08-05 14:50:51.019 10720 11731 V Response: {"id":1,"city_name":"Delhi","description":"Delhi, officially the National Capital Territory of Delhi, is the Capital territory of India. During the British Raj, Delhi was part of the province of Punjab and is still historically and culturally connected to the Punjab region.","latitude":"28.613900","longitude":"77.209000","facts_count":6,"images":["https://upload.wikimedia.org/wikipedia/commons/9/94/%E0%B4%96%E0%B5%81%E0%B4%A4%E0%B5%8D%E0%B4%AC%E0%B5%8D_%E0%B4%AE%E0%B4%BF%E0%B4%A8%E0%B4%BE%E0%B5%BC1.jpg"],"has_visited":false}
08-05 14:50:51.094 10720 10732 I art     : Starting a blocking GC Explicit
08-05 14:50:51.129 10720 10732 I art     : Explicit concurrent mark sweep GC freed 9037(470KB) AllocSpace objects, 6(4MB) LOS objects, 28% free, 39MB/55MB, paused 558us total 35.204ms
08-05 14:50:51.141 10720 10732 I art     : Starting a blocking GC Explicit
08-05 14:50:51.170 10720 10732 I art     : Explicit concurrent mark sweep GC freed 1164(122KB) AllocSpace objects, 0(0B) LOS objects, 28% free, 39MB/55MB, paused 614us total 28.610ms
08-05 14:50:51.182 10720 10732 I art     : Starting a blocking GC Explicit
08-05 14:50:51.213 10720 10732 I art     : Explicit concurrent mark sweep GC freed 147(2496B) AllocSpace objects, 0(0B) LOS objects, 28% free, 39MB/55MB, paused 636us total 30.911ms
08-05 14:50:51.226 10720 10732 I art     : Starting a blocking GC Explicit
08-05 14:50:51.258 10720 10732 I art     : Explicit concurrent mark sweep GC freed 124(2112B) AllocSpace objects, 0(0B) LOS objects, 28% free, 39MB/55MB, paused 1.304ms total 31.615ms
08-05 14:50:51.270 10720 10732 I art     : Starting a blocking GC Explicit
08-05 14:50:51.302 10720 10732 I art     : Explicit concurrent mark sweep GC freed 122(2080B) AllocSpace objects, 0(0B) LOS objects, 28% free, 39MB/55MB, paused 641us total 31.013ms
08-05 14:50:51.630 10720 11113 I art     : Starting a blocking GC Explicit
08-05 14:50:51.662 10720 11113 I art     : Explicit concurrent mark sweep GC freed 2506(101KB) AllocSpace objects, 2(40KB) LOS objects, 28% free, 39MB/55MB, paused 630us total 31.740ms
08-05 14:50:51.675 10720 11113 I art     : Starting a blocking GC Explicit
08-05 14:50:51.705 10720 11113 I art     : Explicit concurrent mark sweep GC freed 128(2928B) AllocSpace objects, 0(0B) LOS objects, 28% free, 39MB/55MB, paused 682us total 30.428ms
08-05 14:50:51.718 10720 11113 I art     : Starting a blocking GC Explicit
08-05 14:50:51.749 10720 11113 I art     : Explicit concurrent mark sweep GC freed 147(2496B) AllocSpace objects, 0(0B) LOS objects, 28% free, 39MB/55MB, paused 580us total 30.815ms
08-05 14:50:51.762 10720 11113 I art     : Starting a blocking GC Explicit
08-05 14:50:51.793 10720 11113 I art     : Explicit concurrent mark sweep GC freed 146(2464B) AllocSpace objects, 0(0B) LOS objects, 28% free, 39MB/55MB, paused 671us total 30.934ms
08-05 14:50:51.805 10720 11113 I art     : Starting a blocking GC Explicit
08-05 14:50:51.837 10720 11113 I art     : Explicit concurrent mark sweep GC freed 99(1696B) AllocSpace objects, 0(0B) LOS objects, 28% free, 39MB/55MB, paused 720us total 31.289ms
08-05 14:50:52.204 10720 10733 I art     : Starting a blocking GC Explicit
08-05 14:50:52.236 10720 10733 I art     : Explicit concurrent mark sweep GC freed 2581(101KB) AllocSpace objects, 2(40KB) LOS objects, 28% free, 39MB/55MB, paused 616us total 32.306ms
08-05 14:50:52.249 10720 10733 I art     : Starting a blocking GC Explicit
08-05 14:50:52.280 10720 10733 I art     : Explicit concurrent mark sweep GC freed 166(3KB) AllocSpace objects, 0(0B) LOS objects, 28% free, 39MB/55MB, paused 638us total 31.023ms
08-05 14:50:52.293 10720 10733 I art     : Starting a blocking GC Explicit
08-05 14:50:52.326 10720 10733 I art     : Explicit concurrent mark sweep GC freed 139(2336B) AllocSpace objects, 0(0B) LOS objects, 28% free, 39MB/55MB, paused 786us total 32.702ms
08-05 14:50:52.339 10720 10733 I art     : Starting a blocking GC Explicit
08-05 14:50:52.372 10720 10733 I art     : Explicit concurrent mark sweep GC freed 107(1856B) AllocSpace objects, 0(0B) LOS objects, 28% free, 39MB/55MB, paused 644us total 31.955ms
08-05 14:50:52.385 10720 10733 I art     : Starting a blocking GC Explicit
08-05 14:50:52.418 10720 10733 I art     : Explicit concurrent mark sweep GC freed 147(2496B) AllocSpace objects, 0(0B) LOS objects, 28% free, 39MB/55MB, paused 673us total 32.573ms
08-05 14:50:52.778 10720 10732 I art     : Starting a blocking GC Explicit
08-05 14:50:52.810 10720 10732 I art     : Explicit concurrent mark sweep GC freed 2545(101KB) AllocSpace objects, 2(40KB) LOS objects, 28% free, 39MB/55MB, paused 838us total 32.379ms
08-05 14:50:52.825 10720 10732 I art     : Starting a blocking GC Explicit
08-05 14:50:52.856 10720 10732 I art     : Explicit concurrent mark sweep GC freed 152(2960B) AllocSpace objects, 0(0B) LOS objects, 28% free, 39MB/55MB, paused 635us total 30.347ms
08-05 14:50:52.868 10720 10732 I art     : Starting a blocking GC Explicit
08-05 14:50:52.900 10720 10732 I art     : Explicit concurrent mark sweep GC freed 147(2496B) AllocSpace objects, 0(0B) LOS objects, 28% free, 39MB/55MB, paused 621us total 31.083ms
08-05 14:50:52.912 10720 10732 I art     : Starting a blocking GC Explicit
08-05 14:50:52.944 10720 10732 I art     : Explicit concurrent mark sweep GC freed 146(2464B) AllocSpace objects, 0(0B) LOS objects, 28% free, 39MB/55MB, paused 679us total 31.935ms
08-05 14:50:52.957 10720 10732 I art     : Starting a blocking GC Explicit
08-05 14:50:52.989 10720 10732 I art     : Explicit concurrent mark sweep GC freed 99(1696B) AllocSpace objects, 0(0B) LOS objects, 28% free, 39MB/55MB, paused 656us total 31.711ms
08-05 14:50:53.343  5179  5194 D QcrilMsgTunnelSocket: readRilMessage: Buffer = [B@671e81d HexData = [010000000404000011000000514f454d484f4f4bef0308000100000003]
08-05 14:50:53.343  5179  5194 D QcrilMsgTunnelSocket: Rcvd UNSOL response with 28 bytes data for SUB0
08-05 14:50:53.343  5179  5194 D QcrilMsgTunnelSocket: Response ID 525295 is not served in this process.
08-05 14:50:53.343  5179  5194 D QcrilMsgTunnelSocket: To broadcast an Intent via the notifier to external apps
08-05 14:50:53.343  5179  5179 D QcrilMsgTunnelIfaceManager: handleMessage what = 0
08-05 14:50:53.343  5179  5179 D QcrilMsgTunnelIfaceManager: Broadcasting intent ACTION_UNSOL_RESPONSE_OEM_HOOK_RAW
08-05 14:50:53.346  5164  5164 D QC_RIL_OEM_HOOK: Received Broadcast Intent ACTION_UNSOL_RESPONSE_OEM_HOOK_RAW
08-05 14:50:53.347  5164  5164 D QC_RIL_OEM_HOOK: Oem ID in QCRILHOOK UNSOL RESP is QOEMHOOK
08-05 14:50:53.362 10720 10789 I art     : Starting a blocking GC Explicit
08-05 14:50:53.393 10720 10789 I art     : Explicit concurrent mark sweep GC freed 2606(102KB) AllocSpace objects, 2(40KB) LOS objects, 28% free, 39MB/55MB, paused 831us total 30.909ms
08-05 14:50:53.406 10720 10789 I art     : Starting a blocking GC Explicit
08-05 14:50:53.437 10720 10789 I art     : Explicit concurrent mark sweep GC freed 162(3KB) AllocSpace objects, 0(0B) LOS objects, 28% free, 39MB/55MB, paused 654us total 31.047ms
08-05 14:50:53.450 10720 10789 I art     : Starting a blocking GC Explicit
08-05 14:50:53.481 10720 10789 I art     : Explicit concurrent mark sweep GC freed 147(2496B) AllocSpace objects, 0(0B) LOS objects, 28% free, 39MB/55MB, paused 628us total 30.916ms
08-05 14:50:53.494 10720 10789 I art     : Starting a blocking GC Explicit
08-05 14:50:53.524 10720 10789 I art     : Explicit concurrent mark sweep GC freed 100(1728B) AllocSpace objects, 0(0B) LOS objects, 28% free, 39MB/55MB, paused 588us total 30.345ms
08-05 14:50:53.537 10720 10789 I art     : Starting a blocking GC Explicit
08-05 14:50:53.566 10720 10789 I art     : Explicit concurrent mark sweep GC freed 147(2496B) AllocSpace objects, 0(0B) LOS objects, 28% free, 39MB/55MB, paused 577us total 29.068ms
08-05 14:50:53.671 10696 10696 I ServiceManager: Waiting for service AtCmdFwd...
08-05 14:50:53.937 10720 11113 I art     : Starting a blocking GC Explicit
08-05 14:50:53.972 10720 11113 I art     : Explicit concurrent mark sweep GC freed 2579(101KB) AllocSpace objects, 2(40KB) LOS objects, 28% free, 39MB/55MB, paused 650us total 34.296ms
08-05 14:50:53.988 10720 11113 I art     : Starting a blocking GC Explicit
08-05 14:50:54.019 10720 11113 I art     : Explicit concurrent mark sweep GC freed 166(3KB) AllocSpace objects, 0(0B) LOS objects, 28% free, 39MB/55MB, paused 637us total 30.119ms
08-05 14:50:54.031 10720 11113 I art     : Starting a blocking GC Explicit
08-05 14:50:54.061 10720 11113 I art     : Explicit concurrent mark sweep GC freed 140(2352B) AllocSpace objects, 0(0B) LOS objects, 28% free, 39MB/55MB, paused 724us total 29.995ms
08-05 14:50:54.074 10720 11113 I art     : Starting a blocking GC Explicit
08-05 14:50:54.105 10720 11113 I art     : Explicit concurrent mark sweep GC freed 106(1840B) AllocSpace objects, 0(0B) LOS objects, 28% free, 39MB/55MB, paused 633us total 31.290ms
08-05 14:50:54.118 10720 11113 I art     : Starting a blocking GC Explicit
08-05 14:50:54.149 10720 11113 I art     : Explicit concurrent mark sweep GC freed 147(2496B) AllocSpace objects, 0(0B) LOS objects, 28% free, 39MB/55MB, paused 632us total 30.362ms
08-05 14:50:54.537 10720 10733 I art     : Starting a blocking GC Explicit
08-05 14:50:54.571 10720 10733 I art     : Explicit concurrent mark sweep GC freed 2633(103KB) AllocSpace objects, 2(40KB) LOS objects, 28% free, 39MB/55MB, paused 604us total 33.392ms
08-05 14:50:54.583 10720 10733 I art     : Starting a blocking GC Explicit
08-05 14:50:54.612 10720 10733 I art     : Explicit concurrent mark sweep GC freed 188(4KB) AllocSpace objects, 0(0B) LOS objects, 28% free, 39MB/55MB, paused 718us total 28.298ms
08-05 14:50:54.624 10720 10733 I art     : Starting a blocking GC Explicit
08-05 14:50:54.652 10720 10733 I art     : Explicit concurrent mark sweep GC freed 104(1952B) AllocSpace objects, 0(0B) LOS objects, 28% free, 39MB/55MB, paused 670us total 27.822ms
08-05 14:50:54.664 10720 10733 I art     : Starting a blocking GC Explicit
08-05 14:50:54.671 10696 10696 I ServiceManager: Waiting for service AtCmdFwd...
08-05 14:50:54.693 10720 10733 I art     : Explicit concurrent mark sweep GC freed 99(1696B) AllocSpace objects, 0(0B) LOS objects, 28% free, 39MB/55MB, paused 677us total 29.070ms
08-05 14:50:54.706 10720 10733 I art     : Starting a blocking GC Explicit
08-05 14:50:54.736 10720 10733 I art     : Explicit concurrent mark sweep GC freed 147(2496B) AllocSpace objects, 0(0B) LOS objects, 28% free, 39MB/55MB, paused 648us total 29.654ms
08-05 14:50:54.984 11822 11822 D AndroidRuntime: >>>>>> START com.android.internal.os.RuntimeInit uid 2000 <<<<<<
08-05 14:50:54.989 11822 11822 D AndroidRuntime: CheckJNI is OFF
08-05 14:50:55.023 11822 11822 D ICU     : No timezone override file found: /data/misc/zoneinfo/current/icu/icu_tzdata.dat
08-05 14:50:55.057 11822 11822 I Radio-JNI: register_android_hardware_Radio DONE
08-05 14:50:55.079 11822 11822 D AndroidRuntime: Calling main entry com.android.commands.input.Input
08-05 14:50:55.081 11822 11822 I Input   : injectMotionEvent: MotionEvent { action=ACTION_DOWN, actionButton=0, id[0]=0, x[0]=693.0, y[0]=1450.0, toolType[0]=TOOL_TYPE_UNKNOWN, buttonState=0, metaState=0, flags=0x0, edgeFlags=0x0, pointerCount=1, historySize=0, eventTime=802271493, downTime=802271493, deviceId=0, source=0x1002 }
08-05 14:50:55.083 10720 10789 I art     : Starting a blocking GC Explicit
08-05 14:50:55.087 11822 11822 I Input   : injectMotionEvent: MotionEvent { action=ACTION_UP, actionButton=0, id[0]=0, x[0]=693.0, y[0]=1450.0, toolType[0]=TOOL_TYPE_UNKNOWN, buttonState=0, metaState=0, flags=0x0, edgeFlags=0x0, pointerCount=1, historySize=0, eventTime=802271493, downTime=802271493, deviceId=0, source=0x1002 }
08-05 14:50:55.089   918  3670 I ActivityManager: START u0 {cmp=baseline.io.github.project_travel_mate/.destinations.description.CityHistoryActivity} from uid 10674 on display 0
08-05 14:50:55.090 11822 11822 D AndroidRuntime: Shutting down VM
08-05 14:50:55.091   512  2967 D audio_hw_primary: out_set_parameters: enter: usecase(1: low-latency-playback) kvpairs: routing=2
08-05 14:50:55.104   512  2967 D audio_hw_primary: select_devices: out_snd_device(2: speaker) in_snd_device(0: none)
08-05 14:50:55.104   512  2967 D msm8974_platform: platform_send_audio_calibration: sending audio calibration for snd_device(2) acdb_id(15)
08-05 14:50:55.105   512  2967 I soundtrigger: audio_extn_sound_trigger_update_device_status: device 0x2 of type 0 for Event 1
08-05 14:50:55.115   512  2967 D audio_hw_primary: enable_snd_device: snd_device(2: speaker)
08-05 14:50:55.117 10720 10789 I art     : Explicit concurrent mark sweep GC freed 2692(115KB) AllocSpace objects, 2(40KB) LOS objects, 28% free, 39MB/55MB, paused 1.018ms total 33.736ms
08-05 14:50:55.117   512  2967 D audio_hw_primary: enable_audio_route: apply and update mixer path: low-latency-playback speaker
08-05 14:50:55.120 10720 10784 D Gabe    : call	returning from cache
08-05 14:50:55.121 10720 10720 V EXECUTING: https://project-travel-mate.herokuapp.com/api/get-city-information/1
08-05 14:50:55.129 10720 10789 I art     : Starting a blocking GC Explicit
08-05 14:50:55.158 10720 10789 I art     : Explicit concurrent mark sweep GC freed 447(32KB) AllocSpace objects, 0(0B) LOS objects, 28% free, 39MB/55MB, paused 689us total 28.721ms
08-05 14:50:55.158 10720 10731 I art     : WaitForGcToComplete blocked for 24.701ms for cause HeapTrim
08-05 14:50:55.170 10720 10789 I art     : Starting a blocking GC Explicit
08-05 14:50:55.201 10720 10789 I art     : Explicit concurrent mark sweep GC freed 659(23KB) AllocSpace objects, 0(0B) LOS objects, 26% free, 44MB/60MB, paused 825us total 30.819ms
08-05 14:50:55.214 10720 10789 I art     : Starting a blocking GC Explicit
08-05 14:50:55.243 10720 10789 I art     : Explicit concurrent mark sweep GC freed 47(2144B) AllocSpace objects, 0(0B) LOS objects, 26% free, 44MB/60MB, paused 864us total 28.926ms
08-05 14:50:55.247   918   936 I ActivityManager: Displayed baseline.io.github.project_travel_mate/.destinations.description.CityHistoryActivity: +146ms
08-05 14:50:55.247 13866 13866 I GoogleInputMethodServic: GoogleInputMethodService.onFinishInput():3138 
08-05 14:50:55.249 13866 13866 I GoogleInputMethodServic: GoogleInputMethodService.onStartInput():1808 
08-05 14:50:55.255 10720 10789 I art     : Starting a blocking GC Explicit
08-05 14:50:55.288 10720 10789 I art     : Explicit concurrent mark sweep GC freed 150(3KB) AllocSpace objects, 0(0B) LOS objects, 26% free, 44MB/60MB, paused 1.191ms total 33.325ms
08-05 14:50:55.495   380   380 W SurfaceFlinger: couldn't log to binary event log: overflow.
08-05 14:50:55.609 10720 10732 I art     : Starting a blocking GC Explicit
08-05 14:50:55.644 10720 10732 I art     : Explicit concurrent mark sweep GC freed 5437(238KB) AllocSpace objects, 5(240KB) LOS objects, 26% free, 44MB/60MB, paused 860us total 34.091ms
08-05 14:50:55.650 10720 11846 I NAPPA_EXPERIMENTATION: MetricNetworkRequestExecutionTime: REQUEST_DURATION_SYSTEM='527',REQUEST_DURATION_OKHTTP='41',REQUEST_SYNCHRONOUS='FALSE',RESPONSE_CODE='200',RESPONSE_METHOD='GET',RESPONSE_LENGTH_OKHTTP='55024',RESPONSE_LENGTH_HEADER='55024',REQUEST_PROTOCOL='http/1.1',REQUEST_URL='https://project-travel-mate.herokuapp.com/api/get-city-information/1',
08-05 14:50:55.657 10720 10732 I art     : Starting a blocking GC Explicit
08-05 14:50:55.659   512  2967 D audio_hw_primary: disable_audio_route: reset and update mixer path: low-latency-playback speaker
08-05 14:50:55.660   512  2967 D audio_hw_primary: disable_snd_device: snd_device(2: speaker)
08-05 14:50:55.668   512  2967 I soundtrigger: audio_extn_sound_trigger_update_device_status: device 0x2 of type 0 for Event 0
08-05 14:50:55.672 10696 10696 I ServiceManager: Waiting for service AtCmdFwd...
08-05 14:50:55.687 10720 10732 I art     : Explicit concurrent mark sweep GC freed 1107(128KB) AllocSpace objects, 3(272KB) LOS objects, 26% free, 44MB/60MB, paused 600us total 29.516ms
08-05 14:50:55.699 10720 10732 I art     : Starting a blocking GC Explicit
08-05 14:50:55.729 10720 10732 I art     : Explicit concurrent mark sweep GC freed 241(7KB) AllocSpace objects, 0(0B) LOS objects, 26% free, 44MB/60MB, paused 727us total 29.744ms
08-05 14:50:55.743 10720 10732 I art     : Starting a blocking GC Explicit
08-05 14:50:55.774 10720 10732 I art     : Explicit concurrent mark sweep GC freed 667(742KB) AllocSpace objects, 8(256KB) LOS objects, 26% free, 44MB/60MB, paused 852us total 30.612ms
08-05 14:50:55.786 10720 10732 I art     : Starting a blocking GC Explicit
08-05 14:50:55.795 13866 13866 I GoogleInputMethodServic: GoogleInputMethodService.onFinishInput():3138 
08-05 14:50:55.796 13866 13866 I GoogleInputMethodServic: GoogleInputMethodService.onStartInput():1808 
08-05 14:50:55.815 10720 10732 I art     : Explicit concurrent mark sweep GC freed 809(470KB) AllocSpace objects, 8(152KB) LOS objects, 26% free, 44MB/60MB, paused 640us total 29.355ms
08-05 14:50:56.158 10720 10789 I art     : Starting a blocking GC Explicit
08-05 14:50:56.194 10720 10789 I art     : Explicit concurrent mark sweep GC freed 3052(110KB) AllocSpace objects, 3(4MB) LOS objects, 28% free, 40MB/56MB, paused 663us total 35.060ms
08-05 14:50:56.209 10720 10789 I art     : Starting a blocking GC Explicit
08-05 14:50:56.241 10720 10789 I art     : Explicit concurrent mark sweep GC freed 251(4KB) AllocSpace objects, 0(0B) LOS objects, 28% free, 40MB/56MB, paused 673us total 32.385ms
08-05 14:50:56.254 10720 10789 I art     : Starting a blocking GC Explicit
08-05 14:50:56.288 10720 10789 I art     : Explicit concurrent mark sweep GC freed 230(4KB) AllocSpace objects, 0(0B) LOS objects, 28% free, 40MB/56MB, paused 680us total 33.014ms
08-05 14:50:56.301 10720 10789 I art     : Starting a blocking GC Explicit
08-05 14:50:56.334 10720 10789 I art     : Explicit concurrent mark sweep GC freed 225(3KB) AllocSpace objects, 0(0B) LOS objects, 28% free, 40MB/56MB, paused 613us total 33.524ms
08-05 14:50:56.347 10720 10789 I art     : Starting a blocking GC Explicit
08-05 14:50:56.381 10720 10789 I art     : Explicit concurrent mark sweep GC freed 216(3KB) AllocSpace objects, 0(0B) LOS objects, 28% free, 40MB/56MB, paused 786us total 33.617ms
08-05 14:50:56.672 10696 10696 I ServiceManager: Waiting for service AtCmdFwd...
08-05 14:50:56.719 10720 10733 I art     : Starting a blocking GC Explicit
08-05 14:50:56.753 10720 10733 I art     : Explicit concurrent mark sweep GC freed 3016(109KB) AllocSpace objects, 2(40KB) LOS objects, 28% free, 40MB/56MB, paused 599us total 33.974ms
08-05 14:50:56.766 10720 10733 I art     : Starting a blocking GC Explicit
08-05 14:50:56.802 10720 10733 I art     : Explicit concurrent mark sweep GC freed 245(4KB) AllocSpace objects, 0(0B) LOS objects, 28% free, 40MB/56MB, paused 594us total 35.998ms
08-05 14:50:56.816 10720 10733 I art     : Starting a blocking GC Explicit
08-05 14:50:56.849 10720 10733 I art     : Explicit concurrent mark sweep GC freed 223(3KB) AllocSpace objects, 0(0B) LOS objects, 28% free, 40MB/56MB, paused 701us total 32.892ms
08-05 14:50:56.862 10720 10733 I art     : Starting a blocking GC Explicit
08-05 14:50:56.897 10720 10733 I art     : Explicit concurrent mark sweep GC freed 152(2640B) AllocSpace objects, 0(0B) LOS objects, 28% free, 40MB/56MB, paused 891us total 34.457ms
08-05 14:50:56.911 10720 10733 I art     : Starting a blocking GC Explicit
08-05 14:50:56.944 10720 10733 I art     : Explicit concurrent mark sweep GC freed 225(3KB) AllocSpace objects, 0(0B) LOS objects, 28% free, 40MB/56MB, paused 612us total 32.966ms
08-05 14:50:57.311 10720 10732 I art     : Starting a blocking GC Explicit
08-05 14:50:57.348 10720 10732 I art     : Explicit concurrent mark sweep GC freed 3162(111KB) AllocSpace objects, 2(40KB) LOS objects, 28% free, 40MB/56MB, paused 729us total 36.507ms
08-05 14:50:57.362 10720 10732 I art     : Starting a blocking GC Explicit
08-05 14:50:57.395 10720 10732 I art     : Explicit concurrent mark sweep GC freed 237(4KB) AllocSpace objects, 0(0B) LOS objects, 28% free, 40MB/56MB, paused 655us total 32.777ms
08-05 14:50:57.408 10720 10732 I art     : Starting a blocking GC Explicit
08-05 14:50:57.440 10720 10732 I art     : Explicit concurrent mark sweep GC freed 220(3KB) AllocSpace objects, 0(0B) LOS objects, 28% free, 40MB/56MB, paused 608us total 31.067ms
08-05 14:50:57.452 10720 10732 I art     : Starting a blocking GC Explicit
08-05 14:50:57.486 10720 10732 I art     : Explicit concurrent mark sweep GC freed 219(3KB) AllocSpace objects, 0(0B) LOS objects, 28% free, 40MB/56MB, paused 651us total 33.045ms
08-05 14:50:57.499 10720 10732 I art     : Starting a blocking GC Explicit
08-05 14:50:57.532 10720 10732 I art     : Explicit concurrent mark sweep GC freed 202(3KB) AllocSpace objects, 0(0B) LOS objects, 28% free, 40MB/56MB, paused 784us total 33.387ms
08-05 14:50:57.673 10696 10696 I ServiceManager: Waiting for service AtCmdFwd...
08-05 14:50:57.881 10720 10733 I art     : Starting a blocking GC Explicit
08-05 14:50:57.917 10720 10733 I art     : Explicit concurrent mark sweep GC freed 3103(110KB) AllocSpace objects, 2(40KB) LOS objects, 28% free, 40MB/56MB, paused 811us total 36.386ms
08-05 14:50:57.930 10720 10733 I art     : Starting a blocking GC Explicit
08-05 14:50:57.961 10720 10733 I art     : Explicit concurrent mark sweep GC freed 184(3KB) AllocSpace objects, 0(0B) LOS objects, 28% free, 40MB/56MB, paused 649us total 30.651ms
08-05 14:50:57.974 10720 10733 I art     : Starting a blocking GC Explicit
08-05 14:50:58.007 10720 10733 I art     : Explicit concurrent mark sweep GC freed 220(3KB) AllocSpace objects, 0(0B) LOS objects, 28% free, 40MB/56MB, paused 633us total 32.805ms
08-05 14:50:58.019 10720 10733 I art     : Starting a blocking GC Explicit
08-05 14:50:58.052 10720 10733 I art     : Explicit concurrent mark sweep GC freed 219(3KB) AllocSpace objects, 0(0B) LOS objects, 28% free, 40MB/56MB, paused 614us total 32.046ms
08-05 14:50:58.064 10720 10733 I art     : Starting a blocking GC Explicit
08-05 14:50:58.098 10720 10733 I art     : Explicit concurrent mark sweep GC freed 146(2464B) AllocSpace objects, 0(0B) LOS objects, 28% free, 40MB/56MB, paused 755us total 33.391ms
08-05 14:50:58.466 10720 10789 I art     : Starting a blocking GC Explicit
08-05 14:50:58.501 10720 10789 I art     : Explicit concurrent mark sweep GC freed 3229(112KB) AllocSpace objects, 2(40KB) LOS objects, 28% free, 40MB/56MB, paused 699us total 35.555ms
08-05 14:50:58.514 10720 10789 I art     : Starting a blocking GC Explicit
08-05 14:50:58.546 10720 10789 I art     : Explicit concurrent mark sweep GC freed 166(3KB) AllocSpace objects, 0(0B) LOS objects, 28% free, 40MB/56MB, paused 648us total 31.757ms
08-05 14:50:58.559 10720 10789 I art     : Starting a blocking GC Explicit
08-05 14:50:58.591 10720 10789 I art     : Explicit concurrent mark sweep GC freed 220(3KB) AllocSpace objects, 0(0B) LOS objects, 28% free, 40MB/56MB, paused 671us total 32.178ms
08-05 14:50:58.604 10720 10789 I art     : Starting a blocking GC Explicit
08-05 14:50:58.638 10720 10789 I art     : Explicit concurrent mark sweep GC freed 219(3KB) AllocSpace objects, 0(0B) LOS objects, 28% free, 40MB/56MB, paused 690us total 33.135ms
08-05 14:50:58.651 10720 10789 I art     : Starting a blocking GC Explicit
08-05 14:50:58.673 10696 10696 W Atfwd_Sendcmd: AtCmdFwd service not published, waiting... retryCnt : 5
08-05 14:50:58.684 10720 10789 I art     : Explicit concurrent mark sweep GC freed 185(3KB) AllocSpace objects, 0(0B) LOS objects, 28% free, 40MB/56MB, paused 852us total 32.671ms
08-05 14:50:59.039 10720 11113 I art     : Starting a blocking GC Explicit
08-05 14:50:59.074 10720 11113 I art     : Explicit concurrent mark sweep GC freed 3117(110KB) AllocSpace objects, 2(40KB) LOS objects, 28% free, 40MB/56MB, paused 662us total 34.611ms
08-05 14:50:59.087 10720 11113 I art     : Starting a blocking GC Explicit
08-05 14:50:59.121 10720 11113 I art     : Explicit concurrent mark sweep GC freed 238(4KB) AllocSpace objects, 0(0B) LOS objects, 28% free, 40MB/56MB, paused 636us total 33.197ms
08-05 14:50:59.134 10720 11113 I art     : Starting a blocking GC Explicit
08-05 14:50:59.169 10720 11113 I art     : Explicit concurrent mark sweep GC freed 218(3KB) AllocSpace objects, 0(0B) LOS objects, 28% free, 40MB/56MB, paused 713us total 34.393ms
08-05 14:50:59.182 10720 11113 I art     : Starting a blocking GC Explicit
08-05 14:50:59.216 10720 11113 I art     : Explicit concurrent mark sweep GC freed 158(2672B) AllocSpace objects, 0(0B) LOS objects, 28% free, 40MB/56MB, paused 884us total 34.400ms
08-05 14:50:59.230 10720 11113 I art     : Starting a blocking GC Explicit
08-05 14:50:59.264 10720 11113 I art     : Explicit concurrent mark sweep GC freed 216(3KB) AllocSpace objects, 0(0B) LOS objects, 28% free, 40MB/56MB, paused 663us total 33.987ms
08-05 14:50:59.585 10720 10732 I art     : Starting a blocking GC Explicit
08-05 14:50:59.619 10720 10732 I art     : Explicit concurrent mark sweep GC freed 3019(109KB) AllocSpace objects, 2(40KB) LOS objects, 28% free, 40MB/56MB, paused 726us total 33.911ms
08-05 14:50:59.632 10720 10732 I art     : Starting a blocking GC Explicit
08-05 14:50:59.666 10720 10732 I art     : Explicit concurrent mark sweep GC freed 173(3KB) AllocSpace objects, 0(0B) LOS objects, 28% free, 40MB/56MB, paused 682us total 33.794ms
08-05 14:50:59.679 10720 10732 I art     : Starting a blocking GC Explicit
08-05 14:50:59.712 10720 10732 I art     : Explicit concurrent mark sweep GC freed 220(3KB) AllocSpace objects, 0(0B) LOS objects, 28% free, 40MB/56MB, paused 664us total 32.559ms
08-05 14:50:59.725 10720 10732 I art     : Starting a blocking GC Explicit
08-05 14:50:59.757 10720 10732 I art     : Explicit concurrent mark sweep GC freed 219(3KB) AllocSpace objects, 0(0B) LOS objects, 28% free, 40MB/56MB, paused 733us total 32.178ms
08-05 14:50:59.770 10720 10732 I art     : Starting a blocking GC Explicit
08-05 14:50:59.800 11919 11919 D AndroidRuntime: >>>>>> START com.android.internal.os.RuntimeInit uid 2000 <<<<<<
08-05 14:50:59.804 10720 10732 I art     : Explicit concurrent mark sweep GC freed 218(3KB) AllocSpace objects, 0(0B) LOS objects, 28% free, 40MB/56MB, paused 734us total 33.415ms
08-05 14:50:59.805 11919 11919 D AndroidRuntime: CheckJNI is OFF
08-05 14:50:59.839 11919 11919 D ICU     : No timezone override file found: /data/misc/zoneinfo/current/icu/icu_tzdata.dat
08-05 14:50:59.872 11919 11919 I Radio-JNI: register_android_hardware_Radio DONE
08-05 14:50:59.894 11919 11919 D AndroidRuntime: Calling main entry com.android.commands.input.Input
08-05 14:50:59.895 11919 11919 I Input   : injectKeyEvent: KeyEvent { action=ACTION_DOWN, keyCode=KEYCODE_BACK, scanCode=0, metaState=0, flags=0x0, repeatCount=0, eventTime=802276308, downTime=802276308, deviceId=-1, source=0x101 }
08-05 14:50:59.902 11919 11919 I Input   : injectKeyEvent: KeyEvent { action=ACTION_UP, keyCode=KEYCODE_BACK, scanCode=0, metaState=0, flags=0x0, repeatCount=0, eventTime=802276308, downTime=802276308, deviceId=-1, source=0x101 }
08-05 14:50:59.908 11919 11919 D AndroidRuntime: Shutting down VM
08-05 14:50:59.951 13866 13866 I GoogleInputMethodServic: GoogleInputMethodService.onFinishInput():3138 
08-05 14:50:59.951 13866 13866 I GoogleInputMethodServic: GoogleInputMethodService.onStartInput():1808 
08-05 14:51:00.108 10720 10733 I art     : Starting a blocking GC Explicit
08-05 14:51:00.150 10720 10733 I art     : Explicit concurrent mark sweep GC freed 2900(109KB) AllocSpace objects, 2(40KB) LOS objects, 28% free, 40MB/56MB, paused 674us total 41.661ms
08-05 14:51:00.167 10720 10733 I art     : Starting a blocking GC Explicit
08-05 14:51:00.210 10720 10733 I art     : Explicit concurrent mark sweep GC freed 314(5KB) AllocSpace objects, 0(0B) LOS objects, 28% free, 40MB/56MB, paused 784us total 42.444ms
08-05 14:51:00.210 10720 10731 I art     : WaitForGcToComplete blocked for 8.353ms for cause HeapTrim
08-05 14:51:00.224 10720 10733 I art     : Starting a blocking GC Explicit
08-05 14:51:00.262 10720 10733 I art     : Explicit concurrent mark sweep GC freed 232(4KB) AllocSpace objects, 0(0B) LOS objects, 28% free, 40MB/56MB, paused 668us total 36.986ms
08-05 14:51:00.266   380   380 W SurfaceFlinger: couldn't log to binary event log: overflow.
08-05 14:51:00.276 10720 10733 I art     : Starting a blocking GC Explicit
08-05 14:51:00.307 10720 10733 I art     : Explicit concurrent mark sweep GC freed 159(2944B) AllocSpace objects, 1(188KB) LOS objects, 28% free, 40MB/56MB, paused 649us total 30.269ms
08-05 14:51:00.320 10720 10733 I art     : Starting a blocking GC Explicit
08-05 14:51:00.349 10720 10733 I art     : Explicit concurrent mark sweep GC freed 4775(340KB) AllocSpace objects, 7(132KB) LOS objects, 28% free, 39MB/55MB, paused 635us total 29.200ms
08-05 14:51:00.578   918  3670 I ActivityManager: Start proc 11962:com.google.android.apps.gcs/u0a11 for service com.google.android.apps.gcs/.service.GcsTaskService
08-05 14:51:00.579 24365 17236 I NetworkScheduler.Stats: Task com.google.android.apps.gcs/ started execution. cause:4 exec_start_elapsed_seconds: 1785664 [CONTEXT service_id=218 ]
08-05 14:51:00.687 10720 10732 I art     : Starting a blocking GC Explicit
08-05 14:51:00.719 10720 10732 I art     : Explicit concurrent mark sweep GC freed 2526(101KB) AllocSpace objects, 2(40KB) LOS objects, 28% free, 39MB/55MB, paused 799us total 30.779ms
08-05 14:51:00.732 10720 10732 I art     : Starting a blocking GC Explicit
08-05 14:51:00.760 10720 10732 I art     : Explicit concurrent mark sweep GC freed 156(3KB) AllocSpace objects, 0(0B) LOS objects, 28% free, 39MB/55MB, paused 643us total 27.873ms
08-05 14:51:00.771 10720 10732 I art     : Starting a blocking GC Explicit
08-05 14:51:00.793   918   928 I AccountManagerService: getTypesVisibleToCaller: isPermitted? true
08-05 14:51:00.796 11962 11962 W Gcs.AccountsChgRcvr: [1] afk.b: No accounts available. WFA has been deactivated
08-05 14:51:00.800 10720 10732 I art     : Explicit concurrent mark sweep GC freed 99(1696B) AllocSpace objects, 0(0B) LOS objects, 28% free, 39MB/55MB, paused 679us total 28.347ms
08-05 14:51:00.811 11962 11962 W PrimesInit: Primes instant initialization
08-05 14:51:00.812 11962 11980 W Primes  : background initialization
08-05 14:51:00.812 10720 10732 I art     : Starting a blocking GC Explicit
08-05 14:51:00.836 11962 11980 I PrimesTesting: GserviceFlagsSupplier.get()
08-05 14:51:00.840 10720 10732 I art     : Explicit concurrent mark sweep GC freed 147(2496B) AllocSpace objects, 0(0B) LOS objects, 28% free, 39MB/55MB, paused 566us total 27.211ms
08-05 14:51:00.851 10720 10732 I art     : Starting a blocking GC Explicit
08-05 14:51:00.878 10720 10732 I art     : Explicit concurrent mark sweep GC freed 99(1696B) AllocSpace objects, 0(0B) LOS objects, 28% free, 39MB/55MB, paused 948us total 26.286ms
08-05 14:51:00.891   918  4413 I AccountManagerService: getTypesVisibleToCaller: isPermitted? true
08-05 14:51:00.894 11962 11981 W Gcs.WfaEliRefreshTask: [26656] afk.b: NULL eligibility response.
08-05 14:51:00.898 24365 21170 E NetworkScheduler.ATC: Received callback from client for task that is already complete. ComponentInfo{com.google.android.apps.gcs/com.google.android.apps.gcs.service.GcsTaskService} WfaEliRefreshTask [CONTEXT service_id=218 ]
08-05 14:51:00.901   918  5481 I ActivityManager: Killing 26467:com.google.android.youtube/u0a75 (adj 15): empty #17
08-05 14:51:00.948   918  3696 D ConnectivityService: ConnectivityService NetworkRequestInfo binderDied(NetworkRequest [ id=3322, legacyType=-1, [ Capabilities: INTERNET&NOT_RESTRICTED&TRUSTED] ], android.os.BinderProxy@a7a3e26)
08-05 14:51:00.949   918  3263 D ConnectivityService: releasing NetworkRequest NetworkRequest [ id=3322, legacyType=-1, [ Capabilities: INTERNET&NOT_RESTRICTED&TRUSTED] ]
08-05 14:51:00.951   918  3263 E ConnectivityService: RemoteException caught trying to send a callback msg for NetworkRequest [ id=3322, legacyType=-1, [ Capabilities: INTERNET&NOT_RESTRICTED&TRUSTED] ]
08-05 14:51:01.206 10720 10789 I art     : Starting a blocking GC Explicit
08-05 14:51:01.239 10720 10789 I art     : Explicit concurrent mark sweep GC freed 2483(100KB) AllocSpace objects, 2(40KB) LOS objects, 28% free, 39MB/55MB, paused 675us total 32.487ms
08-05 14:51:01.252 10720 10789 I art     : Starting a blocking GC Explicit
08-05 14:51:01.283 10720 10789 I art     : Explicit concurrent mark sweep GC freed 118(2384B) AllocSpace objects, 0(0B) LOS objects, 28% free, 39MB/55MB, paused 654us total 30.677ms
08-05 14:51:01.296 10720 10789 I art     : Starting a blocking GC Explicit
08-05 14:51:01.327 10720 10789 I art     : Explicit concurrent mark sweep GC freed 147(2496B) AllocSpace objects, 0(0B) LOS objects, 28% free, 39MB/55MB, paused 636us total 30.244ms
08-05 14:51:01.339 10720 10789 I art     : Starting a blocking GC Explicit
08-05 14:51:01.370 10720 10789 I art     : Explicit concurrent mark sweep GC freed 133(2240B) AllocSpace objects, 0(0B) LOS objects, 28% free, 39MB/55MB, paused 736us total 30.363ms
08-05 14:51:01.382 10720 10789 I art     : Starting a blocking GC Explicit
08-05 14:51:01.413 10720 10789 I art     : Explicit concurrent mark sweep GC freed 114(1984B) AllocSpace objects, 0(0B) LOS objects, 28% free, 39MB/55MB, paused 664us total 30.398ms
08-05 14:51:01.553 11994 11994 D AndroidRuntime: >>>>>> START com.android.internal.os.RuntimeInit uid 2000 <<<<<<
08-05 14:51:01.558 11994 11994 D AndroidRuntime: CheckJNI is OFF
08-05 14:51:01.589 11994 11994 D ICU     : No timezone override file found: /data/misc/zoneinfo/current/icu/icu_tzdata.dat
08-05 14:51:01.621 11994 11994 I Radio-JNI: register_android_hardware_Radio DONE
08-05 14:51:01.642 11994 11994 D AndroidRuntime: Calling main entry com.android.commands.input.Input
08-05 14:51:01.644 11994 11994 I Input   : injectKeyEvent: KeyEvent { action=ACTION_DOWN, keyCode=KEYCODE_BACK, scanCode=0, metaState=0, flags=0x0, repeatCount=0, eventTime=802278057, downTime=802278057, deviceId=-1, source=0x101 }
08-05 14:51:01.650 11994 11994 I Input   : injectKeyEvent: KeyEvent { action=ACTION_UP, keyCode=KEYCODE_BACK, scanCode=0, metaState=0, flags=0x0, repeatCount=0, eventTime=802278057, downTime=802278057, deviceId=-1, source=0x101 }
08-05 14:51:01.658 11994 11994 D AndroidRuntime: Shutting down VM
08-05 14:51:01.669 10720 10720 V MainActivity: url = https://project-travel-mate.herokuapp.com/api/number-of-unread-notifications
08-05 14:51:01.698 13866 13866 I GoogleInputMethodServic: GoogleInputMethodService.onFinishInput():3138 
08-05 14:51:01.698 13866 13866 I GoogleInputMethodServic: GoogleInputMethodService.onStartInput():1808 
08-05 14:51:01.753 10720 10733 I art     : Starting a blocking GC Explicit
08-05 14:51:01.781 10720 10733 I art     : Explicit concurrent mark sweep GC freed 3040(124KB) AllocSpace objects, 2(40KB) LOS objects, 28% free, 39MB/55MB, paused 675us total 27.879ms
08-05 14:51:01.793 10720 10733 I art     : Starting a blocking GC Explicit
08-05 14:51:01.823 10720 10733 I art     : Explicit concurrent mark sweep GC freed 226(5KB) AllocSpace objects, 0(0B) LOS objects, 28% free, 39MB/55MB, paused 712us total 29.721ms
08-05 14:51:01.835 10720 10733 I art     : Starting a blocking GC Explicit
08-05 14:51:01.873 10720 10733 I art     : Explicit concurrent mark sweep GC freed 150(2576B) AllocSpace objects, 0(0B) LOS objects, 28% free, 39MB/55MB, paused 1.172ms total 37.775ms
08-05 14:51:01.891 10720 10733 I art     : Starting a blocking GC Explicit
08-05 14:51:01.931 10720 10733 I art     : Explicit concurrent mark sweep GC freed 167(3KB) AllocSpace objects, 0(0B) LOS objects, 28% free, 39MB/55MB, paused 710us total 39.559ms
08-05 14:51:01.945 10720 10733 I art     : Starting a blocking GC Explicit
08-05 14:51:01.985 10720 10733 I art     : Explicit concurrent mark sweep GC freed 149(2592B) AllocSpace objects, 0(0B) LOS objects, 28% free, 39MB/55MB, paused 667us total 38.818ms
08-05 14:51:02.001   380   380 W SurfaceFlinger: couldn't log to binary event log: overflow.
08-05 14:51:02.206 10720 12018 I NAPPA_EXPERIMENTATION: MetricNetworkRequestExecutionTime: REQUEST_DURATION_SYSTEM='536',REQUEST_DURATION_OKHTTP='42',REQUEST_SYNCHRONOUS='FALSE',RESPONSE_CODE='200',RESPONSE_METHOD='GET',RESPONSE_LENGTH_OKHTTP='36',RESPONSE_LENGTH_HEADER='36',REQUEST_PROTOCOL='http/1.1',REQUEST_URL='https://project-travel-mate.herokuapp.com/api/number-of-unread-notifications',
08-05 14:51:02.306 10720 10732 I art     : Starting a blocking GC Explicit
08-05 14:51:02.341 10720 10732 I art     : Explicit concurrent mark sweep GC freed 4837(242KB) AllocSpace objects, 5(240KB) LOS objects, 28% free, 39MB/55MB, paused 738us total 34.844ms
08-05 14:51:02.353 10720 10732 I art     : Starting a blocking GC Explicit
08-05 14:51:02.387 10720 10732 I art     : Explicit concurrent mark sweep GC freed 1174(125KB) AllocSpace objects, 0(0B) LOS objects, 28% free, 39MB/55MB, paused 804us total 33.204ms
08-05 14:51:02.400 10720 10732 I art     : Starting a blocking GC Explicit
08-05 14:51:02.433 10720 10732 I art     : Explicit concurrent mark sweep GC freed 51(896B) AllocSpace objects, 0(0B) LOS objects, 28% free, 39MB/55MB, paused 700us total 32.912ms
08-05 14:51:02.445 10720 10732 I art     : Starting a blocking GC Explicit
08-05 14:51:02.480 10720 10732 I art     : Explicit concurrent mark sweep GC freed 75(1296B) AllocSpace objects, 0(0B) LOS objects, 28% free, 39MB/55MB, paused 751us total 34.299ms
08-05 14:51:02.493 10720 10732 I art     : Starting a blocking GC Explicit
08-05 14:51:02.527 10720 10732 I art     : Explicit concurrent mark sweep GC freed 75(1296B) AllocSpace objects, 0(0B) LOS objects, 28% free, 39MB/55MB, paused 780us total 33.641ms
08-05 14:51:02.872 10720 11113 I art     : Starting a blocking GC Explicit
08-05 14:51:02.906 10720 11113 I art     : Explicit concurrent mark sweep GC freed 1978(92KB) AllocSpace objects, 2(40KB) LOS objects, 28% free, 39MB/55MB, paused 726us total 33.373ms
08-05 14:51:02.920 10720 11113 I art     : Starting a blocking GC Explicit
08-05 14:51:02.951 10720 11113 I art     : Explicit concurrent mark sweep GC freed 71(1616B) AllocSpace objects, 0(0B) LOS objects, 28% free, 39MB/55MB, paused 710us total 30.889ms
08-05 14:51:02.963 10720 11113 I art     : Starting a blocking GC Explicit
08-05 14:51:02.994 10720 11113 I art     : Explicit concurrent mark sweep GC freed 75(1296B) AllocSpace objects, 0(0B) LOS objects, 28% free, 39MB/55MB, paused 746us total 30.361ms
08-05 14:51:03.006 10720 11113 I art     : Starting a blocking GC Explicit
08-05 14:51:03.039 10720 11113 I art     : Explicit concurrent mark sweep GC freed 74(1264B) AllocSpace objects, 0(0B) LOS objects, 28% free, 39MB/55MB, paused 744us total 32.647ms
08-05 14:51:03.052 10720 11113 I art     : Starting a blocking GC Explicit
08-05 14:51:03.083 10720 11113 I art     : Explicit concurrent mark sweep GC freed 52(928B) AllocSpace objects, 0(0B) LOS objects, 28% free, 39MB/55MB, paused 732us total 31.499ms
08-05 14:51:03.295 12041 12041 D AndroidRuntime: >>>>>> START com.android.internal.os.RuntimeInit uid 2000 <<<<<<
08-05 14:51:03.301 12041 12041 D AndroidRuntime: CheckJNI is OFF
08-05 14:51:03.332 12041 12041 D ICU     : No timezone override file found: /data/misc/zoneinfo/current/icu/icu_tzdata.dat
08-05 14:51:03.364 12041 12041 I Radio-JNI: register_android_hardware_Radio DONE
08-05 14:51:03.385 12041 12041 D AndroidRuntime: Calling main entry com.android.commands.input.Input
08-05 14:51:03.386 12041 12041 I Input   : injectMotionEvent: MotionEvent { action=ACTION_DOWN, actionButton=0, id[0]=0, x[0]=117.0, y[0]=170.0, toolType[0]=TOOL_TYPE_UNKNOWN, buttonState=0, metaState=0, flags=0x0, edgeFlags=0x0, pointerCount=1, historySize=0, eventTime=802279799, downTime=802279799, deviceId=0, source=0x1002 }
08-05 14:51:03.390 12041 12041 I Input   : injectMotionEvent: MotionEvent { action=ACTION_UP, actionButton=0, id[0]=0, x[0]=117.0, y[0]=170.0, toolType[0]=TOOL_TYPE_UNKNOWN, buttonState=0, metaState=0, flags=0x0, edgeFlags=0x0, pointerCount=1, historySize=0, eventTime=802279799, downTime=802279799, deviceId=0, source=0x1002 }
08-05 14:51:03.392 12041 12041 D AndroidRuntime: Shutting down VM
08-05 14:51:03.407   512  2967 D audio_hw_primary: out_set_parameters: enter: usecase(1: low-latency-playback) kvpairs: routing=2
08-05 14:51:03.409 10720 11113 I art     : Starting a blocking GC Explicit
08-05 14:51:03.421   512  2967 D audio_hw_primary: select_devices: out_snd_device(2: speaker) in_snd_device(0: none)
08-05 14:51:03.421   512  2967 D msm8974_platform: platform_send_audio_calibration: sending audio calibration for snd_device(2) acdb_id(15)
08-05 14:51:03.421   512  2967 I soundtrigger: audio_extn_sound_trigger_update_device_status: device 0x2 of type 0 for Event 1
08-05 14:51:03.432   512  2967 D audio_hw_primary: enable_snd_device: snd_device(2: speaker)
08-05 14:51:03.434   512  2967 D audio_hw_primary: enable_audio_route: apply and update mixer path: low-latency-playback speaker
08-05 14:51:03.441 10720 11113 I art     : Explicit concurrent mark sweep GC freed 2047(94KB) AllocSpace objects, 2(40KB) LOS objects, 28% free, 40MB/56MB, paused 870us total 32.365ms
08-05 14:51:03.455 10720 11113 I art     : Starting a blocking GC Explicit
08-05 14:51:03.486 10720 11113 I art     : Explicit concurrent mark sweep GC freed 50(1968B) AllocSpace objects, 0(0B) LOS objects, 28% free, 40MB/56MB, paused 847us total 31.133ms
08-05 14:51:03.499 10720 11113 I art     : Starting a blocking GC Explicit
08-05 14:51:03.531 10720 11113 I art     : Explicit concurrent mark sweep GC freed 476(21KB) AllocSpace objects, 0(0B) LOS objects, 28% free, 40MB/56MB, paused 742us total 32.635ms
08-05 14:51:03.544 10720 11113 I art     : Starting a blocking GC Explicit
08-05 14:51:03.574 10720 11113 I art     : Explicit concurrent mark sweep GC freed 85(1984B) AllocSpace objects, 0(0B) LOS objects, 28% free, 40MB/56MB, paused 783us total 30.688ms
08-05 14:51:03.587 10720 11113 I art     : Starting a blocking GC Explicit
08-05 14:51:03.618 10720 11113 I art     : Explicit concurrent mark sweep GC freed 63(1472B) AllocSpace objects, 0(0B) LOS objects, 28% free, 40MB/56MB, paused 773us total 31.094ms
08-05 14:51:03.918 10720 10733 I art     : Starting a blocking GC Explicit
08-05 14:51:03.951 10720 10733 I art     : Explicit concurrent mark sweep GC freed 1914(91KB) AllocSpace objects, 2(40KB) LOS objects, 28% free, 40MB/56MB, paused 727us total 32.226ms
08-05 14:51:03.964 10720 10733 I art     : Starting a blocking GC Explicit
08-05 14:51:03.968   512  2967 D audio_hw_primary: disable_audio_route: reset and update mixer path: low-latency-playback speaker
08-05 14:51:03.969   512  2967 D audio_hw_primary: disable_snd_device: snd_device(2: speaker)
08-05 14:51:03.977   512  2967 I soundtrigger: audio_extn_sound_trigger_update_device_status: device 0x2 of type 0 for Event 0
08-05 14:51:03.994 10720 10733 I art     : Explicit concurrent mark sweep GC freed 104(2304B) AllocSpace objects, 0(0B) LOS objects, 28% free, 40MB/56MB, paused 715us total 30.291ms
08-05 14:51:04.007 10720 10733 I art     : Starting a blocking GC Explicit
08-05 14:51:04.030 12065 12065 D AndroidRuntime: >>>>>> START com.android.internal.os.RuntimeInit uid 2000 <<<<<<
08-05 14:51:04.035 12065 12065 D AndroidRuntime: CheckJNI is OFF
08-05 14:51:04.036 10720 10733 I art     : Explicit concurrent mark sweep GC freed 51(896B) AllocSpace objects, 0(0B) LOS objects, 28% free, 40MB/56MB, paused 704us total 29.591ms
08-05 14:51:04.048 10720 10733 I art     : Starting a blocking GC Explicit
08-05 14:51:04.067 12065 12065 D ICU     : No timezone override file found: /data/misc/zoneinfo/current/icu/icu_tzdata.dat
08-05 14:51:04.078 10720 10733 I art     : Explicit concurrent mark sweep GC freed 75(1296B) AllocSpace objects, 0(0B) LOS objects, 28% free, 40MB/56MB, paused 756us total 28.952ms
08-05 14:51:04.090 10720 10733 I art     : Starting a blocking GC Explicit
08-05 14:51:04.099 12065 12065 I Radio-JNI: register_android_hardware_Radio DONE
08-05 14:51:04.119 10720 10733 I art     : Explicit concurrent mark sweep GC freed 51(896B) AllocSpace objects, 0(0B) LOS objects, 28% free, 40MB/56MB, paused 681us total 29.396ms
08-05 14:51:04.120 12065 12065 D AndroidRuntime: Calling main entry com.android.commands.input.Input
08-05 14:51:04.122 12065 12065 I Input   : injectMotionEvent: MotionEvent { action=ACTION_DOWN, actionButton=0, id[0]=0, x[0]=355.0, y[0]=1674.0, toolType[0]=TOOL_TYPE_UNKNOWN, buttonState=0, metaState=0, flags=0x0, edgeFlags=0x0, pointerCount=1, historySize=0, eventTime=802280534, downTime=802280534, deviceId=0, source=0x1002 }
08-05 14:51:04.126 12065 12065 I Input   : injectMotionEvent: MotionEvent { action=ACTION_UP, actionButton=0, id[0]=0, x[0]=355.0, y[0]=1674.0, toolType[0]=TOOL_TYPE_UNKNOWN, buttonState=0, metaState=0, flags=0x0, edgeFlags=0x0, pointerCount=1, historySize=0, eventTime=802280534, downTime=802280534, deviceId=0, source=0x1002 }
08-05 14:51:04.127 12065 12065 D AndroidRuntime: Shutting down VM
08-05 14:51:04.141   512  2967 D audio_hw_primary: out_set_parameters: enter: usecase(1: low-latency-playback) kvpairs: routing=2
08-05 14:51:04.156   512  2967 D audio_hw_primary: select_devices: out_snd_device(2: speaker) in_snd_device(0: none)
08-05 14:51:04.156   512  2967 D msm8974_platform: platform_send_audio_calibration: sending audio calibration for snd_device(2) acdb_id(15)
08-05 14:51:04.157   512  2967 I soundtrigger: audio_extn_sound_trigger_update_device_status: device 0x2 of type 0 for Event 1
08-05 14:51:04.166   512  2967 D audio_hw_primary: enable_snd_device: snd_device(2: speaker)
08-05 14:51:04.168   512  2967 D audio_hw_primary: enable_audio_route: apply and update mixer path: low-latency-playback speaker
08-05 14:51:04.208   512  2967 D AudioFlinger: mixer(0xf4740000) throttle end: throttle time(12)
08-05 14:51:04.418 10720 10732 I art     : Starting a blocking GC Explicit
08-05 14:51:04.450 10720 10732 I art     : Explicit concurrent mark sweep GC freed 1382(141KB) AllocSpace objects, 0(0B) LOS objects, 16% free, 79MB/95MB, paused 796us total 32.049ms
08-05 14:51:04.463 10720 10732 I art     : Starting a blocking GC Explicit
08-05 14:51:04.493 10720 10732 I art     : Explicit concurrent mark sweep GC freed 8(336B) AllocSpace objects, 0(0B) LOS objects, 12% free, 115MB/131MB, paused 751us total 29.629ms
08-05 14:51:04.505 10720 10732 I art     : Starting a blocking GC Explicit
08-05 14:51:04.535 10720 10732 I art     : Explicit concurrent mark sweep GC freed 5(192B) AllocSpace objects, 0(0B) LOS objects, 12% free, 115MB/131MB, paused 735us total 29.131ms
08-05 14:51:04.547 10720 10732 I art     : Starting a blocking GC Explicit
08-05 14:51:04.576 10720 10732 I art     : Explicit concurrent mark sweep GC freed 3(96B) AllocSpace objects, 0(0B) LOS objects, 12% free, 115MB/131MB, paused 763us total 29.076ms
08-05 14:51:04.588 10720 10732 I art     : Starting a blocking GC Explicit
08-05 14:51:04.618 10720 10732 I art     : Explicit concurrent mark sweep GC freed 3(96B) AllocSpace objects, 0(0B) LOS objects, 12% free, 115MB/131MB, paused 818us total 28.929ms
08-05 14:51:04.689   512  2967 D audio_hw_primary: disable_audio_route: reset and update mixer path: low-latency-playback speaker
08-05 14:51:04.690   512  2967 D audio_hw_primary: disable_snd_device: snd_device(2: speaker)
08-05 14:51:04.697   512  2967 I soundtrigger: audio_extn_sound_trigger_update_device_status: device 0x2 of type 0 for Event 0
08-05 14:51:04.799 10720 10720 I Choreographer: Skipped 38 frames!  The application may be doing too much work on its main thread.
08-05 14:51:04.800 10720 10720 V MainActivity: url = https://project-travel-mate.herokuapp.com/api/number-of-unread-notifications
08-05 14:51:04.953 10720 10732 I art     : Starting a blocking GC Explicit
08-05 14:51:04.985 10720 10732 I art     : Explicit concurrent mark sweep GC freed 1785(68KB) AllocSpace objects, 9(252KB) LOS objects, 10% free, 134MB/150MB, paused 769us total 31.867ms
08-05 14:51:04.997 10720 10732 I art     : Starting a blocking GC Explicit
08-05 14:51:05.030 10720 10732 I art     : Explicit concurrent mark sweep GC freed 900(52KB) AllocSpace objects, 0(0B) LOS objects, 10% free, 134MB/150MB, paused 768us total 32.066ms
08-05 14:51:05.043 10720 10732 I art     : Starting a blocking GC Explicit
08-05 14:51:05.076 10720 10732 I art     : Explicit concurrent mark sweep GC freed 3(96B) AllocSpace objects, 0(0B) LOS objects, 10% free, 134MB/150MB, paused 773us total 33.216ms
08-05 14:51:05.089 10720 10732 I art     : Starting a blocking GC Explicit
08-05 14:51:05.123 10720 10732 I art     : Explicit concurrent mark sweep GC freed 3(96B) AllocSpace objects, 0(0B) LOS objects, 10% free, 134MB/150MB, paused 731us total 33.594ms
08-05 14:51:05.136 10720 10732 I art     : Starting a blocking GC Explicit
08-05 14:51:05.170 10720 10732 I art     : Explicit concurrent mark sweep GC freed 3(96B) AllocSpace objects, 0(0B) LOS objects, 10% free, 134MB/150MB, paused 763us total 33.370ms
08-05 14:51:05.533 10720 10733 I art     : Starting a blocking GC Explicit
08-05 14:51:05.576 10720 10733 I art     : Explicit concurrent mark sweep GC freed 4001(215KB) AllocSpace objects, 4(156KB) LOS objects, 10% free, 134MB/150MB, paused 871us total 41.810ms
08-05 14:51:05.589 10720 10733 I art     : Starting a blocking GC Explicit
08-05 14:51:05.600 10720 12103 I NAPPA_EXPERIMENTATION: MetricNetworkRequestExecutionTime: REQUEST_DURATION_SYSTEM='800',REQUEST_DURATION_OKHTTP='41',REQUEST_SYNCHRONOUS='FALSE',RESPONSE_CODE='200',RESPONSE_METHOD='GET',RESPONSE_LENGTH_OKHTTP='36',RESPONSE_LENGTH_HEADER='36',REQUEST_PROTOCOL='http/1.1',REQUEST_URL='https://project-travel-mate.herokuapp.com/api/number-of-unread-notifications',
08-05 14:51:05.622 10720 10733 I art     : Explicit concurrent mark sweep GC freed 1085(128KB) AllocSpace objects, 1(80KB) LOS objects, 10% free, 134MB/150MB, paused 746us total 32.963ms
08-05 14:51:05.635 10720 10733 I art     : Starting a blocking GC Explicit
08-05 14:51:05.668 10720 10733 I art     : Explicit concurrent mark sweep GC freed 50(2032B) AllocSpace objects, 0(0B) LOS objects, 10% free, 134MB/150MB, paused 747us total 32.788ms
08-05 14:51:05.681 10720 10733 I art     : Starting a blocking GC Explicit
08-05 14:51:05.714 10720 10733 I art     : Explicit concurrent mark sweep GC freed 86(3KB) AllocSpace objects, 0(0B) LOS objects, 10% free, 134MB/150MB, paused 766us total 32.659ms
08-05 14:51:05.727 10720 10733 I art     : Starting a blocking GC Explicit
08-05 14:51:05.762 10720 10733 I art     : Explicit concurrent mark sweep GC freed 3(96B) AllocSpace objects, 0(0B) LOS objects, 10% free, 134MB/150MB, paused 736us total 34.204ms
08-05 14:51:06.151 10720 10789 I art     : Starting a blocking GC Explicit
08-05 14:51:06.191 10720 10789 I art     : Explicit concurrent mark sweep GC freed 1427(83KB) AllocSpace objects, 2(36KB) LOS objects, 10% free, 134MB/150MB, paused 761us total 39.477ms
08-05 14:51:06.204 10720 10789 I art     : Starting a blocking GC Explicit
08-05 14:51:06.239 10720 10789 I art     : Explicit concurrent mark sweep GC freed 22(784B) AllocSpace objects, 0(0B) LOS objects, 10% free, 134MB/150MB, paused 692us total 34.293ms
08-05 14:51:06.252 10720 10789 I art     : Starting a blocking GC Explicit
08-05 14:51:06.286 10720 10789 I art     : Explicit concurrent mark sweep GC freed 3(96B) AllocSpace objects, 0(0B) LOS objects, 10% free, 134MB/150MB, paused 738us total 33.917ms
08-05 14:51:06.299 10720 10789 I art     : Starting a blocking GC Explicit
08-05 14:51:06.334 10720 10789 I art     : Explicit concurrent mark sweep GC freed 3(96B) AllocSpace objects, 0(0B) LOS objects, 10% free, 134MB/150MB, paused 749us total 34.447ms
08-05 14:51:06.347 10720 10789 I art     : Starting a blocking GC Explicit
08-05 14:51:06.381 10720 10789 I art     : Explicit concurrent mark sweep GC freed 3(96B) AllocSpace objects, 0(0B) LOS objects, 10% free, 134MB/150MB, paused 691us total 33.022ms
08-05 14:51:06.706 10720 10789 I art     : Starting a blocking GC Explicit
08-05 14:51:06.736 10720 10789 I art     : Explicit concurrent mark sweep GC freed 1469(84KB) AllocSpace objects, 2(36KB) LOS objects, 10% free, 134MB/150MB, paused 718us total 29.435ms
08-05 14:51:06.749 10720 10789 I art     : Starting a blocking GC Explicit
08-05 14:51:06.781 10720 10789 I art     : Explicit concurrent mark sweep GC freed 32(1328B) AllocSpace objects, 0(0B) LOS objects, 10% free, 134MB/150MB, paused 748us total 31.716ms
08-05 14:51:06.794 10720 10789 I art     : Starting a blocking GC Explicit
08-05 14:51:06.794 12137 12137 D AndroidRuntime: >>>>>> START com.android.internal.os.RuntimeInit uid 2000 <<<<<<
08-05 14:51:06.799 12137 12137 D AndroidRuntime: CheckJNI is OFF
08-05 14:51:06.826 10720 10789 I art     : Explicit concurrent mark sweep GC freed 3(96B) AllocSpace objects, 0(0B) LOS objects, 10% free, 134MB/150MB, paused 766us total 31.968ms
08-05 14:51:06.835 12137 12137 D ICU     : No timezone override file found: /data/misc/zoneinfo/current/icu/icu_tzdata.dat
08-05 14:51:06.839 10720 10789 I art     : Starting a blocking GC Explicit
08-05 14:51:06.868 12137 12137 I Radio-JNI: register_android_hardware_Radio DONE
08-05 14:51:06.871 10720 10789 I art     : Explicit concurrent mark sweep GC freed 3(96B) AllocSpace objects, 0(0B) LOS objects, 10% free, 134MB/150MB, paused 779us total 32.221ms
08-05 14:51:06.884 10720 10789 I art     : Starting a blocking GC Explicit
08-05 14:51:06.890 12137 12137 D AndroidRuntime: Calling main entry com.android.commands.input.Input
08-05 14:51:06.892 12137 12137 I Input   : injectMotionEvent: MotionEvent { action=ACTION_DOWN, actionButton=0, id[0]=0, x[0]=747.0, y[0]=608.0, toolType[0]=TOOL_TYPE_UNKNOWN, buttonState=0, metaState=0, flags=0x0, edgeFlags=0x0, pointerCount=1, historySize=0, eventTime=802283305, downTime=802283305, deviceId=0, source=0x1002 }
08-05 14:51:06.898 12137 12137 I Input   : injectMotionEvent: MotionEvent { action=ACTION_UP, actionButton=0, id[0]=0, x[0]=747.0, y[0]=608.0, toolType[0]=TOOL_TYPE_UNKNOWN, buttonState=0, metaState=0, flags=0x0, edgeFlags=0x0, pointerCount=1, historySize=0, eventTime=802283305, downTime=802283305, deviceId=0, source=0x1002 }
08-05 14:51:06.901   918  3670 I ActivityManager: START u0 {cmp=baseline.io.github.project_travel_mate/.utilities.ChecklistActivity} from uid 10674 on display 0
08-05 14:51:06.902   512  2967 D audio_hw_primary: out_set_parameters: enter: usecase(1: low-latency-playback) kvpairs: routing=2
08-05 14:51:06.903 12137 12137 D AndroidRuntime: Shutting down VM
08-05 14:51:06.915   512  2967 D audio_hw_primary: select_devices: out_snd_device(2: speaker) in_snd_device(0: none)
08-05 14:51:06.915   512  2967 D msm8974_platform: platform_send_audio_calibration: sending audio calibration for snd_device(2) acdb_id(15)
08-05 14:51:06.915   512  2967 I soundtrigger: audio_extn_sound_trigger_update_device_status: device 0x2 of type 0 for Event 1
08-05 14:51:06.917 10720 10789 I art     : Explicit concurrent mark sweep GC freed 37(5KB) AllocSpace objects, 0(0B) LOS objects, 10% free, 134MB/150MB, paused 1.604ms total 32.476ms
08-05 14:51:06.929   512  2967 D audio_hw_primary: enable_snd_device: snd_device(2: speaker)
08-05 14:51:06.931   512  2967 D audio_hw_primary: enable_audio_route: apply and update mixer path: low-latency-playback speaker
08-05 14:51:07.029   918   936 I ActivityManager: Displayed baseline.io.github.project_travel_mate/.utilities.ChecklistActivity: +122ms
08-05 14:51:07.030 13866 13866 I GoogleInputMethodServic: GoogleInputMethodService.onFinishInput():3138 
08-05 14:51:07.030 13866 13866 I GoogleInputMethodServic: GoogleInputMethodService.onStartInput():1808 
08-05 14:51:07.233 10720 10733 I art     : Starting a blocking GC Explicit
08-05 14:51:07.274   380   380 W SurfaceFlinger: couldn't log to binary event log: overflow.
08-05 14:51:07.276 10720 10733 I art     : Explicit concurrent mark sweep GC freed 3123(281KB) AllocSpace objects, 2(36KB) LOS objects, 10% free, 135MB/151MB, paused 1.029ms total 43.395ms
08-05 14:51:07.293 10720 10733 I art     : Starting a blocking GC Explicit
08-05 14:51:07.322 10720 10733 I art     : Explicit concurrent mark sweep GC freed 432(18KB) AllocSpace objects, 0(0B) LOS objects, 10% free, 135MB/151MB, paused 819us total 29.134ms
08-05 14:51:07.334 10720 10733 I art     : Starting a blocking GC Explicit
08-05 14:51:07.363 10720 10733 I art     : Explicit concurrent mark sweep GC freed 3(96B) AllocSpace objects, 0(0B) LOS objects, 10% free, 135MB/151MB, paused 699us total 29.317ms
08-05 14:51:07.376 10720 10733 I art     : Starting a blocking GC Explicit
08-05 14:51:07.406 10720 10733 I art     : Explicit concurrent mark sweep GC freed 35(1280B) AllocSpace objects, 0(0B) LOS objects, 10% free, 135MB/151MB, paused 811us total 30.472ms
08-05 14:51:07.419 10720 10733 I art     : Starting a blocking GC Explicit
08-05 14:51:07.449 10720 10733 I art     : Explicit concurrent mark sweep GC freed 21(1200B) AllocSpace objects, 0(0B) LOS objects, 10% free, 135MB/151MB, paused 728us total 30.345ms
08-05 14:51:07.469   512  2967 D audio_hw_primary: disable_audio_route: reset and update mixer path: low-latency-playback speaker
08-05 14:51:07.470   512  2967 D audio_hw_primary: disable_snd_device: snd_device(2: speaker)
08-05 14:51:07.477   512  2967 I soundtrigger: audio_extn_sound_trigger_update_device_status: device 0x2 of type 0 for Event 0
08-05 14:51:07.562   918  3261 D WifiStateMachine: starting scan for "H369AA63323"WPA_PSK with 2412,5180
08-05 14:51:07.793 10720 10789 I art     : Starting a blocking GC Explicit
08-05 14:51:07.842 10720 10789 I art     : Explicit concurrent mark sweep GC freed 1591(92KB) AllocSpace objects, 2(36KB) LOS objects, 10% free, 135MB/151MB, paused 928us total 49.343ms
08-05 14:51:07.858 10720 10789 I art     : Starting a blocking GC Explicit
08-05 14:51:07.895 10720 10789 I art     : Explicit concurrent mark sweep GC freed 28(1024B) AllocSpace objects, 0(0B) LOS objects, 10% free, 135MB/151MB, paused 867us total 36.135ms
08-05 14:51:07.908 10720 10789 I art     : Starting a blocking GC Explicit
08-05 14:51:07.944 10720 10789 I art     : Explicit concurrent mark sweep GC freed 34(944B) AllocSpace objects, 0(0B) LOS objects, 10% free, 135MB/151MB, paused 854us total 35.987ms
08-05 14:51:07.958 10720 10789 I art     : Starting a blocking GC Explicit
08-05 14:51:07.994 10720 10789 I art     : Explicit concurrent mark sweep GC freed 7(448B) AllocSpace objects, 0(0B) LOS objects, 10% free, 135MB/151MB, paused 919us total 36.102ms
08-05 14:51:08.008 10720 10789 I art     : Starting a blocking GC Explicit
08-05 14:51:08.044 10720 10789 I art     : Explicit concurrent mark sweep GC freed 3(96B) AllocSpace objects, 0(0B) LOS objects, 10% free, 135MB/151MB, paused 853us total 36.297ms
08-05 14:51:08.196   518   646 I ThermalEngine: ACTION: GPU - Setting GPU[0] to 450000000
08-05 14:51:08.448 10720 11113 I art     : Starting a blocking GC Explicit
08-05 14:51:08.503 10720 11113 I art     : Explicit concurrent mark sweep GC freed 1593(92KB) AllocSpace objects, 2(36KB) LOS objects, 10% free, 135MB/151MB, paused 1.205ms total 54.254ms
08-05 14:51:08.524 10720 11113 I art     : Starting a blocking GC Explicit
08-05 14:51:08.568 10720 11113 I art     : Explicit concurrent mark sweep GC freed 45(1840B) AllocSpace objects, 0(0B) LOS objects, 10% free, 135MB/151MB, paused 1.135ms total 43.186ms
08-05 14:51:08.585 10720 11113 I art     : Starting a blocking GC Explicit
08-05 14:51:08.627 10720 11113 I art     : Explicit concurrent mark sweep GC freed 3(96B) AllocSpace objects, 0(0B) LOS objects, 10% free, 135MB/151MB, paused 1.262ms total 41.912ms
08-05 14:51:08.645 10720 11113 I art     : Starting a blocking GC Explicit
08-05 14:51:08.691 10720 11113 I art     : Explicit concurrent mark sweep GC freed 3(96B) AllocSpace objects, 0(0B) LOS objects, 10% free, 135MB/151MB, paused 1.113ms total 46.431ms
08-05 14:51:08.709 10720 11113 I art     : Starting a blocking GC Explicit
08-05 14:51:08.760 10720 11113 I art     : Explicit concurrent mark sweep GC freed 3(96B) AllocSpace objects, 0(0B) LOS objects, 10% free, 135MB/151MB, paused 1.240ms total 50.512ms
08-05 14:51:09.210 10720 10732 I art     : Starting a blocking GC Explicit
08-05 14:51:09.270 10720 10732 I art     : Explicit concurrent mark sweep GC freed 1614(93KB) AllocSpace objects, 2(36KB) LOS objects, 10% free, 135MB/151MB, paused 1.297ms total 59.610ms
08-05 14:51:09.291 10720 10732 I art     : Starting a blocking GC Explicit
08-05 14:51:09.341 10720 10732 I art     : Explicit concurrent mark sweep GC freed 28(1024B) AllocSpace objects, 0(0B) LOS objects, 10% free, 135MB/151MB, paused 1.172ms total 49.463ms
08-05 14:51:09.359 10720 10732 I art     : Starting a blocking GC Explicit
08-05 14:51:09.409 10720 10732 I art     : Explicit concurrent mark sweep GC freed 3(96B) AllocSpace objects, 0(0B) LOS objects, 10% free, 135MB/151MB, paused 1.184ms total 49.900ms
08-05 14:51:09.430 10720 10732 I art     : Starting a blocking GC Explicit
08-05 14:51:09.480 10720 10732 I art     : Explicit concurrent mark sweep GC freed 3(96B) AllocSpace objects, 0(0B) LOS objects, 10% free, 135MB/151MB, paused 1.139ms total 49.865ms
08-05 14:51:09.501 10720 10732 I art     : Starting a blocking GC Explicit
08-05 14:51:09.549 10720 10732 I art     : Explicit concurrent mark sweep GC freed 3(96B) AllocSpace objects, 0(0B) LOS objects, 10% free, 135MB/151MB, paused 1.136ms total 47.621ms
08-05 14:51:09.987 10720 10733 I art     : Starting a blocking GC Explicit
08-05 14:51:10.046 10720 10733 I art     : Explicit concurrent mark sweep GC freed 1628(94KB) AllocSpace objects, 2(36KB) LOS objects, 10% free, 135MB/151MB, paused 1.210ms total 58.182ms
08-05 14:51:10.065 10720 10733 I art     : Starting a blocking GC Explicit
08-05 14:51:10.114 10720 10733 I art     : Explicit concurrent mark sweep GC freed 38(1568B) AllocSpace objects, 0(0B) LOS objects, 10% free, 135MB/151MB, paused 1.180ms total 48.509ms
08-05 14:51:10.132 10720 10733 I art     : Starting a blocking GC Explicit
08-05 14:51:10.180 10720 10733 I art     : Explicit concurrent mark sweep GC freed 3(96B) AllocSpace objects, 0(0B) LOS objects, 10% free, 135MB/151MB, paused 1.087ms total 47.945ms
08-05 14:51:10.198 10720 10733 I art     : Starting a blocking GC Explicit
08-05 14:51:10.198   518   646 I ThermalEngine: ACTION: GPU - Setting GPU[0] to 510000000
08-05 14:51:10.245 10720 10733 I art     : Explicit concurrent mark sweep GC freed 3(96B) AllocSpace objects, 0(0B) LOS objects, 10% free, 135MB/151MB, paused 904us total 46.587ms
08-05 14:51:10.259 10720 10733 I art     : Starting a blocking GC Explicit
08-05 14:51:10.295 10720 10733 I art     : Explicit concurrent mark sweep GC freed 3(96B) AllocSpace objects, 0(0B) LOS objects, 10% free, 135MB/151MB, paused 820us total 35.718ms
08-05 14:51:10.677 10720 10789 I art     : Starting a blocking GC Explicit
08-05 14:51:10.723 10720 10789 I art     : Explicit concurrent mark sweep GC freed 1582(91KB) AllocSpace objects, 2(36KB) LOS objects, 10% free, 135MB/151MB, paused 946us total 45.718ms
08-05 14:51:10.738 10720 10789 I art     : Starting a blocking GC Explicit
08-05 14:51:10.775 10720 10789 I art     : Explicit concurrent mark sweep GC freed 28(1024B) AllocSpace objects, 0(0B) LOS objects, 10% free, 135MB/151MB, paused 834us total 36.264ms
08-05 14:51:10.789 10720 10789 I art     : Starting a blocking GC Explicit
08-05 14:51:10.824 10720 10789 I art     : Explicit concurrent mark sweep GC freed 3(96B) AllocSpace objects, 0(0B) LOS objects, 10% free, 135MB/151MB, paused 802us total 35.049ms
08-05 14:51:10.837 10720 10789 I art     : Starting a blocking GC Explicit
08-05 14:51:10.874 10720 10789 I art     : Explicit concurrent mark sweep GC freed 3(96B) AllocSpace objects, 0(0B) LOS objects, 10% free, 135MB/151MB, paused 851us total 36.309ms
08-05 14:51:10.888 10720 10789 I art     : Starting a blocking GC Explicit
08-05 14:51:10.924 10720 10789 I art     : Explicit concurrent mark sweep GC freed 3(96B) AllocSpace objects, 0(0B) LOS objects, 10% free, 135MB/151MB, paused 861us total 35.902ms
08-05 14:51:11.294 10720 11113 I art     : Starting a blocking GC Explicit
08-05 14:51:11.336 10720 11113 I art     : Explicit concurrent mark sweep GC freed 1626(93KB) AllocSpace objects, 2(36KB) LOS objects, 10% free, 135MB/151MB, paused 957us total 42.183ms
08-05 14:51:11.350 10720 11113 I art     : Starting a blocking GC Explicit
08-05 14:51:11.384 10720 11113 I art     : Explicit concurrent mark sweep GC freed 38(1568B) AllocSpace objects, 0(0B) LOS objects, 10% free, 135MB/151MB, paused 830us total 34.464ms
08-05 14:51:11.397 10720 11113 I art     : Starting a blocking GC Explicit
08-05 14:51:11.431 10720 11113 I art     : Explicit concurrent mark sweep GC freed 3(96B) AllocSpace objects, 0(0B) LOS objects, 10% free, 135MB/151MB, paused 853us total 33.934ms
08-05 14:51:11.445 10720 11113 I art     : Starting a blocking GC Explicit
08-05 14:51:11.480 10720 11113 I art     : Explicit concurrent mark sweep GC freed 3(96B) AllocSpace objects, 0(0B) LOS objects, 10% free, 135MB/151MB, paused 844us total 34.877ms
08-05 14:51:11.493 10720 11113 I art     : Starting a blocking GC Explicit
08-05 14:51:11.527 10720 11113 I art     : Explicit concurrent mark sweep GC freed 3(96B) AllocSpace objects, 0(0B) LOS objects, 10% free, 135MB/151MB, paused 870us total 33.917ms
08-05 14:51:11.581 12235 12235 D AndroidRuntime: >>>>>> START com.android.internal.os.RuntimeInit uid 2000 <<<<<<
08-05 14:51:11.586 12235 12235 D AndroidRuntime: CheckJNI is OFF
08-05 14:51:11.620 12235 12235 D ICU     : No timezone override file found: /data/misc/zoneinfo/current/icu/icu_tzdata.dat
08-05 14:51:11.654 12235 12235 I Radio-JNI: register_android_hardware_Radio DONE
08-05 14:51:11.676 12235 12235 D AndroidRuntime: Calling main entry com.android.commands.input.Input
08-05 14:51:11.678 12235 12235 I Input   : injectKeyEvent: KeyEvent { action=ACTION_DOWN, keyCode=KEYCODE_BACK, scanCode=0, metaState=0, flags=0x0, repeatCount=0, eventTime=802288091, downTime=802288091, deviceId=-1, source=0x101 }
08-05 14:51:11.688 12235 12235 I Input   : injectKeyEvent: KeyEvent { action=ACTION_UP, keyCode=KEYCODE_BACK, scanCode=0, metaState=0, flags=0x0, repeatCount=0, eventTime=802288091, downTime=802288091, deviceId=-1, source=0x101 }
08-05 14:51:11.694 12235 12235 D AndroidRuntime: Shutting down VM
08-05 14:51:11.711 10720 10720 V MainActivity: url = https://project-travel-mate.herokuapp.com/api/number-of-unread-notifications
08-05 14:51:11.737 13866 13866 I GoogleInputMethodServic: GoogleInputMethodService.onFinishInput():3138 
08-05 14:51:11.738 13866 13866 I GoogleInputMethodServic: GoogleInputMethodService.onStartInput():1808 
08-05 14:51:11.856 10720 10733 I art     : Starting a blocking GC Explicit
08-05 14:51:11.903 10720 10733 I art     : Explicit concurrent mark sweep GC freed 2040(112KB) AllocSpace objects, 2(36KB) LOS objects, 10% free, 135MB/151MB, paused 1.084ms total 46.096ms
08-05 14:51:11.920 10720 10733 I art     : Starting a blocking GC Explicit
08-05 14:51:11.952 10720 10733 I art     : Explicit concurrent mark sweep GC freed 127(4KB) AllocSpace objects, 0(0B) LOS objects, 10% free, 135MB/151MB, paused 750us total 31.750ms
08-05 14:51:11.964 10720 10733 I art     : Starting a blocking GC Explicit
08-05 14:51:12.005 10720 10733 I art     : Explicit concurrent mark sweep GC freed 7(288B) AllocSpace objects, 0(0B) LOS objects, 10% free, 135MB/151MB, paused 1.056ms total 40.519ms
08-05 14:51:12.020 10720 10733 I art     : Starting a blocking GC Explicit
08-05 14:51:12.029   380   380 W SurfaceFlinger: couldn't log to binary event log: overflow.
08-05 14:51:12.053 10720 10733 I art     : Explicit concurrent mark sweep GC freed 409(18KB) AllocSpace objects, 0(0B) LOS objects, 10% free, 135MB/151MB, paused 788us total 33.485ms
08-05 14:51:12.066 10720 10733 I art     : Starting a blocking GC Explicit
08-05 14:51:12.099 10720 10733 I art     : Explicit concurrent mark sweep GC freed 11(432B) AllocSpace objects, 0(0B) LOS objects, 10% free, 135MB/151MB, paused 927us total 32.976ms
08-05 14:51:12.483 10720 10789 I art     : Starting a blocking GC Explicit
08-05 14:51:12.524 10720 10789 I art     : Explicit concurrent mark sweep GC freed 4262(229KB) AllocSpace objects, 5(236KB) LOS objects, 10% free, 135MB/151MB, paused 1.410ms total 40.672ms
08-05 14:51:12.538 10720 10789 I art     : Starting a blocking GC Explicit
08-05 14:51:12.555 10720 12258 I NAPPA_EXPERIMENTATION: MetricNetworkRequestExecutionTime: REQUEST_DURATION_SYSTEM='843',REQUEST_DURATION_OKHTTP='34',REQUEST_SYNCHRONOUS='FALSE',RESPONSE_CODE='200',RESPONSE_METHOD='GET',RESPONSE_LENGTH_OKHTTP='36',RESPONSE_LENGTH_HEADER='36',REQUEST_PROTOCOL='http/1.1',REQUEST_URL='https://project-travel-mate.herokuapp.com/api/number-of-unread-notifications',
08-05 14:51:12.573 10720 10789 I art     : Explicit concurrent mark sweep GC freed 1086(128KB) AllocSpace objects, 0(0B) LOS objects, 10% free, 135MB/151MB, paused 869us total 35.591ms
08-05 14:51:12.587 10720 10789 I art     : Starting a blocking GC Explicit
08-05 14:51:12.623 10720 10789 I art     : Explicit concurrent mark sweep GC freed 60(2528B) AllocSpace objects, 0(0B) LOS objects, 10% free, 135MB/151MB, paused 879us total 35.752ms
08-05 14:51:12.636 10720 10789 I art     : Starting a blocking GC Explicit
08-05 14:51:12.673 10720 10789 I art     : Explicit concurrent mark sweep GC freed 90(3KB) AllocSpace objects, 0(0B) LOS objects, 10% free, 135MB/151MB, paused 886us total 36.206ms
08-05 14:51:12.686 10720 10789 I art     : Starting a blocking GC Explicit
08-05 14:51:12.723 10720 10789 I art     : Explicit concurrent mark sweep GC freed 3(96B) AllocSpace objects, 0(0B) LOS objects, 10% free, 135MB/151MB, paused 905us total 36.128ms
08-05 14:51:13.070 10720 10732 I art     : Starting a blocking GC Explicit
08-05 14:51:13.109 10720 10732 I art     : Explicit concurrent mark sweep GC freed 1613(92KB) AllocSpace objects, 2(36KB) LOS objects, 10% free, 135MB/151MB, paused 920us total 38.807ms
08-05 14:51:13.122 10720 10732 I art     : Starting a blocking GC Explicit
08-05 14:51:13.157 10720 10732 I art     : Explicit concurrent mark sweep GC freed 28(1024B) AllocSpace objects, 0(0B) LOS objects, 10% free, 135MB/151MB, paused 971us total 34.746ms
08-05 14:51:13.171 10720 10732 I art     : Starting a blocking GC Explicit
08-05 14:51:13.207 10720 10732 I art     : Explicit concurrent mark sweep GC freed 3(96B) AllocSpace objects, 0(0B) LOS objects, 10% free, 135MB/151MB, paused 900us total 35.623ms
08-05 14:51:13.220 10720 10732 I art     : Starting a blocking GC Explicit
08-05 14:51:13.255 10720 10732 I art     : Explicit concurrent mark sweep GC freed 3(96B) AllocSpace objects, 0(0B) LOS objects, 10% free, 135MB/151MB, paused 870us total 34.642ms
08-05 14:51:13.268 10720 10732 I art     : Starting a blocking GC Explicit
08-05 14:51:13.302 10720 10732 I art     : Explicit concurrent mark sweep GC freed 3(96B) AllocSpace objects, 0(0B) LOS objects, 10% free, 135MB/151MB, paused 877us total 33.875ms
08-05 14:51:13.377 12281 12281 D AndroidRuntime: >>>>>> START com.android.internal.os.RuntimeInit uid 2000 <<<<<<
08-05 14:51:13.384 12281 12281 D AndroidRuntime: CheckJNI is OFF
08-05 14:51:13.420 12281 12281 D ICU     : No timezone override file found: /data/misc/zoneinfo/current/icu/icu_tzdata.dat
08-05 14:51:13.455 12281 12281 I Radio-JNI: register_android_hardware_Radio DONE
08-05 14:51:13.479 12281 12281 D AndroidRuntime: Calling main entry com.android.commands.input.Input
08-05 14:51:13.482 12281 12281 I Input   : injectMotionEvent: MotionEvent { action=ACTION_DOWN, actionButton=0, id[0]=0, x[0]=657.0, y[0]=2037.0, toolType[0]=TOOL_TYPE_UNKNOWN, buttonState=0, metaState=0, flags=0x0, edgeFlags=0x0, pointerCount=1, historySize=0, eventTime=802289894, downTime=802289894, deviceId=0, source=0x1002 }
08-05 14:51:13.490 12281 12281 I Input   : injectMotionEvent: MotionEvent { action=ACTION_UP, actionButton=0, id[0]=0, x[0]=657.0, y[0]=2037.0, toolType[0]=TOOL_TYPE_UNKNOWN, buttonState=0, metaState=0, flags=0x0, edgeFlags=0x0, pointerCount=1, historySize=0, eventTime=802289894, downTime=802289894, deviceId=0, source=0x1002 }
08-05 14:51:13.491 12281 12281 D AndroidRuntime: Shutting down VM
08-05 14:51:13.501   918  4400 I ActivityManager: START u0 {cmp=baseline.io.github.project_travel_mate/.utilities.CompassActivity} from uid 10674 on display 0
08-05 14:51:13.502   512  2967 D audio_hw_primary: out_set_parameters: enter: usecase(1: low-latency-playback) kvpairs: routing=2
08-05 14:51:13.516   512  2967 D audio_hw_primary: select_devices: out_snd_device(2: speaker) in_snd_device(0: none)
08-05 14:51:13.516   512  2967 D msm8974_platform: platform_send_audio_calibration: sending audio calibration for snd_device(2) acdb_id(15)
08-05 14:51:13.516   512  2967 I soundtrigger: audio_extn_sound_trigger_update_device_status: device 0x2 of type 0 for Event 1
08-05 14:51:13.528   512  2967 D audio_hw_primary: enable_snd_device: snd_device(2: speaker)
08-05 14:51:13.530   512  2967 D audio_hw_primary: enable_audio_route: apply and update mixer path: low-latency-playback speaker
08-05 14:51:13.649 10720 11113 I art     : Starting a blocking GC Explicit
08-05 14:51:13.684 10720 11113 I art     : Explicit concurrent mark sweep GC freed 75(3KB) AllocSpace objects, 0(0B) LOS objects, 7% free, 184MB/200MB, paused 934us total 34.593ms
08-05 14:51:13.697 10720 11113 I art     : Starting a blocking GC Explicit
08-05 14:51:13.730 10720 11113 I art     : Explicit concurrent mark sweep GC freed 3(96B) AllocSpace objects, 0(0B) LOS objects, 7% free, 184MB/200MB, paused 918us total 32.953ms
08-05 14:51:13.743 10720 11113 I art     : Starting a blocking GC Explicit
08-05 14:51:13.775 10720 11113 I art     : Explicit concurrent mark sweep GC freed 3(96B) AllocSpace objects, 0(0B) LOS objects, 7% free, 184MB/200MB, paused 924us total 31.903ms
08-05 14:51:13.787 10720 11113 I art     : Starting a blocking GC Explicit
08-05 14:51:13.821 10720 11113 I art     : Explicit concurrent mark sweep GC freed 3(96B) AllocSpace objects, 0(0B) LOS objects, 7% free, 184MB/200MB, paused 974us total 33.186ms
08-05 14:51:13.834 10720 11113 I art     : Starting a blocking GC Explicit
08-05 14:51:13.868 10720 11113 I art     : Explicit concurrent mark sweep GC freed 3(96B) AllocSpace objects, 0(0B) LOS objects, 7% free, 184MB/200MB, paused 977us total 33.546ms
08-05 14:51:13.939 10720 10720 D CompassActivity: start compass
08-05 14:51:13.940   918  3670 I sensors : batch
08-05 14:51:13.940   918  3670 I sensors : activate
08-05 14:51:13.940   918  3961 I sensors : batch
08-05 14:51:13.940   918  3961 I sensors : activate
08-05 14:51:13.946   918  3188 I hubconnection: sensorhub said: 'batch 1 flags:0, sampling_rate_Hz:50.00, max_report_latency_us:0'
08-05 14:51:13.948   918  3188 I hubconnection: sensorhub said: 'activate 1 enable:1'
08-05 14:51:13.949   918  3188 I hubconnection: sensorhub said: 'batch 3 flags:0, sampling_rate_Hz:50.00, max_report_latency_us:0'
08-05 14:51:13.950   918  3188 I hubconnection: sensorhub said: 'activate 3 enable:1'
08-05 14:51:14.068   512  2967 D audio_hw_primary: disable_audio_route: reset and update mixer path: low-latency-playback speaker
08-05 14:51:14.070   512  2967 D audio_hw_primary: disable_snd_device: snd_device(2: speaker)
08-05 14:51:14.078   512  2967 I soundtrigger: audio_extn_sound_trigger_update_device_status: device 0x2 of type 0 for Event 0
08-05 14:51:14.118 10720 10720 D CompassActivity: will set rotation from 0.0 to 184.37512
08-05 14:51:14.119 10720 10720 D CompassActivity: will set rotation from 184.37512 to 183.69446
08-05 14:51:14.119 10720 10720 D CompassActivity: will set rotation from 183.69446 to 183.68997
08-05 14:51:14.123 13866 13866 I GoogleInputMethodServic: GoogleInputMethodService.onFinishInput():3138 
08-05 14:51:14.123 13866 13866 I GoogleInputMethodServic: GoogleInputMethodService.onStartInput():1808 
08-05 14:51:14.126   918   936 I ActivityManager: Displayed baseline.io.github.project_travel_mate/.utilities.CompassActivity: +606ms
08-05 14:51:14.201 10720 10720 D CompassActivity: will set rotation from 183.68997 to 183.48584
08-05 14:51:14.201 10720 10720 D CompassActivity: will set rotation from 183.48584 to 183.45662
08-05 14:51:14.201 10720 10720 D CompassActivity: will set rotation from 183.45662 to 183.46057
08-05 14:51:14.201 10720 10720 D CompassActivity: will set rotation from 183.46057 to 183.41725
08-05 14:51:14.201 10720 10720 D CompassActivity: will set rotation from 183.41725 to 183.32487
08-05 14:51:14.201 10720 10720 D CompassActivity: will set rotation from 183.32487 to 183.31078
08-05 14:51:14.201 10720 10720 D CompassActivity: will set rotation from 183.31078 to 183.40442
08-05 14:51:14.202 10720 10720 D CompassActivity: will set rotation from 183.40442 to 183.41283
08-05 14:51:14.222 10720 10733 I art     : Starting a blocking GC Explicit
08-05 14:51:14.256 10720 10733 I art     : Explicit concurrent mark sweep GC freed 1933(111KB) AllocSpace objects, 2(36KB) LOS objects, 7% free, 187MB/203MB, paused 1.285ms total 34.175ms
08-05 14:51:14.276 10720 10733 I art     : Starting a blocking GC Explicit
08-05 14:51:14.298 10720 10720 D CompassActivity: will set rotation from 183.41283 to 183.39758
08-05 14:51:14.298 10720 10720 D CompassActivity: will set rotation from 183.39758 to 183.41199
08-05 14:51:14.299 10720 10720 D CompassActivity: will set rotation from 183.41199 to 183.34438
08-05 14:51:14.299 10720 10720 D CompassActivity: will set rotation from 183.34438 to 183.35309
08-05 14:51:14.299 10720 10720 D CompassActivity: will set rotation from 183.35309 to 183.36198
08-05 14:51:14.299 10720 10720 D CompassActivity: will set rotation from 183.36198 to 183.3661
08-05 14:51:14.299 10720 10720 D CompassActivity: will set rotation from 183.3661 to 183.47449
08-05 14:51:14.299 10720 10720 D CompassActivity: will set rotation from 183.47449 to 183.46463
08-05 14:51:14.299 10720 10720 D CompassActivity: will set rotation from 183.46463 to 183.41309
08-05 14:51:14.299 10720 10720 D CompassActivity: will set rotation from 183.41309 to 183.4029
08-05 14:51:14.309 10720 10733 I art     : Explicit concurrent mark sweep GC freed 270(13KB) AllocSpace objects, 0(0B) LOS objects, 7% free, 187MB/203MB, paused 870us total 32.991ms
08-05 14:51:14.317 10720 10720 D CompassActivity: will set rotation from 183.4029 to 183.35916
08-05 14:51:14.317 10720 10720 D CompassActivity: will set rotation from 183.35916 to 183.34972
08-05 14:51:14.323 10720 10733 I art     : Starting a blocking GC Explicit
08-05 14:51:14.337 10720 10720 D CompassActivity: will set rotation from 183.34972 to 183.3163
08-05 14:51:14.338 10720 10720 D CompassActivity: will set rotation from 183.3163 to 183.32248
08-05 14:51:14.353 10720 10733 I art     : Explicit concurrent mark sweep GC freed 160(7KB) AllocSpace objects, 0(0B) LOS objects, 7% free, 187MB/203MB, paused 752us total 30.336ms
08-05 14:51:14.356 10720 10720 D CompassActivity: will set rotation from 183.32248 to 183.32793
08-05 14:51:14.356 10720 10720 D CompassActivity: will set rotation from 183.32793 to 183.33273
08-05 14:51:14.366 10720 10733 I art     : Starting a blocking GC Explicit
08-05 14:51:14.377 10720 10720 D CompassActivity: will set rotation from 183.33273 to 183.37646
08-05 14:51:14.377 10720 10720 D CompassActivity: will set rotation from 183.37646 to 183.37982
08-05 14:51:14.382   380   380 W SurfaceFlinger: couldn't log to binary event log: overflow.
08-05 14:51:14.399 10720 10720 D CompassActivity: will set rotation from 183.37982 to 183.37886
08-05 14:51:14.399 10720 10720 D CompassActivity: will set rotation from 183.37886 to 183.38669
08-05 14:51:14.399 10720 10733 I art     : Explicit concurrent mark sweep GC freed 97(4KB) AllocSpace objects, 0(0B) LOS objects, 7% free, 187MB/203MB, paused 738us total 32.759ms
08-05 14:51:14.411 10720 10733 I art     : Starting a blocking GC Explicit
08-05 14:51:14.416 10720 10720 D CompassActivity: will set rotation from 183.38669 to 183.38861
08-05 14:51:14.417 10720 10720 D CompassActivity: will set rotation from 183.38861 to 183.39066
08-05 14:51:14.437 10720 10720 D CompassActivity: will set rotation from 183.39066 to 183.38759
08-05 14:51:14.437 10720 10720 D CompassActivity: will set rotation from 183.38759 to 183.37929
08-05 14:51:14.441 10720 10733 I art     : Explicit concurrent mark sweep GC freed 110(5KB) AllocSpace objects, 0(0B) LOS objects, 7% free, 187MB/203MB, paused 743us total 29.728ms
08-05 14:51:14.456 10720 10720 D CompassActivity: will set rotation from 183.37929 to 183.35616
08-05 14:51:14.456 10720 10720 D CompassActivity: will set rotation from 183.35616 to 183.35014
08-05 14:51:14.477 10720 10720 D CompassActivity: will set rotation from 183.35014 to 183.32509
08-05 14:51:14.478 10720 10720 D CompassActivity: will set rotation from 183.32509 to 183.32253
08-05 14:51:14.496 10720 10720 D CompassActivity: will set rotation from 183.32253 to 183.239
08-05 14:51:14.496 10720 10720 D CompassActivity: will set rotation from 183.239 to 183.23914
08-05 14:51:14.564 10720 10720 D CompassActivity: will set rotation from 183.23914 to 183.2281
08-05 14:51:14.565 10720 10720 D CompassActivity: will set rotation from 183.2281 to 183.23022
08-05 14:51:14.565 10720 10720 D CompassActivity: will set rotation from 183.23022 to 183.27058
08-05 14:51:14.565 10720 10720 D CompassActivity: will set rotation from 183.27058 to 183.27777
08-05 14:51:14.565 10720 10720 D CompassActivity: will set rotation from 183.27777 to 183.26254
08-05 14:51:14.565 10720 10720 D CompassActivity: will set rotation from 183.26254 to 183.26671
08-05 14:51:14.576 10720 10720 D CompassActivity: will set rotation from 183.26671 to 183.22197
08-05 14:51:14.577 10720 10720 D CompassActivity: will set rotation from 183.22197 to 183.22357
08-05 14:51:14.596 10720 10720 D CompassActivity: will set rotation from 183.22357 to 183.23773
08-05 14:51:14.596 10720 10720 D CompassActivity: will set rotation from 183.23773 to 183.23395
08-05 14:51:14.617 10720 10720 D CompassActivity: will set rotation from 183.23395 to 183.27048
08-05 14:51:14.618 10720 10720 D CompassActivity: will set rotation from 183.27048 to 183.26718
08-05 14:51:14.635 10720 10720 D CompassActivity: will set rotation from 183.26718 to 183.27803
08-05 14:51:14.637 10720 10720 D CompassActivity: will set rotation from 183.27803 to 183.27556
08-05 14:51:14.655 10720 10720 D CompassActivity: will set rotation from 183.27556 to 183.28368
08-05 14:51:14.655 10720 10720 D CompassActivity: will set rotation from 183.28368 to 183.28279
08-05 14:51:14.675 10720 10720 D CompassActivity: will set rotation from 183.28279 to 183.29276
08-05 14:51:14.676 10720 10720 D CompassActivity: will set rotation from 183.29276 to 183.29329
08-05 14:51:14.695 10720 10720 D CompassActivity: will set rotation from 183.29329 to 183.3007
08-05 14:51:14.696 10720 10720 D CompassActivity: will set rotation from 183.3007 to 183.3035
08-05 14:51:14.717 10720 10720 D CompassActivity: will set rotation from 183.3035 to 183.26538
08-05 14:51:14.718 10720 10720 D CompassActivity: will set rotation from 183.26538 to 183.26288
08-05 14:51:14.737 10720 10720 D CompassActivity: will set rotation from 183.26288 to 183.27014
08-05 14:51:14.737 10720 10720 D CompassActivity: will set rotation from 183.27014 to 183.2681
08-05 14:51:14.757 10720 10720 D CompassActivity: will set rotation from 183.2681 to 183.25208
08-05 14:51:14.757 10720 10720 D CompassActivity: will set rotation from 183.25208 to 183.25183
08-05 14:51:14.773 10720 10789 I art     : Starting a blocking GC Explicit
08-05 14:51:14.775 10720 10720 D CompassActivity: will set rotation from 183.25183 to 183.2395
08-05 14:51:14.775 10720 10720 D CompassActivity: will set rotation from 183.2395 to 183.2413
08-05 14:51:14.795 10720 10720 D CompassActivity: will set rotation from 183.2413 to 183.25331
08-05 14:51:14.795 10720 10720 D CompassActivity: will set rotation from 183.25331 to 183.25336
08-05 14:51:14.815 10720 10720 D CompassActivity: will set rotation from 183.25336 to 183.22205
08-05 14:51:14.819 10720 10789 I art     : Explicit concurrent mark sweep GC freed 1945(114KB) AllocSpace objects, 2(36KB) LOS objects, 7% free, 187MB/203MB, paused 1.247ms total 45.411ms
08-05 14:51:14.819 10720 10720 D CompassActivity: will set rotation from 183.22205 to 183.22484
08-05 14:51:14.834 10720 10789 I art     : Starting a blocking GC Explicit
08-05 14:51:14.837 10720 10720 D CompassActivity: will set rotation from 183.22484 to 183.23485
08-05 14:51:14.837 10720 10720 D CompassActivity: will set rotation from 183.23485 to 183.2356
08-05 14:51:14.856 10720 10720 D CompassActivity: will set rotation from 183.2356 to 183.22519
08-05 14:51:14.856 10720 10720 D CompassActivity: will set rotation from 183.22519 to 183.22777
08-05 14:51:14.874 10720 10720 D CompassActivity: will set rotation from 183.22777 to 183.23994
08-05 14:51:14.875 10720 10720 D CompassActivity: will set rotation from 183.23994 to 183.23795
08-05 14:51:14.877 10720 10789 I art     : Explicit concurrent mark sweep GC freed 583(23KB) AllocSpace objects, 0(0B) LOS objects, 7% free, 187MB/203MB, paused 910us total 42.377ms
08-05 14:51:14.893 10720 10789 I art     : Starting a blocking GC Explicit
08-05 14:51:14.894 10720 10720 D CompassActivity: will set rotation from 183.23795 to 183.22858
08-05 14:51:14.895 10720 10720 D CompassActivity: will set rotation from 183.22858 to 183.22604
08-05 14:51:14.914 10720 10720 D CompassActivity: will set rotation from 183.22604 to 183.19524
08-05 14:51:14.915 10720 10720 D CompassActivity: will set rotation from 183.19524 to 183.19391
08-05 14:51:14.932 10720 10789 I art     : Explicit concurrent mark sweep GC freed 147(6KB) AllocSpace objects, 0(0B) LOS objects, 7% free, 187MB/203MB, paused 855us total 38.493ms
08-05 14:51:14.936 10720 10720 D CompassActivity: will set rotation from 183.19391 to 183.16606
08-05 14:51:14.936 10720 10720 D CompassActivity: will set rotation from 183.16606 to 183.16692
08-05 14:51:14.947 10720 10789 I art     : Starting a blocking GC Explicit
08-05 14:51:14.955 10720 10720 D CompassActivity: will set rotation from 183.16692 to 183.14275
08-05 14:51:14.956 10720 10720 D CompassActivity: will set rotation from 183.14275 to 183.144
08-05 14:51:14.974 10720 10720 D CompassActivity: will set rotation from 183.144 to 183.15492
08-05 14:51:14.974 10720 10720 D CompassActivity: will set rotation from 183.15492 to 183.15373
08-05 14:51:14.992 10720 10789 I art     : Explicit concurrent mark sweep GC freed 134(6KB) AllocSpace objects, 0(0B) LOS objects, 7% free, 187MB/203MB, paused 800us total 43.842ms
08-05 14:51:14.995 10720 10720 D CompassActivity: will set rotation from 183.15373 to 183.12814
08-05 14:51:14.995 10720 10720 D CompassActivity: will set rotation from 183.12814 to 183.128
08-05 14:51:15.008 10720 10789 I art     : Starting a blocking GC Explicit
08-05 14:51:15.014 10720 10720 D CompassActivity: will set rotation from 183.128 to 183.12265
08-05 14:51:15.014 10720 10720 D CompassActivity: will set rotation from 183.12265 to 183.121
08-05 14:51:15.035 10720 10720 D CompassActivity: will set rotation from 183.121 to 183.11774
08-05 14:51:15.036 10720 10720 D CompassActivity: will set rotation from 183.11774 to 183.11626
08-05 14:51:15.053 10720 10789 I art     : Explicit concurrent mark sweep GC freed 132(6KB) AllocSpace objects, 0(0B) LOS objects, 7% free, 187MB/203MB, paused 1.354ms total 44.686ms
08-05 14:51:15.055 10720 10720 D CompassActivity: will set rotation from 183.11626 to 183.1442
08-05 14:51:15.056 10720 10720 D CompassActivity: will set rotation from 183.1442 to 183.14185
08-05 14:51:15.074 10720 10720 D CompassActivity: will set rotation from 183.14185 to 183.13663
08-05 14:51:15.074 10720 10720 D CompassActivity: will set rotation from 183.13663 to 183.13431
08-05 14:51:15.094 10720 10720 D CompassActivity: will set rotation from 183.13431 to 183.12889
08-05 14:51:15.094 10720 10720 D CompassActivity: will set rotation from 183.12889 to 183.13011
08-05 14:51:15.114 10720 10720 D CompassActivity: will set rotation from 183.13011 to 183.0907
08-05 14:51:15.115 10720 10720 D CompassActivity: will set rotation from 183.0907 to 183.09218
08-05 14:51:15.135 10720 10720 D CompassActivity: will set rotation from 183.09218 to 183.12248
08-05 14:51:15.136 10720 10720 D CompassActivity: will set rotation from 183.12248 to 183.12361
08-05 14:51:15.155 10720 10720 D CompassActivity: will set rotation from 183.12361 to 183.1341
08-05 14:51:15.155 10720 10720 D CompassActivity: will set rotation from 183.1341 to 183.13574
08-05 14:51:15.173 10720 10720 D CompassActivity: will set rotation from 183.13574 to 183.1118
08-05 14:51:15.174 10720 10720 D CompassActivity: will set rotation from 183.1118 to 183.11342
08-05 14:51:15.193 10720 10720 D CompassActivity: will set rotation from 183.11342 to 183.10753
08-05 14:51:15.194 10720 10720 D CompassActivity: will set rotation from 183.10753 to 183.10788
08-05 14:51:15.215 10720 10720 D CompassActivity: will set rotation from 183.10788 to 183.10414
08-05 14:51:15.216 10720 10720 D CompassActivity: will set rotation from 183.10414 to 183.102
08-05 14:51:15.237 10720 10720 D CompassActivity: will set rotation from 183.102 to 183.08049
08-05 14:51:15.237 10720 10720 D CompassActivity: will set rotation from 183.08049 to 183.07956
08-05 14:51:15.254 10720 10720 D CompassActivity: will set rotation from 183.07956 to 183.07677
08-05 14:51:15.254 10720 10720 D CompassActivity: will set rotation from 183.07677 to 183.07518
08-05 14:51:15.273 10720 10720 D CompassActivity: will set rotation from 183.07518 to 183.0911
08-05 14:51:15.274 10720 10720 D CompassActivity: will set rotation from 183.0911 to 183.09149
08-05 14:51:15.293 10720 10720 D CompassActivity: will set rotation from 183.09149 to 183.07341
08-05 14:51:15.293 10720 10720 D CompassActivity: will set rotation from 183.07341 to 183.07442
08-05 14:51:15.313 10720 10720 D CompassActivity: will set rotation from 183.07442 to 183.05418
08-05 14:51:15.314 10720 10720 D CompassActivity: will set rotation from 183.05418 to 183.05283
08-05 14:51:15.337 10720 10720 D CompassActivity: will set rotation from 183.05283 to 183.01772
08-05 14:51:15.338 10720 10720 D CompassActivity: will set rotation from 183.01772 to 183.01479
08-05 14:51:15.354 10720 10720 D CompassActivity: will set rotation from 183.01479 to 182.99863
08-05 14:51:15.355 10720 10720 D CompassActivity: will set rotation from 182.99863 to 182.997
08-05 14:51:15.373 10720 10720 D CompassActivity: will set rotation from 182.997 to 182.99579
08-05 14:51:15.373 10720 10720 D CompassActivity: will set rotation from 182.99579 to 182.99606
08-05 14:51:15.392 10720 10720 D CompassActivity: will set rotation from 182.99606 to 182.99734
08-05 14:51:15.393 10720 10720 D CompassActivity: will set rotation from 182.99734 to 182.99889
08-05 14:51:15.412 10720 10720 D CompassActivity: will set rotation from 182.99889 to 183.01501
08-05 14:51:15.413 10720 10720 D CompassActivity: will set rotation from 183.01501 to 183.0125
08-05 14:51:15.420 10720 11113 I art     : Starting a blocking GC Explicit
08-05 14:51:15.433 10720 10720 D CompassActivity: will set rotation from 183.0125 to 183.0284
08-05 14:51:15.433 10720 10720 D CompassActivity: will set rotation from 183.0284 to 183.02832
08-05 14:51:15.456 10720 10720 D CompassActivity: will set rotation from 183.02832 to 183.04323
08-05 14:51:15.456 10720 10720 D CompassActivity: will set rotation from 183.04323 to 183.04506
08-05 14:51:15.466 10720 11113 I art     : Explicit concurrent mark sweep GC freed 1990(118KB) AllocSpace objects, 2(36KB) LOS objects, 7% free, 187MB/203MB, paused 899us total 45.335ms
08-05 14:51:15.473 10720 10720 D CompassActivity: will set rotation from 183.04506 to 183.02803
08-05 14:51:15.474 10720 10720 D CompassActivity: will set rotation from 183.02803 to 183.02777
08-05 14:51:15.483 10720 11113 I art     : Starting a blocking GC Explicit
08-05 14:51:15.492 10720 10720 D CompassActivity: will set rotation from 183.02777 to 183.04347
08-05 14:51:15.493 10720 10720 D CompassActivity: will set rotation from 183.04347 to 183.04214
08-05 14:51:15.512 10720 10720 D CompassActivity: will set rotation from 183.04214 to 183.04146
08-05 14:51:15.513 10720 10720 D CompassActivity: will set rotation from 183.04146 to 183.04031
08-05 14:51:15.525 10720 11113 I art     : Explicit concurrent mark sweep GC freed 707(27KB) AllocSpace objects, 0(0B) LOS objects, 7% free, 187MB/203MB, paused 743us total 41.762ms
08-05 14:51:15.533 10720 10720 D CompassActivity: will set rotation from 183.04031 to 183.0238
08-05 14:51:15.533 10720 10720 D CompassActivity: will set rotation from 183.0238 to 183.02292
08-05 14:51:15.540 10720 11113 I art     : Starting a blocking GC Explicit
08-05 14:51:15.553 10720 10720 D CompassActivity: will set rotation from 183.02292 to 183.02032
08-05 14:51:15.554 10720 10720 D CompassActivity: will set rotation from 183.02032 to 183.01994
08-05 14:51:15.574 10720 10720 D CompassActivity: will set rotation from 183.01994 to 183.03212
08-05 14:51:15.574 10720 10720 D CompassActivity: will set rotation from 183.03212 to 183.03279
08-05 14:51:15.582 10720 11113 I art     : Explicit concurrent mark sweep GC freed 154(7KB) AllocSpace objects, 0(0B) LOS objects, 7% free, 187MB/203MB, paused 1.048ms total 41.316ms
08-05 14:51:15.592 10720 10720 D CompassActivity: will set rotation from 183.03279 to 183.0309
08-05 14:51:15.592 10720 10720 D CompassActivity: will set rotation from 183.0309 to 183.02995
08-05 14:51:15.598 10720 11113 I art     : Starting a blocking GC Explicit
08-05 14:51:15.612 10720 10720 D CompassActivity: will set rotation from 183.02995 to 183.0304
08-05 14:51:15.612 10720 10720 D CompassActivity: will set rotation from 183.0304 to 183.03027
08-05 14:51:15.631 10720 10720 D CompassActivity: will set rotation from 183.03027 to 183.04454
08-05 14:51:15.632 10720 10720 D CompassActivity: will set rotation from 183.04454 to 183.04225
08-05 14:51:15.638 10720 11113 I art     : Explicit concurrent mark sweep GC freed 128(6KB) AllocSpace objects, 0(0B) LOS objects, 7% free, 187MB/203MB, paused 1.091ms total 39.756ms
08-05 14:51:15.652 10720 11113 I art     : Starting a blocking GC Explicit
08-05 14:51:15.654 10720 10720 D CompassActivity: will set rotation from 183.04225 to 183.05768
08-05 14:51:15.654 10720 10720 D CompassActivity: will set rotation from 183.05768 to 183.0579
08-05 14:51:15.672 10720 10720 D CompassActivity: will set rotation from 183.0579 to 183.0554
08-05 14:51:15.672 10720 10720 D CompassActivity: will set rotation from 183.0554 to 183.0571
08-05 14:51:15.691 10720 11113 I art     : Explicit concurrent mark sweep GC freed 122(5KB) AllocSpace objects, 0(0B) LOS objects, 7% free, 187MB/203MB, paused 780us total 38.799ms
08-05 14:51:15.691 10720 10720 D CompassActivity: will set rotation from 183.0571 to 183.07034
08-05 14:51:15.691 10720 10720 D CompassActivity: will set rotation from 183.07034 to 183.07143
08-05 14:51:15.712 10720 10720 D CompassActivity: will set rotation from 183.07143 to 183.068
08-05 14:51:15.712 10720 10720 D CompassActivity: will set rotation from 183.068 to 183.07043
08-05 14:51:15.731 10720 10720 D CompassActivity: will set rotation from 183.07043 to 183.06796
08-05 14:51:15.732 10720 10720 D CompassActivity: will set rotation from 183.06796 to 183.06981
08-05 14:51:15.755 10720 10720 D CompassActivity: will set rotation from 183.06981 to 183.05135
08-05 14:51:15.755 10720 10720 D CompassActivity: will set rotation from 183.05135 to 183.04921
08-05 14:51:15.772 10720 10720 D CompassActivity: will set rotation from 183.04921 to 183.0466
08-05 14:51:15.773 10720 10720 D CompassActivity: will set rotation from 183.0466 to 183.04411
08-05 14:51:15.791 10720 10720 D CompassActivity: will set rotation from 183.04411 to 183.0416
08-05 14:51:15.791 10720 10720 D CompassActivity: will set rotation from 183.0416 to 183.04285
08-05 14:51:15.811 10720 10720 D CompassActivity: will set rotation from 183.04285 to 183.04292
08-05 14:51:15.811 10720 10720 D CompassActivity: will set rotation from 183.04292 to 183.04459
08-05 14:51:15.831 10720 10720 D CompassActivity: will set rotation from 183.04459 to 183.0272
08-05 14:51:15.831 10720 10720 D CompassActivity: will set rotation from 183.0272 to 183.02869
08-05 14:51:15.854 10720 10720 D CompassActivity: will set rotation from 183.02869 to 183.01051
08-05 14:51:15.855 10720 10720 D CompassActivity: will set rotation from 183.01051 to 183.0121
08-05 14:51:15.872 10720 10720 D CompassActivity: will set rotation from 183.0121 to 182.99535
08-05 14:51:15.873 10720 10720 D CompassActivity: will set rotation from 182.99535 to 182.99283
08-05 14:51:15.891 10720 10720 D CompassActivity: will set rotation from 182.99283 to 182.96121
08-05 14:51:15.892 10720 10720 D CompassActivity: will set rotation from 182.96121 to 182.95749
08-05 14:51:15.910 10720 10720 D CompassActivity: will set rotation from 182.95749 to 182.95958
08-05 14:51:15.911 10720 10720 D CompassActivity: will set rotation from 182.95958 to 182.95956
08-05 14:51:15.930 10720 10720 D CompassActivity: will set rotation from 182.95956 to 182.94618
08-05 14:51:15.931 10720 10720 D CompassActivity: will set rotation from 182.94618 to 182.94618
08-05 14:51:15.951 10720 10720 D CompassActivity: will set rotation from 182.94618 to 182.97699
08-05 14:51:15.951 10720 10720 D CompassActivity: will set rotation from 182.97699 to 182.9794
08-05 14:51:15.971 10720 10720 D CompassActivity: will set rotation from 182.9794 to 182.9945
08-05 14:51:15.971 10720 10720 D CompassActivity: will set rotation from 182.9945 to 182.99469
08-05 14:51:15.990 10720 10720 D CompassActivity: will set rotation from 182.99469 to 183.02332
08-05 14:51:15.990 10720 10720 D CompassActivity: will set rotation from 183.02332 to 183.02377
08-05 14:51:16.011 10720 10720 D CompassActivity: will set rotation from 183.02377 to 183.00798
08-05 14:51:16.011 10720 10720 D CompassActivity: will set rotation from 183.00798 to 183.00749
08-05 14:51:16.030 10720 10720 D CompassActivity: will set rotation from 183.00749 to 183.00682
08-05 14:51:16.030 10720 10720 D CompassActivity: will set rotation from 183.00682 to 183.00626
08-05 14:51:16.036 10720 12263 I art     : Starting a blocking GC Explicit
08-05 14:51:16.052 10720 10720 D CompassActivity: will set rotation from 183.00626 to 183.00641
08-05 14:51:16.053 10720 10720 D CompassActivity: will set rotation from 183.00641 to 183.00801
08-05 14:51:16.073 10720 10720 D CompassActivity: will set rotation from 183.00801 to 182.99158
08-05 14:51:16.074 10720 10720 D CompassActivity: will set rotation from 182.99158 to 182.99295
08-05 14:51:16.076 10720 12263 I art     : Explicit concurrent mark sweep GC freed 1965(116KB) AllocSpace objects, 2(36KB) LOS objects, 7% free, 187MB/203MB, paused 807us total 40.539ms
08-05 14:51:16.090 10720 10720 D CompassActivity: will set rotation from 182.99295 to 182.96106
08-05 14:51:16.091 10720 10720 D CompassActivity: will set rotation from 182.96106 to 182.96187
08-05 14:51:16.092 10720 12263 I art     : Starting a blocking GC Explicit
08-05 14:51:16.110 10720 10720 D CompassActivity: will set rotation from 182.96187 to 182.96262
08-05 14:51:16.110 10720 10720 D CompassActivity: will set rotation from 182.96262 to 182.96437
08-05 14:51:16.131 10720 10720 D CompassActivity: will set rotation from 182.96437 to 182.94826
08-05 14:51:16.132 10720 10720 D CompassActivity: will set rotation from 182.94826 to 182.94809
08-05 14:51:16.132 10720 12263 I art     : Explicit concurrent mark sweep GC freed 637(24KB) AllocSpace objects, 0(0B) LOS objects, 7% free, 187MB/203MB, paused 1.004ms total 39.959ms
08-05 14:51:16.147 10720 12263 I art     : Starting a blocking GC Explicit
08-05 14:51:16.150 10720 10720 D CompassActivity: will set rotation from 182.94809 to 182.94997
08-05 14:51:16.151 10720 10720 D CompassActivity: will set rotation from 182.94997 to 182.94926
08-05 14:51:16.167 12340 12340 D AndroidRuntime: >>>>>> START com.android.internal.os.RuntimeInit uid 2000 <<<<<<
08-05 14:51:16.171 10720 10720 D CompassActivity: will set rotation from 182.94926 to 182.96523
08-05 14:51:16.172 10720 10720 D CompassActivity: will set rotation from 182.96523 to 182.96338
08-05 14:51:16.174 12340 12340 D AndroidRuntime: CheckJNI is OFF
08-05 14:51:16.187 10720 12263 I art     : Explicit concurrent mark sweep GC freed 116(5KB) AllocSpace objects, 0(0B) LOS objects, 7% free, 187MB/203MB, paused 919us total 39.396ms
08-05 14:51:16.190 10720 10720 D CompassActivity: will set rotation from 182.96338 to 182.95137
08-05 14:51:16.190 10720 10720 D CompassActivity: will set rotation from 182.95137 to 182.9501
08-05 14:51:16.200 10720 12263 I art     : Starting a blocking GC Explicit
08-05 14:51:16.210   518   646 I ThermalEngine: ACTION: GPU - Setting GPU[0] to 450000000
08-05 14:51:16.211 12340 12340 D ICU     : No timezone override file found: /data/misc/zoneinfo/current/icu/icu_tzdata.dat
08-05 14:51:16.214 10720 10720 D CompassActivity: will set rotation from 182.9501 to 182.9527
08-05 14:51:16.215 10720 10720 D CompassActivity: will set rotation from 182.9527 to 182.95311
08-05 14:51:16.230 10720 10720 D CompassActivity: will set rotation from 182.95311 to 182.93988
08-05 14:51:16.230 10720 10720 D CompassActivity: will set rotation from 182.93988 to 182.94235
08-05 14:51:16.245 10720 12263 I art     : Explicit concurrent mark sweep GC freed 132(6KB) AllocSpace objects, 0(0B) LOS objects, 7% free, 187MB/203MB, paused 1.090ms total 44.473ms
08-05 14:51:16.250 10720 10720 D CompassActivity: will set rotation from 182.94235 to 182.94308
08-05 14:51:16.251 10720 10720 D CompassActivity: will set rotation from 182.94308 to 182.94441
08-05 14:51:16.256 12340 12340 I Radio-JNI: register_android_hardware_Radio DONE
08-05 14:51:16.263 10720 12263 I art     : Starting a blocking GC Explicit
08-05 14:51:16.271 10720 10720 D CompassActivity: will set rotation from 182.94441 to 182.9721
08-05 14:51:16.272 10720 10720 D CompassActivity: will set rotation from 182.9721 to 182.9722
08-05 14:51:16.286 12340 12340 D AndroidRuntime: Calling main entry com.android.commands.input.Input
08-05 14:51:16.288 12340 12340 I Input   : injectKeyEvent: KeyEvent { action=ACTION_DOWN, keyCode=KEYCODE_BACK, scanCode=0, metaState=0, flags=0x0, repeatCount=0, eventTime=802292701, downTime=802292701, deviceId=-1, source=0x101 }
08-05 14:51:16.289 10720 10720 D CompassActivity: will set rotation from 182.9722 to 182.97324
08-05 14:51:16.290 10720 10720 D CompassActivity: will set rotation from 182.97324 to 182.97083
08-05 14:51:16.295 12340 12340 I Input   : injectKeyEvent: KeyEvent { action=ACTION_UP, keyCode=KEYCODE_BACK, scanCode=0, metaState=0, flags=0x0, repeatCount=0, eventTime=802292701, downTime=802292701, deviceId=-1, source=0x101 }
08-05 14:51:16.302 12340 12340 D AndroidRuntime: Shutting down VM
08-05 14:51:16.303   918  6111 I sensors : activate
08-05 14:51:16.304   918  6029 I sensors : activate
08-05 14:51:16.306 10720 12263 I art     : Explicit concurrent mark sweep GC freed 136(6KB) AllocSpace objects, 0(0B) LOS objects, 7% free, 187MB/203MB, paused 1.107ms total 43.188ms
08-05 14:51:16.310   918  3188 I hubconnection: sensorhub said: 'activate 1 enable:0'
08-05 14:51:16.312   918  3188 I hubconnection: sensorhub said: 'activate 3 enable:0'
08-05 14:51:16.334 10720 10720 V MainActivity: url = https://project-travel-mate.herokuapp.com/api/number-of-unread-notifications
08-05 14:51:16.446 13866 13866 I GoogleInputMethodServic: GoogleInputMethodService.onFinishInput():3138 
08-05 14:51:16.447 13866 13866 I GoogleInputMethodServic: GoogleInputMethodService.onStartInput():1808 
08-05 14:51:16.675 10720 10732 I art     : Starting a blocking GC Explicit
08-05 14:51:16.717 10720 10720 D CompassActivity: stop compass
08-05 14:51:16.718   380   380 W SurfaceFlinger: couldn't log to binary event log: overflow.
08-05 14:51:16.727 10720 10732 I art     : Explicit concurrent mark sweep GC freed 2148(117KB) AllocSpace objects, 2(36KB) LOS objects, 7% free, 187MB/203MB, paused 1.606ms total 51.054ms
08-05 14:51:16.745 10720 10732 I art     : Starting a blocking GC Explicit
08-05 14:51:16.786 10720 10732 I art     : Explicit concurrent mark sweep GC freed 123(5KB) AllocSpace objects, 0(0B) LOS objects, 7% free, 187MB/203MB, paused 1.105ms total 40.590ms
08-05 14:51:16.803 10720 10732 I art     : Starting a blocking GC Explicit
08-05 14:51:16.861 10720 10732 I art     : Explicit concurrent mark sweep GC freed 1266(81KB) AllocSpace objects, 3(52MB) LOS objects, 10% free, 135MB/151MB, paused 1.138ms total 57.820ms
08-05 14:51:16.879 10720 10732 I art     : Starting a blocking GC Explicit
08-05 14:51:16.923 10720 10732 I art     : Explicit concurrent mark sweep GC freed 3(96B) AllocSpace objects, 0(0B) LOS objects, 10% free, 135MB/151MB, paused 1.170ms total 43.907ms
08-05 14:51:16.940 10720 10732 I art     : Starting a blocking GC Explicit
08-05 14:51:16.986 10720 10732 I art     : Explicit concurrent mark sweep GC freed 34(928B) AllocSpace objects, 0(0B) LOS objects, 10% free, 135MB/151MB, paused 1.154ms total 45.129ms
08-05 14:51:17.178 10720 12363 I NAPPA_EXPERIMENTATION: MetricNetworkRequestExecutionTime: REQUEST_DURATION_SYSTEM='843',REQUEST_DURATION_OKHTTP='45',REQUEST_SYNCHRONOUS='FALSE',RESPONSE_CODE='200',RESPONSE_METHOD='GET',RESPONSE_LENGTH_OKHTTP='36',RESPONSE_LENGTH_HEADER='36',REQUEST_PROTOCOL='http/1.1',REQUEST_URL='https://project-travel-mate.herokuapp.com/api/number-of-unread-notifications',
08-05 14:51:17.370 10720 11113 I art     : Starting a blocking GC Explicit
08-05 14:51:17.421 10720 11113 I art     : Explicit concurrent mark sweep GC freed 4395(240KB) AllocSpace objects, 5(236KB) LOS objects, 10% free, 135MB/151MB, paused 1.176ms total 50.161ms
08-05 14:51:17.438 10720 11113 I art     : Starting a blocking GC Explicit
08-05 14:51:17.485 10720 11113 I art     : Explicit concurrent mark sweep GC freed 972(117KB) AllocSpace objects, 0(0B) LOS objects, 10% free, 135MB/151MB, paused 1.185ms total 46.341ms
08-05 14:51:17.507 10720 11113 I art     : Starting a blocking GC Explicit
08-05 14:51:17.551 10720 11113 I art     : Explicit concurrent mark sweep GC freed 3(96B) AllocSpace objects, 0(0B) LOS objects, 10% free, 135MB/151MB, paused 1.057ms total 43.532ms
08-05 14:51:17.568 10720 11113 I art     : Starting a blocking GC Explicit
08-05 14:51:17.611 10720 11113 I art     : Explicit concurrent mark sweep GC freed 3(96B) AllocSpace objects, 0(0B) LOS objects, 10% free, 135MB/151MB, paused 1.100ms total 42.775ms
08-05 14:51:17.628 10720 11113 I art     : Starting a blocking GC Explicit
08-05 14:51:17.672 10720 11113 I art     : Explicit concurrent mark sweep GC freed 3(96B) AllocSpace objects, 0(0B) LOS objects, 10% free, 135MB/151MB, paused 1.165ms total 43.366ms
08-05 14:51:18.067 10720 10733 I art     : Starting a blocking GC Explicit
08-05 14:51:18.084 12386 12386 D AndroidRuntime: >>>>>> START com.android.internal.os.RuntimeInit uid 2000 <<<<<<
08-05 14:51:18.089 12386 12386 D AndroidRuntime: CheckJNI is OFF
08-05 14:51:18.108 10720 10733 I art     : Explicit concurrent mark sweep GC freed 1625(93KB) AllocSpace objects, 2(36KB) LOS objects, 10% free, 135MB/151MB, paused 1.044ms total 40.722ms
08-05 14:51:18.125 10720 10733 I art     : Starting a blocking GC Explicit
08-05 14:51:18.135 12386 12386 D ICU     : No timezone override file found: /data/misc/zoneinfo/current/icu/icu_tzdata.dat
08-05 14:51:18.171 10720 10733 I art     : Explicit concurrent mark sweep GC freed 35(1248B) AllocSpace objects, 0(0B) LOS objects, 10% free, 135MB/151MB, paused 1.418ms total 45.552ms
08-05 14:51:18.179 12386 12386 I Radio-JNI: register_android_hardware_Radio DONE
08-05 14:51:18.188 10720 10733 I art     : Starting a blocking GC Explicit
08-05 14:51:18.210 12386 12386 D AndroidRuntime: Calling main entry com.android.commands.input.Input
08-05 14:51:18.212 12386 12386 I Input   : injectMotionEvent: MotionEvent { action=ACTION_DOWN, actionButton=0, id[0]=0, x[0]=500.0, y[0]=2000.0, toolType[0]=TOOL_TYPE_UNKNOWN, buttonState=0, metaState=0, flags=0x0, edgeFlags=0x0, pointerCount=1, historySize=0, eventTime=802294624, downTime=802294624, deviceId=0, source=0x1002 }
08-05 14:51:18.217 12386 12386 I Input   : injectMotionEvent: MotionEvent { action=ACTION_MOVE, actionButton=0, id[0]=0, x[0]=500.0, y[0]=2000.0, toolType[0]=TOOL_TYPE_UNKNOWN, buttonState=0, metaState=0, flags=0x0, edgeFlags=0x0, pointerCount=1, historySize=0, eventTime=802294624, downTime=802294624, deviceId=0, source=0x1002 }
08-05 14:51:18.221 12386 12386 I Input   : injectMotionEvent: MotionEvent { action=ACTION_MOVE, actionButton=0, id[0]=0, x[0]=500.0, y[0]=1981.0, toolType[0]=TOOL_TYPE_UNKNOWN, buttonState=0, metaState=0, flags=0x0, edgeFlags=0x0, pointerCount=1, historySize=0, eventTime=802294634, downTime=802294634, deviceId=0, source=0x1002 }
08-05 14:51:18.233 10720 10733 I art     : Explicit concurrent mark sweep GC freed 8(256B) AllocSpace objects, 0(0B) LOS objects, 10% free, 135MB/151MB, paused 1.180ms total 44.688ms
08-05 14:51:18.236 12386 12386 I Input   : injectMotionEvent: MotionEvent { action=ACTION_MOVE, actionButton=0, id[0]=0, x[0]=500.0, y[0]=1950.6, toolType[0]=TOOL_TYPE_UNKNOWN, buttonState=0, metaState=0, flags=0x0, edgeFlags=0x0, pointerCount=1, historySize=0, eventTime=802294650, downTime=802294650, deviceId=0, source=0x1002 }
08-05 14:51:18.251 10720 10733 I art     : Starting a blocking GC Explicit
08-05 14:51:18.253 12386 12386 I Input   : injectMotionEvent: MotionEvent { action=ACTION_MOVE, actionButton=0, id[0]=0, x[0]=500.0, y[0]=1918.3, toolType[0]=TOOL_TYPE_UNKNOWN, buttonState=0, metaState=0, flags=0x0, edgeFlags=0x0, pointerCount=1, historySize=0, eventTime=802294667, downTime=802294667, deviceId=0, source=0x1002 }
08-05 14:51:18.278 12386 12386 I Input   : injectMotionEvent: MotionEvent { action=ACTION_MOVE, actionButton=0, id[0]=0, x[0]=500.0, y[0]=1870.8, toolType[0]=TOOL_TYPE_UNKNOWN, buttonState=0, metaState=0, flags=0x0, edgeFlags=0x0, pointerCount=1, historySize=0, eventTime=802294692, downTime=802294692, deviceId=0, source=0x1002 }
08-05 14:51:18.287 12386 12386 I Input   : injectMotionEvent: MotionEvent { action=ACTION_MOVE, actionButton=0, id[0]=0, x[0]=500.0, y[0]=1855.6, toolType[0]=TOOL_TYPE_UNKNOWN, buttonState=0, metaState=0, flags=0x0, edgeFlags=0x0, pointerCount=1, historySize=0, eventTime=802294700, downTime=802294700, deviceId=0, source=0x1002 }
08-05 14:51:18.295 10720 10733 I art     : Explicit concurrent mark sweep GC freed 47(1680B) AllocSpace objects, 0(0B) LOS objects, 10% free, 135MB/151MB, paused 1.408ms total 43.737ms
08-05 14:51:18.304 12386 12386 I Input   : injectMotionEvent: MotionEvent { action=ACTION_MOVE, actionButton=0, id[0]=0, x[0]=500.0, y[0]=1823.3, toolType[0]=TOOL_TYPE_UNKNOWN, buttonState=0, metaState=0, flags=0x0, edgeFlags=0x0, pointerCount=1, historySize=0, eventTime=802294717, downTime=802294717, deviceId=0, source=0x1002 }
08-05 14:51:18.313 10720 10733 I art     : Starting a blocking GC Explicit
08-05 14:51:18.321 12386 12386 I Input   : injectMotionEvent: MotionEvent { action=ACTION_MOVE, actionButton=0, id[0]=0, x[0]=500.0, y[0]=1792.9, toolType[0]=TOOL_TYPE_UNKNOWN, buttonState=0, metaState=0, flags=0x0, edgeFlags=0x0, pointerCount=1, historySize=0, eventTime=802294733, downTime=802294733, deviceId=0, source=0x1002 }
08-05 14:51:18.336 12386 12386 I Input   : injectMotionEvent: MotionEvent { action=ACTION_MOVE, actionButton=0, id[0]=0, x[0]=500.0, y[0]=1760.6, toolType[0]=TOOL_TYPE_UNKNOWN, buttonState=0, metaState=0, flags=0x0, edgeFlags=0x0, pointerCount=1, historySize=0, eventTime=802294750, downTime=802294750, deviceId=0, source=0x1002 }
08-05 14:51:18.354 12386 12386 I Input   : injectMotionEvent: MotionEvent { action=ACTION_MOVE, actionButton=0, id[0]=0, x[0]=500.0, y[0]=1728.3, toolType[0]=TOOL_TYPE_UNKNOWN, buttonState=0, metaState=0, flags=0x0, edgeFlags=0x0, pointerCount=1, historySize=0, eventTime=802294767, downTime=802294767, deviceId=0, source=0x1002 }
08-05 14:51:18.359 10720 10733 I art     : Explicit concurrent mark sweep GC freed 46(1920B) AllocSpace objects, 0(0B) LOS objects, 10% free, 135MB/151MB, paused 1.417ms total 45.022ms
08-05 14:51:18.370 12386 12386 I Input   : injectMotionEvent: MotionEvent { action=ACTION_MOVE, actionButton=0, id[0]=0, x[0]=500.0, y[0]=1697.9, toolType[0]=TOOL_TYPE_UNKNOWN, buttonState=0, metaState=0, flags=0x0, edgeFlags=0x0, pointerCount=1, historySize=0, eventTime=802294783, downTime=802294783, deviceId=0, source=0x1002 }
08-05 14:51:18.387 12386 12386 I Input   : injectMotionEvent: MotionEvent { action=ACTION_MOVE, actionButton=0, id[0]=0, x[0]=500.0, y[0]=1665.6, toolType[0]=TOOL_TYPE_UNKNOWN, buttonState=0, metaState=0, flags=0x0, edgeFlags=0x0, pointerCount=1, historySize=0, eventTime=802294800, downTime=802294800, deviceId=0, source=0x1002 }
08-05 14:51:18.403 12386 12386 I Input   : injectMotionEvent: MotionEvent { action=ACTION_MOVE, actionButton=0, id[0]=0, x[0]=500.0, y[0]=1633.3, toolType[0]=TOOL_TYPE_UNKNOWN, buttonState=0, metaState=0, flags=0x0, edgeFlags=0x0, pointerCount=1, historySize=0, eventTime=802294817, downTime=802294817, deviceId=0, source=0x1002 }
08-05 14:51:18.421 12386 12386 I Input   : injectMotionEvent: MotionEvent { action=ACTION_MOVE, actionButton=0, id[0]=0, x[0]=500.0, y[0]=1602.9, toolType[0]=TOOL_TYPE_UNKNOWN, buttonState=0, metaState=0, flags=0x0, edgeFlags=0x0, pointerCount=1, historySize=0, eventTime=802294833, downTime=802294833, deviceId=0, source=0x1002 }
08-05 14:51:18.437 12386 12386 I Input   : injectMotionEvent: MotionEvent { action=ACTION_MOVE, actionButton=0, id[0]=0, x[0]=500.0, y[0]=1570.6, toolType[0]=TOOL_TYPE_UNKNOWN, buttonState=0, metaState=0, flags=0x0, edgeFlags=0x0, pointerCount=1, historySize=0, eventTime=802294850, downTime=802294850, deviceId=0, source=0x1002 }
08-05 14:51:18.453 12386 12386 I Input   : injectMotionEvent: MotionEvent { action=ACTION_MOVE, actionButton=0, id[0]=0, x[0]=500.0, y[0]=1538.3, toolType[0]=TOOL_TYPE_UNKNOWN, buttonState=0, metaState=0, flags=0x0, edgeFlags=0x0, pointerCount=1, historySize=0, eventTime=802294867, downTime=802294867, deviceId=0, source=0x1002 }
08-05 14:51:18.472 12386 12386 I Input   : injectMotionEvent: MotionEvent { action=ACTION_MOVE, actionButton=0, id[0]=0, x[0]=500.0, y[0]=1504.1, toolType[0]=TOOL_TYPE_UNKNOWN, buttonState=0, metaState=0, flags=0x0, edgeFlags=0x0, pointerCount=1, historySize=0, eventTime=802294885, downTime=802294885, deviceId=0, source=0x1002 }
08-05 14:51:18.487 12386 12386 I Input   : injectMotionEvent: MotionEvent { action=ACTION_MOVE, actionButton=0, id[0]=0, x[0]=500.0, y[0]=1475.6001, toolType[0]=TOOL_TYPE_UNKNOWN, buttonState=0, metaState=0, flags=0x0, edgeFlags=0x0, pointerCount=1, historySize=0, eventTime=802294900, downTime=802294900, deviceId=0, source=0x1002 }
08-05 14:51:18.504 12386 12386 I Input   : injectMotionEvent: MotionEvent { action=ACTION_MOVE, actionButton=0, id[0]=0, x[0]=500.0, y[0]=1443.3, toolType[0]=TOOL_TYPE_UNKNOWN, buttonState=0, metaState=0, flags=0x0, edgeFlags=0x0, pointerCount=1, historySize=0, eventTime=802294917, downTime=802294917, deviceId=0, source=0x1002 }
08-05 14:51:18.521 12386 12386 I Input   : injectMotionEvent: MotionEvent { action=ACTION_MOVE, actionButton=0, id[0]=0, x[0]=500.0, y[0]=1411.0, toolType[0]=TOOL_TYPE_UNKNOWN, buttonState=0, metaState=0, flags=0x0, edgeFlags=0x0, pointerCount=1, historySize=0, eventTime=802294934, downTime=802294934, deviceId=0, source=0x1002 }
08-05 14:51:18.543 12386 12386 I Input   : injectMotionEvent: MotionEvent { action=ACTION_MOVE, actionButton=0, id[0]=0, x[0]=500.0, y[0]=1369.2, toolType[0]=TOOL_TYPE_UNKNOWN, buttonState=0, metaState=0, flags=0x0, edgeFlags=0x0, pointerCount=1, historySize=0, eventTime=802294956, downTime=802294956, deviceId=0, source=0x1002 }
08-05 14:51:18.554 12386 12386 I Input   : injectMotionEvent: MotionEvent { action=ACTION_MOVE, actionButton=0, id[0]=0, x[0]=500.0, y[0]=1348.3, toolType[0]=TOOL_TYPE_UNKNOWN, buttonState=0, metaState=0, flags=0x0, edgeFlags=0x0, pointerCount=1, historySize=0, eventTime=802294967, downTime=802294967, deviceId=0, source=0x1002 }
08-05 14:51:18.570 12386 12386 I Input   : injectMotionEvent: MotionEvent { action=ACTION_MOVE, actionButton=0, id[0]=0, x[0]=500.0, y[0]=1316.0, toolType[0]=TOOL_TYPE_UNKNOWN, buttonState=0, metaState=0, flags=0x0, edgeFlags=0x0, pointerCount=1, historySize=0, eventTime=802294984, downTime=802294984, deviceId=0, source=0x1002 }
08-05 14:51:18.587 12386 12386 I Input   : injectMotionEvent: MotionEvent { action=ACTION_MOVE, actionButton=0, id[0]=0, x[0]=500.0, y[0]=1285.6001, toolType[0]=TOOL_TYPE_UNKNOWN, buttonState=0, metaState=0, flags=0x0, edgeFlags=0x0, pointerCount=1, historySize=0, eventTime=802295000, downTime=802295000, deviceId=0, source=0x1002 }
08-05 14:51:18.603 12386 12386 I Input   : injectMotionEvent: MotionEvent { action=ACTION_MOVE, actionButton=0, id[0]=0, x[0]=500.0, y[0]=1253.3, toolType[0]=TOOL_TYPE_UNKNOWN, buttonState=0, metaState=0, flags=0x0, edgeFlags=0x0, pointerCount=1, historySize=0, eventTime=802295017, downTime=802295017, deviceId=0, source=0x1002 }
08-05 14:51:18.621 12386 12386 I Input   : injectMotionEvent: MotionEvent { action=ACTION_MOVE, actionButton=0, id[0]=0, x[0]=500.0, y[0]=1221.0, toolType[0]=TOOL_TYPE_UNKNOWN, buttonState=0, metaState=0, flags=0x0, edgeFlags=0x0, pointerCount=1, historySize=0, eventTime=802295034, downTime=802295034, deviceId=0, source=0x1002 }
08-05 14:51:18.641 12386 12386 I Input   : injectMotionEvent: MotionEvent { action=ACTION_MOVE, actionButton=0, id[0]=0, x[0]=500.0, y[0]=1183.0, toolType[0]=TOOL_TYPE_UNKNOWN, buttonState=0, metaState=0, flags=0x0, edgeFlags=0x0, pointerCount=1, historySize=0, eventTime=802295054, downTime=802295054, deviceId=0, source=0x1002 }
08-05 14:51:18.709 12386 12386 I Input   : injectMotionEvent: MotionEvent { action=ACTION_MOVE, actionButton=0, id[0]=0, x[0]=500.0, y[0]=1053.8, toolType[0]=TOOL_TYPE_UNKNOWN, buttonState=0, metaState=0, flags=0x0, edgeFlags=0x0, pointerCount=1, historySize=0, eventTime=802295122, downTime=802295122, deviceId=0, source=0x1002 }
08-05 14:51:18.769 10720 10732 I art     : Starting a blocking GC Explicit
08-05 14:51:18.771 12386 12386 I Input   : injectMotionEvent: MotionEvent { action=ACTION_MOVE, actionButton=0, id[0]=0, x[0]=500.0, y[0]=936.0, toolType[0]=TOOL_TYPE_UNKNOWN, buttonState=0, metaState=0, flags=0x0, edgeFlags=0x0, pointerCount=1, historySize=0, eventTime=802295184, downTime=802295184, deviceId=0, source=0x1002 }
08-05 14:51:18.810 10720 10732 I art     : Explicit concurrent mark sweep GC freed 1621(93KB) AllocSpace objects, 2(36KB) LOS objects, 10% free, 135MB/151MB, paused 1.204ms total 41.031ms
08-05 14:51:18.828 10720 10732 I art     : Starting a blocking GC Explicit
08-05 14:51:18.837 12386 12386 I Input   : injectMotionEvent: MotionEvent { action=ACTION_MOVE, actionButton=0, id[0]=0, x[0]=500.0, y[0]=810.6, toolType[0]=TOOL_TYPE_UNKNOWN, buttonState=0, metaState=0, flags=0x0, edgeFlags=0x0, pointerCount=1, historySize=0, eventTime=802295250, downTime=802295250, deviceId=0, source=0x1002 }
08-05 14:51:18.870 10720 10732 I art     : Explicit concurrent mark sweep GC freed 38(1568B) AllocSpace objects, 0(0B) LOS objects, 10% free, 135MB/151MB, paused 1.144ms total 42.164ms
08-05 14:51:18.888 10720 10732 I art     : Starting a blocking GC Explicit
08-05 14:51:18.901 12386 12386 I Input   : injectMotionEvent: MotionEvent { action=ACTION_MOVE, actionButton=0, id[0]=0, x[0]=500.0, y[0]=689.0, toolType[0]=TOOL_TYPE_UNKNOWN, buttonState=0, metaState=0, flags=0x0, edgeFlags=0x0, pointerCount=1, historySize=0, eventTime=802295314, downTime=802295314, deviceId=0, source=0x1002 }
08-05 14:51:18.931 10720 10732 I art     : Explicit concurrent mark sweep GC freed 3(96B) AllocSpace objects, 0(0B) LOS objects, 10% free, 135MB/151MB, paused 1.071ms total 42.329ms
08-05 14:51:18.949 10720 10732 I art     : Starting a blocking GC Explicit
08-05 14:51:18.967 12386 12386 I Input   : injectMotionEvent: MotionEvent { action=ACTION_MOVE, actionButton=0, id[0]=0, x[0]=500.0, y[0]=563.6, toolType[0]=TOOL_TYPE_UNKNOWN, buttonState=0, metaState=0, flags=0x0, edgeFlags=0x0, pointerCount=1, historySize=0, eventTime=802295380, downTime=802295380, deviceId=0, source=0x1002 }
08-05 14:51:18.992 10720 10732 I art     : Explicit concurrent mark sweep GC freed 34(928B) AllocSpace objects, 0(0B) LOS objects, 10% free, 135MB/151MB, paused 1.048ms total 42.558ms
08-05 14:51:19.009 10720 10732 I art     : Starting a blocking GC Explicit
08-05 14:51:19.026 12386 12386 I Input   : injectMotionEvent: MotionEvent { action=ACTION_MOVE, actionButton=0, id[0]=0, x[0]=500.0, y[0]=451.5, toolType[0]=TOOL_TYPE_UNKNOWN, buttonState=0, metaState=0, flags=0x0, edgeFlags=0x0, pointerCount=1, historySize=0, eventTime=802295439, downTime=802295439, deviceId=0, source=0x1002 }
08-05 14:51:19.054 10720 10732 I art     : Explicit concurrent mark sweep GC freed 3(96B) AllocSpace objects, 0(0B) LOS objects, 10% free, 135MB/151MB, paused 1.093ms total 44.089ms
08-05 14:51:19.093 12386 12386 I Input   : injectMotionEvent: MotionEvent { action=ACTION_MOVE, actionButton=0, id[0]=0, x[0]=500.0, y[0]=324.19995, toolType[0]=TOOL_TYPE_UNKNOWN, buttonState=0, metaState=0, flags=0x0, edgeFlags=0x0, pointerCount=1, historySize=0, eventTime=802295506, downTime=802295506, deviceId=0, source=0x1002 }
08-05 14:51:19.180 12386 12386 I Input   : injectMotionEvent: MotionEvent { action=ACTION_MOVE, actionButton=0, id[0]=0, x[0]=500.0, y[0]=157.0, toolType[0]=TOOL_TYPE_UNKNOWN, buttonState=0, metaState=0, flags=0x0, edgeFlags=0x0, pointerCount=1, historySize=0, eventTime=802295594, downTime=802295594, deviceId=0, source=0x1002 }
08-05 14:51:19.216 12386 12386 I Input   : injectMotionEvent: MotionEvent { action=ACTION_UP, actionButton=0, id[0]=0, x[0]=500.0, y[0]=100.0, toolType[0]=TOOL_TYPE_UNKNOWN, buttonState=0, metaState=0, flags=0x0, edgeFlags=0x0, pointerCount=1, historySize=0, eventTime=802295629, downTime=802295629, deviceId=0, source=0x1002 }
08-05 14:51:19.252 12386 12386 D AndroidRuntime: Shutting down VM
08-05 14:51:19.429 10720 10733 I art     : Starting a blocking GC Explicit
08-05 14:51:19.482 10720 10733 I art     : Explicit concurrent mark sweep GC freed 1594(92KB) AllocSpace objects, 2(36KB) LOS objects, 10% free, 135MB/151MB, paused 1.120ms total 52.619ms
08-05 14:51:19.503 10720 10733 I art     : Starting a blocking GC Explicit
08-05 14:51:19.545 10720 10733 I art     : Explicit concurrent mark sweep GC freed 28(1024B) AllocSpace objects, 0(0B) LOS objects, 10% free, 135MB/151MB, paused 1.113ms total 41.101ms
08-05 14:51:19.561 10720 10733 I art     : Starting a blocking GC Explicit
08-05 14:51:19.604 10720 10733 I art     : Explicit concurrent mark sweep GC freed 3(96B) AllocSpace objects, 0(0B) LOS objects, 10% free, 135MB/151MB, paused 1.117ms total 42.386ms
08-05 14:51:19.621 10720 10733 I art     : Starting a blocking GC Explicit
08-05 14:51:19.664 10720 10733 I art     : Explicit concurrent mark sweep GC freed 5(160B) AllocSpace objects, 0(0B) LOS objects, 10% free, 135MB/151MB, paused 1.084ms total 42.292ms
08-05 14:51:19.681 10720 10733 I art     : Starting a blocking GC Explicit
08-05 14:51:19.719 10720 10733 I art     : Explicit concurrent mark sweep GC freed 7(224B) AllocSpace objects, 0(0B) LOS objects, 10% free, 135MB/151MB, paused 1.088ms total 38.509ms
08-05 14:51:20.008 12436 12436 D AndroidRuntime: >>>>>> START com.android.internal.os.RuntimeInit uid 2000 <<<<<<
08-05 14:51:20.013 12436 12436 D AndroidRuntime: CheckJNI is OFF
08-05 14:51:20.055 12436 12436 D ICU     : No timezone override file found: /data/misc/zoneinfo/current/icu/icu_tzdata.dat
08-05 14:51:20.093 10720 11113 I art     : Starting a blocking GC Explicit
08-05 14:51:20.097 12436 12436 I Radio-JNI: register_android_hardware_Radio DONE
08-05 14:51:20.127 12436 12436 D AndroidRuntime: Calling main entry com.android.commands.input.Input
08-05 14:51:20.129 12436 12436 I Input   : injectMotionEvent: MotionEvent { action=ACTION_DOWN, actionButton=0, id[0]=0, x[0]=500.0, y[0]=2000.0, toolType[0]=TOOL_TYPE_UNKNOWN, buttonState=0, metaState=0, flags=0x0, edgeFlags=0x0, pointerCount=1, historySize=0, eventTime=802296542, downTime=802296542, deviceId=0, source=0x1002 }
08-05 14:51:20.133 12436 12436 I Input   : injectMotionEvent: MotionEvent { action=ACTION_MOVE, actionButton=0, id[0]=0, x[0]=500.0, y[0]=2000.0, toolType[0]=TOOL_TYPE_UNKNOWN, buttonState=0, metaState=0, flags=0x0, edgeFlags=0x0, pointerCount=1, historySize=0, eventTime=802296542, downTime=802296542, deviceId=0, source=0x1002 }
08-05 14:51:20.137 10720 11113 I art     : Explicit concurrent mark sweep GC freed 1622(93KB) AllocSpace objects, 2(36KB) LOS objects, 10% free, 135MB/151MB, paused 1.194ms total 43.853ms
08-05 14:51:20.139 12436 12436 I Input   : injectMotionEvent: MotionEvent { action=ACTION_MOVE, actionButton=0, id[0]=0, x[0]=500.0, y[0]=1981.0, toolType[0]=TOOL_TYPE_UNKNOWN, buttonState=0, metaState=0, flags=0x0, edgeFlags=0x0, pointerCount=1, historySize=0, eventTime=802296552, downTime=802296552, deviceId=0, source=0x1002 }
08-05 14:51:20.155 10720 11113 I art     : Starting a blocking GC Explicit
08-05 14:51:20.156 12436 12436 I Input   : injectMotionEvent: MotionEvent { action=ACTION_MOVE, actionButton=0, id[0]=0, x[0]=500.0, y[0]=1946.8, toolType[0]=TOOL_TYPE_UNKNOWN, buttonState=0, metaState=0, flags=0x0, edgeFlags=0x0, pointerCount=1, historySize=0, eventTime=802296570, downTime=802296570, deviceId=0, source=0x1002 }
08-05 14:51:20.172 12436 12436 I Input   : injectMotionEvent: MotionEvent { action=ACTION_MOVE, actionButton=0, id[0]=0, x[0]=500.0, y[0]=1916.4, toolType[0]=TOOL_TYPE_UNKNOWN, buttonState=0, metaState=0, flags=0x0, edgeFlags=0x0, pointerCount=1, historySize=0, eventTime=802296586, downTime=802296586, deviceId=0, source=0x1002 }
08-05 14:51:20.190 12436 12436 I Input   : injectMotionEvent: MotionEvent { action=ACTION_MOVE, actionButton=0, id[0]=0, x[0]=500.0, y[0]=1884.1, toolType[0]=TOOL_TYPE_UNKNOWN, buttonState=0, metaState=0, flags=0x0, edgeFlags=0x0, pointerCount=1, historySize=0, eventTime=802296603, downTime=802296603, deviceId=0, source=0x1002 }
08-05 14:51:20.200 10720 11113 I art     : Explicit concurrent mark sweep GC freed 40(1408B) AllocSpace objects, 0(0B) LOS objects, 10% free, 135MB/151MB, paused 1.124ms total 44.059ms
08-05 14:51:20.220 10720 11113 I art     : Starting a blocking GC Explicit
08-05 14:51:20.234 12436 12436 I Input   : injectMotionEvent: MotionEvent { action=ACTION_MOVE, actionButton=0, id[0]=0, x[0]=500.0, y[0]=1798.6, toolType[0]=TOOL_TYPE_UNKNOWN, buttonState=0, metaState=0, flags=0x0, edgeFlags=0x0, pointerCount=1, historySize=0, eventTime=802296648, downTime=802296648, deviceId=0, source=0x1002 }
08-05 14:51:20.263 10720 11113 I art     : Explicit concurrent mark sweep GC freed 9(288B) AllocSpace objects, 0(0B) LOS objects, 10% free, 135MB/151MB, paused 1.246ms total 42.705ms
08-05 14:51:20.274 12436 12436 I Input   : injectMotionEvent: MotionEvent { action=ACTION_MOVE, actionButton=0, id[0]=0, x[0]=500.0, y[0]=1722.6, toolType[0]=TOOL_TYPE_UNKNOWN, buttonState=0, metaState=0, flags=0x0, edgeFlags=0x0, pointerCount=1, historySize=0, eventTime=802296688, downTime=802296688, deviceId=0, source=0x1002 }
08-05 14:51:20.280 10720 11113 I art     : Starting a blocking GC Explicit
08-05 14:51:20.313 12436 12436 I Input   : injectMotionEvent: MotionEvent { action=ACTION_MOVE, actionButton=0, id[0]=0, x[0]=500.0, y[0]=1650.4, toolType[0]=TOOL_TYPE_UNKNOWN, buttonState=0, metaState=0, flags=0x0, edgeFlags=0x0, pointerCount=1, historySize=0, eventTime=802296726, downTime=802296726, deviceId=0, source=0x1002 }
08-05 14:51:20.320 10720 11113 I art     : Explicit concurrent mark sweep GC freed 25(1072B) AllocSpace objects, 0(0B) LOS objects, 10% free, 135MB/151MB, paused 1.075ms total 39.778ms
08-05 14:51:20.338 10720 11113 I art     : Starting a blocking GC Explicit
08-05 14:51:20.353 12436 12436 I Input   : injectMotionEvent: MotionEvent { action=ACTION_MOVE, actionButton=0, id[0]=0, x[0]=500.0, y[0]=1574.4, toolType[0]=TOOL_TYPE_UNKNOWN, buttonState=0, metaState=0, flags=0x0, edgeFlags=0x0, pointerCount=1, historySize=0, eventTime=802296766, downTime=802296766, deviceId=0, source=0x1002 }
08-05 14:51:20.381 10720 11113 I art     : Explicit concurrent mark sweep GC freed 18(800B) AllocSpace objects, 0(0B) LOS objects, 10% free, 135MB/151MB, paused 1.251ms total 43.054ms
08-05 14:51:20.393 12436 12436 I Input   : injectMotionEvent: MotionEvent { action=ACTION_MOVE, actionButton=0, id[0]=0, x[0]=500.0, y[0]=1498.4, toolType[0]=TOOL_TYPE_UNKNOWN, buttonState=0, metaState=0, flags=0x0, edgeFlags=0x0, pointerCount=1, historySize=0, eventTime=802296806, downTime=802296806, deviceId=0, source=0x1002 }
08-05 14:51:20.429 12436 12436 I Input   : injectMotionEvent: MotionEvent { action=ACTION_MOVE, actionButton=0, id[0]=0, x[0]=500.0, y[0]=1430.0, toolType[0]=TOOL_TYPE_UNKNOWN, buttonState=0, metaState=0, flags=0x0, edgeFlags=0x0, pointerCount=1, historySize=0, eventTime=802296842, downTime=802296842, deviceId=0, source=0x1002 }
08-05 14:51:20.463 12436 12436 I Input   : injectMotionEvent: MotionEvent { action=ACTION_MOVE, actionButton=0, id[0]=0, x[0]=500.0, y[0]=1365.4, toolType[0]=TOOL_TYPE_UNKNOWN, buttonState=0, metaState=0, flags=0x0, edgeFlags=0x0, pointerCount=1, historySize=0, eventTime=802296876, downTime=802296876, deviceId=0, source=0x1002 }
08-05 14:51:20.498 12436 12436 I Input   : injectMotionEvent: MotionEvent { action=ACTION_MOVE, actionButton=0, id[0]=0, x[0]=500.0, y[0]=1298.9, toolType[0]=TOOL_TYPE_UNKNOWN, buttonState=0, metaState=0, flags=0x0, edgeFlags=0x0, pointerCount=1, historySize=0, eventTime=802296911, downTime=802296911, deviceId=0, source=0x1002 }
08-05 14:51:20.533 12436 12436 I Input   : injectMotionEvent: MotionEvent { action=ACTION_MOVE, actionButton=0, id[0]=0, x[0]=500.0, y[0]=1232.3999, toolType[0]=TOOL_TYPE_UNKNOWN, buttonState=0, metaState=0, flags=0x0, edgeFlags=0x0, pointerCount=1, historySize=0, eventTime=802296946, downTime=802296946, deviceId=0, source=0x1002 }
08-05 14:51:20.567 12436 12436 I Input   : injectMotionEvent: MotionEvent { action=ACTION_MOVE, actionButton=0, id[0]=0, x[0]=500.0, y[0]=1167.8, toolType[0]=TOOL_TYPE_UNKNOWN, buttonState=0, metaState=0, flags=0x0, edgeFlags=0x0, pointerCount=1, historySize=0, eventTime=802296980, downTime=802296980, deviceId=0, source=0x1002 }
08-05 14:51:20.602 12436 12436 I Input   : injectMotionEvent: MotionEvent { action=ACTION_MOVE, actionButton=0, id[0]=0, x[0]=500.0, y[0]=1101.3, toolType[0]=TOOL_TYPE_UNKNOWN, buttonState=0, metaState=0, flags=0x0, edgeFlags=0x0, pointerCount=1, historySize=0, eventTime=802297015, downTime=802297015, deviceId=0, source=0x1002 }
08-05 14:51:20.636 12436 12436 I Input   : injectMotionEvent: MotionEvent { action=ACTION_MOVE, actionButton=0, id[0]=0, x[0]=500.0, y[0]=1036.7, toolType[0]=TOOL_TYPE_UNKNOWN, buttonState=0, metaState=0, flags=0x0, edgeFlags=0x0, pointerCount=1, historySize=0, eventTime=802297049, downTime=802297049, deviceId=0, source=0x1002 }
08-05 14:51:20.674 12436 12436 I Input   : injectMotionEvent: MotionEvent { action=ACTION_MOVE, actionButton=0, id[0]=0, x[0]=500.0, y[0]=964.5, toolType[0]=TOOL_TYPE_UNKNOWN, buttonState=0, metaState=0, flags=0x0, edgeFlags=0x0, pointerCount=1, historySize=0, eventTime=802297087, downTime=802297087, deviceId=0, source=0x1002 }
08-05 14:51:20.712 12436 12436 I Input   : injectMotionEvent: MotionEvent { action=ACTION_MOVE, actionButton=0, id[0]=0, x[0]=500.0, y[0]=892.30005, toolType[0]=TOOL_TYPE_UNKNOWN, buttonState=0, metaState=0, flags=0x0, edgeFlags=0x0, pointerCount=1, historySize=0, eventTime=802297125, downTime=802297125, deviceId=0, source=0x1002 }
08-05 14:51:20.753 12436 12436 I Input   : injectMotionEvent: MotionEvent { action=ACTION_MOVE, actionButton=0, id[0]=0, x[0]=500.0, y[0]=814.4, toolType[0]=TOOL_TYPE_UNKNOWN, buttonState=0, metaState=0, flags=0x0, edgeFlags=0x0, pointerCount=1, historySize=0, eventTime=802297166, downTime=802297166, deviceId=0, source=0x1002 }
08-05 14:51:20.780 10720 10733 I art     : Starting a blocking GC Explicit
08-05 14:51:20.795 12436 12436 I Input   : injectMotionEvent: MotionEvent { action=ACTION_MOVE, actionButton=0, id[0]=0, x[0]=500.0, y[0]=734.6, toolType[0]=TOOL_TYPE_UNKNOWN, buttonState=0, metaState=0, flags=0x0, edgeFlags=0x0, pointerCount=1, historySize=0, eventTime=802297208, downTime=802297208, deviceId=0, source=0x1002 }
08-05 14:51:20.823 10720 10733 I art     : Explicit concurrent mark sweep GC freed 1609(92KB) AllocSpace objects, 2(36KB) LOS objects, 10% free, 135MB/151MB, paused 1.222ms total 42.459ms
08-05 14:51:20.834 12436 12436 I Input   : injectMotionEvent: MotionEvent { action=ACTION_MOVE, actionButton=0, id[0]=0, x[0]=500.0, y[0]=660.5, toolType[0]=TOOL_TYPE_UNKNOWN, buttonState=0, metaState=0, flags=0x0, edgeFlags=0x0, pointerCount=1, historySize=0, eventTime=802297247, downTime=802297247, deviceId=0, source=0x1002 }
08-05 14:51:20.841 10720 10733 I art     : Starting a blocking GC Explicit
08-05 14:51:20.876 12436 12436 I Input   : injectMotionEvent: MotionEvent { action=ACTION_MOVE, actionButton=0, id[0]=0, x[0]=500.0, y[0]=578.7999, toolType[0]=TOOL_TYPE_UNKNOWN, buttonState=0, metaState=0, flags=0x0, edgeFlags=0x0, pointerCount=1, historySize=0, eventTime=802297290, downTime=802297290, deviceId=0, source=0x1002 }
08-05 14:51:20.881 10720 10733 I art     : Explicit concurrent mark sweep GC freed 35(1248B) AllocSpace objects, 0(0B) LOS objects, 10% free, 135MB/151MB, paused 1.200ms total 39.773ms
08-05 14:51:20.898 10720 10733 I art     : Starting a blocking GC Explicit
08-05 14:51:20.914 12436 12436 I Input   : injectMotionEvent: MotionEvent { action=ACTION_MOVE, actionButton=0, id[0]=0, x[0]=500.0, y[0]=508.5, toolType[0]=TOOL_TYPE_UNKNOWN, buttonState=0, metaState=0, flags=0x0, edgeFlags=0x0, pointerCount=1, historySize=0, eventTime=802297327, downTime=802297327, deviceId=0, source=0x1002 }
08-05 14:51:20.940 10720 10733 I art     : Explicit concurrent mark sweep GC freed 8(256B) AllocSpace objects, 0(0B) LOS objects, 10% free, 135MB/151MB, paused 1.261ms total 41.841ms
08-05 14:51:20.954 12436 12436 I Input   : injectMotionEvent: MotionEvent { action=ACTION_MOVE, actionButton=0, id[0]=0, x[0]=500.0, y[0]=432.5, toolType[0]=TOOL_TYPE_UNKNOWN, buttonState=0, metaState=0, flags=0x0, edgeFlags=0x0, pointerCount=1, historySize=0, eventTime=802297367, downTime=802297367, deviceId=0, source=0x1002 }
08-05 14:51:20.959 10720 10733 I art     : Starting a blocking GC Explicit
08-05 14:51:20.993 12436 12436 I Input   : injectMotionEvent: MotionEvent { action=ACTION_MOVE, actionButton=0, id[0]=0, x[0]=500.0, y[0]=356.5, toolType[0]=TOOL_TYPE_UNKNOWN, buttonState=0, metaState=0, flags=0x0, edgeFlags=0x0, pointerCount=1, historySize=0, eventTime=802297407, downTime=802297407, deviceId=0, source=0x1002 }
08-05 14:51:21.000 10720 10733 I art     : Explicit concurrent mark sweep GC freed 42(1184B) AllocSpace objects, 0(0B) LOS objects, 10% free, 135MB/151MB, paused 1.132ms total 39.832ms
08-05 14:51:21.017 10720 10733 I art     : Starting a blocking GC Explicit
08-05 14:51:21.034 12436 12436 I Input   : injectMotionEvent: MotionEvent { action=ACTION_MOVE, actionButton=0, id[0]=0, x[0]=500.0, y[0]=278.59998, toolType[0]=TOOL_TYPE_UNKNOWN, buttonState=0, metaState=0, flags=0x0, edgeFlags=0x0, pointerCount=1, historySize=0, eventTime=802297448, downTime=802297448, deviceId=0, source=0x1002 }
08-05 14:51:21.059 10720 10733 I art     : Explicit concurrent mark sweep GC freed 7(224B) AllocSpace objects, 0(0B) LOS objects, 10% free, 135MB/151MB, paused 1.270ms total 41.471ms
08-05 14:51:21.075 12436 12436 I Input   : injectMotionEvent: MotionEvent { action=ACTION_MOVE, actionButton=0, id[0]=0, x[0]=500.0, y[0]=202.6001, toolType[0]=TOOL_TYPE_UNKNOWN, buttonState=0, metaState=0, flags=0x0, edgeFlags=0x0, pointerCount=1, historySize=0, eventTime=802297488, downTime=802297488, deviceId=0, source=0x1002 }
08-05 14:51:21.115 12436 12436 I Input   : injectMotionEvent: MotionEvent { action=ACTION_MOVE, actionButton=0, id[0]=0, x[0]=500.0, y[0]=126.599976, toolType[0]=TOOL_TYPE_UNKNOWN, buttonState=0, metaState=0, flags=0x0, edgeFlags=0x0, pointerCount=1, historySize=0, eventTime=802297528, downTime=802297528, deviceId=0, source=0x1002 }
08-05 14:51:21.154 12436 12436 I Input   : injectMotionEvent: MotionEvent { action=ACTION_UP, actionButton=0, id[0]=0, x[0]=500.0, y[0]=100.0, toolType[0]=TOOL_TYPE_UNKNOWN, buttonState=0, metaState=0, flags=0x0, edgeFlags=0x0, pointerCount=1, historySize=0, eventTime=802297568, downTime=802297568, deviceId=0, source=0x1002 }
08-05 14:51:21.194 12436 12436 D AndroidRuntime: Shutting down VM
08-05 14:51:21.431 10720 10733 I art     : Starting a blocking GC Explicit
08-05 14:51:21.477 10720 10733 I art     : Explicit concurrent mark sweep GC freed 1593(92KB) AllocSpace objects, 2(36KB) LOS objects, 10% free, 135MB/151MB, paused 1.150ms total 45.517ms
08-05 14:51:21.494 10720 10733 I art     : Starting a blocking GC Explicit
08-05 14:51:21.538 10720 10733 I art     : Explicit concurrent mark sweep GC freed 30(1104B) AllocSpace objects, 0(0B) LOS objects, 10% free, 135MB/151MB, paused 1.224ms total 43.188ms
08-05 14:51:21.555 10720 10733 I art     : Starting a blocking GC Explicit
08-05 14:51:21.598 10720 10733 I art     : Explicit concurrent mark sweep GC freed 14(720B) AllocSpace objects, 0(0B) LOS objects, 10% free, 135MB/151MB, paused 1.196ms total 42.795ms
08-05 14:51:21.615 10720 10733 I art     : Starting a blocking GC Explicit
08-05 14:51:21.659 10720 10733 I art     : Explicit concurrent mark sweep GC freed 14(672B) AllocSpace objects, 0(0B) LOS objects, 10% free, 135MB/151MB, paused 1.159ms total 43.192ms
08-05 14:51:21.676 10720 10733 I art     : Starting a blocking GC Explicit
08-05 14:51:21.720 10720 10733 I art     : Explicit concurrent mark sweep GC freed 3(96B) AllocSpace objects, 0(0B) LOS objects, 10% free, 135MB/151MB, paused 1.156ms total 43.726ms
08-05 14:51:21.974 12482 12482 D AndroidRuntime: >>>>>> START com.android.internal.os.RuntimeInit uid 2000 <<<<<<
08-05 14:51:21.980 12482 12482 D AndroidRuntime: CheckJNI is OFF
08-05 14:51:22.023 12482 12482 D ICU     : No timezone override file found: /data/misc/zoneinfo/current/icu/icu_tzdata.dat
08-05 14:51:22.065 12482 12482 I Radio-JNI: register_android_hardware_Radio DONE
08-05 14:51:22.095 12482 12482 D AndroidRuntime: Calling main entry com.android.commands.input.Input
08-05 14:51:22.097 12482 12482 I Input   : injectMotionEvent: MotionEvent { action=ACTION_DOWN, actionButton=0, id[0]=0, x[0]=657.0, y[0]=2080.0, toolType[0]=TOOL_TYPE_UNKNOWN, buttonState=0, metaState=0, flags=0x0, edgeFlags=0x0, pointerCount=1, historySize=0, eventTime=802298510, downTime=802298510, deviceId=0, source=0x1002 }
08-05 14:51:22.102 12482 12482 I Input   : injectMotionEvent: MotionEvent { action=ACTION_UP, actionButton=0, id[0]=0, x[0]=657.0, y[0]=2080.0, toolType[0]=TOOL_TYPE_UNKNOWN, buttonState=0, metaState=0, flags=0x0, edgeFlags=0x0, pointerCount=1, historySize=0, eventTime=802298510, downTime=802298510, deviceId=0, source=0x1002 }
08-05 14:51:22.104 12482 12482 D AndroidRuntime: Shutting down VM
08-05 14:51:22.105   918  5481 I ActivityManager: START u0 {cmp=baseline.io.github.project_travel_mate/.utilities.UpcomingWeekendsActivity} from uid 10674 on display 0
08-05 14:51:22.106   512  2967 D audio_hw_primary: out_set_parameters: enter: usecase(1: low-latency-playback) kvpairs: routing=2
08-05 14:51:22.106 10720 11113 I art     : Starting a blocking GC Explicit
08-05 14:51:22.119   512  2967 D audio_hw_primary: select_devices: out_snd_device(2: speaker) in_snd_device(0: none)
08-05 14:51:22.119   512  2967 D msm8974_platform: platform_send_audio_calibration: sending audio calibration for snd_device(2) acdb_id(15)
08-05 14:51:22.119   512  2967 I soundtrigger: audio_extn_sound_trigger_update_device_status: device 0x2 of type 0 for Event 1
08-05 14:51:22.130   512  2967 D audio_hw_primary: enable_snd_device: snd_device(2: speaker)
08-05 14:51:22.133   512  2967 D audio_hw_primary: enable_audio_route: apply and update mixer path: low-latency-playback speaker
08-05 14:51:22.136 10720 10784 D Gabe    : call	returning from cache
08-05 14:51:22.139 10720 10720 V EXECUTING: https://project-travel-mate.herokuapp.com/api/get-upcoming-holidays/2020
08-05 14:51:22.141 10720 10720 V EXECUTING: https://project-travel-mate.herokuapp.com/api/get-upcoming-holidays/2020
08-05 14:51:22.152 10720 11113 I art     : Explicit concurrent mark sweep GC freed 2337(157KB) AllocSpace objects, 2(36KB) LOS objects, 10% free, 135MB/151MB, paused 1.655ms total 45.068ms
08-05 14:51:22.169 10720 11113 I art     : Starting a blocking GC Explicit
08-05 14:51:22.212 10720 11113 I art     : Explicit concurrent mark sweep GC freed 596(64KB) AllocSpace objects, 0(0B) LOS objects, 10% free, 135MB/151MB, paused 1.210ms total 42.231ms
08-05 14:51:22.228 10720 11113 I art     : Starting a blocking GC Explicit
08-05 14:51:22.245 13866 13866 I GoogleInputMethodServic: GoogleInputMethodService.onFinishInput():3138 
08-05 14:51:22.246 13866 13866 I GoogleInputMethodServic: GoogleInputMethodService.onStartInput():1808 
08-05 14:51:22.273 10720 11113 I art     : Explicit concurrent mark sweep GC freed 614(23KB) AllocSpace objects, 0(0B) LOS objects, 10% free, 139MB/155MB, paused 1.595ms total 44.373ms
08-05 14:51:22.290 10720 11113 I art     : Starting a blocking GC Explicit
08-05 14:51:22.333 10720 11113 I art     : Explicit concurrent mark sweep GC freed 67(2864B) AllocSpace objects, 0(0B) LOS objects, 10% free, 139MB/155MB, paused 1.286ms total 42.715ms
08-05 14:51:22.349   918   936 I ActivityManager: Displayed baseline.io.github.project_travel_mate/.utilities.UpcomingWeekendsActivity: +236ms
08-05 14:51:22.350 10720 11113 I art     : Starting a blocking GC Explicit
08-05 14:51:22.393 10720 11113 I art     : Explicit concurrent mark sweep GC freed 91(1760B) AllocSpace objects, 0(0B) LOS objects, 10% free, 139MB/155MB, paused 1.495ms total 42.566ms
08-05 14:51:22.609   380   380 W SurfaceFlinger: couldn't log to binary event log: overflow.
08-05 14:51:22.668   512  2967 D audio_hw_primary: disable_audio_route: reset and update mixer path: low-latency-playback speaker
08-05 14:51:22.670   512  2967 D audio_hw_primary: disable_snd_device: snd_device(2: speaker)
08-05 14:51:22.677   512  2967 I soundtrigger: audio_extn_sound_trigger_update_device_status: device 0x2 of type 0 for Event 0
08-05 14:51:22.725 10720 12506 I NAPPA_EXPERIMENTATION: MetricNetworkRequestExecutionTime: REQUEST_DURATION_SYSTEM='583',REQUEST_DURATION_OKHTTP='64',REQUEST_SYNCHRONOUS='FALSE',RESPONSE_CODE='200',RESPONSE_METHOD='GET',RESPONSE_LENGTH_OKHTTP='6426',RESPONSE_LENGTH_HEADER='6426',REQUEST_PROTOCOL='http/1.1',REQUEST_URL='https://project-travel-mate.herokuapp.com/api/get-upcoming-holidays/2020',
08-05 14:51:22.730 10720 12505 I NAPPA_EXPERIMENTATION: MetricNetworkRequestExecutionTime: REQUEST_DURATION_SYSTEM='590',REQUEST_DURATION_OKHTTP='68',REQUEST_SYNCHRONOUS='FALSE',RESPONSE_CODE='200',RESPONSE_METHOD='GET',RESPONSE_LENGTH_OKHTTP='6426',RESPONSE_LENGTH_HEADER='6426',REQUEST_PROTOCOL='http/1.1',REQUEST_URL='https://project-travel-mate.herokuapp.com/api/get-upcoming-holidays/2020',
08-05 14:51:22.794 10720 10732 I art     : Starting a blocking GC Explicit
08-05 14:51:22.832 10720 10720 V Response: [{"month":"January","date":1,"day":"Wednesday","name":"New Year's Day","type":"Restricted"},{"month":"January","date":2,"day":"Thursday","name":"Guru Govind Singh Jayanti","type":"Restricted"},{"month":"January","date":14,"day":"Tuesday","name":"Lohri","type":"Restricted"},{"month":"January","date":15,"day":"Wednesday","name":"Pongal","type":"Restricted"},{"month":"January","date":15,"day":"Wednesday","name":"Makar Sankranti","type":"Restricted"},{"month":"January","date":25,"day":"Saturday","name":"Chinese New Year","type":"Observance"},{"month":"January","date":26,"day":"Sunday","name":"Republic Day","type":"Gazetted"},{"month":"January","date":30,"day":"Thursday","name":"Vasant Panchami","type":"Restricted"},{"month":"February","date":9,"day":"Sunday","name":"Guru Ravidas Jayanti","type":"Restricted"},{"month":"February","date":14,"day":"Friday","name":"Valentine's Day","type":"Observance"},{"month":"February","date":18,"day":"Tuesday","name":"Maharishi Dayanand Saraswati Jayanti","type":"Restricted"},{"month":"February","date":19,"day":"Wednesday","name":"Shivaji Jayanti","type":"Restricted"},{"month":"February","date":21,"day":"Friday","name":"Maha Shivaratri/Shivaratri","type":"Gazetted"},{"month":"March","date":9,"day":"Monday","name":"Holika Dahana","type":"Restricted"},{"month":"March","date":9,"day":"Monday","name":"Hazarat Ali's Birthday","type":"Restricted"},{"month":"March","date":10,"day":"Tuesday","name":"Holi","type":"Gazetted"},{"month":"March","date":20,"day":"Friday","name":"March Equinox","type":"Season"},{"month":"March","date":25,"day":"Wednesday","name":"Chaitra Sukhladi","type":"Restricted"},{"month":"April","date":2,"day":"Thursday","name":"Rama Navami","type":"Gazetted"},{"month":"April","date":6,"day":"Monday","name":"Mahavir Jayanti","type":"Gazetted"},{"month":"April","date":9,"day":"Thursday","name":"First day of Passover","type":"Observance"},{"month":"April","date":9,"day":"Thursday","name":"Maundy Thursday","type":"Observance,"},{"month":"April","date":10,"day":"Friday","name":"Good Friday","type":"Gazetted"},{"month":"April","date":12,"day":"Sunday","name":"Easter Day","type":"Restricted"},{"month":"April","date":13,"day":"Monday","name":"Vaisakhi","type":"Restricted"},{"month":"April","date":14,"day":"Tuesday","name":"Mesadi/Vaisakhadi","type":"Restricted"},{"month":"April","date":14,"day":"Tuesday","name":"Ambedkar Jayanti","type":"Central"},{"month":"May","date":1,"day":"Friday","name":"May Day","type":"Observance"},{"month":"May","date":7,"day":"Thursday","name":"Buddha Purnima/Vesak","type":"Gazetted"},{"month":"May","date":7,"day":"Thursday","name":"Birthday of Ravindranath","type":"Restricted"},{"month":"May","date":10,"day":"Sunday","name":"Mother's Day","type":"Observance"},{"month":"May","date":22,"day":"Friday","name":"Jamat Ul-Vida","type":"Restricted"},{"month":"May","date":25,"day":"Monday","name":"Ramzan Id/Eid-ul-Fitar","type":"Gazetted"},{"month":"May","date":25,"day":"Monday","name":"Ramzan Id/Eid-ul-Fitar","type":"Muslim,"},{"month":"June","date":21,"day":"Sunday","name":"June Solstice","type":"Season"},{"month":"June","date":21,"day":"Sunday","name":"Father's Day","type":"Observance"},{"month":"June","date":23,"day":"Tuesday","name":"Rath Yatra","type":"Restricted"},{"month":"July","date":5,"day":"Sunday","name":"Guru Purnima","type":"Observance"},{"month":"July","date":31,"day":"Friday","name":"Bakr Id/Eid ul-Adha","type":"Gazetted"},{"month":"August","date":2,"day":"Sunday","name":"Friendship Day","type":"Observance"},{"month":"August","date":3,"day":"Monday","name":"Raksha Bandhan (Rakhi)","type":"Restricted"},{"month":"August","date":11,"day":"Tuesday","name":"Janmashtami (Smarta)","type":"Restricted"},{"month":"August","date":12,"day":"Wednesday","name":"Janmashtami","type":"Gazetted"},{"month":"August","date":15,"day":"Saturday","name":"Independence Day","type":"Gazetted"},{"month":"August","date":16,"day":"Sunday","name":"Parsi New Year","type":"Restricted"},{"month":"August","date":22,"day":"Saturday","name":"Ganesh Chaturthi/Vin
08-05 14:51:22.838 10720 10732 I art     : Explicit concurrent mark sweep GC freed 8109(408KB) AllocSpace objects, 11(484KB) LOS objects, 10% free, 140MB/156MB, paused 1.371ms total 44.477ms
08-05 14:51:22.840 10720 10720 V Response: [{"month":"January","date":1,"day":"Wednesday","name":"New Year's Day","type":"Restricted"},{"month":"January","date":2,"day":"Thursday","name":"Guru Govind Singh Jayanti","type":"Restricted"},{"month":"January","date":14,"day":"Tuesday","name":"Lohri","type":"Restricted"},{"month":"January","date":15,"day":"Wednesday","name":"Pongal","type":"Restricted"},{"month":"January","date":15,"day":"Wednesday","name":"Makar Sankranti","type":"Restricted"},{"month":"January","date":25,"day":"Saturday","name":"Chinese New Year","type":"Observance"},{"month":"January","date":26,"day":"Sunday","name":"Republic Day","type":"Gazetted"},{"month":"January","date":30,"day":"Thursday","name":"Vasant Panchami","type":"Restricted"},{"month":"February","date":9,"day":"Sunday","name":"Guru Ravidas Jayanti","type":"Restricted"},{"month":"February","date":14,"day":"Friday","name":"Valentine's Day","type":"Observance"},{"month":"February","date":18,"day":"Tuesday","name":"Maharishi Dayanand Saraswati Jayanti","type":"Restricted"},{"month":"February","date":19,"day":"Wednesday","name":"Shivaji Jayanti","type":"Restricted"},{"month":"February","date":21,"day":"Friday","name":"Maha Shivaratri/Shivaratri","type":"Gazetted"},{"month":"March","date":9,"day":"Monday","name":"Holika Dahana","type":"Restricted"},{"month":"March","date":9,"day":"Monday","name":"Hazarat Ali's Birthday","type":"Restricted"},{"month":"March","date":10,"day":"Tuesday","name":"Holi","type":"Gazetted"},{"month":"March","date":20,"day":"Friday","name":"March Equinox","type":"Season"},{"month":"March","date":25,"day":"Wednesday","name":"Chaitra Sukhladi","type":"Restricted"},{"month":"April","date":2,"day":"Thursday","name":"Rama Navami","type":"Gazetted"},{"month":"April","date":6,"day":"Monday","name":"Mahavir Jayanti","type":"Gazetted"},{"month":"April","date":9,"day":"Thursday","name":"First day of Passover","type":"Observance"},{"month":"April","date":9,"day":"Thursday","name":"Maundy Thursday","type":"Observance,"},{"month":"April","date":10,"day":"Friday","name":"Good Friday","type":"Gazetted"},{"month":"April","date":12,"day":"Sunday","name":"Easter Day","type":"Restricted"},{"month":"April","date":13,"day":"Monday","name":"Vaisakhi","type":"Restricted"},{"month":"April","date":14,"day":"Tuesday","name":"Mesadi/Vaisakhadi","type":"Restricted"},{"month":"April","date":14,"day":"Tuesday","name":"Ambedkar Jayanti","type":"Central"},{"month":"May","date":1,"day":"Friday","name":"May Day","type":"Observance"},{"month":"May","date":7,"day":"Thursday","name":"Buddha Purnima/Vesak","type":"Gazetted"},{"month":"May","date":7,"day":"Thursday","name":"Birthday of Ravindranath","type":"Restricted"},{"month":"May","date":10,"day":"Sunday","name":"Mother's Day","type":"Observance"},{"month":"May","date":22,"day":"Friday","name":"Jamat Ul-Vida","type":"Restricted"},{"month":"May","date":25,"day":"Monday","name":"Ramzan Id/Eid-ul-Fitar","type":"Gazetted"},{"month":"May","date":25,"day":"Monday","name":"Ramzan Id/Eid-ul-Fitar","type":"Muslim,"},{"month":"June","date":21,"day":"Sunday","name":"June Solstice","type":"Season"},{"month":"June","date":21,"day":"Sunday","name":"Father's Day","type":"Observance"},{"month":"June","date":23,"day":"Tuesday","name":"Rath Yatra","type":"Restricted"},{"month":"July","date":5,"day":"Sunday","name":"Guru Purnima","type":"Observance"},{"month":"July","date":31,"day":"Friday","name":"Bakr Id/Eid ul-Adha","type":"Gazetted"},{"month":"August","date":2,"day":"Sunday","name":"Friendship Day","type":"Observance"},{"month":"August","date":3,"day":"Monday","name":"Raksha Bandhan (Rakhi)","type":"Restricted"},{"month":"August","date":11,"day":"Tuesday","name":"Janmashtami (Smarta)","type":"Restricted"},{"month":"August","date":12,"day":"Wednesday","name":"Janmashtami","type":"Gazetted"},{"month":"August","date":15,"day":"Saturday","name":"Independence Day","type":"Gazetted"},{"month":"August","date":16,"day":"Sunday","name":"Parsi New Year","type":"Restricted"},{"month":"August","date":22,"day":"Saturday","name":"Ganesh Chaturthi/Vin
08-05 14:51:22.856 10720 10732 I art     : Starting a blocking GC Explicit
08-05 14:51:22.900 10720 10732 I art     : Explicit concurrent mark sweep GC freed 10146(571KB) AllocSpace objects, 0(0B) LOS objects, 10% free, 140MB/156MB, paused 1.552ms total 44.204ms
08-05 14:51:22.919 10720 10732 I art     : Starting a blocking GC Explicit
08-05 14:51:22.967 10720 10732 I art     : Explicit concurrent mark sweep GC freed 834(29KB) AllocSpace objects, 1(4MB) LOS objects, 10% free, 136MB/152MB, paused 1.228ms total 47.378ms
08-05 14:51:22.984 10720 10732 I art     : Starting a blocking GC Explicit
08-05 14:51:23.029 10720 10732 I art     : Explicit concurrent mark sweep GC freed 151(3KB) AllocSpace objects, 0(0B) LOS objects, 10% free, 136MB/152MB, paused 1.236ms total 45.425ms
08-05 14:51:23.047 10720 10732 I art     : Starting a blocking GC Explicit
08-05 14:51:23.093 10720 10732 I art     : Explicit concurrent mark sweep GC freed 76(1328B) AllocSpace objects, 0(0B) LOS objects, 10% free, 136MB/152MB, paused 1.193ms total 45.697ms
08-05 14:51:23.488 10720 10789 I art     : Starting a blocking GC Explicit
08-05 14:51:23.535 10720 10789 I art     : Explicit concurrent mark sweep GC freed 2242(103KB) AllocSpace objects, 2(36KB) LOS objects, 10% free, 136MB/152MB, paused 1.137ms total 46.919ms
08-05 14:51:23.553 10720 10789 I art     : Starting a blocking GC Explicit
08-05 14:51:23.599 10720 10789 I art     : Explicit concurrent mark sweep GC freed 142(3KB) AllocSpace objects, 0(0B) LOS objects, 10% free, 136MB/152MB, paused 1.174ms total 46.527ms
08-05 14:51:23.617 10720 10789 I art     : Starting a blocking GC Explicit
08-05 14:51:23.667 10720 10789 I art     : Explicit concurrent mark sweep GC freed 99(1696B) AllocSpace objects, 0(0B) LOS objects, 10% free, 136MB/152MB, paused 1.173ms total 49.174ms
08-05 14:51:23.674 10696 10696 I Atfwd_Sendcmd: AtCmdFwd service not ready - Exhausted retry attempts - :6
08-05 14:51:23.674 10696 10696 I Atfwd_Daemon: result : -1 	 ,Init step :2 	 ,qmiErrorCode: 0
08-05 14:51:23.685 10720 10789 I art     : Starting a blocking GC Explicit
08-05 14:51:23.739 10720 10789 I art     : Explicit concurrent mark sweep GC freed 99(1696B) AllocSpace objects, 0(0B) LOS objects, 10% free, 136MB/152MB, paused 1.129ms total 52.888ms
08-05 14:51:23.760 10720 10789 I art     : Starting a blocking GC Explicit
08-05 14:51:23.811 10720 10789 I art     : Explicit concurrent mark sweep GC freed 98(1664B) AllocSpace objects, 0(0B) LOS objects, 10% free, 136MB/152MB, paused 1.185ms total 50.209ms
08-05 14:51:24.261 10720 11113 I art     : Starting a blocking GC Explicit
08-05 14:51:24.315 10720 11113 I art     : Explicit concurrent mark sweep GC freed 2349(104KB) AllocSpace objects, 2(36KB) LOS objects, 10% free, 136MB/152MB, paused 1.278ms total 53.388ms
08-05 14:51:24.336 10720 11113 I art     : Starting a blocking GC Explicit
08-05 14:51:24.385 10720 11113 I art     : Explicit concurrent mark sweep GC freed 133(2784B) AllocSpace objects, 0(0B) LOS objects, 10% free, 136MB/152MB, paused 1.201ms total 48.876ms
08-05 14:51:24.403 10720 11113 I art     : Starting a blocking GC Explicit
08-05 14:51:24.454 10720 11113 I art     : Explicit concurrent mark sweep GC freed 100(1728B) AllocSpace objects, 0(0B) LOS objects, 10% free, 136MB/152MB, paused 1.167ms total 50.929ms
08-05 14:51:24.472 10720 11113 I art     : Starting a blocking GC Explicit
08-05 14:51:24.520 10720 11113 I art     : Explicit concurrent mark sweep GC freed 99(1696B) AllocSpace objects, 0(0B) LOS objects, 10% free, 136MB/152MB, paused 1.175ms total 48.108ms
08-05 14:51:24.539 10720 11113 I art     : Starting a blocking GC Explicit
08-05 14:51:24.591 10720 11113 I art     : Explicit concurrent mark sweep GC freed 110(2320B) AllocSpace objects, 0(0B) LOS objects, 10% free, 136MB/152MB, paused 1.147ms total 51.804ms
08-05 14:51:24.992 10720 12263 I art     : Starting a blocking GC Explicit
08-05 14:51:25.047 10720 12263 I art     : Explicit concurrent mark sweep GC freed 2277(103KB) AllocSpace objects, 2(36KB) LOS objects, 10% free, 136MB/152MB, paused 1.230ms total 55.321ms
08-05 14:51:25.068 10720 12263 I art     : Starting a blocking GC Explicit
08-05 14:51:25.117 10720 12263 I art     : Explicit concurrent mark sweep GC freed 134(2784B) AllocSpace objects, 0(0B) LOS objects, 10% free, 136MB/152MB, paused 1.329ms total 49.010ms
08-05 14:51:25.135 10720 12263 I art     : Starting a blocking GC Explicit
08-05 14:51:25.186 10720 12263 I art     : Explicit concurrent mark sweep GC freed 108(1856B) AllocSpace objects, 0(0B) LOS objects, 10% free, 136MB/152MB, paused 1.159ms total 50.577ms
08-05 14:51:25.204 10720 12263 I art     : Starting a blocking GC Explicit
08-05 14:51:25.253 10720 12263 I art     : Explicit concurrent mark sweep GC freed 98(1664B) AllocSpace objects, 0(0B) LOS objects, 10% free, 136MB/152MB, paused 1.112ms total 48.889ms
08-05 14:51:25.271 10720 12263 I art     : Starting a blocking GC Explicit
08-05 14:51:25.325 10720 12263 I art     : Explicit concurrent mark sweep GC freed 101(1760B) AllocSpace objects, 0(0B) LOS objects, 10% free, 136MB/152MB, paused 1.186ms total 52.827ms
08-05 14:51:25.733 10720 10733 I art     : Starting a blocking GC Explicit
08-05 14:51:25.786 10720 10733 I art     : Explicit concurrent mark sweep GC freed 2253(102KB) AllocSpace objects, 2(36KB) LOS objects, 10% free, 136MB/152MB, paused 1.193ms total 52.216ms
08-05 14:51:25.804 10720 10733 I art     : Starting a blocking GC Explicit
08-05 14:51:25.855 10720 10733 I art     : Explicit concurrent mark sweep GC freed 125(2656B) AllocSpace objects, 0(0B) LOS objects, 10% free, 136MB/152MB, paused 1.077ms total 50.410ms
08-05 14:51:25.873 10720 10733 I art     : Starting a blocking GC Explicit
08-05 14:51:25.926 10720 10733 I art     : Explicit concurrent mark sweep GC freed 99(1696B) AllocSpace objects, 0(0B) LOS objects, 10% free, 136MB/152MB, paused 1.222ms total 53.279ms
08-05 14:51:25.945 10720 10733 I art     : Starting a blocking GC Explicit
08-05 14:51:25.997 10720 10733 I art     : Explicit concurrent mark sweep GC freed 130(2528B) AllocSpace objects, 0(0B) LOS objects, 10% free, 136MB/152MB, paused 1.130ms total 51.721ms
08-05 14:51:26.015 10720 10733 I art     : Starting a blocking GC Explicit
08-05 14:51:26.068 10720 10733 I art     : Explicit concurrent mark sweep GC freed 109(1856B) AllocSpace objects, 0(0B) LOS objects, 10% free, 136MB/152MB, paused 1.424ms total 52.509ms
08-05 14:51:26.493 10720 10732 I art     : Starting a blocking GC Explicit
08-05 14:51:26.546 10720 10732 I art     : Explicit concurrent mark sweep GC freed 2280(103KB) AllocSpace objects, 2(36KB) LOS objects, 10% free, 136MB/152MB, paused 1.155ms total 52.695ms
08-05 14:51:26.565 10720 10732 I art     : Starting a blocking GC Explicit
08-05 14:51:26.614 10720 10732 I art     : Explicit concurrent mark sweep GC freed 133(3KB) AllocSpace objects, 0(0B) LOS objects, 10% free, 136MB/152MB, paused 1.351ms total 48.918ms
08-05 14:51:26.633 10720 10732 I art     : Starting a blocking GC Explicit
08-05 14:51:26.684 10720 10732 I art     : Explicit concurrent mark sweep GC freed 110(1888B) AllocSpace objects, 0(0B) LOS objects, 10% free, 136MB/152MB, paused 1.345ms total 51.216ms
08-05 14:51:26.703 10720 10732 I art     : Starting a blocking GC Explicit
08-05 14:51:26.755 10720 10732 I art     : Explicit concurrent mark sweep GC freed 113(1936B) AllocSpace objects, 0(0B) LOS objects, 10% free, 136MB/152MB, paused 1.188ms total 51.560ms
08-05 14:51:26.773 10720 10732 I art     : Starting a blocking GC Explicit
08-05 14:51:26.823 10720 10732 I art     : Explicit concurrent mark sweep GC freed 99(1696B) AllocSpace objects, 0(0B) LOS objects, 10% free, 136MB/152MB, paused 1.163ms total 49.919ms
08-05 14:51:26.898 12571 12571 D AndroidRuntime: >>>>>> START com.android.internal.os.RuntimeInit uid 2000 <<<<<<
08-05 14:51:26.904 12571 12571 D AndroidRuntime: CheckJNI is OFF
08-05 14:51:26.948 12571 12571 D ICU     : No timezone override file found: /data/misc/zoneinfo/current/icu/icu_tzdata.dat
08-05 14:51:26.991 12571 12571 I Radio-JNI: register_android_hardware_Radio DONE
08-05 14:51:27.020 12571 12571 D AndroidRuntime: Calling main entry com.android.commands.input.Input
08-05 14:51:27.022 12571 12571 I Input   : injectKeyEvent: KeyEvent { action=ACTION_DOWN, keyCode=KEYCODE_BACK, scanCode=0, metaState=0, flags=0x0, repeatCount=0, eventTime=802303435, downTime=802303435, deviceId=-1, source=0x101 }
08-05 14:51:27.028 12571 12571 I Input   : injectKeyEvent: KeyEvent { action=ACTION_UP, keyCode=KEYCODE_BACK, scanCode=0, metaState=0, flags=0x0, repeatCount=0, eventTime=802303435, downTime=802303435, deviceId=-1, source=0x101 }
08-05 14:51:27.036 12571 12571 D AndroidRuntime: Shutting down VM
08-05 14:51:27.047 10720 10720 V MainActivity: url = https://project-travel-mate.herokuapp.com/api/number-of-unread-notifications
08-05 14:51:27.077 13866 13866 I GoogleInputMethodServic: GoogleInputMethodService.onFinishInput():3138 
08-05 14:51:27.079 13866 13866 I GoogleInputMethodServic: GoogleInputMethodService.onStartInput():1808 
08-05 14:51:27.228 10720 10732 I art     : Starting a blocking GC Explicit
08-05 14:51:27.280 10720 10732 I art     : Explicit concurrent mark sweep GC freed 2623(122KB) AllocSpace objects, 2(36KB) LOS objects, 10% free, 136MB/152MB, paused 1.245ms total 51.857ms
08-05 14:51:27.303 10720 10732 I art     : Starting a blocking GC Explicit
08-05 14:51:27.361 10720 10732 I art     : Explicit concurrent mark sweep GC freed 214(5KB) AllocSpace objects, 0(0B) LOS objects, 10% free, 136MB/152MB, paused 1.310ms total 57.866ms
08-05 14:51:27.383 10720 10732 I art     : Starting a blocking GC Explicit
08-05 14:51:27.413   380   380 W SurfaceFlinger: couldn't log to binary event log: overflow.
08-05 14:51:27.432 10720 10732 I art     : Explicit concurrent mark sweep GC freed 115(2400B) AllocSpace objects, 0(0B) LOS objects, 10% free, 136MB/152MB, paused 1.101ms total 48.674ms
08-05 14:51:27.451 10720 10732 I art     : Starting a blocking GC Explicit
08-05 14:51:27.496 10720 10732 I art     : Explicit concurrent mark sweep GC freed 13(496B) AllocSpace objects, 1(188KB) LOS objects, 10% free, 136MB/152MB, paused 1.206ms total 45.239ms
08-05 14:51:27.514 10720 10732 I art     : Starting a blocking GC Explicit
08-05 14:51:27.562 10720 10732 I art     : Explicit concurrent mark sweep GC freed 1036(49KB) AllocSpace objects, 0(0B) LOS objects, 10% free, 136MB/152MB, paused 1.276ms total 47.320ms
08-05 14:51:27.563   918  3261 D WifiStateMachine: starting scan for "H369AA63323"WPA_PSK with 2412,5180
08-05 14:51:27.824 10720 12590 I NAPPA_EXPERIMENTATION: MetricNetworkRequestExecutionTime: REQUEST_DURATION_SYSTEM='776',REQUEST_DURATION_OKHTTP='39',REQUEST_SYNCHRONOUS='FALSE',RESPONSE_CODE='200',RESPONSE_METHOD='GET',RESPONSE_LENGTH_OKHTTP='36',RESPONSE_LENGTH_HEADER='36',REQUEST_PROTOCOL='http/1.1',REQUEST_URL='https://project-travel-mate.herokuapp.com/api/number-of-unread-notifications',
08-05 14:51:27.951 10720 11113 I art     : Starting a blocking GC Explicit
08-05 14:51:28.019 10720 11113 I art     : Explicit concurrent mark sweep GC freed 10044(553KB) AllocSpace objects, 18(500KB) LOS objects, 10% free, 135MB/151MB, paused 1.287ms total 66.645ms
08-05 14:51:28.041 10720 11113 I art     : Starting a blocking GC Explicit
08-05 14:51:28.086 10720 11113 I art     : Explicit concurrent mark sweep GC freed 972(117KB) AllocSpace objects, 0(0B) LOS objects, 10% free, 135MB/151MB, paused 1.138ms total 44.882ms
08-05 14:51:28.104 10720 11113 I art     : Starting a blocking GC Explicit
08-05 14:51:28.151 10720 11113 I art     : Explicit concurrent mark sweep GC freed 3(96B) AllocSpace objects, 0(0B) LOS objects, 10% free, 135MB/151MB, paused 1.162ms total 46.353ms
08-05 14:51:28.169 10720 11113 I art     : Starting a blocking GC Explicit
08-05 14:51:28.217 10720 11113 I art     : Explicit concurrent mark sweep GC freed 3(96B) AllocSpace objects, 0(0B) LOS objects, 10% free, 135MB/151MB, paused 1.222ms total 48.026ms
08-05 14:51:28.239 10720 11113 I art     : Starting a blocking GC Explicit
08-05 14:51:28.284 10720 11113 I art     : Explicit concurrent mark sweep GC freed 3(96B) AllocSpace objects, 0(0B) LOS objects, 10% free, 135MB/151MB, paused 1.050ms total 44.812ms
08-05 14:51:28.669 10720 10789 I art     : Starting a blocking GC Explicit
08-05 14:51:28.674 10696 10696 I ServiceManager: Waiting for service AtCmdFwd...
08-05 14:51:28.715 10720 10789 I art     : Explicit concurrent mark sweep GC freed 1584(92KB) AllocSpace objects, 2(36KB) LOS objects, 10% free, 135MB/151MB, paused 1.129ms total 45.338ms
08-05 14:51:28.732 10720 10789 I art     : Starting a blocking GC Explicit
08-05 14:51:28.773 10720 10789 I art     : Explicit concurrent mark sweep GC freed 32(1152B) AllocSpace objects, 0(0B) LOS objects, 10% free, 135MB/151MB, paused 1.107ms total 40.415ms
08-05 14:51:28.793 10720 10789 I art     : Starting a blocking GC Explicit
08-05 14:51:28.803 12606 12606 D AndroidRuntime: >>>>>> START com.android.internal.os.RuntimeInit uid 2000 <<<<<<
08-05 14:51:28.808 12606 12606 D AndroidRuntime: CheckJNI is OFF
08-05 14:51:28.835 10720 10789 I art     : Explicit concurrent mark sweep GC freed 7(224B) AllocSpace objects, 0(0B) LOS objects, 10% free, 135MB/151MB, paused 1.148ms total 41.125ms
08-05 14:51:28.849 12606 12606 D ICU     : No timezone override file found: /data/misc/zoneinfo/current/icu/icu_tzdata.dat
08-05 14:51:28.852 10720 10789 I art     : Starting a blocking GC Explicit
08-05 14:51:28.888 12606 12606 I Radio-JNI: register_android_hardware_Radio DONE
08-05 14:51:28.894 10720 10789 I art     : Explicit concurrent mark sweep GC freed 5(160B) AllocSpace objects, 0(0B) LOS objects, 10% free, 135MB/151MB, paused 1.201ms total 41.924ms
08-05 14:51:28.911 10720 10789 I art     : Starting a blocking GC Explicit
08-05 14:51:28.916 12606 12606 D AndroidRuntime: Calling main entry com.android.commands.input.Input
08-05 14:51:28.918 12606 12606 I Input   : injectMotionEvent: MotionEvent { action=ACTION_DOWN, actionButton=0, id[0]=0, x[0]=657.0, y[0]=2080.0, toolType[0]=TOOL_TYPE_UNKNOWN, buttonState=0, metaState=0, flags=0x0, edgeFlags=0x0, pointerCount=1, historySize=0, eventTime=802305331, downTime=802305331, deviceId=0, source=0x1002 }
08-05 14:51:28.931 12606 12606 I Input   : injectMotionEvent: MotionEvent { action=ACTION_UP, actionButton=0, id[0]=0, x[0]=657.0, y[0]=2080.0, toolType[0]=TOOL_TYPE_UNKNOWN, buttonState=0, metaState=0, flags=0x0, edgeFlags=0x0, pointerCount=1, historySize=0, eventTime=802305331, downTime=802305331, deviceId=0, source=0x1002 }
08-05 14:51:28.953 10720 10789 I art     : Explicit concurrent mark sweep GC freed 36(992B) AllocSpace objects, 0(0B) LOS objects, 10% free, 135MB/151MB, paused 1.475ms total 41.320ms
08-05 14:51:28.970 12606 12606 D AndroidRuntime: Shutting down VM
08-05 14:51:29.003   918  4413 I ActivityManager: START u0 {cmp=baseline.io.github.project_travel_mate/.utilities.UpcomingWeekendsActivity} from uid 10674 on display 0
08-05 14:51:29.004   512  2967 D audio_hw_primary: out_set_parameters: enter: usecase(1: low-latency-playback) kvpairs: routing=2
08-05 14:51:29.017   512  2967 D audio_hw_primary: select_devices: out_snd_device(2: speaker) in_snd_device(0: none)
08-05 14:51:29.017   512  2967 D msm8974_platform: platform_send_audio_calibration: sending audio calibration for snd_device(2) acdb_id(15)
08-05 14:51:29.017   512  2967 I soundtrigger: audio_extn_sound_trigger_update_device_status: device 0x2 of type 0 for Event 1
08-05 14:51:29.027   512  2967 D audio_hw_primary: enable_snd_device: snd_device(2: speaker)
08-05 14:51:29.028 10720 10784 D Gabe    : call	returning from cache
08-05 14:51:29.030   512  2967 D audio_hw_primary: enable_audio_route: apply and update mixer path: low-latency-playback speaker
08-05 14:51:29.030 10720 10720 V EXECUTING: https://project-travel-mate.herokuapp.com/api/get-upcoming-holidays/2020
08-05 14:51:29.032 10720 10720 V EXECUTING: https://project-travel-mate.herokuapp.com/api/get-upcoming-holidays/2020
08-05 14:51:29.116 13866 13866 I GoogleInputMethodServic: GoogleInputMethodService.onFinishInput():3138 
08-05 14:51:29.118 13866 13866 I GoogleInputMethodServic: GoogleInputMethodService.onStartInput():1808 
08-05 14:51:29.208   918   936 I ActivityManager: Displayed baseline.io.github.project_travel_mate/.utilities.UpcomingWeekendsActivity: +198ms
08-05 14:51:29.229   518   646 I ThermalEngine: ACTION: GPU - Setting GPU[0] to 510000000
08-05 14:51:29.307 10720 10733 I art     : Starting a blocking GC Explicit
08-05 14:51:29.346 10720 10733 I art     : Explicit concurrent mark sweep GC freed 3412(191KB) AllocSpace objects, 2(36KB) LOS objects, 10% free, 140MB/156MB, paused 1.382ms total 38.700ms
08-05 14:51:29.359 10720 10733 I art     : Starting a blocking GC Explicit
08-05 14:51:29.392 10720 10733 I art     : Explicit concurrent mark sweep GC freed 358(13KB) AllocSpace objects, 0(0B) LOS objects, 10% free, 140MB/156MB, paused 862us total 32.637ms
08-05 14:51:29.405 10720 10733 I art     : Starting a blocking GC Explicit
08-05 14:51:29.444 10720 10733 I art     : Explicit concurrent mark sweep GC freed 97(2720B) AllocSpace objects, 0(0B) LOS objects, 10% free, 140MB/156MB, paused 919us total 38.682ms
08-05 14:51:29.449   380   380 W SurfaceFlinger: couldn't log to binary event log: overflow.
08-05 14:51:29.460 10720 10733 I art     : Starting a blocking GC Explicit
08-05 14:51:29.495 10720 10733 I art     : Explicit concurrent mark sweep GC freed 1562(119KB) AllocSpace objects, 2(120KB) LOS objects, 10% free, 140MB/156MB, paused 1.243ms total 34.384ms
08-05 14:51:29.508 10720 10733 I art     : Starting a blocking GC Explicit
08-05 14:51:29.543 10720 10733 I art     : Explicit concurrent mark sweep GC freed 4262(215KB) AllocSpace objects, 4(280KB) LOS objects, 10% free, 140MB/156MB, paused 870us total 34.634ms
08-05 14:51:29.557 10720 12631 I NAPPA_EXPERIMENTATION: MetricNetworkRequestExecutionTime: REQUEST_DURATION_SYSTEM='526',REQUEST_DURATION_OKHTTP='44',REQUEST_SYNCHRONOUS='FALSE',RESPONSE_CODE='200',RESPONSE_METHOD='GET',RESPONSE_LENGTH_OKHTTP='6426',RESPONSE_LENGTH_HEADER='6426',REQUEST_PROTOCOL='http/1.1',REQUEST_URL='https://project-travel-mate.herokuapp.com/api/get-upcoming-holidays/2020',
08-05 14:51:29.560 10720 10720 V Response: [{"month":"January","date":1,"day":"Wednesday","name":"New Year's Day","type":"Restricted"},{"month":"January","date":2,"day":"Thursday","name":"Guru Govind Singh Jayanti","type":"Restricted"},{"month":"January","date":14,"day":"Tuesday","name":"Lohri","type":"Restricted"},{"month":"January","date":15,"day":"Wednesday","name":"Pongal","type":"Restricted"},{"month":"January","date":15,"day":"Wednesday","name":"Makar Sankranti","type":"Restricted"},{"month":"January","date":25,"day":"Saturday","name":"Chinese New Year","type":"Observance"},{"month":"January","date":26,"day":"Sunday","name":"Republic Day","type":"Gazetted"},{"month":"January","date":30,"day":"Thursday","name":"Vasant Panchami","type":"Restricted"},{"month":"February","date":9,"day":"Sunday","name":"Guru Ravidas Jayanti","type":"Restricted"},{"month":"February","date":14,"day":"Friday","name":"Valentine's Day","type":"Observance"},{"month":"February","date":18,"day":"Tuesday","name":"Maharishi Dayanand Saraswati Jayanti","type":"Restricted"},{"month":"February","date":19,"day":"Wednesday","name":"Shivaji Jayanti","type":"Restricted"},{"month":"February","date":21,"day":"Friday","name":"Maha Shivaratri/Shivaratri","type":"Gazetted"},{"month":"March","date":9,"day":"Monday","name":"Holika Dahana","type":"Restricted"},{"month":"March","date":9,"day":"Monday","name":"Hazarat Ali's Birthday","type":"Restricted"},{"month":"March","date":10,"day":"Tuesday","name":"Holi","type":"Gazetted"},{"month":"March","date":20,"day":"Friday","name":"March Equinox","type":"Season"},{"month":"March","date":25,"day":"Wednesday","name":"Chaitra Sukhladi","type":"Restricted"},{"month":"April","date":2,"day":"Thursday","name":"Rama Navami","type":"Gazetted"},{"month":"April","date":6,"day":"Monday","name":"Mahavir Jayanti","type":"Gazetted"},{"month":"April","date":9,"day":"Thursday","name":"First day of Passover","type":"Observance"},{"month":"April","date":9,"day":"Thursday","name":"Maundy Thursday","type":"Observance,"},{"month":"April","date":10,"day":"Friday","name":"Good Friday","type":"Gazetted"},{"month":"April","date":12,"day":"Sunday","name":"Easter Day","type":"Restricted"},{"month":"April","date":13,"day":"Monday","name":"Vaisakhi","type":"Restricted"},{"month":"April","date":14,"day":"Tuesday","name":"Mesadi/Vaisakhadi","type":"Restricted"},{"month":"April","date":14,"day":"Tuesday","name":"Ambedkar Jayanti","type":"Central"},{"month":"May","date":1,"day":"Friday","name":"May Day","type":"Observance"},{"month":"May","date":7,"day":"Thursday","name":"Buddha Purnima/Vesak","type":"Gazetted"},{"month":"May","date":7,"day":"Thursday","name":"Birthday of Ravindranath","type":"Restricted"},{"month":"May","date":10,"day":"Sunday","name":"Mother's Day","type":"Observance"},{"month":"May","date":22,"day":"Friday","name":"Jamat Ul-Vida","type":"Restricted"},{"month":"May","date":25,"day":"Monday","name":"Ramzan Id/Eid-ul-Fitar","type":"Gazetted"},{"month":"May","date":25,"day":"Monday","name":"Ramzan Id/Eid-ul-Fitar","type":"Muslim,"},{"month":"June","date":21,"day":"Sunday","name":"June Solstice","type":"Season"},{"month":"June","date":21,"day":"Sunday","name":"Father's Day","type":"Observance"},{"month":"June","date":23,"day":"Tuesday","name":"Rath Yatra","type":"Restricted"},{"month":"July","date":5,"day":"Sunday","name":"Guru Purnima","type":"Observance"},{"month":"July","date":31,"day":"Friday","name":"Bakr Id/Eid ul-Adha","type":"Gazetted"},{"month":"August","date":2,"day":"Sunday","name":"Friendship Day","type":"Observance"},{"month":"August","date":3,"day":"Monday","name":"Raksha Bandhan (Rakhi)","type":"Restricted"},{"month":"August","date":11,"day":"Tuesday","name":"Janmashtami (Smarta)","type":"Restricted"},{"month":"August","date":12,"day":"Wednesday","name":"Janmashtami","type":"Gazetted"},{"month":"August","date":15,"day":"Saturday","name":"Independence Day","type":"Gazetted"},{"month":"August","date":16,"day":"Sunday","name":"Parsi New Year","type":"Restricted"},{"month":"August","date":22,"day":"Saturday","name":"Ganesh Chaturthi/Vin
08-05 14:51:29.568   512  2967 D audio_hw_primary: disable_audio_route: reset and update mixer path: low-latency-playback speaker
08-05 14:51:29.569   512  2967 D audio_hw_primary: disable_snd_device: snd_device(2: speaker)
08-05 14:51:29.576   512  2967 I soundtrigger: audio_extn_sound_trigger_update_device_status: device 0x2 of type 0 for Event 0
08-05 14:51:29.593 10720 12632 I NAPPA_EXPERIMENTATION: MetricNetworkRequestExecutionTime: REQUEST_DURATION_SYSTEM='559',REQUEST_DURATION_OKHTTP='73',REQUEST_SYNCHRONOUS='FALSE',RESPONSE_CODE='200',RESPONSE_METHOD='GET',RESPONSE_LENGTH_OKHTTP='6426',RESPONSE_LENGTH_HEADER='6426',REQUEST_PROTOCOL='http/1.1',REQUEST_URL='https://project-travel-mate.herokuapp.com/api/get-upcoming-holidays/2020',
08-05 14:51:29.610 10720 10720 V Response: [{"month":"January","date":1,"day":"Wednesday","name":"New Year's Day","type":"Restricted"},{"month":"January","date":2,"day":"Thursday","name":"Guru Govind Singh Jayanti","type":"Restricted"},{"month":"January","date":14,"day":"Tuesday","name":"Lohri","type":"Restricted"},{"month":"January","date":15,"day":"Wednesday","name":"Pongal","type":"Restricted"},{"month":"January","date":15,"day":"Wednesday","name":"Makar Sankranti","type":"Restricted"},{"month":"January","date":25,"day":"Saturday","name":"Chinese New Year","type":"Observance"},{"month":"January","date":26,"day":"Sunday","name":"Republic Day","type":"Gazetted"},{"month":"January","date":30,"day":"Thursday","name":"Vasant Panchami","type":"Restricted"},{"month":"February","date":9,"day":"Sunday","name":"Guru Ravidas Jayanti","type":"Restricted"},{"month":"February","date":14,"day":"Friday","name":"Valentine's Day","type":"Observance"},{"month":"February","date":18,"day":"Tuesday","name":"Maharishi Dayanand Saraswati Jayanti","type":"Restricted"},{"month":"February","date":19,"day":"Wednesday","name":"Shivaji Jayanti","type":"Restricted"},{"month":"February","date":21,"day":"Friday","name":"Maha Shivaratri/Shivaratri","type":"Gazetted"},{"month":"March","date":9,"day":"Monday","name":"Holika Dahana","type":"Restricted"},{"month":"March","date":9,"day":"Monday","name":"Hazarat Ali's Birthday","type":"Restricted"},{"month":"March","date":10,"day":"Tuesday","name":"Holi","type":"Gazetted"},{"month":"March","date":20,"day":"Friday","name":"March Equinox","type":"Season"},{"month":"March","date":25,"day":"Wednesday","name":"Chaitra Sukhladi","type":"Restricted"},{"month":"April","date":2,"day":"Thursday","name":"Rama Navami","type":"Gazetted"},{"month":"April","date":6,"day":"Monday","name":"Mahavir Jayanti","type":"Gazetted"},{"month":"April","date":9,"day":"Thursday","name":"First day of Passover","type":"Observance"},{"month":"April","date":9,"day":"Thursday","name":"Maundy Thursday","type":"Observance,"},{"month":"April","date":10,"day":"Friday","name":"Good Friday","type":"Gazetted"},{"month":"April","date":12,"day":"Sunday","name":"Easter Day","type":"Restricted"},{"month":"April","date":13,"day":"Monday","name":"Vaisakhi","type":"Restricted"},{"month":"April","date":14,"day":"Tuesday","name":"Mesadi/Vaisakhadi","type":"Restricted"},{"month":"April","date":14,"day":"Tuesday","name":"Ambedkar Jayanti","type":"Central"},{"month":"May","date":1,"day":"Friday","name":"May Day","type":"Observance"},{"month":"May","date":7,"day":"Thursday","name":"Buddha Purnima/Vesak","type":"Gazetted"},{"month":"May","date":7,"day":"Thursday","name":"Birthday of Ravindranath","type":"Restricted"},{"month":"May","date":10,"day":"Sunday","name":"Mother's Day","type":"Observance"},{"month":"May","date":22,"day":"Friday","name":"Jamat Ul-Vida","type":"Restricted"},{"month":"May","date":25,"day":"Monday","name":"Ramzan Id/Eid-ul-Fitar","type":"Gazetted"},{"month":"May","date":25,"day":"Monday","name":"Ramzan Id/Eid-ul-Fitar","type":"Muslim,"},{"month":"June","date":21,"day":"Sunday","name":"June Solstice","type":"Season"},{"month":"June","date":21,"day":"Sunday","name":"Father's Day","type":"Observance"},{"month":"June","date":23,"day":"Tuesday","name":"Rath Yatra","type":"Restricted"},{"month":"July","date":5,"day":"Sunday","name":"Guru Purnima","type":"Observance"},{"month":"July","date":31,"day":"Friday","name":"Bakr Id/Eid ul-Adha","type":"Gazetted"},{"month":"August","date":2,"day":"Sunday","name":"Friendship Day","type":"Observance"},{"month":"August","date":3,"day":"Monday","name":"Raksha Bandhan (Rakhi)","type":"Restricted"},{"month":"August","date":11,"day":"Tuesday","name":"Janmashtami (Smarta)","type":"Restricted"},{"month":"August","date":12,"day":"Wednesday","name":"Janmashtami","type":"Gazetted"},{"month":"August","date":15,"day":"Saturday","name":"Independence Day","type":"Gazetted"},{"month":"August","date":16,"day":"Sunday","name":"Parsi New Year","type":"Restricted"},{"month":"August","date":22,"day":"Saturday","name":"Ganesh Chaturthi/Vin
08-05 14:51:29.675 10696 10696 I ServiceManager: Waiting for service AtCmdFwd...
08-05 14:51:29.890 10720 11113 I art     : Starting a blocking GC Explicit
08-05 14:51:29.936 10720 11113 I art     : Explicit concurrent mark sweep GC freed 16901(767KB) AllocSpace objects, 6(4MB) LOS objects, 10% free, 136MB/152MB, paused 958us total 45.880ms
08-05 14:51:29.950 10720 11113 I art     : Starting a blocking GC Explicit
08-05 14:51:29.992 10720 11113 I art     : Explicit concurrent mark sweep GC freed 1706(93KB) AllocSpace objects, 11(220KB) LOS objects, 10% free, 136MB/152MB, paused 933us total 41.553ms
08-05 14:51:30.006 10720 11113 I art     : Starting a blocking GC Explicit
08-05 14:51:30.047 10720 11113 I art     : Explicit concurrent mark sweep GC freed 75(1296B) AllocSpace objects, 0(0B) LOS objects, 10% free, 136MB/152MB, paused 937us total 40.204ms
08-05 14:51:30.061 10720 11113 I art     : Starting a blocking GC Explicit
08-05 14:51:30.102 10720 11113 I art     : Explicit concurrent mark sweep GC freed 99(1696B) AllocSpace objects, 0(0B) LOS objects, 10% free, 136MB/152MB, paused 1.061ms total 41.054ms
08-05 14:51:30.116 10720 11113 I art     : Starting a blocking GC Explicit
08-05 14:51:30.158 10720 11113 I art     : Explicit concurrent mark sweep GC freed 75(1296B) AllocSpace objects, 0(0B) LOS objects, 10% free, 136MB/152MB, paused 970us total 41.480ms
08-05 14:51:30.234   518   646 I ThermalEngine: ACTION: GPU - Setting GPU[0] to 450000000
08-05 14:51:30.555 10720 12263 I art     : Starting a blocking GC Explicit
08-05 14:51:30.610 10720 12263 I art     : Explicit concurrent mark sweep GC freed 2241(103KB) AllocSpace objects, 2(36KB) LOS objects, 10% free, 136MB/152MB, paused 1.296ms total 55.028ms
08-05 14:51:30.629 10720 12263 I art     : Starting a blocking GC Explicit
08-05 14:51:30.675 10696 10696 I ServiceManager: Waiting for service AtCmdFwd...
08-05 14:51:30.682 10720 12263 I art     : Explicit concurrent mark sweep GC freed 135(3KB) AllocSpace objects, 0(0B) LOS objects, 10% free, 136MB/152MB, paused 1.310ms total 52.790ms
08-05 14:51:30.700 10720 12263 I art     : Starting a blocking GC Explicit
08-05 14:51:30.752 10720 12263 I art     : Explicit concurrent mark sweep GC freed 108(2288B) AllocSpace objects, 0(0B) LOS objects, 10% free, 136MB/152MB, paused 1.244ms total 51.928ms
08-05 14:51:30.771 10720 12263 I art     : Starting a blocking GC Explicit
08-05 14:51:30.781 24365 29098 I NetworkScheduler.Stats: Task com.google.android.apps.gcs/ started execution. cause:4 exec_start_elapsed_seconds: 1785694 [CONTEXT service_id=218 ]
08-05 14:51:30.787 11962 12667 W Gcs.WfaEliRefreshTask: [26659] afk.b: NULL eligibility response.
08-05 14:51:30.793 24365 29098 I NetworkScheduler.Stats: Task com.google.android.apps.gcs/ finished executing. cause:4 result: 3 elapsed_millis: 17 uptime_millis: 16 exec_start_elapsed_seconds: 1785694 [CONTEXT service_id=218 ]
08-05 14:51:30.817 10720 12263 I art     : Explicit concurrent mark sweep GC freed 100(1728B) AllocSpace objects, 0(0B) LOS objects, 10% free, 136MB/152MB, paused 1.155ms total 46.548ms
08-05 14:51:30.835 10720 12263 I art     : Starting a blocking GC Explicit
08-05 14:51:30.843 24365 29098 I NetworkScheduler.Stats: Task com.google.android.apps.gcs/ started execution. cause:5 exec_start_elapsed_seconds: 1785694 [CONTEXT service_id=218 ]
08-05 14:51:30.847 24365 17236 I NetworkScheduler.Stats: Task com.google.android.gms/com.google.android.gms.stats.PlatformStatsCollectorService started execution. cause:5 exec_start_elapsed_seconds: 1785694 [CONTEXT service_id=218 ]
08-05 14:51:30.860   918  3714 I AccountManagerService: getTypesVisibleToCaller: isPermitted? true
08-05 14:51:30.866 24365 29098 I NetworkScheduler.Stats: Task com.google.android.gms/com.google.android.gms.stats.PlatformStatsCollectorService finished executing. cause:5 result: 1 elapsed_millis: 46 uptime_millis: 45 exec_start_elapsed_seconds: 1785694 [CONTEXT service_id=218 ]
08-05 14:51:30.878 10720 12263 I art     : Explicit concurrent mark sweep GC freed 99(1696B) AllocSpace objects, 0(0B) LOS objects, 10% free, 136MB/152MB, paused 1.077ms total 43.181ms
08-05 14:51:30.924 24365 17236 I NetworkScheduler.Stats: Task com.google.android.apps.gcs/ finished executing. cause:5 result: 1 elapsed_millis: 84 uptime_millis: 84 exec_start_elapsed_seconds: 1785694 [CONTEXT service_id=218 ]
08-05 14:51:31.272 10720 10789 I art     : Starting a blocking GC Explicit
08-05 14:51:31.325 10720 10789 I art     : Explicit concurrent mark sweep GC freed 2260(103KB) AllocSpace objects, 2(36KB) LOS objects, 10% free, 136MB/152MB, paused 1.200ms total 52.720ms
08-05 14:51:31.346 10720 10789 I art     : Starting a blocking GC Explicit
08-05 14:51:31.399 10720 10789 I art     : Explicit concurrent mark sweep GC freed 125(2656B) AllocSpace objects, 0(0B) LOS objects, 10% free, 136MB/152MB, paused 1.220ms total 52.113ms
08-05 14:51:31.417 10720 10789 I art     : Starting a blocking GC Explicit
08-05 14:51:31.469 10720 10789 I art     : Explicit concurrent mark sweep GC freed 99(1696B) AllocSpace objects, 0(0B) LOS objects, 10% free, 136MB/152MB, paused 1.210ms total 51.594ms
08-05 14:51:31.487 10720 10789 I art     : Starting a blocking GC Explicit
08-05 14:51:31.541 10720 10789 I art     : Explicit concurrent mark sweep GC freed 122(2064B) AllocSpace objects, 0(0B) LOS objects, 10% free, 136MB/152MB, paused 1.297ms total 53.301ms
08-05 14:51:31.561 10720 10789 I art     : Starting a blocking GC Explicit
08-05 14:51:31.612 10720 10789 I art     : Explicit concurrent mark sweep GC freed 100(1728B) AllocSpace objects, 0(0B) LOS objects, 10% free, 136MB/152MB, paused 1.239ms total 50.634ms
08-05 14:51:31.612 10720 10731 I art     : WaitForGcToComplete blocked for 50.979ms for cause HeapTrim
08-05 14:51:31.676 10696 10696 I ServiceManager: Waiting for service AtCmdFwd...
08-05 14:51:32.044 10720 10733 I art     : Starting a blocking GC Explicit
08-05 14:51:32.099 10720 10733 I art     : Explicit concurrent mark sweep GC freed 2309(104KB) AllocSpace objects, 2(36KB) LOS objects, 10% free, 136MB/152MB, paused 1.373ms total 54.042ms
08-05 14:51:32.117 10720 10733 I art     : Starting a blocking GC Explicit
08-05 14:51:32.142   918  3188 I hubconnection: sensorhub said: 'set_bias 3: -5.6160, 0.0000, 0.0000'
08-05 14:51:32.170 10720 10733 I art     : Explicit concurrent mark sweep GC freed 124(2624B) AllocSpace objects, 0(0B) LOS objects, 10% free, 136MB/152MB, paused 1.186ms total 52.757ms
08-05 14:51:32.189 10720 10733 I art     : Starting a blocking GC Explicit
08-05 14:51:32.241   518   646 I ThermalEngine: ACTION: GPU - Setting GPU[0] to 510000000
08-05 14:51:32.243 10720 10733 I art     : Explicit concurrent mark sweep GC freed 126(2432B) AllocSpace objects, 0(0B) LOS objects, 10% free, 136MB/152MB, paused 1.275ms total 53.732ms
08-05 14:51:32.261 10720 10733 I art     : Starting a blocking GC Explicit
08-05 14:51:32.307 10720 10733 I art     : Explicit concurrent mark sweep GC freed 109(2256B) AllocSpace objects, 0(0B) LOS objects, 10% free, 136MB/152MB, paused 1.003ms total 45.726ms
08-05 14:51:32.322 10720 10733 I art     : Starting a blocking GC Explicit
08-05 14:51:32.362 10720 10733 I art     : Explicit concurrent mark sweep GC freed 85(1632B) AllocSpace objects, 0(0B) LOS objects, 10% free, 136MB/152MB, paused 945us total 40.126ms
08-05 14:51:32.677 10696 10696 I ServiceManager: Waiting for service AtCmdFwd...
08-05 14:51:32.751 10720 10732 I art     : Starting a blocking GC Explicit
08-05 14:51:32.792 10720 10732 I art     : Explicit concurrent mark sweep GC freed 2205(102KB) AllocSpace objects, 2(36KB) LOS objects, 10% free, 136MB/152MB, paused 901us total 40.727ms
08-05 14:51:32.806 10720 10732 I art     : Starting a blocking GC Explicit
08-05 14:51:32.845 10720 10732 I art     : Explicit concurrent mark sweep GC freed 101(2256B) AllocSpace objects, 0(0B) LOS objects, 10% free, 136MB/152MB, paused 923us total 39.277ms
08-05 14:51:32.859 10720 10732 I art     : Starting a blocking GC Explicit
08-05 14:51:32.899 10720 10732 I art     : Explicit concurrent mark sweep GC freed 75(1296B) AllocSpace objects, 0(0B) LOS objects, 10% free, 136MB/152MB, paused 965us total 39.736ms
08-05 14:51:32.914 10720 10732 I art     : Starting a blocking GC Explicit
08-05 14:51:32.954 10720 10732 I art     : Explicit concurrent mark sweep GC freed 106(2128B) AllocSpace objects, 0(0B) LOS objects, 10% free, 136MB/152MB, paused 871us total 40.127ms
08-05 14:51:32.968 10720 10732 I art     : Starting a blocking GC Explicit
08-05 14:51:33.009 10720 10732 I art     : Explicit concurrent mark sweep GC freed 98(1664B) AllocSpace objects, 0(0B) LOS objects, 10% free, 136MB/152MB, paused 969us total 40.311ms
08-05 14:51:33.376 10720 11113 I art     : Starting a blocking GC Explicit
08-05 14:51:33.416 10720 11113 I art     : Explicit concurrent mark sweep GC freed 2159(101KB) AllocSpace objects, 2(36KB) LOS objects, 10% free, 136MB/152MB, paused 957us total 40.504ms
08-05 14:51:33.431 10720 11113 I art     : Starting a blocking GC Explicit
08-05 14:51:33.468 10720 11113 I art     : Explicit concurrent mark sweep GC freed 100(2224B) AllocSpace objects, 0(0B) LOS objects, 10% free, 136MB/152MB, paused 955us total 37.341ms
08-05 14:51:33.482 10720 11113 I art     : Starting a blocking GC Explicit
08-05 14:51:33.520 10720 11113 I art     : Explicit concurrent mark sweep GC freed 75(1296B) AllocSpace objects, 0(0B) LOS objects, 10% free, 136MB/152MB, paused 863us total 38.429ms
08-05 14:51:33.534 10720 11113 I art     : Starting a blocking GC Explicit
08-05 14:51:33.573 10720 11113 I art     : Explicit concurrent mark sweep GC freed 77(1344B) AllocSpace objects, 0(0B) LOS objects, 10% free, 136MB/152MB, paused 1.122ms total 38.435ms
08-05 14:51:33.586 10720 11113 I art     : Starting a blocking GC Explicit
08-05 14:51:33.625 10720 11113 I art     : Explicit concurrent mark sweep GC freed 102(2176B) AllocSpace objects, 0(0B) LOS objects, 10% free, 136MB/152MB, paused 1.082ms total 38.565ms
08-05 14:51:33.641 12702 12702 D AndroidRuntime: >>>>>> START com.android.internal.os.RuntimeInit uid 2000 <<<<<<
08-05 14:51:33.645 12702 12702 D AndroidRuntime: CheckJNI is OFF
08-05 14:51:33.677 10696 10696 W Atfwd_Sendcmd: AtCmdFwd service not published, waiting... retryCnt : 1
08-05 14:51:33.677 12702 12702 D ICU     : No timezone override file found: /data/misc/zoneinfo/current/icu/icu_tzdata.dat
08-05 14:51:33.711 12702 12702 I Radio-JNI: register_android_hardware_Radio DONE
08-05 14:51:33.732 12702 12702 D AndroidRuntime: Calling main entry com.android.commands.input.Input
08-05 14:51:33.734 12702 12702 I Input   : injectKeyEvent: KeyEvent { action=ACTION_DOWN, keyCode=KEYCODE_BACK, scanCode=0, metaState=0, flags=0x0, repeatCount=0, eventTime=802310147, downTime=802310147, deviceId=-1, source=0x101 }
08-05 14:51:33.740 12702 12702 I Input   : injectKeyEvent: KeyEvent { action=ACTION_UP, keyCode=KEYCODE_BACK, scanCode=0, metaState=0, flags=0x0, repeatCount=0, eventTime=802310147, downTime=802310147, deviceId=-1, source=0x101 }
08-05 14:51:33.746 12702 12702 D AndroidRuntime: Shutting down VM
08-05 14:51:33.754 10720 10720 V MainActivity: url = https://project-travel-mate.herokuapp.com/api/number-of-unread-notifications
08-05 14:51:33.787 13866 13866 I GoogleInputMethodServic: GoogleInputMethodService.onFinishInput():3138 
08-05 14:51:33.789 13866 13866 I GoogleInputMethodServic: GoogleInputMethodService.onStartInput():1808 
08-05 14:51:33.939 10720 12263 I art     : Starting a blocking GC Explicit
08-05 14:51:33.980 10720 12263 I art     : Explicit concurrent mark sweep GC freed 2510(121KB) AllocSpace objects, 2(36KB) LOS objects, 10% free, 136MB/152MB, paused 853us total 40.621ms
08-05 14:51:33.994 10720 12263 I art     : Starting a blocking GC Explicit
08-05 14:51:34.032 10720 12263 I art     : Explicit concurrent mark sweep GC freed 180(5KB) AllocSpace objects, 0(0B) LOS objects, 10% free, 136MB/152MB, paused 828us total 38.040ms
08-05 14:51:34.046 10720 12263 I art     : Starting a blocking GC Explicit
08-05 14:51:34.091 10720 12263 I art     : Explicit concurrent mark sweep GC freed 101(1792B) AllocSpace objects, 0(0B) LOS objects, 10% free, 136MB/152MB, paused 1.060ms total 44.044ms
08-05 14:51:34.108 10720 12263 I art     : Starting a blocking GC Explicit
08-05 14:51:34.121   380   380 W SurfaceFlinger: couldn't log to binary event log: overflow.
08-05 14:51:34.145 10720 12263 I art     : Explicit concurrent mark sweep GC freed 69(1696B) AllocSpace objects, 0(0B) LOS objects, 10% free, 136MB/152MB, paused 849us total 36.532ms
08-05 14:51:34.159 10720 12263 I art     : Starting a blocking GC Explicit
08-05 14:51:34.195 10720 12263 I art     : Explicit concurrent mark sweep GC freed 11(432B) AllocSpace objects, 0(0B) LOS objects, 10% free, 136MB/152MB, paused 1.072ms total 35.821ms
08-05 14:51:34.565 10720 10732 I art     : Starting a blocking GC Explicit
08-05 14:51:34.615 10720 10732 I art     : Explicit concurrent mark sweep GC freed 9097(518KB) AllocSpace objects, 17(420KB) LOS objects, 10% free, 136MB/152MB, paused 1.387ms total 49.034ms
08-05 14:51:34.630 10720 10732 I art     : Starting a blocking GC Explicit
08-05 14:51:34.665 10720 12723 I NAPPA_EXPERIMENTATION: MetricNetworkRequestExecutionTime: REQUEST_DURATION_SYSTEM='908',REQUEST_DURATION_OKHTTP='36',REQUEST_SYNCHRONOUS='FALSE',RESPONSE_CODE='200',RESPONSE_METHOD='GET',RESPONSE_LENGTH_OKHTTP='36',RESPONSE_LENGTH_HEADER='36',REQUEST_PROTOCOL='http/1.1',REQUEST_URL='https://project-travel-mate.herokuapp.com/api/number-of-unread-notifications',
08-05 14:51:34.666 10720 10732 I art     : Explicit concurrent mark sweep GC freed 2365(144KB) AllocSpace objects, 1(80KB) LOS objects, 10% free, 136MB/152MB, paused 1.111ms total 35.723ms
08-05 14:51:34.680 10720 10732 I art     : Starting a blocking GC Explicit
08-05 14:51:34.719 10720 10732 I art     : Explicit concurrent mark sweep GC freed 420(50KB) AllocSpace objects, 0(0B) LOS objects, 10% free, 136MB/152MB, paused 978us total 39.057ms
08-05 14:51:34.734 10720 10732 I art     : Starting a blocking GC Explicit
08-05 14:51:34.773 10720 10732 I art     : Explicit concurrent mark sweep GC freed 92(4KB) AllocSpace objects, 0(0B) LOS objects, 10% free, 136MB/152MB, paused 894us total 38.692ms
08-05 14:51:34.787 10720 10732 I art     : Starting a blocking GC Explicit
08-05 14:51:34.826 10720 10732 I art     : Explicit concurrent mark sweep GC freed 3(96B) AllocSpace objects, 0(0B) LOS objects, 10% free, 136MB/152MB, paused 924us total 38.930ms
08-05 14:51:35.169 10720 10733 I art     : Starting a blocking GC Explicit
08-05 14:51:35.214 10720 10733 I art     : Explicit concurrent mark sweep GC freed 1613(92KB) AllocSpace objects, 2(36KB) LOS objects, 10% free, 136MB/152MB, paused 972us total 44.011ms
08-05 14:51:35.228 10720 10733 I art     : Starting a blocking GC Explicit
08-05 14:51:35.265 10720 10733 I art     : Explicit concurrent mark sweep GC freed 40(1680B) AllocSpace objects, 0(0B) LOS objects, 10% free, 136MB/152MB, paused 929us total 36.952ms
08-05 14:51:35.279 10720 10733 I art     : Starting a blocking GC Explicit
08-05 14:51:35.316 10720 10733 I art     : Explicit concurrent mark sweep GC freed 13(640B) AllocSpace objects, 0(0B) LOS objects, 10% free, 136MB/152MB, paused 876us total 36.899ms
08-05 14:51:35.329 10720 10733 I art     : Starting a blocking GC Explicit
08-05 14:51:35.365 10720 10733 I art     : Explicit concurrent mark sweep GC freed 3(96B) AllocSpace objects, 0(0B) LOS objects, 10% free, 136MB/152MB, paused 932us total 36.219ms
08-05 14:51:35.379 10720 10733 I art     : Starting a blocking GC Explicit
08-05 14:51:35.416 12747 12747 D AndroidRuntime: >>>>>> START com.android.internal.os.RuntimeInit uid 2000 <<<<<<
08-05 14:51:35.416 10720 10733 I art     : Explicit concurrent mark sweep GC freed 5(160B) AllocSpace objects, 0(0B) LOS objects, 10% free, 136MB/152MB, paused 1.084ms total 36.915ms
08-05 14:51:35.421 12747 12747 D AndroidRuntime: CheckJNI is OFF
08-05 14:51:35.452 12747 12747 D ICU     : No timezone override file found: /data/misc/zoneinfo/current/icu/icu_tzdata.dat
08-05 14:51:35.484 12747 12747 I Radio-JNI: register_android_hardware_Radio DONE
08-05 14:51:35.506 12747 12747 D AndroidRuntime: Calling main entry com.android.commands.input.Input
08-05 14:51:35.508 12747 12747 I Input   : injectMotionEvent: MotionEvent { action=ACTION_DOWN, actionButton=0, id[0]=0, x[0]=117.0, y[0]=170.0, toolType[0]=TOOL_TYPE_UNKNOWN, buttonState=0, metaState=0, flags=0x0, edgeFlags=0x0, pointerCount=1, historySize=0, eventTime=802311920, downTime=802311920, deviceId=0, source=0x1002 }
08-05 14:51:35.522 12747 12747 I Input   : injectMotionEvent: MotionEvent { action=ACTION_UP, actionButton=0, id[0]=0, x[0]=117.0, y[0]=170.0, toolType[0]=TOOL_TYPE_UNKNOWN, buttonState=0, metaState=0, flags=0x0, edgeFlags=0x0, pointerCount=1, historySize=0, eventTime=802311920, downTime=802311920, deviceId=0, source=0x1002 }
08-05 14:51:35.553 12747 12747 D AndroidRuntime: Shutting down VM
08-05 14:51:35.585   512  2967 D audio_hw_primary: out_set_parameters: enter: usecase(1: low-latency-playback) kvpairs: routing=2
08-05 14:51:35.599   512  2967 D audio_hw_primary: select_devices: out_snd_device(2: speaker) in_snd_device(0: none)
08-05 14:51:35.599   512  2967 D msm8974_platform: platform_send_audio_calibration: sending audio calibration for snd_device(2) acdb_id(15)
08-05 14:51:35.599   512  2967 I soundtrigger: audio_extn_sound_trigger_update_device_status: device 0x2 of type 0 for Event 1
08-05 14:51:35.615   512  2967 D audio_hw_primary: enable_snd_device: snd_device(2: speaker)
08-05 14:51:35.617   512  2967 D audio_hw_primary: enable_audio_route: apply and update mixer path: low-latency-playback speaker
08-05 14:51:35.737 10720 10733 I art     : Starting a blocking GC Explicit
08-05 14:51:35.772 10720 10733 I art     : Explicit concurrent mark sweep GC freed 2054(114KB) AllocSpace objects, 2(36KB) LOS objects, 10% free, 136MB/152MB, paused 902us total 34.705ms
08-05 14:51:35.788 10720 10733 I art     : Starting a blocking GC Explicit
08-05 14:51:35.824 10720 10733 I art     : Explicit concurrent mark sweep GC freed 52(1968B) AllocSpace objects, 0(0B) LOS objects, 10% free, 136MB/152MB, paused 981us total 35.496ms
08-05 14:51:35.838 10720 10733 I art     : Starting a blocking GC Explicit
08-05 14:51:35.872 10720 10733 I art     : Explicit concurrent mark sweep GC freed 5(160B) AllocSpace objects, 0(0B) LOS objects, 10% free, 136MB/152MB, paused 1.054ms total 33.800ms
08-05 14:51:35.887 10720 10733 I art     : Starting a blocking GC Explicit
08-05 14:51:35.920 10720 10733 I art     : Explicit concurrent mark sweep GC freed 3(96B) AllocSpace objects, 0(0B) LOS objects, 10% free, 136MB/152MB, paused 1.051ms total 33.016ms
08-05 14:51:35.935 10720 10733 I art     : Starting a blocking GC Explicit
08-05 14:51:35.969 10720 10733 I art     : Explicit concurrent mark sweep GC freed 34(928B) AllocSpace objects, 0(0B) LOS objects, 10% free, 136MB/152MB, paused 1.085ms total 33.591ms
08-05 14:51:36.149   512  2967 D audio_hw_primary: disable_audio_route: reset and update mixer path: low-latency-playback speaker
08-05 14:51:36.150   512  2967 D audio_hw_primary: disable_snd_device: snd_device(2: speaker)
08-05 14:51:36.158   512  2967 I soundtrigger: audio_extn_sound_trigger_update_device_status: device 0x2 of type 0 for Event 0
08-05 14:51:36.182 12779 12779 D AndroidRuntime: >>>>>> START com.android.internal.os.RuntimeInit uid 2000 <<<<<<
08-05 14:51:36.186 12779 12779 D AndroidRuntime: CheckJNI is OFF
08-05 14:51:36.218 12779 12779 D ICU     : No timezone override file found: /data/misc/zoneinfo/current/icu/icu_tzdata.dat
08-05 14:51:36.251 12779 12779 I Radio-JNI: register_android_hardware_Radio DONE
08-05 14:51:36.272 12779 12779 D AndroidRuntime: Calling main entry com.android.commands.input.Input
08-05 14:51:36.274 12779 12779 I Input   : injectMotionEvent: MotionEvent { action=ACTION_DOWN, actionButton=0, id[0]=0, x[0]=405.0, y[0]=661.0, toolType[0]=TOOL_TYPE_UNKNOWN, buttonState=0, metaState=0, flags=0x0, edgeFlags=0x0, pointerCount=1, historySize=0, eventTime=802312687, downTime=802312687, deviceId=0, source=0x1002 }
08-05 14:51:36.278 12779 12779 I Input   : injectMotionEvent: MotionEvent { action=ACTION_UP, actionButton=0, id[0]=0, x[0]=405.0, y[0]=661.0, toolType[0]=TOOL_TYPE_UNKNOWN, buttonState=0, metaState=0, flags=0x0, edgeFlags=0x0, pointerCount=1, historySize=0, eventTime=802312687, downTime=802312687, deviceId=0, source=0x1002 }
08-05 14:51:36.280 12779 12779 D AndroidRuntime: Shutting down VM
08-05 14:51:36.296   512  2967 D audio_hw_primary: out_set_parameters: enter: usecase(1: low-latency-playback) kvpairs: routing=2
08-05 14:51:36.302 10720 12263 I art     : Starting a blocking GC Explicit
08-05 14:51:36.309   512  2967 D audio_hw_primary: select_devices: out_snd_device(2: speaker) in_snd_device(0: none)
08-05 14:51:36.309   512  2967 D msm8974_platform: platform_send_audio_calibration: sending audio calibration for snd_device(2) acdb_id(15)
08-05 14:51:36.309   512  2967 I soundtrigger: audio_extn_sound_trigger_update_device_status: device 0x2 of type 0 for Event 1
08-05 14:51:36.319   512  2967 D audio_hw_primary: enable_snd_device: snd_device(2: speaker)
08-05 14:51:36.321   512  2967 D audio_hw_primary: enable_audio_route: apply and update mixer path: low-latency-playback speaker
08-05 14:51:36.342 10720 12263 I art     : Explicit concurrent mark sweep GC freed 2069(166KB) AllocSpace objects, 2(36KB) LOS objects, 8% free, 167MB/183MB, paused 1.077ms total 39.072ms
08-05 14:51:36.355 10720 12263 I art     : Starting a blocking GC Explicit
08-05 14:51:36.362   512  2967 D AudioFlinger: mixer(0xf4740000) throttle end: throttle time(12)
08-05 14:51:36.390 10720 12263 I art     : Explicit concurrent mark sweep GC freed 50(2176B) AllocSpace objects, 0(0B) LOS objects, 8% free, 167MB/183MB, paused 1.033ms total 35.021ms
08-05 14:51:36.403 10720 12263 I art     : Starting a blocking GC Explicit
08-05 14:51:36.438 10720 12263 I art     : Explicit concurrent mark sweep GC freed 3(96B) AllocSpace objects, 0(0B) LOS objects, 8% free, 167MB/183MB, paused 1.057ms total 35.133ms
08-05 14:51:36.451 10720 12263 I art     : Starting a blocking GC Explicit
08-05 14:51:36.486 10720 12263 I art     : Explicit concurrent mark sweep GC freed 3(96B) AllocSpace objects, 0(0B) LOS objects, 8% free, 167MB/183MB, paused 1.038ms total 34.888ms
08-05 14:51:36.499 10720 12263 I art     : Starting a blocking GC Explicit
08-05 14:51:36.535 10720 12263 I art     : Explicit concurrent mark sweep GC freed 38(17KB) AllocSpace objects, 0(0B) LOS objects, 8% free, 177MB/193MB, paused 1.083ms total 35.650ms
08-05 14:51:36.849   512  2967 D audio_hw_primary: disable_audio_route: reset and update mixer path: low-latency-playback speaker
08-05 14:51:36.850   512  2967 D audio_hw_primary: disable_snd_device: snd_device(2: speaker)
08-05 14:51:36.852 10720 12263 I art     : Starting a blocking GC Explicit
08-05 14:51:36.858   512  2967 I soundtrigger: audio_extn_sound_trigger_update_device_status: device 0x2 of type 0 for Event 0
08-05 14:51:36.892 10720 12263 I art     : Explicit concurrent mark sweep GC freed 3226(174KB) AllocSpace objects, 11(288KB) LOS objects, 8% free, 182MB/198MB, paused 895us total 39.281ms
08-05 14:51:36.906 10720 12263 I art     : Starting a blocking GC Explicit
08-05 14:51:36.946 10720 12263 I art     : Explicit concurrent mark sweep GC freed 941(52KB) AllocSpace objects, 0(0B) LOS objects, 8% free, 182MB/198MB, paused 960us total 39.753ms
08-05 14:51:36.960 10720 12263 I art     : Starting a blocking GC Explicit
08-05 14:51:37.000 10720 12263 I art     : Explicit concurrent mark sweep GC freed 4(128B) AllocSpace objects, 0(0B) LOS objects, 8% free, 182MB/198MB, paused 895us total 39.806ms
08-05 14:51:37.014 10720 12263 I art     : Starting a blocking GC Explicit
08-05 14:51:37.053 10720 12263 I art     : Explicit concurrent mark sweep GC freed 3(96B) AllocSpace objects, 0(0B) LOS objects, 8% free, 182MB/198MB, paused 921us total 38.827ms
08-05 14:51:37.067 10720 12263 I art     : Starting a blocking GC Explicit
08-05 14:51:37.107 10720 12263 I art     : Explicit concurrent mark sweep GC freed 3(96B) AllocSpace objects, 0(0B) LOS objects, 8% free, 182MB/198MB, paused 1.024ms total 40.037ms
08-05 14:51:37.107 10720 10731 I art     : WaitForGcToComplete blocked for 8.224ms for cause HeapTrim
08-05 14:51:37.250   518   646 I ThermalEngine: ACTION: GPU - Setting GPU[0] to 450000000
08-05 14:51:37.501 10720 10733 I art     : Starting a blocking GC Explicit
08-05 14:51:37.562 10720 10733 I art     : Explicit concurrent mark sweep GC freed 1582(91KB) AllocSpace objects, 2(36KB) LOS objects, 8% free, 182MB/198MB, paused 1.314ms total 60.193ms
08-05 14:51:37.583 10720 10733 I art     : Starting a blocking GC Explicit
08-05 14:51:37.635 10720 10733 I art     : Explicit concurrent mark sweep GC freed 28(1024B) AllocSpace objects, 0(0B) LOS objects, 8% free, 182MB/198MB, paused 1.224ms total 51.603ms
08-05 14:51:37.654 10720 10733 I art     : Starting a blocking GC Explicit
08-05 14:51:37.703 10720 10733 I art     : Explicit concurrent mark sweep GC freed 3(96B) AllocSpace objects, 0(0B) LOS objects, 8% free, 182MB/198MB, paused 1.221ms total 49.139ms
08-05 14:51:37.726 10720 10733 I art     : Starting a blocking GC Explicit
08-05 14:51:37.776 10720 10733 I art     : Explicit concurrent mark sweep GC freed 3(96B) AllocSpace objects, 0(0B) LOS objects, 8% free, 182MB/198MB, paused 1.272ms total 48.777ms
08-05 14:51:37.798 10720 10733 I art     : Starting a blocking GC Explicit
08-05 14:51:37.846 10720 10733 I art     : Explicit concurrent mark sweep GC freed 3(96B) AllocSpace objects, 0(0B) LOS objects, 8% free, 182MB/198MB, paused 1.221ms total 47.982ms
08-05 14:51:38.274 10720 10789 I art     : Starting a blocking GC Explicit
08-05 14:51:38.339 10720 10789 I art     : Explicit concurrent mark sweep GC freed 1625(93KB) AllocSpace objects, 2(36KB) LOS objects, 8% free, 182MB/198MB, paused 1.544ms total 64.893ms
08-05 14:51:38.362 10720 10789 I art     : Starting a blocking GC Explicit
08-05 14:51:38.416 10720 10789 I art     : Explicit concurrent mark sweep GC freed 51(2176B) AllocSpace objects, 0(0B) LOS objects, 8% free, 182MB/198MB, paused 1.409ms total 53.868ms
08-05 14:51:38.438 10720 10789 I art     : Starting a blocking GC Explicit
08-05 14:51:38.488 10720 10789 I art     : Explicit concurrent mark sweep GC freed 17(528B) AllocSpace objects, 0(0B) LOS objects, 8% free, 182MB/198MB, paused 1.229ms total 49.677ms
08-05 14:51:38.507 10720 10789 I art     : Starting a blocking GC Explicit
08-05 14:51:38.555 10720 10789 I art     : Explicit concurrent mark sweep GC freed 3(96B) AllocSpace objects, 0(0B) LOS objects, 8% free, 182MB/198MB, paused 1.102ms total 47.937ms
08-05 14:51:38.573 10720 10789 I art     : Starting a blocking GC Explicit
08-05 14:51:38.619 10720 10789 I art     : Explicit concurrent mark sweep GC freed 3(96B) AllocSpace objects, 0(0B) LOS objects, 8% free, 182MB/198MB, paused 1.253ms total 45.761ms
08-05 14:51:38.678 10696 10696 I ServiceManager: Waiting for service AtCmdFwd...
08-05 14:51:39.024 10720 10732 I art     : Starting a blocking GC Explicit
08-05 14:51:39.078 10720 10732 I art     : Explicit concurrent mark sweep GC freed 1613(92KB) AllocSpace objects, 2(36KB) LOS objects, 8% free, 182MB/198MB, paused 1.346ms total 53.108ms
08-05 14:51:39.079 12830 12830 D AndroidRuntime: >>>>>> START com.android.internal.os.RuntimeInit uid 2000 <<<<<<
08-05 14:51:39.085 12830 12830 D AndroidRuntime: CheckJNI is OFF
08-05 14:51:39.097 10720 10732 I art     : Starting a blocking GC Explicit
08-05 14:51:39.131 12830 12830 D ICU     : No timezone override file found: /data/misc/zoneinfo/current/icu/icu_tzdata.dat
08-05 14:51:39.146 10720 10732 I art     : Explicit concurrent mark sweep GC freed 32(1152B) AllocSpace objects, 0(0B) LOS objects, 8% free, 182MB/198MB, paused 1.234ms total 48.653ms
08-05 14:51:39.163 10720 10732 I art     : Starting a blocking GC Explicit
08-05 14:51:39.179 12830 12830 I Radio-JNI: register_android_hardware_Radio DONE
08-05 14:51:39.208 12830 12830 D AndroidRuntime: Calling main entry com.android.commands.input.Input
08-05 14:51:39.211 12830 12830 I Input   : injectMotionEvent: MotionEvent { action=ACTION_DOWN, actionButton=0, id[0]=0, x[0]=1341.0, y[0]=197.0, toolType[0]=TOOL_TYPE_UNKNOWN, buttonState=0, metaState=0, flags=0x0, edgeFlags=0x0, pointerCount=1, historySize=0, eventTime=802315623, downTime=802315623, deviceId=0, source=0x1002 }
08-05 14:51:39.213 10720 10732 I art     : Explicit concurrent mark sweep GC freed 12(576B) AllocSpace objects, 0(0B) LOS objects, 8% free, 182MB/198MB, paused 1.315ms total 49.763ms
08-05 14:51:39.218 12830 12830 I Input   : injectMotionEvent: MotionEvent { action=ACTION_UP, actionButton=0, id[0]=0, x[0]=1341.0, y[0]=197.0, toolType[0]=TOOL_TYPE_UNKNOWN, buttonState=0, metaState=0, flags=0x0, edgeFlags=0x0, pointerCount=1, historySize=0, eventTime=802315623, downTime=802315623, deviceId=0, source=0x1002 }
08-05 14:51:39.220 12830 12830 D AndroidRuntime: Shutting down VM
08-05 14:51:39.229   512  2967 D audio_hw_primary: out_set_parameters: enter: usecase(1: low-latency-playback) kvpairs: routing=2
08-05 14:51:39.229   918  5132 I ActivityManager: START u0 {cmp=baseline.io.github.project_travel_mate/.notifications.NotificationsActivity} from uid 10674 on display 0
08-05 14:51:39.231 10720 10732 I art     : Starting a blocking GC Explicit
08-05 14:51:39.242   512  2967 D audio_hw_primary: select_devices: out_snd_device(2: speaker) in_snd_device(0: none)
08-05 14:51:39.242   512  2967 D msm8974_platform: platform_send_audio_calibration: sending audio calibration for snd_device(2) acdb_id(15)
08-05 14:51:39.242   512  2967 I soundtrigger: audio_extn_sound_trigger_update_device_status: device 0x2 of type 0 for Event 1
08-05 14:51:39.252   512  2967 D audio_hw_primary: enable_snd_device: snd_device(2: speaker)
08-05 14:51:39.254   512  2967 D audio_hw_primary: enable_audio_route: apply and update mixer path: low-latency-playback speaker
08-05 14:51:39.256 10720 10784 D Gabe    : call	returning from cache
08-05 14:51:39.262 10720 10720 V EXECUTING: https://project-travel-mate.herokuapp.com/api/get-notifications
08-05 14:51:39.264 10720 10720 V EXECUTING: https://project-travel-mate.herokuapp.com/api/get-notifications
08-05 14:51:39.278 10720 10732 I art     : Explicit concurrent mark sweep GC freed 1164(76KB) AllocSpace objects, 0(0B) LOS objects, 8% free, 183MB/199MB, paused 2.318ms total 46.570ms
08-05 14:51:39.296 10720 10732 I art     : Starting a blocking GC Explicit
08-05 14:51:39.344 10720 10732 I art     : Explicit concurrent mark sweep GC freed 1052(58KB) AllocSpace objects, 0(0B) LOS objects, 7% free, 187MB/203MB, paused 1.569ms total 48.095ms
08-05 14:51:39.428   918   936 I ActivityManager: Displayed baseline.io.github.project_travel_mate/.notifications.NotificationsActivity: +189ms
08-05 14:51:39.429 13866 13866 I GoogleInputMethodServic: GoogleInputMethodService.onFinishInput():3138 
08-05 14:51:39.430 13866 13866 I GoogleInputMethodServic: GoogleInputMethodService.onStartInput():1808 
08-05 14:51:39.528 10720 10736 D OpenGLRenderer: endAllStagingAnimators on 0x7f771be000 (RippleDrawable) with handle 0x7f7cc5e380
08-05 14:51:39.537   918   931 I ProcessStatsService: Prepared write state in 2ms
08-05 14:51:39.677   380   380 W SurfaceFlinger: couldn't log to binary event log: overflow.
08-05 14:51:39.678 10696 10696 I ServiceManager: Waiting for service AtCmdFwd...
08-05 14:51:39.712 10720 10789 I art     : Starting a blocking GC Explicit
08-05 14:51:39.757 10720 10789 I art     : Explicit concurrent mark sweep GC freed 2261(110KB) AllocSpace objects, 2(36KB) LOS objects, 7% free, 187MB/203MB, paused 1.200ms total 44.875ms
08-05 14:51:39.775 10720 10789 I art     : Starting a blocking GC Explicit
08-05 14:51:39.789   512  2967 D audio_hw_primary: disable_audio_route: reset and update mixer path: low-latency-playback speaker
08-05 14:51:39.790   512  2967 D audio_hw_primary: disable_snd_device: snd_device(2: speaker)
08-05 14:51:39.798   512  2967 I soundtrigger: audio_extn_sound_trigger_update_device_status: device 0x2 of type 0 for Event 0
08-05 14:51:39.825 10720 10789 I art     : Explicit concurrent mark sweep GC freed 227(5KB) AllocSpace objects, 0(0B) LOS objects, 7% free, 187MB/203MB, paused 1.500ms total 49.709ms
08-05 14:51:39.845 10720 10789 I art     : Starting a blocking GC Explicit
08-05 14:51:39.891 10720 10789 I art     : Explicit concurrent mark sweep GC freed 37(848B) AllocSpace objects, 0(0B) LOS objects, 7% free, 187MB/203MB, paused 1.456ms total 45.295ms
08-05 14:51:39.908 10720 10789 I art     : Starting a blocking GC Explicit
08-05 14:51:39.967 10720 10789 I art     : Explicit concurrent mark sweep GC freed 5246(265KB) AllocSpace objects, 6(400KB) LOS objects, 7% free, 188MB/204MB, paused 2.244ms total 58.349ms
08-05 14:51:39.984 10720 10789 I art     : Starting a blocking GC Explicit
08-05 14:51:39.999 10720 12856 I NAPPA_EXPERIMENTATION: MetricNetworkRequestExecutionTime: REQUEST_DURATION_SYSTEM='735',REQUEST_DURATION_OKHTTP='40',REQUEST_SYNCHRONOUS='FALSE',RESPONSE_CODE='200',RESPONSE_METHOD='GET',RESPONSE_LENGTH_OKHTTP='2',RESPONSE_LENGTH_HEADER='2',REQUEST_PROTOCOL='http/1.1',REQUEST_URL='https://project-travel-mate.herokuapp.com/api/get-notifications',
08-05 14:51:40.030 10720 10789 I art     : Explicit concurrent mark sweep GC freed 2185(248KB) AllocSpace objects, 0(0B) LOS objects, 7% free, 187MB/203MB, paused 1.466ms total 45.953ms
08-05 14:51:40.032 10720 12857 I NAPPA_EXPERIMENTATION: MetricNetworkRequestExecutionTime: REQUEST_DURATION_SYSTEM='767',REQUEST_DURATION_OKHTTP='74',REQUEST_SYNCHRONOUS='FALSE',RESPONSE_CODE='200',RESPONSE_METHOD='GET',RESPONSE_LENGTH_OKHTTP='2',RESPONSE_LENGTH_HEADER='2',REQUEST_PROTOCOL='http/1.1',REQUEST_URL='https://project-travel-mate.herokuapp.com/api/get-notifications',
08-05 14:51:40.122 10720 10720 V Response: [] 
08-05 14:51:40.134 10720 10720 V Response: [] 
08-05 14:51:40.142 10720 10784 W LOTTIE  : Animation contains merge paths. Merge paths are only supported on KitKat+ and must be manually enabled by calling enableMergePathsForKitKatAndAbove().
08-05 14:51:40.151 10720 10784 W LOTTIE  : Animation contains merge paths. Merge paths are only supported on KitKat+ and must be manually enabled by calling enableMergePathsForKitKatAndAbove().
08-05 14:51:40.154 10720 10784 W LOTTIE  : Animation contains merge paths. Merge paths are only supported on KitKat+ and must be manually enabled by calling enableMergePathsForKitKatAndAbove().
08-05 14:51:40.157 10720 10784 W LOTTIE  : Animation contains merge paths. Merge paths are only supported on KitKat+ and must be manually enabled by calling enableMergePathsForKitKatAndAbove().
08-05 14:51:40.160 10720 10784 W LOTTIE  : Animation contains merge paths. Merge paths are only supported on KitKat+ and must be manually enabled by calling enableMergePathsForKitKatAndAbove().
08-05 14:51:40.163 10720 10784 W LOTTIE  : Animation contains merge paths. Merge paths are only supported on KitKat+ and must be manually enabled by calling enableMergePathsForKitKatAndAbove().
08-05 14:51:40.166 10720 10784 W LOTTIE  : Animation contains merge paths. Merge paths are only supported on KitKat+ and must be manually enabled by calling enableMergePathsForKitKatAndAbove().
08-05 14:51:40.167 10720 10720 W LOTTIE  : Animation contains merge paths but they are disabled.
08-05 14:51:40.404 10720 11113 I art     : Starting a blocking GC Explicit
08-05 14:51:40.451 10720 11113 I art     : Explicit concurrent mark sweep GC freed 12282(536KB) AllocSpace objects, 3(224KB) LOS objects, 7% free, 187MB/203MB, paused 1.348ms total 47.143ms
08-05 14:51:40.468 10720 11113 I art     : Starting a blocking GC Explicit
08-05 14:51:40.514 10720 11113 I art     : Explicit concurrent mark sweep GC freed 2100(83KB) AllocSpace objects, 0(0B) LOS objects, 7% free, 187MB/203MB, paused 1.324ms total 45.485ms
08-05 14:51:40.532 10720 11113 I art     : Starting a blocking GC Explicit
08-05 14:51:40.576 10720 11113 I art     : Explicit concurrent mark sweep GC freed 276(4KB) AllocSpace objects, 0(0B) LOS objects, 7% free, 187MB/203MB, paused 1.154ms total 43.629ms
08-05 14:51:40.593 10720 11113 I art     : Starting a blocking GC Explicit
08-05 14:51:40.636 10720 11113 I art     : Explicit concurrent mark sweep GC freed 273(4KB) AllocSpace objects, 0(0B) LOS objects, 7% free, 187MB/203MB, paused 1.212ms total 42.612ms
08-05 14:51:40.654 10720 11113 I art     : Starting a blocking GC Explicit
08-05 14:51:40.679 10696 10696 I ServiceManager: Waiting for service AtCmdFwd...
08-05 14:51:40.697 10720 11113 I art     : Explicit concurrent mark sweep GC freed 236(3KB) AllocSpace objects, 0(0B) LOS objects, 7% free, 187MB/203MB, paused 1.333ms total 43.206ms
08-05 14:51:41.084 10720 10733 I art     : Starting a blocking GC Explicit
08-05 14:51:41.130 10720 10733 I art     : Explicit concurrent mark sweep GC freed 3493(124KB) AllocSpace objects, 2(36KB) LOS objects, 7% free, 187MB/203MB, paused 1.111ms total 45.879ms
08-05 14:51:41.148 10720 10733 I art     : Starting a blocking GC Explicit
08-05 14:51:41.193 10720 10733 I art     : Explicit concurrent mark sweep GC freed 307(5KB) AllocSpace objects, 0(0B) LOS objects, 7% free, 187MB/203MB, paused 1.111ms total 44.380ms
08-05 14:51:41.211 10720 10733 I art     : Starting a blocking GC Explicit
08-05 14:51:41.255 10720 10733 I art     : Explicit concurrent mark sweep GC freed 294(5KB) AllocSpace objects, 0(0B) LOS objects, 7% free, 187MB/203MB, paused 1.297ms total 44.106ms
08-05 14:51:41.273 10720 10733 I art     : Starting a blocking GC Explicit
08-05 14:51:41.318 10720 10733 I art     : Explicit concurrent mark sweep GC freed 259(4KB) AllocSpace objects, 0(0B) LOS objects, 7% free, 187MB/203MB, paused 1.247ms total 45.215ms
08-05 14:51:41.336 10720 10733 I art     : Starting a blocking GC Explicit
08-05 14:51:41.379 10720 10733 I art     : Explicit concurrent mark sweep GC freed 256(4KB) AllocSpace objects, 0(0B) LOS objects, 7% free, 187MB/203MB, paused 1.091ms total 43.226ms
08-05 14:51:41.679 10696 10696 I ServiceManager: Waiting for service AtCmdFwd...
08-05 14:51:41.774 10720 10732 I art     : Starting a blocking GC Explicit
08-05 14:51:41.818 10720 10732 I art     : Explicit concurrent mark sweep GC freed 3442(121KB) AllocSpace objects, 2(36KB) LOS objects, 7% free, 187MB/203MB, paused 1.287ms total 43.456ms
08-05 14:51:41.835 10720 10732 I art     : Starting a blocking GC Explicit
08-05 14:51:41.879 10720 10732 I art     : Explicit concurrent mark sweep GC freed 268(4KB) AllocSpace objects, 0(0B) LOS objects, 7% free, 187MB/203MB, paused 1.106ms total 44.433ms
08-05 14:51:41.897 10720 10732 I art     : Starting a blocking GC Explicit
08-05 14:51:41.943 10720 10732 I art     : Explicit concurrent mark sweep GC freed 313(5KB) AllocSpace objects, 0(0B) LOS objects, 7% free, 187MB/203MB, paused 1.138ms total 45.304ms
08-05 14:51:41.960 10720 10732 I art     : Starting a blocking GC Explicit
08-05 14:51:42.004 10720 10732 I art     : Explicit concurrent mark sweep GC freed 284(4KB) AllocSpace objects, 0(0B) LOS objects, 7% free, 187MB/203MB, paused 1.259ms total 43.891ms
08-05 14:51:42.022 10720 10732 I art     : Starting a blocking GC Explicit
08-05 14:51:42.066 10720 10732 I art     : Explicit concurrent mark sweep GC freed 222(3KB) AllocSpace objects, 0(0B) LOS objects, 7% free, 187MB/203MB, paused 1.317ms total 43.935ms
08-05 14:51:42.448 10720 12263 I art     : Starting a blocking GC Explicit
08-05 14:51:42.493 10720 12263 I art     : Explicit concurrent mark sweep GC freed 3393(120KB) AllocSpace objects, 2(36KB) LOS objects, 7% free, 187MB/203MB, paused 1.149ms total 45.126ms
08-05 14:51:42.511 10720 12263 I art     : Starting a blocking GC Explicit
08-05 14:51:42.556 10720 12263 I art     : Explicit concurrent mark sweep GC freed 308(5KB) AllocSpace objects, 0(0B) LOS objects, 7% free, 187MB/203MB, paused 1.134ms total 44.007ms
08-05 14:51:42.574 10720 12263 I art     : Starting a blocking GC Explicit
08-05 14:51:42.620 10720 12263 I art     : Explicit concurrent mark sweep GC freed 284(5KB) AllocSpace objects, 0(0B) LOS objects, 7% free, 187MB/203MB, paused 1.294ms total 45.922ms
08-05 14:51:42.620 10720 10731 I art     : WaitForGcToComplete blocked for 46.124ms for cause HeapTrim
08-05 14:51:42.637 10720 12263 I art     : Starting a blocking GC Explicit
08-05 14:51:42.679 10696 10696 I ServiceManager: Waiting for service AtCmdFwd...
08-05 14:51:42.680 10720 12263 I art     : Explicit concurrent mark sweep GC freed 234(4KB) AllocSpace objects, 0(0B) LOS objects, 7% free, 187MB/203MB, paused 1.136ms total 42.651ms
08-05 14:51:42.698 10720 12263 I art     : Starting a blocking GC Explicit
08-05 14:51:42.743 10720 12263 I art     : Explicit concurrent mark sweep GC freed 283(4KB) AllocSpace objects, 0(0B) LOS objects, 7% free, 187MB/203MB, paused 1.144ms total 45.652ms
08-05 14:51:43.133 10720 10789 I art     : Starting a blocking GC Explicit
08-05 14:51:43.179 10720 10789 I art     : Explicit concurrent mark sweep GC freed 3446(122KB) AllocSpace objects, 2(36KB) LOS objects, 7% free, 187MB/203MB, paused 1.195ms total 45.665ms
08-05 14:51:43.197 10720 10789 I art     : Starting a blocking GC Explicit
08-05 14:51:43.242 10720 10789 I art     : Explicit concurrent mark sweep GC freed 321(5KB) AllocSpace objects, 0(0B) LOS objects, 7% free, 187MB/203MB, paused 1.110ms total 44.839ms
08-05 14:51:43.260 10720 10789 I art     : Starting a blocking GC Explicit
08-05 14:51:43.305 10720 10789 I art     : Explicit concurrent mark sweep GC freed 286(4KB) AllocSpace objects, 0(0B) LOS objects, 7% free, 187MB/203MB, paused 1.156ms total 45.309ms
08-05 14:51:43.323 10720 10789 I art     : Starting a blocking GC Explicit
08-05 14:51:43.367 10720 10789 I art     : Explicit concurrent mark sweep GC freed 222(3KB) AllocSpace objects, 0(0B) LOS objects, 7% free, 187MB/203MB, paused 1.387ms total 44.436ms
08-05 14:51:43.385 10720 10789 I art     : Starting a blocking GC Explicit
08-05 14:51:43.429 10720 10789 I art     : Explicit concurrent mark sweep GC freed 274(4KB) AllocSpace objects, 0(0B) LOS objects, 7% free, 187MB/203MB, paused 1.150ms total 44.470ms
08-05 14:51:43.680 10696 10696 W Atfwd_Sendcmd: AtCmdFwd service not published, waiting... retryCnt : 2
08-05 14:51:43.794 10720 12263 I art     : Starting a blocking GC Explicit
08-05 14:51:43.838 10720 12263 I art     : Explicit concurrent mark sweep GC freed 3389(122KB) AllocSpace objects, 2(36KB) LOS objects, 7% free, 187MB/203MB, paused 1.337ms total 43.853ms
08-05 14:51:43.856 10720 12263 I art     : Starting a blocking GC Explicit
08-05 14:51:43.900 10720 12263 I art     : Explicit concurrent mark sweep GC freed 413(15KB) AllocSpace objects, 0(0B) LOS objects, 7% free, 187MB/203MB, paused 1.256ms total 43.706ms
08-05 14:51:43.917 10720 12263 I art     : Starting a blocking GC Explicit
08-05 14:51:43.960 10720 12263 I art     : Explicit concurrent mark sweep GC freed 314(5KB) AllocSpace objects, 0(0B) LOS objects, 7% free, 187MB/203MB, paused 1.155ms total 43.119ms
08-05 14:51:43.960 12923 12923 D AndroidRuntime: >>>>>> START com.android.internal.os.RuntimeInit uid 2000 <<<<<<
08-05 14:51:43.966 12923 12923 D AndroidRuntime: CheckJNI is OFF
08-05 14:51:43.977 10720 12263 I art     : Starting a blocking GC Explicit
08-05 14:51:44.005 12923 12923 D ICU     : No timezone override file found: /data/misc/zoneinfo/current/icu/icu_tzdata.dat
08-05 14:51:44.020 10720 12263 I art     : Explicit concurrent mark sweep GC freed 230(3KB) AllocSpace objects, 0(0B) LOS objects, 7% free, 187MB/203MB, paused 1.283ms total 42.472ms
08-05 14:51:44.037 10720 12263 I art     : Starting a blocking GC Explicit
08-05 14:51:44.045 12923 12923 I Radio-JNI: register_android_hardware_Radio DONE
08-05 14:51:44.074 12923 12923 D AndroidRuntime: Calling main entry com.android.commands.input.Input
08-05 14:51:44.076 12923 12923 I Input   : injectKeyEvent: KeyEvent { action=ACTION_DOWN, keyCode=KEYCODE_BACK, scanCode=0, metaState=0, flags=0x0, repeatCount=0, eventTime=802320489, downTime=802320489, deviceId=-1, source=0x101 }
08-05 14:51:44.087 10720 12263 I art     : Explicit concurrent mark sweep GC freed 266(4KB) AllocSpace objects, 0(0B) LOS objects, 7% free, 187MB/203MB, paused 6.269ms total 49.427ms
08-05 14:51:44.087 12923 12923 I Input   : injectKeyEvent: KeyEvent { action=ACTION_UP, keyCode=KEYCODE_BACK, scanCode=0, metaState=0, flags=0x0, repeatCount=0, eventTime=802320489, downTime=802320489, deviceId=-1, source=0x101 }
08-05 14:51:44.102 12923 12923 D AndroidRuntime: Shutting down VM
08-05 14:51:44.118 10720 10720 V MainActivity: url = https://project-travel-mate.herokuapp.com/api/number-of-unread-notifications
08-05 14:51:44.153 13866 13866 I GoogleInputMethodServic: GoogleInputMethodService.onFinishInput():3138 
08-05 14:51:44.154 13866 13866 I GoogleInputMethodServic: GoogleInputMethodService.onStartInput():1808 
08-05 14:51:44.457 10720 11113 I art     : Starting a blocking GC Explicit
08-05 14:51:44.465   380   380 W SurfaceFlinger: couldn't log to binary event log: overflow.
08-05 14:51:44.508 10720 11113 I art     : Explicit concurrent mark sweep GC freed 2619(124KB) AllocSpace objects, 3(4MB) LOS objects, 8% free, 183MB/199MB, paused 1.245ms total 50.048ms
08-05 14:51:44.525 10720 11113 I art     : Starting a blocking GC Explicit
08-05 14:51:44.574 10720 11113 I art     : Explicit concurrent mark sweep GC freed 236(11KB) AllocSpace objects, 0(0B) LOS objects, 8% free, 183MB/199MB, paused 1.330ms total 47.962ms
08-05 14:51:44.592 10720 11113 I art     : Starting a blocking GC Explicit
08-05 14:51:44.643 10720 11113 I art     : Explicit concurrent mark sweep GC freed 3592(170KB) AllocSpace objects, 2(56KB) LOS objects, 8% free, 183MB/199MB, paused 1.438ms total 51.033ms
08-05 14:51:44.662 10720 11113 I art     : Starting a blocking GC Explicit
08-05 14:51:44.715 10720 11113 I art     : Explicit concurrent mark sweep GC freed 3(96B) AllocSpace objects, 0(0B) LOS objects, 8% free, 183MB/199MB, paused 1.418ms total 52.324ms
08-05 14:51:44.736 10720 11113 I art     : Starting a blocking GC Explicit
08-05 14:51:44.788 10720 11113 I art     : Explicit concurrent mark sweep GC freed 3(96B) AllocSpace objects, 0(0B) LOS objects, 8% free, 183MB/199MB, paused 1.357ms total 51.406ms
08-05 14:51:45.024 10720 12948 I NAPPA_EXPERIMENTATION: MetricNetworkRequestExecutionTime: REQUEST_DURATION_SYSTEM='905',REQUEST_DURATION_OKHTTP='41',REQUEST_SYNCHRONOUS='FALSE',RESPONSE_CODE='200',RESPONSE_METHOD='GET',RESPONSE_LENGTH_OKHTTP='36',RESPONSE_LENGTH_HEADER='36',REQUEST_PROTOCOL='http/1.1',REQUEST_URL='https://project-travel-mate.herokuapp.com/api/number-of-unread-notifications',
08-05 14:51:45.185 10720 10789 I art     : Starting a blocking GC Explicit
08-05 14:51:45.257 10720 10789 I art     : Explicit concurrent mark sweep GC freed 4415(240KB) AllocSpace objects, 5(236KB) LOS objects, 8% free, 183MB/199MB, paused 1.421ms total 71.980ms
08-05 14:51:45.279 10720 10789 I art     : Starting a blocking GC Explicit
08-05 14:51:45.335 10720 10789 I art     : Explicit concurrent mark sweep GC freed 962(117KB) AllocSpace objects, 0(0B) LOS objects, 8% free, 183MB/199MB, paused 1.482ms total 55.322ms
08-05 14:51:45.358 10720 10789 I art     : Starting a blocking GC Explicit
08-05 14:51:45.407 10720 10789 I art     : Explicit concurrent mark sweep GC freed 3(96B) AllocSpace objects, 0(0B) LOS objects, 8% free, 183MB/199MB, paused 1.310ms total 48.434ms
08-05 14:51:45.425 10720 10789 I art     : Starting a blocking GC Explicit
08-05 14:51:45.474 10720 10789 I art     : Explicit concurrent mark sweep GC freed 3(96B) AllocSpace objects, 0(0B) LOS objects, 8% free, 183MB/199MB, paused 1.306ms total 48.469ms
08-05 14:51:45.492 10720 10789 I art     : Starting a blocking GC Explicit
08-05 14:51:45.542 10720 10789 I art     : Explicit concurrent mark sweep GC freed 3(96B) AllocSpace objects, 0(0B) LOS objects, 8% free, 183MB/199MB, paused 1.289ms total 49.298ms
08-05 14:51:45.883 12970 12970 D AndroidRuntime: >>>>>> START com.android.internal.os.RuntimeInit uid 2000 <<<<<<
08-05 14:51:45.890 12970 12970 D AndroidRuntime: CheckJNI is OFF
08-05 14:51:45.939 10720 10733 I art     : Starting a blocking GC Explicit
08-05 14:51:45.939 12970 12970 D ICU     : No timezone override file found: /data/misc/zoneinfo/current/icu/icu_tzdata.dat
08-05 14:51:45.982 12970 12970 I Radio-JNI: register_android_hardware_Radio DONE
08-05 14:51:45.992 10720 10733 I art     : Explicit concurrent mark sweep GC freed 1625(93KB) AllocSpace objects, 2(36KB) LOS objects, 8% free, 183MB/199MB, paused 1.397ms total 52.486ms
08-05 14:51:46.010 10720 10733 I art     : Starting a blocking GC Explicit
08-05 14:51:46.013 12970 12970 D AndroidRuntime: Calling main entry com.android.commands.input.Input
08-05 14:51:46.016 12970 12970 I Input   : injectMotionEvent: MotionEvent { action=ACTION_DOWN, actionButton=0, id[0]=0, x[0]=117.0, y[0]=170.0, toolType[0]=TOOL_TYPE_UNKNOWN, buttonState=0, metaState=0, flags=0x0, edgeFlags=0x0, pointerCount=1, historySize=0, eventTime=802322427, downTime=802322427, deviceId=0, source=0x1002 }
08-05 14:51:46.022 12970 12970 I Input   : injectMotionEvent: MotionEvent { action=ACTION_UP, actionButton=0, id[0]=0, x[0]=117.0, y[0]=170.0, toolType[0]=TOOL_TYPE_UNKNOWN, buttonState=0, metaState=0, flags=0x0, edgeFlags=0x0, pointerCount=1, historySize=0, eventTime=802322427, downTime=802322427, deviceId=0, source=0x1002 }
08-05 14:51:46.024 12970 12970 D AndroidRuntime: Shutting down VM
08-05 14:51:46.037   512  2967 D audio_hw_primary: out_set_parameters: enter: usecase(1: low-latency-playback) kvpairs: routing=2
08-05 14:51:46.050   512  2967 D audio_hw_primary: select_devices: out_snd_device(2: speaker) in_snd_device(0: none)
08-05 14:51:46.050   512  2967 D msm8974_platform: platform_send_audio_calibration: sending audio calibration for snd_device(2) acdb_id(15)
08-05 14:51:46.050   512  2967 I soundtrigger: audio_extn_sound_trigger_update_device_status: device 0x2 of type 0 for Event 1
08-05 14:51:46.062 10720 10733 I art     : Explicit concurrent mark sweep GC freed 62(2336B) AllocSpace objects, 0(0B) LOS objects, 8% free, 183MB/199MB, paused 1.371ms total 51.290ms
08-05 14:51:46.063   512  2967 D audio_hw_primary: enable_snd_device: snd_device(2: speaker)
08-05 14:51:46.065   512  2967 D audio_hw_primary: enable_audio_route: apply and update mixer path: low-latency-playback speaker
08-05 14:51:46.081 10720 10733 I art     : Starting a blocking GC Explicit
08-05 14:51:46.129 10720 10733 I art     : Explicit concurrent mark sweep GC freed 300(16KB) AllocSpace objects, 0(0B) LOS objects, 8% free, 183MB/199MB, paused 1.199ms total 47.725ms
08-05 14:51:46.148 10720 10733 I art     : Starting a blocking GC Explicit
08-05 14:51:46.199 10720 10733 I art     : Explicit concurrent mark sweep GC freed 115(4KB) AllocSpace objects, 0(0B) LOS objects, 8% free, 183MB/199MB, paused 1.366ms total 50.958ms
08-05 14:51:46.220 10720 10733 I art     : Starting a blocking GC Explicit
08-05 14:51:46.269 10720 10733 I art     : Explicit concurrent mark sweep GC freed 3(96B) AllocSpace objects, 0(0B) LOS objects, 8% free, 183MB/199MB, paused 1.348ms total 48.937ms
08-05 14:51:46.608   512  2967 D audio_hw_primary: disable_audio_route: reset and update mixer path: low-latency-playback speaker
08-05 14:51:46.610   512  2967 D audio_hw_primary: disable_snd_device: snd_device(2: speaker)
08-05 14:51:46.618   512  2967 I soundtrigger: audio_extn_sound_trigger_update_device_status: device 0x2 of type 0 for Event 0
08-05 14:51:46.644 10720 10789 I art     : Starting a blocking GC Explicit
08-05 14:51:46.695 10720 10789 I art     : Explicit concurrent mark sweep GC freed 1587(92KB) AllocSpace objects, 2(36KB) LOS objects, 8% free, 183MB/199MB, paused 1.274ms total 49.634ms
08-05 14:51:46.713 10720 10789 I art     : Starting a blocking GC Explicit
08-05 14:51:46.761 10720 10789 I art     : Explicit concurrent mark sweep GC freed 36(1280B) AllocSpace objects, 0(0B) LOS objects, 8% free, 183MB/199MB, paused 1.270ms total 47.103ms
08-05 14:51:46.778 12994 12994 D AndroidRuntime: >>>>>> START com.android.internal.os.RuntimeInit uid 2000 <<<<<<
08-05 14:51:46.779 10720 10789 I art     : Starting a blocking GC Explicit
08-05 14:51:46.784 12994 12994 D AndroidRuntime: CheckJNI is OFF
08-05 14:51:46.826 10720 10789 I art     : Explicit concurrent mark sweep GC freed 5(160B) AllocSpace objects, 0(0B) LOS objects, 8% free, 183MB/199MB, paused 1.331ms total 47.169ms
08-05 14:51:46.827 12994 12994 D ICU     : No timezone override file found: /data/misc/zoneinfo/current/icu/icu_tzdata.dat
08-05 14:51:46.844 10720 10789 I art     : Starting a blocking GC Explicit
08-05 14:51:46.869 12994 12994 I Radio-JNI: register_android_hardware_Radio DONE
08-05 14:51:46.892 10720 10789 I art     : Explicit concurrent mark sweep GC freed 3(96B) AllocSpace objects, 0(0B) LOS objects, 8% free, 183MB/199MB, paused 1.222ms total 47.569ms
08-05 14:51:46.897 12994 12994 D AndroidRuntime: Calling main entry com.android.commands.input.Input
08-05 14:51:46.900 12994 12994 I Input   : injectMotionEvent: MotionEvent { action=ACTION_DOWN, actionButton=0, id[0]=0, x[0]=418.0, y[0]=842.0, toolType[0]=TOOL_TYPE_UNKNOWN, buttonState=0, metaState=0, flags=0x0, edgeFlags=0x0, pointerCount=1, historySize=0, eventTime=802323312, downTime=802323312, deviceId=0, source=0x1002 }
08-05 14:51:46.903 12994 12994 I Input   : injectMotionEvent: MotionEvent { action=ACTION_UP, actionButton=0, id[0]=0, x[0]=418.0, y[0]=842.0, toolType[0]=TOOL_TYPE_UNKNOWN, buttonState=0, metaState=0, flags=0x0, edgeFlags=0x0, pointerCount=1, historySize=0, eventTime=802323312, downTime=802323312, deviceId=0, source=0x1002 }
08-05 14:51:46.905 12994 12994 D AndroidRuntime: Shutting down VM
08-05 14:51:46.910 10720 10789 I art     : Starting a blocking GC Explicit
08-05 14:51:46.922   512  2967 D audio_hw_primary: out_set_parameters: enter: usecase(1: low-latency-playback) kvpairs: routing=2
08-05 14:51:46.925 10720 10784 D Gabe    : call	returning from cache
08-05 14:51:46.935   512  2967 D audio_hw_primary: select_devices: out_snd_device(2: speaker) in_snd_device(0: none)
08-05 14:51:46.935   512  2967 D msm8974_platform: platform_send_audio_calibration: sending audio calibration for snd_device(2) acdb_id(15)
08-05 14:51:46.935   512  2967 I soundtrigger: audio_extn_sound_trigger_update_device_status: device 0x2 of type 0 for Event 1
08-05 14:51:46.947 10720 10720 V MainActivity: url = https://project-travel-mate.herokuapp.com/api/number-of-unread-notifications
08-05 14:51:46.949   512  2967 D audio_hw_primary: enable_snd_device: snd_device(2: speaker)
08-05 14:51:46.951   512  2967 D audio_hw_primary: enable_audio_route: apply and update mixer path: low-latency-playback speaker
08-05 14:51:46.960 10720 10789 I art     : Explicit concurrent mark sweep GC freed 1029(50KB) AllocSpace objects, 0(0B) LOS objects, 8% free, 183MB/199MB, paused 1.804ms total 49.771ms
08-05 14:51:46.997   512  2967 D AudioFlinger: mixer(0xf4740000) throttle end: throttle time(12)
08-05 14:51:47.344 10720 12263 I art     : Starting a blocking GC Explicit
08-05 14:51:47.403 10720 12263 I art     : Explicit concurrent mark sweep GC freed 3617(241KB) AllocSpace objects, 2(36KB) LOS objects, 8% free, 183MB/199MB, paused 1.889ms total 58.341ms
08-05 14:51:47.421 10720 12263 I art     : Starting a blocking GC Explicit
08-05 14:51:47.471 10720 10720 I Choreographer: Skipped 31 frames!  The application may be doing too much work on its main thread.
08-05 14:51:47.480 10720 12263 I art     : Explicit concurrent mark sweep GC freed 2052(70KB) AllocSpace objects, 0(0B) LOS objects, 7% free, 184MB/200MB, paused 2.410ms total 58.396ms
08-05 14:51:47.491   512  2967 D audio_hw_primary: disable_audio_route: reset and update mixer path: low-latency-playback speaker
08-05 14:51:47.492   512  2967 D audio_hw_primary: disable_snd_device: snd_device(2: speaker)
08-05 14:51:47.499 10720 12263 I art     : Starting a blocking GC Explicit
08-05 14:51:47.499   512  2967 I soundtrigger: audio_extn_sound_trigger_update_device_status: device 0x2 of type 0 for Event 0
08-05 14:51:47.553 10720 12263 I art     : Explicit concurrent mark sweep GC freed 1066(65KB) AllocSpace objects, 9(252KB) LOS objects, 8% free, 183MB/199MB, paused 1.689ms total 53.588ms
08-05 14:51:47.565   918  3261 D WifiStateMachine: starting scan for "H369AA63323"WPA_PSK with 2412,5180
08-05 14:51:47.571 10720 12263 I art     : Starting a blocking GC Explicit
08-05 14:51:47.621 10720 12263 I art     : Explicit concurrent mark sweep GC freed 251(19KB) AllocSpace objects, 0(0B) LOS objects, 8% free, 183MB/199MB, paused 1.501ms total 49.414ms
08-05 14:51:47.640 10720 12263 I art     : Starting a blocking GC Explicit
08-05 14:51:47.694 10720 12263 I art     : Explicit concurrent mark sweep GC freed 3681(172KB) AllocSpace objects, 2(120KB) LOS objects, 7% free, 184MB/200MB, paused 1.447ms total 53.413ms
08-05 14:51:47.694 10720 10731 I art     : WaitForGcToComplete blocked for 13.699ms for cause HeapTrim
08-05 14:51:47.704 10720 13016 I NAPPA_EXPERIMENTATION: MetricNetworkRequestExecutionTime: REQUEST_DURATION_SYSTEM='756',REQUEST_DURATION_OKHTTP='37',REQUEST_SYNCHRONOUS='FALSE',RESPONSE_CODE='200',RESPONSE_METHOD='GET',RESPONSE_LENGTH_OKHTTP='36',RESPONSE_LENGTH_HEADER='36',REQUEST_PROTOCOL='http/1.1',REQUEST_URL='https://project-travel-mate.herokuapp.com/api/number-of-unread-notifications',
08-05 14:51:48.084 10720 12263 I art     : Starting a blocking GC Explicit
08-05 14:51:48.145 10720 12263 I art     : Explicit concurrent mark sweep GC freed 3491(236KB) AllocSpace objects, 3(132KB) LOS objects, 8% free, 183MB/199MB, paused 1.275ms total 59.589ms
08-05 14:51:48.163 10720 12263 I art     : Starting a blocking GC Explicit
08-05 14:51:48.217 10720 12263 I art     : Explicit concurrent mark sweep GC freed 148(5KB) AllocSpace objects, 0(0B) LOS objects, 8% free, 183MB/199MB, paused 1.352ms total 53.653ms
08-05 14:51:48.236 10720 12263 I art     : Starting a blocking GC Explicit
08-05 14:51:48.293 10720 12263 I art     : Explicit concurrent mark sweep GC freed 122(2064B) AllocSpace objects, 0(0B) LOS objects, 8% free, 183MB/199MB, paused 1.324ms total 56.825ms
08-05 14:51:48.312 10720 12263 I art     : Starting a blocking GC Explicit
08-05 14:51:48.370 10720 12263 I art     : Explicit concurrent mark sweep GC freed 100(1728B) AllocSpace objects, 0(0B) LOS objects, 8% free, 183MB/199MB, paused 1.322ms total 56.859ms
08-05 14:51:48.391 10720 12263 I art     : Starting a blocking GC Explicit
08-05 14:51:48.443 10720 12263 I art     : Explicit concurrent mark sweep GC freed 123(2096B) AllocSpace objects, 0(0B) LOS objects, 8% free, 183MB/199MB, paused 1.250ms total 52.032ms
08-05 14:51:48.891 10720 10789 I art     : Starting a blocking GC Explicit
08-05 14:51:48.953 10720 10789 I art     : Explicit concurrent mark sweep GC freed 2379(106KB) AllocSpace objects, 2(52KB) LOS objects, 8% free, 183MB/199MB, paused 1.343ms total 61.868ms
08-05 14:51:48.973 10720 10789 I art     : Starting a blocking GC Explicit
08-05 14:51:49.033 10720 10789 I art     : Explicit concurrent mark sweep GC freed 158(3KB) AllocSpace objects, 0(0B) LOS objects, 8% free, 183MB/199MB, paused 1.282ms total 59.455ms
08-05 14:51:49.052 10720 10789 I art     : Starting a blocking GC Explicit
08-05 14:51:49.113 10720 10789 I art     : Explicit concurrent mark sweep GC freed 124(2128B) AllocSpace objects, 0(0B) LOS objects, 8% free, 183MB/199MB, paused 1.219ms total 60.687ms
08-05 14:51:49.134 10720 10789 I art     : Starting a blocking GC Explicit
08-05 14:51:49.190 10720 10789 I art     : Explicit concurrent mark sweep GC freed 110(1872B) AllocSpace objects, 0(0B) LOS objects, 8% free, 183MB/199MB, paused 1.330ms total 55.587ms
08-05 14:51:49.209 10720 10789 I art     : Starting a blocking GC Explicit
08-05 14:51:49.262 10720 10789 I art     : Explicit concurrent mark sweep GC freed 112(1920B) AllocSpace objects, 0(0B) LOS objects, 8% free, 183MB/199MB, paused 1.310ms total 53.338ms
08-05 14:51:49.685 13051 13051 D AndroidRuntime: >>>>>> START com.android.internal.os.RuntimeInit uid 2000 <<<<<<
08-05 14:51:49.691 13051 13051 D AndroidRuntime: CheckJNI is OFF
08-05 14:51:49.699 10720 10732 I art     : Starting a blocking GC Explicit
08-05 14:51:49.737 13051 13051 D ICU     : No timezone override file found: /data/misc/zoneinfo/current/icu/icu_tzdata.dat
08-05 14:51:49.759 10720 10732 I art     : Explicit concurrent mark sweep GC freed 2300(104KB) AllocSpace objects, 2(52KB) LOS objects, 8% free, 183MB/199MB, paused 2.402ms total 59.761ms
08-05 14:51:49.778 10720 10732 I art     : Starting a blocking GC Explicit
08-05 14:51:49.784 13051 13051 I Radio-JNI: register_android_hardware_Radio DONE
08-05 14:51:49.814 13051 13051 D AndroidRuntime: Calling main entry com.android.commands.input.Input
08-05 14:51:49.816 13051 13051 I Input   : injectMotionEvent: MotionEvent { action=ACTION_DOWN, actionButton=0, id[0]=0, x[0]=117.0, y[0]=170.0, toolType[0]=TOOL_TYPE_UNKNOWN, buttonState=0, metaState=0, flags=0x0, edgeFlags=0x0, pointerCount=1, historySize=0, eventTime=802326229, downTime=802326229, deviceId=0, source=0x1002 }
08-05 14:51:49.824 13051 13051 I Input   : injectMotionEvent: MotionEvent { action=ACTION_UP, actionButton=0, id[0]=0, x[0]=117.0, y[0]=170.0, toolType[0]=TOOL_TYPE_UNKNOWN, buttonState=0, metaState=0, flags=0x0, edgeFlags=0x0, pointerCount=1, historySize=0, eventTime=802326229, downTime=802326229, deviceId=0, source=0x1002 }
08-05 14:51:49.826 13051 13051 D AndroidRuntime: Shutting down VM
08-05 14:51:49.834 10720 10732 I art     : Explicit concurrent mark sweep GC freed 176(3KB) AllocSpace objects, 0(0B) LOS objects, 8% free, 183MB/199MB, paused 1.276ms total 55.312ms
08-05 14:51:49.844   512  2967 D audio_hw_primary: out_set_parameters: enter: usecase(1: low-latency-playback) kvpairs: routing=2
08-05 14:51:49.854 10720 10732 I art     : Starting a blocking GC Explicit
08-05 14:51:49.857   512  2967 D audio_hw_primary: select_devices: out_snd_device(2: speaker) in_snd_device(0: none)
08-05 14:51:49.857   512  2967 D msm8974_platform: platform_send_audio_calibration: sending audio calibration for snd_device(2) acdb_id(15)
08-05 14:51:49.858   512  2967 I soundtrigger: audio_extn_sound_trigger_update_device_status: device 0x2 of type 0 for Event 1
08-05 14:51:49.869   512  2967 D audio_hw_primary: enable_snd_device: snd_device(2: speaker)
08-05 14:51:49.871   512  2967 D audio_hw_primary: enable_audio_route: apply and update mixer path: low-latency-playback speaker
08-05 14:51:49.906 10720 10732 I art     : Explicit concurrent mark sweep GC freed 153(3KB) AllocSpace objects, 0(0B) LOS objects, 7% free, 184MB/200MB, paused 1.148ms total 51.575ms
08-05 14:51:49.924 10720 10732 I art     : Starting a blocking GC Explicit
08-05 14:51:49.976 10720 10732 I art     : Explicit concurrent mark sweep GC freed 549(22KB) AllocSpace objects, 0(0B) LOS objects, 7% free, 184MB/200MB, paused 1.637ms total 51.289ms
08-05 14:51:49.996 10720 10732 I art     : Starting a blocking GC Explicit
08-05 14:51:50.047 10720 10732 I art     : Explicit concurrent mark sweep GC freed 111(2240B) AllocSpace objects, 0(0B) LOS objects, 7% free, 184MB/200MB, paused 1.321ms total 50.659ms
08-05 14:51:50.420   512  2967 D audio_hw_primary: disable_audio_route: reset and update mixer path: low-latency-playback speaker
08-05 14:51:50.421   512  2967 D audio_hw_primary: disable_snd_device: snd_device(2: speaker)
08-05 14:51:50.428 10720 12263 I art     : Starting a blocking GC Explicit
08-05 14:51:50.429   512  2967 I soundtrigger: audio_extn_sound_trigger_update_device_status: device 0x2 of type 0 for Event 0
08-05 14:51:50.482 10720 12263 I art     : Explicit concurrent mark sweep GC freed 2225(103KB) AllocSpace objects, 2(52KB) LOS objects, 7% free, 184MB/200MB, paused 1.269ms total 54.182ms
08-05 14:51:50.500 10720 12263 I art     : Starting a blocking GC Explicit
08-05 14:51:50.553 10720 12263 I art     : Explicit concurrent mark sweep GC freed 145(3KB) AllocSpace objects, 0(0B) LOS objects, 7% free, 184MB/200MB, paused 1.222ms total 52.454ms
08-05 14:51:50.572 10720 12263 I art     : Starting a blocking GC Explicit
08-05 14:51:50.593 13075 13075 D AndroidRuntime: >>>>>> START com.android.internal.os.RuntimeInit uid 2000 <<<<<<
08-05 14:51:50.598 13075 13075 D AndroidRuntime: CheckJNI is OFF
08-05 14:51:50.624 10720 12263 I art     : Explicit concurrent mark sweep GC freed 100(1728B) AllocSpace objects, 0(0B) LOS objects, 7% free, 184MB/200MB, paused 1.336ms total 52.361ms
08-05 14:51:50.643 10720 12263 I art     : Starting a blocking GC Explicit
08-05 14:51:50.646 13075 13075 D ICU     : No timezone override file found: /data/misc/zoneinfo/current/icu/icu_tzdata.dat
08-05 14:51:50.687 13075 13075 I Radio-JNI: register_android_hardware_Radio DONE
08-05 14:51:50.697 10720 12263 I art     : Explicit concurrent mark sweep GC freed 124(2128B) AllocSpace objects, 0(0B) LOS objects, 7% free, 184MB/200MB, paused 1.362ms total 53.769ms
08-05 14:51:50.715 10720 12263 I art     : Starting a blocking GC Explicit
08-05 14:51:50.717 13075 13075 D AndroidRuntime: Calling main entry com.android.commands.input.Input
08-05 14:51:50.719 13075 13075 I Input   : injectMotionEvent: MotionEvent { action=ACTION_DOWN, actionButton=0, id[0]=0, x[0]=355.0, y[0]=1674.0, toolType[0]=TOOL_TYPE_UNKNOWN, buttonState=0, metaState=0, flags=0x0, edgeFlags=0x0, pointerCount=1, historySize=0, eventTime=802327132, downTime=802327132, deviceId=0, source=0x1002 }
08-05 14:51:50.724 13075 13075 I Input   : injectMotionEvent: MotionEvent { action=ACTION_UP, actionButton=0, id[0]=0, x[0]=355.0, y[0]=1674.0, toolType[0]=TOOL_TYPE_UNKNOWN, buttonState=0, metaState=0, flags=0x0, edgeFlags=0x0, pointerCount=1, historySize=0, eventTime=802327132, downTime=802327132, deviceId=0, source=0x1002 }
08-05 14:51:50.726 13075 13075 D AndroidRuntime: Shutting down VM
08-05 14:51:50.746   512  2967 D audio_hw_primary: out_set_parameters: enter: usecase(1: low-latency-playback) kvpairs: routing=2
08-05 14:51:50.756 10720 10720 V MainActivity: url = https://project-travel-mate.herokuapp.com/api/number-of-unread-notifications
08-05 14:51:50.759   512  2967 D audio_hw_primary: select_devices: out_snd_device(2: speaker) in_snd_device(0: none)
08-05 14:51:50.760   512  2967 D msm8974_platform: platform_send_audio_calibration: sending audio calibration for snd_device(2) acdb_id(15)
08-05 14:51:50.760   512  2967 I soundtrigger: audio_extn_sound_trigger_update_device_status: device 0x2 of type 0 for Event 1
08-05 14:51:50.769   512  2967 D audio_hw_primary: enable_snd_device: snd_device(2: speaker)
08-05 14:51:50.771   512  2967 D audio_hw_primary: enable_audio_route: apply and update mixer path: low-latency-playback speaker
08-05 14:51:50.773 10720 12263 I art     : Explicit concurrent mark sweep GC freed 738(29KB) AllocSpace objects, 0(0B) LOS objects, 7% free, 184MB/200MB, paused 2.076ms total 57.610ms
08-05 14:51:50.818   512  2967 D AudioFlinger: mixer(0xf4740000) throttle end: throttle time(12)
08-05 14:51:51.162 10720 10789 I art     : Starting a blocking GC Explicit
08-05 14:51:51.227 10720 10789 I art     : Explicit concurrent mark sweep GC freed 3286(153KB) AllocSpace objects, 11(304KB) LOS objects, 7% free, 184MB/200MB, paused 1.206ms total 64.758ms
08-05 14:51:51.246 10720 10789 I art     : Starting a blocking GC Explicit
08-05 14:51:51.301 10720 10789 I art     : Explicit concurrent mark sweep GC freed 2291(193KB) AllocSpace objects, 0(0B) LOS objects, 7% free, 184MB/200MB, paused 1.325ms total 54.558ms
08-05 14:51:51.318   512  2967 D audio_hw_primary: disable_audio_route: reset and update mixer path: low-latency-playback speaker
08-05 14:51:51.319   512  2967 D audio_hw_primary: disable_snd_device: snd_device(2: speaker)
08-05 14:51:51.320 10720 10789 I art     : Starting a blocking GC Explicit
08-05 14:51:51.327   512  2967 I soundtrigger: audio_extn_sound_trigger_update_device_status: device 0x2 of type 0 for Event 0
08-05 14:51:51.376 10720 10789 I art     : Explicit concurrent mark sweep GC freed 3(96B) AllocSpace objects, 0(0B) LOS objects, 7% free, 184MB/200MB, paused 1.329ms total 55.230ms
08-05 14:51:51.395 10720 10789 I art     : Starting a blocking GC Explicit
08-05 14:51:51.451 10720 10789 I art     : Explicit concurrent mark sweep GC freed 3(96B) AllocSpace objects, 0(0B) LOS objects, 7% free, 184MB/200MB, paused 1.317ms total 56.195ms
08-05 14:51:51.471 10720 10789 I art     : Starting a blocking GC Explicit
08-05 14:51:51.528 10720 10789 I art     : Explicit concurrent mark sweep GC freed 3(96B) AllocSpace objects, 0(0B) LOS objects, 7% free, 184MB/200MB, paused 1.419ms total 57.372ms
08-05 14:51:51.671 10720 13096 I NAPPA_EXPERIMENTATION: MetricNetworkRequestExecutionTime: REQUEST_DURATION_SYSTEM='912',REQUEST_DURATION_OKHTTP='42',REQUEST_SYNCHRONOUS='FALSE',RESPONSE_CODE='200',RESPONSE_METHOD='GET',RESPONSE_LENGTH_OKHTTP='36',RESPONSE_LENGTH_HEADER='36',REQUEST_PROTOCOL='http/1.1',REQUEST_URL='https://project-travel-mate.herokuapp.com/api/number-of-unread-notifications',
08-05 14:51:51.930 10720 10732 I art     : Starting a blocking GC Explicit
08-05 14:51:52.006 10720 10732 I art     : Explicit concurrent mark sweep GC freed 4430(241KB) AllocSpace objects, 5(248KB) LOS objects, 7% free, 184MB/200MB, paused 1.393ms total 75.575ms
08-05 14:51:52.032 10720 10732 I art     : Starting a blocking GC Explicit
08-05 14:51:52.087 10720 10732 I art     : Explicit concurrent mark sweep GC freed 982(118KB) AllocSpace objects, 0(0B) LOS objects, 7% free, 184MB/200MB, paused 1.249ms total 54.900ms
08-05 14:51:52.106 10720 10732 I art     : Starting a blocking GC Explicit
08-05 14:51:52.163 10720 10732 I art     : Explicit concurrent mark sweep GC freed 3(96B) AllocSpace objects, 0(0B) LOS objects, 7% free, 184MB/200MB, paused 1.270ms total 56.780ms
08-05 14:51:52.182 10720 10732 I art     : Starting a blocking GC Explicit
08-05 14:51:52.241 10720 10732 I art     : Explicit concurrent mark sweep GC freed 3(96B) AllocSpace objects, 0(0B) LOS objects, 7% free, 184MB/200MB, paused 1.425ms total 57.866ms
08-05 14:51:52.264 10720 10732 I art     : Starting a blocking GC Explicit
08-05 14:51:52.323 10720 10732 I art     : Explicit concurrent mark sweep GC freed 3(96B) AllocSpace objects, 0(0B) LOS objects, 7% free, 184MB/200MB, paused 1.573ms total 58.717ms
08-05 14:51:52.749 10720 10789 I art     : Starting a blocking GC Explicit
08-05 14:51:52.818 10720 10789 I art     : Explicit concurrent mark sweep GC freed 1616(93KB) AllocSpace objects, 2(48KB) LOS objects, 7% free, 184MB/200MB, paused 1.426ms total 68.159ms
08-05 14:51:52.841 10720 10789 I art     : Starting a blocking GC Explicit
08-05 14:51:52.895   918  3188 I hubconnection: sensorhub said: 'set_bias 3: -5.5392, 0.0000, 0.0000'
08-05 14:51:52.903 10720 10789 I art     : Explicit concurrent mark sweep GC freed 28(1024B) AllocSpace objects, 0(0B) LOS objects, 7% free, 184MB/200MB, paused 1.320ms total 61.366ms
08-05 14:51:52.922 10720 10789 I art     : Starting a blocking GC Explicit
08-05 14:51:52.983 10720 10789 I art     : Explicit concurrent mark sweep GC freed 34(928B) AllocSpace objects, 0(0B) LOS objects, 7% free, 184MB/200MB, paused 1.194ms total 60.406ms
08-05 14:51:53.003 10720 10789 I art     : Starting a blocking GC Explicit
08-05 14:51:53.056 10720 10789 I art     : Explicit concurrent mark sweep GC freed 3(96B) AllocSpace objects, 0(0B) LOS objects, 7% free, 184MB/200MB, paused 1.281ms total 53.123ms
08-05 14:51:53.075 10720 10789 I art     : Starting a blocking GC Explicit
08-05 14:51:53.130 10720 10789 I art     : Explicit concurrent mark sweep GC freed 3(96B) AllocSpace objects, 0(0B) LOS objects, 7% free, 184MB/200MB, paused 1.373ms total 54.467ms
08-05 14:51:53.543 13128 13128 D AndroidRuntime: >>>>>> START com.android.internal.os.RuntimeInit uid 2000 <<<<<<
08-05 14:51:53.550 13128 13128 D AndroidRuntime: CheckJNI is OFF
08-05 14:51:53.570 10720 10732 I art     : Starting a blocking GC Explicit
08-05 14:51:53.601 13128 13128 D ICU     : No timezone override file found: /data/misc/zoneinfo/current/icu/icu_tzdata.dat
08-05 14:51:53.632 10720 10732 I art     : Explicit concurrent mark sweep GC freed 1598(92KB) AllocSpace objects, 2(48KB) LOS objects, 7% free, 184MB/200MB, paused 1.400ms total 61.772ms
08-05 14:51:53.649 13128 13128 I Radio-JNI: register_android_hardware_Radio DONE
08-05 14:51:53.651 10720 10732 I art     : Starting a blocking GC Explicit
08-05 14:51:53.679 13128 13128 D AndroidRuntime: Calling main entry com.android.commands.input.Input
08-05 14:51:53.680 10696 10696 I ServiceManager: Waiting for service AtCmdFwd...
08-05 14:51:53.681 13128 13128 I Input   : injectMotionEvent: MotionEvent { action=ACTION_DOWN, actionButton=0, id[0]=0, x[0]=747.0, y[0]=608.0, toolType[0]=TOOL_TYPE_UNKNOWN, buttonState=0, metaState=0, flags=0x0, edgeFlags=0x0, pointerCount=1, historySize=0, eventTime=802330094, downTime=802330094, deviceId=0, source=0x1002 }
08-05 14:51:53.688 13128 13128 I Input   : injectMotionEvent: MotionEvent { action=ACTION_UP, actionButton=0, id[0]=0, x[0]=747.0, y[0]=608.0, toolType[0]=TOOL_TYPE_UNKNOWN, buttonState=0, metaState=0, flags=0x0, edgeFlags=0x0, pointerCount=1, historySize=0, eventTime=802330094, downTime=802330094, deviceId=0, source=0x1002 }
08-05 14:51:53.690   918   928 I ActivityManager: START u0 {cmp=baseline.io.github.project_travel_mate/.utilities.ChecklistActivity} from uid 10674 on display 0
08-05 14:51:53.690 13128 13128 D AndroidRuntime: Shutting down VM
08-05 14:51:53.693   512  2967 D audio_hw_primary: out_set_parameters: enter: usecase(1: low-latency-playback) kvpairs: routing=2
08-05 14:51:53.707   512  2967 D audio_hw_primary: select_devices: out_snd_device(2: speaker) in_snd_device(0: none)
08-05 14:51:53.707   512  2967 D msm8974_platform: platform_send_audio_calibration: sending audio calibration for snd_device(2) acdb_id(15)
08-05 14:51:53.707   512  2967 I soundtrigger: audio_extn_sound_trigger_update_device_status: device 0x2 of type 0 for Event 1
08-05 14:51:53.708 10720 10732 I art     : Explicit concurrent mark sweep GC freed 55(2112B) AllocSpace objects, 0(0B) LOS objects, 7% free, 184MB/200MB, paused 1.925ms total 57.049ms
08-05 14:51:53.718   512  2967 D audio_hw_primary: enable_snd_device: snd_device(2: speaker)
08-05 14:51:53.720   512  2967 D audio_hw_primary: enable_audio_route: apply and update mixer path: low-latency-playback speaker
08-05 14:51:53.729 10720 10732 I art     : Starting a blocking GC Explicit
08-05 14:51:53.782 10720 10732 I art     : Explicit concurrent mark sweep GC freed 672(46KB) AllocSpace objects, 0(0B) LOS objects, 7% free, 184MB/200MB, paused 1.384ms total 52.791ms
08-05 14:51:53.802 10720 10732 I art     : Starting a blocking GC Explicit
08-05 14:51:53.806 13866 13866 I GoogleInputMethodServic: GoogleInputMethodService.onFinishInput():3138 
08-05 14:51:53.806   918   936 I ActivityManager: Displayed baseline.io.github.project_travel_mate/.utilities.ChecklistActivity: +106ms
08-05 14:51:53.807 13866 13866 I GoogleInputMethodServic: GoogleInputMethodService.onStartInput():1808 
08-05 14:51:53.858 10720 10732 I art     : Explicit concurrent mark sweep GC freed 461(18KB) AllocSpace objects, 0(0B) LOS objects, 7% free, 184MB/200MB, paused 1.249ms total 55.535ms
08-05 14:51:53.876 10720 10732 I art     : Starting a blocking GC Explicit
08-05 14:51:53.935 10720 10732 I art     : Explicit concurrent mark sweep GC freed 59(2112B) AllocSpace objects, 0(0B) LOS objects, 7% free, 184MB/200MB, paused 1.238ms total 58.684ms
08-05 14:51:54.043   380   380 W SurfaceFlinger: couldn't log to binary event log: overflow.
08-05 14:51:54.259   512  2967 D audio_hw_primary: disable_audio_route: reset and update mixer path: low-latency-playback speaker
08-05 14:51:54.260   512  2967 D audio_hw_primary: disable_snd_device: snd_device(2: speaker)
08-05 14:51:54.268   512  2967 I soundtrigger: audio_extn_sound_trigger_update_device_status: device 0x2 of type 0 for Event 0
08-05 14:51:54.317 10720 10732 I art     : Starting a blocking GC Explicit
08-05 14:51:54.380 10720 10732 I art     : Explicit concurrent mark sweep GC freed 1675(94KB) AllocSpace objects, 2(48KB) LOS objects, 7% free, 184MB/200MB, paused 1.455ms total 62.423ms
08-05 14:51:54.403 10720 10732 I art     : Starting a blocking GC Explicit
08-05 14:51:54.463 10720 10732 I art     : Explicit concurrent mark sweep GC freed 36(1296B) AllocSpace objects, 0(0B) LOS objects, 7% free, 184MB/200MB, paused 1.407ms total 59.841ms
08-05 14:51:54.486 10720 10732 I art     : Starting a blocking GC Explicit
08-05 14:51:54.545 10720 10732 I art     : Explicit concurrent mark sweep GC freed 3(96B) AllocSpace objects, 0(0B) LOS objects, 7% free, 184MB/200MB, paused 1.319ms total 58.603ms
08-05 14:51:54.565 10720 10732 I art     : Starting a blocking GC Explicit
08-05 14:51:54.625 10720 10732 I art     : Explicit concurrent mark sweep GC freed 15(752B) AllocSpace objects, 0(0B) LOS objects, 7% free, 184MB/200MB, paused 1.515ms total 59.782ms
08-05 14:51:54.648 10720 10732 I art     : Starting a blocking GC Explicit
08-05 14:51:54.681 10696 10696 I ServiceManager: Waiting for service AtCmdFwd...
08-05 14:51:54.706 10720 10732 I art     : Explicit concurrent mark sweep GC freed 23(1184B) AllocSpace objects, 0(0B) LOS objects, 7% free, 184MB/200MB, paused 1.269ms total 57.341ms
08-05 14:51:55.130 10720 10733 I art     : Starting a blocking GC Explicit
08-05 14:51:55.206 10720 10733 I art     : Explicit concurrent mark sweep GC freed 1623(93KB) AllocSpace objects, 2(48KB) LOS objects, 7% free, 184MB/200MB, paused 1.427ms total 74.951ms
08-05 14:51:55.227 10720 10733 I art     : Starting a blocking GC Explicit
08-05 14:51:55.285 10720 10733 I art     : Explicit concurrent mark sweep GC freed 28(1024B) AllocSpace objects, 0(0B) LOS objects, 7% free, 184MB/200MB, paused 1.310ms total 58.031ms
08-05 14:51:55.304 10720 10733 I art     : Starting a blocking GC Explicit
08-05 14:51:55.367 10720 10733 I art     : Explicit concurrent mark sweep GC freed 3(96B) AllocSpace objects, 0(0B) LOS objects, 7% free, 184MB/200MB, paused 1.465ms total 62.280ms
08-05 14:51:55.390 10720 10733 I art     : Starting a blocking GC Explicit
08-05 14:51:55.457 10720 10733 I art     : Explicit concurrent mark sweep GC freed 3(96B) AllocSpace objects, 0(0B) LOS objects, 7% free, 184MB/200MB, paused 1.489ms total 66.885ms
08-05 14:51:55.479 10720 10733 I art     : Starting a blocking GC Explicit
08-05 14:51:55.548 10720 10733 I art     : Explicit concurrent mark sweep GC freed 3(96B) AllocSpace objects, 0(0B) LOS objects, 7% free, 184MB/200MB, paused 1.536ms total 68.823ms
08-05 14:51:55.682 10696 10696 I ServiceManager: Waiting for service AtCmdFwd...
08-05 14:51:55.980 10720 10789 I art     : Starting a blocking GC Explicit
08-05 14:51:56.062 10720 10789 I art     : Explicit concurrent mark sweep GC freed 1636(93KB) AllocSpace objects, 2(48KB) LOS objects, 7% free, 184MB/200MB, paused 1.412ms total 81.320ms
08-05 14:51:56.085 10720 10789 I art     : Starting a blocking GC Explicit
08-05 14:51:56.150 10720 10789 I art     : Explicit concurrent mark sweep GC freed 42(1456B) AllocSpace objects, 0(0B) LOS objects, 7% free, 184MB/200MB, paused 1.412ms total 64.873ms
08-05 14:51:56.170 10720 10789 I art     : Starting a blocking GC Explicit
08-05 14:51:56.238 10720 10789 I art     : Explicit concurrent mark sweep GC freed 3(96B) AllocSpace objects, 0(0B) LOS objects, 7% free, 184MB/200MB, paused 1.559ms total 67.467ms
08-05 14:51:56.260 10720 10789 I art     : Starting a blocking GC Explicit
08-05 14:51:56.327 10720 10789 I art     : Explicit concurrent mark sweep GC freed 15(752B) AllocSpace objects, 0(0B) LOS objects, 7% free, 184MB/200MB, paused 1.465ms total 66.784ms
08-05 14:51:56.349 10720 10789 I art     : Starting a blocking GC Explicit
08-05 14:51:56.414 10720 10789 I art     : Explicit concurrent mark sweep GC freed 13(640B) AllocSpace objects, 0(0B) LOS objects, 7% free, 184MB/200MB, paused 1.334ms total 64.720ms
08-05 14:51:56.682 10696 10696 I ServiceManager: Waiting for service AtCmdFwd...
08-05 14:51:56.842 10720 11113 I art     : Starting a blocking GC Explicit
08-05 14:51:56.930 10720 11113 I art     : Explicit concurrent mark sweep GC freed 1584(92KB) AllocSpace objects, 2(48KB) LOS objects, 7% free, 184MB/200MB, paused 1.607ms total 87.078ms
08-05 14:51:56.958 10720 11113 I art     : Starting a blocking GC Explicit
08-05 14:51:57.024 10720 11113 I art     : Explicit concurrent mark sweep GC freed 65(2016B) AllocSpace objects, 0(0B) LOS objects, 7% free, 184MB/200MB, paused 1.453ms total 66.043ms
08-05 14:51:57.046 10720 11113 I art     : Starting a blocking GC Explicit
08-05 14:51:57.109 10720 11113 I art     : Explicit concurrent mark sweep GC freed 3(96B) AllocSpace objects, 0(0B) LOS objects, 7% free, 184MB/200MB, paused 1.423ms total 62.641ms
08-05 14:51:57.129 10720 11113 I art     : Starting a blocking GC Explicit
08-05 14:51:57.196 10720 11113 I art     : Explicit concurrent mark sweep GC freed 3(96B) AllocSpace objects, 0(0B) LOS objects, 7% free, 184MB/200MB, paused 1.332ms total 66.130ms
08-05 14:51:57.218 10720 11113 I art     : Starting a blocking GC Explicit
08-05 14:51:57.279   518   646 I ThermalEngine: ACTION: GPU - Setting GPU[0] to 510000000
08-05 14:51:57.282 10720 11113 I art     : Explicit concurrent mark sweep GC freed 3(96B) AllocSpace objects, 0(0B) LOS objects, 7% free, 184MB/200MB, paused 1.236ms total 63.812ms
08-05 14:51:57.684 10696 10696 I ServiceManager: Waiting for service AtCmdFwd...
08-05 14:51:57.686 10720 12263 I art     : Starting a blocking GC Explicit
08-05 14:51:57.748 10720 12263 I art     : Explicit concurrent mark sweep GC freed 1598(92KB) AllocSpace objects, 2(48KB) LOS objects, 7% free, 184MB/200MB, paused 1.342ms total 61.702ms
08-05 14:51:57.768 10720 12263 I art     : Starting a blocking GC Explicit
08-05 14:51:57.817 10720 12263 I art     : Explicit concurrent mark sweep GC freed 38(1568B) AllocSpace objects, 0(0B) LOS objects, 7% free, 184MB/200MB, paused 1.045ms total 49.111ms
08-05 14:51:57.832 10720 12263 I art     : Starting a blocking GC Explicit
08-05 14:51:57.880 10720 12263 I art     : Explicit concurrent mark sweep GC freed 3(96B) AllocSpace objects, 0(0B) LOS objects, 7% free, 184MB/200MB, paused 1.014ms total 48.032ms
08-05 14:51:57.895 10720 12263 I art     : Starting a blocking GC Explicit
08-05 14:51:57.941 10720 12263 I art     : Explicit concurrent mark sweep GC freed 39(1056B) AllocSpace objects, 0(0B) LOS objects, 7% free, 184MB/200MB, paused 900us total 45.391ms
08-05 14:51:57.956 10720 12263 I art     : Starting a blocking GC Explicit
08-05 14:51:58.000 10720 12263 I art     : Explicit concurrent mark sweep GC freed 4(128B) AllocSpace objects, 0(0B) LOS objects, 7% free, 184MB/200MB, paused 1.043ms total 43.677ms
08-05 14:51:58.368 13205 13205 D AndroidRuntime: >>>>>> START com.android.internal.os.RuntimeInit uid 2000 <<<<<<
08-05 14:51:58.374 13205 13205 D AndroidRuntime: CheckJNI is OFF
08-05 14:51:58.398 10720 10732 I art     : Starting a blocking GC Explicit
08-05 14:51:58.412 13205 13205 D ICU     : No timezone override file found: /data/misc/zoneinfo/current/icu/icu_tzdata.dat
08-05 14:51:58.445 10720 10732 I art     : Explicit concurrent mark sweep GC freed 1586(92KB) AllocSpace objects, 2(48KB) LOS objects, 7% free, 184MB/200MB, paused 1.043ms total 46.229ms
08-05 14:51:58.447 13205 13205 I Radio-JNI: register_android_hardware_Radio DONE
08-05 14:51:58.460 10720 10732 I art     : Starting a blocking GC Explicit
08-05 14:51:58.470 13205 13205 D AndroidRuntime: Calling main entry com.android.commands.input.Input
08-05 14:51:58.472 13205 13205 I Input   : injectKeyEvent: KeyEvent { action=ACTION_DOWN, keyCode=KEYCODE_BACK, scanCode=0, metaState=0, flags=0x0, repeatCount=0, eventTime=802334885, downTime=802334885, deviceId=-1, source=0x101 }
08-05 14:51:58.477 13205 13205 I Input   : injectKeyEvent: KeyEvent { action=ACTION_UP, keyCode=KEYCODE_BACK, scanCode=0, metaState=0, flags=0x0, repeatCount=0, eventTime=802334885, downTime=802334885, deviceId=-1, source=0x101 }
08-05 14:51:58.482 13205 13205 D AndroidRuntime: Shutting down VM
08-05 14:51:58.496 10720 10720 V MainActivity: url = https://project-travel-mate.herokuapp.com/api/number-of-unread-notifications
08-05 14:51:58.502 10720 10732 I art     : Explicit concurrent mark sweep GC freed 349(14KB) AllocSpace objects, 0(0B) LOS objects, 7% free, 184MB/200MB, paused 1.367ms total 41.397ms
08-05 14:51:58.515 10720 10732 I art     : Starting a blocking GC Explicit
08-05 14:51:58.525 13866 13866 I GoogleInputMethodServic: GoogleInputMethodService.onFinishInput():3138 
08-05 14:51:58.526 13866 13866 I GoogleInputMethodServic: GoogleInputMethodService.onStartInput():1808 
08-05 14:51:58.561 10720 10732 I art     : Explicit concurrent mark sweep GC freed 126(4KB) AllocSpace objects, 0(0B) LOS objects, 7% free, 184MB/200MB, paused 1.201ms total 45.315ms
08-05 14:51:58.576 10720 10732 I art     : Starting a blocking GC Explicit
08-05 14:51:58.615 10720 10732 I art     : Explicit concurrent mark sweep GC freed 103(6KB) AllocSpace objects, 0(0B) LOS objects, 7% free, 184MB/200MB, paused 929us total 39.527ms
08-05 14:51:58.630 10720 10732 I art     : Starting a blocking GC Explicit
08-05 14:51:58.676 10720 10732 I art     : Explicit concurrent mark sweep GC freed 5(176B) AllocSpace objects, 0(0B) LOS objects, 7% free, 184MB/200MB, paused 924us total 45.868ms
08-05 14:51:58.676 10720 10731 I art     : WaitForGcToComplete blocked for 44.056ms for cause HeapTrim
08-05 14:51:58.684 10696 10696 W Atfwd_Sendcmd: AtCmdFwd service not published, waiting... retryCnt : 3
08-05 14:51:58.815   380   380 W SurfaceFlinger: couldn't log to binary event log: overflow.
08-05 14:51:59.027 10720 10789 I art     : Starting a blocking GC Explicit
08-05 14:51:59.092 10720 10789 I art     : Explicit concurrent mark sweep GC freed 2054(112KB) AllocSpace objects, 2(48KB) LOS objects, 7% free, 184MB/200MB, paused 1.210ms total 64.168ms
08-05 14:51:59.110 10720 10789 I art     : Starting a blocking GC Explicit
08-05 14:51:59.158 10720 10789 I art     : Explicit concurrent mark sweep GC freed 160(7KB) AllocSpace objects, 0(0B) LOS objects, 7% free, 184MB/200MB, paused 1.248ms total 48.153ms
08-05 14:51:59.173 10720 10789 I art     : Starting a blocking GC Explicit
08-05 14:51:59.220 10720 10789 I art     : Explicit concurrent mark sweep GC freed 3(96B) AllocSpace objects, 0(0B) LOS objects, 7% free, 184MB/200MB, paused 1.072ms total 47.285ms
08-05 14:51:59.235 10720 10789 I art     : Starting a blocking GC Explicit
08-05 14:51:59.284 10720 10789 I art     : Explicit concurrent mark sweep GC freed 634(54KB) AllocSpace objects, 0(0B) LOS objects, 7% free, 184MB/200MB, paused 1.218ms total 48.749ms
08-05 14:51:59.299 10720 10789 I art     : Starting a blocking GC Explicit
08-05 14:51:59.346 10720 10789 I art     : Explicit concurrent mark sweep GC freed 1999(88KB) AllocSpace objects, 3(200KB) LOS objects, 7% free, 184MB/200MB, paused 1.071ms total 46.371ms
08-05 14:51:59.349 10720 13228 I NAPPA_EXPERIMENTATION: MetricNetworkRequestExecutionTime: REQUEST_DURATION_SYSTEM='852',REQUEST_DURATION_OKHTTP='36',REQUEST_SYNCHRONOUS='FALSE',RESPONSE_CODE='200',RESPONSE_METHOD='GET',RESPONSE_LENGTH_OKHTTP='36',RESPONSE_LENGTH_HEADER='36',REQUEST_PROTOCOL='http/1.1',REQUEST_URL='https://project-travel-mate.herokuapp.com/api/number-of-unread-notifications',
08-05 14:51:59.718 10720 10733 I art     : Starting a blocking GC Explicit
08-05 14:51:59.767 10720 10733 I art     : Explicit concurrent mark sweep GC freed 2703(214KB) AllocSpace objects, 2(48KB) LOS objects, 7% free, 184MB/200MB, paused 1.040ms total 47.979ms
08-05 14:51:59.781 10720 10733 I art     : Starting a blocking GC Explicit
08-05 14:51:59.825 10720 10733 I art     : Explicit concurrent mark sweep GC freed 41(1584B) AllocSpace objects, 0(0B) LOS objects, 7% free, 184MB/200MB, paused 1.066ms total 44.409ms
08-05 14:51:59.840 10720 10733 I art     : Starting a blocking GC Explicit
08-05 14:51:59.885 10720 10733 I art     : Explicit concurrent mark sweep GC freed 3(96B) AllocSpace objects, 0(0B) LOS objects, 7% free, 184MB/200MB, paused 1.030ms total 45.028ms
08-05 14:51:59.900 10720 10733 I art     : Starting a blocking GC Explicit
08-05 14:51:59.946 10720 10733 I art     : Explicit concurrent mark sweep GC freed 39(1056B) AllocSpace objects, 0(0B) LOS objects, 7% free, 184MB/200MB, paused 1.033ms total 45.604ms
08-05 14:51:59.961 10720 10733 I art     : Starting a blocking GC Explicit
08-05 14:52:00.006 10720 10733 I art     : Explicit concurrent mark sweep GC freed 4(128B) AllocSpace objects, 0(0B) LOS objects, 7% free, 184MB/200MB, paused 917us total 44.566ms
08-05 14:52:00.137 13250 13250 D AndroidRuntime: >>>>>> START com.android.internal.os.RuntimeInit uid 2000 <<<<<<
08-05 14:52:00.145 13250 13250 D AndroidRuntime: CheckJNI is OFF
08-05 14:52:00.177 13250 13250 D ICU     : No timezone override file found: /data/misc/zoneinfo/current/icu/icu_tzdata.dat
08-05 14:52:00.208 13250 13250 I Radio-JNI: register_android_hardware_Radio DONE
08-05 14:52:00.229 13250 13250 D AndroidRuntime: Calling main entry com.android.commands.input.Input
08-05 14:52:00.231 13250 13250 I Input   : injectMotionEvent: MotionEvent { action=ACTION_DOWN, actionButton=0, id[0]=0, x[0]=657.0, y[0]=2037.0, toolType[0]=TOOL_TYPE_UNKNOWN, buttonState=0, metaState=0, flags=0x0, edgeFlags=0x0, pointerCount=1, historySize=0, eventTime=802336644, downTime=802336644, deviceId=0, source=0x1002 }
08-05 14:52:00.237 13250 13250 I Input   : injectMotionEvent: MotionEvent { action=ACTION_UP, actionButton=0, id[0]=0, x[0]=657.0, y[0]=2037.0, toolType[0]=TOOL_TYPE_UNKNOWN, buttonState=0, metaState=0, flags=0x0, edgeFlags=0x0, pointerCount=1, historySize=0, eventTime=802336644, downTime=802336644, deviceId=0, source=0x1002 }
08-05 14:52:00.239 13250 13250 D AndroidRuntime: Shutting down VM
08-05 14:52:00.251   918  6111 I ActivityManager: START u0 {cmp=baseline.io.github.project_travel_mate/.utilities.CompassActivity} from uid 10674 on display 0
08-05 14:52:00.253   512  2967 D audio_hw_primary: out_set_parameters: enter: usecase(1: low-latency-playback) kvpairs: routing=2
08-05 14:52:00.266   512  2967 D audio_hw_primary: select_devices: out_snd_device(2: speaker) in_snd_device(0: none)
08-05 14:52:00.266   512  2967 D msm8974_platform: platform_send_audio_calibration: sending audio calibration for snd_device(2) acdb_id(15)
08-05 14:52:00.266   512  2967 I soundtrigger: audio_extn_sound_trigger_update_device_status: device 0x2 of type 0 for Event 1
08-05 14:52:00.277   512  2967 D audio_hw_primary: enable_snd_device: snd_device(2: speaker)
08-05 14:52:00.279   512  2967 D audio_hw_primary: enable_audio_route: apply and update mixer path: low-latency-playback speaker
08-05 14:52:00.379 10720 10733 I art     : Waiting for a blocking GC Explicit
08-05 14:52:00.385 10720 10733 I art     : WaitForGcToComplete blocked for 6.909ms for cause Explicit
08-05 14:52:00.385 10720 10733 I art     : Starting a blocking GC Explicit
08-05 14:52:00.426 10720 10733 I art     : Explicit concurrent mark sweep GC freed 64(2480B) AllocSpace objects, 0(0B) LOS objects, 6% free, 233MB/249MB, paused 1.056ms total 40.347ms
08-05 14:52:00.440 10720 10733 I art     : Starting a blocking GC Explicit
08-05 14:52:00.481 10720 10733 I art     : Explicit concurrent mark sweep GC freed 5(176B) AllocSpace objects, 0(0B) LOS objects, 6% free, 233MB/249MB, paused 1.063ms total 40.578ms
08-05 14:52:00.495 10720 10733 I art     : Starting a blocking GC Explicit
08-05 14:52:00.537 10720 10733 I art     : Explicit concurrent mark sweep GC freed 3(96B) AllocSpace objects, 0(0B) LOS objects, 6% free, 233MB/249MB, paused 1.101ms total 41.586ms
08-05 14:52:00.550 10720 10733 I art     : Starting a blocking GC Explicit
08-05 14:52:00.592 10720 10733 I art     : Explicit concurrent mark sweep GC freed 3(96B) AllocSpace objects, 0(0B) LOS objects, 6% free, 233MB/249MB, paused 1.085ms total 41.676ms
08-05 14:52:00.606 10720 10733 I art     : Starting a blocking GC Explicit
08-05 14:52:00.651 10720 10733 I art     : Explicit concurrent mark sweep GC freed 7(224B) AllocSpace objects, 0(0B) LOS objects, 6% free, 236MB/252MB, paused 1.122ms total 44.502ms
08-05 14:52:00.673 10720 10720 D CompassActivity: start compass
08-05 14:52:00.674   918  6111 I sensors : batch
08-05 14:52:00.674   918  6111 I sensors : activate
08-05 14:52:00.674   918   929 I sensors : batch
08-05 14:52:00.674   918   929 I sensors : activate
08-05 14:52:00.680   918  3188 I hubconnection: sensorhub said: 'batch 1 flags:0, sampling_rate_Hz:50.00, max_report_latency_us:0'
08-05 14:52:00.681   918  3188 I hubconnection: sensorhub said: 'activate 1 enable:1'
08-05 14:52:00.682   918  3188 I hubconnection: sensorhub said: 'batch 3 flags:0, sampling_rate_Hz:50.00, max_report_latency_us:0'
08-05 14:52:00.683   918  3188 I hubconnection: sensorhub said: 'activate 3 enable:1'
08-05 14:52:00.818   918   936 I ActivityManager: Displayed baseline.io.github.project_travel_mate/.utilities.CompassActivity: +550ms
08-05 14:52:00.818 13866 13866 I GoogleInputMethodServic: GoogleInputMethodService.onFinishInput():3138 
08-05 14:52:00.819 13866 13866 I GoogleInputMethodServic: GoogleInputMethodService.onStartInput():1808 
08-05 14:52:00.820   512  2967 D audio_hw_primary: disable_audio_route: reset and update mixer path: low-latency-playback speaker
08-05 14:52:00.820   512  2967 D audio_hw_primary: disable_snd_device: snd_device(2: speaker)
08-05 14:52:00.828   512  2967 I soundtrigger: audio_extn_sound_trigger_update_device_status: device 0x2 of type 0 for Event 0
08-05 14:52:00.890 10720 10720 D CompassActivity: will set rotation from 0.0 to 179.87982
08-05 14:52:00.891 10720 10720 D CompassActivity: will set rotation from 179.87982 to 179.55377
08-05 14:52:00.891 10720 10720 D CompassActivity: will set rotation from 179.55377 to 179.56287
08-05 14:52:00.891 10720 10720 D CompassActivity: will set rotation from 179.56287 to 179.5072
08-05 14:52:00.891 10720 10720 D CompassActivity: will set rotation from 179.5072 to 179.52777
08-05 14:52:00.896 10720 10720 D CompassActivity: will set rotation from 179.52777 to 179.29828
08-05 14:52:00.896 10720 10720 D CompassActivity: will set rotation from 179.29828 to 179.31635
08-05 14:52:00.916 10720 10720 D CompassActivity: will set rotation from 179.31635 to 179.41779
08-05 14:52:00.916 10720 10720 D CompassActivity: will set rotation from 179.41779 to 179.43018
08-05 14:52:00.936 10720 10720 D CompassActivity: will set rotation from 179.43018 to 179.29108
08-05 14:52:00.937 10720 10720 D CompassActivity: will set rotation from 179.29108 to 179.28857
08-05 14:52:00.942 24365 17236 I NetworkScheduler.Stats: Task com.google.android.apps.gcs/ started execution. cause:4 exec_start_elapsed_seconds: 1785724 [CONTEXT service_id=218 ]
08-05 14:52:00.943 11962 13283 W Gcs.WfaEliRefreshTask: [26661] afk.b: NULL eligibility response.
08-05 14:52:00.945 24365 17236 I NetworkScheduler.Stats: Task com.google.android.apps.gcs/ finished executing. cause:4 result: 3 elapsed_millis: 6 uptime_millis: 7 exec_start_elapsed_seconds: 1785724 [CONTEXT service_id=218 ]
08-05 14:52:00.956 10720 10720 D CompassActivity: will set rotation from 179.28857 to 179.37988
08-05 14:52:00.956 10720 10720 D CompassActivity: will set rotation from 179.37988 to 179.3667
08-05 14:52:00.976 10720 10720 D CompassActivity: will set rotation from 179.3667 to 179.37195
08-05 14:52:00.976 10720 10720 D CompassActivity: will set rotation from 179.37195 to 179.36072
08-05 14:52:00.994 10720 10732 I art     : Starting a blocking GC Explicit
08-05 14:52:00.996 10720 10720 D CompassActivity: will set rotation from 179.36072 to 179.37866
08-05 14:52:00.996 10720 10720 D CompassActivity: will set rotation from 179.37866 to 179.36853
08-05 14:52:01.016 10720 10720 D CompassActivity: will set rotation from 179.36853 to 179.4881
08-05 14:52:01.016 10720 10720 D CompassActivity: will set rotation from 179.4881 to 179.48462
08-05 14:52:01.039 10720 10720 D CompassActivity: will set rotation from 179.48462 to 179.48132
08-05 14:52:01.039 10720 10720 D CompassActivity: will set rotation from 179.48132 to 179.48889
08-05 14:52:01.039 10720 10732 I art     : Explicit concurrent mark sweep GC freed 1984(112KB) AllocSpace objects, 2(48KB) LOS objects, 6% free, 236MB/252MB, paused 1.035ms total 45.173ms
08-05 14:52:01.051   380   380 W SurfaceFlinger: couldn't log to binary event log: overflow.
08-05 14:52:01.053 10720 10732 I art     : Starting a blocking GC Explicit
08-05 14:52:01.056 10720 10720 D CompassActivity: will set rotation from 179.48889 to 179.4823
08-05 14:52:01.057 10720 10720 D CompassActivity: will set rotation from 179.4823 to 179.49231
08-05 14:52:01.075 10720 10720 D CompassActivity: will set rotation from 179.49231 to 179.48828
08-05 14:52:01.075 10720 10720 D CompassActivity: will set rotation from 179.48828 to 179.4967
08-05 14:52:01.095 10720 10732 I art     : Explicit concurrent mark sweep GC freed 338(14KB) AllocSpace objects, 0(0B) LOS objects, 6% free, 236MB/252MB, paused 881us total 41.510ms
08-05 14:52:01.095 10720 10720 D CompassActivity: will set rotation from 179.4967 to 179.49353
08-05 14:52:01.096 10720 10720 D CompassActivity: will set rotation from 179.49353 to 179.49231
08-05 14:52:01.109 10720 10732 I art     : Starting a blocking GC Explicit
08-05 14:52:01.116 10720 10720 D CompassActivity: will set rotation from 179.49231 to 179.53253
08-05 14:52:01.116 10720 10720 D CompassActivity: will set rotation from 179.53253 to 179.52429
08-05 14:52:01.136 10720 10720 D CompassActivity: will set rotation from 179.52429 to 179.59222
08-05 14:52:01.136 10720 10720 D CompassActivity: will set rotation from 179.59222 to 179.58398
08-05 14:52:01.149 10720 10732 I art     : Explicit concurrent mark sweep GC freed 123(6KB) AllocSpace objects, 0(0B) LOS objects, 6% free, 236MB/252MB, paused 1.004ms total 40.265ms
08-05 14:52:01.155 10720 10720 D CompassActivity: will set rotation from 179.58398 to 179.68195
08-05 14:52:01.155 10720 10720 D CompassActivity: will set rotation from 179.68195 to 179.67993
08-05 14:52:01.164 10720 10732 I art     : Starting a blocking GC Explicit
08-05 14:52:01.175 10720 10720 D CompassActivity: will set rotation from 179.67993 to 179.70117
08-05 14:52:01.176 10720 10720 D CompassActivity: will set rotation from 179.70117 to 179.7085
08-05 14:52:01.211 10720 10732 I art     : Explicit concurrent mark sweep GC freed 109(5KB) AllocSpace objects, 0(0B) LOS objects, 6% free, 236MB/252MB, paused 1.056ms total 46.523ms
08-05 14:52:01.225 10720 10732 I art     : Starting a blocking GC Explicit
08-05 14:52:01.252 10720 10720 D CompassActivity: will set rotation from 179.7085 to 179.69739
08-05 14:52:01.252 10720 10720 D CompassActivity: will set rotation from 179.69739 to 179.7085
08-05 14:52:01.252 10720 10720 D CompassActivity: will set rotation from 179.7085 to 179.69531
08-05 14:52:01.252 10720 10720 D CompassActivity: will set rotation from 179.69531 to 179.70313
08-05 14:52:01.252 10720 10720 D CompassActivity: will set rotation from 179.70313 to 179.69275
08-05 14:52:01.252 10720 10720 D CompassActivity: will set rotation from 179.69275 to 179.69653
08-05 14:52:01.260 10720 10720 D CompassActivity: will set rotation from 179.69653 to 179.68256
08-05 14:52:01.260 10720 10720 D CompassActivity: will set rotation from 179.68256 to 179.68365
08-05 14:52:01.267 10720 10732 I art     : Explicit concurrent mark sweep GC freed 192(8KB) AllocSpace objects, 0(0B) LOS objects, 6% free, 236MB/252MB, paused 911us total 41.832ms
08-05 14:52:01.276 10720 10720 D CompassActivity: will set rotation from 179.68365 to 179.61932
08-05 14:52:01.276 10720 10720 D CompassActivity: will set rotation from 179.61932 to 179.61829
08-05 14:52:01.295 10720 10720 D CompassActivity: will set rotation from 179.61829 to 179.58118
08-05 14:52:01.295 10720 10720 D CompassActivity: will set rotation from 179.58118 to 179.58008
08-05 14:52:01.314 10720 10720 D CompassActivity: will set rotation from 179.58008 to 179.65735
08-05 14:52:01.315 10720 10720 D CompassActivity: will set rotation from 179.65735 to 179.65448
08-05 14:52:01.336 10720 10720 D CompassActivity: will set rotation from 179.65448 to 179.67395
08-05 14:52:01.336 10720 10720 D CompassActivity: will set rotation from 179.67395 to 179.67004
08-05 14:52:01.354 10720 10720 D CompassActivity: will set rotation from 179.67004 to 179.71442
08-05 14:52:01.355 10720 10720 D CompassActivity: will set rotation from 179.71442 to 179.71423
08-05 14:52:01.374 10720 10720 D CompassActivity: will set rotation from 179.71423 to 179.80237
08-05 14:52:01.374 10720 10720 D CompassActivity: will set rotation from 179.80237 to 179.80005
08-05 14:52:01.394 10720 10720 D CompassActivity: will set rotation from 179.80005 to 179.78882
08-05 14:52:01.395 10720 10720 D CompassActivity: will set rotation from 179.78882 to 179.78894
08-05 14:52:01.415 10720 10720 D CompassActivity: will set rotation from 179.78894 to 179.84717
08-05 14:52:01.415 10720 10720 D CompassActivity: will set rotation from 179.84717 to 179.85162
08-05 14:52:01.435 10720 10720 D CompassActivity: will set rotation from 179.85162 to 179.88153
08-05 14:52:01.436 10720 10720 D CompassActivity: will set rotation from 179.88153 to 179.8847
08-05 14:52:01.456 10720 10720 D CompassActivity: will set rotation from 179.8847 to 179.84515
08-05 14:52:01.456 10720 10720 D CompassActivity: will set rotation from 179.84515 to 179.84442
08-05 14:52:01.474 10720 10720 D CompassActivity: will set rotation from 179.84442 to 179.8512
08-05 14:52:01.474 10720 10720 D CompassActivity: will set rotation from 179.8512 to 179.85052
08-05 14:52:01.494 10720 10720 D CompassActivity: will set rotation from 179.85052 to 179.88129
08-05 14:52:01.494 10720 10720 D CompassActivity: will set rotation from 179.88129 to 179.88
08-05 14:52:01.514 10720 10720 D CompassActivity: will set rotation from 179.88 to 179.88708
08-05 14:52:01.514 10720 10720 D CompassActivity: will set rotation from 179.88708 to 179.88403
08-05 14:52:01.534 10720 10720 D CompassActivity: will set rotation from 179.88403 to 179.88855
08-05 14:52:01.534 10720 10720 D CompassActivity: will set rotation from 179.88855 to 179.88434
08-05 14:52:01.555 10720 10720 D CompassActivity: will set rotation from 179.88434 to 179.86737
08-05 14:52:01.555 10720 10720 D CompassActivity: will set rotation from 179.86737 to 179.8656
08-05 14:52:01.574 10720 10720 D CompassActivity: will set rotation from 179.8656 to 179.85278
08-05 14:52:01.574 10720 10720 D CompassActivity: will set rotation from 179.85278 to 179.85608
08-05 14:52:01.593 10720 10720 D CompassActivity: will set rotation from 179.85608 to 179.86353
08-05 14:52:01.594 10720 10720 D CompassActivity: will set rotation from 179.86353 to 179.86884
08-05 14:52:01.614 10720 10720 D CompassActivity: will set rotation from 179.86884 to 179.89636
08-05 14:52:01.614 10720 10720 D CompassActivity: will set rotation from 179.89636 to 179.89832
08-05 14:52:01.617 10720 10789 I art     : Starting a blocking GC Explicit
08-05 14:52:01.634 10720 10720 D CompassActivity: will set rotation from 179.89832 to 179.94434
08-05 14:52:01.635 10720 10720 D CompassActivity: will set rotation from 179.94434 to 179.94531
08-05 14:52:01.655 10720 10720 D CompassActivity: will set rotation from 179.94531 to 179.9472
08-05 14:52:01.656 10720 10720 D CompassActivity: will set rotation from 179.9472 to 179.9444
08-05 14:52:01.669 10720 10789 I art     : Explicit concurrent mark sweep GC freed 1977(117KB) AllocSpace objects, 2(48KB) LOS objects, 6% free, 236MB/252MB, paused 1.119ms total 51.732ms
08-05 14:52:01.673 10720 10720 D CompassActivity: will set rotation from 179.9444 to 179.94519
08-05 14:52:01.674 10720 10720 D CompassActivity: will set rotation from 179.94519 to 179.9383
08-05 14:52:01.683 10720 10789 I art     : Starting a blocking GC Explicit
08-05 14:52:01.693 10720 10720 D CompassActivity: will set rotation from 179.9383 to 179.93921
08-05 14:52:01.693 10720 10720 D CompassActivity: will set rotation from 179.93921 to 179.93713
08-05 14:52:01.713 10720 10720 D CompassActivity: will set rotation from 179.93713 to 179.9206
08-05 14:52:01.714 10720 10720 D CompassActivity: will set rotation from 179.9206 to 179.92017
08-05 14:52:01.733 10720 10789 I art     : Explicit concurrent mark sweep GC freed 634(25KB) AllocSpace objects, 0(0B) LOS objects, 6% free, 236MB/252MB, paused 1.070ms total 49.187ms
08-05 14:52:01.733 10720 10720 D CompassActivity: will set rotation from 179.92017 to 179.90637
08-05 14:52:01.734 10720 10720 D CompassActivity: will set rotation from 179.90637 to 179.9104
08-05 14:52:01.752 10720 10789 I art     : Starting a blocking GC Explicit
08-05 14:52:01.757 10720 10720 D CompassActivity: will set rotation from 179.9104 to 179.89441
08-05 14:52:01.758 10720 10720 D CompassActivity: will set rotation from 179.89441 to 179.90125
08-05 14:52:01.773 10720 10720 D CompassActivity: will set rotation from 179.90125 to 179.88495
08-05 14:52:01.773 10720 10720 D CompassActivity: will set rotation from 179.88495 to 179.8891
08-05 14:52:01.792 10720 10720 D CompassActivity: will set rotation from 179.8891 to 179.87457
08-05 14:52:01.793 10720 10720 D CompassActivity: will set rotation from 179.87457 to 179.87335
08-05 14:52:01.799 10720 10789 I art     : Explicit concurrent mark sweep GC freed 146(7KB) AllocSpace objects, 0(0B) LOS objects, 6% free, 236MB/252MB, paused 1.038ms total 45.829ms
08-05 14:52:01.813 10720 10720 D CompassActivity: will set rotation from 179.87335 to 179.8789
08-05 14:52:01.813 10720 10720 D CompassActivity: will set rotation from 179.8789 to 179.87451
08-05 14:52:01.814 10720 10789 I art     : Starting a blocking GC Explicit
08-05 14:52:01.833 10720 10720 D CompassActivity: will set rotation from 179.87451 to 179.88068
08-05 14:52:01.834 10720 10720 D CompassActivity: will set rotation from 179.88068 to 179.8722
08-05 14:52:01.857 10720 10720 D CompassActivity: will set rotation from 179.8722 to 179.85907
08-05 14:52:01.857 10720 10720 D CompassActivity: will set rotation from 179.85907 to 179.85693
08-05 14:52:01.865 10720 10789 I art     : Explicit concurrent mark sweep GC freed 161(7KB) AllocSpace objects, 0(0B) LOS objects, 6% free, 236MB/252MB, paused 1.060ms total 50.852ms
08-05 14:52:01.875 10720 10720 D CompassActivity: will set rotation from 179.85693 to 179.84442
08-05 14:52:01.876 10720 10720 D CompassActivity: will set rotation from 179.84442 to 179.84692
08-05 14:52:01.884 10720 10789 I art     : Starting a blocking GC Explicit
08-05 14:52:01.895 10720 10720 D CompassActivity: will set rotation from 179.84692 to 179.83398
08-05 14:52:01.896 10720 10720 D CompassActivity: will set rotation from 179.83398 to 179.83606
08-05 14:52:01.912 10720 10720 D CompassActivity: will set rotation from 179.83606 to 179.82544
08-05 14:52:01.913 10720 10720 D CompassActivity: will set rotation from 179.82544 to 179.82733
08-05 14:52:01.931 10720 10789 I art     : Explicit concurrent mark sweep GC freed 132(6KB) AllocSpace objects, 0(0B) LOS objects, 6% free, 236MB/252MB, paused 983us total 46.956ms
08-05 14:52:01.932 10720 10720 D CompassActivity: will set rotation from 179.82733 to 179.86926
08-05 14:52:01.933 10720 10720 D CompassActivity: will set rotation from 179.86926 to 179.87524
08-05 14:52:01.954 10720 10720 D CompassActivity: will set rotation from 179.87524 to 179.87683
08-05 14:52:01.955 10720 10720 D CompassActivity: will set rotation from 179.87683 to 179.87769
08-05 14:52:01.974 10720 10720 D CompassActivity: will set rotation from 179.87769 to 179.8653
08-05 14:52:01.974 10720 10720 D CompassActivity: will set rotation from 179.8653 to 179.8623
08-05 14:52:01.992 10720 10720 D CompassActivity: will set rotation from 179.8623 to 179.88855
08-05 14:52:01.992 10720 10720 D CompassActivity: will set rotation from 179.88855 to 179.88428
08-05 14:52:02.012 10720 10720 D CompassActivity: will set rotation from 179.88428 to 179.87329
08-05 14:52:02.013 10720 10720 D CompassActivity: will set rotation from 179.87329 to 179.8714
08-05 14:52:02.032 10720 10720 D CompassActivity: will set rotation from 179.8714 to 179.87616
08-05 14:52:02.033 10720 10720 D CompassActivity: will set rotation from 179.87616 to 179.87799
08-05 14:52:02.055 10720 10720 D CompassActivity: will set rotation from 179.87799 to 179.90045
08-05 14:52:02.056 10720 10720 D CompassActivity: will set rotation from 179.90045 to 179.90295
08-05 14:52:02.075 10720 10720 D CompassActivity: will set rotation from 179.90295 to 179.94226
08-05 14:52:02.075 10720 10720 D CompassActivity: will set rotation from 179.94226 to 179.94324
08-05 14:52:02.092 10720 10720 D CompassActivity: will set rotation from 179.94324 to 179.94733
08-05 14:52:02.093 10720 10720 D CompassActivity: will set rotation from 179.94733 to 179.94922
08-05 14:52:02.112 10720 10720 D CompassActivity: will set rotation from 179.94922 to 179.95142
08-05 14:52:02.112 10720 10720 D CompassActivity: will set rotation from 179.95142 to 179.95093
08-05 14:52:02.132 10720 10720 D CompassActivity: will set rotation from 179.95093 to 179.93976
08-05 14:52:02.133 10720 10720 D CompassActivity: will set rotation from 179.93976 to 179.93677
08-05 14:52:02.155 10720 10720 D CompassActivity: will set rotation from 179.93677 to 179.95496
08-05 14:52:02.156 10720 10720 D CompassActivity: will set rotation from 179.95496 to 179.95166
08-05 14:52:02.173 10720 10720 D CompassActivity: will set rotation from 179.95166 to 179.95276
08-05 14:52:02.173 10720 10720 D CompassActivity: will set rotation from 179.95276 to 179.95026
08-05 14:52:02.192 10720 10720 D CompassActivity: will set rotation from 179.95026 to 179.93738
08-05 14:52:02.192 10720 10720 D CompassActivity: will set rotation from 179.93738 to 179.93567
08-05 14:52:02.211 10720 10720 D CompassActivity: will set rotation from 179.93567 to 179.92151
08-05 14:52:02.212 10720 10720 D CompassActivity: will set rotation from 179.92151 to 179.9234
08-05 14:52:02.231 10720 10720 D CompassActivity: will set rotation from 179.9234 to 179.92694
08-05 14:52:02.231 10720 10720 D CompassActivity: will set rotation from 179.92694 to 179.92981
08-05 14:52:02.251 10720 10720 D CompassActivity: will set rotation from 179.92981 to 179.91608
08-05 14:52:02.252 10720 10720 D CompassActivity: will set rotation from 179.91608 to 179.91528
08-05 14:52:02.273 10720 10720 D CompassActivity: will set rotation from 179.91528 to 179.90137
08-05 14:52:02.273 10720 10720 D CompassActivity: will set rotation from 179.90137 to 179.8999
08-05 14:52:02.292   518   646 I ThermalEngine: ACTION: GPU - Setting GPU[0] to 450000000
08-05 14:52:02.294 10720 10720 D CompassActivity: will set rotation from 179.8999 to 179.92035
08-05 14:52:02.295 10720 10720 D CompassActivity: will set rotation from 179.92035 to 179.92004
08-05 14:52:02.311 10720 10720 D CompassActivity: will set rotation from 179.92004 to 179.93817
08-05 14:52:02.312 10720 10720 D CompassActivity: will set rotation from 179.93817 to 179.93787
08-05 14:52:02.331 10720 10720 D CompassActivity: will set rotation from 179.93787 to 179.94086
08-05 14:52:02.332 10720 10720 D CompassActivity: will set rotation from 179.94086 to 179.94092
08-05 14:52:02.352 10720 10720 D CompassActivity: will set rotation from 179.94092 to 179.95892
08-05 14:52:02.353 10720 10720 D CompassActivity: will set rotation from 179.95892 to 179.95898
08-05 14:52:02.355 10720 10732 I art     : Starting a blocking GC Explicit
08-05 14:52:02.372 10720 10720 D CompassActivity: will set rotation from 179.95898 to 179.9613
08-05 14:52:02.372 10720 10720 D CompassActivity: will set rotation from 179.9613 to 179.96234
08-05 14:52:02.391 10720 10720 D CompassActivity: will set rotation from 179.96234 to 179.94781
08-05 14:52:02.391 10720 10720 D CompassActivity: will set rotation from 179.94781 to 179.94897
08-05 14:52:02.411 10720 10720 D CompassActivity: will set rotation from 179.94897 to 179.95007
08-05 14:52:02.411 10720 10720 D CompassActivity: will set rotation from 179.95007 to 179.95013
08-05 14:52:02.420 10720 10732 I art     : Explicit concurrent mark sweep GC freed 2083(123KB) AllocSpace objects, 2(48KB) LOS objects, 6% free, 236MB/252MB, paused 1.464ms total 64.853ms
08-05 14:52:02.431 10720 10720 D CompassActivity: will set rotation from 179.95013 to 179.93701
08-05 14:52:02.431 10720 10720 D CompassActivity: will set rotation from 179.93701 to 179.93597
08-05 14:52:02.441 10720 10732 I art     : Starting a blocking GC Explicit
08-05 14:52:02.451 10720 10720 D CompassActivity: will set rotation from 179.93597 to 179.92236
08-05 14:52:02.452 10720 10720 D CompassActivity: will set rotation from 179.92236 to 179.92383
08-05 14:52:02.474 10720 10720 D CompassActivity: will set rotation from 179.92383 to 179.96033
08-05 14:52:02.475 10720 10720 D CompassActivity: will set rotation from 179.96033 to 179.9596
08-05 14:52:02.494 10720 10720 D CompassActivity: will set rotation from 179.9596 to 179.96039
08-05 14:52:02.496 10720 10720 D CompassActivity: will set rotation from 179.96039 to 179.95898
08-05 14:52:02.498 10720 10732 I art     : Explicit concurrent mark sweep GC freed 828(32KB) AllocSpace objects, 0(0B) LOS objects, 6% free, 236MB/252MB, paused 2.052ms total 56.226ms
08-05 14:52:02.510 10720 10720 D CompassActivity: will set rotation from 179.95898 to 179.9621
08-05 14:52:02.511 10720 10720 D CompassActivity: will set rotation from 179.9621 to 179.95984
08-05 14:52:02.518 10720 10732 I art     : Starting a blocking GC Explicit
08-05 14:52:02.530 10720 10720 D CompassActivity: will set rotation from 179.95984 to 179.97607
08-05 14:52:02.531 10720 10720 D CompassActivity: will set rotation from 179.97607 to 179.97223
08-05 14:52:02.550 10720 10720 D CompassActivity: will set rotation from 179.97223 to 179.95984
08-05 14:52:02.551 10720 10720 D CompassActivity: will set rotation from 179.95984 to 179.95782
08-05 14:52:02.571 10720 10720 D CompassActivity: will set rotation from 179.95782 to 179.94196
08-05 14:52:02.572 10720 10720 D CompassActivity: will set rotation from 179.94196 to 179.94293
08-05 14:52:02.572 10720 10732 I art     : Explicit concurrent mark sweep GC freed 155(7KB) AllocSpace objects, 0(0B) LOS objects, 6% free, 236MB/252MB, paused 1.234ms total 53.916ms
08-05 14:52:02.590 10720 10720 D CompassActivity: will set rotation from 179.94293 to 179.92761
08-05 14:52:02.590 10720 10720 D CompassActivity: will set rotation from 179.92761 to 179.92822
08-05 14:52:02.591 10720 10732 I art     : Starting a blocking GC Explicit
08-05 14:52:02.609 10720 10720 D CompassActivity: will set rotation from 179.92822 to 179.8988
08-05 14:52:02.610 10720 10720 D CompassActivity: will set rotation from 179.8988 to 179.89941
08-05 14:52:02.629 10720 10720 D CompassActivity: will set rotation from 179.89941 to 179.90259
08-05 14:52:02.630 10720 10720 D CompassActivity: will set rotation from 179.90259 to 179.90479
08-05 14:52:02.644 10720 10732 I art     : Explicit concurrent mark sweep GC freed 159(7KB) AllocSpace objects, 0(0B) LOS objects, 6% free, 236MB/252MB, paused 1.200ms total 53.234ms
08-05 14:52:02.650 10720 10720 D CompassActivity: will set rotation from 179.90479 to 179.90564
08-05 14:52:02.650 10720 10720 D CompassActivity: will set rotation from 179.90564 to 179.90674
08-05 14:52:02.664 10720 10732 I art     : Starting a blocking GC Explicit
08-05 14:52:02.672 10720 10720 D CompassActivity: will set rotation from 179.90674 to 179.92358
08-05 14:52:02.672 10720 10720 D CompassActivity: will set rotation from 179.92358 to 179.92236
08-05 14:52:02.690 10720 10720 D CompassActivity: will set rotation from 179.92236 to 179.90796
08-05 14:52:02.691 10720 10720 D CompassActivity: will set rotation from 179.90796 to 179.90472
08-05 14:52:02.710 10720 10720 D CompassActivity: will set rotation from 179.90472 to 179.8778
08-05 14:52:02.711 10720 10720 D CompassActivity: will set rotation from 179.8778 to 179.8764
08-05 14:52:02.721 10720 10732 I art     : Explicit concurrent mark sweep GC freed 175(8KB) AllocSpace objects, 0(0B) LOS objects, 6% free, 236MB/252MB, paused 1.429ms total 56.357ms
08-05 14:52:02.732 10720 10720 D CompassActivity: will set rotation from 179.8764 to 179.88092
08-05 14:52:02.732 10720 10720 D CompassActivity: will set rotation from 179.88092 to 179.87994
08-05 14:52:02.750 10720 10720 D CompassActivity: will set rotation from 179.87994 to 179.89734
08-05 14:52:02.751 10720 10720 D CompassActivity: will set rotation from 179.89734 to 179.89929
08-05 14:52:02.771 10720 10720 D CompassActivity: will set rotation from 179.89929 to 179.91687
08-05 14:52:02.771 10720 10720 D CompassActivity: will set rotation from 179.91687 to 179.91693
08-05 14:52:02.791 10720 10720 D CompassActivity: will set rotation from 179.91693 to 179.91956
08-05 14:52:02.792 10720 10720 D CompassActivity: will set rotation from 179.91956 to 179.91986
08-05 14:52:02.810 10720 10720 D CompassActivity: will set rotation from 179.91986 to 179.93604
08-05 14:52:02.810 10720 10720 D CompassActivity: will set rotation from 179.93604 to 179.93689
08-05 14:52:02.830 10720 10720 D CompassActivity: will set rotation from 179.93689 to 179.90692
08-05 14:52:02.831 10720 10720 D CompassActivity: will set rotation from 179.90692 to 179.90747
08-05 14:52:02.850 10720 10720 D CompassActivity: will set rotation from 179.90747 to 179.89594
08-05 14:52:02.850 10720 10720 D CompassActivity: will set rotation from 179.89594 to 179.89252
08-05 14:52:02.873 10720 10720 D CompassActivity: will set rotation from 179.89252 to 179.91089
08-05 14:52:02.874 10720 10720 D CompassActivity: will set rotation from 179.91089 to 179.90924
08-05 14:52:02.890 10720 10720 D CompassActivity: will set rotation from 179.90924 to 179.88245
08-05 14:52:02.890 10720 10720 D CompassActivity: will set rotation from 179.88245 to 179.8836
08-05 14:52:02.910 10720 10720 D CompassActivity: will set rotation from 179.8836 to 179.90137
08-05 14:52:02.910 10720 10720 D CompassActivity: will set rotation from 179.90137 to 179.90308
08-05 14:52:02.929 10720 10720 D CompassActivity: will set rotation from 179.90308 to 179.90747
08-05 14:52:02.929 10720 10720 D CompassActivity: will set rotation from 179.90747 to 179.90839
08-05 14:52:02.949 10720 10720 D CompassActivity: will set rotation from 179.90839 to 179.91193
08-05 14:52:02.950 10720 10720 D CompassActivity: will set rotation from 179.91193 to 179.91089
08-05 14:52:02.971 10720 10720 D CompassActivity: will set rotation from 179.91089 to 179.8963
08-05 14:52:02.972 10720 10720 D CompassActivity: will set rotation from 179.8963 to 179.89471
08-05 14:52:02.988 10720 10720 D CompassActivity: will set rotation from 179.89471 to 179.86707
08-05 14:52:02.989 10720 10720 D CompassActivity: will set rotation from 179.86707 to 179.86578
08-05 14:52:03.008 10720 10720 D CompassActivity: will set rotation from 179.86578 to 179.85553
08-05 14:52:03.008 10720 10720 D CompassActivity: will set rotation from 179.85553 to 179.85486
08-05 14:52:03.013 13308 13308 D AndroidRuntime: >>>>>> START com.android.internal.os.RuntimeInit uid 2000 <<<<<<
08-05 14:52:03.019 13308 13308 D AndroidRuntime: CheckJNI is OFF
08-05 14:52:03.027 10720 10720 D CompassActivity: will set rotation from 179.85486 to 179.84418
08-05 14:52:03.028 10720 10720 D CompassActivity: will set rotation from 179.84418 to 179.8443
08-05 14:52:03.048 10720 10720 D CompassActivity: will set rotation from 179.8443 to 179.84888
08-05 14:52:03.048 10720 10720 D CompassActivity: will set rotation from 179.84888 to 179.85022
08-05 14:52:03.060 13308 13308 D ICU     : No timezone override file found: /data/misc/zoneinfo/current/icu/icu_tzdata.dat
08-05 14:52:03.068 10720 10720 D CompassActivity: will set rotation from 179.85022 to 179.85535
08-05 14:52:03.069 10720 10720 D CompassActivity: will set rotation from 179.85535 to 179.8573
08-05 14:52:03.090 10720 10720 D CompassActivity: will set rotation from 179.8573 to 179.85791
08-05 14:52:03.091 10720 10720 D CompassActivity: will set rotation from 179.85791 to 179.85907
08-05 14:52:03.103 13308 13308 I Radio-JNI: register_android_hardware_Radio DONE
08-05 14:52:03.108 10720 10720 D CompassActivity: will set rotation from 179.85907 to 179.82916
08-05 14:52:03.108 10720 10720 D CompassActivity: will set rotation from 179.82916 to 179.82788
08-05 14:52:03.127 10720 10720 D CompassActivity: will set rotation from 179.82788 to 179.81744
08-05 14:52:03.127 10720 10720 D CompassActivity: will set rotation from 179.81744 to 179.81311
08-05 14:52:03.131 13308 13308 D AndroidRuntime: Calling main entry com.android.commands.input.Input
08-05 14:52:03.134 13308 13308 I Input   : injectKeyEvent: KeyEvent { action=ACTION_DOWN, keyCode=KEYCODE_BACK, scanCode=0, metaState=0, flags=0x0, repeatCount=0, eventTime=802339547, downTime=802339547, deviceId=-1, source=0x101 }
08-05 14:52:03.143 13308 13308 I Input   : injectKeyEvent: KeyEvent { action=ACTION_UP, keyCode=KEYCODE_BACK, scanCode=0, metaState=0, flags=0x0, repeatCount=0, eventTime=802339547, downTime=802339547, deviceId=-1, source=0x101 }
08-05 14:52:03.149 10720 11113 I art     : Starting a blocking GC Explicit
08-05 14:52:03.153 10720 10720 D CompassActivity: will set rotation from 179.81311 to 179.81848
08-05 14:52:03.153 13308 13308 D AndroidRuntime: Shutting down VM
08-05 14:52:03.153 10720 10720 D CompassActivity: will set rotation from 179.81848 to 179.81439
08-05 14:52:03.154   918  3714 I sensors : activate
08-05 14:52:03.155   918   928 I sensors : activate
08-05 14:52:03.160   918  3188 I hubconnection: sensorhub said: 'activate 1 enable:0'
08-05 14:52:03.161   918  3188 I hubconnection: sensorhub said: 'activate 3 enable:0'
08-05 14:52:03.186 10720 10720 V MainActivity: url = https://project-travel-mate.herokuapp.com/api/number-of-unread-notifications
08-05 14:52:03.207 10720 11113 I art     : Explicit concurrent mark sweep GC freed 2382(133KB) AllocSpace objects, 2(48KB) LOS objects, 6% free, 236MB/252MB, paused 1.322ms total 57.757ms
08-05 14:52:03.226 10720 11113 I art     : Starting a blocking GC Explicit
08-05 14:52:03.270   918  3188 I hubconnection: sensorhub said: 'set_bias 3: -6.2400, 0.0000, 0.0000'
08-05 14:52:03.281 10720 11113 I art     : Explicit concurrent mark sweep GC freed 777(29KB) AllocSpace objects, 0(0B) LOS objects, 6% free, 236MB/252MB, paused 1.581ms total 54.805ms
08-05 14:52:03.299 13866 13866 I GoogleInputMethodServic: GoogleInputMethodService.onFinishInput():3138 
08-05 14:52:03.299 13866 13866 I GoogleInputMethodServic: GoogleInputMethodService.onStartInput():1808 
08-05 14:52:03.300 10720 11113 I art     : Starting a blocking GC Explicit
08-05 14:52:03.356 10720 11113 I art     : Explicit concurrent mark sweep GC freed 109(6KB) AllocSpace objects, 0(0B) LOS objects, 6% free, 236MB/252MB, paused 1.455ms total 55.752ms
08-05 14:52:03.375 10720 11113 I art     : Starting a blocking GC Explicit
08-05 14:52:03.424 10720 11113 I art     : Explicit concurrent mark sweep GC freed 47(2096B) AllocSpace objects, 0(0B) LOS objects, 6% free, 236MB/252MB, paused 1.399ms total 48.887ms
08-05 14:52:03.443 10720 11113 I art     : Starting a blocking GC Explicit
08-05 14:52:03.505 10720 11113 I art     : Explicit concurrent mark sweep GC freed 7(288B) AllocSpace objects, 0(0B) LOS objects, 6% free, 236MB/252MB, paused 1.238ms total 61.568ms
08-05 14:52:03.570 10720 10720 D CompassActivity: stop compass
08-05 14:52:03.570   380   380 W SurfaceFlinger: couldn't log to binary event log: overflow.
08-05 14:52:03.853 10720 13332 I NAPPA_EXPERIMENTATION: MetricNetworkRequestExecutionTime: REQUEST_DURATION_SYSTEM='665',REQUEST_DURATION_OKHTTP='41',REQUEST_SYNCHRONOUS='FALSE',RESPONSE_CODE='200',RESPONSE_METHOD='GET',RESPONSE_LENGTH_OKHTTP='36',RESPONSE_LENGTH_HEADER='36',REQUEST_PROTOCOL='http/1.1',REQUEST_URL='https://project-travel-mate.herokuapp.com/api/number-of-unread-notifications',
08-05 14:52:03.919 10720 11113 I art     : Starting a blocking GC Explicit
08-05 14:52:03.999 10720 11113 I art     : Explicit concurrent mark sweep GC freed 4455(242KB) AllocSpace objects, 5(248KB) LOS objects, 6% free, 236MB/252MB, paused 1.527ms total 79.390ms
08-05 14:52:04.019 10720 11113 I art     : Starting a blocking GC Explicit
08-05 14:52:04.096 10720 11113 I art     : Explicit concurrent mark sweep GC freed 2235(198KB) AllocSpace objects, 3(52MB) LOS objects, 7% free, 184MB/200MB, paused 1.439ms total 76.259ms
08-05 14:52:04.115 10720 11113 I art     : Starting a blocking GC Explicit
08-05 14:52:04.172 10720 11113 I art     : Explicit concurrent mark sweep GC freed 3(96B) AllocSpace objects, 0(0B) LOS objects, 7% free, 184MB/200MB, paused 1.464ms total 56.238ms
08-05 14:52:04.192 10720 11113 I art     : Starting a blocking GC Explicit
08-05 14:52:04.249 10720 11113 I art     : Explicit concurrent mark sweep GC freed 3(96B) AllocSpace objects, 0(0B) LOS objects, 7% free, 184MB/200MB, paused 1.399ms total 57.079ms
08-05 14:52:04.269 10720 11113 I art     : Starting a blocking GC Explicit
08-05 14:52:04.329 10720 11113 I art     : Explicit concurrent mark sweep GC freed 3(96B) AllocSpace objects, 0(0B) LOS objects, 7% free, 184MB/200MB, paused 1.442ms total 60.202ms
08-05 14:52:04.733 10720 10789 I art     : Starting a blocking GC Explicit
08-05 14:52:04.797 10720 10789 I art     : Explicit concurrent mark sweep GC freed 1586(92KB) AllocSpace objects, 2(48KB) LOS objects, 7% free, 184MB/200MB, paused 1.322ms total 63.760ms
08-05 14:52:04.829 10720 10789 I art     : Starting a blocking GC Explicit
08-05 14:52:04.883 10720 10789 I art     : Explicit concurrent mark sweep GC freed 30(1088B) AllocSpace objects, 0(0B) LOS objects, 7% free, 184MB/200MB, paused 1.266ms total 53.501ms
08-05 14:52:04.902 10720 10789 I art     : Starting a blocking GC Explicit
08-05 14:52:04.925 13345 13345 D AndroidRuntime: >>>>>> START com.android.internal.os.RuntimeInit uid 2000 <<<<<<
08-05 14:52:04.931 13345 13345 D AndroidRuntime: CheckJNI is OFF
08-05 14:52:04.953 10720 10789 I art     : Explicit concurrent mark sweep GC freed 47(1312B) AllocSpace objects, 0(0B) LOS objects, 7% free, 184MB/200MB, paused 1.365ms total 51.026ms
08-05 14:52:04.971 10720 10789 I art     : Starting a blocking GC Explicit
08-05 14:52:04.973 13345 13345 D ICU     : No timezone override file found: /data/misc/zoneinfo/current/icu/icu_tzdata.dat
08-05 14:52:05.016 13345 13345 I Radio-JNI: register_android_hardware_Radio DONE
08-05 14:52:05.025 10720 10789 I art     : Explicit concurrent mark sweep GC freed 11(352B) AllocSpace objects, 0(0B) LOS objects, 7% free, 184MB/200MB, paused 1.470ms total 53.903ms
08-05 14:52:05.045 10720 10789 I art     : Starting a blocking GC Explicit
08-05 14:52:05.046 13345 13345 D AndroidRuntime: Calling main entry com.android.commands.input.Input
08-05 14:52:05.049 13345 13345 I Input   : injectMotionEvent: MotionEvent { action=ACTION_DOWN, actionButton=0, id[0]=0, x[0]=500.0, y[0]=2000.0, toolType[0]=TOOL_TYPE_UNKNOWN, buttonState=0, metaState=0, flags=0x0, edgeFlags=0x0, pointerCount=1, historySize=0, eventTime=802341461, downTime=802341461, deviceId=0, source=0x1002 }
08-05 14:52:05.057 13345 13345 I Input   : injectMotionEvent: MotionEvent { action=ACTION_MOVE, actionButton=0, id[0]=0, x[0]=500.0, y[0]=2000.0, toolType[0]=TOOL_TYPE_UNKNOWN, buttonState=0, metaState=0, flags=0x0, edgeFlags=0x0, pointerCount=1, historySize=0, eventTime=802341461, downTime=802341461, deviceId=0, source=0x1002 }
08-05 14:52:05.074 13345 13345 I Input   : injectMotionEvent: MotionEvent { action=ACTION_MOVE, actionButton=0, id[0]=0, x[0]=500.0, y[0]=1950.6, toolType[0]=TOOL_TYPE_UNKNOWN, buttonState=0, metaState=0, flags=0x0, edgeFlags=0x0, pointerCount=1, historySize=0, eventTime=802341487, downTime=802341487, deviceId=0, source=0x1002 }
08-05 14:52:05.089 13345 13345 I Input   : injectMotionEvent: MotionEvent { action=ACTION_MOVE, actionButton=0, id[0]=0, x[0]=500.0, y[0]=1922.1, toolType[0]=TOOL_TYPE_UNKNOWN, buttonState=0, metaState=0, flags=0x0, edgeFlags=0x0, pointerCount=1, historySize=0, eventTime=802341502, downTime=802341502, deviceId=0, source=0x1002 }
08-05 14:52:05.104 10720 10789 I art     : Explicit concurrent mark sweep GC freed 12(384B) AllocSpace objects, 0(0B) LOS objects, 7% free, 184MB/200MB, paused 1.293ms total 58.659ms
08-05 14:52:05.111 13345 13345 I Input   : injectMotionEvent: MotionEvent { action=ACTION_MOVE, actionButton=0, id[0]=0, x[0]=500.0, y[0]=1878.4, toolType[0]=TOOL_TYPE_UNKNOWN, buttonState=0, metaState=0, flags=0x0, edgeFlags=0x0, pointerCount=1, historySize=0, eventTime=802341525, downTime=802341525, deviceId=0, source=0x1002 }
08-05 14:52:05.123 13345 13345 I Input   : injectMotionEvent: MotionEvent { action=ACTION_MOVE, actionButton=0, id[0]=0, x[0]=500.0, y[0]=1857.5, toolType[0]=TOOL_TYPE_UNKNOWN, buttonState=0, metaState=0, flags=0x0, edgeFlags=0x0, pointerCount=1, historySize=0, eventTime=802341536, downTime=802341536, deviceId=0, source=0x1002 }
08-05 14:52:05.139 13345 13345 I Input   : injectMotionEvent: MotionEvent { action=ACTION_MOVE, actionButton=0, id[0]=0, x[0]=500.0, y[0]=1827.1, toolType[0]=TOOL_TYPE_UNKNOWN, buttonState=0, metaState=0, flags=0x0, edgeFlags=0x0, pointerCount=1, historySize=0, eventTime=802341552, downTime=802341552, deviceId=0, source=0x1002 }
08-05 14:52:05.155 13345 13345 I Input   : injectMotionEvent: MotionEvent { action=ACTION_MOVE, actionButton=0, id[0]=0, x[0]=500.0, y[0]=1794.8, toolType[0]=TOOL_TYPE_UNKNOWN, buttonState=0, metaState=0, flags=0x0, edgeFlags=0x0, pointerCount=1, historySize=0, eventTime=802341569, downTime=802341569, deviceId=0, source=0x1002 }
08-05 14:52:05.173 13345 13345 I Input   : injectMotionEvent: MotionEvent { action=ACTION_MOVE, actionButton=0, id[0]=0, x[0]=500.0, y[0]=1762.5, toolType[0]=TOOL_TYPE_UNKNOWN, buttonState=0, metaState=0, flags=0x0, edgeFlags=0x0, pointerCount=1, historySize=0, eventTime=802341586, downTime=802341586, deviceId=0, source=0x1002 }
08-05 14:52:05.189 13345 13345 I Input   : injectMotionEvent: MotionEvent { action=ACTION_MOVE, actionButton=0, id[0]=0, x[0]=500.0, y[0]=1732.1, toolType[0]=TOOL_TYPE_UNKNOWN, buttonState=0, metaState=0, flags=0x0, edgeFlags=0x0, pointerCount=1, historySize=0, eventTime=802341602, downTime=802341602, deviceId=0, source=0x1002 }
08-05 14:52:05.206 13345 13345 I Input   : injectMotionEvent: MotionEvent { action=ACTION_MOVE, actionButton=0, id[0]=0, x[0]=500.0, y[0]=1699.8, toolType[0]=TOOL_TYPE_UNKNOWN, buttonState=0, metaState=0, flags=0x0, edgeFlags=0x0, pointerCount=1, historySize=0, eventTime=802341619, downTime=802341619, deviceId=0, source=0x1002 }
08-05 14:52:05.223 13345 13345 I Input   : injectMotionEvent: MotionEvent { action=ACTION_MOVE, actionButton=0, id[0]=0, x[0]=500.0, y[0]=1665.6, toolType[0]=TOOL_TYPE_UNKNOWN, buttonState=0, metaState=0, flags=0x0, edgeFlags=0x0, pointerCount=1, historySize=0, eventTime=802341637, downTime=802341637, deviceId=0, source=0x1002 }
08-05 14:52:05.239 13345 13345 I Input   : injectMotionEvent: MotionEvent { action=ACTION_MOVE, actionButton=0, id[0]=0, x[0]=500.0, y[0]=1637.1, toolType[0]=TOOL_TYPE_UNKNOWN, buttonState=0, metaState=0, flags=0x0, edgeFlags=0x0, pointerCount=1, historySize=0, eventTime=802341652, downTime=802341652, deviceId=0, source=0x1002 }
08-05 14:52:05.258 13345 13345 I Input   : injectMotionEvent: MotionEvent { action=ACTION_MOVE, actionButton=0, id[0]=0, x[0]=500.0, y[0]=1602.9, toolType[0]=TOOL_TYPE_UNKNOWN, buttonState=0, metaState=0, flags=0x0, edgeFlags=0x0, pointerCount=1, historySize=0, eventTime=802341670, downTime=802341670, deviceId=0, source=0x1002 }
08-05 14:52:05.273 13345 13345 I Input   : injectMotionEvent: MotionEvent { action=ACTION_MOVE, actionButton=0, id[0]=0, x[0]=500.0, y[0]=1572.5, toolType[0]=TOOL_TYPE_UNKNOWN, buttonState=0, metaState=0, flags=0x0, edgeFlags=0x0, pointerCount=1, historySize=0, eventTime=802341686, downTime=802341686, deviceId=0, source=0x1002 }
08-05 14:52:05.289 13345 13345 I Input   : injectMotionEvent: MotionEvent { action=ACTION_MOVE, actionButton=0, id[0]=0, x[0]=500.0, y[0]=1540.2, toolType[0]=TOOL_TYPE_UNKNOWN, buttonState=0, metaState=0, flags=0x0, edgeFlags=0x0, pointerCount=1, historySize=0, eventTime=802341703, downTime=802341703, deviceId=0, source=0x1002 }
08-05 14:52:05.306 13345 13345 I Input   : injectMotionEvent: MotionEvent { action=ACTION_MOVE, actionButton=0, id[0]=0, x[0]=500.0, y[0]=1507.9, toolType[0]=TOOL_TYPE_UNKNOWN, buttonState=0, metaState=0, flags=0x0, edgeFlags=0x0, pointerCount=1, historySize=0, eventTime=802341720, downTime=802341720, deviceId=0, source=0x1002 }
08-05 14:52:05.323 13345 13345 I Input   : injectMotionEvent: MotionEvent { action=ACTION_MOVE, actionButton=0, id[0]=0, x[0]=500.0, y[0]=1477.5, toolType[0]=TOOL_TYPE_UNKNOWN, buttonState=0, metaState=0, flags=0x0, edgeFlags=0x0, pointerCount=1, historySize=0, eventTime=802341736, downTime=802341736, deviceId=0, source=0x1002 }
08-05 14:52:05.339 13345 13345 I Input   : injectMotionEvent: MotionEvent { action=ACTION_MOVE, actionButton=0, id[0]=0, x[0]=500.0, y[0]=1445.2, toolType[0]=TOOL_TYPE_UNKNOWN, buttonState=0, metaState=0, flags=0x0, edgeFlags=0x0, pointerCount=1, historySize=0, eventTime=802341753, downTime=802341753, deviceId=0, source=0x1002 }
08-05 14:52:05.356 13345 13345 I Input   : injectMotionEvent: MotionEvent { action=ACTION_MOVE, actionButton=0, id[0]=0, x[0]=500.0, y[0]=1414.8, toolType[0]=TOOL_TYPE_UNKNOWN, buttonState=0, metaState=0, flags=0x0, edgeFlags=0x0, pointerCount=1, historySize=0, eventTime=802341769, downTime=802341769, deviceId=0, source=0x1002 }
08-05 14:52:05.373 13345 13345 I Input   : injectMotionEvent: MotionEvent { action=ACTION_MOVE, actionButton=0, id[0]=0, x[0]=500.0, y[0]=1382.5, toolType[0]=TOOL_TYPE_UNKNOWN, buttonState=0, metaState=0, flags=0x0, edgeFlags=0x0, pointerCount=1, historySize=0, eventTime=802341786, downTime=802341786, deviceId=0, source=0x1002 }
08-05 14:52:05.390 13345 13345 I Input   : injectMotionEvent: MotionEvent { action=ACTION_MOVE, actionButton=0, id[0]=0, x[0]=500.0, y[0]=1350.2, toolType[0]=TOOL_TYPE_UNKNOWN, buttonState=0, metaState=0, flags=0x0, edgeFlags=0x0, pointerCount=1, historySize=0, eventTime=802341803, downTime=802341803, deviceId=0, source=0x1002 }
08-05 14:52:05.406 13345 13345 I Input   : injectMotionEvent: MotionEvent { action=ACTION_MOVE, actionButton=0, id[0]=0, x[0]=500.0, y[0]=1317.9, toolType[0]=TOOL_TYPE_UNKNOWN, buttonState=0, metaState=0, flags=0x0, edgeFlags=0x0, pointerCount=1, historySize=0, eventTime=802341820, downTime=802341820, deviceId=0, source=0x1002 }
08-05 14:52:05.424 13345 13345 I Input   : injectMotionEvent: MotionEvent { action=ACTION_MOVE, actionButton=0, id[0]=0, x[0]=500.0, y[0]=1283.7, toolType[0]=TOOL_TYPE_UNKNOWN, buttonState=0, metaState=0, flags=0x0, edgeFlags=0x0, pointerCount=1, historySize=0, eventTime=802341838, downTime=802341838, deviceId=0, source=0x1002 }
08-05 14:52:05.441 13345 13345 I Input   : injectMotionEvent: MotionEvent { action=ACTION_MOVE, actionButton=0, id[0]=0, x[0]=500.0, y[0]=1251.4, toolType[0]=TOOL_TYPE_UNKNOWN, buttonState=0, metaState=0, flags=0x0, edgeFlags=0x0, pointerCount=1, historySize=0, eventTime=802341855, downTime=802341855, deviceId=0, source=0x1002 }
08-05 14:52:05.459 13345 13345 I Input   : injectMotionEvent: MotionEvent { action=ACTION_MOVE, actionButton=0, id[0]=0, x[0]=500.0, y[0]=1219.1, toolType[0]=TOOL_TYPE_UNKNOWN, buttonState=0, metaState=0, flags=0x0, edgeFlags=0x0, pointerCount=1, historySize=0, eventTime=802341872, downTime=802341872, deviceId=0, source=0x1002 }
08-05 14:52:05.475 13345 13345 I Input   : injectMotionEvent: MotionEvent { action=ACTION_MOVE, actionButton=0, id[0]=0, x[0]=500.0, y[0]=1188.7, toolType[0]=TOOL_TYPE_UNKNOWN, buttonState=0, metaState=0, flags=0x0, edgeFlags=0x0, pointerCount=1, historySize=0, eventTime=802341888, downTime=802341888, deviceId=0, source=0x1002 }
08-05 14:52:05.512 10720 10789 I art     : Starting a blocking GC Explicit
08-05 14:52:05.551 13345 13345 I Input   : injectMotionEvent: MotionEvent { action=ACTION_MOVE, actionButton=0, id[0]=0, x[0]=500.0, y[0]=1044.3, toolType[0]=TOOL_TYPE_UNKNOWN, buttonState=0, metaState=0, flags=0x0, edgeFlags=0x0, pointerCount=1, historySize=0, eventTime=802341964, downTime=802341964, deviceId=0, source=0x1002 }
08-05 14:52:05.579 10720 10789 I art     : Explicit concurrent mark sweep GC freed 1663(94KB) AllocSpace objects, 2(48KB) LOS objects, 7% free, 184MB/200MB, paused 1.303ms total 66.715ms
08-05 14:52:05.599 10720 10789 I art     : Starting a blocking GC Explicit
08-05 14:52:05.614 13345 13345 I Input   : injectMotionEvent: MotionEvent { action=ACTION_MOVE, actionButton=0, id[0]=0, x[0]=500.0, y[0]=924.6, toolType[0]=TOOL_TYPE_UNKNOWN, buttonState=0, metaState=0, flags=0x0, edgeFlags=0x0, pointerCount=1, historySize=0, eventTime=802342027, downTime=802342027, deviceId=0, source=0x1002 }
08-05 14:52:05.654 10720 10789 I art     : Explicit concurrent mark sweep GC freed 69(2912B) AllocSpace objects, 0(0B) LOS objects, 7% free, 184MB/200MB, paused 1.464ms total 55.156ms
08-05 14:52:05.673 10720 10789 I art     : Starting a blocking GC Explicit
08-05 14:52:05.681 13345 13345 I Input   : injectMotionEvent: MotionEvent { action=ACTION_MOVE, actionButton=0, id[0]=0, x[0]=500.0, y[0]=795.4, toolType[0]=TOOL_TYPE_UNKNOWN, buttonState=0, metaState=0, flags=0x0, edgeFlags=0x0, pointerCount=1, historySize=0, eventTime=802342095, downTime=802342095, deviceId=0, source=0x1002 }
08-05 14:52:05.730 10720 10789 I art     : Explicit concurrent mark sweep GC freed 14(640B) AllocSpace objects, 0(0B) LOS objects, 7% free, 184MB/200MB, paused 1.491ms total 56.320ms
08-05 14:52:05.742 13345 13345 I Input   : injectMotionEvent: MotionEvent { action=ACTION_MOVE, actionButton=0, id[0]=0, x[0]=500.0, y[0]=679.5, toolType[0]=TOOL_TYPE_UNKNOWN, buttonState=0, metaState=0, flags=0x0, edgeFlags=0x0, pointerCount=1, historySize=0, eventTime=802342156, downTime=802342156, deviceId=0, source=0x1002 }
08-05 14:52:05.749 10720 10789 I art     : Starting a blocking GC Explicit
08-05 14:52:05.802 10720 10789 I art     : Explicit concurrent mark sweep GC freed 17(528B) AllocSpace objects, 0(0B) LOS objects, 7% free, 184MB/200MB, paused 1.524ms total 52.402ms
08-05 14:52:05.804 13345 13345 I Input   : injectMotionEvent: MotionEvent { action=ACTION_MOVE, actionButton=0, id[0]=0, x[0]=500.0, y[0]=563.6, toolType[0]=TOOL_TYPE_UNKNOWN, buttonState=0, metaState=0, flags=0x0, edgeFlags=0x0, pointerCount=1, historySize=0, eventTime=802342217, downTime=802342217, deviceId=0, source=0x1002 }
08-05 14:52:05.820 10720 10789 I art     : Starting a blocking GC Explicit
08-05 14:52:05.870 13345 13345 I Input   : injectMotionEvent: MotionEvent { action=ACTION_MOVE, actionButton=0, id[0]=0, x[0]=500.0, y[0]=438.19995, toolType[0]=TOOL_TYPE_UNKNOWN, buttonState=0, metaState=0, flags=0x0, edgeFlags=0x0, pointerCount=1, historySize=0, eventTime=802342283, downTime=802342283, deviceId=0, source=0x1002 }
08-05 14:52:05.874 10720 10789 I art     : Explicit concurrent mark sweep GC freed 3(96B) AllocSpace objects, 0(0B) LOS objects, 7% free, 184MB/200MB, paused 1.288ms total 53.485ms
08-05 14:52:05.932 13345 13345 I Input   : injectMotionEvent: MotionEvent { action=ACTION_MOVE, actionButton=0, id[0]=0, x[0]=500.0, y[0]=320.40002, toolType[0]=TOOL_TYPE_UNKNOWN, buttonState=0, metaState=0, flags=0x0, edgeFlags=0x0, pointerCount=1, historySize=0, eventTime=802342345, downTime=802342345, deviceId=0, source=0x1002 }
08-05 14:52:06.019 13345 13345 I Input   : injectMotionEvent: MotionEvent { action=ACTION_MOVE, actionButton=0, id[0]=0, x[0]=500.0, y[0]=153.19995, toolType[0]=TOOL_TYPE_UNKNOWN, buttonState=0, metaState=0, flags=0x0, edgeFlags=0x0, pointerCount=1, historySize=0, eventTime=802342433, downTime=802342433, deviceId=0, source=0x1002 }
08-05 14:52:06.056 13345 13345 I Input   : injectMotionEvent: MotionEvent { action=ACTION_UP, actionButton=0, id[0]=0, x[0]=500.0, y[0]=100.0, toolType[0]=TOOL_TYPE_UNKNOWN, buttonState=0, metaState=0, flags=0x0, edgeFlags=0x0, pointerCount=1, historySize=0, eventTime=802342468, downTime=802342468, deviceId=0, source=0x1002 }
08-05 14:52:06.092 13345 13345 D AndroidRuntime: Shutting down VM
08-05 14:52:06.259 10720 12263 I art     : Starting a blocking GC Explicit
08-05 14:52:06.327 10720 12263 I art     : Explicit concurrent mark sweep GC freed 1635(93KB) AllocSpace objects, 2(48KB) LOS objects, 7% free, 184MB/200MB, paused 1.215ms total 67.378ms
08-05 14:52:06.346 10720 12263 I art     : Starting a blocking GC Explicit
08-05 14:52:06.400 10720 12263 I art     : Explicit concurrent mark sweep GC freed 28(1024B) AllocSpace objects, 0(0B) LOS objects, 7% free, 184MB/200MB, paused 1.353ms total 54.412ms
08-05 14:52:06.420 10720 12263 I art     : Starting a blocking GC Explicit
08-05 14:52:06.476 10720 12263 I art     : Explicit concurrent mark sweep GC freed 4(128B) AllocSpace objects, 0(0B) LOS objects, 7% free, 184MB/200MB, paused 1.310ms total 55.735ms
08-05 14:52:06.496 10720 12263 I art     : Starting a blocking GC Explicit
08-05 14:52:06.551 10720 12263 I art     : Explicit concurrent mark sweep GC freed 6(192B) AllocSpace objects, 0(0B) LOS objects, 7% free, 184MB/200MB, paused 1.240ms total 55.346ms
08-05 14:52:06.572 10720 12263 I art     : Starting a blocking GC Explicit
08-05 14:52:06.623 10720 12263 I art     : Explicit concurrent mark sweep GC freed 7(224B) AllocSpace objects, 0(0B) LOS objects, 7% free, 184MB/200MB, paused 1.321ms total 50.701ms
08-05 14:52:06.853 13396 13396 D AndroidRuntime: >>>>>> START com.android.internal.os.RuntimeInit uid 2000 <<<<<<
08-05 14:52:06.859 13396 13396 D AndroidRuntime: CheckJNI is OFF
08-05 14:52:06.899 13396 13396 D ICU     : No timezone override file found: /data/misc/zoneinfo/current/icu/icu_tzdata.dat
08-05 14:52:06.940 13396 13396 I Radio-JNI: register_android_hardware_Radio DONE
08-05 14:52:06.970 13396 13396 D AndroidRuntime: Calling main entry com.android.commands.input.Input
08-05 14:52:06.973 13396 13396 I Input   : injectMotionEvent: MotionEvent { action=ACTION_DOWN, actionButton=0, id[0]=0, x[0]=500.0, y[0]=2000.0, toolType[0]=TOOL_TYPE_UNKNOWN, buttonState=0, metaState=0, flags=0x0, edgeFlags=0x0, pointerCount=1, historySize=0, eventTime=802343386, downTime=802343386, deviceId=0, source=0x1002 }
08-05 14:52:06.978 13396 13396 I Input   : injectMotionEvent: MotionEvent { action=ACTION_MOVE, actionButton=0, id[0]=0, x[0]=500.0, y[0]=2000.0, toolType[0]=TOOL_TYPE_UNKNOWN, buttonState=0, metaState=0, flags=0x0, edgeFlags=0x0, pointerCount=1, historySize=0, eventTime=802343386, downTime=802343386, deviceId=0, source=0x1002 }
08-05 14:52:06.991 13396 13396 I Input   : injectMotionEvent: MotionEvent { action=ACTION_MOVE, actionButton=0, id[0]=0, x[0]=500.0, y[0]=1965.8, toolType[0]=TOOL_TYPE_UNKNOWN, buttonState=0, metaState=0, flags=0x0, edgeFlags=0x0, pointerCount=1, historySize=0, eventTime=802343404, downTime=802343404, deviceId=0, source=0x1002 }
08-05 14:52:07.004 10720 11113 I art     : Starting a blocking GC Explicit
08-05 14:52:07.008 13396 13396 I Input   : injectMotionEvent: MotionEvent { action=ACTION_MOVE, actionButton=0, id[0]=0, x[0]=500.0, y[0]=1933.5, toolType[0]=TOOL_TYPE_UNKNOWN, buttonState=0, metaState=0, flags=0x0, edgeFlags=0x0, pointerCount=1, historySize=0, eventTime=802343421, downTime=802343421, deviceId=0, source=0x1002 }
08-05 14:52:07.024 13396 13396 I Input   : injectMotionEvent: MotionEvent { action=ACTION_MOVE, actionButton=0, id[0]=0, x[0]=500.0, y[0]=1901.2, toolType[0]=TOOL_TYPE_UNKNOWN, buttonState=0, metaState=0, flags=0x0, edgeFlags=0x0, pointerCount=1, historySize=0, eventTime=802343438, downTime=802343438, deviceId=0, source=0x1002 }
08-05 14:52:07.066 10720 11113 I art     : Explicit concurrent mark sweep GC freed 1657(94KB) AllocSpace objects, 2(48KB) LOS objects, 7% free, 184MB/200MB, paused 1.435ms total 61.703ms
08-05 14:52:07.068 13396 13396 I Input   : injectMotionEvent: MotionEvent { action=ACTION_MOVE, actionButton=0, id[0]=0, x[0]=500.0, y[0]=1819.5, toolType[0]=TOOL_TYPE_UNKNOWN, buttonState=0, metaState=0, flags=0x0, edgeFlags=0x0, pointerCount=1, historySize=0, eventTime=802343481, downTime=802343481, deviceId=0, source=0x1002 }
08-05 14:52:07.086 10720 11113 I art     : Starting a blocking GC Explicit
08-05 14:52:07.109 13396 13396 I Input   : injectMotionEvent: MotionEvent { action=ACTION_MOVE, actionButton=0, id[0]=0, x[0]=500.0, y[0]=1741.6, toolType[0]=TOOL_TYPE_UNKNOWN, buttonState=0, metaState=0, flags=0x0, edgeFlags=0x0, pointerCount=1, historySize=0, eventTime=802343522, downTime=802343522, deviceId=0, source=0x1002 }
08-05 14:52:07.141 10720 11113 I art     : Explicit concurrent mark sweep GC freed 48(1888B) AllocSpace objects, 0(0B) LOS objects, 7% free, 184MB/200MB, paused 1.468ms total 54.847ms
08-05 14:52:07.147 13396 13396 I Input   : injectMotionEvent: MotionEvent { action=ACTION_MOVE, actionButton=0, id[0]=0, x[0]=500.0, y[0]=1667.5, toolType[0]=TOOL_TYPE_UNKNOWN, buttonState=0, metaState=0, flags=0x0, edgeFlags=0x0, pointerCount=1, historySize=0, eventTime=802343561, downTime=802343561, deviceId=0, source=0x1002 }
08-05 14:52:07.160 10720 11113 I art     : Starting a blocking GC Explicit
08-05 14:52:07.187 13396 13396 I Input   : injectMotionEvent: MotionEvent { action=ACTION_MOVE, actionButton=0, id[0]=0, x[0]=500.0, y[0]=1591.5, toolType[0]=TOOL_TYPE_UNKNOWN, buttonState=0, metaState=0, flags=0x0, edgeFlags=0x0, pointerCount=1, historySize=0, eventTime=802343601, downTime=802343601, deviceId=0, source=0x1002 }
08-05 14:52:07.214 10720 11113 I art     : Explicit concurrent mark sweep GC freed 13(416B) AllocSpace objects, 0(0B) LOS objects, 7% free, 184MB/200MB, paused 1.475ms total 54.010ms
08-05 14:52:07.227 13396 13396 I Input   : injectMotionEvent: MotionEvent { action=ACTION_MOVE, actionButton=0, id[0]=0, x[0]=500.0, y[0]=1517.4, toolType[0]=TOOL_TYPE_UNKNOWN, buttonState=0, metaState=0, flags=0x0, edgeFlags=0x0, pointerCount=1, historySize=0, eventTime=802343640, downTime=802343640, deviceId=0, source=0x1002 }
08-05 14:52:07.233 10720 11113 I art     : Starting a blocking GC Explicit
08-05 14:52:07.265 13396 13396 I Input   : injectMotionEvent: MotionEvent { action=ACTION_MOVE, actionButton=0, id[0]=0, x[0]=500.0, y[0]=1445.2, toolType[0]=TOOL_TYPE_UNKNOWN, buttonState=0, metaState=0, flags=0x0, edgeFlags=0x0, pointerCount=1, historySize=0, eventTime=802343678, downTime=802343678, deviceId=0, source=0x1002 }
08-05 14:52:07.285 10720 11113 I art     : Explicit concurrent mark sweep GC freed 10(320B) AllocSpace objects, 0(0B) LOS objects, 7% free, 184MB/200MB, paused 1.324ms total 52.165ms
08-05 14:52:07.304 13396 13396 I Input   : injectMotionEvent: MotionEvent { action=ACTION_MOVE, actionButton=0, id[0]=0, x[0]=500.0, y[0]=1369.2, toolType[0]=TOOL_TYPE_UNKNOWN, buttonState=0, metaState=0, flags=0x0, edgeFlags=0x0, pointerCount=1, historySize=0, eventTime=802343718, downTime=802343718, deviceId=0, source=0x1002 }
08-05 14:52:07.307 10720 11113 I art     : Starting a blocking GC Explicit
08-05 14:52:07.345 13396 13396 I Input   : injectMotionEvent: MotionEvent { action=ACTION_MOVE, actionButton=0, id[0]=0, x[0]=500.0, y[0]=1293.2, toolType[0]=TOOL_TYPE_UNKNOWN, buttonState=0, metaState=0, flags=0x0, edgeFlags=0x0, pointerCount=1, historySize=0, eventTime=802343758, downTime=802343758, deviceId=0, source=0x1002 }
08-05 14:52:07.360 10720 11113 I art     : Explicit concurrent mark sweep GC freed 7(224B) AllocSpace objects, 0(0B) LOS objects, 7% free, 184MB/200MB, paused 1.283ms total 53.677ms
08-05 14:52:07.385 13396 13396 I Input   : injectMotionEvent: MotionEvent { action=ACTION_MOVE, actionButton=0, id[0]=0, x[0]=500.0, y[0]=1217.2, toolType[0]=TOOL_TYPE_UNKNOWN, buttonState=0, metaState=0, flags=0x0, edgeFlags=0x0, pointerCount=1, historySize=0, eventTime=802343798, downTime=802343798, deviceId=0, source=0x1002 }
08-05 14:52:07.423 13396 13396 I Input   : injectMotionEvent: MotionEvent { action=ACTION_MOVE, actionButton=0, id[0]=0, x[0]=500.0, y[0]=1145.0, toolType[0]=TOOL_TYPE_UNKNOWN, buttonState=0, metaState=0, flags=0x0, edgeFlags=0x0, pointerCount=1, historySize=0, eventTime=802343836, downTime=802343836, deviceId=0, source=0x1002 }
08-05 14:52:07.465 13396 13396 I Input   : injectMotionEvent: MotionEvent { action=ACTION_MOVE, actionButton=0, id[0]=0, x[0]=500.0, y[0]=1063.3, toolType[0]=TOOL_TYPE_UNKNOWN, buttonState=0, metaState=0, flags=0x0, edgeFlags=0x0, pointerCount=1, historySize=0, eventTime=802343879, downTime=802343879, deviceId=0, source=0x1002 }
08-05 14:52:07.507 13396 13396 I Input   : injectMotionEvent: MotionEvent { action=ACTION_MOVE, actionButton=0, id[0]=0, x[0]=500.0, y[0]=985.4, toolType[0]=TOOL_TYPE_UNKNOWN, buttonState=0, metaState=0, flags=0x0, edgeFlags=0x0, pointerCount=1, historySize=0, eventTime=802343920, downTime=802343920, deviceId=0, source=0x1002 }
08-05 14:52:07.545 13396 13396 I Input   : injectMotionEvent: MotionEvent { action=ACTION_MOVE, actionButton=0, id[0]=0, x[0]=500.0, y[0]=913.19995, toolType[0]=TOOL_TYPE_UNKNOWN, buttonState=0, metaState=0, flags=0x0, edgeFlags=0x0, pointerCount=1, historySize=0, eventTime=802343958, downTime=802343958, deviceId=0, source=0x1002 }
08-05 14:52:07.581 13396 13396 I Input   : injectMotionEvent: MotionEvent { action=ACTION_MOVE, actionButton=0, id[0]=0, x[0]=500.0, y[0]=844.80005, toolType[0]=TOOL_TYPE_UNKNOWN, buttonState=0, metaState=0, flags=0x0, edgeFlags=0x0, pointerCount=1, historySize=0, eventTime=802343994, downTime=802343994, deviceId=0, source=0x1002 }
08-05 14:52:07.628 13396 13396 I Input   : injectMotionEvent: MotionEvent { action=ACTION_MOVE, actionButton=0, id[0]=0, x[0]=500.0, y[0]=755.5, toolType[0]=TOOL_TYPE_UNKNOWN, buttonState=0, metaState=0, flags=0x0, edgeFlags=0x0, pointerCount=1, historySize=0, eventTime=802344041, downTime=802344041, deviceId=0, source=0x1002 }
08-05 14:52:07.663 13396 13396 I Input   : injectMotionEvent: MotionEvent { action=ACTION_MOVE, actionButton=0, id[0]=0, x[0]=500.0, y[0]=689.0, toolType[0]=TOOL_TYPE_UNKNOWN, buttonState=0, metaState=0, flags=0x0, edgeFlags=0x0, pointerCount=1, historySize=0, eventTime=802344076, downTime=802344076, deviceId=0, source=0x1002 }
08-05 14:52:07.703 13396 13396 I Input   : injectMotionEvent: MotionEvent { action=ACTION_MOVE, actionButton=0, id[0]=0, x[0]=500.0, y[0]=611.1, toolType[0]=TOOL_TYPE_UNKNOWN, buttonState=0, metaState=0, flags=0x0, edgeFlags=0x0, pointerCount=1, historySize=0, eventTime=802344117, downTime=802344117, deviceId=0, source=0x1002 }
08-05 14:52:07.744 13396 13396 I Input   : injectMotionEvent: MotionEvent { action=ACTION_MOVE, actionButton=0, id[0]=0, x[0]=500.0, y[0]=535.1, toolType[0]=TOOL_TYPE_UNKNOWN, buttonState=0, metaState=0, flags=0x0, edgeFlags=0x0, pointerCount=1, historySize=0, eventTime=802344157, downTime=802344157, deviceId=0, source=0x1002 }
08-05 14:52:07.765 10720 10732 I art     : Starting a blocking GC Explicit
08-05 14:52:07.782 13396 13396 I Input   : injectMotionEvent: MotionEvent { action=ACTION_MOVE, actionButton=0, id[0]=0, x[0]=500.0, y[0]=461.0, toolType[0]=TOOL_TYPE_UNKNOWN, buttonState=0, metaState=0, flags=0x0, edgeFlags=0x0, pointerCount=1, historySize=0, eventTime=802344196, downTime=802344196, deviceId=0, source=0x1002 }
08-05 14:52:07.820 10720 10732 I art     : Explicit concurrent mark sweep GC freed 1616(93KB) AllocSpace objects, 2(48KB) LOS objects, 7% free, 184MB/200MB, paused 1.364ms total 54.341ms
08-05 14:52:07.821 13396 13396 I Input   : injectMotionEvent: MotionEvent { action=ACTION_MOVE, actionButton=0, id[0]=0, x[0]=500.0, y[0]=388.80005, toolType[0]=TOOL_TYPE_UNKNOWN, buttonState=0, metaState=0, flags=0x0, edgeFlags=0x0, pointerCount=1, historySize=0, eventTime=802344234, downTime=802344234, deviceId=0, source=0x1002 }
08-05 14:52:07.838 10720 10732 I art     : Starting a blocking GC Explicit
08-05 14:52:07.860 13396 13396 I Input   : injectMotionEvent: MotionEvent { action=ACTION_MOVE, actionButton=0, id[0]=0, x[0]=500.0, y[0]=314.69995, toolType[0]=TOOL_TYPE_UNKNOWN, buttonState=0, metaState=0, flags=0x0, edgeFlags=0x0, pointerCount=1, historySize=0, eventTime=802344273, downTime=802344273, deviceId=0, source=0x1002 }
08-05 14:52:07.892 10720 10732 I art     : Explicit concurrent mark sweep GC freed 36(1280B) AllocSpace objects, 0(0B) LOS objects, 7% free, 184MB/200MB, paused 1.352ms total 53.333ms
08-05 14:52:07.899 13396 13396 I Input   : injectMotionEvent: MotionEvent { action=ACTION_MOVE, actionButton=0, id[0]=0, x[0]=500.0, y[0]=240.59998, toolType[0]=TOOL_TYPE_UNKNOWN, buttonState=0, metaState=0, flags=0x0, edgeFlags=0x0, pointerCount=1, historySize=0, eventTime=802344312, downTime=802344312, deviceId=0, source=0x1002 }
08-05 14:52:07.911 10720 10732 I art     : Starting a blocking GC Explicit
08-05 14:52:07.939 13396 13396 I Input   : injectMotionEvent: MotionEvent { action=ACTION_MOVE, actionButton=0, id[0]=0, x[0]=500.0, y[0]=164.59998, toolType[0]=TOOL_TYPE_UNKNOWN, buttonState=0, metaState=0, flags=0x0, edgeFlags=0x0, pointerCount=1, historySize=0, eventTime=802344352, downTime=802344352, deviceId=0, source=0x1002 }
08-05 14:52:07.964 10720 10732 I art     : Explicit concurrent mark sweep GC freed 46(1280B) AllocSpace objects, 0(0B) LOS objects, 7% free, 184MB/200MB, paused 1.471ms total 52.750ms
08-05 14:52:07.979 13396 13396 I Input   : injectMotionEvent: MotionEvent { action=ACTION_UP, actionButton=0, id[0]=0, x[0]=500.0, y[0]=100.0, toolType[0]=TOOL_TYPE_UNKNOWN, buttonState=0, metaState=0, flags=0x0, edgeFlags=0x0, pointerCount=1, historySize=0, eventTime=802344393, downTime=802344393, deviceId=0, source=0x1002 }
08-05 14:52:07.984 10720 10732 I art     : Starting a blocking GC Explicit
08-05 14:52:08.018 13396 13396 D AndroidRuntime: Shutting down VM
08-05 14:52:08.035 10720 10732 I art     : Explicit concurrent mark sweep GC freed 8(256B) AllocSpace objects, 0(0B) LOS objects, 7% free, 184MB/200MB, paused 1.157ms total 50.530ms
08-05 14:52:08.053 10720 10732 I art     : Starting a blocking GC Explicit
08-05 14:52:08.104 10720 10732 I art     : Explicit concurrent mark sweep GC freed 3(96B) AllocSpace objects, 0(0B) LOS objects, 7% free, 184MB/200MB, paused 1.307ms total 51.020ms
08-05 14:52:08.499 10720 10733 I art     : Starting a blocking GC Explicit
08-05 14:52:08.558 10720 10733 I art     : Explicit concurrent mark sweep GC freed 1644(94KB) AllocSpace objects, 2(48KB) LOS objects, 7% free, 184MB/200MB, paused 1.359ms total 57.685ms
08-05 14:52:08.577 10720 10733 I art     : Starting a blocking GC Explicit
08-05 14:52:08.632 10720 10733 I art     : Explicit concurrent mark sweep GC freed 38(1568B) AllocSpace objects, 0(0B) LOS objects, 7% free, 184MB/200MB, paused 1.365ms total 55.433ms
08-05 14:52:08.651 10720 10733 I art     : Starting a blocking GC Explicit
08-05 14:52:08.708 10720 10733 I art     : Explicit concurrent mark sweep GC freed 3(96B) AllocSpace objects, 0(0B) LOS objects, 7% free, 184MB/200MB, paused 1.347ms total 56.373ms
08-05 14:52:08.727 10720 10733 I art     : Starting a blocking GC Explicit
08-05 14:52:08.783 10720 10733 I art     : Explicit concurrent mark sweep GC freed 3(96B) AllocSpace objects, 0(0B) LOS objects, 7% free, 184MB/200MB, paused 1.343ms total 55.652ms
08-05 14:52:08.802 10720 10733 I art     : Starting a blocking GC Explicit
08-05 14:52:08.822 13436 13436 D AndroidRuntime: >>>>>> START com.android.internal.os.RuntimeInit uid 2000 <<<<<<
08-05 14:52:08.828 13436 13436 D AndroidRuntime: CheckJNI is OFF
08-05 14:52:08.859 10720 10733 I art     : Explicit concurrent mark sweep GC freed 3(96B) AllocSpace objects, 0(0B) LOS objects, 7% free, 184MB/200MB, paused 1.358ms total 56.143ms
08-05 14:52:08.873 13436 13436 D ICU     : No timezone override file found: /data/misc/zoneinfo/current/icu/icu_tzdata.dat
08-05 14:52:08.915 13436 13436 I Radio-JNI: register_android_hardware_Radio DONE
08-05 14:52:08.945 13436 13436 D AndroidRuntime: Calling main entry com.android.commands.input.Input
08-05 14:52:08.947 13436 13436 I Input   : injectMotionEvent: MotionEvent { action=ACTION_DOWN, actionButton=0, id[0]=0, x[0]=657.0, y[0]=2080.0, toolType[0]=TOOL_TYPE_UNKNOWN, buttonState=0, metaState=0, flags=0x0, edgeFlags=0x0, pointerCount=1, historySize=0, eventTime=802345360, downTime=802345360, deviceId=0, source=0x1002 }
08-05 14:52:08.952 13436 13436 I Input   : injectMotionEvent: MotionEvent { action=ACTION_UP, actionButton=0, id[0]=0, x[0]=657.0, y[0]=2080.0, toolType[0]=TOOL_TYPE_UNKNOWN, buttonState=0, metaState=0, flags=0x0, edgeFlags=0x0, pointerCount=1, historySize=0, eventTime=802345360, downTime=802345360, deviceId=0, source=0x1002 }
08-05 14:52:08.953 13436 13436 D AndroidRuntime: Shutting down VM
08-05 14:52:08.954   918  6029 I ActivityManager: START u0 {cmp=baseline.io.github.project_travel_mate/.utilities.UpcomingWeekendsActivity} from uid 10674 on display 0
08-05 14:52:08.957   512  2967 D audio_hw_primary: out_set_parameters: enter: usecase(1: low-latency-playback) kvpairs: routing=2
08-05 14:52:08.970   512  2967 D audio_hw_primary: select_devices: out_snd_device(2: speaker) in_snd_device(0: none)
08-05 14:52:08.970   512  2967 D msm8974_platform: platform_send_audio_calibration: sending audio calibration for snd_device(2) acdb_id(15)
08-05 14:52:08.970   512  2967 I soundtrigger: audio_extn_sound_trigger_update_device_status: device 0x2 of type 0 for Event 1
08-05 14:52:08.983   512  2967 D audio_hw_primary: enable_snd_device: snd_device(2: speaker)
08-05 14:52:08.986   512  2967 D audio_hw_primary: enable_audio_route: apply and update mixer path: low-latency-playback speaker
08-05 14:52:08.989 10720 10784 D Gabe    : call	returning from cache
08-05 14:52:08.992 10720 10720 V EXECUTING: https://project-travel-mate.herokuapp.com/api/get-upcoming-holidays/2020
08-05 14:52:08.995 10720 10720 V EXECUTING: https://project-travel-mate.herokuapp.com/api/get-upcoming-holidays/2020
08-05 14:52:09.091 13866 13866 I GoogleInputMethodServic: GoogleInputMethodService.onFinishInput():3138 
08-05 14:52:09.095 13866 13866 I GoogleInputMethodServic: GoogleInputMethodService.onStartInput():1808 
08-05 14:52:09.185   918   936 I ActivityManager: Displayed baseline.io.github.project_travel_mate/.utilities.UpcomingWeekendsActivity: +218ms
08-05 14:52:09.237 10720 10733 I art     : Starting a blocking GC Explicit
08-05 14:52:09.294 10720 10733 I art     : Explicit concurrent mark sweep GC freed 3324(184KB) AllocSpace objects, 2(48KB) LOS objects, 7% free, 189MB/205MB, paused 1.840ms total 56.130ms
08-05 14:52:09.313 10720 10733 I art     : Starting a blocking GC Explicit
08-05 14:52:09.367 10720 10733 I art     : Explicit concurrent mark sweep GC freed 341(12KB) AllocSpace objects, 0(0B) LOS objects, 7% free, 189MB/205MB, paused 1.353ms total 53.573ms
08-05 14:52:09.385 10720 10733 I art     : Starting a blocking GC Explicit
08-05 14:52:09.442 10720 10733 I art     : Explicit concurrent mark sweep GC freed 213(8KB) AllocSpace objects, 0(0B) LOS objects, 7% free, 189MB/205MB, paused 1.528ms total 56.516ms
08-05 14:52:09.444   380   380 W SurfaceFlinger: couldn't log to binary event log: overflow.
08-05 14:52:09.464 10720 10733 I art     : Starting a blocking GC Explicit
08-05 14:52:09.515 10720 10733 I art     : Explicit concurrent mark sweep GC freed 122(2064B) AllocSpace objects, 0(0B) LOS objects, 7% free, 189MB/205MB, paused 1.286ms total 50.798ms
08-05 14:52:09.529   512  2967 D audio_hw_primary: disable_audio_route: reset and update mixer path: low-latency-playback speaker
08-05 14:52:09.530   512  2967 D audio_hw_primary: disable_snd_device: snd_device(2: speaker)
08-05 14:52:09.534 10720 10733 I art     : Starting a blocking GC Explicit
08-05 14:52:09.538   512  2967 I soundtrigger: audio_extn_sound_trigger_update_device_status: device 0x2 of type 0 for Event 0
08-05 14:52:09.590 10720 10733 I art     : Explicit concurrent mark sweep GC freed 115(1952B) AllocSpace objects, 0(0B) LOS objects, 7% free, 189MB/205MB, paused 1.437ms total 55.848ms
08-05 14:52:09.982 10720 11113 I art     : Starting a blocking GC Explicit
08-05 14:52:10.046 10720 11113 I art     : Explicit concurrent mark sweep GC freed 7163(359KB) AllocSpace objects, 7(368KB) LOS objects, 7% free, 190MB/206MB, paused 2.282ms total 63.815ms
08-05 14:52:10.065 10720 11113 I art     : Starting a blocking GC Explicit
08-05 14:52:10.118 10720 11113 I art     : Explicit concurrent mark sweep GC freed 2235(244KB) AllocSpace objects, 1(80KB) LOS objects, 7% free, 189MB/205MB, paused 1.793ms total 53.026ms
08-05 14:52:10.137 10720 11113 I art     : Starting a blocking GC Explicit
08-05 14:52:10.163 10720 13458 I NAPPA_EXPERIMENTATION: MetricNetworkRequestExecutionTime: REQUEST_DURATION_SYSTEM='1167',REQUEST_DURATION_OKHTTP='119',REQUEST_SYNCHRONOUS='FALSE',RESPONSE_CODE='200',RESPONSE_METHOD='GET',RESPONSE_LENGTH_OKHTTP='6426',RESPONSE_LENGTH_HEADER='6426',REQUEST_PROTOCOL='http/1.1',REQUEST_URL='https://project-travel-mate.herokuapp.com/api/get-upcoming-holidays/2020',
08-05 14:52:10.164 10720 13457 I NAPPA_EXPERIMENTATION: MetricNetworkRequestExecutionTime: REQUEST_DURATION_SYSTEM='1170',REQUEST_DURATION_OKHTTP='118',REQUEST_SYNCHRONOUS='FALSE',RESPONSE_CODE='200',RESPONSE_METHOD='GET',RESPONSE_LENGTH_OKHTTP='6426',RESPONSE_LENGTH_HEADER='6426',REQUEST_PROTOCOL='http/1.1',REQUEST_URL='https://project-travel-mate.herokuapp.com/api/get-upcoming-holidays/2020',
08-05 14:52:10.190 10720 11113 I art     : Explicit concurrent mark sweep GC freed 391(24KB) AllocSpace objects, 3(48KB) LOS objects, 7% free, 189MB/205MB, paused 1.624ms total 52.818ms
08-05 14:52:10.209 10720 11113 I art     : Starting a blocking GC Explicit
08-05 14:52:10.235 10720 10720 V Response: [{"month":"January","date":1,"day":"Wednesday","name":"New Year's Day","type":"Restricted"},{"month":"January","date":2,"day":"Thursday","name":"Guru Govind Singh Jayanti","type":"Restricted"},{"month":"January","date":14,"day":"Tuesday","name":"Lohri","type":"Restricted"},{"month":"January","date":15,"day":"Wednesday","name":"Pongal","type":"Restricted"},{"month":"January","date":15,"day":"Wednesday","name":"Makar Sankranti","type":"Restricted"},{"month":"January","date":25,"day":"Saturday","name":"Chinese New Year","type":"Observance"},{"month":"January","date":26,"day":"Sunday","name":"Republic Day","type":"Gazetted"},{"month":"January","date":30,"day":"Thursday","name":"Vasant Panchami","type":"Restricted"},{"month":"February","date":9,"day":"Sunday","name":"Guru Ravidas Jayanti","type":"Restricted"},{"month":"February","date":14,"day":"Friday","name":"Valentine's Day","type":"Observance"},{"month":"February","date":18,"day":"Tuesday","name":"Maharishi Dayanand Saraswati Jayanti","type":"Restricted"},{"month":"February","date":19,"day":"Wednesday","name":"Shivaji Jayanti","type":"Restricted"},{"month":"February","date":21,"day":"Friday","name":"Maha Shivaratri/Shivaratri","type":"Gazetted"},{"month":"March","date":9,"day":"Monday","name":"Holika Dahana","type":"Restricted"},{"month":"March","date":9,"day":"Monday","name":"Hazarat Ali's Birthday","type":"Restricted"},{"month":"March","date":10,"day":"Tuesday","name":"Holi","type":"Gazetted"},{"month":"March","date":20,"day":"Friday","name":"March Equinox","type":"Season"},{"month":"March","date":25,"day":"Wednesday","name":"Chaitra Sukhladi","type":"Restricted"},{"month":"April","date":2,"day":"Thursday","name":"Rama Navami","type":"Gazetted"},{"month":"April","date":6,"day":"Monday","name":"Mahavir Jayanti","type":"Gazetted"},{"month":"April","date":9,"day":"Thursday","name":"First day of Passover","type":"Observance"},{"month":"April","date":9,"day":"Thursday","name":"Maundy Thursday","type":"Observance,"},{"month":"April","date":10,"day":"Friday","name":"Good Friday","type":"Gazetted"},{"month":"April","date":12,"day":"Sunday","name":"Easter Day","type":"Restricted"},{"month":"April","date":13,"day":"Monday","name":"Vaisakhi","type":"Restricted"},{"month":"April","date":14,"day":"Tuesday","name":"Mesadi/Vaisakhadi","type":"Restricted"},{"month":"April","date":14,"day":"Tuesday","name":"Ambedkar Jayanti","type":"Central"},{"month":"May","date":1,"day":"Friday","name":"May Day","type":"Observance"},{"month":"May","date":7,"day":"Thursday","name":"Buddha Purnima/Vesak","type":"Gazetted"},{"month":"May","date":7,"day":"Thursday","name":"Birthday of Ravindranath","type":"Restricted"},{"month":"May","date":10,"day":"Sunday","name":"Mother's Day","type":"Observance"},{"month":"May","date":22,"day":"Friday","name":"Jamat Ul-Vida","type":"Restricted"},{"month":"May","date":25,"day":"Monday","name":"Ramzan Id/Eid-ul-Fitar","type":"Gazetted"},{"month":"May","date":25,"day":"Monday","name":"Ramzan Id/Eid-ul-Fitar","type":"Muslim,"},{"month":"June","date":21,"day":"Sunday","name":"June Solstice","type":"Season"},{"month":"June","date":21,"day":"Sunday","name":"Father's Day","type":"Observance"},{"month":"June","date":23,"day":"Tuesday","name":"Rath Yatra","type":"Restricted"},{"month":"July","date":5,"day":"Sunday","name":"Guru Purnima","type":"Observance"},{"month":"July","date":31,"day":"Friday","name":"Bakr Id/Eid ul-Adha","type":"Gazetted"},{"month":"August","date":2,"day":"Sunday","name":"Friendship Day","type":"Observance"},{"month":"August","date":3,"day":"Monday","name":"Raksha Bandhan (Rakhi)","type":"Restricted"},{"month":"August","date":11,"day":"Tuesday","name":"Janmashtami (Smarta)","type":"Restricted"},{"month":"August","date":12,"day":"Wednesday","name":"Janmashtami","type":"Gazetted"},{"month":"August","date":15,"day":"Saturday","name":"Independence Day","type":"Gazetted"},{"month":"August","date":16,"day":"Sunday","name":"Parsi New Year","type":"Restricted"},{"month":"August","date":22,"day":"Saturday","name":"Ganesh Chaturthi/Vin
08-05 14:52:10.239 10720 10720 V Response: [{"month":"January","date":1,"day":"Wednesday","name":"New Year's Day","type":"Restricted"},{"month":"January","date":2,"day":"Thursday","name":"Guru Govind Singh Jayanti","type":"Restricted"},{"month":"January","date":14,"day":"Tuesday","name":"Lohri","type":"Restricted"},{"month":"January","date":15,"day":"Wednesday","name":"Pongal","type":"Restricted"},{"month":"January","date":15,"day":"Wednesday","name":"Makar Sankranti","type":"Restricted"},{"month":"January","date":25,"day":"Saturday","name":"Chinese New Year","type":"Observance"},{"month":"January","date":26,"day":"Sunday","name":"Republic Day","type":"Gazetted"},{"month":"January","date":30,"day":"Thursday","name":"Vasant Panchami","type":"Restricted"},{"month":"February","date":9,"day":"Sunday","name":"Guru Ravidas Jayanti","type":"Restricted"},{"month":"February","date":14,"day":"Friday","name":"Valentine's Day","type":"Observance"},{"month":"February","date":18,"day":"Tuesday","name":"Maharishi Dayanand Saraswati Jayanti","type":"Restricted"},{"month":"February","date":19,"day":"Wednesday","name":"Shivaji Jayanti","type":"Restricted"},{"month":"February","date":21,"day":"Friday","name":"Maha Shivaratri/Shivaratri","type":"Gazetted"},{"month":"March","date":9,"day":"Monday","name":"Holika Dahana","type":"Restricted"},{"month":"March","date":9,"day":"Monday","name":"Hazarat Ali's Birthday","type":"Restricted"},{"month":"March","date":10,"day":"Tuesday","name":"Holi","type":"Gazetted"},{"month":"March","date":20,"day":"Friday","name":"March Equinox","type":"Season"},{"month":"March","date":25,"day":"Wednesday","name":"Chaitra Sukhladi","type":"Restricted"},{"month":"April","date":2,"day":"Thursday","name":"Rama Navami","type":"Gazetted"},{"month":"April","date":6,"day":"Monday","name":"Mahavir Jayanti","type":"Gazetted"},{"month":"April","date":9,"day":"Thursday","name":"First day of Passover","type":"Observance"},{"month":"April","date":9,"day":"Thursday","name":"Maundy Thursday","type":"Observance,"},{"month":"April","date":10,"day":"Friday","name":"Good Friday","type":"Gazetted"},{"month":"April","date":12,"day":"Sunday","name":"Easter Day","type":"Restricted"},{"month":"April","date":13,"day":"Monday","name":"Vaisakhi","type":"Restricted"},{"month":"April","date":14,"day":"Tuesday","name":"Mesadi/Vaisakhadi","type":"Restricted"},{"month":"April","date":14,"day":"Tuesday","name":"Ambedkar Jayanti","type":"Central"},{"month":"May","date":1,"day":"Friday","name":"May Day","type":"Observance"},{"month":"May","date":7,"day":"Thursday","name":"Buddha Purnima/Vesak","type":"Gazetted"},{"month":"May","date":7,"day":"Thursday","name":"Birthday of Ravindranath","type":"Restricted"},{"month":"May","date":10,"day":"Sunday","name":"Mother's Day","type":"Observance"},{"month":"May","date":22,"day":"Friday","name":"Jamat Ul-Vida","type":"Restricted"},{"month":"May","date":25,"day":"Monday","name":"Ramzan Id/Eid-ul-Fitar","type":"Gazetted"},{"month":"May","date":25,"day":"Monday","name":"Ramzan Id/Eid-ul-Fitar","type":"Muslim,"},{"month":"June","date":21,"day":"Sunday","name":"June Solstice","type":"Season"},{"month":"June","date":21,"day":"Sunday","name":"Father's Day","type":"Observance"},{"month":"June","date":23,"day":"Tuesday","name":"Rath Yatra","type":"Restricted"},{"month":"July","date":5,"day":"Sunday","name":"Guru Purnima","type":"Observance"},{"month":"July","date":31,"day":"Friday","name":"Bakr Id/Eid ul-Adha","type":"Gazetted"},{"month":"August","date":2,"day":"Sunday","name":"Friendship Day","type":"Observance"},{"month":"August","date":3,"day":"Monday","name":"Raksha Bandhan (Rakhi)","type":"Restricted"},{"month":"August","date":11,"day":"Tuesday","name":"Janmashtami (Smarta)","type":"Restricted"},{"month":"August","date":12,"day":"Wednesday","name":"Janmashtami","type":"Gazetted"},{"month":"August","date":15,"day":"Saturday","name":"Independence Day","type":"Gazetted"},{"month":"August","date":16,"day":"Sunday","name":"Parsi New Year","type":"Restricted"},{"month":"August","date":22,"day":"Saturday","name":"Ganesh Chaturthi/Vin
08-05 14:52:10.264 10720 11113 I art     : Explicit concurrent mark sweep GC freed 6341(229KB) AllocSpace objects, 0(0B) LOS objects, 7% free, 189MB/205MB, paused 1.752ms total 54.744ms
08-05 14:52:10.283 10720 11113 I art     : Starting a blocking GC Explicit
08-05 14:52:10.305   518   646 I ThermalEngine: ACTION: GPU - Setting GPU[0] to 390000000
08-05 14:52:10.357 10720 11113 I art     : Explicit concurrent mark sweep GC freed 3023(109KB) AllocSpace objects, 0(0B) LOS objects, 7% free, 190MB/206MB, paused 2.078ms total 74.378ms
08-05 14:52:10.810 10720 10732 I art     : Starting a blocking GC Explicit
08-05 14:52:10.889 10720 10732 I art     : Explicit concurrent mark sweep GC freed 2575(113KB) AllocSpace objects, 3(4MB) LOS objects, 7% free, 185MB/201MB, paused 2.095ms total 79.488ms
08-05 14:52:10.917 10720 10732 I art     : Starting a blocking GC Explicit
08-05 14:52:10.994 10720 10732 I art     : Explicit concurrent mark sweep GC freed 209(4KB) AllocSpace objects, 0(0B) LOS objects, 7% free, 185MB/201MB, paused 2.125ms total 76.152ms
08-05 14:52:11.021 10720 10732 I art     : Starting a blocking GC Explicit
08-05 14:52:11.099 10720 10732 I art     : Explicit concurrent mark sweep GC freed 147(2496B) AllocSpace objects, 0(0B) LOS objects, 7% free, 185MB/201MB, paused 2.352ms total 77.169ms
08-05 14:52:11.126 10720 10732 I art     : Starting a blocking GC Explicit
08-05 14:52:11.202 10720 10732 I art     : Explicit concurrent mark sweep GC freed 171(2896B) AllocSpace objects, 0(0B) LOS objects, 7% free, 185MB/201MB, paused 2.278ms total 74.984ms
08-05 14:52:11.229 10720 10732 I art     : Starting a blocking GC Explicit
08-05 14:52:11.305 10720 10732 I art     : Explicit concurrent mark sweep GC freed 159(3KB) AllocSpace objects, 0(0B) LOS objects, 7% free, 185MB/201MB, paused 2.208ms total 75.700ms
08-05 14:52:11.794 10720 10733 I art     : Starting a blocking GC Explicit
08-05 14:52:11.872 10720 10733 I art     : Explicit concurrent mark sweep GC freed 2421(106KB) AllocSpace objects, 2(48KB) LOS objects, 7% free, 185MB/201MB, paused 2.168ms total 77.905ms
08-05 14:52:11.902 10720 10733 I art     : Starting a blocking GC Explicit
08-05 14:52:11.973 10720 10733 I art     : Explicit concurrent mark sweep GC freed 210(4KB) AllocSpace objects, 0(0B) LOS objects, 7% free, 185MB/201MB, paused 1.968ms total 70.667ms
08-05 14:52:12.001 10720 10733 I art     : Starting a blocking GC Explicit
08-05 14:52:12.074 10720 10733 I art     : Explicit concurrent mark sweep GC freed 147(2496B) AllocSpace objects, 0(0B) LOS objects, 7% free, 185MB/201MB, paused 1.954ms total 73.445ms
08-05 14:52:12.101 10720 10733 I art     : Starting a blocking GC Explicit
08-05 14:52:12.178 10720 10733 I art     : Explicit concurrent mark sweep GC freed 148(2528B) AllocSpace objects, 0(0B) LOS objects, 7% free, 185MB/201MB, paused 1.993ms total 76.116ms
08-05 14:52:12.206 10720 10733 I art     : Starting a blocking GC Explicit
08-05 14:52:12.284 10720 10733 I art     : Explicit concurrent mark sweep GC freed 167(2816B) AllocSpace objects, 0(0B) LOS objects, 7% free, 185MB/201MB, paused 2.322ms total 77.779ms
08-05 14:52:12.308   518   646 I ThermalEngine: ACTION: GPU - Setting GPU[0] to 450000000
08-05 14:52:12.738 10720 12263 I art     : Starting a blocking GC Explicit
08-05 14:52:12.808 10720 12263 I art     : Explicit concurrent mark sweep GC freed 2358(105KB) AllocSpace objects, 2(48KB) LOS objects, 7% free, 185MB/201MB, paused 1.424ms total 69.247ms
08-05 14:52:12.831 10720 12263 I art     : Starting a blocking GC Explicit
08-05 14:52:12.896 10720 12263 I art     : Explicit concurrent mark sweep GC freed 172(3KB) AllocSpace objects, 0(0B) LOS objects, 7% free, 185MB/201MB, paused 1.445ms total 64.729ms
08-05 14:52:12.916 10720 12263 I art     : Starting a blocking GC Explicit
08-05 14:52:12.980 10720 12263 I art     : Explicit concurrent mark sweep GC freed 161(3KB) AllocSpace objects, 0(0B) LOS objects, 7% free, 185MB/201MB, paused 1.462ms total 63.996ms
08-05 14:52:13.001 10720 12263 I art     : Starting a blocking GC Explicit
08-05 14:52:13.067 10720 12263 I art     : Explicit concurrent mark sweep GC freed 123(2096B) AllocSpace objects, 0(0B) LOS objects, 7% free, 185MB/201MB, paused 1.512ms total 66.397ms
08-05 14:52:13.089 10720 12263 I art     : Starting a blocking GC Explicit
08-05 14:52:13.155 10720 12263 I art     : Explicit concurrent mark sweep GC freed 147(2496B) AllocSpace objects, 0(0B) LOS objects, 7% free, 185MB/201MB, paused 1.434ms total 65.560ms
08-05 14:52:13.557 10720 10789 I art     : Starting a blocking GC Explicit
08-05 14:52:13.624 10720 10789 I art     : Explicit concurrent mark sweep GC freed 2258(103KB) AllocSpace objects, 2(48KB) LOS objects, 7% free, 185MB/201MB, paused 1.406ms total 66.850ms
08-05 14:52:13.644 10720 10789 I art     : Starting a blocking GC Explicit
08-05 14:52:13.685 10696 10696 I ServiceManager: Waiting for service AtCmdFwd...
08-05 14:52:13.705 10720 10789 I art     : Explicit concurrent mark sweep GC freed 147(2992B) AllocSpace objects, 0(0B) LOS objects, 7% free, 185MB/201MB, paused 1.422ms total 60.982ms
08-05 14:52:13.725 10720 10789 I art     : Starting a blocking GC Explicit
08-05 14:52:13.752 13512 13512 D AndroidRuntime: >>>>>> START com.android.internal.os.RuntimeInit uid 2000 <<<<<<
08-05 14:52:13.758 13512 13512 D AndroidRuntime: CheckJNI is OFF
08-05 14:52:13.787 10720 10789 I art     : Explicit concurrent mark sweep GC freed 121(2064B) AllocSpace objects, 0(0B) LOS objects, 7% free, 185MB/201MB, paused 1.635ms total 62.222ms
08-05 14:52:13.805 13512 13512 D ICU     : No timezone override file found: /data/misc/zoneinfo/current/icu/icu_tzdata.dat
08-05 14:52:13.807 10720 10789 I art     : Starting a blocking GC Explicit
08-05 14:52:13.851 13512 13512 I Radio-JNI: register_android_hardware_Radio DONE
08-05 14:52:13.868 10720 10789 I art     : Explicit concurrent mark sweep GC freed 109(1872B) AllocSpace objects, 0(0B) LOS objects, 7% free, 185MB/201MB, paused 1.583ms total 61.287ms
08-05 14:52:13.881 13512 13512 D AndroidRuntime: Calling main entry com.android.commands.input.Input
08-05 14:52:13.883 13512 13512 I Input   : injectKeyEvent: KeyEvent { action=ACTION_DOWN, keyCode=KEYCODE_BACK, scanCode=0, metaState=0, flags=0x0, repeatCount=0, eventTime=802350296, downTime=802350296, deviceId=-1, source=0x101 }
08-05 14:52:13.888 10720 10789 I art     : Starting a blocking GC Explicit
08-05 14:52:13.894 13512 13512 I Input   : injectKeyEvent: KeyEvent { action=ACTION_UP, keyCode=KEYCODE_BACK, scanCode=0, metaState=0, flags=0x0, repeatCount=0, eventTime=802350296, downTime=802350296, deviceId=-1, source=0x101 }
08-05 14:52:13.901 13512 13512 D AndroidRuntime: Shutting down VM
08-05 14:52:13.915 10720 10720 V MainActivity: url = https://project-travel-mate.herokuapp.com/api/number-of-unread-notifications
08-05 14:52:13.949 10720 10789 I art     : Explicit concurrent mark sweep GC freed 458(15KB) AllocSpace objects, 0(0B) LOS objects, 7% free, 185MB/201MB, paused 1.830ms total 60.311ms
08-05 14:52:13.950 13866 13866 I GoogleInputMethodServic: GoogleInputMethodService.onFinishInput():3138 
08-05 14:52:13.951 13866 13866 I GoogleInputMethodServic: GoogleInputMethodService.onStartInput():1808 
08-05 14:52:14.282   380   380 W SurfaceFlinger: couldn't log to binary event log: overflow.
08-05 14:52:14.349 10720 10789 I art     : Starting a blocking GC Explicit
08-05 14:52:14.413 10720 10789 I art     : Explicit concurrent mark sweep GC freed 2254(111KB) AllocSpace objects, 4(412KB) LOS objects, 7% free, 185MB/201MB, paused 1.444ms total 63.193ms
08-05 14:52:14.433 10720 10789 I art     : Starting a blocking GC Explicit
08-05 14:52:14.495 10720 10789 I art     : Explicit concurrent mark sweep GC freed 6719(363KB) AllocSpace objects, 13(264KB) LOS objects, 7% free, 184MB/200MB, paused 1.469ms total 61.386ms
08-05 14:52:14.514 10720 10789 I art     : Starting a blocking GC Explicit
08-05 14:52:14.577 10720 10789 I art     : Explicit concurrent mark sweep GC freed 9(384B) AllocSpace objects, 0(0B) LOS objects, 7% free, 184MB/200MB, paused 1.617ms total 62.170ms
08-05 14:52:14.600 10720 10789 I art     : Starting a blocking GC Explicit
08-05 14:52:14.664 10720 10789 I art     : Explicit concurrent mark sweep GC freed 3(96B) AllocSpace objects, 0(0B) LOS objects, 7% free, 184MB/200MB, paused 1.583ms total 63.358ms
08-05 14:52:14.686 10696 10696 I ServiceManager: Waiting for service AtCmdFwd...
08-05 14:52:14.688 10720 10789 I art     : Starting a blocking GC Explicit
08-05 14:52:14.754 10720 10789 I art     : Explicit concurrent mark sweep GC freed 626(53KB) AllocSpace objects, 0(0B) LOS objects, 7% free, 185MB/201MB, paused 1.873ms total 65.594ms
08-05 14:52:14.817 10720 13535 I NAPPA_EXPERIMENTATION: MetricNetworkRequestExecutionTime: REQUEST_DURATION_SYSTEM='900',REQUEST_DURATION_OKHTTP='36',REQUEST_SYNCHRONOUS='FALSE',RESPONSE_CODE='200',RESPONSE_METHOD='GET',RESPONSE_LENGTH_OKHTTP='36',RESPONSE_LENGTH_HEADER='36',REQUEST_PROTOCOL='http/1.1',REQUEST_URL='https://project-travel-mate.herokuapp.com/api/number-of-unread-notifications',
08-05 14:52:15.174 10720 11113 I art     : Starting a blocking GC Explicit
08-05 14:52:15.235 10720 11113 I art     : Explicit concurrent mark sweep GC freed 3929(201KB) AllocSpace objects, 5(248KB) LOS objects, 7% free, 185MB/201MB, paused 1.486ms total 61.070ms
08-05 14:52:15.255 10720 11113 I art     : Starting a blocking GC Explicit
08-05 14:52:15.313 10720 11113 I art     : Explicit concurrent mark sweep GC freed 834(103KB) AllocSpace objects, 0(0B) LOS objects, 7% free, 184MB/200MB, paused 1.430ms total 57.926ms
08-05 14:52:15.332 10720 11113 I art     : Starting a blocking GC Explicit
08-05 14:52:15.390 10720 11113 I art     : Explicit concurrent mark sweep GC freed 3(96B) AllocSpace objects, 0(0B) LOS objects, 7% free, 184MB/200MB, paused 1.457ms total 57.392ms
08-05 14:52:15.410 10720 11113 I art     : Starting a blocking GC Explicit
08-05 14:52:15.468 10720 11113 I art     : Explicit concurrent mark sweep GC freed 3(96B) AllocSpace objects, 0(0B) LOS objects, 7% free, 184MB/200MB, paused 1.438ms total 57.653ms
08-05 14:52:15.488 10720 11113 I art     : Starting a blocking GC Explicit
08-05 14:52:15.551 10720 11113 I art     : Explicit concurrent mark sweep GC freed 4(128B) AllocSpace objects, 0(0B) LOS objects, 7% free, 184MB/200MB, paused 1.408ms total 63.285ms
08-05 14:52:15.680 13558 13558 D AndroidRuntime: >>>>>> START com.android.internal.os.RuntimeInit uid 2000 <<<<<<
08-05 14:52:15.686 13558 13558 D AndroidRuntime: CheckJNI is OFF
08-05 14:52:15.686 10696 10696 I ServiceManager: Waiting for service AtCmdFwd...
08-05 14:52:15.727 13558 13558 D ICU     : No timezone override file found: /data/misc/zoneinfo/current/icu/icu_tzdata.dat
08-05 14:52:15.767 13558 13558 I Radio-JNI: register_android_hardware_Radio DONE
08-05 14:52:15.795 13558 13558 D AndroidRuntime: Calling main entry com.android.commands.input.Input
08-05 14:52:15.796 13558 13558 I Input   : injectMotionEvent: MotionEvent { action=ACTION_DOWN, actionButton=0, id[0]=0, x[0]=657.0, y[0]=2080.0, toolType[0]=TOOL_TYPE_UNKNOWN, buttonState=0, metaState=0, flags=0x0, edgeFlags=0x0, pointerCount=1, historySize=0, eventTime=802352209, downTime=802352209, deviceId=0, source=0x1002 }
08-05 14:52:15.837 13558 13558 I Input   : injectMotionEvent: MotionEvent { action=ACTION_UP, actionButton=0, id[0]=0, x[0]=657.0, y[0]=2080.0, toolType[0]=TOOL_TYPE_UNKNOWN, buttonState=0, metaState=0, flags=0x0, edgeFlags=0x0, pointerCount=1, historySize=0, eventTime=802352209, downTime=802352209, deviceId=0, source=0x1002 }
08-05 14:52:15.875 13558 13558 D AndroidRuntime: Shutting down VM
08-05 14:52:15.875   918   929 I ActivityManager: START u0 {cmp=baseline.io.github.project_travel_mate/.utilities.UpcomingWeekendsActivity} from uid 10674 on display 0
08-05 14:52:15.877   512  2967 D audio_hw_primary: out_set_parameters: enter: usecase(1: low-latency-playback) kvpairs: routing=2
08-05 14:52:15.890   512  2967 D audio_hw_primary: select_devices: out_snd_device(2: speaker) in_snd_device(0: none)
08-05 14:52:15.890   512  2967 D msm8974_platform: platform_send_audio_calibration: sending audio calibration for snd_device(2) acdb_id(15)
08-05 14:52:15.890   512  2967 I soundtrigger: audio_extn_sound_trigger_update_device_status: device 0x2 of type 0 for Event 1
08-05 14:52:15.899   512  2967 D audio_hw_primary: enable_snd_device: snd_device(2: speaker)
08-05 14:52:15.902   512  2967 D audio_hw_primary: enable_audio_route: apply and update mixer path: low-latency-playback speaker
08-05 14:52:15.904 10720 10784 D Gabe    : call	returning from cache
08-05 14:52:15.906 10720 10720 V EXECUTING: https://project-travel-mate.herokuapp.com/api/get-upcoming-holidays/2020
08-05 14:52:15.909 10720 10720 V EXECUTING: https://project-travel-mate.herokuapp.com/api/get-upcoming-holidays/2020
08-05 14:52:15.954 10720 10733 I art     : Starting a blocking GC Explicit
08-05 14:52:15.995 13866 13866 I GoogleInputMethodServic: GoogleInputMethodService.onFinishInput():3138 
08-05 14:52:15.996 13866 13866 I GoogleInputMethodServic: GoogleInputMethodService.onStartInput():1808 
08-05 14:52:16.008 10720 10733 I art     : Explicit concurrent mark sweep GC freed 3226(185KB) AllocSpace objects, 2(48KB) LOS objects, 7% free, 189MB/205MB, paused 2.025ms total 53.680ms
08-05 14:52:16.026 10720 10733 I art     : Starting a blocking GC Explicit
08-05 14:52:16.080 10720 10733 I art     : Explicit concurrent mark sweep GC freed 331(16KB) AllocSpace objects, 0(0B) LOS objects, 7% free, 189MB/205MB, paused 1.650ms total 53.563ms
08-05 14:52:16.092   918   936 I ActivityManager: Displayed baseline.io.github.project_travel_mate/.utilities.UpcomingWeekendsActivity: +210ms
08-05 14:52:16.100 10720 10733 I art     : Starting a blocking GC Explicit
08-05 14:52:16.157 10720 10733 I art     : Explicit concurrent mark sweep GC freed 123(2432B) AllocSpace objects, 0(0B) LOS objects, 7% free, 189MB/205MB, paused 1.699ms total 57.114ms
08-05 14:52:16.177 10720 10733 I art     : Starting a blocking GC Explicit
08-05 14:52:16.235 10720 10733 I art     : Explicit concurrent mark sweep GC freed 60(1008B) AllocSpace objects, 0(0B) LOS objects, 7% free, 189MB/205MB, paused 1.748ms total 57.112ms
08-05 14:52:16.254 10720 10733 I art     : Starting a blocking GC Explicit
08-05 14:52:16.310 10720 10733 I art     : Explicit concurrent mark sweep GC freed 126(2272B) AllocSpace objects, 0(0B) LOS objects, 7% free, 189MB/205MB, paused 1.494ms total 55.147ms
08-05 14:52:16.351   380   380 W SurfaceFlinger: couldn't log to binary event log: overflow.
08-05 14:52:16.429   512  2967 D audio_hw_primary: disable_audio_route: reset and update mixer path: low-latency-playback speaker
08-05 14:52:16.430   512  2967 D audio_hw_primary: disable_snd_device: snd_device(2: speaker)
08-05 14:52:16.438   512  2967 I soundtrigger: audio_extn_sound_trigger_update_device_status: device 0x2 of type 0 for Event 0
08-05 14:52:16.672 10720 13583 I NAPPA_EXPERIMENTATION: MetricNetworkRequestExecutionTime: REQUEST_DURATION_SYSTEM='762',REQUEST_DURATION_OKHTTP='48',REQUEST_SYNCHRONOUS='FALSE',RESPONSE_CODE='200',RESPONSE_METHOD='GET',RESPONSE_LENGTH_OKHTTP='6426',RESPONSE_LENGTH_HEADER='6426',REQUEST_PROTOCOL='http/1.1',REQUEST_URL='https://project-travel-mate.herokuapp.com/api/get-upcoming-holidays/2020',
08-05 14:52:16.678 10720 13582 I NAPPA_EXPERIMENTATION: MetricNetworkRequestExecutionTime: REQUEST_DURATION_SYSTEM='771',REQUEST_DURATION_OKHTTP='57',REQUEST_SYNCHRONOUS='FALSE',RESPONSE_CODE='200',RESPONSE_METHOD='GET',RESPONSE_LENGTH_OKHTTP='6426',RESPONSE_LENGTH_HEADER='6426',REQUEST_PROTOCOL='http/1.1',REQUEST_URL='https://project-travel-mate.herokuapp.com/api/get-upcoming-holidays/2020',
08-05 14:52:16.686 10696 10696 I ServiceManager: Waiting for service AtCmdFwd...
08-05 14:52:16.712 10720 10789 I art     : Starting a blocking GC Explicit
08-05 14:52:16.733 10720 10720 V Response: [{"month":"January","date":1,"day":"Wednesday","name":"New Year's Day","type":"Restricted"},{"month":"January","date":2,"day":"Thursday","name":"Guru Govind Singh Jayanti","type":"Restricted"},{"month":"January","date":14,"day":"Tuesday","name":"Lohri","type":"Restricted"},{"month":"January","date":15,"day":"Wednesday","name":"Pongal","type":"Restricted"},{"month":"January","date":15,"day":"Wednesday","name":"Makar Sankranti","type":"Restricted"},{"month":"January","date":25,"day":"Saturday","name":"Chinese New Year","type":"Observance"},{"month":"January","date":26,"day":"Sunday","name":"Republic Day","type":"Gazetted"},{"month":"January","date":30,"day":"Thursday","name":"Vasant Panchami","type":"Restricted"},{"month":"February","date":9,"day":"Sunday","name":"Guru Ravidas Jayanti","type":"Restricted"},{"month":"February","date":14,"day":"Friday","name":"Valentine's Day","type":"Observance"},{"month":"February","date":18,"day":"Tuesday","name":"Maharishi Dayanand Saraswati Jayanti","type":"Restricted"},{"month":"February","date":19,"day":"Wednesday","name":"Shivaji Jayanti","type":"Restricted"},{"month":"February","date":21,"day":"Friday","name":"Maha Shivaratri/Shivaratri","type":"Gazetted"},{"month":"March","date":9,"day":"Monday","name":"Holika Dahana","type":"Restricted"},{"month":"March","date":9,"day":"Monday","name":"Hazarat Ali's Birthday","type":"Restricted"},{"month":"March","date":10,"day":"Tuesday","name":"Holi","type":"Gazetted"},{"month":"March","date":20,"day":"Friday","name":"March Equinox","type":"Season"},{"month":"March","date":25,"day":"Wednesday","name":"Chaitra Sukhladi","type":"Restricted"},{"month":"April","date":2,"day":"Thursday","name":"Rama Navami","type":"Gazetted"},{"month":"April","date":6,"day":"Monday","name":"Mahavir Jayanti","type":"Gazetted"},{"month":"April","date":9,"day":"Thursday","name":"First day of Passover","type":"Observance"},{"month":"April","date":9,"day":"Thursday","name":"Maundy Thursday","type":"Observance,"},{"month":"April","date":10,"day":"Friday","name":"Good Friday","type":"Gazetted"},{"month":"April","date":12,"day":"Sunday","name":"Easter Day","type":"Restricted"},{"month":"April","date":13,"day":"Monday","name":"Vaisakhi","type":"Restricted"},{"month":"April","date":14,"day":"Tuesday","name":"Mesadi/Vaisakhadi","type":"Restricted"},{"month":"April","date":14,"day":"Tuesday","name":"Ambedkar Jayanti","type":"Central"},{"month":"May","date":1,"day":"Friday","name":"May Day","type":"Observance"},{"month":"May","date":7,"day":"Thursday","name":"Buddha Purnima/Vesak","type":"Gazetted"},{"month":"May","date":7,"day":"Thursday","name":"Birthday of Ravindranath","type":"Restricted"},{"month":"May","date":10,"day":"Sunday","name":"Mother's Day","type":"Observance"},{"month":"May","date":22,"day":"Friday","name":"Jamat Ul-Vida","type":"Restricted"},{"month":"May","date":25,"day":"Monday","name":"Ramzan Id/Eid-ul-Fitar","type":"Gazetted"},{"month":"May","date":25,"day":"Monday","name":"Ramzan Id/Eid-ul-Fitar","type":"Muslim,"},{"month":"June","date":21,"day":"Sunday","name":"June Solstice","type":"Season"},{"month":"June","date":21,"day":"Sunday","name":"Father's Day","type":"Observance"},{"month":"June","date":23,"day":"Tuesday","name":"Rath Yatra","type":"Restricted"},{"month":"July","date":5,"day":"Sunday","name":"Guru Purnima","type":"Observance"},{"month":"July","date":31,"day":"Friday","name":"Bakr Id/Eid ul-Adha","type":"Gazetted"},{"month":"August","date":2,"day":"Sunday","name":"Friendship Day","type":"Observance"},{"month":"August","date":3,"day":"Monday","name":"Raksha Bandhan (Rakhi)","type":"Restricted"},{"month":"August","date":11,"day":"Tuesday","name":"Janmashtami (Smarta)","type":"Restricted"},{"month":"August","date":12,"day":"Wednesday","name":"Janmashtami","type":"Gazetted"},{"month":"August","date":15,"day":"Saturday","name":"Independence Day","type":"Gazetted"},{"month":"August","date":16,"day":"Sunday","name":"Parsi New Year","type":"Restricted"},{"month":"August","date":22,"day":"Saturday","name":"Ganesh Chaturthi/Vin
08-05 14:52:16.736 10720 10720 V Response: [{"month":"January","date":1,"day":"Wednesday","name":"New Year's Day","type":"Restricted"},{"month":"January","date":2,"day":"Thursday","name":"Guru Govind Singh Jayanti","type":"Restricted"},{"month":"January","date":14,"day":"Tuesday","name":"Lohri","type":"Restricted"},{"month":"January","date":15,"day":"Wednesday","name":"Pongal","type":"Restricted"},{"month":"January","date":15,"day":"Wednesday","name":"Makar Sankranti","type":"Restricted"},{"month":"January","date":25,"day":"Saturday","name":"Chinese New Year","type":"Observance"},{"month":"January","date":26,"day":"Sunday","name":"Republic Day","type":"Gazetted"},{"month":"January","date":30,"day":"Thursday","name":"Vasant Panchami","type":"Restricted"},{"month":"February","date":9,"day":"Sunday","name":"Guru Ravidas Jayanti","type":"Restricted"},{"month":"February","date":14,"day":"Friday","name":"Valentine's Day","type":"Observance"},{"month":"February","date":18,"day":"Tuesday","name":"Maharishi Dayanand Saraswati Jayanti","type":"Restricted"},{"month":"February","date":19,"day":"Wednesday","name":"Shivaji Jayanti","type":"Restricted"},{"month":"February","date":21,"day":"Friday","name":"Maha Shivaratri/Shivaratri","type":"Gazetted"},{"month":"March","date":9,"day":"Monday","name":"Holika Dahana","type":"Restricted"},{"month":"March","date":9,"day":"Monday","name":"Hazarat Ali's Birthday","type":"Restricted"},{"month":"March","date":10,"day":"Tuesday","name":"Holi","type":"Gazetted"},{"month":"March","date":20,"day":"Friday","name":"March Equinox","type":"Season"},{"month":"March","date":25,"day":"Wednesday","name":"Chaitra Sukhladi","type":"Restricted"},{"month":"April","date":2,"day":"Thursday","name":"Rama Navami","type":"Gazetted"},{"month":"April","date":6,"day":"Monday","name":"Mahavir Jayanti","type":"Gazetted"},{"month":"April","date":9,"day":"Thursday","name":"First day of Passover","type":"Observance"},{"month":"April","date":9,"day":"Thursday","name":"Maundy Thursday","type":"Observance,"},{"month":"April","date":10,"day":"Friday","name":"Good Friday","type":"Gazetted"},{"month":"April","date":12,"day":"Sunday","name":"Easter Day","type":"Restricted"},{"month":"April","date":13,"day":"Monday","name":"Vaisakhi","type":"Restricted"},{"month":"April","date":14,"day":"Tuesday","name":"Mesadi/Vaisakhadi","type":"Restricted"},{"month":"April","date":14,"day":"Tuesday","name":"Ambedkar Jayanti","type":"Central"},{"month":"May","date":1,"day":"Friday","name":"May Day","type":"Observance"},{"month":"May","date":7,"day":"Thursday","name":"Buddha Purnima/Vesak","type":"Gazetted"},{"month":"May","date":7,"day":"Thursday","name":"Birthday of Ravindranath","type":"Restricted"},{"month":"May","date":10,"day":"Sunday","name":"Mother's Day","type":"Observance"},{"month":"May","date":22,"day":"Friday","name":"Jamat Ul-Vida","type":"Restricted"},{"month":"May","date":25,"day":"Monday","name":"Ramzan Id/Eid-ul-Fitar","type":"Gazetted"},{"month":"May","date":25,"day":"Monday","name":"Ramzan Id/Eid-ul-Fitar","type":"Muslim,"},{"month":"June","date":21,"day":"Sunday","name":"June Solstice","type":"Season"},{"month":"June","date":21,"day":"Sunday","name":"Father's Day","type":"Observance"},{"month":"June","date":23,"day":"Tuesday","name":"Rath Yatra","type":"Restricted"},{"month":"July","date":5,"day":"Sunday","name":"Guru Purnima","type":"Observance"},{"month":"July","date":31,"day":"Friday","name":"Bakr Id/Eid ul-Adha","type":"Gazetted"},{"month":"August","date":2,"day":"Sunday","name":"Friendship Day","type":"Observance"},{"month":"August","date":3,"day":"Monday","name":"Raksha Bandhan (Rakhi)","type":"Restricted"},{"month":"August","date":11,"day":"Tuesday","name":"Janmashtami (Smarta)","type":"Restricted"},{"month":"August","date":12,"day":"Wednesday","name":"Janmashtami","type":"Gazetted"},{"month":"August","date":15,"day":"Saturday","name":"Independence Day","type":"Gazetted"},{"month":"August","date":16,"day":"Sunday","name":"Parsi New Year","type":"Restricted"},{"month":"August","date":22,"day":"Saturday","name":"Ganesh Chaturthi/Vin
08-05 14:52:16.770 10720 10789 I art     : Explicit concurrent mark sweep GC freed 14561(643KB) AllocSpace objects, 11(496KB) LOS objects, 7% free, 190MB/206MB, paused 2.104ms total 57.537ms
08-05 14:52:16.788 10720 10789 I art     : Starting a blocking GC Explicit
08-05 14:52:16.846 10720 10789 I art     : Explicit concurrent mark sweep GC freed 4266(318KB) AllocSpace objects, 0(0B) LOS objects, 7% free, 190MB/206MB, paused 1.339ms total 56.755ms
08-05 14:52:16.865 10720 10789 I art     : Starting a blocking GC Explicit
08-05 14:52:16.928 10720 10789 I art     : Explicit concurrent mark sweep GC freed 293(9KB) AllocSpace objects, 1(4MB) LOS objects, 7% free, 185MB/201MB, paused 1.506ms total 63.427ms
08-05 14:52:16.949 10720 10789 I art     : Starting a blocking GC Explicit
08-05 14:52:17.013 10720 10789 I art     : Explicit concurrent mark sweep GC freed 162(3KB) AllocSpace objects, 0(0B) LOS objects, 7% free, 185MB/201MB, paused 1.525ms total 64.234ms
08-05 14:52:17.034 10720 10789 I art     : Starting a blocking GC Explicit
08-05 14:52:17.099 10720 10789 I art     : Explicit concurrent mark sweep GC freed 123(2096B) AllocSpace objects, 0(0B) LOS objects, 7% free, 185MB/201MB, paused 1.533ms total 65.356ms
08-05 14:52:17.511 10720 10733 I art     : Starting a blocking GC Explicit
08-05 14:52:17.583 10720 10733 I art     : Explicit concurrent mark sweep GC freed 2307(104KB) AllocSpace objects, 2(48KB) LOS objects, 7% free, 185MB/201MB, paused 1.504ms total 71.495ms
08-05 14:52:17.606 10720 10733 I art     : Starting a blocking GC Explicit
08-05 14:52:17.672 10720 10733 I art     : Explicit concurrent mark sweep GC freed 191(4KB) AllocSpace objects, 0(0B) LOS objects, 7% free, 185MB/201MB, paused 1.545ms total 65.875ms
08-05 14:52:17.687 10696 10696 I ServiceManager: Waiting for service AtCmdFwd...
08-05 14:52:17.693 10720 10733 I art     : Starting a blocking GC Explicit
08-05 14:52:17.753 10720 10733 I art     : Explicit concurrent mark sweep GC freed 114(1952B) AllocSpace objects, 0(0B) LOS objects, 7% free, 185MB/201MB, paused 1.390ms total 60.185ms
08-05 14:52:17.773 10720 10733 I art     : Starting a blocking GC Explicit
08-05 14:52:17.834 10720 10733 I art     : Explicit concurrent mark sweep GC freed 123(2096B) AllocSpace objects, 0(0B) LOS objects, 7% free, 185MB/201MB, paused 1.461ms total 60.997ms
08-05 14:52:17.854 10720 10733 I art     : Starting a blocking GC Explicit
08-05 14:52:17.915 10720 10733 I art     : Explicit concurrent mark sweep GC freed 123(2096B) AllocSpace objects, 0(0B) LOS objects, 7% free, 185MB/201MB, paused 1.469ms total 61.585ms
08-05 14:52:18.349 10720 10732 I art     : Starting a blocking GC Explicit
08-05 14:52:18.419 10720 10732 I art     : Explicit concurrent mark sweep GC freed 2343(104KB) AllocSpace objects, 2(48KB) LOS objects, 7% free, 185MB/201MB, paused 1.492ms total 70.308ms
08-05 14:52:18.443 10720 10732 I art     : Starting a blocking GC Explicit
08-05 14:52:18.507 10720 10732 I art     : Explicit concurrent mark sweep GC freed 159(3KB) AllocSpace objects, 0(0B) LOS objects, 7% free, 185MB/201MB, paused 1.637ms total 63.522ms
08-05 14:52:18.527 10720 10732 I art     : Starting a blocking GC Explicit
08-05 14:52:18.594 10720 10732 I art     : Explicit concurrent mark sweep GC freed 146(2912B) AllocSpace objects, 0(0B) LOS objects, 7% free, 185MB/201MB, paused 1.481ms total 65.964ms
08-05 14:52:18.614 10720 10732 I art     : Starting a blocking GC Explicit
08-05 14:52:18.682 10720 10732 I art     : Explicit concurrent mark sweep GC freed 135(2704B) AllocSpace objects, 0(0B) LOS objects, 7% free, 185MB/201MB, paused 1.391ms total 67.578ms
08-05 14:52:18.687 10696 10696 W Atfwd_Sendcmd: AtCmdFwd service not published, waiting... retryCnt : 4
08-05 14:52:18.702 10720 10732 I art     : Starting a blocking GC Explicit
08-05 14:52:18.771 10720 10732 I art     : Explicit concurrent mark sweep GC freed 123(2096B) AllocSpace objects, 0(0B) LOS objects, 7% free, 185MB/201MB, paused 1.527ms total 68.190ms
08-05 14:52:19.185 10720 10789 I art     : Starting a blocking GC Explicit
08-05 14:52:19.253 10720 10789 I art     : Explicit concurrent mark sweep GC freed 2320(104KB) AllocSpace objects, 2(48KB) LOS objects, 7% free, 185MB/201MB, paused 1.555ms total 67.490ms
08-05 14:52:19.273 10720 10789 I art     : Starting a blocking GC Explicit
08-05 14:52:19.344 10720 10789 I art     : Explicit concurrent mark sweep GC freed 175(3KB) AllocSpace objects, 0(0B) LOS objects, 7% free, 185MB/201MB, paused 1.644ms total 70.148ms
08-05 14:52:19.368 10720 10789 I art     : Starting a blocking GC Explicit
08-05 14:52:19.434 10720 10789 I art     : Explicit concurrent mark sweep GC freed 141(2400B) AllocSpace objects, 0(0B) LOS objects, 7% free, 185MB/201MB, paused 1.513ms total 66.027ms
08-05 14:52:19.434 10720 10731 I art     : WaitForGcToComplete blocked for 20.756ms for cause HeapTrim
08-05 14:52:19.454 10720 10789 I art     : Starting a blocking GC Explicit
08-05 14:52:19.520 10720 10789 I art     : Explicit concurrent mark sweep GC freed 122(2064B) AllocSpace objects, 0(0B) LOS objects, 7% free, 185MB/201MB, paused 1.551ms total 65.864ms
08-05 14:52:19.541 10720 10789 I art     : Starting a blocking GC Explicit
08-05 14:52:19.609 10720 10789 I art     : Explicit concurrent mark sweep GC freed 132(2256B) AllocSpace objects, 0(0B) LOS objects, 7% free, 185MB/201MB, paused 1.776ms total 67.806ms
08-05 14:52:20.052 10720 10733 I art     : Starting a blocking GC Explicit
08-05 14:52:20.120 10720 10733 I art     : Explicit concurrent mark sweep GC freed 2359(105KB) AllocSpace objects, 2(48KB) LOS objects, 7% free, 185MB/201MB, paused 1.440ms total 67.709ms
08-05 14:52:20.141 10720 10733 I art     : Starting a blocking GC Explicit
08-05 14:52:20.201 10720 10733 I art     : Explicit concurrent mark sweep GC freed 148(3024B) AllocSpace objects, 0(0B) LOS objects, 7% free, 185MB/201MB, paused 1.513ms total 59.360ms
08-05 14:52:20.220 10720 10733 I art     : Starting a blocking GC Explicit
08-05 14:52:20.283 10720 10733 I art     : Explicit concurrent mark sweep GC freed 134(2720B) AllocSpace objects, 0(0B) LOS objects, 7% free, 185MB/201MB, paused 1.593ms total 62.281ms
08-05 14:52:20.303 10720 10733 I art     : Starting a blocking GC Explicit
08-05 14:52:20.368 10720 10733 I art     : Explicit concurrent mark sweep GC freed 134(2672B) AllocSpace objects, 0(0B) LOS objects, 7% free, 185MB/201MB, paused 1.620ms total 64.687ms
08-05 14:52:20.389 10720 10733 I art     : Starting a blocking GC Explicit
08-05 14:52:20.455 10720 10733 I art     : Explicit concurrent mark sweep GC freed 122(2064B) AllocSpace objects, 0(0B) LOS objects, 7% free, 185MB/201MB, paused 1.591ms total 66.143ms
08-05 14:52:20.667 13637 13637 D AndroidRuntime: >>>>>> START com.android.internal.os.RuntimeInit uid 2000 <<<<<<
08-05 14:52:20.673 13637 13637 D AndroidRuntime: CheckJNI is OFF
08-05 14:52:20.714 13637 13637 D ICU     : No timezone override file found: /data/misc/zoneinfo/current/icu/icu_tzdata.dat
08-05 14:52:20.756 13637 13637 I Radio-JNI: register_android_hardware_Radio DONE
08-05 14:52:20.784 13637 13637 D AndroidRuntime: Calling main entry com.android.commands.input.Input
08-05 14:52:20.786 13637 13637 I Input   : injectKeyEvent: KeyEvent { action=ACTION_DOWN, keyCode=KEYCODE_BACK, scanCode=0, metaState=0, flags=0x0, repeatCount=0, eventTime=802357199, downTime=802357199, deviceId=-1, source=0x101 }
08-05 14:52:20.791 13637 13637 I Input   : injectKeyEvent: KeyEvent { action=ACTION_UP, keyCode=KEYCODE_BACK, scanCode=0, metaState=0, flags=0x0, repeatCount=0, eventTime=802357199, downTime=802357199, deviceId=-1, source=0x101 }
08-05 14:52:20.796 13637 13637 D AndroidRuntime: Shutting down VM
08-05 14:52:20.807 10720 10720 V MainActivity: url = https://project-travel-mate.herokuapp.com/api/number-of-unread-notifications
08-05 14:52:20.841 13866 13866 I GoogleInputMethodServic: GoogleInputMethodService.onFinishInput():3138 
08-05 14:52:20.842 13866 13866 I GoogleInputMethodServic: GoogleInputMethodService.onStartInput():1808 
08-05 14:52:20.908 10720 11113 I art     : Starting a blocking GC Explicit
08-05 14:52:20.965 10720 11113 I art     : Explicit concurrent mark sweep GC freed 2742(125KB) AllocSpace objects, 2(48KB) LOS objects, 7% free, 186MB/202MB, paused 1.376ms total 56.462ms
08-05 14:52:20.984 10720 11113 I art     : Starting a blocking GC Explicit
08-05 14:52:21.043 10720 11113 I art     : Explicit concurrent mark sweep GC freed 201(5KB) AllocSpace objects, 0(0B) LOS objects, 7% free, 186MB/202MB, paused 1.670ms total 58.526ms
08-05 14:52:21.063 10720 11113 I art     : Starting a blocking GC Explicit
08-05 14:52:21.131 10720 11113 I art     : Explicit concurrent mark sweep GC freed 142(3KB) AllocSpace objects, 0(0B) LOS objects, 7% free, 186MB/202MB, paused 1.850ms total 67.258ms
08-05 14:52:21.151 10720 11113 I art     : Starting a blocking GC Explicit
08-05 14:52:21.189   380   380 W SurfaceFlinger: couldn't log to binary event log: overflow.
08-05 14:52:21.214 10720 11113 I art     : Explicit concurrent mark sweep GC freed 115(2400B) AllocSpace objects, 0(0B) LOS objects, 7% free, 186MB/202MB, paused 1.432ms total 62.516ms
08-05 14:52:21.234 10720 11113 I art     : Starting a blocking GC Explicit
08-05 14:52:21.293 10720 11113 I art     : Explicit concurrent mark sweep GC freed 13(496B) AllocSpace objects, 1(188KB) LOS objects, 7% free, 185MB/201MB, paused 1.460ms total 59.543ms
08-05 14:52:21.668 10720 13660 I NAPPA_EXPERIMENTATION: MetricNetworkRequestExecutionTime: REQUEST_DURATION_SYSTEM='860',REQUEST_DURATION_OKHTTP='35',REQUEST_SYNCHRONOUS='FALSE',RESPONSE_CODE='200',RESPONSE_METHOD='GET',RESPONSE_LENGTH_OKHTTP='36',RESPONSE_LENGTH_HEADER='36',REQUEST_PROTOCOL='http/1.1',REQUEST_URL='https://project-travel-mate.herokuapp.com/api/number-of-unread-notifications',
08-05 14:52:21.710 10720 10733 I art     : Starting a blocking GC Explicit
08-05 14:52:21.787 10720 10733 I art     : Explicit concurrent mark sweep GC freed 11025(600KB) AllocSpace objects, 18(512KB) LOS objects, 7% free, 185MB/201MB, paused 1.711ms total 76.534ms
08-05 14:52:21.809 10720 10733 I art     : Starting a blocking GC Explicit
08-05 14:52:21.872 10720 10733 I art     : Explicit concurrent mark sweep GC freed 972(117KB) AllocSpace objects, 0(0B) LOS objects, 7% free, 185MB/201MB, paused 1.572ms total 62.477ms
08-05 14:52:21.892 10720 10733 I art     : Starting a blocking GC Explicit
08-05 14:52:21.955 10720 10733 I art     : Explicit concurrent mark sweep GC freed 40(1088B) AllocSpace objects, 0(0B) LOS objects, 7% free, 185MB/201MB, paused 1.500ms total 62.644ms
08-05 14:52:21.975 10720 10733 I art     : Starting a blocking GC Explicit
08-05 14:52:22.036 10720 10733 I art     : Explicit concurrent mark sweep GC freed 3(96B) AllocSpace objects, 0(0B) LOS objects, 7% free, 185MB/201MB, paused 1.450ms total 60.391ms
08-05 14:52:22.056 10720 10733 I art     : Starting a blocking GC Explicit
08-05 14:52:22.114 10720 10733 I art     : Explicit concurrent mark sweep GC freed 3(96B) AllocSpace objects, 0(0B) LOS objects, 7% free, 185MB/201MB, paused 1.477ms total 57.779ms
08-05 14:52:22.530 10720 10789 I art     : Starting a blocking GC Explicit
08-05 14:52:22.564 13673 13673 D AndroidRuntime: >>>>>> START com.android.internal.os.RuntimeInit uid 2000 <<<<<<
08-05 14:52:22.569 13673 13673 D AndroidRuntime: CheckJNI is OFF
08-05 14:52:22.595 10720 10789 I art     : Explicit concurrent mark sweep GC freed 1594(92KB) AllocSpace objects, 2(48KB) LOS objects, 7% free, 185MB/201MB, paused 3.779ms total 64.415ms
08-05 14:52:22.611 13673 13673 D ICU     : No timezone override file found: /data/misc/zoneinfo/current/icu/icu_tzdata.dat
08-05 14:52:22.614 10720 10789 I art     : Starting a blocking GC Explicit
08-05 14:52:22.650 13673 13673 I Radio-JNI: register_android_hardware_Radio DONE
08-05 14:52:22.667 10720 10789 I art     : Explicit concurrent mark sweep GC freed 32(1152B) AllocSpace objects, 0(0B) LOS objects, 7% free, 185MB/201MB, paused 1.431ms total 53.125ms
08-05 14:52:22.679 13673 13673 D AndroidRuntime: Calling main entry com.android.commands.input.Input
08-05 14:52:22.681 13673 13673 I Input   : injectMotionEvent: MotionEvent { action=ACTION_DOWN, actionButton=0, id[0]=0, x[0]=117.0, y[0]=170.0, toolType[0]=TOOL_TYPE_UNKNOWN, buttonState=0, metaState=0, flags=0x0, edgeFlags=0x0, pointerCount=1, historySize=0, eventTime=802359094, downTime=802359094, deviceId=0, source=0x1002 }
08-05 14:52:22.686 13673 13673 I Input   : injectMotionEvent: MotionEvent { action=ACTION_UP, actionButton=0, id[0]=0, x[0]=117.0, y[0]=170.0, toolType[0]=TOOL_TYPE_UNKNOWN, buttonState=0, metaState=0, flags=0x0, edgeFlags=0x0, pointerCount=1, historySize=0, eventTime=802359094, downTime=802359094, deviceId=0, source=0x1002 }
08-05 14:52:22.689 10720 10789 I art     : Starting a blocking GC Explicit
08-05 14:52:22.724 13673 13673 D AndroidRuntime: Shutting down VM
08-05 14:52:22.744 10720 10789 I art     : Explicit concurrent mark sweep GC freed 29(944B) AllocSpace objects, 0(0B) LOS objects, 7% free, 185MB/201MB, paused 1.396ms total 54.207ms
08-05 14:52:22.763   512  2967 D audio_hw_primary: out_set_parameters: enter: usecase(1: low-latency-playback) kvpairs: routing=2
08-05 14:52:22.765 10720 10789 I art     : Starting a blocking GC Explicit
08-05 14:52:22.776   512  2967 D audio_hw_primary: select_devices: out_snd_device(2: speaker) in_snd_device(0: none)
08-05 14:52:22.776   512  2967 D msm8974_platform: platform_send_audio_calibration: sending audio calibration for snd_device(2) acdb_id(15)
08-05 14:52:22.777   512  2967 I soundtrigger: audio_extn_sound_trigger_update_device_status: device 0x2 of type 0 for Event 1
08-05 14:52:22.787   512  2967 D audio_hw_primary: enable_snd_device: snd_device(2: speaker)
08-05 14:52:22.789   512  2967 D audio_hw_primary: enable_audio_route: apply and update mixer path: low-latency-playback speaker
08-05 14:52:22.820 10720 10789 I art     : Explicit concurrent mark sweep GC freed 27(1232B) AllocSpace objects, 0(0B) LOS objects, 7% free, 185MB/201MB, paused 1.450ms total 54.911ms
08-05 14:52:22.840 10720 10789 I art     : Starting a blocking GC Explicit
08-05 14:52:22.899 10720 10789 I art     : Explicit concurrent mark sweep GC freed 418(20KB) AllocSpace objects, 0(0B) LOS objects, 7% free, 185MB/201MB, paused 1.503ms total 58.411ms
08-05 14:52:23.307 10720 10732 I art     : Starting a blocking GC Explicit
08-05 14:52:23.329   512  2967 D audio_hw_primary: disable_audio_route: reset and update mixer path: low-latency-playback speaker
08-05 14:52:23.330   512  2967 D audio_hw_primary: disable_snd_device: snd_device(2: speaker)
08-05 14:52:23.338   512  2967 I soundtrigger: audio_extn_sound_trigger_update_device_status: device 0x2 of type 0 for Event 0
08-05 14:52:23.359 10720 10732 I art     : Explicit concurrent mark sweep GC freed 1660(94KB) AllocSpace objects, 2(48KB) LOS objects, 7% free, 185MB/201MB, paused 1.911ms total 51.180ms
08-05 14:52:23.377 10720 10732 I art     : Starting a blocking GC Explicit
08-05 14:52:23.432 10720 10732 I art     : Explicit concurrent mark sweep GC freed 48(1888B) AllocSpace objects, 0(0B) LOS objects, 7% free, 185MB/201MB, paused 1.362ms total 54.235ms
08-05 14:52:23.451 10720 10732 I art     : Starting a blocking GC Explicit
08-05 14:52:23.472 13696 13696 D AndroidRuntime: >>>>>> START com.android.internal.os.RuntimeInit uid 2000 <<<<<<
08-05 14:52:23.478 13696 13696 D AndroidRuntime: CheckJNI is OFF
08-05 14:52:23.509 10720 10732 I art     : Explicit concurrent mark sweep GC freed 3(96B) AllocSpace objects, 0(0B) LOS objects, 7% free, 185MB/201MB, paused 1.507ms total 58.247ms
08-05 14:52:23.524 13696 13696 D ICU     : No timezone override file found: /data/misc/zoneinfo/current/icu/icu_tzdata.dat
08-05 14:52:23.529 10720 10732 I art     : Starting a blocking GC Explicit
08-05 14:52:23.566 13696 13696 I Radio-JNI: register_android_hardware_Radio DONE
08-05 14:52:23.588 10720 10732 I art     : Explicit concurrent mark sweep GC freed 5(160B) AllocSpace objects, 0(0B) LOS objects, 7% free, 185MB/201MB, paused 1.545ms total 59.023ms
08-05 14:52:23.595 13696 13696 D AndroidRuntime: Calling main entry com.android.commands.input.Input
08-05 14:52:23.597 13696 13696 I Input   : injectMotionEvent: MotionEvent { action=ACTION_DOWN, actionButton=0, id[0]=0, x[0]=405.0, y[0]=661.0, toolType[0]=TOOL_TYPE_UNKNOWN, buttonState=0, metaState=0, flags=0x0, edgeFlags=0x0, pointerCount=1, historySize=0, eventTime=802360010, downTime=802360010, deviceId=0, source=0x1002 }
08-05 14:52:23.602 13696 13696 I Input   : injectMotionEvent: MotionEvent { action=ACTION_UP, actionButton=0, id[0]=0, x[0]=405.0, y[0]=661.0, toolType[0]=TOOL_TYPE_UNKNOWN, buttonState=0, metaState=0, flags=0x0, edgeFlags=0x0, pointerCount=1, historySize=0, eventTime=802360010, downTime=802360010, deviceId=0, source=0x1002 }
08-05 14:52:23.603 13696 13696 D AndroidRuntime: Shutting down VM
08-05 14:52:23.607 10720 10732 I art     : Starting a blocking GC Explicit
08-05 14:52:23.619   512  2967 D audio_hw_primary: out_set_parameters: enter: usecase(1: low-latency-playback) kvpairs: routing=2
08-05 14:52:23.632   512  2967 D audio_hw_primary: select_devices: out_snd_device(2: speaker) in_snd_device(0: none)
08-05 14:52:23.632   512  2967 D msm8974_platform: platform_send_audio_calibration: sending audio calibration for snd_device(2) acdb_id(15)
08-05 14:52:23.632   512  2967 I soundtrigger: audio_extn_sound_trigger_update_device_status: device 0x2 of type 0 for Event 1
08-05 14:52:23.641   512  2967 D audio_hw_primary: enable_snd_device: snd_device(2: speaker)
08-05 14:52:23.643   512  2967 D audio_hw_primary: enable_audio_route: apply and update mixer path: low-latency-playback speaker
08-05 14:52:23.667 10720 10732 I art     : Explicit concurrent mark sweep GC freed 1891(67KB) AllocSpace objects, 0(0B) LOS objects, 7% free, 185MB/201MB, paused 2.045ms total 59.635ms
08-05 14:52:23.684   512  2967 D AudioFlinger: mixer(0xf4740000) throttle end: throttle time(12)
08-05 14:52:24.051 10720 12263 I art     : Starting a blocking GC Explicit
08-05 14:52:24.108 10720 12263 I art     : Explicit concurrent mark sweep GC freed 2477(139KB) AllocSpace objects, 11(300KB) LOS objects, 7% free, 185MB/201MB, paused 1.383ms total 55.836ms
08-05 14:52:24.126 10720 12263 I art     : Starting a blocking GC Explicit
08-05 14:52:24.168   512  2967 D audio_hw_primary: disable_audio_route: reset and update mixer path: low-latency-playback speaker
08-05 14:52:24.169   512  2967 D audio_hw_primary: disable_snd_device: snd_device(2: speaker)
08-05 14:52:24.177   512  2967 I soundtrigger: audio_extn_sound_trigger_update_device_status: device 0x2 of type 0 for Event 0
08-05 14:52:24.185 10720 12263 I art     : Explicit concurrent mark sweep GC freed 173(9KB) AllocSpace objects, 0(0B) LOS objects, 7% free, 185MB/201MB, paused 1.461ms total 58.133ms
08-05 14:52:24.205 10720 12263 I art     : Starting a blocking GC Explicit
08-05 14:52:24.268 10720 12263 I art     : Explicit concurrent mark sweep GC freed 3(96B) AllocSpace objects, 0(0B) LOS objects, 7% free, 185MB/201MB, paused 1.555ms total 63.134ms
08-05 14:52:24.288 10720 12263 I art     : Starting a blocking GC Explicit
08-05 14:52:24.352 10720 12263 I art     : Explicit concurrent mark sweep GC freed 3(96B) AllocSpace objects, 0(0B) LOS objects, 7% free, 185MB/201MB, paused 1.546ms total 63.567ms
08-05 14:52:24.372 10720 12263 I art     : Starting a blocking GC Explicit
08-05 14:52:24.436 10720 12263 I art     : Explicit concurrent mark sweep GC freed 3(96B) AllocSpace objects, 0(0B) LOS objects, 7% free, 185MB/201MB, paused 1.541ms total 63.295ms
08-05 14:52:24.857 10720 10789 I art     : Starting a blocking GC Explicit
08-05 14:52:24.941 10720 10789 I art     : Explicit concurrent mark sweep GC freed 1598(92KB) AllocSpace objects, 2(48KB) LOS objects, 7% free, 185MB/201MB, paused 1.625ms total 83.274ms
08-05 14:52:24.962 10720 10789 I art     : Starting a blocking GC Explicit
08-05 14:52:25.026 10720 10789 I art     : Explicit concurrent mark sweep GC freed 86(3KB) AllocSpace objects, 0(0B) LOS objects, 7% free, 185MB/201MB, paused 1.386ms total 62.932ms
08-05 14:52:25.045 10720 10789 I art     : Starting a blocking GC Explicit
08-05 14:52:25.115 10720 10789 I art     : Explicit concurrent mark sweep GC freed 3(96B) AllocSpace objects, 0(0B) LOS objects, 7% free, 185MB/201MB, paused 1.900ms total 69.702ms
08-05 14:52:25.137 10720 10789 I art     : Starting a blocking GC Explicit
08-05 14:52:25.200 10720 10789 I art     : Explicit concurrent mark sweep GC freed 3(96B) AllocSpace objects, 0(0B) LOS objects, 7% free, 185MB/201MB, paused 1.487ms total 62.965ms
08-05 14:52:25.221 10720 10789 I art     : Starting a blocking GC Explicit
08-05 14:52:25.291 10720 10789 I art     : Explicit concurrent mark sweep GC freed 3(96B) AllocSpace objects, 0(0B) LOS objects, 7% free, 185MB/201MB, paused 1.702ms total 69.753ms
08-05 14:52:25.750 10720 10733 I art     : Starting a blocking GC Explicit
08-05 14:52:25.834 10720 10733 I art     : Explicit concurrent mark sweep GC freed 1586(92KB) AllocSpace objects, 2(48KB) LOS objects, 7% free, 185MB/201MB, paused 1.487ms total 83.348ms
08-05 14:52:25.857 10720 10733 I art     : Starting a blocking GC Explicit
08-05 14:52:25.916 10720 10733 I art     : Explicit concurrent mark sweep GC freed 28(1024B) AllocSpace objects, 0(0B) LOS objects, 7% free, 185MB/201MB, paused 1.419ms total 59.188ms
08-05 14:52:25.936 10720 10733 I art     : Starting a blocking GC Explicit
08-05 14:52:25.997 10720 10733 I art     : Explicit concurrent mark sweep GC freed 40(1088B) AllocSpace objects, 0(0B) LOS objects, 7% free, 185MB/201MB, paused 1.610ms total 60.690ms
08-05 14:52:26.017 10720 10733 I art     : Starting a blocking GC Explicit
08-05 14:52:26.082 10720 10733 I art     : Explicit concurrent mark sweep GC freed 3(96B) AllocSpace objects, 0(0B) LOS objects, 7% free, 185MB/201MB, paused 1.610ms total 65.099ms
08-05 14:52:26.103 10720 10733 I art     : Starting a blocking GC Explicit
08-05 14:52:26.168 10720 10733 I art     : Explicit concurrent mark sweep GC freed 3(96B) AllocSpace objects, 0(0B) LOS objects, 7% free, 185MB/201MB, paused 1.649ms total 64.407ms
08-05 14:52:26.397 13748 13748 D AndroidRuntime: >>>>>> START com.android.internal.os.RuntimeInit uid 2000 <<<<<<
08-05 14:52:26.403 13748 13748 D AndroidRuntime: CheckJNI is OFF
08-05 14:52:26.450 13748 13748 D ICU     : No timezone override file found: /data/misc/zoneinfo/current/icu/icu_tzdata.dat
08-05 14:52:26.491 13748 13748 I Radio-JNI: register_android_hardware_Radio DONE
08-05 14:52:26.521 13748 13748 D AndroidRuntime: Calling main entry com.android.commands.input.Input
08-05 14:52:26.523 13748 13748 I Input   : injectMotionEvent: MotionEvent { action=ACTION_DOWN, actionButton=0, id[0]=0, x[0]=1341.0, y[0]=197.0, toolType[0]=TOOL_TYPE_UNKNOWN, buttonState=0, metaState=0, flags=0x0, edgeFlags=0x0, pointerCount=1, historySize=0, eventTime=802362936, downTime=802362936, deviceId=0, source=0x1002 }
08-05 14:52:26.529 13748 13748 I Input   : injectMotionEvent: MotionEvent { action=ACTION_UP, actionButton=0, id[0]=0, x[0]=1341.0, y[0]=197.0, toolType[0]=TOOL_TYPE_UNKNOWN, buttonState=0, metaState=0, flags=0x0, edgeFlags=0x0, pointerCount=1, historySize=0, eventTime=802362936, downTime=802362936, deviceId=0, source=0x1002 }
08-05 14:52:26.531 13748 13748 D AndroidRuntime: Shutting down VM
08-05 14:52:26.546   918  6029 I ActivityManager: START u0 {cmp=baseline.io.github.project_travel_mate/.notifications.NotificationsActivity} from uid 10674 on display 0
08-05 14:52:26.552   512  2967 D audio_hw_primary: out_set_parameters: enter: usecase(1: low-latency-playback) kvpairs: routing=2
08-05 14:52:26.565   512  2967 D audio_hw_primary: select_devices: out_snd_device(2: speaker) in_snd_device(0: none)
08-05 14:52:26.565   512  2967 D msm8974_platform: platform_send_audio_calibration: sending audio calibration for snd_device(2) acdb_id(15)
08-05 14:52:26.565   512  2967 I soundtrigger: audio_extn_sound_trigger_update_device_status: device 0x2 of type 0 for Event 1
08-05 14:52:26.577 10720 10784 D Gabe    : call	returning from cache
08-05 14:52:26.582 10720 10720 V EXECUTING: https://project-travel-mate.herokuapp.com/api/get-notifications
08-05 14:52:26.583   512  2967 D audio_hw_primary: enable_snd_device: snd_device(2: speaker)
08-05 14:52:26.584 10720 10720 V EXECUTING: https://project-travel-mate.herokuapp.com/api/get-notifications
08-05 14:52:26.585   512  2967 D audio_hw_primary: enable_audio_route: apply and update mixer path: low-latency-playback speaker
08-05 14:52:26.597 10720 10733 I art     : Starting a blocking GC Explicit
08-05 14:52:26.658 10720 10733 I art     : Explicit concurrent mark sweep GC freed 3286(198KB) AllocSpace objects, 2(48KB) LOS objects, 7% free, 185MB/201MB, paused 2.296ms total 61.351ms
08-05 14:52:26.679 10720 10733 I art     : Starting a blocking GC Explicit
08-05 14:52:26.735 10720 10733 I art     : Explicit concurrent mark sweep GC freed 653(27KB) AllocSpace objects, 0(0B) LOS objects, 7% free, 189MB/205MB, paused 1.810ms total 56.108ms
08-05 14:52:26.757 10720 10733 I art     : Starting a blocking GC Explicit
08-05 14:52:26.758   918   936 I ActivityManager: Displayed baseline.io.github.project_travel_mate/.notifications.NotificationsActivity: +199ms
08-05 14:52:26.760 13866 13866 I GoogleInputMethodServic: GoogleInputMethodService.onFinishInput():3138 
08-05 14:52:26.760 13866 13866 I GoogleInputMethodServic: GoogleInputMethodService.onStartInput():1808 
08-05 14:52:26.816 10720 10733 I art     : Explicit concurrent mark sweep GC freed 172(4KB) AllocSpace objects, 0(0B) LOS objects, 7% free, 189MB/205MB, paused 1.826ms total 59.059ms
08-05 14:52:26.839 10720 10733 I art     : Starting a blocking GC Explicit
08-05 14:52:26.856 10720 10736 D OpenGLRenderer: endAllStagingAnimators on 0x7f771be000 (RippleDrawable) with handle 0x7f7c3c82e0
08-05 14:52:26.898 10720 10733 I art     : Explicit concurrent mark sweep GC freed 101(2064B) AllocSpace objects, 0(0B) LOS objects, 7% free, 189MB/205MB, paused 1.761ms total 58.176ms
08-05 14:52:26.918 10720 10733 I art     : Starting a blocking GC Explicit
08-05 14:52:26.974 10720 10733 I art     : Explicit concurrent mark sweep GC freed 163(4KB) AllocSpace objects, 0(0B) LOS objects, 7% free, 189MB/205MB, paused 1.444ms total 55.441ms
08-05 14:52:27.012   380   380 W SurfaceFlinger: couldn't log to binary event log: overflow.
08-05 14:52:27.119   512  2967 D audio_hw_primary: disable_audio_route: reset and update mixer path: low-latency-playback speaker
08-05 14:52:27.121   512  2967 D audio_hw_primary: disable_snd_device: snd_device(2: speaker)
08-05 14:52:27.123 10720 13773 I NAPPA_EXPERIMENTATION: MetricNetworkRequestExecutionTime: REQUEST_DURATION_SYSTEM='538',REQUEST_DURATION_OKHTTP='50',REQUEST_SYNCHRONOUS='FALSE',RESPONSE_CODE='200',RESPONSE_METHOD='GET',RESPONSE_LENGTH_OKHTTP='2',RESPONSE_LENGTH_HEADER='2',REQUEST_PROTOCOL='http/1.1',REQUEST_URL='https://project-travel-mate.herokuapp.com/api/get-notifications',
08-05 14:52:27.129   512  2967 I soundtrigger: audio_extn_sound_trigger_update_device_status: device 0x2 of type 0 for Event 0
08-05 14:52:27.139 10720 13772 I NAPPA_EXPERIMENTATION: MetricNetworkRequestExecutionTime: REQUEST_DURATION_SYSTEM='556',REQUEST_DURATION_OKHTTP='65',REQUEST_SYNCHRONOUS='FALSE',RESPONSE_CODE='200',RESPONSE_METHOD='GET',RESPONSE_LENGTH_OKHTTP='2',RESPONSE_LENGTH_HEADER='2',REQUEST_PROTOCOL='http/1.1',REQUEST_URL='https://project-travel-mate.herokuapp.com/api/get-notifications',
08-05 14:52:27.310 10720 10720 V Response: [] 
08-05 14:52:27.314 10720 10784 D Gabe    : call	returning from cache
08-05 14:52:27.315 10720 10720 V Response: [] 
08-05 14:52:27.319 10720 10784 D Gabe    : call	returning from cache
08-05 14:52:27.363 10720 10789 I art     : Starting a blocking GC Explicit
08-05 14:52:27.424 10720 10789 I art     : Explicit concurrent mark sweep GC freed 9788(468KB) AllocSpace objects, 9(636KB) LOS objects, 7% free, 190MB/206MB, paused 1.524ms total 61.005ms
08-05 14:52:27.444 10720 10789 I art     : Starting a blocking GC Explicit
08-05 14:52:27.497 10720 10789 I art     : Explicit concurrent mark sweep GC freed 3816(305KB) AllocSpace objects, 0(0B) LOS objects, 7% free, 190MB/206MB, paused 1.375ms total 52.850ms
08-05 14:52:27.516 10720 10789 I art     : Starting a blocking GC Explicit
08-05 14:52:27.570 10720 10789 I art     : Explicit concurrent mark sweep GC freed 338(5KB) AllocSpace objects, 0(0B) LOS objects, 7% free, 190MB/206MB, paused 1.554ms total 53.832ms
08-05 14:52:27.571   918  3261 D WifiStateMachine: starting scan for "H369AA63323"WPA_PSK with 2412,5180
08-05 14:52:27.589 10720 10789 I art     : Starting a blocking GC Explicit
08-05 14:52:27.642 10720 10789 I art     : Explicit concurrent mark sweep GC freed 425(9KB) AllocSpace objects, 0(0B) LOS objects, 7% free, 190MB/206MB, paused 1.361ms total 53.083ms
08-05 14:52:27.661 10720 10789 I art     : Starting a blocking GC Explicit
08-05 14:52:27.715 10720 10789 I art     : Explicit concurrent mark sweep GC freed 445(15KB) AllocSpace objects, 0(0B) LOS objects, 7% free, 190MB/206MB, paused 1.404ms total 52.894ms
08-05 14:52:28.123 10720 10733 I art     : Starting a blocking GC Explicit
08-05 14:52:28.180 10720 10733 I art     : Explicit concurrent mark sweep GC freed 3641(126KB) AllocSpace objects, 2(48KB) LOS objects, 7% free, 190MB/206MB, paused 1.399ms total 56.898ms
08-05 14:52:28.199 10720 10733 I art     : Starting a blocking GC Explicit
08-05 14:52:28.255 10720 10733 I art     : Explicit concurrent mark sweep GC freed 398(7KB) AllocSpace objects, 0(0B) LOS objects, 7% free, 190MB/206MB, paused 1.623ms total 55.760ms
08-05 14:52:28.275 10720 10733 I art     : Starting a blocking GC Explicit
08-05 14:52:28.330 10720 10733 I art     : Explicit concurrent mark sweep GC freed 293(4KB) AllocSpace objects, 0(0B) LOS objects, 7% free, 190MB/206MB, paused 1.400ms total 54.963ms
08-05 14:52:28.349 10720 10733 I art     : Starting a blocking GC Explicit
08-05 14:52:28.403 10720 10733 I art     : Explicit concurrent mark sweep GC freed 345(5KB) AllocSpace objects, 0(0B) LOS objects, 7% free, 190MB/206MB, paused 1.568ms total 53.513ms
08-05 14:52:28.422 10720 10733 I art     : Starting a blocking GC Explicit
08-05 14:52:28.475 10720 10733 I art     : Explicit concurrent mark sweep GC freed 305(4KB) AllocSpace objects, 0(0B) LOS objects, 7% free, 190MB/206MB, paused 1.310ms total 53.238ms
08-05 14:52:28.895 10720 10789 I art     : Starting a blocking GC Explicit
08-05 14:52:28.953 10720 10789 I art     : Explicit concurrent mark sweep GC freed 3592(124KB) AllocSpace objects, 2(48KB) LOS objects, 7% free, 190MB/206MB, paused 1.768ms total 56.992ms
08-05 14:52:28.972 10720 10789 I art     : Starting a blocking GC Explicit
08-05 14:52:29.027 10720 10789 I art     : Explicit concurrent mark sweep GC freed 369(6KB) AllocSpace objects, 0(0B) LOS objects, 7% free, 190MB/206MB, paused 1.465ms total 55.611ms
08-05 14:52:29.047 10720 10789 I art     : Starting a blocking GC Explicit
08-05 14:52:29.104 10720 10789 I art     : Explicit concurrent mark sweep GC freed 297(4KB) AllocSpace objects, 0(0B) LOS objects, 7% free, 190MB/206MB, paused 1.666ms total 56.217ms
08-05 14:52:29.122 10720 10789 I art     : Starting a blocking GC Explicit
08-05 14:52:29.178 10720 10789 I art     : Explicit concurrent mark sweep GC freed 339(5KB) AllocSpace objects, 0(0B) LOS objects, 7% free, 190MB/206MB, paused 1.512ms total 55.350ms
08-05 14:52:29.198 10720 10789 I art     : Starting a blocking GC Explicit
08-05 14:52:29.254 10720 10789 I art     : Explicit concurrent mark sweep GC freed 362(6KB) AllocSpace objects, 0(0B) LOS objects, 7% free, 190MB/206MB, paused 1.516ms total 56.189ms
08-05 14:52:29.662 10720 10789 I art     : Starting a blocking GC Explicit
08-05 14:52:29.719 10720 10789 I art     : Explicit concurrent mark sweep GC freed 3454(122KB) AllocSpace objects, 2(48KB) LOS objects, 7% free, 190MB/206MB, paused 1.521ms total 57.235ms
08-05 14:52:29.739 10720 10789 I art     : Starting a blocking GC Explicit
08-05 14:52:29.795 10720 10789 I art     : Explicit concurrent mark sweep GC freed 327(6KB) AllocSpace objects, 0(0B) LOS objects, 7% free, 190MB/206MB, paused 1.317ms total 55.604ms
08-05 14:52:29.814 10720 10789 I art     : Starting a blocking GC Explicit
08-05 14:52:29.869 10720 10789 I art     : Explicit concurrent mark sweep GC freed 353(5KB) AllocSpace objects, 0(0B) LOS objects, 7% free, 190MB/206MB, paused 1.304ms total 54.438ms
08-05 14:52:29.888 10720 10789 I art     : Starting a blocking GC Explicit
08-05 14:52:29.942 10720 10789 I art     : Explicit concurrent mark sweep GC freed 375(6KB) AllocSpace objects, 0(0B) LOS objects, 7% free, 190MB/206MB, paused 1.574ms total 54.021ms
08-05 14:52:29.961 10720 10789 I art     : Starting a blocking GC Explicit
08-05 14:52:30.014 10720 10789 I art     : Explicit concurrent mark sweep GC freed 298(4KB) AllocSpace objects, 0(0B) LOS objects, 7% free, 190MB/206MB, paused 1.266ms total 52.598ms
08-05 14:52:30.413 10720 10789 I art     : Starting a blocking GC Explicit
08-05 14:52:30.469 10720 10789 I art     : Explicit concurrent mark sweep GC freed 3476(122KB) AllocSpace objects, 2(48KB) LOS objects, 7% free, 190MB/206MB, paused 1.373ms total 55.843ms
08-05 14:52:30.488 10720 10789 I art     : Starting a blocking GC Explicit
08-05 14:52:30.541 10720 10789 I art     : Explicit concurrent mark sweep GC freed 380(6KB) AllocSpace objects, 0(0B) LOS objects, 7% free, 190MB/206MB, paused 1.379ms total 52.578ms
08-05 14:52:30.560 10720 10789 I art     : Starting a blocking GC Explicit
08-05 14:52:30.611 10720 10789 I art     : Explicit concurrent mark sweep GC freed 294(5KB) AllocSpace objects, 0(0B) LOS objects, 7% free, 190MB/206MB, paused 1.238ms total 50.581ms
08-05 14:52:30.629 10720 10789 I art     : Starting a blocking GC Explicit
08-05 14:52:30.681 10720 10789 I art     : Explicit concurrent mark sweep GC freed 306(5KB) AllocSpace objects, 0(0B) LOS objects, 7% free, 190MB/206MB, paused 1.313ms total 51.718ms
08-05 14:52:30.701 10720 10789 I art     : Starting a blocking GC Explicit
08-05 14:52:30.755 10720 10789 I art     : Explicit concurrent mark sweep GC freed 321(5KB) AllocSpace objects, 0(0B) LOS objects, 7% free, 190MB/206MB, paused 1.435ms total 53.842ms
08-05 14:52:31.135 10720 12263 I art     : Starting a blocking GC Explicit
08-05 14:52:31.191 10720 12263 I art     : Explicit concurrent mark sweep GC freed 3534(124KB) AllocSpace objects, 2(48KB) LOS objects, 7% free, 190MB/206MB, paused 1.408ms total 55.823ms
08-05 14:52:31.211 10720 12263 I art     : Starting a blocking GC Explicit
08-05 14:52:31.263 10720 12263 I art     : Explicit concurrent mark sweep GC freed 469(15KB) AllocSpace objects, 0(0B) LOS objects, 7% free, 190MB/206MB, paused 1.402ms total 52.406ms
08-05 14:52:31.270 13830 13830 D AndroidRuntime: >>>>>> START com.android.internal.os.RuntimeInit uid 2000 <<<<<<
08-05 14:52:31.275 13830 13830 D AndroidRuntime: CheckJNI is OFF
08-05 14:52:31.282 10720 12263 I art     : Starting a blocking GC Explicit
08-05 14:52:31.314 13830 13830 D ICU     : No timezone override file found: /data/misc/zoneinfo/current/icu/icu_tzdata.dat
08-05 14:52:31.337 10720 12263 I art     : Explicit concurrent mark sweep GC freed 292(4KB) AllocSpace objects, 0(0B) LOS objects, 7% free, 190MB/206MB, paused 1.674ms total 54.697ms
08-05 14:52:31.355 13830 13830 I Radio-JNI: register_android_hardware_Radio DONE
08-05 14:52:31.356 10720 12263 I art     : Starting a blocking GC Explicit
08-05 14:52:31.383 13830 13830 D AndroidRuntime: Calling main entry com.android.commands.input.Input
08-05 14:52:31.384 13830 13830 I Input   : injectKeyEvent: KeyEvent { action=ACTION_DOWN, keyCode=KEYCODE_BACK, scanCode=0, metaState=0, flags=0x0, repeatCount=0, eventTime=802367798, downTime=802367798, deviceId=-1, source=0x101 }
08-05 14:52:31.398 13830 13830 I Input   : injectKeyEvent: KeyEvent { action=ACTION_UP, keyCode=KEYCODE_BACK, scanCode=0, metaState=0, flags=0x0, repeatCount=0, eventTime=802367798, downTime=802367798, deviceId=-1, source=0x101 }
08-05 14:52:31.403 13830 13830 D AndroidRuntime: Shutting down VM
08-05 14:52:31.411 10720 12263 I art     : Explicit concurrent mark sweep GC freed 290(4KB) AllocSpace objects, 0(0B) LOS objects, 7% free, 190MB/206MB, paused 1.521ms total 54.933ms
08-05 14:52:31.422 10720 10720 V MainActivity: url = https://project-travel-mate.herokuapp.com/api/number-of-unread-notifications
08-05 14:52:31.431 10720 12263 I art     : Starting a blocking GC Explicit
08-05 14:52:31.456 13866 13866 I GoogleInputMethodServic: GoogleInputMethodService.onFinishInput():3138 
08-05 14:52:31.458 13866 13866 I GoogleInputMethodServic: GoogleInputMethodService.onStartInput():1808 
08-05 14:52:31.491 10720 12263 I art     : Explicit concurrent mark sweep GC freed 676(20KB) AllocSpace objects, 0(0B) LOS objects, 7% free, 190MB/206MB, paused 1.696ms total 59.307ms
08-05 14:52:31.751   380   380 W SurfaceFlinger: couldn't log to binary event log: overflow.
08-05 14:52:31.894 10720 10733 I art     : Starting a blocking GC Explicit
08-05 14:52:31.981 10720 10733 I art     : Explicit concurrent mark sweep GC freed 1958(105KB) AllocSpace objects, 3(4MB) LOS objects, 7% free, 185MB/201MB, paused 1.736ms total 86.895ms
08-05 14:52:32.005 10720 10733 I art     : Starting a blocking GC Explicit
08-05 14:52:32.067 10720 10733 I art     : Explicit concurrent mark sweep GC freed 3763(178KB) AllocSpace objects, 2(56KB) LOS objects, 7% free, 185MB/201MB, paused 1.546ms total 61.817ms
08-05 14:52:32.088 10720 10733 I art     : Starting a blocking GC Explicit
08-05 14:52:32.153 10720 10733 I art     : Explicit concurrent mark sweep GC freed 3(96B) AllocSpace objects, 0(0B) LOS objects, 7% free, 185MB/201MB, paused 1.581ms total 64.478ms
08-05 14:52:32.173 10720 10733 I art     : Starting a blocking GC Explicit
08-05 14:52:32.244 10720 10733 I art     : Explicit concurrent mark sweep GC freed 3(96B) AllocSpace objects, 0(0B) LOS objects, 7% free, 185MB/201MB, paused 1.819ms total 71.043ms
08-05 14:52:32.268 10720 10733 I art     : Starting a blocking GC Explicit
08-05 14:52:32.326 10720 13853 I NAPPA_EXPERIMENTATION: MetricNetworkRequestExecutionTime: REQUEST_DURATION_SYSTEM='903',REQUEST_DURATION_OKHTTP='38',REQUEST_SYNCHRONOUS='FALSE',RESPONSE_CODE='200',RESPONSE_METHOD='GET',RESPONSE_LENGTH_OKHTTP='36',RESPONSE_LENGTH_HEADER='36',REQUEST_PROTOCOL='http/1.1',REQUEST_URL='https://project-travel-mate.herokuapp.com/api/number-of-unread-notifications',
08-05 14:52:32.332 10720 10733 I art     : Explicit concurrent mark sweep GC freed 2679(142KB) AllocSpace objects, 2(120KB) LOS objects, 7% free, 185MB/201MB, paused 1.696ms total 63.820ms
08-05 14:52:32.344   518   646 I ThermalEngine: ACTION: GPU - Setting GPU[0] to 390000000
08-05 14:52:32.798 10720 11113 I art     : Starting a blocking GC Explicit
08-05 14:52:32.875 10720 11113 I art     : Explicit concurrent mark sweep GC freed 2663(214KB) AllocSpace objects, 3(128KB) LOS objects, 7% free, 185MB/201MB, paused 2.239ms total 76.293ms
08-05 14:52:32.902 10720 11113 I art     : Starting a blocking GC Explicit
08-05 14:52:32.978 10720 11113 I art     : Explicit concurrent mark sweep GC freed 69(2176B) AllocSpace objects, 0(0B) LOS objects, 7% free, 185MB/201MB, paused 2.335ms total 75.198ms
08-05 14:52:33.005 10720 11113 I art     : Starting a blocking GC Explicit
08-05 14:52:33.080 10720 11113 I art     : Explicit concurrent mark sweep GC freed 3(96B) AllocSpace objects, 0(0B) LOS objects, 7% free, 185MB/201MB, paused 2.446ms total 74.382ms
08-05 14:52:33.108 10720 11113 I art     : Starting a blocking GC Explicit
08-05 14:52:33.184 10720 11113 I art     : Explicit concurrent mark sweep GC freed 3(96B) AllocSpace objects, 0(0B) LOS objects, 7% free, 185MB/201MB, paused 2.305ms total 76.102ms
08-05 14:52:33.212 10720 11113 I art     : Starting a blocking GC Explicit
08-05 14:52:33.278 13886 13886 D AndroidRuntime: >>>>>> START com.android.internal.os.RuntimeInit uid 2000 <<<<<<
08-05 14:52:33.284 13886 13886 D AndroidRuntime: CheckJNI is OFF
08-05 14:52:33.287 10720 11113 I art     : Explicit concurrent mark sweep GC freed 3(96B) AllocSpace objects, 0(0B) LOS objects, 7% free, 185MB/201MB, paused 2.235ms total 75.254ms
08-05 14:52:33.343 13886 13886 D ICU     : No timezone override file found: /data/misc/zoneinfo/current/icu/icu_tzdata.dat
08-05 14:52:33.344   518   646 I ThermalEngine: ACTION: GPU - Setting GPU[0] to 450000000
08-05 14:52:33.386 13886 13886 I Radio-JNI: register_android_hardware_Radio DONE
08-05 14:52:33.414 13886 13886 D AndroidRuntime: Calling main entry com.android.commands.input.Input
08-05 14:52:33.417 13886 13886 I Input   : injectMotionEvent: MotionEvent { action=ACTION_DOWN, actionButton=0, id[0]=0, x[0]=117.0, y[0]=170.0, toolType[0]=TOOL_TYPE_UNKNOWN, buttonState=0, metaState=0, flags=0x0, edgeFlags=0x0, pointerCount=1, historySize=0, eventTime=802369829, downTime=802369829, deviceId=0, source=0x1002 }
08-05 14:52:33.423 13886 13886 I Input   : injectMotionEvent: MotionEvent { action=ACTION_UP, actionButton=0, id[0]=0, x[0]=117.0, y[0]=170.0, toolType[0]=TOOL_TYPE_UNKNOWN, buttonState=0, metaState=0, flags=0x0, edgeFlags=0x0, pointerCount=1, historySize=0, eventTime=802369829, downTime=802369829, deviceId=0, source=0x1002 }
08-05 14:52:33.426 13886 13886 D AndroidRuntime: Shutting down VM
08-05 14:52:33.447   512  2967 D audio_hw_primary: out_set_parameters: enter: usecase(1: low-latency-playback) kvpairs: routing=2
08-05 14:52:33.460   512  2967 D audio_hw_primary: select_devices: out_snd_device(2: speaker) in_snd_device(0: none)
08-05 14:52:33.460   512  2967 D msm8974_platform: platform_send_audio_calibration: sending audio calibration for snd_device(2) acdb_id(15)
08-05 14:52:33.460   512  2967 I soundtrigger: audio_extn_sound_trigger_update_device_status: device 0x2 of type 0 for Event 1
08-05 14:52:33.472   512  2967 D audio_hw_primary: enable_snd_device: snd_device(2: speaker)
08-05 14:52:33.475   512  2967 D audio_hw_primary: enable_audio_route: apply and update mixer path: low-latency-playback speaker
08-05 14:52:33.699 10720 12263 I art     : Starting a blocking GC Explicit
08-05 14:52:33.761 10720 12263 I art     : Explicit concurrent mark sweep GC freed 2007(113KB) AllocSpace objects, 2(48KB) LOS objects, 7% free, 185MB/201MB, paused 1.399ms total 61.011ms
08-05 14:52:33.781 10720 12263 I art     : Starting a blocking GC Explicit
08-05 14:52:33.839 10720 12263 I art     : Explicit concurrent mark sweep GC freed 64(2720B) AllocSpace objects, 0(0B) LOS objects, 7% free, 185MB/201MB, paused 1.654ms total 57.368ms
08-05 14:52:33.858 10720 12263 I art     : Starting a blocking GC Explicit
08-05 14:52:33.915 10720 12263 I art     : Explicit concurrent mark sweep GC freed 12(416B) AllocSpace objects, 0(0B) LOS objects, 7% free, 185MB/201MB, paused 1.503ms total 56.956ms
08-05 14:52:33.935 10720 12263 I art     : Starting a blocking GC Explicit
08-05 14:52:33.992 10720 12263 I art     : Explicit concurrent mark sweep GC freed 42(1152B) AllocSpace objects, 0(0B) LOS objects, 7% free, 185MB/201MB, paused 1.389ms total 56.938ms
08-05 14:52:34.012 10720 12263 I art     : Starting a blocking GC Explicit
08-05 14:52:34.019   512  2967 D audio_hw_primary: disable_audio_route: reset and update mixer path: low-latency-playback speaker
08-05 14:52:34.021   512  2967 D audio_hw_primary: disable_snd_device: snd_device(2: speaker)
08-05 14:52:34.029   512  2967 I soundtrigger: audio_extn_sound_trigger_update_device_status: device 0x2 of type 0 for Event 0
08-05 14:52:34.071 10720 12263 I art     : Explicit concurrent mark sweep GC freed 3(96B) AllocSpace objects, 0(0B) LOS objects, 7% free, 185MB/201MB, paused 1.365ms total 58.773ms
08-05 14:52:34.199 13915 13915 D AndroidRuntime: >>>>>> START com.android.internal.os.RuntimeInit uid 2000 <<<<<<
08-05 14:52:34.206 13915 13915 D AndroidRuntime: CheckJNI is OFF
08-05 14:52:34.250 13915 13915 D ICU     : No timezone override file found: /data/misc/zoneinfo/current/icu/icu_tzdata.dat
08-05 14:52:34.291 13915 13915 I Radio-JNI: register_android_hardware_Radio DONE
08-05 14:52:34.320 13915 13915 D AndroidRuntime: Calling main entry com.android.commands.input.Input
08-05 14:52:34.322 13915 13915 I Input   : injectMotionEvent: MotionEvent { action=ACTION_DOWN, actionButton=0, id[0]=0, x[0]=418.0, y[0]=842.0, toolType[0]=TOOL_TYPE_UNKNOWN, buttonState=0, metaState=0, flags=0x0, edgeFlags=0x0, pointerCount=1, historySize=0, eventTime=802370734, downTime=802370734, deviceId=0, source=0x1002 }
08-05 14:52:34.326 13915 13915 I Input   : injectMotionEvent: MotionEvent { action=ACTION_UP, actionButton=0, id[0]=0, x[0]=418.0, y[0]=842.0, toolType[0]=TOOL_TYPE_UNKNOWN, buttonState=0, metaState=0, flags=0x0, edgeFlags=0x0, pointerCount=1, historySize=0, eventTime=802370734, downTime=802370734, deviceId=0, source=0x1002 }
08-05 14:52:34.328 13915 13915 D AndroidRuntime: Shutting down VM
08-05 14:52:34.340   512  2967 D audio_hw_primary: out_set_parameters: enter: usecase(1: low-latency-playback) kvpairs: routing=2
08-05 14:52:34.345 10720 10784 D Gabe    : call	returning from cache
08-05 14:52:34.353   512  2967 D audio_hw_primary: select_devices: out_snd_device(2: speaker) in_snd_device(0: none)
08-05 14:52:34.353   512  2967 D msm8974_platform: platform_send_audio_calibration: sending audio calibration for snd_device(2) acdb_id(15)
08-05 14:52:34.353   512  2967 I soundtrigger: audio_extn_sound_trigger_update_device_status: device 0x2 of type 0 for Event 1
08-05 14:52:34.364   512  2967 D audio_hw_primary: enable_snd_device: snd_device(2: speaker)
08-05 14:52:34.367   512  2967 D audio_hw_primary: enable_audio_route: apply and update mixer path: low-latency-playback speaker
08-05 14:52:34.377 10720 10720 V MainActivity: url = https://project-travel-mate.herokuapp.com/api/number-of-unread-notifications
08-05 14:52:34.414   512  2967 D AudioFlinger: mixer(0xf4740000) throttle end: throttle time(12)
08-05 14:52:34.480 10720 10733 I art     : Starting a blocking GC Explicit
08-05 14:52:34.546 10720 10733 I art     : Explicit concurrent mark sweep GC freed 3535(209KB) AllocSpace objects, 2(48KB) LOS objects, 7% free, 185MB/201MB, paused 2.051ms total 65.547ms
08-05 14:52:34.566 10720 10733 I art     : Starting a blocking GC Explicit
08-05 14:52:34.633 10720 10733 I art     : Explicit concurrent mark sweep GC freed 566(33KB) AllocSpace objects, 0(0B) LOS objects, 7% free, 186MB/202MB, paused 2.103ms total 66.701ms
08-05 14:52:34.654 10720 10733 I art     : Starting a blocking GC Explicit
08-05 14:52:34.721 10720 10733 I art     : Explicit concurrent mark sweep GC freed 338(23KB) AllocSpace objects, 0(0B) LOS objects, 7% free, 186MB/202MB, paused 2.142ms total 67.371ms
08-05 14:52:34.741 10720 10733 I art     : Starting a blocking GC Explicit
08-05 14:52:34.808 10720 10733 I art     : Explicit concurrent mark sweep GC freed 309(22KB) AllocSpace objects, 0(0B) LOS objects, 7% free, 186MB/202MB, paused 2.157ms total 66.584ms
08-05 14:52:34.829 10720 10733 I art     : Starting a blocking GC Explicit
08-05 14:52:34.901 10720 10733 I art     : Explicit concurrent mark sweep GC freed 1549(59KB) AllocSpace objects, 0(0B) LOS objects, 7% free, 186MB/202MB, paused 1.725ms total 71.984ms
08-05 14:52:34.909   512  2967 D audio_hw_primary: disable_audio_route: reset and update mixer path: low-latency-playback speaker
08-05 14:52:34.911   512  2967 D audio_hw_primary: disable_snd_device: snd_device(2: speaker)
08-05 14:52:34.920   512  2967 I soundtrigger: audio_extn_sound_trigger_update_device_status: device 0x2 of type 0 for Event 0
08-05 14:52:34.921 10720 10720 I Choreographer: Skipped 32 frames!  The application may be doing too much work on its main thread.
08-05 14:52:35.195 10720 13939 I NAPPA_EXPERIMENTATION: MetricNetworkRequestExecutionTime: REQUEST_DURATION_SYSTEM='817',REQUEST_DURATION_OKHTTP='41',REQUEST_SYNCHRONOUS='FALSE',RESPONSE_CODE='200',RESPONSE_METHOD='GET',RESPONSE_LENGTH_OKHTTP='36',RESPONSE_LENGTH_HEADER='36',REQUEST_PROTOCOL='http/1.1',REQUEST_URL='https://project-travel-mate.herokuapp.com/api/number-of-unread-notifications',
08-05 14:52:35.316 10720 10732 I art     : Starting a blocking GC Explicit
08-05 14:52:35.390 10720 10732 I art     : Explicit concurrent mark sweep GC freed 7617(385KB) AllocSpace objects, 14(512KB) LOS objects, 7% free, 186MB/202MB, paused 1.687ms total 73.170ms
08-05 14:52:35.410 10720 10732 I art     : Starting a blocking GC Explicit
08-05 14:52:35.479 10720 10732 I art     : Explicit concurrent mark sweep GC freed 1233(124KB) AllocSpace objects, 0(0B) LOS objects, 7% free, 186MB/202MB, paused 1.560ms total 68.631ms
08-05 14:52:35.500 10720 10732 I art     : Starting a blocking GC Explicit
08-05 14:52:35.570 10720 10732 I art     : Explicit concurrent mark sweep GC freed 123(2096B) AllocSpace objects, 0(0B) LOS objects, 7% free, 186MB/202MB, paused 1.508ms total 69.367ms
08-05 14:52:35.591 10720 10732 I art     : Starting a blocking GC Explicit
08-05 14:52:35.661 10720 10732 I art     : Explicit concurrent mark sweep GC freed 147(2496B) AllocSpace objects, 0(0B) LOS objects, 7% free, 186MB/202MB, paused 1.568ms total 69.287ms
08-05 14:52:35.682 10720 10732 I art     : Starting a blocking GC Explicit
08-05 14:52:35.751 10720 10732 I art     : Explicit concurrent mark sweep GC freed 123(2096B) AllocSpace objects, 0(0B) LOS objects, 7% free, 186MB/202MB, paused 1.556ms total 69.298ms
08-05 14:52:36.168 10720 10789 I art     : Starting a blocking GC Explicit
08-05 14:52:36.239 10720 10789 I art     : Explicit concurrent mark sweep GC freed 2349(105KB) AllocSpace objects, 2(64KB) LOS objects, 7% free, 186MB/202MB, paused 1.547ms total 70.395ms
08-05 14:52:36.261 10720 10789 I art     : Starting a blocking GC Explicit
08-05 14:52:36.331 10720 10789 I art     : Explicit concurrent mark sweep GC freed 173(3KB) AllocSpace objects, 0(0B) LOS objects, 7% free, 186MB/202MB, paused 1.616ms total 69.688ms
08-05 14:52:36.352 10720 10789 I art     : Starting a blocking GC Explicit
08-05 14:52:36.425 10720 10789 I art     : Explicit concurrent mark sweep GC freed 124(2128B) AllocSpace objects, 0(0B) LOS objects, 7% free, 186MB/202MB, paused 1.753ms total 73.467ms
08-05 14:52:36.448 10720 10789 I art     : Starting a blocking GC Explicit
08-05 14:52:36.522 10720 10789 I art     : Explicit concurrent mark sweep GC freed 147(2496B) AllocSpace objects, 0(0B) LOS objects, 7% free, 186MB/202MB, paused 1.436ms total 74.571ms
08-05 14:52:36.543 10720 10789 I art     : Starting a blocking GC Explicit
08-05 14:52:36.614 10720 10789 I art     : Explicit concurrent mark sweep GC freed 158(3KB) AllocSpace objects, 0(0B) LOS objects, 7% free, 186MB/202MB, paused 1.399ms total 70.102ms
08-05 14:52:37.053 10720 10732 I art     : Starting a blocking GC Explicit
08-05 14:52:37.127 10720 10732 I art     : Explicit concurrent mark sweep GC freed 2355(105KB) AllocSpace objects, 2(64KB) LOS objects, 7% free, 186MB/202MB, paused 1.691ms total 73.149ms
08-05 14:52:37.148 10720 10732 I art     : Starting a blocking GC Explicit
08-05 14:52:37.169 13970 13970 D AndroidRuntime: >>>>>> START com.android.internal.os.RuntimeInit uid 2000 <<<<<<
08-05 14:52:37.174 13970 13970 D AndroidRuntime: CheckJNI is OFF
08-05 14:52:37.218 10720 10732 I art     : Explicit concurrent mark sweep GC freed 172(3KB) AllocSpace objects, 0(0B) LOS objects, 7% free, 186MB/202MB, paused 1.673ms total 69.461ms
08-05 14:52:37.219 13970 13970 D ICU     : No timezone override file found: /data/misc/zoneinfo/current/icu/icu_tzdata.dat
08-05 14:52:37.239 10720 10732 I art     : Starting a blocking GC Explicit
08-05 14:52:37.264 13970 13970 I Radio-JNI: register_android_hardware_Radio DONE
08-05 14:52:37.292 13970 13970 D AndroidRuntime: Calling main entry com.android.commands.am.Am
08-05 14:52:37.302 16924 16924 I Trepn   : Trepn 6.2s: Received intent: com.quicinc.trepn.stop_profiling
08-05 14:52:37.305 10720 10732 I art     : Explicit concurrent mark sweep GC freed 123(2096B) AllocSpace objects, 0(0B) LOS objects, 7% free, 186MB/202MB, paused 1.500ms total 66.079ms
08-05 14:52:37.326 10720 10732 I art     : Starting a blocking GC Explicit
08-05 14:52:37.345 16924 16924 I Trepn   : Trepn 6.2s: Trepn has Stopped Profiling.
08-05 14:52:37.389 10720 10732 I art     : Explicit concurrent mark sweep GC freed 123(2096B) AllocSpace objects, 0(0B) LOS objects, 7% free, 186MB/202MB, paused 1.404ms total 62.845ms
08-05 14:52:37.409 10720 10732 I art     : Starting a blocking GC Explicit
08-05 14:52:37.437 13970 13970 D AndroidRuntime: Shutting down VM
08-05 14:52:37.443   918  3961 W AppOps  : Finishing op nesting under-run: uid 10078 pkg com.quicinc.trepn code 24 time=0 duration=0 nesting=0
08-05 14:52:37.472 10720 10732 I art     : Explicit concurrent mark sweep GC freed 123(2096B) AllocSpace objects, 0(0B) LOS objects, 7% free, 186MB/202MB, paused 1.454ms total 62.034ms
08-05 14:52:37.899 10720 12263 I art     : Starting a blocking GC Explicit
08-05 14:52:37.968 10720 12263 I art     : Explicit concurrent mark sweep GC freed 2344(104KB) AllocSpace objects, 2(64KB) LOS objects, 7% free, 186MB/202MB, paused 1.472ms total 67.940ms
08-05 14:52:37.988 10720 12263 I art     : Starting a blocking GC Explicit
08-05 14:52:38.056 10720 12263 I art     : Explicit concurrent mark sweep GC freed 149(3056B) AllocSpace objects, 0(0B) LOS objects, 7% free, 186MB/202MB, paused 1.452ms total 67.387ms
08-05 14:52:38.077 10720 12263 I art     : Starting a blocking GC Explicit
08-05 14:52:38.142 10720 12263 I art     : Explicit concurrent mark sweep GC freed 123(2096B) AllocSpace objects, 0(0B) LOS objects, 7% free, 186MB/202MB, paused 1.505ms total 64.273ms
08-05 14:52:38.163 10720 12263 I art     : Starting a blocking GC Explicit
08-05 14:52:38.231 10720 12263 I art     : Explicit concurrent mark sweep GC freed 146(2464B) AllocSpace objects, 0(0B) LOS objects, 7% free, 186MB/202MB, paused 1.460ms total 67.680ms
08-05 14:52:38.253 10720 12263 I art     : Starting a blocking GC Explicit
08-05 14:52:38.318 10720 12263 I art     : Explicit concurrent mark sweep GC freed 136(2784B) AllocSpace objects, 0(0B) LOS objects, 7% free, 186MB/202MB, paused 1.490ms total 64.764ms
08-05 14:52:38.688 10696 10696 I ServiceManager: Waiting for service AtCmdFwd...
08-05 14:52:39.688 10696 10696 I ServiceManager: Waiting for service AtCmdFwd...
08-05 14:52:40.689 10696 10696 I ServiceManager: Waiting for service AtCmdFwd...
