--------- beginning of main
08-05 20:46:21.770 23554 23554 I ServiceManager: Waiting for service AtCmdFwd...
08-05 20:46:22.509 24733 24733 D AndroidRuntime: >>>>>> START com.android.internal.os.RuntimeInit uid 2000 <<<<<<
08-05 20:46:22.515 24733 24733 D AndroidRuntime: CheckJNI is OFF
08-05 20:46:22.547 24733 24733 D ICU     : No timezone override file found: /data/misc/zoneinfo/current/icu/icu_tzdata.dat
08-05 20:46:22.580 24733 24733 I Radio-JNI: register_android_hardware_Radio DONE
08-05 20:46:22.599 24733 24733 D AndroidRuntime: Calling main entry com.android.commands.monkey.Monkey
--------- beginning of system
08-05 20:46:22.617   918   931 W BroadcastQueue: Skipping deliver [background] BroadcastRecord{6818777 u-1 android.net.conn.CONNECTIVITY_CHANGE} to ReceiverList{9771fe4 24733 (unknown name)/2000/u-1 remote:e09b011}: process crashing
08-05 20:46:22.627   918  3359 I ActivityManager: START u0 {act=android.intent.action.MAIN cat=[android.intent.category.LAUNCHER] flg=0x10200000 cmp=baseline.io.github.project_travel_mate/.SplashActivity} from uid 2000 on display 0
08-05 20:46:22.648   918   932 I sensors : batch
08-05 20:46:22.665   918  3188 I hubconnection: sensorhub said: 'batch 31 flags:0, sampling_rate_Hz:15.00, max_report_latency_us:0'
08-05 20:46:22.676   918  6112 I ActivityManager: Start proc 24743:baseline.io.github.project_travel_mate/u0a674 for activity baseline.io.github.project_travel_mate/.SplashActivity
08-05 20:46:22.677 24743 24743 I art     : Late-enabling -Xcheck:jni
08-05 20:46:22.698 24733 24733 I art     : System.exit called, status: 0
08-05 20:46:22.698 24733 24733 I AndroidRuntime: VM exiting with result code 0.
08-05 20:46:22.701   918   932 I sensors : flush
08-05 20:46:22.710   918  3188 I hubconnection: sensorhub said: 'flush 31'
08-05 20:46:22.711   918  3188 I hubconnection: saw sensor 31 flushed
08-05 20:46:22.736 16458 19558 I PBSessionCacheImpl: Deleted sessionId[72384646105454640] from persistence.
08-05 20:46:22.742 16458 16488 W SearchServiceCore: Abort, client detached.
08-05 20:46:22.743 16458 16488 I MicroDetectionState: Should stop hotword detection immediately - true
08-05 20:46:22.771 23554 23554 I ServiceManager: Waiting for service AtCmdFwd...
08-05 20:46:22.836 24743 24743 W System  : ClassLoader referenced unknown path: /data/app/baseline.io.github.project_travel_mate-1/lib/arm64
08-05 20:46:22.970 24743 24743 W art     : Before Android 4.1, method android.graphics.PorterDuffColorFilter androidx.vectordrawable.graphics.drawable.VectorDrawableCompat.updateTintFilter(android.graphics.PorterDuffColorFilter, android.content.res.ColorStateList, android.graphics.PorterDuff$Mode) would have incorrectly overridden the package-private method in android.graphics.drawable.Drawable
08-05 20:46:22.999 24743 24743 I art     : Rejecting re-init on previously-failed class java.lang.Class<androidx.core.view.ViewCompat$OnUnhandledKeyEventListenerWrapper>
08-05 20:46:22.999 24743 24743 I art     : Rejecting re-init on previously-failed class java.lang.Class<androidx.core.view.ViewCompat$OnUnhandledKeyEventListenerWrapper>
08-05 20:46:23.041 24743 24768 D OpenGLRenderer: Use EGL_SWAP_BEHAVIOR_PRESERVED: true
08-05 20:46:23.079 24743 24768 I Adreno  : QUALCOMM build                   : fcf4852, I1af360237c
08-05 20:46:23.079 24743 24768 I Adreno  : Build Date                       : 09/23/15
08-05 20:46:23.079 24743 24768 I Adreno  : OpenGL ES Shader Compiler Version: XE031.05.13.02
08-05 20:46:23.079 24743 24768 I Adreno  : Local Branch                     : mybranch14465806
08-05 20:46:23.079 24743 24768 I Adreno  : Remote Branch                    : quic/LA.BF64.1.2.9_v2
08-05 20:46:23.079 24743 24768 I Adreno  : Remote Branch                    : NONE
08-05 20:46:23.079 24743 24768 I Adreno  : Reconstruct Branch               : NOTHING
08-05 20:46:23.083 24743 24768 I OpenGLRenderer: Initialized EGL, version 1.4
08-05 20:46:23.176   918   936 I ActivityManager: Displayed baseline.io.github.project_travel_mate/.SplashActivity: +523ms
08-05 20:46:23.181 13866 13866 I GoogleInputMethodServic: GoogleInputMethodService.onFinishInput():3138 
08-05 20:46:23.182 13866 13866 I GoogleInputMethodServic: GoogleInputMethodService.onStartInput():1808 
08-05 20:46:23.771 23554 23554 I ServiceManager: Waiting for service AtCmdFwd...
08-05 20:46:24.225 24783 24783 D AndroidRuntime: >>>>>> START com.android.internal.os.RuntimeInit uid 2000 <<<<<<
08-05 20:46:24.229 24783 24783 D AndroidRuntime: CheckJNI is OFF
08-05 20:46:24.255 24783 24783 D ICU     : No timezone override file found: /data/misc/zoneinfo/current/icu/icu_tzdata.dat
08-05 20:46:24.280 24783 24783 I Radio-JNI: register_android_hardware_Radio DONE
08-05 20:46:24.295 24783 24783 D AndroidRuntime: Calling main entry com.android.commands.am.Am
08-05 20:46:24.302 19822 19822 I Trepn   : Trepn 6.2s: Received intent: com.quicinc.trepn.start_profiling
08-05 20:46:24.323   918  3188 I hubconnection: sensorhub said: 'set_bias 3: -5.7600, 0.0000, 0.0000'
08-05 20:46:24.385 19822 19822 W FileUtils: Failed to chmod(/storage/emulated/0/trepn/Trepn_2020.08.05_204624.db): android.system.ErrnoException: chmod failed: EPERM (Operation not permitted)
08-05 20:46:24.466 19822 19822 I Trepn   : Trepn 6.2s: Trepn has Started Profiling.
08-05 20:46:24.467 24783 24783 D AndroidRuntime: Shutting down VM
08-05 20:46:24.772 23554 23554 I ServiceManager: Waiting for service AtCmdFwd...
08-05 20:46:25.022 24743 24760 I art     : Starting a blocking GC Explicit
08-05 20:46:25.033 24743 24760 I art     : Explicit concurrent mark sweep GC freed 1864(98KB) AllocSpace objects, 0(0B) LOS objects, 40% free, 20MB/34MB, paused 126us total 11.073ms
08-05 20:46:25.043 24743 24760 I art     : Starting a blocking GC Explicit
08-05 20:46:25.059 24743 24760 I art     : Explicit concurrent mark sweep GC freed 691(29KB) AllocSpace objects, 0(0B) LOS objects, 40% free, 20MB/34MB, paused 152us total 15.352ms
08-05 20:46:25.066 24743 24760 I art     : Starting a blocking GC Explicit
08-05 20:46:25.080 24743 24760 I art     : Explicit concurrent mark sweep GC freed 1336(52KB) AllocSpace objects, 0(0B) LOS objects, 40% free, 20MB/34MB, paused 272us total 13.326ms
08-05 20:46:25.088 24743 24760 I art     : Starting a blocking GC Explicit
08-05 20:46:25.097 24743 24760 I art     : Explicit concurrent mark sweep GC freed 1312(58KB) AllocSpace objects, 0(0B) LOS objects, 40% free, 20MB/34MB, paused 111us total 9.083ms
08-05 20:46:25.105 24743 24760 I art     : Starting a blocking GC Explicit
08-05 20:46:25.114 24743 24760 I art     : Explicit concurrent mark sweep GC freed 381(18KB) AllocSpace objects, 0(0B) LOS objects, 40% free, 20MB/34MB, paused 110us total 8.759ms
08-05 20:46:25.128   918  6029 I ActivityManager: START u0 {cmp=baseline.io.github.project_travel_mate/.MainActivity} from uid 10674 on display 0
08-05 20:46:25.346 24743 24743 W Settings: Setting airplane_mode_on has moved from android.provider.Settings.System to android.provider.Settings.Global, returning read-only value.
08-05 20:46:25.363 24743 24743 V MainActivity: url=https://project-travel-mate.herokuapp.com/api/get-user
08-05 20:46:25.403 24743 24833 W LOTTIE  : Unknown mask mode mode. Defaulting to Add.
08-05 20:46:25.412 24743 24833 W LOTTIE  : You have 5 images. Lottie should primarily be used with shapes. If you are using Adobe Illustrator, convert the Illustrator layers to shape layers.
08-05 20:46:25.413 24743 24833 W LOTTIE  : Unknown mask mode mode. Defaulting to Add.
08-05 20:46:25.413 24743 24833 W LOTTIE  : Unknown mask mode mode. Defaulting to Add.
08-05 20:46:25.453 24743 24743 V CityFragment: url=https://project-travel-mate.herokuapp.com/api/get-all-cities/10
08-05 20:46:25.475 24743 24762 I art     : Starting a blocking GC Explicit
08-05 20:46:25.497 24743 24762 I art     : Explicit concurrent mark sweep GC freed 15142(1150KB) AllocSpace objects, 2(40KB) LOS objects, 40% free, 23MB/38MB, paused 251us total 22.275ms
08-05 20:46:25.507 24743 24762 I art     : Starting a blocking GC Explicit
08-05 20:46:25.519 24743 24762 I art     : Explicit concurrent mark sweep GC freed 552(24KB) AllocSpace objects, 0(0B) LOS objects, 40% free, 23MB/38MB, paused 204us total 11.605ms
08-05 20:46:25.530 24743 24762 I art     : Starting a blocking GC Explicit
08-05 20:46:25.542 24743 24762 I art     : Explicit concurrent mark sweep GC freed 3(96B) AllocSpace objects, 0(0B) LOS objects, 40% free, 23MB/38MB, paused 206us total 11.787ms
08-05 20:46:25.552 24743 24762 I art     : Starting a blocking GC Explicit
08-05 20:46:25.564 24743 24762 I art     : Explicit concurrent mark sweep GC freed 3(96B) AllocSpace objects, 0(0B) LOS objects, 40% free, 23MB/38MB, paused 201us total 11.456ms
08-05 20:46:25.574 24743 24762 I art     : Starting a blocking GC Explicit
08-05 20:46:25.586 24743 24762 I art     : Explicit concurrent mark sweep GC freed 3(96B) AllocSpace objects, 0(0B) LOS objects, 40% free, 23MB/38MB, paused 232us total 11.709ms
08-05 20:46:25.608 24743 24743 E RecyclerView: No adapter attached; skipping layout
08-05 20:46:25.753 24743 24743 V MainActivity: url = https://project-travel-mate.herokuapp.com/api/number-of-unread-notifications
08-05 20:46:25.760   918   936 I ActivityManager: Displayed baseline.io.github.project_travel_mate/.MainActivity: +619ms
08-05 20:46:25.776 23554 23554 I ServiceManager: Waiting for service AtCmdFwd...
08-05 20:46:25.791 13866 13866 I GoogleInputMethodServic: GoogleInputMethodService.onFinishInput():3138 
08-05 20:46:25.792 13866 13866 I GoogleInputMethodServic: GoogleInputMethodService.onStartInput():1808 
08-05 20:46:25.793 24743 24743 E RecyclerView: No adapter attached; skipping layout
08-05 20:46:25.882 24743 24832 I NAPPA_EXPERIMENTATION: MetricNetworkRequestExecutionTime: REQUEST_DURATION_SYSTEM='500',REQUEST_DURATION_OKHTTP='52',REQUEST_SYNCHRONOUS='FALSE',RESPONSE_CODE='200',RESPONSE_METHOD='GET',RESPONSE_LENGTH_OKHTTP='185',RESPONSE_LENGTH_HEADER='185',REQUEST_PROTOCOL='http/1.1',REQUEST_URL='https://project-travel-mate.herokuapp.com/api/get-user',
08-05 20:46:25.902 24743 24760 I art     : Starting a blocking GC Explicit
08-05 20:46:25.916 24743 24836 I NAPPA_EXPERIMENTATION: MetricNetworkRequestExecutionTime: REQUEST_DURATION_SYSTEM='462',REQUEST_DURATION_OKHTTP='62',REQUEST_SYNCHRONOUS='FALSE',RESPONSE_CODE='200',RESPONSE_METHOD='GET',RESPONSE_LENGTH_OKHTTP='1588',RESPONSE_LENGTH_HEADER='1588',REQUEST_PROTOCOL='http/1.1',REQUEST_URL='https://project-travel-mate.herokuapp.com/api/get-all-cities/10',
08-05 20:46:25.918 24743 24760 I art     : Explicit concurrent mark sweep GC freed 12850(796KB) AllocSpace objects, 7(420KB) LOS objects, 36% free, 28MB/44MB, paused 262us total 15.664ms
08-05 20:46:25.928 24743 24760 I art     : Starting a blocking GC Explicit
08-05 20:46:25.931 24743 24743 V CityFragment: result=[{"id":1,"city_name":"Delhi","facts_count":6,"image":"https://upload.wikimedia.org/wikipedia/commons/9/94/%E0%B4%96%E0%B5%81%E0%B4%A4%E0%B5%8D%E0%B4%AC%E0%B5%8D_%E0%B4%AE%E0%B4%BF%E0%B4%A8%E0%B4%BE%E0%B5%BC1.jpg","visit_count":18186},{"id":2,"city_name":"Mumbai","facts_count":0,"image":"https://static1.squarespace.com/static/55917ae2e4b0984fc8c264c4/t/5ad7a037758d464041bfba27/1524102624280/Victoria_Mumbai.jpg","visit_count":6022},{"id":3,"city_name":"Bangalore","facts_count":0,"image":null,"visit_count":5536},{"id":8,"city_name":"Pune","facts_count":0,"image":"https://www.zricks.com/ImagesPostProject/47929//6557d975-20a9-4c6c-a776-8072a1936a76.jpg","visit_count":3324},{"id":4,"city_name":"Chennai","facts_count":0,"image":"http://lh3.ggpht.com/_YLb7tJ8RoAk/SfazBLdgf3I/AAAAAAAANEg/p52_Zz_URxg/s640/Picture%20009.jpg","visit_count":3061},{"id":5,"city_name":"Kolkata","facts_count":0,"image":"https://i.pinimg.com/originals/05/ec/42/05ec42c545b494d12cc612923483b4f0.jpg","visit_count":2211},{"id":9,"city_name":"Jaipur","facts_count":1,"image":"https://www.trodly.com/pictures/attraction/1943.jpg","visit_count":2007},{"id":6,"city_name":"Hyderabad","facts_count":0,"image":"https://i1.trekearth.com/photos/59194/charminar_020_sm.jpg","visit_count":1633},{"id":150,"city_name":"Panjim","facts_count":0,"image":"http://www.nomad4ever.com/wp-content/uploads/2009/04/palm-trees-at-baga-creek-north-goa1.jpg","visit_count":1488},{"id":7,"city_name":"Ahmedabad","facts_count":0,"image":"https://i.pinimg.com/originals/a5/ed/29/a5ed293271669a61f47059f7b0d9cf2c.jpg","visit_count":1115}]
08-05 20:46:25.944 24743 24760 I art     : Explicit concurrent mark sweep GC freed 2977(294KB) AllocSpace objects, 0(0B) LOS objects, 36% free, 28MB/44MB, paused 289us total 16.047ms
08-05 20:46:25.952 24743 24760 I art     : Starting a blocking GC Explicit
08-05 20:46:25.966 24743 24760 I art     : Explicit concurrent mark sweep GC freed 176(5KB) AllocSpace objects, 0(0B) LOS objects, 36% free, 28MB/44MB, paused 230us total 13.564ms
08-05 20:46:25.970 24743 24743 D CityFragment: get cities cities size = 10
08-05 20:46:25.974 24743 24760 I art     : Starting a blocking GC Explicit
08-05 20:46:25.991 24743 24760 I art     : Explicit concurrent mark sweep GC freed 503(46KB) AllocSpace objects, 1(20KB) LOS objects, 34% free, 30MB/46MB, paused 410us total 16.007ms
08-05 20:46:26.000 24743 24760 I art     : Starting a blocking GC Explicit
08-05 20:46:26.007   380   380 W SurfaceFlinger: couldn't log to binary event log: overflow.
08-05 20:46:26.016 24743 24760 I art     : Explicit concurrent mark sweep GC freed 204(12KB) AllocSpace objects, 0(0B) LOS objects, 34% free, 30MB/46MB, paused 377us total 15.459ms
08-05 20:46:26.248 24743 24840 I NAPPA_EXPERIMENTATION: MetricNetworkRequestExecutionTime: REQUEST_DURATION_SYSTEM='494',REQUEST_DURATION_OKHTTP='41',REQUEST_SYNCHRONOUS='FALSE',RESPONSE_CODE='200',RESPONSE_METHOD='GET',RESPONSE_LENGTH_OKHTTP='36',RESPONSE_LENGTH_HEADER='36',REQUEST_PROTOCOL='http/1.1',REQUEST_URL='https://project-travel-mate.herokuapp.com/api/number-of-unread-notifications',
08-05 20:46:26.303 24743 24760 I art     : Starting a blocking GC Explicit
08-05 20:46:26.325 24743 24760 I art     : Explicit concurrent mark sweep GC freed 16073(1118KB) AllocSpace objects, 14(4MB) LOS objects, 34% free, 29MB/45MB, paused 702us total 22.304ms
08-05 20:46:26.335 24743 24760 I art     : Starting a blocking GC Explicit
08-05 20:46:26.351 24743 24760 I art     : Explicit concurrent mark sweep GC freed 10689(702KB) AllocSpace objects, 0(0B) LOS objects, 35% free, 29MB/45MB, paused 316us total 15.489ms
08-05 20:46:26.359 24743 24760 I art     : Starting a blocking GC Explicit
08-05 20:46:26.374 24743 24760 I art     : Explicit concurrent mark sweep GC freed 585(162KB) AllocSpace objects, 0(0B) LOS objects, 35% free, 29MB/45MB, paused 455us total 15.100ms
08-05 20:46:26.383 24743 24760 I art     : Starting a blocking GC Explicit
08-05 20:46:26.399 24743 24760 I art     : Explicit concurrent mark sweep GC freed 214(21KB) AllocSpace objects, 2(88KB) LOS objects, 35% free, 29MB/45MB, paused 351us total 16.181ms
08-05 20:46:26.407 24743 24760 I art     : Starting a blocking GC Explicit
08-05 20:46:26.423 24743 24760 I art     : Explicit concurrent mark sweep GC freed 548(58KB) AllocSpace objects, 0(0B) LOS objects, 35% free, 29MB/45MB, paused 296us total 15.289ms
08-05 20:46:26.727 24743 24760 I art     : Starting a blocking GC Explicit
08-05 20:46:26.748 24743 24760 I art     : Explicit concurrent mark sweep GC freed 8939(779KB) AllocSpace objects, 13(1588KB) LOS objects, 33% free, 31MB/47MB, paused 418us total 20.554ms
08-05 20:46:26.758 24743 24760 I art     : Starting a blocking GC Explicit
08-05 20:46:26.776 24743 24760 I art     : Explicit concurrent mark sweep GC freed 4130(165KB) AllocSpace objects, 2(88KB) LOS objects, 33% free, 31MB/47MB, paused 308us total 17.976ms
08-05 20:46:26.776 23554 23554 W Atfwd_Sendcmd: AtCmdFwd service not published, waiting... retryCnt : 2
08-05 20:46:26.785 24743 24760 I art     : Starting a blocking GC Explicit
08-05 20:46:26.803 24743 24760 I art     : Explicit concurrent mark sweep GC freed 196(5KB) AllocSpace objects, 0(0B) LOS objects, 33% free, 31MB/47MB, paused 292us total 17.920ms
08-05 20:46:26.812 24743 24760 I art     : Starting a blocking GC Explicit
08-05 20:46:26.830 24743 24760 I art     : Explicit concurrent mark sweep GC freed 521(103KB) AllocSpace objects, 2(56KB) LOS objects, 33% free, 31MB/47MB, paused 570us total 17.869ms
08-05 20:46:26.840 24743 24760 I art     : Starting a blocking GC Explicit
08-05 20:46:26.857 24743 24760 I art     : Explicit concurrent mark sweep GC freed 285(93KB) AllocSpace objects, 0(0B) LOS objects, 32% free, 32MB/48MB, paused 376us total 16.731ms
08-05 20:46:27.161 24743 24762 I art     : Starting a blocking GC Explicit
08-05 20:46:27.182 24743 24762 I art     : Explicit concurrent mark sweep GC freed 4401(323KB) AllocSpace objects, 9(1476KB) LOS objects, 32% free, 32MB/48MB, paused 238us total 21.003ms
08-05 20:46:27.193 24743 24762 I art     : Starting a blocking GC Explicit
08-05 20:46:27.213 24743 24762 I art     : Explicit concurrent mark sweep GC freed 169(5KB) AllocSpace objects, 0(0B) LOS objects, 32% free, 32MB/48MB, paused 231us total 19.455ms
08-05 20:46:27.223 24743 24762 I art     : Starting a blocking GC Explicit
08-05 20:46:27.241 24743 24762 I art     : Explicit concurrent mark sweep GC freed 30(592B) AllocSpace objects, 0(0B) LOS objects, 32% free, 32MB/48MB, paused 250us total 17.186ms
08-05 20:46:27.250 24743 24762 I art     : Starting a blocking GC Explicit
08-05 20:46:27.267 24743 24762 I art     : Explicit concurrent mark sweep GC freed 86(2976B) AllocSpace objects, 0(0B) LOS objects, 32% free, 32MB/48MB, paused 234us total 16.737ms
08-05 20:46:27.276 24743 24762 I art     : Starting a blocking GC Explicit
08-05 20:46:27.295 24743 24762 I art     : Explicit concurrent mark sweep GC freed 379(17KB) AllocSpace objects, 0(0B) LOS objects, 32% free, 32MB/48MB, paused 322us total 18.605ms
08-05 20:46:27.647 24743 24760 I art     : Starting a blocking GC Explicit
08-05 20:46:27.671 24743 24760 I art     : Explicit concurrent mark sweep GC freed 2015(93KB) AllocSpace objects, 2(40KB) LOS objects, 32% free, 32MB/48MB, paused 283us total 23.776ms
08-05 20:46:27.685 24743 24760 I art     : Starting a blocking GC Explicit
08-05 20:46:27.704 24743 24760 I art     : Explicit concurrent mark sweep GC freed 70(1584B) AllocSpace objects, 0(0B) LOS objects, 32% free, 32MB/48MB, paused 237us total 18.688ms
08-05 20:46:27.713 24743 24760 I art     : Starting a blocking GC Explicit
08-05 20:46:27.731 24743 24760 I art     : Explicit concurrent mark sweep GC freed 51(896B) AllocSpace objects, 0(0B) LOS objects, 32% free, 32MB/48MB, paused 253us total 17.751ms
08-05 20:46:27.740 24743 24760 I art     : Starting a blocking GC Explicit
08-05 20:46:27.757 24743 24760 I art     : Explicit concurrent mark sweep GC freed 27(496B) AllocSpace objects, 0(0B) LOS objects, 32% free, 32MB/48MB, paused 241us total 16.821ms
08-05 20:46:27.766 24743 24760 I art     : Starting a blocking GC Explicit
08-05 20:46:27.783 24743 24760 I art     : Explicit concurrent mark sweep GC freed 51(896B) AllocSpace objects, 0(0B) LOS objects, 32% free, 32MB/48MB, paused 247us total 17.112ms
08-05 20:46:28.128 24743 24762 I art     : Starting a blocking GC Explicit
08-05 20:46:28.148 24743 24762 I art     : Explicit concurrent mark sweep GC freed 1951(91KB) AllocSpace objects, 2(40KB) LOS objects, 32% free, 32MB/48MB, paused 243us total 19.721ms
08-05 20:46:28.160 24743 24762 I art     : Starting a blocking GC Explicit
08-05 20:46:28.179 24743 24762 I art     : Explicit concurrent mark sweep GC freed 53(1280B) AllocSpace objects, 0(0B) LOS objects, 32% free, 32MB/48MB, paused 314us total 18.917ms
08-05 20:46:28.182 13866 13882 I PeriodicStatsRunner: PeriodicStatsRunner.call():175 call()
08-05 20:46:28.183 13866 13882 I PeriodicStatsRunner: PeriodicStatsRunner.call():179 No submit PeriodicStats since input started.
08-05 20:46:28.188 24743 24762 I art     : Starting a blocking GC Explicit
08-05 20:46:28.205 24743 24762 I art     : Explicit concurrent mark sweep GC freed 44(800B) AllocSpace objects, 0(0B) LOS objects, 32% free, 32MB/48MB, paused 229us total 16.496ms
08-05 20:46:28.214 24743 24762 I art     : Starting a blocking GC Explicit
08-05 20:46:28.231 24743 24762 I art     : Explicit concurrent mark sweep GC freed 51(896B) AllocSpace objects, 0(0B) LOS objects, 32% free, 32MB/48MB, paused 245us total 17.248ms
08-05 20:46:28.240 24743 24762 I art     : Starting a blocking GC Explicit
08-05 20:46:28.258 24743 24762 I art     : Explicit concurrent mark sweep GC freed 27(496B) AllocSpace objects, 0(0B) LOS objects, 32% free, 32MB/48MB, paused 247us total 17.202ms
08-05 20:46:28.593 24743 24771 I art     : Starting a blocking GC Explicit
08-05 20:46:28.610 24743 24771 I art     : Explicit concurrent mark sweep GC freed 1926(91KB) AllocSpace objects, 2(40KB) LOS objects, 32% free, 32MB/48MB, paused 225us total 16.280ms
08-05 20:46:28.618 24743 24771 I art     : Starting a blocking GC Explicit
08-05 20:46:28.633 24743 24771 I art     : Explicit concurrent mark sweep GC freed 71(1616B) AllocSpace objects, 0(0B) LOS objects, 32% free, 32MB/48MB, paused 223us total 14.831ms
08-05 20:46:28.641 24743 24771 I art     : Starting a blocking GC Explicit
08-05 20:46:28.656 24743 24771 I art     : Explicit concurrent mark sweep GC freed 27(496B) AllocSpace objects, 0(0B) LOS objects, 32% free, 32MB/48MB, paused 214us total 14.692ms
08-05 20:46:28.664 24743 24771 I art     : Starting a blocking GC Explicit
08-05 20:46:28.679 24743 24771 I art     : Explicit concurrent mark sweep GC freed 51(896B) AllocSpace objects, 0(0B) LOS objects, 32% free, 32MB/48MB, paused 223us total 14.553ms
08-05 20:46:28.688 24743 24771 I art     : Starting a blocking GC Explicit
08-05 20:46:28.702 24743 24771 I art     : Explicit concurrent mark sweep GC freed 27(496B) AllocSpace objects, 0(0B) LOS objects, 32% free, 32MB/48MB, paused 216us total 14.566ms
08-05 20:46:29.053 24743 24760 I art     : Starting a blocking GC Explicit
08-05 20:46:29.077 24743 24760 I art     : Explicit concurrent mark sweep GC freed 1951(91KB) AllocSpace objects, 2(40KB) LOS objects, 32% free, 32MB/48MB, paused 354us total 23.740ms
08-05 20:46:29.090 24743 24760 I art     : Starting a blocking GC Explicit
08-05 20:46:29.108 24743 24760 I art     : Explicit concurrent mark sweep GC freed 70(1584B) AllocSpace objects, 0(0B) LOS objects, 32% free, 32MB/48MB, paused 247us total 17.855ms
08-05 20:46:29.117 24743 24760 I art     : Starting a blocking GC Explicit
08-05 20:46:29.134 24743 24760 I art     : Explicit concurrent mark sweep GC freed 51(896B) AllocSpace objects, 0(0B) LOS objects, 32% free, 32MB/48MB, paused 246us total 17.138ms
08-05 20:46:29.143 24743 24760 I art     : Starting a blocking GC Explicit
08-05 20:46:29.161 24743 24760 I art     : Explicit concurrent mark sweep GC freed 27(496B) AllocSpace objects, 0(0B) LOS objects, 32% free, 32MB/48MB, paused 267us total 17.762ms
08-05 20:46:29.171 24743 24760 I art     : Starting a blocking GC Explicit
08-05 20:46:29.188 24743 24760 I art     : Explicit concurrent mark sweep GC freed 51(896B) AllocSpace objects, 0(0B) LOS objects, 32% free, 32MB/48MB, paused 244us total 17.223ms
08-05 20:46:29.336   918  1210 D NetlinkSocketObserver: NeighborEvent{elapsedMs=1806993211, 192.168.2.254, [7C3953A63323], RTM_NEWNEIGH, NUD_PROBE}
08-05 20:46:29.503 24743 24762 I art     : Starting a blocking GC Explicit
08-05 20:46:29.522 24743 24762 I art     : Explicit concurrent mark sweep GC freed 1902(90KB) AllocSpace objects, 2(40KB) LOS objects, 32% free, 32MB/48MB, paused 252us total 19.306ms
08-05 20:46:29.532 24743 24762 I art     : Starting a blocking GC Explicit
08-05 20:46:29.549 24743 24762 I art     : Explicit concurrent mark sweep GC freed 70(1584B) AllocSpace objects, 0(0B) LOS objects, 32% free, 32MB/48MB, paused 246us total 17.635ms
08-05 20:46:29.558 24743 24762 I art     : Starting a blocking GC Explicit
08-05 20:46:29.575 24743 24762 I art     : Explicit concurrent mark sweep GC freed 27(496B) AllocSpace objects, 0(0B) LOS objects, 32% free, 32MB/48MB, paused 244us total 16.952ms
08-05 20:46:29.584 24743 24762 I art     : Starting a blocking GC Explicit
08-05 20:46:29.602 24743 24762 I art     : Explicit concurrent mark sweep GC freed 51(896B) AllocSpace objects, 0(0B) LOS objects, 32% free, 32MB/48MB, paused 248us total 17.320ms
08-05 20:46:29.611 24743 24762 I art     : Starting a blocking GC Explicit
08-05 20:46:29.630 24743 24762 I art     : Explicit concurrent mark sweep GC freed 30(544B) AllocSpace objects, 0(0B) LOS objects, 32% free, 32MB/48MB, paused 263us total 18.928ms
08-05 20:46:29.972 24743 24771 I art     : Starting a blocking GC Explicit
08-05 20:46:29.994 24743 24771 I art     : Explicit concurrent mark sweep GC freed 1947(91KB) AllocSpace objects, 2(40KB) LOS objects, 32% free, 32MB/48MB, paused 239us total 21.986ms
08-05 20:46:30.004 24743 24771 I art     : Starting a blocking GC Explicit
08-05 20:46:30.022 24743 24771 I art     : Explicit concurrent mark sweep GC freed 70(1584B) AllocSpace objects, 0(0B) LOS objects, 32% free, 32MB/48MB, paused 229us total 18.192ms
08-05 20:46:30.031 24743 24771 I art     : Starting a blocking GC Explicit
08-05 20:46:30.049 24743 24771 I art     : Explicit concurrent mark sweep GC freed 51(896B) AllocSpace objects, 0(0B) LOS objects, 32% free, 32MB/48MB, paused 239us total 17.225ms
08-05 20:46:30.058 24743 24771 I art     : Starting a blocking GC Explicit
08-05 20:46:30.074 24743 24771 I art     : Explicit concurrent mark sweep GC freed 27(496B) AllocSpace objects, 0(0B) LOS objects, 32% free, 32MB/48MB, paused 237us total 16.596ms
08-05 20:46:30.083 24743 24771 I art     : Starting a blocking GC Explicit
08-05 20:46:30.101 24743 24771 I art     : Explicit concurrent mark sweep GC freed 45(784B) AllocSpace objects, 0(0B) LOS objects, 32% free, 32MB/48MB, paused 272us total 17.542ms
08-05 20:46:30.456 24743 24760 I art     : Starting a blocking GC Explicit
08-05 20:46:30.479 24743 24760 I art     : Explicit concurrent mark sweep GC freed 1956(91KB) AllocSpace objects, 2(40KB) LOS objects, 32% free, 32MB/48MB, paused 283us total 23.099ms
08-05 20:46:30.489 24743 24760 I art     : Starting a blocking GC Explicit
08-05 20:46:30.506 24743 24760 I art     : Explicit concurrent mark sweep GC freed 70(1584B) AllocSpace objects, 0(0B) LOS objects, 32% free, 32MB/48MB, paused 251us total 17.358ms
08-05 20:46:30.515 24743 24760 I art     : Starting a blocking GC Explicit
08-05 20:46:30.532 24743 24760 I art     : Explicit concurrent mark sweep GC freed 51(896B) AllocSpace objects, 0(0B) LOS objects, 32% free, 32MB/48MB, paused 235us total 16.776ms
08-05 20:46:30.541 24743 24760 I art     : Starting a blocking GC Explicit
08-05 20:46:30.558 24743 24760 I art     : Explicit concurrent mark sweep GC freed 27(496B) AllocSpace objects, 0(0B) LOS objects, 32% free, 32MB/48MB, paused 249us total 17.457ms
08-05 20:46:30.567 24743 24760 I art     : Starting a blocking GC Explicit
08-05 20:46:30.584 24743 24760 I art     : Explicit concurrent mark sweep GC freed 51(896B) AllocSpace objects, 0(0B) LOS objects, 32% free, 32MB/48MB, paused 244us total 17.020ms
08-05 20:46:30.792 13866 13882 I PeriodicStatsRunner: PeriodicStatsRunner.call():175 call()
08-05 20:46:30.792 13866 13882 I PeriodicStatsRunner: PeriodicStatsRunner.call():179 No submit PeriodicStats since input started.
08-05 20:46:30.948 24743 24762 I art     : Starting a blocking GC Explicit
08-05 20:46:30.972 24743 24762 I art     : Explicit concurrent mark sweep GC freed 1975(91KB) AllocSpace objects, 2(40KB) LOS objects, 32% free, 32MB/48MB, paused 230us total 24.017ms
08-05 20:46:30.982 24743 24762 I art     : Starting a blocking GC Explicit
08-05 20:46:31.001 24743 24762 I art     : Explicit concurrent mark sweep GC freed 69(1552B) AllocSpace objects, 0(0B) LOS objects, 32% free, 32MB/48MB, paused 241us total 18.589ms
08-05 20:46:31.009 24743 24762 I art     : Starting a blocking GC Explicit
08-05 20:46:31.027 24743 24762 I art     : Explicit concurrent mark sweep GC freed 28(528B) AllocSpace objects, 0(0B) LOS objects, 32% free, 32MB/48MB, paused 318us total 17.191ms
08-05 20:46:31.036 24743 24762 I art     : Starting a blocking GC Explicit
08-05 20:46:31.053 24743 24762 I art     : Explicit concurrent mark sweep GC freed 51(896B) AllocSpace objects, 0(0B) LOS objects, 32% free, 32MB/48MB, paused 245us total 17.384ms
08-05 20:46:31.062 24743 24762 I art     : Starting a blocking GC Explicit
08-05 20:46:31.079 24743 24762 I art     : Explicit concurrent mark sweep GC freed 27(496B) AllocSpace objects, 0(0B) LOS objects, 32% free, 32MB/48MB, paused 229us total 16.973ms
08-05 20:46:31.433 24743 24771 I art     : Starting a blocking GC Explicit
08-05 20:46:31.458 24743 24771 I art     : Explicit concurrent mark sweep GC freed 1974(91KB) AllocSpace objects, 2(40KB) LOS objects, 32% free, 32MB/48MB, paused 395us total 24.213ms
08-05 20:46:31.471 24743 24771 I art     : Starting a blocking GC Explicit
08-05 20:46:31.487 24743 24771 I art     : Explicit concurrent mark sweep GC freed 70(1584B) AllocSpace objects, 0(0B) LOS objects, 32% free, 32MB/48MB, paused 235us total 16.073ms
08-05 20:46:31.496 24743 24771 I art     : Starting a blocking GC Explicit
08-05 20:46:31.513 24743 24771 I art     : Explicit concurrent mark sweep GC freed 26(464B) AllocSpace objects, 0(0B) LOS objects, 32% free, 32MB/48MB, paused 258us total 17.108ms
08-05 20:46:31.522 24743 24771 I art     : Starting a blocking GC Explicit
08-05 20:46:31.538 24743 24771 I art     : Explicit concurrent mark sweep GC freed 52(928B) AllocSpace objects, 0(0B) LOS objects, 32% free, 32MB/48MB, paused 221us total 15.993ms
08-05 20:46:31.547 24743 24771 I art     : Starting a blocking GC Explicit
08-05 20:46:31.563 24743 24771 I art     : Explicit concurrent mark sweep GC freed 29(512B) AllocSpace objects, 0(0B) LOS objects, 32% free, 32MB/48MB, paused 279us total 15.969ms
08-05 20:46:31.835 24995 24995 D AndroidRuntime: >>>>>> START com.android.internal.os.RuntimeInit uid 2000 <<<<<<
08-05 20:46:31.862 24743 24760 I art     : Starting a blocking GC Explicit
08-05 20:46:31.880 24743 24760 I art     : Explicit concurrent mark sweep GC freed 1878(90KB) AllocSpace objects, 2(40KB) LOS objects, 32% free, 32MB/48MB, paused 240us total 18.219ms
08-05 20:46:31.889 24743 24760 I art     : Starting a blocking GC Explicit
08-05 20:46:31.897 24995 24995 D AndroidRuntime: CheckJNI is OFF
08-05 20:46:31.907 24743 24760 I art     : Explicit concurrent mark sweep GC freed 70(1584B) AllocSpace objects, 0(0B) LOS objects, 32% free, 32MB/48MB, paused 486us total 17.192ms
08-05 20:46:31.916 24743 24760 I art     : Starting a blocking GC Explicit
08-05 20:46:31.932 24743 24760 I art     : Explicit concurrent mark sweep GC freed 50(864B) AllocSpace objects, 0(0B) LOS objects, 32% free, 32MB/48MB, paused 254us total 16.218ms
08-05 20:46:31.940 24743 24760 I art     : Starting a blocking GC Explicit
08-05 20:46:31.941 24995 24995 D ICU     : No timezone override file found: /data/misc/zoneinfo/current/icu/icu_tzdata.dat
08-05 20:46:31.956 24743 24760 I art     : Explicit concurrent mark sweep GC freed 28(528B) AllocSpace objects, 0(0B) LOS objects, 32% free, 32MB/48MB, paused 268us total 15.654ms
08-05 20:46:31.964 24743 24760 I art     : Starting a blocking GC Explicit
08-05 20:46:31.980 24743 24760 I art     : Explicit concurrent mark sweep GC freed 27(496B) AllocSpace objects, 0(0B) LOS objects, 32% free, 32MB/48MB, paused 283us total 15.719ms
08-05 20:46:31.981 24995 24995 I Radio-JNI: register_android_hardware_Radio DONE
08-05 20:46:31.997 24995 24995 D AndroidRuntime: Calling main entry com.android.commands.input.Input
08-05 20:46:31.998 24995 24995 I Input   : injectMotionEvent: MotionEvent { action=ACTION_DOWN, actionButton=0, id[0]=0, x[0]=346.0, y[0]=709.0, toolType[0]=TOOL_TYPE_UNKNOWN, buttonState=0, metaState=0, flags=0x0, edgeFlags=0x0, pointerCount=1, historySize=0, eventTime=823608411, downTime=823608411, deviceId=0, source=0x1002 }
08-05 20:46:32.003 24995 24995 I Input   : injectMotionEvent: MotionEvent { action=ACTION_UP, actionButton=0, id[0]=0, x[0]=346.0, y[0]=709.0, toolType[0]=TOOL_TYPE_UNKNOWN, buttonState=0, metaState=0, flags=0x0, edgeFlags=0x0, pointerCount=1, historySize=0, eventTime=823608411, downTime=823608411, deviceId=0, source=0x1002 }
08-05 20:46:32.012   918  6112 I ActivityManager: START u0 {cmp=baseline.io.github.project_travel_mate/.destinations.description.FinalCityInfoActivity (has extras)} from uid 10674 on display 0
08-05 20:46:32.018 24995 24995 D AndroidRuntime: Shutting down VM
08-05 20:46:32.034 24743 24833 D Gabe    : call	returning from cache
08-05 20:46:32.057 24743 24743 V EXECUTING: https://project-travel-mate.herokuapp.com/api/get-city-weather/1
08-05 20:46:32.189 13866 13866 I GoogleInputMethodServic: GoogleInputMethodService.onFinishInput():3138 
08-05 20:46:32.189   918   936 I ActivityManager: Displayed baseline.io.github.project_travel_mate/.destinations.description.FinalCityInfoActivity: +172ms
08-05 20:46:32.190 13866 13866 I GoogleInputMethodServic: GoogleInputMethodService.onStartInput():1808 
08-05 20:46:32.241 24743 24762 I art     : Starting a blocking GC Explicit
08-05 20:46:32.263 24743 24762 I art     : Explicit concurrent mark sweep GC freed 9315(589KB) AllocSpace objects, 2(40KB) LOS objects, 29% free, 37MB/53MB, paused 410us total 22.601ms
08-05 20:46:32.272 24743 24762 I art     : Starting a blocking GC Explicit
08-05 20:46:32.290 24743 24762 I art     : Explicit concurrent mark sweep GC freed 639(30KB) AllocSpace objects, 0(0B) LOS objects, 29% free, 37MB/53MB, paused 296us total 17.148ms
08-05 20:46:32.298 24743 24762 I art     : Starting a blocking GC Explicit
08-05 20:46:32.316 24743 24762 I art     : Explicit concurrent mark sweep GC freed 99(1696B) AllocSpace objects, 0(0B) LOS objects, 29% free, 37MB/53MB, paused 293us total 17.639ms
08-05 20:46:32.325 24743 24762 I art     : Starting a blocking GC Explicit
08-05 20:46:32.345 24743 24762 I art     : Explicit concurrent mark sweep GC freed 51(896B) AllocSpace objects, 0(0B) LOS objects, 29% free, 37MB/53MB, paused 338us total 19.327ms
08-05 20:46:32.355 24743 24762 I art     : Starting a blocking GC Explicit
08-05 20:46:32.374 24743 24762 I art     : Explicit concurrent mark sweep GC freed 99(1696B) AllocSpace objects, 0(0B) LOS objects, 29% free, 37MB/53MB, paused 295us total 19.052ms
08-05 20:46:32.448   380   380 W SurfaceFlinger: couldn't log to binary event log: overflow.
08-05 20:46:32.679 24743 24771 I art     : Starting a blocking GC Explicit
08-05 20:46:32.705 24743 24771 I art     : Explicit concurrent mark sweep GC freed 3474(182KB) AllocSpace objects, 4(160KB) LOS objects, 29% free, 37MB/53MB, paused 842us total 25.239ms
08-05 20:46:32.715 24743 24771 I art     : Starting a blocking GC Explicit
08-05 20:46:32.734 24743 24771 I art     : Explicit concurrent mark sweep GC freed 3587(156KB) AllocSpace objects, 1(80KB) LOS objects, 29% free, 37MB/53MB, paused 357us total 19.336ms
08-05 20:46:32.744 24743 24771 I art     : Starting a blocking GC Explicit
08-05 20:46:32.759 24743 25021 I NAPPA_EXPERIMENTATION: MetricNetworkRequestExecutionTime: REQUEST_DURATION_SYSTEM='701',REQUEST_DURATION_OKHTTP='35',REQUEST_SYNCHRONOUS='FALSE',RESPONSE_CODE='200',RESPONSE_METHOD='GET',RESPONSE_LENGTH_OKHTTP='530',RESPONSE_LENGTH_HEADER='530',REQUEST_PROTOCOL='http/1.1',REQUEST_URL='https://project-travel-mate.herokuapp.com/api/get-city/1',
08-05 20:46:32.764 24743 24771 I art     : Explicit concurrent mark sweep GC freed 980(104KB) AllocSpace objects, 0(0B) LOS objects, 29% free, 37MB/53MB, paused 565us total 19.461ms
08-05 20:46:32.773 24743 24771 I art     : Starting a blocking GC Explicit
08-05 20:46:32.793 24743 24771 I art     : Explicit concurrent mark sweep GC freed 127(2864B) AllocSpace objects, 0(0B) LOS objects, 29% free, 37MB/53MB, paused 420us total 19.886ms
08-05 20:46:32.793 24743 25020 I NAPPA_EXPERIMENTATION: MetricNetworkRequestExecutionTime: REQUEST_DURATION_SYSTEM='736',REQUEST_DURATION_OKHTTP='67',REQUEST_SYNCHRONOUS='FALSE',RESPONSE_CODE='200',RESPONSE_METHOD='GET',RESPONSE_LENGTH_OKHTTP='238',RESPONSE_LENGTH_HEADER='238',REQUEST_PROTOCOL='http/1.1',REQUEST_URL='https://project-travel-mate.herokuapp.com/api/get-city-weather/1',
08-05 20:46:32.802 24743 24771 I art     : Starting a blocking GC Explicit
08-05 20:46:32.808 24743 25021 V Response: {"id":1,"city_name":"Delhi","description":"Delhi, officially the National Capital Territory of Delhi, is the Capital territory of India. During the British Raj, Delhi was part of the province of Punjab and is still historically and culturally connected to the Punjab region.","latitude":"28.613900","longitude":"77.209000","facts_count":6,"images":["https://upload.wikimedia.org/wikipedia/commons/9/94/%E0%B4%96%E0%B5%81%E0%B4%A4%E0%B5%8D%E0%B4%AC%E0%B5%8D_%E0%B4%AE%E0%B4%BF%E0%B4%A8%E0%B4%BE%E0%B5%BC1.jpg"],"has_visited":false}
08-05 20:46:32.820 24743 24771 I art     : Explicit concurrent mark sweep GC freed 281(19KB) AllocSpace objects, 0(0B) LOS objects, 29% free, 37MB/53MB, paused 454us total 17.864ms
08-05 20:46:33.121 24743 24762 I art     : Starting a blocking GC Explicit
08-05 20:46:33.147 24743 24762 I art     : Explicit concurrent mark sweep GC freed 5023(353KB) AllocSpace objects, 11(5MB) LOS objects, 29% free, 38MB/54MB, paused 321us total 26.292ms
08-05 20:46:33.156 24743 24762 I art     : Starting a blocking GC Explicit
08-05 20:46:33.174 24743 24762 I art     : Explicit concurrent mark sweep GC freed 268(8KB) AllocSpace objects, 0(0B) LOS objects, 29% free, 38MB/54MB, paused 283us total 17.887ms
08-05 20:46:33.182 24743 24762 I art     : Starting a blocking GC Explicit
08-05 20:46:33.200 24743 24762 I art     : Explicit concurrent mark sweep GC freed 101(1840B) AllocSpace objects, 0(0B) LOS objects, 29% free, 38MB/54MB, paused 334us total 17.872ms
08-05 20:46:33.208 24743 24762 I art     : Starting a blocking GC Explicit
08-05 20:46:33.225 24743 24762 I art     : Explicit concurrent mark sweep GC freed 51(896B) AllocSpace objects, 0(0B) LOS objects, 29% free, 38MB/54MB, paused 270us total 16.292ms
08-05 20:46:33.233 24743 24762 I art     : Starting a blocking GC Explicit
08-05 20:46:33.251 24743 24762 I art     : Explicit concurrent mark sweep GC freed 99(1696B) AllocSpace objects, 0(0B) LOS objects, 29% free, 38MB/54MB, paused 305us total 17.351ms
08-05 20:46:33.566 24743 24762 I art     : Starting a blocking GC Explicit
08-05 20:46:33.586 24743 24762 I art     : Explicit concurrent mark sweep GC freed 2408(99KB) AllocSpace objects, 2(40KB) LOS objects, 29% free, 38MB/54MB, paused 298us total 20ms
08-05 20:46:33.595 24743 24762 I art     : Starting a blocking GC Explicit
08-05 20:46:33.615 24743 24762 I art     : Explicit concurrent mark sweep GC freed 80(2128B) AllocSpace objects, 0(0B) LOS objects, 29% free, 38MB/54MB, paused 264us total 19.371ms
08-05 20:46:33.615 24743 24759 I art     : WaitForGcToComplete blocked for 5.165ms for cause HeapTrim
08-05 20:46:33.624 24743 24762 I art     : Starting a blocking GC Explicit
08-05 20:46:33.643 24743 24762 I art     : Explicit concurrent mark sweep GC freed 99(1696B) AllocSpace objects, 0(0B) LOS objects, 29% free, 38MB/54MB, paused 280us total 19.329ms
08-05 20:46:33.652 24743 24762 I art     : Starting a blocking GC Explicit
08-05 20:46:33.672 24743 24762 I art     : Explicit concurrent mark sweep GC freed 99(1696B) AllocSpace objects, 0(0B) LOS objects, 29% free, 38MB/54MB, paused 285us total 19.785ms
08-05 20:46:33.682 24743 24762 I art     : Starting a blocking GC Explicit
08-05 20:46:33.702 24743 24762 I art     : Explicit concurrent mark sweep GC freed 99(1696B) AllocSpace objects, 0(0B) LOS objects, 29% free, 38MB/54MB, paused 286us total 20.052ms
08-05 20:46:34.056 24743 24771 I art     : Starting a blocking GC Explicit
08-05 20:46:34.079 24743 24771 I art     : Explicit concurrent mark sweep GC freed 2479(100KB) AllocSpace objects, 2(40KB) LOS objects, 29% free, 38MB/54MB, paused 289us total 22.068ms
08-05 20:46:34.091 24743 24771 I art     : Starting a blocking GC Explicit
08-05 20:46:34.110 24743 24771 I art     : Explicit concurrent mark sweep GC freed 118(2384B) AllocSpace objects, 0(0B) LOS objects, 29% free, 38MB/54MB, paused 277us total 19.381ms
08-05 20:46:34.119 24743 24771 I art     : Starting a blocking GC Explicit
08-05 20:46:34.139 24743 24771 I art     : Explicit concurrent mark sweep GC freed 99(1696B) AllocSpace objects, 0(0B) LOS objects, 29% free, 38MB/54MB, paused 281us total 19.425ms
08-05 20:46:34.148 24743 24771 I art     : Starting a blocking GC Explicit
08-05 20:46:34.167 24743 24771 I art     : Explicit concurrent mark sweep GC freed 68(1168B) AllocSpace objects, 0(0B) LOS objects, 29% free, 38MB/54MB, paused 340us total 19.120ms
08-05 20:46:34.176 24743 24771 I art     : Starting a blocking GC Explicit
08-05 20:46:34.196 24743 24771 I art     : Explicit concurrent mark sweep GC freed 82(1424B) AllocSpace objects, 0(0B) LOS objects, 29% free, 38MB/54MB, paused 291us total 19.813ms
08-05 20:46:34.562 24743 24760 I art     : Starting a blocking GC Explicit
08-05 20:46:34.586 24743 24760 I art     : Explicit concurrent mark sweep GC freed 2551(101KB) AllocSpace objects, 2(40KB) LOS objects, 29% free, 38MB/54MB, paused 379us total 23.259ms
08-05 20:46:34.601 24743 24760 I art     : Starting a blocking GC Explicit
08-05 20:46:34.620 24743 24760 I art     : Explicit concurrent mark sweep GC freed 143(2816B) AllocSpace objects, 0(0B) LOS objects, 29% free, 38MB/54MB, paused 291us total 19.359ms
08-05 20:46:34.629 24743 24760 I art     : Starting a blocking GC Explicit
08-05 20:46:34.649 24743 24760 I art     : Explicit concurrent mark sweep GC freed 51(896B) AllocSpace objects, 0(0B) LOS objects, 29% free, 38MB/54MB, paused 280us total 19.451ms
08-05 20:46:34.658 24743 24760 I art     : Starting a blocking GC Explicit
08-05 20:46:34.677 24743 24760 I art     : Explicit concurrent mark sweep GC freed 99(1696B) AllocSpace objects, 0(0B) LOS objects, 29% free, 38MB/54MB, paused 284us total 19.076ms
08-05 20:46:34.686 24743 24760 I art     : Starting a blocking GC Explicit
08-05 20:46:34.707 24743 24760 I art     : Explicit concurrent mark sweep GC freed 99(1696B) AllocSpace objects, 0(0B) LOS objects, 29% free, 38MB/54MB, paused 364us total 20.511ms
08-05 20:46:35.051 24743 24762 I art     : Starting a blocking GC Explicit
08-05 20:46:35.074 24743 24762 I art     : Explicit concurrent mark sweep GC freed 2480(100KB) AllocSpace objects, 2(40KB) LOS objects, 29% free, 38MB/54MB, paused 288us total 22.797ms
08-05 20:46:35.084 24743 24762 I art     : Starting a blocking GC Explicit
08-05 20:46:35.105 24743 24762 I art     : Explicit concurrent mark sweep GC freed 117(2352B) AllocSpace objects, 0(0B) LOS objects, 29% free, 38MB/54MB, paused 290us total 21.155ms
08-05 20:46:35.114 24743 24762 I art     : Starting a blocking GC Explicit
08-05 20:46:35.134 24743 24762 I art     : Explicit concurrent mark sweep GC freed 58(1024B) AllocSpace objects, 0(0B) LOS objects, 29% free, 38MB/54MB, paused 363us total 19.997ms
08-05 20:46:35.143 24743 24762 I art     : Starting a blocking GC Explicit
08-05 20:46:35.164 24743 24762 I art     : Explicit concurrent mark sweep GC freed 93(1600B) AllocSpace objects, 0(0B) LOS objects, 29% free, 38MB/54MB, paused 272us total 19.963ms
08-05 20:46:35.173 24743 24762 I art     : Starting a blocking GC Explicit
08-05 20:46:35.193 24743 24762 I art     : Explicit concurrent mark sweep GC freed 100(1728B) AllocSpace objects, 0(0B) LOS objects, 29% free, 38MB/54MB, paused 282us total 19.853ms
08-05 20:46:35.555 24743 24771 I art     : Starting a blocking GC Explicit
08-05 20:46:35.578 24743 24771 I art     : Explicit concurrent mark sweep GC freed 2527(100KB) AllocSpace objects, 2(40KB) LOS objects, 29% free, 38MB/54MB, paused 296us total 22.964ms
08-05 20:46:35.593 24743 24771 I art     : Starting a blocking GC Explicit
08-05 20:46:35.613 24743 24771 I art     : Explicit concurrent mark sweep GC freed 118(2384B) AllocSpace objects, 0(0B) LOS objects, 29% free, 38MB/54MB, paused 277us total 19.619ms
08-05 20:46:35.622 24743 24771 I art     : Starting a blocking GC Explicit
08-05 20:46:35.641 24743 24771 I art     : Explicit concurrent mark sweep GC freed 99(1696B) AllocSpace objects, 0(0B) LOS objects, 29% free, 38MB/54MB, paused 282us total 19.480ms
08-05 20:46:35.650 24743 24771 I art     : Starting a blocking GC Explicit
08-05 20:46:35.670 24743 24771 I art     : Explicit concurrent mark sweep GC freed 99(1696B) AllocSpace objects, 0(0B) LOS objects, 29% free, 38MB/54MB, paused 287us total 19.255ms
08-05 20:46:35.679 24743 24771 I art     : Starting a blocking GC Explicit
08-05 20:46:35.699 24743 24771 I art     : Explicit concurrent mark sweep GC freed 51(896B) AllocSpace objects, 0(0B) LOS objects, 29% free, 38MB/54MB, paused 289us total 19.559ms
08-05 20:46:36.040 24743 24760 I art     : Starting a blocking GC Explicit
08-05 20:46:36.063 24743 24760 I art     : Explicit concurrent mark sweep GC freed 2480(100KB) AllocSpace objects, 2(40KB) LOS objects, 29% free, 38MB/54MB, paused 294us total 22.723ms
08-05 20:46:36.077 24743 24760 I art     : Starting a blocking GC Explicit
08-05 20:46:36.096 24743 24760 I art     : Explicit concurrent mark sweep GC freed 118(2384B) AllocSpace objects, 0(0B) LOS objects, 29% free, 38MB/54MB, paused 369us total 19.221ms
08-05 20:46:36.105 24743 24760 I art     : Starting a blocking GC Explicit
08-05 20:46:36.125 24743 24760 I art     : Explicit concurrent mark sweep GC freed 99(1696B) AllocSpace objects, 0(0B) LOS objects, 29% free, 38MB/54MB, paused 313us total 19.625ms
08-05 20:46:36.134 24743 24760 I art     : Starting a blocking GC Explicit
08-05 20:46:36.153 24743 24760 I art     : Explicit concurrent mark sweep GC freed 98(1664B) AllocSpace objects, 0(0B) LOS objects, 29% free, 38MB/54MB, paused 293us total 19.379ms
08-05 20:46:36.162 24743 24760 I art     : Starting a blocking GC Explicit
08-05 20:46:36.183 24743 24760 I art     : Explicit concurrent mark sweep GC freed 52(928B) AllocSpace objects, 0(0B) LOS objects, 29% free, 38MB/54MB, paused 280us total 20.198ms
08-05 20:46:36.467 24743 24771 I art     : Starting a blocking GC Explicit
08-05 20:46:36.488 24743 24771 I art     : Explicit concurrent mark sweep GC freed 2359(98KB) AllocSpace objects, 2(40KB) LOS objects, 29% free, 38MB/54MB, paused 321us total 20.175ms
08-05 20:46:36.497 24743 24771 I art     : Starting a blocking GC Explicit
08-05 20:46:36.518 24743 24771 I art     : Explicit concurrent mark sweep GC freed 80(2128B) AllocSpace objects, 0(0B) LOS objects, 29% free, 38MB/54MB, paused 293us total 20.114ms
08-05 20:46:36.527 24743 24771 I art     : Starting a blocking GC Explicit
08-05 20:46:36.547 24743 24771 I art     : Explicit concurrent mark sweep GC freed 99(1696B) AllocSpace objects, 0(0B) LOS objects, 29% free, 38MB/54MB, paused 322us total 18.904ms
08-05 20:46:36.555 24743 24771 I art     : Starting a blocking GC Explicit
08-05 20:46:36.574 24743 24771 I art     : Explicit concurrent mark sweep GC freed 99(1696B) AllocSpace objects, 0(0B) LOS objects, 29% free, 38MB/54MB, paused 279us total 18.795ms
08-05 20:46:36.583 24743 24771 I art     : Starting a blocking GC Explicit
08-05 20:46:36.602 24743 24771 I art     : Explicit concurrent mark sweep GC freed 51(896B) AllocSpace objects, 0(0B) LOS objects, 29% free, 38MB/54MB, paused 345us total 18.830ms
08-05 20:46:36.610 25116 25116 D AndroidRuntime: >>>>>> START com.android.internal.os.RuntimeInit uid 2000 <<<<<<
08-05 20:46:36.614 25116 25116 D AndroidRuntime: CheckJNI is OFF
08-05 20:46:36.638 25116 25116 D ICU     : No timezone override file found: /data/misc/zoneinfo/current/icu/icu_tzdata.dat
08-05 20:46:36.663 25116 25116 I Radio-JNI: register_android_hardware_Radio DONE
08-05 20:46:36.679 25116 25116 D AndroidRuntime: Calling main entry com.android.commands.input.Input
08-05 20:46:36.681 25116 25116 I Input   : injectMotionEvent: MotionEvent { action=ACTION_DOWN, actionButton=0, id[0]=0, x[0]=693.0, y[0]=1450.0, toolType[0]=TOOL_TYPE_UNKNOWN, buttonState=0, metaState=0, flags=0x0, edgeFlags=0x0, pointerCount=1, historySize=0, eventTime=823613094, downTime=823613094, deviceId=0, source=0x1002 }
08-05 20:46:36.688 25116 25116 I Input   : injectMotionEvent: MotionEvent { action=ACTION_UP, actionButton=0, id[0]=0, x[0]=693.0, y[0]=1450.0, toolType[0]=TOOL_TYPE_UNKNOWN, buttonState=0, metaState=0, flags=0x0, edgeFlags=0x0, pointerCount=1, historySize=0, eventTime=823613094, downTime=823613094, deviceId=0, source=0x1002 }
08-05 20:46:36.689 25116 25116 D AndroidRuntime: Shutting down VM
08-05 20:46:36.690   918  3714 I ActivityManager: START u0 {cmp=baseline.io.github.project_travel_mate/.destinations.description.CityHistoryActivity} from uid 10674 on display 0
08-05 20:46:36.691   512  2967 D audio_hw_primary: out_set_parameters: enter: usecase(1: low-latency-playback) kvpairs: routing=2
08-05 20:46:36.704   512  2967 D audio_hw_primary: select_devices: out_snd_device(2: speaker) in_snd_device(0: none)
08-05 20:46:36.704   512  2967 D msm8974_platform: platform_send_audio_calibration: sending audio calibration for snd_device(2) acdb_id(15)
08-05 20:46:36.705   512  2967 I soundtrigger: audio_extn_sound_trigger_update_device_status: device 0x2 of type 0 for Event 1
08-05 20:46:36.714   512  2967 D audio_hw_primary: enable_snd_device: snd_device(2: speaker)
08-05 20:46:36.716   512  2967 D audio_hw_primary: enable_audio_route: apply and update mixer path: low-latency-playback speaker
08-05 20:46:36.720 24743 24833 D Gabe    : call	returning from cache
08-05 20:46:36.722 24743 24743 V EXECUTING: https://project-travel-mate.herokuapp.com/api/get-city-information/1
08-05 20:46:36.776 23554 23554 I ServiceManager: Waiting for service AtCmdFwd...
08-05 20:46:36.854   918   936 I ActivityManager: Displayed baseline.io.github.project_travel_mate/.destinations.description.CityHistoryActivity: +156ms
08-05 20:46:36.855 13866 13866 I GoogleInputMethodServic: GoogleInputMethodService.onFinishInput():3138 
08-05 20:46:36.856 13866 13866 I GoogleInputMethodServic: GoogleInputMethodService.onStartInput():1808 
08-05 20:46:36.864 24743 24760 I art     : Starting a blocking GC Explicit
08-05 20:46:36.888 24743 24760 I art     : Explicit concurrent mark sweep GC freed 3101(225KB) AllocSpace objects, 2(40KB) LOS objects, 27% free, 42MB/58MB, paused 501us total 23.972ms
08-05 20:46:36.900 24743 24760 I art     : Starting a blocking GC Explicit
08-05 20:46:36.922 24743 24760 I art     : Explicit concurrent mark sweep GC freed 300(11KB) AllocSpace objects, 0(0B) LOS objects, 27% free, 42MB/58MB, paused 337us total 21.689ms
08-05 20:46:36.933 24743 24760 I art     : Starting a blocking GC Explicit
08-05 20:46:36.953 24743 24760 I art     : Explicit concurrent mark sweep GC freed 152(2752B) AllocSpace objects, 0(0B) LOS objects, 27% free, 42MB/58MB, paused 375us total 19.101ms
08-05 20:46:36.962 24743 24760 I art     : Starting a blocking GC Explicit
08-05 20:46:36.981 24743 24760 I art     : Explicit concurrent mark sweep GC freed 147(2496B) AllocSpace objects, 0(0B) LOS objects, 27% free, 42MB/58MB, paused 356us total 19.105ms
08-05 20:46:36.991 24743 24760 I art     : Starting a blocking GC Explicit
08-05 20:46:37.012 24743 24760 I art     : Explicit concurrent mark sweep GC freed 147(2496B) AllocSpace objects, 0(0B) LOS objects, 27% free, 42MB/58MB, paused 321us total 21.418ms
08-05 20:46:37.105   380   380 W SurfaceFlinger: couldn't log to binary event log: overflow.
08-05 20:46:37.190 13866 13882 I PeriodicStatsRunner: PeriodicStatsRunner.call():175 call()
08-05 20:46:37.190 13866 13882 I PeriodicStatsRunner: PeriodicStatsRunner.call():179 No submit PeriodicStats since input started.
08-05 20:46:37.260   512  2967 D audio_hw_primary: disable_audio_route: reset and update mixer path: low-latency-playback speaker
08-05 20:46:37.262   512  2967 D audio_hw_primary: disable_snd_device: snd_device(2: speaker)
08-05 20:46:37.269   512  2967 I soundtrigger: audio_extn_sound_trigger_update_device_status: device 0x2 of type 0 for Event 0
08-05 20:46:37.294 24743 24771 I art     : Starting a blocking GC Explicit
08-05 20:46:37.317 24743 24771 I art     : Explicit concurrent mark sweep GC freed 2572(102KB) AllocSpace objects, 2(40KB) LOS objects, 27% free, 42MB/58MB, paused 513us total 22.492ms
08-05 20:46:37.327 24743 24771 I art     : Starting a blocking GC Explicit
08-05 20:46:37.347 24743 24771 I art     : Explicit concurrent mark sweep GC freed 48(1200B) AllocSpace objects, 0(0B) LOS objects, 27% free, 42MB/58MB, paused 595us total 20.199ms
08-05 20:46:37.356 24743 24771 I art     : Starting a blocking GC Explicit
08-05 20:46:37.377 24743 24771 I art     : Explicit concurrent mark sweep GC freed 119(2016B) AllocSpace objects, 0(0B) LOS objects, 27% free, 42MB/58MB, paused 583us total 20.001ms
08-05 20:46:37.386 24743 24771 I art     : Starting a blocking GC Explicit
08-05 20:46:37.407 24743 24771 I art     : Explicit concurrent mark sweep GC freed 637(53KB) AllocSpace objects, 2(120KB) LOS objects, 27% free, 42MB/58MB, paused 539us total 20.992ms
08-05 20:46:37.416 24743 24771 I art     : Starting a blocking GC Explicit
08-05 20:46:37.438 24743 24771 I art     : Explicit concurrent mark sweep GC freed 2169(83KB) AllocSpace objects, 0(0B) LOS objects, 27% free, 43MB/59MB, paused 665us total 21.484ms
08-05 20:46:37.478 24743 25140 I NAPPA_EXPERIMENTATION: MetricNetworkRequestExecutionTime: REQUEST_DURATION_SYSTEM='755',REQUEST_DURATION_OKHTTP='43',REQUEST_SYNCHRONOUS='FALSE',RESPONSE_CODE='200',RESPONSE_METHOD='GET',RESPONSE_LENGTH_OKHTTP='55024',RESPONSE_LENGTH_HEADER='55024',REQUEST_PROTOCOL='http/1.1',REQUEST_URL='https://project-travel-mate.herokuapp.com/api/get-city-information/1',
08-05 20:46:37.587 13866 13866 I GoogleInputMethodServic: GoogleInputMethodService.onFinishInput():3138 
08-05 20:46:37.588 13866 13866 I GoogleInputMethodServic: GoogleInputMethodService.onStartInput():1808 
08-05 20:46:37.723 24743 24762 I art     : Starting a blocking GC Explicit
08-05 20:46:37.749 24743 24762 I art     : Explicit concurrent mark sweep GC freed 4904(1457KB) AllocSpace objects, 23(4MB) LOS objects, 29% free, 38MB/54MB, paused 373us total 25.703ms
08-05 20:46:37.760 24743 24762 I art     : Starting a blocking GC Explicit
08-05 20:46:37.777 23554 23554 I ServiceManager: Waiting for service AtCmdFwd...
08-05 20:46:37.782 24743 24762 I art     : Explicit concurrent mark sweep GC freed 224(5KB) AllocSpace objects, 0(0B) LOS objects, 29% free, 38MB/54MB, paused 355us total 21.804ms
08-05 20:46:37.791 24743 24762 I art     : Starting a blocking GC Explicit
08-05 20:46:37.813 24743 24762 I art     : Explicit concurrent mark sweep GC freed 147(2496B) AllocSpace objects, 0(0B) LOS objects, 29% free, 38MB/54MB, paused 299us total 21.945ms
08-05 20:46:37.822 24743 24762 I art     : Starting a blocking GC Explicit
08-05 20:46:37.844 24743 24762 I art     : Explicit concurrent mark sweep GC freed 147(2496B) AllocSpace objects, 0(0B) LOS objects, 29% free, 38MB/54MB, paused 300us total 21.931ms
08-05 20:46:37.854 24743 24762 I art     : Starting a blocking GC Explicit
08-05 20:46:37.877 24743 24762 I art     : Explicit concurrent mark sweep GC freed 146(2464B) AllocSpace objects, 0(0B) LOS objects, 29% free, 38MB/54MB, paused 392us total 22.695ms
08-05 20:46:38.199 24743 24771 I art     : Starting a blocking GC Explicit
08-05 20:46:38.223 24743 24771 I art     : Explicit concurrent mark sweep GC freed 2934(107KB) AllocSpace objects, 2(40KB) LOS objects, 29% free, 38MB/54MB, paused 380us total 23.265ms
08-05 20:46:38.232 24743 24771 I art     : Starting a blocking GC Explicit
08-05 20:46:38.253 24743 24771 I art     : Explicit concurrent mark sweep GC freed 99(2096B) AllocSpace objects, 0(0B) LOS objects, 29% free, 38MB/54MB, paused 301us total 20.999ms
08-05 20:46:38.262 24743 24771 I art     : Starting a blocking GC Explicit
08-05 20:46:38.284 24743 24771 I art     : Explicit concurrent mark sweep GC freed 148(2528B) AllocSpace objects, 0(0B) LOS objects, 29% free, 38MB/54MB, paused 294us total 21.219ms
08-05 20:46:38.293 24743 24771 I art     : Starting a blocking GC Explicit
08-05 20:46:38.315 24743 24771 I art     : Explicit concurrent mark sweep GC freed 147(2496B) AllocSpace objects, 0(0B) LOS objects, 29% free, 38MB/54MB, paused 399us total 22.281ms
08-05 20:46:38.325 24743 24771 I art     : Starting a blocking GC Explicit
08-05 20:46:38.347 24743 24771 I art     : Explicit concurrent mark sweep GC freed 148(2528B) AllocSpace objects, 0(0B) LOS objects, 29% free, 38MB/54MB, paused 310us total 21.979ms
08-05 20:46:38.706 24743 24771 I art     : Starting a blocking GC Explicit
08-05 20:46:38.731 24743 24771 I art     : Explicit concurrent mark sweep GC freed 3110(110KB) AllocSpace objects, 2(40KB) LOS objects, 29% free, 38MB/54MB, paused 318us total 24.047ms
08-05 20:46:38.741 24743 24771 I art     : Starting a blocking GC Explicit
08-05 20:46:38.764 24743 24771 I art     : Explicit concurrent mark sweep GC freed 166(3KB) AllocSpace objects, 0(0B) LOS objects, 29% free, 38MB/54MB, paused 351us total 22.772ms
08-05 20:46:38.773 24743 24771 I art     : Starting a blocking GC Explicit
08-05 20:46:38.778 23554 23554 I ServiceManager: Waiting for service AtCmdFwd...
08-05 20:46:38.795 24743 24771 I art     : Explicit concurrent mark sweep GC freed 147(2496B) AllocSpace objects, 0(0B) LOS objects, 29% free, 38MB/54MB, paused 301us total 21.993ms
08-05 20:46:38.805 24743 24771 I art     : Starting a blocking GC Explicit
08-05 20:46:38.827 24743 24771 I art     : Explicit concurrent mark sweep GC freed 146(2464B) AllocSpace objects, 0(0B) LOS objects, 29% free, 38MB/54MB, paused 341us total 22.288ms
08-05 20:46:38.836 24743 24771 I art     : Starting a blocking GC Explicit
08-05 20:46:38.859 24743 24771 I art     : Explicit concurrent mark sweep GC freed 148(2528B) AllocSpace objects, 0(0B) LOS objects, 29% free, 38MB/54MB, paused 313us total 22.001ms
08-05 20:46:39.162 24743 24760 I art     : Starting a blocking GC Explicit
08-05 20:46:39.188 24743 24760 I art     : Explicit concurrent mark sweep GC freed 2793(105KB) AllocSpace objects, 2(40KB) LOS objects, 29% free, 38MB/54MB, paused 319us total 25.663ms
08-05 20:46:39.202 24743 24760 I art     : Starting a blocking GC Explicit
08-05 20:46:39.223 24743 24760 I art     : Explicit concurrent mark sweep GC freed 199(3KB) AllocSpace objects, 0(0B) LOS objects, 29% free, 38MB/54MB, paused 371us total 21.014ms
08-05 20:46:39.233 24743 24760 I art     : Starting a blocking GC Explicit
08-05 20:46:39.254 24743 24760 I art     : Explicit concurrent mark sweep GC freed 114(1968B) AllocSpace objects, 0(0B) LOS objects, 29% free, 38MB/54MB, paused 299us total 21.006ms
08-05 20:46:39.263 24743 24760 I art     : Starting a blocking GC Explicit
08-05 20:46:39.284 24743 24760 I art     : Explicit concurrent mark sweep GC freed 147(2496B) AllocSpace objects, 0(0B) LOS objects, 29% free, 38MB/54MB, paused 302us total 21.261ms
08-05 20:46:39.294 24743 24760 I art     : Starting a blocking GC Explicit
08-05 20:46:39.316 24743 24760 I art     : Explicit concurrent mark sweep GC freed 147(2496B) AllocSpace objects, 0(0B) LOS objects, 29% free, 38MB/54MB, paused 309us total 22.055ms
08-05 20:46:39.664 24743 24762 I art     : Starting a blocking GC Explicit
08-05 20:46:39.689 24743 24762 I art     : Explicit concurrent mark sweep GC freed 3021(109KB) AllocSpace objects, 2(40KB) LOS objects, 29% free, 38MB/54MB, paused 319us total 24.332ms
08-05 20:46:39.698 24743 24762 I art     : Starting a blocking GC Explicit
08-05 20:46:39.720 24743 24762 I art     : Explicit concurrent mark sweep GC freed 182(3KB) AllocSpace objects, 0(0B) LOS objects, 29% free, 38MB/54MB, paused 317us total 21.823ms
08-05 20:46:39.729 24743 24762 I art     : Starting a blocking GC Explicit
08-05 20:46:39.752 24743 24762 I art     : Explicit concurrent mark sweep GC freed 147(2496B) AllocSpace objects, 0(0B) LOS objects, 29% free, 38MB/54MB, paused 309us total 21.943ms
08-05 20:46:39.761 24743 24762 I art     : Starting a blocking GC Explicit
08-05 20:46:39.778 23554 23554 I ServiceManager: Waiting for service AtCmdFwd...
08-05 20:46:39.783 24743 24762 I art     : Explicit concurrent mark sweep GC freed 147(2496B) AllocSpace objects, 0(0B) LOS objects, 29% free, 38MB/54MB, paused 301us total 22.361ms
08-05 20:46:39.793 24743 24762 I art     : Starting a blocking GC Explicit
08-05 20:46:39.815 24743 24762 I art     : Explicit concurrent mark sweep GC freed 147(2496B) AllocSpace objects, 0(0B) LOS objects, 29% free, 38MB/54MB, paused 363us total 22.012ms
08-05 20:46:40.168 24743 24771 I art     : Starting a blocking GC Explicit
08-05 20:46:40.190 24743 24771 I art     : Explicit concurrent mark sweep GC freed 3010(108KB) AllocSpace objects, 2(40KB) LOS objects, 29% free, 38MB/54MB, paused 372us total 22.131ms
08-05 20:46:40.200 24743 24771 I art     : Starting a blocking GC Explicit
08-05 20:46:40.222 24743 24771 I art     : Explicit concurrent mark sweep GC freed 166(3KB) AllocSpace objects, 0(0B) LOS objects, 29% free, 38MB/54MB, paused 309us total 21.992ms
08-05 20:46:40.232 24743 24771 I art     : Starting a blocking GC Explicit
08-05 20:46:40.253 24743 24771 I art     : Explicit concurrent mark sweep GC freed 147(2496B) AllocSpace objects, 0(0B) LOS objects, 29% free, 38MB/54MB, paused 315us total 21.414ms
08-05 20:46:40.263 24743 24771 I art     : Starting a blocking GC Explicit
08-05 20:46:40.285 24743 24771 I art     : Explicit concurrent mark sweep GC freed 147(2496B) AllocSpace objects, 0(0B) LOS objects, 29% free, 38MB/54MB, paused 302us total 21.933ms
08-05 20:46:40.294 24743 24771 I art     : Starting a blocking GC Explicit
08-05 20:46:40.316 24743 24771 I art     : Explicit concurrent mark sweep GC freed 147(2496B) AllocSpace objects, 0(0B) LOS objects, 29% free, 38MB/54MB, paused 312us total 21.617ms
08-05 20:46:40.663 24743 24760 I art     : Starting a blocking GC Explicit
08-05 20:46:40.688 24743 24760 I art     : Explicit concurrent mark sweep GC freed 3009(108KB) AllocSpace objects, 2(40KB) LOS objects, 29% free, 38MB/54MB, paused 437us total 24.925ms
08-05 20:46:40.704 24743 24760 I art     : Starting a blocking GC Explicit
08-05 20:46:40.725 24743 24760 I art     : Explicit concurrent mark sweep GC freed 184(3KB) AllocSpace objects, 0(0B) LOS objects, 29% free, 38MB/54MB, paused 398us total 20.955ms
08-05 20:46:40.734 24743 24760 I art     : Starting a blocking GC Explicit
08-05 20:46:40.755 24743 24760 I art     : Explicit concurrent mark sweep GC freed 129(2208B) AllocSpace objects, 0(0B) LOS objects, 29% free, 38MB/54MB, paused 301us total 20.941ms
08-05 20:46:40.764 24743 24760 I art     : Starting a blocking GC Explicit
08-05 20:46:40.779 23554 23554 I ServiceManager: Waiting for service AtCmdFwd...
08-05 20:46:40.785 24743 24760 I art     : Explicit concurrent mark sweep GC freed 147(2496B) AllocSpace objects, 0(0B) LOS objects, 29% free, 38MB/54MB, paused 303us total 21.179ms
08-05 20:46:40.795 24743 24760 I art     : Starting a blocking GC Explicit
08-05 20:46:40.817 24743 24760 I art     : Explicit concurrent mark sweep GC freed 147(2496B) AllocSpace objects, 0(0B) LOS objects, 29% free, 38MB/54MB, paused 319us total 22.403ms
08-05 20:46:41.112 24743 24762 I art     : Starting a blocking GC Explicit
08-05 20:46:41.135 24743 24762 I art     : Explicit concurrent mark sweep GC freed 2794(105KB) AllocSpace objects, 2(40KB) LOS objects, 29% free, 38MB/54MB, paused 330us total 23.163ms
08-05 20:46:41.145 24743 24762 I art     : Starting a blocking GC Explicit
08-05 20:46:41.168 24743 24762 I art     : Explicit concurrent mark sweep GC freed 166(3KB) AllocSpace objects, 0(0B) LOS objects, 29% free, 38MB/54MB, paused 326us total 23.139ms
08-05 20:46:41.177 24743 24762 I art     : Starting a blocking GC Explicit
08-05 20:46:41.199 24743 24762 I art     : Explicit concurrent mark sweep GC freed 147(2496B) AllocSpace objects, 0(0B) LOS objects, 29% free, 38MB/54MB, paused 310us total 20.940ms
08-05 20:46:41.208 24743 24762 I art     : Starting a blocking GC Explicit
08-05 20:46:41.229 24743 24762 I art     : Explicit concurrent mark sweep GC freed 146(2464B) AllocSpace objects, 0(0B) LOS objects, 29% free, 38MB/54MB, paused 309us total 20.927ms
08-05 20:46:41.238 24743 24762 I art     : Starting a blocking GC Explicit
08-05 20:46:41.258 24743 24762 I art     : Explicit concurrent mark sweep GC freed 87(1504B) AllocSpace objects, 0(0B) LOS objects, 29% free, 38MB/54MB, paused 378us total 20.417ms
08-05 20:46:41.299 25233 25233 D AndroidRuntime: >>>>>> START com.android.internal.os.RuntimeInit uid 2000 <<<<<<
08-05 20:46:41.302 25233 25233 D AndroidRuntime: CheckJNI is OFF
08-05 20:46:41.329 25233 25233 D ICU     : No timezone override file found: /data/misc/zoneinfo/current/icu/icu_tzdata.dat
08-05 20:46:41.354 25233 25233 I Radio-JNI: register_android_hardware_Radio DONE
08-05 20:46:41.371 25233 25233 D AndroidRuntime: Calling main entry com.android.commands.input.Input
08-05 20:46:41.372 25233 25233 I Input   : injectKeyEvent: KeyEvent { action=ACTION_DOWN, keyCode=KEYCODE_BACK, scanCode=0, metaState=0, flags=0x0, repeatCount=0, eventTime=823617785, downTime=823617785, deviceId=-1, source=0x101 }
08-05 20:46:41.379 25233 25233 I Input   : injectKeyEvent: KeyEvent { action=ACTION_UP, keyCode=KEYCODE_BACK, scanCode=0, metaState=0, flags=0x0, repeatCount=0, eventTime=823617785, downTime=823617785, deviceId=-1, source=0x101 }
08-05 20:46:41.385 25233 25233 D AndroidRuntime: Shutting down VM
08-05 20:46:41.418 13866 13866 I GoogleInputMethodServic: GoogleInputMethodService.onFinishInput():3138 
08-05 20:46:41.419 13866 13866 I GoogleInputMethodServic: GoogleInputMethodService.onStartInput():1808 
08-05 20:46:41.518 24743 24762 I art     : Starting a blocking GC Explicit
08-05 20:46:41.543 24743 24762 I art     : Explicit concurrent mark sweep GC freed 2767(107KB) AllocSpace objects, 2(40KB) LOS objects, 29% free, 38MB/54MB, paused 378us total 24.155ms
08-05 20:46:41.556 24743 24762 I art     : Starting a blocking GC Explicit
08-05 20:46:41.584 24743 24762 I art     : Explicit concurrent mark sweep GC freed 219(4KB) AllocSpace objects, 0(0B) LOS objects, 29% free, 38MB/54MB, paused 387us total 28.266ms
08-05 20:46:41.596 24743 24762 I art     : Starting a blocking GC Explicit
08-05 20:46:41.626 24743 24762 I art     : Explicit concurrent mark sweep GC freed 159(2688B) AllocSpace objects, 0(0B) LOS objects, 29% free, 38MB/54MB, paused 388us total 28.927ms
08-05 20:46:41.640 24743 24762 I art     : Starting a blocking GC Explicit
08-05 20:46:41.670 24743 24762 I art     : Explicit concurrent mark sweep GC freed 207(3KB) AllocSpace objects, 0(0B) LOS objects, 29% free, 38MB/54MB, paused 338us total 30.048ms
08-05 20:46:41.681 24743 24762 I art     : Starting a blocking GC Explicit
08-05 20:46:41.706 24743 24762 I art     : Explicit concurrent mark sweep GC freed 147(2496B) AllocSpace objects, 0(0B) LOS objects, 29% free, 38MB/54MB, paused 334us total 23.886ms
08-05 20:46:41.710   380   380 W SurfaceFlinger: couldn't log to binary event log: overflow.
08-05 20:46:41.779 23554 23554 W Atfwd_Sendcmd: AtCmdFwd service not published, waiting... retryCnt : 3
08-05 20:46:41.856 13866 13882 I PeriodicStatsRunner: PeriodicStatsRunner.call():175 call()
08-05 20:46:41.856 13866 13882 I PeriodicStatsRunner: PeriodicStatsRunner.call():179 No submit PeriodicStats since input started.
08-05 20:46:42.027 24743 24760 I art     : Starting a blocking GC Explicit
08-05 20:46:42.051 24743 24760 I art     : Explicit concurrent mark sweep GC freed 2481(100KB) AllocSpace objects, 3(228KB) LOS objects, 29% free, 38MB/54MB, paused 331us total 23.305ms
08-05 20:46:42.060 24743 24760 I art     : Starting a blocking GC Explicit
08-05 20:46:42.081 24743 24760 I art     : Explicit concurrent mark sweep GC freed 4787(340KB) AllocSpace objects, 7(132KB) LOS objects, 29% free, 38MB/54MB, paused 304us total 20.756ms
08-05 20:46:42.090 24743 24760 I art     : Starting a blocking GC Explicit
08-05 20:46:42.110 24743 24760 I art     : Explicit concurrent mark sweep GC freed 99(1792B) AllocSpace objects, 0(0B) LOS objects, 29% free, 38MB/54MB, paused 369us total 19.727ms
08-05 20:46:42.119 24743 24760 I art     : Starting a blocking GC Explicit
08-05 20:46:42.139 24743 24760 I art     : Explicit concurrent mark sweep GC freed 55(992B) AllocSpace objects, 0(0B) LOS objects, 29% free, 38MB/54MB, paused 303us total 20.321ms
08-05 20:46:42.149 24743 24760 I art     : Starting a blocking GC Explicit
08-05 20:46:42.169 24743 24760 I art     : Explicit concurrent mark sweep GC freed 99(1696B) AllocSpace objects, 0(0B) LOS objects, 29% free, 38MB/54MB, paused 298us total 20.352ms
08-05 20:46:42.507 24743 24771 I art     : Starting a blocking GC Explicit
08-05 20:46:42.528 24743 24771 I art     : Explicit concurrent mark sweep GC freed 2506(101KB) AllocSpace objects, 2(40KB) LOS objects, 29% free, 38MB/54MB, paused 345us total 21.007ms
08-05 20:46:42.538 24743 24771 I art     : Starting a blocking GC Explicit
08-05 20:46:42.558 24743 24771 I art     : Explicit concurrent mark sweep GC freed 80(2128B) AllocSpace objects, 0(0B) LOS objects, 29% free, 38MB/54MB, paused 312us total 20.377ms
08-05 20:46:42.567 24743 24771 I art     : Starting a blocking GC Explicit
08-05 20:46:42.588 24743 24771 I art     : Explicit concurrent mark sweep GC freed 99(1696B) AllocSpace objects, 0(0B) LOS objects, 29% free, 38MB/54MB, paused 310us total 20.170ms
08-05 20:46:42.588 13866 13882 I PeriodicStatsRunner: PeriodicStatsRunner.call():175 call()
08-05 20:46:42.588 13866 13882 I PeriodicStatsRunner: PeriodicStatsRunner.call():179 No submit PeriodicStats since input started.
08-05 20:46:42.597 24743 24771 I art     : Starting a blocking GC Explicit
08-05 20:46:42.617 24743 24771 I art     : Explicit concurrent mark sweep GC freed 99(1696B) AllocSpace objects, 0(0B) LOS objects, 29% free, 38MB/54MB, paused 298us total 19.906ms
08-05 20:46:42.626 24743 24771 I art     : Starting a blocking GC Explicit
08-05 20:46:42.647 24743 24771 I art     : Explicit concurrent mark sweep GC freed 98(1664B) AllocSpace objects, 0(0B) LOS objects, 29% free, 38MB/54MB, paused 309us total 20.136ms
08-05 20:46:42.932 25288 25288 D AndroidRuntime: >>>>>> START com.android.internal.os.RuntimeInit uid 2000 <<<<<<
08-05 20:46:42.936 24743 24762 I art     : Starting a blocking GC Explicit
08-05 20:46:42.936 25288 25288 D AndroidRuntime: CheckJNI is OFF
08-05 20:46:42.957 24743 24762 I art     : Explicit concurrent mark sweep GC freed 2290(97KB) AllocSpace objects, 2(40KB) LOS objects, 29% free, 38MB/54MB, paused 396us total 20.798ms
08-05 20:46:42.966 25288 25288 D ICU     : No timezone override file found: /data/misc/zoneinfo/current/icu/icu_tzdata.dat
08-05 20:46:42.966 24743 24762 I art     : Starting a blocking GC Explicit
08-05 20:46:42.987 24743 24762 I art     : Explicit concurrent mark sweep GC freed 118(2384B) AllocSpace objects, 0(0B) LOS objects, 29% free, 38MB/54MB, paused 354us total 19.906ms
08-05 20:46:42.992 25288 25288 I Radio-JNI: register_android_hardware_Radio DONE
08-05 20:46:42.995 24743 24762 I art     : Starting a blocking GC Explicit
08-05 20:46:43.008 25288 25288 D AndroidRuntime: Calling main entry com.android.commands.input.Input
08-05 20:46:43.009 25288 25288 I Input   : injectMotionEvent: MotionEvent { action=ACTION_DOWN, actionButton=0, id[0]=0, x[0]=504.0, y[0]=1706.0, toolType[0]=TOOL_TYPE_UNKNOWN, buttonState=0, metaState=0, flags=0x0, edgeFlags=0x0, pointerCount=1, historySize=0, eventTime=823619422, downTime=823619422, deviceId=0, source=0x1002 }
08-05 20:46:43.014 24743 24762 I art     : Explicit concurrent mark sweep GC freed 99(1696B) AllocSpace objects, 0(0B) LOS objects, 29% free, 38MB/54MB, paused 326us total 18.834ms
08-05 20:46:43.015 25288 25288 I Input   : injectMotionEvent: MotionEvent { action=ACTION_UP, actionButton=0, id[0]=0, x[0]=504.0, y[0]=1706.0, toolType[0]=TOOL_TYPE_UNKNOWN, buttonState=0, metaState=0, flags=0x0, edgeFlags=0x0, pointerCount=1, historySize=0, eventTime=823619422, downTime=823619422, deviceId=0, source=0x1002 }
08-05 20:46:43.016 25288 25288 D AndroidRuntime: Shutting down VM
08-05 20:46:43.018   512  2967 D audio_hw_primary: out_set_parameters: enter: usecase(1: low-latency-playback) kvpairs: routing=2
08-05 20:46:43.020   918  3714 I ActivityManager: START u0 {cmp=baseline.io.github.project_travel_mate/.destinations.funfacts.FunFactsActivity (has extras)} from uid 10674 on display 0
08-05 20:46:43.024 24743 24762 I art     : Starting a blocking GC Explicit
08-05 20:46:43.031   512  2967 D audio_hw_primary: select_devices: out_snd_device(2: speaker) in_snd_device(0: none)
08-05 20:46:43.031   512  2967 D msm8974_platform: platform_send_audio_calibration: sending audio calibration for snd_device(2) acdb_id(15)
08-05 20:46:43.031   512  2967 I soundtrigger: audio_extn_sound_trigger_update_device_status: device 0x2 of type 0 for Event 1
08-05 20:46:43.040   512  2967 D audio_hw_primary: enable_snd_device: snd_device(2: speaker)
08-05 20:46:43.041 24743 24833 D Gabe    : call	returning from cache
08-05 20:46:43.042 24743 24743 V EXECUTING: https://project-travel-mate.herokuapp.com/api/get-city-facts/1
08-05 20:46:43.042   512  2967 D audio_hw_primary: enable_audio_route: apply and update mixer path: low-latency-playback speaker
08-05 20:46:43.045 24743 24762 I art     : Explicit concurrent mark sweep GC freed 1504(149KB) AllocSpace objects, 0(0B) LOS objects, 29% free, 38MB/54MB, paused 562us total 20.900ms
08-05 20:46:43.054 24743 24762 I art     : Starting a blocking GC Explicit
08-05 20:46:43.073 24743 24762 I art     : Explicit concurrent mark sweep GC freed 620(38KB) AllocSpace objects, 0(0B) LOS objects, 29% free, 38MB/54MB, paused 341us total 18.589ms
08-05 20:46:43.142   918   936 I ActivityManager: Displayed baseline.io.github.project_travel_mate/.destinations.funfacts.FunFactsActivity: +116ms
08-05 20:46:43.146 13866 13866 I GoogleInputMethodServic: GoogleInputMethodService.onFinishInput():3138 
08-05 20:46:43.147 13866 13866 I GoogleInputMethodServic: GoogleInputMethodService.onStartInput():1808 
08-05 20:46:43.328 24743 24762 I art     : Starting a blocking GC Explicit
08-05 20:46:43.363 24743 24762 I art     : Explicit concurrent mark sweep GC freed 2587(109KB) AllocSpace objects, 2(40KB) LOS objects, 27% free, 42MB/58MB, paused 747us total 34.762ms
08-05 20:46:43.375 24743 24762 I art     : Starting a blocking GC Explicit
08-05 20:46:43.378   380   380 W SurfaceFlinger: couldn't log to binary event log: overflow.
08-05 20:46:43.400 24743 24762 I art     : Explicit concurrent mark sweep GC freed 240(4KB) AllocSpace objects, 0(0B) LOS objects, 27% free, 42MB/58MB, paused 325us total 24.514ms
08-05 20:46:43.409 24743 24762 I art     : Starting a blocking GC Explicit
08-05 20:46:43.428 24743 24762 I art     : Explicit concurrent mark sweep GC freed 127(2144B) AllocSpace objects, 0(0B) LOS objects, 27% free, 42MB/58MB, paused 377us total 19.011ms
08-05 20:46:43.437 24743 24762 I art     : Starting a blocking GC Explicit
08-05 20:46:43.456 24743 24762 I art     : Explicit concurrent mark sweep GC freed 95(1648B) AllocSpace objects, 0(0B) LOS objects, 27% free, 42MB/58MB, paused 346us total 18.348ms
08-05 20:46:43.466 24743 24762 I art     : Starting a blocking GC Explicit
08-05 20:46:43.487 24743 24762 I art     : Explicit concurrent mark sweep GC freed 147(2496B) AllocSpace objects, 0(0B) LOS objects, 27% free, 42MB/58MB, paused 334us total 21.033ms
08-05 20:46:43.579   512  2967 D audio_hw_primary: disable_audio_route: reset and update mixer path: low-latency-playback speaker
08-05 20:46:43.580   512  2967 D audio_hw_primary: disable_snd_device: snd_device(2: speaker)
08-05 20:46:43.589   512  2967 I soundtrigger: audio_extn_sound_trigger_update_device_status: device 0x2 of type 0 for Event 0
08-05 20:46:43.784 24743 24760 I art     : Starting a blocking GC Explicit
08-05 20:46:43.806 24743 24760 I art     : Explicit concurrent mark sweep GC freed 4953(232KB) AllocSpace objects, 5(240KB) LOS objects, 27% free, 43MB/59MB, paused 597us total 21.902ms
08-05 20:46:43.815 24743 24760 I art     : Starting a blocking GC Explicit
08-05 20:46:43.816 24743 25312 I NAPPA_EXPERIMENTATION: MetricNetworkRequestExecutionTime: REQUEST_DURATION_SYSTEM='773',REQUEST_DURATION_OKHTTP='41',REQUEST_SYNCHRONOUS='FALSE',RESPONSE_CODE='200',RESPONSE_METHOD='GET',RESPONSE_LENGTH_OKHTTP='1793',RESPONSE_LENGTH_HEADER='1793',REQUEST_PROTOCOL='http/1.1',REQUEST_URL='https://project-travel-mate.herokuapp.com/api/get-city-facts/1',
08-05 20:46:43.818 24743 25312 V EXECUTING: https://project-travel-mate.herokuapp.com/api/get-city-images/1
08-05 20:46:43.836 24743 24760 I art     : Explicit concurrent mark sweep GC freed 1566(161KB) AllocSpace objects, 0(0B) LOS objects, 27% free, 43MB/59MB, paused 504us total 21.220ms
08-05 20:46:43.846 24743 24760 I art     : Starting a blocking GC Explicit
08-05 20:46:43.866 24743 24760 I art     : Explicit concurrent mark sweep GC freed 213(7KB) AllocSpace objects, 0(0B) LOS objects, 27% free, 43MB/59MB, paused 530us total 19.884ms
08-05 20:46:43.875 24743 24760 I art     : Starting a blocking GC Explicit
08-05 20:46:43.896 24743 24760 I art     : Explicit concurrent mark sweep GC freed 31(704B) AllocSpace objects, 0(0B) LOS objects, 27% free, 43MB/59MB, paused 440us total 20.890ms
08-05 20:46:43.906 24743 24760 I art     : Starting a blocking GC Explicit
08-05 20:46:43.927 24743 24760 I art     : Explicit concurrent mark sweep GC freed 125(2160B) AllocSpace objects, 0(0B) LOS objects, 27% free, 43MB/59MB, paused 714us total 21.051ms
08-05 20:46:44.220 24743 25266 I art     : Starting a blocking GC Explicit
08-05 20:46:44.241 24743 25266 I art     : Explicit concurrent mark sweep GC freed 2364(98KB) AllocSpace objects, 2(40KB) LOS objects, 27% free, 43MB/59MB, paused 502us total 20.989ms
08-05 20:46:44.251 24743 25266 I art     : Starting a blocking GC Explicit
08-05 20:46:44.272 24743 25266 I art     : Explicit concurrent mark sweep GC freed 143(2816B) AllocSpace objects, 0(0B) LOS objects, 27% free, 43MB/59MB, paused 538us total 20.770ms
08-05 20:46:44.282 24743 25266 I art     : Starting a blocking GC Explicit
08-05 20:46:44.303 24743 25266 I art     : Explicit concurrent mark sweep GC freed 41(720B) AllocSpace objects, 0(0B) LOS objects, 27% free, 43MB/59MB, paused 391us total 20.243ms
08-05 20:46:44.312 24743 25266 I art     : Starting a blocking GC Explicit
08-05 20:46:44.334 24743 25266 I art     : Explicit concurrent mark sweep GC freed 108(1808B) AllocSpace objects, 0(0B) LOS objects, 27% free, 43MB/59MB, paused 526us total 21.631ms
08-05 20:46:44.344 24743 25266 I art     : Starting a blocking GC Explicit
08-05 20:46:44.365 24743 25266 I art     : Explicit concurrent mark sweep GC freed 131(2352B) AllocSpace objects, 0(0B) LOS objects, 26% free, 43MB/59MB, paused 528us total 20.575ms
08-05 20:46:44.535 24743 25334 I NAPPA_EXPERIMENTATION: MetricNetworkRequestExecutionTime: REQUEST_DURATION_SYSTEM='715',REQUEST_DURATION_OKHTTP='41',REQUEST_SYNCHRONOUS='FALSE',RESPONSE_CODE='200',RESPONSE_METHOD='GET',RESPONSE_LENGTH_OKHTTP='183',RESPONSE_LENGTH_HEADER='183',REQUEST_PROTOCOL='http/1.1',REQUEST_URL='https://project-travel-mate.herokuapp.com/api/get-city-images/1',
08-05 20:46:44.579 24743 25334 V RESPONSE: [{"id":17,"image_url":"https://upload.wikimedia.org/wikipedia/commons/9/94/%E0%B4%96%E0%B5%81%E0%B4%A4%E0%B5%8D%E0%B4%AC%E0%B5%8D_%E0%B4%AE%E0%B4%BF%E0%B4%A8%E0%B4%BE%E0%B5%BC1.jpg"}]
08-05 20:46:44.639 24743 24760 I art     : Starting a blocking GC Explicit
08-05 20:46:44.663 24743 24760 I art     : Explicit concurrent mark sweep GC freed 8255(435KB) AllocSpace objects, 5(240KB) LOS objects, 26% free, 43MB/59MB, paused 548us total 23.940ms
08-05 20:46:44.673 24743 24760 I art     : Starting a blocking GC Explicit
08-05 20:46:44.697 24743 24760 I art     : Explicit concurrent mark sweep GC freed 1197(127KB) AllocSpace objects, 1(4MB) LOS objects, 28% free, 39MB/55MB, paused 451us total 23.314ms
08-05 20:46:44.707 24743 24760 I art     : Starting a blocking GC Explicit
08-05 20:46:44.729 24743 24760 I art     : Explicit concurrent mark sweep GC freed 96(2128B) AllocSpace objects, 0(0B) LOS objects, 28% free, 39MB/55MB, paused 391us total 21.660ms
08-05 20:46:44.737 24743 24760 I art     : Starting a blocking GC Explicit
08-05 20:46:44.757 24743 24760 I art     : Explicit concurrent mark sweep GC freed 141(2400B) AllocSpace objects, 0(0B) LOS objects, 28% free, 39MB/55MB, paused 371us total 19.043ms
08-05 20:46:44.765 24743 24760 I art     : Starting a blocking GC Explicit
08-05 20:46:44.787 24743 24760 I art     : Explicit concurrent mark sweep GC freed 147(2496B) AllocSpace objects, 0(0B) LOS objects, 28% free, 39MB/55MB, paused 386us total 21.640ms
08-05 20:46:44.947   918  1210 D NetlinkSocketObserver: NeighborEvent{elapsedMs=1807008822, 192.168.2.254, [7C3953A63323], RTM_NEWNEIGH, NUD_STALE}
08-05 20:46:45.148 24743 25266 I art     : Starting a blocking GC Explicit
08-05 20:46:45.174 24743 25266 I art     : Explicit concurrent mark sweep GC freed 3119(111KB) AllocSpace objects, 2(40KB) LOS objects, 28% free, 39MB/55MB, paused 364us total 25.115ms
08-05 20:46:45.186 24743 25266 I art     : Starting a blocking GC Explicit
08-05 20:46:45.209 24743 25266 I art     : Explicit concurrent mark sweep GC freed 166(3KB) AllocSpace objects, 0(0B) LOS objects, 28% free, 39MB/55MB, paused 343us total 22.508ms
08-05 20:46:45.218 24743 25266 I art     : Starting a blocking GC Explicit
08-05 20:46:45.234   518   646 I ThermalEngine: ACTION: GPU - Setting GPU[0] to 510000000
08-05 20:46:45.242 24743 25266 I art     : Explicit concurrent mark sweep GC freed 147(2496B) AllocSpace objects, 0(0B) LOS objects, 28% free, 39MB/55MB, paused 420us total 23.297ms
08-05 20:46:45.254 24743 25266 I art     : Starting a blocking GC Explicit
08-05 20:46:45.281 24743 25266 I art     : Explicit concurrent mark sweep GC freed 180(3024B) AllocSpace objects, 0(0B) LOS objects, 28% free, 39MB/55MB, paused 552us total 26.693ms
08-05 20:46:45.293 24743 25266 I art     : Starting a blocking GC Explicit
08-05 20:46:45.321 24743 25266 I art     : Explicit concurrent mark sweep GC freed 186(3KB) AllocSpace objects, 0(0B) LOS objects, 28% free, 39MB/55MB, paused 435us total 27.158ms
08-05 20:46:45.663 24743 24771 I art     : Starting a blocking GC Explicit
08-05 20:46:45.685 25368 25368 D AndroidRuntime: >>>>>> START com.android.internal.os.RuntimeInit uid 2000 <<<<<<
08-05 20:46:45.690 25368 25368 D AndroidRuntime: CheckJNI is OFF
08-05 20:46:45.693 24743 24771 I art     : Explicit concurrent mark sweep GC freed 3022(109KB) AllocSpace objects, 2(40KB) LOS objects, 28% free, 39MB/55MB, paused 541us total 29.674ms
08-05 20:46:45.705 24743 24771 I art     : Starting a blocking GC Explicit
08-05 20:46:45.723 25368 25368 D ICU     : No timezone override file found: /data/misc/zoneinfo/current/icu/icu_tzdata.dat
08-05 20:46:45.730 24743 24771 I art     : Explicit concurrent mark sweep GC freed 183(3KB) AllocSpace objects, 0(0B) LOS objects, 28% free, 39MB/55MB, paused 465us total 25.045ms
08-05 20:46:45.742 24743 24771 I art     : Starting a blocking GC Explicit
08-05 20:46:45.756 25368 25368 I Radio-JNI: register_android_hardware_Radio DONE
08-05 20:46:45.769 24743 24771 I art     : Explicit concurrent mark sweep GC freed 197(3KB) AllocSpace objects, 0(0B) LOS objects, 28% free, 39MB/55MB, paused 485us total 27.078ms
08-05 20:46:45.779 25368 25368 D AndroidRuntime: Calling main entry com.android.commands.input.Input
08-05 20:46:45.780 25368 25368 I Input   : injectKeyEvent: KeyEvent { action=ACTION_DOWN, keyCode=KEYCODE_BACK, scanCode=0, metaState=0, flags=0x0, repeatCount=0, eventTime=823622193, downTime=823622193, deviceId=-1, source=0x101 }
08-05 20:46:45.781 24743 24771 I art     : Starting a blocking GC Explicit
08-05 20:46:45.787 25368 25368 I Input   : injectKeyEvent: KeyEvent { action=ACTION_UP, keyCode=KEYCODE_BACK, scanCode=0, metaState=0, flags=0x0, repeatCount=0, eventTime=823622193, downTime=823622193, deviceId=-1, source=0x101 }
08-05 20:46:45.794 25368 25368 D AndroidRuntime: Shutting down VM
08-05 20:46:45.808 24743 24771 I art     : Explicit concurrent mark sweep GC freed 219(4KB) AllocSpace objects, 0(0B) LOS objects, 28% free, 39MB/55MB, paused 498us total 26.604ms
08-05 20:46:45.820 24743 24771 I art     : Starting a blocking GC Explicit
08-05 20:46:45.825 13866 13866 I GoogleInputMethodServic: GoogleInputMethodService.onFinishInput():3138 
08-05 20:46:45.825 13866 13866 I GoogleInputMethodServic: GoogleInputMethodService.onStartInput():1808 
08-05 20:46:45.845 24743 24771 I art     : Explicit concurrent mark sweep GC freed 197(4KB) AllocSpace objects, 0(0B) LOS objects, 28% free, 39MB/55MB, paused 460us total 25.320ms
08-05 20:46:46.113   380   380 W SurfaceFlinger: couldn't log to binary event log: overflow.
08-05 20:46:46.150 24743 25266 I art     : Starting a blocking GC Explicit
08-05 20:46:46.179 24743 25266 I art     : Explicit concurrent mark sweep GC freed 3613(143KB) AllocSpace objects, 5(684KB) LOS objects, 29% free, 38MB/54MB, paused 477us total 27.889ms
08-05 20:46:46.191 24743 25266 I art     : Starting a blocking GC Explicit
08-05 20:46:46.218 24743 25266 I art     : Explicit concurrent mark sweep GC freed 5586(268KB) AllocSpace objects, 1(28KB) LOS objects, 29% free, 38MB/54MB, paused 520us total 26.831ms
08-05 20:46:46.230 24743 25266 I art     : Starting a blocking GC Explicit
08-05 20:46:46.257 24743 25266 I art     : Explicit concurrent mark sweep GC freed 98(1664B) AllocSpace objects, 0(0B) LOS objects, 29% free, 38MB/54MB, paused 474us total 26.441ms
08-05 20:46:46.269 24743 25266 I art     : Starting a blocking GC Explicit
08-05 20:46:46.295 24743 25266 I art     : Explicit concurrent mark sweep GC freed 100(1728B) AllocSpace objects, 0(0B) LOS objects, 29% free, 38MB/54MB, paused 495us total 26.333ms
08-05 20:46:46.308 24743 25266 I art     : Starting a blocking GC Explicit
08-05 20:46:46.335 24743 25266 I art     : Explicit concurrent mark sweep GC freed 147(2496B) AllocSpace objects, 0(0B) LOS objects, 29% free, 38MB/54MB, paused 464us total 26.559ms
08-05 20:46:46.418 13866 13882 I PeriodicStatsRunner: PeriodicStatsRunner.call():175 call()
08-05 20:46:46.419 13866 13882 I PeriodicStatsRunner: PeriodicStatsRunner.call():179 No submit PeriodicStats since input started.
08-05 20:46:46.662 24743 24760 I art     : Starting a blocking GC Explicit
08-05 20:46:46.694 24743 24760 I art     : Explicit concurrent mark sweep GC freed 2435(99KB) AllocSpace objects, 2(40KB) LOS objects, 29% free, 38MB/54MB, paused 626us total 30.785ms
08-05 20:46:46.705 24743 24760 I art     : Starting a blocking GC Explicit
08-05 20:46:46.731 24743 24760 I art     : Explicit concurrent mark sweep GC freed 123(2464B) AllocSpace objects, 0(0B) LOS objects, 29% free, 38MB/54MB, paused 607us total 25.759ms
08-05 20:46:46.743 24743 24760 I art     : Starting a blocking GC Explicit
08-05 20:46:46.769 24743 24760 I art     : Explicit concurrent mark sweep GC freed 142(2416B) AllocSpace objects, 0(0B) LOS objects, 29% free, 38MB/54MB, paused 447us total 25.626ms
08-05 20:46:46.781 24743 24760 I art     : Starting a blocking GC Explicit
08-05 20:46:46.808 24743 24760 I art     : Explicit concurrent mark sweep GC freed 98(1664B) AllocSpace objects, 0(0B) LOS objects, 29% free, 38MB/54MB, paused 454us total 26.723ms
08-05 20:46:46.820 24743 24760 I art     : Starting a blocking GC Explicit
08-05 20:46:46.847 24743 24760 I art     : Explicit concurrent mark sweep GC freed 100(1728B) AllocSpace objects, 0(0B) LOS objects, 29% free, 38MB/54MB, paused 559us total 26.483ms
08-05 20:46:47.172 24743 24762 I art     : Starting a blocking GC Explicit
08-05 20:46:47.199 24743 24762 I art     : Explicit concurrent mark sweep GC freed 2436(99KB) AllocSpace objects, 2(40KB) LOS objects, 29% free, 38MB/54MB, paused 620us total 25.941ms
08-05 20:46:47.211 24743 24762 I art     : Starting a blocking GC Explicit
08-05 20:46:47.236 24743 24762 I art     : Explicit concurrent mark sweep GC freed 166(3KB) AllocSpace objects, 0(0B) LOS objects, 29% free, 38MB/54MB, paused 509us total 25.128ms
08-05 20:46:47.248 24743 24762 I art     : Starting a blocking GC Explicit
08-05 20:46:47.274 24743 24762 I art     : Explicit concurrent mark sweep GC freed 98(1664B) AllocSpace objects, 0(0B) LOS objects, 29% free, 38MB/54MB, paused 471us total 25.679ms
08-05 20:46:47.286 24743 24762 I art     : Starting a blocking GC Explicit
08-05 20:46:47.312 24743 24762 I art     : Explicit concurrent mark sweep GC freed 100(1728B) AllocSpace objects, 0(0B) LOS objects, 29% free, 38MB/54MB, paused 501us total 25.641ms
08-05 20:46:47.324 24743 24762 I art     : Starting a blocking GC Explicit
08-05 20:46:47.349 24743 24762 I art     : Explicit concurrent mark sweep GC freed 110(1872B) AllocSpace objects, 0(0B) LOS objects, 29% free, 38MB/54MB, paused 541us total 25.353ms
08-05 20:46:47.449 25415 25415 D AndroidRuntime: >>>>>> START com.android.internal.os.RuntimeInit uid 2000 <<<<<<
08-05 20:46:47.454 25415 25415 D AndroidRuntime: CheckJNI is OFF
08-05 20:46:47.488 25415 25415 D ICU     : No timezone override file found: /data/misc/zoneinfo/current/icu/icu_tzdata.dat
08-05 20:46:47.521 25415 25415 I Radio-JNI: register_android_hardware_Radio DONE
08-05 20:46:47.542 25415 25415 D AndroidRuntime: Calling main entry com.android.commands.input.Input
08-05 20:46:47.544 25415 25415 I Input   : injectMotionEvent: MotionEvent { action=ACTION_DOWN, actionButton=0, id[0]=0, x[0]=504.0, y[0]=1706.0, toolType[0]=TOOL_TYPE_UNKNOWN, buttonState=0, metaState=0, flags=0x0, edgeFlags=0x0, pointerCount=1, historySize=0, eventTime=823623957, downTime=823623957, deviceId=0, source=0x1002 }
08-05 20:46:47.555 25415 25415 I Input   : injectMotionEvent: MotionEvent { action=ACTION_UP, actionButton=0, id[0]=0, x[0]=504.0, y[0]=1706.0, toolType[0]=TOOL_TYPE_UNKNOWN, buttonState=0, metaState=0, flags=0x0, edgeFlags=0x0, pointerCount=1, historySize=0, eventTime=823623957, downTime=823623957, deviceId=0, source=0x1002 }
08-05 20:46:47.556 25415 25415 D AndroidRuntime: Shutting down VM
08-05 20:46:47.560   512  2967 D audio_hw_primary: out_set_parameters: enter: usecase(1: low-latency-playback) kvpairs: routing=2
08-05 20:46:47.563   918   929 I ActivityManager: START u0 {cmp=baseline.io.github.project_travel_mate/.destinations.funfacts.FunFactsActivity (has extras)} from uid 10674 on display 0
08-05 20:46:47.573   512  2967 D audio_hw_primary: select_devices: out_snd_device(2: speaker) in_snd_device(0: none)
08-05 20:46:47.573   512  2967 D msm8974_platform: platform_send_audio_calibration: sending audio calibration for snd_device(2) acdb_id(15)
08-05 20:46:47.573   512  2967 I soundtrigger: audio_extn_sound_trigger_update_device_status: device 0x2 of type 0 for Event 1
08-05 20:46:47.585 24743 24833 D Gabe    : call	returning from cache
08-05 20:46:47.587 24743 24743 V EXECUTING: https://project-travel-mate.herokuapp.com/api/get-city-facts/1
08-05 20:46:47.587   512  2967 D audio_hw_primary: enable_snd_device: snd_device(2: speaker)
08-05 20:46:47.589   512  2967 D audio_hw_primary: enable_audio_route: apply and update mixer path: low-latency-playback speaker
08-05 20:46:47.692 24743 24760 I art     : Starting a blocking GC Explicit
08-05 20:46:47.717   918   936 I ActivityManager: Displayed baseline.io.github.project_travel_mate/.destinations.funfacts.FunFactsActivity: +146ms
08-05 20:46:47.717 13866 13866 I GoogleInputMethodServic: GoogleInputMethodService.onFinishInput():3138 
08-05 20:46:47.718 24743 24760 I art     : Explicit concurrent mark sweep GC freed 4291(273KB) AllocSpace objects, 2(40KB) LOS objects, 27% free, 43MB/59MB, paused 531us total 25.079ms
08-05 20:46:47.719 13866 13866 I GoogleInputMethodServic: GoogleInputMethodService.onStartInput():1808 
08-05 20:46:47.730 24743 24760 I art     : Starting a blocking GC Explicit
08-05 20:46:47.760 24743 24760 I art     : Explicit concurrent mark sweep GC freed 260(8KB) AllocSpace objects, 0(0B) LOS objects, 27% free, 43MB/59MB, paused 964us total 29.354ms
08-05 20:46:47.773 24743 24760 I art     : Starting a blocking GC Explicit
08-05 20:46:47.798 24743 24760 I art     : Explicit concurrent mark sweep GC freed 81(1424B) AllocSpace objects, 0(0B) LOS objects, 27% free, 43MB/59MB, paused 493us total 25.258ms
08-05 20:46:47.811 24743 24760 I art     : Starting a blocking GC Explicit
08-05 20:46:47.835 24743 24760 I art     : Explicit concurrent mark sweep GC freed 222(3KB) AllocSpace objects, 0(0B) LOS objects, 27% free, 43MB/59MB, paused 457us total 24.243ms
08-05 20:46:47.847 24743 24760 I art     : Starting a blocking GC Explicit
08-05 20:46:47.872 24743 24760 I art     : Explicit concurrent mark sweep GC freed 147(2496B) AllocSpace objects, 0(0B) LOS objects, 27% free, 43MB/59MB, paused 461us total 24.001ms
08-05 20:46:47.966   380   380 W SurfaceFlinger: couldn't log to binary event log: overflow.
08-05 20:46:48.115 24743 25445 I NAPPA_EXPERIMENTATION: MetricNetworkRequestExecutionTime: REQUEST_DURATION_SYSTEM='528',REQUEST_DURATION_OKHTTP='40',REQUEST_SYNCHRONOUS='FALSE',RESPONSE_CODE='200',RESPONSE_METHOD='GET',RESPONSE_LENGTH_OKHTTP='1793',RESPONSE_LENGTH_HEADER='1793',REQUEST_PROTOCOL='http/1.1',REQUEST_URL='https://project-travel-mate.herokuapp.com/api/get-city-facts/1',
08-05 20:46:48.117 24743 25445 V EXECUTING: https://project-travel-mate.herokuapp.com/api/get-city-images/1
08-05 20:46:48.128   512  2967 D audio_hw_primary: disable_audio_route: reset and update mixer path: low-latency-playback speaker
08-05 20:46:48.129   512  2967 D audio_hw_primary: disable_snd_device: snd_device(2: speaker)
08-05 20:46:48.136   512  2967 I soundtrigger: audio_extn_sound_trigger_update_device_status: device 0x2 of type 0 for Event 0
08-05 20:46:48.146 13866 13882 I PeriodicStatsRunner: PeriodicStatsRunner.call():175 call()
08-05 20:46:48.146 13866 13882 I PeriodicStatsRunner: PeriodicStatsRunner.call():179 No submit PeriodicStats since input started.
08-05 20:46:48.195 24743 24762 I art     : Starting a blocking GC Explicit
08-05 20:46:48.223 24743 24762 I art     : Explicit concurrent mark sweep GC freed 5772(283KB) AllocSpace objects, 5(240KB) LOS objects, 26% free, 43MB/59MB, paused 700us total 28.020ms
08-05 20:46:48.235 24743 24762 I art     : Starting a blocking GC Explicit
08-05 20:46:48.262 24743 24762 I art     : Explicit concurrent mark sweep GC freed 1091(119KB) AllocSpace objects, 0(0B) LOS objects, 26% free, 43MB/59MB, paused 718us total 26.340ms
08-05 20:46:48.274 24743 24762 I art     : Starting a blocking GC Explicit
08-05 20:46:48.300 24743 24762 I art     : Explicit concurrent mark sweep GC freed 131(2192B) AllocSpace objects, 0(0B) LOS objects, 26% free, 43MB/59MB, paused 681us total 25.756ms
08-05 20:46:48.312 24743 24762 I art     : Starting a blocking GC Explicit
08-05 20:46:48.337 24743 24762 I art     : Explicit concurrent mark sweep GC freed 17(320B) AllocSpace objects, 0(0B) LOS objects, 26% free, 43MB/59MB, paused 512us total 25.383ms
08-05 20:46:48.350 24743 24762 I art     : Starting a blocking GC Explicit
08-05 20:46:48.376 24743 24762 I art     : Explicit concurrent mark sweep GC freed 134(2288B) AllocSpace objects, 0(0B) LOS objects, 26% free, 43MB/59MB, paused 822us total 26.168ms
08-05 20:46:48.695 24743 24760 I art     : Starting a blocking GC Explicit
08-05 20:46:48.722 24743 24760 I art     : Explicit concurrent mark sweep GC freed 2360(98KB) AllocSpace objects, 2(40KB) LOS objects, 26% free, 43MB/59MB, paused 684us total 26.140ms
08-05 20:46:48.734 24743 24760 I art     : Starting a blocking GC Explicit
08-05 20:46:48.760 24743 24760 I art     : Explicit concurrent mark sweep GC freed 58(2112B) AllocSpace objects, 0(0B) LOS objects, 26% free, 43MB/59MB, paused 496us total 25.873ms
08-05 20:46:48.772 24743 24760 I art     : Starting a blocking GC Explicit
08-05 20:46:48.798 24743 24760 I art     : Explicit concurrent mark sweep GC freed 130(2224B) AllocSpace objects, 0(0B) LOS objects, 26% free, 43MB/59MB, paused 628us total 26.077ms
08-05 20:46:48.811 24743 24760 I art     : Starting a blocking GC Explicit
08-05 20:46:48.837 24743 24760 I art     : Explicit concurrent mark sweep GC freed 132(2208B) AllocSpace objects, 0(0B) LOS objects, 26% free, 43MB/59MB, paused 700us total 26.164ms
08-05 20:46:48.837 24743 24759 I art     : WaitForGcToComplete blocked for 26.406ms for cause HeapTrim
08-05 20:46:48.850 24743 24760 I art     : Starting a blocking GC Explicit
08-05 20:46:48.875 24743 24760 I art     : Explicit concurrent mark sweep GC freed 702(53KB) AllocSpace objects, 0(0B) LOS objects, 26% free, 43MB/59MB, paused 808us total 25.509ms
08-05 20:46:48.937 24743 25457 I NAPPA_EXPERIMENTATION: MetricNetworkRequestExecutionTime: REQUEST_DURATION_SYSTEM='819',REQUEST_DURATION_OKHTTP='35',REQUEST_SYNCHRONOUS='FALSE',RESPONSE_CODE='200',RESPONSE_METHOD='GET',RESPONSE_LENGTH_OKHTTP='183',RESPONSE_LENGTH_HEADER='183',REQUEST_PROTOCOL='http/1.1',REQUEST_URL='https://project-travel-mate.herokuapp.com/api/get-city-images/1',
08-05 20:46:48.989 24743 25457 V RESPONSE: [{"id":17,"image_url":"https://upload.wikimedia.org/wikipedia/commons/9/94/%E0%B4%96%E0%B5%81%E0%B4%A4%E0%B5%8D%E0%B4%AC%E0%B5%8D_%E0%B4%AE%E0%B4%BF%E0%B4%A8%E0%B4%BE%E0%B5%BC1.jpg"}]
08-05 20:46:49.181 24743 24762 I art     : Starting a blocking GC Explicit
08-05 20:46:49.215 24743 24762 I art     : Explicit concurrent mark sweep GC freed 7796(326KB) AllocSpace objects, 6(4MB) LOS objects, 28% free, 39MB/55MB, paused 549us total 33.832ms
08-05 20:46:49.228 24743 24762 I art     : Starting a blocking GC Explicit
08-05 20:46:49.258 24743 24762 I art     : Explicit concurrent mark sweep GC freed 1265(124KB) AllocSpace objects, 0(0B) LOS objects, 28% free, 39MB/55MB, paused 534us total 30.122ms
08-05 20:46:49.271 24743 24762 I art     : Starting a blocking GC Explicit
08-05 20:46:49.301 24743 24762 I art     : Explicit concurrent mark sweep GC freed 166(2848B) AllocSpace objects, 0(0B) LOS objects, 28% free, 39MB/55MB, paused 661us total 30.191ms
08-05 20:46:49.314 24743 24762 I art     : Starting a blocking GC Explicit
08-05 20:46:49.344 24743 24762 I art     : Explicit concurrent mark sweep GC freed 212(3KB) AllocSpace objects, 0(0B) LOS objects, 28% free, 39MB/55MB, paused 527us total 29.775ms
08-05 20:46:49.357 24743 24762 I art     : Starting a blocking GC Explicit
08-05 20:46:49.388 24743 24762 I art     : Explicit concurrent mark sweep GC freed 229(3KB) AllocSpace objects, 0(0B) LOS objects, 28% free, 39MB/55MB, paused 549us total 30.418ms
08-05 20:46:49.745 24743 24760 I art     : Starting a blocking GC Explicit
08-05 20:46:49.774 24743 24760 I art     : Explicit concurrent mark sweep GC freed 3083(110KB) AllocSpace objects, 2(40KB) LOS objects, 28% free, 39MB/55MB, paused 505us total 29.615ms
08-05 20:46:49.787 24743 24760 I art     : Starting a blocking GC Explicit
08-05 20:46:49.816 24743 24760 I art     : Explicit concurrent mark sweep GC freed 166(3KB) AllocSpace objects, 0(0B) LOS objects, 28% free, 39MB/55MB, paused 471us total 29.199ms
08-05 20:46:49.829 24743 24760 I art     : Starting a blocking GC Explicit
08-05 20:46:49.857 24743 24760 I art     : Explicit concurrent mark sweep GC freed 219(3KB) AllocSpace objects, 0(0B) LOS objects, 28% free, 39MB/55MB, paused 510us total 28.037ms
08-05 20:46:49.870 24743 24760 I art     : Starting a blocking GC Explicit
08-05 20:46:49.898 24743 24760 I art     : Explicit concurrent mark sweep GC freed 147(2496B) AllocSpace objects, 0(0B) LOS objects, 28% free, 39MB/55MB, paused 497us total 28.224ms
08-05 20:46:49.910 24743 24760 I art     : Starting a blocking GC Explicit
08-05 20:46:49.938 24743 24760 I art     : Explicit concurrent mark sweep GC freed 219(3KB) AllocSpace objects, 0(0B) LOS objects, 28% free, 39MB/55MB, paused 540us total 28.012ms
08-05 20:46:50.211 25489 25489 D AndroidRuntime: >>>>>> START com.android.internal.os.RuntimeInit uid 2000 <<<<<<
08-05 20:46:50.217 25489 25489 D AndroidRuntime: CheckJNI is OFF
08-05 20:46:50.252 25489 25489 D ICU     : No timezone override file found: /data/misc/zoneinfo/current/icu/icu_tzdata.dat
08-05 20:46:50.286 25489 25489 I Radio-JNI: register_android_hardware_Radio DONE
08-05 20:46:50.291 24743 25266 I art     : Starting a blocking GC Explicit
08-05 20:46:50.309 25489 25489 D AndroidRuntime: Calling main entry com.android.commands.input.Input
08-05 20:46:50.310 25489 25489 I Input   : injectKeyEvent: KeyEvent { action=ACTION_DOWN, keyCode=KEYCODE_BACK, scanCode=0, metaState=0, flags=0x0, repeatCount=0, eventTime=823626723, downTime=823626723, deviceId=-1, source=0x101 }
08-05 20:46:50.317 25489 25489 I Input   : injectKeyEvent: KeyEvent { action=ACTION_UP, keyCode=KEYCODE_BACK, scanCode=0, metaState=0, flags=0x0, repeatCount=0, eventTime=823626723, downTime=823626723, deviceId=-1, source=0x101 }
08-05 20:46:50.322 24743 25266 I art     : Explicit concurrent mark sweep GC freed 3084(110KB) AllocSpace objects, 2(40KB) LOS objects, 28% free, 39MB/55MB, paused 593us total 30.295ms
08-05 20:46:50.325 25489 25489 D AndroidRuntime: Shutting down VM
08-05 20:46:50.335 24743 25266 I art     : Starting a blocking GC Explicit
08-05 20:46:50.360 24743 25266 I art     : Explicit concurrent mark sweep GC freed 146(4KB) AllocSpace objects, 0(0B) LOS objects, 28% free, 39MB/55MB, paused 650us total 24.903ms
08-05 20:46:50.361 13866 13866 I GoogleInputMethodServic: GoogleInputMethodService.onFinishInput():3138 
08-05 20:46:50.362 13866 13866 I GoogleInputMethodServic: GoogleInputMethodService.onStartInput():1808 
08-05 20:46:50.374 24743 25266 I art     : Starting a blocking GC Explicit
08-05 20:46:50.400 24743 25266 I art     : Explicit concurrent mark sweep GC freed 269(5KB) AllocSpace objects, 0(0B) LOS objects, 28% free, 39MB/55MB, paused 516us total 26.165ms
08-05 20:46:50.412 24743 25266 I art     : Starting a blocking GC Explicit
08-05 20:46:50.437 24743 25266 I art     : Explicit concurrent mark sweep GC freed 224(3KB) AllocSpace objects, 0(0B) LOS objects, 28% free, 39MB/55MB, paused 536us total 25.430ms
08-05 20:46:50.449 24743 25266 I art     : Starting a blocking GC Explicit
08-05 20:46:50.477 24743 25266 I art     : Explicit concurrent mark sweep GC freed 148(2528B) AllocSpace objects, 0(0B) LOS objects, 28% free, 39MB/55MB, paused 524us total 27.675ms
08-05 20:46:50.668   380   380 W SurfaceFlinger: couldn't log to binary event log: overflow.
08-05 20:46:50.791 24743 24771 I art     : Starting a blocking GC Explicit
08-05 20:46:50.822 24743 24771 I art     : Explicit concurrent mark sweep GC freed 3481(139KB) AllocSpace objects, 5(684KB) LOS objects, 29% free, 39MB/55MB, paused 715us total 30.818ms
08-05 20:46:50.827 13866 13882 I PeriodicStatsRunner: PeriodicStatsRunner.call():175 call()
08-05 20:46:50.827 13866 13882 I PeriodicStatsRunner: PeriodicStatsRunner.call():179 No submit PeriodicStats since input started.
08-05 20:46:50.835 24743 24771 I art     : Starting a blocking GC Explicit
08-05 20:46:50.862 24743 24771 I art     : Explicit concurrent mark sweep GC freed 5577(268KB) AllocSpace objects, 1(28KB) LOS objects, 29% free, 38MB/54MB, paused 520us total 27.388ms
08-05 20:46:50.875 24743 24771 I art     : Starting a blocking GC Explicit
08-05 20:46:50.903 24743 24771 I art     : Explicit concurrent mark sweep GC freed 109(1872B) AllocSpace objects, 0(0B) LOS objects, 29% free, 38MB/54MB, paused 665us total 27.842ms
08-05 20:46:50.915 24743 24771 I art     : Starting a blocking GC Explicit
08-05 20:46:50.943 24743 24771 I art     : Explicit concurrent mark sweep GC freed 138(2352B) AllocSpace objects, 0(0B) LOS objects, 29% free, 38MB/54MB, paused 504us total 27.965ms
08-05 20:46:50.956 24743 24771 I art     : Starting a blocking GC Explicit
08-05 20:46:50.984 24743 24771 I art     : Explicit concurrent mark sweep GC freed 99(1696B) AllocSpace objects, 0(0B) LOS objects, 29% free, 38MB/54MB, paused 521us total 28.152ms
08-05 20:46:51.085   918  3261 D WifiStateMachine: starting scan for "H369AA63323"WPA_PSK with 2412,5180
08-05 20:46:51.320 24743 25266 I art     : Starting a blocking GC Explicit
08-05 20:46:51.349 24743 25266 I art     : Explicit concurrent mark sweep GC freed 2482(100KB) AllocSpace objects, 2(40KB) LOS objects, 29% free, 38MB/54MB, paused 533us total 28.148ms
08-05 20:46:51.361 24743 25266 I art     : Starting a blocking GC Explicit
08-05 20:46:51.387 24743 25266 I art     : Explicit concurrent mark sweep GC freed 175(3KB) AllocSpace objects, 0(0B) LOS objects, 29% free, 38MB/54MB, paused 584us total 26.536ms
08-05 20:46:51.400 24743 25266 I art     : Starting a blocking GC Explicit
08-05 20:46:51.427 24743 25266 I art     : Explicit concurrent mark sweep GC freed 130(2768B) AllocSpace objects, 0(0B) LOS objects, 29% free, 38MB/54MB, paused 467us total 26.687ms
08-05 20:46:51.439 24743 25266 I art     : Starting a blocking GC Explicit
08-05 20:46:51.466 24743 25266 I art     : Explicit concurrent mark sweep GC freed 99(1696B) AllocSpace objects, 0(0B) LOS objects, 29% free, 38MB/54MB, paused 512us total 27.045ms
08-05 20:46:51.479 24743 25266 I art     : Starting a blocking GC Explicit
08-05 20:46:51.506 24743 25266 I art     : Explicit concurrent mark sweep GC freed 147(2496B) AllocSpace objects, 0(0B) LOS objects, 29% free, 38MB/54MB, paused 510us total 26.992ms
08-05 20:46:51.821 24743 24760 I art     : Starting a blocking GC Explicit
08-05 20:46:51.850 24743 24760 I art     : Explicit concurrent mark sweep GC freed 2387(98KB) AllocSpace objects, 2(40KB) LOS objects, 29% free, 38MB/54MB, paused 520us total 28.735ms
08-05 20:46:51.862 24743 24760 I art     : Starting a blocking GC Explicit
08-05 20:46:51.890 24743 24760 I art     : Explicit concurrent mark sweep GC freed 166(3KB) AllocSpace objects, 0(0B) LOS objects, 29% free, 38MB/54MB, paused 495us total 27.257ms
08-05 20:46:51.902 24743 24760 I art     : Starting a blocking GC Explicit
08-05 20:46:51.930 24743 24760 I art     : Explicit concurrent mark sweep GC freed 98(1664B) AllocSpace objects, 0(0B) LOS objects, 29% free, 38MB/54MB, paused 529us total 27.743ms
08-05 20:46:51.942 24743 24760 I art     : Starting a blocking GC Explicit
08-05 20:46:51.969 24743 24760 I art     : Explicit concurrent mark sweep GC freed 100(1728B) AllocSpace objects, 0(0B) LOS objects, 29% free, 38MB/54MB, paused 537us total 26.564ms
08-05 20:46:51.975 25532 25532 D AndroidRuntime: >>>>>> START com.android.internal.os.RuntimeInit uid 2000 <<<<<<
08-05 20:46:51.980 25532 25532 D AndroidRuntime: CheckJNI is OFF
08-05 20:46:51.982 24743 24760 I art     : Starting a blocking GC Explicit
08-05 20:46:52.008 24743 24760 I art     : Explicit concurrent mark sweep GC freed 147(2496B) AllocSpace objects, 0(0B) LOS objects, 29% free, 38MB/54MB, paused 512us total 26.215ms
08-05 20:46:52.015 25532 25532 D ICU     : No timezone override file found: /data/misc/zoneinfo/current/icu/icu_tzdata.dat
08-05 20:46:52.048 25532 25532 I Radio-JNI: register_android_hardware_Radio DONE
08-05 20:46:52.069 25532 25532 D AndroidRuntime: Calling main entry com.android.commands.input.Input
08-05 20:46:52.071 25532 25532 I Input   : injectMotionEvent: MotionEvent { action=ACTION_DOWN, actionButton=0, id[0]=0, x[0]=693.0, y[0]=1450.0, toolType[0]=TOOL_TYPE_UNKNOWN, buttonState=0, metaState=0, flags=0x0, edgeFlags=0x0, pointerCount=1, historySize=0, eventTime=823628484, downTime=823628484, deviceId=0, source=0x1002 }
08-05 20:46:52.076 25532 25532 I Input   : injectMotionEvent: MotionEvent { action=ACTION_UP, actionButton=0, id[0]=0, x[0]=693.0, y[0]=1450.0, toolType[0]=TOOL_TYPE_UNKNOWN, buttonState=0, metaState=0, flags=0x0, edgeFlags=0x0, pointerCount=1, historySize=0, eventTime=823628484, downTime=823628484, deviceId=0, source=0x1002 }
08-05 20:46:52.077 25532 25532 D AndroidRuntime: Shutting down VM
08-05 20:46:52.078   918  3696 I ActivityManager: START u0 {cmp=baseline.io.github.project_travel_mate/.destinations.description.CityHistoryActivity} from uid 10674 on display 0
08-05 20:46:52.079   512  2967 D audio_hw_primary: out_set_parameters: enter: usecase(1: low-latency-playback) kvpairs: routing=2
08-05 20:46:52.093   512  2967 D audio_hw_primary: select_devices: out_snd_device(2: speaker) in_snd_device(0: none)
08-05 20:46:52.093   512  2967 D msm8974_platform: platform_send_audio_calibration: sending audio calibration for snd_device(2) acdb_id(15)
08-05 20:46:52.093   512  2967 I soundtrigger: audio_extn_sound_trigger_update_device_status: device 0x2 of type 0 for Event 1
08-05 20:46:52.105   512  2967 D audio_hw_primary: enable_snd_device: snd_device(2: speaker)
08-05 20:46:52.106 24743 24833 D Gabe    : call	returning from cache
08-05 20:46:52.108   512  2967 D audio_hw_primary: enable_audio_route: apply and update mixer path: low-latency-playback speaker
08-05 20:46:52.108 24743 24743 V EXECUTING: https://project-travel-mate.herokuapp.com/api/get-city-information/1
08-05 20:46:52.251   918   936 I ActivityManager: Displayed baseline.io.github.project_travel_mate/.destinations.description.CityHistoryActivity: +166ms
08-05 20:46:52.251 13866 13866 I GoogleInputMethodServic: GoogleInputMethodService.onFinishInput():3138 
08-05 20:46:52.252 13866 13866 I GoogleInputMethodServic: GoogleInputMethodService.onStartInput():1808 
08-05 20:46:52.302 24743 24762 I art     : Starting a blocking GC Explicit
08-05 20:46:52.330 24743 24762 I art     : Explicit concurrent mark sweep GC freed 3089(155KB) AllocSpace objects, 2(40KB) LOS objects, 26% free, 43MB/59MB, paused 627us total 28.104ms
08-05 20:46:52.343 24743 24762 I art     : Starting a blocking GC Explicit
08-05 20:46:52.368 24743 24762 I art     : Explicit concurrent mark sweep GC freed 386(13KB) AllocSpace objects, 0(0B) LOS objects, 26% free, 43MB/59MB, paused 530us total 25.228ms
08-05 20:46:52.380 24743 24762 I art     : Starting a blocking GC Explicit
08-05 20:46:52.407 24743 24762 I art     : Explicit concurrent mark sweep GC freed 218(3KB) AllocSpace objects, 0(0B) LOS objects, 26% free, 43MB/59MB, paused 568us total 26.529ms
08-05 20:46:52.421 24743 24762 I art     : Starting a blocking GC Explicit
08-05 20:46:52.453 24743 24762 I art     : Explicit concurrent mark sweep GC freed 147(2496B) AllocSpace objects, 0(0B) LOS objects, 26% free, 43MB/59MB, paused 562us total 32.677ms
08-05 20:46:52.468 24743 24762 I art     : Starting a blocking GC Explicit
08-05 20:46:52.499 24743 24762 I art     : Explicit concurrent mark sweep GC freed 220(3KB) AllocSpace objects, 0(0B) LOS objects, 26% free, 43MB/59MB, paused 539us total 30.804ms
08-05 20:46:52.504   380   380 W SurfaceFlinger: couldn't log to binary event log: overflow.
08-05 20:46:52.649   512  2967 D audio_hw_primary: disable_audio_route: reset and update mixer path: low-latency-playback speaker
08-05 20:46:52.650   512  2967 D audio_hw_primary: disable_snd_device: snd_device(2: speaker)
08-05 20:46:52.658   512  2967 I soundtrigger: audio_extn_sound_trigger_update_device_status: device 0x2 of type 0 for Event 0
08-05 20:46:52.718 13866 13882 I PeriodicStatsRunner: PeriodicStatsRunner.call():175 call()
08-05 20:46:52.718 13866 13882 I PeriodicStatsRunner: PeriodicStatsRunner.call():179 No submit PeriodicStats since input started.
08-05 20:46:52.834 24743 25266 I art     : Starting a blocking GC Explicit
08-05 20:46:52.860 24743 25266 I art     : Explicit concurrent mark sweep GC freed 2562(102KB) AllocSpace objects, 2(40KB) LOS objects, 26% free, 43MB/59MB, paused 706us total 26.587ms
08-05 20:46:52.873 24743 25266 I art     : Starting a blocking GC Explicit
08-05 20:46:52.899 24743 25266 I art     : Explicit concurrent mark sweep GC freed 40(1184B) AllocSpace objects, 0(0B) LOS objects, 26% free, 43MB/59MB, paused 555us total 26.352ms
08-05 20:46:52.912 24743 25266 I art     : Starting a blocking GC Explicit
08-05 20:46:52.939 24743 25266 I art     : Explicit concurrent mark sweep GC freed 132(2208B) AllocSpace objects, 0(0B) LOS objects, 26% free, 43MB/59MB, paused 873us total 27.096ms
08-05 20:46:52.951 24743 25266 I art     : Starting a blocking GC Explicit
08-05 20:46:52.978 24743 25266 I art     : Explicit concurrent mark sweep GC freed 128(2144B) AllocSpace objects, 0(0B) LOS objects, 26% free, 43MB/59MB, paused 642us total 26.711ms
08-05 20:46:52.990 24743 25266 I art     : Starting a blocking GC Explicit
08-05 20:46:53.016 24743 25266 I art     : Explicit concurrent mark sweep GC freed 123(2064B) AllocSpace objects, 0(0B) LOS objects, 26% free, 43MB/59MB, paused 889us total 26.233ms
08-05 20:46:53.144 24743 25556 I NAPPA_EXPERIMENTATION: MetricNetworkRequestExecutionTime: REQUEST_DURATION_SYSTEM='1035',REQUEST_DURATION_OKHTTP='42',REQUEST_SYNCHRONOUS='FALSE',RESPONSE_CODE='200',RESPONSE_METHOD='GET',RESPONSE_LENGTH_OKHTTP='55024',RESPONSE_LENGTH_HEADER='55024',REQUEST_PROTOCOL='http/1.1',REQUEST_URL='https://project-travel-mate.herokuapp.com/api/get-city-information/1',
08-05 20:46:53.257 13866 13866 I GoogleInputMethodServic: GoogleInputMethodService.onFinishInput():3138 
08-05 20:46:53.258 13866 13866 I GoogleInputMethodServic: GoogleInputMethodService.onStartInput():1808 
08-05 20:46:53.313 24743 24771 I art     : Starting a blocking GC Explicit
08-05 20:46:53.349 24743 24771 I art     : Explicit concurrent mark sweep GC freed 6410(1454KB) AllocSpace objects, 25(5MB) LOS objects, 28% free, 39MB/55MB, paused 638us total 35.572ms
08-05 20:46:53.363 24743 24771 I art     : Starting a blocking GC Explicit
08-05 20:46:53.393 24743 24771 I art     : Explicit concurrent mark sweep GC freed 1217(122KB) AllocSpace objects, 0(0B) LOS objects, 28% free, 39MB/55MB, paused 576us total 29.690ms
08-05 20:46:53.406 24743 24771 I art     : Starting a blocking GC Explicit
08-05 20:46:53.436 24743 24771 I art     : Explicit concurrent mark sweep GC freed 146(2464B) AllocSpace objects, 0(0B) LOS objects, 28% free, 39MB/55MB, paused 505us total 29.753ms
08-05 20:46:53.449 24743 24771 I art     : Starting a blocking GC Explicit
08-05 20:46:53.478 24743 24771 I art     : Explicit concurrent mark sweep GC freed 220(3KB) AllocSpace objects, 0(0B) LOS objects, 28% free, 39MB/55MB, paused 540us total 28.442ms
08-05 20:46:53.490 24743 24771 I art     : Starting a blocking GC Explicit
08-05 20:46:53.520 24743 24771 I art     : Explicit concurrent mark sweep GC freed 147(2496B) AllocSpace objects, 0(0B) LOS objects, 28% free, 39MB/55MB, paused 524us total 29.583ms
08-05 20:46:53.850 24743 24771 I art     : Starting a blocking GC Explicit
08-05 20:46:53.881 24743 24771 I art     : Explicit concurrent mark sweep GC freed 3031(109KB) AllocSpace objects, 2(40KB) LOS objects, 28% free, 39MB/55MB, paused 590us total 31.367ms
08-05 20:46:53.882 24743 24759 I art     : WaitForGcToComplete blocked for 6.158ms for cause HeapTrim
08-05 20:46:53.895 24743 24771 I art     : Starting a blocking GC Explicit
08-05 20:46:53.926 24743 24771 I art     : Explicit concurrent mark sweep GC freed 244(4KB) AllocSpace objects, 0(0B) LOS objects, 28% free, 39MB/55MB, paused 589us total 30.052ms
08-05 20:46:53.938 24743 24771 I art     : Starting a blocking GC Explicit
08-05 20:46:53.965 24743 24771 I art     : Explicit concurrent mark sweep GC freed 150(2592B) AllocSpace objects, 0(0B) LOS objects, 28% free, 39MB/55MB, paused 512us total 26.686ms
08-05 20:46:53.978 24743 24771 I art     : Starting a blocking GC Explicit
08-05 20:46:54.007 24743 24771 I art     : Explicit concurrent mark sweep GC freed 152(2608B) AllocSpace objects, 0(0B) LOS objects, 28% free, 39MB/55MB, paused 663us total 28.794ms
08-05 20:46:54.019 24743 24771 I art     : Starting a blocking GC Explicit
08-05 20:46:54.048 24743 24771 I art     : Explicit concurrent mark sweep GC freed 216(3KB) AllocSpace objects, 0(0B) LOS objects, 28% free, 39MB/55MB, paused 529us total 28.708ms
08-05 20:46:54.397 24743 24762 I art     : Starting a blocking GC Explicit
08-05 20:46:54.430 24743 24762 I art     : Explicit concurrent mark sweep GC freed 3095(110KB) AllocSpace objects, 2(40KB) LOS objects, 28% free, 39MB/55MB, paused 711us total 33.058ms
08-05 20:46:54.445 24743 24762 I art     : Starting a blocking GC Explicit
08-05 20:46:54.474 24743 24762 I art     : Explicit concurrent mark sweep GC freed 209(4KB) AllocSpace objects, 0(0B) LOS objects, 28% free, 39MB/55MB, paused 609us total 28.753ms
08-05 20:46:54.487 24743 24762 I art     : Starting a blocking GC Explicit
08-05 20:46:54.515 24743 24762 I art     : Explicit concurrent mark sweep GC freed 192(3KB) AllocSpace objects, 0(0B) LOS objects, 28% free, 39MB/55MB, paused 523us total 28.214ms
08-05 20:46:54.528 24743 24762 I art     : Starting a blocking GC Explicit
08-05 20:46:54.558 24743 24762 I art     : Explicit concurrent mark sweep GC freed 185(3KB) AllocSpace objects, 0(0B) LOS objects, 28% free, 39MB/55MB, paused 646us total 30.254ms
08-05 20:46:54.571 24743 24762 I art     : Starting a blocking GC Explicit
08-05 20:46:54.600 24743 24762 I art     : Explicit concurrent mark sweep GC freed 181(3KB) AllocSpace objects, 0(0B) LOS objects, 28% free, 39MB/55MB, paused 530us total 29.347ms
08-05 20:46:54.981 24743 24760 I art     : Starting a blocking GC Explicit
08-05 20:46:55.013 24743 24760 I art     : Explicit concurrent mark sweep GC freed 3227(112KB) AllocSpace objects, 2(40KB) LOS objects, 28% free, 39MB/55MB, paused 594us total 32.026ms
08-05 20:46:55.025 24743 24760 I art     : Starting a blocking GC Explicit
08-05 20:46:55.054 24743 24760 I art     : Explicit concurrent mark sweep GC freed 166(3KB) AllocSpace objects, 0(0B) LOS objects, 28% free, 39MB/55MB, paused 534us total 28.923ms
08-05 20:46:55.066 24743 24760 I art     : Starting a blocking GC Explicit
08-05 20:46:55.095 24743 24760 I art     : Explicit concurrent mark sweep GC freed 219(3KB) AllocSpace objects, 0(0B) LOS objects, 28% free, 39MB/55MB, paused 514us total 27.853ms
08-05 20:46:55.107 24743 24760 I art     : Starting a blocking GC Explicit
08-05 20:46:55.137 24743 24760 I art     : Explicit concurrent mark sweep GC freed 146(2464B) AllocSpace objects, 0(0B) LOS objects, 28% free, 39MB/55MB, paused 631us total 30.064ms
08-05 20:46:55.150 24743 24760 I art     : Starting a blocking GC Explicit
08-05 20:46:55.179 24743 24760 I art     : Explicit concurrent mark sweep GC freed 220(3KB) AllocSpace objects, 0(0B) LOS objects, 28% free, 39MB/55MB, paused 536us total 29.060ms
08-05 20:46:55.362 13866 13882 I PeriodicStatsRunner: PeriodicStatsRunner.call():175 call()
08-05 20:46:55.362 13866 13882 I PeriodicStatsRunner: PeriodicStatsRunner.call():179 No submit PeriodicStats since input started.
08-05 20:46:55.432   918  3188 I hubconnection: sensorhub said: 'set_bias 3: -6.2400, 0.0000, 0.0000'
08-05 20:46:55.568 24743 25266 I art     : Starting a blocking GC Explicit
08-05 20:46:55.599 24743 25266 I art     : Explicit concurrent mark sweep GC freed 3228(112KB) AllocSpace objects, 2(40KB) LOS objects, 28% free, 39MB/55MB, paused 528us total 30.813ms
08-05 20:46:55.612 24743 25266 I art     : Starting a blocking GC Explicit
08-05 20:46:55.641 24743 25266 I art     : Explicit concurrent mark sweep GC freed 166(3KB) AllocSpace objects, 0(0B) LOS objects, 28% free, 39MB/55MB, paused 543us total 29.006ms
08-05 20:46:55.653 24743 25266 I art     : Starting a blocking GC Explicit
08-05 20:46:55.681 24743 25266 I art     : Explicit concurrent mark sweep GC freed 219(3KB) AllocSpace objects, 0(0B) LOS objects, 28% free, 39MB/55MB, paused 535us total 27.771ms
08-05 20:46:55.694 24743 25266 I art     : Starting a blocking GC Explicit
08-05 20:46:55.724 24743 25266 I art     : Explicit concurrent mark sweep GC freed 147(2496B) AllocSpace objects, 0(0B) LOS objects, 28% free, 39MB/55MB, paused 516us total 29.757ms
08-05 20:46:55.736 24743 25266 I art     : Starting a blocking GC Explicit
08-05 20:46:55.766 24743 25266 I art     : Explicit concurrent mark sweep GC freed 219(3KB) AllocSpace objects, 0(0B) LOS objects, 28% free, 39MB/55MB, paused 530us total 29.252ms
08-05 20:46:56.139 24743 24771 I art     : Starting a blocking GC Explicit
08-05 20:46:56.172 24743 24771 I art     : Explicit concurrent mark sweep GC freed 3155(111KB) AllocSpace objects, 2(40KB) LOS objects, 28% free, 39MB/55MB, paused 541us total 32.502ms
08-05 20:46:56.188 24743 24771 I art     : Starting a blocking GC Explicit
08-05 20:46:56.217 24743 24771 I art     : Explicit concurrent mark sweep GC freed 238(4KB) AllocSpace objects, 0(0B) LOS objects, 28% free, 39MB/55MB, paused 579us total 28.606ms
08-05 20:46:56.229 24743 24771 I art     : Starting a blocking GC Explicit
08-05 20:46:56.258 24743 24771 I art     : Explicit concurrent mark sweep GC freed 147(2496B) AllocSpace objects, 0(0B) LOS objects, 28% free, 39MB/55MB, paused 528us total 28.679ms
08-05 20:46:56.271 24743 24771 I art     : Starting a blocking GC Explicit
08-05 20:46:56.300 24743 24771 I art     : Explicit concurrent mark sweep GC freed 219(3KB) AllocSpace objects, 0(0B) LOS objects, 28% free, 39MB/55MB, paused 511us total 29.155ms
08-05 20:46:56.312 24743 24771 I art     : Starting a blocking GC Explicit
08-05 20:46:56.340 24743 24771 I art     : Explicit concurrent mark sweep GC freed 147(2496B) AllocSpace objects, 0(0B) LOS objects, 28% free, 39MB/55MB, paused 569us total 27.764ms
08-05 20:46:56.693 24743 24762 I art     : Starting a blocking GC Explicit
08-05 20:46:56.724 24743 24762 I art     : Explicit concurrent mark sweep GC freed 3084(110KB) AllocSpace objects, 2(40KB) LOS objects, 28% free, 39MB/55MB, paused 568us total 30.477ms
08-05 20:46:56.734 25639 25639 D AndroidRuntime: >>>>>> START com.android.internal.os.RuntimeInit uid 2000 <<<<<<
08-05 20:46:56.737 24743 24762 I art     : Starting a blocking GC Explicit
08-05 20:46:56.740 25639 25639 D AndroidRuntime: CheckJNI is OFF
08-05 20:46:56.763 24743 24762 I art     : Explicit concurrent mark sweep GC freed 198(3KB) AllocSpace objects, 0(0B) LOS objects, 28% free, 39MB/55MB, paused 567us total 26.420ms
08-05 20:46:56.774 25639 25639 D ICU     : No timezone override file found: /data/misc/zoneinfo/current/icu/icu_tzdata.dat
08-05 20:46:56.775 24743 24762 I art     : Starting a blocking GC Explicit
08-05 20:46:56.780 23554 23554 I ServiceManager: Waiting for service AtCmdFwd...
08-05 20:46:56.802 24743 24762 I art     : Explicit concurrent mark sweep GC freed 187(3KB) AllocSpace objects, 0(0B) LOS objects, 28% free, 39MB/55MB, paused 563us total 26.607ms
08-05 20:46:56.806 25639 25639 I Radio-JNI: register_android_hardware_Radio DONE
08-05 20:46:56.814 24743 24762 I art     : Starting a blocking GC Explicit
08-05 20:46:56.827 25639 25639 D AndroidRuntime: Calling main entry com.android.commands.input.Input
08-05 20:46:56.828 25639 25639 I Input   : injectKeyEvent: KeyEvent { action=ACTION_DOWN, keyCode=KEYCODE_BACK, scanCode=0, metaState=0, flags=0x0, repeatCount=0, eventTime=823633241, downTime=823633241, deviceId=-1, source=0x101 }
08-05 20:46:56.833 25639 25639 I Input   : injectKeyEvent: KeyEvent { action=ACTION_UP, keyCode=KEYCODE_BACK, scanCode=0, metaState=0, flags=0x0, repeatCount=0, eventTime=823633241, downTime=823633241, deviceId=-1, source=0x101 }
08-05 20:46:56.841 24743 24762 I art     : Explicit concurrent mark sweep GC freed 149(2608B) AllocSpace objects, 0(0B) LOS objects, 28% free, 39MB/55MB, paused 620us total 27.111ms
08-05 20:46:56.843 25639 25639 D AndroidRuntime: Shutting down VM
08-05 20:46:56.854 24743 24762 I art     : Starting a blocking GC Explicit
08-05 20:46:56.881 24743 24762 I art     : Explicit concurrent mark sweep GC freed 197(4KB) AllocSpace objects, 0(0B) LOS objects, 28% free, 39MB/55MB, paused 482us total 27.172ms
08-05 20:46:56.886 13866 13866 I GoogleInputMethodServic: GoogleInputMethodService.onFinishInput():3138 
08-05 20:46:56.887 13866 13866 I GoogleInputMethodServic: GoogleInputMethodService.onStartInput():1808 
08-05 20:46:57.192   380   380 W SurfaceFlinger: couldn't log to binary event log: overflow.
08-05 20:46:57.199 24743 24771 I art     : Starting a blocking GC Explicit
08-05 20:46:57.226 24743 24771 I art     : Explicit concurrent mark sweep GC freed 2968(109KB) AllocSpace objects, 4(404KB) LOS objects, 28% free, 39MB/55MB, paused 537us total 26.767ms
08-05 20:46:57.238 24743 24771 I art     : Starting a blocking GC Explicit
08-05 20:46:57.252 13866 13882 I PeriodicStatsRunner: PeriodicStatsRunner.call():175 call()
08-05 20:46:57.252 13866 13882 I PeriodicStatsRunner: PeriodicStatsRunner.call():179 No submit PeriodicStats since input started.
08-05 20:46:57.264 24743 24771 I art     : Explicit concurrent mark sweep GC freed 4870(342KB) AllocSpace objects, 7(132KB) LOS objects, 29% free, 38MB/54MB, paused 509us total 25.885ms
08-05 20:46:57.276 24743 24771 I art     : Starting a blocking GC Explicit
08-05 20:46:57.303 24743 24771 I art     : Explicit concurrent mark sweep GC freed 98(1664B) AllocSpace objects, 0(0B) LOS objects, 29% free, 38MB/54MB, paused 520us total 26.789ms
08-05 20:46:57.315 24743 24771 I art     : Starting a blocking GC Explicit
08-05 20:46:57.344 24743 24771 I art     : Explicit concurrent mark sweep GC freed 117(2000B) AllocSpace objects, 0(0B) LOS objects, 29% free, 38MB/54MB, paused 690us total 28.059ms
08-05 20:46:57.356 24743 24771 I art     : Starting a blocking GC Explicit
08-05 20:46:57.384 24743 24771 I art     : Explicit concurrent mark sweep GC freed 153(3KB) AllocSpace objects, 0(0B) LOS objects, 29% free, 38MB/54MB, paused 494us total 27.691ms
08-05 20:46:57.717 24743 24760 I art     : Starting a blocking GC Explicit
08-05 20:46:57.749 24743 24760 I art     : Explicit concurrent mark sweep GC freed 2493(100KB) AllocSpace objects, 2(40KB) LOS objects, 29% free, 38MB/54MB, paused 722us total 31.623ms
08-05 20:46:57.762 24743 24760 I art     : Starting a blocking GC Explicit
08-05 20:46:57.781 23554 23554 I ServiceManager: Waiting for service AtCmdFwd...
08-05 20:46:57.790 24743 24760 I art     : Explicit concurrent mark sweep GC freed 118(2384B) AllocSpace objects, 0(0B) LOS objects, 29% free, 38MB/54MB, paused 536us total 27.521ms
08-05 20:46:57.802 24743 24760 I art     : Starting a blocking GC Explicit
08-05 20:46:57.829 24743 24760 I art     : Explicit concurrent mark sweep GC freed 146(2464B) AllocSpace objects, 0(0B) LOS objects, 29% free, 38MB/54MB, paused 542us total 26.620ms
08-05 20:46:57.841 24743 24760 I art     : Starting a blocking GC Explicit
08-05 20:46:57.869 24743 24760 I art     : Explicit concurrent mark sweep GC freed 100(1728B) AllocSpace objects, 0(0B) LOS objects, 29% free, 38MB/54MB, paused 570us total 27.885ms
08-05 20:46:57.882 24743 24760 I art     : Starting a blocking GC Explicit
08-05 20:46:57.910 24743 24760 I art     : Explicit concurrent mark sweep GC freed 99(1696B) AllocSpace objects, 0(0B) LOS objects, 29% free, 38MB/54MB, paused 516us total 27.936ms
08-05 20:46:58.222 24743 25266 I art     : Starting a blocking GC Explicit
08-05 20:46:58.251 24743 25266 I art     : Explicit concurrent mark sweep GC freed 2435(99KB) AllocSpace objects, 2(40KB) LOS objects, 29% free, 38MB/54MB, paused 549us total 28.638ms
08-05 20:46:58.257 13866 13882 I PeriodicStatsRunner: PeriodicStatsRunner.call():175 call()
08-05 20:46:58.258 13866 13882 I PeriodicStatsRunner: PeriodicStatsRunner.call():179 No submit PeriodicStats since input started.
08-05 20:46:58.264 24743 25266 I art     : Starting a blocking GC Explicit
08-05 20:46:58.291 24743 25266 I art     : Explicit concurrent mark sweep GC freed 118(2384B) AllocSpace objects, 0(0B) LOS objects, 29% free, 38MB/54MB, paused 567us total 26.889ms
08-05 20:46:58.303 24743 25266 I art     : Starting a blocking GC Explicit
08-05 20:46:58.330 24743 25266 I art     : Explicit concurrent mark sweep GC freed 147(2496B) AllocSpace objects, 0(0B) LOS objects, 29% free, 38MB/54MB, paused 568us total 26.595ms
08-05 20:46:58.342 24743 25266 I art     : Starting a blocking GC Explicit
08-05 20:46:58.370 24743 25266 I art     : Explicit concurrent mark sweep GC freed 99(1696B) AllocSpace objects, 0(0B) LOS objects, 29% free, 38MB/54MB, paused 533us total 27.148ms
08-05 20:46:58.382 24743 25266 I art     : Starting a blocking GC Explicit
08-05 20:46:58.410 24743 25266 I art     : Explicit concurrent mark sweep GC freed 99(1696B) AllocSpace objects, 0(0B) LOS objects, 29% free, 38MB/54MB, paused 538us total 27.525ms
08-05 20:46:58.503 25684 25684 D AndroidRuntime: >>>>>> START com.android.internal.os.RuntimeInit uid 2000 <<<<<<
08-05 20:46:58.508 25684 25684 D AndroidRuntime: CheckJNI is OFF
08-05 20:46:58.540 25684 25684 D ICU     : No timezone override file found: /data/misc/zoneinfo/current/icu/icu_tzdata.dat
08-05 20:46:58.573 25684 25684 I Radio-JNI: register_android_hardware_Radio DONE
08-05 20:46:58.595 25684 25684 D AndroidRuntime: Calling main entry com.android.commands.input.Input
08-05 20:46:58.596 25684 25684 I Input   : injectKeyEvent: KeyEvent { action=ACTION_DOWN, keyCode=KEYCODE_BACK, scanCode=0, metaState=0, flags=0x0, repeatCount=0, eventTime=823635009, downTime=823635009, deviceId=-1, source=0x101 }
08-05 20:46:58.602 25684 25684 I Input   : injectKeyEvent: KeyEvent { action=ACTION_UP, keyCode=KEYCODE_BACK, scanCode=0, metaState=0, flags=0x0, repeatCount=0, eventTime=823635009, downTime=823635009, deviceId=-1, source=0x101 }
08-05 20:46:58.608 25684 25684 D AndroidRuntime: Shutting down VM
08-05 20:46:58.619 24743 24743 V MainActivity: url = https://project-travel-mate.herokuapp.com/api/number-of-unread-notifications
08-05 20:46:58.665 13866 13866 I GoogleInputMethodServic: GoogleInputMethodService.onFinishInput():3138 
08-05 20:46:58.667 13866 13866 I GoogleInputMethodServic: GoogleInputMethodService.onStartInput():1808 
08-05 20:46:58.734 24743 24762 I art     : Starting a blocking GC Explicit
08-05 20:46:58.771 24743 24762 I art     : Explicit concurrent mark sweep GC freed 2985(123KB) AllocSpace objects, 2(40KB) LOS objects, 29% free, 38MB/54MB, paused 766us total 35.856ms
08-05 20:46:58.781 23554 23554 I ServiceManager: Waiting for service AtCmdFwd...
08-05 20:46:58.785 24743 24762 I art     : Starting a blocking GC Explicit
08-05 20:46:58.818 24743 24762 I art     : Explicit concurrent mark sweep GC freed 226(5KB) AllocSpace objects, 0(0B) LOS objects, 29% free, 38MB/54MB, paused 1.022ms total 32.507ms
08-05 20:46:58.834 24743 24762 I art     : Starting a blocking GC Explicit
08-05 20:46:58.869 24743 24762 I art     : Explicit concurrent mark sweep GC freed 168(3KB) AllocSpace objects, 0(0B) LOS objects, 29% free, 38MB/54MB, paused 732us total 35.377ms
08-05 20:46:58.884 24743 24762 I art     : Starting a blocking GC Explicit
08-05 20:46:58.918 24743 24762 I art     : Explicit concurrent mark sweep GC freed 151(2688B) AllocSpace objects, 0(0B) LOS objects, 29% free, 38MB/54MB, paused 682us total 34.046ms
08-05 20:46:58.934 24743 24762 I art     : Starting a blocking GC Explicit
08-05 20:46:58.961   380   380 W SurfaceFlinger: couldn't log to binary event log: overflow.
08-05 20:46:58.963 24743 24762 I art     : Explicit concurrent mark sweep GC freed 118(2000B) AllocSpace objects, 0(0B) LOS objects, 29% free, 38MB/54MB, paused 736us total 28.619ms
08-05 20:46:58.963 24743 24759 I art     : WaitForGcToComplete blocked for 29.026ms for cause HeapTrim
08-05 20:46:59.312 24743 24760 I art     : Starting a blocking GC Explicit
08-05 20:46:59.342 24743 24760 I art     : Explicit concurrent mark sweep GC freed 2005(93KB) AllocSpace objects, 2(40KB) LOS objects, 29% free, 38MB/54MB, paused 622us total 30.249ms
08-05 20:46:59.355 24743 24760 I art     : Starting a blocking GC Explicit
08-05 20:46:59.383 24743 24760 I art     : Explicit concurrent mark sweep GC freed 230(9KB) AllocSpace objects, 0(0B) LOS objects, 29% free, 38MB/54MB, paused 606us total 28.403ms
08-05 20:46:59.396 24743 24760 I art     : Starting a blocking GC Explicit
08-05 20:46:59.424 24743 24760 I art     : Explicit concurrent mark sweep GC freed 681(55KB) AllocSpace objects, 2(120KB) LOS objects, 29% free, 39MB/55MB, paused 694us total 28.509ms
08-05 20:46:59.437 24743 24760 I art     : Starting a blocking GC Explicit
08-05 20:46:59.467 24743 24760 I art     : Explicit concurrent mark sweep GC freed 2138(82KB) AllocSpace objects, 0(0B) LOS objects, 28% free, 39MB/55MB, paused 644us total 29.747ms
08-05 20:46:59.479 24743 24760 I art     : Starting a blocking GC Explicit
08-05 20:46:59.500 24743 25714 I NAPPA_EXPERIMENTATION: MetricNetworkRequestExecutionTime: REQUEST_DURATION_SYSTEM='880',REQUEST_DURATION_OKHTTP='47',REQUEST_SYNCHRONOUS='FALSE',RESPONSE_CODE='200',RESPONSE_METHOD='GET',RESPONSE_LENGTH_OKHTTP='36',RESPONSE_LENGTH_HEADER='36',REQUEST_PROTOCOL='http/1.1',REQUEST_URL='https://project-travel-mate.herokuapp.com/api/number-of-unread-notifications',
08-05 20:46:59.508 24743 24760 I art     : Explicit concurrent mark sweep GC freed 964(123KB) AllocSpace objects, 1(80KB) LOS objects, 29% free, 39MB/55MB, paused 622us total 28.780ms
08-05 20:46:59.782 23554 23554 I ServiceManager: Waiting for service AtCmdFwd...
08-05 20:46:59.843 24743 24771 I art     : Starting a blocking GC Explicit
08-05 20:46:59.872 24743 24771 I art     : Explicit concurrent mark sweep GC freed 2085(97KB) AllocSpace objects, 2(40KB) LOS objects, 29% free, 39MB/55MB, paused 592us total 29.473ms
08-05 20:46:59.884 24743 24771 I art     : Starting a blocking GC Explicit
08-05 20:46:59.912 24743 24771 I art     : Explicit concurrent mark sweep GC freed 70(1584B) AllocSpace objects, 0(0B) LOS objects, 29% free, 39MB/55MB, paused 547us total 27.391ms
08-05 20:46:59.924 24743 24771 I art     : Starting a blocking GC Explicit
08-05 20:46:59.951 24743 24771 I art     : Explicit concurrent mark sweep GC freed 75(1296B) AllocSpace objects, 0(0B) LOS objects, 29% free, 39MB/55MB, paused 584us total 27.210ms
08-05 20:46:59.964 24743 24771 I art     : Starting a blocking GC Explicit
08-05 20:46:59.992 24743 24771 I art     : Explicit concurrent mark sweep GC freed 51(896B) AllocSpace objects, 0(0B) LOS objects, 29% free, 39MB/55MB, paused 588us total 27.509ms
08-05 20:47:00.004 24743 24771 I art     : Starting a blocking GC Explicit
08-05 20:47:00.031 24743 24771 I art     : Explicit concurrent mark sweep GC freed 57(992B) AllocSpace objects, 0(0B) LOS objects, 29% free, 39MB/55MB, paused 702us total 27.367ms
08-05 20:47:00.245 25738 25738 D AndroidRuntime: >>>>>> START com.android.internal.os.RuntimeInit uid 2000 <<<<<<
08-05 20:47:00.250 25738 25738 D AndroidRuntime: CheckJNI is OFF
08-05 20:47:00.283 25738 25738 D ICU     : No timezone override file found: /data/misc/zoneinfo/current/icu/icu_tzdata.dat
08-05 20:47:00.316 25738 25738 I Radio-JNI: register_android_hardware_Radio DONE
08-05 20:47:00.339 25738 25738 D AndroidRuntime: Calling main entry com.android.commands.input.Input
08-05 20:47:00.341 25738 25738 I Input   : injectMotionEvent: MotionEvent { action=ACTION_DOWN, actionButton=0, id[0]=0, x[0]=346.0, y[0]=709.0, toolType[0]=TOOL_TYPE_UNKNOWN, buttonState=0, metaState=0, flags=0x0, edgeFlags=0x0, pointerCount=1, historySize=0, eventTime=823636753, downTime=823636753, deviceId=0, source=0x1002 }
08-05 20:47:00.344 25738 25738 I Input   : injectMotionEvent: MotionEvent { action=ACTION_UP, actionButton=0, id[0]=0, x[0]=346.0, y[0]=709.0, toolType[0]=TOOL_TYPE_UNKNOWN, buttonState=0, metaState=0, flags=0x0, edgeFlags=0x0, pointerCount=1, historySize=0, eventTime=823636753, downTime=823636753, deviceId=0, source=0x1002 }
08-05 20:47:00.348 24743 24771 I art     : Starting a blocking GC Explicit
08-05 20:47:00.355   918  3696 I ActivityManager: START u0 {cmp=baseline.io.github.project_travel_mate/.destinations.description.FinalCityInfoActivity (has extras)} from uid 10674 on display 0
08-05 20:47:00.361 25738 25738 D AndroidRuntime: Shutting down VM
08-05 20:47:00.381 24743 24771 I art     : Explicit concurrent mark sweep GC freed 3455(282KB) AllocSpace objects, 2(40KB) LOS objects, 29% free, 39MB/55MB, paused 1.206ms total 33.084ms
08-05 20:47:00.388 24743 24833 D Gabe    : call	returning from cache
08-05 20:47:00.395 24743 24771 I art     : Starting a blocking GC Explicit
08-05 20:47:00.412 24743 24743 V EXECUTING: https://project-travel-mate.herokuapp.com/api/get-city-weather/1
08-05 20:47:00.423 24743 24771 I art     : Explicit concurrent mark sweep GC freed 4046(227KB) AllocSpace objects, 0(0B) LOS objects, 28% free, 39MB/55MB, paused 1.137ms total 27.890ms
08-05 20:47:00.435 24743 24771 I art     : Starting a blocking GC Explicit
08-05 20:47:00.463 24743 24771 I art     : Explicit concurrent mark sweep GC freed 949(37KB) AllocSpace objects, 0(0B) LOS objects, 26% free, 43MB/59MB, paused 1.095ms total 27.916ms
08-05 20:47:00.476 24743 24771 I art     : Starting a blocking GC Explicit
08-05 20:47:00.507 24743 24771 I art     : Explicit concurrent mark sweep GC freed 263(14KB) AllocSpace objects, 0(0B) LOS objects, 26% free, 43MB/59MB, paused 1.166ms total 31.161ms
08-05 20:47:00.520 24743 24771 I art     : Starting a blocking GC Explicit
08-05 20:47:00.541   918   936 I ActivityManager: Displayed baseline.io.github.project_travel_mate/.destinations.description.FinalCityInfoActivity: +176ms
08-05 20:47:00.541 13866 13866 I GoogleInputMethodServic: GoogleInputMethodService.onFinishInput():3138 
08-05 20:47:00.542 13866 13866 I GoogleInputMethodServic: GoogleInputMethodService.onStartInput():1808 
08-05 20:47:00.548 24743 24771 I art     : Explicit concurrent mark sweep GC freed 98(2560B) AllocSpace objects, 0(0B) LOS objects, 26% free, 43MB/59MB, paused 1.166ms total 27.856ms
08-05 20:47:00.780   380   380 W SurfaceFlinger: couldn't log to binary event log: overflow.
08-05 20:47:00.782 23554 23554 I ServiceManager: Waiting for service AtCmdFwd...
08-05 20:47:00.838 24743 24771 I art     : Starting a blocking GC Explicit
08-05 20:47:00.867 24743 24771 I art     : Explicit concurrent mark sweep GC freed 2221(96KB) AllocSpace objects, 2(40KB) LOS objects, 26% free, 43MB/59MB, paused 631us total 28.607ms
08-05 20:47:00.880 24743 24771 I art     : Starting a blocking GC Explicit
08-05 20:47:00.910 24743 24771 I art     : Explicit concurrent mark sweep GC freed 120(2448B) AllocSpace objects, 0(0B) LOS objects, 26% free, 43MB/59MB, paused 689us total 30.618ms
08-05 20:47:00.925 24743 24771 I art     : Starting a blocking GC Explicit
08-05 20:47:00.956 24743 24771 I art     : Explicit concurrent mark sweep GC freed 723(54KB) AllocSpace objects, 0(0B) LOS objects, 26% free, 43MB/59MB, paused 1.182ms total 30.736ms
08-05 20:47:00.969 24743 24771 I art     : Starting a blocking GC Explicit
08-05 20:47:00.999 24743 24771 I art     : Explicit concurrent mark sweep GC freed 3891(154KB) AllocSpace objects, 2(120KB) LOS objects, 26% free, 44MB/60MB, paused 976us total 30.412ms
08-05 20:47:01.012 24743 24771 I art     : Starting a blocking GC Explicit
08-05 20:47:01.040 24743 25762 I NAPPA_EXPERIMENTATION: MetricNetworkRequestExecutionTime: REQUEST_DURATION_SYSTEM='628',REQUEST_DURATION_OKHTTP='50',REQUEST_SYNCHRONOUS='FALSE',RESPONSE_CODE='200',RESPONSE_METHOD='GET',RESPONSE_LENGTH_OKHTTP='238',RESPONSE_LENGTH_HEADER='238',REQUEST_PROTOCOL='http/1.1',REQUEST_URL='https://project-travel-mate.herokuapp.com/api/get-city-weather/1',
08-05 20:47:01.042 24743 24771 I art     : Explicit concurrent mark sweep GC freed 1219(128KB) AllocSpace objects, 1(80KB) LOS objects, 26% free, 43MB/59MB, paused 938us total 29.751ms
08-05 20:47:01.075 24743 25763 I NAPPA_EXPERIMENTATION: MetricNetworkRequestExecutionTime: REQUEST_DURATION_SYSTEM='661',REQUEST_DURATION_OKHTTP='86',REQUEST_SYNCHRONOUS='FALSE',RESPONSE_CODE='200',RESPONSE_METHOD='GET',RESPONSE_LENGTH_OKHTTP='530',RESPONSE_LENGTH_HEADER='530',REQUEST_PROTOCOL='http/1.1',REQUEST_URL='https://project-travel-mate.herokuapp.com/api/get-city/1',
08-05 20:47:01.109 24743 25763 V Response: {"id":1,"city_name":"Delhi","description":"Delhi, officially the National Capital Territory of Delhi, is the Capital territory of India. During the British Raj, Delhi was part of the province of Punjab and is still historically and culturally connected to the Punjab region.","latitude":"28.613900","longitude":"77.209000","facts_count":6,"images":["https://upload.wikimedia.org/wikipedia/commons/9/94/%E0%B4%96%E0%B5%81%E0%B4%A4%E0%B5%8D%E0%B4%AC%E0%B5%8D_%E0%B4%AE%E0%B4%BF%E0%B4%A8%E0%B4%BE%E0%B5%BC1.jpg"],"has_visited":false}
08-05 20:47:01.362 24743 24760 I art     : Starting a blocking GC Explicit
08-05 20:47:01.398 24743 24760 I art     : Explicit concurrent mark sweep GC freed 4306(219KB) AllocSpace objects, 3(4MB) LOS objects, 28% free, 39MB/55MB, paused 636us total 35.109ms
08-05 20:47:01.411 24743 24760 I art     : Starting a blocking GC Explicit
08-05 20:47:01.443 24743 24760 I art     : Explicit concurrent mark sweep GC freed 216(5KB) AllocSpace objects, 0(0B) LOS objects, 28% free, 39MB/55MB, paused 643us total 31.589ms
08-05 20:47:01.456 24743 24760 I art     : Starting a blocking GC Explicit
08-05 20:47:01.488 24743 24760 I art     : Explicit concurrent mark sweep GC freed 147(2496B) AllocSpace objects, 0(0B) LOS objects, 28% free, 39MB/55MB, paused 652us total 31.961ms
08-05 20:47:01.501 24743 24760 I art     : Starting a blocking GC Explicit
08-05 20:47:01.533 24743 24760 I art     : Explicit concurrent mark sweep GC freed 140(2352B) AllocSpace objects, 0(0B) LOS objects, 28% free, 39MB/55MB, paused 777us total 32.199ms
08-05 20:47:01.546 24743 24760 I art     : Starting a blocking GC Explicit
08-05 20:47:01.579 24743 24760 I art     : Explicit concurrent mark sweep GC freed 106(1840B) AllocSpace objects, 0(0B) LOS objects, 28% free, 39MB/55MB, paused 618us total 32.766ms
08-05 20:47:01.782 23554 23554 W Atfwd_Sendcmd: AtCmdFwd service not published, waiting... retryCnt : 4
08-05 20:47:01.887 13866 13882 I PeriodicStatsRunner: PeriodicStatsRunner.call():175 call()
08-05 20:47:01.887 13866 13882 I PeriodicStatsRunner: PeriodicStatsRunner.call():179 No submit PeriodicStats since input started.
08-05 20:47:01.908 24743 24762 I art     : Starting a blocking GC Explicit
08-05 20:47:01.943 24743 24762 I art     : Explicit concurrent mark sweep GC freed 2506(101KB) AllocSpace objects, 2(40KB) LOS objects, 28% free, 39MB/55MB, paused 640us total 34.486ms
08-05 20:47:01.960 24743 24762 I art     : Starting a blocking GC Explicit
08-05 20:47:01.990 24743 24762 I art     : Explicit concurrent mark sweep GC freed 176(3KB) AllocSpace objects, 0(0B) LOS objects, 28% free, 39MB/55MB, paused 633us total 30.237ms
08-05 20:47:02.003 24743 24762 I art     : Starting a blocking GC Explicit
08-05 20:47:02.034 24743 24762 I art     : Explicit concurrent mark sweep GC freed 140(2352B) AllocSpace objects, 0(0B) LOS objects, 28% free, 39MB/55MB, paused 734us total 30.770ms
08-05 20:47:02.046 24743 24762 I art     : Starting a blocking GC Explicit
08-05 20:47:02.078 24743 24762 I art     : Explicit concurrent mark sweep GC freed 106(1840B) AllocSpace objects, 0(0B) LOS objects, 28% free, 39MB/55MB, paused 673us total 31.536ms
08-05 20:47:02.091 24743 24762 I art     : Starting a blocking GC Explicit
08-05 20:47:02.122 24743 24762 I art     : Explicit concurrent mark sweep GC freed 147(2496B) AllocSpace objects, 0(0B) LOS objects, 28% free, 39MB/55MB, paused 625us total 30.829ms
08-05 20:47:02.508 24743 25266 I art     : Starting a blocking GC Explicit
08-05 20:47:02.544 24743 25266 I art     : Explicit concurrent mark sweep GC freed 2628(102KB) AllocSpace objects, 2(40KB) LOS objects, 28% free, 39MB/55MB, paused 625us total 34.994ms
08-05 20:47:02.559 24743 25266 I art     : Starting a blocking GC Explicit
08-05 20:47:02.589 24743 25266 I art     : Explicit concurrent mark sweep GC freed 166(3KB) AllocSpace objects, 0(0B) LOS objects, 28% free, 39MB/55MB, paused 611us total 30.110ms
08-05 20:47:02.602 24743 25266 I art     : Starting a blocking GC Explicit
08-05 20:47:02.633 24743 25266 I art     : Explicit concurrent mark sweep GC freed 105(1792B) AllocSpace objects, 0(0B) LOS objects, 28% free, 39MB/55MB, paused 771us total 30.858ms
08-05 20:47:02.646 24743 25266 I art     : Starting a blocking GC Explicit
08-05 20:47:02.677 24743 25266 I art     : Explicit concurrent mark sweep GC freed 141(2400B) AllocSpace objects, 0(0B) LOS objects, 28% free, 39MB/55MB, paused 729us total 31.009ms
08-05 20:47:02.690 24743 25266 I art     : Starting a blocking GC Explicit
08-05 20:47:02.720 24743 25266 I art     : Explicit concurrent mark sweep GC freed 147(2496B) AllocSpace objects, 0(0B) LOS objects, 28% free, 39MB/55MB, paused 610us total 30.253ms
08-05 20:47:03.096 24743 24760 I art     : Starting a blocking GC Explicit
08-05 20:47:03.130 24743 24760 I art     : Explicit concurrent mark sweep GC freed 2579(101KB) AllocSpace objects, 2(40KB) LOS objects, 28% free, 39MB/55MB, paused 629us total 33.593ms
08-05 20:47:03.146 24743 24760 I art     : Starting a blocking GC Explicit
08-05 20:47:03.177 24743 24760 I art     : Explicit concurrent mark sweep GC freed 166(3KB) AllocSpace objects, 0(0B) LOS objects, 28% free, 39MB/55MB, paused 613us total 30.511ms
08-05 20:47:03.189 24743 24760 I art     : Starting a blocking GC Explicit
08-05 20:47:03.220 24743 24760 I art     : Explicit concurrent mark sweep GC freed 147(2496B) AllocSpace objects, 0(0B) LOS objects, 28% free, 39MB/55MB, paused 613us total 30.771ms
08-05 20:47:03.233 24743 24760 I art     : Starting a blocking GC Explicit
08-05 20:47:03.264 24743 24760 I art     : Explicit concurrent mark sweep GC freed 98(1664B) AllocSpace objects, 0(0B) LOS objects, 28% free, 39MB/55MB, paused 617us total 31.380ms
08-05 20:47:03.277 24743 24760 I art     : Starting a blocking GC Explicit
08-05 20:47:03.308 24743 24760 I art     : Explicit concurrent mark sweep GC freed 148(2528B) AllocSpace objects, 0(0B) LOS objects, 28% free, 39MB/55MB, paused 627us total 31.026ms
08-05 20:47:03.667 13866 13882 I PeriodicStatsRunner: PeriodicStatsRunner.call():175 call()
08-05 20:47:03.668 13866 13882 I PeriodicStatsRunner: PeriodicStatsRunner.call():179 No submit PeriodicStats since input started.
08-05 20:47:03.681 24743 24771 I art     : Starting a blocking GC Explicit
08-05 20:47:03.715 24743 24771 I art     : Explicit concurrent mark sweep GC freed 2592(102KB) AllocSpace objects, 2(40KB) LOS objects, 28% free, 39MB/55MB, paused 633us total 33.597ms
08-05 20:47:03.731 24743 24771 I art     : Starting a blocking GC Explicit
08-05 20:47:03.762 24743 24771 I art     : Explicit concurrent mark sweep GC freed 176(3KB) AllocSpace objects, 0(0B) LOS objects, 28% free, 39MB/55MB, paused 626us total 30.644ms
08-05 20:47:03.774 24743 24771 I art     : Starting a blocking GC Explicit
08-05 20:47:03.805 24743 24771 I art     : Explicit concurrent mark sweep GC freed 147(2496B) AllocSpace objects, 0(0B) LOS objects, 28% free, 39MB/55MB, paused 613us total 30.620ms
08-05 20:47:03.817 24743 24771 I art     : Starting a blocking GC Explicit
08-05 20:47:03.849 24743 24771 I art     : Explicit concurrent mark sweep GC freed 98(1664B) AllocSpace objects, 0(0B) LOS objects, 28% free, 39MB/55MB, paused 673us total 31.805ms
08-05 20:47:03.862 24743 24771 I art     : Starting a blocking GC Explicit
08-05 20:47:03.893 24743 24771 I art     : Explicit concurrent mark sweep GC freed 148(2528B) AllocSpace objects, 0(0B) LOS objects, 28% free, 39MB/55MB, paused 615us total 31.227ms
08-05 20:47:04.263 24743 24762 I art     : Starting a blocking GC Explicit
08-05 20:47:04.295 24743 24762 I art     : Explicit concurrent mark sweep GC freed 2579(101KB) AllocSpace objects, 2(40KB) LOS objects, 28% free, 39MB/55MB, paused 626us total 31.889ms
08-05 20:47:04.310 24743 24762 I art     : Starting a blocking GC Explicit
08-05 20:47:04.341 24743 24762 I art     : Explicit concurrent mark sweep GC freed 166(3KB) AllocSpace objects, 0(0B) LOS objects, 28% free, 39MB/55MB, paused 610us total 30.583ms
08-05 20:47:04.353 24743 24762 I art     : Starting a blocking GC Explicit
08-05 20:47:04.385 24743 24762 I art     : Explicit concurrent mark sweep GC freed 103(1760B) AllocSpace objects, 0(0B) LOS objects, 28% free, 39MB/55MB, paused 778us total 31.659ms
08-05 20:47:04.385 24743 24759 I art     : WaitForGcToComplete blocked for 31.876ms for cause HeapTrim
08-05 20:47:04.398 24743 24762 I art     : Starting a blocking GC Explicit
08-05 20:47:04.431 24743 24762 I art     : Explicit concurrent mark sweep GC freed 143(2432B) AllocSpace objects, 0(0B) LOS objects, 28% free, 39MB/55MB, paused 627us total 32.374ms
08-05 20:47:04.443 24743 24762 I art     : Starting a blocking GC Explicit
08-05 20:47:04.476 24743 24762 I art     : Explicit concurrent mark sweep GC freed 147(2496B) AllocSpace objects, 0(0B) LOS objects, 28% free, 39MB/55MB, paused 602us total 32.015ms
08-05 20:47:04.813 24743 24760 I art     : Starting a blocking GC Explicit
08-05 20:47:04.845 24743 24760 I art     : Explicit concurrent mark sweep GC freed 2506(101KB) AllocSpace objects, 2(40KB) LOS objects, 28% free, 39MB/55MB, paused 668us total 32.181ms
08-05 20:47:04.859 24743 24760 I art     : Starting a blocking GC Explicit
08-05 20:47:04.889 24743 24760 I art     : Explicit concurrent mark sweep GC freed 176(3KB) AllocSpace objects, 0(0B) LOS objects, 28% free, 39MB/55MB, paused 621us total 30.381ms
08-05 20:47:04.902 24743 24760 I art     : Starting a blocking GC Explicit
08-05 20:47:04.933 24743 24760 I art     : Explicit concurrent mark sweep GC freed 98(1664B) AllocSpace objects, 0(0B) LOS objects, 28% free, 39MB/55MB, paused 639us total 31.069ms
08-05 20:47:04.946 24743 24760 I art     : Starting a blocking GC Explicit
08-05 20:47:04.977 24743 24760 I art     : Explicit concurrent mark sweep GC freed 148(2528B) AllocSpace objects, 0(0B) LOS objects, 28% free, 39MB/55MB, paused 626us total 30.785ms
08-05 20:47:04.989 24743 24760 I art     : Starting a blocking GC Explicit
08-05 20:47:05.020 24743 24760 I art     : Explicit concurrent mark sweep GC freed 110(1872B) AllocSpace objects, 0(0B) LOS objects, 28% free, 39MB/55MB, paused 786us total 30.151ms
08-05 20:47:05.063 25836 25836 D AndroidRuntime: >>>>>> START com.android.internal.os.RuntimeInit uid 2000 <<<<<<
08-05 20:47:05.068 25836 25836 D AndroidRuntime: CheckJNI is OFF
08-05 20:47:05.103 25836 25836 D ICU     : No timezone override file found: /data/misc/zoneinfo/current/icu/icu_tzdata.dat
08-05 20:47:05.136 25836 25836 I Radio-JNI: register_android_hardware_Radio DONE
08-05 20:47:05.158 25836 25836 D AndroidRuntime: Calling main entry com.android.commands.input.Input
08-05 20:47:05.160 25836 25836 I Input   : injectMotionEvent: MotionEvent { action=ACTION_DOWN, actionButton=0, id[0]=0, x[0]=693.0, y[0]=1450.0, toolType[0]=TOOL_TYPE_UNKNOWN, buttonState=0, metaState=0, flags=0x0, edgeFlags=0x0, pointerCount=1, historySize=0, eventTime=823641573, downTime=823641573, deviceId=0, source=0x1002 }
08-05 20:47:05.166 25836 25836 I Input   : injectMotionEvent: MotionEvent { action=ACTION_UP, actionButton=0, id[0]=0, x[0]=693.0, y[0]=1450.0, toolType[0]=TOOL_TYPE_UNKNOWN, buttonState=0, metaState=0, flags=0x0, edgeFlags=0x0, pointerCount=1, historySize=0, eventTime=823641573, downTime=823641573, deviceId=0, source=0x1002 }
08-05 20:47:05.167 25836 25836 D AndroidRuntime: Shutting down VM
08-05 20:47:05.167   918  6110 I ActivityManager: START u0 {cmp=baseline.io.github.project_travel_mate/.destinations.description.CityHistoryActivity} from uid 10674 on display 0
08-05 20:47:05.169   512  2967 D audio_hw_primary: out_set_parameters: enter: usecase(1: low-latency-playback) kvpairs: routing=2
08-05 20:47:05.182   512  2967 D audio_hw_primary: select_devices: out_snd_device(2: speaker) in_snd_device(0: none)
08-05 20:47:05.183   512  2967 D msm8974_platform: platform_send_audio_calibration: sending audio calibration for snd_device(2) acdb_id(15)
08-05 20:47:05.183   512  2967 I soundtrigger: audio_extn_sound_trigger_update_device_status: device 0x2 of type 0 for Event 1
08-05 20:47:05.193   512  2967 D audio_hw_primary: enable_snd_device: snd_device(2: speaker)
08-05 20:47:05.195 24743 24833 D Gabe    : call	returning from cache
08-05 20:47:05.196   512  2967 D audio_hw_primary: enable_audio_route: apply and update mixer path: low-latency-playback speaker
08-05 20:47:05.197 24743 24743 V EXECUTING: https://project-travel-mate.herokuapp.com/api/get-city-information/1
08-05 20:47:05.328 24743 24760 I art     : Starting a blocking GC Explicit
08-05 20:47:05.330   918   936 I ActivityManager: Displayed baseline.io.github.project_travel_mate/.destinations.description.CityHistoryActivity: +151ms
08-05 20:47:05.330 13866 13866 I GoogleInputMethodServic: GoogleInputMethodService.onFinishInput():3138 
08-05 20:47:05.332 13866 13866 I GoogleInputMethodServic: GoogleInputMethodService.onStartInput():1808 
08-05 20:47:05.358 24743 24760 I art     : Explicit concurrent mark sweep GC freed 3169(156KB) AllocSpace objects, 2(40KB) LOS objects, 26% free, 44MB/60MB, paused 1.007ms total 30.065ms
08-05 20:47:05.373 24743 24760 I art     : Starting a blocking GC Explicit
08-05 20:47:05.405 24743 24760 I art     : Explicit concurrent mark sweep GC freed 307(11KB) AllocSpace objects, 0(0B) LOS objects, 26% free, 44MB/60MB, paused 640us total 31.973ms
08-05 20:47:05.420 24743 24760 I art     : Starting a blocking GC Explicit
08-05 20:47:05.453 24743 24760 I art     : Explicit concurrent mark sweep GC freed 58(1024B) AllocSpace objects, 0(0B) LOS objects, 26% free, 44MB/60MB, paused 797us total 32.850ms
08-05 20:47:05.467 24743 24760 I art     : Starting a blocking GC Explicit
08-05 20:47:05.497 24743 24760 I art     : Explicit concurrent mark sweep GC freed 225(3KB) AllocSpace objects, 0(0B) LOS objects, 26% free, 44MB/60MB, paused 639us total 29.865ms
08-05 20:47:05.510 24743 24760 I art     : Starting a blocking GC Explicit
08-05 20:47:05.539 24743 24760 I art     : Explicit concurrent mark sweep GC freed 216(3KB) AllocSpace objects, 0(0B) LOS objects, 26% free, 44MB/60MB, paused 803us total 29.284ms
08-05 20:47:05.542 13866 13882 I PeriodicStatsRunner: PeriodicStatsRunner.call():175 call()
08-05 20:47:05.542 13866 13882 I PeriodicStatsRunner: PeriodicStatsRunner.call():179 No submit PeriodicStats since input started.
08-05 20:47:05.569   380   380 W SurfaceFlinger: couldn't log to binary event log: overflow.
08-05 20:47:05.729   512  2967 D audio_hw_primary: disable_audio_route: reset and update mixer path: low-latency-playback speaker
08-05 20:47:05.730   512  2967 D audio_hw_primary: disable_snd_device: snd_device(2: speaker)
08-05 20:47:05.738   512  2967 I soundtrigger: audio_extn_sound_trigger_update_device_status: device 0x2 of type 0 for Event 0
08-05 20:47:05.829 24743 25866 I NAPPA_EXPERIMENTATION: MetricNetworkRequestExecutionTime: REQUEST_DURATION_SYSTEM='630',REQUEST_DURATION_OKHTTP='39',REQUEST_SYNCHRONOUS='FALSE',RESPONSE_CODE='200',RESPONSE_METHOD='GET',RESPONSE_LENGTH_OKHTTP='55024',RESPONSE_LENGTH_HEADER='55024',REQUEST_PROTOCOL='http/1.1',REQUEST_URL='https://project-travel-mate.herokuapp.com/api/get-city-information/1',
08-05 20:47:05.860 24743 24762 I art     : Starting a blocking GC Explicit
08-05 20:47:05.891 24743 24762 I art     : Explicit concurrent mark sweep GC freed 5315(248KB) AllocSpace objects, 8(512KB) LOS objects, 26% free, 44MB/60MB, paused 796us total 31.332ms
08-05 20:47:05.905 24743 24762 I art     : Starting a blocking GC Explicit
08-05 20:47:05.935 24743 24762 I art     : Explicit concurrent mark sweep GC freed 2077(1220KB) AllocSpace objects, 15(300KB) LOS objects, 26% free, 44MB/60MB, paused 1.034ms total 30.075ms
08-05 20:47:05.937 13866 13866 I GoogleInputMethodServic: GoogleInputMethodService.onFinishInput():3138 
08-05 20:47:05.937 13866 13866 I GoogleInputMethodServic: GoogleInputMethodService.onStartInput():1808 
08-05 20:47:05.947 24743 24762 I art     : Starting a blocking GC Explicit
08-05 20:47:05.977 24743 24762 I art     : Explicit concurrent mark sweep GC freed 462(111KB) AllocSpace objects, 2(4MB) LOS objects, 28% free, 40MB/56MB, paused 556us total 29.812ms
08-05 20:47:05.990 24743 24762 I art     : Starting a blocking GC Explicit
08-05 20:47:06.021 24743 24762 I art     : Explicit concurrent mark sweep GC freed 193(3KB) AllocSpace objects, 0(0B) LOS objects, 28% free, 40MB/56MB, paused 737us total 31.082ms
08-05 20:47:06.034 24743 24762 I art     : Starting a blocking GC Explicit
08-05 20:47:06.065 24743 24762 I art     : Explicit concurrent mark sweep GC freed 175(2992B) AllocSpace objects, 0(0B) LOS objects, 28% free, 40MB/56MB, paused 629us total 30.633ms
08-05 20:47:06.401 24743 24771 I art     : Starting a blocking GC Explicit
08-05 20:47:06.436 24743 24771 I art     : Explicit concurrent mark sweep GC freed 3023(109KB) AllocSpace objects, 2(40KB) LOS objects, 28% free, 40MB/56MB, paused 651us total 34.259ms
08-05 20:47:06.449 24743 24771 I art     : Starting a blocking GC Explicit
08-05 20:47:06.482 24743 24771 I art     : Explicit concurrent mark sweep GC freed 254(5KB) AllocSpace objects, 0(0B) LOS objects, 28% free, 40MB/56MB, paused 642us total 33.350ms
08-05 20:47:06.495 24743 24771 I art     : Starting a blocking GC Explicit
08-05 20:47:06.528 24743 24771 I art     : Explicit concurrent mark sweep GC freed 219(3KB) AllocSpace objects, 0(0B) LOS objects, 28% free, 40MB/56MB, paused 670us total 33.022ms
08-05 20:47:06.541 24743 24771 I art     : Starting a blocking GC Explicit
08-05 20:47:06.575 24743 24771 I art     : Explicit concurrent mark sweep GC freed 219(3KB) AllocSpace objects, 0(0B) LOS objects, 28% free, 40MB/56MB, paused 650us total 33.369ms
08-05 20:47:06.588 24743 24771 I art     : Starting a blocking GC Explicit
08-05 20:47:06.623 24743 24771 I art     : Explicit concurrent mark sweep GC freed 199(3KB) AllocSpace objects, 0(0B) LOS objects, 28% free, 40MB/56MB, paused 808us total 34.518ms
08-05 20:47:06.985 24743 25266 I art     : Starting a blocking GC Explicit
08-05 20:47:07.024 24743 25266 I art     : Explicit concurrent mark sweep GC freed 3166(111KB) AllocSpace objects, 2(40KB) LOS objects, 28% free, 40MB/56MB, paused 727us total 38.519ms
08-05 20:47:07.038 24743 25266 I art     : Starting a blocking GC Explicit
08-05 20:47:07.073 24743 25266 I art     : Explicit concurrent mark sweep GC freed 216(4KB) AllocSpace objects, 0(0B) LOS objects, 28% free, 40MB/56MB, paused 737us total 34.706ms
08-05 20:47:07.086 24743 25266 I art     : Starting a blocking GC Explicit
08-05 20:47:07.120 24743 25266 I art     : Explicit concurrent mark sweep GC freed 209(3KB) AllocSpace objects, 0(0B) LOS objects, 28% free, 40MB/56MB, paused 632us total 33.859ms
08-05 20:47:07.133 24743 25266 I art     : Starting a blocking GC Explicit
08-05 20:47:07.167 24743 25266 I art     : Explicit concurrent mark sweep GC freed 219(3KB) AllocSpace objects, 0(0B) LOS objects, 28% free, 40MB/56MB, paused 770us total 33.504ms
08-05 20:47:07.180 24743 25266 I art     : Starting a blocking GC Explicit
08-05 20:47:07.213 24743 25266 I art     : Explicit concurrent mark sweep GC freed 219(3KB) AllocSpace objects, 0(0B) LOS objects, 28% free, 40MB/56MB, paused 628us total 33.020ms
08-05 20:47:07.566 24743 24760 I art     : Starting a blocking GC Explicit
08-05 20:47:07.600 24743 24760 I art     : Explicit concurrent mark sweep GC freed 3083(110KB) AllocSpace objects, 2(40KB) LOS objects, 28% free, 40MB/56MB, paused 663us total 33.725ms
08-05 20:47:07.613 24743 24760 I art     : Starting a blocking GC Explicit
08-05 20:47:07.647 24743 24760 I art     : Explicit concurrent mark sweep GC freed 238(4KB) AllocSpace objects, 0(0B) LOS objects, 28% free, 40MB/56MB, paused 653us total 33.468ms
08-05 20:47:07.660 24743 24760 I art     : Starting a blocking GC Explicit
08-05 20:47:07.693 24743 24760 I art     : Explicit concurrent mark sweep GC freed 225(4KB) AllocSpace objects, 0(0B) LOS objects, 28% free, 40MB/56MB, paused 744us total 33.523ms
08-05 20:47:07.707 24743 24760 I art     : Starting a blocking GC Explicit
08-05 20:47:07.740 24743 24760 I art     : Explicit concurrent mark sweep GC freed 171(3KB) AllocSpace objects, 0(0B) LOS objects, 28% free, 40MB/56MB, paused 804us total 33.381ms
08-05 20:47:07.753 24743 24760 I art     : Starting a blocking GC Explicit
08-05 20:47:07.788 24743 24760 I art     : Explicit concurrent mark sweep GC freed 211(3KB) AllocSpace objects, 0(0B) LOS objects, 28% free, 40MB/56MB, paused 657us total 34.525ms
08-05 20:47:08.169 24743 24762 I art     : Starting a blocking GC Explicit
08-05 20:47:08.206 24743 24762 I art     : Explicit concurrent mark sweep GC freed 3227(112KB) AllocSpace objects, 2(40KB) LOS objects, 28% free, 40MB/56MB, paused 637us total 36.351ms
08-05 20:47:08.223 24743 24762 I art     : Starting a blocking GC Explicit
08-05 20:47:08.256 24743 24762 I art     : Explicit concurrent mark sweep GC freed 241(4KB) AllocSpace objects, 0(0B) LOS objects, 28% free, 40MB/56MB, paused 828us total 33.107ms
08-05 20:47:08.269 24743 24762 I art     : Starting a blocking GC Explicit
08-05 20:47:08.302 24743 24762 I art     : Explicit concurrent mark sweep GC freed 216(3KB) AllocSpace objects, 0(0B) LOS objects, 28% free, 40MB/56MB, paused 644us total 32.579ms
08-05 20:47:08.315 24743 24762 I art     : Starting a blocking GC Explicit
08-05 20:47:08.348 24743 24762 I art     : Explicit concurrent mark sweep GC freed 220(3KB) AllocSpace objects, 0(0B) LOS objects, 28% free, 40MB/56MB, paused 766us total 32.058ms
08-05 20:47:08.361 24743 24762 I art     : Starting a blocking GC Explicit
08-05 20:47:08.394 24743 24762 I art     : Explicit concurrent mark sweep GC freed 219(3KB) AllocSpace objects, 0(0B) LOS objects, 28% free, 40MB/56MB, paused 648us total 33.275ms
08-05 20:47:08.769 24743 24771 I art     : Starting a blocking GC Explicit
08-05 20:47:08.806 24743 24771 I art     : Explicit concurrent mark sweep GC freed 3156(111KB) AllocSpace objects, 2(40KB) LOS objects, 28% free, 40MB/56MB, paused 658us total 37.079ms
08-05 20:47:08.823 24743 24771 I art     : Starting a blocking GC Explicit
08-05 20:47:08.856 24743 24771 I art     : Explicit concurrent mark sweep GC freed 237(4KB) AllocSpace objects, 0(0B) LOS objects, 28% free, 40MB/56MB, paused 635us total 32.132ms
08-05 20:47:08.869 24743 24771 I art     : Starting a blocking GC Explicit
08-05 20:47:08.901 24743 24771 I art     : Explicit concurrent mark sweep GC freed 220(3KB) AllocSpace objects, 0(0B) LOS objects, 28% free, 40MB/56MB, paused 645us total 32.669ms
08-05 20:47:08.915 24743 24771 I art     : Starting a blocking GC Explicit
08-05 20:47:08.948 24743 24771 I art     : Explicit concurrent mark sweep GC freed 219(3KB) AllocSpace objects, 0(0B) LOS objects, 28% free, 40MB/56MB, paused 656us total 32.857ms
08-05 20:47:08.961 24743 24771 I art     : Starting a blocking GC Explicit
08-05 20:47:08.994 24743 24771 I art     : Explicit concurrent mark sweep GC freed 218(3KB) AllocSpace objects, 0(0B) LOS objects, 28% free, 40MB/56MB, paused 665us total 32.873ms
08-05 20:47:09.372 24743 25266 I art     : Starting a blocking GC Explicit
08-05 20:47:09.410 24743 25266 I art     : Explicit concurrent mark sweep GC freed 3185(112KB) AllocSpace objects, 2(40KB) LOS objects, 28% free, 40MB/56MB, paused 899us total 37.537ms
08-05 20:47:09.425 24743 25266 I art     : Starting a blocking GC Explicit
08-05 20:47:09.458 24743 25266 I art     : Explicit concurrent mark sweep GC freed 247(4KB) AllocSpace objects, 0(0B) LOS objects, 28% free, 40MB/56MB, paused 757us total 32.712ms
08-05 20:47:09.458 24743 24759 I art     : WaitForGcToComplete blocked for 27.347ms for cause HeapTrim
08-05 20:47:09.471 24743 25266 I art     : Starting a blocking GC Explicit
08-05 20:47:09.503 24743 25266 I art     : Explicit concurrent mark sweep GC freed 203(3KB) AllocSpace objects, 0(0B) LOS objects, 28% free, 40MB/56MB, paused 693us total 32.421ms
08-05 20:47:09.516 24743 25266 I art     : Starting a blocking GC Explicit
08-05 20:47:09.548 24743 25266 I art     : Explicit concurrent mark sweep GC freed 219(3KB) AllocSpace objects, 0(0B) LOS objects, 28% free, 40MB/56MB, paused 687us total 31.598ms
08-05 20:47:09.561 24743 25266 I art     : Starting a blocking GC Explicit
08-05 20:47:09.594 24743 25266 I art     : Explicit concurrent mark sweep GC freed 218(3KB) AllocSpace objects, 0(0B) LOS objects, 28% free, 40MB/56MB, paused 666us total 32.550ms
08-05 20:47:09.836 25943 25943 D AndroidRuntime: >>>>>> START com.android.internal.os.RuntimeInit uid 2000 <<<<<<
08-05 20:47:09.841 25943 25943 D AndroidRuntime: CheckJNI is OFF
08-05 20:47:09.875 25943 25943 D ICU     : No timezone override file found: /data/misc/zoneinfo/current/icu/icu_tzdata.dat
08-05 20:47:09.909 25943 25943 I Radio-JNI: register_android_hardware_Radio DONE
08-05 20:47:09.931 25943 25943 D AndroidRuntime: Calling main entry com.android.commands.input.Input
08-05 20:47:09.932 25943 25943 I Input   : injectKeyEvent: KeyEvent { action=ACTION_DOWN, keyCode=KEYCODE_BACK, scanCode=0, metaState=0, flags=0x0, repeatCount=0, eventTime=823646346, downTime=823646346, deviceId=-1, source=0x101 }
08-05 20:47:09.937 25943 25943 I Input   : injectKeyEvent: KeyEvent { action=ACTION_UP, keyCode=KEYCODE_BACK, scanCode=0, metaState=0, flags=0x0, repeatCount=0, eventTime=823646346, downTime=823646346, deviceId=-1, source=0x101 }
08-05 20:47:09.942 25943 25943 D AndroidRuntime: Shutting down VM
08-05 20:47:09.946 24743 25266 I art     : Starting a blocking GC Explicit
08-05 20:47:09.979 24743 25266 I art     : Explicit concurrent mark sweep GC freed 3063(111KB) AllocSpace objects, 2(40KB) LOS objects, 28% free, 40MB/56MB, paused 613us total 33.009ms
08-05 20:47:09.985 13866 13866 I GoogleInputMethodServic: GoogleInputMethodService.onFinishInput():3138 
08-05 20:47:09.987 13866 13866 I GoogleInputMethodServic: GoogleInputMethodService.onStartInput():1808 
08-05 20:47:09.992 24743 25266 I art     : Starting a blocking GC Explicit
08-05 20:47:10.027 24743 25266 I art     : Explicit concurrent mark sweep GC freed 332(6KB) AllocSpace objects, 0(0B) LOS objects, 28% free, 40MB/56MB, paused 1.891ms total 34.808ms
08-05 20:47:10.039 24743 25266 I art     : Starting a blocking GC Explicit
08-05 20:47:10.067 24743 25266 I art     : Explicit concurrent mark sweep GC freed 183(3KB) AllocSpace objects, 0(0B) LOS objects, 28% free, 40MB/56MB, paused 626us total 27.415ms
08-05 20:47:10.079 24743 25266 I art     : Starting a blocking GC Explicit
08-05 20:47:10.110 24743 25266 I art     : Explicit concurrent mark sweep GC freed 216(3KB) AllocSpace objects, 0(0B) LOS objects, 28% free, 40MB/56MB, paused 714us total 30.639ms
08-05 20:47:10.123 24743 25266 I art     : Starting a blocking GC Explicit
08-05 20:47:10.155 24743 25266 I art     : Explicit concurrent mark sweep GC freed 149(2544B) AllocSpace objects, 0(0B) LOS objects, 28% free, 40MB/56MB, paused 659us total 31.333ms
08-05 20:47:10.291   380   380 W SurfaceFlinger: couldn't log to binary event log: overflow.
08-05 20:47:10.331 13866 13882 I PeriodicStatsRunner: PeriodicStatsRunner.call():175 call()
08-05 20:47:10.331 13866 13882 I PeriodicStatsRunner: PeriodicStatsRunner.call():179 No submit PeriodicStats since input started.
08-05 20:47:10.477 24743 24771 I art     : Starting a blocking GC Explicit
08-05 20:47:10.513 24743 24771 I art     : Explicit concurrent mark sweep GC freed 2723(104KB) AllocSpace objects, 3(228KB) LOS objects, 28% free, 40MB/56MB, paused 711us total 36.006ms
08-05 20:47:10.527 24743 24771 I art     : Starting a blocking GC Explicit
08-05 20:47:10.560 24743 24771 I art     : Explicit concurrent mark sweep GC freed 4805(340KB) AllocSpace objects, 7(132KB) LOS objects, 28% free, 39MB/55MB, paused 882us total 32.696ms
08-05 20:47:10.573 24743 24771 I art     : Starting a blocking GC Explicit
08-05 20:47:10.605 24743 24771 I art     : Explicit concurrent mark sweep GC freed 140(2384B) AllocSpace objects, 0(0B) LOS objects, 28% free, 39MB/55MB, paused 649us total 32.417ms
08-05 20:47:10.618 24743 24771 I art     : Starting a blocking GC Explicit
08-05 20:47:10.652 24743 24771 I art     : Explicit concurrent mark sweep GC freed 147(2496B) AllocSpace objects, 0(0B) LOS objects, 28% free, 39MB/55MB, paused 662us total 33.244ms
08-05 20:47:10.665 24743 24771 I art     : Starting a blocking GC Explicit
08-05 20:47:10.698 24743 24771 I art     : Explicit concurrent mark sweep GC freed 170(3KB) AllocSpace objects, 0(0B) LOS objects, 28% free, 39MB/55MB, paused 663us total 33.048ms
08-05 20:47:10.937 13866 13882 I PeriodicStatsRunner: PeriodicStatsRunner.call():175 call()
08-05 20:47:10.938 13866 13882 I PeriodicStatsRunner: PeriodicStatsRunner.call():179 No submit PeriodicStats since input started.
08-05 20:47:11.034 24743 25266 I art     : Starting a blocking GC Explicit
08-05 20:47:11.068 24743 25266 I art     : Explicit concurrent mark sweep GC freed 2493(100KB) AllocSpace objects, 2(40KB) LOS objects, 28% free, 39MB/55MB, paused 680us total 33.499ms
08-05 20:47:11.082 24743 25266 I art     : Starting a blocking GC Explicit
08-05 20:47:11.086   918  3261 D WifiStateMachine: starting scan for "H369AA63323"WPA_PSK with 2412,5180
08-05 20:47:11.113 24743 25266 I art     : Explicit concurrent mark sweep GC freed 166(3KB) AllocSpace objects, 0(0B) LOS objects, 28% free, 39MB/55MB, paused 644us total 31.264ms
08-05 20:47:11.126 24743 25266 I art     : Starting a blocking GC Explicit
08-05 20:47:11.158 24743 25266 I art     : Explicit concurrent mark sweep GC freed 99(1696B) AllocSpace objects, 0(0B) LOS objects, 28% free, 39MB/55MB, paused 663us total 32.052ms
08-05 20:47:11.172 24743 25266 I art     : Starting a blocking GC Explicit
08-05 20:47:11.202 24743 25266 I art     : Explicit concurrent mark sweep GC freed 147(2496B) AllocSpace objects, 0(0B) LOS objects, 28% free, 39MB/55MB, paused 693us total 30.180ms
08-05 20:47:11.215 24743 25266 I art     : Starting a blocking GC Explicit
08-05 20:47:11.246 24743 25266 I art     : Explicit concurrent mark sweep GC freed 147(2496B) AllocSpace objects, 0(0B) LOS objects, 28% free, 39MB/55MB, paused 722us total 31.119ms
08-05 20:47:11.572 25988 25988 D AndroidRuntime: >>>>>> START com.android.internal.os.RuntimeInit uid 2000 <<<<<<
08-05 20:47:11.577 25988 25988 D AndroidRuntime: CheckJNI is OFF
08-05 20:47:11.593 24743 24760 I art     : Starting a blocking GC Explicit
08-05 20:47:11.612 25988 25988 D ICU     : No timezone override file found: /data/misc/zoneinfo/current/icu/icu_tzdata.dat
08-05 20:47:11.626 24743 24760 I art     : Explicit concurrent mark sweep GC freed 2483(100KB) AllocSpace objects, 2(40KB) LOS objects, 28% free, 39MB/55MB, paused 654us total 32.173ms
08-05 20:47:11.639 24743 24760 I art     : Starting a blocking GC Explicit
08-05 20:47:11.649 25988 25988 I Radio-JNI: register_android_hardware_Radio DONE
08-05 20:47:11.669 24743 24760 I art     : Explicit concurrent mark sweep GC freed 166(3KB) AllocSpace objects, 0(0B) LOS objects, 28% free, 39MB/55MB, paused 613us total 29.943ms
08-05 20:47:11.672 25988 25988 D AndroidRuntime: Calling main entry com.android.commands.input.Input
08-05 20:47:11.673 25988 25988 I Input   : injectKeyEvent: KeyEvent { action=ACTION_DOWN, keyCode=KEYCODE_BACK, scanCode=0, metaState=0, flags=0x0, repeatCount=0, eventTime=823648087, downTime=823648087, deviceId=-1, source=0x101 }
08-05 20:47:11.679 25988 25988 I Input   : injectKeyEvent: KeyEvent { action=ACTION_UP, keyCode=KEYCODE_BACK, scanCode=0, metaState=0, flags=0x0, repeatCount=0, eventTime=823648087, downTime=823648087, deviceId=-1, source=0x101 }
08-05 20:47:11.681 24743 24760 I art     : Starting a blocking GC Explicit
08-05 20:47:11.685 25988 25988 D AndroidRuntime: Shutting down VM
08-05 20:47:11.694 24743 24743 V MainActivity: url = https://project-travel-mate.herokuapp.com/api/number-of-unread-notifications
08-05 20:47:11.709 24743 24760 I art     : Explicit concurrent mark sweep GC freed 425(14KB) AllocSpace objects, 0(0B) LOS objects, 28% free, 39MB/55MB, paused 680us total 28.032ms
08-05 20:47:11.720 13866 13866 I GoogleInputMethodServic: GoogleInputMethodService.onFinishInput():3138 
08-05 20:47:11.721 13866 13866 I GoogleInputMethodServic: GoogleInputMethodService.onStartInput():1808 
08-05 20:47:11.721 24743 24760 I art     : Starting a blocking GC Explicit
08-05 20:47:11.753 24743 24760 I art     : Explicit concurrent mark sweep GC freed 315(9KB) AllocSpace objects, 0(0B) LOS objects, 28% free, 39MB/55MB, paused 682us total 31.623ms
08-05 20:47:11.766 24743 24760 I art     : Starting a blocking GC Explicit
08-05 20:47:11.794 24743 24760 I art     : Explicit concurrent mark sweep GC freed 161(3KB) AllocSpace objects, 0(0B) LOS objects, 28% free, 39MB/55MB, paused 788us total 27.825ms
08-05 20:47:12.026   380   380 W SurfaceFlinger: couldn't log to binary event log: overflow.
08-05 20:47:12.110 24743 24762 I art     : Starting a blocking GC Explicit
08-05 20:47:12.147 24743 24762 I art     : Explicit concurrent mark sweep GC freed 2416(104KB) AllocSpace objects, 2(40KB) LOS objects, 28% free, 39MB/55MB, paused 829us total 36.482ms
08-05 20:47:12.162 24743 24762 I art     : Starting a blocking GC Explicit
08-05 20:47:12.196 24743 24762 I art     : Explicit concurrent mark sweep GC freed 233(9KB) AllocSpace objects, 0(0B) LOS objects, 28% free, 39MB/55MB, paused 869us total 33.689ms
08-05 20:47:12.209 24743 24762 I art     : Starting a blocking GC Explicit
08-05 20:47:12.242 24743 24762 I art     : Explicit concurrent mark sweep GC freed 52(928B) AllocSpace objects, 0(0B) LOS objects, 28% free, 39MB/55MB, paused 737us total 32.967ms
08-05 20:47:12.255 24743 24762 I art     : Starting a blocking GC Explicit
08-05 20:47:12.289 24743 24762 I art     : Explicit concurrent mark sweep GC freed 75(1296B) AllocSpace objects, 0(0B) LOS objects, 28% free, 39MB/55MB, paused 727us total 34.142ms
08-05 20:47:12.302 24743 24762 I art     : Starting a blocking GC Explicit
08-05 20:47:12.337 24743 24762 I art     : Explicit concurrent mark sweep GC freed 75(1296B) AllocSpace objects, 0(0B) LOS objects, 28% free, 39MB/55MB, paused 741us total 34.212ms
08-05 20:47:12.601 24743 26012 I NAPPA_EXPERIMENTATION: MetricNetworkRequestExecutionTime: REQUEST_DURATION_SYSTEM='907',REQUEST_DURATION_OKHTTP='41',REQUEST_SYNCHRONOUS='FALSE',RESPONSE_CODE='200',RESPONSE_METHOD='GET',RESPONSE_LENGTH_OKHTTP='36',RESPONSE_LENGTH_HEADER='36',REQUEST_PROTOCOL='http/1.1',REQUEST_URL='https://project-travel-mate.herokuapp.com/api/number-of-unread-notifications',
08-05 20:47:12.683 24743 25266 I art     : Starting a blocking GC Explicit
08-05 20:47:12.718 24743 25266 I art     : Explicit concurrent mark sweep GC freed 4792(240KB) AllocSpace objects, 5(240KB) LOS objects, 28% free, 39MB/55MB, paused 757us total 34.550ms
08-05 20:47:12.731 24743 25266 I art     : Starting a blocking GC Explicit
08-05 20:47:12.764 24743 25266 I art     : Explicit concurrent mark sweep GC freed 1037(118KB) AllocSpace objects, 0(0B) LOS objects, 28% free, 39MB/55MB, paused 734us total 32.791ms
08-05 20:47:12.777 24743 25266 I art     : Starting a blocking GC Explicit
08-05 20:47:12.810 24743 25266 I art     : Explicit concurrent mark sweep GC freed 51(896B) AllocSpace objects, 0(0B) LOS objects, 28% free, 39MB/55MB, paused 705us total 33.012ms
08-05 20:47:12.823 24743 25266 I art     : Starting a blocking GC Explicit
08-05 20:47:12.857 24743 25266 I art     : Explicit concurrent mark sweep GC freed 76(1328B) AllocSpace objects, 0(0B) LOS objects, 28% free, 39MB/55MB, paused 775us total 34.064ms
08-05 20:47:12.870 24743 25266 I art     : Starting a blocking GC Explicit
08-05 20:47:12.905 24743 25266 I art     : Explicit concurrent mark sweep GC freed 75(1296B) AllocSpace objects, 0(0B) LOS objects, 28% free, 39MB/55MB, paused 744us total 34.317ms
08-05 20:47:13.228 24743 24771 I art     : Starting a blocking GC Explicit
08-05 20:47:13.264 24743 24771 I art     : Explicit concurrent mark sweep GC freed 1955(91KB) AllocSpace objects, 2(40KB) LOS objects, 28% free, 39MB/55MB, paused 823us total 35.270ms
08-05 20:47:13.281 24743 24771 I art     : Starting a blocking GC Explicit
08-05 20:47:13.312 24743 24771 I art     : Explicit concurrent mark sweep GC freed 70(1584B) AllocSpace objects, 0(0B) LOS objects, 28% free, 39MB/55MB, paused 688us total 30.559ms
08-05 20:47:13.326 24743 24771 I art     : Starting a blocking GC Explicit
08-05 20:47:13.349 26034 26034 D AndroidRuntime: >>>>>> START com.android.internal.os.RuntimeInit uid 2000 <<<<<<
08-05 20:47:13.354 26034 26034 D AndroidRuntime: CheckJNI is OFF
08-05 20:47:13.358 24743 24771 I art     : Explicit concurrent mark sweep GC freed 80(1456B) AllocSpace objects, 0(0B) LOS objects, 28% free, 39MB/55MB, paused 702us total 31.127ms
08-05 20:47:13.370 24743 24771 I art     : Starting a blocking GC Explicit
08-05 20:47:13.389 26034 26034 D ICU     : No timezone override file found: /data/misc/zoneinfo/current/icu/icu_tzdata.dat
08-05 20:47:13.401 24743 24771 I art     : Explicit concurrent mark sweep GC freed 81(1488B) AllocSpace objects, 0(0B) LOS objects, 28% free, 39MB/55MB, paused 709us total 30.860ms
08-05 20:47:13.414 24743 24771 I art     : Starting a blocking GC Explicit
08-05 20:47:13.423 26034 26034 I Radio-JNI: register_android_hardware_Radio DONE
08-05 20:47:13.445 26034 26034 D AndroidRuntime: Calling main entry com.android.commands.input.Input
08-05 20:47:13.445 24743 24771 I art     : Explicit concurrent mark sweep GC freed 56(1056B) AllocSpace objects, 0(0B) LOS objects, 28% free, 39MB/55MB, paused 712us total 31.028ms
08-05 20:47:13.446 26034 26034 I Input   : injectMotionEvent: MotionEvent { action=ACTION_DOWN, actionButton=0, id[0]=0, x[0]=117.0, y[0]=170.0, toolType[0]=TOOL_TYPE_UNKNOWN, buttonState=0, metaState=0, flags=0x0, edgeFlags=0x0, pointerCount=1, historySize=0, eventTime=823649859, downTime=823649859, deviceId=0, source=0x1002 }
08-05 20:47:13.451 26034 26034 I Input   : injectMotionEvent: MotionEvent { action=ACTION_UP, actionButton=0, id[0]=0, x[0]=117.0, y[0]=170.0, toolType[0]=TOOL_TYPE_UNKNOWN, buttonState=0, metaState=0, flags=0x0, edgeFlags=0x0, pointerCount=1, historySize=0, eventTime=823649859, downTime=823649859, deviceId=0, source=0x1002 }
08-05 20:47:13.454 26034 26034 D AndroidRuntime: Shutting down VM
08-05 20:47:13.466   512  2967 D audio_hw_primary: out_set_parameters: enter: usecase(1: low-latency-playback) kvpairs: routing=2
08-05 20:47:13.478   512  2967 D audio_hw_primary: select_devices: out_snd_device(2: speaker) in_snd_device(0: none)
08-05 20:47:13.479   512  2967 D msm8974_platform: platform_send_audio_calibration: sending audio calibration for snd_device(2) acdb_id(15)
08-05 20:47:13.479   512  2967 I soundtrigger: audio_extn_sound_trigger_update_device_status: device 0x2 of type 0 for Event 1
08-05 20:47:13.489   512  2967 D audio_hw_primary: enable_snd_device: snd_device(2: speaker)
08-05 20:47:13.491   512  2967 D audio_hw_primary: enable_audio_route: apply and update mixer path: low-latency-playback speaker
08-05 20:47:13.749 24743 24762 I art     : Starting a blocking GC Explicit
08-05 20:47:13.782 24743 24762 I art     : Explicit concurrent mark sweep GC freed 2379(114KB) AllocSpace objects, 2(40KB) LOS objects, 28% free, 40MB/56MB, paused 836us total 33.613ms
08-05 20:47:13.795 24743 24762 I art     : Starting a blocking GC Explicit
08-05 20:47:13.825 24743 24762 I art     : Explicit concurrent mark sweep GC freed 105(3KB) AllocSpace objects, 0(0B) LOS objects, 28% free, 40MB/56MB, paused 709us total 29.916ms
08-05 20:47:13.837 24743 24762 I art     : Starting a blocking GC Explicit
08-05 20:47:13.866 24743 24762 I art     : Explicit concurrent mark sweep GC freed 82(1520B) AllocSpace objects, 0(0B) LOS objects, 28% free, 40MB/56MB, paused 675us total 28.743ms
08-05 20:47:13.879 24743 24762 I art     : Starting a blocking GC Explicit
08-05 20:47:13.909 24743 24762 I art     : Explicit concurrent mark sweep GC freed 54(1024B) AllocSpace objects, 0(0B) LOS objects, 28% free, 40MB/56MB, paused 748us total 30.349ms
08-05 20:47:13.922 24743 24762 I art     : Starting a blocking GC Explicit
08-05 20:47:13.952 24743 24762 I art     : Explicit concurrent mark sweep GC freed 77(1360B) AllocSpace objects, 0(0B) LOS objects, 28% free, 40MB/56MB, paused 691us total 29.476ms
08-05 20:47:14.030   512  2967 D audio_hw_primary: disable_audio_route: reset and update mixer path: low-latency-playback speaker
08-05 20:47:14.031   512  2967 D audio_hw_primary: disable_snd_device: snd_device(2: speaker)
08-05 20:47:14.039   512  2967 I soundtrigger: audio_extn_sound_trigger_update_device_status: device 0x2 of type 0 for Event 0
08-05 20:47:14.094 26069 26069 D AndroidRuntime: >>>>>> START com.android.internal.os.RuntimeInit uid 2000 <<<<<<
08-05 20:47:14.099 26069 26069 D AndroidRuntime: CheckJNI is OFF
08-05 20:47:14.130 26069 26069 D ICU     : No timezone override file found: /data/misc/zoneinfo/current/icu/icu_tzdata.dat
08-05 20:47:14.161 26069 26069 I Radio-JNI: register_android_hardware_Radio DONE
08-05 20:47:14.182 26069 26069 D AndroidRuntime: Calling main entry com.android.commands.input.Input
08-05 20:47:14.184 26069 26069 I Input   : injectMotionEvent: MotionEvent { action=ACTION_DOWN, actionButton=0, id[0]=0, x[0]=355.0, y[0]=1674.0, toolType[0]=TOOL_TYPE_UNKNOWN, buttonState=0, metaState=0, flags=0x0, edgeFlags=0x0, pointerCount=1, historySize=0, eventTime=823650597, downTime=823650597, deviceId=0, source=0x1002 }
08-05 20:47:14.188 26069 26069 I Input   : injectMotionEvent: MotionEvent { action=ACTION_UP, actionButton=0, id[0]=0, x[0]=355.0, y[0]=1674.0, toolType[0]=TOOL_TYPE_UNKNOWN, buttonState=0, metaState=0, flags=0x0, edgeFlags=0x0, pointerCount=1, historySize=0, eventTime=823650597, downTime=823650597, deviceId=0, source=0x1002 }
08-05 20:47:14.189 26069 26069 D AndroidRuntime: Shutting down VM
08-05 20:47:14.199   512  2967 D audio_hw_primary: out_set_parameters: enter: usecase(1: low-latency-playback) kvpairs: routing=2
08-05 20:47:14.212   512  2967 D audio_hw_primary: select_devices: out_snd_device(2: speaker) in_snd_device(0: none)
08-05 20:47:14.212   512  2967 D msm8974_platform: platform_send_audio_calibration: sending audio calibration for snd_device(2) acdb_id(15)
08-05 20:47:14.212   512  2967 I soundtrigger: audio_extn_sound_trigger_update_device_status: device 0x2 of type 0 for Event 1
08-05 20:47:14.221   512  2967 D audio_hw_primary: enable_snd_device: snd_device(2: speaker)
08-05 20:47:14.223   512  2967 D audio_hw_primary: enable_audio_route: apply and update mixer path: low-latency-playback speaker
08-05 20:47:14.268   512  2967 D AudioFlinger: mixer(0xf4740000) throttle end: throttle time(12)
08-05 20:47:14.276 24743 24771 I art     : Starting a blocking GC Explicit
08-05 20:47:14.309 24743 24771 I art     : Explicit concurrent mark sweep GC freed 2236(113KB) AllocSpace objects, 2(40KB) LOS objects, 23% free, 51MB/67MB, paused 770us total 32.634ms
08-05 20:47:14.321 24743 24771 I art     : Starting a blocking GC Explicit
08-05 20:47:14.351 24743 24771 I art     : Explicit concurrent mark sweep GC freed 1392(141KB) AllocSpace objects, 0(0B) LOS objects, 17% free, 73MB/89MB, paused 738us total 29.557ms
08-05 20:47:14.363 24743 24771 I art     : Starting a blocking GC Explicit
08-05 20:47:14.394 24743 24771 I art     : Explicit concurrent mark sweep GC freed 5(192B) AllocSpace objects, 0(0B) LOS objects, 17% free, 73MB/89MB, paused 765us total 30.135ms
08-05 20:47:14.406 24743 24771 I art     : Starting a blocking GC Explicit
08-05 20:47:14.437 24743 24771 I art     : Explicit concurrent mark sweep GC freed 3(96B) AllocSpace objects, 0(0B) LOS objects, 17% free, 73MB/89MB, paused 735us total 29.878ms
08-05 20:47:14.449 24743 24771 I art     : Starting a blocking GC Explicit
08-05 20:47:14.478 24743 24771 I art     : Explicit concurrent mark sweep GC freed 4(128B) AllocSpace objects, 0(0B) LOS objects, 17% free, 73MB/89MB, paused 897us total 29.059ms
08-05 20:47:14.768   512  2967 D audio_hw_primary: disable_audio_route: reset and update mixer path: low-latency-playback speaker
08-05 20:47:14.770   512  2967 D audio_hw_primary: disable_snd_device: snd_device(2: speaker)
08-05 20:47:14.778   512  2967 I soundtrigger: audio_extn_sound_trigger_update_device_status: device 0x2 of type 0 for Event 0
08-05 20:47:14.778 24743 24762 I art     : Starting a blocking GC Explicit
08-05 20:47:14.810 24743 24762 I art     : Explicit concurrent mark sweep GC freed 27(2016B) AllocSpace objects, 0(0B) LOS objects, 10% free, 134MB/150MB, paused 795us total 31.062ms
08-05 20:47:14.823 24743 24762 I art     : Starting a blocking GC Explicit
08-05 20:47:14.852 24743 24762 I art     : Explicit concurrent mark sweep GC freed 5(192B) AllocSpace objects, 0(0B) LOS objects, 10% free, 134MB/150MB, paused 726us total 29.381ms
08-05 20:47:14.865 24743 24762 I art     : Starting a blocking GC Explicit
08-05 20:47:14.894 24743 24762 I art     : Explicit concurrent mark sweep GC freed 3(96B) AllocSpace objects, 0(0B) LOS objects, 10% free, 134MB/150MB, paused 726us total 28.845ms
08-05 20:47:14.905 24743 24743 I Choreographer: Skipped 41 frames!  The application may be doing too much work on its main thread.
08-05 20:47:14.905 24743 24743 V MainActivity: url = https://project-travel-mate.herokuapp.com/api/number-of-unread-notifications
08-05 20:47:14.906 24743 24762 I art     : Starting a blocking GC Explicit
08-05 20:47:14.938 24743 24762 I art     : Explicit concurrent mark sweep GC freed 879(35KB) AllocSpace objects, 0(0B) LOS objects, 10% free, 134MB/150MB, paused 1.323ms total 31.646ms
08-05 20:47:14.951 24743 24762 I art     : Starting a blocking GC Explicit
08-05 20:47:14.982 24743 24762 I art     : Explicit concurrent mark sweep GC freed 995(36KB) AllocSpace objects, 9(252KB) LOS objects, 10% free, 134MB/150MB, paused 862us total 30.930ms
08-05 20:47:14.986 13866 13882 I PeriodicStatsRunner: PeriodicStatsRunner.call():175 call()
08-05 20:47:14.987 13866 13882 I PeriodicStatsRunner: PeriodicStatsRunner.call():179 No submit PeriodicStats since input started.
08-05 20:47:15.401 24743 24762 I art     : Starting a blocking GC Explicit
08-05 20:47:15.438 24743 24762 I art     : Explicit concurrent mark sweep GC freed 2230(131KB) AllocSpace objects, 2(36KB) LOS objects, 10% free, 134MB/150MB, paused 872us total 36.530ms
08-05 20:47:15.453 24743 24762 I art     : Starting a blocking GC Explicit
08-05 20:47:15.487 24743 24762 I art     : Explicit concurrent mark sweep GC freed 42(1840B) AllocSpace objects, 0(0B) LOS objects, 10% free, 134MB/150MB, paused 832us total 34.071ms
08-05 20:47:15.500 24743 24762 I art     : Starting a blocking GC Explicit
08-05 20:47:15.534 24743 24762 I art     : Explicit concurrent mark sweep GC freed 3(96B) AllocSpace objects, 0(0B) LOS objects, 10% free, 134MB/150MB, paused 773us total 33.677ms
08-05 20:47:15.548 24743 24762 I art     : Starting a blocking GC Explicit
08-05 20:47:15.582 24743 24762 I art     : Explicit concurrent mark sweep GC freed 3(96B) AllocSpace objects, 0(0B) LOS objects, 10% free, 134MB/150MB, paused 682us total 34.144ms
08-05 20:47:15.595 24743 24762 I art     : Starting a blocking GC Explicit
08-05 20:47:15.629 24743 24762 I art     : Explicit concurrent mark sweep GC freed 3(96B) AllocSpace objects, 0(0B) LOS objects, 10% free, 134MB/150MB, paused 783us total 33.635ms
08-05 20:47:15.770 24743 26102 I NAPPA_EXPERIMENTATION: MetricNetworkRequestExecutionTime: REQUEST_DURATION_SYSTEM='864',REQUEST_DURATION_OKHTTP='28',REQUEST_SYNCHRONOUS='FALSE',RESPONSE_CODE='200',RESPONSE_METHOD='GET',RESPONSE_LENGTH_OKHTTP='36',RESPONSE_LENGTH_HEADER='36',REQUEST_PROTOCOL='http/1.1',REQUEST_URL='https://project-travel-mate.herokuapp.com/api/number-of-unread-notifications',
08-05 20:47:15.984 24743 24760 I art     : Starting a blocking GC Explicit
08-05 20:47:16.030 24743 24760 I art     : Explicit concurrent mark sweep GC freed 4227(230KB) AllocSpace objects, 5(236KB) LOS objects, 10% free, 134MB/150MB, paused 851us total 44.750ms
08-05 20:47:16.047 24743 24760 I art     : Starting a blocking GC Explicit
08-05 20:47:16.086 24743 24760 I art     : Explicit concurrent mark sweep GC freed 956(116KB) AllocSpace objects, 0(0B) LOS objects, 10% free, 134MB/150MB, paused 664us total 38.454ms
08-05 20:47:16.099 24743 24760 I art     : Starting a blocking GC Explicit
08-05 20:47:16.133 24743 24760 I art     : Explicit concurrent mark sweep GC freed 3(96B) AllocSpace objects, 0(0B) LOS objects, 10% free, 134MB/150MB, paused 721us total 33.626ms
08-05 20:47:16.146 24743 24760 I art     : Starting a blocking GC Explicit
08-05 20:47:16.180 24743 24760 I art     : Explicit concurrent mark sweep GC freed 3(96B) AllocSpace objects, 0(0B) LOS objects, 10% free, 134MB/150MB, paused 723us total 34.169ms
08-05 20:47:16.193 24743 24760 I art     : Starting a blocking GC Explicit
08-05 20:47:16.227 24743 24760 I art     : Explicit concurrent mark sweep GC freed 3(96B) AllocSpace objects, 0(0B) LOS objects, 10% free, 134MB/150MB, paused 731us total 33.205ms
08-05 20:47:16.582 24743 24760 I art     : Starting a blocking GC Explicit
08-05 20:47:16.618 24743 24760 I art     : Explicit concurrent mark sweep GC freed 1440(83KB) AllocSpace objects, 2(36KB) LOS objects, 10% free, 134MB/150MB, paused 802us total 35.140ms
08-05 20:47:16.632 24743 24760 I art     : Starting a blocking GC Explicit
08-05 20:47:16.664 24743 24760 I art     : Explicit concurrent mark sweep GC freed 26(912B) AllocSpace objects, 0(0B) LOS objects, 10% free, 134MB/150MB, paused 689us total 32.206ms
08-05 20:47:16.677 24743 24760 I art     : Starting a blocking GC Explicit
08-05 20:47:16.710 24743 24760 I art     : Explicit concurrent mark sweep GC freed 21(944B) AllocSpace objects, 0(0B) LOS objects, 10% free, 134MB/150MB, paused 787us total 32.217ms
08-05 20:47:16.722 13866 13882 I PeriodicStatsRunner: PeriodicStatsRunner.call():175 call()
08-05 20:47:16.722 13866 13882 I PeriodicStatsRunner: PeriodicStatsRunner.call():179 No submit PeriodicStats since input started.
08-05 20:47:16.722 24743 24760 I art     : Starting a blocking GC Explicit
08-05 20:47:16.754 24743 24760 I art     : Explicit concurrent mark sweep GC freed 19(832B) AllocSpace objects, 0(0B) LOS objects, 10% free, 134MB/150MB, paused 726us total 30.926ms
08-05 20:47:16.767 24743 24760 I art     : Starting a blocking GC Explicit
08-05 20:47:16.799 24743 24760 I art     : Explicit concurrent mark sweep GC freed 4(128B) AllocSpace objects, 0(0B) LOS objects, 10% free, 134MB/150MB, paused 677us total 30.718ms
08-05 20:47:17.001 26136 26136 D AndroidRuntime: >>>>>> START com.android.internal.os.RuntimeInit uid 2000 <<<<<<
08-05 20:47:17.006 26136 26136 D AndroidRuntime: CheckJNI is OFF
08-05 20:47:17.037 26136 26136 D ICU     : No timezone override file found: /data/misc/zoneinfo/current/icu/icu_tzdata.dat
08-05 20:47:17.068 26136 26136 I Radio-JNI: register_android_hardware_Radio DONE
08-05 20:47:17.089 26136 26136 D AndroidRuntime: Calling main entry com.android.commands.input.Input
08-05 20:47:17.091 26136 26136 I Input   : injectMotionEvent: MotionEvent { action=ACTION_DOWN, actionButton=0, id[0]=0, x[0]=747.0, y[0]=608.0, toolType[0]=TOOL_TYPE_UNKNOWN, buttonState=0, metaState=0, flags=0x0, edgeFlags=0x0, pointerCount=1, historySize=0, eventTime=823653504, downTime=823653504, deviceId=0, source=0x1002 }
08-05 20:47:17.095 26136 26136 I Input   : injectMotionEvent: MotionEvent { action=ACTION_UP, actionButton=0, id[0]=0, x[0]=747.0, y[0]=608.0, toolType[0]=TOOL_TYPE_UNKNOWN, buttonState=0, metaState=0, flags=0x0, edgeFlags=0x0, pointerCount=1, historySize=0, eventTime=823653504, downTime=823653504, deviceId=0, source=0x1002 }
08-05 20:47:17.097 26136 26136 D AndroidRuntime: Shutting down VM
08-05 20:47:17.099   512  2967 D audio_hw_primary: out_set_parameters: enter: usecase(1: low-latency-playback) kvpairs: routing=2
08-05 20:47:17.108   918   929 I ActivityManager: START u0 {cmp=baseline.io.github.project_travel_mate/.utilities.ChecklistActivity} from uid 10674 on display 0
08-05 20:47:17.112   512  2967 D audio_hw_primary: select_devices: out_snd_device(2: speaker) in_snd_device(0: none)
08-05 20:47:17.112   512  2967 D msm8974_platform: platform_send_audio_calibration: sending audio calibration for snd_device(2) acdb_id(15)
08-05 20:47:17.112   512  2967 I soundtrigger: audio_extn_sound_trigger_update_device_status: device 0x2 of type 0 for Event 1
08-05 20:47:17.125   512  2967 D audio_hw_primary: enable_snd_device: snd_device(2: speaker)
08-05 20:47:17.127   512  2967 D audio_hw_primary: enable_audio_route: apply and update mixer path: low-latency-playback speaker
08-05 20:47:17.165 24743 24762 I art     : Starting a blocking GC Explicit
08-05 20:47:17.207 24743 24762 I art     : Explicit concurrent mark sweep GC freed 2129(167KB) AllocSpace objects, 2(36KB) LOS objects, 10% free, 134MB/150MB, paused 1.737ms total 41.779ms
08-05 20:47:17.220 24743 24762 I art     : Starting a blocking GC Explicit
08-05 20:47:17.255 24743 24762 I art     : Explicit concurrent mark sweep GC freed 663(90KB) AllocSpace objects, 0(0B) LOS objects, 10% free, 134MB/150MB, paused 996us total 35.518ms
08-05 20:47:17.268 24743 24762 I art     : Starting a blocking GC Explicit
08-05 20:47:17.298   918   936 I ActivityManager: Displayed baseline.io.github.project_travel_mate/.utilities.ChecklistActivity: +181ms
08-05 20:47:17.298 13866 13866 I GoogleInputMethodServic: GoogleInputMethodService.onFinishInput():3138 
08-05 20:47:17.299 13866 13866 I GoogleInputMethodServic: GoogleInputMethodService.onStartInput():1808 
08-05 20:47:17.310 24743 24762 I art     : Explicit concurrent mark sweep GC freed 448(23KB) AllocSpace objects, 0(0B) LOS objects, 10% free, 135MB/151MB, paused 1.102ms total 41.150ms
08-05 20:47:17.323 24743 24762 I art     : Starting a blocking GC Explicit
08-05 20:47:17.354 24743 24762 I art     : Explicit concurrent mark sweep GC freed 321(20KB) AllocSpace objects, 0(0B) LOS objects, 10% free, 135MB/151MB, paused 733us total 30.733ms
08-05 20:47:17.366 24743 24762 I art     : Starting a blocking GC Explicit
08-05 20:47:17.397 24743 24762 I art     : Explicit concurrent mark sweep GC freed 24(832B) AllocSpace objects, 0(0B) LOS objects, 10% free, 135MB/151MB, paused 684us total 29.970ms
08-05 20:47:17.546   380   380 W SurfaceFlinger: couldn't log to binary event log: overflow.
08-05 20:47:17.659   512  2967 D audio_hw_primary: disable_audio_route: reset and update mixer path: low-latency-playback speaker
08-05 20:47:17.660   512  2967 D audio_hw_primary: disable_snd_device: snd_device(2: speaker)
08-05 20:47:17.669   512  2967 I soundtrigger: audio_extn_sound_trigger_update_device_status: device 0x2 of type 0 for Event 0
08-05 20:47:17.727 24743 24762 I art     : Starting a blocking GC Explicit
08-05 20:47:17.765 24743 24762 I art     : Explicit concurrent mark sweep GC freed 1671(96KB) AllocSpace objects, 2(36KB) LOS objects, 10% free, 135MB/151MB, paused 956us total 37.517ms
08-05 20:47:17.782 24743 24762 I art     : Starting a blocking GC Explicit
08-05 20:47:17.816 24743 24762 I art     : Explicit concurrent mark sweep GC freed 38(1360B) AllocSpace objects, 0(0B) LOS objects, 10% free, 135MB/151MB, paused 784us total 33.978ms
08-05 20:47:17.829 24743 24762 I art     : Starting a blocking GC Explicit
08-05 20:47:17.865 24743 24762 I art     : Explicit concurrent mark sweep GC freed 3(96B) AllocSpace objects, 0(0B) LOS objects, 10% free, 135MB/151MB, paused 814us total 34.899ms
08-05 20:47:17.878 24743 24762 I art     : Starting a blocking GC Explicit
08-05 20:47:17.914 24743 24762 I art     : Explicit concurrent mark sweep GC freed 3(96B) AllocSpace objects, 0(0B) LOS objects, 10% free, 135MB/151MB, paused 804us total 35.806ms
08-05 20:47:17.927 24743 24762 I art     : Starting a blocking GC Explicit
08-05 20:47:17.963 24743 24762 I art     : Explicit concurrent mark sweep GC freed 3(96B) AllocSpace objects, 0(0B) LOS objects, 10% free, 135MB/151MB, paused 839us total 35.625ms
08-05 20:47:18.285   518   646 I ThermalEngine: ACTION: GPU - Setting GPU[0] to 450000000
08-05 20:47:18.362 24743 24771 I art     : Starting a blocking GC Explicit
08-05 20:47:18.425 24743 24771 I art     : Explicit concurrent mark sweep GC freed 1665(96KB) AllocSpace objects, 2(36KB) LOS objects, 10% free, 135MB/151MB, paused 1.240ms total 63.034ms
08-05 20:47:18.449 24743 24771 I art     : Starting a blocking GC Explicit
08-05 20:47:18.493 24743 24771 I art     : Explicit concurrent mark sweep GC freed 47(1920B) AllocSpace objects, 0(0B) LOS objects, 10% free, 135MB/151MB, paused 1.115ms total 44.477ms
08-05 20:47:18.511 24743 24771 I art     : Starting a blocking GC Explicit
08-05 20:47:18.556 24743 24771 I art     : Explicit concurrent mark sweep GC freed 3(96B) AllocSpace objects, 0(0B) LOS objects, 10% free, 135MB/151MB, paused 1.149ms total 45.164ms
08-05 20:47:18.577 24743 24771 I art     : Starting a blocking GC Explicit
08-05 20:47:18.623 24743 24771 I art     : Explicit concurrent mark sweep GC freed 3(96B) AllocSpace objects, 0(0B) LOS objects, 10% free, 135MB/151MB, paused 1.075ms total 45.966ms
08-05 20:47:18.640 24743 24771 I art     : Starting a blocking GC Explicit
08-05 20:47:18.685 24743 24771 I art     : Explicit concurrent mark sweep GC freed 3(96B) AllocSpace objects, 0(0B) LOS objects, 10% free, 135MB/151MB, paused 1.069ms total 44.237ms
08-05 20:47:19.118 24743 24760 I art     : Starting a blocking GC Explicit
08-05 20:47:19.179 24743 24760 I art     : Explicit concurrent mark sweep GC freed 1619(94KB) AllocSpace objects, 2(36KB) LOS objects, 10% free, 135MB/151MB, paused 1.296ms total 61.220ms
08-05 20:47:19.200 24743 24760 I art     : Starting a blocking GC Explicit
08-05 20:47:19.250 24743 24760 I art     : Explicit concurrent mark sweep GC freed 61(1936B) AllocSpace objects, 0(0B) LOS objects, 10% free, 135MB/151MB, paused 1.212ms total 49.790ms
08-05 20:47:19.271 24743 24760 I art     : Starting a blocking GC Explicit
08-05 20:47:19.289   518   646 I ThermalEngine: ACTION: GPU - Setting GPU[0] to 510000000
08-05 20:47:19.318 24743 24760 I art     : Explicit concurrent mark sweep GC freed 3(96B) AllocSpace objects, 0(0B) LOS objects, 10% free, 135MB/151MB, paused 1.286ms total 46.357ms
08-05 20:47:19.334 24743 24760 I art     : Starting a blocking GC Explicit
08-05 20:47:19.371 24743 24760 I art     : Explicit concurrent mark sweep GC freed 3(96B) AllocSpace objects, 0(0B) LOS objects, 10% free, 135MB/151MB, paused 828us total 36.600ms
08-05 20:47:19.384 24743 24760 I art     : Starting a blocking GC Explicit
08-05 20:47:19.419 24743 24760 I art     : Explicit concurrent mark sweep GC freed 3(96B) AllocSpace objects, 0(0B) LOS objects, 10% free, 135MB/151MB, paused 850us total 34.475ms
08-05 20:47:19.803 24743 25266 I art     : Starting a blocking GC Explicit
08-05 20:47:19.853 24743 25266 I art     : Explicit concurrent mark sweep GC freed 1631(95KB) AllocSpace objects, 2(36KB) LOS objects, 10% free, 135MB/151MB, paused 890us total 49.660ms
08-05 20:47:19.870 24743 25266 I art     : Starting a blocking GC Explicit
08-05 20:47:19.905 24743 25266 I art     : Explicit concurrent mark sweep GC freed 40(1648B) AllocSpace objects, 0(0B) LOS objects, 10% free, 135MB/151MB, paused 848us total 35.589ms
08-05 20:47:19.919 24743 25266 I art     : Starting a blocking GC Explicit
08-05 20:47:19.955 24743 25266 I art     : Explicit concurrent mark sweep GC freed 3(96B) AllocSpace objects, 0(0B) LOS objects, 10% free, 135MB/151MB, paused 822us total 36.142ms
08-05 20:47:19.969 24743 25266 I art     : Starting a blocking GC Explicit
08-05 20:47:20.004 24743 25266 I art     : Explicit concurrent mark sweep GC freed 3(96B) AllocSpace objects, 0(0B) LOS objects, 10% free, 135MB/151MB, paused 856us total 35.198ms
08-05 20:47:20.018 24743 25266 I art     : Starting a blocking GC Explicit
08-05 20:47:20.054 24743 25266 I art     : Explicit concurrent mark sweep GC freed 3(96B) AllocSpace objects, 0(0B) LOS objects, 10% free, 135MB/151MB, paused 833us total 36.104ms
08-05 20:47:20.435 24743 24762 I art     : Starting a blocking GC Explicit
08-05 20:47:20.489 24743 24762 I art     : Explicit concurrent mark sweep GC freed 1654(95KB) AllocSpace objects, 2(36KB) LOS objects, 10% free, 135MB/151MB, paused 1.203ms total 53.027ms
08-05 20:47:20.508 24743 24762 I art     : Starting a blocking GC Explicit
08-05 20:47:20.542 24743 24762 I art     : Explicit concurrent mark sweep GC freed 30(1104B) AllocSpace objects, 0(0B) LOS objects, 10% free, 135MB/151MB, paused 806us total 34.341ms
08-05 20:47:20.555 24743 24762 I art     : Starting a blocking GC Explicit
08-05 20:47:20.592 24743 24762 I art     : Explicit concurrent mark sweep GC freed 3(96B) AllocSpace objects, 0(0B) LOS objects, 10% free, 135MB/151MB, paused 838us total 36.313ms
08-05 20:47:20.605 24743 24762 I art     : Starting a blocking GC Explicit
08-05 20:47:20.642 24743 24762 I art     : Explicit concurrent mark sweep GC freed 3(96B) AllocSpace objects, 0(0B) LOS objects, 10% free, 135MB/151MB, paused 831us total 35.838ms
08-05 20:47:20.655 24743 24762 I art     : Starting a blocking GC Explicit
08-05 20:47:20.692 24743 24762 I art     : Explicit concurrent mark sweep GC freed 3(96B) AllocSpace objects, 0(0B) LOS objects, 10% free, 135MB/151MB, paused 815us total 36.430ms
08-05 20:47:21.088 24743 24771 I art     : Starting a blocking GC Explicit
08-05 20:47:21.135 24743 24771 I art     : Explicit concurrent mark sweep GC freed 1620(94KB) AllocSpace objects, 2(36KB) LOS objects, 10% free, 135MB/151MB, paused 823us total 46.325ms
08-05 20:47:21.148 24743 24771 I art     : Starting a blocking GC Explicit
08-05 20:47:21.185 24743 24771 I art     : Explicit concurrent mark sweep GC freed 60(1904B) AllocSpace objects, 0(0B) LOS objects, 10% free, 135MB/151MB, paused 936us total 36.575ms
08-05 20:47:21.198 24743 24771 I art     : Starting a blocking GC Explicit
08-05 20:47:21.235 24743 24771 I art     : Explicit concurrent mark sweep GC freed 4(128B) AllocSpace objects, 0(0B) LOS objects, 10% free, 135MB/151MB, paused 751us total 36.170ms
08-05 20:47:21.248 24743 24771 I art     : Starting a blocking GC Explicit
08-05 20:47:21.284 24743 24771 I art     : Explicit concurrent mark sweep GC freed 3(96B) AllocSpace objects, 0(0B) LOS objects, 10% free, 135MB/151MB, paused 828us total 35.779ms
08-05 20:47:21.298 24743 24771 I art     : Starting a blocking GC Explicit
08-05 20:47:21.334 24743 24771 I art     : Explicit concurrent mark sweep GC freed 3(96B) AllocSpace objects, 0(0B) LOS objects, 10% free, 135MB/151MB, paused 811us total 35.963ms
08-05 20:47:21.683 24743 24760 I art     : Starting a blocking GC Explicit
08-05 20:47:21.722 24743 24760 I art     : Explicit concurrent mark sweep GC freed 1632(95KB) AllocSpace objects, 2(36KB) LOS objects, 10% free, 135MB/151MB, paused 815us total 38.621ms
08-05 20:47:21.736 24743 24760 I art     : Starting a blocking GC Explicit
08-05 20:47:21.760 26232 26232 D AndroidRuntime: >>>>>> START com.android.internal.os.RuntimeInit uid 2000 <<<<<<
08-05 20:47:21.765 26232 26232 D AndroidRuntime: CheckJNI is OFF
08-05 20:47:21.770 24743 24760 I art     : Explicit concurrent mark sweep GC freed 40(1648B) AllocSpace objects, 0(0B) LOS objects, 10% free, 135MB/151MB, paused 872us total 34.172ms
08-05 20:47:21.783 24743 24760 I art     : Starting a blocking GC Explicit
08-05 20:47:21.783 23554 23554 I ServiceManager: Waiting for service AtCmdFwd...
08-05 20:47:21.800 26232 26232 D ICU     : No timezone override file found: /data/misc/zoneinfo/current/icu/icu_tzdata.dat
08-05 20:47:21.817 24743 24760 I art     : Explicit concurrent mark sweep GC freed 3(96B) AllocSpace objects, 0(0B) LOS objects, 10% free, 135MB/151MB, paused 947us total 33.985ms
08-05 20:47:21.830 24743 24760 I art     : Starting a blocking GC Explicit
08-05 20:47:21.837 26232 26232 I Radio-JNI: register_android_hardware_Radio DONE
08-05 20:47:21.859 26232 26232 D AndroidRuntime: Calling main entry com.android.commands.input.Input
08-05 20:47:21.861 26232 26232 I Input   : injectKeyEvent: KeyEvent { action=ACTION_DOWN, keyCode=KEYCODE_BACK, scanCode=0, metaState=0, flags=0x0, repeatCount=0, eventTime=823658274, downTime=823658274, deviceId=-1, source=0x101 }
08-05 20:47:21.864 24743 24760 I art     : Explicit concurrent mark sweep GC freed 3(96B) AllocSpace objects, 0(0B) LOS objects, 10% free, 135MB/151MB, paused 896us total 33.635ms
08-05 20:47:21.867 26232 26232 I Input   : injectKeyEvent: KeyEvent { action=ACTION_UP, keyCode=KEYCODE_BACK, scanCode=0, metaState=0, flags=0x0, repeatCount=0, eventTime=823658274, downTime=823658274, deviceId=-1, source=0x101 }
08-05 20:47:21.873 26232 26232 D AndroidRuntime: Shutting down VM
08-05 20:47:21.877 24743 24760 I art     : Starting a blocking GC Explicit
08-05 20:47:21.887 24743 24743 V MainActivity: url = https://project-travel-mate.herokuapp.com/api/number-of-unread-notifications
08-05 20:47:21.911 24743 24760 I art     : Explicit concurrent mark sweep GC freed 308(12KB) AllocSpace objects, 0(0B) LOS objects, 10% free, 135MB/151MB, paused 986us total 33.959ms
08-05 20:47:21.916 13866 13866 I GoogleInputMethodServic: GoogleInputMethodService.onFinishInput():3138 
08-05 20:47:21.917 13866 13866 I GoogleInputMethodServic: GoogleInputMethodService.onStartInput():1808 
08-05 20:47:22.205   380   380 W SurfaceFlinger: couldn't log to binary event log: overflow.
08-05 20:47:22.250 24743 25266 I art     : Starting a blocking GC Explicit
08-05 20:47:22.287 24743 25266 I art     : Explicit concurrent mark sweep GC freed 2246(123KB) AllocSpace objects, 2(36KB) LOS objects, 10% free, 135MB/151MB, paused 863us total 36.571ms
08-05 20:47:22.299 13866 13882 I PeriodicStatsRunner: PeriodicStatsRunner.call():175 call()
08-05 20:47:22.299 13866 13882 I PeriodicStatsRunner: PeriodicStatsRunner.call():179 No submit PeriodicStats since input started.
08-05 20:47:22.300 24743 25266 I art     : Starting a blocking GC Explicit
08-05 20:47:22.336 24743 25266 I art     : Explicit concurrent mark sweep GC freed 195(9KB) AllocSpace objects, 0(0B) LOS objects, 10% free, 135MB/151MB, paused 880us total 35.760ms
08-05 20:47:22.349 24743 25266 I art     : Starting a blocking GC Explicit
08-05 20:47:22.385 24743 25266 I art     : Explicit concurrent mark sweep GC freed 3(96B) AllocSpace objects, 0(0B) LOS objects, 10% free, 135MB/151MB, paused 884us total 36.226ms
08-05 20:47:22.399 24743 25266 I art     : Starting a blocking GC Explicit
08-05 20:47:22.436 24743 25266 I art     : Explicit concurrent mark sweep GC freed 3(96B) AllocSpace objects, 0(0B) LOS objects, 10% free, 135MB/151MB, paused 876us total 37.100ms
08-05 20:47:22.450 24743 25266 I art     : Starting a blocking GC Explicit
08-05 20:47:22.487 24743 25266 I art     : Explicit concurrent mark sweep GC freed 3(96B) AllocSpace objects, 0(0B) LOS objects, 10% free, 135MB/151MB, paused 961us total 37.160ms
08-05 20:47:22.639 24743 26255 I NAPPA_EXPERIMENTATION: MetricNetworkRequestExecutionTime: REQUEST_DURATION_SYSTEM='751',REQUEST_DURATION_OKHTTP='36',REQUEST_SYNCHRONOUS='FALSE',RESPONSE_CODE='200',RESPONSE_METHOD='GET',RESPONSE_LENGTH_OKHTTP='36',RESPONSE_LENGTH_HEADER='36',REQUEST_PROTOCOL='http/1.1',REQUEST_URL='https://project-travel-mate.herokuapp.com/api/number-of-unread-notifications',
08-05 20:47:22.784 23554 23554 I ServiceManager: Waiting for service AtCmdFwd...
08-05 20:47:22.845 24743 24771 I art     : Starting a blocking GC Explicit
08-05 20:47:22.895 24743 24771 I art     : Explicit concurrent mark sweep GC freed 4431(242KB) AllocSpace objects, 5(236KB) LOS objects, 10% free, 135MB/151MB, paused 971us total 49.480ms
08-05 20:47:22.909 24743 24771 I art     : Starting a blocking GC Explicit
08-05 20:47:22.946 24743 24771 I art     : Explicit concurrent mark sweep GC freed 974(117KB) AllocSpace objects, 0(0B) LOS objects, 10% free, 135MB/151MB, paused 857us total 36.425ms
08-05 20:47:22.959 24743 24771 I art     : Starting a blocking GC Explicit
08-05 20:47:22.997 24743 24771 I art     : Explicit concurrent mark sweep GC freed 3(96B) AllocSpace objects, 0(0B) LOS objects, 10% free, 135MB/151MB, paused 854us total 37.334ms
08-05 20:47:23.010 24743 24771 I art     : Starting a blocking GC Explicit
08-05 20:47:23.047 24743 24771 I art     : Explicit concurrent mark sweep GC freed 3(96B) AllocSpace objects, 0(0B) LOS objects, 10% free, 135MB/151MB, paused 845us total 36.370ms
08-05 20:47:23.060 24743 24771 I art     : Starting a blocking GC Explicit
08-05 20:47:23.097 24743 24771 I art     : Explicit concurrent mark sweep GC freed 3(96B) AllocSpace objects, 0(0B) LOS objects, 10% free, 135MB/151MB, paused 860us total 36.783ms
08-05 20:47:23.438 24743 24760 I art     : Starting a blocking GC Explicit
08-05 20:47:23.475 24743 24760 I art     : Explicit concurrent mark sweep GC freed 1651(95KB) AllocSpace objects, 2(36KB) LOS objects, 10% free, 135MB/151MB, paused 876us total 36.062ms
08-05 20:47:23.488 24743 24760 I art     : Starting a blocking GC Explicit
08-05 20:47:23.526 24743 24760 I art     : Explicit concurrent mark sweep GC freed 33(1200B) AllocSpace objects, 0(0B) LOS objects, 10% free, 135MB/151MB, paused 1.053ms total 37.565ms
08-05 20:47:23.535 26277 26277 D AndroidRuntime: >>>>>> START com.android.internal.os.RuntimeInit uid 2000 <<<<<<
08-05 20:47:23.541 26277 26277 D AndroidRuntime: CheckJNI is OFF
08-05 20:47:23.542 24743 24760 I art     : Starting a blocking GC Explicit
08-05 20:47:23.578 26277 26277 D ICU     : No timezone override file found: /data/misc/zoneinfo/current/icu/icu_tzdata.dat
08-05 20:47:23.579 24743 24760 I art     : Explicit concurrent mark sweep GC freed 10(320B) AllocSpace objects, 0(0B) LOS objects, 10% free, 135MB/151MB, paused 887us total 37.351ms
08-05 20:47:23.592 24743 24760 I art     : Starting a blocking GC Explicit
08-05 20:47:23.612 26277 26277 I Radio-JNI: register_android_hardware_Radio DONE
08-05 20:47:23.626 24743 24760 I art     : Explicit concurrent mark sweep GC freed 8(256B) AllocSpace objects, 0(0B) LOS objects, 10% free, 135MB/151MB, paused 816us total 33.846ms
08-05 20:47:23.635 26277 26277 D AndroidRuntime: Calling main entry com.android.commands.input.Input
08-05 20:47:23.638 26277 26277 I Input   : injectMotionEvent: MotionEvent { action=ACTION_DOWN, actionButton=0, id[0]=0, x[0]=657.0, y[0]=2037.0, toolType[0]=TOOL_TYPE_UNKNOWN, buttonState=0, metaState=0, flags=0x0, edgeFlags=0x0, pointerCount=1, historySize=0, eventTime=823660050, downTime=823660050, deviceId=0, source=0x1002 }
08-05 20:47:23.639 24743 24760 I art     : Starting a blocking GC Explicit
08-05 20:47:23.643 26277 26277 I Input   : injectMotionEvent: MotionEvent { action=ACTION_UP, actionButton=0, id[0]=0, x[0]=657.0, y[0]=2037.0, toolType[0]=TOOL_TYPE_UNKNOWN, buttonState=0, metaState=0, flags=0x0, edgeFlags=0x0, pointerCount=1, historySize=0, eventTime=823660050, downTime=823660050, deviceId=0, source=0x1002 }
08-05 20:47:23.645 26277 26277 D AndroidRuntime: Shutting down VM
08-05 20:47:23.658   918  4400 I ActivityManager: START u0 {cmp=baseline.io.github.project_travel_mate/.utilities.CompassActivity} from uid 10674 on display 0
08-05 20:47:23.659   512  2967 D audio_hw_primary: out_set_parameters: enter: usecase(1: low-latency-playback) kvpairs: routing=2
08-05 20:47:23.672   512  2967 D audio_hw_primary: select_devices: out_snd_device(2: speaker) in_snd_device(0: none)
08-05 20:47:23.672   512  2967 D msm8974_platform: platform_send_audio_calibration: sending audio calibration for snd_device(2) acdb_id(15)
08-05 20:47:23.672   512  2967 I soundtrigger: audio_extn_sound_trigger_update_device_status: device 0x2 of type 0 for Event 1
08-05 20:47:23.674 24743 24760 I art     : Explicit concurrent mark sweep GC freed 23(4KB) AllocSpace objects, 0(0B) LOS objects, 10% free, 135MB/151MB, paused 867us total 34.689ms
08-05 20:47:23.681   512  2967 D audio_hw_primary: enable_snd_device: snd_device(2: speaker)
08-05 20:47:23.683   512  2967 D audio_hw_primary: enable_audio_route: apply and update mixer path: low-latency-playback speaker
08-05 20:47:23.784 23554 23554 I ServiceManager: Waiting for service AtCmdFwd...
08-05 20:47:23.979 24743 24762 I art     : Starting a blocking GC Explicit
08-05 20:47:24.014 24743 24762 I art     : Explicit concurrent mark sweep GC freed 80(4KB) AllocSpace objects, 0(0B) LOS objects, 7% free, 184MB/200MB, paused 1.013ms total 34.737ms
08-05 20:47:24.027 24743 24762 I art     : Starting a blocking GC Explicit
08-05 20:47:24.061 24743 24762 I art     : Explicit concurrent mark sweep GC freed 6(192B) AllocSpace objects, 0(0B) LOS objects, 7% free, 187MB/203MB, paused 1.076ms total 34.214ms
08-05 20:47:24.074 24743 24762 I art     : Starting a blocking GC Explicit
08-05 20:47:24.091 24743 24743 D CompassActivity: start compass
08-05 20:47:24.092   918  6029 I sensors : batch
08-05 20:47:24.093   918  6029 I sensors : activate
08-05 20:47:24.093   918  6111 I sensors : batch
08-05 20:47:24.093   918  6111 I sensors : activate
08-05 20:47:24.099   918  3188 I hubconnection: sensorhub said: 'batch 1 flags:0, sampling_rate_Hz:50.00, max_report_latency_us:0'
08-05 20:47:24.101   918  3188 I hubconnection: sensorhub said: 'activate 1 enable:1'
08-05 20:47:24.102   918  3188 I hubconnection: sensorhub said: 'batch 3 flags:0, sampling_rate_Hz:50.00, max_report_latency_us:0'
08-05 20:47:24.103   918  3188 I hubconnection: sensorhub said: 'activate 3 enable:1'
08-05 20:47:24.109 24743 24762 I art     : Explicit concurrent mark sweep GC freed 128(6KB) AllocSpace objects, 0(0B) LOS objects, 7% free, 187MB/203MB, paused 950us total 34.421ms
08-05 20:47:24.122 24743 24762 I art     : Starting a blocking GC Explicit
08-05 20:47:24.154 24743 24762 I art     : Explicit concurrent mark sweep GC freed 85(3KB) AllocSpace objects, 0(0B) LOS objects, 7% free, 187MB/203MB, paused 825us total 32.072ms
08-05 20:47:24.168 24743 24762 I art     : Starting a blocking GC Explicit
08-05 20:47:24.200 24743 24762 I art     : Explicit concurrent mark sweep GC freed 63(1968B) AllocSpace objects, 0(0B) LOS objects, 7% free, 187MB/203MB, paused 854us total 31.377ms
08-05 20:47:24.229   512  2967 D audio_hw_primary: disable_audio_route: reset and update mixer path: low-latency-playback speaker
08-05 20:47:24.229   512  2967 D audio_hw_primary: disable_snd_device: snd_device(2: speaker)
08-05 20:47:24.236   512  2967 I soundtrigger: audio_extn_sound_trigger_update_device_status: device 0x2 of type 0 for Event 0
08-05 20:47:24.250 24743 24743 D CompassActivity: will set rotation from 0.0 to 178.62646
08-05 20:47:24.255   918   936 I ActivityManager: Displayed baseline.io.github.project_travel_mate/.utilities.CompassActivity: +579ms
08-05 20:47:24.259 13866 13866 I GoogleInputMethodServic: GoogleInputMethodService.onFinishInput():3138 
08-05 20:47:24.260 13866 13866 I GoogleInputMethodServic: GoogleInputMethodService.onStartInput():1808 
08-05 20:47:24.322 24743 24743 D CompassActivity: will set rotation from 178.62646 to 179.3844
08-05 20:47:24.322 24743 24743 D CompassActivity: will set rotation from 179.3844 to 179.38965
08-05 20:47:24.322 24743 24743 D CompassActivity: will set rotation from 179.38965 to 179.13739
08-05 20:47:24.323 24743 24743 D CompassActivity: will set rotation from 179.13739 to 179.1391
08-05 20:47:24.323 24743 24743 D CompassActivity: will set rotation from 179.1391 to 179.14569
08-05 20:47:24.323 24743 24743 D CompassActivity: will set rotation from 179.14569 to 179.14465
08-05 20:47:24.323 24743 24743 D CompassActivity: will set rotation from 179.14465 to 179.1355
08-05 20:47:24.323 24743 24743 D CompassActivity: will set rotation from 179.1355 to 179.13995
08-05 20:47:24.425 24743 24743 D CompassActivity: will set rotation from 179.13995 to 179.04602
08-05 20:47:24.426 24743 24743 D CompassActivity: will set rotation from 179.04602 to 179.04614
08-05 20:47:24.427 24743 24743 D CompassActivity: will set rotation from 179.04614 to 179.13928
08-05 20:47:24.427 24743 24743 D CompassActivity: will set rotation from 179.13928 to 179.13434
08-05 20:47:24.427 24743 24743 D CompassActivity: will set rotation from 179.13434 to 179.05603
08-05 20:47:24.427 24743 24743 D CompassActivity: will set rotation from 179.05603 to 179.06055
08-05 20:47:24.427 24743 24743 D CompassActivity: will set rotation from 179.06055 to 179.0711
08-05 20:47:24.427 24743 24743 D CompassActivity: will set rotation from 179.0711 to 179.06824
08-05 20:47:24.428 24743 24743 D CompassActivity: will set rotation from 179.06824 to 179.08392
08-05 20:47:24.428 24743 24743 D CompassActivity: will set rotation from 179.08392 to 179.08258
08-05 20:47:24.442 24743 24743 D CompassActivity: will set rotation from 179.08258 to 179.13861
08-05 20:47:24.442 24743 24743 D CompassActivity: will set rotation from 179.13861 to 179.14221
08-05 20:47:24.461 24743 24743 D CompassActivity: will set rotation from 179.14221 to 179.08948
08-05 20:47:24.462 24743 24743 D CompassActivity: will set rotation from 179.08948 to 179.09076
08-05 20:47:24.481 24743 24743 D CompassActivity: will set rotation from 179.09076 to 179.09851
08-05 20:47:24.481 24743 24743 D CompassActivity: will set rotation from 179.09851 to 179.0935
08-05 20:47:24.501 24743 24743 D CompassActivity: will set rotation from 179.0935 to 179.1084
08-05 20:47:24.502 24743 24743 D CompassActivity: will set rotation from 179.1084 to 179.1073
08-05 20:47:24.508   380   380 W SurfaceFlinger: couldn't log to binary event log: overflow.
08-05 20:47:24.523 24743 24743 D CompassActivity: will set rotation from 179.1073 to 179.11896
08-05 20:47:24.523 24743 24743 D CompassActivity: will set rotation from 179.11896 to 179.12189
08-05 20:47:24.536 24743 24771 I art     : Starting a blocking GC Explicit
08-05 20:47:24.541 24743 24743 D CompassActivity: will set rotation from 179.12189 to 179.1695
08-05 20:47:24.542 24743 24743 D CompassActivity: will set rotation from 179.1695 to 179.1726
08-05 20:47:24.561 24743 24743 D CompassActivity: will set rotation from 179.1726 to 179.1784
08-05 20:47:24.561 24743 24743 D CompassActivity: will set rotation from 179.1784 to 179.17719
08-05 20:47:24.568 24743 24771 I art     : Explicit concurrent mark sweep GC freed 1893(114KB) AllocSpace objects, 2(36KB) LOS objects, 7% free, 187MB/203MB, paused 769us total 31.532ms
08-05 20:47:24.581 24743 24771 I art     : Starting a blocking GC Explicit
08-05 20:47:24.581 24743 24743 D CompassActivity: will set rotation from 179.17719 to 179.18317
08-05 20:47:24.581 24743 24743 D CompassActivity: will set rotation from 179.18317 to 179.18414
08-05 20:47:24.601 24743 24743 D CompassActivity: will set rotation from 179.18414 to 179.25525
08-05 20:47:24.602 24743 24743 D CompassActivity: will set rotation from 179.25525 to 179.25562
08-05 20:47:24.614 24743 24771 I art     : Explicit concurrent mark sweep GC freed 488(20KB) AllocSpace objects, 0(0B) LOS objects, 7% free, 187MB/203MB, paused 823us total 33.699ms
08-05 20:47:24.622 24743 24743 D CompassActivity: will set rotation from 179.25562 to 179.22205
08-05 20:47:24.622 24743 24743 D CompassActivity: will set rotation from 179.22205 to 179.22113
08-05 20:47:24.629 24743 24771 I art     : Starting a blocking GC Explicit
08-05 20:47:24.665 24743 24771 I art     : Explicit concurrent mark sweep GC freed 69(3KB) AllocSpace objects, 0(0B) LOS objects, 7% free, 187MB/203MB, paused 775us total 36.037ms
08-05 20:47:24.678 24743 24771 I art     : Starting a blocking GC Explicit
08-05 20:47:24.692 24743 24743 D CompassActivity: will set rotation from 179.22113 to 179.25183
08-05 20:47:24.692 24743 24743 D CompassActivity: will set rotation from 179.25183 to 179.25134
08-05 20:47:24.692 24743 24743 D CompassActivity: will set rotation from 179.25134 to 179.28284
08-05 20:47:24.693 24743 24743 D CompassActivity: will set rotation from 179.28284 to 179.28125
08-05 20:47:24.693 24743 24743 D CompassActivity: will set rotation from 179.28125 to 179.24524
08-05 20:47:24.693 24743 24743 D CompassActivity: will set rotation from 179.24524 to 179.24872
08-05 20:47:24.701 24743 24743 D CompassActivity: will set rotation from 179.24872 to 179.1861
08-05 20:47:24.701 24743 24743 D CompassActivity: will set rotation from 179.1861 to 179.18555
08-05 20:47:24.710 24743 24771 I art     : Explicit concurrent mark sweep GC freed 138(7KB) AllocSpace objects, 0(0B) LOS objects, 7% free, 187MB/203MB, paused 837us total 31.707ms
08-05 20:47:24.721 24743 24743 D CompassActivity: will set rotation from 179.18555 to 179.21149
08-05 20:47:24.721 24743 24743 D CompassActivity: will set rotation from 179.21149 to 179.21063
08-05 20:47:24.723 24743 24771 I art     : Starting a blocking GC Explicit
08-05 20:47:24.741 24743 24743 D CompassActivity: will set rotation from 179.21063 to 179.21094
08-05 20:47:24.742 24743 24743 D CompassActivity: will set rotation from 179.21094 to 179.21338
08-05 20:47:24.755 24743 24771 I art     : Explicit concurrent mark sweep GC freed 142(6KB) AllocSpace objects, 0(0B) LOS objects, 7% free, 187MB/203MB, paused 788us total 31.333ms
08-05 20:47:24.761 24743 24743 D CompassActivity: will set rotation from 179.21338 to 179.2146
08-05 20:47:24.761 24743 24743 D CompassActivity: will set rotation from 179.2146 to 179.21301
08-05 20:47:24.780 24743 24743 D CompassActivity: will set rotation from 179.21301 to 179.21088
08-05 20:47:24.781 24743 24743 D CompassActivity: will set rotation from 179.21088 to 179.21198
08-05 20:47:24.785 23554 23554 I ServiceManager: Waiting for service AtCmdFwd...
08-05 20:47:24.800 24743 24743 D CompassActivity: will set rotation from 179.21198 to 179.28918
08-05 20:47:24.801 24743 24743 D CompassActivity: will set rotation from 179.28918 to 179.28973
08-05 20:47:24.820 24743 24743 D CompassActivity: will set rotation from 179.28973 to 179.31165
08-05 20:47:24.821 24743 24743 D CompassActivity: will set rotation from 179.31165 to 179.31342
08-05 20:47:24.840 24743 24743 D CompassActivity: will set rotation from 179.31342 to 179.38
08-05 20:47:24.841 24743 24743 D CompassActivity: will set rotation from 179.38 to 179.38147
08-05 20:47:24.860 24743 24743 D CompassActivity: will set rotation from 179.38147 to 179.40002
08-05 20:47:24.861 24743 24743 D CompassActivity: will set rotation from 179.40002 to 179.40302
08-05 20:47:24.882 24743 24743 D CompassActivity: will set rotation from 179.40302 to 179.3728
08-05 20:47:24.882 24743 24743 D CompassActivity: will set rotation from 179.3728 to 179.3742
08-05 20:47:24.900 24743 24743 D CompassActivity: will set rotation from 179.3742 to 179.39569
08-05 20:47:24.901 24743 24743 D CompassActivity: will set rotation from 179.39569 to 179.39545
08-05 20:47:24.920 24743 24743 D CompassActivity: will set rotation from 179.39545 to 179.4112
08-05 20:47:24.921 24743 24743 D CompassActivity: will set rotation from 179.4112 to 179.4137
08-05 20:47:24.940 24743 24743 D CompassActivity: will set rotation from 179.4137 to 179.47058
08-05 20:47:24.941 24743 24743 D CompassActivity: will set rotation from 179.47058 to 179.4696
08-05 20:47:24.962 24743 24743 D CompassActivity: will set rotation from 179.4696 to 179.41681
08-05 20:47:24.962 24743 24743 D CompassActivity: will set rotation from 179.41681 to 179.41504
08-05 20:47:24.980 24743 24743 D CompassActivity: will set rotation from 179.41504 to 179.40698
08-05 20:47:24.981 24743 24743 D CompassActivity: will set rotation from 179.40698 to 179.40442
08-05 20:47:25.000 24743 24743 D CompassActivity: will set rotation from 179.40442 to 179.39648
08-05 20:47:25.000 24743 24743 D CompassActivity: will set rotation from 179.39648 to 179.39502
08-05 20:47:25.020 24743 24743 D CompassActivity: will set rotation from 179.39502 to 179.43054
08-05 20:47:25.020 24743 24743 D CompassActivity: will set rotation from 179.43054 to 179.43213
08-05 20:47:25.040 24743 24743 D CompassActivity: will set rotation from 179.43213 to 179.445
08-05 20:47:25.040 24743 24743 D CompassActivity: will set rotation from 179.445 to 179.44482
08-05 20:47:25.061 24743 24743 D CompassActivity: will set rotation from 179.44482 to 179.4159
08-05 20:47:25.061 24743 24743 D CompassActivity: will set rotation from 179.4159 to 179.41522
08-05 20:47:25.080 24743 24743 D CompassActivity: will set rotation from 179.41522 to 179.4082
08-05 20:47:25.080 24743 24743 D CompassActivity: will set rotation from 179.4082 to 179.40808
08-05 20:47:25.099 24743 24743 D CompassActivity: will set rotation from 179.40808 to 179.39935
08-05 20:47:25.099 24743 24743 D CompassActivity: will set rotation from 179.39935 to 179.40002
08-05 20:47:25.121 24743 24743 D CompassActivity: will set rotation from 179.40002 to 179.4519
08-05 20:47:25.121 24743 24743 D CompassActivity: will set rotation from 179.4519 to 179.45276
08-05 20:47:25.129 24743 25266 I art     : Starting a blocking GC Explicit
08-05 20:47:25.139 24743 24743 D CompassActivity: will set rotation from 179.45276 to 179.4419
08-05 20:47:25.140 24743 24743 D CompassActivity: will set rotation from 179.4419 to 179.44263
08-05 20:47:25.161 24743 24743 D CompassActivity: will set rotation from 179.44263 to 179.43347
08-05 20:47:25.162 24743 24743 D CompassActivity: will set rotation from 179.43347 to 179.43207
08-05 20:47:25.177 24743 25266 I art     : Explicit concurrent mark sweep GC freed 1973(118KB) AllocSpace objects, 2(36KB) LOS objects, 7% free, 187MB/203MB, paused 938us total 47.142ms
08-05 20:47:25.181 24743 24743 D CompassActivity: will set rotation from 179.43207 to 179.44324
08-05 20:47:25.181 24743 24743 D CompassActivity: will set rotation from 179.44324 to 179.44269
08-05 20:47:25.193 24743 25266 I art     : Starting a blocking GC Explicit
08-05 20:47:25.199 24743 24743 D CompassActivity: will set rotation from 179.44269 to 179.37805
08-05 20:47:25.199 24743 24743 D CompassActivity: will set rotation from 179.37805 to 179.37732
08-05 20:47:25.219 24743 24743 D CompassActivity: will set rotation from 179.37732 to 179.37195
08-05 20:47:25.220 24743 24743 D CompassActivity: will set rotation from 179.37195 to 179.37152
08-05 20:47:25.227 24743 25266 I art     : Explicit concurrent mark sweep GC freed 696(27KB) AllocSpace objects, 0(0B) LOS objects, 7% free, 187MB/203MB, paused 966us total 33.738ms
08-05 20:47:25.240 24743 24743 D CompassActivity: will set rotation from 179.37152 to 179.42224
08-05 20:47:25.240 24743 25266 I art     : Starting a blocking GC Explicit
08-05 20:47:25.241 24743 24743 D CompassActivity: will set rotation from 179.42224 to 179.42206
08-05 20:47:25.261 24743 24743 D CompassActivity: will set rotation from 179.42206 to 179.41571
08-05 20:47:25.261 24743 24743 D CompassActivity: will set rotation from 179.41571 to 179.41528
08-05 20:47:25.274 24743 25266 I art     : Explicit concurrent mark sweep GC freed 118(5KB) AllocSpace objects, 0(0B) LOS objects, 7% free, 187MB/203MB, paused 782us total 33.394ms
08-05 20:47:25.280 24743 24743 D CompassActivity: will set rotation from 179.41528 to 179.42627
08-05 20:47:25.280 24743 24743 D CompassActivity: will set rotation from 179.42627 to 179.42853
08-05 20:47:25.287 24743 25266 I art     : Starting a blocking GC Explicit
08-05 20:47:25.299 24743 24743 D CompassActivity: will set rotation from 179.42853 to 179.42102
08-05 20:47:25.299 24743 24743 D CompassActivity: will set rotation from 179.42102 to 179.42084
08-05 20:47:25.319 24743 24743 D CompassActivity: will set rotation from 179.42084 to 179.41455
08-05 20:47:25.320 24743 24743 D CompassActivity: will set rotation from 179.41455 to 179.41394
08-05 20:47:25.325 24743 25266 I art     : Explicit concurrent mark sweep GC freed 103(5KB) AllocSpace objects, 0(0B) LOS objects, 7% free, 187MB/203MB, paused 850us total 37.800ms
08-05 20:47:25.339 24743 24743 D CompassActivity: will set rotation from 179.41394 to 179.40918
08-05 20:47:25.339 24743 25266 I art     : Starting a blocking GC Explicit
08-05 20:47:25.340 24743 24743 D CompassActivity: will set rotation from 179.40918 to 179.40894
08-05 20:47:25.365 24743 24743 D CompassActivity: will set rotation from 179.40894 to 179.41833
08-05 20:47:25.365 24743 24743 D CompassActivity: will set rotation from 179.41833 to 179.41888
08-05 20:47:25.379 24743 25266 I art     : Explicit concurrent mark sweep GC freed 118(5KB) AllocSpace objects, 0(0B) LOS objects, 7% free, 187MB/203MB, paused 1.316ms total 38.799ms
08-05 20:47:25.381 24743 24743 D CompassActivity: will set rotation from 179.41888 to 179.37683
08-05 20:47:25.382 24743 24743 D CompassActivity: will set rotation from 179.37683 to 179.37549
08-05 20:47:25.399 24743 24743 D CompassActivity: will set rotation from 179.37549 to 179.36908
08-05 20:47:25.400 24743 24743 D CompassActivity: will set rotation from 179.36908 to 179.3667
08-05 20:47:25.419 24743 24743 D CompassActivity: will set rotation from 179.3667 to 179.34412
08-05 20:47:25.420 24743 24743 D CompassActivity: will set rotation from 179.34412 to 179.34338
08-05 20:47:25.438 24743 24743 D CompassActivity: will set rotation from 179.34338 to 179.33966
08-05 20:47:25.439 24743 24743 D CompassActivity: will set rotation from 179.33966 to 179.3393
08-05 20:47:25.460 24743 24743 D CompassActivity: will set rotation from 179.3393 to 179.33765
08-05 20:47:25.462 24743 24743 D CompassActivity: will set rotation from 179.33765 to 179.33728
08-05 20:47:25.480 24743 24743 D CompassActivity: will set rotation from 179.33728 to 179.35156
08-05 20:47:25.480 24743 24743 D CompassActivity: will set rotation from 179.35156 to 179.3523
08-05 20:47:25.499 24743 24743 D CompassActivity: will set rotation from 179.3523 to 179.36597
08-05 20:47:25.499 24743 24743 D CompassActivity: will set rotation from 179.36597 to 179.36377
08-05 20:47:25.518 24743 24743 D CompassActivity: will set rotation from 179.36377 to 179.36084
08-05 20:47:25.519 24743 24743 D CompassActivity: will set rotation from 179.36084 to 179.36035
08-05 20:47:25.539 24743 24743 D CompassActivity: will set rotation from 179.36035 to 179.37402
08-05 20:47:25.539 24743 24743 D CompassActivity: will set rotation from 179.37402 to 179.3742
08-05 20:47:25.558 24743 24743 D CompassActivity: will set rotation from 179.3742 to 179.38788
08-05 20:47:25.559 24743 24743 D CompassActivity: will set rotation from 179.38788 to 179.38953
08-05 20:47:25.581 24743 24743 D CompassActivity: will set rotation from 179.38953 to 179.40094
08-05 20:47:25.581 24743 24743 D CompassActivity: will set rotation from 179.40094 to 179.401
08-05 20:47:25.598 24743 24743 D CompassActivity: will set rotation from 179.401 to 179.44733
08-05 20:47:25.598 24743 24743 D CompassActivity: will set rotation from 179.44733 to 179.44885
08-05 20:47:25.618 24743 24743 D CompassActivity: will set rotation from 179.44885 to 179.47327
08-05 20:47:25.618 24743 24743 D CompassActivity: will set rotation from 179.47327 to 179.47217
08-05 20:47:25.637 24743 24743 D CompassActivity: will set rotation from 179.47217 to 179.47943
08-05 20:47:25.638 24743 24743 D CompassActivity: will set rotation from 179.47943 to 179.4773
08-05 20:47:25.657 24743 24743 D CompassActivity: will set rotation from 179.4773 to 179.4718
08-05 20:47:25.658 24743 24743 D CompassActivity: will set rotation from 179.4718 to 179.4718
08-05 20:47:25.679 24743 24743 D CompassActivity: will set rotation from 179.4718 to 179.49536
08-05 20:47:25.679 24743 24743 D CompassActivity: will set rotation from 179.49536 to 179.49463
08-05 20:47:25.697 24743 24743 D CompassActivity: will set rotation from 179.49463 to 179.50098
08-05 20:47:25.697 24743 24743 D CompassActivity: will set rotation from 179.50098 to 179.49927
08-05 20:47:25.717 24743 24743 D CompassActivity: will set rotation from 179.49927 to 179.50696
08-05 20:47:25.717 24743 24743 D CompassActivity: will set rotation from 179.50696 to 179.50604
08-05 20:47:25.738 24743 24743 D CompassActivity: will set rotation from 179.50604 to 179.5102
08-05 20:47:25.738 24743 24743 D CompassActivity: will set rotation from 179.5102 to 179.50897
08-05 20:47:25.757 24743 24743 D CompassActivity: will set rotation from 179.50897 to 179.51538
08-05 20:47:25.758 24743 24743 D CompassActivity: will set rotation from 179.51538 to 179.51251
08-05 20:47:25.763 24743 24771 I art     : Starting a blocking GC Explicit
08-05 20:47:25.779 24743 24743 D CompassActivity: will set rotation from 179.51251 to 179.50238
08-05 20:47:25.779 24743 24743 D CompassActivity: will set rotation from 179.50238 to 179.50092
08-05 20:47:25.785 23554 23554 I ServiceManager: Waiting for service AtCmdFwd...
08-05 20:47:25.797 24743 24743 D CompassActivity: will set rotation from 179.50092 to 179.50793
08-05 20:47:25.797 24743 24743 D CompassActivity: will set rotation from 179.50793 to 179.50696
08-05 20:47:25.806 24743 24771 I art     : Explicit concurrent mark sweep GC freed 1998(119KB) AllocSpace objects, 2(36KB) LOS objects, 7% free, 187MB/203MB, paused 868us total 42.930ms
08-05 20:47:25.816 24743 24743 D CompassActivity: will set rotation from 179.50696 to 179.4834
08-05 20:47:25.817 24743 24743 D CompassActivity: will set rotation from 179.4834 to 179.48218
08-05 20:47:25.821 24743 24771 I art     : Starting a blocking GC Explicit
08-05 20:47:25.837 24743 24743 D CompassActivity: will set rotation from 179.48218 to 179.47241
08-05 20:47:25.837 24743 24743 D CompassActivity: will set rotation from 179.47241 to 179.47253
08-05 20:47:25.857 24743 24743 D CompassActivity: will set rotation from 179.47253 to 179.4776
08-05 20:47:25.857 24743 24743 D CompassActivity: will set rotation from 179.4776 to 179.47711
08-05 20:47:25.860 24743 24771 I art     : Explicit concurrent mark sweep GC freed 720(28KB) AllocSpace objects, 0(0B) LOS objects, 7% free, 187MB/203MB, paused 923us total 38.422ms
08-05 20:47:25.874 24743 24771 I art     : Starting a blocking GC Explicit
08-05 20:47:25.879 24743 24743 D CompassActivity: will set rotation from 179.47711 to 179.4801
08-05 20:47:25.879 24743 24743 D CompassActivity: will set rotation from 179.4801 to 179.48029
08-05 20:47:25.897 24743 24743 D CompassActivity: will set rotation from 179.48029 to 179.48615
08-05 20:47:25.897 24743 24743 D CompassActivity: will set rotation from 179.48615 to 179.48553
08-05 20:47:25.914 24743 24771 I art     : Explicit concurrent mark sweep GC freed 118(5KB) AllocSpace objects, 0(0B) LOS objects, 7% free, 187MB/203MB, paused 764us total 39.995ms
08-05 20:47:25.916 24743 24743 D CompassActivity: will set rotation from 179.48553 to 179.48975
08-05 20:47:25.916 24743 24743 D CompassActivity: will set rotation from 179.48975 to 179.49023
08-05 20:47:25.929 24743 24771 I art     : Starting a blocking GC Explicit
08-05 20:47:25.936 24743 24743 D CompassActivity: will set rotation from 179.49023 to 179.49701
08-05 20:47:25.937 24743 24743 D CompassActivity: will set rotation from 179.49701 to 179.49652
08-05 20:47:25.956 24743 24743 D CompassActivity: will set rotation from 179.49652 to 179.48834
08-05 20:47:25.956 24743 24743 D CompassActivity: will set rotation from 179.48834 to 179.48743
08-05 20:47:25.964 24743 24771 I art     : Explicit concurrent mark sweep GC freed 120(6KB) AllocSpace objects, 0(0B) LOS objects, 7% free, 187MB/203MB, paused 699us total 34.005ms
08-05 20:47:25.977 24743 24771 I art     : Starting a blocking GC Explicit
08-05 20:47:25.977 24743 24743 D CompassActivity: will set rotation from 179.48743 to 179.4945
08-05 20:47:25.978 24743 24743 D CompassActivity: will set rotation from 179.4945 to 179.49463
08-05 20:47:25.996 24743 24743 D CompassActivity: will set rotation from 179.49463 to 179.48285
08-05 20:47:25.996 24743 24743 D CompassActivity: will set rotation from 179.48285 to 179.4823
08-05 20:47:26.011 24743 24771 I art     : Explicit concurrent mark sweep GC freed 157(6KB) AllocSpace objects, 0(0B) LOS objects, 7% free, 187MB/203MB, paused 810us total 34.354ms
08-05 20:47:26.015 24743 24743 D CompassActivity: will set rotation from 179.4823 to 179.4549
08-05 20:47:26.016 24743 24743 D CompassActivity: will set rotation from 179.4549 to 179.45435
08-05 20:47:26.036 24743 24743 D CompassActivity: will set rotation from 179.45435 to 179.44568
08-05 20:47:26.036 24743 24743 D CompassActivity: will set rotation from 179.44568 to 179.44464
08-05 20:47:26.055 24743 24743 D CompassActivity: will set rotation from 179.44464 to 179.4513
08-05 20:47:26.056 24743 24743 D CompassActivity: will set rotation from 179.4513 to 179.4519
08-05 20:47:26.078 24743 24743 D CompassActivity: will set rotation from 179.4519 to 179.44238
08-05 20:47:26.079 24743 24743 D CompassActivity: will set rotation from 179.44238 to 179.4425
08-05 20:47:26.097 24743 24743 D CompassActivity: will set rotation from 179.4425 to 179.43427
08-05 20:47:26.098 24743 24743 D CompassActivity: will set rotation from 179.43427 to 179.43555
08-05 20:47:26.116 24743 24743 D CompassActivity: will set rotation from 179.43555 to 179.4447
08-05 20:47:26.117 24743 24743 D CompassActivity: will set rotation from 179.4447 to 179.44556
08-05 20:47:26.136 24743 24743 D CompassActivity: will set rotation from 179.44556 to 179.42102
08-05 20:47:26.137 24743 24743 D CompassActivity: will set rotation from 179.42102 to 179.42255
08-05 20:47:26.156 24743 24743 D CompassActivity: will set rotation from 179.42255 to 179.4613
08-05 20:47:26.156 24743 24743 D CompassActivity: will set rotation from 179.4613 to 179.4635
08-05 20:47:26.176 24743 24743 D CompassActivity: will set rotation from 179.4635 to 179.47186
08-05 20:47:26.177 24743 24743 D CompassActivity: will set rotation from 179.47186 to 179.47351
08-05 20:47:26.197 24743 24743 D CompassActivity: will set rotation from 179.47351 to 179.49573
08-05 20:47:26.197 24743 24743 D CompassActivity: will set rotation from 179.49573 to 179.4956
08-05 20:47:26.218 24743 24743 D CompassActivity: will set rotation from 179.4956 to 179.51758
08-05 20:47:26.218 24743 24743 D CompassActivity: will set rotation from 179.51758 to 179.51685
08-05 20:47:26.236 24743 24743 D CompassActivity: will set rotation from 179.51685 to 179.49121
08-05 20:47:26.238 24743 24743 D CompassActivity: will set rotation from 179.49121 to 179.49194
08-05 20:47:26.255 24743 24743 D CompassActivity: will set rotation from 179.49194 to 179.46661
08-05 20:47:26.256 24743 24743 D CompassActivity: will set rotation from 179.46661 to 179.46545
08-05 20:47:26.275 24743 24743 D CompassActivity: will set rotation from 179.46545 to 179.4721
08-05 20:47:26.276 24743 24743 D CompassActivity: will set rotation from 179.4721 to 179.47241
08-05 20:47:26.297 24743 24743 D CompassActivity: will set rotation from 179.47241 to 179.44922
08-05 20:47:26.297 24743 24743 D CompassActivity: will set rotation from 179.44922 to 179.44891
08-05 20:47:26.303   518   646 I ThermalEngine: ACTION: GPU - Setting GPU[0] to 450000000
08-05 20:47:26.315 24743 24743 D CompassActivity: will set rotation from 179.44891 to 179.43854
08-05 20:47:26.315 24743 24743 D CompassActivity: will set rotation from 179.43854 to 179.43793
08-05 20:47:26.334 24743 24743 D CompassActivity: will set rotation from 179.43793 to 179.44458
08-05 20:47:26.335 24743 24743 D CompassActivity: will set rotation from 179.44458 to 179.44666
08-05 20:47:26.354 24743 24743 D CompassActivity: will set rotation from 179.44666 to 179.45483
08-05 20:47:26.355 24743 24743 D CompassActivity: will set rotation from 179.45483 to 179.45581
08-05 20:47:26.364 26342 26342 D AndroidRuntime: >>>>>> START com.android.internal.os.RuntimeInit uid 2000 <<<<<<
08-05 20:47:26.370 26342 26342 D AndroidRuntime: CheckJNI is OFF
08-05 20:47:26.374 24743 24743 D CompassActivity: will set rotation from 179.45581 to 179.4784
08-05 20:47:26.374 24743 24743 D CompassActivity: will set rotation from 179.4784 to 179.47821
08-05 20:47:26.396 24743 24743 D CompassActivity: will set rotation from 179.47821 to 179.48529
08-05 20:47:26.397 24743 24743 D CompassActivity: will set rotation from 179.48529 to 179.48462
08-05 20:47:26.414 26342 26342 D ICU     : No timezone override file found: /data/misc/zoneinfo/current/icu/icu_tzdata.dat
08-05 20:47:26.415 24743 24771 I art     : Starting a blocking GC Explicit
08-05 20:47:26.415 24743 24743 D CompassActivity: will set rotation from 179.48462 to 179.49072
08-05 20:47:26.417 24743 24743 D CompassActivity: will set rotation from 179.49072 to 179.49158
08-05 20:47:26.434 24743 24743 D CompassActivity: will set rotation from 179.49158 to 179.51062
08-05 20:47:26.435 24743 24743 D CompassActivity: will set rotation from 179.51062 to 179.50952
08-05 20:47:26.455 24743 24743 D CompassActivity: will set rotation from 179.50952 to 179.5003
08-05 20:47:26.455 24743 24743 D CompassActivity: will set rotation from 179.5003 to 179.50159
08-05 20:47:26.463 26342 26342 I Radio-JNI: register_android_hardware_Radio DONE
08-05 20:47:26.466 24743 24771 I art     : Explicit concurrent mark sweep GC freed 2040(121KB) AllocSpace objects, 2(36KB) LOS objects, 7% free, 187MB/203MB, paused 1.292ms total 51.132ms
08-05 20:47:26.474 24743 24743 D CompassActivity: will set rotation from 179.50159 to 179.50635
08-05 20:47:26.474 24743 24743 D CompassActivity: will set rotation from 179.50635 to 179.508
08-05 20:47:26.485 24743 24771 I art     : Starting a blocking GC Explicit
08-05 20:47:26.495 24743 24743 D CompassActivity: will set rotation from 179.508 to 179.48431
08-05 20:47:26.495 24743 24743 D CompassActivity: will set rotation from 179.48431 to 179.4845
08-05 20:47:26.496 26342 26342 D AndroidRuntime: Calling main entry com.android.commands.input.Input
08-05 20:47:26.498 26342 26342 I Input   : injectKeyEvent: KeyEvent { action=ACTION_DOWN, keyCode=KEYCODE_BACK, scanCode=0, metaState=0, flags=0x0, repeatCount=0, eventTime=823662911, downTime=823662911, deviceId=-1, source=0x101 }
08-05 20:47:26.503 26342 26342 I Input   : injectKeyEvent: KeyEvent { action=ACTION_UP, keyCode=KEYCODE_BACK, scanCode=0, metaState=0, flags=0x0, repeatCount=0, eventTime=823662911, downTime=823662911, deviceId=-1, source=0x101 }
08-05 20:47:26.512 26342 26342 D AndroidRuntime: Shutting down VM
08-05 20:47:26.513   918  6029 I sensors : activate
08-05 20:47:26.514   918  6111 I sensors : activate
08-05 20:47:26.519   918  3188 I hubconnection: sensorhub said: 'activate 1 enable:0'
08-05 20:47:26.520   918  3188 I hubconnection: sensorhub said: 'activate 3 enable:0'
08-05 20:47:26.528 24743 24771 I art     : Explicit concurrent mark sweep GC freed 746(28KB) AllocSpace objects, 0(0B) LOS objects, 7% free, 187MB/203MB, paused 1.354ms total 42.945ms
08-05 20:47:26.543 24743 24743 V MainActivity: url = https://project-travel-mate.herokuapp.com/api/number-of-unread-notifications
08-05 20:47:26.545 24743 24771 I art     : Starting a blocking GC Explicit
08-05 20:47:26.560   918  3188 I hubconnection: sensorhub said: 'set_bias 3: -6.7200, 0.0000, 0.0000'
08-05 20:47:26.588 24743 24771 I art     : Explicit concurrent mark sweep GC freed 401(15KB) AllocSpace objects, 0(0B) LOS objects, 7% free, 187MB/203MB, paused 1.211ms total 42.368ms
08-05 20:47:26.607 24743 24771 I art     : Starting a blocking GC Explicit
08-05 20:47:26.647 24743 24771 I art     : Explicit concurrent mark sweep GC freed 63(2576B) AllocSpace objects, 0(0B) LOS objects, 7% free, 187MB/203MB, paused 1.294ms total 39.718ms
08-05 20:47:26.664 24743 24771 I art     : Starting a blocking GC Explicit
08-05 20:47:26.666 13866 13866 I GoogleInputMethodServic: GoogleInputMethodService.onFinishInput():3138 
08-05 20:47:26.667 13866 13866 I GoogleInputMethodServic: GoogleInputMethodService.onStartInput():1808 
08-05 20:47:26.706 24743 24771 I art     : Explicit concurrent mark sweep GC freed 103(6KB) AllocSpace objects, 0(0B) LOS objects, 7% free, 187MB/203MB, paused 1.291ms total 41.665ms
08-05 20:47:26.785 23554 23554 W Atfwd_Sendcmd: AtCmdFwd service not published, waiting... retryCnt : 5
08-05 20:47:26.917 13866 13882 I PeriodicStatsRunner: PeriodicStatsRunner.call():175 call()
08-05 20:47:26.918 13866 13882 I PeriodicStatsRunner: PeriodicStatsRunner.call():179 No submit PeriodicStats since input started.
08-05 20:47:26.943 24743 24743 D CompassActivity: stop compass
08-05 20:47:26.943   380   380 W SurfaceFlinger: couldn't log to binary event log: overflow.
08-05 20:47:27.078 24743 24771 I art     : Starting a blocking GC Explicit
08-05 20:47:27.132 24743 24771 I art     : Explicit concurrent mark sweep GC freed 1689(97KB) AllocSpace objects, 2(36KB) LOS objects, 7% free, 187MB/203MB, paused 1.197ms total 53.970ms
08-05 20:47:27.153 24743 24771 I art     : Starting a blocking GC Explicit
08-05 20:47:27.213 24743 24771 I art     : Explicit concurrent mark sweep GC freed 3715(208KB) AllocSpace objects, 6(52MB) LOS objects, 10% free, 135MB/151MB, paused 1.436ms total 59.825ms
08-05 20:47:27.230 24743 24771 I art     : Starting a blocking GC Explicit
08-05 20:47:27.257 24743 26365 I NAPPA_EXPERIMENTATION: MetricNetworkRequestExecutionTime: REQUEST_DURATION_SYSTEM='712',REQUEST_DURATION_OKHTTP='44',REQUEST_SYNCHRONOUS='FALSE',RESPONSE_CODE='200',RESPONSE_METHOD='GET',RESPONSE_LENGTH_OKHTTP='36',RESPONSE_LENGTH_HEADER='36',REQUEST_PROTOCOL='http/1.1',REQUEST_URL='https://project-travel-mate.herokuapp.com/api/number-of-unread-notifications',
08-05 20:47:27.275 24743 24771 I art     : Explicit concurrent mark sweep GC freed 1213(132KB) AllocSpace objects, 0(0B) LOS objects, 10% free, 135MB/151MB, paused 1.115ms total 44.295ms
08-05 20:47:27.292 24743 24771 I art     : Starting a blocking GC Explicit
08-05 20:47:27.338 24743 24771 I art     : Explicit concurrent mark sweep GC freed 140(5KB) AllocSpace objects, 0(0B) LOS objects, 10% free, 135MB/151MB, paused 1.201ms total 45.231ms
08-05 20:47:27.355 24743 24771 I art     : Starting a blocking GC Explicit
08-05 20:47:27.401 24743 24771 I art     : Explicit concurrent mark sweep GC freed 15(752B) AllocSpace objects, 0(0B) LOS objects, 10% free, 135MB/151MB, paused 1.113ms total 45.234ms
08-05 20:47:27.791 24743 25266 I art     : Starting a blocking GC Explicit
08-05 20:47:27.835 24743 25266 I art     : Explicit concurrent mark sweep GC freed 1629(94KB) AllocSpace objects, 2(36KB) LOS objects, 10% free, 135MB/151MB, paused 1.097ms total 43.888ms
08-05 20:47:27.852 24743 25266 I art     : Starting a blocking GC Explicit
08-05 20:47:27.896 24743 25266 I art     : Explicit concurrent mark sweep GC freed 30(1104B) AllocSpace objects, 0(0B) LOS objects, 10% free, 135MB/151MB, paused 1.102ms total 43.053ms
08-05 20:47:27.913 24743 25266 I art     : Starting a blocking GC Explicit
08-05 20:47:27.957 24743 25266 I art     : Explicit concurrent mark sweep GC freed 3(96B) AllocSpace objects, 0(0B) LOS objects, 10% free, 135MB/151MB, paused 1.140ms total 43.785ms
08-05 20:47:27.974 24743 25266 I art     : Starting a blocking GC Explicit
08-05 20:47:28.018 24743 25266 I art     : Explicit concurrent mark sweep GC freed 3(96B) AllocSpace objects, 0(0B) LOS objects, 10% free, 135MB/151MB, paused 1.143ms total 43.834ms
08-05 20:47:28.035 24743 25266 I art     : Starting a blocking GC Explicit
08-05 20:47:28.080 24743 25266 I art     : Explicit concurrent mark sweep GC freed 3(96B) AllocSpace objects, 0(0B) LOS objects, 10% free, 135MB/151MB, paused 1.103ms total 43.886ms
08-05 20:47:28.287 26387 26387 D AndroidRuntime: >>>>>> START com.android.internal.os.RuntimeInit uid 2000 <<<<<<
08-05 20:47:28.293 26387 26387 D AndroidRuntime: CheckJNI is OFF
08-05 20:47:28.332 26387 26387 D ICU     : No timezone override file found: /data/misc/zoneinfo/current/icu/icu_tzdata.dat
08-05 20:47:28.373 26387 26387 I Radio-JNI: register_android_hardware_Radio DONE
08-05 20:47:28.403 26387 26387 D AndroidRuntime: Calling main entry com.android.commands.input.Input
08-05 20:47:28.406 26387 26387 I Input   : injectMotionEvent: MotionEvent { action=ACTION_DOWN, actionButton=0, id[0]=0, x[0]=500.0, y[0]=2000.0, toolType[0]=TOOL_TYPE_UNKNOWN, buttonState=0, metaState=0, flags=0x0, edgeFlags=0x0, pointerCount=1, historySize=0, eventTime=823664818, downTime=823664818, deviceId=0, source=0x1002 }
08-05 20:47:28.414 26387 26387 I Input   : injectMotionEvent: MotionEvent { action=ACTION_MOVE, actionButton=0, id[0]=0, x[0]=500.0, y[0]=2000.0, toolType[0]=TOOL_TYPE_UNKNOWN, buttonState=0, metaState=0, flags=0x0, edgeFlags=0x0, pointerCount=1, historySize=0, eventTime=823664818, downTime=823664818, deviceId=0, source=0x1002 }
08-05 20:47:28.430 26387 26387 I Input   : injectMotionEvent: MotionEvent { action=ACTION_MOVE, actionButton=0, id[0]=0, x[0]=500.0, y[0]=1952.5, toolType[0]=TOOL_TYPE_UNKNOWN, buttonState=0, metaState=0, flags=0x0, edgeFlags=0x0, pointerCount=1, historySize=0, eventTime=823664843, downTime=823664843, deviceId=0, source=0x1002 }
08-05 20:47:28.446 26387 26387 I Input   : injectMotionEvent: MotionEvent { action=ACTION_MOVE, actionButton=0, id[0]=0, x[0]=500.0, y[0]=1922.1, toolType[0]=TOOL_TYPE_UNKNOWN, buttonState=0, metaState=0, flags=0x0, edgeFlags=0x0, pointerCount=1, historySize=0, eventTime=823664859, downTime=823664859, deviceId=0, source=0x1002 }
08-05 20:47:28.454 24743 24762 I art     : Starting a blocking GC Explicit
08-05 20:47:28.469 26387 26387 I Input   : injectMotionEvent: MotionEvent { action=ACTION_MOVE, actionButton=0, id[0]=0, x[0]=500.0, y[0]=1878.4, toolType[0]=TOOL_TYPE_UNKNOWN, buttonState=0, metaState=0, flags=0x0, edgeFlags=0x0, pointerCount=1, historySize=0, eventTime=823664882, downTime=823664882, deviceId=0, source=0x1002 }
08-05 20:47:28.479 26387 26387 I Input   : injectMotionEvent: MotionEvent { action=ACTION_MOVE, actionButton=0, id[0]=0, x[0]=500.0, y[0]=1859.4, toolType[0]=TOOL_TYPE_UNKNOWN, buttonState=0, metaState=0, flags=0x0, edgeFlags=0x0, pointerCount=1, historySize=0, eventTime=823664892, downTime=823664892, deviceId=0, source=0x1002 }
08-05 20:47:28.499 26387 26387 I Input   : injectMotionEvent: MotionEvent { action=ACTION_MOVE, actionButton=0, id[0]=0, x[0]=500.0, y[0]=1821.4, toolType[0]=TOOL_TYPE_UNKNOWN, buttonState=0, metaState=0, flags=0x0, edgeFlags=0x0, pointerCount=1, historySize=0, eventTime=823664912, downTime=823664912, deviceId=0, source=0x1002 }
08-05 20:47:28.508 24743 24762 I art     : Explicit concurrent mark sweep GC freed 1732(97KB) AllocSpace objects, 2(36KB) LOS objects, 10% free, 135MB/151MB, paused 1.546ms total 53.359ms
08-05 20:47:28.513 26387 26387 I Input   : injectMotionEvent: MotionEvent { action=ACTION_MOVE, actionButton=0, id[0]=0, x[0]=500.0, y[0]=1794.8, toolType[0]=TOOL_TYPE_UNKNOWN, buttonState=0, metaState=0, flags=0x0, edgeFlags=0x0, pointerCount=1, historySize=0, eventTime=823664926, downTime=823664926, deviceId=0, source=0x1002 }
08-05 20:47:28.530 24743 24762 I art     : Starting a blocking GC Explicit
08-05 20:47:28.531 26387 26387 I Input   : injectMotionEvent: MotionEvent { action=ACTION_MOVE, actionButton=0, id[0]=0, x[0]=500.0, y[0]=1762.5, toolType[0]=TOOL_TYPE_UNKNOWN, buttonState=0, metaState=0, flags=0x0, edgeFlags=0x0, pointerCount=1, historySize=0, eventTime=823664943, downTime=823664943, deviceId=0, source=0x1002 }
08-05 20:47:28.546 26387 26387 I Input   : injectMotionEvent: MotionEvent { action=ACTION_MOVE, actionButton=0, id[0]=0, x[0]=500.0, y[0]=1732.1, toolType[0]=TOOL_TYPE_UNKNOWN, buttonState=0, metaState=0, flags=0x0, edgeFlags=0x0, pointerCount=1, historySize=0, eventTime=823664959, downTime=823664959, deviceId=0, source=0x1002 }
08-05 20:47:28.562 26387 26387 I Input   : injectMotionEvent: MotionEvent { action=ACTION_MOVE, actionButton=0, id[0]=0, x[0]=500.0, y[0]=1701.7, toolType[0]=TOOL_TYPE_UNKNOWN, buttonState=0, metaState=0, flags=0x0, edgeFlags=0x0, pointerCount=1, historySize=0, eventTime=823664975, downTime=823664975, deviceId=0, source=0x1002 }
08-05 20:47:28.577 24743 24762 I art     : Explicit concurrent mark sweep GC freed 48(2112B) AllocSpace objects, 0(0B) LOS objects, 10% free, 135MB/151MB, paused 1.141ms total 47.007ms
08-05 20:47:28.579 26387 26387 I Input   : injectMotionEvent: MotionEvent { action=ACTION_MOVE, actionButton=0, id[0]=0, x[0]=500.0, y[0]=1669.4, toolType[0]=TOOL_TYPE_UNKNOWN, buttonState=0, metaState=0, flags=0x0, edgeFlags=0x0, pointerCount=1, historySize=0, eventTime=823664992, downTime=823664992, deviceId=0, source=0x1002 }
08-05 20:47:28.595 24743 24762 I art     : Starting a blocking GC Explicit
08-05 20:47:28.596 26387 26387 I Input   : injectMotionEvent: MotionEvent { action=ACTION_MOVE, actionButton=0, id[0]=0, x[0]=500.0, y[0]=1637.1, toolType[0]=TOOL_TYPE_UNKNOWN, buttonState=0, metaState=0, flags=0x0, edgeFlags=0x0, pointerCount=1, historySize=0, eventTime=823665009, downTime=823665009, deviceId=0, source=0x1002 }
08-05 20:47:28.613 26387 26387 I Input   : injectMotionEvent: MotionEvent { action=ACTION_MOVE, actionButton=0, id[0]=0, x[0]=500.0, y[0]=1606.7, toolType[0]=TOOL_TYPE_UNKNOWN, buttonState=0, metaState=0, flags=0x0, edgeFlags=0x0, pointerCount=1, historySize=0, eventTime=823665025, downTime=823665025, deviceId=0, source=0x1002 }
08-05 20:47:28.629 26387 26387 I Input   : injectMotionEvent: MotionEvent { action=ACTION_MOVE, actionButton=0, id[0]=0, x[0]=500.0, y[0]=1574.4, toolType[0]=TOOL_TYPE_UNKNOWN, buttonState=0, metaState=0, flags=0x0, edgeFlags=0x0, pointerCount=1, historySize=0, eventTime=823665042, downTime=823665042, deviceId=0, source=0x1002 }
08-05 20:47:28.641 24743 24762 I art     : Explicit concurrent mark sweep GC freed 9(336B) AllocSpace objects, 0(0B) LOS objects, 10% free, 135MB/151MB, paused 1.172ms total 45.721ms
08-05 20:47:28.647 26387 26387 I Input   : injectMotionEvent: MotionEvent { action=ACTION_MOVE, actionButton=0, id[0]=0, x[0]=500.0, y[0]=1540.2, toolType[0]=TOOL_TYPE_UNKNOWN, buttonState=0, metaState=0, flags=0x0, edgeFlags=0x0, pointerCount=1, historySize=0, eventTime=823665060, downTime=823665060, deviceId=0, source=0x1002 }
08-05 20:47:28.658 24743 24762 I art     : Starting a blocking GC Explicit
08-05 20:47:28.664 26387 26387 I Input   : injectMotionEvent: MotionEvent { action=ACTION_MOVE, actionButton=0, id[0]=0, x[0]=500.0, y[0]=1507.9, toolType[0]=TOOL_TYPE_UNKNOWN, buttonState=0, metaState=0, flags=0x0, edgeFlags=0x0, pointerCount=1, historySize=0, eventTime=823665077, downTime=823665077, deviceId=0, source=0x1002 }
08-05 20:47:28.679 26387 26387 I Input   : injectMotionEvent: MotionEvent { action=ACTION_MOVE, actionButton=0, id[0]=0, x[0]=500.0, y[0]=1479.4, toolType[0]=TOOL_TYPE_UNKNOWN, buttonState=0, metaState=0, flags=0x0, edgeFlags=0x0, pointerCount=1, historySize=0, eventTime=823665092, downTime=823665092, deviceId=0, source=0x1002 }
08-05 20:47:28.696 26387 26387 I Input   : injectMotionEvent: MotionEvent { action=ACTION_MOVE, actionButton=0, id[0]=0, x[0]=500.0, y[0]=1447.1, toolType[0]=TOOL_TYPE_UNKNOWN, buttonState=0, metaState=0, flags=0x0, edgeFlags=0x0, pointerCount=1, historySize=0, eventTime=823665109, downTime=823665109, deviceId=0, source=0x1002 }
08-05 20:47:28.702 24743 24762 I art     : Explicit concurrent mark sweep GC freed 14(720B) AllocSpace objects, 0(0B) LOS objects, 10% free, 135MB/151MB, paused 1.096ms total 43.497ms
08-05 20:47:28.715 26387 26387 I Input   : injectMotionEvent: MotionEvent { action=ACTION_MOVE, actionButton=0, id[0]=0, x[0]=500.0, y[0]=1411.0, toolType[0]=TOOL_TYPE_UNKNOWN, buttonState=0, metaState=0, flags=0x0, edgeFlags=0x0, pointerCount=1, historySize=0, eventTime=823665128, downTime=823665128, deviceId=0, source=0x1002 }
08-05 20:47:28.721 24743 24762 I art     : Starting a blocking GC Explicit
08-05 20:47:28.732 26387 26387 I Input   : injectMotionEvent: MotionEvent { action=ACTION_MOVE, actionButton=0, id[0]=0, x[0]=500.0, y[0]=1378.7, toolType[0]=TOOL_TYPE_UNKNOWN, buttonState=0, metaState=0, flags=0x0, edgeFlags=0x0, pointerCount=1, historySize=0, eventTime=823665145, downTime=823665145, deviceId=0, source=0x1002 }
08-05 20:47:28.747 26387 26387 I Input   : injectMotionEvent: MotionEvent { action=ACTION_MOVE, actionButton=0, id[0]=0, x[0]=500.0, y[0]=1350.2, toolType[0]=TOOL_TYPE_UNKNOWN, buttonState=0, metaState=0, flags=0x0, edgeFlags=0x0, pointerCount=1, historySize=0, eventTime=823665160, downTime=823665160, deviceId=0, source=0x1002 }
08-05 20:47:28.764 26387 26387 I Input   : injectMotionEvent: MotionEvent { action=ACTION_MOVE, actionButton=0, id[0]=0, x[0]=500.0, y[0]=1317.9, toolType[0]=TOOL_TYPE_UNKNOWN, buttonState=0, metaState=0, flags=0x0, edgeFlags=0x0, pointerCount=1, historySize=0, eventTime=823665177, downTime=823665177, deviceId=0, source=0x1002 }
08-05 20:47:28.769 24743 24762 I art     : Explicit concurrent mark sweep GC freed 14(672B) AllocSpace objects, 0(0B) LOS objects, 10% free, 135MB/151MB, paused 1.069ms total 47.279ms
08-05 20:47:28.781 26387 26387 I Input   : injectMotionEvent: MotionEvent { action=ACTION_MOVE, actionButton=0, id[0]=0, x[0]=500.0, y[0]=1285.6001, toolType[0]=TOOL_TYPE_UNKNOWN, buttonState=0, metaState=0, flags=0x0, edgeFlags=0x0, pointerCount=1, historySize=0, eventTime=823665194, downTime=823665194, deviceId=0, source=0x1002 }
08-05 20:47:28.798 26387 26387 I Input   : injectMotionEvent: MotionEvent { action=ACTION_MOVE, actionButton=0, id[0]=0, x[0]=500.0, y[0]=1253.3, toolType[0]=TOOL_TYPE_UNKNOWN, buttonState=0, metaState=0, flags=0x0, edgeFlags=0x0, pointerCount=1, historySize=0, eventTime=823665211, downTime=823665211, deviceId=0, source=0x1002 }
08-05 20:47:28.817 26387 26387 I Input   : injectMotionEvent: MotionEvent { action=ACTION_MOVE, actionButton=0, id[0]=0, x[0]=500.0, y[0]=1217.2, toolType[0]=TOOL_TYPE_UNKNOWN, buttonState=0, metaState=0, flags=0x0, edgeFlags=0x0, pointerCount=1, historySize=0, eventTime=823665230, downTime=823665230, deviceId=0, source=0x1002 }
08-05 20:47:28.830 26387 26387 I Input   : injectMotionEvent: MotionEvent { action=ACTION_MOVE, actionButton=0, id[0]=0, x[0]=500.0, y[0]=1192.5, toolType[0]=TOOL_TYPE_UNKNOWN, buttonState=0, metaState=0, flags=0x0, edgeFlags=0x0, pointerCount=1, historySize=0, eventTime=823665243, downTime=823665243, deviceId=0, source=0x1002 }
08-05 20:47:28.895 26387 26387 I Input   : injectMotionEvent: MotionEvent { action=ACTION_MOVE, actionButton=0, id[0]=0, x[0]=500.0, y[0]=1067.1001, toolType[0]=TOOL_TYPE_UNKNOWN, buttonState=0, metaState=0, flags=0x0, edgeFlags=0x0, pointerCount=1, historySize=0, eventTime=823665309, downTime=823665309, deviceId=0, source=0x1002 }
08-05 20:47:28.950 26387 26387 I Input   : injectMotionEvent: MotionEvent { action=ACTION_MOVE, actionButton=0, id[0]=0, x[0]=500.0, y[0]=964.5, toolType[0]=TOOL_TYPE_UNKNOWN, buttonState=0, metaState=0, flags=0x0, edgeFlags=0x0, pointerCount=1, historySize=0, eventTime=823665363, downTime=823665363, deviceId=0, source=0x1002 }
08-05 20:47:29.013 26387 26387 I Input   : injectMotionEvent: MotionEvent { action=ACTION_MOVE, actionButton=0, id[0]=0, x[0]=500.0, y[0]=842.8999, toolType[0]=TOOL_TYPE_UNKNOWN, buttonState=0, metaState=0, flags=0x0, edgeFlags=0x0, pointerCount=1, historySize=0, eventTime=823665427, downTime=823665427, deviceId=0, source=0x1002 }
08-05 20:47:29.078 26387 26387 I Input   : injectMotionEvent: MotionEvent { action=ACTION_MOVE, actionButton=0, id[0]=0, x[0]=500.0, y[0]=719.3999, toolType[0]=TOOL_TYPE_UNKNOWN, buttonState=0, metaState=0, flags=0x0, edgeFlags=0x0, pointerCount=1, historySize=0, eventTime=823665492, downTime=823665492, deviceId=0, source=0x1002 }
08-05 20:47:29.140 26387 26387 I Input   : injectMotionEvent: MotionEvent { action=ACTION_MOVE, actionButton=0, id[0]=0, x[0]=500.0, y[0]=601.6, toolType[0]=TOOL_TYPE_UNKNOWN, buttonState=0, metaState=0, flags=0x0, edgeFlags=0x0, pointerCount=1, historySize=0, eventTime=823665554, downTime=823665554, deviceId=0, source=0x1002 }
08-05 20:47:29.146   918  1210 D NetlinkSocketObserver: NeighborEvent{elapsedMs=1807053021, 192.168.2.254, [7C3953A63323], RTM_NEWNEIGH, NUD_PROBE}
08-05 20:47:29.155 24743 24771 I art     : Starting a blocking GC Explicit
08-05 20:47:29.195 24743 24771 I art     : Explicit concurrent mark sweep GC freed 1657(95KB) AllocSpace objects, 2(36KB) LOS objects, 10% free, 135MB/151MB, paused 1.249ms total 39.807ms
08-05 20:47:29.204 26387 26387 I Input   : injectMotionEvent: MotionEvent { action=ACTION_MOVE, actionButton=0, id[0]=0, x[0]=500.0, y[0]=481.8999, toolType[0]=TOOL_TYPE_UNKNOWN, buttonState=0, metaState=0, flags=0x0, edgeFlags=0x0, pointerCount=1, historySize=0, eventTime=823665617, downTime=823665617, deviceId=0, source=0x1002 }
08-05 20:47:29.212 24743 24771 I art     : Starting a blocking GC Explicit
08-05 20:47:29.251 24743 24771 I art     : Explicit concurrent mark sweep GC freed 49(1808B) AllocSpace objects, 0(0B) LOS objects, 10% free, 135MB/151MB, paused 1.238ms total 39.161ms
08-05 20:47:29.260 13866 13882 I PeriodicStatsRunner: PeriodicStatsRunner.call():175 call()
08-05 20:47:29.260 13866 13882 I PeriodicStatsRunner: PeriodicStatsRunner.call():179 No submit PeriodicStats since input started.
08-05 20:47:29.272 26387 26387 I Input   : injectMotionEvent: MotionEvent { action=ACTION_MOVE, actionButton=0, id[0]=0, x[0]=500.0, y[0]=352.70007, toolType[0]=TOOL_TYPE_UNKNOWN, buttonState=0, metaState=0, flags=0x0, edgeFlags=0x0, pointerCount=1, historySize=0, eventTime=823665685, downTime=823665685, deviceId=0, source=0x1002 }
08-05 20:47:29.273 24743 24771 I art     : Starting a blocking GC Explicit
08-05 20:47:29.312 24743 24771 I art     : Explicit concurrent mark sweep GC freed 8(256B) AllocSpace objects, 0(0B) LOS objects, 10% free, 135MB/151MB, paused 1.183ms total 38.869ms
08-05 20:47:29.329 24743 24771 I art     : Starting a blocking GC Explicit
08-05 20:47:29.367 26387 26387 I Input   : injectMotionEvent: MotionEvent { action=ACTION_MOVE, actionButton=0, id[0]=0, x[0]=500.0, y[0]=172.19995, toolType[0]=TOOL_TYPE_UNKNOWN, buttonState=0, metaState=0, flags=0x0, edgeFlags=0x0, pointerCount=1, historySize=0, eventTime=823665780, downTime=823665780, deviceId=0, source=0x1002 }
08-05 20:47:29.370 24743 24771 I art     : Explicit concurrent mark sweep GC freed 5(160B) AllocSpace objects, 0(0B) LOS objects, 10% free, 135MB/151MB, paused 1.209ms total 40.341ms
08-05 20:47:29.387 24743 24771 I art     : Starting a blocking GC Explicit
08-05 20:47:29.401 13136 26426 W Gcs.WfaEliRefreshTask: [27287] afk.b: NULL eligibility response.
08-05 20:47:29.402 24365 23174 I NetworkScheduler.Stats: Task com.google.android.apps.gcs/ started execution. cause:4 exec_start_elapsed_seconds: 1807053 [CONTEXT service_id=218 ]
08-05 20:47:29.404 26387 26387 I Input   : injectMotionEvent: MotionEvent { action=ACTION_MOVE, actionButton=0, id[0]=0, x[0]=500.0, y[0]=101.900024, toolType[0]=TOOL_TYPE_UNKNOWN, buttonState=0, metaState=0, flags=0x0, edgeFlags=0x0, pointerCount=1, historySize=0, eventTime=823665817, downTime=823665817, deviceId=0, source=0x1002 }
08-05 20:47:29.407 24365 23174 I NetworkScheduler.Stats: Task com.google.android.apps.gcs/ finished executing. cause:4 result: 3 elapsed_millis: 9 uptime_millis: 10 exec_start_elapsed_seconds: 1807053 [CONTEXT service_id=218 ]
08-05 20:47:29.430 24743 24771 I art     : Explicit concurrent mark sweep GC freed 7(224B) AllocSpace objects, 0(0B) LOS objects, 10% free, 135MB/151MB, paused 1.241ms total 42.263ms
08-05 20:47:29.445 26387 26387 I Input   : injectMotionEvent: MotionEvent { action=ACTION_UP, actionButton=0, id[0]=0, x[0]=500.0, y[0]=100.0, toolType[0]=TOOL_TYPE_UNKNOWN, buttonState=0, metaState=0, flags=0x0, edgeFlags=0x0, pointerCount=1, historySize=0, eventTime=823665858, downTime=823665858, deviceId=0, source=0x1002 }
08-05 20:47:29.471 24365 12324 I NetworkScheduler.Stats: Task com.google.android.gms/com.google.android.gms.mdisync.service.MdiSyncBackgroundTaskService started execution. cause:5 exec_start_elapsed_seconds: 1807053 [CONTEXT service_id=218 ]
08-05 20:47:29.482 26387 26387 D AndroidRuntime: Shutting down VM
08-05 20:47:29.510 24577 22369 I MdiSyncModule: Dispatching task '1_PERIODIC'...
08-05 20:47:29.516   918  6112 I AccountManagerService: getTypesVisibleToCaller: isPermitted? true
08-05 20:47:29.519 24365 23174 I NetworkScheduler.Stats: Task com.google.android.gms/com.google.android.gms.mdisync.service.MdiSyncBackgroundTaskService finished executing. cause:5 result: 2 elapsed_millis: 87 uptime_millis: 86 exec_start_elapsed_seconds: 1807053 [CONTEXT service_id=218 ]
08-05 20:47:29.810 24743 24771 I art     : Starting a blocking GC Explicit
08-05 20:47:29.852 24743 24771 I art     : Explicit concurrent mark sweep GC freed 1634(94KB) AllocSpace objects, 2(36KB) LOS objects, 10% free, 135MB/151MB, paused 1.049ms total 41.760ms
08-05 20:47:29.868 24743 24771 I art     : Starting a blocking GC Explicit
08-05 20:47:29.906 24743 24771 I art     : Explicit concurrent mark sweep GC freed 31(1136B) AllocSpace objects, 0(0B) LOS objects, 10% free, 135MB/151MB, paused 1.034ms total 37.581ms
08-05 20:47:29.924 24743 24771 I art     : Starting a blocking GC Explicit
08-05 20:47:29.967 24743 24771 I art     : Explicit concurrent mark sweep GC freed 5(160B) AllocSpace objects, 0(0B) LOS objects, 10% free, 135MB/151MB, paused 1.081ms total 42.777ms
08-05 20:47:29.985 24743 24771 I art     : Starting a blocking GC Explicit
08-05 20:47:30.022 24743 24771 I art     : Explicit concurrent mark sweep GC freed 3(96B) AllocSpace objects, 0(0B) LOS objects, 10% free, 135MB/151MB, paused 1.020ms total 37.470ms
08-05 20:47:30.047 24743 24771 I art     : Starting a blocking GC Explicit
08-05 20:47:30.084 24743 24771 I art     : Explicit concurrent mark sweep GC freed 5(160B) AllocSpace objects, 0(0B) LOS objects, 10% free, 135MB/151MB, paused 983us total 37.461ms
08-05 20:47:30.215 26437 26437 D AndroidRuntime: >>>>>> START com.android.internal.os.RuntimeInit uid 2000 <<<<<<
08-05 20:47:30.220 26437 26437 D AndroidRuntime: CheckJNI is OFF
08-05 20:47:30.258 26437 26437 D ICU     : No timezone override file found: /data/misc/zoneinfo/current/icu/icu_tzdata.dat
08-05 20:47:30.296 26437 26437 I Radio-JNI: register_android_hardware_Radio DONE
08-05 20:47:30.325 26437 26437 D AndroidRuntime: Calling main entry com.android.commands.input.Input
08-05 20:47:30.327 26437 26437 I Input   : injectMotionEvent: MotionEvent { action=ACTION_DOWN, actionButton=0, id[0]=0, x[0]=500.0, y[0]=2000.0, toolType[0]=TOOL_TYPE_UNKNOWN, buttonState=0, metaState=0, flags=0x0, edgeFlags=0x0, pointerCount=1, historySize=0, eventTime=823666740, downTime=823666740, deviceId=0, source=0x1002 }
08-05 20:47:30.331 26437 26437 I Input   : injectMotionEvent: MotionEvent { action=ACTION_MOVE, actionButton=0, id[0]=0, x[0]=500.0, y[0]=2000.0, toolType[0]=TOOL_TYPE_UNKNOWN, buttonState=0, metaState=0, flags=0x0, edgeFlags=0x0, pointerCount=1, historySize=0, eventTime=823666740, downTime=823666740, deviceId=0, source=0x1002 }
08-05 20:47:30.347 26437 26437 I Input   : injectMotionEvent: MotionEvent { action=ACTION_MOVE, actionButton=0, id[0]=0, x[0]=500.0, y[0]=1960.1, toolType[0]=TOOL_TYPE_UNKNOWN, buttonState=0, metaState=0, flags=0x0, edgeFlags=0x0, pointerCount=1, historySize=0, eventTime=823666761, downTime=823666761, deviceId=0, source=0x1002 }
08-05 20:47:30.364 26437 26437 I Input   : injectMotionEvent: MotionEvent { action=ACTION_MOVE, actionButton=0, id[0]=0, x[0]=500.0, y[0]=1927.8, toolType[0]=TOOL_TYPE_UNKNOWN, buttonState=0, metaState=0, flags=0x0, edgeFlags=0x0, pointerCount=1, historySize=0, eventTime=823666778, downTime=823666778, deviceId=0, source=0x1002 }
08-05 20:47:30.382 26437 26437 I Input   : injectMotionEvent: MotionEvent { action=ACTION_MOVE, actionButton=0, id[0]=0, x[0]=500.0, y[0]=1893.6, toolType[0]=TOOL_TYPE_UNKNOWN, buttonState=0, metaState=0, flags=0x0, edgeFlags=0x0, pointerCount=1, historySize=0, eventTime=823666796, downTime=823666796, deviceId=0, source=0x1002 }
08-05 20:47:30.460 24743 24771 I art     : Starting a blocking GC Explicit
08-05 20:47:30.482 26437 26437 I Input   : injectMotionEvent: MotionEvent { action=ACTION_MOVE, actionButton=0, id[0]=0, x[0]=500.0, y[0]=1703.6, toolType[0]=TOOL_TYPE_UNKNOWN, buttonState=0, metaState=0, flags=0x0, edgeFlags=0x0, pointerCount=1, historySize=0, eventTime=823666896, downTime=823666896, deviceId=0, source=0x1002 }
08-05 20:47:30.501 24743 24771 I art     : Explicit concurrent mark sweep GC freed 1671(96KB) AllocSpace objects, 2(36KB) LOS objects, 10% free, 135MB/151MB, paused 1.049ms total 39.991ms
08-05 20:47:30.517 24743 24771 I art     : Starting a blocking GC Explicit
08-05 20:47:30.557 24743 24771 I art     : Explicit concurrent mark sweep GC freed 40(1648B) AllocSpace objects, 0(0B) LOS objects, 10% free, 135MB/151MB, paused 1.073ms total 39.275ms
08-05 20:47:30.578 24743 24771 I art     : Starting a blocking GC Explicit
08-05 20:47:30.582 26437 26437 I Input   : injectMotionEvent: MotionEvent { action=ACTION_MOVE, actionButton=0, id[0]=0, x[0]=500.0, y[0]=1515.5, toolType[0]=TOOL_TYPE_UNKNOWN, buttonState=0, metaState=0, flags=0x0, edgeFlags=0x0, pointerCount=1, historySize=0, eventTime=823666995, downTime=823666995, deviceId=0, source=0x1002 }
08-05 20:47:30.620 24743 24771 I art     : Explicit concurrent mark sweep GC freed 8(256B) AllocSpace objects, 0(0B) LOS objects, 10% free, 135MB/151MB, paused 1.072ms total 41.441ms
08-05 20:47:30.638 24743 24771 I art     : Starting a blocking GC Explicit
08-05 20:47:30.677 24743 24771 I art     : Explicit concurrent mark sweep GC freed 3(96B) AllocSpace objects, 0(0B) LOS objects, 10% free, 135MB/151MB, paused 1.200ms total 38.854ms
08-05 20:47:30.692 26437 26437 I Input   : injectMotionEvent: MotionEvent { action=ACTION_MOVE, actionButton=0, id[0]=0, x[0]=500.0, y[0]=1306.5, toolType[0]=TOOL_TYPE_UNKNOWN, buttonState=0, metaState=0, flags=0x0, edgeFlags=0x0, pointerCount=1, historySize=0, eventTime=823667105, downTime=823667105, deviceId=0, source=0x1002 }
08-05 20:47:30.696 24743 24771 I art     : Starting a blocking GC Explicit
08-05 20:47:30.731 26437 26437 I Input   : injectMotionEvent: MotionEvent { action=ACTION_MOVE, actionButton=0, id[0]=0, x[0]=500.0, y[0]=1232.3999, toolType[0]=TOOL_TYPE_UNKNOWN, buttonState=0, metaState=0, flags=0x0, edgeFlags=0x0, pointerCount=1, historySize=0, eventTime=823667144, downTime=823667144, deviceId=0, source=0x1002 }
08-05 20:47:30.736 24743 24771 I art     : Explicit concurrent mark sweep GC freed 6(192B) AllocSpace objects, 0(0B) LOS objects, 10% free, 135MB/151MB, paused 1.075ms total 39.753ms
08-05 20:47:30.772 26437 26437 I Input   : injectMotionEvent: MotionEvent { action=ACTION_MOVE, actionButton=0, id[0]=0, x[0]=500.0, y[0]=1154.5, toolType[0]=TOOL_TYPE_UNKNOWN, buttonState=0, metaState=0, flags=0x0, edgeFlags=0x0, pointerCount=1, historySize=0, eventTime=823667185, downTime=823667185, deviceId=0, source=0x1002 }
08-05 20:47:30.806 26437 26437 I Input   : injectMotionEvent: MotionEvent { action=ACTION_MOVE, actionButton=0, id[0]=0, x[0]=500.0, y[0]=1089.9, toolType[0]=TOOL_TYPE_UNKNOWN, buttonState=0, metaState=0, flags=0x0, edgeFlags=0x0, pointerCount=1, historySize=0, eventTime=823667219, downTime=823667219, deviceId=0, source=0x1002 }
08-05 20:47:30.841 26437 26437 I Input   : injectMotionEvent: MotionEvent { action=ACTION_MOVE, actionButton=0, id[0]=0, x[0]=500.0, y[0]=1023.4, toolType[0]=TOOL_TYPE_UNKNOWN, buttonState=0, metaState=0, flags=0x0, edgeFlags=0x0, pointerCount=1, historySize=0, eventTime=823667254, downTime=823667254, deviceId=0, source=0x1002 }
08-05 20:47:30.875 26437 26437 I Input   : injectMotionEvent: MotionEvent { action=ACTION_MOVE, actionButton=0, id[0]=0, x[0]=500.0, y[0]=958.80005, toolType[0]=TOOL_TYPE_UNKNOWN, buttonState=0, metaState=0, flags=0x0, edgeFlags=0x0, pointerCount=1, historySize=0, eventTime=823667288, downTime=823667288, deviceId=0, source=0x1002 }
08-05 20:47:30.910 26437 26437 I Input   : injectMotionEvent: MotionEvent { action=ACTION_MOVE, actionButton=0, id[0]=0, x[0]=500.0, y[0]=892.30005, toolType[0]=TOOL_TYPE_UNKNOWN, buttonState=0, metaState=0, flags=0x0, edgeFlags=0x0, pointerCount=1, historySize=0, eventTime=823667323, downTime=823667323, deviceId=0, source=0x1002 }
08-05 20:47:30.946 26437 26437 I Input   : injectMotionEvent: MotionEvent { action=ACTION_MOVE, actionButton=0, id[0]=0, x[0]=500.0, y[0]=823.9, toolType[0]=TOOL_TYPE_UNKNOWN, buttonState=0, metaState=0, flags=0x0, edgeFlags=0x0, pointerCount=1, historySize=0, eventTime=823667359, downTime=823667359, deviceId=0, source=0x1002 }
08-05 20:47:30.983 26437 26437 I Input   : injectMotionEvent: MotionEvent { action=ACTION_MOVE, actionButton=0, id[0]=0, x[0]=500.0, y[0]=753.6, toolType[0]=TOOL_TYPE_UNKNOWN, buttonState=0, metaState=0, flags=0x0, edgeFlags=0x0, pointerCount=1, historySize=0, eventTime=823667396, downTime=823667396, deviceId=0, source=0x1002 }
08-05 20:47:31.020 26437 26437 I Input   : injectMotionEvent: MotionEvent { action=ACTION_MOVE, actionButton=0, id[0]=0, x[0]=500.0, y[0]=683.2999, toolType[0]=TOOL_TYPE_UNKNOWN, buttonState=0, metaState=0, flags=0x0, edgeFlags=0x0, pointerCount=1, historySize=0, eventTime=823667433, downTime=823667433, deviceId=0, source=0x1002 }
08-05 20:47:31.059 26437 26437 I Input   : injectMotionEvent: MotionEvent { action=ACTION_MOVE, actionButton=0, id[0]=0, x[0]=500.0, y[0]=609.2001, toolType[0]=TOOL_TYPE_UNKNOWN, buttonState=0, metaState=0, flags=0x0, edgeFlags=0x0, pointerCount=1, historySize=0, eventTime=823667472, downTime=823667472, deviceId=0, source=0x1002 }
08-05 20:47:31.087   918  3261 D WifiStateMachine: starting scan for "H369AA63323"WPA_PSK with 2412,5180
08-05 20:47:31.095 26437 26437 I Input   : injectMotionEvent: MotionEvent { action=ACTION_MOVE, actionButton=0, id[0]=0, x[0]=500.0, y[0]=538.9, toolType[0]=TOOL_TYPE_UNKNOWN, buttonState=0, metaState=0, flags=0x0, edgeFlags=0x0, pointerCount=1, historySize=0, eventTime=823667509, downTime=823667509, deviceId=0, source=0x1002 }
08-05 20:47:31.126 24743 25266 I art     : Starting a blocking GC Explicit
08-05 20:47:31.138 26437 26437 I Input   : injectMotionEvent: MotionEvent { action=ACTION_MOVE, actionButton=0, id[0]=0, x[0]=500.0, y[0]=459.09998, toolType[0]=TOOL_TYPE_UNKNOWN, buttonState=0, metaState=0, flags=0x0, edgeFlags=0x0, pointerCount=1, historySize=0, eventTime=823667551, downTime=823667551, deviceId=0, source=0x1002 }
08-05 20:47:31.168 24743 25266 I art     : Explicit concurrent mark sweep GC freed 1621(94KB) AllocSpace objects, 2(36KB) LOS objects, 10% free, 135MB/151MB, paused 1.314ms total 41.480ms
08-05 20:47:31.177 26437 26437 I Input   : injectMotionEvent: MotionEvent { action=ACTION_MOVE, actionButton=0, id[0]=0, x[0]=500.0, y[0]=385.0, toolType[0]=TOOL_TYPE_UNKNOWN, buttonState=0, metaState=0, flags=0x0, edgeFlags=0x0, pointerCount=1, historySize=0, eventTime=823667590, downTime=823667590, deviceId=0, source=0x1002 }
08-05 20:47:31.184 24743 25266 I art     : Starting a blocking GC Explicit
08-05 20:47:31.214 26437 26437 I Input   : injectMotionEvent: MotionEvent { action=ACTION_MOVE, actionButton=0, id[0]=0, x[0]=500.0, y[0]=314.69995, toolType[0]=TOOL_TYPE_UNKNOWN, buttonState=0, metaState=0, flags=0x0, edgeFlags=0x0, pointerCount=1, historySize=0, eventTime=823667627, downTime=823667627, deviceId=0, source=0x1002 }
08-05 20:47:31.226 24743 25266 I art     : Explicit concurrent mark sweep GC freed 65(2064B) AllocSpace objects, 0(0B) LOS objects, 10% free, 135MB/151MB, paused 1.041ms total 40.726ms
08-05 20:47:31.243 24743 25266 I art     : Starting a blocking GC Explicit
08-05 20:47:31.252 26437 26437 I Input   : injectMotionEvent: MotionEvent { action=ACTION_MOVE, actionButton=0, id[0]=0, x[0]=500.0, y[0]=242.5, toolType[0]=TOOL_TYPE_UNKNOWN, buttonState=0, metaState=0, flags=0x0, edgeFlags=0x0, pointerCount=1, historySize=0, eventTime=823667665, downTime=823667665, deviceId=0, source=0x1002 }
08-05 20:47:31.284 24743 25266 I art     : Explicit concurrent mark sweep GC freed 5(160B) AllocSpace objects, 0(0B) LOS objects, 10% free, 135MB/151MB, paused 997us total 40.284ms
08-05 20:47:31.291 26437 26437 I Input   : injectMotionEvent: MotionEvent { action=ACTION_MOVE, actionButton=0, id[0]=0, x[0]=500.0, y[0]=168.40002, toolType[0]=TOOL_TYPE_UNKNOWN, buttonState=0, metaState=0, flags=0x0, edgeFlags=0x0, pointerCount=1, historySize=0, eventTime=823667704, downTime=823667704, deviceId=0, source=0x1002 }
08-05 20:47:31.301 24743 25266 I art     : Starting a blocking GC Explicit
08-05 20:47:31.328 26437 26437 I Input   : injectMotionEvent: MotionEvent { action=ACTION_UP, actionButton=0, id[0]=0, x[0]=500.0, y[0]=100.0, toolType[0]=TOOL_TYPE_UNKNOWN, buttonState=0, metaState=0, flags=0x0, edgeFlags=0x0, pointerCount=1, historySize=0, eventTime=823667741, downTime=823667741, deviceId=0, source=0x1002 }
08-05 20:47:31.340 24743 25266 I art     : Explicit concurrent mark sweep GC freed 7(224B) AllocSpace objects, 0(0B) LOS objects, 10% free, 135MB/151MB, paused 1.036ms total 39.427ms
08-05 20:47:31.358 24743 25266 I art     : Starting a blocking GC Explicit
08-05 20:47:31.366 26437 26437 D AndroidRuntime: Shutting down VM
08-05 20:47:31.401 24743 25266 I art     : Explicit concurrent mark sweep GC freed 7(224B) AllocSpace objects, 0(0B) LOS objects, 10% free, 135MB/151MB, paused 1.180ms total 43.133ms
08-05 20:47:31.666 13866 13882 I PeriodicStatsRunner: PeriodicStatsRunner.call():175 call()
08-05 20:47:31.667 13866 13882 I PeriodicStatsRunner: PeriodicStatsRunner.call():179 No submit PeriodicStats since input started.
08-05 20:47:31.771 24743 24771 I art     : Starting a blocking GC Explicit
08-05 20:47:31.817 24743 24771 I art     : Explicit concurrent mark sweep GC freed 1632(95KB) AllocSpace objects, 2(36KB) LOS objects, 10% free, 135MB/151MB, paused 1.101ms total 46.622ms
08-05 20:47:31.835 24743 24771 I art     : Starting a blocking GC Explicit
08-05 20:47:31.878 24743 24771 I art     : Explicit concurrent mark sweep GC freed 40(1648B) AllocSpace objects, 0(0B) LOS objects, 10% free, 135MB/151MB, paused 1.117ms total 43.337ms
08-05 20:47:31.896 24743 24771 I art     : Starting a blocking GC Explicit
08-05 20:47:31.940 24743 24771 I art     : Explicit concurrent mark sweep GC freed 3(96B) AllocSpace objects, 0(0B) LOS objects, 10% free, 135MB/151MB, paused 1.128ms total 44.052ms
08-05 20:47:31.957 24743 24771 I art     : Starting a blocking GC Explicit
08-05 20:47:32.002 24743 24771 I art     : Explicit concurrent mark sweep GC freed 3(96B) AllocSpace objects, 0(0B) LOS objects, 10% free, 135MB/151MB, paused 1.115ms total 44.314ms
08-05 20:47:32.019 24743 24771 I art     : Starting a blocking GC Explicit
08-05 20:47:32.063 24743 24771 I art     : Explicit concurrent mark sweep GC freed 3(96B) AllocSpace objects, 0(0B) LOS objects, 10% free, 135MB/151MB, paused 1.109ms total 43.693ms
08-05 20:47:32.160 26478 26478 D AndroidRuntime: >>>>>> START com.android.internal.os.RuntimeInit uid 2000 <<<<<<
08-05 20:47:32.166 26478 26478 D AndroidRuntime: CheckJNI is OFF
08-05 20:47:32.214 26478 26478 D ICU     : No timezone override file found: /data/misc/zoneinfo/current/icu/icu_tzdata.dat
08-05 20:47:32.258 26478 26478 I Radio-JNI: register_android_hardware_Radio DONE
08-05 20:47:32.287 26478 26478 D AndroidRuntime: Calling main entry com.android.commands.input.Input
08-05 20:47:32.289 26478 26478 I Input   : injectMotionEvent: MotionEvent { action=ACTION_DOWN, actionButton=0, id[0]=0, x[0]=657.0, y[0]=2080.0, toolType[0]=TOOL_TYPE_UNKNOWN, buttonState=0, metaState=0, flags=0x0, edgeFlags=0x0, pointerCount=1, historySize=0, eventTime=823668702, downTime=823668702, deviceId=0, source=0x1002 }
08-05 20:47:32.293 26478 26478 I Input   : injectMotionEvent: MotionEvent { action=ACTION_UP, actionButton=0, id[0]=0, x[0]=657.0, y[0]=2080.0, toolType[0]=TOOL_TYPE_UNKNOWN, buttonState=0, metaState=0, flags=0x0, edgeFlags=0x0, pointerCount=1, historySize=0, eventTime=823668702, downTime=823668702, deviceId=0, source=0x1002 }
08-05 20:47:32.296   918  3670 I ActivityManager: START u0 {cmp=baseline.io.github.project_travel_mate/.utilities.UpcomingWeekendsActivity} from uid 10674 on display 0
08-05 20:47:32.297   512  2967 D audio_hw_primary: out_set_parameters: enter: usecase(1: low-latency-playback) kvpairs: routing=2
08-05 20:47:32.298 26478 26478 D AndroidRuntime: Shutting down VM
08-05 20:47:32.310   512  2967 D audio_hw_primary: select_devices: out_snd_device(2: speaker) in_snd_device(0: none)
08-05 20:47:32.310   512  2967 D msm8974_platform: platform_send_audio_calibration: sending audio calibration for snd_device(2) acdb_id(15)
08-05 20:47:32.310   512  2967 I soundtrigger: audio_extn_sound_trigger_update_device_status: device 0x2 of type 0 for Event 1
08-05 20:47:32.322   512  2967 D audio_hw_primary: enable_snd_device: snd_device(2: speaker)
08-05 20:47:32.324   512  2967 D audio_hw_primary: enable_audio_route: apply and update mixer path: low-latency-playback speaker
08-05 20:47:32.331 24743 24833 D Gabe    : call	returning from cache
08-05 20:47:32.334 24743 24743 V EXECUTING: https://project-travel-mate.herokuapp.com/api/get-upcoming-holidays/2020
08-05 20:47:32.337 24743 24743 V EXECUTING: https://project-travel-mate.herokuapp.com/api/get-upcoming-holidays/2020
08-05 20:47:32.431 13866 13866 I GoogleInputMethodServic: GoogleInputMethodService.onFinishInput():3138 
08-05 20:47:32.432 13866 13866 I GoogleInputMethodServic: GoogleInputMethodService.onStartInput():1808 
08-05 20:47:32.446 24743 25266 I art     : Starting a blocking GC Explicit
08-05 20:47:32.490 24743 25266 I art     : Explicit concurrent mark sweep GC freed 3396(239KB) AllocSpace objects, 2(36KB) LOS objects, 10% free, 139MB/155MB, paused 1.399ms total 43.739ms
08-05 20:47:32.507 24743 25266 I art     : Starting a blocking GC Explicit
08-05 20:47:32.533   918   936 I ActivityManager: Displayed baseline.io.github.project_travel_mate/.utilities.UpcomingWeekendsActivity: +229ms
08-05 20:47:32.550 24743 25266 I art     : Explicit concurrent mark sweep GC freed 323(12KB) AllocSpace objects, 0(0B) LOS objects, 10% free, 139MB/155MB, paused 1.481ms total 42.494ms
08-05 20:47:32.568 24743 25266 I art     : Starting a blocking GC Explicit
08-05 20:47:32.612 24743 25266 I art     : Explicit concurrent mark sweep GC freed 46(832B) AllocSpace objects, 0(0B) LOS objects, 10% free, 139MB/155MB, paused 1.256ms total 43.390ms
08-05 20:47:32.630 24743 25266 I art     : Starting a blocking GC Explicit
08-05 20:47:32.674 24743 25266 I art     : Explicit concurrent mark sweep GC freed 60(1008B) AllocSpace objects, 0(0B) LOS objects, 10% free, 139MB/155MB, paused 1.584ms total 43.852ms
08-05 20:47:32.692 24743 25266 I art     : Starting a blocking GC Explicit
08-05 20:47:32.732 24743 25266 I art     : Explicit concurrent mark sweep GC freed 102(1872B) AllocSpace objects, 0(0B) LOS objects, 10% free, 139MB/155MB, paused 1.141ms total 40.590ms
08-05 20:47:32.784   380   380 W SurfaceFlinger: couldn't log to binary event log: overflow.
08-05 20:47:32.880   512  2967 D audio_hw_primary: disable_audio_route: reset and update mixer path: low-latency-playback speaker
08-05 20:47:32.880   512  2967 D audio_hw_primary: disable_snd_device: snd_device(2: speaker)
08-05 20:47:32.888   512  2967 I soundtrigger: audio_extn_sound_trigger_update_device_status: device 0x2 of type 0 for Event 0
08-05 20:47:32.890 24743 26506 I NAPPA_EXPERIMENTATION: MetricNetworkRequestExecutionTime: REQUEST_DURATION_SYSTEM='552',REQUEST_DURATION_OKHTTP='50',REQUEST_SYNCHRONOUS='FALSE',RESPONSE_CODE='200',RESPONSE_METHOD='GET',RESPONSE_LENGTH_OKHTTP='6426',RESPONSE_LENGTH_HEADER='6426',REQUEST_PROTOCOL='http/1.1',REQUEST_URL='https://project-travel-mate.herokuapp.com/api/get-upcoming-holidays/2020',
08-05 20:47:32.893 24743 24743 V Response: [{"month":"January","date":1,"day":"Wednesday","name":"New Year's Day","type":"Restricted"},{"month":"January","date":2,"day":"Thursday","name":"Guru Govind Singh Jayanti","type":"Restricted"},{"month":"January","date":14,"day":"Tuesday","name":"Lohri","type":"Restricted"},{"month":"January","date":15,"day":"Wednesday","name":"Pongal","type":"Restricted"},{"month":"January","date":15,"day":"Wednesday","name":"Makar Sankranti","type":"Restricted"},{"month":"January","date":25,"day":"Saturday","name":"Chinese New Year","type":"Observance"},{"month":"January","date":26,"day":"Sunday","name":"Republic Day","type":"Gazetted"},{"month":"January","date":30,"day":"Thursday","name":"Vasant Panchami","type":"Restricted"},{"month":"February","date":9,"day":"Sunday","name":"Guru Ravidas Jayanti","type":"Restricted"},{"month":"February","date":14,"day":"Friday","name":"Valentine's Day","type":"Observance"},{"month":"February","date":18,"day":"Tuesday","name":"Maharishi Dayanand Saraswati Jayanti","type":"Restricted"},{"month":"February","date":19,"day":"Wednesday","name":"Shivaji Jayanti","type":"Restricted"},{"month":"February","date":21,"day":"Friday","name":"Maha Shivaratri/Shivaratri","type":"Gazetted"},{"month":"March","date":9,"day":"Monday","name":"Holika Dahana","type":"Restricted"},{"month":"March","date":9,"day":"Monday","name":"Hazarat Ali's Birthday","type":"Restricted"},{"month":"March","date":10,"day":"Tuesday","name":"Holi","type":"Gazetted"},{"month":"March","date":20,"day":"Friday","name":"March Equinox","type":"Season"},{"month":"March","date":25,"day":"Wednesday","name":"Chaitra Sukhladi","type":"Restricted"},{"month":"April","date":2,"day":"Thursday","name":"Rama Navami","type":"Gazetted"},{"month":"April","date":6,"day":"Monday","name":"Mahavir Jayanti","type":"Gazetted"},{"month":"April","date":9,"day":"Thursday","name":"First day of Passover","type":"Observance"},{"month":"April","date":9,"day":"Thursday","name":"Maundy Thursday","type":"Observance,"},{"month":"April","date":10,"day":"Friday","name":"Good Friday","type":"Gazetted"},{"month":"April","date":12,"day":"Sunday","name":"Easter Day","type":"Restricted"},{"month":"April","date":13,"day":"Monday","name":"Vaisakhi","type":"Restricted"},{"month":"April","date":14,"day":"Tuesday","name":"Mesadi/Vaisakhadi","type":"Restricted"},{"month":"April","date":14,"day":"Tuesday","name":"Ambedkar Jayanti","type":"Central"},{"month":"May","date":1,"day":"Friday","name":"May Day","type":"Observance"},{"month":"May","date":7,"day":"Thursday","name":"Buddha Purnima/Vesak","type":"Gazetted"},{"month":"May","date":7,"day":"Thursday","name":"Birthday of Ravindranath","type":"Restricted"},{"month":"May","date":10,"day":"Sunday","name":"Mother's Day","type":"Observance"},{"month":"May","date":22,"day":"Friday","name":"Jamat Ul-Vida","type":"Restricted"},{"month":"May","date":25,"day":"Monday","name":"Ramzan Id/Eid-ul-Fitar","type":"Gazetted"},{"month":"May","date":25,"day":"Monday","name":"Ramzan Id/Eid-ul-Fitar","type":"Muslim,"},{"month":"June","date":21,"day":"Sunday","name":"June Solstice","type":"Season"},{"month":"June","date":21,"day":"Sunday","name":"Father's Day","type":"Observance"},{"month":"June","date":23,"day":"Tuesday","name":"Rath Yatra","type":"Restricted"},{"month":"July","date":5,"day":"Sunday","name":"Guru Purnima","type":"Observance"},{"month":"July","date":31,"day":"Friday","name":"Bakr Id/Eid ul-Adha","type":"Gazetted"},{"month":"August","date":2,"day":"Sunday","name":"Friendship Day","type":"Observance"},{"month":"August","date":3,"day":"Monday","name":"Raksha Bandhan (Rakhi)","type":"Restricted"},{"month":"August","date":11,"day":"Tuesday","name":"Janmashtami (Smarta)","type":"Restricted"},{"month":"August","date":12,"day":"Wednesday","name":"Janmashtami","type":"Gazetted"},{"month":"August","date":15,"day":"Saturday","name":"Independence Day","type":"Gazetted"},{"month":"August","date":16,"day":"Sunday","name":"Parsi New Year","type":"Restricted"},{"month":"August","date":22,"day":"Saturday","name":"Ganesh Chaturthi/Vin
08-05 20:47:32.912 24743 26505 I NAPPA_EXPERIMENTATION: MetricNetworkRequestExecutionTime: REQUEST_DURATION_SYSTEM='577',REQUEST_DURATION_OKHTTP='70',REQUEST_SYNCHRONOUS='FALSE',RESPONSE_CODE='200',RESPONSE_METHOD='GET',RESPONSE_LENGTH_OKHTTP='6426',RESPONSE_LENGTH_HEADER='6426',REQUEST_PROTOCOL='http/1.1',REQUEST_URL='https://project-travel-mate.herokuapp.com/api/get-upcoming-holidays/2020',
08-05 20:47:32.975 24743 24743 V Response: [{"month":"January","date":1,"day":"Wednesday","name":"New Year's Day","type":"Restricted"},{"month":"January","date":2,"day":"Thursday","name":"Guru Govind Singh Jayanti","type":"Restricted"},{"month":"January","date":14,"day":"Tuesday","name":"Lohri","type":"Restricted"},{"month":"January","date":15,"day":"Wednesday","name":"Pongal","type":"Restricted"},{"month":"January","date":15,"day":"Wednesday","name":"Makar Sankranti","type":"Restricted"},{"month":"January","date":25,"day":"Saturday","name":"Chinese New Year","type":"Observance"},{"month":"January","date":26,"day":"Sunday","name":"Republic Day","type":"Gazetted"},{"month":"January","date":30,"day":"Thursday","name":"Vasant Panchami","type":"Restricted"},{"month":"February","date":9,"day":"Sunday","name":"Guru Ravidas Jayanti","type":"Restricted"},{"month":"February","date":14,"day":"Friday","name":"Valentine's Day","type":"Observance"},{"month":"February","date":18,"day":"Tuesday","name":"Maharishi Dayanand Saraswati Jayanti","type":"Restricted"},{"month":"February","date":19,"day":"Wednesday","name":"Shivaji Jayanti","type":"Restricted"},{"month":"February","date":21,"day":"Friday","name":"Maha Shivaratri/Shivaratri","type":"Gazetted"},{"month":"March","date":9,"day":"Monday","name":"Holika Dahana","type":"Restricted"},{"month":"March","date":9,"day":"Monday","name":"Hazarat Ali's Birthday","type":"Restricted"},{"month":"March","date":10,"day":"Tuesday","name":"Holi","type":"Gazetted"},{"month":"March","date":20,"day":"Friday","name":"March Equinox","type":"Season"},{"month":"March","date":25,"day":"Wednesday","name":"Chaitra Sukhladi","type":"Restricted"},{"month":"April","date":2,"day":"Thursday","name":"Rama Navami","type":"Gazetted"},{"month":"April","date":6,"day":"Monday","name":"Mahavir Jayanti","type":"Gazetted"},{"month":"April","date":9,"day":"Thursday","name":"First day of Passover","type":"Observance"},{"month":"April","date":9,"day":"Thursday","name":"Maundy Thursday","type":"Observance,"},{"month":"April","date":10,"day":"Friday","name":"Good Friday","type":"Gazetted"},{"month":"April","date":12,"day":"Sunday","name":"Easter Day","type":"Restricted"},{"month":"April","date":13,"day":"Monday","name":"Vaisakhi","type":"Restricted"},{"month":"April","date":14,"day":"Tuesday","name":"Mesadi/Vaisakhadi","type":"Restricted"},{"month":"April","date":14,"day":"Tuesday","name":"Ambedkar Jayanti","type":"Central"},{"month":"May","date":1,"day":"Friday","name":"May Day","type":"Observance"},{"month":"May","date":7,"day":"Thursday","name":"Buddha Purnima/Vesak","type":"Gazetted"},{"month":"May","date":7,"day":"Thursday","name":"Birthday of Ravindranath","type":"Restricted"},{"month":"May","date":10,"day":"Sunday","name":"Mother's Day","type":"Observance"},{"month":"May","date":22,"day":"Friday","name":"Jamat Ul-Vida","type":"Restricted"},{"month":"May","date":25,"day":"Monday","name":"Ramzan Id/Eid-ul-Fitar","type":"Gazetted"},{"month":"May","date":25,"day":"Monday","name":"Ramzan Id/Eid-ul-Fitar","type":"Muslim,"},{"month":"June","date":21,"day":"Sunday","name":"June Solstice","type":"Season"},{"month":"June","date":21,"day":"Sunday","name":"Father's Day","type":"Observance"},{"month":"June","date":23,"day":"Tuesday","name":"Rath Yatra","type":"Restricted"},{"month":"July","date":5,"day":"Sunday","name":"Guru Purnima","type":"Observance"},{"month":"July","date":31,"day":"Friday","name":"Bakr Id/Eid ul-Adha","type":"Gazetted"},{"month":"August","date":2,"day":"Sunday","name":"Friendship Day","type":"Observance"},{"month":"August","date":3,"day":"Monday","name":"Raksha Bandhan (Rakhi)","type":"Restricted"},{"month":"August","date":11,"day":"Tuesday","name":"Janmashtami (Smarta)","type":"Restricted"},{"month":"August","date":12,"day":"Wednesday","name":"Janmashtami","type":"Gazetted"},{"month":"August","date":15,"day":"Saturday","name":"Independence Day","type":"Gazetted"},{"month":"August","date":16,"day":"Sunday","name":"Parsi New Year","type":"Restricted"},{"month":"August","date":22,"day":"Saturday","name":"Ganesh Chaturthi/Vin
08-05 20:47:33.118 24743 24762 I art     : Starting a blocking GC Explicit
08-05 20:47:33.172 24743 24762 I art     : Explicit concurrent mark sweep GC freed 20716(909KB) AllocSpace objects, 12(4MB) LOS objects, 10% free, 136MB/152MB, paused 1.148ms total 53.419ms
08-05 20:47:33.190 24743 24762 I art     : Starting a blocking GC Explicit
08-05 20:47:33.241 24743 24762 I art     : Explicit concurrent mark sweep GC freed 3583(325KB) AllocSpace objects, 11(220KB) LOS objects, 10% free, 136MB/152MB, paused 1.204ms total 50.507ms
08-05 20:47:33.259 24743 24762 I art     : Starting a blocking GC Explicit
08-05 20:47:33.308 24743 24762 I art     : Explicit concurrent mark sweep GC freed 99(1696B) AllocSpace objects, 0(0B) LOS objects, 10% free, 136MB/152MB, paused 1.230ms total 49.090ms
08-05 20:47:33.326 24743 24762 I art     : Starting a blocking GC Explicit
08-05 20:47:33.376 24743 24762 I art     : Explicit concurrent mark sweep GC freed 110(2320B) AllocSpace objects, 0(0B) LOS objects, 10% free, 136MB/152MB, paused 1.165ms total 49.188ms
08-05 20:47:33.394 24743 24762 I art     : Starting a blocking GC Explicit
08-05 20:47:33.442 24743 24762 I art     : Explicit concurrent mark sweep GC freed 110(2272B) AllocSpace objects, 0(0B) LOS objects, 10% free, 136MB/152MB, paused 1.144ms total 47.425ms
08-05 20:47:33.825 24743 25266 I art     : Starting a blocking GC Explicit
08-05 20:47:33.873 24743 25266 I art     : Explicit concurrent mark sweep GC freed 2288(106KB) AllocSpace objects, 2(36KB) LOS objects, 10% free, 136MB/152MB, paused 1.068ms total 48.603ms
08-05 20:47:33.891 24743 25266 I art     : Starting a blocking GC Explicit
08-05 20:47:33.940 24743 25266 I art     : Explicit concurrent mark sweep GC freed 126(2704B) AllocSpace objects, 0(0B) LOS objects, 10% free, 136MB/152MB, paused 1.144ms total 48.539ms
08-05 20:47:33.959 24743 25266 I art     : Starting a blocking GC Explicit
08-05 20:47:34.007 24743 25266 I art     : Explicit concurrent mark sweep GC freed 99(1696B) AllocSpace objects, 0(0B) LOS objects, 10% free, 136MB/152MB, paused 1.185ms total 48.134ms
08-05 20:47:34.025 24743 25266 I art     : Starting a blocking GC Explicit
08-05 20:47:34.077 24743 25266 I art     : Explicit concurrent mark sweep GC freed 99(1696B) AllocSpace objects, 0(0B) LOS objects, 10% free, 136MB/152MB, paused 1.132ms total 51ms
08-05 20:47:34.099 24743 25266 I art     : Starting a blocking GC Explicit
08-05 20:47:34.149 24743 25266 I art     : Explicit concurrent mark sweep GC freed 100(1728B) AllocSpace objects, 0(0B) LOS objects, 10% free, 136MB/152MB, paused 1.156ms total 49.802ms
08-05 20:47:34.585 24743 24760 I art     : Starting a blocking GC Explicit
08-05 20:47:34.639 24743 24760 I art     : Explicit concurrent mark sweep GC freed 2346(106KB) AllocSpace objects, 2(36KB) LOS objects, 10% free, 136MB/152MB, paused 1.383ms total 53.422ms
08-05 20:47:34.658 24743 24760 I art     : Starting a blocking GC Explicit
08-05 20:47:34.710 24743 24760 I art     : Explicit concurrent mark sweep GC freed 158(3KB) AllocSpace objects, 0(0B) LOS objects, 10% free, 136MB/152MB, paused 1.248ms total 52.494ms
08-05 20:47:34.729 24743 24760 I art     : Starting a blocking GC Explicit
08-05 20:47:34.781 24743 24760 I art     : Explicit concurrent mark sweep GC freed 113(2336B) AllocSpace objects, 0(0B) LOS objects, 10% free, 136MB/152MB, paused 1.185ms total 51.730ms
08-05 20:47:34.799 24743 24760 I art     : Starting a blocking GC Explicit
08-05 20:47:34.852 24743 24760 I art     : Explicit concurrent mark sweep GC freed 99(1696B) AllocSpace objects, 0(0B) LOS objects, 10% free, 136MB/152MB, paused 1.102ms total 52.753ms
08-05 20:47:34.870 24743 24760 I art     : Starting a blocking GC Explicit
08-05 20:47:34.925 24743 24760 I art     : Explicit concurrent mark sweep GC freed 108(1824B) AllocSpace objects, 0(0B) LOS objects, 10% free, 136MB/152MB, paused 1.269ms total 54.705ms
08-05 20:47:35.365 24743 24771 I art     : Starting a blocking GC Explicit
08-05 20:47:35.420 24743 24771 I art     : Explicit concurrent mark sweep GC freed 2361(106KB) AllocSpace objects, 2(36KB) LOS objects, 10% free, 136MB/152MB, paused 1.221ms total 55.167ms
08-05 20:47:35.442 24743 24771 I art     : Starting a blocking GC Explicit
08-05 20:47:35.492 24743 24771 I art     : Explicit concurrent mark sweep GC freed 149(3KB) AllocSpace objects, 0(0B) LOS objects, 10% free, 136MB/152MB, paused 1.155ms total 49.268ms
08-05 20:47:35.510 24743 24771 I art     : Starting a blocking GC Explicit
08-05 20:47:35.561 24743 24771 I art     : Explicit concurrent mark sweep GC freed 100(1728B) AllocSpace objects, 0(0B) LOS objects, 10% free, 136MB/152MB, paused 1.165ms total 50.549ms
08-05 20:47:35.561 24743 24759 I art     : WaitForGcToComplete blocked for 50.929ms for cause HeapTrim
08-05 20:47:35.579 24743 24771 I art     : Starting a blocking GC Explicit
08-05 20:47:35.630 24743 24771 I art     : Explicit concurrent mark sweep GC freed 100(1728B) AllocSpace objects, 0(0B) LOS objects, 10% free, 136MB/152MB, paused 1.127ms total 50.905ms
08-05 20:47:35.648 24743 24771 I art     : Starting a blocking GC Explicit
08-05 20:47:35.701 24743 24771 I art     : Explicit concurrent mark sweep GC freed 99(1696B) AllocSpace objects, 0(0B) LOS objects, 10% free, 136MB/152MB, paused 1.109ms total 52.067ms
08-05 20:47:36.130 24743 24762 I art     : Starting a blocking GC Explicit
08-05 20:47:36.186 24743 24762 I art     : Explicit concurrent mark sweep GC freed 2345(106KB) AllocSpace objects, 2(36KB) LOS objects, 10% free, 136MB/152MB, paused 1.175ms total 54.865ms
08-05 20:47:36.206 24743 24762 I art     : Starting a blocking GC Explicit
08-05 20:47:36.258 24743 24762 I art     : Explicit concurrent mark sweep GC freed 145(3008B) AllocSpace objects, 0(0B) LOS objects, 10% free, 136MB/152MB, paused 1.307ms total 51.103ms
08-05 20:47:36.276 24743 24762 I art     : Starting a blocking GC Explicit
08-05 20:47:36.327 24743 24762 I art     : Explicit concurrent mark sweep GC freed 102(1760B) AllocSpace objects, 0(0B) LOS objects, 10% free, 136MB/152MB, paused 1.284ms total 50.709ms
08-05 20:47:36.345 24743 24762 I art     : Starting a blocking GC Explicit
08-05 20:47:36.396 24743 24762 I art     : Explicit concurrent mark sweep GC freed 112(2352B) AllocSpace objects, 0(0B) LOS objects, 10% free, 136MB/152MB, paused 1.190ms total 50.853ms
08-05 20:47:36.414 24743 24762 I art     : Starting a blocking GC Explicit
08-05 20:47:36.466 24743 24762 I art     : Explicit concurrent mark sweep GC freed 111(2304B) AllocSpace objects, 0(0B) LOS objects, 10% free, 136MB/152MB, paused 1.108ms total 51.159ms
08-05 20:47:36.844 24743 25266 I art     : Starting a blocking GC Explicit
08-05 20:47:36.896 24743 25266 I art     : Explicit concurrent mark sweep GC freed 2242(104KB) AllocSpace objects, 2(36KB) LOS objects, 10% free, 136MB/152MB, paused 1.248ms total 51.584ms
08-05 20:47:36.914 24743 25266 I art     : Starting a blocking GC Explicit
08-05 20:47:36.962 24743 25266 I art     : Explicit concurrent mark sweep GC freed 126(2704B) AllocSpace objects, 0(0B) LOS objects, 10% free, 136MB/152MB, paused 1.135ms total 47.337ms
08-05 20:47:36.980 24743 25266 I art     : Starting a blocking GC Explicit
08-05 20:47:37.030 24743 25266 I art     : Explicit concurrent mark sweep GC freed 100(1728B) AllocSpace objects, 0(0B) LOS objects, 10% free, 136MB/152MB, paused 1.218ms total 49.588ms
08-05 20:47:37.048 24743 25266 I art     : Starting a blocking GC Explicit
08-05 20:47:37.097 24743 25266 I art     : Explicit concurrent mark sweep GC freed 99(1696B) AllocSpace objects, 0(0B) LOS objects, 10% free, 136MB/152MB, paused 1.245ms total 48.841ms
08-05 20:47:37.115 24743 25266 I art     : Starting a blocking GC Explicit
08-05 20:47:37.127 26561 26561 D AndroidRuntime: >>>>>> START com.android.internal.os.RuntimeInit uid 2000 <<<<<<
08-05 20:47:37.133 26561 26561 D AndroidRuntime: CheckJNI is OFF
08-05 20:47:37.165 24743 25266 I art     : Explicit concurrent mark sweep GC freed 99(1696B) AllocSpace objects, 0(0B) LOS objects, 10% free, 136MB/152MB, paused 1.183ms total 49.447ms
08-05 20:47:37.180 26561 26561 D ICU     : No timezone override file found: /data/misc/zoneinfo/current/icu/icu_tzdata.dat
08-05 20:47:37.224 26561 26561 I Radio-JNI: register_android_hardware_Radio DONE
08-05 20:47:37.253 26561 26561 D AndroidRuntime: Calling main entry com.android.commands.input.Input
08-05 20:47:37.255 26561 26561 I Input   : injectKeyEvent: KeyEvent { action=ACTION_DOWN, keyCode=KEYCODE_BACK, scanCode=0, metaState=0, flags=0x0, repeatCount=0, eventTime=823673668, downTime=823673668, deviceId=-1, source=0x101 }
08-05 20:47:37.262 26561 26561 I Input   : injectKeyEvent: KeyEvent { action=ACTION_UP, keyCode=KEYCODE_BACK, scanCode=0, metaState=0, flags=0x0, repeatCount=0, eventTime=823673668, downTime=823673668, deviceId=-1, source=0x101 }
08-05 20:47:37.267 26561 26561 D AndroidRuntime: Shutting down VM
08-05 20:47:37.276 24743 24743 V MainActivity: url = https://project-travel-mate.herokuapp.com/api/number-of-unread-notifications
08-05 20:47:37.309 13866 13866 I GoogleInputMethodServic: GoogleInputMethodService.onFinishInput():3138 
08-05 20:47:37.310 13866 13866 I GoogleInputMethodServic: GoogleInputMethodService.onStartInput():1808 
08-05 20:47:37.432 13866 13882 I PeriodicStatsRunner: PeriodicStatsRunner.call():175 call()
08-05 20:47:37.432 13866 13882 I PeriodicStatsRunner: PeriodicStatsRunner.call():179 No submit PeriodicStats since input started.
08-05 20:47:37.536 24743 24771 I art     : Starting a blocking GC Explicit
08-05 20:47:37.590 24743 24771 I art     : Explicit concurrent mark sweep GC freed 2618(125KB) AllocSpace objects, 2(36KB) LOS objects, 10% free, 136MB/152MB, paused 1.139ms total 53.140ms
08-05 20:47:37.611 24743 24771 I art     : Starting a blocking GC Explicit
08-05 20:47:37.656   380   380 W SurfaceFlinger: couldn't log to binary event log: overflow.
08-05 20:47:37.662 24743 24771 I art     : Explicit concurrent mark sweep GC freed 223(5KB) AllocSpace objects, 0(0B) LOS objects, 10% free, 136MB/152MB, paused 1.822ms total 50.692ms
08-05 20:47:37.681 24743 24771 I art     : Starting a blocking GC Explicit
08-05 20:47:37.726 24743 24771 I art     : Explicit concurrent mark sweep GC freed 29(1424B) AllocSpace objects, 0(0B) LOS objects, 10% free, 136MB/152MB, paused 1.153ms total 44.915ms
08-05 20:47:37.743 24743 24771 I art     : Starting a blocking GC Explicit
08-05 20:47:37.790 24743 24771 I art     : Explicit concurrent mark sweep GC freed 1029(48KB) AllocSpace objects, 0(0B) LOS objects, 10% free, 136MB/152MB, paused 1.170ms total 46.275ms
08-05 20:47:37.808 24743 24771 I art     : Starting a blocking GC Explicit
08-05 20:47:37.855 24743 24771 I art     : Explicit concurrent mark sweep GC freed 5587(311KB) AllocSpace objects, 13(264KB) LOS objects, 10% free, 135MB/151MB, paused 1.160ms total 47.015ms
08-05 20:47:38.093 24743 26584 I NAPPA_EXPERIMENTATION: MetricNetworkRequestExecutionTime: REQUEST_DURATION_SYSTEM='816',REQUEST_DURATION_OKHTTP='38',REQUEST_SYNCHRONOUS='FALSE',RESPONSE_CODE='200',RESPONSE_METHOD='GET',RESPONSE_LENGTH_OKHTTP='36',RESPONSE_LENGTH_HEADER='36',REQUEST_PROTOCOL='http/1.1',REQUEST_URL='https://project-travel-mate.herokuapp.com/api/number-of-unread-notifications',
08-05 20:47:38.242 24743 24760 I art     : Starting a blocking GC Explicit
08-05 20:47:38.306 24743 24760 I art     : Explicit concurrent mark sweep GC freed 4451(243KB) AllocSpace objects, 5(236KB) LOS objects, 10% free, 135MB/151MB, paused 1.290ms total 62.758ms
08-05 20:47:38.327 24743 24760 I art     : Starting a blocking GC Explicit
08-05 20:47:38.372 24743 24760 I art     : Explicit concurrent mark sweep GC freed 964(117KB) AllocSpace objects, 0(0B) LOS objects, 10% free, 135MB/151MB, paused 1.198ms total 45.514ms
08-05 20:47:38.390 24743 24760 I art     : Starting a blocking GC Explicit
08-05 20:47:38.433 24743 24760 I art     : Explicit concurrent mark sweep GC freed 3(96B) AllocSpace objects, 0(0B) LOS objects, 10% free, 135MB/151MB, paused 1.085ms total 42.973ms
08-05 20:47:38.451 24743 24760 I art     : Starting a blocking GC Explicit
08-05 20:47:38.498 24743 24760 I art     : Explicit concurrent mark sweep GC freed 3(96B) AllocSpace objects, 0(0B) LOS objects, 10% free, 135MB/151MB, paused 1.225ms total 46.377ms
08-05 20:47:38.516 24743 24760 I art     : Starting a blocking GC Explicit
08-05 20:47:38.560 24743 24760 I art     : Explicit concurrent mark sweep GC freed 3(96B) AllocSpace objects, 0(0B) LOS objects, 10% free, 135MB/151MB, paused 1.151ms total 44.303ms
08-05 20:47:38.956 24743 24762 I art     : Starting a blocking GC Explicit
08-05 20:47:38.999 24743 24762 I art     : Explicit concurrent mark sweep GC freed 1625(94KB) AllocSpace objects, 2(36KB) LOS objects, 10% free, 135MB/151MB, paused 1.107ms total 42.302ms
08-05 20:47:39.019 24743 24762 I art     : Starting a blocking GC Explicit
08-05 20:47:39.035 26606 26606 D AndroidRuntime: >>>>>> START com.android.internal.os.RuntimeInit uid 2000 <<<<<<
08-05 20:47:39.040 26606 26606 D AndroidRuntime: CheckJNI is OFF
08-05 20:47:39.059 24743 24762 I art     : Explicit concurrent mark sweep GC freed 34(1232B) AllocSpace objects, 0(0B) LOS objects, 10% free, 135MB/151MB, paused 1.119ms total 39.942ms
08-05 20:47:39.077 24743 24762 I art     : Starting a blocking GC Explicit
08-05 20:47:39.080 26606 26606 D ICU     : No timezone override file found: /data/misc/zoneinfo/current/icu/icu_tzdata.dat
08-05 20:47:39.119 26606 26606 I Radio-JNI: register_android_hardware_Radio DONE
08-05 20:47:39.120 24743 24762 I art     : Explicit concurrent mark sweep GC freed 5(160B) AllocSpace objects, 0(0B) LOS objects, 10% free, 135MB/151MB, paused 1.165ms total 42.355ms
08-05 20:47:39.137 24743 24762 I art     : Starting a blocking GC Explicit
08-05 20:47:39.148 26606 26606 D AndroidRuntime: Calling main entry com.android.commands.input.Input
08-05 20:47:39.150 26606 26606 I Input   : injectMotionEvent: MotionEvent { action=ACTION_DOWN, actionButton=0, id[0]=0, x[0]=657.0, y[0]=2080.0, toolType[0]=TOOL_TYPE_UNKNOWN, buttonState=0, metaState=0, flags=0x0, edgeFlags=0x0, pointerCount=1, historySize=0, eventTime=823675563, downTime=823675563, deviceId=0, source=0x1002 }
08-05 20:47:39.161 26606 26606 I Input   : injectMotionEvent: MotionEvent { action=ACTION_UP, actionButton=0, id[0]=0, x[0]=657.0, y[0]=2080.0, toolType[0]=TOOL_TYPE_UNKNOWN, buttonState=0, metaState=0, flags=0x0, edgeFlags=0x0, pointerCount=1, historySize=0, eventTime=823675563, downTime=823675563, deviceId=0, source=0x1002 }
08-05 20:47:39.178 24743 24762 I art     : Explicit concurrent mark sweep GC freed 5(160B) AllocSpace objects, 0(0B) LOS objects, 10% free, 135MB/151MB, paused 1.401ms total 41.288ms
08-05 20:47:39.198 24743 24762 I art     : Starting a blocking GC Explicit
08-05 20:47:39.199 26606 26606 D AndroidRuntime: Shutting down VM
08-05 20:47:39.235   918   929 I ActivityManager: START u0 {cmp=baseline.io.github.project_travel_mate/.utilities.UpcomingWeekendsActivity} from uid 10674 on display 0
08-05 20:47:39.237   512  2967 D audio_hw_primary: out_set_parameters: enter: usecase(1: low-latency-playback) kvpairs: routing=2
08-05 20:47:39.239 24743 24762 I art     : Explicit concurrent mark sweep GC freed 37(1008B) AllocSpace objects, 0(0B) LOS objects, 10% free, 135MB/151MB, paused 1.262ms total 41.025ms
08-05 20:47:39.250   512  2967 D audio_hw_primary: select_devices: out_snd_device(2: speaker) in_snd_device(0: none)
08-05 20:47:39.250   512  2967 D msm8974_platform: platform_send_audio_calibration: sending audio calibration for snd_device(2) acdb_id(15)
08-05 20:47:39.250   512  2967 I soundtrigger: audio_extn_sound_trigger_update_device_status: device 0x2 of type 0 for Event 1
08-05 20:47:39.260   512  2967 D audio_hw_primary: enable_snd_device: snd_device(2: speaker)
08-05 20:47:39.262   512  2967 D audio_hw_primary: enable_audio_route: apply and update mixer path: low-latency-playback speaker
08-05 20:47:39.262 24743 24833 D Gabe    : call	returning from cache
08-05 20:47:39.265 24743 24743 V EXECUTING: https://project-travel-mate.herokuapp.com/api/get-upcoming-holidays/2020
08-05 20:47:39.267 24743 24743 V EXECUTING: https://project-travel-mate.herokuapp.com/api/get-upcoming-holidays/2020
08-05 20:47:39.355 13866 13866 I GoogleInputMethodServic: GoogleInputMethodService.onFinishInput():3138 
08-05 20:47:39.355 13866 13866 I GoogleInputMethodServic: GoogleInputMethodService.onStartInput():1808 
08-05 20:47:39.455   918   936 I ActivityManager: Displayed baseline.io.github.project_travel_mate/.utilities.UpcomingWeekendsActivity: +212ms
08-05 20:47:39.603 24743 24760 I art     : Starting a blocking GC Explicit
08-05 20:47:39.647 24743 24760 I art     : Explicit concurrent mark sweep GC freed 3559(196KB) AllocSpace objects, 2(36KB) LOS objects, 10% free, 140MB/156MB, paused 1.189ms total 42.926ms
08-05 20:47:39.664 24743 24760 I art     : Starting a blocking GC Explicit
08-05 20:47:39.692   380   380 W SurfaceFlinger: couldn't log to binary event log: overflow.
08-05 20:47:39.710 24743 24760 I art     : Explicit concurrent mark sweep GC freed 352(14KB) AllocSpace objects, 0(0B) LOS objects, 10% free, 140MB/156MB, paused 1.258ms total 46.472ms
08-05 20:47:39.727 24743 24760 I art     : Starting a blocking GC Explicit
08-05 20:47:39.769 24743 24760 I art     : Explicit concurrent mark sweep GC freed 88(1520B) AllocSpace objects, 0(0B) LOS objects, 10% free, 140MB/156MB, paused 1.169ms total 41.762ms
08-05 20:47:39.787 24743 24760 I art     : Starting a blocking GC Explicit
08-05 20:47:39.799   512  2967 D audio_hw_primary: disable_audio_route: reset and update mixer path: low-latency-playback speaker
08-05 20:47:39.799   512  2967 D audio_hw_primary: disable_snd_device: snd_device(2: speaker)
08-05 20:47:39.807   512  2967 I soundtrigger: audio_extn_sound_trigger_update_device_status: device 0x2 of type 0 for Event 0
08-05 20:47:39.834 24743 24760 I art     : Explicit concurrent mark sweep GC freed 125(2112B) AllocSpace objects, 0(0B) LOS objects, 10% free, 140MB/156MB, paused 1.329ms total 46.779ms
08-05 20:47:39.853 24743 24760 I art     : Starting a blocking GC Explicit
08-05 20:47:39.898 24743 24760 I art     : Explicit concurrent mark sweep GC freed 2596(132KB) AllocSpace objects, 3(200KB) LOS objects, 10% free, 140MB/156MB, paused 2.023ms total 45.256ms
08-05 20:47:39.928 24743 26630 I NAPPA_EXPERIMENTATION: MetricNetworkRequestExecutionTime: REQUEST_DURATION_SYSTEM='661',REQUEST_DURATION_OKHTTP='34',REQUEST_SYNCHRONOUS='FALSE',RESPONSE_CODE='200',RESPONSE_METHOD='GET',RESPONSE_LENGTH_OKHTTP='6426',RESPONSE_LENGTH_HEADER='6426',REQUEST_PROTOCOL='http/1.1',REQUEST_URL='https://project-travel-mate.herokuapp.com/api/get-upcoming-holidays/2020',
08-05 20:47:40.011 24743 24743 V Response: [{"month":"January","date":1,"day":"Wednesday","name":"New Year's Day","type":"Restricted"},{"month":"January","date":2,"day":"Thursday","name":"Guru Govind Singh Jayanti","type":"Restricted"},{"month":"January","date":14,"day":"Tuesday","name":"Lohri","type":"Restricted"},{"month":"January","date":15,"day":"Wednesday","name":"Pongal","type":"Restricted"},{"month":"January","date":15,"day":"Wednesday","name":"Makar Sankranti","type":"Restricted"},{"month":"January","date":25,"day":"Saturday","name":"Chinese New Year","type":"Observance"},{"month":"January","date":26,"day":"Sunday","name":"Republic Day","type":"Gazetted"},{"month":"January","date":30,"day":"Thursday","name":"Vasant Panchami","type":"Restricted"},{"month":"February","date":9,"day":"Sunday","name":"Guru Ravidas Jayanti","type":"Restricted"},{"month":"February","date":14,"day":"Friday","name":"Valentine's Day","type":"Observance"},{"month":"February","date":18,"day":"Tuesday","name":"Maharishi Dayanand Saraswati Jayanti","type":"Restricted"},{"month":"February","date":19,"day":"Wednesday","name":"Shivaji Jayanti","type":"Restricted"},{"month":"February","date":21,"day":"Friday","name":"Maha Shivaratri/Shivaratri","type":"Gazetted"},{"month":"March","date":9,"day":"Monday","name":"Holika Dahana","type":"Restricted"},{"month":"March","date":9,"day":"Monday","name":"Hazarat Ali's Birthday","type":"Restricted"},{"month":"March","date":10,"day":"Tuesday","name":"Holi","type":"Gazetted"},{"month":"March","date":20,"day":"Friday","name":"March Equinox","type":"Season"},{"month":"March","date":25,"day":"Wednesday","name":"Chaitra Sukhladi","type":"Restricted"},{"month":"April","date":2,"day":"Thursday","name":"Rama Navami","type":"Gazetted"},{"month":"April","date":6,"day":"Monday","name":"Mahavir Jayanti","type":"Gazetted"},{"month":"April","date":9,"day":"Thursday","name":"First day of Passover","type":"Observance"},{"month":"April","date":9,"day":"Thursday","name":"Maundy Thursday","type":"Observance,"},{"month":"April","date":10,"day":"Friday","name":"Good Friday","type":"Gazetted"},{"month":"April","date":12,"day":"Sunday","name":"Easter Day","type":"Restricted"},{"month":"April","date":13,"day":"Monday","name":"Vaisakhi","type":"Restricted"},{"month":"April","date":14,"day":"Tuesday","name":"Mesadi/Vaisakhadi","type":"Restricted"},{"month":"April","date":14,"day":"Tuesday","name":"Ambedkar Jayanti","type":"Central"},{"month":"May","date":1,"day":"Friday","name":"May Day","type":"Observance"},{"month":"May","date":7,"day":"Thursday","name":"Buddha Purnima/Vesak","type":"Gazetted"},{"month":"May","date":7,"day":"Thursday","name":"Birthday of Ravindranath","type":"Restricted"},{"month":"May","date":10,"day":"Sunday","name":"Mother's Day","type":"Observance"},{"month":"May","date":22,"day":"Friday","name":"Jamat Ul-Vida","type":"Restricted"},{"month":"May","date":25,"day":"Monday","name":"Ramzan Id/Eid-ul-Fitar","type":"Gazetted"},{"month":"May","date":25,"day":"Monday","name":"Ramzan Id/Eid-ul-Fitar","type":"Muslim,"},{"month":"June","date":21,"day":"Sunday","name":"June Solstice","type":"Season"},{"month":"June","date":21,"day":"Sunday","name":"Father's Day","type":"Observance"},{"month":"June","date":23,"day":"Tuesday","name":"Rath Yatra","type":"Restricted"},{"month":"July","date":5,"day":"Sunday","name":"Guru Purnima","type":"Observance"},{"month":"July","date":31,"day":"Friday","name":"Bakr Id/Eid ul-Adha","type":"Gazetted"},{"month":"August","date":2,"day":"Sunday","name":"Friendship Day","type":"Observance"},{"month":"August","date":3,"day":"Monday","name":"Raksha Bandhan (Rakhi)","type":"Restricted"},{"month":"August","date":11,"day":"Tuesday","name":"Janmashtami (Smarta)","type":"Restricted"},{"month":"August","date":12,"day":"Wednesday","name":"Janmashtami","type":"Gazetted"},{"month":"August","date":15,"day":"Saturday","name":"Independence Day","type":"Gazetted"},{"month":"August","date":16,"day":"Sunday","name":"Parsi New Year","type":"Restricted"},{"month":"August","date":22,"day":"Saturday","name":"Ganesh Chaturthi/Vin
08-05 20:47:40.035 24743 26631 I NAPPA_EXPERIMENTATION: MetricNetworkRequestExecutionTime: REQUEST_DURATION_SYSTEM='766',REQUEST_DURATION_OKHTTP='36',REQUEST_SYNCHRONOUS='FALSE',RESPONSE_CODE='200',RESPONSE_METHOD='GET',RESPONSE_LENGTH_OKHTTP='6426',RESPONSE_LENGTH_HEADER='6426',REQUEST_PROTOCOL='http/1.1',REQUEST_URL='https://project-travel-mate.herokuapp.com/api/get-upcoming-holidays/2020',
08-05 20:47:40.068 24743 24743 V Response: [{"month":"January","date":1,"day":"Wednesday","name":"New Year's Day","type":"Restricted"},{"month":"January","date":2,"day":"Thursday","name":"Guru Govind Singh Jayanti","type":"Restricted"},{"month":"January","date":14,"day":"Tuesday","name":"Lohri","type":"Restricted"},{"month":"January","date":15,"day":"Wednesday","name":"Pongal","type":"Restricted"},{"month":"January","date":15,"day":"Wednesday","name":"Makar Sankranti","type":"Restricted"},{"month":"January","date":25,"day":"Saturday","name":"Chinese New Year","type":"Observance"},{"month":"January","date":26,"day":"Sunday","name":"Republic Day","type":"Gazetted"},{"month":"January","date":30,"day":"Thursday","name":"Vasant Panchami","type":"Restricted"},{"month":"February","date":9,"day":"Sunday","name":"Guru Ravidas Jayanti","type":"Restricted"},{"month":"February","date":14,"day":"Friday","name":"Valentine's Day","type":"Observance"},{"month":"February","date":18,"day":"Tuesday","name":"Maharishi Dayanand Saraswati Jayanti","type":"Restricted"},{"month":"February","date":19,"day":"Wednesday","name":"Shivaji Jayanti","type":"Restricted"},{"month":"February","date":21,"day":"Friday","name":"Maha Shivaratri/Shivaratri","type":"Gazetted"},{"month":"March","date":9,"day":"Monday","name":"Holika Dahana","type":"Restricted"},{"month":"March","date":9,"day":"Monday","name":"Hazarat Ali's Birthday","type":"Restricted"},{"month":"March","date":10,"day":"Tuesday","name":"Holi","type":"Gazetted"},{"month":"March","date":20,"day":"Friday","name":"March Equinox","type":"Season"},{"month":"March","date":25,"day":"Wednesday","name":"Chaitra Sukhladi","type":"Restricted"},{"month":"April","date":2,"day":"Thursday","name":"Rama Navami","type":"Gazetted"},{"month":"April","date":6,"day":"Monday","name":"Mahavir Jayanti","type":"Gazetted"},{"month":"April","date":9,"day":"Thursday","name":"First day of Passover","type":"Observance"},{"month":"April","date":9,"day":"Thursday","name":"Maundy Thursday","type":"Observance,"},{"month":"April","date":10,"day":"Friday","name":"Good Friday","type":"Gazetted"},{"month":"April","date":12,"day":"Sunday","name":"Easter Day","type":"Restricted"},{"month":"April","date":13,"day":"Monday","name":"Vaisakhi","type":"Restricted"},{"month":"April","date":14,"day":"Tuesday","name":"Mesadi/Vaisakhadi","type":"Restricted"},{"month":"April","date":14,"day":"Tuesday","name":"Ambedkar Jayanti","type":"Central"},{"month":"May","date":1,"day":"Friday","name":"May Day","type":"Observance"},{"month":"May","date":7,"day":"Thursday","name":"Buddha Purnima/Vesak","type":"Gazetted"},{"month":"May","date":7,"day":"Thursday","name":"Birthday of Ravindranath","type":"Restricted"},{"month":"May","date":10,"day":"Sunday","name":"Mother's Day","type":"Observance"},{"month":"May","date":22,"day":"Friday","name":"Jamat Ul-Vida","type":"Restricted"},{"month":"May","date":25,"day":"Monday","name":"Ramzan Id/Eid-ul-Fitar","type":"Gazetted"},{"month":"May","date":25,"day":"Monday","name":"Ramzan Id/Eid-ul-Fitar","type":"Muslim,"},{"month":"June","date":21,"day":"Sunday","name":"June Solstice","type":"Season"},{"month":"June","date":21,"day":"Sunday","name":"Father's Day","type":"Observance"},{"month":"June","date":23,"day":"Tuesday","name":"Rath Yatra","type":"Restricted"},{"month":"July","date":5,"day":"Sunday","name":"Guru Purnima","type":"Observance"},{"month":"July","date":31,"day":"Friday","name":"Bakr Id/Eid ul-Adha","type":"Gazetted"},{"month":"August","date":2,"day":"Sunday","name":"Friendship Day","type":"Observance"},{"month":"August","date":3,"day":"Monday","name":"Raksha Bandhan (Rakhi)","type":"Restricted"},{"month":"August","date":11,"day":"Tuesday","name":"Janmashtami (Smarta)","type":"Restricted"},{"month":"August","date":12,"day":"Wednesday","name":"Janmashtami","type":"Gazetted"},{"month":"August","date":15,"day":"Saturday","name":"Independence Day","type":"Gazetted"},{"month":"August","date":16,"day":"Sunday","name":"Parsi New Year","type":"Restricted"},{"month":"August","date":22,"day":"Saturday","name":"Ganesh Chaturthi/Vin
08-05 20:47:40.261 24743 24762 I art     : Starting a blocking GC Explicit
08-05 20:47:40.318 24743 24762 I art     : Explicit concurrent mark sweep GC freed 19118(855KB) AllocSpace objects, 9(4MB) LOS objects, 10% free, 137MB/153MB, paused 1.325ms total 56.760ms
08-05 20:47:40.336 24743 24762 I art     : Starting a blocking GC Explicit
08-05 20:47:40.387 24743 24762 I art     : Explicit concurrent mark sweep GC freed 2608(208KB) AllocSpace objects, 11(220KB) LOS objects, 10% free, 136MB/152MB, paused 1.239ms total 50.853ms
08-05 20:47:40.405 24743 24762 I art     : Starting a blocking GC Explicit
08-05 20:47:40.456 24743 24762 I art     : Explicit concurrent mark sweep GC freed 99(1696B) AllocSpace objects, 0(0B) LOS objects, 10% free, 136MB/152MB, paused 1.194ms total 50.039ms
08-05 20:47:40.474 24743 24762 I art     : Starting a blocking GC Explicit
08-05 20:47:40.525 24743 24762 I art     : Explicit concurrent mark sweep GC freed 99(1696B) AllocSpace objects, 0(0B) LOS objects, 10% free, 136MB/152MB, paused 1.111ms total 51.046ms
08-05 20:47:40.544 24743 24762 I art     : Starting a blocking GC Explicit
08-05 20:47:40.596 24743 24762 I art     : Explicit concurrent mark sweep GC freed 123(2096B) AllocSpace objects, 0(0B) LOS objects, 10% free, 136MB/152MB, paused 1.375ms total 51.866ms
08-05 20:47:41.016 24743 25266 I art     : Starting a blocking GC Explicit
08-05 20:47:41.073 24743 25266 I art     : Explicit concurrent mark sweep GC freed 2303(106KB) AllocSpace objects, 2(36KB) LOS objects, 10% free, 136MB/152MB, paused 1.247ms total 55.932ms
08-05 20:47:41.095 24743 25266 I art     : Starting a blocking GC Explicit
08-05 20:47:41.147 24743 25266 I art     : Explicit concurrent mark sweep GC freed 154(3KB) AllocSpace objects, 0(0B) LOS objects, 10% free, 136MB/152MB, paused 1.401ms total 51.807ms
08-05 20:47:41.165 24743 25266 I art     : Starting a blocking GC Explicit
08-05 20:47:41.217 24743 25266 I art     : Explicit concurrent mark sweep GC freed 145(2784B) AllocSpace objects, 0(0B) LOS objects, 10% free, 136MB/152MB, paused 1.246ms total 51.912ms
08-05 20:47:41.235 24743 25266 I art     : Starting a blocking GC Explicit
08-05 20:47:41.288 24743 25266 I art     : Explicit concurrent mark sweep GC freed 99(1696B) AllocSpace objects, 0(0B) LOS objects, 10% free, 136MB/152MB, paused 1.342ms total 52.318ms
08-05 20:47:41.306 24743 25266 I art     : Starting a blocking GC Explicit
08-05 20:47:41.358 24743 25266 I art     : Explicit concurrent mark sweep GC freed 100(1728B) AllocSpace objects, 0(0B) LOS objects, 10% free, 136MB/152MB, paused 1.107ms total 51.536ms
08-05 20:47:41.392   918  3188 I hubconnection: sensorhub said: 'set_bias 3: -5.5680, 0.0000, 0.0000'
08-05 20:47:41.797 24743 24771 I art     : Starting a blocking GC Explicit
08-05 20:47:41.852 24743 24771 I art     : Explicit concurrent mark sweep GC freed 2338(106KB) AllocSpace objects, 2(36KB) LOS objects, 10% free, 136MB/152MB, paused 1.205ms total 54.426ms
08-05 20:47:41.870 24743 24771 I art     : Starting a blocking GC Explicit
08-05 20:47:41.925 24743 24771 I art     : Explicit concurrent mark sweep GC freed 127(2736B) AllocSpace objects, 0(0B) LOS objects, 10% free, 136MB/152MB, paused 1.243ms total 54.362ms
08-05 20:47:41.944 24743 24771 I art     : Starting a blocking GC Explicit
08-05 20:47:41.995 24743 24771 I art     : Explicit concurrent mark sweep GC freed 99(1696B) AllocSpace objects, 0(0B) LOS objects, 10% free, 136MB/152MB, paused 1.166ms total 50.926ms
08-05 20:47:42.014 24743 24771 I art     : Starting a blocking GC Explicit
08-05 20:47:42.068 24743 24771 I art     : Explicit concurrent mark sweep GC freed 119(2016B) AllocSpace objects, 0(0B) LOS objects, 10% free, 136MB/152MB, paused 1.406ms total 54.210ms
08-05 20:47:42.090 24743 24771 I art     : Starting a blocking GC Explicit
08-05 20:47:42.142 24743 24771 I art     : Explicit concurrent mark sweep GC freed 103(1776B) AllocSpace objects, 0(0B) LOS objects, 10% free, 136MB/152MB, paused 1.220ms total 51.844ms
08-05 20:47:42.309 13866 13882 I PeriodicStatsRunner: PeriodicStatsRunner.call():175 call()
08-05 20:47:42.310 13866 13882 I PeriodicStatsRunner: PeriodicStatsRunner.call():179 No submit PeriodicStats since input started.
08-05 20:47:42.570 24743 24760 I art     : Starting a blocking GC Explicit
08-05 20:47:42.624 24743 24760 I art     : Explicit concurrent mark sweep GC freed 2359(107KB) AllocSpace objects, 2(36KB) LOS objects, 10% free, 136MB/152MB, paused 1.256ms total 53.561ms
08-05 20:47:42.642 24743 24760 I art     : Starting a blocking GC Explicit
08-05 20:47:42.697 24743 24760 I art     : Explicit concurrent mark sweep GC freed 136(3KB) AllocSpace objects, 0(0B) LOS objects, 10% free, 136MB/152MB, paused 1.184ms total 54.480ms
08-05 20:47:42.719 24743 24760 I art     : Starting a blocking GC Explicit
08-05 20:47:42.771 24743 24760 I art     : Explicit concurrent mark sweep GC freed 109(1856B) AllocSpace objects, 0(0B) LOS objects, 10% free, 136MB/152MB, paused 1.351ms total 51.807ms
08-05 20:47:42.790 24743 24760 I art     : Starting a blocking GC Explicit
08-05 20:47:42.842 24743 24760 I art     : Explicit concurrent mark sweep GC freed 113(1936B) AllocSpace objects, 0(0B) LOS objects, 10% free, 136MB/152MB, paused 1.158ms total 51.853ms
08-05 20:47:42.860 24743 24760 I art     : Starting a blocking GC Explicit
08-05 20:47:42.913 24743 24760 I art     : Explicit concurrent mark sweep GC freed 99(1696B) AllocSpace objects, 0(0B) LOS objects, 10% free, 136MB/152MB, paused 1.167ms total 52.900ms
08-05 20:47:43.328   518   646 I ThermalEngine: ACTION: GPU - Setting GPU[0] to 510000000
08-05 20:47:43.348 24743 24762 I art     : Starting a blocking GC Explicit
08-05 20:47:43.395 24743 24762 I art     : Explicit concurrent mark sweep GC freed 2346(106KB) AllocSpace objects, 2(36KB) LOS objects, 10% free, 136MB/152MB, paused 936us total 47.090ms
08-05 20:47:43.410 24743 24762 I art     : Starting a blocking GC Explicit
08-05 20:47:43.449 24743 24762 I art     : Explicit concurrent mark sweep GC freed 109(2416B) AllocSpace objects, 0(0B) LOS objects, 10% free, 136MB/152MB, paused 921us total 38.697ms
08-05 20:47:43.463 24743 24762 I art     : Starting a blocking GC Explicit
08-05 20:47:43.501 24743 24762 I art     : Explicit concurrent mark sweep GC freed 91(1552B) AllocSpace objects, 0(0B) LOS objects, 10% free, 136MB/152MB, paused 860us total 38.324ms
08-05 20:47:43.515 24743 24762 I art     : Starting a blocking GC Explicit
08-05 20:47:43.554 24743 24762 I art     : Explicit concurrent mark sweep GC freed 76(1328B) AllocSpace objects, 0(0B) LOS objects, 10% free, 136MB/152MB, paused 919us total 38.597ms
08-05 20:47:43.567 24743 24762 I art     : Starting a blocking GC Explicit
08-05 20:47:43.606 24743 24762 I art     : Explicit concurrent mark sweep GC freed 75(1296B) AllocSpace objects, 0(0B) LOS objects, 10% free, 136MB/152MB, paused 1.018ms total 38.095ms
08-05 20:47:43.707   918  1210 D NetlinkSocketObserver: NeighborEvent{elapsedMs=1807067581, 192.168.2.254, [7C3953A63323], RTM_NEWNEIGH, NUD_STALE}
08-05 20:47:43.858 26696 26696 D AndroidRuntime: >>>>>> START com.android.internal.os.RuntimeInit uid 2000 <<<<<<
08-05 20:47:43.863 26696 26696 D AndroidRuntime: CheckJNI is OFF
08-05 20:47:43.893 26696 26696 D ICU     : No timezone override file found: /data/misc/zoneinfo/current/icu/icu_tzdata.dat
08-05 20:47:43.926 26696 26696 I Radio-JNI: register_android_hardware_Radio DONE
08-05 20:47:43.948 26696 26696 D AndroidRuntime: Calling main entry com.android.commands.input.Input
08-05 20:47:43.949 26696 26696 I Input   : injectKeyEvent: KeyEvent { action=ACTION_DOWN, keyCode=KEYCODE_BACK, scanCode=0, metaState=0, flags=0x0, repeatCount=0, eventTime=823680362, downTime=823680362, deviceId=-1, source=0x101 }
08-05 20:47:43.954 26696 26696 I Input   : injectKeyEvent: KeyEvent { action=ACTION_UP, keyCode=KEYCODE_BACK, scanCode=0, metaState=0, flags=0x0, repeatCount=0, eventTime=823680362, downTime=823680362, deviceId=-1, source=0x101 }
08-05 20:47:43.960 26696 26696 D AndroidRuntime: Shutting down VM
08-05 20:47:43.968 24743 24743 V MainActivity: url = https://project-travel-mate.herokuapp.com/api/number-of-unread-notifications
08-05 20:47:43.986 24743 25266 I art     : Starting a blocking GC Explicit
08-05 20:47:43.998 13866 13866 I GoogleInputMethodServic: GoogleInputMethodService.onFinishInput():3138 
08-05 20:47:43.998 13866 13866 I GoogleInputMethodServic: GoogleInputMethodService.onStartInput():1808 
08-05 20:47:44.025 24743 25266 I art     : Explicit concurrent mark sweep GC freed 2573(119KB) AllocSpace objects, 2(36KB) LOS objects, 10% free, 136MB/152MB, paused 2.261ms total 38.745ms
08-05 20:47:44.040 24743 25266 I art     : Starting a blocking GC Explicit
08-05 20:47:44.079 24743 25266 I art     : Explicit concurrent mark sweep GC freed 214(8KB) AllocSpace objects, 0(0B) LOS objects, 10% free, 136MB/152MB, paused 1.023ms total 38.453ms
08-05 20:47:44.092 24743 25266 I art     : Starting a blocking GC Explicit
08-05 20:47:44.126 24743 25266 I art     : Explicit concurrent mark sweep GC freed 88(2768B) AllocSpace objects, 0(0B) LOS objects, 10% free, 136MB/152MB, paused 893us total 33.523ms
08-05 20:47:44.139 24743 25266 I art     : Starting a blocking GC Explicit
08-05 20:47:44.176 24743 25266 I art     : Explicit concurrent mark sweep GC freed 79(1408B) AllocSpace objects, 0(0B) LOS objects, 10% free, 136MB/152MB, paused 1.002ms total 36.563ms
08-05 20:47:44.190 24743 25266 I art     : Starting a blocking GC Explicit
08-05 20:47:44.230 24743 25266 I art     : Explicit concurrent mark sweep GC freed 125(3KB) AllocSpace objects, 0(0B) LOS objects, 10% free, 136MB/152MB, paused 898us total 40.208ms
08-05 20:47:44.314   380   380 W SurfaceFlinger: couldn't log to binary event log: overflow.
08-05 20:47:44.355 13866 13882 I PeriodicStatsRunner: PeriodicStatsRunner.call():175 call()
08-05 20:47:44.355 13866 13882 I PeriodicStatsRunner: PeriodicStatsRunner.call():179 No submit PeriodicStats since input started.
08-05 20:47:44.554 24743 24771 I art     : Starting a blocking GC Explicit
08-05 20:47:44.614 24743 24771 I art     : Explicit concurrent mark sweep GC freed 1792(97KB) AllocSpace objects, 3(224KB) LOS objects, 10% free, 136MB/152MB, paused 1.170ms total 59.456ms
08-05 20:47:44.636 24743 24771 I art     : Starting a blocking GC Explicit
08-05 20:47:44.675 24743 24771 I art     : Explicit concurrent mark sweep GC freed 1060(50KB) AllocSpace objects, 0(0B) LOS objects, 10% free, 136MB/152MB, paused 952us total 39.114ms
08-05 20:47:44.690 24743 24771 I art     : Starting a blocking GC Explicit
08-05 20:47:44.728 24743 24771 I art     : Explicit concurrent mark sweep GC freed 5623(312KB) AllocSpace objects, 13(264KB) LOS objects, 10% free, 135MB/151MB, paused 967us total 38.618ms
08-05 20:47:44.742 24743 24771 I art     : Starting a blocking GC Explicit
08-05 20:47:44.781 24743 24771 I art     : Explicit concurrent mark sweep GC freed 391(30KB) AllocSpace objects, 0(0B) LOS objects, 10% free, 135MB/151MB, paused 1.136ms total 38.928ms
08-05 20:47:44.795 24743 24771 I art     : Starting a blocking GC Explicit
08-05 20:47:44.835 24743 24771 I art     : Explicit concurrent mark sweep GC freed 2187(101KB) AllocSpace objects, 2(120KB) LOS objects, 10% free, 136MB/152MB, paused 1.019ms total 39.722ms
08-05 20:47:44.851 24743 26720 I NAPPA_EXPERIMENTATION: MetricNetworkRequestExecutionTime: REQUEST_DURATION_SYSTEM='881',REQUEST_DURATION_OKHTTP='36',REQUEST_SYNCHRONOUS='FALSE',RESPONSE_CODE='200',RESPONSE_METHOD='GET',RESPONSE_LENGTH_OKHTTP='36',RESPONSE_LENGTH_HEADER='36',REQUEST_PROTOCOL='http/1.1',REQUEST_URL='https://project-travel-mate.herokuapp.com/api/number-of-unread-notifications',
08-05 20:47:45.185 24743 24762 I art     : Starting a blocking GC Explicit
08-05 20:47:45.233 24743 24762 I art     : Explicit concurrent mark sweep GC freed 2799(226KB) AllocSpace objects, 3(116KB) LOS objects, 10% free, 136MB/152MB, paused 966us total 47.254ms
08-05 20:47:45.246 24743 24762 I art     : Starting a blocking GC Explicit
08-05 20:47:45.284 24743 24762 I art     : Explicit concurrent mark sweep GC freed 43(1664B) AllocSpace objects, 0(0B) LOS objects, 10% free, 136MB/152MB, paused 911us total 37.354ms
08-05 20:47:45.297 24743 24762 I art     : Starting a blocking GC Explicit
08-05 20:47:45.334 24743 24762 I art     : Explicit concurrent mark sweep GC freed 3(96B) AllocSpace objects, 0(0B) LOS objects, 10% free, 136MB/152MB, paused 866us total 36.483ms
08-05 20:47:45.347 24743 24762 I art     : Starting a blocking GC Explicit
08-05 20:47:45.385 24743 24762 I art     : Explicit concurrent mark sweep GC freed 14(720B) AllocSpace objects, 0(0B) LOS objects, 10% free, 136MB/152MB, paused 939us total 37.334ms
08-05 20:47:45.399 24743 24762 I art     : Starting a blocking GC Explicit
08-05 20:47:45.436 24743 24762 I art     : Explicit concurrent mark sweep GC freed 14(672B) AllocSpace objects, 0(0B) LOS objects, 10% free, 136MB/152MB, paused 897us total 36.859ms
08-05 20:47:45.626 26742 26742 D AndroidRuntime: >>>>>> START com.android.internal.os.RuntimeInit uid 2000 <<<<<<
08-05 20:47:45.631 26742 26742 D AndroidRuntime: CheckJNI is OFF
08-05 20:47:45.667 26742 26742 D ICU     : No timezone override file found: /data/misc/zoneinfo/current/icu/icu_tzdata.dat
08-05 20:47:45.698 26742 26742 I Radio-JNI: register_android_hardware_Radio DONE
08-05 20:47:45.719 26742 26742 D AndroidRuntime: Calling main entry com.android.commands.input.Input
08-05 20:47:45.721 26742 26742 I Input   : injectMotionEvent: MotionEvent { action=ACTION_DOWN, actionButton=0, id[0]=0, x[0]=117.0, y[0]=170.0, toolType[0]=TOOL_TYPE_UNKNOWN, buttonState=0, metaState=0, flags=0x0, edgeFlags=0x0, pointerCount=1, historySize=0, eventTime=823682134, downTime=823682134, deviceId=0, source=0x1002 }
08-05 20:47:45.752 26742 26742 I Input   : injectMotionEvent: MotionEvent { action=ACTION_UP, actionButton=0, id[0]=0, x[0]=117.0, y[0]=170.0, toolType[0]=TOOL_TYPE_UNKNOWN, buttonState=0, metaState=0, flags=0x0, edgeFlags=0x0, pointerCount=1, historySize=0, eventTime=823682134, downTime=823682134, deviceId=0, source=0x1002 }
08-05 20:47:45.780 26742 26742 D AndroidRuntime: Shutting down VM
08-05 20:47:45.791 24743 24771 I art     : Starting a blocking GC Explicit
08-05 20:47:45.810   512  2967 D audio_hw_primary: out_set_parameters: enter: usecase(1: low-latency-playback) kvpairs: routing=2
08-05 20:47:45.823   512  2967 D audio_hw_primary: select_devices: out_snd_device(2: speaker) in_snd_device(0: none)
08-05 20:47:45.823   512  2967 D msm8974_platform: platform_send_audio_calibration: sending audio calibration for snd_device(2) acdb_id(15)
08-05 20:47:45.824   512  2967 I soundtrigger: audio_extn_sound_trigger_update_device_status: device 0x2 of type 0 for Event 1
08-05 20:47:45.827 24743 24771 I art     : Explicit concurrent mark sweep GC freed 1658(95KB) AllocSpace objects, 2(36KB) LOS objects, 10% free, 136MB/152MB, paused 1.083ms total 35.661ms
08-05 20:47:45.833   512  2967 D audio_hw_primary: enable_snd_device: snd_device(2: speaker)
08-05 20:47:45.835   512  2967 D audio_hw_primary: enable_audio_route: apply and update mixer path: low-latency-playback speaker
08-05 20:47:45.843 24743 24771 I art     : Starting a blocking GC Explicit
08-05 20:47:45.880 24743 24771 I art     : Explicit concurrent mark sweep GC freed 86(3KB) AllocSpace objects, 0(0B) LOS objects, 10% free, 136MB/152MB, paused 1.275ms total 36.494ms
08-05 20:47:45.893 24743 24771 I art     : Starting a blocking GC Explicit
08-05 20:47:45.928 24743 24771 I art     : Explicit concurrent mark sweep GC freed 316(16KB) AllocSpace objects, 0(0B) LOS objects, 10% free, 136MB/152MB, paused 1.165ms total 35.480ms
08-05 20:47:45.942 24743 24771 I art     : Starting a blocking GC Explicit
08-05 20:47:45.977 24743 24771 I art     : Explicit concurrent mark sweep GC freed 97(4KB) AllocSpace objects, 0(0B) LOS objects, 10% free, 136MB/152MB, paused 1.028ms total 34.267ms
08-05 20:47:45.989 24743 24771 I art     : Starting a blocking GC Explicit
08-05 20:47:46.024 24743 24771 I art     : Explicit concurrent mark sweep GC freed 3(96B) AllocSpace objects, 0(0B) LOS objects, 10% free, 136MB/152MB, paused 1.079ms total 34.181ms
08-05 20:47:46.337 24743 25266 I art     : Starting a blocking GC Explicit
08-05 20:47:46.368   512  2967 D audio_hw_primary: disable_audio_route: reset and update mixer path: low-latency-playback speaker
08-05 20:47:46.369   512  2967 D audio_hw_primary: disable_snd_device: snd_device(2: speaker)
08-05 20:47:46.371 24743 25266 I art     : Explicit concurrent mark sweep GC freed 1653(95KB) AllocSpace objects, 2(36KB) LOS objects, 10% free, 136MB/152MB, paused 998us total 33.423ms
08-05 20:47:46.378   512  2967 I soundtrigger: audio_extn_sound_trigger_update_device_status: device 0x2 of type 0 for Event 0
08-05 20:47:46.385 24743 25266 I art     : Starting a blocking GC Explicit
08-05 20:47:46.411 26765 26765 D AndroidRuntime: >>>>>> START com.android.internal.os.RuntimeInit uid 2000 <<<<<<
08-05 20:47:46.415 26765 26765 D AndroidRuntime: CheckJNI is OFF
08-05 20:47:46.417 24743 25266 I art     : Explicit concurrent mark sweep GC freed 40(1424B) AllocSpace objects, 0(0B) LOS objects, 10% free, 136MB/152MB, paused 905us total 31.790ms
08-05 20:47:46.429 24743 25266 I art     : Starting a blocking GC Explicit
08-05 20:47:46.446 26765 26765 D ICU     : No timezone override file found: /data/misc/zoneinfo/current/icu/icu_tzdata.dat
08-05 20:47:46.462 24743 25266 I art     : Explicit concurrent mark sweep GC freed 3(96B) AllocSpace objects, 0(0B) LOS objects, 10% free, 136MB/152MB, paused 911us total 32.525ms
08-05 20:47:46.475 24743 25266 I art     : Starting a blocking GC Explicit
08-05 20:47:46.478 26765 26765 I Radio-JNI: register_android_hardware_Radio DONE
08-05 20:47:46.500 26765 26765 D AndroidRuntime: Calling main entry com.android.commands.input.Input
08-05 20:47:46.501 26765 26765 I Input   : injectMotionEvent: MotionEvent { action=ACTION_DOWN, actionButton=0, id[0]=0, x[0]=405.0, y[0]=661.0, toolType[0]=TOOL_TYPE_UNKNOWN, buttonState=0, metaState=0, flags=0x0, edgeFlags=0x0, pointerCount=1, historySize=0, eventTime=823682914, downTime=823682914, deviceId=0, source=0x1002 }
08-05 20:47:46.505 26765 26765 I Input   : injectMotionEvent: MotionEvent { action=ACTION_UP, actionButton=0, id[0]=0, x[0]=405.0, y[0]=661.0, toolType[0]=TOOL_TYPE_UNKNOWN, buttonState=0, metaState=0, flags=0x0, edgeFlags=0x0, pointerCount=1, historySize=0, eventTime=823682914, downTime=823682914, deviceId=0, source=0x1002 }
08-05 20:47:46.507 26765 26765 D AndroidRuntime: Shutting down VM
08-05 20:47:46.508 24743 25266 I art     : Explicit concurrent mark sweep GC freed 8(224B) AllocSpace objects, 0(0B) LOS objects, 10% free, 136MB/152MB, paused 992us total 33.408ms
08-05 20:47:46.522 24743 25266 I art     : Starting a blocking GC Explicit
08-05 20:47:46.526   512  2967 D audio_hw_primary: out_set_parameters: enter: usecase(1: low-latency-playback) kvpairs: routing=2
08-05 20:47:46.539   512  2967 D audio_hw_primary: select_devices: out_snd_device(2: speaker) in_snd_device(0: none)
08-05 20:47:46.539   512  2967 D msm8974_platform: platform_send_audio_calibration: sending audio calibration for snd_device(2) acdb_id(15)
08-05 20:47:46.539   512  2967 I soundtrigger: audio_extn_sound_trigger_update_device_status: device 0x2 of type 0 for Event 1
08-05 20:47:46.549   512  2967 D audio_hw_primary: enable_snd_device: snd_device(2: speaker)
08-05 20:47:46.551   512  2967 D audio_hw_primary: enable_audio_route: apply and update mixer path: low-latency-playback speaker
08-05 20:47:46.558 24743 25266 I art     : Explicit concurrent mark sweep GC freed 438(43KB) AllocSpace objects, 0(0B) LOS objects, 10% free, 136MB/152MB, paused 1.165ms total 36.285ms
08-05 20:47:46.592   512  2967 D AudioFlinger: mixer(0xf4740000) throttle end: throttle time(12)
08-05 20:47:46.876 24743 24771 I art     : Starting a blocking GC Explicit
08-05 20:47:46.918 24743 24771 I art     : Explicit concurrent mark sweep GC freed 780(61KB) AllocSpace objects, 0(0B) LOS objects, 8% free, 183MB/199MB, paused 1.565ms total 41.728ms
08-05 20:47:46.933 24743 24771 I art     : Starting a blocking GC Explicit
08-05 20:47:46.972 24743 24771 I art     : Explicit concurrent mark sweep GC freed 988(43KB) AllocSpace objects, 0(0B) LOS objects, 8% free, 183MB/199MB, paused 1.043ms total 38.705ms
08-05 20:47:46.985 24743 24771 I art     : Starting a blocking GC Explicit
08-05 20:47:47.020 24743 24771 I art     : Explicit concurrent mark sweep GC freed 714(43KB) AllocSpace objects, 0(0B) LOS objects, 8% free, 183MB/199MB, paused 1.036ms total 34.560ms
08-05 20:47:47.033 24743 24771 I art     : Starting a blocking GC Explicit
08-05 20:47:47.068 24743 24771 I art     : Explicit concurrent mark sweep GC freed 79(2480B) AllocSpace objects, 9(252KB) LOS objects, 8% free, 182MB/198MB, paused 935us total 35.354ms
08-05 20:47:47.081 24743 24771 I art     : Starting a blocking GC Explicit
08-05 20:47:47.088   512  2967 D audio_hw_primary: disable_audio_route: reset and update mixer path: low-latency-playback speaker
08-05 20:47:47.089   512  2967 D audio_hw_primary: disable_snd_device: snd_device(2: speaker)
08-05 20:47:47.096   512  2967 I soundtrigger: audio_extn_sound_trigger_update_device_status: device 0x2 of type 0 for Event 0
08-05 20:47:47.114 24743 24771 I art     : Explicit concurrent mark sweep GC freed 22(1136B) AllocSpace objects, 0(0B) LOS objects, 8% free, 182MB/198MB, paused 886us total 32.699ms
08-05 20:47:47.338   518   646 I ThermalEngine: ACTION: GPU - Setting GPU[0] to 450000000
08-05 20:47:47.518 24743 24762 I art     : Starting a blocking GC Explicit
08-05 20:47:47.583 24743 24762 I art     : Explicit concurrent mark sweep GC freed 1650(95KB) AllocSpace objects, 2(36KB) LOS objects, 8% free, 182MB/198MB, paused 1.220ms total 64.554ms
08-05 20:47:47.605 24743 24762 I art     : Starting a blocking GC Explicit
08-05 20:47:47.654 24743 24762 I art     : Explicit concurrent mark sweep GC freed 30(1104B) AllocSpace objects, 0(0B) LOS objects, 8% free, 182MB/198MB, paused 1.171ms total 48.988ms
08-05 20:47:47.672 24743 24762 I art     : Starting a blocking GC Explicit
08-05 20:47:47.722 24743 24762 I art     : Explicit concurrent mark sweep GC freed 3(96B) AllocSpace objects, 0(0B) LOS objects, 8% free, 182MB/198MB, paused 1.210ms total 49.649ms
08-05 20:47:47.740 24743 24762 I art     : Starting a blocking GC Explicit
08-05 20:47:47.790 24743 24762 I art     : Explicit concurrent mark sweep GC freed 3(96B) AllocSpace objects, 0(0B) LOS objects, 8% free, 182MB/198MB, paused 1.394ms total 50.121ms
08-05 20:47:47.812 24743 24762 I art     : Starting a blocking GC Explicit
08-05 20:47:47.861 24743 24762 I art     : Explicit concurrent mark sweep GC freed 3(96B) AllocSpace objects, 0(0B) LOS objects, 8% free, 182MB/198MB, paused 1.218ms total 49.393ms
08-05 20:47:48.286 24743 25266 I art     : Starting a blocking GC Explicit
08-05 20:47:48.344 24743 25266 I art     : Explicit concurrent mark sweep GC freed 1663(95KB) AllocSpace objects, 2(36KB) LOS objects, 8% free, 182MB/198MB, paused 1.227ms total 57.880ms
08-05 20:47:48.362 24743 25266 I art     : Starting a blocking GC Explicit
08-05 20:47:48.418 24743 25266 I art     : Explicit concurrent mark sweep GC freed 56(2192B) AllocSpace objects, 0(0B) LOS objects, 8% free, 182MB/198MB, paused 1.294ms total 55.084ms
08-05 20:47:48.436 24743 25266 I art     : Starting a blocking GC Explicit
08-05 20:47:48.491 24743 25266 I art     : Explicit concurrent mark sweep GC freed 13(640B) AllocSpace objects, 0(0B) LOS objects, 8% free, 182MB/198MB, paused 1.547ms total 54.467ms
08-05 20:47:48.513 24743 25266 I art     : Starting a blocking GC Explicit
08-05 20:47:48.566 24743 25266 I art     : Explicit concurrent mark sweep GC freed 3(96B) AllocSpace objects, 0(0B) LOS objects, 8% free, 182MB/198MB, paused 1.137ms total 52.966ms
08-05 20:47:48.587 24743 25266 I art     : Starting a blocking GC Explicit
08-05 20:47:48.644 24743 25266 I art     : Explicit concurrent mark sweep GC freed 3(96B) AllocSpace objects, 0(0B) LOS objects, 8% free, 182MB/198MB, paused 1.307ms total 56.275ms
08-05 20:47:48.999 13866 13882 I PeriodicStatsRunner: PeriodicStatsRunner.call():175 call()
08-05 20:47:49.000 13866 13882 I PeriodicStatsRunner: PeriodicStatsRunner.call():179 No submit PeriodicStats since input started.
08-05 20:47:49.050 24743 24760 I art     : Starting a blocking GC Explicit
08-05 20:47:49.107 24743 24760 I art     : Explicit concurrent mark sweep GC freed 1632(95KB) AllocSpace objects, 2(36KB) LOS objects, 8% free, 182MB/198MB, paused 1.220ms total 55.829ms
08-05 20:47:49.125 24743 24760 I art     : Starting a blocking GC Explicit
08-05 20:47:49.176 24743 24760 I art     : Explicit concurrent mark sweep GC freed 44(1536B) AllocSpace objects, 0(0B) LOS objects, 8% free, 182MB/198MB, paused 1.199ms total 51.503ms
08-05 20:47:49.195 24743 24760 I art     : Starting a blocking GC Explicit
08-05 20:47:49.246 24743 24760 I art     : Explicit concurrent mark sweep GC freed 34(928B) AllocSpace objects, 0(0B) LOS objects, 8% free, 182MB/198MB, paused 1.199ms total 51.062ms
08-05 20:47:49.264 24743 24760 I art     : Starting a blocking GC Explicit
08-05 20:47:49.313 24743 24760 I art     : Explicit concurrent mark sweep GC freed 3(96B) AllocSpace objects, 0(0B) LOS objects, 8% free, 182MB/198MB, paused 1.287ms total 48.998ms
08-05 20:47:49.317 26816 26816 D AndroidRuntime: >>>>>> START com.android.internal.os.RuntimeInit uid 2000 <<<<<<
08-05 20:47:49.323 26816 26816 D AndroidRuntime: CheckJNI is OFF
08-05 20:47:49.331 24743 24760 I art     : Starting a blocking GC Explicit
08-05 20:47:49.368 26816 26816 D ICU     : No timezone override file found: /data/misc/zoneinfo/current/icu/icu_tzdata.dat
08-05 20:47:49.381 24743 24760 I art     : Explicit concurrent mark sweep GC freed 3(96B) AllocSpace objects, 0(0B) LOS objects, 8% free, 182MB/198MB, paused 1.291ms total 49.046ms
08-05 20:47:49.415 26816 26816 I Radio-JNI: register_android_hardware_Radio DONE
08-05 20:47:49.442 26816 26816 D AndroidRuntime: Calling main entry com.android.commands.input.Input
08-05 20:47:49.445 26816 26816 I Input   : injectMotionEvent: MotionEvent { action=ACTION_DOWN, actionButton=0, id[0]=0, x[0]=1341.0, y[0]=197.0, toolType[0]=TOOL_TYPE_UNKNOWN, buttonState=0, metaState=0, flags=0x0, edgeFlags=0x0, pointerCount=1, historySize=0, eventTime=823685857, downTime=823685857, deviceId=0, source=0x1002 }
08-05 20:47:49.451 26816 26816 I Input   : injectMotionEvent: MotionEvent { action=ACTION_UP, actionButton=0, id[0]=0, x[0]=1341.0, y[0]=197.0, toolType[0]=TOOL_TYPE_UNKNOWN, buttonState=0, metaState=0, flags=0x0, edgeFlags=0x0, pointerCount=1, historySize=0, eventTime=823685857, downTime=823685857, deviceId=0, source=0x1002 }
08-05 20:47:49.455 26816 26816 D AndroidRuntime: Shutting down VM
08-05 20:47:49.457   918   929 I ActivityManager: START u0 {cmp=baseline.io.github.project_travel_mate/.notifications.NotificationsActivity} from uid 10674 on display 0
08-05 20:47:49.458   512  2967 D audio_hw_primary: out_set_parameters: enter: usecase(1: low-latency-playback) kvpairs: routing=2
08-05 20:47:49.472   512  2967 D audio_hw_primary: select_devices: out_snd_device(2: speaker) in_snd_device(0: none)
08-05 20:47:49.472   512  2967 D msm8974_platform: platform_send_audio_calibration: sending audio calibration for snd_device(2) acdb_id(15)
08-05 20:47:49.473   512  2967 I soundtrigger: audio_extn_sound_trigger_update_device_status: device 0x2 of type 0 for Event 1
08-05 20:47:49.486   512  2967 D audio_hw_primary: enable_snd_device: snd_device(2: speaker)
08-05 20:47:49.489   512  2967 D audio_hw_primary: enable_audio_route: apply and update mixer path: low-latency-playback speaker
08-05 20:47:49.491 24743 24833 D Gabe    : call	returning from cache
08-05 20:47:49.497 24743 24743 V EXECUTING: https://project-travel-mate.herokuapp.com/api/get-notifications
08-05 20:47:49.504 24743 24743 V EXECUTING: https://project-travel-mate.herokuapp.com/api/get-notifications
08-05 20:47:49.653   918   936 I ActivityManager: Displayed baseline.io.github.project_travel_mate/.notifications.NotificationsActivity: +184ms
08-05 20:47:49.653 13866 13866 I GoogleInputMethodServic: GoogleInputMethodService.onFinishInput():3138 
08-05 20:47:49.654 13866 13866 I GoogleInputMethodServic: GoogleInputMethodService.onStartInput():1808 
08-05 20:47:49.758 24743 24768 D OpenGLRenderer: endAllStagingAnimators on 0x7f7a23c000 (RippleDrawable) with handle 0x7f7c221180
08-05 20:47:49.761 24743 24762 I art     : Starting a blocking GC Explicit
08-05 20:47:49.809 24743 24762 I art     : Explicit concurrent mark sweep GC freed 3968(229KB) AllocSpace objects, 2(36KB) LOS objects, 7% free, 187MB/203MB, paused 1.444ms total 47.628ms
08-05 20:47:49.826 24743 24762 I art     : Starting a blocking GC Explicit
08-05 20:47:49.881 24743 24762 I art     : Explicit concurrent mark sweep GC freed 479(19KB) AllocSpace objects, 0(0B) LOS objects, 7% free, 187MB/203MB, paused 1.268ms total 55.005ms
08-05 20:47:49.904 24743 24762 I art     : Starting a blocking GC Explicit
08-05 20:47:49.905   380   380 W SurfaceFlinger: couldn't log to binary event log: overflow.
08-05 20:47:49.952 24743 24762 I art     : Explicit concurrent mark sweep GC freed 98(1664B) AllocSpace objects, 0(0B) LOS objects, 7% free, 187MB/203MB, paused 1.145ms total 47.714ms
08-05 20:47:49.969 24743 24762 I art     : Starting a blocking GC Explicit
08-05 20:47:50.017 24743 24762 I art     : Explicit concurrent mark sweep GC freed 1544(118KB) AllocSpace objects, 4(240KB) LOS objects, 7% free, 187MB/203MB, paused 1.708ms total 48.243ms
08-05 20:47:50.029   512  2967 D audio_hw_primary: disable_audio_route: reset and update mixer path: low-latency-playback speaker
08-05 20:47:50.030   512  2967 D audio_hw_primary: disable_snd_device: snd_device(2: speaker)
08-05 20:47:50.036 24743 24762 I art     : Starting a blocking GC Explicit
08-05 20:47:50.041   512  2967 I soundtrigger: audio_extn_sound_trigger_update_device_status: device 0x2 of type 0 for Event 0
08-05 20:47:50.085 24743 24762 I art     : Explicit concurrent mark sweep GC freed 4357(214KB) AllocSpace objects, 2(160KB) LOS objects, 7% free, 187MB/203MB, paused 1.526ms total 48.137ms
08-05 20:47:50.100 24743 26841 I NAPPA_EXPERIMENTATION: MetricNetworkRequestExecutionTime: REQUEST_DURATION_SYSTEM='595',REQUEST_DURATION_OKHTTP='54',REQUEST_SYNCHRONOUS='FALSE',RESPONSE_CODE='200',RESPONSE_METHOD='GET',RESPONSE_LENGTH_OKHTTP='2',RESPONSE_LENGTH_HEADER='2',REQUEST_PROTOCOL='http/1.1',REQUEST_URL='https://project-travel-mate.herokuapp.com/api/get-notifications',
08-05 20:47:50.104 24743 26840 I NAPPA_EXPERIMENTATION: MetricNetworkRequestExecutionTime: REQUEST_DURATION_SYSTEM='606',REQUEST_DURATION_OKHTTP='56',REQUEST_SYNCHRONOUS='FALSE',RESPONSE_CODE='200',RESPONSE_METHOD='GET',RESPONSE_LENGTH_OKHTTP='2',RESPONSE_LENGTH_HEADER='2',REQUEST_PROTOCOL='http/1.1',REQUEST_URL='https://project-travel-mate.herokuapp.com/api/get-notifications',
08-05 20:47:50.225 24743 24743 V Response: [] 
08-05 20:47:50.245 24743 24743 V Response: [] 
08-05 20:47:50.254 24743 24833 W LOTTIE  : Animation contains merge paths. Merge paths are only supported on KitKat+ and must be manually enabled by calling enableMergePathsForKitKatAndAbove().
08-05 20:47:50.262 24743 24833 W LOTTIE  : Animation contains merge paths. Merge paths are only supported on KitKat+ and must be manually enabled by calling enableMergePathsForKitKatAndAbove().
08-05 20:47:50.264 24743 24833 W LOTTIE  : Animation contains merge paths. Merge paths are only supported on KitKat+ and must be manually enabled by calling enableMergePathsForKitKatAndAbove().
08-05 20:47:50.267 24743 24833 W LOTTIE  : Animation contains merge paths. Merge paths are only supported on KitKat+ and must be manually enabled by calling enableMergePathsForKitKatAndAbove().
08-05 20:47:50.269 24743 24833 W LOTTIE  : Animation contains merge paths. Merge paths are only supported on KitKat+ and must be manually enabled by calling enableMergePathsForKitKatAndAbove().
08-05 20:47:50.271 24743 24833 W LOTTIE  : Animation contains merge paths. Merge paths are only supported on KitKat+ and must be manually enabled by calling enableMergePathsForKitKatAndAbove().
08-05 20:47:50.274 24743 24833 W LOTTIE  : Animation contains merge paths. Merge paths are only supported on KitKat+ and must be manually enabled by calling enableMergePathsForKitKatAndAbove().
08-05 20:47:50.278 24743 24743 W LOTTIE  : Animation contains merge paths but they are disabled.
08-05 20:47:50.456 24743 25266 I art     : Starting a blocking GC Explicit
08-05 20:47:50.503 24743 25266 I art     : Explicit concurrent mark sweep GC freed 13588(715KB) AllocSpace objects, 3(224KB) LOS objects, 7% free, 187MB/203MB, paused 1.139ms total 46.577ms
08-05 20:47:50.520 24743 25266 I art     : Starting a blocking GC Explicit
08-05 20:47:50.566 24743 25266 I art     : Explicit concurrent mark sweep GC freed 2073(77KB) AllocSpace objects, 0(0B) LOS objects, 7% free, 187MB/203MB, paused 1.416ms total 45.010ms
08-05 20:47:50.583 24743 25266 I art     : Starting a blocking GC Explicit
08-05 20:47:50.626 24743 25266 I art     : Explicit concurrent mark sweep GC freed 288(5KB) AllocSpace objects, 0(0B) LOS objects, 7% free, 187MB/203MB, paused 1.283ms total 42.667ms
08-05 20:47:50.643 24743 25266 I art     : Starting a blocking GC Explicit
08-05 20:47:50.686 24743 25266 I art     : Explicit concurrent mark sweep GC freed 375(13KB) AllocSpace objects, 0(0B) LOS objects, 7% free, 187MB/203MB, paused 1.116ms total 42.245ms
08-05 20:47:50.703 24743 25266 I art     : Starting a blocking GC Explicit
08-05 20:47:50.746 24743 25266 I art     : Explicit concurrent mark sweep GC freed 283(4KB) AllocSpace objects, 0(0B) LOS objects, 7% free, 187MB/203MB, paused 1.255ms total 43.109ms
08-05 20:47:51.090   918  3261 D WifiStateMachine: starting scan for "H369AA63323"WPA_PSK with 2412,5180
08-05 20:47:51.141 24743 25266 I art     : Starting a blocking GC Explicit
08-05 20:47:51.185 24743 25266 I art     : Explicit concurrent mark sweep GC freed 3519(126KB) AllocSpace objects, 2(36KB) LOS objects, 7% free, 187MB/203MB, paused 1.127ms total 43.806ms
08-05 20:47:51.203 24743 25266 I art     : Starting a blocking GC Explicit
08-05 20:47:51.246 24743 25266 I art     : Explicit concurrent mark sweep GC freed 314(5KB) AllocSpace objects, 0(0B) LOS objects, 7% free, 187MB/203MB, paused 1.291ms total 42.659ms
08-05 20:47:51.263 24743 25266 I art     : Starting a blocking GC Explicit
08-05 20:47:51.307 24743 25266 I art     : Explicit concurrent mark sweep GC freed 225(3KB) AllocSpace objects, 0(0B) LOS objects, 7% free, 187MB/203MB, paused 1.146ms total 43.714ms
08-05 20:47:51.324 24743 25266 I art     : Starting a blocking GC Explicit
08-05 20:47:51.369 24743 25266 I art     : Explicit concurrent mark sweep GC freed 291(4KB) AllocSpace objects, 0(0B) LOS objects, 7% free, 187MB/203MB, paused 1.130ms total 44.735ms
08-05 20:47:51.387 24743 25266 I art     : Starting a blocking GC Explicit
08-05 20:47:51.431 24743 25266 I art     : Explicit concurrent mark sweep GC freed 295(5KB) AllocSpace objects, 0(0B) LOS objects, 7% free, 187MB/203MB, paused 1.156ms total 44.099ms
08-05 20:47:51.431 24743 24759 I art     : WaitForGcToComplete blocked for 44.367ms for cause HeapTrim
08-05 20:47:51.786 23554 23554 I Atfwd_Sendcmd: AtCmdFwd service not ready - Exhausted retry attempts - :6
08-05 20:47:51.786 23554 23554 I Atfwd_Daemon: result : -1 	 ,Init step :2 	 ,qmiErrorCode: 0
08-05 20:47:51.834 24743 24771 I art     : Starting a blocking GC Explicit
08-05 20:47:51.882 24743 24771 I art     : Explicit concurrent mark sweep GC freed 3526(125KB) AllocSpace objects, 2(36KB) LOS objects, 7% free, 187MB/203MB, paused 1.272ms total 48.044ms
08-05 20:47:51.900 24743 24771 I art     : Starting a blocking GC Explicit
08-05 20:47:51.944 24743 24771 I art     : Explicit concurrent mark sweep GC freed 284(5KB) AllocSpace objects, 0(0B) LOS objects, 7% free, 187MB/203MB, paused 1.314ms total 43.642ms
08-05 20:47:51.961 24743 24771 I art     : Starting a blocking GC Explicit
08-05 20:47:52.004 24743 24771 I art     : Explicit concurrent mark sweep GC freed 239(3KB) AllocSpace objects, 0(0B) LOS objects, 7% free, 187MB/203MB, paused 1.132ms total 43.158ms
08-05 20:47:52.022 24743 24771 I art     : Starting a blocking GC Explicit
08-05 20:47:52.067 24743 24771 I art     : Explicit concurrent mark sweep GC freed 283(4KB) AllocSpace objects, 0(0B) LOS objects, 7% free, 187MB/203MB, paused 1.147ms total 44.662ms
08-05 20:47:52.085 24743 24771 I art     : Starting a blocking GC Explicit
08-05 20:47:52.130 24743 24771 I art     : Explicit concurrent mark sweep GC freed 281(4KB) AllocSpace objects, 0(0B) LOS objects, 7% free, 187MB/203MB, paused 1.258ms total 44.970ms
08-05 20:47:52.524 24743 25266 I art     : Starting a blocking GC Explicit
08-05 20:47:52.574 24743 25266 I art     : Explicit concurrent mark sweep GC freed 3472(124KB) AllocSpace objects, 2(36KB) LOS objects, 7% free, 187MB/203MB, paused 1.107ms total 50.071ms
08-05 20:47:52.591 24743 25266 I art     : Starting a blocking GC Explicit
08-05 20:47:52.634 24743 25266 I art     : Explicit concurrent mark sweep GC freed 310(5KB) AllocSpace objects, 0(0B) LOS objects, 7% free, 187MB/203MB, paused 1.110ms total 42.280ms
08-05 20:47:52.652 24743 25266 I art     : Starting a blocking GC Explicit
08-05 20:47:52.697 24743 25266 I art     : Explicit concurrent mark sweep GC freed 274(4KB) AllocSpace objects, 0(0B) LOS objects, 7% free, 187MB/203MB, paused 1.275ms total 44.676ms
08-05 20:47:52.714 24743 25266 I art     : Starting a blocking GC Explicit
08-05 20:47:52.756 24743 25266 I art     : Explicit concurrent mark sweep GC freed 240(4KB) AllocSpace objects, 0(0B) LOS objects, 7% free, 187MB/203MB, paused 1.094ms total 42.363ms
08-05 20:47:52.773 24743 25266 I art     : Starting a blocking GC Explicit
08-05 20:47:52.816 24743 25266 I art     : Explicit concurrent mark sweep GC freed 286(4KB) AllocSpace objects, 0(0B) LOS objects, 7% free, 187MB/203MB, paused 1.115ms total 42.397ms
08-05 20:47:53.201 24743 25266 I art     : Starting a blocking GC Explicit
08-05 20:47:53.246 24743 25266 I art     : Explicit concurrent mark sweep GC freed 3414(123KB) AllocSpace objects, 2(36KB) LOS objects, 7% free, 187MB/203MB, paused 1.092ms total 45.247ms
08-05 20:47:53.264 24743 25266 I art     : Starting a blocking GC Explicit
08-05 20:47:53.307 24743 25266 I art     : Explicit concurrent mark sweep GC freed 323(5KB) AllocSpace objects, 0(0B) LOS objects, 7% free, 187MB/203MB, paused 1.044ms total 42.700ms
08-05 20:47:53.324 24743 25266 I art     : Starting a blocking GC Explicit
08-05 20:47:53.366 24743 25266 I art     : Explicit concurrent mark sweep GC freed 285(4KB) AllocSpace objects, 0(0B) LOS objects, 7% free, 187MB/203MB, paused 1.181ms total 41.971ms
08-05 20:47:53.384 24743 25266 I art     : Starting a blocking GC Explicit
08-05 20:47:53.428 24743 25266 I art     : Explicit concurrent mark sweep GC freed 223(3KB) AllocSpace objects, 0(0B) LOS objects, 7% free, 187MB/203MB, paused 1.227ms total 43.443ms
08-05 20:47:53.445 24743 25266 I art     : Starting a blocking GC Explicit
08-05 20:47:53.488 24743 25266 I art     : Explicit concurrent mark sweep GC freed 274(4KB) AllocSpace objects, 0(0B) LOS objects, 7% free, 187MB/203MB, paused 1.189ms total 43.108ms
08-05 20:47:53.872 24743 24771 I art     : Starting a blocking GC Explicit
08-05 20:47:53.916 24743 24771 I art     : Explicit concurrent mark sweep GC freed 3512(125KB) AllocSpace objects, 2(36KB) LOS objects, 7% free, 187MB/203MB, paused 1.222ms total 44.088ms
08-05 20:47:53.934 24743 24771 I art     : Starting a blocking GC Explicit
08-05 20:47:53.979 24743 24771 I art     : Explicit concurrent mark sweep GC freed 408(15KB) AllocSpace objects, 0(0B) LOS objects, 7% free, 187MB/203MB, paused 1.276ms total 44.869ms
08-05 20:47:53.996 24743 24771 I art     : Starting a blocking GC Explicit
08-05 20:47:54.038 24743 24771 I art     : Explicit concurrent mark sweep GC freed 274(4KB) AllocSpace objects, 0(0B) LOS objects, 7% free, 187MB/203MB, paused 1.120ms total 42.149ms
08-05 20:47:54.055 24743 24771 I art     : Starting a blocking GC Explicit
08-05 20:47:54.097 24743 24771 I art     : Explicit concurrent mark sweep GC freed 280(4KB) AllocSpace objects, 0(0B) LOS objects, 7% free, 187MB/203MB, paused 1.311ms total 41.969ms
08-05 20:47:54.114 24743 24771 I art     : Starting a blocking GC Explicit
08-05 20:47:54.156 24743 24771 I art     : Explicit concurrent mark sweep GC freed 216(3KB) AllocSpace objects, 0(0B) LOS objects, 7% free, 187MB/203MB, paused 1.105ms total 41.945ms
08-05 20:47:54.194 26911 26911 D AndroidRuntime: >>>>>> START com.android.internal.os.RuntimeInit uid 2000 <<<<<<
08-05 20:47:54.199 26911 26911 D AndroidRuntime: CheckJNI is OFF
08-05 20:47:54.236 26911 26911 D ICU     : No timezone override file found: /data/misc/zoneinfo/current/icu/icu_tzdata.dat
08-05 20:47:54.275 26911 26911 I Radio-JNI: register_android_hardware_Radio DONE
08-05 20:47:54.305 26911 26911 D AndroidRuntime: Calling main entry com.android.commands.input.Input
08-05 20:47:54.306 26911 26911 I Input   : injectKeyEvent: KeyEvent { action=ACTION_DOWN, keyCode=KEYCODE_BACK, scanCode=0, metaState=0, flags=0x0, repeatCount=0, eventTime=823690719, downTime=823690719, deviceId=-1, source=0x101 }
08-05 20:47:54.319 26911 26911 I Input   : injectKeyEvent: KeyEvent { action=ACTION_UP, keyCode=KEYCODE_BACK, scanCode=0, metaState=0, flags=0x0, repeatCount=0, eventTime=823690719, downTime=823690719, deviceId=-1, source=0x101 }
08-05 20:47:54.326 26911 26911 D AndroidRuntime: Shutting down VM
08-05 20:47:54.343 24743 24743 V MainActivity: url = https://project-travel-mate.herokuapp.com/api/number-of-unread-notifications
08-05 20:47:54.377 13866 13866 I GoogleInputMethodServic: GoogleInputMethodService.onFinishInput():3138 
08-05 20:47:54.378 13866 13866 I GoogleInputMethodServic: GoogleInputMethodService.onStartInput():1808 
08-05 20:47:54.534 24743 24760 I art     : Starting a blocking GC Explicit
08-05 20:47:54.594 24743 24760 I art     : Explicit concurrent mark sweep GC freed 3242(135KB) AllocSpace objects, 2(36KB) LOS objects, 7% free, 187MB/203MB, paused 1.232ms total 60.450ms
08-05 20:47:54.618 24743 24760 I art     : Starting a blocking GC Explicit
08-05 20:47:54.654 13866 13882 I PeriodicStatsRunner: PeriodicStatsRunner.call():175 call()
08-05 20:47:54.654 13866 13882 I PeriodicStatsRunner: PeriodicStatsRunner.call():179 No submit PeriodicStats since input started.
08-05 20:47:54.674 24743 24760 I art     : Explicit concurrent mark sweep GC freed 139(4KB) AllocSpace objects, 0(0B) LOS objects, 7% free, 187MB/203MB, paused 1.277ms total 56.043ms
08-05 20:47:54.676   380   380 W SurfaceFlinger: couldn't log to binary event log: overflow.
08-05 20:47:54.694 24743 24760 I art     : Starting a blocking GC Explicit
08-05 20:47:54.743 24743 24760 I art     : Explicit concurrent mark sweep GC freed 36(1248B) AllocSpace objects, 1(4MB) LOS objects, 8% free, 183MB/199MB, paused 1.281ms total 48.261ms
08-05 20:47:54.761 24743 24760 I art     : Starting a blocking GC Explicit
08-05 20:47:54.812 24743 24760 I art     : Explicit concurrent mark sweep GC freed 3733(177KB) AllocSpace objects, 2(56KB) LOS objects, 8% free, 183MB/199MB, paused 1.199ms total 50.738ms
08-05 20:47:54.830 24743 24760 I art     : Starting a blocking GC Explicit
08-05 20:47:54.882 24743 24760 I art     : Explicit concurrent mark sweep GC freed 3(96B) AllocSpace objects, 0(0B) LOS objects, 8% free, 183MB/199MB, paused 1.298ms total 51.765ms
08-05 20:47:55.106 24743 26934 I NAPPA_EXPERIMENTATION: MetricNetworkRequestExecutionTime: REQUEST_DURATION_SYSTEM='761',REQUEST_DURATION_OKHTTP='39',REQUEST_SYNCHRONOUS='FALSE',RESPONSE_CODE='200',RESPONSE_METHOD='GET',RESPONSE_LENGTH_OKHTTP='36',RESPONSE_LENGTH_HEADER='36',REQUEST_PROTOCOL='http/1.1',REQUEST_URL='https://project-travel-mate.herokuapp.com/api/number-of-unread-notifications',
08-05 20:47:55.285 24743 24771 I art     : Starting a blocking GC Explicit
08-05 20:47:55.358 24743 24771 I art     : Explicit concurrent mark sweep GC freed 4451(243KB) AllocSpace objects, 5(236KB) LOS objects, 8% free, 183MB/199MB, paused 1.388ms total 63.310ms
08-05 20:47:55.359   518   646 I ThermalEngine: ACTION: GPU - Setting GPU[0] to 390000000
08-05 20:47:55.386 24743 24771 I art     : Starting a blocking GC Explicit
08-05 20:47:55.451 24743 24771 I art     : Explicit concurrent mark sweep GC freed 964(117KB) AllocSpace objects, 0(0B) LOS objects, 8% free, 183MB/199MB, paused 1.989ms total 64.254ms
08-05 20:47:55.476 24743 24771 I art     : Starting a blocking GC Explicit
08-05 20:47:55.546 24743 24771 I art     : Explicit concurrent mark sweep GC freed 3(96B) AllocSpace objects, 0(0B) LOS objects, 8% free, 183MB/199MB, paused 2.161ms total 69.046ms
08-05 20:47:55.574 24743 24771 I art     : Starting a blocking GC Explicit
08-05 20:47:55.634 24743 24771 I art     : Explicit concurrent mark sweep GC freed 3(96B) AllocSpace objects, 0(0B) LOS objects, 8% free, 183MB/199MB, paused 1.891ms total 59.967ms
08-05 20:47:55.659 24743 24771 I art     : Starting a blocking GC Explicit
08-05 20:47:55.721 24743 24771 I art     : Explicit concurrent mark sweep GC freed 14(720B) AllocSpace objects, 0(0B) LOS objects, 8% free, 183MB/199MB, paused 1.909ms total 60.996ms
08-05 20:47:56.176 24743 25266 I art     : Starting a blocking GC Explicit
08-05 20:47:56.222 26950 26950 D AndroidRuntime: >>>>>> START com.android.internal.os.RuntimeInit uid 2000 <<<<<<
08-05 20:47:56.228 26950 26950 D AndroidRuntime: CheckJNI is OFF
08-05 20:47:56.238 24743 25266 I art     : Explicit concurrent mark sweep GC freed 1661(95KB) AllocSpace objects, 2(36KB) LOS objects, 8% free, 183MB/199MB, paused 1.891ms total 61.374ms
08-05 20:47:56.262 24743 25266 I art     : Starting a blocking GC Explicit
08-05 20:47:56.280 26950 26950 D ICU     : No timezone override file found: /data/misc/zoneinfo/current/icu/icu_tzdata.dat
08-05 20:47:56.321 24743 25266 I art     : Explicit concurrent mark sweep GC freed 30(1104B) AllocSpace objects, 0(0B) LOS objects, 8% free, 183MB/199MB, paused 1.921ms total 58.695ms
08-05 20:47:56.326 26950 26950 I Radio-JNI: register_android_hardware_Radio DONE
08-05 20:47:56.345 24743 25266 I art     : Starting a blocking GC Explicit
08-05 20:47:56.354   518   646 I ThermalEngine: ACTION: GPU - Setting GPU[0] to 450000000
08-05 20:47:56.360 26950 26950 D AndroidRuntime: Calling main entry com.android.commands.input.Input
08-05 20:47:56.362 26950 26950 I Input   : injectMotionEvent: MotionEvent { action=ACTION_DOWN, actionButton=0, id[0]=0, x[0]=117.0, y[0]=170.0, toolType[0]=TOOL_TYPE_UNKNOWN, buttonState=0, metaState=0, flags=0x0, edgeFlags=0x0, pointerCount=1, historySize=0, eventTime=823692774, downTime=823692774, deviceId=0, source=0x1002 }
08-05 20:47:56.366 26950 26950 I Input   : injectMotionEvent: MotionEvent { action=ACTION_UP, actionButton=0, id[0]=0, x[0]=117.0, y[0]=170.0, toolType[0]=TOOL_TYPE_UNKNOWN, buttonState=0, metaState=0, flags=0x0, edgeFlags=0x0, pointerCount=1, historySize=0, eventTime=823692774, downTime=823692774, deviceId=0, source=0x1002 }
08-05 20:47:56.368 26950 26950 D AndroidRuntime: Shutting down VM
08-05 20:47:56.382   512  2967 D audio_hw_primary: out_set_parameters: enter: usecase(1: low-latency-playback) kvpairs: routing=2
08-05 20:47:56.395   512  2967 D audio_hw_primary: select_devices: out_snd_device(2: speaker) in_snd_device(0: none)
08-05 20:47:56.395   512  2967 D msm8974_platform: platform_send_audio_calibration: sending audio calibration for snd_device(2) acdb_id(15)
08-05 20:47:56.395   512  2967 I soundtrigger: audio_extn_sound_trigger_update_device_status: device 0x2 of type 0 for Event 1
08-05 20:47:56.396 24743 25266 I art     : Explicit concurrent mark sweep GC freed 26(832B) AllocSpace objects, 0(0B) LOS objects, 8% free, 183MB/199MB, paused 1.465ms total 50.239ms
08-05 20:47:56.407   512  2967 D audio_hw_primary: enable_snd_device: snd_device(2: speaker)
08-05 20:47:56.409   512  2967 D audio_hw_primary: enable_audio_route: apply and update mixer path: low-latency-playback speaker
08-05 20:47:56.416 24743 25266 I art     : Starting a blocking GC Explicit
08-05 20:47:56.465 24743 25266 I art     : Explicit concurrent mark sweep GC freed 301(16KB) AllocSpace objects, 0(0B) LOS objects, 8% free, 183MB/199MB, paused 1.504ms total 48.479ms
08-05 20:47:56.482 24743 25266 I art     : Starting a blocking GC Explicit
08-05 20:47:56.529 24743 25266 I art     : Explicit concurrent mark sweep GC freed 115(4KB) AllocSpace objects, 0(0B) LOS objects, 8% free, 183MB/199MB, paused 1.238ms total 46.291ms
08-05 20:47:56.912 24743 24760 I art     : Starting a blocking GC Explicit
08-05 20:47:56.948   512  2967 D audio_hw_primary: disable_audio_route: reset and update mixer path: low-latency-playback speaker
08-05 20:47:56.950   512  2967 D audio_hw_primary: disable_snd_device: snd_device(2: speaker)
08-05 20:47:56.958   512  2967 I soundtrigger: audio_extn_sound_trigger_update_device_status: device 0x2 of type 0 for Event 0
08-05 20:47:56.961 24743 24760 I art     : Explicit concurrent mark sweep GC freed 1622(94KB) AllocSpace objects, 2(36KB) LOS objects, 8% free, 183MB/199MB, paused 1.223ms total 48.898ms
08-05 20:47:56.980 24743 24760 I art     : Starting a blocking GC Explicit
08-05 20:47:57.026 24743 24760 I art     : Explicit concurrent mark sweep GC freed 40(1424B) AllocSpace objects, 0(0B) LOS objects, 8% free, 183MB/199MB, paused 1.216ms total 45.963ms
08-05 20:47:57.044 24743 24760 I art     : Starting a blocking GC Explicit
08-05 20:47:57.092 24743 24760 I art     : Explicit concurrent mark sweep GC freed 3(96B) AllocSpace objects, 0(0B) LOS objects, 8% free, 183MB/199MB, paused 1.250ms total 47.016ms
08-05 20:47:57.109 24743 24760 I art     : Starting a blocking GC Explicit
08-05 20:47:57.140 26973 26973 D AndroidRuntime: >>>>>> START com.android.internal.os.RuntimeInit uid 2000 <<<<<<
08-05 20:47:57.146 26973 26973 D AndroidRuntime: CheckJNI is OFF
08-05 20:47:57.157 24743 24760 I art     : Explicit concurrent mark sweep GC freed 5(160B) AllocSpace objects, 0(0B) LOS objects, 8% free, 183MB/199MB, paused 1.317ms total 47.744ms
08-05 20:47:57.175 24743 24760 I art     : Starting a blocking GC Explicit
08-05 20:47:57.191 26973 26973 D ICU     : No timezone override file found: /data/misc/zoneinfo/current/icu/icu_tzdata.dat
08-05 20:47:57.223 24743 24760 I art     : Explicit concurrent mark sweep GC freed 34(928B) AllocSpace objects, 0(0B) LOS objects, 8% free, 183MB/199MB, paused 1.267ms total 47.966ms
08-05 20:47:57.233 26973 26973 I Radio-JNI: register_android_hardware_Radio DONE
08-05 20:47:57.263 26973 26973 D AndroidRuntime: Calling main entry com.android.commands.input.Input
08-05 20:47:57.265 26973 26973 I Input   : injectMotionEvent: MotionEvent { action=ACTION_DOWN, actionButton=0, id[0]=0, x[0]=418.0, y[0]=842.0, toolType[0]=TOOL_TYPE_UNKNOWN, buttonState=0, metaState=0, flags=0x0, edgeFlags=0x0, pointerCount=1, historySize=0, eventTime=823693678, downTime=823693678, deviceId=0, source=0x1002 }
08-05 20:47:57.269 26973 26973 I Input   : injectMotionEvent: MotionEvent { action=ACTION_UP, actionButton=0, id[0]=0, x[0]=418.0, y[0]=842.0, toolType[0]=TOOL_TYPE_UNKNOWN, buttonState=0, metaState=0, flags=0x0, edgeFlags=0x0, pointerCount=1, historySize=0, eventTime=823693678, downTime=823693678, deviceId=0, source=0x1002 }
08-05 20:47:57.271 26973 26973 D AndroidRuntime: Shutting down VM
08-05 20:47:57.283   512  2967 D audio_hw_primary: out_set_parameters: enter: usecase(1: low-latency-playback) kvpairs: routing=2
08-05 20:47:57.286 24743 24833 D Gabe    : call	returning from cache
08-05 20:47:57.296   512  2967 D audio_hw_primary: select_devices: out_snd_device(2: speaker) in_snd_device(0: none)
08-05 20:47:57.296   512  2967 D msm8974_platform: platform_send_audio_calibration: sending audio calibration for snd_device(2) acdb_id(15)
08-05 20:47:57.296   512  2967 I soundtrigger: audio_extn_sound_trigger_update_device_status: device 0x2 of type 0 for Event 1
08-05 20:47:57.308   512  2967 D audio_hw_primary: enable_snd_device: snd_device(2: speaker)
08-05 20:47:57.309 24743 24743 V MainActivity: url = https://project-travel-mate.herokuapp.com/api/number-of-unread-notifications
08-05 20:47:57.310   512  2967 D audio_hw_primary: enable_audio_route: apply and update mixer path: low-latency-playback speaker
08-05 20:47:57.352   512  2967 D AudioFlinger: mixer(0xf4740000) throttle end: throttle time(12)
08-05 20:47:57.604 24743 25266 I art     : Starting a blocking GC Explicit
08-05 20:47:57.663 24743 25266 I art     : Explicit concurrent mark sweep GC freed 4187(261KB) AllocSpace objects, 2(36KB) LOS objects, 8% free, 183MB/199MB, paused 1.870ms total 57.517ms
08-05 20:47:57.681 24743 25266 I art     : Starting a blocking GC Explicit
08-05 20:47:57.699   918  3188 I hubconnection: sensorhub said: 'set_bias 3: -6.2400, 0.0000, 0.0000'
08-05 20:47:57.737 24743 25266 I art     : Explicit concurrent mark sweep GC freed 616(34KB) AllocSpace objects, 0(0B) LOS objects, 8% free, 183MB/199MB, paused 1.868ms total 55.029ms
08-05 20:47:57.755 24743 25266 I art     : Starting a blocking GC Explicit
08-05 20:47:57.813 24743 25266 I art     : Explicit concurrent mark sweep GC freed 1479(53KB) AllocSpace objects, 0(0B) LOS objects, 8% free, 183MB/199MB, paused 1.461ms total 57.233ms
08-05 20:47:57.831 24743 24743 I Choreographer: Skipped 31 frames!  The application may be doing too much work on its main thread.
08-05 20:47:57.831 24743 25266 I art     : Starting a blocking GC Explicit
08-05 20:47:57.838   512  2967 D audio_hw_primary: disable_audio_route: reset and update mixer path: low-latency-playback speaker
08-05 20:47:57.839   512  2967 D audio_hw_primary: disable_snd_device: snd_device(2: speaker)
08-05 20:47:57.847   512  2967 I soundtrigger: audio_extn_sound_trigger_update_device_status: device 0x2 of type 0 for Event 0
08-05 20:47:57.881 24743 25266 I art     : Explicit concurrent mark sweep GC freed 1388(72KB) AllocSpace objects, 9(252KB) LOS objects, 8% free, 183MB/199MB, paused 1.587ms total 49.210ms
08-05 20:47:57.899 24743 25266 I art     : Starting a blocking GC Explicit
08-05 20:47:57.955 24743 25266 I art     : Explicit concurrent mark sweep GC freed 2844(152KB) AllocSpace objects, 2(120KB) LOS objects, 7% free, 184MB/200MB, paused 1.805ms total 56.147ms
08-05 20:47:57.962 24743 26995 I NAPPA_EXPERIMENTATION: MetricNetworkRequestExecutionTime: REQUEST_DURATION_SYSTEM='651',REQUEST_DURATION_OKHTTP='40',REQUEST_SYNCHRONOUS='FALSE',RESPONSE_CODE='200',RESPONSE_METHOD='GET',RESPONSE_LENGTH_OKHTTP='36',RESPONSE_LENGTH_HEADER='36',REQUEST_PROTOCOL='http/1.1',REQUEST_URL='https://project-travel-mate.herokuapp.com/api/number-of-unread-notifications',
08-05 20:47:58.360 24743 24760 I art     : Starting a blocking GC Explicit
08-05 20:47:58.418 24743 24760 I art     : Explicit concurrent mark sweep GC freed 4609(285KB) AllocSpace objects, 3(132KB) LOS objects, 8% free, 183MB/199MB, paused 1.453ms total 58.051ms
08-05 20:47:58.438 24743 24760 I art     : Starting a blocking GC Explicit
08-05 20:47:58.494 24743 24760 I art     : Explicit concurrent mark sweep GC freed 186(5KB) AllocSpace objects, 0(0B) LOS objects, 8% free, 183MB/199MB, paused 1.287ms total 55.955ms
08-05 20:47:58.513 24743 24760 I art     : Starting a blocking GC Explicit
08-05 20:47:58.572 24743 24760 I art     : Explicit concurrent mark sweep GC freed 122(2064B) AllocSpace objects, 0(0B) LOS objects, 8% free, 183MB/199MB, paused 1.316ms total 58.724ms
08-05 20:47:58.594 24743 24760 I art     : Starting a blocking GC Explicit
08-05 20:47:58.649 24743 24760 I art     : Explicit concurrent mark sweep GC freed 100(1728B) AllocSpace objects, 0(0B) LOS objects, 8% free, 183MB/199MB, paused 1.455ms total 54.437ms
08-05 20:47:58.668 24743 24760 I art     : Starting a blocking GC Explicit
08-05 20:47:58.722 24743 24760 I art     : Explicit concurrent mark sweep GC freed 135(2752B) AllocSpace objects, 0(0B) LOS objects, 8% free, 183MB/199MB, paused 1.279ms total 54.362ms
08-05 20:47:59.138 24743 24771 I art     : Starting a blocking GC Explicit
08-05 20:47:59.199 24743 24771 I art     : Explicit concurrent mark sweep GC freed 2366(107KB) AllocSpace objects, 2(52KB) LOS objects, 8% free, 183MB/199MB, paused 1.249ms total 60.964ms
08-05 20:47:59.218 24743 24771 I art     : Starting a blocking GC Explicit
08-05 20:47:59.278 24743 24771 I art     : Explicit concurrent mark sweep GC freed 151(3KB) AllocSpace objects, 0(0B) LOS objects, 8% free, 183MB/199MB, paused 1.326ms total 59.709ms
08-05 20:47:59.297 24743 24771 I art     : Starting a blocking GC Explicit
08-05 20:47:59.358 24743 24771 I art     : Explicit concurrent mark sweep GC freed 123(2096B) AllocSpace objects, 0(0B) LOS objects, 8% free, 183MB/199MB, paused 1.528ms total 60.537ms
08-05 20:47:59.378 24743 24771 I art     : Starting a blocking GC Explicit
08-05 20:47:59.378 13866 13882 I PeriodicStatsRunner: PeriodicStatsRunner.call():175 call()
08-05 20:47:59.378 13866 13882 I PeriodicStatsRunner: PeriodicStatsRunner.call():179 No submit PeriodicStats since input started.
08-05 20:47:59.437 24743 24771 I art     : Explicit concurrent mark sweep GC freed 122(2064B) AllocSpace objects, 0(0B) LOS objects, 8% free, 183MB/199MB, paused 1.475ms total 59.318ms
08-05 20:47:59.457 24743 24771 I art     : Starting a blocking GC Explicit
08-05 20:47:59.517 24743 24771 I art     : Explicit concurrent mark sweep GC freed 104(1792B) AllocSpace objects, 0(0B) LOS objects, 8% free, 183MB/199MB, paused 1.533ms total 60.258ms
08-05 20:47:59.920 24743 24760 I art     : Starting a blocking GC Explicit
08-05 20:47:59.981 24743 24760 I art     : Explicit concurrent mark sweep GC freed 2304(106KB) AllocSpace objects, 2(52KB) LOS objects, 8% free, 183MB/199MB, paused 1.354ms total 60.424ms
08-05 20:48:00.000 24743 24760 I art     : Starting a blocking GC Explicit
08-05 20:48:00.054 24743 24760 I art     : Explicit concurrent mark sweep GC freed 163(3KB) AllocSpace objects, 0(0B) LOS objects, 8% free, 183MB/199MB, paused 1.236ms total 53.408ms
08-05 20:48:00.055 27028 27028 D AndroidRuntime: >>>>>> START com.android.internal.os.RuntimeInit uid 2000 <<<<<<
08-05 20:48:00.060 27028 27028 D AndroidRuntime: CheckJNI is OFF
08-05 20:48:00.072 24743 24760 I art     : Starting a blocking GC Explicit
08-05 20:48:00.100 27028 27028 D ICU     : No timezone override file found: /data/misc/zoneinfo/current/icu/icu_tzdata.dat
08-05 20:48:00.120 24743 24760 I art     : Explicit concurrent mark sweep GC freed 100(1728B) AllocSpace objects, 0(0B) LOS objects, 8% free, 183MB/199MB, paused 1.231ms total 47.514ms
08-05 20:48:00.138 24743 24760 I art     : Starting a blocking GC Explicit
08-05 20:48:00.140 27028 27028 I Radio-JNI: register_android_hardware_Radio DONE
08-05 20:48:00.167 27028 27028 D AndroidRuntime: Calling main entry com.android.commands.input.Input
08-05 20:48:00.169 27028 27028 I Input   : injectMotionEvent: MotionEvent { action=ACTION_DOWN, actionButton=0, id[0]=0, x[0]=117.0, y[0]=170.0, toolType[0]=TOOL_TYPE_UNKNOWN, buttonState=0, metaState=0, flags=0x0, edgeFlags=0x0, pointerCount=1, historySize=0, eventTime=823696582, downTime=823696582, deviceId=0, source=0x1002 }
08-05 20:48:00.173 27028 27028 I Input   : injectMotionEvent: MotionEvent { action=ACTION_UP, actionButton=0, id[0]=0, x[0]=117.0, y[0]=170.0, toolType[0]=TOOL_TYPE_UNKNOWN, buttonState=0, metaState=0, flags=0x0, edgeFlags=0x0, pointerCount=1, historySize=0, eventTime=823696582, downTime=823696582, deviceId=0, source=0x1002 }
08-05 20:48:00.175 27028 27028 D AndroidRuntime: Shutting down VM
08-05 20:48:00.186   512  2967 D audio_hw_primary: out_set_parameters: enter: usecase(1: low-latency-playback) kvpairs: routing=2
08-05 20:48:00.187 24743 24760 I art     : Explicit concurrent mark sweep GC freed 152(3KB) AllocSpace objects, 0(0B) LOS objects, 8% free, 183MB/199MB, paused 1.316ms total 48.410ms
08-05 20:48:00.199   512  2967 D audio_hw_primary: select_devices: out_snd_device(2: speaker) in_snd_device(0: none)
08-05 20:48:00.199   512  2967 D msm8974_platform: platform_send_audio_calibration: sending audio calibration for snd_device(2) acdb_id(15)
08-05 20:48:00.199   512  2967 I soundtrigger: audio_extn_sound_trigger_update_device_status: device 0x2 of type 0 for Event 1
08-05 20:48:00.206 24743 24760 I art     : Starting a blocking GC Explicit
08-05 20:48:00.214   512  2967 D audio_hw_primary: enable_snd_device: snd_device(2: speaker)
08-05 20:48:00.217   512  2967 D audio_hw_primary: enable_audio_route: apply and update mixer path: low-latency-playback speaker
08-05 20:48:00.253 24743 24760 I art     : Explicit concurrent mark sweep GC freed 150(3KB) AllocSpace objects, 0(0B) LOS objects, 7% free, 184MB/200MB, paused 1.297ms total 47.602ms
08-05 20:48:00.628 24743 24760 I art     : Starting a blocking GC Explicit
08-05 20:48:00.684 24743 24760 I art     : Explicit concurrent mark sweep GC freed 2633(125KB) AllocSpace objects, 2(52KB) LOS objects, 7% free, 184MB/200MB, paused 1.241ms total 55.633ms
08-05 20:48:00.702 24743 24760 I art     : Starting a blocking GC Explicit
08-05 20:48:00.749   512  2967 D audio_hw_primary: disable_audio_route: reset and update mixer path: low-latency-playback speaker
08-05 20:48:00.751   512  2967 D audio_hw_primary: disable_snd_device: snd_device(2: speaker)
08-05 20:48:00.754 24743 24760 I art     : Explicit concurrent mark sweep GC freed 181(4KB) AllocSpace objects, 0(0B) LOS objects, 7% free, 184MB/200MB, paused 1.214ms total 52.144ms
08-05 20:48:00.759   512  2967 I soundtrigger: audio_extn_sound_trigger_update_device_status: device 0x2 of type 0 for Event 0
08-05 20:48:00.773 24743 24760 I art     : Starting a blocking GC Explicit
08-05 20:48:00.825 24743 24760 I art     : Explicit concurrent mark sweep GC freed 100(1728B) AllocSpace objects, 0(0B) LOS objects, 7% free, 184MB/200MB, paused 1.207ms total 51.515ms
08-05 20:48:00.843 24743 24760 I art     : Starting a blocking GC Explicit
08-05 20:48:00.896 24743 24760 I art     : Explicit concurrent mark sweep GC freed 99(1696B) AllocSpace objects, 0(0B) LOS objects, 7% free, 184MB/200MB, paused 1.247ms total 52.099ms
08-05 20:48:00.915 24743 24760 I art     : Starting a blocking GC Explicit
08-05 20:48:00.949 27053 27053 D AndroidRuntime: >>>>>> START com.android.internal.os.RuntimeInit uid 2000 <<<<<<
08-05 20:48:00.954 27053 27053 D AndroidRuntime: CheckJNI is OFF
08-05 20:48:00.968 24743 24760 I art     : Explicit concurrent mark sweep GC freed 102(1792B) AllocSpace objects, 0(0B) LOS objects, 7% free, 184MB/200MB, paused 1.434ms total 53.357ms
08-05 20:48:01.000 27053 27053 D ICU     : No timezone override file found: /data/misc/zoneinfo/current/icu/icu_tzdata.dat
08-05 20:48:01.042 27053 27053 I Radio-JNI: register_android_hardware_Radio DONE
08-05 20:48:01.071 27053 27053 D AndroidRuntime: Calling main entry com.android.commands.input.Input
08-05 20:48:01.074 27053 27053 I Input   : injectMotionEvent: MotionEvent { action=ACTION_DOWN, actionButton=0, id[0]=0, x[0]=355.0, y[0]=1674.0, toolType[0]=TOOL_TYPE_UNKNOWN, buttonState=0, metaState=0, flags=0x0, edgeFlags=0x0, pointerCount=1, historySize=0, eventTime=823697486, downTime=823697486, deviceId=0, source=0x1002 }
08-05 20:48:01.078 27053 27053 I Input   : injectMotionEvent: MotionEvent { action=ACTION_UP, actionButton=0, id[0]=0, x[0]=355.0, y[0]=1674.0, toolType[0]=TOOL_TYPE_UNKNOWN, buttonState=0, metaState=0, flags=0x0, edgeFlags=0x0, pointerCount=1, historySize=0, eventTime=823697486, downTime=823697486, deviceId=0, source=0x1002 }
08-05 20:48:01.080 27053 27053 D AndroidRuntime: Shutting down VM
08-05 20:48:01.089   512  2967 D audio_hw_primary: out_set_parameters: enter: usecase(1: low-latency-playback) kvpairs: routing=2
08-05 20:48:01.100 24743 24743 V MainActivity: url = https://project-travel-mate.herokuapp.com/api/number-of-unread-notifications
08-05 20:48:01.102   512  2967 D audio_hw_primary: select_devices: out_snd_device(2: speaker) in_snd_device(0: none)
08-05 20:48:01.102   512  2967 D msm8974_platform: platform_send_audio_calibration: sending audio calibration for snd_device(2) acdb_id(15)
08-05 20:48:01.103   512  2967 I soundtrigger: audio_extn_sound_trigger_update_device_status: device 0x2 of type 0 for Event 1
08-05 20:48:01.113   512  2967 D audio_hw_primary: enable_snd_device: snd_device(2: speaker)
08-05 20:48:01.115   512  2967 D audio_hw_primary: enable_audio_route: apply and update mixer path: low-latency-playback speaker
08-05 20:48:01.156   512  2967 D AudioFlinger: mixer(0xf4740000) throttle end: throttle time(12)
08-05 20:48:01.350 24743 24760 I art     : Starting a blocking GC Explicit
08-05 20:48:01.409 24743 24760 I art     : Explicit concurrent mark sweep GC freed 4117(184KB) AllocSpace objects, 11(304KB) LOS objects, 7% free, 184MB/200MB, paused 1.346ms total 58.290ms
08-05 20:48:01.428 24743 24760 I art     : Starting a blocking GC Explicit
08-05 20:48:01.480 24743 24760 I art     : Explicit concurrent mark sweep GC freed 2318(194KB) AllocSpace objects, 0(0B) LOS objects, 7% free, 184MB/200MB, paused 1.217ms total 51.416ms
08-05 20:48:01.499 24743 24760 I art     : Starting a blocking GC Explicit
08-05 20:48:01.551 24743 24760 I art     : Explicit concurrent mark sweep GC freed 27(864B) AllocSpace objects, 0(0B) LOS objects, 7% free, 184MB/200MB, paused 1.273ms total 51.991ms
08-05 20:48:01.569 24743 24760 I art     : Starting a blocking GC Explicit
08-05 20:48:01.620 24743 24760 I art     : Explicit concurrent mark sweep GC freed 3(96B) AllocSpace objects, 0(0B) LOS objects, 7% free, 184MB/200MB, paused 1.227ms total 50.033ms
08-05 20:48:01.638 24743 24760 I art     : Starting a blocking GC Explicit
08-05 20:48:01.638   512  2967 D audio_hw_primary: disable_audio_route: reset and update mixer path: low-latency-playback speaker
08-05 20:48:01.639   512  2967 D audio_hw_primary: disable_snd_device: snd_device(2: speaker)
08-05 20:48:01.647   512  2967 I soundtrigger: audio_extn_sound_trigger_update_device_status: device 0x2 of type 0 for Event 0
08-05 20:48:01.694 24743 24760 I art     : Explicit concurrent mark sweep GC freed 14(720B) AllocSpace objects, 0(0B) LOS objects, 7% free, 184MB/200MB, paused 1.291ms total 56.344ms
08-05 20:48:01.786 23554 23554 I ServiceManager: Waiting for service AtCmdFwd...
08-05 20:48:01.954 24743 27072 I NAPPA_EXPERIMENTATION: MetricNetworkRequestExecutionTime: REQUEST_DURATION_SYSTEM='852',REQUEST_DURATION_OKHTTP='36',REQUEST_SYNCHRONOUS='FALSE',RESPONSE_CODE='200',RESPONSE_METHOD='GET',RESPONSE_LENGTH_OKHTTP='36',RESPONSE_LENGTH_HEADER='36',REQUEST_PROTOCOL='http/1.1',REQUEST_URL='https://project-travel-mate.herokuapp.com/api/number-of-unread-notifications',
08-05 20:48:02.101 24743 25266 I art     : Starting a blocking GC Explicit
08-05 20:48:02.175 24743 25266 I art     : Explicit concurrent mark sweep GC freed 4434(242KB) AllocSpace objects, 5(248KB) LOS objects, 7% free, 184MB/200MB, paused 1.444ms total 73.645ms
08-05 20:48:02.199 24743 25266 I art     : Starting a blocking GC Explicit
08-05 20:48:02.256 24743 25266 I art     : Explicit concurrent mark sweep GC freed 1005(118KB) AllocSpace objects, 0(0B) LOS objects, 7% free, 184MB/200MB, paused 1.246ms total 56.709ms
08-05 20:48:02.275 24743 25266 I art     : Starting a blocking GC Explicit
08-05 20:48:02.332 24743 25266 I art     : Explicit concurrent mark sweep GC freed 3(96B) AllocSpace objects, 0(0B) LOS objects, 7% free, 184MB/200MB, paused 1.258ms total 56.780ms
08-05 20:48:02.351 24743 25266 I art     : Starting a blocking GC Explicit
08-05 20:48:02.409 24743 25266 I art     : Explicit concurrent mark sweep GC freed 3(96B) AllocSpace objects, 0(0B) LOS objects, 7% free, 184MB/200MB, paused 1.300ms total 57.616ms
08-05 20:48:02.428 24743 25266 I art     : Starting a blocking GC Explicit
08-05 20:48:02.490 24743 25266 I art     : Explicit concurrent mark sweep GC freed 3(96B) AllocSpace objects, 0(0B) LOS objects, 7% free, 184MB/200MB, paused 1.405ms total 61.678ms
08-05 20:48:02.787 23554 23554 I ServiceManager: Waiting for service AtCmdFwd...
08-05 20:48:02.914 24743 24760 I art     : Starting a blocking GC Explicit
08-05 20:48:02.968 24743 24760 I art     : Explicit concurrent mark sweep GC freed 1652(95KB) AllocSpace objects, 2(48KB) LOS objects, 7% free, 184MB/200MB, paused 1.348ms total 54.564ms
08-05 20:48:02.988 24743 24760 I art     : Starting a blocking GC Explicit
08-05 20:48:03.045 24743 24760 I art     : Explicit concurrent mark sweep GC freed 31(1136B) AllocSpace objects, 0(0B) LOS objects, 7% free, 184MB/200MB, paused 1.278ms total 56.559ms
08-05 20:48:03.064 24743 24760 I art     : Starting a blocking GC Explicit
08-05 20:48:03.126 24743 24760 I art     : Explicit concurrent mark sweep GC freed 3(96B) AllocSpace objects, 0(0B) LOS objects, 7% free, 184MB/200MB, paused 1.256ms total 62.130ms
08-05 20:48:03.146 24743 24760 I art     : Starting a blocking GC Explicit
08-05 20:48:03.215 24743 24760 I art     : Explicit concurrent mark sweep GC freed 34(928B) AllocSpace objects, 0(0B) LOS objects, 7% free, 184MB/200MB, paused 1.440ms total 69.423ms
08-05 20:48:03.237 24743 24760 I art     : Starting a blocking GC Explicit
08-05 20:48:03.299 24743 24760 I art     : Explicit concurrent mark sweep GC freed 3(96B) AllocSpace objects, 0(0B) LOS objects, 7% free, 184MB/200MB, paused 1.353ms total 62.477ms
08-05 20:48:03.710 24743 24771 I art     : Starting a blocking GC Explicit
08-05 20:48:03.773 24743 24771 I art     : Explicit concurrent mark sweep GC freed 1635(95KB) AllocSpace objects, 2(48KB) LOS objects, 7% free, 184MB/200MB, paused 1.364ms total 63.273ms
08-05 20:48:03.787 23554 23554 I ServiceManager: Waiting for service AtCmdFwd...
08-05 20:48:03.793 24743 24771 I art     : Starting a blocking GC Explicit
08-05 20:48:03.853 24743 24771 I art     : Explicit concurrent mark sweep GC freed 40(1648B) AllocSpace objects, 0(0B) LOS objects, 7% free, 184MB/200MB, paused 1.279ms total 59.537ms
08-05 20:48:03.872 24743 24771 I art     : Starting a blocking GC Explicit
08-05 20:48:03.893 27105 27105 D AndroidRuntime: >>>>>> START com.android.internal.os.RuntimeInit uid 2000 <<<<<<
08-05 20:48:03.899 27105 27105 D AndroidRuntime: CheckJNI is OFF
08-05 20:48:03.929 24743 24771 I art     : Explicit concurrent mark sweep GC freed 3(96B) AllocSpace objects, 0(0B) LOS objects, 7% free, 184MB/200MB, paused 1.357ms total 57.061ms
08-05 20:48:03.948 27105 27105 D ICU     : No timezone override file found: /data/misc/zoneinfo/current/icu/icu_tzdata.dat
08-05 20:48:03.948 24743 24771 I art     : Starting a blocking GC Explicit
08-05 20:48:03.995 27105 27105 I Radio-JNI: register_android_hardware_Radio DONE
08-05 20:48:04.005 24743 24771 I art     : Explicit concurrent mark sweep GC freed 3(96B) AllocSpace objects, 0(0B) LOS objects, 7% free, 184MB/200MB, paused 1.322ms total 56.958ms
08-05 20:48:04.024 24743 24771 I art     : Starting a blocking GC Explicit
08-05 20:48:04.024 27105 27105 D AndroidRuntime: Calling main entry com.android.commands.input.Input
08-05 20:48:04.027 27105 27105 I Input   : injectMotionEvent: MotionEvent { action=ACTION_DOWN, actionButton=0, id[0]=0, x[0]=747.0, y[0]=608.0, toolType[0]=TOOL_TYPE_UNKNOWN, buttonState=0, metaState=0, flags=0x0, edgeFlags=0x0, pointerCount=1, historySize=0, eventTime=823700439, downTime=823700439, deviceId=0, source=0x1002 }
08-05 20:48:04.032 27105 27105 I Input   : injectMotionEvent: MotionEvent { action=ACTION_UP, actionButton=0, id[0]=0, x[0]=747.0, y[0]=608.0, toolType[0]=TOOL_TYPE_UNKNOWN, buttonState=0, metaState=0, flags=0x0, edgeFlags=0x0, pointerCount=1, historySize=0, eventTime=823700439, downTime=823700439, deviceId=0, source=0x1002 }
08-05 20:48:04.035   918  6110 I ActivityManager: START u0 {cmp=baseline.io.github.project_travel_mate/.utilities.ChecklistActivity} from uid 10674 on display 0
08-05 20:48:04.037 27105 27105 D AndroidRuntime: Shutting down VM
08-05 20:48:04.037   512  2967 D audio_hw_primary: out_set_parameters: enter: usecase(1: low-latency-playback) kvpairs: routing=2
08-05 20:48:04.050   512  2967 D audio_hw_primary: select_devices: out_snd_device(2: speaker) in_snd_device(0: none)
08-05 20:48:04.050   512  2967 D msm8974_platform: platform_send_audio_calibration: sending audio calibration for snd_device(2) acdb_id(15)
08-05 20:48:04.050   512  2967 I soundtrigger: audio_extn_sound_trigger_update_device_status: device 0x2 of type 0 for Event 1
08-05 20:48:04.064   512  2967 D audio_hw_primary: enable_snd_device: snd_device(2: speaker)
08-05 20:48:04.066   512  2967 D audio_hw_primary: enable_audio_route: apply and update mixer path: low-latency-playback speaker
08-05 20:48:04.078 24743 24771 I art     : Explicit concurrent mark sweep GC freed 522(31KB) AllocSpace objects, 0(0B) LOS objects, 7% free, 184MB/200MB, paused 1.666ms total 53.151ms
08-05 20:48:04.147   918   936 I ActivityManager: Displayed baseline.io.github.project_travel_mate/.utilities.ChecklistActivity: +104ms
08-05 20:48:04.147 13866 13866 I GoogleInputMethodServic: GoogleInputMethodService.onFinishInput():3138 
08-05 20:48:04.148 13866 13866 I GoogleInputMethodServic: GoogleInputMethodService.onStartInput():1808 
08-05 20:48:04.405   380   380 W SurfaceFlinger: couldn't log to binary event log: overflow.
08-05 20:48:04.479 24743 24771 I art     : Starting a blocking GC Explicit
08-05 20:48:04.537 24743 24771 I art     : Explicit concurrent mark sweep GC freed 2274(128KB) AllocSpace objects, 2(48KB) LOS objects, 7% free, 184MB/200MB, paused 1.337ms total 58.152ms
08-05 20:48:04.557 24743 24771 I art     : Starting a blocking GC Explicit
08-05 20:48:04.598   512  2967 D audio_hw_primary: disable_audio_route: reset and update mixer path: low-latency-playback speaker
08-05 20:48:04.599   512  2967 D audio_hw_primary: disable_snd_device: snd_device(2: speaker)
08-05 20:48:04.607   512  2967 I soundtrigger: audio_extn_sound_trigger_update_device_status: device 0x2 of type 0 for Event 0
08-05 20:48:04.613 24743 24771 I art     : Explicit concurrent mark sweep GC freed 145(5KB) AllocSpace objects, 0(0B) LOS objects, 7% free, 184MB/200MB, paused 1.433ms total 55.967ms
08-05 20:48:04.633 24743 24771 I art     : Starting a blocking GC Explicit
08-05 20:48:04.689 24743 24771 I art     : Explicit concurrent mark sweep GC freed 17(752B) AllocSpace objects, 0(0B) LOS objects, 7% free, 184MB/200MB, paused 1.381ms total 56.537ms
08-05 20:48:04.709 24743 24771 I art     : Starting a blocking GC Explicit
08-05 20:48:04.770 24743 24771 I art     : Explicit concurrent mark sweep GC freed 15(672B) AllocSpace objects, 0(0B) LOS objects, 7% free, 184MB/200MB, paused 1.354ms total 60.793ms
08-05 20:48:04.788 23554 23554 I ServiceManager: Waiting for service AtCmdFwd...
08-05 20:48:04.793 24743 24771 I art     : Starting a blocking GC Explicit
08-05 20:48:04.852 24743 24771 I art     : Explicit concurrent mark sweep GC freed 17(864B) AllocSpace objects, 0(0B) LOS objects, 7% free, 184MB/200MB, paused 1.289ms total 58.311ms
08-05 20:48:05.263 24743 25266 I art     : Starting a blocking GC Explicit
08-05 20:48:05.334 24743 25266 I art     : Explicit concurrent mark sweep GC freed 1660(95KB) AllocSpace objects, 2(48KB) LOS objects, 7% free, 184MB/200MB, paused 1.383ms total 70.938ms
08-05 20:48:05.357 24743 25266 I art     : Starting a blocking GC Explicit
08-05 20:48:05.418 24743 25266 I art     : Explicit concurrent mark sweep GC freed 30(1104B) AllocSpace objects, 0(0B) LOS objects, 7% free, 184MB/200MB, paused 1.811ms total 61.087ms
08-05 20:48:05.440 24743 25266 I art     : Starting a blocking GC Explicit
08-05 20:48:05.499 24743 25266 I art     : Explicit concurrent mark sweep GC freed 3(96B) AllocSpace objects, 0(0B) LOS objects, 7% free, 184MB/200MB, paused 1.296ms total 58.068ms
08-05 20:48:05.518 24743 25266 I art     : Starting a blocking GC Explicit
08-05 20:48:05.580 24743 25266 I art     : Explicit concurrent mark sweep GC freed 3(96B) AllocSpace objects, 0(0B) LOS objects, 7% free, 184MB/200MB, paused 1.355ms total 61.786ms
08-05 20:48:05.602 24743 25266 I art     : Starting a blocking GC Explicit
08-05 20:48:05.662 24743 25266 I art     : Explicit concurrent mark sweep GC freed 3(96B) AllocSpace objects, 0(0B) LOS objects, 7% free, 184MB/200MB, paused 1.287ms total 59.298ms
08-05 20:48:05.789 23554 23554 I ServiceManager: Waiting for service AtCmdFwd...
08-05 20:48:06.093 24743 24762 I art     : Starting a blocking GC Explicit
08-05 20:48:06.177 24743 24762 I art     : Explicit concurrent mark sweep GC freed 1636(95KB) AllocSpace objects, 2(48KB) LOS objects, 7% free, 184MB/200MB, paused 1.313ms total 82.893ms
08-05 20:48:06.200 24743 24762 I art     : Starting a blocking GC Explicit
08-05 20:48:06.269 24743 24762 I art     : Explicit concurrent mark sweep GC freed 81(2528B) AllocSpace objects, 0(0B) LOS objects, 7% free, 184MB/200MB, paused 1.415ms total 67.738ms
08-05 20:48:06.291 24743 24762 I art     : Starting a blocking GC Explicit
08-05 20:48:06.351 24743 24762 I art     : Explicit concurrent mark sweep GC freed 3(96B) AllocSpace objects, 0(0B) LOS objects, 7% free, 184MB/200MB, paused 1.384ms total 59.270ms
08-05 20:48:06.370 24743 24762 I art     : Starting a blocking GC Explicit
08-05 20:48:06.440 24743 24762 I art     : Explicit concurrent mark sweep GC freed 15(752B) AllocSpace objects, 0(0B) LOS objects, 7% free, 184MB/200MB, paused 1.497ms total 69.112ms
08-05 20:48:06.462 24743 24762 I art     : Starting a blocking GC Explicit
08-05 20:48:06.526 24743 24762 I art     : Explicit concurrent mark sweep GC freed 13(640B) AllocSpace objects, 0(0B) LOS objects, 7% free, 184MB/200MB, paused 1.375ms total 64.113ms
08-05 20:48:06.789 23554 23554 W Atfwd_Sendcmd: AtCmdFwd service not published, waiting... retryCnt : 1
08-05 20:48:06.968 24743 24760 I art     : Starting a blocking GC Explicit
08-05 20:48:07.045 24743 24760 I art     : Explicit concurrent mark sweep GC freed 1623(94KB) AllocSpace objects, 2(48KB) LOS objects, 7% free, 184MB/200MB, paused 1.327ms total 76.675ms
08-05 20:48:07.067 24743 24760 I art     : Starting a blocking GC Explicit
08-05 20:48:07.131 24743 24760 I art     : Explicit concurrent mark sweep GC freed 30(1104B) AllocSpace objects, 0(0B) LOS objects, 7% free, 184MB/200MB, paused 1.395ms total 63.605ms
08-05 20:48:07.150 24743 24760 I art     : Starting a blocking GC Explicit
08-05 20:48:07.216 24743 24760 I art     : Explicit concurrent mark sweep GC freed 40(1088B) AllocSpace objects, 0(0B) LOS objects, 7% free, 184MB/200MB, paused 1.444ms total 65.541ms
08-05 20:48:07.217 24743 24759 I art     : WaitForGcToComplete blocked for 40.613ms for cause HeapTrim
08-05 20:48:07.239 24743 24760 I art     : Starting a blocking GC Explicit
08-05 20:48:07.309 24743 24760 I art     : Explicit concurrent mark sweep GC freed 3(96B) AllocSpace objects, 0(0B) LOS objects, 7% free, 184MB/200MB, paused 1.414ms total 69.650ms
08-05 20:48:07.332 24743 24760 I art     : Starting a blocking GC Explicit
08-05 20:48:07.397 24743 24760 I art     : Explicit concurrent mark sweep GC freed 3(96B) AllocSpace objects, 0(0B) LOS objects, 7% free, 184MB/200MB, paused 1.309ms total 64.314ms
08-05 20:48:07.848 24743 24771 I art     : Starting a blocking GC Explicit
08-05 20:48:07.926 24743 24771 I art     : Explicit concurrent mark sweep GC freed 1633(95KB) AllocSpace objects, 2(48KB) LOS objects, 7% free, 184MB/200MB, paused 1.321ms total 77.122ms
08-05 20:48:07.949 24743 24771 I art     : Starting a blocking GC Explicit
08-05 20:48:08.012 24743 24771 I art     : Explicit concurrent mark sweep GC freed 40(1648B) AllocSpace objects, 0(0B) LOS objects, 7% free, 184MB/200MB, paused 1.355ms total 62.633ms
08-05 20:48:08.032 24743 24771 I art     : Starting a blocking GC Explicit
08-05 20:48:08.098 24743 24771 I art     : Explicit concurrent mark sweep GC freed 3(96B) AllocSpace objects, 0(0B) LOS objects, 7% free, 184MB/200MB, paused 1.564ms total 66.178ms
08-05 20:48:08.120 24743 24771 I art     : Starting a blocking GC Explicit
08-05 20:48:08.190 24743 24771 I art     : Explicit concurrent mark sweep GC freed 39(1056B) AllocSpace objects, 0(0B) LOS objects, 7% free, 184MB/200MB, paused 1.500ms total 69.697ms
08-05 20:48:08.213 24743 24771 I art     : Starting a blocking GC Explicit
08-05 20:48:08.272 24743 24771 I art     : Explicit concurrent mark sweep GC freed 4(128B) AllocSpace objects, 0(0B) LOS objects, 7% free, 184MB/200MB, paused 1.183ms total 58.105ms
08-05 20:48:08.695 24743 25266 I art     : Starting a blocking GC Explicit
08-05 20:48:08.770 24743 25266 I art     : Explicit concurrent mark sweep GC freed 1623(94KB) AllocSpace objects, 2(48KB) LOS objects, 7% free, 184MB/200MB, paused 1.426ms total 73.752ms
08-05 20:48:08.789 24743 25266 I art     : Starting a blocking GC Explicit
08-05 20:48:08.826 27182 27182 D AndroidRuntime: >>>>>> START com.android.internal.os.RuntimeInit uid 2000 <<<<<<
08-05 20:48:08.831 27182 27182 D AndroidRuntime: CheckJNI is OFF
08-05 20:48:08.847 24743 25266 I art     : Explicit concurrent mark sweep GC freed 30(1104B) AllocSpace objects, 0(0B) LOS objects, 7% free, 184MB/200MB, paused 1.286ms total 58.005ms
08-05 20:48:08.866 24743 25266 I art     : Starting a blocking GC Explicit
08-05 20:48:08.879 27182 27182 D ICU     : No timezone override file found: /data/misc/zoneinfo/current/icu/icu_tzdata.dat
08-05 20:48:08.925 24743 25266 I art     : Explicit concurrent mark sweep GC freed 3(96B) AllocSpace objects, 0(0B) LOS objects, 7% free, 184MB/200MB, paused 1.400ms total 58.822ms
08-05 20:48:08.926 27182 27182 I Radio-JNI: register_android_hardware_Radio DONE
08-05 20:48:08.944 24743 25266 I art     : Starting a blocking GC Explicit
08-05 20:48:08.957 27182 27182 D AndroidRuntime: Calling main entry com.android.commands.input.Input
08-05 20:48:08.959 27182 27182 I Input   : injectKeyEvent: KeyEvent { action=ACTION_DOWN, keyCode=KEYCODE_BACK, scanCode=0, metaState=0, flags=0x0, repeatCount=0, eventTime=823705372, downTime=823705372, deviceId=-1, source=0x101 }
08-05 20:48:08.965 27182 27182 I Input   : injectKeyEvent: KeyEvent { action=ACTION_UP, keyCode=KEYCODE_BACK, scanCode=0, metaState=0, flags=0x0, repeatCount=0, eventTime=823705372, downTime=823705372, deviceId=-1, source=0x101 }
08-05 20:48:08.972 27182 27182 D AndroidRuntime: Shutting down VM
08-05 20:48:08.992 24743 24743 V MainActivity: url = https://project-travel-mate.herokuapp.com/api/number-of-unread-notifications
08-05 20:48:09.000 24743 25266 I art     : Explicit concurrent mark sweep GC freed 333(13KB) AllocSpace objects, 0(0B) LOS objects, 7% free, 184MB/200MB, paused 1.702ms total 55.467ms
08-05 20:48:09.019 24743 25266 I art     : Starting a blocking GC Explicit
08-05 20:48:09.023 13866 13866 I GoogleInputMethodServic: GoogleInputMethodService.onFinishInput():3138 
08-05 20:48:09.024 13866 13866 I GoogleInputMethodServic: GoogleInputMethodService.onStartInput():1808 
08-05 20:48:09.074 24743 25266 I art     : Explicit concurrent mark sweep GC freed 170(8KB) AllocSpace objects, 0(0B) LOS objects, 7% free, 184MB/200MB, paused 1.342ms total 55.357ms
08-05 20:48:09.148 13866 13882 I PeriodicStatsRunner: PeriodicStatsRunner.call():175 call()
08-05 20:48:09.148 13866 13882 I PeriodicStatsRunner: PeriodicStatsRunner.call():179 No submit PeriodicStats since input started.
08-05 20:48:09.310   380   380 W SurfaceFlinger: couldn't log to binary event log: overflow.
08-05 20:48:09.372   518   646 I ThermalEngine: ACTION: GPU - Setting GPU[0] to 510000000
08-05 20:48:09.451 24743 24762 I art     : Starting a blocking GC Explicit
08-05 20:48:09.512 24743 24762 I art     : Explicit concurrent mark sweep GC freed 2152(118KB) AllocSpace objects, 2(48KB) LOS objects, 7% free, 184MB/200MB, paused 1.429ms total 60.005ms
08-05 20:48:09.532 24743 24762 I art     : Starting a blocking GC Explicit
08-05 20:48:09.580 24743 24762 I art     : Explicit concurrent mark sweep GC freed 172(8KB) AllocSpace objects, 0(0B) LOS objects, 7% free, 184MB/200MB, paused 1.103ms total 47.265ms
08-05 20:48:09.595 24743 24762 I art     : Starting a blocking GC Explicit
08-05 20:48:09.644 24743 24762 I art     : Explicit concurrent mark sweep GC freed 3(96B) AllocSpace objects, 0(0B) LOS objects, 7% free, 184MB/200MB, paused 1.075ms total 48.624ms
08-05 20:48:09.659 24743 24762 I art     : Starting a blocking GC Explicit
08-05 20:48:09.708 24743 24762 I art     : Explicit concurrent mark sweep GC freed 3(96B) AllocSpace objects, 0(0B) LOS objects, 7% free, 184MB/200MB, paused 1.157ms total 48.892ms
08-05 20:48:09.723 24743 24762 I art     : Starting a blocking GC Explicit
08-05 20:48:09.771 24743 24762 I art     : Explicit concurrent mark sweep GC freed 546(50KB) AllocSpace objects, 0(0B) LOS objects, 7% free, 184MB/200MB, paused 1.186ms total 47.361ms
08-05 20:48:09.831 24743 27205 I NAPPA_EXPERIMENTATION: MetricNetworkRequestExecutionTime: REQUEST_DURATION_SYSTEM='838',REQUEST_DURATION_OKHTTP='35',REQUEST_SYNCHRONOUS='FALSE',RESPONSE_CODE='200',RESPONSE_METHOD='GET',RESPONSE_LENGTH_OKHTTP='36',RESPONSE_LENGTH_HEADER='36',REQUEST_PROTOCOL='http/1.1',REQUEST_URL='https://project-travel-mate.herokuapp.com/api/number-of-unread-notifications',
08-05 20:48:10.144 24743 24760 I art     : Starting a blocking GC Explicit
08-05 20:48:10.207 24743 24760 I art     : Explicit concurrent mark sweep GC freed 3952(193KB) AllocSpace objects, 5(248KB) LOS objects, 7% free, 184MB/200MB, paused 1.106ms total 62.368ms
08-05 20:48:10.227 24743 24760 I art     : Starting a blocking GC Explicit
08-05 20:48:10.272 24743 24760 I art     : Explicit concurrent mark sweep GC freed 929(116KB) AllocSpace objects, 0(0B) LOS objects, 7% free, 184MB/200MB, paused 1.024ms total 44.803ms
08-05 20:48:10.287 24743 24760 I art     : Starting a blocking GC Explicit
08-05 20:48:10.331 24743 24760 I art     : Explicit concurrent mark sweep GC freed 3(96B) AllocSpace objects, 0(0B) LOS objects, 7% free, 184MB/200MB, paused 1.023ms total 44.314ms
08-05 20:48:10.346 24743 24760 I art     : Starting a blocking GC Explicit
08-05 20:48:10.391 24743 24760 I art     : Explicit concurrent mark sweep GC freed 3(96B) AllocSpace objects, 0(0B) LOS objects, 7% free, 184MB/200MB, paused 1.021ms total 45.205ms
08-05 20:48:10.406 24743 24760 I art     : Starting a blocking GC Explicit
08-05 20:48:10.451 24743 24760 I art     : Explicit concurrent mark sweep GC freed 3(96B) AllocSpace objects, 0(0B) LOS objects, 7% free, 184MB/200MB, paused 1.012ms total 44.821ms
08-05 20:48:10.636 27228 27228 D AndroidRuntime: >>>>>> START com.android.internal.os.RuntimeInit uid 2000 <<<<<<
08-05 20:48:10.644 27228 27228 D AndroidRuntime: CheckJNI is OFF
08-05 20:48:10.679 27228 27228 D ICU     : No timezone override file found: /data/misc/zoneinfo/current/icu/icu_tzdata.dat
08-05 20:48:10.714 27228 27228 I Radio-JNI: register_android_hardware_Radio DONE
08-05 20:48:10.735 27228 27228 D AndroidRuntime: Calling main entry com.android.commands.input.Input
08-05 20:48:10.736 27228 27228 I Input   : injectMotionEvent: MotionEvent { action=ACTION_DOWN, actionButton=0, id[0]=0, x[0]=657.0, y[0]=2037.0, toolType[0]=TOOL_TYPE_UNKNOWN, buttonState=0, metaState=0, flags=0x0, edgeFlags=0x0, pointerCount=1, historySize=0, eventTime=823707149, downTime=823707149, deviceId=0, source=0x1002 }
08-05 20:48:10.740 27228 27228 I Input   : injectMotionEvent: MotionEvent { action=ACTION_UP, actionButton=0, id[0]=0, x[0]=657.0, y[0]=2037.0, toolType[0]=TOOL_TYPE_UNKNOWN, buttonState=0, metaState=0, flags=0x0, edgeFlags=0x0, pointerCount=1, historySize=0, eventTime=823707149, downTime=823707149, deviceId=0, source=0x1002 }
08-05 20:48:10.742 27228 27228 D AndroidRuntime: Shutting down VM
08-05 20:48:10.746   918  4413 I ActivityManager: START u0 {cmp=baseline.io.github.project_travel_mate/.utilities.CompassActivity} from uid 10674 on display 0
08-05 20:48:10.749   512  2967 D audio_hw_primary: out_set_parameters: enter: usecase(1: low-latency-playback) kvpairs: routing=2
08-05 20:48:10.761   512  2967 D audio_hw_primary: select_devices: out_snd_device(2: speaker) in_snd_device(0: none)
08-05 20:48:10.762   512  2967 D msm8974_platform: platform_send_audio_calibration: sending audio calibration for snd_device(2) acdb_id(15)
08-05 20:48:10.762   512  2967 I soundtrigger: audio_extn_sound_trigger_update_device_status: device 0x2 of type 0 for Event 1
08-05 20:48:10.771   512  2967 D audio_hw_primary: enable_snd_device: snd_device(2: speaker)
08-05 20:48:10.774   512  2967 D audio_hw_primary: enable_audio_route: apply and update mixer path: low-latency-playback speaker
08-05 20:48:10.811 24743 24760 I art     : Starting a blocking GC Explicit
08-05 20:48:10.855 24743 24760 I art     : Explicit concurrent mark sweep GC freed 1976(128KB) AllocSpace objects, 2(48KB) LOS objects, 6% free, 233MB/249MB, paused 1.175ms total 43.095ms
08-05 20:48:10.869 24743 24760 I art     : Starting a blocking GC Explicit
08-05 20:48:10.915 24743 24760 I art     : Explicit concurrent mark sweep GC freed 198(9KB) AllocSpace objects, 0(0B) LOS objects, 6% free, 233MB/249MB, paused 1.108ms total 45.225ms
08-05 20:48:10.929 24743 24760 I art     : Starting a blocking GC Explicit
08-05 20:48:10.974 24743 24760 I art     : Explicit concurrent mark sweep GC freed 3(96B) AllocSpace objects, 0(0B) LOS objects, 6% free, 233MB/249MB, paused 1.132ms total 44.504ms
08-05 20:48:10.988 24743 24760 I art     : Starting a blocking GC Explicit
08-05 20:48:11.031 24743 24760 I art     : Explicit concurrent mark sweep GC freed 3(96B) AllocSpace objects, 0(0B) LOS objects, 6% free, 233MB/249MB, paused 1.164ms total 42.477ms
08-05 20:48:11.046 24743 24760 I art     : Starting a blocking GC Explicit
08-05 20:48:11.089 24743 24760 I art     : Explicit concurrent mark sweep GC freed 3(96B) AllocSpace objects, 0(0B) LOS objects, 6% free, 233MB/249MB, paused 1.088ms total 43.337ms
08-05 20:48:11.092   918  3261 D WifiStateMachine: starting scan for "H369AA63323"WPA_PSK with 2412,5180
08-05 20:48:11.176 24743 24743 D CompassActivity: start compass
08-05 20:48:11.177   918  6029 I sensors : batch
08-05 20:48:11.177   918  6029 I sensors : activate
08-05 20:48:11.178   918  4413 I sensors : batch
08-05 20:48:11.178   918  4413 I sensors : activate
08-05 20:48:11.185   918  3188 I hubconnection: sensorhub said: 'batch 1 flags:0, sampling_rate_Hz:50.00, max_report_latency_us:0'
08-05 20:48:11.186   918  3188 I hubconnection: sensorhub said: 'activate 1 enable:1'
08-05 20:48:11.187   918  3188 I hubconnection: sensorhub said: 'batch 3 flags:0, sampling_rate_Hz:50.00, max_report_latency_us:0'
08-05 20:48:11.188   918  3188 I hubconnection: sensorhub said: 'activate 3 enable:1'
08-05 20:48:11.308   512  2967 D audio_hw_primary: disable_audio_route: reset and update mixer path: low-latency-playback speaker
08-05 20:48:11.310   512  2967 D audio_hw_primary: disable_snd_device: snd_device(2: speaker)
08-05 20:48:11.317   512  2967 I soundtrigger: audio_extn_sound_trigger_update_device_status: device 0x2 of type 0 for Event 0
08-05 20:48:11.348   918   936 I ActivityManager: Displayed baseline.io.github.project_travel_mate/.utilities.CompassActivity: +586ms
08-05 20:48:11.349 13866 13866 I GoogleInputMethodServic: GoogleInputMethodService.onFinishInput():3138 
08-05 20:48:11.350 13866 13866 I GoogleInputMethodServic: GoogleInputMethodService.onStartInput():1808 
08-05 20:48:11.419 24743 24743 D CompassActivity: will set rotation from 0.0 to 177.84412
08-05 20:48:11.420 24743 24743 D CompassActivity: will set rotation from 177.84412 to 177.93298
08-05 20:48:11.420 24743 24743 D CompassActivity: will set rotation from 177.93298 to 177.94623
08-05 20:48:11.420 24743 24743 D CompassActivity: will set rotation from 177.94623 to 177.61719
08-05 20:48:11.420 24743 24743 D CompassActivity: will set rotation from 177.61719 to 177.62036
08-05 20:48:11.420 24743 24743 D CompassActivity: will set rotation from 177.62036 to 177.61426
08-05 20:48:11.420 24743 24743 D CompassActivity: will set rotation from 177.61426 to 177.61511
08-05 20:48:11.427 24743 24743 D CompassActivity: will set rotation from 177.61511 to 177.45215
08-05 20:48:11.427 24743 24743 D CompassActivity: will set rotation from 177.45215 to 177.45618
08-05 20:48:11.447 24743 24743 D CompassActivity: will set rotation from 177.45618 to 177.65015
08-05 20:48:11.448 24743 24743 D CompassActivity: will set rotation from 177.65015 to 177.64966
08-05 20:48:11.449 24743 24762 I art     : Starting a blocking GC Explicit
08-05 20:48:11.467 24743 24743 D CompassActivity: will set rotation from 177.64966 to 177.73608
08-05 20:48:11.467 24743 24743 D CompassActivity: will set rotation from 177.73608 to 177.74109
08-05 20:48:11.487 24743 24743 D CompassActivity: will set rotation from 177.74109 to 177.7901
08-05 20:48:11.492 24743 24743 D CompassActivity: will set rotation from 177.7901 to 177.78821
08-05 20:48:11.493 24743 24762 I art     : Explicit concurrent mark sweep GC freed 1981(112KB) AllocSpace objects, 2(48KB) LOS objects, 6% free, 236MB/252MB, paused 4.348ms total 43.759ms
08-05 20:48:11.508 24743 24743 D CompassActivity: will set rotation from 177.78821 to 177.82959
08-05 20:48:11.508 24743 24743 D CompassActivity: will set rotation from 177.82959 to 177.83112
08-05 20:48:11.510 24743 24762 I art     : Starting a blocking GC Explicit
08-05 20:48:11.527 24743 24743 D CompassActivity: will set rotation from 177.83112 to 177.92316
08-05 20:48:11.527 24743 24743 D CompassActivity: will set rotation from 177.92316 to 177.92273
08-05 20:48:11.547 24743 24743 D CompassActivity: will set rotation from 177.92273 to 178.10663
08-05 20:48:11.548 24743 24743 D CompassActivity: will set rotation from 178.10663 to 178.10864
08-05 20:48:11.561 24743 24762 I art     : Explicit concurrent mark sweep GC freed 252(11KB) AllocSpace objects, 0(0B) LOS objects, 6% free, 236MB/252MB, paused 1.074ms total 50.267ms
08-05 20:48:11.567 24743 24743 D CompassActivity: will set rotation from 178.10864 to 178.1195
08-05 20:48:11.568 24743 24743 D CompassActivity: will set rotation from 178.1195 to 178.11884
08-05 20:48:11.577 24743 24762 I art     : Starting a blocking GC Explicit
08-05 20:48:11.587 24743 24743 D CompassActivity: will set rotation from 178.11884 to 178.17432
08-05 20:48:11.587 24743 24743 D CompassActivity: will set rotation from 178.17432 to 178.17273
08-05 20:48:11.597   380   380 W SurfaceFlinger: couldn't log to binary event log: overflow.
08-05 20:48:11.607 24743 24743 D CompassActivity: will set rotation from 178.17273 to 178.2157
08-05 20:48:11.607 24743 24743 D CompassActivity: will set rotation from 178.2157 to 178.21265
08-05 20:48:11.624 24743 24762 I art     : Explicit concurrent mark sweep GC freed 149(7KB) AllocSpace objects, 0(0B) LOS objects, 6% free, 236MB/252MB, paused 903us total 46.356ms
08-05 20:48:11.628 24743 24743 D CompassActivity: will set rotation from 178.21265 to 178.2124
08-05 20:48:11.628 24743 24743 D CompassActivity: will set rotation from 178.2124 to 178.21368
08-05 20:48:11.638 24743 24762 I art     : Starting a blocking GC Explicit
08-05 20:48:11.646 24743 24743 D CompassActivity: will set rotation from 178.21368 to 178.28351
08-05 20:48:11.646 24743 24743 D CompassActivity: will set rotation from 178.28351 to 178.28595
08-05 20:48:11.666 24743 24743 D CompassActivity: will set rotation from 178.28595 to 178.31897
08-05 20:48:11.666 24743 24743 D CompassActivity: will set rotation from 178.31897 to 178.32007
08-05 20:48:11.678 24743 24762 I art     : Explicit concurrent mark sweep GC freed 123(6KB) AllocSpace objects, 0(0B) LOS objects, 6% free, 236MB/252MB, paused 1.140ms total 39.627ms
08-05 20:48:11.686 24743 24743 D CompassActivity: will set rotation from 178.32007 to 178.38007
08-05 20:48:11.686 24743 24743 D CompassActivity: will set rotation from 178.38007 to 178.38165
08-05 20:48:11.693 24743 24762 I art     : Starting a blocking GC Explicit
08-05 20:48:11.706 24743 24743 D CompassActivity: will set rotation from 178.38165 to 178.40991
08-05 20:48:11.706 24743 24743 D CompassActivity: will set rotation from 178.40991 to 178.41266
08-05 20:48:11.739 24743 24762 I art     : Explicit concurrent mark sweep GC freed 109(5KB) AllocSpace objects, 0(0B) LOS objects, 6% free, 236MB/252MB, paused 1.096ms total 45.753ms
08-05 20:48:11.782 24743 24743 D CompassActivity: will set rotation from 178.41266 to 178.43329
08-05 20:48:11.782 24743 24743 D CompassActivity: will set rotation from 178.43329 to 178.43445
08-05 20:48:11.782 24743 24743 D CompassActivity: will set rotation from 178.43445 to 178.4541
08-05 20:48:11.782 24743 24743 D CompassActivity: will set rotation from 178.4541 to 178.45581
08-05 20:48:11.782 24743 24743 D CompassActivity: will set rotation from 178.45581 to 178.46979
08-05 20:48:11.782 24743 24743 D CompassActivity: will set rotation from 178.46979 to 178.46759
08-05 20:48:11.790 23554 23554 I ServiceManager: Waiting for service AtCmdFwd...
08-05 20:48:11.790 24743 24743 D CompassActivity: will set rotation from 178.46759 to 178.47833
08-05 20:48:11.790 24743 24743 D CompassActivity: will set rotation from 178.47833 to 178.47314
08-05 20:48:11.806 24743 24743 D CompassActivity: will set rotation from 178.47314 to 178.46027
08-05 20:48:11.806 24743 24743 D CompassActivity: will set rotation from 178.46027 to 178.45966
08-05 20:48:11.825 24743 24743 D CompassActivity: will set rotation from 178.45966 to 178.49945
08-05 20:48:11.826 24743 24743 D CompassActivity: will set rotation from 178.49945 to 178.49902
08-05 20:48:11.845 24743 24743 D CompassActivity: will set rotation from 178.49902 to 178.53497
08-05 20:48:11.846 24743 24743 D CompassActivity: will set rotation from 178.53497 to 178.53522
08-05 20:48:11.865 24743 24743 D CompassActivity: will set rotation from 178.53522 to 178.5481
08-05 20:48:11.866 24743 24743 D CompassActivity: will set rotation from 178.5481 to 178.54938
08-05 20:48:11.886 24743 24743 D CompassActivity: will set rotation from 178.54938 to 178.58325
08-05 20:48:11.887 24743 24743 D CompassActivity: will set rotation from 178.58325 to 178.58276
08-05 20:48:11.906 24743 24743 D CompassActivity: will set rotation from 178.58276 to 178.59027
08-05 20:48:11.907 24743 24743 D CompassActivity: will set rotation from 178.59027 to 178.58716
08-05 20:48:11.926 24743 24743 D CompassActivity: will set rotation from 178.58716 to 178.64209
08-05 20:48:11.927 24743 24743 D CompassActivity: will set rotation from 178.64209 to 178.63977
08-05 20:48:11.946 24743 24743 D CompassActivity: will set rotation from 178.63977 to 178.59692
08-05 20:48:11.947 24743 24743 D CompassActivity: will set rotation from 178.59692 to 178.5979
08-05 20:48:11.968 24743 24743 D CompassActivity: will set rotation from 178.5979 to 178.6236
08-05 20:48:11.969 24743 24743 D CompassActivity: will set rotation from 178.6236 to 178.62445
08-05 20:48:11.986 24743 24743 D CompassActivity: will set rotation from 178.62445 to 178.6112
08-05 20:48:11.986 24743 24743 D CompassActivity: will set rotation from 178.6112 to 178.60901
08-05 20:48:12.005 24743 24743 D CompassActivity: will set rotation from 178.60901 to 178.65784
08-05 20:48:12.005 24743 24743 D CompassActivity: will set rotation from 178.65784 to 178.65674
08-05 20:48:12.025 24743 24743 D CompassActivity: will set rotation from 178.65674 to 178.63959
08-05 20:48:12.025 24743 24743 D CompassActivity: will set rotation from 178.63959 to 178.63586
08-05 20:48:12.045 24743 24743 D CompassActivity: will set rotation from 178.63586 to 178.61707
08-05 20:48:12.045 24743 24743 D CompassActivity: will set rotation from 178.61707 to 178.61621
08-05 20:48:12.066 24743 24743 D CompassActivity: will set rotation from 178.61621 to 178.61548
08-05 20:48:12.067 24743 24743 D CompassActivity: will set rotation from 178.61548 to 178.61609
08-05 20:48:12.086 24743 24743 D CompassActivity: will set rotation from 178.61609 to 178.61694
08-05 20:48:12.086 24743 24743 D CompassActivity: will set rotation from 178.61694 to 178.61841
08-05 20:48:12.105 24743 24743 D CompassActivity: will set rotation from 178.61841 to 178.62286
08-05 20:48:12.105 24743 24743 D CompassActivity: will set rotation from 178.62286 to 178.62372
08-05 20:48:12.125 24743 24743 D CompassActivity: will set rotation from 178.62372 to 178.62494
08-05 20:48:12.125 24743 24743 D CompassActivity: will set rotation from 178.62494 to 178.62231
08-05 20:48:12.133 24743 24762 I art     : Starting a blocking GC Explicit
08-05 20:48:12.145 24743 24743 D CompassActivity: will set rotation from 178.62231 to 178.62708
08-05 20:48:12.145 24743 24743 D CompassActivity: will set rotation from 178.62708 to 178.62683
08-05 20:48:12.167 24743 24743 D CompassActivity: will set rotation from 178.62683 to 178.60962
08-05 20:48:12.167 24743 24743 D CompassActivity: will set rotation from 178.60962 to 178.6106
08-05 20:48:12.187 24743 24743 D CompassActivity: will set rotation from 178.6106 to 178.6336
08-05 20:48:12.187 24743 24743 D CompassActivity: will set rotation from 178.6336 to 178.63293
08-05 20:48:12.191 24743 24762 I art     : Explicit concurrent mark sweep GC freed 2129(125KB) AllocSpace objects, 2(48KB) LOS objects, 6% free, 236MB/252MB, paused 1.074ms total 58.454ms
08-05 20:48:12.205 24743 24743 D CompassActivity: will set rotation from 178.63293 to 178.61426
08-05 20:48:12.205 24743 24743 D CompassActivity: will set rotation from 178.61426 to 178.61511
08-05 20:48:12.210 24743 24762 I art     : Starting a blocking GC Explicit
08-05 20:48:12.224 24743 24743 D CompassActivity: will set rotation from 178.61511 to 178.61829
08-05 20:48:12.225 24743 24743 D CompassActivity: will set rotation from 178.61829 to 178.62048
08-05 20:48:12.244 24743 24743 D CompassActivity: will set rotation from 178.62048 to 178.60236
08-05 20:48:12.244 24743 24743 D CompassActivity: will set rotation from 178.60236 to 178.60242
08-05 20:48:12.265 24743 24762 I art     : Explicit concurrent mark sweep GC freed 747(29KB) AllocSpace objects, 0(0B) LOS objects, 6% free, 236MB/252MB, paused 1.126ms total 54.412ms
08-05 20:48:12.267 24743 24743 D CompassActivity: will set rotation from 178.60242 to 178.60382
08-05 20:48:12.268 24743 24743 D CompassActivity: will set rotation from 178.60382 to 178.60242
08-05 20:48:12.281 24743 24762 I art     : Starting a blocking GC Explicit
08-05 20:48:12.287 24743 24743 D CompassActivity: will set rotation from 178.60242 to 178.62646
08-05 20:48:12.287 24743 24743 D CompassActivity: will set rotation from 178.62646 to 178.62671
08-05 20:48:12.304 24743 24743 D CompassActivity: will set rotation from 178.62671 to 178.64966
08-05 20:48:12.305 24743 24743 D CompassActivity: will set rotation from 178.64966 to 178.65155
08-05 20:48:12.324 24743 24743 D CompassActivity: will set rotation from 178.65155 to 178.63336
08-05 20:48:12.325 24743 24743 D CompassActivity: will set rotation from 178.63336 to 178.63245
08-05 20:48:12.339 24743 24762 I art     : Explicit concurrent mark sweep GC freed 146(7KB) AllocSpace objects, 0(0B) LOS objects, 6% free, 236MB/252MB, paused 963us total 57.473ms
08-05 20:48:12.339 24743 24759 I art     : WaitForGcToComplete blocked for 29.361ms for cause HeapTrim
08-05 20:48:12.344 24743 24743 D CompassActivity: will set rotation from 178.63245 to 178.63489
08-05 20:48:12.344 24743 24743 D CompassActivity: will set rotation from 178.63489 to 178.63483
08-05 20:48:12.358 24743 24762 I art     : Starting a blocking GC Explicit
08-05 20:48:12.367 24743 24743 D CompassActivity: will set rotation from 178.63483 to 178.65607
08-05 20:48:12.368 24743 24743 D CompassActivity: will set rotation from 178.65607 to 178.6543
08-05 20:48:12.381   518   646 I ThermalEngine: ACTION: GPU - Setting GPU[0] to 450000000
08-05 20:48:12.386 24743 24743 D CompassActivity: will set rotation from 178.6543 to 178.63855
08-05 20:48:12.386 24743 24743 D CompassActivity: will set rotation from 178.63855 to 178.6366
08-05 20:48:12.404 24743 24743 D CompassActivity: will set rotation from 178.6366 to 178.6018
08-05 20:48:12.404 24743 24743 D CompassActivity: will set rotation from 178.6018 to 178.60022
08-05 20:48:12.421 24743 24762 I art     : Explicit concurrent mark sweep GC freed 202(9KB) AllocSpace objects, 0(0B) LOS objects, 6% free, 236MB/252MB, paused 1.320ms total 62.385ms
08-05 20:48:12.423 24743 24743 D CompassActivity: will set rotation from 178.60022 to 178.6427
08-05 20:48:12.424 24743 24743 D CompassActivity: will set rotation from 178.6427 to 178.64459
08-05 20:48:12.443 24743 24762 I art     : Starting a blocking GC Explicit
08-05 20:48:12.447 24743 24743 D CompassActivity: will set rotation from 178.64459 to 178.66736
08-05 20:48:12.448 24743 24743 D CompassActivity: will set rotation from 178.66736 to 178.67072
08-05 20:48:12.464 24743 24743 D CompassActivity: will set rotation from 178.67072 to 178.68976
08-05 20:48:12.465 24743 24743 D CompassActivity: will set rotation from 178.68976 to 178.6903
08-05 20:48:12.487 24743 24743 D CompassActivity: will set rotation from 178.6903 to 178.70905
08-05 20:48:12.487 24743 24743 D CompassActivity: will set rotation from 178.70905 to 178.71106
08-05 20:48:12.504 24743 24743 D CompassActivity: will set rotation from 178.71106 to 178.69287
08-05 20:48:12.504 24743 24743 D CompassActivity: will set rotation from 178.69287 to 178.69305
08-05 20:48:12.509 24743 24762 I art     : Explicit concurrent mark sweep GC freed 184(9KB) AllocSpace objects, 0(0B) LOS objects, 6% free, 236MB/252MB, paused 1.553ms total 66.264ms
08-05 20:48:12.524 24743 24743 D CompassActivity: will set rotation from 178.69305 to 178.69427
08-05 20:48:12.524 24743 24743 D CompassActivity: will set rotation from 178.69427 to 178.69458
08-05 20:48:12.544 24743 24743 D CompassActivity: will set rotation from 178.69458 to 178.69666
08-05 20:48:12.545 24743 24743 D CompassActivity: will set rotation from 178.69666 to 178.6961
08-05 20:48:12.563 24743 24743 D CompassActivity: will set rotation from 178.6961 to 178.7157
08-05 20:48:12.564 24743 24743 D CompassActivity: will set rotation from 178.7157 to 178.71643
08-05 20:48:12.587 24743 24743 D CompassActivity: will set rotation from 178.71643 to 178.75171
08-05 20:48:12.587 24743 24743 D CompassActivity: will set rotation from 178.75171 to 178.75146
08-05 20:48:12.605 24743 24743 D CompassActivity: will set rotation from 178.75146 to 178.7688
08-05 20:48:12.605 24743 24743 D CompassActivity: will set rotation from 178.7688 to 178.7674
08-05 20:48:12.623 24743 24743 D CompassActivity: will set rotation from 178.7674 to 178.75201
08-05 20:48:12.624 24743 24743 D CompassActivity: will set rotation from 178.75201 to 178.7508
08-05 20:48:12.643 24743 24743 D CompassActivity: will set rotation from 178.7508 to 178.75061
08-05 20:48:12.643 24743 24743 D CompassActivity: will set rotation from 178.75061 to 178.74939
08-05 20:48:12.663 24743 24743 D CompassActivity: will set rotation from 178.74939 to 178.76807
08-05 20:48:12.663 24743 24743 D CompassActivity: will set rotation from 178.76807 to 178.76758
08-05 20:48:12.685 24743 24743 D CompassActivity: will set rotation from 178.76758 to 178.78351
08-05 20:48:12.686 24743 24743 D CompassActivity: will set rotation from 178.78351 to 178.78339
08-05 20:48:12.704 24743 24743 D CompassActivity: will set rotation from 178.78339 to 178.78247
08-05 20:48:12.705 24743 24743 D CompassActivity: will set rotation from 178.78247 to 178.7832
08-05 20:48:12.724 24743 24743 D CompassActivity: will set rotation from 178.7832 to 178.79968
08-05 20:48:12.726 24743 24743 D CompassActivity: will set rotation from 178.79968 to 178.79889
08-05 20:48:12.742 24743 24743 D CompassActivity: will set rotation from 178.79889 to 178.79846
08-05 20:48:12.743 24743 24743 D CompassActivity: will set rotation from 178.79846 to 178.79773
08-05 20:48:12.762 24743 24743 D CompassActivity: will set rotation from 178.79773 to 178.81067
08-05 20:48:12.762 24743 24743 D CompassActivity: will set rotation from 178.81067 to 178.8111
08-05 20:48:12.786 24743 24743 D CompassActivity: will set rotation from 178.8111 to 178.82263
08-05 20:48:12.787 24743 24743 D CompassActivity: will set rotation from 178.82263 to 178.8233
08-05 20:48:12.790 23554 23554 I ServiceManager: Waiting for service AtCmdFwd...
08-05 20:48:12.802 24743 24743 D CompassActivity: will set rotation from 178.8233 to 178.85248
08-05 20:48:12.803 24743 24743 D CompassActivity: will set rotation from 178.85248 to 178.84998
08-05 20:48:12.822 24743 24743 D CompassActivity: will set rotation from 178.84998 to 178.83124
08-05 20:48:12.822 24743 24743 D CompassActivity: will set rotation from 178.83124 to 178.83044
08-05 20:48:12.842 24743 24743 D CompassActivity: will set rotation from 178.83044 to 178.82678
08-05 20:48:12.842 24743 24743 D CompassActivity: will set rotation from 178.82678 to 178.82727
08-05 20:48:12.861 24743 24743 D CompassActivity: will set rotation from 178.82727 to 178.8241
08-05 20:48:12.862 24743 24743 D CompassActivity: will set rotation from 178.8241 to 178.82306
08-05 20:48:12.885 24743 24743 D CompassActivity: will set rotation from 178.82306 to 178.83484
08-05 20:48:12.885 24743 24743 D CompassActivity: will set rotation from 178.83484 to 178.8335
08-05 20:48:12.902 24743 24743 D CompassActivity: will set rotation from 178.8335 to 178.81287
08-05 20:48:12.903 24743 24743 D CompassActivity: will set rotation from 178.81287 to 178.81372
08-05 20:48:12.921 24743 24743 D CompassActivity: will set rotation from 178.81372 to 178.82495
08-05 20:48:12.922 24743 24743 D CompassActivity: will set rotation from 178.82495 to 178.8252
08-05 20:48:12.941 24743 24743 D CompassActivity: will set rotation from 178.8252 to 178.78992
08-05 20:48:12.942 24743 24743 D CompassActivity: will set rotation from 178.78992 to 178.78943
08-05 20:48:12.962 24743 24743 D CompassActivity: will set rotation from 178.78943 to 178.78772
08-05 20:48:12.962 24743 24743 D CompassActivity: will set rotation from 178.78772 to 178.78827
08-05 20:48:12.982 24743 24771 I art     : Starting a blocking GC Explicit
08-05 20:48:12.988 24743 24743 D CompassActivity: will set rotation from 178.78827 to 178.80103
08-05 20:48:12.988 24743 24743 D CompassActivity: will set rotation from 178.80103 to 178.80115
08-05 20:48:13.004 24743 24743 D CompassActivity: will set rotation from 178.80115 to 178.81458
08-05 20:48:13.004 24743 24743 D CompassActivity: will set rotation from 178.81458 to 178.8136
08-05 20:48:13.021 24743 24743 D CompassActivity: will set rotation from 178.8136 to 178.81183
08-05 20:48:13.022 24743 24743 D CompassActivity: will set rotation from 178.81183 to 178.81226
08-05 20:48:13.041 24743 24743 D CompassActivity: will set rotation from 178.81226 to 178.794
08-05 20:48:13.041 24743 24743 D CompassActivity: will set rotation from 178.794 to 178.79248
08-05 20:48:13.047 24743 24771 I art     : Explicit concurrent mark sweep GC freed 2166(128KB) AllocSpace objects, 2(48KB) LOS objects, 6% free, 236MB/252MB, paused 1.415ms total 65.041ms
08-05 20:48:13.061 24743 24743 D CompassActivity: will set rotation from 178.79248 to 178.78925
08-05 20:48:13.061 24743 24743 D CompassActivity: will set rotation from 178.78925 to 178.78809
08-05 20:48:13.068 24743 24771 I art     : Starting a blocking GC Explicit
08-05 20:48:13.081 24743 24743 D CompassActivity: will set rotation from 178.78809 to 178.77057
08-05 20:48:13.081 24743 24743 D CompassActivity: will set rotation from 178.77057 to 178.76947
08-05 20:48:13.102 24743 24743 D CompassActivity: will set rotation from 178.76947 to 178.74854
08-05 20:48:13.102 24743 24743 D CompassActivity: will set rotation from 178.74854 to 178.7472
08-05 20:48:13.121 24743 24743 D CompassActivity: will set rotation from 178.7472 to 178.74487
08-05 20:48:13.121 24743 24743 D CompassActivity: will set rotation from 178.74487 to 178.74524
08-05 20:48:13.130 24743 24771 I art     : Explicit concurrent mark sweep GC freed 867(34KB) AllocSpace objects, 0(0B) LOS objects, 6% free, 236MB/252MB, paused 1.592ms total 61.767ms
08-05 20:48:13.141 24743 24743 D CompassActivity: will set rotation from 178.74524 to 178.75964
08-05 20:48:13.141 24743 24743 D CompassActivity: will set rotation from 178.75964 to 178.7594
08-05 20:48:13.152 24743 24771 I art     : Starting a blocking GC Explicit
08-05 20:48:13.161 24743 24743 D CompassActivity: will set rotation from 178.7594 to 178.77448
08-05 20:48:13.161 24743 24743 D CompassActivity: will set rotation from 178.77448 to 178.77368
08-05 20:48:13.181 24743 24743 D CompassActivity: will set rotation from 178.77368 to 178.75513
08-05 20:48:13.183 24743 24743 D CompassActivity: will set rotation from 178.75513 to 178.75476
08-05 20:48:13.206 24743 24743 D CompassActivity: will set rotation from 178.75476 to 178.76837
08-05 20:48:13.207 24743 24743 D CompassActivity: will set rotation from 178.76837 to 178.76904
08-05 20:48:13.217 24743 24771 I art     : Explicit concurrent mark sweep GC freed 228(10KB) AllocSpace objects, 0(0B) LOS objects, 6% free, 236MB/252MB, paused 1.573ms total 64.875ms
08-05 20:48:13.223 24743 24743 D CompassActivity: will set rotation from 178.76904 to 178.7976
08-05 20:48:13.224 24743 24743 D CompassActivity: will set rotation from 178.7976 to 178.7973
08-05 20:48:13.240 24743 24771 I art     : Starting a blocking GC Explicit
08-05 20:48:13.241 24743 24743 D CompassActivity: will set rotation from 178.7973 to 178.77686
08-05 20:48:13.242 24743 24743 D CompassActivity: will set rotation from 178.77686 to 178.77655
08-05 20:48:13.260 24743 24743 D CompassActivity: will set rotation from 178.77655 to 178.75916
08-05 20:48:13.260 24743 24743 D CompassActivity: will set rotation from 178.75916 to 178.75891
08-05 20:48:13.280 24743 24743 D CompassActivity: will set rotation from 178.75891 to 178.76959
08-05 20:48:13.280 24743 24743 D CompassActivity: will set rotation from 178.76959 to 178.76971
08-05 20:48:13.297 24743 24771 I art     : Explicit concurrent mark sweep GC freed 175(8KB) AllocSpace objects, 0(0B) LOS objects, 6% free, 236MB/252MB, paused 1.398ms total 56.410ms
08-05 20:48:13.301 24743 24743 D CompassActivity: will set rotation from 178.76971 to 178.75055
08-05 20:48:13.301 24743 24743 D CompassActivity: will set rotation from 178.75055 to 178.74896
08-05 20:48:13.316 24743 24771 I art     : Starting a blocking GC Explicit
08-05 20:48:13.322 24743 24743 D CompassActivity: will set rotation from 178.74896 to 178.74768
08-05 20:48:13.323 24743 24743 D CompassActivity: will set rotation from 178.74768 to 178.74744
08-05 20:48:13.341 24743 24743 D CompassActivity: will set rotation from 178.74744 to 178.74493
08-05 20:48:13.342 24743 24743 D CompassActivity: will set rotation from 178.74493 to 178.74512
08-05 20:48:13.360 24743 24743 D CompassActivity: will set rotation from 178.74512 to 178.74438
08-05 20:48:13.361 24743 24743 D CompassActivity: will set rotation from 178.74438 to 178.74304
08-05 20:48:13.379 24743 24771 I art     : Explicit concurrent mark sweep GC freed 175(8KB) AllocSpace objects, 0(0B) LOS objects, 6% free, 236MB/252MB, paused 1.514ms total 62.609ms
08-05 20:48:13.380 24743 24743 D CompassActivity: will set rotation from 178.74304 to 178.74261
08-05 20:48:13.381 24743 24743 D CompassActivity: will set rotation from 178.74261 to 178.74194
08-05 20:48:13.403 24743 24743 D CompassActivity: will set rotation from 178.74194 to 178.75482
08-05 20:48:13.403 24743 24743 D CompassActivity: will set rotation from 178.75482 to 178.75537
08-05 20:48:13.420 24743 24743 D CompassActivity: will set rotation from 178.75537 to 178.76941
08-05 20:48:13.420 24743 24743 D CompassActivity: will set rotation from 178.76941 to 178.76917
08-05 20:48:13.439 24743 24743 D CompassActivity: will set rotation from 178.76917 to 178.78162
08-05 20:48:13.440 24743 24743 D CompassActivity: will set rotation from 178.78162 to 178.78052
08-05 20:48:13.460 24743 24743 D CompassActivity: will set rotation from 178.78052 to 178.7807
08-05 20:48:13.460 24743 24743 D CompassActivity: will set rotation from 178.7807 to 178.7818
08-05 20:48:13.480 24743 24743 D CompassActivity: will set rotation from 178.7818 to 178.7799
08-05 20:48:13.480 24743 24743 D CompassActivity: will set rotation from 178.7799 to 178.78186
08-05 20:48:13.501 24743 24743 D CompassActivity: will set rotation from 178.78186 to 178.79315
08-05 20:48:13.502 24743 24743 D CompassActivity: will set rotation from 178.79315 to 178.79285
08-05 20:48:13.524 24743 24743 D CompassActivity: will set rotation from 178.79285 to 178.82025
08-05 20:48:13.525 24743 24743 D CompassActivity: will set rotation from 178.82025 to 178.81958
08-05 20:48:13.541 24743 24743 D CompassActivity: will set rotation from 178.81958 to 178.84705
08-05 20:48:13.542 24743 24743 D CompassActivity: will set rotation from 178.84705 to 178.84705
08-05 20:48:13.549 27291 27291 D AndroidRuntime: >>>>>> START com.android.internal.os.RuntimeInit uid 2000 <<<<<<
08-05 20:48:13.559 27291 27291 D AndroidRuntime: CheckJNI is OFF
08-05 20:48:13.561 24743 24743 D CompassActivity: will set rotation from 178.84705 to 178.82727
08-05 20:48:13.562 24743 24743 D CompassActivity: will set rotation from 178.82727 to 178.82611
08-05 20:48:13.579 24743 24743 D CompassActivity: will set rotation from 178.82611 to 178.83539
08-05 20:48:13.579 24743 24743 D CompassActivity: will set rotation from 178.83539 to 178.8346
08-05 20:48:13.599 24743 24743 D CompassActivity: will set rotation from 178.8346 to 178.78552
08-05 20:48:13.599 24743 24743 D CompassActivity: will set rotation from 178.78552 to 178.78625
08-05 20:48:13.602 27291 27291 D ICU     : No timezone override file found: /data/misc/zoneinfo/current/icu/icu_tzdata.dat
08-05 20:48:13.619 24743 24743 D CompassActivity: will set rotation from 178.78625 to 178.78357
08-05 20:48:13.619 24743 24743 D CompassActivity: will set rotation from 178.78357 to 178.78333
08-05 20:48:13.638 24743 24743 D CompassActivity: will set rotation from 178.78333 to 178.76349
08-05 20:48:13.638 24743 24743 D CompassActivity: will set rotation from 178.76349 to 178.76385
08-05 20:48:13.642 27291 27291 I Radio-JNI: register_android_hardware_Radio DONE
08-05 20:48:13.658 24743 24743 D CompassActivity: will set rotation from 178.76385 to 178.7594
08-05 20:48:13.658 24743 24743 D CompassActivity: will set rotation from 178.7594 to 178.75806
08-05 20:48:13.671 27291 27291 D AndroidRuntime: Calling main entry com.android.commands.input.Input
08-05 20:48:13.673 27291 27291 I Input   : injectKeyEvent: KeyEvent { action=ACTION_DOWN, keyCode=KEYCODE_BACK, scanCode=0, metaState=0, flags=0x0, repeatCount=0, eventTime=823710086, downTime=823710086, deviceId=-1, source=0x101 }
08-05 20:48:13.678 27291 27291 I Input   : injectKeyEvent: KeyEvent { action=ACTION_UP, keyCode=KEYCODE_BACK, scanCode=0, metaState=0, flags=0x0, repeatCount=0, eventTime=823710086, downTime=823710086, deviceId=-1, source=0x101 }
08-05 20:48:13.684 27291 27291 D AndroidRuntime: Shutting down VM
08-05 20:48:13.684 24743 24743 D CompassActivity: will set rotation from 178.75806 to 178.75616
08-05 20:48:13.685 24743 24743 D CompassActivity: will set rotation from 178.75616 to 178.75708
08-05 20:48:13.687   918  6029 I sensors : activate
08-05 20:48:13.688   918  4400 I sensors : activate
08-05 20:48:13.694   918  3188 I hubconnection: sensorhub said: 'activate 1 enable:0'
08-05 20:48:13.695   918  3188 I hubconnection: sensorhub said: 'activate 3 enable:0'
08-05 20:48:13.715 24743 24743 V MainActivity: url = https://project-travel-mate.herokuapp.com/api/number-of-unread-notifications
08-05 20:48:13.791 23554 23554 I ServiceManager: Waiting for service AtCmdFwd...
08-05 20:48:13.802 24743 24771 I art     : Starting a blocking GC Explicit
08-05 20:48:13.831 13866 13866 I GoogleInputMethodServic: GoogleInputMethodService.onFinishInput():3138 
08-05 20:48:13.832 13866 13866 I GoogleInputMethodServic: GoogleInputMethodService.onStartInput():1808 
08-05 20:48:13.860 24743 24771 I art     : Explicit concurrent mark sweep GC freed 2467(138KB) AllocSpace objects, 2(48KB) LOS objects, 6% free, 236MB/252MB, paused 1.352ms total 58.005ms
08-05 20:48:13.883 24743 24771 I art     : Starting a blocking GC Explicit
08-05 20:48:13.935 24743 24771 I art     : Explicit concurrent mark sweep GC freed 587(22KB) AllocSpace objects, 0(0B) LOS objects, 6% free, 236MB/252MB, paused 1.205ms total 51.616ms
08-05 20:48:13.954 24743 24771 I art     : Starting a blocking GC Explicit
08-05 20:48:14.004 24743 24771 I art     : Explicit concurrent mark sweep GC freed 26(1344B) AllocSpace objects, 0(0B) LOS objects, 6% free, 236MB/252MB, paused 1.350ms total 49.911ms
08-05 20:48:14.022 24743 24771 I art     : Starting a blocking GC Explicit
08-05 20:48:14.023 13866 13882 I PeriodicStatsRunner: PeriodicStatsRunner.call():175 call()
08-05 20:48:14.024 13866 13882 I PeriodicStatsRunner: PeriodicStatsRunner.call():179 No submit PeriodicStats since input started.
08-05 20:48:14.074 24743 24771 I art     : Explicit concurrent mark sweep GC freed 5(192B) AllocSpace objects, 0(0B) LOS objects, 6% free, 236MB/252MB, paused 1.274ms total 51.814ms
08-05 20:48:14.093 24743 24771 I art     : Starting a blocking GC Explicit
08-05 20:48:14.098 24743 24743 D CompassActivity: stop compass
08-05 20:48:14.099   380   380 W SurfaceFlinger: couldn't log to binary event log: overflow.
08-05 20:48:14.144 24743 24771 I art     : Explicit concurrent mark sweep GC freed 21(896B) AllocSpace objects, 0(0B) LOS objects, 6% free, 236MB/252MB, paused 1.356ms total 51.401ms
08-05 20:48:14.550 24743 25266 I art     : Starting a blocking GC Explicit
08-05 20:48:14.561 24743 27314 I NAPPA_EXPERIMENTATION: MetricNetworkRequestExecutionTime: REQUEST_DURATION_SYSTEM='845',REQUEST_DURATION_OKHTTP='47',REQUEST_SYNCHRONOUS='FALSE',RESPONSE_CODE='200',RESPONSE_METHOD='GET',RESPONSE_LENGTH_OKHTTP='36',RESPONSE_LENGTH_HEADER='36',REQUEST_PROTOCOL='http/1.1',REQUEST_URL='https://project-travel-mate.herokuapp.com/api/number-of-unread-notifications',
08-05 20:48:14.643 24743 25266 I art     : Explicit concurrent mark sweep GC freed 5653(321KB) AllocSpace objects, 8(52MB) LOS objects, 7% free, 184MB/200MB, paused 1.532ms total 92.947ms
08-05 20:48:14.665 24743 25266 I art     : Starting a blocking GC Explicit
08-05 20:48:14.725 24743 25266 I art     : Explicit concurrent mark sweep GC freed 1035(120KB) AllocSpace objects, 0(0B) LOS objects, 7% free, 184MB/200MB, paused 1.354ms total 59.145ms
08-05 20:48:14.744 24743 25266 I art     : Starting a blocking GC Explicit
08-05 20:48:14.791 23554 23554 I ServiceManager: Waiting for service AtCmdFwd...
08-05 20:48:14.808 24743 25266 I art     : Explicit concurrent mark sweep GC freed 3(96B) AllocSpace objects, 0(0B) LOS objects, 7% free, 184MB/200MB, paused 1.508ms total 63.572ms
08-05 20:48:14.831 24743 25266 I art     : Starting a blocking GC Explicit
08-05 20:48:14.896 24743 25266 I art     : Explicit concurrent mark sweep GC freed 3(96B) AllocSpace objects, 0(0B) LOS objects, 7% free, 184MB/200MB, paused 1.446ms total 64.030ms
08-05 20:48:14.920 24743 25266 I art     : Starting a blocking GC Explicit
08-05 20:48:14.977 24743 25266 I art     : Explicit concurrent mark sweep GC freed 3(96B) AllocSpace objects, 0(0B) LOS objects, 7% free, 184MB/200MB, paused 1.378ms total 56.286ms
08-05 20:48:15.398 24743 24762 I art     : Starting a blocking GC Explicit
08-05 20:48:15.460 24743 24762 I art     : Explicit concurrent mark sweep GC freed 1678(96KB) AllocSpace objects, 2(48KB) LOS objects, 7% free, 184MB/200MB, paused 1.482ms total 61.372ms
08-05 20:48:15.465 27328 27328 D AndroidRuntime: >>>>>> START com.android.internal.os.RuntimeInit uid 2000 <<<<<<
08-05 20:48:15.470 27328 27328 D AndroidRuntime: CheckJNI is OFF
08-05 20:48:15.479 24743 24762 I art     : Starting a blocking GC Explicit
08-05 20:48:15.509 27328 27328 D ICU     : No timezone override file found: /data/misc/zoneinfo/current/icu/icu_tzdata.dat
08-05 20:48:15.528 24743 24762 I art     : Explicit concurrent mark sweep GC freed 49(1936B) AllocSpace objects, 0(0B) LOS objects, 7% free, 184MB/200MB, paused 1.353ms total 48.466ms
08-05 20:48:15.546 24743 24762 I art     : Starting a blocking GC Explicit
08-05 20:48:15.550 27328 27328 I Radio-JNI: register_android_hardware_Radio DONE
08-05 20:48:15.577 27328 27328 D AndroidRuntime: Calling main entry com.android.commands.input.Input
08-05 20:48:15.579 27328 27328 I Input   : injectMotionEvent: MotionEvent { action=ACTION_DOWN, actionButton=0, id[0]=0, x[0]=500.0, y[0]=2000.0, toolType[0]=TOOL_TYPE_UNKNOWN, buttonState=0, metaState=0, flags=0x0, edgeFlags=0x0, pointerCount=1, historySize=0, eventTime=823711991, downTime=823711991, deviceId=0, source=0x1002 }
08-05 20:48:15.588 27328 27328 I Input   : injectMotionEvent: MotionEvent { action=ACTION_MOVE, actionButton=0, id[0]=0, x[0]=500.0, y[0]=2000.0, toolType[0]=TOOL_TYPE_UNKNOWN, buttonState=0, metaState=0, flags=0x0, edgeFlags=0x0, pointerCount=1, historySize=0, eventTime=823711991, downTime=823711991, deviceId=0, source=0x1002 }
08-05 20:48:15.597 24743 24762 I art     : Explicit concurrent mark sweep GC freed 9(288B) AllocSpace objects, 0(0B) LOS objects, 7% free, 184MB/200MB, paused 1.253ms total 50.693ms
08-05 20:48:15.601 27328 27328 I Input   : injectMotionEvent: MotionEvent { action=ACTION_MOVE, actionButton=0, id[0]=0, x[0]=500.0, y[0]=1956.3, toolType[0]=TOOL_TYPE_UNKNOWN, buttonState=0, metaState=0, flags=0x0, edgeFlags=0x0, pointerCount=1, historySize=0, eventTime=823712014, downTime=823712014, deviceId=0, source=0x1002 }
08-05 20:48:15.615 24743 24762 I art     : Starting a blocking GC Explicit
08-05 20:48:15.619 27328 27328 I Input   : injectMotionEvent: MotionEvent { action=ACTION_MOVE, actionButton=0, id[0]=0, x[0]=500.0, y[0]=1922.1, toolType[0]=TOOL_TYPE_UNKNOWN, buttonState=0, metaState=0, flags=0x0, edgeFlags=0x0, pointerCount=1, historySize=0, eventTime=823712032, downTime=823712032, deviceId=0, source=0x1002 }
08-05 20:48:15.642 27328 27328 I Input   : injectMotionEvent: MotionEvent { action=ACTION_MOVE, actionButton=0, id[0]=0, x[0]=500.0, y[0]=1878.4, toolType[0]=TOOL_TYPE_UNKNOWN, buttonState=0, metaState=0, flags=0x0, edgeFlags=0x0, pointerCount=1, historySize=0, eventTime=823712055, downTime=823712055, deviceId=0, source=0x1002 }
08-05 20:48:15.651 27328 27328 I Input   : injectMotionEvent: MotionEvent { action=ACTION_MOVE, actionButton=0, id[0]=0, x[0]=500.0, y[0]=1861.3, toolType[0]=TOOL_TYPE_UNKNOWN, buttonState=0, metaState=0, flags=0x0, edgeFlags=0x0, pointerCount=1, historySize=0, eventTime=823712064, downTime=823712064, deviceId=0, source=0x1002 }
08-05 20:48:15.666 24743 24762 I art     : Explicit concurrent mark sweep GC freed 62(2112B) AllocSpace objects, 0(0B) LOS objects, 7% free, 184MB/200MB, paused 1.275ms total 51.063ms
08-05 20:48:15.668 27328 27328 I Input   : injectMotionEvent: MotionEvent { action=ACTION_MOVE, actionButton=0, id[0]=0, x[0]=500.0, y[0]=1829.0, toolType[0]=TOOL_TYPE_UNKNOWN, buttonState=0, metaState=0, flags=0x0, edgeFlags=0x0, pointerCount=1, historySize=0, eventTime=823712081, downTime=823712081, deviceId=0, source=0x1002 }
08-05 20:48:15.684 27328 27328 I Input   : injectMotionEvent: MotionEvent { action=ACTION_MOVE, actionButton=0, id[0]=0, x[0]=500.0, y[0]=1796.7, toolType[0]=TOOL_TYPE_UNKNOWN, buttonState=0, metaState=0, flags=0x0, edgeFlags=0x0, pointerCount=1, historySize=0, eventTime=823712098, downTime=823712098, deviceId=0, source=0x1002 }
08-05 20:48:15.685 24743 24762 I art     : Starting a blocking GC Explicit
08-05 20:48:15.701 27328 27328 I Input   : injectMotionEvent: MotionEvent { action=ACTION_MOVE, actionButton=0, id[0]=0, x[0]=500.0, y[0]=1766.3, toolType[0]=TOOL_TYPE_UNKNOWN, buttonState=0, metaState=0, flags=0x0, edgeFlags=0x0, pointerCount=1, historySize=0, eventTime=823712114, downTime=823712114, deviceId=0, source=0x1002 }
08-05 20:48:15.718 27328 27328 I Input   : injectMotionEvent: MotionEvent { action=ACTION_MOVE, actionButton=0, id[0]=0, x[0]=500.0, y[0]=1734.0, toolType[0]=TOOL_TYPE_UNKNOWN, buttonState=0, metaState=0, flags=0x0, edgeFlags=0x0, pointerCount=1, historySize=0, eventTime=823712131, downTime=823712131, deviceId=0, source=0x1002 }
08-05 20:48:15.734 27328 27328 I Input   : injectMotionEvent: MotionEvent { action=ACTION_MOVE, actionButton=0, id[0]=0, x[0]=500.0, y[0]=1701.7, toolType[0]=TOOL_TYPE_UNKNOWN, buttonState=0, metaState=0, flags=0x0, edgeFlags=0x0, pointerCount=1, historySize=0, eventTime=823712148, downTime=823712148, deviceId=0, source=0x1002 }
08-05 20:48:15.742 24743 24762 I art     : Explicit concurrent mark sweep GC freed 15(608B) AllocSpace objects, 0(0B) LOS objects, 7% free, 184MB/200MB, paused 1.554ms total 57.178ms
08-05 20:48:15.751 27328 27328 I Input   : injectMotionEvent: MotionEvent { action=ACTION_MOVE, actionButton=0, id[0]=0, x[0]=500.0, y[0]=1671.3, toolType[0]=TOOL_TYPE_UNKNOWN, buttonState=0, metaState=0, flags=0x0, edgeFlags=0x0, pointerCount=1, historySize=0, eventTime=823712164, downTime=823712164, deviceId=0, source=0x1002 }
08-05 20:48:15.768 27328 27328 I Input   : injectMotionEvent: MotionEvent { action=ACTION_MOVE, actionButton=0, id[0]=0, x[0]=500.0, y[0]=1639.0, toolType[0]=TOOL_TYPE_UNKNOWN, buttonState=0, metaState=0, flags=0x0, edgeFlags=0x0, pointerCount=1, historySize=0, eventTime=823712181, downTime=823712181, deviceId=0, source=0x1002 }
08-05 20:48:15.784 27328 27328 I Input   : injectMotionEvent: MotionEvent { action=ACTION_MOVE, actionButton=0, id[0]=0, x[0]=500.0, y[0]=1606.7, toolType[0]=TOOL_TYPE_UNKNOWN, buttonState=0, metaState=0, flags=0x0, edgeFlags=0x0, pointerCount=1, historySize=0, eventTime=823712198, downTime=823712198, deviceId=0, source=0x1002 }
08-05 20:48:15.792 23554 23554 I ServiceManager: Waiting for service AtCmdFwd...
08-05 20:48:15.801 27328 27328 I Input   : injectMotionEvent: MotionEvent { action=ACTION_MOVE, actionButton=0, id[0]=0, x[0]=500.0, y[0]=1574.4, toolType[0]=TOOL_TYPE_UNKNOWN, buttonState=0, metaState=0, flags=0x0, edgeFlags=0x0, pointerCount=1, historySize=0, eventTime=823712215, downTime=823712215, deviceId=0, source=0x1002 }
08-05 20:48:15.819 27328 27328 I Input   : injectMotionEvent: MotionEvent { action=ACTION_MOVE, actionButton=0, id[0]=0, x[0]=500.0, y[0]=1542.1, toolType[0]=TOOL_TYPE_UNKNOWN, buttonState=0, metaState=0, flags=0x0, edgeFlags=0x0, pointerCount=1, historySize=0, eventTime=823712232, downTime=823712232, deviceId=0, source=0x1002 }
08-05 20:48:15.835 27328 27328 I Input   : injectMotionEvent: MotionEvent { action=ACTION_MOVE, actionButton=0, id[0]=0, x[0]=500.0, y[0]=1511.7, toolType[0]=TOOL_TYPE_UNKNOWN, buttonState=0, metaState=0, flags=0x0, edgeFlags=0x0, pointerCount=1, historySize=0, eventTime=823712248, downTime=823712248, deviceId=0, source=0x1002 }
08-05 20:48:15.851 27328 27328 I Input   : injectMotionEvent: MotionEvent { action=ACTION_MOVE, actionButton=0, id[0]=0, x[0]=500.0, y[0]=1479.4, toolType[0]=TOOL_TYPE_UNKNOWN, buttonState=0, metaState=0, flags=0x0, edgeFlags=0x0, pointerCount=1, historySize=0, eventTime=823712265, downTime=823712265, deviceId=0, source=0x1002 }
08-05 20:48:15.868 27328 27328 I Input   : injectMotionEvent: MotionEvent { action=ACTION_MOVE, actionButton=0, id[0]=0, x[0]=500.0, y[0]=1449.0, toolType[0]=TOOL_TYPE_UNKNOWN, buttonState=0, metaState=0, flags=0x0, edgeFlags=0x0, pointerCount=1, historySize=0, eventTime=823712281, downTime=823712281, deviceId=0, source=0x1002 }
08-05 20:48:15.885 27328 27328 I Input   : injectMotionEvent: MotionEvent { action=ACTION_MOVE, actionButton=0, id[0]=0, x[0]=500.0, y[0]=1416.7, toolType[0]=TOOL_TYPE_UNKNOWN, buttonState=0, metaState=0, flags=0x0, edgeFlags=0x0, pointerCount=1, historySize=0, eventTime=823712298, downTime=823712298, deviceId=0, source=0x1002 }
08-05 20:48:15.901 27328 27328 I Input   : injectMotionEvent: MotionEvent { action=ACTION_MOVE, actionButton=0, id[0]=0, x[0]=500.0, y[0]=1384.4, toolType[0]=TOOL_TYPE_UNKNOWN, buttonState=0, metaState=0, flags=0x0, edgeFlags=0x0, pointerCount=1, historySize=0, eventTime=823712315, downTime=823712315, deviceId=0, source=0x1002 }
08-05 20:48:15.920 27328 27328 I Input   : injectMotionEvent: MotionEvent { action=ACTION_MOVE, actionButton=0, id[0]=0, x[0]=500.0, y[0]=1352.1001, toolType[0]=TOOL_TYPE_UNKNOWN, buttonState=0, metaState=0, flags=0x0, edgeFlags=0x0, pointerCount=1, historySize=0, eventTime=823712332, downTime=823712332, deviceId=0, source=0x1002 }
08-05 20:48:15.935 27328 27328 I Input   : injectMotionEvent: MotionEvent { action=ACTION_MOVE, actionButton=0, id[0]=0, x[0]=500.0, y[0]=1321.7, toolType[0]=TOOL_TYPE_UNKNOWN, buttonState=0, metaState=0, flags=0x0, edgeFlags=0x0, pointerCount=1, historySize=0, eventTime=823712348, downTime=823712348, deviceId=0, source=0x1002 }
08-05 20:48:15.951 27328 27328 I Input   : injectMotionEvent: MotionEvent { action=ACTION_MOVE, actionButton=0, id[0]=0, x[0]=500.0, y[0]=1289.3999, toolType[0]=TOOL_TYPE_UNKNOWN, buttonState=0, metaState=0, flags=0x0, edgeFlags=0x0, pointerCount=1, historySize=0, eventTime=823712365, downTime=823712365, deviceId=0, source=0x1002 }
08-05 20:48:15.969 27328 27328 I Input   : injectMotionEvent: MotionEvent { action=ACTION_MOVE, actionButton=0, id[0]=0, x[0]=500.0, y[0]=1257.1, toolType[0]=TOOL_TYPE_UNKNOWN, buttonState=0, metaState=0, flags=0x0, edgeFlags=0x0, pointerCount=1, historySize=0, eventTime=823712382, downTime=823712382, deviceId=0, source=0x1002 }
08-05 20:48:15.987 27328 27328 I Input   : injectMotionEvent: MotionEvent { action=ACTION_MOVE, actionButton=0, id[0]=0, x[0]=500.0, y[0]=1222.8999, toolType[0]=TOOL_TYPE_UNKNOWN, buttonState=0, metaState=0, flags=0x0, edgeFlags=0x0, pointerCount=1, historySize=0, eventTime=823712400, downTime=823712400, deviceId=0, source=0x1002 }
08-05 20:48:16.002 27328 27328 I Input   : injectMotionEvent: MotionEvent { action=ACTION_MOVE, actionButton=0, id[0]=0, x[0]=500.0, y[0]=1194.4, toolType[0]=TOOL_TYPE_UNKNOWN, buttonState=0, metaState=0, flags=0x0, edgeFlags=0x0, pointerCount=1, historySize=0, eventTime=823712415, downTime=823712415, deviceId=0, source=0x1002 }
08-05 20:48:16.066 27328 27328 I Input   : injectMotionEvent: MotionEvent { action=ACTION_MOVE, actionButton=0, id[0]=0, x[0]=500.0, y[0]=1072.8, toolType[0]=TOOL_TYPE_UNKNOWN, buttonState=0, metaState=0, flags=0x0, edgeFlags=0x0, pointerCount=1, historySize=0, eventTime=823712479, downTime=823712479, deviceId=0, source=0x1002 }
08-05 20:48:16.129 27328 27328 I Input   : injectMotionEvent: MotionEvent { action=ACTION_MOVE, actionButton=0, id[0]=0, x[0]=500.0, y[0]=951.2001, toolType[0]=TOOL_TYPE_UNKNOWN, buttonState=0, metaState=0, flags=0x0, edgeFlags=0x0, pointerCount=1, historySize=0, eventTime=823712543, downTime=823712543, deviceId=0, source=0x1002 }
08-05 20:48:16.163 24743 24760 I art     : Starting a blocking GC Explicit
08-05 20:48:16.192 27328 27328 I Input   : injectMotionEvent: MotionEvent { action=ACTION_MOVE, actionButton=0, id[0]=0, x[0]=500.0, y[0]=831.5, toolType[0]=TOOL_TYPE_UNKNOWN, buttonState=0, metaState=0, flags=0x0, edgeFlags=0x0, pointerCount=1, historySize=0, eventTime=823712606, downTime=823712606, deviceId=0, source=0x1002 }
08-05 20:48:16.216 24743 24760 I art     : Explicit concurrent mark sweep GC freed 1693(96KB) AllocSpace objects, 2(48KB) LOS objects, 7% free, 184MB/200MB, paused 1.274ms total 52.613ms
08-05 20:48:16.235 24743 24760 I art     : Starting a blocking GC Explicit
08-05 20:48:16.256 27328 27328 I Input   : injectMotionEvent: MotionEvent { action=ACTION_MOVE, actionButton=0, id[0]=0, x[0]=500.0, y[0]=711.80005, toolType[0]=TOOL_TYPE_UNKNOWN, buttonState=0, metaState=0, flags=0x0, edgeFlags=0x0, pointerCount=1, historySize=0, eventTime=823712669, downTime=823712669, deviceId=0, source=0x1002 }
08-05 20:48:16.292 24743 24760 I art     : Explicit concurrent mark sweep GC freed 44(1536B) AllocSpace objects, 0(0B) LOS objects, 7% free, 184MB/200MB, paused 1.542ms total 55.808ms
08-05 20:48:16.311 24743 24760 I art     : Starting a blocking GC Explicit
08-05 20:48:16.318 27328 27328 I Input   : injectMotionEvent: MotionEvent { action=ACTION_MOVE, actionButton=0, id[0]=0, x[0]=500.0, y[0]=594.0, toolType[0]=TOOL_TYPE_UNKNOWN, buttonState=0, metaState=0, flags=0x0, edgeFlags=0x0, pointerCount=1, historySize=0, eventTime=823712731, downTime=823712731, deviceId=0, source=0x1002 }
08-05 20:48:16.354 13866 13882 I PeriodicStatsRunner: PeriodicStatsRunner.call():175 call()
08-05 20:48:16.355 13866 13882 I PeriodicStatsRunner: PeriodicStatsRunner.call():179 No submit PeriodicStats since input started.
08-05 20:48:16.367 24743 24760 I art     : Explicit concurrent mark sweep GC freed 3(96B) AllocSpace objects, 0(0B) LOS objects, 7% free, 184MB/200MB, paused 1.456ms total 56.419ms
08-05 20:48:16.380 27328 27328 I Input   : injectMotionEvent: MotionEvent { action=ACTION_MOVE, actionButton=0, id[0]=0, x[0]=500.0, y[0]=476.20007, toolType[0]=TOOL_TYPE_UNKNOWN, buttonState=0, metaState=0, flags=0x0, edgeFlags=0x0, pointerCount=1, historySize=0, eventTime=823712793, downTime=823712793, deviceId=0, source=0x1002 }
08-05 20:48:16.386 24743 24760 I art     : Starting a blocking GC Explicit
08-05 20:48:16.437 24743 24760 I art     : Explicit concurrent mark sweep GC freed 3(96B) AllocSpace objects, 0(0B) LOS objects, 7% free, 184MB/200MB, paused 1.432ms total 50.990ms
08-05 20:48:16.452 27328 27328 I Input   : injectMotionEvent: MotionEvent { action=ACTION_MOVE, actionButton=0, id[0]=0, x[0]=500.0, y[0]=337.5, toolType[0]=TOOL_TYPE_UNKNOWN, buttonState=0, metaState=0, flags=0x0, edgeFlags=0x0, pointerCount=1, historySize=0, eventTime=823712866, downTime=823712866, deviceId=0, source=0x1002 }
08-05 20:48:16.459 24743 24760 I art     : Starting a blocking GC Explicit
08-05 20:48:16.511 24743 24760 I art     : Explicit concurrent mark sweep GC freed 8(256B) AllocSpace objects, 0(0B) LOS objects, 7% free, 184MB/200MB, paused 1.482ms total 51.501ms
08-05 20:48:16.548 27328 27328 I Input   : injectMotionEvent: MotionEvent { action=ACTION_MOVE, actionButton=0, id[0]=0, x[0]=500.0, y[0]=157.0, toolType[0]=TOOL_TYPE_UNKNOWN, buttonState=0, metaState=0, flags=0x0, edgeFlags=0x0, pointerCount=1, historySize=0, eventTime=823712961, downTime=823712961, deviceId=0, source=0x1002 }
08-05 20:48:16.584 27328 27328 I Input   : injectMotionEvent: MotionEvent { action=ACTION_UP, actionButton=0, id[0]=0, x[0]=500.0, y[0]=100.0, toolType[0]=TOOL_TYPE_UNKNOWN, buttonState=0, metaState=0, flags=0x0, edgeFlags=0x0, pointerCount=1, historySize=0, eventTime=823712997, downTime=823712997, deviceId=0, source=0x1002 }
08-05 20:48:16.620 27328 27328 D AndroidRuntime: Shutting down VM
08-05 20:48:16.792 23554 23554 W Atfwd_Sendcmd: AtCmdFwd service not published, waiting... retryCnt : 2
08-05 20:48:16.907 24743 24760 I art     : Starting a blocking GC Explicit
08-05 20:48:16.966 24743 24760 I art     : Explicit concurrent mark sweep GC freed 1642(95KB) AllocSpace objects, 2(48KB) LOS objects, 7% free, 184MB/200MB, paused 1.297ms total 57.901ms
08-05 20:48:16.986 24743 24760 I art     : Starting a blocking GC Explicit
08-05 20:48:17.038 24743 24760 I art     : Explicit concurrent mark sweep GC freed 42(1712B) AllocSpace objects, 0(0B) LOS objects, 7% free, 184MB/200MB, paused 1.296ms total 52.079ms
08-05 20:48:17.058 24743 24760 I art     : Starting a blocking GC Explicit
08-05 20:48:17.109 24743 24760 I art     : Explicit concurrent mark sweep GC freed 7(224B) AllocSpace objects, 0(0B) LOS objects, 7% free, 184MB/200MB, paused 1.278ms total 50.734ms
08-05 20:48:17.130 24743 24760 I art     : Starting a blocking GC Explicit
08-05 20:48:17.182 24743 24760 I art     : Explicit concurrent mark sweep GC freed 7(224B) AllocSpace objects, 0(0B) LOS objects, 7% free, 184MB/200MB, paused 1.254ms total 51.145ms
08-05 20:48:17.204 24743 24760 I art     : Starting a blocking GC Explicit
08-05 20:48:17.256 24743 24760 I art     : Explicit concurrent mark sweep GC freed 47(1504B) AllocSpace objects, 0(0B) LOS objects, 7% free, 184MB/200MB, paused 1.246ms total 51.306ms
08-05 20:48:17.379 27377 27377 D AndroidRuntime: >>>>>> START com.android.internal.os.RuntimeInit uid 2000 <<<<<<
08-05 20:48:17.385 27377 27377 D AndroidRuntime: CheckJNI is OFF
08-05 20:48:17.427 27377 27377 D ICU     : No timezone override file found: /data/misc/zoneinfo/current/icu/icu_tzdata.dat
08-05 20:48:17.469 27377 27377 I Radio-JNI: register_android_hardware_Radio DONE
08-05 20:48:17.497 27377 27377 D AndroidRuntime: Calling main entry com.android.commands.input.Input
08-05 20:48:17.499 27377 27377 I Input   : injectMotionEvent: MotionEvent { action=ACTION_DOWN, actionButton=0, id[0]=0, x[0]=500.0, y[0]=2000.0, toolType[0]=TOOL_TYPE_UNKNOWN, buttonState=0, metaState=0, flags=0x0, edgeFlags=0x0, pointerCount=1, historySize=0, eventTime=823713912, downTime=823713912, deviceId=0, source=0x1002 }
08-05 20:48:17.504 27377 27377 I Input   : injectMotionEvent: MotionEvent { action=ACTION_MOVE, actionButton=0, id[0]=0, x[0]=500.0, y[0]=2000.0, toolType[0]=TOOL_TYPE_UNKNOWN, buttonState=0, metaState=0, flags=0x0, edgeFlags=0x0, pointerCount=1, historySize=0, eventTime=823713912, downTime=823713912, deviceId=0, source=0x1002 }
08-05 20:48:17.520 27377 27377 I Input   : injectMotionEvent: MotionEvent { action=ACTION_MOVE, actionButton=0, id[0]=0, x[0]=500.0, y[0]=1958.2, toolType[0]=TOOL_TYPE_UNKNOWN, buttonState=0, metaState=0, flags=0x0, edgeFlags=0x0, pointerCount=1, historySize=0, eventTime=823713934, downTime=823713934, deviceId=0, source=0x1002 }
08-05 20:48:17.538 27377 27377 I Input   : injectMotionEvent: MotionEvent { action=ACTION_MOVE, actionButton=0, id[0]=0, x[0]=500.0, y[0]=1925.9, toolType[0]=TOOL_TYPE_UNKNOWN, buttonState=0, metaState=0, flags=0x0, edgeFlags=0x0, pointerCount=1, historySize=0, eventTime=823713951, downTime=823713951, deviceId=0, source=0x1002 }
08-05 20:48:17.554 27377 27377 I Input   : injectMotionEvent: MotionEvent { action=ACTION_MOVE, actionButton=0, id[0]=0, x[0]=500.0, y[0]=1895.5, toolType[0]=TOOL_TYPE_UNKNOWN, buttonState=0, metaState=0, flags=0x0, edgeFlags=0x0, pointerCount=1, historySize=0, eventTime=823713967, downTime=823713967, deviceId=0, source=0x1002 }
08-05 20:48:17.600 27377 27377 I Input   : injectMotionEvent: MotionEvent { action=ACTION_MOVE, actionButton=0, id[0]=0, x[0]=500.0, y[0]=1808.1, toolType[0]=TOOL_TYPE_UNKNOWN, buttonState=0, metaState=0, flags=0x0, edgeFlags=0x0, pointerCount=1, historySize=0, eventTime=823714013, downTime=823714013, deviceId=0, source=0x1002 }
08-05 20:48:17.642 27377 27377 I Input   : injectMotionEvent: MotionEvent { action=ACTION_MOVE, actionButton=0, id[0]=0, x[0]=500.0, y[0]=1728.3, toolType[0]=TOOL_TYPE_UNKNOWN, buttonState=0, metaState=0, flags=0x0, edgeFlags=0x0, pointerCount=1, historySize=0, eventTime=823714055, downTime=823714055, deviceId=0, source=0x1002 }
08-05 20:48:17.671 24743 24760 I art     : Starting a blocking GC Explicit
08-05 20:48:17.683 27377 27377 I Input   : injectMotionEvent: MotionEvent { action=ACTION_MOVE, actionButton=0, id[0]=0, x[0]=500.0, y[0]=1648.5, toolType[0]=TOOL_TYPE_UNKNOWN, buttonState=0, metaState=0, flags=0x0, edgeFlags=0x0, pointerCount=1, historySize=0, eventTime=823714097, downTime=823714097, deviceId=0, source=0x1002 }
08-05 20:48:17.724 27377 27377 I Input   : injectMotionEvent: MotionEvent { action=ACTION_MOVE, actionButton=0, id[0]=0, x[0]=500.0, y[0]=1570.6, toolType[0]=TOOL_TYPE_UNKNOWN, buttonState=0, metaState=0, flags=0x0, edgeFlags=0x0, pointerCount=1, historySize=0, eventTime=823714138, downTime=823714138, deviceId=0, source=0x1002 }
08-05 20:48:17.730 24743 24760 I art     : Explicit concurrent mark sweep GC freed 1653(95KB) AllocSpace objects, 2(48KB) LOS objects, 7% free, 184MB/200MB, paused 1.598ms total 58.187ms
08-05 20:48:17.749 24743 24760 I art     : Starting a blocking GC Explicit
08-05 20:48:17.764 27377 27377 I Input   : injectMotionEvent: MotionEvent { action=ACTION_MOVE, actionButton=0, id[0]=0, x[0]=500.0, y[0]=1496.5, toolType[0]=TOOL_TYPE_UNKNOWN, buttonState=0, metaState=0, flags=0x0, edgeFlags=0x0, pointerCount=1, historySize=0, eventTime=823714177, downTime=823714177, deviceId=0, source=0x1002 }
08-05 20:48:17.804 24743 24760 I art     : Explicit concurrent mark sweep GC freed 33(1200B) AllocSpace objects, 0(0B) LOS objects, 7% free, 184MB/200MB, paused 1.362ms total 54.539ms
08-05 20:48:17.805 27377 27377 I Input   : injectMotionEvent: MotionEvent { action=ACTION_MOVE, actionButton=0, id[0]=0, x[0]=500.0, y[0]=1418.6001, toolType[0]=TOOL_TYPE_UNKNOWN, buttonState=0, metaState=0, flags=0x0, edgeFlags=0x0, pointerCount=1, historySize=0, eventTime=823714218, downTime=823714218, deviceId=0, source=0x1002 }
08-05 20:48:17.823 24743 24760 I art     : Starting a blocking GC Explicit
08-05 20:48:17.844 27377 27377 I Input   : injectMotionEvent: MotionEvent { action=ACTION_MOVE, actionButton=0, id[0]=0, x[0]=500.0, y[0]=1342.6001, toolType[0]=TOOL_TYPE_UNKNOWN, buttonState=0, metaState=0, flags=0x0, edgeFlags=0x0, pointerCount=1, historySize=0, eventTime=823714258, downTime=823714258, deviceId=0, source=0x1002 }
08-05 20:48:17.875 24743 24760 I art     : Explicit concurrent mark sweep GC freed 7(224B) AllocSpace objects, 0(0B) LOS objects, 7% free, 184MB/200MB, paused 1.413ms total 52.401ms
08-05 20:48:17.886 27377 27377 I Input   : injectMotionEvent: MotionEvent { action=ACTION_MOVE, actionButton=0, id[0]=0, x[0]=500.0, y[0]=1264.7, toolType[0]=TOOL_TYPE_UNKNOWN, buttonState=0, metaState=0, flags=0x0, edgeFlags=0x0, pointerCount=1, historySize=0, eventTime=823714299, downTime=823714299, deviceId=0, source=0x1002 }
08-05 20:48:17.894 24743 24760 I art     : Starting a blocking GC Explicit
08-05 20:48:17.923 27377 27377 I Input   : injectMotionEvent: MotionEvent { action=ACTION_MOVE, actionButton=0, id[0]=0, x[0]=500.0, y[0]=1192.5, toolType[0]=TOOL_TYPE_UNKNOWN, buttonState=0, metaState=0, flags=0x0, edgeFlags=0x0, pointerCount=1, historySize=0, eventTime=823714337, downTime=823714337, deviceId=0, source=0x1002 }
08-05 20:48:17.946 24743 24760 I art     : Explicit concurrent mark sweep GC freed 7(224B) AllocSpace objects, 0(0B) LOS objects, 7% free, 184MB/200MB, paused 1.431ms total 52.222ms
08-05 20:48:17.964 27377 27377 I Input   : injectMotionEvent: MotionEvent { action=ACTION_MOVE, actionButton=0, id[0]=0, x[0]=500.0, y[0]=1116.5, toolType[0]=TOOL_TYPE_UNKNOWN, buttonState=0, metaState=0, flags=0x0, edgeFlags=0x0, pointerCount=1, historySize=0, eventTime=823714377, downTime=823714377, deviceId=0, source=0x1002 }
08-05 20:48:17.967 24743 24760 I art     : Starting a blocking GC Explicit
08-05 20:48:18.003 27377 27377 I Input   : injectMotionEvent: MotionEvent { action=ACTION_MOVE, actionButton=0, id[0]=0, x[0]=500.0, y[0]=1042.3999, toolType[0]=TOOL_TYPE_UNKNOWN, buttonState=0, metaState=0, flags=0x0, edgeFlags=0x0, pointerCount=1, historySize=0, eventTime=823714416, downTime=823714416, deviceId=0, source=0x1002 }
08-05 20:48:18.020 24743 24760 I art     : Explicit concurrent mark sweep GC freed 7(224B) AllocSpace objects, 0(0B) LOS objects, 7% free, 184MB/200MB, paused 1.310ms total 52.278ms
08-05 20:48:18.043 27377 27377 I Input   : injectMotionEvent: MotionEvent { action=ACTION_MOVE, actionButton=0, id[0]=0, x[0]=500.0, y[0]=964.5, toolType[0]=TOOL_TYPE_UNKNOWN, buttonState=0, metaState=0, flags=0x0, edgeFlags=0x0, pointerCount=1, historySize=0, eventTime=823714457, downTime=823714457, deviceId=0, source=0x1002 }
08-05 20:48:18.078 27377 27377 I Input   : injectMotionEvent: MotionEvent { action=ACTION_MOVE, actionButton=0, id[0]=0, x[0]=500.0, y[0]=899.9, toolType[0]=TOOL_TYPE_UNKNOWN, buttonState=0, metaState=0, flags=0x0, edgeFlags=0x0, pointerCount=1, historySize=0, eventTime=823714491, downTime=823714491, deviceId=0, source=0x1002 }
08-05 20:48:18.112 27377 27377 I Input   : injectMotionEvent: MotionEvent { action=ACTION_MOVE, actionButton=0, id[0]=0, x[0]=500.0, y[0]=835.30005, toolType[0]=TOOL_TYPE_UNKNOWN, buttonState=0, metaState=0, flags=0x0, edgeFlags=0x0, pointerCount=1, historySize=0, eventTime=823714525, downTime=823714525, deviceId=0, source=0x1002 }
08-05 20:48:18.146 27377 27377 I Input   : injectMotionEvent: MotionEvent { action=ACTION_MOVE, actionButton=0, id[0]=0, x[0]=500.0, y[0]=768.80005, toolType[0]=TOOL_TYPE_UNKNOWN, buttonState=0, metaState=0, flags=0x0, edgeFlags=0x0, pointerCount=1, historySize=0, eventTime=823714560, downTime=823714560, deviceId=0, source=0x1002 }
08-05 20:48:18.180 27377 27377 I Input   : injectMotionEvent: MotionEvent { action=ACTION_MOVE, actionButton=0, id[0]=0, x[0]=500.0, y[0]=704.2001, toolType[0]=TOOL_TYPE_UNKNOWN, buttonState=0, metaState=0, flags=0x0, edgeFlags=0x0, pointerCount=1, historySize=0, eventTime=823714594, downTime=823714594, deviceId=0, source=0x1002 }
08-05 20:48:18.215 27377 27377 I Input   : injectMotionEvent: MotionEvent { action=ACTION_MOVE, actionButton=0, id[0]=0, x[0]=500.0, y[0]=637.69995, toolType[0]=TOOL_TYPE_UNKNOWN, buttonState=0, metaState=0, flags=0x0, edgeFlags=0x0, pointerCount=1, historySize=0, eventTime=823714629, downTime=823714629, deviceId=0, source=0x1002 }
08-05 20:48:18.253 27377 27377 I Input   : injectMotionEvent: MotionEvent { action=ACTION_MOVE, actionButton=0, id[0]=0, x[0]=500.0, y[0]=567.4, toolType[0]=TOOL_TYPE_UNKNOWN, buttonState=0, metaState=0, flags=0x0, edgeFlags=0x0, pointerCount=1, historySize=0, eventTime=823714666, downTime=823714666, deviceId=0, source=0x1002 }
08-05 20:48:18.292 27377 27377 I Input   : injectMotionEvent: MotionEvent { action=ACTION_MOVE, actionButton=0, id[0]=0, x[0]=500.0, y[0]=491.3999, toolType[0]=TOOL_TYPE_UNKNOWN, buttonState=0, metaState=0, flags=0x0, edgeFlags=0x0, pointerCount=1, historySize=0, eventTime=823714706, downTime=823714706, deviceId=0, source=0x1002 }
08-05 20:48:18.331 27377 27377 I Input   : injectMotionEvent: MotionEvent { action=ACTION_MOVE, actionButton=0, id[0]=0, x[0]=500.0, y[0]=417.30005, toolType[0]=TOOL_TYPE_UNKNOWN, buttonState=0, metaState=0, flags=0x0, edgeFlags=0x0, pointerCount=1, historySize=0, eventTime=823714745, downTime=823714745, deviceId=0, source=0x1002 }
08-05 20:48:18.370 27377 27377 I Input   : injectMotionEvent: MotionEvent { action=ACTION_MOVE, actionButton=0, id[0]=0, x[0]=500.0, y[0]=345.09998, toolType[0]=TOOL_TYPE_UNKNOWN, buttonState=0, metaState=0, flags=0x0, edgeFlags=0x0, pointerCount=1, historySize=0, eventTime=823714783, downTime=823714783, deviceId=0, source=0x1002 }
08-05 20:48:18.392   518   646 I ThermalEngine: ACTION: GPU - Setting GPU[0] to 390000000
08-05 20:48:18.418 27377 27377 I Input   : injectMotionEvent: MotionEvent { action=ACTION_MOVE, actionButton=0, id[0]=0, x[0]=500.0, y[0]=253.8999, toolType[0]=TOOL_TYPE_UNKNOWN, buttonState=0, metaState=0, flags=0x0, edgeFlags=0x0, pointerCount=1, historySize=0, eventTime=823714831, downTime=823714831, deviceId=0, source=0x1002 }
08-05 20:48:18.433 24743 24762 I art     : Starting a blocking GC Explicit
08-05 20:48:18.456 27377 27377 I Input   : injectMotionEvent: MotionEvent { action=ACTION_MOVE, actionButton=0, id[0]=0, x[0]=500.0, y[0]=181.69995, toolType[0]=TOOL_TYPE_UNKNOWN, buttonState=0, metaState=0, flags=0x0, edgeFlags=0x0, pointerCount=1, historySize=0, eventTime=823714869, downTime=823714869, deviceId=0, source=0x1002 }
08-05 20:48:18.498 27377 27377 I Input   : injectMotionEvent: MotionEvent { action=ACTION_MOVE, actionButton=0, id[0]=0, x[0]=500.0, y[0]=101.900024, toolType[0]=TOOL_TYPE_UNKNOWN, buttonState=0, metaState=0, flags=0x0, edgeFlags=0x0, pointerCount=1, historySize=0, eventTime=823714911, downTime=823714911, deviceId=0, source=0x1002 }
08-05 20:48:18.500 24743 24762 I art     : Explicit concurrent mark sweep GC freed 1710(97KB) AllocSpace objects, 2(48KB) LOS objects, 7% free, 184MB/200MB, paused 2.196ms total 66.656ms
08-05 20:48:18.522 24743 24762 I art     : Starting a blocking GC Explicit
08-05 20:48:18.535 27377 27377 I Input   : injectMotionEvent: MotionEvent { action=ACTION_UP, actionButton=0, id[0]=0, x[0]=500.0, y[0]=100.0, toolType[0]=TOOL_TYPE_UNKNOWN, buttonState=0, metaState=0, flags=0x0, edgeFlags=0x0, pointerCount=1, historySize=0, eventTime=823714948, downTime=823714948, deviceId=0, source=0x1002 }
08-05 20:48:18.573 27377 27377 D AndroidRuntime: Shutting down VM
08-05 20:48:18.586 24743 24762 I art     : Explicit concurrent mark sweep GC freed 47(1872B) AllocSpace objects, 0(0B) LOS objects, 7% free, 184MB/200MB, paused 1.741ms total 63.175ms
08-05 20:48:18.609 24743 24762 I art     : Starting a blocking GC Explicit
08-05 20:48:18.677 24743 24762 I art     : Explicit concurrent mark sweep GC freed 3(96B) AllocSpace objects, 0(0B) LOS objects, 7% free, 184MB/200MB, paused 1.873ms total 67.396ms
08-05 20:48:18.703 24743 24762 I art     : Starting a blocking GC Explicit
08-05 20:48:18.775 24743 24762 I art     : Explicit concurrent mark sweep GC freed 5(176B) AllocSpace objects, 0(0B) LOS objects, 7% free, 184MB/200MB, paused 2.022ms total 70.917ms
08-05 20:48:18.801 24743 24762 I art     : Starting a blocking GC Explicit
08-05 20:48:18.832 13866 13882 I PeriodicStatsRunner: PeriodicStatsRunner.call():175 call()
08-05 20:48:18.832 13866 13882 I PeriodicStatsRunner: PeriodicStatsRunner.call():179 No submit PeriodicStats since input started.
08-05 20:48:18.870 24743 24762 I art     : Explicit concurrent mark sweep GC freed 3(96B) AllocSpace objects, 0(0B) LOS objects, 7% free, 184MB/200MB, paused 2.101ms total 67.719ms
08-05 20:48:19.326 24743 25266 I art     : Starting a blocking GC Explicit
08-05 20:48:19.402 24743 25266 I art     : Explicit concurrent mark sweep GC freed 1660(95KB) AllocSpace objects, 2(48KB) LOS objects, 7% free, 184MB/200MB, paused 2.066ms total 75.368ms
08-05 20:48:19.428 24743 25266 I art     : Starting a blocking GC Explicit
08-05 20:48:19.457 27422 27422 D AndroidRuntime: >>>>>> START com.android.internal.os.RuntimeInit uid 2000 <<<<<<
08-05 20:48:19.463 27422 27422 D AndroidRuntime: CheckJNI is OFF
08-05 20:48:19.498 24743 25266 I art     : Explicit concurrent mark sweep GC freed 30(1104B) AllocSpace objects, 0(0B) LOS objects, 7% free, 184MB/200MB, paused 2.157ms total 69.796ms
08-05 20:48:19.521 27422 27422 D ICU     : No timezone override file found: /data/misc/zoneinfo/current/icu/icu_tzdata.dat
08-05 20:48:19.523 24743 25266 I art     : Starting a blocking GC Explicit
08-05 20:48:19.565 27422 27422 I Radio-JNI: register_android_hardware_Radio DONE
08-05 20:48:19.592 24743 25266 I art     : Explicit concurrent mark sweep GC freed 3(96B) AllocSpace objects, 0(0B) LOS objects, 7% free, 184MB/200MB, paused 2.108ms total 68.694ms
08-05 20:48:19.596 27422 27422 D AndroidRuntime: Calling main entry com.android.commands.input.Input
08-05 20:48:19.599 27422 27422 I Input   : injectMotionEvent: MotionEvent { action=ACTION_DOWN, actionButton=0, id[0]=0, x[0]=657.0, y[0]=2080.0, toolType[0]=TOOL_TYPE_UNKNOWN, buttonState=0, metaState=0, flags=0x0, edgeFlags=0x0, pointerCount=1, historySize=0, eventTime=823716011, downTime=823716011, deviceId=0, source=0x1002 }
08-05 20:48:19.607 27422 27422 I Input   : injectMotionEvent: MotionEvent { action=ACTION_UP, actionButton=0, id[0]=0, x[0]=657.0, y[0]=2080.0, toolType[0]=TOOL_TYPE_UNKNOWN, buttonState=0, metaState=0, flags=0x0, edgeFlags=0x0, pointerCount=1, historySize=0, eventTime=823716011, downTime=823716011, deviceId=0, source=0x1002 }
08-05 20:48:19.612   918  5132 I ActivityManager: START u0 {cmp=baseline.io.github.project_travel_mate/.utilities.UpcomingWeekendsActivity} from uid 10674 on display 0
08-05 20:48:19.614   512  2967 D audio_hw_primary: out_set_parameters: enter: usecase(1: low-latency-playback) kvpairs: routing=2
08-05 20:48:19.615 27422 27422 D AndroidRuntime: Shutting down VM
08-05 20:48:19.619 24743 25266 I art     : Starting a blocking GC Explicit
08-05 20:48:19.628   512  2967 D audio_hw_primary: select_devices: out_snd_device(2: speaker) in_snd_device(0: none)
08-05 20:48:19.628   512  2967 D msm8974_platform: platform_send_audio_calibration: sending audio calibration for snd_device(2) acdb_id(15)
08-05 20:48:19.628   512  2967 I soundtrigger: audio_extn_sound_trigger_update_device_status: device 0x2 of type 0 for Event 1
08-05 20:48:19.642   512  2967 D audio_hw_primary: enable_snd_device: snd_device(2: speaker)
08-05 20:48:19.644   512  2967 D audio_hw_primary: enable_audio_route: apply and update mixer path: low-latency-playback speaker
08-05 20:48:19.652 24743 24833 D Gabe    : call	returning from cache
08-05 20:48:19.656 24743 24743 V EXECUTING: https://project-travel-mate.herokuapp.com/api/get-upcoming-holidays/2020
08-05 20:48:19.659 24743 24743 V EXECUTING: https://project-travel-mate.herokuapp.com/api/get-upcoming-holidays/2020
08-05 20:48:19.687 24743 25266 I art     : Explicit concurrent mark sweep GC freed 687(37KB) AllocSpace objects, 0(0B) LOS objects, 7% free, 184MB/200MB, paused 2.284ms total 67.256ms
08-05 20:48:19.711 24743 25266 I art     : Starting a blocking GC Explicit
08-05 20:48:19.760 13866 13866 I GoogleInputMethodServic: GoogleInputMethodService.onFinishInput():3138 
08-05 20:48:19.761 13866 13866 I GoogleInputMethodServic: GoogleInputMethodService.onStartInput():1808 
08-05 20:48:19.773 24743 25266 I art     : Explicit concurrent mark sweep GC freed 1074(64KB) AllocSpace objects, 0(0B) LOS objects, 7% free, 189MB/205MB, paused 2.480ms total 61.439ms
08-05 20:48:19.867   918   936 I ActivityManager: Displayed baseline.io.github.project_travel_mate/.utilities.UpcomingWeekendsActivity: +245ms
08-05 20:48:20.107   380   380 W SurfaceFlinger: couldn't log to binary event log: overflow.
08-05 20:48:20.189   512  2967 D audio_hw_primary: disable_audio_route: reset and update mixer path: low-latency-playback speaker
08-05 20:48:20.191   512  2967 D audio_hw_primary: disable_snd_device: snd_device(2: speaker)
08-05 20:48:20.199   512  2967 I soundtrigger: audio_extn_sound_trigger_update_device_status: device 0x2 of type 0 for Event 0
08-05 20:48:20.229 24743 25266 I art     : Starting a blocking GC Explicit
08-05 20:48:20.303 24743 25266 I art     : Explicit concurrent mark sweep GC freed 7445(372KB) AllocSpace objects, 6(288KB) LOS objects, 7% free, 189MB/205MB, paused 2.206ms total 73.315ms
08-05 20:48:20.307 24743 27446 I NAPPA_EXPERIMENTATION: MetricNetworkRequestExecutionTime: REQUEST_DURATION_SYSTEM='646',REQUEST_DURATION_OKHTTP='54',REQUEST_SYNCHRONOUS='FALSE',RESPONSE_CODE='200',RESPONSE_METHOD='GET',RESPONSE_LENGTH_OKHTTP='6426',RESPONSE_LENGTH_HEADER='6426',REQUEST_PROTOCOL='http/1.1',REQUEST_URL='https://project-travel-mate.herokuapp.com/api/get-upcoming-holidays/2020',
08-05 20:48:20.326 24743 25266 I art     : Starting a blocking GC Explicit
08-05 20:48:20.339 24743 27445 I NAPPA_EXPERIMENTATION: MetricNetworkRequestExecutionTime: REQUEST_DURATION_SYSTEM='682',REQUEST_DURATION_OKHTTP='86',REQUEST_SYNCHRONOUS='FALSE',RESPONSE_CODE='200',RESPONSE_METHOD='GET',RESPONSE_LENGTH_OKHTTP='6426',RESPONSE_LENGTH_HEADER='6426',REQUEST_PROTOCOL='http/1.1',REQUEST_URL='https://project-travel-mate.herokuapp.com/api/get-upcoming-holidays/2020',
08-05 20:48:20.390 24743 25266 I art     : Explicit concurrent mark sweep GC freed 2330(257KB) AllocSpace objects, 5(208KB) LOS objects, 7% free, 189MB/205MB, paused 2.143ms total 63.467ms
08-05 20:48:20.413 24743 25266 I art     : Starting a blocking GC Explicit
08-05 20:48:20.445 24743 24743 V Response: [{"month":"January","date":1,"day":"Wednesday","name":"New Year's Day","type":"Restricted"},{"month":"January","date":2,"day":"Thursday","name":"Guru Govind Singh Jayanti","type":"Restricted"},{"month":"January","date":14,"day":"Tuesday","name":"Lohri","type":"Restricted"},{"month":"January","date":15,"day":"Wednesday","name":"Pongal","type":"Restricted"},{"month":"January","date":15,"day":"Wednesday","name":"Makar Sankranti","type":"Restricted"},{"month":"January","date":25,"day":"Saturday","name":"Chinese New Year","type":"Observance"},{"month":"January","date":26,"day":"Sunday","name":"Republic Day","type":"Gazetted"},{"month":"January","date":30,"day":"Thursday","name":"Vasant Panchami","type":"Restricted"},{"month":"February","date":9,"day":"Sunday","name":"Guru Ravidas Jayanti","type":"Restricted"},{"month":"February","date":14,"day":"Friday","name":"Valentine's Day","type":"Observance"},{"month":"February","date":18,"day":"Tuesday","name":"Maharishi Dayanand Saraswati Jayanti","type":"Restricted"},{"month":"February","date":19,"day":"Wednesday","name":"Shivaji Jayanti","type":"Restricted"},{"month":"February","date":21,"day":"Friday","name":"Maha Shivaratri/Shivaratri","type":"Gazetted"},{"month":"March","date":9,"day":"Monday","name":"Holika Dahana","type":"Restricted"},{"month":"March","date":9,"day":"Monday","name":"Hazarat Ali's Birthday","type":"Restricted"},{"month":"March","date":10,"day":"Tuesday","name":"Holi","type":"Gazetted"},{"month":"March","date":20,"day":"Friday","name":"March Equinox","type":"Season"},{"month":"March","date":25,"day":"Wednesday","name":"Chaitra Sukhladi","type":"Restricted"},{"month":"April","date":2,"day":"Thursday","name":"Rama Navami","type":"Gazetted"},{"month":"April","date":6,"day":"Monday","name":"Mahavir Jayanti","type":"Gazetted"},{"month":"April","date":9,"day":"Thursday","name":"First day of Passover","type":"Observance"},{"month":"April","date":9,"day":"Thursday","name":"Maundy Thursday","type":"Observance,"},{"month":"April","date":10,"day":"Friday","name":"Good Friday","type":"Gazetted"},{"month":"April","date":12,"day":"Sunday","name":"Easter Day","type":"Restricted"},{"month":"April","date":13,"day":"Monday","name":"Vaisakhi","type":"Restricted"},{"month":"April","date":14,"day":"Tuesday","name":"Mesadi/Vaisakhadi","type":"Restricted"},{"month":"April","date":14,"day":"Tuesday","name":"Ambedkar Jayanti","type":"Central"},{"month":"May","date":1,"day":"Friday","name":"May Day","type":"Observance"},{"month":"May","date":7,"day":"Thursday","name":"Buddha Purnima/Vesak","type":"Gazetted"},{"month":"May","date":7,"day":"Thursday","name":"Birthday of Ravindranath","type":"Restricted"},{"month":"May","date":10,"day":"Sunday","name":"Mother's Day","type":"Observance"},{"month":"May","date":22,"day":"Friday","name":"Jamat Ul-Vida","type":"Restricted"},{"month":"May","date":25,"day":"Monday","name":"Ramzan Id/Eid-ul-Fitar","type":"Gazetted"},{"month":"May","date":25,"day":"Monday","name":"Ramzan Id/Eid-ul-Fitar","type":"Muslim,"},{"month":"June","date":21,"day":"Sunday","name":"June Solstice","type":"Season"},{"month":"June","date":21,"day":"Sunday","name":"Father's Day","type":"Observance"},{"month":"June","date":23,"day":"Tuesday","name":"Rath Yatra","type":"Restricted"},{"month":"July","date":5,"day":"Sunday","name":"Guru Purnima","type":"Observance"},{"month":"July","date":31,"day":"Friday","name":"Bakr Id/Eid ul-Adha","type":"Gazetted"},{"month":"August","date":2,"day":"Sunday","name":"Friendship Day","type":"Observance"},{"month":"August","date":3,"day":"Monday","name":"Raksha Bandhan (Rakhi)","type":"Restricted"},{"month":"August","date":11,"day":"Tuesday","name":"Janmashtami (Smarta)","type":"Restricted"},{"month":"August","date":12,"day":"Wednesday","name":"Janmashtami","type":"Gazetted"},{"month":"August","date":15,"day":"Saturday","name":"Independence Day","type":"Gazetted"},{"month":"August","date":16,"day":"Sunday","name":"Parsi New Year","type":"Restricted"},{"month":"August","date":22,"day":"Saturday","name":"Ganesh Chaturthi/Vin
08-05 20:48:20.449 24743 24743 V Response: [{"month":"January","date":1,"day":"Wednesday","name":"New Year's Day","type":"Restricted"},{"month":"January","date":2,"day":"Thursday","name":"Guru Govind Singh Jayanti","type":"Restricted"},{"month":"January","date":14,"day":"Tuesday","name":"Lohri","type":"Restricted"},{"month":"January","date":15,"day":"Wednesday","name":"Pongal","type":"Restricted"},{"month":"January","date":15,"day":"Wednesday","name":"Makar Sankranti","type":"Restricted"},{"month":"January","date":25,"day":"Saturday","name":"Chinese New Year","type":"Observance"},{"month":"January","date":26,"day":"Sunday","name":"Republic Day","type":"Gazetted"},{"month":"January","date":30,"day":"Thursday","name":"Vasant Panchami","type":"Restricted"},{"month":"February","date":9,"day":"Sunday","name":"Guru Ravidas Jayanti","type":"Restricted"},{"month":"February","date":14,"day":"Friday","name":"Valentine's Day","type":"Observance"},{"month":"February","date":18,"day":"Tuesday","name":"Maharishi Dayanand Saraswati Jayanti","type":"Restricted"},{"month":"February","date":19,"day":"Wednesday","name":"Shivaji Jayanti","type":"Restricted"},{"month":"February","date":21,"day":"Friday","name":"Maha Shivaratri/Shivaratri","type":"Gazetted"},{"month":"March","date":9,"day":"Monday","name":"Holika Dahana","type":"Restricted"},{"month":"March","date":9,"day":"Monday","name":"Hazarat Ali's Birthday","type":"Restricted"},{"month":"March","date":10,"day":"Tuesday","name":"Holi","type":"Gazetted"},{"month":"March","date":20,"day":"Friday","name":"March Equinox","type":"Season"},{"month":"March","date":25,"day":"Wednesday","name":"Chaitra Sukhladi","type":"Restricted"},{"month":"April","date":2,"day":"Thursday","name":"Rama Navami","type":"Gazetted"},{"month":"April","date":6,"day":"Monday","name":"Mahavir Jayanti","type":"Gazetted"},{"month":"April","date":9,"day":"Thursday","name":"First day of Passover","type":"Observance"},{"month":"April","date":9,"day":"Thursday","name":"Maundy Thursday","type":"Observance,"},{"month":"April","date":10,"day":"Friday","name":"Good Friday","type":"Gazetted"},{"month":"April","date":12,"day":"Sunday","name":"Easter Day","type":"Restricted"},{"month":"April","date":13,"day":"Monday","name":"Vaisakhi","type":"Restricted"},{"month":"April","date":14,"day":"Tuesday","name":"Mesadi/Vaisakhadi","type":"Restricted"},{"month":"April","date":14,"day":"Tuesday","name":"Ambedkar Jayanti","type":"Central"},{"month":"May","date":1,"day":"Friday","name":"May Day","type":"Observance"},{"month":"May","date":7,"day":"Thursday","name":"Buddha Purnima/Vesak","type":"Gazetted"},{"month":"May","date":7,"day":"Thursday","name":"Birthday of Ravindranath","type":"Restricted"},{"month":"May","date":10,"day":"Sunday","name":"Mother's Day","type":"Observance"},{"month":"May","date":22,"day":"Friday","name":"Jamat Ul-Vida","type":"Restricted"},{"month":"May","date":25,"day":"Monday","name":"Ramzan Id/Eid-ul-Fitar","type":"Gazetted"},{"month":"May","date":25,"day":"Monday","name":"Ramzan Id/Eid-ul-Fitar","type":"Muslim,"},{"month":"June","date":21,"day":"Sunday","name":"June Solstice","type":"Season"},{"month":"June","date":21,"day":"Sunday","name":"Father's Day","type":"Observance"},{"month":"June","date":23,"day":"Tuesday","name":"Rath Yatra","type":"Restricted"},{"month":"July","date":5,"day":"Sunday","name":"Guru Purnima","type":"Observance"},{"month":"July","date":31,"day":"Friday","name":"Bakr Id/Eid ul-Adha","type":"Gazetted"},{"month":"August","date":2,"day":"Sunday","name":"Friendship Day","type":"Observance"},{"month":"August","date":3,"day":"Monday","name":"Raksha Bandhan (Rakhi)","type":"Restricted"},{"month":"August","date":11,"day":"Tuesday","name":"Janmashtami (Smarta)","type":"Restricted"},{"month":"August","date":12,"day":"Wednesday","name":"Janmashtami","type":"Gazetted"},{"month":"August","date":15,"day":"Saturday","name":"Independence Day","type":"Gazetted"},{"month":"August","date":16,"day":"Sunday","name":"Parsi New Year","type":"Restricted"},{"month":"August","date":22,"day":"Saturday","name":"Ganesh Chaturthi/Vin
08-05 20:48:20.477 24743 25266 I art     : Explicit concurrent mark sweep GC freed 6224(229KB) AllocSpace objects, 0(0B) LOS objects, 7% free, 189MB/205MB, paused 2.251ms total 63.698ms
08-05 20:48:20.500 24743 25266 I art     : Starting a blocking GC Explicit
08-05 20:48:20.573 24743 25266 I art     : Explicit concurrent mark sweep GC freed 3118(113KB) AllocSpace objects, 0(0B) LOS objects, 7% free, 189MB/205MB, paused 2.138ms total 72.147ms
08-05 20:48:20.599 24743 25266 I art     : Starting a blocking GC Explicit
08-05 20:48:20.677 24743 25266 I art     : Explicit concurrent mark sweep GC freed 379(11KB) AllocSpace objects, 1(4MB) LOS objects, 7% free, 185MB/201MB, paused 2.236ms total 78.301ms
08-05 20:48:21.130 24743 27315 I art     : Starting a blocking GC Explicit
08-05 20:48:21.209 24743 27315 I art     : Explicit concurrent mark sweep GC freed 2430(108KB) AllocSpace objects, 2(48KB) LOS objects, 7% free, 185MB/201MB, paused 2.067ms total 78.599ms
08-05 20:48:21.236 24743 27315 I art     : Starting a blocking GC Explicit
08-05 20:48:21.314 24743 27315 I art     : Explicit concurrent mark sweep GC freed 198(3KB) AllocSpace objects, 0(0B) LOS objects, 7% free, 185MB/201MB, paused 2.293ms total 77.026ms
08-05 20:48:21.341 24743 27315 I art     : Starting a blocking GC Explicit
08-05 20:48:21.420 24743 27315 I art     : Explicit concurrent mark sweep GC freed 158(3KB) AllocSpace objects, 0(0B) LOS objects, 7% free, 185MB/201MB, paused 2.216ms total 78.122ms
08-05 20:48:21.448 24743 27315 I art     : Starting a blocking GC Explicit
08-05 20:48:21.525 24743 27315 I art     : Explicit concurrent mark sweep GC freed 158(3KB) AllocSpace objects, 0(0B) LOS objects, 7% free, 185MB/201MB, paused 2.121ms total 77.313ms
08-05 20:48:21.553 24743 27315 I art     : Starting a blocking GC Explicit
08-05 20:48:21.632 24743 27315 I art     : Explicit concurrent mark sweep GC freed 181(3KB) AllocSpace objects, 0(0B) LOS objects, 7% free, 185MB/201MB, paused 2.232ms total 78.393ms
08-05 20:48:22.106 24743 24771 I art     : Starting a blocking GC Explicit
08-05 20:48:22.185 24743 24771 I art     : Explicit concurrent mark sweep GC freed 2415(107KB) AllocSpace objects, 2(48KB) LOS objects, 7% free, 185MB/201MB, paused 2.099ms total 78.667ms
08-05 20:48:22.212 24743 24771 I art     : Starting a blocking GC Explicit
08-05 20:48:22.290 24743 24771 I art     : Explicit concurrent mark sweep GC freed 211(4KB) AllocSpace objects, 0(0B) LOS objects, 7% free, 185MB/201MB, paused 2.137ms total 77.425ms
08-05 20:48:22.318 24743 24771 I art     : Starting a blocking GC Explicit
08-05 20:48:22.396 24743 24771 I art     : Explicit concurrent mark sweep GC freed 149(2528B) AllocSpace objects, 0(0B) LOS objects, 7% free, 185MB/201MB, paused 2.317ms total 77.425ms
08-05 20:48:22.398   518   646 I ThermalEngine: ACTION: GPU - Setting GPU[0] to 450000000
08-05 20:48:22.421 24743 24771 I art     : Starting a blocking GC Explicit
08-05 20:48:22.481 24743 24771 I art     : Explicit concurrent mark sweep GC freed 144(2432B) AllocSpace objects, 0(0B) LOS objects, 7% free, 185MB/201MB, paused 1.358ms total 59.829ms
08-05 20:48:22.501 24743 24771 I art     : Starting a blocking GC Explicit
08-05 20:48:22.567 24743 24771 I art     : Explicit concurrent mark sweep GC freed 123(2096B) AllocSpace objects, 0(0B) LOS objects, 7% free, 185MB/201MB, paused 1.447ms total 65.715ms
08-05 20:48:23.016 24743 24762 I art     : Starting a blocking GC Explicit
08-05 20:48:23.087 24743 24762 I art     : Explicit concurrent mark sweep GC freed 2394(108KB) AllocSpace objects, 2(48KB) LOS objects, 7% free, 185MB/201MB, paused 1.372ms total 70.905ms
08-05 20:48:23.106 24743 24762 I art     : Starting a blocking GC Explicit
08-05 20:48:23.172 24743 24762 I art     : Explicit concurrent mark sweep GC freed 174(3KB) AllocSpace objects, 0(0B) LOS objects, 7% free, 185MB/201MB, paused 1.598ms total 65.009ms
08-05 20:48:23.192 24743 24762 I art     : Starting a blocking GC Explicit
08-05 20:48:23.255 24743 24762 I art     : Explicit concurrent mark sweep GC freed 160(3KB) AllocSpace objects, 0(0B) LOS objects, 7% free, 185MB/201MB, paused 1.415ms total 63.477ms
08-05 20:48:23.275 24743 24762 I art     : Starting a blocking GC Explicit
08-05 20:48:23.344 24743 24762 I art     : Explicit concurrent mark sweep GC freed 123(2096B) AllocSpace objects, 0(0B) LOS objects, 7% free, 185MB/201MB, paused 1.400ms total 68.064ms
08-05 20:48:23.364 24743 24762 I art     : Starting a blocking GC Explicit
08-05 20:48:23.424 24743 24762 I art     : Explicit concurrent mark sweep GC freed 123(2096B) AllocSpace objects, 0(0B) LOS objects, 7% free, 185MB/201MB, paused 1.358ms total 59.969ms
08-05 20:48:23.851 24743 24760 I art     : Starting a blocking GC Explicit
08-05 20:48:23.915 24743 24760 I art     : Explicit concurrent mark sweep GC freed 2343(106KB) AllocSpace objects, 2(48KB) LOS objects, 7% free, 185MB/201MB, paused 1.335ms total 63.241ms
08-05 20:48:23.934 24743 24760 I art     : Starting a blocking GC Explicit
08-05 20:48:23.994 24743 24760 I art     : Explicit concurrent mark sweep GC freed 138(3KB) AllocSpace objects, 0(0B) LOS objects, 7% free, 185MB/201MB, paused 1.324ms total 59.104ms
08-05 20:48:24.013 24743 24760 I art     : Starting a blocking GC Explicit
08-05 20:48:24.077 24743 24760 I art     : Explicit concurrent mark sweep GC freed 123(2096B) AllocSpace objects, 0(0B) LOS objects, 7% free, 185MB/201MB, paused 1.372ms total 63.596ms
08-05 20:48:24.097 24743 24760 I art     : Starting a blocking GC Explicit
08-05 20:48:24.161 24743 24760 I art     : Explicit concurrent mark sweep GC freed 121(2048B) AllocSpace objects, 0(0B) LOS objects, 7% free, 185MB/201MB, paused 1.429ms total 64.111ms
08-05 20:48:24.182 24743 24760 I art     : Starting a blocking GC Explicit
08-05 20:48:24.246 24743 24760 I art     : Explicit concurrent mark sweep GC freed 161(3KB) AllocSpace objects, 0(0B) LOS objects, 7% free, 185MB/201MB, paused 1.436ms total 63.679ms
08-05 20:48:24.417 27500 27500 D AndroidRuntime: >>>>>> START com.android.internal.os.RuntimeInit uid 2000 <<<<<<
08-05 20:48:24.424 27500 27500 D AndroidRuntime: CheckJNI is OFF
08-05 20:48:24.465 27500 27500 D ICU     : No timezone override file found: /data/misc/zoneinfo/current/icu/icu_tzdata.dat
08-05 20:48:24.506 27500 27500 I Radio-JNI: register_android_hardware_Radio DONE
08-05 20:48:24.535 27500 27500 D AndroidRuntime: Calling main entry com.android.commands.input.Input
08-05 20:48:24.536 27500 27500 I Input   : injectKeyEvent: KeyEvent { action=ACTION_DOWN, keyCode=KEYCODE_BACK, scanCode=0, metaState=0, flags=0x0, repeatCount=0, eventTime=823720949, downTime=823720949, deviceId=-1, source=0x101 }
08-05 20:48:24.541 27500 27500 I Input   : injectKeyEvent: KeyEvent { action=ACTION_UP, keyCode=KEYCODE_BACK, scanCode=0, metaState=0, flags=0x0, repeatCount=0, eventTime=823720949, downTime=823720949, deviceId=-1, source=0x101 }
08-05 20:48:24.547 27500 27500 D AndroidRuntime: Shutting down VM
08-05 20:48:24.562 24743 24743 V MainActivity: url = https://project-travel-mate.herokuapp.com/api/number-of-unread-notifications
08-05 20:48:24.592 13866 13866 I GoogleInputMethodServic: GoogleInputMethodService.onFinishInput():3138 
08-05 20:48:24.592 13866 13866 I GoogleInputMethodServic: GoogleInputMethodService.onStartInput():1808 
08-05 20:48:24.699 24743 24762 I art     : Starting a blocking GC Explicit
08-05 20:48:24.752 24743 24762 I art     : Explicit concurrent mark sweep GC freed 2755(127KB) AllocSpace objects, 2(48KB) LOS objects, 7% free, 185MB/201MB, paused 1.292ms total 52.858ms
08-05 20:48:24.762 13866 13882 I PeriodicStatsRunner: PeriodicStatsRunner.call():175 call()
08-05 20:48:24.762 13866 13882 I PeriodicStatsRunner: PeriodicStatsRunner.call():179 No submit PeriodicStats since input started.
08-05 20:48:24.770 24743 24762 I art     : Starting a blocking GC Explicit
08-05 20:48:24.826 24743 24762 I art     : Explicit concurrent mark sweep GC freed 204(6KB) AllocSpace objects, 0(0B) LOS objects, 7% free, 185MB/201MB, paused 1.422ms total 55.368ms
08-05 20:48:24.850 24743 24762 I art     : Starting a blocking GC Explicit
08-05 20:48:24.921 24743 24762 I art     : Explicit concurrent mark sweep GC freed 151(2688B) AllocSpace objects, 0(0B) LOS objects, 7% free, 185MB/201MB, paused 1.558ms total 70.628ms
08-05 20:48:24.928   380   380 W SurfaceFlinger: couldn't log to binary event log: overflow.
08-05 20:48:24.942 24743 24762 I art     : Starting a blocking GC Explicit
08-05 20:48:25.001 24743 24762 I art     : Explicit concurrent mark sweep GC freed 51(1504B) AllocSpace objects, 1(188KB) LOS objects, 7% free, 185MB/201MB, paused 1.545ms total 59.041ms
08-05 20:48:25.021 24743 24762 I art     : Starting a blocking GC Explicit
08-05 20:48:25.082 24743 24762 I art     : Explicit concurrent mark sweep GC freed 6627(360KB) AllocSpace objects, 13(264KB) LOS objects, 7% free, 184MB/200MB, paused 1.454ms total 60.277ms
08-05 20:48:25.504 24743 25266 I art     : Starting a blocking GC Explicit
08-05 20:48:25.580 24743 25266 I art     : Explicit concurrent mark sweep GC freed 1704(97KB) AllocSpace objects, 2(48KB) LOS objects, 7% free, 184MB/200MB, paused 1.606ms total 75.984ms
08-05 20:48:25.604 24743 25266 I art     : Starting a blocking GC Explicit
08-05 20:48:25.673 24743 25266 I art     : Explicit concurrent mark sweep GC freed 2408(126KB) AllocSpace objects, 3(200KB) LOS objects, 7% free, 185MB/201MB, paused 2.365ms total 69.308ms
08-05 20:48:25.693 24743 25266 I art     : Starting a blocking GC Explicit
08-05 20:48:25.711 24743 27524 I NAPPA_EXPERIMENTATION: MetricNetworkRequestExecutionTime: REQUEST_DURATION_SYSTEM='1148',REQUEST_DURATION_OKHTTP='39',REQUEST_SYNCHRONOUS='FALSE',RESPONSE_CODE='200',RESPONSE_METHOD='GET',RESPONSE_LENGTH_OKHTTP='36',RESPONSE_LENGTH_HEADER='36',REQUEST_PROTOCOL='http/1.1',REQUEST_URL='https://project-travel-mate.herokuapp.com/api/number-of-unread-notifications',
08-05 20:48:25.753 24743 25266 I art     : Explicit concurrent mark sweep GC freed 1248(133KB) AllocSpace objects, 0(0B) LOS objects, 7% free, 184MB/200MB, paused 1.411ms total 59.402ms
08-05 20:48:25.772 24743 25266 I art     : Starting a blocking GC Explicit
08-05 20:48:25.829 24743 25266 I art     : Explicit concurrent mark sweep GC freed 136(5KB) AllocSpace objects, 0(0B) LOS objects, 7% free, 184MB/200MB, paused 1.457ms total 57.063ms
08-05 20:48:25.849 24743 25266 I art     : Starting a blocking GC Explicit
08-05 20:48:25.906 24743 25266 I art     : Explicit concurrent mark sweep GC freed 3(96B) AllocSpace objects, 0(0B) LOS objects, 7% free, 184MB/200MB, paused 1.449ms total 56.892ms
08-05 20:48:26.298 27536 27536 D AndroidRuntime: >>>>>> START com.android.internal.os.RuntimeInit uid 2000 <<<<<<
08-05 20:48:26.303 27536 27536 D AndroidRuntime: CheckJNI is OFF
08-05 20:48:26.310 24743 24760 I art     : Starting a blocking GC Explicit
08-05 20:48:26.342 27536 27536 D ICU     : No timezone override file found: /data/misc/zoneinfo/current/icu/icu_tzdata.dat
08-05 20:48:26.363 24743 24760 I art     : Explicit concurrent mark sweep GC freed 1670(95KB) AllocSpace objects, 2(48KB) LOS objects, 7% free, 184MB/200MB, paused 1.420ms total 53.087ms
08-05 20:48:26.382 27536 27536 I Radio-JNI: register_android_hardware_Radio DONE
08-05 20:48:26.383 24743 24760 I art     : Starting a blocking GC Explicit
08-05 20:48:26.410 27536 27536 D AndroidRuntime: Calling main entry com.android.commands.input.Input
08-05 20:48:26.412 27536 27536 I Input   : injectMotionEvent: MotionEvent { action=ACTION_DOWN, actionButton=0, id[0]=0, x[0]=657.0, y[0]=2080.0, toolType[0]=TOOL_TYPE_UNKNOWN, buttonState=0, metaState=0, flags=0x0, edgeFlags=0x0, pointerCount=1, historySize=0, eventTime=823722824, downTime=823722824, deviceId=0, source=0x1002 }
08-05 20:48:26.429 27536 27536 I Input   : injectMotionEvent: MotionEvent { action=ACTION_UP, actionButton=0, id[0]=0, x[0]=657.0, y[0]=2080.0, toolType[0]=TOOL_TYPE_UNKNOWN, buttonState=0, metaState=0, flags=0x0, edgeFlags=0x0, pointerCount=1, historySize=0, eventTime=823722824, downTime=823722824, deviceId=0, source=0x1002 }
08-05 20:48:26.437 24743 24760 I art     : Explicit concurrent mark sweep GC freed 32(1168B) AllocSpace objects, 0(0B) LOS objects, 7% free, 184MB/200MB, paused 1.450ms total 53.454ms
08-05 20:48:26.456 24743 24760 I art     : Starting a blocking GC Explicit
08-05 20:48:26.470 27536 27536 D AndroidRuntime: Shutting down VM
08-05 20:48:26.508   918  5952 I ActivityManager: START u0 {cmp=baseline.io.github.project_travel_mate/.utilities.UpcomingWeekendsActivity} from uid 10674 on display 0
08-05 20:48:26.509   512  2967 D audio_hw_primary: out_set_parameters: enter: usecase(1: low-latency-playback) kvpairs: routing=2
08-05 20:48:26.513 24743 24760 I art     : Explicit concurrent mark sweep GC freed 7(208B) AllocSpace objects, 0(0B) LOS objects, 7% free, 184MB/200MB, paused 1.454ms total 56.727ms
08-05 20:48:26.522   512  2967 D audio_hw_primary: select_devices: out_snd_device(2: speaker) in_snd_device(0: none)
08-05 20:48:26.522   512  2967 D msm8974_platform: platform_send_audio_calibration: sending audio calibration for snd_device(2) acdb_id(15)
08-05 20:48:26.522   512  2967 I soundtrigger: audio_extn_sound_trigger_update_device_status: device 0x2 of type 0 for Event 1
08-05 20:48:26.533 24743 24760 I art     : Starting a blocking GC Explicit
08-05 20:48:26.533   512  2967 D audio_hw_primary: enable_snd_device: snd_device(2: speaker)
08-05 20:48:26.535   512  2967 D audio_hw_primary: enable_audio_route: apply and update mixer path: low-latency-playback speaker
08-05 20:48:26.541 24743 24833 D Gabe    : call	returning from cache
08-05 20:48:26.543 24743 24743 V EXECUTING: https://project-travel-mate.herokuapp.com/api/get-upcoming-holidays/2020
08-05 20:48:26.546 24743 24743 V EXECUTING: https://project-travel-mate.herokuapp.com/api/get-upcoming-holidays/2020
08-05 20:48:26.586 24743 24760 I art     : Explicit concurrent mark sweep GC freed 725(56KB) AllocSpace objects, 0(0B) LOS objects, 7% free, 185MB/201MB, paused 1.742ms total 52.658ms
08-05 20:48:26.605 24743 24760 I art     : Starting a blocking GC Explicit
08-05 20:48:26.625 13866 13866 I GoogleInputMethodServic: GoogleInputMethodService.onFinishInput():3138 
08-05 20:48:26.626 13866 13866 I GoogleInputMethodServic: GoogleInputMethodService.onStartInput():1808 
08-05 20:48:26.661 24743 24760 I art     : Explicit concurrent mark sweep GC freed 941(36KB) AllocSpace objects, 0(0B) LOS objects, 7% free, 189MB/205MB, paused 1.851ms total 55.673ms
08-05 20:48:26.727   918   936 I ActivityManager: Displayed baseline.io.github.project_travel_mate/.utilities.UpcomingWeekendsActivity: +210ms
08-05 20:48:26.793 23554 23554 I ServiceManager: Waiting for service AtCmdFwd...
08-05 20:48:26.982   380   380 W SurfaceFlinger: couldn't log to binary event log: overflow.
08-05 20:48:27.044 24743 27315 I art     : Starting a blocking GC Explicit
08-05 20:48:27.079   512  2967 D audio_hw_primary: disable_audio_route: reset and update mixer path: low-latency-playback speaker
08-05 20:48:27.081   512  2967 D audio_hw_primary: disable_snd_device: snd_device(2: speaker)
08-05 20:48:27.090   512  2967 I soundtrigger: audio_extn_sound_trigger_update_device_status: device 0x2 of type 0 for Event 0
08-05 20:48:27.109 24743 27315 I art     : Explicit concurrent mark sweep GC freed 6181(329KB) AllocSpace objects, 7(368KB) LOS objects, 7% free, 189MB/205MB, paused 2.147ms total 64.509ms
08-05 20:48:27.130 24743 27315 I art     : Starting a blocking GC Explicit
08-05 20:48:27.185 24743 27561 I NAPPA_EXPERIMENTATION: MetricNetworkRequestExecutionTime: REQUEST_DURATION_SYSTEM='640',REQUEST_DURATION_OKHTTP='71',REQUEST_SYNCHRONOUS='FALSE',RESPONSE_CODE='200',RESPONSE_METHOD='GET',RESPONSE_LENGTH_OKHTTP='6426',RESPONSE_LENGTH_HEADER='6426',REQUEST_PROTOCOL='http/1.1',REQUEST_URL='https://project-travel-mate.herokuapp.com/api/get-upcoming-holidays/2020',
08-05 20:48:27.185 24743 27315 I art     : Explicit concurrent mark sweep GC freed 3362(286KB) AllocSpace objects, 1(80KB) LOS objects, 7% free, 189MB/205MB, paused 1.779ms total 54.884ms
08-05 20:48:27.192 24743 27562 I NAPPA_EXPERIMENTATION: MetricNetworkRequestExecutionTime: REQUEST_DURATION_SYSTEM='645',REQUEST_DURATION_OKHTTP='73',REQUEST_SYNCHRONOUS='FALSE',RESPONSE_CODE='200',RESPONSE_METHOD='GET',RESPONSE_LENGTH_OKHTTP='6426',RESPONSE_LENGTH_HEADER='6426',REQUEST_PROTOCOL='http/1.1',REQUEST_URL='https://project-travel-mate.herokuapp.com/api/get-upcoming-holidays/2020',
08-05 20:48:27.204 24743 27315 I art     : Starting a blocking GC Explicit
08-05 20:48:27.260 24743 27315 I art     : Explicit concurrent mark sweep GC freed 443(27KB) AllocSpace objects, 3(48KB) LOS objects, 7% free, 189MB/205MB, paused 1.610ms total 56.054ms
08-05 20:48:27.280 24743 27315 I art     : Starting a blocking GC Explicit
08-05 20:48:27.299 24743 24743 V Response: [{"month":"January","date":1,"day":"Wednesday","name":"New Year's Day","type":"Restricted"},{"month":"January","date":2,"day":"Thursday","name":"Guru Govind Singh Jayanti","type":"Restricted"},{"month":"January","date":14,"day":"Tuesday","name":"Lohri","type":"Restricted"},{"month":"January","date":15,"day":"Wednesday","name":"Pongal","type":"Restricted"},{"month":"January","date":15,"day":"Wednesday","name":"Makar Sankranti","type":"Restricted"},{"month":"January","date":25,"day":"Saturday","name":"Chinese New Year","type":"Observance"},{"month":"January","date":26,"day":"Sunday","name":"Republic Day","type":"Gazetted"},{"month":"January","date":30,"day":"Thursday","name":"Vasant Panchami","type":"Restricted"},{"month":"February","date":9,"day":"Sunday","name":"Guru Ravidas Jayanti","type":"Restricted"},{"month":"February","date":14,"day":"Friday","name":"Valentine's Day","type":"Observance"},{"month":"February","date":18,"day":"Tuesday","name":"Maharishi Dayanand Saraswati Jayanti","type":"Restricted"},{"month":"February","date":19,"day":"Wednesday","name":"Shivaji Jayanti","type":"Restricted"},{"month":"February","date":21,"day":"Friday","name":"Maha Shivaratri/Shivaratri","type":"Gazetted"},{"month":"March","date":9,"day":"Monday","name":"Holika Dahana","type":"Restricted"},{"month":"March","date":9,"day":"Monday","name":"Hazarat Ali's Birthday","type":"Restricted"},{"month":"March","date":10,"day":"Tuesday","name":"Holi","type":"Gazetted"},{"month":"March","date":20,"day":"Friday","name":"March Equinox","type":"Season"},{"month":"March","date":25,"day":"Wednesday","name":"Chaitra Sukhladi","type":"Restricted"},{"month":"April","date":2,"day":"Thursday","name":"Rama Navami","type":"Gazetted"},{"month":"April","date":6,"day":"Monday","name":"Mahavir Jayanti","type":"Gazetted"},{"month":"April","date":9,"day":"Thursday","name":"First day of Passover","type":"Observance"},{"month":"April","date":9,"day":"Thursday","name":"Maundy Thursday","type":"Observance,"},{"month":"April","date":10,"day":"Friday","name":"Good Friday","type":"Gazetted"},{"month":"April","date":12,"day":"Sunday","name":"Easter Day","type":"Restricted"},{"month":"April","date":13,"day":"Monday","name":"Vaisakhi","type":"Restricted"},{"month":"April","date":14,"day":"Tuesday","name":"Mesadi/Vaisakhadi","type":"Restricted"},{"month":"April","date":14,"day":"Tuesday","name":"Ambedkar Jayanti","type":"Central"},{"month":"May","date":1,"day":"Friday","name":"May Day","type":"Observance"},{"month":"May","date":7,"day":"Thursday","name":"Buddha Purnima/Vesak","type":"Gazetted"},{"month":"May","date":7,"day":"Thursday","name":"Birthday of Ravindranath","type":"Restricted"},{"month":"May","date":10,"day":"Sunday","name":"Mother's Day","type":"Observance"},{"month":"May","date":22,"day":"Friday","name":"Jamat Ul-Vida","type":"Restricted"},{"month":"May","date":25,"day":"Monday","name":"Ramzan Id/Eid-ul-Fitar","type":"Gazetted"},{"month":"May","date":25,"day":"Monday","name":"Ramzan Id/Eid-ul-Fitar","type":"Muslim,"},{"month":"June","date":21,"day":"Sunday","name":"June Solstice","type":"Season"},{"month":"June","date":21,"day":"Sunday","name":"Father's Day","type":"Observance"},{"month":"June","date":23,"day":"Tuesday","name":"Rath Yatra","type":"Restricted"},{"month":"July","date":5,"day":"Sunday","name":"Guru Purnima","type":"Observance"},{"month":"July","date":31,"day":"Friday","name":"Bakr Id/Eid ul-Adha","type":"Gazetted"},{"month":"August","date":2,"day":"Sunday","name":"Friendship Day","type":"Observance"},{"month":"August","date":3,"day":"Monday","name":"Raksha Bandhan (Rakhi)","type":"Restricted"},{"month":"August","date":11,"day":"Tuesday","name":"Janmashtami (Smarta)","type":"Restricted"},{"month":"August","date":12,"day":"Wednesday","name":"Janmashtami","type":"Gazetted"},{"month":"August","date":15,"day":"Saturday","name":"Independence Day","type":"Gazetted"},{"month":"August","date":16,"day":"Sunday","name":"Parsi New Year","type":"Restricted"},{"month":"August","date":22,"day":"Saturday","name":"Ganesh Chaturthi/Vin
08-05 20:48:27.302 24743 24743 V Response: [{"month":"January","date":1,"day":"Wednesday","name":"New Year's Day","type":"Restricted"},{"month":"January","date":2,"day":"Thursday","name":"Guru Govind Singh Jayanti","type":"Restricted"},{"month":"January","date":14,"day":"Tuesday","name":"Lohri","type":"Restricted"},{"month":"January","date":15,"day":"Wednesday","name":"Pongal","type":"Restricted"},{"month":"January","date":15,"day":"Wednesday","name":"Makar Sankranti","type":"Restricted"},{"month":"January","date":25,"day":"Saturday","name":"Chinese New Year","type":"Observance"},{"month":"January","date":26,"day":"Sunday","name":"Republic Day","type":"Gazetted"},{"month":"January","date":30,"day":"Thursday","name":"Vasant Panchami","type":"Restricted"},{"month":"February","date":9,"day":"Sunday","name":"Guru Ravidas Jayanti","type":"Restricted"},{"month":"February","date":14,"day":"Friday","name":"Valentine's Day","type":"Observance"},{"month":"February","date":18,"day":"Tuesday","name":"Maharishi Dayanand Saraswati Jayanti","type":"Restricted"},{"month":"February","date":19,"day":"Wednesday","name":"Shivaji Jayanti","type":"Restricted"},{"month":"February","date":21,"day":"Friday","name":"Maha Shivaratri/Shivaratri","type":"Gazetted"},{"month":"March","date":9,"day":"Monday","name":"Holika Dahana","type":"Restricted"},{"month":"March","date":9,"day":"Monday","name":"Hazarat Ali's Birthday","type":"Restricted"},{"month":"March","date":10,"day":"Tuesday","name":"Holi","type":"Gazetted"},{"month":"March","date":20,"day":"Friday","name":"March Equinox","type":"Season"},{"month":"March","date":25,"day":"Wednesday","name":"Chaitra Sukhladi","type":"Restricted"},{"month":"April","date":2,"day":"Thursday","name":"Rama Navami","type":"Gazetted"},{"month":"April","date":6,"day":"Monday","name":"Mahavir Jayanti","type":"Gazetted"},{"month":"April","date":9,"day":"Thursday","name":"First day of Passover","type":"Observance"},{"month":"April","date":9,"day":"Thursday","name":"Maundy Thursday","type":"Observance,"},{"month":"April","date":10,"day":"Friday","name":"Good Friday","type":"Gazetted"},{"month":"April","date":12,"day":"Sunday","name":"Easter Day","type":"Restricted"},{"month":"April","date":13,"day":"Monday","name":"Vaisakhi","type":"Restricted"},{"month":"April","date":14,"day":"Tuesday","name":"Mesadi/Vaisakhadi","type":"Restricted"},{"month":"April","date":14,"day":"Tuesday","name":"Ambedkar Jayanti","type":"Central"},{"month":"May","date":1,"day":"Friday","name":"May Day","type":"Observance"},{"month":"May","date":7,"day":"Thursday","name":"Buddha Purnima/Vesak","type":"Gazetted"},{"month":"May","date":7,"day":"Thursday","name":"Birthday of Ravindranath","type":"Restricted"},{"month":"May","date":10,"day":"Sunday","name":"Mother's Day","type":"Observance"},{"month":"May","date":22,"day":"Friday","name":"Jamat Ul-Vida","type":"Restricted"},{"month":"May","date":25,"day":"Monday","name":"Ramzan Id/Eid-ul-Fitar","type":"Gazetted"},{"month":"May","date":25,"day":"Monday","name":"Ramzan Id/Eid-ul-Fitar","type":"Muslim,"},{"month":"June","date":21,"day":"Sunday","name":"June Solstice","type":"Season"},{"month":"June","date":21,"day":"Sunday","name":"Father's Day","type":"Observance"},{"month":"June","date":23,"day":"Tuesday","name":"Rath Yatra","type":"Restricted"},{"month":"July","date":5,"day":"Sunday","name":"Guru Purnima","type":"Observance"},{"month":"July","date":31,"day":"Friday","name":"Bakr Id/Eid ul-Adha","type":"Gazetted"},{"month":"August","date":2,"day":"Sunday","name":"Friendship Day","type":"Observance"},{"month":"August","date":3,"day":"Monday","name":"Raksha Bandhan (Rakhi)","type":"Restricted"},{"month":"August","date":11,"day":"Tuesday","name":"Janmashtami (Smarta)","type":"Restricted"},{"month":"August","date":12,"day":"Wednesday","name":"Janmashtami","type":"Gazetted"},{"month":"August","date":15,"day":"Saturday","name":"Independence Day","type":"Gazetted"},{"month":"August","date":16,"day":"Sunday","name":"Parsi New Year","type":"Restricted"},{"month":"August","date":22,"day":"Saturday","name":"Ganesh Chaturthi/Vin
08-05 20:48:27.335 24743 27315 I art     : Explicit concurrent mark sweep GC freed 7030(254KB) AllocSpace objects, 0(0B) LOS objects, 7% free, 189MB/205MB, paused 1.839ms total 55.452ms
08-05 20:48:27.354 24743 27315 I art     : Starting a blocking GC Explicit
08-05 20:48:27.414 24743 27315 I art     : Explicit concurrent mark sweep GC freed 2398(86KB) AllocSpace objects, 0(0B) LOS objects, 7% free, 190MB/206MB, paused 1.535ms total 59.439ms
08-05 20:48:27.794 23554 23554 I ServiceManager: Waiting for service AtCmdFwd...
08-05 20:48:27.816 24743 24760 I art     : Starting a blocking GC Explicit
08-05 20:48:27.882 24743 24760 I art     : Explicit concurrent mark sweep GC freed 2474(113KB) AllocSpace objects, 3(4MB) LOS objects, 7% free, 185MB/201MB, paused 1.522ms total 65.186ms
08-05 20:48:27.902 24743 24760 I art     : Starting a blocking GC Explicit
08-05 20:48:27.964 24743 24760 I art     : Explicit concurrent mark sweep GC freed 163(3KB) AllocSpace objects, 0(0B) LOS objects, 7% free, 185MB/201MB, paused 1.469ms total 61.665ms
08-05 20:48:27.983 24743 24760 I art     : Starting a blocking GC Explicit
08-05 20:48:28.049 24743 24760 I art     : Explicit concurrent mark sweep GC freed 123(2096B) AllocSpace objects, 0(0B) LOS objects, 7% free, 185MB/201MB, paused 1.576ms total 65.313ms
08-05 20:48:28.073 24743 24760 I art     : Starting a blocking GC Explicit
08-05 20:48:28.141 24743 24760 I art     : Explicit concurrent mark sweep GC freed 147(2496B) AllocSpace objects, 0(0B) LOS objects, 7% free, 185MB/201MB, paused 1.539ms total 67.098ms
08-05 20:48:28.141 24743 24759 I art     : WaitForGcToComplete blocked for 53.318ms for cause HeapTrim
08-05 20:48:28.161 24743 24760 I art     : Starting a blocking GC Explicit
08-05 20:48:28.226 24743 24760 I art     : Explicit concurrent mark sweep GC freed 160(3KB) AllocSpace objects, 0(0B) LOS objects, 7% free, 185MB/201MB, paused 1.539ms total 64.987ms
08-05 20:48:28.663 24743 24762 I art     : Starting a blocking GC Explicit
08-05 20:48:28.733 24743 24762 I art     : Explicit concurrent mark sweep GC freed 2354(106KB) AllocSpace objects, 2(48KB) LOS objects, 7% free, 185MB/201MB, paused 1.499ms total 69.904ms
08-05 20:48:28.754 24743 24762 I art     : Starting a blocking GC Explicit
08-05 20:48:28.794 23554 23554 I ServiceManager: Waiting for service AtCmdFwd...
08-05 20:48:28.818 24743 24762 I art     : Explicit concurrent mark sweep GC freed 161(3KB) AllocSpace objects, 0(0B) LOS objects, 7% free, 185MB/201MB, paused 1.646ms total 64.543ms
08-05 20:48:28.839 24743 24762 I art     : Starting a blocking GC Explicit
08-05 20:48:28.839   918  3188 I hubconnection: sensorhub said: 'set_bias 3: -5.8272, 0.0000, 0.0000'
08-05 20:48:28.908 24743 24762 I art     : Explicit concurrent mark sweep GC freed 146(2464B) AllocSpace objects, 0(0B) LOS objects, 7% free, 185MB/201MB, paused 1.706ms total 68.800ms
08-05 20:48:28.929 24743 24762 I art     : Starting a blocking GC Explicit
08-05 20:48:28.999 24743 24762 I art     : Explicit concurrent mark sweep GC freed 124(2128B) AllocSpace objects, 0(0B) LOS objects, 7% free, 185MB/201MB, paused 1.502ms total 69.713ms
08-05 20:48:29.020 24743 24762 I art     : Starting a blocking GC Explicit
08-05 20:48:29.088 24743 24762 I art     : Explicit concurrent mark sweep GC freed 136(2304B) AllocSpace objects, 0(0B) LOS objects, 7% free, 185MB/201MB, paused 1.741ms total 68.388ms
08-05 20:48:29.517 24743 25266 I art     : Starting a blocking GC Explicit
08-05 20:48:29.591 24743 25266 I art     : Explicit concurrent mark sweep GC freed 2381(107KB) AllocSpace objects, 2(48KB) LOS objects, 7% free, 185MB/201MB, paused 1.661ms total 73.926ms
08-05 20:48:29.592 13866 13882 I PeriodicStatsRunner: PeriodicStatsRunner.call():175 call()
08-05 20:48:29.593 13866 13882 I PeriodicStatsRunner: PeriodicStatsRunner.call():179 No submit PeriodicStats since input started.
08-05 20:48:29.612 24743 25266 I art     : Starting a blocking GC Explicit
08-05 20:48:29.678 24743 25266 I art     : Explicit concurrent mark sweep GC freed 160(3KB) AllocSpace objects, 0(0B) LOS objects, 7% free, 185MB/201MB, paused 1.487ms total 66.136ms
08-05 20:48:29.698 24743 25266 I art     : Starting a blocking GC Explicit
08-05 20:48:29.767 24743 25266 I art     : Explicit concurrent mark sweep GC freed 124(2128B) AllocSpace objects, 0(0B) LOS objects, 7% free, 185MB/201MB, paused 1.445ms total 68.491ms
08-05 20:48:29.787 24743 25266 I art     : Starting a blocking GC Explicit
08-05 20:48:29.795 23554 23554 I ServiceManager: Waiting for service AtCmdFwd...
08-05 20:48:29.858 24743 25266 I art     : Explicit concurrent mark sweep GC freed 146(2464B) AllocSpace objects, 0(0B) LOS objects, 7% free, 185MB/201MB, paused 1.631ms total 69.970ms
08-05 20:48:29.878 24743 25266 I art     : Starting a blocking GC Explicit
08-05 20:48:29.946 24743 25266 I art     : Explicit concurrent mark sweep GC freed 124(2128B) AllocSpace objects, 0(0B) LOS objects, 7% free, 185MB/201MB, paused 1.555ms total 67.713ms
08-05 20:48:30.405 24743 24771 I art     : Starting a blocking GC Explicit
08-05 20:48:30.475 24743 24771 I art     : Explicit concurrent mark sweep GC freed 2439(108KB) AllocSpace objects, 2(48KB) LOS objects, 7% free, 185MB/201MB, paused 1.515ms total 69.527ms
08-05 20:48:30.495 24743 24771 I art     : Starting a blocking GC Explicit
08-05 20:48:30.561 24743 24771 I art     : Explicit concurrent mark sweep GC freed 161(3KB) AllocSpace objects, 0(0B) LOS objects, 7% free, 185MB/201MB, paused 1.540ms total 65.615ms
08-05 20:48:30.581 24743 24771 I art     : Starting a blocking GC Explicit
08-05 20:48:30.650 24743 24771 I art     : Explicit concurrent mark sweep GC freed 123(2096B) AllocSpace objects, 0(0B) LOS objects, 7% free, 185MB/201MB, paused 1.421ms total 68.061ms
08-05 20:48:30.670 24743 24771 I art     : Starting a blocking GC Explicit
08-05 20:48:30.735 24743 24771 I art     : Explicit concurrent mark sweep GC freed 122(2064B) AllocSpace objects, 0(0B) LOS objects, 7% free, 185MB/201MB, paused 1.452ms total 65.459ms
08-05 20:48:30.756 24743 24771 I art     : Starting a blocking GC Explicit
08-05 20:48:30.796 23554 23554 I ServiceManager: Waiting for service AtCmdFwd...
08-05 20:48:30.816 24743 24771 I art     : Explicit concurrent mark sweep GC freed 124(2128B) AllocSpace objects, 0(0B) LOS objects, 7% free, 185MB/201MB, paused 1.429ms total 59.929ms
08-05 20:48:31.094   918  3261 D WifiStateMachine: starting scan for "H369AA63323"WPA_PSK with 2412,5180
08-05 20:48:31.242 24743 27315 I art     : Starting a blocking GC Explicit
08-05 20:48:31.247 27617 27617 D AndroidRuntime: >>>>>> START com.android.internal.os.RuntimeInit uid 2000 <<<<<<
08-05 20:48:31.253 27617 27617 D AndroidRuntime: CheckJNI is OFF
08-05 20:48:31.297 27617 27617 D ICU     : No timezone override file found: /data/misc/zoneinfo/current/icu/icu_tzdata.dat
08-05 20:48:31.306 24743 27315 I art     : Explicit concurrent mark sweep GC freed 2356(106KB) AllocSpace objects, 2(48KB) LOS objects, 7% free, 185MB/201MB, paused 1.689ms total 64.261ms
08-05 20:48:31.326 24743 27315 I art     : Starting a blocking GC Explicit
08-05 20:48:31.343 27617 27617 I Radio-JNI: register_android_hardware_Radio DONE
08-05 20:48:31.371 27617 27617 D AndroidRuntime: Calling main entry com.android.commands.input.Input
08-05 20:48:31.373 27617 27617 I Input   : injectKeyEvent: KeyEvent { action=ACTION_DOWN, keyCode=KEYCODE_BACK, scanCode=0, metaState=0, flags=0x0, repeatCount=0, eventTime=823727786, downTime=823727786, deviceId=-1, source=0x101 }
08-05 20:48:31.383 27617 27617 I Input   : injectKeyEvent: KeyEvent { action=ACTION_UP, keyCode=KEYCODE_BACK, scanCode=0, metaState=0, flags=0x0, repeatCount=0, eventTime=823727786, downTime=823727786, deviceId=-1, source=0x101 }
08-05 20:48:31.390 24743 27315 I art     : Explicit concurrent mark sweep GC freed 151(3KB) AllocSpace objects, 0(0B) LOS objects, 7% free, 185MB/201MB, paused 1.594ms total 63.072ms
08-05 20:48:31.396 27617 27617 D AndroidRuntime: Shutting down VM
08-05 20:48:31.405 24743 24743 V MainActivity: url = https://project-travel-mate.herokuapp.com/api/number-of-unread-notifications
08-05 20:48:31.410 24743 27315 I art     : Starting a blocking GC Explicit
08-05 20:48:31.431 13866 13866 I GoogleInputMethodServic: GoogleInputMethodService.onFinishInput():3138 
08-05 20:48:31.432 13866 13866 I GoogleInputMethodServic: GoogleInputMethodService.onStartInput():1808 
08-05 20:48:31.467 24743 27315 I art     : Explicit concurrent mark sweep GC freed 465(17KB) AllocSpace objects, 0(0B) LOS objects, 7% free, 185MB/201MB, paused 1.768ms total 56.263ms
08-05 20:48:31.491 24743 27315 I art     : Starting a blocking GC Explicit
08-05 20:48:31.547 24743 27315 I art     : Explicit concurrent mark sweep GC freed 181(8KB) AllocSpace objects, 0(0B) LOS objects, 7% free, 185MB/201MB, paused 1.603ms total 56.244ms
08-05 20:48:31.566 24743 27315 I art     : Starting a blocking GC Explicit
08-05 20:48:31.620 24743 27315 I art     : Explicit concurrent mark sweep GC freed 149(3056B) AllocSpace objects, 0(0B) LOS objects, 7% free, 185MB/201MB, paused 1.447ms total 53.901ms
08-05 20:48:31.626 13866 13882 I PeriodicStatsRunner: PeriodicStatsRunner.call():175 call()
08-05 20:48:31.626 13866 13882 I PeriodicStatsRunner: PeriodicStatsRunner.call():179 No submit PeriodicStats since input started.
08-05 20:48:31.753   380   380 W SurfaceFlinger: couldn't log to binary event log: overflow.
08-05 20:48:31.796 23554 23554 W Atfwd_Sendcmd: AtCmdFwd service not published, waiting... retryCnt : 3
08-05 20:48:32.000 24743 24762 I art     : Starting a blocking GC Explicit
08-05 20:48:32.065 24743 24762 I art     : Explicit concurrent mark sweep GC freed 1894(100KB) AllocSpace objects, 3(236KB) LOS objects, 7% free, 185MB/201MB, paused 1.637ms total 64.980ms
08-05 20:48:32.086 24743 24762 I art     : Starting a blocking GC Explicit
08-05 20:48:32.147 24743 24762 I art     : Explicit concurrent mark sweep GC freed 6666(361KB) AllocSpace objects, 13(264KB) LOS objects, 7% free, 185MB/201MB, paused 1.524ms total 61.270ms
08-05 20:48:32.167 24743 24762 I art     : Starting a blocking GC Explicit
08-05 20:48:32.230 24743 24762 I art     : Explicit concurrent mark sweep GC freed 2589(131KB) AllocSpace objects, 3(200KB) LOS objects, 7% free, 185MB/201MB, paused 2.155ms total 62.476ms
08-05 20:48:32.250 24743 24762 I art     : Starting a blocking GC Explicit
08-05 20:48:32.271 24743 27640 I NAPPA_EXPERIMENTATION: MetricNetworkRequestExecutionTime: REQUEST_DURATION_SYSTEM='865',REQUEST_DURATION_OKHTTP='41',REQUEST_SYNCHRONOUS='FALSE',RESPONSE_CODE='200',RESPONSE_METHOD='GET',RESPONSE_LENGTH_OKHTTP='36',RESPONSE_LENGTH_HEADER='36',REQUEST_PROTOCOL='http/1.1',REQUEST_URL='https://project-travel-mate.herokuapp.com/api/number-of-unread-notifications',
08-05 20:48:32.311 24743 24762 I art     : Explicit concurrent mark sweep GC freed 1056(127KB) AllocSpace objects, 0(0B) LOS objects, 7% free, 185MB/201MB, paused 1.562ms total 61.295ms
08-05 20:48:32.331 24743 24762 I art     : Starting a blocking GC Explicit
08-05 20:48:32.400 24743 24762 I art     : Explicit concurrent mark sweep GC freed 135(5KB) AllocSpace objects, 0(0B) LOS objects, 7% free, 185MB/201MB, paused 1.448ms total 68.774ms
08-05 20:48:32.813 24743 24760 I art     : Starting a blocking GC Explicit
08-05 20:48:32.885 24743 24760 I art     : Explicit concurrent mark sweep GC freed 1623(94KB) AllocSpace objects, 2(48KB) LOS objects, 7% free, 185MB/201MB, paused 1.535ms total 71.541ms
08-05 20:48:32.905 24743 24760 I art     : Starting a blocking GC Explicit
08-05 20:48:32.963 24743 24760 I art     : Explicit concurrent mark sweep GC freed 47(1840B) AllocSpace objects, 0(0B) LOS objects, 7% free, 185MB/201MB, paused 1.484ms total 58.241ms
08-05 20:48:32.983 24743 24760 I art     : Starting a blocking GC Explicit
08-05 20:48:33.042 24743 24760 I art     : Explicit concurrent mark sweep GC freed 27(1040B) AllocSpace objects, 0(0B) LOS objects, 7% free, 185MB/201MB, paused 1.530ms total 58.783ms
08-05 20:48:33.064 24743 24760 I art     : Starting a blocking GC Explicit
08-05 20:48:33.119 24743 24760 I art     : Explicit concurrent mark sweep GC freed 20(624B) AllocSpace objects, 0(0B) LOS objects, 7% free, 185MB/201MB, paused 1.440ms total 54.028ms
08-05 20:48:33.137 24743 24760 I art     : Starting a blocking GC Explicit
08-05 20:48:33.186 27658 27658 D AndroidRuntime: >>>>>> START com.android.internal.os.RuntimeInit uid 2000 <<<<<<
08-05 20:48:33.190 24743 24760 I art     : Explicit concurrent mark sweep GC freed 43(1184B) AllocSpace objects, 0(0B) LOS objects, 7% free, 185MB/201MB, paused 1.492ms total 52.703ms
08-05 20:48:33.192 27658 27658 D AndroidRuntime: CheckJNI is OFF
08-05 20:48:33.231 27658 27658 D ICU     : No timezone override file found: /data/misc/zoneinfo/current/icu/icu_tzdata.dat
08-05 20:48:33.272 27658 27658 I Radio-JNI: register_android_hardware_Radio DONE
08-05 20:48:33.301 27658 27658 D AndroidRuntime: Calling main entry com.android.commands.input.Input
08-05 20:48:33.303 27658 27658 I Input   : injectMotionEvent: MotionEvent { action=ACTION_DOWN, actionButton=0, id[0]=0, x[0]=117.0, y[0]=170.0, toolType[0]=TOOL_TYPE_UNKNOWN, buttonState=0, metaState=0, flags=0x0, edgeFlags=0x0, pointerCount=1, historySize=0, eventTime=823729715, downTime=823729715, deviceId=0, source=0x1002 }
08-05 20:48:33.321 27658 27658 I Input   : injectMotionEvent: MotionEvent { action=ACTION_UP, actionButton=0, id[0]=0, x[0]=117.0, y[0]=170.0, toolType[0]=TOOL_TYPE_UNKNOWN, buttonState=0, metaState=0, flags=0x0, edgeFlags=0x0, pointerCount=1, historySize=0, eventTime=823729715, downTime=823729715, deviceId=0, source=0x1002 }
08-05 20:48:33.359 27658 27658 D AndroidRuntime: Shutting down VM
08-05 20:48:33.377   512  2967 D audio_hw_primary: out_set_parameters: enter: usecase(1: low-latency-playback) kvpairs: routing=2
08-05 20:48:33.390   512  2967 D audio_hw_primary: select_devices: out_snd_device(2: speaker) in_snd_device(0: none)
08-05 20:48:33.390   512  2967 D msm8974_platform: platform_send_audio_calibration: sending audio calibration for snd_device(2) acdb_id(15)
08-05 20:48:33.390   512  2967 I soundtrigger: audio_extn_sound_trigger_update_device_status: device 0x2 of type 0 for Event 1
08-05 20:48:33.401   512  2967 D audio_hw_primary: enable_snd_device: snd_device(2: speaker)
08-05 20:48:33.403   512  2967 D audio_hw_primary: enable_audio_route: apply and update mixer path: low-latency-playback speaker
08-05 20:48:33.590 24743 27315 I art     : Starting a blocking GC Explicit
08-05 20:48:33.644 24743 27315 I art     : Explicit concurrent mark sweep GC freed 2049(116KB) AllocSpace objects, 2(48KB) LOS objects, 7% free, 185MB/201MB, paused 1.397ms total 53.479ms
08-05 20:48:33.665 24743 27315 I art     : Starting a blocking GC Explicit
08-05 20:48:33.720 24743 27315 I art     : Explicit concurrent mark sweep GC freed 64(2736B) AllocSpace objects, 0(0B) LOS objects, 7% free, 185MB/201MB, paused 1.408ms total 54.702ms
08-05 20:48:33.739 24743 27315 I art     : Starting a blocking GC Explicit
08-05 20:48:33.792 24743 27315 I art     : Explicit concurrent mark sweep GC freed 5(160B) AllocSpace objects, 0(0B) LOS objects, 7% free, 185MB/201MB, paused 1.416ms total 52.764ms
08-05 20:48:33.811 24743 27315 I art     : Starting a blocking GC Explicit
08-05 20:48:33.863 24743 27315 I art     : Explicit concurrent mark sweep GC freed 3(96B) AllocSpace objects, 0(0B) LOS objects, 7% free, 185MB/201MB, paused 1.381ms total 51.949ms
08-05 20:48:33.885 24743 27315 I art     : Starting a blocking GC Explicit
08-05 20:48:33.938 24743 27315 I art     : Explicit concurrent mark sweep GC freed 12(416B) AllocSpace objects, 0(0B) LOS objects, 7% free, 185MB/201MB, paused 1.481ms total 52.913ms
08-05 20:48:33.939   512  2967 D audio_hw_primary: disable_audio_route: reset and update mixer path: low-latency-playback speaker
08-05 20:48:33.941   512  2967 D audio_hw_primary: disable_snd_device: snd_device(2: speaker)
08-05 20:48:33.949   512  2967 I soundtrigger: audio_extn_sound_trigger_update_device_status: device 0x2 of type 0 for Event 0
08-05 20:48:34.093 27685 27685 D AndroidRuntime: >>>>>> START com.android.internal.os.RuntimeInit uid 2000 <<<<<<
08-05 20:48:34.099 27685 27685 D AndroidRuntime: CheckJNI is OFF
08-05 20:48:34.140 27685 27685 D ICU     : No timezone override file found: /data/misc/zoneinfo/current/icu/icu_tzdata.dat
08-05 20:48:34.181 27685 27685 I Radio-JNI: register_android_hardware_Radio DONE
08-05 20:48:34.211 27685 27685 D AndroidRuntime: Calling main entry com.android.commands.input.Input
08-05 20:48:34.213 27685 27685 I Input   : injectMotionEvent: MotionEvent { action=ACTION_DOWN, actionButton=0, id[0]=0, x[0]=405.0, y[0]=661.0, toolType[0]=TOOL_TYPE_UNKNOWN, buttonState=0, metaState=0, flags=0x0, edgeFlags=0x0, pointerCount=1, historySize=0, eventTime=823730626, downTime=823730626, deviceId=0, source=0x1002 }
08-05 20:48:34.217 27685 27685 I Input   : injectMotionEvent: MotionEvent { action=ACTION_UP, actionButton=0, id[0]=0, x[0]=405.0, y[0]=661.0, toolType[0]=TOOL_TYPE_UNKNOWN, buttonState=0, metaState=0, flags=0x0, edgeFlags=0x0, pointerCount=1, historySize=0, eventTime=823730626, downTime=823730626, deviceId=0, source=0x1002 }
08-05 20:48:34.220 27685 27685 D AndroidRuntime: Shutting down VM
08-05 20:48:34.233   512  2967 D audio_hw_primary: out_set_parameters: enter: usecase(1: low-latency-playback) kvpairs: routing=2
08-05 20:48:34.246   512  2967 D audio_hw_primary: select_devices: out_snd_device(2: speaker) in_snd_device(0: none)
08-05 20:48:34.246   512  2967 D msm8974_platform: platform_send_audio_calibration: sending audio calibration for snd_device(2) acdb_id(15)
08-05 20:48:34.246   512  2967 I soundtrigger: audio_extn_sound_trigger_update_device_status: device 0x2 of type 0 for Event 1
08-05 20:48:34.257   512  2967 D audio_hw_primary: enable_snd_device: snd_device(2: speaker)
08-05 20:48:34.259   512  2967 D audio_hw_primary: enable_audio_route: apply and update mixer path: low-latency-playback speaker
08-05 20:48:34.301   512  2967 D AudioFlinger: mixer(0xf4740000) throttle end: throttle time(12)
08-05 20:48:34.348 24743 25266 I art     : Starting a blocking GC Explicit
08-05 20:48:34.405 24743 25266 I art     : Explicit concurrent mark sweep GC freed 3607(165KB) AllocSpace objects, 2(48KB) LOS objects, 7% free, 185MB/201MB, paused 1.453ms total 56.704ms
08-05 20:48:34.424 24743 25266 I art     : Starting a blocking GC Explicit
08-05 20:48:34.481 24743 25266 I art     : Explicit concurrent mark sweep GC freed 950(52KB) AllocSpace objects, 9(252KB) LOS objects, 7% free, 185MB/201MB, paused 1.444ms total 57.327ms
08-05 20:48:34.504 24743 25266 I art     : Starting a blocking GC Explicit
08-05 20:48:34.559 24743 25266 I art     : Explicit concurrent mark sweep GC freed 3(96B) AllocSpace objects, 0(0B) LOS objects, 7% free, 185MB/201MB, paused 1.686ms total 55.395ms
08-05 20:48:34.578 24743 25266 I art     : Starting a blocking GC Explicit
08-05 20:48:34.632 24743 25266 I art     : Explicit concurrent mark sweep GC freed 3(96B) AllocSpace objects, 0(0B) LOS objects, 7% free, 185MB/201MB, paused 1.332ms total 53.833ms
08-05 20:48:34.653 24743 25266 I art     : Starting a blocking GC Explicit
08-05 20:48:34.710 24743 25266 I art     : Explicit concurrent mark sweep GC freed 38(1488B) AllocSpace objects, 0(0B) LOS objects, 7% free, 185MB/201MB, paused 1.336ms total 56.581ms
08-05 20:48:34.788   512  2967 D audio_hw_primary: disable_audio_route: reset and update mixer path: low-latency-playback speaker
08-05 20:48:34.789   512  2967 D audio_hw_primary: disable_snd_device: snd_device(2: speaker)
08-05 20:48:34.798   512  2967 I soundtrigger: audio_extn_sound_trigger_update_device_status: device 0x2 of type 0 for Event 0
08-05 20:48:35.138 24743 24771 I art     : Starting a blocking GC Explicit
08-05 20:48:35.221 24743 24771 I art     : Explicit concurrent mark sweep GC freed 1671(96KB) AllocSpace objects, 2(48KB) LOS objects, 7% free, 185MB/201MB, paused 1.566ms total 82.478ms
08-05 20:48:35.244 24743 24771 I art     : Starting a blocking GC Explicit
08-05 20:48:35.310 24743 24771 I art     : Explicit concurrent mark sweep GC freed 41(1856B) AllocSpace objects, 0(0B) LOS objects, 7% free, 185MB/201MB, paused 1.624ms total 65.263ms
08-05 20:48:35.334 24743 24771 I art     : Starting a blocking GC Explicit
08-05 20:48:35.396 24743 24771 I art     : Explicit concurrent mark sweep GC freed 3(96B) AllocSpace objects, 0(0B) LOS objects, 7% free, 185MB/201MB, paused 1.448ms total 61.824ms
08-05 20:48:35.416 24743 24771 I art     : Starting a blocking GC Explicit
08-05 20:48:35.479 24743 24771 I art     : Explicit concurrent mark sweep GC freed 3(96B) AllocSpace objects, 0(0B) LOS objects, 7% free, 185MB/201MB, paused 1.621ms total 62.618ms
08-05 20:48:35.499 24743 24771 I art     : Starting a blocking GC Explicit
08-05 20:48:35.563 24743 24771 I art     : Explicit concurrent mark sweep GC freed 3(96B) AllocSpace objects, 0(0B) LOS objects, 7% free, 185MB/201MB, paused 1.457ms total 63.981ms
08-05 20:48:35.987 24743 24760 I art     : Starting a blocking GC Explicit
08-05 20:48:36.077 24743 24760 I art     : Explicit concurrent mark sweep GC freed 1623(94KB) AllocSpace objects, 2(48KB) LOS objects, 7% free, 185MB/201MB, paused 1.676ms total 88.743ms
08-05 20:48:36.101 24743 24760 I art     : Starting a blocking GC Explicit
08-05 20:48:36.174 24743 24760 I art     : Explicit concurrent mark sweep GC freed 30(1104B) AllocSpace objects, 0(0B) LOS objects, 7% free, 185MB/201MB, paused 1.546ms total 72.499ms
08-05 20:48:36.197 24743 24760 I art     : Starting a blocking GC Explicit
08-05 20:48:36.267 24743 24760 I art     : Explicit concurrent mark sweep GC freed 40(1088B) AllocSpace objects, 0(0B) LOS objects, 7% free, 185MB/201MB, paused 1.590ms total 69.789ms
08-05 20:48:36.288 24743 24760 I art     : Starting a blocking GC Explicit
08-05 20:48:36.355 24743 24760 I art     : Explicit concurrent mark sweep GC freed 3(96B) AllocSpace objects, 0(0B) LOS objects, 7% free, 185MB/201MB, paused 1.503ms total 66.840ms
08-05 20:48:36.376 24743 24760 I art     : Starting a blocking GC Explicit
08-05 20:48:36.433 13866 13882 I PeriodicStatsRunner: PeriodicStatsRunner.call():175 call()
08-05 20:48:36.434 13866 13882 I PeriodicStatsRunner: PeriodicStatsRunner.call():179 No submit PeriodicStats since input started.
08-05 20:48:36.451 24743 24760 I art     : Explicit concurrent mark sweep GC freed 15(752B) AllocSpace objects, 0(0B) LOS objects, 7% free, 185MB/201MB, paused 1.561ms total 74.517ms
08-05 20:48:36.892 24743 27315 I art     : Starting a blocking GC Explicit
08-05 20:48:36.962 24743 27315 I art     : Explicit concurrent mark sweep GC freed 1633(95KB) AllocSpace objects, 2(48KB) LOS objects, 7% free, 185MB/201MB, paused 1.584ms total 69.573ms
08-05 20:48:36.982 24743 27315 I art     : Starting a blocking GC Explicit
08-05 20:48:37.033 27727 27727 D AndroidRuntime: >>>>>> START com.android.internal.os.RuntimeInit uid 2000 <<<<<<
08-05 20:48:37.039 27727 27727 D AndroidRuntime: CheckJNI is OFF
08-05 20:48:37.047 24743 27315 I art     : Explicit concurrent mark sweep GC freed 30(1104B) AllocSpace objects, 0(0B) LOS objects, 7% free, 185MB/201MB, paused 1.644ms total 64.594ms
08-05 20:48:37.067 24743 27315 I art     : Starting a blocking GC Explicit
08-05 20:48:37.086 27727 27727 D ICU     : No timezone override file found: /data/misc/zoneinfo/current/icu/icu_tzdata.dat
08-05 20:48:37.131 24743 27315 I art     : Explicit concurrent mark sweep GC freed 3(96B) AllocSpace objects, 0(0B) LOS objects, 7% free, 185MB/201MB, paused 1.624ms total 63.603ms
08-05 20:48:37.132 27727 27727 I Radio-JNI: register_android_hardware_Radio DONE
08-05 20:48:37.151 24743 27315 I art     : Starting a blocking GC Explicit
08-05 20:48:37.163 27727 27727 D AndroidRuntime: Calling main entry com.android.commands.input.Input
08-05 20:48:37.166 27727 27727 I Input   : injectMotionEvent: MotionEvent { action=ACTION_DOWN, actionButton=0, id[0]=0, x[0]=1341.0, y[0]=197.0, toolType[0]=TOOL_TYPE_UNKNOWN, buttonState=0, metaState=0, flags=0x0, edgeFlags=0x0, pointerCount=1, historySize=0, eventTime=823733578, downTime=823733578, deviceId=0, source=0x1002 }
08-05 20:48:37.172 27727 27727 I Input   : injectMotionEvent: MotionEvent { action=ACTION_UP, actionButton=0, id[0]=0, x[0]=1341.0, y[0]=197.0, toolType[0]=TOOL_TYPE_UNKNOWN, buttonState=0, metaState=0, flags=0x0, edgeFlags=0x0, pointerCount=1, historySize=0, eventTime=823733578, downTime=823733578, deviceId=0, source=0x1002 }
08-05 20:48:37.174 27727 27727 D AndroidRuntime: Shutting down VM
08-05 20:48:37.178   918  5952 I ActivityManager: START u0 {cmp=baseline.io.github.project_travel_mate/.notifications.NotificationsActivity} from uid 10674 on display 0
08-05 20:48:37.179   512  2967 D audio_hw_primary: out_set_parameters: enter: usecase(1: low-latency-playback) kvpairs: routing=2
08-05 20:48:37.192   512  2967 D audio_hw_primary: select_devices: out_snd_device(2: speaker) in_snd_device(0: none)
08-05 20:48:37.192   512  2967 D msm8974_platform: platform_send_audio_calibration: sending audio calibration for snd_device(2) acdb_id(15)
08-05 20:48:37.193   512  2967 I soundtrigger: audio_extn_sound_trigger_update_device_status: device 0x2 of type 0 for Event 1
08-05 20:48:37.208   512  2967 D audio_hw_primary: enable_snd_device: snd_device(2: speaker)
08-05 20:48:37.212   512  2967 D audio_hw_primary: enable_audio_route: apply and update mixer path: low-latency-playback speaker
08-05 20:48:37.213 24743 27315 I art     : Explicit concurrent mark sweep GC freed 422(18KB) AllocSpace objects, 0(0B) LOS objects, 7% free, 185MB/201MB, paused 1.879ms total 61.340ms
08-05 20:48:37.214 24743 24833 D Gabe    : call	returning from cache
08-05 20:48:37.221 24743 24743 V EXECUTING: https://project-travel-mate.herokuapp.com/api/get-notifications
08-05 20:48:37.224 24743 24743 V EXECUTING: https://project-travel-mate.herokuapp.com/api/get-notifications
08-05 20:48:37.233 24743 27315 I art     : Starting a blocking GC Explicit
08-05 20:48:37.289 24743 27315 I art     : Explicit concurrent mark sweep GC freed 935(73KB) AllocSpace objects, 0(0B) LOS objects, 7% free, 185MB/201MB, paused 1.791ms total 55.662ms
08-05 20:48:37.403   918   936 I ActivityManager: Displayed baseline.io.github.project_travel_mate/.notifications.NotificationsActivity: +214ms
08-05 20:48:37.405 13866 13866 I GoogleInputMethodServic: GoogleInputMethodService.onFinishInput():3138 
08-05 20:48:37.407 13866 13866 I GoogleInputMethodServic: GoogleInputMethodService.onStartInput():1808 
08-05 20:48:37.500 24743 24768 D OpenGLRenderer: endAllStagingAnimators on 0x7f7a23c000 (RippleDrawable) with handle 0x7f7c33fcc0
08-05 20:48:37.660   380   380 W SurfaceFlinger: couldn't log to binary event log: overflow.
08-05 20:48:37.678 24743 24760 I art     : Starting a blocking GC Explicit
08-05 20:48:37.734 24743 24760 I art     : Explicit concurrent mark sweep GC freed 3132(145KB) AllocSpace objects, 2(48KB) LOS objects, 7% free, 189MB/205MB, paused 1.383ms total 55.672ms
08-05 20:48:37.749   512  2967 D audio_hw_primary: disable_audio_route: reset and update mixer path: low-latency-playback speaker
08-05 20:48:37.749   512  2967 D audio_hw_primary: disable_snd_device: snd_device(2: speaker)
08-05 20:48:37.754 24743 24760 I art     : Starting a blocking GC Explicit
08-05 20:48:37.758   512  2967 I soundtrigger: audio_extn_sound_trigger_update_device_status: device 0x2 of type 0 for Event 0
08-05 20:48:37.814 24743 24760 I art     : Explicit concurrent mark sweep GC freed 244(6KB) AllocSpace objects, 0(0B) LOS objects, 7% free, 189MB/205MB, paused 1.621ms total 59.910ms
08-05 20:48:37.833 24743 24760 I art     : Starting a blocking GC Explicit
08-05 20:48:37.889 24743 24760 I art     : Explicit concurrent mark sweep GC freed 131(3KB) AllocSpace objects, 0(0B) LOS objects, 7% free, 190MB/206MB, paused 1.737ms total 55.563ms
08-05 20:48:37.909 24743 24760 I art     : Starting a blocking GC Explicit
08-05 20:48:37.968 24743 24760 I art     : Explicit concurrent mark sweep GC freed 5252(267KB) AllocSpace objects, 6(400KB) LOS objects, 7% free, 190MB/206MB, paused 2.300ms total 58.976ms
08-05 20:48:37.988 24743 24760 I art     : Starting a blocking GC Explicit
08-05 20:48:38.027 24743 27751 I NAPPA_EXPERIMENTATION: MetricNetworkRequestExecutionTime: REQUEST_DURATION_SYSTEM='805',REQUEST_DURATION_OKHTTP='66',REQUEST_SYNCHRONOUS='FALSE',RESPONSE_CODE='200',RESPONSE_METHOD='GET',RESPONSE_LENGTH_OKHTTP='2',RESPONSE_LENGTH_HEADER='2',REQUEST_PROTOCOL='http/1.1',REQUEST_URL='https://project-travel-mate.herokuapp.com/api/get-notifications',
08-05 20:48:38.039 24743 27752 I NAPPA_EXPERIMENTATION: MetricNetworkRequestExecutionTime: REQUEST_DURATION_SYSTEM='814',REQUEST_DURATION_OKHTTP='78',REQUEST_SYNCHRONOUS='FALSE',RESPONSE_CODE='200',RESPONSE_METHOD='GET',RESPONSE_LENGTH_OKHTTP='2',RESPONSE_LENGTH_HEADER='2',REQUEST_PROTOCOL='http/1.1',REQUEST_URL='https://project-travel-mate.herokuapp.com/api/get-notifications',
08-05 20:48:38.044 24743 24760 I art     : Explicit concurrent mark sweep GC freed 2238(255KB) AllocSpace objects, 0(0B) LOS objects, 7% free, 190MB/206MB, paused 1.875ms total 56.305ms
08-05 20:48:38.131 24743 24743 V Response: [] 
08-05 20:48:38.135 24743 24833 D Gabe    : call	returning from cache
08-05 20:48:38.136 24743 24743 V Response: [] 
08-05 20:48:38.139 24743 24833 D Gabe    : call	returning from cache
08-05 20:48:38.448 24743 24760 I art     : Starting a blocking GC Explicit
08-05 20:48:38.506 24743 24760 I art     : Explicit concurrent mark sweep GC freed 5342(201KB) AllocSpace objects, 3(236KB) LOS objects, 7% free, 190MB/206MB, paused 1.391ms total 57.933ms
08-05 20:48:38.525 24743 24760 I art     : Starting a blocking GC Explicit
08-05 20:48:38.581 24743 24760 I art     : Explicit concurrent mark sweep GC freed 2099(83KB) AllocSpace objects, 0(0B) LOS objects, 7% free, 189MB/205MB, paused 1.527ms total 55.540ms
08-05 20:48:38.600 24743 24760 I art     : Starting a blocking GC Explicit
08-05 20:48:38.654 24743 24760 I art     : Explicit concurrent mark sweep GC freed 344(5KB) AllocSpace objects, 0(0B) LOS objects, 7% free, 189MB/205MB, paused 1.383ms total 53.148ms
08-05 20:48:38.654 24743 24759 I art     : WaitForGcToComplete blocked for 9.967ms for cause HeapTrim
08-05 20:48:38.673 24743 24760 I art     : Starting a blocking GC Explicit
08-05 20:48:38.726 24743 24760 I art     : Explicit concurrent mark sweep GC freed 305(5KB) AllocSpace objects, 0(0B) LOS objects, 7% free, 189MB/205MB, paused 1.358ms total 53.033ms
08-05 20:48:38.745 24743 24760 I art     : Starting a blocking GC Explicit
08-05 20:48:38.801 24743 24760 I art     : Explicit concurrent mark sweep GC freed 359(6KB) AllocSpace objects, 0(0B) LOS objects, 7% free, 189MB/205MB, paused 1.663ms total 55.993ms
08-05 20:48:39.206 24743 27315 I art     : Starting a blocking GC Explicit
08-05 20:48:39.263 24743 27315 I art     : Explicit concurrent mark sweep GC freed 3595(126KB) AllocSpace objects, 2(48KB) LOS objects, 7% free, 189MB/205MB, paused 1.450ms total 57.087ms
08-05 20:48:39.283 24743 27315 I art     : Starting a blocking GC Explicit
08-05 20:48:39.339 24743 27315 I art     : Explicit concurrent mark sweep GC freed 380(6KB) AllocSpace objects, 0(0B) LOS objects, 7% free, 189MB/205MB, paused 1.446ms total 56.249ms
08-05 20:48:39.359 24743 27315 I art     : Starting a blocking GC Explicit
08-05 20:48:39.414 24743 27315 I art     : Explicit concurrent mark sweep GC freed 299(5KB) AllocSpace objects, 0(0B) LOS objects, 7% free, 189MB/205MB, paused 1.499ms total 55.506ms
08-05 20:48:39.434 24743 27315 I art     : Starting a blocking GC Explicit
08-05 20:48:39.490 24743 27315 I art     : Explicit concurrent mark sweep GC freed 359(6KB) AllocSpace objects, 0(0B) LOS objects, 7% free, 189MB/205MB, paused 1.380ms total 55.835ms
08-05 20:48:39.510 24743 27315 I art     : Starting a blocking GC Explicit
08-05 20:48:39.566 24743 27315 I art     : Explicit concurrent mark sweep GC freed 299(4KB) AllocSpace objects, 0(0B) LOS objects, 7% free, 189MB/205MB, paused 1.795ms total 55.815ms
08-05 20:48:39.979 24743 24762 I art     : Starting a blocking GC Explicit
08-05 20:48:40.034 24743 24762 I art     : Explicit concurrent mark sweep GC freed 3611(126KB) AllocSpace objects, 2(48KB) LOS objects, 7% free, 189MB/205MB, paused 1.595ms total 54.852ms
08-05 20:48:40.053 24743 24762 I art     : Starting a blocking GC Explicit
08-05 20:48:40.108 24743 24762 I art     : Explicit concurrent mark sweep GC freed 383(7KB) AllocSpace objects, 0(0B) LOS objects, 7% free, 189MB/205MB, paused 1.375ms total 53.879ms
08-05 20:48:40.126 24743 24762 I art     : Starting a blocking GC Explicit
08-05 20:48:40.181 24743 24762 I art     : Explicit concurrent mark sweep GC freed 297(4KB) AllocSpace objects, 0(0B) LOS objects, 7% free, 189MB/205MB, paused 1.395ms total 54.695ms
08-05 20:48:40.201 24743 24762 I art     : Starting a blocking GC Explicit
08-05 20:48:40.257 24743 24762 I art     : Explicit concurrent mark sweep GC freed 390(6KB) AllocSpace objects, 0(0B) LOS objects, 7% free, 189MB/205MB, paused 1.401ms total 55.578ms
08-05 20:48:40.276 24743 24762 I art     : Starting a blocking GC Explicit
08-05 20:48:40.332 24743 24762 I art     : Explicit concurrent mark sweep GC freed 283(4KB) AllocSpace objects, 0(0B) LOS objects, 7% free, 189MB/205MB, paused 1.348ms total 55.105ms
08-05 20:48:40.750 24743 24762 I art     : Starting a blocking GC Explicit
08-05 20:48:40.810 24743 24762 I art     : Explicit concurrent mark sweep GC freed 3665(127KB) AllocSpace objects, 2(48KB) LOS objects, 7% free, 189MB/205MB, paused 1.334ms total 58.897ms
08-05 20:48:40.829 24743 24762 I art     : Starting a blocking GC Explicit
08-05 20:48:40.884 24743 24762 I art     : Explicit concurrent mark sweep GC freed 329(6KB) AllocSpace objects, 0(0B) LOS objects, 7% free, 189MB/205MB, paused 1.646ms total 54.749ms
08-05 20:48:40.903 24743 24762 I art     : Starting a blocking GC Explicit
08-05 20:48:40.959 24743 24762 I art     : Explicit concurrent mark sweep GC freed 344(5KB) AllocSpace objects, 0(0B) LOS objects, 7% free, 189MB/205MB, paused 1.304ms total 55.733ms
08-05 20:48:40.979 24743 24762 I art     : Starting a blocking GC Explicit
08-05 20:48:41.031 24743 24762 I art     : Explicit concurrent mark sweep GC freed 283(4KB) AllocSpace objects, 0(0B) LOS objects, 7% free, 189MB/205MB, paused 1.269ms total 52.192ms
08-05 20:48:41.050 24743 24762 I art     : Starting a blocking GC Explicit
08-05 20:48:41.105 24743 24762 I art     : Explicit concurrent mark sweep GC freed 351(5KB) AllocSpace objects, 0(0B) LOS objects, 7% free, 189MB/205MB, paused 1.507ms total 55.335ms
08-05 20:48:41.429   518   646 I ThermalEngine: ACTION: GPU - Setting GPU[0] to 390000000
08-05 20:48:41.542 24743 24760 I art     : Starting a blocking GC Explicit
08-05 20:48:41.607 24743 24760 I art     : Explicit concurrent mark sweep GC freed 3775(129KB) AllocSpace objects, 2(48KB) LOS objects, 7% free, 189MB/205MB, paused 1.958ms total 65.025ms
08-05 20:48:41.632 24743 24760 I art     : Starting a blocking GC Explicit
08-05 20:48:41.696 24743 24760 I art     : Explicit concurrent mark sweep GC freed 388(6KB) AllocSpace objects, 0(0B) LOS objects, 7% free, 189MB/205MB, paused 2.036ms total 63.770ms
08-05 20:48:41.720 24743 24760 I art     : Starting a blocking GC Explicit
08-05 20:48:41.785 24743 24760 I art     : Explicit concurrent mark sweep GC freed 407(7KB) AllocSpace objects, 0(0B) LOS objects, 7% free, 189MB/205MB, paused 1.962ms total 65.236ms
08-05 20:48:41.810 24743 24760 I art     : Starting a blocking GC Explicit
08-05 20:48:41.874 24743 24760 I art     : Explicit concurrent mark sweep GC freed 534(16KB) AllocSpace objects, 0(0B) LOS objects, 7% free, 189MB/205MB, paused 2.098ms total 64.033ms
08-05 20:48:41.899 24743 24760 I art     : Starting a blocking GC Explicit
08-05 20:48:41.963 24743 24760 I art     : Explicit concurrent mark sweep GC freed 401(6KB) AllocSpace objects, 0(0B) LOS objects, 7% free, 189MB/205MB, paused 1.911ms total 64.059ms
08-05 20:48:42.049 27820 27820 D AndroidRuntime: >>>>>> START com.android.internal.os.RuntimeInit uid 2000 <<<<<<
08-05 20:48:42.055 27820 27820 D AndroidRuntime: CheckJNI is OFF
08-05 20:48:42.109 27820 27820 D ICU     : No timezone override file found: /data/misc/zoneinfo/current/icu/icu_tzdata.dat
08-05 20:48:42.156 27820 27820 I Radio-JNI: register_android_hardware_Radio DONE
08-05 20:48:42.187   918  1209 D NetworkMonitor/NetworkAgentInfo [WIFI () - 159]: Checking http://connectivitycheck.gstatic.com/generate_204 on "H369AA63323", 192.168.2.12=192.168.2.12
08-05 20:48:42.188 27820 27820 D AndroidRuntime: Calling main entry com.android.commands.input.Input
08-05 20:48:42.189 27820 27820 I Input   : injectKeyEvent: KeyEvent { action=ACTION_DOWN, keyCode=KEYCODE_BACK, scanCode=0, metaState=0, flags=0x0, repeatCount=0, eventTime=823738602, downTime=823738602, deviceId=-1, source=0x101 }
08-05 20:48:42.216 27820 27820 I Input   : injectKeyEvent: KeyEvent { action=ACTION_UP, keyCode=KEYCODE_BACK, scanCode=0, metaState=0, flags=0x0, repeatCount=0, eventTime=823738602, downTime=823738602, deviceId=-1, source=0x101 }
08-05 20:48:42.234 27820 27820 D AndroidRuntime: Shutting down VM
08-05 20:48:42.256 24743 24743 V MainActivity: url = https://project-travel-mate.herokuapp.com/api/number-of-unread-notifications
08-05 20:48:42.327 13866 13866 I GoogleInputMethodServic: GoogleInputMethodService.onFinishInput():3138 
08-05 20:48:42.329 13866 13866 I GoogleInputMethodServic: GoogleInputMethodService.onStartInput():1808 
08-05 20:48:42.379   918  1209 D NetworkMonitor/NetworkAgentInfo [WIFI () - 159]: Probably not a portal: exception java.io.IOException: unexpected end of stream on Connection{connectivitycheck.gstatic.com:80, proxy=HTTP@/192.168.2.12:8080 hostAddress=192.168.2.12 cipherSuite=none protocol=http/1.1} (recycle count=0)
08-05 20:48:42.379   918  3263 D ConnectivityService: NetworkAgentInfo [WIFI () - 159] validation failed
08-05 20:48:42.380   918  3261 E WifiConfigStore:  rewrite network history for "H369AA63323"WPA_PSK
08-05 20:48:42.406 13866 13882 I PeriodicStatsRunner: PeriodicStatsRunner.call():175 call()
08-05 20:48:42.406 13866 13882 I PeriodicStatsRunner: PeriodicStatsRunner.call():179 No submit PeriodicStats since input started.
08-05 20:48:42.433 24743 24760 I art     : Starting a blocking GC Explicit
08-05 20:48:42.529 24743 24760 I art     : Explicit concurrent mark sweep GC freed 3680(142KB) AllocSpace objects, 2(48KB) LOS objects, 7% free, 189MB/205MB, paused 3.495ms total 95.736ms
08-05 20:48:42.561 24743 24760 I art     : Starting a blocking GC Explicit
08-05 20:48:42.599   380   380 W SurfaceFlinger: couldn't log to binary event log: overflow.
08-05 20:48:42.645 24743 24760 I art     : Explicit concurrent mark sweep GC freed 168(6KB) AllocSpace objects, 0(0B) LOS objects, 7% free, 189MB/205MB, paused 2.050ms total 83.081ms
08-05 20:48:42.671 24743 24760 I art     : Starting a blocking GC Explicit
08-05 20:48:42.747 24743 24760 I art     : Explicit concurrent mark sweep GC freed 16(608B) AllocSpace objects, 1(4MB) LOS objects, 7% free, 185MB/201MB, paused 2.277ms total 76.206ms
08-05 20:48:42.776 24743 24760 I art     : Starting a blocking GC Explicit
08-05 20:48:42.847 24743 24760 I art     : Explicit concurrent mark sweep GC freed 3728(177KB) AllocSpace objects, 2(56KB) LOS objects, 7% free, 185MB/201MB, paused 2.059ms total 70.899ms
08-05 20:48:42.875 24743 24760 I art     : Starting a blocking GC Explicit
08-05 20:48:42.954 24743 24760 I art     : Explicit concurrent mark sweep GC freed 3(96B) AllocSpace objects, 0(0B) LOS objects, 7% free, 185MB/201MB, paused 2.396ms total 78.527ms
08-05 20:48:43.128 24743 27843 I NAPPA_EXPERIMENTATION: MetricNetworkRequestExecutionTime: REQUEST_DURATION_SYSTEM='869',REQUEST_DURATION_OKHTTP='41',REQUEST_SYNCHRONOUS='FALSE',RESPONSE_CODE='200',RESPONSE_METHOD='GET',RESPONSE_LENGTH_OKHTTP='36',RESPONSE_LENGTH_HEADER='36',REQUEST_PROTOCOL='http/1.1',REQUEST_URL='https://project-travel-mate.herokuapp.com/api/number-of-unread-notifications',
08-05 20:48:43.431 24743 27315 I art     : Starting a blocking GC Explicit
08-05 20:48:43.516 24743 27315 I art     : Explicit concurrent mark sweep GC freed 4460(243KB) AllocSpace objects, 5(248KB) LOS objects, 7% free, 185MB/201MB, paused 2.196ms total 84.757ms
08-05 20:48:43.543 24743 27315 I art     : Starting a blocking GC Explicit
08-05 20:48:43.617 24743 27315 I art     : Explicit concurrent mark sweep GC freed 964(117KB) AllocSpace objects, 0(0B) LOS objects, 7% free, 185MB/201MB, paused 2.252ms total 74.049ms
08-05 20:48:43.645 24743 27315 I art     : Starting a blocking GC Explicit
08-05 20:48:43.665   918  3188 I hubconnection: sensorhub said: 'set_bias 3: -6.2400, 0.0000, 0.0000'
08-05 20:48:43.721 24743 27315 I art     : Explicit concurrent mark sweep GC freed 14(720B) AllocSpace objects, 0(0B) LOS objects, 7% free, 185MB/201MB, paused 2.336ms total 76.202ms
08-05 20:48:43.749 24743 27315 I art     : Starting a blocking GC Explicit
08-05 20:48:43.825 24743 27315 I art     : Explicit concurrent mark sweep GC freed 14(672B) AllocSpace objects, 0(0B) LOS objects, 7% free, 185MB/201MB, paused 2.204ms total 75.171ms
08-05 20:48:43.825 24743 24759 I art     : WaitForGcToComplete blocked for 75.607ms for cause HeapTrim
08-05 20:48:43.853 24743 27315 I art     : Starting a blocking GC Explicit
08-05 20:48:43.930 24743 27315 I art     : Explicit concurrent mark sweep GC freed 3(96B) AllocSpace objects, 0(0B) LOS objects, 7% free, 185MB/201MB, paused 2.371ms total 76.411ms
08-05 20:48:44.121 27857 27857 D AndroidRuntime: >>>>>> START com.android.internal.os.RuntimeInit uid 2000 <<<<<<
08-05 20:48:44.128 27857 27857 D AndroidRuntime: CheckJNI is OFF
08-05 20:48:44.184 27857 27857 D ICU     : No timezone override file found: /data/misc/zoneinfo/current/icu/icu_tzdata.dat
08-05 20:48:44.228 27857 27857 I Radio-JNI: register_android_hardware_Radio DONE
08-05 20:48:44.260 27857 27857 D AndroidRuntime: Calling main entry com.android.commands.input.Input
08-05 20:48:44.263 27857 27857 I Input   : injectMotionEvent: MotionEvent { action=ACTION_DOWN, actionButton=0, id[0]=0, x[0]=117.0, y[0]=170.0, toolType[0]=TOOL_TYPE_UNKNOWN, buttonState=0, metaState=0, flags=0x0, edgeFlags=0x0, pointerCount=1, historySize=0, eventTime=823740675, downTime=823740675, deviceId=0, source=0x1002 }
08-05 20:48:44.270 27857 27857 I Input   : injectMotionEvent: MotionEvent { action=ACTION_UP, actionButton=0, id[0]=0, x[0]=117.0, y[0]=170.0, toolType[0]=TOOL_TYPE_UNKNOWN, buttonState=0, metaState=0, flags=0x0, edgeFlags=0x0, pointerCount=1, historySize=0, eventTime=823740675, downTime=823740675, deviceId=0, source=0x1002 }
08-05 20:48:44.273 27857 27857 D AndroidRuntime: Shutting down VM
08-05 20:48:44.290   512  2967 D audio_hw_primary: out_set_parameters: enter: usecase(1: low-latency-playback) kvpairs: routing=2
08-05 20:48:44.305   512  2967 D audio_hw_primary: select_devices: out_snd_device(2: speaker) in_snd_device(0: none)
08-05 20:48:44.305   512  2967 D msm8974_platform: platform_send_audio_calibration: sending audio calibration for snd_device(2) acdb_id(15)
08-05 20:48:44.305   512  2967 I soundtrigger: audio_extn_sound_trigger_update_device_status: device 0x2 of type 0 for Event 1
08-05 20:48:44.316   512  2967 D audio_hw_primary: enable_snd_device: snd_device(2: speaker)
08-05 20:48:44.320   512  2967 D audio_hw_primary: enable_audio_route: apply and update mixer path: low-latency-playback speaker
08-05 20:48:44.416 24743 24760 I art     : Starting a blocking GC Explicit
08-05 20:48:44.434   518   646 I ThermalEngine: ACTION: GPU - Setting GPU[0] to 450000000
08-05 20:48:44.481 24743 24760 I art     : Explicit concurrent mark sweep GC freed 2069(116KB) AllocSpace objects, 2(48KB) LOS objects, 7% free, 185MB/201MB, paused 1.424ms total 64.713ms
08-05 20:48:44.501 24743 24760 I art     : Starting a blocking GC Explicit
08-05 20:48:44.560 24743 24760 I art     : Explicit concurrent mark sweep GC freed 54(2192B) AllocSpace objects, 0(0B) LOS objects, 7% free, 185MB/201MB, paused 1.456ms total 59.006ms
08-05 20:48:44.581 24743 24760 I art     : Starting a blocking GC Explicit
08-05 20:48:44.637 24743 24760 I art     : Explicit concurrent mark sweep GC freed 5(160B) AllocSpace objects, 0(0B) LOS objects, 7% free, 185MB/201MB, paused 1.479ms total 55.642ms
08-05 20:48:44.657 24743 24760 I art     : Starting a blocking GC Explicit
08-05 20:48:44.712 24743 24760 I art     : Explicit concurrent mark sweep GC freed 5(192B) AllocSpace objects, 0(0B) LOS objects, 7% free, 185MB/201MB, paused 1.330ms total 54.659ms
08-05 20:48:44.731 24743 24760 I art     : Starting a blocking GC Explicit
08-05 20:48:44.788 24743 24760 I art     : Explicit concurrent mark sweep GC freed 10(320B) AllocSpace objects, 0(0B) LOS objects, 7% free, 185MB/201MB, paused 1.547ms total 56.561ms
08-05 20:48:44.870   512  2967 D audio_hw_primary: disable_audio_route: reset and update mixer path: low-latency-playback speaker
08-05 20:48:44.871   512  2967 D audio_hw_primary: disable_snd_device: snd_device(2: speaker)
08-05 20:48:44.879   512  2967 I soundtrigger: audio_extn_sound_trigger_update_device_status: device 0x2 of type 0 for Event 0
08-05 20:48:45.030 27880 27880 D AndroidRuntime: >>>>>> START com.android.internal.os.RuntimeInit uid 2000 <<<<<<
08-05 20:48:45.036 27880 27880 D AndroidRuntime: CheckJNI is OFF
08-05 20:48:45.079 27880 27880 D ICU     : No timezone override file found: /data/misc/zoneinfo/current/icu/icu_tzdata.dat
08-05 20:48:45.121 27880 27880 I Radio-JNI: register_android_hardware_Radio DONE
08-05 20:48:45.151 27880 27880 D AndroidRuntime: Calling main entry com.android.commands.input.Input
08-05 20:48:45.153 27880 27880 I Input   : injectMotionEvent: MotionEvent { action=ACTION_DOWN, actionButton=0, id[0]=0, x[0]=418.0, y[0]=842.0, toolType[0]=TOOL_TYPE_UNKNOWN, buttonState=0, metaState=0, flags=0x0, edgeFlags=0x0, pointerCount=1, historySize=0, eventTime=823741565, downTime=823741565, deviceId=0, source=0x1002 }
08-05 20:48:45.157 27880 27880 I Input   : injectMotionEvent: MotionEvent { action=ACTION_UP, actionButton=0, id[0]=0, x[0]=418.0, y[0]=842.0, toolType[0]=TOOL_TYPE_UNKNOWN, buttonState=0, metaState=0, flags=0x0, edgeFlags=0x0, pointerCount=1, historySize=0, eventTime=823741565, downTime=823741565, deviceId=0, source=0x1002 }
08-05 20:48:45.159 27880 27880 D AndroidRuntime: Shutting down VM
08-05 20:48:45.172   512  2967 D audio_hw_primary: out_set_parameters: enter: usecase(1: low-latency-playback) kvpairs: routing=2
08-05 20:48:45.173 24743 24833 D Gabe    : call	returning from cache
08-05 20:48:45.186   512  2967 D audio_hw_primary: select_devices: out_snd_device(2: speaker) in_snd_device(0: none)
08-05 20:48:45.186   512  2967 D msm8974_platform: platform_send_audio_calibration: sending audio calibration for snd_device(2) acdb_id(15)
08-05 20:48:45.186   512  2967 I soundtrigger: audio_extn_sound_trigger_update_device_status: device 0x2 of type 0 for Event 1
08-05 20:48:45.195 24743 24743 V MainActivity: url = https://project-travel-mate.herokuapp.com/api/number-of-unread-notifications
08-05 20:48:45.200 24743 25266 I art     : Starting a blocking GC Explicit
08-05 20:48:45.207   512  2967 D audio_hw_primary: enable_snd_device: snd_device(2: speaker)
08-05 20:48:45.209   512  2967 D audio_hw_primary: enable_audio_route: apply and update mixer path: low-latency-playback speaker
08-05 20:48:45.254   512  2967 D AudioFlinger: mixer(0xf4740000) throttle end: throttle time(12)
08-05 20:48:45.260 24743 25266 I art     : Explicit concurrent mark sweep GC freed 2846(163KB) AllocSpace objects, 2(48KB) LOS objects, 7% free, 185MB/201MB, paused 1.943ms total 60.088ms
08-05 20:48:45.280 24743 25266 I art     : Starting a blocking GC Explicit
08-05 20:48:45.344 24743 25266 I art     : Explicit concurrent mark sweep GC freed 572(36KB) AllocSpace objects, 0(0B) LOS objects, 7% free, 185MB/201MB, paused 2.078ms total 63.829ms
08-05 20:48:45.364 24743 25266 I art     : Starting a blocking GC Explicit
08-05 20:48:45.427 24743 25266 I art     : Explicit concurrent mark sweep GC freed 696(42KB) AllocSpace objects, 0(0B) LOS objects, 7% free, 185MB/201MB, paused 2.181ms total 62.609ms
08-05 20:48:45.447 24743 25266 I art     : Starting a blocking GC Explicit
08-05 20:48:45.514 24743 25266 I art     : Explicit concurrent mark sweep GC freed 310(21KB) AllocSpace objects, 0(0B) LOS objects, 7% free, 186MB/202MB, paused 2.052ms total 67.386ms
08-05 20:48:45.534 24743 25266 I art     : Starting a blocking GC Explicit
08-05 20:48:45.602 24743 25266 I art     : Explicit concurrent mark sweep GC freed 344(24KB) AllocSpace objects, 0(0B) LOS objects, 7% free, 186MB/202MB, paused 1.973ms total 67.762ms
08-05 20:48:45.739 24743 24743 I Choreographer: Skipped 32 frames!  The application may be doing too much work on its main thread.
08-05 20:48:45.748   512  2967 D audio_hw_primary: disable_audio_route: reset and update mixer path: low-latency-playback speaker
08-05 20:48:45.749   512  2967 D audio_hw_primary: disable_snd_device: snd_device(2: speaker)
08-05 20:48:45.758   512  2967 I soundtrigger: audio_extn_sound_trigger_update_device_status: device 0x2 of type 0 for Event 0
08-05 20:48:46.007 24743 24771 I art     : Starting a blocking GC Explicit
08-05 20:48:46.078 24743 24771 I art     : Explicit concurrent mark sweep GC freed 7950(382KB) AllocSpace objects, 14(512KB) LOS objects, 7% free, 186MB/202MB, paused 1.603ms total 70.736ms
08-05 20:48:46.090 24743 27902 I NAPPA_EXPERIMENTATION: MetricNetworkRequestExecutionTime: REQUEST_DURATION_SYSTEM='893',REQUEST_DURATION_OKHTTP='40',REQUEST_SYNCHRONOUS='FALSE',RESPONSE_CODE='200',RESPONSE_METHOD='GET',RESPONSE_LENGTH_OKHTTP='36',RESPONSE_LENGTH_HEADER='36',REQUEST_PROTOCOL='http/1.1',REQUEST_URL='https://project-travel-mate.herokuapp.com/api/number-of-unread-notifications',
08-05 20:48:46.099 24743 24771 I art     : Starting a blocking GC Explicit
08-05 20:48:46.168 24743 24771 I art     : Explicit concurrent mark sweep GC freed 2198(185KB) AllocSpace objects, 0(0B) LOS objects, 7% free, 186MB/202MB, paused 1.655ms total 68.975ms
08-05 20:48:46.189 24743 24771 I art     : Starting a blocking GC Explicit
08-05 20:48:46.259 24743 24771 I art     : Explicit concurrent mark sweep GC freed 272(7KB) AllocSpace objects, 0(0B) LOS objects, 7% free, 186MB/202MB, paused 1.620ms total 70.305ms
08-05 20:48:46.280 24743 24771 I art     : Starting a blocking GC Explicit
08-05 20:48:46.351 24743 24771 I art     : Explicit concurrent mark sweep GC freed 124(2128B) AllocSpace objects, 0(0B) LOS objects, 7% free, 186MB/202MB, paused 1.530ms total 70.532ms
08-05 20:48:46.372 24743 24771 I art     : Starting a blocking GC Explicit
08-05 20:48:46.442 24743 24771 I art     : Explicit concurrent mark sweep GC freed 147(2496B) AllocSpace objects, 0(0B) LOS objects, 7% free, 186MB/202MB, paused 1.704ms total 69.135ms
08-05 20:48:46.796 23554 23554 I ServiceManager: Waiting for service AtCmdFwd...
08-05 20:48:46.860 24743 24762 I art     : Starting a blocking GC Explicit
08-05 20:48:46.928 24743 24762 I art     : Explicit concurrent mark sweep GC freed 2329(106KB) AllocSpace objects, 2(64KB) LOS objects, 7% free, 186MB/202MB, paused 1.660ms total 67.491ms
08-05 20:48:46.949 24743 24762 I art     : Starting a blocking GC Explicit
08-05 20:48:47.015 24743 24762 I art     : Explicit concurrent mark sweep GC freed 188(4KB) AllocSpace objects, 0(0B) LOS objects, 7% free, 186MB/202MB, paused 1.633ms total 65.574ms
08-05 20:48:47.037 24743 24762 I art     : Starting a blocking GC Explicit
08-05 20:48:47.105 24743 24762 I art     : Explicit concurrent mark sweep GC freed 128(2256B) AllocSpace objects, 0(0B) LOS objects, 7% free, 186MB/202MB, paused 1.432ms total 67.744ms
08-05 20:48:47.126 24743 24762 I art     : Starting a blocking GC Explicit
08-05 20:48:47.201 24743 24762 I art     : Explicit concurrent mark sweep GC freed 185(3KB) AllocSpace objects, 0(0B) LOS objects, 7% free, 186MB/202MB, paused 1.646ms total 74.777ms
08-05 20:48:47.227 24743 24762 I art     : Starting a blocking GC Explicit
08-05 20:48:47.299 24743 24762 I art     : Explicit concurrent mark sweep GC freed 147(2496B) AllocSpace objects, 0(0B) LOS objects, 7% free, 186MB/202MB, paused 1.569ms total 72.429ms
08-05 20:48:47.328 13866 13882 I PeriodicStatsRunner: PeriodicStatsRunner.call():175 call()
08-05 20:48:47.329 13866 13882 I PeriodicStatsRunner: PeriodicStatsRunner.call():179 No submit PeriodicStats since input started.
08-05 20:48:47.698 24743 24760 I art     : Starting a blocking GC Explicit
08-05 20:48:47.771 24743 24760 I art     : Explicit concurrent mark sweep GC freed 2296(105KB) AllocSpace objects, 2(64KB) LOS objects, 7% free, 186MB/202MB, paused 1.596ms total 72.722ms
08-05 20:48:47.792 24743 24760 I art     : Starting a blocking GC Explicit
08-05 20:48:47.797 23554 23554 I ServiceManager: Waiting for service AtCmdFwd...
08-05 20:48:47.863 24743 24760 I art     : Explicit concurrent mark sweep GC freed 173(3KB) AllocSpace objects, 0(0B) LOS objects, 7% free, 186MB/202MB, paused 1.657ms total 70.795ms
08-05 20:48:47.885 24743 24760 I art     : Starting a blocking GC Explicit
08-05 20:48:47.956 24743 24760 I art     : Explicit concurrent mark sweep GC freed 124(2128B) AllocSpace objects, 0(0B) LOS objects, 7% free, 186MB/202MB, paused 1.567ms total 71.398ms
08-05 20:48:47.977 24743 24760 I art     : Starting a blocking GC Explicit
08-05 20:48:48.033 27930 27930 D AndroidRuntime: >>>>>> START com.android.internal.os.RuntimeInit uid 2000 <<<<<<
08-05 20:48:48.039 27930 27930 D AndroidRuntime: CheckJNI is OFF
08-05 20:48:48.049 24743 24760 I art     : Explicit concurrent mark sweep GC freed 147(2496B) AllocSpace objects, 0(0B) LOS objects, 7% free, 186MB/202MB, paused 1.823ms total 71.490ms
08-05 20:48:48.070 24743 24760 I art     : Starting a blocking GC Explicit
08-05 20:48:48.087 27930 27930 D ICU     : No timezone override file found: /data/misc/zoneinfo/current/icu/icu_tzdata.dat
08-05 20:48:48.138 24743 24760 I art     : Explicit concurrent mark sweep GC freed 123(2096B) AllocSpace objects, 0(0B) LOS objects, 7% free, 186MB/202MB, paused 1.773ms total 68.176ms
08-05 20:48:48.148 27930 27930 I Radio-JNI: register_android_hardware_Radio DONE
08-05 20:48:48.177 27930 27930 D AndroidRuntime: Calling main entry com.android.commands.am.Am
08-05 20:48:48.188 19822 19822 I Trepn   : Trepn 6.2s: Received intent: com.quicinc.trepn.stop_profiling
08-05 20:48:48.225 19822 19822 I Trepn   : Trepn 6.2s: Trepn has Stopped Profiling.
08-05 20:48:48.344 27930 27930 D AndroidRuntime: Shutting down VM
08-05 20:48:48.349   918   929 W AppOps  : Finishing op nesting under-run: uid 10078 pkg com.quicinc.trepn code 24 time=0 duration=0 nesting=0
08-05 20:48:48.552 24743 24771 I art     : Starting a blocking GC Explicit
08-05 20:48:48.626 24743 24771 I art     : Explicit concurrent mark sweep GC freed 2374(107KB) AllocSpace objects, 2(64KB) LOS objects, 7% free, 186MB/202MB, paused 1.525ms total 73.571ms
08-05 20:48:48.647 24743 24771 I art     : Starting a blocking GC Explicit
08-05 20:48:48.714 24743 24771 I art     : Explicit concurrent mark sweep GC freed 179(3KB) AllocSpace objects, 0(0B) LOS objects, 7% free, 186MB/202MB, paused 1.435ms total 66.880ms
08-05 20:48:48.735 24743 24771 I art     : Starting a blocking GC Explicit
08-05 20:48:48.798 23554 23554 I ServiceManager: Waiting for service AtCmdFwd...
08-05 20:48:48.800 24743 24771 I art     : Explicit concurrent mark sweep GC freed 123(2096B) AllocSpace objects, 0(0B) LOS objects, 7% free, 186MB/202MB, paused 1.530ms total 65.003ms
08-05 20:48:48.821 24743 24771 I art     : Starting a blocking GC Explicit
08-05 20:48:48.890 24743 24771 I art     : Explicit concurrent mark sweep GC freed 124(2128B) AllocSpace objects, 0(0B) LOS objects, 7% free, 186MB/202MB, paused 1.430ms total 67.866ms
08-05 20:48:48.910 24743 24771 I art     : Starting a blocking GC Explicit
08-05 20:48:48.975 24743 24771 I art     : Explicit concurrent mark sweep GC freed 123(2096B) AllocSpace objects, 0(0B) LOS objects, 7% free, 186MB/202MB, paused 1.401ms total 64.384ms
08-05 20:48:48.975 24743 24759 I art     : WaitForGcToComplete blocked for 45.478ms for cause HeapTrim
08-05 20:48:49.798 23554 23554 I ServiceManager: Waiting for service AtCmdFwd...
08-05 20:48:50.799 23554 23554 I ServiceManager: Waiting for service AtCmdFwd...
08-05 20:48:51.095   918  3261 D WifiStateMachine: starting scan for "H369AA63323"WPA_PSK with 2412,5180
08-05 20:48:51.799 23554 23554 W Atfwd_Sendcmd: AtCmdFwd service not published, waiting... retryCnt : 4
