--------- beginning of main
08-05 18:49:43.597  8332  8332 D AndroidRuntime: >>>>>> START com.android.internal.os.RuntimeInit uid 2000 <<<<<<
08-05 18:49:43.604  8332  8332 D AndroidRuntime: CheckJNI is OFF
08-05 18:49:43.631  8332  8332 D ICU     : No timezone override file found: /data/misc/zoneinfo/current/icu/icu_tzdata.dat
08-05 18:49:43.658  8332  8332 I Radio-JNI: register_android_hardware_Radio DONE
08-05 18:49:43.674  8332  8332 D AndroidRuntime: Calling main entry com.android.commands.monkey.Monkey
--------- beginning of system
08-05 18:49:43.691   918   931 W BroadcastQueue: Skipping deliver [background] BroadcastRecord{a24b315 u-1 android.net.conn.CONNECTIVITY_CHANGE} to ReceiverList{76ed62a 8332 (unknown name)/2000/u-1 remote:a649eff}: process crashing
08-05 18:49:43.701   918  5132 I ActivityManager: START u0 {act=android.intent.action.MAIN cat=[android.intent.category.LAUNCHER] flg=0x10200000 cmp=baseline.io.github.project_travel_mate/.SplashActivity} from uid 2000 on display 0
08-05 18:49:43.736   918  6112 I ActivityManager: Start proc 8341:baseline.io.github.project_travel_mate/u0a674 for activity baseline.io.github.project_travel_mate/.SplashActivity
08-05 18:49:43.738  8341  8341 I art     : Late-enabling -Xcheck:jni
08-05 18:49:43.739  8332  8332 I art     : System.exit called, status: 0
08-05 18:49:43.739  8332  8332 I AndroidRuntime: VM exiting with result code 0.
08-05 18:49:43.810 16458  5471 I PBSessionCacheImpl: Deleted sessionId[72384646105454640] from persistence.
08-05 18:49:43.819 16458 16488 W SearchServiceCore: Abort, client detached.
08-05 18:49:43.819 16458 16488 I MicroDetectionState: Should stop hotword detection immediately - true
08-05 18:49:43.825  8341  8341 W System  : ClassLoader referenced unknown path: /data/app/baseline.io.github.project_travel_mate-1/lib/arm64
08-05 18:49:43.984  8341  8341 W art     : Before Android 4.1, method android.graphics.PorterDuffColorFilter androidx.vectordrawable.graphics.drawable.VectorDrawableCompat.updateTintFilter(android.graphics.PorterDuffColorFilter, android.content.res.ColorStateList, android.graphics.PorterDuff$Mode) would have incorrectly overridden the package-private method in android.graphics.drawable.Drawable
08-05 18:49:44.037  8341  8341 I art     : Rejecting re-init on previously-failed class java.lang.Class<androidx.core.view.ViewCompat$OnUnhandledKeyEventListenerWrapper>
08-05 18:49:44.037  8341  8341 I art     : Rejecting re-init on previously-failed class java.lang.Class<androidx.core.view.ViewCompat$OnUnhandledKeyEventListenerWrapper>
08-05 18:49:44.094  8341  8356 D OpenGLRenderer: Use EGL_SWAP_BEHAVIOR_PRESERVED: true
08-05 18:49:44.134  8341  8356 I Adreno  : QUALCOMM build                   : fcf4852, I1af360237c
08-05 18:49:44.134  8341  8356 I Adreno  : Build Date                       : 09/23/15
08-05 18:49:44.134  8341  8356 I Adreno  : OpenGL ES Shader Compiler Version: XE031.05.13.02
08-05 18:49:44.134  8341  8356 I Adreno  : Local Branch                     : mybranch14465806
08-05 18:49:44.134  8341  8356 I Adreno  : Remote Branch                    : quic/LA.BF64.1.2.9_v2
08-05 18:49:44.134  8341  8356 I Adreno  : Remote Branch                    : NONE
08-05 18:49:44.134  8341  8356 I Adreno  : Reconstruct Branch               : NOTHING
08-05 18:49:44.141  8341  8356 I OpenGLRenderer: Initialized EGL, version 1.4
08-05 18:49:44.274   918   936 I ActivityManager: Displayed baseline.io.github.project_travel_mate/.SplashActivity: +565ms
08-05 18:49:44.283 13866 13866 I GoogleInputMethodServic: GoogleInputMethodService.onFinishInput():3138 
08-05 18:49:44.284 13866 13866 I GoogleInputMethodServic: GoogleInputMethodService.onStartInput():1808 
08-05 18:49:45.312  8370  8370 D AndroidRuntime: >>>>>> START com.android.internal.os.RuntimeInit uid 2000 <<<<<<
08-05 18:49:45.316  8370  8370 D AndroidRuntime: CheckJNI is OFF
08-05 18:49:45.339  8370  8370 D ICU     : No timezone override file found: /data/misc/zoneinfo/current/icu/icu_tzdata.dat
08-05 18:49:45.364  8370  8370 I Radio-JNI: register_android_hardware_Radio DONE
08-05 18:49:45.379  8370  8370 D AndroidRuntime: Calling main entry com.android.commands.am.Am
08-05 18:49:45.387  5615  5615 I Trepn   : Trepn 6.2s: Received intent: com.quicinc.trepn.start_profiling
08-05 18:49:45.478  5615  5615 W FileUtils: Failed to chmod(/storage/emulated/0/trepn/Trepn_2020.08.05_184945.db): android.system.ErrnoException: chmod failed: EPERM (Operation not permitted)
08-05 18:49:45.552  5615  5615 I Trepn   : Trepn 6.2s: Trepn has Started Profiling.
08-05 18:49:45.553  8370  8370 D AndroidRuntime: Shutting down VM
08-05 18:49:46.100  8341  8353 I art     : Starting a blocking GC Explicit
08-05 18:49:46.163  8341  8353 I art     : Explicit concurrent mark sweep GC freed 68084(3MB) AllocSpace objects, 2(40KB) LOS objects, 40% free, 20MB/34MB, paused 625us total 62.222ms
08-05 18:49:46.173  8341  8353 I art     : Starting a blocking GC Explicit
08-05 18:49:46.182  8341  8353 I art     : Explicit concurrent mark sweep GC freed 2618(108KB) AllocSpace objects, 0(0B) LOS objects, 40% free, 20MB/34MB, paused 104us total 9.153ms
08-05 18:49:46.189  8341  8353 I art     : Starting a blocking GC Explicit
08-05 18:49:46.193   918  3359 I ActivityManager: START u0 {cmp=baseline.io.github.project_travel_mate/.MainActivity} from uid 10674 on display 0
08-05 18:49:46.201  8341  8353 I art     : Explicit concurrent mark sweep GC freed 939(45KB) AllocSpace objects, 0(0B) LOS objects, 40% free, 20MB/34MB, paused 100us total 11.705ms
08-05 18:49:46.209  8341  8353 I art     : Starting a blocking GC Explicit
08-05 18:49:46.221  8341  8353 I art     : Explicit concurrent mark sweep GC freed 92(31KB) AllocSpace objects, 0(0B) LOS objects, 40% free, 20MB/34MB, paused 2.046ms total 12.468ms
08-05 18:49:46.230  8341  8353 I art     : Starting a blocking GC Explicit
08-05 18:49:46.243  8341  8353 I art     : Explicit concurrent mark sweep GC freed 133(49KB) AllocSpace objects, 0(0B) LOS objects, 40% free, 20MB/34MB, paused 526us total 12.923ms
08-05 18:49:46.357  8341  8341 W Settings: Setting airplane_mode_on has moved from android.provider.Settings.System to android.provider.Settings.Global, returning read-only value.
08-05 18:49:46.373  8341  8341 V MainActivity: url=https://project-travel-mate.herokuapp.com/api/get-user
08-05 18:49:46.413  8341  8415 W LOTTIE  : Unknown mask mode mode. Defaulting to Add.
08-05 18:49:46.421  8341  8415 W LOTTIE  : You have 5 images. Lottie should primarily be used with shapes. If you are using Adobe Illustrator, convert the Illustrator layers to shape layers.
08-05 18:49:46.422  8341  8415 W LOTTIE  : Unknown mask mode mode. Defaulting to Add.
08-05 18:49:46.422  8341  8415 W LOTTIE  : Unknown mask mode mode. Defaulting to Add.
08-05 18:49:46.463  8341  8341 V CityFragment: url=https://project-travel-mate.herokuapp.com/api/get-all-cities/10
08-05 18:49:46.572  8341  8354 I art     : Starting a blocking GC Explicit
08-05 18:49:46.633  8341  8354 I art     : Explicit concurrent mark sweep GC freed 15037(1076KB) AllocSpace objects, 2(40KB) LOS objects, 40% free, 23MB/38MB, paused 601us total 60.793ms
08-05 18:49:46.635  8341  8341 E RecyclerView: No adapter attached; skipping layout
08-05 18:49:46.648  8341  8354 I art     : Starting a blocking GC Explicit
08-05 18:49:46.662  8341  8354 I art     : Explicit concurrent mark sweep GC freed 788(135KB) AllocSpace objects, 0(0B) LOS objects, 40% free, 23MB/38MB, paused 449us total 13.921ms
08-05 18:49:46.670  8341  8354 I art     : Starting a blocking GC Explicit
08-05 18:49:46.683  8341  8354 I art     : Explicit concurrent mark sweep GC freed 2443(96KB) AllocSpace objects, 0(0B) LOS objects, 40% free, 23MB/38MB, paused 432us total 12.810ms
08-05 18:49:46.691  8341  8354 I art     : Starting a blocking GC Explicit
08-05 18:49:46.706  8341  8354 I art     : Explicit concurrent mark sweep GC freed 2226(83KB) AllocSpace objects, 0(0B) LOS objects, 36% free, 27MB/43MB, paused 461us total 15.174ms
08-05 18:49:46.715  8341  8354 I art     : Starting a blocking GC Explicit
08-05 18:49:46.729  8341  8354 I art     : Explicit concurrent mark sweep GC freed 207(18KB) AllocSpace objects, 0(0B) LOS objects, 36% free, 27MB/43MB, paused 374us total 14.218ms
08-05 18:49:46.793  8341  8341 V MainActivity: url = https://project-travel-mate.herokuapp.com/api/number-of-unread-notifications
08-05 18:49:46.795   918   936 I ActivityManager: Displayed baseline.io.github.project_travel_mate/.MainActivity: +595ms
08-05 18:49:46.814 13866 13866 I GoogleInputMethodServic: GoogleInputMethodService.onFinishInput():3138 
08-05 18:49:46.814 13866 13866 I GoogleInputMethodServic: GoogleInputMethodService.onStartInput():1808 
08-05 18:49:46.816  8341  8341 E RecyclerView: No adapter attached; skipping layout
08-05 18:49:46.999  8341  8353 I art     : Starting a blocking GC Explicit
08-05 18:49:47.018  8341  8353 I art     : Explicit concurrent mark sweep GC freed 2716(182KB) AllocSpace objects, 1(20KB) LOS objects, 36% free, 27MB/43MB, paused 414us total 19.158ms
08-05 18:49:47.029  8341  8353 I art     : Starting a blocking GC Explicit
08-05 18:49:47.044   380   380 W SurfaceFlinger: couldn't log to binary event log: overflow.
08-05 18:49:47.053  8341  8353 I art     : Explicit concurrent mark sweep GC freed 5242(300KB) AllocSpace objects, 4(240KB) LOS objects, 35% free, 28MB/44MB, paused 898us total 23.086ms
08-05 18:49:47.061  8341  8353 I art     : Starting a blocking GC Explicit
08-05 18:49:47.074  8341  8353 I art     : Explicit concurrent mark sweep GC freed 2099(241KB) AllocSpace objects, 2(160KB) LOS objects, 36% free, 28MB/44MB, paused 249us total 12.813ms
08-05 18:49:47.082  8341  8353 I art     : Starting a blocking GC Explicit
08-05 18:49:47.092  8341  8421 I NAPPA_EXPERIMENTATION: MetricNetworkRequestExecutionTime: REQUEST_DURATION_SYSTEM='628',REQUEST_DURATION_OKHTTP='38',REQUEST_SYNCHRONOUS='FALSE',RESPONSE_CODE='200',RESPONSE_METHOD='GET',RESPONSE_LENGTH_OKHTTP='1588',RESPONSE_LENGTH_HEADER='1588',REQUEST_PROTOCOL='http/1.1',REQUEST_URL='https://project-travel-mate.herokuapp.com/api/get-all-cities/10',
08-05 18:49:47.095  8341  8353 I art     : Explicit concurrent mark sweep GC freed 187(13KB) AllocSpace objects, 0(0B) LOS objects, 36% free, 28MB/44MB, paused 246us total 12.832ms
08-05 18:49:47.103  8341  8353 I art     : Starting a blocking GC Explicit
08-05 18:49:47.106  8341  8341 V CityFragment: result=[{"id":1,"city_name":"Delhi","facts_count":6,"image":"https://upload.wikimedia.org/wikipedia/commons/9/94/%E0%B4%96%E0%B5%81%E0%B4%A4%E0%B5%8D%E0%B4%AC%E0%B5%8D_%E0%B4%AE%E0%B4%BF%E0%B4%A8%E0%B4%BE%E0%B5%BC1.jpg","visit_count":18186},{"id":2,"city_name":"Mumbai","facts_count":0,"image":"https://static1.squarespace.com/static/55917ae2e4b0984fc8c264c4/t/5ad7a037758d464041bfba27/1524102624280/Victoria_Mumbai.jpg","visit_count":6022},{"id":3,"city_name":"Bangalore","facts_count":0,"image":null,"visit_count":5536},{"id":8,"city_name":"Pune","facts_count":0,"image":"https://www.zricks.com/ImagesPostProject/47929//6557d975-20a9-4c6c-a776-8072a1936a76.jpg","visit_count":3324},{"id":4,"city_name":"Chennai","facts_count":0,"image":"http://lh3.ggpht.com/_YLb7tJ8RoAk/SfazBLdgf3I/AAAAAAAANEg/p52_Zz_URxg/s640/Picture%20009.jpg","visit_count":3061},{"id":5,"city_name":"Kolkata","facts_count":0,"image":"https://i.pinimg.com/originals/05/ec/42/05ec42c545b494d12cc612923483b4f0.jpg","visit_count":2211},{"id":9,"city_name":"Jaipur","facts_count":1,"image":"https://www.trodly.com/pictures/attraction/1943.jpg","visit_count":2007},{"id":6,"city_name":"Hyderabad","facts_count":0,"image":"https://i1.trekearth.com/photos/59194/charminar_020_sm.jpg","visit_count":1633},{"id":150,"city_name":"Panjim","facts_count":0,"image":"http://www.nomad4ever.com/wp-content/uploads/2009/04/palm-trees-at-baga-creek-north-goa1.jpg","visit_count":1488},{"id":7,"city_name":"Ahmedabad","facts_count":0,"image":"https://i.pinimg.com/originals/a5/ed/29/a5ed293271669a61f47059f7b0d9cf2c.jpg","visit_count":1115}]
08-05 18:49:47.117  8341  8353 I art     : Explicit concurrent mark sweep GC freed 227(23KB) AllocSpace objects, 0(0B) LOS objects, 36% free, 28MB/44MB, paused 254us total 13.895ms
08-05 18:49:47.123  8341  8412 I NAPPA_EXPERIMENTATION: MetricNetworkRequestExecutionTime: REQUEST_DURATION_SYSTEM='731',REQUEST_DURATION_OKHTTP='71',REQUEST_SYNCHRONOUS='FALSE',RESPONSE_CODE='200',RESPONSE_METHOD='GET',RESPONSE_LENGTH_OKHTTP='185',RESPONSE_LENGTH_HEADER='185',REQUEST_PROTOCOL='http/1.1',REQUEST_URL='https://project-travel-mate.herokuapp.com/api/get-user',
08-05 18:49:47.150  8341  8341 D CityFragment: get cities cities size = 10
08-05 18:49:47.337  8341  8424 I NAPPA_EXPERIMENTATION: MetricNetworkRequestExecutionTime: REQUEST_DURATION_SYSTEM='543',REQUEST_DURATION_OKHTTP='60',REQUEST_SYNCHRONOUS='FALSE',RESPONSE_CODE='200',RESPONSE_METHOD='GET',RESPONSE_LENGTH_OKHTTP='36',RESPONSE_LENGTH_HEADER='36',REQUEST_PROTOCOL='http/1.1',REQUEST_URL='https://project-travel-mate.herokuapp.com/api/number-of-unread-notifications',
08-05 18:49:47.381  8341  8354 I art     : Starting a blocking GC Explicit
08-05 18:49:47.402  8341  8354 I art     : Explicit concurrent mark sweep GC freed 7072(440KB) AllocSpace objects, 5(240KB) LOS objects, 33% free, 31MB/47MB, paused 567us total 20.402ms
08-05 18:49:47.411  8341  8354 I art     : Starting a blocking GC Explicit
08-05 18:49:47.430  8341  8354 I art     : Explicit concurrent mark sweep GC freed 1876(237KB) AllocSpace objects, 0(0B) LOS objects, 33% free, 32MB/48MB, paused 549us total 18.872ms
08-05 18:49:47.440  8341  8354 I art     : Starting a blocking GC Explicit
08-05 18:49:47.458  8341  8354 I art     : Explicit concurrent mark sweep GC freed 621(101KB) AllocSpace objects, 2(56KB) LOS objects, 33% free, 32MB/48MB, paused 1.017ms total 17.747ms
08-05 18:49:47.466  8341  8354 I art     : Starting a blocking GC Explicit
08-05 18:49:47.486  8341  8354 I art     : Explicit concurrent mark sweep GC freed 2540(147KB) AllocSpace objects, 5(4MB) LOS objects, 35% free, 28MB/44MB, paused 631us total 18.945ms
08-05 18:49:47.495  8341  8354 I art     : Starting a blocking GC Explicit
08-05 18:49:47.513  8341  8354 I art     : Explicit concurrent mark sweep GC freed 5398(304KB) AllocSpace objects, 1(80KB) LOS objects, 36% free, 28MB/44MB, paused 496us total 17.336ms
08-05 18:49:47.805  8341  8359 I art     : Starting a blocking GC Explicit
08-05 18:49:47.824  8341  8359 I art     : Explicit concurrent mark sweep GC freed 17670(1420KB) AllocSpace objects, 8(236KB) LOS objects, 34% free, 30MB/46MB, paused 335us total 19.439ms
08-05 18:49:47.833  8341  8359 I art     : Starting a blocking GC Explicit
08-05 18:49:47.849  8341  8359 I art     : Explicit concurrent mark sweep GC freed 675(28KB) AllocSpace objects, 2(88KB) LOS objects, 34% free, 30MB/46MB, paused 322us total 16.472ms
08-05 18:49:47.858  8341  8359 I art     : Starting a blocking GC Explicit
08-05 18:49:47.874  8341  8359 I art     : Explicit concurrent mark sweep GC freed 308(51KB) AllocSpace objects, 0(0B) LOS objects, 33% free, 31MB/47MB, paused 325us total 16.572ms
08-05 18:49:47.883  8341  8359 I art     : Starting a blocking GC Explicit
08-05 18:49:47.901  8341  8359 I art     : Explicit concurrent mark sweep GC freed 508(82KB) AllocSpace objects, 2(56KB) LOS objects, 33% free, 31MB/47MB, paused 353us total 17.852ms
08-05 18:49:47.909  8341  8359 I art     : Starting a blocking GC Explicit
08-05 18:49:47.926  8341  8359 I art     : Explicit concurrent mark sweep GC freed 423(75KB) AllocSpace objects, 0(0B) LOS objects, 33% free, 31MB/47MB, paused 350us total 16.883ms
08-05 18:49:48.219  8341  8354 I art     : Starting a blocking GC Explicit
08-05 18:49:48.239  8341  8354 I art     : Explicit concurrent mark sweep GC freed 8370(764KB) AllocSpace objects, 13(1620KB) LOS objects, 31% free, 34MB/50MB, paused 246us total 20.055ms
08-05 18:49:48.249  8341  8354 I art     : Starting a blocking GC Explicit
08-05 18:49:48.268  8341  8354 I art     : Explicit concurrent mark sweep GC freed 344(71KB) AllocSpace objects, 3(1260KB) LOS objects, 32% free, 32MB/48MB, paused 233us total 18.069ms
08-05 18:49:48.277  8341  8354 I art     : Starting a blocking GC Explicit
08-05 18:49:48.293  8341  8354 I art     : Explicit concurrent mark sweep GC freed 163(18KB) AllocSpace objects, 2(88KB) LOS objects, 32% free, 32MB/48MB, paused 253us total 15.655ms
08-05 18:49:48.301  8341  8354 I art     : Starting a blocking GC Explicit
08-05 18:49:48.318  8341  8354 I art     : Explicit concurrent mark sweep GC freed 80(1824B) AllocSpace objects, 0(0B) LOS objects, 32% free, 32MB/48MB, paused 222us total 15.873ms
08-05 18:49:48.326  8341  8354 I art     : Starting a blocking GC Explicit
08-05 18:49:48.342  8341  8354 I art     : Explicit concurrent mark sweep GC freed 28(528B) AllocSpace objects, 0(0B) LOS objects, 32% free, 32MB/48MB, paused 232us total 15.631ms
08-05 18:49:48.649  8341  8353 I art     : Starting a blocking GC Explicit
08-05 18:49:48.670  8341  8353 I art     : Explicit concurrent mark sweep GC freed 2312(110KB) AllocSpace objects, 2(40KB) LOS objects, 32% free, 32MB/48MB, paused 264us total 20.367ms
08-05 18:49:48.681  8341  8353 I art     : Starting a blocking GC Explicit
08-05 18:49:48.698  8341  8353 I art     : Explicit concurrent mark sweep GC freed 80(2304B) AllocSpace objects, 0(0B) LOS objects, 32% free, 32MB/48MB, paused 235us total 16.877ms
08-05 18:49:48.707  8341  8353 I art     : Starting a blocking GC Explicit
08-05 18:49:48.724  8341  8353 I art     : Explicit concurrent mark sweep GC freed 27(496B) AllocSpace objects, 0(0B) LOS objects, 32% free, 32MB/48MB, paused 253us total 16.969ms
08-05 18:49:48.732  8341  8353 I art     : Starting a blocking GC Explicit
08-05 18:49:48.750  8341  8353 I art     : Explicit concurrent mark sweep GC freed 51(896B) AllocSpace objects, 0(0B) LOS objects, 32% free, 32MB/48MB, paused 256us total 17.110ms
08-05 18:49:48.758  8341  8353 I art     : Starting a blocking GC Explicit
08-05 18:49:48.776  8341  8353 I art     : Explicit concurrent mark sweep GC freed 27(496B) AllocSpace objects, 0(0B) LOS objects, 32% free, 32MB/48MB, paused 236us total 17.115ms
08-05 18:49:48.927  8320  8320 I ServiceManager: Waiting for service AtCmdFwd...
08-05 18:49:49.131  8341  8354 I art     : Starting a blocking GC Explicit
08-05 18:49:49.153  8341  8354 I art     : Explicit concurrent mark sweep GC freed 1972(91KB) AllocSpace objects, 2(40KB) LOS objects, 32% free, 32MB/48MB, paused 278us total 22.064ms
08-05 18:49:49.166  8341  8354 I art     : Starting a blocking GC Explicit
08-05 18:49:49.183  8341  8354 I art     : Explicit concurrent mark sweep GC freed 63(1456B) AllocSpace objects, 0(0B) LOS objects, 32% free, 32MB/48MB, paused 269us total 17.367ms
08-05 18:49:49.192  8341  8354 I art     : Starting a blocking GC Explicit
08-05 18:49:49.209  8341  8354 I art     : Explicit concurrent mark sweep GC freed 35(656B) AllocSpace objects, 0(0B) LOS objects, 32% free, 32MB/48MB, paused 247us total 16.651ms
08-05 18:49:49.217  8341  8354 I art     : Starting a blocking GC Explicit
08-05 18:49:49.234  8341  8354 I art     : Explicit concurrent mark sweep GC freed 51(896B) AllocSpace objects, 0(0B) LOS objects, 32% free, 32MB/48MB, paused 238us total 16.888ms
08-05 18:49:49.243  8341  8354 I art     : Starting a blocking GC Explicit
08-05 18:49:49.260  8341  8354 I art     : Explicit concurrent mark sweep GC freed 27(496B) AllocSpace objects, 0(0B) LOS objects, 32% free, 32MB/48MB, paused 244us total 16.904ms
08-05 18:49:49.601  8341  8359 I art     : Starting a blocking GC Explicit
08-05 18:49:49.626  8341  8359 I art     : Explicit concurrent mark sweep GC freed 1951(91KB) AllocSpace objects, 2(40KB) LOS objects, 32% free, 32MB/48MB, paused 271us total 24.735ms
08-05 18:49:49.640  8341  8359 I art     : Starting a blocking GC Explicit
08-05 18:49:49.656  8341  8359 I art     : Explicit concurrent mark sweep GC freed 70(1584B) AllocSpace objects, 0(0B) LOS objects, 32% free, 32MB/48MB, paused 226us total 15.526ms
08-05 18:49:49.665  8341  8359 I art     : Starting a blocking GC Explicit
08-05 18:49:49.679  8341  8359 I art     : Explicit concurrent mark sweep GC freed 27(496B) AllocSpace objects, 0(0B) LOS objects, 32% free, 32MB/48MB, paused 228us total 13.908ms
08-05 18:49:49.687  8341  8359 I art     : Starting a blocking GC Explicit
08-05 18:49:49.701  8341  8359 I art     : Explicit concurrent mark sweep GC freed 51(896B) AllocSpace objects, 0(0B) LOS objects, 32% free, 32MB/48MB, paused 215us total 13.930ms
08-05 18:49:49.709  8341  8359 I art     : Starting a blocking GC Explicit
08-05 18:49:49.723  8341  8359 I art     : Explicit concurrent mark sweep GC freed 27(496B) AllocSpace objects, 0(0B) LOS objects, 32% free, 32MB/48MB, paused 218us total 13.832ms
08-05 18:49:49.928  8320  8320 I ServiceManager: Waiting for service AtCmdFwd...
08-05 18:49:50.000  8341  8354 I art     : Starting a blocking GC Explicit
08-05 18:49:50.017  8341  8354 I art     : Explicit concurrent mark sweep GC freed 1855(90KB) AllocSpace objects, 2(40KB) LOS objects, 32% free, 32MB/48MB, paused 284us total 16.152ms
08-05 18:49:50.025  8341  8354 I art     : Starting a blocking GC Explicit
08-05 18:49:50.041  8341  8354 I art     : Explicit concurrent mark sweep GC freed 49(1296B) AllocSpace objects, 0(0B) LOS objects, 32% free, 32MB/48MB, paused 232us total 15.570ms
08-05 18:49:50.049  8341  8354 I art     : Starting a blocking GC Explicit
08-05 18:49:50.066  8341  8354 I art     : Explicit concurrent mark sweep GC freed 31(544B) AllocSpace objects, 0(0B) LOS objects, 32% free, 32MB/48MB, paused 312us total 17.215ms
08-05 18:49:50.076  8341  8354 I art     : Starting a blocking GC Explicit
08-05 18:49:50.092  8341  8354 I art     : Explicit concurrent mark sweep GC freed 47(848B) AllocSpace objects, 0(0B) LOS objects, 32% free, 32MB/48MB, paused 234us total 16.466ms
08-05 18:49:50.101  8341  8354 I art     : Starting a blocking GC Explicit
08-05 18:49:50.118  8341  8354 I art     : Explicit concurrent mark sweep GC freed 45(768B) AllocSpace objects, 0(0B) LOS objects, 32% free, 32MB/48MB, paused 278us total 17.133ms
08-05 18:49:50.420  8341  8359 I art     : Starting a blocking GC Explicit
08-05 18:49:50.438  8341  8359 I art     : Explicit concurrent mark sweep GC freed 1884(90KB) AllocSpace objects, 2(40KB) LOS objects, 32% free, 32MB/48MB, paused 247us total 18.166ms
08-05 18:49:50.448  8341  8359 I art     : Starting a blocking GC Explicit
08-05 18:49:50.464  8341  8359 I art     : Explicit concurrent mark sweep GC freed 45(1152B) AllocSpace objects, 0(0B) LOS objects, 32% free, 32MB/48MB, paused 280us total 16.437ms
08-05 18:49:50.474  8341  8359 I art     : Starting a blocking GC Explicit
08-05 18:49:50.489  8341  8359 I art     : Explicit concurrent mark sweep GC freed 52(928B) AllocSpace objects, 0(0B) LOS objects, 32% free, 32MB/48MB, paused 221us total 14.759ms
08-05 18:49:50.497  8341  8359 I art     : Starting a blocking GC Explicit
08-05 18:49:50.512  8341  8359 I art     : Explicit concurrent mark sweep GC freed 27(496B) AllocSpace objects, 0(0B) LOS objects, 32% free, 32MB/48MB, paused 246us total 15.253ms
08-05 18:49:50.520  8341  8359 I art     : Starting a blocking GC Explicit
08-05 18:49:50.536  8341  8359 I art     : Explicit concurrent mark sweep GC freed 51(896B) AllocSpace objects, 0(0B) LOS objects, 32% free, 32MB/48MB, paused 226us total 15.109ms
08-05 18:49:50.877  8341  8353 I art     : Starting a blocking GC Explicit
08-05 18:49:50.901  8341  8353 I art     : Explicit concurrent mark sweep GC freed 1930(91KB) AllocSpace objects, 2(40KB) LOS objects, 32% free, 32MB/48MB, paused 321us total 23.826ms
08-05 18:49:50.914  8341  8353 I art     : Starting a blocking GC Explicit
08-05 18:49:50.929  8320  8320 I ServiceManager: Waiting for service AtCmdFwd...
08-05 18:49:50.931  8341  8353 I art     : Explicit concurrent mark sweep GC freed 66(1520B) AllocSpace objects, 0(0B) LOS objects, 32% free, 32MB/48MB, paused 239us total 17.137ms
08-05 18:49:50.940  8341  8353 I art     : Starting a blocking GC Explicit
08-05 18:49:50.958  8341  8353 I art     : Explicit concurrent mark sweep GC freed 51(896B) AllocSpace objects, 0(0B) LOS objects, 32% free, 32MB/48MB, paused 264us total 17.435ms
08-05 18:49:50.967  8341  8353 I art     : Starting a blocking GC Explicit
08-05 18:49:50.985  8341  8353 I art     : Explicit concurrent mark sweep GC freed 50(864B) AllocSpace objects, 0(0B) LOS objects, 32% free, 32MB/48MB, paused 267us total 17.791ms
08-05 18:49:50.994  8341  8353 I art     : Starting a blocking GC Explicit
08-05 18:49:51.011  8341  8353 I art     : Explicit concurrent mark sweep GC freed 28(528B) AllocSpace objects, 0(0B) LOS objects, 32% free, 32MB/48MB, paused 256us total 17.394ms
08-05 18:49:51.374  8341  8354 I art     : Starting a blocking GC Explicit
08-05 18:49:51.398  8341  8354 I art     : Explicit concurrent mark sweep GC freed 1974(91KB) AllocSpace objects, 2(40KB) LOS objects, 32% free, 32MB/48MB, paused 306us total 23.854ms
08-05 18:49:51.409  8341  8354 I art     : Starting a blocking GC Explicit
08-05 18:49:51.427  8341  8354 I art     : Explicit concurrent mark sweep GC freed 70(1584B) AllocSpace objects, 0(0B) LOS objects, 32% free, 32MB/48MB, paused 245us total 17.453ms
08-05 18:49:51.436  8341  8354 I art     : Starting a blocking GC Explicit
08-05 18:49:51.454  8341  8354 I art     : Explicit concurrent mark sweep GC freed 51(896B) AllocSpace objects, 0(0B) LOS objects, 32% free, 32MB/48MB, paused 239us total 17.312ms
08-05 18:49:51.463  8341  8354 I art     : Starting a blocking GC Explicit
08-05 18:49:51.480  8341  8354 I art     : Explicit concurrent mark sweep GC freed 27(496B) AllocSpace objects, 0(0B) LOS objects, 32% free, 32MB/48MB, paused 246us total 16.996ms
08-05 18:49:51.489  8341  8354 I art     : Starting a blocking GC Explicit
08-05 18:49:51.506  8341  8354 I art     : Explicit concurrent mark sweep GC freed 51(896B) AllocSpace objects, 0(0B) LOS objects, 32% free, 32MB/48MB, paused 247us total 17.210ms
08-05 18:49:51.822  8341  8359 I art     : Starting a blocking GC Explicit
08-05 18:49:51.847  8341  8359 I art     : Explicit concurrent mark sweep GC freed 1903(90KB) AllocSpace objects, 2(40KB) LOS objects, 32% free, 32MB/48MB, paused 276us total 24.049ms
08-05 18:49:51.859  8341  8359 I art     : Starting a blocking GC Explicit
08-05 18:49:51.876  8341  8359 I art     : Explicit concurrent mark sweep GC freed 70(1584B) AllocSpace objects, 0(0B) LOS objects, 32% free, 32MB/48MB, paused 237us total 17.026ms
08-05 18:49:51.885  8341  8359 I art     : Starting a blocking GC Explicit
08-05 18:49:51.902  8341  8359 I art     : Explicit concurrent mark sweep GC freed 46(800B) AllocSpace objects, 0(0B) LOS objects, 32% free, 32MB/48MB, paused 263us total 16.791ms
08-05 18:49:51.911  8341  8359 I art     : Starting a blocking GC Explicit
08-05 18:49:51.927  8341  8359 I art     : Explicit concurrent mark sweep GC freed 32(592B) AllocSpace objects, 0(0B) LOS objects, 32% free, 32MB/48MB, paused 236us total 16.390ms
08-05 18:49:51.929  8320  8320 I ServiceManager: Waiting for service AtCmdFwd...
08-05 18:49:51.936  8341  8359 I art     : Starting a blocking GC Explicit
08-05 18:49:51.953  8341  8359 I art     : Explicit concurrent mark sweep GC freed 50(864B) AllocSpace objects, 0(0B) LOS objects, 32% free, 32MB/48MB, paused 238us total 16.792ms
08-05 18:49:52.286  8341  8353 I art     : Starting a blocking GC Explicit
08-05 18:49:52.311  8341  8353 I art     : Explicit concurrent mark sweep GC freed 1928(91KB) AllocSpace objects, 2(40KB) LOS objects, 32% free, 32MB/48MB, paused 294us total 23.981ms
08-05 18:49:52.323  8341  8353 I art     : Starting a blocking GC Explicit
08-05 18:49:52.341  8341  8353 I art     : Explicit concurrent mark sweep GC freed 70(1584B) AllocSpace objects, 0(0B) LOS objects, 32% free, 32MB/48MB, paused 260us total 17.592ms
08-05 18:49:52.350  8341  8353 I art     : Starting a blocking GC Explicit
08-05 18:49:52.368  8341  8353 I art     : Explicit concurrent mark sweep GC freed 49(848B) AllocSpace objects, 0(0B) LOS objects, 32% free, 32MB/48MB, paused 253us total 17.673ms
08-05 18:49:52.377  8341  8353 I art     : Starting a blocking GC Explicit
08-05 18:49:52.395  8341  8353 I art     : Explicit concurrent mark sweep GC freed 29(544B) AllocSpace objects, 0(0B) LOS objects, 32% free, 32MB/48MB, paused 233us total 16.922ms
08-05 18:49:52.403  8341  8353 I art     : Starting a blocking GC Explicit
08-05 18:49:52.422  8341  8353 I art     : Explicit concurrent mark sweep GC freed 51(896B) AllocSpace objects, 0(0B) LOS objects, 32% free, 32MB/48MB, paused 254us total 17.860ms
08-05 18:49:52.724  8341  8354 I art     : Starting a blocking GC Explicit
08-05 18:49:52.742  8341  8354 I art     : Explicit concurrent mark sweep GC freed 1879(90KB) AllocSpace objects, 2(40KB) LOS objects, 32% free, 32MB/48MB, paused 254us total 18.330ms
08-05 18:49:52.751  8341  8354 I art     : Starting a blocking GC Explicit
08-05 18:49:52.769  8341  8354 I art     : Explicit concurrent mark sweep GC freed 54(1312B) AllocSpace objects, 0(0B) LOS objects, 32% free, 32MB/48MB, paused 272us total 17.502ms
08-05 18:49:52.778  8341  8354 I art     : Starting a blocking GC Explicit
08-05 18:49:52.794  8341  8354 I art     : Explicit concurrent mark sweep GC freed 43(768B) AllocSpace objects, 0(0B) LOS objects, 32% free, 32MB/48MB, paused 248us total 16.346ms
08-05 18:49:52.803  8341  8354 I art     : Starting a blocking GC Explicit
08-05 18:49:52.820  8341  8354 I art     : Explicit concurrent mark sweep GC freed 51(896B) AllocSpace objects, 0(0B) LOS objects, 32% free, 32MB/48MB, paused 243us total 16.560ms
08-05 18:49:52.829  8341  8354 I art     : Starting a blocking GC Explicit
08-05 18:49:52.845  8341  8354 I art     : Explicit concurrent mark sweep GC freed 27(496B) AllocSpace objects, 0(0B) LOS objects, 32% free, 32MB/48MB, paused 245us total 16.411ms
08-05 18:49:52.918  8585  8585 D AndroidRuntime: >>>>>> START com.android.internal.os.RuntimeInit uid 2000 <<<<<<
08-05 18:49:52.922  8585  8585 D AndroidRuntime: CheckJNI is OFF
08-05 18:49:52.930  8320  8320 I ServiceManager: Waiting for service AtCmdFwd...
08-05 18:49:52.948  8585  8585 D ICU     : No timezone override file found: /data/misc/zoneinfo/current/icu/icu_tzdata.dat
08-05 18:49:52.974  8585  8585 I Radio-JNI: register_android_hardware_Radio DONE
08-05 18:49:52.990  8585  8585 D AndroidRuntime: Calling main entry com.android.commands.input.Input
08-05 18:49:52.991  8585  8585 I Input   : injectMotionEvent: MotionEvent { action=ACTION_DOWN, actionButton=0, id[0]=0, x[0]=346.0, y[0]=709.0, toolType[0]=TOOL_TYPE_UNKNOWN, buttonState=0, metaState=0, flags=0x0, edgeFlags=0x0, pointerCount=1, historySize=0, eventTime=816609404, downTime=816609404, deviceId=0, source=0x1002 }
08-05 18:49:52.998  8585  8585 I Input   : injectMotionEvent: MotionEvent { action=ACTION_UP, actionButton=0, id[0]=0, x[0]=346.0, y[0]=709.0, toolType[0]=TOOL_TYPE_UNKNOWN, buttonState=0, metaState=0, flags=0x0, edgeFlags=0x0, pointerCount=1, historySize=0, eventTime=816609404, downTime=816609404, deviceId=0, source=0x1002 }
08-05 18:49:53.013   918  3714 I ActivityManager: START u0 {cmp=baseline.io.github.project_travel_mate/.destinations.description.FinalCityInfoActivity (has extras)} from uid 10674 on display 0
08-05 18:49:53.019  8585  8585 D AndroidRuntime: Shutting down VM
08-05 18:49:53.048  8341  8415 D Gabe    : call	returning from cache
08-05 18:49:53.122  8341  8359 I art     : Starting a blocking GC Explicit
08-05 18:49:53.132  8341  8341 V EXECUTING: https://project-travel-mate.herokuapp.com/api/get-city-weather/1
08-05 18:49:53.144  8341  8359 I art     : Explicit concurrent mark sweep GC freed 8525(552KB) AllocSpace objects, 2(40KB) LOS objects, 32% free, 33MB/49MB, paused 965us total 22.040ms
08-05 18:49:53.153  8341  8359 I art     : Starting a blocking GC Explicit
08-05 18:49:53.171  8341  8359 I art     : Explicit concurrent mark sweep GC freed 574(35KB) AllocSpace objects, 0(0B) LOS objects, 32% free, 33MB/49MB, paused 972us total 18.093ms
08-05 18:49:53.180  8341  8359 I art     : Starting a blocking GC Explicit
08-05 18:49:53.201  8341  8359 I art     : Explicit concurrent mark sweep GC freed 663(21KB) AllocSpace objects, 0(0B) LOS objects, 29% free, 37MB/53MB, paused 484us total 20.626ms
08-05 18:49:53.211  8341  8359 I art     : Starting a blocking GC Explicit
08-05 18:49:53.231  8341  8359 I art     : Explicit concurrent mark sweep GC freed 49(2704B) AllocSpace objects, 0(0B) LOS objects, 29% free, 37MB/53MB, paused 466us total 19.628ms
08-05 18:49:53.241  8341  8359 I art     : Starting a blocking GC Explicit
08-05 18:49:53.248   918   936 I ActivityManager: Displayed baseline.io.github.project_travel_mate/.destinations.description.FinalCityInfoActivity: +228ms
08-05 18:49:53.248 13866 13866 I GoogleInputMethodServic: GoogleInputMethodService.onFinishInput():3138 
08-05 18:49:53.249 13866 13866 I GoogleInputMethodServic: GoogleInputMethodService.onStartInput():1808 
08-05 18:49:53.260  8341  8359 I art     : Explicit concurrent mark sweep GC freed 244(11KB) AllocSpace objects, 0(0B) LOS objects, 29% free, 37MB/53MB, paused 584us total 19.119ms
08-05 18:49:53.399   518   646 I ThermalEngine: ACTION: GPU - Setting GPU[0] to 510000000
08-05 18:49:53.501   380   380 W SurfaceFlinger: couldn't log to binary event log: overflow.
08-05 18:49:53.535  8341  8359 I art     : Starting a blocking GC Explicit
08-05 18:49:53.557  8341  8359 I art     : Explicit concurrent mark sweep GC freed 2142(95KB) AllocSpace objects, 2(40KB) LOS objects, 29% free, 37MB/53MB, paused 460us total 21.915ms
08-05 18:49:53.568  8341  8359 I art     : Starting a blocking GC Explicit
08-05 18:49:53.590  8341  8359 I art     : Explicit concurrent mark sweep GC freed 118(2384B) AllocSpace objects, 0(0B) LOS objects, 29% free, 37MB/53MB, paused 409us total 21.922ms
08-05 18:49:53.604  8341  8359 I art     : Starting a blocking GC Explicit
08-05 18:49:53.629  8341  8359 I art     : Explicit concurrent mark sweep GC freed 137(2304B) AllocSpace objects, 0(0B) LOS objects, 29% free, 37MB/53MB, paused 610us total 24.735ms
08-05 18:49:53.642  8341  8359 I art     : Starting a blocking GC Explicit
08-05 18:49:53.666  8341  8359 I art     : Explicit concurrent mark sweep GC freed 17(320B) AllocSpace objects, 0(0B) LOS objects, 29% free, 37MB/53MB, paused 579us total 24.270ms
08-05 18:49:53.678  8341  8359 I art     : Starting a blocking GC Explicit
08-05 18:49:53.703  8341  8359 I art     : Explicit concurrent mark sweep GC freed 47(2208B) AllocSpace objects, 0(0B) LOS objects, 29% free, 37MB/53MB, paused 1.191ms total 24.050ms
08-05 18:49:53.917  8341  8617 I NAPPA_EXPERIMENTATION: MetricNetworkRequestExecutionTime: REQUEST_DURATION_SYSTEM='784',REQUEST_DURATION_OKHTTP='36',REQUEST_SYNCHRONOUS='FALSE',RESPONSE_CODE='200',RESPONSE_METHOD='GET',RESPONSE_LENGTH_OKHTTP='238',RESPONSE_LENGTH_HEADER='238',REQUEST_PROTOCOL='http/1.1',REQUEST_URL='https://project-travel-mate.herokuapp.com/api/get-city-weather/1',
08-05 18:49:53.930  8320  8320 W Atfwd_Sendcmd: AtCmdFwd service not published, waiting... retryCnt : 3
08-05 18:49:53.947  8341  8618 I NAPPA_EXPERIMENTATION: MetricNetworkRequestExecutionTime: REQUEST_DURATION_SYSTEM='814',REQUEST_DURATION_OKHTTP='69',REQUEST_SYNCHRONOUS='FALSE',RESPONSE_CODE='200',RESPONSE_METHOD='GET',RESPONSE_LENGTH_OKHTTP='530',RESPONSE_LENGTH_HEADER='530',REQUEST_PROTOCOL='http/1.1',REQUEST_URL='https://project-travel-mate.herokuapp.com/api/get-city/1',
08-05 18:49:53.999  8341  8618 V Response: {"id":1,"city_name":"Delhi","description":"Delhi, officially the National Capital Territory of Delhi, is the Capital territory of India. During the British Raj, Delhi was part of the province of Punjab and is still historically and culturally connected to the Punjab region.","latitude":"28.613900","longitude":"77.209000","facts_count":6,"images":["https://upload.wikimedia.org/wikipedia/commons/9/94/%E0%B4%96%E0%B5%81%E0%B4%A4%E0%B5%8D%E0%B4%AC%E0%B5%8D_%E0%B4%AE%E0%B4%BF%E0%B4%A8%E0%B4%BE%E0%B5%BC1.jpg"],"has_visited":false}
08-05 18:49:54.005  8341  8619 I art     : Starting a blocking GC Explicit
08-05 18:49:54.031  8341  8619 I art     : Explicit concurrent mark sweep GC freed 8642(434KB) AllocSpace objects, 5(240KB) LOS objects, 29% free, 37MB/53MB, paused 759us total 24.784ms
08-05 18:49:54.042  8341  8619 I art     : Starting a blocking GC Explicit
08-05 18:49:54.067  8341  8619 I art     : Explicit concurrent mark sweep GC freed 1317(168KB) AllocSpace objects, 0(0B) LOS objects, 29% free, 37MB/53MB, paused 1.003ms total 24.433ms
08-05 18:49:54.079  8341  8619 I art     : Starting a blocking GC Explicit
08-05 18:49:54.103  8341  8619 I art     : Explicit concurrent mark sweep GC freed 243(23KB) AllocSpace objects, 2(40KB) LOS objects, 29% free, 38MB/54MB, paused 449us total 23.660ms
08-05 18:49:54.115  8341  8619 I art     : Starting a blocking GC Explicit
08-05 18:49:54.137  8341  8619 I art     : Explicit concurrent mark sweep GC freed 672(78KB) AllocSpace objects, 3(76KB) LOS objects, 28% free, 39MB/55MB, paused 548us total 22.244ms
08-05 18:49:54.149  8341  8619 I art     : Starting a blocking GC Explicit
08-05 18:49:54.172  8341  8619 I art     : Explicit concurrent mark sweep GC freed 157(5KB) AllocSpace objects, 0(0B) LOS objects, 26% free, 43MB/59MB, paused 407us total 23.147ms
08-05 18:49:54.500  8341  8359 I art     : Starting a blocking GC Explicit
08-05 18:49:54.527  8341  8359 I art     : Explicit concurrent mark sweep GC freed 2404(112KB) AllocSpace objects, 6(5MB) LOS objects, 29% free, 38MB/54MB, paused 374us total 26.504ms
08-05 18:49:54.539  8341  8359 I art     : Starting a blocking GC Explicit
08-05 18:49:54.564  8341  8359 I art     : Explicit concurrent mark sweep GC freed 134(3KB) AllocSpace objects, 0(0B) LOS objects, 29% free, 38MB/54MB, paused 391us total 24.950ms
08-05 18:49:54.577  8341  8359 I art     : Starting a blocking GC Explicit
08-05 18:49:54.602  8341  8359 I art     : Explicit concurrent mark sweep GC freed 99(1696B) AllocSpace objects, 0(0B) LOS objects, 29% free, 38MB/54MB, paused 389us total 24.972ms
08-05 18:49:54.614  8341  8359 I art     : Starting a blocking GC Explicit
08-05 18:49:54.639  8341  8359 I art     : Explicit concurrent mark sweep GC freed 170(3KB) AllocSpace objects, 0(0B) LOS objects, 29% free, 38MB/54MB, paused 389us total 25.083ms
08-05 18:49:54.652  8341  8359 I art     : Starting a blocking GC Explicit
08-05 18:49:54.678  8341  8359 I art     : Explicit concurrent mark sweep GC freed 108(2208B) AllocSpace objects, 0(0B) LOS objects, 29% free, 38MB/54MB, paused 375us total 25.988ms
08-05 18:49:55.031  8341  8353 I art     : Starting a blocking GC Explicit
08-05 18:49:55.059  8341  8353 I art     : Explicit concurrent mark sweep GC freed 2529(100KB) AllocSpace objects, 2(40KB) LOS objects, 29% free, 38MB/54MB, paused 398us total 27.429ms
08-05 18:49:55.072  8341  8353 I art     : Starting a blocking GC Explicit
08-05 18:49:55.097  8341  8353 I art     : Explicit concurrent mark sweep GC freed 118(2384B) AllocSpace objects, 0(0B) LOS objects, 29% free, 38MB/54MB, paused 432us total 25.183ms
08-05 18:49:55.109  8341  8353 I art     : Starting a blocking GC Explicit
08-05 18:49:55.134  8341  8353 I art     : Explicit concurrent mark sweep GC freed 99(1696B) AllocSpace objects, 0(0B) LOS objects, 29% free, 38MB/54MB, paused 383us total 24.374ms
08-05 18:49:55.146  8341  8353 I art     : Starting a blocking GC Explicit
08-05 18:49:55.171  8341  8353 I art     : Explicit concurrent mark sweep GC freed 132(2224B) AllocSpace objects, 0(0B) LOS objects, 29% free, 38MB/54MB, paused 477us total 24.344ms
08-05 18:49:55.183  8341  8353 I art     : Starting a blocking GC Explicit
08-05 18:49:55.209  8341  8353 I art     : Explicit concurrent mark sweep GC freed 114(1968B) AllocSpace objects, 0(0B) LOS objects, 29% free, 38MB/54MB, paused 392us total 25.434ms
08-05 18:49:55.569  8341  8354 I art     : Starting a blocking GC Explicit
08-05 18:49:55.600  8341  8354 I art     : Explicit concurrent mark sweep GC freed 2527(100KB) AllocSpace objects, 2(40KB) LOS objects, 29% free, 38MB/54MB, paused 368us total 30.429ms
08-05 18:49:55.612  8341  8354 I art     : Starting a blocking GC Explicit
08-05 18:49:55.638  8341  8354 I art     : Explicit concurrent mark sweep GC freed 119(2416B) AllocSpace objects, 0(0B) LOS objects, 29% free, 38MB/54MB, paused 541us total 25.390ms
08-05 18:49:55.650  8341  8354 I art     : Starting a blocking GC Explicit
08-05 18:49:55.675  8341  8354 I art     : Explicit concurrent mark sweep GC freed 147(2496B) AllocSpace objects, 0(0B) LOS objects, 29% free, 38MB/54MB, paused 381us total 24.615ms
08-05 18:49:55.687  8341  8354 I art     : Starting a blocking GC Explicit
08-05 18:49:55.713  8341  8354 I art     : Explicit concurrent mark sweep GC freed 98(1664B) AllocSpace objects, 0(0B) LOS objects, 29% free, 38MB/54MB, paused 402us total 25.718ms
08-05 18:49:55.725  8341  8354 I art     : Starting a blocking GC Explicit
08-05 18:49:55.751  8341  8354 I art     : Explicit concurrent mark sweep GC freed 100(1728B) AllocSpace objects, 0(0B) LOS objects, 29% free, 38MB/54MB, paused 388us total 25.411ms
08-05 18:49:56.117  8341  8619 I art     : Starting a blocking GC Explicit
08-05 18:49:56.143  8341  8619 I art     : Explicit concurrent mark sweep GC freed 2576(101KB) AllocSpace objects, 2(40KB) LOS objects, 29% free, 38MB/54MB, paused 392us total 25.279ms
08-05 18:49:56.155  8341  8619 I art     : Starting a blocking GC Explicit
08-05 18:49:56.180  8341  8619 I art     : Explicit concurrent mark sweep GC freed 118(2384B) AllocSpace objects, 0(0B) LOS objects, 29% free, 38MB/54MB, paused 361us total 24.397ms
08-05 18:49:56.192  8341  8619 I art     : Starting a blocking GC Explicit
08-05 18:49:56.216  8341  8619 I art     : Explicit concurrent mark sweep GC freed 99(1696B) AllocSpace objects, 0(0B) LOS objects, 29% free, 38MB/54MB, paused 390us total 24.538ms
08-05 18:49:56.229  8341  8619 I art     : Starting a blocking GC Explicit
08-05 18:49:56.254  8341  8619 I art     : Explicit concurrent mark sweep GC freed 99(1696B) AllocSpace objects, 0(0B) LOS objects, 29% free, 38MB/54MB, paused 370us total 24.803ms
08-05 18:49:56.266  8341  8619 I art     : Starting a blocking GC Explicit
08-05 18:49:56.291  8341  8619 I art     : Explicit concurrent mark sweep GC freed 148(2528B) AllocSpace objects, 0(0B) LOS objects, 29% free, 38MB/54MB, paused 399us total 25.287ms
08-05 18:49:56.665  8341  8359 I art     : Starting a blocking GC Explicit
08-05 18:49:56.693  8341  8359 I art     : Explicit concurrent mark sweep GC freed 2575(101KB) AllocSpace objects, 2(40KB) LOS objects, 29% free, 38MB/54MB, paused 375us total 27.671ms
08-05 18:49:56.708  8341  8359 I art     : Starting a blocking GC Explicit
08-05 18:49:56.732  8341  8359 I art     : Explicit concurrent mark sweep GC freed 118(2384B) AllocSpace objects, 0(0B) LOS objects, 29% free, 38MB/54MB, paused 374us total 23.894ms
08-05 18:49:56.744  8341  8359 I art     : Starting a blocking GC Explicit
08-05 18:49:56.768  8341  8359 I art     : Explicit concurrent mark sweep GC freed 99(1696B) AllocSpace objects, 0(0B) LOS objects, 29% free, 38MB/54MB, paused 365us total 23.971ms
08-05 18:49:56.780  8341  8359 I art     : Starting a blocking GC Explicit
08-05 18:49:56.804  8341  8359 I art     : Explicit concurrent mark sweep GC freed 99(1696B) AllocSpace objects, 0(0B) LOS objects, 29% free, 38MB/54MB, paused 371us total 23.779ms
08-05 18:49:56.816  8341  8359 I art     : Starting a blocking GC Explicit
08-05 18:49:56.840  8341  8359 I art     : Explicit concurrent mark sweep GC freed 140(2352B) AllocSpace objects, 0(0B) LOS objects, 29% free, 38MB/54MB, paused 459us total 23.943ms
08-05 18:49:57.212  8341  8353 I art     : Starting a blocking GC Explicit
08-05 18:49:57.238  8341  8353 I art     : Explicit concurrent mark sweep GC freed 2535(101KB) AllocSpace objects, 2(40KB) LOS objects, 29% free, 38MB/54MB, paused 406us total 26.505ms
08-05 18:49:57.252  8341  8353 I art     : Starting a blocking GC Explicit
08-05 18:49:57.275  8341  8353 I art     : Explicit concurrent mark sweep GC freed 166(3KB) AllocSpace objects, 0(0B) LOS objects, 29% free, 38MB/54MB, paused 378us total 22.315ms
08-05 18:49:57.286  8341  8353 I art     : Starting a blocking GC Explicit
08-05 18:49:57.310  8341  8353 I art     : Explicit concurrent mark sweep GC freed 99(1696B) AllocSpace objects, 0(0B) LOS objects, 29% free, 38MB/54MB, paused 384us total 23.164ms
08-05 18:49:57.321  8341  8353 I art     : Starting a blocking GC Explicit
08-05 18:49:57.345  8341  8353 I art     : Explicit concurrent mark sweep GC freed 98(1664B) AllocSpace objects, 0(0B) LOS objects, 29% free, 38MB/54MB, paused 392us total 23.396ms
08-05 18:49:57.357  8341  8353 I art     : Starting a blocking GC Explicit
08-05 18:49:57.382  8341  8353 I art     : Explicit concurrent mark sweep GC freed 100(1728B) AllocSpace objects, 0(0B) LOS objects, 29% free, 38MB/54MB, paused 381us total 24.224ms
08-05 18:49:57.653  8704  8704 D AndroidRuntime: >>>>>> START com.android.internal.os.RuntimeInit uid 2000 <<<<<<
08-05 18:49:57.658  8704  8704 D AndroidRuntime: CheckJNI is OFF
08-05 18:49:57.691  8704  8704 D ICU     : No timezone override file found: /data/misc/zoneinfo/current/icu/icu_tzdata.dat
08-05 18:49:57.724  8704  8704 I Radio-JNI: register_android_hardware_Radio DONE
08-05 18:49:57.737  8341  8619 I art     : Starting a blocking GC Explicit
08-05 18:49:57.746  8704  8704 D AndroidRuntime: Calling main entry com.android.commands.input.Input
08-05 18:49:57.748  8704  8704 I Input   : injectMotionEvent: MotionEvent { action=ACTION_DOWN, actionButton=0, id[0]=0, x[0]=693.0, y[0]=1450.0, toolType[0]=TOOL_TYPE_UNKNOWN, buttonState=0, metaState=0, flags=0x0, edgeFlags=0x0, pointerCount=1, historySize=0, eventTime=816614161, downTime=816614161, deviceId=0, source=0x1002 }
08-05 18:49:57.754  8704  8704 I Input   : injectMotionEvent: MotionEvent { action=ACTION_UP, actionButton=0, id[0]=0, x[0]=693.0, y[0]=1450.0, toolType[0]=TOOL_TYPE_UNKNOWN, buttonState=0, metaState=0, flags=0x0, edgeFlags=0x0, pointerCount=1, historySize=0, eventTime=816614161, downTime=816614161, deviceId=0, source=0x1002 }
08-05 18:49:57.756  8704  8704 D AndroidRuntime: Shutting down VM
08-05 18:49:57.757   918  5481 I ActivityManager: START u0 {cmp=baseline.io.github.project_travel_mate/.destinations.description.CityHistoryActivity} from uid 10674 on display 0
08-05 18:49:57.758   512  2967 D audio_hw_primary: out_set_parameters: enter: usecase(1: low-latency-playback) kvpairs: routing=2
08-05 18:49:57.764  8341  8619 I art     : Explicit concurrent mark sweep GC freed 2512(105KB) AllocSpace objects, 2(40KB) LOS objects, 29% free, 38MB/54MB, paused 769us total 26.748ms
08-05 18:49:57.771   512  2967 D audio_hw_primary: select_devices: out_snd_device(2: speaker) in_snd_device(0: none)
08-05 18:49:57.771   512  2967 D msm8974_platform: platform_send_audio_calibration: sending audio calibration for snd_device(2) acdb_id(15)
08-05 18:49:57.771   512  2967 I soundtrigger: audio_extn_sound_trigger_update_device_status: device 0x2 of type 0 for Event 1
08-05 18:49:57.777  8341  8619 I art     : Starting a blocking GC Explicit
08-05 18:49:57.781   512  2967 D audio_hw_primary: enable_snd_device: snd_device(2: speaker)
08-05 18:49:57.783   512  2967 D audio_hw_primary: enable_audio_route: apply and update mixer path: low-latency-playback speaker
08-05 18:49:57.793  8341  8415 D Gabe    : call	returning from cache
08-05 18:49:57.795  8341  8341 V EXECUTING: https://project-travel-mate.herokuapp.com/api/get-city-information/1
08-05 18:49:57.803  8341  8619 I art     : Explicit concurrent mark sweep GC freed 618(79KB) AllocSpace objects, 0(0B) LOS objects, 29% free, 38MB/54MB, paused 2.184ms total 25.424ms
08-05 18:49:57.815  8341  8619 I art     : Starting a blocking GC Explicit
08-05 18:49:57.837  8341  8619 I art     : Explicit concurrent mark sweep GC freed 302(42KB) AllocSpace objects, 0(0B) LOS objects, 29% free, 38MB/54MB, paused 423us total 22.329ms
08-05 18:49:57.849  8341  8619 I art     : Starting a blocking GC Explicit
08-05 18:49:57.875  8341  8619 I art     : Explicit concurrent mark sweep GC freed 540(17KB) AllocSpace objects, 0(0B) LOS objects, 27% free, 42MB/58MB, paused 782us total 26.134ms
08-05 18:49:57.887  8341  8619 I art     : Starting a blocking GC Explicit
08-05 18:49:57.913  8341  8619 I art     : Explicit concurrent mark sweep GC freed 57(2576B) AllocSpace objects, 0(0B) LOS objects, 27% free, 42MB/58MB, paused 549us total 25.307ms
08-05 18:49:57.947   918   936 I ActivityManager: Displayed baseline.io.github.project_travel_mate/.destinations.description.CityHistoryActivity: +179ms
08-05 18:49:57.948 13866 13866 I GoogleInputMethodServic: GoogleInputMethodService.onFinishInput():3138 
08-05 18:49:57.948 13866 13866 I GoogleInputMethodServic: GoogleInputMethodService.onStartInput():1808 
08-05 18:49:58.206  8341  8354 I art     : Starting a blocking GC Explicit
08-05 18:49:58.206   380   380 W SurfaceFlinger: couldn't log to binary event log: overflow.
08-05 18:49:58.232  8341  8354 I art     : Explicit concurrent mark sweep GC freed 2428(100KB) AllocSpace objects, 2(40KB) LOS objects, 27% free, 42MB/58MB, paused 403us total 25.602ms
08-05 18:49:58.243  8341  8354 I art     : Starting a blocking GC Explicit
08-05 18:49:58.266  8341  8354 I art     : Explicit concurrent mark sweep GC freed 174(3KB) AllocSpace objects, 0(0B) LOS objects, 27% free, 42MB/58MB, paused 429us total 22.409ms
08-05 18:49:58.278  8341  8354 I art     : Starting a blocking GC Explicit
08-05 18:49:58.303  8341  8354 I art     : Explicit concurrent mark sweep GC freed 147(2496B) AllocSpace objects, 0(0B) LOS objects, 27% free, 42MB/58MB, paused 402us total 25.019ms
08-05 18:49:58.315  8341  8354 I art     : Starting a blocking GC Explicit
08-05 18:49:58.318   512  2967 D audio_hw_primary: disable_audio_route: reset and update mixer path: low-latency-playback speaker
08-05 18:49:58.319   512  2967 D audio_hw_primary: disable_snd_device: snd_device(2: speaker)
08-05 18:49:58.328   512  2967 I soundtrigger: audio_extn_sound_trigger_update_device_status: device 0x2 of type 0 for Event 0
08-05 18:49:58.340  8341  8354 I art     : Explicit concurrent mark sweep GC freed 186(3KB) AllocSpace objects, 0(0B) LOS objects, 27% free, 42MB/58MB, paused 745us total 24.857ms
08-05 18:49:58.353  8341  8354 I art     : Starting a blocking GC Explicit
08-05 18:49:58.379  8341  8354 I art     : Explicit concurrent mark sweep GC freed 28(544B) AllocSpace objects, 0(0B) LOS objects, 27% free, 42MB/58MB, paused 703us total 25.710ms
08-05 18:49:58.623  8341  8728 I NAPPA_EXPERIMENTATION: MetricNetworkRequestExecutionTime: REQUEST_DURATION_SYSTEM='828',REQUEST_DURATION_OKHTTP='36',REQUEST_SYNCHRONOUS='FALSE',RESPONSE_CODE='200',RESPONSE_METHOD='GET',RESPONSE_LENGTH_OKHTTP='55024',RESPONSE_LENGTH_HEADER='55024',REQUEST_PROTOCOL='http/1.1',REQUEST_URL='https://project-travel-mate.herokuapp.com/api/get-city-information/1',
08-05 18:49:58.690  8341  8354 I art     : Starting a blocking GC Explicit
08-05 18:49:58.716  8341  8354 I art     : Explicit concurrent mark sweep GC freed 5921(1247KB) AllocSpace objects, 20(840KB) LOS objects, 26% free, 43MB/59MB, paused 603us total 25.886ms
08-05 18:49:58.728 13866 13866 I GoogleInputMethodServic: GoogleInputMethodService.onFinishInput():3138 
08-05 18:49:58.728 13866 13866 I GoogleInputMethodServic: GoogleInputMethodService.onStartInput():1808 
08-05 18:49:58.729  8341  8354 I art     : Starting a blocking GC Explicit
08-05 18:49:58.755  8341  8354 I art     : Explicit concurrent mark sweep GC freed 1470(345KB) AllocSpace objects, 5(4MB) LOS objects, 29% free, 39MB/55MB, paused 411us total 26.426ms
08-05 18:49:58.767  8341  8354 I art     : Starting a blocking GC Explicit
08-05 18:49:58.792  8341  8354 I art     : Explicit concurrent mark sweep GC freed 207(3KB) AllocSpace objects, 0(0B) LOS objects, 29% free, 39MB/55MB, paused 540us total 24.637ms
08-05 18:49:58.804  8341  8354 I art     : Starting a blocking GC Explicit
08-05 18:49:58.831  8341  8354 I art     : Explicit concurrent mark sweep GC freed 172(2928B) AllocSpace objects, 0(0B) LOS objects, 29% free, 39MB/55MB, paused 411us total 26.323ms
08-05 18:49:58.843  8341  8354 I art     : Starting a blocking GC Explicit
08-05 18:49:58.871  8341  8354 I art     : Explicit concurrent mark sweep GC freed 147(2496B) AllocSpace objects, 0(0B) LOS objects, 29% free, 39MB/55MB, paused 396us total 27.464ms
08-05 18:49:59.214  8341  8353 I art     : Starting a blocking GC Explicit
08-05 18:49:59.243  8341  8353 I art     : Explicit concurrent mark sweep GC freed 3044(109KB) AllocSpace objects, 2(40KB) LOS objects, 29% free, 39MB/55MB, paused 517us total 28.869ms
08-05 18:49:59.257  8341  8353 I art     : Starting a blocking GC Explicit
08-05 18:49:59.284  8341  8353 I art     : Explicit concurrent mark sweep GC freed 201(3KB) AllocSpace objects, 0(0B) LOS objects, 29% free, 39MB/55MB, paused 428us total 26.694ms
08-05 18:49:59.296  8341  8353 I art     : Starting a blocking GC Explicit
08-05 18:49:59.323  8341  8353 I art     : Explicit concurrent mark sweep GC freed 148(2528B) AllocSpace objects, 0(0B) LOS objects, 29% free, 39MB/55MB, paused 412us total 26.594ms
08-05 18:49:59.335  8341  8353 I art     : Starting a blocking GC Explicit
08-05 18:49:59.362  8341  8353 I art     : Explicit concurrent mark sweep GC freed 220(3KB) AllocSpace objects, 0(0B) LOS objects, 29% free, 39MB/55MB, paused 422us total 26.270ms
08-05 18:49:59.374  8341  8353 I art     : Starting a blocking GC Explicit
08-05 18:49:59.401  8341  8353 I art     : Explicit concurrent mark sweep GC freed 146(2464B) AllocSpace objects, 0(0B) LOS objects, 29% free, 39MB/55MB, paused 471us total 26.936ms
08-05 18:49:59.764  8341  8619 I art     : Starting a blocking GC Explicit
08-05 18:49:59.793  8341  8619 I art     : Explicit concurrent mark sweep GC freed 3157(111KB) AllocSpace objects, 2(40KB) LOS objects, 29% free, 39MB/55MB, paused 520us total 28.761ms
08-05 18:49:59.806  8341  8619 I art     : Starting a blocking GC Explicit
08-05 18:49:59.833  8341  8619 I art     : Explicit concurrent mark sweep GC freed 193(3KB) AllocSpace objects, 0(0B) LOS objects, 29% free, 39MB/55MB, paused 420us total 27.098ms
08-05 18:49:59.846  8341  8619 I art     : Starting a blocking GC Explicit
08-05 18:49:59.874  8341  8619 I art     : Explicit concurrent mark sweep GC freed 147(2496B) AllocSpace objects, 0(0B) LOS objects, 29% free, 39MB/55MB, paused 417us total 27.950ms
08-05 18:49:59.886  8341  8619 I art     : Starting a blocking GC Explicit
08-05 18:49:59.914  8341  8619 I art     : Explicit concurrent mark sweep GC freed 219(3KB) AllocSpace objects, 0(0B) LOS objects, 29% free, 39MB/55MB, paused 418us total 27.419ms
08-05 18:49:59.927  8341  8619 I art     : Starting a blocking GC Explicit
08-05 18:49:59.953  8341  8619 I art     : Explicit concurrent mark sweep GC freed 147(2496B) AllocSpace objects, 0(0B) LOS objects, 29% free, 39MB/55MB, paused 421us total 26.693ms
08-05 18:50:00.315  8341  8354 I art     : Starting a blocking GC Explicit
08-05 18:50:00.345  8341  8354 I art     : Explicit concurrent mark sweep GC freed 3141(110KB) AllocSpace objects, 2(40KB) LOS objects, 29% free, 39MB/55MB, paused 526us total 29.026ms
08-05 18:50:00.357  8341  8354 I art     : Starting a blocking GC Explicit
08-05 18:50:00.385  8341  8354 I art     : Explicit concurrent mark sweep GC freed 178(3KB) AllocSpace objects, 0(0B) LOS objects, 29% free, 39MB/55MB, paused 413us total 27.707ms
08-05 18:50:00.398  8341  8354 I art     : Starting a blocking GC Explicit
08-05 18:50:00.426  8341  8354 I art     : Explicit concurrent mark sweep GC freed 155(2624B) AllocSpace objects, 0(0B) LOS objects, 29% free, 39MB/55MB, paused 529us total 28.196ms
08-05 18:50:00.438  8341  8354 I art     : Starting a blocking GC Explicit
08-05 18:50:00.466  8341  8354 I art     : Explicit concurrent mark sweep GC freed 211(3KB) AllocSpace objects, 0(0B) LOS objects, 29% free, 39MB/55MB, paused 425us total 27.292ms
08-05 18:50:00.478  8341  8354 I art     : Starting a blocking GC Explicit
08-05 18:50:00.506  8341  8354 I art     : Explicit concurrent mark sweep GC freed 147(2496B) AllocSpace objects, 0(0B) LOS objects, 29% free, 39MB/55MB, paused 416us total 27.772ms
08-05 18:50:00.887  8341  8353 I art     : Starting a blocking GC Explicit
08-05 18:50:00.917  8341  8353 I art     : Explicit concurrent mark sweep GC freed 3237(112KB) AllocSpace objects, 2(40KB) LOS objects, 29% free, 39MB/55MB, paused 531us total 30.114ms
08-05 18:50:00.929  8341  8353 I art     : Starting a blocking GC Explicit
08-05 18:50:00.956  8341  8353 I art     : Explicit concurrent mark sweep GC freed 183(3KB) AllocSpace objects, 0(0B) LOS objects, 29% free, 39MB/55MB, paused 408us total 26.436ms
08-05 18:50:00.968  8341  8353 I art     : Starting a blocking GC Explicit
08-05 18:50:00.994  8341  8353 I art     : Explicit concurrent mark sweep GC freed 173(2912B) AllocSpace objects, 0(0B) LOS objects, 29% free, 39MB/55MB, paused 511us total 25.796ms
08-05 18:50:01.006  8341  8353 I art     : Starting a blocking GC Explicit
08-05 18:50:01.033  8341  8353 I art     : Explicit concurrent mark sweep GC freed 193(3KB) AllocSpace objects, 0(0B) LOS objects, 29% free, 39MB/55MB, paused 417us total 27.083ms
08-05 18:50:01.045  8341  8353 I art     : Starting a blocking GC Explicit
08-05 18:50:01.072  8341  8353 I art     : Explicit concurrent mark sweep GC freed 147(2496B) AllocSpace objects, 0(0B) LOS objects, 29% free, 39MB/55MB, paused 411us total 26.780ms
08-05 18:50:01.417  8341  8359 I art     : Starting a blocking GC Explicit
08-05 18:50:01.447  8341  8359 I art     : Explicit concurrent mark sweep GC freed 3080(109KB) AllocSpace objects, 2(40KB) LOS objects, 29% free, 39MB/55MB, paused 462us total 28.733ms
08-05 18:50:01.460  8341  8359 I art     : Starting a blocking GC Explicit
08-05 18:50:01.487  8341  8359 I art     : Explicit concurrent mark sweep GC freed 166(3KB) AllocSpace objects, 0(0B) LOS objects, 29% free, 39MB/55MB, paused 548us total 26.576ms
08-05 18:50:01.499  8341  8359 I art     : Starting a blocking GC Explicit
08-05 18:50:01.525  8341  8359 I art     : Explicit concurrent mark sweep GC freed 148(2528B) AllocSpace objects, 0(0B) LOS objects, 29% free, 39MB/55MB, paused 386us total 25.381ms
08-05 18:50:01.537  8341  8359 I art     : Starting a blocking GC Explicit
08-05 18:50:01.563  8341  8359 I art     : Explicit concurrent mark sweep GC freed 219(3KB) AllocSpace objects, 0(0B) LOS objects, 29% free, 39MB/55MB, paused 421us total 26.499ms
08-05 18:50:01.576  8341  8359 I art     : Starting a blocking GC Explicit
08-05 18:50:01.603  8341  8359 I art     : Explicit concurrent mark sweep GC freed 146(2464B) AllocSpace objects, 0(0B) LOS objects, 29% free, 39MB/55MB, paused 400us total 26.860ms
08-05 18:50:01.994  8341  8619 I art     : Starting a blocking GC Explicit
08-05 18:50:02.023  8341  8619 I art     : Explicit concurrent mark sweep GC freed 3226(112KB) AllocSpace objects, 2(40KB) LOS objects, 29% free, 39MB/55MB, paused 385us total 27.724ms
08-05 18:50:02.035  8341  8619 I art     : Starting a blocking GC Explicit
08-05 18:50:02.060  8341  8619 I art     : Explicit concurrent mark sweep GC freed 166(3KB) AllocSpace objects, 0(0B) LOS objects, 29% free, 39MB/55MB, paused 427us total 25.048ms
08-05 18:50:02.072  8341  8619 I art     : Starting a blocking GC Explicit
08-05 18:50:02.098  8341  8619 I art     : Explicit concurrent mark sweep GC freed 220(3KB) AllocSpace objects, 0(0B) LOS objects, 29% free, 39MB/55MB, paused 417us total 25.535ms
08-05 18:50:02.109  8341  8619 I art     : Starting a blocking GC Explicit
08-05 18:50:02.136  8341  8619 I art     : Explicit concurrent mark sweep GC freed 146(2464B) AllocSpace objects, 0(0B) LOS objects, 29% free, 39MB/55MB, paused 425us total 26.446ms
08-05 18:50:02.148  8341  8619 I art     : Starting a blocking GC Explicit
08-05 18:50:02.174  8341  8619 I art     : Explicit concurrent mark sweep GC freed 148(2528B) AllocSpace objects, 0(0B) LOS objects, 29% free, 39MB/55MB, paused 413us total 25.945ms
08-05 18:50:02.417  8812  8812 D AndroidRuntime: >>>>>> START com.android.internal.os.RuntimeInit uid 2000 <<<<<<
08-05 18:50:02.422  8812  8812 D AndroidRuntime: CheckJNI is OFF
08-05 18:50:02.454  8812  8812 D ICU     : No timezone override file found: /data/misc/zoneinfo/current/icu/icu_tzdata.dat
08-05 18:50:02.487  8812  8812 I Radio-JNI: register_android_hardware_Radio DONE
08-05 18:50:02.509  8812  8812 D AndroidRuntime: Calling main entry com.android.commands.input.Input
08-05 18:50:02.511  8341  8354 I art     : Starting a blocking GC Explicit
08-05 18:50:02.512  8812  8812 I Input   : injectKeyEvent: KeyEvent { action=ACTION_DOWN, keyCode=KEYCODE_BACK, scanCode=0, metaState=0, flags=0x0, repeatCount=0, eventTime=816618925, downTime=816618925, deviceId=-1, source=0x101 }
08-05 18:50:02.518  8812  8812 I Input   : injectKeyEvent: KeyEvent { action=ACTION_UP, keyCode=KEYCODE_BACK, scanCode=0, metaState=0, flags=0x0, repeatCount=0, eventTime=816618925, downTime=816618925, deviceId=-1, source=0x101 }
08-05 18:50:02.523  8812  8812 D AndroidRuntime: Shutting down VM
08-05 18:50:02.540  8341  8354 I art     : Explicit concurrent mark sweep GC freed 3058(110KB) AllocSpace objects, 2(40KB) LOS objects, 29% free, 39MB/55MB, paused 453us total 28.580ms
08-05 18:50:02.552  8341  8354 I art     : Starting a blocking GC Explicit
08-05 18:50:02.561 13866 13866 I GoogleInputMethodServic: GoogleInputMethodService.onFinishInput():3138 
08-05 18:50:02.563 13866 13866 I GoogleInputMethodServic: GoogleInputMethodService.onStartInput():1808 
08-05 18:50:02.578  8341  8354 I art     : Explicit concurrent mark sweep GC freed 149(4KB) AllocSpace objects, 0(0B) LOS objects, 29% free, 39MB/55MB, paused 620us total 26.010ms
08-05 18:50:02.591  8341  8354 I art     : Starting a blocking GC Explicit
08-05 18:50:02.616  8341  8354 I art     : Explicit concurrent mark sweep GC freed 226(3KB) AllocSpace objects, 0(0B) LOS objects, 29% free, 39MB/55MB, paused 379us total 24.842ms
08-05 18:50:02.627  8341  8354 I art     : Starting a blocking GC Explicit
08-05 18:50:02.651  8341  8354 I art     : Explicit concurrent mark sweep GC freed 147(2496B) AllocSpace objects, 0(0B) LOS objects, 29% free, 39MB/55MB, paused 377us total 23.719ms
08-05 18:50:02.663  8341  8354 I art     : Starting a blocking GC Explicit
08-05 18:50:02.688  8341  8354 I art     : Explicit concurrent mark sweep GC freed 148(2528B) AllocSpace objects, 0(0B) LOS objects, 29% free, 39MB/55MB, paused 366us total 25.307ms
08-05 18:50:02.862   380   380 W SurfaceFlinger: couldn't log to binary event log: overflow.
08-05 18:50:03.001  8341  8619 I art     : Starting a blocking GC Explicit
08-05 18:50:03.032  8341  8619 I art     : Explicit concurrent mark sweep GC freed 2674(103KB) AllocSpace objects, 4(404KB) LOS objects, 29% free, 38MB/54MB, paused 630us total 30.642ms
08-05 18:50:03.044  8341  8619 I art     : Starting a blocking GC Explicit
08-05 18:50:03.070  8341  8619 I art     : Explicit concurrent mark sweep GC freed 4816(341KB) AllocSpace objects, 7(132KB) LOS objects, 29% free, 38MB/54MB, paused 426us total 26.282ms
08-05 18:50:03.082  8341  8619 I art     : Starting a blocking GC Explicit
08-05 18:50:03.108  8341  8619 I art     : Explicit concurrent mark sweep GC freed 100(1728B) AllocSpace objects, 0(0B) LOS objects, 29% free, 38MB/54MB, paused 430us total 25.345ms
08-05 18:50:03.120  8341  8619 I art     : Starting a blocking GC Explicit
08-05 18:50:03.146  8341  8619 I art     : Explicit concurrent mark sweep GC freed 113(1920B) AllocSpace objects, 0(0B) LOS objects, 29% free, 38MB/54MB, paused 543us total 25.583ms
08-05 18:50:03.158  8341  8619 I art     : Starting a blocking GC Explicit
08-05 18:50:03.184  8341  8619 I art     : Explicit concurrent mark sweep GC freed 133(2272B) AllocSpace objects, 0(0B) LOS objects, 29% free, 38MB/54MB, paused 424us total 26.002ms
08-05 18:50:03.504  8341  8359 I art     : Starting a blocking GC Explicit
08-05 18:50:03.532  8341  8359 I art     : Explicit concurrent mark sweep GC freed 2434(99KB) AllocSpace objects, 2(40KB) LOS objects, 29% free, 38MB/54MB, paused 427us total 27.209ms
08-05 18:50:03.544  8341  8359 I art     : Starting a blocking GC Explicit
08-05 18:50:03.568  8341  8359 I art     : Explicit concurrent mark sweep GC freed 118(2384B) AllocSpace objects, 0(0B) LOS objects, 29% free, 38MB/54MB, paused 464us total 24.688ms
08-05 18:50:03.580  8341  8359 I art     : Starting a blocking GC Explicit
08-05 18:50:03.606  8341  8359 I art     : Explicit concurrent mark sweep GC freed 99(1696B) AllocSpace objects, 0(0B) LOS objects, 29% free, 38MB/54MB, paused 451us total 25.234ms
08-05 18:50:03.618  8341  8359 I art     : Starting a blocking GC Explicit
08-05 18:50:03.644  8341  8359 I art     : Explicit concurrent mark sweep GC freed 122(2736B) AllocSpace objects, 0(0B) LOS objects, 29% free, 38MB/54MB, paused 406us total 25.417ms
08-05 18:50:03.657  8341  8359 I art     : Starting a blocking GC Explicit
08-05 18:50:03.682  8341  8359 I art     : Explicit concurrent mark sweep GC freed 157(3040B) AllocSpace objects, 0(0B) LOS objects, 29% free, 38MB/54MB, paused 368us total 24.595ms
08-05 18:50:03.991  8341  8354 I art     : Starting a blocking GC Explicit
08-05 18:50:04.017  8341  8354 I art     : Explicit concurrent mark sweep GC freed 2385(98KB) AllocSpace objects, 2(40KB) LOS objects, 29% free, 38MB/54MB, paused 507us total 26.109ms
08-05 18:50:04.030  8341  8354 I art     : Starting a blocking GC Explicit
08-05 18:50:04.053  8341  8354 I art     : Explicit concurrent mark sweep GC freed 118(2384B) AllocSpace objects, 0(0B) LOS objects, 29% free, 38MB/54MB, paused 404us total 23.395ms
08-05 18:50:04.065  8341  8354 I art     : Starting a blocking GC Explicit
08-05 18:50:04.090  8341  8354 I art     : Explicit concurrent mark sweep GC freed 99(1696B) AllocSpace objects, 0(0B) LOS objects, 29% free, 38MB/54MB, paused 414us total 24.583ms
08-05 18:50:04.102  8341  8354 I art     : Starting a blocking GC Explicit
08-05 18:50:04.126  8341  8354 I art     : Explicit concurrent mark sweep GC freed 99(1696B) AllocSpace objects, 0(0B) LOS objects, 29% free, 38MB/54MB, paused 401us total 24.642ms
08-05 18:50:04.139  8341  8354 I art     : Starting a blocking GC Explicit
08-05 18:50:04.164  8341  8354 I art     : Explicit concurrent mark sweep GC freed 119(2016B) AllocSpace objects, 0(0B) LOS objects, 29% free, 38MB/54MB, paused 511us total 24.799ms
08-05 18:50:04.202  8855  8855 D AndroidRuntime: >>>>>> START com.android.internal.os.RuntimeInit uid 2000 <<<<<<
08-05 18:50:04.207  8855  8855 D AndroidRuntime: CheckJNI is OFF
08-05 18:50:04.242  8855  8855 D ICU     : No timezone override file found: /data/misc/zoneinfo/current/icu/icu_tzdata.dat
08-05 18:50:04.275  8855  8855 I Radio-JNI: register_android_hardware_Radio DONE
08-05 18:50:04.297  8855  8855 D AndroidRuntime: Calling main entry com.android.commands.input.Input
08-05 18:50:04.299  8855  8855 I Input   : injectMotionEvent: MotionEvent { action=ACTION_DOWN, actionButton=0, id[0]=0, x[0]=504.0, y[0]=1706.0, toolType[0]=TOOL_TYPE_UNKNOWN, buttonState=0, metaState=0, flags=0x0, edgeFlags=0x0, pointerCount=1, historySize=0, eventTime=816620712, downTime=816620712, deviceId=0, source=0x1002 }
08-05 18:50:04.304  8855  8855 I Input   : injectMotionEvent: MotionEvent { action=ACTION_UP, actionButton=0, id[0]=0, x[0]=504.0, y[0]=1706.0, toolType[0]=TOOL_TYPE_UNKNOWN, buttonState=0, metaState=0, flags=0x0, edgeFlags=0x0, pointerCount=1, historySize=0, eventTime=816620712, downTime=816620712, deviceId=0, source=0x1002 }
08-05 18:50:04.305  8855  8855 D AndroidRuntime: Shutting down VM
08-05 18:50:04.307   512  2967 D audio_hw_primary: out_set_parameters: enter: usecase(1: low-latency-playback) kvpairs: routing=2
08-05 18:50:04.310   918  4413 I ActivityManager: START u0 {cmp=baseline.io.github.project_travel_mate/.destinations.funfacts.FunFactsActivity (has extras)} from uid 10674 on display 0
08-05 18:50:04.320   512  2967 D audio_hw_primary: select_devices: out_snd_device(2: speaker) in_snd_device(0: none)
08-05 18:50:04.320   512  2967 D msm8974_platform: platform_send_audio_calibration: sending audio calibration for snd_device(2) acdb_id(15)
08-05 18:50:04.320   512  2967 I soundtrigger: audio_extn_sound_trigger_update_device_status: device 0x2 of type 0 for Event 1
08-05 18:50:04.332   512  2967 D audio_hw_primary: enable_snd_device: snd_device(2: speaker)
08-05 18:50:04.333  8341  8415 D Gabe    : call	returning from cache
08-05 18:50:04.334   512  2967 D audio_hw_primary: enable_audio_route: apply and update mixer path: low-latency-playback speaker
08-05 18:50:04.334  8341  8341 V EXECUTING: https://project-travel-mate.herokuapp.com/api/get-city-facts/1
08-05 18:50:04.460  8341  8354 I art     : Starting a blocking GC Explicit
08-05 18:50:04.468   918   936 I ActivityManager: Displayed baseline.io.github.project_travel_mate/.destinations.funfacts.FunFactsActivity: +150ms
08-05 18:50:04.469 13866 13866 I GoogleInputMethodServic: GoogleInputMethodService.onFinishInput():3138 
08-05 18:50:04.469 13866 13866 I GoogleInputMethodServic: GoogleInputMethodService.onStartInput():1808 
08-05 18:50:04.486  8341  8354 I art     : Explicit concurrent mark sweep GC freed 4229(286KB) AllocSpace objects, 2(40KB) LOS objects, 27% free, 42MB/58MB, paused 652us total 25.140ms
08-05 18:50:04.500  8341  8354 I art     : Starting a blocking GC Explicit
08-05 18:50:04.528  8341  8354 I art     : Explicit concurrent mark sweep GC freed 143(5KB) AllocSpace objects, 0(0B) LOS objects, 27% free, 42MB/58MB, paused 619us total 28.407ms
08-05 18:50:04.542  8341  8354 I art     : Starting a blocking GC Explicit
08-05 18:50:04.567  8341  8354 I art     : Explicit concurrent mark sweep GC freed 222(3KB) AllocSpace objects, 0(0B) LOS objects, 27% free, 42MB/58MB, paused 518us total 24.781ms
08-05 18:50:04.579  8341  8354 I art     : Starting a blocking GC Explicit
08-05 18:50:04.603  8341  8354 I art     : Explicit concurrent mark sweep GC freed 146(2464B) AllocSpace objects, 0(0B) LOS objects, 27% free, 42MB/58MB, paused 432us total 24.123ms
08-05 18:50:04.615  8341  8354 I art     : Starting a blocking GC Explicit
08-05 18:50:04.640  8341  8354 I art     : Explicit concurrent mark sweep GC freed 148(2528B) AllocSpace objects, 0(0B) LOS objects, 27% free, 42MB/58MB, paused 408us total 24.692ms
08-05 18:50:04.714   380   380 W SurfaceFlinger: couldn't log to binary event log: overflow.
08-05 18:50:04.869   512  2967 D audio_hw_primary: disable_audio_route: reset and update mixer path: low-latency-playback speaker
08-05 18:50:04.870   512  2967 D audio_hw_primary: disable_snd_device: snd_device(2: speaker)
08-05 18:50:04.877   512  2967 I soundtrigger: audio_extn_sound_trigger_update_device_status: device 0x2 of type 0 for Event 0
08-05 18:50:04.960  8341  8353 I art     : Starting a blocking GC Explicit
08-05 18:50:04.986  8341  8353 I art     : Explicit concurrent mark sweep GC freed 2575(103KB) AllocSpace objects, 2(40KB) LOS objects, 27% free, 42MB/58MB, paused 432us total 25.114ms
08-05 18:50:04.997  8341  8353 I art     : Starting a blocking GC Explicit
08-05 18:50:05.023  8341  8353 I art     : Explicit concurrent mark sweep GC freed 150(2960B) AllocSpace objects, 0(0B) LOS objects, 27% free, 42MB/58MB, paused 581us total 25.040ms
08-05 18:50:05.035  8341  8353 I art     : Starting a blocking GC Explicit
08-05 18:50:05.060  8341  8353 I art     : Explicit concurrent mark sweep GC freed 123(2064B) AllocSpace objects, 0(0B) LOS objects, 27% free, 42MB/58MB, paused 694us total 25.248ms
08-05 18:50:05.072  8341  8353 I art     : Starting a blocking GC Explicit
08-05 18:50:05.097  8341  8353 I art     : Explicit concurrent mark sweep GC freed 131(2192B) AllocSpace objects, 0(0B) LOS objects, 27% free, 42MB/58MB, paused 714us total 24.481ms
08-05 18:50:05.109  8341  8353 I art     : Starting a blocking GC Explicit
08-05 18:50:05.135  8341  8353 I art     : Explicit concurrent mark sweep GC freed 1987(110KB) AllocSpace objects, 3(200KB) LOS objects, 27% free, 43MB/59MB, paused 740us total 25.944ms
08-05 18:50:05.182  8341  8886 I NAPPA_EXPERIMENTATION: MetricNetworkRequestExecutionTime: REQUEST_DURATION_SYSTEM='847',REQUEST_DURATION_OKHTTP='38',REQUEST_SYNCHRONOUS='FALSE',RESPONSE_CODE='200',RESPONSE_METHOD='GET',RESPONSE_LENGTH_OKHTTP='1793',RESPONSE_LENGTH_HEADER='1793',REQUEST_PROTOCOL='http/1.1',REQUEST_URL='https://project-travel-mate.herokuapp.com/api/get-city-facts/1',
08-05 18:50:05.184  8341  8886 V EXECUTING: https://project-travel-mate.herokuapp.com/api/get-city-images/1
08-05 18:50:05.421   518   646 I ThermalEngine: ACTION: GPU - Setting GPU[0] to 450000000
08-05 18:50:05.463  8341  8354 I art     : Starting a blocking GC Explicit
08-05 18:50:05.494  8341  8354 I art     : Explicit concurrent mark sweep GC freed 4368(282KB) AllocSpace objects, 2(40KB) LOS objects, 27% free, 43MB/59MB, paused 637us total 31.569ms
08-05 18:50:05.510  8341  8354 I art     : Starting a blocking GC Explicit
08-05 18:50:05.542  8341  8354 I art     : Explicit concurrent mark sweep GC freed 182(4KB) AllocSpace objects, 0(0B) LOS objects, 27% free, 43MB/59MB, paused 895us total 31.213ms
08-05 18:50:05.558  8341  8354 I art     : Starting a blocking GC Explicit
08-05 18:50:05.589  8341  8354 I art     : Explicit concurrent mark sweep GC freed 130(2224B) AllocSpace objects, 0(0B) LOS objects, 27% free, 43MB/59MB, paused 759us total 31.203ms
08-05 18:50:05.605  8341  8354 I art     : Starting a blocking GC Explicit
08-05 18:50:05.636  8341  8354 I art     : Explicit concurrent mark sweep GC freed 123(2064B) AllocSpace objects, 0(0B) LOS objects, 27% free, 43MB/59MB, paused 973us total 30.969ms
08-05 18:50:05.652  8341  8354 I art     : Starting a blocking GC Explicit
08-05 18:50:05.683  8341  8354 I art     : Explicit concurrent mark sweep GC freed 131(2192B) AllocSpace objects, 0(0B) LOS objects, 27% free, 43MB/59MB, paused 822us total 30.602ms
08-05 18:50:05.907  8341  8902 I NAPPA_EXPERIMENTATION: MetricNetworkRequestExecutionTime: REQUEST_DURATION_SYSTEM='722',REQUEST_DURATION_OKHTTP='43',REQUEST_SYNCHRONOUS='FALSE',RESPONSE_CODE='200',RESPONSE_METHOD='GET',RESPONSE_LENGTH_OKHTTP='183',RESPONSE_LENGTH_HEADER='183',REQUEST_PROTOCOL='http/1.1',REQUEST_URL='https://project-travel-mate.herokuapp.com/api/get-city-images/1',
08-05 18:50:05.939  8341  8902 V RESPONSE: [{"id":17,"image_url":"https://upload.wikimedia.org/wikipedia/commons/9/94/%E0%B4%96%E0%B5%81%E0%B4%A4%E0%B5%8D%E0%B4%AC%E0%B5%8D_%E0%B4%AE%E0%B4%BF%E0%B4%A8%E0%B4%BE%E0%B5%BC1.jpg"}]
08-05 18:50:06.032  8341  8359 I art     : Starting a blocking GC Explicit
08-05 18:50:06.068  8341  8359 I art     : Explicit concurrent mark sweep GC freed 7786(414KB) AllocSpace objects, 5(240KB) LOS objects, 26% free, 43MB/59MB, paused 991us total 35.238ms
08-05 18:50:06.083  8341  8359 I art     : Starting a blocking GC Explicit
08-05 18:50:06.118  8341  8359 I art     : Explicit concurrent mark sweep GC freed 1530(146KB) AllocSpace objects, 0(0B) LOS objects, 26% free, 43MB/59MB, paused 646us total 34.387ms
08-05 18:50:06.133  8341  8359 I art     : Starting a blocking GC Explicit
08-05 18:50:06.168  8341  8359 I art     : Explicit concurrent mark sweep GC freed 22(992B) AllocSpace objects, 1(4MB) LOS objects, 28% free, 39MB/55MB, paused 590us total 34.311ms
08-05 18:50:06.184  8341  8359 I art     : Starting a blocking GC Explicit
08-05 18:50:06.221  8341  8359 I art     : Explicit concurrent mark sweep GC freed 219(3KB) AllocSpace objects, 0(0B) LOS objects, 28% free, 39MB/55MB, paused 569us total 36.338ms
08-05 18:50:06.237  8341  8359 I art     : Starting a blocking GC Explicit
08-05 18:50:06.273  8341  8359 I art     : Explicit concurrent mark sweep GC freed 229(4KB) AllocSpace objects, 0(0B) LOS objects, 28% free, 39MB/55MB, paused 604us total 35.452ms
08-05 18:50:06.682  8341  8353 I art     : Starting a blocking GC Explicit
08-05 18:50:06.720  8341  8353 I art     : Explicit concurrent mark sweep GC freed 3407(116KB) AllocSpace objects, 2(40KB) LOS objects, 28% free, 39MB/55MB, paused 661us total 37.478ms
08-05 18:50:06.736  8341  8353 I art     : Starting a blocking GC Explicit
08-05 18:50:06.773  8341  8353 I art     : Explicit concurrent mark sweep GC freed 237(4KB) AllocSpace objects, 0(0B) LOS objects, 28% free, 39MB/55MB, paused 780us total 35.979ms
08-05 18:50:06.789  8341  8353 I art     : Starting a blocking GC Explicit
08-05 18:50:06.825  8341  8353 I art     : Explicit concurrent mark sweep GC freed 237(3KB) AllocSpace objects, 0(0B) LOS objects, 28% free, 39MB/55MB, paused 647us total 35.957ms
08-05 18:50:06.841  8341  8353 I art     : Starting a blocking GC Explicit
08-05 18:50:06.878  8341  8353 I art     : Explicit concurrent mark sweep GC freed 220(3KB) AllocSpace objects, 0(0B) LOS objects, 28% free, 39MB/55MB, paused 610us total 35.826ms
08-05 18:50:06.894  8341  8353 I art     : Starting a blocking GC Explicit
08-05 18:50:06.930  8341  8353 I art     : Explicit concurrent mark sweep GC freed 219(3KB) AllocSpace objects, 0(0B) LOS objects, 28% free, 39MB/55MB, paused 628us total 35.882ms
08-05 18:50:07.080  8935  8935 D AndroidRuntime: >>>>>> START com.android.internal.os.RuntimeInit uid 2000 <<<<<<
08-05 18:50:07.087  8935  8935 D AndroidRuntime: CheckJNI is OFF
08-05 18:50:07.129  8935  8935 D ICU     : No timezone override file found: /data/misc/zoneinfo/current/icu/icu_tzdata.dat
08-05 18:50:07.171  8935  8935 I Radio-JNI: register_android_hardware_Radio DONE
08-05 18:50:07.200  8935  8935 D AndroidRuntime: Calling main entry com.android.commands.input.Input
08-05 18:50:07.202  8935  8935 I Input   : injectKeyEvent: KeyEvent { action=ACTION_DOWN, keyCode=KEYCODE_BACK, scanCode=0, metaState=0, flags=0x0, repeatCount=0, eventTime=816623615, downTime=816623615, deviceId=-1, source=0x101 }
08-05 18:50:07.206  8935  8935 I Input   : injectKeyEvent: KeyEvent { action=ACTION_UP, keyCode=KEYCODE_BACK, scanCode=0, metaState=0, flags=0x0, repeatCount=0, eventTime=816623615, downTime=816623615, deviceId=-1, source=0x101 }
08-05 18:50:07.211  8935  8935 D AndroidRuntime: Shutting down VM
08-05 18:50:07.245 13866 13866 I GoogleInputMethodServic: GoogleInputMethodService.onFinishInput():3138 
08-05 18:50:07.247 13866 13866 I GoogleInputMethodServic: GoogleInputMethodService.onStartInput():1808 
08-05 18:50:07.322  8341  8354 I art     : Starting a blocking GC Explicit
08-05 18:50:07.356  8341  8354 I art     : Explicit concurrent mark sweep GC freed 3331(116KB) AllocSpace objects, 2(40KB) LOS objects, 28% free, 39MB/55MB, paused 643us total 33.415ms
08-05 18:50:07.374  8341  8354 I art     : Starting a blocking GC Explicit
08-05 18:50:07.414  8341  8354 I art     : Explicit concurrent mark sweep GC freed 242(4KB) AllocSpace objects, 0(0B) LOS objects, 28% free, 39MB/55MB, paused 612us total 39.786ms
08-05 18:50:07.433  8341  8354 I art     : Starting a blocking GC Explicit
08-05 18:50:07.476  8341  8354 I art     : Explicit concurrent mark sweep GC freed 291(4KB) AllocSpace objects, 0(0B) LOS objects, 28% free, 39MB/55MB, paused 695us total 42.398ms
08-05 18:50:07.493  8341  8354 I art     : Starting a blocking GC Explicit
08-05 18:50:07.533  8341  8354 I art     : Explicit concurrent mark sweep GC freed 220(3KB) AllocSpace objects, 0(0B) LOS objects, 28% free, 39MB/55MB, paused 686us total 40.058ms
08-05 18:50:07.549   380   380 W SurfaceFlinger: couldn't log to binary event log: overflow.
08-05 18:50:07.551  8341  8354 I art     : Starting a blocking GC Explicit
08-05 18:50:07.586  8341  8354 I art     : Explicit concurrent mark sweep GC freed 981(40KB) AllocSpace objects, 3(644KB) LOS objects, 29% free, 38MB/54MB, paused 746us total 34.654ms
08-05 18:50:07.952  8341  8353 I art     : Starting a blocking GC Explicit
08-05 18:50:07.987  8341  8353 I art     : Explicit concurrent mark sweep GC freed 8046(368KB) AllocSpace objects, 3(68KB) LOS objects, 29% free, 38MB/54MB, paused 640us total 34.766ms
08-05 18:50:08.003  8341  8353 I art     : Starting a blocking GC Explicit
08-05 18:50:08.037  8341  8353 I art     : Explicit concurrent mark sweep GC freed 166(3KB) AllocSpace objects, 0(0B) LOS objects, 29% free, 38MB/54MB, paused 640us total 33.007ms
08-05 18:50:08.053  8341  8353 I art     : Starting a blocking GC Explicit
08-05 18:50:08.086  8341  8353 I art     : Explicit concurrent mark sweep GC freed 147(2496B) AllocSpace objects, 0(0B) LOS objects, 29% free, 38MB/54MB, paused 665us total 33.136ms
08-05 18:50:08.102  8341  8353 I art     : Starting a blocking GC Explicit
08-05 18:50:08.136  8341  8353 I art     : Explicit concurrent mark sweep GC freed 147(2496B) AllocSpace objects, 0(0B) LOS objects, 29% free, 38MB/54MB, paused 667us total 33.524ms
08-05 18:50:08.153  8341  8353 I art     : Starting a blocking GC Explicit
08-05 18:50:08.186  8341  8353 I art     : Explicit concurrent mark sweep GC freed 138(2336B) AllocSpace objects, 0(0B) LOS objects, 29% free, 38MB/54MB, paused 741us total 33.113ms
08-05 18:50:08.560  8341  8359 I art     : Starting a blocking GC Explicit
08-05 18:50:08.594  8341  8359 I art     : Explicit concurrent mark sweep GC freed 2591(102KB) AllocSpace objects, 2(40KB) LOS objects, 29% free, 38MB/54MB, paused 617us total 34.297ms
08-05 18:50:08.610  8341  8359 I art     : Starting a blocking GC Explicit
08-05 18:50:08.642  8341  8359 I art     : Explicit concurrent mark sweep GC freed 166(3KB) AllocSpace objects, 0(0B) LOS objects, 29% free, 38MB/54MB, paused 615us total 32.138ms
08-05 18:50:08.658  8341  8359 I art     : Starting a blocking GC Explicit
08-05 18:50:08.690  8341  8359 I art     : Explicit concurrent mark sweep GC freed 147(2496B) AllocSpace objects, 0(0B) LOS objects, 29% free, 38MB/54MB, paused 626us total 31.087ms
08-05 18:50:08.706  8341  8359 I art     : Starting a blocking GC Explicit
08-05 18:50:08.737  8341  8359 I art     : Explicit concurrent mark sweep GC freed 146(2464B) AllocSpace objects, 0(0B) LOS objects, 29% free, 38MB/54MB, paused 644us total 31.639ms
08-05 18:50:08.753  8341  8359 I art     : Starting a blocking GC Explicit
08-05 18:50:08.785  8341  8359 I art     : Explicit concurrent mark sweep GC freed 113(1936B) AllocSpace objects, 0(0B) LOS objects, 29% free, 38MB/54MB, paused 690us total 31.920ms
08-05 18:50:08.931  8320  8320 I ServiceManager: Waiting for service AtCmdFwd...
08-05 18:50:08.998  8979  8979 D AndroidRuntime: >>>>>> START com.android.internal.os.RuntimeInit uid 2000 <<<<<<
08-05 18:50:09.004  8979  8979 D AndroidRuntime: CheckJNI is OFF
08-05 18:50:09.045  8979  8979 D ICU     : No timezone override file found: /data/misc/zoneinfo/current/icu/icu_tzdata.dat
08-05 18:50:09.086  8979  8979 I Radio-JNI: register_android_hardware_Radio DONE
08-05 18:50:09.114  8979  8979 D AndroidRuntime: Calling main entry com.android.commands.input.Input
08-05 18:50:09.117  8979  8979 I Input   : injectMotionEvent: MotionEvent { action=ACTION_DOWN, actionButton=0, id[0]=0, x[0]=504.0, y[0]=1706.0, toolType[0]=TOOL_TYPE_UNKNOWN, buttonState=0, metaState=0, flags=0x0, edgeFlags=0x0, pointerCount=1, historySize=0, eventTime=816625529, downTime=816625529, deviceId=0, source=0x1002 }
08-05 18:50:09.121  8979  8979 I Input   : injectMotionEvent: MotionEvent { action=ACTION_UP, actionButton=0, id[0]=0, x[0]=504.0, y[0]=1706.0, toolType[0]=TOOL_TYPE_UNKNOWN, buttonState=0, metaState=0, flags=0x0, edgeFlags=0x0, pointerCount=1, historySize=0, eventTime=816625529, downTime=816625529, deviceId=0, source=0x1002 }
08-05 18:50:09.122  8979  8979 D AndroidRuntime: Shutting down VM
08-05 18:50:09.124   512  2967 D audio_hw_primary: out_set_parameters: enter: usecase(1: low-latency-playback) kvpairs: routing=2
08-05 18:50:09.128   918  3359 I ActivityManager: START u0 {cmp=baseline.io.github.project_travel_mate/.destinations.funfacts.FunFactsActivity (has extras)} from uid 10674 on display 0
08-05 18:50:09.137   512  2967 D audio_hw_primary: select_devices: out_snd_device(2: speaker) in_snd_device(0: none)
08-05 18:50:09.137   512  2967 D msm8974_platform: platform_send_audio_calibration: sending audio calibration for snd_device(2) acdb_id(15)
08-05 18:50:09.137   512  2967 I soundtrigger: audio_extn_sound_trigger_update_device_status: device 0x2 of type 0 for Event 1
08-05 18:50:09.149   512  2967 D audio_hw_primary: enable_snd_device: snd_device(2: speaker)
08-05 18:50:09.153   512  2967 D audio_hw_primary: enable_audio_route: apply and update mixer path: low-latency-playback speaker
08-05 18:50:09.156  8341  8415 D Gabe    : call	returning from cache
08-05 18:50:09.158  8341  8341 V EXECUTING: https://project-travel-mate.herokuapp.com/api/get-city-facts/1
08-05 18:50:09.171  8341  8354 I art     : Starting a blocking GC Explicit
08-05 18:50:09.203  8341  8354 I art     : Explicit concurrent mark sweep GC freed 4120(261KB) AllocSpace objects, 2(40KB) LOS objects, 29% free, 38MB/54MB, paused 661us total 31.626ms
08-05 18:50:09.219  8341  8354 I art     : Starting a blocking GC Explicit
08-05 18:50:09.254  8341  8354 I art     : Explicit concurrent mark sweep GC freed 648(22KB) AllocSpace objects, 0(0B) LOS objects, 27% free, 43MB/59MB, paused 889us total 34.380ms
08-05 18:50:09.270  8341  8354 I art     : Starting a blocking GC Explicit
08-05 18:50:09.301  8341  8354 I art     : Explicit concurrent mark sweep GC freed 22(1056B) AllocSpace objects, 0(0B) LOS objects, 27% free, 43MB/59MB, paused 660us total 30.810ms
08-05 18:50:09.309   918   936 I ActivityManager: Displayed baseline.io.github.project_travel_mate/.destinations.funfacts.FunFactsActivity: +175ms
08-05 18:50:09.309 13866 13866 I GoogleInputMethodServic: GoogleInputMethodService.onFinishInput():3138 
08-05 18:50:09.309 13866 13866 I GoogleInputMethodServic: GoogleInputMethodService.onStartInput():1808 
08-05 18:50:09.317  8341  8354 I art     : Starting a blocking GC Explicit
08-05 18:50:09.350  8341  8354 I art     : Explicit concurrent mark sweep GC freed 146(2960B) AllocSpace objects, 0(0B) LOS objects, 27% free, 43MB/59MB, paused 842us total 33.003ms
08-05 18:50:09.367  8341  8354 I art     : Starting a blocking GC Explicit
08-05 18:50:09.399  8341  8354 I art     : Explicit concurrent mark sweep GC freed 83(1456B) AllocSpace objects, 0(0B) LOS objects, 27% free, 43MB/59MB, paused 669us total 32.032ms
08-05 18:50:09.570   380   380 W SurfaceFlinger: couldn't log to binary event log: overflow.
08-05 18:50:09.700   512  2967 D audio_hw_primary: disable_audio_route: reset and update mixer path: low-latency-playback speaker
08-05 18:50:09.702   512  2967 D audio_hw_primary: disable_snd_device: snd_device(2: speaker)
08-05 18:50:09.710   512  2967 I soundtrigger: audio_extn_sound_trigger_update_device_status: device 0x2 of type 0 for Event 0
08-05 18:50:09.752  8341  8353 I art     : Starting a blocking GC Explicit
08-05 18:50:09.785  8341  8353 I art     : Explicit concurrent mark sweep GC freed 2594(103KB) AllocSpace objects, 2(40KB) LOS objects, 27% free, 43MB/59MB, paused 902us total 32.819ms
08-05 18:50:09.801  8341  8353 I art     : Starting a blocking GC Explicit
08-05 18:50:09.833  8341  8353 I art     : Explicit concurrent mark sweep GC freed 192(4KB) AllocSpace objects, 0(0B) LOS objects, 27% free, 43MB/59MB, paused 887us total 31.957ms
08-05 18:50:09.849  8341  8353 I art     : Starting a blocking GC Explicit
08-05 18:50:09.881   918  3261 D WifiStateMachine: starting scan for "H369AA63323"WPA_PSK with 2412,5180
08-05 18:50:09.882  8341  8353 I art     : Explicit concurrent mark sweep GC freed 21(384B) AllocSpace objects, 0(0B) LOS objects, 27% free, 43MB/59MB, paused 648us total 32.003ms
08-05 18:50:09.897  8341  8353 I art     : Starting a blocking GC Explicit
08-05 18:50:09.929  8341  8353 I art     : Explicit concurrent mark sweep GC freed 129(2176B) AllocSpace objects, 0(0B) LOS objects, 27% free, 43MB/59MB, paused 777us total 31.661ms
08-05 18:50:09.931  8320  8320 I ServiceManager: Waiting for service AtCmdFwd...
08-05 18:50:09.945  8341  8353 I art     : Starting a blocking GC Explicit
08-05 18:50:09.978  8341  8353 I art     : Explicit concurrent mark sweep GC freed 2715(135KB) AllocSpace objects, 2(160KB) LOS objects, 26% free, 43MB/59MB, paused 936us total 33.056ms
08-05 18:50:10.012  8341  9004 I NAPPA_EXPERIMENTATION: MetricNetworkRequestExecutionTime: REQUEST_DURATION_SYSTEM='853',REQUEST_DURATION_OKHTTP='38',REQUEST_SYNCHRONOUS='FALSE',RESPONSE_CODE='200',RESPONSE_METHOD='GET',RESPONSE_LENGTH_OKHTTP='1793',RESPONSE_LENGTH_HEADER='1793',REQUEST_PROTOCOL='http/1.1',REQUEST_URL='https://project-travel-mate.herokuapp.com/api/get-city-facts/1',
08-05 18:50:10.014  8341  9004 V EXECUTING: https://project-travel-mate.herokuapp.com/api/get-city-images/1
08-05 18:50:10.330  8341  8354 I art     : Starting a blocking GC Explicit
08-05 18:50:10.363  8341  8354 I art     : Explicit concurrent mark sweep GC freed 3742(259KB) AllocSpace objects, 3(80KB) LOS objects, 26% free, 43MB/59MB, paused 924us total 32.459ms
08-05 18:50:10.380  8341  8354 I art     : Starting a blocking GC Explicit
08-05 18:50:10.412  8341  8354 I art     : Explicit concurrent mark sweep GC freed 172(3KB) AllocSpace objects, 0(0B) LOS objects, 26% free, 43MB/59MB, paused 865us total 32.139ms
08-05 18:50:10.428  8341  8354 I art     : Starting a blocking GC Explicit
08-05 18:50:10.460  8341  8354 I art     : Explicit concurrent mark sweep GC freed 17(320B) AllocSpace objects, 0(0B) LOS objects, 26% free, 43MB/59MB, paused 667us total 31.635ms
08-05 18:50:10.476  8341  8354 I art     : Starting a blocking GC Explicit
08-05 18:50:10.509  8341  8354 I art     : Explicit concurrent mark sweep GC freed 132(2208B) AllocSpace objects, 0(0B) LOS objects, 26% free, 43MB/59MB, paused 1.043ms total 32.421ms
08-05 18:50:10.525  8341  8354 I art     : Starting a blocking GC Explicit
08-05 18:50:10.557  8341  8354 I art     : Explicit concurrent mark sweep GC freed 136(2432B) AllocSpace objects, 0(0B) LOS objects, 26% free, 43MB/59MB, paused 1.005ms total 31.892ms
08-05 18:50:10.708  8341  9016 I NAPPA_EXPERIMENTATION: MetricNetworkRequestExecutionTime: REQUEST_DURATION_SYSTEM='693',REQUEST_DURATION_OKHTTP='36',REQUEST_SYNCHRONOUS='FALSE',RESPONSE_CODE='200',RESPONSE_METHOD='GET',RESPONSE_LENGTH_OKHTTP='183',RESPONSE_LENGTH_HEADER='183',REQUEST_PROTOCOL='http/1.1',REQUEST_URL='https://project-travel-mate.herokuapp.com/api/get-city-images/1',
08-05 18:50:10.749  8341  9016 V RESPONSE: [{"id":17,"image_url":"https://upload.wikimedia.org/wikipedia/commons/9/94/%E0%B4%96%E0%B5%81%E0%B4%A4%E0%B5%8D%E0%B4%AC%E0%B5%8D_%E0%B4%AE%E0%B4%BF%E0%B4%A8%E0%B4%BE%E0%B5%BC1.jpg"}]
08-05 18:50:10.892  8341  8619 I art     : Starting a blocking GC Explicit
08-05 18:50:10.932  8320  8320 I ServiceManager: Waiting for service AtCmdFwd...
08-05 18:50:10.933  8341  8619 I art     : Explicit concurrent mark sweep GC freed 8301(374KB) AllocSpace objects, 6(4MB) LOS objects, 28% free, 39MB/55MB, paused 726us total 41.631ms
08-05 18:50:10.950  8341  8619 I art     : Starting a blocking GC Explicit
08-05 18:50:10.991  8341  8619 I art     : Explicit concurrent mark sweep GC freed 1396(129KB) AllocSpace objects, 0(0B) LOS objects, 28% free, 39MB/55MB, paused 784us total 39.955ms
08-05 18:50:11.008  8341  8619 I art     : Starting a blocking GC Explicit
08-05 18:50:11.046  8341  8619 I art     : Explicit concurrent mark sweep GC freed 220(3KB) AllocSpace objects, 0(0B) LOS objects, 28% free, 39MB/55MB, paused 653us total 38.083ms
08-05 18:50:11.063  8341  8619 I art     : Starting a blocking GC Explicit
08-05 18:50:11.103  8341  8619 I art     : Explicit concurrent mark sweep GC freed 239(4KB) AllocSpace objects, 0(0B) LOS objects, 28% free, 39MB/55MB, paused 670us total 40.289ms
08-05 18:50:11.120  8341  8619 I art     : Starting a blocking GC Explicit
08-05 18:50:11.159  8341  8619 I art     : Explicit concurrent mark sweep GC freed 290(4KB) AllocSpace objects, 0(0B) LOS objects, 28% free, 39MB/55MB, paused 702us total 38.163ms
08-05 18:50:11.555  8341  8354 I art     : Starting a blocking GC Explicit
08-05 18:50:11.593  8341  8354 I art     : Explicit concurrent mark sweep GC freed 3299(113KB) AllocSpace objects, 2(40KB) LOS objects, 28% free, 39MB/55MB, paused 737us total 38.463ms
08-05 18:50:11.610  8341  8354 I art     : Starting a blocking GC Explicit
08-05 18:50:11.648  8341  8354 I art     : Explicit concurrent mark sweep GC freed 241(4KB) AllocSpace objects, 0(0B) LOS objects, 28% free, 39MB/55MB, paused 702us total 37.700ms
08-05 18:50:11.664  8341  8354 I art     : Starting a blocking GC Explicit
08-05 18:50:11.701  8341  8354 I art     : Explicit concurrent mark sweep GC freed 219(3KB) AllocSpace objects, 0(0B) LOS objects, 28% free, 39MB/55MB, paused 671us total 36.359ms
08-05 18:50:11.717  8341  8354 I art     : Starting a blocking GC Explicit
08-05 18:50:11.756  8341  8354 I art     : Explicit concurrent mark sweep GC freed 224(3KB) AllocSpace objects, 0(0B) LOS objects, 28% free, 39MB/55MB, paused 767us total 37.918ms
08-05 18:50:11.772  8341  8354 I art     : Starting a blocking GC Explicit
08-05 18:50:11.811  8341  8354 I art     : Explicit concurrent mark sweep GC freed 256(4KB) AllocSpace objects, 0(0B) LOS objects, 28% free, 39MB/55MB, paused 746us total 38.026ms
08-05 18:50:11.924  9041  9041 D AndroidRuntime: >>>>>> START com.android.internal.os.RuntimeInit uid 2000 <<<<<<
08-05 18:50:11.931  9041  9041 D AndroidRuntime: CheckJNI is OFF
08-05 18:50:11.933  8320  8320 I ServiceManager: Waiting for service AtCmdFwd...
08-05 18:50:11.973  9041  9041 D ICU     : No timezone override file found: /data/misc/zoneinfo/current/icu/icu_tzdata.dat
08-05 18:50:12.016  9041  9041 I Radio-JNI: register_android_hardware_Radio DONE
08-05 18:50:12.044  9041  9041 D AndroidRuntime: Calling main entry com.android.commands.input.Input
08-05 18:50:12.047  9041  9041 I Input   : injectKeyEvent: KeyEvent { action=ACTION_DOWN, keyCode=KEYCODE_BACK, scanCode=0, metaState=0, flags=0x0, repeatCount=0, eventTime=816628460, downTime=816628460, deviceId=-1, source=0x101 }
08-05 18:50:12.052  9041  9041 I Input   : injectKeyEvent: KeyEvent { action=ACTION_UP, keyCode=KEYCODE_BACK, scanCode=0, metaState=0, flags=0x0, repeatCount=0, eventTime=816628460, downTime=816628460, deviceId=-1, source=0x101 }
08-05 18:50:12.057  9041  9041 D AndroidRuntime: Shutting down VM
08-05 18:50:12.097 13866 13866 I GoogleInputMethodServic: GoogleInputMethodService.onFinishInput():3138 
08-05 18:50:12.098 13866 13866 I GoogleInputMethodServic: GoogleInputMethodService.onStartInput():1808 
08-05 18:50:12.197  8341  8353 I art     : Starting a blocking GC Explicit
08-05 18:50:12.237  8341  8353 I art     : Explicit concurrent mark sweep GC freed 3278(115KB) AllocSpace objects, 2(40KB) LOS objects, 28% free, 39MB/55MB, paused 680us total 39.637ms
08-05 18:50:12.255  8341  8353 I art     : Starting a blocking GC Explicit
08-05 18:50:12.299  8341  8353 I art     : Explicit concurrent mark sweep GC freed 314(5KB) AllocSpace objects, 0(0B) LOS objects, 28% free, 39MB/55MB, paused 720us total 43.697ms
08-05 18:50:12.317  8341  8353 I art     : Starting a blocking GC Explicit
08-05 18:50:12.359  8341  8353 I art     : Explicit concurrent mark sweep GC freed 288(4KB) AllocSpace objects, 0(0B) LOS objects, 28% free, 39MB/55MB, paused 963us total 42.188ms
08-05 18:50:12.379  8341  8353 I art     : Starting a blocking GC Explicit
08-05 18:50:12.418  8341  8353 I art     : Explicit concurrent mark sweep GC freed 223(3KB) AllocSpace objects, 0(0B) LOS objects, 28% free, 39MB/55MB, paused 674us total 37.860ms
08-05 18:50:12.421   380   380 W SurfaceFlinger: couldn't log to binary event log: overflow.
08-05 18:50:12.435  8341  8353 I art     : Starting a blocking GC Explicit
08-05 18:50:12.469  8341  8353 I art     : Explicit concurrent mark sweep GC freed 965(38KB) AllocSpace objects, 3(644KB) LOS objects, 29% free, 39MB/55MB, paused 716us total 34.132ms
08-05 18:50:12.835  8341  8619 I art     : Starting a blocking GC Explicit
08-05 18:50:12.873  8341  8619 I art     : Explicit concurrent mark sweep GC freed 8025(368KB) AllocSpace objects, 3(68KB) LOS objects, 29% free, 38MB/54MB, paused 665us total 37.686ms
08-05 18:50:12.890  8341  8619 I art     : Starting a blocking GC Explicit
08-05 18:50:12.925  8341  8619 I art     : Explicit concurrent mark sweep GC freed 229(4KB) AllocSpace objects, 0(0B) LOS objects, 29% free, 38MB/54MB, paused 782us total 34.274ms
08-05 18:50:12.933  8320  8320 I ServiceManager: Waiting for service AtCmdFwd...
08-05 18:50:12.941  8341  8619 I art     : Starting a blocking GC Explicit
08-05 18:50:12.975  8341  8619 I art     : Explicit concurrent mark sweep GC freed 147(2496B) AllocSpace objects, 0(0B) LOS objects, 29% free, 38MB/54MB, paused 644us total 33.966ms
08-05 18:50:12.992  8341  8619 I art     : Starting a blocking GC Explicit
08-05 18:50:13.027  8341  8619 I art     : Explicit concurrent mark sweep GC freed 148(2528B) AllocSpace objects, 0(0B) LOS objects, 29% free, 38MB/54MB, paused 751us total 35.069ms
08-05 18:50:13.043  8341  8619 I art     : Starting a blocking GC Explicit
08-05 18:50:13.078  8341  8619 I art     : Explicit concurrent mark sweep GC freed 147(2496B) AllocSpace objects, 0(0B) LOS objects, 29% free, 38MB/54MB, paused 696us total 34.364ms
08-05 18:50:13.433  8341  8354 I art     : Starting a blocking GC Explicit
08-05 18:50:13.467  8341  8354 I art     : Explicit concurrent mark sweep GC freed 2531(101KB) AllocSpace objects, 2(40KB) LOS objects, 29% free, 38MB/54MB, paused 681us total 33.423ms
08-05 18:50:13.483  8341  8354 I art     : Starting a blocking GC Explicit
08-05 18:50:13.515  8341  8354 I art     : Explicit concurrent mark sweep GC freed 166(3KB) AllocSpace objects, 0(0B) LOS objects, 29% free, 38MB/54MB, paused 644us total 32.291ms
08-05 18:50:13.532  8341  8354 I art     : Starting a blocking GC Explicit
08-05 18:50:13.563  8341  8354 I art     : Explicit concurrent mark sweep GC freed 147(2496B) AllocSpace objects, 0(0B) LOS objects, 29% free, 38MB/54MB, paused 654us total 31.696ms
08-05 18:50:13.579  8341  8354 I art     : Starting a blocking GC Explicit
08-05 18:50:13.610  8341  8354 I art     : Explicit concurrent mark sweep GC freed 147(2496B) AllocSpace objects, 0(0B) LOS objects, 29% free, 38MB/54MB, paused 691us total 31.210ms
08-05 18:50:13.626  8341  8354 I art     : Starting a blocking GC Explicit
08-05 18:50:13.660  8341  8354 I art     : Explicit concurrent mark sweep GC freed 127(2144B) AllocSpace objects, 0(0B) LOS objects, 29% free, 38MB/54MB, paused 732us total 33.873ms
08-05 18:50:13.833  9091  9091 D AndroidRuntime: >>>>>> START com.android.internal.os.RuntimeInit uid 2000 <<<<<<
08-05 18:50:13.839  9091  9091 D AndroidRuntime: CheckJNI is OFF
08-05 18:50:13.881  9091  9091 D ICU     : No timezone override file found: /data/misc/zoneinfo/current/icu/icu_tzdata.dat
08-05 18:50:13.922  9091  9091 I Radio-JNI: register_android_hardware_Radio DONE
08-05 18:50:13.934  8320  8320 W Atfwd_Sendcmd: AtCmdFwd service not published, waiting... retryCnt : 4
08-05 18:50:13.950  9091  9091 D AndroidRuntime: Calling main entry com.android.commands.input.Input
08-05 18:50:13.952  9091  9091 I Input   : injectMotionEvent: MotionEvent { action=ACTION_DOWN, actionButton=0, id[0]=0, x[0]=693.0, y[0]=1450.0, toolType[0]=TOOL_TYPE_UNKNOWN, buttonState=0, metaState=0, flags=0x0, edgeFlags=0x0, pointerCount=1, historySize=0, eventTime=816630365, downTime=816630365, deviceId=0, source=0x1002 }
08-05 18:50:13.957  9091  9091 I Input   : injectMotionEvent: MotionEvent { action=ACTION_UP, actionButton=0, id[0]=0, x[0]=693.0, y[0]=1450.0, toolType[0]=TOOL_TYPE_UNKNOWN, buttonState=0, metaState=0, flags=0x0, edgeFlags=0x0, pointerCount=1, historySize=0, eventTime=816630365, downTime=816630365, deviceId=0, source=0x1002 }
08-05 18:50:13.959  9091  9091 D AndroidRuntime: Shutting down VM
08-05 18:50:13.959   918  3714 I ActivityManager: START u0 {cmp=baseline.io.github.project_travel_mate/.destinations.description.CityHistoryActivity} from uid 10674 on display 0
08-05 18:50:13.961   512  2967 D audio_hw_primary: out_set_parameters: enter: usecase(1: low-latency-playback) kvpairs: routing=2
08-05 18:50:13.974   512  2967 D audio_hw_primary: select_devices: out_snd_device(2: speaker) in_snd_device(0: none)
08-05 18:50:13.974   512  2967 D msm8974_platform: platform_send_audio_calibration: sending audio calibration for snd_device(2) acdb_id(15)
08-05 18:50:13.974   512  2967 I soundtrigger: audio_extn_sound_trigger_update_device_status: device 0x2 of type 0 for Event 1
08-05 18:50:13.987   512  2967 D audio_hw_primary: enable_snd_device: snd_device(2: speaker)
08-05 18:50:13.990   512  2967 D audio_hw_primary: enable_audio_route: apply and update mixer path: low-latency-playback speaker
08-05 18:50:13.993  8341  8415 D Gabe    : call	returning from cache
08-05 18:50:13.996  8341  8341 V EXECUTING: https://project-travel-mate.herokuapp.com/api/get-city-information/1
08-05 18:50:14.054  8341  8354 I art     : Starting a blocking GC Explicit
08-05 18:50:14.092  8341  8354 I art     : Explicit concurrent mark sweep GC freed 3426(159KB) AllocSpace objects, 2(40KB) LOS objects, 27% free, 43MB/59MB, paused 1.263ms total 37.760ms
08-05 18:50:14.109  8341  8354 I art     : Starting a blocking GC Explicit
08-05 18:50:14.142  8341  8354 I art     : Explicit concurrent mark sweep GC freed 248(11KB) AllocSpace objects, 0(0B) LOS objects, 26% free, 43MB/59MB, paused 738us total 32.823ms
08-05 18:50:14.158  8341  8354 I art     : Starting a blocking GC Explicit
08-05 18:50:14.164 13866 13866 I GoogleInputMethodServic: GoogleInputMethodService.onFinishInput():3138 
08-05 18:50:14.164 13866 13866 I GoogleInputMethodServic: GoogleInputMethodService.onStartInput():1808 
08-05 18:50:14.165   918   936 I ActivityManager: Displayed baseline.io.github.project_travel_mate/.destinations.description.CityHistoryActivity: +194ms
08-05 18:50:14.190  8341  8354 I art     : Explicit concurrent mark sweep GC freed 136(2896B) AllocSpace objects, 0(0B) LOS objects, 26% free, 43MB/59MB, paused 1.094ms total 31.267ms
08-05 18:50:14.207  8341  8354 I art     : Starting a blocking GC Explicit
08-05 18:50:14.242  8341  8354 I art     : Explicit concurrent mark sweep GC freed 22(432B) AllocSpace objects, 0(0B) LOS objects, 26% free, 43MB/59MB, paused 818us total 35.401ms
08-05 18:50:14.258  8341  8354 I art     : Starting a blocking GC Explicit
08-05 18:50:14.290  8341  8354 I art     : Explicit concurrent mark sweep GC freed 223(3KB) AllocSpace objects, 0(0B) LOS objects, 26% free, 43MB/59MB, paused 706us total 31.819ms
08-05 18:50:14.424   380   380 W SurfaceFlinger: couldn't log to binary event log: overflow.
08-05 18:50:14.528   512  2967 D audio_hw_primary: disable_audio_route: reset and update mixer path: low-latency-playback speaker
08-05 18:50:14.529   512  2967 D audio_hw_primary: disable_snd_device: snd_device(2: speaker)
08-05 18:50:14.536   512  2967 I soundtrigger: audio_extn_sound_trigger_update_device_status: device 0x2 of type 0 for Event 0
08-05 18:50:14.649  8341  8354 I art     : Starting a blocking GC Explicit
08-05 18:50:14.684  8341  8354 I art     : Explicit concurrent mark sweep GC freed 2913(109KB) AllocSpace objects, 2(40KB) LOS objects, 26% free, 43MB/59MB, paused 895us total 34.668ms
08-05 18:50:14.700  8341  8354 I art     : Starting a blocking GC Explicit
08-05 18:50:14.734  8341  8354 I art     : Explicit concurrent mark sweep GC freed 44(1200B) AllocSpace objects, 0(0B) LOS objects, 26% free, 43MB/59MB, paused 1.041ms total 33.346ms
08-05 18:50:14.749  8341  8354 I art     : Starting a blocking GC Explicit
08-05 18:50:14.784  8341  8354 I art     : Explicit concurrent mark sweep GC freed 2688(133KB) AllocSpace objects, 2(120KB) LOS objects, 26% free, 43MB/59MB, paused 940us total 34.248ms
08-05 18:50:14.800  8341  8354 I art     : Starting a blocking GC Explicit
08-05 18:50:14.807  8341  9117 I NAPPA_EXPERIMENTATION: MetricNetworkRequestExecutionTime: REQUEST_DURATION_SYSTEM='810',REQUEST_DURATION_OKHTTP='37',REQUEST_SYNCHRONOUS='FALSE',RESPONSE_CODE='200',RESPONSE_METHOD='GET',RESPONSE_LENGTH_OKHTTP='55024',RESPONSE_LENGTH_HEADER='55024',REQUEST_PROTOCOL='http/1.1',REQUEST_URL='https://project-travel-mate.herokuapp.com/api/get-city-information/1',
08-05 18:50:14.833  8341  8354 I art     : Explicit concurrent mark sweep GC freed 1227(131KB) AllocSpace objects, 4(352KB) LOS objects, 26% free, 43MB/59MB, paused 838us total 32.887ms
08-05 18:50:14.849  8341  8354 I art     : Starting a blocking GC Explicit
08-05 18:50:14.882  8341  8354 I art     : Explicit concurrent mark sweep GC freed 206(5KB) AllocSpace objects, 0(0B) LOS objects, 26% free, 43MB/59MB, paused 974us total 32.534ms
08-05 18:50:14.952 13866 13866 I GoogleInputMethodServic: GoogleInputMethodService.onFinishInput():3138 
08-05 18:50:14.952 13866 13866 I GoogleInputMethodServic: GoogleInputMethodService.onStartInput():1808 
08-05 18:50:15.245  8341  8353 I art     : Starting a blocking GC Explicit
08-05 18:50:15.289  8341  8353 I art     : Explicit concurrent mark sweep GC freed 4248(1317KB) AllocSpace objects, 19(4MB) LOS objects, 28% free, 39MB/55MB, paused 709us total 42.781ms
08-05 18:50:15.308  8341  8353 I art     : Starting a blocking GC Explicit
08-05 18:50:15.344  8341  8353 I art     : Explicit concurrent mark sweep GC freed 290(6KB) AllocSpace objects, 0(0B) LOS objects, 28% free, 39MB/55MB, paused 867us total 35.552ms
08-05 18:50:15.360  8341  8353 I art     : Starting a blocking GC Explicit
08-05 18:50:15.395  8341  8353 I art     : Explicit concurrent mark sweep GC freed 275(4KB) AllocSpace objects, 0(0B) LOS objects, 28% free, 39MB/55MB, paused 801us total 34.630ms
08-05 18:50:15.411  8341  8353 I art     : Starting a blocking GC Explicit
08-05 18:50:15.445  8341  8353 I art     : Explicit concurrent mark sweep GC freed 225(3KB) AllocSpace objects, 0(0B) LOS objects, 28% free, 39MB/55MB, paused 746us total 34.269ms
08-05 18:50:15.462  8341  8353 I art     : Starting a blocking GC Explicit
08-05 18:50:15.498  8341  8353 I art     : Explicit concurrent mark sweep GC freed 220(3KB) AllocSpace objects, 0(0B) LOS objects, 28% free, 39MB/55MB, paused 711us total 36.115ms
08-05 18:50:15.908  8341  8354 I art     : Starting a blocking GC Explicit
08-05 18:50:15.946  8341  8354 I art     : Explicit concurrent mark sweep GC freed 3398(116KB) AllocSpace objects, 2(40KB) LOS objects, 28% free, 39MB/55MB, paused 884us total 37.567ms
08-05 18:50:15.963  8341  8354 I art     : Starting a blocking GC Explicit
08-05 18:50:16.002  8341  8354 I art     : Explicit concurrent mark sweep GC freed 269(5KB) AllocSpace objects, 0(0B) LOS objects, 28% free, 39MB/55MB, paused 698us total 38.781ms
08-05 18:50:16.018  8341  8354 I art     : Starting a blocking GC Explicit
08-05 18:50:16.059  8341  8354 I art     : Explicit concurrent mark sweep GC freed 219(3KB) AllocSpace objects, 0(0B) LOS objects, 28% free, 39MB/55MB, paused 743us total 40.496ms
08-05 18:50:16.076  8341  8354 I art     : Starting a blocking GC Explicit
08-05 18:50:16.117  8341  8354 I art     : Explicit concurrent mark sweep GC freed 290(4KB) AllocSpace objects, 0(0B) LOS objects, 28% free, 39MB/55MB, paused 849us total 40.627ms
08-05 18:50:16.134  8341  8354 I art     : Starting a blocking GC Explicit
08-05 18:50:16.173  8341  8354 I art     : Explicit concurrent mark sweep GC freed 220(3KB) AllocSpace objects, 0(0B) LOS objects, 28% free, 39MB/55MB, paused 727us total 38.932ms
08-05 18:50:16.572  8341  8619 I art     : Starting a blocking GC Explicit
08-05 18:50:16.615  8341  8619 I art     : Explicit concurrent mark sweep GC freed 3370(114KB) AllocSpace objects, 2(40KB) LOS objects, 28% free, 39MB/55MB, paused 729us total 42.602ms
08-05 18:50:16.636  8341  8619 I art     : Starting a blocking GC Explicit
08-05 18:50:16.675  8341  8619 I art     : Explicit concurrent mark sweep GC freed 239(4KB) AllocSpace objects, 0(0B) LOS objects, 28% free, 39MB/55MB, paused 713us total 39.026ms
08-05 18:50:16.691  8341  8619 I art     : Starting a blocking GC Explicit
08-05 18:50:16.730  8341  8619 I art     : Explicit concurrent mark sweep GC freed 290(4KB) AllocSpace objects, 0(0B) LOS objects, 28% free, 39MB/55MB, paused 890us total 38.694ms
08-05 18:50:16.747  8341  8619 I art     : Starting a blocking GC Explicit
08-05 18:50:16.785  8341  8619 I art     : Explicit concurrent mark sweep GC freed 220(3KB) AllocSpace objects, 0(0B) LOS objects, 28% free, 39MB/55MB, paused 720us total 37.197ms
08-05 18:50:16.801  8341  8619 I art     : Starting a blocking GC Explicit
08-05 18:50:16.841  8341  8619 I art     : Explicit concurrent mark sweep GC freed 219(3KB) AllocSpace objects, 0(0B) LOS objects, 28% free, 39MB/55MB, paused 733us total 39.064ms
08-05 18:50:17.235  8341  8353 I art     : Starting a blocking GC Explicit
08-05 18:50:17.276  8341  8353 I art     : Explicit concurrent mark sweep GC freed 3300(113KB) AllocSpace objects, 2(40KB) LOS objects, 28% free, 39MB/55MB, paused 666us total 40.373ms
08-05 18:50:17.296  8341  8353 I art     : Starting a blocking GC Explicit
08-05 18:50:17.334  8341  8353 I art     : Explicit concurrent mark sweep GC freed 310(5KB) AllocSpace objects, 0(0B) LOS objects, 28% free, 39MB/55MB, paused 721us total 38.066ms
08-05 18:50:17.351  8341  8353 I art     : Starting a blocking GC Explicit
08-05 18:50:17.388  8341  8353 I art     : Explicit concurrent mark sweep GC freed 219(3KB) AllocSpace objects, 0(0B) LOS objects, 28% free, 39MB/55MB, paused 760us total 37.531ms
08-05 18:50:17.405  8341  8353 I art     : Starting a blocking GC Explicit
08-05 18:50:17.444  8341  8353 I art     : Explicit concurrent mark sweep GC freed 220(3KB) AllocSpace objects, 0(0B) LOS objects, 28% free, 39MB/55MB, paused 686us total 38.524ms
08-05 18:50:17.444  8341  8352 I art     : WaitForGcToComplete blocked for 25.971ms for cause HeapTrim
08-05 18:50:17.460  8341  8353 I art     : Starting a blocking GC Explicit
08-05 18:50:17.499  8341  8353 I art     : Explicit concurrent mark sweep GC freed 290(4KB) AllocSpace objects, 0(0B) LOS objects, 28% free, 39MB/55MB, paused 721us total 38.469ms
08-05 18:50:17.905  8341  8359 I art     : Starting a blocking GC Explicit
08-05 18:50:17.947  8341  8359 I art     : Explicit concurrent mark sweep GC freed 3309(113KB) AllocSpace objects, 2(40KB) LOS objects, 28% free, 39MB/55MB, paused 934us total 40.948ms
08-05 18:50:17.966  8341  8359 I art     : Starting a blocking GC Explicit
08-05 18:50:18.004  8341  8359 I art     : Explicit concurrent mark sweep GC freed 302(5KB) AllocSpace objects, 0(0B) LOS objects, 28% free, 39MB/55MB, paused 708us total 37.771ms
08-05 18:50:18.020  8341  8359 I art     : Starting a blocking GC Explicit
08-05 18:50:18.059  8341  8359 I art     : Explicit concurrent mark sweep GC freed 219(3KB) AllocSpace objects, 0(0B) LOS objects, 28% free, 39MB/55MB, paused 718us total 38.872ms
08-05 18:50:18.076  8341  8359 I art     : Starting a blocking GC Explicit
08-05 18:50:18.116  8341  8359 I art     : Explicit concurrent mark sweep GC freed 290(4KB) AllocSpace objects, 0(0B) LOS objects, 28% free, 39MB/55MB, paused 750us total 39.309ms
08-05 18:50:18.132  8341  8359 I art     : Starting a blocking GC Explicit
08-05 18:50:18.170  8341  8359 I art     : Explicit concurrent mark sweep GC freed 220(3KB) AllocSpace objects, 0(0B) LOS objects, 28% free, 39MB/55MB, paused 736us total 37.537ms
08-05 18:50:18.528  8341  8354 I art     : Starting a blocking GC Explicit
08-05 18:50:18.567  8341  8354 I art     : Explicit concurrent mark sweep GC freed 3114(110KB) AllocSpace objects, 2(40KB) LOS objects, 28% free, 39MB/55MB, paused 870us total 38.462ms
08-05 18:50:18.583  8341  8354 I art     : Starting a blocking GC Explicit
08-05 18:50:18.622  8341  8354 I art     : Explicit concurrent mark sweep GC freed 278(4KB) AllocSpace objects, 0(0B) LOS objects, 28% free, 39MB/55MB, paused 844us total 38.098ms
08-05 18:50:18.638  8341  8354 I art     : Starting a blocking GC Explicit
08-05 18:50:18.676  8341  8354 I art     : Explicit concurrent mark sweep GC freed 232(4KB) AllocSpace objects, 0(0B) LOS objects, 28% free, 39MB/55MB, paused 735us total 37.627ms
08-05 18:50:18.693  8341  8354 I art     : Starting a blocking GC Explicit
08-05 18:50:18.731  8341  8354 I art     : Explicit concurrent mark sweep GC freed 229(4KB) AllocSpace objects, 0(0B) LOS objects, 28% free, 39MB/55MB, paused 779us total 37.560ms
08-05 18:50:18.747  8341  8354 I art     : Starting a blocking GC Explicit
08-05 18:50:18.768  9181  9181 D AndroidRuntime: >>>>>> START com.android.internal.os.RuntimeInit uid 2000 <<<<<<
08-05 18:50:18.774  9181  9181 D AndroidRuntime: CheckJNI is OFF
08-05 18:50:18.785  8341  8354 I art     : Explicit concurrent mark sweep GC freed 289(4KB) AllocSpace objects, 0(0B) LOS objects, 28% free, 39MB/55MB, paused 785us total 37.349ms
08-05 18:50:18.819  9181  9181 D ICU     : No timezone override file found: /data/misc/zoneinfo/current/icu/icu_tzdata.dat
08-05 18:50:18.863  9181  9181 I Radio-JNI: register_android_hardware_Radio DONE
08-05 18:50:18.893  9181  9181 D AndroidRuntime: Calling main entry com.android.commands.input.Input
08-05 18:50:18.894  9181  9181 I Input   : injectKeyEvent: KeyEvent { action=ACTION_DOWN, keyCode=KEYCODE_BACK, scanCode=0, metaState=0, flags=0x0, repeatCount=0, eventTime=816635307, downTime=816635307, deviceId=-1, source=0x101 }
08-05 18:50:18.901  9181  9181 I Input   : injectKeyEvent: KeyEvent { action=ACTION_UP, keyCode=KEYCODE_BACK, scanCode=0, metaState=0, flags=0x0, repeatCount=0, eventTime=816635307, downTime=816635307, deviceId=-1, source=0x101 }
08-05 18:50:18.907  9181  9181 D AndroidRuntime: Shutting down VM
08-05 18:50:18.946 13866 13866 I GoogleInputMethodServic: GoogleInputMethodService.onFinishInput():3138 
08-05 18:50:18.947 13866 13866 I GoogleInputMethodServic: GoogleInputMethodService.onStartInput():1808 
08-05 18:50:19.138  8341  8619 I art     : Starting a blocking GC Explicit
08-05 18:50:19.181  8341  8619 I art     : Explicit concurrent mark sweep GC freed 3136(113KB) AllocSpace objects, 2(40KB) LOS objects, 28% free, 39MB/55MB, paused 786us total 42.722ms
08-05 18:50:19.203  8341  8619 I art     : Starting a blocking GC Explicit
08-05 18:50:19.246  8341  8619 I art     : Explicit concurrent mark sweep GC freed 293(5KB) AllocSpace objects, 0(0B) LOS objects, 28% free, 39MB/55MB, paused 683us total 42.728ms
08-05 18:50:19.263  8341  8619 I art     : Starting a blocking GC Explicit
08-05 18:50:19.263   380   380 W SurfaceFlinger: couldn't log to binary event log: overflow.
08-05 18:50:19.298  8341  8619 I art     : Explicit concurrent mark sweep GC freed 203(3KB) AllocSpace objects, 1(188KB) LOS objects, 28% free, 39MB/55MB, paused 882us total 35.493ms
08-05 18:50:19.314  8341  8619 I art     : Starting a blocking GC Explicit
08-05 18:50:19.348  8341  8619 I art     : Explicit concurrent mark sweep GC freed 4835(341KB) AllocSpace objects, 7(132KB) LOS objects, 29% free, 38MB/54MB, paused 845us total 33.380ms
08-05 18:50:19.364  8341  8619 I art     : Starting a blocking GC Explicit
08-05 18:50:19.399  8341  8619 I art     : Explicit concurrent mark sweep GC freed 177(2992B) AllocSpace objects, 0(0B) LOS objects, 29% free, 38MB/54MB, paused 771us total 34.697ms
08-05 18:50:19.775  8341  8353 I art     : Starting a blocking GC Explicit
08-05 18:50:19.813  8341  8353 I art     : Explicit concurrent mark sweep GC freed 2580(101KB) AllocSpace objects, 2(40KB) LOS objects, 29% free, 38MB/54MB, paused 691us total 36.506ms
08-05 18:50:19.830  8341  8353 I art     : Starting a blocking GC Explicit
08-05 18:50:19.865  8341  8353 I art     : Explicit concurrent mark sweep GC freed 191(3KB) AllocSpace objects, 0(0B) LOS objects, 29% free, 38MB/54MB, paused 879us total 34.207ms
08-05 18:50:19.881  8341  8353 I art     : Starting a blocking GC Explicit
08-05 18:50:19.915  8341  8353 I art     : Explicit concurrent mark sweep GC freed 144(2448B) AllocSpace objects, 0(0B) LOS objects, 29% free, 38MB/54MB, paused 767us total 33.637ms
08-05 18:50:19.931  8341  8353 I art     : Starting a blocking GC Explicit
08-05 18:50:19.966  8341  8353 I art     : Explicit concurrent mark sweep GC freed 172(2912B) AllocSpace objects, 0(0B) LOS objects, 29% free, 38MB/54MB, paused 727us total 34.956ms
08-05 18:50:19.983  8341  8353 I art     : Starting a blocking GC Explicit
08-05 18:50:20.017  8341  8353 I art     : Explicit concurrent mark sweep GC freed 148(2528B) AllocSpace objects, 0(0B) LOS objects, 29% free, 38MB/54MB, paused 777us total 33.860ms
08-05 18:50:20.361  8341  8354 I art     : Starting a blocking GC Explicit
08-05 18:50:20.398  8341  8354 I art     : Explicit concurrent mark sweep GC freed 2483(100KB) AllocSpace objects, 2(40KB) LOS objects, 29% free, 38MB/54MB, paused 712us total 35.538ms
08-05 18:50:20.415  8341  8354 I art     : Starting a blocking GC Explicit
08-05 18:50:20.448  8341  8354 I art     : Explicit concurrent mark sweep GC freed 166(3KB) AllocSpace objects, 0(0B) LOS objects, 29% free, 38MB/54MB, paused 903us total 32.653ms
08-05 18:50:20.463  8341  8354 I art     : Starting a blocking GC Explicit
08-05 18:50:20.498  8341  8354 I art     : Explicit concurrent mark sweep GC freed 146(2464B) AllocSpace objects, 0(0B) LOS objects, 29% free, 38MB/54MB, paused 751us total 34.263ms
08-05 18:50:20.514  8341  8354 I art     : Starting a blocking GC Explicit
08-05 18:50:20.548  8341  8354 I art     : Explicit concurrent mark sweep GC freed 148(2528B) AllocSpace objects, 0(0B) LOS objects, 29% free, 38MB/54MB, paused 785us total 33.782ms
08-05 18:50:20.564  8341  8354 I art     : Starting a blocking GC Explicit
08-05 18:50:20.597  8341  8354 I art     : Explicit concurrent mark sweep GC freed 147(2496B) AllocSpace objects, 0(0B) LOS objects, 29% free, 38MB/54MB, paused 757us total 33.414ms
08-05 18:50:20.705  9224  9224 D AndroidRuntime: >>>>>> START com.android.internal.os.RuntimeInit uid 2000 <<<<<<
08-05 18:50:20.711  9224  9224 D AndroidRuntime: CheckJNI is OFF
08-05 18:50:20.754  9224  9224 D ICU     : No timezone override file found: /data/misc/zoneinfo/current/icu/icu_tzdata.dat
08-05 18:50:20.797  9224  9224 I Radio-JNI: register_android_hardware_Radio DONE
08-05 18:50:20.826  9224  9224 D AndroidRuntime: Calling main entry com.android.commands.input.Input
08-05 18:50:20.828  9224  9224 I Input   : injectKeyEvent: KeyEvent { action=ACTION_DOWN, keyCode=KEYCODE_BACK, scanCode=0, metaState=0, flags=0x0, repeatCount=0, eventTime=816637241, downTime=816637241, deviceId=-1, source=0x101 }
08-05 18:50:20.838  9224  9224 I Input   : injectKeyEvent: KeyEvent { action=ACTION_UP, keyCode=KEYCODE_BACK, scanCode=0, metaState=0, flags=0x0, repeatCount=0, eventTime=816637241, downTime=816637241, deviceId=-1, source=0x101 }
08-05 18:50:20.845  9224  9224 D AndroidRuntime: Shutting down VM
08-05 18:50:20.866  8341  8341 V MainActivity: url = https://project-travel-mate.herokuapp.com/api/number-of-unread-notifications
08-05 18:50:20.897 13866 13866 I GoogleInputMethodServic: GoogleInputMethodService.onFinishInput():3138 
08-05 18:50:20.899 13866 13866 I GoogleInputMethodServic: GoogleInputMethodService.onStartInput():1808 
08-05 18:50:20.991  8341  8619 I art     : Starting a blocking GC Explicit
08-05 18:50:21.027  8341  8619 I art     : Explicit concurrent mark sweep GC freed 3180(127KB) AllocSpace objects, 2(40KB) LOS objects, 29% free, 38MB/54MB, paused 739us total 35.684ms
08-05 18:50:21.042  8341  8619 I art     : Starting a blocking GC Explicit
08-05 18:50:21.076  8341  8619 I art     : Explicit concurrent mark sweep GC freed 248(6KB) AllocSpace objects, 0(0B) LOS objects, 29% free, 38MB/54MB, paused 722us total 32.981ms
08-05 18:50:21.091  8341  8619 I art     : Starting a blocking GC Explicit
08-05 18:50:21.125  8341  8619 I art     : Explicit concurrent mark sweep GC freed 154(2800B) AllocSpace objects, 0(0B) LOS objects, 29% free, 38MB/54MB, paused 706us total 33.303ms
08-05 18:50:21.141  8341  8619 I art     : Starting a blocking GC Explicit
08-05 18:50:21.174  8341  8619 I art     : Explicit concurrent mark sweep GC freed 149(2592B) AllocSpace objects, 0(0B) LOS objects, 29% free, 38MB/54MB, paused 686us total 33.158ms
08-05 18:50:21.190  8341  8619 I art     : Starting a blocking GC Explicit
08-05 18:50:21.220  8341  8619 I art     : Explicit concurrent mark sweep GC freed 156(2784B) AllocSpace objects, 0(0B) LOS objects, 29% free, 38MB/54MB, paused 718us total 30.168ms
08-05 18:50:21.587  8341  8354 I art     : Starting a blocking GC Explicit
08-05 18:50:21.625  8341  8354 I art     : Explicit concurrent mark sweep GC freed 2026(93KB) AllocSpace objects, 2(40KB) LOS objects, 29% free, 38MB/54MB, paused 809us total 37.153ms
08-05 18:50:21.641  8341  8354 I art     : Starting a blocking GC Explicit
08-05 18:50:21.677  8341  8354 I art     : Explicit concurrent mark sweep GC freed 241(9KB) AllocSpace objects, 0(0B) LOS objects, 29% free, 38MB/54MB, paused 870us total 35.981ms
08-05 18:50:21.694  8341  8354 I art     : Starting a blocking GC Explicit
08-05 18:50:21.732  8341  8354 I art     : Explicit concurrent mark sweep GC freed 2585(130KB) AllocSpace objects, 3(200KB) LOS objects, 29% free, 39MB/55MB, paused 991us total 37.885ms
08-05 18:50:21.748  8341  8354 I art     : Starting a blocking GC Explicit
08-05 18:50:21.768  8341  9257 I NAPPA_EXPERIMENTATION: MetricNetworkRequestExecutionTime: REQUEST_DURATION_SYSTEM='901',REQUEST_DURATION_OKHTTP='34',REQUEST_SYNCHRONOUS='FALSE',RESPONSE_CODE='200',RESPONSE_METHOD='GET',RESPONSE_LENGTH_OKHTTP='36',RESPONSE_LENGTH_HEADER='36',REQUEST_PROTOCOL='http/1.1',REQUEST_URL='https://project-travel-mate.herokuapp.com/api/number-of-unread-notifications',
08-05 18:50:21.785  8341  8354 I art     : Explicit concurrent mark sweep GC freed 1188(130KB) AllocSpace objects, 0(0B) LOS objects, 29% free, 39MB/55MB, paused 813us total 36.354ms
08-05 18:50:21.802  8341  8354 I art     : Starting a blocking GC Explicit
08-05 18:50:21.839  8341  8354 I art     : Explicit concurrent mark sweep GC freed 127(3KB) AllocSpace objects, 0(0B) LOS objects, 29% free, 39MB/55MB, paused 797us total 36.881ms
08-05 18:50:22.204  8341  8359 I art     : Starting a blocking GC Explicit
08-05 18:50:22.240  8341  8359 I art     : Explicit concurrent mark sweep GC freed 2087(96KB) AllocSpace objects, 2(40KB) LOS objects, 29% free, 39MB/55MB, paused 782us total 34.824ms
08-05 18:50:22.256  8341  8359 I art     : Starting a blocking GC Explicit
08-05 18:50:22.290  8341  8359 I art     : Explicit concurrent mark sweep GC freed 94(1984B) AllocSpace objects, 0(0B) LOS objects, 29% free, 39MB/55MB, paused 766us total 34.273ms
08-05 18:50:22.306  8341  8359 I art     : Starting a blocking GC Explicit
08-05 18:50:22.341  8341  8359 I art     : Explicit concurrent mark sweep GC freed 75(1296B) AllocSpace objects, 0(0B) LOS objects, 29% free, 39MB/55MB, paused 786us total 34.675ms
08-05 18:50:22.357  8341  8359 I art     : Starting a blocking GC Explicit
08-05 18:50:22.392  8341  8359 I art     : Explicit concurrent mark sweep GC freed 75(1296B) AllocSpace objects, 0(0B) LOS objects, 29% free, 39MB/55MB, paused 787us total 34.500ms
08-05 18:50:22.408  8341  8359 I art     : Starting a blocking GC Explicit
08-05 18:50:22.443  8341  8359 I art     : Explicit concurrent mark sweep GC freed 75(1296B) AllocSpace objects, 0(0B) LOS objects, 29% free, 39MB/55MB, paused 731us total 34.635ms
08-05 18:50:22.607  9280  9280 D AndroidRuntime: >>>>>> START com.android.internal.os.RuntimeInit uid 2000 <<<<<<
08-05 18:50:22.613  9280  9280 D AndroidRuntime: CheckJNI is OFF
08-05 18:50:22.652  9280  9280 D ICU     : No timezone override file found: /data/misc/zoneinfo/current/icu/icu_tzdata.dat
08-05 18:50:22.694  9280  9280 I Radio-JNI: register_android_hardware_Radio DONE
08-05 18:50:22.722  9280  9280 D AndroidRuntime: Calling main entry com.android.commands.input.Input
08-05 18:50:22.724  9280  9280 I Input   : injectMotionEvent: MotionEvent { action=ACTION_DOWN, actionButton=0, id[0]=0, x[0]=346.0, y[0]=709.0, toolType[0]=TOOL_TYPE_UNKNOWN, buttonState=0, metaState=0, flags=0x0, edgeFlags=0x0, pointerCount=1, historySize=0, eventTime=816639136, downTime=816639136, deviceId=0, source=0x1002 }
08-05 18:50:22.728  9280  9280 I Input   : injectMotionEvent: MotionEvent { action=ACTION_UP, actionButton=0, id[0]=0, x[0]=346.0, y[0]=709.0, toolType[0]=TOOL_TYPE_UNKNOWN, buttonState=0, metaState=0, flags=0x0, edgeFlags=0x0, pointerCount=1, historySize=0, eventTime=816639136, downTime=816639136, deviceId=0, source=0x1002 }
08-05 18:50:22.737   918  6029 I ActivityManager: START u0 {cmp=baseline.io.github.project_travel_mate/.destinations.description.FinalCityInfoActivity (has extras)} from uid 10674 on display 0
08-05 18:50:22.744  9280  9280 D AndroidRuntime: Shutting down VM
08-05 18:50:22.772  8341  8415 D Gabe    : call	returning from cache
08-05 18:50:22.799  8341  8341 V EXECUTING: https://project-travel-mate.herokuapp.com/api/get-city-weather/1
08-05 18:50:22.834  8341  8359 I art     : Starting a blocking GC Explicit
08-05 18:50:22.876  8341  8359 I art     : Explicit concurrent mark sweep GC freed 6983(438KB) AllocSpace objects, 2(40KB) LOS objects, 26% free, 43MB/59MB, paused 1.295ms total 41.073ms
08-05 18:50:22.893  8341  8359 I art     : Starting a blocking GC Explicit
08-05 18:50:22.930  8341  8359 I art     : Explicit concurrent mark sweep GC freed 486(22KB) AllocSpace objects, 0(0B) LOS objects, 26% free, 43MB/59MB, paused 1.227ms total 36.877ms
08-05 18:50:22.948  8341  8359 I art     : Starting a blocking GC Explicit
08-05 18:50:22.957   918   936 I ActivityManager: Displayed baseline.io.github.project_travel_mate/.destinations.description.FinalCityInfoActivity: +210ms
08-05 18:50:22.957 13866 13866 I GoogleInputMethodServic: GoogleInputMethodService.onFinishInput():3138 
08-05 18:50:22.958 13866 13866 I GoogleInputMethodServic: GoogleInputMethodService.onStartInput():1808 
08-05 18:50:22.984  8341  8359 I art     : Explicit concurrent mark sweep GC freed 145(3KB) AllocSpace objects, 0(0B) LOS objects, 26% free, 43MB/59MB, paused 1.323ms total 35.468ms
08-05 18:50:23.001  8341  8359 I art     : Starting a blocking GC Explicit
08-05 18:50:23.040  8341  8359 I art     : Explicit concurrent mark sweep GC freed 22(432B) AllocSpace objects, 0(0B) LOS objects, 26% free, 43MB/59MB, paused 1.014ms total 38.866ms
08-05 18:50:23.057  8341  8359 I art     : Starting a blocking GC Explicit
08-05 18:50:23.095  8341  8359 I art     : Explicit concurrent mark sweep GC freed 105(1792B) AllocSpace objects, 0(0B) LOS objects, 26% free, 43MB/59MB, paused 1.027ms total 37.479ms
08-05 18:50:23.217   380   380 W SurfaceFlinger: couldn't log to binary event log: overflow.
08-05 18:50:23.428  8341  9305 I NAPPA_EXPERIMENTATION: MetricNetworkRequestExecutionTime: REQUEST_DURATION_SYSTEM='629',REQUEST_DURATION_OKHTTP='55',REQUEST_SYNCHRONOUS='FALSE',RESPONSE_CODE='200',RESPONSE_METHOD='GET',RESPONSE_LENGTH_OKHTTP='238',RESPONSE_LENGTH_HEADER='238',REQUEST_PROTOCOL='http/1.1',REQUEST_URL='https://project-travel-mate.herokuapp.com/api/get-city-weather/1',
08-05 18:50:23.439  8341  9306 I NAPPA_EXPERIMENTATION: MetricNetworkRequestExecutionTime: REQUEST_DURATION_SYSTEM='639',REQUEST_DURATION_OKHTTP='67',REQUEST_SYNCHRONOUS='FALSE',RESPONSE_CODE='200',RESPONSE_METHOD='GET',RESPONSE_LENGTH_OKHTTP='530',RESPONSE_LENGTH_HEADER='530',REQUEST_PROTOCOL='http/1.1',REQUEST_URL='https://project-travel-mate.herokuapp.com/api/get-city/1',
08-05 18:50:23.462  8341  8354 I art     : Starting a blocking GC Explicit
08-05 18:50:23.478  8341  9306 V Response: {"id":1,"city_name":"Delhi","description":"Delhi, officially the National Capital Territory of Delhi, is the Capital territory of India. During the British Raj, Delhi was part of the province of Punjab and is still historically and culturally connected to the Punjab region.","latitude":"28.613900","longitude":"77.209000","facts_count":6,"images":["https://upload.wikimedia.org/wikipedia/commons/9/94/%E0%B4%96%E0%B5%81%E0%B4%A4%E0%B5%8D%E0%B4%AC%E0%B5%8D_%E0%B4%AE%E0%B4%BF%E0%B4%A8%E0%B4%BE%E0%B5%BC1.jpg"],"has_visited":false}
08-05 18:50:23.500  8341  8354 I art     : Explicit concurrent mark sweep GC freed 7212(340KB) AllocSpace objects, 5(240KB) LOS objects, 26% free, 43MB/59MB, paused 1.089ms total 37.491ms
08-05 18:50:23.517  8341  8354 I art     : Starting a blocking GC Explicit
08-05 18:50:23.553  8341  8354 I art     : Explicit concurrent mark sweep GC freed 1252(126KB) AllocSpace objects, 0(0B) LOS objects, 26% free, 43MB/59MB, paused 1.107ms total 35.960ms
08-05 18:50:23.570  8341  8354 I art     : Starting a blocking GC Explicit
08-05 18:50:23.606  8341  8354 I art     : Explicit concurrent mark sweep GC freed 1575(90KB) AllocSpace objects, 0(0B) LOS objects, 26% free, 44MB/60MB, paused 1.283ms total 35.932ms
08-05 18:50:23.622  8341  8354 I art     : Starting a blocking GC Explicit
08-05 18:50:23.658  8341  8354 I art     : Explicit concurrent mark sweep GC freed 249(5KB) AllocSpace objects, 1(4MB) LOS objects, 28% free, 39MB/55MB, paused 806us total 35.149ms
08-05 18:50:23.674  8341  8354 I art     : Starting a blocking GC Explicit
08-05 18:50:23.711  8341  8354 I art     : Explicit concurrent mark sweep GC freed 161(3KB) AllocSpace objects, 0(0B) LOS objects, 28% free, 39MB/55MB, paused 830us total 37.159ms
08-05 18:50:24.081  8341  8353 I art     : Starting a blocking GC Explicit
08-05 18:50:24.124  8341  8353 I art     : Explicit concurrent mark sweep GC freed 2649(103KB) AllocSpace objects, 2(40KB) LOS objects, 28% free, 39MB/55MB, paused 987us total 42.490ms
08-05 18:50:24.142  8341  8353 I art     : Starting a blocking GC Explicit
08-05 18:50:24.178  8341  8353 I art     : Explicit concurrent mark sweep GC freed 177(3KB) AllocSpace objects, 0(0B) LOS objects, 28% free, 39MB/55MB, paused 814us total 34.857ms
08-05 18:50:24.193  8341  8353 I art     : Starting a blocking GC Explicit
08-05 18:50:24.231  8341  8353 I art     : Explicit concurrent mark sweep GC freed 147(2496B) AllocSpace objects, 0(0B) LOS objects, 28% free, 39MB/55MB, paused 817us total 37.364ms
08-05 18:50:24.248  8341  8353 I art     : Starting a blocking GC Explicit
08-05 18:50:24.287  8341  8353 I art     : Explicit concurrent mark sweep GC freed 183(3KB) AllocSpace objects, 0(0B) LOS objects, 28% free, 39MB/55MB, paused 1.053ms total 39.046ms
08-05 18:50:24.303  8341  8353 I art     : Starting a blocking GC Explicit
08-05 18:50:24.342  8341  8353 I art     : Explicit concurrent mark sweep GC freed 159(2704B) AllocSpace objects, 0(0B) LOS objects, 28% free, 39MB/55MB, paused 828us total 38.378ms
08-05 18:50:24.730  8341  8619 I art     : Starting a blocking GC Explicit
08-05 18:50:24.775  8341  8619 I art     : Explicit concurrent mark sweep GC freed 2687(104KB) AllocSpace objects, 2(40KB) LOS objects, 28% free, 39MB/55MB, paused 828us total 43.922ms
08-05 18:50:24.794  8341  8619 I art     : Starting a blocking GC Explicit
08-05 18:50:24.837  8341  8619 I art     : Explicit concurrent mark sweep GC freed 192(3KB) AllocSpace objects, 0(0B) LOS objects, 28% free, 39MB/55MB, paused 1.127ms total 42.998ms
08-05 18:50:24.854  8341  8619 I art     : Starting a blocking GC Explicit
08-05 18:50:24.897  8341  8619 I art     : Explicit concurrent mark sweep GC freed 179(3040B) AllocSpace objects, 0(0B) LOS objects, 28% free, 39MB/55MB, paused 913us total 42.945ms
08-05 18:50:24.914  8341  8619 I art     : Starting a blocking GC Explicit
08-05 18:50:24.958  8341  8619 I art     : Explicit concurrent mark sweep GC freed 195(3KB) AllocSpace objects, 0(0B) LOS objects, 28% free, 39MB/55MB, paused 811us total 43.454ms
08-05 18:50:24.975  8341  8619 I art     : Starting a blocking GC Explicit
08-05 18:50:25.019  8341  8619 I art     : Explicit concurrent mark sweep GC freed 147(2496B) AllocSpace objects, 0(0B) LOS objects, 28% free, 39MB/55MB, paused 825us total 43.599ms
08-05 18:50:25.449  8341  8354 I art     : Starting a blocking GC Explicit
08-05 18:50:25.494  8341  8354 I art     : Explicit concurrent mark sweep GC freed 2819(105KB) AllocSpace objects, 2(40KB) LOS objects, 28% free, 39MB/55MB, paused 877us total 44.244ms
08-05 18:50:25.513  8341  8354 I art     : Starting a blocking GC Explicit
08-05 18:50:25.552  8341  8354 I art     : Explicit concurrent mark sweep GC freed 166(3KB) AllocSpace objects, 0(0B) LOS objects, 28% free, 39MB/55MB, paused 800us total 39.554ms
08-05 18:50:25.569  8341  8354 I art     : Starting a blocking GC Explicit
08-05 18:50:25.612  8341  8354 I art     : Explicit concurrent mark sweep GC freed 194(3KB) AllocSpace objects, 0(0B) LOS objects, 28% free, 39MB/55MB, paused 839us total 42.591ms
08-05 18:50:25.629  8341  8354 I art     : Starting a blocking GC Explicit
08-05 18:50:25.669  8341  8354 I art     : Explicit concurrent mark sweep GC freed 148(2528B) AllocSpace objects, 0(0B) LOS objects, 28% free, 39MB/55MB, paused 814us total 39.157ms
08-05 18:50:25.685  8341  8354 I art     : Starting a blocking GC Explicit
08-05 18:50:25.728  8341  8354 I art     : Explicit concurrent mark sweep GC freed 194(3KB) AllocSpace objects, 0(0B) LOS objects, 28% free, 39MB/55MB, paused 884us total 42.789ms
08-05 18:50:26.132  8341  8359 I art     : Starting a blocking GC Explicit
08-05 18:50:26.175  8341  8359 I art     : Explicit concurrent mark sweep GC freed 2724(104KB) AllocSpace objects, 2(40KB) LOS objects, 28% free, 39MB/55MB, paused 848us total 43.038ms
08-05 18:50:26.194  8341  8359 I art     : Starting a blocking GC Explicit
08-05 18:50:26.237  8341  8359 I art     : Explicit concurrent mark sweep GC freed 167(3KB) AllocSpace objects, 0(0B) LOS objects, 28% free, 39MB/55MB, paused 850us total 42.070ms
08-05 18:50:26.254  8341  8359 I art     : Starting a blocking GC Explicit
08-05 18:50:26.293  8341  8359 I art     : Explicit concurrent mark sweep GC freed 194(3KB) AllocSpace objects, 0(0B) LOS objects, 28% free, 39MB/55MB, paused 869us total 39.106ms
08-05 18:50:26.310  8341  8359 I art     : Starting a blocking GC Explicit
08-05 18:50:26.351  8341  8359 I art     : Explicit concurrent mark sweep GC freed 148(2528B) AllocSpace objects, 0(0B) LOS objects, 28% free, 39MB/55MB, paused 833us total 40.768ms
08-05 18:50:26.368  8341  8359 I art     : Starting a blocking GC Explicit
08-05 18:50:26.406  8341  8359 I art     : Explicit concurrent mark sweep GC freed 194(3KB) AllocSpace objects, 0(0B) LOS objects, 28% free, 39MB/55MB, paused 935us total 38.620ms
08-05 18:50:26.767  8341  8353 I art     : Starting a blocking GC Explicit
08-05 18:50:26.810  8341  8353 I art     : Explicit concurrent mark sweep GC freed 2581(101KB) AllocSpace objects, 2(40KB) LOS objects, 28% free, 39MB/55MB, paused 926us total 41.720ms
08-05 18:50:26.828  8341  8353 I art     : Starting a blocking GC Explicit
08-05 18:50:26.866  8341  8353 I art     : Explicit concurrent mark sweep GC freed 166(3KB) AllocSpace objects, 0(0B) LOS objects, 28% free, 39MB/55MB, paused 813us total 37.452ms
08-05 18:50:26.882  8341  8353 I art     : Starting a blocking GC Explicit
08-05 18:50:26.920  8341  8353 I art     : Explicit concurrent mark sweep GC freed 147(2496B) AllocSpace objects, 0(0B) LOS objects, 28% free, 39MB/55MB, paused 808us total 37.713ms
08-05 18:50:26.936  8341  8353 I art     : Starting a blocking GC Explicit
08-05 18:50:26.975  8341  8353 I art     : Explicit concurrent mark sweep GC freed 193(3KB) AllocSpace objects, 0(0B) LOS objects, 28% free, 39MB/55MB, paused 813us total 38.059ms
08-05 18:50:26.992  8341  8353 I art     : Starting a blocking GC Explicit
08-05 18:50:27.029  8341  8353 I art     : Explicit concurrent mark sweep GC freed 149(2560B) AllocSpace objects, 0(0B) LOS objects, 28% free, 39MB/55MB, paused 860us total 37.367ms
08-05 18:50:27.380  8341  8354 I art     : Starting a blocking GC Explicit
08-05 18:50:27.423  8341  8354 I art     : Explicit concurrent mark sweep GC freed 2554(102KB) AllocSpace objects, 2(40KB) LOS objects, 28% free, 39MB/55MB, paused 884us total 42.466ms
08-05 18:50:27.442  8341  8354 I art     : Starting a blocking GC Explicit
08-05 18:50:27.481  8341  8354 I art     : Explicit concurrent mark sweep GC freed 222(4KB) AllocSpace objects, 0(0B) LOS objects, 28% free, 39MB/55MB, paused 877us total 38.099ms
08-05 18:50:27.497  8341  8354 I art     : Starting a blocking GC Explicit
08-05 18:50:27.503  9373  9373 D AndroidRuntime: >>>>>> START com.android.internal.os.RuntimeInit uid 2000 <<<<<<
08-05 18:50:27.508  9373  9373 D AndroidRuntime: CheckJNI is OFF
08-05 18:50:27.536  8341  8354 I art     : Explicit concurrent mark sweep GC freed 149(2560B) AllocSpace objects, 0(0B) LOS objects, 28% free, 39MB/55MB, paused 843us total 38.662ms
08-05 18:50:27.552  8341  8354 I art     : Starting a blocking GC Explicit
08-05 18:50:27.555  9373  9373 D ICU     : No timezone override file found: /data/misc/zoneinfo/current/icu/icu_tzdata.dat
08-05 18:50:27.592  8341  8354 I art     : Explicit concurrent mark sweep GC freed 163(2752B) AllocSpace objects, 0(0B) LOS objects, 28% free, 39MB/55MB, paused 1.028ms total 39.673ms
08-05 18:50:27.602  9373  9373 I Radio-JNI: register_android_hardware_Radio DONE
08-05 18:50:27.608  8341  8354 I art     : Starting a blocking GC Explicit
08-05 18:50:27.632  9373  9373 D AndroidRuntime: Calling main entry com.android.commands.input.Input
08-05 18:50:27.634  9373  9373 I Input   : injectMotionEvent: MotionEvent { action=ACTION_DOWN, actionButton=0, id[0]=0, x[0]=693.0, y[0]=1450.0, toolType[0]=TOOL_TYPE_UNKNOWN, buttonState=0, metaState=0, flags=0x0, edgeFlags=0x0, pointerCount=1, historySize=0, eventTime=816644046, downTime=816644046, deviceId=0, source=0x1002 }
08-05 18:50:27.640  9373  9373 I Input   : injectMotionEvent: MotionEvent { action=ACTION_UP, actionButton=0, id[0]=0, x[0]=693.0, y[0]=1450.0, toolType[0]=TOOL_TYPE_UNKNOWN, buttonState=0, metaState=0, flags=0x0, edgeFlags=0x0, pointerCount=1, historySize=0, eventTime=816644046, downTime=816644046, deviceId=0, source=0x1002 }
08-05 18:50:27.643  9373  9373 D AndroidRuntime: Shutting down VM
08-05 18:50:27.643   918  4413 I ActivityManager: START u0 {cmp=baseline.io.github.project_travel_mate/.destinations.description.CityHistoryActivity} from uid 10674 on display 0
08-05 18:50:27.646   512  2967 D audio_hw_primary: out_set_parameters: enter: usecase(1: low-latency-playback) kvpairs: routing=2
08-05 18:50:27.648  8341  8354 I art     : Explicit concurrent mark sweep GC freed 192(3KB) AllocSpace objects, 0(0B) LOS objects, 28% free, 39MB/55MB, paused 977us total 38.831ms
08-05 18:50:27.659   512  2967 D audio_hw_primary: select_devices: out_snd_device(2: speaker) in_snd_device(0: none)
08-05 18:50:27.659   512  2967 D msm8974_platform: platform_send_audio_calibration: sending audio calibration for snd_device(2) acdb_id(15)
08-05 18:50:27.659   512  2967 I soundtrigger: audio_extn_sound_trigger_update_device_status: device 0x2 of type 0 for Event 1
08-05 18:50:27.670   512  2967 D audio_hw_primary: enable_snd_device: snd_device(2: speaker)
08-05 18:50:27.674   512  2967 D audio_hw_primary: enable_audio_route: apply and update mixer path: low-latency-playback speaker
08-05 18:50:27.678  8341  8415 D Gabe    : call	returning from cache
08-05 18:50:27.679  8341  8341 V EXECUTING: https://project-travel-mate.herokuapp.com/api/get-city-information/1
08-05 18:50:27.829   918   936 I ActivityManager: Displayed baseline.io.github.project_travel_mate/.destinations.description.CityHistoryActivity: +176ms
08-05 18:50:27.830 13866 13866 I GoogleInputMethodServic: GoogleInputMethodService.onFinishInput():3138 
08-05 18:50:27.830 13866 13866 I GoogleInputMethodServic: GoogleInputMethodService.onStartInput():1808 
08-05 18:50:28.000  8341  8359 I art     : Starting a blocking GC Explicit
08-05 18:50:28.036  8341  8359 I art     : Explicit concurrent mark sweep GC freed 3146(156KB) AllocSpace objects, 2(40KB) LOS objects, 26% free, 44MB/60MB, paused 819us total 36.164ms
08-05 18:50:28.052  8341  8359 I art     : Starting a blocking GC Explicit
08-05 18:50:28.072   380   380 W SurfaceFlinger: couldn't log to binary event log: overflow.
08-05 18:50:28.095  8341  8359 I art     : Explicit concurrent mark sweep GC freed 508(14KB) AllocSpace objects, 0(0B) LOS objects, 26% free, 44MB/60MB, paused 832us total 42.625ms
08-05 18:50:28.111  8341  8359 I art     : Starting a blocking GC Explicit
08-05 18:50:28.149  8341  8359 I art     : Explicit concurrent mark sweep GC freed 219(3KB) AllocSpace objects, 0(0B) LOS objects, 26% free, 44MB/60MB, paused 846us total 36.853ms
08-05 18:50:28.165  8341  8359 I art     : Starting a blocking GC Explicit
08-05 18:50:28.204  8341  8359 I art     : Explicit concurrent mark sweep GC freed 219(3KB) AllocSpace objects, 0(0B) LOS objects, 26% free, 44MB/60MB, paused 905us total 38.090ms
08-05 18:50:28.209   512  2967 D audio_hw_primary: disable_audio_route: reset and update mixer path: low-latency-playback speaker
08-05 18:50:28.210   512  2967 D audio_hw_primary: disable_snd_device: snd_device(2: speaker)
08-05 18:50:28.219   512  2967 I soundtrigger: audio_extn_sound_trigger_update_device_status: device 0x2 of type 0 for Event 0
08-05 18:50:28.222  8341  8359 I art     : Starting a blocking GC Explicit
08-05 18:50:28.261  8341  8359 I art     : Explicit concurrent mark sweep GC freed 127(2128B) AllocSpace objects, 0(0B) LOS objects, 26% free, 44MB/60MB, paused 1.028ms total 38.168ms
08-05 18:50:28.613  8341  8354 I art     : Starting a blocking GC Explicit
08-05 18:50:28.628  8341  9397 I NAPPA_EXPERIMENTATION: MetricNetworkRequestExecutionTime: REQUEST_DURATION_SYSTEM='948',REQUEST_DURATION_OKHTTP='36',REQUEST_SYNCHRONOUS='FALSE',RESPONSE_CODE='200',RESPONSE_METHOD='GET',RESPONSE_LENGTH_OKHTTP='55024',RESPONSE_LENGTH_HEADER='55024',REQUEST_PROTOCOL='http/1.1',REQUEST_URL='https://project-travel-mate.herokuapp.com/api/get-city-information/1',
08-05 18:50:28.652  8341  8354 I art     : Explicit concurrent mark sweep GC freed 4942(240KB) AllocSpace objects, 5(240KB) LOS objects, 26% free, 44MB/60MB, paused 1.075ms total 37.862ms
08-05 18:50:28.668  8341  8354 I art     : Starting a blocking GC Explicit
08-05 18:50:28.706  8341  8354 I art     : Explicit concurrent mark sweep GC freed 1103(122KB) AllocSpace objects, 3(272KB) LOS objects, 26% free, 44MB/60MB, paused 1.027ms total 37.015ms
08-05 18:50:28.722  8341  8354 I art     : Starting a blocking GC Explicit
08-05 18:50:28.759  8341  8354 I art     : Explicit concurrent mark sweep GC freed 132(2208B) AllocSpace objects, 0(0B) LOS objects, 26% free, 44MB/60MB, paused 1.039ms total 36.894ms
08-05 18:50:28.775  8341  8354 I art     : Starting a blocking GC Explicit
08-05 18:50:28.813  8341  8354 I art     : Explicit concurrent mark sweep GC freed 1108(1147KB) AllocSpace objects, 16(408KB) LOS objects, 26% free, 44MB/60MB, paused 1.141ms total 37.582ms
08-05 18:50:28.823 13866 13866 I GoogleInputMethodServic: GoogleInputMethodService.onFinishInput():3138 
08-05 18:50:28.824 13866 13866 I GoogleInputMethodServic: GoogleInputMethodService.onStartInput():1808 
08-05 18:50:28.829  8341  8354 I art     : Starting a blocking GC Explicit
08-05 18:50:28.868  8341  8354 I art     : Explicit concurrent mark sweep GC freed 432(66KB) AllocSpace objects, 1(4MB) LOS objects, 28% free, 40MB/56MB, paused 803us total 38.652ms
08-05 18:50:29.239  8341  8359 I art     : Starting a blocking GC Explicit
08-05 18:50:29.287  8341  8359 I art     : Explicit concurrent mark sweep GC freed 3264(114KB) AllocSpace objects, 2(40KB) LOS objects, 28% free, 40MB/56MB, paused 915us total 47.591ms
08-05 18:50:29.307  8341  8359 I art     : Starting a blocking GC Explicit
08-05 18:50:29.350  8341  8359 I art     : Explicit concurrent mark sweep GC freed 317(5KB) AllocSpace objects, 0(0B) LOS objects, 28% free, 40MB/56MB, paused 828us total 42.381ms
08-05 18:50:29.368  8341  8359 I art     : Starting a blocking GC Explicit
08-05 18:50:29.410  8341  8359 I art     : Explicit concurrent mark sweep GC freed 261(4KB) AllocSpace objects, 0(0B) LOS objects, 28% free, 40MB/56MB, paused 1.022ms total 42.070ms
08-05 18:50:29.427  8341  8359 I art     : Starting a blocking GC Explicit
08-05 18:50:29.468  8341  8359 I art     : Explicit concurrent mark sweep GC freed 264(4KB) AllocSpace objects, 0(0B) LOS objects, 28% free, 40MB/56MB, paused 864us total 40.218ms
08-05 18:50:29.484  8341  8359 I art     : Starting a blocking GC Explicit
08-05 18:50:29.524  8341  8359 I art     : Explicit concurrent mark sweep GC freed 225(3KB) AllocSpace objects, 0(0B) LOS objects, 28% free, 40MB/56MB, paused 820us total 39.225ms
08-05 18:50:29.885   918  3261 D WifiStateMachine: starting scan for "H369AA63323"WPA_PSK with 2412,5180
08-05 18:50:29.920  8341  8359 I art     : Starting a blocking GC Explicit
08-05 18:50:29.966  8341  8359 I art     : Explicit concurrent mark sweep GC freed 3375(114KB) AllocSpace objects, 2(40KB) LOS objects, 28% free, 40MB/56MB, paused 920us total 46.127ms
08-05 18:50:29.985  8341  8359 I art     : Starting a blocking GC Explicit
08-05 18:50:30.030  8341  8359 I art     : Explicit concurrent mark sweep GC freed 309(5KB) AllocSpace objects, 0(0B) LOS objects, 28% free, 40MB/56MB, paused 929us total 44.060ms
08-05 18:50:30.047  8341  8359 I art     : Starting a blocking GC Explicit
08-05 18:50:30.089  8341  8359 I art     : Explicit concurrent mark sweep GC freed 220(3KB) AllocSpace objects, 0(0B) LOS objects, 28% free, 40MB/56MB, paused 997us total 42.163ms
08-05 18:50:30.106  8341  8359 I art     : Starting a blocking GC Explicit
08-05 18:50:30.151  8341  8359 I art     : Explicit concurrent mark sweep GC freed 303(5KB) AllocSpace objects, 0(0B) LOS objects, 28% free, 40MB/56MB, paused 891us total 44.598ms
08-05 18:50:30.168  8341  8359 I art     : Starting a blocking GC Explicit
08-05 18:50:30.211  8341  8359 I art     : Explicit concurrent mark sweep GC freed 282(5KB) AllocSpace objects, 0(0B) LOS objects, 28% free, 40MB/56MB, paused 989us total 42.153ms
08-05 18:50:30.609  8341  8354 I art     : Starting a blocking GC Explicit
08-05 18:50:30.656  8341  8354 I art     : Explicit concurrent mark sweep GC freed 3335(114KB) AllocSpace objects, 2(40KB) LOS objects, 28% free, 40MB/56MB, paused 937us total 46.749ms
08-05 18:50:30.678  8341  8354 I art     : Starting a blocking GC Explicit
08-05 18:50:30.724  8341  8354 I art     : Explicit concurrent mark sweep GC freed 321(6KB) AllocSpace objects, 0(0B) LOS objects, 28% free, 40MB/56MB, paused 842us total 45.795ms
08-05 18:50:30.741  8341  8354 I art     : Starting a blocking GC Explicit
08-05 18:50:30.787  8341  8354 I art     : Explicit concurrent mark sweep GC freed 290(4KB) AllocSpace objects, 0(0B) LOS objects, 28% free, 40MB/56MB, paused 836us total 45.676ms
08-05 18:50:30.804  8341  8354 I art     : Starting a blocking GC Explicit
08-05 18:50:30.850  8341  8354 I art     : Explicit concurrent mark sweep GC freed 293(4KB) AllocSpace objects, 0(0B) LOS objects, 28% free, 40MB/56MB, paused 932us total 45.469ms
08-05 18:50:30.867  8341  8354 I art     : Starting a blocking GC Explicit
08-05 18:50:30.914  8341  8354 I art     : Explicit concurrent mark sweep GC freed 290(4KB) AllocSpace objects, 0(0B) LOS objects, 28% free, 40MB/56MB, paused 985us total 45.923ms
08-05 18:50:31.314  8341  8619 I art     : Starting a blocking GC Explicit
08-05 18:50:31.362  8341  8619 I art     : Explicit concurrent mark sweep GC freed 3327(114KB) AllocSpace objects, 2(40KB) LOS objects, 28% free, 40MB/56MB, paused 1.146ms total 47.939ms
08-05 18:50:31.382  8341  8619 I art     : Starting a blocking GC Explicit
08-05 18:50:31.423  8341  8619 I art     : Explicit concurrent mark sweep GC freed 283(5KB) AllocSpace objects, 0(0B) LOS objects, 28% free, 40MB/56MB, paused 828us total 41.014ms
08-05 18:50:31.440  8341  8619 I art     : Starting a blocking GC Explicit
08-05 18:50:31.481  8341  8619 I art     : Explicit concurrent mark sweep GC freed 291(4KB) AllocSpace objects, 0(0B) LOS objects, 28% free, 40MB/56MB, paused 875us total 41.387ms
08-05 18:50:31.498  8341  8619 I art     : Starting a blocking GC Explicit
08-05 18:50:31.540  8341  8619 I art     : Explicit concurrent mark sweep GC freed 219(3KB) AllocSpace objects, 0(0B) LOS objects, 28% free, 40MB/56MB, paused 830us total 41.246ms
08-05 18:50:31.556  8341  8619 I art     : Starting a blocking GC Explicit
08-05 18:50:31.597  8341  8619 I art     : Explicit concurrent mark sweep GC freed 290(4KB) AllocSpace objects, 0(0B) LOS objects, 28% free, 40MB/56MB, paused 990us total 41.256ms
08-05 18:50:31.999  8341  8353 I art     : Starting a blocking GC Explicit
08-05 18:50:32.041  8341  8353 I art     : Explicit concurrent mark sweep GC freed 3300(113KB) AllocSpace objects, 2(40KB) LOS objects, 28% free, 40MB/56MB, paused 835us total 42.148ms
08-05 18:50:32.058  8341  8353 I art     : Starting a blocking GC Explicit
08-05 18:50:32.099  8341  8353 I art     : Explicit concurrent mark sweep GC freed 266(4KB) AllocSpace objects, 0(0B) LOS objects, 28% free, 40MB/56MB, paused 1.069ms total 40.867ms
08-05 18:50:32.116  8341  8353 I art     : Starting a blocking GC Explicit
08-05 18:50:32.158  8341  8353 I art     : Explicit concurrent mark sweep GC freed 263(4KB) AllocSpace objects, 0(0B) LOS objects, 28% free, 40MB/56MB, paused 969us total 41.875ms
08-05 18:50:32.175  8341  8353 I art     : Starting a blocking GC Explicit
08-05 18:50:32.217  8341  8353 I art     : Explicit concurrent mark sweep GC freed 266(4KB) AllocSpace objects, 0(0B) LOS objects, 28% free, 40MB/56MB, paused 1.079ms total 42.293ms
08-05 18:50:32.234  8341  8353 I art     : Starting a blocking GC Explicit
08-05 18:50:32.278  8341  8353 I art     : Explicit concurrent mark sweep GC freed 245(4KB) AllocSpace objects, 0(0B) LOS objects, 28% free, 40MB/56MB, paused 1.092ms total 43.767ms
08-05 18:50:32.427  9470  9470 D AndroidRuntime: >>>>>> START com.android.internal.os.RuntimeInit uid 2000 <<<<<<
08-05 18:50:32.433  9470  9470 D AndroidRuntime: CheckJNI is OFF
08-05 18:50:32.475  9470  9470 D ICU     : No timezone override file found: /data/misc/zoneinfo/current/icu/icu_tzdata.dat
08-05 18:50:32.516  9470  9470 I Radio-JNI: register_android_hardware_Radio DONE
08-05 18:50:32.545  9470  9470 D AndroidRuntime: Calling main entry com.android.commands.input.Input
08-05 18:50:32.547  9470  9470 I Input   : injectKeyEvent: KeyEvent { action=ACTION_DOWN, keyCode=KEYCODE_BACK, scanCode=0, metaState=0, flags=0x0, repeatCount=0, eventTime=816648960, downTime=816648960, deviceId=-1, source=0x101 }
08-05 18:50:32.551  9470  9470 I Input   : injectKeyEvent: KeyEvent { action=ACTION_UP, keyCode=KEYCODE_BACK, scanCode=0, metaState=0, flags=0x0, repeatCount=0, eventTime=816648960, downTime=816648960, deviceId=-1, source=0x101 }
08-05 18:50:32.556  9470  9470 D AndroidRuntime: Shutting down VM
08-05 18:50:32.591 13866 13866 I GoogleInputMethodServic: GoogleInputMethodService.onFinishInput():3138 
08-05 18:50:32.592 13866 13866 I GoogleInputMethodServic: GoogleInputMethodService.onStartInput():1808 
08-05 18:50:32.669  8341  8359 I art     : Starting a blocking GC Explicit
08-05 18:50:32.711  8341  8359 I art     : Explicit concurrent mark sweep GC freed 3331(116KB) AllocSpace objects, 2(40KB) LOS objects, 28% free, 40MB/56MB, paused 816us total 41.329ms
08-05 18:50:32.731  8341  8359 I art     : Starting a blocking GC Explicit
08-05 18:50:32.778  8341  8359 I art     : Explicit concurrent mark sweep GC freed 314(5KB) AllocSpace objects, 0(0B) LOS objects, 28% free, 40MB/56MB, paused 1.066ms total 47.195ms
08-05 18:50:32.800  8341  8359 I art     : Starting a blocking GC Explicit
08-05 18:50:32.849  8341  8359 I art     : Explicit concurrent mark sweep GC freed 363(5KB) AllocSpace objects, 0(0B) LOS objects, 28% free, 40MB/56MB, paused 1.197ms total 48.472ms
08-05 18:50:32.869  8341  8359 I art     : Starting a blocking GC Explicit
08-05 18:50:32.910   380   380 W SurfaceFlinger: couldn't log to binary event log: overflow.
08-05 18:50:32.914  8341  8359 I art     : Explicit concurrent mark sweep GC freed 253(4KB) AllocSpace objects, 0(0B) LOS objects, 28% free, 40MB/56MB, paused 1.198ms total 44.585ms
08-05 18:50:32.932  8341  8359 I art     : Starting a blocking GC Explicit
08-05 18:50:32.972  8341  8359 I art     : Explicit concurrent mark sweep GC freed 188(3KB) AllocSpace objects, 2(364KB) LOS objects, 28% free, 40MB/56MB, paused 894us total 39.459ms
08-05 18:50:33.341  8341  8353 I art     : Starting a blocking GC Explicit
08-05 18:50:33.384  8341  8353 I art     : Explicit concurrent mark sweep GC freed 7349(442KB) AllocSpace objects, 9(172KB) LOS objects, 28% free, 39MB/55MB, paused 873us total 42.263ms
08-05 18:50:33.403  8341  8353 I art     : Starting a blocking GC Explicit
08-05 18:50:33.441  8341  8353 I art     : Explicit concurrent mark sweep GC freed 177(3KB) AllocSpace objects, 0(0B) LOS objects, 28% free, 39MB/55MB, paused 852us total 37.784ms
08-05 18:50:33.457  8341  8353 I art     : Starting a blocking GC Explicit
08-05 18:50:33.496  8341  8353 I art     : Explicit concurrent mark sweep GC freed 152(2576B) AllocSpace objects, 0(0B) LOS objects, 28% free, 39MB/55MB, paused 1.058ms total 38.386ms
08-05 18:50:33.512  8341  8353 I art     : Starting a blocking GC Explicit
08-05 18:50:33.551  8341  8353 I art     : Explicit concurrent mark sweep GC freed 190(3KB) AllocSpace objects, 0(0B) LOS objects, 28% free, 39MB/55MB, paused 795us total 38.287ms
08-05 18:50:33.568  8341  8353 I art     : Starting a blocking GC Explicit
08-05 18:50:33.607  8341  8353 I art     : Explicit concurrent mark sweep GC freed 147(2496B) AllocSpace objects, 0(0B) LOS objects, 28% free, 39MB/55MB, paused 866us total 38.782ms
08-05 18:50:33.934  8320  8320 I ServiceManager: Waiting for service AtCmdFwd...
08-05 18:50:33.975  8341  8354 I art     : Starting a blocking GC Explicit
08-05 18:50:34.016  8341  8354 I art     : Explicit concurrent mark sweep GC freed 2638(103KB) AllocSpace objects, 2(40KB) LOS objects, 28% free, 39MB/55MB, paused 898us total 40.906ms
08-05 18:50:34.033  8341  8354 I art     : Starting a blocking GC Explicit
08-05 18:50:34.070  8341  8354 I art     : Explicit concurrent mark sweep GC freed 177(3KB) AllocSpace objects, 0(0B) LOS objects, 28% free, 39MB/55MB, paused 857us total 36.879ms
08-05 18:50:34.086  8341  8354 I art     : Starting a blocking GC Explicit
08-05 18:50:34.124  8341  8354 I art     : Explicit concurrent mark sweep GC freed 147(2496B) AllocSpace objects, 0(0B) LOS objects, 28% free, 39MB/55MB, paused 890us total 37.841ms
08-05 18:50:34.140  8341  8354 I art     : Starting a blocking GC Explicit
08-05 18:50:34.179  8341  8354 I art     : Explicit concurrent mark sweep GC freed 148(2512B) AllocSpace objects, 0(0B) LOS objects, 28% free, 39MB/55MB, paused 931us total 38.792ms
08-05 18:50:34.196  8341  8354 I art     : Starting a blocking GC Explicit
08-05 18:50:34.235  8341  8354 I art     : Explicit concurrent mark sweep GC freed 193(3KB) AllocSpace objects, 0(0B) LOS objects, 28% free, 39MB/55MB, paused 912us total 38.958ms
08-05 18:50:34.333  9508  9508 D AndroidRuntime: >>>>>> START com.android.internal.os.RuntimeInit uid 2000 <<<<<<
08-05 18:50:34.340  9508  9508 D AndroidRuntime: CheckJNI is OFF
08-05 18:50:34.384  9508  9508 D ICU     : No timezone override file found: /data/misc/zoneinfo/current/icu/icu_tzdata.dat
08-05 18:50:34.429  9508  9508 I Radio-JNI: register_android_hardware_Radio DONE
08-05 18:50:34.458  9508  9508 D AndroidRuntime: Calling main entry com.android.commands.input.Input
08-05 18:50:34.460  9508  9508 I Input   : injectKeyEvent: KeyEvent { action=ACTION_DOWN, keyCode=KEYCODE_BACK, scanCode=0, metaState=0, flags=0x0, repeatCount=0, eventTime=816650873, downTime=816650873, deviceId=-1, source=0x101 }
08-05 18:50:34.466  9508  9508 I Input   : injectKeyEvent: KeyEvent { action=ACTION_UP, keyCode=KEYCODE_BACK, scanCode=0, metaState=0, flags=0x0, repeatCount=0, eventTime=816650873, downTime=816650873, deviceId=-1, source=0x101 }
08-05 18:50:34.472  9508  9508 D AndroidRuntime: Shutting down VM
08-05 18:50:34.481  8341  8341 V MainActivity: url = https://project-travel-mate.herokuapp.com/api/number-of-unread-notifications
08-05 18:50:34.513 13866 13866 I GoogleInputMethodServic: GoogleInputMethodService.onFinishInput():3138 
08-05 18:50:34.514 13866 13866 I GoogleInputMethodServic: GoogleInputMethodService.onStartInput():1808 
08-05 18:50:34.629  8341  8353 I art     : Starting a blocking GC Explicit
08-05 18:50:34.676  8341  8353 I art     : Explicit concurrent mark sweep GC freed 3185(127KB) AllocSpace objects, 2(40KB) LOS objects, 28% free, 39MB/55MB, paused 872us total 46.535ms
08-05 18:50:34.696  8341  8353 I art     : Starting a blocking GC Explicit
08-05 18:50:34.741  8341  8353 I art     : Explicit concurrent mark sweep GC freed 294(7KB) AllocSpace objects, 0(0B) LOS objects, 28% free, 39MB/55MB, paused 925us total 44.509ms
08-05 18:50:34.759  8341  8353 I art     : Starting a blocking GC Explicit
08-05 18:50:34.804  8341  8353 I art     : Explicit concurrent mark sweep GC freed 200(3KB) AllocSpace objects, 0(0B) LOS objects, 28% free, 39MB/55MB, paused 899us total 44.268ms
08-05 18:50:34.812   380   380 W SurfaceFlinger: couldn't log to binary event log: overflow.
08-05 18:50:34.820  8341  8353 I art     : Starting a blocking GC Explicit
08-05 18:50:34.859  8341  8353 I art     : Explicit concurrent mark sweep GC freed 119(2560B) AllocSpace objects, 0(0B) LOS objects, 28% free, 39MB/55MB, paused 968us total 38.219ms
08-05 18:50:34.875  8341  8353 I art     : Starting a blocking GC Explicit
08-05 18:50:34.915  8341  8353 I art     : Explicit concurrent mark sweep GC freed 232(8KB) AllocSpace objects, 0(0B) LOS objects, 28% free, 39MB/55MB, paused 1.131ms total 38.858ms
08-05 18:50:34.934  8320  8320 I ServiceManager: Waiting for service AtCmdFwd...
08-05 18:50:35.282  8341  8619 I art     : Starting a blocking GC Explicit
08-05 18:50:35.325  8341  8619 I art     : Explicit concurrent mark sweep GC freed 2521(141KB) AllocSpace objects, 2(40KB) LOS objects, 28% free, 39MB/55MB, paused 1.086ms total 43.341ms
08-05 18:50:35.343  8341  8619 I art     : Starting a blocking GC Explicit
08-05 18:50:35.385  8341  8619 I art     : Explicit concurrent mark sweep GC freed 2201(85KB) AllocSpace objects, 2(120KB) LOS objects, 28% free, 40MB/56MB, paused 1.021ms total 41.288ms
08-05 18:50:35.397  8341  9537 I NAPPA_EXPERIMENTATION: MetricNetworkRequestExecutionTime: REQUEST_DURATION_SYSTEM='915',REQUEST_DURATION_OKHTTP='37',REQUEST_SYNCHRONOUS='FALSE',RESPONSE_CODE='200',RESPONSE_METHOD='GET',RESPONSE_LENGTH_OKHTTP='36',RESPONSE_LENGTH_HEADER='36',REQUEST_PROTOCOL='http/1.1',REQUEST_URL='https://project-travel-mate.herokuapp.com/api/number-of-unread-notifications',
08-05 18:50:35.401  8341  8619 I art     : Starting a blocking GC Explicit
08-05 18:50:35.442  8341  8619 I art     : Explicit concurrent mark sweep GC freed 1117(128KB) AllocSpace objects, 1(80KB) LOS objects, 28% free, 39MB/55MB, paused 947us total 40.784ms
08-05 18:50:35.459  8341  8619 I art     : Starting a blocking GC Explicit
08-05 18:50:35.500  8341  8619 I art     : Explicit concurrent mark sweep GC freed 194(5KB) AllocSpace objects, 0(0B) LOS objects, 28% free, 39MB/55MB, paused 982us total 40.757ms
08-05 18:50:35.517  8341  8619 I art     : Starting a blocking GC Explicit
08-05 18:50:35.559  8341  8619 I art     : Explicit concurrent mark sweep GC freed 76(1328B) AllocSpace objects, 0(0B) LOS objects, 28% free, 39MB/55MB, paused 960us total 41.676ms
08-05 18:50:35.912  8341  8359 I art     : Starting a blocking GC Explicit
08-05 18:50:35.935  8320  8320 I ServiceManager: Waiting for service AtCmdFwd...
08-05 18:50:35.953  8341  8359 I art     : Explicit concurrent mark sweep GC freed 2004(92KB) AllocSpace objects, 2(40KB) LOS objects, 28% free, 39MB/55MB, paused 947us total 40.664ms
08-05 18:50:35.969  8341  8359 I art     : Starting a blocking GC Explicit
08-05 18:50:36.008  8341  8359 I art     : Explicit concurrent mark sweep GC freed 94(1984B) AllocSpace objects, 0(0B) LOS objects, 28% free, 39MB/55MB, paused 959us total 38.875ms
08-05 18:50:36.025  8341  8359 I art     : Starting a blocking GC Explicit
08-05 18:50:36.065  8341  8359 I art     : Explicit concurrent mark sweep GC freed 75(1296B) AllocSpace objects, 0(0B) LOS objects, 28% free, 39MB/55MB, paused 986us total 39.601ms
08-05 18:50:36.082  8341  8359 I art     : Starting a blocking GC Explicit
08-05 18:50:36.123  8341  8359 I art     : Explicit concurrent mark sweep GC freed 107(2160B) AllocSpace objects, 0(0B) LOS objects, 28% free, 39MB/55MB, paused 1.057ms total 41.471ms
08-05 18:50:36.143  8341  8359 I art     : Starting a blocking GC Explicit
08-05 18:50:36.183  8341  8359 I art     : Explicit concurrent mark sweep GC freed 118(2496B) AllocSpace objects, 0(0B) LOS objects, 28% free, 39MB/55MB, paused 972us total 39.853ms
08-05 18:50:36.261  9552  9552 D AndroidRuntime: >>>>>> START com.android.internal.os.RuntimeInit uid 2000 <<<<<<
08-05 18:50:36.267  9552  9552 D AndroidRuntime: CheckJNI is OFF
08-05 18:50:36.310  9552  9552 D ICU     : No timezone override file found: /data/misc/zoneinfo/current/icu/icu_tzdata.dat
08-05 18:50:36.351  9552  9552 I Radio-JNI: register_android_hardware_Radio DONE
08-05 18:50:36.380  9552  9552 D AndroidRuntime: Calling main entry com.android.commands.input.Input
08-05 18:50:36.382  9552  9552 I Input   : injectMotionEvent: MotionEvent { action=ACTION_DOWN, actionButton=0, id[0]=0, x[0]=117.0, y[0]=170.0, toolType[0]=TOOL_TYPE_UNKNOWN, buttonState=0, metaState=0, flags=0x0, edgeFlags=0x0, pointerCount=1, historySize=0, eventTime=816652795, downTime=816652795, deviceId=0, source=0x1002 }
08-05 18:50:36.387  9552  9552 I Input   : injectMotionEvent: MotionEvent { action=ACTION_UP, actionButton=0, id[0]=0, x[0]=117.0, y[0]=170.0, toolType[0]=TOOL_TYPE_UNKNOWN, buttonState=0, metaState=0, flags=0x0, edgeFlags=0x0, pointerCount=1, historySize=0, eventTime=816652795, downTime=816652795, deviceId=0, source=0x1002 }
08-05 18:50:36.389  9552  9552 D AndroidRuntime: Shutting down VM
08-05 18:50:36.404   512  2967 D audio_hw_primary: out_set_parameters: enter: usecase(1: low-latency-playback) kvpairs: routing=2
08-05 18:50:36.417   512  2967 D audio_hw_primary: select_devices: out_snd_device(2: speaker) in_snd_device(0: none)
08-05 18:50:36.417   512  2967 D msm8974_platform: platform_send_audio_calibration: sending audio calibration for snd_device(2) acdb_id(15)
08-05 18:50:36.417   512  2967 I soundtrigger: audio_extn_sound_trigger_update_device_status: device 0x2 of type 0 for Event 1
08-05 18:50:36.426   512  2967 D audio_hw_primary: enable_snd_device: snd_device(2: speaker)
08-05 18:50:36.428   512  2967 D audio_hw_primary: enable_audio_route: apply and update mixer path: low-latency-playback speaker
08-05 18:50:36.567  8341  8619 I art     : Starting a blocking GC Explicit
08-05 18:50:36.610  8341  8619 I art     : Explicit concurrent mark sweep GC freed 2421(115KB) AllocSpace objects, 2(40KB) LOS objects, 28% free, 40MB/56MB, paused 1.048ms total 42.717ms
08-05 18:50:36.627  8341  8619 I art     : Starting a blocking GC Explicit
08-05 18:50:36.665  8341  8619 I art     : Explicit concurrent mark sweep GC freed 131(3KB) AllocSpace objects, 0(0B) LOS objects, 28% free, 40MB/56MB, paused 860us total 36.850ms
08-05 18:50:36.681  8341  8619 I art     : Starting a blocking GC Explicit
08-05 18:50:36.718  8341  8619 I art     : Explicit concurrent mark sweep GC freed 109(2240B) AllocSpace objects, 0(0B) LOS objects, 28% free, 40MB/56MB, paused 1.007ms total 36.994ms
08-05 18:50:36.734  8341  8619 I art     : Starting a blocking GC Explicit
08-05 18:50:36.771  8341  8619 I art     : Explicit concurrent mark sweep GC freed 77(1360B) AllocSpace objects, 0(0B) LOS objects, 28% free, 40MB/56MB, paused 834us total 36.434ms
08-05 18:50:36.787  8341  8619 I art     : Starting a blocking GC Explicit
08-05 18:50:36.823  8341  8619 I art     : Explicit concurrent mark sweep GC freed 75(1296B) AllocSpace objects, 0(0B) LOS objects, 28% free, 40MB/56MB, paused 817us total 35.799ms
08-05 18:50:36.935  8320  8320 I ServiceManager: Waiting for service AtCmdFwd...
08-05 18:50:36.960   512  2967 D audio_hw_primary: disable_audio_route: reset and update mixer path: low-latency-playback speaker
08-05 18:50:36.962   512  2967 D audio_hw_primary: disable_snd_device: snd_device(2: speaker)
08-05 18:50:36.970   512  2967 I soundtrigger: audio_extn_sound_trigger_update_device_status: device 0x2 of type 0 for Event 0
08-05 18:50:37.142  9584  9584 D AndroidRuntime: >>>>>> START com.android.internal.os.RuntimeInit uid 2000 <<<<<<
08-05 18:50:37.148  9584  9584 D AndroidRuntime: CheckJNI is OFF
08-05 18:50:37.183  8341  8353 I art     : Starting a blocking GC Explicit
08-05 18:50:37.191  9584  9584 D ICU     : No timezone override file found: /data/misc/zoneinfo/current/icu/icu_tzdata.dat
08-05 18:50:37.224  8341  8353 I art     : Explicit concurrent mark sweep GC freed 2012(92KB) AllocSpace objects, 2(40KB) LOS objects, 28% free, 40MB/56MB, paused 981us total 41.590ms
08-05 18:50:37.234  9584  9584 I Radio-JNI: register_android_hardware_Radio DONE
08-05 18:50:37.241  8341  8353 I art     : Starting a blocking GC Explicit
08-05 18:50:37.264  9584  9584 D AndroidRuntime: Calling main entry com.android.commands.input.Input
08-05 18:50:37.266  9584  9584 I Input   : injectMotionEvent: MotionEvent { action=ACTION_DOWN, actionButton=0, id[0]=0, x[0]=355.0, y[0]=1674.0, toolType[0]=TOOL_TYPE_UNKNOWN, buttonState=0, metaState=0, flags=0x0, edgeFlags=0x0, pointerCount=1, historySize=0, eventTime=816653679, downTime=816653679, deviceId=0, source=0x1002 }
08-05 18:50:37.270  9584  9584 I Input   : injectMotionEvent: MotionEvent { action=ACTION_UP, actionButton=0, id[0]=0, x[0]=355.0, y[0]=1674.0, toolType[0]=TOOL_TYPE_UNKNOWN, buttonState=0, metaState=0, flags=0x0, edgeFlags=0x0, pointerCount=1, historySize=0, eventTime=816653679, downTime=816653679, deviceId=0, source=0x1002 }
08-05 18:50:37.272  9584  9584 D AndroidRuntime: Shutting down VM
08-05 18:50:37.281  8341  8353 I art     : Explicit concurrent mark sweep GC freed 103(2240B) AllocSpace objects, 0(0B) LOS objects, 28% free, 40MB/56MB, paused 957us total 39.838ms
08-05 18:50:37.287   512  2967 D audio_hw_primary: out_set_parameters: enter: usecase(1: low-latency-playback) kvpairs: routing=2
08-05 18:50:37.299  8341  8353 I art     : Starting a blocking GC Explicit
08-05 18:50:37.300   512  2967 D audio_hw_primary: select_devices: out_snd_device(2: speaker) in_snd_device(0: none)
08-05 18:50:37.300   512  2967 D msm8974_platform: platform_send_audio_calibration: sending audio calibration for snd_device(2) acdb_id(15)
08-05 18:50:37.300   512  2967 I soundtrigger: audio_extn_sound_trigger_update_device_status: device 0x2 of type 0 for Event 1
08-05 18:50:37.310   512  2967 D audio_hw_primary: enable_snd_device: snd_device(2: speaker)
08-05 18:50:37.312   512  2967 D audio_hw_primary: enable_audio_route: apply and update mixer path: low-latency-playback speaker
08-05 18:50:37.338  8341  8353 I art     : Explicit concurrent mark sweep GC freed 462(23KB) AllocSpace objects, 0(0B) LOS objects, 27% free, 42MB/58MB, paused 1.103ms total 38.733ms
08-05 18:50:37.350   512  2967 D AudioFlinger: mixer(0xf4740000) throttle end: throttle time(12)
08-05 18:50:37.354  8341  8353 I art     : Starting a blocking GC Explicit
08-05 18:50:37.394  8341  8353 I art     : Explicit concurrent mark sweep GC freed 1373(141KB) AllocSpace objects, 0(0B) LOS objects, 23% free, 50MB/66MB, paused 1.019ms total 39.210ms
08-05 18:50:37.410  8341  8353 I art     : Starting a blocking GC Explicit
08-05 18:50:37.449  8341  8353 I art     : Explicit concurrent mark sweep GC freed 6(224B) AllocSpace objects, 0(0B) LOS objects, 23% free, 50MB/66MB, paused 1.047ms total 38.761ms
08-05 18:50:37.808  8341  8619 I art     : Waiting for a blocking GC Explicit
08-05 18:50:37.817  8341  8619 I art     : WaitForGcToComplete blocked for 8.294ms for cause Explicit
08-05 18:50:37.817  8341  8619 I art     : Starting a blocking GC Explicit
08-05 18:50:37.848   512  2967 D audio_hw_primary: disable_audio_route: reset and update mixer path: low-latency-playback speaker
08-05 18:50:37.849   512  2967 D audio_hw_primary: disable_snd_device: snd_device(2: speaker)
08-05 18:50:37.856  8341  8619 I art     : Explicit concurrent mark sweep GC freed 5(192B) AllocSpace objects, 0(0B) LOS objects, 12% free, 115MB/131MB, paused 954us total 38.889ms
08-05 18:50:37.856   512  2967 I soundtrigger: audio_extn_sound_trigger_update_device_status: device 0x2 of type 0 for Event 0
08-05 18:50:37.872  8341  8619 I art     : Starting a blocking GC Explicit
08-05 18:50:37.911  8341  8619 I art     : Explicit concurrent mark sweep GC freed 3(96B) AllocSpace objects, 0(0B) LOS objects, 12% free, 115MB/131MB, paused 944us total 38.401ms
08-05 18:50:37.927  8341  8619 I art     : Starting a blocking GC Explicit
08-05 18:50:37.936  8320  8320 I ServiceManager: Waiting for service AtCmdFwd...
08-05 18:50:37.964  8341  8619 I art     : Explicit concurrent mark sweep GC freed 3(96B) AllocSpace objects, 0(0B) LOS objects, 12% free, 115MB/131MB, paused 956us total 36.529ms
08-05 18:50:37.980  8341  8619 I art     : Starting a blocking GC Explicit
08-05 18:50:38.019  8341  8619 I art     : Explicit concurrent mark sweep GC freed 3(96B) AllocSpace objects, 0(0B) LOS objects, 12% free, 115MB/131MB, paused 1.025ms total 38.096ms
08-05 18:50:38.035  8341  8619 I art     : Starting a blocking GC Explicit
08-05 18:50:38.074  8341  8619 I art     : Explicit concurrent mark sweep GC freed 4(128B) AllocSpace objects, 0(0B) LOS objects, 10% free, 134MB/150MB, paused 1.059ms total 39.032ms
08-05 18:50:38.232  8341  8341 I Choreographer: Skipped 56 frames!  The application may be doing too much work on its main thread.
08-05 18:50:38.233  8341  8341 V MainActivity: url = https://project-travel-mate.herokuapp.com/api/number-of-unread-notifications
08-05 18:50:38.444  8341  8619 I art     : Starting a blocking GC Explicit
08-05 18:50:38.488  8341  8619 I art     : Explicit concurrent mark sweep GC freed 3190(150KB) AllocSpace objects, 11(288KB) LOS objects, 10% free, 134MB/150MB, paused 998us total 44.116ms
08-05 18:50:38.509  8341  8619 I art     : Starting a blocking GC Explicit
08-05 18:50:38.549  8341  8619 I art     : Explicit concurrent mark sweep GC freed 922(53KB) AllocSpace objects, 0(0B) LOS objects, 10% free, 134MB/150MB, paused 1.002ms total 39.875ms
08-05 18:50:38.566  8341  8619 I art     : Starting a blocking GC Explicit
08-05 18:50:38.607  8341  8619 I art     : Explicit concurrent mark sweep GC freed 3(96B) AllocSpace objects, 0(0B) LOS objects, 10% free, 134MB/150MB, paused 1.042ms total 40.676ms
08-05 18:50:38.624  8341  8619 I art     : Starting a blocking GC Explicit
08-05 18:50:38.666  8341  8619 I art     : Explicit concurrent mark sweep GC freed 3(96B) AllocSpace objects, 0(0B) LOS objects, 10% free, 134MB/150MB, paused 913us total 41.512ms
08-05 18:50:38.683  8341  8619 I art     : Starting a blocking GC Explicit
08-05 18:50:38.725  8341  8619 I art     : Explicit concurrent mark sweep GC freed 3(96B) AllocSpace objects, 0(0B) LOS objects, 10% free, 134MB/150MB, paused 972us total 41.509ms
08-05 18:50:38.936  8320  8320 W Atfwd_Sendcmd: AtCmdFwd service not published, waiting... retryCnt : 5
08-05 18:50:39.069  8341  9618 I NAPPA_EXPERIMENTATION: MetricNetworkRequestExecutionTime: REQUEST_DURATION_SYSTEM='835',REQUEST_DURATION_OKHTTP='34',REQUEST_SYNCHRONOUS='FALSE',RESPONSE_CODE='200',RESPONSE_METHOD='GET',RESPONSE_LENGTH_OKHTTP='36',RESPONSE_LENGTH_HEADER='36',REQUEST_PROTOCOL='http/1.1',REQUEST_URL='https://project-travel-mate.herokuapp.com/api/number-of-unread-notifications',
08-05 18:50:39.129  8341  8354 I art     : Starting a blocking GC Explicit
08-05 18:50:39.190  8341  8354 I art     : Explicit concurrent mark sweep GC freed 4240(231KB) AllocSpace objects, 5(236KB) LOS objects, 10% free, 134MB/150MB, paused 1.262ms total 59.778ms
08-05 18:50:39.210  8341  8354 I art     : Starting a blocking GC Explicit
08-05 18:50:39.258  8341  8354 I art     : Explicit concurrent mark sweep GC freed 976(117KB) AllocSpace objects, 0(0B) LOS objects, 10% free, 134MB/150MB, paused 1.142ms total 47.480ms
08-05 18:50:39.275  8341  8354 I art     : Starting a blocking GC Explicit
08-05 18:50:39.321  8341  8354 I art     : Explicit concurrent mark sweep GC freed 3(96B) AllocSpace objects, 0(0B) LOS objects, 10% free, 134MB/150MB, paused 992us total 45.697ms
08-05 18:50:39.339  8341  8354 I art     : Starting a blocking GC Explicit
08-05 18:50:39.385  8341  8354 I art     : Explicit concurrent mark sweep GC freed 3(96B) AllocSpace objects, 0(0B) LOS objects, 10% free, 134MB/150MB, paused 982us total 45.807ms
08-05 18:50:39.404  8341  8354 I art     : Starting a blocking GC Explicit
08-05 18:50:39.456  8341  8354 I art     : Explicit concurrent mark sweep GC freed 3(96B) AllocSpace objects, 0(0B) LOS objects, 10% free, 134MB/150MB, paused 1.053ms total 51.368ms
08-05 18:50:39.836  8341  8359 I art     : Starting a blocking GC Explicit
08-05 18:50:39.883  8341  8359 I art     : Explicit concurrent mark sweep GC freed 1445(83KB) AllocSpace objects, 2(36KB) LOS objects, 10% free, 134MB/150MB, paused 1.130ms total 46.372ms
08-05 18:50:39.902  8341  8359 I art     : Starting a blocking GC Explicit
08-05 18:50:39.942  8341  8359 I art     : Explicit concurrent mark sweep GC freed 40(1584B) AllocSpace objects, 0(0B) LOS objects, 10% free, 134MB/150MB, paused 929us total 40.203ms
08-05 18:50:39.960  8341  8359 I art     : Starting a blocking GC Explicit
08-05 18:50:40.003  8341  8359 I art     : Explicit concurrent mark sweep GC freed 8(256B) AllocSpace objects, 0(0B) LOS objects, 10% free, 134MB/150MB, paused 1.261ms total 42.667ms
08-05 18:50:40.021  8341  8359 I art     : Starting a blocking GC Explicit
08-05 18:50:40.070  8341  8359 I art     : Explicit concurrent mark sweep GC freed 12(384B) AllocSpace objects, 0(0B) LOS objects, 10% free, 134MB/150MB, paused 1.245ms total 48.601ms
08-05 18:50:40.088  8341  8359 I art     : Starting a blocking GC Explicit
08-05 18:50:40.095  9647  9647 D AndroidRuntime: >>>>>> START com.android.internal.os.RuntimeInit uid 2000 <<<<<<
08-05 18:50:40.102  9647  9647 D AndroidRuntime: CheckJNI is OFF
08-05 18:50:40.132  8341  8359 I art     : Explicit concurrent mark sweep GC freed 5(160B) AllocSpace objects, 0(0B) LOS objects, 10% free, 134MB/150MB, paused 1.025ms total 43.866ms
08-05 18:50:40.148  9647  9647 D ICU     : No timezone override file found: /data/misc/zoneinfo/current/icu/icu_tzdata.dat
08-05 18:50:40.191  9647  9647 I Radio-JNI: register_android_hardware_Radio DONE
08-05 18:50:40.220  9647  9647 D AndroidRuntime: Calling main entry com.android.commands.input.Input
08-05 18:50:40.223  9647  9647 I Input   : injectMotionEvent: MotionEvent { action=ACTION_DOWN, actionButton=0, id[0]=0, x[0]=747.0, y[0]=608.0, toolType[0]=TOOL_TYPE_UNKNOWN, buttonState=0, metaState=0, flags=0x0, edgeFlags=0x0, pointerCount=1, historySize=0, eventTime=816656636, downTime=816656636, deviceId=0, source=0x1002 }
08-05 18:50:40.229  9647  9647 I Input   : injectMotionEvent: MotionEvent { action=ACTION_UP, actionButton=0, id[0]=0, x[0]=747.0, y[0]=608.0, toolType[0]=TOOL_TYPE_UNKNOWN, buttonState=0, metaState=0, flags=0x0, edgeFlags=0x0, pointerCount=1, historySize=0, eventTime=816656636, downTime=816656636, deviceId=0, source=0x1002 }
08-05 18:50:40.233   512  2967 D audio_hw_primary: out_set_parameters: enter: usecase(1: low-latency-playback) kvpairs: routing=2
08-05 18:50:40.233  9647  9647 D AndroidRuntime: Shutting down VM
08-05 18:50:40.241   918  5132 I ActivityManager: START u0 {cmp=baseline.io.github.project_travel_mate/.utilities.ChecklistActivity} from uid 10674 on display 0
08-05 18:50:40.246   512  2967 D audio_hw_primary: select_devices: out_snd_device(2: speaker) in_snd_device(0: none)
08-05 18:50:40.246   512  2967 D msm8974_platform: platform_send_audio_calibration: sending audio calibration for snd_device(2) acdb_id(15)
08-05 18:50:40.246   512  2967 I soundtrigger: audio_extn_sound_trigger_update_device_status: device 0x2 of type 0 for Event 1
08-05 18:50:40.258   512  2967 D audio_hw_primary: enable_snd_device: snd_device(2: speaker)
08-05 18:50:40.260   512  2967 D audio_hw_primary: enable_audio_route: apply and update mixer path: low-latency-playback speaker
08-05 18:50:40.464 13866 13866 I GoogleInputMethodServic: GoogleInputMethodService.onFinishInput():3138 
08-05 18:50:40.464   918   936 I ActivityManager: Displayed baseline.io.github.project_travel_mate/.utilities.ChecklistActivity: +214ms
08-05 18:50:40.465 13866 13866 I GoogleInputMethodServic: GoogleInputMethodService.onStartInput():1808 
08-05 18:50:40.519  8341  8619 I art     : Starting a blocking GC Explicit
08-05 18:50:40.565  8341  8619 I art     : Explicit concurrent mark sweep GC freed 3149(286KB) AllocSpace objects, 2(36KB) LOS objects, 10% free, 135MB/151MB, paused 1.049ms total 44.837ms
08-05 18:50:40.583  8341  8619 I art     : Starting a blocking GC Explicit
08-05 18:50:40.631  8341  8619 I art     : Explicit concurrent mark sweep GC freed 416(17KB) AllocSpace objects, 0(0B) LOS objects, 10% free, 135MB/151MB, paused 1.012ms total 47.386ms
08-05 18:50:40.651  8341  8619 I art     : Starting a blocking GC Explicit
08-05 18:50:40.704  8341  8619 I art     : Explicit concurrent mark sweep GC freed 3(96B) AllocSpace objects, 0(0B) LOS objects, 10% free, 135MB/151MB, paused 1.430ms total 52.877ms
08-05 18:50:40.719   380   380 W SurfaceFlinger: couldn't log to binary event log: overflow.
08-05 18:50:40.723  8341  8619 I art     : Starting a blocking GC Explicit
08-05 18:50:40.763  8341  8619 I art     : Explicit concurrent mark sweep GC freed 3(96B) AllocSpace objects, 0(0B) LOS objects, 10% free, 135MB/151MB, paused 986us total 39.702ms
08-05 18:50:40.780  8341  8619 I art     : Starting a blocking GC Explicit
08-05 18:50:40.799   512  2967 D audio_hw_primary: disable_audio_route: reset and update mixer path: low-latency-playback speaker
08-05 18:50:40.799   512  2967 D audio_hw_primary: disable_snd_device: snd_device(2: speaker)
08-05 18:50:40.808   512  2967 I soundtrigger: audio_extn_sound_trigger_update_device_status: device 0x2 of type 0 for Event 0
08-05 18:50:40.819  8341  8619 I art     : Explicit concurrent mark sweep GC freed 3(96B) AllocSpace objects, 0(0B) LOS objects, 10% free, 135MB/151MB, paused 1.190ms total 38.820ms
08-05 18:50:41.195  8341  8359 I art     : Starting a blocking GC Explicit
08-05 18:50:41.248  8341  8359 I art     : Explicit concurrent mark sweep GC freed 1633(94KB) AllocSpace objects, 2(36KB) LOS objects, 10% free, 135MB/151MB, paused 1.230ms total 52.626ms
08-05 18:50:41.269  8341  8359 I art     : Starting a blocking GC Explicit
08-05 18:50:41.314  8341  8359 I art     : Explicit concurrent mark sweep GC freed 54(1952B) AllocSpace objects, 0(0B) LOS objects, 10% free, 135MB/151MB, paused 1.092ms total 45.138ms
08-05 18:50:41.332  8341  8359 I art     : Starting a blocking GC Explicit
08-05 18:50:41.377  8341  8359 I art     : Explicit concurrent mark sweep GC freed 38(1296B) AllocSpace objects, 0(0B) LOS objects, 10% free, 135MB/151MB, paused 997us total 44.667ms
08-05 18:50:41.398  8341  8359 I art     : Starting a blocking GC Explicit
08-05 18:50:41.444  8341  8359 I art     : Explicit concurrent mark sweep GC freed 3(96B) AllocSpace objects, 0(0B) LOS objects, 10% free, 135MB/151MB, paused 1.086ms total 45.513ms
08-05 18:50:41.461  8341  8359 I art     : Starting a blocking GC Explicit
08-05 18:50:41.506  8341  8359 I art     : Explicit concurrent mark sweep GC freed 3(96B) AllocSpace objects, 0(0B) LOS objects, 10% free, 135MB/151MB, paused 1.103ms total 44.084ms
08-05 18:50:41.907  8341  8619 I art     : Starting a blocking GC Explicit
08-05 18:50:41.970  8341  8619 I art     : Explicit concurrent mark sweep GC freed 1582(91KB) AllocSpace objects, 2(36KB) LOS objects, 10% free, 135MB/151MB, paused 1.237ms total 61.811ms
08-05 18:50:41.990  8341  8619 I art     : Starting a blocking GC Explicit
08-05 18:50:42.039  8341  8619 I art     : Explicit concurrent mark sweep GC freed 28(1024B) AllocSpace objects, 0(0B) LOS objects, 10% free, 135MB/151MB, paused 1.248ms total 49.203ms
08-05 18:50:42.060  8341  8619 I art     : Starting a blocking GC Explicit
08-05 18:50:42.108  8341  8619 I art     : Explicit concurrent mark sweep GC freed 9(496B) AllocSpace objects, 0(0B) LOS objects, 10% free, 135MB/151MB, paused 1.155ms total 48.268ms
08-05 18:50:42.126  8341  8619 I art     : Starting a blocking GC Explicit
08-05 18:50:42.175  8341  8619 I art     : Explicit concurrent mark sweep GC freed 15(672B) AllocSpace objects, 0(0B) LOS objects, 10% free, 135MB/151MB, paused 1.200ms total 48.140ms
08-05 18:50:42.195  8341  8619 I art     : Starting a blocking GC Explicit
08-05 18:50:42.245  8341  8619 I art     : Explicit concurrent mark sweep GC freed 14(592B) AllocSpace objects, 0(0B) LOS objects, 10% free, 135MB/151MB, paused 1.120ms total 49.628ms
08-05 18:50:42.702  8341  8354 I art     : Starting a blocking GC Explicit
08-05 18:50:42.768  8341  8354 I art     : Explicit concurrent mark sweep GC freed 1626(93KB) AllocSpace objects, 2(36KB) LOS objects, 10% free, 135MB/151MB, paused 1.257ms total 65.652ms
08-05 18:50:42.792  8341  8354 I art     : Starting a blocking GC Explicit
08-05 18:50:42.838  8341  8354 I art     : Explicit concurrent mark sweep GC freed 38(1568B) AllocSpace objects, 0(0B) LOS objects, 10% free, 135MB/151MB, paused 1.023ms total 46.357ms
08-05 18:50:42.856  8341  8354 I art     : Starting a blocking GC Explicit
08-05 18:50:42.904  8341  8354 I art     : Explicit concurrent mark sweep GC freed 3(96B) AllocSpace objects, 0(0B) LOS objects, 10% free, 135MB/151MB, paused 1.132ms total 47.844ms
08-05 18:50:42.922  8341  8354 I art     : Starting a blocking GC Explicit
08-05 18:50:42.971  8341  8354 I art     : Explicit concurrent mark sweep GC freed 3(96B) AllocSpace objects, 0(0B) LOS objects, 10% free, 135MB/151MB, paused 1.234ms total 49.107ms
08-05 18:50:42.992  8341  8354 I art     : Starting a blocking GC Explicit
08-05 18:50:43.041  8341  8354 I art     : Explicit concurrent mark sweep GC freed 3(96B) AllocSpace objects, 0(0B) LOS objects, 10% free, 135MB/151MB, paused 1.137ms total 48.656ms
08-05 18:50:43.475  8341  8353 I art     : Starting a blocking GC Explicit
08-05 18:50:43.535  8341  8353 I art     : Explicit concurrent mark sweep GC freed 1613(93KB) AllocSpace objects, 2(36KB) LOS objects, 10% free, 135MB/151MB, paused 1.165ms total 59.908ms
08-05 18:50:43.535  8341  8352 I art     : WaitForGcToComplete blocked for 46.475ms for cause HeapTrim
08-05 18:50:43.555  8341  8353 I art     : Starting a blocking GC Explicit
08-05 18:50:43.604  8341  8353 I art     : Explicit concurrent mark sweep GC freed 28(1024B) AllocSpace objects, 0(0B) LOS objects, 10% free, 135MB/151MB, paused 1.099ms total 47.842ms
08-05 18:50:43.626  8341  8353 I art     : Starting a blocking GC Explicit
08-05 18:50:43.667  8341  8353 I art     : Explicit concurrent mark sweep GC freed 3(96B) AllocSpace objects, 0(0B) LOS objects, 10% free, 135MB/151MB, paused 1.205ms total 40.695ms
08-05 18:50:43.684  8341  8353 I art     : Starting a blocking GC Explicit
08-05 18:50:43.731  8341  8353 I art     : Explicit concurrent mark sweep GC freed 3(96B) AllocSpace objects, 0(0B) LOS objects, 10% free, 135MB/151MB, paused 1.124ms total 46.700ms
08-05 18:50:43.749  8341  8353 I art     : Starting a blocking GC Explicit
08-05 18:50:43.796  8341  8353 I art     : Explicit concurrent mark sweep GC freed 3(96B) AllocSpace objects, 0(0B) LOS objects, 10% free, 135MB/151MB, paused 1.146ms total 46.672ms
08-05 18:50:44.230  8341  8359 I art     : Starting a blocking GC Explicit
08-05 18:50:44.288  8341  8359 I art     : Explicit concurrent mark sweep GC freed 1583(92KB) AllocSpace objects, 2(36KB) LOS objects, 10% free, 135MB/151MB, paused 1.221ms total 57.222ms
08-05 18:50:44.307  8341  8359 I art     : Starting a blocking GC Explicit
08-05 18:50:44.357  8341  8359 I art     : Explicit concurrent mark sweep GC freed 59(1856B) AllocSpace objects, 0(0B) LOS objects, 10% free, 135MB/151MB, paused 1.150ms total 49.579ms
08-05 18:50:44.375  8341  8359 I art     : Starting a blocking GC Explicit
08-05 18:50:44.420  8341  8359 I art     : Explicit concurrent mark sweep GC freed 3(96B) AllocSpace objects, 0(0B) LOS objects, 10% free, 135MB/151MB, paused 1.101ms total 44.920ms
08-05 18:50:44.438  8341  8359 I art     : Starting a blocking GC Explicit
08-05 18:50:44.484  8341  8359 I art     : Explicit concurrent mark sweep GC freed 3(96B) AllocSpace objects, 0(0B) LOS objects, 10% free, 135MB/151MB, paused 1.088ms total 46.457ms
08-05 18:50:44.502  8341  8359 I art     : Starting a blocking GC Explicit
08-05 18:50:44.540  8341  8359 I art     : Explicit concurrent mark sweep GC freed 3(96B) AllocSpace objects, 0(0B) LOS objects, 10% free, 135MB/151MB, paused 1.111ms total 38.173ms
08-05 18:50:44.943  8341  8619 I art     : Starting a blocking GC Explicit
08-05 18:50:44.998  8341  8619 I art     : Explicit concurrent mark sweep GC freed 1584(92KB) AllocSpace objects, 2(36KB) LOS objects, 10% free, 135MB/151MB, paused 1.208ms total 54.508ms
08-05 18:50:45.019  8341  8619 I art     : Starting a blocking GC Explicit
08-05 18:50:45.032  9738  9738 D AndroidRuntime: >>>>>> START com.android.internal.os.RuntimeInit uid 2000 <<<<<<
08-05 18:50:45.038  9738  9738 D AndroidRuntime: CheckJNI is OFF
08-05 18:50:45.065  8341  8619 I art     : Explicit concurrent mark sweep GC freed 28(1024B) AllocSpace objects, 0(0B) LOS objects, 10% free, 135MB/151MB, paused 1.147ms total 45.726ms
08-05 18:50:45.082  8341  8619 I art     : Starting a blocking GC Explicit
08-05 18:50:45.086  9738  9738 D ICU     : No timezone override file found: /data/misc/zoneinfo/current/icu/icu_tzdata.dat
08-05 18:50:45.128  8341  8619 I art     : Explicit concurrent mark sweep GC freed 14(720B) AllocSpace objects, 0(0B) LOS objects, 10% free, 135MB/151MB, paused 1.307ms total 44.967ms
08-05 18:50:45.133  9738  9738 I Radio-JNI: register_android_hardware_Radio DONE
08-05 18:50:45.145  8341  8619 I art     : Starting a blocking GC Explicit
08-05 18:50:45.163  9738  9738 D AndroidRuntime: Calling main entry com.android.commands.input.Input
08-05 18:50:45.165  9738  9738 I Input   : injectKeyEvent: KeyEvent { action=ACTION_DOWN, keyCode=KEYCODE_BACK, scanCode=0, metaState=0, flags=0x0, repeatCount=0, eventTime=816661578, downTime=816661578, deviceId=-1, source=0x101 }
08-05 18:50:45.172  9738  9738 I Input   : injectKeyEvent: KeyEvent { action=ACTION_UP, keyCode=KEYCODE_BACK, scanCode=0, metaState=0, flags=0x0, repeatCount=0, eventTime=816661578, downTime=816661578, deviceId=-1, source=0x101 }
08-05 18:50:45.177  9738  9738 D AndroidRuntime: Shutting down VM
08-05 18:50:45.187  8341  8619 I art     : Explicit concurrent mark sweep GC freed 53(2256B) AllocSpace objects, 0(0B) LOS objects, 10% free, 135MB/151MB, paused 1.241ms total 42.605ms
08-05 18:50:45.188  8341  8341 V MainActivity: url = https://project-travel-mate.herokuapp.com/api/number-of-unread-notifications
08-05 18:50:45.205  8341  8619 I art     : Starting a blocking GC Explicit
08-05 18:50:45.217 13866 13866 I GoogleInputMethodServic: GoogleInputMethodService.onFinishInput():3138 
08-05 18:50:45.218 13866 13866 I GoogleInputMethodServic: GoogleInputMethodService.onStartInput():1808 
08-05 18:50:45.245  8341  8619 I art     : Explicit concurrent mark sweep GC freed 340(13KB) AllocSpace objects, 0(0B) LOS objects, 10% free, 135MB/151MB, paused 1.299ms total 39.583ms
08-05 18:50:45.506   380   380 W SurfaceFlinger: couldn't log to binary event log: overflow.
08-05 18:50:45.612  8341  8353 I art     : Starting a blocking GC Explicit
08-05 18:50:45.658  8341  8353 I art     : Explicit concurrent mark sweep GC freed 2181(120KB) AllocSpace objects, 2(36KB) LOS objects, 10% free, 135MB/151MB, paused 1.211ms total 46.532ms
08-05 18:50:45.676  8341  8353 I art     : Starting a blocking GC Explicit
08-05 18:50:45.721  8341  8353 I art     : Explicit concurrent mark sweep GC freed 174(8KB) AllocSpace objects, 0(0B) LOS objects, 10% free, 135MB/151MB, paused 1.159ms total 45.335ms
08-05 18:50:45.739  8341  8353 I art     : Starting a blocking GC Explicit
08-05 18:50:45.784  8341  8353 I art     : Explicit concurrent mark sweep GC freed 3(96B) AllocSpace objects, 0(0B) LOS objects, 10% free, 135MB/151MB, paused 1.148ms total 45ms
08-05 18:50:45.803  8341  8353 I art     : Starting a blocking GC Explicit
08-05 18:50:45.852  8341  8353 I art     : Explicit concurrent mark sweep GC freed 3(96B) AllocSpace objects, 0(0B) LOS objects, 10% free, 135MB/151MB, paused 1.180ms total 48.461ms
08-05 18:50:45.870  8341  8353 I art     : Starting a blocking GC Explicit
08-05 18:50:45.914  8341  8353 I art     : Explicit concurrent mark sweep GC freed 3(96B) AllocSpace objects, 0(0B) LOS objects, 10% free, 135MB/151MB, paused 1.163ms total 44.140ms
08-05 18:50:46.044  8341  9762 I NAPPA_EXPERIMENTATION: MetricNetworkRequestExecutionTime: REQUEST_DURATION_SYSTEM='854',REQUEST_DURATION_OKHTTP='35',REQUEST_SYNCHRONOUS='FALSE',RESPONSE_CODE='200',RESPONSE_METHOD='GET',RESPONSE_LENGTH_OKHTTP='36',RESPONSE_LENGTH_HEADER='36',REQUEST_PROTOCOL='http/1.1',REQUEST_URL='https://project-travel-mate.herokuapp.com/api/number-of-unread-notifications',
08-05 18:50:46.303  8341  8354 I art     : Starting a blocking GC Explicit
08-05 18:50:46.359  8341  8354 I art     : Explicit concurrent mark sweep GC freed 4414(240KB) AllocSpace objects, 5(236KB) LOS objects, 10% free, 135MB/151MB, paused 1.250ms total 55.424ms
08-05 18:50:46.380  8341  8354 I art     : Starting a blocking GC Explicit
08-05 18:50:46.424  8341  8354 I art     : Explicit concurrent mark sweep GC freed 962(117KB) AllocSpace objects, 0(0B) LOS objects, 10% free, 135MB/151MB, paused 1.027ms total 44.143ms
08-05 18:50:46.442  8341  8354 I art     : Starting a blocking GC Explicit
08-05 18:50:46.485  8341  8354 I art     : Explicit concurrent mark sweep GC freed 3(96B) AllocSpace objects, 0(0B) LOS objects, 10% free, 135MB/151MB, paused 1.149ms total 43.145ms
08-05 18:50:46.502  8341  8354 I art     : Starting a blocking GC Explicit
08-05 18:50:46.545  8341  8354 I art     : Explicit concurrent mark sweep GC freed 3(96B) AllocSpace objects, 0(0B) LOS objects, 10% free, 135MB/151MB, paused 1.182ms total 42.686ms
08-05 18:50:46.562  8341  8354 I art     : Starting a blocking GC Explicit
08-05 18:50:46.605  8341  8354 I art     : Explicit concurrent mark sweep GC freed 3(96B) AllocSpace objects, 0(0B) LOS objects, 10% free, 135MB/151MB, paused 1.136ms total 42.995ms
08-05 18:50:46.959  9784  9784 D AndroidRuntime: >>>>>> START com.android.internal.os.RuntimeInit uid 2000 <<<<<<
08-05 18:50:46.966  9784  9784 D AndroidRuntime: CheckJNI is OFF
08-05 18:50:46.999  8341  8354 I art     : Starting a blocking GC Explicit
08-05 18:50:47.015  9784  9784 D ICU     : No timezone override file found: /data/misc/zoneinfo/current/icu/icu_tzdata.dat
08-05 18:50:47.049  8341  8354 I art     : Explicit concurrent mark sweep GC freed 1609(92KB) AllocSpace objects, 2(36KB) LOS objects, 10% free, 135MB/151MB, paused 1.165ms total 49.577ms
08-05 18:50:47.064  9784  9784 I Radio-JNI: register_android_hardware_Radio DONE
08-05 18:50:47.069  8341  8354 I art     : Starting a blocking GC Explicit
08-05 18:50:47.096  9784  9784 D AndroidRuntime: Calling main entry com.android.commands.input.Input
08-05 18:50:47.099  9784  9784 I Input   : injectMotionEvent: MotionEvent { action=ACTION_DOWN, actionButton=0, id[0]=0, x[0]=657.0, y[0]=2037.0, toolType[0]=TOOL_TYPE_UNKNOWN, buttonState=0, metaState=0, flags=0x0, edgeFlags=0x0, pointerCount=1, historySize=0, eventTime=816663511, downTime=816663511, deviceId=0, source=0x1002 }
08-05 18:50:47.105  9784  9784 I Input   : injectMotionEvent: MotionEvent { action=ACTION_UP, actionButton=0, id[0]=0, x[0]=657.0, y[0]=2037.0, toolType[0]=TOOL_TYPE_UNKNOWN, buttonState=0, metaState=0, flags=0x0, edgeFlags=0x0, pointerCount=1, historySize=0, eventTime=816663511, downTime=816663511, deviceId=0, source=0x1002 }
08-05 18:50:47.108  9784  9784 D AndroidRuntime: Shutting down VM
08-05 18:50:47.109   512  2967 D audio_hw_primary: out_set_parameters: enter: usecase(1: low-latency-playback) kvpairs: routing=2
08-05 18:50:47.114  8341  8354 I art     : Explicit concurrent mark sweep GC freed 37(5KB) AllocSpace objects, 0(0B) LOS objects, 10% free, 135MB/151MB, paused 2.211ms total 44.852ms
08-05 18:50:47.114   918  5132 I ActivityManager: START u0 {cmp=baseline.io.github.project_travel_mate/.utilities.CompassActivity} from uid 10674 on display 0
08-05 18:50:47.122   512  2967 D audio_hw_primary: select_devices: out_snd_device(2: speaker) in_snd_device(0: none)
08-05 18:50:47.122   512  2967 D msm8974_platform: platform_send_audio_calibration: sending audio calibration for snd_device(2) acdb_id(15)
08-05 18:50:47.122   512  2967 I soundtrigger: audio_extn_sound_trigger_update_device_status: device 0x2 of type 0 for Event 1
08-05 18:50:47.132  8341  8354 I art     : Starting a blocking GC Explicit
08-05 18:50:47.133   512  2967 D audio_hw_primary: enable_snd_device: snd_device(2: speaker)
08-05 18:50:47.135   512  2967 D audio_hw_primary: enable_audio_route: apply and update mixer path: low-latency-playback speaker
08-05 18:50:47.172  8341  8354 I art     : Explicit concurrent mark sweep GC freed 310(35KB) AllocSpace objects, 0(0B) LOS objects, 10% free, 135MB/151MB, paused 1.192ms total 39.624ms
08-05 18:50:47.188  8341  8354 I art     : Starting a blocking GC Explicit
08-05 18:50:47.229  8341  8354 I art     : Explicit concurrent mark sweep GC freed 177(8KB) AllocSpace objects, 0(0B) LOS objects, 7% free, 184MB/200MB, paused 1.193ms total 40.846ms
08-05 18:50:47.246  8341  8354 I art     : Starting a blocking GC Explicit
08-05 18:50:47.290  8341  8354 I art     : Explicit concurrent mark sweep GC freed 43(2112B) AllocSpace objects, 0(0B) LOS objects, 7% free, 184MB/200MB, paused 1.252ms total 43.044ms
08-05 18:50:47.669   512  2967 D audio_hw_primary: disable_audio_route: reset and update mixer path: low-latency-playback speaker
08-05 18:50:47.670   512  2967 D audio_hw_primary: disable_snd_device: snd_device(2: speaker)
08-05 18:50:47.679   512  2967 I soundtrigger: audio_extn_sound_trigger_update_device_status: device 0x2 of type 0 for Event 0
08-05 18:50:47.688  8341  8341 D CompassActivity: start compass
08-05 18:50:47.689   918  5952 I sensors : batch
08-05 18:50:47.689   918  5952 I sensors : activate
08-05 18:50:47.690   918   929 I sensors : batch
08-05 18:50:47.690   918   929 I sensors : activate
08-05 18:50:47.694  8341  8341 I Choreographer: Skipped 33 frames!  The application may be doing too much work on its main thread.
08-05 18:50:47.696   918  3188 I hubconnection: sensorhub said: 'batch 1 flags:0, sampling_rate_Hz:50.00, max_report_latency_us:0'
08-05 18:50:47.697   918  3188 I hubconnection: sensorhub said: 'activate 1 enable:1'
08-05 18:50:47.699   918  3188 I hubconnection: sensorhub said: 'batch 3 flags:0, sampling_rate_Hz:50.00, max_report_latency_us:0'
08-05 18:50:47.700   918  3188 I hubconnection: sensorhub said: 'activate 3 enable:1'
08-05 18:50:47.703  8341  8353 I art     : Starting a blocking GC Explicit
08-05 18:50:47.746  8341  8353 I art     : Explicit concurrent mark sweep GC freed 1790(102KB) AllocSpace objects, 2(36KB) LOS objects, 7% free, 187MB/203MB, paused 975us total 42.985ms
08-05 18:50:47.755 13866 13866 I GoogleInputMethodServic: GoogleInputMethodService.onFinishInput():3138 
08-05 18:50:47.757 13866 13866 I GoogleInputMethodServic: GoogleInputMethodService.onStartInput():1808 
08-05 18:50:47.765  8341  8353 I art     : Starting a blocking GC Explicit
08-05 18:50:47.807  8341  8353 I art     : Explicit concurrent mark sweep GC freed 132(4KB) AllocSpace objects, 0(0B) LOS objects, 7% free, 187MB/203MB, paused 990us total 41.821ms
08-05 18:50:47.826  8341  8353 I art     : Starting a blocking GC Explicit
08-05 18:50:47.874  8341  8353 I art     : Explicit concurrent mark sweep GC freed 23(832B) AllocSpace objects, 0(0B) LOS objects, 7% free, 187MB/203MB, paused 1.159ms total 48.304ms
08-05 18:50:47.886  8341  8341 D CompassActivity: will set rotation from 0.0 to 181.53992
08-05 18:50:47.886  8341  8341 D CompassActivity: will set rotation from 181.53992 to 181.2668
08-05 18:50:47.886  8341  8341 D CompassActivity: will set rotation from 181.2668 to 181.27083
08-05 18:50:47.887  8341  8341 D CompassActivity: will set rotation from 181.27083 to 181.00726
08-05 18:50:47.887  8341  8341 D CompassActivity: will set rotation from 181.00726 to 181.01224
08-05 18:50:47.890   918   936 I ActivityManager: Displayed baseline.io.github.project_travel_mate/.utilities.CompassActivity: +766ms
08-05 18:50:47.893  8341  8353 I art     : Starting a blocking GC Explicit
08-05 18:50:47.932  8341  8353 I art     : Explicit concurrent mark sweep GC freed 41(3KB) AllocSpace objects, 0(0B) LOS objects, 7% free, 187MB/203MB, paused 1.093ms total 38.651ms
08-05 18:50:47.951  8341  8353 I art     : Starting a blocking GC Explicit
08-05 18:50:47.978  8341  8341 D CompassActivity: will set rotation from 181.01224 to 181.00606
08-05 18:50:47.978  8341  8341 D CompassActivity: will set rotation from 181.00606 to 181.00488
08-05 18:50:47.979  8341  8341 D CompassActivity: will set rotation from 181.00488 to 181.21556
08-05 18:50:47.979  8341  8341 D CompassActivity: will set rotation from 181.21556 to 181.22047
08-05 18:50:47.979  8341  8341 D CompassActivity: will set rotation from 181.22047 to 181.09152
08-05 18:50:47.979  8341  8341 D CompassActivity: will set rotation from 181.09152 to 181.08551
08-05 18:50:47.979  8341  8341 D CompassActivity: will set rotation from 181.08551 to 180.99611
08-05 18:50:47.979  8341  8341 D CompassActivity: will set rotation from 180.99611 to 180.99886
08-05 18:50:47.993  8341  8353 I art     : Explicit concurrent mark sweep GC freed 111(6KB) AllocSpace objects, 0(0B) LOS objects, 7% free, 187MB/203MB, paused 1.063ms total 42.138ms
08-05 18:50:48.060  8341  8341 D CompassActivity: will set rotation from 180.99886 to 180.93437
08-05 18:50:48.061  8341  8341 D CompassActivity: will set rotation from 180.93437 to 180.9431
08-05 18:50:48.061  8341  8341 D CompassActivity: will set rotation from 180.9431 to 181.01486
08-05 18:50:48.061  8341  8341 D CompassActivity: will set rotation from 181.01486 to 181.01842
08-05 18:50:48.061  8341  8341 D CompassActivity: will set rotation from 181.01842 to 180.84702
08-05 18:50:48.061  8341  8341 D CompassActivity: will set rotation from 180.84702 to 180.84915
08-05 18:50:48.061  8341  8341 D CompassActivity: will set rotation from 180.84915 to 180.87727
08-05 18:50:48.061  8341  8341 D CompassActivity: will set rotation from 180.87727 to 180.87727
08-05 18:50:48.061  8341  8341 D CompassActivity: will set rotation from 180.87727 to 180.93655
08-05 18:50:48.062  8341  8341 D CompassActivity: will set rotation from 180.93655 to 180.93437
08-05 18:50:48.096  8341  8341 D CompassActivity: will set rotation from 180.93437 to 180.94722
08-05 18:50:48.096  8341  8341 D CompassActivity: will set rotation from 180.94722 to 180.94623
08-05 18:50:48.101  8341  8341 D CompassActivity: will set rotation from 180.94623 to 180.95923
08-05 18:50:48.101  8341  8341 D CompassActivity: will set rotation from 180.95923 to 180.95767
08-05 18:50:48.122  8341  8341 D CompassActivity: will set rotation from 180.95767 to 180.88359
08-05 18:50:48.123  8341  8341 D CompassActivity: will set rotation from 180.88359 to 180.88223
08-05 18:50:48.141  8341  8341 D CompassActivity: will set rotation from 180.88223 to 180.81766
08-05 18:50:48.141  8341  8341 D CompassActivity: will set rotation from 180.81766 to 180.81995
08-05 18:50:48.142   380   380 W SurfaceFlinger: couldn't log to binary event log: overflow.
08-05 18:50:48.161  8341  8341 D CompassActivity: will set rotation from 180.81995 to 180.83516
08-05 18:50:48.161  8341  8341 D CompassActivity: will set rotation from 180.83516 to 180.83304
08-05 18:50:48.180  8341  8341 D CompassActivity: will set rotation from 180.83304 to 180.91995
08-05 18:50:48.181  8341  8341 D CompassActivity: will set rotation from 180.91995 to 180.91904
08-05 18:50:48.200  8341  8341 D CompassActivity: will set rotation from 180.91904 to 180.86386
08-05 18:50:48.201  8341  8341 D CompassActivity: will set rotation from 180.86386 to 180.86356
08-05 18:50:48.221  8341  8341 D CompassActivity: will set rotation from 180.86356 to 180.87904
08-05 18:50:48.221  8341  8341 D CompassActivity: will set rotation from 180.87904 to 180.87741
08-05 18:50:48.240  8341  8341 D CompassActivity: will set rotation from 180.87741 to 180.85883
08-05 18:50:48.241  8341  8341 D CompassActivity: will set rotation from 180.85883 to 180.85686
08-05 18:50:48.351  8341  8341 D CompassActivity: will set rotation from 180.85686 to 180.89957
08-05 18:50:48.351  8341  8341 D CompassActivity: will set rotation from 180.89957 to 180.89873
08-05 18:50:48.351  8341  8341 D CompassActivity: will set rotation from 180.89873 to 180.6765
08-05 18:50:48.352  8341  8341 D CompassActivity: will set rotation from 180.6765 to 180.67221
08-05 18:50:48.352  8341  8341 D CompassActivity: will set rotation from 180.67221 to 180.72432
08-05 18:50:48.352  8341  8341 D CompassActivity: will set rotation from 180.72432 to 180.72162
08-05 18:50:48.352  8341  8341 D CompassActivity: will set rotation from 180.72162 to 180.70877
08-05 18:50:48.352  8341  8341 D CompassActivity: will set rotation from 180.70877 to 180.70734
08-05 18:50:48.352  8341  8341 D CompassActivity: will set rotation from 180.70734 to 180.72838
08-05 18:50:48.352  8341  8341 D CompassActivity: will set rotation from 180.72838 to 180.72748
08-05 18:50:48.369  8341  8341 D CompassActivity: will set rotation from 180.72748 to 180.74248
08-05 18:50:48.369  8341  8341 D CompassActivity: will set rotation from 180.74248 to 180.74437
08-05 18:50:48.380  8341  8341 D CompassActivity: will set rotation from 180.74437 to 180.78577
08-05 18:50:48.380  8341  8341 D CompassActivity: will set rotation from 180.78577 to 180.78606
08-05 18:50:48.400  8341  8341 D CompassActivity: will set rotation from 180.78606 to 180.84856
08-05 18:50:48.400  8341  8341 D CompassActivity: will set rotation from 180.84856 to 180.84935
08-05 18:50:48.420  8341  8341 D CompassActivity: will set rotation from 180.84935 to 180.8573
08-05 18:50:48.420  8341  8341 D CompassActivity: will set rotation from 180.8573 to 180.85844
08-05 18:50:48.433  8341  8619 I art     : Starting a blocking GC Explicit
08-05 18:50:48.440  8341  8341 D CompassActivity: will set rotation from 180.85844 to 180.86815
08-05 18:50:48.441  8341  8341 D CompassActivity: will set rotation from 180.86815 to 180.86887
08-05 18:50:48.462  8341  8341 D CompassActivity: will set rotation from 180.86887 to 180.8985
08-05 18:50:48.463  8341  8341 D CompassActivity: will set rotation from 180.8985 to 180.89815
08-05 18:50:48.482  8341  8341 D CompassActivity: will set rotation from 180.89815 to 180.90503
08-05 18:50:48.482  8341  8341 D CompassActivity: will set rotation from 180.90503 to 180.90176
08-05 18:50:48.486  8341  8619 I art     : Explicit concurrent mark sweep GC freed 2141(125KB) AllocSpace objects, 2(36KB) LOS objects, 7% free, 187MB/203MB, paused 971us total 52.051ms
08-05 18:50:48.501  8341  8341 D CompassActivity: will set rotation from 180.90176 to 180.86238
08-05 18:50:48.501  8341  8341 D CompassActivity: will set rotation from 180.86238 to 180.85919
08-05 18:50:48.507  8341  8619 I art     : Starting a blocking GC Explicit
08-05 18:50:48.521  8341  8341 D CompassActivity: will set rotation from 180.85919 to 180.8446
08-05 18:50:48.521  8341  8341 D CompassActivity: will set rotation from 180.8446 to 180.84601
08-05 18:50:48.540  8341  8341 D CompassActivity: will set rotation from 180.84601 to 180.85359
08-05 18:50:48.540  8341  8341 D CompassActivity: will set rotation from 180.85359 to 180.85258
08-05 18:50:48.555  8341  8619 I art     : Explicit concurrent mark sweep GC freed 774(31KB) AllocSpace objects, 0(0B) LOS objects, 7% free, 187MB/203MB, paused 1.032ms total 47.680ms
08-05 18:50:48.561  8341  8341 D CompassActivity: will set rotation from 180.85258 to 180.83876
08-05 18:50:48.562  8341  8341 D CompassActivity: will set rotation from 180.83876 to 180.84077
08-05 18:50:48.574  8341  8619 I art     : Starting a blocking GC Explicit
08-05 18:50:48.581  8341  8341 D CompassActivity: will set rotation from 180.84077 to 180.85101
08-05 18:50:48.581  8341  8341 D CompassActivity: will set rotation from 180.85101 to 180.85162
08-05 18:50:48.600  8341  8341 D CompassActivity: will set rotation from 180.85162 to 180.86201
08-05 18:50:48.600  8341  8341 D CompassActivity: will set rotation from 180.86201 to 180.86134
08-05 18:50:48.621  8341  8341 D CompassActivity: will set rotation from 180.86134 to 180.91159
08-05 18:50:48.622  8341  8341 D CompassActivity: will set rotation from 180.91159 to 180.91086
08-05 18:50:48.625  8341  8619 I art     : Explicit concurrent mark sweep GC freed 146(7KB) AllocSpace objects, 0(0B) LOS objects, 7% free, 187MB/203MB, paused 1.081ms total 51.017ms
08-05 18:50:48.626  8341  8352 I art     : WaitForGcToComplete blocked for 21.459ms for cause HeapTrim
08-05 18:50:48.640  8341  8341 D CompassActivity: will set rotation from 180.91086 to 180.93904
08-05 18:50:48.641  8341  8341 D CompassActivity: will set rotation from 180.93904 to 180.93925
08-05 18:50:48.646  8341  8619 I art     : Starting a blocking GC Explicit
08-05 18:50:48.662  8341  8341 D CompassActivity: will set rotation from 180.93925 to 180.9446
08-05 18:50:48.662  8341  8341 D CompassActivity: will set rotation from 180.9446 to 180.94647
08-05 18:50:48.680  8341  8341 D CompassActivity: will set rotation from 180.94647 to 180.92926
08-05 18:50:48.681  8341  8341 D CompassActivity: will set rotation from 180.92926 to 180.92894
08-05 18:50:48.699  8341  8619 I art     : Explicit concurrent mark sweep GC freed 173(8KB) AllocSpace objects, 0(0B) LOS objects, 7% free, 187MB/203MB, paused 1.137ms total 52.277ms
08-05 18:50:48.700  8341  8341 D CompassActivity: will set rotation from 180.92894 to 180.95303
08-05 18:50:48.700  8341  8341 D CompassActivity: will set rotation from 180.95303 to 180.95071
08-05 18:50:48.717  8341  8619 I art     : Starting a blocking GC Explicit
08-05 18:50:48.719  8341  8341 D CompassActivity: will set rotation from 180.95071 to 180.97327
08-05 18:50:48.720  8341  8341 D CompassActivity: will set rotation from 180.97327 to 180.97269
08-05 18:50:48.739  8341  8341 D CompassActivity: will set rotation from 180.97269 to 180.97429
08-05 18:50:48.739  8341  8341 D CompassActivity: will set rotation from 180.97429 to 180.9746
08-05 18:50:48.759  8341  8341 D CompassActivity: will set rotation from 180.9746 to 180.9975
08-05 18:50:48.760  8341  8341 D CompassActivity: will set rotation from 180.9975 to 180.997
08-05 18:50:48.768  8341  8619 I art     : Explicit concurrent mark sweep GC freed 172(8KB) AllocSpace objects, 0(0B) LOS objects, 7% free, 187MB/203MB, paused 996us total 50.622ms
08-05 18:50:48.780  8341  8341 D CompassActivity: will set rotation from 180.997 to 180.9967
08-05 18:50:48.781  8341  8341 D CompassActivity: will set rotation from 180.9967 to 180.99905
08-05 18:50:48.799  8341  8341 D CompassActivity: will set rotation from 180.99905 to 180.99875
08-05 18:50:48.800  8341  8341 D CompassActivity: will set rotation from 180.99875 to 180.99568
08-05 18:50:48.818  8341  8341 D CompassActivity: will set rotation from 180.99568 to 180.96162
08-05 18:50:48.819  8341  8341 D CompassActivity: will set rotation from 180.96162 to 180.96155
08-05 18:50:48.840  8341  8341 D CompassActivity: will set rotation from 180.96155 to 180.9838
08-05 18:50:48.840  8341  8341 D CompassActivity: will set rotation from 180.9838 to 180.98486
08-05 18:50:48.859  8341  8341 D CompassActivity: will set rotation from 180.98486 to 180.93478
08-05 18:50:48.859  8341  8341 D CompassActivity: will set rotation from 180.93478 to 180.93669
08-05 18:50:48.881  8341  8341 D CompassActivity: will set rotation from 180.93669 to 180.93951
08-05 18:50:48.881  8341  8341 D CompassActivity: will set rotation from 180.93951 to 180.94057
08-05 18:50:48.899  8341  8341 D CompassActivity: will set rotation from 180.94057 to 180.94624
08-05 18:50:48.899  8341  8341 D CompassActivity: will set rotation from 180.94624 to 180.94415
08-05 18:50:48.919  8341  8341 D CompassActivity: will set rotation from 180.94415 to 180.9848
08-05 18:50:48.919  8341  8341 D CompassActivity: will set rotation from 180.9848 to 180.98396
08-05 18:50:48.939  8341  8341 D CompassActivity: will set rotation from 180.98396 to 180.98788
08-05 18:50:48.940  8341  8341 D CompassActivity: will set rotation from 180.98788 to 180.98817
08-05 18:50:48.959  8341  8341 D CompassActivity: will set rotation from 180.98817 to 180.98854
08-05 18:50:48.960  8341  8341 D CompassActivity: will set rotation from 180.98854 to 180.98805
08-05 18:50:48.981  8341  8341 D CompassActivity: will set rotation from 180.98805 to 180.97171
08-05 18:50:48.982  8341  8341 D CompassActivity: will set rotation from 180.97171 to 180.97008
08-05 18:50:48.998  8341  8341 D CompassActivity: will set rotation from 180.97008 to 180.9899
08-05 18:50:48.999  8341  8341 D CompassActivity: will set rotation from 180.9899 to 180.98996
08-05 18:50:49.018  8341  8341 D CompassActivity: will set rotation from 180.98996 to 180.97325
08-05 18:50:49.018  8341  8341 D CompassActivity: will set rotation from 180.97325 to 180.97473
08-05 18:50:49.038  8341  8341 D CompassActivity: will set rotation from 180.97473 to 180.95842
08-05 18:50:49.039  8341  8341 D CompassActivity: will set rotation from 180.95842 to 180.95938
08-05 18:50:49.058  8341  8341 D CompassActivity: will set rotation from 180.95938 to 180.96158
08-05 18:50:49.058  8341  8341 D CompassActivity: will set rotation from 180.96158 to 180.96022
08-05 18:50:49.080  8341  8341 D CompassActivity: will set rotation from 180.96022 to 180.9777
08-05 18:50:49.081  8341  8341 D CompassActivity: will set rotation from 180.9777 to 180.97568
08-05 18:50:49.098  8341  8341 D CompassActivity: will set rotation from 180.97568 to 180.97504
08-05 18:50:49.099  8341  8341 D CompassActivity: will set rotation from 180.97504 to 180.9761
08-05 18:50:49.118  8341  8341 D CompassActivity: will set rotation from 180.9761 to 180.97836
08-05 18:50:49.118  8341  8341 D CompassActivity: will set rotation from 180.97836 to 180.97975
08-05 18:50:49.137  8341  8341 D CompassActivity: will set rotation from 180.97975 to 180.93509
08-05 18:50:49.138  8341  8341 D CompassActivity: will set rotation from 180.93509 to 180.93536
08-05 18:50:49.157  8341  8341 D CompassActivity: will set rotation from 180.93536 to 180.93835
08-05 18:50:49.158  8341  8341 D CompassActivity: will set rotation from 180.93835 to 180.93867
08-05 18:50:49.179  8341  8341 D CompassActivity: will set rotation from 180.93867 to 180.95908
08-05 18:50:49.180  8341  8341 D CompassActivity: will set rotation from 180.95908 to 180.9597
08-05 18:50:49.198  8341  8341 D CompassActivity: will set rotation from 180.9597 to 180.97833
08-05 18:50:49.199  8341  8354 I art     : Starting a blocking GC Explicit
08-05 18:50:49.199  8341  8341 D CompassActivity: will set rotation from 180.97833 to 180.97754
08-05 18:50:49.218  8341  8341 D CompassActivity: will set rotation from 180.97754 to 180.99626
08-05 18:50:49.219  8341  8341 D CompassActivity: will set rotation from 180.99626 to 180.99435
08-05 18:50:49.238  8341  8341 D CompassActivity: will set rotation from 180.99435 to 180.99701
08-05 18:50:49.238  8341  8341 D CompassActivity: will set rotation from 180.99701 to 180.99846
08-05 18:50:49.252  8341  8354 I art     : Explicit concurrent mark sweep GC freed 2014(120KB) AllocSpace objects, 2(36KB) LOS objects, 7% free, 187MB/203MB, paused 1.012ms total 53.576ms
08-05 18:50:49.258  8341  8341 D CompassActivity: will set rotation from 180.99846 to 180.98225
08-05 18:50:49.259  8341  8341 D CompassActivity: will set rotation from 180.98225 to 180.98288
08-05 18:50:49.273  8341  8354 I art     : Starting a blocking GC Explicit
08-05 18:50:49.279  8341  8341 D CompassActivity: will set rotation from 180.98288 to 180.98653
08-05 18:50:49.280  8341  8341 D CompassActivity: will set rotation from 180.98653 to 180.98605
08-05 18:50:49.299  8341  8341 D CompassActivity: will set rotation from 180.98605 to 180.97151
08-05 18:50:49.300  8341  8341 D CompassActivity: will set rotation from 180.97151 to 180.9707
08-05 18:50:49.320  8341  8341 D CompassActivity: will set rotation from 180.9707 to 180.95589
08-05 18:50:49.321  8341  8341 D CompassActivity: will set rotation from 180.95589 to 180.95554
08-05 18:50:49.326  8341  8354 I art     : Explicit concurrent mark sweep GC freed 813(32KB) AllocSpace objects, 0(0B) LOS objects, 7% free, 187MB/203MB, paused 1.130ms total 52.321ms
08-05 18:50:49.339  8341  8341 D CompassActivity: will set rotation from 180.95554 to 180.94382
08-05 18:50:49.340  8341  8341 D CompassActivity: will set rotation from 180.94382 to 180.94478
08-05 18:50:49.348  8341  8354 I art     : Starting a blocking GC Explicit
08-05 18:50:49.357  8341  8341 D CompassActivity: will set rotation from 180.94478 to 180.9488
08-05 18:50:49.357  8341  8341 D CompassActivity: will set rotation from 180.9488 to 180.94908
08-05 18:50:49.376  8341  8341 D CompassActivity: will set rotation from 180.94908 to 180.98508
08-05 18:50:49.377  8341  8341 D CompassActivity: will set rotation from 180.98508 to 180.98286
08-05 18:50:49.389  8341  8354 I art     : Explicit concurrent mark sweep GC freed 150(7KB) AllocSpace objects, 0(0B) LOS objects, 7% free, 187MB/203MB, paused 1.055ms total 41.221ms
08-05 18:50:49.397  8341  8341 D CompassActivity: will set rotation from 180.98286 to 180.96803
08-05 18:50:49.398  8341  8341 D CompassActivity: will set rotation from 180.96803 to 180.9677
08-05 18:50:49.406  8341  8354 I art     : Starting a blocking GC Explicit
08-05 18:50:49.416  8341  8341 D CompassActivity: will set rotation from 180.9677 to 180.95448
08-05 18:50:49.416  8341  8341 D CompassActivity: will set rotation from 180.95448 to 180.95303
08-05 18:50:49.436  8341  8341 D CompassActivity: will set rotation from 180.95303 to 180.90805
08-05 18:50:49.436  8341  8341 D CompassActivity: will set rotation from 180.90805 to 180.90894
08-05 18:50:49.448  8341  8354 I art     : Explicit concurrent mark sweep GC freed 161(7KB) AllocSpace objects, 0(0B) LOS objects, 7% free, 187MB/203MB, paused 1.033ms total 40.991ms
08-05 18:50:49.456  8341  8341 D CompassActivity: will set rotation from 180.90894 to 180.87862
08-05 18:50:49.457  8341  8341 D CompassActivity: will set rotation from 180.87862 to 180.87943
08-05 18:50:49.466  8341  8354 I art     : Starting a blocking GC Explicit
08-05 18:50:49.477  8341  8341 D CompassActivity: will set rotation from 180.87943 to 180.88469
08-05 18:50:49.477  8341  8341 D CompassActivity: will set rotation from 180.88469 to 180.88539
08-05 18:50:49.498  8341  8341 D CompassActivity: will set rotation from 180.88539 to 180.87173
08-05 18:50:49.499  8341  8341 D CompassActivity: will set rotation from 180.87173 to 180.87164
08-05 18:50:49.514  8341  8354 I art     : Explicit concurrent mark sweep GC freed 116(5KB) AllocSpace objects, 0(0B) LOS objects, 7% free, 187MB/203MB, paused 1.298ms total 46.812ms
08-05 18:50:49.517  8341  8341 D CompassActivity: will set rotation from 180.87164 to 180.87686
08-05 18:50:49.517  8341  8341 D CompassActivity: will set rotation from 180.87686 to 180.87714
08-05 18:50:49.535  8341  8341 D CompassActivity: will set rotation from 180.87714 to 180.89706
08-05 18:50:49.536  8341  8341 D CompassActivity: will set rotation from 180.89706 to 180.89883
08-05 18:50:49.556  8341  8341 D CompassActivity: will set rotation from 180.89883 to 180.8867
08-05 18:50:49.556  8341  8341 D CompassActivity: will set rotation from 180.8867 to 180.88705
08-05 18:50:49.575  8341  8341 D CompassActivity: will set rotation from 180.88705 to 180.92538
08-05 18:50:49.576  8341  8341 D CompassActivity: will set rotation from 180.92538 to 180.92427
08-05 18:50:49.597  8341  8341 D CompassActivity: will set rotation from 180.92427 to 181.0098
08-05 18:50:49.597  8341  8341 D CompassActivity: will set rotation from 181.0098 to 181.00836
08-05 18:50:49.615  8341  8341 D CompassActivity: will set rotation from 181.00836 to 181.0878
08-05 18:50:49.615  8341  8341 D CompassActivity: will set rotation from 181.0878 to 181.08563
08-05 18:50:49.635  8341  8341 D CompassActivity: will set rotation from 181.08563 to 181.18025
08-05 18:50:49.636  8341  8341 D CompassActivity: will set rotation from 181.18025 to 181.17778
08-05 18:50:49.655  8341  8341 D CompassActivity: will set rotation from 181.17778 to 181.2857
08-05 18:50:49.655  8341  8341 D CompassActivity: will set rotation from 181.2857 to 181.28616
08-05 18:50:49.675  8341  8341 D CompassActivity: will set rotation from 181.28616 to 181.2953
08-05 18:50:49.675  8341  8341 D CompassActivity: will set rotation from 181.2953 to 181.29578
08-05 18:50:49.696  8341  8341 D CompassActivity: will set rotation from 181.29578 to 181.2865
08-05 18:50:49.696  8341  8341 D CompassActivity: will set rotation from 181.2865 to 181.28902
08-05 18:50:49.715  8341  8341 D CompassActivity: will set rotation from 181.28902 to 181.31172
08-05 18:50:49.716  8341  8341 D CompassActivity: will set rotation from 181.31172 to 181.31163
08-05 18:50:49.735  8341  8341 D CompassActivity: will set rotation from 181.31163 to 181.27266
08-05 18:50:49.735  8341  8341 D CompassActivity: will set rotation from 181.27266 to 181.27025
08-05 18:50:49.755  8341  8341 D CompassActivity: will set rotation from 181.27025 to 181.23462
08-05 18:50:49.755  8341  8341 D CompassActivity: will set rotation from 181.23462 to 181.2354
08-05 18:50:49.774  8341  8341 D CompassActivity: will set rotation from 181.2354 to 181.21141
08-05 18:50:49.775  8341  8341 D CompassActivity: will set rotation from 181.21141 to 181.2092
08-05 18:50:49.795  8341  8341 D CompassActivity: will set rotation from 181.2092 to 181.1856
08-05 18:50:49.795  8341  8341 D CompassActivity: will set rotation from 181.1856 to 181.18501
08-05 18:50:49.821  8341  8341 D CompassActivity: will set rotation from 181.18501 to 181.18002
08-05 18:50:49.822  8341  8341 D CompassActivity: will set rotation from 181.18002 to 181.18082
08-05 18:50:49.838  8341  8341 D CompassActivity: will set rotation from 181.18082 to 181.1595
08-05 18:50:49.839  8341  8341 D CompassActivity: will set rotation from 181.1595 to 181.15802
08-05 18:50:49.857  8341  8341 D CompassActivity: will set rotation from 181.15802 to 181.15273
08-05 18:50:49.858  8341  8341 D CompassActivity: will set rotation from 181.15273 to 181.15054
08-05 18:50:49.875  8341  8341 D CompassActivity: will set rotation from 181.15054 to 181.14806
08-05 18:50:49.876  8341  8341 D CompassActivity: will set rotation from 181.14806 to 181.14821
08-05 18:50:49.886   918  3261 D WifiStateMachine: starting scan for "H369AA63323"WPA_PSK with 2412,5180
08-05 18:50:49.891  8341  8619 I art     : Starting a blocking GC Explicit
08-05 18:50:49.897  8341  8341 D CompassActivity: will set rotation from 181.14821 to 181.13025
08-05 18:50:49.898  8341  8341 D CompassActivity: will set rotation from 181.13025 to 181.1316
08-05 18:50:49.915  8341  8341 D CompassActivity: will set rotation from 181.1316 to 181.12688
08-05 18:50:49.916  8341  8341 D CompassActivity: will set rotation from 181.12688 to 181.12921
08-05 18:50:49.935  8341  8341 D CompassActivity: will set rotation from 181.12921 to 181.09549
08-05 18:50:49.935  8341  8341 D CompassActivity: will set rotation from 181.09549 to 181.09697
08-05 18:50:49.941  8341  8619 I art     : Explicit concurrent mark sweep GC freed 1976(117KB) AllocSpace objects, 2(36KB) LOS objects, 7% free, 187MB/203MB, paused 1.193ms total 49.314ms
08-05 18:50:49.955  8341  8341 D CompassActivity: will set rotation from 181.09697 to 181.08006
08-05 18:50:49.955  8341  8341 D CompassActivity: will set rotation from 181.08006 to 181.07913
08-05 18:50:49.960  8341  8619 I art     : Starting a blocking GC Explicit
08-05 18:50:49.974  8341  8341 D CompassActivity: will set rotation from 181.07913 to 181.04652
08-05 18:50:49.975  8341  8341 D CompassActivity: will set rotation from 181.04652 to 181.04625
08-05 18:50:49.995  8341  8341 D CompassActivity: will set rotation from 181.04625 to 181.05875
08-05 18:50:49.995  8341  8341 D CompassActivity: will set rotation from 181.05875 to 181.05724
08-05 18:50:50.003  8341  8619 I art     : Explicit concurrent mark sweep GC freed 696(27KB) AllocSpace objects, 0(0B) LOS objects, 7% free, 187MB/203MB, paused 968us total 43.021ms
08-05 18:50:50.015  8341  8341 D CompassActivity: will set rotation from 181.05724 to 181.06978
08-05 18:50:50.015  8341  8341 D CompassActivity: will set rotation from 181.06978 to 181.06929
08-05 18:50:50.021  8341  8619 I art     : Starting a blocking GC Explicit
08-05 18:50:50.033  8341  8341 D CompassActivity: will set rotation from 181.06929 to 181.02202
08-05 18:50:50.034  8341  8341 D CompassActivity: will set rotation from 181.02202 to 181.02222
08-05 18:50:50.053  8341  8341 D CompassActivity: will set rotation from 181.02222 to 181.00714
08-05 18:50:50.054  8341  8341 D CompassActivity: will set rotation from 181.00714 to 181.00635
08-05 18:50:50.063  8341  8619 I art     : Explicit concurrent mark sweep GC freed 161(7KB) AllocSpace objects, 0(0B) LOS objects, 7% free, 187MB/203MB, paused 1.282ms total 41.281ms
08-05 18:50:50.074  8341  8341 D CompassActivity: will set rotation from 181.00635 to 181.01854
08-05 18:50:50.074  8341  8341 D CompassActivity: will set rotation from 181.01854 to 181.01874
08-05 18:50:50.079  8341  8619 I art     : Starting a blocking GC Explicit
08-05 18:50:50.097  8341  8341 D CompassActivity: will set rotation from 181.01874 to 181.01755
08-05 18:50:50.098  8341  8341 D CompassActivity: will set rotation from 181.01755 to 181.01733
08-05 18:50:50.119  8341  8341 D CompassActivity: will set rotation from 181.01733 to 181.0013
08-05 18:50:50.119  8341  8341 D CompassActivity: will set rotation from 181.0013 to 181.0001
08-05 18:50:50.123  8341  8619 I art     : Explicit concurrent mark sweep GC freed 113(5KB) AllocSpace objects, 0(0B) LOS objects, 7% free, 187MB/203MB, paused 1.040ms total 43.245ms
08-05 18:50:50.136  8341  8341 D CompassActivity: will set rotation from 181.0001 to 180.98643
08-05 18:50:50.137  8341  8341 D CompassActivity: will set rotation from 180.98643 to 180.98772
08-05 18:50:50.141  8341  8619 I art     : Starting a blocking GC Explicit
08-05 18:50:50.144  9838  9838 D AndroidRuntime: >>>>>> START com.android.internal.os.RuntimeInit uid 2000 <<<<<<
08-05 18:50:50.155  8341  8341 D CompassActivity: will set rotation from 180.98772 to 180.97375
08-05 18:50:50.155  8341  8341 D CompassActivity: will set rotation from 180.97375 to 180.97327
08-05 18:50:50.174  8341  8341 D CompassActivity: will set rotation from 180.97327 to 180.97588
08-05 18:50:50.174  8341  8341 D CompassActivity: will set rotation from 180.97588 to 180.97377
08-05 18:50:50.191  8341  8619 I art     : Explicit concurrent mark sweep GC freed 135(6KB) AllocSpace objects, 0(0B) LOS objects, 7% free, 187MB/203MB, paused 1.059ms total 49.700ms
08-05 18:50:50.197  9838  9838 D AndroidRuntime: CheckJNI is OFF
08-05 18:50:50.198  8341  8341 D CompassActivity: will set rotation from 180.97377 to 180.99008
08-05 18:50:50.199  8341  8341 D CompassActivity: will set rotation from 180.99008 to 180.98993
08-05 18:50:50.215  8341  8341 D CompassActivity: will set rotation from 180.98993 to 180.98929
08-05 18:50:50.215  8341  8341 D CompassActivity: will set rotation from 180.98929 to 180.9889
08-05 18:50:50.233  8341  8341 D CompassActivity: will set rotation from 180.9889 to 180.99016
08-05 18:50:50.233  8341  8341 D CompassActivity: will set rotation from 180.99016 to 180.98914
08-05 18:50:50.252  8341  8341 D CompassActivity: will set rotation from 180.98914 to 180.99109
08-05 18:50:50.253  8341  8341 D CompassActivity: will set rotation from 180.99109 to 180.98972
08-05 18:50:50.260  9838  9838 D ICU     : No timezone override file found: /data/misc/zoneinfo/current/icu/icu_tzdata.dat
08-05 18:50:50.273  8341  8341 D CompassActivity: will set rotation from 180.98972 to 180.99112
08-05 18:50:50.273  8341  8341 D CompassActivity: will set rotation from 180.99112 to 180.98975
08-05 18:50:50.293  8341  8341 D CompassActivity: will set rotation from 180.98975 to 180.98872
08-05 18:50:50.294  8341  8341 D CompassActivity: will set rotation from 180.98872 to 180.98845
08-05 18:50:50.315  8341  8341 D CompassActivity: will set rotation from 180.98845 to 180.99149
08-05 18:50:50.315  8341  8341 D CompassActivity: will set rotation from 180.99149 to 180.99258
08-05 18:50:50.318  9838  9838 I Radio-JNI: register_android_hardware_Radio DONE
08-05 18:50:50.334  8341  8341 D CompassActivity: will set rotation from 180.99258 to 180.99315
08-05 18:50:50.334  8341  8341 D CompassActivity: will set rotation from 180.99315 to 180.99321
08-05 18:50:50.349  9838  9838 D AndroidRuntime: Calling main entry com.android.commands.input.Input
08-05 18:50:50.351  9838  9838 I Input   : injectKeyEvent: KeyEvent { action=ACTION_DOWN, keyCode=KEYCODE_BACK, scanCode=0, metaState=0, flags=0x0, repeatCount=0, eventTime=816666764, downTime=816666764, deviceId=-1, source=0x101 }
08-05 18:50:50.353  8341  8341 D CompassActivity: will set rotation from 180.99321 to 181.01022
08-05 18:50:50.353  8341  8341 D CompassActivity: will set rotation from 181.01022 to 181.00989
08-05 18:50:50.359  9838  9838 I Input   : injectKeyEvent: KeyEvent { action=ACTION_UP, keyCode=KEYCODE_BACK, scanCode=0, metaState=0, flags=0x0, repeatCount=0, eventTime=816666764, downTime=816666764, deviceId=-1, source=0x101 }
08-05 18:50:50.366  9838  9838 D AndroidRuntime: Shutting down VM
08-05 18:50:50.369   918  6029 I sensors : activate
08-05 18:50:50.370   918  3696 I sensors : activate
08-05 18:50:50.375   918  3188 I hubconnection: sensorhub said: 'activate 1 enable:0'
08-05 18:50:50.376   918  3188 I hubconnection: sensorhub said: 'activate 3 enable:0'
08-05 18:50:50.395  8341  8341 V MainActivity: url = https://project-travel-mate.herokuapp.com/api/number-of-unread-notifications
08-05 18:50:50.491   518   646 I ThermalEngine: ACTION: GPU - Setting GPU[0] to 390000000
08-05 18:50:50.525 13866 13866 I GoogleInputMethodServic: GoogleInputMethodService.onFinishInput():3138 
08-05 18:50:50.526 13866 13866 I GoogleInputMethodServic: GoogleInputMethodService.onStartInput():1808 
08-05 18:50:50.622  8341  8354 I art     : Starting a blocking GC Explicit
08-05 18:50:50.675  8341  8354 I art     : Explicit concurrent mark sweep GC freed 2304(127KB) AllocSpace objects, 2(36KB) LOS objects, 7% free, 187MB/203MB, paused 1.467ms total 51.511ms
08-05 18:50:50.701  8341  8354 I art     : Starting a blocking GC Explicit
08-05 18:50:50.764  8341  8354 I art     : Explicit concurrent mark sweep GC freed 371(14KB) AllocSpace objects, 0(0B) LOS objects, 7% free, 187MB/203MB, paused 1.837ms total 62.187ms
08-05 18:50:50.792  8341  8354 I art     : Starting a blocking GC Explicit
08-05 18:50:50.795   380   380 W SurfaceFlinger: couldn't log to binary event log: overflow.
08-05 18:50:50.798  8341  8341 D CompassActivity: stop compass
08-05 18:50:50.845  8341  8354 I art     : Explicit concurrent mark sweep GC freed 21(896B) AllocSpace objects, 0(0B) LOS objects, 7% free, 187MB/203MB, paused 1.541ms total 53.285ms
08-05 18:50:50.866  8341  8354 I art     : Starting a blocking GC Explicit
08-05 18:50:50.939  8341  8354 I art     : Explicit concurrent mark sweep GC freed 1267(81KB) AllocSpace objects, 3(52MB) LOS objects, 10% free, 135MB/151MB, paused 1.878ms total 72.487ms
08-05 18:50:50.962  8341  8354 I art     : Starting a blocking GC Explicit
08-05 18:50:51.018  8341  8354 I art     : Explicit concurrent mark sweep GC freed 3(96B) AllocSpace objects, 0(0B) LOS objects, 10% free, 135MB/151MB, paused 1.870ms total 55.414ms
08-05 18:50:51.281  8341  9867 I NAPPA_EXPERIMENTATION: MetricNetworkRequestExecutionTime: REQUEST_DURATION_SYSTEM='885',REQUEST_DURATION_OKHTTP='41',REQUEST_SYNCHRONOUS='FALSE',RESPONSE_CODE='200',RESPONSE_METHOD='GET',RESPONSE_LENGTH_OKHTTP='36',RESPONSE_LENGTH_HEADER='36',REQUEST_PROTOCOL='http/1.1',REQUEST_URL='https://project-travel-mate.herokuapp.com/api/number-of-unread-notifications',
08-05 18:50:51.464  8341  8353 I art     : Starting a blocking GC Explicit
08-05 18:50:51.540  8341  8353 I art     : Explicit concurrent mark sweep GC freed 4426(241KB) AllocSpace objects, 5(236KB) LOS objects, 10% free, 135MB/151MB, paused 1.977ms total 75.124ms
08-05 18:50:51.567  8341  8353 I art     : Starting a blocking GC Explicit
08-05 18:50:51.626  8341  8353 I art     : Explicit concurrent mark sweep GC freed 973(117KB) AllocSpace objects, 0(0B) LOS objects, 10% free, 135MB/151MB, paused 1.900ms total 58.083ms
08-05 18:50:51.648  8341  8353 I art     : Starting a blocking GC Explicit
08-05 18:50:51.701  8341  8353 I art     : Explicit concurrent mark sweep GC freed 16(816B) AllocSpace objects, 0(0B) LOS objects, 10% free, 135MB/151MB, paused 1.638ms total 53.011ms
08-05 18:50:51.724  8341  8353 I art     : Starting a blocking GC Explicit
08-05 18:50:51.778  8341  8353 I art     : Explicit concurrent mark sweep GC freed 11(544B) AllocSpace objects, 0(0B) LOS objects, 10% free, 135MB/151MB, paused 1.768ms total 53.969ms
08-05 18:50:51.801  8341  8353 I art     : Starting a blocking GC Explicit
08-05 18:50:51.854  8341  8353 I art     : Explicit concurrent mark sweep GC freed 3(96B) AllocSpace objects, 0(0B) LOS objects, 10% free, 135MB/151MB, paused 1.732ms total 53.406ms
08-05 18:50:52.253  9883  9883 D AndroidRuntime: >>>>>> START com.android.internal.os.RuntimeInit uid 2000 <<<<<<
08-05 18:50:52.260  9883  9883 D AndroidRuntime: CheckJNI is OFF
08-05 18:50:52.289  8341  8619 I art     : Starting a blocking GC Explicit
08-05 18:50:52.309  9883  9883 D ICU     : No timezone override file found: /data/misc/zoneinfo/current/icu/icu_tzdata.dat
08-05 18:50:52.335  8341  8619 I art     : Explicit concurrent mark sweep GC freed 1637(93KB) AllocSpace objects, 2(36KB) LOS objects, 10% free, 135MB/151MB, paused 1.466ms total 45.848ms
08-05 18:50:52.351  9883  9883 I Radio-JNI: register_android_hardware_Radio DONE
08-05 18:50:52.355  8341  8619 I art     : Starting a blocking GC Explicit
08-05 18:50:52.383  9883  9883 D AndroidRuntime: Calling main entry com.android.commands.input.Input
08-05 18:50:52.385  9883  9883 I Input   : injectMotionEvent: MotionEvent { action=ACTION_DOWN, actionButton=0, id[0]=0, x[0]=500.0, y[0]=2000.0, toolType[0]=TOOL_TYPE_UNKNOWN, buttonState=0, metaState=0, flags=0x0, edgeFlags=0x0, pointerCount=1, historySize=0, eventTime=816668798, downTime=816668798, deviceId=0, source=0x1002 }
08-05 18:50:52.390  9883  9883 I Input   : injectMotionEvent: MotionEvent { action=ACTION_MOVE, actionButton=0, id[0]=0, x[0]=500.0, y[0]=2000.0, toolType[0]=TOOL_TYPE_UNKNOWN, buttonState=0, metaState=0, flags=0x0, edgeFlags=0x0, pointerCount=1, historySize=0, eventTime=816668798, downTime=816668798, deviceId=0, source=0x1002 }
08-05 18:50:52.397  9883  9883 I Input   : injectMotionEvent: MotionEvent { action=ACTION_MOVE, actionButton=0, id[0]=0, x[0]=500.0, y[0]=1975.3, toolType[0]=TOOL_TYPE_UNKNOWN, buttonState=0, metaState=0, flags=0x0, edgeFlags=0x0, pointerCount=1, historySize=0, eventTime=816668811, downTime=816668811, deviceId=0, source=0x1002 }
08-05 18:50:52.404  8341  8619 I art     : Explicit concurrent mark sweep GC freed 28(1024B) AllocSpace objects, 0(0B) LOS objects, 10% free, 135MB/151MB, paused 1.580ms total 48.297ms
08-05 18:50:52.414  9883  9883 I Input   : injectMotionEvent: MotionEvent { action=ACTION_MOVE, actionButton=0, id[0]=0, x[0]=500.0, y[0]=1944.9, toolType[0]=TOOL_TYPE_UNKNOWN, buttonState=0, metaState=0, flags=0x0, edgeFlags=0x0, pointerCount=1, historySize=0, eventTime=816668827, downTime=816668827, deviceId=0, source=0x1002 }
08-05 18:50:52.425  8341  8619 I art     : Starting a blocking GC Explicit
08-05 18:50:52.440  9883  9883 I Input   : injectMotionEvent: MotionEvent { action=ACTION_MOVE, actionButton=0, id[0]=0, x[0]=500.0, y[0]=1895.5, toolType[0]=TOOL_TYPE_UNKNOWN, buttonState=0, metaState=0, flags=0x0, edgeFlags=0x0, pointerCount=1, historySize=0, eventTime=816668853, downTime=816668853, deviceId=0, source=0x1002 }
08-05 18:50:52.449  9883  9883 I Input   : injectMotionEvent: MotionEvent { action=ACTION_MOVE, actionButton=0, id[0]=0, x[0]=500.0, y[0]=1878.4, toolType[0]=TOOL_TYPE_UNKNOWN, buttonState=0, metaState=0, flags=0x0, edgeFlags=0x0, pointerCount=1, historySize=0, eventTime=816668862, downTime=816668862, deviceId=0, source=0x1002 }
08-05 18:50:52.467  9883  9883 I Input   : injectMotionEvent: MotionEvent { action=ACTION_MOVE, actionButton=0, id[0]=0, x[0]=500.0, y[0]=1844.2, toolType[0]=TOOL_TYPE_UNKNOWN, buttonState=0, metaState=0, flags=0x0, edgeFlags=0x0, pointerCount=1, historySize=0, eventTime=816668880, downTime=816668880, deviceId=0, source=0x1002 }
08-05 18:50:52.481  8341  8619 I art     : Explicit concurrent mark sweep GC freed 60(2080B) AllocSpace objects, 0(0B) LOS objects, 10% free, 135MB/151MB, paused 2.205ms total 56.185ms
08-05 18:50:52.482  9883  9883 I Input   : injectMotionEvent: MotionEvent { action=ACTION_MOVE, actionButton=0, id[0]=0, x[0]=500.0, y[0]=1815.7, toolType[0]=TOOL_TYPE_UNKNOWN, buttonState=0, metaState=0, flags=0x0, edgeFlags=0x0, pointerCount=1, historySize=0, eventTime=816668895, downTime=816668895, deviceId=0, source=0x1002 }
08-05 18:50:52.498  9883  9883 I Input   : injectMotionEvent: MotionEvent { action=ACTION_MOVE, actionButton=0, id[0]=0, x[0]=500.0, y[0]=1783.4, toolType[0]=TOOL_TYPE_UNKNOWN, buttonState=0, metaState=0, flags=0x0, edgeFlags=0x0, pointerCount=1, historySize=0, eventTime=816668912, downTime=816668912, deviceId=0, source=0x1002 }
08-05 18:50:52.503  8341  8619 I art     : Starting a blocking GC Explicit
08-05 18:50:52.514  9883  9883 I Input   : injectMotionEvent: MotionEvent { action=ACTION_MOVE, actionButton=0, id[0]=0, x[0]=500.0, y[0]=1754.9, toolType[0]=TOOL_TYPE_UNKNOWN, buttonState=0, metaState=0, flags=0x0, edgeFlags=0x0, pointerCount=1, historySize=0, eventTime=816668927, downTime=816668927, deviceId=0, source=0x1002 }
08-05 18:50:52.530  9883  9883 I Input   : injectMotionEvent: MotionEvent { action=ACTION_MOVE, actionButton=0, id[0]=0, x[0]=500.0, y[0]=1722.6, toolType[0]=TOOL_TYPE_UNKNOWN, buttonState=0, metaState=0, flags=0x0, edgeFlags=0x0, pointerCount=1, historySize=0, eventTime=816668944, downTime=816668944, deviceId=0, source=0x1002 }
08-05 18:50:52.548  9883  9883 I Input   : injectMotionEvent: MotionEvent { action=ACTION_MOVE, actionButton=0, id[0]=0, x[0]=500.0, y[0]=1690.3, toolType[0]=TOOL_TYPE_UNKNOWN, buttonState=0, metaState=0, flags=0x0, edgeFlags=0x0, pointerCount=1, historySize=0, eventTime=816668961, downTime=816668961, deviceId=0, source=0x1002 }
08-05 18:50:52.554  8341  8619 I art     : Explicit concurrent mark sweep GC freed 23(1104B) AllocSpace objects, 0(0B) LOS objects, 10% free, 135MB/151MB, paused 1.870ms total 49.939ms
08-05 18:50:52.564  9883  9883 I Input   : injectMotionEvent: MotionEvent { action=ACTION_MOVE, actionButton=0, id[0]=0, x[0]=500.0, y[0]=1659.9, toolType[0]=TOOL_TYPE_UNKNOWN, buttonState=0, metaState=0, flags=0x0, edgeFlags=0x0, pointerCount=1, historySize=0, eventTime=816668977, downTime=816668977, deviceId=0, source=0x1002 }
08-05 18:50:52.577  8341  8619 I art     : Starting a blocking GC Explicit
08-05 18:50:52.582  9883  9883 I Input   : injectMotionEvent: MotionEvent { action=ACTION_MOVE, actionButton=0, id[0]=0, x[0]=500.0, y[0]=1625.7, toolType[0]=TOOL_TYPE_UNKNOWN, buttonState=0, metaState=0, flags=0x0, edgeFlags=0x0, pointerCount=1, historySize=0, eventTime=816668995, downTime=816668995, deviceId=0, source=0x1002 }
08-05 18:50:52.597  9883  9883 I Input   : injectMotionEvent: MotionEvent { action=ACTION_MOVE, actionButton=0, id[0]=0, x[0]=500.0, y[0]=1597.2, toolType[0]=TOOL_TYPE_UNKNOWN, buttonState=0, metaState=0, flags=0x0, edgeFlags=0x0, pointerCount=1, historySize=0, eventTime=816669010, downTime=816669010, deviceId=0, source=0x1002 }
08-05 18:50:52.614  9883  9883 I Input   : injectMotionEvent: MotionEvent { action=ACTION_MOVE, actionButton=0, id[0]=0, x[0]=500.0, y[0]=1564.9, toolType[0]=TOOL_TYPE_UNKNOWN, buttonState=0, metaState=0, flags=0x0, edgeFlags=0x0, pointerCount=1, historySize=0, eventTime=816669027, downTime=816669027, deviceId=0, source=0x1002 }
08-05 18:50:52.630  8341  8619 I art     : Explicit concurrent mark sweep GC freed 11(432B) AllocSpace objects, 0(0B) LOS objects, 10% free, 135MB/151MB, paused 1.630ms total 52.755ms
08-05 18:50:52.633  9883  9883 I Input   : injectMotionEvent: MotionEvent { action=ACTION_MOVE, actionButton=0, id[0]=0, x[0]=500.0, y[0]=1528.8, toolType[0]=TOOL_TYPE_UNKNOWN, buttonState=0, metaState=0, flags=0x0, edgeFlags=0x0, pointerCount=1, historySize=0, eventTime=816669046, downTime=816669046, deviceId=0, source=0x1002 }
08-05 18:50:52.649  9883  9883 I Input   : injectMotionEvent: MotionEvent { action=ACTION_MOVE, actionButton=0, id[0]=0, x[0]=500.0, y[0]=1500.3, toolType[0]=TOOL_TYPE_UNKNOWN, buttonState=0, metaState=0, flags=0x0, edgeFlags=0x0, pointerCount=1, historySize=0, eventTime=816669061, downTime=816669061, deviceId=0, source=0x1002 }
08-05 18:50:52.664  9883  9883 I Input   : injectMotionEvent: MotionEvent { action=ACTION_MOVE, actionButton=0, id[0]=0, x[0]=500.0, y[0]=1469.8999, toolType[0]=TOOL_TYPE_UNKNOWN, buttonState=0, metaState=0, flags=0x0, edgeFlags=0x0, pointerCount=1, historySize=0, eventTime=816669077, downTime=816669077, deviceId=0, source=0x1002 }
08-05 18:50:52.681  9883  9883 I Input   : injectMotionEvent: MotionEvent { action=ACTION_MOVE, actionButton=0, id[0]=0, x[0]=500.0, y[0]=1437.6, toolType[0]=TOOL_TYPE_UNKNOWN, buttonState=0, metaState=0, flags=0x0, edgeFlags=0x0, pointerCount=1, historySize=0, eventTime=816669094, downTime=816669094, deviceId=0, source=0x1002 }
08-05 18:50:52.699  9883  9883 I Input   : injectMotionEvent: MotionEvent { action=ACTION_MOVE, actionButton=0, id[0]=0, x[0]=500.0, y[0]=1403.3999, toolType[0]=TOOL_TYPE_UNKNOWN, buttonState=0, metaState=0, flags=0x0, edgeFlags=0x0, pointerCount=1, historySize=0, eventTime=816669112, downTime=816669112, deviceId=0, source=0x1002 }
08-05 18:50:52.715  9883  9883 I Input   : injectMotionEvent: MotionEvent { action=ACTION_MOVE, actionButton=0, id[0]=0, x[0]=500.0, y[0]=1374.9, toolType[0]=TOOL_TYPE_UNKNOWN, buttonState=0, metaState=0, flags=0x0, edgeFlags=0x0, pointerCount=1, historySize=0, eventTime=816669127, downTime=816669127, deviceId=0, source=0x1002 }
08-05 18:50:52.731  9883  9883 I Input   : injectMotionEvent: MotionEvent { action=ACTION_MOVE, actionButton=0, id[0]=0, x[0]=500.0, y[0]=1342.6001, toolType[0]=TOOL_TYPE_UNKNOWN, buttonState=0, metaState=0, flags=0x0, edgeFlags=0x0, pointerCount=1, historySize=0, eventTime=816669144, downTime=816669144, deviceId=0, source=0x1002 }
08-05 18:50:52.748  9883  9883 I Input   : injectMotionEvent: MotionEvent { action=ACTION_MOVE, actionButton=0, id[0]=0, x[0]=500.0, y[0]=1310.3, toolType[0]=TOOL_TYPE_UNKNOWN, buttonState=0, metaState=0, flags=0x0, edgeFlags=0x0, pointerCount=1, historySize=0, eventTime=816669161, downTime=816669161, deviceId=0, source=0x1002 }
08-05 18:50:52.764  9883  9883 I Input   : injectMotionEvent: MotionEvent { action=ACTION_MOVE, actionButton=0, id[0]=0, x[0]=500.0, y[0]=1279.8999, toolType[0]=TOOL_TYPE_UNKNOWN, buttonState=0, metaState=0, flags=0x0, edgeFlags=0x0, pointerCount=1, historySize=0, eventTime=816669177, downTime=816669177, deviceId=0, source=0x1002 }
08-05 18:50:52.782  9883  9883 I Input   : injectMotionEvent: MotionEvent { action=ACTION_MOVE, actionButton=0, id[0]=0, x[0]=500.0, y[0]=1245.7, toolType[0]=TOOL_TYPE_UNKNOWN, buttonState=0, metaState=0, flags=0x0, edgeFlags=0x0, pointerCount=1, historySize=0, eventTime=816669195, downTime=816669195, deviceId=0, source=0x1002 }
08-05 18:50:52.801  9883  9883 I Input   : injectMotionEvent: MotionEvent { action=ACTION_MOVE, actionButton=0, id[0]=0, x[0]=500.0, y[0]=1209.6, toolType[0]=TOOL_TYPE_UNKNOWN, buttonState=0, metaState=0, flags=0x0, edgeFlags=0x0, pointerCount=1, historySize=0, eventTime=816669214, downTime=816669214, deviceId=0, source=0x1002 }
08-05 18:50:52.870  9883  9883 I Input   : injectMotionEvent: MotionEvent { action=ACTION_MOVE, actionButton=0, id[0]=0, x[0]=500.0, y[0]=1076.6, toolType[0]=TOOL_TYPE_UNKNOWN, buttonState=0, metaState=0, flags=0x0, edgeFlags=0x0, pointerCount=1, historySize=0, eventTime=816669284, downTime=816669284, deviceId=0, source=0x1002 }
08-05 18:50:52.932  9883  9883 I Input   : injectMotionEvent: MotionEvent { action=ACTION_MOVE, actionButton=0, id[0]=0, x[0]=500.0, y[0]=960.7001, toolType[0]=TOOL_TYPE_UNKNOWN, buttonState=0, metaState=0, flags=0x0, edgeFlags=0x0, pointerCount=1, historySize=0, eventTime=816669345, downTime=816669345, deviceId=0, source=0x1002 }
08-05 18:50:52.995  9883  9883 I Input   : injectMotionEvent: MotionEvent { action=ACTION_MOVE, actionButton=0, id[0]=0, x[0]=500.0, y[0]=841.0, toolType[0]=TOOL_TYPE_UNKNOWN, buttonState=0, metaState=0, flags=0x0, edgeFlags=0x0, pointerCount=1, historySize=0, eventTime=816669408, downTime=816669408, deviceId=0, source=0x1002 }
08-05 18:50:53.061  8341  8359 I art     : Starting a blocking GC Explicit
08-05 18:50:53.065  9883  9883 I Input   : injectMotionEvent: MotionEvent { action=ACTION_MOVE, actionButton=0, id[0]=0, x[0]=500.0, y[0]=708.0, toolType[0]=TOOL_TYPE_UNKNOWN, buttonState=0, metaState=0, flags=0x0, edgeFlags=0x0, pointerCount=1, historySize=0, eventTime=816669478, downTime=816669478, deviceId=0, source=0x1002 }
08-05 18:50:53.123  9883  9883 I Input   : injectMotionEvent: MotionEvent { action=ACTION_MOVE, actionButton=0, id[0]=0, x[0]=500.0, y[0]=597.80005, toolType[0]=TOOL_TYPE_UNKNOWN, buttonState=0, metaState=0, flags=0x0, edgeFlags=0x0, pointerCount=1, historySize=0, eventTime=816669536, downTime=816669536, deviceId=0, source=0x1002 }
08-05 18:50:53.128  8341  8359 I art     : Explicit concurrent mark sweep GC freed 1589(92KB) AllocSpace objects, 2(36KB) LOS objects, 10% free, 135MB/151MB, paused 1.680ms total 66.744ms
08-05 18:50:53.154  8341  8359 I art     : Starting a blocking GC Explicit
08-05 18:50:53.182  9883  9883 I Input   : injectMotionEvent: MotionEvent { action=ACTION_MOVE, actionButton=0, id[0]=0, x[0]=500.0, y[0]=485.70007, toolType[0]=TOOL_TYPE_UNKNOWN, buttonState=0, metaState=0, flags=0x0, edgeFlags=0x0, pointerCount=1, historySize=0, eventTime=816669595, downTime=816669595, deviceId=0, source=0x1002 }
08-05 18:50:53.206  8341  8359 I art     : Explicit concurrent mark sweep GC freed 28(1024B) AllocSpace objects, 0(0B) LOS objects, 10% free, 135MB/151MB, paused 1.749ms total 51.356ms
08-05 18:50:53.227  8341  8359 I art     : Starting a blocking GC Explicit
08-05 18:50:53.241  9883  9883 I Input   : injectMotionEvent: MotionEvent { action=ACTION_MOVE, actionButton=0, id[0]=0, x[0]=500.0, y[0]=371.70007, toolType[0]=TOOL_TYPE_UNKNOWN, buttonState=0, metaState=0, flags=0x0, edgeFlags=0x0, pointerCount=1, historySize=0, eventTime=816669655, downTime=816669655, deviceId=0, source=0x1002 }
08-05 18:50:53.280  8341  8359 I art     : Explicit concurrent mark sweep GC freed 8(256B) AllocSpace objects, 0(0B) LOS objects, 10% free, 135MB/151MB, paused 1.558ms total 52.501ms
08-05 18:50:53.300  8341  8359 I art     : Starting a blocking GC Explicit
08-05 18:50:53.342  9883  9883 I Input   : injectMotionEvent: MotionEvent { action=ACTION_MOVE, actionButton=0, id[0]=0, x[0]=500.0, y[0]=179.80005, toolType[0]=TOOL_TYPE_UNKNOWN, buttonState=0, metaState=0, flags=0x0, edgeFlags=0x0, pointerCount=1, historySize=0, eventTime=816669756, downTime=816669756, deviceId=0, source=0x1002 }
08-05 18:50:53.349  8341  8359 I art     : Explicit concurrent mark sweep GC freed 36(992B) AllocSpace objects, 0(0B) LOS objects, 10% free, 135MB/151MB, paused 1.947ms total 47.996ms
08-05 18:50:53.370  8341  8359 I art     : Starting a blocking GC Explicit
08-05 18:50:53.381  9883  9883 I Input   : injectMotionEvent: MotionEvent { action=ACTION_MOVE, actionButton=0, id[0]=0, x[0]=500.0, y[0]=107.599976, toolType[0]=TOOL_TYPE_UNKNOWN, buttonState=0, metaState=0, flags=0x0, edgeFlags=0x0, pointerCount=1, historySize=0, eventTime=816669794, downTime=816669794, deviceId=0, source=0x1002 }
08-05 18:50:53.418  9883  9883 I Input   : injectMotionEvent: MotionEvent { action=ACTION_UP, actionButton=0, id[0]=0, x[0]=500.0, y[0]=100.0, toolType[0]=TOOL_TYPE_UNKNOWN, buttonState=0, metaState=0, flags=0x0, edgeFlags=0x0, pointerCount=1, historySize=0, eventTime=816669831, downTime=816669831, deviceId=0, source=0x1002 }
08-05 18:50:53.423  8341  8359 I art     : Explicit concurrent mark sweep GC freed 9(288B) AllocSpace objects, 0(0B) LOS objects, 10% free, 135MB/151MB, paused 1.697ms total 53.544ms
08-05 18:50:53.460  9883  9883 D AndroidRuntime: Shutting down VM
08-05 18:50:53.871  8341  8619 I art     : Starting a blocking GC Explicit
08-05 18:50:53.922  8341  8619 I art     : Explicit concurrent mark sweep GC freed 1597(92KB) AllocSpace objects, 2(36KB) LOS objects, 10% free, 135MB/151MB, paused 1.635ms total 49.492ms
08-05 18:50:53.942  8341  8619 I art     : Starting a blocking GC Explicit
08-05 18:50:53.990  8341  8619 I art     : Explicit concurrent mark sweep GC freed 31(1120B) AllocSpace objects, 0(0B) LOS objects, 10% free, 135MB/151MB, paused 1.575ms total 48.327ms
08-05 18:50:54.010  8341  8619 I art     : Starting a blocking GC Explicit
08-05 18:50:54.081  8341  8619 I art     : Explicit concurrent mark sweep GC freed 30(1584B) AllocSpace objects, 0(0B) LOS objects, 10% free, 135MB/151MB, paused 1.491ms total 70.270ms
08-05 18:50:54.105  8341  8619 I art     : Starting a blocking GC Explicit
08-05 18:50:54.154  8341  8619 I art     : Explicit concurrent mark sweep GC freed 5(160B) AllocSpace objects, 0(0B) LOS objects, 10% free, 135MB/151MB, paused 1.447ms total 48.493ms
08-05 18:50:54.174  8341  8619 I art     : Starting a blocking GC Explicit
08-05 18:50:54.228  8341  8619 I art     : Explicit concurrent mark sweep GC freed 3(96B) AllocSpace objects, 0(0B) LOS objects, 10% free, 135MB/151MB, paused 1.603ms total 53.216ms
08-05 18:50:54.339  9934  9934 D AndroidRuntime: >>>>>> START com.android.internal.os.RuntimeInit uid 2000 <<<<<<
08-05 18:50:54.344  9934  9934 D AndroidRuntime: CheckJNI is OFF
08-05 18:50:54.399  9934  9934 D ICU     : No timezone override file found: /data/misc/zoneinfo/current/icu/icu_tzdata.dat
08-05 18:50:54.441  9934  9934 I Radio-JNI: register_android_hardware_Radio DONE
08-05 18:50:54.472  9934  9934 D AndroidRuntime: Calling main entry com.android.commands.input.Input
08-05 18:50:54.474  9934  9934 I Input   : injectMotionEvent: MotionEvent { action=ACTION_DOWN, actionButton=0, id[0]=0, x[0]=500.0, y[0]=2000.0, toolType[0]=TOOL_TYPE_UNKNOWN, buttonState=0, metaState=0, flags=0x0, edgeFlags=0x0, pointerCount=1, historySize=0, eventTime=816670886, downTime=816670886, deviceId=0, source=0x1002 }
08-05 18:50:54.478  9934  9934 I Input   : injectMotionEvent: MotionEvent { action=ACTION_MOVE, actionButton=0, id[0]=0, x[0]=500.0, y[0]=2000.0, toolType[0]=TOOL_TYPE_UNKNOWN, buttonState=0, metaState=0, flags=0x0, edgeFlags=0x0, pointerCount=1, historySize=0, eventTime=816670886, downTime=816670886, deviceId=0, source=0x1002 }
08-05 18:50:54.482  9934  9934 I Input   : injectMotionEvent: MotionEvent { action=ACTION_MOVE, actionButton=0, id[0]=0, x[0]=500.0, y[0]=1982.9, toolType[0]=TOOL_TYPE_UNKNOWN, buttonState=0, metaState=0, flags=0x0, edgeFlags=0x0, pointerCount=1, historySize=0, eventTime=816670895, downTime=816670895, deviceId=0, source=0x1002 }
08-05 18:50:54.501  9934  9934 I Input   : injectMotionEvent: MotionEvent { action=ACTION_MOVE, actionButton=0, id[0]=0, x[0]=500.0, y[0]=1944.9, toolType[0]=TOOL_TYPE_UNKNOWN, buttonState=0, metaState=0, flags=0x0, edgeFlags=0x0, pointerCount=1, historySize=0, eventTime=816670915, downTime=816670915, deviceId=0, source=0x1002 }
08-05 18:50:54.517  9934  9934 I Input   : injectMotionEvent: MotionEvent { action=ACTION_MOVE, actionButton=0, id[0]=0, x[0]=500.0, y[0]=1916.4, toolType[0]=TOOL_TYPE_UNKNOWN, buttonState=0, metaState=0, flags=0x0, edgeFlags=0x0, pointerCount=1, historySize=0, eventTime=816670930, downTime=816670930, deviceId=0, source=0x1002 }
08-05 18:50:54.534  9934  9934 I Input   : injectMotionEvent: MotionEvent { action=ACTION_MOVE, actionButton=0, id[0]=0, x[0]=500.0, y[0]=1884.1, toolType[0]=TOOL_TYPE_UNKNOWN, buttonState=0, metaState=0, flags=0x0, edgeFlags=0x0, pointerCount=1, historySize=0, eventTime=816670947, downTime=816670947, deviceId=0, source=0x1002 }
08-05 18:50:54.644  9934  9934 I Input   : injectMotionEvent: MotionEvent { action=ACTION_MOVE, actionButton=0, id[0]=0, x[0]=500.0, y[0]=1675.1, toolType[0]=TOOL_TYPE_UNKNOWN, buttonState=0, metaState=0, flags=0x0, edgeFlags=0x0, pointerCount=1, historySize=0, eventTime=816671057, downTime=816671057, deviceId=0, source=0x1002 }
08-05 18:50:54.655  8341  8353 I art     : Starting a blocking GC Explicit
08-05 18:50:54.704  8341  8353 I art     : Explicit concurrent mark sweep GC freed 1634(93KB) AllocSpace objects, 2(36KB) LOS objects, 10% free, 135MB/151MB, paused 1.468ms total 48.718ms
08-05 18:50:54.724  8341  8353 I art     : Starting a blocking GC Explicit
08-05 18:50:54.737  9934  9934 I Input   : injectMotionEvent: MotionEvent { action=ACTION_MOVE, actionButton=0, id[0]=0, x[0]=500.0, y[0]=1498.4, toolType[0]=TOOL_TYPE_UNKNOWN, buttonState=0, metaState=0, flags=0x0, edgeFlags=0x0, pointerCount=1, historySize=0, eventTime=816671150, downTime=816671150, deviceId=0, source=0x1002 }
08-05 18:50:54.782  8341  8353 I art     : Explicit concurrent mark sweep GC freed 55(2384B) AllocSpace objects, 0(0B) LOS objects, 10% free, 135MB/151MB, paused 1.489ms total 57.409ms
08-05 18:50:54.802  8341  8353 I art     : Starting a blocking GC Explicit
08-05 18:50:54.831  9934  9934 I Input   : injectMotionEvent: MotionEvent { action=ACTION_MOVE, actionButton=0, id[0]=0, x[0]=500.0, y[0]=1319.8, toolType[0]=TOOL_TYPE_UNKNOWN, buttonState=0, metaState=0, flags=0x0, edgeFlags=0x0, pointerCount=1, historySize=0, eventTime=816671244, downTime=816671244, deviceId=0, source=0x1002 }
08-05 18:50:54.852  8341  8353 I art     : Explicit concurrent mark sweep GC freed 16(736B) AllocSpace objects, 0(0B) LOS objects, 10% free, 135MB/151MB, paused 1.544ms total 48.756ms
08-05 18:50:54.871  9934  9934 I Input   : injectMotionEvent: MotionEvent { action=ACTION_MOVE, actionButton=0, id[0]=0, x[0]=500.0, y[0]=1243.8, toolType[0]=TOOL_TYPE_UNKNOWN, buttonState=0, metaState=0, flags=0x0, edgeFlags=0x0, pointerCount=1, historySize=0, eventTime=816671284, downTime=816671284, deviceId=0, source=0x1002 }
08-05 18:50:54.876  8341  8353 I art     : Starting a blocking GC Explicit
08-05 18:50:54.909  9934  9934 I Input   : injectMotionEvent: MotionEvent { action=ACTION_MOVE, actionButton=0, id[0]=0, x[0]=500.0, y[0]=1171.6001, toolType[0]=TOOL_TYPE_UNKNOWN, buttonState=0, metaState=0, flags=0x0, edgeFlags=0x0, pointerCount=1, historySize=0, eventTime=816671322, downTime=816671322, deviceId=0, source=0x1002 }
08-05 18:50:54.925  8341  8353 I art     : Explicit concurrent mark sweep GC freed 3(96B) AllocSpace objects, 0(0B) LOS objects, 10% free, 135MB/151MB, paused 1.457ms total 49.307ms
08-05 18:50:54.947  9934  9934 I Input   : injectMotionEvent: MotionEvent { action=ACTION_MOVE, actionButton=0, id[0]=0, x[0]=500.0, y[0]=1099.3999, toolType[0]=TOOL_TYPE_UNKNOWN, buttonState=0, metaState=0, flags=0x0, edgeFlags=0x0, pointerCount=1, historySize=0, eventTime=816671360, downTime=816671360, deviceId=0, source=0x1002 }
08-05 18:50:54.950  8341  8353 I art     : Starting a blocking GC Explicit
08-05 18:50:54.987  9934  9934 I Input   : injectMotionEvent: MotionEvent { action=ACTION_MOVE, actionButton=0, id[0]=0, x[0]=500.0, y[0]=1023.4, toolType[0]=TOOL_TYPE_UNKNOWN, buttonState=0, metaState=0, flags=0x0, edgeFlags=0x0, pointerCount=1, historySize=0, eventTime=816671400, downTime=816671400, deviceId=0, source=0x1002 }
08-05 18:50:55.003  8341  8353 I art     : Explicit concurrent mark sweep GC freed 3(96B) AllocSpace objects, 0(0B) LOS objects, 10% free, 135MB/151MB, paused 1.515ms total 52.826ms
08-05 18:50:55.029  9934  9934 I Input   : injectMotionEvent: MotionEvent { action=ACTION_MOVE, actionButton=0, id[0]=0, x[0]=500.0, y[0]=941.7001, toolType[0]=TOOL_TYPE_UNKNOWN, buttonState=0, metaState=0, flags=0x0, edgeFlags=0x0, pointerCount=1, historySize=0, eventTime=816671443, downTime=816671443, deviceId=0, source=0x1002 }
08-05 18:50:55.069  9934  9934 I Input   : injectMotionEvent: MotionEvent { action=ACTION_MOVE, actionButton=0, id[0]=0, x[0]=500.0, y[0]=867.6, toolType[0]=TOOL_TYPE_UNKNOWN, buttonState=0, metaState=0, flags=0x0, edgeFlags=0x0, pointerCount=1, historySize=0, eventTime=816671482, downTime=816671482, deviceId=0, source=0x1002 }
08-05 18:50:55.112  9934  9934 I Input   : injectMotionEvent: MotionEvent { action=ACTION_MOVE, actionButton=0, id[0]=0, x[0]=500.0, y[0]=785.9, toolType[0]=TOOL_TYPE_UNKNOWN, buttonState=0, metaState=0, flags=0x0, edgeFlags=0x0, pointerCount=1, historySize=0, eventTime=816671525, downTime=816671525, deviceId=0, source=0x1002 }
08-05 18:50:55.150  9934  9934 I Input   : injectMotionEvent: MotionEvent { action=ACTION_MOVE, actionButton=0, id[0]=0, x[0]=500.0, y[0]=713.7001, toolType[0]=TOOL_TYPE_UNKNOWN, buttonState=0, metaState=0, flags=0x0, edgeFlags=0x0, pointerCount=1, historySize=0, eventTime=816671563, downTime=816671563, deviceId=0, source=0x1002 }
08-05 18:50:55.189  9934  9934 I Input   : injectMotionEvent: MotionEvent { action=ACTION_MOVE, actionButton=0, id[0]=0, x[0]=500.0, y[0]=639.6, toolType[0]=TOOL_TYPE_UNKNOWN, buttonState=0, metaState=0, flags=0x0, edgeFlags=0x0, pointerCount=1, historySize=0, eventTime=816671602, downTime=816671602, deviceId=0, source=0x1002 }
08-05 18:50:55.226  9934  9934 I Input   : injectMotionEvent: MotionEvent { action=ACTION_MOVE, actionButton=0, id[0]=0, x[0]=500.0, y[0]=567.4, toolType[0]=TOOL_TYPE_UNKNOWN, buttonState=0, metaState=0, flags=0x0, edgeFlags=0x0, pointerCount=1, historySize=0, eventTime=816671640, downTime=816671640, deviceId=0, source=0x1002 }
08-05 18:50:55.280  9934  9934 I Input   : injectMotionEvent: MotionEvent { action=ACTION_MOVE, actionButton=0, id[0]=0, x[0]=500.0, y[0]=466.70007, toolType[0]=TOOL_TYPE_UNKNOWN, buttonState=0, metaState=0, flags=0x0, edgeFlags=0x0, pointerCount=1, historySize=0, eventTime=816671693, downTime=816671693, deviceId=0, source=0x1002 }
08-05 18:50:55.318  9934  9934 I Input   : injectMotionEvent: MotionEvent { action=ACTION_MOVE, actionButton=0, id[0]=0, x[0]=500.0, y[0]=394.5, toolType[0]=TOOL_TYPE_UNKNOWN, buttonState=0, metaState=0, flags=0x0, edgeFlags=0x0, pointerCount=1, historySize=0, eventTime=816671731, downTime=816671731, deviceId=0, source=0x1002 }
08-05 18:50:55.354  9934  9934 I Input   : injectMotionEvent: MotionEvent { action=ACTION_MOVE, actionButton=0, id[0]=0, x[0]=500.0, y[0]=324.19995, toolType[0]=TOOL_TYPE_UNKNOWN, buttonState=0, metaState=0, flags=0x0, edgeFlags=0x0, pointerCount=1, historySize=0, eventTime=816671768, downTime=816671768, deviceId=0, source=0x1002 }
08-05 18:50:55.393  9934  9934 I Input   : injectMotionEvent: MotionEvent { action=ACTION_MOVE, actionButton=0, id[0]=0, x[0]=500.0, y[0]=250.09998, toolType[0]=TOOL_TYPE_UNKNOWN, buttonState=0, metaState=0, flags=0x0, edgeFlags=0x0, pointerCount=1, historySize=0, eventTime=816671807, downTime=816671807, deviceId=0, source=0x1002 }
08-05 18:50:55.431  9934  9934 I Input   : injectMotionEvent: MotionEvent { action=ACTION_MOVE, actionButton=0, id[0]=0, x[0]=500.0, y[0]=179.80005, toolType[0]=TOOL_TYPE_UNKNOWN, buttonState=0, metaState=0, flags=0x0, edgeFlags=0x0, pointerCount=1, historySize=0, eventTime=816671844, downTime=816671844, deviceId=0, source=0x1002 }
08-05 18:50:55.449  8341  8353 I art     : Starting a blocking GC Explicit
08-05 18:50:55.469  9934  9934 I Input   : injectMotionEvent: MotionEvent { action=ACTION_MOVE, actionButton=0, id[0]=0, x[0]=500.0, y[0]=107.599976, toolType[0]=TOOL_TYPE_UNKNOWN, buttonState=0, metaState=0, flags=0x0, edgeFlags=0x0, pointerCount=1, historySize=0, eventTime=816671882, downTime=816671882, deviceId=0, source=0x1002 }
08-05 18:50:55.500  8341  8353 I art     : Explicit concurrent mark sweep GC freed 1626(93KB) AllocSpace objects, 2(36KB) LOS objects, 10% free, 135MB/151MB, paused 1.518ms total 50.320ms
08-05 18:50:55.509  9934  9934 I Input   : injectMotionEvent: MotionEvent { action=ACTION_UP, actionButton=0, id[0]=0, x[0]=500.0, y[0]=100.0, toolType[0]=TOOL_TYPE_UNKNOWN, buttonState=0, metaState=0, flags=0x0, edgeFlags=0x0, pointerCount=1, historySize=0, eventTime=816671922, downTime=816671922, deviceId=0, source=0x1002 }
08-05 18:50:55.522  8341  8353 I art     : Starting a blocking GC Explicit
08-05 18:50:55.545  9934  9934 D AndroidRuntime: Shutting down VM
08-05 18:50:55.576  8341  8353 I art     : Explicit concurrent mark sweep GC freed 32(1152B) AllocSpace objects, 0(0B) LOS objects, 10% free, 135MB/151MB, paused 1.513ms total 53.042ms
08-05 18:50:55.598  8341  8353 I art     : Starting a blocking GC Explicit
08-05 18:50:55.648  8341  8353 I art     : Explicit concurrent mark sweep GC freed 4(128B) AllocSpace objects, 0(0B) LOS objects, 10% free, 135MB/151MB, paused 1.518ms total 49.161ms
08-05 18:50:55.669  8341  8353 I art     : Starting a blocking GC Explicit
08-05 18:50:55.721  8341  8353 I art     : Explicit concurrent mark sweep GC freed 3(96B) AllocSpace objects, 0(0B) LOS objects, 10% free, 135MB/151MB, paused 1.861ms total 52.041ms
08-05 18:50:55.744  8341  8353 I art     : Starting a blocking GC Explicit
08-05 18:50:55.799  8341  8353 I art     : Explicit concurrent mark sweep GC freed 3(96B) AllocSpace objects, 0(0B) LOS objects, 10% free, 135MB/151MB, paused 1.889ms total 54.406ms
08-05 18:50:56.231  8341  8354 I art     : Starting a blocking GC Explicit
08-05 18:50:56.292  8341  8354 I art     : Explicit concurrent mark sweep GC freed 1582(92KB) AllocSpace objects, 2(36KB) LOS objects, 10% free, 135MB/151MB, paused 2.007ms total 59.724ms
08-05 18:50:56.318  8341  8354 I art     : Starting a blocking GC Explicit
08-05 18:50:56.371  8341  8354 I art     : Explicit concurrent mark sweep GC freed 59(1856B) AllocSpace objects, 0(0B) LOS objects, 10% free, 135MB/151MB, paused 1.640ms total 53.470ms
08-05 18:50:56.394  8341  8354 I art     : Starting a blocking GC Explicit
08-05 18:50:56.440  9973  9973 D AndroidRuntime: >>>>>> START com.android.internal.os.RuntimeInit uid 2000 <<<<<<
08-05 18:50:56.447  9973  9973 D AndroidRuntime: CheckJNI is OFF
08-05 18:50:56.449  8341  8354 I art     : Explicit concurrent mark sweep GC freed 3(96B) AllocSpace objects, 0(0B) LOS objects, 10% free, 135MB/151MB, paused 1.757ms total 54.255ms
08-05 18:50:56.471  8341  8354 I art     : Starting a blocking GC Explicit
08-05 18:50:56.499  9973  9973 D ICU     : No timezone override file found: /data/misc/zoneinfo/current/icu/icu_tzdata.dat
08-05 18:50:56.523  8341  8354 I art     : Explicit concurrent mark sweep GC freed 3(96B) AllocSpace objects, 0(0B) LOS objects, 10% free, 135MB/151MB, paused 1.634ms total 51.271ms
08-05 18:50:56.544  9973  9973 I Radio-JNI: register_android_hardware_Radio DONE
08-05 18:50:56.545  8341  8354 I art     : Starting a blocking GC Explicit
08-05 18:50:56.576  9973  9973 D AndroidRuntime: Calling main entry com.android.commands.input.Input
08-05 18:50:56.578  9973  9973 I Input   : injectMotionEvent: MotionEvent { action=ACTION_DOWN, actionButton=0, id[0]=0, x[0]=657.0, y[0]=2080.0, toolType[0]=TOOL_TYPE_UNKNOWN, buttonState=0, metaState=0, flags=0x0, edgeFlags=0x0, pointerCount=1, historySize=0, eventTime=816672991, downTime=816672991, deviceId=0, source=0x1002 }
08-05 18:50:56.584  9973  9973 I Input   : injectMotionEvent: MotionEvent { action=ACTION_UP, actionButton=0, id[0]=0, x[0]=657.0, y[0]=2080.0, toolType[0]=TOOL_TYPE_UNKNOWN, buttonState=0, metaState=0, flags=0x0, edgeFlags=0x0, pointerCount=1, historySize=0, eventTime=816672991, downTime=816672991, deviceId=0, source=0x1002 }
08-05 18:50:56.587  9973  9973 D AndroidRuntime: Shutting down VM
08-05 18:50:56.588   918  5481 I ActivityManager: START u0 {cmp=baseline.io.github.project_travel_mate/.utilities.UpcomingWeekendsActivity} from uid 10674 on display 0
08-05 18:50:56.590   512  2967 D audio_hw_primary: out_set_parameters: enter: usecase(1: low-latency-playback) kvpairs: routing=2
08-05 18:50:56.601  8341  8354 I art     : Explicit concurrent mark sweep GC freed 8(4KB) AllocSpace objects, 0(0B) LOS objects, 10% free, 135MB/151MB, paused 1.914ms total 55.670ms
08-05 18:50:56.604   512  2967 D audio_hw_primary: select_devices: out_snd_device(2: speaker) in_snd_device(0: none)
08-05 18:50:56.604   512  2967 D msm8974_platform: platform_send_audio_calibration: sending audio calibration for snd_device(2) acdb_id(15)
08-05 18:50:56.604   512  2967 I soundtrigger: audio_extn_sound_trigger_update_device_status: device 0x2 of type 0 for Event 1
08-05 18:50:56.619   512  2967 D audio_hw_primary: enable_snd_device: snd_device(2: speaker)
08-05 18:50:56.621   512  2967 D audio_hw_primary: enable_audio_route: apply and update mixer path: low-latency-playback speaker
08-05 18:50:56.636  8341  8415 D Gabe    : call	returning from cache
08-05 18:50:56.641  8341  8341 V EXECUTING: https://project-travel-mate.herokuapp.com/api/get-upcoming-holidays/2020
08-05 18:50:56.646  8341  8341 V EXECUTING: https://project-travel-mate.herokuapp.com/api/get-upcoming-holidays/2020
08-05 18:50:56.755 13866 13866 I GoogleInputMethodServic: GoogleInputMethodService.onFinishInput():3138 
08-05 18:50:56.757 13866 13866 I GoogleInputMethodServic: GoogleInputMethodService.onStartInput():1808 
08-05 18:50:56.876   918   936 I ActivityManager: Displayed baseline.io.github.project_travel_mate/.utilities.UpcomingWeekendsActivity: +274ms
08-05 18:50:57.040  8341  8359 I art     : Starting a blocking GC Explicit
08-05 18:50:57.094  8341  8359 I art     : Explicit concurrent mark sweep GC freed 3594(236KB) AllocSpace objects, 2(36KB) LOS objects, 10% free, 139MB/155MB, paused 1.612ms total 53.320ms
08-05 18:50:57.117  8341  8359 I art     : Starting a blocking GC Explicit
08-05 18:50:57.135   380   380 W SurfaceFlinger: couldn't log to binary event log: overflow.
08-05 18:50:57.160   512  2967 D audio_hw_primary: disable_audio_route: reset and update mixer path: low-latency-playback speaker
08-05 18:50:57.164   512  2967 D audio_hw_primary: disable_snd_device: snd_device(2: speaker)
08-05 18:50:57.174   512  2967 I soundtrigger: audio_extn_sound_trigger_update_device_status: device 0x2 of type 0 for Event 0
08-05 18:50:57.178  8341  8359 I art     : Explicit concurrent mark sweep GC freed 5404(272KB) AllocSpace objects, 6(400KB) LOS objects, 10% free, 140MB/156MB, paused 2.275ms total 61.273ms
08-05 18:50:57.199  8341  8359 I art     : Starting a blocking GC Explicit
08-05 18:50:57.227  8341  9997 I NAPPA_EXPERIMENTATION: MetricNetworkRequestExecutionTime: REQUEST_DURATION_SYSTEM='580',REQUEST_DURATION_OKHTTP='50',REQUEST_SYNCHRONOUS='FALSE',RESPONSE_CODE='200',RESPONSE_METHOD='GET',RESPONSE_LENGTH_OKHTTP='6426',RESPONSE_LENGTH_HEADER='6426',REQUEST_PROTOCOL='http/1.1',REQUEST_URL='https://project-travel-mate.herokuapp.com/api/get-upcoming-holidays/2020',
08-05 18:50:57.236  8341  8341 V Response: [{"month":"January","date":1,"day":"Wednesday","name":"New Year's Day","type":"Restricted"},{"month":"January","date":2,"day":"Thursday","name":"Guru Govind Singh Jayanti","type":"Restricted"},{"month":"January","date":14,"day":"Tuesday","name":"Lohri","type":"Restricted"},{"month":"January","date":15,"day":"Wednesday","name":"Pongal","type":"Restricted"},{"month":"January","date":15,"day":"Wednesday","name":"Makar Sankranti","type":"Restricted"},{"month":"January","date":25,"day":"Saturday","name":"Chinese New Year","type":"Observance"},{"month":"January","date":26,"day":"Sunday","name":"Republic Day","type":"Gazetted"},{"month":"January","date":30,"day":"Thursday","name":"Vasant Panchami","type":"Restricted"},{"month":"February","date":9,"day":"Sunday","name":"Guru Ravidas Jayanti","type":"Restricted"},{"month":"February","date":14,"day":"Friday","name":"Valentine's Day","type":"Observance"},{"month":"February","date":18,"day":"Tuesday","name":"Maharishi Dayanand Saraswati Jayanti","type":"Restricted"},{"month":"February","date":19,"day":"Wednesday","name":"Shivaji Jayanti","type":"Restricted"},{"month":"February","date":21,"day":"Friday","name":"Maha Shivaratri/Shivaratri","type":"Gazetted"},{"month":"March","date":9,"day":"Monday","name":"Holika Dahana","type":"Restricted"},{"month":"March","date":9,"day":"Monday","name":"Hazarat Ali's Birthday","type":"Restricted"},{"month":"March","date":10,"day":"Tuesday","name":"Holi","type":"Gazetted"},{"month":"March","date":20,"day":"Friday","name":"March Equinox","type":"Season"},{"month":"March","date":25,"day":"Wednesday","name":"Chaitra Sukhladi","type":"Restricted"},{"month":"April","date":2,"day":"Thursday","name":"Rama Navami","type":"Gazetted"},{"month":"April","date":6,"day":"Monday","name":"Mahavir Jayanti","type":"Gazetted"},{"month":"April","date":9,"day":"Thursday","name":"First day of Passover","type":"Observance"},{"month":"April","date":9,"day":"Thursday","name":"Maundy Thursday","type":"Observance,"},{"month":"April","date":10,"day":"Friday","name":"Good Friday","type":"Gazetted"},{"month":"April","date":12,"day":"Sunday","name":"Easter Day","type":"Restricted"},{"month":"April","date":13,"day":"Monday","name":"Vaisakhi","type":"Restricted"},{"month":"April","date":14,"day":"Tuesday","name":"Mesadi/Vaisakhadi","type":"Restricted"},{"month":"April","date":14,"day":"Tuesday","name":"Ambedkar Jayanti","type":"Central"},{"month":"May","date":1,"day":"Friday","name":"May Day","type":"Observance"},{"month":"May","date":7,"day":"Thursday","name":"Buddha Purnima/Vesak","type":"Gazetted"},{"month":"May","date":7,"day":"Thursday","name":"Birthday of Ravindranath","type":"Restricted"},{"month":"May","date":10,"day":"Sunday","name":"Mother's Day","type":"Observance"},{"month":"May","date":22,"day":"Friday","name":"Jamat Ul-Vida","type":"Restricted"},{"month":"May","date":25,"day":"Monday","name":"Ramzan Id/Eid-ul-Fitar","type":"Gazetted"},{"month":"May","date":25,"day":"Monday","name":"Ramzan Id/Eid-ul-Fitar","type":"Muslim,"},{"month":"June","date":21,"day":"Sunday","name":"June Solstice","type":"Season"},{"month":"June","date":21,"day":"Sunday","name":"Father's Day","type":"Observance"},{"month":"June","date":23,"day":"Tuesday","name":"Rath Yatra","type":"Restricted"},{"month":"July","date":5,"day":"Sunday","name":"Guru Purnima","type":"Observance"},{"month":"July","date":31,"day":"Friday","name":"Bakr Id/Eid ul-Adha","type":"Gazetted"},{"month":"August","date":2,"day":"Sunday","name":"Friendship Day","type":"Observance"},{"month":"August","date":3,"day":"Monday","name":"Raksha Bandhan (Rakhi)","type":"Restricted"},{"month":"August","date":11,"day":"Tuesday","name":"Janmashtami (Smarta)","type":"Restricted"},{"month":"August","date":12,"day":"Wednesday","name":"Janmashtami","type":"Gazetted"},{"month":"August","date":15,"day":"Saturday","name":"Independence Day","type":"Gazetted"},{"month":"August","date":16,"day":"Sunday","name":"Parsi New Year","type":"Restricted"},{"month":"August","date":22,"day":"Saturday","name":"Ganesh Chaturthi/Vin
08-05 18:50:57.249  8341  9996 I NAPPA_EXPERIMENTATION: MetricNetworkRequestExecutionTime: REQUEST_DURATION_SYSTEM='606',REQUEST_DURATION_OKHTTP='72',REQUEST_SYNCHRONOUS='FALSE',RESPONSE_CODE='200',RESPONSE_METHOD='GET',RESPONSE_LENGTH_OKHTTP='6426',RESPONSE_LENGTH_HEADER='6426',REQUEST_PROTOCOL='http/1.1',REQUEST_URL='https://project-travel-mate.herokuapp.com/api/get-upcoming-holidays/2020',
08-05 18:50:57.251  8341  8359 I art     : Explicit concurrent mark sweep GC freed 4687(339KB) AllocSpace objects, 1(16KB) LOS objects, 10% free, 140MB/156MB, paused 1.717ms total 51.700ms
08-05 18:50:57.273  8341  8359 I art     : Starting a blocking GC Explicit
08-05 18:50:57.332  8341  8359 I art     : Explicit concurrent mark sweep GC freed 3424(169KB) AllocSpace objects, 2(32KB) LOS objects, 10% free, 140MB/156MB, paused 2.240ms total 58.600ms
08-05 18:50:57.346  8341  8341 V Response: [{"month":"January","date":1,"day":"Wednesday","name":"New Year's Day","type":"Restricted"},{"month":"January","date":2,"day":"Thursday","name":"Guru Govind Singh Jayanti","type":"Restricted"},{"month":"January","date":14,"day":"Tuesday","name":"Lohri","type":"Restricted"},{"month":"January","date":15,"day":"Wednesday","name":"Pongal","type":"Restricted"},{"month":"January","date":15,"day":"Wednesday","name":"Makar Sankranti","type":"Restricted"},{"month":"January","date":25,"day":"Saturday","name":"Chinese New Year","type":"Observance"},{"month":"January","date":26,"day":"Sunday","name":"Republic Day","type":"Gazetted"},{"month":"January","date":30,"day":"Thursday","name":"Vasant Panchami","type":"Restricted"},{"month":"February","date":9,"day":"Sunday","name":"Guru Ravidas Jayanti","type":"Restricted"},{"month":"February","date":14,"day":"Friday","name":"Valentine's Day","type":"Observance"},{"month":"February","date":18,"day":"Tuesday","name":"Maharishi Dayanand Saraswati Jayanti","type":"Restricted"},{"month":"February","date":19,"day":"Wednesday","name":"Shivaji Jayanti","type":"Restricted"},{"month":"February","date":21,"day":"Friday","name":"Maha Shivaratri/Shivaratri","type":"Gazetted"},{"month":"March","date":9,"day":"Monday","name":"Holika Dahana","type":"Restricted"},{"month":"March","date":9,"day":"Monday","name":"Hazarat Ali's Birthday","type":"Restricted"},{"month":"March","date":10,"day":"Tuesday","name":"Holi","type":"Gazetted"},{"month":"March","date":20,"day":"Friday","name":"March Equinox","type":"Season"},{"month":"March","date":25,"day":"Wednesday","name":"Chaitra Sukhladi","type":"Restricted"},{"month":"April","date":2,"day":"Thursday","name":"Rama Navami","type":"Gazetted"},{"month":"April","date":6,"day":"Monday","name":"Mahavir Jayanti","type":"Gazetted"},{"month":"April","date":9,"day":"Thursday","name":"First day of Passover","type":"Observance"},{"month":"April","date":9,"day":"Thursday","name":"Maundy Thursday","type":"Observance,"},{"month":"April","date":10,"day":"Friday","name":"Good Friday","type":"Gazetted"},{"month":"April","date":12,"day":"Sunday","name":"Easter Day","type":"Restricted"},{"month":"April","date":13,"day":"Monday","name":"Vaisakhi","type":"Restricted"},{"month":"April","date":14,"day":"Tuesday","name":"Mesadi/Vaisakhadi","type":"Restricted"},{"month":"April","date":14,"day":"Tuesday","name":"Ambedkar Jayanti","type":"Central"},{"month":"May","date":1,"day":"Friday","name":"May Day","type":"Observance"},{"month":"May","date":7,"day":"Thursday","name":"Buddha Purnima/Vesak","type":"Gazetted"},{"month":"May","date":7,"day":"Thursday","name":"Birthday of Ravindranath","type":"Restricted"},{"month":"May","date":10,"day":"Sunday","name":"Mother's Day","type":"Observance"},{"month":"May","date":22,"day":"Friday","name":"Jamat Ul-Vida","type":"Restricted"},{"month":"May","date":25,"day":"Monday","name":"Ramzan Id/Eid-ul-Fitar","type":"Gazetted"},{"month":"May","date":25,"day":"Monday","name":"Ramzan Id/Eid-ul-Fitar","type":"Muslim,"},{"month":"June","date":21,"day":"Sunday","name":"June Solstice","type":"Season"},{"month":"June","date":21,"day":"Sunday","name":"Father's Day","type":"Observance"},{"month":"June","date":23,"day":"Tuesday","name":"Rath Yatra","type":"Restricted"},{"month":"July","date":5,"day":"Sunday","name":"Guru Purnima","type":"Observance"},{"month":"July","date":31,"day":"Friday","name":"Bakr Id/Eid ul-Adha","type":"Gazetted"},{"month":"August","date":2,"day":"Sunday","name":"Friendship Day","type":"Observance"},{"month":"August","date":3,"day":"Monday","name":"Raksha Bandhan (Rakhi)","type":"Restricted"},{"month":"August","date":11,"day":"Tuesday","name":"Janmashtami (Smarta)","type":"Restricted"},{"month":"August","date":12,"day":"Wednesday","name":"Janmashtami","type":"Gazetted"},{"month":"August","date":15,"day":"Saturday","name":"Independence Day","type":"Gazetted"},{"month":"August","date":16,"day":"Sunday","name":"Parsi New Year","type":"Restricted"},{"month":"August","date":22,"day":"Saturday","name":"Ganesh Chaturthi/Vin
08-05 18:50:57.354  8341  8359 I art     : Starting a blocking GC Explicit
08-05 18:50:57.415  8341  8359 I art     : Explicit concurrent mark sweep GC freed 7606(278KB) AllocSpace objects, 0(0B) LOS objects, 10% free, 140MB/156MB, paused 2.372ms total 60.389ms
08-05 18:50:57.841  8341  8619 I art     : Starting a blocking GC Explicit
08-05 18:50:57.907  8341  8619 I art     : Explicit concurrent mark sweep GC freed 2730(118KB) AllocSpace objects, 3(4MB) LOS objects, 10% free, 136MB/152MB, paused 1.815ms total 65.027ms
08-05 18:50:57.933  8341  8619 I art     : Starting a blocking GC Explicit
08-05 18:50:57.992  8341  8619 I art     : Explicit concurrent mark sweep GC freed 1164(71KB) AllocSpace objects, 0(0B) LOS objects, 10% free, 136MB/152MB, paused 1.809ms total 58.367ms
08-05 18:50:58.015  8341  8619 I art     : Starting a blocking GC Explicit
08-05 18:50:58.076  8341  8619 I art     : Explicit concurrent mark sweep GC freed 122(2064B) AllocSpace objects, 0(0B) LOS objects, 10% free, 136MB/152MB, paused 1.715ms total 60.296ms
08-05 18:50:58.100  8341  8619 I art     : Starting a blocking GC Explicit
08-05 18:50:58.161  8341  8619 I art     : Explicit concurrent mark sweep GC freed 124(2128B) AllocSpace objects, 0(0B) LOS objects, 10% free, 136MB/152MB, paused 1.795ms total 60.727ms
08-05 18:50:58.186  8341  8619 I art     : Starting a blocking GC Explicit
08-05 18:50:58.247  8341  8619 I art     : Explicit concurrent mark sweep GC freed 122(2064B) AllocSpace objects, 0(0B) LOS objects, 10% free, 136MB/152MB, paused 1.635ms total 60.759ms
08-05 18:50:58.698  8341  8353 I art     : Starting a blocking GC Explicit
08-05 18:50:58.761  8341  8353 I art     : Explicit concurrent mark sweep GC freed 2370(105KB) AllocSpace objects, 2(36KB) LOS objects, 10% free, 136MB/152MB, paused 1.688ms total 62.130ms
08-05 18:50:58.785  8341  8353 I art     : Starting a blocking GC Explicit
08-05 18:50:58.847  8341  8353 I art     : Explicit concurrent mark sweep GC freed 163(3KB) AllocSpace objects, 0(0B) LOS objects, 10% free, 136MB/152MB, paused 1.703ms total 60.809ms
08-05 18:50:58.872  8341  8353 I art     : Starting a blocking GC Explicit
08-05 18:50:58.931  8341  8353 I art     : Explicit concurrent mark sweep GC freed 123(2096B) AllocSpace objects, 0(0B) LOS objects, 10% free, 136MB/152MB, paused 1.685ms total 59.066ms
08-05 18:50:58.931  8341  8352 I art     : WaitForGcToComplete blocked for 9.428ms for cause HeapTrim
08-05 18:50:58.955  8341  8353 I art     : Starting a blocking GC Explicit
08-05 18:50:59.015  8341  8353 I art     : Explicit concurrent mark sweep GC freed 123(2096B) AllocSpace objects, 0(0B) LOS objects, 10% free, 136MB/152MB, paused 1.688ms total 59.933ms
08-05 18:50:59.039  8341  8353 I art     : Starting a blocking GC Explicit
08-05 18:50:59.099  8341  8353 I art     : Explicit concurrent mark sweep GC freed 123(2096B) AllocSpace objects, 0(0B) LOS objects, 10% free, 136MB/152MB, paused 1.751ms total 59.553ms
08-05 18:50:59.548  8341  8359 I art     : Starting a blocking GC Explicit
08-05 18:50:59.611  8341  8359 I art     : Explicit concurrent mark sweep GC freed 2357(104KB) AllocSpace objects, 2(36KB) LOS objects, 10% free, 136MB/152MB, paused 1.808ms total 62.214ms
08-05 18:50:59.637  8341  8359 I art     : Starting a blocking GC Explicit
08-05 18:50:59.697  8341  8359 I art     : Explicit concurrent mark sweep GC freed 147(2992B) AllocSpace objects, 0(0B) LOS objects, 10% free, 136MB/152MB, paused 1.627ms total 59.440ms
08-05 18:50:59.720  8341  8359 I art     : Starting a blocking GC Explicit
08-05 18:50:59.782  8341  8359 I art     : Explicit concurrent mark sweep GC freed 123(2096B) AllocSpace objects, 0(0B) LOS objects, 10% free, 136MB/152MB, paused 1.709ms total 61.116ms
08-05 18:50:59.806  8341  8359 I art     : Starting a blocking GC Explicit
08-05 18:50:59.868  8341  8359 I art     : Explicit concurrent mark sweep GC freed 125(2160B) AllocSpace objects, 0(0B) LOS objects, 10% free, 136MB/152MB, paused 1.930ms total 61.225ms
08-05 18:50:59.892  8341  8359 I art     : Starting a blocking GC Explicit
08-05 18:50:59.953  8341  8359 I art     : Explicit concurrent mark sweep GC freed 123(2096B) AllocSpace objects, 0(0B) LOS objects, 10% free, 136MB/152MB, paused 1.646ms total 60.558ms
08-05 18:51:00.374  8341  8354 I art     : Starting a blocking GC Explicit
08-05 18:51:00.436  8341  8354 I art     : Explicit concurrent mark sweep GC freed 2322(104KB) AllocSpace objects, 2(36KB) LOS objects, 10% free, 136MB/152MB, paused 1.782ms total 61.417ms
08-05 18:51:00.461  8341  8354 I art     : Starting a blocking GC Explicit
08-05 18:51:00.507   518   646 I ThermalEngine: ACTION: GPU - Setting GPU[0] to 450000000
08-05 18:51:00.519  8341  8354 I art     : Explicit concurrent mark sweep GC freed 158(3KB) AllocSpace objects, 0(0B) LOS objects, 10% free, 136MB/152MB, paused 1.411ms total 57.961ms
08-05 18:51:00.537  8341  8354 I art     : Starting a blocking GC Explicit
08-05 18:51:00.585  8341  8354 I art     : Explicit concurrent mark sweep GC freed 99(1696B) AllocSpace objects, 0(0B) LOS objects, 10% free, 136MB/152MB, paused 1.129ms total 47.555ms
08-05 18:51:00.603  8341  8354 I art     : Starting a blocking GC Explicit
08-05 18:51:00.655  8341  8354 I art     : Explicit concurrent mark sweep GC freed 110(2320B) AllocSpace objects, 0(0B) LOS objects, 10% free, 136MB/152MB, paused 1.096ms total 52.005ms
08-05 18:51:00.673  8341  8354 I art     : Starting a blocking GC Explicit
08-05 18:51:00.728  8341  8354 I art     : Explicit concurrent mark sweep GC freed 116(2352B) AllocSpace objects, 0(0B) LOS objects, 10% free, 136MB/152MB, paused 1.388ms total 53.940ms
08-05 18:51:01.107  8341  8619 I art     : Starting a blocking GC Explicit
08-05 18:51:01.159  8341  8619 I art     : Explicit concurrent mark sweep GC freed 2200(102KB) AllocSpace objects, 2(36KB) LOS objects, 10% free, 136MB/152MB, paused 1.333ms total 51.374ms
08-05 18:51:01.177  8341  8619 I art     : Starting a blocking GC Explicit
08-05 18:51:01.228  8341  8619 I art     : Explicit concurrent mark sweep GC freed 139(2880B) AllocSpace objects, 0(0B) LOS objects, 10% free, 136MB/152MB, paused 1.508ms total 50.830ms
08-05 18:51:01.246  8341  8619 I art     : Starting a blocking GC Explicit
08-05 18:51:01.296  8341  8619 I art     : Explicit concurrent mark sweep GC freed 107(1824B) AllocSpace objects, 0(0B) LOS objects, 10% free, 136MB/152MB, paused 1.166ms total 49.732ms
08-05 18:51:01.314  8341  8619 I art     : Starting a blocking GC Explicit
08-05 18:51:01.364  8341  8619 I art     : Explicit concurrent mark sweep GC freed 130(2528B) AllocSpace objects, 0(0B) LOS objects, 10% free, 136MB/152MB, paused 1.184ms total 49.907ms
08-05 18:51:01.382  8341  8619 I art     : Starting a blocking GC Explicit
08-05 18:51:01.415 10054 10054 D AndroidRuntime: >>>>>> START com.android.internal.os.RuntimeInit uid 2000 <<<<<<
08-05 18:51:01.421 10054 10054 D AndroidRuntime: CheckJNI is OFF
08-05 18:51:01.431  8341  8619 I art     : Explicit concurrent mark sweep GC freed 100(1728B) AllocSpace objects, 0(0B) LOS objects, 10% free, 136MB/152MB, paused 1.211ms total 48.801ms
08-05 18:51:01.467 10054 10054 D ICU     : No timezone override file found: /data/misc/zoneinfo/current/icu/icu_tzdata.dat
08-05 18:51:01.512 10054 10054 I Radio-JNI: register_android_hardware_Radio DONE
08-05 18:51:01.541 10054 10054 D AndroidRuntime: Calling main entry com.android.commands.input.Input
08-05 18:51:01.542 10054 10054 I Input   : injectKeyEvent: KeyEvent { action=ACTION_DOWN, keyCode=KEYCODE_BACK, scanCode=0, metaState=0, flags=0x0, repeatCount=0, eventTime=816677955, downTime=816677955, deviceId=-1, source=0x101 }
08-05 18:51:01.549 10054 10054 I Input   : injectKeyEvent: KeyEvent { action=ACTION_UP, keyCode=KEYCODE_BACK, scanCode=0, metaState=0, flags=0x0, repeatCount=0, eventTime=816677955, downTime=816677955, deviceId=-1, source=0x101 }
08-05 18:51:01.556 10054 10054 D AndroidRuntime: Shutting down VM
08-05 18:51:01.573  8341  8341 V MainActivity: url = https://project-travel-mate.herokuapp.com/api/number-of-unread-notifications
08-05 18:51:01.603 13866 13866 I GoogleInputMethodServic: GoogleInputMethodService.onFinishInput():3138 
08-05 18:51:01.604 13866 13866 I GoogleInputMethodServic: GoogleInputMethodService.onStartInput():1808 
08-05 18:51:01.807  8341  8359 I art     : Starting a blocking GC Explicit
08-05 18:51:01.867  8341  8359 I art     : Explicit concurrent mark sweep GC freed 2561(121KB) AllocSpace objects, 2(36KB) LOS objects, 10% free, 136MB/152MB, paused 1.390ms total 59.121ms
08-05 18:51:01.885  8341  8359 I art     : Starting a blocking GC Explicit
08-05 18:51:01.943  8341  8359 I art     : Explicit concurrent mark sweep GC freed 191(4KB) AllocSpace objects, 0(0B) LOS objects, 10% free, 136MB/152MB, paused 1.748ms total 57.293ms
08-05 18:51:01.956   380   380 W SurfaceFlinger: couldn't log to binary event log: overflow.
08-05 18:51:01.963  8341  8359 I art     : Starting a blocking GC Explicit
08-05 18:51:02.008  8341  8359 I art     : Explicit concurrent mark sweep GC freed 33(1168B) AllocSpace objects, 0(0B) LOS objects, 10% free, 136MB/152MB, paused 1.140ms total 44.638ms
08-05 18:51:02.024  8341  8359 I art     : Starting a blocking GC Explicit
08-05 18:51:02.070  8341  8359 I art     : Explicit concurrent mark sweep GC freed 6603(359KB) AllocSpace objects, 13(264KB) LOS objects, 10% free, 135MB/151MB, paused 1.177ms total 45.035ms
08-05 18:51:02.087  8341  8359 I art     : Starting a blocking GC Explicit
08-05 18:51:02.133  8341  8359 I art     : Explicit concurrent mark sweep GC freed 3(96B) AllocSpace objects, 0(0B) LOS objects, 10% free, 135MB/151MB, paused 1.209ms total 46.167ms
08-05 18:51:02.435  8341 10079 I NAPPA_EXPERIMENTATION: MetricNetworkRequestExecutionTime: REQUEST_DURATION_SYSTEM='861',REQUEST_DURATION_OKHTTP='40',REQUEST_SYNCHRONOUS='FALSE',RESPONSE_CODE='200',RESPONSE_METHOD='GET',RESPONSE_LENGTH_OKHTTP='36',RESPONSE_LENGTH_HEADER='36',REQUEST_PROTOCOL='http/1.1',REQUEST_URL='https://project-travel-mate.herokuapp.com/api/number-of-unread-notifications',
08-05 18:51:02.537  8341  8619 I art     : Starting a blocking GC Explicit
08-05 18:51:02.590  8341  8619 I art     : Explicit concurrent mark sweep GC freed 4415(240KB) AllocSpace objects, 5(236KB) LOS objects, 10% free, 135MB/151MB, paused 1.206ms total 53.273ms
08-05 18:51:02.608  8341  8619 I art     : Starting a blocking GC Explicit
08-05 18:51:02.656  8341  8619 I art     : Explicit concurrent mark sweep GC freed 962(117KB) AllocSpace objects, 0(0B) LOS objects, 10% free, 135MB/151MB, paused 1.150ms total 47.235ms
08-05 18:51:02.673  8341  8619 I art     : Starting a blocking GC Explicit
08-05 18:51:02.721  8341  8619 I art     : Explicit concurrent mark sweep GC freed 3(96B) AllocSpace objects, 0(0B) LOS objects, 10% free, 135MB/151MB, paused 1.252ms total 47.546ms
08-05 18:51:02.743  8341  8619 I art     : Starting a blocking GC Explicit
08-05 18:51:02.790  8341  8619 I art     : Explicit concurrent mark sweep GC freed 3(96B) AllocSpace objects, 0(0B) LOS objects, 10% free, 135MB/151MB, paused 1.051ms total 46.679ms
08-05 18:51:02.808  8341  8619 I art     : Starting a blocking GC Explicit
08-05 18:51:02.853  8341  8619 I art     : Explicit concurrent mark sweep GC freed 3(96B) AllocSpace objects, 0(0B) LOS objects, 10% free, 135MB/151MB, paused 1.174ms total 44.585ms
08-05 18:51:03.248  8341  8353 I art     : Starting a blocking GC Explicit
08-05 18:51:03.291  8341  8353 I art     : Explicit concurrent mark sweep GC freed 1598(92KB) AllocSpace objects, 2(36KB) LOS objects, 10% free, 135MB/151MB, paused 1.090ms total 43.152ms
08-05 18:51:03.308  8341  8353 I art     : Starting a blocking GC Explicit
08-05 18:51:03.320 10100 10100 D AndroidRuntime: >>>>>> START com.android.internal.os.RuntimeInit uid 2000 <<<<<<
08-05 18:51:03.325 10100 10100 D AndroidRuntime: CheckJNI is OFF
08-05 18:51:03.349  8341  8353 I art     : Explicit concurrent mark sweep GC freed 73(2528B) AllocSpace objects, 0(0B) LOS objects, 10% free, 135MB/151MB, paused 1.145ms total 40.184ms
08-05 18:51:03.366  8341  8353 I art     : Starting a blocking GC Explicit
08-05 18:51:03.366 10100 10100 D ICU     : No timezone override file found: /data/misc/zoneinfo/current/icu/icu_tzdata.dat
08-05 18:51:03.405 10100 10100 I Radio-JNI: register_android_hardware_Radio DONE
08-05 18:51:03.409  8341  8353 I art     : Explicit concurrent mark sweep GC freed 5(160B) AllocSpace objects, 0(0B) LOS objects, 10% free, 135MB/151MB, paused 1.168ms total 42.419ms
08-05 18:51:03.426  8341  8353 I art     : Starting a blocking GC Explicit
08-05 18:51:03.434 10100 10100 D AndroidRuntime: Calling main entry com.android.commands.input.Input
08-05 18:51:03.436 10100 10100 I Input   : injectMotionEvent: MotionEvent { action=ACTION_DOWN, actionButton=0, id[0]=0, x[0]=657.0, y[0]=2080.0, toolType[0]=TOOL_TYPE_UNKNOWN, buttonState=0, metaState=0, flags=0x0, edgeFlags=0x0, pointerCount=1, historySize=0, eventTime=816679849, downTime=816679849, deviceId=0, source=0x1002 }
08-05 18:51:03.456 10100 10100 I Input   : injectMotionEvent: MotionEvent { action=ACTION_UP, actionButton=0, id[0]=0, x[0]=657.0, y[0]=2080.0, toolType[0]=TOOL_TYPE_UNKNOWN, buttonState=0, metaState=0, flags=0x0, edgeFlags=0x0, pointerCount=1, historySize=0, eventTime=816679849, downTime=816679849, deviceId=0, source=0x1002 }
08-05 18:51:03.468  8341  8353 I art     : Explicit concurrent mark sweep GC freed 5(160B) AllocSpace objects, 0(0B) LOS objects, 10% free, 135MB/151MB, paused 1.244ms total 41.540ms
08-05 18:51:03.486  8341  8353 I art     : Starting a blocking GC Explicit
08-05 18:51:03.496 10100 10100 D AndroidRuntime: Shutting down VM
08-05 18:51:03.528  8341  8353 I art     : Explicit concurrent mark sweep GC freed 6(192B) AllocSpace objects, 0(0B) LOS objects, 10% free, 135MB/151MB, paused 1.384ms total 41.992ms
08-05 18:51:03.534   918  6112 I ActivityManager: START u0 {cmp=baseline.io.github.project_travel_mate/.utilities.UpcomingWeekendsActivity} from uid 10674 on display 0
08-05 18:51:03.535   512  2967 D audio_hw_primary: out_set_parameters: enter: usecase(1: low-latency-playback) kvpairs: routing=2
08-05 18:51:03.548   512  2967 D audio_hw_primary: select_devices: out_snd_device(2: speaker) in_snd_device(0: none)
08-05 18:51:03.548   512  2967 D msm8974_platform: platform_send_audio_calibration: sending audio calibration for snd_device(2) acdb_id(15)
08-05 18:51:03.548   512  2967 I soundtrigger: audio_extn_sound_trigger_update_device_status: device 0x2 of type 0 for Event 1
08-05 18:51:03.558   512  2967 D audio_hw_primary: enable_snd_device: snd_device(2: speaker)
08-05 18:51:03.560   512  2967 D audio_hw_primary: enable_audio_route: apply and update mixer path: low-latency-playback speaker
08-05 18:51:03.562  8341  8415 D Gabe    : call	returning from cache
08-05 18:51:03.564  8341  8341 V EXECUTING: https://project-travel-mate.herokuapp.com/api/get-upcoming-holidays/2020
08-05 18:51:03.567  8341  8341 V EXECUTING: https://project-travel-mate.herokuapp.com/api/get-upcoming-holidays/2020
08-05 18:51:03.656 13866 13866 I GoogleInputMethodServic: GoogleInputMethodService.onFinishInput():3138 
08-05 18:51:03.657 13866 13866 I GoogleInputMethodServic: GoogleInputMethodService.onStartInput():1808 
08-05 18:51:03.756   918   936 I ActivityManager: Displayed baseline.io.github.project_travel_mate/.utilities.UpcomingWeekendsActivity: +213ms
08-05 18:51:03.891  8341 10088 I art     : Starting a blocking GC Explicit
08-05 18:51:03.936  8341 10088 I art     : Explicit concurrent mark sweep GC freed 3542(195KB) AllocSpace objects, 2(36KB) LOS objects, 10% free, 140MB/156MB, paused 1.201ms total 45.037ms
08-05 18:51:03.937  8320  8320 I Atfwd_Sendcmd: AtCmdFwd service not ready - Exhausted retry attempts - :6
08-05 18:51:03.937  8320  8320 I Atfwd_Daemon: result : -1 	 ,Init step :2 	 ,qmiErrorCode: 0
08-05 18:51:03.953  8341 10088 I art     : Starting a blocking GC Explicit
08-05 18:51:03.992   380   380 W SurfaceFlinger: couldn't log to binary event log: overflow.
08-05 18:51:03.998  8341 10088 I art     : Explicit concurrent mark sweep GC freed 363(14KB) AllocSpace objects, 0(0B) LOS objects, 10% free, 140MB/156MB, paused 1.284ms total 44.230ms
08-05 18:51:04.015  8341 10088 I art     : Starting a blocking GC Explicit
08-05 18:51:04.058  8341 10088 I art     : Explicit concurrent mark sweep GC freed 75(1296B) AllocSpace objects, 0(0B) LOS objects, 10% free, 140MB/156MB, paused 1.294ms total 42.429ms
08-05 18:51:04.058  8341  8352 I art     : WaitForGcToComplete blocked for 40.602ms for cause HeapTrim
08-05 18:51:04.075  8341 10088 I art     : Starting a blocking GC Explicit
08-05 18:51:04.114   512  2967 D audio_hw_primary: disable_audio_route: reset and update mixer path: low-latency-playback speaker
08-05 18:51:04.116   512  2967 D audio_hw_primary: disable_snd_device: snd_device(2: speaker)
08-05 18:51:04.124   512  2967 I soundtrigger: audio_extn_sound_trigger_update_device_status: device 0x2 of type 0 for Event 0
08-05 18:51:04.127  8341 10088 I art     : Explicit concurrent mark sweep GC freed 2616(164KB) AllocSpace objects, 4(240KB) LOS objects, 10% free, 140MB/156MB, paused 2.413ms total 51.808ms
08-05 18:51:04.148  8341 10088 I art     : Starting a blocking GC Explicit
08-05 18:51:04.183  8341 10126 I NAPPA_EXPERIMENTATION: MetricNetworkRequestExecutionTime: REQUEST_DURATION_SYSTEM='615',REQUEST_DURATION_OKHTTP='41',REQUEST_SYNCHRONOUS='FALSE',RESPONSE_CODE='200',RESPONSE_METHOD='GET',RESPONSE_LENGTH_OKHTTP='6426',RESPONSE_LENGTH_HEADER='6426',REQUEST_PROTOCOL='http/1.1',REQUEST_URL='https://project-travel-mate.herokuapp.com/api/get-upcoming-holidays/2020',
08-05 18:51:04.192  8341 10088 I art     : Explicit concurrent mark sweep GC freed 4635(343KB) AllocSpace objects, 3(176KB) LOS objects, 10% free, 140MB/156MB, paused 1.594ms total 43.786ms
08-05 18:51:04.215  8341 10124 I NAPPA_EXPERIMENTATION: MetricNetworkRequestExecutionTime: REQUEST_DURATION_SYSTEM='649',REQUEST_DURATION_OKHTTP='72',REQUEST_SYNCHRONOUS='FALSE',RESPONSE_CODE='200',RESPONSE_METHOD='GET',RESPONSE_LENGTH_OKHTTP='6426',RESPONSE_LENGTH_HEADER='6426',REQUEST_PROTOCOL='http/1.1',REQUEST_URL='https://project-travel-mate.herokuapp.com/api/get-upcoming-holidays/2020',
08-05 18:51:04.309  8341  8341 V Response: [{"month":"January","date":1,"day":"Wednesday","name":"New Year's Day","type":"Restricted"},{"month":"January","date":2,"day":"Thursday","name":"Guru Govind Singh Jayanti","type":"Restricted"},{"month":"January","date":14,"day":"Tuesday","name":"Lohri","type":"Restricted"},{"month":"January","date":15,"day":"Wednesday","name":"Pongal","type":"Restricted"},{"month":"January","date":15,"day":"Wednesday","name":"Makar Sankranti","type":"Restricted"},{"month":"January","date":25,"day":"Saturday","name":"Chinese New Year","type":"Observance"},{"month":"January","date":26,"day":"Sunday","name":"Republic Day","type":"Gazetted"},{"month":"January","date":30,"day":"Thursday","name":"Vasant Panchami","type":"Restricted"},{"month":"February","date":9,"day":"Sunday","name":"Guru Ravidas Jayanti","type":"Restricted"},{"month":"February","date":14,"day":"Friday","name":"Valentine's Day","type":"Observance"},{"month":"February","date":18,"day":"Tuesday","name":"Maharishi Dayanand Saraswati Jayanti","type":"Restricted"},{"month":"February","date":19,"day":"Wednesday","name":"Shivaji Jayanti","type":"Restricted"},{"month":"February","date":21,"day":"Friday","name":"Maha Shivaratri/Shivaratri","type":"Gazetted"},{"month":"March","date":9,"day":"Monday","name":"Holika Dahana","type":"Restricted"},{"month":"March","date":9,"day":"Monday","name":"Hazarat Ali's Birthday","type":"Restricted"},{"month":"March","date":10,"day":"Tuesday","name":"Holi","type":"Gazetted"},{"month":"March","date":20,"day":"Friday","name":"March Equinox","type":"Season"},{"month":"March","date":25,"day":"Wednesday","name":"Chaitra Sukhladi","type":"Restricted"},{"month":"April","date":2,"day":"Thursday","name":"Rama Navami","type":"Gazetted"},{"month":"April","date":6,"day":"Monday","name":"Mahavir Jayanti","type":"Gazetted"},{"month":"April","date":9,"day":"Thursday","name":"First day of Passover","type":"Observance"},{"month":"April","date":9,"day":"Thursday","name":"Maundy Thursday","type":"Observance,"},{"month":"April","date":10,"day":"Friday","name":"Good Friday","type":"Gazetted"},{"month":"April","date":12,"day":"Sunday","name":"Easter Day","type":"Restricted"},{"month":"April","date":13,"day":"Monday","name":"Vaisakhi","type":"Restricted"},{"month":"April","date":14,"day":"Tuesday","name":"Mesadi/Vaisakhadi","type":"Restricted"},{"month":"April","date":14,"day":"Tuesday","name":"Ambedkar Jayanti","type":"Central"},{"month":"May","date":1,"day":"Friday","name":"May Day","type":"Observance"},{"month":"May","date":7,"day":"Thursday","name":"Buddha Purnima/Vesak","type":"Gazetted"},{"month":"May","date":7,"day":"Thursday","name":"Birthday of Ravindranath","type":"Restricted"},{"month":"May","date":10,"day":"Sunday","name":"Mother's Day","type":"Observance"},{"month":"May","date":22,"day":"Friday","name":"Jamat Ul-Vida","type":"Restricted"},{"month":"May","date":25,"day":"Monday","name":"Ramzan Id/Eid-ul-Fitar","type":"Gazetted"},{"month":"May","date":25,"day":"Monday","name":"Ramzan Id/Eid-ul-Fitar","type":"Muslim,"},{"month":"June","date":21,"day":"Sunday","name":"June Solstice","type":"Season"},{"month":"June","date":21,"day":"Sunday","name":"Father's Day","type":"Observance"},{"month":"June","date":23,"day":"Tuesday","name":"Rath Yatra","type":"Restricted"},{"month":"July","date":5,"day":"Sunday","name":"Guru Purnima","type":"Observance"},{"month":"July","date":31,"day":"Friday","name":"Bakr Id/Eid ul-Adha","type":"Gazetted"},{"month":"August","date":2,"day":"Sunday","name":"Friendship Day","type":"Observance"},{"month":"August","date":3,"day":"Monday","name":"Raksha Bandhan (Rakhi)","type":"Restricted"},{"month":"August","date":11,"day":"Tuesday","name":"Janmashtami (Smarta)","type":"Restricted"},{"month":"August","date":12,"day":"Wednesday","name":"Janmashtami","type":"Gazetted"},{"month":"August","date":15,"day":"Saturday","name":"Independence Day","type":"Gazetted"},{"month":"August","date":16,"day":"Sunday","name":"Parsi New Year","type":"Restricted"},{"month":"August","date":22,"day":"Saturday","name":"Ganesh Chaturthi/Vin
08-05 18:51:04.313  8341  8341 V Response: [{"month":"January","date":1,"day":"Wednesday","name":"New Year's Day","type":"Restricted"},{"month":"January","date":2,"day":"Thursday","name":"Guru Govind Singh Jayanti","type":"Restricted"},{"month":"January","date":14,"day":"Tuesday","name":"Lohri","type":"Restricted"},{"month":"January","date":15,"day":"Wednesday","name":"Pongal","type":"Restricted"},{"month":"January","date":15,"day":"Wednesday","name":"Makar Sankranti","type":"Restricted"},{"month":"January","date":25,"day":"Saturday","name":"Chinese New Year","type":"Observance"},{"month":"January","date":26,"day":"Sunday","name":"Republic Day","type":"Gazetted"},{"month":"January","date":30,"day":"Thursday","name":"Vasant Panchami","type":"Restricted"},{"month":"February","date":9,"day":"Sunday","name":"Guru Ravidas Jayanti","type":"Restricted"},{"month":"February","date":14,"day":"Friday","name":"Valentine's Day","type":"Observance"},{"month":"February","date":18,"day":"Tuesday","name":"Maharishi Dayanand Saraswati Jayanti","type":"Restricted"},{"month":"February","date":19,"day":"Wednesday","name":"Shivaji Jayanti","type":"Restricted"},{"month":"February","date":21,"day":"Friday","name":"Maha Shivaratri/Shivaratri","type":"Gazetted"},{"month":"March","date":9,"day":"Monday","name":"Holika Dahana","type":"Restricted"},{"month":"March","date":9,"day":"Monday","name":"Hazarat Ali's Birthday","type":"Restricted"},{"month":"March","date":10,"day":"Tuesday","name":"Holi","type":"Gazetted"},{"month":"March","date":20,"day":"Friday","name":"March Equinox","type":"Season"},{"month":"March","date":25,"day":"Wednesday","name":"Chaitra Sukhladi","type":"Restricted"},{"month":"April","date":2,"day":"Thursday","name":"Rama Navami","type":"Gazetted"},{"month":"April","date":6,"day":"Monday","name":"Mahavir Jayanti","type":"Gazetted"},{"month":"April","date":9,"day":"Thursday","name":"First day of Passover","type":"Observance"},{"month":"April","date":9,"day":"Thursday","name":"Maundy Thursday","type":"Observance,"},{"month":"April","date":10,"day":"Friday","name":"Good Friday","type":"Gazetted"},{"month":"April","date":12,"day":"Sunday","name":"Easter Day","type":"Restricted"},{"month":"April","date":13,"day":"Monday","name":"Vaisakhi","type":"Restricted"},{"month":"April","date":14,"day":"Tuesday","name":"Mesadi/Vaisakhadi","type":"Restricted"},{"month":"April","date":14,"day":"Tuesday","name":"Ambedkar Jayanti","type":"Central"},{"month":"May","date":1,"day":"Friday","name":"May Day","type":"Observance"},{"month":"May","date":7,"day":"Thursday","name":"Buddha Purnima/Vesak","type":"Gazetted"},{"month":"May","date":7,"day":"Thursday","name":"Birthday of Ravindranath","type":"Restricted"},{"month":"May","date":10,"day":"Sunday","name":"Mother's Day","type":"Observance"},{"month":"May","date":22,"day":"Friday","name":"Jamat Ul-Vida","type":"Restricted"},{"month":"May","date":25,"day":"Monday","name":"Ramzan Id/Eid-ul-Fitar","type":"Gazetted"},{"month":"May","date":25,"day":"Monday","name":"Ramzan Id/Eid-ul-Fitar","type":"Muslim,"},{"month":"June","date":21,"day":"Sunday","name":"June Solstice","type":"Season"},{"month":"June","date":21,"day":"Sunday","name":"Father's Day","type":"Observance"},{"month":"June","date":23,"day":"Tuesday","name":"Rath Yatra","type":"Restricted"},{"month":"July","date":5,"day":"Sunday","name":"Guru Purnima","type":"Observance"},{"month":"July","date":31,"day":"Friday","name":"Bakr Id/Eid ul-Adha","type":"Gazetted"},{"month":"August","date":2,"day":"Sunday","name":"Friendship Day","type":"Observance"},{"month":"August","date":3,"day":"Monday","name":"Raksha Bandhan (Rakhi)","type":"Restricted"},{"month":"August","date":11,"day":"Tuesday","name":"Janmashtami (Smarta)","type":"Restricted"},{"month":"August","date":12,"day":"Wednesday","name":"Janmashtami","type":"Gazetted"},{"month":"August","date":15,"day":"Saturday","name":"Independence Day","type":"Gazetted"},{"month":"August","date":16,"day":"Sunday","name":"Parsi New Year","type":"Restricted"},{"month":"August","date":22,"day":"Saturday","name":"Ganesh Chaturthi/Vin
08-05 18:51:04.573  8341  8359 I art     : Starting a blocking GC Explicit
08-05 18:51:04.627  8341  8359 I art     : Explicit concurrent mark sweep GC freed 11528(450KB) AllocSpace objects, 5(4MB) LOS objects, 10% free, 136MB/152MB, paused 1.227ms total 54.131ms
08-05 18:51:04.646  8341  8359 I art     : Starting a blocking GC Explicit
08-05 18:51:04.696  8341  8359 I art     : Explicit concurrent mark sweep GC freed 413(13KB) AllocSpace objects, 0(0B) LOS objects, 10% free, 136MB/152MB, paused 1.326ms total 50.014ms
08-05 18:51:04.714  8341  8359 I art     : Starting a blocking GC Explicit
08-05 18:51:04.764  8341  8359 I art     : Explicit concurrent mark sweep GC freed 99(1696B) AllocSpace objects, 0(0B) LOS objects, 10% free, 136MB/152MB, paused 1.306ms total 49.105ms
08-05 18:51:04.782  8341  8359 I art     : Starting a blocking GC Explicit
08-05 18:51:04.832  8341  8359 I art     : Explicit concurrent mark sweep GC freed 99(1696B) AllocSpace objects, 0(0B) LOS objects, 10% free, 136MB/152MB, paused 1.239ms total 50.166ms
08-05 18:51:04.851  8341  8359 I art     : Starting a blocking GC Explicit
08-05 18:51:04.902  8341  8359 I art     : Explicit concurrent mark sweep GC freed 99(1696B) AllocSpace objects, 0(0B) LOS objects, 10% free, 136MB/152MB, paused 1.121ms total 51.150ms
08-05 18:51:05.300  8341 10088 I art     : Starting a blocking GC Explicit
08-05 18:51:05.358  8341 10088 I art     : Explicit concurrent mark sweep GC freed 2274(103KB) AllocSpace objects, 2(36KB) LOS objects, 10% free, 136MB/152MB, paused 1.370ms total 57.574ms
08-05 18:51:05.377  8341 10088 I art     : Starting a blocking GC Explicit
08-05 18:51:05.431  8341 10088 I art     : Explicit concurrent mark sweep GC freed 162(3KB) AllocSpace objects, 0(0B) LOS objects, 10% free, 136MB/152MB, paused 1.367ms total 53.908ms
08-05 18:51:05.450  8341 10088 I art     : Starting a blocking GC Explicit
08-05 18:51:05.504  8341 10088 I art     : Explicit concurrent mark sweep GC freed 99(1696B) AllocSpace objects, 0(0B) LOS objects, 10% free, 136MB/152MB, paused 1.272ms total 54.025ms
08-05 18:51:05.522   518   646 I ThermalEngine: ACTION: GPU - Setting GPU[0] to 390000000
08-05 18:51:05.543  8341 10088 I art     : Starting a blocking GC Explicit
08-05 18:51:05.612  8341 10088 I art     : Explicit concurrent mark sweep GC freed 146(2464B) AllocSpace objects, 0(0B) LOS objects, 10% free, 136MB/152MB, paused 1.888ms total 68.509ms
08-05 18:51:05.637  8341 10088 I art     : Starting a blocking GC Explicit
08-05 18:51:05.700  8341 10088 I art     : Explicit concurrent mark sweep GC freed 148(2528B) AllocSpace objects, 0(0B) LOS objects, 10% free, 136MB/152MB, paused 2.002ms total 62.737ms
08-05 18:51:06.144  8341  8619 I art     : Starting a blocking GC Explicit
08-05 18:51:06.208  8341  8619 I art     : Explicit concurrent mark sweep GC freed 2326(104KB) AllocSpace objects, 2(36KB) LOS objects, 10% free, 136MB/152MB, paused 1.740ms total 63.671ms
08-05 18:51:06.234  8341  8619 I art     : Starting a blocking GC Explicit
08-05 18:51:06.294  8341  8619 I art     : Explicit concurrent mark sweep GC freed 183(4KB) AllocSpace objects, 0(0B) LOS objects, 10% free, 136MB/152MB, paused 1.745ms total 60.033ms
08-05 18:51:06.319  8341  8619 I art     : Starting a blocking GC Explicit
08-05 18:51:06.381  8341  8619 I art     : Explicit concurrent mark sweep GC freed 162(3056B) AllocSpace objects, 0(0B) LOS objects, 10% free, 136MB/152MB, paused 1.967ms total 62.069ms
08-05 18:51:06.406  8341  8619 I art     : Starting a blocking GC Explicit
08-05 18:51:06.469  8341  8619 I art     : Explicit concurrent mark sweep GC freed 138(2336B) AllocSpace objects, 0(0B) LOS objects, 10% free, 136MB/152MB, paused 1.943ms total 62.121ms
08-05 18:51:06.493  8341  8619 I art     : Starting a blocking GC Explicit
08-05 18:51:06.522   518   646 I ThermalEngine: ACTION: GPU - Setting GPU[0] to 450000000
08-05 18:51:06.548  8341  8619 I art     : Explicit concurrent mark sweep GC freed 124(2128B) AllocSpace objects, 0(0B) LOS objects, 10% free, 136MB/152MB, paused 1.256ms total 54.171ms
08-05 18:51:06.985  8341  8353 I art     : Starting a blocking GC Explicit
08-05 18:51:07.042  8341  8353 I art     : Explicit concurrent mark sweep GC freed 2291(103KB) AllocSpace objects, 2(36KB) LOS objects, 10% free, 136MB/152MB, paused 1.141ms total 56.184ms
08-05 18:51:07.064  8341  8353 I art     : Starting a blocking GC Explicit
08-05 18:51:07.116  8341  8353 I art     : Explicit concurrent mark sweep GC freed 158(3KB) AllocSpace objects, 0(0B) LOS objects, 10% free, 136MB/152MB, paused 1.289ms total 51.610ms
08-05 18:51:07.135  8341  8353 I art     : Starting a blocking GC Explicit
08-05 18:51:07.187  8341  8353 I art     : Explicit concurrent mark sweep GC freed 98(1664B) AllocSpace objects, 0(0B) LOS objects, 10% free, 136MB/152MB, paused 1.147ms total 52.011ms
08-05 18:51:07.205  8341  8353 I art     : Starting a blocking GC Explicit
08-05 18:51:07.256  8341  8353 I art     : Explicit concurrent mark sweep GC freed 100(1728B) AllocSpace objects, 0(0B) LOS objects, 10% free, 136MB/152MB, paused 1.226ms total 50.775ms
08-05 18:51:07.274  8341  8353 I art     : Starting a blocking GC Explicit
08-05 18:51:07.326  8341  8353 I art     : Explicit concurrent mark sweep GC freed 129(2496B) AllocSpace objects, 0(0B) LOS objects, 10% free, 136MB/152MB, paused 1.211ms total 51.247ms
08-05 18:51:07.751  8341  8354 I art     : Starting a blocking GC Explicit
08-05 18:51:07.801  8341  8354 I art     : Explicit concurrent mark sweep GC freed 2278(103KB) AllocSpace objects, 2(36KB) LOS objects, 10% free, 136MB/152MB, paused 1.210ms total 49.187ms
08-05 18:51:07.819  8341  8354 I art     : Starting a blocking GC Explicit
08-05 18:51:07.868  8341  8354 I art     : Explicit concurrent mark sweep GC freed 124(2624B) AllocSpace objects, 0(0B) LOS objects, 10% free, 136MB/152MB, paused 1.251ms total 48.152ms
08-05 18:51:07.885  8341  8354 I art     : Starting a blocking GC Explicit
08-05 18:51:07.936  8341  8354 I art     : Explicit concurrent mark sweep GC freed 99(1696B) AllocSpace objects, 0(0B) LOS objects, 10% free, 136MB/152MB, paused 1.146ms total 50.801ms
08-05 18:51:07.955  8341  8354 I art     : Starting a blocking GC Explicit
08-05 18:51:08.006  8341  8354 I art     : Explicit concurrent mark sweep GC freed 100(1728B) AllocSpace objects, 0(0B) LOS objects, 10% free, 136MB/152MB, paused 1.234ms total 51.416ms
08-05 18:51:08.025  8341  8354 I art     : Starting a blocking GC Explicit
08-05 18:51:08.074  8341  8354 I art     : Explicit concurrent mark sweep GC freed 99(1696B) AllocSpace objects, 0(0B) LOS objects, 10% free, 136MB/152MB, paused 1.205ms total 48.693ms
08-05 18:51:08.279 10190 10190 D AndroidRuntime: >>>>>> START com.android.internal.os.RuntimeInit uid 2000 <<<<<<
08-05 18:51:08.285 10190 10190 D AndroidRuntime: CheckJNI is OFF
08-05 18:51:08.325 10190 10190 D ICU     : No timezone override file found: /data/misc/zoneinfo/current/icu/icu_tzdata.dat
08-05 18:51:08.367 10190 10190 I Radio-JNI: register_android_hardware_Radio DONE
08-05 18:51:08.395 10190 10190 D AndroidRuntime: Calling main entry com.android.commands.input.Input
08-05 18:51:08.397 10190 10190 I Input   : injectKeyEvent: KeyEvent { action=ACTION_DOWN, keyCode=KEYCODE_BACK, scanCode=0, metaState=0, flags=0x0, repeatCount=0, eventTime=816684810, downTime=816684810, deviceId=-1, source=0x101 }
08-05 18:51:08.402 10190 10190 I Input   : injectKeyEvent: KeyEvent { action=ACTION_UP, keyCode=KEYCODE_BACK, scanCode=0, metaState=0, flags=0x0, repeatCount=0, eventTime=816684810, downTime=816684810, deviceId=-1, source=0x101 }
08-05 18:51:08.408 10190 10190 D AndroidRuntime: Shutting down VM
08-05 18:51:08.417  8341  8341 V MainActivity: url = https://project-travel-mate.herokuapp.com/api/number-of-unread-notifications
08-05 18:51:08.448 13866 13866 I GoogleInputMethodServic: GoogleInputMethodService.onFinishInput():3138 
08-05 18:51:08.449 13866 13866 I GoogleInputMethodServic: GoogleInputMethodService.onStartInput():1808 
08-05 18:51:08.492  8341  8354 I art     : Starting a blocking GC Explicit
08-05 18:51:08.539  8341  8354 I art     : Explicit concurrent mark sweep GC freed 2609(121KB) AllocSpace objects, 2(36KB) LOS objects, 10% free, 136MB/152MB, paused 1.630ms total 46.405ms
08-05 18:51:08.557  8341  8354 I art     : Starting a blocking GC Explicit
08-05 18:51:08.608  8341  8354 I art     : Explicit concurrent mark sweep GC freed 182(5KB) AllocSpace objects, 0(0B) LOS objects, 10% free, 136MB/152MB, paused 1.182ms total 50.930ms
08-05 18:51:08.626  8341  8354 I art     : Starting a blocking GC Explicit
08-05 18:51:08.676  8341  8354 I art     : Explicit concurrent mark sweep GC freed 120(2800B) AllocSpace objects, 0(0B) LOS objects, 10% free, 136MB/152MB, paused 1.291ms total 50.045ms
08-05 18:51:08.697  8341  8354 I art     : Starting a blocking GC Explicit
08-05 18:51:08.756  8341  8354 I art     : Explicit concurrent mark sweep GC freed 126(2256B) AllocSpace objects, 0(0B) LOS objects, 10% free, 136MB/152MB, paused 1.780ms total 58.966ms
08-05 18:51:08.775  8341  8354 I art     : Starting a blocking GC Explicit
08-05 18:51:08.780   380   380 W SurfaceFlinger: couldn't log to binary event log: overflow.
08-05 18:51:08.822  8341  8354 I art     : Explicit concurrent mark sweep GC freed 75(1904B) AllocSpace objects, 1(188KB) LOS objects, 10% free, 136MB/152MB, paused 1.232ms total 46.682ms
08-05 18:51:08.937  8320  8320 I ServiceManager: Waiting for service AtCmdFwd...
08-05 18:51:09.232  8341  8619 I art     : Starting a blocking GC Explicit
08-05 18:51:09.288  8341  8619 I art     : Explicit concurrent mark sweep GC freed 10781(584KB) AllocSpace objects, 17(420KB) LOS objects, 10% free, 136MB/152MB, paused 1.319ms total 55.634ms
08-05 18:51:09.299  8341 10215 I NAPPA_EXPERIMENTATION: MetricNetworkRequestExecutionTime: REQUEST_DURATION_SYSTEM='880',REQUEST_DURATION_OKHTTP='39',REQUEST_SYNCHRONOUS='FALSE',RESPONSE_CODE='200',RESPONSE_METHOD='GET',RESPONSE_LENGTH_OKHTTP='36',RESPONSE_LENGTH_HEADER='36',REQUEST_PROTOCOL='http/1.1',REQUEST_URL='https://project-travel-mate.herokuapp.com/api/number-of-unread-notifications',
08-05 18:51:09.306  8341  8619 I art     : Starting a blocking GC Explicit
08-05 18:51:09.355  8341  8619 I art     : Explicit concurrent mark sweep GC freed 1147(130KB) AllocSpace objects, 1(80KB) LOS objects, 10% free, 136MB/152MB, paused 1.242ms total 48.674ms
08-05 18:51:09.373  8341  8619 I art     : Starting a blocking GC Explicit
08-05 18:51:09.422  8341  8619 I art     : Explicit concurrent mark sweep GC freed 99(4KB) AllocSpace objects, 0(0B) LOS objects, 10% free, 136MB/152MB, paused 1.312ms total 49.327ms
08-05 18:51:09.443  8341  8619 I art     : Starting a blocking GC Explicit
08-05 18:51:09.492  8341  8619 I art     : Explicit concurrent mark sweep GC freed 3(96B) AllocSpace objects, 0(0B) LOS objects, 10% free, 136MB/152MB, paused 1.214ms total 48.424ms
08-05 18:51:09.510  8341  8619 I art     : Starting a blocking GC Explicit
08-05 18:51:09.559  8341  8619 I art     : Explicit concurrent mark sweep GC freed 3(96B) AllocSpace objects, 0(0B) LOS objects, 10% free, 136MB/152MB, paused 1.234ms total 48.378ms
08-05 18:51:09.888   918  3261 D WifiStateMachine: starting scan for "H369AA63323"WPA_PSK with 2412,5180
08-05 18:51:09.938  8320  8320 I ServiceManager: Waiting for service AtCmdFwd...
08-05 18:51:09.945  8341 10088 I art     : Starting a blocking GC Explicit
08-05 18:51:09.996  8341 10088 I art     : Explicit concurrent mark sweep GC freed 1594(92KB) AllocSpace objects, 2(36KB) LOS objects, 10% free, 136MB/152MB, paused 1.270ms total 50.696ms
08-05 18:51:10.014  8341 10088 I art     : Starting a blocking GC Explicit
08-05 18:51:10.059  8341 10088 I art     : Explicit concurrent mark sweep GC freed 44(1760B) AllocSpace objects, 0(0B) LOS objects, 10% free, 136MB/152MB, paused 1.102ms total 44.875ms
08-05 18:51:10.078  8341 10088 I art     : Starting a blocking GC Explicit
08-05 18:51:10.121  8341 10088 I art     : Explicit concurrent mark sweep GC freed 14(640B) AllocSpace objects, 0(0B) LOS objects, 10% free, 136MB/152MB, paused 1.287ms total 42.394ms
08-05 18:51:10.138  8341 10088 I art     : Starting a blocking GC Explicit
08-05 18:51:10.179  8341 10088 I art     : Explicit concurrent mark sweep GC freed 21(656B) AllocSpace objects, 0(0B) LOS objects, 10% free, 136MB/152MB, paused 1.152ms total 41.156ms
08-05 18:51:10.189 10227 10227 D AndroidRuntime: >>>>>> START com.android.internal.os.RuntimeInit uid 2000 <<<<<<
08-05 18:51:10.194 10227 10227 D AndroidRuntime: CheckJNI is OFF
08-05 18:51:10.200  8341 10088 I art     : Starting a blocking GC Explicit
08-05 18:51:10.233 10227 10227 D ICU     : No timezone override file found: /data/misc/zoneinfo/current/icu/icu_tzdata.dat
08-05 18:51:10.243  8341 10088 I art     : Explicit concurrent mark sweep GC freed 6(192B) AllocSpace objects, 0(0B) LOS objects, 10% free, 136MB/152MB, paused 1.149ms total 42.594ms
08-05 18:51:10.274 10227 10227 I Radio-JNI: register_android_hardware_Radio DONE
08-05 18:51:10.301 10227 10227 D AndroidRuntime: Calling main entry com.android.commands.input.Input
08-05 18:51:10.303 10227 10227 I Input   : injectMotionEvent: MotionEvent { action=ACTION_DOWN, actionButton=0, id[0]=0, x[0]=117.0, y[0]=170.0, toolType[0]=TOOL_TYPE_UNKNOWN, buttonState=0, metaState=0, flags=0x0, edgeFlags=0x0, pointerCount=1, historySize=0, eventTime=816686716, downTime=816686716, deviceId=0, source=0x1002 }
08-05 18:51:10.320 10227 10227 I Input   : injectMotionEvent: MotionEvent { action=ACTION_UP, actionButton=0, id[0]=0, x[0]=117.0, y[0]=170.0, toolType[0]=TOOL_TYPE_UNKNOWN, buttonState=0, metaState=0, flags=0x0, edgeFlags=0x0, pointerCount=1, historySize=0, eventTime=816686716, downTime=816686716, deviceId=0, source=0x1002 }
08-05 18:51:10.357 10227 10227 D AndroidRuntime: Shutting down VM
08-05 18:51:10.370   512  2967 D audio_hw_primary: out_set_parameters: enter: usecase(1: low-latency-playback) kvpairs: routing=2
08-05 18:51:10.383   512  2967 D audio_hw_primary: select_devices: out_snd_device(2: speaker) in_snd_device(0: none)
08-05 18:51:10.383   512  2967 D msm8974_platform: platform_send_audio_calibration: sending audio calibration for snd_device(2) acdb_id(15)
08-05 18:51:10.383   512  2967 I soundtrigger: audio_extn_sound_trigger_update_device_status: device 0x2 of type 0 for Event 1
08-05 18:51:10.393   512  2967 D audio_hw_primary: enable_snd_device: snd_device(2: speaker)
08-05 18:51:10.395   512  2967 D audio_hw_primary: enable_audio_route: apply and update mixer path: low-latency-playback speaker
08-05 18:51:10.624  8341  8359 I art     : Starting a blocking GC Explicit
08-05 18:51:10.665  8341  8359 I art     : Explicit concurrent mark sweep GC freed 2060(114KB) AllocSpace objects, 2(36KB) LOS objects, 10% free, 136MB/152MB, paused 1.096ms total 41.078ms
08-05 18:51:10.685  8341  8359 I art     : Starting a blocking GC Explicit
08-05 18:51:10.725  8341  8359 I art     : Explicit concurrent mark sweep GC freed 52(1968B) AllocSpace objects, 0(0B) LOS objects, 10% free, 136MB/152MB, paused 1.119ms total 39.910ms
08-05 18:51:10.744  8341  8359 I art     : Starting a blocking GC Explicit
08-05 18:51:10.786  8341  8359 I art     : Explicit concurrent mark sweep GC freed 9(288B) AllocSpace objects, 0(0B) LOS objects, 10% free, 136MB/152MB, paused 1.176ms total 41.867ms
08-05 18:51:10.803  8341  8359 I art     : Starting a blocking GC Explicit
08-05 18:51:10.843  8341  8359 I art     : Explicit concurrent mark sweep GC freed 12(576B) AllocSpace objects, 0(0B) LOS objects, 10% free, 136MB/152MB, paused 1.113ms total 40.618ms
08-05 18:51:10.862  8341  8359 I art     : Starting a blocking GC Explicit
08-05 18:51:10.904  8341  8359 I art     : Explicit concurrent mark sweep GC freed 26(848B) AllocSpace objects, 0(0B) LOS objects, 10% free, 136MB/152MB, paused 1.087ms total 41.514ms
08-05 18:51:10.930   512  2967 D audio_hw_primary: disable_audio_route: reset and update mixer path: low-latency-playback speaker
08-05 18:51:10.931   512  2967 D audio_hw_primary: disable_snd_device: snd_device(2: speaker)
08-05 18:51:10.938  8320  8320 I ServiceManager: Waiting for service AtCmdFwd...
08-05 18:51:10.940   512  2967 I soundtrigger: audio_extn_sound_trigger_update_device_status: device 0x2 of type 0 for Event 0
08-05 18:51:11.086 10260 10260 D AndroidRuntime: >>>>>> START com.android.internal.os.RuntimeInit uid 2000 <<<<<<
08-05 18:51:11.092 10260 10260 D AndroidRuntime: CheckJNI is OFF
08-05 18:51:11.131 10260 10260 D ICU     : No timezone override file found: /data/misc/zoneinfo/current/icu/icu_tzdata.dat
08-05 18:51:11.172 10260 10260 I Radio-JNI: register_android_hardware_Radio DONE
08-05 18:51:11.202 10260 10260 D AndroidRuntime: Calling main entry com.android.commands.input.Input
08-05 18:51:11.204 10260 10260 I Input   : injectMotionEvent: MotionEvent { action=ACTION_DOWN, actionButton=0, id[0]=0, x[0]=405.0, y[0]=661.0, toolType[0]=TOOL_TYPE_UNKNOWN, buttonState=0, metaState=0, flags=0x0, edgeFlags=0x0, pointerCount=1, historySize=0, eventTime=816687616, downTime=816687616, deviceId=0, source=0x1002 }
08-05 18:51:11.208 10260 10260 I Input   : injectMotionEvent: MotionEvent { action=ACTION_UP, actionButton=0, id[0]=0, x[0]=405.0, y[0]=661.0, toolType[0]=TOOL_TYPE_UNKNOWN, buttonState=0, metaState=0, flags=0x0, edgeFlags=0x0, pointerCount=1, historySize=0, eventTime=816687616, downTime=816687616, deviceId=0, source=0x1002 }
08-05 18:51:11.211 10260 10260 D AndroidRuntime: Shutting down VM
08-05 18:51:11.228   512  2967 D audio_hw_primary: out_set_parameters: enter: usecase(1: low-latency-playback) kvpairs: routing=2
08-05 18:51:11.241   512  2967 D audio_hw_primary: select_devices: out_snd_device(2: speaker) in_snd_device(0: none)
08-05 18:51:11.241   512  2967 D msm8974_platform: platform_send_audio_calibration: sending audio calibration for snd_device(2) acdb_id(15)
08-05 18:51:11.241   512  2967 I soundtrigger: audio_extn_sound_trigger_update_device_status: device 0x2 of type 0 for Event 1
08-05 18:51:11.251   512  2967 D audio_hw_primary: enable_snd_device: snd_device(2: speaker)
08-05 18:51:11.253   512  2967 D audio_hw_primary: enable_audio_route: apply and update mixer path: low-latency-playback speaker
08-05 18:51:11.283  8341  8353 I art     : Waiting for a blocking GC Explicit
08-05 18:51:11.295   512  2967 D AudioFlinger: mixer(0xf4740000) throttle end: throttle time(12)
08-05 18:51:11.320  8341  8353 I art     : WaitForGcToComplete blocked for 37.442ms for cause Explicit
08-05 18:51:11.321  8341  8353 I art     : Starting a blocking GC Explicit
08-05 18:51:11.367  8341  8353 I art     : Explicit concurrent mark sweep GC freed 60(1872B) AllocSpace objects, 0(0B) LOS objects, 8% free, 167MB/183MB, paused 1.288ms total 46.118ms
08-05 18:51:11.385  8341  8353 I art     : Starting a blocking GC Explicit
08-05 18:51:11.430  8341  8353 I art     : Explicit concurrent mark sweep GC freed 3(96B) AllocSpace objects, 0(0B) LOS objects, 8% free, 167MB/183MB, paused 1.324ms total 45.422ms
08-05 18:51:11.448  8341  8353 I art     : Starting a blocking GC Explicit
08-05 18:51:11.494  8341  8353 I art     : Explicit concurrent mark sweep GC freed 3(96B) AllocSpace objects, 0(0B) LOS objects, 8% free, 167MB/183MB, paused 1.346ms total 46.086ms
08-05 18:51:11.512  8341  8353 I art     : Starting a blocking GC Explicit
08-05 18:51:11.559  8341  8353 I art     : Explicit concurrent mark sweep GC freed 38(17KB) AllocSpace objects, 0(0B) LOS objects, 8% free, 170MB/186MB, paused 1.404ms total 46.965ms
08-05 18:51:11.577  8341  8353 I art     : Starting a blocking GC Explicit
08-05 18:51:11.624  8341  8353 I art     : Explicit concurrent mark sweep GC freed 41(10KB) AllocSpace objects, 0(0B) LOS objects, 8% free, 177MB/193MB, paused 1.698ms total 46.754ms
08-05 18:51:11.778   512  2967 D audio_hw_primary: disable_audio_route: reset and update mixer path: low-latency-playback speaker
08-05 18:51:11.779   512  2967 D audio_hw_primary: disable_snd_device: snd_device(2: speaker)
08-05 18:51:11.787   512  2967 I soundtrigger: audio_extn_sound_trigger_update_device_status: device 0x2 of type 0 for Event 0
08-05 18:51:11.939  8320  8320 I ServiceManager: Waiting for service AtCmdFwd...
08-05 18:51:12.001  8341  8359 I art     : Starting a blocking GC Explicit
08-05 18:51:12.056  8341  8359 I art     : Explicit concurrent mark sweep GC freed 3122(162KB) AllocSpace objects, 11(288KB) LOS objects, 8% free, 182MB/198MB, paused 1.171ms total 54.077ms
08-05 18:51:12.078  8341  8359 I art     : Starting a blocking GC Explicit
08-05 18:51:12.127  8341  8359 I art     : Explicit concurrent mark sweep GC freed 884(50KB) AllocSpace objects, 0(0B) LOS objects, 8% free, 182MB/198MB, paused 1.173ms total 48.776ms
08-05 18:51:12.145  8341  8359 I art     : Starting a blocking GC Explicit
08-05 18:51:12.192  8341  8359 I art     : Explicit concurrent mark sweep GC freed 14(672B) AllocSpace objects, 0(0B) LOS objects, 8% free, 182MB/198MB, paused 1.165ms total 47.210ms
08-05 18:51:12.211  8341  8359 I art     : Starting a blocking GC Explicit
08-05 18:51:12.262  8341  8359 I art     : Explicit concurrent mark sweep GC freed 12(592B) AllocSpace objects, 0(0B) LOS objects, 8% free, 182MB/198MB, paused 1.252ms total 50.767ms
08-05 18:51:12.283  8341  8359 I art     : Starting a blocking GC Explicit
08-05 18:51:12.331  8341  8359 I art     : Explicit concurrent mark sweep GC freed 33(896B) AllocSpace objects, 0(0B) LOS objects, 8% free, 182MB/198MB, paused 1.152ms total 48.225ms
08-05 18:51:12.535   518   646 I ThermalEngine: ACTION: GPU - Setting GPU[0] to 390000000
08-05 18:51:12.792  8341  8353 I art     : Starting a blocking GC Explicit
08-05 18:51:12.866  8341  8353 I art     : Explicit concurrent mark sweep GC freed 1595(92KB) AllocSpace objects, 2(36KB) LOS objects, 8% free, 182MB/198MB, paused 2.424ms total 73.939ms
08-05 18:51:12.896  8341  8353 I art     : Starting a blocking GC Explicit
08-05 18:51:12.939  8320  8320 I ServiceManager: Waiting for service AtCmdFwd...
08-05 18:51:12.961  8341  8353 I art     : Explicit concurrent mark sweep GC freed 38(1568B) AllocSpace objects, 0(0B) LOS objects, 8% free, 182MB/198MB, paused 2.081ms total 64.882ms
08-05 18:51:12.988  8341  8353 I art     : Starting a blocking GC Explicit
08-05 18:51:13.049  8341  8353 I art     : Explicit concurrent mark sweep GC freed 3(96B) AllocSpace objects, 0(0B) LOS objects, 8% free, 182MB/198MB, paused 1.857ms total 60.246ms
08-05 18:51:13.073  8341  8353 I art     : Starting a blocking GC Explicit
08-05 18:51:13.134  8341  8353 I art     : Explicit concurrent mark sweep GC freed 3(96B) AllocSpace objects, 0(0B) LOS objects, 8% free, 182MB/198MB, paused 1.714ms total 60.116ms
08-05 18:51:13.158  8341  8353 I art     : Starting a blocking GC Explicit
08-05 18:51:13.224  8341  8353 I art     : Explicit concurrent mark sweep GC freed 3(96B) AllocSpace objects, 0(0B) LOS objects, 8% free, 182MB/198MB, paused 2.196ms total 65.272ms
08-05 18:51:13.687  8341 10088 I art     : Starting a blocking GC Explicit
08-05 18:51:13.746  8341 10088 I art     : Explicit concurrent mark sweep GC freed 1613(92KB) AllocSpace objects, 2(36KB) LOS objects, 8% free, 182MB/198MB, paused 1.816ms total 58.239ms
08-05 18:51:13.769  8341 10088 I art     : Starting a blocking GC Explicit
08-05 18:51:13.827  8341 10088 I art     : Explicit concurrent mark sweep GC freed 28(1024B) AllocSpace objects, 0(0B) LOS objects, 8% free, 182MB/198MB, paused 1.810ms total 57.741ms
08-05 18:51:13.851  8341 10088 I art     : Starting a blocking GC Explicit
08-05 18:51:13.911  8341 10088 I art     : Explicit concurrent mark sweep GC freed 3(96B) AllocSpace objects, 0(0B) LOS objects, 8% free, 182MB/198MB, paused 1.868ms total 59.288ms
08-05 18:51:13.935  8341 10088 I art     : Starting a blocking GC Explicit
08-05 18:51:13.940  8320  8320 W Atfwd_Sendcmd: AtCmdFwd service not published, waiting... retryCnt : 1
08-05 18:51:13.993  8341 10088 I art     : Explicit concurrent mark sweep GC freed 3(96B) AllocSpace objects, 0(0B) LOS objects, 8% free, 182MB/198MB, paused 1.769ms total 58.026ms
08-05 18:51:14.017  8341 10088 I art     : Starting a blocking GC Explicit
08-05 18:51:14.075  8341 10088 I art     : Explicit concurrent mark sweep GC freed 3(96B) AllocSpace objects, 0(0B) LOS objects, 8% free, 182MB/198MB, paused 1.763ms total 57.585ms
08-05 18:51:14.084 10309 10309 D AndroidRuntime: >>>>>> START com.android.internal.os.RuntimeInit uid 2000 <<<<<<
08-05 18:51:14.091 10309 10309 D AndroidRuntime: CheckJNI is OFF
08-05 18:51:14.144 10309 10309 D ICU     : No timezone override file found: /data/misc/zoneinfo/current/icu/icu_tzdata.dat
08-05 18:51:14.190 10309 10309 I Radio-JNI: register_android_hardware_Radio DONE
08-05 18:51:14.224 10309 10309 D AndroidRuntime: Calling main entry com.android.commands.input.Input
08-05 18:51:14.229 10309 10309 I Input   : injectMotionEvent: MotionEvent { action=ACTION_DOWN, actionButton=0, id[0]=0, x[0]=1341.0, y[0]=197.0, toolType[0]=TOOL_TYPE_UNKNOWN, buttonState=0, metaState=0, flags=0x0, edgeFlags=0x0, pointerCount=1, historySize=0, eventTime=816690641, downTime=816690641, deviceId=0, source=0x1002 }
08-05 18:51:14.237 10309 10309 I Input   : injectMotionEvent: MotionEvent { action=ACTION_UP, actionButton=0, id[0]=0, x[0]=1341.0, y[0]=197.0, toolType[0]=TOOL_TYPE_UNKNOWN, buttonState=0, metaState=0, flags=0x0, edgeFlags=0x0, pointerCount=1, historySize=0, eventTime=816690641, downTime=816690641, deviceId=0, source=0x1002 }
08-05 18:51:14.240 10309 10309 D AndroidRuntime: Shutting down VM
08-05 18:51:14.257   918  6112 I ActivityManager: START u0 {cmp=baseline.io.github.project_travel_mate/.notifications.NotificationsActivity} from uid 10674 on display 0
08-05 18:51:14.260   512  2967 D audio_hw_primary: out_set_parameters: enter: usecase(1: low-latency-playback) kvpairs: routing=2
08-05 18:51:14.276   512  2967 D audio_hw_primary: select_devices: out_snd_device(2: speaker) in_snd_device(0: none)
08-05 18:51:14.276   512  2967 D msm8974_platform: platform_send_audio_calibration: sending audio calibration for snd_device(2) acdb_id(15)
08-05 18:51:14.277   512  2967 I soundtrigger: audio_extn_sound_trigger_update_device_status: device 0x2 of type 0 for Event 1
08-05 18:51:14.292   512  2967 D audio_hw_primary: enable_snd_device: snd_device(2: speaker)
08-05 18:51:14.295   512  2967 D audio_hw_primary: enable_audio_route: apply and update mixer path: low-latency-playback speaker
08-05 18:51:14.308  8341  8415 D Gabe    : call	returning from cache
08-05 18:51:14.316  8341  8341 V EXECUTING: https://project-travel-mate.herokuapp.com/api/get-notifications
08-05 18:51:14.324  8341  8341 V EXECUTING: https://project-travel-mate.herokuapp.com/api/get-notifications
08-05 18:51:14.528  8341 10088 I art     : Starting a blocking GC Explicit
08-05 18:51:14.537   518   646 I ThermalEngine: ACTION: GPU - Setting GPU[0] to 450000000
08-05 18:51:14.547   918   936 I ActivityManager: Displayed baseline.io.github.project_travel_mate/.notifications.NotificationsActivity: +278ms
08-05 18:51:14.548 13866 13866 I GoogleInputMethodServic: GoogleInputMethodService.onFinishInput():3138 
08-05 18:51:14.548 13866 13866 I GoogleInputMethodServic: GoogleInputMethodService.onStartInput():1808 
08-05 18:51:14.585  8341 10088 I art     : Explicit concurrent mark sweep GC freed 3830(226KB) AllocSpace objects, 2(36KB) LOS objects, 7% free, 187MB/203MB, paused 1.722ms total 55.977ms
08-05 18:51:14.604  8341 10088 I art     : Starting a blocking GC Explicit
08-05 18:51:14.641  8341  8356 D OpenGLRenderer: endAllStagingAnimators on 0x7f7a97b800 (RippleDrawable) with handle 0x7f7c7c8000
08-05 18:51:14.651  8341 10088 I art     : Explicit concurrent mark sweep GC freed 390(16KB) AllocSpace objects, 0(0B) LOS objects, 7% free, 187MB/203MB, paused 1.234ms total 46.883ms
08-05 18:51:14.669  8341 10088 I art     : Starting a blocking GC Explicit
08-05 18:51:14.714  8341 10088 I art     : Explicit concurrent mark sweep GC freed 140(3KB) AllocSpace objects, 0(0B) LOS objects, 7% free, 187MB/203MB, paused 1.267ms total 44.747ms
08-05 18:51:14.731  8341 10088 I art     : Starting a blocking GC Explicit
08-05 18:51:14.792  8341 10088 I art     : Explicit concurrent mark sweep GC freed 5127(260KB) AllocSpace objects, 6(400KB) LOS objects, 7% free, 187MB/203MB, paused 2.055ms total 60.026ms
08-05 18:51:14.803   380   380 W SurfaceFlinger: couldn't log to binary event log: overflow.
08-05 18:51:14.813  8341 10088 I art     : Starting a blocking GC Explicit
08-05 18:51:14.825  8341 10337 I NAPPA_EXPERIMENTATION: MetricNetworkRequestExecutionTime: REQUEST_DURATION_SYSTEM='508',REQUEST_DURATION_OKHTTP='37',REQUEST_SYNCHRONOUS='FALSE',RESPONSE_CODE='200',RESPONSE_METHOD='GET',RESPONSE_LENGTH_OKHTTP='2',RESPONSE_LENGTH_HEADER='2',REQUEST_PROTOCOL='http/1.1',REQUEST_URL='https://project-travel-mate.herokuapp.com/api/get-notifications',
08-05 18:51:14.838   512  2967 D audio_hw_primary: disable_audio_route: reset and update mixer path: low-latency-playback speaker
08-05 18:51:14.839   512  2967 D audio_hw_primary: disable_snd_device: snd_device(2: speaker)
08-05 18:51:14.847   512  2967 I soundtrigger: audio_extn_sound_trigger_update_device_status: device 0x2 of type 0 for Event 0
08-05 18:51:14.859  8341 10088 I art     : Explicit concurrent mark sweep GC freed 2201(248KB) AllocSpace objects, 0(0B) LOS objects, 7% free, 187MB/203MB, paused 1.201ms total 45.113ms
08-05 18:51:14.861  8341 10338 I NAPPA_EXPERIMENTATION: MetricNetworkRequestExecutionTime: REQUEST_DURATION_SYSTEM='535',REQUEST_DURATION_OKHTTP='71',REQUEST_SYNCHRONOUS='FALSE',RESPONSE_CODE='200',RESPONSE_METHOD='GET',RESPONSE_LENGTH_OKHTTP='2',RESPONSE_LENGTH_HEADER='2',REQUEST_PROTOCOL='http/1.1',REQUEST_URL='https://project-travel-mate.herokuapp.com/api/get-notifications',
08-05 18:51:14.861  8341  8341 V Response: [] 
08-05 18:51:14.897  8341  8415 W LOTTIE  : Animation contains merge paths. Merge paths are only supported on KitKat+ and must be manually enabled by calling enableMergePathsForKitKatAndAbove().
08-05 18:51:14.905  8341  8415 W LOTTIE  : Animation contains merge paths. Merge paths are only supported on KitKat+ and must be manually enabled by calling enableMergePathsForKitKatAndAbove().
08-05 18:51:14.906  8341  8341 V Response: [] 
08-05 18:51:14.908  8341  8415 W LOTTIE  : Animation contains merge paths. Merge paths are only supported on KitKat+ and must be manually enabled by calling enableMergePathsForKitKatAndAbove().
08-05 18:51:14.911  8341  8415 W LOTTIE  : Animation contains merge paths. Merge paths are only supported on KitKat+ and must be manually enabled by calling enableMergePathsForKitKatAndAbove().
08-05 18:51:14.913  8341  8415 W LOTTIE  : Animation contains merge paths. Merge paths are only supported on KitKat+ and must be manually enabled by calling enableMergePathsForKitKatAndAbove().
08-05 18:51:14.915  8341  8415 W LOTTIE  : Animation contains merge paths. Merge paths are only supported on KitKat+ and must be manually enabled by calling enableMergePathsForKitKatAndAbove().
08-05 18:51:14.918  8341  8415 W LOTTIE  : Animation contains merge paths. Merge paths are only supported on KitKat+ and must be manually enabled by calling enableMergePathsForKitKatAndAbove().
08-05 18:51:14.919  8341  8341 W LOTTIE  : Animation contains merge paths but they are disabled.
08-05 18:51:15.239  8341  8619 I art     : Starting a blocking GC Explicit
08-05 18:51:15.286  8341  8619 I art     : Explicit concurrent mark sweep GC freed 12646(545KB) AllocSpace objects, 2(36KB) LOS objects, 7% free, 187MB/203MB, paused 1.207ms total 47.413ms
08-05 18:51:15.304  8341  8619 I art     : Starting a blocking GC Explicit
08-05 18:51:15.350  8341  8619 I art     : Explicit concurrent mark sweep GC freed 2170(85KB) AllocSpace objects, 0(0B) LOS objects, 7% free, 187MB/203MB, paused 1.380ms total 45.005ms
08-05 18:51:15.367  8341  8619 I art     : Starting a blocking GC Explicit
08-05 18:51:15.410  8341  8619 I art     : Explicit concurrent mark sweep GC freed 281(4KB) AllocSpace objects, 0(0B) LOS objects, 7% free, 187MB/203MB, paused 1.252ms total 43.594ms
08-05 18:51:15.428  8341  8619 I art     : Starting a blocking GC Explicit
08-05 18:51:15.470  8341  8619 I art     : Explicit concurrent mark sweep GC freed 237(4KB) AllocSpace objects, 0(0B) LOS objects, 7% free, 187MB/203MB, paused 1.088ms total 42.192ms
08-05 18:51:15.487  8341  8619 I art     : Starting a blocking GC Explicit
08-05 18:51:15.530  8341  8619 I art     : Explicit concurrent mark sweep GC freed 304(5KB) AllocSpace objects, 0(0B) LOS objects, 7% free, 187MB/203MB, paused 1.103ms total 42.607ms
08-05 18:51:15.543   518   646 I ThermalEngine: ACTION: GPU - Setting GPU[0] to 390000000
08-05 18:51:15.950  8341  8353 I art     : Starting a blocking GC Explicit
08-05 18:51:16.006  8341  8353 I art     : Explicit concurrent mark sweep GC freed 3562(123KB) AllocSpace objects, 2(36KB) LOS objects, 7% free, 187MB/203MB, paused 1.776ms total 55.706ms
08-05 18:51:16.028  8341  8353 I art     : Starting a blocking GC Explicit
08-05 18:51:16.081  8341  8353 I art     : Explicit concurrent mark sweep GC freed 397(7KB) AllocSpace objects, 0(0B) LOS objects, 7% free, 187MB/203MB, paused 1.773ms total 52.555ms
08-05 18:51:16.104  8341  8353 I art     : Starting a blocking GC Explicit
08-05 18:51:16.158  8341  8353 I art     : Explicit concurrent mark sweep GC freed 299(4KB) AllocSpace objects, 0(0B) LOS objects, 7% free, 187MB/203MB, paused 2.226ms total 54.340ms
08-05 18:51:16.180  8341  8353 I art     : Starting a blocking GC Explicit
08-05 18:51:16.232  8341  8353 I art     : Explicit concurrent mark sweep GC freed 350(5KB) AllocSpace objects, 0(0B) LOS objects, 7% free, 187MB/203MB, paused 1.709ms total 52.175ms
08-05 18:51:16.255  8341  8353 I art     : Starting a blocking GC Explicit
08-05 18:51:16.311  8341  8353 I art     : Explicit concurrent mark sweep GC freed 299(4KB) AllocSpace objects, 0(0B) LOS objects, 7% free, 187MB/203MB, paused 1.784ms total 55.328ms
08-05 18:51:16.737  8341  8619 I art     : Starting a blocking GC Explicit
08-05 18:51:16.793  8341  8619 I art     : Explicit concurrent mark sweep GC freed 3626(124KB) AllocSpace objects, 2(36KB) LOS objects, 7% free, 187MB/203MB, paused 1.613ms total 55.030ms
08-05 18:51:16.815  8341  8619 I art     : Starting a blocking GC Explicit
08-05 18:51:16.869  8341  8619 I art     : Explicit concurrent mark sweep GC freed 379(6KB) AllocSpace objects, 0(0B) LOS objects, 7% free, 187MB/203MB, paused 1.839ms total 52.733ms
08-05 18:51:16.891  8341  8619 I art     : Starting a blocking GC Explicit
08-05 18:51:16.945  8341  8619 I art     : Explicit concurrent mark sweep GC freed 351(5KB) AllocSpace objects, 0(0B) LOS objects, 7% free, 187MB/203MB, paused 1.669ms total 53.649ms
08-05 18:51:16.968  8341  8619 I art     : Starting a blocking GC Explicit
08-05 18:51:17.022  8341  8619 I art     : Explicit concurrent mark sweep GC freed 285(4KB) AllocSpace objects, 0(0B) LOS objects, 7% free, 187MB/203MB, paused 1.665ms total 54.246ms
08-05 18:51:17.044  8341  8619 I art     : Starting a blocking GC Explicit
08-05 18:51:17.097  8341  8619 I art     : Explicit concurrent mark sweep GC freed 353(5KB) AllocSpace objects, 0(0B) LOS objects, 7% free, 187MB/203MB, paused 1.779ms total 53.092ms
08-05 18:51:17.517  8341  8359 I art     : Starting a blocking GC Explicit
08-05 18:51:17.574  8341  8359 I art     : Explicit concurrent mark sweep GC freed 3573(123KB) AllocSpace objects, 2(36KB) LOS objects, 7% free, 187MB/203MB, paused 1.699ms total 56.283ms
08-05 18:51:17.597  8341  8359 I art     : Starting a blocking GC Explicit
08-05 18:51:17.651  8341  8359 I art     : Explicit concurrent mark sweep GC freed 378(6KB) AllocSpace objects, 0(0B) LOS objects, 7% free, 187MB/203MB, paused 1.768ms total 53.299ms
08-05 18:51:17.673  8341  8359 I art     : Starting a blocking GC Explicit
08-05 18:51:17.726  8341  8359 I art     : Explicit concurrent mark sweep GC freed 292(4KB) AllocSpace objects, 0(0B) LOS objects, 7% free, 187MB/203MB, paused 1.747ms total 53.177ms
08-05 18:51:17.750  8341  8359 I art     : Starting a blocking GC Explicit
08-05 18:51:17.803  8341  8359 I art     : Explicit concurrent mark sweep GC freed 344(5KB) AllocSpace objects, 0(0B) LOS objects, 7% free, 187MB/203MB, paused 1.662ms total 53.265ms
08-05 18:51:17.825  8341  8359 I art     : Starting a blocking GC Explicit
08-05 18:51:17.878  8341  8359 I art     : Explicit concurrent mark sweep GC freed 312(5KB) AllocSpace objects, 0(0B) LOS objects, 7% free, 187MB/203MB, paused 1.908ms total 53.343ms
08-05 18:51:18.308  8341  8619 I art     : Starting a blocking GC Explicit
08-05 18:51:18.364  8341  8619 I art     : Explicit concurrent mark sweep GC freed 3657(125KB) AllocSpace objects, 2(36KB) LOS objects, 7% free, 187MB/203MB, paused 1.817ms total 56.317ms
08-05 18:51:18.387  8341  8619 I art     : Starting a blocking GC Explicit
08-05 18:51:18.442  8341  8619 I art     : Explicit concurrent mark sweep GC freed 402(7KB) AllocSpace objects, 0(0B) LOS objects, 7% free, 187MB/203MB, paused 1.892ms total 54.701ms
08-05 18:51:18.465  8341  8619 I art     : Starting a blocking GC Explicit
08-05 18:51:18.523  8341  8619 I art     : Explicit concurrent mark sweep GC freed 385(6KB) AllocSpace objects, 0(0B) LOS objects, 7% free, 187MB/203MB, paused 1.618ms total 57.377ms
08-05 18:51:18.545  8341  8619 I art     : Starting a blocking GC Explicit
08-05 18:51:18.599  8341  8619 I art     : Explicit concurrent mark sweep GC freed 489(15KB) AllocSpace objects, 0(0B) LOS objects, 7% free, 187MB/203MB, paused 1.919ms total 54.092ms
08-05 18:51:18.621  8341  8619 I art     : Starting a blocking GC Explicit
08-05 18:51:18.675  8341  8619 I art     : Explicit concurrent mark sweep GC freed 317(5KB) AllocSpace objects, 0(0B) LOS objects, 7% free, 187MB/203MB, paused 1.883ms total 53.208ms
08-05 18:51:18.940  8320  8320 I ServiceManager: Waiting for service AtCmdFwd...
08-05 18:51:19.106  8341  8354 I art     : Starting a blocking GC Explicit
08-05 18:51:19.113 10392 10392 D AndroidRuntime: >>>>>> START com.android.internal.os.RuntimeInit uid 2000 <<<<<<
08-05 18:51:19.119 10392 10392 D AndroidRuntime: CheckJNI is OFF
08-05 18:51:19.162  8341  8354 I art     : Explicit concurrent mark sweep GC freed 3631(124KB) AllocSpace objects, 2(36KB) LOS objects, 7% free, 187MB/203MB, paused 1.739ms total 55.164ms
08-05 18:51:19.173 10392 10392 D ICU     : No timezone override file found: /data/misc/zoneinfo/current/icu/icu_tzdata.dat
08-05 18:51:19.183  8341  8354 I art     : Starting a blocking GC Explicit
08-05 18:51:19.216 10392 10392 I Radio-JNI: register_android_hardware_Radio DONE
08-05 18:51:19.236  8341  8354 I art     : Explicit concurrent mark sweep GC freed 374(6KB) AllocSpace objects, 0(0B) LOS objects, 7% free, 187MB/203MB, paused 1.721ms total 52.602ms
08-05 18:51:19.248 10392 10392 D AndroidRuntime: Calling main entry com.android.commands.input.Input
08-05 18:51:19.251 10392 10392 I Input   : injectKeyEvent: KeyEvent { action=ACTION_DOWN, keyCode=KEYCODE_BACK, scanCode=0, metaState=0, flags=0x0, repeatCount=0, eventTime=816695663, downTime=816695663, deviceId=-1, source=0x101 }
08-05 18:51:19.256 10392 10392 I Input   : injectKeyEvent: KeyEvent { action=ACTION_UP, keyCode=KEYCODE_BACK, scanCode=0, metaState=0, flags=0x0, repeatCount=0, eventTime=816695663, downTime=816695663, deviceId=-1, source=0x101 }
08-05 18:51:19.257  8341  8354 I art     : Starting a blocking GC Explicit
08-05 18:51:19.277 10392 10392 D AndroidRuntime: Shutting down VM
08-05 18:51:19.311  8341  8354 I art     : Explicit concurrent mark sweep GC freed 288(4KB) AllocSpace objects, 0(0B) LOS objects, 7% free, 187MB/203MB, paused 1.676ms total 53.781ms
08-05 18:51:19.315  8341  8341 V MainActivity: url = https://project-travel-mate.herokuapp.com/api/number-of-unread-notifications
08-05 18:51:19.333  8341  8354 I art     : Starting a blocking GC Explicit
08-05 18:51:19.355 13866 13866 I GoogleInputMethodServic: GoogleInputMethodService.onFinishInput():3138 
08-05 18:51:19.356 13866 13866 I GoogleInputMethodServic: GoogleInputMethodService.onStartInput():1808 
08-05 18:51:19.390  8341  8354 I art     : Explicit concurrent mark sweep GC freed 593(21KB) AllocSpace objects, 0(0B) LOS objects, 7% free, 187MB/203MB, paused 2.048ms total 56.305ms
08-05 18:51:19.414  8341  8354 I art     : Starting a blocking GC Explicit
08-05 18:51:19.468  8341  8354 I art     : Explicit concurrent mark sweep GC freed 180(5KB) AllocSpace objects, 0(0B) LOS objects, 7% free, 187MB/203MB, paused 1.603ms total 53.714ms
08-05 18:51:19.641   380   380 W SurfaceFlinger: couldn't log to binary event log: overflow.
08-05 18:51:19.897  8341  8354 I art     : Starting a blocking GC Explicit
08-05 18:51:19.941  8320  8320 I ServiceManager: Waiting for service AtCmdFwd...
08-05 18:51:19.980  8341  8354 I art     : Explicit concurrent mark sweep GC freed 1747(96KB) AllocSpace objects, 3(4MB) LOS objects, 8% free, 183MB/199MB, paused 2.513ms total 82.298ms
08-05 18:51:20.006  8341  8354 I art     : Starting a blocking GC Explicit
08-05 18:51:20.061  8341  8354 I art     : Explicit concurrent mark sweep GC freed 3758(178KB) AllocSpace objects, 2(56KB) LOS objects, 8% free, 183MB/199MB, paused 2.066ms total 54.599ms
08-05 18:51:20.085  8341  8354 I art     : Starting a blocking GC Explicit
08-05 18:51:20.146  8341 10416 I NAPPA_EXPERIMENTATION: MetricNetworkRequestExecutionTime: REQUEST_DURATION_SYSTEM='827',REQUEST_DURATION_OKHTTP='37',REQUEST_SYNCHRONOUS='FALSE',RESPONSE_CODE='200',RESPONSE_METHOD='GET',RESPONSE_LENGTH_OKHTTP='36',RESPONSE_LENGTH_HEADER='36',REQUEST_PROTOCOL='http/1.1',REQUEST_URL='https://project-travel-mate.herokuapp.com/api/number-of-unread-notifications',
08-05 18:51:20.149  8341  8354 I art     : Explicit concurrent mark sweep GC freed 2657(138KB) AllocSpace objects, 2(120KB) LOS objects, 8% free, 183MB/199MB, paused 2.152ms total 63.414ms
08-05 18:51:20.174  8341  8354 I art     : Starting a blocking GC Explicit
08-05 18:51:20.238  8341  8354 I art     : Explicit concurrent mark sweep GC freed 996(121KB) AllocSpace objects, 1(80KB) LOS objects, 8% free, 183MB/199MB, paused 1.921ms total 63.796ms
08-05 18:51:20.263  8341  8354 I art     : Starting a blocking GC Explicit
08-05 18:51:20.327  8341  8354 I art     : Explicit concurrent mark sweep GC freed 126(4KB) AllocSpace objects, 0(0B) LOS objects, 8% free, 183MB/199MB, paused 2.010ms total 63.058ms
08-05 18:51:20.775  8341  8353 I art     : Starting a blocking GC Explicit
08-05 18:51:20.838  8341  8353 I art     : Explicit concurrent mark sweep GC freed 1583(92KB) AllocSpace objects, 2(36KB) LOS objects, 8% free, 183MB/199MB, paused 1.871ms total 62.286ms
08-05 18:51:20.862  8341  8353 I art     : Starting a blocking GC Explicit
08-05 18:51:20.924  8341  8353 I art     : Explicit concurrent mark sweep GC freed 28(1024B) AllocSpace objects, 0(0B) LOS objects, 8% free, 183MB/199MB, paused 1.929ms total 60.735ms
08-05 18:51:20.942  8320  8320 I ServiceManager: Waiting for service AtCmdFwd...
08-05 18:51:20.948  8341  8353 I art     : Starting a blocking GC Explicit
08-05 18:51:21.011  8341  8353 I art     : Explicit concurrent mark sweep GC freed 3(96B) AllocSpace objects, 0(0B) LOS objects, 8% free, 183MB/199MB, paused 1.948ms total 62.282ms
08-05 18:51:21.035  8341  8353 I art     : Starting a blocking GC Explicit
08-05 18:51:21.096  8341  8353 I art     : Explicit concurrent mark sweep GC freed 3(96B) AllocSpace objects, 0(0B) LOS objects, 8% free, 183MB/199MB, paused 1.879ms total 60.765ms
08-05 18:51:21.120  8341  8353 I art     : Starting a blocking GC Explicit
08-05 18:51:21.167 10431 10431 D AndroidRuntime: >>>>>> START com.android.internal.os.RuntimeInit uid 2000 <<<<<<
08-05 18:51:21.173 10431 10431 D AndroidRuntime: CheckJNI is OFF
08-05 18:51:21.181  8341  8353 I art     : Explicit concurrent mark sweep GC freed 15(752B) AllocSpace objects, 0(0B) LOS objects, 8% free, 183MB/199MB, paused 1.910ms total 60.140ms
08-05 18:51:21.227 10431 10431 D ICU     : No timezone override file found: /data/misc/zoneinfo/current/icu/icu_tzdata.dat
08-05 18:51:21.273 10431 10431 I Radio-JNI: register_android_hardware_Radio DONE
08-05 18:51:21.306 10431 10431 D AndroidRuntime: Calling main entry com.android.commands.input.Input
08-05 18:51:21.310 10431 10431 I Input   : injectMotionEvent: MotionEvent { action=ACTION_DOWN, actionButton=0, id[0]=0, x[0]=117.0, y[0]=170.0, toolType[0]=TOOL_TYPE_UNKNOWN, buttonState=0, metaState=0, flags=0x0, edgeFlags=0x0, pointerCount=1, historySize=0, eventTime=816697721, downTime=816697721, deviceId=0, source=0x1002 }
08-05 18:51:21.317 10431 10431 I Input   : injectMotionEvent: MotionEvent { action=ACTION_UP, actionButton=0, id[0]=0, x[0]=117.0, y[0]=170.0, toolType[0]=TOOL_TYPE_UNKNOWN, buttonState=0, metaState=0, flags=0x0, edgeFlags=0x0, pointerCount=1, historySize=0, eventTime=816697721, downTime=816697721, deviceId=0, source=0x1002 }
08-05 18:51:21.321 10431 10431 D AndroidRuntime: Shutting down VM
08-05 18:51:21.331   512  2967 D audio_hw_primary: out_set_parameters: enter: usecase(1: low-latency-playback) kvpairs: routing=2
08-05 18:51:21.345   512  2967 D audio_hw_primary: select_devices: out_snd_device(2: speaker) in_snd_device(0: none)
08-05 18:51:21.345   512  2967 D msm8974_platform: platform_send_audio_calibration: sending audio calibration for snd_device(2) acdb_id(15)
08-05 18:51:21.345   512  2967 I soundtrigger: audio_extn_sound_trigger_update_device_status: device 0x2 of type 0 for Event 1
08-05 18:51:21.358   512  2967 D audio_hw_primary: enable_snd_device: snd_device(2: speaker)
08-05 18:51:21.362   512  2967 D audio_hw_primary: enable_audio_route: apply and update mixer path: low-latency-playback speaker
08-05 18:51:21.647  8341  8353 I art     : Starting a blocking GC Explicit
08-05 18:51:21.706  8341  8353 I art     : Explicit concurrent mark sweep GC freed 2081(115KB) AllocSpace objects, 2(36KB) LOS objects, 8% free, 183MB/199MB, paused 1.878ms total 58.780ms
08-05 18:51:21.736  8341  8353 I art     : Starting a blocking GC Explicit
08-05 18:51:21.794  8341  8353 I art     : Explicit concurrent mark sweep GC freed 88(3KB) AllocSpace objects, 0(0B) LOS objects, 8% free, 183MB/199MB, paused 1.929ms total 57.351ms
08-05 18:51:21.818  8341  8353 I art     : Starting a blocking GC Explicit
08-05 18:51:21.875  8341  8353 I art     : Explicit concurrent mark sweep GC freed 17(544B) AllocSpace objects, 0(0B) LOS objects, 8% free, 183MB/199MB, paused 1.717ms total 56.153ms
08-05 18:51:21.899  8341  8353 I art     : Starting a blocking GC Explicit
08-05 18:51:21.900   512  2967 D audio_hw_primary: disable_audio_route: reset and update mixer path: low-latency-playback speaker
08-05 18:51:21.903   512  2967 D audio_hw_primary: disable_snd_device: snd_device(2: speaker)
08-05 18:51:21.911   512  2967 I soundtrigger: audio_extn_sound_trigger_update_device_status: device 0x2 of type 0 for Event 0
08-05 18:51:21.942  8320  8320 I ServiceManager: Waiting for service AtCmdFwd...
08-05 18:51:21.956  8341  8353 I art     : Explicit concurrent mark sweep GC freed 12(576B) AllocSpace objects, 0(0B) LOS objects, 8% free, 183MB/199MB, paused 1.767ms total 57.251ms
08-05 18:51:21.980  8341  8353 I art     : Starting a blocking GC Explicit
08-05 18:51:22.038  8341  8353 I art     : Explicit concurrent mark sweep GC freed 17(528B) AllocSpace objects, 0(0B) LOS objects, 8% free, 183MB/199MB, paused 1.882ms total 57.637ms
08-05 18:51:22.222 10463 10463 D AndroidRuntime: >>>>>> START com.android.internal.os.RuntimeInit uid 2000 <<<<<<
08-05 18:51:22.228 10463 10463 D AndroidRuntime: CheckJNI is OFF
08-05 18:51:22.281 10463 10463 D ICU     : No timezone override file found: /data/misc/zoneinfo/current/icu/icu_tzdata.dat
08-05 18:51:22.327 10463 10463 I Radio-JNI: register_android_hardware_Radio DONE
08-05 18:51:22.359 10463 10463 D AndroidRuntime: Calling main entry com.android.commands.input.Input
08-05 18:51:22.361 10463 10463 I Input   : injectMotionEvent: MotionEvent { action=ACTION_DOWN, actionButton=0, id[0]=0, x[0]=418.0, y[0]=842.0, toolType[0]=TOOL_TYPE_UNKNOWN, buttonState=0, metaState=0, flags=0x0, edgeFlags=0x0, pointerCount=1, historySize=0, eventTime=816698774, downTime=816698774, deviceId=0, source=0x1002 }
08-05 18:51:22.366 10463 10463 I Input   : injectMotionEvent: MotionEvent { action=ACTION_UP, actionButton=0, id[0]=0, x[0]=418.0, y[0]=842.0, toolType[0]=TOOL_TYPE_UNKNOWN, buttonState=0, metaState=0, flags=0x0, edgeFlags=0x0, pointerCount=1, historySize=0, eventTime=816698774, downTime=816698774, deviceId=0, source=0x1002 }
08-05 18:51:22.368 10463 10463 D AndroidRuntime: Shutting down VM
08-05 18:51:22.382   512  2967 D audio_hw_primary: out_set_parameters: enter: usecase(1: low-latency-playback) kvpairs: routing=2
08-05 18:51:22.392  8341  8415 D Gabe    : call	returning from cache
08-05 18:51:22.396   512  2967 D audio_hw_primary: select_devices: out_snd_device(2: speaker) in_snd_device(0: none)
08-05 18:51:22.396   512  2967 D msm8974_platform: platform_send_audio_calibration: sending audio calibration for snd_device(2) acdb_id(15)
08-05 18:51:22.396   512  2967 I soundtrigger: audio_extn_sound_trigger_update_device_status: device 0x2 of type 0 for Event 1
08-05 18:51:22.410   512  2967 D audio_hw_primary: enable_snd_device: snd_device(2: speaker)
08-05 18:51:22.413   512  2967 D audio_hw_primary: enable_audio_route: apply and update mixer path: low-latency-playback speaker
08-05 18:51:22.427  8341  8341 V MainActivity: url = https://project-travel-mate.herokuapp.com/api/number-of-unread-notifications
08-05 18:51:22.460   512  2967 D AudioFlinger: mixer(0xf4740000) throttle end: throttle time(12)
08-05 18:51:22.481  8341  8359 I art     : Starting a blocking GC Explicit
08-05 18:51:22.546  8341  8359 I art     : Explicit concurrent mark sweep GC freed 2894(168KB) AllocSpace objects, 2(36KB) LOS objects, 8% free, 183MB/199MB, paused 2.403ms total 63.671ms
08-05 18:51:22.569  8341  8359 I art     : Starting a blocking GC Explicit
08-05 18:51:22.633  8341  8359 I art     : Explicit concurrent mark sweep GC freed 490(32KB) AllocSpace objects, 0(0B) LOS objects, 8% free, 183MB/199MB, paused 2.673ms total 62.921ms
08-05 18:51:22.656  8341  8359 I art     : Starting a blocking GC Explicit
08-05 18:51:22.721  8341  8359 I art     : Explicit concurrent mark sweep GC freed 628(35KB) AllocSpace objects, 0(0B) LOS objects, 8% free, 183MB/199MB, paused 2.422ms total 64.065ms
08-05 18:51:22.744  8341  8359 I art     : Starting a blocking GC Explicit
08-05 18:51:22.809  8341  8359 I art     : Explicit concurrent mark sweep GC freed 259(18KB) AllocSpace objects, 0(0B) LOS objects, 8% free, 183MB/199MB, paused 2.677ms total 64.519ms
08-05 18:51:22.833  8341  8359 I art     : Starting a blocking GC Explicit
08-05 18:51:22.900  8341  8359 I art     : Explicit concurrent mark sweep GC freed 271(18KB) AllocSpace objects, 0(0B) LOS objects, 8% free, 183MB/199MB, paused 2.590ms total 66.384ms
08-05 18:51:22.943  8320  8320 I ServiceManager: Waiting for service AtCmdFwd...
08-05 18:51:22.948   512  2967 D audio_hw_primary: disable_audio_route: reset and update mixer path: low-latency-playback speaker
08-05 18:51:22.949   512  2967 D audio_hw_primary: disable_snd_device: snd_device(2: speaker)
08-05 18:51:22.957   512  2967 I soundtrigger: audio_extn_sound_trigger_update_device_status: device 0x2 of type 0 for Event 0
08-05 18:51:23.117  8341 10486 I NAPPA_EXPERIMENTATION: MetricNetworkRequestExecutionTime: REQUEST_DURATION_SYSTEM='689',REQUEST_DURATION_OKHTTP='41',REQUEST_SYNCHRONOUS='FALSE',RESPONSE_CODE='200',RESPONSE_METHOD='GET',RESPONSE_LENGTH_OKHTTP='36',RESPONSE_LENGTH_HEADER='36',REQUEST_PROTOCOL='http/1.1',REQUEST_URL='https://project-travel-mate.herokuapp.com/api/number-of-unread-notifications',
08-05 18:51:23.118  8341  8341 I Choreographer: Skipped 41 frames!  The application may be doing too much work on its main thread.
08-05 18:51:23.351  8341  8354 I art     : Starting a blocking GC Explicit
08-05 18:51:23.432  8341  8354 I art     : Explicit concurrent mark sweep GC freed 8127(403KB) AllocSpace objects, 14(496KB) LOS objects, 7% free, 184MB/200MB, paused 2.201ms total 80.605ms
08-05 18:51:23.458  8341  8354 I art     : Starting a blocking GC Explicit
08-05 18:51:23.526  8341  8354 I art     : Explicit concurrent mark sweep GC freed 2099(174KB) AllocSpace objects, 0(0B) LOS objects, 8% free, 183MB/199MB, paused 1.959ms total 68.306ms
08-05 18:51:23.552  8341  8354 I art     : Starting a blocking GC Explicit
08-05 18:51:23.621  8341  8354 I art     : Explicit concurrent mark sweep GC freed 179(4KB) AllocSpace objects, 0(0B) LOS objects, 8% free, 183MB/199MB, paused 1.884ms total 68.270ms
08-05 18:51:23.647  8341  8354 I art     : Starting a blocking GC Explicit
08-05 18:51:23.716  8341  8354 I art     : Explicit concurrent mark sweep GC freed 135(2288B) AllocSpace objects, 0(0B) LOS objects, 8% free, 183MB/199MB, paused 2.085ms total 68.667ms
08-05 18:51:23.742  8341  8354 I art     : Starting a blocking GC Explicit
08-05 18:51:23.812  8341  8354 I art     : Explicit concurrent mark sweep GC freed 135(2304B) AllocSpace objects, 0(0B) LOS objects, 8% free, 183MB/199MB, paused 1.954ms total 69.274ms
08-05 18:51:23.943  8320  8320 W Atfwd_Sendcmd: AtCmdFwd service not published, waiting... retryCnt : 2
08-05 18:51:24.266  8341  8359 I art     : Starting a blocking GC Explicit
08-05 18:51:24.334  8341  8359 I art     : Explicit concurrent mark sweep GC freed 2426(107KB) AllocSpace objects, 2(52KB) LOS objects, 8% free, 183MB/199MB, paused 1.927ms total 67.613ms
08-05 18:51:24.359  8341  8359 I art     : Starting a blocking GC Explicit
08-05 18:51:24.427  8341  8359 I art     : Explicit concurrent mark sweep GC freed 168(3KB) AllocSpace objects, 0(0B) LOS objects, 8% free, 183MB/199MB, paused 1.849ms total 67.604ms
08-05 18:51:24.453  8341  8359 I art     : Starting a blocking GC Explicit
08-05 18:51:24.522  8341  8359 I art     : Explicit concurrent mark sweep GC freed 147(2496B) AllocSpace objects, 0(0B) LOS objects, 8% free, 183MB/199MB, paused 1.930ms total 68.133ms
08-05 18:51:24.548  8341  8359 I art     : Starting a blocking GC Explicit
08-05 18:51:24.617  8341  8359 I art     : Explicit concurrent mark sweep GC freed 127(2160B) AllocSpace objects, 0(0B) LOS objects, 8% free, 183MB/199MB, paused 2.076ms total 69.184ms
08-05 18:51:24.643  8341  8359 I art     : Starting a blocking GC Explicit
08-05 18:51:24.707  8341  8359 I art     : Explicit concurrent mark sweep GC freed 155(3KB) AllocSpace objects, 0(0B) LOS objects, 8% free, 183MB/199MB, paused 1.792ms total 64.210ms
08-05 18:51:25.144  8341  8354 I art     : Starting a blocking GC Explicit
08-05 18:51:25.212  8341  8354 I art     : Explicit concurrent mark sweep GC freed 2316(104KB) AllocSpace objects, 2(52KB) LOS objects, 8% free, 183MB/199MB, paused 1.904ms total 67.129ms
08-05 18:51:25.236  8341  8354 I art     : Starting a blocking GC Explicit
08-05 18:51:25.265 10508 10508 D AndroidRuntime: >>>>>> START com.android.internal.os.RuntimeInit uid 2000 <<<<<<
08-05 18:51:25.271 10508 10508 D AndroidRuntime: CheckJNI is OFF
08-05 18:51:25.302  8341  8354 I art     : Explicit concurrent mark sweep GC freed 164(3KB) AllocSpace objects, 0(0B) LOS objects, 8% free, 183MB/199MB, paused 1.988ms total 64.750ms
08-05 18:51:25.326  8341  8354 I art     : Starting a blocking GC Explicit
08-05 18:51:25.327 10508 10508 D ICU     : No timezone override file found: /data/misc/zoneinfo/current/icu/icu_tzdata.dat
08-05 18:51:25.371 10508 10508 I Radio-JNI: register_android_hardware_Radio DONE
08-05 18:51:25.390  8341  8354 I art     : Explicit concurrent mark sweep GC freed 162(3KB) AllocSpace objects, 0(0B) LOS objects, 8% free, 183MB/199MB, paused 1.796ms total 64.213ms
08-05 18:51:25.403 10508 10508 D AndroidRuntime: Calling main entry com.android.commands.input.Input
08-05 18:51:25.405 10508 10508 I Input   : injectMotionEvent: MotionEvent { action=ACTION_DOWN, actionButton=0, id[0]=0, x[0]=117.0, y[0]=170.0, toolType[0]=TOOL_TYPE_UNKNOWN, buttonState=0, metaState=0, flags=0x0, edgeFlags=0x0, pointerCount=1, historySize=0, eventTime=816701818, downTime=816701818, deviceId=0, source=0x1002 }
08-05 18:51:25.411 10508 10508 I Input   : injectMotionEvent: MotionEvent { action=ACTION_UP, actionButton=0, id[0]=0, x[0]=117.0, y[0]=170.0, toolType[0]=TOOL_TYPE_UNKNOWN, buttonState=0, metaState=0, flags=0x0, edgeFlags=0x0, pointerCount=1, historySize=0, eventTime=816701818, downTime=816701818, deviceId=0, source=0x1002 }
08-05 18:51:25.415  8341  8354 I art     : Starting a blocking GC Explicit
08-05 18:51:25.417 10508 10508 D AndroidRuntime: Shutting down VM
08-05 18:51:25.423   512  2967 D audio_hw_primary: out_set_parameters: enter: usecase(1: low-latency-playback) kvpairs: routing=2
08-05 18:51:25.436   512  2967 D audio_hw_primary: select_devices: out_snd_device(2: speaker) in_snd_device(0: none)
08-05 18:51:25.436   512  2967 D msm8974_platform: platform_send_audio_calibration: sending audio calibration for snd_device(2) acdb_id(15)
08-05 18:51:25.437   512  2967 I soundtrigger: audio_extn_sound_trigger_update_device_status: device 0x2 of type 0 for Event 1
08-05 18:51:25.447   512  2967 D audio_hw_primary: enable_snd_device: snd_device(2: speaker)
08-05 18:51:25.449   512  2967 D audio_hw_primary: enable_audio_route: apply and update mixer path: low-latency-playback speaker
08-05 18:51:25.480  8341  8354 I art     : Explicit concurrent mark sweep GC freed 190(4KB) AllocSpace objects, 0(0B) LOS objects, 7% free, 184MB/200MB, paused 1.776ms total 65.172ms
08-05 18:51:25.504  8341  8354 I art     : Starting a blocking GC Explicit
08-05 18:51:25.570  8341  8354 I art     : Explicit concurrent mark sweep GC freed 546(22KB) AllocSpace objects, 0(0B) LOS objects, 7% free, 184MB/200MB, paused 2.013ms total 66.096ms
08-05 18:51:25.989   512  2967 D audio_hw_primary: disable_audio_route: reset and update mixer path: low-latency-playback speaker
08-05 18:51:25.990   512  2967 D audio_hw_primary: disable_snd_device: snd_device(2: speaker)
08-05 18:51:26.000   512  2967 I soundtrigger: audio_extn_sound_trigger_update_device_status: device 0x2 of type 0 for Event 0
08-05 18:51:26.025  8341  8354 I art     : Starting a blocking GC Explicit
08-05 18:51:26.092  8341  8354 I art     : Explicit concurrent mark sweep GC freed 2347(104KB) AllocSpace objects, 2(52KB) LOS objects, 7% free, 184MB/200MB, paused 1.910ms total 66.475ms
08-05 18:51:26.118  8341  8354 I art     : Starting a blocking GC Explicit
08-05 18:51:26.182  8341  8354 I art     : Explicit concurrent mark sweep GC freed 158(3KB) AllocSpace objects, 0(0B) LOS objects, 7% free, 184MB/200MB, paused 1.851ms total 64.374ms
08-05 18:51:26.207  8341  8354 I art     : Starting a blocking GC Explicit
08-05 18:51:26.273  8341  8354 I art     : Explicit concurrent mark sweep GC freed 150(2592B) AllocSpace objects, 0(0B) LOS objects, 7% free, 184MB/200MB, paused 1.873ms total 65.373ms
08-05 18:51:26.298  8341  8354 I art     : Starting a blocking GC Explicit
08-05 18:51:26.316 10531 10531 D AndroidRuntime: >>>>>> START com.android.internal.os.RuntimeInit uid 2000 <<<<<<
08-05 18:51:26.322 10531 10531 D AndroidRuntime: CheckJNI is OFF
08-05 18:51:26.364  8341  8354 I art     : Explicit concurrent mark sweep GC freed 153(2896B) AllocSpace objects, 0(0B) LOS objects, 7% free, 184MB/200MB, paused 1.811ms total 65.309ms
08-05 18:51:26.377 10531 10531 D ICU     : No timezone override file found: /data/misc/zoneinfo/current/icu/icu_tzdata.dat
08-05 18:51:26.388  8341  8354 I art     : Starting a blocking GC Explicit
08-05 18:51:26.420 10531 10531 I Radio-JNI: register_android_hardware_Radio DONE
08-05 18:51:26.452 10531 10531 D AndroidRuntime: Calling main entry com.android.commands.input.Input
08-05 18:51:26.453  8341  8354 I art     : Explicit concurrent mark sweep GC freed 148(2528B) AllocSpace objects, 0(0B) LOS objects, 7% free, 184MB/200MB, paused 1.807ms total 64.005ms
08-05 18:51:26.455 10531 10531 I Input   : injectMotionEvent: MotionEvent { action=ACTION_DOWN, actionButton=0, id[0]=0, x[0]=355.0, y[0]=1674.0, toolType[0]=TOOL_TYPE_UNKNOWN, buttonState=0, metaState=0, flags=0x0, edgeFlags=0x0, pointerCount=1, historySize=0, eventTime=816702868, downTime=816702868, deviceId=0, source=0x1002 }
08-05 18:51:26.460 10531 10531 I Input   : injectMotionEvent: MotionEvent { action=ACTION_UP, actionButton=0, id[0]=0, x[0]=355.0, y[0]=1674.0, toolType[0]=TOOL_TYPE_UNKNOWN, buttonState=0, metaState=0, flags=0x0, edgeFlags=0x0, pointerCount=1, historySize=0, eventTime=816702868, downTime=816702868, deviceId=0, source=0x1002 }
08-05 18:51:26.462 10531 10531 D AndroidRuntime: Shutting down VM
08-05 18:51:26.473   512  2967 D audio_hw_primary: out_set_parameters: enter: usecase(1: low-latency-playback) kvpairs: routing=2
08-05 18:51:26.485  8341  8341 V MainActivity: url = https://project-travel-mate.herokuapp.com/api/number-of-unread-notifications
08-05 18:51:26.487   512  2967 D audio_hw_primary: select_devices: out_snd_device(2: speaker) in_snd_device(0: none)
08-05 18:51:26.487   512  2967 D msm8974_platform: platform_send_audio_calibration: sending audio calibration for snd_device(2) acdb_id(15)
08-05 18:51:26.487   512  2967 I soundtrigger: audio_extn_sound_trigger_update_device_status: device 0x2 of type 0 for Event 1
08-05 18:51:26.497   512  2967 D audio_hw_primary: enable_snd_device: snd_device(2: speaker)
08-05 18:51:26.500   512  2967 D audio_hw_primary: enable_audio_route: apply and update mixer path: low-latency-playback speaker
08-05 18:51:26.543   512  2967 D AudioFlinger: mixer(0xf4740000) throttle end: throttle time(12)
08-05 18:51:26.925  8341  8353 I art     : Starting a blocking GC Explicit
08-05 18:51:26.999  8341  8353 I art     : Explicit concurrent mark sweep GC freed 6443(309KB) AllocSpace objects, 14(504KB) LOS objects, 7% free, 184MB/200MB, paused 2.142ms total 73.115ms
08-05 18:51:27.012  8341 10553 I NAPPA_EXPERIMENTATION: MetricNetworkRequestExecutionTime: REQUEST_DURATION_SYSTEM='525',REQUEST_DURATION_OKHTTP='35',REQUEST_SYNCHRONOUS='FALSE',RESPONSE_CODE='200',RESPONSE_METHOD='GET',RESPONSE_LENGTH_OKHTTP='36',RESPONSE_LENGTH_HEADER='36',REQUEST_PROTOCOL='http/1.1',REQUEST_URL='https://project-travel-mate.herokuapp.com/api/number-of-unread-notifications',
08-05 18:51:27.024  8341  8353 I art     : Starting a blocking GC Explicit
08-05 18:51:27.028   512  2967 D audio_hw_primary: disable_audio_route: reset and update mixer path: low-latency-playback speaker
08-05 18:51:27.030   512  2967 D audio_hw_primary: disable_snd_device: snd_device(2: speaker)
08-05 18:51:27.038   512  2967 I soundtrigger: audio_extn_sound_trigger_update_device_status: device 0x2 of type 0 for Event 0
08-05 18:51:27.094  8341  8353 I art     : Explicit concurrent mark sweep GC freed 3396(322KB) AllocSpace objects, 0(0B) LOS objects, 7% free, 184MB/200MB, paused 2.156ms total 68.935ms
08-05 18:51:27.120  8341  8353 I art     : Starting a blocking GC Explicit
08-05 18:51:27.193  8341  8353 I art     : Explicit concurrent mark sweep GC freed 104(4KB) AllocSpace objects, 0(0B) LOS objects, 7% free, 184MB/200MB, paused 2.405ms total 72.764ms
08-05 18:51:27.224  8341  8353 I art     : Starting a blocking GC Explicit
08-05 18:51:27.302  8341  8353 I art     : Explicit concurrent mark sweep GC freed 23(1152B) AllocSpace objects, 0(0B) LOS objects, 7% free, 184MB/200MB, paused 2.170ms total 77.525ms
08-05 18:51:27.333  8341  8353 I art     : Starting a blocking GC Explicit
08-05 18:51:27.405  8341  8353 I art     : Explicit concurrent mark sweep GC freed 34(928B) AllocSpace objects, 0(0B) LOS objects, 7% free, 184MB/200MB, paused 1.993ms total 71.116ms
08-05 18:51:27.879  8341 10088 I art     : Starting a blocking GC Explicit
08-05 18:51:27.965  8341 10088 I art     : Explicit concurrent mark sweep GC freed 1636(94KB) AllocSpace objects, 2(48KB) LOS objects, 7% free, 184MB/200MB, paused 2.429ms total 84.658ms
08-05 18:51:27.996  8341 10088 I art     : Starting a blocking GC Explicit
08-05 18:51:28.070  8341 10088 I art     : Explicit concurrent mark sweep GC freed 38(1568B) AllocSpace objects, 0(0B) LOS objects, 7% free, 184MB/200MB, paused 2.283ms total 73.499ms
08-05 18:51:28.099  8341 10088 I art     : Starting a blocking GC Explicit
08-05 18:51:28.170  8341 10088 I art     : Explicit concurrent mark sweep GC freed 11(352B) AllocSpace objects, 0(0B) LOS objects, 7% free, 184MB/200MB, paused 2.971ms total 70.359ms
08-05 18:51:28.199  8341 10088 I art     : Starting a blocking GC Explicit
08-05 18:51:28.275  8341 10088 I art     : Explicit concurrent mark sweep GC freed 16(512B) AllocSpace objects, 0(0B) LOS objects, 7% free, 184MB/200MB, paused 1.896ms total 75.017ms
08-05 18:51:28.304  8341 10088 I art     : Starting a blocking GC Explicit
08-05 18:51:28.379  8341 10088 I art     : Explicit concurrent mark sweep GC freed 41(1152B) AllocSpace objects, 0(0B) LOS objects, 7% free, 184MB/200MB, paused 2.142ms total 74.337ms
08-05 18:51:28.839  8341  8359 I art     : Starting a blocking GC Explicit
08-05 18:51:28.907  8341  8359 I art     : Explicit concurrent mark sweep GC freed 1599(92KB) AllocSpace objects, 2(48KB) LOS objects, 7% free, 184MB/200MB, paused 1.949ms total 67.629ms
08-05 18:51:28.933  8341  8359 I art     : Starting a blocking GC Explicit
08-05 18:51:28.999  8341  8359 I art     : Explicit concurrent mark sweep GC freed 42(1456B) AllocSpace objects, 0(0B) LOS objects, 7% free, 184MB/200MB, paused 2.039ms total 65.756ms
08-05 18:51:29.024  8341  8359 I art     : Starting a blocking GC Explicit
08-05 18:51:29.099  8341  8359 I art     : Explicit concurrent mark sweep GC freed 3(96B) AllocSpace objects, 0(0B) LOS objects, 7% free, 184MB/200MB, paused 2.087ms total 74.410ms
08-05 18:51:29.125  8341  8359 I art     : Starting a blocking GC Explicit
08-05 18:51:29.194  8341  8359 I art     : Explicit concurrent mark sweep GC freed 3(96B) AllocSpace objects, 0(0B) LOS objects, 7% free, 184MB/200MB, paused 1.861ms total 68.447ms
08-05 18:51:29.219  8341  8359 I art     : Starting a blocking GC Explicit
08-05 18:51:29.287  8341  8359 I art     : Explicit concurrent mark sweep GC freed 3(96B) AllocSpace objects, 0(0B) LOS objects, 7% free, 184MB/200MB, paused 1.883ms total 66.689ms
08-05 18:51:29.342 10586 10586 D AndroidRuntime: >>>>>> START com.android.internal.os.RuntimeInit uid 2000 <<<<<<
08-05 18:51:29.349 10586 10586 D AndroidRuntime: CheckJNI is OFF
08-05 18:51:29.401 10586 10586 D ICU     : No timezone override file found: /data/misc/zoneinfo/current/icu/icu_tzdata.dat
08-05 18:51:29.454 10586 10586 I Radio-JNI: register_android_hardware_Radio DONE
08-05 18:51:29.489 10586 10586 D AndroidRuntime: Calling main entry com.android.commands.input.Input
08-05 18:51:29.492 10586 10586 I Input   : injectMotionEvent: MotionEvent { action=ACTION_DOWN, actionButton=0, id[0]=0, x[0]=747.0, y[0]=608.0, toolType[0]=TOOL_TYPE_UNKNOWN, buttonState=0, metaState=0, flags=0x0, edgeFlags=0x0, pointerCount=1, historySize=0, eventTime=816705904, downTime=816705904, deviceId=0, source=0x1002 }
08-05 18:51:29.498 10586 10586 I Input   : injectMotionEvent: MotionEvent { action=ACTION_UP, actionButton=0, id[0]=0, x[0]=747.0, y[0]=608.0, toolType[0]=TOOL_TYPE_UNKNOWN, buttonState=0, metaState=0, flags=0x0, edgeFlags=0x0, pointerCount=1, historySize=0, eventTime=816705904, downTime=816705904, deviceId=0, source=0x1002 }
08-05 18:51:29.500 10586 10586 D AndroidRuntime: Shutting down VM
08-05 18:51:29.500   918  5132 I ActivityManager: START u0 {cmp=baseline.io.github.project_travel_mate/.utilities.ChecklistActivity} from uid 10674 on display 0
08-05 18:51:29.502   512  2967 D audio_hw_primary: out_set_parameters: enter: usecase(1: low-latency-playback) kvpairs: routing=2
08-05 18:51:29.516   512  2967 D audio_hw_primary: select_devices: out_snd_device(2: speaker) in_snd_device(0: none)
08-05 18:51:29.516   512  2967 D msm8974_platform: platform_send_audio_calibration: sending audio calibration for snd_device(2) acdb_id(15)
08-05 18:51:29.516   512  2967 I soundtrigger: audio_extn_sound_trigger_update_device_status: device 0x2 of type 0 for Event 1
08-05 18:51:29.532   512  2967 D audio_hw_primary: enable_snd_device: snd_device(2: speaker)
08-05 18:51:29.534   512  2967 D audio_hw_primary: enable_audio_route: apply and update mixer path: low-latency-playback speaker
08-05 18:51:29.566   518   646 I ThermalEngine: ACTION: GPU - Setting GPU[0] to 450000000
08-05 18:51:29.628 13866 13866 I GoogleInputMethodServic: GoogleInputMethodService.onFinishInput():3138 
08-05 18:51:29.629   918   936 I ActivityManager: Displayed baseline.io.github.project_travel_mate/.utilities.ChecklistActivity: +115ms
08-05 18:51:29.629 13866 13866 I GoogleInputMethodServic: GoogleInputMethodService.onStartInput():1808 
08-05 18:51:29.716  8341  8354 I art     : Starting a blocking GC Explicit
08-05 18:51:29.779  8341  8354 I art     : Explicit concurrent mark sweep GC freed 2519(146KB) AllocSpace objects, 2(48KB) LOS objects, 7% free, 184MB/200MB, paused 1.554ms total 63.396ms
08-05 18:51:29.803  8341  8354 I art     : Starting a blocking GC Explicit
08-05 18:51:29.867  8341  8354 I art     : Explicit concurrent mark sweep GC freed 324(13KB) AllocSpace objects, 0(0B) LOS objects, 7% free, 184MB/200MB, paused 1.392ms total 64.164ms
08-05 18:51:29.885   380   380 W SurfaceFlinger: couldn't log to binary event log: overflow.
08-05 18:51:29.889  8341  8354 I art     : Starting a blocking GC Explicit
08-05 18:51:29.890   918  3261 D WifiStateMachine: starting scan for "H369AA63323"WPA_PSK with 2412,5180
08-05 18:51:29.940  8341  8354 I art     : Explicit concurrent mark sweep GC freed 3(96B) AllocSpace objects, 0(0B) LOS objects, 7% free, 184MB/200MB, paused 1.118ms total 51.158ms
08-05 18:51:29.959  8341  8354 I art     : Starting a blocking GC Explicit
08-05 18:51:30.011  8341  8354 I art     : Explicit concurrent mark sweep GC freed 38(1376B) AllocSpace objects, 0(0B) LOS objects, 7% free, 184MB/200MB, paused 1.296ms total 52.543ms
08-05 18:51:30.030  8341  8354 I art     : Starting a blocking GC Explicit
08-05 18:51:30.069   512  2967 D audio_hw_primary: disable_audio_route: reset and update mixer path: low-latency-playback speaker
08-05 18:51:30.070   512  2967 D audio_hw_primary: disable_snd_device: snd_device(2: speaker)
08-05 18:51:30.078   512  2967 I soundtrigger: audio_extn_sound_trigger_update_device_status: device 0x2 of type 0 for Event 0
08-05 18:51:30.086  8341  8354 I art     : Explicit concurrent mark sweep GC freed 20(448B) AllocSpace objects, 0(0B) LOS objects, 7% free, 184MB/200MB, paused 1.284ms total 54.865ms
08-05 18:51:30.501  8341  8353 I art     : Starting a blocking GC Explicit
08-05 18:51:30.563  8341  8353 I art     : Explicit concurrent mark sweep GC freed 1644(94KB) AllocSpace objects, 2(48KB) LOS objects, 7% free, 184MB/200MB, paused 1.393ms total 62.209ms
08-05 18:51:30.586  8341  8353 I art     : Starting a blocking GC Explicit
08-05 18:51:30.645  8341  8353 I art     : Explicit concurrent mark sweep GC freed 59(2736B) AllocSpace objects, 0(0B) LOS objects, 7% free, 184MB/200MB, paused 1.289ms total 58.508ms
08-05 18:51:30.664  8341  8353 I art     : Starting a blocking GC Explicit
08-05 18:51:30.724  8341  8353 I art     : Explicit concurrent mark sweep GC freed 14(672B) AllocSpace objects, 0(0B) LOS objects, 7% free, 184MB/200MB, paused 1.398ms total 59.067ms
08-05 18:51:30.747  8341  8353 I art     : Starting a blocking GC Explicit
08-05 18:51:30.807  8341  8353 I art     : Explicit concurrent mark sweep GC freed 3(96B) AllocSpace objects, 0(0B) LOS objects, 7% free, 184MB/200MB, paused 1.358ms total 59.803ms
08-05 18:51:30.831  8341  8353 I art     : Starting a blocking GC Explicit
08-05 18:51:30.890  8341  8353 I art     : Explicit concurrent mark sweep GC freed 3(96B) AllocSpace objects, 0(0B) LOS objects, 7% free, 184MB/200MB, paused 1.433ms total 58.460ms
08-05 18:51:31.320  8341  8619 I art     : Starting a blocking GC Explicit
08-05 18:51:31.409  8341  8619 I art     : Explicit concurrent mark sweep GC freed 1623(93KB) AllocSpace objects, 2(48KB) LOS objects, 7% free, 184MB/200MB, paused 1.490ms total 88.657ms
08-05 18:51:31.434  8341  8619 I art     : Starting a blocking GC Explicit
08-05 18:51:31.498  8341  8619 I art     : Explicit concurrent mark sweep GC freed 28(1024B) AllocSpace objects, 0(0B) LOS objects, 7% free, 184MB/200MB, paused 1.425ms total 63.740ms
08-05 18:51:31.522  8341  8619 I art     : Starting a blocking GC Explicit
08-05 18:51:31.582  8341  8619 I art     : Explicit concurrent mark sweep GC freed 3(96B) AllocSpace objects, 0(0B) LOS objects, 7% free, 184MB/200MB, paused 1.320ms total 59.676ms
08-05 18:51:31.601  8341  8619 I art     : Starting a blocking GC Explicit
08-05 18:51:31.666  8341  8619 I art     : Explicit concurrent mark sweep GC freed 3(96B) AllocSpace objects, 0(0B) LOS objects, 7% free, 184MB/200MB, paused 1.332ms total 64.618ms
08-05 18:51:31.686  8341  8619 I art     : Starting a blocking GC Explicit
08-05 18:51:31.754  8341  8619 I art     : Explicit concurrent mark sweep GC freed 3(96B) AllocSpace objects, 0(0B) LOS objects, 7% free, 184MB/200MB, paused 1.438ms total 68.337ms
08-05 18:51:32.249  8341  8359 I art     : Starting a blocking GC Explicit
08-05 18:51:32.329  8341  8359 I art     : Explicit concurrent mark sweep GC freed 1622(93KB) AllocSpace objects, 2(48KB) LOS objects, 7% free, 184MB/200MB, paused 1.580ms total 79.705ms
08-05 18:51:32.352  8341  8359 I art     : Starting a blocking GC Explicit
08-05 18:51:32.417  8341  8359 I art     : Explicit concurrent mark sweep GC freed 29(1056B) AllocSpace objects, 0(0B) LOS objects, 7% free, 184MB/200MB, paused 1.490ms total 64.675ms
08-05 18:51:32.436  8341  8359 I art     : Starting a blocking GC Explicit
08-05 18:51:32.500  8341  8359 I art     : Explicit concurrent mark sweep GC freed 3(96B) AllocSpace objects, 0(0B) LOS objects, 7% free, 184MB/200MB, paused 1.472ms total 63.513ms
08-05 18:51:32.525  8341  8359 I art     : Starting a blocking GC Explicit
08-05 18:51:32.587  8341  8359 I art     : Explicit concurrent mark sweep GC freed 3(96B) AllocSpace objects, 0(0B) LOS objects, 7% free, 184MB/200MB, paused 1.369ms total 61.790ms
08-05 18:51:32.607  8341  8359 I art     : Starting a blocking GC Explicit
08-05 18:51:32.678  8341  8359 I art     : Explicit concurrent mark sweep GC freed 3(96B) AllocSpace objects, 0(0B) LOS objects, 7% free, 184MB/200MB, paused 1.362ms total 70.581ms
08-05 18:51:33.132  8341 10088 I art     : Starting a blocking GC Explicit
08-05 18:51:33.221  8341 10088 I art     : Explicit concurrent mark sweep GC freed 1596(92KB) AllocSpace objects, 2(48KB) LOS objects, 7% free, 184MB/200MB, paused 1.978ms total 87.472ms
08-05 18:51:33.244  8341 10088 I art     : Starting a blocking GC Explicit
08-05 18:51:33.311  8341 10088 I art     : Explicit concurrent mark sweep GC freed 38(1568B) AllocSpace objects, 0(0B) LOS objects, 7% free, 184MB/200MB, paused 1.503ms total 66.152ms
08-05 18:51:33.334  8341 10088 I art     : Starting a blocking GC Explicit
08-05 18:51:33.399  8341 10088 I art     : Explicit concurrent mark sweep GC freed 40(1088B) AllocSpace objects, 0(0B) LOS objects, 7% free, 184MB/200MB, paused 1.374ms total 64.538ms
08-05 18:51:33.419  8341 10088 I art     : Starting a blocking GC Explicit
08-05 18:51:33.481  8341 10088 I art     : Explicit concurrent mark sweep GC freed 3(96B) AllocSpace objects, 0(0B) LOS objects, 7% free, 184MB/200MB, paused 1.370ms total 62.306ms
08-05 18:51:33.501  8341 10088 I art     : Starting a blocking GC Explicit
08-05 18:51:33.569  8341 10088 I art     : Explicit concurrent mark sweep GC freed 3(96B) AllocSpace objects, 0(0B) LOS objects, 7% free, 184MB/200MB, paused 1.490ms total 67.844ms
08-05 18:51:33.944  8320  8320 I ServiceManager: Waiting for service AtCmdFwd...
08-05 18:51:33.987  8341  8354 I art     : Starting a blocking GC Explicit
08-05 18:51:34.055  8341  8354 I art     : Explicit concurrent mark sweep GC freed 1598(92KB) AllocSpace objects, 2(48KB) LOS objects, 7% free, 184MB/200MB, paused 1.376ms total 67.790ms
08-05 18:51:34.074  8341  8354 I art     : Starting a blocking GC Explicit
08-05 18:51:34.133  8341  8354 I art     : Explicit concurrent mark sweep GC freed 38(1568B) AllocSpace objects, 0(0B) LOS objects, 7% free, 184MB/200MB, paused 1.396ms total 58.308ms
08-05 18:51:34.153  8341  8354 I art     : Starting a blocking GC Explicit
08-05 18:51:34.215  8341  8354 I art     : Explicit concurrent mark sweep GC freed 3(96B) AllocSpace objects, 0(0B) LOS objects, 7% free, 184MB/200MB, paused 1.464ms total 61.768ms
08-05 18:51:34.240  8341  8354 I art     : Starting a blocking GC Explicit
08-05 18:51:34.299  8341  8354 I art     : Explicit concurrent mark sweep GC freed 3(96B) AllocSpace objects, 0(0B) LOS objects, 7% free, 184MB/200MB, paused 1.409ms total 58.616ms
08-05 18:51:34.311 10655 10655 D AndroidRuntime: >>>>>> START com.android.internal.os.RuntimeInit uid 2000 <<<<<<
08-05 18:51:34.317 10655 10655 D AndroidRuntime: CheckJNI is OFF
08-05 18:51:34.319  8341  8354 I art     : Starting a blocking GC Explicit
08-05 18:51:34.362 10655 10655 D ICU     : No timezone override file found: /data/misc/zoneinfo/current/icu/icu_tzdata.dat
08-05 18:51:34.376  8341  8354 I art     : Explicit concurrent mark sweep GC freed 37(944B) AllocSpace objects, 0(0B) LOS objects, 7% free, 184MB/200MB, paused 1.481ms total 57.170ms
08-05 18:51:34.410 10655 10655 I Radio-JNI: register_android_hardware_Radio DONE
08-05 18:51:34.440 10655 10655 D AndroidRuntime: Calling main entry com.android.commands.input.Input
08-05 18:51:34.442 10655 10655 I Input   : injectKeyEvent: KeyEvent { action=ACTION_DOWN, keyCode=KEYCODE_BACK, scanCode=0, metaState=0, flags=0x0, repeatCount=0, eventTime=816710855, downTime=816710855, deviceId=-1, source=0x101 }
08-05 18:51:34.449 10655 10655 I Input   : injectKeyEvent: KeyEvent { action=ACTION_UP, keyCode=KEYCODE_BACK, scanCode=0, metaState=0, flags=0x0, repeatCount=0, eventTime=816710855, downTime=816710855, deviceId=-1, source=0x101 }
08-05 18:51:34.455 10655 10655 D AndroidRuntime: Shutting down VM
08-05 18:51:34.472  8341  8341 V MainActivity: url = https://project-travel-mate.herokuapp.com/api/number-of-unread-notifications
08-05 18:51:34.501 13866 13866 I GoogleInputMethodServic: GoogleInputMethodService.onFinishInput():3138 
08-05 18:51:34.502 13866 13866 I GoogleInputMethodServic: GoogleInputMethodService.onStartInput():1808 
08-05 18:51:34.773  8341  8354 I art     : Starting a blocking GC Explicit
08-05 18:51:34.789   380   380 W SurfaceFlinger: couldn't log to binary event log: overflow.
08-05 18:51:34.828  8341  8354 I art     : Explicit concurrent mark sweep GC freed 2515(134KB) AllocSpace objects, 2(48KB) LOS objects, 7% free, 184MB/200MB, paused 1.427ms total 54.473ms
08-05 18:51:34.846  8341  8354 I art     : Starting a blocking GC Explicit
08-05 18:51:34.903  8341  8354 I art     : Explicit concurrent mark sweep GC freed 87(3KB) AllocSpace objects, 0(0B) LOS objects, 7% free, 184MB/200MB, paused 1.397ms total 56.755ms
08-05 18:51:34.922  8341  8354 I art     : Starting a blocking GC Explicit
08-05 18:51:34.945  8320  8320 I ServiceManager: Waiting for service AtCmdFwd...
08-05 18:51:34.980  8341  8354 I art     : Explicit concurrent mark sweep GC freed 127(6KB) AllocSpace objects, 0(0B) LOS objects, 7% free, 184MB/200MB, paused 1.421ms total 57.273ms
08-05 18:51:34.999  8341  8354 I art     : Starting a blocking GC Explicit
08-05 18:51:35.060  8341  8354 I art     : Explicit concurrent mark sweep GC freed 2567(131KB) AllocSpace objects, 3(200KB) LOS objects, 7% free, 184MB/200MB, paused 2.046ms total 60.670ms
08-05 18:51:35.080  8341  8354 I art     : Starting a blocking GC Explicit
08-05 18:51:35.093  8341 10676 I NAPPA_EXPERIMENTATION: MetricNetworkRequestExecutionTime: REQUEST_DURATION_SYSTEM='620',REQUEST_DURATION_OKHTTP='40',REQUEST_SYNCHRONOUS='FALSE',RESPONSE_CODE='200',RESPONSE_METHOD='GET',RESPONSE_LENGTH_OKHTTP='36',RESPONSE_LENGTH_HEADER='36',REQUEST_PROTOCOL='http/1.1',REQUEST_URL='https://project-travel-mate.herokuapp.com/api/number-of-unread-notifications',
08-05 18:51:35.139  8341  8354 I art     : Explicit concurrent mark sweep GC freed 1088(128KB) AllocSpace objects, 0(0B) LOS objects, 7% free, 184MB/200MB, paused 1.408ms total 59.327ms
08-05 18:51:35.555  8341  8359 I art     : Starting a blocking GC Explicit
08-05 18:51:35.631  8341  8359 I art     : Explicit concurrent mark sweep GC freed 1722(97KB) AllocSpace objects, 2(48KB) LOS objects, 7% free, 184MB/200MB, paused 1.537ms total 75.088ms
08-05 18:51:35.631  8341  8352 I art     : WaitForGcToComplete blocked for 67.254ms for cause HeapTrim
08-05 18:51:35.654  8341  8359 I art     : Starting a blocking GC Explicit
08-05 18:51:35.710  8341  8359 I art     : Explicit concurrent mark sweep GC freed 42(1456B) AllocSpace objects, 0(0B) LOS objects, 7% free, 184MB/200MB, paused 1.321ms total 55.555ms
08-05 18:51:35.729  8341  8359 I art     : Starting a blocking GC Explicit
08-05 18:51:35.782  8341  8359 I art     : Explicit concurrent mark sweep GC freed 3(96B) AllocSpace objects, 0(0B) LOS objects, 7% free, 184MB/200MB, paused 1.404ms total 52.432ms
08-05 18:51:35.801  8341  8359 I art     : Starting a blocking GC Explicit
08-05 18:51:35.856  8341  8359 I art     : Explicit concurrent mark sweep GC freed 3(96B) AllocSpace objects, 0(0B) LOS objects, 7% free, 184MB/200MB, paused 1.313ms total 55.038ms
08-05 18:51:35.875  8341  8359 I art     : Starting a blocking GC Explicit
08-05 18:51:35.932  8341  8359 I art     : Explicit concurrent mark sweep GC freed 3(96B) AllocSpace objects, 0(0B) LOS objects, 7% free, 184MB/200MB, paused 1.294ms total 55.986ms
08-05 18:51:35.945  8320  8320 I ServiceManager: Waiting for service AtCmdFwd...
08-05 18:51:36.223 10698 10698 D AndroidRuntime: >>>>>> START com.android.internal.os.RuntimeInit uid 2000 <<<<<<
08-05 18:51:36.229 10698 10698 D AndroidRuntime: CheckJNI is OFF
08-05 18:51:36.273 10698 10698 D ICU     : No timezone override file found: /data/misc/zoneinfo/current/icu/icu_tzdata.dat
08-05 18:51:36.317 10698 10698 I Radio-JNI: register_android_hardware_Radio DONE
08-05 18:51:36.347 10698 10698 D AndroidRuntime: Calling main entry com.android.commands.input.Input
08-05 18:51:36.350 10698 10698 I Input   : injectMotionEvent: MotionEvent { action=ACTION_DOWN, actionButton=0, id[0]=0, x[0]=657.0, y[0]=2037.0, toolType[0]=TOOL_TYPE_UNKNOWN, buttonState=0, metaState=0, flags=0x0, edgeFlags=0x0, pointerCount=1, historySize=0, eventTime=816712762, downTime=816712762, deviceId=0, source=0x1002 }
08-05 18:51:36.352  8341  8354 I art     : Starting a blocking GC Explicit
08-05 18:51:36.357 10698 10698 I Input   : injectMotionEvent: MotionEvent { action=ACTION_UP, actionButton=0, id[0]=0, x[0]=657.0, y[0]=2037.0, toolType[0]=TOOL_TYPE_UNKNOWN, buttonState=0, metaState=0, flags=0x0, edgeFlags=0x0, pointerCount=1, historySize=0, eventTime=816712762, downTime=816712762, deviceId=0, source=0x1002 }
08-05 18:51:36.360 10698 10698 D AndroidRuntime: Shutting down VM
08-05 18:51:36.362   918  5481 I ActivityManager: START u0 {cmp=baseline.io.github.project_travel_mate/.utilities.CompassActivity} from uid 10674 on display 0
08-05 18:51:36.364   512  2967 D audio_hw_primary: out_set_parameters: enter: usecase(1: low-latency-playback) kvpairs: routing=2
08-05 18:51:36.377   512  2967 D audio_hw_primary: select_devices: out_snd_device(2: speaker) in_snd_device(0: none)
08-05 18:51:36.377   512  2967 D msm8974_platform: platform_send_audio_calibration: sending audio calibration for snd_device(2) acdb_id(15)
08-05 18:51:36.378   512  2967 I soundtrigger: audio_extn_sound_trigger_update_device_status: device 0x2 of type 0 for Event 1
08-05 18:51:36.388   512  2967 D audio_hw_primary: enable_snd_device: snd_device(2: speaker)
08-05 18:51:36.390   512  2967 D audio_hw_primary: enable_audio_route: apply and update mixer path: low-latency-playback speaker
08-05 18:51:36.413  8341  8354 I art     : Explicit concurrent mark sweep GC freed 1945(116KB) AllocSpace objects, 2(48KB) LOS objects, 7% free, 184MB/200MB, paused 1.442ms total 61.133ms
08-05 18:51:36.432  8341  8354 I art     : Starting a blocking GC Explicit
08-05 18:51:36.486  8341  8354 I art     : Explicit concurrent mark sweep GC freed 188(17KB) AllocSpace objects, 0(0B) LOS objects, 6% free, 233MB/249MB, paused 1.429ms total 53.410ms
08-05 18:51:36.505  8341  8354 I art     : Starting a blocking GC Explicit
08-05 18:51:36.560  8341  8354 I art     : Explicit concurrent mark sweep GC freed 50(1984B) AllocSpace objects, 0(0B) LOS objects, 6% free, 233MB/249MB, paused 1.384ms total 54.695ms
08-05 18:51:36.579  8341  8354 I art     : Starting a blocking GC Explicit
08-05 18:51:36.634  8341  8354 I art     : Explicit concurrent mark sweep GC freed 3(96B) AllocSpace objects, 0(0B) LOS objects, 6% free, 233MB/249MB, paused 1.377ms total 54.575ms
08-05 18:51:36.653  8341  8354 I art     : Starting a blocking GC Explicit
08-05 18:51:36.708  8341  8354 I art     : Explicit concurrent mark sweep GC freed 3(96B) AllocSpace objects, 0(0B) LOS objects, 6% free, 233MB/249MB, paused 1.489ms total 55.168ms
08-05 18:51:36.924  8341  8341 D CompassActivity: start compass
08-05 18:51:36.926   918  5481 I sensors : batch
08-05 18:51:36.926   918  5481 I sensors : activate
08-05 18:51:36.926   918  6110 I sensors : batch
08-05 18:51:36.926   918  6110 I sensors : activate
08-05 18:51:36.929   512  2967 D audio_hw_primary: disable_audio_route: reset and update mixer path: low-latency-playback speaker
08-05 18:51:36.931   512  2967 D audio_hw_primary: disable_snd_device: snd_device(2: speaker)
08-05 18:51:36.931  8341  8341 I Choreographer: Skipped 32 frames!  The application may be doing too much work on its main thread.
08-05 18:51:36.935   918  3188 I hubconnection: sensorhub said: 'batch 1 flags:0, sampling_rate_Hz:50.00, max_report_latency_us:0'
08-05 18:51:36.937   918  3188 I hubconnection: sensorhub said: 'activate 1 enable:1'
08-05 18:51:36.938   918  3188 I hubconnection: sensorhub said: 'batch 3 flags:0, sampling_rate_Hz:50.00, max_report_latency_us:0'
08-05 18:51:36.939   512  2967 I soundtrigger: audio_extn_sound_trigger_update_device_status: device 0x2 of type 0 for Event 0
08-05 18:51:36.939   918  3188 I hubconnection: sensorhub said: 'activate 3 enable:1'
08-05 18:51:36.946  8320  8320 I ServiceManager: Waiting for service AtCmdFwd...
08-05 18:51:36.987 13866 13866 I GoogleInputMethodServic: GoogleInputMethodService.onFinishInput():3138 
08-05 18:51:36.987 13866 13866 I GoogleInputMethodServic: GoogleInputMethodService.onStartInput():1808 
08-05 18:51:37.106  8341  8359 I art     : Starting a blocking GC Explicit
08-05 18:51:37.128  8341  8341 D CompassActivity: will set rotation from 0.0 to 180.4842
08-05 18:51:37.129  8341  8341 D CompassActivity: will set rotation from 180.4842 to 180.47136
08-05 18:51:37.129  8341  8341 D CompassActivity: will set rotation from 180.47136 to 180.46275
08-05 18:51:37.129  8341  8341 D CompassActivity: will set rotation from 180.46275 to 180.31194
08-05 18:51:37.129  8341  8341 D CompassActivity: will set rotation from 180.31194 to 180.31207
08-05 18:51:37.141   918   936 I ActivityManager: Displayed baseline.io.github.project_travel_mate/.utilities.CompassActivity: +765ms
08-05 18:51:37.163  8341  8359 I art     : Explicit concurrent mark sweep GC freed 1858(105KB) AllocSpace objects, 2(48KB) LOS objects, 6% free, 236MB/252MB, paused 1.219ms total 56.252ms
08-05 18:51:37.184  8341  8359 I art     : Starting a blocking GC Explicit
08-05 18:51:37.218  8341  8341 D CompassActivity: will set rotation from 180.31207 to 180.47325
08-05 18:51:37.218  8341  8341 D CompassActivity: will set rotation from 180.47325 to 180.487
08-05 18:51:37.218  8341  8341 D CompassActivity: will set rotation from 180.487 to 180.70589
08-05 18:51:37.218  8341  8341 D CompassActivity: will set rotation from 180.70589 to 180.70856
08-05 18:51:37.218  8341  8341 D CompassActivity: will set rotation from 180.70856 to 180.75935
08-05 18:51:37.218  8341  8341 D CompassActivity: will set rotation from 180.75935 to 180.75452
08-05 18:51:37.218  8341  8341 D CompassActivity: will set rotation from 180.75452 to 180.63185
08-05 18:51:37.218  8341  8341 D CompassActivity: will set rotation from 180.63185 to 180.63982
08-05 18:51:37.237  8341  8359 I art     : Explicit concurrent mark sweep GC freed 183(9KB) AllocSpace objects, 0(0B) LOS objects, 6% free, 236MB/252MB, paused 1.240ms total 52.319ms
08-05 18:51:37.256  8341  8359 I art     : Starting a blocking GC Explicit
08-05 18:51:37.310  8341  8341 D CompassActivity: will set rotation from 180.63982 to 180.54192
08-05 18:51:37.310  8341  8341 D CompassActivity: will set rotation from 180.54192 to 180.53873
08-05 18:51:37.310  8341  8341 D CompassActivity: will set rotation from 180.53873 to 180.66335
08-05 18:51:37.311  8341  8341 D CompassActivity: will set rotation from 180.66335 to 180.65977
08-05 18:51:37.311  8341  8341 D CompassActivity: will set rotation from 180.65977 to 180.57973
08-05 18:51:37.311  8341  8341 D CompassActivity: will set rotation from 180.57973 to 180.57532
08-05 18:51:37.311  8341  8341 D CompassActivity: will set rotation from 180.57532 to 180.50682
08-05 18:51:37.311  8341  8341 D CompassActivity: will set rotation from 180.50682 to 180.5117
08-05 18:51:37.311  8341  8341 D CompassActivity: will set rotation from 180.5117 to 180.5087
08-05 18:51:37.311  8341  8341 D CompassActivity: will set rotation from 180.5087 to 180.51132
08-05 18:51:37.314  8341  8359 I art     : Explicit concurrent mark sweep GC freed 180(9KB) AllocSpace objects, 0(0B) LOS objects, 6% free, 236MB/252MB, paused 1.368ms total 58.149ms
08-05 18:51:37.322  8341  8341 D CompassActivity: will set rotation from 180.51132 to 180.51108
08-05 18:51:37.322  8341  8341 D CompassActivity: will set rotation from 180.51108 to 180.51317
08-05 18:51:37.333  8341  8359 I art     : Starting a blocking GC Explicit
08-05 18:51:37.341  8341  8341 D CompassActivity: will set rotation from 180.51317 to 180.55444
08-05 18:51:37.341  8341  8341 D CompassActivity: will set rotation from 180.55444 to 180.55641
08-05 18:51:37.361  8341  8341 D CompassActivity: will set rotation from 180.55641 to 180.63596
08-05 18:51:37.361  8341  8341 D CompassActivity: will set rotation from 180.63596 to 180.63698
08-05 18:51:37.381  8341  8341 D CompassActivity: will set rotation from 180.63698 to 180.65999
08-05 18:51:37.382   380   380 W SurfaceFlinger: couldn't log to binary event log: overflow.
08-05 18:51:37.382  8341  8341 D CompassActivity: will set rotation from 180.65999 to 180.65843
08-05 18:51:37.383  8341  8359 I art     : Explicit concurrent mark sweep GC freed 208(9KB) AllocSpace objects, 0(0B) LOS objects, 6% free, 236MB/252MB, paused 1.231ms total 49.265ms
08-05 18:51:37.400  8341  8341 D CompassActivity: will set rotation from 180.65843 to 180.68756
08-05 18:51:37.401  8341  8341 D CompassActivity: will set rotation from 180.68756 to 180.68839
08-05 18:51:37.402  8341  8359 I art     : Starting a blocking GC Explicit
08-05 18:51:37.420  8341  8341 D CompassActivity: will set rotation from 180.68839 to 180.71426
08-05 18:51:37.421  8341  8341 D CompassActivity: will set rotation from 180.71426 to 180.71785
08-05 18:51:37.440  8341  8341 D CompassActivity: will set rotation from 180.71785 to 180.74303
08-05 18:51:37.441  8341  8341 D CompassActivity: will set rotation from 180.74303 to 180.74359
08-05 18:51:37.451  8341  8359 I art     : Explicit concurrent mark sweep GC freed 134(6KB) AllocSpace objects, 0(0B) LOS objects, 6% free, 236MB/252MB, paused 1.171ms total 48.744ms
08-05 18:51:37.461  8341  8341 D CompassActivity: will set rotation from 180.74359 to 180.79814
08-05 18:51:37.461  8341  8341 D CompassActivity: will set rotation from 180.79814 to 180.79657
08-05 18:51:37.481  8341  8341 D CompassActivity: will set rotation from 180.79657 to 180.84303
08-05 18:51:37.481  8341  8341 D CompassActivity: will set rotation from 180.84303 to 180.8403
08-05 18:51:37.500  8341  8341 D CompassActivity: will set rotation from 180.8403 to 180.88586
08-05 18:51:37.500  8341  8341 D CompassActivity: will set rotation from 180.88586 to 180.88483
08-05 18:51:37.594  8341  8341 D CompassActivity: will set rotation from 180.88483 to 180.86966
08-05 18:51:37.594  8341  8341 D CompassActivity: will set rotation from 180.86966 to 180.86565
08-05 18:51:37.595  8341  8341 D CompassActivity: will set rotation from 180.86565 to 180.85233
08-05 18:51:37.595  8341  8341 D CompassActivity: will set rotation from 180.85233 to 180.85153
08-05 18:51:37.595  8341  8341 D CompassActivity: will set rotation from 180.85153 to 180.89558
08-05 18:51:37.595  8341  8341 D CompassActivity: will set rotation from 180.89558 to 180.89436
08-05 18:51:37.595  8341  8341 D CompassActivity: will set rotation from 180.89436 to 180.90302
08-05 18:51:37.595  8341  8341 D CompassActivity: will set rotation from 180.90302 to 180.90125
08-05 18:51:37.601  8341  8341 D CompassActivity: will set rotation from 180.90125 to 180.87686
08-05 18:51:37.602  8341  8341 D CompassActivity: will set rotation from 180.87686 to 180.87517
08-05 18:51:37.620  8341  8341 D CompassActivity: will set rotation from 180.87517 to 180.90977
08-05 18:51:37.620  8341  8341 D CompassActivity: will set rotation from 180.90977 to 180.90973
08-05 18:51:37.640  8341  8341 D CompassActivity: will set rotation from 180.90973 to 180.8909
08-05 18:51:37.640  8341  8341 D CompassActivity: will set rotation from 180.8909 to 180.8898
08-05 18:51:37.661  8341  8341 D CompassActivity: will set rotation from 180.8898 to 180.92041
08-05 18:51:37.661  8341  8341 D CompassActivity: will set rotation from 180.92041 to 180.9226
08-05 18:51:37.679  8341  8341 D CompassActivity: will set rotation from 180.9226 to 180.90184
08-05 18:51:37.680  8341  8341 D CompassActivity: will set rotation from 180.90184 to 180.90337
08-05 18:51:37.699  8341  8341 D CompassActivity: will set rotation from 180.90337 to 180.93527
08-05 18:51:37.700  8341  8341 D CompassActivity: will set rotation from 180.93527 to 180.9326
08-05 18:51:37.719  8341  8341 D CompassActivity: will set rotation from 180.9326 to 180.96573
08-05 18:51:37.720  8341  8341 D CompassActivity: will set rotation from 180.96573 to 180.96428
08-05 18:51:37.739  8341  8341 D CompassActivity: will set rotation from 180.96428 to 180.98961
08-05 18:51:37.740  8341  8341 D CompassActivity: will set rotation from 180.98961 to 180.9896
08-05 18:51:37.761  8341  8341 D CompassActivity: will set rotation from 180.9896 to 180.99088
08-05 18:51:37.762  8341  8341 D CompassActivity: will set rotation from 180.99088 to 180.99193
08-05 18:51:37.781  8341  8341 D CompassActivity: will set rotation from 180.99193 to 180.97089
08-05 18:51:37.782  8341  8341 D CompassActivity: will set rotation from 180.97089 to 180.97038
08-05 18:51:37.800  8341  8341 D CompassActivity: will set rotation from 180.97038 to 180.95102
08-05 18:51:37.800  8341  8341 D CompassActivity: will set rotation from 180.95102 to 180.9515
08-05 18:51:37.819  8341  8341 D CompassActivity: will set rotation from 180.9515 to 180.93436
08-05 18:51:37.819  8341  8341 D CompassActivity: will set rotation from 180.93436 to 180.93254
08-05 18:51:37.839  8341  8341 D CompassActivity: will set rotation from 180.93254 to 180.95898
08-05 18:51:37.840  8341  8341 D CompassActivity: will set rotation from 180.95898 to 180.95683
08-05 18:51:37.844  8341  8354 I art     : Starting a blocking GC Explicit
08-05 18:51:37.862  8341  8341 D CompassActivity: will set rotation from 180.95683 to 180.95955
08-05 18:51:37.863  8341  8341 D CompassActivity: will set rotation from 180.95955 to 180.9605
08-05 18:51:37.882  8341  8341 D CompassActivity: will set rotation from 180.9605 to 180.93958
08-05 18:51:37.882  8341  8341 D CompassActivity: will set rotation from 180.93958 to 180.93893
08-05 18:51:37.899  8341  8341 D CompassActivity: will set rotation from 180.93893 to 180.92209
08-05 18:51:37.900  8341  8341 D CompassActivity: will set rotation from 180.92209 to 180.92245
08-05 18:51:37.914  8341  8354 I art     : Explicit concurrent mark sweep GC freed 2081(122KB) AllocSpace objects, 2(48KB) LOS objects, 6% free, 236MB/252MB, paused 1.715ms total 69.289ms
08-05 18:51:37.919  8341  8341 D CompassActivity: will set rotation from 180.92245 to 180.92746
08-05 18:51:37.920  8341  8341 D CompassActivity: will set rotation from 180.92746 to 180.92836
08-05 18:51:37.934  8341  8354 I art     : Starting a blocking GC Explicit
08-05 18:51:37.939  8341  8341 D CompassActivity: will set rotation from 180.92836 to 180.92995
08-05 18:51:37.940  8341  8341 D CompassActivity: will set rotation from 180.92995 to 180.92863
08-05 18:51:37.947  8320  8320 I ServiceManager: Waiting for service AtCmdFwd...
08-05 18:51:37.959  8341  8341 D CompassActivity: will set rotation from 180.92863 to 180.93243
08-05 18:51:37.960  8341  8341 D CompassActivity: will set rotation from 180.93243 to 180.93137
08-05 18:51:37.980  8341  8341 D CompassActivity: will set rotation from 180.93137 to 180.95413
08-05 18:51:37.981  8341  8341 D CompassActivity: will set rotation from 180.95413 to 180.95476
08-05 18:51:38.001  8341  8341 D CompassActivity: will set rotation from 180.95476 to 180.938
08-05 18:51:38.001  8341  8341 D CompassActivity: will set rotation from 180.938 to 180.93782
08-05 18:51:38.001  8341  8354 I art     : Explicit concurrent mark sweep GC freed 746(30KB) AllocSpace objects, 0(0B) LOS objects, 6% free, 236MB/252MB, paused 1.227ms total 66.716ms
08-05 18:51:38.019  8341  8341 D CompassActivity: will set rotation from 180.93782 to 180.94467
08-05 18:51:38.019  8341  8341 D CompassActivity: will set rotation from 180.94467 to 180.94655
08-05 18:51:38.024  8341  8354 I art     : Starting a blocking GC Explicit
08-05 18:51:38.039  8341  8341 D CompassActivity: will set rotation from 180.94655 to 180.99083
08-05 18:51:38.039  8341  8341 D CompassActivity: will set rotation from 180.99083 to 180.99052
08-05 18:51:38.059  8341  8341 D CompassActivity: will set rotation from 180.99052 to 181.01045
08-05 18:51:38.060  8341  8341 D CompassActivity: will set rotation from 181.01045 to 181.01158
08-05 18:51:38.083  8341  8341 D CompassActivity: will set rotation from 181.01158 to 181.03012
08-05 18:51:38.083  8341  8341 D CompassActivity: will set rotation from 181.03012 to 181.0315
08-05 18:51:38.093  8341  8354 I art     : Explicit concurrent mark sweep GC freed 176(9KB) AllocSpace objects, 0(0B) LOS objects, 6% free, 236MB/252MB, paused 1.438ms total 68.295ms
08-05 18:51:38.101  8341  8341 D CompassActivity: will set rotation from 181.0315 to 181.05089
08-05 18:51:38.101  8341  8341 D CompassActivity: will set rotation from 181.05089 to 181.05043
08-05 18:51:38.116  8341  8354 I art     : Starting a blocking GC Explicit
08-05 18:51:38.120  8341  8341 D CompassActivity: will set rotation from 181.05043 to 181.03136
08-05 18:51:38.120  8341  8341 D CompassActivity: will set rotation from 181.03136 to 181.03294
08-05 18:51:38.141  8341  8341 D CompassActivity: will set rotation from 181.03294 to 181.01529
08-05 18:51:38.142  8341  8341 D CompassActivity: will set rotation from 181.01529 to 181.01561
08-05 18:51:38.159  8341  8341 D CompassActivity: will set rotation from 181.01561 to 181.01775
08-05 18:51:38.160  8341  8341 D CompassActivity: will set rotation from 181.01775 to 181.0173
08-05 18:51:38.181  8341  8341 D CompassActivity: will set rotation from 181.0173 to 180.98035
08-05 18:51:38.182  8341  8341 D CompassActivity: will set rotation from 180.98035 to 180.97923
08-05 18:51:38.187  8341  8354 I art     : Explicit concurrent mark sweep GC freed 215(10KB) AllocSpace objects, 0(0B) LOS objects, 6% free, 236MB/252MB, paused 1.312ms total 70.977ms
08-05 18:51:38.200  8341  8341 D CompassActivity: will set rotation from 180.97923 to 180.9826
08-05 18:51:38.200  8341  8341 D CompassActivity: will set rotation from 180.9826 to 180.98262
08-05 18:51:38.210  8341  8354 I art     : Starting a blocking GC Explicit
08-05 18:51:38.218  8341  8341 D CompassActivity: will set rotation from 180.98262 to 181.00073
08-05 18:51:38.219  8341  8341 D CompassActivity: will set rotation from 181.00073 to 181.00032
08-05 18:51:38.239  8341  8341 D CompassActivity: will set rotation from 181.00032 to 181.0199
08-05 18:51:38.240  8341  8341 D CompassActivity: will set rotation from 181.0199 to 181.01848
08-05 18:51:38.258  8341  8341 D CompassActivity: will set rotation from 181.01848 to 181.01944
08-05 18:51:38.259  8341  8341 D CompassActivity: will set rotation from 181.01944 to 181.01917
08-05 18:51:38.279  8341  8354 I art     : Explicit concurrent mark sweep GC freed 204(9KB) AllocSpace objects, 0(0B) LOS objects, 6% free, 236MB/252MB, paused 1.708ms total 68.460ms
08-05 18:51:38.280  8341  8341 D CompassActivity: will set rotation from 181.01917 to 181.01894
08-05 18:51:38.281  8341  8341 D CompassActivity: will set rotation from 181.01894 to 181.01794
08-05 18:51:38.300  8341  8341 D CompassActivity: will set rotation from 181.01794 to 181.03882
08-05 18:51:38.300  8341  8341 D CompassActivity: will set rotation from 181.03882 to 181.04013
08-05 18:51:38.317  8341  8341 D CompassActivity: will set rotation from 181.04013 to 181.07373
08-05 18:51:38.317  8341  8341 D CompassActivity: will set rotation from 181.07373 to 181.07373
08-05 18:51:38.338  8341  8341 D CompassActivity: will set rotation from 181.07373 to 181.07434
08-05 18:51:38.338  8341  8341 D CompassActivity: will set rotation from 181.07434 to 181.07295
08-05 18:51:38.358  8341  8341 D CompassActivity: will set rotation from 181.07295 to 181.02344
08-05 18:51:38.358  8341  8341 D CompassActivity: will set rotation from 181.02344 to 181.02397
08-05 18:51:38.380  8341  8341 D CompassActivity: will set rotation from 181.02397 to 180.9595
08-05 18:51:38.380  8341  8341 D CompassActivity: will set rotation from 180.9595 to 180.96065
08-05 18:51:38.398  8341  8341 D CompassActivity: will set rotation from 180.96065 to 180.98187
08-05 18:51:38.399  8341  8341 D CompassActivity: will set rotation from 180.98187 to 180.98093
08-05 18:51:38.417  8341  8341 D CompassActivity: will set rotation from 180.98093 to 180.98396
08-05 18:51:38.417  8341  8341 D CompassActivity: will set rotation from 180.98396 to 180.9837
08-05 18:51:38.437  8341  8341 D CompassActivity: will set rotation from 180.9837 to 181.00465
08-05 18:51:38.437  8341  8341 D CompassActivity: will set rotation from 181.00465 to 181.004
08-05 18:51:38.457  8341  8341 D CompassActivity: will set rotation from 181.004 to 181.02325
08-05 18:51:38.457  8341  8341 D CompassActivity: will set rotation from 181.02325 to 181.02417
08-05 18:51:38.482  8341  8341 D CompassActivity: will set rotation from 181.02417 to 181.0062
08-05 18:51:38.483  8341  8341 D CompassActivity: will set rotation from 181.0062 to 181.00883
08-05 18:51:38.499  8341  8341 D CompassActivity: will set rotation from 181.00883 to 181.04398
08-05 18:51:38.500  8341  8341 D CompassActivity: will set rotation from 181.04398 to 181.04434
08-05 18:51:38.518  8341  8341 D CompassActivity: will set rotation from 181.04434 to 181.04214
08-05 18:51:38.518  8341  8341 D CompassActivity: will set rotation from 181.04214 to 181.04144
08-05 18:51:38.536  8341  8341 D CompassActivity: will set rotation from 181.04144 to 181.04105
08-05 18:51:38.537  8341  8341 D CompassActivity: will set rotation from 181.04105 to 181.04109
08-05 18:51:38.556  8341  8341 D CompassActivity: will set rotation from 181.04109 to 181.04022
08-05 18:51:38.557  8341  8341 D CompassActivity: will set rotation from 181.04022 to 181.03917
08-05 18:51:38.585   518   646 I ThermalEngine: ACTION: GPU - Setting GPU[0] to 390000000
08-05 18:51:38.586  8341  8341 D CompassActivity: will set rotation from 181.03917 to 181.02155
08-05 18:51:38.587  8341  8341 D CompassActivity: will set rotation from 181.02155 to 181.0199
08-05 18:51:38.600  8341  8341 D CompassActivity: will set rotation from 181.0199 to 181.00082
08-05 18:51:38.601  8341  8341 D CompassActivity: will set rotation from 181.00082 to 180.99968
08-05 18:51:38.623  8341  8341 D CompassActivity: will set rotation from 180.99968 to 181.01758
08-05 18:51:38.623  8341  8341 D CompassActivity: will set rotation from 181.01758 to 181.01736
08-05 18:51:38.637  8341  8341 D CompassActivity: will set rotation from 181.01736 to 181.01744
08-05 18:51:38.637  8341  8341 D CompassActivity: will set rotation from 181.01744 to 181.01654
08-05 18:51:38.658  8341  8341 D CompassActivity: will set rotation from 181.01654 to 181.01662
08-05 18:51:38.658  8341  8341 D CompassActivity: will set rotation from 181.01662 to 181.01503
08-05 18:51:38.682  8341  8341 D CompassActivity: will set rotation from 181.01503 to 180.99997
08-05 18:51:38.683  8341  8341 D CompassActivity: will set rotation from 180.99997 to 181.00099
08-05 18:51:38.699  8341  8341 D CompassActivity: will set rotation from 181.00099 to 181.00058
08-05 18:51:38.699  8341  8341 D CompassActivity: will set rotation from 181.00058 to 181.0012
08-05 18:51:38.717  8341  8341 D CompassActivity: will set rotation from 181.0012 to 181.002
08-05 18:51:38.717  8341  8341 D CompassActivity: will set rotation from 181.002 to 181.00356
08-05 18:51:38.736  8341  8341 D CompassActivity: will set rotation from 181.00356 to 181.0188
08-05 18:51:38.737  8341  8341 D CompassActivity: will set rotation from 181.0188 to 181.01965
08-05 18:51:38.756  8341  8341 D CompassActivity: will set rotation from 181.01965 to 181.0383
08-05 18:51:38.757  8341  8341 D CompassActivity: will set rotation from 181.0383 to 181.03847
08-05 18:51:38.776  8341  8341 D CompassActivity: will set rotation from 181.03847 to 181.05391
08-05 18:51:38.783  8341  8341 D CompassActivity: will set rotation from 181.05391 to 181.05304
08-05 18:51:38.787  8341 10088 I art     : Starting a blocking GC Explicit
08-05 18:51:38.799  8341  8341 D CompassActivity: will set rotation from 181.05304 to 181.03723
08-05 18:51:38.800  8341  8341 D CompassActivity: will set rotation from 181.03723 to 181.03844
08-05 18:51:38.818  8341  8341 D CompassActivity: will set rotation from 181.03844 to 181.02036
08-05 18:51:38.818  8341  8341 D CompassActivity: will set rotation from 181.02036 to 181.01881
08-05 18:51:38.835  8341  8341 D CompassActivity: will set rotation from 181.01881 to 181.00388
08-05 18:51:38.835  8341  8341 D CompassActivity: will set rotation from 181.00388 to 181.00272
08-05 18:51:38.856  8341  8341 D CompassActivity: will set rotation from 181.00272 to 181.00491
08-05 18:51:38.856  8341  8341 D CompassActivity: will set rotation from 181.00491 to 181.00517
08-05 18:51:38.875  8341  8341 D CompassActivity: will set rotation from 181.00517 to 181.00612
08-05 18:51:38.875  8341  8341 D CompassActivity: will set rotation from 181.00612 to 181.00702
08-05 18:51:38.892  8341 10088 I art     : Explicit concurrent mark sweep GC freed 2189(129KB) AllocSpace objects, 2(48KB) LOS objects, 6% free, 236MB/252MB, paused 2.443ms total 104.090ms
08-05 18:51:38.901  8341  8341 D CompassActivity: will set rotation from 181.00702 to 180.99014
08-05 18:51:38.901  8341  8341 D CompassActivity: will set rotation from 180.99014 to 180.98796
08-05 18:51:38.920  8341  8341 D CompassActivity: will set rotation from 180.98796 to 180.98941
08-05 18:51:38.920  8341  8341 D CompassActivity: will set rotation from 180.98941 to 180.98888
08-05 18:51:38.926  8341 10088 I art     : Starting a blocking GC Explicit
08-05 18:51:38.937  8341  8341 D CompassActivity: will set rotation from 180.98888 to 180.97618
08-05 18:51:38.937  8341  8341 D CompassActivity: will set rotation from 180.97618 to 180.97675
08-05 18:51:38.948  8320  8320 W Atfwd_Sendcmd: AtCmdFwd service not published, waiting... retryCnt : 3
08-05 18:51:38.956  8341  8341 D CompassActivity: will set rotation from 180.97675 to 180.98026
08-05 18:51:38.956  8341  8341 D CompassActivity: will set rotation from 180.98026 to 180.98079
08-05 18:51:38.975  8341  8341 D CompassActivity: will set rotation from 180.98079 to 180.99936
08-05 18:51:38.975  8341  8341 D CompassActivity: will set rotation from 180.99936 to 181.00053
08-05 18:51:38.999  8341  8341 D CompassActivity: will set rotation from 181.00053 to 181.016
08-05 18:51:39.000  8341  8341 D CompassActivity: will set rotation from 181.016 to 181.01518
08-05 18:51:39.012  8341 10088 I art     : Explicit concurrent mark sweep GC freed 995(40KB) AllocSpace objects, 0(0B) LOS objects, 6% free, 236MB/252MB, paused 2.687ms total 85.844ms
08-05 18:51:39.021  8341  8341 D CompassActivity: will set rotation from 181.01518 to 181.03154
08-05 18:51:39.022  8341  8341 D CompassActivity: will set rotation from 181.03154 to 181.03206
08-05 18:51:39.037  8341  8341 D CompassActivity: will set rotation from 181.03206 to 181.03384
08-05 18:51:39.038  8341  8341 D CompassActivity: will set rotation from 181.03384 to 181.03505
08-05 18:51:39.046  8341 10088 I art     : Starting a blocking GC Explicit
08-05 18:51:39.055  8341  8341 D CompassActivity: will set rotation from 181.03505 to 181.04944
08-05 18:51:39.055  8341  8341 D CompassActivity: will set rotation from 181.04944 to 181.04831
08-05 18:51:39.075  8341  8341 D CompassActivity: will set rotation from 181.04831 to 181.04683
08-05 18:51:39.076  8341  8341 D CompassActivity: will set rotation from 181.04683 to 181.04648
08-05 18:51:39.104  8341  8341 D CompassActivity: will set rotation from 181.04648 to 181.0461
08-05 18:51:39.105  8341  8341 D CompassActivity: will set rotation from 181.0461 to 181.04599
08-05 18:51:39.116  8341  8341 D CompassActivity: will set rotation from 181.04599 to 181.04637
08-05 18:51:39.117  8341  8341 D CompassActivity: will set rotation from 181.04637 to 181.04663
08-05 18:51:39.138  8341  8341 D CompassActivity: will set rotation from 181.04663 to 181.01715
08-05 18:51:39.138  8341  8341 D CompassActivity: will set rotation from 181.01715 to 181.01575
08-05 18:51:39.140  8341 10088 I art     : Explicit concurrent mark sweep GC freed 270(13KB) AllocSpace objects, 0(0B) LOS objects, 6% free, 236MB/252MB, paused 2.373ms total 93.884ms
08-05 18:51:39.156  8341  8341 D CompassActivity: will set rotation from 181.01575 to 181.01761
08-05 18:51:39.157  8341  8341 D CompassActivity: will set rotation from 181.01761 to 181.01756
08-05 18:51:39.174  8341 10088 I art     : Starting a blocking GC Explicit
08-05 18:51:39.175  8341  8341 D CompassActivity: will set rotation from 181.01756 to 181.03355
08-05 18:51:39.175  8341  8341 D CompassActivity: will set rotation from 181.03355 to 181.03339
08-05 18:51:39.194  8341  8341 D CompassActivity: will set rotation from 181.03339 to 181.01762
08-05 18:51:39.194  8341  8341 D CompassActivity: will set rotation from 181.01762 to 181.01851
08-05 18:51:39.216  8341  8341 D CompassActivity: will set rotation from 181.01851 to 181.03508
08-05 18:51:39.217  8341  8341 D CompassActivity: will set rotation from 181.03508 to 181.03502
08-05 18:51:39.236  8341  8341 D CompassActivity: will set rotation from 181.03502 to 181.05116
08-05 18:51:39.236  8341  8341 D CompassActivity: will set rotation from 181.05116 to 181.05078
08-05 18:51:39.257  8341  8341 D CompassActivity: will set rotation from 181.05078 to 181.05162
08-05 18:51:39.258  8341  8341 D CompassActivity: will set rotation from 181.05162 to 181.0515
08-05 18:51:39.259  8341 10088 I art     : Explicit concurrent mark sweep GC freed 283(13KB) AllocSpace objects, 0(0B) LOS objects, 6% free, 236MB/252MB, paused 2.870ms total 85.342ms
08-05 18:51:39.274  8341  8341 D CompassActivity: will set rotation from 181.0515 to 181.05037
08-05 18:51:39.275  8341  8341 D CompassActivity: will set rotation from 181.05037 to 181.05013
08-05 18:51:39.293  8341 10088 I art     : Starting a blocking GC Explicit
08-05 18:51:39.294  8341  8341 D CompassActivity: will set rotation from 181.05013 to 181.03552
08-05 18:51:39.295  8341  8341 D CompassActivity: will set rotation from 181.03552 to 181.03534
08-05 18:51:39.319  8341  8341 D CompassActivity: will set rotation from 181.03534 to 181.05006
08-05 18:51:39.319  8341  8341 D CompassActivity: will set rotation from 181.05006 to 181.04832
08-05 18:51:39.337  8341  8341 D CompassActivity: will set rotation from 181.04832 to 181.04732
08-05 18:51:39.337  8341  8341 D CompassActivity: will set rotation from 181.04732 to 181.0466
08-05 18:51:39.354  8341  8341 D CompassActivity: will set rotation from 181.0466 to 181.01758
08-05 18:51:39.355  8341  8341 D CompassActivity: will set rotation from 181.01758 to 181.01735
08-05 18:51:39.374  8341  8341 D CompassActivity: will set rotation from 181.01735 to 181.0323
08-05 18:51:39.375  8341  8341 D CompassActivity: will set rotation from 181.0323 to 181.0321
08-05 18:51:39.385  8341 10088 I art     : Explicit concurrent mark sweep GC freed 329(15KB) AllocSpace objects, 0(0B) LOS objects, 6% free, 236MB/252MB, paused 3.444ms total 91.466ms
08-05 18:51:39.393  8341  8341 D CompassActivity: will set rotation from 181.0321 to 181.04631
08-05 18:51:39.394  8341  8341 D CompassActivity: will set rotation from 181.04631 to 181.0459
08-05 18:51:39.417  8341  8341 D CompassActivity: will set rotation from 181.0459 to 181.0454
08-05 18:51:39.418  8341  8341 D CompassActivity: will set rotation from 181.0454 to 181.04471
08-05 18:51:39.436  8341  8341 D CompassActivity: will set rotation from 181.04471 to 181.02867
08-05 18:51:39.437  8341  8341 D CompassActivity: will set rotation from 181.02867 to 181.028
08-05 18:51:39.454  8341  8341 D CompassActivity: will set rotation from 181.028 to 181.0427
08-05 18:51:39.454  8341  8341 D CompassActivity: will set rotation from 181.0427 to 181.0421
08-05 18:51:39.473  8341  8341 D CompassActivity: will set rotation from 181.0421 to 181.02707
08-05 18:51:39.474  8341  8341 D CompassActivity: will set rotation from 181.02707 to 181.02718
08-05 18:51:39.483 10752 10752 D AndroidRuntime: >>>>>> START com.android.internal.os.RuntimeInit uid 2000 <<<<<<
08-05 18:51:39.492 10752 10752 D AndroidRuntime: CheckJNI is OFF
08-05 18:51:39.494  8341  8341 D CompassActivity: will set rotation from 181.02718 to 181.02803
08-05 18:51:39.494  8341  8341 D CompassActivity: will set rotation from 181.02803 to 181.02773
08-05 18:51:39.523  8341  8341 D CompassActivity: will set rotation from 181.02773 to 181.01491
08-05 18:51:39.524  8341  8341 D CompassActivity: will set rotation from 181.01491 to 181.01563
08-05 18:51:39.536  8341  8341 D CompassActivity: will set rotation from 181.01563 to 181.0302
08-05 18:51:39.538  8341  8341 D CompassActivity: will set rotation from 181.0302 to 181.03027
08-05 18:51:39.553  8341  8341 D CompassActivity: will set rotation from 181.03027 to 181.01456
08-05 18:51:39.553  8341  8341 D CompassActivity: will set rotation from 181.01456 to 181.01566
08-05 18:51:39.572  8341  8341 D CompassActivity: will set rotation from 181.01566 to 181.00015
08-05 18:51:39.573  8341  8341 D CompassActivity: will set rotation from 181.00015 to 181.00116
08-05 18:51:39.579 10752 10752 D ICU     : No timezone override file found: /data/misc/zoneinfo/current/icu/icu_tzdata.dat
08-05 18:51:39.592  8341  8341 D CompassActivity: will set rotation from 181.00116 to 181.00104
08-05 18:51:39.593  8341  8341 D CompassActivity: will set rotation from 181.00104 to 181.00168
08-05 18:51:39.615  8341  8341 D CompassActivity: will set rotation from 181.00168 to 181.00046
08-05 18:51:39.615  8341  8341 D CompassActivity: will set rotation from 181.00046 to 180.99911
08-05 18:51:39.630 10752 10752 I Radio-JNI: register_android_hardware_Radio DONE
08-05 18:51:39.634  8341  8341 D CompassActivity: will set rotation from 180.99911 to 181.01546
08-05 18:51:39.634  8341  8341 D CompassActivity: will set rotation from 181.01546 to 181.01678
08-05 18:51:39.651  8341  8341 D CompassActivity: will set rotation from 181.01678 to 181.01703
08-05 18:51:39.652  8341  8341 D CompassActivity: will set rotation from 181.01703 to 181.01761
08-05 18:51:39.663 10752 10752 D AndroidRuntime: Calling main entry com.android.commands.input.Input
08-05 18:51:39.665 10752 10752 I Input   : injectKeyEvent: KeyEvent { action=ACTION_DOWN, keyCode=KEYCODE_BACK, scanCode=0, metaState=0, flags=0x0, repeatCount=0, eventTime=816716078, downTime=816716078, deviceId=-1, source=0x101 }
08-05 18:51:39.672  8341  8341 D CompassActivity: will set rotation from 181.01761 to 181.03244
08-05 18:51:39.672  8341  8341 D CompassActivity: will set rotation from 181.03244 to 181.03337
08-05 18:51:39.679 10752 10752 I Input   : injectKeyEvent: KeyEvent { action=ACTION_UP, keyCode=KEYCODE_BACK, scanCode=0, metaState=0, flags=0x0, repeatCount=0, eventTime=816716078, downTime=816716078, deviceId=-1, source=0x101 }
08-05 18:51:39.698  8341  8341 D CompassActivity: will set rotation from 181.03337 to 181.01558
08-05 18:51:39.698  8341  8341 D CompassActivity: will set rotation from 181.01558 to 181.01607
08-05 18:51:39.699 10752 10752 D AndroidRuntime: Shutting down VM
08-05 18:51:39.702   918  3359 I sensors : activate
08-05 18:51:39.703   918  5132 I sensors : activate
08-05 18:51:39.719   918  3188 I hubconnection: sensorhub said: 'activate 1 enable:0'
08-05 18:51:39.720   918  3188 I hubconnection: sensorhub said: 'activate 3 enable:0'
08-05 18:51:39.728  8341  8341 V MainActivity: url = https://project-travel-mate.herokuapp.com/api/number-of-unread-notifications
08-05 18:51:39.824  8341  8359 I art     : Starting a blocking GC Explicit
08-05 18:51:39.871 13866 13866 I GoogleInputMethodServic: GoogleInputMethodService.onFinishInput():3138 
08-05 18:51:39.872 13866 13866 I GoogleInputMethodServic: GoogleInputMethodService.onStartInput():1808 
08-05 18:51:39.903  8341  8359 I art     : Explicit concurrent mark sweep GC freed 2496(137KB) AllocSpace objects, 2(48KB) LOS objects, 6% free, 236MB/252MB, paused 1.907ms total 77.474ms
08-05 18:51:39.929  8341  8359 I art     : Starting a blocking GC Explicit
08-05 18:51:39.990  8341  8359 I art     : Explicit concurrent mark sweep GC freed 624(25KB) AllocSpace objects, 0(0B) LOS objects, 6% free, 236MB/252MB, paused 1.778ms total 60.724ms
08-05 18:51:40.014  8341  8359 I art     : Starting a blocking GC Explicit
08-05 18:51:40.080  8341  8359 I art     : Explicit concurrent mark sweep GC freed 11(448B) AllocSpace objects, 0(0B) LOS objects, 6% free, 236MB/252MB, paused 1.887ms total 65.737ms
08-05 18:51:40.106  8341  8359 I art     : Starting a blocking GC Explicit
08-05 18:51:40.161  8341  8341 D CompassActivity: stop compass
08-05 18:51:40.162   380   380 W SurfaceFlinger: couldn't log to binary event log: overflow.
08-05 18:51:40.173  8341  8359 I art     : Explicit concurrent mark sweep GC freed 10(320B) AllocSpace objects, 0(0B) LOS objects, 6% free, 236MB/252MB, paused 2.022ms total 67.582ms
08-05 18:51:40.198  8341  8359 I art     : Starting a blocking GC Explicit
08-05 18:51:40.265  8341  8359 I art     : Explicit concurrent mark sweep GC freed 15(704B) AllocSpace objects, 0(0B) LOS objects, 6% free, 236MB/252MB, paused 2.131ms total 67.053ms
08-05 18:51:40.626  8341 10775 I NAPPA_EXPERIMENTATION: MetricNetworkRequestExecutionTime: REQUEST_DURATION_SYSTEM='895',REQUEST_DURATION_OKHTTP='40',REQUEST_SYNCHRONOUS='FALSE',RESPONSE_CODE='200',RESPONSE_METHOD='GET',RESPONSE_LENGTH_OKHTTP='36',RESPONSE_LENGTH_HEADER='36',REQUEST_PROTOCOL='http/1.1',REQUEST_URL='https://project-travel-mate.herokuapp.com/api/number-of-unread-notifications',
08-05 18:51:40.738  8341  8619 I art     : Starting a blocking GC Explicit
08-05 18:51:40.852  8341  8619 I art     : Explicit concurrent mark sweep GC freed 5736(324KB) AllocSpace objects, 8(52MB) LOS objects, 7% free, 184MB/200MB, paused 2.333ms total 113.719ms
08-05 18:51:40.881  8341  8619 I art     : Starting a blocking GC Explicit
08-05 18:51:40.953  8341  8619 I art     : Explicit concurrent mark sweep GC freed 962(117KB) AllocSpace objects, 0(0B) LOS objects, 7% free, 184MB/200MB, paused 2.052ms total 71.878ms
08-05 18:51:40.980  8341  8619 I art     : Starting a blocking GC Explicit
08-05 18:51:41.048  8341  8619 I art     : Explicit concurrent mark sweep GC freed 3(96B) AllocSpace objects, 0(0B) LOS objects, 7% free, 184MB/200MB, paused 1.857ms total 67.562ms
08-05 18:51:41.074  8341  8619 I art     : Starting a blocking GC Explicit
08-05 18:51:41.144  8341  8619 I art     : Explicit concurrent mark sweep GC freed 3(96B) AllocSpace objects, 0(0B) LOS objects, 7% free, 184MB/200MB, paused 2.002ms total 69.717ms
08-05 18:51:41.170  8341  8619 I art     : Starting a blocking GC Explicit
08-05 18:51:41.240  8341  8619 I art     : Explicit concurrent mark sweep GC freed 3(96B) AllocSpace objects, 0(0B) LOS objects, 7% free, 184MB/200MB, paused 2.098ms total 69.938ms
08-05 18:51:41.590 10787 10787 D AndroidRuntime: >>>>>> START com.android.internal.os.RuntimeInit uid 2000 <<<<<<
08-05 18:51:41.598 10787 10787 D AndroidRuntime: CheckJNI is OFF
08-05 18:51:41.656 10787 10787 D ICU     : No timezone override file found: /data/misc/zoneinfo/current/icu/icu_tzdata.dat
08-05 18:51:41.697  8341  8353 I art     : Starting a blocking GC Explicit
08-05 18:51:41.700 10787 10787 I Radio-JNI: register_android_hardware_Radio DONE
08-05 18:51:41.733 10787 10787 D AndroidRuntime: Calling main entry com.android.commands.input.Input
08-05 18:51:41.735 10787 10787 I Input   : injectMotionEvent: MotionEvent { action=ACTION_DOWN, actionButton=0, id[0]=0, x[0]=500.0, y[0]=2000.0, toolType[0]=TOOL_TYPE_UNKNOWN, buttonState=0, metaState=0, flags=0x0, edgeFlags=0x0, pointerCount=1, historySize=0, eventTime=816718147, downTime=816718147, deviceId=0, source=0x1002 }
08-05 18:51:41.742 10787 10787 I Input   : injectMotionEvent: MotionEvent { action=ACTION_MOVE, actionButton=0, id[0]=0, x[0]=500.0, y[0]=2000.0, toolType[0]=TOOL_TYPE_UNKNOWN, buttonState=0, metaState=0, flags=0x0, edgeFlags=0x0, pointerCount=1, historySize=0, eventTime=816718147, downTime=816718147, deviceId=0, source=0x1002 }
08-05 18:51:41.748 10787 10787 I Input   : injectMotionEvent: MotionEvent { action=ACTION_MOVE, actionButton=0, id[0]=0, x[0]=500.0, y[0]=1973.4, toolType[0]=TOOL_TYPE_UNKNOWN, buttonState=0, metaState=0, flags=0x0, edgeFlags=0x0, pointerCount=1, historySize=0, eventTime=816718161, downTime=816718161, deviceId=0, source=0x1002 }
08-05 18:51:41.768 10787 10787 I Input   : injectMotionEvent: MotionEvent { action=ACTION_MOVE, actionButton=0, id[0]=0, x[0]=500.0, y[0]=1935.4, toolType[0]=TOOL_TYPE_UNKNOWN, buttonState=0, metaState=0, flags=0x0, edgeFlags=0x0, pointerCount=1, historySize=0, eventTime=816718181, downTime=816718181, deviceId=0, source=0x1002 }
08-05 18:51:41.768  8341  8353 I art     : Explicit concurrent mark sweep GC freed 1647(93KB) AllocSpace objects, 2(48KB) LOS objects, 7% free, 184MB/200MB, paused 2.039ms total 70.647ms
08-05 18:51:41.793 10787 10787 I Input   : injectMotionEvent: MotionEvent { action=ACTION_MOVE, actionButton=0, id[0]=0, x[0]=500.0, y[0]=1887.9, toolType[0]=TOOL_TYPE_UNKNOWN, buttonState=0, metaState=0, flags=0x0, edgeFlags=0x0, pointerCount=1, historySize=0, eventTime=816718206, downTime=816718206, deviceId=0, source=0x1002 }
08-05 18:51:41.797  8341  8353 I art     : Starting a blocking GC Explicit
08-05 18:51:41.815 10787 10787 I Input   : injectMotionEvent: MotionEvent { action=ACTION_MOVE, actionButton=0, id[0]=0, x[0]=500.0, y[0]=1846.1, toolType[0]=TOOL_TYPE_UNKNOWN, buttonState=0, metaState=0, flags=0x0, edgeFlags=0x0, pointerCount=1, historySize=0, eventTime=816718228, downTime=816718228, deviceId=0, source=0x1002 }
08-05 18:51:41.837 10787 10787 I Input   : injectMotionEvent: MotionEvent { action=ACTION_MOVE, actionButton=0, id[0]=0, x[0]=500.0, y[0]=1806.2, toolType[0]=TOOL_TYPE_UNKNOWN, buttonState=0, metaState=0, flags=0x0, edgeFlags=0x0, pointerCount=1, historySize=0, eventTime=816718249, downTime=816718249, deviceId=0, source=0x1002 }
08-05 18:51:41.850 10787 10787 I Input   : injectMotionEvent: MotionEvent { action=ACTION_MOVE, actionButton=0, id[0]=0, x[0]=500.0, y[0]=1779.6, toolType[0]=TOOL_TYPE_UNKNOWN, buttonState=0, metaState=0, flags=0x0, edgeFlags=0x0, pointerCount=1, historySize=0, eventTime=816718263, downTime=816718263, deviceId=0, source=0x1002 }
08-05 18:51:41.873 10787 10787 I Input   : injectMotionEvent: MotionEvent { action=ACTION_MOVE, actionButton=0, id[0]=0, x[0]=500.0, y[0]=1735.9, toolType[0]=TOOL_TYPE_UNKNOWN, buttonState=0, metaState=0, flags=0x0, edgeFlags=0x0, pointerCount=1, historySize=0, eventTime=816718286, downTime=816718286, deviceId=0, source=0x1002 }
08-05 18:51:41.882 10787 10787 I Input   : injectMotionEvent: MotionEvent { action=ACTION_MOVE, actionButton=0, id[0]=0, x[0]=500.0, y[0]=1718.8, toolType[0]=TOOL_TYPE_UNKNOWN, buttonState=0, metaState=0, flags=0x0, edgeFlags=0x0, pointerCount=1, historySize=0, eventTime=816718295, downTime=816718295, deviceId=0, source=0x1002 }
08-05 18:51:41.895  8341  8353 I art     : Explicit concurrent mark sweep GC freed 90(3KB) AllocSpace objects, 0(0B) LOS objects, 7% free, 184MB/200MB, paused 6.781ms total 97.725ms
08-05 18:51:41.899 10787 10787 I Input   : injectMotionEvent: MotionEvent { action=ACTION_MOVE, actionButton=0, id[0]=0, x[0]=500.0, y[0]=1686.5, toolType[0]=TOOL_TYPE_UNKNOWN, buttonState=0, metaState=0, flags=0x0, edgeFlags=0x0, pointerCount=1, historySize=0, eventTime=816718312, downTime=816718312, deviceId=0, source=0x1002 }
08-05 18:51:41.919 10787 10787 I Input   : injectMotionEvent: MotionEvent { action=ACTION_MOVE, actionButton=0, id[0]=0, x[0]=500.0, y[0]=1648.5, toolType[0]=TOOL_TYPE_UNKNOWN, buttonState=0, metaState=0, flags=0x0, edgeFlags=0x0, pointerCount=1, historySize=0, eventTime=816718332, downTime=816718332, deviceId=0, source=0x1002 }
08-05 18:51:41.938  8341  8353 I art     : Starting a blocking GC Explicit
08-05 18:51:41.942 10787 10787 I Input   : injectMotionEvent: MotionEvent { action=ACTION_MOVE, actionButton=0, id[0]=0, x[0]=500.0, y[0]=1604.8, toolType[0]=TOOL_TYPE_UNKNOWN, buttonState=0, metaState=0, flags=0x0, edgeFlags=0x0, pointerCount=1, historySize=0, eventTime=816718355, downTime=816718355, deviceId=0, source=0x1002 }
08-05 18:51:41.951 10787 10787 I Input   : injectMotionEvent: MotionEvent { action=ACTION_MOVE, actionButton=0, id[0]=0, x[0]=500.0, y[0]=1587.7, toolType[0]=TOOL_TYPE_UNKNOWN, buttonState=0, metaState=0, flags=0x0, edgeFlags=0x0, pointerCount=1, historySize=0, eventTime=816718364, downTime=816718364, deviceId=0, source=0x1002 }
08-05 18:51:41.971 10787 10787 I Input   : injectMotionEvent: MotionEvent { action=ACTION_MOVE, actionButton=0, id[0]=0, x[0]=500.0, y[0]=1549.7, toolType[0]=TOOL_TYPE_UNKNOWN, buttonState=0, metaState=0, flags=0x0, edgeFlags=0x0, pointerCount=1, historySize=0, eventTime=816718384, downTime=816718384, deviceId=0, source=0x1002 }
08-05 18:51:41.983 10787 10787 I Input   : injectMotionEvent: MotionEvent { action=ACTION_MOVE, actionButton=0, id[0]=0, x[0]=500.0, y[0]=1526.9, toolType[0]=TOOL_TYPE_UNKNOWN, buttonState=0, metaState=0, flags=0x0, edgeFlags=0x0, pointerCount=1, historySize=0, eventTime=816718396, downTime=816718396, deviceId=0, source=0x1002 }
08-05 18:51:42.000 10787 10787 I Input   : injectMotionEvent: MotionEvent { action=ACTION_MOVE, actionButton=0, id[0]=0, x[0]=500.0, y[0]=1494.6, toolType[0]=TOOL_TYPE_UNKNOWN, buttonState=0, metaState=0, flags=0x0, edgeFlags=0x0, pointerCount=1, historySize=0, eventTime=816718413, downTime=816718413, deviceId=0, source=0x1002 }
08-05 18:51:42.019 10787 10787 I Input   : injectMotionEvent: MotionEvent { action=ACTION_MOVE, actionButton=0, id[0]=0, x[0]=500.0, y[0]=1458.5, toolType[0]=TOOL_TYPE_UNKNOWN, buttonState=0, metaState=0, flags=0x0, edgeFlags=0x0, pointerCount=1, historySize=0, eventTime=816718432, downTime=816718432, deviceId=0, source=0x1002 }
08-05 18:51:42.029  8341  8353 I art     : Explicit concurrent mark sweep GC freed 26(1136B) AllocSpace objects, 0(0B) LOS objects, 7% free, 184MB/200MB, paused 2.887ms total 89.597ms
08-05 18:51:42.035 10787 10787 I Input   : injectMotionEvent: MotionEvent { action=ACTION_MOVE, actionButton=0, id[0]=0, x[0]=500.0, y[0]=1428.1, toolType[0]=TOOL_TYPE_UNKNOWN, buttonState=0, metaState=0, flags=0x0, edgeFlags=0x0, pointerCount=1, historySize=0, eventTime=816718448, downTime=816718448, deviceId=0, source=0x1002 }
08-05 18:51:42.050 10787 10787 I Input   : injectMotionEvent: MotionEvent { action=ACTION_MOVE, actionButton=0, id[0]=0, x[0]=500.0, y[0]=1399.6, toolType[0]=TOOL_TYPE_UNKNOWN, buttonState=0, metaState=0, flags=0x0, edgeFlags=0x0, pointerCount=1, historySize=0, eventTime=816718463, downTime=816718463, deviceId=0, source=0x1002 }
08-05 18:51:42.059  8341  8353 I art     : Starting a blocking GC Explicit
08-05 18:51:42.072 10787 10787 I Input   : injectMotionEvent: MotionEvent { action=ACTION_MOVE, actionButton=0, id[0]=0, x[0]=500.0, y[0]=1355.9, toolType[0]=TOOL_TYPE_UNKNOWN, buttonState=0, metaState=0, flags=0x0, edgeFlags=0x0, pointerCount=1, historySize=0, eventTime=816718486, downTime=816718486, deviceId=0, source=0x1002 }
08-05 18:51:42.083 10787 10787 I Input   : injectMotionEvent: MotionEvent { action=ACTION_MOVE, actionButton=0, id[0]=0, x[0]=500.0, y[0]=1336.8999, toolType[0]=TOOL_TYPE_UNKNOWN, buttonState=0, metaState=0, flags=0x0, edgeFlags=0x0, pointerCount=1, historySize=0, eventTime=816718496, downTime=816718496, deviceId=0, source=0x1002 }
08-05 18:51:42.104 10787 10787 I Input   : injectMotionEvent: MotionEvent { action=ACTION_MOVE, actionButton=0, id[0]=0, x[0]=500.0, y[0]=1297.0, toolType[0]=TOOL_TYPE_UNKNOWN, buttonState=0, metaState=0, flags=0x0, edgeFlags=0x0, pointerCount=1, historySize=0, eventTime=816718517, downTime=816718517, deviceId=0, source=0x1002 }
08-05 18:51:42.115 10787 10787 I Input   : injectMotionEvent: MotionEvent { action=ACTION_MOVE, actionButton=0, id[0]=0, x[0]=500.0, y[0]=1274.2, toolType[0]=TOOL_TYPE_UNKNOWN, buttonState=0, metaState=0, flags=0x0, edgeFlags=0x0, pointerCount=1, historySize=0, eventTime=816718529, downTime=816718529, deviceId=0, source=0x1002 }
08-05 18:51:42.132 10787 10787 I Input   : injectMotionEvent: MotionEvent { action=ACTION_MOVE, actionButton=0, id[0]=0, x[0]=500.0, y[0]=1243.8, toolType[0]=TOOL_TYPE_UNKNOWN, buttonState=0, metaState=0, flags=0x0, edgeFlags=0x0, pointerCount=1, historySize=0, eventTime=816718545, downTime=816718545, deviceId=0, source=0x1002 }
08-05 18:51:42.149  8341  8353 I art     : Explicit concurrent mark sweep GC freed 14(720B) AllocSpace objects, 0(0B) LOS objects, 7% free, 184MB/200MB, paused 2.039ms total 88.703ms
08-05 18:51:42.151 10787 10787 I Input   : injectMotionEvent: MotionEvent { action=ACTION_MOVE, actionButton=0, id[0]=0, x[0]=500.0, y[0]=1207.7, toolType[0]=TOOL_TYPE_UNKNOWN, buttonState=0, metaState=0, flags=0x0, edgeFlags=0x0, pointerCount=1, historySize=0, eventTime=816718564, downTime=816718564, deviceId=0, source=0x1002 }
08-05 18:51:42.177  8341  8353 I art     : Starting a blocking GC Explicit
08-05 18:51:42.224 10787 10787 I Input   : injectMotionEvent: MotionEvent { action=ACTION_MOVE, actionButton=0, id[0]=0, x[0]=500.0, y[0]=1067.1001, toolType[0]=TOOL_TYPE_UNKNOWN, buttonState=0, metaState=0, flags=0x0, edgeFlags=0x0, pointerCount=1, historySize=0, eventTime=816718638, downTime=816718638, deviceId=0, source=0x1002 }
08-05 18:51:42.241  8341  8353 I art     : Explicit concurrent mark sweep GC freed 21(912B) AllocSpace objects, 0(0B) LOS objects, 7% free, 184MB/200MB, paused 1.738ms total 63.518ms
08-05 18:51:42.292 10787 10787 I Input   : injectMotionEvent: MotionEvent { action=ACTION_MOVE, actionButton=0, id[0]=0, x[0]=500.0, y[0]=939.7999, toolType[0]=TOOL_TYPE_UNKNOWN, buttonState=0, metaState=0, flags=0x0, edgeFlags=0x0, pointerCount=1, historySize=0, eventTime=816718705, downTime=816718705, deviceId=0, source=0x1002 }
08-05 18:51:42.357 10787 10787 I Input   : injectMotionEvent: MotionEvent { action=ACTION_MOVE, actionButton=0, id[0]=0, x[0]=500.0, y[0]=814.4, toolType[0]=TOOL_TYPE_UNKNOWN, buttonState=0, metaState=0, flags=0x0, edgeFlags=0x0, pointerCount=1, historySize=0, eventTime=816718771, downTime=816718771, deviceId=0, source=0x1002 }
08-05 18:51:42.416 10787 10787 I Input   : injectMotionEvent: MotionEvent { action=ACTION_MOVE, actionButton=0, id[0]=0, x[0]=500.0, y[0]=704.2001, toolType[0]=TOOL_TYPE_UNKNOWN, buttonState=0, metaState=0, flags=0x0, edgeFlags=0x0, pointerCount=1, historySize=0, eventTime=816718829, downTime=816718829, deviceId=0, source=0x1002 }
08-05 18:51:42.476 10787 10787 I Input   : injectMotionEvent: MotionEvent { action=ACTION_MOVE, actionButton=0, id[0]=0, x[0]=500.0, y[0]=590.2001, toolType[0]=TOOL_TYPE_UNKNOWN, buttonState=0, metaState=0, flags=0x0, edgeFlags=0x0, pointerCount=1, historySize=0, eventTime=816718889, downTime=816718889, deviceId=0, source=0x1002 }
08-05 18:51:42.544 10787 10787 I Input   : injectMotionEvent: MotionEvent { action=ACTION_MOVE, actionButton=0, id[0]=0, x[0]=500.0, y[0]=461.0, toolType[0]=TOOL_TYPE_UNKNOWN, buttonState=0, metaState=0, flags=0x0, edgeFlags=0x0, pointerCount=1, historySize=0, eventTime=816718957, downTime=816718957, deviceId=0, source=0x1002 }
08-05 18:51:42.614 10787 10787 I Input   : injectMotionEvent: MotionEvent { action=ACTION_MOVE, actionButton=0, id[0]=0, x[0]=500.0, y[0]=328.0, toolType[0]=TOOL_TYPE_UNKNOWN, buttonState=0, metaState=0, flags=0x0, edgeFlags=0x0, pointerCount=1, historySize=0, eventTime=816719027, downTime=816719027, deviceId=0, source=0x1002 }
08-05 18:51:42.696  8341  8619 I art     : Starting a blocking GC Explicit
08-05 18:51:42.700 10787 10787 I Input   : injectMotionEvent: MotionEvent { action=ACTION_MOVE, actionButton=0, id[0]=0, x[0]=500.0, y[0]=164.59998, toolType[0]=TOOL_TYPE_UNKNOWN, buttonState=0, metaState=0, flags=0x0, edgeFlags=0x0, pointerCount=1, historySize=0, eventTime=816719113, downTime=816719113, deviceId=0, source=0x1002 }
08-05 18:51:42.738 10787 10787 I Input   : injectMotionEvent: MotionEvent { action=ACTION_UP, actionButton=0, id[0]=0, x[0]=500.0, y[0]=100.0, toolType[0]=TOOL_TYPE_UNKNOWN, buttonState=0, metaState=0, flags=0x0, edgeFlags=0x0, pointerCount=1, historySize=0, eventTime=816719151, downTime=816719151, deviceId=0, source=0x1002 }
08-05 18:51:42.765  8341  8619 I art     : Explicit concurrent mark sweep GC freed 1650(94KB) AllocSpace objects, 2(48KB) LOS objects, 7% free, 184MB/200MB, paused 1.820ms total 69.055ms
08-05 18:51:42.775 10787 10787 D AndroidRuntime: Shutting down VM
08-05 18:51:42.791  8341  8619 I art     : Starting a blocking GC Explicit
08-05 18:51:42.855  8341  8619 I art     : Explicit concurrent mark sweep GC freed 41(1664B) AllocSpace objects, 0(0B) LOS objects, 7% free, 184MB/200MB, paused 1.722ms total 63.737ms
08-05 18:51:42.880  8341  8619 I art     : Starting a blocking GC Explicit
08-05 18:51:42.952  8341  8619 I art     : Explicit concurrent mark sweep GC freed 3(96B) AllocSpace objects, 0(0B) LOS objects, 7% free, 184MB/200MB, paused 2.283ms total 71.841ms
08-05 18:51:42.978  8341  8619 I art     : Starting a blocking GC Explicit
08-05 18:51:43.049  8341  8619 I art     : Explicit concurrent mark sweep GC freed 3(96B) AllocSpace objects, 0(0B) LOS objects, 7% free, 184MB/200MB, paused 2.196ms total 70.538ms
08-05 18:51:43.075  8341  8619 I art     : Starting a blocking GC Explicit
08-05 18:51:43.144  8341  8619 I art     : Explicit concurrent mark sweep GC freed 3(96B) AllocSpace objects, 0(0B) LOS objects, 7% free, 184MB/200MB, paused 1.993ms total 68.522ms
08-05 18:51:43.606  8341  8619 I art     : Starting a blocking GC Explicit
08-05 18:51:43.672 10826 10826 D AndroidRuntime: >>>>>> START com.android.internal.os.RuntimeInit uid 2000 <<<<<<
08-05 18:51:43.678 10826 10826 D AndroidRuntime: CheckJNI is OFF
08-05 18:51:43.678  8341  8619 I art     : Explicit concurrent mark sweep GC freed 1637(93KB) AllocSpace objects, 2(48KB) LOS objects, 7% free, 184MB/200MB, paused 2.102ms total 72.152ms
08-05 18:51:43.704  8341  8619 I art     : Starting a blocking GC Explicit
08-05 18:51:43.732 10826 10826 D ICU     : No timezone override file found: /data/misc/zoneinfo/current/icu/icu_tzdata.dat
08-05 18:51:43.772  8341  8619 I art     : Explicit concurrent mark sweep GC freed 28(1024B) AllocSpace objects, 0(0B) LOS objects, 7% free, 184MB/200MB, paused 2.002ms total 68.043ms
08-05 18:51:43.778 10826 10826 I Radio-JNI: register_android_hardware_Radio DONE
08-05 18:51:43.798  8341  8619 I art     : Starting a blocking GC Explicit
08-05 18:51:43.809 10826 10826 D AndroidRuntime: Calling main entry com.android.commands.input.Input
08-05 18:51:43.811 10826 10826 I Input   : injectMotionEvent: MotionEvent { action=ACTION_DOWN, actionButton=0, id[0]=0, x[0]=500.0, y[0]=2000.0, toolType[0]=TOOL_TYPE_UNKNOWN, buttonState=0, metaState=0, flags=0x0, edgeFlags=0x0, pointerCount=1, historySize=0, eventTime=816720224, downTime=816720224, deviceId=0, source=0x1002 }
08-05 18:51:43.816 10826 10826 I Input   : injectMotionEvent: MotionEvent { action=ACTION_MOVE, actionButton=0, id[0]=0, x[0]=500.0, y[0]=2000.0, toolType[0]=TOOL_TYPE_UNKNOWN, buttonState=0, metaState=0, flags=0x0, edgeFlags=0x0, pointerCount=1, historySize=0, eventTime=816720224, downTime=816720224, deviceId=0, source=0x1002 }
08-05 18:51:43.833 10826 10826 I Input   : injectMotionEvent: MotionEvent { action=ACTION_MOVE, actionButton=0, id[0]=0, x[0]=500.0, y[0]=1958.2, toolType[0]=TOOL_TYPE_UNKNOWN, buttonState=0, metaState=0, flags=0x0, edgeFlags=0x0, pointerCount=1, historySize=0, eventTime=816720246, downTime=816720246, deviceId=0, source=0x1002 }
08-05 18:51:43.856 10826 10826 I Input   : injectMotionEvent: MotionEvent { action=ACTION_MOVE, actionButton=0, id[0]=0, x[0]=500.0, y[0]=1914.5, toolType[0]=TOOL_TYPE_UNKNOWN, buttonState=0, metaState=0, flags=0x0, edgeFlags=0x0, pointerCount=1, historySize=0, eventTime=816720269, downTime=816720269, deviceId=0, source=0x1002 }
08-05 18:51:43.869  8341  8619 I art     : Explicit concurrent mark sweep GC freed 7(224B) AllocSpace objects, 0(0B) LOS objects, 7% free, 184MB/200MB, paused 2.216ms total 70.470ms
08-05 18:51:43.877 10826 10826 I Input   : injectMotionEvent: MotionEvent { action=ACTION_MOVE, actionButton=0, id[0]=0, x[0]=500.0, y[0]=1876.5, toolType[0]=TOOL_TYPE_UNKNOWN, buttonState=0, metaState=0, flags=0x0, edgeFlags=0x0, pointerCount=1, historySize=0, eventTime=816720289, downTime=816720289, deviceId=0, source=0x1002 }
08-05 18:51:43.905  8341  8619 I art     : Starting a blocking GC Explicit
08-05 18:51:43.915 10826 10826 I Input   : injectMotionEvent: MotionEvent { action=ACTION_MOVE, actionButton=0, id[0]=0, x[0]=500.0, y[0]=1802.4, toolType[0]=TOOL_TYPE_UNKNOWN, buttonState=0, metaState=0, flags=0x0, edgeFlags=0x0, pointerCount=1, historySize=0, eventTime=816720328, downTime=816720328, deviceId=0, source=0x1002 }
08-05 18:51:43.953 10826 10826 I Input   : injectMotionEvent: MotionEvent { action=ACTION_MOVE, actionButton=0, id[0]=0, x[0]=500.0, y[0]=1730.2, toolType[0]=TOOL_TYPE_UNKNOWN, buttonState=0, metaState=0, flags=0x0, edgeFlags=0x0, pointerCount=1, historySize=0, eventTime=816720366, downTime=816720366, deviceId=0, source=0x1002 }
08-05 18:51:43.974  8341  8619 I art     : Explicit concurrent mark sweep GC freed 20(640B) AllocSpace objects, 0(0B) LOS objects, 7% free, 184MB/200MB, paused 2.076ms total 67.713ms
08-05 18:51:43.992 10826 10826 I Input   : injectMotionEvent: MotionEvent { action=ACTION_MOVE, actionButton=0, id[0]=0, x[0]=500.0, y[0]=1656.1, toolType[0]=TOOL_TYPE_UNKNOWN, buttonState=0, metaState=0, flags=0x0, edgeFlags=0x0, pointerCount=1, historySize=0, eventTime=816720405, downTime=816720405, deviceId=0, source=0x1002 }
08-05 18:51:43.999  8341  8619 I art     : Starting a blocking GC Explicit
08-05 18:51:44.030 10826 10826 I Input   : injectMotionEvent: MotionEvent { action=ACTION_MOVE, actionButton=0, id[0]=0, x[0]=500.0, y[0]=1583.9, toolType[0]=TOOL_TYPE_UNKNOWN, buttonState=0, metaState=0, flags=0x0, edgeFlags=0x0, pointerCount=1, historySize=0, eventTime=816720443, downTime=816720443, deviceId=0, source=0x1002 }
08-05 18:51:44.066  8341  8619 I art     : Explicit concurrent mark sweep GC freed 13(416B) AllocSpace objects, 0(0B) LOS objects, 7% free, 184MB/200MB, paused 1.819ms total 67.530ms
08-05 18:51:44.069 10826 10826 I Input   : injectMotionEvent: MotionEvent { action=ACTION_MOVE, actionButton=0, id[0]=0, x[0]=500.0, y[0]=1509.8, toolType[0]=TOOL_TYPE_UNKNOWN, buttonState=0, metaState=0, flags=0x0, edgeFlags=0x0, pointerCount=1, historySize=0, eventTime=816720482, downTime=816720482, deviceId=0, source=0x1002 }
08-05 18:51:44.108 10826 10826 I Input   : injectMotionEvent: MotionEvent { action=ACTION_MOVE, actionButton=0, id[0]=0, x[0]=500.0, y[0]=1433.8, toolType[0]=TOOL_TYPE_UNKNOWN, buttonState=0, metaState=0, flags=0x0, edgeFlags=0x0, pointerCount=1, historySize=0, eventTime=816720522, downTime=816720522, deviceId=0, source=0x1002 }
08-05 18:51:44.145 10826 10826 I Input   : injectMotionEvent: MotionEvent { action=ACTION_MOVE, actionButton=0, id[0]=0, x[0]=500.0, y[0]=1365.4, toolType[0]=TOOL_TYPE_UNKNOWN, buttonState=0, metaState=0, flags=0x0, edgeFlags=0x0, pointerCount=1, historySize=0, eventTime=816720558, downTime=816720558, deviceId=0, source=0x1002 }
08-05 18:51:44.181 10826 10826 I Input   : injectMotionEvent: MotionEvent { action=ACTION_MOVE, actionButton=0, id[0]=0, x[0]=500.0, y[0]=1295.1001, toolType[0]=TOOL_TYPE_UNKNOWN, buttonState=0, metaState=0, flags=0x0, edgeFlags=0x0, pointerCount=1, historySize=0, eventTime=816720595, downTime=816720595, deviceId=0, source=0x1002 }
08-05 18:51:44.221 10826 10826 I Input   : injectMotionEvent: MotionEvent { action=ACTION_MOVE, actionButton=0, id[0]=0, x[0]=500.0, y[0]=1221.0, toolType[0]=TOOL_TYPE_UNKNOWN, buttonState=0, metaState=0, flags=0x0, edgeFlags=0x0, pointerCount=1, historySize=0, eventTime=816720634, downTime=816720634, deviceId=0, source=0x1002 }
08-05 18:51:44.259 10826 10826 I Input   : injectMotionEvent: MotionEvent { action=ACTION_MOVE, actionButton=0, id[0]=0, x[0]=500.0, y[0]=1146.9, toolType[0]=TOOL_TYPE_UNKNOWN, buttonState=0, metaState=0, flags=0x0, edgeFlags=0x0, pointerCount=1, historySize=0, eventTime=816720673, downTime=816720673, deviceId=0, source=0x1002 }
08-05 18:51:44.301 10826 10826 I Input   : injectMotionEvent: MotionEvent { action=ACTION_MOVE, actionButton=0, id[0]=0, x[0]=500.0, y[0]=1069.0, toolType[0]=TOOL_TYPE_UNKNOWN, buttonState=0, metaState=0, flags=0x0, edgeFlags=0x0, pointerCount=1, historySize=0, eventTime=816720714, downTime=816720714, deviceId=0, source=0x1002 }
08-05 18:51:44.344 10826 10826 I Input   : injectMotionEvent: MotionEvent { action=ACTION_MOVE, actionButton=0, id[0]=0, x[0]=500.0, y[0]=987.3, toolType[0]=TOOL_TYPE_UNKNOWN, buttonState=0, metaState=0, flags=0x0, edgeFlags=0x0, pointerCount=1, historySize=0, eventTime=816720757, downTime=816720757, deviceId=0, source=0x1002 }
08-05 18:51:44.382 10826 10826 I Input   : injectMotionEvent: MotionEvent { action=ACTION_MOVE, actionButton=0, id[0]=0, x[0]=500.0, y[0]=915.1001, toolType[0]=TOOL_TYPE_UNKNOWN, buttonState=0, metaState=0, flags=0x0, edgeFlags=0x0, pointerCount=1, historySize=0, eventTime=816720795, downTime=816720795, deviceId=0, source=0x1002 }
08-05 18:51:44.421 10826 10826 I Input   : injectMotionEvent: MotionEvent { action=ACTION_MOVE, actionButton=0, id[0]=0, x[0]=500.0, y[0]=841.0, toolType[0]=TOOL_TYPE_UNKNOWN, buttonState=0, metaState=0, flags=0x0, edgeFlags=0x0, pointerCount=1, historySize=0, eventTime=816720834, downTime=816720834, deviceId=0, source=0x1002 }
08-05 18:51:44.459 10826 10826 I Input   : injectMotionEvent: MotionEvent { action=ACTION_MOVE, actionButton=0, id[0]=0, x[0]=500.0, y[0]=768.80005, toolType[0]=TOOL_TYPE_UNKNOWN, buttonState=0, metaState=0, flags=0x0, edgeFlags=0x0, pointerCount=1, historySize=0, eventTime=816720872, downTime=816720872, deviceId=0, source=0x1002 }
08-05 18:51:44.496 10826 10826 I Input   : injectMotionEvent: MotionEvent { action=ACTION_MOVE, actionButton=0, id[0]=0, x[0]=500.0, y[0]=698.5, toolType[0]=TOOL_TYPE_UNKNOWN, buttonState=0, metaState=0, flags=0x0, edgeFlags=0x0, pointerCount=1, historySize=0, eventTime=816720909, downTime=816720909, deviceId=0, source=0x1002 }
08-05 18:51:44.535  8341  8353 I art     : Starting a blocking GC Explicit
08-05 18:51:44.536 10826 10826 I Input   : injectMotionEvent: MotionEvent { action=ACTION_MOVE, actionButton=0, id[0]=0, x[0]=500.0, y[0]=620.6, toolType[0]=TOOL_TYPE_UNKNOWN, buttonState=0, metaState=0, flags=0x0, edgeFlags=0x0, pointerCount=1, historySize=0, eventTime=816720950, downTime=816720950, deviceId=0, source=0x1002 }
08-05 18:51:44.576 10826 10826 I Input   : injectMotionEvent: MotionEvent { action=ACTION_MOVE, actionButton=0, id[0]=0, x[0]=500.0, y[0]=546.5, toolType[0]=TOOL_TYPE_UNKNOWN, buttonState=0, metaState=0, flags=0x0, edgeFlags=0x0, pointerCount=1, historySize=0, eventTime=816720989, downTime=816720989, deviceId=0, source=0x1002 }
08-05 18:51:44.597  8341  8353 I art     : Explicit concurrent mark sweep GC freed 1658(94KB) AllocSpace objects, 2(48KB) LOS objects, 7% free, 184MB/200MB, paused 1.834ms total 61.187ms
08-05 18:51:44.614 10826 10826 I Input   : injectMotionEvent: MotionEvent { action=ACTION_MOVE, actionButton=0, id[0]=0, x[0]=500.0, y[0]=472.3999, toolType[0]=TOOL_TYPE_UNKNOWN, buttonState=0, metaState=0, flags=0x0, edgeFlags=0x0, pointerCount=1, historySize=0, eventTime=816721028, downTime=816721028, deviceId=0, source=0x1002 }
08-05 18:51:44.621  8341  8353 I art     : Starting a blocking GC Explicit
08-05 18:51:44.652 10826 10826 I Input   : injectMotionEvent: MotionEvent { action=ACTION_MOVE, actionButton=0, id[0]=0, x[0]=500.0, y[0]=402.09998, toolType[0]=TOOL_TYPE_UNKNOWN, buttonState=0, metaState=0, flags=0x0, edgeFlags=0x0, pointerCount=1, historySize=0, eventTime=816721065, downTime=816721065, deviceId=0, source=0x1002 }
08-05 18:51:44.686  8341  8353 I art     : Explicit concurrent mark sweep GC freed 37(1312B) AllocSpace objects, 0(0B) LOS objects, 7% free, 184MB/200MB, paused 1.825ms total 64.073ms
08-05 18:51:44.696 10826 10826 I Input   : injectMotionEvent: MotionEvent { action=ACTION_MOVE, actionButton=0, id[0]=0, x[0]=500.0, y[0]=318.5, toolType[0]=TOOL_TYPE_UNKNOWN, buttonState=0, metaState=0, flags=0x0, edgeFlags=0x0, pointerCount=1, historySize=0, eventTime=816721109, downTime=816721109, deviceId=0, source=0x1002 }
08-05 18:51:44.710  8341  8353 I art     : Starting a blocking GC Explicit
08-05 18:51:44.734 10826 10826 I Input   : injectMotionEvent: MotionEvent { action=ACTION_MOVE, actionButton=0, id[0]=0, x[0]=500.0, y[0]=244.3999, toolType[0]=TOOL_TYPE_UNKNOWN, buttonState=0, metaState=0, flags=0x0, edgeFlags=0x0, pointerCount=1, historySize=0, eventTime=816721148, downTime=816721148, deviceId=0, source=0x1002 }
08-05 18:51:44.774 10826 10826 I Input   : injectMotionEvent: MotionEvent { action=ACTION_MOVE, actionButton=0, id[0]=0, x[0]=500.0, y[0]=170.30005, toolType[0]=TOOL_TYPE_UNKNOWN, buttonState=0, metaState=0, flags=0x0, edgeFlags=0x0, pointerCount=1, historySize=0, eventTime=816721187, downTime=816721187, deviceId=0, source=0x1002 }
08-05 18:51:44.774  8341  8353 I art     : Explicit concurrent mark sweep GC freed 9(288B) AllocSpace objects, 0(0B) LOS objects, 7% free, 184MB/200MB, paused 1.953ms total 63.552ms
08-05 18:51:44.797  8341  8353 I art     : Starting a blocking GC Explicit
08-05 18:51:44.811 10826 10826 I Input   : injectMotionEvent: MotionEvent { action=ACTION_UP, actionButton=0, id[0]=0, x[0]=500.0, y[0]=100.0, toolType[0]=TOOL_TYPE_UNKNOWN, buttonState=0, metaState=0, flags=0x0, edgeFlags=0x0, pointerCount=1, historySize=0, eventTime=816721225, downTime=816721225, deviceId=0, source=0x1002 }
08-05 18:51:44.850 10826 10826 D AndroidRuntime: Shutting down VM
08-05 18:51:44.865  8341  8353 I art     : Explicit concurrent mark sweep GC freed 11(352B) AllocSpace objects, 0(0B) LOS objects, 7% free, 184MB/200MB, paused 1.849ms total 67.206ms
08-05 18:51:44.891  8341  8353 I art     : Starting a blocking GC Explicit
08-05 18:51:44.954  8341  8353 I art     : Explicit concurrent mark sweep GC freed 4(128B) AllocSpace objects, 0(0B) LOS objects, 7% free, 184MB/200MB, paused 1.624ms total 63.062ms
08-05 18:51:45.404  8341  8359 I art     : Starting a blocking GC Explicit
08-05 18:51:45.478  8341  8359 I art     : Explicit concurrent mark sweep GC freed 1681(95KB) AllocSpace objects, 2(48KB) LOS objects, 7% free, 184MB/200MB, paused 2.028ms total 73.338ms
08-05 18:51:45.504  8341  8359 I art     : Starting a blocking GC Explicit
08-05 18:51:45.575  8341  8359 I art     : Explicit concurrent mark sweep GC freed 38(1568B) AllocSpace objects, 0(0B) LOS objects, 7% free, 184MB/200MB, paused 2.006ms total 70.308ms
08-05 18:51:45.601  8341  8359 I art     : Starting a blocking GC Explicit
08-05 18:51:45.670  8341  8359 I art     : Explicit concurrent mark sweep GC freed 14(720B) AllocSpace objects, 0(0B) LOS objects, 7% free, 184MB/200MB, paused 2.023ms total 68.028ms
08-05 18:51:45.696  8341  8359 I art     : Starting a blocking GC Explicit
08-05 18:51:45.746 10868 10868 D AndroidRuntime: >>>>>> START com.android.internal.os.RuntimeInit uid 2000 <<<<<<
08-05 18:51:45.752 10868 10868 D AndroidRuntime: CheckJNI is OFF
08-05 18:51:45.766  8341  8359 I art     : Explicit concurrent mark sweep GC freed 14(672B) AllocSpace objects, 0(0B) LOS objects, 7% free, 184MB/200MB, paused 2.099ms total 69.725ms
08-05 18:51:45.791  8341  8359 I art     : Starting a blocking GC Explicit
08-05 18:51:45.809 10868 10868 D ICU     : No timezone override file found: /data/misc/zoneinfo/current/icu/icu_tzdata.dat
08-05 18:51:45.853 10868 10868 I Radio-JNI: register_android_hardware_Radio DONE
08-05 18:51:45.861  8341  8359 I art     : Explicit concurrent mark sweep GC freed 3(96B) AllocSpace objects, 0(0B) LOS objects, 7% free, 184MB/200MB, paused 2.046ms total 68.903ms
08-05 18:51:45.861  8341  8352 I art     : WaitForGcToComplete blocked for 8.274ms for cause HeapTrim
08-05 18:51:45.887 10868 10868 D AndroidRuntime: Calling main entry com.android.commands.input.Input
08-05 18:51:45.889 10868 10868 I Input   : injectMotionEvent: MotionEvent { action=ACTION_DOWN, actionButton=0, id[0]=0, x[0]=657.0, y[0]=2080.0, toolType[0]=TOOL_TYPE_UNKNOWN, buttonState=0, metaState=0, flags=0x0, edgeFlags=0x0, pointerCount=1, historySize=0, eventTime=816722302, downTime=816722302, deviceId=0, source=0x1002 }
08-05 18:51:45.896 10868 10868 I Input   : injectMotionEvent: MotionEvent { action=ACTION_UP, actionButton=0, id[0]=0, x[0]=657.0, y[0]=2080.0, toolType[0]=TOOL_TYPE_UNKNOWN, buttonState=0, metaState=0, flags=0x0, edgeFlags=0x0, pointerCount=1, historySize=0, eventTime=816722302, downTime=816722302, deviceId=0, source=0x1002 }
08-05 18:51:45.898   918  6029 I ActivityManager: START u0 {cmp=baseline.io.github.project_travel_mate/.utilities.UpcomingWeekendsActivity} from uid 10674 on display 0
08-05 18:51:45.900   512  2967 D audio_hw_primary: out_set_parameters: enter: usecase(1: low-latency-playback) kvpairs: routing=2
08-05 18:51:45.901 10868 10868 D AndroidRuntime: Shutting down VM
08-05 18:51:45.913   512  2967 D audio_hw_primary: select_devices: out_snd_device(2: speaker) in_snd_device(0: none)
08-05 18:51:45.913   512  2967 D msm8974_platform: platform_send_audio_calibration: sending audio calibration for snd_device(2) acdb_id(15)
08-05 18:51:45.913   512  2967 I soundtrigger: audio_extn_sound_trigger_update_device_status: device 0x2 of type 0 for Event 1
08-05 18:51:45.928   512  2967 D audio_hw_primary: enable_snd_device: snd_device(2: speaker)
08-05 18:51:45.930   512  2967 D audio_hw_primary: enable_audio_route: apply and update mixer path: low-latency-playback speaker
08-05 18:51:45.938  8341  8415 D Gabe    : call	returning from cache
08-05 18:51:45.942  8341  8341 V EXECUTING: https://project-travel-mate.herokuapp.com/api/get-upcoming-holidays/2020
08-05 18:51:45.946  8341  8341 V EXECUTING: https://project-travel-mate.herokuapp.com/api/get-upcoming-holidays/2020
08-05 18:51:46.053 13866 13866 I GoogleInputMethodServic: GoogleInputMethodService.onFinishInput():3138 
08-05 18:51:46.054 13866 13866 I GoogleInputMethodServic: GoogleInputMethodService.onStartInput():1808 
08-05 18:51:46.159   918   936 I ActivityManager: Displayed baseline.io.github.project_travel_mate/.utilities.UpcomingWeekendsActivity: +250ms
08-05 18:51:46.304  8341  8619 I art     : Starting a blocking GC Explicit
08-05 18:51:46.370  8341  8619 I art     : Explicit concurrent mark sweep GC freed 3567(194KB) AllocSpace objects, 2(48KB) LOS objects, 7% free, 189MB/205MB, paused 1.998ms total 65.690ms
08-05 18:51:46.386   380   380 W SurfaceFlinger: couldn't log to binary event log: overflow.
08-05 18:51:46.395  8341  8619 I art     : Starting a blocking GC Explicit
08-05 18:51:46.463  8341  8619 I art     : Explicit concurrent mark sweep GC freed 5531(277KB) AllocSpace objects, 3(200KB) LOS objects, 7% free, 189MB/205MB, paused 1.944ms total 67.167ms
08-05 18:51:46.466  8341 10893 I NAPPA_EXPERIMENTATION: MetricNetworkRequestExecutionTime: REQUEST_DURATION_SYSTEM='519',REQUEST_DURATION_OKHTTP='37',REQUEST_SYNCHRONOUS='FALSE',RESPONSE_CODE='200',RESPONSE_METHOD='GET',RESPONSE_LENGTH_OKHTTP='6426',RESPONSE_LENGTH_HEADER='6426',REQUEST_PROTOCOL='http/1.1',REQUEST_URL='https://project-travel-mate.herokuapp.com/api/get-upcoming-holidays/2020',
08-05 18:51:46.468  8341  8341 V Response: [{"month":"January","date":1,"day":"Wednesday","name":"New Year's Day","type":"Restricted"},{"month":"January","date":2,"day":"Thursday","name":"Guru Govind Singh Jayanti","type":"Restricted"},{"month":"January","date":14,"day":"Tuesday","name":"Lohri","type":"Restricted"},{"month":"January","date":15,"day":"Wednesday","name":"Pongal","type":"Restricted"},{"month":"January","date":15,"day":"Wednesday","name":"Makar Sankranti","type":"Restricted"},{"month":"January","date":25,"day":"Saturday","name":"Chinese New Year","type":"Observance"},{"month":"January","date":26,"day":"Sunday","name":"Republic Day","type":"Gazetted"},{"month":"January","date":30,"day":"Thursday","name":"Vasant Panchami","type":"Restricted"},{"month":"February","date":9,"day":"Sunday","name":"Guru Ravidas Jayanti","type":"Restricted"},{"month":"February","date":14,"day":"Friday","name":"Valentine's Day","type":"Observance"},{"month":"February","date":18,"day":"Tuesday","name":"Maharishi Dayanand Saraswati Jayanti","type":"Restricted"},{"month":"February","date":19,"day":"Wednesday","name":"Shivaji Jayanti","type":"Restricted"},{"month":"February","date":21,"day":"Friday","name":"Maha Shivaratri/Shivaratri","type":"Gazetted"},{"month":"March","date":9,"day":"Monday","name":"Holika Dahana","type":"Restricted"},{"month":"March","date":9,"day":"Monday","name":"Hazarat Ali's Birthday","type":"Restricted"},{"month":"March","date":10,"day":"Tuesday","name":"Holi","type":"Gazetted"},{"month":"March","date":20,"day":"Friday","name":"March Equinox","type":"Season"},{"month":"March","date":25,"day":"Wednesday","name":"Chaitra Sukhladi","type":"Restricted"},{"month":"April","date":2,"day":"Thursday","name":"Rama Navami","type":"Gazetted"},{"month":"April","date":6,"day":"Monday","name":"Mahavir Jayanti","type":"Gazetted"},{"month":"April","date":9,"day":"Thursday","name":"First day of Passover","type":"Observance"},{"month":"April","date":9,"day":"Thursday","name":"Maundy Thursday","type":"Observance,"},{"month":"April","date":10,"day":"Friday","name":"Good Friday","type":"Gazetted"},{"month":"April","date":12,"day":"Sunday","name":"Easter Day","type":"Restricted"},{"month":"April","date":13,"day":"Monday","name":"Vaisakhi","type":"Restricted"},{"month":"April","date":14,"day":"Tuesday","name":"Mesadi/Vaisakhadi","type":"Restricted"},{"month":"April","date":14,"day":"Tuesday","name":"Ambedkar Jayanti","type":"Central"},{"month":"May","date":1,"day":"Friday","name":"May Day","type":"Observance"},{"month":"May","date":7,"day":"Thursday","name":"Buddha Purnima/Vesak","type":"Gazetted"},{"month":"May","date":7,"day":"Thursday","name":"Birthday of Ravindranath","type":"Restricted"},{"month":"May","date":10,"day":"Sunday","name":"Mother's Day","type":"Observance"},{"month":"May","date":22,"day":"Friday","name":"Jamat Ul-Vida","type":"Restricted"},{"month":"May","date":25,"day":"Monday","name":"Ramzan Id/Eid-ul-Fitar","type":"Gazetted"},{"month":"May","date":25,"day":"Monday","name":"Ramzan Id/Eid-ul-Fitar","type":"Muslim,"},{"month":"June","date":21,"day":"Sunday","name":"June Solstice","type":"Season"},{"month":"June","date":21,"day":"Sunday","name":"Father's Day","type":"Observance"},{"month":"June","date":23,"day":"Tuesday","name":"Rath Yatra","type":"Restricted"},{"month":"July","date":5,"day":"Sunday","name":"Guru Purnima","type":"Observance"},{"month":"July","date":31,"day":"Friday","name":"Bakr Id/Eid ul-Adha","type":"Gazetted"},{"month":"August","date":2,"day":"Sunday","name":"Friendship Day","type":"Observance"},{"month":"August","date":3,"day":"Monday","name":"Raksha Bandhan (Rakhi)","type":"Restricted"},{"month":"August","date":11,"day":"Tuesday","name":"Janmashtami (Smarta)","type":"Restricted"},{"month":"August","date":12,"day":"Wednesday","name":"Janmashtami","type":"Gazetted"},{"month":"August","date":15,"day":"Saturday","name":"Independence Day","type":"Gazetted"},{"month":"August","date":16,"day":"Sunday","name":"Parsi New Year","type":"Restricted"},{"month":"August","date":22,"day":"Saturday","name":"Ganesh Chaturthi/Vin
08-05 18:51:46.478   512  2967 D audio_hw_primary: disable_audio_route: reset and update mixer path: low-latency-playback speaker
08-05 18:51:46.480   512  2967 D audio_hw_primary: disable_snd_device: snd_device(2: speaker)
08-05 18:51:46.489  8341  8619 I art     : Starting a blocking GC Explicit
08-05 18:51:46.489   512  2967 I soundtrigger: audio_extn_sound_trigger_update_device_status: device 0x2 of type 0 for Event 0
08-05 18:51:46.498  8341 10892 I NAPPA_EXPERIMENTATION: MetricNetworkRequestExecutionTime: REQUEST_DURATION_SYSTEM='554',REQUEST_DURATION_OKHTTP='72',REQUEST_SYNCHRONOUS='FALSE',RESPONSE_CODE='200',RESPONSE_METHOD='GET',RESPONSE_LENGTH_OKHTTP='6426',RESPONSE_LENGTH_HEADER='6426',REQUEST_PROTOCOL='http/1.1',REQUEST_URL='https://project-travel-mate.herokuapp.com/api/get-upcoming-holidays/2020',
08-05 18:51:46.549  8341  8341 V Response: [{"month":"January","date":1,"day":"Wednesday","name":"New Year's Day","type":"Restricted"},{"month":"January","date":2,"day":"Thursday","name":"Guru Govind Singh Jayanti","type":"Restricted"},{"month":"January","date":14,"day":"Tuesday","name":"Lohri","type":"Restricted"},{"month":"January","date":15,"day":"Wednesday","name":"Pongal","type":"Restricted"},{"month":"January","date":15,"day":"Wednesday","name":"Makar Sankranti","type":"Restricted"},{"month":"January","date":25,"day":"Saturday","name":"Chinese New Year","type":"Observance"},{"month":"January","date":26,"day":"Sunday","name":"Republic Day","type":"Gazetted"},{"month":"January","date":30,"day":"Thursday","name":"Vasant Panchami","type":"Restricted"},{"month":"February","date":9,"day":"Sunday","name":"Guru Ravidas Jayanti","type":"Restricted"},{"month":"February","date":14,"day":"Friday","name":"Valentine's Day","type":"Observance"},{"month":"February","date":18,"day":"Tuesday","name":"Maharishi Dayanand Saraswati Jayanti","type":"Restricted"},{"month":"February","date":19,"day":"Wednesday","name":"Shivaji Jayanti","type":"Restricted"},{"month":"February","date":21,"day":"Friday","name":"Maha Shivaratri/Shivaratri","type":"Gazetted"},{"month":"March","date":9,"day":"Monday","name":"Holika Dahana","type":"Restricted"},{"month":"March","date":9,"day":"Monday","name":"Hazarat Ali's Birthday","type":"Restricted"},{"month":"March","date":10,"day":"Tuesday","name":"Holi","type":"Gazetted"},{"month":"March","date":20,"day":"Friday","name":"March Equinox","type":"Season"},{"month":"March","date":25,"day":"Wednesday","name":"Chaitra Sukhladi","type":"Restricted"},{"month":"April","date":2,"day":"Thursday","name":"Rama Navami","type":"Gazetted"},{"month":"April","date":6,"day":"Monday","name":"Mahavir Jayanti","type":"Gazetted"},{"month":"April","date":9,"day":"Thursday","name":"First day of Passover","type":"Observance"},{"month":"April","date":9,"day":"Thursday","name":"Maundy Thursday","type":"Observance,"},{"month":"April","date":10,"day":"Friday","name":"Good Friday","type":"Gazetted"},{"month":"April","date":12,"day":"Sunday","name":"Easter Day","type":"Restricted"},{"month":"April","date":13,"day":"Monday","name":"Vaisakhi","type":"Restricted"},{"month":"April","date":14,"day":"Tuesday","name":"Mesadi/Vaisakhadi","type":"Restricted"},{"month":"April","date":14,"day":"Tuesday","name":"Ambedkar Jayanti","type":"Central"},{"month":"May","date":1,"day":"Friday","name":"May Day","type":"Observance"},{"month":"May","date":7,"day":"Thursday","name":"Buddha Purnima/Vesak","type":"Gazetted"},{"month":"May","date":7,"day":"Thursday","name":"Birthday of Ravindranath","type":"Restricted"},{"month":"May","date":10,"day":"Sunday","name":"Mother's Day","type":"Observance"},{"month":"May","date":22,"day":"Friday","name":"Jamat Ul-Vida","type":"Restricted"},{"month":"May","date":25,"day":"Monday","name":"Ramzan Id/Eid-ul-Fitar","type":"Gazetted"},{"month":"May","date":25,"day":"Monday","name":"Ramzan Id/Eid-ul-Fitar","type":"Muslim,"},{"month":"June","date":21,"day":"Sunday","name":"June Solstice","type":"Season"},{"month":"June","date":21,"day":"Sunday","name":"Father's Day","type":"Observance"},{"month":"June","date":23,"day":"Tuesday","name":"Rath Yatra","type":"Restricted"},{"month":"July","date":5,"day":"Sunday","name":"Guru Purnima","type":"Observance"},{"month":"July","date":31,"day":"Friday","name":"Bakr Id/Eid ul-Adha","type":"Gazetted"},{"month":"August","date":2,"day":"Sunday","name":"Friendship Day","type":"Observance"},{"month":"August","date":3,"day":"Monday","name":"Raksha Bandhan (Rakhi)","type":"Restricted"},{"month":"August","date":11,"day":"Tuesday","name":"Janmashtami (Smarta)","type":"Restricted"},{"month":"August","date":12,"day":"Wednesday","name":"Janmashtami","type":"Gazetted"},{"month":"August","date":15,"day":"Saturday","name":"Independence Day","type":"Gazetted"},{"month":"August","date":16,"day":"Sunday","name":"Parsi New Year","type":"Restricted"},{"month":"August","date":22,"day":"Saturday","name":"Ganesh Chaturthi/Vin
08-05 18:51:46.560  8341  8619 I art     : Explicit concurrent mark sweep GC freed 9728(532KB) AllocSpace objects, 6(248KB) LOS objects, 7% free, 189MB/205MB, paused 2.404ms total 70.316ms
08-05 18:51:46.586  8341  8619 I art     : Starting a blocking GC Explicit
08-05 18:51:46.662  8341  8619 I art     : Explicit concurrent mark sweep GC freed 5990(216KB) AllocSpace objects, 0(0B) LOS objects, 7% free, 189MB/205MB, paused 2.261ms total 75.266ms
08-05 18:51:46.689  8341  8619 I art     : Starting a blocking GC Explicit
08-05 18:51:46.766  8341  8619 I art     : Explicit concurrent mark sweep GC freed 1390(79KB) AllocSpace objects, 1(4MB) LOS objects, 7% free, 185MB/201MB, paused 2.094ms total 76.839ms
08-05 18:51:47.217  8341 10088 I art     : Starting a blocking GC Explicit
08-05 18:51:47.295  8341 10088 I art     : Explicit concurrent mark sweep GC freed 2355(104KB) AllocSpace objects, 2(48KB) LOS objects, 7% free, 185MB/201MB, paused 2.116ms total 77.990ms
08-05 18:51:47.323  8341 10088 I art     : Starting a blocking GC Explicit
08-05 18:51:47.400  8341 10088 I art     : Explicit concurrent mark sweep GC freed 210(4KB) AllocSpace objects, 0(0B) LOS objects, 7% free, 185MB/201MB, paused 2.346ms total 76.320ms
08-05 18:51:47.427  8341 10088 I art     : Starting a blocking GC Explicit
08-05 18:51:47.505  8341 10088 I art     : Explicit concurrent mark sweep GC freed 147(2496B) AllocSpace objects, 0(0B) LOS objects, 7% free, 185MB/201MB, paused 2.179ms total 76.878ms
08-05 18:51:47.532  8341 10088 I art     : Starting a blocking GC Explicit
08-05 18:51:47.609  8341 10088 I art     : Explicit concurrent mark sweep GC freed 171(2896B) AllocSpace objects, 0(0B) LOS objects, 7% free, 185MB/201MB, paused 2.308ms total 76.843ms
08-05 18:51:47.637  8341 10088 I art     : Starting a blocking GC Explicit
08-05 18:51:47.715  8341 10088 I art     : Explicit concurrent mark sweep GC freed 147(2496B) AllocSpace objects, 0(0B) LOS objects, 7% free, 185MB/201MB, paused 2.057ms total 77.158ms
08-05 18:51:48.192  8341  8359 I art     : Starting a blocking GC Explicit
08-05 18:51:48.271  8341  8359 I art     : Explicit concurrent mark sweep GC freed 2390(105KB) AllocSpace objects, 2(48KB) LOS objects, 7% free, 185MB/201MB, paused 2.322ms total 78.619ms
08-05 18:51:48.298  8341  8359 I art     : Starting a blocking GC Explicit
08-05 18:51:48.376  8341  8359 I art     : Explicit concurrent mark sweep GC freed 253(5KB) AllocSpace objects, 0(0B) LOS objects, 7% free, 185MB/201MB, paused 2.235ms total 77.387ms
08-05 18:51:48.405  8341  8359 I art     : Starting a blocking GC Explicit
08-05 18:51:48.480  8341  8359 I art     : Explicit concurrent mark sweep GC freed 147(2496B) AllocSpace objects, 0(0B) LOS objects, 7% free, 185MB/201MB, paused 2.146ms total 74.794ms
08-05 18:51:48.507  8341  8359 I art     : Starting a blocking GC Explicit
08-05 18:51:48.585  8341  8359 I art     : Explicit concurrent mark sweep GC freed 147(2496B) AllocSpace objects, 0(0B) LOS objects, 7% free, 185MB/201MB, paused 2.097ms total 77.689ms
08-05 18:51:48.615  8341  8359 I art     : Starting a blocking GC Explicit
08-05 18:51:48.687  8341  8359 I art     : Explicit concurrent mark sweep GC freed 158(3KB) AllocSpace objects, 0(0B) LOS objects, 7% free, 185MB/201MB, paused 1.907ms total 71.828ms
08-05 18:51:49.165  8341  8353 I art     : Starting a blocking GC Explicit
08-05 18:51:49.243  8341  8353 I art     : Explicit concurrent mark sweep GC freed 2412(105KB) AllocSpace objects, 2(48KB) LOS objects, 7% free, 185MB/201MB, paused 2.299ms total 78.319ms
08-05 18:51:49.271  8341  8353 I art     : Starting a blocking GC Explicit
08-05 18:51:49.348  8341  8353 I art     : Explicit concurrent mark sweep GC freed 210(4KB) AllocSpace objects, 0(0B) LOS objects, 7% free, 185MB/201MB, paused 2.172ms total 76.643ms
08-05 18:51:49.376  8341  8353 I art     : Starting a blocking GC Explicit
08-05 18:51:49.453  8341  8353 I art     : Explicit concurrent mark sweep GC freed 148(2528B) AllocSpace objects, 0(0B) LOS objects, 7% free, 185MB/201MB, paused 2.032ms total 77.208ms
08-05 18:51:49.481  8341  8353 I art     : Starting a blocking GC Explicit
08-05 18:51:49.558  8341  8353 I art     : Explicit concurrent mark sweep GC freed 147(2496B) AllocSpace objects, 0(0B) LOS objects, 7% free, 185MB/201MB, paused 2.345ms total 77.212ms
08-05 18:51:49.586  8341  8353 I art     : Starting a blocking GC Explicit
08-05 18:51:49.665  8341  8353 I art     : Explicit concurrent mark sweep GC freed 171(2896B) AllocSpace objects, 0(0B) LOS objects, 7% free, 185MB/201MB, paused 2.057ms total 78.319ms
08-05 18:51:49.893   918  3261 D WifiStateMachine: starting scan for "H369AA63323"WPA_PSK with 2412,5180
08-05 18:51:50.146  8341  8619 I art     : Starting a blocking GC Explicit
08-05 18:51:50.221  8341  8619 I art     : Explicit concurrent mark sweep GC freed 2378(105KB) AllocSpace objects, 2(48KB) LOS objects, 7% free, 185MB/201MB, paused 2.114ms total 74.566ms
08-05 18:51:50.248  8341  8619 I art     : Starting a blocking GC Explicit
08-05 18:51:50.320  8341  8619 I art     : Explicit concurrent mark sweep GC freed 190(4KB) AllocSpace objects, 0(0B) LOS objects, 7% free, 185MB/201MB, paused 2.140ms total 72.283ms
08-05 18:51:50.347  8341  8619 I art     : Starting a blocking GC Explicit
08-05 18:51:50.422  8341  8619 I art     : Explicit concurrent mark sweep GC freed 184(3KB) AllocSpace objects, 0(0B) LOS objects, 7% free, 185MB/201MB, paused 2.115ms total 74.267ms
08-05 18:51:50.449  8341  8619 I art     : Starting a blocking GC Explicit
08-05 18:51:50.523  8341  8619 I art     : Explicit concurrent mark sweep GC freed 147(2496B) AllocSpace objects, 0(0B) LOS objects, 7% free, 185MB/201MB, paused 2.134ms total 73.657ms
08-05 18:51:50.550  8341  8619 I art     : Starting a blocking GC Explicit
08-05 18:51:50.624  8341  8619 I art     : Explicit concurrent mark sweep GC freed 147(2496B) AllocSpace objects, 0(0B) LOS objects, 7% free, 185MB/201MB, paused 2.194ms total 74.243ms
08-05 18:51:50.793 10949 10949 D AndroidRuntime: >>>>>> START com.android.internal.os.RuntimeInit uid 2000 <<<<<<
08-05 18:51:50.799 10949 10949 D AndroidRuntime: CheckJNI is OFF
08-05 18:51:50.853 10949 10949 D ICU     : No timezone override file found: /data/misc/zoneinfo/current/icu/icu_tzdata.dat
08-05 18:51:50.896 10949 10949 I Radio-JNI: register_android_hardware_Radio DONE
08-05 18:51:50.928 10949 10949 D AndroidRuntime: Calling main entry com.android.commands.input.Input
08-05 18:51:50.930 10949 10949 I Input   : injectKeyEvent: KeyEvent { action=ACTION_DOWN, keyCode=KEYCODE_BACK, scanCode=0, metaState=0, flags=0x0, repeatCount=0, eventTime=816727343, downTime=816727343, deviceId=-1, source=0x101 }
08-05 18:51:50.936 10949 10949 I Input   : injectKeyEvent: KeyEvent { action=ACTION_UP, keyCode=KEYCODE_BACK, scanCode=0, metaState=0, flags=0x0, repeatCount=0, eventTime=816727343, downTime=816727343, deviceId=-1, source=0x101 }
08-05 18:51:50.943 10949 10949 D AndroidRuntime: Shutting down VM
08-05 18:51:50.961  8341  8341 V MainActivity: url = https://project-travel-mate.herokuapp.com/api/number-of-unread-notifications
08-05 18:51:50.996 13866 13866 I GoogleInputMethodServic: GoogleInputMethodService.onFinishInput():3138 
08-05 18:51:50.997 13866 13866 I GoogleInputMethodServic: GoogleInputMethodService.onStartInput():1808 
08-05 18:51:51.072  8341  8353 I art     : Starting a blocking GC Explicit
08-05 18:51:51.141  8341  8353 I art     : Explicit concurrent mark sweep GC freed 2715(125KB) AllocSpace objects, 2(48KB) LOS objects, 7% free, 185MB/201MB, paused 2.528ms total 68.675ms
08-05 18:51:51.166  8341  8353 I art     : Starting a blocking GC Explicit
08-05 18:51:51.249  8341  8353 I art     : Explicit concurrent mark sweep GC freed 276(7KB) AllocSpace objects, 0(0B) LOS objects, 7% free, 185MB/201MB, paused 3.332ms total 82.456ms
08-05 18:51:51.282  8341  8353 I art     : Starting a blocking GC Explicit
08-05 18:51:51.340   380   380 W SurfaceFlinger: couldn't log to binary event log: overflow.
08-05 18:51:51.364  8341  8353 I art     : Explicit concurrent mark sweep GC freed 181(3KB) AllocSpace objects, 0(0B) LOS objects, 7% free, 185MB/201MB, paused 1.971ms total 80.842ms
08-05 18:51:51.389  8341  8353 I art     : Starting a blocking GC Explicit
08-05 18:51:51.462  8341  8353 I art     : Explicit concurrent mark sweep GC freed 21(928B) AllocSpace objects, 0(0B) LOS objects, 7% free, 185MB/201MB, paused 2.303ms total 71.918ms
08-05 18:51:51.466  8341  8352 I art     : WaitForGcToComplete blocked for 76.214ms for cause HeapTrim
08-05 18:51:51.489  8341  8353 I art     : Starting a blocking GC Explicit
08-05 18:51:51.558  8341  8353 I art     : Explicit concurrent mark sweep GC freed 9177(491KB) AllocSpace objects, 16(464KB) LOS objects, 7% free, 185MB/201MB, paused 2.206ms total 67.736ms
08-05 18:51:51.575  8341 10972 I NAPPA_EXPERIMENTATION: MetricNetworkRequestExecutionTime: REQUEST_DURATION_SYSTEM='613',REQUEST_DURATION_OKHTTP='39',REQUEST_SYNCHRONOUS='FALSE',RESPONSE_CODE='200',RESPONSE_METHOD='GET',RESPONSE_LENGTH_OKHTTP='36',RESPONSE_LENGTH_HEADER='36',REQUEST_PROTOCOL='http/1.1',REQUEST_URL='https://project-travel-mate.herokuapp.com/api/number-of-unread-notifications',
08-05 18:51:51.601   518   646 I ThermalEngine: ACTION: GPU - Setting GPU[0] to 450000000
08-05 18:51:51.974  8341 10088 I art     : Starting a blocking GC Explicit
08-05 18:51:52.047  8341 10088 I art     : Explicit concurrent mark sweep GC freed 2766(224KB) AllocSpace objects, 2(48KB) LOS objects, 7% free, 184MB/200MB, paused 1.443ms total 72.774ms
08-05 18:51:52.069  8341 10088 I art     : Starting a blocking GC Explicit
08-05 18:51:52.131  8341 10088 I art     : Explicit concurrent mark sweep GC freed 45(1904B) AllocSpace objects, 0(0B) LOS objects, 7% free, 184MB/200MB, paused 1.421ms total 61.635ms
08-05 18:51:52.151  8341 10088 I art     : Starting a blocking GC Explicit
08-05 18:51:52.209  8341 10088 I art     : Explicit concurrent mark sweep GC freed 3(96B) AllocSpace objects, 0(0B) LOS objects, 7% free, 184MB/200MB, paused 1.402ms total 57.384ms
08-05 18:51:52.229  8341 10088 I art     : Starting a blocking GC Explicit
08-05 18:51:52.285  8341 10088 I art     : Explicit concurrent mark sweep GC freed 3(96B) AllocSpace objects, 0(0B) LOS objects, 7% free, 184MB/200MB, paused 1.427ms total 55.963ms
08-05 18:51:52.304  8341 10088 I art     : Starting a blocking GC Explicit
08-05 18:51:52.363  8341 10088 I art     : Explicit concurrent mark sweep GC freed 40(1088B) AllocSpace objects, 0(0B) LOS objects, 7% free, 184MB/200MB, paused 1.399ms total 58.356ms
08-05 18:51:52.698 10985 10985 D AndroidRuntime: >>>>>> START com.android.internal.os.RuntimeInit uid 2000 <<<<<<
08-05 18:51:52.704 10985 10985 D AndroidRuntime: CheckJNI is OFF
08-05 18:51:52.741 10985 10985 D ICU     : No timezone override file found: /data/misc/zoneinfo/current/icu/icu_tzdata.dat
08-05 18:51:52.771  8341 10088 I art     : Starting a blocking GC Explicit
08-05 18:51:52.779 10985 10985 I Radio-JNI: register_android_hardware_Radio DONE
08-05 18:51:52.807 10985 10985 D AndroidRuntime: Calling main entry com.android.commands.input.Input
08-05 18:51:52.809 10985 10985 I Input   : injectMotionEvent: MotionEvent { action=ACTION_DOWN, actionButton=0, id[0]=0, x[0]=657.0, y[0]=2080.0, toolType[0]=TOOL_TYPE_UNKNOWN, buttonState=0, metaState=0, flags=0x0, edgeFlags=0x0, pointerCount=1, historySize=0, eventTime=816729221, downTime=816729221, deviceId=0, source=0x1002 }
08-05 18:51:52.822 10985 10985 I Input   : injectMotionEvent: MotionEvent { action=ACTION_UP, actionButton=0, id[0]=0, x[0]=657.0, y[0]=2080.0, toolType[0]=TOOL_TYPE_UNKNOWN, buttonState=0, metaState=0, flags=0x0, edgeFlags=0x0, pointerCount=1, historySize=0, eventTime=816729221, downTime=816729221, deviceId=0, source=0x1002 }
08-05 18:51:52.828  8341 10088 I art     : Explicit concurrent mark sweep GC freed 1598(92KB) AllocSpace objects, 2(48KB) LOS objects, 7% free, 184MB/200MB, paused 1.473ms total 56.660ms
08-05 18:51:52.847  8341 10088 I art     : Starting a blocking GC Explicit
08-05 18:51:52.861 10985 10985 D AndroidRuntime: Shutting down VM
08-05 18:51:52.898   918  3359 I ActivityManager: START u0 {cmp=baseline.io.github.project_travel_mate/.utilities.UpcomingWeekendsActivity} from uid 10674 on display 0
08-05 18:51:52.899   512  2967 D audio_hw_primary: out_set_parameters: enter: usecase(1: low-latency-playback) kvpairs: routing=2
08-05 18:51:52.904  8341 10088 I art     : Explicit concurrent mark sweep GC freed 32(1136B) AllocSpace objects, 0(0B) LOS objects, 7% free, 184MB/200MB, paused 1.498ms total 56.271ms
08-05 18:51:52.912   512  2967 D audio_hw_primary: select_devices: out_snd_device(2: speaker) in_snd_device(0: none)
08-05 18:51:52.912   512  2967 D msm8974_platform: platform_send_audio_calibration: sending audio calibration for snd_device(2) acdb_id(15)
08-05 18:51:52.912   512  2967 I soundtrigger: audio_extn_sound_trigger_update_device_status: device 0x2 of type 0 for Event 1
08-05 18:51:52.922   512  2967 D audio_hw_primary: enable_snd_device: snd_device(2: speaker)
08-05 18:51:52.923  8341 10088 I art     : Starting a blocking GC Explicit
08-05 18:51:52.924   512  2967 D audio_hw_primary: enable_audio_route: apply and update mixer path: low-latency-playback speaker
08-05 18:51:52.928  8341  8415 D Gabe    : call	returning from cache
08-05 18:51:52.930  8341  8341 V EXECUTING: https://project-travel-mate.herokuapp.com/api/get-upcoming-holidays/2020
08-05 18:51:52.932  8341  8341 V EXECUTING: https://project-travel-mate.herokuapp.com/api/get-upcoming-holidays/2020
08-05 18:51:52.976  8341 10088 I art     : Explicit concurrent mark sweep GC freed 726(56KB) AllocSpace objects, 0(0B) LOS objects, 7% free, 185MB/201MB, paused 1.741ms total 52.357ms
08-05 18:51:52.994  8341 10088 I art     : Starting a blocking GC Explicit
08-05 18:51:53.023 13866 13866 I GoogleInputMethodServic: GoogleInputMethodService.onFinishInput():3138 
08-05 18:51:53.024 13866 13866 I GoogleInputMethodServic: GoogleInputMethodService.onStartInput():1808 
08-05 18:51:53.049  8341 10088 I art     : Explicit concurrent mark sweep GC freed 943(37KB) AllocSpace objects, 0(0B) LOS objects, 7% free, 189MB/205MB, paused 2.086ms total 54.382ms
08-05 18:51:53.069  8341 10088 I art     : Starting a blocking GC Explicit
08-05 18:51:53.121  8341 10088 I art     : Explicit concurrent mark sweep GC freed 233(13KB) AllocSpace objects, 0(0B) LOS objects, 7% free, 189MB/205MB, paused 1.719ms total 52.459ms
08-05 18:51:53.122   918   936 I ActivityManager: Displayed baseline.io.github.project_travel_mate/.utilities.UpcomingWeekendsActivity: +217ms
08-05 18:51:53.359   380   380 W SurfaceFlinger: couldn't log to binary event log: overflow.
08-05 18:51:53.459   512  2967 D audio_hw_primary: disable_audio_route: reset and update mixer path: low-latency-playback speaker
08-05 18:51:53.461   512  2967 D audio_hw_primary: disable_snd_device: snd_device(2: speaker)
08-05 18:51:53.471   512  2967 I soundtrigger: audio_extn_sound_trigger_update_device_status: device 0x2 of type 0 for Event 0
08-05 18:51:53.526  8341  8354 I art     : Starting a blocking GC Explicit
08-05 18:51:53.541  8341 11010 I NAPPA_EXPERIMENTATION: MetricNetworkRequestExecutionTime: REQUEST_DURATION_SYSTEM='608',REQUEST_DURATION_OKHTTP='50',REQUEST_SYNCHRONOUS='FALSE',RESPONSE_CODE='200',RESPONSE_METHOD='GET',RESPONSE_LENGTH_OKHTTP='6426',RESPONSE_LENGTH_HEADER='6426',REQUEST_PROTOCOL='http/1.1',REQUEST_URL='https://project-travel-mate.herokuapp.com/api/get-upcoming-holidays/2020',
08-05 18:51:53.551  8341 11009 I NAPPA_EXPERIMENTATION: MetricNetworkRequestExecutionTime: REQUEST_DURATION_SYSTEM='620',REQUEST_DURATION_OKHTTP='58',REQUEST_SYNCHRONOUS='FALSE',RESPONSE_CODE='200',RESPONSE_METHOD='GET',RESPONSE_LENGTH_OKHTTP='6426',RESPONSE_LENGTH_HEADER='6426',REQUEST_PROTOCOL='http/1.1',REQUEST_URL='https://project-travel-mate.herokuapp.com/api/get-upcoming-holidays/2020',
08-05 18:51:53.583  8341  8354 I art     : Explicit concurrent mark sweep GC freed 7591(389KB) AllocSpace objects, 10(480KB) LOS objects, 7% free, 190MB/206MB, paused 1.760ms total 56.645ms
08-05 18:51:53.602  8341  8354 I art     : Starting a blocking GC Explicit
08-05 18:51:53.608   518   646 I ThermalEngine: ACTION: GPU - Setting GPU[0] to 390000000
08-05 18:51:53.673  8341  8354 I art     : Explicit concurrent mark sweep GC freed 2085(238KB) AllocSpace objects, 1(16KB) LOS objects, 7% free, 189MB/205MB, paused 2.124ms total 70.848ms
08-05 18:51:53.691  8341  8341 V Response: [{"month":"January","date":1,"day":"Wednesday","name":"New Year's Day","type":"Restricted"},{"month":"January","date":2,"day":"Thursday","name":"Guru Govind Singh Jayanti","type":"Restricted"},{"month":"January","date":14,"day":"Tuesday","name":"Lohri","type":"Restricted"},{"month":"January","date":15,"day":"Wednesday","name":"Pongal","type":"Restricted"},{"month":"January","date":15,"day":"Wednesday","name":"Makar Sankranti","type":"Restricted"},{"month":"January","date":25,"day":"Saturday","name":"Chinese New Year","type":"Observance"},{"month":"January","date":26,"day":"Sunday","name":"Republic Day","type":"Gazetted"},{"month":"January","date":30,"day":"Thursday","name":"Vasant Panchami","type":"Restricted"},{"month":"February","date":9,"day":"Sunday","name":"Guru Ravidas Jayanti","type":"Restricted"},{"month":"February","date":14,"day":"Friday","name":"Valentine's Day","type":"Observance"},{"month":"February","date":18,"day":"Tuesday","name":"Maharishi Dayanand Saraswati Jayanti","type":"Restricted"},{"month":"February","date":19,"day":"Wednesday","name":"Shivaji Jayanti","type":"Restricted"},{"month":"February","date":21,"day":"Friday","name":"Maha Shivaratri/Shivaratri","type":"Gazetted"},{"month":"March","date":9,"day":"Monday","name":"Holika Dahana","type":"Restricted"},{"month":"March","date":9,"day":"Monday","name":"Hazarat Ali's Birthday","type":"Restricted"},{"month":"March","date":10,"day":"Tuesday","name":"Holi","type":"Gazetted"},{"month":"March","date":20,"day":"Friday","name":"March Equinox","type":"Season"},{"month":"March","date":25,"day":"Wednesday","name":"Chaitra Sukhladi","type":"Restricted"},{"month":"April","date":2,"day":"Thursday","name":"Rama Navami","type":"Gazetted"},{"month":"April","date":6,"day":"Monday","name":"Mahavir Jayanti","type":"Gazetted"},{"month":"April","date":9,"day":"Thursday","name":"First day of Passover","type":"Observance"},{"month":"April","date":9,"day":"Thursday","name":"Maundy Thursday","type":"Observance,"},{"month":"April","date":10,"day":"Friday","name":"Good Friday","type":"Gazetted"},{"month":"April","date":12,"day":"Sunday","name":"Easter Day","type":"Restricted"},{"month":"April","date":13,"day":"Monday","name":"Vaisakhi","type":"Restricted"},{"month":"April","date":14,"day":"Tuesday","name":"Mesadi/Vaisakhadi","type":"Restricted"},{"month":"April","date":14,"day":"Tuesday","name":"Ambedkar Jayanti","type":"Central"},{"month":"May","date":1,"day":"Friday","name":"May Day","type":"Observance"},{"month":"May","date":7,"day":"Thursday","name":"Buddha Purnima/Vesak","type":"Gazetted"},{"month":"May","date":7,"day":"Thursday","name":"Birthday of Ravindranath","type":"Restricted"},{"month":"May","date":10,"day":"Sunday","name":"Mother's Day","type":"Observance"},{"month":"May","date":22,"day":"Friday","name":"Jamat Ul-Vida","type":"Restricted"},{"month":"May","date":25,"day":"Monday","name":"Ramzan Id/Eid-ul-Fitar","type":"Gazetted"},{"month":"May","date":25,"day":"Monday","name":"Ramzan Id/Eid-ul-Fitar","type":"Muslim,"},{"month":"June","date":21,"day":"Sunday","name":"June Solstice","type":"Season"},{"month":"June","date":21,"day":"Sunday","name":"Father's Day","type":"Observance"},{"month":"June","date":23,"day":"Tuesday","name":"Rath Yatra","type":"Restricted"},{"month":"July","date":5,"day":"Sunday","name":"Guru Purnima","type":"Observance"},{"month":"July","date":31,"day":"Friday","name":"Bakr Id/Eid ul-Adha","type":"Gazetted"},{"month":"August","date":2,"day":"Sunday","name":"Friendship Day","type":"Observance"},{"month":"August","date":3,"day":"Monday","name":"Raksha Bandhan (Rakhi)","type":"Restricted"},{"month":"August","date":11,"day":"Tuesday","name":"Janmashtami (Smarta)","type":"Restricted"},{"month":"August","date":12,"day":"Wednesday","name":"Janmashtami","type":"Gazetted"},{"month":"August","date":15,"day":"Saturday","name":"Independence Day","type":"Gazetted"},{"month":"August","date":16,"day":"Sunday","name":"Parsi New Year","type":"Restricted"},{"month":"August","date":22,"day":"Saturday","name":"Ganesh Chaturthi/Vin
08-05 18:51:53.696  8341  8341 V Response: [{"month":"January","date":1,"day":"Wednesday","name":"New Year's Day","type":"Restricted"},{"month":"January","date":2,"day":"Thursday","name":"Guru Govind Singh Jayanti","type":"Restricted"},{"month":"January","date":14,"day":"Tuesday","name":"Lohri","type":"Restricted"},{"month":"January","date":15,"day":"Wednesday","name":"Pongal","type":"Restricted"},{"month":"January","date":15,"day":"Wednesday","name":"Makar Sankranti","type":"Restricted"},{"month":"January","date":25,"day":"Saturday","name":"Chinese New Year","type":"Observance"},{"month":"January","date":26,"day":"Sunday","name":"Republic Day","type":"Gazetted"},{"month":"January","date":30,"day":"Thursday","name":"Vasant Panchami","type":"Restricted"},{"month":"February","date":9,"day":"Sunday","name":"Guru Ravidas Jayanti","type":"Restricted"},{"month":"February","date":14,"day":"Friday","name":"Valentine's Day","type":"Observance"},{"month":"February","date":18,"day":"Tuesday","name":"Maharishi Dayanand Saraswati Jayanti","type":"Restricted"},{"month":"February","date":19,"day":"Wednesday","name":"Shivaji Jayanti","type":"Restricted"},{"month":"February","date":21,"day":"Friday","name":"Maha Shivaratri/Shivaratri","type":"Gazetted"},{"month":"March","date":9,"day":"Monday","name":"Holika Dahana","type":"Restricted"},{"month":"March","date":9,"day":"Monday","name":"Hazarat Ali's Birthday","type":"Restricted"},{"month":"March","date":10,"day":"Tuesday","name":"Holi","type":"Gazetted"},{"month":"March","date":20,"day":"Friday","name":"March Equinox","type":"Season"},{"month":"March","date":25,"day":"Wednesday","name":"Chaitra Sukhladi","type":"Restricted"},{"month":"April","date":2,"day":"Thursday","name":"Rama Navami","type":"Gazetted"},{"month":"April","date":6,"day":"Monday","name":"Mahavir Jayanti","type":"Gazetted"},{"month":"April","date":9,"day":"Thursday","name":"First day of Passover","type":"Observance"},{"month":"April","date":9,"day":"Thursday","name":"Maundy Thursday","type":"Observance,"},{"month":"April","date":10,"day":"Friday","name":"Good Friday","type":"Gazetted"},{"month":"April","date":12,"day":"Sunday","name":"Easter Day","type":"Restricted"},{"month":"April","date":13,"day":"Monday","name":"Vaisakhi","type":"Restricted"},{"month":"April","date":14,"day":"Tuesday","name":"Mesadi/Vaisakhadi","type":"Restricted"},{"month":"April","date":14,"day":"Tuesday","name":"Ambedkar Jayanti","type":"Central"},{"month":"May","date":1,"day":"Friday","name":"May Day","type":"Observance"},{"month":"May","date":7,"day":"Thursday","name":"Buddha Purnima/Vesak","type":"Gazetted"},{"month":"May","date":7,"day":"Thursday","name":"Birthday of Ravindranath","type":"Restricted"},{"month":"May","date":10,"day":"Sunday","name":"Mother's Day","type":"Observance"},{"month":"May","date":22,"day":"Friday","name":"Jamat Ul-Vida","type":"Restricted"},{"month":"May","date":25,"day":"Monday","name":"Ramzan Id/Eid-ul-Fitar","type":"Gazetted"},{"month":"May","date":25,"day":"Monday","name":"Ramzan Id/Eid-ul-Fitar","type":"Muslim,"},{"month":"June","date":21,"day":"Sunday","name":"June Solstice","type":"Season"},{"month":"June","date":21,"day":"Sunday","name":"Father's Day","type":"Observance"},{"month":"June","date":23,"day":"Tuesday","name":"Rath Yatra","type":"Restricted"},{"month":"July","date":5,"day":"Sunday","name":"Guru Purnima","type":"Observance"},{"month":"July","date":31,"day":"Friday","name":"Bakr Id/Eid ul-Adha","type":"Gazetted"},{"month":"August","date":2,"day":"Sunday","name":"Friendship Day","type":"Observance"},{"month":"August","date":3,"day":"Monday","name":"Raksha Bandhan (Rakhi)","type":"Restricted"},{"month":"August","date":11,"day":"Tuesday","name":"Janmashtami (Smarta)","type":"Restricted"},{"month":"August","date":12,"day":"Wednesday","name":"Janmashtami","type":"Gazetted"},{"month":"August","date":15,"day":"Saturday","name":"Independence Day","type":"Gazetted"},{"month":"August","date":16,"day":"Sunday","name":"Parsi New Year","type":"Restricted"},{"month":"August","date":22,"day":"Saturday","name":"Ganesh Chaturthi/Vin
08-05 18:51:53.697  8341  8354 I art     : Starting a blocking GC Explicit
08-05 18:51:53.765  8341  8354 I art     : Explicit concurrent mark sweep GC freed 7556(276KB) AllocSpace objects, 0(0B) LOS objects, 7% free, 190MB/206MB, paused 2.549ms total 68.227ms
08-05 18:51:53.791  8341  8354 I art     : Starting a blocking GC Explicit
08-05 18:51:53.869  8341  8354 I art     : Explicit concurrent mark sweep GC freed 1996(68KB) AllocSpace objects, 1(4MB) LOS objects, 7% free, 185MB/201MB, paused 2.158ms total 76.767ms
08-05 18:51:53.896  8341  8354 I art     : Starting a blocking GC Explicit
08-05 18:51:53.948  8320  8320 I ServiceManager: Waiting for service AtCmdFwd...
08-05 18:51:53.976  8341  8354 I art     : Explicit concurrent mark sweep GC freed 189(4KB) AllocSpace objects, 0(0B) LOS objects, 7% free, 185MB/201MB, paused 2.212ms total 79.542ms
08-05 18:51:54.433  8341  8359 I art     : Starting a blocking GC Explicit
08-05 18:51:54.513  8341  8359 I art     : Explicit concurrent mark sweep GC freed 2403(106KB) AllocSpace objects, 2(48KB) LOS objects, 7% free, 185MB/201MB, paused 2.385ms total 80.417ms
08-05 18:51:54.542  8341  8359 I art     : Starting a blocking GC Explicit
08-05 18:51:54.621  8341  8359 I art     : Explicit concurrent mark sweep GC freed 216(4KB) AllocSpace objects, 0(0B) LOS objects, 7% free, 185MB/201MB, paused 2.252ms total 78.780ms
08-05 18:51:54.650  8341  8359 I art     : Starting a blocking GC Explicit
08-05 18:51:54.728  8341  8359 I art     : Explicit concurrent mark sweep GC freed 159(3KB) AllocSpace objects, 0(0B) LOS objects, 7% free, 185MB/201MB, paused 2.327ms total 78.023ms
08-05 18:51:54.756  8341  8359 I art     : Starting a blocking GC Explicit
08-05 18:51:54.837  8341  8359 I art     : Explicit concurrent mark sweep GC freed 180(3KB) AllocSpace objects, 0(0B) LOS objects, 7% free, 185MB/201MB, paused 2.197ms total 79.967ms
08-05 18:51:54.865  8341  8359 I art     : Starting a blocking GC Explicit
08-05 18:51:54.943  8341  8359 I art     : Explicit concurrent mark sweep GC freed 148(2528B) AllocSpace objects, 0(0B) LOS objects, 7% free, 185MB/201MB, paused 2.276ms total 77.099ms
08-05 18:51:54.949  8320  8320 I ServiceManager: Waiting for service AtCmdFwd...
08-05 18:51:55.432  8341  8353 I art     : Starting a blocking GC Explicit
08-05 18:51:55.512  8341  8353 I art     : Explicit concurrent mark sweep GC freed 2439(106KB) AllocSpace objects, 2(48KB) LOS objects, 7% free, 185MB/201MB, paused 2.241ms total 78.922ms
08-05 18:51:55.540  8341  8353 I art     : Starting a blocking GC Explicit
08-05 18:51:55.618  8341  8353 I art     : Explicit concurrent mark sweep GC freed 196(3KB) AllocSpace objects, 0(0B) LOS objects, 7% free, 185MB/201MB, paused 2.366ms total 78.465ms
08-05 18:51:55.647  8341  8353 I art     : Starting a blocking GC Explicit
08-05 18:51:55.725  8341  8353 I art     : Explicit concurrent mark sweep GC freed 147(2496B) AllocSpace objects, 0(0B) LOS objects, 7% free, 185MB/201MB, paused 2.159ms total 78.223ms
08-05 18:51:55.753  8341  8353 I art     : Starting a blocking GC Explicit
08-05 18:51:55.833  8341  8353 I art     : Explicit concurrent mark sweep GC freed 156(2640B) AllocSpace objects, 0(0B) LOS objects, 7% free, 185MB/201MB, paused 2.478ms total 79.373ms
08-05 18:51:55.861  8341  8353 I art     : Starting a blocking GC Explicit
08-05 18:51:55.939  8341  8353 I art     : Explicit concurrent mark sweep GC freed 161(2720B) AllocSpace objects, 0(0B) LOS objects, 7% free, 185MB/201MB, paused 2.295ms total 77.770ms
08-05 18:51:55.949  8320  8320 I ServiceManager: Waiting for service AtCmdFwd...
08-05 18:51:56.412  8341  8619 I art     : Starting a blocking GC Explicit
08-05 18:51:56.494  8341  8619 I art     : Explicit concurrent mark sweep GC freed 2416(106KB) AllocSpace objects, 2(48KB) LOS objects, 7% free, 185MB/201MB, paused 2.245ms total 80.875ms
08-05 18:51:56.522  8341  8619 I art     : Starting a blocking GC Explicit
08-05 18:51:56.600  8341  8619 I art     : Explicit concurrent mark sweep GC freed 179(3KB) AllocSpace objects, 0(0B) LOS objects, 7% free, 185MB/201MB, paused 2.623ms total 77.599ms
08-05 18:51:56.600  8341  8352 I art     : WaitForGcToComplete blocked for 42.144ms for cause HeapTrim
08-05 18:51:56.628  8341  8619 I art     : Starting a blocking GC Explicit
08-05 18:51:56.708  8341  8619 I art     : Explicit concurrent mark sweep GC freed 164(2768B) AllocSpace objects, 0(0B) LOS objects, 7% free, 185MB/201MB, paused 2.155ms total 79.172ms
08-05 18:51:56.736  8341  8619 I art     : Starting a blocking GC Explicit
08-05 18:51:56.815  8341  8619 I art     : Explicit concurrent mark sweep GC freed 148(2528B) AllocSpace objects, 0(0B) LOS objects, 7% free, 185MB/201MB, paused 2.180ms total 78.073ms
08-05 18:51:56.843  8341  8619 I art     : Starting a blocking GC Explicit
08-05 18:51:56.923  8341  8619 I art     : Explicit concurrent mark sweep GC freed 171(2896B) AllocSpace objects, 0(0B) LOS objects, 7% free, 185MB/201MB, paused 2.287ms total 79.754ms
08-05 18:51:56.950  8320  8320 I ServiceManager: Waiting for service AtCmdFwd...
08-05 18:51:57.398  8341 10088 I art     : Starting a blocking GC Explicit
08-05 18:51:57.475  8341 10088 I art     : Explicit concurrent mark sweep GC freed 2453(107KB) AllocSpace objects, 2(48KB) LOS objects, 7% free, 185MB/201MB, paused 2.212ms total 75.909ms
08-05 18:51:57.502  8341 10088 I art     : Starting a blocking GC Explicit
08-05 18:51:57.577  8341 10088 I art     : Explicit concurrent mark sweep GC freed 210(4KB) AllocSpace objects, 0(0B) LOS objects, 7% free, 185MB/201MB, paused 2.090ms total 75.302ms
08-05 18:51:57.604  8341 10088 I art     : Starting a blocking GC Explicit
08-05 18:51:57.614   518   646 I ThermalEngine: ACTION: GPU - Setting GPU[0] to 450000000
08-05 18:51:57.663  8341 10088 I art     : Explicit concurrent mark sweep GC freed 134(2720B) AllocSpace objects, 0(0B) LOS objects, 7% free, 185MB/201MB, paused 1.421ms total 58.994ms
08-05 18:51:57.683  8341 10088 I art     : Starting a blocking GC Explicit
08-05 18:51:57.716 11057 11057 D AndroidRuntime: >>>>>> START com.android.internal.os.RuntimeInit uid 2000 <<<<<<
08-05 18:51:57.722 11057 11057 D AndroidRuntime: CheckJNI is OFF
08-05 18:51:57.744  8341 10088 I art     : Explicit concurrent mark sweep GC freed 134(2672B) AllocSpace objects, 0(0B) LOS objects, 7% free, 185MB/201MB, paused 1.445ms total 60.928ms
08-05 18:51:57.764  8341 10088 I art     : Starting a blocking GC Explicit
08-05 18:51:57.770 11057 11057 D ICU     : No timezone override file found: /data/misc/zoneinfo/current/icu/icu_tzdata.dat
08-05 18:51:57.812 11057 11057 I Radio-JNI: register_android_hardware_Radio DONE
08-05 18:51:57.827  8341 10088 I art     : Explicit concurrent mark sweep GC freed 123(2096B) AllocSpace objects, 0(0B) LOS objects, 7% free, 185MB/201MB, paused 1.527ms total 62.464ms
08-05 18:51:57.843 11057 11057 D AndroidRuntime: Calling main entry com.android.commands.input.Input
08-05 18:51:57.845 11057 11057 I Input   : injectKeyEvent: KeyEvent { action=ACTION_DOWN, keyCode=KEYCODE_BACK, scanCode=0, metaState=0, flags=0x0, repeatCount=0, eventTime=816734258, downTime=816734258, deviceId=-1, source=0x101 }
08-05 18:51:57.852 11057 11057 I Input   : injectKeyEvent: KeyEvent { action=ACTION_UP, keyCode=KEYCODE_BACK, scanCode=0, metaState=0, flags=0x0, repeatCount=0, eventTime=816734258, downTime=816734258, deviceId=-1, source=0x101 }
08-05 18:51:57.858 11057 11057 D AndroidRuntime: Shutting down VM
08-05 18:51:57.866  8341  8341 V MainActivity: url = https://project-travel-mate.herokuapp.com/api/number-of-unread-notifications
08-05 18:51:57.895 13866 13866 I GoogleInputMethodServic: GoogleInputMethodService.onFinishInput():3138 
08-05 18:51:57.897 13866 13866 I GoogleInputMethodServic: GoogleInputMethodService.onStartInput():1808 
08-05 18:51:57.950  8320  8320 I ServiceManager: Waiting for service AtCmdFwd...
08-05 18:51:58.207  8341 10088 I art     : Starting a blocking GC Explicit
08-05 18:51:58.247   380   380 W SurfaceFlinger: couldn't log to binary event log: overflow.
08-05 18:51:58.272  8341 10088 I art     : Explicit concurrent mark sweep GC freed 2621(124KB) AllocSpace objects, 2(48KB) LOS objects, 7% free, 185MB/201MB, paused 1.554ms total 64.412ms
08-05 18:51:58.292  8341 10088 I art     : Starting a blocking GC Explicit
08-05 18:51:58.349  8341 10088 I art     : Explicit concurrent mark sweep GC freed 126(4KB) AllocSpace objects, 1(188KB) LOS objects, 7% free, 185MB/201MB, paused 1.468ms total 57.042ms
08-05 18:51:58.369  8341 10088 I art     : Starting a blocking GC Explicit
08-05 18:51:58.429  8341 10088 I art     : Explicit concurrent mark sweep GC freed 6624(360KB) AllocSpace objects, 13(264KB) LOS objects, 7% free, 185MB/201MB, paused 1.628ms total 59.654ms
08-05 18:51:58.448  8341 10088 I art     : Starting a blocking GC Explicit
08-05 18:51:58.509  8341 10088 I art     : Explicit concurrent mark sweep GC freed 6(208B) AllocSpace objects, 0(0B) LOS objects, 7% free, 185MB/201MB, paused 1.567ms total 60.535ms
08-05 18:51:58.529  8341 10088 I art     : Starting a blocking GC Explicit
08-05 18:51:58.592  8341 10088 I art     : Explicit concurrent mark sweep GC freed 3(96B) AllocSpace objects, 0(0B) LOS objects, 7% free, 185MB/201MB, paused 1.647ms total 62.995ms
08-05 18:51:58.746  8341 11078 I NAPPA_EXPERIMENTATION: MetricNetworkRequestExecutionTime: REQUEST_DURATION_SYSTEM='879',REQUEST_DURATION_OKHTTP='36',REQUEST_SYNCHRONOUS='FALSE',RESPONSE_CODE='200',RESPONSE_METHOD='GET',RESPONSE_LENGTH_OKHTTP='36',RESPONSE_LENGTH_HEADER='36',REQUEST_PROTOCOL='http/1.1',REQUEST_URL='https://project-travel-mate.herokuapp.com/api/number-of-unread-notifications',
08-05 18:51:58.951  8320  8320 W Atfwd_Sendcmd: AtCmdFwd service not published, waiting... retryCnt : 4
08-05 18:51:59.004  8341  8354 I art     : Starting a blocking GC Explicit
08-05 18:51:59.085  8341  8354 I art     : Explicit concurrent mark sweep GC freed 4387(240KB) AllocSpace objects, 5(248KB) LOS objects, 7% free, 185MB/201MB, paused 1.660ms total 80.122ms
08-05 18:51:59.114  8341  8354 I art     : Starting a blocking GC Explicit
08-05 18:51:59.172  8341  8354 I art     : Explicit concurrent mark sweep GC freed 964(117KB) AllocSpace objects, 0(0B) LOS objects, 7% free, 185MB/201MB, paused 1.473ms total 58.230ms
08-05 18:51:59.192  8341  8354 I art     : Starting a blocking GC Explicit
08-05 18:51:59.251  8341  8354 I art     : Explicit concurrent mark sweep GC freed 3(96B) AllocSpace objects, 0(0B) LOS objects, 7% free, 185MB/201MB, paused 1.504ms total 58.802ms
08-05 18:51:59.271  8341  8354 I art     : Starting a blocking GC Explicit
08-05 18:51:59.336  8341  8354 I art     : Explicit concurrent mark sweep GC freed 40(1088B) AllocSpace objects, 0(0B) LOS objects, 7% free, 185MB/201MB, paused 1.495ms total 64.316ms
08-05 18:51:59.355  8341  8354 I art     : Starting a blocking GC Explicit
08-05 18:51:59.415  8341  8354 I art     : Explicit concurrent mark sweep GC freed 3(96B) AllocSpace objects, 0(0B) LOS objects, 7% free, 185MB/201MB, paused 1.424ms total 59.410ms
08-05 18:51:59.653 11101 11101 D AndroidRuntime: >>>>>> START com.android.internal.os.RuntimeInit uid 2000 <<<<<<
08-05 18:51:59.658 11101 11101 D AndroidRuntime: CheckJNI is OFF
08-05 18:51:59.697 11101 11101 D ICU     : No timezone override file found: /data/misc/zoneinfo/current/icu/icu_tzdata.dat
08-05 18:51:59.738 11101 11101 I Radio-JNI: register_android_hardware_Radio DONE
08-05 18:51:59.765 11101 11101 D AndroidRuntime: Calling main entry com.android.commands.input.Input
08-05 18:51:59.778 11101 11101 I Input   : injectMotionEvent: MotionEvent { action=ACTION_DOWN, actionButton=0, id[0]=0, x[0]=117.0, y[0]=170.0, toolType[0]=TOOL_TYPE_UNKNOWN, buttonState=0, metaState=0, flags=0x0, edgeFlags=0x0, pointerCount=1, historySize=0, eventTime=816736191, downTime=816736191, deviceId=0, source=0x1002 }
08-05 18:51:59.804 11101 11101 I Input   : injectMotionEvent: MotionEvent { action=ACTION_UP, actionButton=0, id[0]=0, x[0]=117.0, y[0]=170.0, toolType[0]=TOOL_TYPE_UNKNOWN, buttonState=0, metaState=0, flags=0x0, edgeFlags=0x0, pointerCount=1, historySize=0, eventTime=816736191, downTime=816736191, deviceId=0, source=0x1002 }
08-05 18:51:59.806 11101 11101 D AndroidRuntime: Shutting down VM
08-05 18:51:59.816  8341  8354 I art     : Starting a blocking GC Explicit
08-05 18:51:59.821   512  2967 D audio_hw_primary: out_set_parameters: enter: usecase(1: low-latency-playback) kvpairs: routing=2
08-05 18:51:59.833   512  2967 D audio_hw_primary: select_devices: out_snd_device(2: speaker) in_snd_device(0: none)
08-05 18:51:59.833   512  2967 D msm8974_platform: platform_send_audio_calibration: sending audio calibration for snd_device(2) acdb_id(15)
08-05 18:51:59.834   512  2967 I soundtrigger: audio_extn_sound_trigger_update_device_status: device 0x2 of type 0 for Event 1
08-05 18:51:59.843   512  2967 D audio_hw_primary: enable_snd_device: snd_device(2: speaker)
08-05 18:51:59.845   512  2967 D audio_hw_primary: enable_audio_route: apply and update mixer path: low-latency-playback speaker
08-05 18:51:59.873  8341  8354 I art     : Explicit concurrent mark sweep GC freed 1626(93KB) AllocSpace objects, 2(48KB) LOS objects, 7% free, 185MB/201MB, paused 1.572ms total 56.592ms
08-05 18:51:59.892  8341  8354 I art     : Starting a blocking GC Explicit
08-05 18:51:59.947  8341  8354 I art     : Explicit concurrent mark sweep GC freed 327(17KB) AllocSpace objects, 0(0B) LOS objects, 7% free, 185MB/201MB, paused 1.596ms total 54.746ms
08-05 18:51:59.965  8341  8354 I art     : Starting a blocking GC Explicit
08-05 18:52:00.020  8341  8354 I art     : Explicit concurrent mark sweep GC freed 109(4KB) AllocSpace objects, 0(0B) LOS objects, 7% free, 185MB/201MB, paused 1.616ms total 54.525ms
08-05 18:52:00.042  8341  8354 I art     : Starting a blocking GC Explicit
08-05 18:52:00.094  8341  8354 I art     : Explicit concurrent mark sweep GC freed 3(96B) AllocSpace objects, 0(0B) LOS objects, 7% free, 185MB/201MB, paused 1.392ms total 51.998ms
08-05 18:52:00.112  8341  8354 I art     : Starting a blocking GC Explicit
08-05 18:52:00.163  8341  8354 I art     : Explicit concurrent mark sweep GC freed 3(96B) AllocSpace objects, 0(0B) LOS objects, 7% free, 185MB/201MB, paused 1.346ms total 49.877ms
08-05 18:52:00.389   512  2967 D audio_hw_primary: disable_audio_route: reset and update mixer path: low-latency-playback speaker
08-05 18:52:00.389   512  2967 D audio_hw_primary: disable_snd_device: snd_device(2: speaker)
08-05 18:52:00.397   512  2967 I soundtrigger: audio_extn_sound_trigger_update_device_status: device 0x2 of type 0 for Event 0
08-05 18:52:00.553 11124 11124 D AndroidRuntime: >>>>>> START com.android.internal.os.RuntimeInit uid 2000 <<<<<<
08-05 18:52:00.556  8341 10088 I art     : Starting a blocking GC Explicit
08-05 18:52:00.559 11124 11124 D AndroidRuntime: CheckJNI is OFF
08-05 18:52:00.603 11124 11124 D ICU     : No timezone override file found: /data/misc/zoneinfo/current/icu/icu_tzdata.dat
08-05 18:52:00.617  8341 10088 I art     : Explicit concurrent mark sweep GC freed 1655(94KB) AllocSpace objects, 2(48KB) LOS objects, 7% free, 185MB/201MB, paused 1.583ms total 60.640ms
08-05 18:52:00.623   518   646 I ThermalEngine: ACTION: GPU - Setting GPU[0] to 390000000
08-05 18:52:00.650  8341 10088 I art     : Starting a blocking GC Explicit
08-05 18:52:00.655 11124 11124 I Radio-JNI: register_android_hardware_Radio DONE
08-05 18:52:00.686 11124 11124 D AndroidRuntime: Calling main entry com.android.commands.input.Input
08-05 18:52:00.689 11124 11124 I Input   : injectMotionEvent: MotionEvent { action=ACTION_DOWN, actionButton=0, id[0]=0, x[0]=405.0, y[0]=661.0, toolType[0]=TOOL_TYPE_UNKNOWN, buttonState=0, metaState=0, flags=0x0, edgeFlags=0x0, pointerCount=1, historySize=0, eventTime=816737101, downTime=816737101, deviceId=0, source=0x1002 }
08-05 18:52:00.694 11124 11124 I Input   : injectMotionEvent: MotionEvent { action=ACTION_UP, actionButton=0, id[0]=0, x[0]=405.0, y[0]=661.0, toolType[0]=TOOL_TYPE_UNKNOWN, buttonState=0, metaState=0, flags=0x0, edgeFlags=0x0, pointerCount=1, historySize=0, eventTime=816737101, downTime=816737101, deviceId=0, source=0x1002 }
08-05 18:52:00.696 11124 11124 D AndroidRuntime: Shutting down VM
08-05 18:52:00.715   512  2967 D audio_hw_primary: out_set_parameters: enter: usecase(1: low-latency-playback) kvpairs: routing=2
08-05 18:52:00.727  8341 10088 I art     : Explicit concurrent mark sweep GC freed 468(20KB) AllocSpace objects, 0(0B) LOS objects, 7% free, 185MB/201MB, paused 3.942ms total 76.683ms
08-05 18:52:00.728   512  2967 D audio_hw_primary: select_devices: out_snd_device(2: speaker) in_snd_device(0: none)
08-05 18:52:00.728   512  2967 D msm8974_platform: platform_send_audio_calibration: sending audio calibration for snd_device(2) acdb_id(15)
08-05 18:52:00.728   512  2967 I soundtrigger: audio_extn_sound_trigger_update_device_status: device 0x2 of type 0 for Event 1
08-05 18:52:00.738   512  2967 D audio_hw_primary: enable_snd_device: snd_device(2: speaker)
08-05 18:52:00.741   512  2967 D audio_hw_primary: enable_audio_route: apply and update mixer path: low-latency-playback speaker
08-05 18:52:00.753  8341 10088 I art     : Starting a blocking GC Explicit
08-05 18:52:00.788   512  2967 D AudioFlinger: mixer(0xf4740000) throttle end: throttle time(12)
08-05 18:52:00.820  8341 10088 I art     : Explicit concurrent mark sweep GC freed 1557(52KB) AllocSpace objects, 0(0B) LOS objects, 7% free, 185MB/201MB, paused 2.086ms total 66.345ms
08-05 18:52:00.846  8341 10088 I art     : Starting a blocking GC Explicit
08-05 18:52:00.918  8341 10088 I art     : Explicit concurrent mark sweep GC freed 869(50KB) AllocSpace objects, 0(0B) LOS objects, 7% free, 185MB/201MB, paused 1.990ms total 71.133ms
08-05 18:52:00.941  8341 10088 I art     : Starting a blocking GC Explicit
08-05 18:52:01.014  8341 10088 I art     : Explicit concurrent mark sweep GC freed 45(1152B) AllocSpace objects, 9(252KB) LOS objects, 7% free, 185MB/201MB, paused 2.143ms total 72.104ms
08-05 18:52:01.280   512  2967 D audio_hw_primary: disable_audio_route: reset and update mixer path: low-latency-playback speaker
08-05 18:52:01.281   512  2967 D audio_hw_primary: disable_snd_device: snd_device(2: speaker)
08-05 18:52:01.289   512  2967 I soundtrigger: audio_extn_sound_trigger_update_device_status: device 0x2 of type 0 for Event 0
08-05 18:52:01.496  8341  8353 I art     : Starting a blocking GC Explicit
08-05 18:52:01.590  8341  8353 I art     : Explicit concurrent mark sweep GC freed 1647(93KB) AllocSpace objects, 2(48KB) LOS objects, 7% free, 185MB/201MB, paused 2.916ms total 93.185ms
08-05 18:52:01.618  8341  8353 I art     : Starting a blocking GC Explicit
08-05 18:52:01.698  8341  8353 I art     : Explicit concurrent mark sweep GC freed 28(1024B) AllocSpace objects, 0(0B) LOS objects, 7% free, 185MB/201MB, paused 2.795ms total 79.012ms
08-05 18:52:01.727  8341  8353 I art     : Starting a blocking GC Explicit
08-05 18:52:01.804  8341  8353 I art     : Explicit concurrent mark sweep GC freed 3(96B) AllocSpace objects, 0(0B) LOS objects, 7% free, 185MB/201MB, paused 2.254ms total 76.550ms
08-05 18:52:01.804  8341  8352 I art     : WaitForGcToComplete blocked for 76.937ms for cause HeapTrim
08-05 18:52:01.837  8341  8353 I art     : Starting a blocking GC Explicit
08-05 18:52:01.922  8341  8353 I art     : Explicit concurrent mark sweep GC freed 3(96B) AllocSpace objects, 0(0B) LOS objects, 7% free, 185MB/201MB, paused 2.600ms total 83.940ms
08-05 18:52:01.951  8341  8353 I art     : Starting a blocking GC Explicit
08-05 18:52:02.031  8341  8353 I art     : Explicit concurrent mark sweep GC freed 3(96B) AllocSpace objects, 0(0B) LOS objects, 7% free, 185MB/201MB, paused 2.875ms total 79.377ms
08-05 18:52:02.540  8341 10088 I art     : Starting a blocking GC Explicit
08-05 18:52:02.636  8341 10088 I art     : Explicit concurrent mark sweep GC freed 1636(93KB) AllocSpace objects, 2(48KB) LOS objects, 7% free, 185MB/201MB, paused 2.266ms total 96.046ms
08-05 18:52:02.664  8341 10088 I art     : Starting a blocking GC Explicit
08-05 18:52:02.744  8341 10088 I art     : Explicit concurrent mark sweep GC freed 42(1456B) AllocSpace objects, 0(0B) LOS objects, 7% free, 185MB/201MB, paused 2.498ms total 80.032ms
08-05 18:52:02.774  8341 10088 I art     : Starting a blocking GC Explicit
08-05 18:52:02.853  8341 10088 I art     : Explicit concurrent mark sweep GC freed 3(96B) AllocSpace objects, 0(0B) LOS objects, 7% free, 185MB/201MB, paused 2.650ms total 78.286ms
08-05 18:52:02.884  8341 10088 I art     : Starting a blocking GC Explicit
08-05 18:52:02.958  8341 10088 I art     : Explicit concurrent mark sweep GC freed 3(96B) AllocSpace objects, 0(0B) LOS objects, 7% free, 185MB/201MB, paused 2.281ms total 74.200ms
08-05 18:52:02.984  8341 10088 I art     : Starting a blocking GC Explicit
08-05 18:52:03.057  8341 10088 I art     : Explicit concurrent mark sweep GC freed 3(96B) AllocSpace objects, 0(0B) LOS objects, 7% free, 185MB/201MB, paused 2.103ms total 72.255ms
08-05 18:52:03.525  8341  8619 I art     : Starting a blocking GC Explicit
08-05 18:52:03.598 11167 11167 D AndroidRuntime: >>>>>> START com.android.internal.os.RuntimeInit uid 2000 <<<<<<
08-05 18:52:03.602  8341  8619 I art     : Explicit concurrent mark sweep GC freed 1635(93KB) AllocSpace objects, 2(48KB) LOS objects, 7% free, 185MB/201MB, paused 2.231ms total 76.066ms
08-05 18:52:03.604 11167 11167 D AndroidRuntime: CheckJNI is OFF
08-05 18:52:03.628  8341  8619 I art     : Starting a blocking GC Explicit
08-05 18:52:03.656 11167 11167 D ICU     : No timezone override file found: /data/misc/zoneinfo/current/icu/icu_tzdata.dat
08-05 18:52:03.702  8341  8619 I art     : Explicit concurrent mark sweep GC freed 61(2976B) AllocSpace objects, 0(0B) LOS objects, 7% free, 185MB/201MB, paused 2.213ms total 72.778ms
08-05 18:52:03.703 11167 11167 I Radio-JNI: register_android_hardware_Radio DONE
08-05 18:52:03.729  8341  8619 I art     : Starting a blocking GC Explicit
08-05 18:52:03.735 11167 11167 D AndroidRuntime: Calling main entry com.android.commands.input.Input
08-05 18:52:03.738 11167 11167 I Input   : injectMotionEvent: MotionEvent { action=ACTION_DOWN, actionButton=0, id[0]=0, x[0]=1341.0, y[0]=197.0, toolType[0]=TOOL_TYPE_UNKNOWN, buttonState=0, metaState=0, flags=0x0, edgeFlags=0x0, pointerCount=1, historySize=0, eventTime=816740150, downTime=816740150, deviceId=0, source=0x1002 }
08-05 18:52:03.743 11167 11167 I Input   : injectMotionEvent: MotionEvent { action=ACTION_UP, actionButton=0, id[0]=0, x[0]=1341.0, y[0]=197.0, toolType[0]=TOOL_TYPE_UNKNOWN, buttonState=0, metaState=0, flags=0x0, edgeFlags=0x0, pointerCount=1, historySize=0, eventTime=816740150, downTime=816740150, deviceId=0, source=0x1002 }
08-05 18:52:03.746 11167 11167 D AndroidRuntime: Shutting down VM
08-05 18:52:03.756   918  3696 I ActivityManager: START u0 {cmp=baseline.io.github.project_travel_mate/.notifications.NotificationsActivity} from uid 10674 on display 0
08-05 18:52:03.757   512  2967 D audio_hw_primary: out_set_parameters: enter: usecase(1: low-latency-playback) kvpairs: routing=2
08-05 18:52:03.771   512  2967 D audio_hw_primary: select_devices: out_snd_device(2: speaker) in_snd_device(0: none)
08-05 18:52:03.771   512  2967 D msm8974_platform: platform_send_audio_calibration: sending audio calibration for snd_device(2) acdb_id(15)
08-05 18:52:03.771   512  2967 I soundtrigger: audio_extn_sound_trigger_update_device_status: device 0x2 of type 0 for Event 1
08-05 18:52:03.795   512  2967 D audio_hw_primary: enable_snd_device: snd_device(2: speaker)
08-05 18:52:03.799   512  2967 D audio_hw_primary: enable_audio_route: apply and update mixer path: low-latency-playback speaker
08-05 18:52:03.809  8341  8619 I art     : Explicit concurrent mark sweep GC freed 523(26KB) AllocSpace objects, 0(0B) LOS objects, 7% free, 185MB/201MB, paused 2.868ms total 79.731ms
08-05 18:52:03.813  8341  8415 D Gabe    : call	returning from cache
08-05 18:52:03.823  8341  8341 V EXECUTING: https://project-travel-mate.herokuapp.com/api/get-notifications
08-05 18:52:03.827  8341  8341 V EXECUTING: https://project-travel-mate.herokuapp.com/api/get-notifications
08-05 18:52:03.836  8341  8619 I art     : Starting a blocking GC Explicit
08-05 18:52:03.903  8341  8619 I art     : Explicit concurrent mark sweep GC freed 1209(77KB) AllocSpace objects, 0(0B) LOS objects, 7% free, 189MB/205MB, paused 2.781ms total 66.101ms
08-05 18:52:03.930  8341  8619 I art     : Starting a blocking GC Explicit
08-05 18:52:03.985   918   936 I ActivityManager: Displayed baseline.io.github.project_travel_mate/.notifications.NotificationsActivity: +217ms
08-05 18:52:04.004 13866 13866 I GoogleInputMethodServic: GoogleInputMethodService.onFinishInput():3138 
08-05 18:52:04.005 13866 13866 I GoogleInputMethodServic: GoogleInputMethodService.onStartInput():1808 
08-05 18:52:04.008  8341  8619 I art     : Explicit concurrent mark sweep GC freed 577(27KB) AllocSpace objects, 0(0B) LOS objects, 7% free, 189MB/205MB, paused 2.477ms total 77.403ms
08-05 18:52:04.118  8341  8356 D OpenGLRenderer: endAllStagingAnimators on 0x7f7a97b800 (RippleDrawable) with handle 0x7f7a111620
08-05 18:52:04.221   380   380 W SurfaceFlinger: couldn't log to binary event log: overflow.
08-05 18:52:04.339   512  2967 D audio_hw_primary: disable_audio_route: reset and update mixer path: low-latency-playback speaker
08-05 18:52:04.340   512  2967 D audio_hw_primary: disable_snd_device: snd_device(2: speaker)
08-05 18:52:04.349   512  2967 I soundtrigger: audio_extn_sound_trigger_update_device_status: device 0x2 of type 0 for Event 0
08-05 18:52:04.469  8341  8619 I art     : Starting a blocking GC Explicit
08-05 18:52:04.535  8341  8619 I art     : Explicit concurrent mark sweep GC freed 2518(114KB) AllocSpace objects, 2(48KB) LOS objects, 7% free, 190MB/206MB, paused 2.188ms total 65.728ms
08-05 18:52:04.559  8341  8619 I art     : Starting a blocking GC Explicit
08-05 18:52:04.626  8341  8619 I art     : Explicit concurrent mark sweep GC freed 1726(125KB) AllocSpace objects, 4(240KB) LOS objects, 7% free, 190MB/206MB, paused 2.654ms total 67.002ms
08-05 18:52:04.651  8341  8619 I art     : Starting a blocking GC Explicit
08-05 18:52:04.719  8341 11192 I NAPPA_EXPERIMENTATION: MetricNetworkRequestExecutionTime: REQUEST_DURATION_SYSTEM='890',REQUEST_DURATION_OKHTTP='60',REQUEST_SYNCHRONOUS='FALSE',RESPONSE_CODE='200',RESPONSE_METHOD='GET',RESPONSE_LENGTH_OKHTTP='2',RESPONSE_LENGTH_HEADER='2',REQUEST_PROTOCOL='http/1.1',REQUEST_URL='https://project-travel-mate.herokuapp.com/api/get-notifications',
08-05 18:52:04.721  8341  8619 I art     : Explicit concurrent mark sweep GC freed 4444(223KB) AllocSpace objects, 2(160KB) LOS objects, 7% free, 190MB/206MB, paused 2.225ms total 69.110ms
08-05 18:52:04.730  8341 11191 I NAPPA_EXPERIMENTATION: MetricNetworkRequestExecutionTime: REQUEST_DURATION_SYSTEM='905',REQUEST_DURATION_OKHTTP='72',REQUEST_SYNCHRONOUS='FALSE',RESPONSE_CODE='200',RESPONSE_METHOD='GET',RESPONSE_LENGTH_OKHTTP='2',RESPONSE_LENGTH_HEADER='2',REQUEST_PROTOCOL='http/1.1',REQUEST_URL='https://project-travel-mate.herokuapp.com/api/get-notifications',
08-05 18:52:04.745  8341  8619 I art     : Starting a blocking GC Explicit
08-05 18:52:04.813  8341  8619 I art     : Explicit concurrent mark sweep GC freed 1567(179KB) AllocSpace objects, 0(0B) LOS objects, 7% free, 190MB/206MB, paused 2.008ms total 66.935ms
08-05 18:52:04.837  8341  8619 I art     : Starting a blocking GC Explicit
08-05 18:52:04.867  8341  8341 V Response: [] 
08-05 18:52:04.874  8341  8415 D Gabe    : call	returning from cache
08-05 18:52:04.874  8341  8341 V Response: [] 
08-05 18:52:04.878  8341  8415 D Gabe    : call	returning from cache
08-05 18:52:04.905  8341  8619 I art     : Explicit concurrent mark sweep GC freed 555(19KB) AllocSpace objects, 0(0B) LOS objects, 7% free, 190MB/206MB, paused 2.089ms total 67.285ms
08-05 18:52:05.344  8341  8359 I art     : Starting a blocking GC Explicit
08-05 18:52:05.414  8341  8359 I art     : Explicit concurrent mark sweep GC freed 5409(191KB) AllocSpace objects, 4(412KB) LOS objects, 7% free, 190MB/206MB, paused 2.131ms total 69.446ms
08-05 18:52:05.439  8341  8359 I art     : Starting a blocking GC Explicit
08-05 18:52:05.503  8341  8359 I art     : Explicit concurrent mark sweep GC freed 2114(80KB) AllocSpace objects, 0(0B) LOS objects, 7% free, 189MB/205MB, paused 1.993ms total 64.597ms
08-05 18:52:05.527  8341  8359 I art     : Starting a blocking GC Explicit
08-05 18:52:05.598  8341  8359 I art     : Explicit concurrent mark sweep GC freed 432(7KB) AllocSpace objects, 0(0B) LOS objects, 7% free, 190MB/206MB, paused 2.164ms total 70.330ms
08-05 18:52:05.622  8341  8359 I art     : Starting a blocking GC Explicit
08-05 18:52:05.688  8341  8359 I art     : Explicit concurrent mark sweep GC freed 366(6KB) AllocSpace objects, 0(0B) LOS objects, 7% free, 189MB/205MB, paused 2.196ms total 65.793ms
08-05 18:52:05.713  8341  8359 I art     : Starting a blocking GC Explicit
08-05 18:52:05.779  8341  8359 I art     : Explicit concurrent mark sweep GC freed 354(5KB) AllocSpace objects, 0(0B) LOS objects, 7% free, 189MB/205MB, paused 2.038ms total 65.092ms
08-05 18:52:06.216  8341  8359 I art     : Starting a blocking GC Explicit
08-05 18:52:06.283  8341  8359 I art     : Explicit concurrent mark sweep GC freed 3715(126KB) AllocSpace objects, 2(48KB) LOS objects, 7% free, 190MB/206MB, paused 2.103ms total 66.262ms
08-05 18:52:06.309  8341  8359 I art     : Starting a blocking GC Explicit
08-05 18:52:06.373  8341  8359 I art     : Explicit concurrent mark sweep GC freed 485(9KB) AllocSpace objects, 0(0B) LOS objects, 7% free, 189MB/205MB, paused 1.960ms total 63.751ms
08-05 18:52:06.397  8341  8359 I art     : Starting a blocking GC Explicit
08-05 18:52:06.462  8341  8359 I art     : Explicit concurrent mark sweep GC freed 362(5KB) AllocSpace objects, 0(0B) LOS objects, 7% free, 190MB/206MB, paused 2.080ms total 64.713ms
08-05 18:52:06.487  8341  8359 I art     : Starting a blocking GC Explicit
08-05 18:52:06.551  8341  8359 I art     : Explicit concurrent mark sweep GC freed 386(6KB) AllocSpace objects, 0(0B) LOS objects, 7% free, 189MB/205MB, paused 2.221ms total 64.186ms
08-05 18:52:06.576  8341  8359 I art     : Starting a blocking GC Explicit
08-05 18:52:06.640  8341  8359 I art     : Explicit concurrent mark sweep GC freed 381(6KB) AllocSpace objects, 0(0B) LOS objects, 7% free, 190MB/206MB, paused 1.994ms total 64.504ms
08-05 18:52:07.094  8341  8619 I art     : Starting a blocking GC Explicit
08-05 18:52:07.169  8341  8619 I art     : Explicit concurrent mark sweep GC freed 3812(129KB) AllocSpace objects, 2(48KB) LOS objects, 7% free, 190MB/206MB, paused 2.518ms total 74.652ms
08-05 18:52:07.196  8341  8619 I art     : Starting a blocking GC Explicit
08-05 18:52:07.269  8341  8619 I art     : Explicit concurrent mark sweep GC freed 458(8KB) AllocSpace objects, 0(0B) LOS objects, 7% free, 189MB/205MB, paused 2.146ms total 72.671ms
08-05 18:52:07.294  8341  8619 I art     : Starting a blocking GC Explicit
08-05 18:52:07.361  8341  8619 I art     : Explicit concurrent mark sweep GC freed 399(6KB) AllocSpace objects, 0(0B) LOS objects, 7% free, 190MB/206MB, paused 3.138ms total 66.779ms
08-05 18:52:07.387  8341  8619 I art     : Starting a blocking GC Explicit
08-05 18:52:07.452  8341  8619 I art     : Explicit concurrent mark sweep GC freed 414(6KB) AllocSpace objects, 0(0B) LOS objects, 7% free, 189MB/205MB, paused 1.952ms total 65.207ms
08-05 18:52:07.477  8341  8619 I art     : Starting a blocking GC Explicit
08-05 18:52:07.544  8341  8619 I art     : Explicit concurrent mark sweep GC freed 362(5KB) AllocSpace objects, 0(0B) LOS objects, 7% free, 190MB/206MB, paused 2.067ms total 66.158ms
08-05 18:52:07.991  8341  8619 I art     : Starting a blocking GC Explicit
08-05 18:52:08.061  8341  8619 I art     : Explicit concurrent mark sweep GC freed 3747(126KB) AllocSpace objects, 2(48KB) LOS objects, 7% free, 190MB/206MB, paused 1.973ms total 70.005ms
08-05 18:52:08.086  8341  8619 I art     : Starting a blocking GC Explicit
08-05 18:52:08.151  8341  8619 I art     : Explicit concurrent mark sweep GC freed 450(7KB) AllocSpace objects, 0(0B) LOS objects, 7% free, 189MB/205MB, paused 2.066ms total 64.707ms
08-05 18:52:08.175  8341  8619 I art     : Starting a blocking GC Explicit
08-05 18:52:08.240  8341  8619 I art     : Explicit concurrent mark sweep GC freed 365(6KB) AllocSpace objects, 0(0B) LOS objects, 7% free, 190MB/206MB, paused 1.967ms total 64.686ms
08-05 18:52:08.264  8341  8619 I art     : Starting a blocking GC Explicit
08-05 18:52:08.330  8341  8619 I art     : Explicit concurrent mark sweep GC freed 391(6KB) AllocSpace objects, 0(0B) LOS objects, 7% free, 190MB/206MB, paused 2.152ms total 65.844ms
08-05 18:52:08.355  8341  8619 I art     : Starting a blocking GC Explicit
08-05 18:52:08.420  8341  8619 I art     : Explicit concurrent mark sweep GC freed 428(6KB) AllocSpace objects, 0(0B) LOS objects, 7% free, 190MB/206MB, paused 2.074ms total 65.073ms
08-05 18:52:08.623 11247 11247 D AndroidRuntime: >>>>>> START com.android.internal.os.RuntimeInit uid 2000 <<<<<<
08-05 18:52:08.641 11247 11247 D AndroidRuntime: CheckJNI is OFF
08-05 18:52:08.695 11247 11247 D ICU     : No timezone override file found: /data/misc/zoneinfo/current/icu/icu_tzdata.dat
08-05 18:52:08.737 11247 11247 I Radio-JNI: register_android_hardware_Radio DONE
08-05 18:52:08.769 11247 11247 D AndroidRuntime: Calling main entry com.android.commands.input.Input
08-05 18:52:08.771 11247 11247 I Input   : injectKeyEvent: KeyEvent { action=ACTION_DOWN, keyCode=KEYCODE_BACK, scanCode=0, metaState=0, flags=0x0, repeatCount=0, eventTime=816745184, downTime=816745184, deviceId=-1, source=0x101 }
08-05 18:52:08.792 11247 11247 I Input   : injectKeyEvent: KeyEvent { action=ACTION_UP, keyCode=KEYCODE_BACK, scanCode=0, metaState=0, flags=0x0, repeatCount=0, eventTime=816745184, downTime=816745184, deviceId=-1, source=0x101 }
08-05 18:52:08.810 11247 11247 D AndroidRuntime: Shutting down VM
08-05 18:52:08.833  8341  8341 V MainActivity: url = https://project-travel-mate.herokuapp.com/api/number-of-unread-notifications
08-05 18:52:08.873  8341  8359 I art     : Starting a blocking GC Explicit
08-05 18:52:08.916 13866 13866 I GoogleInputMethodServic: GoogleInputMethodService.onFinishInput():3138 
08-05 18:52:08.919 13866 13866 I GoogleInputMethodServic: GoogleInputMethodService.onStartInput():1808 
08-05 18:52:08.947  8341  8359 I art     : Explicit concurrent mark sweep GC freed 4000(144KB) AllocSpace objects, 2(48KB) LOS objects, 7% free, 190MB/206MB, paused 2.019ms total 73.444ms
08-05 18:52:08.972  8341  8359 I art     : Starting a blocking GC Explicit
08-05 18:52:09.041  8341  8359 I art     : Explicit concurrent mark sweep GC freed 311(16KB) AllocSpace objects, 0(0B) LOS objects, 7% free, 189MB/205MB, paused 2.113ms total 68.343ms
08-05 18:52:09.073  8341  8359 I art     : Starting a blocking GC Explicit
08-05 18:52:09.169  8341  8359 I art     : Explicit concurrent mark sweep GC freed 127(3KB) AllocSpace objects, 0(0B) LOS objects, 7% free, 189MB/205MB, paused 4.091ms total 96.160ms
08-05 18:52:09.192   380   380 W SurfaceFlinger: couldn't log to binary event log: overflow.
08-05 18:52:09.197  8341  8359 I art     : Starting a blocking GC Explicit
08-05 18:52:09.271  8341  8359 I art     : Explicit concurrent mark sweep GC freed 53(1760B) AllocSpace objects, 1(4MB) LOS objects, 7% free, 185MB/201MB, paused 2.173ms total 73.516ms
08-05 18:52:09.297  8341  8359 I art     : Starting a blocking GC Explicit
08-05 18:52:09.377  8341  8359 I art     : Explicit concurrent mark sweep GC freed 163(7KB) AllocSpace objects, 0(0B) LOS objects, 7% free, 185MB/201MB, paused 2.278ms total 80.478ms
08-05 18:52:09.706  8341 11270 I NAPPA_EXPERIMENTATION: MetricNetworkRequestExecutionTime: REQUEST_DURATION_SYSTEM='872',REQUEST_DURATION_OKHTTP='40',REQUEST_SYNCHRONOUS='FALSE',RESPONSE_CODE='200',RESPONSE_METHOD='GET',RESPONSE_LENGTH_OKHTTP='36',RESPONSE_LENGTH_HEADER='36',REQUEST_PROTOCOL='http/1.1',REQUEST_URL='https://project-travel-mate.herokuapp.com/api/number-of-unread-notifications',
08-05 18:52:09.851  8341 10088 I art     : Starting a blocking GC Explicit
08-05 18:52:09.896   918  3261 D WifiStateMachine: starting scan for "H369AA63323"WPA_PSK with 2412,5180
08-05 18:52:09.940  8341 10088 I art     : Explicit concurrent mark sweep GC freed 8057(414KB) AllocSpace objects, 7(304KB) LOS objects, 7% free, 185MB/201MB, paused 2.199ms total 87.953ms
08-05 18:52:09.967  8341 10088 I art     : Starting a blocking GC Explicit
08-05 18:52:10.045  8341 10088 I art     : Explicit concurrent mark sweep GC freed 986(118KB) AllocSpace objects, 0(0B) LOS objects, 7% free, 185MB/201MB, paused 2.289ms total 77.609ms
08-05 18:52:10.073  8341 10088 I art     : Starting a blocking GC Explicit
08-05 18:52:10.146  8341 10088 I art     : Explicit concurrent mark sweep GC freed 3(96B) AllocSpace objects, 0(0B) LOS objects, 7% free, 185MB/201MB, paused 2.114ms total 72.255ms
08-05 18:52:10.173  8341 10088 I art     : Starting a blocking GC Explicit
08-05 18:52:10.249  8341 10088 I art     : Explicit concurrent mark sweep GC freed 3(96B) AllocSpace objects, 0(0B) LOS objects, 7% free, 185MB/201MB, paused 2.431ms total 75.594ms
08-05 18:52:10.277  8341 10088 I art     : Starting a blocking GC Explicit
08-05 18:52:10.353  8341 10088 I art     : Explicit concurrent mark sweep GC freed 40(1088B) AllocSpace objects, 0(0B) LOS objects, 7% free, 185MB/201MB, paused 2.279ms total 75.356ms
08-05 18:52:10.683 11282 11282 D AndroidRuntime: >>>>>> START com.android.internal.os.RuntimeInit uid 2000 <<<<<<
08-05 18:52:10.690 11282 11282 D AndroidRuntime: CheckJNI is OFF
08-05 18:52:10.748 11282 11282 D ICU     : No timezone override file found: /data/misc/zoneinfo/current/icu/icu_tzdata.dat
08-05 18:52:10.794 11282 11282 I Radio-JNI: register_android_hardware_Radio DONE
08-05 18:52:10.826  8341  8354 I art     : Starting a blocking GC Explicit
08-05 18:52:10.830 11282 11282 D AndroidRuntime: Calling main entry com.android.commands.input.Input
08-05 18:52:10.832 11282 11282 I Input   : injectMotionEvent: MotionEvent { action=ACTION_DOWN, actionButton=0, id[0]=0, x[0]=117.0, y[0]=170.0, toolType[0]=TOOL_TYPE_UNKNOWN, buttonState=0, metaState=0, flags=0x0, edgeFlags=0x0, pointerCount=1, historySize=0, eventTime=816747245, downTime=816747245, deviceId=0, source=0x1002 }
08-05 18:52:10.839 11282 11282 I Input   : injectMotionEvent: MotionEvent { action=ACTION_UP, actionButton=0, id[0]=0, x[0]=117.0, y[0]=170.0, toolType[0]=TOOL_TYPE_UNKNOWN, buttonState=0, metaState=0, flags=0x0, edgeFlags=0x0, pointerCount=1, historySize=0, eventTime=816747245, downTime=816747245, deviceId=0, source=0x1002 }
08-05 18:52:10.841 11282 11282 D AndroidRuntime: Shutting down VM
08-05 18:52:10.846   512  2967 D audio_hw_primary: out_set_parameters: enter: usecase(1: low-latency-playback) kvpairs: routing=2
08-05 18:52:10.860   512  2967 D audio_hw_primary: select_devices: out_snd_device(2: speaker) in_snd_device(0: none)
08-05 18:52:10.860   512  2967 D msm8974_platform: platform_send_audio_calibration: sending audio calibration for snd_device(2) acdb_id(15)
08-05 18:52:10.861   512  2967 I soundtrigger: audio_extn_sound_trigger_update_device_status: device 0x2 of type 0 for Event 1
08-05 18:52:10.873   512  2967 D audio_hw_primary: enable_snd_device: snd_device(2: speaker)
08-05 18:52:10.876   512  2967 D audio_hw_primary: enable_audio_route: apply and update mixer path: low-latency-playback speaker
08-05 18:52:10.912  8341  8354 I art     : Explicit concurrent mark sweep GC freed 1611(92KB) AllocSpace objects, 2(48KB) LOS objects, 7% free, 185MB/201MB, paused 2.557ms total 85.363ms
08-05 18:52:10.947  8341  8354 I art     : Starting a blocking GC Explicit
08-05 18:52:11.023  8341  8354 I art     : Explicit concurrent mark sweep GC freed 414(20KB) AllocSpace objects, 0(0B) LOS objects, 7% free, 185MB/201MB, paused 2.215ms total 75.878ms
08-05 18:52:11.053  8341  8354 I art     : Starting a blocking GC Explicit
08-05 18:52:11.129  8341  8354 I art     : Explicit concurrent mark sweep GC freed 25(1104B) AllocSpace objects, 0(0B) LOS objects, 7% free, 185MB/201MB, paused 2.385ms total 75.269ms
08-05 18:52:11.155  8341  8354 I art     : Starting a blocking GC Explicit
08-05 18:52:11.226  8341  8354 I art     : Explicit concurrent mark sweep GC freed 5(160B) AllocSpace objects, 0(0B) LOS objects, 7% free, 185MB/201MB, paused 2.308ms total 70.403ms
08-05 18:52:11.255  8341  8354 I art     : Starting a blocking GC Explicit
08-05 18:52:11.333  8341  8354 I art     : Explicit concurrent mark sweep GC freed 48(1376B) AllocSpace objects, 0(0B) LOS objects, 7% free, 185MB/201MB, paused 2.160ms total 77.437ms
08-05 18:52:11.419   512  2967 D audio_hw_primary: disable_audio_route: reset and update mixer path: low-latency-playback speaker
08-05 18:52:11.420   512  2967 D audio_hw_primary: disable_snd_device: snd_device(2: speaker)
08-05 18:52:11.428   512  2967 I soundtrigger: audio_extn_sound_trigger_update_device_status: device 0x2 of type 0 for Event 0
08-05 18:52:11.773 11306 11306 D AndroidRuntime: >>>>>> START com.android.internal.os.RuntimeInit uid 2000 <<<<<<
08-05 18:52:11.780 11306 11306 D AndroidRuntime: CheckJNI is OFF
08-05 18:52:11.798  8341  8353 I art     : Starting a blocking GC Explicit
08-05 18:52:11.835 11306 11306 D ICU     : No timezone override file found: /data/misc/zoneinfo/current/icu/icu_tzdata.dat
08-05 18:52:11.875  8341  8353 I art     : Explicit concurrent mark sweep GC freed 1589(92KB) AllocSpace objects, 2(48KB) LOS objects, 7% free, 185MB/201MB, paused 2.304ms total 75.969ms
08-05 18:52:11.882 11306 11306 I Radio-JNI: register_android_hardware_Radio DONE
08-05 18:52:11.902  8341  8353 I art     : Starting a blocking GC Explicit
08-05 18:52:11.914 11306 11306 D AndroidRuntime: Calling main entry com.android.commands.input.Input
08-05 18:52:11.916 11306 11306 I Input   : injectMotionEvent: MotionEvent { action=ACTION_DOWN, actionButton=0, id[0]=0, x[0]=418.0, y[0]=842.0, toolType[0]=TOOL_TYPE_UNKNOWN, buttonState=0, metaState=0, flags=0x0, edgeFlags=0x0, pointerCount=1, historySize=0, eventTime=816748329, downTime=816748329, deviceId=0, source=0x1002 }
08-05 18:52:11.921 11306 11306 I Input   : injectMotionEvent: MotionEvent { action=ACTION_UP, actionButton=0, id[0]=0, x[0]=418.0, y[0]=842.0, toolType[0]=TOOL_TYPE_UNKNOWN, buttonState=0, metaState=0, flags=0x0, edgeFlags=0x0, pointerCount=1, historySize=0, eventTime=816748329, downTime=816748329, deviceId=0, source=0x1002 }
08-05 18:52:11.923 11306 11306 D AndroidRuntime: Shutting down VM
08-05 18:52:11.932   512  2967 D audio_hw_primary: out_set_parameters: enter: usecase(1: low-latency-playback) kvpairs: routing=2
08-05 18:52:11.936  8341  8415 D Gabe    : call	returning from cache
08-05 18:52:11.946   512  2967 D audio_hw_primary: select_devices: out_snd_device(2: speaker) in_snd_device(0: none)
08-05 18:52:11.946   512  2967 D msm8974_platform: platform_send_audio_calibration: sending audio calibration for snd_device(2) acdb_id(15)
08-05 18:52:11.946   512  2967 I soundtrigger: audio_extn_sound_trigger_update_device_status: device 0x2 of type 0 for Event 1
08-05 18:52:11.956   512  2967 D audio_hw_primary: enable_snd_device: snd_device(2: speaker)
08-05 18:52:11.958   512  2967 D audio_hw_primary: enable_audio_route: apply and update mixer path: low-latency-playback speaker
08-05 18:52:11.980  8341  8353 I art     : Explicit concurrent mark sweep GC freed 739(39KB) AllocSpace objects, 0(0B) LOS objects, 7% free, 185MB/201MB, paused 2.697ms total 77.321ms
08-05 18:52:11.980  8341  8341 V MainActivity: url = https://project-travel-mate.herokuapp.com/api/number-of-unread-notifications
08-05 18:52:12.005  8341  8353 I art     : Starting a blocking GC Explicit
08-05 18:52:12.008   512  2967 D AudioFlinger: mixer(0xf4740000) throttle end: throttle time(12)
08-05 18:52:12.086  8341  8353 I art     : Explicit concurrent mark sweep GC freed 619(39KB) AllocSpace objects, 0(0B) LOS objects, 7% free, 185MB/201MB, paused 3.051ms total 80.597ms
08-05 18:52:12.117  8341  8353 I art     : Starting a blocking GC Explicit
08-05 18:52:12.201  8341  8353 I art     : Explicit concurrent mark sweep GC freed 892(51KB) AllocSpace objects, 0(0B) LOS objects, 7% free, 185MB/201MB, paused 3.311ms total 83.591ms
08-05 18:52:12.201  8341  8352 I art     : WaitForGcToComplete blocked for 31.850ms for cause HeapTrim
08-05 18:52:12.229  8341  8353 I art     : Starting a blocking GC Explicit
08-05 18:52:12.310  8341  8353 I art     : Explicit concurrent mark sweep GC freed 327(23KB) AllocSpace objects, 0(0B) LOS objects, 7% free, 185MB/201MB, paused 2.997ms total 80.639ms
08-05 18:52:12.499   512  2967 D audio_hw_primary: disable_audio_route: reset and update mixer path: low-latency-playback speaker
08-05 18:52:12.500   512  2967 D audio_hw_primary: disable_snd_device: snd_device(2: speaker)
08-05 18:52:12.510   512  2967 I soundtrigger: audio_extn_sound_trigger_update_device_status: device 0x2 of type 0 for Event 0
08-05 18:52:12.653  8341  8341 I Choreographer: Skipped 39 frames!  The application may be doing too much work on its main thread.
08-05 18:52:12.775  8341  8359 I art     : Starting a blocking GC Explicit
08-05 18:52:12.865  8341  8359 I art     : Explicit concurrent mark sweep GC freed 7147(377KB) AllocSpace objects, 14(508KB) LOS objects, 7% free, 186MB/202MB, paused 3.335ms total 89.816ms
08-05 18:52:12.876  8341 11329 I NAPPA_EXPERIMENTATION: MetricNetworkRequestExecutionTime: REQUEST_DURATION_SYSTEM='895',REQUEST_DURATION_OKHTTP='38',REQUEST_SYNCHRONOUS='FALSE',RESPONSE_CODE='200',RESPONSE_METHOD='GET',RESPONSE_LENGTH_OKHTTP='36',RESPONSE_LENGTH_HEADER='36',REQUEST_PROTOCOL='http/1.1',REQUEST_URL='https://project-travel-mate.herokuapp.com/api/number-of-unread-notifications',
08-05 18:52:12.893  8341  8359 I art     : Starting a blocking GC Explicit
08-05 18:52:12.972  8341  8359 I art     : Explicit concurrent mark sweep GC freed 3181(219KB) AllocSpace objects, 0(0B) LOS objects, 7% free, 186MB/202MB, paused 2.150ms total 79.311ms
08-05 18:52:13.000  8341  8359 I art     : Starting a blocking GC Explicit
08-05 18:52:13.082  8341  8359 I art     : Explicit concurrent mark sweep GC freed 289(8KB) AllocSpace objects, 0(0B) LOS objects, 7% free, 186MB/202MB, paused 2.555ms total 82.115ms
08-05 18:52:13.111  8341  8359 I art     : Starting a blocking GC Explicit
08-05 18:52:13.197  8341  8359 I art     : Explicit concurrent mark sweep GC freed 177(3KB) AllocSpace objects, 0(0B) LOS objects, 7% free, 186MB/202MB, paused 2.398ms total 85.360ms
08-05 18:52:13.228  8341  8359 I art     : Starting a blocking GC Explicit
08-05 18:52:13.314  8341  8359 I art     : Explicit concurrent mark sweep GC freed 172(2912B) AllocSpace objects, 0(0B) LOS objects, 7% free, 186MB/202MB, paused 2.344ms total 85.440ms
08-05 18:52:13.783  8341  8353 I art     : Starting a blocking GC Explicit
08-05 18:52:13.870  8341  8353 I art     : Explicit concurrent mark sweep GC freed 2471(107KB) AllocSpace objects, 2(64KB) LOS objects, 7% free, 186MB/202MB, paused 2.245ms total 86.456ms
08-05 18:52:13.899  8341  8353 I art     : Starting a blocking GC Explicit
08-05 18:52:13.982  8341  8353 I art     : Explicit concurrent mark sweep GC freed 173(3KB) AllocSpace objects, 0(0B) LOS objects, 7% free, 186MB/202MB, paused 2.374ms total 82.729ms
08-05 18:52:14.011  8341  8353 I art     : Starting a blocking GC Explicit
08-05 18:52:14.097  8341  8353 I art     : Explicit concurrent mark sweep GC freed 171(2896B) AllocSpace objects, 0(0B) LOS objects, 7% free, 186MB/202MB, paused 2.374ms total 86.114ms
08-05 18:52:14.127  8341  8353 I art     : Starting a blocking GC Explicit
08-05 18:52:14.210  8341  8353 I art     : Explicit concurrent mark sweep GC freed 171(2896B) AllocSpace objects, 0(0B) LOS objects, 7% free, 186MB/202MB, paused 2.369ms total 82.711ms
08-05 18:52:14.239  8341  8353 I art     : Starting a blocking GC Explicit
08-05 18:52:14.318  8341  8353 I art     : Explicit concurrent mark sweep GC freed 165(2784B) AllocSpace objects, 0(0B) LOS objects, 7% free, 186MB/202MB, paused 2.370ms total 79.041ms
08-05 18:52:14.776  8341  8359 I art     : Starting a blocking GC Explicit
08-05 18:52:14.858  8341  8359 I art     : Explicit concurrent mark sweep GC freed 2398(105KB) AllocSpace objects, 2(64KB) LOS objects, 7% free, 186MB/202MB, paused 2.277ms total 81.363ms
08-05 18:52:14.871 11355 11355 D AndroidRuntime: >>>>>> START com.android.internal.os.RuntimeInit uid 2000 <<<<<<
08-05 18:52:14.877 11355 11355 D AndroidRuntime: CheckJNI is OFF
08-05 18:52:14.888  8341  8359 I art     : Starting a blocking GC Explicit
08-05 18:52:14.932 11355 11355 D ICU     : No timezone override file found: /data/misc/zoneinfo/current/icu/icu_tzdata.dat
08-05 18:52:14.966  8341  8359 I art     : Explicit concurrent mark sweep GC freed 189(4KB) AllocSpace objects, 0(0B) LOS objects, 7% free, 186MB/202MB, paused 2.296ms total 77.118ms
08-05 18:52:14.988 11355 11355 I Radio-JNI: register_android_hardware_Radio DONE
08-05 18:52:14.993  8341  8359 I art     : Starting a blocking GC Explicit
08-05 18:52:15.019 11355 11355 D AndroidRuntime: Calling main entry com.android.commands.am.Am
08-05 18:52:15.033  5615  5615 I Trepn   : Trepn 6.2s: Received intent: com.quicinc.trepn.stop_profiling
08-05 18:52:15.067  5615  5615 I Trepn   : Trepn 6.2s: Trepn has Stopped Profiling.
08-05 18:52:15.073  8341  8359 I art     : Explicit concurrent mark sweep GC freed 194(3KB) AllocSpace objects, 0(0B) LOS objects, 7% free, 186MB/202MB, paused 1.993ms total 79.163ms
08-05 18:52:15.099  8341  8359 I art     : Starting a blocking GC Explicit
08-05 18:52:15.180  8341  8359 I art     : Explicit concurrent mark sweep GC freed 173(3KB) AllocSpace objects, 0(0B) LOS objects, 7% free, 186MB/202MB, paused 2.467ms total 80.420ms
08-05 18:52:15.208  8341  8359 I art     : Starting a blocking GC Explicit
08-05 18:52:15.235 11355 11355 D AndroidRuntime: Shutting down VM
08-05 18:52:15.239   918  5132 W AppOps  : Finishing op nesting under-run: uid 10078 pkg com.quicinc.trepn code 24 time=0 duration=0 nesting=0
08-05 18:52:15.283  8341  8359 I art     : Explicit concurrent mark sweep GC freed 162(3KB) AllocSpace objects, 0(0B) LOS objects, 7% free, 186MB/202MB, paused 2.065ms total 74.480ms
08-05 18:52:15.736  8341 10088 I art     : Starting a blocking GC Explicit
08-05 18:52:15.820  8341 10088 I art     : Explicit concurrent mark sweep GC freed 2422(106KB) AllocSpace objects, 2(64KB) LOS objects, 7% free, 186MB/202MB, paused 2.524ms total 83.148ms
08-05 18:52:15.849  8341 10088 I art     : Starting a blocking GC Explicit
08-05 18:52:15.928  8341 10088 I art     : Explicit concurrent mark sweep GC freed 184(3KB) AllocSpace objects, 0(0B) LOS objects, 7% free, 186MB/202MB, paused 2.173ms total 78.977ms
08-05 18:52:15.957  8341 10088 I art     : Starting a blocking GC Explicit
08-05 18:52:16.037  8341 10088 I art     : Explicit concurrent mark sweep GC freed 171(2896B) AllocSpace objects, 0(0B) LOS objects, 7% free, 186MB/202MB, paused 2.238ms total 79.973ms
08-05 18:52:16.065  8341 10088 I art     : Starting a blocking GC Explicit
08-05 18:52:16.145  8341 10088 I art     : Explicit concurrent mark sweep GC freed 147(2496B) AllocSpace objects, 0(0B) LOS objects, 7% free, 186MB/202MB, paused 2.243ms total 80.011ms
08-05 18:52:16.174  8341 10088 I art     : Starting a blocking GC Explicit
08-05 18:52:16.253  8341 10088 I art     : Explicit concurrent mark sweep GC freed 171(2896B) AllocSpace objects, 0(0B) LOS objects, 7% free, 186MB/202MB, paused 2.270ms total 78.947ms
08-05 18:52:18.650   518   646 I ThermalEngine: ACTION: GPU - Setting GPU[0] to 450000000
