--------- beginning of main
08-05 20:46:21.770 23554 23554 I ServiceManager: Waiting for service AtCmdFwd...
08-05 20:46:22.509 24733 24733 D AndroidRuntime: >>>>>> START com.android.internal.os.RuntimeInit uid 2000 <<<<<<
08-05 20:46:22.515 24733 24733 D AndroidRuntime: CheckJNI is OFF
08-05 20:46:22.547 24733 24733 D ICU     : No timezone override file found: /data/misc/zoneinfo/current/icu/icu_tzdata.dat
08-05 20:46:22.580 24733 24733 I Radio-JNI: register_android_hardware_Radio DONE
08-05 20:46:22.599 24733 24733 D AndroidRuntime: Calling main entry com.android.commands.monkey.Monkey
--------- beginning of system
08-05 20:46:22.617   918   931 W BroadcastQueue: Skipping deliver [background] BroadcastRecord{6818777 u-1 android.net.conn.CONNECTIVITY_CHANGE} to ReceiverList{9771fe4 24733 (unknown name)/2000/u-1 remote:e09b011}: process crashing
08-05 20:46:22.627   918  3359 I ActivityManager: START u0 {act=android.intent.action.MAIN cat=[android.intent.category.LAUNCHER] flg=0x10200000 cmp=baseline.io.github.project_travel_mate/.SplashActivity} from uid 2000 on display 0
08-05 20:46:22.648   918   932 I sensors : batch
08-05 20:46:22.665   918  3188 I hubconnection: sensorhub said: 'batch 31 flags:0, sampling_rate_Hz:15.00, max_report_latency_us:0'
08-05 20:46:22.676   918  6112 I ActivityManager: Start proc 24743:baseline.io.github.project_travel_mate/u0a674 for activity baseline.io.github.project_travel_mate/.SplashActivity
08-05 20:46:22.677 24743 24743 I art     : Late-enabling -Xcheck:jni
08-05 20:46:22.698 24733 24733 I art     : System.exit called, status: 0
08-05 20:46:22.698 24733 24733 I AndroidRuntime: VM exiting with result code 0.
08-05 20:46:22.701   918   932 I sensors : flush
08-05 20:46:22.710   918  3188 I hubconnection: sensorhub said: 'flush 31'
08-05 20:46:22.711   918  3188 I hubconnection: saw sensor 31 flushed
08-05 20:46:22.736 16458 19558 I PBSessionCacheImpl: Deleted sessionId[72384646105454640] from persistence.
08-05 20:46:22.742 16458 16488 W SearchServiceCore: Abort, client detached.
08-05 20:46:22.743 16458 16488 I MicroDetectionState: Should stop hotword detection immediately - true
08-05 20:46:22.771 23554 23554 I ServiceManager: Waiting for service AtCmdFwd...
08-05 20:46:22.836 24743 24743 W System  : ClassLoader referenced unknown path: /data/app/baseline.io.github.project_travel_mate-1/lib/arm64
08-05 20:46:22.970 24743 24743 W art     : Before Android 4.1, method android.graphics.PorterDuffColorFilter androidx.vectordrawable.graphics.drawable.VectorDrawableCompat.updateTintFilter(android.graphics.PorterDuffColorFilter, android.content.res.ColorStateList, android.graphics.PorterDuff$Mode) would have incorrectly overridden the package-private method in android.graphics.drawable.Drawable
08-05 20:46:22.999 24743 24743 I art     : Rejecting re-init on previously-failed class java.lang.Class<androidx.core.view.ViewCompat$OnUnhandledKeyEventListenerWrapper>
08-05 20:46:22.999 24743 24743 I art     : Rejecting re-init on previously-failed class java.lang.Class<androidx.core.view.ViewCompat$OnUnhandledKeyEventListenerWrapper>
08-05 20:46:23.041 24743 24768 D OpenGLRenderer: Use EGL_SWAP_BEHAVIOR_PRESERVED: true
08-05 20:46:23.079 24743 24768 I Adreno  : QUALCOMM build                   : fcf4852, I1af360237c
08-05 20:46:23.079 24743 24768 I Adreno  : Build Date                       : 09/23/15
08-05 20:46:23.079 24743 24768 I Adreno  : OpenGL ES Shader Compiler Version: XE031.05.13.02
08-05 20:46:23.079 24743 24768 I Adreno  : Local Branch                     : mybranch14465806
08-05 20:46:23.079 24743 24768 I Adreno  : Remote Branch                    : quic/LA.BF64.1.2.9_v2
08-05 20:46:23.079 24743 24768 I Adreno  : Remote Branch                    : NONE
08-05 20:46:23.079 24743 24768 I Adreno  : Reconstruct Branch               : NOTHING
08-05 20:46:23.083 24743 24768 I OpenGLRenderer: Initialized EGL, version 1.4
08-05 20:46:23.176   918   936 I ActivityManager: Displayed baseline.io.github.project_travel_mate/.SplashActivity: +523ms
08-05 20:46:23.181 13866 13866 I GoogleInputMethodServic: GoogleInputMethodService.onFinishInput():3138 
08-05 20:46:23.182 13866 13866 I GoogleInputMethodServic: GoogleInputMethodService.onStartInput():1808 
08-05 20:46:23.771 23554 23554 I ServiceManager: Waiting for service AtCmdFwd...
08-05 20:46:24.225 24783 24783 D AndroidRuntime: >>>>>> START com.android.internal.os.RuntimeInit uid 2000 <<<<<<
08-05 20:46:24.229 24783 24783 D AndroidRuntime: CheckJNI is OFF
08-05 20:46:24.255 24783 24783 D ICU     : No timezone override file found: /data/misc/zoneinfo/current/icu/icu_tzdata.dat
08-05 20:46:24.280 24783 24783 I Radio-JNI: register_android_hardware_Radio DONE
08-05 20:46:24.295 24783 24783 D AndroidRuntime: Calling main entry com.android.commands.am.Am
08-05 20:46:24.302 19822 19822 I Trepn   : Trepn 6.2s: Received intent: com.quicinc.trepn.start_profiling
08-05 20:46:24.323   918  3188 I hubconnection: sensorhub said: 'set_bias 3: -5.7600, 0.0000, 0.0000'
08-05 20:46:24.385 19822 19822 W FileUtils: Failed to chmod(/storage/emulated/0/trepn/Trepn_2020.08.05_204624.db): android.system.ErrnoException: chmod failed: EPERM (Operation not permitted)
08-05 20:46:24.466 19822 19822 I Trepn   : Trepn 6.2s: Trepn has Started Profiling.
08-05 20:46:24.467 24783 24783 D AndroidRuntime: Shutting down VM
08-05 20:46:24.772 23554 23554 I ServiceManager: Waiting for service AtCmdFwd...
08-05 20:46:25.022 24743 24760 I art     : Starting a blocking GC Explicit
08-05 20:46:25.033 24743 24760 I art     : Explicit concurrent mark sweep GC freed 1864(98KB) AllocSpace objects, 0(0B) LOS objects, 40% free, 20MB/34MB, paused 126us total 11.073ms
08-05 20:46:25.043 24743 24760 I art     : Starting a blocking GC Explicit
08-05 20:46:25.059 24743 24760 I art     : Explicit concurrent mark sweep GC freed 691(29KB) AllocSpace objects, 0(0B) LOS objects, 40% free, 20MB/34MB, paused 152us total 15.352ms
08-05 20:46:25.066 24743 24760 I art     : Starting a blocking GC Explicit
08-05 20:46:25.080 24743 24760 I art     : Explicit concurrent mark sweep GC freed 1336(52KB) AllocSpace objects, 0(0B) LOS objects, 40% free, 20MB/34MB, paused 272us total 13.326ms
08-05 20:46:25.088 24743 24760 I art     : Starting a blocking GC Explicit
08-05 20:46:25.097 24743 24760 I art     : Explicit concurrent mark sweep GC freed 1312(58KB) AllocSpace objects, 0(0B) LOS objects, 40% free, 20MB/34MB, paused 111us total 9.083ms
08-05 20:46:25.105 24743 24760 I art     : Starting a blocking GC Explicit
08-05 20:46:25.114 24743 24760 I art     : Explicit concurrent mark sweep GC freed 381(18KB) AllocSpace objects, 0(0B) LOS objects, 40% free, 20MB/34MB, paused 110us total 8.759ms
08-05 20:46:25.128   918  6029 I ActivityManager: START u0 {cmp=baseline.io.github.project_travel_mate/.MainActivity} from uid 10674 on display 0
08-05 20:46:25.346 24743 24743 W Settings: Setting airplane_mode_on has moved from android.provider.Settings.System to android.provider.Settings.Global, returning read-only value.
08-05 20:46:25.363 24743 24743 V MainActivity: url=https://project-travel-mate.herokuapp.com/api/get-user
08-05 20:46:25.403 24743 24833 W LOTTIE  : Unknown mask mode mode. Defaulting to Add.
08-05 20:46:25.412 24743 24833 W LOTTIE  : You have 5 images. Lottie should primarily be used with shapes. If you are using Adobe Illustrator, convert the Illustrator layers to shape layers.
08-05 20:46:25.413 24743 24833 W LOTTIE  : Unknown mask mode mode. Defaulting to Add.
08-05 20:46:25.413 24743 24833 W LOTTIE  : Unknown mask mode mode. Defaulting to Add.
08-05 20:46:25.453 24743 24743 V CityFragment: url=https://project-travel-mate.herokuapp.com/api/get-all-cities/10
08-05 20:46:25.475 24743 24762 I art     : Starting a blocking GC Explicit
08-05 20:46:25.497 24743 24762 I art     : Explicit concurrent mark sweep GC freed 15142(1150KB) AllocSpace objects, 2(40KB) LOS objects, 40% free, 23MB/38MB, paused 251us total 22.275ms
08-05 20:46:25.507 24743 24762 I art     : Starting a blocking GC Explicit
08-05 20:46:25.519 24743 24762 I art     : Explicit concurrent mark sweep GC freed 552(24KB) AllocSpace objects, 0(0B) LOS objects, 40% free, 23MB/38MB, paused 204us total 11.605ms
08-05 20:46:25.530 24743 24762 I art     : Starting a blocking GC Explicit
08-05 20:46:25.542 24743 24762 I art     : Explicit concurrent mark sweep GC freed 3(96B) AllocSpace objects, 0(0B) LOS objects, 40% free, 23MB/38MB, paused 206us total 11.787ms
08-05 20:46:25.552 24743 24762 I art     : Starting a blocking GC Explicit
08-05 20:46:25.564 24743 24762 I art     : Explicit concurrent mark sweep GC freed 3(96B) AllocSpace objects, 0(0B) LOS objects, 40% free, 23MB/38MB, paused 201us total 11.456ms
08-05 20:46:25.574 24743 24762 I art     : Starting a blocking GC Explicit
08-05 20:46:25.586 24743 24762 I art     : Explicit concurrent mark sweep GC freed 3(96B) AllocSpace objects, 0(0B) LOS objects, 40% free, 23MB/38MB, paused 232us total 11.709ms
08-05 20:46:25.608 24743 24743 E RecyclerView: No adapter attached; skipping layout
08-05 20:46:25.753 24743 24743 V MainActivity: url = https://project-travel-mate.herokuapp.com/api/number-of-unread-notifications
08-05 20:46:25.760   918   936 I ActivityManager: Displayed baseline.io.github.project_travel_mate/.MainActivity: +619ms
08-05 20:46:25.776 23554 23554 I ServiceManager: Waiting for service AtCmdFwd...
08-05 20:46:25.791 13866 13866 I GoogleInputMethodServic: GoogleInputMethodService.onFinishInput():3138 
08-05 20:46:25.792 13866 13866 I GoogleInputMethodServic: GoogleInputMethodService.onStartInput():1808 
08-05 20:46:25.793 24743 24743 E RecyclerView: No adapter attached; skipping layout
08-05 20:46:25.882 24743 24832 I NAPPA_EXPERIMENTATION: MetricNetworkRequestExecutionTime: REQUEST_DURATION_SYSTEM='500',REQUEST_DURATION_OKHTTP='52',REQUEST_SYNCHRONOUS='FALSE',RESPONSE_CODE='200',RESPONSE_METHOD='GET',RESPONSE_LENGTH_OKHTTP='185',RESPONSE_LENGTH_HEADER='185',REQUEST_PROTOCOL='http/1.1',REQUEST_URL='https://project-travel-mate.herokuapp.com/api/get-user',
08-05 20:46:25.902 24743 24760 I art     : Starting a blocking GC Explicit
08-05 20:46:25.916 24743 24836 I NAPPA_EXPERIMENTATION: MetricNetworkRequestExecutionTime: REQUEST_DURATION_SYSTEM='462',REQUEST_DURATION_OKHTTP='62',REQUEST_SYNCHRONOUS='FALSE',RESPONSE_CODE='200',RESPONSE_METHOD='GET',RESPONSE_LENGTH_OKHTTP='1588',RESPONSE_LENGTH_HEADER='1588',REQUEST_PROTOCOL='http/1.1',REQUEST_URL='https://project-travel-mate.herokuapp.com/api/get-all-cities/10',
08-05 20:46:25.918 24743 24760 I art     : Explicit concurrent mark sweep GC freed 12850(796KB) AllocSpace objects, 7(420KB) LOS objects, 36% free, 28MB/44MB, paused 262us total 15.664ms
08-05 20:46:25.928 24743 24760 I art     : Starting a blocking GC Explicit
08-05 20:46:25.931 24743 24743 V CityFragment: result=[{"id":1,"city_name":"Delhi","facts_count":6,"image":"https://upload.wikimedia.org/wikipedia/commons/9/94/%E0%B4%96%E0%B5%81%E0%B4%A4%E0%B5%8D%E0%B4%AC%E0%B5%8D_%E0%B4%AE%E0%B4%BF%E0%B4%A8%E0%B4%BE%E0%B5%BC1.jpg","visit_count":18186},{"id":2,"city_name":"Mumbai","facts_count":0,"image":"https://static1.squarespace.com/static/55917ae2e4b0984fc8c264c4/t/5ad7a037758d464041bfba27/1524102624280/Victoria_Mumbai.jpg","visit_count":6022},{"id":3,"city_name":"Bangalore","facts_count":0,"image":null,"visit_count":5536},{"id":8,"city_name":"Pune","facts_count":0,"image":"https://www.zricks.com/ImagesPostProject/47929//6557d975-20a9-4c6c-a776-8072a1936a76.jpg","visit_count":3324},{"id":4,"city_name":"Chennai","facts_count":0,"image":"http://lh3.ggpht.com/_YLb7tJ8RoAk/SfazBLdgf3I/AAAAAAAANEg/p52_Zz_URxg/s640/Picture%20009.jpg","visit_count":3061},{"id":5,"city_name":"Kolkata","facts_count":0,"image":"https://i.pinimg.com/originals/05/ec/42/05ec42c545b494d12cc612923483b4f0.jpg","visit_count":2211},{"id":9,"city_name":"Jaipur","facts_count":1,"image":"https://www.trodly.com/pictures/attraction/1943.jpg","visit_count":2007},{"id":6,"city_name":"Hyderabad","facts_count":0,"image":"https://i1.trekearth.com/photos/59194/charminar_020_sm.jpg","visit_count":1633},{"id":150,"city_name":"Panjim","facts_count":0,"image":"http://www.nomad4ever.com/wp-content/uploads/2009/04/palm-trees-at-baga-creek-north-goa1.jpg","visit_count":1488},{"id":7,"city_name":"Ahmedabad","facts_count":0,"image":"https://i.pinimg.com/originals/a5/ed/29/a5ed293271669a61f47059f7b0d9cf2c.jpg","visit_count":1115}]
08-05 20:46:25.944 24743 24760 I art     : Explicit concurrent mark sweep GC freed 2977(294KB) AllocSpace objects, 0(0B) LOS objects, 36% free, 28MB/44MB, paused 289us total 16.047ms
08-05 20:46:25.952 24743 24760 I art     : Starting a blocking GC Explicit
08-05 20:46:25.966 24743 24760 I art     : Explicit concurrent mark sweep GC freed 176(5KB) AllocSpace objects, 0(0B) LOS objects, 36% free, 28MB/44MB, paused 230us total 13.564ms
08-05 20:46:25.970 24743 24743 D CityFragment: get cities cities size = 10
08-05 20:46:25.974 24743 24760 I art     : Starting a blocking GC Explicit
08-05 20:46:25.991 24743 24760 I art     : Explicit concurrent mark sweep GC freed 503(46KB) AllocSpace objects, 1(20KB) LOS objects, 34% free, 30MB/46MB, paused 410us total 16.007ms
08-05 20:46:26.000 24743 24760 I art     : Starting a blocking GC Explicit
08-05 20:46:26.007   380   380 W SurfaceFlinger: couldn't log to binary event log: overflow.
08-05 20:46:26.016 24743 24760 I art     : Explicit concurrent mark sweep GC freed 204(12KB) AllocSpace objects, 0(0B) LOS objects, 34% free, 30MB/46MB, paused 377us total 15.459ms
08-05 20:46:26.248 24743 24840 I NAPPA_EXPERIMENTATION: MetricNetworkRequestExecutionTime: REQUEST_DURATION_SYSTEM='494',REQUEST_DURATION_OKHTTP='41',REQUEST_SYNCHRONOUS='FALSE',RESPONSE_CODE='200',RESPONSE_METHOD='GET',RESPONSE_LENGTH_OKHTTP='36',RESPONSE_LENGTH_HEADER='36',REQUEST_PROTOCOL='http/1.1',REQUEST_URL='https://project-travel-mate.herokuapp.com/api/number-of-unread-notifications',
08-05 20:46:26.303 24743 24760 I art     : Starting a blocking GC Explicit
08-05 20:46:26.325 24743 24760 I art     : Explicit concurrent mark sweep GC freed 16073(1118KB) AllocSpace objects, 14(4MB) LOS objects, 34% free, 29MB/45MB, paused 702us total 22.304ms
08-05 20:46:26.335 24743 24760 I art     : Starting a blocking GC Explicit
08-05 20:46:26.351 24743 24760 I art     : Explicit concurrent mark sweep GC freed 10689(702KB) AllocSpace objects, 0(0B) LOS objects, 35% free, 29MB/45MB, paused 316us total 15.489ms
08-05 20:46:26.359 24743 24760 I art     : Starting a blocking GC Explicit
08-05 20:46:26.374 24743 24760 I art     : Explicit concurrent mark sweep GC freed 585(162KB) AllocSpace objects, 0(0B) LOS objects, 35% free, 29MB/45MB, paused 455us total 15.100ms
08-05 20:46:26.383 24743 24760 I art     : Starting a blocking GC Explicit
08-05 20:46:26.399 24743 24760 I art     : Explicit concurrent mark sweep GC freed 214(21KB) AllocSpace objects, 2(88KB) LOS objects, 35% free, 29MB/45MB, paused 351us total 16.181ms
08-05 20:46:26.407 24743 24760 I art     : Starting a blocking GC Explicit
08-05 20:46:26.423 24743 24760 I art     : Explicit concurrent mark sweep GC freed 548(58KB) AllocSpace objects, 0(0B) LOS objects, 35% free, 29MB/45MB, paused 296us total 15.289ms
08-05 20:46:26.727 24743 24760 I art     : Starting a blocking GC Explicit
08-05 20:46:26.748 24743 24760 I art     : Explicit concurrent mark sweep GC freed 8939(779KB) AllocSpace objects, 13(1588KB) LOS objects, 33% free, 31MB/47MB, paused 418us total 20.554ms
08-05 20:46:26.758 24743 24760 I art     : Starting a blocking GC Explicit
08-05 20:46:26.776 24743 24760 I art     : Explicit concurrent mark sweep GC freed 4130(165KB) AllocSpace objects, 2(88KB) LOS objects, 33% free, 31MB/47MB, paused 308us total 17.976ms
08-05 20:46:26.776 23554 23554 W Atfwd_Sendcmd: AtCmdFwd service not published, waiting... retryCnt : 2
08-05 20:46:26.785 24743 24760 I art     : Starting a blocking GC Explicit
08-05 20:46:26.803 24743 24760 I art     : Explicit concurrent mark sweep GC freed 196(5KB) AllocSpace objects, 0(0B) LOS objects, 33% free, 31MB/47MB, paused 292us total 17.920ms
08-05 20:46:26.812 24743 24760 I art     : Starting a blocking GC Explicit
08-05 20:46:26.830 24743 24760 I art     : Explicit concurrent mark sweep GC freed 521(103KB) AllocSpace objects, 2(56KB) LOS objects, 33% free, 31MB/47MB, paused 570us total 17.869ms
08-05 20:46:26.840 24743 24760 I art     : Starting a blocking GC Explicit
08-05 20:46:26.857 24743 24760 I art     : Explicit concurrent mark sweep GC freed 285(93KB) AllocSpace objects, 0(0B) LOS objects, 32% free, 32MB/48MB, paused 376us total 16.731ms
08-05 20:46:27.161 24743 24762 I art     : Starting a blocking GC Explicit
08-05 20:46:27.182 24743 24762 I art     : Explicit concurrent mark sweep GC freed 4401(323KB) AllocSpace objects, 9(1476KB) LOS objects, 32% free, 32MB/48MB, paused 238us total 21.003ms
08-05 20:46:27.193 24743 24762 I art     : Starting a blocking GC Explicit
08-05 20:46:27.213 24743 24762 I art     : Explicit concurrent mark sweep GC freed 169(5KB) AllocSpace objects, 0(0B) LOS objects, 32% free, 32MB/48MB, paused 231us total 19.455ms
08-05 20:46:27.223 24743 24762 I art     : Starting a blocking GC Explicit
08-05 20:46:27.241 24743 24762 I art     : Explicit concurrent mark sweep GC freed 30(592B) AllocSpace objects, 0(0B) LOS objects, 32% free, 32MB/48MB, paused 250us total 17.186ms
08-05 20:46:27.250 24743 24762 I art     : Starting a blocking GC Explicit
08-05 20:46:27.267 24743 24762 I art     : Explicit concurrent mark sweep GC freed 86(2976B) AllocSpace objects, 0(0B) LOS objects, 32% free, 32MB/48MB, paused 234us total 16.737ms
08-05 20:46:27.276 24743 24762 I art     : Starting a blocking GC Explicit
08-05 20:46:27.295 24743 24762 I art     : Explicit concurrent mark sweep GC freed 379(17KB) AllocSpace objects, 0(0B) LOS objects, 32% free, 32MB/48MB, paused 322us total 18.605ms
08-05 20:46:27.647 24743 24760 I art     : Starting a blocking GC Explicit
08-05 20:46:27.671 24743 24760 I art     : Explicit concurrent mark sweep GC freed 2015(93KB) AllocSpace objects, 2(40KB) LOS objects, 32% free, 32MB/48MB, paused 283us total 23.776ms
08-05 20:46:27.685 24743 24760 I art     : Starting a blocking GC Explicit
08-05 20:46:27.704 24743 24760 I art     : Explicit concurrent mark sweep GC freed 70(1584B) AllocSpace objects, 0(0B) LOS objects, 32% free, 32MB/48MB, paused 237us total 18.688ms
08-05 20:46:27.713 24743 24760 I art     : Starting a blocking GC Explicit
08-05 20:46:27.731 24743 24760 I art     : Explicit concurrent mark sweep GC freed 51(896B) AllocSpace objects, 0(0B) LOS objects, 32% free, 32MB/48MB, paused 253us total 17.751ms
08-05 20:46:27.740 24743 24760 I art     : Starting a blocking GC Explicit
08-05 20:46:27.757 24743 24760 I art     : Explicit concurrent mark sweep GC freed 27(496B) AllocSpace objects, 0(0B) LOS objects, 32% free, 32MB/48MB, paused 241us total 16.821ms
08-05 20:46:27.766 24743 24760 I art     : Starting a blocking GC Explicit
08-05 20:46:27.783 24743 24760 I art     : Explicit concurrent mark sweep GC freed 51(896B) AllocSpace objects, 0(0B) LOS objects, 32% free, 32MB/48MB, paused 247us total 17.112ms
08-05 20:46:28.128 24743 24762 I art     : Starting a blocking GC Explicit
08-05 20:46:28.148 24743 24762 I art     : Explicit concurrent mark sweep GC freed 1951(91KB) AllocSpace objects, 2(40KB) LOS objects, 32% free, 32MB/48MB, paused 243us total 19.721ms
08-05 20:46:28.160 24743 24762 I art     : Starting a blocking GC Explicit
08-05 20:46:28.179 24743 24762 I art     : Explicit concurrent mark sweep GC freed 53(1280B) AllocSpace objects, 0(0B) LOS objects, 32% free, 32MB/48MB, paused 314us total 18.917ms
08-05 20:46:28.182 13866 13882 I PeriodicStatsRunner: PeriodicStatsRunner.call():175 call()
08-05 20:46:28.183 13866 13882 I PeriodicStatsRunner: PeriodicStatsRunner.call():179 No submit PeriodicStats since input started.
08-05 20:46:28.188 24743 24762 I art     : Starting a blocking GC Explicit
08-05 20:46:28.205 24743 24762 I art     : Explicit concurrent mark sweep GC freed 44(800B) AllocSpace objects, 0(0B) LOS objects, 32% free, 32MB/48MB, paused 229us total 16.496ms
08-05 20:46:28.214 24743 24762 I art     : Starting a blocking GC Explicit
08-05 20:46:28.231 24743 24762 I art     : Explicit concurrent mark sweep GC freed 51(896B) AllocSpace objects, 0(0B) LOS objects, 32% free, 32MB/48MB, paused 245us total 17.248ms
08-05 20:46:28.240 24743 24762 I art     : Starting a blocking GC Explicit
08-05 20:46:28.258 24743 24762 I art     : Explicit concurrent mark sweep GC freed 27(496B) AllocSpace objects, 0(0B) LOS objects, 32% free, 32MB/48MB, paused 247us total 17.202ms
08-05 20:46:28.593 24743 24771 I art     : Starting a blocking GC Explicit
08-05 20:46:28.610 24743 24771 I art     : Explicit concurrent mark sweep GC freed 1926(91KB) AllocSpace objects, 2(40KB) LOS objects, 32% free, 32MB/48MB, paused 225us total 16.280ms
08-05 20:46:28.618 24743 24771 I art     : Starting a blocking GC Explicit
08-05 20:46:28.633 24743 24771 I art     : Explicit concurrent mark sweep GC freed 71(1616B) AllocSpace objects, 0(0B) LOS objects, 32% free, 32MB/48MB, paused 223us total 14.831ms
08-05 20:46:28.641 24743 24771 I art     : Starting a blocking GC Explicit
08-05 20:46:28.656 24743 24771 I art     : Explicit concurrent mark sweep GC freed 27(496B) AllocSpace objects, 0(0B) LOS objects, 32% free, 32MB/48MB, paused 214us total 14.692ms
08-05 20:46:28.664 24743 24771 I art     : Starting a blocking GC Explicit
08-05 20:46:28.679 24743 24771 I art     : Explicit concurrent mark sweep GC freed 51(896B) AllocSpace objects, 0(0B) LOS objects, 32% free, 32MB/48MB, paused 223us total 14.553ms
08-05 20:46:28.688 24743 24771 I art     : Starting a blocking GC Explicit
08-05 20:46:28.702 24743 24771 I art     : Explicit concurrent mark sweep GC freed 27(496B) AllocSpace objects, 0(0B) LOS objects, 32% free, 32MB/48MB, paused 216us total 14.566ms
08-05 20:46:29.053 24743 24760 I art     : Starting a blocking GC Explicit
08-05 20:46:29.077 24743 24760 I art     : Explicit concurrent mark sweep GC freed 1951(91KB) AllocSpace objects, 2(40KB) LOS objects, 32% free, 32MB/48MB, paused 354us total 23.740ms
08-05 20:46:29.090 24743 24760 I art     : Starting a blocking GC Explicit
08-05 20:46:29.108 24743 24760 I art     : Explicit concurrent mark sweep GC freed 70(1584B) AllocSpace objects, 0(0B) LOS objects, 32% free, 32MB/48MB, paused 247us total 17.855ms
08-05 20:46:29.117 24743 24760 I art     : Starting a blocking GC Explicit
08-05 20:46:29.134 24743 24760 I art     : Explicit concurrent mark sweep GC freed 51(896B) AllocSpace objects, 0(0B) LOS objects, 32% free, 32MB/48MB, paused 246us total 17.138ms
08-05 20:46:29.143 24743 24760 I art     : Starting a blocking GC Explicit
08-05 20:46:29.161 24743 24760 I art     : Explicit concurrent mark sweep GC freed 27(496B) AllocSpace objects, 0(0B) LOS objects, 32% free, 32MB/48MB, paused 267us total 17.762ms
08-05 20:46:29.171 24743 24760 I art     : Starting a blocking GC Explicit
08-05 20:46:29.188 24743 24760 I art     : Explicit concurrent mark sweep GC freed 51(896B) AllocSpace objects, 0(0B) LOS objects, 32% free, 32MB/48MB, paused 244us total 17.223ms
08-05 20:46:29.336   918  1210 D NetlinkSocketObserver: NeighborEvent{elapsedMs=1806993211, 192.168.2.254, [7C3953A63323], RTM_NEWNEIGH, NUD_PROBE}
08-05 20:46:29.503 24743 24762 I art     : Starting a blocking GC Explicit
08-05 20:46:29.522 24743 24762 I art     : Explicit concurrent mark sweep GC freed 1902(90KB) AllocSpace objects, 2(40KB) LOS objects, 32% free, 32MB/48MB, paused 252us total 19.306ms
08-05 20:46:29.532 24743 24762 I art     : Starting a blocking GC Explicit
08-05 20:46:29.549 24743 24762 I art     : Explicit concurrent mark sweep GC freed 70(1584B) AllocSpace objects, 0(0B) LOS objects, 32% free, 32MB/48MB, paused 246us total 17.635ms
08-05 20:46:29.558 24743 24762 I art     : Starting a blocking GC Explicit
08-05 20:46:29.575 24743 24762 I art     : Explicit concurrent mark sweep GC freed 27(496B) AllocSpace objects, 0(0B) LOS objects, 32% free, 32MB/48MB, paused 244us total 16.952ms
08-05 20:46:29.584 24743 24762 I art     : Starting a blocking GC Explicit
08-05 20:46:29.602 24743 24762 I art     : Explicit concurrent mark sweep GC freed 51(896B) AllocSpace objects, 0(0B) LOS objects, 32% free, 32MB/48MB, paused 248us total 17.320ms
08-05 20:46:29.611 24743 24762 I art     : Starting a blocking GC Explicit
08-05 20:46:29.630 24743 24762 I art     : Explicit concurrent mark sweep GC freed 30(544B) AllocSpace objects, 0(0B) LOS objects, 32% free, 32MB/48MB, paused 263us total 18.928ms
08-05 20:46:29.972 24743 24771 I art     : Starting a blocking GC Explicit
08-05 20:46:29.994 24743 24771 I art     : Explicit concurrent mark sweep GC freed 1947(91KB) AllocSpace objects, 2(40KB) LOS objects, 32% free, 32MB/48MB, paused 239us total 21.986ms
08-05 20:46:30.004 24743 24771 I art     : Starting a blocking GC Explicit
08-05 20:46:30.022 24743 24771 I art     : Explicit concurrent mark sweep GC freed 70(1584B) AllocSpace objects, 0(0B) LOS objects, 32% free, 32MB/48MB, paused 229us total 18.192ms
08-05 20:46:30.031 24743 24771 I art     : Starting a blocking GC Explicit
08-05 20:46:30.049 24743 24771 I art     : Explicit concurrent mark sweep GC freed 51(896B) AllocSpace objects, 0(0B) LOS objects, 32% free, 32MB/48MB, paused 239us total 17.225ms
08-05 20:46:30.058 24743 24771 I art     : Starting a blocking GC Explicit
08-05 20:46:30.074 24743 24771 I art     : Explicit concurrent mark sweep GC freed 27(496B) AllocSpace objects, 0(0B) LOS objects, 32% free, 32MB/48MB, paused 237us total 16.596ms
08-05 20:46:30.083 24743 24771 I art     : Starting a blocking GC Explicit
08-05 20:46:30.101 24743 24771 I art     : Explicit concurrent mark sweep GC freed 45(784B) AllocSpace objects, 0(0B) LOS objects, 32% free, 32MB/48MB, paused 272us total 17.542ms
08-05 20:46:30.456 24743 24760 I art     : Starting a blocking GC Explicit
08-05 20:46:30.479 24743 24760 I art     : Explicit concurrent mark sweep GC freed 1956(91KB) AllocSpace objects, 2(40KB) LOS objects, 32% free, 32MB/48MB, paused 283us total 23.099ms
08-05 20:46:30.489 24743 24760 I art     : Starting a blocking GC Explicit
08-05 20:46:30.506 24743 24760 I art     : Explicit concurrent mark sweep GC freed 70(1584B) AllocSpace objects, 0(0B) LOS objects, 32% free, 32MB/48MB, paused 251us total 17.358ms
08-05 20:46:30.515 24743 24760 I art     : Starting a blocking GC Explicit
08-05 20:46:30.532 24743 24760 I art     : Explicit concurrent mark sweep GC freed 51(896B) AllocSpace objects, 0(0B) LOS objects, 32% free, 32MB/48MB, paused 235us total 16.776ms
08-05 20:46:30.541 24743 24760 I art     : Starting a blocking GC Explicit
08-05 20:46:30.558 24743 24760 I art     : Explicit concurrent mark sweep GC freed 27(496B) AllocSpace objects, 0(0B) LOS objects, 32% free, 32MB/48MB, paused 249us total 17.457ms
08-05 20:46:30.567 24743 24760 I art     : Starting a blocking GC Explicit
08-05 20:46:30.584 24743 24760 I art     : Explicit concurrent mark sweep GC freed 51(896B) AllocSpace objects, 0(0B) LOS objects, 32% free, 32MB/48MB, paused 244us total 17.020ms
08-05 20:46:30.792 13866 13882 I PeriodicStatsRunner: PeriodicStatsRunner.call():175 call()
08-05 20:46:30.792 13866 13882 I PeriodicStatsRunner: PeriodicStatsRunner.call():179 No submit PeriodicStats since input started.
08-05 20:46:30.948 24743 24762 I art     : Starting a blocking GC Explicit
08-05 20:46:30.972 24743 24762 I art     : Explicit concurrent mark sweep GC freed 1975(91KB) AllocSpace objects, 2(40KB) LOS objects, 32% free, 32MB/48MB, paused 230us total 24.017ms
08-05 20:46:30.982 24743 24762 I art     : Starting a blocking GC Explicit
08-05 20:46:31.001 24743 24762 I art     : Explicit concurrent mark sweep GC freed 69(1552B) AllocSpace objects, 0(0B) LOS objects, 32% free, 32MB/48MB, paused 241us total 18.589ms
08-05 20:46:31.009 24743 24762 I art     : Starting a blocking GC Explicit
08-05 20:46:31.027 24743 24762 I art     : Explicit concurrent mark sweep GC freed 28(528B) AllocSpace objects, 0(0B) LOS objects, 32% free, 32MB/48MB, paused 318us total 17.191ms
08-05 20:46:31.036 24743 24762 I art     : Starting a blocking GC Explicit
08-05 20:46:31.053 24743 24762 I art     : Explicit concurrent mark sweep GC freed 51(896B) AllocSpace objects, 0(0B) LOS objects, 32% free, 32MB/48MB, paused 245us total 17.384ms
08-05 20:46:31.062 24743 24762 I art     : Starting a blocking GC Explicit
08-05 20:46:31.079 24743 24762 I art     : Explicit concurrent mark sweep GC freed 27(496B) AllocSpace objects, 0(0B) LOS objects, 32% free, 32MB/48MB, paused 229us total 16.973ms
08-05 20:46:31.433 24743 24771 I art     : Starting a blocking GC Explicit
08-05 20:46:31.458 24743 24771 I art     : Explicit concurrent mark sweep GC freed 1974(91KB) AllocSpace objects, 2(40KB) LOS objects, 32% free, 32MB/48MB, paused 395us total 24.213ms
08-05 20:46:31.471 24743 24771 I art     : Starting a blocking GC Explicit
08-05 20:46:31.487 24743 24771 I art     : Explicit concurrent mark sweep GC freed 70(1584B) AllocSpace objects, 0(0B) LOS objects, 32% free, 32MB/48MB, paused 235us total 16.073ms
08-05 20:46:31.496 24743 24771 I art     : Starting a blocking GC Explicit
08-05 20:46:31.513 24743 24771 I art     : Explicit concurrent mark sweep GC freed 26(464B) AllocSpace objects, 0(0B) LOS objects, 32% free, 32MB/48MB, paused 258us total 17.108ms
08-05 20:46:31.522 24743 24771 I art     : Starting a blocking GC Explicit
08-05 20:46:31.538 24743 24771 I art     : Explicit concurrent mark sweep GC freed 52(928B) AllocSpace objects, 0(0B) LOS objects, 32% free, 32MB/48MB, paused 221us total 15.993ms
08-05 20:46:31.547 24743 24771 I art     : Starting a blocking GC Explicit
08-05 20:46:31.563 24743 24771 I art     : Explicit concurrent mark sweep GC freed 29(512B) AllocSpace objects, 0(0B) LOS objects, 32% free, 32MB/48MB, paused 279us total 15.969ms
08-05 20:46:31.835 24995 24995 D AndroidRuntime: >>>>>> START com.android.internal.os.RuntimeInit uid 2000 <<<<<<
08-05 20:46:31.862 24743 24760 I art     : Starting a blocking GC Explicit
08-05 20:46:31.880 24743 24760 I art     : Explicit concurrent mark sweep GC freed 1878(90KB) AllocSpace objects, 2(40KB) LOS objects, 32% free, 32MB/48MB, paused 240us total 18.219ms
08-05 20:46:31.889 24743 24760 I art     : Starting a blocking GC Explicit
08-05 20:46:31.897 24995 24995 D AndroidRuntime: CheckJNI is OFF
08-05 20:46:31.907 24743 24760 I art     : Explicit concurrent mark sweep GC freed 70(1584B) AllocSpace objects, 0(0B) LOS objects, 32% free, 32MB/48MB, paused 486us total 17.192ms
08-05 20:46:31.916 24743 24760 I art     : Starting a blocking GC Explicit
08-05 20:46:31.932 24743 24760 I art     : Explicit concurrent mark sweep GC freed 50(864B) AllocSpace objects, 0(0B) LOS objects, 32% free, 32MB/48MB, paused 254us total 16.218ms
08-05 20:46:31.940 24743 24760 I art     : Starting a blocking GC Explicit
08-05 20:46:31.941 24995 24995 D ICU     : No timezone override file found: /data/misc/zoneinfo/current/icu/icu_tzdata.dat
08-05 20:46:31.956 24743 24760 I art     : Explicit concurrent mark sweep GC freed 28(528B) AllocSpace objects, 0(0B) LOS objects, 32% free, 32MB/48MB, paused 268us total 15.654ms
08-05 20:46:31.964 24743 24760 I art     : Starting a blocking GC Explicit
08-05 20:46:31.980 24743 24760 I art     : Explicit concurrent mark sweep GC freed 27(496B) AllocSpace objects, 0(0B) LOS objects, 32% free, 32MB/48MB, paused 283us total 15.719ms
08-05 20:46:31.981 24995 24995 I Radio-JNI: register_android_hardware_Radio DONE
08-05 20:46:31.997 24995 24995 D AndroidRuntime: Calling main entry com.android.commands.input.Input
08-05 20:46:31.998 24995 24995 I Input   : injectMotionEvent: MotionEvent { action=ACTION_DOWN, actionButton=0, id[0]=0, x[0]=346.0, y[0]=709.0, toolType[0]=TOOL_TYPE_UNKNOWN, buttonState=0, metaState=0, flags=0x0, edgeFlags=0x0, pointerCount=1, historySize=0, eventTime=823608411, downTime=823608411, deviceId=0, source=0x1002 }
08-05 20:46:32.003 24995 24995 I Input   : injectMotionEvent: MotionEvent { action=ACTION_UP, actionButton=0, id[0]=0, x[0]=346.0, y[0]=709.0, toolType[0]=TOOL_TYPE_UNKNOWN, buttonState=0, metaState=0, flags=0x0, edgeFlags=0x0, pointerCount=1, historySize=0, eventTime=823608411, downTime=823608411, deviceId=0, source=0x1002 }
08-05 20:46:32.012   918  6112 I ActivityManager: START u0 {cmp=baseline.io.github.project_travel_mate/.destinations.description.FinalCityInfoActivity (has extras)} from uid 10674 on display 0
08-05 20:46:32.018 24995 24995 D AndroidRuntime: Shutting down VM
08-05 20:46:32.034 24743 24833 D Gabe    : call	returning from cache
08-05 20:46:32.057 24743 24743 V EXECUTING: https://project-travel-mate.herokuapp.com/api/get-city-weather/1
08-05 20:46:32.189 13866 13866 I GoogleInputMethodServic: GoogleInputMethodService.onFinishInput():3138 
08-05 20:46:32.189   918   936 I ActivityManager: Displayed baseline.io.github.project_travel_mate/.destinations.description.FinalCityInfoActivity: +172ms
08-05 20:46:32.190 13866 13866 I GoogleInputMethodServic: GoogleInputMethodService.onStartInput():1808 
08-05 20:46:32.241 24743 24762 I art     : Starting a blocking GC Explicit
08-05 20:46:32.263 24743 24762 I art     : Explicit concurrent mark sweep GC freed 9315(589KB) AllocSpace objects, 2(40KB) LOS objects, 29% free, 37MB/53MB, paused 410us total 22.601ms
08-05 20:46:32.272 24743 24762 I art     : Starting a blocking GC Explicit
08-05 20:46:32.290 24743 24762 I art     : Explicit concurrent mark sweep GC freed 639(30KB) AllocSpace objects, 0(0B) LOS objects, 29% free, 37MB/53MB, paused 296us total 17.148ms
08-05 20:46:32.298 24743 24762 I art     : Starting a blocking GC Explicit
08-05 20:46:32.316 24743 24762 I art     : Explicit concurrent mark sweep GC freed 99(1696B) AllocSpace objects, 0(0B) LOS objects, 29% free, 37MB/53MB, paused 293us total 17.639ms
08-05 20:46:32.325 24743 24762 I art     : Starting a blocking GC Explicit
08-05 20:46:32.345 24743 24762 I art     : Explicit concurrent mark sweep GC freed 51(896B) AllocSpace objects, 0(0B) LOS objects, 29% free, 37MB/53MB, paused 338us total 19.327ms
08-05 20:46:32.355 24743 24762 I art     : Starting a blocking GC Explicit
08-05 20:46:32.374 24743 24762 I art     : Explicit concurrent mark sweep GC freed 99(1696B) AllocSpace objects, 0(0B) LOS objects, 29% free, 37MB/53MB, paused 295us total 19.052ms
08-05 20:46:32.448   380   380 W SurfaceFlinger: couldn't log to binary event log: overflow.
08-05 20:46:32.679 24743 24771 I art     : Starting a blocking GC Explicit
08-05 20:46:32.705 24743 24771 I art     : Explicit concurrent mark sweep GC freed 3474(182KB) AllocSpace objects, 4(160KB) LOS objects, 29% free, 37MB/53MB, paused 842us total 25.239ms
08-05 20:46:32.715 24743 24771 I art     : Starting a blocking GC Explicit
08-05 20:46:32.734 24743 24771 I art     : Explicit concurrent mark sweep GC freed 3587(156KB) AllocSpace objects, 1(80KB) LOS objects, 29% free, 37MB/53MB, paused 357us total 19.336ms
08-05 20:46:32.744 24743 24771 I art     : Starting a blocking GC Explicit
08-05 20:46:32.759 24743 25021 I NAPPA_EXPERIMENTATION: MetricNetworkRequestExecutionTime: REQUEST_DURATION_SYSTEM='701',REQUEST_DURATION_OKHTTP='35',REQUEST_SYNCHRONOUS='FALSE',RESPONSE_CODE='200',RESPONSE_METHOD='GET',RESPONSE_LENGTH_OKHTTP='530',RESPONSE_LENGTH_HEADER='530',REQUEST_PROTOCOL='http/1.1',REQUEST_URL='https://project-travel-mate.herokuapp.com/api/get-city/1',
08-05 20:46:32.764 24743 24771 I art     : Explicit concurrent mark sweep GC freed 980(104KB) AllocSpace objects, 0(0B) LOS objects, 29% free, 37MB/53MB, paused 565us total 19.461ms
08-05 20:46:32.773 24743 24771 I art     : Starting a blocking GC Explicit
08-05 20:46:32.793 24743 24771 I art     : Explicit concurrent mark sweep GC freed 127(2864B) AllocSpace objects, 0(0B) LOS objects, 29% free, 37MB/53MB, paused 420us total 19.886ms
08-05 20:46:32.793 24743 25020 I NAPPA_EXPERIMENTATION: MetricNetworkRequestExecutionTime: REQUEST_DURATION_SYSTEM='736',REQUEST_DURATION_OKHTTP='67',REQUEST_SYNCHRONOUS='FALSE',RESPONSE_CODE='200',RESPONSE_METHOD='GET',RESPONSE_LENGTH_OKHTTP='238',RESPONSE_LENGTH_HEADER='238',REQUEST_PROTOCOL='http/1.1',REQUEST_URL='https://project-travel-mate.herokuapp.com/api/get-city-weather/1',
08-05 20:46:32.802 24743 24771 I art     : Starting a blocking GC Explicit
08-05 20:46:32.808 24743 25021 V Response: {"id":1,"city_name":"Delhi","description":"Delhi, officially the National Capital Territory of Delhi, is the Capital territory of India. During the British Raj, Delhi was part of the province of Punjab and is still historically and culturally connected to the Punjab region.","latitude":"28.613900","longitude":"77.209000","facts_count":6,"images":["https://upload.wikimedia.org/wikipedia/commons/9/94/%E0%B4%96%E0%B5%81%E0%B4%A4%E0%B5%8D%E0%B4%AC%E0%B5%8D_%E0%B4%AE%E0%B4%BF%E0%B4%A8%E0%B4%BE%E0%B5%BC1.jpg"],"has_visited":false}
08-05 20:46:32.820 24743 24771 I art     : Explicit concurrent mark sweep GC freed 281(19KB) AllocSpace objects, 0(0B) LOS objects, 29% free, 37MB/53MB, paused 454us total 17.864ms
08-05 20:46:33.121 24743 24762 I art     : Starting a blocking GC Explicit
08-05 20:46:33.147 24743 24762 I art     : Explicit concurrent mark sweep GC freed 5023(353KB) AllocSpace objects, 11(5MB) LOS objects, 29% free, 38MB/54MB, paused 321us total 26.292ms
08-05 20:46:33.156 24743 24762 I art     : Starting a blocking GC Explicit
08-05 20:46:33.174 24743 24762 I art     : Explicit concurrent mark sweep GC freed 268(8KB) AllocSpace objects, 0(0B) LOS objects, 29% free, 38MB/54MB, paused 283us total 17.887ms
08-05 20:46:33.182 24743 24762 I art     : Starting a blocking GC Explicit
08-05 20:46:33.200 24743 24762 I art     : Explicit concurrent mark sweep GC freed 101(1840B) AllocSpace objects, 0(0B) LOS objects, 29% free, 38MB/54MB, paused 334us total 17.872ms
08-05 20:46:33.208 24743 24762 I art     : Starting a blocking GC Explicit
08-05 20:46:33.225 24743 24762 I art     : Explicit concurrent mark sweep GC freed 51(896B) AllocSpace objects, 0(0B) LOS objects, 29% free, 38MB/54MB, paused 270us total 16.292ms
08-05 20:46:33.233 24743 24762 I art     : Starting a blocking GC Explicit
08-05 20:46:33.251 24743 24762 I art     : Explicit concurrent mark sweep GC freed 99(1696B) AllocSpace objects, 0(0B) LOS objects, 29% free, 38MB/54MB, paused 305us total 17.351ms
08-05 20:46:33.566 24743 24762 I art     : Starting a blocking GC Explicit
08-05 20:46:33.586 24743 24762 I art     : Explicit concurrent mark sweep GC freed 2408(99KB) AllocSpace objects, 2(40KB) LOS objects, 29% free, 38MB/54MB, paused 298us total 20ms
08-05 20:46:33.595 24743 24762 I art     : Starting a blocking GC Explicit
08-05 20:46:33.615 24743 24762 I art     : Explicit concurrent mark sweep GC freed 80(2128B) AllocSpace objects, 0(0B) LOS objects, 29% free, 38MB/54MB, paused 264us total 19.371ms
08-05 20:46:33.615 24743 24759 I art     : WaitForGcToComplete blocked for 5.165ms for cause HeapTrim
08-05 20:46:33.624 24743 24762 I art     : Starting a blocking GC Explicit
08-05 20:46:33.643 24743 24762 I art     : Explicit concurrent mark sweep GC freed 99(1696B) AllocSpace objects, 0(0B) LOS objects, 29% free, 38MB/54MB, paused 280us total 19.329ms
08-05 20:46:33.652 24743 24762 I art     : Starting a blocking GC Explicit
08-05 20:46:33.672 24743 24762 I art     : Explicit concurrent mark sweep GC freed 99(1696B) AllocSpace objects, 0(0B) LOS objects, 29% free, 38MB/54MB, paused 285us total 19.785ms
08-05 20:46:33.682 24743 24762 I art     : Starting a blocking GC Explicit
08-05 20:46:33.702 24743 24762 I art     : Explicit concurrent mark sweep GC freed 99(1696B) AllocSpace objects, 0(0B) LOS objects, 29% free, 38MB/54MB, paused 286us total 20.052ms
08-05 20:46:34.056 24743 24771 I art     : Starting a blocking GC Explicit
08-05 20:46:34.079 24743 24771 I art     : Explicit concurrent mark sweep GC freed 2479(100KB) AllocSpace objects, 2(40KB) LOS objects, 29% free, 38MB/54MB, paused 289us total 22.068ms
08-05 20:46:34.091 24743 24771 I art     : Starting a blocking GC Explicit
08-05 20:46:34.110 24743 24771 I art     : Explicit concurrent mark sweep GC freed 118(2384B) AllocSpace objects, 0(0B) LOS objects, 29% free, 38MB/54MB, paused 277us total 19.381ms
08-05 20:46:34.119 24743 24771 I art     : Starting a blocking GC Explicit
08-05 20:46:34.139 24743 24771 I art     : Explicit concurrent mark sweep GC freed 99(1696B) AllocSpace objects, 0(0B) LOS objects, 29% free, 38MB/54MB, paused 281us total 19.425ms
08-05 20:46:34.148 24743 24771 I art     : Starting a blocking GC Explicit
08-05 20:46:34.167 24743 24771 I art     : Explicit concurrent mark sweep GC freed 68(1168B) AllocSpace objects, 0(0B) LOS objects, 29% free, 38MB/54MB, paused 340us total 19.120ms
08-05 20:46:34.176 24743 24771 I art     : Starting a blocking GC Explicit
08-05 20:46:34.196 24743 24771 I art     : Explicit concurrent mark sweep GC freed 82(1424B) AllocSpace objects, 0(0B) LOS objects, 29% free, 38MB/54MB, paused 291us total 19.813ms
08-05 20:46:34.562 24743 24760 I art     : Starting a blocking GC Explicit
08-05 20:46:34.586 24743 24760 I art     : Explicit concurrent mark sweep GC freed 2551(101KB) AllocSpace objects, 2(40KB) LOS objects, 29% free, 38MB/54MB, paused 379us total 23.259ms
08-05 20:46:34.601 24743 24760 I art     : Starting a blocking GC Explicit
08-05 20:46:34.620 24743 24760 I art     : Explicit concurrent mark sweep GC freed 143(2816B) AllocSpace objects, 0(0B) LOS objects, 29% free, 38MB/54MB, paused 291us total 19.359ms
08-05 20:46:34.629 24743 24760 I art     : Starting a blocking GC Explicit
08-05 20:46:34.649 24743 24760 I art     : Explicit concurrent mark sweep GC freed 51(896B) AllocSpace objects, 0(0B) LOS objects, 29% free, 38MB/54MB, paused 280us total 19.451ms
08-05 20:46:34.658 24743 24760 I art     : Starting a blocking GC Explicit
08-05 20:46:34.677 24743 24760 I art     : Explicit concurrent mark sweep GC freed 99(1696B) AllocSpace objects, 0(0B) LOS objects, 29% free, 38MB/54MB, paused 284us total 19.076ms
08-05 20:46:34.686 24743 24760 I art     : Starting a blocking GC Explicit
08-05 20:46:34.707 24743 24760 I art     : Explicit concurrent mark sweep GC freed 99(1696B) AllocSpace objects, 0(0B) LOS objects, 29% free, 38MB/54MB, paused 364us total 20.511ms
08-05 20:46:35.051 24743 24762 I art     : Starting a blocking GC Explicit
08-05 20:46:35.074 24743 24762 I art     : Explicit concurrent mark sweep GC freed 2480(100KB) AllocSpace objects, 2(40KB) LOS objects, 29% free, 38MB/54MB, paused 288us total 22.797ms
08-05 20:46:35.084 24743 24762 I art     : Starting a blocking GC Explicit
08-05 20:46:35.105 24743 24762 I art     : Explicit concurrent mark sweep GC freed 117(2352B) AllocSpace objects, 0(0B) LOS objects, 29% free, 38MB/54MB, paused 290us total 21.155ms
08-05 20:46:35.114 24743 24762 I art     : Starting a blocking GC Explicit
08-05 20:46:35.134 24743 24762 I art     : Explicit concurrent mark sweep GC freed 58(1024B) AllocSpace objects, 0(0B) LOS objects, 29% free, 38MB/54MB, paused 363us total 19.997ms
08-05 20:46:35.143 24743 24762 I art     : Starting a blocking GC Explicit
08-05 20:46:35.164 24743 24762 I art     : Explicit concurrent mark sweep GC freed 93(1600B) AllocSpace objects, 0(0B) LOS objects, 29% free, 38MB/54MB, paused 272us total 19.963ms
08-05 20:46:35.173 24743 24762 I art     : Starting a blocking GC Explicit
08-05 20:46:35.193 24743 24762 I art     : Explicit concurrent mark sweep GC freed 100(1728B) AllocSpace objects, 0(0B) LOS objects, 29% free, 38MB/54MB, paused 282us total 19.853ms
08-05 20:46:35.555 24743 24771 I art     : Starting a blocking GC Explicit
08-05 20:46:35.578 24743 24771 I art     : Explicit concurrent mark sweep GC freed 2527(100KB) AllocSpace objects, 2(40KB) LOS objects, 29% free, 38MB/54MB, paused 296us total 22.964ms
08-05 20:46:35.593 24743 24771 I art     : Starting a blocking GC Explicit
08-05 20:46:35.613 24743 24771 I art     : Explicit concurrent mark sweep GC freed 118(2384B) AllocSpace objects, 0(0B) LOS objects, 29% free, 38MB/54MB, paused 277us total 19.619ms
08-05 20:46:35.622 24743 24771 I art     : Starting a blocking GC Explicit
08-05 20:46:35.641 24743 24771 I art     : Explicit concurrent mark sweep GC freed 99(1696B) AllocSpace objects, 0(0B) LOS objects, 29% free, 38MB/54MB, paused 282us total 19.480ms
08-05 20:46:35.650 24743 24771 I art     : Starting a blocking GC Explicit
08-05 20:46:35.670 24743 24771 I art     : Explicit concurrent mark sweep GC freed 99(1696B) AllocSpace objects, 0(0B) LOS objects, 29% free, 38MB/54MB, paused 287us total 19.255ms
08-05 20:46:35.679 24743 24771 I art     : Starting a blocking GC Explicit
08-05 20:46:35.699 24743 24771 I art     : Explicit concurrent mark sweep GC freed 51(896B) AllocSpace objects, 0(0B) LOS objects, 29% free, 38MB/54MB, paused 289us total 19.559ms
08-05 20:46:36.040 24743 24760 I art     : Starting a blocking GC Explicit
08-05 20:46:36.063 24743 24760 I art     : Explicit concurrent mark sweep GC freed 2480(100KB) AllocSpace objects, 2(40KB) LOS objects, 29% free, 38MB/54MB, paused 294us total 22.723ms
08-05 20:46:36.077 24743 24760 I art     : Starting a blocking GC Explicit
08-05 20:46:36.096 24743 24760 I art     : Explicit concurrent mark sweep GC freed 118(2384B) AllocSpace objects, 0(0B) LOS objects, 29% free, 38MB/54MB, paused 369us total 19.221ms
08-05 20:46:36.105 24743 24760 I art     : Starting a blocking GC Explicit
08-05 20:46:36.125 24743 24760 I art     : Explicit concurrent mark sweep GC freed 99(1696B) AllocSpace objects, 0(0B) LOS objects, 29% free, 38MB/54MB, paused 313us total 19.625ms
08-05 20:46:36.134 24743 24760 I art     : Starting a blocking GC Explicit
08-05 20:46:36.153 24743 24760 I art     : Explicit concurrent mark sweep GC freed 98(1664B) AllocSpace objects, 0(0B) LOS objects, 29% free, 38MB/54MB, paused 293us total 19.379ms
08-05 20:46:36.162 24743 24760 I art     : Starting a blocking GC Explicit
08-05 20:46:36.183 24743 24760 I art     : Explicit concurrent mark sweep GC freed 52(928B) AllocSpace objects, 0(0B) LOS objects, 29% free, 38MB/54MB, paused 280us total 20.198ms
08-05 20:46:36.467 24743 24771 I art     : Starting a blocking GC Explicit
08-05 20:46:36.488 24743 24771 I art     : Explicit concurrent mark sweep GC freed 2359(98KB) AllocSpace objects, 2(40KB) LOS objects, 29% free, 38MB/54MB, paused 321us total 20.175ms
08-05 20:46:36.497 24743 24771 I art     : Starting a blocking GC Explicit
08-05 20:46:36.518 24743 24771 I art     : Explicit concurrent mark sweep GC freed 80(2128B) AllocSpace objects, 0(0B) LOS objects, 29% free, 38MB/54MB, paused 293us total 20.114ms
08-05 20:46:36.527 24743 24771 I art     : Starting a blocking GC Explicit
08-05 20:46:36.547 24743 24771 I art     : Explicit concurrent mark sweep GC freed 99(1696B) AllocSpace objects, 0(0B) LOS objects, 29% free, 38MB/54MB, paused 322us total 18.904ms
08-05 20:46:36.555 24743 24771 I art     : Starting a blocking GC Explicit
08-05 20:46:36.574 24743 24771 I art     : Explicit concurrent mark sweep GC freed 99(1696B) AllocSpace objects, 0(0B) LOS objects, 29% free, 38MB/54MB, paused 279us total 18.795ms
08-05 20:46:36.583 24743 24771 I art     : Starting a blocking GC Explicit
08-05 20:46:36.602 24743 24771 I art     : Explicit concurrent mark sweep GC freed 51(896B) AllocSpace objects, 0(0B) LOS objects, 29% free, 38MB/54MB, paused 345us total 18.830ms
08-05 20:46:36.610 25116 25116 D AndroidRuntime: >>>>>> START com.android.internal.os.RuntimeInit uid 2000 <<<<<<
08-05 20:46:36.614 25116 25116 D AndroidRuntime: CheckJNI is OFF
08-05 20:46:36.638 25116 25116 D ICU     : No timezone override file found: /data/misc/zoneinfo/current/icu/icu_tzdata.dat
08-05 20:46:36.663 25116 25116 I Radio-JNI: register_android_hardware_Radio DONE
08-05 20:46:36.679 25116 25116 D AndroidRuntime: Calling main entry com.android.commands.input.Input
08-05 20:46:36.681 25116 25116 I Input   : injectMotionEvent: MotionEvent { action=ACTION_DOWN, actionButton=0, id[0]=0, x[0]=693.0, y[0]=1450.0, toolType[0]=TOOL_TYPE_UNKNOWN, buttonState=0, metaState=0, flags=0x0, edgeFlags=0x0, pointerCount=1, historySize=0, eventTime=823613094, downTime=823613094, deviceId=0, source=0x1002 }
08-05 20:46:36.688 25116 25116 I Input   : injectMotionEvent: MotionEvent { action=ACTION_UP, actionButton=0, id[0]=0, x[0]=693.0, y[0]=1450.0, toolType[0]=TOOL_TYPE_UNKNOWN, buttonState=0, metaState=0, flags=0x0, edgeFlags=0x0, pointerCount=1, historySize=0, eventTime=823613094, downTime=823613094, deviceId=0, source=0x1002 }
08-05 20:46:36.689 25116 25116 D AndroidRuntime: Shutting down VM
08-05 20:46:36.690   918  3714 I ActivityManager: START u0 {cmp=baseline.io.github.project_travel_mate/.destinations.description.CityHistoryActivity} from uid 10674 on display 0
08-05 20:46:36.691   512  2967 D audio_hw_primary: out_set_parameters: enter: usecase(1: low-latency-playback) kvpairs: routing=2
08-05 20:46:36.704   512  2967 D audio_hw_primary: select_devices: out_snd_device(2: speaker) in_snd_device(0: none)
08-05 20:46:36.704   512  2967 D msm8974_platform: platform_send_audio_calibration: sending audio calibration for snd_device(2) acdb_id(15)
08-05 20:46:36.705   512  2967 I soundtrigger: audio_extn_sound_trigger_update_device_status: device 0x2 of type 0 for Event 1
08-05 20:46:36.714   512  2967 D audio_hw_primary: enable_snd_device: snd_device(2: speaker)
08-05 20:46:36.716   512  2967 D audio_hw_primary: enable_audio_route: apply and update mixer path: low-latency-playback speaker
08-05 20:46:36.720 24743 24833 D Gabe    : call	returning from cache
08-05 20:46:36.722 24743 24743 V EXECUTING: https://project-travel-mate.herokuapp.com/api/get-city-information/1
