08-03 23:17:44.091 17664 17664 D Nappa   : activity.getClass().getCanonicalName() = nappagreedy.io.github.project_travel_mate.destinations.description.CityHistoryActivity, 
08-03 23:17:44.091 17664 18526 D CustomInterceptor: HEADER REQUEST
08-03 23:17:44.091 17664 17664 D Nappa   : setCurrentActivity - MetricStrategyAccuracy - 
08-03 23:17:44.091 17664 17664 D Nappa   : madePredictionFromExtra = false, 
08-03 23:17:44.091 17664 17664 D Nappa   : fromActivity = nappagreedy.io.github.project_travel_mate.destinations.description.FinalCityInfoActivity, 
08-03 23:17:44.091 17664 17664 D Nappa   : predictedNextActivityFromExtra = [], 
08-03 23:17:44.091 17664 17664 D Nappa   : activity.getClass().getCanonicalName() = nappagreedy.io.github.project_travel_mate.destinations.description.CityHistoryActivity, 
08-03 23:17:44.091 17664 18526 D CustomInterceptor: Authorization Token e817cf733b7893037942a7dc5507f3c5a98408e6
08-03 23:17:44.091 17664 18526 D CustomInterceptor: Cache-Control max-age=300, max-stale=300
08-03 23:17:44.091 17664 17664 D Nappa   : PREFETCH_ON_EXTRA - setCurrentActivity - logs - from activity - made prediction isfalse
08-03 23:17:44.091 17664 18526 D CustomInterceptor: CACHED STATS: size = '8', maxSize = '100', hitCount = '10', createCount = '0', putCount = '8', evictionCount = '0', missCount = '8', toString = 'LruCache[maxSize=100,hits=10,misses=8,hitRate=55%]', 
08-03 23:17:44.092 17664 18526 D CustomInterceptor: PREFLIB GET REQUEST https://project-travel-mate.herokuapp.com/api/get-city-information/1
08-03 23:17:44.092 17664 18526 D CustomInterceptor: PREFLIB found https://project-travel-mate.herokuapp.com/api/get-city-information/1, sending it back
08-03 23:17:44.092 17664 18526 D CustomInterceptor: CONTENT {"Summary":"Delhi (English: ; Hindi: [dli] Dill; Punjabi: [dli] Dill; Urdu: [deli] Dhl), officially known as the National Capital Territory of Delhi (NCT), is a city and a union territory of India containing New Delhi, the capital of India.It is bordered by the state of Haryana on three sides and by Uttar Pradesh to the east. The NCT covers an area of 1,484 square kilometres (573 sq mi). According to the 2011 census, Delhi's city proper population was over 11 million, the second-highest in India after Mumbai, while the whole NCT's population was about 16.8 million. Delhi's urban area is now considered to extend beyond the NCT boundaries, and include the neighbouring satellite cities of Ghaziabad, Faridabad, Gurgaon and Noida in an area called the National Capital Region (NCR) and had an estimated 2016 population of over 26 million people, making it the world's second-largest urban area according to the United Nations. Recent estimates of the metro economy of its urban area have ranked Delhi either the most or second-most productive metro area of India. Delhi is the second-wealthiest city in India after Mumbai and is home to 18 billionaires and 23,000 millionaires. Delhi ranks fifth among the Indian states and union territories in human development index. Delhi has the second-highest GDP per capita in India. Delhi is of great historical significance as an important commercial, transport, and cultural hub, as well as the political centre of India.Delhi has been continuously inhabited since the 6th century BCE. Through most of its history, Delhi has served as a capital of various kingdoms and empires, most notably the Pandavas, the Delhi Sultanate and the Mughal Empire. The city has been captured, ransacked and rebuilt several times, particularly during the medieval period, and modern Delhi is a cluster of a number of cities spread across the metropolitan region. For many centuries Delhi has been a dominant trading and commercial centre in northern India, and after 1990s it has emerged as an important node in the international corporate and financial network.A union territory, the political administration of the NCT of Delhi today more closely resembles that of a state of India, with its own legislature, high court and an executive council of ministers headed by a Chief Minister. New Delhi is jointly administered by the federal government of India and the local government of Delhi, and serves as the capital of the nation as well as the NCT of Delhi. Delhi hosted the inaugural 1951 Asian Games, 1982 Asian Games, 1983 NAM Summit, 2010 Men's Hockey World Cup, 2010 Commonwealth Games, 2012 BRICS Summit and was one of the major host cities of the 2011 Cricket World Cup.Delhi is also the centre of the National Capital Region (NCR), which is a unique 'interstate regional planning' area created by the National Capital Region Planning Board Act of 1985.","Toponym":"There are a number of myths and legends associated with the origin of the name Delhi. One of them is derived from Dhillu or Dilu, a king who built a city at this location in 50 BCE and named it after himself. Another legend holds that the name of the city is based on the Hindi/Prakrit word dhili (loose) and that it was used by the Tomaras to refer to the city because the iron pillar of Delhi had a weak foundation and had to be moved. According to Panjab Notes and Queries, the name of the city at the time of King Prithviraj was  dilpat, and that dilpat and dilli are probably derived from the old Hindi word dil meaning eminence. The former director of the Archaeological Survey of India, Alexander Cunningham, mentioned that dilli later became dihli/dehli. Some suggest the coins in circulation in the region under the Tomaras were called dehliwal. According to the Bhavishya Purana, King Prithiviraja of Indraprastha built a new fort in the modern-day Purana Qila area for the convenience of all four castes in his kingdom. He ordered the construction of a gateway to the fort and later named the fort dehali.
08-03 23:17:44.092 17664 18526 D CustomInterceptor: interceptor_finished : return_type #2 : request served from cache
08-03 23:17:44.093 17664 18526 I NAPPA_EXPERIMENTATION: MetricNetworkRequestExecutionTime: REQUEST_DURATION_SYSTEM='3',REQUEST_DURATION_OKHTTP='0',REQUEST_SYNCHRONOUS='FALSE',RESPONSE_CODE='200',RESPONSE_METHOD='GET',RESPONSE_LENGTH_OKHTTP='55024',RESPONSE_LENGTH_HEADER='-2',REQUEST_PROTOCOL='http/1.1',REQUEST_URL='https://project-travel-mate.herokuapp.com/api/get-city-information/1',
08-03 23:17:44.097 17664 17692 I art     : Explicit concurrent mark sweep GC freed 889(99KB) AllocSpace objects, 7(652KB) LOS objects, 28% free, 39MB/55MB, paused 868us total 28.210ms
08-03 23:17:44.109 17664 17692 I art     : Starting a blocking GC Explicit
08-03 23:17:44.136 17664 17692 I art     : Explicit concurrent mark sweep GC freed 284(12KB) AllocSpace objects, 1(56KB) LOS objects, 28% free, 39MB/55MB, paused 695us total 26.952ms
08-03 23:17:44.148 17664 17692 I art     : Starting a blocking GC Explicit
08-03 23:17:44.175 17664 17692 I art     : Explicit concurrent mark sweep GC freed 67(2944B) AllocSpace objects, 0(0B) LOS objects, 28% free, 39MB/55MB, paused 694us total 26.933ms
08-03 23:17:44.191 17664 17682 D Nappa   : registerActivity: (already in) nappagreedy.io.github.project_travel_mate.destinations.description.FinalCityInfoActivity
08-03 23:17:44.191 17664 17682 D Nappa   : PARENTS 
08-03 23:17:44.191 17664 17682 D Nappa   : Of: nappagreedy.io.github.project_travel_mate.destinations.description.FinalCityInfoActivity -> 
08-03 23:17:44.191 17664 17682 D Nappa   : PARENTS nappagreedy.io.github.project_travel_mate.MainActivity
08-03 23:17:44.191 17664 17682 D Nappa   : PARENTS has extra: (cityobject_, objects.City@67d12d3)
08-03 23:17:44.191 17664 17682 D Nappa   : PARENTS nappagreedy.io.github.project_travel_mate.SplashActivity
08-03 23:17:44.192 17664 17664 D Nappa   : registerActivity: (already in) nappagreedy.io.github.project_travel_mate.destinations.description.CityHistoryActivity
08-03 23:17:44.192 17664 17664 D ActivityNode: ACTNODE UPDATING AFTER LOADING FROM DB
08-03 23:17:44.192 17664 17664 D ActivityGraph: LARDataCalculatedUpdate nappagreedy.io.github.project_travel_mate.destinations.description.CityHistoryActivity Pagerank: 0.25 HITS-Authority: 1.0 HITS-Hub: 1.0 SALSA-Authority: 1.0 SALSA-Hub: 1.0
08-03 23:17:44.192 17664 17664 D Nappa   : SHOULD_PREFETCH true
08-03 23:17:44.292 17664 17664 D Nappa   : registerActivity: (already in) nappagreedy.io.github.project_travel_mate.destinations.description.CityHistoryActivity
08-03 23:17:44.292 17664 17664 D Nappa   : STATS Number of requests not prefetched: 8
08-03 23:17:44.292 17664 17664 D Nappa   : STATS Number of requests prefetched: 3
08-03 23:17:44.292 17664 17664 D Nappa   : STATS Time saved until now: 0.092
08-03 23:17:44.370 17664 17664 D ActivityNode: Observer - visit time - FinalCityInfoActivity - New aggregate visit time found is 9228 ms
08-03 23:17:44.416 13866 13866 I GoogleInputMethodServic: GoogleInputMethodService.onFinishInput():3138 
08-03 23:17:44.416   918   936 I ActivityManager: Displayed nappagreedy.io.github.project_travel_mate/.destinations.description.CityHistoryActivity: +347ms
08-03 23:17:44.417 17664 17664 D ActivityNode: Observer - session data - sourceCityHistoryActivity
08-03 23:17:44.417 17664 17664 D ActivityNode: destinations:
08-03 23:17:44.417 17664 17664 D ActivityNode: Observer - session data - sourceMainActivity
08-03 23:17:44.417 17664 17664 D ActivityNode: destinations:
08-03 23:17:44.417 17664 17664 D ActivityNode: 	nappagreedy.io.github.project_travel_mate.destinations.description.FinalCityInfoActivity( count 1)
08-03 23:17:44.417 17664 17664 D ActivityNode: Observer - session data - sourceSplashActivity
08-03 23:17:44.417 17664 17664 D ActivityNode: destinations:
08-03 23:17:44.417 17664 17664 D ActivityNode: 	nappagreedy.io.github.project_travel_mate.MainActivity( count 1)
08-03 23:17:44.417 17664 17664 D ActivityNode: Observer - session data - sourceFinalCityInfoActivity
08-03 23:17:44.417 17664 17664 D ActivityNode: destinations:
08-03 23:17:44.417 17664 17664 D ActivityNode: 	nappagreedy.io.github.project_travel_mate.destinations.description.CityHistoryActivity( count 2)
08-03 23:17:44.417 17664 17664 D ActivityNode: 	nappagreedy.io.github.project_travel_mate.destinations.funfacts.FunFactsActivity( count 2)
08-03 23:17:44.417 17664 17664 D ActivityNode: Observer - session data - sourceFunFactsActivity
08-03 23:17:44.417 17664 17664 D ActivityNode: destinations:
08-03 23:17:44.419 13866 13866 I GoogleInputMethodServic: GoogleInputMethodService.onStartInput():1808 
08-03 23:17:44.480 17664 17675 I art     : Starting a blocking GC Explicit
08-03 23:17:44.492 17664 17682 D Nappa   : PREFETCH_ON_EXTRA - setCurrentActivity - logs - from extra - made prediction isfalse
08-03 23:17:44.509 17664 17675 I art     : Explicit concurrent mark sweep GC freed 4673(1686KB) AllocSpace objects, 24(560KB) LOS objects, 28% free, 39MB/55MB, paused 627us total 29.117ms
08-03 23:17:44.521 17664 17675 I art     : Starting a blocking GC Explicit
08-03 23:17:44.549 17664 17675 I art     : Explicit concurrent mark sweep GC freed 455(14KB) AllocSpace objects, 0(0B) LOS objects, 28% free, 39MB/55MB, paused 652us total 27.828ms
08-03 23:17:44.562 17664 17675 I art     : Starting a blocking GC Explicit
08-03 23:17:44.591 17664 17675 I art     : Explicit concurrent mark sweep GC freed 219(3KB) AllocSpace objects, 0(0B) LOS objects, 28% free, 39MB/55MB, paused 627us total 28.425ms
08-03 23:17:44.603 17664 17675 I art     : Starting a blocking GC Explicit
08-03 23:17:44.630   512  2967 D audio_hw_primary: disable_audio_route: reset and update mixer path: low-latency-playback speaker
08-03 23:17:44.631   512  2967 D audio_hw_primary: disable_snd_device: snd_device(2: speaker)
08-03 23:17:44.632 17664 17675 I art     : Explicit concurrent mark sweep GC freed 146(2464B) AllocSpace objects, 0(0B) LOS objects, 28% free, 39MB/55MB, paused 614us total 28.588ms
08-03 23:17:44.640   512  2967 I soundtrigger: audio_extn_sound_trigger_update_device_status: device 0x2 of type 0 for Event 0
08-03 23:17:44.645 17664 17675 I art     : Starting a blocking GC Explicit
08-03 23:17:44.669   380   380 W SurfaceFlinger: couldn't log to binary event log: overflow.
08-03 23:17:44.679 17664 17675 I art     : Explicit concurrent mark sweep GC freed 220(3KB) AllocSpace objects, 0(0B) LOS objects, 28% free, 39MB/55MB, paused 628us total 33.732ms
08-03 23:17:44.792 17664 17682 D Nappa   : PREFETCH_ON_EXTRA - setCurrentActivity - starting new prediction
08-03 23:17:44.793 17664 17682 D Nappa   : Current node - currentActivityName - nappagreedy.io.github.project_travel_mate.destinations.description.CityHistoryActivity
08-03 23:17:44.793 17664 17682 D Nappa   : Current node - activityGraph.getCurrent() - nappagreedy.io.github.project_travel_mate.destinations.description.CityHistoryActivity
08-03 23:17:44.793 17664 17682 I NAPPA_EXPERIMENTATION: MetricNappaPrefetchingStrategyExecutionTime: STRATEGY_CLASS='GreedyPrefetchingStrategyOnVisitFrequencyAndTime',DURATION='62240',NUMBER_OF_URLS='0',NUMBER_OF_SELECTED_CHILDREN_NODES='0',NUMBER_OF_CHILDREN_NODES='0',STRATEGY_RUN_SUCCESSFULLY='True',
08-03 23:17:44.793 17664 17682 D GreedyPrefetchingStrategyOnVisitFrequencyAndTime: ==================================
08-03 23:17:44.793 17664 17682 D GreedyPrefetchingStrategyOnVisitFrequencyAndTime: Starting Run #9
08-03 23:17:44.793 17664 17682 D GreedyPrefetchingStrategyOnVisitFrequencyAndTime: ----------------------------------
08-03 23:17:44.793 17664 17682 D GreedyPrefetchingStrategyOnVisitFrequencyAndTime: Node data CityHistoryActivity 
08-03 23:17:44.793 17664 17682 D GreedyPrefetchingStrategyOnVisitFrequencyAndTime: 	Successors:
08-03 23:17:44.793 17664 17682 D GreedyPrefetchingStrategyOnVisitFrequencyAndTime: 
08-03 23:17:44.793 17664 17682 D GreedyPrefetchingStrategyOnVisitFrequencyAndTime: 	Ancestors:
08-03 23:17:44.793 17664 17682 D GreedyPrefetchingStrategyOnVisitFrequencyAndTime: 		FinalCityInfoActivity (1 hits)
08-03 23:17:44.793 17664 17682 D GreedyPrefetchingStrategyOnVisitFrequencyAndTime: 
08-03 23:17:44.793 17664 17682 D GreedyPrefetchingStrategyOnVisitFrequencyAndTime: MetricStrategyAccuracy inc execution count9 | act = true; extra = false
08-03 23:17:44.793 17664 17682 D GreedyPrefetchingStrategyOnVisitFrequencyAndTime: MetricStrategyAccuracy inc no sucessor count7 | act = true; extra = false
08-03 23:17:44.793 17664 17682 D GreedyPrefetchingStrategyOnVisitFrequencyAndTime: ------------- Recursion #1 -----------
08-03 23:17:44.793 17664 17682 D GreedyPrefetchingStrategyOnVisitFrequencyAndTime: Best successors so far []
08-03 23:17:44.793 17664 17682 D GreedyPrefetchingStrategyOnVisitFrequencyAndTime: Checking node CityHistoryActivity with 0 successors
08-03 23:17:44.793 17664 17682 D GreedyPrefetchingStrategyOnVisitFrequencyAndTime: this node has no successors
08-03 23:17:44.793 17664 17682 D GreedyPrefetchingStrategyOnVisitFrequencyAndTime: Next visited child will be []
08-03 23:17:44.794 17664 17682 D GreedyPrefetchingStrategyOnVisitFrequencyAndTime: ==================================
08-03 23:17:44.794 17664 17682 D Nappa   : PREFETCH_ON_EXTRA - setCurrentActivity - finished new prediction
08-03 23:17:44.890 18789 18839 I Finsky  : [5531] ktr.run(-1): Stats for Executor: BlockingExecutor kvs@4c6bd6a[Running, pool size = 0, active threads = 0, queued tasks = 0, completed tasks = 317]
08-03 23:17:44.920 18789 18839 I Finsky  : [5531] ktr.run(-1): Stats for Executor: LightweightExecutor kvs@51225b[Running, pool size = 4, active threads = 0, queued tasks = 0, completed tasks = 325]
08-03 23:17:45.010 17664 17675 I art     : Starting a blocking GC Explicit
08-03 23:17:45.043 17664 17675 I art     : Explicit concurrent mark sweep GC freed 3379(137KB) AllocSpace objects, 2(40KB) LOS objects, 28% free, 39MB/55MB, paused 658us total 32.730ms
08-03 23:17:45.056 17664 17675 I art     : Starting a blocking GC Explicit
08-03 23:17:45.086 17664 17675 I art     : Explicit concurrent mark sweep GC freed 174(3KB) AllocSpace objects, 0(0B) LOS objects, 28% free, 39MB/55MB, paused 688us total 30.204ms
08-03 23:17:45.099 17664 17675 I art     : Starting a blocking GC Explicit
08-03 23:17:45.129 17664 17675 I art     : Explicit concurrent mark sweep GC freed 219(3KB) AllocSpace objects, 0(0B) LOS objects, 28% free, 39MB/55MB, paused 662us total 30.209ms
08-03 23:17:45.142 17664 17675 I art     : Starting a blocking GC Explicit
08-03 23:17:45.173 17664 17675 I art     : Explicit concurrent mark sweep GC freed 218(3KB) AllocSpace objects, 0(0B) LOS objects, 28% free, 39MB/55MB, paused 704us total 30.329ms
08-03 23:17:45.185 17664 17675 I art     : Starting a blocking GC Explicit
08-03 23:17:45.217 17664 17675 I art     : Explicit concurrent mark sweep GC freed 147(2496B) AllocSpace objects, 0(0B) LOS objects, 28% free, 39MB/55MB, paused 734us total 31.341ms
08-03 23:17:45.553 17664 17734 I art     : Starting a blocking GC Explicit
08-03 23:17:45.584 17664 17734 I art     : Explicit concurrent mark sweep GC freed 3209(120KB) AllocSpace objects, 2(40KB) LOS objects, 28% free, 39MB/55MB, paused 668us total 31.202ms
08-03 23:17:45.597 17664 17734 I art     : Starting a blocking GC Explicit
08-03 23:17:45.628 17664 17734 I art     : Explicit concurrent mark sweep GC freed 247(4KB) AllocSpace objects, 0(0B) LOS objects, 28% free, 39MB/55MB, paused 712us total 30.653ms
08-03 23:17:45.633 18789 18839 I Finsky  : [5531] ktr.run(-1): Stats for Executor: bgExecutor kvs@8658af8[Running, pool size = 4, active threads = 0, queued tasks = 0, completed tasks = 963]
08-03 23:17:45.641 17664 17734 I art     : Starting a blocking GC Explicit
08-03 23:17:45.672 17664 17734 I art     : Explicit concurrent mark sweep GC freed 150(2544B) AllocSpace objects, 0(0B) LOS objects, 28% free, 39MB/55MB, paused 815us total 30.668ms
08-03 23:17:45.684 17664 17734 I art     : Starting a blocking GC Explicit
08-03 23:17:45.716 17664 17734 I art     : Explicit concurrent mark sweep GC freed 216(3KB) AllocSpace objects, 0(0B) LOS objects, 28% free, 39MB/55MB, paused 687us total 31.094ms
08-03 23:17:45.729 17664 17734 I art     : Starting a blocking GC Explicit
08-03 23:17:45.760 17664 17734 I art     : Explicit concurrent mark sweep GC freed 219(3KB) AllocSpace objects, 0(0B) LOS objects, 28% free, 39MB/55MB, paused 633us total 31.260ms
08-03 23:17:46.131 17664 17676 I art     : Starting a blocking GC Explicit
08-03 23:17:46.165 17664 17676 I art     : Explicit concurrent mark sweep GC freed 3379(123KB) AllocSpace objects, 2(40KB) LOS objects, 28% free, 39MB/55MB, paused 627us total 32.878ms
08-03 23:17:46.179 17664 17676 I art     : Starting a blocking GC Explicit
08-03 23:17:46.207 17664 17676 I art     : Explicit concurrent mark sweep GC freed 245(4KB) AllocSpace objects, 0(0B) LOS objects, 28% free, 39MB/55MB, paused 648us total 28.511ms
08-03 23:17:46.220 17664 17676 I art     : Starting a blocking GC Explicit
08-03 23:17:46.252 17664 17676 I art     : Explicit concurrent mark sweep GC freed 153(2896B) AllocSpace objects, 0(0B) LOS objects, 28% free, 39MB/55MB, paused 664us total 31.920ms
08-03 23:17:46.265 17664 17676 I art     : Starting a blocking GC Explicit
08-03 23:17:46.295 17664 17676 I art     : Explicit concurrent mark sweep GC freed 232(4KB) AllocSpace objects, 0(0B) LOS objects, 28% free, 39MB/55MB, paused 669us total 29.713ms
08-03 23:17:46.307 17664 17676 I art     : Starting a blocking GC Explicit
08-03 23:17:46.339 17664 17676 I art     : Explicit concurrent mark sweep GC freed 160(3008B) AllocSpace objects, 0(0B) LOS objects, 28% free, 39MB/55MB, paused 849us total 31.870ms
08-03 23:17:46.690 17664 17675 I art     : Starting a blocking GC Explicit
08-03 23:17:46.723 17664 17675 I art     : Explicit concurrent mark sweep GC freed 3293(122KB) AllocSpace objects, 2(40KB) LOS objects, 28% free, 39MB/55MB, paused 880us total 32.820ms
08-03 23:17:46.736 17664 17675 I art     : Starting a blocking GC Explicit
08-03 23:17:46.767 17664 17675 I art     : Explicit concurrent mark sweep GC freed 229(4KB) AllocSpace objects, 0(0B) LOS objects, 28% free, 39MB/55MB, paused 780us total 30.548ms
08-03 23:17:46.780 17664 17675 I art     : Starting a blocking GC Explicit
08-03 23:17:46.811 17664 17675 I art     : Explicit concurrent mark sweep GC freed 219(3KB) AllocSpace objects, 0(0B) LOS objects, 28% free, 39MB/55MB, paused 665us total 31.241ms
08-03 23:17:46.824 17664 17675 I art     : Starting a blocking GC Explicit
08-03 23:17:46.856 17664 17675 I art     : Explicit concurrent mark sweep GC freed 151(2560B) AllocSpace objects, 0(0B) LOS objects, 28% free, 39MB/55MB, paused 838us total 31.287ms
08-03 23:17:46.869 17664 17675 I art     : Starting a blocking GC Explicit
08-03 23:17:46.900 17664 17675 I art     : Explicit concurrent mark sweep GC freed 215(3KB) AllocSpace objects, 0(0B) LOS objects, 28% free, 39MB/55MB, paused 667us total 31.390ms
08-03 23:17:47.283 17664 17734 I art     : Starting a blocking GC Explicit
08-03 23:17:47.317 17664 17734 I art     : Explicit concurrent mark sweep GC freed 3424(124KB) AllocSpace objects, 2(40KB) LOS objects, 28% free, 39MB/55MB, paused 676us total 33.792ms
08-03 23:17:47.329 17664 17734 I art     : Starting a blocking GC Explicit
08-03 23:17:47.359 17664 17734 I art     : Explicit concurrent mark sweep GC freed 246(4KB) AllocSpace objects, 0(0B) LOS objects, 28% free, 39MB/55MB, paused 659us total 29.773ms
08-03 23:17:47.372 17664 17734 I art     : Starting a blocking GC Explicit
08-03 23:17:47.375 13652 13652 I ServiceManager: Waiting for service AtCmdFwd...
08-03 23:17:47.402 17664 17734 I art     : Explicit concurrent mark sweep GC freed 146(2464B) AllocSpace objects, 0(0B) LOS objects, 28% free, 39MB/55MB, paused 679us total 29.755ms
08-03 23:17:47.415 17664 17734 I art     : Starting a blocking GC Explicit
08-03 23:17:47.445 17664 17734 I art     : Explicit concurrent mark sweep GC freed 221(3KB) AllocSpace objects, 0(0B) LOS objects, 28% free, 39MB/55MB, paused 674us total 29.938ms
08-03 23:17:47.458 17664 17734 I art     : Starting a blocking GC Explicit
08-03 23:17:47.488 17664 17734 I art     : Explicit concurrent mark sweep GC freed 147(2496B) AllocSpace objects, 0(0B) LOS objects, 28% free, 39MB/55MB, paused 666us total 30.424ms
08-03 23:17:47.855 17664 17692 I art     : Starting a blocking GC Explicit
08-03 23:17:47.889 17664 17692 I art     : Explicit concurrent mark sweep GC freed 3356(126KB) AllocSpace objects, 2(40KB) LOS objects, 28% free, 39MB/55MB, paused 694us total 33.824ms
08-03 23:17:47.905 17664 17692 I art     : Starting a blocking GC Explicit
08-03 23:17:47.935 17664 17692 I art     : Explicit concurrent mark sweep GC freed 246(4KB) AllocSpace objects, 0(0B) LOS objects, 28% free, 39MB/55MB, paused 674us total 30.108ms
08-03 23:17:47.947 17664 17692 I art     : Starting a blocking GC Explicit
08-03 23:17:47.977 17664 17692 I art     : Explicit concurrent mark sweep GC freed 219(3KB) AllocSpace objects, 0(0B) LOS objects, 28% free, 39MB/55MB, paused 803us total 29.565ms
08-03 23:17:47.990 17664 17692 I art     : Starting a blocking GC Explicit
08-03 23:17:48.020 17664 17692 I art     : Explicit concurrent mark sweep GC freed 146(2464B) AllocSpace objects, 0(0B) LOS objects, 28% free, 39MB/55MB, paused 679us total 30.274ms
08-03 23:17:48.033 17664 17692 I art     : Starting a blocking GC Explicit
08-03 23:17:48.063 17664 17692 I art     : Explicit concurrent mark sweep GC freed 220(3KB) AllocSpace objects, 0(0B) LOS objects, 28% free, 39MB/55MB, paused 674us total 30.129ms
08-03 23:17:48.375 13652 13652 I ServiceManager: Waiting for service AtCmdFwd...
08-03 23:17:48.429 17664 17735 I art     : Starting a blocking GC Explicit
08-03 23:17:48.461 17664 17735 I art     : Explicit concurrent mark sweep GC freed 3357(127KB) AllocSpace objects, 2(40KB) LOS objects, 28% free, 39MB/55MB, paused 666us total 31.455ms
08-03 23:17:48.474 17664 17735 I art     : Starting a blocking GC Explicit
08-03 23:17:48.504 17664 17735 I art     : Explicit concurrent mark sweep GC freed 174(3KB) AllocSpace objects, 0(0B) LOS objects, 28% free, 39MB/55MB, paused 660us total 29.136ms
08-03 23:17:48.516 17664 17735 I art     : Starting a blocking GC Explicit
08-03 23:17:48.545 17664 17735 I art     : Explicit concurrent mark sweep GC freed 219(3KB) AllocSpace objects, 0(0B) LOS objects, 28% free, 39MB/55MB, paused 633us total 28.908ms
08-03 23:17:48.558 17664 17735 I art     : Starting a blocking GC Explicit
08-03 23:17:48.588 17664 17735 I art     : Explicit concurrent mark sweep GC freed 148(2528B) AllocSpace objects, 0(0B) LOS objects, 28% free, 39MB/55MB, paused 684us total 30.080ms
08-03 23:17:48.601 17664 17735 I art     : Starting a blocking GC Explicit
08-03 23:17:48.630 17664 17735 I art     : Explicit concurrent mark sweep GC freed 219(3KB) AllocSpace objects, 0(0B) LOS objects, 28% free, 39MB/55MB, paused 651us total 29.387ms
08-03 23:17:48.725 18606 18606 D AndroidRuntime: >>>>>> START com.android.internal.os.RuntimeInit uid 2000 <<<<<<
08-03 23:17:48.730 18606 18606 D AndroidRuntime: CheckJNI is OFF
08-03 23:17:48.763 18606 18606 D ICU     : No timezone override file found: /data/misc/zoneinfo/current/icu/icu_tzdata.dat
08-03 23:17:48.798 18606 18606 I Radio-JNI: register_android_hardware_Radio DONE
08-03 23:17:48.819 18606 18606 D AndroidRuntime: Calling main entry com.android.commands.input.Input
08-03 23:17:48.821 18606 18606 I Input   : injectKeyEvent: KeyEvent { action=ACTION_DOWN, keyCode=KEYCODE_BACK, scanCode=0, metaState=0, flags=0x0, repeatCount=0, eventTime=659885234, downTime=659885234, deviceId=-1, source=0x101 }
08-03 23:17:48.828 18606 18606 I Input   : injectKeyEvent: KeyEvent { action=ACTION_UP, keyCode=KEYCODE_BACK, scanCode=0, metaState=0, flags=0x0, repeatCount=0, eventTime=659885234, downTime=659885234, deviceId=-1, source=0x101 }
08-03 23:17:48.834 17664 17664 D NappaLifecycleObserver: nappagreedy.io.github.project_travel_mate.destinations.description.CityHistoryActivity - onPause
08-03 23:17:48.834 18606 18606 D AndroidRuntime: Shutting down VM
08-03 23:17:48.834 17664 17664 D Nappa   : Stayed on nappagreedy.io.github.project_travel_mate.destinations.description.CityHistoryActivity for 4542 ms
08-03 23:17:48.839 17664 17664 D NappaLifecycleObserver: nappagreedy.io.github.project_travel_mate.destinations.description.FinalCityInfoActivity - onResume
08-03 23:17:48.839 17664 17664 D Nappa   : setCurrentActivity - MetricStrategyAccuracy - 
08-03 23:17:48.839 17664 17664 D Nappa   : madePredictionFromActivity = true, 
08-03 23:17:48.839 17664 17664 D Nappa   : fromActivity = nappagreedy.io.github.project_travel_mate.destinations.description.CityHistoryActivity, 
08-03 23:17:48.839 17664 17664 D Nappa   : predictedNextActivityFromActivity = [], 
08-03 23:17:48.839 17664 17664 D Nappa   : activity.getClass().getCanonicalName() = nappagreedy.io.github.project_travel_mate.destinations.description.FinalCityInfoActivity, 
08-03 23:17:48.839 17664 17664 D Nappa   : setCurrentActivity - MetricStrategyAccuracy - 
08-03 23:17:48.839 17664 17664 D Nappa   : madePredictionFromExtra = false, 
08-03 23:17:48.839 17664 17664 D Nappa   : fromActivity = nappagreedy.io.github.project_travel_mate.destinations.description.CityHistoryActivity, 
08-03 23:17:48.839 17664 17664 D Nappa   : predictedNextActivityFromExtra = [], 
08-03 23:17:48.839 17664 17664 D Nappa   : activity.getClass().getCanonicalName() = nappagreedy.io.github.project_travel_mate.destinations.description.FinalCityInfoActivity, 
08-03 23:17:48.839 17664 17664 D Nappa   : PREFETCH_ON_EXTRA - setCurrentActivity - logs - from activity - made prediction istrue
08-03 23:17:48.839 17664 17664 D Nappa   : PREFETCH_ON_EXTRA - setCurrentActivity - logs - from activity - start
08-03 23:17:48.840 17664 17664 I NAPPA_EXPERIMENTATION: MetricStrategyAccuracy: LOG_ID='9',EXECUTION_COUNT='9',CASES_COUNT='9',HIT_PERCENTAGE_TOTAL='0.0',HIT_PERCENTAGE_WHEN_PREDICTED='0.0',HIT_COUNT='0',MISS_COUNT='1',INSUFFICIENT_SCORE_COUNT='1',EXCEPTION_COUNT='0',NO_SUCCESSOR_COUNT='7',
08-03 23:17:48.840 17664 17664 D Nappa   : PREFETCH_ON_EXTRA - setCurrentActivity - logs - from activity- finished
08-03 23:17:48.940 17664 17664 D Nappa   : registerActivity: (already in) nappagreedy.io.github.project_travel_mate.destinations.description.FinalCityInfoActivity
08-03 23:17:48.941 17664 17664 D ActivityGraph: LARDataCalculatedUpdate nappagreedy.io.github.project_travel_mate.destinations.description.FinalCityInfoActivity Pagerank: 0.25 HITS-Authority: 1.0 HITS-Hub: 1.0 SALSA-Authority: 1.0 SALSA-Hub: 1.0
08-03 23:17:48.941 17664 17664 D Nappa   : SHOULD_PREFETCH false
08-03 23:17:48.941 17664 17664 D Nappa   : STATS Number of requests not prefetched: 8
08-03 23:17:48.941 17664 17664 D Nappa   : STATS Number of requests prefetched: 3
08-03 23:17:48.941 17664 17664 D Nappa   : STATS Time saved until now: 0.092
08-03 23:17:48.970 17664 17735 I art     : Starting a blocking GC Explicit
08-03 23:17:48.973 17664 17664 D ActivityNode: Observer - visit time - CityHistoryActivity - New aggregate visit time found is 9001 ms
08-03 23:17:48.975 13866 13866 I GoogleInputMethodServic: GoogleInputMethodService.onFinishInput():3138 
08-03 23:17:48.977 13866 13866 I GoogleInputMethodServic: GoogleInputMethodService.onStartInput():1808 
08-03 23:17:49.002 17664 17735 I art     : Explicit concurrent mark sweep GC freed 3117(143KB) AllocSpace objects, 2(40KB) LOS objects, 28% free, 39MB/55MB, paused 695us total 31.747ms
08-03 23:17:49.014 17664 17735 I art     : Starting a blocking GC Explicit
08-03 23:17:49.040 17664 17735 I art     : Explicit concurrent mark sweep GC freed 292(7KB) AllocSpace objects, 0(0B) LOS objects, 28% free, 39MB/55MB, paused 611us total 25.486ms
08-03 23:17:49.052 17664 17735 I art     : Starting a blocking GC Explicit
08-03 23:17:49.078 17664 17735 I art     : Explicit concurrent mark sweep GC freed 219(3KB) AllocSpace objects, 0(0B) LOS objects, 28% free, 39MB/55MB, paused 619us total 25.915ms
08-03 23:17:49.090 17664 17735 I art     : Starting a blocking GC Explicit
08-03 23:17:49.116 17664 17735 I art     : Explicit concurrent mark sweep GC freed 146(2464B) AllocSpace objects, 0(0B) LOS objects, 28% free, 39MB/55MB, paused 579us total 25.962ms
08-03 23:17:49.128 17664 17735 I art     : Starting a blocking GC Explicit
08-03 23:17:49.154 17664 17735 I art     : Explicit concurrent mark sweep GC freed 148(2528B) AllocSpace objects, 0(0B) LOS objects, 28% free, 39MB/55MB, paused 637us total 26.314ms
08-03 23:17:49.240 17664 17682 D Nappa   : PREFETCH_ON_EXTRA - setCurrentActivity - logs - from extra - made prediction isfalse
08-03 23:17:49.275   380   380 W SurfaceFlinger: couldn't log to binary event log: overflow.
08-03 23:17:49.277 17664 17664 D NappaLifecycleObserver: nappagreedy.io.github.project_travel_mate.destinations.description.CityHistoryActivity - onDestroy
08-03 23:17:49.277 17664 17664 D NappaLifecycleObserver: -------------F1_SCORE #15 -----------
08-03 23:17:49.277 17664 17664 D NappaLifecycleObserver: F1_SCORE - Intercept list (8)= [https://project-travel-mate.herokuapp.com/api/get-user, https://project-travel-mate.herokuapp.com/api/get-all-cities/10, https://project-travel-mate.herokuapp.com/api/number-of-unread-notifications, https://project-travel-mate.herokuapp.com/api/get-city-weather/1, https://project-travel-mate.herokuapp.com/api/get-city/1, https://project-travel-mate.herokuapp.com/api/get-city-information/1, https://project-travel-mate.herokuapp.com/api/get-city-facts/1, https://project-travel-mate.herokuapp.com/api/get-city-images/1]
08-03 23:17:49.277 17664 17664 D NappaLifecycleObserver: F1_SCORE - Prefetch list (0)= []
08-03 23:17:49.277 17664 17664 D NappaLifecycleObserver: F1_SCORE - TP list (0)= []
08-03 23:17:49.277 17664 17664 D NappaLifecycleObserver: F1_SCORE - FN list (8)= [https://project-travel-mate.herokuapp.com/api/get-user, https://project-travel-mate.herokuapp.com/api/get-all-cities/10, https://project-travel-mate.herokuapp.com/api/number-of-unread-notifications, https://project-travel-mate.herokuapp.com/api/get-city-weather/1, https://project-travel-mate.herokuapp.com/api/get-city/1, https://project-travel-mate.herokuapp.com/api/get-city-information/1, https://project-travel-mate.herokuapp.com/api/get-city-facts/1, https://project-travel-mate.herokuapp.com/api/get-city-images/1]
08-03 23:17:49.277 17664 17664 I NAPPA_EXPERIMENTATION: MetricPrefetchingAccuracy: LOG_ID='16',F1_SCORE_1='0.0',F1_SCORE_2='0.0',TRUE_POSITIVE='0',FALSE_POSITIVE='0',FALSE_NEGATIVE='8',
08-03 23:17:49.376 13652 13652 I ServiceManager: Waiting for service AtCmdFwd...
08-03 23:17:49.481 17664 17692 I art     : Starting a blocking GC Explicit
08-03 23:17:49.513 17664 17692 I art     : Explicit concurrent mark sweep GC freed 3044(145KB) AllocSpace objects, 2(40KB) LOS objects, 28% free, 39MB/55MB, paused 736us total 31.405ms
08-03 23:17:49.525 17664 17692 I art     : Starting a blocking GC Explicit
08-03 23:17:49.553 17664 17692 I art     : Explicit concurrent mark sweep GC freed 4531(350KB) AllocSpace objects, 7(132KB) LOS objects, 28% free, 39MB/55MB, paused 657us total 27.183ms
08-03 23:17:49.564 17664 17692 I art     : Starting a blocking GC Explicit
08-03 23:17:49.593 17664 17692 I art     : Explicit concurrent mark sweep GC freed 146(2464B) AllocSpace objects, 0(0B) LOS objects, 28% free, 39MB/55MB, paused 702us total 28.519ms
08-03 23:17:49.605 17664 17692 I art     : Starting a blocking GC Explicit
08-03 23:17:49.633 17664 17692 I art     : Explicit concurrent mark sweep GC freed 100(1728B) AllocSpace objects, 0(0B) LOS objects, 28% free, 39MB/55MB, paused 663us total 27.191ms
08-03 23:17:49.645 17664 17692 I art     : Starting a blocking GC Explicit
08-03 23:17:49.674 17664 17692 I art     : Explicit concurrent mark sweep GC freed 99(1696B) AllocSpace objects, 0(0B) LOS objects, 28% free, 39MB/55MB, paused 667us total 28.533ms
08-03 23:17:50.021 17664 17675 I art     : Starting a blocking GC Explicit
08-03 23:17:50.053 17664 17675 I art     : Explicit concurrent mark sweep GC freed 2728(112KB) AllocSpace objects, 2(40KB) LOS objects, 28% free, 39MB/55MB, paused 676us total 31.793ms
08-03 23:17:50.070 17664 17675 I art     : Starting a blocking GC Explicit
08-03 23:17:50.097 17664 17675 I art     : Explicit concurrent mark sweep GC freed 174(3KB) AllocSpace objects, 0(0B) LOS objects, 28% free, 39MB/55MB, paused 705us total 27.352ms
08-03 23:17:50.109 17664 17675 I art     : Starting a blocking GC Explicit
08-03 23:17:50.137 17664 17675 I art     : Explicit concurrent mark sweep GC freed 99(1696B) AllocSpace objects, 0(0B) LOS objects, 28% free, 39MB/55MB, paused 752us total 27.553ms
08-03 23:17:50.149 17664 17675 I art     : Starting a blocking GC Explicit
08-03 23:17:50.178 17664 17675 I art     : Explicit concurrent mark sweep GC freed 146(2464B) AllocSpace objects, 0(0B) LOS objects, 28% free, 39MB/55MB, paused 695us total 28.192ms
08-03 23:17:50.191 17664 17675 I art     : Starting a blocking GC Explicit
08-03 23:17:50.218 17664 17675 I art     : Explicit concurrent mark sweep GC freed 100(1728B) AllocSpace objects, 0(0B) LOS objects, 28% free, 39MB/55MB, paused 666us total 27.703ms
08-03 23:17:50.376 13652 13652 I ServiceManager: Waiting for service AtCmdFwd...
08-03 23:17:50.487 18653 18653 D AndroidRuntime: >>>>>> START com.android.internal.os.RuntimeInit uid 2000 <<<<<<
08-03 23:17:50.492 18653 18653 D AndroidRuntime: CheckJNI is OFF
08-03 23:17:50.525 18653 18653 D ICU     : No timezone override file found: /data/misc/zoneinfo/current/icu/icu_tzdata.dat
08-03 23:17:50.537 17664 17676 I art     : Starting a blocking GC Explicit
08-03 23:17:50.560 18653 18653 I Radio-JNI: register_android_hardware_Radio DONE
08-03 23:17:50.568 17664 17676 I art     : Explicit concurrent mark sweep GC freed 2631(111KB) AllocSpace objects, 2(40KB) LOS objects, 28% free, 39MB/55MB, paused 820us total 30.283ms
08-03 23:17:50.580 17664 17676 I art     : Starting a blocking GC Explicit
08-03 23:17:50.583 18653 18653 D AndroidRuntime: Calling main entry com.android.commands.input.Input
08-03 23:17:50.585 18653 18653 I Input   : injectKeyEvent: KeyEvent { action=ACTION_DOWN, keyCode=KEYCODE_BACK, scanCode=0, metaState=0, flags=0x0, repeatCount=0, eventTime=659886998, downTime=659886998, deviceId=-1, source=0x101 }
08-03 23:17:50.590 18653 18653 I Input   : injectKeyEvent: KeyEvent { action=ACTION_UP, keyCode=KEYCODE_BACK, scanCode=0, metaState=0, flags=0x0, repeatCount=0, eventTime=659886998, downTime=659886998, deviceId=-1, source=0x101 }
08-03 23:17:50.596 17664 17664 D NappaLifecycleObserver: nappagreedy.io.github.project_travel_mate.destinations.description.FinalCityInfoActivity - onPause
08-03 23:17:50.596 18653 18653 D AndroidRuntime: Shutting down VM
08-03 23:17:50.596 17664 17664 D Nappa   : Stayed on nappagreedy.io.github.project_travel_mate.destinations.description.FinalCityInfoActivity for 1655 ms
08-03 23:17:50.604 17664 17664 D NappaLifecycleObserver: nappagreedy.io.github.project_travel_mate.MainActivity - onResume
08-03 23:17:50.604 17664 17664 D Nappa   : setCurrentActivity - MetricStrategyAccuracy - 
08-03 23:17:50.604 17664 17664 D Nappa   : madePredictionFromActivity = false, 
08-03 23:17:50.604 17664 17664 D Nappa   : fromActivity = nappagreedy.io.github.project_travel_mate.destinations.description.FinalCityInfoActivity, 
08-03 23:17:50.604 17664 17664 D Nappa   : predictedNextActivityFromActivity = [], 
08-03 23:17:50.604 17664 17664 D Nappa   : activity.getClass().getCanonicalName() = nappagreedy.io.github.project_travel_mate.MainActivity, 
08-03 23:17:50.604 17664 17664 D Nappa   : setCurrentActivity - MetricStrategyAccuracy - 
08-03 23:17:50.604 17664 17664 D Nappa   : madePredictionFromExtra = false, 
08-03 23:17:50.604 17664 17664 D Nappa   : fromActivity = nappagreedy.io.github.project_travel_mate.destinations.description.FinalCityInfoActivity, 
08-03 23:17:50.604 17664 17664 D Nappa   : predictedNextActivityFromExtra = [], 
08-03 23:17:50.604 17664 17664 D Nappa   : activity.getClass().getCanonicalName() = nappagreedy.io.github.project_travel_mate.MainActivity, 
08-03 23:17:50.604 17664 17664 D Nappa   : PREFETCH_ON_EXTRA - setCurrentActivity - logs - from activity - made prediction isfalse
08-03 23:17:50.609 17664 17676 I art     : Explicit concurrent mark sweep GC freed 328(18KB) AllocSpace objects, 0(0B) LOS objects, 28% free, 39MB/55MB, paused 720us total 28.054ms
08-03 23:17:50.620 17664 17676 I art     : Starting a blocking GC Explicit
08-03 23:17:50.646 17664 17676 I art     : Explicit concurrent mark sweep GC freed 39(1472B) AllocSpace objects, 0(0B) LOS objects, 28% free, 39MB/55MB, paused 682us total 25.849ms
08-03 23:17:50.660 17664 17676 I art     : Starting a blocking GC Explicit
08-03 23:17:50.688 17664 17676 I art     : Explicit concurrent mark sweep GC freed 5(192B) AllocSpace objects, 0(0B) LOS objects, 28% free, 39MB/55MB, paused 705us total 28.132ms
08-03 23:17:50.700 17664 17676 I art     : Starting a blocking GC Explicit
08-03 23:17:50.704 17664 17664 D Nappa   : registerActivity: (already in) nappagreedy.io.github.project_travel_mate.MainActivity
08-03 23:17:50.704 17664 17664 D ActivityGraph: LARDataCalculatedUpdate nappagreedy.io.github.project_travel_mate.MainActivity Pagerank: 0.25 HITS-Authority: 1.0 HITS-Hub: 1.0 SALSA-Authority: 1.0 SALSA-Hub: 1.0
08-03 23:17:50.704 17664 17664 D Nappa   : SHOULD_PREFETCH false
08-03 23:17:50.704 17664 17664 D Nappa   : STATS Number of requests not prefetched: 8
08-03 23:17:50.705 17664 17664 D Nappa   : STATS Number of requests prefetched: 3
08-03 23:17:50.705 17664 17664 D Nappa   : STATS Time saved until now: 0.092
08-03 23:17:50.709 17664 17664 V MainActivity: url = https://project-travel-mate.herokuapp.com/api/number-of-unread-notifications
08-03 23:17:50.710 17664 17664 D Nappa   : TAG okHttpClient initialized
08-03 23:17:50.711 17664 18678 D CustomInterceptor: NETWORK-PROVIDER https://project-travel-mate.herokuapp.com/api/number-of-unread-notifications
08-03 23:17:50.711 17664 18678 D Nappa   : F1_SCORE add_intercept_url - (already in) - https://project-travel-mate.herokuapp.com/api/number-of-unread-notifications
08-03 23:17:50.711 17664 18678 D Nappa   : F1_SCORE add_fn_url - (already in) - https://project-travel-mate.herokuapp.com/api/number-of-unread-notifications
08-03 23:17:50.711 17664 18678 D Nappa   : -------------F1_SCORE #16 -----------
08-03 23:17:50.711 17664 18678 D Nappa   : F1_SCORE - Intercept list (8)= [https://project-travel-mate.herokuapp.com/api/get-user, https://project-travel-mate.herokuapp.com/api/get-all-cities/10, https://project-travel-mate.herokuapp.com/api/number-of-unread-notifications, https://project-travel-mate.herokuapp.com/api/get-city-weather/1, https://project-travel-mate.herokuapp.com/api/get-city/1, https://project-travel-mate.herokuapp.com/api/get-city-information/1, https://project-travel-mate.herokuapp.com/api/get-city-facts/1, https://project-travel-mate.herokuapp.com/api/get-city-images/1]
08-03 23:17:50.711 17664 18678 D Nappa   : F1_SCORE - Prefetch list (0)= []
08-03 23:17:50.711 17664 18678 D Nappa   : F1_SCORE - TP list (0)= []
08-03 23:17:50.711 17664 18678 D Nappa   : F1_SCORE - FN list (8)= [https://project-travel-mate.herokuapp.com/api/get-user, https://project-travel-mate.herokuapp.com/api/get-all-cities/10, https://project-travel-mate.herokuapp.com/api/number-of-unread-notifications, https://project-travel-mate.herokuapp.com/api/get-city-weather/1, https://project-travel-mate.herokuapp.com/api/get-city/1, https://project-travel-mate.herokuapp.com/api/get-city-information/1, https://project-travel-mate.herokuapp.com/api/get-city-facts/1, https://project-travel-mate.herokuapp.com/api/get-city-images/1]
08-03 23:17:50.711 17664 18678 I NAPPA_EXPERIMENTATION: MetricPrefetchingAccuracy: LOG_ID='17',F1_SCORE_1='0.0',F1_SCORE_2='0.0',TRUE_POSITIVE='0',FALSE_POSITIVE='0',FALSE_NEGATIVE='8',
08-03 23:17:50.711 17664 18678 D CustomInterceptor: HEADER REQUEST
08-03 23:17:50.712 17664 18678 D CustomInterceptor: Authorization Token e817cf733b7893037942a7dc5507f3c5a98408e6
08-03 23:17:50.712 17664 18678 D CustomInterceptor: Cache-Control max-age=300, max-stale=300
08-03 23:17:50.712 17664 18678 D CustomInterceptor: CACHED STATS: size = '8', maxSize = '100', hitCount = '11', createCount = '0', putCount = '8', evictionCount = '0', missCount = '8', toString = 'LruCache[maxSize=100,hits=11,misses=8,hitRate=57%]', 
08-03 23:17:50.712 17664 18678 D CustomInterceptor: PREFLIB GET REQUEST https://project-travel-mate.herokuapp.com/api/number-of-unread-notifications
08-03 23:17:50.712 17664 18678 D CustomInterceptor: PREFLIB found https://project-travel-mate.herokuapp.com/api/number-of-unread-notifications, sending it back
08-03 23:17:50.712 17664 18678 D CustomInterceptor: CONTENT {"number_of_unread_notifications":0}
08-03 23:17:50.712 17664 18678 D CustomInterceptor: interceptor_finished : return_type #2 : request served from cache
08-03 23:17:50.712 17664 18678 I NAPPA_EXPERIMENTATION: MetricNetworkRequestExecutionTime: REQUEST_DURATION_SYSTEM='2',REQUEST_DURATION_OKHTTP='0',REQUEST_SYNCHRONOUS='FALSE',RESPONSE_CODE='200',RESPONSE_METHOD='GET',RESPONSE_LENGTH_OKHTTP='36',RESPONSE_LENGTH_HEADER='-2',REQUEST_PROTOCOL='http/1.1',REQUEST_URL='https://project-travel-mate.herokuapp.com/api/number-of-unread-notifications',
08-03 23:17:50.728 17664 17676 I art     : Explicit concurrent mark sweep GC freed 724(62KB) AllocSpace objects, 0(0B) LOS objects, 28% free, 39MB/55MB, paused 722us total 27.130ms
08-03 23:17:50.758 17664 17664 D ActivityNode: Observer - visit time - FinalCityInfoActivity - New aggregate visit time found is 10883 ms
08-03 23:17:50.765 13866 13866 I GoogleInputMethodServic: GoogleInputMethodService.onFinishInput():3138 
08-03 23:17:50.767 13866 13866 I GoogleInputMethodServic: GoogleInputMethodService.onStartInput():1808 
08-03 23:17:50.811 17664 17682 D Nappa   : registerActivity: (already in) nappagreedy.io.github.project_travel_mate.MainActivity
08-03 23:17:50.811 17664 17682 D Nappa   : PARENTS 
08-03 23:17:50.811 17664 17682 D Nappa   : Of: nappagreedy.io.github.project_travel_mate.MainActivity -> 
08-03 23:17:50.811 17664 17682 D Nappa   : PARENTS nappagreedy.io.github.project_travel_mate.SplashActivity
08-03 23:17:51.004 17664 17682 D Nappa   : PREFETCH_ON_EXTRA - setCurrentActivity - logs - from extra - made prediction isfalse
08-03 23:17:51.026   380   380 W SurfaceFlinger: couldn't log to binary event log: overflow.
08-03 23:17:51.027 17664 17664 D NappaLifecycleObserver: nappagreedy.io.github.project_travel_mate.destinations.description.FinalCityInfoActivity - onDestroy
08-03 23:17:51.027 17664 17664 D NappaLifecycleObserver: -------------F1_SCORE #17 -----------
08-03 23:17:51.027 17664 17664 D NappaLifecycleObserver: F1_SCORE - Intercept list (8)= [https://project-travel-mate.herokuapp.com/api/get-user, https://project-travel-mate.herokuapp.com/api/get-all-cities/10, https://project-travel-mate.herokuapp.com/api/number-of-unread-notifications, https://project-travel-mate.herokuapp.com/api/get-city-weather/1, https://project-travel-mate.herokuapp.com/api/get-city/1, https://project-travel-mate.herokuapp.com/api/get-city-information/1, https://project-travel-mate.herokuapp.com/api/get-city-facts/1, https://project-travel-mate.herokuapp.com/api/get-city-images/1]
08-03 23:17:51.027 17664 17664 D NappaLifecycleObserver: F1_SCORE - Prefetch list (0)= []
08-03 23:17:51.027 17664 17664 D NappaLifecycleObserver: F1_SCORE - TP list (0)= []
08-03 23:17:51.027 17664 17664 D NappaLifecycleObserver: F1_SCORE - FN list (8)= [https://project-travel-mate.herokuapp.com/api/get-user, https://project-travel-mate.herokuapp.com/api/get-all-cities/10, https://project-travel-mate.herokuapp.com/api/number-of-unread-notifications, https://project-travel-mate.herokuapp.com/api/get-city-weather/1, https://project-travel-mate.herokuapp.com/api/get-city/1, https://project-travel-mate.herokuapp.com/api/get-city-information/1, https://project-travel-mate.herokuapp.com/api/get-city-facts/1, https://project-travel-mate.herokuapp.com/api/get-city-images/1]
08-03 23:17:51.028 17664 17664 I NAPPA_EXPERIMENTATION: MetricPrefetchingAccuracy: LOG_ID='18',F1_SCORE_1='0.0',F1_SCORE_2='0.0',TRUE_POSITIVE='0',FALSE_POSITIVE='0',FALSE_NEGATIVE='8',
08-03 23:17:51.040 17664 17734 I art     : Starting a blocking GC Explicit
08-03 23:17:51.068 17664 17734 I art     : Explicit concurrent mark sweep GC freed 3079(156KB) AllocSpace objects, 2(40KB) LOS objects, 28% free, 39MB/55MB, paused 738us total 27.656ms
08-03 23:17:51.079 17664 17734 I art     : Starting a blocking GC Explicit
08-03 23:17:51.109 17664 17734 I art     : Explicit concurrent mark sweep GC freed 244(10KB) AllocSpace objects, 0(0B) LOS objects, 28% free, 39MB/55MB, paused 720us total 29.129ms
08-03 23:17:51.121 17664 17734 I art     : Starting a blocking GC Explicit
08-03 23:17:51.151 17664 17734 I art     : Explicit concurrent mark sweep GC freed 75(1296B) AllocSpace objects, 0(0B) LOS objects, 28% free, 39MB/55MB, paused 740us total 29.770ms
08-03 23:17:51.164 17664 17734 I art     : Starting a blocking GC Explicit
08-03 23:17:51.195 17664 17734 I art     : Explicit concurrent mark sweep GC freed 74(1264B) AllocSpace objects, 0(0B) LOS objects, 28% free, 39MB/55MB, paused 747us total 31.085ms
08-03 23:17:51.208 17664 17734 I art     : Starting a blocking GC Explicit
08-03 23:17:51.240 17664 17734 I art     : Explicit concurrent mark sweep GC freed 52(928B) AllocSpace objects, 0(0B) LOS objects, 28% free, 39MB/55MB, paused 720us total 31.152ms
08-03 23:17:51.377 13652 13652 I ServiceManager: Waiting for service AtCmdFwd...
08-03 23:17:51.570 17664 17675 I art     : Starting a blocking GC Explicit
08-03 23:17:51.603 17664 17675 I art     : Explicit concurrent mark sweep GC freed 2153(104KB) AllocSpace objects, 2(40KB) LOS objects, 28% free, 39MB/55MB, paused 654us total 31.938ms
08-03 23:17:51.617 17664 17675 I art     : Starting a blocking GC Explicit
08-03 23:17:51.647 17664 17675 I art     : Explicit concurrent mark sweep GC freed 102(2304B) AllocSpace objects, 0(0B) LOS objects, 28% free, 39MB/55MB, paused 712us total 29.831ms
08-03 23:17:51.659 17664 17675 I art     : Starting a blocking GC Explicit
08-03 23:17:51.689 17664 17675 I art     : Explicit concurrent mark sweep GC freed 51(896B) AllocSpace objects, 0(0B) LOS objects, 28% free, 39MB/55MB, paused 710us total 29.732ms
08-03 23:17:51.702 17664 17675 I art     : Starting a blocking GC Explicit
08-03 23:17:51.732 17664 17675 I art     : Explicit concurrent mark sweep GC freed 76(1328B) AllocSpace objects, 0(0B) LOS objects, 28% free, 39MB/55MB, paused 696us total 29.746ms
08-03 23:17:51.745 17664 17675 I art     : Starting a blocking GC Explicit
08-03 23:17:51.776 17664 17675 I art     : Explicit concurrent mark sweep GC freed 51(896B) AllocSpace objects, 0(0B) LOS objects, 28% free, 39MB/55MB, paused 709us total 30.509ms
08-03 23:17:52.100 17664 17735 I art     : Starting a blocking GC Explicit
08-03 23:17:52.131 17664 17735 I art     : Explicit concurrent mark sweep GC freed 2155(107KB) AllocSpace objects, 2(40KB) LOS objects, 28% free, 39MB/55MB, paused 715us total 30.507ms
08-03 23:17:52.144 17664 17735 I art     : Starting a blocking GC Explicit
08-03 23:17:52.173 17664 17735 I art     : Explicit concurrent mark sweep GC freed 78(1904B) AllocSpace objects, 0(0B) LOS objects, 28% free, 39MB/55MB, paused 701us total 28.743ms
08-03 23:17:52.185 17664 17735 I art     : Starting a blocking GC Explicit
08-03 23:17:52.214 17664 17735 I art     : Explicit concurrent mark sweep GC freed 76(1328B) AllocSpace objects, 0(0B) LOS objects, 28% free, 39MB/55MB, paused 706us total 28.800ms
08-03 23:17:52.227 17664 17735 I art     : Starting a blocking GC Explicit
08-03 23:17:52.248 18699 18699 D AndroidRuntime: >>>>>> START com.android.internal.os.RuntimeInit uid 2000 <<<<<<
08-03 23:17:52.253 18699 18699 D AndroidRuntime: CheckJNI is OFF
