08-04 18:34:07.804 30396 30463 I art     : Explicit concurrent mark sweep GC freed 3460(130KB) AllocSpace objects, 2(40KB) LOS objects, 28% free, 39MB/55MB, paused 947us total 43.271ms
08-04 18:34:07.824 30396 30463 I art     : Starting a blocking GC Explicit
08-04 18:34:07.863 30396 30463 I art     : Explicit concurrent mark sweep GC freed 297(5KB) AllocSpace objects, 0(0B) LOS objects, 28% free, 39MB/55MB, paused 820us total 38.409ms
08-04 18:34:07.879 30396 30463 I art     : Starting a blocking GC Explicit
08-04 18:34:07.920 30396 30463 I art     : Explicit concurrent mark sweep GC freed 235(3KB) AllocSpace objects, 0(0B) LOS objects, 28% free, 39MB/55MB, paused 1.262ms total 40.669ms
08-04 18:34:07.937 30396 30463 I art     : Starting a blocking GC Explicit
08-04 18:34:07.975 30396 30463 I art     : Explicit concurrent mark sweep GC freed 274(4KB) AllocSpace objects, 0(0B) LOS objects, 28% free, 39MB/55MB, paused 767us total 37.362ms
08-04 18:34:07.992 30396 30463 I art     : Starting a blocking GC Explicit
08-04 18:34:08.032 30396 30463 I art     : Explicit concurrent mark sweep GC freed 220(3KB) AllocSpace objects, 0(0B) LOS objects, 28% free, 39MB/55MB, paused 729us total 39.913ms
08-04 18:34:08.406 30396 30409 I art     : Starting a blocking GC Explicit
08-04 18:34:08.445 30396 30409 I art     : Explicit concurrent mark sweep GC freed 3437(128KB) AllocSpace objects, 2(40KB) LOS objects, 28% free, 39MB/55MB, paused 813us total 38.852ms
08-04 18:34:08.462 30396 30409 I art     : Starting a blocking GC Explicit
08-04 18:34:08.500 30396 30409 I art     : Explicit concurrent mark sweep GC freed 246(4KB) AllocSpace objects, 0(0B) LOS objects, 28% free, 39MB/55MB, paused 761us total 37.854ms
08-04 18:34:08.517 30396 30409 I art     : Starting a blocking GC Explicit
08-04 18:34:08.557 30396 30409 I art     : Explicit concurrent mark sweep GC freed 264(4KB) AllocSpace objects, 0(0B) LOS objects, 28% free, 39MB/55MB, paused 799us total 39.195ms
08-04 18:34:08.574 30396 30409 I art     : Starting a blocking GC Explicit
08-04 18:34:08.614 30396 30409 I art     : Explicit concurrent mark sweep GC freed 245(4KB) AllocSpace objects, 0(0B) LOS objects, 28% free, 39MB/55MB, paused 823us total 40.104ms
08-04 18:34:08.631 30396 30409 I art     : Starting a blocking GC Explicit
08-04 18:34:08.670 30396 30409 I art     : Explicit concurrent mark sweep GC freed 233(3KB) AllocSpace objects, 0(0B) LOS objects, 28% free, 39MB/55MB, paused 899us total 38.380ms
08-04 18:34:08.895 31292 31292 D AndroidRuntime: >>>>>> START com.android.internal.os.RuntimeInit uid 2000 <<<<<<
08-04 18:34:08.901 31292 31292 D AndroidRuntime: CheckJNI is OFF
08-04 18:34:08.941 31292 31292 D ICU     : No timezone override file found: /data/misc/zoneinfo/current/icu/icu_tzdata.dat
08-04 18:34:08.983 31292 31292 I Radio-JNI: register_android_hardware_Radio DONE
08-04 18:34:09.013 31292 31292 D AndroidRuntime: Calling main entry com.android.commands.input.Input
08-04 18:34:09.015 31292 31292 I Input   : injectKeyEvent: KeyEvent { action=ACTION_DOWN, keyCode=KEYCODE_BACK, scanCode=0, metaState=0, flags=0x0, repeatCount=0, eventTime=729265428, downTime=729265428, deviceId=-1, source=0x101 }
08-04 18:34:09.022 31292 31292 I Input   : injectKeyEvent: KeyEvent { action=ACTION_UP, keyCode=KEYCODE_BACK, scanCode=0, metaState=0, flags=0x0, repeatCount=0, eventTime=729265428, downTime=729265428, deviceId=-1, source=0x101 }
08-04 18:34:09.028 30396 30396 D NappaLifecycleObserver: nappagreedy.io.github.project_travel_mate.destinations.description.CityHistoryActivity - onPause
08-04 18:34:09.028 30396 30396 D Nappa   : Stayed on nappagreedy.io.github.project_travel_mate.destinations.description.CityHistoryActivity for 4663 ms
08-04 18:34:09.028 31292 31292 D AndroidRuntime: Shutting down VM
08-04 18:34:09.037 30396 30396 D NappaLifecycleObserver: nappagreedy.io.github.project_travel_mate.destinations.description.FinalCityInfoActivity - onResume
08-04 18:34:09.037 30396 30396 D Nappa   : setCurrentActivity - MetricStrategyAccuracy - 
08-04 18:34:09.037 30396 30396 D Nappa   : madePredictionFromActivity = true, 
08-04 18:34:09.037 30396 30396 D Nappa   : fromActivity = nappagreedy.io.github.project_travel_mate.destinations.description.CityHistoryActivity, 
08-04 18:34:09.037 30396 30396 D Nappa   : predictedNextActivityFromActivity = [], 
08-04 18:34:09.037 30396 30396 D Nappa   : activity.getClass().getCanonicalName() = nappagreedy.io.github.project_travel_mate.destinations.description.FinalCityInfoActivity, 
08-04 18:34:09.037 30396 30396 D Nappa   : setCurrentActivity - MetricStrategyAccuracy - 
08-04 18:34:09.037 30396 30396 D Nappa   : madePredictionFromExtra = false, 
08-04 18:34:09.037 30396 30396 D Nappa   : fromActivity = nappagreedy.io.github.project_travel_mate.destinations.description.CityHistoryActivity, 
08-04 18:34:09.037 30396 30396 D Nappa   : predictedNextActivityFromExtra = [], 
08-04 18:34:09.037 30396 30396 D Nappa   : activity.getClass().getCanonicalName() = nappagreedy.io.github.project_travel_mate.destinations.description.FinalCityInfoActivity, 
08-04 18:34:09.037 30396 30396 D Nappa   : PREFETCH_ON_EXTRA - setCurrentActivity - logs - from activity - made prediction istrue
08-04 18:34:09.037 30396 30396 D Nappa   : PREFETCH_ON_EXTRA - setCurrentActivity - logs - from activity - start
08-04 18:34:09.037 30396 30396 I NAPPA_EXPERIMENTATION: MetricStrategyAccuracy: LOG_ID='9',EXECUTION_COUNT='9',CASES_COUNT='9',HIT_PERCENTAGE_TOTAL='11.11111111111111',HIT_PERCENTAGE_WHEN_PREDICTED='33.333333333333336',HIT_COUNT='1',MISS_COUNT='2',INSUFFICIENT_SCORE_COUNT='2',EXCEPTION_COUNT='0',NO_SUCCESSOR_COUNT='4',
08-04 18:34:09.037 30396 30396 D Nappa   : PREFETCH_ON_EXTRA - setCurrentActivity - logs - from activity- finished
08-04 18:34:09.055 30396 30463 I art     : Starting a blocking GC Explicit
08-04 18:34:09.093 30396 30463 I art     : Explicit concurrent mark sweep GC freed 3424(146KB) AllocSpace objects, 2(40KB) LOS objects, 28% free, 39MB/55MB, paused 780us total 37.761ms
08-04 18:34:09.109 30396 30463 I art     : Starting a blocking GC Explicit
08-04 18:34:09.138 30396 30396 D Nappa   : registerActivity: (already in) nappagreedy.io.github.project_travel_mate.destinations.description.FinalCityInfoActivity
08-04 18:34:09.138 30396 30396 D ActivityGraph: LARDataCalculatedUpdate nappagreedy.io.github.project_travel_mate.destinations.description.FinalCityInfoActivity Pagerank: 0.25 HITS-Authority: 1.0 HITS-Hub: 1.0 SALSA-Authority: 1.0 SALSA-Hub: 1.0
08-04 18:34:09.138 30396 30396 D Nappa   : SHOULD_PREFETCH false
08-04 18:34:09.138 30396 30396 D Nappa   : STATS Number of requests not prefetched: 8
08-04 18:34:09.138 30396 30396 D Nappa   : STATS Number of requests prefetched: 3
08-04 18:34:09.138 30396 30396 D Nappa   : STATS Time saved until now: 0.091
08-04 18:34:09.147 30396 30463 I art     : Explicit concurrent mark sweep GC freed 214(9KB) AllocSpace objects, 0(0B) LOS objects, 28% free, 39MB/55MB, paused 970us total 38.038ms
08-04 18:34:09.164 30396 30463 I art     : Starting a blocking GC Explicit
08-04 18:34:09.169 13866 13866 I GoogleInputMethodServic: GoogleInputMethodService.onFinishInput():3138 
08-04 18:34:09.170 13866 13866 I GoogleInputMethodServic: GoogleInputMethodService.onStartInput():1808 
08-04 18:34:09.186 30396 30396 D ActivityNode: Observer - visit time - CityHistoryActivity - New aggregate visit time found is 63396 ms
08-04 18:34:09.200 30396 30463 I art     : Explicit concurrent mark sweep GC freed 309(8KB) AllocSpace objects, 0(0B) LOS objects, 28% free, 39MB/55MB, paused 825us total 35.507ms
08-04 18:34:09.216 30396 30463 I art     : Starting a blocking GC Explicit
08-04 18:34:09.251 30396 30463 I art     : Explicit concurrent mark sweep GC freed 429(12KB) AllocSpace objects, 0(0B) LOS objects, 28% free, 39MB/55MB, paused 724us total 33.819ms
08-04 18:34:09.267 30396 30463 I art     : Starting a blocking GC Explicit
08-04 18:34:09.302 30396 30463 I art     : Explicit concurrent mark sweep GC freed 241(3KB) AllocSpace objects, 0(0B) LOS objects, 28% free, 39MB/55MB, paused 874us total 35.471ms
08-04 18:34:09.439 30396 30414 D Nappa   : PREFETCH_ON_EXTRA - setCurrentActivity - logs - from extra - made prediction isfalse
08-04 18:34:09.484   380   380 W SurfaceFlinger: couldn't log to binary event log: overflow.
08-04 18:34:09.490 30396 30396 D NappaLifecycleObserver: nappagreedy.io.github.project_travel_mate.destinations.description.CityHistoryActivity - onDestroy
08-04 18:34:09.491 30396 30396 D NappaLifecycleObserver: -------------F1_SCORE #15 -----------
08-04 18:34:09.491 30396 30396 D NappaLifecycleObserver: F1_SCORE - Intercept list (8)= [https://project-travel-mate.herokuapp.com/api/get-user, https://project-travel-mate.herokuapp.com/api/get-all-cities/10, https://project-travel-mate.herokuapp.com/api/number-of-unread-notifications, https://project-travel-mate.herokuapp.com/api/get-city-weather/1, https://project-travel-mate.herokuapp.com/api/get-city/1, https://project-travel-mate.herokuapp.com/api/get-city-information/1, https://project-travel-mate.herokuapp.com/api/get-city-facts/1, https://project-travel-mate.herokuapp.com/api/get-city-images/1]
08-04 18:34:09.491 30396 30396 D NappaLifecycleObserver: F1_SCORE - Prefetch list (0)= []
08-04 18:34:09.491 30396 30396 D NappaLifecycleObserver: F1_SCORE - TP list (0)= []
08-04 18:34:09.491 30396 30396 D NappaLifecycleObserver: F1_SCORE - FN list (8)= [https://project-travel-mate.herokuapp.com/api/get-user, https://project-travel-mate.herokuapp.com/api/get-all-cities/10, https://project-travel-mate.herokuapp.com/api/number-of-unread-notifications, https://project-travel-mate.herokuapp.com/api/get-city-weather/1, https://project-travel-mate.herokuapp.com/api/get-city/1, https://project-travel-mate.herokuapp.com/api/get-city-information/1, https://project-travel-mate.herokuapp.com/api/get-city-facts/1, https://project-travel-mate.herokuapp.com/api/get-city-images/1]
08-04 18:34:09.491 30396 30396 I NAPPA_EXPERIMENTATION: MetricPrefetchingAccuracy: LOG_ID='16',F1_SCORE_1='0.0',F1_SCORE_2='0.0',TRUE_POSITIVE='0',FALSE_POSITIVE='0',FALSE_NEGATIVE='8',
08-04 18:34:09.657 30396 30463 I art     : Starting a blocking GC Explicit
08-04 18:34:09.696 30396 30463 I art     : Explicit concurrent mark sweep GC freed 3201(147KB) AllocSpace objects, 2(40KB) LOS objects, 28% free, 39MB/55MB, paused 772us total 38.748ms
08-04 18:34:09.716 30396 30463 I art     : Starting a blocking GC Explicit
08-04 18:34:09.753 30396 30463 I art     : Explicit concurrent mark sweep GC freed 4573(350KB) AllocSpace objects, 7(132KB) LOS objects, 28% free, 39MB/55MB, paused 825us total 36.750ms
08-04 18:34:09.769 30396 30463 I art     : Starting a blocking GC Explicit
08-04 18:34:09.805 30396 30463 I art     : Explicit concurrent mark sweep GC freed 190(3KB) AllocSpace objects, 0(0B) LOS objects, 28% free, 39MB/55MB, paused 778us total 35.223ms
08-04 18:34:09.821 30396 30463 I art     : Starting a blocking GC Explicit
08-04 18:34:09.858 30396 30463 I art     : Explicit concurrent mark sweep GC freed 148(2528B) AllocSpace objects, 0(0B) LOS objects, 28% free, 39MB/55MB, paused 790us total 36.268ms
08-04 18:34:09.874 30396 30463 I art     : Starting a blocking GC Explicit
08-04 18:34:09.910 30396 30463 I art     : Explicit concurrent mark sweep GC freed 147(2496B) AllocSpace objects, 0(0B) LOS objects, 28% free, 39MB/55MB, paused 770us total 35.632ms
08-04 18:34:10.278 30396 30460 I art     : Starting a blocking GC Explicit
08-04 18:34:10.313 30396 30460 I art     : Explicit concurrent mark sweep GC freed 2784(113KB) AllocSpace objects, 2(40KB) LOS objects, 28% free, 39MB/55MB, paused 779us total 35.289ms
08-04 18:34:10.329 30396 30460 I art     : Starting a blocking GC Explicit
08-04 18:34:10.364 30396 30460 I art     : Explicit concurrent mark sweep GC freed 174(3KB) AllocSpace objects, 0(0B) LOS objects, 28% free, 39MB/55MB, paused 778us total 34.172ms
08-04 18:34:10.380 30396 30460 I art     : Starting a blocking GC Explicit
08-04 18:34:10.414 30396 30460 I art     : Explicit concurrent mark sweep GC freed 147(2496B) AllocSpace objects, 0(0B) LOS objects, 28% free, 39MB/55MB, paused 758us total 34.116ms
08-04 18:34:10.430 30396 30460 I art     : Starting a blocking GC Explicit
08-04 18:34:10.465 30396 30460 I art     : Explicit concurrent mark sweep GC freed 147(2496B) AllocSpace objects, 0(0B) LOS objects, 28% free, 39MB/55MB, paused 775us total 34.662ms
08-04 18:34:10.481 30396 30460 I art     : Starting a blocking GC Explicit
08-04 18:34:10.516 30396 30460 I art     : Explicit concurrent mark sweep GC freed 147(2496B) AllocSpace objects, 0(0B) LOS objects, 28% free, 39MB/55MB, paused 777us total 34.906ms
08-04 18:34:10.790 31336 31336 D AndroidRuntime: >>>>>> START com.android.internal.os.RuntimeInit uid 2000 <<<<<<
08-04 18:34:10.796 31336 31336 D AndroidRuntime: CheckJNI is OFF
08-04 18:34:10.840 31336 31336 D ICU     : No timezone override file found: /data/misc/zoneinfo/current/icu/icu_tzdata.dat
08-04 18:34:10.882 31336 31336 I Radio-JNI: register_android_hardware_Radio DONE
08-04 18:34:10.894 30396 30409 I art     : Starting a blocking GC Explicit
08-04 18:34:10.911 31336 31336 D AndroidRuntime: Calling main entry com.android.commands.input.Input
08-04 18:34:10.913 31336 31336 I Input   : injectKeyEvent: KeyEvent { action=ACTION_DOWN, keyCode=KEYCODE_BACK, scanCode=0, metaState=0, flags=0x0, repeatCount=0, eventTime=729267326, downTime=729267326, deviceId=-1, source=0x101 }
08-04 18:34:10.921 31336 31336 I Input   : injectKeyEvent: KeyEvent { action=ACTION_UP, keyCode=KEYCODE_BACK, scanCode=0, metaState=0, flags=0x0, repeatCount=0, eventTime=729267326, downTime=729267326, deviceId=-1, source=0x101 }
08-04 18:34:10.926 30396 30396 D NappaLifecycleObserver: nappagreedy.io.github.project_travel_mate.destinations.description.FinalCityInfoActivity - onPause
08-04 18:34:10.927 30396 30396 D Nappa   : Stayed on nappagreedy.io.github.project_travel_mate.destinations.description.FinalCityInfoActivity for 1789 ms
08-04 18:34:10.927 31336 31336 D AndroidRuntime: Shutting down VM
08-04 18:34:10.933 30396 30409 I art     : Explicit concurrent mark sweep GC freed 2869(117KB) AllocSpace objects, 2(40KB) LOS objects, 28% free, 39MB/55MB, paused 854us total 38.309ms
08-04 18:34:10.933 30396 30396 D NappaLifecycleObserver: nappagreedy.io.github.project_travel_mate.MainActivity - onResume
08-04 18:34:10.933 30396 30396 D Nappa   : setCurrentActivity - MetricStrategyAccuracy - 
08-04 18:34:10.933 30396 30396 D Nappa   : madePredictionFromActivity = false, 
08-04 18:34:10.933 30396 30396 D Nappa   : fromActivity = nappagreedy.io.github.project_travel_mate.destinations.description.FinalCityInfoActivity, 
08-04 18:34:10.933 30396 30396 D Nappa   : predictedNextActivityFromActivity = [], 
08-04 18:34:10.933 30396 30396 D Nappa   : activity.getClass().getCanonicalName() = nappagreedy.io.github.project_travel_mate.MainActivity, 
08-04 18:34:10.933 30396 30396 D Nappa   : setCurrentActivity - MetricStrategyAccuracy - 
08-04 18:34:10.933 30396 30396 D Nappa   : madePredictionFromExtra = false, 
08-04 18:34:10.933 30396 30396 D Nappa   : fromActivity = nappagreedy.io.github.project_travel_mate.destinations.description.FinalCityInfoActivity, 
08-04 18:34:10.933 30396 30396 D Nappa   : predictedNextActivityFromExtra = [], 
08-04 18:34:10.933 30396 30396 D Nappa   : activity.getClass().getCanonicalName() = nappagreedy.io.github.project_travel_mate.MainActivity, 
08-04 18:34:10.933 30396 30396 D Nappa   : PREFETCH_ON_EXTRA - setCurrentActivity - logs - from activity - made prediction isfalse
08-04 18:34:10.950 30396 30409 I art     : Starting a blocking GC Explicit
08-04 18:34:10.986 30396 30409 I art     : Explicit concurrent mark sweep GC freed 230(16KB) AllocSpace objects, 0(0B) LOS objects, 28% free, 39MB/55MB, paused 777us total 35.770ms
08-04 18:34:11.003 30396 30409 I art     : Starting a blocking GC Explicit
08-04 18:34:11.034 30396 30396 D Nappa   : registerActivity: (already in) nappagreedy.io.github.project_travel_mate.MainActivity
08-04 18:34:11.034 30396 30396 D ActivityGraph: LARDataCalculatedUpdate nappagreedy.io.github.project_travel_mate.MainActivity Pagerank: 0.25 HITS-Authority: 1.0 HITS-Hub: 1.0 SALSA-Authority: 1.0 SALSA-Hub: 1.0
08-04 18:34:11.034 30396 30396 D Nappa   : SHOULD_PREFETCH false
08-04 18:34:11.034 30396 30396 D Nappa   : STATS Number of requests not prefetched: 8
08-04 18:34:11.034 30396 30396 D Nappa   : STATS Number of requests prefetched: 3
08-04 18:34:11.034 30396 30396 D Nappa   : STATS Time saved until now: 0.091
08-04 18:34:11.041 30396 30409 I art     : Explicit concurrent mark sweep GC freed 193(8KB) AllocSpace objects, 0(0B) LOS objects, 28% free, 39MB/55MB, paused 1.205ms total 37.797ms
08-04 18:34:11.042 30396 30396 V MainActivity: url = https://project-travel-mate.herokuapp.com/api/number-of-unread-notifications
08-04 18:34:11.043 30396 30396 D Nappa   : TAG okHttpClient initialized
08-04 18:34:11.044 30396 31359 D CustomInterceptor: NETWORK-PROVIDER https://project-travel-mate.herokuapp.com/api/number-of-unread-notifications
08-04 18:34:11.045 30396 31359 D Nappa   : F1_SCORE add_intercept_url - (already in) - https://project-travel-mate.herokuapp.com/api/number-of-unread-notifications
08-04 18:34:11.045 30396 31359 D Nappa   : F1_SCORE add_fn_url - (already in) - https://project-travel-mate.herokuapp.com/api/number-of-unread-notifications
08-04 18:34:11.045 30396 31359 D Nappa   : -------------F1_SCORE #16 -----------
08-04 18:34:11.045 30396 31359 D Nappa   : F1_SCORE - Intercept list (8)= [https://project-travel-mate.herokuapp.com/api/get-user, https://project-travel-mate.herokuapp.com/api/get-all-cities/10, https://project-travel-mate.herokuapp.com/api/number-of-unread-notifications, https://project-travel-mate.herokuapp.com/api/get-city-weather/1, https://project-travel-mate.herokuapp.com/api/get-city/1, https://project-travel-mate.herokuapp.com/api/get-city-information/1, https://project-travel-mate.herokuapp.com/api/get-city-facts/1, https://project-travel-mate.herokuapp.com/api/get-city-images/1]
08-04 18:34:11.045 30396 31359 D Nappa   : F1_SCORE - Prefetch list (0)= []
08-04 18:34:11.045 30396 31359 D Nappa   : F1_SCORE - TP list (0)= []
08-04 18:34:11.045 30396 31359 D Nappa   : F1_SCORE - FN list (8)= [https://project-travel-mate.herokuapp.com/api/get-user, https://project-travel-mate.herokuapp.com/api/get-all-cities/10, https://project-travel-mate.herokuapp.com/api/number-of-unread-notifications, https://project-travel-mate.herokuapp.com/api/get-city-weather/1, https://project-travel-mate.herokuapp.com/api/get-city/1, https://project-travel-mate.herokuapp.com/api/get-city-information/1, https://project-travel-mate.herokuapp.com/api/get-city-facts/1, https://project-travel-mate.herokuapp.com/api/get-city-images/1]
08-04 18:34:11.045 30396 31359 I NAPPA_EXPERIMENTATION: MetricPrefetchingAccuracy: LOG_ID='17',F1_SCORE_1='0.0',F1_SCORE_2='0.0',TRUE_POSITIVE='0',FALSE_POSITIVE='0',FALSE_NEGATIVE='8',
08-04 18:34:11.045 30396 31359 D CustomInterceptor: HEADER REQUEST
08-04 18:34:11.046 30396 31359 D CustomInterceptor: Authorization Token e817cf733b7893037942a7dc5507f3c5a98408e6
08-04 18:34:11.046 30396 31359 D CustomInterceptor: Cache-Control max-age=300, max-stale=300
08-04 18:34:11.046 30396 31359 D CustomInterceptor: CACHED STATS: size = '8', maxSize = '100', hitCount = '11', createCount = '0', putCount = '8', evictionCount = '0', missCount = '8', toString = 'LruCache[maxSize=100,hits=11,misses=8,hitRate=57%]', 
08-04 18:34:11.046 30396 31359 D CustomInterceptor: PREFLIB GET REQUEST https://project-travel-mate.herokuapp.com/api/number-of-unread-notifications
08-04 18:34:11.046 30396 31359 D CustomInterceptor: PREFLIB found https://project-travel-mate.herokuapp.com/api/number-of-unread-notifications, sending it back
08-04 18:34:11.046 30396 31359 D CustomInterceptor: CONTENT {"number_of_unread_notifications":0}
08-04 18:34:11.046 30396 31359 D CustomInterceptor: interceptor_finished : return_type #2 : request served from cache
08-04 18:34:11.047 30396 31359 I NAPPA_EXPERIMENTATION: MetricNetworkRequestExecutionTime: REQUEST_DURATION_SYSTEM='4',REQUEST_DURATION_OKHTTP='0',REQUEST_SYNCHRONOUS='FALSE',RESPONSE_CODE='200',RESPONSE_METHOD='GET',RESPONSE_LENGTH_OKHTTP='36',RESPONSE_LENGTH_HEADER='-2',REQUEST_PROTOCOL='http/1.1',REQUEST_URL='https://project-travel-mate.herokuapp.com/api/number-of-unread-notifications',
08-04 18:34:11.062 30396 30409 I art     : Starting a blocking GC Explicit
08-04 18:34:11.076 30396 30396 D ActivityNode: Observer - visit time - FinalCityInfoActivity - New aggregate visit time found is 79493 ms
08-04 18:34:11.097 30396 30409 I art     : Explicit concurrent mark sweep GC freed 736(62KB) AllocSpace objects, 0(0B) LOS objects, 28% free, 39MB/55MB, paused 972us total 34.379ms
08-04 18:34:11.100 13866 13866 I GoogleInputMethodServic: GoogleInputMethodService.onFinishInput():3138 
08-04 18:34:11.101 13866 13866 I GoogleInputMethodServic: GoogleInputMethodService.onStartInput():1808 
08-04 18:34:11.114 30396 30409 I art     : Starting a blocking GC Explicit
08-04 18:34:11.146 30396 30414 D Nappa   : registerActivity: (already in) nappagreedy.io.github.project_travel_mate.MainActivity
08-04 18:34:11.146 30396 30414 D Nappa   : PARENTS 
08-04 18:34:11.146 30396 30414 D Nappa   : Of: nappagreedy.io.github.project_travel_mate.MainActivity -> 
08-04 18:34:11.146 30396 30414 D Nappa   : PARENTS nappagreedy.io.github.project_travel_mate.SplashActivity
08-04 18:34:11.147 30396 30409 I art     : Explicit concurrent mark sweep GC freed 492(15KB) AllocSpace objects, 0(0B) LOS objects, 28% free, 39MB/55MB, paused 785us total 32.388ms
08-04 18:34:11.334 30396 30414 D Nappa   : PREFETCH_ON_EXTRA - setCurrentActivity - logs - from extra - made prediction isfalse
08-04 18:34:11.387 30396 30396 D NappaLifecycleObserver: nappagreedy.io.github.project_travel_mate.destinations.description.FinalCityInfoActivity - onDestroy
08-04 18:34:11.388 30396 30396 D NappaLifecycleObserver: -------------F1_SCORE #17 -----------
08-04 18:34:11.388 30396 30396 D NappaLifecycleObserver: F1_SCORE - Intercept list (8)= [https://project-travel-mate.herokuapp.com/api/get-user, https://project-travel-mate.herokuapp.com/api/get-all-cities/10, https://project-travel-mate.herokuapp.com/api/number-of-unread-notifications, https://project-travel-mate.herokuapp.com/api/get-city-weather/1, https://project-travel-mate.herokuapp.com/api/get-city/1, https://project-travel-mate.herokuapp.com/api/get-city-information/1, https://project-travel-mate.herokuapp.com/api/get-city-facts/1, https://project-travel-mate.herokuapp.com/api/get-city-images/1]
08-04 18:34:11.388 30396 30396 D NappaLifecycleObserver: F1_SCORE - Prefetch list (0)= []
08-04 18:34:11.388 30396 30396 D NappaLifecycleObserver: F1_SCORE - TP list (0)= []
08-04 18:34:11.388 30396 30396 D NappaLifecycleObserver: F1_SCORE - FN list (8)= [https://project-travel-mate.herokuapp.com/api/get-user, https://project-travel-mate.herokuapp.com/api/get-all-cities/10, https://project-travel-mate.herokuapp.com/api/number-of-unread-notifications, https://project-travel-mate.herokuapp.com/api/get-city-weather/1, https://project-travel-mate.herokuapp.com/api/get-city/1, https://project-travel-mate.herokuapp.com/api/get-city-information/1, https://project-travel-mate.herokuapp.com/api/get-city-facts/1, https://project-travel-mate.herokuapp.com/api/get-city-images/1]
08-04 18:34:11.388 30396 30396 I NAPPA_EXPERIMENTATION: MetricPrefetchingAccuracy: LOG_ID='18',F1_SCORE_1='0.0',F1_SCORE_2='0.0',TRUE_POSITIVE='0',FALSE_POSITIVE='0',FALSE_NEGATIVE='8',
08-04 18:34:11.502 30396 30409 I art     : Starting a blocking GC Explicit
08-04 18:34:11.540 30396 30409 I art     : Explicit concurrent mark sweep GC freed 2790(146KB) AllocSpace objects, 2(40KB) LOS objects, 28% free, 39MB/55MB, paused 878us total 38.686ms
08-04 18:34:11.557 30396 30409 I art     : Starting a blocking GC Explicit
08-04 18:34:11.594 30396 30409 I art     : Explicit concurrent mark sweep GC freed 241(9KB) AllocSpace objects, 0(0B) LOS objects, 28% free, 39MB/55MB, paused 826us total 37.263ms
08-04 18:34:11.611 30396 30409 I art     : Starting a blocking GC Explicit
08-04 18:34:11.649 30396 30409 I art     : Explicit concurrent mark sweep GC freed 75(1296B) AllocSpace objects, 0(0B) LOS objects, 28% free, 39MB/55MB, paused 855us total 37.625ms
08-04 18:34:11.666 30396 30409 I art     : Starting a blocking GC Explicit
08-04 18:34:11.704 30396 30409 I art     : Explicit concurrent mark sweep GC freed 86(1920B) AllocSpace objects, 0(0B) LOS objects, 28% free, 39MB/55MB, paused 883us total 38.113ms
08-04 18:34:11.721 30396 30409 I art     : Starting a blocking GC Explicit
08-04 18:34:11.759 30396 30409 I art     : Explicit concurrent mark sweep GC freed 110(2272B) AllocSpace objects, 0(0B) LOS objects, 28% free, 39MB/55MB, paused 856us total 37.874ms
08-04 18:34:12.111 29955 29955 I ServiceManager: Waiting for service AtCmdFwd...
08-04 18:34:12.128 30396 30410 I art     : Starting a blocking GC Explicit
08-04 18:34:12.166 30396 30410 I art     : Explicit concurrent mark sweep GC freed 2213(109KB) AllocSpace objects, 2(40KB) LOS objects, 28% free, 39MB/55MB, paused 789us total 37.885ms
08-04 18:34:12.182 30396 30410 I art     : Starting a blocking GC Explicit
08-04 18:34:12.217 30396 30410 I art     : Explicit concurrent mark sweep GC freed 102(2304B) AllocSpace objects, 0(0B) LOS objects, 28% free, 39MB/55MB, paused 876us total 34.401ms
08-04 18:34:12.233 30396 30410 I art     : Starting a blocking GC Explicit
08-04 18:34:12.268 30396 30410 I art     : Explicit concurrent mark sweep GC freed 75(1296B) AllocSpace objects, 0(0B) LOS objects, 28% free, 39MB/55MB, paused 868us total 34.972ms
08-04 18:34:12.283 30396 30410 I art     : Starting a blocking GC Explicit
08-04 18:34:12.317 30396 30410 I art     : Explicit concurrent mark sweep GC freed 75(1296B) AllocSpace objects, 0(0B) LOS objects, 28% free, 39MB/55MB, paused 849us total 33.403ms
08-04 18:34:12.333 30396 30410 I art     : Starting a blocking GC Explicit
08-04 18:34:12.369 30396 30410 I art     : Explicit concurrent mark sweep GC freed 75(1296B) AllocSpace objects, 0(0B) LOS objects, 28% free, 39MB/55MB, paused 823us total 35.755ms
08-04 18:34:12.369 30396 30408 I art     : WaitForGcToComplete blocked for 36.034ms for cause HeapTrim
08-04 18:34:12.683 31380 31380 D AndroidRuntime: >>>>>> START com.android.internal.os.RuntimeInit uid 2000 <<<<<<
08-04 18:34:12.690 31380 31380 D AndroidRuntime: CheckJNI is OFF
08-04 18:34:12.727 30396 30410 I art     : Starting a blocking GC Explicit
08-04 18:34:12.734 31380 31380 D ICU     : No timezone override file found: /data/misc/zoneinfo/current/icu/icu_tzdata.dat
08-04 18:34:12.766 30396 30410 I art     : Explicit concurrent mark sweep GC freed 2220(105KB) AllocSpace objects, 2(40KB) LOS objects, 28% free, 39MB/55MB, paused 923us total 38.438ms
08-04 18:34:12.779 31380 31380 I Radio-JNI: register_android_hardware_Radio DONE
08-04 18:34:12.782 30396 30410 I art     : Starting a blocking GC Explicit
08-04 18:34:12.809 31380 31380 D AndroidRuntime: Calling main entry com.android.commands.input.Input
08-04 18:34:12.812 31380 31380 I Input   : injectMotionEvent: MotionEvent { action=ACTION_DOWN, actionButton=0, id[0]=0, x[0]=346.0, y[0]=709.0, toolType[0]=TOOL_TYPE_UNKNOWN, buttonState=0, metaState=0, flags=0x0, edgeFlags=0x0, pointerCount=1, historySize=0, eventTime=729269224, downTime=729269224, deviceId=0, source=0x1002 }
08-04 18:34:12.818 31380 31380 I Input   : injectMotionEvent: MotionEvent { action=ACTION_UP, actionButton=0, id[0]=0, x[0]=346.0, y[0]=709.0, toolType[0]=TOOL_TYPE_UNKNOWN, buttonState=0, metaState=0, flags=0x0, edgeFlags=0x0, pointerCount=1, historySize=0, eventTime=729269224, downTime=729269224, deviceId=0, source=0x1002 }
08-04 18:34:12.819 30396 30410 I art     : Explicit concurrent mark sweep GC freed 109(2528B) AllocSpace objects, 0(0B) LOS objects, 28% free, 39MB/55MB, paused 928us total 36.754ms
08-04 18:34:12.819 30396 30396 D NappaIntentExtras: ==================
08-04 18:34:12.819 30396 30396 D NappaIntentExtras: Log #7
08-04 18:34:12.819 30396 30396 D NappaIntentExtras: ------------------
08-04 18:34:12.820 30396 30396 D NappaIntentExtras: activity nappagreedy.io.github.project_travel_mate.destinations.description.CityHistoryActivity
08-04 18:34:12.820 30396 30414 D Nappa   : PREFETCH_ON_EXTRA - notifyExtras- start
08-04 18:34:12.820 30396 30396 D NappaIntentExtras: 	- No extras registered
08-04 18:34:12.820 30396 30396 D NappaIntentExtras: activity nappagreedy.io.github.project_travel_mate.MainActivity
08-04 18:34:12.820 30396 30396 D NappaIntentExtras: 	- 1 extras registered
08-04 18:34:12.820 30396 30396 D NappaIntentExtras: 	- cityobject_ : objects.City@e269a85
08-04 18:34:12.820 30396 30396 D NappaIntentExtras: activity nappagreedy.io.github.project_travel_mate.SplashActivity
08-04 18:34:12.820 30396 30396 D NappaIntentExtras: 	- No extras registered
08-04 18:34:12.820 30396 30396 D NappaIntentExtras: activity nappagreedy.io.github.project_travel_mate.utilities.CompassActivity
08-04 18:34:12.820 30396 30396 D NappaIntentExtras: 	- No extras registered
08-04 18:34:12.820 30396 30396 D NappaIntentExtras: activity nappagreedy.io.github.project_travel_mate.notifications.NotificationsActivity
08-04 18:34:12.820 30396 30396 D NappaIntentExtras: 	- No extras registered
08-04 18:34:12.820 30396 30396 D NappaIntentExtras: activity nappagreedy.io.github.project_travel_mate.destinations.funfacts.FunFactsActivity
08-04 18:34:12.820 30396 30396 D NappaIntentExtras: 	- No extras registered
08-04 18:34:12.820 30396 30396 D NappaIntentExtras: activity nappagreedy.io.github.project_travel_mate.utilities.UpcomingWeekendsActivity
08-04 18:34:12.820 30396 30396 D NappaIntentExtras: 	- No extras registered
08-04 18:34:12.820 30396 30396 D NappaIntentExtras: activity nappagreedy.io.github.project_travel_mate.utilities.ChecklistActivity
08-04 18:34:12.820 30396 30396 D NappaIntentExtras: 	- No extras registered
08-04 18:34:12.820 30396 30414 I NAPPA_EXPERIMENTATION: MetricNappaPrefetchingStrategyExecutionTime: STRATEGY_CLASS='GreedyPrefetchingStrategyOnVisitFrequencyAndTime',DURATION='476875',NUMBER_OF_URLS='0',NUMBER_OF_SELECTED_CHILDREN_NODES='1',NUMBER_OF_CHILDREN_NODES='5',STRATEGY_RUN_SUCCESSFULLY='True',
08-04 18:34:12.820 30396 30396 D NappaIntentExtras: activity nappagreedy.io.github.project_travel_mate.destinations.description.FinalCityInfoActivity
08-04 18:34:12.820 30396 30414 D GreedyPrefetchingStrategyOnVisitFrequencyAndTime: ==================================
08-04 18:34:12.820 30396 30396 D NappaIntentExtras: 	- 1 extras registered
08-04 18:34:12.820 30396 30414 D GreedyPrefetchingStrategyOnVisitFrequencyAndTime: Starting Run #10
08-04 18:34:12.821 30396 30396 D NappaIntentExtras: 	- cityobject_ : objects.City@af9121b
08-04 18:34:12.821 30396 30414 D GreedyPrefetchingStrategyOnVisitFrequencyAndTime: ----------------------------------
08-04 18:34:12.821 30396 30396 D NappaIntentExtras: ==================
08-04 18:34:12.821 30396 30414 D GreedyPrefetchingStrategyOnVisitFrequencyAndTime: Node data MainActivity 
08-04 18:34:12.821 30396 30414 D GreedyPrefetchingStrategyOnVisitFrequencyAndTime: 	Successors:
08-04 18:34:12.821 30396 30414 D GreedyPrefetchingStrategyOnVisitFrequencyAndTime: 		UpcomingWeekendsActivity (0 hits)
08-04 18:34:12.821 30396 30414 D GreedyPrefetchingStrategyOnVisitFrequencyAndTime: 		ChecklistActivity (0 hits)
08-04 18:34:12.821 30396 30414 D GreedyPrefetchingStrategyOnVisitFrequencyAndTime: 		FinalCityInfoActivity (1 hits)
08-04 18:34:12.821 30396 30414 D GreedyPrefetchingStrategyOnVisitFrequencyAndTime: 		NotificationsActivity (0 hits)
08-04 18:34:12.821 30396 30414 D GreedyPrefetchingStrategyOnVisitFrequencyAndTime: 		CompassActivity (0 hits)
08-04 18:34:12.821 30396 30414 D GreedyPrefetchingStrategyOnVisitFrequencyAndTime: 	Ancestors:
08-04 18:34:12.821 30396 30414 D GreedyPrefetchingStrategyOnVisitFrequencyAndTime: 		SplashActivity (0 hits)
08-04 18:34:12.821 30396 30414 D GreedyPrefetchingStrategyOnVisitFrequencyAndTime: 
08-04 18:34:12.821 30396 30414 D GreedyPrefetchingStrategyOnVisitFrequencyAndTime: MetricStrategyAccuracy inc execution count10 | act = false; extra = true
08-04 18:34:12.821 30396 30414 D GreedyPrefetchingStrategyOnVisitFrequencyAndTime: ------------- Recursion #1 -----------
08-04 18:34:12.821 30396 30414 D GreedyPrefetchingStrategyOnVisitFrequencyAndTime: Best successors so far []
08-04 18:34:12.821 30396 30414 D GreedyPrefetchingStrategyOnVisitFrequencyAndTime: Checking node MainActivity with 5 successors
08-04 18:34:12.821 30396 30414 D GreedyPrefetchingStrategyOnVisitFrequencyAndTime: Check successor UpcomingWeekendsActivity
08-04 18:34:12.821 30396 30414 D GreedyPrefetchingStrategyOnVisitFrequencyAndTime: Data:
08-04 18:34:12.821 30396 30414 D GreedyPrefetchingStrategyOnVisitFrequencyAndTime: 	- Successor time = 73170.0
08-04 18:34:12.821 30396 30414 D GreedyPrefetchingStrategyOnVisitFrequencyAndTime: 	- Successor frequency = 16
08-04 18:34:12.821 30396 30414 D GreedyPrefetchingStrategyOnVisitFrequencyAndTime: 	- Aggregated time = 243508.0
08-04 18:34:12.821 30396 30414 D GreedyPrefetchingStrategyOnVisitFrequencyAndTime: 	- Aggregated frequency = 49
08-04 18:34:12.821 30396 30414 D GreedyPrefetchingStrategyOnVisitFrequencyAndTime: Calculated scores:
08-04 18:34:12.821 30396 30414 D GreedyPrefetchingStrategyOnVisitFrequencyAndTime: 	- Parent score = 1.0
08-04 18:34:12.821 30396 30414 D GreedyPrefetchingStrategyOnVisitFrequencyAndTime: 	- Successor time score = 0.15024146
08-04 18:34:12.821 30396 30414 D GreedyPrefetchingStrategyOnVisitFrequencyAndTime: 	- Successor frequency score = 0.1632653
08-04 18:34:12.821 30396 30414 D GreedyPrefetchingStrategyOnVisitFrequencyAndTime: 	- Successor final score = 0.31350678
08-04 18:34:12.821 30396 30414 D GreedyPrefetchingStrategyOnVisitFrequencyAndTime: Switch best successor
08-04 18:34:12.821 30396 30414 D GreedyPrefetchingStrategyOnVisitFrequencyAndTime: Check successor ChecklistActivity
08-04 18:34:12.821 30396 30414 D GreedyPrefetchingStrategyOnVisitFrequencyAndTime: Data:
08-04 18:34:12.821 30396 30414 D GreedyPrefetchingStrategyOnVisitFrequencyAndTime: 	- Successor time = 36144.0
08-04 18:34:12.821 30396 30414 D GreedyPrefetchingStrategyOnVisitFrequencyAndTime: 	- Successor frequency = 8
08-04 18:34:12.821 30396 30414 D GreedyPrefetchingStrategyOnVisitFrequencyAndTime: 	- Aggregated time = 243508.0
08-04 18:34:12.821 30396 30414 D GreedyPrefetchingStrategyOnVisitFrequencyAndTime: 	- Aggregated frequency = 49
08-04 18:34:12.822 30396 30414 D GreedyPrefetchingStrategyOnVisitFrequencyAndTime: Calculated scores:
08-04 18:34:12.822 30396 30414 D GreedyPrefetchingStrategyOnVisitFrequencyAndTime: 	- Parent score = 1.0
08-04 18:34:12.822 30396 30414 D GreedyPrefetchingStrategyOnVisitFrequencyAndTime: 	- Successor time score = 0.07421522
08-04 18:34:12.822 30396 30414 D GreedyPrefetchingStrategyOnVisitFrequencyAndTime: 	- Successor frequency score = 0.08163265
08-04 18:34:12.822 30396 30414 D GreedyPrefetchingStrategyOnVisitFrequencyAndTime: 	- Successor final score = 0.15584788
08-04 18:34:12.822 30396 30414 D GreedyPrefetchingStrategyOnVisitFrequencyAndTime: Check successor FinalCityInfoActivity
08-04 18:34:12.822 30396 30414 D GreedyPrefetchingStrategyOnVisitFrequencyAndTime: Data:
08-04 18:34:12.822 30396 30414 D GreedyPrefetchingStrategyOnVisitFrequencyAndTime: 	- Successor time = 79493.0
08-04 18:34:12.822 30396 30414 D GreedyPrefetchingStrategyOnVisitFrequencyAndTime: 	- Successor frequency = 9
08-04 18:34:12.822 30396 30414 D GreedyPrefetchingStrategyOnVisitFrequencyAndTime: 	- Aggregated time = 243508.0
08-04 18:34:12.822 30396 30414 D GreedyPrefetchingStrategyOnVisitFrequencyAndTime: 	- Aggregated frequency = 49
08-04 18:34:12.822 30396 30414 D GreedyPrefetchingStrategyOnVisitFrequencyAndTime: Calculated scores:
08-04 18:34:12.822 30396 30414 D GreedyPrefetchingStrategyOnVisitFrequencyAndTime: 	- Parent score = 1.0
08-04 18:34:12.822 30396 30414 D GreedyPrefetchingStrategyOnVisitFrequencyAndTime: 	- Successor time score = 0.16322462
08-04 18:34:12.822 30396 30414 D GreedyPrefetchingStrategyOnVisitFrequencyAndTime: 	- Successor frequency score = 0.091836736
08-04 18:34:12.822 30396 30414 D GreedyPrefetchingStrategyOnVisitFrequencyAndTime: 	- Successor final score = 0.25506136
08-04 18:34:12.822 30396 30414 D GreedyPrefetchingStrategyOnVisitFrequencyAndTime: Check successor NotificationsActivity
08-04 18:34:12.822 30396 30414 D GreedyPrefetchingStrategyOnVisitFrequencyAndTime: Data:
08-04 18:34:12.822 30396 30414 D GreedyPrefetchingStrategyOnVisitFrequencyAndTime: 	- Successor time = 36839.0
08-04 18:34:12.822 30396 30414 D GreedyPrefetchingStrategyOnVisitFrequencyAndTime: 	- Successor frequency = 8
08-04 18:34:12.822 30396 30414 D GreedyPrefetchingStrategyOnVisitFrequencyAndTime: 	- Aggregated time = 243508.0
08-04 18:34:12.822 30396 30414 D GreedyPrefetchingStrategyOnVisitFrequencyAndTime: 	- Aggregated frequency = 49
08-04 18:34:12.822 30396 30414 D GreedyPrefetchingStrategyOnVisitFrequencyAndTime: Calculated scores:
08-04 18:34:12.822 30396 30414 D GreedyPrefetchingStrategyOnVisitFrequencyAndTime: 	- Parent score = 1.0
08-04 18:34:12.822 30396 30414 D GreedyPrefetchingStrategyOnVisitFrequencyAndTime: 	- Successor time score = 0.07564228
08-04 18:34:12.823 30396 30414 D GreedyPrefetchingStrategyOnVisitFrequencyAndTime: 	- Successor frequency score = 0.08163265
08-04 18:34:12.823 30396 30414 D GreedyPrefetchingStrategyOnVisitFrequencyAndTime: 	- Successor final score = 0.15727493
08-04 18:34:12.823 30396 30414 D GreedyPrefetchingStrategyOnVisitFrequencyAndTime: Check successor CompassActivity
08-04 18:34:12.823 30396 30414 D GreedyPrefetchingStrategyOnVisitFrequencyAndTime: Data:
08-04 18:34:12.823 30396 30414 D GreedyPrefetchingStrategyOnVisitFrequencyAndTime: 	- Successor time = 17862.0
08-04 18:34:12.823 30396 30414 D GreedyPrefetchingStrategyOnVisitFrequencyAndTime: 	- Successor frequency = 8
08-04 18:34:12.823 30396 30414 D GreedyPrefetchingStrategyOnVisitFrequencyAndTime: 	- Aggregated time = 243508.0
08-04 18:34:12.823 30396 30414 D GreedyPrefetchingStrategyOnVisitFrequencyAndTime: 	- Aggregated frequency = 49
08-04 18:34:12.823 30396 30414 D GreedyPrefetchingStrategyOnVisitFrequencyAndTime: Calculated scores:
08-04 18:34:12.823 30396 30414 D GreedyPrefetchingStrategyOnVisitFrequencyAndTime: 	- Parent score = 1.0
08-04 18:34:12.823 30396 30414 D GreedyPrefetchingStrategyOnVisitFrequencyAndTime: 	- Successor time score = 0.036676414
08-04 18:34:12.823 30396 30414 D GreedyPrefetchingStrategyOnVisitFrequencyAndTime: 	- Successor frequency score = 0.08163265
08-04 18:34:12.823 30396 30414 D GreedyPrefetchingStrategyOnVisitFrequencyAndTime: 	- Successor final score = 0.118309066
08-04 18:34:12.823 30396 30414 D GreedyPrefetchingStrategyOnVisitFrequencyAndTime: Best successor has score 0.31350678 which is lower than the acceptable threshold of 0.6
08-04 18:34:12.823 30396 30414 D GreedyPrefetchingStrategyOnVisitFrequencyAndTime: MetricStrategyAccuracy inc insufficient score count3 | act = false; extra = true
08-04 18:34:12.823 30396 30414 D GreedyPrefetchingStrategyOnVisitFrequencyAndTime: Next visited child will be []
08-04 18:34:12.823 30396 30414 D GreedyPrefetchingStrategyOnVisitFrequencyAndTime: ==================================
08-04 18:34:12.823 30396 30414 D Nappa   : PREFETCH_ON_EXTRA - notifyExtras- end
08-04 18:34:12.823 30396 30414 D Nappa   : PREFSTRAT2 ADDING NEW ACTEXTRADATA
08-04 18:34:12.831   918  5952 I ActivityManager: START u0 {cmp=nappagreedy.io.github.project_travel_mate/.destinations.description.FinalCityInfoActivity (has extras)} from uid 10653 on display 0
08-04 18:34:12.836 30396 30410 I art     : Starting a blocking GC Explicit
08-04 18:34:12.839 31380 31380 D AndroidRuntime: Shutting down VM
08-04 18:34:12.841 30396 30396 D NappaLifecycleObserver: nappagreedy.io.github.project_travel_mate.MainActivity - onPause
08-04 18:34:12.842 30396 30396 D Nappa   : Stayed on nappagreedy.io.github.project_travel_mate.MainActivity for 1808 ms
08-04 18:34:12.851 30396 30396 D ActivityNode: Observer - intent extra - SplashActivity
08-04 18:34:12.851 30396 30396 D ActivityNode: Extras:
08-04 18:34:12.851 30396 30396 D ActivityNode: Observer - intent extra - CityHistoryActivity
08-04 18:34:12.851 30396 30396 D ActivityNode: Extras:
08-04 18:34:12.851 30396 30396 D ActivityNode: Observer - intent extra - FunFactsActivity
08-04 18:34:12.851 30396 30396 D ActivityNode: Extras:
08-04 18:34:12.851 30396 30396 D ActivityNode: Observer - intent extra - FinalCityInfoActivity
08-04 18:34:12.851 30396 30396 D ActivityNode: Extras:
08-04 18:34:12.851 30396 30396 D ActivityNode: 	activity ID 3( key cityobject_)
08-04 18:34:12.851 30396 30396 D ActivityNode: 	activity ID 3( key cityobject_)
08-04 18:34:12.851 30396 30396 D ActivityNode: 	activity ID 3( key cityobject_)
08-04 18:34:12.851 30396 30396 D ActivityNode: 	activity ID 3( key cityobject_)
08-04 18:34:12.851 30396 30396 D ActivityNode: 	activity ID 3( key cityobject_)
08-04 18:34:12.851 30396 30396 D ActivityNode: 	activity ID 3( key cityobject_)
08-04 18:34:12.851 30396 30396 D ActivityNode: 	activity ID 3( key cityobject_)
08-04 18:34:12.851 30396 30396 D ActivityNode: 	activity ID 3( key cityobject_)
08-04 18:34:12.851 30396 30396 D ActivityNode: 	activity ID 3( key cityobject_)
08-04 18:34:12.851 30396 30396 D ActivityNode: 	activity ID 3( key cityobject_)
08-04 18:34:12.851 30396 30396 D ActivityNode: 	activity ID 3( key cityobject_)
08-04 18:34:12.851 30396 30396 D ActivityNode: 	activity ID 3( key cityobject_)
08-04 18:34:12.851 30396 30396 D ActivityNode: 	activity ID 3( key cityobject_)
08-04 18:34:12.851 30396 30396 D ActivityNode: 	activity ID 3( key cityobject_)
08-04 18:34:12.851 30396 30396 D ActivityNode: 	activity ID 3( key cityobject_)
08-04 18:34:12.851 30396 30396 D ActivityNode: 	activity ID 3( key cityobject_)
08-04 18:34:12.851 30396 30396 D ActivityNode: 	activity ID 3( key cityobject_)
08-04 18:34:12.851 30396 30396 D ActivityNode: 	activity ID 3( key cityobject_)
08-04 18:34:12.851 30396 30396 D ActivityNode: Observer - intent extra - MainActivity
08-04 18:34:12.851 30396 30396 D ActivityNode: Extras:
08-04 18:34:12.851 30396 30396 D ActivityNode: 	activity ID 2( key cityobject_)
08-04 18:34:12.851 30396 30396 D ActivityNode: 	activity ID 2( key cityobject_)
08-04 18:34:12.851 30396 30396 D ActivityNode: 	activity ID 2( key cityobject_)
08-04 18:34:12.851 30396 30396 D ActivityNode: 	activity ID 2( key cityobject_)
08-04 18:34:12.851 30396 30396 D ActivityNode: 	activity ID 2( key cityobject_)
08-04 18:34:12.851 30396 30396 D ActivityNode: 	activity ID 2( key cityobject_)
08-04 18:34:12.851 30396 30396 D ActivityNode: 	activity ID 2( key cityobject_)
08-04 18:34:12.851 30396 30396 D ActivityNode: 	activity ID 2( key cityobject_)
08-04 18:34:12.851 30396 30396 D ActivityNode: 	activity ID 2( key cityobject_)
08-04 18:34:12.851 30396 30396 D ActivityNode: 	activity ID 2( key cityobject_)
08-04 18:34:12.851 30396 30396 D ActivityNode: 	activity ID 2( key cityobject_)
08-04 18:34:12.851 30396 30396 D ActivityNode: 	activity ID 2( key cityobject_)
08-04 18:34:12.851 30396 30396 D ActivityNode: 	activity ID 2( key cityobject_)
08-04 18:34:12.851 30396 30396 D ActivityNode: 	activity ID 2( key cityobject_)
08-04 18:34:12.851 30396 30396 D ActivityNode: 	activity ID 2( key cityobject_)
08-04 18:34:12.851 30396 30396 D ActivityNode: 	activity ID 2( key cityobject_)
08-04 18:34:12.851 30396 30396 D ActivityNode: 	activity ID 2( key cityobject_)
08-04 18:34:12.851 30396 30396 D ActivityNode: 	activity ID 2( key cityobject_)
08-04 18:34:12.852 30396 30396 D ActivityNode: Observer - intent extra - CompassActivity
08-04 18:34:12.852 30396 30396 D ActivityNode: Extras:
08-04 18:34:12.852 30396 30396 D ActivityNode: Observer - intent extra - ChecklistActivity
08-04 18:34:12.852 30396 30396 D ActivityNode: Extras:
08-04 18:34:12.852 30396 30396 D ActivityNode: Observer - intent extra - UpcomingWeekendsActivity
08-04 18:34:12.852 30396 30396 D ActivityNode: Extras:
08-04 18:34:12.852 30396 30396 D ActivityNode: Observer - intent extra - NotificationsActivity
08-04 18:34:12.852 30396 30396 D ActivityNode: Extras:
08-04 18:34:12.871 30396 30528 D Gabe    : call	returning from cache
08-04 18:34:12.877 30396 30410 I art     : Explicit concurrent mark sweep GC freed 2390(260KB) AllocSpace objects, 0(0B) LOS objects, 28% free, 39MB/55MB, paused 1.217ms total 40.768ms
08-04 18:34:12.893 30396 30410 I art     : Starting a blocking GC Explicit
08-04 18:34:12.904 30396 30396 D Nappa   : TAG okHttpClient initialized
08-04 18:34:12.910 30396 30396 V EXECUTING: https://project-travel-mate.herokuapp.com/api/get-city-weather/1
08-04 18:34:12.911 30396 31405 D CustomInterceptor: NETWORK-PROVIDER https://project-travel-mate.herokuapp.com/api/get-city-weather/1
08-04 18:34:12.911 30396 31405 D Nappa   : F1_SCORE add_intercept_url - (already in) - https://project-travel-mate.herokuapp.com/api/get-city-weather/1
08-04 18:34:12.911 30396 31405 D Nappa   : F1_SCORE add_fn_url - (already in) - https://project-travel-mate.herokuapp.com/api/get-city-weather/1
08-04 18:34:12.911 30396 31405 D Nappa   : -------------F1_SCORE #18 -----------
08-04 18:34:12.911 30396 31406 D CustomInterceptor: NETWORK-PROVIDER https://project-travel-mate.herokuapp.com/api/get-city/1
08-04 18:34:12.911 30396 31405 D Nappa   : F1_SCORE - Intercept list (8)= [https://project-travel-mate.herokuapp.com/api/get-user, https://project-travel-mate.herokuapp.com/api/get-all-cities/10, https://project-travel-mate.herokuapp.com/api/number-of-unread-notifications, https://project-travel-mate.herokuapp.com/api/get-city-weather/1, https://project-travel-mate.herokuapp.com/api/get-city/1, https://project-travel-mate.herokuapp.com/api/get-city-information/1, https://project-travel-mate.herokuapp.com/api/get-city-facts/1, https://project-travel-mate.herokuapp.com/api/get-city-images/1]
08-04 18:34:12.911 30396 31405 D Nappa   : F1_SCORE - Prefetch list (0)= []
08-04 18:34:12.911 30396 31406 D Nappa   : F1_SCORE add_intercept_url - (already in) - https://project-travel-mate.herokuapp.com/api/get-city/1
08-04 18:34:12.911 30396 31405 D Nappa   : F1_SCORE - TP list (0)= []
08-04 18:34:12.911 30396 31406 D Nappa   : F1_SCORE add_fn_url - (already in) - https://project-travel-mate.herokuapp.com/api/get-city/1
08-04 18:34:12.911 30396 31405 D Nappa   : F1_SCORE - FN list (8)= [https://project-travel-mate.herokuapp.com/api/get-user, https://project-travel-mate.herokuapp.com/api/get-all-cities/10, https://project-travel-mate.herokuapp.com/api/number-of-unread-notifications, https://project-travel-mate.herokuapp.com/api/get-city-weather/1, https://project-travel-mate.herokuapp.com/api/get-city/1, https://project-travel-mate.herokuapp.com/api/get-city-information/1, https://project-travel-mate.herokuapp.com/api/get-city-facts/1, https://project-travel-mate.herokuapp.com/api/get-city-images/1]
08-04 18:34:12.911 30396 31406 D Nappa   : -------------F1_SCORE #18 -----------
08-04 18:34:12.912 30396 31406 D Nappa   : F1_SCORE - Intercept list (8)= [https://project-travel-mate.herokuapp.com/api/get-user, https://project-travel-mate.herokuapp.com/api/get-all-cities/10, https://project-travel-mate.herokuapp.com/api/number-of-unread-notifications, https://project-travel-mate.herokuapp.com/api/get-city-weather/1, https://project-travel-mate.herokuapp.com/api/get-city/1, https://project-travel-mate.herokuapp.com/api/get-city-information/1, https://project-travel-mate.herokuapp.com/api/get-city-facts/1, https://project-travel-mate.herokuapp.com/api/get-city-images/1]
08-04 18:34:12.912 30396 31405 I NAPPA_EXPERIMENTATION: MetricPrefetchingAccuracy: LOG_ID='19',F1_SCORE_1='0.0',F1_SCORE_2='0.0',TRUE_POSITIVE='0',FALSE_POSITIVE='0',FALSE_NEGATIVE='8',
08-04 18:34:12.912 30396 31406 D Nappa   : F1_SCORE - Prefetch list (0)= []
08-04 18:34:12.912 30396 31406 D Nappa   : F1_SCORE - TP list (0)= []
08-04 18:34:12.912 30396 31405 D CustomInterceptor: HEADER REQUEST
08-04 18:34:12.912 30396 31406 D Nappa   : F1_SCORE - FN list (8)= [https://project-travel-mate.herokuapp.com/api/get-user, https://project-travel-mate.herokuapp.com/api/get-all-cities/10, https://project-travel-mate.herokuapp.com/api/number-of-unread-notifications, https://project-travel-mate.herokuapp.com/api/get-city-weather/1, https://project-travel-mate.herokuapp.com/api/get-city/1, https://project-travel-mate.herokuapp.com/api/get-city-information/1, https://project-travel-mate.herokuapp.com/api/get-city-facts/1, https://project-travel-mate.herokuapp.com/api/get-city-images/1]
08-04 18:34:12.912 30396 31405 D CustomInterceptor: Authorization Token e817cf733b7893037942a7dc5507f3c5a98408e6
08-04 18:34:12.912 30396 31405 D CustomInterceptor: Cache-Control max-age=300, max-stale=300
08-04 18:34:12.912 30396 31406 I NAPPA_EXPERIMENTATION: MetricPrefetchingAccuracy: LOG_ID='20',F1_SCORE_1='0.0',F1_SCORE_2='0.0',TRUE_POSITIVE='0',FALSE_POSITIVE='0',FALSE_NEGATIVE='8',
08-04 18:34:12.912 30396 31406 D CustomInterceptor: HEADER REQUEST
08-04 18:34:12.912 30396 31405 D CustomInterceptor: CACHED STATS: size = '8', maxSize = '100', hitCount = '12', createCount = '0', putCount = '8', evictionCount = '0', missCount = '8', toString = 'LruCache[maxSize=100,hits=12,misses=8,hitRate=60%]', 
08-04 18:34:12.912 30396 31406 D CustomInterceptor: Authorization Token e817cf733b7893037942a7dc5507f3c5a98408e6
08-04 18:34:12.912 30396 30396 D NappaLifecycleObserver: nappagreedy.io.github.project_travel_mate.destinations.description.FinalCityInfoActivity - onResume
