08-04 11:30:00.556 19767 19921 I art     : Starting a blocking GC Explicit
08-04 11:30:00.574 19767 19921 I art     : Explicit concurrent mark sweep GC freed 53(960B) AllocSpace objects, 0(0B) LOS objects, 29% free, 38MB/54MB, paused 323us total 18.040ms
08-04 11:30:00.636 13866 13882 I PeriodicStatsRunner: PeriodicStatsRunner.call():175 call()
08-04 11:30:00.636 13866 13882 I PeriodicStatsRunner: PeriodicStatsRunner.call():179 No submit PeriodicStats since input started.
08-04 11:30:00.896 19767 19921 I art     : Starting a blocking GC Explicit
08-04 11:30:00.918 19767 19921 I art     : Explicit concurrent mark sweep GC freed 2664(112KB) AllocSpace objects, 2(40KB) LOS objects, 29% free, 38MB/54MB, paused 380us total 21.748ms
08-04 11:30:00.927 19767 19921 I art     : Starting a blocking GC Explicit
08-04 11:30:00.948 19767 19921 I art     : Explicit concurrent mark sweep GC freed 137(3KB) AllocSpace objects, 0(0B) LOS objects, 29% free, 38MB/54MB, paused 324us total 21.166ms
08-04 11:30:00.957 19767 19921 I art     : Starting a blocking GC Explicit
08-04 11:30:00.979 19767 19921 I art     : Explicit concurrent mark sweep GC freed 51(896B) AllocSpace objects, 0(0B) LOS objects, 29% free, 38MB/54MB, paused 330us total 21.467ms
08-04 11:30:00.988 19767 19921 I art     : Starting a blocking GC Explicit
08-04 11:30:01.010 19767 19921 I art     : Explicit concurrent mark sweep GC freed 99(1696B) AllocSpace objects, 0(0B) LOS objects, 29% free, 38MB/54MB, paused 377us total 21.490ms
08-04 11:30:01.019 19767 19921 I art     : Starting a blocking GC Explicit
08-04 11:30:01.041 19767 19921 I art     : Explicit concurrent mark sweep GC freed 99(1696B) AllocSpace objects, 0(0B) LOS objects, 29% free, 38MB/54MB, paused 326us total 21.067ms
08-04 11:30:01.371 19767 19828 I art     : Starting a blocking GC Explicit
08-04 11:30:01.396 19767 19828 I art     : Explicit concurrent mark sweep GC freed 2643(112KB) AllocSpace objects, 2(40KB) LOS objects, 29% free, 38MB/54MB, paused 351us total 24.042ms
08-04 11:30:01.409 19767 19828 I art     : Starting a blocking GC Explicit
08-04 11:30:01.430 19767 19828 I art     : Explicit concurrent mark sweep GC freed 126(2704B) AllocSpace objects, 0(0B) LOS objects, 29% free, 38MB/54MB, paused 338us total 20.790ms
08-04 11:30:01.439 19767 19828 I art     : Starting a blocking GC Explicit
08-04 11:30:01.460 19767 19828 I art     : Explicit concurrent mark sweep GC freed 99(1696B) AllocSpace objects, 0(0B) LOS objects, 29% free, 38MB/54MB, paused 336us total 21.040ms
08-04 11:30:01.469 19767 19828 I art     : Starting a blocking GC Explicit
08-04 11:30:01.491 19767 19828 I art     : Explicit concurrent mark sweep GC freed 99(1696B) AllocSpace objects, 0(0B) LOS objects, 29% free, 38MB/54MB, paused 344us total 21.427ms
08-04 11:30:01.500 19767 19828 I art     : Starting a blocking GC Explicit
08-04 11:30:01.522 19767 19828 I art     : Explicit concurrent mark sweep GC freed 99(1696B) AllocSpace objects, 0(0B) LOS objects, 29% free, 38MB/54MB, paused 387us total 21.846ms
08-04 11:30:01.852 19767 19779 I art     : Starting a blocking GC Explicit
08-04 11:30:01.877 19767 19779 I art     : Explicit concurrent mark sweep GC freed 2639(113KB) AllocSpace objects, 2(40KB) LOS objects, 29% free, 38MB/54MB, paused 368us total 24.792ms
08-04 11:30:01.891 19767 19779 I art     : Starting a blocking GC Explicit
08-04 11:30:01.912 19767 19779 I art     : Explicit concurrent mark sweep GC freed 126(2704B) AllocSpace objects, 0(0B) LOS objects, 29% free, 38MB/54MB, paused 348us total 20.634ms
08-04 11:30:01.921 19767 19779 I art     : Starting a blocking GC Explicit
08-04 11:30:01.942 19767 19779 I art     : Explicit concurrent mark sweep GC freed 99(1696B) AllocSpace objects, 0(0B) LOS objects, 29% free, 38MB/54MB, paused 337us total 21.195ms
08-04 11:30:01.951 19767 19779 I art     : Starting a blocking GC Explicit
08-04 11:30:01.973 19767 19779 I art     : Explicit concurrent mark sweep GC freed 99(1696B) AllocSpace objects, 0(0B) LOS objects, 29% free, 38MB/54MB, paused 324us total 21.242ms
08-04 11:30:01.982 19767 19779 I art     : Starting a blocking GC Explicit
08-04 11:30:02.004 19767 19779 I art     : Explicit concurrent mark sweep GC freed 99(1696B) AllocSpace objects, 0(0B) LOS objects, 29% free, 38MB/54MB, paused 348us total 21.946ms
08-04 11:30:02.368 19767 19780 I art     : Starting a blocking GC Explicit
08-04 11:30:02.391 19767 19780 I art     : Explicit concurrent mark sweep GC freed 2736(115KB) AllocSpace objects, 2(40KB) LOS objects, 29% free, 38MB/54MB, paused 336us total 22.785ms
08-04 11:30:02.400 19767 19780 I art     : Starting a blocking GC Explicit
08-04 11:30:02.422 19767 19780 I art     : Explicit concurrent mark sweep GC freed 126(2704B) AllocSpace objects, 0(0B) LOS objects, 29% free, 38MB/54MB, paused 343us total 21.260ms
08-04 11:30:02.431 19767 19780 I art     : Starting a blocking GC Explicit
08-04 11:30:02.452 19767 19780 I art     : Explicit concurrent mark sweep GC freed 98(1664B) AllocSpace objects, 0(0B) LOS objects, 29% free, 38MB/54MB, paused 347us total 21.264ms
08-04 11:30:02.462 19767 19780 I art     : Starting a blocking GC Explicit
08-04 11:30:02.483 19767 19780 I art     : Explicit concurrent mark sweep GC freed 99(1696B) AllocSpace objects, 0(0B) LOS objects, 29% free, 38MB/54MB, paused 367us total 21.513ms
08-04 11:30:02.493 19767 19780 I art     : Starting a blocking GC Explicit
08-04 11:30:02.515 19767 19780 I art     : Explicit concurrent mark sweep GC freed 52(928B) AllocSpace objects, 0(0B) LOS objects, 29% free, 38MB/54MB, paused 381us total 21.748ms
08-04 11:30:02.876 19767 19921 I art     : Starting a blocking GC Explicit
08-04 11:30:02.901 19767 19921 I art     : Explicit concurrent mark sweep GC freed 2787(119KB) AllocSpace objects, 2(40KB) LOS objects, 29% free, 38MB/54MB, paused 433us total 24.801ms
08-04 11:30:02.914 19767 19921 I art     : Starting a blocking GC Explicit
08-04 11:30:02.936 19767 19921 I art     : Explicit concurrent mark sweep GC freed 127(2736B) AllocSpace objects, 0(0B) LOS objects, 29% free, 38MB/54MB, paused 391us total 20.951ms
08-04 11:30:02.945 19767 19921 I art     : Starting a blocking GC Explicit
08-04 11:30:02.966 19767 19921 I art     : Explicit concurrent mark sweep GC freed 60(1056B) AllocSpace objects, 0(0B) LOS objects, 29% free, 38MB/54MB, paused 415us total 20.312ms
08-04 11:30:02.975 19767 19921 I art     : Starting a blocking GC Explicit
08-04 11:30:02.996 19767 19921 I art     : Explicit concurrent mark sweep GC freed 91(1568B) AllocSpace objects, 0(0B) LOS objects, 29% free, 38MB/54MB, paused 336us total 20.761ms
08-04 11:30:03.005 19767 19921 I art     : Starting a blocking GC Explicit
08-04 11:30:03.027 19767 19921 I art     : Explicit concurrent mark sweep GC freed 99(1696B) AllocSpace objects, 0(0B) LOS objects, 29% free, 38MB/54MB, paused 372us total 21.999ms
08-04 11:30:03.366 19767 19828 I art     : Starting a blocking GC Explicit
08-04 11:30:03.389 19767 19828 I art     : Explicit concurrent mark sweep GC freed 2689(115KB) AllocSpace objects, 2(40KB) LOS objects, 29% free, 38MB/54MB, paused 350us total 22.569ms
08-04 11:30:03.398 19767 19828 I art     : Starting a blocking GC Explicit
08-04 11:30:03.419 19767 19828 I art     : Explicit concurrent mark sweep GC freed 127(2736B) AllocSpace objects, 0(0B) LOS objects, 29% free, 38MB/54MB, paused 334us total 20.969ms
08-04 11:30:03.428 19767 19828 I art     : Starting a blocking GC Explicit
08-04 11:30:03.450 19767 19828 I art     : Explicit concurrent mark sweep GC freed 59(1024B) AllocSpace objects, 0(0B) LOS objects, 29% free, 38MB/54MB, paused 425us total 21.294ms
08-04 11:30:03.459 19767 19828 I art     : Starting a blocking GC Explicit
08-04 11:30:03.480 19767 19828 I art     : Explicit concurrent mark sweep GC freed 91(1568B) AllocSpace objects, 0(0B) LOS objects, 29% free, 38MB/54MB, paused 334us total 21.355ms
08-04 11:30:03.490 19767 19828 I art     : Starting a blocking GC Explicit
08-04 11:30:03.511 19767 19828 I art     : Explicit concurrent mark sweep GC freed 99(1696B) AllocSpace objects, 0(0B) LOS objects, 29% free, 38MB/54MB, paused 343us total 21.432ms
08-04 11:30:03.863 19767 19921 I art     : Starting a blocking GC Explicit
08-04 11:30:03.886 19767 19921 I art     : Explicit concurrent mark sweep GC freed 2757(114KB) AllocSpace objects, 2(40KB) LOS objects, 29% free, 38MB/54MB, paused 352us total 22.739ms
08-04 11:30:03.896 19767 19921 I art     : Starting a blocking GC Explicit
08-04 11:30:03.918 19767 19921 I art     : Explicit concurrent mark sweep GC freed 126(3056B) AllocSpace objects, 0(0B) LOS objects, 29% free, 38MB/54MB, paused 446us total 21.520ms
08-04 11:30:03.928 19767 19921 I art     : Starting a blocking GC Explicit
08-04 11:30:03.948 19767 19921 I art     : Explicit concurrent mark sweep GC freed 61(1088B) AllocSpace objects, 0(0B) LOS objects, 29% free, 38MB/54MB, paused 344us total 20.284ms
08-04 11:30:03.957 19767 19921 I art     : Starting a blocking GC Explicit
08-04 11:30:03.978 19767 19921 I art     : Explicit concurrent mark sweep GC freed 99(1696B) AllocSpace objects, 0(0B) LOS objects, 29% free, 38MB/54MB, paused 337us total 20.522ms
08-04 11:30:03.987 19767 19921 I art     : Starting a blocking GC Explicit
08-04 11:30:04.008 19767 19921 I art     : Explicit concurrent mark sweep GC freed 99(1696B) AllocSpace objects, 0(0B) LOS objects, 29% free, 38MB/54MB, paused 343us total 21.132ms
08-04 11:30:04.095 20146 20146 D AndroidRuntime: >>>>>> START com.android.internal.os.RuntimeInit uid 2000 <<<<<<
08-04 11:30:04.099 20146 20146 D AndroidRuntime: CheckJNI is OFF
08-04 11:30:04.127 20146 20146 D ICU     : No timezone override file found: /data/misc/zoneinfo/current/icu/icu_tzdata.dat
08-04 11:30:04.153 20146 20146 I Radio-JNI: register_android_hardware_Radio DONE
08-04 11:30:04.169 20146 20146 D AndroidRuntime: Calling main entry com.android.commands.input.Input
08-04 11:30:04.170 20146 20146 I Input   : injectMotionEvent: MotionEvent { action=ACTION_DOWN, actionButton=0, id[0]=0, x[0]=693.0, y[0]=1450.0, toolType[0]=TOOL_TYPE_UNKNOWN, buttonState=0, metaState=0, flags=0x0, edgeFlags=0x0, pointerCount=1, historySize=0, eventTime=703820583, downTime=703820583, deviceId=0, source=0x1002 }
08-04 11:30:04.177 20146 20146 I Input   : injectMotionEvent: MotionEvent { action=ACTION_UP, actionButton=0, id[0]=0, x[0]=693.0, y[0]=1450.0, toolType[0]=TOOL_TYPE_UNKNOWN, buttonState=0, metaState=0, flags=0x0, edgeFlags=0x0, pointerCount=1, historySize=0, eventTime=703820583, downTime=703820583, deviceId=0, source=0x1002 }
08-04 11:30:04.178 20146 20146 D AndroidRuntime: Shutting down VM
08-04 11:30:04.179 19767 19767 D NappaIntentExtras: ==================
08-04 11:30:04.179 19767 19767 D NappaIntentExtras: Log #3
08-04 11:30:04.179 19767 19767 D NappaIntentExtras: ------------------
08-04 11:30:04.179 19767 19767 D NappaIntentExtras: activity nappagreedy.io.github.project_travel_mate.destinations.description.CityHistoryActivity
08-04 11:30:04.179 19767 19767 D NappaIntentExtras: 	- No extras registered
08-04 11:30:04.179 19767 19767 D NappaIntentExtras: activity nappagreedy.io.github.project_travel_mate.MainActivity
08-04 11:30:04.179 19767 19767 D NappaIntentExtras: 	- 1 extras registered
08-04 11:30:04.179 19767 19767 D NappaIntentExtras: 	- cityobject_ : objects.City@1cbfe83
08-04 11:30:04.179 19767 19767 D NappaIntentExtras: activity nappagreedy.io.github.project_travel_mate.SplashActivity
08-04 11:30:04.179 19767 19767 D NappaIntentExtras: 	- No extras registered
08-04 11:30:04.179 19767 19767 D NappaIntentExtras: activity nappagreedy.io.github.project_travel_mate.utilities.CompassActivity
08-04 11:30:04.179 19767 19767 D NappaIntentExtras: 	- No extras registered
08-04 11:30:04.180 19767 19767 D NappaIntentExtras: activity nappagreedy.io.github.project_travel_mate.notifications.NotificationsActivity
08-04 11:30:04.180 19767 19767 D NappaIntentExtras: 	- No extras registered
08-04 11:30:04.180 19767 19767 D NappaIntentExtras: activity nappagreedy.io.github.project_travel_mate.destinations.funfacts.FunFactsActivity
08-04 11:30:04.180 19767 19767 D NappaIntentExtras: 	- No extras registered
08-04 11:30:04.180 19767 19767 D NappaIntentExtras: activity nappagreedy.io.github.project_travel_mate.utilities.UpcomingWeekendsActivity
08-04 11:30:04.180 19767 19767 D NappaIntentExtras: 	- No extras registered
08-04 11:30:04.180 19767 19767 D NappaIntentExtras: activity nappagreedy.io.github.project_travel_mate.utilities.ChecklistActivity
08-04 11:30:04.180 19767 19767 D NappaIntentExtras: 	- No extras registered
08-04 11:30:04.180 19767 19767 D NappaIntentExtras: activity nappagreedy.io.github.project_travel_mate.destinations.description.FinalCityInfoActivity
08-04 11:30:04.180 19767 19767 D NappaIntentExtras: 	- No extras registered
08-04 11:30:04.180 19767 19767 D NappaIntentExtras: ==================
08-04 11:30:04.180   512  2967 D audio_hw_primary: out_set_parameters: enter: usecase(1: low-latency-playback) kvpairs: routing=2
08-04 11:30:04.181   918   929 I ActivityManager: START u0 {cmp=nappagreedy.io.github.project_travel_mate/.destinations.description.CityHistoryActivity} from uid 10653 on display 0
08-04 11:30:04.192 19767 19767 D NappaLifecycleObserver: nappagreedy.io.github.project_travel_mate.destinations.description.FinalCityInfoActivity - onPause
08-04 11:30:04.192 19767 19767 D Nappa   : Stayed on nappagreedy.io.github.project_travel_mate.destinations.description.FinalCityInfoActivity for 4407 ms
08-04 11:30:04.193   512  2967 D audio_hw_primary: select_devices: out_snd_device(2: speaker) in_snd_device(0: none)
08-04 11:30:04.193   512  2967 D msm8974_platform: platform_send_audio_calibration: sending audio calibration for snd_device(2) acdb_id(15)
08-04 11:30:04.194   512  2967 I soundtrigger: audio_extn_sound_trigger_update_device_status: device 0x2 of type 0 for Event 1
08-04 11:30:04.204   512  2967 D audio_hw_primary: enable_snd_device: snd_device(2: speaker)
08-04 11:30:04.206   512  2967 D audio_hw_primary: enable_audio_route: apply and update mixer path: low-latency-playback speaker
08-04 11:30:04.212 19767 19897 D Gabe    : call	returning from cache
08-04 11:30:04.214 19767 19767 V EXECUTING: https://project-travel-mate.herokuapp.com/api/get-city-information/1
08-04 11:30:04.215 19767 19767 D Nappa   : TAG okHttpClient initialized
08-04 11:30:04.216 19767 20170 D CustomInterceptor: NETWORK-PROVIDER https://project-travel-mate.herokuapp.com/api/get-city-information/1
08-04 11:30:04.216 19767 20170 D Nappa   : F1_SCORE add_intercept_url - (new) - https://project-travel-mate.herokuapp.com/api/get-city-information/1
08-04 11:30:04.216 19767 20170 D Nappa   : F1_SCORE add_fn_url - (new) - https://project-travel-mate.herokuapp.com/api/get-city-information/1
08-04 11:30:04.216 19767 20170 D Nappa   : -------------F1_SCORE #6 -----------
08-04 11:30:04.216 19767 20170 D Nappa   : F1_SCORE - Intercept list (6)= [https://project-travel-mate.herokuapp.com/api/get-user, https://project-travel-mate.herokuapp.com/api/get-all-cities/10, https://project-travel-mate.herokuapp.com/api/number-of-unread-notifications, https://project-travel-mate.herokuapp.com/api/get-city-weather/1, https://project-travel-mate.herokuapp.com/api/get-city/1, https://project-travel-mate.herokuapp.com/api/get-city-information/1]
08-04 11:30:04.216 19767 20170 D Nappa   : F1_SCORE - Prefetch list (0)= []
08-04 11:30:04.216 19767 20170 D Nappa   : F1_SCORE - TP list (0)= []
08-04 11:30:04.217 19767 20170 D Nappa   : F1_SCORE - FN list (6)= [https://project-travel-mate.herokuapp.com/api/get-user, https://project-travel-mate.herokuapp.com/api/get-all-cities/10, https://project-travel-mate.herokuapp.com/api/number-of-unread-notifications, https://project-travel-mate.herokuapp.com/api/get-city-weather/1, https://project-travel-mate.herokuapp.com/api/get-city/1, https://project-travel-mate.herokuapp.com/api/get-city-information/1]
08-04 11:30:04.217 19767 20170 I NAPPA_EXPERIMENTATION: MetricPrefetchingAccuracy: LOG_ID='7',F1_SCORE_1='0.0',F1_SCORE_2='0.0',TRUE_POSITIVE='0',FALSE_POSITIVE='0',FALSE_NEGATIVE='6',
08-04 11:30:04.217 19767 20170 D CustomInterceptor: HEADER REQUEST
08-04 11:30:04.217 19767 20170 D CustomInterceptor: Authorization Token e817cf733b7893037942a7dc5507f3c5a98408e6
08-04 11:30:04.217 19767 20170 D CustomInterceptor: Cache-Control max-age=300, max-stale=300
08-04 11:30:04.217 19767 20170 D CustomInterceptor: CACHED STATS: size = '5', maxSize = '100', hitCount = '5', createCount = '0', putCount = '5', evictionCount = '0', missCount = '5', toString = 'LruCache[maxSize=100,hits=5,misses=5,hitRate=50%]', 
08-04 11:30:04.217 19767 20170 D CustomInterceptor: PREFLIB NOT A GET REQUEST OR NOT IN CACHEGET
08-04 11:30:04.217 19767 19767 D NappaLifecycleObserver: nappagreedy.io.github.project_travel_mate.destinations.description.CityHistoryActivity - onResume
08-04 11:30:04.217 19767 19767 D Nappa   : setCurrentActivity - MetricStrategyAccuracy - 
08-04 11:30:04.217 19767 19767 D Nappa   : madePredictionFromActivity = true, 
08-04 11:30:04.217 19767 19767 D Nappa   : fromActivity = nappagreedy.io.github.project_travel_mate.destinations.description.FinalCityInfoActivity, 
08-04 11:30:04.217 19767 19767 D Nappa   : predictedNextActivityFromActivity = [nappagreedy.io.github.project_travel_mate.destinations.description.CityHistoryActivity], 
08-04 11:30:04.217 19767 19767 D Nappa   : activity.getClass().getCanonicalName() = nappagreedy.io.github.project_travel_mate.destinations.description.CityHistoryActivity, 
08-04 11:30:04.217 19767 19767 D Nappa   : setCurrentActivity - MetricStrategyAccuracy - 
08-04 11:30:04.217 19767 19767 D Nappa   : madePredictionFromExtra = false, 
08-04 11:30:04.217 19767 19767 D Nappa   : fromActivity = nappagreedy.io.github.project_travel_mate.destinations.description.FinalCityInfoActivity, 
08-04 11:30:04.217 19767 19767 D Nappa   : predictedNextActivityFromExtra = [], 
08-04 11:30:04.217 19767 19767 D Nappa   : activity.getClass().getCanonicalName() = nappagreedy.io.github.project_travel_mate.destinations.description.CityHistoryActivity, 
08-04 11:30:04.218 19767 19767 D Nappa   : PREFETCH_ON_EXTRA - setCurrentActivity - logs - from activity - made prediction istrue
08-04 11:30:04.218 19767 19767 D Nappa   : PREFETCH_ON_EXTRA - setCurrentActivity - logs - from activity - start
08-04 11:30:04.218 19767 19767 D Nappa   : setCurrentActivity - MetricStrategyAccuracy - checking prediction VS current activity for activities
08-04 11:30:04.218 19767 19767 D GreedyPrefetchingStrategyOnVisitFrequencyAndTime: MetricStrategyAccuracy inc hits count1 | from act
08-04 11:30:04.218 19767 19767 I NAPPA_EXPERIMENTATION: MetricStrategyAccuracy: LOG_ID='3',EXECUTION_COUNT='3',CASES_COUNT='3',HIT_PERCENTAGE_TOTAL='33.333333333333336',HIT_PERCENTAGE_WHEN_PREDICTED='100.0',HIT_COUNT='1',MISS_COUNT='0',INSUFFICIENT_SCORE_COUNT='2',EXCEPTION_COUNT='0',NO_SUCCESSOR_COUNT='0',
08-04 11:30:04.218 19767 19767 D Nappa   : PREFETCH_ON_EXTRA - setCurrentActivity - logs - from activity- finished
08-04 11:30:04.297 19767 19779 I art     : Starting a blocking GC Explicit
08-04 11:30:04.316 19767 19784 D Nappa   : registerActivity: (already in) nappagreedy.io.github.project_travel_mate.destinations.description.FinalCityInfoActivity
08-04 11:30:04.316 19767 19784 D Nappa   : PARENTS 
08-04 11:30:04.316 19767 19784 D Nappa   : Of: nappagreedy.io.github.project_travel_mate.destinations.description.FinalCityInfoActivity -> 
08-04 11:30:04.316 19767 19784 D Nappa   : PARENTS nappagreedy.io.github.project_travel_mate.MainActivity
08-04 11:30:04.317 19767 19784 D Nappa   : PARENTS has extra: (cityobject_, objects.City@1cbfe83)
08-04 11:30:04.317 19767 19784 D Nappa   : PARENTS nappagreedy.io.github.project_travel_mate.SplashActivity
08-04 11:30:04.318 19767 19767 D Nappa   : registerActivity: (already in) nappagreedy.io.github.project_travel_mate.destinations.description.CityHistoryActivity
08-04 11:30:04.318 19767 19767 D ActivityNode: ACTNODE UPDATING AFTER LOADING FROM DB
08-04 11:30:04.319 19767 19767 D ActivityGraph: LARDataCalculatedUpdate nappagreedy.io.github.project_travel_mate.destinations.description.CityHistoryActivity Pagerank: 0.25 HITS-Authority: 1.0 HITS-Hub: 1.0 SALSA-Authority: 1.0 SALSA-Hub: 1.0
08-04 11:30:04.319 19767 19767 D Nappa   : SHOULD_PREFETCH true
08-04 11:30:04.322 19767 19779 I art     : Explicit concurrent mark sweep GC freed 3587(319KB) AllocSpace objects, 2(40KB) LOS objects, 29% free, 38MB/54MB, paused 569us total 24.596ms
08-04 11:30:04.332 19767 19779 I art     : Starting a blocking GC Explicit
08-04 11:30:04.355 19767 19779 I art     : Explicit concurrent mark sweep GC freed 323(13KB) AllocSpace objects, 0(0B) LOS objects, 29% free, 38MB/54MB, paused 442us total 23.368ms
08-04 11:30:04.365 19767 19779 I art     : Starting a blocking GC Explicit
08-04 11:30:04.388 19767 19779 I art     : Explicit concurrent mark sweep GC freed 17(624B) AllocSpace objects, 0(0B) LOS objects, 29% free, 38MB/54MB, paused 460us total 22.824ms
08-04 11:30:04.398 19767 19779 I art     : Starting a blocking GC Explicit
08-04 11:30:04.419 19767 19767 D Nappa   : registerActivity: (already in) nappagreedy.io.github.project_travel_mate.destinations.description.CityHistoryActivity
08-04 11:30:04.419 19767 19767 D Nappa   : STATS Number of requests not prefetched: 5
08-04 11:30:04.419 19767 19767 D Nappa   : STATS Number of requests prefetched: 0
08-04 11:30:04.419 19767 19767 D Nappa   : STATS Time saved until now: 0.0
08-04 11:30:04.422 19767 19779 I art     : Explicit concurrent mark sweep GC freed 39(2688B) AllocSpace objects, 0(0B) LOS objects, 29% free, 38MB/54MB, paused 481us total 23.604ms
08-04 11:30:04.433 19767 19779 I art     : Starting a blocking GC Explicit
08-04 11:30:04.457 19767 19779 I art     : Explicit concurrent mark sweep GC freed 186(6KB) AllocSpace objects, 0(0B) LOS objects, 29% free, 38MB/54MB, paused 446us total 23.574ms
08-04 11:30:04.483 19767 19767 D ActivityNode: Observer - visit time - FinalCityInfoActivity - New aggregate visit time found is 72780 ms
08-04 11:30:04.558   918   936 I ActivityManager: Displayed nappagreedy.io.github.project_travel_mate/.destinations.description.CityHistoryActivity: +365ms
08-04 11:30:04.558 13866 13866 I GoogleInputMethodServic: GoogleInputMethodService.onFinishInput():3138 
08-04 11:30:04.558 13866 13866 I GoogleInputMethodServic: GoogleInputMethodService.onStartInput():1808 
08-04 11:30:04.559 19767 19767 D ActivityNode: Observer - session data - sourceCityHistoryActivity
08-04 11:30:04.559 19767 19767 D ActivityNode: destinations:
08-04 11:30:04.559 19767 19767 D ActivityNode: Observer - session data - sourceSplashActivity
08-04 11:30:04.559 19767 19767 D ActivityNode: destinations:
08-04 11:30:04.559 19767 19767 D ActivityNode: 	nappagreedy.io.github.project_travel_mate.MainActivity( count 5)
08-04 11:30:04.559 19767 19767 D ActivityNode: Observer - session data - sourceMainActivity
08-04 11:30:04.559 19767 19767 D ActivityNode: destinations:
08-04 11:30:04.559 19767 19767 D ActivityNode: 	nappagreedy.io.github.project_travel_mate.destinations.description.FinalCityInfoActivity( count 9)
08-04 11:30:04.559 19767 19767 D ActivityNode: 	nappagreedy.io.github.project_travel_mate.utilities.ChecklistActivity( count 8)
08-04 11:30:04.559 19767 19767 D ActivityNode: 	nappagreedy.io.github.project_travel_mate.utilities.CompassActivity( count 8)
08-04 11:30:04.559 19767 19767 D ActivityNode: 	nappagreedy.io.github.project_travel_mate.utilities.UpcomingWeekendsActivity( count 16)
08-04 11:30:04.559 19767 19767 D ActivityNode: 	nappagreedy.io.github.project_travel_mate.notifications.NotificationsActivity( count 8)
08-04 11:30:04.559 19767 19767 D ActivityNode: Observer - session data - sourceFinalCityInfoActivity
08-04 11:30:04.559 19767 19767 D ActivityNode: destinations:
08-04 11:30:04.559 19767 19767 D ActivityNode: 	nappagreedy.io.github.project_travel_mate.destinations.description.CityHistoryActivity( count 13)
08-04 11:30:04.559 19767 19767 D ActivityNode: 	nappagreedy.io.github.project_travel_mate.destinations.funfacts.FunFactsActivity( count 8)
08-04 11:30:04.559 19767 19767 D ActivityNode: Observer - session data - sourceFunFactsActivity
08-04 11:30:04.559 19767 19767 D ActivityNode: destinations:
08-04 11:30:04.560 19767 19767 D ActivityNode: Observer - session data - sourceCompassActivity
08-04 11:30:04.560 19767 19767 D ActivityNode: destinations:
08-04 11:30:04.560 19767 19767 D ActivityNode: Observer - session data - sourceUpcomingWeekendsActivity
08-04 11:30:04.560 19767 19767 D ActivityNode: destinations:
08-04 11:30:04.560 19767 19767 D ActivityNode: Observer - session data - sourceNotificationsActivity
08-04 11:30:04.560 19767 19767 D ActivityNode: destinations:
08-04 11:30:04.560 19767 19767 D ActivityNode: Observer - session data - sourceChecklistActivity
08-04 11:30:04.560 19767 19767 D ActivityNode: destinations:
08-04 11:30:04.618 19767 19784 D Nappa   : PREFETCH_ON_EXTRA - setCurrentActivity - logs - from extra - made prediction isfalse
08-04 11:30:04.715 19767 19780 I art     : Starting a blocking GC Explicit
08-04 11:30:04.736 19767 19780 I art     : Explicit concurrent mark sweep GC freed 3270(152KB) AllocSpace objects, 2(40KB) LOS objects, 27% free, 43MB/59MB, paused 352us total 20.796ms
08-04 11:30:04.749   512  2967 D audio_hw_primary: disable_audio_route: reset and update mixer path: low-latency-playback speaker
08-04 11:30:04.749 19767 19780 I art     : Starting a blocking GC Explicit
08-04 11:30:04.750   512  2967 D audio_hw_primary: disable_snd_device: snd_device(2: speaker)
08-04 11:30:04.758   512  2967 I soundtrigger: audio_extn_sound_trigger_update_device_status: device 0x2 of type 0 for Event 0
08-04 11:30:04.776 19767 19780 I art     : Explicit concurrent mark sweep GC freed 386(11KB) AllocSpace objects, 0(0B) LOS objects, 27% free, 43MB/59MB, paused 415us total 26.063ms
08-04 11:30:04.786 19767 19780 I art     : Starting a blocking GC Explicit
08-04 11:30:04.813 19767 19780 I art     : Explicit concurrent mark sweep GC freed 147(2496B) AllocSpace objects, 0(0B) LOS objects, 27% free, 43MB/59MB, paused 373us total 26.406ms
08-04 11:30:04.818   380   380 W SurfaceFlinger: couldn't log to binary event log: overflow.
08-04 11:30:04.824 19767 19780 I art     : Starting a blocking GC Explicit
08-04 11:30:04.844 19767 19780 I art     : Explicit concurrent mark sweep GC freed 147(2496B) AllocSpace objects, 0(0B) LOS objects, 27% free, 43MB/59MB, paused 351us total 19.412ms
08-04 11:30:04.853 19767 19780 I art     : Starting a blocking GC Explicit
08-04 11:30:04.872 19767 19780 I art     : Explicit concurrent mark sweep GC freed 147(2496B) AllocSpace objects, 0(0B) LOS objects, 27% free, 43MB/59MB, paused 332us total 19.300ms
08-04 11:30:04.919 19767 19784 D Nappa   : PREFETCH_ON_EXTRA - setCurrentActivity - starting new prediction
08-04 11:30:04.919 19767 19784 D Nappa   : Current node - currentActivityName - nappagreedy.io.github.project_travel_mate.destinations.description.CityHistoryActivity
08-04 11:30:04.919 19767 19784 D Nappa   : Current node - activityGraph.getCurrent() - nappagreedy.io.github.project_travel_mate.destinations.description.CityHistoryActivity
08-04 11:30:04.919 19767 19784 I NAPPA_EXPERIMENTATION: MetricNappaPrefetchingStrategyExecutionTime: STRATEGY_CLASS='GreedyPrefetchingStrategyOnVisitFrequencyAndTime',DURATION='33385',NUMBER_OF_URLS='0',NUMBER_OF_SELECTED_CHILDREN_NODES='0',NUMBER_OF_CHILDREN_NODES='0',STRATEGY_RUN_SUCCESSFULLY='True',
08-04 11:30:04.919 19767 19784 D GreedyPrefetchingStrategyOnVisitFrequencyAndTime: ==================================
08-04 11:30:04.919 19767 19784 D GreedyPrefetchingStrategyOnVisitFrequencyAndTime: Starting Run #4
08-04 11:30:04.920 19767 19784 D GreedyPrefetchingStrategyOnVisitFrequencyAndTime: ----------------------------------
08-04 11:30:04.920 19767 19784 D GreedyPrefetchingStrategyOnVisitFrequencyAndTime: Node data CityHistoryActivity 
08-04 11:30:04.920 19767 19784 D GreedyPrefetchingStrategyOnVisitFrequencyAndTime: 	Successors:
08-04 11:30:04.920 19767 19784 D GreedyPrefetchingStrategyOnVisitFrequencyAndTime: 
08-04 11:30:04.920 19767 19784 D GreedyPrefetchingStrategyOnVisitFrequencyAndTime: 	Ancestors:
08-04 11:30:04.920 19767 19784 D GreedyPrefetchingStrategyOnVisitFrequencyAndTime: 		FinalCityInfoActivity (0 hits)
08-04 11:30:04.920 19767 19784 D GreedyPrefetchingStrategyOnVisitFrequencyAndTime: 
08-04 11:30:04.920 19767 19784 D GreedyPrefetchingStrategyOnVisitFrequencyAndTime: MetricStrategyAccuracy inc execution count4 | act = true; extra = false
08-04 11:30:04.920 19767 19784 D GreedyPrefetchingStrategyOnVisitFrequencyAndTime: MetricStrategyAccuracy inc no sucessor count1 | act = true; extra = false
08-04 11:30:04.920 19767 19784 D GreedyPrefetchingStrategyOnVisitFrequencyAndTime: ------------- Recursion #1 -----------
08-04 11:30:04.920 19767 19784 D GreedyPrefetchingStrategyOnVisitFrequencyAndTime: Best successors so far []
08-04 11:30:04.920 19767 19784 D GreedyPrefetchingStrategyOnVisitFrequencyAndTime: Checking node CityHistoryActivity with 0 successors
08-04 11:30:04.920 19767 19784 D GreedyPrefetchingStrategyOnVisitFrequencyAndTime: this node has no successors
08-04 11:30:04.920 19767 19784 D GreedyPrefetchingStrategyOnVisitFrequencyAndTime: Next visited child will be []
08-04 11:30:04.920 19767 19784 D GreedyPrefetchingStrategyOnVisitFrequencyAndTime: ==================================
08-04 11:30:04.920 19767 19784 D Nappa   : PREFETCH_ON_EXTRA - setCurrentActivity - finished new prediction
08-04 11:30:04.932 13866 13882 I PeriodicStatsRunner: PeriodicStatsRunner.call():175 call()
08-04 11:30:04.932 13866 13882 I PeriodicStatsRunner: PeriodicStatsRunner.call():179 No submit PeriodicStats since input started.
08-04 11:30:05.072 19767 20170 D CustomInterceptor: CACHE_CONTROL SETTING NEW MAX-AGE
08-04 11:30:05.074 19767 20170 D CustomInterceptor: HEADER RESPONSE
08-04 11:30:05.075 19767 20170 D CustomInterceptor: Allow GET, OPTIONS
08-04 11:30:05.075 19767 20170 D CustomInterceptor: Cache-Control public, immutable, max-age=300, only-if-cached, max-stale=300
08-04 11:30:05.075 19767 20170 D CustomInterceptor: Connection keep-alive
08-04 11:30:05.075 19767 20170 D CustomInterceptor: Content-Length 55024
08-04 11:30:05.075 19767 20170 D CustomInterceptor: Content-Type application/json
08-04 11:30:05.075 19767 20170 D CustomInterceptor: Date Tue, 04 Aug 2020 09:30:00 GMT
08-04 11:30:05.075 19767 20170 D CustomInterceptor: Expires Tue, 04 Aug 2020 09:35:05 GMT+00:00
08-04 11:30:05.075 19767 20170 D CustomInterceptor: Server gunicorn/19.8.1
08-04 11:30:05.075 19767 20170 D CustomInterceptor: Vary Accept
08-04 11:30:05.075 19767 20170 D CustomInterceptor: Via 1.1 vegur
08-04 11:30:05.075 19767 20170 D CustomInterceptor: X-Frame-Options SAMEORIGIN
08-04 11:30:05.075 19767 20170 D CustomInterceptor: CACHEABLE true
08-04 11:30:05.075 19767 20170 D CustomInterceptor: REQ https://project-travel-mate.herokuapp.com/api/get-city-information/1
08-04 11:30:05.075 19767 20170 D CustomInterceptor: REQ_SERV_BY net
08-04 11:30:05.075 19767 20170 D CustomInterceptor: PREFLIB Adding response to lrucache - https://project-travel-mate.herokuapp.com/api/get-city-information/1
08-04 11:30:05.080 19767 20170 D CustomInterceptor: interceptor_finished : return_type #3 : request served from remote and added to cache
08-04 11:30:05.082 19767 20170 I NAPPA_EXPERIMENTATION: MetricNetworkRequestExecutionTime: REQUEST_DURATION_SYSTEM='867',REQUEST_DURATION_OKHTTP='0',REQUEST_SYNCHRONOUS='FALSE',RESPONSE_CODE='200',RESPONSE_METHOD='GET',RESPONSE_LENGTH_OKHTTP='55024',RESPONSE_LENGTH_HEADER='-2',REQUEST_PROTOCOL='http/1.1',REQUEST_URL='https://project-travel-mate.herokuapp.com/api/get-city-information/1',
08-04 11:30:05.145 19767 19780 I art     : Starting a blocking GC Explicit
08-04 11:30:05.169 19767 19780 I art     : Explicit concurrent mark sweep GC freed 6283(1013KB) AllocSpace objects, 20(1220KB) LOS objects, 26% free, 43MB/59MB, paused 553us total 22.797ms
08-04 11:30:05.177 19767 19780 I art     : Starting a blocking GC Explicit
08-04 11:30:05.196 13866 13866 I GoogleInputMethodServic: GoogleInputMethodService.onFinishInput():3138 
08-04 11:30:05.197 13866 13866 I GoogleInputMethodServic: GoogleInputMethodService.onStartInput():1808 
08-04 11:30:05.198 19767 19780 I art     : Explicit concurrent mark sweep GC freed 1865(734KB) AllocSpace objects, 10(192KB) LOS objects, 26% free, 43MB/59MB, paused 436us total 20.295ms
08-04 11:30:05.206 19767 19780 I art     : Starting a blocking GC Explicit
08-04 11:30:05.226 19767 19780 I art     : Explicit concurrent mark sweep GC freed 292(6KB) AllocSpace objects, 1(4MB) LOS objects, 28% free, 39MB/55MB, paused 327us total 19.551ms
08-04 11:30:05.235 19767 19780 I art     : Starting a blocking GC Explicit
08-04 11:30:05.256 19767 19780 I art     : Explicit concurrent mark sweep GC freed 149(2560B) AllocSpace objects, 0(0B) LOS objects, 28% free, 39MB/55MB, paused 319us total 21.286ms
08-04 11:30:05.265 19767 19780 I art     : Starting a blocking GC Explicit
08-04 11:30:05.288 19767 19780 I art     : Explicit concurrent mark sweep GC freed 147(2496B) AllocSpace objects, 0(0B) LOS objects, 28% free, 39MB/55MB, paused 515us total 22.629ms
08-04 11:30:05.607 19767 19921 I art     : Starting a blocking GC Explicit
08-04 11:30:05.633 19767 19921 I art     : Explicit concurrent mark sweep GC freed 3069(119KB) AllocSpace objects, 2(40KB) LOS objects, 28% free, 39MB/55MB, paused 364us total 25.370ms
08-04 11:30:05.643 19767 19921 I art     : Starting a blocking GC Explicit
08-04 11:30:05.667 19767 19921 I art     : Explicit concurrent mark sweep GC freed 174(3KB) AllocSpace objects, 0(0B) LOS objects, 28% free, 39MB/55MB, paused 384us total 24.004ms
08-04 11:30:05.677 19767 19921 I art     : Starting a blocking GC Explicit
08-04 11:30:05.701 19767 19921 I art     : Explicit concurrent mark sweep GC freed 147(2496B) AllocSpace objects, 0(0B) LOS objects, 28% free, 39MB/55MB, paused 359us total 23.725ms
08-04 11:30:05.710 19767 19921 I art     : Starting a blocking GC Explicit
08-04 11:30:05.734 19767 19921 I art     : Explicit concurrent mark sweep GC freed 147(2496B) AllocSpace objects, 0(0B) LOS objects, 28% free, 39MB/55MB, paused 338us total 23.950ms
08-04 11:30:05.744 19767 19921 I art     : Starting a blocking GC Explicit
08-04 11:30:05.768 19767 19921 I art     : Explicit concurrent mark sweep GC freed 147(2496B) AllocSpace objects, 0(0B) LOS objects, 28% free, 39MB/55MB, paused 351us total 23.577ms
08-04 11:30:06.105 19767 19779 I art     : Starting a blocking GC Explicit
08-04 11:30:06.133 19767 19779 I art     : Explicit concurrent mark sweep GC freed 3230(124KB) AllocSpace objects, 2(40KB) LOS objects, 28% free, 39MB/55MB, paused 363us total 27.646ms
08-04 11:30:06.144 19767 19779 I art     : Starting a blocking GC Explicit
08-04 11:30:06.168 19767 19779 I art     : Explicit concurrent mark sweep GC freed 178(3KB) AllocSpace objects, 0(0B) LOS objects, 28% free, 39MB/55MB, paused 354us total 23.574ms
08-04 11:30:06.178 19767 19779 I art     : Starting a blocking GC Explicit
08-04 11:30:06.201 19767 19779 I art     : Explicit concurrent mark sweep GC freed 151(2624B) AllocSpace objects, 0(0B) LOS objects, 28% free, 39MB/55MB, paused 355us total 22.927ms
08-04 11:30:06.211 19767 19779 I art     : Starting a blocking GC Explicit
08-04 11:30:06.234 19767 19779 I art     : Explicit concurrent mark sweep GC freed 151(2624B) AllocSpace objects, 0(0B) LOS objects, 28% free, 39MB/55MB, paused 344us total 22.822ms
08-04 11:30:06.243 19767 19779 I art     : Starting a blocking GC Explicit
08-04 11:30:06.266 19767 19779 I art     : Explicit concurrent mark sweep GC freed 151(2624B) AllocSpace objects, 0(0B) LOS objects, 28% free, 39MB/55MB, paused 374us total 22.978ms
08-04 11:30:06.627 19767 19779 I art     : Starting a blocking GC Explicit
08-04 11:30:06.656 19767 19779 I art     : Explicit concurrent mark sweep GC freed 3295(126KB) AllocSpace objects, 2(40KB) LOS objects, 28% free, 39MB/55MB, paused 642us total 28.431ms
08-04 11:30:06.666 19767 19779 I art     : Starting a blocking GC Explicit
08-04 11:30:06.691 19767 19779 I art     : Explicit concurrent mark sweep GC freed 243(4KB) AllocSpace objects, 0(0B) LOS objects, 28% free, 39MB/55MB, paused 368us total 24.765ms
08-04 11:30:06.700 19767 19779 I art     : Starting a blocking GC Explicit
08-04 11:30:06.725 19767 19779 I art     : Explicit concurrent mark sweep GC freed 147(2496B) AllocSpace objects, 0(0B) LOS objects, 28% free, 39MB/55MB, paused 464us total 24.180ms
08-04 11:30:06.734 19767 19779 I art     : Starting a blocking GC Explicit
08-04 11:30:06.758 19767 19779 I art     : Explicit concurrent mark sweep GC freed 159(3KB) AllocSpace objects, 0(0B) LOS objects, 28% free, 39MB/55MB, paused 355us total 23.753ms
08-04 11:30:06.768 19767 19779 I art     : Starting a blocking GC Explicit
08-04 11:30:06.791 19767 19779 I art     : Explicit concurrent mark sweep GC freed 163(3KB) AllocSpace objects, 0(0B) LOS objects, 28% free, 39MB/55MB, paused 345us total 23.369ms
08-04 11:30:07.163 19767 19780 I art     : Starting a blocking GC Explicit
08-04 11:30:07.187 19767 19780 I art     : Explicit concurrent mark sweep GC freed 3284(121KB) AllocSpace objects, 2(40KB) LOS objects, 28% free, 39MB/55MB, paused 379us total 23.547ms
08-04 11:30:07.196 19767 19780 I art     : Starting a blocking GC Explicit
08-04 11:30:07.219 19767 19780 I art     : Explicit concurrent mark sweep GC freed 174(3KB) AllocSpace objects, 0(0B) LOS objects, 28% free, 39MB/55MB, paused 373us total 22.797ms
08-04 11:30:07.229 19767 19780 I art     : Starting a blocking GC Explicit
08-04 11:30:07.252 19767 19780 I art     : Explicit concurrent mark sweep GC freed 147(2496B) AllocSpace objects, 0(0B) LOS objects, 28% free, 39MB/55MB, paused 357us total 22.912ms
08-04 11:30:07.261 19767 19780 I art     : Starting a blocking GC Explicit
08-04 11:30:07.285 19767 19780 I art     : Explicit concurrent mark sweep GC freed 147(2496B) AllocSpace objects, 0(0B) LOS objects, 28% free, 39MB/55MB, paused 371us total 24.117ms
08-04 11:30:07.295 19767 19780 I art     : Starting a blocking GC Explicit
08-04 11:30:07.319 19767 19780 I art     : Explicit concurrent mark sweep GC freed 147(2496B) AllocSpace objects, 0(0B) LOS objects, 28% free, 39MB/55MB, paused 354us total 23.674ms
08-04 11:30:07.671 19767 19921 I art     : Starting a blocking GC Explicit
08-04 11:30:07.696 19767 19921 I art     : Explicit concurrent mark sweep GC freed 3292(127KB) AllocSpace objects, 2(40KB) LOS objects, 28% free, 39MB/55MB, paused 356us total 24.458ms
08-04 11:30:07.706 19767 19921 I art     : Starting a blocking GC Explicit
08-04 11:30:07.731 19767 19921 I art     : Explicit concurrent mark sweep GC freed 174(3KB) AllocSpace objects, 0(0B) LOS objects, 28% free, 39MB/55MB, paused 360us total 24.901ms
08-04 11:30:07.741 19767 19921 I art     : Starting a blocking GC Explicit
08-04 11:30:07.765 19767 19921 I art     : Explicit concurrent mark sweep GC freed 148(2528B) AllocSpace objects, 0(0B) LOS objects, 28% free, 39MB/55MB, paused 370us total 23.997ms
08-04 11:30:07.774 19767 19921 I art     : Starting a blocking GC Explicit
08-04 11:30:07.799 19767 19921 I art     : Explicit concurrent mark sweep GC freed 147(2496B) AllocSpace objects, 0(0B) LOS objects, 28% free, 39MB/55MB, paused 391us total 24.122ms
08-04 11:30:07.808 19767 19921 I art     : Starting a blocking GC Explicit
08-04 11:30:07.833 19767 19921 I art     : Explicit concurrent mark sweep GC freed 147(2496B) AllocSpace objects, 0(0B) LOS objects, 28% free, 39MB/55MB, paused 366us total 24.696ms
08-04 11:30:08.171 19767 19828 I art     : Starting a blocking GC Explicit
08-04 11:30:08.197 19767 19828 I art     : Explicit concurrent mark sweep GC freed 3217(124KB) AllocSpace objects, 2(40KB) LOS objects, 28% free, 39MB/55MB, paused 402us total 25.716ms
08-04 11:30:08.208 19767 19828 I art     : Starting a blocking GC Explicit
08-04 11:30:08.232 19767 19828 I art     : Explicit concurrent mark sweep GC freed 175(3KB) AllocSpace objects, 0(0B) LOS objects, 28% free, 39MB/55MB, paused 370us total 23.934ms
08-04 11:30:08.241 19767 19828 I art     : Starting a blocking GC Explicit
08-04 11:30:08.266 19767 19828 I art     : Explicit concurrent mark sweep GC freed 147(2496B) AllocSpace objects, 0(0B) LOS objects, 28% free, 39MB/55MB, paused 373us total 24.004ms
08-04 11:30:08.275 19767 19828 I art     : Starting a blocking GC Explicit
08-04 11:30:08.301 19767 19828 I art     : Explicit concurrent mark sweep GC freed 147(2496B) AllocSpace objects, 0(0B) LOS objects, 28% free, 39MB/55MB, paused 360us total 25.126ms
08-04 11:30:08.311 19767 19828 I art     : Starting a blocking GC Explicit
08-04 11:30:08.335 19767 19828 I art     : Explicit concurrent mark sweep GC freed 147(2496B) AllocSpace objects, 0(0B) LOS objects, 28% free, 39MB/55MB, paused 370us total 24.557ms
08-04 11:30:08.620 19767 19779 I art     : Starting a blocking GC Explicit
08-04 11:30:08.645 19767 19779 I art     : Explicit concurrent mark sweep GC freed 2998(117KB) AllocSpace objects, 2(40KB) LOS objects, 28% free, 39MB/55MB, paused 369us total 24.730ms
08-04 11:30:08.655 19767 19779 I art     : Starting a blocking GC Explicit
08-04 11:30:08.680 19767 19779 I art     : Explicit concurrent mark sweep GC freed 173(3KB) AllocSpace objects, 0(0B) LOS objects, 28% free, 39MB/55MB, paused 377us total 24.662ms
08-04 11:30:08.690 19767 19779 I art     : Starting a blocking GC Explicit
08-04 11:30:08.713 19767 19779 I art     : Explicit concurrent mark sweep GC freed 148(2528B) AllocSpace objects, 0(0B) LOS objects, 28% free, 39MB/55MB, paused 381us total 23.167ms
08-04 11:30:08.722 19767 19779 I art     : Starting a blocking GC Explicit
08-04 11:30:08.745 19767 19779 I art     : Explicit concurrent mark sweep GC freed 146(2464B) AllocSpace objects, 0(0B) LOS objects, 28% free, 39MB/55MB, paused 380us total 22.630ms
08-04 11:30:08.754 19767 19779 I art     : Starting a blocking GC Explicit
08-04 11:30:08.777 19767 19779 I art     : Explicit concurrent mark sweep GC freed 147(2496B) AllocSpace objects, 0(0B) LOS objects, 28% free, 39MB/55MB, paused 427us total 22.491ms
08-04 11:30:08.788 20254 20254 D AndroidRuntime: >>>>>> START com.android.internal.os.RuntimeInit uid 2000 <<<<<<
08-04 11:30:08.792 20254 20254 D AndroidRuntime: CheckJNI is OFF
08-04 11:30:08.816 20254 20254 D ICU     : No timezone override file found: /data/misc/zoneinfo/current/icu/icu_tzdata.dat
08-04 11:30:08.840 20254 20254 I Radio-JNI: register_android_hardware_Radio DONE
08-04 11:30:08.857 20254 20254 D AndroidRuntime: Calling main entry com.android.commands.input.Input
08-04 11:30:08.858 20254 20254 I Input   : injectKeyEvent: KeyEvent { action=ACTION_DOWN, keyCode=KEYCODE_BACK, scanCode=0, metaState=0, flags=0x0, repeatCount=0, eventTime=703825271, downTime=703825271, deviceId=-1, source=0x101 }
08-04 11:30:08.865 20254 20254 I Input   : injectKeyEvent: KeyEvent { action=ACTION_UP, keyCode=KEYCODE_BACK, scanCode=0, metaState=0, flags=0x0, repeatCount=0, eventTime=703825271, downTime=703825271, deviceId=-1, source=0x101 }
08-04 11:30:08.869 19767 19767 D NappaLifecycleObserver: nappagreedy.io.github.project_travel_mate.destinations.description.CityHistoryActivity - onPause
08-04 11:30:08.869 20254 20254 D AndroidRuntime: Shutting down VM
08-04 11:30:08.869 19767 19767 D Nappa   : Stayed on nappagreedy.io.github.project_travel_mate.destinations.description.CityHistoryActivity for 4450 ms
08-04 11:30:08.876 19767 19767 D NappaLifecycleObserver: nappagreedy.io.github.project_travel_mate.destinations.description.FinalCityInfoActivity - onResume
08-04 11:30:08.876 19767 19767 D Nappa   : setCurrentActivity - MetricStrategyAccuracy - 
08-04 11:30:08.876 19767 19767 D Nappa   : madePredictionFromActivity = true, 
08-04 11:30:08.876 19767 19767 D Nappa   : fromActivity = nappagreedy.io.github.project_travel_mate.destinations.description.CityHistoryActivity, 
08-04 11:30:08.876 19767 19767 D Nappa   : predictedNextActivityFromActivity = [], 
08-04 11:30:08.876 19767 19767 D Nappa   : activity.getClass().getCanonicalName() = nappagreedy.io.github.project_travel_mate.destinations.description.FinalCityInfoActivity, 
08-04 11:30:08.876 19767 19767 D Nappa   : setCurrentActivity - MetricStrategyAccuracy - 
08-04 11:30:08.876 19767 19767 D Nappa   : madePredictionFromExtra = false, 
08-04 11:30:08.876 19767 19767 D Nappa   : fromActivity = nappagreedy.io.github.project_travel_mate.destinations.description.CityHistoryActivity, 
08-04 11:30:08.876 19767 19767 D Nappa   : predictedNextActivityFromExtra = [], 
08-04 11:30:08.876 19767 19767 D Nappa   : activity.getClass().getCanonicalName() = nappagreedy.io.github.project_travel_mate.destinations.description.FinalCityInfoActivity, 
08-04 11:30:08.876 19767 19767 D Nappa   : PREFETCH_ON_EXTRA - setCurrentActivity - logs - from activity - made prediction istrue
08-04 11:30:08.877 19767 19767 D Nappa   : PREFETCH_ON_EXTRA - setCurrentActivity - logs - from activity - start
08-04 11:30:08.877 19767 19767 I NAPPA_EXPERIMENTATION: MetricStrategyAccuracy: LOG_ID='4',EXECUTION_COUNT='4',CASES_COUNT='4',HIT_PERCENTAGE_TOTAL='25.0',HIT_PERCENTAGE_WHEN_PREDICTED='100.0',HIT_COUNT='1',MISS_COUNT='0',INSUFFICIENT_SCORE_COUNT='2',EXCEPTION_COUNT='0',NO_SUCCESSOR_COUNT='1',
08-04 11:30:08.877 19767 19767 D Nappa   : PREFETCH_ON_EXTRA - setCurrentActivity - logs - from activity- finished
08-04 11:30:08.977 19767 19767 D Nappa   : registerActivity: (already in) nappagreedy.io.github.project_travel_mate.destinations.description.FinalCityInfoActivity
08-04 11:30:08.977 19767 19767 D ActivityGraph: LARDataCalculatedUpdate nappagreedy.io.github.project_travel_mate.destinations.description.FinalCityInfoActivity Pagerank: 0.25 HITS-Authority: 1.0 HITS-Hub: 1.0 SALSA-Authority: 1.0 SALSA-Hub: 1.0
08-04 11:30:08.977 19767 19767 D Nappa   : SHOULD_PREFETCH false
08-04 11:30:08.977 19767 19767 D Nappa   : STATS Number of requests not prefetched: 6
08-04 11:30:08.977 19767 19767 D Nappa   : STATS Number of requests prefetched: 0
08-04 11:30:08.977 19767 19767 D Nappa   : STATS Time saved until now: 0.0
08-04 11:30:09.012 13866 13866 I GoogleInputMethodServic: GoogleInputMethodService.onFinishInput():3138 
08-04 11:30:09.013 13866 13866 I GoogleInputMethodServic: GoogleInputMethodService.onStartInput():1808 
08-04 11:30:09.031 19767 19767 D ActivityNode: Observer - visit time - CityHistoryActivity - New aggregate visit time found is 58658 ms
08-04 11:30:09.052 19767 19921 I art     : Starting a blocking GC Explicit
08-04 11:30:09.075 19767 19921 I art     : Explicit concurrent mark sweep GC freed 2916(142KB) AllocSpace objects, 2(40KB) LOS objects, 28% free, 39MB/55MB, paused 336us total 22.278ms
08-04 11:30:09.085 19767 19921 I art     : Starting a blocking GC Explicit
08-04 11:30:09.106 19767 19921 I art     : Explicit concurrent mark sweep GC freed 308(9KB) AllocSpace objects, 0(0B) LOS objects, 28% free, 39MB/55MB, paused 463us total 20.795ms
08-04 11:30:09.115 19767 19921 I art     : Starting a blocking GC Explicit
08-04 11:30:09.138 19767 19921 I art     : Explicit concurrent mark sweep GC freed 130(2224B) AllocSpace objects, 0(0B) LOS objects, 28% free, 39MB/55MB, paused 401us total 23.110ms
08-04 11:30:09.150 19767 19921 I art     : Starting a blocking GC Explicit
08-04 11:30:09.176 19767 19921 I art     : Explicit concurrent mark sweep GC freed 219(3KB) AllocSpace objects, 0(0B) LOS objects, 28% free, 39MB/55MB, paused 420us total 26.111ms
08-04 11:30:09.189 19767 19921 I art     : Starting a blocking GC Explicit
08-04 11:30:09.218 19767 19921 I art     : Explicit concurrent mark sweep GC freed 146(2464B) AllocSpace objects, 0(0B) LOS objects, 28% free, 39MB/55MB, paused 405us total 28.766ms
08-04 11:30:09.277 19767 19784 D Nappa   : PREFETCH_ON_EXTRA - setCurrentActivity - logs - from extra - made prediction isfalse
08-04 11:30:09.323 19767 19767 D NappaLifecycleObserver: nappagreedy.io.github.project_travel_mate.destinations.description.CityHistoryActivity - onDestroy
08-04 11:30:09.323 19767 19767 D NappaLifecycleObserver: -------------F1_SCORE #7 -----------
08-04 11:30:09.323 19767 19767 D NappaLifecycleObserver: F1_SCORE - Intercept list (6)= [https://project-travel-mate.herokuapp.com/api/get-user, https://project-travel-mate.herokuapp.com/api/get-all-cities/10, https://project-travel-mate.herokuapp.com/api/number-of-unread-notifications, https://project-travel-mate.herokuapp.com/api/get-city-weather/1, https://project-travel-mate.herokuapp.com/api/get-city/1, https://project-travel-mate.herokuapp.com/api/get-city-information/1]
08-04 11:30:09.323 19767 19767 D NappaLifecycleObserver: F1_SCORE - Prefetch list (0)= []
08-04 11:30:09.323 19767 19767 D NappaLifecycleObserver: F1_SCORE - TP list (0)= []
08-04 11:30:09.323 19767 19767 D NappaLifecycleObserver: F1_SCORE - FN list (6)= [https://project-travel-mate.herokuapp.com/api/get-user, https://project-travel-mate.herokuapp.com/api/get-all-cities/10, https://project-travel-mate.herokuapp.com/api/number-of-unread-notifications, https://project-travel-mate.herokuapp.com/api/get-city-weather/1, https://project-travel-mate.herokuapp.com/api/get-city/1, https://project-travel-mate.herokuapp.com/api/get-city-information/1]
08-04 11:30:09.323 19767 19767 I NAPPA_EXPERIMENTATION: MetricPrefetchingAccuracy: LOG_ID='8',F1_SCORE_1='0.0',F1_SCORE_2='0.0',TRUE_POSITIVE='0',FALSE_POSITIVE='0',FALSE_NEGATIVE='6',
08-04 11:30:09.323   380   380 W SurfaceFlinger: couldn't log to binary event log: overflow.
08-04 11:30:09.500 19767 19828 I art     : Starting a blocking GC Explicit
