--------- beginning of main
08-06 17:28:57.954  3784  3784 D CarrierServiceBindHelper: Receive action: android.intent.action.PACKAGE_REMOVED
08-06 17:28:57.978 12162 12162 I Finsky  : [1] uah.a(18): PackageMonitorReceiverImpl - Received: android.intent.action.PACKAGE_REMOVED, [ocpw8ddNLhG67i_cxGNvtEQwqY1k5QNC_my-vN553D4]
08-06 17:28:57.978   918   928 I AccountManagerService: getTypesVisibleToCaller: isPermitted? true
08-06 17:28:57.985 24365 31828 I Fitness : FitCleanupIntentOperation received Intent android.intent.action.PACKAGE_REMOVED [CONTEXT service_id=17 ]
08-06 17:28:57.996 12162 12162 I Finsky  : [1] ubi.d(9): Invalidating cached PackageState for baseline.org.quantumbadger.redreader
08-06 17:28:58.012  3784  3784 D CarrierServiceBindHelper: Receive action: android.intent.action.PACKAGE_ADDED
08-06 17:28:58.013  3784  3784 D CarrierServiceBindHelper: Receive action: android.intent.action.PACKAGE_REPLACED
08-06 17:28:58.013  3784  3784 D CarrierServiceBindHelper: mHandler: 3
08-06 17:28:58.013  3784  3784 D CarrierServiceBindHelper: mHandler: 3
08-06 17:28:58.013  3784  3784 D CarrierServiceBindHelper: mHandler: 3
08-06 17:28:58.014  3784  3784 D CarrierConfigLoader: mHandler: 9 phoneId: 0
08-06 17:28:58.033   918  6110 I AccountManagerService: getTypesVisibleToCaller: isPermitted? true
08-06 17:28:58.037 12162 12162 I Finsky  : [1] lzi.c(2): Frosting ID looked up on UI thread. Caller should move to a background thread.
08-06 17:28:58.043 12162 12162 I Finsky  : [1] nqb.c(3): Installer: package baseline.org.quantumbadger.redreader was removed. replacing: true
08-06 17:28:58.044 12162 12162 I Finsky  : [1] nra.a(188): Installer: Notifying status update. package=baseline.org.quantumbadger.redreader, status=UNINSTALLED
08-06 17:28:58.065 12162 12162 I Finsky  : [1] lzi.c(2): Frosting ID looked up on UI thread. Caller should move to a background thread.
08-06 17:28:58.094 12162 31840 I Finsky  : [6929] ejf.a(-1): Cancelled 0 ongoing asset module downloads for package baseline.org.quantumbadger.redreader due to a concurrent app update.
08-06 17:28:58.095 12162 12162 I Finsky  : [1] nra.a(220): Installer: found apps to install. isMultiUserMode=false, apps=[]
08-06 17:28:58.130 24577 31836 I Auth    : [SupervisedAccountIntentOperation] onHandleIntent(): android.intent.action.PACKAGE_ADDED
08-06 17:28:58.130 24577 31832 I ChromeSync: [Sync,SyncIntentOperation] Handling the intent: Intent { act=android.intent.action.PACKAGE_ADDED dat=package:baseline.org.quantumbadger.redreader flg=0x4000010 cmp=com.google.android.gms/.chimera.GmsIntentOperationService (has extras) }.
--------- beginning of system
08-06 17:28:58.137   918  5481 W ActivityManager: Unable to start service Intent { act=com.google.android.gms.auth.key.retrieval.service.START pkg=com.google.android.gms } U=0: not found
08-06 17:28:58.158 12162 12162 I Finsky  : [1] uah.a(18): PackageMonitorReceiverImpl - Received: android.intent.action.PACKAGE_ADDED, [ocpw8ddNLhG67i_cxGNvtEQwqY1k5QNC_my-vN553D4]
08-06 17:28:58.158 12162 12162 I Finsky  : [1] ubi.d(9): Invalidating cached PackageState for baseline.org.quantumbadger.redreader
08-06 17:28:58.206 12162 12162 I Finsky  : [1] lzi.c(2): Frosting ID looked up on UI thread. Caller should move to a background thread.
08-06 17:28:58.244   918  3670 W ActivityManager: Unbind failed: could not find connection for android.os.BinderProxy@7b25151
08-06 17:28:58.248 12162 12162 I Finsky  : [1] agsx.a(4): Do not start WearSupportService due to Wear service optimization
08-06 17:28:58.250 24577 24621 E GmsClient: unable to connect to service: com.google.android.gms.auth.key.retrieval.service.START on com.google.android.gms
08-06 17:28:58.252 12162 31840 I Finsky  : [6929] ejc.a(-1): Asset module broadcast after update successful for package baseline.org.quantumbadger.redreader. 0 sessions broadcast.
08-06 17:28:58.256 12162 12162 I Finsky  : [1] lzi.c(2): Frosting ID looked up on UI thread. Caller should move to a background thread.
08-06 17:28:58.258 12162 12269 I Finsky  : [6285] odj.b(52): IQ: Notifying installation update. package=baseline.org.quantumbadger.redreader, status=UNINSTALLED
08-06 17:28:58.292 12162 31838 I Finsky  : [6927] lyv.run(-1): Wrote row to frosting DB: 3436
08-06 17:28:58.313   918  5952 I AccountManagerService: getTypesVisibleToCaller: isPermitted? true
08-06 17:28:58.330 12162 31839 I Finsky  : [6928] gzn.a(-1): [ContentSync] finished, scheduled=false
08-06 17:28:58.339 12162 12269 I Finsky  : [6285] odj.b(40): IQ: No matching installs to run for jobs: []
08-06 17:28:58.341 12162 31838 I Finsky  : [6927] lyv.run(-1): Wrote row to frosting DB: 3437
08-06 17:28:58.412   918   928 I AccountManagerService: getTypesVisibleToCaller: isPermitted? true
08-06 17:28:58.420 24577 31832 I ChromeSync: [Persistence,AffiliationManager] One of affiliation or grouping data for android://bz0hZa4nAJEtd0n5sRlXG7KAqctUMWVefv7Ki4mh1p6slZ9YO-n9gS9j8m9YCrsIyI2wIxrDHraumF9Y6pBLTA==@baseline.org.quantumbadger.redreader/ was not found. Marking affiliation data as stale...
08-06 17:28:58.422 12162 12162 I Finsky  : [1] xmu.a(8): SCH: Jobs in database: 1-1337 3-225 3-226 12-1 24-77777777 26-1414141414 
08-06 17:28:58.424 12162 12162 I Finsky  : [1] xio.a(57): SCH: ConstraintMapping: 24-77777777,  -> L: 0ms, D: 13272503ms, C: false, I: true, N: 0
08-06 17:28:58.425 12162 12162 I Finsky  : [1] xio.a(57): SCH: ConstraintMapping: 1-1337, 12-1,  -> L: 14641ms, D: 59814488ms, C: false, I: false, N: 1
08-06 17:28:58.425 12162 12162 I Finsky  : [1] xio.a(57): SCH: ConstraintMapping: 3-225,  -> L: 0ms, D: 56398432ms, C: false, I: true, N: 2
08-06 17:28:58.425 12162 12162 I Finsky  : [1] xio.a(57): SCH: ConstraintMapping: 3-226,  -> L: 0ms, D: 56398475ms, C: true, I: true, N: 2
08-06 17:28:58.426 12162 12162 I Finsky  : [1] xio.a(57): SCH: ConstraintMapping: 26-1414141414,  -> L: 21395876ms, D: 22295876ms, C: false, I: false, N: 0
08-06 17:28:58.428 12162 31839 I Finsky  : [6928] gzn.a(-1): [ContentSync] finished, scheduled=true
08-06 17:28:58.492 12162 12162 I Finsky  : [1] xle.a(34): Cancelling existing jobscheduler jobs: 9015 9010 9009 9000 9002 9006 9005 9003 9004 9008 
08-06 17:28:58.492 12162 12162 I Finsky  : [1] xle.a(27): Scheduling job Id: 9001, L: 0, D: 13272503, C: false, I: true, N: 0
08-06 17:28:58.505 12162 31838 I Finsky  : [6927] lyv.run(-1): Wrote row to frosting DB: 3438
08-06 17:28:58.509 12162 12162 I Finsky  : [1] xle.a(27): Scheduling job Id: 9007, L: 14641, D: 59814488, C: false, I: false, N: 1
08-06 17:28:58.511 12162 12162 I Finsky  : [1] xle.a(27): Scheduling job Id: 9011, L: 0, D: 56398432, C: false, I: true, N: 2
08-06 17:28:58.517 12162 12162 I Finsky  : [1] xle.a(27): Scheduling job Id: 9012, L: 0, D: 56398475, C: true, I: true, N: 2
08-06 17:28:58.520 12162 12162 I Finsky  : [1] xle.a(27): Scheduling job Id: 9013, L: 21395876, D: 22295876, C: false, I: false, N: 0
08-06 17:28:58.521   918   929 I AccountManagerService: getTypesVisibleToCaller: isPermitted? true
08-06 17:28:58.525 12162 12162 I Finsky  : [1] xle.a(27): Scheduling job Id: 9014, L: 0, D: 13272503, C: false, I: true, N: 0
08-06 17:28:58.528 12162 12162 I Finsky  : [1] xle.a(27): Scheduling job Id: 9016, L: 14641, D: 59814488, C: false, I: false, N: 1
08-06 17:28:58.530 12162 12162 I Finsky  : [1] xle.a(27): Scheduling job Id: 9017, L: 0, D: 56398432, C: false, I: true, N: 2
08-06 17:28:58.532 12162 12162 I Finsky  : [1] xle.a(27): Scheduling job Id: 9018, L: 0, D: 56398475, C: true, I: true, N: 2
08-06 17:28:58.533 12162 12162 I Finsky  : [1] xle.a(27): Scheduling job Id: 9019, L: 21395876, D: 22295876, C: false, I: false, N: 0
08-06 17:28:58.541 31852 31852 D AndroidRuntime: >>>>>> START com.android.internal.os.RuntimeInit uid 2000 <<<<<<
08-06 17:28:58.544 31852 31852 D AndroidRuntime: CheckJNI is OFF
08-06 17:28:58.569 31852 31852 D ICU     : No timezone override file found: /data/misc/zoneinfo/current/icu/icu_tzdata.dat
08-06 17:28:58.577 12162 31838 I Finsky  : [6927] lyv.run(-1): Wrote row to frosting DB: 3439
08-06 17:28:58.600 31852 31852 I Radio-JNI: register_android_hardware_Radio DONE
08-06 17:28:58.616 31852 31852 D AndroidRuntime: Calling main entry com.android.commands.monkey.Monkey
08-06 17:28:58.633   918   931 W BroadcastQueue: Skipping deliver [background] BroadcastRecord{3027cf2 u-1 android.net.conn.CONNECTIVITY_CHANGE} to ReceiverList{f4d1f43 31852 (unknown name)/2000/u-1 remote:a1e5c54}: process crashing
08-06 17:28:58.646   918   928 I ActivityManager: START u0 {act=android.intent.action.MAIN cat=[android.intent.category.LAUNCHER] flg=0x10200000 cmp=baseline.org.quantumbadger.redreader/.activities.MainActivity} from uid 2000 on display 0
08-06 17:28:58.665 31869 31869 I art     : Late-enabling -Xcheck:jni
08-06 17:28:58.666   918  3696 I ActivityManager: Start proc 31869:baseline.org.quantumbadger.redreader/u0a705 for activity baseline.org.quantumbadger.redreader/.activities.MainActivity
08-06 17:28:58.674 31852 31852 I art     : System.exit called, status: 0
08-06 17:28:58.674 31852 31852 I AndroidRuntime: VM exiting with result code 0.
08-06 17:28:58.700 24577 13316 I Icing   : IndexChimeraService.getServiceInterface callingPackage=com.google.android.gms componentName=AppsCorpus serviceId=36
08-06 17:28:58.707 31869 31869 W System  : ClassLoader referenced unknown path: /data/app/baseline.org.quantumbadger.redreader-1/lib/arm64
08-06 17:28:58.720 31869 31869 I RedReader: Application created.
08-06 17:28:58.724 24577  8148 W Icing   : No valid account for uploading user actions
08-06 17:28:58.727 31869 31886 I RedditChangeDataIO: Running initial read...
08-06 17:28:58.736 31869 31869 I RedReader: Checking for new messages.
08-06 17:28:58.737 31869 31886 I RedditChangeDataIO: Data file at '/data/user/0/baseline.org.quantumbadger.redreader/files/rr_change_data.dat'
08-06 17:28:58.738 31869 31886 I RedditChangeDataIO: Data file does not exist. Aborting read.
08-06 17:28:58.738 31869 31886 I RedditChangeDataManager: Pruning for all users...
08-06 17:28:58.742 31869 31886 I RedditChangeDataManager: Pruning complete.
08-06 17:28:58.754 26121 10711 I PBSessionCacheImpl: Deleted sessionId[114882969641334449] from persistence.
08-06 17:28:58.760 26121 26151 W SearchServiceCore: Abort, client detached.
08-06 17:28:58.760 24577 13316 I Icing   : IndexChimeraService.getServiceInterface callingPackage=com.google.android.gms componentName=null serviceId=30
08-06 17:28:58.760 26121 26151 I MicroDetectionState: Should stop hotword detection immediately - true
08-06 17:28:58.822 31869 31869 W art     : Before Android 4.1, method android.graphics.PorterDuffColorFilter androidx.vectordrawable.graphics.drawable.VectorDrawableCompat.updateTintFilter(android.graphics.PorterDuffColorFilter, android.content.res.ColorStateList, android.graphics.PorterDuff$Mode) would have incorrectly overridden the package-private method in android.graphics.drawable.Drawable
08-06 17:28:58.825 24577  8148 I Icing   : Usage reports ok 2, Failed Usage reports 0, indexed 0, rejected 0
08-06 17:28:58.827 24577  8148 W Icing   : No valid account for uploading user actions
08-06 17:28:58.847 31869 31885 I CacheManager: Pruning 108 files
08-06 17:28:58.849 24577  8148 I Icing   : Usage reports ok 0, Failed Usage reports 0, indexed 0, rejected 0
08-06 17:28:58.850 24577  8148 I Icing   : Indexing com.google.android.gms-internal.3p:MobileApplication from com.google.android.gms using seqno 763
08-06 17:28:58.853 24577  8148 I Icing   : Indexing com.google.android.gms-internal.3p:MobileApplication from com.google.android.gms using seqno 763
08-06 17:28:58.856 31869 31869 I art     : Rejecting re-init on previously-failed class java.lang.Class<androidx.core.view.ViewCompat$2>
08-06 17:28:58.856 31869 31869 I art     : Rejecting re-init on previously-failed class java.lang.Class<androidx.core.view.ViewCompat$2>
08-06 17:28:58.864 31869 31869 I AppCompatViewInflater: app:theme is now deprecated. Please move to using android:theme instead.
08-06 17:28:58.904 25638 25638 I ServiceManager: Waiting for service AtCmdFwd...
08-06 17:28:58.963 24577 13316 I Icing   : IndexChimeraService.getServiceInterface callingPackage=com.google.android.gms componentName=null serviceId=36
08-06 17:28:58.970 24577  8148 W Icing   : No valid account for uploading user actions
08-06 17:28:59.048 24577  8148 I Icing   : Usage reports ok 0, Failed Usage reports 0, indexed 0, rejected 0
08-06 17:28:59.075 31869 31869 I RawObjectDB query string: CREATE TABLE objects(RawObjectDB_id TEXT PRIMARY KEY ON CONFLICT REPLACE,RawObjectDB_timestamp INTEGER,serialised TEXT)
08-06 17:28:59.128 31869 31869 I RawObjectDB query string: CREATE TABLE objects(RawObjectDB_id TEXT PRIMARY KEY ON CONFLICT REPLACE,RawObjectDB_timestamp INTEGER,serialised TEXT)
08-06 17:28:59.213 31869 31888 D OpenGLRenderer: Use EGL_SWAP_BEHAVIOR_PRESERVED: true
08-06 17:28:59.266 31869 31888 I Adreno  : QUALCOMM build                   : fcf4852, I1af360237c
08-06 17:28:59.266 31869 31888 I Adreno  : Build Date                       : 09/23/15
08-06 17:28:59.266 31869 31888 I Adreno  : OpenGL ES Shader Compiler Version: XE031.05.13.02
08-06 17:28:59.266 31869 31888 I Adreno  : Local Branch                     : mybranch14465806
08-06 17:28:59.266 31869 31888 I Adreno  : Remote Branch                    : quic/LA.BF64.1.2.9_v2
08-06 17:28:59.266 31869 31888 I Adreno  : Remote Branch                    : NONE
08-06 17:28:59.266 31869 31888 I Adreno  : Reconstruct Branch               : NOTHING
08-06 17:28:59.277 31869 31888 I OpenGLRenderer: Initialized EGL, version 1.4
08-06 17:28:59.627   918   936 I ActivityManager: Displayed baseline.org.quantumbadger.redreader/.activities.MainActivity: +976ms
08-06 17:28:59.828 24577  8148 I Icing   : Indexing com.google.android.gms-apps from com.google.android.gms
08-06 17:28:59.905 25638 25638 I ServiceManager: Waiting for service AtCmdFwd...
08-06 17:28:59.911 24577  8148 I Icing   : Indexing done com.google.android.gms-apps
08-06 17:28:59.962 24577  8148 I Icing   : Indexing com.google.android.gms-apps from com.google.android.gms
08-06 17:28:59.964 24577  8148 I Icing   : Indexing done com.google.android.gms-apps
08-06 17:29:00.215 31904 31904 D AndroidRuntime: >>>>>> START com.android.internal.os.RuntimeInit uid 2000 <<<<<<
08-06 17:29:00.220 31904 31904 D AndroidRuntime: CheckJNI is OFF
08-06 17:29:00.231   518   646 I ThermalEngine: ACTION: GPU - Setting GPU[0] to 510000000
08-06 17:29:00.256 31904 31904 D ICU     : No timezone override file found: /data/misc/zoneinfo/current/icu/icu_tzdata.dat
08-06 17:29:00.295 31904 31904 I Radio-JNI: register_android_hardware_Radio DONE
08-06 17:29:00.316 31904 31904 D AndroidRuntime: Calling main entry com.android.commands.am.Am
08-06 17:29:00.322 26540 26540 I Trepn   : Trepn 6.2s: Received intent: com.quicinc.trepn.start_profiling
08-06 17:29:00.419 26540 26540 W FileUtils: Failed to chmod(/storage/emulated/0/trepn/Trepn_2020.08.06_172900.db): android.system.ErrnoException: chmod failed: EPERM (Operation not permitted)
08-06 17:29:00.510 26540 26540 I Trepn   : Trepn 6.2s: Trepn has Started Profiling.
08-06 17:29:00.511 31904 31904 D AndroidRuntime: Shutting down VM
08-06 17:29:00.906 25638 25638 W Atfwd_Sendcmd: AtCmdFwd service not published, waiting... retryCnt : 2
08-06 17:29:00.990 31869 31881 I art     : Starting a blocking GC Explicit
08-06 17:29:01.013 31869 31881 I art     : Explicit concurrent mark sweep GC freed 10498(1320KB) AllocSpace objects, 8(216KB) LOS objects, 40% free, 20MB/34MB, paused 154us total 22.232ms
08-06 17:29:01.026 31869 31881 I art     : Starting a blocking GC Explicit
08-06 17:29:01.042 31869 31881 I art     : Explicit concurrent mark sweep GC freed 1530(73KB) AllocSpace objects, 0(0B) LOS objects, 40% free, 20MB/34MB, paused 157us total 15.628ms
08-06 17:29:01.052 31869 31881 I art     : Starting a blocking GC Explicit
08-06 17:29:01.067 31869 31881 I art     : Explicit concurrent mark sweep GC freed 6(192B) AllocSpace objects, 0(0B) LOS objects, 40% free, 20MB/34MB, paused 195us total 14.835ms
08-06 17:29:01.080 31869 31881 I art     : Starting a blocking GC Explicit
08-06 17:29:01.095 31869 31881 I art     : Explicit concurrent mark sweep GC freed 7(224B) AllocSpace objects, 0(0B) LOS objects, 40% free, 20MB/34MB, paused 140us total 14.540ms
08-06 17:29:01.106 31869 31881 I art     : Starting a blocking GC Explicit
08-06 17:29:01.122 31869 31881 I art     : Explicit concurrent mark sweep GC freed 3(96B) AllocSpace objects, 0(0B) LOS objects, 40% free, 20MB/34MB, paused 177us total 15.158ms
08-06 17:29:01.446 31869 31882 I art     : Starting a blocking GC Explicit
08-06 17:29:01.466 31869 31882 I art     : Explicit concurrent mark sweep GC freed 1334(78KB) AllocSpace objects, 1(20KB) LOS objects, 40% free, 20MB/34MB, paused 184us total 19.731ms
08-06 17:29:01.479 31869 31882 I art     : Starting a blocking GC Explicit
08-06 17:29:01.494 31869 31882 I art     : Explicit concurrent mark sweep GC freed 20(704B) AllocSpace objects, 0(0B) LOS objects, 40% free, 20MB/34MB, paused 164us total 14.859ms
08-06 17:29:01.505 31869 31882 I art     : Starting a blocking GC Explicit
08-06 17:29:01.519 31869 31882 I art     : Explicit concurrent mark sweep GC freed 3(96B) AllocSpace objects, 0(0B) LOS objects, 40% free, 20MB/34MB, paused 157us total 13.786ms
08-06 17:29:01.530 31869 31882 I art     : Starting a blocking GC Explicit
08-06 17:29:01.543 31869 31882 I art     : Explicit concurrent mark sweep GC freed 3(96B) AllocSpace objects, 0(0B) LOS objects, 40% free, 20MB/34MB, paused 160us total 13.289ms
08-06 17:29:01.554 31869 31882 I art     : Starting a blocking GC Explicit
08-06 17:29:01.567 31869 31882 I art     : Explicit concurrent mark sweep GC freed 3(96B) AllocSpace objects, 0(0B) LOS objects, 40% free, 20MB/34MB, paused 195us total 13.328ms
08-06 17:29:01.872 31869 31893 I art     : Starting a blocking GC Explicit
08-06 17:29:01.895 31869 31893 I art     : Explicit concurrent mark sweep GC freed 1332(78KB) AllocSpace objects, 1(20KB) LOS objects, 40% free, 20MB/34MB, paused 175us total 23.044ms
08-06 17:29:01.911 31869 31893 I art     : Starting a blocking GC Explicit
08-06 17:29:01.925 31869 31893 I art     : Explicit concurrent mark sweep GC freed 20(704B) AllocSpace objects, 0(0B) LOS objects, 40% free, 20MB/34MB, paused 157us total 14.321ms
08-06 17:29:01.936 31869 31893 I art     : Starting a blocking GC Explicit
08-06 17:29:01.950 31869 31893 I art     : Explicit concurrent mark sweep GC freed 3(96B) AllocSpace objects, 0(0B) LOS objects, 40% free, 20MB/34MB, paused 154us total 13.422ms
08-06 17:29:01.960 31869 31893 I art     : Starting a blocking GC Explicit
08-06 17:29:01.974 31869 31893 I art     : Explicit concurrent mark sweep GC freed 3(96B) AllocSpace objects, 0(0B) LOS objects, 40% free, 20MB/34MB, paused 149us total 13.331ms
08-06 17:29:01.984 31869 31893 I art     : Starting a blocking GC Explicit
08-06 17:29:01.998 31869 31893 I art     : Explicit concurrent mark sweep GC freed 3(96B) AllocSpace objects, 0(0B) LOS objects, 40% free, 20MB/34MB, paused 148us total 13.567ms
08-06 17:29:02.300 31869 31881 I art     : Starting a blocking GC Explicit
08-06 17:29:02.319 31869 31881 I art     : Explicit concurrent mark sweep GC freed 1332(78KB) AllocSpace objects, 1(20KB) LOS objects, 40% free, 20MB/34MB, paused 156us total 18.757ms
08-06 17:29:02.330 31869 31881 I art     : Starting a blocking GC Explicit
08-06 17:29:02.343 31869 31881 I art     : Explicit concurrent mark sweep GC freed 20(704B) AllocSpace objects, 0(0B) LOS objects, 40% free, 20MB/34MB, paused 146us total 13.350ms
08-06 17:29:02.354 31869 31881 I art     : Starting a blocking GC Explicit
08-06 17:29:02.368 31869 31881 I art     : Explicit concurrent mark sweep GC freed 3(96B) AllocSpace objects, 0(0B) LOS objects, 40% free, 20MB/34MB, paused 145us total 13.420ms
08-06 17:29:02.378 31869 31881 I art     : Starting a blocking GC Explicit
08-06 17:29:02.391 31869 31881 I art     : Explicit concurrent mark sweep GC freed 3(96B) AllocSpace objects, 0(0B) LOS objects, 40% free, 20MB/34MB, paused 147us total 13.256ms
08-06 17:29:02.402 31869 31881 I art     : Starting a blocking GC Explicit
08-06 17:29:02.416 31869 31881 I art     : Explicit concurrent mark sweep GC freed 3(96B) AllocSpace objects, 0(0B) LOS objects, 40% free, 20MB/34MB, paused 137us total 13.711ms
08-06 17:29:02.687 31869 31882 I art     : Starting a blocking GC Explicit
08-06 17:29:02.702 31869 31882 I art     : Explicit concurrent mark sweep GC freed 1332(78KB) AllocSpace objects, 1(20KB) LOS objects, 40% free, 20MB/34MB, paused 158us total 14.287ms
08-06 17:29:02.712 31869 31882 I art     : Starting a blocking GC Explicit
08-06 17:29:02.726 31869 31882 I art     : Explicit concurrent mark sweep GC freed 20(704B) AllocSpace objects, 0(0B) LOS objects, 40% free, 20MB/34MB, paused 164us total 13.573ms
08-06 17:29:02.737 31869 31882 I art     : Starting a blocking GC Explicit
08-06 17:29:02.750 31869 31882 I art     : Explicit concurrent mark sweep GC freed 3(96B) AllocSpace objects, 0(0B) LOS objects, 40% free, 20MB/34MB, paused 159us total 13.297ms
08-06 17:29:02.761 31869 31882 I art     : Starting a blocking GC Explicit
08-06 17:29:02.775 31869 31882 I art     : Explicit concurrent mark sweep GC freed 3(96B) AllocSpace objects, 0(0B) LOS objects, 40% free, 20MB/34MB, paused 164us total 14.076ms
08-06 17:29:02.786 31869 31882 I art     : Starting a blocking GC Explicit
08-06 17:29:02.800 31869 31882 I art     : Explicit concurrent mark sweep GC freed 3(96B) AllocSpace objects, 0(0B) LOS objects, 40% free, 20MB/34MB, paused 162us total 13.794ms
08-06 17:29:03.099 31869 31893 I art     : Starting a blocking GC Explicit
08-06 17:29:03.115 31869 31893 I art     : Explicit concurrent mark sweep GC freed 1333(78KB) AllocSpace objects, 1(20KB) LOS objects, 40% free, 20MB/34MB, paused 168us total 15.521ms
08-06 17:29:03.128 31869 31893 I art     : Starting a blocking GC Explicit
08-06 17:29:03.143 31869 31893 I art     : Explicit concurrent mark sweep GC freed 20(704B) AllocSpace objects, 0(0B) LOS objects, 40% free, 20MB/34MB, paused 152us total 14.002ms
08-06 17:29:03.153 31869 31893 I art     : Starting a blocking GC Explicit
08-06 17:29:03.167 31869 31893 I art     : Explicit concurrent mark sweep GC freed 3(96B) AllocSpace objects, 0(0B) LOS objects, 40% free, 20MB/34MB, paused 161us total 13.782ms
08-06 17:29:03.178 31869 31893 I art     : Starting a blocking GC Explicit
08-06 17:29:03.191 31869 31893 I art     : Explicit concurrent mark sweep GC freed 3(96B) AllocSpace objects, 0(0B) LOS objects, 40% free, 20MB/34MB, paused 154us total 13.326ms
08-06 17:29:03.202 31869 31893 I art     : Starting a blocking GC Explicit
08-06 17:29:03.216 31869 31893 I art     : Explicit concurrent mark sweep GC freed 3(96B) AllocSpace objects, 0(0B) LOS objects, 40% free, 20MB/34MB, paused 149us total 13.448ms
08-06 17:29:03.528 31869 31881 I art     : Starting a blocking GC Explicit
08-06 17:29:03.543 31869 31881 I art     : Explicit concurrent mark sweep GC freed 1333(78KB) AllocSpace objects, 1(20KB) LOS objects, 40% free, 20MB/34MB, paused 170us total 15.370ms
08-06 17:29:03.557 31869 31881 I art     : Starting a blocking GC Explicit
08-06 17:29:03.571 31869 31881 I art     : Explicit concurrent mark sweep GC freed 20(704B) AllocSpace objects, 0(0B) LOS objects, 40% free, 20MB/34MB, paused 147us total 13.682ms
08-06 17:29:03.582 31869 31881 I art     : Starting a blocking GC Explicit
08-06 17:29:03.595 31869 31881 I art     : Explicit concurrent mark sweep GC freed 3(96B) AllocSpace objects, 0(0B) LOS objects, 40% free, 20MB/34MB, paused 147us total 13.719ms
08-06 17:29:03.606 31869 31881 I art     : Starting a blocking GC Explicit
08-06 17:29:03.620 31869 31881 I art     : Explicit concurrent mark sweep GC freed 3(96B) AllocSpace objects, 0(0B) LOS objects, 40% free, 20MB/34MB, paused 147us total 13.364ms
08-06 17:29:03.630 31869 31881 I art     : Starting a blocking GC Explicit
08-06 17:29:03.644 31869 31881 I art     : Explicit concurrent mark sweep GC freed 3(96B) AllocSpace objects, 0(0B) LOS objects, 40% free, 20MB/34MB, paused 151us total 13.461ms
08-06 17:29:03.956 31869 31882 I art     : Starting a blocking GC Explicit
08-06 17:29:03.976 31869 31882 I art     : Explicit concurrent mark sweep GC freed 1332(78KB) AllocSpace objects, 1(20KB) LOS objects, 40% free, 20MB/34MB, paused 202us total 19.765ms
08-06 17:29:03.989 31869 31882 I art     : Starting a blocking GC Explicit
08-06 17:29:04.003 31869 31882 I art     : Explicit concurrent mark sweep GC freed 20(704B) AllocSpace objects, 0(0B) LOS objects, 40% free, 20MB/34MB, paused 165us total 13.333ms
08-06 17:29:04.013 31869 31882 I art     : Starting a blocking GC Explicit
08-06 17:29:04.027 31869 31882 I art     : Explicit concurrent mark sweep GC freed 3(96B) AllocSpace objects, 0(0B) LOS objects, 40% free, 20MB/34MB, paused 163us total 13.758ms
08-06 17:29:04.038 31869 31882 I art     : Starting a blocking GC Explicit
08-06 17:29:04.052 31869 31882 I art     : Explicit concurrent mark sweep GC freed 3(96B) AllocSpace objects, 0(0B) LOS objects, 40% free, 20MB/34MB, paused 159us total 13.640ms
08-06 17:29:04.063 31869 31882 I art     : Starting a blocking GC Explicit
08-06 17:29:04.076 31869 31882 I art     : Explicit concurrent mark sweep GC freed 3(96B) AllocSpace objects, 0(0B) LOS objects, 40% free, 20MB/34MB, paused 159us total 13.319ms
08-06 17:29:04.364 31869 31893 I art     : Starting a blocking GC Explicit
08-06 17:29:04.384 31869 31893 I art     : Explicit concurrent mark sweep GC freed 1332(78KB) AllocSpace objects, 1(20KB) LOS objects, 40% free, 20MB/34MB, paused 186us total 19.796ms
08-06 17:29:04.399 31869 31893 I art     : Starting a blocking GC Explicit
08-06 17:29:04.413 31869 31893 I art     : Explicit concurrent mark sweep GC freed 20(704B) AllocSpace objects, 0(0B) LOS objects, 40% free, 20MB/34MB, paused 156us total 13.571ms
08-06 17:29:04.424 31869 31893 I art     : Starting a blocking GC Explicit
08-06 17:29:04.438 31869 31893 I art     : Explicit concurrent mark sweep GC freed 3(96B) AllocSpace objects, 0(0B) LOS objects, 40% free, 20MB/34MB, paused 143us total 13.483ms
08-06 17:29:04.448 31869 31893 I art     : Starting a blocking GC Explicit
08-06 17:29:04.462 31869 31893 I art     : Explicit concurrent mark sweep GC freed 3(96B) AllocSpace objects, 0(0B) LOS objects, 40% free, 20MB/34MB, paused 153us total 13.704ms
08-06 17:29:04.473 31869 31893 I art     : Starting a blocking GC Explicit
08-06 17:29:04.481   918  3261 D WifiStateMachine: starting scan for "H369AA63323"WPA_PSK with 2412,5180
08-06 17:29:04.486 31869 31893 I art     : Explicit concurrent mark sweep GC freed 3(96B) AllocSpace objects, 0(0B) LOS objects, 40% free, 20MB/34MB, paused 149us total 13.471ms
08-06 17:29:04.776 31869 31881 I art     : Starting a blocking GC Explicit
08-06 17:29:04.789 31869 31881 I art     : Explicit concurrent mark sweep GC freed 1332(78KB) AllocSpace objects, 1(20KB) LOS objects, 40% free, 20MB/34MB, paused 143us total 12.889ms
08-06 17:29:04.799 31869 31881 I art     : Starting a blocking GC Explicit
08-06 17:29:04.811 31869 31881 I art     : Explicit concurrent mark sweep GC freed 20(704B) AllocSpace objects, 0(0B) LOS objects, 40% free, 20MB/34MB, paused 136us total 12.286ms
08-06 17:29:04.822 31869 31881 I art     : Starting a blocking GC Explicit
08-06 17:29:04.834 31869 31881 I art     : Explicit concurrent mark sweep GC freed 3(96B) AllocSpace objects, 0(0B) LOS objects, 40% free, 20MB/34MB, paused 137us total 11.826ms
08-06 17:29:04.843 31869 31881 I art     : Starting a blocking GC Explicit
08-06 17:29:04.855 31869 31881 I art     : Explicit concurrent mark sweep GC freed 3(96B) AllocSpace objects, 0(0B) LOS objects, 40% free, 20MB/34MB, paused 143us total 11.844ms
08-06 17:29:04.865 31869 31881 I art     : Starting a blocking GC Explicit
08-06 17:29:04.877 31869 31881 I art     : Explicit concurrent mark sweep GC freed 3(96B) AllocSpace objects, 0(0B) LOS objects, 40% free, 20MB/34MB, paused 134us total 11.701ms
08-06 17:29:05.179 31869 31882 I art     : Starting a blocking GC Explicit
08-06 17:29:05.200 31869 31882 I art     : Explicit concurrent mark sweep GC freed 1332(78KB) AllocSpace objects, 1(20KB) LOS objects, 40% free, 20MB/34MB, paused 200us total 20.147ms
08-06 17:29:05.215 31869 31882 I art     : Starting a blocking GC Explicit
08-06 17:29:05.232 31869 31882 I art     : Explicit concurrent mark sweep GC freed 20(704B) AllocSpace objects, 0(0B) LOS objects, 40% free, 20MB/34MB, paused 179us total 16.134ms
08-06 17:29:05.244 31869 31882 I art     : Starting a blocking GC Explicit
08-06 17:29:05.257 31869 31882 I art     : Explicit concurrent mark sweep GC freed 3(96B) AllocSpace objects, 0(0B) LOS objects, 40% free, 20MB/34MB, paused 172us total 12.880ms
08-06 17:29:05.267 31869 31882 I art     : Starting a blocking GC Explicit
08-06 17:29:05.280 31869 31882 I art     : Explicit concurrent mark sweep GC freed 3(96B) AllocSpace objects, 0(0B) LOS objects, 40% free, 20MB/34MB, paused 153us total 12.276ms
08-06 17:29:05.290 31869 31882 I art     : Starting a blocking GC Explicit
08-06 17:29:05.303 31869 31882 I art     : Explicit concurrent mark sweep GC freed 3(96B) AllocSpace objects, 0(0B) LOS objects, 40% free, 20MB/34MB, paused 145us total 12.357ms
08-06 17:29:05.566 31869 31893 I art     : Starting a blocking GC Explicit
08-06 17:29:05.580 31869 31893 I art     : Explicit concurrent mark sweep GC freed 1332(78KB) AllocSpace objects, 1(20KB) LOS objects, 40% free, 20MB/34MB, paused 146us total 13.619ms
08-06 17:29:05.591 31869 31893 I art     : Starting a blocking GC Explicit
08-06 17:29:05.604 31869 31893 I art     : Explicit concurrent mark sweep GC freed 20(704B) AllocSpace objects, 0(0B) LOS objects, 40% free, 20MB/34MB, paused 144us total 13.205ms
08-06 17:29:05.614 31869 31893 I art     : Starting a blocking GC Explicit
08-06 17:29:05.627 31869 31893 I art     : Explicit concurrent mark sweep GC freed 3(96B) AllocSpace objects, 0(0B) LOS objects, 40% free, 20MB/34MB, paused 143us total 12.135ms
08-06 17:29:05.636 31869 31893 I art     : Starting a blocking GC Explicit
08-06 17:29:05.649 31869 31893 I art     : Explicit concurrent mark sweep GC freed 3(96B) AllocSpace objects, 0(0B) LOS objects, 40% free, 20MB/34MB, paused 143us total 12.697ms
08-06 17:29:05.659 31869 31893 I art     : Starting a blocking GC Explicit
08-06 17:29:05.672 31869 31893 I art     : Explicit concurrent mark sweep GC freed 3(96B) AllocSpace objects, 0(0B) LOS objects, 40% free, 20MB/34MB, paused 150us total 12.540ms
08-06 17:29:05.945 31869 31881 I art     : Starting a blocking GC Explicit
08-06 17:29:05.959 31869 31881 I art     : Explicit concurrent mark sweep GC freed 1332(78KB) AllocSpace objects, 1(20KB) LOS objects, 40% free, 20MB/34MB, paused 154us total 13.851ms
08-06 17:29:05.969 31869 31881 I art     : Starting a blocking GC Explicit
08-06 17:29:05.983 31869 31881 I art     : Explicit concurrent mark sweep GC freed 20(704B) AllocSpace objects, 0(0B) LOS objects, 40% free, 20MB/34MB, paused 159us total 13.343ms
08-06 17:29:05.985 32064 32064 D AndroidRuntime: >>>>>> START com.android.internal.os.RuntimeInit uid 2000 <<<<<<
08-06 17:29:05.990 32064 32064 D AndroidRuntime: CheckJNI is OFF
08-06 17:29:05.994 31869 31881 I art     : Starting a blocking GC Explicit
08-06 17:29:06.007 31869 31881 I art     : Explicit concurrent mark sweep GC freed 3(96B) AllocSpace objects, 0(0B) LOS objects, 40% free, 20MB/34MB, paused 160us total 13.160ms
08-06 17:29:06.017 31869 31881 I art     : Starting a blocking GC Explicit
08-06 17:29:06.025 32064 32064 D ICU     : No timezone override file found: /data/misc/zoneinfo/current/icu/icu_tzdata.dat
08-06 17:29:06.030 31869 31881 I art     : Explicit concurrent mark sweep GC freed 3(96B) AllocSpace objects, 0(0B) LOS objects, 40% free, 20MB/34MB, paused 139us total 12.153ms
08-06 17:29:06.039 31869 31881 I art     : Starting a blocking GC Explicit
08-06 17:29:06.052 31869 31881 I art     : Explicit concurrent mark sweep GC freed 3(96B) AllocSpace objects, 0(0B) LOS objects, 40% free, 20MB/34MB, paused 152us total 12.267ms
08-06 17:29:06.057 32064 32064 I Radio-JNI: register_android_hardware_Radio DONE
08-06 17:29:06.078 32064 32064 D AndroidRuntime: Calling main entry com.android.commands.input.Input
08-06 17:29:06.080 32064 32064 I Input   : injectMotionEvent: MotionEvent { action=ACTION_DOWN, actionButton=0, id[0]=0, x[0]=720.0, y[0]=1440.0, toolType[0]=TOOL_TYPE_UNKNOWN, buttonState=0, metaState=0, flags=0x0, edgeFlags=0x0, pointerCount=1, historySize=0, eventTime=898162493, downTime=898162493, deviceId=0, source=0x1002 }
08-06 17:29:06.085 32064 32064 I Input   : injectMotionEvent: MotionEvent { action=ACTION_UP, actionButton=0, id[0]=0, x[0]=720.0, y[0]=1440.0, toolType[0]=TOOL_TYPE_UNKNOWN, buttonState=0, metaState=0, flags=0x0, edgeFlags=0x0, pointerCount=1, historySize=0, eventTime=898162493, downTime=898162493, deviceId=0, source=0x1002 }
08-06 17:29:06.086 32064 32064 D AndroidRuntime: Shutting down VM
08-06 17:29:06.094   512  2967 D audio_hw_primary: out_set_parameters: enter: usecase(1: low-latency-playback) kvpairs: routing=2
08-06 17:29:06.103 13866 13866 I GoogleInputMethodServic: GoogleInputMethodService.onFinishInput():3138 
08-06 17:29:06.104 13866 13866 I GoogleInputMethodServic: GoogleInputMethodService.onStartInput():1808 
08-06 17:29:06.108   512  2967 D audio_hw_primary: select_devices: out_snd_device(2: speaker) in_snd_device(0: none)
08-06 17:29:06.108   512  2967 D msm8974_platform: platform_send_audio_calibration: sending audio calibration for snd_device(2) acdb_id(15)
08-06 17:29:06.108   512  2967 I soundtrigger: audio_extn_sound_trigger_update_device_status: device 0x2 of type 0 for Event 1
08-06 17:29:06.118   512  2967 D audio_hw_primary: enable_snd_device: snd_device(2: speaker)
08-06 17:29:06.120   512  2967 D audio_hw_primary: enable_audio_route: apply and update mixer path: low-latency-playback speaker
08-06 17:29:06.289   380   380 W SurfaceFlinger: couldn't log to binary event log: overflow.
08-06 17:29:06.320 31869 31893 I art     : Starting a blocking GC Explicit
08-06 17:29:06.335 31869 31893 I art     : Explicit concurrent mark sweep GC freed 1447(82KB) AllocSpace objects, 1(20KB) LOS objects, 40% free, 20MB/34MB, paused 154us total 14.694ms
08-06 17:29:06.346 31869 31893 I art     : Starting a blocking GC Explicit
08-06 17:29:06.358 31869 31893 I art     : Explicit concurrent mark sweep GC freed 991(69KB) AllocSpace objects, 1(76KB) LOS objects, 40% free, 20MB/34MB, paused 141us total 11.862ms
08-06 17:29:06.368 31869 31893 I art     : Starting a blocking GC Explicit
08-06 17:29:06.380 31869 31893 I art     : Explicit concurrent mark sweep GC freed 3(96B) AllocSpace objects, 0(0B) LOS objects, 40% free, 20MB/34MB, paused 140us total 11.985ms
08-06 17:29:06.390 31869 31893 I art     : Starting a blocking GC Explicit
08-06 17:29:06.402 31869 31893 I art     : Explicit concurrent mark sweep GC freed 3(96B) AllocSpace objects, 0(0B) LOS objects, 40% free, 20MB/34MB, paused 153us total 11.765ms
08-06 17:29:06.411 31869 31893 I art     : Starting a blocking GC Explicit
08-06 17:29:06.424 31869 31893 I art     : Explicit concurrent mark sweep GC freed 3(96B) AllocSpace objects, 0(0B) LOS objects, 40% free, 20MB/34MB, paused 154us total 12.303ms
08-06 17:29:06.668   512  2967 D audio_hw_primary: disable_audio_route: reset and update mixer path: low-latency-playback speaker
08-06 17:29:06.670   512  2967 D audio_hw_primary: disable_snd_device: snd_device(2: speaker)
08-06 17:29:06.677   512  2967 I soundtrigger: audio_extn_sound_trigger_update_device_status: device 0x2 of type 0 for Event 0
08-06 17:29:06.684 31869 31882 I art     : Starting a blocking GC Explicit
08-06 17:29:06.697 31869 31882 I art     : Explicit concurrent mark sweep GC freed 1332(78KB) AllocSpace objects, 1(20KB) LOS objects, 40% free, 20MB/34MB, paused 184us total 13.196ms
08-06 17:29:06.708 31869 31882 I art     : Starting a blocking GC Explicit
08-06 17:29:06.721 31869 31882 I art     : Explicit concurrent mark sweep GC freed 20(704B) AllocSpace objects, 0(0B) LOS objects, 40% free, 20MB/34MB, paused 160us total 13.160ms
08-06 17:29:06.733 31869 31882 I art     : Starting a blocking GC Explicit
08-06 17:29:06.746 31869 31882 I art     : Explicit concurrent mark sweep GC freed 3(96B) AllocSpace objects, 0(0B) LOS objects, 40% free, 20MB/34MB, paused 176us total 12.958ms
08-06 17:29:06.747 32098 32098 D AndroidRuntime: >>>>>> START com.android.internal.os.RuntimeInit uid 2000 <<<<<<
08-06 17:29:06.752 32098 32098 D AndroidRuntime: CheckJNI is OFF
08-06 17:29:06.756 31869 31882 I art     : Starting a blocking GC Explicit
08-06 17:29:06.769 31869 31882 I art     : Explicit concurrent mark sweep GC freed 3(96B) AllocSpace objects, 0(0B) LOS objects, 40% free, 20MB/34MB, paused 161us total 12.640ms
08-06 17:29:06.779 31869 31882 I art     : Starting a blocking GC Explicit
08-06 17:29:06.788 32098 32098 D ICU     : No timezone override file found: /data/misc/zoneinfo/current/icu/icu_tzdata.dat
08-06 17:29:06.792 31869 31882 I art     : Explicit concurrent mark sweep GC freed 3(96B) AllocSpace objects, 0(0B) LOS objects, 40% free, 20MB/34MB, paused 155us total 12.621ms
08-06 17:29:06.822 32098 32098 I Radio-JNI: register_android_hardware_Radio DONE
08-06 17:29:06.843 32098 32098 D AndroidRuntime: Calling main entry com.android.commands.input.Input
08-06 17:29:06.845 32098 32098 I Input   : injectMotionEvent: MotionEvent { action=ACTION_DOWN, actionButton=0, id[0]=0, x[0]=1345.0, y[0]=165.0, toolType[0]=TOOL_TYPE_UNKNOWN, buttonState=0, metaState=0, flags=0x0, edgeFlags=0x0, pointerCount=1, historySize=0, eventTime=898163258, downTime=898163258, deviceId=0, source=0x1002 }
08-06 17:29:06.849 32098 32098 I Input   : injectMotionEvent: MotionEvent { action=ACTION_UP, actionButton=0, id[0]=0, x[0]=1345.0, y[0]=165.0, toolType[0]=TOOL_TYPE_UNKNOWN, buttonState=0, metaState=0, flags=0x0, edgeFlags=0x0, pointerCount=1, historySize=0, eventTime=898163258, downTime=898163258, deviceId=0, source=0x1002 }
08-06 17:29:06.850 32098 32098 D AndroidRuntime: Shutting down VM
08-06 17:29:06.859   512  2967 D audio_hw_primary: out_set_parameters: enter: usecase(1: low-latency-playback) kvpairs: routing=2
08-06 17:29:06.860 31869 31869 W art     : Before Android 4.1, method int androidx.appcompat.widget.DropDownListView.lookForSelectablePosition(int, boolean) would have incorrectly overridden the package-private method in android.widget.ListView
08-06 17:29:06.865 31869 31869 W art     : Before Android 4.1, method int androidx.appcompat.widget.MenuPopupWindow$MenuDropDownListView.lookForSelectablePosition(int, boolean) would have incorrectly overridden the package-private method in android.widget.ListView
08-06 17:29:06.867 31869 31869 I ListPopupWindow: Could not find method setEpicenterBounds(Rect) on PopupWindow. Oh well.
08-06 17:29:06.874   512  2967 D audio_hw_primary: select_devices: out_snd_device(2: speaker) in_snd_device(0: none)
08-06 17:29:06.874   512  2967 D msm8974_platform: platform_send_audio_calibration: sending audio calibration for snd_device(2) acdb_id(15)
08-06 17:29:06.874   512  2967 I soundtrigger: audio_extn_sound_trigger_update_device_status: device 0x2 of type 0 for Event 1
08-06 17:29:06.887   512  2967 D audio_hw_primary: enable_snd_device: snd_device(2: speaker)
08-06 17:29:06.889   512  2967 D audio_hw_primary: enable_audio_route: apply and update mixer path: low-latency-playback speaker
08-06 17:29:06.931   512  2967 D AudioFlinger: mixer(0xf4740000) throttle end: throttle time(12)
08-06 17:29:07.027 31869 31893 I art     : Starting a blocking GC Explicit
08-06 17:29:07.042 31869 31893 I art     : Explicit concurrent mark sweep GC freed 2629(246KB) AllocSpace objects, 1(20KB) LOS objects, 40% free, 20MB/34MB, paused 153us total 14.473ms
08-06 17:29:07.053 31869 31893 I art     : Starting a blocking GC Explicit
08-06 17:29:07.066 31869 31893 I art     : Explicit concurrent mark sweep GC freed 553(39KB) AllocSpace objects, 0(0B) LOS objects, 40% free, 20MB/34MB, paused 229us total 12.853ms
08-06 17:29:07.078 31869 31893 I art     : Starting a blocking GC Explicit
08-06 17:29:07.091 31869 31893 I art     : Explicit concurrent mark sweep GC freed 5(240B) AllocSpace objects, 0(0B) LOS objects, 40% free, 20MB/34MB, paused 166us total 12.816ms
08-06 17:29:07.102 31869 31893 I art     : Starting a blocking GC Explicit
08-06 17:29:07.115 31869 31893 I art     : Explicit concurrent mark sweep GC freed 3(96B) AllocSpace objects, 0(0B) LOS objects, 40% free, 20MB/34MB, paused 162us total 12.686ms
08-06 17:29:07.125 31869 31893 I art     : Starting a blocking GC Explicit
08-06 17:29:07.138 31869 31893 I art     : Explicit concurrent mark sweep GC freed 5(160B) AllocSpace objects, 0(0B) LOS objects, 40% free, 20MB/34MB, paused 148us total 12.916ms
08-06 17:29:07.399 31869 31882 I art     : Starting a blocking GC Explicit
08-06 17:29:07.417 31869 31882 I art     : Explicit concurrent mark sweep GC freed 1627(91KB) AllocSpace objects, 1(20KB) LOS objects, 40% free, 20MB/34MB, paused 207us total 16.992ms
08-06 17:29:07.420   512  2967 D audio_hw_primary: disable_audio_route: reset and update mixer path: low-latency-playback speaker
08-06 17:29:07.422   512  2967 D audio_hw_primary: disable_snd_device: snd_device(2: speaker)
08-06 17:29:07.430 31869 31882 I art     : Starting a blocking GC Explicit
08-06 17:29:07.430   512  2967 I soundtrigger: audio_extn_sound_trigger_update_device_status: device 0x2 of type 0 for Event 0
08-06 17:29:07.447 31869 31882 I art     : Explicit concurrent mark sweep GC freed 28(960B) AllocSpace objects, 0(0B) LOS objects, 40% free, 20MB/34MB, paused 308us total 16.546ms
08-06 17:29:07.460 31869 31882 I art     : Starting a blocking GC Explicit
08-06 17:29:07.477 31869 31882 I art     : Explicit concurrent mark sweep GC freed 3(96B) AllocSpace objects, 0(0B) LOS objects, 40% free, 20MB/34MB, paused 202us total 16.789ms
08-06 17:29:07.491 31869 31882 I art     : Starting a blocking GC Explicit
08-06 17:29:07.508 31869 31882 I art     : Explicit concurrent mark sweep GC freed 3(96B) AllocSpace objects, 0(0B) LOS objects, 40% free, 20MB/34MB, paused 203us total 16.555ms
08-06 17:29:07.521 31869 31882 I art     : Starting a blocking GC Explicit
08-06 17:29:07.537 31869 31882 I art     : Explicit concurrent mark sweep GC freed 3(96B) AllocSpace objects, 0(0B) LOS objects, 40% free, 20MB/34MB, paused 211us total 15.803ms
08-06 17:29:07.547 32130 32130 D AndroidRuntime: >>>>>> START com.android.internal.os.RuntimeInit uid 2000 <<<<<<
08-06 17:29:07.553 32130 32130 D AndroidRuntime: CheckJNI is OFF
08-06 17:29:07.594 32130 32130 D ICU     : No timezone override file found: /data/misc/zoneinfo/current/icu/icu_tzdata.dat
08-06 17:29:07.635 32130 32130 I Radio-JNI: register_android_hardware_Radio DONE
08-06 17:29:07.663 32130 32130 D AndroidRuntime: Calling main entry com.android.commands.input.Input
08-06 17:29:07.665 32130 32130 I Input   : injectMotionEvent: MotionEvent { action=ACTION_DOWN, actionButton=0, id[0]=0, x[0]=940.0, y[0]=501.0, toolType[0]=TOOL_TYPE_UNKNOWN, buttonState=0, metaState=0, flags=0x0, edgeFlags=0x0, pointerCount=1, historySize=0, eventTime=898164077, downTime=898164077, deviceId=0, source=0x1002 }
08-06 17:29:07.669 32130 32130 I Input   : injectMotionEvent: MotionEvent { action=ACTION_UP, actionButton=0, id[0]=0, x[0]=940.0, y[0]=501.0, toolType[0]=TOOL_TYPE_UNKNOWN, buttonState=0, metaState=0, flags=0x0, edgeFlags=0x0, pointerCount=1, historySize=0, eventTime=898164077, downTime=898164077, deviceId=0, source=0x1002 }
08-06 17:29:07.672 32130 32130 D AndroidRuntime: Shutting down VM
08-06 17:29:07.684   918  3188 I hubconnection: sensorhub said: 'set_bias 3: -5.7600, 0.0000, 0.0000'
08-06 17:29:07.737   512  2967 D audio_hw_primary: out_set_parameters: enter: usecase(1: low-latency-playback) kvpairs: routing=2
08-06 17:29:07.740   918  4413 I ActivityManager: START u0 {cmp=baseline.org.quantumbadger.redreader/.settings.SettingsActivity} from uid 10705 on display 0
08-06 17:29:07.750   512  2967 D audio_hw_primary: select_devices: out_snd_device(2: speaker) in_snd_device(0: none)
08-06 17:29:07.750   512  2967 D msm8974_platform: platform_send_audio_calibration: sending audio calibration for snd_device(2) acdb_id(15)
08-06 17:29:07.751   512  2967 I soundtrigger: audio_extn_sound_trigger_update_device_status: device 0x2 of type 0 for Event 1
08-06 17:29:07.754 13866 13866 I GoogleInputMethodServic: GoogleInputMethodService.onFinishInput():3138 
08-06 17:29:07.755 13866 13866 I GoogleInputMethodServic: GoogleInputMethodService.onStartInput():1808 
08-06 17:29:07.762   512  2967 D audio_hw_primary: enable_snd_device: snd_device(2: speaker)
08-06 17:29:07.764   512  2967 D audio_hw_primary: enable_audio_route: apply and update mixer path: low-latency-playback speaker
08-06 17:29:07.807   512  2967 D AudioFlinger: mixer(0xf4740000) throttle end: throttle time(12)
08-06 17:29:07.813 31869 31881 I art     : Starting a blocking GC Explicit
08-06 17:29:07.835 31869 31881 I art     : Explicit concurrent mark sweep GC freed 2473(246KB) AllocSpace objects, 1(20KB) LOS objects, 40% free, 21MB/35MB, paused 255us total 21.782ms
08-06 17:29:07.849 31869 31881 I art     : Starting a blocking GC Explicit
08-06 17:29:07.868 31869 31881 I art     : Explicit concurrent mark sweep GC freed 266(11KB) AllocSpace objects, 0(0B) LOS objects, 40% free, 21MB/35MB, paused 228us total 18.887ms
08-06 17:29:07.884 31869 31881 I art     : Starting a blocking GC Explicit
08-06 17:29:07.903 31869 31881 I art     : Explicit concurrent mark sweep GC freed 228(9KB) AllocSpace objects, 0(0B) LOS objects, 40% free, 21MB/35MB, paused 364us total 18.983ms
08-06 17:29:07.917 31869 31881 I art     : Starting a blocking GC Explicit
08-06 17:29:07.936 31869 31881 I art     : Explicit concurrent mark sweep GC freed 142(7KB) AllocSpace objects, 0(0B) LOS objects, 40% free, 21MB/35MB, paused 217us total 18.139ms
08-06 17:29:07.945   918   936 I ActivityManager: Displayed baseline.org.quantumbadger.redreader/.settings.SettingsActivity: +181ms
08-06 17:29:07.945 13866 13866 I GoogleInputMethodServic: GoogleInputMethodService.onFinishInput():3138 
08-06 17:29:07.947 13866 13866 I GoogleInputMethodServic: GoogleInputMethodService.onStartInput():1808 
08-06 17:29:07.949 31869 31881 I art     : Starting a blocking GC Explicit
08-06 17:29:07.971 31869 31881 I art     : Explicit concurrent mark sweep GC freed 203(9KB) AllocSpace objects, 0(0B) LOS objects, 40% free, 21MB/35MB, paused 225us total 21.772ms
08-06 17:29:07.996 31869 31888 D OpenGLRenderer: endAllStagingAnimators on 0x7f99e48000 (MenuPopupWindow$MenuDropDownListView) with handle 0x7f801f13c0
08-06 17:29:08.192   380   380 W SurfaceFlinger: couldn't log to binary event log: overflow.
08-06 17:29:08.245   518   646 I ThermalEngine: ACTION: GPU - Setting GPU[0] to 450000000
08-06 17:29:08.247 31869 31893 I art     : Starting a blocking GC Explicit
08-06 17:29:08.265 31869 31893 I art     : Explicit concurrent mark sweep GC freed 1487(84KB) AllocSpace objects, 1(20KB) LOS objects, 40% free, 21MB/35MB, paused 188us total 17.968ms
08-06 17:29:08.278 31869 31893 I art     : Starting a blocking GC Explicit
08-06 17:29:08.295 31869 31893 I art     : Explicit concurrent mark sweep GC freed 51(1952B) AllocSpace objects, 0(0B) LOS objects, 40% free, 21MB/35MB, paused 194us total 16.897ms
08-06 17:29:08.300   512  2967 D audio_hw_primary: disable_audio_route: reset and update mixer path: low-latency-playback speaker
08-06 17:29:08.303   512  2967 D audio_hw_primary: disable_snd_device: snd_device(2: speaker)
08-06 17:29:08.310 31869 31893 I art     : Starting a blocking GC Explicit
08-06 17:29:08.311   512  2967 I soundtrigger: audio_extn_sound_trigger_update_device_status: device 0x2 of type 0 for Event 0
08-06 17:29:08.328 31869 31893 I art     : Explicit concurrent mark sweep GC freed 112(6KB) AllocSpace objects, 0(0B) LOS objects, 40% free, 21MB/35MB, paused 200us total 17.687ms
08-06 17:29:08.341 31869 31893 I art     : Starting a blocking GC Explicit
08-06 17:29:08.359 31869 31893 I art     : Explicit concurrent mark sweep GC freed 19(608B) AllocSpace objects, 0(0B) LOS objects, 40% free, 21MB/35MB, paused 200us total 16.993ms
08-06 17:29:08.372 31869 31893 I art     : Starting a blocking GC Explicit
08-06 17:29:08.390 31869 31893 I art     : Explicit concurrent mark sweep GC freed 3(96B) AllocSpace objects, 0(0B) LOS objects, 40% free, 21MB/35MB, paused 197us total 17.447ms
08-06 17:29:08.417 32161 32161 D AndroidRuntime: >>>>>> START com.android.internal.os.RuntimeInit uid 2000 <<<<<<
08-06 17:29:08.423 32161 32161 D AndroidRuntime: CheckJNI is OFF
08-06 17:29:08.465 32161 32161 D ICU     : No timezone override file found: /data/misc/zoneinfo/current/icu/icu_tzdata.dat
08-06 17:29:08.508 32161 32161 I Radio-JNI: register_android_hardware_Radio DONE
08-06 17:29:08.537 32161 32161 D AndroidRuntime: Calling main entry com.android.commands.input.Input
08-06 17:29:08.539 32161 32161 I Input   : injectMotionEvent: MotionEvent { action=ACTION_DOWN, actionButton=0, id[0]=0, x[0]=216.0, y[0]=853.0, toolType[0]=TOOL_TYPE_UNKNOWN, buttonState=0, metaState=0, flags=0x0, edgeFlags=0x0, pointerCount=1, historySize=0, eventTime=898164952, downTime=898164952, deviceId=0, source=0x1002 }
08-06 17:29:08.543 32161 32161 I Input   : injectMotionEvent: MotionEvent { action=ACTION_UP, actionButton=0, id[0]=0, x[0]=216.0, y[0]=853.0, toolType[0]=TOOL_TYPE_UNKNOWN, buttonState=0, metaState=0, flags=0x0, edgeFlags=0x0, pointerCount=1, historySize=0, eventTime=898164952, downTime=898164952, deviceId=0, source=0x1002 }
08-06 17:29:08.545 32161 32161 D AndroidRuntime: Shutting down VM
08-06 17:29:08.612   512  2967 D audio_hw_primary: out_set_parameters: enter: usecase(1: low-latency-playback) kvpairs: routing=2
08-06 17:29:08.613   918  3359 I ActivityManager: START u0 {act=android.intent.action.MAIN cmp=baseline.org.quantumbadger.redreader/.settings.SettingsActivity (has extras)} from uid 10705 on display 0
08-06 17:29:08.625   512  2967 D audio_hw_primary: select_devices: out_snd_device(2: speaker) in_snd_device(0: none)
08-06 17:29:08.626   512  2967 D msm8974_platform: platform_send_audio_calibration: sending audio calibration for snd_device(2) acdb_id(15)
08-06 17:29:08.627   512  2967 I soundtrigger: audio_extn_sound_trigger_update_device_status: device 0x2 of type 0 for Event 1
08-06 17:29:08.637   512  2967 D audio_hw_primary: enable_snd_device: snd_device(2: speaker)
08-06 17:29:08.640   512  2967 D audio_hw_primary: enable_audio_route: apply and update mixer path: low-latency-playback speaker
08-06 17:29:08.662 31869 32173 I art     : Starting a blocking GC Explicit
08-06 17:29:08.682   512  2967 D AudioFlinger: mixer(0xf4740000) throttle end: throttle time(12)
08-06 17:29:08.686 31869 32173 I art     : Explicit concurrent mark sweep GC freed 2464(204KB) AllocSpace objects, 2(40KB) LOS objects, 40% free, 21MB/35MB, paused 343us total 23.902ms
08-06 17:29:08.700 31869 32173 I art     : Starting a blocking GC Explicit
08-06 17:29:08.719 31869 32173 I art     : Explicit concurrent mark sweep GC freed 1268(79KB) AllocSpace objects, 0(0B) LOS objects, 40% free, 21MB/35MB, paused 259us total 19.272ms
08-06 17:29:08.734 31869 32173 I art     : Starting a blocking GC Explicit
08-06 17:29:08.754 31869 32173 I art     : Explicit concurrent mark sweep GC freed 526(51KB) AllocSpace objects, 0(0B) LOS objects, 40% free, 21MB/35MB, paused 818us total 19.853ms
08-06 17:29:08.768 31869 32173 I art     : Starting a blocking GC Explicit
08-06 17:29:08.773 26121 26151 I WorkerManager: dispose()
08-06 17:29:08.773 26121 26151 W ThreadPoolDumper: Queue length for executor EventBus is now 11. Perhaps some tasks are too long, or the pool is too small.
08-06 17:29:08.791 31869 32173 I art     : Explicit concurrent mark sweep GC freed 14595(599KB) AllocSpace objects, 0(0B) LOS objects, 40% free, 21MB/36MB, paused 525us total 22.171ms
08-06 17:29:08.805 31869 32173 I art     : Starting a blocking GC Explicit
08-06 17:29:08.827 31869 32173 I art     : Explicit concurrent mark sweep GC freed 12005(504KB) AllocSpace objects, 0(0B) LOS objects, 40% free, 21MB/36MB, paused 579us total 21.714ms
08-06 17:29:09.053   918   936 I ActivityManager: Displayed baseline.org.quantumbadger.redreader/.settings.SettingsActivity: +426ms
08-06 17:29:09.053 13866 13866 I GoogleInputMethodServic: GoogleInputMethodService.onFinishInput():3138 
08-06 17:29:09.054 13866 13866 I GoogleInputMethodServic: GoogleInputMethodService.onStartInput():1808 
08-06 17:29:09.081 31869 31888 D OpenGLRenderer: endAllStagingAnimators on 0x7f7e93f800 (ListView) with handle 0x7f804fa700
08-06 17:29:09.100 31869 31882 I art     : Starting a blocking GC Explicit
08-06 17:29:09.130 31869 31882 I art     : Explicit concurrent mark sweep GC freed 55667(2MB) AllocSpace objects, 1(20KB) LOS objects, 40% free, 22MB/37MB, paused 221us total 28.787ms
08-06 17:29:09.144 31869 31882 I art     : Starting a blocking GC Explicit
08-06 17:29:09.165 31869 31882 I art     : Explicit concurrent mark sweep GC freed 1431(133KB) AllocSpace objects, 0(0B) LOS objects, 40% free, 22MB/36MB, paused 210us total 20.994ms
08-06 17:29:09.169   512  2967 D audio_hw_primary: disable_audio_route: reset and update mixer path: low-latency-playback speaker
08-06 17:29:09.170   512  2967 D audio_hw_primary: disable_snd_device: snd_device(2: speaker)
08-06 17:29:09.177   512  2967 I soundtrigger: audio_extn_sound_trigger_update_device_status: device 0x2 of type 0 for Event 0
08-06 17:29:09.180 31869 31882 I art     : Starting a blocking GC Explicit
08-06 17:29:09.201 31869 31882 I art     : Explicit concurrent mark sweep GC freed 7(288B) AllocSpace objects, 0(0B) LOS objects, 40% free, 22MB/36MB, paused 215us total 20.812ms
08-06 17:29:09.215 31869 31882 I art     : Starting a blocking GC Explicit
08-06 17:29:09.236 31869 31882 I art     : Explicit concurrent mark sweep GC freed 55(2256B) AllocSpace objects, 0(0B) LOS objects, 40% free, 22MB/36MB, paused 213us total 20.698ms
08-06 17:29:09.250 31869 31882 I art     : Starting a blocking GC Explicit
08-06 17:29:09.271 31869 31882 I art     : Explicit concurrent mark sweep GC freed 5(240B) AllocSpace objects, 0(0B) LOS objects, 40% free, 22MB/36MB, paused 224us total 20.640ms
08-06 17:29:09.301 32194 32194 D AndroidRuntime: >>>>>> START com.android.internal.os.RuntimeInit uid 2000 <<<<<<
08-06 17:29:09.306 32194 32194 D AndroidRuntime: CheckJNI is OFF
08-06 17:29:09.309   380   380 W SurfaceFlinger: couldn't log to binary event log: overflow.
08-06 17:29:09.344 32194 32194 D ICU     : No timezone override file found: /data/misc/zoneinfo/current/icu/icu_tzdata.dat
08-06 17:29:09.383 32194 32194 I Radio-JNI: register_android_hardware_Radio DONE
08-06 17:29:09.410 32194 32194 D AndroidRuntime: Calling main entry com.android.commands.input.Input
08-06 17:29:09.412 32194 32194 I Input   : injectMotionEvent: MotionEvent { action=ACTION_DOWN, actionButton=0, id[0]=0, x[0]=1318.0, y[0]=1194.0, toolType[0]=TOOL_TYPE_UNKNOWN, buttonState=0, metaState=0, flags=0x0, edgeFlags=0x0, pointerCount=1, historySize=0, eventTime=898165825, downTime=898165825, deviceId=0, source=0x1002 }
08-06 17:29:09.416 32194 32194 I Input   : injectMotionEvent: MotionEvent { action=ACTION_UP, actionButton=0, id[0]=0, x[0]=1318.0, y[0]=1194.0, toolType[0]=TOOL_TYPE_UNKNOWN, buttonState=0, metaState=0, flags=0x0, edgeFlags=0x0, pointerCount=1, historySize=0, eventTime=898165825, downTime=898165825, deviceId=0, source=0x1002 }
08-06 17:29:09.418 32194 32194 D AndroidRuntime: Shutting down VM
08-06 17:29:09.485   512  2967 D audio_hw_primary: out_set_parameters: enter: usecase(1: low-latency-playback) kvpairs: routing=2
08-06 17:29:09.498   512  2967 D audio_hw_primary: select_devices: out_snd_device(2: speaker) in_snd_device(0: none)
08-06 17:29:09.498   512  2967 D msm8974_platform: platform_send_audio_calibration: sending audio calibration for snd_device(2) acdb_id(15)
08-06 17:29:09.499   512  2967 I soundtrigger: audio_extn_sound_trigger_update_device_status: device 0x2 of type 0 for Event 1
08-06 17:29:09.509   512  2967 D audio_hw_primary: enable_snd_device: snd_device(2: speaker)
08-06 17:29:09.512   512  2967 D audio_hw_primary: enable_audio_route: apply and update mixer path: low-latency-playback speaker
08-06 17:29:09.542 31869 31881 I art     : Starting a blocking GC Explicit
08-06 17:29:09.554   512  2967 D AudioFlinger: mixer(0xf4740000) throttle end: throttle time(12)
08-06 17:29:09.565 31869 31881 I art     : Explicit concurrent mark sweep GC freed 2019(123KB) AllocSpace objects, 2(40KB) LOS objects, 40% free, 22MB/36MB, paused 234us total 23.346ms
08-06 17:29:09.580 31869 31881 I art     : Starting a blocking GC Explicit
08-06 17:29:09.602 31869 31881 I art     : Explicit concurrent mark sweep GC freed 58(2288B) AllocSpace objects, 0(0B) LOS objects, 40% free, 22MB/36MB, paused 213us total 21.931ms
08-06 17:29:09.617 31869 31881 I art     : Starting a blocking GC Explicit
08-06 17:29:09.639 31869 31881 I art     : Explicit concurrent mark sweep GC freed 22(800B) AllocSpace objects, 0(0B) LOS objects, 40% free, 22MB/36MB, paused 217us total 22.005ms
08-06 17:29:09.654 31869 31881 I art     : Starting a blocking GC Explicit
08-06 17:29:09.676 31869 31881 I art     : Explicit concurrent mark sweep GC freed 35(1472B) AllocSpace objects, 0(0B) LOS objects, 40% free, 22MB/36MB, paused 207us total 21.454ms
08-06 17:29:09.690 31869 31881 I art     : Starting a blocking GC Explicit
08-06 17:29:09.712 31869 31881 I art     : Explicit concurrent mark sweep GC freed 71(3KB) AllocSpace objects, 0(0B) LOS objects, 40% free, 22MB/36MB, paused 213us total 21.824ms
08-06 17:29:09.992 31869 31882 I art     : Starting a blocking GC Explicit
08-06 17:29:10.016 31869 31882 I art     : Explicit concurrent mark sweep GC freed 1453(82KB) AllocSpace objects, 1(20KB) LOS objects, 40% free, 22MB/36MB, paused 258us total 23.840ms
08-06 17:29:10.032 31869 31882 I art     : Starting a blocking GC Explicit
08-06 17:29:10.039   512  2967 D audio_hw_primary: disable_audio_route: reset and update mixer path: low-latency-playback speaker
08-06 17:29:10.040   512  2967 D audio_hw_primary: disable_snd_device: snd_device(2: speaker)
08-06 17:29:10.048   512  2967 I soundtrigger: audio_extn_sound_trigger_update_device_status: device 0x2 of type 0 for Event 0
08-06 17:29:10.055 31869 31882 I art     : Explicit concurrent mark sweep GC freed 100(3KB) AllocSpace objects, 0(0B) LOS objects, 40% free, 22MB/36MB, paused 224us total 23.254ms
08-06 17:29:10.071 31869 31882 I art     : Starting a blocking GC Explicit
08-06 17:29:10.096 31869 31882 I art     : Explicit concurrent mark sweep GC freed 7(224B) AllocSpace objects, 0(0B) LOS objects, 40% free, 22MB/36MB, paused 231us total 24.745ms
08-06 17:29:10.113 31869 31882 I art     : Starting a blocking GC Explicit
08-06 17:29:10.137 31869 31882 I art     : Explicit concurrent mark sweep GC freed 3(96B) AllocSpace objects, 0(0B) LOS objects, 40% free, 22MB/36MB, paused 309us total 23.893ms
08-06 17:29:10.152 31869 31882 I art     : Starting a blocking GC Explicit
08-06 17:29:10.176 31869 31882 I art     : Explicit concurrent mark sweep GC freed 3(96B) AllocSpace objects, 0(0B) LOS objects, 40% free, 22MB/36MB, paused 251us total 23.114ms
08-06 17:29:10.184 32225 32225 D AndroidRuntime: >>>>>> START com.android.internal.os.RuntimeInit uid 2000 <<<<<<
08-06 17:29:10.190 32225 32225 D AndroidRuntime: CheckJNI is OFF
08-06 17:29:10.230 32225 32225 D ICU     : No timezone override file found: /data/misc/zoneinfo/current/icu/icu_tzdata.dat
08-06 17:29:10.273 32225 32225 I Radio-JNI: register_android_hardware_Radio DONE
08-06 17:29:10.302 32225 32225 D AndroidRuntime: Calling main entry com.android.commands.input.Input
08-06 17:29:10.304 32225 32225 I Input   : injectMotionEvent: MotionEvent { action=ACTION_DOWN, actionButton=0, id[0]=0, x[0]=1309.0, y[0]=1701.0, toolType[0]=TOOL_TYPE_UNKNOWN, buttonState=0, metaState=0, flags=0x0, edgeFlags=0x0, pointerCount=1, historySize=0, eventTime=898166717, downTime=898166717, deviceId=0, source=0x1002 }
08-06 17:29:10.308 32225 32225 I Input   : injectMotionEvent: MotionEvent { action=ACTION_UP, actionButton=0, id[0]=0, x[0]=1309.0, y[0]=1701.0, toolType[0]=TOOL_TYPE_UNKNOWN, buttonState=0, metaState=0, flags=0x0, edgeFlags=0x0, pointerCount=1, historySize=0, eventTime=898166717, downTime=898166717, deviceId=0, source=0x1002 }
08-06 17:29:10.314 32225 32225 D AndroidRuntime: Shutting down VM
08-06 17:29:10.381   512  2967 D audio_hw_primary: out_set_parameters: enter: usecase(1: low-latency-playback) kvpairs: routing=2
08-06 17:29:10.394   512  2967 D audio_hw_primary: select_devices: out_snd_device(2: speaker) in_snd_device(0: none)
08-06 17:29:10.394   512  2967 D msm8974_platform: platform_send_audio_calibration: sending audio calibration for snd_device(2) acdb_id(15)
08-06 17:29:10.395   512  2967 I soundtrigger: audio_extn_sound_trigger_update_device_status: device 0x2 of type 0 for Event 1
08-06 17:29:10.403   512  2967 D audio_hw_primary: enable_snd_device: snd_device(2: speaker)
08-06 17:29:10.405   512  2967 D audio_hw_primary: enable_audio_route: apply and update mixer path: low-latency-playback speaker
08-06 17:29:10.448   512  2967 D AudioFlinger: mixer(0xf4740000) throttle end: throttle time(12)
08-06 17:29:10.452 31869 31881 I art     : Starting a blocking GC Explicit
08-06 17:29:10.474 31869 31881 I art     : Explicit concurrent mark sweep GC freed 2043(124KB) AllocSpace objects, 2(40KB) LOS objects, 40% free, 22MB/37MB, paused 214us total 21.556ms
08-06 17:29:10.488 31869 31881 I art     : Starting a blocking GC Explicit
08-06 17:29:10.509 31869 31881 I art     : Explicit concurrent mark sweep GC freed 83(3KB) AllocSpace objects, 0(0B) LOS objects, 40% free, 22MB/37MB, paused 205us total 20.906ms
08-06 17:29:10.523 31869 31881 I art     : Starting a blocking GC Explicit
08-06 17:29:10.545 31869 31881 I art     : Explicit concurrent mark sweep GC freed 31(1216B) AllocSpace objects, 0(0B) LOS objects, 40% free, 22MB/37MB, paused 396us total 21.003ms
08-06 17:29:10.560 31869 31881 I art     : Starting a blocking GC Explicit
08-06 17:29:10.581 31869 31881 I art     : Explicit concurrent mark sweep GC freed 57(2448B) AllocSpace objects, 0(0B) LOS objects, 40% free, 22MB/37MB, paused 220us total 21.201ms
08-06 17:29:10.595 31869 31881 I art     : Starting a blocking GC Explicit
08-06 17:29:10.616 31869 31881 I art     : Explicit concurrent mark sweep GC freed 43(1856B) AllocSpace objects, 0(0B) LOS objects, 40% free, 22MB/37MB, paused 210us total 20.613ms
08-06 17:29:10.881 31869 31893 I art     : Starting a blocking GC Explicit
08-06 17:29:10.903 31869 31893 I art     : Explicit concurrent mark sweep GC freed 1445(82KB) AllocSpace objects, 1(20KB) LOS objects, 40% free, 22MB/37MB, paused 209us total 22.193ms
08-06 17:29:10.906 25638 25638 I ServiceManager: Waiting for service AtCmdFwd...
08-06 17:29:10.918 31869 31893 I art     : Starting a blocking GC Explicit
08-06 17:29:10.939   512  2967 D audio_hw_primary: disable_audio_route: reset and update mixer path: low-latency-playback speaker
08-06 17:29:10.940   512  2967 D audio_hw_primary: disable_snd_device: snd_device(2: speaker)
08-06 17:29:10.940 31869 31893 I art     : Explicit concurrent mark sweep GC freed 104(3KB) AllocSpace objects, 0(0B) LOS objects, 40% free, 22MB/37MB, paused 214us total 22.354ms
08-06 17:29:10.948   512  2967 I soundtrigger: audio_extn_sound_trigger_update_device_status: device 0x2 of type 0 for Event 0
08-06 17:29:10.955 31869 31893 I art     : Starting a blocking GC Explicit
08-06 17:29:10.978 31869 31893 I art     : Explicit concurrent mark sweep GC freed 9(288B) AllocSpace objects, 0(0B) LOS objects, 40% free, 22MB/37MB, paused 212us total 22.742ms
08-06 17:29:10.993 31869 31893 I art     : Starting a blocking GC Explicit
08-06 17:29:11.016 31869 31893 I art     : Explicit concurrent mark sweep GC freed 3(96B) AllocSpace objects, 0(0B) LOS objects, 40% free, 22MB/37MB, paused 208us total 22.546ms
08-06 17:29:11.031 31869 31893 I art     : Starting a blocking GC Explicit
08-06 17:29:11.055 31869 31893 I art     : Explicit concurrent mark sweep GC freed 3(96B) AllocSpace objects, 0(0B) LOS objects, 40% free, 22MB/37MB, paused 219us total 23.159ms
08-06 17:29:11.081 32257 32257 D AndroidRuntime: >>>>>> START com.android.internal.os.RuntimeInit uid 2000 <<<<<<
08-06 17:29:11.087 32257 32257 D AndroidRuntime: CheckJNI is OFF
08-06 17:29:11.129 32257 32257 D ICU     : No timezone override file found: /data/misc/zoneinfo/current/icu/icu_tzdata.dat
08-06 17:29:11.172 32257 32257 I Radio-JNI: register_android_hardware_Radio DONE
08-06 17:29:11.202 32257 32257 D AndroidRuntime: Calling main entry com.android.commands.input.Input
08-06 17:29:11.205 32257 32257 I Input   : injectMotionEvent: MotionEvent { action=ACTION_DOWN, actionButton=0, id[0]=0, x[0]=477.0, y[0]=805.0, toolType[0]=TOOL_TYPE_UNKNOWN, buttonState=0, metaState=0, flags=0x0, edgeFlags=0x0, pointerCount=1, historySize=0, eventTime=898167617, downTime=898167617, deviceId=0, source=0x1002 }
08-06 17:29:11.208 32257 32257 I Input   : injectMotionEvent: MotionEvent { action=ACTION_UP, actionButton=0, id[0]=0, x[0]=477.0, y[0]=805.0, toolType[0]=TOOL_TYPE_UNKNOWN, buttonState=0, metaState=0, flags=0x0, edgeFlags=0x0, pointerCount=1, historySize=0, eventTime=898167617, downTime=898167617, deviceId=0, source=0x1002 }
08-06 17:29:11.212 32257 32257 D AndroidRuntime: Shutting down VM
08-06 17:29:11.257   518   646 I ThermalEngine: ACTION: GPU - Setting GPU[0] to 390000000
08-06 17:29:11.278   512  2967 D audio_hw_primary: out_set_parameters: enter: usecase(1: low-latency-playback) kvpairs: routing=2
08-06 17:29:11.291   512  2967 D audio_hw_primary: select_devices: out_snd_device(2: speaker) in_snd_device(0: none)
08-06 17:29:11.291   512  2967 D msm8974_platform: platform_send_audio_calibration: sending audio calibration for snd_device(2) acdb_id(15)
08-06 17:29:11.291   512  2967 I soundtrigger: audio_extn_sound_trigger_update_device_status: device 0x2 of type 0 for Event 1
08-06 17:29:11.301   512  2967 D audio_hw_primary: enable_snd_device: snd_device(2: speaker)
08-06 17:29:11.304   512  2967 D audio_hw_primary: enable_audio_route: apply and update mixer path: low-latency-playback speaker
08-06 17:29:11.346 31869 32173 I art     : Starting a blocking GC Explicit
08-06 17:29:11.348   512  2967 D AudioFlinger: mixer(0xf4740000) throttle end: throttle time(12)
08-06 17:29:11.378 31869 32173 I art     : Explicit concurrent mark sweep GC freed 2281(189KB) AllocSpace objects, 1(20KB) LOS objects, 40% free, 22MB/37MB, paused 780us total 31.200ms
08-06 17:29:11.397 31869 32173 I art     : Starting a blocking GC Explicit
08-06 17:29:11.430 31869 32173 I art     : Explicit concurrent mark sweep GC freed 427(21KB) AllocSpace objects, 0(0B) LOS objects, 40% free, 22MB/37MB, paused 603us total 32.965ms
08-06 17:29:11.448 31869 32173 I art     : Starting a blocking GC Explicit
08-06 17:29:11.493 31869 32173 I art     : Explicit concurrent mark sweep GC freed 215(8KB) AllocSpace objects, 0(0B) LOS objects, 40% free, 22MB/37MB, paused 500us total 44.046ms
08-06 17:29:11.518 31869 32173 I art     : Starting a blocking GC Explicit
08-06 17:29:11.547 31869 32173 I art     : Explicit concurrent mark sweep GC freed 32(864B) AllocSpace objects, 0(0B) LOS objects, 40% free, 22MB/37MB, paused 328us total 27.815ms
08-06 17:29:11.564 31869 32173 I art     : Starting a blocking GC Explicit
08-06 17:29:11.593 31869 32173 I art     : Explicit concurrent mark sweep GC freed 13(496B) AllocSpace objects, 0(0B) LOS objects, 40% free, 22MB/37MB, paused 288us total 28.621ms
08-06 17:29:11.839   512  2967 D audio_hw_primary: disable_audio_route: reset and update mixer path: low-latency-playback speaker
08-06 17:29:11.841   512  2967 D audio_hw_primary: disable_snd_device: snd_device(2: speaker)
08-06 17:29:11.854   512  2967 I soundtrigger: audio_extn_sound_trigger_update_device_status: device 0x2 of type 0 for Event 0
08-06 17:29:11.907 25638 25638 I ServiceManager: Waiting for service AtCmdFwd...
08-06 17:29:11.952 31869 31893 I art     : Starting a blocking GC Explicit
08-06 17:29:11.989 31869 31893 I art     : Explicit concurrent mark sweep GC freed 1339(78KB) AllocSpace objects, 1(20KB) LOS objects, 40% free, 22MB/37MB, paused 453us total 36.848ms
08-06 17:29:12.013 31869 31893 I art     : Starting a blocking GC Explicit
08-06 17:29:12.051 31869 31893 I art     : Explicit concurrent mark sweep GC freed 28(960B) AllocSpace objects, 0(0B) LOS objects, 40% free, 22MB/37MB, paused 674us total 37.693ms
08-06 17:29:12.075 31869 31893 I art     : Starting a blocking GC Explicit
08-06 17:29:12.110 31869 31893 I art     : Explicit concurrent mark sweep GC freed 3(96B) AllocSpace objects, 0(0B) LOS objects, 40% free, 22MB/37MB, paused 325us total 34.584ms
08-06 17:29:12.131 31869 31893 I art     : Starting a blocking GC Explicit
08-06 17:29:12.163 31869 31893 I art     : Explicit concurrent mark sweep GC freed 5(160B) AllocSpace objects, 0(0B) LOS objects, 40% free, 22MB/37MB, paused 281us total 31.494ms
08-06 17:29:12.181 31869 31893 I art     : Starting a blocking GC Explicit
08-06 17:29:12.210 31869 31893 I art     : Explicit concurrent mark sweep GC freed 3(96B) AllocSpace objects, 0(0B) LOS objects, 40% free, 22MB/37MB, paused 381us total 28.445ms
08-06 17:29:12.219 32290 32290 D AndroidRuntime: >>>>>> START com.android.internal.os.RuntimeInit uid 2000 <<<<<<
08-06 17:29:12.225 32290 32290 D AndroidRuntime: CheckJNI is OFF
08-06 17:29:12.278 32290 32290 D ICU     : No timezone override file found: /data/misc/zoneinfo/current/icu/icu_tzdata.dat
08-06 17:29:12.324 32290 32290 I Radio-JNI: register_android_hardware_Radio DONE
08-06 17:29:12.357 32290 32290 D AndroidRuntime: Calling main entry com.android.commands.input.Input
08-06 17:29:12.360 32290 32290 I Input   : injectMotionEvent: MotionEvent { action=ACTION_DOWN, actionButton=0, id[0]=0, x[0]=463.0, y[0]=464.0, toolType[0]=TOOL_TYPE_UNKNOWN, buttonState=0, metaState=0, flags=0x0, edgeFlags=0x0, pointerCount=1, historySize=0, eventTime=898168772, downTime=898168772, deviceId=0, source=0x1002 }
08-06 17:29:12.365 32290 32290 I Input   : injectMotionEvent: MotionEvent { action=ACTION_UP, actionButton=0, id[0]=0, x[0]=463.0, y[0]=464.0, toolType[0]=TOOL_TYPE_UNKNOWN, buttonState=0, metaState=0, flags=0x0, edgeFlags=0x0, pointerCount=1, historySize=0, eventTime=898168772, downTime=898168772, deviceId=0, source=0x1002 }
08-06 17:29:12.368 32290 32290 D AndroidRuntime: Shutting down VM
08-06 17:29:12.438   512  2967 D audio_hw_primary: out_set_parameters: enter: usecase(1: low-latency-playback) kvpairs: routing=2
08-06 17:29:12.453   512  2967 D audio_hw_primary: select_devices: out_snd_device(2: speaker) in_snd_device(0: none)
08-06 17:29:12.454   512  2967 D msm8974_platform: platform_send_audio_calibration: sending audio calibration for snd_device(2) acdb_id(15)
08-06 17:29:12.454   512  2967 I soundtrigger: audio_extn_sound_trigger_update_device_status: device 0x2 of type 0 for Event 1
08-06 17:29:12.459   918  4400 W InputMethodManagerService: Window already focused, ignoring focus gain of: com.android.internal.view.IInputMethodClient$Stub$Proxy@40e74c8 attribute=null, token = android.os.BinderProxy@d795344
08-06 17:29:12.469   512  2967 D audio_hw_primary: enable_snd_device: snd_device(2: speaker)
08-06 17:29:12.472   512  2967 D audio_hw_primary: enable_audio_route: apply and update mixer path: low-latency-playback speaker
08-06 17:29:12.515   512  2967 D AudioFlinger: mixer(0xf4740000) throttle end: throttle time(12)
08-06 17:29:12.544 31869 31882 I art     : Starting a blocking GC Explicit
08-06 17:29:12.576 31869 31882 I art     : Explicit concurrent mark sweep GC freed 1674(105KB) AllocSpace objects, 2(40KB) LOS objects, 40% free, 22MB/37MB, paused 319us total 31.739ms
08-06 17:29:12.597 31869 31882 I art     : Starting a blocking GC Explicit
08-06 17:29:12.630 31869 31882 I art     : Explicit concurrent mark sweep GC freed 115(6KB) AllocSpace objects, 0(0B) LOS objects, 40% free, 22MB/37MB, paused 452us total 32.885ms
08-06 17:29:12.645   380   380 W SurfaceFlinger: couldn't log to binary event log: overflow.
08-06 17:29:12.651 31869 31882 I art     : Starting a blocking GC Explicit
08-06 17:29:12.681 31869 31882 I art     : Explicit concurrent mark sweep GC freed 3(96B) AllocSpace objects, 0(0B) LOS objects, 40% free, 22MB/37MB, paused 280us total 29.818ms
08-06 17:29:12.699 31869 31882 I art     : Starting a blocking GC Explicit
08-06 17:29:12.725 31869 31882 I art     : Explicit concurrent mark sweep GC freed 3(96B) AllocSpace objects, 0(0B) LOS objects, 40% free, 22MB/37MB, paused 303us total 25.672ms
08-06 17:29:12.742 31869 31882 I art     : Starting a blocking GC Explicit
08-06 17:29:12.771 31869 31882 I art     : Explicit concurrent mark sweep GC freed 3(96B) AllocSpace objects, 0(0B) LOS objects, 40% free, 22MB/37MB, paused 358us total 28.646ms
08-06 17:29:12.908 25638 25638 I ServiceManager: Waiting for service AtCmdFwd...
08-06 17:29:12.999   512  2967 D audio_hw_primary: disable_audio_route: reset and update mixer path: low-latency-playback speaker
08-06 17:29:13.000   512  2967 D audio_hw_primary: disable_snd_device: snd_device(2: speaker)
08-06 17:29:13.010   512  2967 I soundtrigger: audio_extn_sound_trigger_update_device_status: device 0x2 of type 0 for Event 0
08-06 17:29:13.064 31869 31881 I art     : Starting a blocking GC Explicit
08-06 17:29:13.096 31869 31881 I art     : Explicit concurrent mark sweep GC freed 1439(83KB) AllocSpace objects, 1(20KB) LOS objects, 40% free, 22MB/37MB, paused 293us total 30.897ms
08-06 17:29:13.118 31869 31881 I art     : Starting a blocking GC Explicit
08-06 17:29:13.148 31869 31881 I art     : Explicit concurrent mark sweep GC freed 1771(119KB) AllocSpace objects, 0(0B) LOS objects, 40% free, 22MB/37MB, paused 442us total 29.476ms
08-06 17:29:13.153 31869 31869 I RedReader: Checking for new messages.
08-06 17:29:13.156 31869 31869 I RegularCachePruner: Pruning cache...
08-06 17:29:13.158 31869 32334 I RedditChangeDataManager: Pruning for all users...
08-06 17:29:13.158 31869 32334 I RedditChangeDataManager: Pruning complete.
08-06 17:29:13.161 31869 32334 I CacheManager: Pruning 0 files
08-06 17:29:13.172 31869 31881 I art     : Starting a blocking GC Explicit
08-06 17:29:13.179   918   918 I ActivityManager: Start proc 32335:nappagreedy.com.newsblur/u0a701 for service nappagreedy.com.newsblur/.service.NBSyncService
08-06 17:29:13.184 32335 32335 I art     : Late-enabling -Xcheck:jni
08-06 17:29:13.197 12162 12162 I Finsky  : [1] xow.onStartJob(3): SCH: onJobSchedulerWakeup with jobId 9007
08-06 17:29:13.201 31869 31881 I art     : Explicit concurrent mark sweep GC freed 148(10KB) AllocSpace objects, 0(0B) LOS objects, 40% free, 22MB/37MB, paused 408us total 28.456ms
08-06 17:29:13.206 12162 12162 I Finsky  : [1] xjw.a(9): Scheduling fallback in 43199992 (absolute: 1924757072)
08-06 17:29:13.213 12162 12162 I Finsky  : [1] xjw.a(9): Scheduling fallback in 64799993 (absolute: 1946357081)
08-06 17:29:13.223 31869 31881 I art     : Starting a blocking GC Explicit
08-06 17:29:13.229 32335 32335 W System  : ClassLoader referenced unknown path: /data/app/nappagreedy.com.newsblur-1/lib/arm64
08-06 17:29:13.249 31869 31881 I art     : Explicit concurrent mark sweep GC freed 22(816B) AllocSpace objects, 0(0B) LOS objects, 40% free, 22MB/37MB, paused 361us total 25.709ms
08-06 17:29:13.266 31869 31881 I art     : Starting a blocking GC Explicit
08-06 17:29:13.271 32322 32322 D AndroidRuntime: >>>>>> START com.android.internal.os.RuntimeInit uid 2000 <<<<<<
08-06 17:29:13.277 32322 32322 D AndroidRuntime: CheckJNI is OFF
08-06 17:29:13.293 31869 31881 I art     : Explicit concurrent mark sweep GC freed 3(96B) AllocSpace objects, 0(0B) LOS objects, 40% free, 22MB/37MB, paused 325us total 26.195ms
08-06 17:29:13.327 32322 32322 D ICU     : No timezone override file found: /data/misc/zoneinfo/current/icu/icu_tzdata.dat
08-06 17:29:13.338 12162 12162 I Finsky  : [1] xkf.handleMessage(8): SCH: DeviceState: DeviceState{currentTime=1596727753334, isCharging=false, isIdle=false, netAny=true, netNotRoaming=true, netUnmetered=true, batteryPercent=100.0}
08-06 17:29:13.343 12162 31839 I Finsky  : [6928] xmu.a(8): SCH: Jobs in database: 1-1337 3-225 3-226 12-1 24-77777777 26-1414141414 
08-06 17:29:13.347 12162 12162 I Finsky  : [1] xkg.a(16): SCH: Running job: 12-1
08-06 17:29:13.348 12162 12162 I Finsky  : [1] ContentSyncJob.a(16): [ContentSync] job started
08-06 17:29:13.349 12162 12162 I Finsky  : [1] xkf.handleMessage(61): SCH: RunningQueue size: 1, PendingQueue size: 0
08-06 17:29:13.349 12162 12162 I Finsky  : [1] xkf.handleMessage(64): SCH: Running queue: 12-1 
08-06 17:29:13.374 32322 32322 I Radio-JNI: register_android_hardware_Radio DONE
08-06 17:29:13.407 32322 32322 D AndroidRuntime: Calling main entry com.android.commands.input.Input
08-06 17:29:13.409 32322 32322 I Input   : injectKeyEvent: KeyEvent { action=ACTION_DOWN, keyCode=KEYCODE_BACK, scanCode=0, metaState=0, flags=0x0, repeatCount=0, eventTime=898169822, downTime=898169822, deviceId=-1, source=0x101 }
08-06 17:29:13.415 32322 32322 I Input   : injectKeyEvent: KeyEvent { action=ACTION_UP, keyCode=KEYCODE_BACK, scanCode=0, metaState=0, flags=0x0, repeatCount=0, eventTime=898169822, downTime=898169822, deviceId=-1, source=0x101 }
08-06 17:29:13.423 32322 32322 D AndroidRuntime: Shutting down VM
08-06 17:29:13.462 12162 31859 I Finsky  : [6935] dzn.a(22): Completed 0 account content syncs with 0 successful.
08-06 17:29:13.463 12162 12162 I Finsky  : [1] ContentSyncJob.a(1): [ContentSync] Installation state replication succeeded.
08-06 17:29:13.463 12162 12162 I Finsky  : [1] xlr.a(13): SCH: jobFinished: 12-1. TimeElapsed: 116ms.
08-06 17:29:13.465 12162 12162 I Finsky  : [1] xkg.a(36): SCH: Job 12-1 finished. Not rescheduling.
08-06 17:29:13.466 12162 12162 I Finsky  : [1] xkf.handleMessage(61): SCH: RunningQueue size: 0, PendingQueue size: 0
08-06 17:29:13.466 12162 12162 I Finsky  : [1] xkf.handleMessage(25): Executor finished
08-06 17:29:13.471 13866 13866 I GoogleInputMethodServic: GoogleInputMethodService.onFinishInput():3138 
08-06 17:29:13.471 13866 13866 I GoogleInputMethodServic: GoogleInputMethodService.onStartInput():1808 
08-06 17:29:13.496 12162 12162 I Finsky  : [1] xmu.a(8): SCH: Jobs in database: 1-1337 3-225 3-226 24-77777777 26-1414141414 
08-06 17:29:13.500 12162 12162 I Finsky  : [1] xio.a(57): SCH: ConstraintMapping: 24-77777777,  -> L: 0ms, D: 13257429ms, C: false, I: true, N: 0
08-06 17:29:13.500 12162 12162 I Finsky  : [1] xio.a(57): SCH: ConstraintMapping: 1-1337,  -> L: 16599413ms, D: 59799413ms, C: false, I: false, N: 1
08-06 17:29:13.501 12162 12162 I Finsky  : [1] xio.a(57): SCH: ConstraintMapping: 3-225,  -> L: 0ms, D: 56383357ms, C: false, I: true, N: 2
08-06 17:29:13.502 12162 12162 I Finsky  : [1] xio.a(57): SCH: ConstraintMapping: 3-226,  -> L: 0ms, D: 56383401ms, C: true, I: true, N: 2
08-06 17:29:13.503 12162 12162 I Finsky  : [1] xio.a(57): SCH: ConstraintMapping: 26-1414141414,  -> L: 21380800ms, D: 22280800ms, C: false, I: false, N: 0
08-06 17:29:13.521 12162 12162 I Finsky  : [1] xle.a(34): Cancelling existing jobscheduler jobs: 9001 9014 9013 9011 9012 9017 9019 9016 9018 
08-06 17:29:13.522 12162 12162 I Finsky  : [1] xle.a(10): Throttling wakeup for job 9000 (expected to run in 0 ms) due to recent wakeup
08-06 17:29:13.522 12162 12162 I Finsky  : [1] xle.a(27): Scheduling job Id: 9000, L: 30000, D: 13257429, C: false, I: true, N: 0
08-06 17:29:13.524 12162 12162 I Finsky  : [1] xle.a(27): Scheduling job Id: 9002, L: 16599413, D: 59799413, C: false, I: false, N: 1
08-06 17:29:13.526 12162 12162 I Finsky  : [1] xle.a(10): Throttling wakeup for job 9003 (expected to run in 0 ms) due to recent wakeup
08-06 17:29:13.526 12162 12162 I Finsky  : [1] xle.a(27): Scheduling job Id: 9003, L: 30000, D: 56383357, C: false, I: true, N: 2
08-06 17:29:13.527 12162 12162 I Finsky  : [1] xle.a(10): Throttling wakeup for job 9004 (expected to run in 0 ms) due to recent wakeup
08-06 17:29:13.528 12162 12162 I Finsky  : [1] xle.a(27): Scheduling job Id: 9004, L: 30000, D: 56383401, C: true, I: true, N: 2
08-06 17:29:13.529 12162 12162 I Finsky  : [1] xle.a(27): Scheduling job Id: 9005, L: 21380800, D: 22280800, C: false, I: false, N: 0
08-06 17:29:13.531 12162 12162 I Finsky  : [1] xle.a(10): Throttling wakeup for job 9006 (expected to run in 0 ms) due to recent wakeup
08-06 17:29:13.531 12162 12162 I Finsky  : [1] xle.a(27): Scheduling job Id: 9006, L: 30000, D: 13257429, C: false, I: true, N: 0
08-06 17:29:13.533 12162 12162 I Finsky  : [1] xle.a(27): Scheduling job Id: 9008, L: 16599413, D: 59799413, C: false, I: false, N: 1
08-06 17:29:13.534 12162 12162 I Finsky  : [1] xle.a(10): Throttling wakeup for job 9009 (expected to run in 0 ms) due to recent wakeup
08-06 17:29:13.534 12162 12162 I Finsky  : [1] xle.a(27): Scheduling job Id: 9009, L: 30000, D: 56383357, C: false, I: true, N: 2
08-06 17:29:13.535 12162 12162 I Finsky  : [1] xle.a(10): Throttling wakeup for job 9010 (expected to run in 0 ms) due to recent wakeup
08-06 17:29:13.536 12162 12162 I Finsky  : [1] xle.a(27): Scheduling job Id: 9010, L: 30000, D: 56383401, C: true, I: true, N: 2
08-06 17:29:13.537 12162 12162 I Finsky  : [1] xle.a(27): Scheduling job Id: 9015, L: 21380800, D: 22280800, C: false, I: false, N: 0
08-06 17:29:13.584 31869 32173 I art     : Starting a blocking GC Explicit
08-06 17:29:13.619 31869 32173 I art     : Explicit concurrent mark sweep GC freed 1442(84KB) AllocSpace objects, 1(20KB) LOS objects, 40% free, 22MB/37MB, paused 847us total 34.159ms
08-06 17:29:13.642 31869 32173 I art     : Starting a blocking GC Explicit
08-06 17:29:13.677 31869 32173 I art     : Explicit concurrent mark sweep GC freed 34(1200B) AllocSpace objects, 0(0B) LOS objects, 40% free, 22MB/37MB, paused 436us total 35.079ms
08-06 17:29:13.701 31869 32173 I art     : Starting a blocking GC Explicit
08-06 17:29:13.734 31869 32173 I art     : Explicit concurrent mark sweep GC freed 3(96B) AllocSpace objects, 0(0B) LOS objects, 40% free, 22MB/37MB, paused 760us total 32.579ms
08-06 17:29:13.755 31869 32173 I art     : Starting a blocking GC Explicit
08-06 17:29:13.762   380   380 W SurfaceFlinger: couldn't log to binary event log: overflow.
08-06 17:29:13.786 31869 32173 I art     : Explicit concurrent mark sweep GC freed 47(1824B) AllocSpace objects, 0(0B) LOS objects, 40% free, 22MB/37MB, paused 384us total 30.596ms
08-06 17:29:13.788   918   928 I ActivityManager: Killing 14349:com.google.process.gapps/u0a12 (adj 15): empty #17
08-06 17:29:13.803 31869 32173 I art     : Starting a blocking GC Explicit
08-06 17:29:13.827 31869 32173 I art     : Explicit concurrent mark sweep GC freed 10134(457KB) AllocSpace objects, 6(312KB) LOS objects, 40% free, 21MB/35MB, paused 377us total 24.221ms
08-06 17:29:13.909 25638 25638 I ServiceManager: Waiting for service AtCmdFwd...
08-06 17:29:14.117 31869 31893 I art     : Starting a blocking GC Explicit
08-06 17:29:14.146 31869 31893 I art     : Explicit concurrent mark sweep GC freed 3200(196KB) AllocSpace objects, 2(48KB) LOS objects, 40% free, 21MB/35MB, paused 448us total 27.934ms
08-06 17:29:14.146 31869 31879 I art     : WaitForGcToComplete blocked for 16.011ms for cause HeapTrim
08-06 17:29:14.166 31869 31893 I art     : Starting a blocking GC Explicit
08-06 17:29:14.191 31869 31893 I art     : Explicit concurrent mark sweep GC freed 20(704B) AllocSpace objects, 0(0B) LOS objects, 40% free, 21MB/35MB, paused 412us total 24.289ms
08-06 17:29:14.208 31869 31893 I art     : Starting a blocking GC Explicit
08-06 17:29:14.232 31869 31893 I art     : Explicit concurrent mark sweep GC freed 3(96B) AllocSpace objects, 0(0B) LOS objects, 40% free, 21MB/35MB, paused 301us total 23.564ms
08-06 17:29:14.249 31869 31893 I art     : Starting a blocking GC Explicit
08-06 17:29:14.273 31869 31893 I art     : Explicit concurrent mark sweep GC freed 3(96B) AllocSpace objects, 0(0B) LOS objects, 40% free, 21MB/35MB, paused 404us total 23.438ms
08-06 17:29:14.289 31869 31893 I art     : Starting a blocking GC Explicit
08-06 17:29:14.314 31869 31893 I art     : Explicit concurrent mark sweep GC freed 3(96B) AllocSpace objects, 0(0B) LOS objects, 40% free, 21MB/35MB, paused 306us total 24.005ms
08-06 17:29:14.348 32371 32371 D AndroidRuntime: >>>>>> START com.android.internal.os.RuntimeInit uid 2000 <<<<<<
08-06 17:29:14.354 32371 32371 D AndroidRuntime: CheckJNI is OFF
08-06 17:29:14.409 32371 32371 D ICU     : No timezone override file found: /data/misc/zoneinfo/current/icu/icu_tzdata.dat
08-06 17:29:14.458 32371 32371 I Radio-JNI: register_android_hardware_Radio DONE
08-06 17:29:14.491 32371 32371 D AndroidRuntime: Calling main entry com.android.commands.input.Input
08-06 17:29:14.493 32371 32371 I Input   : injectKeyEvent: KeyEvent { action=ACTION_DOWN, keyCode=KEYCODE_BACK, scanCode=0, metaState=0, flags=0x0, repeatCount=0, eventTime=898170906, downTime=898170906, deviceId=-1, source=0x101 }
08-06 17:29:14.499 32371 32371 I Input   : injectKeyEvent: KeyEvent { action=ACTION_UP, keyCode=KEYCODE_BACK, scanCode=0, metaState=0, flags=0x0, repeatCount=0, eventTime=898170906, downTime=898170906, deviceId=-1, source=0x101 }
08-06 17:29:14.506 32371 32371 D AndroidRuntime: Shutting down VM
08-06 17:29:14.551 13866 13866 I GoogleInputMethodServic: GoogleInputMethodService.onFinishInput():3138 
08-06 17:29:14.551 13866 13866 I GoogleInputMethodServic: GoogleInputMethodService.onStartInput():1808 
08-06 17:29:14.619 31869 31881 I art     : Starting a blocking GC Explicit
08-06 17:29:14.639 31869 31881 I art     : Explicit concurrent mark sweep GC freed 1513(85KB) AllocSpace objects, 1(20KB) LOS objects, 40% free, 21MB/35MB, paused 323us total 20.340ms
08-06 17:29:14.654 31869 31881 I art     : Starting a blocking GC Explicit
08-06 17:29:14.677 31869 31881 I art     : Explicit concurrent mark sweep GC freed 24(864B) AllocSpace objects, 0(0B) LOS objects, 40% free, 21MB/35MB, paused 330us total 22.208ms
08-06 17:29:14.693 31869 31881 I art     : Starting a blocking GC Explicit
08-06 17:29:14.716 31869 31881 I art     : Explicit concurrent mark sweep GC freed 3(96B) AllocSpace objects, 0(0B) LOS objects, 40% free, 21MB/35MB, paused 369us total 22.919ms
08-06 17:29:14.735 31869 31881 I art     : Starting a blocking GC Explicit
08-06 17:29:14.758 31869 31881 I art     : Explicit concurrent mark sweep GC freed 3(96B) AllocSpace objects, 0(0B) LOS objects, 40% free, 21MB/35MB, paused 362us total 22.722ms
08-06 17:29:14.774 31869 31881 I art     : Starting a blocking GC Explicit
08-06 17:29:14.797 31869 31881 I art     : Explicit concurrent mark sweep GC freed 3(96B) AllocSpace objects, 0(0B) LOS objects, 40% free, 21MB/35MB, paused 261us total 22.147ms
08-06 17:29:14.909 25638 25638 I ServiceManager: Waiting for service AtCmdFwd...
08-06 17:29:15.084 31869 31893 I art     : Starting a blocking GC Explicit
08-06 17:29:15.112 31869 31893 I art     : Explicit concurrent mark sweep GC freed 1362(79KB) AllocSpace objects, 1(20KB) LOS objects, 40% free, 21MB/35MB, paused 558us total 27.967ms
08-06 17:29:15.132 31869 31893 I art     : Starting a blocking GC Explicit
08-06 17:29:15.155 31869 31893 I art     : Explicit concurrent mark sweep GC freed 3049(203KB) AllocSpace objects, 1(28KB) LOS objects, 40% free, 21MB/35MB, paused 268us total 22.344ms
08-06 17:29:15.171 31869 31893 I art     : Starting a blocking GC Explicit
08-06 17:29:15.193 31869 31893 I art     : Explicit concurrent mark sweep GC freed 3(96B) AllocSpace objects, 0(0B) LOS objects, 40% free, 21MB/35MB, paused 250us total 21.981ms
08-06 17:29:15.210 31869 31893 I art     : Starting a blocking GC Explicit
08-06 17:29:15.233 31869 31893 I art     : Explicit concurrent mark sweep GC freed 3(96B) AllocSpace objects, 0(0B) LOS objects, 40% free, 21MB/35MB, paused 410us total 22.407ms
08-06 17:29:15.250 31869 31893 I art     : Starting a blocking GC Explicit
08-06 17:29:15.272 31869 31893 I art     : Explicit concurrent mark sweep GC freed 3(96B) AllocSpace objects, 0(0B) LOS objects, 40% free, 21MB/35MB, paused 286us total 21.486ms
08-06 17:29:15.397 32403 32403 D AndroidRuntime: >>>>>> START com.android.internal.os.RuntimeInit uid 2000 <<<<<<
08-06 17:29:15.405 32403 32403 D AndroidRuntime: CheckJNI is OFF
08-06 17:29:15.478 32403 32403 D ICU     : No timezone override file found: /data/misc/zoneinfo/current/icu/icu_tzdata.dat
08-06 17:29:15.523 32403 32403 I Radio-JNI: register_android_hardware_Radio DONE
08-06 17:29:15.555 32403 32403 D AndroidRuntime: Calling main entry com.android.commands.input.Input
08-06 17:29:15.557 32403 32403 I Input   : injectMotionEvent: MotionEvent { action=ACTION_DOWN, actionButton=0, id[0]=0, x[0]=600.0, y[0]=1536.0, toolType[0]=TOOL_TYPE_UNKNOWN, buttonState=0, metaState=0, flags=0x0, edgeFlags=0x0, pointerCount=1, historySize=0, eventTime=898171970, downTime=898171970, deviceId=0, source=0x1002 }
08-06 17:29:15.564 32403 32403 I Input   : injectMotionEvent: MotionEvent { action=ACTION_UP, actionButton=0, id[0]=0, x[0]=600.0, y[0]=1536.0, toolType[0]=TOOL_TYPE_UNKNOWN, buttonState=0, metaState=0, flags=0x0, edgeFlags=0x0, pointerCount=1, historySize=0, eventTime=898171970, downTime=898171970, deviceId=0, source=0x1002 }
08-06 17:29:15.567 32403 32403 D AndroidRuntime: Shutting down VM
08-06 17:29:15.571 31869 31881 I art     : Starting a blocking GC Explicit
08-06 17:29:15.589   512  2967 D audio_hw_primary: out_set_parameters: enter: usecase(1: low-latency-playback) kvpairs: routing=2
08-06 17:29:15.601 31869 31881 I art     : Explicit concurrent mark sweep GC freed 1397(84KB) AllocSpace objects, 1(20KB) LOS objects, 40% free, 21MB/35MB, paused 1.129ms total 28.984ms
08-06 17:29:15.601   918  6029 I ActivityManager: START u0 {dat=https://oauth.reddit.com/... cmp=baseline.org.quantumbadger.redreader/.activities.PostListingActivity} from uid 10705 on display 0
08-06 17:29:15.603   512  2967 D audio_hw_primary: select_devices: out_snd_device(2: speaker) in_snd_device(0: none)
08-06 17:29:15.603   512  2967 D msm8974_platform: platform_send_audio_calibration: sending audio calibration for snd_device(2) acdb_id(15)
08-06 17:29:15.603   512  2967 I soundtrigger: audio_extn_sound_trigger_update_device_status: device 0x2 of type 0 for Event 1
08-06 17:29:15.617   512  2967 D audio_hw_primary: enable_snd_device: snd_device(2: speaker)
08-06 17:29:15.618 31869 31881 I art     : Starting a blocking GC Explicit
08-06 17:29:15.619   512  2967 D audio_hw_primary: enable_audio_route: apply and update mixer path: low-latency-playback speaker
08-06 17:29:15.631 31869 31869 I AppCompatViewInflater: app:theme is now deprecated. Please move to using android:theme instead.
08-06 17:29:15.640 31869 31881 I art     : Explicit concurrent mark sweep GC freed 374(28KB) AllocSpace objects, 0(0B) LOS objects, 40% free, 21MB/35MB, paused 615us total 22.292ms
08-06 17:29:15.657 31869 31881 I art     : Starting a blocking GC Explicit
08-06 17:29:15.682 31869 31881 I art     : Explicit concurrent mark sweep GC freed 3578(243KB) AllocSpace objects, 0(0B) LOS objects, 40% free, 21MB/35MB, paused 627us total 24.837ms
08-06 17:29:15.700 31869 31881 I art     : Starting a blocking GC Explicit
08-06 17:29:15.717 31869 32436 I RawObjectDB query string: CREATE TABLE objects(RawObjectDB_id TEXT PRIMARY KEY ON CONFLICT REPLACE,RawObjectDB_timestamp INTEGER,accounts_active INTEGER,created INTEGER,created_utc INTEGER,description TEXT,description_html TEXT,display_name TEXT,header_img TEXT,header_title TEXT,id TEXT,name TEXT,over18 INTEGER,public_description TEXT,subscribers INTEGER,title TEXT,url TEXT)
08-06 17:29:15.724 31869 31881 I art     : Explicit concurrent mark sweep GC freed 479(27KB) AllocSpace objects, 0(0B) LOS objects, 40% free, 21MB/35MB, paused 532us total 23.630ms
08-06 17:29:15.742 31869 31881 I art     : Starting a blocking GC Explicit
08-06 17:29:15.771 31869 31881 I art     : Explicit concurrent mark sweep GC freed 1314(88KB) AllocSpace objects, 0(0B) LOS objects, 40% free, 21MB/35MB, paused 2.652ms total 28.803ms
08-06 17:29:15.773 13866 13866 I GoogleInputMethodServic: GoogleInputMethodService.onFinishInput():3138 
08-06 17:29:15.774   918   936 I ActivityManager: Displayed baseline.org.quantumbadger.redreader/.activities.PostListingActivity: +160ms
08-06 17:29:15.774 13866 13866 I GoogleInputMethodServic: GoogleInputMethodService.onStartInput():1808 
08-06 17:29:15.788 31869 32437 D OK      : calling: https://www.reddit.com/api/v1/access_token
08-06 17:29:15.910 25638 25638 W Atfwd_Sendcmd: AtCmdFwd service not published, waiting... retryCnt : 3
08-06 17:29:16.016   380   380 W SurfaceFlinger: couldn't log to binary event log: overflow.
08-06 17:29:16.111 31869 32173 I art     : Starting a blocking GC Explicit
08-06 17:29:16.154 31869 32173 I art     : Explicit concurrent mark sweep GC freed 24484(1647KB) AllocSpace objects, 14(1212KB) LOS objects, 40% free, 23MB/39MB, paused 1.124ms total 43.542ms
08-06 17:29:16.161   512  2967 D audio_hw_primary: disable_audio_route: reset and update mixer path: low-latency-playback speaker
08-06 17:29:16.162   512  2967 D audio_hw_primary: disable_snd_device: snd_device(2: speaker)
08-06 17:29:16.172   512  2967 I soundtrigger: audio_extn_sound_trigger_update_device_status: device 0x2 of type 0 for Event 0
08-06 17:29:16.177 31869 32173 I art     : Starting a blocking GC Explicit
08-06 17:29:16.220 31869 32173 I art     : Explicit concurrent mark sweep GC freed 9961(663KB) AllocSpace objects, 1(160KB) LOS objects, 40% free, 23MB/39MB, paused 1.477ms total 42.550ms
08-06 17:29:16.240 31869 32173 I art     : Starting a blocking GC Explicit
08-06 17:29:16.256 31869 32437 D OK      : request got status: 200
08-06 17:29:16.267 31869 32437 D OK      : calling: https://oauth.reddit.com/r/askscience/about.json
08-06 17:29:16.283 31869 32173 I art     : Explicit concurrent mark sweep GC freed 8858(559KB) AllocSpace objects, 1(20KB) LOS objects, 39% free, 24MB/40MB, paused 729us total 42.511ms
08-06 17:29:16.304 31869 32173 I art     : Starting a blocking GC Explicit
08-06 17:29:16.344 31869 32173 I art     : Explicit concurrent mark sweep GC freed 255(24KB) AllocSpace objects, 2(320KB) LOS objects, 40% free, 23MB/39MB, paused 490us total 40.140ms
08-06 17:29:16.365 31869 32173 I art     : Starting a blocking GC Explicit
08-06 17:29:16.406 31869 32173 I art     : Explicit concurrent mark sweep GC freed 17(720B) AllocSpace objects, 0(0B) LOS objects, 40% free, 23MB/39MB, paused 636us total 40.657ms
08-06 17:29:16.647 31869 32437 I NAPPA_EXPERIMENTATION: MetricNetworkRequestExecutionTime: REQUEST_DURATION_SYSTEM='380',REQUEST_DURATION_OKHTTP='140',REQUEST_SYNCHRONOUS='TRUE',RESPONSE_CODE='200',RESPONSE_METHOD='GET',RESPONSE_LENGTH_OKHTTP='-1',RESPONSE_LENGTH_HEADER='4700',REQUEST_PROTOCOL='h2',REQUEST_URL='https://oauth.reddit.com/r/askscience/about.json',
08-06 17:29:16.648 31869 32437 D OK      : request got status: 200
08-06 17:29:16.712 31869 31893 I art     : Starting a blocking GC Explicit
08-06 17:29:16.760 31869 31893 I art     : Explicit concurrent mark sweep GC freed 5316(414KB) AllocSpace objects, 4(176KB) LOS objects, 39% free, 24MB/40MB, paused 1.241ms total 47.635ms
08-06 17:29:16.781 31869 31893 I art     : Starting a blocking GC Explicit
08-06 17:29:16.823 31869 31893 I art     : Explicit concurrent mark sweep GC freed 277(12KB) AllocSpace objects, 0(0B) LOS objects, 39% free, 24MB/40MB, paused 561us total 41.760ms
08-06 17:29:16.846 31869 31893 I art     : Starting a blocking GC Explicit
08-06 17:29:16.888 31869 31893 I art     : Explicit concurrent mark sweep GC freed 46(3KB) AllocSpace objects, 0(0B) LOS objects, 39% free, 24MB/40MB, paused 610us total 42.504ms
08-06 17:29:16.910 31869 31893 I art     : Starting a blocking GC Explicit
08-06 17:29:16.953 31869 31893 I art     : Explicit concurrent mark sweep GC freed 3(96B) AllocSpace objects, 0(0B) LOS objects, 39% free, 24MB/40MB, paused 614us total 42.409ms
08-06 17:29:16.974 31869 32467 D OK      : calling: https://oauth.reddit.com/r/askscience/hot/.json
08-06 17:29:16.974 31869 31893 I art     : Starting a blocking GC Explicit
08-06 17:29:17.018 31869 31893 I art     : Explicit concurrent mark sweep GC freed 102(4KB) AllocSpace objects, 0(0B) LOS objects, 39% free, 24MB/40MB, paused 1.033ms total 42.865ms
08-06 17:29:17.235 31869 32467 I NAPPA_EXPERIMENTATION: MetricNetworkRequestExecutionTime: REQUEST_DURATION_SYSTEM='261',REQUEST_DURATION_OKHTTP='255',REQUEST_SYNCHRONOUS='TRUE',RESPONSE_CODE='200',RESPONSE_METHOD='GET',RESPONSE_LENGTH_OKHTTP='-1',RESPONSE_LENGTH_HEADER='21282',REQUEST_PROTOCOL='h2',REQUEST_URL='https://oauth.reddit.com/r/askscience/hot/.json',
08-06 17:29:17.235 31869 32467 D OK      : request got status: 200
08-06 17:29:17.248 31869 32465 I PostListingFragment: Precaching images: OFF
08-06 17:29:17.248 31869 32465 I PostListingFragment: Precaching comments: OFF
08-06 17:29:17.350 31869 32173 I art     : Starting a blocking GC Explicit
08-06 17:29:17.401 31869 32173 I art     : Explicit concurrent mark sweep GC freed 6826(487KB) AllocSpace objects, 3(156KB) LOS objects, 39% free, 24MB/40MB, paused 795us total 49.702ms
08-06 17:29:17.424 31869 32173 I art     : Starting a blocking GC Explicit
08-06 17:29:17.472 31869 32173 I art     : Explicit concurrent mark sweep GC freed 2646(109KB) AllocSpace objects, 0(0B) LOS objects, 39% free, 24MB/40MB, paused 750us total 47.830ms
08-06 17:29:17.494 31869 32173 I art     : Starting a blocking GC Explicit
08-06 17:29:17.545 31869 32173 I art     : Explicit concurrent mark sweep GC freed 2865(105KB) AllocSpace objects, 0(0B) LOS objects, 39% free, 24MB/40MB, paused 806us total 49.968ms
08-06 17:29:17.568 31869 32173 I art     : Starting a blocking GC Explicit
08-06 17:29:17.617 31869 32173 I art     : Explicit concurrent mark sweep GC freed 2419(92KB) AllocSpace objects, 0(0B) LOS objects, 39% free, 24MB/40MB, paused 869us total 49.446ms
08-06 17:29:17.640 31869 32173 I art     : Starting a blocking GC Explicit
08-06 17:29:17.690 31869 32173 I art     : Explicit concurrent mark sweep GC freed 2679(98KB) AllocSpace objects, 0(0B) LOS objects, 39% free, 24MB/40MB, paused 1.127ms total 48.955ms
08-06 17:29:17.999 31869 31893 I art     : Starting a blocking GC Explicit
08-06 17:29:18.049 31869 31893 I art     : Explicit concurrent mark sweep GC freed 21518(980KB) AllocSpace objects, 1(20KB) LOS objects, 39% free, 24MB/40MB, paused 995us total 49.710ms
08-06 17:29:18.072 31869 31893 I art     : Starting a blocking GC Explicit
08-06 17:29:18.116 31869 31893 I art     : Explicit concurrent mark sweep GC freed 1437(60KB) AllocSpace objects, 0(0B) LOS objects, 39% free, 24MB/40MB, paused 450us total 44.134ms
08-06 17:29:18.139 31869 31893 I art     : Starting a blocking GC Explicit
08-06 17:29:18.186 31869 31893 I art     : Explicit concurrent mark sweep GC freed 95(5KB) AllocSpace objects, 0(0B) LOS objects, 39% free, 24MB/40MB, paused 886us total 46.485ms
08-06 17:29:18.209 31869 31893 I art     : Starting a blocking GC Explicit
08-06 17:29:18.256 31869 31893 I art     : Explicit concurrent mark sweep GC freed 105(5KB) AllocSpace objects, 0(0B) LOS objects, 39% free, 24MB/40MB, paused 580us total 46.310ms
08-06 17:29:18.276 31869 31893 I art     : Starting a blocking GC Explicit
08-06 17:29:18.319 31869 31893 I art     : Explicit concurrent mark sweep GC freed 73(4KB) AllocSpace objects, 0(0B) LOS objects, 39% free, 24MB/40MB, paused 547us total 42.658ms
08-06 17:29:18.630 31869 31881 I art     : Starting a blocking GC Explicit
08-06 17:29:18.687 31869 31881 I art     : Explicit concurrent mark sweep GC freed 1514(85KB) AllocSpace objects, 1(20KB) LOS objects, 39% free, 24MB/40MB, paused 499us total 56.934ms
08-06 17:29:18.711 31869 31881 I art     : Starting a blocking GC Explicit
08-06 17:29:18.758 31869 31881 I art     : Explicit concurrent mark sweep GC freed 20(704B) AllocSpace objects, 0(0B) LOS objects, 39% free, 24MB/40MB, paused 719us total 46.595ms
08-06 17:29:18.780 31869 31881 I art     : Starting a blocking GC Explicit
08-06 17:29:18.832 31869 31881 I art     : Explicit concurrent mark sweep GC freed 3(96B) AllocSpace objects, 0(0B) LOS objects, 39% free, 24MB/40MB, paused 596us total 51.193ms
08-06 17:29:18.854 31869 31881 I art     : Starting a blocking GC Explicit
08-06 17:29:18.893 31869 31881 I art     : Explicit concurrent mark sweep GC freed 3(96B) AllocSpace objects, 0(0B) LOS objects, 39% free, 24MB/40MB, paused 438us total 39.019ms
08-06 17:29:18.913 31869 31881 I art     : Starting a blocking GC Explicit
08-06 17:29:18.954 31869 31881 I art     : Explicit concurrent mark sweep GC freed 3(96B) AllocSpace objects, 0(0B) LOS objects, 39% free, 24MB/40MB, paused 454us total 40.415ms
08-06 17:29:19.267   518   646 I ThermalEngine: ACTION: GPU - Setting GPU[0] to 450000000
08-06 17:29:19.271 31869 31882 I art     : Starting a blocking GC Explicit
08-06 17:29:19.313 31869 31882 I art     : Explicit concurrent mark sweep GC freed 1349(78KB) AllocSpace objects, 1(20KB) LOS objects, 39% free, 24MB/40MB, paused 335us total 41.961ms
08-06 17:29:19.330 31869 31882 I art     : Starting a blocking GC Explicit
08-06 17:29:19.368 31869 31882 I art     : Explicit concurrent mark sweep GC freed 20(704B) AllocSpace objects, 0(0B) LOS objects, 39% free, 24MB/40MB, paused 362us total 37.305ms
08-06 17:29:19.389 31869 31882 I art     : Starting a blocking GC Explicit
08-06 17:29:19.430 31869 31882 I art     : Explicit concurrent mark sweep GC freed 3(96B) AllocSpace objects, 0(0B) LOS objects, 39% free, 24MB/40MB, paused 357us total 41.087ms
08-06 17:29:19.447 31869 31882 I art     : Starting a blocking GC Explicit
08-06 17:29:19.488 31869 31882 I art     : Explicit concurrent mark sweep GC freed 3(96B) AllocSpace objects, 0(0B) LOS objects, 39% free, 24MB/40MB, paused 360us total 40.033ms
08-06 17:29:19.505 31869 31882 I art     : Starting a blocking GC Explicit
08-06 17:29:19.546 31869 31882 I art     : Explicit concurrent mark sweep GC freed 3(96B) AllocSpace objects, 0(0B) LOS objects, 39% free, 24MB/40MB, paused 341us total 40.882ms
08-06 17:29:19.901 31869 31893 I art     : Starting a blocking GC Explicit
08-06 17:29:19.951 31869 31893 I art     : Explicit concurrent mark sweep GC freed 1346(78KB) AllocSpace objects, 1(20KB) LOS objects, 39% free, 24MB/40MB, paused 369us total 49.136ms
08-06 17:29:19.971 31869 31893 I art     : Starting a blocking GC Explicit
08-06 17:29:20.012 31869 31893 I art     : Explicit concurrent mark sweep GC freed 20(704B) AllocSpace objects, 0(0B) LOS objects, 39% free, 24MB/40MB, paused 338us total 40.981ms
08-06 17:29:20.030 31869 31893 I art     : Starting a blocking GC Explicit
08-06 17:29:20.070 31869 31893 I art     : Explicit concurrent mark sweep GC freed 3(96B) AllocSpace objects, 0(0B) LOS objects, 39% free, 24MB/40MB, paused 317us total 39.625ms
08-06 17:29:20.087 31869 31893 I art     : Starting a blocking GC Explicit
08-06 17:29:20.126 31869 31893 I art     : Explicit concurrent mark sweep GC freed 3(96B) AllocSpace objects, 0(0B) LOS objects, 39% free, 24MB/40MB, paused 330us total 39.482ms
08-06 17:29:20.144 31869 31893 I art     : Starting a blocking GC Explicit
08-06 17:29:20.185 31869 31893 I art     : Explicit concurrent mark sweep GC freed 3(96B) AllocSpace objects, 0(0B) LOS objects, 39% free, 24MB/40MB, paused 331us total 40.449ms
08-06 17:29:20.543 31869 32173 I art     : Starting a blocking GC Explicit
08-06 17:29:20.593 31869 32173 I art     : Explicit concurrent mark sweep GC freed 1346(78KB) AllocSpace objects, 1(20KB) LOS objects, 39% free, 24MB/40MB, paused 358us total 49.463ms
08-06 17:29:20.612 31869 32173 I art     : Starting a blocking GC Explicit
08-06 17:29:20.652 31869 32173 I art     : Explicit concurrent mark sweep GC freed 20(704B) AllocSpace objects, 0(0B) LOS objects, 39% free, 24MB/40MB, paused 414us total 40.522ms
08-06 17:29:20.670 31869 32173 I art     : Starting a blocking GC Explicit
08-06 17:29:20.710 31869 32173 I art     : Explicit concurrent mark sweep GC freed 3(96B) AllocSpace objects, 0(0B) LOS objects, 39% free, 24MB/40MB, paused 354us total 40.226ms
08-06 17:29:20.728 31869 32173 I art     : Starting a blocking GC Explicit
08-06 17:29:20.769 31869 32173 I art     : Explicit concurrent mark sweep GC freed 3(96B) AllocSpace objects, 0(0B) LOS objects, 39% free, 24MB/40MB, paused 357us total 40.364ms
08-06 17:29:20.786 31869 32173 I art     : Starting a blocking GC Explicit
08-06 17:29:20.825 31869 32173 I art     : Explicit concurrent mark sweep GC freed 3(96B) AllocSpace objects, 0(0B) LOS objects, 39% free, 24MB/40MB, paused 322us total 39.083ms
08-06 17:29:21.133 31869 31881 I art     : Starting a blocking GC Explicit
08-06 17:29:21.181 31869 31881 I art     : Explicit concurrent mark sweep GC freed 1350(79KB) AllocSpace objects, 1(20KB) LOS objects, 39% free, 24MB/40MB, paused 354us total 46.770ms
08-06 17:29:21.202 31869 31881 I art     : Starting a blocking GC Explicit
08-06 17:29:21.241 31869 31881 I art     : Explicit concurrent mark sweep GC freed 20(704B) AllocSpace objects, 0(0B) LOS objects, 39% free, 24MB/40MB, paused 333us total 39.061ms
08-06 17:29:21.259 31869 31881 I art     : Starting a blocking GC Explicit
08-06 17:29:21.298 31869 31881 I art     : Explicit concurrent mark sweep GC freed 3(96B) AllocSpace objects, 0(0B) LOS objects, 39% free, 24MB/40MB, paused 339us total 39.198ms
08-06 17:29:21.315 31869 31881 I art     : Starting a blocking GC Explicit
08-06 17:29:21.354 31869 31881 I art     : Explicit concurrent mark sweep GC freed 3(96B) AllocSpace objects, 0(0B) LOS objects, 39% free, 24MB/40MB, paused 350us total 38.277ms
08-06 17:29:21.371 31869 31881 I art     : Starting a blocking GC Explicit
08-06 17:29:21.405 32529 32529 D AndroidRuntime: >>>>>> START com.android.internal.os.RuntimeInit uid 2000 <<<<<<
08-06 17:29:21.409 31869 31881 I art     : Explicit concurrent mark sweep GC freed 3(96B) AllocSpace objects, 0(0B) LOS objects, 39% free, 24MB/40MB, paused 332us total 37.819ms
08-06 17:29:21.411 32529 32529 D AndroidRuntime: CheckJNI is OFF
08-06 17:29:21.455 32529 32529 D ICU     : No timezone override file found: /data/misc/zoneinfo/current/icu/icu_tzdata.dat
08-06 17:29:21.501 32529 32529 I Radio-JNI: register_android_hardware_Radio DONE
08-06 17:29:21.531 32529 32529 D AndroidRuntime: Calling main entry com.android.commands.input.Input
08-06 17:29:21.535 32529 32529 I Input   : injectMotionEvent: MotionEvent { action=ACTION_DOWN, actionButton=0, id[0]=0, x[0]=600.0, y[0]=700.0, toolType[0]=TOOL_TYPE_UNKNOWN, buttonState=0, metaState=0, flags=0x0, edgeFlags=0x0, pointerCount=1, historySize=0, eventTime=898177947, downTime=898177947, deviceId=0, source=0x1002 }
08-06 17:29:21.548 32529 32529 I Input   : injectMotionEvent: MotionEvent { action=ACTION_UP, actionButton=0, id[0]=0, x[0]=600.0, y[0]=700.0, toolType[0]=TOOL_TYPE_UNKNOWN, buttonState=0, metaState=0, flags=0x0, edgeFlags=0x0, pointerCount=1, historySize=0, eventTime=898177947, downTime=898177947, deviceId=0, source=0x1002 }
08-06 17:29:21.551 31869 31869 I RRChoreographer: Using modern Choreographer
08-06 17:29:21.552 32529 32529 D AndroidRuntime: Shutting down VM
08-06 17:29:21.564   512  2967 D audio_hw_primary: out_set_parameters: enter: usecase(1: low-latency-playback) kvpairs: routing=2
08-06 17:29:21.566   918  3670 I ActivityManager: START u0 {dat=https://oauth.reddit.com/... cmp=baseline.org.quantumbadger.redreader/.activities.CommentListingActivity} from uid 10705 on display 0
08-06 17:29:21.577   512  2967 D audio_hw_primary: select_devices: out_snd_device(2: speaker) in_snd_device(0: none)
08-06 17:29:21.577   512  2967 D msm8974_platform: platform_send_audio_calibration: sending audio calibration for snd_device(2) acdb_id(15)
08-06 17:29:21.577   512  2967 I soundtrigger: audio_extn_sound_trigger_update_device_status: device 0x2 of type 0 for Event 1
08-06 17:29:21.589   512  2967 D audio_hw_primary: enable_snd_device: snd_device(2: speaker)
08-06 17:29:21.592   512  2967 D audio_hw_primary: enable_audio_route: apply and update mixer path: low-latency-playback speaker
08-06 17:29:21.593 31869 31869 I AppCompatViewInflater: app:theme is now deprecated. Please move to using android:theme instead.
08-06 17:29:21.616 31869 32562 D OK      : calling: https://oauth.reddit.com/comments/gvc7k9/.json?sort=confidence
08-06 17:29:21.699 31869 31881 I art     : Starting a blocking GC Explicit
08-06 17:29:21.705   918   936 I ActivityManager: Displayed baseline.org.quantumbadger.redreader/.activities.CommentListingActivity: +126ms
08-06 17:29:21.705 13866 13866 I GoogleInputMethodServic: GoogleInputMethodService.onFinishInput():3138 
08-06 17:29:21.707 13866 13866 I GoogleInputMethodServic: GoogleInputMethodService.onStartInput():1808 
08-06 17:29:21.737 31869 31881 I art     : Explicit concurrent mark sweep GC freed 4187(269KB) AllocSpace objects, 1(20KB) LOS objects, 39% free, 24MB/40MB, paused 382us total 37.582ms
08-06 17:29:21.755 31869 31881 I art     : Starting a blocking GC Explicit
08-06 17:29:21.790 31869 31881 I art     : Explicit concurrent mark sweep GC freed 440(21KB) AllocSpace objects, 0(0B) LOS objects, 39% free, 24MB/40MB, paused 372us total 34.260ms
08-06 17:29:21.807 31869 31881 I art     : Starting a blocking GC Explicit
08-06 17:29:21.844 31869 31881 I art     : Explicit concurrent mark sweep GC freed 129(13KB) AllocSpace objects, 0(0B) LOS objects, 39% free, 24MB/40MB, paused 450us total 36.722ms
08-06 17:29:21.845 31869 32562 I NAPPA_EXPERIMENTATION: MetricNetworkRequestExecutionTime: REQUEST_DURATION_SYSTEM='228',REQUEST_DURATION_OKHTTP='224',REQUEST_SYNCHRONOUS='TRUE',RESPONSE_CODE='200',RESPONSE_METHOD='GET',RESPONSE_LENGTH_OKHTTP='-1',RESPONSE_LENGTH_HEADER='90132',REQUEST_PROTOCOL='h2',REQUEST_URL='https://oauth.reddit.com/comments/gvc7k9/.json?sort=confidence',
08-06 17:29:21.845 31869 32562 D OK      : request got status: 200
08-06 17:29:21.855 31869 32465 I CommentListingActivity: COMMENTS session changed to f4cd4ff4-3466-4b6f-bb86-3f0104f281e7
08-06 17:29:21.861 31869 31881 I art     : Starting a blocking GC Explicit
08-06 17:29:21.904 31869 31881 I art     : Explicit concurrent mark sweep GC freed 929(157KB) AllocSpace objects, 0(0B) LOS objects, 38% free, 25MB/41MB, paused 1.017ms total 42.941ms
08-06 17:29:21.922 31869 31881 I art     : Starting a blocking GC Explicit
08-06 17:29:21.954   380   380 W SurfaceFlinger: couldn't log to binary event log: overflow.
08-06 17:29:21.969 31869 31881 I art     : Explicit concurrent mark sweep GC freed 9151(597KB) AllocSpace objects, 2(36KB) LOS objects, 37% free, 26MB/42MB, paused 1.183ms total 47.027ms
08-06 17:29:22.128   512  2967 D audio_hw_primary: disable_audio_route: reset and update mixer path: low-latency-playback speaker
08-06 17:29:22.129   512  2967 D audio_hw_primary: disable_snd_device: snd_device(2: speaker)
08-06 17:29:22.137   512  2967 I soundtrigger: audio_extn_sound_trigger_update_device_status: device 0x2 of type 0 for Event 0
08-06 17:29:22.257 31869 31882 I art     : Starting a blocking GC Explicit
08-06 17:29:22.323 31869 31882 I art     : Explicit concurrent mark sweep GC freed 53087(3MB) AllocSpace objects, 4(172KB) LOS objects, 36% free, 27MB/43MB, paused 338us total 65.311ms
08-06 17:29:22.344 31869 31882 I art     : Starting a blocking GC Explicit
08-06 17:29:22.397 31869 31882 I art     : Explicit concurrent mark sweep GC freed 39(1520B) AllocSpace objects, 0(0B) LOS objects, 36% free, 27MB/43MB, paused 367us total 52.277ms
08-06 17:29:22.417 31869 31882 I art     : Starting a blocking GC Explicit
08-06 17:29:22.469 31869 31882 I art     : Explicit concurrent mark sweep GC freed 3(96B) AllocSpace objects, 0(0B) LOS objects, 36% free, 27MB/43MB, paused 352us total 51.821ms
08-06 17:29:22.489 31869 31882 I art     : Starting a blocking GC Explicit
08-06 17:29:22.538 31869 31882 I art     : Explicit concurrent mark sweep GC freed 3(96B) AllocSpace objects, 0(0B) LOS objects, 36% free, 27MB/43MB, paused 313us total 47.855ms
08-06 17:29:22.557 31869 31882 I art     : Starting a blocking GC Explicit
08-06 17:29:22.608 31869 31882 I art     : Explicit concurrent mark sweep GC freed 3(96B) AllocSpace objects, 0(0B) LOS objects, 36% free, 27MB/43MB, paused 310us total 50.556ms
08-06 17:29:22.915 31869 31881 I art     : Starting a blocking GC Explicit
08-06 17:29:22.987 31869 31881 I art     : Explicit concurrent mark sweep GC freed 1346(78KB) AllocSpace objects, 1(20KB) LOS objects, 36% free, 27MB/43MB, paused 365us total 71.538ms
08-06 17:29:23.011 31869 31881 I art     : Starting a blocking GC Explicit
08-06 17:29:23.067 31869 31881 I art     : Explicit concurrent mark sweep GC freed 66(2528B) AllocSpace objects, 0(0B) LOS objects, 36% free, 27MB/43MB, paused 349us total 56.180ms
08-06 17:29:23.090 31869 31881 I art     : Starting a blocking GC Explicit
08-06 17:29:23.145 31869 31881 I art     : Explicit concurrent mark sweep GC freed 3(96B) AllocSpace objects, 0(0B) LOS objects, 36% free, 27MB/43MB, paused 341us total 54.583ms
08-06 17:29:23.165 31869 31881 I art     : Starting a blocking GC Explicit
08-06 17:29:23.219 31869 31881 I art     : Explicit concurrent mark sweep GC freed 3(96B) AllocSpace objects, 0(0B) LOS objects, 36% free, 27MB/43MB, paused 338us total 53.438ms
08-06 17:29:23.239 31869 31881 I art     : Starting a blocking GC Explicit
08-06 17:29:23.294 31869 31881 I art     : Explicit concurrent mark sweep GC freed 3(96B) AllocSpace objects, 0(0B) LOS objects, 36% free, 27MB/43MB, paused 341us total 55.091ms
08-06 17:29:23.624 31869 32173 I art     : Starting a blocking GC Explicit
08-06 17:29:23.697 31869 32173 I art     : Explicit concurrent mark sweep GC freed 1346(78KB) AllocSpace objects, 1(20KB) LOS objects, 36% free, 27MB/43MB, paused 349us total 72.333ms
08-06 17:29:23.718 31869 32173 I art     : Starting a blocking GC Explicit
08-06 17:29:23.779 31869 32173 I art     : Explicit concurrent mark sweep GC freed 20(704B) AllocSpace objects, 0(0B) LOS objects, 36% free, 27MB/43MB, paused 370us total 60.167ms
08-06 17:29:23.799 31869 32173 I art     : Starting a blocking GC Explicit
08-06 17:29:23.860 31869 32173 I art     : Explicit concurrent mark sweep GC freed 3(96B) AllocSpace objects, 0(0B) LOS objects, 36% free, 27MB/43MB, paused 382us total 60.645ms
08-06 17:29:23.883 31869 32173 I art     : Starting a blocking GC Explicit
08-06 17:29:23.947 31869 32173 I art     : Explicit concurrent mark sweep GC freed 3(96B) AllocSpace objects, 0(0B) LOS objects, 36% free, 27MB/43MB, paused 385us total 63.627ms
08-06 17:29:23.970 31869 32173 I art     : Starting a blocking GC Explicit
08-06 17:29:24.030 31869 32173 I art     : Explicit concurrent mark sweep GC freed 3(96B) AllocSpace objects, 0(0B) LOS objects, 36% free, 27MB/43MB, paused 370us total 59.396ms
08-06 17:29:24.364 31869 31893 I art     : Starting a blocking GC Explicit
08-06 17:29:24.433 31869 31893 I art     : Explicit concurrent mark sweep GC freed 1346(78KB) AllocSpace objects, 1(20KB) LOS objects, 36% free, 27MB/43MB, paused 364us total 68.522ms
08-06 17:29:24.457 31869 31893 I art     : Starting a blocking GC Explicit
08-06 17:29:24.483   918  3261 D WifiStateMachine: starting scan for "H369AA63323"WPA_PSK with 2412,5180
08-06 17:29:24.517 31869 31893 I art     : Explicit concurrent mark sweep GC freed 20(704B) AllocSpace objects, 0(0B) LOS objects, 36% free, 27MB/43MB, paused 351us total 59.479ms
08-06 17:29:24.537 31869 31893 I art     : Starting a blocking GC Explicit
08-06 17:29:24.592 31869 31893 I art     : Explicit concurrent mark sweep GC freed 3(96B) AllocSpace objects, 0(0B) LOS objects, 36% free, 27MB/43MB, paused 340us total 54.658ms
08-06 17:29:24.611 31869 31893 I art     : Starting a blocking GC Explicit
08-06 17:29:24.671 31869 31893 I art     : Explicit concurrent mark sweep GC freed 3(96B) AllocSpace objects, 0(0B) LOS objects, 36% free, 27MB/43MB, paused 351us total 59.728ms
08-06 17:29:24.692 31869 31893 I art     : Starting a blocking GC Explicit
08-06 17:29:24.750 31869 31893 I art     : Explicit concurrent mark sweep GC freed 3(96B) AllocSpace objects, 0(0B) LOS objects, 36% free, 27MB/43MB, paused 346us total 57.606ms
08-06 17:29:25.075 31869 31882 I art     : Starting a blocking GC Explicit
08-06 17:29:25.140 31869 31882 I art     : Explicit concurrent mark sweep GC freed 1346(78KB) AllocSpace objects, 1(20KB) LOS objects, 36% free, 27MB/43MB, paused 359us total 65.270ms
08-06 17:29:25.161 31869 31882 I art     : Starting a blocking GC Explicit
08-06 17:29:25.222 31869 31882 I art     : Explicit concurrent mark sweep GC freed 20(704B) AllocSpace objects, 0(0B) LOS objects, 36% free, 27MB/43MB, paused 389us total 60.801ms
08-06 17:29:25.246 31869 31882 I art     : Starting a blocking GC Explicit
08-06 17:29:25.308 31869 31882 I art     : Explicit concurrent mark sweep GC freed 3(96B) AllocSpace objects, 0(0B) LOS objects, 36% free, 27MB/43MB, paused 372us total 61.670ms
08-06 17:29:25.331 31869 31882 I art     : Starting a blocking GC Explicit
08-06 17:29:25.390 31869 31882 I art     : Explicit concurrent mark sweep GC freed 3(96B) AllocSpace objects, 0(0B) LOS objects, 36% free, 27MB/43MB, paused 339us total 59.030ms
08-06 17:29:25.411 31869 31882 I art     : Starting a blocking GC Explicit
08-06 17:29:25.474 31869 31882 I art     : Explicit concurrent mark sweep GC freed 3(96B) AllocSpace objects, 0(0B) LOS objects, 36% free, 27MB/43MB, paused 354us total 62.777ms
08-06 17:29:25.812 31869 31881 I art     : Starting a blocking GC Explicit
08-06 17:29:25.865 31869 31881 I art     : Explicit concurrent mark sweep GC freed 1347(79KB) AllocSpace objects, 1(20KB) LOS objects, 36% free, 27MB/43MB, paused 341us total 52.572ms
08-06 17:29:25.885 31869 31881 I art     : Starting a blocking GC Explicit
08-06 17:29:25.940 31869 31881 I art     : Explicit concurrent mark sweep GC freed 20(704B) AllocSpace objects, 0(0B) LOS objects, 36% free, 27MB/43MB, paused 359us total 54.732ms
08-06 17:29:25.960 31869 31881 I art     : Starting a blocking GC Explicit
08-06 17:29:26.017 31869 31881 I art     : Explicit concurrent mark sweep GC freed 3(96B) AllocSpace objects, 0(0B) LOS objects, 36% free, 27MB/43MB, paused 448us total 57.076ms
08-06 17:29:26.037 31869 31881 I art     : Starting a blocking GC Explicit
08-06 17:29:26.093 31869 31881 I art     : Explicit concurrent mark sweep GC freed 3(96B) AllocSpace objects, 0(0B) LOS objects, 36% free, 27MB/43MB, paused 348us total 55.848ms
08-06 17:29:26.113 31869 31881 I art     : Starting a blocking GC Explicit
08-06 17:29:26.169 31869 31881 I art     : Explicit concurrent mark sweep GC freed 3(96B) AllocSpace objects, 0(0B) LOS objects, 36% free, 27MB/43MB, paused 347us total 55.564ms
08-06 17:29:26.342 32628 32628 D AndroidRuntime: >>>>>> START com.android.internal.os.RuntimeInit uid 2000 <<<<<<
08-06 17:29:26.350 32628 32628 D AndroidRuntime: CheckJNI is OFF
08-06 17:29:26.391 32628 32628 D ICU     : No timezone override file found: /data/misc/zoneinfo/current/icu/icu_tzdata.dat
08-06 17:29:26.432 32628 32628 I Radio-JNI: register_android_hardware_Radio DONE
08-06 17:29:26.460 32628 32628 D AndroidRuntime: Calling main entry com.android.commands.input.Input
08-06 17:29:26.462 32628 32628 I Input   : injectKeyEvent: KeyEvent { action=ACTION_DOWN, keyCode=KEYCODE_BACK, scanCode=0, metaState=0, flags=0x0, repeatCount=0, eventTime=898182875, downTime=898182875, deviceId=-1, source=0x101 }
08-06 17:29:26.471 32628 32628 I Input   : injectKeyEvent: KeyEvent { action=ACTION_UP, keyCode=KEYCODE_BACK, scanCode=0, metaState=0, flags=0x0, repeatCount=0, eventTime=898182875, downTime=898182875, deviceId=-1, source=0x101 }
08-06 17:29:26.474 31869 32173 I art     : Starting a blocking GC Explicit
08-06 17:29:26.480 32628 32628 D AndroidRuntime: Shutting down VM
08-06 17:29:26.520 13866 13866 I GoogleInputMethodServic: GoogleInputMethodService.onFinishInput():3138 
08-06 17:29:26.522 13866 13866 I GoogleInputMethodServic: GoogleInputMethodService.onStartInput():1808 
08-06 17:29:26.523 31869 32173 I art     : Explicit concurrent mark sweep GC freed 1484(84KB) AllocSpace objects, 1(20KB) LOS objects, 36% free, 27MB/43MB, paused 347us total 48.753ms
08-06 17:29:26.542 31869 32173 I art     : Starting a blocking GC Explicit
08-06 17:29:26.579 31869 32557 I RedditChangeDataIO: Writing tmp data file at '/data/user/0/baseline.org.quantumbadger.redreader/files/rr_change_data_tmp.dat'
08-06 17:29:26.580 31869 32557 I RedditChangeDataManager: Taking snapshot...
08-06 17:29:26.580 31869 32557 I RedditChangeDataManager: Writing to stream...
08-06 17:29:26.581 31869 32557 I RedditChangeDataManager: Wrote 1 entries for user ''
08-06 17:29:26.581 31869 32557 I RedditChangeDataManager: All entries written to stream.
08-06 17:29:26.581 31869 32557 I RedditChangeDataIO: Write successful. Atomically replacing data file...
08-06 17:29:26.581 31869 32557 I RedditChangeDataIO: Write complete.
08-06 17:29:26.581 31869 32557 I RedditChangeDataIO: 38 bytes written in 2 ms
08-06 17:29:26.588 31869 32173 I art     : Explicit concurrent mark sweep GC freed 199(8KB) AllocSpace objects, 1(68KB) LOS objects, 36% free, 27MB/43MB, paused 375us total 46.054ms
08-06 17:29:26.607 31869 32173 I art     : Starting a blocking GC Explicit
08-06 17:29:26.658 31869 32173 I art     : Explicit concurrent mark sweep GC freed 28(1504B) AllocSpace objects, 0(0B) LOS objects, 36% free, 27MB/43MB, paused 302us total 51.166ms
08-06 17:29:26.681 31869 32173 I art     : Starting a blocking GC Explicit
08-06 17:29:26.745 31869 32173 I art     : Explicit concurrent mark sweep GC freed 3(96B) AllocSpace objects, 0(0B) LOS objects, 36% free, 27MB/43MB, paused 358us total 63.745ms
08-06 17:29:26.769 31869 32173 I art     : Starting a blocking GC Explicit
08-06 17:29:26.831 31869 32173 I art     : Explicit concurrent mark sweep GC freed 3(96B) AllocSpace objects, 0(0B) LOS objects, 36% free, 27MB/43MB, paused 350us total 61.464ms
08-06 17:29:26.842   380   380 W SurfaceFlinger: couldn't log to binary event log: overflow.
08-06 17:29:27.136 31869 31893 I art     : Starting a blocking GC Explicit
08-06 17:29:27.205 31869 31893 I art     : Explicit concurrent mark sweep GC freed 1409(81KB) AllocSpace objects, 1(20KB) LOS objects, 36% free, 27MB/43MB, paused 383us total 68.578ms
08-06 17:29:27.227 31869 31893 I art     : Starting a blocking GC Explicit
08-06 17:29:27.271 31869 31893 I art     : Explicit concurrent mark sweep GC freed 47049(2MB) AllocSpace objects, 5(140KB) LOS objects, 39% free, 24MB/40MB, paused 305us total 43.168ms
08-06 17:29:27.288 31869 31893 I art     : Starting a blocking GC Explicit
08-06 17:29:27.322 31869 31893 I art     : Explicit concurrent mark sweep GC freed 68(2272B) AllocSpace objects, 0(0B) LOS objects, 39% free, 24MB/40MB, paused 288us total 33.817ms
08-06 17:29:27.339 31869 31893 I art     : Starting a blocking GC Explicit
08-06 17:29:27.377 31869 31893 I art     : Explicit concurrent mark sweep GC freed 3(96B) AllocSpace objects, 0(0B) LOS objects, 39% free, 24MB/40MB, paused 299us total 37.644ms
08-06 17:29:27.394 31869 31893 I art     : Starting a blocking GC Explicit
08-06 17:29:27.431 31869 31893 I art     : Explicit concurrent mark sweep GC freed 3(96B) AllocSpace objects, 0(0B) LOS objects, 39% free, 24MB/40MB, paused 292us total 37.076ms
08-06 17:29:27.732 31869 31882 I art     : Starting a blocking GC Explicit
08-06 17:29:27.771 31869 31882 I art     : Explicit concurrent mark sweep GC freed 1346(78KB) AllocSpace objects, 1(20KB) LOS objects, 39% free, 24MB/40MB, paused 320us total 38.014ms
08-06 17:29:27.788 31869 31882 I art     : Starting a blocking GC Explicit
08-06 17:29:27.823 31869 31882 I art     : Explicit concurrent mark sweep GC freed 20(704B) AllocSpace objects, 0(0B) LOS objects, 39% free, 24MB/40MB, paused 307us total 35.256ms
08-06 17:29:27.840 31869 31882 I art     : Starting a blocking GC Explicit
08-06 17:29:27.877 31869 31882 I art     : Explicit concurrent mark sweep GC freed 3(96B) AllocSpace objects, 0(0B) LOS objects, 39% free, 24MB/40MB, paused 360us total 36.430ms
08-06 17:29:27.894 31869 31882 I art     : Starting a blocking GC Explicit
08-06 17:29:27.931 31869 31882 I art     : Explicit concurrent mark sweep GC freed 3(96B) AllocSpace objects, 0(0B) LOS objects, 39% free, 24MB/40MB, paused 308us total 36.838ms
08-06 17:29:27.948 31869 31882 I art     : Starting a blocking GC Explicit
08-06 17:29:27.984 31869 31882 I art     : Explicit concurrent mark sweep GC freed 3(96B) AllocSpace objects, 0(0B) LOS objects, 39% free, 24MB/40MB, paused 315us total 35.457ms
08-06 17:29:28.246 32672 32672 D AndroidRuntime: >>>>>> START com.android.internal.os.RuntimeInit uid 2000 <<<<<<
08-06 17:29:28.252 32672 32672 D AndroidRuntime: CheckJNI is OFF
08-06 17:29:28.294 31869 32651 I art     : Starting a blocking GC Explicit
08-06 17:29:28.296 32672 32672 D ICU     : No timezone override file found: /data/misc/zoneinfo/current/icu/icu_tzdata.dat
08-06 17:29:28.332 31869 32651 I art     : Explicit concurrent mark sweep GC freed 1346(78KB) AllocSpace objects, 1(20KB) LOS objects, 39% free, 24MB/40MB, paused 311us total 37.288ms
08-06 17:29:28.340 32672 32672 I Radio-JNI: register_android_hardware_Radio DONE
08-06 17:29:28.349 31869 32651 I art     : Starting a blocking GC Explicit
08-06 17:29:28.371 32672 32672 D AndroidRuntime: Calling main entry com.android.commands.input.Input
08-06 17:29:28.373 32672 32672 I Input   : injectMotionEvent: MotionEvent { action=ACTION_DOWN, actionButton=0, id[0]=0, x[0]=600.0, y[0]=950.0, toolType[0]=TOOL_TYPE_UNKNOWN, buttonState=0, metaState=0, flags=0x0, edgeFlags=0x0, pointerCount=1, historySize=0, eventTime=898184785, downTime=898184785, deviceId=0, source=0x1002 }
08-06 17:29:28.380 32672 32672 I Input   : injectMotionEvent: MotionEvent { action=ACTION_UP, actionButton=0, id[0]=0, x[0]=600.0, y[0]=950.0, toolType[0]=TOOL_TYPE_UNKNOWN, buttonState=0, metaState=0, flags=0x0, edgeFlags=0x0, pointerCount=1, historySize=0, eventTime=898184785, downTime=898184785, deviceId=0, source=0x1002 }
08-06 17:29:28.381 32672 32672 D AndroidRuntime: Shutting down VM
08-06 17:29:28.386 31869 32651 I art     : Explicit concurrent mark sweep GC freed 22(768B) AllocSpace objects, 0(0B) LOS objects, 39% free, 24MB/40MB, paused 315us total 36.547ms
08-06 17:29:28.399   512  2967 D audio_hw_primary: out_set_parameters: enter: usecase(1: low-latency-playback) kvpairs: routing=2
08-06 17:29:28.403   918  3670 I ActivityManager: START u0 {dat=https://oauth.reddit.com/... cmp=baseline.org.quantumbadger.redreader/.activities.CommentListingActivity} from uid 10705 on display 0
08-06 17:29:28.405 31869 32651 I art     : Starting a blocking GC Explicit
08-06 17:29:28.412   512  2967 D audio_hw_primary: select_devices: out_snd_device(2: speaker) in_snd_device(0: none)
08-06 17:29:28.412   512  2967 D msm8974_platform: platform_send_audio_calibration: sending audio calibration for snd_device(2) acdb_id(15)
08-06 17:29:28.412   512  2967 I soundtrigger: audio_extn_sound_trigger_update_device_status: device 0x2 of type 0 for Event 1
08-06 17:29:28.424   512  2967 D audio_hw_primary: enable_snd_device: snd_device(2: speaker)
08-06 17:29:28.426   512  2967 D audio_hw_primary: enable_audio_route: apply and update mixer path: low-latency-playback speaker
08-06 17:29:28.429 31869 31869 I AppCompatViewInflater: app:theme is now deprecated. Please move to using android:theme instead.
08-06 17:29:28.443 31869 32651 I art     : Explicit concurrent mark sweep GC freed 1353(68KB) AllocSpace objects, 0(0B) LOS objects, 39% free, 24MB/40MB, paused 717us total 37.370ms
08-06 17:29:28.450 31869 32697 D OK      : calling: https://oauth.reddit.com/comments/hwnhe2/.json?sort=confidence
08-06 17:29:28.461 31869 32651 I art     : Starting a blocking GC Explicit
08-06 17:29:28.495 31869 32651 I art     : Explicit concurrent mark sweep GC freed 882(53KB) AllocSpace objects, 0(0B) LOS objects, 39% free, 24MB/40MB, paused 369us total 33.791ms
08-06 17:29:28.511 31869 32651 I art     : Starting a blocking GC Explicit
08-06 17:29:28.528   918   936 I ActivityManager: Displayed baseline.org.quantumbadger.redreader/.activities.CommentListingActivity: +117ms
08-06 17:29:28.530 13866 13866 I GoogleInputMethodServic: GoogleInputMethodService.onFinishInput():3138 
08-06 17:29:28.531 13866 13866 I GoogleInputMethodServic: GoogleInputMethodService.onStartInput():1808 
08-06 17:29:28.550 31869 32651 I art     : Explicit concurrent mark sweep GC freed 785(29KB) AllocSpace objects, 0(0B) LOS objects, 38% free, 25MB/41MB, paused 516us total 38.416ms
08-06 17:29:28.777   380   380 W SurfaceFlinger: couldn't log to binary event log: overflow.
08-06 17:29:28.822 31869 32173 I art     : Starting a blocking GC Explicit
08-06 17:29:28.850 31869 32697 I NAPPA_EXPERIMENTATION: MetricNetworkRequestExecutionTime: REQUEST_DURATION_SYSTEM='400',REQUEST_DURATION_OKHTTP='153',REQUEST_SYNCHRONOUS='TRUE',RESPONSE_CODE='200',RESPONSE_METHOD='GET',RESPONSE_LENGTH_OKHTTP='-1',RESPONSE_LENGTH_HEADER='3930',REQUEST_PROTOCOL='h2',REQUEST_URL='https://oauth.reddit.com/comments/hwnhe2/.json?sort=confidence',
08-06 17:29:28.850 31869 32697 D OK      : request got status: 200
08-06 17:29:28.858 31869 32173 I art     : Explicit concurrent mark sweep GC freed 4041(206KB) AllocSpace objects, 1(20KB) LOS objects, 38% free, 25MB/41MB, paused 412us total 35.341ms
08-06 17:29:28.860 31869 32465 I CommentListingActivity: COMMENTS session changed to 6a09adc9-c901-4f92-8bbf-71fbe93b60b7
08-06 17:29:28.876 31869 32173 I art     : Starting a blocking GC Explicit
08-06 17:29:28.914 31869 32173 I art     : Explicit concurrent mark sweep GC freed 2946(289KB) AllocSpace objects, 3(100KB) LOS objects, 38% free, 25MB/41MB, paused 623us total 37.476ms
08-06 17:29:28.931 31869 32173 I art     : Starting a blocking GC Explicit
08-06 17:29:28.969 31869 32173 I art     : Explicit concurrent mark sweep GC freed 1229(72KB) AllocSpace objects, 1(68KB) LOS objects, 38% free, 25MB/41MB, paused 712us total 37.615ms
08-06 17:29:28.971   512  2967 D audio_hw_primary: disable_audio_route: reset and update mixer path: low-latency-playback speaker
08-06 17:29:28.972   512  2967 D audio_hw_primary: disable_snd_device: snd_device(2: speaker)
08-06 17:29:28.980   512  2967 I soundtrigger: audio_extn_sound_trigger_update_device_status: device 0x2 of type 0 for Event 0
08-06 17:29:28.986 31869 32173 I art     : Starting a blocking GC Explicit
08-06 17:29:29.026 31869 32173 I art     : Explicit concurrent mark sweep GC freed 146(5KB) AllocSpace objects, 0(0B) LOS objects, 38% free, 25MB/41MB, paused 326us total 39.606ms
08-06 17:29:29.043 31869 32173 I art     : Starting a blocking GC Explicit
08-06 17:29:29.079 31869 32173 I art     : Explicit concurrent mark sweep GC freed 7(224B) AllocSpace objects, 0(0B) LOS objects, 38% free, 25MB/41MB, paused 320us total 35.555ms
08-06 17:29:29.385 31869 31893 I art     : Starting a blocking GC Explicit
08-06 17:29:29.426 31869 31893 I art     : Explicit concurrent mark sweep GC freed 1346(79KB) AllocSpace objects, 1(20KB) LOS objects, 38% free, 25MB/41MB, paused 367us total 40.597ms
08-06 17:29:29.444 31869 31893 I art     : Starting a blocking GC Explicit
08-06 17:29:29.483 31869 31893 I art     : Explicit concurrent mark sweep GC freed 20(704B) AllocSpace objects, 0(0B) LOS objects, 38% free, 25MB/41MB, paused 307us total 38.250ms
08-06 17:29:29.483 31869 31879 I art     : WaitForGcToComplete blocked for 38.625ms for cause HeapTrim
08-06 17:29:29.500 31869 31893 I art     : Starting a blocking GC Explicit
08-06 17:29:29.539 31869 31893 I art     : Explicit concurrent mark sweep GC freed 49(1920B) AllocSpace objects, 0(0B) LOS objects, 38% free, 25MB/41MB, paused 320us total 38.567ms
08-06 17:29:29.556 31869 31893 I art     : Starting a blocking GC Explicit
08-06 17:29:29.595 31869 31893 I art     : Explicit concurrent mark sweep GC freed 3(96B) AllocSpace objects, 0(0B) LOS objects, 38% free, 25MB/41MB, paused 333us total 39.200ms
08-06 17:29:29.613 31869 31893 I art     : Starting a blocking GC Explicit
08-06 17:29:29.652 31869 31893 I art     : Explicit concurrent mark sweep GC freed 3(96B) AllocSpace objects, 0(0B) LOS objects, 38% free, 25MB/41MB, paused 314us total 39.232ms
08-06 17:29:29.952 31869 32173 I art     : Starting a blocking GC Explicit
08-06 17:29:29.997 31869 32173 I art     : Explicit concurrent mark sweep GC freed 1346(79KB) AllocSpace objects, 1(20KB) LOS objects, 38% free, 25MB/41MB, paused 377us total 45.312ms
08-06 17:29:30.017 31869 32173 I art     : Starting a blocking GC Explicit
08-06 17:29:30.060 31869 32173 I art     : Explicit concurrent mark sweep GC freed 20(704B) AllocSpace objects, 0(0B) LOS objects, 38% free, 25MB/41MB, paused 343us total 42.839ms
08-06 17:29:30.078 31869 32173 I art     : Starting a blocking GC Explicit
08-06 17:29:30.122 31869 32173 I art     : Explicit concurrent mark sweep GC freed 3(96B) AllocSpace objects, 0(0B) LOS objects, 38% free, 25MB/41MB, paused 350us total 44.218ms
08-06 17:29:30.140 31869 32173 I art     : Starting a blocking GC Explicit
08-06 17:29:30.182 31869 32173 I art     : Explicit concurrent mark sweep GC freed 3(96B) AllocSpace objects, 0(0B) LOS objects, 38% free, 25MB/41MB, paused 352us total 41.627ms
08-06 17:29:30.200 31869 32173 I art     : Starting a blocking GC Explicit
08-06 17:29:30.248 31869 32173 I art     : Explicit concurrent mark sweep GC freed 3(96B) AllocSpace objects, 0(0B) LOS objects, 38% free, 25MB/41MB, paused 482us total 47.159ms
08-06 17:29:30.593 31869 31881 I art     : Starting a blocking GC Explicit
08-06 17:29:30.649 31869 31881 I art     : Explicit concurrent mark sweep GC freed 1346(79KB) AllocSpace objects, 1(20KB) LOS objects, 38% free, 25MB/41MB, paused 398us total 55.606ms
08-06 17:29:30.670 31869 31881 I art     : Starting a blocking GC Explicit
08-06 17:29:30.712 31869 31881 I art     : Explicit concurrent mark sweep GC freed 20(704B) AllocSpace objects, 0(0B) LOS objects, 38% free, 25MB/41MB, paused 349us total 41.903ms
08-06 17:29:30.730 31869 31881 I art     : Starting a blocking GC Explicit
08-06 17:29:30.772 31869 31881 I art     : Explicit concurrent mark sweep GC freed 3(96B) AllocSpace objects, 0(0B) LOS objects, 38% free, 25MB/41MB, paused 345us total 42.501ms
08-06 17:29:30.790 31869 31881 I art     : Starting a blocking GC Explicit
08-06 17:29:30.832 31869 31881 I art     : Explicit concurrent mark sweep GC freed 3(96B) AllocSpace objects, 0(0B) LOS objects, 38% free, 25MB/41MB, paused 332us total 41.951ms
08-06 17:29:30.850 31869 31881 I art     : Starting a blocking GC Explicit
08-06 17:29:30.892 31869 31881 I art     : Explicit concurrent mark sweep GC freed 3(96B) AllocSpace objects, 0(0B) LOS objects, 38% free, 25MB/41MB, paused 347us total 42.260ms
08-06 17:29:30.911 25638 25638 I ServiceManager: Waiting for service AtCmdFwd...
08-06 17:29:31.216 31869 32651 I art     : Starting a blocking GC Explicit
08-06 17:29:31.273 31869 32651 I art     : Explicit concurrent mark sweep GC freed 1346(79KB) AllocSpace objects, 1(20KB) LOS objects, 38% free, 25MB/41MB, paused 405us total 56.463ms
08-06 17:29:31.295 31869 32651 I art     : Starting a blocking GC Explicit
08-06 17:29:31.339 31869 32651 I art     : Explicit concurrent mark sweep GC freed 20(704B) AllocSpace objects, 0(0B) LOS objects, 38% free, 25MB/41MB, paused 349us total 43.158ms
08-06 17:29:31.357 31869 32651 I art     : Starting a blocking GC Explicit
08-06 17:29:31.400 31869 32651 I art     : Explicit concurrent mark sweep GC freed 3(96B) AllocSpace objects, 0(0B) LOS objects, 38% free, 25MB/41MB, paused 343us total 42.694ms
08-06 17:29:31.405   918  3188 I hubconnection: sensorhub said: 'set_bias 3: -5.6640, 0.0000, 0.0000'
08-06 17:29:31.417 31869 32651 I art     : Starting a blocking GC Explicit
08-06 17:29:31.461 31869 32651 I art     : Explicit concurrent mark sweep GC freed 3(96B) AllocSpace objects, 0(0B) LOS objects, 38% free, 25MB/41MB, paused 355us total 42.935ms
08-06 17:29:31.479 31869 32651 I art     : Starting a blocking GC Explicit
08-06 17:29:31.522 31869 32651 I art     : Explicit concurrent mark sweep GC freed 3(96B) AllocSpace objects, 0(0B) LOS objects, 38% free, 25MB/41MB, paused 347us total 43.400ms
08-06 17:29:31.879 31869 31882 I art     : Starting a blocking GC Explicit
08-06 17:29:31.911 25638 25638 I ServiceManager: Waiting for service AtCmdFwd...
08-06 17:29:31.933 31869 31882 I art     : Explicit concurrent mark sweep GC freed 1347(79KB) AllocSpace objects, 1(20KB) LOS objects, 38% free, 25MB/41MB, paused 397us total 53.607ms
08-06 17:29:31.956 31869 31882 I art     : Starting a blocking GC Explicit
08-06 17:29:32.000 31869 31882 I art     : Explicit concurrent mark sweep GC freed 20(704B) AllocSpace objects, 0(0B) LOS objects, 38% free, 25MB/41MB, paused 356us total 43.983ms
08-06 17:29:32.018 31869 31882 I art     : Starting a blocking GC Explicit
08-06 17:29:32.061 31869 31882 I art     : Explicit concurrent mark sweep GC freed 3(96B) AllocSpace objects, 0(0B) LOS objects, 38% free, 25MB/41MB, paused 337us total 42.942ms
08-06 17:29:32.079 31869 31882 I art     : Starting a blocking GC Explicit
08-06 17:29:32.124 31869 31882 I art     : Explicit concurrent mark sweep GC freed 3(96B) AllocSpace objects, 0(0B) LOS objects, 38% free, 25MB/41MB, paused 381us total 44.338ms
08-06 17:29:32.144 31869 31882 I art     : Starting a blocking GC Explicit
08-06 17:29:32.189 31869 31882 I art     : Explicit concurrent mark sweep GC freed 3(96B) AllocSpace objects, 0(0B) LOS objects, 38% free, 25MB/41MB, paused 323us total 44.189ms
08-06 17:29:32.551 31869 31893 I art     : Starting a blocking GC Explicit
08-06 17:29:32.609 31869 31893 I art     : Explicit concurrent mark sweep GC freed 1350(79KB) AllocSpace objects, 1(20KB) LOS objects, 38% free, 25MB/41MB, paused 512us total 57.645ms
08-06 17:29:32.632 31869 31893 I art     : Starting a blocking GC Explicit
08-06 17:29:32.671 31869 31893 I art     : Explicit concurrent mark sweep GC freed 20(704B) AllocSpace objects, 0(0B) LOS objects, 38% free, 25MB/41MB, paused 328us total 38.463ms
08-06 17:29:32.688 31869 31893 I art     : Starting a blocking GC Explicit
08-06 17:29:32.725 31869 31893 I art     : Explicit concurrent mark sweep GC freed 3(96B) AllocSpace objects, 0(0B) LOS objects, 38% free, 25MB/41MB, paused 344us total 36.724ms
08-06 17:29:32.742 31869 31893 I art     : Starting a blocking GC Explicit
08-06 17:29:32.779 31869 31893 I art     : Explicit concurrent mark sweep GC freed 3(96B) AllocSpace objects, 0(0B) LOS objects, 38% free, 25MB/41MB, paused 331us total 37.119ms
08-06 17:29:32.796 31869 31893 I art     : Starting a blocking GC Explicit
08-06 17:29:32.835 31869 31893 I art     : Explicit concurrent mark sweep GC freed 3(96B) AllocSpace objects, 0(0B) LOS objects, 38% free, 25MB/41MB, paused 352us total 38.425ms
08-06 17:29:32.912 25638 25638 I ServiceManager: Waiting for service AtCmdFwd...
08-06 17:29:33.166 31869 32173 I art     : Starting a blocking GC Explicit
08-06 17:29:33.184   359   359 D AndroidRuntime: >>>>>> START com.android.internal.os.RuntimeInit uid 2000 <<<<<<
08-06 17:29:33.190   359   359 D AndroidRuntime: CheckJNI is OFF
08-06 17:29:33.207 31869 32173 I art     : Explicit concurrent mark sweep GC freed 1347(79KB) AllocSpace objects, 1(20KB) LOS objects, 38% free, 25MB/41MB, paused 419us total 40.721ms
08-06 17:29:33.225 31869 32173 I art     : Starting a blocking GC Explicit
08-06 17:29:33.237   359   359 D ICU     : No timezone override file found: /data/misc/zoneinfo/current/icu/icu_tzdata.dat
08-06 17:29:33.263 31869 32173 I art     : Explicit concurrent mark sweep GC freed 20(704B) AllocSpace objects, 0(0B) LOS objects, 38% free, 25MB/41MB, paused 371us total 38.308ms
08-06 17:29:33.281 31869 32173 I art     : Starting a blocking GC Explicit
08-06 17:29:33.285   359   359 I Radio-JNI: register_android_hardware_Radio DONE
08-06 17:29:33.316   359   359 D AndroidRuntime: Calling main entry com.android.commands.input.Input
08-06 17:29:33.317   359   359 I Input   : injectKeyEvent: KeyEvent { action=ACTION_DOWN, keyCode=KEYCODE_BACK, scanCode=0, metaState=0, flags=0x0, repeatCount=0, eventTime=898189730, downTime=898189730, deviceId=-1, source=0x101 }
08-06 17:29:33.321 31869 32173 I art     : Explicit concurrent mark sweep GC freed 3(96B) AllocSpace objects, 0(0B) LOS objects, 38% free, 25MB/41MB, paused 328us total 39.696ms
08-06 17:29:33.324   359   359 I Input   : injectKeyEvent: KeyEvent { action=ACTION_UP, keyCode=KEYCODE_BACK, scanCode=0, metaState=0, flags=0x0, repeatCount=0, eventTime=898189730, downTime=898189730, deviceId=-1, source=0x101 }
08-06 17:29:33.331   359   359 D AndroidRuntime: Shutting down VM
08-06 17:29:33.337 31869 32173 I art     : Starting a blocking GC Explicit
08-06 17:29:33.373 31869 32173 I art     : Explicit concurrent mark sweep GC freed 130(4KB) AllocSpace objects, 0(0B) LOS objects, 38% free, 25MB/41MB, paused 343us total 35.327ms
08-06 17:29:33.375 13866 13866 I GoogleInputMethodServic: GoogleInputMethodService.onFinishInput():3138 
08-06 17:29:33.375 13866 13866 I GoogleInputMethodServic: GoogleInputMethodService.onStartInput():1808 
08-06 17:29:33.390 31869 32173 I art     : Starting a blocking GC Explicit
08-06 17:29:33.415 31869 32696 I RedditChangeDataIO: Writing tmp data file at '/data/user/0/baseline.org.quantumbadger.redreader/files/rr_change_data_tmp.dat'
08-06 17:29:33.415 31869 32696 I RedditChangeDataManager: Taking snapshot...
08-06 17:29:33.415 31869 32696 I RedditChangeDataManager: Writing to stream...
08-06 17:29:33.415 31869 32696 I RedditChangeDataManager: Wrote 2 entries for user ''
08-06 17:29:33.415 31869 32696 I RedditChangeDataManager: All entries written to stream.
08-06 17:29:33.416 31869 32696 I RedditChangeDataIO: Write successful. Atomically replacing data file...
08-06 17:29:33.416 31869 32696 I RedditChangeDataIO: Write complete.
08-06 17:29:33.416 31869 32696 I RedditChangeDataIO: 62 bytes written in 2 ms
08-06 17:29:33.426 31869 32173 I art     : Explicit concurrent mark sweep GC freed 187(8KB) AllocSpace objects, 1(68KB) LOS objects, 38% free, 25MB/41MB, paused 342us total 35.875ms
08-06 17:29:33.698   380   380 W SurfaceFlinger: couldn't log to binary event log: overflow.
08-06 17:29:33.717 31869 32173 I art     : Starting a blocking GC Explicit
08-06 17:29:33.752 31869 32173 I art     : Explicit concurrent mark sweep GC freed 1413(82KB) AllocSpace objects, 1(20KB) LOS objects, 38% free, 25MB/41MB, paused 314us total 35.128ms
08-06 17:29:33.769 31869 32173 I art     : Starting a blocking GC Explicit
08-06 17:29:33.804 31869 32173 I art     : Explicit concurrent mark sweep GC freed 3854(310KB) AllocSpace objects, 5(140KB) LOS objects, 39% free, 24MB/40MB, paused 331us total 34.714ms
08-06 17:29:33.821 31869 32173 I art     : Starting a blocking GC Explicit
08-06 17:29:33.857 31869 32173 I art     : Explicit concurrent mark sweep GC freed 3(96B) AllocSpace objects, 0(0B) LOS objects, 39% free, 24MB/40MB, paused 347us total 36.216ms
08-06 17:29:33.874 31869 32173 I art     : Starting a blocking GC Explicit
08-06 17:29:33.911 31869 32173 I art     : Explicit concurrent mark sweep GC freed 238(36KB) AllocSpace objects, 0(0B) LOS objects, 39% free, 24MB/40MB, paused 282us total 37.104ms
08-06 17:29:33.913 25638 25638 I ServiceManager: Waiting for service AtCmdFwd...
08-06 17:29:33.929 31869 32173 I art     : Starting a blocking GC Explicit
08-06 17:29:33.966 31869 32173 I art     : Explicit concurrent mark sweep GC freed 68(2272B) AllocSpace objects, 0(0B) LOS objects, 39% free, 24MB/40MB, paused 306us total 36.970ms
08-06 17:29:34.263 31869 31882 I art     : Starting a blocking GC Explicit
08-06 17:29:34.318 31869 31882 I art     : Explicit concurrent mark sweep GC freed 1346(79KB) AllocSpace objects, 1(20KB) LOS objects, 39% free, 24MB/40MB, paused 390us total 54.521ms
08-06 17:29:34.338 31869 31882 I art     : Starting a blocking GC Explicit
08-06 17:29:34.375 31869 31882 I art     : Explicit concurrent mark sweep GC freed 20(704B) AllocSpace objects, 0(0B) LOS objects, 39% free, 24MB/40MB, paused 311us total 37.317ms
08-06 17:29:34.392 31869 31882 I art     : Starting a blocking GC Explicit
08-06 17:29:34.430 31869 31882 I art     : Explicit concurrent mark sweep GC freed 3(96B) AllocSpace objects, 0(0B) LOS objects, 39% free, 24MB/40MB, paused 296us total 37.450ms
08-06 17:29:34.447 31869 31882 I art     : Starting a blocking GC Explicit
08-06 17:29:34.485 31869 31882 I art     : Explicit concurrent mark sweep GC freed 3(96B) AllocSpace objects, 0(0B) LOS objects, 39% free, 24MB/40MB, paused 308us total 37.471ms
08-06 17:29:34.502 31869 31882 I art     : Starting a blocking GC Explicit
08-06 17:29:34.540 31869 31882 I art     : Explicit concurrent mark sweep GC freed 3(96B) AllocSpace objects, 0(0B) LOS objects, 39% free, 24MB/40MB, paused 287us total 37.192ms
08-06 17:29:34.834 31869 31881 I art     : Starting a blocking GC Explicit
08-06 17:29:34.878 31869 31881 I art     : Explicit concurrent mark sweep GC freed 1346(79KB) AllocSpace objects, 1(20KB) LOS objects, 39% free, 24MB/40MB, paused 504us total 44.379ms
08-06 17:29:34.900 31869 31881 I art     : Starting a blocking GC Explicit
08-06 17:29:34.913 25638 25638 I ServiceManager: Waiting for service AtCmdFwd...
08-06 17:29:34.935 31869 31881 I art     : Explicit concurrent mark sweep GC freed 20(704B) AllocSpace objects, 0(0B) LOS objects, 39% free, 24MB/40MB, paused 301us total 35.378ms
08-06 17:29:34.953 31869 31881 I art     : Starting a blocking GC Explicit
08-06 17:29:34.993 31869 31881 I art     : Explicit concurrent mark sweep GC freed 3(96B) AllocSpace objects, 0(0B) LOS objects, 39% free, 24MB/40MB, paused 297us total 40.381ms
08-06 17:29:35.010 31869 31881 I art     : Starting a blocking GC Explicit
08-06 17:29:35.049 31869 31881 I art     : Explicit concurrent mark sweep GC freed 3(96B) AllocSpace objects, 0(0B) LOS objects, 39% free, 24MB/40MB, paused 305us total 37.758ms
08-06 17:29:35.065 31869 31881 I art     : Starting a blocking GC Explicit
08-06 17:29:35.104 31869 31881 I art     : Explicit concurrent mark sweep GC freed 3(96B) AllocSpace objects, 0(0B) LOS objects, 39% free, 24MB/40MB, paused 314us total 38.361ms
08-06 17:29:35.138   458   458 D AndroidRuntime: >>>>>> START com.android.internal.os.RuntimeInit uid 2000 <<<<<<
08-06 17:29:35.144   458   458 D AndroidRuntime: CheckJNI is OFF
08-06 17:29:35.190   458   458 D ICU     : No timezone override file found: /data/misc/zoneinfo/current/icu/icu_tzdata.dat
08-06 17:29:35.238   458   458 I Radio-JNI: register_android_hardware_Radio DONE
08-06 17:29:35.269   458   458 D AndroidRuntime: Calling main entry com.android.commands.input.Input
08-06 17:29:35.271   458   458 I Input   : injectMotionEvent: MotionEvent { action=ACTION_DOWN, actionButton=0, id[0]=0, x[0]=600.0, y[0]=1200.0, toolType[0]=TOOL_TYPE_UNKNOWN, buttonState=0, metaState=0, flags=0x0, edgeFlags=0x0, pointerCount=1, historySize=0, eventTime=898191683, downTime=898191683, deviceId=0, source=0x1002 }
08-06 17:29:35.277   458   458 I Input   : injectMotionEvent: MotionEvent { action=ACTION_UP, actionButton=0, id[0]=0, x[0]=600.0, y[0]=1200.0, toolType[0]=TOOL_TYPE_UNKNOWN, buttonState=0, metaState=0, flags=0x0, edgeFlags=0x0, pointerCount=1, historySize=0, eventTime=898191683, downTime=898191683, deviceId=0, source=0x1002 }
08-06 17:29:35.279   458   458 D AndroidRuntime: Shutting down VM
08-06 17:29:35.288   512  2967 D audio_hw_primary: out_set_parameters: enter: usecase(1: low-latency-playback) kvpairs: routing=2
08-06 17:29:35.297   918  5481 I ActivityManager: START u0 {dat=https://oauth.reddit.com/... cmp=baseline.org.quantumbadger.redreader/.activities.CommentListingActivity} from uid 10705 on display 0
08-06 17:29:35.302   512  2967 D audio_hw_primary: select_devices: out_snd_device(2: speaker) in_snd_device(0: none)
08-06 17:29:35.302   512  2967 D msm8974_platform: platform_send_audio_calibration: sending audio calibration for snd_device(2) acdb_id(15)
08-06 17:29:35.302   512  2967 I soundtrigger: audio_extn_sound_trigger_update_device_status: device 0x2 of type 0 for Event 1
08-06 17:29:35.318   512  2967 D audio_hw_primary: enable_snd_device: snd_device(2: speaker)
08-06 17:29:35.320   512  2967 D audio_hw_primary: enable_audio_route: apply and update mixer path: low-latency-playback speaker
08-06 17:29:35.325 31869 31869 I AppCompatViewInflater: app:theme is now deprecated. Please move to using android:theme instead.
08-06 17:29:35.344 31869   535 D OK      : calling: https://oauth.reddit.com/comments/hza888/.json?sort=confidence
08-06 17:29:35.411 31869 31882 I art     : Starting a blocking GC Explicit
08-06 17:29:35.414   918   936 I ActivityManager: Displayed baseline.org.quantumbadger.redreader/.activities.CommentListingActivity: +105ms
08-06 17:29:35.414 13866 13866 I GoogleInputMethodServic: GoogleInputMethodService.onFinishInput():3138 
08-06 17:29:35.415 13866 13866 I GoogleInputMethodServic: GoogleInputMethodService.onStartInput():1808 
08-06 17:29:35.455 31869 31882 I art     : Explicit concurrent mark sweep GC freed 4131(219KB) AllocSpace objects, 1(20KB) LOS objects, 38% free, 25MB/41MB, paused 364us total 43.815ms
08-06 17:29:35.472 31869 31882 I art     : Starting a blocking GC Explicit
08-06 17:29:35.507 31869 31882 I art     : Explicit concurrent mark sweep GC freed 450(23KB) AllocSpace objects, 0(0B) LOS objects, 39% free, 25MB/41MB, paused 344us total 34.959ms
08-06 17:29:35.523 31869 31882 I art     : Starting a blocking GC Explicit
08-06 17:29:35.563 31869 31882 I art     : Explicit concurrent mark sweep GC freed 1847(73KB) AllocSpace objects, 0(0B) LOS objects, 38% free, 25MB/41MB, paused 404us total 39.477ms
08-06 17:29:35.582 31869 31882 I art     : Starting a blocking GC Explicit
08-06 17:29:35.626 31869 31882 I art     : Explicit concurrent mark sweep GC freed 164(5KB) AllocSpace objects, 0(0B) LOS objects, 39% free, 25MB/41MB, paused 373us total 44.219ms
08-06 17:29:35.645 31869 31882 I art     : Starting a blocking GC Explicit
08-06 17:29:35.650   380   380 W SurfaceFlinger: couldn't log to binary event log: overflow.
08-06 17:29:35.683 31869 31882 I art     : Explicit concurrent mark sweep GC freed 13(480B) AllocSpace objects, 0(0B) LOS objects, 39% free, 25MB/41MB, paused 359us total 37.573ms
08-06 17:29:35.689 31869   535 I NAPPA_EXPERIMENTATION: MetricNetworkRequestExecutionTime: REQUEST_DURATION_SYSTEM='344',REQUEST_DURATION_OKHTTP='145',REQUEST_SYNCHRONOUS='TRUE',RESPONSE_CODE='200',RESPONSE_METHOD='GET',RESPONSE_LENGTH_OKHTTP='-1',RESPONSE_LENGTH_HEADER='21928',REQUEST_PROTOCOL='h2',REQUEST_URL='https://oauth.reddit.com/comments/hza888/.json?sort=confidence',
08-06 17:29:35.689 31869   535 D OK      : request got status: 200
08-06 17:29:35.708 31869 32465 I CommentListingActivity: COMMENTS session changed to 924955b8-d737-412f-b367-79e8a334a4d7
08-06 17:29:35.868   512  2967 D audio_hw_primary: disable_audio_route: reset and update mixer path: low-latency-playback speaker
08-06 17:29:35.869   512  2967 D audio_hw_primary: disable_snd_device: snd_device(2: speaker)
08-06 17:29:35.878   512  2967 I soundtrigger: audio_extn_sound_trigger_update_device_status: device 0x2 of type 0 for Event 0
08-06 17:29:35.913 25638 25638 W Atfwd_Sendcmd: AtCmdFwd service not published, waiting... retryCnt : 4
08-06 17:29:35.968 31869 31882 I art     : Starting a blocking GC Explicit
08-06 17:29:36.022 31869 31882 I art     : Explicit concurrent mark sweep GC freed 19426(1153KB) AllocSpace objects, 3(156KB) LOS objects, 37% free, 26MB/42MB, paused 416us total 53.585ms
08-06 17:29:36.040 31869 31882 I art     : Starting a blocking GC Explicit
08-06 17:29:36.080 31869 31882 I art     : Explicit concurrent mark sweep GC freed 146(6KB) AllocSpace objects, 0(0B) LOS objects, 37% free, 26MB/42MB, paused 322us total 39.847ms
08-06 17:29:36.098 31869 31882 I art     : Starting a blocking GC Explicit
08-06 17:29:36.141 31869 31882 I art     : Explicit concurrent mark sweep GC freed 3(96B) AllocSpace objects, 0(0B) LOS objects, 37% free, 26MB/42MB, paused 311us total 42.697ms
08-06 17:29:36.161 31869 31882 I art     : Starting a blocking GC Explicit
08-06 17:29:36.204 31869 31882 I art     : Explicit concurrent mark sweep GC freed 3(96B) AllocSpace objects, 0(0B) LOS objects, 37% free, 26MB/42MB, paused 358us total 42.894ms
08-06 17:29:36.222 31869 31882 I art     : Starting a blocking GC Explicit
08-06 17:29:36.266 31869 31882 I art     : Explicit concurrent mark sweep GC freed 3(96B) AllocSpace objects, 0(0B) LOS objects, 37% free, 26MB/42MB, paused 338us total 42.784ms
08-06 17:29:36.565 31869 31881 I art     : Starting a blocking GC Explicit
08-06 17:29:36.626 31869 31881 I art     : Explicit concurrent mark sweep GC freed 1346(80KB) AllocSpace objects, 1(20KB) LOS objects, 37% free, 26MB/42MB, paused 363us total 60.993ms
08-06 17:29:36.646 31869 31881 I art     : Starting a blocking GC Explicit
08-06 17:29:36.693 31869 31881 I art     : Explicit concurrent mark sweep GC freed 66(2528B) AllocSpace objects, 0(0B) LOS objects, 37% free, 26MB/42MB, paused 333us total 46.157ms
08-06 17:29:36.711 31869 31881 I art     : Starting a blocking GC Explicit
08-06 17:29:36.757 31869 31881 I art     : Explicit concurrent mark sweep GC freed 3(96B) AllocSpace objects, 0(0B) LOS objects, 37% free, 26MB/42MB, paused 400us total 45.852ms
08-06 17:29:36.775 31869 31881 I art     : Starting a blocking GC Explicit
08-06 17:29:36.823 31869 31881 I art     : Explicit concurrent mark sweep GC freed 3(96B) AllocSpace objects, 0(0B) LOS objects, 37% free, 26MB/42MB, paused 365us total 47.105ms
08-06 17:29:36.844 31869 31881 I art     : Starting a blocking GC Explicit
08-06 17:29:36.890 31869 31881 I art     : Explicit concurrent mark sweep GC freed 3(96B) AllocSpace objects, 0(0B) LOS objects, 37% free, 26MB/42MB, paused 337us total 45.869ms
08-06 17:29:37.207 31869 32651 I art     : Starting a blocking GC Explicit
08-06 17:29:37.254 31869 32651 I art     : Explicit concurrent mark sweep GC freed 1346(80KB) AllocSpace objects, 1(20KB) LOS objects, 37% free, 26MB/42MB, paused 316us total 46.877ms
08-06 17:29:37.273 31869 32651 I art     : Starting a blocking GC Explicit
08-06 17:29:37.301   518   646 I ThermalEngine: ACTION: GPU - Setting GPU[0] to 390000000
08-06 17:29:37.332 31869 32651 I art     : Explicit concurrent mark sweep GC freed 20(704B) AllocSpace objects, 0(0B) LOS objects, 37% free, 26MB/42MB, paused 613us total 59.176ms
08-06 17:29:37.358 31869 32651 I art     : Starting a blocking GC Explicit
08-06 17:29:37.422 31869 32651 I art     : Explicit concurrent mark sweep GC freed 3(96B) AllocSpace objects, 0(0B) LOS objects, 37% free, 26MB/42MB, paused 453us total 63.496ms
08-06 17:29:37.451 31869 32651 I art     : Starting a blocking GC Explicit
08-06 17:29:37.521 31869 32651 I art     : Explicit concurrent mark sweep GC freed 3(96B) AllocSpace objects, 0(0B) LOS objects, 37% free, 26MB/42MB, paused 704us total 69.555ms
08-06 17:29:37.548 31869 32651 I art     : Starting a blocking GC Explicit
08-06 17:29:37.603 31869 32651 I art     : Explicit concurrent mark sweep GC freed 3(96B) AllocSpace objects, 0(0B) LOS objects, 37% free, 26MB/42MB, paused 449us total 54.363ms
08-06 17:29:37.915 31869 31893 I art     : Starting a blocking GC Explicit
08-06 17:29:37.972 31869 31893 I art     : Explicit concurrent mark sweep GC freed 1346(80KB) AllocSpace objects, 1(20KB) LOS objects, 37% free, 26MB/42MB, paused 413us total 55.876ms
08-06 17:29:37.997 31869 31893 I art     : Starting a blocking GC Explicit
08-06 17:29:38.053 31869 31893 I art     : Explicit concurrent mark sweep GC freed 20(704B) AllocSpace objects, 0(0B) LOS objects, 37% free, 26MB/42MB, paused 495us total 55.890ms
08-06 17:29:38.078 31869 31893 I art     : Starting a blocking GC Explicit
08-06 17:29:38.135 31869 31893 I art     : Explicit concurrent mark sweep GC freed 3(96B) AllocSpace objects, 0(0B) LOS objects, 37% free, 26MB/42MB, paused 662us total 56.522ms
08-06 17:29:38.159 31869 31893 I art     : Starting a blocking GC Explicit
08-06 17:29:38.179   580   580 D AndroidRuntime: >>>>>> START com.android.internal.os.RuntimeInit uid 2000 <<<<<<
08-06 17:29:38.184   580   580 D AndroidRuntime: CheckJNI is OFF
08-06 17:29:38.214 31869 31893 I art     : Explicit concurrent mark sweep GC freed 3(96B) AllocSpace objects, 0(0B) LOS objects, 37% free, 26MB/42MB, paused 603us total 54.330ms
08-06 17:29:38.238 31869 31893 I art     : Starting a blocking GC Explicit
08-06 17:29:38.240   580   580 D ICU     : No timezone override file found: /data/misc/zoneinfo/current/icu/icu_tzdata.dat
08-06 17:29:38.284   580   580 I Radio-JNI: register_android_hardware_Radio DONE
08-06 17:29:38.293 31869 31893 I art     : Explicit concurrent mark sweep GC freed 3(96B) AllocSpace objects, 0(0B) LOS objects, 37% free, 26MB/42MB, paused 594us total 54.472ms
08-06 17:29:38.302   518   646 I ThermalEngine: ACTION: GPU - Setting GPU[0] to 450000000
08-06 17:29:38.315   580   580 D AndroidRuntime: Calling main entry com.android.commands.input.Input
08-06 17:29:38.317   580   580 I Input   : injectKeyEvent: KeyEvent { action=ACTION_DOWN, keyCode=KEYCODE_BACK, scanCode=0, metaState=0, flags=0x0, repeatCount=0, eventTime=898194730, downTime=898194730, deviceId=-1, source=0x101 }
08-06 17:29:38.323   580   580 I Input   : injectKeyEvent: KeyEvent { action=ACTION_UP, keyCode=KEYCODE_BACK, scanCode=0, metaState=0, flags=0x0, repeatCount=0, eventTime=898194730, downTime=898194730, deviceId=-1, source=0x101 }
08-06 17:29:38.330   580   580 D AndroidRuntime: Shutting down VM
08-06 17:29:38.370 13866 13866 I GoogleInputMethodServic: GoogleInputMethodService.onFinishInput():3138 
08-06 17:29:38.371 13866 13866 I GoogleInputMethodServic: GoogleInputMethodService.onStartInput():1808 
08-06 17:29:38.581 31869 31893 I art     : Starting a blocking GC Explicit
08-06 17:29:38.637 31869 31893 I art     : Explicit concurrent mark sweep GC freed 1600(89KB) AllocSpace objects, 1(20KB) LOS objects, 37% free, 26MB/42MB, paused 304us total 55.108ms
08-06 17:29:38.658 31869 31893 I art     : Starting a blocking GC Explicit
08-06 17:29:38.669   380   380 W SurfaceFlinger: couldn't log to binary event log: overflow.
08-06 17:29:38.702 31869 31893 I art     : Explicit concurrent mark sweep GC freed 74(2752B) AllocSpace objects, 0(0B) LOS objects, 37% free, 26MB/42MB, paused 334us total 43.366ms
08-06 17:29:38.719 31869 31893 I art     : Starting a blocking GC Explicit
08-06 17:29:38.761 31869 31893 I art     : Explicit concurrent mark sweep GC freed 9(384B) AllocSpace objects, 0(0B) LOS objects, 37% free, 26MB/42MB, paused 330us total 42.136ms
08-06 17:29:38.779 31869 31893 I art     : Starting a blocking GC Explicit
08-06 17:29:38.817   918  3188 I hubconnection: sensorhub said: 'set_bias 3: -5.7600, 0.0000, 0.0000'
08-06 17:29:38.819 31869 31893 I art     : Explicit concurrent mark sweep GC freed 22972(1247KB) AllocSpace objects, 5(164KB) LOS objects, 39% free, 24MB/40MB, paused 368us total 39.128ms
08-06 17:29:38.836 31869 31893 I art     : Starting a blocking GC Explicit
08-06 17:29:38.873 31869 31893 I art     : Explicit concurrent mark sweep GC freed 3(96B) AllocSpace objects, 0(0B) LOS objects, 39% free, 24MB/40MB, paused 339us total 36.969ms
08-06 17:29:39.172 31869 31882 I art     : Starting a blocking GC Explicit
08-06 17:29:39.219 31869 31882 I art     : Explicit concurrent mark sweep GC freed 1347(80KB) AllocSpace objects, 1(20KB) LOS objects, 39% free, 24MB/40MB, paused 598us total 46.374ms
08-06 17:29:39.238 31869 31882 I art     : Starting a blocking GC Explicit
08-06 17:29:39.276 31869 31882 I art     : Explicit concurrent mark sweep GC freed 20(704B) AllocSpace objects, 0(0B) LOS objects, 39% free, 24MB/40MB, paused 359us total 36.959ms
08-06 17:29:39.293 31869 31882 I art     : Starting a blocking GC Explicit
08-06 17:29:39.331 31869 31882 I art     : Explicit concurrent mark sweep GC freed 3(96B) AllocSpace objects, 0(0B) LOS objects, 39% free, 24MB/40MB, paused 346us total 38.223ms
08-06 17:29:39.348 31869 31882 I art     : Starting a blocking GC Explicit
08-06 17:29:39.386 31869 31882 I art     : Explicit concurrent mark sweep GC freed 3(96B) AllocSpace objects, 0(0B) LOS objects, 39% free, 24MB/40MB, paused 348us total 37.828ms
08-06 17:29:39.403 31869 31882 I art     : Starting a blocking GC Explicit
08-06 17:29:39.442 31869 31882 I art     : Explicit concurrent mark sweep GC freed 3(96B) AllocSpace objects, 0(0B) LOS objects, 39% free, 24MB/40MB, paused 347us total 38.229ms
08-06 17:29:39.733 31869 32651 I art     : Starting a blocking GC Explicit
08-06 17:29:39.771 31869 32651 I art     : Explicit concurrent mark sweep GC freed 1350(80KB) AllocSpace objects, 1(20KB) LOS objects, 39% free, 24MB/40MB, paused 338us total 37.545ms
08-06 17:29:39.788 31869 32651 I art     : Starting a blocking GC Explicit
08-06 17:29:39.824 31869 32651 I art     : Explicit concurrent mark sweep GC freed 20(704B) AllocSpace objects, 0(0B) LOS objects, 39% free, 24MB/40MB, paused 330us total 35.986ms
08-06 17:29:39.841 31869 32651 I art     : Starting a blocking GC Explicit
08-06 17:29:39.878 31869 32651 I art     : Explicit concurrent mark sweep GC freed 3(96B) AllocSpace objects, 0(0B) LOS objects, 39% free, 24MB/40MB, paused 322us total 36.634ms
08-06 17:29:39.895 31869 32651 I art     : Starting a blocking GC Explicit
08-06 17:29:39.932 31869 32651 I art     : Explicit concurrent mark sweep GC freed 3(96B) AllocSpace objects, 0(0B) LOS objects, 39% free, 24MB/40MB, paused 345us total 36.478ms
08-06 17:29:39.932 31869 31879 I art     : WaitForGcToComplete blocked for 36.767ms for cause HeapTrim
08-06 17:29:39.949 31869 32651 I art     : Starting a blocking GC Explicit
08-06 17:29:39.986 31869 32651 I art     : Explicit concurrent mark sweep GC freed 3(96B) AllocSpace objects, 0(0B) LOS objects, 39% free, 24MB/40MB, paused 340us total 36.941ms
08-06 17:29:40.142   696   696 D AndroidRuntime: >>>>>> START com.android.internal.os.RuntimeInit uid 2000 <<<<<<
08-06 17:29:40.149   696   696 D AndroidRuntime: CheckJNI is OFF
08-06 17:29:40.191   696   696 D ICU     : No timezone override file found: /data/misc/zoneinfo/current/icu/icu_tzdata.dat
08-06 17:29:40.232   696   696 I Radio-JNI: register_android_hardware_Radio DONE
08-06 17:29:40.262   696   696 D AndroidRuntime: Calling main entry com.android.commands.input.Input
08-06 17:29:40.264   696   696 I Input   : injectMotionEvent: MotionEvent { action=ACTION_DOWN, actionButton=0, id[0]=0, x[0]=600.0, y[0]=950.0, toolType[0]=TOOL_TYPE_UNKNOWN, buttonState=0, metaState=0, flags=0x0, edgeFlags=0x0, pointerCount=1, historySize=0, eventTime=898196676, downTime=898196676, deviceId=0, source=0x1002 }
08-06 17:29:40.268   696   696 I Input   : injectMotionEvent: MotionEvent { action=ACTION_UP, actionButton=0, id[0]=0, x[0]=600.0, y[0]=950.0, toolType[0]=TOOL_TYPE_UNKNOWN, buttonState=0, metaState=0, flags=0x0, edgeFlags=0x0, pointerCount=1, historySize=0, eventTime=898196676, downTime=898196676, deviceId=0, source=0x1002 }
08-06 17:29:40.270   696   696 D AndroidRuntime: Shutting down VM
08-06 17:29:40.286   512  2967 D audio_hw_primary: out_set_parameters: enter: usecase(1: low-latency-playback) kvpairs: routing=2
08-06 17:29:40.289   918  5132 I ActivityManager: START u0 {dat=https://oauth.reddit.com/... cmp=baseline.org.quantumbadger.redreader/.activities.CommentListingActivity} from uid 10705 on display 0
08-06 17:29:40.297 31869 31881 I art     : Starting a blocking GC Explicit
08-06 17:29:40.299   512  2967 D audio_hw_primary: select_devices: out_snd_device(2: speaker) in_snd_device(0: none)
08-06 17:29:40.299   512  2967 D msm8974_platform: platform_send_audio_calibration: sending audio calibration for snd_device(2) acdb_id(15)
08-06 17:29:40.299   512  2967 I soundtrigger: audio_extn_sound_trigger_update_device_status: device 0x2 of type 0 for Event 1
08-06 17:29:40.310   512  2967 D audio_hw_primary: enable_snd_device: snd_device(2: speaker)
08-06 17:29:40.312   512  2967 D audio_hw_primary: enable_audio_route: apply and update mixer path: low-latency-playback speaker
08-06 17:29:40.312 31869   514 I RedditChangeDataIO: Writing tmp data file at '/data/user/0/baseline.org.quantumbadger.redreader/files/rr_change_data_tmp.dat'
08-06 17:29:40.313 31869   514 I RedditChangeDataManager: Taking snapshot...
08-06 17:29:40.313 31869   514 I RedditChangeDataManager: Writing to stream...
08-06 17:29:40.313 31869   514 I RedditChangeDataManager: Wrote 3 entries for user ''
08-06 17:29:40.313 31869   514 I RedditChangeDataManager: All entries written to stream.
08-06 17:29:40.313 31869   514 I RedditChangeDataIO: Write successful. Atomically replacing data file...
08-06 17:29:40.314 31869   514 I RedditChangeDataIO: Write complete.
08-06 17:29:40.314 31869   514 I RedditChangeDataIO: 86 bytes written in 2 ms
08-06 17:29:40.316 31869 31869 I AppCompatViewInflater: app:theme is now deprecated. Please move to using android:theme instead.
08-06 17:29:40.336 31869 31881 I art     : Explicit concurrent mark sweep GC freed 3211(169KB) AllocSpace objects, 2(88KB) LOS objects, 39% free, 25MB/41MB, paused 767us total 39.018ms
08-06 17:29:40.339 31869 32465 I CommentListingActivity: COMMENTS session changed to 6a09adc9-c901-4f92-8bbf-71fbe93b60b7
08-06 17:29:40.352 31869 31881 I art     : Starting a blocking GC Explicit
08-06 17:29:40.388 31869 31881 I art     : Explicit concurrent mark sweep GC freed 3172(328KB) AllocSpace objects, 2(32KB) LOS objects, 38% free, 25MB/41MB, paused 661us total 35.128ms
08-06 17:29:40.404 31869 31881 I art     : Starting a blocking GC Explicit
08-06 17:29:40.404   918   936 I ActivityManager: Displayed baseline.org.quantumbadger.redreader/.activities.CommentListingActivity: +104ms
08-06 17:29:40.408 13866 13866 I GoogleInputMethodServic: GoogleInputMethodService.onFinishInput():3138 
08-06 17:29:40.408 13866 13866 I GoogleInputMethodServic: GoogleInputMethodService.onStartInput():1808 
08-06 17:29:40.443 31869 31881 I art     : Explicit concurrent mark sweep GC freed 1612(74KB) AllocSpace objects, 0(0B) LOS objects, 38% free, 25MB/41MB, paused 953us total 38.513ms
08-06 17:29:40.460 31869 31881 I art     : Starting a blocking GC Explicit
08-06 17:29:40.502 31869 31881 I art     : Explicit concurrent mark sweep GC freed 502(20KB) AllocSpace objects, 0(0B) LOS objects, 38% free, 25MB/41MB, paused 375us total 41.576ms
08-06 17:29:40.521 31869 31881 I art     : Starting a blocking GC Explicit
08-06 17:29:40.557 31869 31881 I art     : Explicit concurrent mark sweep GC freed 18(848B) AllocSpace objects, 0(0B) LOS objects, 38% free, 25MB/41MB, paused 394us total 35.442ms
08-06 17:29:40.638   380   380 W SurfaceFlinger: couldn't log to binary event log: overflow.
08-06 17:29:40.840 31869 31881 I art     : Starting a blocking GC Explicit
08-06 17:29:40.851   512  2967 D audio_hw_primary: disable_audio_route: reset and update mixer path: low-latency-playback speaker
08-06 17:29:40.852   512  2967 D audio_hw_primary: disable_snd_device: snd_device(2: speaker)
08-06 17:29:40.861   512  2967 I soundtrigger: audio_extn_sound_trigger_update_device_status: device 0x2 of type 0 for Event 0
08-06 17:29:40.879 31869 31881 I art     : Explicit concurrent mark sweep GC freed 1471(85KB) AllocSpace objects, 1(20KB) LOS objects, 38% free, 25MB/41MB, paused 294us total 38.688ms
08-06 17:29:40.897 31869 31881 I art     : Starting a blocking GC Explicit
08-06 17:29:40.935 31869 31881 I art     : Explicit concurrent mark sweep GC freed 20(704B) AllocSpace objects, 0(0B) LOS objects, 38% free, 25MB/41MB, paused 305us total 38.083ms
08-06 17:29:40.952 31869 31881 I art     : Starting a blocking GC Explicit
08-06 17:29:40.990 31869 31881 I art     : Explicit concurrent mark sweep GC freed 3(96B) AllocSpace objects, 0(0B) LOS objects, 38% free, 25MB/41MB, paused 283us total 37.535ms
08-06 17:29:41.007 31869 31881 I art     : Starting a blocking GC Explicit
08-06 17:29:41.046 31869 31881 I art     : Explicit concurrent mark sweep GC freed 49(1920B) AllocSpace objects, 0(0B) LOS objects, 38% free, 25MB/41MB, paused 309us total 38.389ms
08-06 17:29:41.063 31869 31881 I art     : Starting a blocking GC Explicit
08-06 17:29:41.103 31869 31881 I art     : Explicit concurrent mark sweep GC freed 3(96B) AllocSpace objects, 0(0B) LOS objects, 38% free, 25MB/41MB, paused 305us total 39.398ms
08-06 17:29:41.307   518   646 I ThermalEngine: ACTION: GPU - Setting GPU[0] to 390000000
08-06 17:29:41.405 31869 31882 I art     : Starting a blocking GC Explicit
08-06 17:29:41.454 31869 31882 I art     : Explicit concurrent mark sweep GC freed 1346(80KB) AllocSpace objects, 1(20KB) LOS objects, 38% free, 25MB/41MB, paused 356us total 48.260ms
08-06 17:29:41.473 31869 31882 I art     : Starting a blocking GC Explicit
08-06 17:29:41.513 31869 31882 I art     : Explicit concurrent mark sweep GC freed 20(704B) AllocSpace objects, 0(0B) LOS objects, 38% free, 25MB/41MB, paused 321us total 39.654ms
08-06 17:29:41.530 31869 31882 I art     : Starting a blocking GC Explicit
08-06 17:29:41.569 31869 31882 I art     : Explicit concurrent mark sweep GC freed 3(96B) AllocSpace objects, 0(0B) LOS objects, 38% free, 25MB/41MB, paused 321us total 37.973ms
08-06 17:29:41.586 31869 31882 I art     : Starting a blocking GC Explicit
08-06 17:29:41.626 31869 31882 I art     : Explicit concurrent mark sweep GC freed 3(96B) AllocSpace objects, 0(0B) LOS objects, 38% free, 25MB/41MB, paused 319us total 39.467ms
08-06 17:29:41.647 31869 31882 I art     : Starting a blocking GC Explicit
08-06 17:29:41.686 31869 31882 I art     : Explicit concurrent mark sweep GC freed 3(96B) AllocSpace objects, 0(0B) LOS objects, 38% free, 25MB/41MB, paused 316us total 38.648ms
08-06 17:29:41.782   918  3188 I hubconnection: sensorhub said: 'set_bias 3: -5.2128, 0.0000, 0.0000'
08-06 17:29:41.998 31869 32651 I art     : Starting a blocking GC Explicit
08-06 17:29:42.053 31869 32651 I art     : Explicit concurrent mark sweep GC freed 1346(80KB) AllocSpace objects, 1(20KB) LOS objects, 38% free, 25MB/41MB, paused 353us total 54.248ms
08-06 17:29:42.072 31869 32651 I art     : Starting a blocking GC Explicit
08-06 17:29:42.117 31869 32651 I art     : Explicit concurrent mark sweep GC freed 20(704B) AllocSpace objects, 0(0B) LOS objects, 38% free, 25MB/41MB, paused 326us total 44.425ms
08-06 17:29:42.138 31869 32651 I art     : Starting a blocking GC Explicit
08-06 17:29:42.181 31869 32651 I art     : Explicit concurrent mark sweep GC freed 3(96B) AllocSpace objects, 0(0B) LOS objects, 38% free, 25MB/41MB, paused 315us total 43.176ms
08-06 17:29:42.199 31869 32651 I art     : Starting a blocking GC Explicit
08-06 17:29:42.242 31869 32651 I art     : Explicit concurrent mark sweep GC freed 3(96B) AllocSpace objects, 0(0B) LOS objects, 38% free, 25MB/41MB, paused 297us total 42.497ms
08-06 17:29:42.259 31869 32651 I art     : Starting a blocking GC Explicit
08-06 17:29:42.303 31869 32651 I art     : Explicit concurrent mark sweep GC freed 3(96B) AllocSpace objects, 0(0B) LOS objects, 38% free, 25MB/41MB, paused 315us total 43.740ms
08-06 17:29:42.651 31869 31893 I art     : Starting a blocking GC Explicit
08-06 17:29:42.720 31869 31893 I art     : Explicit concurrent mark sweep GC freed 1346(80KB) AllocSpace objects, 1(20KB) LOS objects, 38% free, 25MB/41MB, paused 865us total 68.727ms
08-06 17:29:42.748 31869 31893 I art     : Starting a blocking GC Explicit
08-06 17:29:42.800 31869 31893 I art     : Explicit concurrent mark sweep GC freed 20(704B) AllocSpace objects, 0(0B) LOS objects, 38% free, 25MB/41MB, paused 461us total 52.059ms
08-06 17:29:42.828 31869 31893 I art     : Starting a blocking GC Explicit
08-06 17:29:42.879 31869 31893 I art     : Explicit concurrent mark sweep GC freed 3(96B) AllocSpace objects, 0(0B) LOS objects, 38% free, 25MB/41MB, paused 522us total 50.091ms
08-06 17:29:42.906 31869 31893 I art     : Starting a blocking GC Explicit
08-06 17:29:42.960 31869 31893 I art     : Explicit concurrent mark sweep GC freed 3(96B) AllocSpace objects, 0(0B) LOS objects, 38% free, 25MB/41MB, paused 381us total 53.566ms
08-06 17:29:42.984 31869 31893 I art     : Starting a blocking GC Explicit
08-06 17:29:43.034 31869 31893 I art     : Explicit concurrent mark sweep GC freed 3(96B) AllocSpace objects, 0(0B) LOS objects, 38% free, 25MB/41MB, paused 374us total 49.593ms
08-06 17:29:43.314   518   646 I ThermalEngine: ACTION: GPU - Setting GPU[0] to 450000000
08-06 17:29:43.376 31869 32173 I art     : Starting a blocking GC Explicit
08-06 17:29:43.423 31869 32173 I art     : Explicit concurrent mark sweep GC freed 1346(80KB) AllocSpace objects, 1(20KB) LOS objects, 38% free, 25MB/41MB, paused 350us total 47.299ms
08-06 17:29:43.442 31869 32173 I art     : Starting a blocking GC Explicit
08-06 17:29:43.483 31869 32173 I art     : Explicit concurrent mark sweep GC freed 20(704B) AllocSpace objects, 0(0B) LOS objects, 38% free, 25MB/41MB, paused 340us total 39.958ms
08-06 17:29:43.501 31869 32173 I art     : Starting a blocking GC Explicit
08-06 17:29:43.540 31869 32173 I art     : Explicit concurrent mark sweep GC freed 3(96B) AllocSpace objects, 0(0B) LOS objects, 38% free, 25MB/41MB, paused 342us total 39.142ms
08-06 17:29:43.557 31869 32173 I art     : Starting a blocking GC Explicit
08-06 17:29:43.592 31869 32173 I art     : Explicit concurrent mark sweep GC freed 3(96B) AllocSpace objects, 0(0B) LOS objects, 38% free, 25MB/41MB, paused 283us total 34.626ms
08-06 17:29:43.604 24365 20401 I NetworkScheduler.Stats: Task com.google.android.gms/com.google.android.gms.icing.service.IcingGcmTaskService started execution. cause:4 exec_start_elapsed_seconds: 1881587 [CONTEXT service_id=218 ]
08-06 17:29:43.609 31869 32173 I art     : Starting a blocking GC Explicit
08-06 17:29:43.621 24365  9932 I NetworkScheduler.Stats: Task com.google.android.gms/com.google.android.gms.icing.service.IcingGcmTaskService finished executing. cause:4 result: 1 elapsed_millis: 44 uptime_millis: 44 exec_start_elapsed_seconds: 1881587 [CONTEXT service_id=218 ]
08-06 17:29:43.644 31869 32173 I art     : Explicit concurrent mark sweep GC freed 3(96B) AllocSpace objects, 0(0B) LOS objects, 38% free, 25MB/41MB, paused 292us total 34.324ms
08-06 17:29:43.671 24365  9932 I NetworkScheduler.Stats: Task com.google.android.gms/com.google.android.gms.ipa.base.IpaGcmTaskService started execution. cause:5 exec_start_elapsed_seconds: 1881587 [CONTEXT service_id=218 ]
08-06 17:29:43.685 24577   800 I GmscoreIpa: Starting mediastore batch index
08-06 17:29:43.697 24365 20401 I NetworkScheduler.Stats: Task com.google.android.gms/com.google.android.gms.ipa.base.IpaGcmTaskService finished executing. cause:5 result: 1 elapsed_millis: 50 uptime_millis: 50 exec_start_elapsed_seconds: 1881587 [CONTEXT service_id=218 ]
08-06 17:29:43.745 24577  8148 I MdiSyncModule: Dispatching task '2_PERIODIC'...
08-06 17:29:43.766 24577  8148 I MdiSyncModule: Running singleton-scoped task '2 PERIODIC (2_PERIODIC)'...
08-06 17:29:43.771   918  3696 I AccountManagerService: getTypesVisibleToCaller: isPermitted? true
08-06 17:29:43.791 24365 20401 I NetworkScheduler.Stats: Task com.google.android.gms/com.google.android.gms.mdisync.service.MdiSyncBackgroundTaskService started execution. cause:5 exec_start_elapsed_seconds: 1881587 [CONTEXT service_id=218 ]
08-06 17:29:43.884 24577 15135 I GmscoreIpa: Bulk mediastore status = true
08-06 17:29:43.910   918  3696 I AccountManagerService: getTypesVisibleToCaller: isPermitted? true
08-06 17:29:43.926   918  4413 I AccountManagerService: getTypesVisibleToCaller: isPermitted? true
08-06 17:29:43.937 31869 31881 I art     : Starting a blocking GC Explicit
08-06 17:29:43.963 24577   802 I GmscoreIpa: Batch indexing status=true
08-06 17:29:43.974 31869 31881 I art     : Explicit concurrent mark sweep GC freed 1346(80KB) AllocSpace objects, 1(20KB) LOS objects, 38% free, 25MB/41MB, paused 296us total 36.375ms
08-06 17:29:43.975 24577  8148 I MdiSyncModule: Singleton-scoped task '2 PERIODIC (2_PERIODIC)' finished with result '0'!
08-06 17:29:43.977   918   928 I AccountManagerService: getTypesVisibleToCaller: isPermitted? true
08-06 17:29:43.977 24577  8148 I MdiSyncModule: Task '2 PERIODIC (2_PERIODIC)' finished with result '0'!
08-06 17:29:43.981 24365  9932 I NetworkScheduler.Stats: Task com.google.android.gms/com.google.android.gms.mdisync.service.MdiSyncBackgroundTaskService finished executing. cause:5 result: 1 elapsed_millis: 304 uptime_millis: 304 exec_start_elapsed_seconds: 1881587 [CONTEXT service_id=218 ]
08-06 17:29:43.991 31869 31881 I art     : Starting a blocking GC Explicit
08-06 17:29:44.028 31869 31881 I art     : Explicit concurrent mark sweep GC freed 20(704B) AllocSpace objects, 0(0B) LOS objects, 38% free, 25MB/41MB, paused 304us total 37.254ms
08-06 17:29:44.045 31869 31881 I art     : Starting a blocking GC Explicit
08-06 17:29:44.085 31869 31881 I art     : Explicit concurrent mark sweep GC freed 3(96B) AllocSpace objects, 0(0B) LOS objects, 38% free, 25MB/41MB, paused 307us total 39.018ms
08-06 17:29:44.103 31869 31881 I art     : Starting a blocking GC Explicit
08-06 17:29:44.144 31869 31881 I art     : Explicit concurrent mark sweep GC freed 3(96B) AllocSpace objects, 0(0B) LOS objects, 38% free, 25MB/41MB, paused 299us total 41.313ms
08-06 17:29:44.162 31869 31881 I art     : Starting a blocking GC Explicit
08-06 17:29:44.209 31869 31881 I art     : Explicit concurrent mark sweep GC freed 3(96B) AllocSpace objects, 0(0B) LOS objects, 38% free, 25MB/41MB, paused 351us total 45.870ms
08-06 17:29:44.486   918  3261 D WifiStateMachine: starting scan for "H369AA63323"WPA_PSK with 2412,5180
08-06 17:29:44.525 31869 31882 I art     : Starting a blocking GC Explicit
08-06 17:29:44.568 31869 31882 I art     : Explicit concurrent mark sweep GC freed 1348(80KB) AllocSpace objects, 1(20KB) LOS objects, 38% free, 25MB/41MB, paused 333us total 42.419ms
08-06 17:29:44.585 31869 31882 I art     : Starting a blocking GC Explicit
08-06 17:29:44.623 31869 31882 I art     : Explicit concurrent mark sweep GC freed 20(704B) AllocSpace objects, 0(0B) LOS objects, 38% free, 25MB/41MB, paused 335us total 37.543ms
08-06 17:29:44.641 31869 31882 I art     : Starting a blocking GC Explicit
08-06 17:29:44.682 31869 31882 I art     : Explicit concurrent mark sweep GC freed 3(96B) AllocSpace objects, 0(0B) LOS objects, 38% free, 25MB/41MB, paused 329us total 41.441ms
08-06 17:29:44.700 31869 31882 I art     : Starting a blocking GC Explicit
08-06 17:29:44.740 31869 31882 I art     : Explicit concurrent mark sweep GC freed 3(96B) AllocSpace objects, 0(0B) LOS objects, 38% free, 25MB/41MB, paused 342us total 40.447ms
08-06 17:29:44.758 31869 31882 I art     : Starting a blocking GC Explicit
08-06 17:29:44.799 31869 31882 I art     : Explicit concurrent mark sweep GC freed 3(96B) AllocSpace objects, 0(0B) LOS objects, 38% free, 25MB/41MB, paused 336us total 41.313ms
08-06 17:29:45.054   826   826 D AndroidRuntime: >>>>>> START com.android.internal.os.RuntimeInit uid 2000 <<<<<<
08-06 17:29:45.060   826   826 D AndroidRuntime: CheckJNI is OFF
08-06 17:29:45.105   826   826 D ICU     : No timezone override file found: /data/misc/zoneinfo/current/icu/icu_tzdata.dat
08-06 17:29:45.109 31869 32651 I art     : Starting a blocking GC Explicit
08-06 17:29:45.151 31869 32651 I art     : Explicit concurrent mark sweep GC freed 1346(80KB) AllocSpace objects, 1(20KB) LOS objects, 38% free, 25MB/41MB, paused 328us total 41.878ms
08-06 17:29:45.152   826   826 I Radio-JNI: register_android_hardware_Radio DONE
08-06 17:29:45.169 31869 32651 I art     : Starting a blocking GC Explicit
08-06 17:29:45.183   826   826 D AndroidRuntime: Calling main entry com.android.commands.input.Input
08-06 17:29:45.186   826   826 I Input   : injectKeyEvent: KeyEvent { action=ACTION_DOWN, keyCode=KEYCODE_BACK, scanCode=0, metaState=0, flags=0x0, repeatCount=0, eventTime=898201599, downTime=898201599, deviceId=-1, source=0x101 }
08-06 17:29:45.192   826   826 I Input   : injectKeyEvent: KeyEvent { action=ACTION_UP, keyCode=KEYCODE_BACK, scanCode=0, metaState=0, flags=0x0, repeatCount=0, eventTime=898201599, downTime=898201599, deviceId=-1, source=0x101 }
08-06 17:29:45.197   826   826 D AndroidRuntime: Shutting down VM
08-06 17:29:45.208 31869 32651 I art     : Explicit concurrent mark sweep GC freed 136(4KB) AllocSpace objects, 0(0B) LOS objects, 38% free, 25MB/41MB, paused 402us total 38.346ms
08-06 17:29:45.226 31869 32651 I art     : Starting a blocking GC Explicit
08-06 17:29:45.238 13866 13866 I GoogleInputMethodServic: GoogleInputMethodService.onFinishInput():3138 
08-06 17:29:45.238 13866 13866 I GoogleInputMethodServic: GoogleInputMethodService.onStartInput():1808 
08-06 17:29:45.262 31869 32651 I art     : Explicit concurrent mark sweep GC freed 103(3KB) AllocSpace objects, 0(0B) LOS objects, 38% free, 25MB/41MB, paused 343us total 35.720ms
08-06 17:29:45.279 31869 32651 I art     : Starting a blocking GC Explicit
08-06 17:29:45.313 31869 32651 I art     : Explicit concurrent mark sweep GC freed 36(1184B) AllocSpace objects, 0(0B) LOS objects, 38% free, 25MB/41MB, paused 298us total 33.865ms
08-06 17:29:45.329 31869 32651 I art     : Starting a blocking GC Explicit
08-06 17:29:45.359 31869   741 I RedditChangeDataIO: Writing tmp data file at '/data/user/0/baseline.org.quantumbadger.redreader/files/rr_change_data_tmp.dat'
08-06 17:29:45.359 31869   741 I RedditChangeDataManager: Taking snapshot...
08-06 17:29:45.359 31869   741 I RedditChangeDataManager: Writing to stream...
08-06 17:29:45.360 31869   741 I RedditChangeDataManager: Wrote 3 entries for user ''
08-06 17:29:45.360 31869   741 I RedditChangeDataManager: All entries written to stream.
08-06 17:29:45.360 31869   741 I RedditChangeDataIO: Write successful. Atomically replacing data file...
08-06 17:29:45.360 31869   741 I RedditChangeDataIO: Write complete.
08-06 17:29:45.360 31869   741 I RedditChangeDataIO: 86 bytes written in 1 ms
08-06 17:29:45.365 31869 32651 I art     : Explicit concurrent mark sweep GC freed 74(4KB) AllocSpace objects, 1(68KB) LOS objects, 38% free, 25MB/41MB, paused 290us total 35.476ms
08-06 17:29:45.542   380   380 W SurfaceFlinger: couldn't log to binary event log: overflow.
08-06 17:29:45.646 31869 32651 I art     : Starting a blocking GC Explicit
08-06 17:29:45.688 31869 32651 I art     : Explicit concurrent mark sweep GC freed 1408(82KB) AllocSpace objects, 1(20KB) LOS objects, 38% free, 25MB/41MB, paused 335us total 41.653ms
08-06 17:29:45.705 31869 32651 I art     : Starting a blocking GC Explicit
08-06 17:29:45.743 31869 32651 I art     : Explicit concurrent mark sweep GC freed 3855(310KB) AllocSpace objects, 5(140KB) LOS objects, 39% free, 24MB/40MB, paused 308us total 37.470ms
08-06 17:29:45.760 31869 32651 I art     : Starting a blocking GC Explicit
08-06 17:29:45.797 31869 32651 I art     : Explicit concurrent mark sweep GC freed 3(96B) AllocSpace objects, 0(0B) LOS objects, 39% free, 24MB/40MB, paused 390us total 36.743ms
08-06 17:29:45.814 31869 32651 I art     : Starting a blocking GC Explicit
08-06 17:29:45.852 31869 32651 I art     : Explicit concurrent mark sweep GC freed 3(96B) AllocSpace objects, 0(0B) LOS objects, 39% free, 24MB/40MB, paused 331us total 37.492ms
08-06 17:29:45.869 31869 32651 I art     : Starting a blocking GC Explicit
08-06 17:29:45.907 31869 32651 I art     : Explicit concurrent mark sweep GC freed 3(96B) AllocSpace objects, 0(0B) LOS objects, 39% free, 24MB/40MB, paused 461us total 37.699ms
08-06 17:29:46.206 31869 31893 I art     : Starting a blocking GC Explicit
08-06 17:29:46.254 31869 31893 I art     : Explicit concurrent mark sweep GC freed 1346(80KB) AllocSpace objects, 1(20KB) LOS objects, 39% free, 24MB/40MB, paused 396us total 47.816ms
08-06 17:29:46.273 31869 31893 I art     : Starting a blocking GC Explicit
08-06 17:29:46.311 31869 31893 I art     : Explicit concurrent mark sweep GC freed 20(704B) AllocSpace objects, 0(0B) LOS objects, 39% free, 24MB/40MB, paused 304us total 37.578ms
08-06 17:29:46.328 31869 31893 I art     : Starting a blocking GC Explicit
08-06 17:29:46.366 31869 31893 I art     : Explicit concurrent mark sweep GC freed 3(96B) AllocSpace objects, 0(0B) LOS objects, 39% free, 24MB/40MB, paused 305us total 37.623ms
08-06 17:29:46.383 31869 31893 I art     : Starting a blocking GC Explicit
08-06 17:29:46.421 31869 31893 I art     : Explicit concurrent mark sweep GC freed 3(96B) AllocSpace objects, 0(0B) LOS objects, 39% free, 24MB/40MB, paused 292us total 37.891ms
08-06 17:29:46.439 31869 31893 I art     : Starting a blocking GC Explicit
08-06 17:29:46.474 31869 31893 I art     : Explicit concurrent mark sweep GC freed 3(96B) AllocSpace objects, 0(0B) LOS objects, 39% free, 24MB/40MB, paused 311us total 35.388ms
08-06 17:29:46.766 31869 31881 I art     : Starting a blocking GC Explicit
08-06 17:29:46.805 31869 31881 I art     : Explicit concurrent mark sweep GC freed 1346(80KB) AllocSpace objects, 1(20KB) LOS objects, 39% free, 24MB/40MB, paused 317us total 38.649ms
08-06 17:29:46.823 31869 31881 I art     : Starting a blocking GC Explicit
08-06 17:29:46.862 31869 31881 I art     : Explicit concurrent mark sweep GC freed 20(704B) AllocSpace objects, 0(0B) LOS objects, 39% free, 24MB/40MB, paused 305us total 39.029ms
08-06 17:29:46.879 31869 31881 I art     : Starting a blocking GC Explicit
08-06 17:29:46.919 31869 31881 I art     : Explicit concurrent mark sweep GC freed 3(96B) AllocSpace objects, 0(0B) LOS objects, 39% free, 24MB/40MB, paused 315us total 39.097ms
08-06 17:29:46.936 31869 31881 I art     : Starting a blocking GC Explicit
08-06 17:29:46.975 31869 31881 I art     : Explicit concurrent mark sweep GC freed 3(96B) AllocSpace objects, 0(0B) LOS objects, 39% free, 24MB/40MB, paused 328us total 38.738ms
08-06 17:29:46.982   869   869 D AndroidRuntime: >>>>>> START com.android.internal.os.RuntimeInit uid 2000 <<<<<<
08-06 17:29:46.989   869   869 D AndroidRuntime: CheckJNI is OFF
08-06 17:29:46.992 31869 31881 I art     : Starting a blocking GC Explicit
08-06 17:29:47.031 31869 31881 I art     : Explicit concurrent mark sweep GC freed 3(96B) AllocSpace objects, 0(0B) LOS objects, 39% free, 24MB/40MB, paused 327us total 38.040ms
08-06 17:29:47.034   869   869 D ICU     : No timezone override file found: /data/misc/zoneinfo/current/icu/icu_tzdata.dat
08-06 17:29:47.080   869   869 I Radio-JNI: register_android_hardware_Radio DONE
08-06 17:29:47.111   869   869 D AndroidRuntime: Calling main entry com.android.commands.input.Input
08-06 17:29:47.114   869   869 I Input   : injectMotionEvent: MotionEvent { action=ACTION_DOWN, actionButton=0, id[0]=0, x[0]=600.0, y[0]=700.0, toolType[0]=TOOL_TYPE_UNKNOWN, buttonState=0, metaState=0, flags=0x0, edgeFlags=0x0, pointerCount=1, historySize=0, eventTime=898203526, downTime=898203526, deviceId=0, source=0x1002 }
08-06 17:29:47.121   869   869 I Input   : injectMotionEvent: MotionEvent { action=ACTION_UP, actionButton=0, id[0]=0, x[0]=600.0, y[0]=700.0, toolType[0]=TOOL_TYPE_UNKNOWN, buttonState=0, metaState=0, flags=0x0, edgeFlags=0x0, pointerCount=1, historySize=0, eventTime=898203526, downTime=898203526, deviceId=0, source=0x1002 }
08-06 17:29:47.123   869   869 D AndroidRuntime: Shutting down VM
08-06 17:29:47.138   512  2967 D audio_hw_primary: out_set_parameters: enter: usecase(1: low-latency-playback) kvpairs: routing=2
08-06 17:29:47.138   918  5952 I ActivityManager: START u0 {dat=https://oauth.reddit.com/... cmp=baseline.org.quantumbadger.redreader/.activities.CommentListingActivity} from uid 10705 on display 0
08-06 17:29:47.151   512  2967 D audio_hw_primary: select_devices: out_snd_device(2: speaker) in_snd_device(0: none)
08-06 17:29:47.151   512  2967 D msm8974_platform: platform_send_audio_calibration: sending audio calibration for snd_device(2) acdb_id(15)
08-06 17:29:47.151   512  2967 I soundtrigger: audio_extn_sound_trigger_update_device_status: device 0x2 of type 0 for Event 1
08-06 17:29:47.163   512  2967 D audio_hw_primary: enable_snd_device: snd_device(2: speaker)
08-06 17:29:47.164 31869 31869 I AppCompatViewInflater: app:theme is now deprecated. Please move to using android:theme instead.
08-06 17:29:47.166   512  2967 D audio_hw_primary: enable_audio_route: apply and update mixer path: low-latency-playback speaker
08-06 17:29:47.183 31869 32465 I CommentListingActivity: COMMENTS session changed to f4cd4ff4-3466-4b6f-bb86-3f0104f281e7
08-06 17:29:47.264 13866 13866 I GoogleInputMethodServic: GoogleInputMethodService.onFinishInput():3138 
08-06 17:29:47.264   918   936 I ActivityManager: Displayed baseline.org.quantumbadger.redreader/.activities.CommentListingActivity: +116ms
08-06 17:29:47.265 13866 13866 I GoogleInputMethodServic: GoogleInputMethodService.onStartInput():1808 
08-06 17:29:47.309 31869 31882 I art     : Starting a blocking GC Explicit
08-06 17:29:47.382 31869 31882 I art     : Explicit concurrent mark sweep GC freed 26268(1778KB) AllocSpace objects, 3(56KB) LOS objects, 36% free, 28MB/44MB, paused 858us total 72.808ms
08-06 17:29:47.402 31869 31882 I art     : Starting a blocking GC Explicit
08-06 17:29:47.460 31869 31882 I art     : Explicit concurrent mark sweep GC freed 12123(825KB) AllocSpace objects, 1(16KB) LOS objects, 35% free, 28MB/44MB, paused 459us total 57.462ms
08-06 17:29:47.480 31869 31882 I art     : Starting a blocking GC Explicit
08-06 17:29:47.511   380   380 W SurfaceFlinger: couldn't log to binary event log: overflow.
08-06 17:29:47.542 31869 31882 I art     : Explicit concurrent mark sweep GC freed 8125(567KB) AllocSpace objects, 0(0B) LOS objects, 35% free, 28MB/44MB, paused 361us total 61.702ms
08-06 17:29:47.561 31869 31882 I art     : Starting a blocking GC Explicit
08-06 17:29:47.612 31869 31882 I art     : Explicit concurrent mark sweep GC freed 19175(853KB) AllocSpace objects, 0(0B) LOS objects, 36% free, 27MB/43MB, paused 308us total 50.400ms
08-06 17:29:47.631 31869 31882 I art     : Starting a blocking GC Explicit
08-06 17:29:47.686 31869 31882 I art     : Explicit concurrent mark sweep GC freed 97(3KB) AllocSpace objects, 0(0B) LOS objects, 36% free, 27MB/43MB, paused 312us total 54.524ms
08-06 17:29:47.709   512  2967 D audio_hw_primary: disable_audio_route: reset and update mixer path: low-latency-playback speaker
08-06 17:29:47.710   512  2967 D audio_hw_primary: disable_snd_device: snd_device(2: speaker)
08-06 17:29:47.718   512  2967 I soundtrigger: audio_extn_sound_trigger_update_device_status: device 0x2 of type 0 for Event 0
08-06 17:29:47.994 31869 31893 I art     : Starting a blocking GC Explicit
08-06 17:29:48.048 31869 31893 I art     : Explicit concurrent mark sweep GC freed 1355(80KB) AllocSpace objects, 1(20KB) LOS objects, 36% free, 27MB/43MB, paused 311us total 54.099ms
08-06 17:29:48.068 31869 31893 I art     : Starting a blocking GC Explicit
08-06 17:29:48.120 31869 31893 I art     : Explicit concurrent mark sweep GC freed 20(704B) AllocSpace objects, 0(0B) LOS objects, 36% free, 27MB/43MB, paused 287us total 51.676ms
08-06 17:29:48.140 31869 31893 I art     : Starting a blocking GC Explicit
08-06 17:29:48.190 31869 31893 I art     : Explicit concurrent mark sweep GC freed 3(96B) AllocSpace objects, 0(0B) LOS objects, 36% free, 27MB/43MB, paused 315us total 49.794ms
08-06 17:29:48.210 31869 31893 I art     : Starting a blocking GC Explicit
08-06 17:29:48.262 31869 31893 I art     : Explicit concurrent mark sweep GC freed 3(96B) AllocSpace objects, 0(0B) LOS objects, 36% free, 27MB/43MB, paused 315us total 51.777ms
08-06 17:29:48.282 31869 31893 I art     : Starting a blocking GC Explicit
08-06 17:29:48.327   518   646 I ThermalEngine: ACTION: GPU - Setting GPU[0] to 390000000
08-06 17:29:48.349 31869 31893 I art     : Explicit concurrent mark sweep GC freed 49(1920B) AllocSpace objects, 0(0B) LOS objects, 36% free, 27MB/43MB, paused 508us total 67.006ms
08-06 17:29:48.673 31869 32651 I art     : Starting a blocking GC Explicit
08-06 17:29:48.754 31869 32651 I art     : Explicit concurrent mark sweep GC freed 1346(80KB) AllocSpace objects, 1(20KB) LOS objects, 36% free, 27MB/43MB, paused 434us total 80.611ms
08-06 17:29:48.785 31869 32651 I art     : Starting a blocking GC Explicit
08-06 17:29:48.851 31869 32651 I art     : Explicit concurrent mark sweep GC freed 20(704B) AllocSpace objects, 0(0B) LOS objects, 36% free, 27MB/43MB, paused 388us total 66.141ms
08-06 17:29:48.879 31869 32651 I art     : Starting a blocking GC Explicit
08-06 17:29:48.945 31869 32651 I art     : Explicit concurrent mark sweep GC freed 3(96B) AllocSpace objects, 0(0B) LOS objects, 36% free, 27MB/43MB, paused 373us total 65.715ms
08-06 17:29:48.973 31869 32651 I art     : Starting a blocking GC Explicit
08-06 17:29:49.046 31869 32651 I art     : Explicit concurrent mark sweep GC freed 3(96B) AllocSpace objects, 0(0B) LOS objects, 36% free, 27MB/43MB, paused 412us total 72.788ms
08-06 17:29:49.077 31869 32651 I art     : Starting a blocking GC Explicit
08-06 17:29:49.143 31869 32651 I art     : Explicit concurrent mark sweep GC freed 3(96B) AllocSpace objects, 0(0B) LOS objects, 36% free, 27MB/43MB, paused 650us total 65.992ms
08-06 17:29:49.321   918   937 W ProcessCpuTracker: Skipping unknown process pid 970
08-06 17:29:49.344   918   933 E KernelCpuSpeedReader: Failed to read cpu-freq: /sys/devices/system/cpu/cpu4/cpufreq/stats/time_in_state: open failed: ENOENT (No such file or directory)
08-06 17:29:49.463 31869 31881 I art     : Starting a blocking GC Explicit
08-06 17:29:49.542 31869 31881 I art     : Explicit concurrent mark sweep GC freed 1346(80KB) AllocSpace objects, 1(20KB) LOS objects, 36% free, 27MB/43MB, paused 413us total 78.153ms
08-06 17:29:49.572 31869 31881 I art     : Starting a blocking GC Explicit
08-06 17:29:49.639 31869 31881 I art     : Explicit concurrent mark sweep GC freed 20(704B) AllocSpace objects, 0(0B) LOS objects, 36% free, 27MB/43MB, paused 420us total 66.380ms
08-06 17:29:49.667 31869 31881 I art     : Starting a blocking GC Explicit
08-06 17:29:49.733 31869 31881 I art     : Explicit concurrent mark sweep GC freed 3(96B) AllocSpace objects, 0(0B) LOS objects, 36% free, 27MB/43MB, paused 371us total 65.650ms
08-06 17:29:49.760 31869 31881 I art     : Starting a blocking GC Explicit
08-06 17:29:49.836 31869 31881 I art     : Explicit concurrent mark sweep GC freed 3(96B) AllocSpace objects, 0(0B) LOS objects, 36% free, 27MB/43MB, paused 416us total 74.784ms
08-06 17:29:49.869 31869 31881 I art     : Starting a blocking GC Explicit
08-06 17:29:49.950 31869 31881 I art     : Explicit concurrent mark sweep GC freed 3(96B) AllocSpace objects, 0(0B) LOS objects, 36% free, 27MB/43MB, paused 748us total 80.688ms
08-06 17:29:50.291 31869 32173 I art     : Starting a blocking GC Explicit
08-06 17:29:50.374 31869 32173 I art     : Explicit concurrent mark sweep GC freed 1346(80KB) AllocSpace objects, 1(20KB) LOS objects, 36% free, 27MB/43MB, paused 451us total 82.777ms
08-06 17:29:50.405 31869 32173 I art     : Starting a blocking GC Explicit
08-06 17:29:50.471 31869 32173 I art     : Explicit concurrent mark sweep GC freed 20(704B) AllocSpace objects, 0(0B) LOS objects, 36% free, 27MB/43MB, paused 466us total 65.641ms
08-06 17:29:50.499 31869 32173 I art     : Starting a blocking GC Explicit
08-06 17:29:50.564 31869 32173 I art     : Explicit concurrent mark sweep GC freed 3(96B) AllocSpace objects, 0(0B) LOS objects, 36% free, 27MB/43MB, paused 390us total 65.212ms
08-06 17:29:50.592 31869 32173 I art     : Starting a blocking GC Explicit
08-06 17:29:50.658 31869 32173 I art     : Explicit concurrent mark sweep GC freed 3(96B) AllocSpace objects, 0(0B) LOS objects, 36% free, 27MB/43MB, paused 681us total 65.446ms
08-06 17:29:50.685 31869 32173 I art     : Starting a blocking GC Explicit
08-06 17:29:50.751 31869 32173 I art     : Explicit concurrent mark sweep GC freed 3(96B) AllocSpace objects, 0(0B) LOS objects, 36% free, 27MB/43MB, paused 452us total 64.968ms
08-06 17:29:51.087 31869 31882 I art     : Starting a blocking GC Explicit
08-06 17:29:51.172 31869 31882 I art     : Explicit concurrent mark sweep GC freed 1346(80KB) AllocSpace objects, 1(20KB) LOS objects, 36% free, 27MB/43MB, paused 439us total 84.494ms
08-06 17:29:51.205 31869 31882 I art     : Starting a blocking GC Explicit
08-06 17:29:51.274 31869 31882 I art     : Explicit concurrent mark sweep GC freed 20(704B) AllocSpace objects, 0(0B) LOS objects, 36% free, 27MB/43MB, paused 382us total 68.219ms
08-06 17:29:51.306 31869 31882 I art     : Starting a blocking GC Explicit
08-06 17:29:51.331   518   646 I ThermalEngine: ACTION: GPU - Setting GPU[0] to 450000000
08-06 17:29:51.366 31869 31882 I art     : Explicit concurrent mark sweep GC freed 3(96B) AllocSpace objects, 0(0B) LOS objects, 36% free, 27MB/43MB, paused 298us total 59.777ms
08-06 17:29:51.386 31869 31882 I art     : Starting a blocking GC Explicit
08-06 17:29:51.434 31869 31882 I art     : Explicit concurrent mark sweep GC freed 3(96B) AllocSpace objects, 0(0B) LOS objects, 36% free, 27MB/43MB, paused 324us total 47.525ms
08-06 17:29:51.454 31869 31882 I art     : Starting a blocking GC Explicit
08-06 17:29:51.511 31869 31882 I art     : Explicit concurrent mark sweep GC freed 3(96B) AllocSpace objects, 0(0B) LOS objects, 36% free, 27MB/43MB, paused 316us total 56.731ms
08-06 17:29:51.816 31869 31893 I art     : Starting a blocking GC Explicit
08-06 17:29:51.878 31869 31893 I art     : Explicit concurrent mark sweep GC freed 1346(80KB) AllocSpace objects, 1(20KB) LOS objects, 36% free, 27MB/43MB, paused 435us total 61.628ms
08-06 17:29:51.902 31869 31893 I art     : Starting a blocking GC Explicit
08-06 17:29:51.917  1001  1001 D AndroidRuntime: >>>>>> START com.android.internal.os.RuntimeInit uid 2000 <<<<<<
08-06 17:29:51.923  1001  1001 D AndroidRuntime: CheckJNI is OFF
08-06 17:29:51.956 31869 31893 I art     : Explicit concurrent mark sweep GC freed 20(704B) AllocSpace objects, 0(0B) LOS objects, 36% free, 27MB/43MB, paused 320us total 53.853ms
08-06 17:29:51.969  1001  1001 D ICU     : No timezone override file found: /data/misc/zoneinfo/current/icu/icu_tzdata.dat
08-06 17:29:51.976 31869 31893 I art     : Starting a blocking GC Explicit
08-06 17:29:52.017  1001  1001 I Radio-JNI: register_android_hardware_Radio DONE
08-06 17:29:52.030 31869 31893 I art     : Explicit concurrent mark sweep GC freed 3(96B) AllocSpace objects, 0(0B) LOS objects, 36% free, 27MB/43MB, paused 295us total 53.924ms
08-06 17:29:52.047  1001  1001 D AndroidRuntime: Calling main entry com.android.commands.input.Input
08-06 17:29:52.048  1001  1001 I Input   : injectKeyEvent: KeyEvent { action=ACTION_DOWN, keyCode=KEYCODE_BACK, scanCode=0, metaState=0, flags=0x0, repeatCount=0, eventTime=898208461, downTime=898208461, deviceId=-1, source=0x101 }
08-06 17:29:52.049 31869 31893 I art     : Starting a blocking GC Explicit
08-06 17:29:52.056  1001  1001 I Input   : injectKeyEvent: KeyEvent { action=ACTION_UP, keyCode=KEYCODE_BACK, scanCode=0, metaState=0, flags=0x0, repeatCount=0, eventTime=898208461, downTime=898208461, deviceId=-1, source=0x101 }
08-06 17:29:52.063  1001  1001 D AndroidRuntime: Shutting down VM
08-06 17:29:52.099 31869 31893 I art     : Explicit concurrent mark sweep GC freed 127(4KB) AllocSpace objects, 0(0B) LOS objects, 36% free, 27MB/43MB, paused 312us total 49.517ms
08-06 17:29:52.107 13866 13866 I GoogleInputMethodServic: GoogleInputMethodService.onFinishInput():3138 
08-06 17:29:52.107 13866 13866 I GoogleInputMethodServic: GoogleInputMethodService.onStartInput():1808 
08-06 17:29:52.118 31869 31893 I art     : Starting a blocking GC Explicit
08-06 17:29:52.148 31869   916 I RedditChangeDataIO: Writing tmp data file at '/data/user/0/baseline.org.quantumbadger.redreader/files/rr_change_data_tmp.dat'
08-06 17:29:52.149 31869   916 I RedditChangeDataManager: Taking snapshot...
08-06 17:29:52.149 31869   916 I RedditChangeDataManager: Writing to stream...
08-06 17:29:52.149 31869   916 I RedditChangeDataManager: Wrote 3 entries for user ''
08-06 17:29:52.149 31869   916 I RedditChangeDataManager: All entries written to stream.
08-06 17:29:52.149 31869   916 I RedditChangeDataIO: Write successful. Atomically replacing data file...
08-06 17:29:52.150 31869   916 I RedditChangeDataIO: Write complete.
08-06 17:29:52.150 31869   916 I RedditChangeDataIO: 86 bytes written in 2 ms
08-06 17:29:52.173 31869 31893 I art     : Explicit concurrent mark sweep GC freed 194(8KB) AllocSpace objects, 1(68KB) LOS objects, 36% free, 27MB/43MB, paused 341us total 55.024ms
08-06 17:29:52.432   380   380 W SurfaceFlinger: couldn't log to binary event log: overflow.
08-06 17:29:52.465 31869 31893 I art     : Starting a blocking GC Explicit
08-06 17:29:52.518 31869 31893 I art     : Explicit concurrent mark sweep GC freed 1415(83KB) AllocSpace objects, 1(20KB) LOS objects, 36% free, 27MB/43MB, paused 320us total 53.043ms
08-06 17:29:52.537 31869 31893 I art     : Starting a blocking GC Explicit
08-06 17:29:52.578 31869 31893 I art     : Explicit concurrent mark sweep GC freed 46779(2MB) AllocSpace objects, 5(140KB) LOS objects, 39% free, 24MB/40MB, paused 303us total 40.715ms
08-06 17:29:52.595 31869 31893 I art     : Starting a blocking GC Explicit
08-06 17:29:52.632 31869 31893 I art     : Explicit concurrent mark sweep GC freed 3(96B) AllocSpace objects, 0(0B) LOS objects, 39% free, 24MB/40MB, paused 333us total 36.697ms
08-06 17:29:52.649 31869 31893 I art     : Starting a blocking GC Explicit
08-06 17:29:52.687 31869 31893 I art     : Explicit concurrent mark sweep GC freed 3(96B) AllocSpace objects, 0(0B) LOS objects, 39% free, 24MB/40MB, paused 302us total 37.537ms
08-06 17:29:52.707 31869 31893 I art     : Starting a blocking GC Explicit
08-06 17:29:52.747 31869 31893 I art     : Explicit concurrent mark sweep GC freed 3(96B) AllocSpace objects, 0(0B) LOS objects, 39% free, 24MB/40MB, paused 312us total 39.361ms
08-06 17:29:53.057 31869 32173 I art     : Starting a blocking GC Explicit
08-06 17:29:53.100 31869 32173 I art     : Explicit concurrent mark sweep GC freed 1346(80KB) AllocSpace objects, 1(20KB) LOS objects, 39% free, 24MB/40MB, paused 313us total 43.002ms
08-06 17:29:53.117 31869 32173 I art     : Starting a blocking GC Explicit
08-06 17:29:53.156 31869 32173 I art     : Explicit concurrent mark sweep GC freed 20(704B) AllocSpace objects, 0(0B) LOS objects, 39% free, 24MB/40MB, paused 312us total 38.120ms
08-06 17:29:53.173 31869 32173 I art     : Starting a blocking GC Explicit
08-06 17:29:53.210 31869 32173 I art     : Explicit concurrent mark sweep GC freed 3(96B) AllocSpace objects, 0(0B) LOS objects, 39% free, 24MB/40MB, paused 313us total 36.894ms
08-06 17:29:53.227 31869 32173 I art     : Starting a blocking GC Explicit
08-06 17:29:53.265 31869 32173 I art     : Explicit concurrent mark sweep GC freed 3(96B) AllocSpace objects, 0(0B) LOS objects, 39% free, 24MB/40MB, paused 310us total 37.573ms
08-06 17:29:53.282 31869 32173 I art     : Starting a blocking GC Explicit
08-06 17:29:53.318 31869 32173 I art     : Explicit concurrent mark sweep GC freed 3(96B) AllocSpace objects, 0(0B) LOS objects, 39% free, 24MB/40MB, paused 296us total 35.494ms
08-06 17:29:53.618 31869 31881 I art     : Starting a blocking GC Explicit
08-06 17:29:53.644   918  3188 I hubconnection: sensorhub said: 'set_bias 3: -5.7600, 0.0000, 0.0000'
08-06 17:29:53.659 31869 31881 I art     : Explicit concurrent mark sweep GC freed 1346(80KB) AllocSpace objects, 1(20KB) LOS objects, 39% free, 24MB/40MB, paused 333us total 40.268ms
08-06 17:29:53.676 31869 31881 I art     : Starting a blocking GC Explicit
08-06 17:29:53.712 31869 31881 I art     : Explicit concurrent mark sweep GC freed 20(704B) AllocSpace objects, 0(0B) LOS objects, 39% free, 24MB/40MB, paused 302us total 35.992ms
08-06 17:29:53.729 31869 31881 I art     : Starting a blocking GC Explicit
08-06 17:29:53.766 31869 31881 I art     : Explicit concurrent mark sweep GC freed 3(96B) AllocSpace objects, 0(0B) LOS objects, 39% free, 24MB/40MB, paused 312us total 36.457ms
08-06 17:29:53.783 31869 31881 I art     : Starting a blocking GC Explicit
08-06 17:29:53.823 31869 31881 I art     : Explicit concurrent mark sweep GC freed 3(96B) AllocSpace objects, 0(0B) LOS objects, 39% free, 24MB/40MB, paused 322us total 39.448ms
08-06 17:29:53.840 31869 31881 I art     : Starting a blocking GC Explicit
08-06 17:29:53.858  1047  1047 D AndroidRuntime: >>>>>> START com.android.internal.os.RuntimeInit uid 2000 <<<<<<
08-06 17:29:53.864  1047  1047 D AndroidRuntime: CheckJNI is OFF
08-06 17:29:53.880 31869 31881 I art     : Explicit concurrent mark sweep GC freed 3(96B) AllocSpace objects, 0(0B) LOS objects, 39% free, 24MB/40MB, paused 324us total 39.255ms
08-06 17:29:53.912  1047  1047 D ICU     : No timezone override file found: /data/misc/zoneinfo/current/icu/icu_tzdata.dat
08-06 17:29:53.957  1047  1047 I Radio-JNI: register_android_hardware_Radio DONE
08-06 17:29:53.987  1047  1047 D AndroidRuntime: Calling main entry com.android.commands.input.Input
08-06 17:29:53.990  1047  1047 I Input   : injectKeyEvent: KeyEvent { action=ACTION_DOWN, keyCode=KEYCODE_BACK, scanCode=0, metaState=0, flags=0x0, repeatCount=0, eventTime=898210403, downTime=898210403, deviceId=-1, source=0x101 }
08-06 17:29:53.999  1047  1047 I Input   : injectKeyEvent: KeyEvent { action=ACTION_UP, keyCode=KEYCODE_BACK, scanCode=0, metaState=0, flags=0x0, repeatCount=0, eventTime=898210403, downTime=898210403, deviceId=-1, source=0x101 }
08-06 17:29:54.007  1047  1047 D AndroidRuntime: Shutting down VM
08-06 17:29:54.048 13866 13866 I GoogleInputMethodServic: GoogleInputMethodService.onFinishInput():3138 
08-06 17:29:54.048 13866 13866 I GoogleInputMethodServic: GoogleInputMethodService.onStartInput():1808 
08-06 17:29:54.155 31869 31882 I art     : Starting a blocking GC Explicit
08-06 17:29:54.190 31869 31882 I art     : Explicit concurrent mark sweep GC freed 1525(86KB) AllocSpace objects, 1(20KB) LOS objects, 39% free, 24MB/40MB, paused 294us total 35.250ms
08-06 17:29:54.208 31869 31882 I art     : Starting a blocking GC Explicit
08-06 17:29:54.247 31869 31882 I art     : Explicit concurrent mark sweep GC freed 24(864B) AllocSpace objects, 0(0B) LOS objects, 39% free, 24MB/40MB, paused 307us total 38.407ms
08-06 17:29:54.263 31869 31882 I art     : Starting a blocking GC Explicit
08-06 17:29:54.300 31869 31882 I art     : Explicit concurrent mark sweep GC freed 3(96B) AllocSpace objects, 0(0B) LOS objects, 39% free, 24MB/40MB, paused 279us total 36.686ms
08-06 17:29:54.320 31869 31882 I art     : Starting a blocking GC Explicit
08-06 17:29:54.355 31869 31882 I art     : Explicit concurrent mark sweep GC freed 59(2176B) AllocSpace objects, 0(0B) LOS objects, 39% free, 24MB/40MB, paused 313us total 35.364ms
08-06 17:29:54.371 31869 31882 I art     : Starting a blocking GC Explicit
08-06 17:29:54.406 31869 31882 I art     : Explicit concurrent mark sweep GC freed 8(272B) AllocSpace objects, 0(0B) LOS objects, 39% free, 24MB/40MB, paused 326us total 34.811ms
08-06 17:29:54.602 12162 12181 I Finsky  : [6223] ktr.run(-1): Stats for Executor: BlockingExecutor kvs@e92de3c[Running, pool size = 1, active threads = 0, queued tasks = 0, completed tasks = 234]
08-06 17:29:54.603 12162 12181 I Finsky  : [6223] ktr.run(-1): Stats for Executor: LightweightExecutor kvs@2a717c5[Running, pool size = 4, active threads = 0, queued tasks = 0, completed tasks = 81]
08-06 17:29:54.695 31869 31881 I art     : Starting a blocking GC Explicit
08-06 17:29:54.738 31869 31881 I art     : Explicit concurrent mark sweep GC freed 1476(87KB) AllocSpace objects, 1(20KB) LOS objects, 39% free, 24MB/40MB, paused 360us total 42.817ms
08-06 17:29:54.755 31869 31881 I art     : Starting a blocking GC Explicit
08-06 17:29:54.793 31869 31881 I art     : Explicit concurrent mark sweep GC freed 20(704B) AllocSpace objects, 0(0B) LOS objects, 39% free, 24MB/40MB, paused 330us total 38.099ms
08-06 17:29:54.811 31869 31881 I art     : Starting a blocking GC Explicit
08-06 17:29:54.849 31869 31881 I art     : Explicit concurrent mark sweep GC freed 3(96B) AllocSpace objects, 0(0B) LOS objects, 39% free, 24MB/40MB, paused 323us total 37.926ms
08-06 17:29:54.866 31869 31881 I art     : Starting a blocking GC Explicit
08-06 17:29:54.905 31869 31881 I art     : Explicit concurrent mark sweep GC freed 3(96B) AllocSpace objects, 0(0B) LOS objects, 39% free, 24MB/40MB, paused 326us total 38.254ms
08-06 17:29:54.922 31869 31881 I art     : Starting a blocking GC Explicit
08-06 17:29:54.960 31869 31881 I art     : Explicit concurrent mark sweep GC freed 3(96B) AllocSpace objects, 0(0B) LOS objects, 39% free, 24MB/40MB, paused 332us total 38.218ms
08-06 17:29:55.115 12162 12181 I Finsky  : [6223] ktr.run(-1): Stats for Executor: bgExecutor kvs@1c1551a[Running, pool size = 4, active threads = 0, queued tasks = 0, completed tasks = 714]
08-06 17:29:55.265 31869 32651 I art     : Starting a blocking GC Explicit
08-06 17:29:55.306 31869 32651 I art     : Explicit concurrent mark sweep GC freed 1346(80KB) AllocSpace objects, 1(20KB) LOS objects, 39% free, 24MB/40MB, paused 354us total 40.804ms
08-06 17:29:55.323 31869 32651 I art     : Starting a blocking GC Explicit
08-06 17:29:55.360 31869 32651 I art     : Explicit concurrent mark sweep GC freed 20(704B) AllocSpace objects, 0(0B) LOS objects, 39% free, 24MB/40MB, paused 337us total 36.316ms
08-06 17:29:55.376 31869 32651 I art     : Starting a blocking GC Explicit
08-06 17:29:55.413 31869 32651 I art     : Explicit concurrent mark sweep GC freed 3(96B) AllocSpace objects, 0(0B) LOS objects, 39% free, 24MB/40MB, paused 334us total 36.582ms
08-06 17:29:55.413 31869 31879 I art     : WaitForGcToComplete blocked for 36.885ms for cause HeapTrim
08-06 17:29:55.430 31869 32651 I art     : Starting a blocking GC Explicit
08-06 17:29:55.467 31869 32651 I art     : Explicit concurrent mark sweep GC freed 3(96B) AllocSpace objects, 0(0B) LOS objects, 39% free, 24MB/40MB, paused 380us total 36.605ms
08-06 17:29:55.484 31869 32651 I art     : Starting a blocking GC Explicit
08-06 17:29:55.520 31869 32651 I art     : Explicit concurrent mark sweep GC freed 3(96B) AllocSpace objects, 0(0B) LOS objects, 39% free, 24MB/40MB, paused 334us total 36.393ms
08-06 17:29:55.788  1103  1103 D AndroidRuntime: >>>>>> START com.android.internal.os.RuntimeInit uid 2000 <<<<<<
08-06 17:29:55.795  1103  1103 D AndroidRuntime: CheckJNI is OFF
08-06 17:29:55.834 31869 32173 I art     : Starting a blocking GC Explicit
08-06 17:29:55.839  1103  1103 D ICU     : No timezone override file found: /data/misc/zoneinfo/current/icu/icu_tzdata.dat
08-06 17:29:55.872 31869 32173 I art     : Explicit concurrent mark sweep GC freed 1346(80KB) AllocSpace objects, 1(20KB) LOS objects, 39% free, 24MB/40MB, paused 348us total 37.700ms
08-06 17:29:55.882  1103  1103 I Radio-JNI: register_android_hardware_Radio DONE
08-06 17:29:55.889 31869 32173 I art     : Starting a blocking GC Explicit
08-06 17:29:55.913  1103  1103 D AndroidRuntime: Calling main entry com.android.commands.input.Input
08-06 17:29:55.914 25638 25638 I ServiceManager: Waiting for service AtCmdFwd...
08-06 17:29:55.915  1103  1103 I Input   : injectMotionEvent: MotionEvent { action=ACTION_DOWN, actionButton=0, id[0]=0, x[0]=600.0, y[0]=1536.0, toolType[0]=TOOL_TYPE_UNKNOWN, buttonState=0, metaState=0, flags=0x0, edgeFlags=0x0, pointerCount=1, historySize=0, eventTime=898212327, downTime=898212327, deviceId=0, source=0x1002 }
08-06 17:29:55.921  1103  1103 I Input   : injectMotionEvent: MotionEvent { action=ACTION_UP, actionButton=0, id[0]=0, x[0]=600.0, y[0]=1536.0, toolType[0]=TOOL_TYPE_UNKNOWN, buttonState=0, metaState=0, flags=0x0, edgeFlags=0x0, pointerCount=1, historySize=0, eventTime=898212327, downTime=898212327, deviceId=0, source=0x1002 }
08-06 17:29:55.923  1103  1103 D AndroidRuntime: Shutting down VM
08-06 17:29:55.928 31869 32173 I art     : Explicit concurrent mark sweep GC freed 23(800B) AllocSpace objects, 0(0B) LOS objects, 39% free, 24MB/40MB, paused 362us total 39.310ms
08-06 17:29:55.932   918  3670 I ActivityManager: START u0 {dat=https://oauth.reddit.com/... cmp=baseline.org.quantumbadger.redreader/.activities.PostListingActivity} from uid 10705 on display 0
08-06 17:29:55.934   512  2967 D audio_hw_primary: out_set_parameters: enter: usecase(1: low-latency-playback) kvpairs: routing=2
08-06 17:29:55.947   512  2967 D audio_hw_primary: select_devices: out_snd_device(2: speaker) in_snd_device(0: none)
08-06 17:29:55.947 31869 32173 I art     : Starting a blocking GC Explicit
08-06 17:29:55.947   512  2967 D msm8974_platform: platform_send_audio_calibration: sending audio calibration for snd_device(2) acdb_id(15)
08-06 17:29:55.947   512  2967 I soundtrigger: audio_extn_sound_trigger_update_device_status: device 0x2 of type 0 for Event 1
08-06 17:29:55.958   512  2967 D audio_hw_primary: enable_snd_device: snd_device(2: speaker)
08-06 17:29:55.960 31869 31869 I AppCompatViewInflater: app:theme is now deprecated. Please move to using android:theme instead.
08-06 17:29:55.961   512  2967 D audio_hw_primary: enable_audio_route: apply and update mixer path: low-latency-playback speaker
08-06 17:29:55.981 31869 32173 I art     : Explicit concurrent mark sweep GC freed 669(54KB) AllocSpace objects, 0(0B) LOS objects, 39% free, 24MB/40MB, paused 648us total 34.554ms
08-06 17:29:55.986 31869  1128 D OK      : calling: https://oauth.reddit.com/r/askscience/about.json
08-06 17:29:55.998 31869 32173 I art     : Starting a blocking GC Explicit
08-06 17:29:56.034 31869 32173 I art     : Explicit concurrent mark sweep GC freed 1051(55KB) AllocSpace objects, 0(0B) LOS objects, 38% free, 25MB/41MB, paused 562us total 35.380ms
08-06 17:29:56.045 13866 13866 I GoogleInputMethodServic: GoogleInputMethodService.onFinishInput():3138 
08-06 17:29:56.045 13866 13866 I GoogleInputMethodServic: GoogleInputMethodService.onStartInput():1808 
08-06 17:29:56.046   918   936 I ActivityManager: Displayed baseline.org.quantumbadger.redreader/.activities.PostListingActivity: +101ms
08-06 17:29:56.055 31869 32173 I art     : Starting a blocking GC Explicit
08-06 17:29:56.089 31869 32173 I art     : Explicit concurrent mark sweep GC freed 279(15KB) AllocSpace objects, 0(0B) LOS objects, 38% free, 25MB/41MB, paused 355us total 34.186ms
08-06 17:29:56.302   380   380 W SurfaceFlinger: couldn't log to binary event log: overflow.
08-06 17:29:56.350 31869 31881 I art     : Starting a blocking GC Explicit
08-06 17:29:56.358 31869  1128 I NAPPA_EXPERIMENTATION: MetricNetworkRequestExecutionTime: REQUEST_DURATION_SYSTEM='372',REQUEST_DURATION_OKHTTP='141',REQUEST_SYNCHRONOUS='TRUE',RESPONSE_CODE='200',RESPONSE_METHOD='GET',RESPONSE_LENGTH_OKHTTP='-1',RESPONSE_LENGTH_HEADER='4700',REQUEST_PROTOCOL='h2',REQUEST_URL='https://oauth.reddit.com/r/askscience/about.json',
08-06 17:29:56.358 31869  1128 D OK      : request got status: 200
08-06 17:29:56.386 31869 31881 I art     : Explicit concurrent mark sweep GC freed 4580(339KB) AllocSpace objects, 3(108KB) LOS objects, 38% free, 25MB/41MB, paused 416us total 35.223ms
08-06 17:29:56.402 31869 31881 I art     : Starting a blocking GC Explicit
08-06 17:29:56.438 31869 31881 I art     : Explicit concurrent mark sweep GC freed 940(59KB) AllocSpace objects, 1(68KB) LOS objects, 38% free, 25MB/41MB, paused 390us total 35.300ms
08-06 17:29:56.456 31869 31881 I art     : Starting a blocking GC Explicit
08-06 17:29:56.491 31869 31881 I art     : Explicit concurrent mark sweep GC freed 145(8KB) AllocSpace objects, 0(0B) LOS objects, 38% free, 25MB/41MB, paused 351us total 35.076ms
08-06 17:29:56.498   512  2967 D audio_hw_primary: disable_audio_route: reset and update mixer path: low-latency-playback speaker
08-06 17:29:56.499   512  2967 D audio_hw_primary: disable_snd_device: snd_device(2: speaker)
08-06 17:29:56.508 31869 31881 I art     : Starting a blocking GC Explicit
08-06 17:29:56.509   512  2967 I soundtrigger: audio_extn_sound_trigger_update_device_status: device 0x2 of type 0 for Event 0
08-06 17:29:56.543 31869 31881 I art     : Explicit concurrent mark sweep GC freed 3(96B) AllocSpace objects, 0(0B) LOS objects, 38% free, 25MB/41MB, paused 353us total 34.742ms
08-06 17:29:56.559 31869 31881 I art     : Starting a blocking GC Explicit
08-06 17:29:56.595 31869 31881 I art     : Explicit concurrent mark sweep GC freed 3(96B) AllocSpace objects, 0(0B) LOS objects, 38% free, 25MB/41MB, paused 362us total 35.671ms
08-06 17:29:56.892 31869 32173 I art     : Starting a blocking GC Explicit
08-06 17:29:56.915 25638 25638 I ServiceManager: Waiting for service AtCmdFwd...
08-06 17:29:56.931 31869 32173 I art     : Explicit concurrent mark sweep GC freed 1405(82KB) AllocSpace objects, 1(20KB) LOS objects, 38% free, 25MB/41MB, paused 380us total 39.137ms
08-06 17:29:56.949 31869 32173 I art     : Starting a blocking GC Explicit
08-06 17:29:56.986 31869 32173 I art     : Explicit concurrent mark sweep GC freed 20(720B) AllocSpace objects, 0(0B) LOS objects, 38% free, 25MB/41MB, paused 371us total 36.718ms
08-06 17:29:57.002 31869 32173 I art     : Starting a blocking GC Explicit
08-06 17:29:57.041 31869 32173 I art     : Explicit concurrent mark sweep GC freed 3(96B) AllocSpace objects, 0(0B) LOS objects, 38% free, 25MB/41MB, paused 353us total 37.796ms
08-06 17:29:57.058 31869 32173 I art     : Starting a blocking GC Explicit
08-06 17:29:57.095 31869 32173 I art     : Explicit concurrent mark sweep GC freed 3(96B) AllocSpace objects, 0(0B) LOS objects, 38% free, 25MB/41MB, paused 374us total 37.261ms
08-06 17:29:57.112 31869 32173 I art     : Starting a blocking GC Explicit
08-06 17:29:57.150 31869 32173 I art     : Explicit concurrent mark sweep GC freed 3(96B) AllocSpace objects, 0(0B) LOS objects, 38% free, 25MB/41MB, paused 334us total 37.166ms
08-06 17:29:57.187 31869  1153 D OK      : calling: https://oauth.reddit.com/r/askscience/hot/.json
08-06 17:29:57.345   518   646 I ThermalEngine: ACTION: GPU - Setting GPU[0] to 390000000
08-06 17:29:57.372 31869  1153 I NAPPA_EXPERIMENTATION: MetricNetworkRequestExecutionTime: REQUEST_DURATION_SYSTEM='185',REQUEST_DURATION_OKHTTP='180',REQUEST_SYNCHRONOUS='TRUE',RESPONSE_CODE='200',RESPONSE_METHOD='GET',RESPONSE_LENGTH_OKHTTP='-1',RESPONSE_LENGTH_HEADER='21282',REQUEST_PROTOCOL='h2',REQUEST_URL='https://oauth.reddit.com/r/askscience/hot/.json',
08-06 17:29:57.372 31869  1153 D OK      : request got status: 200
08-06 17:29:57.386 31869 32465 I PostListingFragment: Precaching images: OFF
08-06 17:29:57.387 31869 32465 I PostListingFragment: Precaching comments: OFF
08-06 17:29:57.458 31869 31893 I art     : Starting a blocking GC Explicit
08-06 17:29:57.518 31869 31893 I art     : Explicit concurrent mark sweep GC freed 6302(410KB) AllocSpace objects, 2(88KB) LOS objects, 38% free, 25MB/41MB, paused 716us total 59.543ms
08-06 17:29:57.543 31869 31893 I art     : Starting a blocking GC Explicit
08-06 17:29:57.600 31869 31893 I art     : Explicit concurrent mark sweep GC freed 3215(173KB) AllocSpace objects, 1(68KB) LOS objects, 38% free, 25MB/41MB, paused 783us total 56.926ms
08-06 17:29:57.625 31869 31893 I art     : Starting a blocking GC Explicit
08-06 17:29:57.681 31869 31893 I art     : Explicit concurrent mark sweep GC freed 2954(110KB) AllocSpace objects, 0(0B) LOS objects, 38% free, 25MB/41MB, paused 808us total 55.221ms
08-06 17:29:57.704 31869 31893 I art     : Starting a blocking GC Explicit
08-06 17:29:57.760 31869 31893 I art     : Explicit concurrent mark sweep GC freed 2769(103KB) AllocSpace objects, 0(0B) LOS objects, 38% free, 25MB/41MB, paused 1.810ms total 56.185ms
08-06 17:29:57.784 31869 31893 I art     : Starting a blocking GC Explicit
08-06 17:29:57.840 31869 31893 I art     : Explicit concurrent mark sweep GC freed 2956(107KB) AllocSpace objects, 0(0B) LOS objects, 38% free, 25MB/41MB, paused 1.010ms total 55.236ms
08-06 17:29:57.915 25638 25638 I ServiceManager: Waiting for service AtCmdFwd...
08-06 17:29:58.155 31869 31882 I art     : Starting a blocking GC Explicit
08-06 17:29:58.217 31869 31882 I art     : Explicit concurrent mark sweep GC freed 18278(833KB) AllocSpace objects, 1(20KB) LOS objects, 38% free, 25MB/41MB, paused 517us total 60.988ms
08-06 17:29:58.240 31869 31882 I art     : Starting a blocking GC Explicit
08-06 17:29:58.294 31869 31882 I art     : Explicit concurrent mark sweep GC freed 659(29KB) AllocSpace objects, 0(0B) LOS objects, 38% free, 25MB/41MB, paused 823us total 52.979ms
08-06 17:29:58.319 31869 31882 I art     : Starting a blocking GC Explicit
08-06 17:29:58.370 31869 31882 I art     : Explicit concurrent mark sweep GC freed 25(1024B) AllocSpace objects, 0(0B) LOS objects, 38% free, 25MB/41MB, paused 464us total 51.062ms
08-06 17:29:58.394 31869 31882 I art     : Starting a blocking GC Explicit
08-06 17:29:58.445 31869 31882 I art     : Explicit concurrent mark sweep GC freed 171(7KB) AllocSpace objects, 0(0B) LOS objects, 38% free, 25MB/41MB, paused 434us total 50.381ms
08-06 17:29:58.468 31869 31882 I art     : Starting a blocking GC Explicit
08-06 17:29:58.520 31869 31882 I art     : Explicit concurrent mark sweep GC freed 3(96B) AllocSpace objects, 0(0B) LOS objects, 38% free, 25MB/41MB, paused 678us total 51.455ms
08-06 17:29:58.852 31869 31881 I art     : Starting a blocking GC Explicit
08-06 17:29:58.916 25638 25638 I ServiceManager: Waiting for service AtCmdFwd...
08-06 17:29:58.920 31869 31881 I art     : Explicit concurrent mark sweep GC freed 1350(80KB) AllocSpace objects, 1(20KB) LOS objects, 38% free, 25MB/41MB, paused 780us total 68.377ms
08-06 17:29:58.947 31869 31881 I art     : Starting a blocking GC Explicit
08-06 17:29:58.999 31869 31881 I art     : Explicit concurrent mark sweep GC freed 20(704B) AllocSpace objects, 0(0B) LOS objects, 38% free, 25MB/41MB, paused 675us total 51.118ms
08-06 17:29:59.022 31869 31881 I art     : Starting a blocking GC Explicit
08-06 17:29:59.077 31869 31881 I art     : Explicit concurrent mark sweep GC freed 3(96B) AllocSpace objects, 0(0B) LOS objects, 38% free, 25MB/41MB, paused 499us total 53.311ms
08-06 17:29:59.104 31869 31881 I art     : Starting a blocking GC Explicit
08-06 17:29:59.160 31869 31881 I art     : Explicit concurrent mark sweep GC freed 3(96B) AllocSpace objects, 0(0B) LOS objects, 38% free, 25MB/41MB, paused 759us total 54.600ms
08-06 17:29:59.188 31869 31881 I art     : Starting a blocking GC Explicit
08-06 17:29:59.243 31869 31881 I art     : Explicit concurrent mark sweep GC freed 3(96B) AllocSpace objects, 0(0B) LOS objects, 38% free, 25MB/41MB, paused 536us total 54.532ms
08-06 17:29:59.607 31869 32173 I art     : Starting a blocking GC Explicit
08-06 17:29:59.670 31869 32173 I art     : Explicit concurrent mark sweep GC freed 1347(80KB) AllocSpace objects, 1(20KB) LOS objects, 38% free, 25MB/41MB, paused 621us total 62.948ms
08-06 17:29:59.696 31869 32173 I art     : Starting a blocking GC Explicit
08-06 17:29:59.748 31869 32173 I art     : Explicit concurrent mark sweep GC freed 20(720B) AllocSpace objects, 0(0B) LOS objects, 38% free, 25MB/41MB, paused 808us total 52.120ms
08-06 17:29:59.772 31869 32173 I art     : Starting a blocking GC Explicit
08-06 17:29:59.825 31869 32173 I art     : Explicit concurrent mark sweep GC freed 3(96B) AllocSpace objects, 0(0B) LOS objects, 38% free, 25MB/41MB, paused 482us total 52.580ms
08-06 17:29:59.849 31869 32173 I art     : Starting a blocking GC Explicit
08-06 17:29:59.901 31869 32173 I art     : Explicit concurrent mark sweep GC freed 3(96B) AllocSpace objects, 0(0B) LOS objects, 38% free, 25MB/41MB, paused 495us total 51.949ms
08-06 17:29:59.916 25638 25638 I ServiceManager: Waiting for service AtCmdFwd...
08-06 17:29:59.925 31869 32173 I art     : Starting a blocking GC Explicit
08-06 17:29:59.980 31869 32173 I art     : Explicit concurrent mark sweep GC freed 3(96B) AllocSpace objects, 0(0B) LOS objects, 38% free, 25MB/41MB, paused 669us total 54.432ms
08-06 17:30:00.330 31869 31893 I art     : Starting a blocking GC Explicit
08-06 17:30:00.397 31869 31893 I art     : Explicit concurrent mark sweep GC freed 1347(80KB) AllocSpace objects, 1(20KB) LOS objects, 38% free, 25MB/41MB, paused 530us total 66.327ms
08-06 17:30:00.423 31869 31893 I art     : Starting a blocking GC Explicit
08-06 17:30:00.480 31869 31893 I art     : Explicit concurrent mark sweep GC freed 20(704B) AllocSpace objects, 0(0B) LOS objects, 38% free, 25MB/41MB, paused 571us total 55.952ms
08-06 17:30:00.480 31869 31879 I art     : WaitForGcToComplete blocked for 12.963ms for cause HeapTrim
08-06 17:30:00.507 31869 31893 I art     : Starting a blocking GC Explicit
08-06 17:30:00.559 31869 31893 I art     : Explicit concurrent mark sweep GC freed 3(96B) AllocSpace objects, 0(0B) LOS objects, 38% free, 25MB/41MB, paused 515us total 51.883ms
08-06 17:30:00.583 31869 31893 I art     : Starting a blocking GC Explicit
08-06 17:30:00.635 31869 31893 I art     : Explicit concurrent mark sweep GC freed 3(96B) AllocSpace objects, 0(0B) LOS objects, 38% free, 25MB/41MB, paused 466us total 52.307ms
08-06 17:30:00.659 31869 31893 I art     : Starting a blocking GC Explicit
08-06 17:30:00.712 31869 31893 I art     : Explicit concurrent mark sweep GC freed 3(96B) AllocSpace objects, 0(0B) LOS objects, 38% free, 25MB/41MB, paused 501us total 51.972ms
08-06 17:30:00.917 25638 25638 W Atfwd_Sendcmd: AtCmdFwd service not published, waiting... retryCnt : 5
08-06 17:30:01.060 31869 32651 I art     : Starting a blocking GC Explicit
08-06 17:30:01.125 31869 32651 I art     : Explicit concurrent mark sweep GC freed 1346(80KB) AllocSpace objects, 1(20KB) LOS objects, 38% free, 25MB/41MB, paused 505us total 63.939ms
08-06 17:30:01.148 31869 32651 I art     : Starting a blocking GC Explicit
08-06 17:30:01.200 31869 32651 I art     : Explicit concurrent mark sweep GC freed 20(720B) AllocSpace objects, 0(0B) LOS objects, 38% free, 25MB/41MB, paused 784us total 50.925ms
08-06 17:30:01.223 31869 32651 I art     : Starting a blocking GC Explicit
08-06 17:30:01.272 31869 32651 I art     : Explicit concurrent mark sweep GC freed 3(96B) AllocSpace objects, 0(0B) LOS objects, 38% free, 25MB/41MB, paused 633us total 48.685ms
08-06 17:30:01.294 31869 32651 I art     : Starting a blocking GC Explicit
08-06 17:30:01.346 31869 32651 I art     : Explicit concurrent mark sweep GC freed 3(96B) AllocSpace objects, 0(0B) LOS objects, 38% free, 25MB/41MB, paused 703us total 51.791ms
08-06 17:30:01.350   518   646 I ThermalEngine: ACTION: GPU - Setting GPU[0] to 450000000
08-06 17:30:01.373 31869 32651 I art     : Starting a blocking GC Explicit
08-06 17:30:01.417 31869 32651 I art     : Explicit concurrent mark sweep GC freed 3(96B) AllocSpace objects, 0(0B) LOS objects, 38% free, 25MB/41MB, paused 480us total 43.463ms
08-06 17:30:01.742  1223  1223 D AndroidRuntime: >>>>>> START com.android.internal.os.RuntimeInit uid 2000 <<<<<<
08-06 17:30:01.749  1223  1223 D AndroidRuntime: CheckJNI is OFF
08-06 17:30:01.770 31869 31882 I art     : Starting a blocking GC Explicit
08-06 17:30:01.795  1223  1223 D ICU     : No timezone override file found: /data/misc/zoneinfo/current/icu/icu_tzdata.dat
08-06 17:30:01.811 31869 31882 I art     : Explicit concurrent mark sweep GC freed 1350(80KB) AllocSpace objects, 1(20KB) LOS objects, 38% free, 25MB/41MB, paused 370us total 41.012ms
08-06 17:30:01.829 31869 31882 I art     : Starting a blocking GC Explicit
08-06 17:30:01.839  1223  1223 I Radio-JNI: register_android_hardware_Radio DONE
08-06 17:30:01.869 31869 31882 I art     : Explicit concurrent mark sweep GC freed 20(704B) AllocSpace objects, 0(0B) LOS objects, 38% free, 25MB/41MB, paused 392us total 39.983ms
08-06 17:30:01.869  1223  1223 D AndroidRuntime: Calling main entry com.android.commands.input.Input
08-06 17:30:01.871  1223  1223 I Input   : injectMotionEvent: MotionEvent { action=ACTION_DOWN, actionButton=0, id[0]=0, x[0]=600.0, y[0]=700.0, toolType[0]=TOOL_TYPE_UNKNOWN, buttonState=0, metaState=0, flags=0x0, edgeFlags=0x0, pointerCount=1, historySize=0, eventTime=898218283, downTime=898218283, deviceId=0, source=0x1002 }
08-06 17:30:01.876  1223  1223 I Input   : injectMotionEvent: MotionEvent { action=ACTION_UP, actionButton=0, id[0]=0, x[0]=600.0, y[0]=700.0, toolType[0]=TOOL_TYPE_UNKNOWN, buttonState=0, metaState=0, flags=0x0, edgeFlags=0x0, pointerCount=1, historySize=0, eventTime=898218283, downTime=898218283, deviceId=0, source=0x1002 }
08-06 17:30:01.878  1223  1223 D AndroidRuntime: Shutting down VM
08-06 17:30:01.886 31869 31882 I art     : Starting a blocking GC Explicit
08-06 17:30:01.896   512  2967 D audio_hw_primary: out_set_parameters: enter: usecase(1: low-latency-playback) kvpairs: routing=2
08-06 17:30:01.900   918  5952 I ActivityManager: START u0 {dat=https://oauth.reddit.com/... cmp=baseline.org.quantumbadger.redreader/.activities.CommentListingActivity} from uid 10705 on display 0
08-06 17:30:01.912   512  2967 D audio_hw_primary: select_devices: out_snd_device(2: speaker) in_snd_device(0: none)
08-06 17:30:01.912   512  2967 D msm8974_platform: platform_send_audio_calibration: sending audio calibration for snd_device(2) acdb_id(15)
08-06 17:30:01.912   512  2967 I soundtrigger: audio_extn_sound_trigger_update_device_status: device 0x2 of type 0 for Event 1
08-06 17:30:01.923   512  2967 D audio_hw_primary: enable_snd_device: snd_device(2: speaker)
08-06 17:30:01.925   512  2967 D audio_hw_primary: enable_audio_route: apply and update mixer path: low-latency-playback speaker
08-06 17:30:01.927 31869 31882 I art     : Explicit concurrent mark sweep GC freed 889(33KB) AllocSpace objects, 0(0B) LOS objects, 38% free, 25MB/41MB, paused 492us total 40.810ms
08-06 17:30:01.931 31869 31869 I AppCompatViewInflater: app:theme is now deprecated. Please move to using android:theme instead.
08-06 17:30:01.944 31869 31882 I art     : Starting a blocking GC Explicit
08-06 17:30:01.953 31869 32465 I CommentListingActivity: COMMENTS session changed to f4cd4ff4-3466-4b6f-bb86-3f0104f281e7
08-06 17:30:01.985 31869 31882 I art     : Explicit concurrent mark sweep GC freed 1989(226KB) AllocSpace objects, 0(0B) LOS objects, 38% free, 26MB/42MB, paused 857us total 40.403ms
08-06 17:30:02.006 31869 31882 I art     : Starting a blocking GC Explicit
08-06 17:30:02.041 13866 13866 I GoogleInputMethodServic: GoogleInputMethodService.onFinishInput():3138 
08-06 17:30:02.041   918   936 I ActivityManager: Displayed baseline.org.quantumbadger.redreader/.activities.CommentListingActivity: +131ms
08-06 17:30:02.044 13866 13866 I GoogleInputMethodServic: GoogleInputMethodService.onStartInput():1808 
08-06 17:30:02.052 31869 31882 I art     : Explicit concurrent mark sweep GC freed 10373(667KB) AllocSpace objects, 2(36KB) LOS objects, 37% free, 27MB/43MB, paused 742us total 46.085ms
08-06 17:30:02.275   380   380 W SurfaceFlinger: couldn't log to binary event log: overflow.
08-06 17:30:02.329 31869 31881 I art     : Starting a blocking GC Explicit
08-06 17:30:02.392 31869 31881 I art     : Explicit concurrent mark sweep GC freed 52364(3MB) AllocSpace objects, 2(36KB) LOS objects, 36% free, 28MB/44MB, paused 337us total 62.929ms
08-06 17:30:02.413 31869 31881 I art     : Starting a blocking GC Explicit
08-06 17:30:02.432 31869  1164 I RedditChangeDataIO: Writing tmp data file at '/data/user/0/baseline.org.quantumbadger.redreader/files/rr_change_data_tmp.dat'
08-06 17:30:02.433 31869  1164 I RedditChangeDataManager: Taking snapshot...
08-06 17:30:02.433 31869  1164 I RedditChangeDataManager: Writing to stream...
08-06 17:30:02.433 31869  1164 I RedditChangeDataManager: Wrote 3 entries for user ''
08-06 17:30:02.433 31869  1164 I RedditChangeDataManager: All entries written to stream.
08-06 17:30:02.434 31869  1164 I RedditChangeDataIO: Write successful. Atomically replacing data file...
08-06 17:30:02.435 31869  1164 I RedditChangeDataIO: Write complete.
08-06 17:30:02.435 31869  1164 I RedditChangeDataIO: 86 bytes written in 4 ms
08-06 17:30:02.459   512  2967 D audio_hw_primary: disable_audio_route: reset and update mixer path: low-latency-playback speaker
08-06 17:30:02.460   512  2967 D audio_hw_primary: disable_snd_device: snd_device(2: speaker)
08-06 17:30:02.469   512  2967 I soundtrigger: audio_extn_sound_trigger_update_device_status: device 0x2 of type 0 for Event 0
08-06 17:30:02.469 31869 31881 I art     : Explicit concurrent mark sweep GC freed 236(10KB) AllocSpace objects, 1(68KB) LOS objects, 36% free, 28MB/44MB, paused 308us total 56.222ms
08-06 17:30:02.490 31869 31881 I art     : Starting a blocking GC Explicit
08-06 17:30:02.541 31869 31881 I art     : Explicit concurrent mark sweep GC freed 242(39KB) AllocSpace objects, 0(0B) LOS objects, 36% free, 28MB/44MB, paused 326us total 50.659ms
08-06 17:30:02.561 31869 31881 I art     : Starting a blocking GC Explicit
08-06 17:30:02.616 31869 31881 I art     : Explicit concurrent mark sweep GC freed 68(2272B) AllocSpace objects, 0(0B) LOS objects, 36% free, 28MB/44MB, paused 298us total 54.004ms
08-06 17:30:02.636 31869 31881 I art     : Starting a blocking GC Explicit
08-06 17:30:02.690 31869 31881 I art     : Explicit concurrent mark sweep GC freed 3(96B) AllocSpace objects, 0(0B) LOS objects, 36% free, 28MB/44MB, paused 322us total 53.838ms
08-06 17:30:03.006 31869 31893 I art     : Starting a blocking GC Explicit
08-06 17:30:03.064 31869 31893 I art     : Explicit concurrent mark sweep GC freed 1346(80KB) AllocSpace objects, 1(20KB) LOS objects, 36% free, 28MB/44MB, paused 324us total 58.040ms
08-06 17:30:03.085 31869 31893 I art     : Starting a blocking GC Explicit
08-06 17:30:03.142 31869 31893 I art     : Explicit concurrent mark sweep GC freed 66(2528B) AllocSpace objects, 0(0B) LOS objects, 36% free, 28MB/44MB, paused 331us total 57.232ms
08-06 17:30:03.162 31869 31893 I art     : Starting a blocking GC Explicit
08-06 17:30:03.220 31869 31893 I art     : Explicit concurrent mark sweep GC freed 3(96B) AllocSpace objects, 0(0B) LOS objects, 36% free, 28MB/44MB, paused 330us total 57.658ms
08-06 17:30:03.240 31869 31893 I art     : Starting a blocking GC Explicit
08-06 17:30:03.297 31869 31893 I art     : Explicit concurrent mark sweep GC freed 3(96B) AllocSpace objects, 0(0B) LOS objects, 36% free, 28MB/44MB, paused 357us total 56.751ms
08-06 17:30:03.318 31869 31893 I art     : Starting a blocking GC Explicit
08-06 17:30:03.378 31869 31893 I art     : Explicit concurrent mark sweep GC freed 3(96B) AllocSpace objects, 0(0B) LOS objects, 36% free, 28MB/44MB, paused 567us total 60.182ms
08-06 17:30:03.732 31869 32173 I art     : Starting a blocking GC Explicit
08-06 17:30:03.800 31869 32173 I art     : Explicit concurrent mark sweep GC freed 1346(80KB) AllocSpace objects, 1(20KB) LOS objects, 36% free, 28MB/44MB, paused 345us total 67.640ms
08-06 17:30:03.820 31869 32173 I art     : Starting a blocking GC Explicit
08-06 17:30:03.888 31869 32173 I art     : Explicit concurrent mark sweep GC freed 20(720B) AllocSpace objects, 0(0B) LOS objects, 36% free, 28MB/44MB, paused 379us total 67.539ms
08-06 17:30:03.910 31869 32173 I art     : Starting a blocking GC Explicit
08-06 17:30:03.975 31869 32173 I art     : Explicit concurrent mark sweep GC freed 3(96B) AllocSpace objects, 0(0B) LOS objects, 36% free, 28MB/44MB, paused 345us total 64.493ms
08-06 17:30:03.996 31869 32173 I art     : Starting a blocking GC Explicit
08-06 17:30:04.063 31869 32173 I art     : Explicit concurrent mark sweep GC freed 3(96B) AllocSpace objects, 0(0B) LOS objects, 36% free, 28MB/44MB, paused 372us total 67.360ms
08-06 17:30:04.087 31869 32173 I art     : Starting a blocking GC Explicit
08-06 17:30:04.154 31869 32173 I art     : Explicit concurrent mark sweep GC freed 3(96B) AllocSpace objects, 0(0B) LOS objects, 36% free, 28MB/44MB, paused 372us total 66.708ms
08-06 17:30:04.354   518   646 I ThermalEngine: ACTION: GPU - Setting GPU[0] to 390000000
08-06 17:30:04.489   918  3261 D WifiStateMachine: starting scan for "H369AA63323"WPA_PSK with 2412,5180
08-06 17:30:04.498 31869 31881 I art     : Starting a blocking GC Explicit
08-06 17:30:04.569 31869 31881 I art     : Explicit concurrent mark sweep GC freed 1346(80KB) AllocSpace objects, 1(20KB) LOS objects, 36% free, 28MB/44MB, paused 718us total 70.164ms
08-06 17:30:04.596 31869 31881 I art     : Starting a blocking GC Explicit
08-06 17:30:04.665 31869 31881 I art     : Explicit concurrent mark sweep GC freed 20(704B) AllocSpace objects, 0(0B) LOS objects, 36% free, 28MB/44MB, paused 430us total 68.906ms
08-06 17:30:04.694 31869 31881 I art     : Starting a blocking GC Explicit
08-06 17:30:04.764 31869 31881 I art     : Explicit concurrent mark sweep GC freed 3(96B) AllocSpace objects, 0(0B) LOS objects, 36% free, 28MB/44MB, paused 419us total 70.168ms
08-06 17:30:04.792 31869 31881 I art     : Starting a blocking GC Explicit
08-06 17:30:04.873 31869 31881 I art     : Explicit concurrent mark sweep GC freed 3(96B) AllocSpace objects, 0(0B) LOS objects, 36% free, 28MB/44MB, paused 743us total 79.901ms
08-06 17:30:04.902 31869 31881 I art     : Starting a blocking GC Explicit
08-06 17:30:04.974 31869 31881 I art     : Explicit concurrent mark sweep GC freed 3(96B) AllocSpace objects, 0(0B) LOS objects, 36% free, 28MB/44MB, paused 750us total 71.710ms
08-06 17:30:05.328 31869 32651 I art     : Starting a blocking GC Explicit
08-06 17:30:05.360   518   646 I ThermalEngine: ACTION: GPU - Setting GPU[0] to 450000000
08-06 17:30:05.408 31869 32651 I art     : Explicit concurrent mark sweep GC freed 1346(80KB) AllocSpace objects, 1(20KB) LOS objects, 36% free, 28MB/44MB, paused 460us total 79.544ms
08-06 17:30:05.431 31869 32651 I art     : Starting a blocking GC Explicit
08-06 17:30:05.490 31869 32651 I art     : Explicit concurrent mark sweep GC freed 20(720B) AllocSpace objects, 0(0B) LOS objects, 36% free, 28MB/44MB, paused 327us total 59.102ms
08-06 17:30:05.511 31869 32651 I art     : Starting a blocking GC Explicit
08-06 17:30:05.577 31869 32651 I art     : Explicit concurrent mark sweep GC freed 3(96B) AllocSpace objects, 0(0B) LOS objects, 36% free, 28MB/44MB, paused 347us total 65.434ms
08-06 17:30:05.577 31869 31879 I art     : WaitForGcToComplete blocked for 17.506ms for cause HeapTrim
08-06 17:30:05.601 31869 32651 I art     : Starting a blocking GC Explicit
08-06 17:30:05.668 31869 32651 I art     : Explicit concurrent mark sweep GC freed 3(96B) AllocSpace objects, 0(0B) LOS objects, 36% free, 28MB/44MB, paused 326us total 66.636ms
08-06 17:30:05.691 31869 32651 I art     : Starting a blocking GC Explicit
08-06 17:30:05.755 31869 32651 I art     : Explicit concurrent mark sweep GC freed 3(96B) AllocSpace objects, 0(0B) LOS objects, 36% free, 28MB/44MB, paused 335us total 63.960ms
08-06 17:30:06.102 31869 31882 I art     : Starting a blocking GC Explicit
08-06 17:30:06.162 31869 31882 I art     : Explicit concurrent mark sweep GC freed 1346(80KB) AllocSpace objects, 1(20KB) LOS objects, 36% free, 28MB/44MB, paused 341us total 59.096ms
08-06 17:30:06.182 31869 31882 I art     : Starting a blocking GC Explicit
08-06 17:30:06.241 31869 31882 I art     : Explicit concurrent mark sweep GC freed 20(704B) AllocSpace objects, 0(0B) LOS objects, 36% free, 28MB/44MB, paused 340us total 58.837ms
08-06 17:30:06.261 31869 31882 I art     : Starting a blocking GC Explicit
08-06 17:30:06.320 31869 31882 I art     : Explicit concurrent mark sweep GC freed 3(96B) AllocSpace objects, 0(0B) LOS objects, 36% free, 28MB/44MB, paused 338us total 58.565ms
08-06 17:30:06.340 31869 31882 I art     : Starting a blocking GC Explicit
08-06 17:30:06.400 31869 31882 I art     : Explicit concurrent mark sweep GC freed 3(96B) AllocSpace objects, 0(0B) LOS objects, 36% free, 28MB/44MB, paused 323us total 59.441ms
08-06 17:30:06.420 31869 31882 I art     : Starting a blocking GC Explicit
08-06 17:30:06.479 31869 31882 I art     : Explicit concurrent mark sweep GC freed 3(96B) AllocSpace objects, 0(0B) LOS objects, 36% free, 28MB/44MB, paused 353us total 58.895ms
08-06 17:30:06.675  1313  1313 D AndroidRuntime: >>>>>> START com.android.internal.os.RuntimeInit uid 2000 <<<<<<
08-06 17:30:06.681  1313  1313 D AndroidRuntime: CheckJNI is OFF
08-06 17:30:06.723  1313  1313 D ICU     : No timezone override file found: /data/misc/zoneinfo/current/icu/icu_tzdata.dat
08-06 17:30:06.765  1313  1313 I Radio-JNI: register_android_hardware_Radio DONE
08-06 17:30:06.795  1313  1313 D AndroidRuntime: Calling main entry com.android.commands.input.Input
08-06 17:30:06.796  1313  1313 I Input   : injectKeyEvent: KeyEvent { action=ACTION_DOWN, keyCode=KEYCODE_BACK, scanCode=0, metaState=0, flags=0x0, repeatCount=0, eventTime=898223209, downTime=898223209, deviceId=-1, source=0x101 }
08-06 17:30:06.799 31869 31893 I art     : Starting a blocking GC Explicit
08-06 17:30:06.802  1313  1313 I Input   : injectKeyEvent: KeyEvent { action=ACTION_UP, keyCode=KEYCODE_BACK, scanCode=0, metaState=0, flags=0x0, repeatCount=0, eventTime=898223209, downTime=898223209, deviceId=-1, source=0x101 }
08-06 17:30:06.807  1313  1313 D AndroidRuntime: Shutting down VM
08-06 17:30:06.853 31869 31893 I art     : Explicit concurrent mark sweep GC freed 1472(85KB) AllocSpace objects, 1(20KB) LOS objects, 36% free, 28MB/44MB, paused 344us total 53.416ms
08-06 17:30:06.855 13866 13866 I GoogleInputMethodServic: GoogleInputMethodService.onFinishInput():3138 
08-06 17:30:06.856 13866 13866 I GoogleInputMethodServic: GoogleInputMethodService.onStartInput():1808 
08-06 17:30:06.873 31869 31893 I art     : Starting a blocking GC Explicit
08-06 17:30:06.927 31869 31893 I art     : Explicit concurrent mark sweep GC freed 137(4KB) AllocSpace objects, 0(0B) LOS objects, 36% free, 28MB/44MB, paused 354us total 53.801ms
08-06 17:30:06.946 31869 31893 I art     : Starting a blocking GC Explicit
08-06 17:30:06.994 31869 31893 I art     : Explicit concurrent mark sweep GC freed 9(336B) AllocSpace objects, 0(0B) LOS objects, 36% free, 28MB/44MB, paused 297us total 47.674ms
08-06 17:30:07.013 31869 31893 I art     : Starting a blocking GC Explicit
08-06 17:30:07.061 31869 31893 I art     : Explicit concurrent mark sweep GC freed 3(96B) AllocSpace objects, 0(0B) LOS objects, 36% free, 28MB/44MB, paused 309us total 47.619ms
08-06 17:30:07.080 31869 31893 I art     : Starting a blocking GC Explicit
08-06 17:30:07.128 31869 31893 I art     : Explicit concurrent mark sweep GC freed 3(96B) AllocSpace objects, 0(0B) LOS objects, 36% free, 28MB/44MB, paused 293us total 48.549ms
08-06 17:30:07.163   380   380 W SurfaceFlinger: couldn't log to binary event log: overflow.
08-06 17:30:07.410 31869 31881 I art     : Starting a blocking GC Explicit
08-06 17:30:07.467 31869 31881 I art     : Explicit concurrent mark sweep GC freed 1407(82KB) AllocSpace objects, 1(20KB) LOS objects, 36% free, 28MB/44MB, paused 343us total 56.805ms
08-06 17:30:07.487 31869 31881 I art     : Starting a blocking GC Explicit
08-06 17:30:07.533 31869 31881 I art     : Explicit concurrent mark sweep GC freed 46779(2MB) AllocSpace objects, 5(140KB) LOS objects, 38% free, 25MB/41MB, paused 351us total 46.189ms
08-06 17:30:07.552 31869 31881 I art     : Starting a blocking GC Explicit
08-06 17:30:07.590 31869 31881 I art     : Explicit concurrent mark sweep GC freed 3(96B) AllocSpace objects, 0(0B) LOS objects, 38% free, 25MB/41MB, paused 341us total 37.467ms
08-06 17:30:07.608 31869 31881 I art     : Starting a blocking GC Explicit
08-06 17:30:07.649 31869 31881 I art     : Explicit concurrent mark sweep GC freed 3(96B) AllocSpace objects, 0(0B) LOS objects, 38% free, 25MB/41MB, paused 341us total 41.172ms
08-06 17:30:07.668 31869 31881 I art     : Starting a blocking GC Explicit
08-06 17:30:07.709 31869 31881 I art     : Explicit concurrent mark sweep GC freed 3(96B) AllocSpace objects, 0(0B) LOS objects, 38% free, 25MB/41MB, paused 323us total 40.797ms
08-06 17:30:08.019 31869 31882 I art     : Starting a blocking GC Explicit
08-06 17:30:08.067 31869 31882 I art     : Explicit concurrent mark sweep GC freed 1346(80KB) AllocSpace objects, 1(20KB) LOS objects, 38% free, 25MB/41MB, paused 355us total 48.428ms
08-06 17:30:08.085 31869 31882 I art     : Starting a blocking GC Explicit
08-06 17:30:08.124 31869 31882 I art     : Explicit concurrent mark sweep GC freed 20(720B) AllocSpace objects, 0(0B) LOS objects, 38% free, 25MB/41MB, paused 323us total 38.699ms
08-06 17:30:08.142 31869 31882 I art     : Starting a blocking GC Explicit
08-06 17:30:08.180 31869 31882 I art     : Explicit concurrent mark sweep GC freed 3(96B) AllocSpace objects, 0(0B) LOS objects, 38% free, 25MB/41MB, paused 328us total 38.287ms
08-06 17:30:08.197 31869 31882 I art     : Starting a blocking GC Explicit
08-06 17:30:08.236 31869 31882 I art     : Explicit concurrent mark sweep GC freed 3(96B) AllocSpace objects, 0(0B) LOS objects, 38% free, 25MB/41MB, paused 336us total 38.911ms
08-06 17:30:08.254 31869 31882 I art     : Starting a blocking GC Explicit
08-06 17:30:08.293 31869 31882 I art     : Explicit concurrent mark sweep GC freed 3(96B) AllocSpace objects, 0(0B) LOS objects, 38% free, 25MB/41MB, paused 334us total 39.405ms
08-06 17:30:08.574 31869 32651 I art     : Starting a blocking GC Explicit
08-06 17:30:08.575  1359  1359 D AndroidRuntime: >>>>>> START com.android.internal.os.RuntimeInit uid 2000 <<<<<<
08-06 17:30:08.582  1359  1359 D AndroidRuntime: CheckJNI is OFF
08-06 17:30:08.621 31869 32651 I art     : Explicit concurrent mark sweep GC freed 1346(80KB) AllocSpace objects, 1(20KB) LOS objects, 38% free, 25MB/41MB, paused 345us total 46.958ms
08-06 17:30:08.632  1359  1359 D ICU     : No timezone override file found: /data/misc/zoneinfo/current/icu/icu_tzdata.dat
08-06 17:30:08.638 31869 32651 I art     : Starting a blocking GC Explicit
08-06 17:30:08.679 31869 32651 I art     : Explicit concurrent mark sweep GC freed 20(704B) AllocSpace objects, 0(0B) LOS objects, 38% free, 25MB/41MB, paused 338us total 40.645ms
08-06 17:30:08.679  1359  1359 I Radio-JNI: register_android_hardware_Radio DONE
08-06 17:30:08.697 31869 32651 I art     : Starting a blocking GC Explicit
08-06 17:30:08.709  1359  1359 D AndroidRuntime: Calling main entry com.android.commands.input.Input
08-06 17:30:08.711  1359  1359 I Input   : injectKeyEvent: KeyEvent { action=ACTION_DOWN, keyCode=KEYCODE_BACK, scanCode=0, metaState=0, flags=0x0, repeatCount=0, eventTime=898225124, downTime=898225124, deviceId=-1, source=0x101 }
08-06 17:30:08.719  1359  1359 I Input   : injectKeyEvent: KeyEvent { action=ACTION_UP, keyCode=KEYCODE_BACK, scanCode=0, metaState=0, flags=0x0, repeatCount=0, eventTime=898225124, downTime=898225124, deviceId=-1, source=0x101 }
08-06 17:30:08.725  1359  1359 D AndroidRuntime: Shutting down VM
08-06 17:30:08.736 31869 32651 I art     : Explicit concurrent mark sweep GC freed 106(3KB) AllocSpace objects, 0(0B) LOS objects, 38% free, 25MB/41MB, paused 401us total 38.757ms
08-06 17:30:08.753 31869 32651 I art     : Starting a blocking GC Explicit
08-06 17:30:08.760 13866 13866 I GoogleInputMethodServic: GoogleInputMethodService.onFinishInput():3138 
08-06 17:30:08.761 13866 13866 I GoogleInputMethodServic: GoogleInputMethodService.onStartInput():1808 
08-06 17:30:08.789 31869 32651 I art     : Explicit concurrent mark sweep GC freed 48(1776B) AllocSpace objects, 0(0B) LOS objects, 38% free, 25MB/41MB, paused 350us total 35.960ms
08-06 17:30:08.806 31869 32651 I art     : Starting a blocking GC Explicit
08-06 17:30:08.841 31869 32651 I art     : Explicit concurrent mark sweep GC freed 36(1200B) AllocSpace objects, 0(0B) LOS objects, 38% free, 25MB/41MB, paused 280us total 34.457ms
08-06 17:30:09.126 31869 31882 I art     : Starting a blocking GC Explicit
08-06 17:30:09.166 31869 31882 I art     : Explicit concurrent mark sweep GC freed 1401(82KB) AllocSpace objects, 1(20KB) LOS objects, 38% free, 25MB/41MB, paused 344us total 40.074ms
08-06 17:30:09.183 31869 31882 I art     : Starting a blocking GC Explicit
08-06 17:30:09.224 31869 31882 I art     : Explicit concurrent mark sweep GC freed 150(7KB) AllocSpace objects, 0(0B) LOS objects, 38% free, 25MB/41MB, paused 346us total 40.626ms
08-06 17:30:09.242 31869 31882 I art     : Starting a blocking GC Explicit
08-06 17:30:09.284 31869 31882 I art     : Explicit concurrent mark sweep GC freed 3(96B) AllocSpace objects, 0(0B) LOS objects, 38% free, 25MB/41MB, paused 347us total 41.593ms
08-06 17:30:09.301 31869 31882 I art     : Starting a blocking GC Explicit
08-06 17:30:09.343 31869 31882 I art     : Explicit concurrent mark sweep GC freed 3(96B) AllocSpace objects, 0(0B) LOS objects, 38% free, 25MB/41MB, paused 344us total 41.711ms
08-06 17:30:09.361 31869 31882 I art     : Starting a blocking GC Explicit
08-06 17:30:09.403 31869 31882 I art     : Explicit concurrent mark sweep GC freed 3(96B) AllocSpace objects, 0(0B) LOS objects, 38% free, 25MB/41MB, paused 340us total 41.750ms
08-06 17:30:09.713 31869 31881 I art     : Starting a blocking GC Explicit
08-06 17:30:09.763 31869 31881 I art     : Explicit concurrent mark sweep GC freed 1346(80KB) AllocSpace objects, 1(20KB) LOS objects, 38% free, 25MB/41MB, paused 378us total 49.333ms
08-06 17:30:09.783 31869 31881 I art     : Starting a blocking GC Explicit
08-06 17:30:09.826 31869 31881 I art     : Explicit concurrent mark sweep GC freed 20(704B) AllocSpace objects, 0(0B) LOS objects, 38% free, 25MB/41MB, paused 342us total 41.975ms
08-06 17:30:09.843 31869 31881 I art     : Starting a blocking GC Explicit
08-06 17:30:09.885 31869 31881 I art     : Explicit concurrent mark sweep GC freed 3(96B) AllocSpace objects, 0(0B) LOS objects, 38% free, 25MB/41MB, paused 328us total 41.559ms
08-06 17:30:09.905 31869 31881 I art     : Starting a blocking GC Explicit
08-06 17:30:09.947 31869 31881 I art     : Explicit concurrent mark sweep GC freed 3(96B) AllocSpace objects, 0(0B) LOS objects, 38% free, 25MB/41MB, paused 340us total 41.271ms
08-06 17:30:09.949   918  3188 I hubconnection: sensorhub said: 'set_bias 3: -5.4624, 0.0000, 0.0000'
08-06 17:30:09.964 31869 31881 I art     : Starting a blocking GC Explicit
08-06 17:30:10.003 31869 31881 I art     : Explicit concurrent mark sweep GC freed 3(96B) AllocSpace objects, 0(0B) LOS objects, 38% free, 25MB/41MB, paused 338us total 39.036ms
08-06 17:30:10.294 31869 32173 I art     : Starting a blocking GC Explicit
08-06 17:30:10.343 31869 32173 I art     : Explicit concurrent mark sweep GC freed 1346(80KB) AllocSpace objects, 1(20KB) LOS objects, 38% free, 25MB/41MB, paused 375us total 47.996ms
08-06 17:30:10.360 31869 32173 I art     : Starting a blocking GC Explicit
08-06 17:30:10.404 31869 32173 I art     : Explicit concurrent mark sweep GC freed 20(720B) AllocSpace objects, 0(0B) LOS objects, 38% free, 25MB/41MB, paused 373us total 43.226ms
08-06 17:30:10.422 31869 32173 I art     : Starting a blocking GC Explicit
08-06 17:30:10.465 31869 32173 I art     : Explicit concurrent mark sweep GC freed 3(96B) AllocSpace objects, 0(0B) LOS objects, 38% free, 25MB/41MB, paused 354us total 42.837ms
08-06 17:30:10.482 31869 32173 I art     : Starting a blocking GC Explicit
08-06 17:30:10.510  1402  1402 D AndroidRuntime: >>>>>> START com.android.internal.os.RuntimeInit uid 2000 <<<<<<
08-06 17:30:10.516  1402  1402 D AndroidRuntime: CheckJNI is OFF
08-06 17:30:10.525 31869 32173 I art     : Explicit concurrent mark sweep GC freed 3(96B) AllocSpace objects, 0(0B) LOS objects, 38% free, 25MB/41MB, paused 401us total 43.028ms
08-06 17:30:10.543 31869 32173 I art     : Starting a blocking GC Explicit
08-06 17:30:10.563  1402  1402 D ICU     : No timezone override file found: /data/misc/zoneinfo/current/icu/icu_tzdata.dat
08-06 17:30:10.586 31869 32173 I art     : Explicit concurrent mark sweep GC freed 3(96B) AllocSpace objects, 0(0B) LOS objects, 38% free, 25MB/41MB, paused 374us total 42.531ms
08-06 17:30:10.612  1402  1402 I Radio-JNI: register_android_hardware_Radio DONE
08-06 17:30:10.641  1402  1402 D AndroidRuntime: Calling main entry com.android.commands.input.Input
08-06 17:30:10.643  1402  1402 I Input   : injectMotionEvent: MotionEvent { action=ACTION_DOWN, actionButton=0, id[0]=0, x[0]=600.0, y[0]=1000.0, toolType[0]=TOOL_TYPE_UNKNOWN, buttonState=0, metaState=0, flags=0x0, edgeFlags=0x0, pointerCount=1, historySize=0, eventTime=898227056, downTime=898227056, deviceId=0, source=0x1002 }
08-06 17:30:10.652  1402  1402 I Input   : injectMotionEvent: MotionEvent { action=ACTION_UP, actionButton=0, id[0]=0, x[0]=600.0, y[0]=1000.0, toolType[0]=TOOL_TYPE_UNKNOWN, buttonState=0, metaState=0, flags=0x0, edgeFlags=0x0, pointerCount=1, historySize=0, eventTime=898227056, downTime=898227056, deviceId=0, source=0x1002 }
08-06 17:30:10.654  1402  1402 D AndroidRuntime: Shutting down VM
08-06 17:30:10.670   512  2967 D audio_hw_primary: out_set_parameters: enter: usecase(1: low-latency-playback) kvpairs: routing=2
08-06 17:30:10.675   918   928 I ActivityManager: START u0 {dat=https://oauth.reddit.com/... cmp=baseline.org.quantumbadger.redreader/.activities.PostListingActivity} from uid 10705 on display 0
08-06 17:30:10.684   512  2967 D audio_hw_primary: select_devices: out_snd_device(2: speaker) in_snd_device(0: none)
08-06 17:30:10.684   512  2967 D msm8974_platform: platform_send_audio_calibration: sending audio calibration for snd_device(2) acdb_id(15)
08-06 17:30:10.684   512  2967 I soundtrigger: audio_extn_sound_trigger_update_device_status: device 0x2 of type 0 for Event 1
08-06 17:30:10.696   512  2967 D audio_hw_primary: enable_snd_device: snd_device(2: speaker)
08-06 17:30:10.698   512  2967 D audio_hw_primary: enable_audio_route: apply and update mixer path: low-latency-playback speaker
08-06 17:30:10.700 31869 31869 I AppCompatViewInflater: app:theme is now deprecated. Please move to using android:theme instead.
08-06 17:30:10.722 31869  1429 D OK      : calling: https://oauth.reddit.com/r/announcements/about.json
08-06 17:30:10.786   918   936 I ActivityManager: Displayed baseline.org.quantumbadger.redreader/.activities.PostListingActivity: +99ms
08-06 17:30:10.786 13866 13866 I GoogleInputMethodServic: GoogleInputMethodService.onFinishInput():3138 
08-06 17:30:10.788 13866 13866 I GoogleInputMethodServic: GoogleInputMethodService.onStartInput():1808 
08-06 17:30:10.865 31869 31882 I art     : Starting a blocking GC Explicit
08-06 17:30:10.913 31869 31882 I art     : Explicit concurrent mark sweep GC freed 4927(262KB) AllocSpace objects, 1(20KB) LOS objects, 38% free, 25MB/41MB, paused 505us total 47.329ms
08-06 17:30:10.932 31869 31882 I art     : Starting a blocking GC Explicit
08-06 17:30:10.968 31869 31882 I art     : Explicit concurrent mark sweep GC freed 552(28KB) AllocSpace objects, 0(0B) LOS objects, 38% free, 25MB/41MB, paused 398us total 36.321ms
08-06 17:30:10.985 31869 31882 I art     : Starting a blocking GC Explicit
08-06 17:30:11.009 31869  1429 I NAPPA_EXPERIMENTATION: MetricNetworkRequestExecutionTime: REQUEST_DURATION_SYSTEM='287',REQUEST_DURATION_OKHTTP='150',REQUEST_SYNCHRONOUS='TRUE',RESPONSE_CODE='200',RESPONSE_METHOD='GET',RESPONSE_LENGTH_OKHTTP='-1',RESPONSE_LENGTH_HEADER='1564',REQUEST_PROTOCOL='h2',REQUEST_URL='https://oauth.reddit.com/r/announcements/about.json',
08-06 17:30:11.010 31869  1429 D OK      : request got status: 200
08-06 17:30:11.017   380   380 W SurfaceFlinger: couldn't log to binary event log: overflow.
08-06 17:30:11.022 31869 31882 I art     : Explicit concurrent mark sweep GC freed 536(59KB) AllocSpace objects, 0(0B) LOS objects, 38% free, 25MB/41MB, paused 533us total 36.775ms
08-06 17:30:11.038 31869 31882 I art     : Starting a blocking GC Explicit
08-06 17:30:11.075 31869 31882 I art     : Explicit concurrent mark sweep GC freed 694(69KB) AllocSpace objects, 1(68KB) LOS objects, 38% free, 25MB/41MB, paused 357us total 36.084ms
08-06 17:30:11.091 31869 31882 I art     : Starting a blocking GC Explicit
08-06 17:30:11.127 31869 31882 I art     : Explicit concurrent mark sweep GC freed 588(39KB) AllocSpace objects, 1(68KB) LOS objects, 38% free, 25MB/41MB, paused 336us total 35.750ms
08-06 17:30:11.238   512  2967 D audio_hw_primary: disable_audio_route: reset and update mixer path: low-latency-playback speaker
08-06 17:30:11.240   512  2967 D audio_hw_primary: disable_snd_device: snd_device(2: speaker)
08-06 17:30:11.248   512  2967 I soundtrigger: audio_extn_sound_trigger_update_device_status: device 0x2 of type 0 for Event 0
08-06 17:30:11.373   518   646 I ThermalEngine: ACTION: GPU - Setting GPU[0] to 390000000
08-06 17:30:11.429 31869 31881 I art     : Starting a blocking GC Explicit
08-06 17:30:11.490 31869 31881 I art     : Explicit concurrent mark sweep GC freed 1461(86KB) AllocSpace objects, 1(20KB) LOS objects, 38% free, 25MB/41MB, paused 941us total 61.160ms
08-06 17:30:11.514 31869 31881 I art     : Starting a blocking GC Explicit
08-06 17:30:11.567 31869 31881 I art     : Explicit concurrent mark sweep GC freed 42(1632B) AllocSpace objects, 0(0B) LOS objects, 38% free, 25MB/41MB, paused 587us total 51.979ms
08-06 17:30:11.590 31869 31881 I art     : Starting a blocking GC Explicit
08-06 17:30:11.641 31869 31881 I art     : Explicit concurrent mark sweep GC freed 3(96B) AllocSpace objects, 0(0B) LOS objects, 38% free, 25MB/41MB, paused 553us total 51.414ms
08-06 17:30:11.665 31869 31881 I art     : Starting a blocking GC Explicit
08-06 17:30:11.718 31869 31881 I art     : Explicit concurrent mark sweep GC freed 3(96B) AllocSpace objects, 0(0B) LOS objects, 38% free, 25MB/41MB, paused 773us total 52.977ms
08-06 17:30:11.741 31869 31881 I art     : Starting a blocking GC Explicit
08-06 17:30:11.793 31869 31881 I art     : Explicit concurrent mark sweep GC freed 3(96B) AllocSpace objects, 0(0B) LOS objects, 38% free, 25MB/41MB, paused 597us total 51.745ms
08-06 17:30:11.923 31869  1453 D OK      : calling: https://oauth.reddit.com/r/announcements/hot/.json
08-06 17:30:12.098 31869 31882 I art     : Starting a blocking GC Explicit
08-06 17:30:12.123 31869  1453 I NAPPA_EXPERIMENTATION: MetricNetworkRequestExecutionTime: REQUEST_DURATION_SYSTEM='200',REQUEST_DURATION_OKHTTP='193',REQUEST_SYNCHRONOUS='TRUE',RESPONSE_CODE='200',RESPONSE_METHOD='GET',RESPONSE_LENGTH_OKHTTP='-1',RESPONSE_LENGTH_HEADER='142016',REQUEST_PROTOCOL='h2',REQUEST_URL='https://oauth.reddit.com/r/announcements/hot/.json',
08-06 17:30:12.123 31869  1453 D OK      : request got status: 200
08-06 17:30:12.139 31869 32465 I PostListingFragment: Precaching images: OFF
08-06 17:30:12.139 31869 32465 I PostListingFragment: Precaching comments: OFF
08-06 17:30:12.166 31869 31882 I art     : Explicit concurrent mark sweep GC freed 2226(167KB) AllocSpace objects, 1(20KB) LOS objects, 38% free, 26MB/42MB, paused 2.286ms total 67.915ms
08-06 17:30:12.201 31869 31882 I art     : Starting a blocking GC Explicit
08-06 17:30:12.264 31869 31882 I art     : Explicit concurrent mark sweep GC freed 1742(121KB) AllocSpace objects, 4(72KB) LOS objects, 37% free, 26MB/42MB, paused 1.081ms total 62.466ms
08-06 17:30:12.288 31869 31882 I art     : Starting a blocking GC Explicit
08-06 17:30:12.344 31869  1464 D OK      : calling: https://b.thumbs.redditmedia.com/RROcLjDSUc0QV1UeQ1txXdyl1C_7233mmsMgtYXxQzo.jpg
08-06 17:30:12.354 31869 31882 I art     : Explicit concurrent mark sweep GC freed 2598(123KB) AllocSpace objects, 0(0B) LOS objects, 36% free, 27MB/43MB, paused 1.533ms total 65.136ms
08-06 17:30:12.378 31869 31882 I art     : Starting a blocking GC Explicit
08-06 17:30:12.393 31869  1465 D OK      : calling: https://a.thumbs.redditmedia.com/N-frnMqRYp_XiaGds7kPbHf82a876RNKSQ1iw0LzHR0.jpg
08-06 17:30:12.413 31869  1466 D OK      : calling: https://b.thumbs.redditmedia.com/KH2o_q4MXufUdRChsfwLtl6gnEnT8MJtZn3Tyj5ZmBU.jpg
08-06 17:30:12.446 31869 31882 I art     : Explicit concurrent mark sweep GC freed 3764(164KB) AllocSpace objects, 0(0B) LOS objects, 36% free, 28MB/44MB, paused 1.161ms total 67.583ms
08-06 17:30:12.473 31869 31882 I art     : Starting a blocking GC Explicit
08-06 17:30:12.499 31869  1467 D OK      : calling: https://b.thumbs.redditmedia.com/MGaOJeZl7UsmdtroJopYU_36HUNvQ9LUV5WFH_FJ2vI.jpg
08-06 17:30:12.591 31869  1468 D OK      : calling: https://a.thumbs.redditmedia.com/-D0hxchgus9EyzvGqvnabK_3Obl93tMfG9G58V1QwW8.jpg
08-06 17:30:12.608 31869 31882 I art     : Explicit concurrent mark sweep GC freed 11565(534KB) AllocSpace objects, 2(48KB) LOS objects, 35% free, 28MB/44MB, paused 2.134ms total 132.565ms
08-06 17:30:12.646 31869  1474 D OK      : calling: https://b.thumbs.redditmedia.com/zCaV9kuSMZxmMvdmErGyUsYNdPrmX8LP9_Ee4QTT16g.jpg
08-06 17:30:12.662 31869  1475 D OK      : calling: https://b.thumbs.redditmedia.com/4EGkxZNzrzt-RCtd035cWyO0BipdbDVuPwi4W2v4TyM.jpg
08-06 17:30:12.742 31869  1477 D OK      : calling: https://a.thumbs.redditmedia.com/aVhMBmGX07uX0KhK0rKdhMvQ4UsOJIHN4KeTaa36EF4.jpg
08-06 17:30:12.763 31869  1466 I NAPPA_EXPERIMENTATION: MetricNetworkRequestExecutionTime: REQUEST_DURATION_SYSTEM='350',REQUEST_DURATION_OKHTTP='173',REQUEST_SYNCHRONOUS='TRUE',RESPONSE_CODE='200',RESPONSE_METHOD='GET',RESPONSE_LENGTH_OKHTTP='2613',RESPONSE_LENGTH_HEADER='2613',REQUEST_PROTOCOL='h2',REQUEST_URL='https://b.thumbs.redditmedia.com/KH2o_q4MXufUdRChsfwLtl6gnEnT8MJtZn3Tyj5ZmBU.jpg',
08-06 17:30:12.763 31869  1466 D OK      : request got status: 200
08-06 17:30:12.790 31869  1465 I NAPPA_EXPERIMENTATION: MetricNetworkRequestExecutionTime: REQUEST_DURATION_SYSTEM='396',REQUEST_DURATION_OKHTTP='178',REQUEST_SYNCHRONOUS='TRUE',RESPONSE_CODE='200',RESPONSE_METHOD='GET',RESPONSE_LENGTH_OKHTTP='3750',RESPONSE_LENGTH_HEADER='3750',REQUEST_PROTOCOL='h2',REQUEST_URL='https://a.thumbs.redditmedia.com/N-frnMqRYp_XiaGds7kPbHf82a876RNKSQ1iw0LzHR0.jpg',
08-06 17:30:12.790 31869  1465 D OK      : request got status: 200
08-06 17:30:12.805 31869  1464 I NAPPA_EXPERIMENTATION: MetricNetworkRequestExecutionTime: REQUEST_DURATION_SYSTEM='460',REQUEST_DURATION_OKHTTP='199',REQUEST_SYNCHRONOUS='TRUE',RESPONSE_CODE='200',RESPONSE_METHOD='GET',RESPONSE_LENGTH_OKHTTP='2558',RESPONSE_LENGTH_HEADER='2558',REQUEST_PROTOCOL='h2',REQUEST_URL='https://b.thumbs.redditmedia.com/RROcLjDSUc0QV1UeQ1txXdyl1C_7233mmsMgtYXxQzo.jpg',
08-06 17:30:12.805 31869  1464 D OK      : request got status: 200
08-06 17:30:12.858 31869  1474 I NAPPA_EXPERIMENTATION: MetricNetworkRequestExecutionTime: REQUEST_DURATION_SYSTEM='210',REQUEST_DURATION_OKHTTP='210',REQUEST_SYNCHRONOUS='TRUE',RESPONSE_CODE='200',RESPONSE_METHOD='GET',RESPONSE_LENGTH_OKHTTP='6132',RESPONSE_LENGTH_HEADER='6132',REQUEST_PROTOCOL='h2',REQUEST_URL='https://b.thumbs.redditmedia.com/zCaV9kuSMZxmMvdmErGyUsYNdPrmX8LP9_Ee4QTT16g.jpg',
08-06 17:30:12.858 31869  1474 D OK      : request got status: 200
08-06 17:30:12.875 31869  1467 I NAPPA_EXPERIMENTATION: MetricNetworkRequestExecutionTime: REQUEST_DURATION_SYSTEM='376',REQUEST_DURATION_OKHTTP='165',REQUEST_SYNCHRONOUS='TRUE',RESPONSE_CODE='200',RESPONSE_METHOD='GET',RESPONSE_LENGTH_OKHTTP='4804',RESPONSE_LENGTH_HEADER='4804',REQUEST_PROTOCOL='h2',REQUEST_URL='https://b.thumbs.redditmedia.com/MGaOJeZl7UsmdtroJopYU_36HUNvQ9LUV5WFH_FJ2vI.jpg',
08-06 17:30:12.875 31869  1467 D OK      : request got status: 200
08-06 17:30:12.878 31869  1475 I NAPPA_EXPERIMENTATION: MetricNetworkRequestExecutionTime: REQUEST_DURATION_SYSTEM='216',REQUEST_DURATION_OKHTTP='215',REQUEST_SYNCHRONOUS='TRUE',RESPONSE_CODE='200',RESPONSE_METHOD='GET',RESPONSE_LENGTH_OKHTTP='4987',RESPONSE_LENGTH_HEADER='4987',REQUEST_PROTOCOL='h2',REQUEST_URL='https://b.thumbs.redditmedia.com/4EGkxZNzrzt-RCtd035cWyO0BipdbDVuPwi4W2v4TyM.jpg',
08-06 17:30:12.878 31869  1475 D OK      : request got status: 200
08-06 17:30:12.918 31869  1477 I NAPPA_EXPERIMENTATION: MetricNetworkRequestExecutionTime: REQUEST_DURATION_SYSTEM='174',REQUEST_DURATION_OKHTTP='174',REQUEST_SYNCHRONOUS='TRUE',RESPONSE_CODE='200',RESPONSE_METHOD='GET',RESPONSE_LENGTH_OKHTTP='6940',RESPONSE_LENGTH_HEADER='6940',REQUEST_PROTOCOL='h2',REQUEST_URL='https://a.thumbs.redditmedia.com/aVhMBmGX07uX0KhK0rKdhMvQ4UsOJIHN4KeTaa36EF4.jpg',
08-06 17:30:12.918 31869  1477 D OK      : request got status: 200
08-06 17:30:12.926 31869 31881 I art     : Starting a blocking GC Explicit
08-06 17:30:12.966 31869 31869 W RecyclerView: Cannot call this method in a scroll callback. Scroll callbacks mightbe run during a measure & layout pass where you cannot change theRecyclerView data. Any method call that might change the structureof the RecyclerView or the adapter contents should be postponed tothe next frame.
08-06 17:30:12.966 31869 31869 W RecyclerView: java.lang.IllegalStateException:  androidx.recyclerview.widget.RecyclerView{4d4c44e VFED..... .F....ID 0,0-1440,2140 #7f0900ef app:id/scrollbar_recyclerview_recyclerview}, adapter:baseline.org.quantumbadger.redreader.adapters.GroupedRecyclerViewAdapter@4bb896f, layout:androidx.recyclerview.widget.LinearLayoutManager@293867c, context:baseline.org.quantumbadger.redreader.activities.PostListingActivity@fa519e9
08-06 17:30:12.966 31869 31869 W RecyclerView: 	at androidx.recyclerview.widget.RecyclerView.assertNotInLayoutOrScroll(RecyclerView.java:3061)
08-06 17:30:12.966 31869 31869 W RecyclerView: 	at androidx.recyclerview.widget.RecyclerView$RecyclerViewDataObserver.onItemRangeInserted(RecyclerView.java:5555)
08-06 17:30:12.966 31869 31869 W RecyclerView: 	at androidx.recyclerview.widget.RecyclerView$AdapterDataObservable.notifyItemRangeInserted(RecyclerView.java:12278)
08-06 17:30:12.966 31869 31869 W RecyclerView: 	at androidx.recyclerview.widget.RecyclerView$Adapter.notifyItemInserted(RecyclerView.java:7464)
08-06 17:30:12.966 31869 31869 W RecyclerView: 	at baseline.org.quantumbadger.redreader.adapters.GroupedRecyclerViewAdapter.updateHiddenStatus(GroupedRecyclerViewAdapter.java:279)
08-06 17:30:12.966 31869 31869 W RecyclerView: 	at baseline.org.quantumbadger.redreader.adapters.RedditListingManager.setLoadingVisible(RedditListingManager.java:125)
08-06 17:30:12.966 31869 31869 W RecyclerView: 	at baseline.org.quantumbadger.redreader.fragments.PostListingFragment.onLoadMoreItemsCheck(PostListingFragment.java:465)
08-06 17:30:12.966 31869 31869 W RecyclerView: 	at baseline.org.quantumbadger.redreader.fragments.PostListingFragment.access$000(PostListingFragment.java:98)
08-06 17:30:12.966 31869 31869 W RecyclerView: 	at baseline.org.quantumbadger.redreader.fragments.PostListingFragment$2.onScrolled(PostListingFragment.java:215)
08-06 17:30:12.966 31869 31869 W RecyclerView: 	at androidx.recyclerview.widget.RecyclerView.dispatchOnScrolled(RecyclerView.java:5173)
08-06 17:30:12.966 31869 31869 W RecyclerView: 	at androidx.recyclerview.widget.RecyclerView.dispatchLayoutStep3(RecyclerView.java:4231)
08-06 17:30:12.966 31869 31869 W RecyclerView: 	at androidx.recyclerview.widget.RecyclerView.dispatchLayout(RecyclerView.java:3862)
08-06 17:30:12.966 31869 31869 W RecyclerView: 	at androidx.recyclerview.widget.RecyclerView.consumePendingUpdateOperations(RecyclerView.java:1897)
08-06 17:30:12.966 31869 31869 W RecyclerView: 	at androidx.recyclerview.widget.RecyclerView$1.run(RecyclerView.java:414)
08-06 17:30:12.966 31869 31869 W RecyclerView: 	at android.view.Choreographer$CallbackRecord.run(Choreographer.java:858)
08-06 17:30:12.966 31869 31869 W RecyclerView: 	at android.view.Choreographer.doCallbacks(Choreographer.java:670)
08-06 17:30:12.966 31869 31869 W RecyclerView: 	at android.view.Choreographer.doFrame(Choreographer.java:603)
08-06 17:30:12.966 31869 31869 W RecyclerView: 	at android.view.Choreographer$FrameDisplayEventReceiver.run(Choreographer.java:844)
08-06 17:30:12.966 31869 31869 W RecyclerView: 	at android.os.Handler.handleCallback(Handler.java:739)
08-06 17:30:12.966 31869 31869 W RecyclerView: 	at android.os.Handler.dispatchMessage(Handler.java:95)
08-06 17:30:12.966 31869 31869 W RecyclerView: 	at android.os.Looper.loop(Looper.java:148)
08-06 17:30:12.966 31869 31869 W RecyclerView: 	at android.app.ActivityThread.main(ActivityThread.java:5417)
08-06 17:30:12.966 31869 31869 W RecyclerView: 	at java.lang.reflect.Method.invoke(Native Method)
08-06 17:30:12.966 31869 31869 W RecyclerView: 	at com.android.internal.os.ZygoteInit$MethodAndArgsCaller.run(ZygoteInit.java:726)
08-06 17:30:12.966 31869 31869 W RecyclerView: 	at com.android.internal.os.ZygoteInit.main(ZygoteInit.java:616)
08-06 17:30:12.993 31869 31881 I art     : Explicit concurrent mark sweep GC freed 75682(4MB) AllocSpace objects, 42(2MB) LOS objects, 36% free, 27MB/43MB, paused 1.280ms total 66.840ms
08-06 17:30:13.021 31869 31881 I art     : Starting a blocking GC Explicit
08-06 17:30:13.030 31869  1468 I NAPPA_EXPERIMENTATION: MetricNetworkRequestExecutionTime: REQUEST_DURATION_SYSTEM='438',REQUEST_DURATION_OKHTTP='147',REQUEST_SYNCHRONOUS='TRUE',RESPONSE_CODE='200',RESPONSE_METHOD='GET',RESPONSE_LENGTH_OKHTTP='4818',RESPONSE_LENGTH_HEADER='4818',REQUEST_PROTOCOL='h2',REQUEST_URL='https://a.thumbs.redditmedia.com/-D0hxchgus9EyzvGqvnabK_3Obl93tMfG9G58V1QwW8.jpg',
08-06 17:30:13.031 31869  1468 D OK      : request got status: 200
08-06 17:30:13.073 31869 31881 I art     : Explicit concurrent mark sweep GC freed 2488(155KB) AllocSpace objects, 9(480KB) LOS objects, 36% free, 27MB/43MB, paused 676us total 51.652ms
08-06 17:30:13.095 31869 31881 I art     : Starting a blocking GC Explicit
08-06 17:30:13.123 31869  1492 D OK      : calling: https://oauth.reddit.com/r/announcements/hot/.json?after=t3_9jf8nh
08-06 17:30:13.145 31869 31881 I art     : Explicit concurrent mark sweep GC freed 589(62KB) AllocSpace objects, 4(484KB) LOS objects, 36% free, 27MB/43MB, paused 733us total 49.965ms
08-06 17:30:13.169 31869 31881 I art     : Starting a blocking GC Explicit
08-06 17:30:13.225 31869 31881 I art     : Explicit concurrent mark sweep GC freed 1910(74KB) AllocSpace objects, 0(0B) LOS objects, 36% free, 27MB/43MB, paused 1.280ms total 55.579ms
08-06 17:30:13.250 31869 31881 I art     : Starting a blocking GC Explicit
08-06 17:30:13.301 31869 31881 I art     : Explicit concurrent mark sweep GC freed 236(9KB) AllocSpace objects, 0(0B) LOS objects, 36% free, 27MB/43MB, paused 752us total 50.807ms
08-06 17:30:13.374 31869  1492 I NAPPA_EXPERIMENTATION: MetricNetworkRequestExecutionTime: REQUEST_DURATION_SYSTEM='251',REQUEST_DURATION_OKHTTP='141',REQUEST_SYNCHRONOUS='TRUE',RESPONSE_CODE='200',RESPONSE_METHOD='GET',RESPONSE_LENGTH_OKHTTP='-1',RESPONSE_LENGTH_HEADER='65685',REQUEST_PROTOCOL='h2',REQUEST_URL='https://oauth.reddit.com/r/announcements/hot/.json?after=t3_9jf8nh',
08-06 17:30:13.374 31869  1492 D OK      : request got status: 200
08-06 17:30:13.387 31869 32465 I PostListingFragment: Precaching images: OFF
08-06 17:30:13.387 31869 32465 I PostListingFragment: Precaching comments: OFF
08-06 17:30:13.432 31869  1495 D OK      : calling: https://a.thumbs.redditmedia.com/8P7BG-empihRDWkNYE_LZ8tekikmQtEiymWkwv7obo0.jpg
08-06 17:30:13.497 31869  1503 D OK      : calling: https://b.thumbs.redditmedia.com/PCxvz6Ma5pyTglQOwhW4LZZOY0qIwyWW5pD83dYmMgc.jpg
08-06 17:30:13.577 31869  1495 I NAPPA_EXPERIMENTATION: MetricNetworkRequestExecutionTime: REQUEST_DURATION_SYSTEM='145',REQUEST_DURATION_OKHTTP='144',REQUEST_SYNCHRONOUS='TRUE',RESPONSE_CODE='200',RESPONSE_METHOD='GET',RESPONSE_LENGTH_OKHTTP='3039',RESPONSE_LENGTH_HEADER='3039',REQUEST_PROTOCOL='h2',REQUEST_URL='https://a.thumbs.redditmedia.com/8P7BG-empihRDWkNYE_LZ8tekikmQtEiymWkwv7obo0.jpg',
08-06 17:30:13.578 31869  1495 D OK      : request got status: 200
08-06 17:30:13.624 31869 31893 I art     : Starting a blocking GC Explicit
08-06 17:30:13.692 31869 31893 I art     : Explicit concurrent mark sweep GC freed 15245(924KB) AllocSpace objects, 12(808KB) LOS objects, 35% free, 29MB/45MB, paused 1.238ms total 67.249ms
08-06 17:30:13.717 31869 31893 I art     : Starting a blocking GC Explicit
08-06 17:30:13.764 31869  1503 I NAPPA_EXPERIMENTATION: MetricNetworkRequestExecutionTime: REQUEST_DURATION_SYSTEM='265',REQUEST_DURATION_OKHTTP='137',REQUEST_SYNCHRONOUS='TRUE',RESPONSE_CODE='200',RESPONSE_METHOD='GET',RESPONSE_LENGTH_OKHTTP='9233',RESPONSE_LENGTH_HEADER='9233',REQUEST_PROTOCOL='h2',REQUEST_URL='https://b.thumbs.redditmedia.com/PCxvz6Ma5pyTglQOwhW4LZZOY0qIwyWW5pD83dYmMgc.jpg',
08-06 17:30:13.764 31869  1503 D OK      : request got status: 200
08-06 17:30:13.782 31869 31893 I art     : Explicit concurrent mark sweep GC freed 4369(173KB) AllocSpace objects, 1(68KB) LOS objects, 35% free, 29MB/45MB, paused 989us total 64.209ms
08-06 17:30:13.807 31869 31893 I art     : Starting a blocking GC Explicit
08-06 17:30:13.868 31869 31893 I art     : Explicit concurrent mark sweep GC freed 3391(178KB) AllocSpace objects, 4(188KB) LOS objects, 35% free, 29MB/45MB, paused 826us total 60.752ms
08-06 17:30:13.893 31869 31893 I art     : Starting a blocking GC Explicit
08-06 17:30:13.942 24365 20401 I NetworkScheduler.Stats: Task com.google.android.gms/com.google.android.gms.icing.service.IcingGcmTaskService started execution. cause:4 exec_start_elapsed_seconds: 1881617 [CONTEXT service_id=218 ]
08-06 17:30:13.953 31869 31893 I art     : Explicit concurrent mark sweep GC freed 2307(84KB) AllocSpace objects, 0(0B) LOS objects, 35% free, 29MB/45MB, paused 691us total 59.523ms
08-06 17:30:13.954 24365  9932 I NetworkScheduler.Stats: Task com.google.android.gms/com.google.android.gms.icing.service.IcingGcmTaskService finished executing. cause:4 result: 1 elapsed_millis: 44 uptime_millis: 45 exec_start_elapsed_seconds: 1881617 [CONTEXT service_id=218 ]
08-06 17:30:13.977 31869 31893 I art     : Starting a blocking GC Explicit
08-06 17:30:14.033 31869 31893 I art     : Explicit concurrent mark sweep GC freed 16677(845KB) AllocSpace objects, 6(108KB) LOS objects, 36% free, 28MB/44MB, paused 512us total 55.729ms
08-06 17:30:14.353 31869 32173 I art     : Starting a blocking GC Explicit
08-06 17:30:14.437 31869 32173 I art     : Explicit concurrent mark sweep GC freed 1353(82KB) AllocSpace objects, 1(20KB) LOS objects, 36% free, 28MB/44MB, paused 948us total 82.132ms
08-06 17:30:14.463 31869 32173 I art     : Starting a blocking GC Explicit
08-06 17:30:14.519 31869 32173 I art     : Explicit concurrent mark sweep GC freed 20(704B) AllocSpace objects, 0(0B) LOS objects, 36% free, 28MB/44MB, paused 697us total 56.151ms
08-06 17:30:14.544 31869 32173 I art     : Starting a blocking GC Explicit
08-06 17:30:14.602 31869 32173 I art     : Explicit concurrent mark sweep GC freed 3(96B) AllocSpace objects, 0(0B) LOS objects, 36% free, 28MB/44MB, paused 544us total 57.105ms
08-06 17:30:14.627 31869 32173 I art     : Starting a blocking GC Explicit
08-06 17:30:14.684 31869 32173 I art     : Explicit concurrent mark sweep GC freed 3(96B) AllocSpace objects, 0(0B) LOS objects, 36% free, 28MB/44MB, paused 610us total 57.334ms
08-06 17:30:14.710 31869 32173 I art     : Starting a blocking GC Explicit
08-06 17:30:14.775 31869 32173 I art     : Explicit concurrent mark sweep GC freed 3(96B) AllocSpace objects, 0(0B) LOS objects, 36% free, 28MB/44MB, paused 1.088ms total 64.618ms
08-06 17:30:15.116 31869 32651 I art     : Starting a blocking GC Explicit
08-06 17:30:15.188 31869 32651 I art     : Explicit concurrent mark sweep GC freed 1347(82KB) AllocSpace objects, 1(20KB) LOS objects, 36% free, 28MB/44MB, paused 910us total 72.162ms
08-06 17:30:15.217 31869 32651 I art     : Starting a blocking GC Explicit
08-06 17:30:15.278 31869 32651 I art     : Explicit concurrent mark sweep GC freed 20(704B) AllocSpace objects, 0(0B) LOS objects, 36% free, 28MB/44MB, paused 741us total 60.545ms
08-06 17:30:15.307 31869 32651 I art     : Starting a blocking GC Explicit
08-06 17:30:15.368 31869 32651 I art     : Explicit concurrent mark sweep GC freed 3(96B) AllocSpace objects, 0(0B) LOS objects, 36% free, 28MB/44MB, paused 675us total 60.183ms
08-06 17:30:15.395 31869 32651 I art     : Starting a blocking GC Explicit
08-06 17:30:15.458 31869 32651 I art     : Explicit concurrent mark sweep GC freed 3(96B) AllocSpace objects, 0(0B) LOS objects, 36% free, 28MB/44MB, paused 795us total 62.733ms
08-06 17:30:15.487 31869 32651 I art     : Starting a blocking GC Explicit
08-06 17:30:15.547 31869 32651 I art     : Explicit concurrent mark sweep GC freed 3(96B) AllocSpace objects, 0(0B) LOS objects, 36% free, 28MB/44MB, paused 598us total 60.218ms
08-06 17:30:15.881 31869 31882 I art     : Starting a blocking GC Explicit
08-06 17:30:15.941 31869 31882 I art     : Explicit concurrent mark sweep GC freed 1347(82KB) AllocSpace objects, 1(20KB) LOS objects, 36% free, 28MB/44MB, paused 683us total 58.791ms
08-06 17:30:15.941 31869 31879 I art     : WaitForGcToComplete blocked for 27.856ms for cause HeapTrim
08-06 17:30:15.965 31869 31882 I art     : Starting a blocking GC Explicit
08-06 17:30:16.019 31869 31882 I art     : Explicit concurrent mark sweep GC freed 20(704B) AllocSpace objects, 0(0B) LOS objects, 36% free, 28MB/44MB, paused 665us total 53.605ms
08-06 17:30:16.042 31869 31882 I art     : Starting a blocking GC Explicit
08-06 17:30:16.099 31869 31882 I art     : Explicit concurrent mark sweep GC freed 3(96B) AllocSpace objects, 0(0B) LOS objects, 36% free, 28MB/44MB, paused 700us total 55.940ms
08-06 17:30:16.123 31869 31882 I art     : Starting a blocking GC Explicit
08-06 17:30:16.180 31869 31882 I art     : Explicit concurrent mark sweep GC freed 3(96B) AllocSpace objects, 0(0B) LOS objects, 36% free, 28MB/44MB, paused 670us total 55.789ms
08-06 17:30:16.204 31869 31882 I art     : Starting a blocking GC Explicit
08-06 17:30:16.258 31869 31882 I art     : Explicit concurrent mark sweep GC freed 3(96B) AllocSpace objects, 0(0B) LOS objects, 36% free, 28MB/44MB, paused 630us total 54.276ms
08-06 17:30:16.538  1541  1541 D AndroidRuntime: >>>>>> START com.android.internal.os.RuntimeInit uid 2000 <<<<<<
08-06 17:30:16.544  1541  1541 D AndroidRuntime: CheckJNI is OFF
08-06 17:30:16.569 31869 31881 I art     : Starting a blocking GC Explicit
08-06 17:30:16.599  1541  1541 D ICU     : No timezone override file found: /data/misc/zoneinfo/current/icu/icu_tzdata.dat
08-06 17:30:16.625 31869 31881 I art     : Explicit concurrent mark sweep GC freed 1352(83KB) AllocSpace objects, 1(20KB) LOS objects, 36% free, 28MB/44MB, paused 728us total 55.372ms
08-06 17:30:16.646  1541  1541 I Radio-JNI: register_android_hardware_Radio DONE
08-06 17:30:16.648 31869 31881 I art     : Starting a blocking GC Explicit
08-06 17:30:16.678  1541  1541 D AndroidRuntime: Calling main entry com.android.commands.input.Input
08-06 17:30:16.680  1541  1541 I Input   : injectMotionEvent: MotionEvent { action=ACTION_DOWN, actionButton=0, id[0]=0, x[0]=600.0, y[0]=580.0, toolType[0]=TOOL_TYPE_UNKNOWN, buttonState=0, metaState=0, flags=0x0, edgeFlags=0x0, pointerCount=1, historySize=0, eventTime=898233093, downTime=898233093, deviceId=0, source=0x1002 }
08-06 17:30:16.687  1541  1541 I Input   : injectMotionEvent: MotionEvent { action=ACTION_UP, actionButton=0, id[0]=0, x[0]=600.0, y[0]=580.0, toolType[0]=TOOL_TYPE_UNKNOWN, buttonState=0, metaState=0, flags=0x0, edgeFlags=0x0, pointerCount=1, historySize=0, eventTime=898233093, downTime=898233093, deviceId=0, source=0x1002 }
08-06 17:30:16.693  1541  1541 D AndroidRuntime: Shutting down VM
08-06 17:30:16.701   512  2967 D audio_hw_primary: out_set_parameters: enter: usecase(1: low-latency-playback) kvpairs: routing=2
08-06 17:30:16.704   918  6112 I ActivityManager: START u0 {cmp=baseline.org.quantumbadger.redreader/.activities.WebViewActivity (has extras)} from uid 10705 on display 0
08-06 17:30:16.704 31869 31881 I art     : Explicit concurrent mark sweep GC freed 36(1568B) AllocSpace objects, 0(0B) LOS objects, 36% free, 28MB/44MB, paused 1.111ms total 55.827ms
08-06 17:30:16.714   512  2967 D audio_hw_primary: select_devices: out_snd_device(2: speaker) in_snd_device(0: none)
08-06 17:30:16.715   512  2967 D msm8974_platform: platform_send_audio_calibration: sending audio calibration for snd_device(2) acdb_id(15)
08-06 17:30:16.715   512  2967 I soundtrigger: audio_extn_sound_trigger_update_device_status: device 0x2 of type 0 for Event 1
08-06 17:30:16.728   512  2967 D audio_hw_primary: enable_snd_device: snd_device(2: speaker)
08-06 17:30:16.730   512  2967 D audio_hw_primary: enable_audio_route: apply and update mixer path: low-latency-playback speaker
08-06 17:30:16.732 31869 31881 I art     : Starting a blocking GC Explicit
08-06 17:30:16.733 31869 31869 I AppCompatViewInflater: app:theme is now deprecated. Please move to using android:theme instead.
08-06 17:30:16.760 31869 31869 I WebViewFactory: Loading com.google.android.webview version 84.0.4147.89 (code 414708953)
08-06 17:30:16.781 31869 31881 I art     : Explicit concurrent mark sweep GC freed 6177(529KB) AllocSpace objects, 3(76KB) LOS objects, 36% free, 27MB/43MB, paused 771us total 48.174ms
08-06 17:30:16.804 31869 31881 I art     : Starting a blocking GC Explicit
08-06 17:30:16.860 31869 31881 I art     : Explicit concurrent mark sweep GC freed 3514(304KB) AllocSpace objects, 1(20KB) LOS objects, 35% free, 28MB/44MB, paused 1.945ms total 55.775ms
08-06 17:30:16.863 31869 31869 I cr_LibraryLoader: Loaded native library version number "84.0.4147.89"
08-06 17:30:16.864 31869 31869 I cr_CachingUmaRecorder: Flushed 5 samples from 5 histograms.
08-06 17:30:16.882 31869 31881 I art     : Starting a blocking GC Explicit
08-06 17:30:16.921 31869 31869 E chromium: [ERROR:filesystem_posix.cc(62)] mkdir /data/user/0/baseline.org.quantumbadger.redreader/cache/WebView/Crashpad: No such file or directory (2)
08-06 17:30:16.939 31869 31881 I art     : Explicit concurrent mark sweep GC freed 1487(187KB) AllocSpace objects, 1(20KB) LOS objects, 35% free, 28MB/44MB, paused 1.024ms total 56.185ms
08-06 17:30:17.034   918  4413 D ConnectivityService: listenForNetwork for Listen from uid/pid:10705/31869 for NetworkRequest [ id=4118, legacyType=-1, [ Capabilities: INTERNET&NOT_RESTRICTED&TRUSTED] ]
08-06 17:30:17.113 31869  1580 W cr_media: Requires BLUETOOTH permission
08-06 17:30:17.122 31869  1593 E libEGL  : validate_display:255 error 3008 (EGL_BAD_DISPLAY)
08-06 17:30:17.268   512  2967 D audio_hw_primary: disable_audio_route: reset and update mixer path: low-latency-playback speaker
08-06 17:30:17.270   512  2967 D audio_hw_primary: disable_snd_device: snd_device(2: speaker)
08-06 17:30:17.280   512  2967 I soundtrigger: audio_extn_sound_trigger_update_device_status: device 0x2 of type 0 for Event 0
08-06 17:30:17.316   918   936 I ActivityManager: Displayed baseline.org.quantumbadger.redreader/.activities.WebViewActivity: +601ms
08-06 17:30:17.317 13866 13866 I GoogleInputMethodServic: GoogleInputMethodService.onFinishInput():3138 
08-06 17:30:17.318 13866 13866 I GoogleInputMethodServic: GoogleInputMethodService.onStartInput():1808 
08-06 17:30:17.328 31869 31893 I art     : Starting a blocking GC Explicit
08-06 17:30:17.383   518   646 I ThermalEngine: ACTION: GPU - Setting GPU[0] to 450000000
08-06 17:30:17.395 31869 31893 I art     : Explicit concurrent mark sweep GC freed 7136(464KB) AllocSpace objects, 1(20KB) LOS objects, 35% free, 29MB/45MB, paused 1.129ms total 66.688ms
08-06 17:30:17.414 31869 31893 I art     : Starting a blocking GC Explicit
08-06 17:30:17.458 31869 31893 I art     : Explicit concurrent mark sweep GC freed 2936(155KB) AllocSpace objects, 3(200KB) LOS objects, 35% free, 29MB/45MB, paused 594us total 43.828ms
08-06 17:30:17.477 31869 31893 I art     : Starting a blocking GC Explicit
08-06 17:30:17.529 31869 31893 I art     : Explicit concurrent mark sweep GC freed 980(119KB) AllocSpace objects, 0(0B) LOS objects, 35% free, 29MB/45MB, paused 600us total 52.448ms
08-06 17:30:17.552 31869 31893 I art     : Starting a blocking GC Explicit
08-06 17:30:17.574   380   380 W SurfaceFlinger: couldn't log to binary event log: overflow.
08-06 17:30:17.600 31869 31893 I art     : Explicit concurrent mark sweep GC freed 17(704B) AllocSpace objects, 0(0B) LOS objects, 35% free, 29MB/45MB, paused 485us total 47.669ms
08-06 17:30:17.618 31869 31893 I art     : Starting a blocking GC Explicit
08-06 17:30:17.659 31869 31893 I art     : Explicit concurrent mark sweep GC freed 72(5KB) AllocSpace objects, 0(0B) LOS objects, 35% free, 29MB/45MB, paused 948us total 40.597ms
08-06 17:30:17.906   918   928 I AccountManagerService: getTypesVisibleToCaller: isPermitted? true
08-06 17:30:17.969 31869 32651 I art     : Starting a blocking GC Explicit
08-06 17:30:18.013 31869 32651 I art     : Explicit concurrent mark sweep GC freed 6388(324KB) AllocSpace objects, 1(20KB) LOS objects, 35% free, 29MB/45MB, paused 561us total 43.323ms
08-06 17:30:18.030 31869 32651 I art     : Starting a blocking GC Explicit
08-06 17:30:18.073 31869 32651 I art     : Explicit concurrent mark sweep GC freed 122(7KB) AllocSpace objects, 0(0B) LOS objects, 35% free, 29MB/45MB, paused 562us total 42.070ms
08-06 17:30:18.090 31869 32651 I art     : Starting a blocking GC Explicit
08-06 17:30:18.133 31869 32651 I art     : Explicit concurrent mark sweep GC freed 2660(111KB) AllocSpace objects, 0(0B) LOS objects, 35% free, 29MB/45MB, paused 725us total 42.853ms
08-06 17:30:18.151 31869 32651 I art     : Starting a blocking GC Explicit
08-06 17:30:18.191 31869 32651 I art     : Explicit concurrent mark sweep GC freed 1325(54KB) AllocSpace objects, 0(0B) LOS objects, 35% free, 29MB/45MB, paused 547us total 40.477ms
08-06 17:30:18.209 31869 32651 I art     : Starting a blocking GC Explicit
08-06 17:30:18.249 31869 32651 I art     : Explicit concurrent mark sweep GC freed 29(960B) AllocSpace objects, 0(0B) LOS objects, 35% free, 29MB/45MB, paused 531us total 39.866ms
08-06 17:30:18.386   518   646 I ThermalEngine: ACTION: GPU - Setting GPU[0] to 390000000
08-06 17:30:18.749 31869 31893 I art     : Starting a blocking GC Explicit
08-06 17:30:18.863 31869 31893 I art     : Explicit concurrent mark sweep GC freed 1385(84KB) AllocSpace objects, 1(20KB) LOS objects, 35% free, 29MB/45MB, paused 805us total 114.499ms
08-06 17:30:18.886 31869 31893 I art     : Starting a blocking GC Explicit
08-06 17:30:18.956 31869 31893 I art     : Explicit concurrent mark sweep GC freed 383(41KB) AllocSpace objects, 0(0B) LOS objects, 35% free, 29MB/45MB, paused 841us total 69.529ms
08-06 17:30:18.981 31869 31893 I art     : Starting a blocking GC Explicit
08-06 17:30:19.078 31869 31869 I Choreographer: Skipped 73 frames!  The application may be doing too much work on its main thread.
08-06 17:30:19.084 31869 31893 I art     : Explicit concurrent mark sweep GC freed 73(2816B) AllocSpace objects, 0(0B) LOS objects, 35% free, 29MB/45MB, paused 1.103ms total 102.824ms
08-06 17:30:19.152 31869 31893 I art     : Starting a blocking GC Explicit
08-06 17:30:19.229 31869 31893 I art     : Explicit concurrent mark sweep GC freed 34(1056B) AllocSpace objects, 0(0B) LOS objects, 35% free, 29MB/45MB, paused 1.122ms total 73.233ms
08-06 17:30:19.258 31869 31893 I art     : Starting a blocking GC Explicit
08-06 17:30:19.337 31869 31893 I art     : Explicit concurrent mark sweep GC freed 22(688B) AllocSpace objects, 0(0B) LOS objects, 35% free, 29MB/45MB, paused 845us total 79.137ms
08-06 17:30:19.590 24577 24587 I art     : Background sticky concurrent mark sweep GC freed 98861(2MB) AllocSpace objects, 1(20KB) LOS objects, 3% free, 50MB/52MB, paused 3.223ms total 100.703ms
08-06 17:30:19.691 31869 31882 I art     : Starting a blocking GC Explicit
08-06 17:30:19.759 31869 31882 I art     : Explicit concurrent mark sweep GC freed 1357(82KB) AllocSpace objects, 1(20KB) LOS objects, 35% free, 29MB/45MB, paused 766us total 67.433ms
08-06 17:30:19.782 31869 31882 I art     : Starting a blocking GC Explicit
08-06 17:30:19.848 31869 31882 I art     : Explicit concurrent mark sweep GC freed 20(704B) AllocSpace objects, 0(0B) LOS objects, 35% free, 29MB/45MB, paused 806us total 65.953ms
08-06 17:30:19.871 31869 31882 I art     : Starting a blocking GC Explicit
08-06 17:30:19.884 24577 24587 I art     : Background partial concurrent mark sweep GC freed 253242(6MB) AllocSpace objects, 2(216KB) LOS objects, 25% free, 46MB/62MB, paused 3.038ms total 144.968ms
08-06 17:30:19.922 31869 31882 I art     : Explicit concurrent mark sweep GC freed 3(96B) AllocSpace objects, 0(0B) LOS objects, 35% free, 29MB/45MB, paused 743us total 50.942ms
08-06 17:30:19.934 24365  1228 E WakeLock: GCM_HB_ALARM release without a matched acquire!
08-06 17:30:19.944 31869 31882 I art     : Starting a blocking GC Explicit
08-06 17:30:19.961   918  3696 D ConnectivityService: reportNetworkConnectivity(159, true) by 10012
08-06 17:30:19.961   918  1209 D NetworkMonitor/NetworkAgentInfo [WIFI () - 159]: Forcing reevaluation for UID 10012
08-06 17:30:19.962   918  1209 D NetworkMonitor/NetworkAgentInfo [WIFI () - 159]: Checking http://connectivitycheck.gstatic.com/generate_204 on "H369AA63323", 192.168.2.12=192.168.2.12
08-06 17:30:19.965   918  4400 D ConnectivityService: reportNetworkConnectivity(159, true) by 10012
08-06 17:30:19.999 31869 31882 I art     : Explicit concurrent mark sweep GC freed 3(96B) AllocSpace objects, 0(0B) LOS objects, 35% free, 29MB/45MB, paused 762us total 54.553ms
08-06 17:30:20.021 31869 31882 I art     : Starting a blocking GC Explicit
08-06 17:30:20.072 31869 31882 I art     : Explicit concurrent mark sweep GC freed 3(96B) AllocSpace objects, 0(0B) LOS objects, 35% free, 29MB/45MB, paused 738us total 50.251ms
08-06 17:30:20.097   918  1209 D NetworkMonitor/NetworkAgentInfo [WIFI () - 159]: Probably not a portal: exception java.io.IOException: unexpected end of stream on Connection{connectivitycheck.gstatic.com:80, proxy=HTTP@/192.168.2.12:8080 hostAddress=192.168.2.12 cipherSuite=none protocol=http/1.1} (recycle count=0)
08-06 17:30:20.098   918  3263 D ConnectivityService: NetworkAgentInfo [WIFI () - 159] validation failed
08-06 17:30:20.099   918  3261 E WifiConfigStore:  rewrite network history for "H369AA63323"WPA_PSK
08-06 17:30:20.350 31869 31869 I chromium: [INFO:CONSOLE(1)] "
08-06 17:30:20.350 31869 31869 I chromium:                   ,d"=,.,qOp,
08-06 17:30:20.350 31869 31869 I chromium:                  ,7'  ''$(  )
08-06 17:30:20.350 31869 31869 I chromium:                 ,7'      '?q$7'
08-06 17:30:20.350 31869 31869 I chromium:              ..,$$,.
08-06 17:30:20.350 31869 31869 I chromium:    ,.  .,,--***""***--,,.  .,
08-06 17:30:20.350 31869 31869 I chromium:     ,p''              ''q,   
08-06 17:30:20.350 31869 31869 I chromium: :  ,7'                      '7,  :
08-06 17:30:20.350 31869 31869 I chromium:  ' $      ,db,      ,db,      $ '
08-06 17:30:20.350 31869 31869 I chromium:   '$      $$      $$      $'    Using Reddit at work? Work for Reddit.
08-06 17:30:20.350 31869 31869 I chromium:   '$                          $'        https://www.reddit.com/jobs
08-06 17:30:20.350 31869 31869 I chromium:    '$.     .,        ,.     .$'
08-06 17:30:20.350 31869 31869 I chromium:     'b,     ''     ,d'
08-06 17:30:20.350 31869 31869 I chromium:      '?bn,,          ,,nd?'
08-06 17:30:20.350 31869 31869 I chromium:        ,7$ '''' $7,
08-06 17:30:20.350 31869 31869 I chromium:      , $              $ ,
08-06 17:30:20.350 31869 31869 I chromium:      $  :$              $:  $
08-06 17:30:20.350 31869 31869 I chromium:      $   $              $   $
08-06 17:30:20.350 31869 31869 I chromium:      'b  q:            :p  d'
08-06 17:30:20.350 31869 31869 I chromium:       '?$.          .$?'
08-06 17:30:20.350 31869 31869 I chromium:          'b            d'
08-06 17:30:20.350 31869 31869 I chromium:        ,'?,.      .,?',
08-06 17:30:20.350 31869 31869 I chromium:       ==--==--==--==
08-06 17:30:20.350 31869 31869 I chromium: ", source: https://www.redditstatic.com/desktop2x/Chat~Governance~Reddit.2ea93b134a9b2e5b1d9a.js (1)
08-06 17:30:20.450 31869 32651 I art     : Starting a blocking GC Explicit
08-06 17:30:20.507 31869 32651 I art     : Explicit concurrent mark sweep GC freed 1364(85KB) AllocSpace objects, 1(20KB) LOS objects, 35% free, 29MB/45MB, paused 865us total 57.175ms
08-06 17:30:20.531 31869 32651 I art     : Starting a blocking GC Explicit
08-06 17:30:20.582 31869 32651 I art     : Explicit concurrent mark sweep GC freed 20(704B) AllocSpace objects, 0(0B) LOS objects, 35% free, 29MB/45MB, paused 769us total 50.508ms
08-06 17:30:20.604 31869 32651 I art     : Starting a blocking GC Explicit
08-06 17:30:20.656 31869 32651 I art     : Explicit concurrent mark sweep GC freed 3(96B) AllocSpace objects, 0(0B) LOS objects, 35% free, 29MB/45MB, paused 754us total 51.035ms
08-06 17:30:20.680 31869 32651 I art     : Starting a blocking GC Explicit
08-06 17:30:20.733 31869 32651 I art     : Explicit concurrent mark sweep GC freed 3(96B) AllocSpace objects, 0(0B) LOS objects, 35% free, 29MB/45MB, paused 766us total 52.722ms
08-06 17:30:20.755 31869 32651 I art     : Starting a blocking GC Explicit
08-06 17:30:20.806 31869 32651 I art     : Explicit concurrent mark sweep GC freed 3(96B) AllocSpace objects, 0(0B) LOS objects, 35% free, 29MB/45MB, paused 770us total 50.417ms
08-06 17:30:21.099   918  1209 D NetworkMonitor/NetworkAgentInfo [WIFI () - 159]: Checking http://connectivitycheck.gstatic.com/generate_204 on "H369AA63323", 192.168.2.12=192.168.2.12
08-06 17:30:21.186 31869 31893 I art     : Starting a blocking GC Explicit
08-06 17:30:21.228   918  1209 D NetworkMonitor/NetworkAgentInfo [WIFI () - 159]: Probably not a portal: exception java.io.IOException: unexpected end of stream on Connection{connectivitycheck.gstatic.com:80, proxy=HTTP@/192.168.2.12:8080 hostAddress=192.168.2.12 cipherSuite=none protocol=http/1.1} (recycle count=0)
08-06 17:30:21.229   918  3263 D ConnectivityService: NetworkAgentInfo [WIFI () - 159] validation failed
08-06 17:30:21.230   918  3261 E WifiConfigStore:  rewrite network history for "H369AA63323"WPA_PSK
08-06 17:30:21.245 31869 31893 I art     : Explicit concurrent mark sweep GC freed 1367(83KB) AllocSpace objects, 1(20KB) LOS objects, 35% free, 29MB/45MB, paused 908us total 58.557ms
08-06 17:30:21.270 31869 31893 I art     : Starting a blocking GC Explicit
08-06 17:30:21.325 31869 31893 I art     : Explicit concurrent mark sweep GC freed 22(768B) AllocSpace objects, 0(0B) LOS objects, 35% free, 29MB/45MB, paused 845us total 54.509ms
08-06 17:30:21.349 31869 31893 I art     : Starting a blocking GC Explicit
08-06 17:30:21.406 31869 31893 I art     : Explicit concurrent mark sweep GC freed 3(96B) AllocSpace objects, 0(0B) LOS objects, 35% free, 29MB/45MB, paused 900us total 56.689ms
08-06 17:30:21.430 31869 31893 I art     : Starting a blocking GC Explicit
08-06 17:30:21.484 31869 31893 I art     : Explicit concurrent mark sweep GC freed 3(96B) AllocSpace objects, 0(0B) LOS objects, 35% free, 29MB/45MB, paused 900us total 54.410ms
08-06 17:30:21.508 31869 31893 I art     : Starting a blocking GC Explicit
08-06 17:30:21.564 31869 31893 I art     : Explicit concurrent mark sweep GC freed 3(96B) AllocSpace objects, 0(0B) LOS objects, 35% free, 29MB/45MB, paused 940us total 55.849ms
08-06 17:30:21.720 31869  1566 I RedditChangeDataIO: Writing tmp data file at '/data/user/0/baseline.org.quantumbadger.redreader/files/rr_change_data_tmp.dat'
08-06 17:30:21.721 31869  1566 I RedditChangeDataManager: Taking snapshot...
08-06 17:30:21.721 31869  1566 I RedditChangeDataManager: Writing to stream...
08-06 17:30:21.722 31869  1566 I RedditChangeDataManager: Wrote 4 entries for user ''
08-06 17:30:21.722 31869  1566 I RedditChangeDataManager: All entries written to stream.
08-06 17:30:21.722 31869  1566 I RedditChangeDataIO: Write successful. Atomically replacing data file...
08-06 17:30:21.722 31869  1566 I RedditChangeDataIO: Write complete.
08-06 17:30:21.723 31869  1566 I RedditChangeDataIO: 110 bytes written in 3 ms
08-06 17:30:21.970 31869 32173 I art     : Starting a blocking GC Explicit
08-06 17:30:22.023 31869 32173 I art     : Explicit concurrent mark sweep GC freed 1653(100KB) AllocSpace objects, 2(88KB) LOS objects, 35% free, 29MB/45MB, paused 660us total 52.819ms
08-06 17:30:22.049 31869 32173 I art     : Starting a blocking GC Explicit
08-06 17:30:22.107 31869 32173 I art     : Explicit concurrent mark sweep GC freed 45(3KB) AllocSpace objects, 0(0B) LOS objects, 35% free, 29MB/45MB, paused 674us total 57.204ms
08-06 17:30:22.132 31869 32173 I art     : Starting a blocking GC Explicit
08-06 17:30:22.199 31869 32173 I art     : Explicit concurrent mark sweep GC freed 3(96B) AllocSpace objects, 0(0B) LOS objects, 35% free, 29MB/45MB, paused 1.317ms total 66.382ms
08-06 17:30:22.221 31869 32173 I art     : Starting a blocking GC Explicit
08-06 17:30:22.282 31869 32173 I art     : Explicit concurrent mark sweep GC freed 3(96B) AllocSpace objects, 0(0B) LOS objects, 35% free, 29MB/45MB, paused 1.770ms total 59.872ms
08-06 17:30:22.310 31869 32173 I art     : Starting a blocking GC Explicit
08-06 17:30:22.368 31869 32173 I art     : Explicit concurrent mark sweep GC freed 3(96B) AllocSpace objects, 0(0B) LOS objects, 35% free, 29MB/45MB, paused 994us total 57.760ms
08-06 17:30:22.788 31869 31881 I art     : Starting a blocking GC Explicit
08-06 17:30:22.844 31869 31881 I art     : Explicit concurrent mark sweep GC freed 1403(85KB) AllocSpace objects, 1(20KB) LOS objects, 35% free, 29MB/45MB, paused 640us total 56.135ms
08-06 17:30:22.869 31869 31881 I art     : Starting a blocking GC Explicit
08-06 17:30:22.931 31869 31881 I art     : Explicit concurrent mark sweep GC freed 20(704B) AllocSpace objects, 0(0B) LOS objects, 35% free, 29MB/45MB, paused 735us total 61.297ms
08-06 17:30:22.955 31869 31881 I art     : Starting a blocking GC Explicit
08-06 17:30:23.017   918  1210 D NetlinkSocketObserver: NeighborEvent{elapsedMs=1881626891, 192.168.2.254, [7C3953A63323], RTM_NEWNEIGH, NUD_REACHABLE}
08-06 17:30:23.019 31869 31881 I art     : Explicit concurrent mark sweep GC freed 3(96B) AllocSpace objects, 0(0B) LOS objects, 35% free, 29MB/45MB, paused 820us total 63.711ms
08-06 17:30:23.044 31869 31881 I art     : Starting a blocking GC Explicit
08-06 17:30:23.109 31869 31881 I art     : Explicit concurrent mark sweep GC freed 3(96B) AllocSpace objects, 0(0B) LOS objects, 35% free, 29MB/45MB, paused 785us total 64.814ms
08-06 17:30:23.133 31869 31881 I art     : Starting a blocking GC Explicit
08-06 17:30:23.199 31869 31881 I art     : Explicit concurrent mark sweep GC freed 3(96B) AllocSpace objects, 0(0B) LOS objects, 35% free, 29MB/45MB, paused 893us total 64.864ms
08-06 17:30:23.231   918  1209 D NetworkMonitor/NetworkAgentInfo [WIFI () - 159]: Checking http://connectivitycheck.gstatic.com/generate_204 on "H369AA63323", 192.168.2.12=192.168.2.12
08-06 17:30:23.377   918  1209 D NetworkMonitor/NetworkAgentInfo [WIFI () - 159]: Probably not a portal: exception java.io.IOException: unexpected end of stream on Connection{connectivitycheck.gstatic.com:80, proxy=HTTP@/192.168.2.12:8080 hostAddress=192.168.2.12 cipherSuite=none protocol=http/1.1} (recycle count=0)
08-06 17:30:23.382   918  3263 D ConnectivityService: NetworkAgentInfo [WIFI () - 159] validation failed
08-06 17:30:23.384   918  3261 E WifiConfigStore:  rewrite network history for "H369AA63323"WPA_PSK
08-06 17:30:23.598 31869 31881 I art     : Starting a blocking GC Explicit
08-06 17:30:23.656 31869 31881 I art     : Explicit concurrent mark sweep GC freed 1355(82KB) AllocSpace objects, 1(20KB) LOS objects, 35% free, 29MB/45MB, paused 655us total 57.442ms
08-06 17:30:23.685 31869 31881 I art     : Starting a blocking GC Explicit
08-06 17:30:23.744 31869 31881 I art     : Explicit concurrent mark sweep GC freed 20(704B) AllocSpace objects, 0(0B) LOS objects, 35% free, 29MB/45MB, paused 693us total 58.308ms
08-06 17:30:23.769 31869 31881 I art     : Starting a blocking GC Explicit
08-06 17:30:23.834 31869 31881 I art     : Explicit concurrent mark sweep GC freed 3(96B) AllocSpace objects, 0(0B) LOS objects, 35% free, 29MB/45MB, paused 819us total 64.040ms
08-06 17:30:23.859 31869 31881 I art     : Starting a blocking GC Explicit
08-06 17:30:23.925 31869 31881 I art     : Explicit concurrent mark sweep GC freed 3(96B) AllocSpace objects, 0(0B) LOS objects, 35% free, 29MB/45MB, paused 734us total 66.136ms
08-06 17:30:23.950 31869 31881 I art     : Starting a blocking GC Explicit
08-06 17:30:24.020 31869 31881 I art     : Explicit concurrent mark sweep GC freed 3(96B) AllocSpace objects, 0(0B) LOS objects, 35% free, 29MB/45MB, paused 638us total 69.203ms
08-06 17:30:24.434 31869 31881 I art     : Starting a blocking GC Explicit
08-06 17:30:24.500 31869 31881 I art     : Explicit concurrent mark sweep GC freed 1355(82KB) AllocSpace objects, 1(20KB) LOS objects, 35% free, 29MB/45MB, paused 621us total 65.114ms
08-06 17:30:24.523 31869 31881 I art     : Starting a blocking GC Explicit
08-06 17:30:24.580 31869 31881 I art     : Explicit concurrent mark sweep GC freed 20(704B) AllocSpace objects, 0(0B) LOS objects, 35% free, 29MB/45MB, paused 1.057ms total 56.498ms
08-06 17:30:24.608 31869 31881 I art     : Starting a blocking GC Explicit
08-06 17:30:24.664 31869 31881 I art     : Explicit concurrent mark sweep GC freed 3(96B) AllocSpace objects, 0(0B) LOS objects, 35% free, 29MB/45MB, paused 741us total 56.033ms
08-06 17:30:24.697 31869 31881 I art     : Starting a blocking GC Explicit
08-06 17:30:24.753 31869 31881 I art     : Explicit concurrent mark sweep GC freed 3(96B) AllocSpace objects, 0(0B) LOS objects, 35% free, 29MB/45MB, paused 784us total 56.235ms
08-06 17:30:24.774   918  3188 I hubconnection: sensorhub said: 'set_bias 3: -5.3568, 0.0000, 0.0000'
08-06 17:30:24.784 31869 31881 I art     : Starting a blocking GC Explicit
08-06 17:30:24.844 31869 31881 I art     : Explicit concurrent mark sweep GC freed 3(96B) AllocSpace objects, 0(0B) LOS objects, 35% free, 29MB/45MB, paused 923us total 59.386ms
08-06 17:30:25.235 31869 31893 I art     : Starting a blocking GC Explicit
08-06 17:30:25.302 31869 31893 I art     : Explicit concurrent mark sweep GC freed 1355(82KB) AllocSpace objects, 1(20KB) LOS objects, 35% free, 29MB/45MB, paused 722us total 66.361ms
08-06 17:30:25.326 31869 31893 I art     : Starting a blocking GC Explicit
08-06 17:30:25.383 31869 31893 I art     : Explicit concurrent mark sweep GC freed 20(704B) AllocSpace objects, 0(0B) LOS objects, 35% free, 29MB/45MB, paused 903us total 56.249ms
08-06 17:30:25.415 31869 31893 I art     : Starting a blocking GC Explicit
08-06 17:30:25.473 31869 31893 I art     : Explicit concurrent mark sweep GC freed 3(96B) AllocSpace objects, 0(0B) LOS objects, 35% free, 29MB/45MB, paused 831us total 57.225ms
08-06 17:30:25.506 31869 31893 I art     : Starting a blocking GC Explicit
08-06 17:30:25.564 31869 31893 I art     : Explicit concurrent mark sweep GC freed 3(96B) AllocSpace objects, 0(0B) LOS objects, 35% free, 29MB/45MB, paused 756us total 56.747ms
08-06 17:30:25.596 31869 31893 I art     : Starting a blocking GC Explicit
08-06 17:30:25.632  1719  1719 D AndroidRuntime: >>>>>> START com.android.internal.os.RuntimeInit uid 2000 <<<<<<
08-06 17:30:25.638  1719  1719 D AndroidRuntime: CheckJNI is OFF
08-06 17:30:25.652 31869 31893 I art     : Explicit concurrent mark sweep GC freed 3(96B) AllocSpace objects, 0(0B) LOS objects, 35% free, 29MB/45MB, paused 852us total 56.097ms
08-06 17:30:25.709  1719  1719 D ICU     : No timezone override file found: /data/misc/zoneinfo/current/icu/icu_tzdata.dat
08-06 17:30:25.754  1719  1719 I Radio-JNI: register_android_hardware_Radio DONE
08-06 17:30:25.792  1719  1719 D AndroidRuntime: Calling main entry com.android.commands.input.Input
08-06 17:30:25.794  1719  1719 I Input   : injectKeyEvent: KeyEvent { action=ACTION_DOWN, keyCode=KEYCODE_BACK, scanCode=0, metaState=0, flags=0x0, repeatCount=0, eventTime=898242207, downTime=898242207, deviceId=-1, source=0x101 }
08-06 17:30:25.803  1719  1719 I Input   : injectKeyEvent: KeyEvent { action=ACTION_UP, keyCode=KEYCODE_BACK, scanCode=0, metaState=0, flags=0x0, repeatCount=0, eventTime=898242207, downTime=898242207, deviceId=-1, source=0x101 }
08-06 17:30:25.811  1719  1719 D AndroidRuntime: Shutting down VM
08-06 17:30:25.896 13866 13866 I GoogleInputMethodServic: GoogleInputMethodService.onFinishInput():3138 
08-06 17:30:25.897 13866 13866 I GoogleInputMethodServic: GoogleInputMethodService.onStartInput():1808 
08-06 17:30:25.917 25638 25638 I Atfwd_Sendcmd: AtCmdFwd service not ready - Exhausted retry attempts - :6
08-06 17:30:25.917 25638 25638 I Atfwd_Daemon: result : -1 	 ,Init step :2 	 ,qmiErrorCode: 0
08-06 17:30:26.164 31869 32173 I art     : Starting a blocking GC Explicit
08-06 17:30:26.231   380   380 W SurfaceFlinger: couldn't log to binary event log: overflow.
08-06 17:30:26.269 31869 32173 I art     : Explicit concurrent mark sweep GC freed 1692(96KB) AllocSpace objects, 1(20KB) LOS objects, 35% free, 29MB/45MB, paused 1.480ms total 105.117ms
08-06 17:30:26.273 31869 31879 I art     : WaitForGcToComplete blocked for 27.834ms for cause HeapTrim
08-06 17:30:26.287   918  3263 D ConnectivityService: releasing NetworkRequest NetworkRequest [ id=4118, legacyType=-1, [ Capabilities: INTERNET&NOT_RESTRICTED&TRUSTED] ]
08-06 17:30:26.339 31869 32173 I art     : Starting a blocking GC Explicit
08-06 17:30:26.429 31869 32173 I art     : Explicit concurrent mark sweep GC freed 881(44KB) AllocSpace objects, 0(0B) LOS objects, 35% free, 29MB/45MB, paused 888us total 88.834ms
08-06 17:30:26.461 31869 32173 I art     : Starting a blocking GC Explicit
08-06 17:30:26.520 31869 32173 I art     : Explicit concurrent mark sweep GC freed 2092(123KB) AllocSpace objects, 1(28KB) LOS objects, 35% free, 29MB/45MB, paused 728us total 57.673ms
08-06 17:30:26.567 31869 32173 I art     : Starting a blocking GC Explicit
08-06 17:30:26.629 31869 32173 I art     : Explicit concurrent mark sweep GC freed 3(96B) AllocSpace objects, 0(0B) LOS objects, 35% free, 29MB/45MB, paused 650us total 61.333ms
08-06 17:30:26.652 31869 32173 I art     : Starting a blocking GC Explicit
08-06 17:30:26.714 31869 32173 I art     : Explicit concurrent mark sweep GC freed 3(96B) AllocSpace objects, 0(0B) LOS objects, 35% free, 29MB/45MB, paused 805us total 61.095ms
08-06 17:30:27.108 31869 31881 I art     : Starting a blocking GC Explicit
08-06 17:30:27.166 31869 31881 I art     : Explicit concurrent mark sweep GC freed 1355(82KB) AllocSpace objects, 1(20KB) LOS objects, 35% free, 29MB/45MB, paused 807us total 57.167ms
08-06 17:30:27.191 31869 31881 I art     : Starting a blocking GC Explicit
08-06 17:30:27.248 31869 31881 I art     : Explicit concurrent mark sweep GC freed 20(704B) AllocSpace objects, 0(0B) LOS objects, 35% free, 29MB/45MB, paused 986us total 57.303ms
08-06 17:30:27.273 31869 31881 I art     : Starting a blocking GC Explicit
08-06 17:30:27.332 31869 31881 I art     : Explicit concurrent mark sweep GC freed 14(944B) AllocSpace objects, 0(0B) LOS objects, 35% free, 29MB/45MB, paused 1.032ms total 58.934ms
08-06 17:30:27.357 31869 31881 I art     : Starting a blocking GC Explicit
08-06 17:30:27.384   918  1209 D NetworkMonitor/NetworkAgentInfo [WIFI () - 159]: Checking http://connectivitycheck.gstatic.com/generate_204 on "H369AA63323", 192.168.2.12=192.168.2.12
08-06 17:30:27.412 31869 31881 I art     : Explicit concurrent mark sweep GC freed 11(256B) AllocSpace objects, 0(0B) LOS objects, 35% free, 29MB/45MB, paused 852us total 54.254ms
08-06 17:30:27.437 31869 31881 I art     : Starting a blocking GC Explicit
08-06 17:30:27.470   918  1209 D NetworkMonitor/NetworkAgentInfo [WIFI () - 159]: Probably not a portal: exception java.io.IOException: unexpected end of stream on Connection{connectivitycheck.gstatic.com:80, proxy=HTTP@/192.168.2.12:8080 hostAddress=192.168.2.12 cipherSuite=none protocol=http/1.1} (recycle count=0)
08-06 17:30:27.471   918  3263 D ConnectivityService: NetworkAgentInfo [WIFI () - 159] validation failed
08-06 17:30:27.472   918  3261 E WifiConfigStore:  rewrite network history for "H369AA63323"WPA_PSK
08-06 17:30:27.493 31869 31881 I art     : Explicit concurrent mark sweep GC freed 9(320B) AllocSpace objects, 0(0B) LOS objects, 35% free, 29MB/45MB, paused 662us total 56.161ms
08-06 17:30:27.723  1762  1762 D AndroidRuntime: >>>>>> START com.android.internal.os.RuntimeInit uid 2000 <<<<<<
08-06 17:30:27.730  1762  1762 D AndroidRuntime: CheckJNI is OFF
08-06 17:30:27.782  1762  1762 D ICU     : No timezone override file found: /data/misc/zoneinfo/current/icu/icu_tzdata.dat
08-06 17:30:27.829  1762  1762 I Radio-JNI: register_android_hardware_Radio DONE
08-06 17:30:27.862  1762  1762 D AndroidRuntime: Calling main entry com.android.commands.input.Input
08-06 17:30:27.864 31869 31882 I art     : Starting a blocking GC Explicit
08-06 17:30:27.865  1762  1762 I Input   : injectMotionEvent: MotionEvent { action=ACTION_DOWN, actionButton=0, id[0]=0, x[0]=600.0, y[0]=820.0, toolType[0]=TOOL_TYPE_UNKNOWN, buttonState=0, metaState=0, flags=0x0, edgeFlags=0x0, pointerCount=1, historySize=0, eventTime=898244277, downTime=898244277, deviceId=0, source=0x1002 }
08-06 17:30:27.870  1762  1762 I Input   : injectMotionEvent: MotionEvent { action=ACTION_UP, actionButton=0, id[0]=0, x[0]=600.0, y[0]=820.0, toolType[0]=TOOL_TYPE_UNKNOWN, buttonState=0, metaState=0, flags=0x0, edgeFlags=0x0, pointerCount=1, historySize=0, eventTime=898244277, downTime=898244277, deviceId=0, source=0x1002 }
08-06 17:30:27.872  1762  1762 D AndroidRuntime: Shutting down VM
08-06 17:30:27.892   512  2967 D audio_hw_primary: out_set_parameters: enter: usecase(1: low-latency-playback) kvpairs: routing=2
08-06 17:30:27.901   918  5481 I ActivityManager: START u0 {dat=https://oauth.reddit.com/... cmp=baseline.org.quantumbadger.redreader/.activities.CommentListingActivity} from uid 10705 on display 0
08-06 17:30:27.906   512  2967 D audio_hw_primary: select_devices: out_snd_device(2: speaker) in_snd_device(0: none)
08-06 17:30:27.906   512  2967 D msm8974_platform: platform_send_audio_calibration: sending audio calibration for snd_device(2) acdb_id(15)
08-06 17:30:27.906   512  2967 I soundtrigger: audio_extn_sound_trigger_update_device_status: device 0x2 of type 0 for Event 1
08-06 17:30:27.919   512  2967 D audio_hw_primary: enable_snd_device: snd_device(2: speaker)
08-06 17:30:27.922   512  2967 D audio_hw_primary: enable_audio_route: apply and update mixer path: low-latency-playback speaker
08-06 17:30:27.931 31869 31882 I art     : Explicit concurrent mark sweep GC freed 2089(110KB) AllocSpace objects, 1(20KB) LOS objects, 35% free, 29MB/45MB, paused 1.153ms total 67.404ms
08-06 17:30:27.940 31869 31869 I AppCompatViewInflater: app:theme is now deprecated. Please move to using android:theme instead.
08-06 17:30:27.956 31869 31882 I art     : Starting a blocking GC Explicit
08-06 17:30:27.969 31869  1795 D OK      : calling: https://oauth.reddit.com/comments/hi3oht/.json?sort=confidence
08-06 17:30:28.015 31869 31882 I art     : Explicit concurrent mark sweep GC freed 1406(87KB) AllocSpace objects, 0(0B) LOS objects, 35% free, 29MB/45MB, paused 998us total 58.658ms
08-06 17:30:28.038 31869 31882 I art     : Starting a blocking GC Explicit
08-06 17:30:28.090   918   936 I ActivityManager: Displayed baseline.org.quantumbadger.redreader/.activities.CommentListingActivity: +174ms
08-06 17:30:28.092 13866 13866 I GoogleInputMethodServic: GoogleInputMethodService.onFinishInput():3138 
08-06 17:30:28.095 31869 31882 I art     : Explicit concurrent mark sweep GC freed 926(37KB) AllocSpace objects, 0(0B) LOS objects, 35% free, 29MB/45MB, paused 1.242ms total 56.708ms
08-06 17:30:28.098 13866 13866 I GoogleInputMethodServic: GoogleInputMethodService.onStartInput():1808 
08-06 17:30:28.120 31869 31882 I art     : Starting a blocking GC Explicit
08-06 17:30:28.175 31869 31882 I art     : Explicit concurrent mark sweep GC freed 2108(86KB) AllocSpace objects, 0(0B) LOS objects, 35% free, 29MB/45MB, paused 943us total 53.867ms
08-06 17:30:28.201 31869 31882 I art     : Starting a blocking GC Explicit
08-06 17:30:28.278 31869 31882 I art     : Explicit concurrent mark sweep GC freed 109(4KB) AllocSpace objects, 0(0B) LOS objects, 35% free, 29MB/45MB, paused 1.378ms total 76.250ms
08-06 17:30:28.313 31869  1795 I NAPPA_EXPERIMENTATION: MetricNetworkRequestExecutionTime: REQUEST_DURATION_SYSTEM='342',REQUEST_DURATION_OKHTTP='145',REQUEST_SYNCHRONOUS='TRUE',RESPONSE_CODE='200',RESPONSE_METHOD='GET',RESPONSE_LENGTH_OKHTTP='-1',RESPONSE_LENGTH_HEADER='167875',REQUEST_PROTOCOL='h2',REQUEST_URL='https://oauth.reddit.com/comments/hi3oht/.json?sort=confidence',
08-06 17:30:28.313 31869  1795 D OK      : request got status: 200
08-06 17:30:28.332 31869 32465 I CommentListingActivity: COMMENTS session changed to 2107f0de-e3b1-4bb5-af6f-799704624e44
08-06 17:30:28.334   380   380 W SurfaceFlinger: couldn't log to binary event log: overflow.
08-06 17:30:28.463   512  2967 D audio_hw_primary: disable_audio_route: reset and update mixer path: low-latency-playback speaker
08-06 17:30:28.465   512  2967 D audio_hw_primary: disable_snd_device: snd_device(2: speaker)
08-06 17:30:28.474   512  2967 I soundtrigger: audio_extn_sound_trigger_update_device_status: device 0x2 of type 0 for Event 0
08-06 17:30:28.677 31869 31882 I art     : Starting a blocking GC Explicit
08-06 17:30:28.774 31869 31882 I art     : Explicit concurrent mark sweep GC freed 44037(2MB) AllocSpace objects, 5(104KB) LOS objects, 32% free, 33MB/49MB, paused 1.584ms total 97.002ms
08-06 17:30:28.804 31869 31882 I art     : Starting a blocking GC Explicit
08-06 17:30:28.900 31869 31882 I art     : Explicit concurrent mark sweep GC freed 12930(968KB) AllocSpace objects, 0(0B) LOS objects, 31% free, 34MB/50MB, paused 2.014ms total 96.162ms
08-06 17:30:28.933 31869 31882 I art     : Starting a blocking GC Explicit
08-06 17:30:29.044 31869 31882 I art     : Explicit concurrent mark sweep GC freed 3154(359KB) AllocSpace objects, 2(84KB) LOS objects, 31% free, 35MB/51MB, paused 972us total 110.635ms
08-06 17:30:29.082 31869 31882 I art     : Starting a blocking GC Explicit
08-06 17:30:29.179 31869 31882 I art     : Explicit concurrent mark sweep GC freed 36778(1724KB) AllocSpace objects, 3(100KB) LOS objects, 32% free, 33MB/49MB, paused 910us total 96.771ms
08-06 17:30:29.214 31869 31882 I art     : Starting a blocking GC Explicit
08-06 17:30:29.304 31869 31882 I art     : Explicit concurrent mark sweep GC freed 14(624B) AllocSpace objects, 0(0B) LOS objects, 32% free, 33MB/49MB, paused 1.144ms total 90.443ms
08-06 17:30:29.684 31869 32173 I art     : Starting a blocking GC Explicit
08-06 17:30:29.791 31869 32173 I art     : Explicit concurrent mark sweep GC freed 1356(82KB) AllocSpace objects, 1(20KB) LOS objects, 32% free, 33MB/49MB, paused 951us total 105.886ms
08-06 17:30:29.827 31869 32173 I art     : Starting a blocking GC Explicit
08-06 17:30:29.914 31869 32173 I art     : Explicit concurrent mark sweep GC freed 66(2528B) AllocSpace objects, 0(0B) LOS objects, 32% free, 33MB/49MB, paused 1.068ms total 86.179ms
08-06 17:30:29.950 31869 32173 I art     : Starting a blocking GC Explicit
08-06 17:30:30.039 31869 32173 I art     : Explicit concurrent mark sweep GC freed 3(96B) AllocSpace objects, 0(0B) LOS objects, 32% free, 33MB/49MB, paused 1.340ms total 88.145ms
08-06 17:30:30.074 31869 32173 I art     : Starting a blocking GC Explicit
08-06 17:30:30.163 31869 32173 I art     : Explicit concurrent mark sweep GC freed 3(96B) AllocSpace objects, 0(0B) LOS objects, 32% free, 33MB/49MB, paused 1.318ms total 88.054ms
08-06 17:30:30.196 31869 32173 I art     : Starting a blocking GC Explicit
08-06 17:30:30.285 31869 32173 I art     : Explicit concurrent mark sweep GC freed 3(96B) AllocSpace objects, 0(0B) LOS objects, 32% free, 33MB/49MB, paused 877us total 87.827ms
08-06 17:30:30.678 31869 31893 I art     : Starting a blocking GC Explicit
08-06 17:30:30.788 31869 31893 I art     : Explicit concurrent mark sweep GC freed 1356(82KB) AllocSpace objects, 1(20KB) LOS objects, 32% free, 33MB/49MB, paused 1.184ms total 109.300ms
08-06 17:30:30.825 31869 31893 I art     : Starting a blocking GC Explicit
08-06 17:30:30.921 31869 31893 I art     : Explicit concurrent mark sweep GC freed 20(704B) AllocSpace objects, 0(0B) LOS objects, 32% free, 33MB/49MB, paused 1.107ms total 94.832ms
08-06 17:30:30.957 31869 31893 I art     : Starting a blocking GC Explicit
08-06 17:30:31.045 31869 31893 I art     : Explicit concurrent mark sweep GC freed 3(96B) AllocSpace objects, 0(0B) LOS objects, 32% free, 33MB/49MB, paused 865us total 87.509ms
08-06 17:30:31.081 31869 31893 I art     : Starting a blocking GC Explicit
08-06 17:30:31.167 31869 31893 I art     : Explicit concurrent mark sweep GC freed 3(96B) AllocSpace objects, 0(0B) LOS objects, 32% free, 33MB/49MB, paused 743us total 85.609ms
08-06 17:30:31.203 31869 31893 I art     : Starting a blocking GC Explicit
08-06 17:30:31.289 31869 31893 I art     : Explicit concurrent mark sweep GC freed 3(96B) AllocSpace objects, 0(0B) LOS objects, 32% free, 33MB/49MB, paused 1.038ms total 85.157ms
08-06 17:30:31.697 31869 31881 I art     : Starting a blocking GC Explicit
08-06 17:30:31.802 31869 31881 I art     : Explicit concurrent mark sweep GC freed 1356(82KB) AllocSpace objects, 1(20KB) LOS objects, 32% free, 33MB/49MB, paused 1.007ms total 104.315ms
08-06 17:30:31.834 31869 31881 I art     : Starting a blocking GC Explicit
08-06 17:30:31.927 31869 31881 I art     : Explicit concurrent mark sweep GC freed 20(704B) AllocSpace objects, 0(0B) LOS objects, 32% free, 33MB/49MB, paused 1.052ms total 92.505ms
08-06 17:30:31.959 31869 31881 I art     : Starting a blocking GC Explicit
08-06 17:30:32.054 31869 31881 I art     : Explicit concurrent mark sweep GC freed 3(96B) AllocSpace objects, 0(0B) LOS objects, 32% free, 33MB/49MB, paused 851us total 94.365ms
08-06 17:30:32.091 31869 31881 I art     : Starting a blocking GC Explicit
08-06 17:30:32.174 31869 31881 I art     : Explicit concurrent mark sweep GC freed 5(160B) AllocSpace objects, 0(0B) LOS objects, 32% free, 33MB/49MB, paused 858us total 82.085ms
08-06 17:30:32.205 31869 31881 I art     : Starting a blocking GC Explicit
08-06 17:30:32.288 31869 31881 I art     : Explicit concurrent mark sweep GC freed 11(528B) AllocSpace objects, 0(0B) LOS objects, 32% free, 33MB/49MB, paused 944us total 82.586ms
08-06 17:30:32.353 19219 19372 E GoogleConversionReporter: Error sending ping
08-06 17:30:32.353 19219 19372 E GoogleConversionReporter: bljc: Exception in CronetUrlRequest: net::ERR_CONNECTION_CLOSED, ErrorCode=5, InternalErrorCode=-100, Retryable=true
08-06 17:30:32.353 19219 19372 E GoogleConversionReporter: 	at org.chromium.net.impl.CronetUrlRequest.onError(PG:55)
08-06 17:30:32.652 31869 31893 I art     : Starting a blocking GC Explicit
08-06 17:30:32.743 31869 31893 I art     : Explicit concurrent mark sweep GC freed 1397(84KB) AllocSpace objects, 1(20KB) LOS objects, 32% free, 33MB/49MB, paused 848us total 91.091ms
08-06 17:30:32.747   918  1210 D NetlinkSocketObserver: NeighborEvent{elapsedMs=1881636621, 192.168.2.254, [7C3953A63323], RTM_NEWNEIGH, NUD_STALE}
08-06 17:30:32.768  1840  1840 D AndroidRuntime: >>>>>> START com.android.internal.os.RuntimeInit uid 2000 <<<<<<
08-06 17:30:32.774  1840  1840 D AndroidRuntime: CheckJNI is OFF
08-06 17:30:32.775 31869 31893 I art     : Starting a blocking GC Explicit
08-06 17:30:32.827  1840  1840 D ICU     : No timezone override file found: /data/misc/zoneinfo/current/icu/icu_tzdata.dat
08-06 17:30:32.855 31869 31893 I art     : Explicit concurrent mark sweep GC freed 26(928B) AllocSpace objects, 0(0B) LOS objects, 32% free, 33MB/49MB, paused 956us total 79.476ms
08-06 17:30:32.872  1840  1840 I Radio-JNI: register_android_hardware_Radio DONE
08-06 17:30:32.885 31869 31893 I art     : Starting a blocking GC Explicit
08-06 17:30:32.904  1840  1840 D AndroidRuntime: Calling main entry com.android.commands.input.Input
08-06 17:30:32.906  1840  1840 I Input   : injectKeyEvent: KeyEvent { action=ACTION_DOWN, keyCode=KEYCODE_BACK, scanCode=0, metaState=0, flags=0x0, repeatCount=0, eventTime=898249319, downTime=898249319, deviceId=-1, source=0x101 }
08-06 17:30:32.913  1840  1840 I Input   : injectKeyEvent: KeyEvent { action=ACTION_UP, keyCode=KEYCODE_BACK, scanCode=0, metaState=0, flags=0x0, repeatCount=0, eventTime=898249319, downTime=898249319, deviceId=-1, source=0x101 }
08-06 17:30:32.918 31869  1794 I RedditChangeDataIO: Writing tmp data file at '/data/user/0/baseline.org.quantumbadger.redreader/files/rr_change_data_tmp.dat'
08-06 17:30:32.921  1840  1840 D AndroidRuntime: Shutting down VM
08-06 17:30:32.939 31869  1794 I RedditChangeDataManager: Taking snapshot...
08-06 17:30:32.939 31869  1794 I RedditChangeDataManager: Writing to stream...
08-06 17:30:32.939 31869  1794 I RedditChangeDataManager: Wrote 5 entries for user ''
08-06 17:30:32.939 31869  1794 I RedditChangeDataManager: All entries written to stream.
08-06 17:30:32.940 31869  1794 I RedditChangeDataIO: Write successful. Atomically replacing data file...
08-06 17:30:32.940 31869  1794 I RedditChangeDataIO: Write complete.
08-06 17:30:32.940 31869  1794 I RedditChangeDataIO: 134 bytes written in 23 ms
08-06 17:30:32.968 13866 13866 I GoogleInputMethodServic: GoogleInputMethodService.onFinishInput():3138 
08-06 17:30:32.969 13866 13866 I GoogleInputMethodServic: GoogleInputMethodService.onStartInput():1808 
08-06 17:30:32.972 31869 31893 I art     : Explicit concurrent mark sweep GC freed 216(9KB) AllocSpace objects, 1(68KB) LOS objects, 32% free, 33MB/49MB, paused 1.208ms total 86.289ms
08-06 17:30:33.002 31869 31893 I art     : Starting a blocking GC Explicit
08-06 17:30:33.075 31869 31893 I art     : Explicit concurrent mark sweep GC freed 135(4KB) AllocSpace objects, 0(0B) LOS objects, 32% free, 33MB/49MB, paused 753us total 72.647ms
08-06 17:30:33.111 31869 31893 I art     : Starting a blocking GC Explicit
08-06 17:30:33.214 31869 31893 I art     : Explicit concurrent mark sweep GC freed 9(336B) AllocSpace objects, 0(0B) LOS objects, 32% free, 33MB/49MB, paused 1.337ms total 102.796ms
08-06 17:30:33.304   380   380 W SurfaceFlinger: couldn't log to binary event log: overflow.
08-06 17:30:33.597 31869 31882 I art     : Starting a blocking GC Explicit
08-06 17:30:33.706 31869 31882 I art     : Explicit concurrent mark sweep GC freed 1419(85KB) AllocSpace objects, 1(20KB) LOS objects, 32% free, 33MB/49MB, paused 918us total 108.670ms
08-06 17:30:33.742 31869 31882 I art     : Starting a blocking GC Explicit
08-06 17:30:33.818 31869 31882 I art     : Explicit concurrent mark sweep GC freed 76508(4MB) AllocSpace objects, 5(140KB) LOS objects, 35% free, 29MB/45MB, paused 1.017ms total 74.733ms
08-06 17:30:33.843 31869 31882 I art     : Starting a blocking GC Explicit
08-06 17:30:33.903 31869 31882 I art     : Explicit concurrent mark sweep GC freed 3(96B) AllocSpace objects, 0(0B) LOS objects, 35% free, 29MB/45MB, paused 956us total 59.448ms
08-06 17:30:33.931 31869 31882 I art     : Starting a blocking GC Explicit
08-06 17:30:33.989 31869 31882 I art     : Explicit concurrent mark sweep GC freed 32(1568B) AllocSpace objects, 0(0B) LOS objects, 35% free, 29MB/45MB, paused 761us total 58.368ms
08-06 17:30:34.015 31869 31882 I art     : Starting a blocking GC Explicit
08-06 17:30:34.074 31869 31882 I art     : Explicit concurrent mark sweep GC freed 208(34KB) AllocSpace objects, 0(0B) LOS objects, 35% free, 29MB/45MB, paused 682us total 58.763ms
08-06 17:30:34.424 31869 32173 I art     : Starting a blocking GC Explicit
08-06 17:30:34.490 31869 32173 I art     : Explicit concurrent mark sweep GC freed 1426(85KB) AllocSpace objects, 1(20KB) LOS objects, 35% free, 29MB/45MB, paused 826us total 65.894ms
08-06 17:30:34.514 31869 32173 I art     : Starting a blocking GC Explicit
08-06 17:30:34.571 31869 32173 I art     : Explicit concurrent mark sweep GC freed 20(704B) AllocSpace objects, 0(0B) LOS objects, 35% free, 29MB/45MB, paused 795us total 56.506ms
08-06 17:30:34.597 31869 32173 I art     : Starting a blocking GC Explicit
08-06 17:30:34.653 31869 32173 I art     : Explicit concurrent mark sweep GC freed 3(96B) AllocSpace objects, 0(0B) LOS objects, 35% free, 29MB/45MB, paused 756us total 55.906ms
08-06 17:30:34.682 31869 32173 I art     : Starting a blocking GC Explicit
08-06 17:30:34.735 31869 32173 I art     : Explicit concurrent mark sweep GC freed 5(160B) AllocSpace objects, 0(0B) LOS objects, 35% free, 29MB/45MB, paused 729us total 52.822ms
08-06 17:30:34.757 31869 32173 I art     : Starting a blocking GC Explicit
08-06 17:30:34.813 31869 32173 I art     : Explicit concurrent mark sweep GC freed 3(96B) AllocSpace objects, 0(0B) LOS objects, 35% free, 29MB/45MB, paused 964us total 56.005ms
08-06 17:30:34.816  1873  1873 D AndroidRuntime: >>>>>> START com.android.internal.os.RuntimeInit uid 2000 <<<<<<
08-06 17:30:34.822  1873  1873 D AndroidRuntime: CheckJNI is OFF
08-06 17:30:34.870  1873  1873 D ICU     : No timezone override file found: /data/misc/zoneinfo/current/icu/icu_tzdata.dat
08-06 17:30:34.915  1873  1873 I Radio-JNI: register_android_hardware_Radio DONE
08-06 17:30:34.952  1873  1873 D AndroidRuntime: Calling main entry com.android.commands.input.Input
08-06 17:30:34.957  1873  1873 I Input   : injectMotionEvent: MotionEvent { action=ACTION_DOWN, actionButton=0, id[0]=0, x[0]=600.0, y[0]=580.0, toolType[0]=TOOL_TYPE_UNKNOWN, buttonState=0, metaState=0, flags=0x0, edgeFlags=0x0, pointerCount=1, historySize=0, eventTime=898251369, downTime=898251369, deviceId=0, source=0x1002 }
08-06 17:30:34.965  1873  1873 I Input   : injectMotionEvent: MotionEvent { action=ACTION_UP, actionButton=0, id[0]=0, x[0]=600.0, y[0]=580.0, toolType[0]=TOOL_TYPE_UNKNOWN, buttonState=0, metaState=0, flags=0x0, edgeFlags=0x0, pointerCount=1, historySize=0, eventTime=898251369, downTime=898251369, deviceId=0, source=0x1002 }
08-06 17:30:34.968  1873  1873 D AndroidRuntime: Shutting down VM
08-06 17:30:34.981   918  6111 I ActivityManager: START u0 {cmp=baseline.org.quantumbadger.redreader/.activities.WebViewActivity (has extras)} from uid 10705 on display 0
08-06 17:30:34.981   512  2967 D audio_hw_primary: out_set_parameters: enter: usecase(1: low-latency-playback) kvpairs: routing=2
08-06 17:30:34.994   512  2967 D audio_hw_primary: select_devices: out_snd_device(2: speaker) in_snd_device(0: none)
08-06 17:30:34.994   512  2967 D msm8974_platform: platform_send_audio_calibration: sending audio calibration for snd_device(2) acdb_id(15)
08-06 17:30:34.995   512  2967 I soundtrigger: audio_extn_sound_trigger_update_device_status: device 0x2 of type 0 for Event 1
08-06 17:30:35.008   512  2967 D audio_hw_primary: enable_snd_device: snd_device(2: speaker)
08-06 17:30:35.011   512  2967 D audio_hw_primary: enable_audio_route: apply and update mixer path: low-latency-playback speaker
08-06 17:30:35.019 31869 31869 I AppCompatViewInflater: app:theme is now deprecated. Please move to using android:theme instead.
08-06 17:30:35.049   918  4413 D ConnectivityService: listenForNetwork for Listen from uid/pid:10705/31869 for NetworkRequest [ id=4119, legacyType=-1, [ Capabilities: INTERNET&NOT_RESTRICTED&TRUSTED] ]
08-06 17:30:35.184 31869 32173 I art     : Starting a blocking GC Explicit
08-06 17:30:35.198 13866 13866 I GoogleInputMethodServic: GoogleInputMethodService.onFinishInput():3138 
08-06 17:30:35.198   918   936 I ActivityManager: Displayed baseline.org.quantumbadger.redreader/.activities.WebViewActivity: +202ms
08-06 17:30:35.203 13866 13866 I GoogleInputMethodServic: GoogleInputMethodService.onStartInput():1808 
08-06 17:30:35.256 31869 32173 I art     : Explicit concurrent mark sweep GC freed 5909(312KB) AllocSpace objects, 1(20KB) LOS objects, 35% free, 29MB/45MB, paused 1.330ms total 70.960ms
08-06 17:30:35.282 31869 32173 I art     : Starting a blocking GC Explicit
08-06 17:30:35.333 31869 32173 I art     : Explicit concurrent mark sweep GC freed 550(30KB) AllocSpace objects, 0(0B) LOS objects, 35% free, 29MB/45MB, paused 661us total 50.660ms
08-06 17:30:35.357 31869 32173 I art     : Starting a blocking GC Explicit
08-06 17:30:35.412 31869 32173 I art     : Explicit concurrent mark sweep GC freed 12(480B) AllocSpace objects, 0(0B) LOS objects, 35% free, 29MB/45MB, paused 763us total 55.279ms
08-06 17:30:35.440   380   380 W SurfaceFlinger: couldn't log to binary event log: overflow.
08-06 17:30:35.463 31869 32173 I art     : Starting a blocking GC Explicit
08-06 17:30:35.477   918  1209 D NetworkMonitor/NetworkAgentInfo [WIFI () - 159]: Checking http://connectivitycheck.gstatic.com/generate_204 on "H369AA63323", 192.168.2.12=192.168.2.12
08-06 17:30:35.508   918  1209 D NetworkMonitor/NetworkAgentInfo [WIFI () - 159]: Probably not a portal: exception java.io.IOException: unexpected end of stream on Connection{connectivitycheck.gstatic.com:80, proxy=HTTP@/192.168.2.12:8080 hostAddress=192.168.2.12 cipherSuite=none protocol=http/1.1} (recycle count=0)
08-06 17:30:35.509   918  3263 D ConnectivityService: NetworkAgentInfo [WIFI () - 159] validation failed
08-06 17:30:35.510   918  3261 E WifiConfigStore:  rewrite network history for "H369AA63323"WPA_PSK
08-06 17:30:35.550   512  2967 D audio_hw_primary: disable_audio_route: reset and update mixer path: low-latency-playback speaker
08-06 17:30:35.551   512  2967 D audio_hw_primary: disable_snd_device: snd_device(2: speaker)
08-06 17:30:35.562   512  2967 I soundtrigger: audio_extn_sound_trigger_update_device_status: device 0x2 of type 0 for Event 0
08-06 17:30:35.577 31869 32173 I art     : Explicit concurrent mark sweep GC freed 742(41KB) AllocSpace objects, 0(0B) LOS objects, 35% free, 29MB/45MB, paused 785us total 95.299ms
08-06 17:30:35.607 31869 32173 I art     : Starting a blocking GC Explicit
08-06 17:30:35.670 31869 32173 I art     : Explicit concurrent mark sweep GC freed 185(10KB) AllocSpace objects, 0(0B) LOS objects, 35% free, 29MB/45MB, paused 1.535ms total 63.017ms
08-06 17:30:36.204 31869 31882 I art     : Starting a blocking GC Explicit
08-06 17:30:36.283 31869 31882 I art     : Explicit concurrent mark sweep GC freed 1436(85KB) AllocSpace objects, 1(20KB) LOS objects, 35% free, 29MB/45MB, paused 1.145ms total 78.732ms
08-06 17:30:36.312 31869 31882 I art     : Starting a blocking GC Explicit
08-06 17:30:36.383 31869 31882 I art     : Explicit concurrent mark sweep GC freed 34(1136B) AllocSpace objects, 0(0B) LOS objects, 35% free, 29MB/45MB, paused 1.047ms total 71.029ms
08-06 17:30:36.416 31869 31882 I art     : Starting a blocking GC Explicit
08-06 17:30:36.479 31869 31882 I art     : Explicit concurrent mark sweep GC freed 12(384B) AllocSpace objects, 0(0B) LOS objects, 35% free, 29MB/45MB, paused 1.035ms total 63.090ms
08-06 17:30:36.506 31869 31882 I art     : Starting a blocking GC Explicit
08-06 17:30:36.568 31869 31882 I art     : Explicit concurrent mark sweep GC freed 15(480B) AllocSpace objects, 0(0B) LOS objects, 35% free, 29MB/45MB, paused 848us total 61.483ms
08-06 17:30:36.598 31869 31882 I art     : Starting a blocking GC Explicit
08-06 17:30:36.673 31869 31882 I art     : Explicit concurrent mark sweep GC freed 16(512B) AllocSpace objects, 0(0B) LOS objects, 35% free, 29MB/45MB, paused 800us total 74.403ms
08-06 17:30:37.111 31869 31881 I art     : Starting a blocking GC Explicit
08-06 17:30:37.170 31869 31881 I art     : Explicit concurrent mark sweep GC freed 1423(84KB) AllocSpace objects, 1(20KB) LOS objects, 35% free, 29MB/45MB, paused 916us total 58.491ms
08-06 17:30:37.194 31869 31881 I art     : Starting a blocking GC Explicit
08-06 17:30:37.250 31869 31881 I art     : Explicit concurrent mark sweep GC freed 20(704B) AllocSpace objects, 0(0B) LOS objects, 35% free, 29MB/45MB, paused 1.112ms total 55.561ms
08-06 17:30:37.274 31869 31881 I art     : Starting a blocking GC Explicit
08-06 17:30:37.331 31869 31881 I art     : Explicit concurrent mark sweep GC freed 3(96B) AllocSpace objects, 0(0B) LOS objects, 35% free, 29MB/45MB, paused 845us total 56.644ms
08-06 17:30:37.355 31869 31881 I art     : Starting a blocking GC Explicit
08-06 17:30:37.412 31869 31881 I art     : Explicit concurrent mark sweep GC freed 3(96B) AllocSpace objects, 0(0B) LOS objects, 35% free, 29MB/45MB, paused 883us total 56.944ms
08-06 17:30:37.436 31869 31881 I art     : Starting a blocking GC Explicit
08-06 17:30:37.493 31869 31881 I art     : Explicit concurrent mark sweep GC freed 3(96B) AllocSpace objects, 0(0B) LOS objects, 35% free, 29MB/45MB, paused 925us total 56.822ms
08-06 17:30:37.588 31869 31869 I chromium: [INFO:CONSOLE(1)] "
08-06 17:30:37.588 31869 31869 I chromium:                   ,d"=,.,qOp,
08-06 17:30:37.588 31869 31869 I chromium:                  ,7'  ''$(  )
08-06 17:30:37.588 31869 31869 I chromium:                 ,7'      '?q$7'
08-06 17:30:37.588 31869 31869 I chromium:              ..,$$,.
08-06 17:30:37.588 31869 31869 I chromium:    ,.  .,,--***""***--,,.  .,
08-06 17:30:37.588 31869 31869 I chromium:     ,p''              ''q,   
08-06 17:30:37.588 31869 31869 I chromium: :  ,7'                      '7,  :
08-06 17:30:37.588 31869 31869 I chromium:  ' $      ,db,      ,db,      $ '
08-06 17:30:37.588 31869 31869 I chromium:   '$      $$      $$      $'    Using Reddit at work? Work for Reddit.
08-06 17:30:37.588 31869 31869 I chromium:   '$                          $'        https://www.reddit.com/jobs
08-06 17:30:37.588 31869 31869 I chromium:    '$.     .,        ,.     .$'
08-06 17:30:37.588 31869 31869 I chromium:     'b,     ''     ,d'
08-06 17:30:37.588 31869 31869 I chromium:      '?bn,,          ,,nd?'
08-06 17:30:37.588 31869 31869 I chromium:        ,7$ '''' $7,
08-06 17:30:37.588 31869 31869 I chromium:      , $              $ ,
08-06 17:30:37.588 31869 31869 I chromium:      $  :$              $:  $
08-06 17:30:37.588 31869 31869 I chromium:      $   $              $   $
08-06 17:30:37.588 31869 31869 I chromium:      'b  q:            :p  d'
08-06 17:30:37.588 31869 31869 I chromium:       '?$.          .$?'
08-06 17:30:37.588 31869 31869 I chromium:          'b            d'
08-06 17:30:37.588 31869 31869 I chromium:        ,'?,.      .,?',
08-06 17:30:37.588 31869 31869 I chromium:       ==--==--==--==
08-06 17:30:37.588 31869 31869 I chromium: ", source: https://www.redditstatic.com/desktop2x/Chat~Governance~Reddit.2ea93b134a9b2e5b1d9a.js (1)
08-06 17:30:37.876 31869 32173 I art     : Starting a blocking GC Explicit
08-06 17:30:37.937 31869 32173 I art     : Explicit concurrent mark sweep GC freed 1358(84KB) AllocSpace objects, 1(20KB) LOS objects, 35% free, 29MB/45MB, paused 907us total 60.028ms
08-06 17:30:37.961 31869 32173 I art     : Starting a blocking GC Explicit
08-06 17:30:38.018 31869 32173 I art     : Explicit concurrent mark sweep GC freed 20(704B) AllocSpace objects, 0(0B) LOS objects, 35% free, 29MB/45MB, paused 1.093ms total 56.687ms
08-06 17:30:38.043 31869 32173 I art     : Starting a blocking GC Explicit
08-06 17:30:38.100 31869 32173 I art     : Explicit concurrent mark sweep GC freed 3(96B) AllocSpace objects, 0(0B) LOS objects, 35% free, 29MB/45MB, paused 852us total 56.585ms
08-06 17:30:38.124 31869 32173 I art     : Starting a blocking GC Explicit
08-06 17:30:38.181 31869 32173 I art     : Explicit concurrent mark sweep GC freed 3(96B) AllocSpace objects, 0(0B) LOS objects, 35% free, 29MB/45MB, paused 812us total 56.990ms
08-06 17:30:38.206 31869 32173 I art     : Starting a blocking GC Explicit
08-06 17:30:38.261 31869 32173 I art     : Explicit concurrent mark sweep GC freed 12(464B) AllocSpace objects, 0(0B) LOS objects, 35% free, 29MB/45MB, paused 911us total 55.546ms
08-06 17:30:38.639 31869 31893 I art     : Starting a blocking GC Explicit
08-06 17:30:38.698 31869 31893 I art     : Explicit concurrent mark sweep GC freed 1357(82KB) AllocSpace objects, 1(20KB) LOS objects, 35% free, 29MB/45MB, paused 1.014ms total 58.922ms
08-06 17:30:38.722 31869 31893 I art     : Starting a blocking GC Explicit
08-06 17:30:38.777 31869 31893 I art     : Explicit concurrent mark sweep GC freed 20(704B) AllocSpace objects, 0(0B) LOS objects, 35% free, 29MB/45MB, paused 923us total 55.305ms
08-06 17:30:38.801 31869 31893 I art     : Starting a blocking GC Explicit
08-06 17:30:38.857 31869 31893 I art     : Explicit concurrent mark sweep GC freed 3(96B) AllocSpace objects, 0(0B) LOS objects, 35% free, 29MB/45MB, paused 883us total 55.995ms
08-06 17:30:38.882 31869 31893 I art     : Starting a blocking GC Explicit
08-06 17:30:38.939 31869 31893 I art     : Explicit concurrent mark sweep GC freed 3(96B) AllocSpace objects, 0(0B) LOS objects, 35% free, 29MB/45MB, paused 924us total 56.100ms
08-06 17:30:38.963 31869 31893 I art     : Starting a blocking GC Explicit
08-06 17:30:39.019 31869 31893 I art     : Explicit concurrent mark sweep GC freed 3(96B) AllocSpace objects, 0(0B) LOS objects, 35% free, 29MB/45MB, paused 1.483ms total 56.189ms
08-06 17:30:39.420 31869 31881 I art     : Starting a blocking GC Explicit
08-06 17:30:39.484 31869 31881 I art     : Explicit concurrent mark sweep GC freed 1579(97KB) AllocSpace objects, 1(20KB) LOS objects, 35% free, 29MB/45MB, paused 791us total 63.877ms
08-06 17:30:39.508 31869 31881 I art     : Starting a blocking GC Explicit
08-06 17:30:39.569 31869 31881 I art     : Explicit concurrent mark sweep GC freed 20(704B) AllocSpace objects, 0(0B) LOS objects, 35% free, 29MB/45MB, paused 876us total 60.646ms
08-06 17:30:39.593 31869 31881 I art     : Starting a blocking GC Explicit
08-06 17:30:39.649 31869 31881 I art     : Explicit concurrent mark sweep GC freed 3(96B) AllocSpace objects, 0(0B) LOS objects, 35% free, 29MB/45MB, paused 888us total 55.722ms
08-06 17:30:39.681 31869 31881 I art     : Starting a blocking GC Explicit
08-06 17:30:39.738 31869 31881 I art     : Explicit concurrent mark sweep GC freed 3(96B) AllocSpace objects, 0(0B) LOS objects, 35% free, 29MB/45MB, paused 862us total 56.410ms
08-06 17:30:39.767 31869 31881 I art     : Starting a blocking GC Explicit
08-06 17:30:39.823 31869 31881 I art     : Explicit concurrent mark sweep GC freed 3(96B) AllocSpace objects, 0(0B) LOS objects, 35% free, 29MB/45MB, paused 882us total 56.222ms
08-06 17:30:39.881  1962  1962 D AndroidRuntime: >>>>>> START com.android.internal.os.RuntimeInit uid 2000 <<<<<<
08-06 17:30:39.887  1962  1962 D AndroidRuntime: CheckJNI is OFF
08-06 17:30:39.938  1962  1962 D ICU     : No timezone override file found: /data/misc/zoneinfo/current/icu/icu_tzdata.dat
08-06 17:30:39.991  1962  1962 I Radio-JNI: register_android_hardware_Radio DONE
08-06 17:30:40.017 31869  1907 I RedditChangeDataIO: Writing tmp data file at '/data/user/0/baseline.org.quantumbadger.redreader/files/rr_change_data_tmp.dat'
08-06 17:30:40.018 31869  1907 I RedditChangeDataManager: Taking snapshot...
08-06 17:30:40.018 31869  1907 I RedditChangeDataManager: Writing to stream...
08-06 17:30:40.019 31869  1907 I RedditChangeDataManager: Wrote 5 entries for user ''
08-06 17:30:40.019 31869  1907 I RedditChangeDataManager: All entries written to stream.
08-06 17:30:40.019 31869  1907 I RedditChangeDataIO: Write successful. Atomically replacing data file...
08-06 17:30:40.019 31869  1907 I RedditChangeDataIO: Write complete.
08-06 17:30:40.019 31869  1907 I RedditChangeDataIO: 134 bytes written in 2 ms
08-06 17:30:40.024  1962  1962 D AndroidRuntime: Calling main entry com.android.commands.input.Input
08-06 17:30:40.027  1962  1962 I Input   : injectKeyEvent: KeyEvent { action=ACTION_DOWN, keyCode=KEYCODE_BACK, scanCode=0, metaState=0, flags=0x0, repeatCount=0, eventTime=898256439, downTime=898256439, deviceId=-1, source=0x101 }
08-06 17:30:40.036  1962  1962 I Input   : injectKeyEvent: KeyEvent { action=ACTION_UP, keyCode=KEYCODE_BACK, scanCode=0, metaState=0, flags=0x0, repeatCount=0, eventTime=898256439, downTime=898256439, deviceId=-1, source=0x101 }
08-06 17:30:40.057  1962  1962 D AndroidRuntime: Shutting down VM
08-06 17:30:40.102 13866 13866 I GoogleInputMethodServic: GoogleInputMethodService.onFinishInput():3138 
08-06 17:30:40.103 13866 13866 I GoogleInputMethodServic: GoogleInputMethodService.onStartInput():1808 
08-06 17:30:40.255 31869 32651 I art     : Starting a blocking GC Explicit
08-06 17:30:40.336 31869 32651 I art     : Explicit concurrent mark sweep GC freed 1753(99KB) AllocSpace objects, 2(88KB) LOS objects, 35% free, 29MB/45MB, paused 1.885ms total 80.159ms
08-06 17:30:40.368 31869 32651 I art     : Starting a blocking GC Explicit
08-06 17:30:40.426   380   380 W SurfaceFlinger: couldn't log to binary event log: overflow.
08-06 17:30:40.438 31869 32651 I art     : Explicit concurrent mark sweep GC freed 76(2752B) AllocSpace objects, 0(0B) LOS objects, 35% free, 29MB/45MB, paused 1.136ms total 69.230ms
08-06 17:30:40.465 31869 32651 I art     : Starting a blocking GC Explicit
08-06 17:30:40.486   918  3263 D ConnectivityService: releasing NetworkRequest NetworkRequest [ id=4119, legacyType=-1, [ Capabilities: INTERNET&NOT_RESTRICTED&TRUSTED] ]
08-06 17:30:40.537 31869 32651 I art     : Explicit concurrent mark sweep GC freed 865(41KB) AllocSpace objects, 0(0B) LOS objects, 35% free, 29MB/45MB, paused 810us total 71.223ms
08-06 17:30:40.564 31869 32651 I art     : Starting a blocking GC Explicit
08-06 17:30:40.644 31869 32651 I art     : Explicit concurrent mark sweep GC freed 174(8KB) AllocSpace objects, 0(0B) LOS objects, 35% free, 29MB/45MB, paused 747us total 80.266ms
08-06 17:30:40.673 31869 32651 I art     : Starting a blocking GC Explicit
08-06 17:30:40.727 31869 32651 I art     : Explicit concurrent mark sweep GC freed 1955(116KB) AllocSpace objects, 1(28KB) LOS objects, 35% free, 29MB/45MB, paused 681us total 53.060ms
08-06 17:30:41.080   918  3188 I hubconnection: sensorhub said: 'set_bias 3: -5.2800, 0.0000, 0.0000'
08-06 17:30:41.106 31869 31882 I art     : Starting a blocking GC Explicit
08-06 17:30:41.182 31869 31882 I art     : Explicit concurrent mark sweep GC freed 1355(82KB) AllocSpace objects, 1(20KB) LOS objects, 35% free, 29MB/45MB, paused 976us total 75.151ms
08-06 17:30:41.211 31869 31882 I art     : Starting a blocking GC Explicit
08-06 17:30:41.271 31869 31882 I art     : Explicit concurrent mark sweep GC freed 20(704B) AllocSpace objects, 0(0B) LOS objects, 35% free, 29MB/45MB, paused 912us total 59.550ms
08-06 17:30:41.296 31869 31882 I art     : Starting a blocking GC Explicit
08-06 17:30:41.353 31869 31882 I art     : Explicit concurrent mark sweep GC freed 3(96B) AllocSpace objects, 0(0B) LOS objects, 35% free, 29MB/45MB, paused 808us total 56.470ms
08-06 17:30:41.378 31869 31882 I art     : Starting a blocking GC Explicit
08-06 17:30:41.434 31869 31882 I art     : Explicit concurrent mark sweep GC freed 3(96B) AllocSpace objects, 0(0B) LOS objects, 35% free, 29MB/45MB, paused 775us total 55.706ms
08-06 17:30:41.459 31869 31882 I art     : Starting a blocking GC Explicit
08-06 17:30:41.517 31869 31882 I art     : Explicit concurrent mark sweep GC freed 3(96B) AllocSpace objects, 0(0B) LOS objects, 35% free, 29MB/45MB, paused 747us total 58.016ms
08-06 17:30:41.898 31869 32173 I art     : Starting a blocking GC Explicit
08-06 17:30:41.963 31869 32173 I art     : Explicit concurrent mark sweep GC freed 1356(82KB) AllocSpace objects, 1(20KB) LOS objects, 35% free, 29MB/45MB, paused 834us total 63.755ms
08-06 17:30:41.965  2001  2001 D AndroidRuntime: >>>>>> START com.android.internal.os.RuntimeInit uid 2000 <<<<<<
08-06 17:30:41.971  2001  2001 D AndroidRuntime: CheckJNI is OFF
08-06 17:30:41.987 31869 32173 I art     : Starting a blocking GC Explicit
08-06 17:30:42.023  2001  2001 D ICU     : No timezone override file found: /data/misc/zoneinfo/current/icu/icu_tzdata.dat
08-06 17:30:42.043 31869 32173 I art     : Explicit concurrent mark sweep GC freed 20(704B) AllocSpace objects, 0(0B) LOS objects, 35% free, 29MB/45MB, paused 949us total 55.586ms
08-06 17:30:42.069 31869 32173 I art     : Starting a blocking GC Explicit
08-06 17:30:42.070  2001  2001 I Radio-JNI: register_android_hardware_Radio DONE
08-06 17:30:42.102  2001  2001 D AndroidRuntime: Calling main entry com.android.commands.input.Input
08-06 17:30:42.104  2001  2001 I Input   : injectKeyEvent: KeyEvent { action=ACTION_DOWN, keyCode=KEYCODE_BACK, scanCode=0, metaState=0, flags=0x0, repeatCount=0, eventTime=898258516, downTime=898258516, deviceId=-1, source=0x101 }
08-06 17:30:42.117  2001  2001 I Input   : injectKeyEvent: KeyEvent { action=ACTION_UP, keyCode=KEYCODE_BACK, scanCode=0, metaState=0, flags=0x0, repeatCount=0, eventTime=898258516, downTime=898258516, deviceId=-1, source=0x101 }
08-06 17:30:42.126 31869 32173 I art     : Explicit concurrent mark sweep GC freed 4(176B) AllocSpace objects, 0(0B) LOS objects, 35% free, 29MB/45MB, paused 934us total 56.545ms
08-06 17:30:42.132  2001  2001 D AndroidRuntime: Shutting down VM
08-06 17:30:42.151 31869 32173 I art     : Starting a blocking GC Explicit
08-06 17:30:42.180 13866 13866 I GoogleInputMethodServic: GoogleInputMethodService.onFinishInput():3138 
08-06 17:30:42.181 13866 13866 I GoogleInputMethodServic: GoogleInputMethodService.onStartInput():1808 
08-06 17:30:42.214 31869 32173 I art     : Explicit concurrent mark sweep GC freed 119(4KB) AllocSpace objects, 0(0B) LOS objects, 35% free, 29MB/45MB, paused 1.052ms total 62.150ms
08-06 17:30:42.215 31869 31879 I art     : WaitForGcToComplete blocked for 44.649ms for cause HeapTrim
08-06 17:30:42.240 31869 32173 I art     : Starting a blocking GC Explicit
08-06 17:30:42.291 31869 32173 I art     : Explicit concurrent mark sweep GC freed 70(2320B) AllocSpace objects, 0(0B) LOS objects, 35% free, 29MB/45MB, paused 780us total 50.889ms
08-06 17:30:42.652 31869 32173 I art     : Starting a blocking GC Explicit
08-06 17:30:42.725 31869 32173 I art     : Explicit concurrent mark sweep GC freed 1414(84KB) AllocSpace objects, 1(20KB) LOS objects, 35% free, 29MB/45MB, paused 929us total 72.601ms
08-06 17:30:42.751 31869 32173 I art     : Starting a blocking GC Explicit
08-06 17:30:42.811 31869 32173 I art     : Explicit concurrent mark sweep GC freed 150(7KB) AllocSpace objects, 0(0B) LOS objects, 35% free, 29MB/45MB, paused 825us total 59.554ms
08-06 17:30:42.837 31869 32173 I art     : Starting a blocking GC Explicit
08-06 17:30:42.902 31869 32173 I art     : Explicit concurrent mark sweep GC freed 3(96B) AllocSpace objects, 0(0B) LOS objects, 35% free, 29MB/45MB, paused 1.248ms total 64.457ms
08-06 17:30:42.932 31869 32173 I art     : Starting a blocking GC Explicit
08-06 17:30:42.991 31869 32173 I art     : Explicit concurrent mark sweep GC freed 3(96B) AllocSpace objects, 0(0B) LOS objects, 35% free, 29MB/45MB, paused 784us total 58.751ms
08-06 17:30:43.016 31869 32173 I art     : Starting a blocking GC Explicit
08-06 17:30:43.080 31869 32173 I art     : Explicit concurrent mark sweep GC freed 3(96B) AllocSpace objects, 0(0B) LOS objects, 35% free, 29MB/45MB, paused 958us total 64.254ms
08-06 17:30:43.589 31869 31881 I art     : Starting a blocking GC Explicit
08-06 17:30:43.655 31869 31881 I art     : Explicit concurrent mark sweep GC freed 1356(82KB) AllocSpace objects, 1(20KB) LOS objects, 35% free, 29MB/45MB, paused 873us total 65.845ms
08-06 17:30:43.697 31869 31881 I art     : Starting a blocking GC Explicit
08-06 17:30:43.758 31869 31881 I art     : Explicit concurrent mark sweep GC freed 20(704B) AllocSpace objects, 0(0B) LOS objects, 35% free, 29MB/45MB, paused 904us total 59.924ms
08-06 17:30:43.781 31869 31881 I art     : Starting a blocking GC Explicit
08-06 17:30:43.839 31869 31881 I art     : Explicit concurrent mark sweep GC freed 3(96B) AllocSpace objects, 0(0B) LOS objects, 35% free, 29MB/45MB, paused 900us total 56.874ms
08-06 17:30:43.862 31869 31881 I art     : Starting a blocking GC Explicit
08-06 17:30:43.919 31869 31881 I art     : Explicit concurrent mark sweep GC freed 3(96B) AllocSpace objects, 0(0B) LOS objects, 35% free, 29MB/45MB, paused 997us total 55.860ms
08-06 17:30:43.944 31869 31881 I art     : Starting a blocking GC Explicit
08-06 17:30:44.001 31869 31881 I art     : Explicit concurrent mark sweep GC freed 3(96B) AllocSpace objects, 0(0B) LOS objects, 35% free, 29MB/45MB, paused 940us total 57.174ms
08-06 17:30:44.158  2040  2040 D AndroidRuntime: >>>>>> START com.android.internal.os.RuntimeInit uid 2000 <<<<<<
08-06 17:30:44.166  2040  2040 D AndroidRuntime: CheckJNI is OFF
08-06 17:30:44.227  2040  2040 D ICU     : No timezone override file found: /data/misc/zoneinfo/current/icu/icu_tzdata.dat
08-06 17:30:44.271  2040  2040 I Radio-JNI: register_android_hardware_Radio DONE
08-06 17:30:44.305  2040  2040 D AndroidRuntime: Calling main entry com.android.commands.input.Input
08-06 17:30:44.307  2040  2040 I Input   : injectMotionEvent: MotionEvent { action=ACTION_DOWN, actionButton=0, id[0]=0, x[0]=600.0, y[0]=1000.0, toolType[0]=TOOL_TYPE_UNKNOWN, buttonState=0, metaState=0, flags=0x0, edgeFlags=0x0, pointerCount=1, historySize=0, eventTime=898260719, downTime=898260719, deviceId=0, source=0x1002 }
08-06 17:30:44.313  2040  2040 I Input   : injectMotionEvent: MotionEvent { action=ACTION_UP, actionButton=0, id[0]=0, x[0]=600.0, y[0]=1000.0, toolType[0]=TOOL_TYPE_UNKNOWN, buttonState=0, metaState=0, flags=0x0, edgeFlags=0x0, pointerCount=1, historySize=0, eventTime=898260719, downTime=898260719, deviceId=0, source=0x1002 }
08-06 17:30:44.317  2040  2040 D AndroidRuntime: Shutting down VM
08-06 17:30:44.334   512  2967 D audio_hw_primary: out_set_parameters: enter: usecase(1: low-latency-playback) kvpairs: routing=2
08-06 17:30:44.336   918  3961 I ActivityManager: START u0 {dat=https://oauth.reddit.com/... cmp=baseline.org.quantumbadger.redreader/.activities.PostListingActivity} from uid 10705 on display 0
08-06 17:30:44.347   512  2967 D audio_hw_primary: select_devices: out_snd_device(2: speaker) in_snd_device(0: none)
08-06 17:30:44.347   512  2967 D msm8974_platform: platform_send_audio_calibration: sending audio calibration for snd_device(2) acdb_id(15)
08-06 17:30:44.348   512  2967 I soundtrigger: audio_extn_sound_trigger_update_device_status: device 0x2 of type 0 for Event 1
08-06 17:30:44.360   512  2967 D audio_hw_primary: enable_snd_device: snd_device(2: speaker)
08-06 17:30:44.364   512  2967 D audio_hw_primary: enable_audio_route: apply and update mixer path: low-latency-playback speaker
08-06 17:30:44.369 31869 31881 I art     : Starting a blocking GC Explicit
08-06 17:30:44.373 31869 31869 I AppCompatViewInflater: app:theme is now deprecated. Please move to using android:theme instead.
08-06 17:30:44.410 31869  2068 D OK      : calling: https://oauth.reddit.com/r/announcements/about.json
08-06 17:30:44.432 31869 31881 I art     : Explicit concurrent mark sweep GC freed 2254(150KB) AllocSpace objects, 1(20KB) LOS objects, 35% free, 29MB/45MB, paused 1.111ms total 62.171ms
08-06 17:30:44.454 31869 31881 I art     : Starting a blocking GC Explicit
08-06 17:30:44.489   918   936 I ActivityManager: Displayed baseline.org.quantumbadger.redreader/.activities.PostListingActivity: +137ms
08-06 17:30:44.489 13866 13866 I GoogleInputMethodServic: GoogleInputMethodService.onFinishInput():3138 
08-06 17:30:44.490 13866 13866 I GoogleInputMethodServic: GoogleInputMethodService.onStartInput():1808 
08-06 17:30:44.492   918  3261 D WifiStateMachine: starting scan for "H369AA63323"WPA_PSK with 2412,5180
08-06 17:30:44.511 31869 31881 I art     : Explicit concurrent mark sweep GC freed 1050(55KB) AllocSpace objects, 0(0B) LOS objects, 35% free, 29MB/45MB, paused 1.019ms total 56.424ms
08-06 17:30:44.544 31869 31881 I art     : Starting a blocking GC Explicit
08-06 17:30:44.600 31869 31881 I art     : Explicit concurrent mark sweep GC freed 2120(85KB) AllocSpace objects, 0(0B) LOS objects, 35% free, 29MB/45MB, paused 1.332ms total 56.610ms
08-06 17:30:44.625 31869 31881 I art     : Starting a blocking GC Explicit
08-06 17:30:44.701 31869 31881 I art     : Explicit concurrent mark sweep GC freed 98(3KB) AllocSpace objects, 0(0B) LOS objects, 35% free, 29MB/45MB, paused 1.978ms total 74.967ms
08-06 17:30:44.719 31869  2068 I NAPPA_EXPERIMENTATION: MetricNetworkRequestExecutionTime: REQUEST_DURATION_SYSTEM='308',REQUEST_DURATION_OKHTTP='147',REQUEST_SYNCHRONOUS='TRUE',RESPONSE_CODE='200',RESPONSE_METHOD='GET',RESPONSE_LENGTH_OKHTTP='-1',RESPONSE_LENGTH_HEADER='1564',REQUEST_PROTOCOL='h2',REQUEST_URL='https://oauth.reddit.com/r/announcements/about.json',
08-06 17:30:44.720 31869  2068 D OK      : request got status: 200
08-06 17:30:44.736 31869 31881 I art     : Starting a blocking GC Explicit
08-06 17:30:44.748   380   380 W SurfaceFlinger: couldn't log to binary event log: overflow.
08-06 17:30:44.804 31869 31881 I art     : Explicit concurrent mark sweep GC freed 939(118KB) AllocSpace objects, 1(68KB) LOS objects, 35% free, 29MB/45MB, paused 844us total 67.903ms
08-06 17:30:44.910   512  2967 D audio_hw_primary: disable_audio_route: reset and update mixer path: low-latency-playback speaker
08-06 17:30:44.912   512  2967 D audio_hw_primary: disable_snd_device: snd_device(2: speaker)
08-06 17:30:44.921   512  2967 I soundtrigger: audio_extn_sound_trigger_update_device_status: device 0x2 of type 0 for Event 0
08-06 17:30:45.161 31869 31893 I art     : Starting a blocking GC Explicit
08-06 17:30:45.225 31869 31893 I art     : Explicit concurrent mark sweep GC freed 2049(126KB) AllocSpace objects, 2(88KB) LOS objects, 35% free, 29MB/45MB, paused 927us total 63.346ms
08-06 17:30:45.250 31869 31893 I art     : Starting a blocking GC Explicit
08-06 17:30:45.310 31869 31893 I art     : Explicit concurrent mark sweep GC freed 53(2032B) AllocSpace objects, 0(0B) LOS objects, 35% free, 29MB/45MB, paused 945us total 59.170ms
08-06 17:30:45.335 31869 31893 I art     : Starting a blocking GC Explicit
08-06 17:30:45.393 31869 31893 I art     : Explicit concurrent mark sweep GC freed 3(96B) AllocSpace objects, 0(0B) LOS objects, 35% free, 29MB/45MB, paused 824us total 58.343ms
08-06 17:30:45.418 31869 31893 I art     : Starting a blocking GC Explicit
08-06 17:30:45.477 31869 31893 I art     : Explicit concurrent mark sweep GC freed 3(96B) AllocSpace objects, 0(0B) LOS objects, 35% free, 29MB/45MB, paused 814us total 58.762ms
08-06 17:30:45.502 31869 31893 I art     : Starting a blocking GC Explicit
08-06 17:30:45.561 31869 31893 I art     : Explicit concurrent mark sweep GC freed 15(720B) AllocSpace objects, 0(0B) LOS objects, 35% free, 29MB/45MB, paused 908us total 59.074ms
08-06 17:30:45.611 31869  2082 D OK      : calling: https://oauth.reddit.com/r/announcements/hot/.json
08-06 17:30:45.807 31869  2082 I NAPPA_EXPERIMENTATION: MetricNetworkRequestExecutionTime: REQUEST_DURATION_SYSTEM='196',REQUEST_DURATION_OKHTTP='192',REQUEST_SYNCHRONOUS='TRUE',RESPONSE_CODE='200',RESPONSE_METHOD='GET',RESPONSE_LENGTH_OKHTTP='-1',RESPONSE_LENGTH_HEADER='142016',REQUEST_PROTOCOL='h2',REQUEST_URL='https://oauth.reddit.com/r/announcements/hot/.json',
08-06 17:30:45.807 31869  2082 D OK      : request got status: 200
08-06 17:30:45.824 31869 32465 I PostListingFragment: Precaching images: OFF
08-06 17:30:45.824 31869 32465 I PostListingFragment: Precaching comments: OFF
08-06 17:30:45.913 31869 31893 I art     : Starting a blocking GC Explicit
08-06 17:30:45.982 31869 31893 I art     : Explicit concurrent mark sweep GC freed 4132(310KB) AllocSpace objects, 4(76KB) LOS objects, 34% free, 30MB/46MB, paused 1.276ms total 68.516ms
08-06 17:30:46.010 31869 31893 I art     : Starting a blocking GC Explicit
08-06 17:30:46.093 31869 31893 I art     : Explicit concurrent mark sweep GC freed 4254(241KB) AllocSpace objects, 8(448KB) LOS objects, 33% free, 32MB/48MB, paused 1.264ms total 82.559ms
08-06 17:30:46.120 31869 31893 I art     : Starting a blocking GC Explicit
08-06 17:30:46.209 31869 31893 I art     : Explicit concurrent mark sweep GC freed 5261(322KB) AllocSpace objects, 9(492KB) LOS objects, 32% free, 33MB/49MB, paused 1.440ms total 89.187ms
08-06 17:30:46.239 31869 31893 I art     : Starting a blocking GC Explicit
08-06 17:30:46.316 31869 31893 I art     : Explicit concurrent mark sweep GC freed 4810(292KB) AllocSpace objects, 6(524KB) LOS objects, 31% free, 34MB/50MB, paused 991us total 77.319ms
08-06 17:30:46.343 31869 31893 I art     : Starting a blocking GC Explicit
08-06 17:30:46.423 31869 31893 I art     : Explicit concurrent mark sweep GC freed 4228(267KB) AllocSpace objects, 10(444KB) LOS objects, 31% free, 34MB/50MB, paused 1.248ms total 79.012ms
08-06 17:30:46.582 31869 31869 W RecyclerView: Cannot call this method in a scroll callback. Scroll callbacks mightbe run during a measure & layout pass where you cannot change theRecyclerView data. Any method call that might change the structureof the RecyclerView or the adapter contents should be postponed tothe next frame.
08-06 17:30:46.582 31869 31869 W RecyclerView: java.lang.IllegalStateException:  androidx.recyclerview.widget.RecyclerView{9a22b8c VFED..... .F....ID 0,0-1440,2140 #7f0900ef app:id/scrollbar_recyclerview_recyclerview}, adapter:baseline.org.quantumbadger.redreader.adapters.GroupedRecyclerViewAdapter@d9962d5, layout:androidx.recyclerview.widget.LinearLayoutManager@c2a2aea, context:baseline.org.quantumbadger.redreader.activities.PostListingActivity@63d8b75
08-06 17:30:46.582 31869 31869 W RecyclerView: 	at androidx.recyclerview.widget.RecyclerView.assertNotInLayoutOrScroll(RecyclerView.java:3061)
08-06 17:30:46.582 31869 31869 W RecyclerView: 	at androidx.recyclerview.widget.RecyclerView$RecyclerViewDataObserver.onItemRangeInserted(RecyclerView.java:5555)
08-06 17:30:46.582 31869 31869 W RecyclerView: 	at androidx.recyclerview.widget.RecyclerView$AdapterDataObservable.notifyItemRangeInserted(RecyclerView.java:12278)
08-06 17:30:46.582 31869 31869 W RecyclerView: 	at androidx.recyclerview.widget.RecyclerView$Adapter.notifyItemInserted(RecyclerView.java:7464)
08-06 17:30:46.582 31869 31869 W RecyclerView: 	at baseline.org.quantumbadger.redreader.adapters.GroupedRecyclerViewAdapter.updateHiddenStatus(GroupedRecyclerViewAdapter.java:279)
08-06 17:30:46.582 31869 31869 W RecyclerView: 	at baseline.org.quantumbadger.redreader.adapters.RedditListingManager.setLoadingVisible(RedditListingManager.java:125)
08-06 17:30:46.582 31869 31869 W RecyclerView: 	at baseline.org.quantumbadger.redreader.fragments.PostListingFragment.onLoadMoreItemsCheck(PostListingFragment.java:465)
08-06 17:30:46.582 31869 31869 W RecyclerView: 	at baseline.org.quantumbadger.redreader.fragments.PostListingFragment.access$000(PostListingFragment.java:98)
08-06 17:30:46.582 31869 31869 W RecyclerView: 	at baseline.org.quantumbadger.redreader.fragments.PostListingFragment$2.onScrolled(PostListingFragment.java:215)
08-06 17:30:46.582 31869 31869 W RecyclerView: 	at androidx.recyclerview.widget.RecyclerView.dispatchOnScrolled(RecyclerView.java:5173)
08-06 17:30:46.582 31869 31869 W RecyclerView: 	at androidx.recyclerview.widget.RecyclerView.dispatchLayoutStep3(RecyclerView.java:4231)
08-06 17:30:46.582 31869 31869 W RecyclerView: 	at androidx.recyclerview.widget.RecyclerView.dispatchLayout(RecyclerView.java:3862)
08-06 17:30:46.582 31869 31869 W RecyclerView: 	at androidx.recyclerview.widget.RecyclerView.consumePendingUpdateOperations(RecyclerView.java:1897)
08-06 17:30:46.582 31869 31869 W RecyclerView: 	at androidx.recyclerview.widget.RecyclerView$1.run(RecyclerView.java:414)
08-06 17:30:46.582 31869 31869 W RecyclerView: 	at android.view.Choreographer$CallbackRecord.run(Choreographer.java:858)
08-06 17:30:46.582 31869 31869 W RecyclerView: 	at android.view.Choreographer.doCallbacks(Choreographer.java:670)
08-06 17:30:46.582 31869 31869 W RecyclerView: 	at android.view.Choreographer.doFrame(Choreographer.java:603)
08-06 17:30:46.582 31869 31869 W RecyclerView: 	at android.view.Choreographer$FrameDisplayEventReceiver.run(Choreographer.java:844)
08-06 17:30:46.582 31869 31869 W RecyclerView: 	at android.os.Handler.handleCallback(Handler.java:739)
08-06 17:30:46.582 31869 31869 W RecyclerView: 	at android.os.Handler.dispatchMessage(Handler.java:95)
08-06 17:30:46.582 31869 31869 W RecyclerView: 	at android.os.Looper.loop(Looper.java:148)
08-06 17:30:46.582 31869 31869 W RecyclerView: 	at android.app.ActivityThread.main(ActivityThread.java:5417)
08-06 17:30:46.582 31869 31869 W RecyclerView: 	at java.lang.reflect.Method.invoke(Native Method)
08-06 17:30:46.582 31869 31869 W RecyclerView: 	at com.android.internal.os.ZygoteInit$MethodAndArgsCaller.run(ZygoteInit.java:726)
08-06 17:30:46.582 31869 31869 W RecyclerView: 	at com.android.internal.os.ZygoteInit.main(ZygoteInit.java:616)
08-06 17:30:46.799 31869 31893 I art     : Starting a blocking GC Explicit
08-06 17:30:46.812 31869  2105 D OK      : calling: https://oauth.reddit.com/r/announcements/hot/.json?after=t3_9jf8nh
08-06 17:30:46.874 31869 31893 I art     : Explicit concurrent mark sweep GC freed 63357(3MB) AllocSpace objects, 9(172KB) LOS objects, 33% free, 31MB/47MB, paused 1.004ms total 74.157ms
08-06 17:30:46.900 31869 31893 I art     : Starting a blocking GC Explicit
08-06 17:30:46.959 31869 31893 I art     : Explicit concurrent mark sweep GC freed 452(19KB) AllocSpace objects, 0(0B) LOS objects, 33% free, 31MB/47MB, paused 945us total 59.286ms
08-06 17:30:46.985 31869 31893 I art     : Starting a blocking GC Explicit
08-06 17:30:47.037 31869  2105 I NAPPA_EXPERIMENTATION: MetricNetworkRequestExecutionTime: REQUEST_DURATION_SYSTEM='225',REQUEST_DURATION_OKHTTP='222',REQUEST_SYNCHRONOUS='TRUE',RESPONSE_CODE='200',RESPONSE_METHOD='GET',RESPONSE_LENGTH_OKHTTP='-1',RESPONSE_LENGTH_HEADER='65685',REQUEST_PROTOCOL='h2',REQUEST_URL='https://oauth.reddit.com/r/announcements/hot/.json?after=t3_9jf8nh',
08-06 17:30:47.038 31869  2105 D OK      : request got status: 200
08-06 17:30:47.052 31869 31893 I art     : Explicit concurrent mark sweep GC freed 376(31KB) AllocSpace objects, 0(0B) LOS objects, 33% free, 31MB/47MB, paused 1.357ms total 66.296ms
08-06 17:30:47.057 31869 32465 I PostListingFragment: Precaching images: OFF
08-06 17:30:47.057 31869 32465 I PostListingFragment: Precaching comments: OFF
08-06 17:30:47.081 31869 31893 I art     : Starting a blocking GC Explicit
08-06 17:30:47.151 31869 31893 I art     : Explicit concurrent mark sweep GC freed 3489(317KB) AllocSpace objects, 5(476KB) LOS objects, 32% free, 32MB/48MB, paused 1.361ms total 69.066ms
08-06 17:30:47.181 31869 31893 I art     : Starting a blocking GC Explicit
08-06 17:30:47.251 31869 31893 I art     : Explicit concurrent mark sweep GC freed 4277(219KB) AllocSpace objects, 5(204KB) LOS objects, 32% free, 33MB/49MB, paused 1.114ms total 70.294ms
08-06 17:30:47.632 31869 31881 I art     : Starting a blocking GC Explicit
08-06 17:30:47.718 31869 31881 I art     : Explicit concurrent mark sweep GC freed 28867(1364KB) AllocSpace objects, 9(220KB) LOS objects, 33% free, 32MB/48MB, paused 1.193ms total 85.328ms
08-06 17:30:47.745 31869 31881 I art     : Starting a blocking GC Explicit
08-06 17:30:47.810 31869 31881 I art     : Explicit concurrent mark sweep GC freed 1267(53KB) AllocSpace objects, 0(0B) LOS objects, 33% free, 32MB/48MB, paused 1.038ms total 65.058ms
08-06 17:30:47.837 31869 31881 I art     : Starting a blocking GC Explicit
08-06 17:30:47.903 31869 31881 I art     : Explicit concurrent mark sweep GC freed 3(96B) AllocSpace objects, 0(0B) LOS objects, 33% free, 32MB/48MB, paused 1.044ms total 65.826ms
08-06 17:30:47.933 31869 31881 I art     : Starting a blocking GC Explicit
08-06 17:30:47.997 31869 31881 I art     : Explicit concurrent mark sweep GC freed 3(96B) AllocSpace objects, 0(0B) LOS objects, 33% free, 32MB/48MB, paused 857us total 63.556ms
08-06 17:30:48.024 31869 31881 I art     : Starting a blocking GC Explicit
08-06 17:30:48.089 31869 31881 I art     : Explicit concurrent mark sweep GC freed 3(96B) AllocSpace objects, 0(0B) LOS objects, 33% free, 32MB/48MB, paused 896us total 64.998ms
08-06 17:30:48.489 31869 32651 I art     : Starting a blocking GC Explicit
08-06 17:30:48.561 31869 32651 I art     : Explicit concurrent mark sweep GC freed 1357(83KB) AllocSpace objects, 1(20KB) LOS objects, 33% free, 32MB/48MB, paused 1.004ms total 71.563ms
08-06 17:30:48.592 31869 32651 I art     : Starting a blocking GC Explicit
08-06 17:30:48.657 31869 32651 I art     : Explicit concurrent mark sweep GC freed 20(704B) AllocSpace objects, 0(0B) LOS objects, 33% free, 32MB/48MB, paused 849us total 64.600ms
08-06 17:30:48.683 31869 32651 I art     : Starting a blocking GC Explicit
08-06 17:30:48.760 31869 32651 I art     : Explicit concurrent mark sweep GC freed 3(96B) AllocSpace objects, 0(0B) LOS objects, 33% free, 32MB/48MB, paused 1.293ms total 76.831ms
08-06 17:30:48.786 31869 32651 I art     : Starting a blocking GC Explicit
08-06 17:30:48.848 31869 32651 I art     : Explicit concurrent mark sweep GC freed 3(96B) AllocSpace objects, 0(0B) LOS objects, 33% free, 32MB/48MB, paused 966us total 61.381ms
08-06 17:30:48.875 31869 32651 I art     : Starting a blocking GC Explicit
08-06 17:30:48.946 31869 32651 I art     : Explicit concurrent mark sweep GC freed 3(96B) AllocSpace objects, 0(0B) LOS objects, 33% free, 32MB/48MB, paused 1.383ms total 70.655ms
08-06 17:30:49.338 31869 32173 I art     : Starting a blocking GC Explicit
08-06 17:30:49.417 31869 32173 I art     : Explicit concurrent mark sweep GC freed 1357(83KB) AllocSpace objects, 1(20KB) LOS objects, 33% free, 32MB/48MB, paused 1.314ms total 78.952ms
08-06 17:30:49.444 31869 32173 I art     : Starting a blocking GC Explicit
08-06 17:30:49.509 31869 32173 I art     : Explicit concurrent mark sweep GC freed 20(704B) AllocSpace objects, 0(0B) LOS objects, 33% free, 32MB/48MB, paused 818us total 64.372ms
08-06 17:30:49.535 31869 32173 I art     : Starting a blocking GC Explicit
08-06 17:30:49.599 31869 32173 I art     : Explicit concurrent mark sweep GC freed 3(96B) AllocSpace objects, 0(0B) LOS objects, 33% free, 32MB/48MB, paused 1.042ms total 63.420ms
08-06 17:30:49.624 31869 32173 I art     : Starting a blocking GC Explicit
08-06 17:30:49.685 31869 32173 I art     : Explicit concurrent mark sweep GC freed 3(96B) AllocSpace objects, 0(0B) LOS objects, 33% free, 32MB/48MB, paused 873us total 60.645ms
08-06 17:30:49.711 31869 32173 I art     : Starting a blocking GC Explicit
08-06 17:30:49.774 31869 32173 I art     : Explicit concurrent mark sweep GC freed 3(96B) AllocSpace objects, 0(0B) LOS objects, 33% free, 32MB/48MB, paused 803us total 62.495ms
08-06 17:30:50.149 31869 31882 I art     : Starting a blocking GC Explicit
08-06 17:30:50.226 31869 31882 I art     : Explicit concurrent mark sweep GC freed 1358(83KB) AllocSpace objects, 1(20KB) LOS objects, 33% free, 32MB/48MB, paused 1.037ms total 76.149ms
08-06 17:30:50.230  2137  2137 D AndroidRuntime: >>>>>> START com.android.internal.os.RuntimeInit uid 2000 <<<<<<
08-06 17:30:50.236  2137  2137 D AndroidRuntime: CheckJNI is OFF
08-06 17:30:50.252 31869 31882 I art     : Starting a blocking GC Explicit
08-06 17:30:50.284  2137  2137 D ICU     : No timezone override file found: /data/misc/zoneinfo/current/icu/icu_tzdata.dat
08-06 17:30:50.312 31869 31882 I art     : Explicit concurrent mark sweep GC freed 20(704B) AllocSpace objects, 0(0B) LOS objects, 33% free, 32MB/48MB, paused 1.009ms total 59.032ms
08-06 17:30:50.331  2137  2137 I Radio-JNI: register_android_hardware_Radio DONE
08-06 17:30:50.337 31869 31882 I art     : Starting a blocking GC Explicit
08-06 17:30:50.362  2137  2137 D AndroidRuntime: Calling main entry com.android.commands.input.Input
08-06 17:30:50.364  2137  2137 I Input   : injectMotionEvent: MotionEvent { action=ACTION_DOWN, actionButton=0, id[0]=0, x[0]=600.0, y[0]=580.0, toolType[0]=TOOL_TYPE_UNKNOWN, buttonState=0, metaState=0, flags=0x0, edgeFlags=0x0, pointerCount=1, historySize=0, eventTime=898266777, downTime=898266777, deviceId=0, source=0x1002 }
08-06 17:30:50.370  2137  2137 I Input   : injectMotionEvent: MotionEvent { action=ACTION_UP, actionButton=0, id[0]=0, x[0]=600.0, y[0]=580.0, toolType[0]=TOOL_TYPE_UNKNOWN, buttonState=0, metaState=0, flags=0x0, edgeFlags=0x0, pointerCount=1, historySize=0, eventTime=898266777, downTime=898266777, deviceId=0, source=0x1002 }
08-06 17:30:50.372  2137  2137 D AndroidRuntime: Shutting down VM
08-06 17:30:50.394   512  2967 D audio_hw_primary: out_set_parameters: enter: usecase(1: low-latency-playback) kvpairs: routing=2
08-06 17:30:50.399   918  3359 I ActivityManager: START u0 {cmp=baseline.org.quantumbadger.redreader/.activities.WebViewActivity (has extras)} from uid 10705 on display 0
08-06 17:30:50.402 31869 31882 I art     : Explicit concurrent mark sweep GC freed 16(704B) AllocSpace objects, 0(0B) LOS objects, 33% free, 32MB/48MB, paused 2.994ms total 64.308ms
08-06 17:30:50.410   512  2967 D audio_hw_primary: select_devices: out_snd_device(2: speaker) in_snd_device(0: none)
08-06 17:30:50.410   512  2967 D msm8974_platform: platform_send_audio_calibration: sending audio calibration for snd_device(2) acdb_id(15)
08-06 17:30:50.410   512  2967 I soundtrigger: audio_extn_sound_trigger_update_device_status: device 0x2 of type 0 for Event 1
08-06 17:30:50.423   512  2967 D audio_hw_primary: enable_snd_device: snd_device(2: speaker)
08-06 17:30:50.426   512  2967 D audio_hw_primary: enable_audio_route: apply and update mixer path: low-latency-playback speaker
08-06 17:30:50.431 31869 31882 I art     : Starting a blocking GC Explicit
08-06 17:30:50.442 31869 31869 I AppCompatViewInflater: app:theme is now deprecated. Please move to using android:theme instead.
08-06 17:30:50.472   918  5481 D ConnectivityService: listenForNetwork for Listen from uid/pid:10705/31869 for NetworkRequest [ id=4120, legacyType=-1, [ Capabilities: INTERNET&NOT_RESTRICTED&TRUSTED] ]
08-06 17:30:50.493 31869 31882 I art     : Explicit concurrent mark sweep GC freed 9286(928KB) AllocSpace objects, 17(2MB) LOS objects, 35% free, 29MB/45MB, paused 1.365ms total 61.656ms
08-06 17:30:50.519 31869 31882 I art     : Starting a blocking GC Explicit
08-06 17:30:50.573 31869 31882 I art     : Explicit concurrent mark sweep GC freed 1219(77KB) AllocSpace objects, 0(0B) LOS objects, 35% free, 29MB/45MB, paused 849us total 54.165ms
08-06 17:30:50.638   918   936 I ActivityManager: Displayed baseline.org.quantumbadger.redreader/.activities.WebViewActivity: +222ms
08-06 17:30:50.640 13866 13866 I GoogleInputMethodServic: GoogleInputMethodService.onFinishInput():3138 
08-06 17:30:50.641 13866 13866 I GoogleInputMethodServic: GoogleInputMethodService.onStartInput():1808 
08-06 17:30:50.859 31869  2093 I RedditChangeDataIO: Writing tmp data file at '/data/user/0/baseline.org.quantumbadger.redreader/files/rr_change_data_tmp.dat'
08-06 17:30:50.860 31869  2093 I RedditChangeDataManager: Taking snapshot...
08-06 17:30:50.861 31869  2093 I RedditChangeDataManager: Writing to stream...
08-06 17:30:50.861 31869  2093 I RedditChangeDataManager: Wrote 5 entries for user ''
08-06 17:30:50.861 31869  2093 I RedditChangeDataManager: All entries written to stream.
08-06 17:30:50.862 31869  2093 I RedditChangeDataIO: Write successful. Atomically replacing data file...
08-06 17:30:50.863 31869  2093 I RedditChangeDataIO: Write complete.
08-06 17:30:50.863 31869  2093 I RedditChangeDataIO: 134 bytes written in 4 ms
08-06 17:30:50.886   380   380 W SurfaceFlinger: couldn't log to binary event log: overflow.
08-06 17:30:50.923 25638 25640 E QC-QMI  : qmi_client [25638] 634: failed to locate client data
08-06 17:30:50.926   519   519 E QC-QMI  : qmuxd: RX on fd=18 returned error=0 errno[2:No such file or directory]
08-06 17:30:50.927   519   519 E QC-QMI  : QMUX qmux_client_id=634 not found in qmux client list, unable to remove
08-06 17:30:50.927 25638 25638 I Atfwd_Daemon: Stop the daemon....
08-06 17:30:50.951 31869 32651 I art     : Starting a blocking GC Explicit
08-06 17:30:50.960   512  2967 D audio_hw_primary: disable_audio_route: reset and update mixer path: low-latency-playback speaker
08-06 17:30:50.962   512  2967 D audio_hw_primary: disable_snd_device: snd_device(2: speaker)
08-06 17:30:50.973   512  2967 I soundtrigger: audio_extn_sound_trigger_update_device_status: device 0x2 of type 0 for Event 0
08-06 17:30:50.999  2174  2174 W ATFWD-daemon: type=1400 audit(0.0:740319): avc: denied { read write } for name="diag" dev="tmpfs" ino=1296 scontext=u:r:atfwd:s0 tcontext=u:object_r:diag_device:s0 tclass=chr_file permissive=0
08-06 17:30:51.006  2174  2174 I libmdmdetect: ESOC framework not supported
08-06 17:30:51.006  2174  2174 I libmdmdetect: Found internal modem: modem
08-06 17:30:51.007  2174  2174 E Diag_Lib:  Diag_LSM_Init: Failed to open handle to diag driver, error = 13
08-06 17:30:51.016  2174  2174 I Atfwd_Daemon: result : 255 	 ,Init step :0 	 ,qmiErrorCode: 0
08-06 17:30:51.016  2174  2174 I Atfwd_Daemon: result : 0 	 ,Init step :1 	 ,qmiErrorCode: 0
08-06 17:30:51.017  2174  2174 I ServiceManager: Waiting for service AtCmdFwd...
08-06 17:30:51.060 31869 32651 I art     : Explicit concurrent mark sweep GC freed 3296(169KB) AllocSpace objects, 2(88KB) LOS objects, 35% free, 29MB/45MB, paused 1.066ms total 108.340ms
08-06 17:30:51.111 31869 32651 I art     : Starting a blocking GC Explicit
08-06 17:30:51.179 31869 32651 I art     : Explicit concurrent mark sweep GC freed 394(20KB) AllocSpace objects, 0(0B) LOS objects, 35% free, 29MB/45MB, paused 899us total 68.101ms
08-06 17:30:51.213 31869 32651 I art     : Starting a blocking GC Explicit
08-06 17:30:51.265 31869 32651 I art     : Explicit concurrent mark sweep GC freed 26(816B) AllocSpace objects, 0(0B) LOS objects, 35% free, 29MB/45MB, paused 824us total 50.863ms
08-06 17:30:51.291 31869 32651 I art     : Starting a blocking GC Explicit
08-06 17:30:51.344 31869 32651 I art     : Explicit concurrent mark sweep GC freed 3(96B) AllocSpace objects, 0(0B) LOS objects, 35% free, 29MB/45MB, paused 884us total 52.015ms
08-06 17:30:51.373 31869 32651 I art     : Starting a blocking GC Explicit
08-06 17:30:51.453 31869 32651 I art     : Explicit concurrent mark sweep GC freed 15(464B) AllocSpace objects, 0(0B) LOS objects, 35% free, 29MB/45MB, paused 1.305ms total 79.711ms
08-06 17:30:51.519   918  1209 D NetworkMonitor/NetworkAgentInfo [WIFI () - 159]: Checking http://connectivitycheck.gstatic.com/generate_204 on "H369AA63323", 192.168.2.12=192.168.2.12
08-06 17:30:51.636   918  1209 D NetworkMonitor/NetworkAgentInfo [WIFI () - 159]: Probably not a portal: exception java.io.IOException: unexpected end of stream on Connection{connectivitycheck.gstatic.com:80, proxy=HTTP@/192.168.2.12:8080 hostAddress=192.168.2.12 cipherSuite=none protocol=http/1.1} (recycle count=0)
08-06 17:30:51.637   918  3263 D ConnectivityService: NetworkAgentInfo [WIFI () - 159] validation failed
08-06 17:30:51.640   918  3261 E WifiConfigStore:  rewrite network history for "H369AA63323"WPA_PSK
08-06 17:30:51.893 31869 31882 I art     : Starting a blocking GC Explicit
08-06 17:30:51.961 31869 31882 I art     : Explicit concurrent mark sweep GC freed 1424(85KB) AllocSpace objects, 1(20KB) LOS objects, 35% free, 29MB/45MB, paused 906us total 66.966ms
08-06 17:30:51.987 31869 31882 I art     : Starting a blocking GC Explicit
08-06 17:30:52.017  2174  2174 I ServiceManager: Waiting for service AtCmdFwd...
08-06 17:30:52.054 31869 31882 I art     : Explicit concurrent mark sweep GC freed 32(1088B) AllocSpace objects, 0(0B) LOS objects, 35% free, 29MB/45MB, paused 1.141ms total 66.146ms
08-06 17:30:52.081 31869 31882 I art     : Starting a blocking GC Explicit
08-06 17:30:52.147 31869 31882 I art     : Explicit concurrent mark sweep GC freed 14(448B) AllocSpace objects, 0(0B) LOS objects, 35% free, 29MB/45MB, paused 1.232ms total 65.695ms
08-06 17:30:52.174 31869 31882 I art     : Starting a blocking GC Explicit
08-06 17:30:52.238 31869 31882 I art     : Explicit concurrent mark sweep GC freed 52(2208B) AllocSpace objects, 0(0B) LOS objects, 35% free, 29MB/45MB, paused 871us total 63.388ms
08-06 17:30:52.273 31869 31882 I art     : Starting a blocking GC Explicit
08-06 17:30:52.340 31869 31882 I art     : Explicit concurrent mark sweep GC freed 274(42KB) AllocSpace objects, 0(0B) LOS objects, 35% free, 29MB/45MB, paused 1.156ms total 65.882ms
08-06 17:30:52.586 31869 31869 I chromium: [INFO:CONSOLE(1)] "
08-06 17:30:52.586 31869 31869 I chromium:                   ,d"=,.,qOp,
08-06 17:30:52.586 31869 31869 I chromium:                  ,7'  ''$(  )
08-06 17:30:52.586 31869 31869 I chromium:                 ,7'      '?q$7'
08-06 17:30:52.586 31869 31869 I chromium:              ..,$$,.
08-06 17:30:52.586 31869 31869 I chromium:    ,.  .,,--***""***--,,.  .,
08-06 17:30:52.586 31869 31869 I chromium:     ,p''              ''q,   
08-06 17:30:52.586 31869 31869 I chromium: :  ,7'                      '7,  :
08-06 17:30:52.586 31869 31869 I chromium:  ' $      ,db,      ,db,      $ '
08-06 17:30:52.586 31869 31869 I chromium:   '$      $$      $$      $'    Using Reddit at work? Work for Reddit.
08-06 17:30:52.586 31869 31869 I chromium:   '$                          $'        https://www.reddit.com/jobs
08-06 17:30:52.586 31869 31869 I chromium:    '$.     .,        ,.     .$'
08-06 17:30:52.586 31869 31869 I chromium:     'b,     ''     ,d'
08-06 17:30:52.586 31869 31869 I chromium:      '?bn,,          ,,nd?'
08-06 17:30:52.586 31869 31869 I chromium:        ,7$ '''' $7,
08-06 17:30:52.586 31869 31869 I chromium:      , $              $ ,
08-06 17:30:52.586 31869 31869 I chromium:      $  :$              $:  $
08-06 17:30:52.586 31869 31869 I chromium:      $   $              $   $
08-06 17:30:52.586 31869 31869 I chromium:      'b  q:            :p  d'
08-06 17:30:52.586 31869 31869 I chromium:       '?$.          .$?'
08-06 17:30:52.586 31869 31869 I chromium:          'b            d'
08-06 17:30:52.586 31869 31869 I chromium:        ,'?,.      .,?',
08-06 17:30:52.586 31869 31869 I chromium:       ==--==--==--==
08-06 17:30:52.586 31869 31869 I chromium: ", source: https://www.redditstatic.com/desktop2x/Chat~Governance~Reddit.2ea93b134a9b2e5b1d9a.js (1)
08-06 17:30:52.728 31869 32651 I art     : Starting a blocking GC Explicit
08-06 17:30:52.787 31869 32651 I art     : Explicit concurrent mark sweep GC freed 1442(87KB) AllocSpace objects, 1(20KB) LOS objects, 35% free, 29MB/45MB, paused 939us total 58.395ms
08-06 17:30:52.812 31869 32651 I art     : Starting a blocking GC Explicit
08-06 17:30:52.867 31869 32651 I art     : Explicit concurrent mark sweep GC freed 29(1072B) AllocSpace objects, 0(0B) LOS objects, 35% free, 29MB/45MB, paused 727us total 54.719ms
08-06 17:30:52.890 31869 32651 I art     : Starting a blocking GC Explicit
08-06 17:30:52.945 31869 32651 I art     : Explicit concurrent mark sweep GC freed 5(160B) AllocSpace objects, 0(0B) LOS objects, 35% free, 29MB/45MB, paused 822us total 54.612ms
08-06 17:30:52.969 31869 32651 I art     : Starting a blocking GC Explicit
08-06 17:30:53.018  2174  2174 I ServiceManager: Waiting for service AtCmdFwd...
08-06 17:30:53.029 31869 32651 I art     : Explicit concurrent mark sweep GC freed 3(96B) AllocSpace objects, 0(0B) LOS objects, 35% free, 29MB/45MB, paused 1.130ms total 59.113ms
08-06 17:30:53.054 31869 32651 I art     : Starting a blocking GC Explicit
08-06 17:30:53.111 31869 32651 I art     : Explicit concurrent mark sweep GC freed 3(96B) AllocSpace objects, 0(0B) LOS objects, 35% free, 29MB/45MB, paused 842us total 56.546ms
08-06 17:30:53.504 31869 31893 I art     : Starting a blocking GC Explicit
08-06 17:30:53.562 31869 31893 I art     : Explicit concurrent mark sweep GC freed 1355(82KB) AllocSpace objects, 1(20KB) LOS objects, 35% free, 29MB/45MB, paused 789us total 57.407ms
08-06 17:30:53.586 31869 31893 I art     : Starting a blocking GC Explicit
08-06 17:30:53.642 31869 31893 I art     : Explicit concurrent mark sweep GC freed 20(704B) AllocSpace objects, 0(0B) LOS objects, 35% free, 29MB/45MB, paused 898us total 55.765ms
08-06 17:30:53.668 31869 31893 I art     : Starting a blocking GC Explicit
08-06 17:30:53.728 31869 31893 I art     : Explicit concurrent mark sweep GC freed 85(4KB) AllocSpace objects, 0(0B) LOS objects, 35% free, 29MB/45MB, paused 1.028ms total 59.591ms
08-06 17:30:53.744 31869 31869 E chromium: [ERROR:page_load_metrics_update_dispatcher.cc(165)] Invalid first_paint 0.867 s for first_image_paint 0.843 s
08-06 17:30:53.762 31869 31893 I art     : Starting a blocking GC Explicit
08-06 17:30:53.821 31869 31893 I art     : Explicit concurrent mark sweep GC freed 132(7KB) AllocSpace objects, 0(0B) LOS objects, 35% free, 29MB/45MB, paused 758us total 56.161ms
08-06 17:30:53.847 31869 31893 I art     : Starting a blocking GC Explicit
08-06 17:30:53.910 31869 31893 I art     : Explicit concurrent mark sweep GC freed 16(2640B) AllocSpace objects, 0(0B) LOS objects, 35% free, 29MB/45MB, paused 952us total 61.617ms
08-06 17:30:54.018  2174  2174 I ServiceManager: Waiting for service AtCmdFwd...
08-06 17:30:54.329 31869 31881 I art     : Starting a blocking GC Explicit
08-06 17:30:54.401 31869 31881 I art     : Explicit concurrent mark sweep GC freed 1355(82KB) AllocSpace objects, 1(20KB) LOS objects, 35% free, 29MB/45MB, paused 727us total 71.267ms
08-06 17:30:54.427 31869 31881 I art     : Starting a blocking GC Explicit
08-06 17:30:54.492 31869 31881 I art     : Explicit concurrent mark sweep GC freed 20(704B) AllocSpace objects, 0(0B) LOS objects, 35% free, 29MB/45MB, paused 820us total 64.910ms
08-06 17:30:54.517 31869 31881 I art     : Starting a blocking GC Explicit
08-06 17:30:54.580 31869 31881 I art     : Explicit concurrent mark sweep GC freed 49(2656B) AllocSpace objects, 0(0B) LOS objects, 35% free, 29MB/45MB, paused 801us total 63.141ms
08-06 17:30:54.607 31869 31881 I art     : Starting a blocking GC Explicit
08-06 17:30:54.674 31869 31881 I art     : Explicit concurrent mark sweep GC freed 3(96B) AllocSpace objects, 0(0B) LOS objects, 35% free, 29MB/45MB, paused 904us total 66.949ms
08-06 17:30:54.700 31869 31881 I art     : Starting a blocking GC Explicit
08-06 17:30:54.745 31869 31869 E chromium: [ERROR:page_load_metrics_update_dispatcher.cc(165)] Invalid first_paint 0.867 s for first_image_paint 0.843 s
08-06 17:30:54.767 31869 31881 I art     : Explicit concurrent mark sweep GC freed 3(96B) AllocSpace objects, 0(0B) LOS objects, 35% free, 29MB/45MB, paused 1.080ms total 66.443ms
08-06 17:30:55.019  2174  2174 I ServiceManager: Waiting for service AtCmdFwd...
08-06 17:30:55.181 31869 31881 I art     : Starting a blocking GC Explicit
08-06 17:30:55.242 31869 31881 I art     : Explicit concurrent mark sweep GC freed 1355(82KB) AllocSpace objects, 1(20KB) LOS objects, 35% free, 29MB/45MB, paused 933us total 60.986ms
08-06 17:30:55.275 31869 31881 I art     : Starting a blocking GC Explicit
08-06 17:30:55.335 31869 31881 I art     : Explicit concurrent mark sweep GC freed 20(704B) AllocSpace objects, 0(0B) LOS objects, 35% free, 29MB/45MB, paused 876us total 59.464ms
08-06 17:30:55.351  2220  2220 D AndroidRuntime: >>>>>> START com.android.internal.os.RuntimeInit uid 2000 <<<<<<
08-06 17:30:55.363  2220  2220 D AndroidRuntime: CheckJNI is OFF
08-06 17:30:55.367 31869 31881 I art     : Starting a blocking GC Explicit
08-06 17:30:55.417  2220  2220 D ICU     : No timezone override file found: /data/misc/zoneinfo/current/icu/icu_tzdata.dat
08-06 17:30:55.425 31869 31881 I art     : Explicit concurrent mark sweep GC freed 3(96B) AllocSpace objects, 0(0B) LOS objects, 35% free, 29MB/45MB, paused 895us total 58.135ms
08-06 17:30:55.452 31869 31881 I art     : Starting a blocking GC Explicit
08-06 17:30:55.471  2220  2220 I Radio-JNI: register_android_hardware_Radio DONE
08-06 17:30:55.503  2220  2220 D AndroidRuntime: Calling main entry com.android.commands.input.Input
08-06 17:30:55.505  2220  2220 I Input   : injectKeyEvent: KeyEvent { action=ACTION_DOWN, keyCode=KEYCODE_BACK, scanCode=0, metaState=0, flags=0x0, repeatCount=0, eventTime=898271918, downTime=898271918, deviceId=-1, source=0x101 }
08-06 17:30:55.511 31869 31881 I art     : Explicit concurrent mark sweep GC freed 3(96B) AllocSpace objects, 0(0B) LOS objects, 35% free, 29MB/45MB, paused 862us total 58.605ms
08-06 17:30:55.512  2220  2220 I Input   : injectKeyEvent: KeyEvent { action=ACTION_UP, keyCode=KEYCODE_BACK, scanCode=0, metaState=0, flags=0x0, repeatCount=0, eventTime=898271918, downTime=898271918, deviceId=-1, source=0x101 }
08-06 17:30:55.522  2220  2220 D AndroidRuntime: Shutting down VM
08-06 17:30:55.545 31869 31881 I art     : Starting a blocking GC Explicit
08-06 17:30:55.614 13866 13866 I GoogleInputMethodServic: GoogleInputMethodService.onFinishInput():3138 
08-06 17:30:55.614 13866 13866 I GoogleInputMethodServic: GoogleInputMethodService.onStartInput():1808 
08-06 17:30:55.653 31869 31881 I art     : Explicit concurrent mark sweep GC freed 178(6KB) AllocSpace objects, 0(0B) LOS objects, 35% free, 29MB/45MB, paused 887us total 107.966ms
08-06 17:30:55.940   380   380 W SurfaceFlinger: couldn't log to binary event log: overflow.
08-06 17:30:55.995   918  3263 D ConnectivityService: releasing NetworkRequest NetworkRequest [ id=4120, legacyType=-1, [ Capabilities: INTERNET&NOT_RESTRICTED&TRUSTED] ]
08-06 17:30:56.019  2174  2174 W Atfwd_Sendcmd: AtCmdFwd service not published, waiting... retryCnt : 1
08-06 17:30:56.130 31869 31882 I art     : Starting a blocking GC Explicit
08-06 17:30:56.193 31869 31882 I art     : Explicit concurrent mark sweep GC freed 2329(126KB) AllocSpace objects, 1(20KB) LOS objects, 35% free, 29MB/45MB, paused 813us total 62.598ms
08-06 17:30:56.217 31869 31882 I art     : Starting a blocking GC Explicit
08-06 17:30:56.271 31869 31882 I art     : Explicit concurrent mark sweep GC freed 2114(124KB) AllocSpace objects, 1(28KB) LOS objects, 35% free, 29MB/45MB, paused 701us total 54.376ms
08-06 17:30:56.298 31869 31882 I art     : Starting a blocking GC Explicit
08-06 17:30:56.360 31869 31882 I art     : Explicit concurrent mark sweep GC freed 3(96B) AllocSpace objects, 0(0B) LOS objects, 35% free, 29MB/45MB, paused 742us total 61.931ms
08-06 17:30:56.387 31869 31882 I art     : Starting a blocking GC Explicit
08-06 17:30:56.450 31869 31882 I art     : Explicit concurrent mark sweep GC freed 3(96B) AllocSpace objects, 0(0B) LOS objects, 35% free, 29MB/45MB, paused 787us total 61.863ms
08-06 17:30:56.477 31869 31882 I art     : Starting a blocking GC Explicit
08-06 17:30:56.542 31869 31882 I art     : Explicit concurrent mark sweep GC freed 3(96B) AllocSpace objects, 0(0B) LOS objects, 35% free, 29MB/45MB, paused 900us total 65.004ms
08-06 17:30:56.923 31869 31893 I art     : Starting a blocking GC Explicit
08-06 17:30:56.994 31869 31893 I art     : Explicit concurrent mark sweep GC freed 1357(82KB) AllocSpace objects, 1(20KB) LOS objects, 35% free, 29MB/45MB, paused 1.196ms total 71.419ms
08-06 17:30:57.022 31869 31893 I art     : Starting a blocking GC Explicit
08-06 17:30:57.079 31869 31893 I art     : Explicit concurrent mark sweep GC freed 20(704B) AllocSpace objects, 0(0B) LOS objects, 35% free, 29MB/45MB, paused 879us total 56.549ms
08-06 17:30:57.104 31869 31893 I art     : Starting a blocking GC Explicit
08-06 17:30:57.161 31869 31893 I art     : Explicit concurrent mark sweep GC freed 3(96B) AllocSpace objects, 0(0B) LOS objects, 35% free, 29MB/45MB, paused 781us total 56.583ms
08-06 17:30:57.186 31869 31893 I art     : Starting a blocking GC Explicit
08-06 17:30:57.245 31869 31893 I art     : Explicit concurrent mark sweep GC freed 3(96B) AllocSpace objects, 0(0B) LOS objects, 35% free, 29MB/45MB, paused 722us total 58.665ms
08-06 17:30:57.271 31869 31893 I art     : Starting a blocking GC Explicit
08-06 17:30:57.329 31869 31893 I art     : Explicit concurrent mark sweep GC freed 3(96B) AllocSpace objects, 0(0B) LOS objects, 35% free, 29MB/45MB, paused 1.106ms total 58.452ms
08-06 17:30:57.416  2259  2259 D AndroidRuntime: >>>>>> START com.android.internal.os.RuntimeInit uid 2000 <<<<<<
08-06 17:30:57.423  2259  2259 D AndroidRuntime: CheckJNI is OFF
08-06 17:30:57.488  2259  2259 D ICU     : No timezone override file found: /data/misc/zoneinfo/current/icu/icu_tzdata.dat
08-06 17:30:57.535  2259  2259 I Radio-JNI: register_android_hardware_Radio DONE
08-06 17:30:57.569  2259  2259 D AndroidRuntime: Calling main entry com.android.commands.input.Input
08-06 17:30:57.570  2259  2259 I Input   : injectKeyEvent: KeyEvent { action=ACTION_DOWN, keyCode=KEYCODE_BACK, scanCode=0, metaState=0, flags=0x0, repeatCount=0, eventTime=898273983, downTime=898273983, deviceId=-1, source=0x101 }
08-06 17:30:57.588  2259  2259 I Input   : injectKeyEvent: KeyEvent { action=ACTION_UP, keyCode=KEYCODE_BACK, scanCode=0, metaState=0, flags=0x0, repeatCount=0, eventTime=898273983, downTime=898273983, deviceId=-1, source=0x101 }
08-06 17:30:57.602  2259  2259 D AndroidRuntime: Shutting down VM
08-06 17:30:57.654 13866 13866 I GoogleInputMethodServic: GoogleInputMethodService.onFinishInput():3138 
08-06 17:30:57.655 13866 13866 I GoogleInputMethodServic: GoogleInputMethodService.onStartInput():1808 
08-06 17:30:57.710 31869 32651 I art     : Starting a blocking GC Explicit
08-06 17:30:57.763 31869 32651 I art     : Explicit concurrent mark sweep GC freed 1535(88KB) AllocSpace objects, 1(20KB) LOS objects, 35% free, 29MB/45MB, paused 879us total 52.563ms
08-06 17:30:57.787 31869 32651 I art     : Starting a blocking GC Explicit
08-06 17:30:57.845 31869 32651 I art     : Explicit concurrent mark sweep GC freed 24(864B) AllocSpace objects, 0(0B) LOS objects, 35% free, 29MB/45MB, paused 819us total 56.828ms
08-06 17:30:57.845 31869 31879 I art     : WaitForGcToComplete blocked for 56.607ms for cause HeapTrim
08-06 17:30:57.868 31869 32651 I art     : Starting a blocking GC Explicit
08-06 17:30:57.920 31869 32651 I art     : Explicit concurrent mark sweep GC freed 3(96B) AllocSpace objects, 0(0B) LOS objects, 35% free, 29MB/45MB, paused 611us total 51.702ms
08-06 17:30:57.943 31869 32651 I art     : Starting a blocking GC Explicit
08-06 17:30:57.997 31869 32651 I art     : Explicit concurrent mark sweep GC freed 48(1584B) AllocSpace objects, 0(0B) LOS objects, 35% free, 29MB/45MB, paused 764us total 53.690ms
08-06 17:30:58.022 31869 32651 I art     : Starting a blocking GC Explicit
08-06 17:30:58.075 31869 32651 I art     : Explicit concurrent mark sweep GC freed 23(992B) AllocSpace objects, 0(0B) LOS objects, 35% free, 29MB/45MB, paused 799us total 52.725ms
08-06 17:30:58.464 31869 31882 I art     : Starting a blocking GC Explicit
08-06 17:30:58.543 31869 31882 I art     : Explicit concurrent mark sweep GC freed 1486(89KB) AllocSpace objects, 1(20KB) LOS objects, 35% free, 29MB/45MB, paused 1.204ms total 77.910ms
08-06 17:30:58.573 31869 31882 I art     : Starting a blocking GC Explicit
08-06 17:30:58.634 31869 31882 I art     : Explicit concurrent mark sweep GC freed 20(704B) AllocSpace objects, 0(0B) LOS objects, 35% free, 29MB/45MB, paused 814us total 60.170ms
08-06 17:30:58.659 31869 31882 I art     : Starting a blocking GC Explicit
08-06 17:30:58.724 31869 31882 I art     : Explicit concurrent mark sweep GC freed 3(96B) AllocSpace objects, 0(0B) LOS objects, 35% free, 29MB/45MB, paused 992us total 64.424ms
08-06 17:30:58.752 31869 31882 I art     : Starting a blocking GC Explicit
08-06 17:30:58.812 31869 31882 I art     : Explicit concurrent mark sweep GC freed 3(96B) AllocSpace objects, 0(0B) LOS objects, 35% free, 29MB/45MB, paused 733us total 59.923ms
08-06 17:30:58.838 31869 31882 I art     : Starting a blocking GC Explicit
08-06 17:30:58.896 31869 31882 I art     : Explicit concurrent mark sweep GC freed 3(96B) AllocSpace objects, 0(0B) LOS objects, 35% free, 29MB/45MB, paused 775us total 57.518ms
08-06 17:30:59.253 31869 31881 I art     : Starting a blocking GC Explicit
08-06 17:30:59.325 31869 31881 I art     : Explicit concurrent mark sweep GC freed 1356(82KB) AllocSpace objects, 1(20KB) LOS objects, 35% free, 29MB/45MB, paused 783us total 71.205ms
08-06 17:30:59.350 31869 31881 I art     : Starting a blocking GC Explicit
08-06 17:30:59.408 31869 31881 I art     : Explicit concurrent mark sweep GC freed 20(704B) AllocSpace objects, 0(0B) LOS objects, 35% free, 29MB/45MB, paused 953us total 57.583ms
08-06 17:30:59.433 31869 31881 I art     : Starting a blocking GC Explicit
08-06 17:30:59.492 31869 31881 I art     : Explicit concurrent mark sweep GC freed 3(96B) AllocSpace objects, 0(0B) LOS objects, 35% free, 29MB/45MB, paused 975us total 58.880ms
08-06 17:30:59.494  2298  2298 D AndroidRuntime: >>>>>> START com.android.internal.os.RuntimeInit uid 2000 <<<<<<
08-06 17:30:59.501  2298  2298 D AndroidRuntime: CheckJNI is OFF
08-06 17:30:59.518 31869 31881 I art     : Starting a blocking GC Explicit
08-06 17:30:59.548  2298  2298 D ICU     : No timezone override file found: /data/misc/zoneinfo/current/icu/icu_tzdata.dat
08-06 17:30:59.571 31869 31881 I art     : Explicit concurrent mark sweep GC freed 3(96B) AllocSpace objects, 0(0B) LOS objects, 35% free, 29MB/45MB, paused 887us total 52.604ms
08-06 17:30:59.593  2298  2298 I Radio-JNI: register_android_hardware_Radio DONE
08-06 17:30:59.596 31869 31881 I art     : Starting a blocking GC Explicit
08-06 17:30:59.626  2298  2298 D AndroidRuntime: Calling main entry com.android.commands.input.Input
08-06 17:30:59.629  2298  2298 I Input   : injectMotionEvent: MotionEvent { action=ACTION_DOWN, actionButton=0, id[0]=0, x[0]=600.0, y[0]=1733.0, toolType[0]=TOOL_TYPE_UNKNOWN, buttonState=0, metaState=0, flags=0x0, edgeFlags=0x0, pointerCount=1, historySize=0, eventTime=898276041, downTime=898276041, deviceId=0, source=0x1002 }
08-06 17:30:59.634  2298  2298 I Input   : injectMotionEvent: MotionEvent { action=ACTION_UP, actionButton=0, id[0]=0, x[0]=600.0, y[0]=1733.0, toolType[0]=TOOL_TYPE_UNKNOWN, buttonState=0, metaState=0, flags=0x0, edgeFlags=0x0, pointerCount=1, historySize=0, eventTime=898276041, downTime=898276041, deviceId=0, source=0x1002 }
08-06 17:30:59.637  2298  2298 D AndroidRuntime: Shutting down VM
08-06 17:30:59.648   512  2967 D audio_hw_primary: out_set_parameters: enter: usecase(1: low-latency-playback) kvpairs: routing=2
08-06 17:30:59.649   918  6111 I ActivityManager: START u0 {dat=https://oauth.reddit.com/... cmp=baseline.org.quantumbadger.redreader/.activities.PostListingActivity} from uid 10705 on display 0
08-06 17:30:59.656 31869 31881 I art     : Explicit concurrent mark sweep GC freed 53(1728B) AllocSpace objects, 0(0B) LOS objects, 35% free, 29MB/45MB, paused 1.228ms total 59.895ms
08-06 17:30:59.662   512  2967 D audio_hw_primary: select_devices: out_snd_device(2: speaker) in_snd_device(0: none)
08-06 17:30:59.662   512  2967 D msm8974_platform: platform_send_audio_calibration: sending audio calibration for snd_device(2) acdb_id(15)
08-06 17:30:59.662   512  2967 I soundtrigger: audio_extn_sound_trigger_update_device_status: device 0x2 of type 0 for Event 1
08-06 17:30:59.677   512  2967 D audio_hw_primary: enable_snd_device: snd_device(2: speaker)
08-06 17:30:59.681   512  2967 D audio_hw_primary: enable_audio_route: apply and update mixer path: low-latency-playback speaker
08-06 17:30:59.682 31869 31869 I AppCompatViewInflater: app:theme is now deprecated. Please move to using android:theme instead.
08-06 17:30:59.711 31869  2324 D OK      : calling: https://oauth.reddit.com/r/aww/about.json
08-06 17:30:59.831   918   936 I ActivityManager: Displayed baseline.org.quantumbadger.redreader/.activities.PostListingActivity: +168ms
08-06 17:30:59.837 13866 13866 I GoogleInputMethodServic: GoogleInputMethodService.onFinishInput():3138 
08-06 17:30:59.855 13866 13866 I GoogleInputMethodServic: GoogleInputMethodService.onStartInput():1808 
08-06 17:31:00.078   380   380 W SurfaceFlinger: couldn't log to binary event log: overflow.
08-06 17:31:00.124 31869 32173 I art     : Starting a blocking GC Explicit
08-06 17:31:00.135 31869  2324 I NAPPA_EXPERIMENTATION: MetricNetworkRequestExecutionTime: REQUEST_DURATION_SYSTEM='424',REQUEST_DURATION_OKHTTP='147',REQUEST_SYNCHRONOUS='TRUE',RESPONSE_CODE='200',RESPONSE_METHOD='GET',RESPONSE_LENGTH_OKHTTP='-1',RESPONSE_LENGTH_HEADER='3478',REQUEST_PROTOCOL='h2',REQUEST_URL='https://oauth.reddit.com/r/aww/about.json',
08-06 17:31:00.135 31869  2324 D OK      : request got status: 200
08-06 17:31:00.183 31869 32173 I art     : Explicit concurrent mark sweep GC freed 5941(421KB) AllocSpace objects, 2(88KB) LOS objects, 35% free, 29MB/45MB, paused 1.172ms total 58.932ms
08-06 17:31:00.207 31869 32173 I art     : Starting a blocking GC Explicit
08-06 17:31:00.219   512  2967 D audio_hw_primary: disable_audio_route: reset and update mixer path: low-latency-playback speaker
08-06 17:31:00.220   512  2967 D audio_hw_primary: disable_snd_device: snd_device(2: speaker)
08-06 17:31:00.235   512  2967 I soundtrigger: audio_extn_sound_trigger_update_device_status: device 0x2 of type 0 for Event 0
08-06 17:31:00.266 31869 32173 I art     : Explicit concurrent mark sweep GC freed 1307(78KB) AllocSpace objects, 1(68KB) LOS objects, 35% free, 29MB/45MB, paused 985us total 58.826ms
08-06 17:31:00.290 31869 32173 I art     : Starting a blocking GC Explicit
08-06 17:31:00.345 31869 32173 I art     : Explicit concurrent mark sweep GC freed 136(7KB) AllocSpace objects, 0(0B) LOS objects, 35% free, 29MB/45MB, paused 760us total 54.689ms
08-06 17:31:00.373 31869 32173 I art     : Starting a blocking GC Explicit
08-06 17:31:00.435 31869 32173 I art     : Explicit concurrent mark sweep GC freed 3(96B) AllocSpace objects, 0(0B) LOS objects, 35% free, 29MB/45MB, paused 1.185ms total 61.164ms
08-06 17:31:00.461 31869 32173 I art     : Starting a blocking GC Explicit
08-06 17:31:00.520 31869 32173 I art     : Explicit concurrent mark sweep GC freed 38(1568B) AllocSpace objects, 0(0B) LOS objects, 35% free, 29MB/45MB, paused 835us total 59.217ms
08-06 17:31:00.890 31869 32173 I art     : Starting a blocking GC Explicit
08-06 17:31:00.914 31869  2348 D OK      : calling: https://oauth.reddit.com/r/aww/hot/.json
08-06 17:31:00.955 31869 32173 I art     : Explicit concurrent mark sweep GC freed 1471(87KB) AllocSpace objects, 1(20KB) LOS objects, 35% free, 29MB/45MB, paused 1.160ms total 64.455ms
08-06 17:31:00.981 31869 32173 I art     : Starting a blocking GC Explicit
08-06 17:31:01.020  2174  2174 I ServiceManager: Waiting for service AtCmdFwd...
08-06 17:31:01.041 31869 32173 I art     : Explicit concurrent mark sweep GC freed 42(1568B) AllocSpace objects, 0(0B) LOS objects, 35% free, 29MB/45MB, paused 927us total 59.643ms
08-06 17:31:01.066 31869 32173 I art     : Starting a blocking GC Explicit
08-06 17:31:01.127 31869 32173 I art     : Explicit concurrent mark sweep GC freed 19(1008B) AllocSpace objects, 0(0B) LOS objects, 35% free, 29MB/45MB, paused 886us total 60.194ms
08-06 17:31:01.153 31869 32173 I art     : Starting a blocking GC Explicit
08-06 17:31:01.173 31869  2348 I NAPPA_EXPERIMENTATION: MetricNetworkRequestExecutionTime: REQUEST_DURATION_SYSTEM='259',REQUEST_DURATION_OKHTTP='256',REQUEST_SYNCHRONOUS='TRUE',RESPONSE_CODE='200',RESPONSE_METHOD='GET',RESPONSE_LENGTH_OKHTTP='-1',RESPONSE_LENGTH_HEADER='33430',REQUEST_PROTOCOL='h2',REQUEST_URL='https://oauth.reddit.com/r/aww/hot/.json',
08-06 17:31:01.174 31869  2348 D OK      : request got status: 200
08-06 17:31:01.184 31869 32465 I PostListingFragment: Precaching images: OFF
08-06 17:31:01.184 31869 32465 I PostListingFragment: Precaching comments: OFF
08-06 17:31:01.196 31869  2349 D OK      : calling: https://b.thumbs.redditmedia.com/CKInrczASoQbNvSBStGz11Tok0uCyQoxmZ02sOE37sQ.jpg
08-06 17:31:01.209 31869 32465 I getImgurImageInfo: Image NSO7Npm: trying API v3 with auth
08-06 17:31:01.220 31869  2351 D OK      : calling: https://api.gfycat.com/v1/gfycats/deadlygravecavy
08-06 17:31:01.224 31869  2350 D OK      : calling: https://a.thumbs.redditmedia.com/sKVnLbatvJCZOE2ooe6CgiEftOB3ukgPMdcydbk9CZ4.jpg
08-06 17:31:01.224 31869  2352 D OK      : calling: https://a.thumbs.redditmedia.com/dFt2-stQJkfZ8O7r7ywG9GQsF08fZXxEJfQtAmiJ-F8.jpg
08-06 17:31:01.225 31869 32173 I art     : Explicit concurrent mark sweep GC freed 3067(188KB) AllocSpace objects, 0(0B) LOS objects, 34% free, 29MB/45MB, paused 3.206ms total 71.746ms
08-06 17:31:01.239 31869  2353 D OK      : calling: https://b.thumbs.redditmedia.com/1cAaKl6LkrikiRbLsBzzOvufKqRKuPi3wgjUkX8axkI.jpg
08-06 17:31:01.254 31869 32173 I art     : Starting a blocking GC Explicit
08-06 17:31:01.256 31869  2354 D OK      : calling: https://api.imgur.com/3/image/NSO7Npm
08-06 17:31:01.266 31869  2355 D OK      : calling: https://b.thumbs.redditmedia.com/NUqJWcobH7ToYhCM0w6nnAFZ46ymm9vPD25BC3s7Wco.jpg
08-06 17:31:01.291 31869  2357 D OK      : calling: https://b.thumbs.redditmedia.com/tTmEfIrujbsvZXbhNSQS6Pc7o7ShCaGqZHbYf7nWdfg.jpg
08-06 17:31:01.299 31869  2359 D OK      : calling: https://b.thumbs.redditmedia.com/JTSWFy2_tijPk6cA5noKDydEAMkMJcDmKQTSX178zwc.jpg
08-06 17:31:01.307 31869  2356 D OK      : calling: https://b.thumbs.redditmedia.com/bUY4al781EZ3q7hUlnLebemHCXE3e63_SSxl2uo4Q4A.jpg
08-06 17:31:01.310 31869  2358 D OK      : calling: https://b.thumbs.redditmedia.com/_H8tFMmL5-3GrxYkCtMSHiyNfjbX8pxctOw_vrzyw7o.jpg
08-06 17:31:01.335 31869  2363 D OK      : calling: https://b.thumbs.redditmedia.com/lVNra-iScxkYcYtSstJ-7J7pRAUDRXIwwJhsen1ZK9g.jpg
08-06 17:31:01.342 31869  2361 D OK      : calling: https://b.thumbs.redditmedia.com/N6fiqTp8nJD2l7sUz4nij7j1yHYMTKaflUIrn8E2bAU.jpg
08-06 17:31:01.347 31869  2362 D OK      : calling: https://b.thumbs.redditmedia.com/HkEQtny0bE4H3dMCd_woPsLAXBoPwp_DZ4ioFNIQLKk.jpg
08-06 17:31:01.354 31869 32173 I art     : Explicit concurrent mark sweep GC freed 16704(686KB) AllocSpace objects, 0(0B) LOS objects, 34% free, 30MB/46MB, paused 3.152ms total 95.872ms
08-06 17:31:01.356 31869  2366 D OK      : calling: https://b.thumbs.redditmedia.com/lQKqDneXS8E7ZBD9cUQy4OqOt8PuTneSvVFtnU0pwCE.jpg
08-06 17:31:01.377 31869  2368 D OK      : calling: https://b.thumbs.redditmedia.com/X3yyAViE0gxiHR-kf9Z5xmLa8dKsm8iWJyKdWNVtOhU.jpg
08-06 17:31:01.381 31869  2369 D OK      : calling: https://b.thumbs.redditmedia.com/Bx9FZp8_w10DfFUf_mqVPMfu4Y0h2lo41Dh4tl2eNeQ.jpg
08-06 17:31:01.385 31869  2370 D OK      : calling: https://a.thumbs.redditmedia.com/KpcC72KH04Be3BqxmFbv_Gz7LCy-24GU-70or3KCdJ4.jpg
08-06 17:31:01.391 31869  2372 D OK      : calling: https://a.thumbs.redditmedia.com/cEOtajy3CAQrjwSA3hhSqnPx8bfkRzglo7Lz1SBTmE0.jpg
08-06 17:31:01.392 31869  2373 D OK      : calling: https://b.thumbs.redditmedia.com/RrJbRRjFZWmckrONtkPTloJh52FfqD_XkLMuYuuQvAg.jpg
08-06 17:31:01.395 31869  2374 D OK      : calling: https://b.thumbs.redditmedia.com/chqK3f9u3D7UmfrGP85f4sOQFihMk6q7fFSeMyWs_7E.jpg
08-06 17:31:01.407 31869  2375 D OK      : calling: https://b.thumbs.redditmedia.com/B18Vu5Jw71XCkFOFHimnUC42ya8apHsmcCW-HFmtb6w.jpg
08-06 17:31:01.417 31869  2376 D OK      : calling: https://b.thumbs.redditmedia.com/iZuzjufMpYUYtQRLjRwce4RDb6JYsId95_iezR2Uc0w.jpg
08-06 17:31:01.419 31869  2377 D OK      : calling: https://b.thumbs.redditmedia.com/XNb1kfskabGDLMqv661Q22hBtCb8w5oyePDcFaZi9aY.jpg
08-06 17:31:01.421 31869  2378 D OK      : calling: https://b.thumbs.redditmedia.com/lMqJbh1Z40ffemA0TnSfVnovznn4hvJNue60AsJ-ETs.jpg
08-06 17:31:01.424 31869  2379 D OK      : calling: https://b.thumbs.redditmedia.com/x5l4cICw0WNNvslt5FqVjwj89XrGjrXnNbaSyQRAyCo.jpg
08-06 17:31:01.426 31869  2380 D OK      : calling: https://b.thumbs.redditmedia.com/189nmwjW7eGWBD0J-cxzsUac1V1ZWGzMFC66inY4u4Y.jpg
08-06 17:31:01.429 31869  2381 D OK      : calling: https://b.thumbs.redditmedia.com/d_-UsfmKASoIHi4vZyyjvvwFtm1S7-DEi9AQPOnGIgY.jpg
08-06 17:31:01.431 31869  2382 D OK      : calling: https://v.redd.it/fkewv2f65kd51/DASHPlaylist.mpd
08-06 17:31:01.435 31869  2383 D OK      : calling: https://api.gfycat.com/v1/gfycats/altruisticthankfulankolewatusi
08-06 17:31:01.436 31869  2384 D OK      : calling: https://v.redd.it/ak6rer1hskd51/DASHPlaylist.mpd
08-06 17:31:01.440 31869  2385 D OK      : calling: https://api.gfycat.com/v1/gfycats/foolhardysparklinglarva
08-06 17:31:01.449 31869  2386 D OK      : calling: https://v.redd.it/h49fg58ygjd51/DASHPlaylist.mpd
08-06 17:31:01.460 31869  2387 D OK      : calling: https://v.redd.it/1ewzkieg0jd51/DASHPlaylist.mpd
08-06 17:31:01.465 31869  2388 D OK      : calling: https://v.redd.it/ppmhu2r9thd51/DASHPlaylist.mpd
08-06 17:31:01.474 31869  2389 D OK      : calling: https://v.redd.it/s9qqadf3mid51/DASHPlaylist.mpd
08-06 17:31:01.474 31869  2390 D OK      : calling: https://v.redd.it/b8vazlcb7ld51/DASHPlaylist.mpd
08-06 17:31:01.483 31869  2391 D OK      : calling: https://v.redd.it/ty24o02m1hd51/DASHPlaylist.mpd
08-06 17:31:01.485 31869  2392 D OK      : calling: https://v.redd.it/ar5k8892pid51/DASHPlaylist.mpd
08-06 17:31:01.572 31869 31869 W RecyclerView: Cannot call this method in a scroll callback. Scroll callbacks mightbe run during a measure & layout pass where you cannot change theRecyclerView data. Any method call that might change the structureof the RecyclerView or the adapter contents should be postponed tothe next frame.
08-06 17:31:01.572 31869 31869 W RecyclerView: java.lang.IllegalStateException:  androidx.recyclerview.widget.RecyclerView{984d71f VFED..... .F....ID 0,0-1440,2140 #7f0900ef app:id/scrollbar_recyclerview_recyclerview}, adapter:baseline.org.quantumbadger.redreader.adapters.GroupedRecyclerViewAdapter@8153a6c, layout:androidx.recyclerview.widget.LinearLayoutManager@45ef835, context:baseline.org.quantumbadger.redreader.activities.PostListingActivity@516d89a
08-06 17:31:01.572 31869 31869 W RecyclerView: 	at androidx.recyclerview.widget.RecyclerView.assertNotInLayoutOrScroll(RecyclerView.java:3061)
08-06 17:31:01.572 31869 31869 W RecyclerView: 	at androidx.recyclerview.widget.RecyclerView$RecyclerViewDataObserver.onItemRangeInserted(RecyclerView.java:5555)
08-06 17:31:01.572 31869 31869 W RecyclerView: 	at androidx.recyclerview.widget.RecyclerView$AdapterDataObservable.notifyItemRangeInserted(RecyclerView.java:12278)
08-06 17:31:01.572 31869 31869 W RecyclerView: 	at androidx.recyclerview.widget.RecyclerView$Adapter.notifyItemInserted(RecyclerView.java:7464)
08-06 17:31:01.572 31869 31869 W RecyclerView: 	at baseline.org.quantumbadger.redreader.adapters.GroupedRecyclerViewAdapter.updateHiddenStatus(GroupedRecyclerViewAdapter.java:279)
08-06 17:31:01.572 31869 31869 W RecyclerView: 	at baseline.org.quantumbadger.redreader.adapters.RedditListingManager.setLoadingVisible(RedditListingManager.java:125)
08-06 17:31:01.572 31869 31869 W RecyclerView: 	at baseline.org.quantumbadger.redreader.fragments.PostListingFragment.onLoadMoreItemsCheck(PostListingFragment.java:465)
08-06 17:31:01.572 31869 31869 W RecyclerView: 	at baseline.org.quantumbadger.redreader.fragments.PostListingFragment.access$000(PostListingFragment.java:98)
08-06 17:31:01.572 31869 31869 W RecyclerView: 	at baseline.org.quantumbadger.redreader.fragments.PostListingFragment$2.onScrolled(PostListingFragment.java:215)
08-06 17:31:01.572 31869 31869 W RecyclerView: 	at androidx.recyclerview.widget.RecyclerView.dispatchOnScrolled(RecyclerView.java:5173)
08-06 17:31:01.572 31869 31869 W RecyclerView: 	at androidx.recyclerview.widget.RecyclerView.dispatchLayoutStep3(RecyclerView.java:4231)
08-06 17:31:01.572 31869 31869 W RecyclerView: 	at androidx.recyclerview.widget.RecyclerView.dispatchLayout(RecyclerView.java:3862)
08-06 17:31:01.572 31869 31869 W RecyclerView: 	at androidx.recyclerview.widget.RecyclerView.consumePendingUpdateOperations(RecyclerView.java:1897)
08-06 17:31:01.572 31869 31869 W RecyclerView: 	at androidx.recyclerview.widget.RecyclerView$1.run(RecyclerView.java:414)
08-06 17:31:01.572 31869 31869 W RecyclerView: 	at android.view.Choreographer$CallbackRecord.run(Choreographer.java:858)
08-06 17:31:01.572 31869 31869 W RecyclerView: 	at android.view.Choreographer.doCallbacks(Choreographer.java:670)
08-06 17:31:01.572 31869 31869 W RecyclerView: 	at android.view.Choreographer.doFrame(Choreographer.java:603)
08-06 17:31:01.572 31869 31869 W RecyclerView: 	at android.view.Choreographer$FrameDisplayEventReceiver.run(Choreographer.java:844)
08-06 17:31:01.572 31869 31869 W RecyclerView: 	at android.os.Handler.handleCallback(Handler.java:739)
08-06 17:31:01.572 31869 31869 W RecyclerView: 	at android.os.Handler.dispatchMessage(Handler.java:95)
08-06 17:31:01.572 31869 31869 W RecyclerView: 	at android.os.Looper.loop(Looper.java:148)
08-06 17:31:01.572 31869 31869 W RecyclerView: 	at android.app.ActivityThread.main(ActivityThread.java:5417)
08-06 17:31:01.572 31869 31869 W RecyclerView: 	at java.lang.reflect.Method.invoke(Native Method)
08-06 17:31:01.572 31869 31869 W RecyclerView: 	at com.android.internal.os.ZygoteInit$MethodAndArgsCaller.run(ZygoteInit.java:726)
08-06 17:31:01.572 31869 31869 W RecyclerView: 	at com.android.internal.os.ZygoteInit.main(ZygoteInit.java:616)
08-06 17:31:01.618 31869  2349 I NAPPA_EXPERIMENTATION: MetricNetworkRequestExecutionTime: REQUEST_DURATION_SYSTEM='422',REQUEST_DURATION_OKHTTP='271',REQUEST_SYNCHRONOUS='TRUE',RESPONSE_CODE='200',RESPONSE_METHOD='GET',RESPONSE_LENGTH_OKHTTP='3891',RESPONSE_LENGTH_HEADER='3891',REQUEST_PROTOCOL='h2',REQUEST_URL='https://b.thumbs.redditmedia.com/CKInrczASoQbNvSBStGz11Tok0uCyQoxmZ02sOE37sQ.jpg',
08-06 17:31:01.618 31869  2349 D OK      : request got status: 200
08-06 17:31:01.692 31869  2362 I NAPPA_EXPERIMENTATION: MetricNetworkRequestExecutionTime: REQUEST_DURATION_SYSTEM='342',REQUEST_DURATION_OKHTTP='341',REQUEST_SYNCHRONOUS='TRUE',RESPONSE_CODE='200',RESPONSE_METHOD='GET',RESPONSE_LENGTH_OKHTTP='8699',RESPONSE_LENGTH_HEADER='8699',REQUEST_PROTOCOL='h2',REQUEST_URL='https://b.thumbs.redditmedia.com/HkEQtny0bE4H3dMCd_woPsLAXBoPwp_DZ4ioFNIQLKk.jpg',
08-06 17:31:01.692 31869  2362 D OK      : request got status: 200
08-06 17:31:01.725 31869  2366 I NAPPA_EXPERIMENTATION: MetricNetworkRequestExecutionTime: REQUEST_DURATION_SYSTEM='369',REQUEST_DURATION_OKHTTP='363',REQUEST_SYNCHRONOUS='TRUE',RESPONSE_CODE='200',RESPONSE_METHOD='GET',RESPONSE_LENGTH_OKHTTP='6093',RESPONSE_LENGTH_HEADER='6093',REQUEST_PROTOCOL='h2',REQUEST_URL='https://b.thumbs.redditmedia.com/lQKqDneXS8E7ZBD9cUQy4OqOt8PuTneSvVFtnU0pwCE.jpg',
08-06 17:31:01.725 31869  2366 D OK      : request got status: 200
08-06 17:31:01.727 31869 31893 I art     : Starting a blocking GC Explicit
08-06 17:31:01.740 31869  2369 I NAPPA_EXPERIMENTATION: MetricNetworkRequestExecutionTime: REQUEST_DURATION_SYSTEM='359',REQUEST_DURATION_OKHTTP='357',REQUEST_SYNCHRONOUS='TRUE',RESPONSE_CODE='200',RESPONSE_METHOD='GET',RESPONSE_LENGTH_OKHTTP='5207',RESPONSE_LENGTH_HEADER='5207',REQUEST_PROTOCOL='h2',REQUEST_URL='https://b.thumbs.redditmedia.com/Bx9FZp8_w10DfFUf_mqVPMfu4Y0h2lo41Dh4tl2eNeQ.jpg',
08-06 17:31:01.740 31869  2369 D OK      : request got status: 200
08-06 17:31:01.755 31869  2368 I NAPPA_EXPERIMENTATION: MetricNetworkRequestExecutionTime: REQUEST_DURATION_SYSTEM='377',REQUEST_DURATION_OKHTTP='374',REQUEST_SYNCHRONOUS='TRUE',RESPONSE_CODE='200',RESPONSE_METHOD='GET',RESPONSE_LENGTH_OKHTTP='7078',RESPONSE_LENGTH_HEADER='7078',REQUEST_PROTOCOL='h2',REQUEST_URL='https://b.thumbs.redditmedia.com/X3yyAViE0gxiHR-kf9Z5xmLa8dKsm8iWJyKdWNVtOhU.jpg',
08-06 17:31:01.755 31869  2368 D OK      : request got status: 200
08-06 17:31:01.789 31869  2373 I NAPPA_EXPERIMENTATION: MetricNetworkRequestExecutionTime: REQUEST_DURATION_SYSTEM='397',REQUEST_DURATION_OKHTTP='396',REQUEST_SYNCHRONOUS='TRUE',RESPONSE_CODE='200',RESPONSE_METHOD='GET',RESPONSE_LENGTH_OKHTTP='5229',RESPONSE_LENGTH_HEADER='5229',REQUEST_PROTOCOL='h2',REQUEST_URL='https://b.thumbs.redditmedia.com/RrJbRRjFZWmckrONtkPTloJh52FfqD_XkLMuYuuQvAg.jpg',
08-06 17:31:01.789 31869  2373 D OK      : request got status: 200
08-06 17:31:01.808 31869 31893 I art     : Explicit concurrent mark sweep GC freed 48117(2MB) AllocSpace objects, 16(1004KB) LOS objects, 33% free, 31MB/47MB, paused 3.721ms total 81.020ms
08-06 17:31:01.823 31869  2374 I NAPPA_EXPERIMENTATION: MetricNetworkRequestExecutionTime: REQUEST_DURATION_SYSTEM='428',REQUEST_DURATION_OKHTTP='425',REQUEST_SYNCHRONOUS='TRUE',RESPONSE_CODE='200',RESPONSE_METHOD='GET',RESPONSE_LENGTH_OKHTTP='6163',RESPONSE_LENGTH_HEADER='6163',REQUEST_PROTOCOL='h2',REQUEST_URL='https://b.thumbs.redditmedia.com/chqK3f9u3D7UmfrGP85f4sOQFihMk6q7fFSeMyWs_7E.jpg',
08-06 17:31:01.823 31869  2374 D OK      : request got status: 200
08-06 17:31:01.829 31869  2375 I NAPPA_EXPERIMENTATION: MetricNetworkRequestExecutionTime: REQUEST_DURATION_SYSTEM='420',REQUEST_DURATION_OKHTTP='419',REQUEST_SYNCHRONOUS='TRUE',RESPONSE_CODE='200',RESPONSE_METHOD='GET',RESPONSE_LENGTH_OKHTTP='8835',RESPONSE_LENGTH_HEADER='8835',REQUEST_PROTOCOL='h2',REQUEST_URL='https://b.thumbs.redditmedia.com/B18Vu5Jw71XCkFOFHimnUC42ya8apHsmcCW-HFmtb6w.jpg',
08-06 17:31:01.830 31869  2375 D OK      : request got status: 200
08-06 17:31:01.835 31869 31893 I art     : Starting a blocking GC Explicit
08-06 17:31:01.851 31869  2376 I NAPPA_EXPERIMENTATION: MetricNetworkRequestExecutionTime: REQUEST_DURATION_SYSTEM='434',REQUEST_DURATION_OKHTTP='434',REQUEST_SYNCHRONOUS='TRUE',RESPONSE_CODE='200',RESPONSE_METHOD='GET',RESPONSE_LENGTH_OKHTTP='2861',RESPONSE_LENGTH_HEADER='2861',REQUEST_PROTOCOL='h2',REQUEST_URL='https://b.thumbs.redditmedia.com/iZuzjufMpYUYtQRLjRwce4RDb6JYsId95_iezR2Uc0w.jpg',
08-06 17:31:01.851 31869  2376 D OK      : request got status: 200
08-06 17:31:01.856 31869  2377 I NAPPA_EXPERIMENTATION: MetricNetworkRequestExecutionTime: REQUEST_DURATION_SYSTEM='434',REQUEST_DURATION_OKHTTP='433',REQUEST_SYNCHRONOUS='TRUE',RESPONSE_CODE='200',RESPONSE_METHOD='GET',RESPONSE_LENGTH_OKHTTP='4067',RESPONSE_LENGTH_HEADER='4067',REQUEST_PROTOCOL='h2',REQUEST_URL='https://b.thumbs.redditmedia.com/XNb1kfskabGDLMqv661Q22hBtCb8w5oyePDcFaZi9aY.jpg',
08-06 17:31:01.857 31869  2377 D OK      : request got status: 200
08-06 17:31:01.908 31869 31893 I art     : Explicit concurrent mark sweep GC freed 12441(631KB) AllocSpace objects, 11(808KB) LOS objects, 33% free, 31MB/47MB, paused 3.415ms total 71.648ms
08-06 17:31:01.931 31869 31893 I art     : Starting a blocking GC Explicit
08-06 17:31:01.946 31869  2378 I NAPPA_EXPERIMENTATION: MetricNetworkRequestExecutionTime: REQUEST_DURATION_SYSTEM='524',REQUEST_DURATION_OKHTTP='524',REQUEST_SYNCHRONOUS='TRUE',RESPONSE_CODE='200',RESPONSE_METHOD='GET',RESPONSE_LENGTH_OKHTTP='4249',RESPONSE_LENGTH_HEADER='4249',REQUEST_PROTOCOL='h2',REQUEST_URL='https://b.thumbs.redditmedia.com/lMqJbh1Z40ffemA0TnSfVnovznn4hvJNue60AsJ-ETs.jpg',
08-06 17:31:01.946 31869  2378 D OK      : request got status: 200
08-06 17:31:01.997 31869  2379 I NAPPA_EXPERIMENTATION: MetricNetworkRequestExecutionTime: REQUEST_DURATION_SYSTEM='572',REQUEST_DURATION_OKHTTP='571',REQUEST_SYNCHRONOUS='TRUE',RESPONSE_CODE='200',RESPONSE_METHOD='GET',RESPONSE_LENGTH_OKHTTP='6843',RESPONSE_LENGTH_HEADER='6843',REQUEST_PROTOCOL='h2',REQUEST_URL='https://b.thumbs.redditmedia.com/x5l4cICw0WNNvslt5FqVjwj89XrGjrXnNbaSyQRAyCo.jpg',
08-06 17:31:01.997 31869  2379 D OK      : request got status: 200
08-06 17:31:01.998 31869 31893 I art     : Explicit concurrent mark sweep GC freed 2227(335KB) AllocSpace objects, 20(932KB) LOS objects, 33% free, 32MB/48MB, paused 3.200ms total 65.977ms
08-06 17:31:02.005 31869  2353 I NAPPA_EXPERIMENTATION: MetricNetworkRequestExecutionTime: REQUEST_DURATION_SYSTEM='766',REQUEST_DURATION_OKHTTP='479',REQUEST_SYNCHRONOUS='TRUE',RESPONSE_CODE='200',RESPONSE_METHOD='GET',RESPONSE_LENGTH_OKHTTP='5113',RESPONSE_LENGTH_HEADER='5113',REQUEST_PROTOCOL='h2',REQUEST_URL='https://b.thumbs.redditmedia.com/1cAaKl6LkrikiRbLsBzzOvufKqRKuPi3wgjUkX8axkI.jpg',
08-06 17:31:02.005 31869  2353 D OK      : request got status: 200
08-06 17:31:02.020 31869  2352 I NAPPA_EXPERIMENTATION: MetricNetworkRequestExecutionTime: REQUEST_DURATION_SYSTEM='795',REQUEST_DURATION_OKHTTP='525',REQUEST_SYNCHRONOUS='TRUE',RESPONSE_CODE='200',RESPONSE_METHOD='GET',RESPONSE_LENGTH_OKHTTP='6530',RESPONSE_LENGTH_HEADER='6530',REQUEST_PROTOCOL='h2',REQUEST_URL='https://a.thumbs.redditmedia.com/dFt2-stQJkfZ8O7r7ywG9GQsF08fZXxEJfQtAmiJ-F8.jpg',
08-06 17:31:02.020 31869  2352 D OK      : request got status: 200
08-06 17:31:02.020  2174  2174 I ServiceManager: Waiting for service AtCmdFwd...
08-06 17:31:02.022 31869 31893 I art     : Starting a blocking GC Explicit
08-06 17:31:02.026 31869  2355 I NAPPA_EXPERIMENTATION: MetricNetworkRequestExecutionTime: REQUEST_DURATION_SYSTEM='759',REQUEST_DURATION_OKHTTP='440',REQUEST_SYNCHRONOUS='TRUE',RESPONSE_CODE='200',RESPONSE_METHOD='GET',RESPONSE_LENGTH_OKHTTP='6242',RESPONSE_LENGTH_HEADER='6242',REQUEST_PROTOCOL='h2',REQUEST_URL='https://b.thumbs.redditmedia.com/NUqJWcobH7ToYhCM0w6nnAFZ46ymm9vPD25BC3s7Wco.jpg',
08-06 17:31:02.026 31869  2355 D OK      : request got status: 200
08-06 17:31:02.057 31869  2350 I NAPPA_EXPERIMENTATION: MetricNetworkRequestExecutionTime: REQUEST_DURATION_SYSTEM='833',REQUEST_DURATION_OKHTTP='568',REQUEST_SYNCHRONOUS='TRUE',RESPONSE_CODE='200',RESPONSE_METHOD='GET',RESPONSE_LENGTH_OKHTTP='4487',RESPONSE_LENGTH_HEADER='4487',REQUEST_PROTOCOL='h2',REQUEST_URL='https://a.thumbs.redditmedia.com/sKVnLbatvJCZOE2ooe6CgiEftOB3ukgPMdcydbk9CZ4.jpg',
08-06 17:31:02.057 31869  2350 D OK      : request got status: 200
08-06 17:31:02.068 31869  2380 I NAPPA_EXPERIMENTATION: MetricNetworkRequestExecutionTime: REQUEST_DURATION_SYSTEM='642',REQUEST_DURATION_OKHTTP='641',REQUEST_SYNCHRONOUS='TRUE',RESPONSE_CODE='200',RESPONSE_METHOD='GET',RESPONSE_LENGTH_OKHTTP='6778',RESPONSE_LENGTH_HEADER='6778',REQUEST_PROTOCOL='h2',REQUEST_URL='https://b.thumbs.redditmedia.com/189nmwjW7eGWBD0J-cxzsUac1V1ZWGzMFC66inY4u4Y.jpg',
08-06 17:31:02.068 31869  2380 D OK      : request got status: 200
08-06 17:31:02.091 31869 31893 I art     : Explicit concurrent mark sweep GC freed 5947(381KB) AllocSpace objects, 16(1272KB) LOS objects, 32% free, 33MB/49MB, paused 3.315ms total 68.361ms
08-06 17:31:02.113 31869  2421 D OK      : calling: https://oauth.reddit.com/r/aww/hot/.json?after=t3_hz5odc
08-06 17:31:02.119 31869 31893 I art     : Starting a blocking GC Explicit
08-06 17:31:02.125 31869  2381 I NAPPA_EXPERIMENTATION: MetricNetworkRequestExecutionTime: REQUEST_DURATION_SYSTEM='695',REQUEST_DURATION_OKHTTP='695',REQUEST_SYNCHRONOUS='TRUE',RESPONSE_CODE='200',RESPONSE_METHOD='GET',RESPONSE_LENGTH_OKHTTP='6221',RESPONSE_LENGTH_HEADER='6221',REQUEST_PROTOCOL='h2',REQUEST_URL='https://b.thumbs.redditmedia.com/d_-UsfmKASoIHi4vZyyjvvwFtm1S7-DEi9AQPOnGIgY.jpg',
08-06 17:31:02.125 31869  2381 D OK      : request got status: 200
08-06 17:31:02.181 31869  2354 I NAPPA_EXPERIMENTATION: MetricNetworkRequestExecutionTime: REQUEST_DURATION_SYSTEM='925',REQUEST_DURATION_OKHTTP='482',REQUEST_SYNCHRONOUS='TRUE',RESPONSE_CODE='200',RESPONSE_METHOD='GET',RESPONSE_LENGTH_OKHTTP='-1',RESPONSE_LENGTH_HEADER='379',REQUEST_PROTOCOL='h2',REQUEST_URL='https://api.imgur.com/3/image/NSO7Npm',
08-06 17:31:02.181 31869  2354 D OK      : request got status: 200
08-06 17:31:02.182 31869  2357 I NAPPA_EXPERIMENTATION: MetricNetworkRequestExecutionTime: REQUEST_DURATION_SYSTEM='890',REQUEST_DURATION_OKHTTP='397',REQUEST_SYNCHRONOUS='TRUE',RESPONSE_CODE='200',RESPONSE_METHOD='GET',RESPONSE_LENGTH_OKHTTP='5439',RESPONSE_LENGTH_HEADER='5439',REQUEST_PROTOCOL='h2',REQUEST_URL='https://b.thumbs.redditmedia.com/tTmEfIrujbsvZXbhNSQS6Pc7o7ShCaGqZHbYf7nWdfg.jpg',
08-06 17:31:02.182 31869  2357 D OK      : request got status: 200
08-06 17:31:02.184 31869  2359 I NAPPA_EXPERIMENTATION: MetricNetworkRequestExecutionTime: REQUEST_DURATION_SYSTEM='885',REQUEST_DURATION_OKHTTP='397',REQUEST_SYNCHRONOUS='TRUE',RESPONSE_CODE='200',RESPONSE_METHOD='GET',RESPONSE_LENGTH_OKHTTP='6634',RESPONSE_LENGTH_HEADER='6634',REQUEST_PROTOCOL='h2',REQUEST_URL='https://b.thumbs.redditmedia.com/JTSWFy2_tijPk6cA5noKDydEAMkMJcDmKQTSX178zwc.jpg',
08-06 17:31:02.184 31869  2359 D OK      : request got status: 200
08-06 17:31:02.187 31869  2351 I NAPPA_EXPERIMENTATION: MetricNetworkRequestExecutionTime: REQUEST_DURATION_SYSTEM='967',REQUEST_DURATION_OKHTTP='306',REQUEST_SYNCHRONOUS='TRUE',RESPONSE_CODE='200',RESPONSE_METHOD='GET',RESPONSE_LENGTH_OKHTTP='-1',RESPONSE_LENGTH_HEADER='812',REQUEST_PROTOCOL='http/1.1',REQUEST_URL='https://api.gfycat.com/v1/gfycats/deadlygravecavy',
08-06 17:31:02.187 31869  2351 D OK      : request got status: 200
08-06 17:31:02.196 31869 31893 I art     : Explicit concurrent mark sweep GC freed 1985(231KB) AllocSpace objects, 16(1024KB) LOS objects, 32% free, 33MB/49MB, paused 3.413ms total 76.803ms
08-06 17:31:02.225 31869  2363 I NAPPA_EXPERIMENTATION: MetricNetworkRequestExecutionTime: REQUEST_DURATION_SYSTEM='890',REQUEST_DURATION_OKHTTP='384',REQUEST_SYNCHRONOUS='TRUE',RESPONSE_CODE='200',RESPONSE_METHOD='GET',RESPONSE_LENGTH_OKHTTP='4018',RESPONSE_LENGTH_HEADER='4018',REQUEST_PROTOCOL='h2',REQUEST_URL='https://b.thumbs.redditmedia.com/lVNra-iScxkYcYtSstJ-7J7pRAUDRXIwwJhsen1ZK9g.jpg',
08-06 17:31:02.225 31869  2363 D OK      : request got status: 200
08-06 17:31:02.297 31869  2356 I NAPPA_EXPERIMENTATION: MetricNetworkRequestExecutionTime: REQUEST_DURATION_SYSTEM='990',REQUEST_DURATION_OKHTTP='423',REQUEST_SYNCHRONOUS='TRUE',RESPONSE_CODE='200',RESPONSE_METHOD='GET',RESPONSE_LENGTH_OKHTTP='6131',RESPONSE_LENGTH_HEADER='6131',REQUEST_PROTOCOL='h2',REQUEST_URL='https://b.thumbs.redditmedia.com/bUY4al781EZ3q7hUlnLebemHCXE3e63_SSxl2uo4Q4A.jpg',
08-06 17:31:02.297 31869  2356 D OK      : request got status: 200
08-06 17:31:02.303 31869  2358 I NAPPA_EXPERIMENTATION: MetricNetworkRequestExecutionTime: REQUEST_DURATION_SYSTEM='993',REQUEST_DURATION_OKHTTP='424',REQUEST_SYNCHRONOUS='TRUE',RESPONSE_CODE='200',RESPONSE_METHOD='GET',RESPONSE_LENGTH_OKHTTP='6434',RESPONSE_LENGTH_HEADER='6434',REQUEST_PROTOCOL='h2',REQUEST_URL='https://b.thumbs.redditmedia.com/_H8tFMmL5-3GrxYkCtMSHiyNfjbX8pxctOw_vrzyw7o.jpg',
08-06 17:31:02.304 31869  2358 D OK      : request got status: 200
08-06 17:31:02.325 31869  2370 I NAPPA_EXPERIMENTATION: MetricNetworkRequestExecutionTime: REQUEST_DURATION_SYSTEM='940',REQUEST_DURATION_OKHTTP='306',REQUEST_SYNCHRONOUS='TRUE',RESPONSE_CODE='200',RESPONSE_METHOD='GET',RESPONSE_LENGTH_OKHTTP='4798',RESPONSE_LENGTH_HEADER='4798',REQUEST_PROTOCOL='h2',REQUEST_URL='https://a.thumbs.redditmedia.com/KpcC72KH04Be3BqxmFbv_Gz7LCy-24GU-70or3KCdJ4.jpg',
08-06 17:31:02.325 31869  2370 D OK      : request got status: 200
08-06 17:31:02.358 31869  2372 I NAPPA_EXPERIMENTATION: MetricNetworkRequestExecutionTime: REQUEST_DURATION_SYSTEM='966',REQUEST_DURATION_OKHTTP='269',REQUEST_SYNCHRONOUS='TRUE',RESPONSE_CODE='200',RESPONSE_METHOD='GET',RESPONSE_LENGTH_OKHTTP='5648',RESPONSE_LENGTH_HEADER='5648',REQUEST_PROTOCOL='h2',REQUEST_URL='https://a.thumbs.redditmedia.com/cEOtajy3CAQrjwSA3hhSqnPx8bfkRzglo7Lz1SBTmE0.jpg',
08-06 17:31:02.358 31869  2372 D OK      : request got status: 200
08-06 17:31:02.378 31869  2421 I NAPPA_EXPERIMENTATION: MetricNetworkRequestExecutionTime: REQUEST_DURATION_SYSTEM='265',REQUEST_DURATION_OKHTTP='259',REQUEST_SYNCHRONOUS='TRUE',RESPONSE_CODE='200',RESPONSE_METHOD='GET',RESPONSE_LENGTH_OKHTTP='-1',RESPONSE_LENGTH_HEADER='30610',REQUEST_PROTOCOL='h2',REQUEST_URL='https://oauth.reddit.com/r/aww/hot/.json?after=t3_hz5odc',
08-06 17:31:02.378 31869  2421 D OK      : request got status: 200
08-06 17:31:02.388 31869 32465 I PostListingFragment: Precaching images: OFF
08-06 17:31:02.388 31869 32465 I PostListingFragment: Precaching comments: OFF
08-06 17:31:02.437 31869  2361 I NAPPA_EXPERIMENTATION: MetricNetworkRequestExecutionTime: REQUEST_DURATION_SYSTEM='1094',REQUEST_DURATION_OKHTTP='529',REQUEST_SYNCHRONOUS='TRUE',RESPONSE_CODE='200',RESPONSE_METHOD='GET',RESPONSE_LENGTH_OKHTTP='7265',RESPONSE_LENGTH_HEADER='7265',REQUEST_PROTOCOL='h2',REQUEST_URL='https://b.thumbs.redditmedia.com/N6fiqTp8nJD2l7sUz4nij7j1yHYMTKaflUIrn8E2bAU.jpg',
08-06 17:31:02.437 31869  2361 D OK      : request got status: 200
08-06 17:31:02.502 31869  2383 I NAPPA_EXPERIMENTATION: MetricNetworkRequestExecutionTime: REQUEST_DURATION_SYSTEM='1067',REQUEST_DURATION_OKHTTP='75',REQUEST_SYNCHRONOUS='TRUE',RESPONSE_CODE='200',RESPONSE_METHOD='GET',RESPONSE_LENGTH_OKHTTP='-1',RESPONSE_LENGTH_HEADER='955',REQUEST_PROTOCOL='http/1.1',REQUEST_URL='https://api.gfycat.com/v1/gfycats/altruisticthankfulankolewatusi',
08-06 17:31:02.503 31869  2383 D OK      : request got status: 200
08-06 17:31:02.508 31869 32465 I getImgurImageInfo: Image nLQR2hT: trying API v3 with auth
08-06 17:31:02.585 31869  2446 D OK      : calling: https://b.thumbs.redditmedia.com/WehZGjN94ALGdO0M7RjPJ2EwcyyWVZ_NUn1Fuf7IYWY.jpg
08-06 17:31:02.595 31869  2448 D OK      : calling: https://b.thumbs.redditmedia.com/Xdo4lcQOwuUNK1yxSlXZ0OI8u23ORAr16_AzfAZ1nvU.jpg
08-06 17:31:02.601 31869  2450 D OK      : calling: https://b.thumbs.redditmedia.com/2KMYZ5hTlKXSvNO4hDUPyMba8Yz6skyu1SjUhLq1d9s.jpg
08-06 17:31:02.633 31869  2451 D OK      : calling: https://a.thumbs.redditmedia.com/EFVm-ZqqhARyEaKgtwU74c7tfzEDJvI0uiHXGglFag4.jpg
08-06 17:31:02.641 31869  2452 D OK      : calling: https://b.thumbs.redditmedia.com/qi4bNDKzoPvaSaSx99K2bAjwaRHh1nuOrcbySp1JHdk.jpg
08-06 17:31:02.643 31869  2453 D OK      : calling: https://b.thumbs.redditmedia.com/Ja8yiRMklM2lXd8q60LtBI6CqdmJ5YbWHRiBVFmICJA.jpg
08-06 17:31:02.647 31869  2454 D OK      : calling: https://b.thumbs.redditmedia.com/o5lSsJ_tCgCQxcdjMGaYxuveNluXB1PQT4PokXDhpvc.jpg
08-06 17:31:02.651 31869  2455 D OK      : calling: https://b.thumbs.redditmedia.com/SiCWTmKkQcbiAa7naxAHnw0adTeRkq1dB8QSqzGU7-Q.jpg
08-06 17:31:02.654 31869  2456 D OK      : calling: https://b.thumbs.redditmedia.com/C9qrVibnNxmzfLDKvEHp2v2Bo-Kqme7PoKC52s2o52M.jpg
08-06 17:31:02.660 31869  2457 D OK      : calling: https://a.thumbs.redditmedia.com/Tfsm0ol-ltlxNSBAkZ_4G4302d0hYeOSODkvXidBBR8.jpg
08-06 17:31:02.665 31869  2459 D OK      : calling: https://a.thumbs.redditmedia.com/Kzag-wH9wKRRg2MnPwgoFgXT_2jN_nkJ1lY1aNRQyT4.jpg
08-06 17:31:02.665 31869  2460 D OK      : calling: https://a.thumbs.redditmedia.com/P4gSGpXpi2wDXthNZ-LiwEs5Jvplm6dQ7W7Isqa7un4.jpg
08-06 17:31:02.668 31869  2461 D OK      : calling: https://b.thumbs.redditmedia.com/XkIhgqugP-9Zcb5I9A8o0r-zQJDh_6kastc0oWiiHkI.jpg
08-06 17:31:02.671 31869  2462 D OK      : calling: https://b.thumbs.redditmedia.com/3QPAtixkID9ojpqCAgfspJpruqoq45fM1G-Fx1K2F2A.jpg
08-06 17:31:02.675 31869  2463 D OK      : calling: https://b.thumbs.redditmedia.com/orK4W8Xc99pTzIT6q1waTsppldq24p1qMsHtkNnmu9w.jpg
08-06 17:31:02.680 31869  2464 D OK      : calling: https://b.thumbs.redditmedia.com/B1vXKY_-gTPbs625-RJ1MLIXxzCqfmnCB_0xnGjCECQ.jpg
08-06 17:31:02.683 31869  2465 D OK      : calling: https://a.thumbs.redditmedia.com/ffAKmOqnTuDMNR9MRfCdRtkq_CzN3MVhZxS64ZPYRh4.jpg
08-06 17:31:02.685 31869 31893 I art     : Starting a blocking GC Explicit
08-06 17:31:02.687 31869  2466 D OK      : calling: https://b.thumbs.redditmedia.com/OF1KI_LdSDMMWCy-WgJyRhIcM5fr7kDyu_OnpfRXHfI.jpg
08-06 17:31:02.693 31869  2467 D OK      : calling: https://b.thumbs.redditmedia.com/vuAhA4gGAmYfrTFA4woxZcKgmiDzJ3nAsql2pxcYGFs.jpg
08-06 17:31:02.697 31869  2468 D OK      : calling: https://b.thumbs.redditmedia.com/PtV7mFsO2n0j4YJweZjEqyVJ45hap4hXix9dwj6D0Wg.jpg
08-06 17:31:02.700 31869  2469 D OK      : calling: https://b.thumbs.redditmedia.com/wxTBcOhAgsmbc-TRaGNHpYJYnEOBr2LNsaZ6pCM91Lc.jpg
08-06 17:31:02.703 31869  2470 D OK      : calling: https://b.thumbs.redditmedia.com/Wo7bFIVNZYYuNioRYwZFYxrl6QMk0lT-3W01wrXgHmE.jpg
08-06 17:31:02.706 31869  2471 D OK      : calling: https://b.thumbs.redditmedia.com/NoqMycYTzsyhI0Lq351riEI1mO9p8PvY1QwcZ9Irb9g.jpg
08-06 17:31:02.709 31869  2472 D OK      : calling: https://b.thumbs.redditmedia.com/KrRufqpifph7KM2Le5RdqEYQb24zbB4fizBJpFaH1Pc.jpg
08-06 17:31:02.713 31869  2473 D OK      : calling: https://b.thumbs.redditmedia.com/u2qz17QE3X5G7kkJrgK3HPCdxNQxNkhaWqfIhCuRMvE.jpg
08-06 17:31:02.715 31869  2474 D OK      : calling: https://v.redd.it/syww111dtjd51/DASHPlaylist.mpd
08-06 17:31:02.719 31869  2475 D OK      : calling: https://v.redd.it/pbqrrfb3tkd51/DASHPlaylist.mpd
08-06 17:31:02.721 31869  2476 D OK      : calling: https://v.redd.it/rrygsb8i4ld51/DASHPlaylist.mpd
08-06 17:31:02.724 31869  2477 D OK      : calling: https://v.redd.it/5x6zzipz8ld51/DASHPlaylist.mpd
08-06 17:31:02.726 31869  2478 D OK      : calling: https://v.redd.it/75en73fm5id51/DASHPlaylist.mpd
08-06 17:31:02.728 31869  2479 D OK      : calling: https://api.imgur.com/3/image/nLQR2hT
08-06 17:31:02.731 31869  2480 D OK      : calling: https://v.redd.it/ggz4fyth6hd51/DASHPlaylist.mpd
08-06 17:31:02.734 31869  2483 D OK      : calling: https://v.redd.it/psrknoobrgd51/DASHPlaylist.mpd
08-06 17:31:02.736 31869  2485 D OK      : calling: https://v.redd.it/jk6cwef4wld51/DASHPlaylist.mpd
08-06 17:31:02.739 31869  2486 D OK      : calling: https://v.redd.it/t81s8zfz9ld51/DASHPlaylist.mpd
08-06 17:31:02.741 31869  2487 D OK      : calling: https://v.redd.it/xd6c4yyutgd51/DASHPlaylist.mpd
08-06 17:31:02.748 31869  2489 D OK      : calling: https://v.redd.it/ue0jdgk9zhd51/DASHPlaylist.mpd
08-06 17:31:02.766 31869 31893 I art     : Explicit concurrent mark sweep GC freed 72131(3MB) AllocSpace objects, 70(4MB) LOS objects, 30% free, 35MB/51MB, paused 4.890ms total 80.344ms
08-06 17:31:02.791 31869 31893 I art     : Starting a blocking GC Explicit
08-06 17:31:02.869 31869 31893 I art     : Explicit concurrent mark sweep GC freed 3936(156KB) AllocSpace objects, 0(0B) LOS objects, 31% free, 35MB/51MB, paused 5.045ms total 77.336ms
08-06 17:31:02.883 31869  2384 I NAPPA_EXPERIMENTATION: MetricNetworkRequestExecutionTime: REQUEST_DURATION_SYSTEM='1447',REQUEST_DURATION_OKHTTP='557',REQUEST_SYNCHRONOUS='TRUE',RESPONSE_CODE='200',RESPONSE_METHOD='GET',RESPONSE_LENGTH_OKHTTP='1713',RESPONSE_LENGTH_HEADER='1713',REQUEST_PROTOCOL='h2',REQUEST_URL='https://v.redd.it/ak6rer1hskd51/DASHPlaylist.mpd',
08-06 17:31:02.883 31869  2384 D OK      : request got status: 200
08-06 17:31:02.897 31869 31893 I art     : Starting a blocking GC Explicit
08-06 17:31:02.950 31869  2384 I RedditVideosAPI: For 'https://v.redd.it/ak6rer1hskd51/DASHPlaylist.mpd', got video stream 'https://v.redd.it/ak6rer1hskd51/DASH_360' and audio stream 'null'
08-06 17:31:02.980 31869 31893 I art     : Explicit concurrent mark sweep GC freed 367(52KB) AllocSpace objects, 2(136KB) LOS objects, 31% free, 35MB/51MB, paused 4.842ms total 82.500ms
08-06 17:31:02.980 31869 31879 I art     : WaitForGcToComplete blocked for 59.182ms for cause HeapTrim
08-06 17:31:03.008 31869 31893 I art     : Starting a blocking GC Explicit
08-06 17:31:03.021  2174  2174 I ServiceManager: Waiting for service AtCmdFwd...
08-06 17:31:03.064 31869  2382 I NAPPA_EXPERIMENTATION: MetricNetworkRequestExecutionTime: REQUEST_DURATION_SYSTEM='1633',REQUEST_DURATION_OKHTTP='676',REQUEST_SYNCHRONOUS='TRUE',RESPONSE_CODE='200',RESPONSE_METHOD='GET',RESPONSE_LENGTH_OKHTTP='2700',RESPONSE_LENGTH_HEADER='2700',REQUEST_PROTOCOL='h2',REQUEST_URL='https://v.redd.it/fkewv2f65kd51/DASHPlaylist.mpd',
08-06 17:31:03.064 31869  2382 D OK      : request got status: 200
08-06 17:31:03.079 31869  2386 I NAPPA_EXPERIMENTATION: MetricNetworkRequestExecutionTime: REQUEST_DURATION_SYSTEM='1630',REQUEST_DURATION_OKHTTP='651',REQUEST_SYNCHRONOUS='TRUE',RESPONSE_CODE='200',RESPONSE_METHOD='GET',RESPONSE_LENGTH_OKHTTP='2429',RESPONSE_LENGTH_HEADER='2429',REQUEST_PROTOCOL='h2',REQUEST_URL='https://v.redd.it/h49fg58ygjd51/DASHPlaylist.mpd',
08-06 17:31:03.080 31869  2386 D OK      : request got status: 200
08-06 17:31:03.086 31869  2391 I NAPPA_EXPERIMENTATION: MetricNetworkRequestExecutionTime: REQUEST_DURATION_SYSTEM='1603',REQUEST_DURATION_OKHTTP='593',REQUEST_SYNCHRONOUS='TRUE',RESPONSE_CODE='200',RESPONSE_METHOD='GET',RESPONSE_LENGTH_OKHTTP='2071',RESPONSE_LENGTH_HEADER='2071',REQUEST_PROTOCOL='h2',REQUEST_URL='https://v.redd.it/ty24o02m1hd51/DASHPlaylist.mpd',
08-06 17:31:03.086 31869  2391 D OK      : request got status: 200
08-06 17:31:03.097 31869  2388 I NAPPA_EXPERIMENTATION: MetricNetworkRequestExecutionTime: REQUEST_DURATION_SYSTEM='1632',REQUEST_DURATION_OKHTTP='589',REQUEST_SYNCHRONOUS='TRUE',RESPONSE_CODE='200',RESPONSE_METHOD='GET',RESPONSE_LENGTH_OKHTTP='2787',RESPONSE_LENGTH_HEADER='2787',REQUEST_PROTOCOL='h2',REQUEST_URL='https://v.redd.it/ppmhu2r9thd51/DASHPlaylist.mpd',
08-06 17:31:03.097 31869  2388 D OK      : request got status: 200
08-06 17:31:03.099 31869 31893 I art     : Explicit concurrent mark sweep GC freed 621(52KB) AllocSpace objects, 3(204KB) LOS objects, 30% free, 35MB/51MB, paused 6.089ms total 90.147ms
08-06 17:31:03.123 31869  2386 I RedditVideosAPI: For 'https://v.redd.it/h49fg58ygjd51/DASHPlaylist.mpd', got video stream 'https://v.redd.it/h49fg58ygjd51/DASH_480' and audio stream 'null'
08-06 17:31:03.128 31869 31893 I art     : Starting a blocking GC Explicit
08-06 17:31:03.131 31869  2382 I RedditVideosAPI: For 'https://v.redd.it/fkewv2f65kd51/DASHPlaylist.mpd', got video stream 'https://v.redd.it/fkewv2f65kd51/DASH_480' and audio stream 'https://v.redd.it/fkewv2f65kd51/audio'
08-06 17:31:03.142 31869  2391 I RedditVideosAPI: For 'https://v.redd.it/ty24o02m1hd51/DASHPlaylist.mpd', got video stream 'https://v.redd.it/ty24o02m1hd51/DASH_480' and audio stream 'null'
08-06 17:31:03.158 31869  2388 I RedditVideosAPI: For 'https://v.redd.it/ppmhu2r9thd51/DASHPlaylist.mpd', got video stream 'https://v.redd.it/ppmhu2r9thd51/DASH_480' and audio stream 'null'
08-06 17:31:03.205 31869 31893 I art     : Explicit concurrent mark sweep GC freed 726(211KB) AllocSpace objects, 7(476KB) LOS objects, 30% free, 35MB/51MB, paused 4.447ms total 76.921ms
08-06 17:31:03.331 31869  2385 I NAPPA_EXPERIMENTATION: MetricNetworkRequestExecutionTime: REQUEST_DURATION_SYSTEM='1890',REQUEST_DURATION_OKHTTP='790',REQUEST_SYNCHRONOUS='TRUE',RESPONSE_CODE='200',RESPONSE_METHOD='GET',RESPONSE_LENGTH_OKHTTP='-1',RESPONSE_LENGTH_HEADER='1021',REQUEST_PROTOCOL='http/1.1',REQUEST_URL='https://api.gfycat.com/v1/gfycats/foolhardysparklinglarva',
08-06 17:31:03.331 31869  2385 D OK      : request got status: 200
08-06 17:31:03.362 31869  2387 I NAPPA_EXPERIMENTATION: MetricNetworkRequestExecutionTime: REQUEST_DURATION_SYSTEM='1902',REQUEST_DURATION_OKHTTP='820',REQUEST_SYNCHRONOUS='TRUE',RESPONSE_CODE='200',RESPONSE_METHOD='GET',RESPONSE_LENGTH_OKHTTP='3058',RESPONSE_LENGTH_HEADER='3058',REQUEST_PROTOCOL='h2',REQUEST_URL='https://v.redd.it/1ewzkieg0jd51/DASHPlaylist.mpd',
08-06 17:31:03.362 31869  2387 D OK      : request got status: 200
08-06 17:31:03.375 31869  2390 I NAPPA_EXPERIMENTATION: MetricNetworkRequestExecutionTime: REQUEST_DURATION_SYSTEM='1901',REQUEST_DURATION_OKHTTP='831',REQUEST_SYNCHRONOUS='TRUE',RESPONSE_CODE='200',RESPONSE_METHOD='GET',RESPONSE_LENGTH_OKHTTP='3060',RESPONSE_LENGTH_HEADER='3060',REQUEST_PROTOCOL='h2',REQUEST_URL='https://v.redd.it/b8vazlcb7ld51/DASHPlaylist.mpd',
08-06 17:31:03.375 31869  2390 D OK      : request got status: 200
08-06 17:31:03.384 31869  2389 I NAPPA_EXPERIMENTATION: MetricNetworkRequestExecutionTime: REQUEST_DURATION_SYSTEM='1909',REQUEST_DURATION_OKHTTP='837',REQUEST_SYNCHRONOUS='TRUE',RESPONSE_CODE='200',RESPONSE_METHOD='GET',RESPONSE_LENGTH_OKHTTP='2698',RESPONSE_LENGTH_HEADER='2698',REQUEST_PROTOCOL='h2',REQUEST_URL='https://v.redd.it/s9qqadf3mid51/DASHPlaylist.mpd',
08-06 17:31:03.384 31869  2389 D OK      : request got status: 200
08-06 17:31:03.396 31869  2392 I NAPPA_EXPERIMENTATION: MetricNetworkRequestExecutionTime: REQUEST_DURATION_SYSTEM='1910',REQUEST_DURATION_OKHTTP='811',REQUEST_SYNCHRONOUS='TRUE',RESPONSE_CODE='200',RESPONSE_METHOD='GET',RESPONSE_LENGTH_OKHTTP='2342',RESPONSE_LENGTH_HEADER='2342',REQUEST_PROTOCOL='h2',REQUEST_URL='https://v.redd.it/ar5k8892pid51/DASHPlaylist.mpd',
08-06 17:31:03.396 31869  2392 D OK      : request got status: 200
08-06 17:31:03.398 31869  2474 I NAPPA_EXPERIMENTATION: MetricNetworkRequestExecutionTime: REQUEST_DURATION_SYSTEM='682',REQUEST_DURATION_OKHTTP='682',REQUEST_SYNCHRONOUS='TRUE',RESPONSE_CODE='200',RESPONSE_METHOD='GET',RESPONSE_LENGTH_OKHTTP='2696',RESPONSE_LENGTH_HEADER='2696',REQUEST_PROTOCOL='h2',REQUEST_URL='https://v.redd.it/syww111dtjd51/DASHPlaylist.mpd',
08-06 17:31:03.398 31869  2474 D OK      : request got status: 200
08-06 17:31:03.415 31869  2387 I RedditVideosAPI: For 'https://v.redd.it/1ewzkieg0jd51/DASHPlaylist.mpd', got video stream 'https://v.redd.it/1ewzkieg0jd51/DASH_480' and audio stream 'https://v.redd.it/1ewzkieg0jd51/audio'
08-06 17:31:03.419 31869  2487 I NAPPA_EXPERIMENTATION: MetricNetworkRequestExecutionTime: REQUEST_DURATION_SYSTEM='678',REQUEST_DURATION_OKHTTP='676',REQUEST_SYNCHRONOUS='TRUE',RESPONSE_CODE='200',RESPONSE_METHOD='GET',RESPONSE_LENGTH_OKHTTP='2071',RESPONSE_LENGTH_HEADER='2071',REQUEST_PROTOCOL='h2',REQUEST_URL='https://v.redd.it/xd6c4yyutgd51/DASHPlaylist.mpd',
08-06 17:31:03.419 31869  2487 D OK      : request got status: 200
08-06 17:31:03.421 31869  2475 I NAPPA_EXPERIMENTATION: MetricNetworkRequestExecutionTime: REQUEST_DURATION_SYSTEM='702',REQUEST_DURATION_OKHTTP='701',REQUEST_SYNCHRONOUS='TRUE',RESPONSE_CODE='200',RESPONSE_METHOD='GET',RESPONSE_LENGTH_OKHTTP='2071',RESPONSE_LENGTH_HEADER='2071',REQUEST_PROTOCOL='h2',REQUEST_URL='https://v.redd.it/pbqrrfb3tkd51/DASHPlaylist.mpd',
08-06 17:31:03.421 31869  2475 D OK      : request got status: 200
08-06 17:31:03.423 31869  2476 I NAPPA_EXPERIMENTATION: MetricNetworkRequestExecutionTime: REQUEST_DURATION_SYSTEM='701',REQUEST_DURATION_OKHTTP='701',REQUEST_SYNCHRONOUS='TRUE',RESPONSE_CODE='200',RESPONSE_METHOD='GET',RESPONSE_LENGTH_OKHTTP='3060',RESPONSE_LENGTH_HEADER='3060',REQUEST_PROTOCOL='h2',REQUEST_URL='https://v.redd.it/rrygsb8i4ld51/DASHPlaylist.mpd',
08-06 17:31:03.423 31869  2476 D OK      : request got status: 200
08-06 17:31:03.425 31869  2483 I NAPPA_EXPERIMENTATION: MetricNetworkRequestExecutionTime: REQUEST_DURATION_SYSTEM='691',REQUEST_DURATION_OKHTTP='690',REQUEST_SYNCHRONOUS='TRUE',RESPONSE_CODE='200',RESPONSE_METHOD='GET',RESPONSE_LENGTH_OKHTTP='2427',RESPONSE_LENGTH_HEADER='2427',REQUEST_PROTOCOL='h2',REQUEST_URL='https://v.redd.it/psrknoobrgd51/DASHPlaylist.mpd',
08-06 17:31:03.425 31869  2483 D OK      : request got status: 200
08-06 17:31:03.443 31869  2390 I RedditVideosAPI: For 'https://v.redd.it/b8vazlcb7ld51/DASHPlaylist.mpd', got video stream 'https://v.redd.it/b8vazlcb7ld51/DASH_480' and audio stream 'https://v.redd.it/b8vazlcb7ld51/audio'
08-06 17:31:03.475 31869  2389 I RedditVideosAPI: For 'https://v.redd.it/s9qqadf3mid51/DASHPlaylist.mpd', got video stream 'https://v.redd.it/s9qqadf3mid51/DASH_480' and audio stream 'https://v.redd.it/s9qqadf3mid51/audio'
08-06 17:31:03.490 31869  2392 I RedditVideosAPI: For 'https://v.redd.it/ar5k8892pid51/DASHPlaylist.mpd', got video stream 'https://v.redd.it/ar5k8892pid51/DASH_360' and audio stream 'https://v.redd.it/ar5k8892pid51/audio'
08-06 17:31:03.497 31869  2474 I RedditVideosAPI: For 'https://v.redd.it/syww111dtjd51/DASHPlaylist.mpd', got video stream 'https://v.redd.it/syww111dtjd51/DASH_480' and audio stream 'https://v.redd.it/syww111dtjd51/audio'
08-06 17:31:03.503 31869  2486 I NAPPA_EXPERIMENTATION: MetricNetworkRequestExecutionTime: REQUEST_DURATION_SYSTEM='764',REQUEST_DURATION_OKHTTP='764',REQUEST_SYNCHRONOUS='TRUE',RESPONSE_CODE='200',RESPONSE_METHOD='GET',RESPONSE_LENGTH_OKHTTP='3058',RESPONSE_LENGTH_HEADER='3058',REQUEST_PROTOCOL='h2',REQUEST_URL='https://v.redd.it/t81s8zfz9ld51/DASHPlaylist.mpd',
08-06 17:31:03.503 31869  2486 D OK      : request got status: 200
08-06 17:31:03.511 31869  2487 I RedditVideosAPI: For 'https://v.redd.it/xd6c4yyutgd51/DASHPlaylist.mpd', got video stream 'https://v.redd.it/xd6c4yyutgd51/DASH_480' and audio stream 'null'
08-06 17:31:03.514 31869  2477 I NAPPA_EXPERIMENTATION: MetricNetworkRequestExecutionTime: REQUEST_DURATION_SYSTEM='790',REQUEST_DURATION_OKHTTP='789',REQUEST_SYNCHRONOUS='TRUE',RESPONSE_CODE='200',RESPONSE_METHOD='GET',RESPONSE_LENGTH_OKHTTP='2789',RESPONSE_LENGTH_HEADER='2789',REQUEST_PROTOCOL='h2',REQUEST_URL='https://v.redd.it/5x6zzipz8ld51/DASHPlaylist.mpd',
08-06 17:31:03.514 31869  2477 D OK      : request got status: 200
08-06 17:31:03.518 31869  2478 I NAPPA_EXPERIMENTATION: MetricNetworkRequestExecutionTime: REQUEST_DURATION_SYSTEM='792',REQUEST_DURATION_OKHTTP='791',REQUEST_SYNCHRONOUS='TRUE',RESPONSE_CODE='200',RESPONSE_METHOD='GET',RESPONSE_LENGTH_OKHTTP='2700',RESPONSE_LENGTH_HEADER='2700',REQUEST_PROTOCOL='h2',REQUEST_URL='https://v.redd.it/75en73fm5id51/DASHPlaylist.mpd',
08-06 17:31:03.519 31869  2478 D OK      : request got status: 200
08-06 17:31:03.529 31869  2489 I NAPPA_EXPERIMENTATION: MetricNetworkRequestExecutionTime: REQUEST_DURATION_SYSTEM='781',REQUEST_DURATION_OKHTTP='776',REQUEST_SYNCHRONOUS='TRUE',RESPONSE_CODE='200',RESPONSE_METHOD='GET',RESPONSE_LENGTH_OKHTTP='2344',RESPONSE_LENGTH_HEADER='2344',REQUEST_PROTOCOL='h2',REQUEST_URL='https://v.redd.it/ue0jdgk9zhd51/DASHPlaylist.mpd',
08-06 17:31:03.529 31869  2489 D OK      : request got status: 200
08-06 17:31:03.532 31869  2485 I NAPPA_EXPERIMENTATION: MetricNetworkRequestExecutionTime: REQUEST_DURATION_SYSTEM='795',REQUEST_DURATION_OKHTTP='794',REQUEST_SYNCHRONOUS='TRUE',RESPONSE_CODE='200',RESPONSE_METHOD='GET',RESPONSE_LENGTH_OKHTTP='2071',RESPONSE_LENGTH_HEADER='2071',REQUEST_PROTOCOL='h2',REQUEST_URL='https://v.redd.it/jk6cwef4wld51/DASHPlaylist.mpd',
08-06 17:31:03.532 31869  2485 D OK      : request got status: 200
08-06 17:31:03.535 31869  2480 I NAPPA_EXPERIMENTATION: MetricNetworkRequestExecutionTime: REQUEST_DURATION_SYSTEM='804',REQUEST_DURATION_OKHTTP='804',REQUEST_SYNCHRONOUS='TRUE',RESPONSE_CODE='200',RESPONSE_METHOD='GET',RESPONSE_LENGTH_OKHTTP='1713',RESPONSE_LENGTH_HEADER='1713',REQUEST_PROTOCOL='h2',REQUEST_URL='https://v.redd.it/ggz4fyth6hd51/DASHPlaylist.mpd',
08-06 17:31:03.536 31869  2480 D OK      : request got status: 200
08-06 17:31:03.536 31869  2476 I RedditVideosAPI: For 'https://v.redd.it/rrygsb8i4ld51/DASHPlaylist.mpd', got video stream 'https://v.redd.it/rrygsb8i4ld51/DASH_480' and audio stream 'https://v.redd.it/rrygsb8i4ld51/audio'
08-06 17:31:03.549 31869  2483 I RedditVideosAPI: For 'https://v.redd.it/psrknoobrgd51/DASHPlaylist.mpd', got video stream 'https://v.redd.it/psrknoobrgd51/DASH_480' and audio stream 'null'
08-06 17:31:03.587 31869 32651 I art     : Starting a blocking GC Explicit
08-06 17:31:03.604 31869  2475 I RedditVideosAPI: For 'https://v.redd.it/pbqrrfb3tkd51/DASHPlaylist.mpd', got video stream 'https://v.redd.it/pbqrrfb3tkd51/DASH_480' and audio stream 'null'
08-06 17:31:03.661 31869  2477 I RedditVideosAPI: For 'https://v.redd.it/5x6zzipz8ld51/DASHPlaylist.mpd', got video stream 'https://v.redd.it/5x6zzipz8ld51/DASH_480' and audio stream 'null'
08-06 17:31:03.663 31869 32651 I art     : Explicit concurrent mark sweep GC freed 14574(1478KB) AllocSpace objects, 38(2MB) LOS objects, 30% free, 35MB/51MB, paused 3.476ms total 75.555ms
08-06 17:31:03.670 31869  2489 I RedditVideosAPI: For 'https://v.redd.it/ue0jdgk9zhd51/DASHPlaylist.mpd', got video stream 'https://v.redd.it/ue0jdgk9zhd51/DASH_360' and audio stream 'https://v.redd.it/ue0jdgk9zhd51/audio'
08-06 17:31:03.680 31869  2486 I RedditVideosAPI: For 'https://v.redd.it/t81s8zfz9ld51/DASHPlaylist.mpd', got video stream 'https://v.redd.it/t81s8zfz9ld51/DASH_480' and audio stream 'https://v.redd.it/t81s8zfz9ld51/audio'
08-06 17:31:03.687 31869  2480 I RedditVideosAPI: For 'https://v.redd.it/ggz4fyth6hd51/DASHPlaylist.mpd', got video stream 'https://v.redd.it/ggz4fyth6hd51/DASH_360' and audio stream 'null'
08-06 17:31:03.688 31869 32651 I art     : Starting a blocking GC Explicit
08-06 17:31:03.699 31869  2478 I RedditVideosAPI: For 'https://v.redd.it/75en73fm5id51/DASHPlaylist.mpd', got video stream 'https://v.redd.it/75en73fm5id51/DASH_480' and audio stream 'https://v.redd.it/75en73fm5id51/audio'
08-06 17:31:03.775 31869 32651 W art     : Suspending all threads took: 7.135ms
08-06 17:31:03.786 31869 32651 I art     : Explicit concurrent mark sweep GC freed 28677(1387KB) AllocSpace objects, 10(680KB) LOS objects, 30% free, 35MB/51MB, paused 11.807ms total 97.459ms
08-06 17:31:03.798 31869  2485 I RedditVideosAPI: For 'https://v.redd.it/jk6cwef4wld51/DASHPlaylist.mpd', got video stream 'https://v.redd.it/jk6cwef4wld51/DASH_480' and audio stream 'null'
08-06 17:31:03.839 31869 32651 I art     : Starting a blocking GC Explicit
08-06 17:31:03.876 31869  2466 I NAPPA_EXPERIMENTATION: MetricNetworkRequestExecutionTime: REQUEST_DURATION_SYSTEM='1183',REQUEST_DURATION_OKHTTP='235',REQUEST_SYNCHRONOUS='TRUE',RESPONSE_CODE='200',RESPONSE_METHOD='GET',RESPONSE_LENGTH_OKHTTP='5125',RESPONSE_LENGTH_HEADER='5125',REQUEST_PROTOCOL='h2',REQUEST_URL='https://b.thumbs.redditmedia.com/OF1KI_LdSDMMWCy-WgJyRhIcM5fr7kDyu_OnpfRXHfI.jpg',
08-06 17:31:03.876 31869  2466 D OK      : request got status: 200
08-06 17:31:03.921 31869 32651 I art     : Explicit concurrent mark sweep GC freed 18613(1098KB) AllocSpace objects, 8(460KB) LOS objects, 30% free, 35MB/51MB, paused 2.744ms total 80.394ms
08-06 17:31:03.947 31869 32651 I art     : Starting a blocking GC Explicit
08-06 17:31:03.954 31869  2453 I NAPPA_EXPERIMENTATION: MetricNetworkRequestExecutionTime: REQUEST_DURATION_SYSTEM='1311',REQUEST_DURATION_OKHTTP='325',REQUEST_SYNCHRONOUS='TRUE',RESPONSE_CODE='200',RESPONSE_METHOD='GET',RESPONSE_LENGTH_OKHTTP='5414',RESPONSE_LENGTH_HEADER='5414',REQUEST_PROTOCOL='h2',REQUEST_URL='https://b.thumbs.redditmedia.com/Ja8yiRMklM2lXd8q60LtBI6CqdmJ5YbWHRiBVFmICJA.jpg',
08-06 17:31:03.954 31869  2453 D OK      : request got status: 200
08-06 17:31:04.021  2174  2174 I ServiceManager: Waiting for service AtCmdFwd...
08-06 17:31:04.021 31869 32651 I art     : Explicit concurrent mark sweep GC freed 2759(377KB) AllocSpace objects, 5(256KB) LOS objects, 31% free, 35MB/51MB, paused 2.959ms total 73.716ms
08-06 17:31:04.046 31869  2460 I NAPPA_EXPERIMENTATION: MetricNetworkRequestExecutionTime: REQUEST_DURATION_SYSTEM='1380',REQUEST_DURATION_OKHTTP='387',REQUEST_SYNCHRONOUS='TRUE',RESPONSE_CODE='200',RESPONSE_METHOD='GET',RESPONSE_LENGTH_OKHTTP='5641',RESPONSE_LENGTH_HEADER='5641',REQUEST_PROTOCOL='h2',REQUEST_URL='https://a.thumbs.redditmedia.com/P4gSGpXpi2wDXthNZ-LiwEs5Jvplm6dQ7W7Isqa7un4.jpg',
08-06 17:31:04.046 31869  2460 D OK      : request got status: 200
08-06 17:31:04.049 31869 32651 I art     : Starting a blocking GC Explicit
08-06 17:31:04.068 31869  2463 I NAPPA_EXPERIMENTATION: MetricNetworkRequestExecutionTime: REQUEST_DURATION_SYSTEM='1392',REQUEST_DURATION_OKHTTP='334',REQUEST_SYNCHRONOUS='TRUE',RESPONSE_CODE='200',RESPONSE_METHOD='GET',RESPONSE_LENGTH_OKHTTP='6654',RESPONSE_LENGTH_HEADER='6654',REQUEST_PROTOCOL='h2',REQUEST_URL='https://b.thumbs.redditmedia.com/orK4W8Xc99pTzIT6q1waTsppldq24p1qMsHtkNnmu9w.jpg',
08-06 17:31:04.069 31869  2463 D OK      : request got status: 200
08-06 17:31:04.097 31869  2457 I NAPPA_EXPERIMENTATION: MetricNetworkRequestExecutionTime: REQUEST_DURATION_SYSTEM='1437',REQUEST_DURATION_OKHTTP='336',REQUEST_SYNCHRONOUS='TRUE',RESPONSE_CODE='200',RESPONSE_METHOD='GET',RESPONSE_LENGTH_OKHTTP='7540',RESPONSE_LENGTH_HEADER='7540',REQUEST_PROTOCOL='h2',REQUEST_URL='https://a.thumbs.redditmedia.com/Tfsm0ol-ltlxNSBAkZ_4G4302d0hYeOSODkvXidBBR8.jpg',
08-06 17:31:04.097 31869  2457 D OK      : request got status: 200
08-06 17:31:04.126 31869 32651 I art     : Explicit concurrent mark sweep GC freed 1371(77KB) AllocSpace objects, 3(204KB) LOS objects, 30% free, 35MB/51MB, paused 3.260ms total 76.748ms
08-06 17:31:04.141 31869  2471 I NAPPA_EXPERIMENTATION: MetricNetworkRequestExecutionTime: REQUEST_DURATION_SYSTEM='1435',REQUEST_DURATION_OKHTTP='387',REQUEST_SYNCHRONOUS='TRUE',RESPONSE_CODE='200',RESPONSE_METHOD='GET',RESPONSE_LENGTH_OKHTTP='5648',RESPONSE_LENGTH_HEADER='5648',REQUEST_PROTOCOL='h2',REQUEST_URL='https://b.thumbs.redditmedia.com/NoqMycYTzsyhI0Lq351riEI1mO9p8PvY1QwcZ9Irb9g.jpg',
08-06 17:31:04.141 31869  2471 D OK      : request got status: 200
08-06 17:31:04.153 31869  2451 I NAPPA_EXPERIMENTATION: MetricNetworkRequestExecutionTime: REQUEST_DURATION_SYSTEM='1519',REQUEST_DURATION_OKHTTP='329',REQUEST_SYNCHRONOUS='TRUE',RESPONSE_CODE='200',RESPONSE_METHOD='GET',RESPONSE_LENGTH_OKHTTP='5307',RESPONSE_LENGTH_HEADER='5307',REQUEST_PROTOCOL='h2',REQUEST_URL='https://a.thumbs.redditmedia.com/EFVm-ZqqhARyEaKgtwU74c7tfzEDJvI0uiHXGglFag4.jpg',
08-06 17:31:04.153 31869  2451 D OK      : request got status: 200
08-06 17:31:04.249 31869  2464 I NAPPA_EXPERIMENTATION: MetricNetworkRequestExecutionTime: REQUEST_DURATION_SYSTEM='1568',REQUEST_DURATION_OKHTTP='481',REQUEST_SYNCHRONOUS='TRUE',RESPONSE_CODE='200',RESPONSE_METHOD='GET',RESPONSE_LENGTH_OKHTTP='3864',RESPONSE_LENGTH_HEADER='3864',REQUEST_PROTOCOL='h2',REQUEST_URL='https://b.thumbs.redditmedia.com/B1vXKY_-gTPbs625-RJ1MLIXxzCqfmnCB_0xnGjCECQ.jpg',
08-06 17:31:04.249 31869  2464 D OK      : request got status: 200
08-06 17:31:04.252 31869  2459 I NAPPA_EXPERIMENTATION: MetricNetworkRequestExecutionTime: REQUEST_DURATION_SYSTEM='1587',REQUEST_DURATION_OKHTTP='390',REQUEST_SYNCHRONOUS='TRUE',RESPONSE_CODE='200',RESPONSE_METHOD='GET',RESPONSE_LENGTH_OKHTTP='3635',RESPONSE_LENGTH_HEADER='3635',REQUEST_PROTOCOL='h2',REQUEST_URL='https://a.thumbs.redditmedia.com/Kzag-wH9wKRRg2MnPwgoFgXT_2jN_nkJ1lY1aNRQyT4.jpg',
08-06 17:31:04.252 31869  2459 D OK      : request got status: 200
08-06 17:31:04.259 31869  2454 I NAPPA_EXPERIMENTATION: MetricNetworkRequestExecutionTime: REQUEST_DURATION_SYSTEM='1612',REQUEST_DURATION_OKHTTP='429',REQUEST_SYNCHRONOUS='TRUE',RESPONSE_CODE='200',RESPONSE_METHOD='GET',RESPONSE_LENGTH_OKHTTP='4921',RESPONSE_LENGTH_HEADER='4921',REQUEST_PROTOCOL='h2',REQUEST_URL='https://b.thumbs.redditmedia.com/o5lSsJ_tCgCQxcdjMGaYxuveNluXB1PQT4PokXDhpvc.jpg',
08-06 17:31:04.259 31869  2454 D OK      : request got status: 200
08-06 17:31:04.297 31869  2465 I NAPPA_EXPERIMENTATION: MetricNetworkRequestExecutionTime: REQUEST_DURATION_SYSTEM='1614',REQUEST_DURATION_OKHTTP='431',REQUEST_SYNCHRONOUS='TRUE',RESPONSE_CODE='200',RESPONSE_METHOD='GET',RESPONSE_LENGTH_OKHTTP='4470',RESPONSE_LENGTH_HEADER='4470',REQUEST_PROTOCOL='h2',REQUEST_URL='https://a.thumbs.redditmedia.com/ffAKmOqnTuDMNR9MRfCdRtkq_CzN3MVhZxS64ZPYRh4.jpg',
08-06 17:31:04.298 31869  2465 D OK      : request got status: 200
08-06 17:31:04.310 31869  2470 I NAPPA_EXPERIMENTATION: MetricNetworkRequestExecutionTime: REQUEST_DURATION_SYSTEM='1607',REQUEST_DURATION_OKHTTP='462',REQUEST_SYNCHRONOUS='TRUE',RESPONSE_CODE='200',RESPONSE_METHOD='GET',RESPONSE_LENGTH_OKHTTP='7815',RESPONSE_LENGTH_HEADER='7815',REQUEST_PROTOCOL='h2',REQUEST_URL='https://b.thumbs.redditmedia.com/Wo7bFIVNZYYuNioRYwZFYxrl6QMk0lT-3W01wrXgHmE.jpg',
08-06 17:31:04.310 31869  2470 D OK      : request got status: 200
08-06 17:31:04.330 31869  2456 I NAPPA_EXPERIMENTATION: MetricNetworkRequestExecutionTime: REQUEST_DURATION_SYSTEM='1676',REQUEST_DURATION_OKHTTP='492',REQUEST_SYNCHRONOUS='TRUE',RESPONSE_CODE='200',RESPONSE_METHOD='GET',RESPONSE_LENGTH_OKHTTP='5378',RESPONSE_LENGTH_HEADER='5378',REQUEST_PROTOCOL='h2',REQUEST_URL='https://b.thumbs.redditmedia.com/C9qrVibnNxmzfLDKvEHp2v2Bo-Kqme7PoKC52s2o52M.jpg',
08-06 17:31:04.330 31869  2456 D OK      : request got status: 200
08-06 17:31:04.341 31869  2468 I NAPPA_EXPERIMENTATION: MetricNetworkRequestExecutionTime: REQUEST_DURATION_SYSTEM='1643',REQUEST_DURATION_OKHTTP='582',REQUEST_SYNCHRONOUS='TRUE',RESPONSE_CODE='200',RESPONSE_METHOD='GET',RESPONSE_LENGTH_OKHTTP='5329',RESPONSE_LENGTH_HEADER='5329',REQUEST_PROTOCOL='h2',REQUEST_URL='https://b.thumbs.redditmedia.com/PtV7mFsO2n0j4YJweZjEqyVJ45hap4hXix9dwj6D0Wg.jpg',
08-06 17:31:04.341 31869  2468 D OK      : request got status: 200
08-06 17:31:04.343 31869  2455 I NAPPA_EXPERIMENTATION: MetricNetworkRequestExecutionTime: REQUEST_DURATION_SYSTEM='1691',REQUEST_DURATION_OKHTTP='593',REQUEST_SYNCHRONOUS='TRUE',RESPONSE_CODE='200',RESPONSE_METHOD='GET',RESPONSE_LENGTH_OKHTTP='5968',RESPONSE_LENGTH_HEADER='5968',REQUEST_PROTOCOL='h2',REQUEST_URL='https://b.thumbs.redditmedia.com/SiCWTmKkQcbiAa7naxAHnw0adTeRkq1dB8QSqzGU7-Q.jpg',
08-06 17:31:04.343 31869  2455 D OK      : request got status: 200
08-06 17:31:04.346 31869  2479 I NAPPA_EXPERIMENTATION: MetricNetworkRequestExecutionTime: REQUEST_DURATION_SYSTEM='1617',REQUEST_DURATION_OKHTTP='484',REQUEST_SYNCHRONOUS='TRUE',RESPONSE_CODE='200',RESPONSE_METHOD='GET',RESPONSE_LENGTH_OKHTTP='-1',RESPONSE_LENGTH_HEADER='377',REQUEST_PROTOCOL='h2',REQUEST_URL='https://api.imgur.com/3/image/nLQR2hT',
08-06 17:31:04.346 31869  2479 D OK      : request got status: 200
08-06 17:31:04.346 31869  2461 I NAPPA_EXPERIMENTATION: MetricNetworkRequestExecutionTime: REQUEST_DURATION_SYSTEM='1678',REQUEST_DURATION_OKHTTP='606',REQUEST_SYNCHRONOUS='TRUE',RESPONSE_CODE='200',RESPONSE_METHOD='GET',RESPONSE_LENGTH_OKHTTP='4080',RESPONSE_LENGTH_HEADER='4080',REQUEST_PROTOCOL='h2',REQUEST_URL='https://b.thumbs.redditmedia.com/XkIhgqugP-9Zcb5I9A8o0r-zQJDh_6kastc0oWiiHkI.jpg',
08-06 17:31:04.346 31869  2461 D OK      : request got status: 200
08-06 17:31:04.375 31869  2452 I NAPPA_EXPERIMENTATION: MetricNetworkRequestExecutionTime: REQUEST_DURATION_SYSTEM='1734',REQUEST_DURATION_OKHTTP='548',REQUEST_SYNCHRONOUS='TRUE',RESPONSE_CODE='200',RESPONSE_METHOD='GET',RESPONSE_LENGTH_OKHTTP='4475',RESPONSE_LENGTH_HEADER='4475',REQUEST_PROTOCOL='h2',REQUEST_URL='https://b.thumbs.redditmedia.com/qi4bNDKzoPvaSaSx99K2bAjwaRHh1nuOrcbySp1JHdk.jpg',
08-06 17:31:04.376 31869  2452 D OK      : request got status: 200
08-06 17:31:04.384 31869  2472 I NAPPA_EXPERIMENTATION: MetricNetworkRequestExecutionTime: REQUEST_DURATION_SYSTEM='1675',REQUEST_DURATION_OKHTTP='522',REQUEST_SYNCHRONOUS='TRUE',RESPONSE_CODE='200',RESPONSE_METHOD='GET',RESPONSE_LENGTH_OKHTTP='5198',RESPONSE_LENGTH_HEADER='5198',REQUEST_PROTOCOL='h2',REQUEST_URL='https://b.thumbs.redditmedia.com/KrRufqpifph7KM2Le5RdqEYQb24zbB4fizBJpFaH1Pc.jpg',
08-06 17:31:04.384 31869  2472 D OK      : request got status: 200
08-06 17:31:04.390 31869  2462 I NAPPA_EXPERIMENTATION: MetricNetworkRequestExecutionTime: REQUEST_DURATION_SYSTEM='1719',REQUEST_DURATION_OKHTTP='527',REQUEST_SYNCHRONOUS='TRUE',RESPONSE_CODE='200',RESPONSE_METHOD='GET',RESPONSE_LENGTH_OKHTTP='3183',RESPONSE_LENGTH_HEADER='3183',REQUEST_PROTOCOL='h2',REQUEST_URL='https://b.thumbs.redditmedia.com/3QPAtixkID9ojpqCAgfspJpruqoq45fM1G-Fx1K2F2A.jpg',
08-06 17:31:04.390 31869  2462 D OK      : request got status: 200
08-06 17:31:04.393 31869  2448 I NAPPA_EXPERIMENTATION: MetricNetworkRequestExecutionTime: REQUEST_DURATION_SYSTEM='1798',REQUEST_DURATION_OKHTTP='624',REQUEST_SYNCHRONOUS='TRUE',RESPONSE_CODE='200',RESPONSE_METHOD='GET',RESPONSE_LENGTH_OKHTTP='5191',RESPONSE_LENGTH_HEADER='5191',REQUEST_PROTOCOL='h2',REQUEST_URL='https://b.thumbs.redditmedia.com/Xdo4lcQOwuUNK1yxSlXZ0OI8u23ORAr16_AzfAZ1nvU.jpg',
08-06 17:31:04.393 31869  2448 D OK      : request got status: 200
08-06 17:31:04.403 31869  2467 I NAPPA_EXPERIMENTATION: MetricNetworkRequestExecutionTime: REQUEST_DURATION_SYSTEM='1709',REQUEST_DURATION_OKHTTP='524',REQUEST_SYNCHRONOUS='TRUE',RESPONSE_CODE='200',RESPONSE_METHOD='GET',RESPONSE_LENGTH_OKHTTP='6723',RESPONSE_LENGTH_HEADER='6723',REQUEST_PROTOCOL='h2',REQUEST_URL='https://b.thumbs.redditmedia.com/vuAhA4gGAmYfrTFA4woxZcKgmiDzJ3nAsql2pxcYGFs.jpg',
08-06 17:31:04.403 31869  2467 D OK      : request got status: 200
08-06 17:31:04.407 31869  2446 I NAPPA_EXPERIMENTATION: MetricNetworkRequestExecutionTime: REQUEST_DURATION_SYSTEM='1822',REQUEST_DURATION_OKHTTP='545',REQUEST_SYNCHRONOUS='TRUE',RESPONSE_CODE='200',RESPONSE_METHOD='GET',RESPONSE_LENGTH_OKHTTP='5435',RESPONSE_LENGTH_HEADER='5435',REQUEST_PROTOCOL='h2',REQUEST_URL='https://b.thumbs.redditmedia.com/WehZGjN94ALGdO0M7RjPJ2EwcyyWVZ_NUn1Fuf7IYWY.jpg',
08-06 17:31:04.407 31869  2446 D OK      : request got status: 200
08-06 17:31:04.410 31869  2473 I NAPPA_EXPERIMENTATION: MetricNetworkRequestExecutionTime: REQUEST_DURATION_SYSTEM='1696',REQUEST_DURATION_OKHTTP='547',REQUEST_SYNCHRONOUS='TRUE',RESPONSE_CODE='200',RESPONSE_METHOD='GET',RESPONSE_LENGTH_OKHTTP='5579',RESPONSE_LENGTH_HEADER='5579',REQUEST_PROTOCOL='h2',REQUEST_URL='https://b.thumbs.redditmedia.com/u2qz17QE3X5G7kkJrgK3HPCdxNQxNkhaWqfIhCuRMvE.jpg',
08-06 17:31:04.410 31869  2473 D OK      : request got status: 200
08-06 17:31:04.413 31869  2469 I NAPPA_EXPERIMENTATION: MetricNetworkRequestExecutionTime: REQUEST_DURATION_SYSTEM='1713',REQUEST_DURATION_OKHTTP='534',REQUEST_SYNCHRONOUS='TRUE',RESPONSE_CODE='200',RESPONSE_METHOD='GET',RESPONSE_LENGTH_OKHTTP='6316',RESPONSE_LENGTH_HEADER='6316',REQUEST_PROTOCOL='h2',REQUEST_URL='https://b.thumbs.redditmedia.com/wxTBcOhAgsmbc-TRaGNHpYJYnEOBr2LNsaZ6pCM91Lc.jpg',
08-06 17:31:04.413 31869  2469 D OK      : request got status: 200
08-06 17:31:04.424 31869  2450 I NAPPA_EXPERIMENTATION: MetricNetworkRequestExecutionTime: REQUEST_DURATION_SYSTEM='1822',REQUEST_DURATION_OKHTTP='562',REQUEST_SYNCHRONOUS='TRUE',RESPONSE_CODE='200',RESPONSE_METHOD='GET',RESPONSE_LENGTH_OKHTTP='5098',RESPONSE_LENGTH_HEADER='5098',REQUEST_PROTOCOL='h2',REQUEST_URL='https://b.thumbs.redditmedia.com/2KMYZ5hTlKXSvNO4hDUPyMba8Yz6skyu1SjUhLq1d9s.jpg',
08-06 17:31:04.424 31869  2450 D OK      : request got status: 200
08-06 17:31:04.518 31869 32173 I art     : Starting a blocking GC Explicit
08-06 17:31:04.595 31869 32173 I art     : Explicit concurrent mark sweep GC freed 8944(1019KB) AllocSpace objects, 82(5MB) LOS objects, 28% free, 39MB/55MB, paused 1.498ms total 76.862ms
08-06 17:31:04.622 31869 32173 I art     : Starting a blocking GC Explicit
08-06 17:31:04.684 31869 32173 I art     : Explicit concurrent mark sweep GC freed 2514(378KB) AllocSpace objects, 35(2MB) LOS objects, 28% free, 40MB/56MB, paused 769us total 60.892ms
08-06 17:31:04.708 31869 32173 I art     : Starting a blocking GC Explicit
08-06 17:31:04.774 31869 32173 I art     : Explicit concurrent mark sweep GC freed 811(46KB) AllocSpace objects, 7(440KB) LOS objects, 28% free, 39MB/55MB, paused 803us total 65.377ms
08-06 17:31:04.800 31869 32173 I art     : Starting a blocking GC Explicit
08-06 17:31:04.872 31869 32173 I art     : Explicit concurrent mark sweep GC freed 22(688B) AllocSpace objects, 0(0B) LOS objects, 28% free, 39MB/55MB, paused 1.346ms total 71.252ms
08-06 17:31:04.907 31869 32173 I art     : Starting a blocking GC Explicit
08-06 17:31:04.965 31869 32173 I art     : Explicit concurrent mark sweep GC freed 3(96B) AllocSpace objects, 0(0B) LOS objects, 28% free, 39MB/55MB, paused 790us total 57.372ms
08-06 17:31:05.022  2174  2174 I ServiceManager: Waiting for service AtCmdFwd...
08-06 17:31:05.346 31869 31881 I art     : Starting a blocking GC Explicit
08-06 17:31:05.414 31869 31881 I art     : Explicit concurrent mark sweep GC freed 1357(82KB) AllocSpace objects, 1(20KB) LOS objects, 28% free, 39MB/55MB, paused 858us total 66.939ms
08-06 17:31:05.439 31869 31881 I art     : Starting a blocking GC Explicit
08-06 17:31:05.501 31869 31881 I art     : Explicit concurrent mark sweep GC freed 20(704B) AllocSpace objects, 0(0B) LOS objects, 28% free, 39MB/55MB, paused 968us total 61.243ms
08-06 17:31:05.526 31869 31881 I art     : Starting a blocking GC Explicit
08-06 17:31:05.540  2542  2542 D AndroidRuntime: >>>>>> START com.android.internal.os.RuntimeInit uid 2000 <<<<<<
08-06 17:31:05.546  2542  2542 D AndroidRuntime: CheckJNI is OFF
08-06 17:31:05.585 31869 31881 I art     : Explicit concurrent mark sweep GC freed 3(96B) AllocSpace objects, 0(0B) LOS objects, 28% free, 39MB/55MB, paused 808us total 58.540ms
08-06 17:31:05.596  2542  2542 D ICU     : No timezone override file found: /data/misc/zoneinfo/current/icu/icu_tzdata.dat
08-06 17:31:05.610 31869 31881 I art     : Starting a blocking GC Explicit
08-06 17:31:05.639  2542  2542 I Radio-JNI: register_android_hardware_Radio DONE
08-06 17:31:05.671  2542  2542 D AndroidRuntime: Calling main entry com.android.commands.input.Input
08-06 17:31:05.672 31869 31881 I art     : Explicit concurrent mark sweep GC freed 3(96B) AllocSpace objects, 0(0B) LOS objects, 28% free, 39MB/55MB, paused 959us total 61.921ms
08-06 17:31:05.674  2542  2542 I Input   : injectMotionEvent: MotionEvent { action=ACTION_DOWN, actionButton=0, id[0]=0, x[0]=1340.0, y[0]=1100.0, toolType[0]=TOOL_TYPE_UNKNOWN, buttonState=0, metaState=0, flags=0x0, edgeFlags=0x0, pointerCount=1, historySize=0, eventTime=898282087, downTime=898282087, deviceId=0, source=0x1002 }
08-06 17:31:05.681  2542  2542 I Input   : injectMotionEvent: MotionEvent { action=ACTION_UP, actionButton=0, id[0]=0, x[0]=1340.0, y[0]=1100.0, toolType[0]=TOOL_TYPE_UNKNOWN, buttonState=0, metaState=0, flags=0x0, edgeFlags=0x0, pointerCount=1, historySize=0, eventTime=898282087, downTime=898282087, deviceId=0, source=0x1002 }
08-06 17:31:05.693  2542  2542 D AndroidRuntime: Shutting down VM
08-06 17:31:05.698 31869 31881 I art     : Starting a blocking GC Explicit
08-06 17:31:05.703   512  2967 D audio_hw_primary: out_set_parameters: enter: usecase(1: low-latency-playback) kvpairs: routing=2
08-06 17:31:05.707   918  5481 I ActivityManager: START u0 {dat=https://oauth.reddit.com/... cmp=baseline.org.quantumbadger.redreader/.activities.CommentListingActivity} from uid 10705 on display 0
08-06 17:31:05.716   512  2967 D audio_hw_primary: select_devices: out_snd_device(2: speaker) in_snd_device(0: none)
08-06 17:31:05.716   512  2967 D msm8974_platform: platform_send_audio_calibration: sending audio calibration for snd_device(2) acdb_id(15)
08-06 17:31:05.717   512  2967 I soundtrigger: audio_extn_sound_trigger_update_device_status: device 0x2 of type 0 for Event 1
08-06 17:31:05.729   512  2967 D audio_hw_primary: enable_snd_device: snd_device(2: speaker)
08-06 17:31:05.732   512  2967 D audio_hw_primary: enable_audio_route: apply and update mixer path: low-latency-playback speaker
08-06 17:31:05.743 31869 31869 I AppCompatViewInflater: app:theme is now deprecated. Please move to using android:theme instead.
08-06 17:31:05.766 31869 31881 I art     : Explicit concurrent mark sweep GC freed 1308(63KB) AllocSpace objects, 0(0B) LOS objects, 28% free, 39MB/55MB, paused 1.311ms total 67.752ms
08-06 17:31:05.776 31869  2570 D OK      : calling: https://oauth.reddit.com/comments/hzejrd/.json?sort=confidence
08-06 17:31:05.869   918   936 I ActivityManager: Displayed baseline.org.quantumbadger.redreader/.activities.CommentListingActivity: +152ms
08-06 17:31:05.869 13866 13866 I GoogleInputMethodServic: GoogleInputMethodService.onFinishInput():3138 
08-06 17:31:05.870 13866 13866 I GoogleInputMethodServic: GoogleInputMethodService.onStartInput():1808 
08-06 17:31:06.022  2174  2174 W Atfwd_Sendcmd: AtCmdFwd service not published, waiting... retryCnt : 2
08-06 17:31:06.089 31869  2570 I NAPPA_EXPERIMENTATION: MetricNetworkRequestExecutionTime: REQUEST_DURATION_SYSTEM='313',REQUEST_DURATION_OKHTTP='147',REQUEST_SYNCHRONOUS='TRUE',RESPONSE_CODE='200',RESPONSE_METHOD='GET',RESPONSE_LENGTH_OKHTTP='-1',RESPONSE_LENGTH_HEADER='45890',REQUEST_PROTOCOL='h2',REQUEST_URL='https://oauth.reddit.com/comments/hzejrd/.json?sort=confidence',
08-06 17:31:06.090 31869  2570 D OK      : request got status: 200
08-06 17:31:06.104 31869  2449 I CommentListingActivity: COMMENTS session changed to 5940c5a6-c344-4f83-ab54-a73a3d107df5
08-06 17:31:06.116   380   380 W SurfaceFlinger: couldn't log to binary event log: overflow.
08-06 17:31:06.149 31869 31881 I art     : Starting a blocking GC Explicit
08-06 17:31:06.222 31869 31881 I art     : Explicit concurrent mark sweep GC freed 17968(1403KB) AllocSpace objects, 18(2MB) LOS objects, 29% free, 38MB/54MB, paused 1.412ms total 72.273ms
08-06 17:31:06.248 31869 31881 I art     : Starting a blocking GC Explicit
08-06 17:31:06.279   512  2967 D audio_hw_primary: disable_audio_route: reset and update mixer path: low-latency-playback speaker
08-06 17:31:06.281   512  2967 D audio_hw_primary: disable_snd_device: snd_device(2: speaker)
08-06 17:31:06.292   512  2967 I soundtrigger: audio_extn_sound_trigger_update_device_status: device 0x2 of type 0 for Event 0
08-06 17:31:06.321 31869 31881 I art     : Explicit concurrent mark sweep GC freed 10018(548KB) AllocSpace objects, 0(0B) LOS objects, 29% free, 38MB/54MB, paused 1.885ms total 72.358ms
08-06 17:31:06.347 31869 31881 I art     : Starting a blocking GC Explicit
08-06 17:31:06.429 31869 31881 I art     : Explicit concurrent mark sweep GC freed 9315(560KB) AllocSpace objects, 0(0B) LOS objects, 28% free, 39MB/55MB, paused 1.358ms total 81.365ms
08-06 17:31:06.460 31869 31881 I art     : Starting a blocking GC Explicit
08-06 17:31:06.535 31869 31881 I art     : Explicit concurrent mark sweep GC freed 15868(723KB) AllocSpace objects, 2(136KB) LOS objects, 29% free, 39MB/55MB, paused 1.334ms total 74.303ms
08-06 17:31:06.562 31869 31881 I art     : Starting a blocking GC Explicit
08-06 17:31:06.645 31869 31881 I art     : Explicit concurrent mark sweep GC freed 934(32KB) AllocSpace objects, 0(0B) LOS objects, 29% free, 39MB/55MB, paused 1.551ms total 82.119ms
08-06 17:31:07.032 31869 32651 I art     : Starting a blocking GC Explicit
08-06 17:31:07.109 31869 32651 I art     : Explicit concurrent mark sweep GC freed 1368(83KB) AllocSpace objects, 1(20KB) LOS objects, 29% free, 39MB/55MB, paused 719us total 76.296ms
08-06 17:31:07.139 31869 32651 I art     : Starting a blocking GC Explicit
08-06 17:31:07.215 31869 32651 I art     : Explicit concurrent mark sweep GC freed 66(2544B) AllocSpace objects, 0(0B) LOS objects, 29% free, 39MB/55MB, paused 713us total 75.501ms
08-06 17:31:07.249 31869 32651 I art     : Starting a blocking GC Explicit
08-06 17:31:07.325 31869 32651 I art     : Explicit concurrent mark sweep GC freed 3(96B) AllocSpace objects, 0(0B) LOS objects, 29% free, 39MB/55MB, paused 727us total 75.404ms
08-06 17:31:07.354 31869 32651 I art     : Starting a blocking GC Explicit
08-06 17:31:07.433 31869 32651 I art     : Explicit concurrent mark sweep GC freed 3(96B) AllocSpace objects, 0(0B) LOS objects, 29% free, 39MB/55MB, paused 901us total 78.788ms
08-06 17:31:07.466 31869 32651 I art     : Starting a blocking GC Explicit
08-06 17:31:07.543 31869 32651 I art     : Explicit concurrent mark sweep GC freed 3(96B) AllocSpace objects, 0(0B) LOS objects, 29% free, 39MB/55MB, paused 712us total 76.190ms
08-06 17:31:07.958 31869 32173 I art     : Starting a blocking GC Explicit
08-06 17:31:08.044 31869 32173 I art     : Explicit concurrent mark sweep GC freed 1360(83KB) AllocSpace objects, 1(20KB) LOS objects, 29% free, 39MB/55MB, paused 981us total 85.588ms
08-06 17:31:08.073 31869 32173 I art     : Starting a blocking GC Explicit
08-06 17:31:08.156 31869 32173 I art     : Explicit concurrent mark sweep GC freed 20(704B) AllocSpace objects, 0(0B) LOS objects, 29% free, 39MB/55MB, paused 991us total 82.281ms
08-06 17:31:08.157 31869 31879 I art     : WaitForGcToComplete blocked for 57.509ms for cause HeapTrim
08-06 17:31:08.191 31869 32173 I art     : Starting a blocking GC Explicit
08-06 17:31:08.274 31869 32173 I art     : Explicit concurrent mark sweep GC freed 3(96B) AllocSpace objects, 0(0B) LOS objects, 29% free, 39MB/55MB, paused 870us total 82.161ms
08-06 17:31:08.307 31869 32173 I art     : Starting a blocking GC Explicit
08-06 17:31:08.395 31869 32173 I art     : Explicit concurrent mark sweep GC freed 3(96B) AllocSpace objects, 0(0B) LOS objects, 29% free, 39MB/55MB, paused 905us total 87.996ms
08-06 17:31:08.427 31869 32173 I art     : Starting a blocking GC Explicit
08-06 17:31:08.501 31869 32173 I art     : Explicit concurrent mark sweep GC freed 3(96B) AllocSpace objects, 0(0B) LOS objects, 29% free, 39MB/55MB, paused 739us total 73.792ms
08-06 17:31:08.895 31869 31881 I art     : Starting a blocking GC Explicit
08-06 17:31:08.997 31869 31881 I art     : Explicit concurrent mark sweep GC freed 1358(82KB) AllocSpace objects, 1(20KB) LOS objects, 29% free, 39MB/55MB, paused 952us total 101.538ms
08-06 17:31:09.031 31869 31881 I art     : Starting a blocking GC Explicit
08-06 17:31:09.115 31869 31881 I art     : Explicit concurrent mark sweep GC freed 20(704B) AllocSpace objects, 0(0B) LOS objects, 29% free, 39MB/55MB, paused 845us total 83.570ms
08-06 17:31:09.145 31869 31881 I art     : Starting a blocking GC Explicit
08-06 17:31:09.223 31869 31881 I art     : Explicit concurrent mark sweep GC freed 3(96B) AllocSpace objects, 0(0B) LOS objects, 29% free, 39MB/55MB, paused 950us total 77.995ms
08-06 17:31:09.257 31869 31881 I art     : Starting a blocking GC Explicit
08-06 17:31:09.343 31869 31881 I art     : Explicit concurrent mark sweep GC freed 3(96B) AllocSpace objects, 0(0B) LOS objects, 29% free, 39MB/55MB, paused 843us total 85.269ms
08-06 17:31:09.378 31869 31881 I art     : Starting a blocking GC Explicit
08-06 17:31:09.463 31869 31881 I art     : Explicit concurrent mark sweep GC freed 3(96B) AllocSpace objects, 0(0B) LOS objects, 29% free, 39MB/55MB, paused 1.136ms total 84.693ms
08-06 17:31:09.545   918   918 I ActivityManager: Start proc 2619:com.google.android.videos/u0a72 for service com.google.android.videos/androidx.work.impl.background.systemjob.SystemJobService
08-06 17:31:09.820 31869 31893 I art     : Starting a blocking GC Explicit
08-06 17:31:09.893 31869 31893 I art     : Explicit concurrent mark sweep GC freed 1356(82KB) AllocSpace objects, 1(20KB) LOS objects, 29% free, 39MB/55MB, paused 913us total 72.663ms
08-06 17:31:09.920 31869 31893 I art     : Starting a blocking GC Explicit
08-06 17:31:09.971   918  6029 I ActivityManager: Start proc 2644:com.google.process.gapps/u0a12 for content provider com.google.android.gsf/.gservices.GservicesProvider
08-06 17:31:09.989 31869 31893 I art     : Explicit concurrent mark sweep GC freed 20(704B) AllocSpace objects, 0(0B) LOS objects, 29% free, 39MB/55MB, paused 880us total 68.310ms
08-06 17:31:10.015 31869 31893 I art     : Starting a blocking GC Explicit
08-06 17:31:10.026  2644  2644 W System  : ClassLoader referenced unknown path: /system/priv-app/GoogleServicesFramework/lib/arm64
08-06 17:31:10.044  2644  2644 I GservicesProvider: Gservices pushing to system: true; secure/global: true
08-06 17:31:10.085 31869 31893 I art     : Explicit concurrent mark sweep GC freed 3(96B) AllocSpace objects, 0(0B) LOS objects, 29% free, 39MB/55MB, paused 751us total 69.678ms
08-06 17:31:10.113 31869 31893 I art     : Starting a blocking GC Explicit
08-06 17:31:10.131  2644  2644 I GoogleHttpClient: GMS http client unavailable, use old client
08-06 17:31:10.160   918  5132 I AccountManagerService: getTypesVisibleToCaller: isPermitted? true
08-06 17:31:10.186 31869 31893 I art     : Explicit concurrent mark sweep GC freed 3(96B) AllocSpace objects, 0(0B) LOS objects, 29% free, 39MB/55MB, paused 891us total 72.411ms
08-06 17:31:10.209   918  3359 I AccountManagerService: getTypesVisibleToCaller: isPermitted? true
08-06 17:31:10.213 31869 31893 I art     : Starting a blocking GC Explicit
08-06 17:31:10.280 31869 31893 I art     : Explicit concurrent mark sweep GC freed 3(96B) AllocSpace objects, 0(0B) LOS objects, 29% free, 39MB/55MB, paused 781us total 66.514ms
08-06 17:31:10.301   918   928 I AccountManagerService: getTypesVisibleToCaller: isPermitted? true
08-06 17:31:10.466  2619  2676 W PlayMovies: enb.run:2 User config found
08-06 17:31:10.466  2619  2676 W PlayMovies: 
08-06 17:31:10.623  2619  2619 W PlayMovies: bkd.onCreate:75 Installer Package: com.android.vending
08-06 17:31:10.623  2619  2619 W PlayMovies: 
08-06 17:31:10.638 31869 31882 I art     : Starting a blocking GC Explicit
08-06 17:31:10.705 31869 31882 I art     : Explicit concurrent mark sweep GC freed 1357(83KB) AllocSpace objects, 1(20KB) LOS objects, 29% free, 39MB/55MB, paused 846us total 65.994ms
08-06 17:31:10.708  2619  2619 W MediaSessionCompat: Couldn't find a unique registered media button receiver in the given context.
08-06 17:31:10.718 31869  2569 I RedditChangeDataIO: Writing tmp data file at '/data/user/0/baseline.org.quantumbadger.redreader/files/rr_change_data_tmp.dat'
08-06 17:31:10.719 31869  2569 I RedditChangeDataManager: Taking snapshot...
08-06 17:31:10.719 31869  2569 I RedditChangeDataManager: Writing to stream...
08-06 17:31:10.719 31869  2569 I RedditChangeDataManager: Wrote 6 entries for user ''
08-06 17:31:10.719 31869  2569 I RedditChangeDataManager: All entries written to stream.
08-06 17:31:10.720 31869  2569 I RedditChangeDataIO: Write successful. Atomically replacing data file...
08-06 17:31:10.720 31869  2569 I RedditChangeDataIO: Write complete.
08-06 17:31:10.720 31869  2569 I RedditChangeDataIO: 158 bytes written in 2 ms
08-06 17:31:10.730 31869 31882 I art     : Starting a blocking GC Explicit
08-06 17:31:10.773 12162 12175 I Finsky  : [6220] box.a(8): Received content filters request from com.google.android.videos
08-06 17:31:10.795 31869 31882 I art     : Explicit concurrent mark sweep GC freed 106(5KB) AllocSpace objects, 1(68KB) LOS objects, 29% free, 39MB/55MB, paused 787us total 64.520ms
08-06 17:31:10.814  2619  2700 W PlayMovies: MoviesWorkerWrapper.e:2 Worker was stopped for task with tags: [refresh_license_delayed_forced, com.google.android.apps.play.movies.common.service.workmanager.MoviesWorkerWrapper]
08-06 17:31:10.814  2619  2700 W PlayMovies: 
08-06 17:31:10.822 31869 31882 I art     : Starting a blocking GC Explicit
08-06 17:31:10.862  2619  2701 E WM-WorkerWrapper: Didn't find WorkSpec for id 2c18ba6a-fa67-4047-9ccc-ba83a8d99806
08-06 17:31:10.890   918  4413 I ActivityManager: Killing 6242:com.google.android.apps.gcs/u0a11 (adj 15): empty #17
08-06 17:31:10.899 31869 31882 I art     : Explicit concurrent mark sweep GC freed 6(192B) AllocSpace objects, 0(0B) LOS objects, 29% free, 39MB/55MB, paused 874us total 76.878ms
08-06 17:31:10.926 31869 31882 I art     : Starting a blocking GC Explicit
08-06 17:31:10.995 31869 31882 I art     : Explicit concurrent mark sweep GC freed 3(96B) AllocSpace objects, 0(0B) LOS objects, 29% free, 39MB/55MB, paused 875us total 68.924ms
08-06 17:31:11.007  2619  2707 W PlayMovies: eqo.a:2 Start clean up task with reason 1
08-06 17:31:11.007  2619  2707 W PlayMovies: 
08-06 17:31:11.007  2619  2707 W PlayMovies: eqo.a:3 Start cleanup unpinned content
08-06 17:31:11.007  2619  2707 W PlayMovies: 
08-06 17:31:11.015  2619  2707 W PlayMovies: eqo.a:31 Done cleanup unpinned content: removed 0 files
08-06 17:31:11.015  2619  2707 W PlayMovies: 
08-06 17:31:11.022 31869 31882 I art     : Starting a blocking GC Explicit
08-06 17:31:11.023  2619  2619 E BACKGROUND_QUIT_SAFELY: pending jobs == 0
08-06 17:31:11.028   918  6029 I ActivityManager: Killing 12384:baseline.com.newsblur/u0a698 (adj 15): empty #17
08-06 17:31:11.093 31869 31882 I art     : Explicit concurrent mark sweep GC freed 3(96B) AllocSpace objects, 0(0B) LOS objects, 29% free, 39MB/55MB, paused 707us total 70.658ms
08-06 17:31:11.470 31869 32651 I art     : Starting a blocking GC Explicit
08-06 17:31:11.566 31869 32651 I art     : Explicit concurrent mark sweep GC freed 1595(119KB) AllocSpace objects, 1(20KB) LOS objects, 29% free, 39MB/55MB, paused 896us total 94.586ms
08-06 17:31:11.600 31869 32651 I art     : Starting a blocking GC Explicit
08-06 17:31:11.685 31869 32651 I art     : Explicit concurrent mark sweep GC freed 85(2880B) AllocSpace objects, 0(0B) LOS objects, 29% free, 39MB/55MB, paused 734us total 84.365ms
08-06 17:31:11.717 31869 32651 I art     : Starting a blocking GC Explicit
08-06 17:31:11.795 31869 32651 I art     : Explicit concurrent mark sweep GC freed 3(96B) AllocSpace objects, 0(0B) LOS objects, 29% free, 39MB/55MB, paused 998us total 77.964ms
08-06 17:31:11.829 31869 32651 I art     : Starting a blocking GC Explicit
08-06 17:31:11.905 31869 32651 I art     : Explicit concurrent mark sweep GC freed 3(96B) AllocSpace objects, 0(0B) LOS objects, 29% free, 39MB/55MB, paused 630us total 75.702ms
08-06 17:31:11.934 31869 32651 I art     : Starting a blocking GC Explicit
08-06 17:31:12.008 31869 32651 I art     : Explicit concurrent mark sweep GC freed 3(96B) AllocSpace objects, 0(0B) LOS objects, 29% free, 39MB/55MB, paused 747us total 73.442ms
08-06 17:31:12.211   918  3188 I hubconnection: sensorhub said: 'set_bias 3: -6.2400, 0.0000, 0.0000'
08-06 17:31:12.372 31869 32173 I art     : Starting a blocking GC Explicit
08-06 17:31:12.464 31869 32173 I art     : Explicit concurrent mark sweep GC freed 1358(82KB) AllocSpace objects, 1(20KB) LOS objects, 29% free, 39MB/55MB, paused 889us total 90.718ms
08-06 17:31:12.491 31869 32173 I art     : Starting a blocking GC Explicit
08-06 17:31:12.565 31869 32173 I art     : Explicit concurrent mark sweep GC freed 20(704B) AllocSpace objects, 0(0B) LOS objects, 29% free, 39MB/55MB, paused 862us total 72.749ms
08-06 17:31:12.581  2719  2719 D AndroidRuntime: >>>>>> START com.android.internal.os.RuntimeInit uid 2000 <<<<<<
08-06 17:31:12.587  2719  2719 D AndroidRuntime: CheckJNI is OFF
08-06 17:31:12.593 31869 32173 I art     : Starting a blocking GC Explicit
08-06 17:31:12.640  2719  2719 D ICU     : No timezone override file found: /data/misc/zoneinfo/current/icu/icu_tzdata.dat
08-06 17:31:12.667 31869 32173 I art     : Explicit concurrent mark sweep GC freed 3(96B) AllocSpace objects, 0(0B) LOS objects, 29% free, 39MB/55MB, paused 903us total 73.117ms
08-06 17:31:12.685  2719  2719 I Radio-JNI: register_android_hardware_Radio DONE
08-06 17:31:12.695 31869 32173 I art     : Starting a blocking GC Explicit
08-06 17:31:12.717  2719  2719 D AndroidRuntime: Calling main entry com.android.commands.input.Input
08-06 17:31:12.720  2719  2719 I Input   : injectKeyEvent: KeyEvent { action=ACTION_DOWN, keyCode=KEYCODE_BACK, scanCode=0, metaState=0, flags=0x0, repeatCount=0, eventTime=898289133, downTime=898289133, deviceId=-1, source=0x101 }
08-06 17:31:12.728  2719  2719 I Input   : injectKeyEvent: KeyEvent { action=ACTION_UP, keyCode=KEYCODE_BACK, scanCode=0, metaState=0, flags=0x0, repeatCount=0, eventTime=898289133, downTime=898289133, deviceId=-1, source=0x101 }
08-06 17:31:12.734  2719  2719 D AndroidRuntime: Shutting down VM
08-06 17:31:12.768 31869 32173 I art     : Explicit concurrent mark sweep GC freed 134(4KB) AllocSpace objects, 0(0B) LOS objects, 29% free, 39MB/55MB, paused 944us total 72.688ms
08-06 17:31:12.786 13866 13866 I GoogleInputMethodServic: GoogleInputMethodService.onFinishInput():3138 
08-06 17:31:12.787 13866 13866 I GoogleInputMethodServic: GoogleInputMethodService.onStartInput():1808 
08-06 17:31:12.794 31869 32173 I art     : Starting a blocking GC Explicit
08-06 17:31:12.867 31869 32173 I art     : Explicit concurrent mark sweep GC freed 126(4KB) AllocSpace objects, 0(0B) LOS objects, 29% free, 39MB/55MB, paused 843us total 72.382ms
08-06 17:31:13.089   380   380 W SurfaceFlinger: couldn't log to binary event log: overflow.
08-06 17:31:13.231 31869 32173 I art     : Starting a blocking GC Explicit
08-06 17:31:13.310 31869 32173 I art     : Explicit concurrent mark sweep GC freed 1433(85KB) AllocSpace objects, 1(20KB) LOS objects, 29% free, 39MB/55MB, paused 758us total 78.149ms
08-06 17:31:13.315 31869 31879 I art     : WaitForGcToComplete blocked for 40.296ms for cause HeapTrim
08-06 17:31:13.342 31869 32173 I art     : Starting a blocking GC Explicit
08-06 17:31:13.406 31869 32173 I art     : Explicit concurrent mark sweep GC freed 41343(2MB) AllocSpace objects, 5(140KB) LOS objects, 30% free, 36MB/52MB, paused 693us total 63.691ms
08-06 17:31:13.432 31869 32173 I art     : Starting a blocking GC Explicit
08-06 17:31:13.492 31869 32173 I art     : Explicit concurrent mark sweep GC freed 3(96B) AllocSpace objects, 0(0B) LOS objects, 30% free, 36MB/52MB, paused 687us total 59.439ms
08-06 17:31:13.517 31869 32173 I art     : Starting a blocking GC Explicit
08-06 17:31:13.577 31869 32173 I art     : Explicit concurrent mark sweep GC freed 3(96B) AllocSpace objects, 0(0B) LOS objects, 30% free, 36MB/52MB, paused 640us total 58.894ms
08-06 17:31:13.602 31869 32173 I art     : Starting a blocking GC Explicit
08-06 17:31:13.662 31869 32173 I art     : Explicit concurrent mark sweep GC freed 3(96B) AllocSpace objects, 0(0B) LOS objects, 30% free, 36MB/52MB, paused 667us total 59.439ms
08-06 17:31:14.039 31869 31882 I art     : Starting a blocking GC Explicit
08-06 17:31:14.098 31869 31882 I art     : Explicit concurrent mark sweep GC freed 1356(82KB) AllocSpace objects, 1(20KB) LOS objects, 30% free, 36MB/52MB, paused 736us total 58.073ms
08-06 17:31:14.123 31869 31882 I art     : Starting a blocking GC Explicit
08-06 17:31:14.180 31869 31882 I art     : Explicit concurrent mark sweep GC freed 20(704B) AllocSpace objects, 0(0B) LOS objects, 30% free, 36MB/52MB, paused 784us total 56.737ms
08-06 17:31:14.205 31869 31882 I art     : Starting a blocking GC Explicit
08-06 17:31:14.264 31869 31882 I art     : Explicit concurrent mark sweep GC freed 3(96B) AllocSpace objects, 0(0B) LOS objects, 30% free, 36MB/52MB, paused 747us total 58.205ms
08-06 17:31:14.289 31869 31882 I art     : Starting a blocking GC Explicit
08-06 17:31:14.347 31869 31882 I art     : Explicit concurrent mark sweep GC freed 3(96B) AllocSpace objects, 0(0B) LOS objects, 30% free, 36MB/52MB, paused 787us total 57.869ms
08-06 17:31:14.372 31869 31882 I art     : Starting a blocking GC Explicit
08-06 17:31:14.431 31869 31882 I art     : Explicit concurrent mark sweep GC freed 3(96B) AllocSpace objects, 0(0B) LOS objects, 30% free, 36MB/52MB, paused 751us total 57.933ms
08-06 17:31:14.624  2763  2763 D AndroidRuntime: >>>>>> START com.android.internal.os.RuntimeInit uid 2000 <<<<<<
08-06 17:31:14.630  2763  2763 D AndroidRuntime: CheckJNI is OFF
08-06 17:31:14.679  2763  2763 D ICU     : No timezone override file found: /data/misc/zoneinfo/current/icu/icu_tzdata.dat
08-06 17:31:14.724  2763  2763 I Radio-JNI: register_android_hardware_Radio DONE
08-06 17:31:14.756  2763  2763 D AndroidRuntime: Calling main entry com.android.commands.input.Input
08-06 17:31:14.758  2763  2763 I Input   : injectMotionEvent: MotionEvent { action=ACTION_DOWN, actionButton=0, id[0]=0, x[0]=600.0, y[0]=938.0, toolType[0]=TOOL_TYPE_UNKNOWN, buttonState=0, metaState=0, flags=0x0, edgeFlags=0x0, pointerCount=1, historySize=0, eventTime=898291170, downTime=898291170, deviceId=0, source=0x1002 }
08-06 17:31:14.764  2763  2763 I Input   : injectMotionEvent: MotionEvent { action=ACTION_UP, actionButton=0, id[0]=0, x[0]=600.0, y[0]=938.0, toolType[0]=TOOL_TYPE_UNKNOWN, buttonState=0, metaState=0, flags=0x0, edgeFlags=0x0, pointerCount=1, historySize=0, eventTime=898291170, downTime=898291170, deviceId=0, source=0x1002 }
08-06 17:31:14.766  2763  2763 D AndroidRuntime: Shutting down VM
08-06 17:31:14.781   918  3961 I ActivityManager: START u0 {dat=https://gfycat.com/... cmp=baseline.org.quantumbadger.redreader/.activities.ImageViewActivity (has extras)} from uid 10705 on display 0
08-06 17:31:14.783   512  2967 D audio_hw_primary: out_set_parameters: enter: usecase(1: low-latency-playback) kvpairs: routing=2
08-06 17:31:14.798   512  2967 D audio_hw_primary: select_devices: out_snd_device(2: speaker) in_snd_device(0: none)
08-06 17:31:14.798   512  2967 D msm8974_platform: platform_send_audio_calibration: sending audio calibration for snd_device(2) acdb_id(15)
08-06 17:31:14.799   512  2967 I soundtrigger: audio_extn_sound_trigger_update_device_status: device 0x2 of type 0 for Event 1
08-06 17:31:14.800 31869 31893 I art     : Starting a blocking GC Explicit
08-06 17:31:14.819   512  2967 D audio_hw_primary: enable_snd_device: snd_device(2: speaker)
08-06 17:31:14.822   512  2967 D audio_hw_primary: enable_audio_route: apply and update mixer path: low-latency-playback speaker
08-06 17:31:14.830 31869 31869 I ImageViewActivity: Loading URL https://gfycat.com/deadlygravecavy
08-06 17:31:14.844 31869  2449 I ImageViewActivity: Got image URL: https://giant.gfycat.com/DeadlyGraveCavy.mp4
08-06 17:31:14.844 31869  2449 I ImageViewActivity: Got image Type: video/mp4
08-06 17:31:14.844 31869  2449 I ImageViewActivity: Got media Type: VIDEO
08-06 17:31:14.844 31869  2449 I ImageViewActivity: Media type VIDEO detected
08-06 17:31:14.844 31869  2449 I ImageViewActivity: Proceeding with download
08-06 17:31:14.848 31869  2788 D OK      : calling: https://giant.gfycat.com/DeadlyGraveCavy.mp4
08-06 17:31:14.861 31869 31893 I art     : Explicit concurrent mark sweep GC freed 3790(251KB) AllocSpace objects, 1(20KB) LOS objects, 30% free, 37MB/53MB, paused 1.235ms total 60.757ms
08-06 17:31:14.886 31869 31893 I art     : Starting a blocking GC Explicit
08-06 17:31:14.897 13866 13866 I GoogleInputMethodServic: GoogleInputMethodService.onFinishInput():3138 
08-06 17:31:14.898 13866 13866 I GoogleInputMethodServic: GoogleInputMethodService.onStartInput():1808 
08-06 17:31:14.935   918   936 I ActivityManager: Displayed baseline.org.quantumbadger.redreader/.activities.ImageViewActivity: +129ms
08-06 17:31:14.950 31869 31893 I art     : Explicit concurrent mark sweep GC freed 287(27KB) AllocSpace objects, 0(0B) LOS objects, 30% free, 36MB/52MB, paused 1.349ms total 63.580ms
08-06 17:31:14.981 31869 31893 I art     : Starting a blocking GC Explicit
08-06 17:31:15.034 31869 31893 I art     : Explicit concurrent mark sweep GC freed 117(7KB) AllocSpace objects, 0(0B) LOS objects, 30% free, 36MB/52MB, paused 733us total 52.823ms
08-06 17:31:15.060 31869 31893 I art     : Starting a blocking GC Explicit
08-06 17:31:15.128 31869 31893 I art     : Explicit concurrent mark sweep GC freed 1765(68KB) AllocSpace objects, 0(0B) LOS objects, 30% free, 36MB/52MB, paused 1.541ms total 67.475ms
08-06 17:31:15.160 31869 31893 I art     : Starting a blocking GC Explicit
08-06 17:31:15.176   380   380 W SurfaceFlinger: couldn't log to binary event log: overflow.
08-06 17:31:15.217 31869  2788 I NAPPA_EXPERIMENTATION: MetricNetworkRequestExecutionTime: REQUEST_DURATION_SYSTEM='368',REQUEST_DURATION_OKHTTP='146',REQUEST_SYNCHRONOUS='TRUE',RESPONSE_CODE='200',RESPONSE_METHOD='GET',RESPONSE_LENGTH_OKHTTP='1942309',RESPONSE_LENGTH_HEADER='1942309',REQUEST_PROTOCOL='h2',REQUEST_URL='https://giant.gfycat.com/DeadlyGraveCavy.mp4',
08-06 17:31:15.217 31869  2788 D OK      : request got status: 200
08-06 17:31:15.224 31869 31893 I art     : Explicit concurrent mark sweep GC freed 275(19KB) AllocSpace objects, 0(0B) LOS objects, 30% free, 37MB/53MB, paused 759us total 63.977ms
08-06 17:31:15.369   512  2967 D audio_hw_primary: disable_audio_route: reset and update mixer path: low-latency-playback speaker
08-06 17:31:15.372   512  2967 D audio_hw_primary: disable_snd_device: snd_device(2: speaker)
08-06 17:31:15.388   512  2967 I soundtrigger: audio_extn_sound_trigger_update_device_status: device 0x2 of type 0 for Event 0
08-06 17:31:15.587 31869 31882 I art     : Starting a blocking GC Explicit
08-06 17:31:15.618 31869 31869 I ImageViewActivity: Playing video using ExoPlayer
08-06 17:31:15.652 31869 31882 I art     : Explicit concurrent mark sweep GC freed 4074(1286KB) AllocSpace objects, 2(88KB) LOS objects, 30% free, 37MB/53MB, paused 1.805ms total 64.591ms
08-06 17:31:15.665 31869 31869 I ExoPlayerImpl: Init 10cc9af [ExoPlayerLib/2.10.8] [angler, Nexus 6P, Huawei, 23]
08-06 17:31:15.678 31869 31882 I art     : Starting a blocking GC Explicit
08-06 17:31:15.745 31869 31882 I art     : Explicit concurrent mark sweep GC freed 2619(293KB) AllocSpace objects, 1(68KB) LOS objects, 29% free, 37MB/53MB, paused 2.836ms total 66.186ms
08-06 17:31:15.769 31869 31882 I art     : Starting a blocking GC Explicit
08-06 17:31:15.825 31869 31882 I art     : Explicit concurrent mark sweep GC freed 1098(137KB) AllocSpace objects, 2(84KB) LOS objects, 29% free, 38MB/54MB, paused 971us total 55.990ms
08-06 17:31:15.849 31869 31882 I art     : Starting a blocking GC Explicit
08-06 17:31:15.913 31869 31882 I art     : Explicit concurrent mark sweep GC freed 327(32KB) AllocSpace objects, 2(84KB) LOS objects, 29% free, 37MB/53MB, paused 1.292ms total 63.261ms
08-06 17:31:15.939 31869  2802 W VideoCapabilities: Unrecognized profile 2130706433 for video/avc
08-06 17:31:15.939 31869 31882 I art     : Starting a blocking GC Explicit
08-06 17:31:15.985 31869  2802 I VideoCapabilities: Unsupported profile 4 for video/mp4v-es
08-06 17:31:16.004 31869 31882 I art     : Explicit concurrent mark sweep GC freed 4963(204KB) AllocSpace objects, 0(0B) LOS objects, 29% free, 38MB/54MB, paused 2.547ms total 64.921ms
08-06 17:31:16.010 31869  2805 I OMXClient: Using client-side OMX mux.
08-06 17:31:16.023  2174  2174 I ServiceManager: Waiting for service AtCmdFwd...
08-06 17:31:16.192   512 15071 I OMX-VDEC-1080P: component_init: OMX.qcom.video.decoder.avc : fd=49
08-06 17:31:16.193   512 15071 I OMX-VDEC-1080P: Capabilities: driver_name = msm_vidc_driver, card = msm_vdec_8974, bus_info = , version = 1, capabilities = 4003000
08-06 17:31:16.198   512 15071 I OMX-VDEC-1080P: Enabling default extradata for OMX.qcom.video.decoder.avc
08-06 17:31:16.201   512 15071 I OMX-VDEC-1080P: omx_vdec::component_init() success : fd=49
08-06 17:31:16.205 31869  2804 I MediaCodec: [OMX.qcom.video.decoder.avc] setting surface generation to 32633857
08-06 17:31:16.207   512 12837 E OMX-VDEC-1080P: Extension: OMX.google.android.index.storeANWBufferInMetadata not implemented
08-06 17:31:16.236 31869  2805 D SurfaceUtils: set up nativeWindow 0x7f7b4ba410 for 360x306, color 0x7fa30c04, rotation 0, usage 0x42002900
08-06 17:31:16.274 31869  2805 D SurfaceUtils: set up nativeWindow 0x7f7b4ba410 for 368x320, color 0x7fa30c04, rotation 0, usage 0x42002900
08-06 17:31:16.367 31869 31881 I art     : Starting a blocking GC Explicit
08-06 17:31:16.430 31869 31881 I art     : Explicit concurrent mark sweep GC freed 1789(148KB) AllocSpace objects, 2(88KB) LOS objects, 28% free, 40MB/56MB, paused 1.035ms total 62.617ms
08-06 17:31:16.456 31869 31881 I art     : Starting a blocking GC Explicit
08-06 17:31:16.518 31869 31881 I art     : Explicit concurrent mark sweep GC freed 57(2176B) AllocSpace objects, 0(0B) LOS objects, 28% free, 40MB/56MB, paused 1.027ms total 61.991ms
08-06 17:31:16.544 31869 31881 I art     : Starting a blocking GC Explicit
08-06 17:31:16.606 31869 31881 I art     : Explicit concurrent mark sweep GC freed 29(1072B) AllocSpace objects, 0(0B) LOS objects, 28% free, 40MB/56MB, paused 1.035ms total 61.703ms
08-06 17:31:16.633 31869 31881 I art     : Starting a blocking GC Explicit
08-06 17:31:16.695 31869 31881 I art     : Explicit concurrent mark sweep GC freed 32(1200B) AllocSpace objects, 0(0B) LOS objects, 28% free, 40MB/56MB, paused 1.045ms total 61.772ms
08-06 17:31:16.721 31869 31881 I art     : Starting a blocking GC Explicit
08-06 17:31:16.785 31869 31881 I art     : Explicit concurrent mark sweep GC freed 34(1248B) AllocSpace objects, 0(0B) LOS objects, 28% free, 40MB/56MB, paused 1.077ms total 63.355ms
08-06 17:31:17.023  2174  2174 I ServiceManager: Waiting for service AtCmdFwd...
08-06 17:31:17.185 31869 32173 I art     : Starting a blocking GC Explicit
08-06 17:31:17.254 31869 32173 I art     : Explicit concurrent mark sweep GC freed 1509(88KB) AllocSpace objects, 1(20KB) LOS objects, 28% free, 40MB/56MB, paused 1.003ms total 68.885ms
08-06 17:31:17.280 31869 32173 I art     : Starting a blocking GC Explicit
08-06 17:31:17.346 31869 32173 I art     : Explicit concurrent mark sweep GC freed 53(1952B) AllocSpace objects, 0(0B) LOS objects, 28% free, 40MB/56MB, paused 1.061ms total 65.172ms
08-06 17:31:17.372 31869 32173 I art     : Starting a blocking GC Explicit
08-06 17:31:17.438 31869 32173 I art     : Explicit concurrent mark sweep GC freed 32(1232B) AllocSpace objects, 0(0B) LOS objects, 28% free, 40MB/56MB, paused 952us total 65.753ms
08-06 17:31:17.466 31869 32173 I art     : Starting a blocking GC Explicit
08-06 17:31:17.530 31869 32173 I art     : Explicit concurrent mark sweep GC freed 36(1344B) AllocSpace objects, 0(0B) LOS objects, 28% free, 40MB/56MB, paused 1.139ms total 63.528ms
08-06 17:31:17.556 31869 32173 I art     : Starting a blocking GC Explicit
08-06 17:31:17.620 31869 32173 I art     : Explicit concurrent mark sweep GC freed 32(1200B) AllocSpace objects, 0(0B) LOS objects, 28% free, 40MB/56MB, paused 984us total 63.679ms
08-06 17:31:17.986 31869 31893 I art     : Starting a blocking GC Explicit
08-06 17:31:18.024  2174  2174 I ServiceManager: Waiting for service AtCmdFwd...
08-06 17:31:18.052 31869 31893 I art     : Explicit concurrent mark sweep GC freed 1492(87KB) AllocSpace objects, 1(20KB) LOS objects, 28% free, 40MB/56MB, paused 851us total 65.223ms
08-06 17:31:18.077 31869 31893 I art     : Starting a blocking GC Explicit
08-06 17:31:18.139 31869 31893 I art     : Explicit concurrent mark sweep GC freed 53(1952B) AllocSpace objects, 0(0B) LOS objects, 28% free, 40MB/56MB, paused 1.039ms total 61.485ms
08-06 17:31:18.165 31869 31893 I art     : Starting a blocking GC Explicit
08-06 17:31:18.228 31869 31893 I art     : Explicit concurrent mark sweep GC freed 32(1200B) AllocSpace objects, 0(0B) LOS objects, 28% free, 40MB/56MB, paused 1.178ms total 62.752ms
08-06 17:31:18.254 31869 31893 I art     : Starting a blocking GC Explicit
08-06 17:31:18.319 31869 31893 I art     : Explicit concurrent mark sweep GC freed 34(1248B) AllocSpace objects, 0(0B) LOS objects, 28% free, 40MB/56MB, paused 1.079ms total 64.144ms
08-06 17:31:18.346 31869 31893 I art     : Starting a blocking GC Explicit
08-06 17:31:18.411 31869 31893 I art     : Explicit concurrent mark sweep GC freed 31(1168B) AllocSpace objects, 0(0B) LOS objects, 28% free, 40MB/56MB, paused 894us total 64.610ms
08-06 17:31:18.787 31869 32651 I art     : Starting a blocking GC Explicit
08-06 17:31:18.854 31869 32651 I art     : Explicit concurrent mark sweep GC freed 1501(88KB) AllocSpace objects, 1(20KB) LOS objects, 28% free, 40MB/56MB, paused 914us total 66.462ms
08-06 17:31:18.880 31869 32651 I art     : Starting a blocking GC Explicit
08-06 17:31:18.946 31869 32651 I art     : Explicit concurrent mark sweep GC freed 53(1952B) AllocSpace objects, 0(0B) LOS objects, 28% free, 40MB/56MB, paused 1.371ms total 65.020ms
08-06 17:31:18.973 31869 32651 I art     : Starting a blocking GC Explicit
08-06 17:31:19.025  2174  2174 I ServiceManager: Waiting for service AtCmdFwd...
08-06 17:31:19.037 31869 32651 I art     : Explicit concurrent mark sweep GC freed 37(1392B) AllocSpace objects, 0(0B) LOS objects, 28% free, 40MB/56MB, paused 815us total 63.169ms
08-06 17:31:19.063 31869 32651 I art     : Starting a blocking GC Explicit
08-06 17:31:19.127 31869 32651 I art     : Explicit concurrent mark sweep GC freed 31(1136B) AllocSpace objects, 0(0B) LOS objects, 28% free, 40MB/56MB, paused 1.002ms total 64.132ms
08-06 17:31:19.154 31869 32651 I art     : Starting a blocking GC Explicit
08-06 17:31:19.219 31869 32651 I art     : Explicit concurrent mark sweep GC freed 35(1312B) AllocSpace objects, 0(0B) LOS objects, 28% free, 40MB/56MB, paused 1.087ms total 65.327ms
08-06 17:31:19.617 31869 32651 I art     : Starting a blocking GC Explicit
08-06 17:31:19.682 31869 32651 I art     : Explicit concurrent mark sweep GC freed 1506(88KB) AllocSpace objects, 1(20KB) LOS objects, 28% free, 40MB/56MB, paused 742us total 64.897ms
08-06 17:31:19.708 31869 32651 I art     : Starting a blocking GC Explicit
08-06 17:31:19.772 31869 32651 I art     : Explicit concurrent mark sweep GC freed 53(1952B) AllocSpace objects, 0(0B) LOS objects, 28% free, 40MB/56MB, paused 830us total 63.481ms
08-06 17:31:19.798 31869 32651 I art     : Starting a blocking GC Explicit
08-06 17:31:19.804 31869  2787 I RedditChangeDataIO: Writing tmp data file at '/data/user/0/baseline.org.quantumbadger.redreader/files/rr_change_data_tmp.dat'
08-06 17:31:19.805 31869  2787 I RedditChangeDataManager: Taking snapshot...
08-06 17:31:19.805 31869  2787 I RedditChangeDataManager: Writing to stream...
08-06 17:31:19.805 31869  2787 I RedditChangeDataManager: Wrote 6 entries for user ''
08-06 17:31:19.806 31869  2787 I RedditChangeDataManager: All entries written to stream.
08-06 17:31:19.806 31869  2787 I RedditChangeDataIO: Write successful. Atomically replacing data file...
08-06 17:31:19.806 31869  2787 I RedditChangeDataIO: Write complete.
08-06 17:31:19.806 31869  2787 I RedditChangeDataIO: 158 bytes written in 2 ms
08-06 17:31:19.863 31869 32651 I art     : Explicit concurrent mark sweep GC freed 111(5KB) AllocSpace objects, 1(68KB) LOS objects, 28% free, 40MB/56MB, paused 915us total 64.555ms
08-06 17:31:19.890 31869 32651 I art     : Starting a blocking GC Explicit
08-06 17:31:19.955 31869 32651 I art     : Explicit concurrent mark sweep GC freed 39(1600B) AllocSpace objects, 0(0B) LOS objects, 28% free, 40MB/56MB, paused 799us total 64.579ms
08-06 17:31:19.981 31869 32651 I art     : Starting a blocking GC Explicit
08-06 17:31:20.025  2174  2174 I ServiceManager: Waiting for service AtCmdFwd...
08-06 17:31:20.048 31869 32651 I art     : Explicit concurrent mark sweep GC freed 36(1344B) AllocSpace objects, 0(0B) LOS objects, 28% free, 40MB/56MB, paused 1.042ms total 66.337ms
08-06 17:31:20.433 31869 32651 I art     : Starting a blocking GC Explicit
08-06 17:31:20.500 31869 32651 I art     : Explicit concurrent mark sweep GC freed 1515(88KB) AllocSpace objects, 1(20KB) LOS objects, 28% free, 40MB/56MB, paused 1.184ms total 66.421ms
08-06 17:31:20.527 31869 32651 I art     : Starting a blocking GC Explicit
08-06 17:31:20.591 31869 32651 I art     : Explicit concurrent mark sweep GC freed 71(3056B) AllocSpace objects, 0(0B) LOS objects, 28% free, 40MB/56MB, paused 987us total 63.766ms
08-06 17:31:20.618 31869 32651 I art     : Starting a blocking GC Explicit
08-06 17:31:20.684 31869 32651 I art     : Explicit concurrent mark sweep GC freed 194(31KB) AllocSpace objects, 0(0B) LOS objects, 28% free, 40MB/56MB, paused 755us total 65.220ms
08-06 17:31:20.710 31869 32651 I art     : Starting a blocking GC Explicit
08-06 17:31:20.773 31869 32651 I art     : Explicit concurrent mark sweep GC freed 101(3KB) AllocSpace objects, 0(0B) LOS objects, 28% free, 40MB/56MB, paused 743us total 62.678ms
08-06 17:31:20.801 31869 32651 I art     : Starting a blocking GC Explicit
08-06 17:31:20.864 31869 32651 I art     : Explicit concurrent mark sweep GC freed 32(1200B) AllocSpace objects, 0(0B) LOS objects, 28% free, 40MB/56MB, paused 968us total 62.603ms
08-06 17:31:21.025  2174  2174 W Atfwd_Sendcmd: AtCmdFwd service not published, waiting... retryCnt : 3
08-06 17:31:21.222 31869 32173 I art     : Starting a blocking GC Explicit
08-06 17:31:21.287 31869 32173 I art     : Explicit concurrent mark sweep GC freed 1505(88KB) AllocSpace objects, 1(20KB) LOS objects, 28% free, 40MB/56MB, paused 925us total 64.197ms
08-06 17:31:21.312 31869 32173 I art     : Starting a blocking GC Explicit
08-06 17:31:21.372 31869 32173 I art     : Explicit concurrent mark sweep GC freed 48(1744B) AllocSpace objects, 0(0B) LOS objects, 28% free, 40MB/56MB, paused 783us total 59.607ms
08-06 17:31:21.397 31869 32173 I art     : Starting a blocking GC Explicit
08-06 17:31:21.459 31869 32173 I art     : Explicit concurrent mark sweep GC freed 30(1136B) AllocSpace objects, 0(0B) LOS objects, 28% free, 40MB/56MB, paused 829us total 61.196ms
08-06 17:31:21.484 31869 32173 I art     : Starting a blocking GC Explicit
08-06 17:31:21.546 31869 32173 I art     : Explicit concurrent mark sweep GC freed 32(1200B) AllocSpace objects, 0(0B) LOS objects, 28% free, 40MB/56MB, paused 738us total 61.661ms
08-06 17:31:21.571 31869 32173 I art     : Starting a blocking GC Explicit
08-06 17:31:21.631 31869 32173 I art     : Explicit concurrent mark sweep GC freed 29(1072B) AllocSpace objects, 0(0B) LOS objects, 28% free, 40MB/56MB, paused 992us total 59.968ms
08-06 17:31:21.674  2874  2874 D AndroidRuntime: >>>>>> START com.android.internal.os.RuntimeInit uid 2000 <<<<<<
08-06 17:31:21.680  2874  2874 D AndroidRuntime: CheckJNI is OFF
08-06 17:31:21.734  2874  2874 D ICU     : No timezone override file found: /data/misc/zoneinfo/current/icu/icu_tzdata.dat
08-06 17:31:21.784  2874  2874 I Radio-JNI: register_android_hardware_Radio DONE
08-06 17:31:21.817  2874  2874 D AndroidRuntime: Calling main entry com.android.commands.input.Input
08-06 17:31:21.820  2874  2874 I Input   : injectKeyEvent: KeyEvent { action=ACTION_DOWN, keyCode=KEYCODE_BACK, scanCode=0, metaState=0, flags=0x0, repeatCount=0, eventTime=898298233, downTime=898298233, deviceId=-1, source=0x101 }
08-06 17:31:21.827  2874  2874 I Input   : injectKeyEvent: KeyEvent { action=ACTION_UP, keyCode=KEYCODE_BACK, scanCode=0, metaState=0, flags=0x0, repeatCount=0, eventTime=898298233, downTime=898298233, deviceId=-1, source=0x101 }
08-06 17:31:21.839  2874  2874 D AndroidRuntime: Shutting down VM
08-06 17:31:21.895 13866 13866 I GoogleInputMethodServic: GoogleInputMethodService.onFinishInput():3138 
08-06 17:31:21.896 13866 13866 I GoogleInputMethodServic: GoogleInputMethodService.onStartInput():1808 
08-06 17:31:21.991 31869  2804 I MediaCodec: [OMX.qcom.video.decoder.avc] setting surface generation to 32633858
08-06 17:31:21.992 31869  2805 D SurfaceUtils: set up nativeWindow 0x7f7b4bb210 for 368x320, color 0x7fa30c04, rotation 0, usage 0x42002900
08-06 17:31:22.017 31869 32651 I art     : Starting a blocking GC Explicit
08-06 17:31:22.084 31869 32651 I art     : Explicit concurrent mark sweep GC freed 1763(99KB) AllocSpace objects, 1(20KB) LOS objects, 28% free, 40MB/56MB, paused 1.104ms total 66.071ms
08-06 17:31:22.112 31869 32651 I art     : Starting a blocking GC Explicit
08-06 17:31:22.197 31869 32651 I art     : Explicit concurrent mark sweep GC freed 67(2464B) AllocSpace objects, 0(0B) LOS objects, 28% free, 40MB/56MB, paused 1.175ms total 84.092ms
08-06 17:31:22.214   380   380 W SurfaceFlinger: couldn't log to binary event log: overflow.
08-06 17:31:22.214 31869 31869 I ExoPlayerImpl: Release 10cc9af [ExoPlayerLib/2.10.8] [angler, Nexus 6P, Huawei, 23] [goog.exo.core, goog.exo.ui]
08-06 17:31:22.224 31869 32651 I art     : Starting a blocking GC Explicit
08-06 17:31:22.231   512 12932 I OMX-VDEC-1080P: omx_vdec::component_deinit() complete
08-06 17:31:22.234   512 12932 I OMX-VDEC-1080P: Exit OMX vdec Destructor: fd=49
08-06 17:31:22.279 31869 32651 I art     : Explicit concurrent mark sweep GC freed 422(101KB) AllocSpace objects, 35(2MB) LOS objects, 29% free, 37MB/53MB, paused 755us total 54.773ms
08-06 17:31:22.302 31869 32651 I art     : Starting a blocking GC Explicit
08-06 17:31:22.363 31869 32651 I art     : Explicit concurrent mark sweep GC freed 32(1760B) AllocSpace objects, 0(0B) LOS objects, 29% free, 37MB/53MB, paused 760us total 60.169ms
08-06 17:31:22.389 31869 32651 I art     : Starting a blocking GC Explicit
08-06 17:31:22.452 31869 32651 I art     : Explicit concurrent mark sweep GC freed 2880(160KB) AllocSpace objects, 4(200KB) LOS objects, 29% free, 37MB/53MB, paused 695us total 62.827ms
08-06 17:31:22.828 31869 32173 I art     : Starting a blocking GC Explicit
08-06 17:31:22.908 31869 32173 I art     : Explicit concurrent mark sweep GC freed 1356(82KB) AllocSpace objects, 1(20KB) LOS objects, 29% free, 37MB/53MB, paused 774us total 79.634ms
08-06 17:31:22.939 31869 32173 I art     : Starting a blocking GC Explicit
08-06 17:31:23.008 31869 32173 I art     : Explicit concurrent mark sweep GC freed 20(704B) AllocSpace objects, 0(0B) LOS objects, 29% free, 37MB/53MB, paused 776us total 68.483ms
08-06 17:31:23.037 31869 32173 I art     : Starting a blocking GC Explicit
08-06 17:31:23.107 31869 32173 I art     : Explicit concurrent mark sweep GC freed 3(96B) AllocSpace objects, 0(0B) LOS objects, 29% free, 37MB/53MB, paused 913us total 69.037ms
08-06 17:31:23.132 31869 32173 I art     : Starting a blocking GC Explicit
08-06 17:31:23.191 31869 32173 I art     : Explicit concurrent mark sweep GC freed 3(96B) AllocSpace objects, 0(0B) LOS objects, 29% free, 37MB/53MB, paused 1.015ms total 58.438ms
08-06 17:31:23.217 31869 32173 I art     : Starting a blocking GC Explicit
08-06 17:31:23.276 31869 32173 I art     : Explicit concurrent mark sweep GC freed 3(96B) AllocSpace objects, 0(0B) LOS objects, 29% free, 37MB/53MB, paused 773us total 58.692ms
08-06 17:31:23.634 31869 31882 I art     : Starting a blocking GC Explicit
08-06 17:31:23.667   918  1209 D NetworkMonitor/NetworkAgentInfo [WIFI () - 159]: Checking http://connectivitycheck.gstatic.com/generate_204 on "H369AA63323", 192.168.2.12=192.168.2.12
08-06 17:31:23.698 31869 31882 I art     : Explicit concurrent mark sweep GC freed 1356(82KB) AllocSpace objects, 1(20KB) LOS objects, 29% free, 37MB/53MB, paused 829us total 63.878ms
08-06 17:31:23.724 31869 31882 I art     : Starting a blocking GC Explicit
08-06 17:31:23.744  2918  2918 D AndroidRuntime: >>>>>> START com.android.internal.os.RuntimeInit uid 2000 <<<<<<
08-06 17:31:23.750  2918  2918 D AndroidRuntime: CheckJNI is OFF
08-06 17:31:23.785 31869 31882 I art     : Explicit concurrent mark sweep GC freed 20(704B) AllocSpace objects, 0(0B) LOS objects, 29% free, 37MB/53MB, paused 836us total 60.497ms
08-06 17:31:23.788   918  1209 D NetworkMonitor/NetworkAgentInfo [WIFI () - 159]: Probably not a portal: exception java.io.IOException: unexpected end of stream on Connection{connectivitycheck.gstatic.com:80, proxy=HTTP@/192.168.2.12:8080 hostAddress=192.168.2.12 cipherSuite=none protocol=http/1.1} (recycle count=0)
08-06 17:31:23.789   918  3263 D ConnectivityService: NetworkAgentInfo [WIFI () - 159] validation failed
08-06 17:31:23.790   918  3261 E WifiConfigStore:  rewrite network history for "H369AA63323"WPA_PSK
08-06 17:31:23.809 31869 31882 I art     : Starting a blocking GC Explicit
08-06 17:31:23.809  2918  2918 D ICU     : No timezone override file found: /data/misc/zoneinfo/current/icu/icu_tzdata.dat
08-06 17:31:23.853  2918  2918 I Radio-JNI: register_android_hardware_Radio DONE
08-06 17:31:23.868 31869 31882 I art     : Explicit concurrent mark sweep GC freed 3(96B) AllocSpace objects, 0(0B) LOS objects, 29% free, 37MB/53MB, paused 836us total 58.934ms
08-06 17:31:23.868 31869 31879 I art     : WaitForGcToComplete blocked for 13.990ms for cause HeapTrim
08-06 17:31:23.885  2918  2918 D AndroidRuntime: Calling main entry com.android.commands.input.Input
08-06 17:31:23.888  2918  2918 I Input   : injectMotionEvent: MotionEvent { action=ACTION_DOWN, actionButton=0, id[0]=0, x[0]=1340.0, y[0]=1100.0, toolType[0]=TOOL_TYPE_UNKNOWN, buttonState=0, metaState=0, flags=0x0, edgeFlags=0x0, pointerCount=1, historySize=0, eventTime=898300300, downTime=898300300, deviceId=0, source=0x1002 }
08-06 17:31:23.893 31869 31882 I art     : Starting a blocking GC Explicit
08-06 17:31:23.893  2918  2918 I Input   : injectMotionEvent: MotionEvent { action=ACTION_UP, actionButton=0, id[0]=0, x[0]=1340.0, y[0]=1100.0, toolType[0]=TOOL_TYPE_UNKNOWN, buttonState=0, metaState=0, flags=0x0, edgeFlags=0x0, pointerCount=1, historySize=0, eventTime=898300300, downTime=898300300, deviceId=0, source=0x1002 }
08-06 17:31:23.895  2918  2918 D AndroidRuntime: Shutting down VM
08-06 17:31:23.908   512  2967 D audio_hw_primary: out_set_parameters: enter: usecase(1: low-latency-playback) kvpairs: routing=2
08-06 17:31:23.910   918  5481 I ActivityManager: START u0 {dat=https://oauth.reddit.com/... cmp=baseline.org.quantumbadger.redreader/.activities.CommentListingActivity} from uid 10705 on display 0
08-06 17:31:23.921   512  2967 D audio_hw_primary: select_devices: out_snd_device(2: speaker) in_snd_device(0: none)
08-06 17:31:23.922   512  2967 D msm8974_platform: platform_send_audio_calibration: sending audio calibration for snd_device(2) acdb_id(15)
08-06 17:31:23.922   512  2967 I soundtrigger: audio_extn_sound_trigger_update_device_status: device 0x2 of type 0 for Event 1
08-06 17:31:23.936 31869 31869 I AppCompatViewInflater: app:theme is now deprecated. Please move to using android:theme instead.
08-06 17:31:23.936   512  2967 D audio_hw_primary: enable_snd_device: snd_device(2: speaker)
08-06 17:31:23.939   512  2967 D audio_hw_primary: enable_audio_route: apply and update mixer path: low-latency-playback speaker
08-06 17:31:23.958 31869 31882 I art     : Explicit concurrent mark sweep GC freed 693(37KB) AllocSpace objects, 0(0B) LOS objects, 29% free, 37MB/53MB, paused 1.259ms total 65.025ms
08-06 17:31:23.968 31869  2449 I CommentListingActivity: COMMENTS session changed to 5940c5a6-c344-4f83-ab54-a73a3d107df5
08-06 17:31:23.982 31869 31882 I art     : Starting a blocking GC Explicit
08-06 17:31:24.052 31869 31882 I art     : Explicit concurrent mark sweep GC freed 6392(366KB) AllocSpace objects, 0(0B) LOS objects, 29% free, 38MB/54MB, paused 2.402ms total 69.367ms
08-06 17:31:24.088   918   936 I ActivityManager: Displayed baseline.org.quantumbadger.redreader/.activities.CommentListingActivity: +168ms
08-06 17:31:24.094 13866 13866 I GoogleInputMethodServic: GoogleInputMethodService.onFinishInput():3138 
08-06 17:31:24.094 13866 13866 I GoogleInputMethodServic: GoogleInputMethodService.onStartInput():1808 
08-06 17:31:24.333   380   380 W SurfaceFlinger: couldn't log to binary event log: overflow.
08-06 17:31:24.424 31869 31893 I art     : Starting a blocking GC Explicit
08-06 17:31:24.479   512  2967 D audio_hw_primary: disable_audio_route: reset and update mixer path: low-latency-playback speaker
08-06 17:31:24.480   512  2967 D audio_hw_primary: disable_snd_device: snd_device(2: speaker)
08-06 17:31:24.491   512  2967 I soundtrigger: audio_extn_sound_trigger_update_device_status: device 0x2 of type 0 for Event 0
08-06 17:31:24.513 31869 31893 I art     : Explicit concurrent mark sweep GC freed 37580(1919KB) AllocSpace objects, 1(20KB) LOS objects, 28% free, 39MB/55MB, paused 1.195ms total 89.314ms
08-06 17:31:24.545 31869 31893 I art     : Starting a blocking GC Explicit
08-06 17:31:24.621 31869 31893 I art     : Explicit concurrent mark sweep GC freed 119(5KB) AllocSpace objects, 0(0B) LOS objects, 28% free, 39MB/55MB, paused 915us total 75.014ms
08-06 17:31:24.651 31869 31893 I art     : Starting a blocking GC Explicit
08-06 17:31:24.730 31869 31893 I art     : Explicit concurrent mark sweep GC freed 3(96B) AllocSpace objects, 0(0B) LOS objects, 28% free, 39MB/55MB, paused 927us total 79.149ms
08-06 17:31:24.761 31869 31893 I art     : Starting a blocking GC Explicit
08-06 17:31:24.839 31869 31893 I art     : Explicit concurrent mark sweep GC freed 3(96B) AllocSpace objects, 0(0B) LOS objects, 28% free, 39MB/55MB, paused 925us total 78.001ms
08-06 17:31:24.870 31869 31893 I art     : Starting a blocking GC Explicit
08-06 17:31:24.948 31869 31893 I art     : Explicit concurrent mark sweep GC freed 3(96B) AllocSpace objects, 0(0B) LOS objects, 28% free, 39MB/55MB, paused 671us total 77.540ms
08-06 17:31:25.312 31869 31881 I art     : Starting a blocking GC Explicit
08-06 17:31:25.409 31869 31881 I art     : Explicit concurrent mark sweep GC freed 1356(82KB) AllocSpace objects, 1(20KB) LOS objects, 28% free, 39MB/55MB, paused 973us total 96.074ms
08-06 17:31:25.440 31869 31881 I art     : Starting a blocking GC Explicit
08-06 17:31:25.522 31869 31881 I art     : Explicit concurrent mark sweep GC freed 66(2528B) AllocSpace objects, 0(0B) LOS objects, 28% free, 39MB/55MB, paused 844us total 81.274ms
08-06 17:31:25.554 31869 31881 I art     : Starting a blocking GC Explicit
08-06 17:31:25.634 31869 31881 I art     : Explicit concurrent mark sweep GC freed 3(96B) AllocSpace objects, 0(0B) LOS objects, 28% free, 39MB/55MB, paused 668us total 78.877ms
08-06 17:31:25.669 31869 31881 I art     : Starting a blocking GC Explicit
08-06 17:31:25.757 31869 31881 I art     : Explicit concurrent mark sweep GC freed 3(96B) AllocSpace objects, 0(0B) LOS objects, 28% free, 39MB/55MB, paused 1.291ms total 87.591ms
08-06 17:31:25.786 31869 31881 I art     : Starting a blocking GC Explicit
08-06 17:31:25.872 31869 31881 I art     : Explicit concurrent mark sweep GC freed 3(96B) AllocSpace objects, 0(0B) LOS objects, 28% free, 39MB/55MB, paused 1.126ms total 85.064ms
08-06 17:31:26.287 31869 32651 I art     : Starting a blocking GC Explicit
08-06 17:31:26.400 31869 32651 I art     : Explicit concurrent mark sweep GC freed 1356(82KB) AllocSpace objects, 1(20KB) LOS objects, 28% free, 39MB/55MB, paused 1.157ms total 112.289ms
08-06 17:31:26.433 31869 32651 I art     : Starting a blocking GC Explicit
08-06 17:31:26.524 31869 32651 I art     : Explicit concurrent mark sweep GC freed 20(704B) AllocSpace objects, 0(0B) LOS objects, 28% free, 39MB/55MB, paused 789us total 90.679ms
08-06 17:31:26.558 31869 32651 I art     : Starting a blocking GC Explicit
08-06 17:31:26.638 31869 32651 I art     : Explicit concurrent mark sweep GC freed 3(96B) AllocSpace objects, 0(0B) LOS objects, 28% free, 39MB/55MB, paused 861us total 79.421ms
08-06 17:31:26.671 31869 32651 I art     : Starting a blocking GC Explicit
08-06 17:31:26.758 31869 32651 I art     : Explicit concurrent mark sweep GC freed 3(96B) AllocSpace objects, 0(0B) LOS objects, 28% free, 39MB/55MB, paused 755us total 85.857ms
08-06 17:31:26.791 31869 32651 I art     : Starting a blocking GC Explicit
08-06 17:31:26.871 31869 32651 I art     : Explicit concurrent mark sweep GC freed 3(96B) AllocSpace objects, 0(0B) LOS objects, 28% free, 39MB/55MB, paused 674us total 79.568ms
08-06 17:31:27.042   918  3188 I hubconnection: sensorhub said: 'set_bias 3: -5.7600, 0.0000, 0.0000'
08-06 17:31:27.277 31869 31893 I art     : Starting a blocking GC Explicit
08-06 17:31:27.367 31869 31893 I art     : Explicit concurrent mark sweep GC freed 1356(82KB) AllocSpace objects, 1(20KB) LOS objects, 28% free, 39MB/55MB, paused 673us total 89.571ms
08-06 17:31:27.397 31869 31893 I art     : Starting a blocking GC Explicit
08-06 17:31:27.479 31869 31893 I art     : Explicit concurrent mark sweep GC freed 20(704B) AllocSpace objects, 0(0B) LOS objects, 28% free, 39MB/55MB, paused 1.023ms total 81.546ms
08-06 17:31:27.511 31869 31893 I art     : Starting a blocking GC Explicit
08-06 17:31:27.592 31869 31893 I art     : Explicit concurrent mark sweep GC freed 3(96B) AllocSpace objects, 0(0B) LOS objects, 28% free, 39MB/55MB, paused 1.235ms total 81.295ms
08-06 17:31:27.626 31869 31893 I art     : Starting a blocking GC Explicit
08-06 17:31:27.704 31869 31893 I art     : Explicit concurrent mark sweep GC freed 3(96B) AllocSpace objects, 0(0B) LOS objects, 28% free, 39MB/55MB, paused 662us total 78.163ms
08-06 17:31:27.739 31869 31893 I art     : Starting a blocking GC Explicit
08-06 17:31:27.826 31869 31893 I art     : Explicit concurrent mark sweep GC freed 3(96B) AllocSpace objects, 0(0B) LOS objects, 28% free, 39MB/55MB, paused 782us total 86.010ms
08-06 17:31:28.222 31869 32173 I art     : Starting a blocking GC Explicit
08-06 17:31:28.305 31869 32173 I art     : Explicit concurrent mark sweep GC freed 1356(82KB) AllocSpace objects, 1(20KB) LOS objects, 28% free, 39MB/55MB, paused 1.025ms total 82.679ms
08-06 17:31:28.335 31869 32173 I art     : Starting a blocking GC Explicit
08-06 17:31:28.412 31869 32173 I art     : Explicit concurrent mark sweep GC freed 20(704B) AllocSpace objects, 0(0B) LOS objects, 28% free, 39MB/55MB, paused 779us total 76.485ms
08-06 17:31:28.441 31869 32173 I art     : Starting a blocking GC Explicit
08-06 17:31:28.516 31869 32173 I art     : Explicit concurrent mark sweep GC freed 3(96B) AllocSpace objects, 0(0B) LOS objects, 28% free, 39MB/55MB, paused 786us total 74.489ms
08-06 17:31:28.545 31869 32173 I art     : Starting a blocking GC Explicit
08-06 17:31:28.623 31869 32173 I art     : Explicit concurrent mark sweep GC freed 3(96B) AllocSpace objects, 0(0B) LOS objects, 28% free, 39MB/55MB, paused 718us total 78.183ms
08-06 17:31:28.653 31869 32173 I art     : Starting a blocking GC Explicit
08-06 17:31:28.729 31869 32173 I art     : Explicit concurrent mark sweep GC freed 3(96B) AllocSpace objects, 0(0B) LOS objects, 28% free, 39MB/55MB, paused 864us total 76.124ms
08-06 17:31:28.800  3011  3011 D AndroidRuntime: >>>>>> START com.android.internal.os.RuntimeInit uid 2000 <<<<<<
08-06 17:31:28.806  3011  3011 D AndroidRuntime: CheckJNI is OFF
08-06 17:31:28.864  3011  3011 D ICU     : No timezone override file found: /data/misc/zoneinfo/current/icu/icu_tzdata.dat
08-06 17:31:28.917  3011  3011 I Radio-JNI: register_android_hardware_Radio DONE
08-06 17:31:28.928 31869  2946 I RedditChangeDataIO: Writing tmp data file at '/data/user/0/baseline.org.quantumbadger.redreader/files/rr_change_data_tmp.dat'
08-06 17:31:28.929 31869  2946 I RedditChangeDataManager: Taking snapshot...
08-06 17:31:28.929 31869  2946 I RedditChangeDataManager: Writing to stream...
08-06 17:31:28.929 31869  2946 I RedditChangeDataManager: Wrote 6 entries for user ''
08-06 17:31:28.929 31869  2946 I RedditChangeDataManager: All entries written to stream.
08-06 17:31:28.929 31869  2946 I RedditChangeDataIO: Write successful. Atomically replacing data file...
08-06 17:31:28.930 31869  2946 I RedditChangeDataIO: Write complete.
08-06 17:31:28.930 31869  2946 I RedditChangeDataIO: 158 bytes written in 2 ms
08-06 17:31:28.948  3011  3011 D AndroidRuntime: Calling main entry com.android.commands.input.Input
08-06 17:31:28.950  3011  3011 I Input   : injectKeyEvent: KeyEvent { action=ACTION_DOWN, keyCode=KEYCODE_BACK, scanCode=0, metaState=0, flags=0x0, repeatCount=0, eventTime=898305363, downTime=898305363, deviceId=-1, source=0x101 }
08-06 17:31:28.956  3011  3011 I Input   : injectKeyEvent: KeyEvent { action=ACTION_UP, keyCode=KEYCODE_BACK, scanCode=0, metaState=0, flags=0x0, repeatCount=0, eventTime=898305363, downTime=898305363, deviceId=-1, source=0x101 }
08-06 17:31:28.975  3011  3011 D AndroidRuntime: Shutting down VM
08-06 17:31:29.031 13866 13866 I GoogleInputMethodServic: GoogleInputMethodService.onFinishInput():3138 
08-06 17:31:29.032 13866 13866 I GoogleInputMethodServic: GoogleInputMethodService.onStartInput():1808 
08-06 17:31:29.098 31869 31882 I art     : Starting a blocking GC Explicit
08-06 17:31:29.172 31869 31882 I art     : Explicit concurrent mark sweep GC freed 1710(97KB) AllocSpace objects, 2(88KB) LOS objects, 28% free, 39MB/55MB, paused 748us total 72.698ms
08-06 17:31:29.206 31869 31882 I art     : Starting a blocking GC Explicit
08-06 17:31:29.301 31869 31882 I art     : Explicit concurrent mark sweep GC freed 27(960B) AllocSpace objects, 0(0B) LOS objects, 28% free, 39MB/55MB, paused 839us total 94.441ms
08-06 17:31:29.338 31869 31882 I art     : Starting a blocking GC Explicit
08-06 17:31:29.354   380   380 W SurfaceFlinger: couldn't log to binary event log: overflow.
08-06 17:31:29.411 31869 31882 I art     : Explicit concurrent mark sweep GC freed 51(1920B) AllocSpace objects, 0(0B) LOS objects, 28% free, 39MB/55MB, paused 780us total 72.651ms
08-06 17:31:29.439 31869 31882 I art     : Starting a blocking GC Explicit
08-06 17:31:29.518 31869 31882 I art     : Explicit concurrent mark sweep GC freed 11(448B) AllocSpace objects, 0(0B) LOS objects, 28% free, 39MB/55MB, paused 922us total 78.631ms
08-06 17:31:29.548 31869 31882 I art     : Starting a blocking GC Explicit
08-06 17:31:29.615 31869 31882 I art     : Explicit concurrent mark sweep GC freed 41375(2MB) AllocSpace objects, 5(140KB) LOS objects, 29% free, 37MB/53MB, paused 826us total 66.741ms
08-06 17:31:29.991 31869 32651 I art     : Starting a blocking GC Explicit
08-06 17:31:30.069 31869 32651 I art     : Explicit concurrent mark sweep GC freed 1402(85KB) AllocSpace objects, 1(20KB) LOS objects, 29% free, 37MB/53MB, paused 764us total 77.161ms
08-06 17:31:30.100 31869 32651 I art     : Starting a blocking GC Explicit
08-06 17:31:30.166 31869 32651 I art     : Explicit concurrent mark sweep GC freed 20(704B) AllocSpace objects, 0(0B) LOS objects, 29% free, 37MB/53MB, paused 756us total 65.535ms
08-06 17:31:30.196 31869 32651 I art     : Starting a blocking GC Explicit
08-06 17:31:30.257 31869 32651 I art     : Explicit concurrent mark sweep GC freed 3(96B) AllocSpace objects, 0(0B) LOS objects, 29% free, 37MB/53MB, paused 757us total 60.555ms
08-06 17:31:30.284 31869 32651 I art     : Starting a blocking GC Explicit
08-06 17:31:30.343 31869 32651 I art     : Explicit concurrent mark sweep GC freed 3(96B) AllocSpace objects, 0(0B) LOS objects, 29% free, 37MB/53MB, paused 743us total 58.574ms
08-06 17:31:30.368 31869 32651 I art     : Starting a blocking GC Explicit
08-06 17:31:30.429 31869 32651 I art     : Explicit concurrent mark sweep GC freed 3(96B) AllocSpace objects, 0(0B) LOS objects, 29% free, 37MB/53MB, paused 790us total 60.264ms
08-06 17:31:30.793 31869 31893 I art     : Starting a blocking GC Explicit
08-06 17:31:30.863 31869 31893 I art     : Explicit concurrent mark sweep GC freed 1356(82KB) AllocSpace objects, 1(20KB) LOS objects, 29% free, 37MB/53MB, paused 781us total 69.387ms
08-06 17:31:30.879  3044  3044 D AndroidRuntime: >>>>>> START com.android.internal.os.RuntimeInit uid 2000 <<<<<<
08-06 17:31:30.886  3044  3044 D AndroidRuntime: CheckJNI is OFF
08-06 17:31:30.889 31869 31893 I art     : Starting a blocking GC Explicit
08-06 17:31:30.939  3044  3044 D ICU     : No timezone override file found: /data/misc/zoneinfo/current/icu/icu_tzdata.dat
08-06 17:31:30.946 31869 31893 I art     : Explicit concurrent mark sweep GC freed 20(704B) AllocSpace objects, 0(0B) LOS objects, 29% free, 37MB/53MB, paused 664us total 56.930ms
08-06 17:31:30.972 31869 31893 I art     : Starting a blocking GC Explicit
08-06 17:31:30.984  3044  3044 I Radio-JNI: register_android_hardware_Radio DONE
08-06 17:31:31.016  3044  3044 D AndroidRuntime: Calling main entry com.android.commands.input.Input
08-06 17:31:31.018  3044  3044 I Input   : injectKeyEvent: KeyEvent { action=ACTION_DOWN, keyCode=KEYCODE_BACK, scanCode=0, metaState=0, flags=0x0, repeatCount=0, eventTime=898307431, downTime=898307431, deviceId=-1, source=0x101 }
08-06 17:31:31.027  3044  3044 I Input   : injectKeyEvent: KeyEvent { action=ACTION_UP, keyCode=KEYCODE_BACK, scanCode=0, metaState=0, flags=0x0, repeatCount=0, eventTime=898307431, downTime=898307431, deviceId=-1, source=0x101 }
08-06 17:31:31.032 31869 31893 I art     : Explicit concurrent mark sweep GC freed 4(176B) AllocSpace objects, 0(0B) LOS objects, 29% free, 37MB/53MB, paused 918us total 59.341ms
08-06 17:31:31.052  3044  3044 D AndroidRuntime: Shutting down VM
08-06 17:31:31.059 31869 31893 I art     : Starting a blocking GC Explicit
08-06 17:31:31.100 13866 13866 I GoogleInputMethodServic: GoogleInputMethodService.onFinishInput():3138 
08-06 17:31:31.100 13866 13866 I GoogleInputMethodServic: GoogleInputMethodService.onStartInput():1808 
08-06 17:31:31.121 31869 31893 I art     : Explicit concurrent mark sweep GC freed 114(3KB) AllocSpace objects, 0(0B) LOS objects, 29% free, 37MB/53MB, paused 785us total 61.236ms
08-06 17:31:31.148 31869 31893 I art     : Starting a blocking GC Explicit
08-06 17:31:31.199 31869 31893 I art     : Explicit concurrent mark sweep GC freed 71(2464B) AllocSpace objects, 0(0B) LOS objects, 29% free, 37MB/53MB, paused 660us total 50.375ms
08-06 17:31:31.565 31869 31881 I art     : Starting a blocking GC Explicit
08-06 17:31:31.641 31869 31881 I art     : Explicit concurrent mark sweep GC freed 1418(85KB) AllocSpace objects, 1(20KB) LOS objects, 29% free, 37MB/53MB, paused 960us total 75.757ms
08-06 17:31:31.671 31869 31881 I art     : Starting a blocking GC Explicit
08-06 17:31:31.741 31869 31881 I art     : Explicit concurrent mark sweep GC freed 150(7KB) AllocSpace objects, 0(0B) LOS objects, 29% free, 37MB/53MB, paused 1.025ms total 69.714ms
08-06 17:31:31.770 31869 31881 I art     : Starting a blocking GC Explicit
08-06 17:31:31.833 31869 31881 I art     : Explicit concurrent mark sweep GC freed 3(96B) AllocSpace objects, 0(0B) LOS objects, 29% free, 37MB/53MB, paused 756us total 62.938ms
08-06 17:31:31.859 31869 31881 I art     : Starting a blocking GC Explicit
08-06 17:31:31.922 31869 31881 I art     : Explicit concurrent mark sweep GC freed 3(96B) AllocSpace objects, 0(0B) LOS objects, 29% free, 37MB/53MB, paused 740us total 62.722ms
08-06 17:31:31.948 31869 31881 I art     : Starting a blocking GC Explicit
08-06 17:31:32.021 31869 31881 I art     : Explicit concurrent mark sweep GC freed 3(96B) AllocSpace objects, 0(0B) LOS objects, 29% free, 37MB/53MB, paused 1.244ms total 72.204ms
08-06 17:31:32.387 31869 32173 I art     : Starting a blocking GC Explicit
08-06 17:31:32.459 31869 32173 I art     : Explicit concurrent mark sweep GC freed 1356(82KB) AllocSpace objects, 1(20KB) LOS objects, 29% free, 37MB/53MB, paused 1.125ms total 70.952ms
08-06 17:31:32.484 31869 32173 I art     : Starting a blocking GC Explicit
08-06 17:31:32.544 31869 32173 I art     : Explicit concurrent mark sweep GC freed 20(704B) AllocSpace objects, 0(0B) LOS objects, 29% free, 37MB/53MB, paused 906us total 59.119ms
08-06 17:31:32.570 31869 32173 I art     : Starting a blocking GC Explicit
08-06 17:31:32.630 31869 32173 I art     : Explicit concurrent mark sweep GC freed 3(96B) AllocSpace objects, 0(0B) LOS objects, 29% free, 37MB/53MB, paused 889us total 59.938ms
08-06 17:31:32.655 31869 32173 I art     : Starting a blocking GC Explicit
08-06 17:31:32.717 31869 32173 I art     : Explicit concurrent mark sweep GC freed 3(96B) AllocSpace objects, 0(0B) LOS objects, 29% free, 37MB/53MB, paused 787us total 61.019ms
08-06 17:31:32.742 31869 32173 I art     : Starting a blocking GC Explicit
08-06 17:31:32.810 31869 32173 I art     : Explicit concurrent mark sweep GC freed 3(96B) AllocSpace objects, 0(0B) LOS objects, 29% free, 37MB/53MB, paused 1.091ms total 67.060ms
08-06 17:31:32.941  3088  3088 D AndroidRuntime: >>>>>> START com.android.internal.os.RuntimeInit uid 2000 <<<<<<
08-06 17:31:32.949  3088  3088 D AndroidRuntime: CheckJNI is OFF
08-06 17:31:33.017  3088  3088 D ICU     : No timezone override file found: /data/misc/zoneinfo/current/icu/icu_tzdata.dat
08-06 17:31:33.062  3088  3088 I Radio-JNI: register_android_hardware_Radio DONE
08-06 17:31:33.094  3088  3088 D AndroidRuntime: Calling main entry com.android.commands.input.Input
08-06 17:31:33.097  3088  3088 I Input   : injectMotionEvent: MotionEvent { action=ACTION_DOWN, actionButton=0, id[0]=0, x[0]=600.0, y[0]=1733.0, toolType[0]=TOOL_TYPE_UNKNOWN, buttonState=0, metaState=0, flags=0x0, edgeFlags=0x0, pointerCount=1, historySize=0, eventTime=898309509, downTime=898309509, deviceId=0, source=0x1002 }
08-06 17:31:33.101  3088  3088 I Input   : injectMotionEvent: MotionEvent { action=ACTION_UP, actionButton=0, id[0]=0, x[0]=600.0, y[0]=1733.0, toolType[0]=TOOL_TYPE_UNKNOWN, buttonState=0, metaState=0, flags=0x0, edgeFlags=0x0, pointerCount=1, historySize=0, eventTime=898309509, downTime=898309509, deviceId=0, source=0x1002 }
08-06 17:31:33.103  3088  3088 D AndroidRuntime: Shutting down VM
08-06 17:31:33.110   918  3670 I ActivityManager: START u0 {dat=https://oauth.reddit.com/... cmp=baseline.org.quantumbadger.redreader/.activities.PostListingActivity} from uid 10705 on display 0
08-06 17:31:33.113   512  2967 D audio_hw_primary: out_set_parameters: enter: usecase(1: low-latency-playback) kvpairs: routing=2
08-06 17:31:33.127   512  2967 D audio_hw_primary: select_devices: out_snd_device(2: speaker) in_snd_device(0: none)
08-06 17:31:33.127   512  2967 D msm8974_platform: platform_send_audio_calibration: sending audio calibration for snd_device(2) acdb_id(15)
08-06 17:31:33.130   512  2967 I soundtrigger: audio_extn_sound_trigger_update_device_status: device 0x2 of type 0 for Event 1
08-06 17:31:33.147   512  2967 D audio_hw_primary: enable_snd_device: snd_device(2: speaker)
08-06 17:31:33.149 31869 31869 I AppCompatViewInflater: app:theme is now deprecated. Please move to using android:theme instead.
08-06 17:31:33.150   512  2967 D audio_hw_primary: enable_audio_route: apply and update mixer path: low-latency-playback speaker
08-06 17:31:33.185 31869  3113 D OK      : calling: https://oauth.reddit.com/r/aww/about.json
08-06 17:31:33.195 31869 32173 I art     : Starting a blocking GC Explicit
08-06 17:31:33.260 31869 32173 I art     : Explicit concurrent mark sweep GC freed 2852(180KB) AllocSpace objects, 1(20KB) LOS objects, 29% free, 37MB/53MB, paused 1.311ms total 64.854ms
08-06 17:31:33.272   918   936 I ActivityManager: Displayed baseline.org.quantumbadger.redreader/.activities.PostListingActivity: +146ms
08-06 17:31:33.272 13866 13866 I GoogleInputMethodServic: GoogleInputMethodService.onFinishInput():3138 
08-06 17:31:33.272 13866 13866 I GoogleInputMethodServic: GoogleInputMethodService.onStartInput():1808 
08-06 17:31:33.291 31869 32173 I art     : Starting a blocking GC Explicit
08-06 17:31:33.352 31869 32173 I art     : Explicit concurrent mark sweep GC freed 597(32KB) AllocSpace objects, 0(0B) LOS objects, 29% free, 37MB/53MB, paused 731us total 60.598ms
08-06 17:31:33.376 31869 32173 I art     : Starting a blocking GC Explicit
08-06 17:31:33.445 31869 32173 I art     : Explicit concurrent mark sweep GC freed 1965(76KB) AllocSpace objects, 0(0B) LOS objects, 29% free, 37MB/53MB, paused 1.433ms total 68.827ms
08-06 17:31:33.476 31869 32173 I art     : Starting a blocking GC Explicit
08-06 17:31:33.525   380   380 W SurfaceFlinger: couldn't log to binary event log: overflow.
08-06 17:31:33.549 31869  3113 I NAPPA_EXPERIMENTATION: MetricNetworkRequestExecutionTime: REQUEST_DURATION_SYSTEM='364',REQUEST_DURATION_OKHTTP='142',REQUEST_SYNCHRONOUS='TRUE',RESPONSE_CODE='200',RESPONSE_METHOD='GET',RESPONSE_LENGTH_OKHTTP='-1',RESPONSE_LENGTH_HEADER='3478',REQUEST_PROTOCOL='h2',REQUEST_URL='https://oauth.reddit.com/r/aww/about.json',
08-06 17:31:33.549 31869  3113 D OK      : request got status: 200
08-06 17:31:33.556 31869 32173 I art     : Explicit concurrent mark sweep GC freed 565(38KB) AllocSpace objects, 0(0B) LOS objects, 29% free, 37MB/53MB, paused 1.018ms total 79.470ms
08-06 17:31:33.579 31869 32173 I art     : Starting a blocking GC Explicit
08-06 17:31:33.638 31869 32173 I art     : Explicit concurrent mark sweep GC freed 495(123KB) AllocSpace objects, 1(68KB) LOS objects, 29% free, 37MB/53MB, paused 890us total 58.862ms
08-06 17:31:33.689   512  2967 D audio_hw_primary: disable_audio_route: reset and update mixer path: low-latency-playback speaker
08-06 17:31:33.691   512  2967 D audio_hw_primary: disable_snd_device: snd_device(2: speaker)
08-06 17:31:33.700   512  2967 I soundtrigger: audio_extn_sound_trigger_update_device_status: device 0x2 of type 0 for Event 0
08-06 17:31:34.018 31869 31893 I art     : Starting a blocking GC Explicit
08-06 17:31:34.084 31869 31893 I art     : Explicit concurrent mark sweep GC freed 2091(131KB) AllocSpace objects, 2(88KB) LOS objects, 29% free, 37MB/53MB, paused 1.111ms total 65.584ms
08-06 17:31:34.111 31869 31893 I art     : Starting a blocking GC Explicit
08-06 17:31:34.172 31869 31893 I art     : Explicit concurrent mark sweep GC freed 29(1008B) AllocSpace objects, 0(0B) LOS objects, 29% free, 37MB/53MB, paused 802us total 61.366ms
08-06 17:31:34.197 31869 31893 I art     : Starting a blocking GC Explicit
08-06 17:31:34.261 31869 31893 I art     : Explicit concurrent mark sweep GC freed 3(96B) AllocSpace objects, 0(0B) LOS objects, 29% free, 37MB/53MB, paused 1.185ms total 62.988ms
08-06 17:31:34.287 31869 31893 I art     : Starting a blocking GC Explicit
08-06 17:31:34.349 31869 31893 I art     : Explicit concurrent mark sweep GC freed 3(96B) AllocSpace objects, 0(0B) LOS objects, 29% free, 37MB/53MB, paused 1.020ms total 61.626ms
08-06 17:31:34.375 31869 31893 I art     : Starting a blocking GC Explicit
08-06 17:31:34.386 31869  3127 D OK      : calling: https://oauth.reddit.com/r/aww/hot/.json
08-06 17:31:34.439 31869 31893 I art     : Explicit concurrent mark sweep GC freed 95(3KB) AllocSpace objects, 0(0B) LOS objects, 29% free, 37MB/53MB, paused 930us total 63.561ms
08-06 17:31:34.548 31869  3127 I NAPPA_EXPERIMENTATION: MetricNetworkRequestExecutionTime: REQUEST_DURATION_SYSTEM='162',REQUEST_DURATION_OKHTTP='158',REQUEST_SYNCHRONOUS='TRUE',RESPONSE_CODE='200',RESPONSE_METHOD='GET',RESPONSE_LENGTH_OKHTTP='-1',RESPONSE_LENGTH_HEADER='33430',REQUEST_PROTOCOL='h2',REQUEST_URL='https://oauth.reddit.com/r/aww/hot/.json',
08-06 17:31:34.548 31869  3127 D OK      : request got status: 200
08-06 17:31:34.567 31869  2449 I PostListingFragment: Precaching images: OFF
08-06 17:31:34.567 31869  2449 I PostListingFragment: Precaching comments: OFF
08-06 17:31:34.592 31869  2449 I getImgurImageInfo: Image NSO7Npm: trying API v3 with auth
08-06 17:31:34.711 31869  3136 I RedditVideosAPI: For 'https://v.redd.it/fkewv2f65kd51/DASHPlaylist.mpd', got video stream 'https://v.redd.it/fkewv2f65kd51/DASH_480' and audio stream 'https://v.redd.it/fkewv2f65kd51/audio'
08-06 17:31:34.721 31869  3136 I RedditVideosAPI: For 'https://v.redd.it/h49fg58ygjd51/DASHPlaylist.mpd', got video stream 'https://v.redd.it/h49fg58ygjd51/DASH_480' and audio stream 'null'
08-06 17:31:34.726 31869  2094 I RedditVideosAPI: For 'https://v.redd.it/ak6rer1hskd51/DASHPlaylist.mpd', got video stream 'https://v.redd.it/ak6rer1hskd51/DASH_360' and audio stream 'null'
08-06 17:31:34.744   918   927 I art     : Background sticky concurrent mark sweep GC freed 80185(9MB) AllocSpace objects, 199(3MB) LOS objects, 16% free, 71MB/85MB, paused 3.423ms total 104.112ms
08-06 17:31:34.829 31869  2094 I RedditVideosAPI: For 'https://v.redd.it/ty24o02m1hd51/DASHPlaylist.mpd', got video stream 'https://v.redd.it/ty24o02m1hd51/DASH_480' and audio stream 'null'
08-06 17:31:34.841 31869 32651 I art     : Starting a blocking GC Explicit
08-06 17:31:34.848 31869  2094 I RedditVideosAPI: For 'https://v.redd.it/ar5k8892pid51/DASHPlaylist.mpd', got video stream 'https://v.redd.it/ar5k8892pid51/DASH_360' and audio stream 'https://v.redd.it/ar5k8892pid51/audio'
08-06 17:31:34.854 31869  3136 I RedditVideosAPI: For 'https://v.redd.it/s9qqadf3mid51/DASHPlaylist.mpd', got video stream 'https://v.redd.it/s9qqadf3mid51/DASH_480' and audio stream 'https://v.redd.it/s9qqadf3mid51/audio'
08-06 17:31:34.863 31869  2094 I RedditVideosAPI: For 'https://v.redd.it/ppmhu2r9thd51/DASHPlaylist.mpd', got video stream 'https://v.redd.it/ppmhu2r9thd51/DASH_480' and audio stream 'null'
08-06 17:31:34.878 31869  2094 I RedditVideosAPI: For 'https://v.redd.it/1ewzkieg0jd51/DASHPlaylist.mpd', got video stream 'https://v.redd.it/1ewzkieg0jd51/DASH_480' and audio stream 'https://v.redd.it/1ewzkieg0jd51/audio'
08-06 17:31:34.880 31869  2094 I RedditVideosAPI: For 'https://v.redd.it/b8vazlcb7ld51/DASHPlaylist.mpd', got video stream 'https://v.redd.it/b8vazlcb7ld51/DASH_480' and audio stream 'https://v.redd.it/b8vazlcb7ld51/audio'
08-06 17:31:34.915 31869 32651 I art     : Explicit concurrent mark sweep GC freed 27751(2MB) AllocSpace objects, 94(5MB) LOS objects, 26% free, 44MB/60MB, paused 1.219ms total 73.652ms
08-06 17:31:34.940 31869 32651 I art     : Starting a blocking GC Explicit
08-06 17:31:34.960 31869 31869 W RecyclerView: Cannot call this method in a scroll callback. Scroll callbacks mightbe run during a measure & layout pass where you cannot change theRecyclerView data. Any method call that might change the structureof the RecyclerView or the adapter contents should be postponed tothe next frame.
08-06 17:31:34.960 31869 31869 W RecyclerView: java.lang.IllegalStateException:  androidx.recyclerview.widget.RecyclerView{b354a22 VFED..... .F....ID 0,0-1440,2140 #7f0900ef app:id/scrollbar_recyclerview_recyclerview}, adapter:baseline.org.quantumbadger.redreader.adapters.GroupedRecyclerViewAdapter@a931cb3, layout:androidx.recyclerview.widget.LinearLayoutManager@8d3f270, context:baseline.org.quantumbadger.redreader.activities.PostListingActivity@4cf8b9f
08-06 17:31:34.960 31869 31869 W RecyclerView: 	at androidx.recyclerview.widget.RecyclerView.assertNotInLayoutOrScroll(RecyclerView.java:3061)
08-06 17:31:34.960 31869 31869 W RecyclerView: 	at androidx.recyclerview.widget.RecyclerView$RecyclerViewDataObserver.onItemRangeInserted(RecyclerView.java:5555)
08-06 17:31:34.960 31869 31869 W RecyclerView: 	at androidx.recyclerview.widget.RecyclerView$AdapterDataObservable.notifyItemRangeInserted(RecyclerView.java:12278)
08-06 17:31:34.960 31869 31869 W RecyclerView: 	at androidx.recyclerview.widget.RecyclerView$Adapter.notifyItemInserted(RecyclerView.java:7464)
08-06 17:31:34.960 31869 31869 W RecyclerView: 	at baseline.org.quantumbadger.redreader.adapters.GroupedRecyclerViewAdapter.updateHiddenStatus(GroupedRecyclerViewAdapter.java:279)
08-06 17:31:34.960 31869 31869 W RecyclerView: 	at baseline.org.quantumbadger.redreader.adapters.RedditListingManager.setLoadingVisible(RedditListingManager.java:125)
08-06 17:31:34.960 31869 31869 W RecyclerView: 	at baseline.org.quantumbadger.redreader.fragments.PostListingFragment.onLoadMoreItemsCheck(PostListingFragment.java:465)
08-06 17:31:34.960 31869 31869 W RecyclerView: 	at baseline.org.quantumbadger.redreader.fragments.PostListingFragment.access$000(PostListingFragment.java:98)
08-06 17:31:34.960 31869 31869 W RecyclerView: 	at baseline.org.quantumbadger.redreader.fragments.PostListingFragment$2.onScrolled(PostListingFragment.java:215)
08-06 17:31:34.960 31869 31869 W RecyclerView: 	at androidx.recyclerview.widget.RecyclerView.dispatchOnScrolled(RecyclerView.java:5173)
08-06 17:31:34.960 31869 31869 W RecyclerView: 	at androidx.recyclerview.widget.RecyclerView.dispatchLayoutStep3(RecyclerView.java:4231)
08-06 17:31:34.960 31869 31869 W RecyclerView: 	at androidx.recyclerview.widget.RecyclerView.dispatchLayout(RecyclerView.java:3862)
08-06 17:31:34.960 31869 31869 W RecyclerView: 	at androidx.recyclerview.widget.RecyclerView.consumePendingUpdateOperations(RecyclerView.java:1897)
08-06 17:31:34.960 31869 31869 W RecyclerView: 	at androidx.recyclerview.widget.RecyclerView$1.run(RecyclerView.java:414)
08-06 17:31:34.960 31869 31869 W RecyclerView: 	at android.view.Choreographer$CallbackRecord.run(Choreographer.java:858)
08-06 17:31:34.960 31869 31869 W RecyclerView: 	at android.view.Choreographer.doCallbacks(Choreographer.java:670)
08-06 17:31:34.960 31869 31869 W RecyclerView: 	at android.view.Choreographer.doFrame(Choreographer.java:603)
08-06 17:31:34.960 31869 31869 W RecyclerView: 	at android.view.Choreographer$FrameDisplayEventReceiver.run(Choreographer.java:844)
08-06 17:31:34.960 31869 31869 W RecyclerView: 	at android.os.Handler.handleCallback(Handler.java:739)
08-06 17:31:34.960 31869 31869 W RecyclerView: 	at android.os.Handler.dispatchMessage(Handler.java:95)
08-06 17:31:34.960 31869 31869 W RecyclerView: 	at android.os.Looper.loop(Looper.java:148)
08-06 17:31:34.960 31869 31869 W RecyclerView: 	at android.app.ActivityThread.main(ActivityThread.java:5417)
08-06 17:31:34.960 31869 31869 W RecyclerView: 	at java.lang.reflect.Method.invoke(Native Method)
08-06 17:31:34.960 31869 31869 W RecyclerView: 	at com.android.internal.os.ZygoteInit$MethodAndArgsCaller.run(ZygoteInit.java:726)
08-06 17:31:34.960 31869 31869 W RecyclerView: 	at com.android.internal.os.ZygoteInit.main(ZygoteInit.java:616)
08-06 17:31:35.004 31869 32651 I art     : Explicit concurrent mark sweep GC freed 24586(1230KB) AllocSpace objects, 3(140KB) LOS objects, 27% free, 43MB/59MB, paused 1.180ms total 64.338ms
08-06 17:31:35.031 31869 32651 I art     : Starting a blocking GC Explicit
08-06 17:31:35.095 31869 32651 I art     : Explicit concurrent mark sweep GC freed 196(10KB) AllocSpace objects, 0(0B) LOS objects, 27% free, 43MB/59MB, paused 1.166ms total 63.748ms
08-06 17:31:35.121 31869 32651 I art     : Starting a blocking GC Explicit
08-06 17:31:35.189 31869 32651 I art     : Explicit concurrent mark sweep GC freed 137(6KB) AllocSpace objects, 0(0B) LOS objects, 27% free, 43MB/59MB, paused 1.410ms total 67.810ms
08-06 17:31:35.217 31869 32651 I art     : Starting a blocking GC Explicit
08-06 17:31:35.281 31869 32651 I art     : Explicit concurrent mark sweep GC freed 29(1264B) AllocSpace objects, 0(0B) LOS objects, 27% free, 43MB/59MB, paused 953us total 62.938ms
08-06 17:31:35.587 31869  3152 D OK      : calling: https://oauth.reddit.com/r/aww/hot/.json?after=t3_hz5odc
08-06 17:31:35.693 31869 32173 I art     : Starting a blocking GC Explicit
08-06 17:31:35.775 31869  3152 I NAPPA_EXPERIMENTATION: MetricNetworkRequestExecutionTime: REQUEST_DURATION_SYSTEM='188',REQUEST_DURATION_OKHTTP='184',REQUEST_SYNCHRONOUS='TRUE',RESPONSE_CODE='200',RESPONSE_METHOD='GET',RESPONSE_LENGTH_OKHTTP='-1',RESPONSE_LENGTH_HEADER='30610',REQUEST_PROTOCOL='h2',REQUEST_URL='https://oauth.reddit.com/r/aww/hot/.json?after=t3_hz5odc',
08-06 17:31:35.776 31869  3152 D OK      : request got status: 200
08-06 17:31:35.789 31869 32173 I art     : Explicit concurrent mark sweep GC freed 1958(122KB) AllocSpace objects, 1(20KB) LOS objects, 26% free, 43MB/59MB, paused 2.664ms total 93.912ms
08-06 17:31:35.792 31869  3141 I PostListingFragment: Precaching images: OFF
08-06 17:31:35.792 31869  3141 I PostListingFragment: Precaching comments: OFF
08-06 17:31:35.820 31869 32173 I art     : Starting a blocking GC Explicit
08-06 17:31:35.880 31869  3141 I getImgurImageInfo: Image nLQR2hT: trying API v3 with auth
08-06 17:31:35.892 31869 32173 I art     : Explicit concurrent mark sweep GC freed 12839(739KB) AllocSpace objects, 24(1580KB) LOS objects, 25% free, 46MB/62MB, paused 1.838ms total 71.672ms
08-06 17:31:35.920 31869 32173 I art     : Starting a blocking GC Explicit
08-06 17:31:35.936 31869  3153 I RedditVideosAPI: For 'https://v.redd.it/5x6zzipz8ld51/DASHPlaylist.mpd', got video stream 'https://v.redd.it/5x6zzipz8ld51/DASH_480' and audio stream 'null'
08-06 17:31:35.941 31869  3153 I RedditVideosAPI: For 'https://v.redd.it/75en73fm5id51/DASHPlaylist.mpd', got video stream 'https://v.redd.it/75en73fm5id51/DASH_480' and audio stream 'https://v.redd.it/75en73fm5id51/audio'
08-06 17:31:35.953 31869  2094 I RedditVideosAPI: For 'https://v.redd.it/ggz4fyth6hd51/DASHPlaylist.mpd', got video stream 'https://v.redd.it/ggz4fyth6hd51/DASH_360' and audio stream 'null'
08-06 17:31:35.958 31869  3153 I RedditVideosAPI: For 'https://v.redd.it/pbqrrfb3tkd51/DASHPlaylist.mpd', got video stream 'https://v.redd.it/pbqrrfb3tkd51/DASH_480' and audio stream 'null'
08-06 17:31:35.959 31869  3153 I RedditVideosAPI: For 'https://v.redd.it/rrygsb8i4ld51/DASHPlaylist.mpd', got video stream 'https://v.redd.it/rrygsb8i4ld51/DASH_480' and audio stream 'https://v.redd.it/rrygsb8i4ld51/audio'
08-06 17:31:35.962 31869  2094 I RedditVideosAPI: For 'https://v.redd.it/syww111dtjd51/DASHPlaylist.mpd', got video stream 'https://v.redd.it/syww111dtjd51/DASH_480' and audio stream 'https://v.redd.it/syww111dtjd51/audio'
08-06 17:31:35.999 31869 32173 I art     : Explicit concurrent mark sweep GC freed 10700(1031KB) AllocSpace objects, 45(2MB) LOS objects, 24% free, 48MB/64MB, paused 989us total 77.931ms
08-06 17:31:36.003 31869  3153 I RedditVideosAPI: For 'https://v.redd.it/psrknoobrgd51/DASHPlaylist.mpd', got video stream 'https://v.redd.it/psrknoobrgd51/DASH_480' and audio stream 'null'
08-06 17:31:36.010 31869  2094 I RedditVideosAPI: For 'https://v.redd.it/jk6cwef4wld51/DASHPlaylist.mpd', got video stream 'https://v.redd.it/jk6cwef4wld51/DASH_480' and audio stream 'null'
08-06 17:31:36.011 31869  2094 I RedditVideosAPI: For 'https://v.redd.it/t81s8zfz9ld51/DASHPlaylist.mpd', got video stream 'https://v.redd.it/t81s8zfz9ld51/DASH_480' and audio stream 'https://v.redd.it/t81s8zfz9ld51/audio'
08-06 17:31:36.012 31869  2094 I RedditVideosAPI: For 'https://v.redd.it/xd6c4yyutgd51/DASHPlaylist.mpd', got video stream 'https://v.redd.it/xd6c4yyutgd51/DASH_480' and audio stream 'null'
08-06 17:31:36.016 31869  3153 I RedditVideosAPI: For 'https://v.redd.it/ue0jdgk9zhd51/DASHPlaylist.mpd', got video stream 'https://v.redd.it/ue0jdgk9zhd51/DASH_360' and audio stream 'https://v.redd.it/ue0jdgk9zhd51/audio'
08-06 17:31:36.024 31869 32173 I art     : Starting a blocking GC Explicit
08-06 17:31:36.026  2174  2174 I ServiceManager: Waiting for service AtCmdFwd...
08-06 17:31:36.088 31869 32173 I art     : Explicit concurrent mark sweep GC freed 20775(1381KB) AllocSpace objects, 27(1412KB) LOS objects, 24% free, 48MB/64MB, paused 805us total 63.996ms
08-06 17:31:36.114 31869 32173 I art     : Starting a blocking GC Explicit
08-06 17:31:36.189 31869 32173 I art     : Explicit concurrent mark sweep GC freed 149(5KB) AllocSpace objects, 1(80KB) LOS objects, 24% free, 48MB/64MB, paused 1.220ms total 74.471ms
08-06 17:31:36.591 31869 31881 I art     : Starting a blocking GC Explicit
08-06 17:31:36.681 31869 31881 I art     : Explicit concurrent mark sweep GC freed 1362(83KB) AllocSpace objects, 1(20KB) LOS objects, 24% free, 48MB/64MB, paused 1.050ms total 88.518ms
08-06 17:31:36.713 31869 31881 I art     : Starting a blocking GC Explicit
08-06 17:31:36.782 31869 31881 I art     : Explicit concurrent mark sweep GC freed 20(704B) AllocSpace objects, 0(0B) LOS objects, 24% free, 48MB/64MB, paused 867us total 68.588ms
08-06 17:31:36.809 31869 31881 I art     : Starting a blocking GC Explicit
08-06 17:31:36.879 31869 31881 I art     : Explicit concurrent mark sweep GC freed 3(96B) AllocSpace objects, 0(0B) LOS objects, 24% free, 48MB/64MB, paused 881us total 69.432ms
08-06 17:31:36.907 31869 31881 I art     : Starting a blocking GC Explicit
08-06 17:31:36.981 31869 31881 I art     : Explicit concurrent mark sweep GC freed 3(96B) AllocSpace objects, 0(0B) LOS objects, 24% free, 48MB/64MB, paused 1.060ms total 73.814ms
08-06 17:31:37.011 31869 31881 I art     : Starting a blocking GC Explicit
08-06 17:31:37.026  2174  2174 I ServiceManager: Waiting for service AtCmdFwd...
08-06 17:31:37.090 31869 31881 I art     : Explicit concurrent mark sweep GC freed 3(96B) AllocSpace objects, 0(0B) LOS objects, 24% free, 48MB/64MB, paused 1.561ms total 77.746ms
08-06 17:31:37.501 31869 31882 I art     : Starting a blocking GC Explicit
08-06 17:31:37.588 31869 31882 I art     : Explicit concurrent mark sweep GC freed 1358(83KB) AllocSpace objects, 1(20KB) LOS objects, 24% free, 48MB/64MB, paused 1.021ms total 86.689ms
08-06 17:31:37.619 31869 31882 I art     : Starting a blocking GC Explicit
08-06 17:31:37.689 31869 31882 I art     : Explicit concurrent mark sweep GC freed 20(704B) AllocSpace objects, 0(0B) LOS objects, 24% free, 48MB/64MB, paused 1.163ms total 68.817ms
08-06 17:31:37.716 31869 31882 I art     : Starting a blocking GC Explicit
08-06 17:31:37.785 31869 31882 I art     : Explicit concurrent mark sweep GC freed 3(96B) AllocSpace objects, 0(0B) LOS objects, 24% free, 48MB/64MB, paused 856us total 68.449ms
08-06 17:31:37.812 31869 31882 I art     : Starting a blocking GC Explicit
08-06 17:31:37.890 31869 31882 I art     : Explicit concurrent mark sweep GC freed 3(96B) AllocSpace objects, 0(0B) LOS objects, 24% free, 48MB/64MB, paused 1.148ms total 77.403ms
08-06 17:31:37.918 31869 31882 I art     : Starting a blocking GC Explicit
08-06 17:31:37.990 31869 31882 I art     : Explicit concurrent mark sweep GC freed 3(96B) AllocSpace objects, 0(0B) LOS objects, 24% free, 48MB/64MB, paused 1.681ms total 71.782ms
08-06 17:31:38.027  2174  2174 I ServiceManager: Waiting for service AtCmdFwd...
08-06 17:31:38.386 31869 31893 I art     : Starting a blocking GC Explicit
08-06 17:31:38.454 31869 31893 I art     : Explicit concurrent mark sweep GC freed 1358(82KB) AllocSpace objects, 1(20KB) LOS objects, 24% free, 48MB/64MB, paused 1.133ms total 67.288ms
08-06 17:31:38.481 31869 31893 I art     : Starting a blocking GC Explicit
08-06 17:31:38.545 31869 31893 I art     : Explicit concurrent mark sweep GC freed 20(704B) AllocSpace objects, 0(0B) LOS objects, 24% free, 48MB/64MB, paused 936us total 63.464ms
08-06 17:31:38.572 31869 31893 I art     : Starting a blocking GC Explicit
08-06 17:31:38.638 31869 31893 I art     : Explicit concurrent mark sweep GC freed 3(96B) AllocSpace objects, 0(0B) LOS objects, 24% free, 48MB/64MB, paused 1.050ms total 65.685ms
08-06 17:31:38.664 31869 31893 I art     : Starting a blocking GC Explicit
08-06 17:31:38.731 31869 31893 I art     : Explicit concurrent mark sweep GC freed 3(96B) AllocSpace objects, 0(0B) LOS objects, 24% free, 48MB/64MB, paused 946us total 66.276ms
08-06 17:31:38.757 31869 31893 I art     : Starting a blocking GC Explicit
08-06 17:31:38.824 31869 31893 I art     : Explicit concurrent mark sweep GC freed 3(96B) AllocSpace objects, 0(0B) LOS objects, 24% free, 48MB/64MB, paused 929us total 66.580ms
08-06 17:31:38.984  3187  3187 D AndroidRuntime: >>>>>> START com.android.internal.os.RuntimeInit uid 2000 <<<<<<
08-06 17:31:38.991  3187  3187 D AndroidRuntime: CheckJNI is OFF
08-06 17:31:39.027  2174  2174 I ServiceManager: Waiting for service AtCmdFwd...
08-06 17:31:39.053  3187  3187 D ICU     : No timezone override file found: /data/misc/zoneinfo/current/icu/icu_tzdata.dat
08-06 17:31:39.098  3187  3187 I Radio-JNI: register_android_hardware_Radio DONE
08-06 17:31:39.130  3187  3187 D AndroidRuntime: Calling main entry com.android.commands.input.Input
08-06 17:31:39.132  3187  3187 I Input   : injectMotionEvent: MotionEvent { action=ACTION_DOWN, actionButton=0, id[0]=0, x[0]=1340.0, y[0]=1100.0, toolType[0]=TOOL_TYPE_UNKNOWN, buttonState=0, metaState=0, flags=0x0, edgeFlags=0x0, pointerCount=1, historySize=0, eventTime=898315545, downTime=898315545, deviceId=0, source=0x1002 }
08-06 17:31:39.139  3187  3187 I Input   : injectMotionEvent: MotionEvent { action=ACTION_UP, actionButton=0, id[0]=0, x[0]=1340.0, y[0]=1100.0, toolType[0]=TOOL_TYPE_UNKNOWN, buttonState=0, metaState=0, flags=0x0, edgeFlags=0x0, pointerCount=1, historySize=0, eventTime=898315545, downTime=898315545, deviceId=0, source=0x1002 }
08-06 17:31:39.141  3187  3187 D AndroidRuntime: Shutting down VM
08-06 17:31:39.154   512  2967 D audio_hw_primary: out_set_parameters: enter: usecase(1: low-latency-playback) kvpairs: routing=2
08-06 17:31:39.155   918   929 I ActivityManager: START u0 {dat=https://oauth.reddit.com/... cmp=baseline.org.quantumbadger.redreader/.activities.CommentListingActivity} from uid 10705 on display 0
08-06 17:31:39.167   512  2967 D audio_hw_primary: select_devices: out_snd_device(2: speaker) in_snd_device(0: none)
08-06 17:31:39.168   512  2967 D msm8974_platform: platform_send_audio_calibration: sending audio calibration for snd_device(2) acdb_id(15)
08-06 17:31:39.168   512  2967 I soundtrigger: audio_extn_sound_trigger_update_device_status: device 0x2 of type 0 for Event 1
08-06 17:31:39.182   512  2967 D audio_hw_primary: enable_snd_device: snd_device(2: speaker)
08-06 17:31:39.185   512  2967 D audio_hw_primary: enable_audio_route: apply and update mixer path: low-latency-playback speaker
08-06 17:31:39.199 31869 31869 I AppCompatViewInflater: app:theme is now deprecated. Please move to using android:theme instead.
08-06 17:31:39.219 31869 32173 I art     : Starting a blocking GC Explicit
08-06 17:31:39.225 31869  3141 I CommentListingActivity: COMMENTS session changed to 5940c5a6-c344-4f83-ab54-a73a3d107df5
08-06 17:31:39.296 31869 32173 I art     : Explicit concurrent mark sweep GC freed 6761(411KB) AllocSpace objects, 1(20KB) LOS objects, 24% free, 49MB/65MB, paused 2.944ms total 75.921ms
08-06 17:31:39.296 31869 31879 I art     : WaitForGcToComplete blocked for 35.046ms for cause HeapTrim
08-06 17:31:39.337 31869 32173 I art     : Starting a blocking GC Explicit
08-06 17:31:39.383 13866 13866 I GoogleInputMethodServic: GoogleInputMethodService.onFinishInput():3138 
08-06 17:31:39.384 13866 13866 I GoogleInputMethodServic: GoogleInputMethodService.onStartInput():1808 
08-06 17:31:39.387   918   936 I ActivityManager: Displayed baseline.org.quantumbadger.redreader/.activities.CommentListingActivity: +211ms
08-06 17:31:39.444 31869 32173 I art     : Explicit concurrent mark sweep GC freed 23069(1359KB) AllocSpace objects, 53(10MB) LOS objects, 28% free, 39MB/55MB, paused 1.808ms total 106.331ms
08-06 17:31:39.471 31869 32173 I art     : Starting a blocking GC Explicit
08-06 17:31:39.550 31869 32173 I art     : Explicit concurrent mark sweep GC freed 10646(619KB) AllocSpace objects, 0(0B) LOS objects, 28% free, 39MB/55MB, paused 1.820ms total 78.506ms
08-06 17:31:39.587 31869 32173 I art     : Starting a blocking GC Explicit
08-06 17:31:39.596 31869  3130 I RedditChangeDataIO: Writing tmp data file at '/data/user/0/baseline.org.quantumbadger.redreader/files/rr_change_data_tmp.dat'
08-06 17:31:39.597 31869  3130 I RedditChangeDataManager: Taking snapshot...
08-06 17:31:39.597 31869  3130 I RedditChangeDataManager: Writing to stream...
08-06 17:31:39.597 31869  3130 I RedditChangeDataManager: Wrote 6 entries for user ''
08-06 17:31:39.597 31869  3130 I RedditChangeDataManager: All entries written to stream.
08-06 17:31:39.598 31869  3130 I RedditChangeDataIO: Write successful. Atomically replacing data file...
08-06 17:31:39.598 31869  3130 I RedditChangeDataIO: Write complete.
08-06 17:31:39.598 31869  3130 I RedditChangeDataIO: 158 bytes written in 3 ms
08-06 17:31:39.614   380   380 W SurfaceFlinger: couldn't log to binary event log: overflow.
08-06 17:31:39.660 31869 32173 I art     : Explicit concurrent mark sweep GC freed 11610(473KB) AllocSpace objects, 1(68KB) LOS objects, 28% free, 39MB/55MB, paused 851us total 72.619ms
08-06 17:31:39.687 31869 32173 I art     : Starting a blocking GC Explicit
08-06 17:31:39.719   512  2967 D audio_hw_primary: disable_audio_route: reset and update mixer path: low-latency-playback speaker
08-06 17:31:39.720   512  2967 D audio_hw_primary: disable_snd_device: snd_device(2: speaker)
08-06 17:31:39.727   512  2967 I soundtrigger: audio_extn_sound_trigger_update_device_status: device 0x2 of type 0 for Event 0
08-06 17:31:39.764 31869 32173 I art     : Explicit concurrent mark sweep GC freed 115(4KB) AllocSpace objects, 0(0B) LOS objects, 28% free, 39MB/55MB, paused 1.106ms total 77.297ms
08-06 17:31:40.028  2174  2174 I ServiceManager: Waiting for service AtCmdFwd...
08-06 17:31:40.143 31869 31881 I art     : Starting a blocking GC Explicit
08-06 17:31:40.228 31869 31881 I art     : Explicit concurrent mark sweep GC freed 1458(86KB) AllocSpace objects, 1(20KB) LOS objects, 28% free, 39MB/55MB, paused 975us total 83.703ms
08-06 17:31:40.258 31869 31881 I art     : Starting a blocking GC Explicit
08-06 17:31:40.335 31869 31881 I art     : Explicit concurrent mark sweep GC freed 20(704B) AllocSpace objects, 0(0B) LOS objects, 28% free, 39MB/55MB, paused 751us total 77.259ms
08-06 17:31:40.365 31869 31881 I art     : Starting a blocking GC Explicit
08-06 17:31:40.446 31869 31881 I art     : Explicit concurrent mark sweep GC freed 49(1920B) AllocSpace objects, 0(0B) LOS objects, 28% free, 39MB/55MB, paused 742us total 79.972ms
08-06 17:31:40.480 31869 31881 I art     : Starting a blocking GC Explicit
08-06 17:31:40.561 31869 31881 I art     : Explicit concurrent mark sweep GC freed 3(96B) AllocSpace objects, 0(0B) LOS objects, 28% free, 39MB/55MB, paused 1.141ms total 80.619ms
08-06 17:31:40.595 31869 31881 I art     : Starting a blocking GC Explicit
08-06 17:31:40.675 31869 31881 I art     : Explicit concurrent mark sweep GC freed 3(96B) AllocSpace objects, 0(0B) LOS objects, 28% free, 39MB/55MB, paused 737us total 79.554ms
08-06 17:31:41.028  2174  2174 W Atfwd_Sendcmd: AtCmdFwd service not published, waiting... retryCnt : 4
08-06 17:31:41.053 31869 32173 I art     : Starting a blocking GC Explicit
08-06 17:31:41.153 31869 32173 I art     : Explicit concurrent mark sweep GC freed 1635(127KB) AllocSpace objects, 1(20KB) LOS objects, 28% free, 39MB/55MB, paused 829us total 98.426ms
08-06 17:31:41.188 31869 32173 I art     : Starting a blocking GC Explicit
08-06 17:31:41.275 31869 32173 I art     : Explicit concurrent mark sweep GC freed 85(2880B) AllocSpace objects, 0(0B) LOS objects, 28% free, 39MB/55MB, paused 758us total 87.177ms
08-06 17:31:41.310 31869 32173 I art     : Starting a blocking GC Explicit
08-06 17:31:41.398 31869 32173 I art     : Explicit concurrent mark sweep GC freed 3(96B) AllocSpace objects, 0(0B) LOS objects, 28% free, 39MB/55MB, paused 760us total 87.306ms
08-06 17:31:41.431 31869 32173 I art     : Starting a blocking GC Explicit
08-06 17:31:41.510 31869 32173 I art     : Explicit concurrent mark sweep GC freed 3(96B) AllocSpace objects, 0(0B) LOS objects, 28% free, 39MB/55MB, paused 1.018ms total 78.516ms
08-06 17:31:41.543 31869 32173 I art     : Starting a blocking GC Explicit
08-06 17:31:41.624 31869 32173 I art     : Explicit concurrent mark sweep GC freed 3(96B) AllocSpace objects, 0(0B) LOS objects, 28% free, 39MB/55MB, paused 1.131ms total 79.592ms
08-06 17:31:42.029 31869 32651 I art     : Starting a blocking GC Explicit
08-06 17:31:42.130 31869 32651 I art     : Explicit concurrent mark sweep GC freed 1356(82KB) AllocSpace objects, 1(20KB) LOS objects, 28% free, 39MB/55MB, paused 1.236ms total 100.249ms
08-06 17:31:42.162 31869 32651 I art     : Starting a blocking GC Explicit
08-06 17:31:42.243 31869 32651 I art     : Explicit concurrent mark sweep GC freed 20(704B) AllocSpace objects, 0(0B) LOS objects, 28% free, 39MB/55MB, paused 694us total 79.994ms
08-06 17:31:42.272 31869 32651 I art     : Starting a blocking GC Explicit
08-06 17:31:42.357 31869 32651 I art     : Explicit concurrent mark sweep GC freed 3(96B) AllocSpace objects, 0(0B) LOS objects, 28% free, 39MB/55MB, paused 768us total 83.987ms
08-06 17:31:42.390 31869 32651 I art     : Starting a blocking GC Explicit
08-06 17:31:42.481 31869 32651 I art     : Explicit concurrent mark sweep GC freed 3(96B) AllocSpace objects, 0(0B) LOS objects, 28% free, 39MB/55MB, paused 886us total 90.824ms
08-06 17:31:42.516 31869 32651 I art     : Starting a blocking GC Explicit
08-06 17:31:42.604 31869 32651 I art     : Explicit concurrent mark sweep GC freed 3(96B) AllocSpace objects, 0(0B) LOS objects, 28% free, 39MB/55MB, paused 761us total 87.871ms
08-06 17:31:43.002 31869 31882 I art     : Starting a blocking GC Explicit
08-06 17:31:43.093 31869 31882 I art     : Explicit concurrent mark sweep GC freed 1356(82KB) AllocSpace objects, 1(20KB) LOS objects, 28% free, 39MB/55MB, paused 672us total 90.659ms
08-06 17:31:43.123 31869 31882 I art     : Starting a blocking GC Explicit
08-06 17:31:43.202 31869 31882 I art     : Explicit concurrent mark sweep GC freed 20(704B) AllocSpace objects, 0(0B) LOS objects, 28% free, 39MB/55MB, paused 693us total 78.814ms
08-06 17:31:43.236 31869 31882 I art     : Starting a blocking GC Explicit
08-06 17:31:43.323 31869 31882 I art     : Explicit concurrent mark sweep GC freed 3(96B) AllocSpace objects, 0(0B) LOS objects, 28% free, 39MB/55MB, paused 773us total 86.663ms
08-06 17:31:43.343   918  3188 I hubconnection: sensorhub said: 'set_bias 3: -6.2400, 0.0000, 0.0000'
08-06 17:31:43.358 31869 31882 I art     : Starting a blocking GC Explicit
08-06 17:31:43.437 31869 31882 I art     : Explicit concurrent mark sweep GC freed 3(96B) AllocSpace objects, 0(0B) LOS objects, 28% free, 39MB/55MB, paused 702us total 78.840ms
08-06 17:31:43.465 31869 31882 I art     : Starting a blocking GC Explicit
08-06 17:31:43.541 31869 31882 I art     : Explicit concurrent mark sweep GC freed 3(96B) AllocSpace objects, 0(0B) LOS objects, 28% free, 39MB/55MB, paused 745us total 75.250ms
08-06 17:31:43.910 31869 31893 I art     : Starting a blocking GC Explicit
08-06 17:31:43.992 31869 31893 I art     : Explicit concurrent mark sweep GC freed 1356(82KB) AllocSpace objects, 1(20KB) LOS objects, 28% free, 39MB/55MB, paused 774us total 81.216ms
08-06 17:31:44.021 31869 31893 I art     : Starting a blocking GC Explicit
08-06 17:31:44.056  3281  3281 D AndroidRuntime: >>>>>> START com.android.internal.os.RuntimeInit uid 2000 <<<<<<
08-06 17:31:44.062  3281  3281 D AndroidRuntime: CheckJNI is OFF
08-06 17:31:44.096 31869 31893 I art     : Explicit concurrent mark sweep GC freed 20(704B) AllocSpace objects, 0(0B) LOS objects, 28% free, 39MB/55MB, paused 812us total 74.669ms
08-06 17:31:44.114  3281  3281 D ICU     : No timezone override file found: /data/misc/zoneinfo/current/icu/icu_tzdata.dat
08-06 17:31:44.124 31869 31893 I art     : Starting a blocking GC Explicit
08-06 17:31:44.162  3281  3281 I Radio-JNI: register_android_hardware_Radio DONE
08-06 17:31:44.194  3281  3281 D AndroidRuntime: Calling main entry com.android.commands.input.Input
08-06 17:31:44.196  3281  3281 I Input   : injectKeyEvent: KeyEvent { action=ACTION_DOWN, keyCode=KEYCODE_BACK, scanCode=0, metaState=0, flags=0x0, repeatCount=0, eventTime=898320609, downTime=898320609, deviceId=-1, source=0x101 }
08-06 17:31:44.201 31869 31893 I art     : Explicit concurrent mark sweep GC freed 3(96B) AllocSpace objects, 0(0B) LOS objects, 28% free, 39MB/55MB, paused 862us total 76.491ms
08-06 17:31:44.208  3281  3281 I Input   : injectKeyEvent: KeyEvent { action=ACTION_UP, keyCode=KEYCODE_BACK, scanCode=0, metaState=0, flags=0x0, repeatCount=0, eventTime=898320609, downTime=898320609, deviceId=-1, source=0x101 }
08-06 17:31:44.231 31869 31893 I art     : Starting a blocking GC Explicit
08-06 17:31:44.239  3281  3281 D AndroidRuntime: Shutting down VM
08-06 17:31:44.285 13866 13866 I GoogleInputMethodServic: GoogleInputMethodService.onFinishInput():3138 
08-06 17:31:44.285 13866 13866 I GoogleInputMethodServic: GoogleInputMethodService.onStartInput():1808 
08-06 17:31:44.307 31869 31893 I art     : Explicit concurrent mark sweep GC freed 171(6KB) AllocSpace objects, 0(0B) LOS objects, 28% free, 39MB/55MB, paused 798us total 75.711ms
08-06 17:31:44.333 31869 31893 I art     : Starting a blocking GC Explicit
08-06 17:31:44.403 31869 31893 I art     : Explicit concurrent mark sweep GC freed 104(3KB) AllocSpace objects, 0(0B) LOS objects, 28% free, 39MB/55MB, paused 904us total 69.307ms
08-06 17:31:44.500   918  3261 D WifiStateMachine: starting scan for "H369AA63323"WPA_PSK with 2412,5180
08-06 17:31:44.525   518   646 I ThermalEngine: ACTION: GPU - Setting GPU[0] to 450000000
08-06 17:31:44.617   380   380 W SurfaceFlinger: couldn't log to binary event log: overflow.
08-06 17:31:44.748 31869 31893 I art     : Starting a blocking GC Explicit
08-06 17:31:44.813 31869 31893 I art     : Explicit concurrent mark sweep GC freed 1420(85KB) AllocSpace objects, 1(20KB) LOS objects, 28% free, 39MB/55MB, paused 552us total 64.939ms
08-06 17:31:44.835 31869 31893 I art     : Starting a blocking GC Explicit
08-06 17:31:44.886 31869 31893 I art     : Explicit concurrent mark sweep GC freed 41409(2MB) AllocSpace objects, 5(140KB) LOS objects, 29% free, 37MB/53MB, paused 476us total 51.121ms
08-06 17:31:44.905 31869 31893 I art     : Starting a blocking GC Explicit
08-06 17:31:44.954 31869 31893 I art     : Explicit concurrent mark sweep GC freed 3(96B) AllocSpace objects, 0(0B) LOS objects, 29% free, 37MB/53MB, paused 480us total 47.931ms
08-06 17:31:44.973 31869 31893 I art     : Starting a blocking GC Explicit
08-06 17:31:45.023 31869 31893 I art     : Explicit concurrent mark sweep GC freed 3(96B) AllocSpace objects, 0(0B) LOS objects, 29% free, 37MB/53MB, paused 505us total 50.051ms
08-06 17:31:45.046 31869 31893 I art     : Starting a blocking GC Explicit
08-06 17:31:45.093 31869 31893 I art     : Explicit concurrent mark sweep GC freed 3(96B) AllocSpace objects, 0(0B) LOS objects, 29% free, 37MB/53MB, paused 488us total 46.935ms
08-06 17:31:45.434 31869 32173 I art     : Starting a blocking GC Explicit
08-06 17:31:45.498 31869 32173 I art     : Explicit concurrent mark sweep GC freed 1358(83KB) AllocSpace objects, 1(20KB) LOS objects, 29% free, 37MB/53MB, paused 495us total 63.352ms
08-06 17:31:45.517 31869 32173 I art     : Starting a blocking GC Explicit
08-06 17:31:45.529   518   646 I ThermalEngine: ACTION: GPU - Setting GPU[0] to 390000000
08-06 17:31:45.579 31869 32173 I art     : Explicit concurrent mark sweep GC freed 20(704B) AllocSpace objects, 0(0B) LOS objects, 29% free, 37MB/53MB, paused 788us total 61.282ms
08-06 17:31:45.603 31869 32173 I art     : Starting a blocking GC Explicit
08-06 17:31:45.664 31869 32173 I art     : Explicit concurrent mark sweep GC freed 3(96B) AllocSpace objects, 0(0B) LOS objects, 29% free, 37MB/53MB, paused 883us total 59.873ms
08-06 17:31:45.689 31869 32173 I art     : Starting a blocking GC Explicit
08-06 17:31:45.750 31869 32173 I art     : Explicit concurrent mark sweep GC freed 3(96B) AllocSpace objects, 0(0B) LOS objects, 29% free, 37MB/53MB, paused 836us total 60.405ms
08-06 17:31:45.775 31869 32173 I art     : Starting a blocking GC Explicit
08-06 17:31:45.835 31869 32173 I art     : Explicit concurrent mark sweep GC freed 3(96B) AllocSpace objects, 0(0B) LOS objects, 29% free, 37MB/53MB, paused 777us total 59.958ms
08-06 17:31:46.159  3331  3331 D AndroidRuntime: >>>>>> START com.android.internal.os.RuntimeInit uid 2000 <<<<<<
08-06 17:31:46.166  3331  3331 D AndroidRuntime: CheckJNI is OFF
08-06 17:31:46.211 31869 32651 I art     : Starting a blocking GC Explicit
08-06 17:31:46.220  3331  3331 D ICU     : No timezone override file found: /data/misc/zoneinfo/current/icu/icu_tzdata.dat
08-06 17:31:46.265  3331  3331 I Radio-JNI: register_android_hardware_Radio DONE
08-06 17:31:46.272 31869 32651 I art     : Explicit concurrent mark sweep GC freed 1356(82KB) AllocSpace objects, 1(20KB) LOS objects, 29% free, 37MB/53MB, paused 825us total 60.755ms
08-06 17:31:46.297 31869 32651 I art     : Starting a blocking GC Explicit
08-06 17:31:46.297  3331  3331 D AndroidRuntime: Calling main entry com.android.commands.input.Input
08-06 17:31:46.299  3331  3331 I Input   : injectKeyEvent: KeyEvent { action=ACTION_DOWN, keyCode=KEYCODE_BACK, scanCode=0, metaState=0, flags=0x0, repeatCount=0, eventTime=898322712, downTime=898322712, deviceId=-1, source=0x101 }
08-06 17:31:46.307  3331  3331 I Input   : injectKeyEvent: KeyEvent { action=ACTION_UP, keyCode=KEYCODE_BACK, scanCode=0, metaState=0, flags=0x0, repeatCount=0, eventTime=898322712, downTime=898322712, deviceId=-1, source=0x101 }
08-06 17:31:46.322  3331  3331 D AndroidRuntime: Shutting down VM
08-06 17:31:46.356 31869 32651 I art     : Explicit concurrent mark sweep GC freed 123(4KB) AllocSpace objects, 0(0B) LOS objects, 29% free, 37MB/53MB, paused 903us total 58.713ms
08-06 17:31:46.366 13866 13866 I GoogleInputMethodServic: GoogleInputMethodService.onFinishInput():3138 
08-06 17:31:46.367 13866 13866 I GoogleInputMethodServic: GoogleInputMethodService.onStartInput():1808 
08-06 17:31:46.383 31869 32651 I art     : Starting a blocking GC Explicit
08-06 17:31:46.438 31869 32651 I art     : Explicit concurrent mark sweep GC freed 62(2224B) AllocSpace objects, 0(0B) LOS objects, 29% free, 37MB/53MB, paused 900us total 54.696ms
08-06 17:31:46.460 31869 32651 I art     : Starting a blocking GC Explicit
08-06 17:31:46.528 31869 32651 I art     : Explicit concurrent mark sweep GC freed 24(816B) AllocSpace objects, 0(0B) LOS objects, 29% free, 37MB/53MB, paused 2.008ms total 66.871ms
08-06 17:31:46.560 31869 32651 I art     : Starting a blocking GC Explicit
08-06 17:31:46.636 31869 32651 I art     : Explicit concurrent mark sweep GC freed 3(96B) AllocSpace objects, 0(0B) LOS objects, 29% free, 37MB/53MB, paused 629us total 75.292ms
08-06 17:31:47.006 31869 31893 I art     : Starting a blocking GC Explicit
08-06 17:31:47.088 31869 31893 I art     : Explicit concurrent mark sweep GC freed 1411(84KB) AllocSpace objects, 1(20KB) LOS objects, 29% free, 37MB/53MB, paused 757us total 81.849ms
08-06 17:31:47.114 31869 31893 I art     : Starting a blocking GC Explicit
08-06 17:31:47.188 31869 31893 I art     : Explicit concurrent mark sweep GC freed 150(7KB) AllocSpace objects, 0(0B) LOS objects, 29% free, 37MB/53MB, paused 1.570ms total 72.957ms
08-06 17:31:47.214 31869 31893 I art     : Starting a blocking GC Explicit
08-06 17:31:47.277 31869 31893 I art     : Explicit concurrent mark sweep GC freed 3(96B) AllocSpace objects, 0(0B) LOS objects, 29% free, 37MB/53MB, paused 752us total 62.284ms
08-06 17:31:47.308 31869 31893 I art     : Starting a blocking GC Explicit
08-06 17:31:47.372 31869 31893 I art     : Explicit concurrent mark sweep GC freed 3(96B) AllocSpace objects, 0(0B) LOS objects, 29% free, 37MB/53MB, paused 758us total 62.830ms
08-06 17:31:47.398 31869 31893 I art     : Starting a blocking GC Explicit
08-06 17:31:47.465 31869 31893 I art     : Explicit concurrent mark sweep GC freed 3(96B) AllocSpace objects, 0(0B) LOS objects, 29% free, 37MB/53MB, paused 891us total 66.717ms
08-06 17:31:47.827 31869 31882 I art     : Starting a blocking GC Explicit
08-06 17:31:47.902 31869 31882 I art     : Explicit concurrent mark sweep GC freed 1356(82KB) AllocSpace objects, 1(20KB) LOS objects, 29% free, 37MB/53MB, paused 1.141ms total 75.357ms
08-06 17:31:47.928 31869 31882 I art     : Starting a blocking GC Explicit
08-06 17:31:47.989 31869 31882 I art     : Explicit concurrent mark sweep GC freed 20(704B) AllocSpace objects, 0(0B) LOS objects, 29% free, 37MB/53MB, paused 1.039ms total 60.076ms
08-06 17:31:48.015 31869 31882 I art     : Starting a blocking GC Explicit
08-06 17:31:48.078 31869 31882 I art     : Explicit concurrent mark sweep GC freed 3(96B) AllocSpace objects, 0(0B) LOS objects, 29% free, 37MB/53MB, paused 1.039ms total 62.993ms
08-06 17:31:48.104 31869 31882 I art     : Starting a blocking GC Explicit
08-06 17:31:48.166 31869 31882 I art     : Explicit concurrent mark sweep GC freed 3(96B) AllocSpace objects, 0(0B) LOS objects, 29% free, 37MB/53MB, paused 817us total 62.343ms
08-06 17:31:48.192 31869 31882 I art     : Starting a blocking GC Explicit
08-06 17:31:48.254 31869 31882 I art     : Explicit concurrent mark sweep GC freed 3(96B) AllocSpace objects, 0(0B) LOS objects, 29% free, 37MB/53MB, paused 919us total 61.194ms
08-06 17:31:48.266  3379  3379 D AndroidRuntime: >>>>>> START com.android.internal.os.RuntimeInit uid 2000 <<<<<<
08-06 17:31:48.272  3379  3379 D AndroidRuntime: CheckJNI is OFF
08-06 17:31:48.320  3379  3379 D ICU     : No timezone override file found: /data/misc/zoneinfo/current/icu/icu_tzdata.dat
08-06 17:31:48.365  3379  3379 I Radio-JNI: register_android_hardware_Radio DONE
08-06 17:31:48.397  3379  3379 D AndroidRuntime: Calling main entry com.android.commands.am.Am
08-06 17:31:48.406 26540 26540 I Trepn   : Trepn 6.2s: Received intent: com.quicinc.trepn.stop_profiling
08-06 17:31:48.451 26540 26540 I Trepn   : Trepn 6.2s: Trepn has Stopped Profiling.
08-06 17:31:48.606  3379  3379 D AndroidRuntime: Shutting down VM
08-06 17:31:48.610   918  4413 W AppOps  : Finishing op nesting under-run: uid 10078 pkg com.quicinc.trepn code 24 time=0 duration=0 nesting=0
08-06 17:31:48.611 31869 31881 I art     : Starting a blocking GC Explicit
08-06 17:31:48.665 31869 31881 I art     : Explicit concurrent mark sweep GC freed 1356(82KB) AllocSpace objects, 1(20KB) LOS objects, 29% free, 37MB/53MB, paused 630us total 53.786ms
08-06 17:31:48.689 31869 31881 I art     : Starting a blocking GC Explicit
08-06 17:31:48.752 31869 31881 I art     : Explicit concurrent mark sweep GC freed 20(704B) AllocSpace objects, 0(0B) LOS objects, 29% free, 37MB/53MB, paused 759us total 62.691ms
08-06 17:31:48.780 31869 31881 I art     : Starting a blocking GC Explicit
08-06 17:31:48.849 31869 31881 I art     : Explicit concurrent mark sweep GC freed 3(96B) AllocSpace objects, 0(0B) LOS objects, 29% free, 37MB/53MB, paused 1.026ms total 68.154ms
08-06 17:31:48.875 31869 31881 I art     : Starting a blocking GC Explicit
08-06 17:31:48.934 31869 31881 I art     : Explicit concurrent mark sweep GC freed 3(96B) AllocSpace objects, 0(0B) LOS objects, 29% free, 37MB/53MB, paused 838us total 59.508ms
08-06 17:31:48.960 31869 31881 I art     : Starting a blocking GC Explicit
08-06 17:31:49.021 31869 31881 I art     : Explicit concurrent mark sweep GC freed 3(96B) AllocSpace objects, 0(0B) LOS objects, 29% free, 37MB/53MB, paused 838us total 60.878ms
08-06 17:31:49.538   518   646 I ThermalEngine: ACTION: GPU - Setting GPU[0] to 450000000
