08-05 22:43:51.488  8266  8266 D AndroidRuntime: Shutting down VM
08-05 22:43:51.509   512  2967 D audio_hw_primary: out_set_parameters: enter: usecase(1: low-latency-playback) kvpairs: routing=2
08-05 22:43:51.510   918  6112 I ActivityManager: START u0 {dat=https://oauth.reddit.com/... cmp=baseline.org.quantumbadger.redreader/.activities.CommentListingActivity} from uid 10705 on display 0
08-05 22:43:51.522   512  2967 D audio_hw_primary: select_devices: out_snd_device(2: speaker) in_snd_device(0: none)
08-05 22:43:51.522   512  2967 D msm8974_platform: platform_send_audio_calibration: sending audio calibration for snd_device(2) acdb_id(15)
08-05 22:43:51.522   512  2967 I soundtrigger: audio_extn_sound_trigger_update_device_status: device 0x2 of type 0 for Event 1
08-05 22:43:51.533   512  2967 D audio_hw_primary: enable_snd_device: snd_device(2: speaker)
08-05 22:43:51.536   512  2967 D audio_hw_primary: enable_audio_route: apply and update mixer path: low-latency-playback speaker
08-05 22:43:51.538  6590  6590 I AppCompatViewInflater: app:theme is now deprecated. Please move to using android:theme instead.
08-05 22:43:51.551  6590  7176 I CommentListingActivity: COMMENTS session changed to f60f04c0-40bb-4173-8355-8a1b90462135
08-05 22:43:51.622  6590  7013 I art     : Starting a blocking GC Explicit
08-05 22:43:51.664  6590  7013 I art     : Explicit concurrent mark sweep GC freed 30679(2MB) AllocSpace objects, 3(56KB) LOS objects, 35% free, 29MB/45MB, paused 830us total 42.231ms
08-05 22:43:51.681  6590  7013 I art     : Starting a blocking GC Explicit
08-05 22:43:51.691 13866 13866 I GoogleInputMethodServic: GoogleInputMethodService.onFinishInput():3138 
08-05 22:43:51.691   918   936 I ActivityManager: Displayed baseline.org.quantumbadger.redreader/.activities.CommentListingActivity: +173ms
08-05 22:43:51.691 13866 13866 I GoogleInputMethodServic: GoogleInputMethodService.onStartInput():1808 
08-05 22:43:51.720  6590  7013 I art     : Explicit concurrent mark sweep GC freed 14450(969KB) AllocSpace objects, 1(16KB) LOS objects, 35% free, 29MB/45MB, paused 415us total 38.644ms
08-05 22:43:51.721  6590  6600 I art     : WaitForGcToComplete blocked for 39.124ms for cause HeapTrim
08-05 22:43:51.735  6590  7013 I art     : Starting a blocking GC Explicit
08-05 22:43:51.770  6590  7013 I art     : Explicit concurrent mark sweep GC freed 20607(959KB) AllocSpace objects, 0(0B) LOS objects, 36% free, 28MB/44MB, paused 184us total 34.162ms
08-05 22:43:51.782  6590  7013 I art     : Starting a blocking GC Explicit
08-05 22:43:51.815  6590  7013 I art     : Explicit concurrent mark sweep GC freed 13(640B) AllocSpace objects, 0(0B) LOS objects, 36% free, 28MB/44MB, paused 200us total 32.860ms
08-05 22:43:51.827  6590  7013 I art     : Starting a blocking GC Explicit
08-05 22:43:51.864  6590  7013 I art     : Explicit concurrent mark sweep GC freed 4(128B) AllocSpace objects, 0(0B) LOS objects, 36% free, 28MB/44MB, paused 211us total 36.861ms
08-05 22:43:51.897  5084  5084 I ServiceManager: Waiting for service AtCmdFwd...
08-05 22:43:51.936   380   380 W SurfaceFlinger: couldn't log to binary event log: overflow.
08-05 22:43:52.069   512  2967 D audio_hw_primary: disable_audio_route: reset and update mixer path: low-latency-playback speaker
08-05 22:43:52.071   512  2967 D audio_hw_primary: disable_snd_device: snd_device(2: speaker)
08-05 22:43:52.081   512  2967 I soundtrigger: audio_extn_sound_trigger_update_device_status: device 0x2 of type 0 for Event 0
08-05 22:43:52.150  6590  6614 I art     : Starting a blocking GC Explicit
08-05 22:43:52.191  6590  6614 I art     : Explicit concurrent mark sweep GC freed 1429(83KB) AllocSpace objects, 1(20KB) LOS objects, 36% free, 28MB/44MB, paused 195us total 40.061ms
08-05 22:43:52.204  6590  6614 I art     : Starting a blocking GC Explicit
08-05 22:43:52.239  6590  6614 I art     : Explicit concurrent mark sweep GC freed 24(832B) AllocSpace objects, 0(0B) LOS objects, 36% free, 28MB/44MB, paused 177us total 35.729ms
08-05 22:43:52.251  6590  6614 I art     : Starting a blocking GC Explicit
08-05 22:43:52.269  6590  8195 I RedditChangeDataIO: Writing tmp data file at '/data/user/0/baseline.org.quantumbadger.redreader/files/rr_change_data_tmp.dat'
08-05 22:43:52.270  6590  8195 I RedditChangeDataManager: Taking snapshot...
08-05 22:43:52.270  6590  8195 I RedditChangeDataManager: Writing to stream...
08-05 22:43:52.270  6590  8195 I RedditChangeDataManager: Wrote 3 entries for user ''
08-05 22:43:52.270  6590  8195 I RedditChangeDataManager: All entries written to stream.
08-05 22:43:52.270  6590  8195 I RedditChangeDataIO: Write successful. Atomically replacing data file...
08-05 22:43:52.270  6590  8195 I RedditChangeDataIO: Write complete.
08-05 22:43:52.270  6590  8195 I RedditChangeDataIO: 86 bytes written in 1 ms
08-05 22:43:52.285  6590  6614 I art     : Explicit concurrent mark sweep GC freed 102(5KB) AllocSpace objects, 1(68KB) LOS objects, 36% free, 28MB/44MB, paused 176us total 34.474ms
08-05 22:43:52.298  6590  6614 I art     : Starting a blocking GC Explicit
08-05 22:43:52.307   918  3261 D WifiStateMachine: starting scan for "H369AA63323"WPA_PSK with 2412,5180
08-05 22:43:52.332  6590  6614 I art     : Explicit concurrent mark sweep GC freed 240(39KB) AllocSpace objects, 0(0B) LOS objects, 36% free, 28MB/44MB, paused 206us total 34.230ms
08-05 22:43:52.343  6590  6614 I art     : Starting a blocking GC Explicit
08-05 22:43:52.375  6590  6614 I art     : Explicit concurrent mark sweep GC freed 68(2272B) AllocSpace objects, 0(0B) LOS objects, 36% free, 28MB/44MB, paused 159us total 31.585ms
08-05 22:43:52.669  6590  6602 I art     : Starting a blocking GC Explicit
08-05 22:43:52.713  6590  6602 I art     : Explicit concurrent mark sweep GC freed 1341(80KB) AllocSpace objects, 1(20KB) LOS objects, 36% free, 28MB/44MB, paused 198us total 43.100ms
08-05 22:43:52.728  6590  6602 I art     : Starting a blocking GC Explicit
08-05 22:43:52.764  6590  6602 I art     : Explicit concurrent mark sweep GC freed 66(2528B) AllocSpace objects, 0(0B) LOS objects, 36% free, 28MB/44MB, paused 185us total 35.521ms
08-05 22:43:52.776  6590  6602 I art     : Starting a blocking GC Explicit
08-05 22:43:52.812  6590  6602 I art     : Explicit concurrent mark sweep GC freed 3(96B) AllocSpace objects, 0(0B) LOS objects, 36% free, 28MB/44MB, paused 175us total 35.839ms
08-05 22:43:52.824  6590  6602 I art     : Starting a blocking GC Explicit
08-05 22:43:52.861  6590  6602 I art     : Explicit concurrent mark sweep GC freed 3(96B) AllocSpace objects, 0(0B) LOS objects, 36% free, 28MB/44MB, paused 187us total 36.979ms
08-05 22:43:52.874  6590  6602 I art     : Starting a blocking GC Explicit
08-05 22:43:52.898  5084  5084 I ServiceManager: Waiting for service AtCmdFwd...
08-05 22:43:52.911  6590  6602 I art     : Explicit concurrent mark sweep GC freed 3(96B) AllocSpace objects, 0(0B) LOS objects, 36% free, 28MB/44MB, paused 177us total 37.499ms
08-05 22:43:53.233  6590  7013 I art     : Starting a blocking GC Explicit
08-05 22:43:53.287  6590  7013 I art     : Explicit concurrent mark sweep GC freed 1341(80KB) AllocSpace objects, 1(20KB) LOS objects, 36% free, 28MB/44MB, paused 224us total 53.435ms
08-05 22:43:53.306  6590  7013 I art     : Starting a blocking GC Explicit
08-05 22:43:53.344  6590  7013 I art     : Explicit concurrent mark sweep GC freed 20(704B) AllocSpace objects, 0(0B) LOS objects, 36% free, 28MB/44MB, paused 179us total 37.168ms
08-05 22:43:53.356  6590  7013 I art     : Starting a blocking GC Explicit
08-05 22:43:53.394  6590  7013 I art     : Explicit concurrent mark sweep GC freed 3(96B) AllocSpace objects, 0(0B) LOS objects, 36% free, 28MB/44MB, paused 194us total 38.299ms
08-05 22:43:53.406  6590  7013 I art     : Starting a blocking GC Explicit
08-05 22:43:53.445  6590  7013 I art     : Explicit concurrent mark sweep GC freed 3(96B) AllocSpace objects, 0(0B) LOS objects, 36% free, 28MB/44MB, paused 191us total 38.244ms
08-05 22:43:53.457  6590  7013 I art     : Starting a blocking GC Explicit
08-05 22:43:53.496  6590  7013 I art     : Explicit concurrent mark sweep GC freed 3(96B) AllocSpace objects, 0(0B) LOS objects, 36% free, 28MB/44MB, paused 188us total 38.207ms
08-05 22:43:53.719   518   646 I ThermalEngine: ACTION: GPU - Setting GPU[0] to 510000000
08-05 22:43:53.792  6590  6614 I art     : Starting a blocking GC Explicit
08-05 22:43:53.849  6590  6614 I art     : Explicit concurrent mark sweep GC freed 1341(80KB) AllocSpace objects, 1(20KB) LOS objects, 36% free, 28MB/44MB, paused 285us total 56.606ms
08-05 22:43:53.870  6590  6614 I art     : Starting a blocking GC Explicit
08-05 22:43:53.898  5084  5084 I ServiceManager: Waiting for service AtCmdFwd...
08-05 22:43:53.921  6590  6614 I art     : Explicit concurrent mark sweep GC freed 20(704B) AllocSpace objects, 0(0B) LOS objects, 36% free, 28MB/44MB, paused 259us total 50.761ms
08-05 22:43:53.937  6590  6614 I art     : Starting a blocking GC Explicit
08-05 22:43:53.985  6590  6614 I art     : Explicit concurrent mark sweep GC freed 3(96B) AllocSpace objects, 0(0B) LOS objects, 36% free, 28MB/44MB, paused 252us total 47.557ms
08-05 22:43:54.001  6590  6614 I art     : Starting a blocking GC Explicit
08-05 22:43:54.045  6590  6614 I art     : Explicit concurrent mark sweep GC freed 3(96B) AllocSpace objects, 0(0B) LOS objects, 36% free, 28MB/44MB, paused 228us total 44.220ms
08-05 22:43:54.060  6590  6614 I art     : Starting a blocking GC Explicit
08-05 22:43:54.107  6590  6614 I art     : Explicit concurrent mark sweep GC freed 3(96B) AllocSpace objects, 0(0B) LOS objects, 36% free, 28MB/44MB, paused 265us total 46.472ms
08-05 22:43:54.423  6590  6603 I art     : Starting a blocking GC Explicit
08-05 22:43:54.482  6590  6603 I art     : Explicit concurrent mark sweep GC freed 1341(80KB) AllocSpace objects, 1(20KB) LOS objects, 36% free, 28MB/44MB, paused 268us total 58.258ms
08-05 22:43:54.507  6590  6603 I art     : Starting a blocking GC Explicit
08-05 22:43:54.552  6590  6603 I art     : Explicit concurrent mark sweep GC freed 20(704B) AllocSpace objects, 0(0B) LOS objects, 36% free, 28MB/44MB, paused 255us total 44.509ms
08-05 22:43:54.567  6590  6603 I art     : Starting a blocking GC Explicit
08-05 22:43:54.615  6590  6603 I art     : Explicit concurrent mark sweep GC freed 3(96B) AllocSpace objects, 0(0B) LOS objects, 36% free, 28MB/44MB, paused 250us total 47.206ms
08-05 22:43:54.630  6590  6603 I art     : Starting a blocking GC Explicit
08-05 22:43:54.677  6590  6603 I art     : Explicit concurrent mark sweep GC freed 3(96B) AllocSpace objects, 0(0B) LOS objects, 36% free, 28MB/44MB, paused 253us total 45.841ms
08-05 22:43:54.692  6590  6603 I art     : Starting a blocking GC Explicit
08-05 22:43:54.737  6590  6603 I art     : Explicit concurrent mark sweep GC freed 3(96B) AllocSpace objects, 0(0B) LOS objects, 36% free, 28MB/44MB, paused 269us total 44.417ms
08-05 22:43:54.899  5084  5084 W Atfwd_Sendcmd: AtCmdFwd service not published, waiting... retryCnt : 4
08-05 22:43:55.054  6590  6602 I art     : Starting a blocking GC Explicit
08-05 22:43:55.111  6590  6602 I art     : Explicit concurrent mark sweep GC freed 1341(80KB) AllocSpace objects, 1(20KB) LOS objects, 36% free, 28MB/44MB, paused 257us total 57.299ms
08-05 22:43:55.127  6590  6602 I art     : Starting a blocking GC Explicit
08-05 22:43:55.171  6590  6602 I art     : Explicit concurrent mark sweep GC freed 20(704B) AllocSpace objects, 0(0B) LOS objects, 36% free, 28MB/44MB, paused 239us total 43.489ms
08-05 22:43:55.186  6590  6602 I art     : Starting a blocking GC Explicit
08-05 22:43:55.233  6590  6602 I art     : Explicit concurrent mark sweep GC freed 3(96B) AllocSpace objects, 0(0B) LOS objects, 36% free, 28MB/44MB, paused 235us total 46.887ms
08-05 22:43:55.249  6590  6602 I art     : Starting a blocking GC Explicit
08-05 22:43:55.295  6590  6602 I art     : Explicit concurrent mark sweep GC freed 3(96B) AllocSpace objects, 0(0B) LOS objects, 36% free, 28MB/44MB, paused 255us total 45.854ms
08-05 22:43:55.311  6590  6602 I art     : Starting a blocking GC Explicit
08-05 22:43:55.357  6590  6602 I art     : Explicit concurrent mark sweep GC freed 3(96B) AllocSpace objects, 0(0B) LOS objects, 36% free, 28MB/44MB, paused 324us total 45.996ms
08-05 22:43:55.684  6590  7013 I art     : Starting a blocking GC Explicit
08-05 22:43:55.736  6590  7013 I art     : Explicit concurrent mark sweep GC freed 1343(80KB) AllocSpace objects, 1(20KB) LOS objects, 36% free, 28MB/44MB, paused 252us total 52.123ms
08-05 22:43:55.752  6590  7013 I art     : Starting a blocking GC Explicit
08-05 22:43:55.792  6590  7013 I art     : Explicit concurrent mark sweep GC freed 20(704B) AllocSpace objects, 0(0B) LOS objects, 36% free, 28MB/44MB, paused 241us total 40.085ms
08-05 22:43:55.808  6590  7013 I art     : Starting a blocking GC Explicit
08-05 22:43:55.851  6590  7013 I art     : Explicit concurrent mark sweep GC freed 3(96B) AllocSpace objects, 0(0B) LOS objects, 36% free, 28MB/44MB, paused 247us total 43.474ms
08-05 22:43:55.867  6590  7013 I art     : Starting a blocking GC Explicit
08-05 22:43:55.912  6590  7013 I art     : Explicit concurrent mark sweep GC freed 3(96B) AllocSpace objects, 0(0B) LOS objects, 36% free, 28MB/44MB, paused 253us total 44.724ms
08-05 22:43:55.927  6590  7013 I art     : Starting a blocking GC Explicit
08-05 22:43:55.970  6590  7013 I art     : Explicit concurrent mark sweep GC freed 3(96B) AllocSpace objects, 0(0B) LOS objects, 36% free, 28MB/44MB, paused 253us total 43.329ms
08-05 22:43:56.162  8371  8371 D AndroidRuntime: >>>>>> START com.android.internal.os.RuntimeInit uid 2000 <<<<<<
08-05 22:43:56.167  8371  8371 D AndroidRuntime: CheckJNI is OFF
08-05 22:43:56.198  8371  8371 D ICU     : No timezone override file found: /data/misc/zoneinfo/current/icu/icu_tzdata.dat
08-05 22:43:56.230  8371  8371 I Radio-JNI: register_android_hardware_Radio DONE
08-05 22:43:56.251  8371  8371 D AndroidRuntime: Calling main entry com.android.commands.input.Input
08-05 22:43:56.252  8371  8371 I Input   : injectKeyEvent: KeyEvent { action=ACTION_DOWN, keyCode=KEYCODE_BACK, scanCode=0, metaState=0, flags=0x0, repeatCount=0, eventTime=830652665, downTime=830652665, deviceId=-1, source=0x101 }
08-05 22:43:56.257  8371  8371 I Input   : injectKeyEvent: KeyEvent { action=ACTION_UP, keyCode=KEYCODE_BACK, scanCode=0, metaState=0, flags=0x0, repeatCount=0, eventTime=830652665, downTime=830652665, deviceId=-1, source=0x101 }
08-05 22:43:56.261  8371  8371 D AndroidRuntime: Shutting down VM
08-05 22:43:56.265  6590  7013 I art     : Starting a blocking GC Explicit
08-05 22:43:56.296 13866 13866 I GoogleInputMethodServic: GoogleInputMethodService.onFinishInput():3138 
08-05 22:43:56.297 13866 13866 I GoogleInputMethodServic: GoogleInputMethodService.onStartInput():1808 
08-05 22:43:56.309  6590  7013 I art     : Explicit concurrent mark sweep GC freed 1473(85KB) AllocSpace objects, 1(20KB) LOS objects, 36% free, 28MB/44MB, paused 475us total 44.629ms
08-05 22:43:56.326  6590  7013 I art     : Starting a blocking GC Explicit
08-05 22:43:56.368  6590  7013 I art     : Explicit concurrent mark sweep GC freed 133(4KB) AllocSpace objects, 0(0B) LOS objects, 36% free, 28MB/44MB, paused 253us total 41.183ms
08-05 22:43:56.382  6590  7013 I art     : Starting a blocking GC Explicit
08-05 22:43:56.422  6590  7013 I art     : Explicit concurrent mark sweep GC freed 5(176B) AllocSpace objects, 0(0B) LOS objects, 36% free, 28MB/44MB, paused 229us total 40.171ms
08-05 22:43:56.438  6590  7013 I art     : Starting a blocking GC Explicit
08-05 22:43:56.490  6590  7013 I art     : Explicit concurrent mark sweep GC freed 3(96B) AllocSpace objects, 0(0B) LOS objects, 36% free, 28MB/44MB, paused 253us total 51.443ms
08-05 22:43:56.510  6590  7013 I art     : Starting a blocking GC Explicit
08-05 22:43:56.568  6590  7013 I art     : Explicit concurrent mark sweep GC freed 3(96B) AllocSpace objects, 0(0B) LOS objects, 36% free, 28MB/44MB, paused 299us total 57.608ms
08-05 22:43:56.607   380   380 W SurfaceFlinger: couldn't log to binary event log: overflow.
08-05 22:43:56.722   518   646 I ThermalEngine: ACTION: GPU - Setting GPU[0] to 600000000
08-05 22:43:56.837  6590  6602 I art     : Starting a blocking GC Explicit
08-05 22:43:56.886  6590  6602 I art     : Explicit concurrent mark sweep GC freed 1402(82KB) AllocSpace objects, 1(20KB) LOS objects, 36% free, 28MB/44MB, paused 241us total 48.686ms
08-05 22:43:56.901  6590  6602 I art     : Starting a blocking GC Explicit
08-05 22:43:56.933  6590  6602 I art     : Explicit concurrent mark sweep GC freed 46779(2MB) AllocSpace objects, 5(140KB) LOS objects, 38% free, 25MB/41MB, paused 194us total 31.745ms
08-05 22:43:56.944  6590  6602 I art     : Starting a blocking GC Explicit
08-05 22:43:56.970  6590  6602 I art     : Explicit concurrent mark sweep GC freed 3(96B) AllocSpace objects, 0(0B) LOS objects, 38% free, 25MB/41MB, paused 183us total 26.090ms
08-05 22:43:56.980  6590  6602 I art     : Starting a blocking GC Explicit
08-05 22:43:57.007  6590  6602 I art     : Explicit concurrent mark sweep GC freed 3(96B) AllocSpace objects, 0(0B) LOS objects, 38% free, 25MB/41MB, paused 247us total 26.299ms
08-05 22:43:57.018  6590  6602 I art     : Starting a blocking GC Explicit
08-05 22:43:57.044  6590  6602 I art     : Explicit concurrent mark sweep GC freed 3(96B) AllocSpace objects, 0(0B) LOS objects, 38% free, 25MB/41MB, paused 185us total 26.530ms
08-05 22:43:57.331  6590  7013 I art     : Starting a blocking GC Explicit
08-05 22:43:57.371  6590  7013 I art     : Explicit concurrent mark sweep GC freed 1341(80KB) AllocSpace objects, 1(20KB) LOS objects, 38% free, 25MB/41MB, paused 202us total 40.064ms
08-05 22:43:57.382  6590  7013 I art     : Starting a blocking GC Explicit
08-05 22:43:57.408  6590  7013 I art     : Explicit concurrent mark sweep GC freed 20(704B) AllocSpace objects, 0(0B) LOS objects, 38% free, 25MB/41MB, paused 190us total 25.547ms
08-05 22:43:57.418  6590  7013 I art     : Starting a blocking GC Explicit
08-05 22:43:57.445  6590  7013 I art     : Explicit concurrent mark sweep GC freed 3(96B) AllocSpace objects, 0(0B) LOS objects, 38% free, 25MB/41MB, paused 188us total 26.754ms
08-05 22:43:57.455  6590  7013 I art     : Starting a blocking GC Explicit
08-05 22:43:57.483  6590  7013 I art     : Explicit concurrent mark sweep GC freed 3(96B) AllocSpace objects, 0(0B) LOS objects, 38% free, 25MB/41MB, paused 197us total 27.009ms
08-05 22:43:57.493  6590  7013 I art     : Starting a blocking GC Explicit
08-05 22:43:57.520  6590  7013 I art     : Explicit concurrent mark sweep GC freed 3(96B) AllocSpace objects, 0(0B) LOS objects, 38% free, 25MB/41MB, paused 197us total 26.354ms
08-05 22:43:57.767  6590  6603 I art     : Starting a blocking GC Explicit
08-05 22:43:57.794  6590  6603 I art     : Explicit concurrent mark sweep GC freed 1341(80KB) AllocSpace objects, 1(20KB) LOS objects, 38% free, 25MB/41MB, paused 207us total 27.566ms
08-05 22:43:57.806  6590  6603 I art     : Starting a blocking GC Explicit
08-05 22:43:57.819  8414  8414 D AndroidRuntime: >>>>>> START com.android.internal.os.RuntimeInit uid 2000 <<<<<<
08-05 22:43:57.823  8414  8414 D AndroidRuntime: CheckJNI is OFF
08-05 22:43:57.832  6590  6603 I art     : Explicit concurrent mark sweep GC freed 20(704B) AllocSpace objects, 0(0B) LOS objects, 38% free, 25MB/41MB, paused 200us total 26.192ms
08-05 22:43:57.842  6590  6603 I art     : Starting a blocking GC Explicit
08-05 22:43:57.853  8414  8414 D ICU     : No timezone override file found: /data/misc/zoneinfo/current/icu/icu_tzdata.dat
08-05 22:43:57.868  6590  6603 I art     : Explicit concurrent mark sweep GC freed 3(96B) AllocSpace objects, 0(0B) LOS objects, 38% free, 25MB/41MB, paused 211us total 25.284ms
08-05 22:43:57.878  6590  6603 I art     : Starting a blocking GC Explicit
08-05 22:43:57.879  8414  8414 I Radio-JNI: register_android_hardware_Radio DONE
08-05 22:43:57.895  8414  8414 D AndroidRuntime: Calling main entry com.android.commands.input.Input
08-05 22:43:57.896  8414  8414 I Input   : injectKeyEvent: KeyEvent { action=ACTION_DOWN, keyCode=KEYCODE_BACK, scanCode=0, metaState=0, flags=0x0, repeatCount=0, eventTime=830654309, downTime=830654309, deviceId=-1, source=0x101 }
08-05 22:43:57.903  8414  8414 I Input   : injectKeyEvent: KeyEvent { action=ACTION_UP, keyCode=KEYCODE_BACK, scanCode=0, metaState=0, flags=0x0, repeatCount=0, eventTime=830654309, downTime=830654309, deviceId=-1, source=0x101 }
08-05 22:43:57.904  6590  6603 I art     : Explicit concurrent mark sweep GC freed 4(176B) AllocSpace objects, 0(0B) LOS objects, 38% free, 25MB/41MB, paused 248us total 25.630ms
08-05 22:43:57.908  8414  8414 D AndroidRuntime: Shutting down VM
08-05 22:43:57.914  6590  6603 I art     : Starting a blocking GC Explicit
08-05 22:43:57.938  6590  6603 I art     : Explicit concurrent mark sweep GC freed 114(3KB) AllocSpace objects, 0(0B) LOS objects, 38% free, 25MB/41MB, paused 194us total 23.979ms
08-05 22:43:57.946 13866 13866 I GoogleInputMethodServic: GoogleInputMethodService.onFinishInput():3138 
08-05 22:43:57.947 13866 13866 I GoogleInputMethodServic: GoogleInputMethodService.onStartInput():1808 
08-05 22:43:58.181  6590  7013 I art     : Starting a blocking GC Explicit
08-05 22:43:58.217  6590  7013 I art     : Explicit concurrent mark sweep GC freed 1406(82KB) AllocSpace objects, 1(20KB) LOS objects, 38% free, 25MB/41MB, paused 305us total 36.064ms
08-05 22:43:58.229  6590  7013 I art     : Starting a blocking GC Explicit
08-05 22:43:58.258  6590  7013 I art     : Explicit concurrent mark sweep GC freed 59(2032B) AllocSpace objects, 0(0B) LOS objects, 38% free, 25MB/41MB, paused 226us total 28.097ms
08-05 22:43:58.268  6590  7013 I art     : Starting a blocking GC Explicit
08-05 22:43:58.293  6590  7013 I art     : Explicit concurrent mark sweep GC freed 23(992B) AllocSpace objects, 0(0B) LOS objects, 38% free, 25MB/41MB, paused 202us total 25.065ms
08-05 22:43:58.303  6590  7013 I art     : Starting a blocking GC Explicit
08-05 22:43:58.329  6590  7013 I art     : Explicit concurrent mark sweep GC freed 133(6KB) AllocSpace objects, 0(0B) LOS objects, 38% free, 25MB/41MB, paused 201us total 25.057ms
08-05 22:43:58.339  6590  7013 I art     : Starting a blocking GC Explicit
08-05 22:43:58.365  6590  7013 I art     : Explicit concurrent mark sweep GC freed 3(96B) AllocSpace objects, 0(0B) LOS objects, 38% free, 25MB/41MB, paused 218us total 26.248ms
08-05 22:43:58.651  6590  6602 I art     : Starting a blocking GC Explicit
08-05 22:43:58.694  6590  6602 I art     : Explicit concurrent mark sweep GC freed 1341(80KB) AllocSpace objects, 1(20KB) LOS objects, 38% free, 25MB/41MB, paused 211us total 42.699ms
08-05 22:43:58.704  6590  6602 I art     : Starting a blocking GC Explicit
08-05 22:43:58.728   518   646 I ThermalEngine: ACTION: GPU - Setting GPU[0] to 510000000
08-05 22:43:58.733  6590  6602 I art     : Explicit concurrent mark sweep GC freed 20(704B) AllocSpace objects, 0(0B) LOS objects, 38% free, 25MB/41MB, paused 260us total 28.673ms
08-05 22:43:58.747  6590  6602 I art     : Starting a blocking GC Explicit
08-05 22:43:58.780  6590  6602 I art     : Explicit concurrent mark sweep GC freed 3(96B) AllocSpace objects, 0(0B) LOS objects, 38% free, 25MB/41MB, paused 258us total 32.819ms
08-05 22:43:58.794  6590  6602 I art     : Starting a blocking GC Explicit
08-05 22:43:58.828  6590  6602 I art     : Explicit concurrent mark sweep GC freed 3(96B) AllocSpace objects, 0(0B) LOS objects, 38% free, 25MB/41MB, paused 288us total 33.925ms
08-05 22:43:58.841  6590  6602 I art     : Starting a blocking GC Explicit
08-05 22:43:58.876  6590  6602 I art     : Explicit concurrent mark sweep GC freed 3(96B) AllocSpace objects, 0(0B) LOS objects, 38% free, 25MB/41MB, paused 272us total 33.993ms
08-05 22:43:59.153  6590  6603 I art     : Starting a blocking GC Explicit
08-05 22:43:59.187  6590  6603 I art     : Explicit concurrent mark sweep GC freed 1341(80KB) AllocSpace objects, 1(20KB) LOS objects, 38% free, 25MB/41MB, paused 335us total 33.920ms
08-05 22:43:59.201  6590  6603 I art     : Starting a blocking GC Explicit
08-05 22:43:59.233  6590  6603 I art     : Explicit concurrent mark sweep GC freed 20(704B) AllocSpace objects, 0(0B) LOS objects, 38% free, 25MB/41MB, paused 300us total 31.709ms
08-05 22:43:59.246  6590  6603 I art     : Starting a blocking GC Explicit
08-05 22:43:59.278  6590  6603 I art     : Explicit concurrent mark sweep GC freed 3(96B) AllocSpace objects, 0(0B) LOS objects, 38% free, 25MB/41MB, paused 260us total 31.763ms
08-05 22:43:59.291  6590  6603 I art     : Starting a blocking GC Explicit
08-05 22:43:59.323  6590  6603 I art     : Explicit concurrent mark sweep GC freed 3(96B) AllocSpace objects, 0(0B) LOS objects, 38% free, 25MB/41MB, paused 259us total 31.591ms
08-05 22:43:59.336  6590  6603 I art     : Starting a blocking GC Explicit
08-05 22:43:59.368  6590  6603 I art     : Explicit concurrent mark sweep GC freed 3(96B) AllocSpace objects, 0(0B) LOS objects, 38% free, 25MB/41MB, paused 262us total 31.637ms
08-05 22:43:59.554  8467  8467 D AndroidRuntime: >>>>>> START com.android.internal.os.RuntimeInit uid 2000 <<<<<<
08-05 22:43:59.559  8467  8467 D AndroidRuntime: CheckJNI is OFF
08-05 22:43:59.591  8467  8467 D ICU     : No timezone override file found: /data/misc/zoneinfo/current/icu/icu_tzdata.dat
08-05 22:43:59.622  8467  8467 I Radio-JNI: register_android_hardware_Radio DONE
08-05 22:43:59.643  6590  6614 I art     : Starting a blocking GC Explicit
08-05 22:43:59.645  8467  8467 D AndroidRuntime: Calling main entry com.android.commands.input.Input
08-05 22:43:59.646  8467  8467 I Input   : injectMotionEvent: MotionEvent { action=ACTION_DOWN, actionButton=0, id[0]=0, x[0]=600.0, y[0]=1000.0, toolType[0]=TOOL_TYPE_UNKNOWN, buttonState=0, metaState=0, flags=0x0, edgeFlags=0x0, pointerCount=1, historySize=0, eventTime=830656059, downTime=830656059, deviceId=0, source=0x1002 }
08-05 22:43:59.650  8467  8467 I Input   : injectMotionEvent: MotionEvent { action=ACTION_UP, actionButton=0, id[0]=0, x[0]=600.0, y[0]=1000.0, toolType[0]=TOOL_TYPE_UNKNOWN, buttonState=0, metaState=0, flags=0x0, edgeFlags=0x0, pointerCount=1, historySize=0, eventTime=830656059, downTime=830656059, deviceId=0, source=0x1002 }
08-05 22:43:59.652  8467  8467 D AndroidRuntime: Shutting down VM
08-05 22:43:59.662   918  3714 I ActivityManager: START u0 {dat=https://oauth.reddit.com/... cmp=baseline.org.quantumbadger.redreader/.activities.PostListingActivity} from uid 10705 on display 0
08-05 22:43:59.663   512  2967 D audio_hw_primary: out_set_parameters: enter: usecase(1: low-latency-playback) kvpairs: routing=2
08-05 22:43:59.676   512  2967 D audio_hw_primary: select_devices: out_snd_device(2: speaker) in_snd_device(0: none)
08-05 22:43:59.676   512  2967 D msm8974_platform: platform_send_audio_calibration: sending audio calibration for snd_device(2) acdb_id(15)
08-05 22:43:59.676   512  2967 I soundtrigger: audio_extn_sound_trigger_update_device_status: device 0x2 of type 0 for Event 1
08-05 22:43:59.681  6590  6614 I art     : Explicit concurrent mark sweep GC freed 1475(87KB) AllocSpace objects, 1(20KB) LOS objects, 38% free, 25MB/41MB, paused 390us total 37.121ms
08-05 22:43:59.683  6590  6590 I AppCompatViewInflater: app:theme is now deprecated. Please move to using android:theme instead.
08-05 22:43:59.690   512  2967 D audio_hw_primary: enable_snd_device: snd_device(2: speaker)
08-05 22:43:59.693   512  2967 D audio_hw_primary: enable_audio_route: apply and update mixer path: low-latency-playback speaker
08-05 22:43:59.695  6590  6614 I art     : Starting a blocking GC Explicit
08-05 22:43:59.706  6590  8491 D OK      : calling: https://oauth.reddit.com/r/announcements/about.json
08-05 22:43:59.726  6590  6614 I art     : Explicit concurrent mark sweep GC freed 807(71KB) AllocSpace objects, 0(0B) LOS objects, 38% free, 25MB/41MB, paused 367us total 30.665ms
08-05 22:43:59.739  6590  6614 I art     : Starting a blocking GC Explicit
08-05 22:43:59.769  6590  6614 I art     : Explicit concurrent mark sweep GC freed 926(37KB) AllocSpace objects, 0(0B) LOS objects, 38% free, 25MB/41MB, paused 355us total 30.484ms
08-05 22:43:59.772   918   936 I ActivityManager: Displayed baseline.org.quantumbadger.redreader/.activities.PostListingActivity: +102ms
08-05 22:43:59.773 13866 13866 I GoogleInputMethodServic: GoogleInputMethodService.onFinishInput():3138 
08-05 22:43:59.777 13866 13866 I GoogleInputMethodServic: GoogleInputMethodService.onStartInput():1808 
08-05 22:43:59.784  6590  6614 I art     : Starting a blocking GC Explicit
08-05 22:43:59.817  6590  6614 I art     : Explicit concurrent mark sweep GC freed 240(14KB) AllocSpace objects, 0(0B) LOS objects, 38% free, 25MB/41MB, paused 289us total 32.440ms
08-05 22:43:59.830  6590  6614 I art     : Starting a blocking GC Explicit
08-05 22:43:59.860  6590  6614 I art     : Explicit concurrent mark sweep GC freed 703(29KB) AllocSpace objects, 0(0B) LOS objects, 38% free, 25MB/41MB, paused 430us total 30.228ms
08-05 22:44:00.015   380   380 W SurfaceFlinger: couldn't log to binary event log: overflow.
08-05 22:44:00.022  6590  8491 I NAPPA_EXPERIMENTATION: MetricNetworkRequestExecutionTime: REQUEST_DURATION_SYSTEM='316',REQUEST_DURATION_OKHTTP='146',REQUEST_SYNCHRONOUS='TRUE',RESPONSE_CODE='200',RESPONSE_METHOD='GET',RESPONSE_LENGTH_OKHTTP='-1',RESPONSE_LENGTH_HEADER='1564',REQUEST_PROTOCOL='h2',REQUEST_URL='https://oauth.reddit.com/r/announcements/about.json',
08-05 22:44:00.022  6590  8491 D OK      : request got status: 200
08-05 22:44:00.108  6590  6603 I art     : Starting a blocking GC Explicit
08-05 22:44:00.137  6590  6603 I art     : Explicit concurrent mark sweep GC freed 4289(289KB) AllocSpace objects, 3(156KB) LOS objects, 38% free, 25MB/41MB, paused 284us total 29.340ms
08-05 22:44:00.150  6590  6603 I art     : Starting a blocking GC Explicit
08-05 22:44:00.180  6590  6603 I art     : Explicit concurrent mark sweep GC freed 291(13KB) AllocSpace objects, 0(0B) LOS objects, 38% free, 25MB/41MB, paused 248us total 29.573ms
08-05 22:44:00.192  6590  6603 I art     : Starting a blocking GC Explicit
08-05 22:44:00.220  6590  6603 I art     : Explicit concurrent mark sweep GC freed 3(96B) AllocSpace objects, 0(0B) LOS objects, 38% free, 25MB/41MB, paused 244us total 27.820ms
08-05 22:44:00.228   512  2967 D audio_hw_primary: disable_audio_route: reset and update mixer path: low-latency-playback speaker
08-05 22:44:00.229   512  2967 D audio_hw_primary: disable_snd_device: snd_device(2: speaker)
08-05 22:44:00.233  6590  6603 I art     : Starting a blocking GC Explicit
08-05 22:44:00.237   512  2967 I soundtrigger: audio_extn_sound_trigger_update_device_status: device 0x2 of type 0 for Event 0
08-05 22:44:00.264  6590  6603 I art     : Explicit concurrent mark sweep GC freed 3(96B) AllocSpace objects, 0(0B) LOS objects, 38% free, 25MB/41MB, paused 249us total 30.371ms
08-05 22:44:00.277  6590  6603 I art     : Starting a blocking GC Explicit
08-05 22:44:00.306  6590  6603 I art     : Explicit concurrent mark sweep GC freed 3(96B) AllocSpace objects, 0(0B) LOS objects, 38% free, 25MB/41MB, paused 284us total 29.349ms
08-05 22:44:00.588  6590  6602 I art     : Starting a blocking GC Explicit
08-05 22:44:00.623  6590  6602 I art     : Explicit concurrent mark sweep GC freed 1401(84KB) AllocSpace objects, 1(20KB) LOS objects, 38% free, 25MB/41MB, paused 297us total 34.490ms
08-05 22:44:00.637  6590  6602 I art     : Starting a blocking GC Explicit
08-05 22:44:00.670  6590  6602 I art     : Explicit concurrent mark sweep GC freed 20(704B) AllocSpace objects, 0(0B) LOS objects, 38% free, 25MB/41MB, paused 320us total 32.700ms
08-05 22:44:00.683  6590  6602 I art     : Starting a blocking GC Explicit
08-05 22:44:00.716  6590  6602 I art     : Explicit concurrent mark sweep GC freed 3(96B) AllocSpace objects, 0(0B) LOS objects, 38% free, 25MB/41MB, paused 285us total 32.407ms
08-05 22:44:00.729  6590  6602 I art     : Starting a blocking GC Explicit
08-05 22:44:00.763  6590  6602 I art     : Explicit concurrent mark sweep GC freed 3(96B) AllocSpace objects, 0(0B) LOS objects, 38% free, 25MB/41MB, paused 395us total 33.613ms
08-05 22:44:00.776  6590  6602 I art     : Starting a blocking GC Explicit
08-05 22:44:00.810  6590  6602 I art     : Explicit concurrent mark sweep GC freed 3(96B) AllocSpace objects, 0(0B) LOS objects, 38% free, 25MB/41MB, paused 331us total 33.002ms
08-05 22:44:00.907  6590  8515 D OK      : calling: https://oauth.reddit.com/r/announcements/hot/.json
08-05 22:44:01.102  6590  6614 I art     : Starting a blocking GC Explicit
08-05 22:44:01.134  6590  8515 I NAPPA_EXPERIMENTATION: MetricNetworkRequestExecutionTime: REQUEST_DURATION_SYSTEM='227',REQUEST_DURATION_OKHTTP='223',REQUEST_SYNCHRONOUS='TRUE',RESPONSE_CODE='200',RESPONSE_METHOD='GET',RESPONSE_LENGTH_OKHTTP='-1',RESPONSE_LENGTH_HEADER='142016',REQUEST_PROTOCOL='h2',REQUEST_URL='https://oauth.reddit.com/r/announcements/hot/.json',
08-05 22:44:01.134  6590  8515 D OK      : request got status: 200
08-05 22:44:01.138  6590  6614 I art     : Explicit concurrent mark sweep GC freed 1787(116KB) AllocSpace objects, 1(20KB) LOS objects, 38% free, 25MB/41MB, paused 412us total 35.936ms
08-05 22:44:01.152  6590  6614 I art     : Starting a blocking GC Explicit
08-05 22:44:01.164  6590  7176 I PostListingFragment: Precaching images: OFF
08-05 22:44:01.164  6590  7176 I PostListingFragment: Precaching comments: OFF
08-05 22:44:01.186  6590  6614 I art     : Explicit concurrent mark sweep GC freed 482(52KB) AllocSpace objects, 0(0B) LOS objects, 38% free, 25MB/41MB, paused 465us total 33.807ms
08-05 22:44:01.200  6590  6614 I art     : Starting a blocking GC Explicit
08-05 22:44:01.234  6590  6614 I art     : Explicit concurrent mark sweep GC freed 896(85KB) AllocSpace objects, 1(16KB) LOS objects, 37% free, 26MB/42MB, paused 476us total 34.259ms
08-05 22:44:01.248  6590  6614 I art     : Starting a blocking GC Explicit
08-05 22:44:01.284  6590  6614 I art     : Explicit concurrent mark sweep GC freed 1027(58KB) AllocSpace objects, 3(56KB) LOS objects, 37% free, 27MB/43MB, paused 487us total 36.472ms
08-05 22:44:01.298  6590  6614 I art     : Starting a blocking GC Explicit
08-05 22:44:01.327  6590  8526 D OK      : calling: https://b.thumbs.redditmedia.com/RROcLjDSUc0QV1UeQ1txXdyl1C_7233mmsMgtYXxQzo.jpg
08-05 22:44:01.337  6590  6614 I art     : Explicit concurrent mark sweep GC freed 2393(100KB) AllocSpace objects, 0(0B) LOS objects, 36% free, 27MB/43MB, paused 593us total 38.847ms
08-05 22:44:01.359  6590  8527 D OK      : calling: https://a.thumbs.redditmedia.com/N-frnMqRYp_XiaGds7kPbHf82a876RNKSQ1iw0LzHR0.jpg
08-05 22:44:01.375  6590  8528 D OK      : calling: https://b.thumbs.redditmedia.com/KH2o_q4MXufUdRChsfwLtl6gnEnT8MJtZn3Tyj5ZmBU.jpg
08-05 22:44:01.421  6590  8529 D OK      : calling: https://b.thumbs.redditmedia.com/MGaOJeZl7UsmdtroJopYU_36HUNvQ9LUV5WFH_FJ2vI.jpg
08-05 22:44:01.470  6590  8533 D OK      : calling: https://a.thumbs.redditmedia.com/-D0hxchgus9EyzvGqvnabK_3Obl93tMfG9G58V1QwW8.jpg
08-05 22:44:01.488  6590  8536 D OK      : calling: https://b.thumbs.redditmedia.com/zCaV9kuSMZxmMvdmErGyUsYNdPrmX8LP9_Ee4QTT16g.jpg
08-05 22:44:01.504  6590  8539 D OK      : calling: https://b.thumbs.redditmedia.com/4EGkxZNzrzt-RCtd035cWyO0BipdbDVuPwi4W2v4TyM.jpg
08-05 22:44:01.541  6590  8547 D OK      : calling: https://a.thumbs.redditmedia.com/aVhMBmGX07uX0KhK0rKdhMvQ4UsOJIHN4KeTaa36EF4.jpg
08-05 22:44:01.585  6590  7013 I art     : Starting a blocking GC Explicit
08-05 22:44:01.628  6590  7013 I art     : Explicit concurrent mark sweep GC freed 86502(4MB) AllocSpace objects, 14(392KB) LOS objects, 37% free, 26MB/42MB, paused 985us total 42.551ms
08-05 22:44:01.641  6590  7013 I art     : Starting a blocking GC Explicit
08-05 22:44:01.659  6590  6590 W RecyclerView: Cannot call this method in a scroll callback. Scroll callbacks mightbe run during a measure & layout pass where you cannot change theRecyclerView data. Any method call that might change the structureof the RecyclerView or the adapter contents should be postponed tothe next frame.
08-05 22:44:01.659  6590  6590 W RecyclerView: java.lang.IllegalStateException:  androidx.recyclerview.widget.RecyclerView{4d4c44e VFED..... .F....ID 0,0-1440,2140 #7f0900ef app:id/scrollbar_recyclerview_recyclerview}, adapter:baseline.org.quantumbadger.redreader.adapters.GroupedRecyclerViewAdapter@4bb896f, layout:androidx.recyclerview.widget.LinearLayoutManager@293867c, context:baseline.org.quantumbadger.redreader.activities.PostListingActivity@fa519e9
08-05 22:44:01.659  6590  6590 W RecyclerView: 	at androidx.recyclerview.widget.RecyclerView.assertNotInLayoutOrScroll(RecyclerView.java:3061)
08-05 22:44:01.659  6590  6590 W RecyclerView: 	at androidx.recyclerview.widget.RecyclerView$RecyclerViewDataObserver.onItemRangeInserted(RecyclerView.java:5555)
08-05 22:44:01.659  6590  6590 W RecyclerView: 	at androidx.recyclerview.widget.RecyclerView$AdapterDataObservable.notifyItemRangeInserted(RecyclerView.java:12278)
08-05 22:44:01.659  6590  6590 W RecyclerView: 	at androidx.recyclerview.widget.RecyclerView$Adapter.notifyItemInserted(RecyclerView.java:7464)
08-05 22:44:01.659  6590  6590 W RecyclerView: 	at baseline.org.quantumbadger.redreader.adapters.GroupedRecyclerViewAdapter.updateHiddenStatus(GroupedRecyclerViewAdapter.java:279)
08-05 22:44:01.659  6590  6590 W RecyclerView: 	at baseline.org.quantumbadger.redreader.adapters.RedditListingManager.setLoadingVisible(RedditListingManager.java:125)
08-05 22:44:01.659  6590  6590 W RecyclerView: 	at baseline.org.quantumbadger.redreader.fragments.PostListingFragment.onLoadMoreItemsCheck(PostListingFragment.java:465)
08-05 22:44:01.659  6590  6590 W RecyclerView: 	at baseline.org.quantumbadger.redreader.fragments.PostListingFragment.access$000(PostListingFragment.java:98)
08-05 22:44:01.659  6590  6590 W RecyclerView: 	at baseline.org.quantumbadger.redreader.fragments.PostListingFragment$2.onScrolled(PostListingFragment.java:215)
08-05 22:44:01.659  6590  6590 W RecyclerView: 	at androidx.recyclerview.widget.RecyclerView.dispatchOnScrolled(RecyclerView.java:5173)
08-05 22:44:01.659  6590  6590 W RecyclerView: 	at androidx.recyclerview.widget.RecyclerView.dispatchLayoutStep3(RecyclerView.java:4231)
08-05 22:44:01.659  6590  6590 W RecyclerView: 	at androidx.recyclerview.widget.RecyclerView.dispatchLayout(RecyclerView.java:3862)
08-05 22:44:01.659  6590  6590 W RecyclerView: 	at androidx.recyclerview.widget.RecyclerView.consumePendingUpdateOperations(RecyclerView.java:1897)
08-05 22:44:01.659  6590  6590 W RecyclerView: 	at androidx.recyclerview.widget.RecyclerView$1.run(RecyclerView.java:414)
08-05 22:44:01.659  6590  6590 W RecyclerView: 	at android.view.Choreographer$CallbackRecord.run(Choreographer.java:858)
08-05 22:44:01.659  6590  6590 W RecyclerView: 	at android.view.Choreographer.doCallbacks(Choreographer.java:670)
08-05 22:44:01.659  6590  6590 W RecyclerView: 	at android.view.Choreographer.doFrame(Choreographer.java:603)
08-05 22:44:01.659  6590  6590 W RecyclerView: 	at android.view.Choreographer$FrameDisplayEventReceiver.run(Choreographer.java:844)
08-05 22:44:01.659  6590  6590 W RecyclerView: 	at android.os.Handler.handleCallback(Handler.java:739)
08-05 22:44:01.659  6590  6590 W RecyclerView: 	at android.os.Handler.dispatchMessage(Handler.java:95)
08-05 22:44:01.659  6590  6590 W RecyclerView: 	at android.os.Looper.loop(Looper.java:148)
08-05 22:44:01.659  6590  6590 W RecyclerView: 	at android.app.ActivityThread.main(ActivityThread.java:5417)
08-05 22:44:01.659  6590  6590 W RecyclerView: 	at java.lang.reflect.Method.invoke(Native Method)
08-05 22:44:01.659  6590  6590 W RecyclerView: 	at com.android.internal.os.ZygoteInit$MethodAndArgsCaller.run(ZygoteInit.java:726)
08-05 22:44:01.659  6590  6590 W RecyclerView: 	at com.android.internal.os.ZygoteInit.main(ZygoteInit.java:616)
08-05 22:44:01.663  6326  8530 W OneSignal: OneSignalRestClient: POST Error thrown from network stack. 
08-05 22:44:01.663  6326  8530 W OneSignal: java.io.IOException: unexpected end of stream on Connection{api.onesignal.com:443, proxy=HTTP@192.168.2.12:8080 hostAddress=192.168.2.12 cipherSuite=TLS_ECDHE_RSA_WITH_AES_128_GCM_SHA256 protocol=http/1.1} (recycle count=0)
08-05 22:44:01.663  6326  8530 W OneSignal: 	at com.android.okhttp.internal.http.HttpConnection.readResponse(HttpConnection.java:210)
08-05 22:44:01.663  6326  8530 W OneSignal: 	at com.android.okhttp.internal.http.HttpTransport.readResponseHeaders(HttpTransport.java:80)
08-05 22:44:01.663  6326  8530 W OneSignal: 	at com.android.okhttp.internal.http.HttpEngine.readNetworkResponse(HttpEngine.java:904)
08-05 22:44:01.663  6326  8530 W OneSignal: 	at com.android.okhttp.internal.http.HttpEngine.readResponse(HttpEngine.java:788)
08-05 22:44:01.663  6326  8530 W OneSignal: 	at com.android.okhttp.internal.huc.HttpURLConnectionImpl.execute(HttpURLConnectionImpl.java:439)
08-05 22:44:01.663  6326  8530 W OneSignal: 	at com.android.okhttp.internal.huc.HttpURLConnectionImpl.getResponse(HttpURLConnectionImpl.java:384)
08-05 22:44:01.663  6326  8530 W OneSignal: 	at com.android.okhttp.internal.huc.HttpURLConnectionImpl.getResponseCode(HttpURLConnectionImpl.java:497)
08-05 22:44:01.663  6326  8530 W OneSignal: 	at com.android.okhttp.internal.huc.DelegatingHttpsURLConnection.getResponseCode(DelegatingHttpsURLConnection.java:105)
08-05 22:44:01.663  6326  8530 W OneSignal: 	at com.android.okhttp.internal.huc.HttpsURLConnectionImpl.getResponseCode(HttpsURLConnectionImpl.java)
08-05 22:44:01.663  6326  8530 W OneSignal: 	at com.onesignal.OneSignalRestClient.startHTTPConnection(OneSignalRestClient.java:180)
08-05 22:44:01.663  6326  8530 W OneSignal: 	at com.onesignal.OneSignalRestClient.access$100(OneSignalRestClient.java:44)
08-05 22:44:01.663  6326  8530 W OneSignal: 	at com.onesignal.OneSignalRestClient$4.run(OneSignalRestClient.java:110)
08-05 22:44:01.663  6326  8530 W OneSignal: 	at java.lang.Thread.run(Thread.java:818)
08-05 22:44:01.663  6326  8530 W OneSignal: Caused by: java.io.EOFException: \n not found: size=0 content=...
08-05 22:44:01.663  6326  8530 W OneSignal: 	at com.android.okhttp.okio.RealBufferedSource.readUtf8LineStrict(RealBufferedSource.java:200)
08-05 22:44:01.663  6326  8530 W OneSignal: 	at com.android.okhttp.internal.http.HttpConnection.readResponse(HttpConnection.java:191)
08-05 22:44:01.663  6326  8530 W OneSignal: 	... 12 more
08-05 22:44:01.665  6326  8552 W OneSignal: Failed last request. statusCode: -1
08-05 22:44:01.665  6326  8552 W OneSignal: response: null
08-05 22:44:01.676  6590  7013 I art     : Explicit concurrent mark sweep GC freed 3541(266KB) AllocSpace objects, 0(0B) LOS objects, 38% free, 26MB/42MB, paused 725us total 34.080ms
08-05 22:44:01.689  6590  7013 I art     : Starting a blocking GC Explicit
08-05 22:44:01.704  6590  8526 I NAPPA_EXPERIMENTATION: MetricNetworkRequestExecutionTime: REQUEST_DURATION_SYSTEM='377',REQUEST_DURATION_OKHTTP='188',REQUEST_SYNCHRONOUS='TRUE',RESPONSE_CODE='200',RESPONSE_METHOD='GET',RESPONSE_LENGTH_OKHTTP='2558',RESPONSE_LENGTH_HEADER='2558',REQUEST_PROTOCOL='h2',REQUEST_URL='https://b.thumbs.redditmedia.com/RROcLjDSUc0QV1UeQ1txXdyl1C_7233mmsMgtYXxQzo.jpg',
08-05 22:44:01.704  6590  8526 D OK      : request got status: 200
08-05 22:44:01.715  6590  8528 I NAPPA_EXPERIMENTATION: MetricNetworkRequestExecutionTime: REQUEST_DURATION_SYSTEM='340',REQUEST_DURATION_OKHTTP='177',REQUEST_SYNCHRONOUS='TRUE',RESPONSE_CODE='200',RESPONSE_METHOD='GET',RESPONSE_LENGTH_OKHTTP='2613',RESPONSE_LENGTH_HEADER='2613',REQUEST_PROTOCOL='h2',REQUEST_URL='https://b.thumbs.redditmedia.com/KH2o_q4MXufUdRChsfwLtl6gnEnT8MJtZn3Tyj5ZmBU.jpg',
08-05 22:44:01.715  6590  8528 D OK      : request got status: 200
08-05 22:44:01.722  6590  7013 I art     : Explicit concurrent mark sweep GC freed 524(36KB) AllocSpace objects, 1(68KB) LOS objects, 37% free, 26MB/42MB, paused 556us total 32.737ms
08-05 22:44:01.736  6590  7013 I art     : Starting a blocking GC Explicit
08-05 22:44:01.744  6590  8529 I NAPPA_EXPERIMENTATION: MetricNetworkRequestExecutionTime: REQUEST_DURATION_SYSTEM='322',REQUEST_DURATION_OKHTTP='143',REQUEST_SYNCHRONOUS='TRUE',RESPONSE_CODE='200',RESPONSE_METHOD='GET',RESPONSE_LENGTH_OKHTTP='4804',RESPONSE_LENGTH_HEADER='4804',REQUEST_PROTOCOL='h2',REQUEST_URL='https://b.thumbs.redditmedia.com/MGaOJeZl7UsmdtroJopYU_36HUNvQ9LUV5WFH_FJ2vI.jpg',
08-05 22:44:01.744  6590  8529 D OK      : request got status: 200
08-05 22:44:01.778  6590  7013 I art     : Explicit concurrent mark sweep GC freed 5646(267KB) AllocSpace objects, 4(176KB) LOS objects, 37% free, 26MB/42MB, paused 969us total 41.712ms
08-05 22:44:01.794  6590  7013 I art     : Starting a blocking GC Explicit
08-05 22:44:01.827  6590  7013 I art     : Explicit concurrent mark sweep GC freed 1485(211KB) AllocSpace objects, 8(316KB) LOS objects, 37% free, 26MB/42MB, paused 454us total 32.911ms
08-05 22:44:01.846  6590  8533 I NAPPA_EXPERIMENTATION: MetricNetworkRequestExecutionTime: REQUEST_DURATION_SYSTEM='376',REQUEST_DURATION_OKHTTP='238',REQUEST_SYNCHRONOUS='TRUE',RESPONSE_CODE='200',RESPONSE_METHOD='GET',RESPONSE_LENGTH_OKHTTP='4818',RESPONSE_LENGTH_HEADER='4818',REQUEST_PROTOCOL='h2',REQUEST_URL='https://a.thumbs.redditmedia.com/-D0hxchgus9EyzvGqvnabK_3Obl93tMfG9G58V1QwW8.jpg',
08-05 22:44:01.846  6590  8533 D OK      : request got status: 200
08-05 22:44:01.858  6590  8527 I NAPPA_EXPERIMENTATION: MetricNetworkRequestExecutionTime: REQUEST_DURATION_SYSTEM='499',REQUEST_DURATION_OKHTTP='247',REQUEST_SYNCHRONOUS='TRUE',RESPONSE_CODE='200',RESPONSE_METHOD='GET',RESPONSE_LENGTH_OKHTTP='3750',RESPONSE_LENGTH_HEADER='3750',REQUEST_PROTOCOL='h2',REQUEST_URL='https://a.thumbs.redditmedia.com/N-frnMqRYp_XiaGds7kPbHf82a876RNKSQ1iw0LzHR0.jpg',
08-05 22:44:01.858  6590  8527 D OK      : request got status: 200
08-05 22:44:01.923  6590  8539 I NAPPA_EXPERIMENTATION: MetricNetworkRequestExecutionTime: REQUEST_DURATION_SYSTEM='418',REQUEST_DURATION_OKHTTP='144',REQUEST_SYNCHRONOUS='TRUE',RESPONSE_CODE='200',RESPONSE_METHOD='GET',RESPONSE_LENGTH_OKHTTP='4987',RESPONSE_LENGTH_HEADER='4987',REQUEST_PROTOCOL='h2',REQUEST_URL='https://b.thumbs.redditmedia.com/4EGkxZNzrzt-RCtd035cWyO0BipdbDVuPwi4W2v4TyM.jpg',
08-05 22:44:01.923  6590  8539 D OK      : request got status: 200
08-05 22:44:01.976  6590  8547 I NAPPA_EXPERIMENTATION: MetricNetworkRequestExecutionTime: REQUEST_DURATION_SYSTEM='434',REQUEST_DURATION_OKHTTP='186',REQUEST_SYNCHRONOUS='TRUE',RESPONSE_CODE='200',RESPONSE_METHOD='GET',RESPONSE_LENGTH_OKHTTP='6940',RESPONSE_LENGTH_HEADER='6940',REQUEST_PROTOCOL='h2',REQUEST_URL='https://a.thumbs.redditmedia.com/aVhMBmGX07uX0KhK0rKdhMvQ4UsOJIHN4KeTaa36EF4.jpg',
08-05 22:44:01.976  6590  8547 D OK      : request got status: 200
08-05 22:44:02.056  6590  8536 I NAPPA_EXPERIMENTATION: MetricNetworkRequestExecutionTime: REQUEST_DURATION_SYSTEM='568',REQUEST_DURATION_OKHTTP='273',REQUEST_SYNCHRONOUS='TRUE',RESPONSE_CODE='200',RESPONSE_METHOD='GET',RESPONSE_LENGTH_OKHTTP='6132',RESPONSE_LENGTH_HEADER='6132',REQUEST_PROTOCOL='h2',REQUEST_URL='https://b.thumbs.redditmedia.com/zCaV9kuSMZxmMvdmErGyUsYNdPrmX8LP9_Ee4QTT16g.jpg',
08-05 22:44:02.057  6590  8536 D OK      : request got status: 200
08-05 22:44:02.092  6590  6602 I art     : Starting a blocking GC Explicit
08-05 22:44:02.108  6590  8567 D OK      : calling: https://oauth.reddit.com/r/announcements/hot/.json?after=t3_9jf8nh
08-05 22:44:02.135  6590  6602 I art     : Explicit concurrent mark sweep GC freed 4257(404KB) AllocSpace objects, 30(2MB) LOS objects, 36% free, 27MB/43MB, paused 359us total 41.996ms
08-05 22:44:02.149  6590  6602 I art     : Starting a blocking GC Explicit
08-05 22:44:02.178  7210  8558 W OneSignal: OneSignalRestClient: POST Error thrown from network stack. 
08-05 22:44:02.178  7210  8558 W OneSignal: java.io.IOException: unexpected end of stream on Connection{api.onesignal.com:443, proxy=HTTP@192.168.2.12:8080 hostAddress=192.168.2.12 cipherSuite=TLS_ECDHE_RSA_WITH_AES_128_GCM_SHA256 protocol=http/1.1} (recycle count=0)
08-05 22:44:02.178  7210  8558 W OneSignal: 	at com.android.okhttp.internal.http.HttpConnection.readResponse(HttpConnection.java:210)
08-05 22:44:02.178  7210  8558 W OneSignal: 	at com.android.okhttp.internal.http.HttpTransport.readResponseHeaders(HttpTransport.java:80)
08-05 22:44:02.178  7210  8558 W OneSignal: 	at com.android.okhttp.internal.http.HttpEngine.readNetworkResponse(HttpEngine.java:904)
08-05 22:44:02.178  7210  8558 W OneSignal: 	at com.android.okhttp.internal.http.HttpEngine.readResponse(HttpEngine.java:788)
08-05 22:44:02.178  7210  8558 W OneSignal: 	at com.android.okhttp.internal.huc.HttpURLConnectionImpl.execute(HttpURLConnectionImpl.java:439)
08-05 22:44:02.178  7210  8558 W OneSignal: 	at com.android.okhttp.internal.huc.HttpURLConnectionImpl.getResponse(HttpURLConnectionImpl.java:384)
08-05 22:44:02.178  7210  8558 W OneSignal: 	at com.android.okhttp.internal.huc.HttpURLConnectionImpl.getResponseCode(HttpURLConnectionImpl.java:497)
08-05 22:44:02.178  7210  8558 W OneSignal: 	at com.android.okhttp.internal.huc.DelegatingHttpsURLConnection.getResponseCode(DelegatingHttpsURLConnection.java:105)
08-05 22:44:02.178  7210  8558 W OneSignal: 	at com.android.okhttp.internal.huc.HttpsURLConnectionImpl.getResponseCode(HttpsURLConnectionImpl.java)
08-05 22:44:02.178  7210  8558 W OneSignal: 	at com.onesignal.OneSignalRestClient.startHTTPConnection(OneSignalRestClient.java:180)
08-05 22:44:02.178  7210  8558 W OneSignal: 	at com.onesignal.OneSignalRestClient.access$100(OneSignalRestClient.java:44)
