08-06 17:29:52.048  1001  1001 I Input   : injectKeyEvent: KeyEvent { action=ACTION_DOWN, keyCode=KEYCODE_BACK, scanCode=0, metaState=0, flags=0x0, repeatCount=0, eventTime=898208461, downTime=898208461, deviceId=-1, source=0x101 }
08-06 17:29:52.049 31869 31893 I art     : Starting a blocking GC Explicit
08-06 17:29:52.056  1001  1001 I Input   : injectKeyEvent: KeyEvent { action=ACTION_UP, keyCode=KEYCODE_BACK, scanCode=0, metaState=0, flags=0x0, repeatCount=0, eventTime=898208461, downTime=898208461, deviceId=-1, source=0x101 }
08-06 17:29:52.063  1001  1001 D AndroidRuntime: Shutting down VM
08-06 17:29:52.099 31869 31893 I art     : Explicit concurrent mark sweep GC freed 127(4KB) AllocSpace objects, 0(0B) LOS objects, 36% free, 27MB/43MB, paused 312us total 49.517ms
08-06 17:29:52.107 13866 13866 I GoogleInputMethodServic: GoogleInputMethodService.onFinishInput():3138 
08-06 17:29:52.107 13866 13866 I GoogleInputMethodServic: GoogleInputMethodService.onStartInput():1808 
08-06 17:29:52.118 31869 31893 I art     : Starting a blocking GC Explicit
08-06 17:29:52.148 31869   916 I RedditChangeDataIO: Writing tmp data file at '/data/user/0/baseline.org.quantumbadger.redreader/files/rr_change_data_tmp.dat'
08-06 17:29:52.149 31869   916 I RedditChangeDataManager: Taking snapshot...
08-06 17:29:52.149 31869   916 I RedditChangeDataManager: Writing to stream...
08-06 17:29:52.149 31869   916 I RedditChangeDataManager: Wrote 3 entries for user ''
08-06 17:29:52.149 31869   916 I RedditChangeDataManager: All entries written to stream.
08-06 17:29:52.149 31869   916 I RedditChangeDataIO: Write successful. Atomically replacing data file...
08-06 17:29:52.150 31869   916 I RedditChangeDataIO: Write complete.
08-06 17:29:52.150 31869   916 I RedditChangeDataIO: 86 bytes written in 2 ms
08-06 17:29:52.173 31869 31893 I art     : Explicit concurrent mark sweep GC freed 194(8KB) AllocSpace objects, 1(68KB) LOS objects, 36% free, 27MB/43MB, paused 341us total 55.024ms
08-06 17:29:52.432   380   380 W SurfaceFlinger: couldn't log to binary event log: overflow.
08-06 17:29:52.465 31869 31893 I art     : Starting a blocking GC Explicit
08-06 17:29:52.518 31869 31893 I art     : Explicit concurrent mark sweep GC freed 1415(83KB) AllocSpace objects, 1(20KB) LOS objects, 36% free, 27MB/43MB, paused 320us total 53.043ms
08-06 17:29:52.537 31869 31893 I art     : Starting a blocking GC Explicit
08-06 17:29:52.578 31869 31893 I art     : Explicit concurrent mark sweep GC freed 46779(2MB) AllocSpace objects, 5(140KB) LOS objects, 39% free, 24MB/40MB, paused 303us total 40.715ms
08-06 17:29:52.595 31869 31893 I art     : Starting a blocking GC Explicit
08-06 17:29:52.632 31869 31893 I art     : Explicit concurrent mark sweep GC freed 3(96B) AllocSpace objects, 0(0B) LOS objects, 39% free, 24MB/40MB, paused 333us total 36.697ms
08-06 17:29:52.649 31869 31893 I art     : Starting a blocking GC Explicit
08-06 17:29:52.687 31869 31893 I art     : Explicit concurrent mark sweep GC freed 3(96B) AllocSpace objects, 0(0B) LOS objects, 39% free, 24MB/40MB, paused 302us total 37.537ms
08-06 17:29:52.707 31869 31893 I art     : Starting a blocking GC Explicit
08-06 17:29:52.747 31869 31893 I art     : Explicit concurrent mark sweep GC freed 3(96B) AllocSpace objects, 0(0B) LOS objects, 39% free, 24MB/40MB, paused 312us total 39.361ms
08-06 17:29:53.057 31869 32173 I art     : Starting a blocking GC Explicit
08-06 17:29:53.100 31869 32173 I art     : Explicit concurrent mark sweep GC freed 1346(80KB) AllocSpace objects, 1(20KB) LOS objects, 39% free, 24MB/40MB, paused 313us total 43.002ms
08-06 17:29:53.117 31869 32173 I art     : Starting a blocking GC Explicit
08-06 17:29:53.156 31869 32173 I art     : Explicit concurrent mark sweep GC freed 20(704B) AllocSpace objects, 0(0B) LOS objects, 39% free, 24MB/40MB, paused 312us total 38.120ms
08-06 17:29:53.173 31869 32173 I art     : Starting a blocking GC Explicit
08-06 17:29:53.210 31869 32173 I art     : Explicit concurrent mark sweep GC freed 3(96B) AllocSpace objects, 0(0B) LOS objects, 39% free, 24MB/40MB, paused 313us total 36.894ms
08-06 17:29:53.227 31869 32173 I art     : Starting a blocking GC Explicit
08-06 17:29:53.265 31869 32173 I art     : Explicit concurrent mark sweep GC freed 3(96B) AllocSpace objects, 0(0B) LOS objects, 39% free, 24MB/40MB, paused 310us total 37.573ms
08-06 17:29:53.282 31869 32173 I art     : Starting a blocking GC Explicit
08-06 17:29:53.318 31869 32173 I art     : Explicit concurrent mark sweep GC freed 3(96B) AllocSpace objects, 0(0B) LOS objects, 39% free, 24MB/40MB, paused 296us total 35.494ms
08-06 17:29:53.618 31869 31881 I art     : Starting a blocking GC Explicit
08-06 17:29:53.644   918  3188 I hubconnection: sensorhub said: 'set_bias 3: -5.7600, 0.0000, 0.0000'
08-06 17:29:53.659 31869 31881 I art     : Explicit concurrent mark sweep GC freed 1346(80KB) AllocSpace objects, 1(20KB) LOS objects, 39% free, 24MB/40MB, paused 333us total 40.268ms
08-06 17:29:53.676 31869 31881 I art     : Starting a blocking GC Explicit
08-06 17:29:53.712 31869 31881 I art     : Explicit concurrent mark sweep GC freed 20(704B) AllocSpace objects, 0(0B) LOS objects, 39% free, 24MB/40MB, paused 302us total 35.992ms
08-06 17:29:53.729 31869 31881 I art     : Starting a blocking GC Explicit
08-06 17:29:53.766 31869 31881 I art     : Explicit concurrent mark sweep GC freed 3(96B) AllocSpace objects, 0(0B) LOS objects, 39% free, 24MB/40MB, paused 312us total 36.457ms
08-06 17:29:53.783 31869 31881 I art     : Starting a blocking GC Explicit
08-06 17:29:53.823 31869 31881 I art     : Explicit concurrent mark sweep GC freed 3(96B) AllocSpace objects, 0(0B) LOS objects, 39% free, 24MB/40MB, paused 322us total 39.448ms
08-06 17:29:53.840 31869 31881 I art     : Starting a blocking GC Explicit
08-06 17:29:53.858  1047  1047 D AndroidRuntime: >>>>>> START com.android.internal.os.RuntimeInit uid 2000 <<<<<<
08-06 17:29:53.864  1047  1047 D AndroidRuntime: CheckJNI is OFF
08-06 17:29:53.880 31869 31881 I art     : Explicit concurrent mark sweep GC freed 3(96B) AllocSpace objects, 0(0B) LOS objects, 39% free, 24MB/40MB, paused 324us total 39.255ms
08-06 17:29:53.912  1047  1047 D ICU     : No timezone override file found: /data/misc/zoneinfo/current/icu/icu_tzdata.dat
08-06 17:29:53.957  1047  1047 I Radio-JNI: register_android_hardware_Radio DONE
08-06 17:29:53.987  1047  1047 D AndroidRuntime: Calling main entry com.android.commands.input.Input
08-06 17:29:53.990  1047  1047 I Input   : injectKeyEvent: KeyEvent { action=ACTION_DOWN, keyCode=KEYCODE_BACK, scanCode=0, metaState=0, flags=0x0, repeatCount=0, eventTime=898210403, downTime=898210403, deviceId=-1, source=0x101 }
08-06 17:29:53.999  1047  1047 I Input   : injectKeyEvent: KeyEvent { action=ACTION_UP, keyCode=KEYCODE_BACK, scanCode=0, metaState=0, flags=0x0, repeatCount=0, eventTime=898210403, downTime=898210403, deviceId=-1, source=0x101 }
08-06 17:29:54.007  1047  1047 D AndroidRuntime: Shutting down VM
08-06 17:29:54.048 13866 13866 I GoogleInputMethodServic: GoogleInputMethodService.onFinishInput():3138 
08-06 17:29:54.048 13866 13866 I GoogleInputMethodServic: GoogleInputMethodService.onStartInput():1808 
08-06 17:29:54.155 31869 31882 I art     : Starting a blocking GC Explicit
08-06 17:29:54.190 31869 31882 I art     : Explicit concurrent mark sweep GC freed 1525(86KB) AllocSpace objects, 1(20KB) LOS objects, 39% free, 24MB/40MB, paused 294us total 35.250ms
08-06 17:29:54.208 31869 31882 I art     : Starting a blocking GC Explicit
08-06 17:29:54.247 31869 31882 I art     : Explicit concurrent mark sweep GC freed 24(864B) AllocSpace objects, 0(0B) LOS objects, 39% free, 24MB/40MB, paused 307us total 38.407ms
08-06 17:29:54.263 31869 31882 I art     : Starting a blocking GC Explicit
08-06 17:29:54.300 31869 31882 I art     : Explicit concurrent mark sweep GC freed 3(96B) AllocSpace objects, 0(0B) LOS objects, 39% free, 24MB/40MB, paused 279us total 36.686ms
08-06 17:29:54.320 31869 31882 I art     : Starting a blocking GC Explicit
08-06 17:29:54.355 31869 31882 I art     : Explicit concurrent mark sweep GC freed 59(2176B) AllocSpace objects, 0(0B) LOS objects, 39% free, 24MB/40MB, paused 313us total 35.364ms
08-06 17:29:54.371 31869 31882 I art     : Starting a blocking GC Explicit
08-06 17:29:54.406 31869 31882 I art     : Explicit concurrent mark sweep GC freed 8(272B) AllocSpace objects, 0(0B) LOS objects, 39% free, 24MB/40MB, paused 326us total 34.811ms
08-06 17:29:54.602 12162 12181 I Finsky  : [6223] ktr.run(-1): Stats for Executor: BlockingExecutor kvs@e92de3c[Running, pool size = 1, active threads = 0, queued tasks = 0, completed tasks = 234]
08-06 17:29:54.603 12162 12181 I Finsky  : [6223] ktr.run(-1): Stats for Executor: LightweightExecutor kvs@2a717c5[Running, pool size = 4, active threads = 0, queued tasks = 0, completed tasks = 81]
08-06 17:29:54.695 31869 31881 I art     : Starting a blocking GC Explicit
08-06 17:29:54.738 31869 31881 I art     : Explicit concurrent mark sweep GC freed 1476(87KB) AllocSpace objects, 1(20KB) LOS objects, 39% free, 24MB/40MB, paused 360us total 42.817ms
08-06 17:29:54.755 31869 31881 I art     : Starting a blocking GC Explicit
08-06 17:29:54.793 31869 31881 I art     : Explicit concurrent mark sweep GC freed 20(704B) AllocSpace objects, 0(0B) LOS objects, 39% free, 24MB/40MB, paused 330us total 38.099ms
08-06 17:29:54.811 31869 31881 I art     : Starting a blocking GC Explicit
08-06 17:29:54.849 31869 31881 I art     : Explicit concurrent mark sweep GC freed 3(96B) AllocSpace objects, 0(0B) LOS objects, 39% free, 24MB/40MB, paused 323us total 37.926ms
08-06 17:29:54.866 31869 31881 I art     : Starting a blocking GC Explicit
08-06 17:29:54.905 31869 31881 I art     : Explicit concurrent mark sweep GC freed 3(96B) AllocSpace objects, 0(0B) LOS objects, 39% free, 24MB/40MB, paused 326us total 38.254ms
08-06 17:29:54.922 31869 31881 I art     : Starting a blocking GC Explicit
08-06 17:29:54.960 31869 31881 I art     : Explicit concurrent mark sweep GC freed 3(96B) AllocSpace objects, 0(0B) LOS objects, 39% free, 24MB/40MB, paused 332us total 38.218ms
08-06 17:29:55.115 12162 12181 I Finsky  : [6223] ktr.run(-1): Stats for Executor: bgExecutor kvs@1c1551a[Running, pool size = 4, active threads = 0, queued tasks = 0, completed tasks = 714]
08-06 17:29:55.265 31869 32651 I art     : Starting a blocking GC Explicit
08-06 17:29:55.306 31869 32651 I art     : Explicit concurrent mark sweep GC freed 1346(80KB) AllocSpace objects, 1(20KB) LOS objects, 39% free, 24MB/40MB, paused 354us total 40.804ms
08-06 17:29:55.323 31869 32651 I art     : Starting a blocking GC Explicit
08-06 17:29:55.360 31869 32651 I art     : Explicit concurrent mark sweep GC freed 20(704B) AllocSpace objects, 0(0B) LOS objects, 39% free, 24MB/40MB, paused 337us total 36.316ms
08-06 17:29:55.376 31869 32651 I art     : Starting a blocking GC Explicit
08-06 17:29:55.413 31869 32651 I art     : Explicit concurrent mark sweep GC freed 3(96B) AllocSpace objects, 0(0B) LOS objects, 39% free, 24MB/40MB, paused 334us total 36.582ms
08-06 17:29:55.413 31869 31879 I art     : WaitForGcToComplete blocked for 36.885ms for cause HeapTrim
08-06 17:29:55.430 31869 32651 I art     : Starting a blocking GC Explicit
08-06 17:29:55.467 31869 32651 I art     : Explicit concurrent mark sweep GC freed 3(96B) AllocSpace objects, 0(0B) LOS objects, 39% free, 24MB/40MB, paused 380us total 36.605ms
08-06 17:29:55.484 31869 32651 I art     : Starting a blocking GC Explicit
08-06 17:29:55.520 31869 32651 I art     : Explicit concurrent mark sweep GC freed 3(96B) AllocSpace objects, 0(0B) LOS objects, 39% free, 24MB/40MB, paused 334us total 36.393ms
08-06 17:29:55.788  1103  1103 D AndroidRuntime: >>>>>> START com.android.internal.os.RuntimeInit uid 2000 <<<<<<
08-06 17:29:55.795  1103  1103 D AndroidRuntime: CheckJNI is OFF
08-06 17:29:55.834 31869 32173 I art     : Starting a blocking GC Explicit
08-06 17:29:55.839  1103  1103 D ICU     : No timezone override file found: /data/misc/zoneinfo/current/icu/icu_tzdata.dat
08-06 17:29:55.872 31869 32173 I art     : Explicit concurrent mark sweep GC freed 1346(80KB) AllocSpace objects, 1(20KB) LOS objects, 39% free, 24MB/40MB, paused 348us total 37.700ms
08-06 17:29:55.882  1103  1103 I Radio-JNI: register_android_hardware_Radio DONE
08-06 17:29:55.889 31869 32173 I art     : Starting a blocking GC Explicit
08-06 17:29:55.913  1103  1103 D AndroidRuntime: Calling main entry com.android.commands.input.Input
08-06 17:29:55.914 25638 25638 I ServiceManager: Waiting for service AtCmdFwd...
08-06 17:29:55.915  1103  1103 I Input   : injectMotionEvent: MotionEvent { action=ACTION_DOWN, actionButton=0, id[0]=0, x[0]=600.0, y[0]=1536.0, toolType[0]=TOOL_TYPE_UNKNOWN, buttonState=0, metaState=0, flags=0x0, edgeFlags=0x0, pointerCount=1, historySize=0, eventTime=898212327, downTime=898212327, deviceId=0, source=0x1002 }
08-06 17:29:55.921  1103  1103 I Input   : injectMotionEvent: MotionEvent { action=ACTION_UP, actionButton=0, id[0]=0, x[0]=600.0, y[0]=1536.0, toolType[0]=TOOL_TYPE_UNKNOWN, buttonState=0, metaState=0, flags=0x0, edgeFlags=0x0, pointerCount=1, historySize=0, eventTime=898212327, downTime=898212327, deviceId=0, source=0x1002 }
08-06 17:29:55.923  1103  1103 D AndroidRuntime: Shutting down VM
08-06 17:29:55.928 31869 32173 I art     : Explicit concurrent mark sweep GC freed 23(800B) AllocSpace objects, 0(0B) LOS objects, 39% free, 24MB/40MB, paused 362us total 39.310ms
08-06 17:29:55.932   918  3670 I ActivityManager: START u0 {dat=https://oauth.reddit.com/... cmp=baseline.org.quantumbadger.redreader/.activities.PostListingActivity} from uid 10705 on display 0
08-06 17:29:55.934   512  2967 D audio_hw_primary: out_set_parameters: enter: usecase(1: low-latency-playback) kvpairs: routing=2
08-06 17:29:55.947   512  2967 D audio_hw_primary: select_devices: out_snd_device(2: speaker) in_snd_device(0: none)
08-06 17:29:55.947 31869 32173 I art     : Starting a blocking GC Explicit
08-06 17:29:55.947   512  2967 D msm8974_platform: platform_send_audio_calibration: sending audio calibration for snd_device(2) acdb_id(15)
08-06 17:29:55.947   512  2967 I soundtrigger: audio_extn_sound_trigger_update_device_status: device 0x2 of type 0 for Event 1
08-06 17:29:55.958   512  2967 D audio_hw_primary: enable_snd_device: snd_device(2: speaker)
08-06 17:29:55.960 31869 31869 I AppCompatViewInflater: app:theme is now deprecated. Please move to using android:theme instead.
08-06 17:29:55.961   512  2967 D audio_hw_primary: enable_audio_route: apply and update mixer path: low-latency-playback speaker
08-06 17:29:55.981 31869 32173 I art     : Explicit concurrent mark sweep GC freed 669(54KB) AllocSpace objects, 0(0B) LOS objects, 39% free, 24MB/40MB, paused 648us total 34.554ms
08-06 17:29:55.986 31869  1128 D OK      : calling: https://oauth.reddit.com/r/askscience/about.json
08-06 17:29:55.998 31869 32173 I art     : Starting a blocking GC Explicit
08-06 17:29:56.034 31869 32173 I art     : Explicit concurrent mark sweep GC freed 1051(55KB) AllocSpace objects, 0(0B) LOS objects, 38% free, 25MB/41MB, paused 562us total 35.380ms
08-06 17:29:56.045 13866 13866 I GoogleInputMethodServic: GoogleInputMethodService.onFinishInput():3138 
08-06 17:29:56.045 13866 13866 I GoogleInputMethodServic: GoogleInputMethodService.onStartInput():1808 
08-06 17:29:56.046   918   936 I ActivityManager: Displayed baseline.org.quantumbadger.redreader/.activities.PostListingActivity: +101ms
08-06 17:29:56.055 31869 32173 I art     : Starting a blocking GC Explicit
08-06 17:29:56.089 31869 32173 I art     : Explicit concurrent mark sweep GC freed 279(15KB) AllocSpace objects, 0(0B) LOS objects, 38% free, 25MB/41MB, paused 355us total 34.186ms
08-06 17:29:56.302   380   380 W SurfaceFlinger: couldn't log to binary event log: overflow.
08-06 17:29:56.350 31869 31881 I art     : Starting a blocking GC Explicit
08-06 17:29:56.358 31869  1128 I NAPPA_EXPERIMENTATION: MetricNetworkRequestExecutionTime: REQUEST_DURATION_SYSTEM='372',REQUEST_DURATION_OKHTTP='141',REQUEST_SYNCHRONOUS='TRUE',RESPONSE_CODE='200',RESPONSE_METHOD='GET',RESPONSE_LENGTH_OKHTTP='-1',RESPONSE_LENGTH_HEADER='4700',REQUEST_PROTOCOL='h2',REQUEST_URL='https://oauth.reddit.com/r/askscience/about.json',
08-06 17:29:56.358 31869  1128 D OK      : request got status: 200
08-06 17:29:56.386 31869 31881 I art     : Explicit concurrent mark sweep GC freed 4580(339KB) AllocSpace objects, 3(108KB) LOS objects, 38% free, 25MB/41MB, paused 416us total 35.223ms
08-06 17:29:56.402 31869 31881 I art     : Starting a blocking GC Explicit
08-06 17:29:56.438 31869 31881 I art     : Explicit concurrent mark sweep GC freed 940(59KB) AllocSpace objects, 1(68KB) LOS objects, 38% free, 25MB/41MB, paused 390us total 35.300ms
08-06 17:29:56.456 31869 31881 I art     : Starting a blocking GC Explicit
08-06 17:29:56.491 31869 31881 I art     : Explicit concurrent mark sweep GC freed 145(8KB) AllocSpace objects, 0(0B) LOS objects, 38% free, 25MB/41MB, paused 351us total 35.076ms
08-06 17:29:56.498   512  2967 D audio_hw_primary: disable_audio_route: reset and update mixer path: low-latency-playback speaker
08-06 17:29:56.499   512  2967 D audio_hw_primary: disable_snd_device: snd_device(2: speaker)
08-06 17:29:56.508 31869 31881 I art     : Starting a blocking GC Explicit
08-06 17:29:56.509   512  2967 I soundtrigger: audio_extn_sound_trigger_update_device_status: device 0x2 of type 0 for Event 0
08-06 17:29:56.543 31869 31881 I art     : Explicit concurrent mark sweep GC freed 3(96B) AllocSpace objects, 0(0B) LOS objects, 38% free, 25MB/41MB, paused 353us total 34.742ms
08-06 17:29:56.559 31869 31881 I art     : Starting a blocking GC Explicit
08-06 17:29:56.595 31869 31881 I art     : Explicit concurrent mark sweep GC freed 3(96B) AllocSpace objects, 0(0B) LOS objects, 38% free, 25MB/41MB, paused 362us total 35.671ms
08-06 17:29:56.892 31869 32173 I art     : Starting a blocking GC Explicit
08-06 17:29:56.915 25638 25638 I ServiceManager: Waiting for service AtCmdFwd...
08-06 17:29:56.931 31869 32173 I art     : Explicit concurrent mark sweep GC freed 1405(82KB) AllocSpace objects, 1(20KB) LOS objects, 38% free, 25MB/41MB, paused 380us total 39.137ms
08-06 17:29:56.949 31869 32173 I art     : Starting a blocking GC Explicit
08-06 17:29:56.986 31869 32173 I art     : Explicit concurrent mark sweep GC freed 20(720B) AllocSpace objects, 0(0B) LOS objects, 38% free, 25MB/41MB, paused 371us total 36.718ms
08-06 17:29:57.002 31869 32173 I art     : Starting a blocking GC Explicit
08-06 17:29:57.041 31869 32173 I art     : Explicit concurrent mark sweep GC freed 3(96B) AllocSpace objects, 0(0B) LOS objects, 38% free, 25MB/41MB, paused 353us total 37.796ms
08-06 17:29:57.058 31869 32173 I art     : Starting a blocking GC Explicit
08-06 17:29:57.095 31869 32173 I art     : Explicit concurrent mark sweep GC freed 3(96B) AllocSpace objects, 0(0B) LOS objects, 38% free, 25MB/41MB, paused 374us total 37.261ms
08-06 17:29:57.112 31869 32173 I art     : Starting a blocking GC Explicit
08-06 17:29:57.150 31869 32173 I art     : Explicit concurrent mark sweep GC freed 3(96B) AllocSpace objects, 0(0B) LOS objects, 38% free, 25MB/41MB, paused 334us total 37.166ms
08-06 17:29:57.187 31869  1153 D OK      : calling: https://oauth.reddit.com/r/askscience/hot/.json
08-06 17:29:57.345   518   646 I ThermalEngine: ACTION: GPU - Setting GPU[0] to 390000000
08-06 17:29:57.372 31869  1153 I NAPPA_EXPERIMENTATION: MetricNetworkRequestExecutionTime: REQUEST_DURATION_SYSTEM='185',REQUEST_DURATION_OKHTTP='180',REQUEST_SYNCHRONOUS='TRUE',RESPONSE_CODE='200',RESPONSE_METHOD='GET',RESPONSE_LENGTH_OKHTTP='-1',RESPONSE_LENGTH_HEADER='21282',REQUEST_PROTOCOL='h2',REQUEST_URL='https://oauth.reddit.com/r/askscience/hot/.json',
08-06 17:29:57.372 31869  1153 D OK      : request got status: 200
08-06 17:29:57.386 31869 32465 I PostListingFragment: Precaching images: OFF
08-06 17:29:57.387 31869 32465 I PostListingFragment: Precaching comments: OFF
08-06 17:29:57.458 31869 31893 I art     : Starting a blocking GC Explicit
08-06 17:29:57.518 31869 31893 I art     : Explicit concurrent mark sweep GC freed 6302(410KB) AllocSpace objects, 2(88KB) LOS objects, 38% free, 25MB/41MB, paused 716us total 59.543ms
08-06 17:29:57.543 31869 31893 I art     : Starting a blocking GC Explicit
08-06 17:29:57.600 31869 31893 I art     : Explicit concurrent mark sweep GC freed 3215(173KB) AllocSpace objects, 1(68KB) LOS objects, 38% free, 25MB/41MB, paused 783us total 56.926ms
08-06 17:29:57.625 31869 31893 I art     : Starting a blocking GC Explicit
08-06 17:29:57.681 31869 31893 I art     : Explicit concurrent mark sweep GC freed 2954(110KB) AllocSpace objects, 0(0B) LOS objects, 38% free, 25MB/41MB, paused 808us total 55.221ms
08-06 17:29:57.704 31869 31893 I art     : Starting a blocking GC Explicit
08-06 17:29:57.760 31869 31893 I art     : Explicit concurrent mark sweep GC freed 2769(103KB) AllocSpace objects, 0(0B) LOS objects, 38% free, 25MB/41MB, paused 1.810ms total 56.185ms
08-06 17:29:57.784 31869 31893 I art     : Starting a blocking GC Explicit
08-06 17:29:57.840 31869 31893 I art     : Explicit concurrent mark sweep GC freed 2956(107KB) AllocSpace objects, 0(0B) LOS objects, 38% free, 25MB/41MB, paused 1.010ms total 55.236ms
08-06 17:29:57.915 25638 25638 I ServiceManager: Waiting for service AtCmdFwd...
08-06 17:29:58.155 31869 31882 I art     : Starting a blocking GC Explicit
08-06 17:29:58.217 31869 31882 I art     : Explicit concurrent mark sweep GC freed 18278(833KB) AllocSpace objects, 1(20KB) LOS objects, 38% free, 25MB/41MB, paused 517us total 60.988ms
08-06 17:29:58.240 31869 31882 I art     : Starting a blocking GC Explicit
08-06 17:29:58.294 31869 31882 I art     : Explicit concurrent mark sweep GC freed 659(29KB) AllocSpace objects, 0(0B) LOS objects, 38% free, 25MB/41MB, paused 823us total 52.979ms
08-06 17:29:58.319 31869 31882 I art     : Starting a blocking GC Explicit
08-06 17:29:58.370 31869 31882 I art     : Explicit concurrent mark sweep GC freed 25(1024B) AllocSpace objects, 0(0B) LOS objects, 38% free, 25MB/41MB, paused 464us total 51.062ms
08-06 17:29:58.394 31869 31882 I art     : Starting a blocking GC Explicit
08-06 17:29:58.445 31869 31882 I art     : Explicit concurrent mark sweep GC freed 171(7KB) AllocSpace objects, 0(0B) LOS objects, 38% free, 25MB/41MB, paused 434us total 50.381ms
08-06 17:29:58.468 31869 31882 I art     : Starting a blocking GC Explicit
08-06 17:29:58.520 31869 31882 I art     : Explicit concurrent mark sweep GC freed 3(96B) AllocSpace objects, 0(0B) LOS objects, 38% free, 25MB/41MB, paused 678us total 51.455ms
08-06 17:29:58.852 31869 31881 I art     : Starting a blocking GC Explicit
08-06 17:29:58.916 25638 25638 I ServiceManager: Waiting for service AtCmdFwd...
08-06 17:29:58.920 31869 31881 I art     : Explicit concurrent mark sweep GC freed 1350(80KB) AllocSpace objects, 1(20KB) LOS objects, 38% free, 25MB/41MB, paused 780us total 68.377ms
08-06 17:29:58.947 31869 31881 I art     : Starting a blocking GC Explicit
08-06 17:29:58.999 31869 31881 I art     : Explicit concurrent mark sweep GC freed 20(704B) AllocSpace objects, 0(0B) LOS objects, 38% free, 25MB/41MB, paused 675us total 51.118ms
08-06 17:29:59.022 31869 31881 I art     : Starting a blocking GC Explicit
08-06 17:29:59.077 31869 31881 I art     : Explicit concurrent mark sweep GC freed 3(96B) AllocSpace objects, 0(0B) LOS objects, 38% free, 25MB/41MB, paused 499us total 53.311ms
08-06 17:29:59.104 31869 31881 I art     : Starting a blocking GC Explicit
08-06 17:29:59.160 31869 31881 I art     : Explicit concurrent mark sweep GC freed 3(96B) AllocSpace objects, 0(0B) LOS objects, 38% free, 25MB/41MB, paused 759us total 54.600ms
08-06 17:29:59.188 31869 31881 I art     : Starting a blocking GC Explicit
08-06 17:29:59.243 31869 31881 I art     : Explicit concurrent mark sweep GC freed 3(96B) AllocSpace objects, 0(0B) LOS objects, 38% free, 25MB/41MB, paused 536us total 54.532ms
08-06 17:29:59.607 31869 32173 I art     : Starting a blocking GC Explicit
08-06 17:29:59.670 31869 32173 I art     : Explicit concurrent mark sweep GC freed 1347(80KB) AllocSpace objects, 1(20KB) LOS objects, 38% free, 25MB/41MB, paused 621us total 62.948ms
08-06 17:29:59.696 31869 32173 I art     : Starting a blocking GC Explicit
08-06 17:29:59.748 31869 32173 I art     : Explicit concurrent mark sweep GC freed 20(720B) AllocSpace objects, 0(0B) LOS objects, 38% free, 25MB/41MB, paused 808us total 52.120ms
08-06 17:29:59.772 31869 32173 I art     : Starting a blocking GC Explicit
08-06 17:29:59.825 31869 32173 I art     : Explicit concurrent mark sweep GC freed 3(96B) AllocSpace objects, 0(0B) LOS objects, 38% free, 25MB/41MB, paused 482us total 52.580ms
08-06 17:29:59.849 31869 32173 I art     : Starting a blocking GC Explicit
08-06 17:29:59.901 31869 32173 I art     : Explicit concurrent mark sweep GC freed 3(96B) AllocSpace objects, 0(0B) LOS objects, 38% free, 25MB/41MB, paused 495us total 51.949ms
08-06 17:29:59.916 25638 25638 I ServiceManager: Waiting for service AtCmdFwd...
08-06 17:29:59.925 31869 32173 I art     : Starting a blocking GC Explicit
08-06 17:29:59.980 31869 32173 I art     : Explicit concurrent mark sweep GC freed 3(96B) AllocSpace objects, 0(0B) LOS objects, 38% free, 25MB/41MB, paused 669us total 54.432ms
08-06 17:30:00.330 31869 31893 I art     : Starting a blocking GC Explicit
08-06 17:30:00.397 31869 31893 I art     : Explicit concurrent mark sweep GC freed 1347(80KB) AllocSpace objects, 1(20KB) LOS objects, 38% free, 25MB/41MB, paused 530us total 66.327ms
08-06 17:30:00.423 31869 31893 I art     : Starting a blocking GC Explicit
08-06 17:30:00.480 31869 31893 I art     : Explicit concurrent mark sweep GC freed 20(704B) AllocSpace objects, 0(0B) LOS objects, 38% free, 25MB/41MB, paused 571us total 55.952ms
08-06 17:30:00.480 31869 31879 I art     : WaitForGcToComplete blocked for 12.963ms for cause HeapTrim
08-06 17:30:00.507 31869 31893 I art     : Starting a blocking GC Explicit
08-06 17:30:00.559 31869 31893 I art     : Explicit concurrent mark sweep GC freed 3(96B) AllocSpace objects, 0(0B) LOS objects, 38% free, 25MB/41MB, paused 515us total 51.883ms
08-06 17:30:00.583 31869 31893 I art     : Starting a blocking GC Explicit
08-06 17:30:00.635 31869 31893 I art     : Explicit concurrent mark sweep GC freed 3(96B) AllocSpace objects, 0(0B) LOS objects, 38% free, 25MB/41MB, paused 466us total 52.307ms
08-06 17:30:00.659 31869 31893 I art     : Starting a blocking GC Explicit
08-06 17:30:00.712 31869 31893 I art     : Explicit concurrent mark sweep GC freed 3(96B) AllocSpace objects, 0(0B) LOS objects, 38% free, 25MB/41MB, paused 501us total 51.972ms
08-06 17:30:00.917 25638 25638 W Atfwd_Sendcmd: AtCmdFwd service not published, waiting... retryCnt : 5
08-06 17:30:01.060 31869 32651 I art     : Starting a blocking GC Explicit
08-06 17:30:01.125 31869 32651 I art     : Explicit concurrent mark sweep GC freed 1346(80KB) AllocSpace objects, 1(20KB) LOS objects, 38% free, 25MB/41MB, paused 505us total 63.939ms
08-06 17:30:01.148 31869 32651 I art     : Starting a blocking GC Explicit
08-06 17:30:01.200 31869 32651 I art     : Explicit concurrent mark sweep GC freed 20(720B) AllocSpace objects, 0(0B) LOS objects, 38% free, 25MB/41MB, paused 784us total 50.925ms
08-06 17:30:01.223 31869 32651 I art     : Starting a blocking GC Explicit
08-06 17:30:01.272 31869 32651 I art     : Explicit concurrent mark sweep GC freed 3(96B) AllocSpace objects, 0(0B) LOS objects, 38% free, 25MB/41MB, paused 633us total 48.685ms
08-06 17:30:01.294 31869 32651 I art     : Starting a blocking GC Explicit
08-06 17:30:01.346 31869 32651 I art     : Explicit concurrent mark sweep GC freed 3(96B) AllocSpace objects, 0(0B) LOS objects, 38% free, 25MB/41MB, paused 703us total 51.791ms
08-06 17:30:01.350   518   646 I ThermalEngine: ACTION: GPU - Setting GPU[0] to 450000000
08-06 17:30:01.373 31869 32651 I art     : Starting a blocking GC Explicit
08-06 17:30:01.417 31869 32651 I art     : Explicit concurrent mark sweep GC freed 3(96B) AllocSpace objects, 0(0B) LOS objects, 38% free, 25MB/41MB, paused 480us total 43.463ms
08-06 17:30:01.742  1223  1223 D AndroidRuntime: >>>>>> START com.android.internal.os.RuntimeInit uid 2000 <<<<<<
08-06 17:30:01.749  1223  1223 D AndroidRuntime: CheckJNI is OFF
08-06 17:30:01.770 31869 31882 I art     : Starting a blocking GC Explicit
08-06 17:30:01.795  1223  1223 D ICU     : No timezone override file found: /data/misc/zoneinfo/current/icu/icu_tzdata.dat
08-06 17:30:01.811 31869 31882 I art     : Explicit concurrent mark sweep GC freed 1350(80KB) AllocSpace objects, 1(20KB) LOS objects, 38% free, 25MB/41MB, paused 370us total 41.012ms
08-06 17:30:01.829 31869 31882 I art     : Starting a blocking GC Explicit
08-06 17:30:01.839  1223  1223 I Radio-JNI: register_android_hardware_Radio DONE
08-06 17:30:01.869 31869 31882 I art     : Explicit concurrent mark sweep GC freed 20(704B) AllocSpace objects, 0(0B) LOS objects, 38% free, 25MB/41MB, paused 392us total 39.983ms
08-06 17:30:01.869  1223  1223 D AndroidRuntime: Calling main entry com.android.commands.input.Input
08-06 17:30:01.871  1223  1223 I Input   : injectMotionEvent: MotionEvent { action=ACTION_DOWN, actionButton=0, id[0]=0, x[0]=600.0, y[0]=700.0, toolType[0]=TOOL_TYPE_UNKNOWN, buttonState=0, metaState=0, flags=0x0, edgeFlags=0x0, pointerCount=1, historySize=0, eventTime=898218283, downTime=898218283, deviceId=0, source=0x1002 }
08-06 17:30:01.876  1223  1223 I Input   : injectMotionEvent: MotionEvent { action=ACTION_UP, actionButton=0, id[0]=0, x[0]=600.0, y[0]=700.0, toolType[0]=TOOL_TYPE_UNKNOWN, buttonState=0, metaState=0, flags=0x0, edgeFlags=0x0, pointerCount=1, historySize=0, eventTime=898218283, downTime=898218283, deviceId=0, source=0x1002 }
08-06 17:30:01.878  1223  1223 D AndroidRuntime: Shutting down VM
08-06 17:30:01.886 31869 31882 I art     : Starting a blocking GC Explicit
08-06 17:30:01.896   512  2967 D audio_hw_primary: out_set_parameters: enter: usecase(1: low-latency-playback) kvpairs: routing=2
08-06 17:30:01.900   918  5952 I ActivityManager: START u0 {dat=https://oauth.reddit.com/... cmp=baseline.org.quantumbadger.redreader/.activities.CommentListingActivity} from uid 10705 on display 0
08-06 17:30:01.912   512  2967 D audio_hw_primary: select_devices: out_snd_device(2: speaker) in_snd_device(0: none)
08-06 17:30:01.912   512  2967 D msm8974_platform: platform_send_audio_calibration: sending audio calibration for snd_device(2) acdb_id(15)
08-06 17:30:01.912   512  2967 I soundtrigger: audio_extn_sound_trigger_update_device_status: device 0x2 of type 0 for Event 1
08-06 17:30:01.923   512  2967 D audio_hw_primary: enable_snd_device: snd_device(2: speaker)
08-06 17:30:01.925   512  2967 D audio_hw_primary: enable_audio_route: apply and update mixer path: low-latency-playback speaker
08-06 17:30:01.927 31869 31882 I art     : Explicit concurrent mark sweep GC freed 889(33KB) AllocSpace objects, 0(0B) LOS objects, 38% free, 25MB/41MB, paused 492us total 40.810ms
08-06 17:30:01.931 31869 31869 I AppCompatViewInflater: app:theme is now deprecated. Please move to using android:theme instead.
08-06 17:30:01.944 31869 31882 I art     : Starting a blocking GC Explicit
08-06 17:30:01.953 31869 32465 I CommentListingActivity: COMMENTS session changed to f4cd4ff4-3466-4b6f-bb86-3f0104f281e7
08-06 17:30:01.985 31869 31882 I art     : Explicit concurrent mark sweep GC freed 1989(226KB) AllocSpace objects, 0(0B) LOS objects, 38% free, 26MB/42MB, paused 857us total 40.403ms
08-06 17:30:02.006 31869 31882 I art     : Starting a blocking GC Explicit
08-06 17:30:02.041 13866 13866 I GoogleInputMethodServic: GoogleInputMethodService.onFinishInput():3138 
08-06 17:30:02.041   918   936 I ActivityManager: Displayed baseline.org.quantumbadger.redreader/.activities.CommentListingActivity: +131ms
08-06 17:30:02.044 13866 13866 I GoogleInputMethodServic: GoogleInputMethodService.onStartInput():1808 
08-06 17:30:02.052 31869 31882 I art     : Explicit concurrent mark sweep GC freed 10373(667KB) AllocSpace objects, 2(36KB) LOS objects, 37% free, 27MB/43MB, paused 742us total 46.085ms
08-06 17:30:02.275   380   380 W SurfaceFlinger: couldn't log to binary event log: overflow.
08-06 17:30:02.329 31869 31881 I art     : Starting a blocking GC Explicit
08-06 17:30:02.392 31869 31881 I art     : Explicit concurrent mark sweep GC freed 52364(3MB) AllocSpace objects, 2(36KB) LOS objects, 36% free, 28MB/44MB, paused 337us total 62.929ms
08-06 17:30:02.413 31869 31881 I art     : Starting a blocking GC Explicit
08-06 17:30:02.432 31869  1164 I RedditChangeDataIO: Writing tmp data file at '/data/user/0/baseline.org.quantumbadger.redreader/files/rr_change_data_tmp.dat'
08-06 17:30:02.433 31869  1164 I RedditChangeDataManager: Taking snapshot...
08-06 17:30:02.433 31869  1164 I RedditChangeDataManager: Writing to stream...
08-06 17:30:02.433 31869  1164 I RedditChangeDataManager: Wrote 3 entries for user ''
08-06 17:30:02.433 31869  1164 I RedditChangeDataManager: All entries written to stream.
08-06 17:30:02.434 31869  1164 I RedditChangeDataIO: Write successful. Atomically replacing data file...
08-06 17:30:02.435 31869  1164 I RedditChangeDataIO: Write complete.
08-06 17:30:02.435 31869  1164 I RedditChangeDataIO: 86 bytes written in 4 ms
08-06 17:30:02.459   512  2967 D audio_hw_primary: disable_audio_route: reset and update mixer path: low-latency-playback speaker
08-06 17:30:02.460   512  2967 D audio_hw_primary: disable_snd_device: snd_device(2: speaker)
08-06 17:30:02.469   512  2967 I soundtrigger: audio_extn_sound_trigger_update_device_status: device 0x2 of type 0 for Event 0
08-06 17:30:02.469 31869 31881 I art     : Explicit concurrent mark sweep GC freed 236(10KB) AllocSpace objects, 1(68KB) LOS objects, 36% free, 28MB/44MB, paused 308us total 56.222ms
08-06 17:30:02.490 31869 31881 I art     : Starting a blocking GC Explicit
08-06 17:30:02.541 31869 31881 I art     : Explicit concurrent mark sweep GC freed 242(39KB) AllocSpace objects, 0(0B) LOS objects, 36% free, 28MB/44MB, paused 326us total 50.659ms
08-06 17:30:02.561 31869 31881 I art     : Starting a blocking GC Explicit
08-06 17:30:02.616 31869 31881 I art     : Explicit concurrent mark sweep GC freed 68(2272B) AllocSpace objects, 0(0B) LOS objects, 36% free, 28MB/44MB, paused 298us total 54.004ms
08-06 17:30:02.636 31869 31881 I art     : Starting a blocking GC Explicit
08-06 17:30:02.690 31869 31881 I art     : Explicit concurrent mark sweep GC freed 3(96B) AllocSpace objects, 0(0B) LOS objects, 36% free, 28MB/44MB, paused 322us total 53.838ms
08-06 17:30:03.006 31869 31893 I art     : Starting a blocking GC Explicit
08-06 17:30:03.064 31869 31893 I art     : Explicit concurrent mark sweep GC freed 1346(80KB) AllocSpace objects, 1(20KB) LOS objects, 36% free, 28MB/44MB, paused 324us total 58.040ms
08-06 17:30:03.085 31869 31893 I art     : Starting a blocking GC Explicit
08-06 17:30:03.142 31869 31893 I art     : Explicit concurrent mark sweep GC freed 66(2528B) AllocSpace objects, 0(0B) LOS objects, 36% free, 28MB/44MB, paused 331us total 57.232ms
08-06 17:30:03.162 31869 31893 I art     : Starting a blocking GC Explicit
08-06 17:30:03.220 31869 31893 I art     : Explicit concurrent mark sweep GC freed 3(96B) AllocSpace objects, 0(0B) LOS objects, 36% free, 28MB/44MB, paused 330us total 57.658ms
08-06 17:30:03.240 31869 31893 I art     : Starting a blocking GC Explicit
08-06 17:30:03.297 31869 31893 I art     : Explicit concurrent mark sweep GC freed 3(96B) AllocSpace objects, 0(0B) LOS objects, 36% free, 28MB/44MB, paused 357us total 56.751ms
08-06 17:30:03.318 31869 31893 I art     : Starting a blocking GC Explicit
08-06 17:30:03.378 31869 31893 I art     : Explicit concurrent mark sweep GC freed 3(96B) AllocSpace objects, 0(0B) LOS objects, 36% free, 28MB/44MB, paused 567us total 60.182ms
08-06 17:30:03.732 31869 32173 I art     : Starting a blocking GC Explicit
08-06 17:30:03.800 31869 32173 I art     : Explicit concurrent mark sweep GC freed 1346(80KB) AllocSpace objects, 1(20KB) LOS objects, 36% free, 28MB/44MB, paused 345us total 67.640ms
08-06 17:30:03.820 31869 32173 I art     : Starting a blocking GC Explicit
08-06 17:30:03.888 31869 32173 I art     : Explicit concurrent mark sweep GC freed 20(720B) AllocSpace objects, 0(0B) LOS objects, 36% free, 28MB/44MB, paused 379us total 67.539ms
08-06 17:30:03.910 31869 32173 I art     : Starting a blocking GC Explicit
08-06 17:30:03.975 31869 32173 I art     : Explicit concurrent mark sweep GC freed 3(96B) AllocSpace objects, 0(0B) LOS objects, 36% free, 28MB/44MB, paused 345us total 64.493ms
08-06 17:30:03.996 31869 32173 I art     : Starting a blocking GC Explicit
08-06 17:30:04.063 31869 32173 I art     : Explicit concurrent mark sweep GC freed 3(96B) AllocSpace objects, 0(0B) LOS objects, 36% free, 28MB/44MB, paused 372us total 67.360ms
08-06 17:30:04.087 31869 32173 I art     : Starting a blocking GC Explicit
08-06 17:30:04.154 31869 32173 I art     : Explicit concurrent mark sweep GC freed 3(96B) AllocSpace objects, 0(0B) LOS objects, 36% free, 28MB/44MB, paused 372us total 66.708ms
08-06 17:30:04.354   518   646 I ThermalEngine: ACTION: GPU - Setting GPU[0] to 390000000
08-06 17:30:04.489   918  3261 D WifiStateMachine: starting scan for "H369AA63323"WPA_PSK with 2412,5180
08-06 17:30:04.498 31869 31881 I art     : Starting a blocking GC Explicit
08-06 17:30:04.569 31869 31881 I art     : Explicit concurrent mark sweep GC freed 1346(80KB) AllocSpace objects, 1(20KB) LOS objects, 36% free, 28MB/44MB, paused 718us total 70.164ms
08-06 17:30:04.596 31869 31881 I art     : Starting a blocking GC Explicit
08-06 17:30:04.665 31869 31881 I art     : Explicit concurrent mark sweep GC freed 20(704B) AllocSpace objects, 0(0B) LOS objects, 36% free, 28MB/44MB, paused 430us total 68.906ms
08-06 17:30:04.694 31869 31881 I art     : Starting a blocking GC Explicit
08-06 17:30:04.764 31869 31881 I art     : Explicit concurrent mark sweep GC freed 3(96B) AllocSpace objects, 0(0B) LOS objects, 36% free, 28MB/44MB, paused 419us total 70.168ms
08-06 17:30:04.792 31869 31881 I art     : Starting a blocking GC Explicit
08-06 17:30:04.873 31869 31881 I art     : Explicit concurrent mark sweep GC freed 3(96B) AllocSpace objects, 0(0B) LOS objects, 36% free, 28MB/44MB, paused 743us total 79.901ms
08-06 17:30:04.902 31869 31881 I art     : Starting a blocking GC Explicit
08-06 17:30:04.974 31869 31881 I art     : Explicit concurrent mark sweep GC freed 3(96B) AllocSpace objects, 0(0B) LOS objects, 36% free, 28MB/44MB, paused 750us total 71.710ms
08-06 17:30:05.328 31869 32651 I art     : Starting a blocking GC Explicit
08-06 17:30:05.360   518   646 I ThermalEngine: ACTION: GPU - Setting GPU[0] to 450000000
08-06 17:30:05.408 31869 32651 I art     : Explicit concurrent mark sweep GC freed 1346(80KB) AllocSpace objects, 1(20KB) LOS objects, 36% free, 28MB/44MB, paused 460us total 79.544ms
08-06 17:30:05.431 31869 32651 I art     : Starting a blocking GC Explicit
08-06 17:30:05.490 31869 32651 I art     : Explicit concurrent mark sweep GC freed 20(720B) AllocSpace objects, 0(0B) LOS objects, 36% free, 28MB/44MB, paused 327us total 59.102ms
08-06 17:30:05.511 31869 32651 I art     : Starting a blocking GC Explicit
08-06 17:30:05.577 31869 32651 I art     : Explicit concurrent mark sweep GC freed 3(96B) AllocSpace objects, 0(0B) LOS objects, 36% free, 28MB/44MB, paused 347us total 65.434ms
08-06 17:30:05.577 31869 31879 I art     : WaitForGcToComplete blocked for 17.506ms for cause HeapTrim
08-06 17:30:05.601 31869 32651 I art     : Starting a blocking GC Explicit
08-06 17:30:05.668 31869 32651 I art     : Explicit concurrent mark sweep GC freed 3(96B) AllocSpace objects, 0(0B) LOS objects, 36% free, 28MB/44MB, paused 326us total 66.636ms
08-06 17:30:05.691 31869 32651 I art     : Starting a blocking GC Explicit
08-06 17:30:05.755 31869 32651 I art     : Explicit concurrent mark sweep GC freed 3(96B) AllocSpace objects, 0(0B) LOS objects, 36% free, 28MB/44MB, paused 335us total 63.960ms
08-06 17:30:06.102 31869 31882 I art     : Starting a blocking GC Explicit
08-06 17:30:06.162 31869 31882 I art     : Explicit concurrent mark sweep GC freed 1346(80KB) AllocSpace objects, 1(20KB) LOS objects, 36% free, 28MB/44MB, paused 341us total 59.096ms
08-06 17:30:06.182 31869 31882 I art     : Starting a blocking GC Explicit
08-06 17:30:06.241 31869 31882 I art     : Explicit concurrent mark sweep GC freed 20(704B) AllocSpace objects, 0(0B) LOS objects, 36% free, 28MB/44MB, paused 340us total 58.837ms
08-06 17:30:06.261 31869 31882 I art     : Starting a blocking GC Explicit
08-06 17:30:06.320 31869 31882 I art     : Explicit concurrent mark sweep GC freed 3(96B) AllocSpace objects, 0(0B) LOS objects, 36% free, 28MB/44MB, paused 338us total 58.565ms
08-06 17:30:06.340 31869 31882 I art     : Starting a blocking GC Explicit
08-06 17:30:06.400 31869 31882 I art     : Explicit concurrent mark sweep GC freed 3(96B) AllocSpace objects, 0(0B) LOS objects, 36% free, 28MB/44MB, paused 323us total 59.441ms
08-06 17:30:06.420 31869 31882 I art     : Starting a blocking GC Explicit
08-06 17:30:06.479 31869 31882 I art     : Explicit concurrent mark sweep GC freed 3(96B) AllocSpace objects, 0(0B) LOS objects, 36% free, 28MB/44MB, paused 353us total 58.895ms
08-06 17:30:06.675  1313  1313 D AndroidRuntime: >>>>>> START com.android.internal.os.RuntimeInit uid 2000 <<<<<<
08-06 17:30:06.681  1313  1313 D AndroidRuntime: CheckJNI is OFF
08-06 17:30:06.723  1313  1313 D ICU     : No timezone override file found: /data/misc/zoneinfo/current/icu/icu_tzdata.dat
08-06 17:30:06.765  1313  1313 I Radio-JNI: register_android_hardware_Radio DONE
08-06 17:30:06.795  1313  1313 D AndroidRuntime: Calling main entry com.android.commands.input.Input
08-06 17:30:06.796  1313  1313 I Input   : injectKeyEvent: KeyEvent { action=ACTION_DOWN, keyCode=KEYCODE_BACK, scanCode=0, metaState=0, flags=0x0, repeatCount=0, eventTime=898223209, downTime=898223209, deviceId=-1, source=0x101 }
08-06 17:30:06.799 31869 31893 I art     : Starting a blocking GC Explicit
08-06 17:30:06.802  1313  1313 I Input   : injectKeyEvent: KeyEvent { action=ACTION_UP, keyCode=KEYCODE_BACK, scanCode=0, metaState=0, flags=0x0, repeatCount=0, eventTime=898223209, downTime=898223209, deviceId=-1, source=0x101 }
08-06 17:30:06.807  1313  1313 D AndroidRuntime: Shutting down VM
08-06 17:30:06.853 31869 31893 I art     : Explicit concurrent mark sweep GC freed 1472(85KB) AllocSpace objects, 1(20KB) LOS objects, 36% free, 28MB/44MB, paused 344us total 53.416ms
08-06 17:30:06.855 13866 13866 I GoogleInputMethodServic: GoogleInputMethodService.onFinishInput():3138 
08-06 17:30:06.856 13866 13866 I GoogleInputMethodServic: GoogleInputMethodService.onStartInput():1808 
08-06 17:30:06.873 31869 31893 I art     : Starting a blocking GC Explicit
08-06 17:30:06.927 31869 31893 I art     : Explicit concurrent mark sweep GC freed 137(4KB) AllocSpace objects, 0(0B) LOS objects, 36% free, 28MB/44MB, paused 354us total 53.801ms
08-06 17:30:06.946 31869 31893 I art     : Starting a blocking GC Explicit
08-06 17:30:06.994 31869 31893 I art     : Explicit concurrent mark sweep GC freed 9(336B) AllocSpace objects, 0(0B) LOS objects, 36% free, 28MB/44MB, paused 297us total 47.674ms
08-06 17:30:07.013 31869 31893 I art     : Starting a blocking GC Explicit
08-06 17:30:07.061 31869 31893 I art     : Explicit concurrent mark sweep GC freed 3(96B) AllocSpace objects, 0(0B) LOS objects, 36% free, 28MB/44MB, paused 309us total 47.619ms
08-06 17:30:07.080 31869 31893 I art     : Starting a blocking GC Explicit
08-06 17:30:07.128 31869 31893 I art     : Explicit concurrent mark sweep GC freed 3(96B) AllocSpace objects, 0(0B) LOS objects, 36% free, 28MB/44MB, paused 293us total 48.549ms
08-06 17:30:07.163   380   380 W SurfaceFlinger: couldn't log to binary event log: overflow.
08-06 17:30:07.410 31869 31881 I art     : Starting a blocking GC Explicit
08-06 17:30:07.467 31869 31881 I art     : Explicit concurrent mark sweep GC freed 1407(82KB) AllocSpace objects, 1(20KB) LOS objects, 36% free, 28MB/44MB, paused 343us total 56.805ms
08-06 17:30:07.487 31869 31881 I art     : Starting a blocking GC Explicit
08-06 17:30:07.533 31869 31881 I art     : Explicit concurrent mark sweep GC freed 46779(2MB) AllocSpace objects, 5(140KB) LOS objects, 38% free, 25MB/41MB, paused 351us total 46.189ms
08-06 17:30:07.552 31869 31881 I art     : Starting a blocking GC Explicit
08-06 17:30:07.590 31869 31881 I art     : Explicit concurrent mark sweep GC freed 3(96B) AllocSpace objects, 0(0B) LOS objects, 38% free, 25MB/41MB, paused 341us total 37.467ms
08-06 17:30:07.608 31869 31881 I art     : Starting a blocking GC Explicit
08-06 17:30:07.649 31869 31881 I art     : Explicit concurrent mark sweep GC freed 3(96B) AllocSpace objects, 0(0B) LOS objects, 38% free, 25MB/41MB, paused 341us total 41.172ms
08-06 17:30:07.668 31869 31881 I art     : Starting a blocking GC Explicit
08-06 17:30:07.709 31869 31881 I art     : Explicit concurrent mark sweep GC freed 3(96B) AllocSpace objects, 0(0B) LOS objects, 38% free, 25MB/41MB, paused 323us total 40.797ms
08-06 17:30:08.019 31869 31882 I art     : Starting a blocking GC Explicit
08-06 17:30:08.067 31869 31882 I art     : Explicit concurrent mark sweep GC freed 1346(80KB) AllocSpace objects, 1(20KB) LOS objects, 38% free, 25MB/41MB, paused 355us total 48.428ms
08-06 17:30:08.085 31869 31882 I art     : Starting a blocking GC Explicit
08-06 17:30:08.124 31869 31882 I art     : Explicit concurrent mark sweep GC freed 20(720B) AllocSpace objects, 0(0B) LOS objects, 38% free, 25MB/41MB, paused 323us total 38.699ms
08-06 17:30:08.142 31869 31882 I art     : Starting a blocking GC Explicit
08-06 17:30:08.180 31869 31882 I art     : Explicit concurrent mark sweep GC freed 3(96B) AllocSpace objects, 0(0B) LOS objects, 38% free, 25MB/41MB, paused 328us total 38.287ms
08-06 17:30:08.197 31869 31882 I art     : Starting a blocking GC Explicit
08-06 17:30:08.236 31869 31882 I art     : Explicit concurrent mark sweep GC freed 3(96B) AllocSpace objects, 0(0B) LOS objects, 38% free, 25MB/41MB, paused 336us total 38.911ms
08-06 17:30:08.254 31869 31882 I art     : Starting a blocking GC Explicit
08-06 17:30:08.293 31869 31882 I art     : Explicit concurrent mark sweep GC freed 3(96B) AllocSpace objects, 0(0B) LOS objects, 38% free, 25MB/41MB, paused 334us total 39.405ms
08-06 17:30:08.574 31869 32651 I art     : Starting a blocking GC Explicit
08-06 17:30:08.575  1359  1359 D AndroidRuntime: >>>>>> START com.android.internal.os.RuntimeInit uid 2000 <<<<<<
08-06 17:30:08.582  1359  1359 D AndroidRuntime: CheckJNI is OFF
08-06 17:30:08.621 31869 32651 I art     : Explicit concurrent mark sweep GC freed 1346(80KB) AllocSpace objects, 1(20KB) LOS objects, 38% free, 25MB/41MB, paused 345us total 46.958ms
08-06 17:30:08.632  1359  1359 D ICU     : No timezone override file found: /data/misc/zoneinfo/current/icu/icu_tzdata.dat
08-06 17:30:08.638 31869 32651 I art     : Starting a blocking GC Explicit
08-06 17:30:08.679 31869 32651 I art     : Explicit concurrent mark sweep GC freed 20(704B) AllocSpace objects, 0(0B) LOS objects, 38% free, 25MB/41MB, paused 338us total 40.645ms
08-06 17:30:08.679  1359  1359 I Radio-JNI: register_android_hardware_Radio DONE
08-06 17:30:08.697 31869 32651 I art     : Starting a blocking GC Explicit
08-06 17:30:08.709  1359  1359 D AndroidRuntime: Calling main entry com.android.commands.input.Input
08-06 17:30:08.711  1359  1359 I Input   : injectKeyEvent: KeyEvent { action=ACTION_DOWN, keyCode=KEYCODE_BACK, scanCode=0, metaState=0, flags=0x0, repeatCount=0, eventTime=898225124, downTime=898225124, deviceId=-1, source=0x101 }
08-06 17:30:08.719  1359  1359 I Input   : injectKeyEvent: KeyEvent { action=ACTION_UP, keyCode=KEYCODE_BACK, scanCode=0, metaState=0, flags=0x0, repeatCount=0, eventTime=898225124, downTime=898225124, deviceId=-1, source=0x101 }
08-06 17:30:08.725  1359  1359 D AndroidRuntime: Shutting down VM
08-06 17:30:08.736 31869 32651 I art     : Explicit concurrent mark sweep GC freed 106(3KB) AllocSpace objects, 0(0B) LOS objects, 38% free, 25MB/41MB, paused 401us total 38.757ms
08-06 17:30:08.753 31869 32651 I art     : Starting a blocking GC Explicit
08-06 17:30:08.760 13866 13866 I GoogleInputMethodServic: GoogleInputMethodService.onFinishInput():3138 
08-06 17:30:08.761 13866 13866 I GoogleInputMethodServic: GoogleInputMethodService.onStartInput():1808 
08-06 17:30:08.789 31869 32651 I art     : Explicit concurrent mark sweep GC freed 48(1776B) AllocSpace objects, 0(0B) LOS objects, 38% free, 25MB/41MB, paused 350us total 35.960ms
08-06 17:30:08.806 31869 32651 I art     : Starting a blocking GC Explicit
08-06 17:30:08.841 31869 32651 I art     : Explicit concurrent mark sweep GC freed 36(1200B) AllocSpace objects, 0(0B) LOS objects, 38% free, 25MB/41MB, paused 280us total 34.457ms
08-06 17:30:09.126 31869 31882 I art     : Starting a blocking GC Explicit
08-06 17:30:09.166 31869 31882 I art     : Explicit concurrent mark sweep GC freed 1401(82KB) AllocSpace objects, 1(20KB) LOS objects, 38% free, 25MB/41MB, paused 344us total 40.074ms
08-06 17:30:09.183 31869 31882 I art     : Starting a blocking GC Explicit
08-06 17:30:09.224 31869 31882 I art     : Explicit concurrent mark sweep GC freed 150(7KB) AllocSpace objects, 0(0B) LOS objects, 38% free, 25MB/41MB, paused 346us total 40.626ms
08-06 17:30:09.242 31869 31882 I art     : Starting a blocking GC Explicit
08-06 17:30:09.284 31869 31882 I art     : Explicit concurrent mark sweep GC freed 3(96B) AllocSpace objects, 0(0B) LOS objects, 38% free, 25MB/41MB, paused 347us total 41.593ms
