--------- beginning of main
08-05 22:42:53.621 24365  6550 W GCM     : Unexpected forwarded intent: Intent { act=android.intent.action.PACKAGE_ADDED dat=package:baseline.org.quantumbadger.redreader flg=0x4000010 cmp=com.google.android.gms/.chimera.PersistentIntentOperationService (has extras) }
08-05 22:42:53.626 24365  6552 W GCM     : Unexpected forwarded intent: Intent { act=android.intent.action.PACKAGE_ADDED dat=package:baseline.org.quantumbadger.redreader flg=0x4000010 cmp=com.google.android.gms/.chimera.PersistentIntentOperationService (has extras) }
08-05 22:42:53.639 15866 15866 I Finsky  : [1] uah.a(18): PackageMonitorReceiverImpl - Received: android.intent.action.PACKAGE_ADDED, [ocpw8ddNLhG67i_cxGNvtEQwqY1k5QNC_my-vN553D4]
08-05 22:42:53.639 15866 15866 I Finsky  : [1] ubi.d(9): Invalidating cached PackageState for baseline.org.quantumbadger.redreader
08-05 22:42:53.647 15866 15866 I Finsky  : [1] lzi.c(2): Frosting ID looked up on UI thread. Caller should move to a background thread.
08-05 22:42:53.680 15866 15866 I Finsky  : [1] agsx.a(4): Do not start WearSupportService due to Wear service optimization
--------- beginning of system
08-05 22:42:53.686   918  5481 W ActivityManager: Unable to start service Intent { act=com.google.android.gms.auth.key.retrieval.service.START pkg=com.google.android.gms } U=0: not found
08-05 22:42:53.691 15866 15866 I Finsky  : [1] agsx.a(4): Do not start WearSupportService due to Wear service optimization
08-05 22:42:53.692 15866 15866 I Finsky  : [1] zko.a(1): Clearing split related stale data.
08-05 22:42:53.700 15866 15866 I Finsky  : [1] lzi.c(2): Frosting ID looked up on UI thread. Caller should move to a background thread.
08-05 22:42:53.702 15866  6560 I Finsky  : [6536] eji.a(-1): Asset module storage cleared for package baseline.org.quantumbadger.redreader.
08-05 22:42:53.705 24577  6548 I ChromeSync: [Sync,SyncIntentOperation] Handling the intent: Intent { act=android.intent.action.PACKAGE_ADDED dat=package:baseline.org.quantumbadger.redreader flg=0x4000010 cmp=com.google.android.gms/.chimera.GmsIntentOperationService (has extras) }.
08-05 22:42:53.708 24577  6556 I Auth    : [SupervisedAccountIntentOperation] onHandleIntent(): android.intent.action.PACKAGE_ADDED
08-05 22:42:53.753   918   929 I AccountManagerService: getTypesVisibleToCaller: isPermitted? true
08-05 22:42:53.828   918  6111 I AccountManagerService: getTypesVisibleToCaller: isPermitted? true
08-05 22:42:53.829 24577  6548 I ChromeSync: [Persistence,AffiliationManager] One of affiliation or grouping data for android://bz0hZa4nAJEtd0n5sRlXG7KAqctUMWVefv7Ki4mh1p6slZ9YO-n9gS9j8m9YCrsIyI2wIxrDHraumF9Y6pBLTA==@baseline.org.quantumbadger.redreader/ was not found. Marking affiliation data as stale...
08-05 22:42:53.831   918  3714 W ActivityManager: Unbind failed: could not find connection for android.os.BinderProxy@d1c82a6
08-05 22:42:53.840 24577 24621 E GmsClient: unable to connect to service: com.google.android.gms.auth.key.retrieval.service.START on com.google.android.gms
08-05 22:42:53.905 15866  6557 I Finsky  : [6534] lyv.run(-1): Wrote row to frosting DB: 2988
08-05 22:42:53.907   918  3714 I AccountManagerService: getTypesVisibleToCaller: isPermitted? true
08-05 22:42:53.975 15866  6557 I Finsky  : [6534] lyv.run(-1): Wrote row to frosting DB: 2989
08-05 22:42:54.010 24577 13294 I Icing   : IndexChimeraService.getServiceInterface callingPackage=com.google.android.gms componentName=AppsCorpus serviceId=36
08-05 22:42:54.033 24577  1749 W Icing   : No valid account for uploading user actions
08-05 22:42:54.067 24577 13336 I Icing   : IndexChimeraService.getServiceInterface callingPackage=com.google.android.gms componentName=null serviceId=30
08-05 22:42:54.196  6580  6580 D AndroidRuntime: >>>>>> START com.android.internal.os.RuntimeInit uid 2000 <<<<<<
08-05 22:42:54.199 15866 15866 I Finsky  : [1] xmu.a(8): SCH: Jobs in database: 1-1337 3-219 3-220 12-1 24-77777777 26-1414141414 
08-05 22:42:54.199  6580  6580 D AndroidRuntime: CheckJNI is OFF
08-05 22:42:54.201 15866 15866 I Finsky  : [1] xio.a(57): SCH: ConstraintMapping: 24-77777777,  -> L: 0ms, D: 80836726ms, C: false, I: true, N: 0
08-05 22:42:54.202 15866 15866 I Finsky  : [1] xio.a(57): SCH: ConstraintMapping: 1-1337, 12-1,  -> L: 14631ms, D: 40978712ms, C: false, I: false, N: 1
08-05 22:42:54.202 15866 15866 I Finsky  : [1] xio.a(57): SCH: ConstraintMapping: 3-219,  -> L: 0ms, D: 72989322ms, C: false, I: true, N: 2
08-05 22:42:54.203 15866 15866 I Finsky  : [1] xio.a(57): SCH: ConstraintMapping: 3-220,  -> L: 0ms, D: 72989364ms, C: true, I: true, N: 2
08-05 22:42:54.203 15866 15866 I Finsky  : [1] xio.a(57): SCH: ConstraintMapping: 26-1414141414,  -> L: 2426177ms, D: 3326177ms, C: false, I: false, N: 0
08-05 22:42:54.206 15866  6558 I Finsky  : [6535] gzn.a(-1): [ContentSync] finished, scheduled=true
08-05 22:42:54.224  6580  6580 D ICU     : No timezone override file found: /data/misc/zoneinfo/current/icu/icu_tzdata.dat
08-05 22:42:54.238 15866 15866 I Finsky  : [1] xle.a(34): Cancelling existing jobscheduler jobs: 9000 9008 9007 9003 9004 9002 9006 9005 9012 9013 
08-05 22:42:54.238 15866 15866 I Finsky  : [1] xle.a(27): Scheduling job Id: 9001, L: 0, D: 80836726, C: false, I: true, N: 0
08-05 22:42:54.250  6580  6580 I Radio-JNI: register_android_hardware_Radio DONE
08-05 22:42:54.254 15866 15866 I Finsky  : [1] xle.a(27): Scheduling job Id: 9009, L: 14631, D: 40978712, C: false, I: false, N: 1
08-05 22:42:54.256 15866 15866 I Finsky  : [1] xle.a(27): Scheduling job Id: 9010, L: 0, D: 72989322, C: false, I: true, N: 2
08-05 22:42:54.258 15866 15866 I Finsky  : [1] xle.a(27): Scheduling job Id: 9011, L: 0, D: 72989364, C: true, I: true, N: 2
08-05 22:42:54.259 15866 15866 I Finsky  : [1] xle.a(27): Scheduling job Id: 9014, L: 2426177, D: 3326177, C: false, I: false, N: 0
08-05 22:42:54.261 15866 15866 I Finsky  : [1] xle.a(27): Scheduling job Id: 9015, L: 0, D: 80836726, C: false, I: true, N: 0
08-05 22:42:54.262 15866 15866 I Finsky  : [1] xle.a(27): Scheduling job Id: 9016, L: 14631, D: 40978712, C: false, I: false, N: 1
08-05 22:42:54.264 15866 15866 I Finsky  : [1] xle.a(27): Scheduling job Id: 9017, L: 0, D: 72989322, C: false, I: true, N: 2
08-05 22:42:54.265 15866 15866 I Finsky  : [1] xle.a(27): Scheduling job Id: 9018, L: 0, D: 72989364, C: true, I: true, N: 2
08-05 22:42:54.266  6580  6580 D AndroidRuntime: Calling main entry com.android.commands.monkey.Monkey
08-05 22:42:54.267 15866 15866 I Finsky  : [1] xle.a(27): Scheduling job Id: 9019, L: 2426177, D: 3326177, C: false, I: false, N: 0
08-05 22:42:54.287   918   931 W BroadcastQueue: Skipping deliver [background] BroadcastRecord{5f065d5 u-1 android.net.conn.CONNECTIVITY_CHANGE} to ReceiverList{e2071ea 6580 (unknown name)/2000/u-1 remote:218e3bf}: process crashing
08-05 22:42:54.296   918  6110 I ActivityManager: START u0 {act=android.intent.action.MAIN cat=[android.intent.category.LAUNCHER] flg=0x10200000 cmp=baseline.org.quantumbadger.redreader/.activities.MainActivity} from uid 2000 on display 0
08-05 22:42:54.331  6590  6590 I art     : Late-enabling -Xcheck:jni
08-05 22:42:54.333   918  3961 I ActivityManager: Start proc 6590:baseline.org.quantumbadger.redreader/u0a705 for activity baseline.org.quantumbadger.redreader/.activities.MainActivity
08-05 22:42:54.343  6580  6580 I art     : System.exit called, status: 0
08-05 22:42:54.343  6580  6580 I AndroidRuntime: VM exiting with result code 0.
08-05 22:42:54.349 24577  1749 I Icing   : Usage reports ok 10, Failed Usage reports 0, indexed 0, rejected 0
08-05 22:42:54.353 24577 13336 I Icing   : IndexChimeraService.getServiceInterface callingPackage=com.google.android.gms componentName=null serviceId=36
08-05 22:42:54.353 24577  1749 W Icing   : No valid account for uploading user actions
08-05 22:42:54.366 24577  1749 I Icing   : Usage reports ok 0, Failed Usage reports 0, indexed 0, rejected 0
08-05 22:42:54.369 24577  1749 I Icing   : Indexing com.google.android.gms-internal.3p:MobileApplication from com.google.android.gms using seqno 763
08-05 22:42:54.397  6590  6590 W System  : ClassLoader referenced unknown path: /data/app/baseline.org.quantumbadger.redreader-1/lib/arm64
08-05 22:42:54.398 24577  1749 W Icing   : No valid account for uploading user actions
08-05 22:42:54.404 16458  3075 I PBSessionCacheImpl: Deleted sessionId[72384646105454640] from persistence.
08-05 22:42:54.410 16458 16488 W SearchServiceCore: Abort, client detached.
08-05 22:42:54.410 16458 16488 I MicroDetectionState: Should stop hotword detection immediately - true
08-05 22:42:54.412  6590  6590 I RedReader: Application created.
08-05 22:42:54.421  6590  6607 I RedditChangeDataIO: Running initial read...
08-05 22:42:54.428  6590  6590 I RedReader: Checking for new messages.
08-05 22:42:54.432  6590  6607 I RedditChangeDataIO: Data file at '/data/user/0/baseline.org.quantumbadger.redreader/files/rr_change_data.dat'
08-05 22:42:54.432  6590  6607 I RedditChangeDataIO: Data file does not exist. Aborting read.
08-05 22:42:54.433  6590  6607 I RedditChangeDataManager: Pruning for all users...
08-05 22:42:54.433  6590  6607 I RedditChangeDataManager: Pruning complete.
08-05 22:42:54.440 24577  1749 I Icing   : Usage reports ok 1, Failed Usage reports 0, indexed 0, rejected 0
08-05 22:42:54.512  6590  6606 I CacheManager: Pruning 0 files
08-05 22:42:54.528  6590  6590 W art     : Before Android 4.1, method android.graphics.PorterDuffColorFilter androidx.vectordrawable.graphics.drawable.VectorDrawableCompat.updateTintFilter(android.graphics.PorterDuffColorFilter, android.content.res.ColorStateList, android.graphics.PorterDuff$Mode) would have incorrectly overridden the package-private method in android.graphics.drawable.Drawable
08-05 22:42:54.550  6590  6590 I art     : Rejecting re-init on previously-failed class java.lang.Class<androidx.core.view.ViewCompat$2>
08-05 22:42:54.550  6590  6590 I art     : Rejecting re-init on previously-failed class java.lang.Class<androidx.core.view.ViewCompat$2>
08-05 22:42:54.560  6590  6590 I AppCompatViewInflater: app:theme is now deprecated. Please move to using android:theme instead.
08-05 22:42:54.676  6590  6590 I RawObjectDB query string: CREATE TABLE objects(RawObjectDB_id TEXT PRIMARY KEY ON CONFLICT REPLACE,RawObjectDB_timestamp INTEGER,serialised TEXT)
08-05 22:42:54.728  6590  6590 I RawObjectDB query string: CREATE TABLE objects(RawObjectDB_id TEXT PRIMARY KEY ON CONFLICT REPLACE,RawObjectDB_timestamp INTEGER,serialised TEXT)
08-05 22:42:54.815  6590  6609 D OpenGLRenderer: Use EGL_SWAP_BEHAVIOR_PRESERVED: true
08-05 22:42:54.871  6590  6609 I Adreno  : QUALCOMM build                   : fcf4852, I1af360237c
08-05 22:42:54.871  6590  6609 I Adreno  : Build Date                       : 09/23/15
08-05 22:42:54.871  6590  6609 I Adreno  : OpenGL ES Shader Compiler Version: XE031.05.13.02
08-05 22:42:54.871  6590  6609 I Adreno  : Local Branch                     : mybranch14465806
08-05 22:42:54.871  6590  6609 I Adreno  : Remote Branch                    : quic/LA.BF64.1.2.9_v2
08-05 22:42:54.871  6590  6609 I Adreno  : Remote Branch                    : NONE
08-05 22:42:54.871  6590  6609 I Adreno  : Reconstruct Branch               : NOTHING
08-05 22:42:54.882  6590  6609 I OpenGLRenderer: Initialized EGL, version 1.4
08-05 22:42:54.884  5084  5084 I Atfwd_Sendcmd: AtCmdFwd service not ready - Exhausted retry attempts - :6
08-05 22:42:54.884  5084  5084 I Atfwd_Daemon: result : -1 	 ,Init step :2 	 ,qmiErrorCode: 0
08-05 22:42:55.225   918   936 I ActivityManager: Displayed baseline.org.quantumbadger.redreader/.activities.MainActivity: +909ms
08-05 22:42:55.354 24577  1749 I Icing   : Indexing com.google.android.gms-apps from com.google.android.gms
08-05 22:42:55.424 24577  1749 I Icing   : Indexing done com.google.android.gms-apps
08-05 22:42:55.934  6625  6625 D AndroidRuntime: >>>>>> START com.android.internal.os.RuntimeInit uid 2000 <<<<<<
08-05 22:42:55.939  6625  6625 D AndroidRuntime: CheckJNI is OFF
08-05 22:42:55.971  6625  6625 D ICU     : No timezone override file found: /data/misc/zoneinfo/current/icu/icu_tzdata.dat
08-05 22:42:56.023  6625  6625 I Radio-JNI: register_android_hardware_Radio DONE
08-05 22:42:56.041  6625  6625 D AndroidRuntime: Calling main entry com.android.commands.am.Am
08-05 22:42:56.054  3167  3167 I Trepn   : Trepn 6.2s: Received intent: com.quicinc.trepn.start_profiling
08-05 22:42:56.241  3167  3167 W FileUtils: Failed to chmod(/storage/emulated/0/trepn/Trepn_2020.08.05_224256.db): android.system.ErrnoException: chmod failed: EPERM (Operation not permitted)
08-05 22:42:56.423  3167  6651 D OpenGLRenderer: Use EGL_SWAP_BEHAVIOR_PRESERVED: true
08-05 22:42:56.575  3167  3167 I Trepn   : Trepn 6.2s: Trepn has Started Profiling.
08-05 22:42:56.577  6625  6625 D AndroidRuntime: Shutting down VM
08-05 22:42:56.606  3167  6651 I Adreno  : QUALCOMM build                   : fcf4852, I1af360237c
08-05 22:42:56.606  3167  6651 I Adreno  : Build Date                       : 09/23/15
08-05 22:42:56.606  3167  6651 I Adreno  : OpenGL ES Shader Compiler Version: XE031.05.13.02
08-05 22:42:56.606  3167  6651 I Adreno  : Local Branch                     : mybranch14465806
08-05 22:42:56.606  3167  6651 I Adreno  : Remote Branch                    : quic/LA.BF64.1.2.9_v2
08-05 22:42:56.606  3167  6651 I Adreno  : Remote Branch                    : NONE
08-05 22:42:56.606  3167  6651 I Adreno  : Reconstruct Branch               : NOTHING
08-05 22:42:56.618  3167  6651 I OpenGLRenderer: Initialized EGL, version 1.4
08-05 22:42:57.060  6590  6602 I art     : Starting a blocking GC Explicit
08-05 22:42:57.080  6590  6602 I art     : Explicit concurrent mark sweep GC freed 4794(476KB) AllocSpace objects, 8(216KB) LOS objects, 40% free, 20MB/34MB, paused 149us total 19.166ms
08-05 22:42:57.093  6590  6602 I art     : Starting a blocking GC Explicit
08-05 22:42:57.107  6590  6602 I art     : Explicit concurrent mark sweep GC freed 1232(59KB) AllocSpace objects, 0(0B) LOS objects, 40% free, 20MB/34MB, paused 210us total 13.650ms
08-05 22:42:57.117  6590  6602 I art     : Starting a blocking GC Explicit
08-05 22:42:57.128  6590  6602 I art     : Explicit concurrent mark sweep GC freed 3(96B) AllocSpace objects, 0(0B) LOS objects, 40% free, 20MB/34MB, paused 119us total 10.513ms
08-05 22:42:57.136  6590  6602 I art     : Starting a blocking GC Explicit
08-05 22:42:57.147  6590  6602 I art     : Explicit concurrent mark sweep GC freed 3(96B) AllocSpace objects, 0(0B) LOS objects, 40% free, 20MB/34MB, paused 111us total 10.925ms
08-05 22:42:57.155  6590  6602 I art     : Starting a blocking GC Explicit
08-05 22:42:57.166  6590  6602 I art     : Explicit concurrent mark sweep GC freed 3(96B) AllocSpace objects, 0(0B) LOS objects, 40% free, 20MB/34MB, paused 118us total 10.740ms
08-05 22:42:57.433  6590  6603 I art     : Starting a blocking GC Explicit
08-05 22:42:57.445  6590  6603 I art     : Explicit concurrent mark sweep GC freed 1346(78KB) AllocSpace objects, 1(20KB) LOS objects, 40% free, 20MB/34MB, paused 143us total 12.209ms
08-05 22:42:57.453  6590  6603 I art     : Starting a blocking GC Explicit
08-05 22:42:57.464  6590  6603 I art     : Explicit concurrent mark sweep GC freed 20(704B) AllocSpace objects, 0(0B) LOS objects, 40% free, 20MB/34MB, paused 121us total 10.690ms
08-05 22:42:57.472  6590  6603 I art     : Starting a blocking GC Explicit
08-05 22:42:57.483  6590  6603 I art     : Explicit concurrent mark sweep GC freed 3(96B) AllocSpace objects, 0(0B) LOS objects, 40% free, 20MB/34MB, paused 112us total 10.155ms
08-05 22:42:57.491  6590  6603 I art     : Starting a blocking GC Explicit
08-05 22:42:57.501  6590  6603 I art     : Explicit concurrent mark sweep GC freed 3(96B) AllocSpace objects, 0(0B) LOS objects, 40% free, 20MB/34MB, paused 126us total 10.361ms
08-05 22:42:57.509  6590  6603 I art     : Starting a blocking GC Explicit
08-05 22:42:57.519  6590  6603 I art     : Explicit concurrent mark sweep GC freed 3(96B) AllocSpace objects, 0(0B) LOS objects, 40% free, 20MB/34MB, paused 125us total 10.175ms
08-05 22:42:57.816  6590  6614 I art     : Starting a blocking GC Explicit
08-05 22:42:57.832  6590  6614 I art     : Explicit concurrent mark sweep GC freed 1335(78KB) AllocSpace objects, 1(20KB) LOS objects, 40% free, 20MB/34MB, paused 171us total 15.966ms
08-05 22:42:57.843  6590  6614 I art     : Starting a blocking GC Explicit
08-05 22:42:57.854  6590  6614 I art     : Explicit concurrent mark sweep GC freed 20(704B) AllocSpace objects, 0(0B) LOS objects, 40% free, 20MB/34MB, paused 124us total 10.979ms
08-05 22:42:57.862  6590  6614 I art     : Starting a blocking GC Explicit
08-05 22:42:57.873  6590  6614 I art     : Explicit concurrent mark sweep GC freed 3(96B) AllocSpace objects, 0(0B) LOS objects, 40% free, 20MB/34MB, paused 113us total 10.587ms
08-05 22:42:57.881  6590  6614 I art     : Starting a blocking GC Explicit
08-05 22:42:57.892  6590  6614 I art     : Explicit concurrent mark sweep GC freed 3(96B) AllocSpace objects, 0(0B) LOS objects, 40% free, 20MB/34MB, paused 116us total 10.792ms
08-05 22:42:57.900  6590  6614 I art     : Starting a blocking GC Explicit
08-05 22:42:57.911  6590  6614 I art     : Explicit concurrent mark sweep GC freed 3(96B) AllocSpace objects, 0(0B) LOS objects, 40% free, 20MB/34MB, paused 111us total 10.333ms
08-05 22:42:58.197  6590  6602 I art     : Starting a blocking GC Explicit
08-05 22:42:58.210  6590  6602 I art     : Explicit concurrent mark sweep GC freed 1334(78KB) AllocSpace objects, 1(20KB) LOS objects, 40% free, 20MB/34MB, paused 128us total 12.922ms
08-05 22:42:58.219  6590  6602 I art     : Starting a blocking GC Explicit
08-05 22:42:58.230  6590  6602 I art     : Explicit concurrent mark sweep GC freed 20(704B) AllocSpace objects, 0(0B) LOS objects, 40% free, 20MB/34MB, paused 109us total 10.825ms
08-05 22:42:58.238  6590  6602 I art     : Starting a blocking GC Explicit
08-05 22:42:58.248  6590  6602 I art     : Explicit concurrent mark sweep GC freed 3(96B) AllocSpace objects, 0(0B) LOS objects, 40% free, 20MB/34MB, paused 104us total 9.747ms
08-05 22:42:58.255  6590  6602 I art     : Starting a blocking GC Explicit
08-05 22:42:58.265  6590  6602 I art     : Explicit concurrent mark sweep GC freed 3(96B) AllocSpace objects, 0(0B) LOS objects, 40% free, 20MB/34MB, paused 113us total 10.077ms
08-05 22:42:58.273  6590  6602 I art     : Starting a blocking GC Explicit
08-05 22:42:58.284  6590  6602 I art     : Explicit concurrent mark sweep GC freed 3(96B) AllocSpace objects, 0(0B) LOS objects, 40% free, 20MB/34MB, paused 119us total 10.759ms
08-05 22:42:58.577  6590  6603 I art     : Starting a blocking GC Explicit
08-05 22:42:58.593  6590  6603 I art     : Explicit concurrent mark sweep GC freed 1334(78KB) AllocSpace objects, 1(20KB) LOS objects, 40% free, 20MB/34MB, paused 157us total 15.335ms
08-05 22:42:58.603  6590  6603 I art     : Starting a blocking GC Explicit
08-05 22:42:58.614  6590  6603 I art     : Explicit concurrent mark sweep GC freed 20(704B) AllocSpace objects, 0(0B) LOS objects, 40% free, 20MB/34MB, paused 130us total 11.139ms
08-05 22:42:58.623  6590  6603 I art     : Starting a blocking GC Explicit
08-05 22:42:58.634  6590  6603 I art     : Explicit concurrent mark sweep GC freed 3(96B) AllocSpace objects, 0(0B) LOS objects, 40% free, 20MB/34MB, paused 128us total 11.400ms
08-05 22:42:58.642  6590  6603 I art     : Starting a blocking GC Explicit
08-05 22:42:58.652  6590  6603 I art     : Explicit concurrent mark sweep GC freed 3(96B) AllocSpace objects, 0(0B) LOS objects, 40% free, 20MB/34MB, paused 123us total 10.252ms
08-05 22:42:58.660  6590  6603 I art     : Starting a blocking GC Explicit
08-05 22:42:58.671  6590  6603 I art     : Explicit concurrent mark sweep GC freed 3(96B) AllocSpace objects, 0(0B) LOS objects, 40% free, 20MB/34MB, paused 127us total 10.451ms
08-05 22:42:58.979  6590  6614 I art     : Starting a blocking GC Explicit
08-05 22:42:58.999  6590  6614 I art     : Explicit concurrent mark sweep GC freed 1335(78KB) AllocSpace objects, 1(20KB) LOS objects, 40% free, 20MB/34MB, paused 171us total 19.903ms
08-05 22:42:59.012  6590  6614 I art     : Starting a blocking GC Explicit
08-05 22:42:59.027  6590  6614 I art     : Explicit concurrent mark sweep GC freed 20(704B) AllocSpace objects, 0(0B) LOS objects, 40% free, 20MB/34MB, paused 139us total 13.863ms
08-05 22:42:59.038  6590  6614 I art     : Starting a blocking GC Explicit
08-05 22:42:59.050  6590  6614 I art     : Explicit concurrent mark sweep GC freed 3(96B) AllocSpace objects, 0(0B) LOS objects, 40% free, 20MB/34MB, paused 119us total 11.053ms
08-05 22:42:59.058  6590  6614 I art     : Starting a blocking GC Explicit
08-05 22:42:59.068  6590  6614 I art     : Explicit concurrent mark sweep GC freed 3(96B) AllocSpace objects, 0(0B) LOS objects, 40% free, 20MB/34MB, paused 112us total 10.536ms
08-05 22:42:59.077  6590  6614 I art     : Starting a blocking GC Explicit
08-05 22:42:59.088  6590  6614 I art     : Explicit concurrent mark sweep GC freed 3(96B) AllocSpace objects, 0(0B) LOS objects, 40% free, 20MB/34MB, paused 112us total 10.373ms
08-05 22:42:59.377  6590  6602 I art     : Starting a blocking GC Explicit
08-05 22:42:59.392  6590  6602 I art     : Explicit concurrent mark sweep GC freed 1334(78KB) AllocSpace objects, 1(20KB) LOS objects, 40% free, 20MB/34MB, paused 145us total 15.503ms
08-05 22:42:59.403  6590  6602 I art     : Starting a blocking GC Explicit
08-05 22:42:59.414  6590  6602 I art     : Explicit concurrent mark sweep GC freed 20(704B) AllocSpace objects, 0(0B) LOS objects, 40% free, 20MB/34MB, paused 119us total 11.042ms
08-05 22:42:59.422  6590  6602 I art     : Starting a blocking GC Explicit
08-05 22:42:59.433  6590  6602 I art     : Explicit concurrent mark sweep GC freed 3(96B) AllocSpace objects, 0(0B) LOS objects, 40% free, 20MB/34MB, paused 138us total 10.431ms
08-05 22:42:59.441  6590  6602 I art     : Starting a blocking GC Explicit
08-05 22:42:59.452  6590  6602 I art     : Explicit concurrent mark sweep GC freed 3(96B) AllocSpace objects, 0(0B) LOS objects, 40% free, 20MB/34MB, paused 115us total 10.160ms
08-05 22:42:59.459  6590  6602 I art     : Starting a blocking GC Explicit
08-05 22:42:59.470  6590  6602 I art     : Explicit concurrent mark sweep GC freed 3(96B) AllocSpace objects, 0(0B) LOS objects, 40% free, 20MB/34MB, paused 114us total 10.285ms
08-05 22:42:59.805  6590  6603 I art     : Starting a blocking GC Explicit
08-05 22:42:59.823  6590  6603 I art     : Explicit concurrent mark sweep GC freed 1333(78KB) AllocSpace objects, 1(20KB) LOS objects, 40% free, 20MB/34MB, paused 174us total 17.724ms
08-05 22:42:59.836  6590  6603 I art     : Starting a blocking GC Explicit
08-05 22:42:59.848  6590  6603 I art     : Explicit concurrent mark sweep GC freed 20(704B) AllocSpace objects, 0(0B) LOS objects, 40% free, 20MB/34MB, paused 137us total 11.661ms
08-05 22:42:59.857  6590  6603 I art     : Starting a blocking GC Explicit
08-05 22:42:59.868  6590  6603 I art     : Explicit concurrent mark sweep GC freed 3(96B) AllocSpace objects, 0(0B) LOS objects, 40% free, 20MB/34MB, paused 128us total 10.868ms
08-05 22:42:59.876  6590  6603 I art     : Starting a blocking GC Explicit
08-05 22:42:59.887  6590  6603 I art     : Explicit concurrent mark sweep GC freed 3(96B) AllocSpace objects, 0(0B) LOS objects, 40% free, 20MB/34MB, paused 128us total 10.969ms
08-05 22:42:59.895  6590  6603 I art     : Starting a blocking GC Explicit
08-05 22:42:59.907  6590  6603 I art     : Explicit concurrent mark sweep GC freed 3(96B) AllocSpace objects, 0(0B) LOS objects, 40% free, 20MB/34MB, paused 226us total 11.020ms
08-05 22:43:00.202  6590  6614 I art     : Starting a blocking GC Explicit
08-05 22:43:00.219  6590  6614 I art     : Explicit concurrent mark sweep GC freed 1334(78KB) AllocSpace objects, 1(20KB) LOS objects, 40% free, 20MB/34MB, paused 165us total 16.750ms
08-05 22:43:00.230  6590  6614 I art     : Starting a blocking GC Explicit
08-05 22:43:00.241  6590  6614 I art     : Explicit concurrent mark sweep GC freed 20(704B) AllocSpace objects, 0(0B) LOS objects, 40% free, 20MB/34MB, paused 137us total 11.137ms
08-05 22:43:00.250  6590  6614 I art     : Starting a blocking GC Explicit
08-05 22:43:00.260  6590  6614 I art     : Explicit concurrent mark sweep GC freed 3(96B) AllocSpace objects, 0(0B) LOS objects, 40% free, 20MB/34MB, paused 108us total 9.788ms
08-05 22:43:00.268  6590  6614 I art     : Starting a blocking GC Explicit
08-05 22:43:00.278  6590  6614 I art     : Explicit concurrent mark sweep GC freed 3(96B) AllocSpace objects, 0(0B) LOS objects, 40% free, 20MB/34MB, paused 99us total 9.805ms
08-05 22:43:00.285  6590  6614 I art     : Starting a blocking GC Explicit
08-05 22:43:00.294  6590  6614 I art     : Explicit concurrent mark sweep GC freed 3(96B) AllocSpace objects, 0(0B) LOS objects, 40% free, 20MB/34MB, paused 103us total 8.873ms
08-05 22:43:00.563  6590  6602 I art     : Starting a blocking GC Explicit
08-05 22:43:00.580  6590  6602 I art     : Explicit concurrent mark sweep GC freed 1334(78KB) AllocSpace objects, 1(20KB) LOS objects, 40% free, 20MB/34MB, paused 154us total 16.548ms
08-05 22:43:00.591  6590  6602 I art     : Starting a blocking GC Explicit
08-05 22:43:00.603  6590  6602 I art     : Explicit concurrent mark sweep GC freed 20(704B) AllocSpace objects, 0(0B) LOS objects, 40% free, 20MB/34MB, paused 124us total 11.448ms
08-05 22:43:00.611  6590  6602 I art     : Starting a blocking GC Explicit
08-05 22:43:00.622  6590  6602 I art     : Explicit concurrent mark sweep GC freed 3(96B) AllocSpace objects, 0(0B) LOS objects, 40% free, 20MB/34MB, paused 104us total 10.297ms
08-05 22:43:00.629  6590  6602 I art     : Starting a blocking GC Explicit
08-05 22:43:00.640  6590  6602 I art     : Explicit concurrent mark sweep GC freed 3(96B) AllocSpace objects, 0(0B) LOS objects, 40% free, 20MB/34MB, paused 124us total 10.553ms
08-05 22:43:00.648  6590  6602 I art     : Starting a blocking GC Explicit
08-05 22:43:00.659  6590  6602 I art     : Explicit concurrent mark sweep GC freed 3(96B) AllocSpace objects, 0(0B) LOS objects, 40% free, 20MB/34MB, paused 111us total 10.548ms
08-05 22:43:00.970  6590  6603 I art     : Starting a blocking GC Explicit
08-05 22:43:00.984  6590  6603 I art     : Explicit concurrent mark sweep GC freed 1334(78KB) AllocSpace objects, 1(20KB) LOS objects, 40% free, 20MB/34MB, paused 158us total 14.177ms
08-05 22:43:00.995  6590  6603 I art     : Starting a blocking GC Explicit
08-05 22:43:01.009  6590  6603 I art     : Explicit concurrent mark sweep GC freed 20(704B) AllocSpace objects, 0(0B) LOS objects, 40% free, 20MB/34MB, paused 157us total 13.423ms
08-05 22:43:01.019  6590  6603 I art     : Starting a blocking GC Explicit
08-05 22:43:01.030  6590  6603 I art     : Explicit concurrent mark sweep GC freed 3(96B) AllocSpace objects, 0(0B) LOS objects, 40% free, 20MB/34MB, paused 130us total 10.867ms
08-05 22:43:01.038  6590  6603 I art     : Starting a blocking GC Explicit
08-05 22:43:01.050  6590  6603 I art     : Explicit concurrent mark sweep GC freed 3(96B) AllocSpace objects, 0(0B) LOS objects, 40% free, 20MB/34MB, paused 131us total 10.946ms
08-05 22:43:01.058  6590  6603 I art     : Starting a blocking GC Explicit
08-05 22:43:01.069  6590  6603 I art     : Explicit concurrent mark sweep GC freed 3(96B) AllocSpace objects, 0(0B) LOS objects, 40% free, 20MB/34MB, paused 120us total 10.752ms
08-05 22:43:01.369  6590  6614 I art     : Starting a blocking GC Explicit
08-05 22:43:01.382  6590  6614 I art     : Explicit concurrent mark sweep GC freed 1334(78KB) AllocSpace objects, 1(20KB) LOS objects, 40% free, 20MB/34MB, paused 134us total 12.895ms
08-05 22:43:01.391  6590  6614 I art     : Starting a blocking GC Explicit
08-05 22:43:01.402  6590  6614 I art     : Explicit concurrent mark sweep GC freed 20(704B) AllocSpace objects, 0(0B) LOS objects, 40% free, 20MB/34MB, paused 118us total 10.954ms
08-05 22:43:01.411  6590  6614 I art     : Starting a blocking GC Explicit
08-05 22:43:01.421  6590  6614 I art     : Explicit concurrent mark sweep GC freed 3(96B) AllocSpace objects, 0(0B) LOS objects, 40% free, 20MB/34MB, paused 112us total 10.229ms
08-05 22:43:01.429  6590  6614 I art     : Starting a blocking GC Explicit
08-05 22:43:01.439  6590  6614 I art     : Explicit concurrent mark sweep GC freed 3(96B) AllocSpace objects, 0(0B) LOS objects, 40% free, 20MB/34MB, paused 125us total 10.069ms
08-05 22:43:01.447  6590  6614 I art     : Starting a blocking GC Explicit
08-05 22:43:01.457  6590  6614 I art     : Explicit concurrent mark sweep GC freed 3(96B) AllocSpace objects, 0(0B) LOS objects, 40% free, 20MB/34MB, paused 113us total 9.831ms
08-05 22:43:01.695  6590  6602 I art     : Starting a blocking GC Explicit
08-05 22:43:01.706  6590  6602 I art     : Explicit concurrent mark sweep GC freed 1334(78KB) AllocSpace objects, 1(20KB) LOS objects, 40% free, 20MB/34MB, paused 116us total 10.898ms
08-05 22:43:01.714  6590  6602 I art     : Starting a blocking GC Explicit
08-05 22:43:01.725  6590  6602 I art     : Explicit concurrent mark sweep GC freed 20(704B) AllocSpace objects, 0(0B) LOS objects, 40% free, 20MB/34MB, paused 125us total 10.660ms
08-05 22:43:01.734  6590  6602 I art     : Starting a blocking GC Explicit
08-05 22:43:01.744  6590  6602 I art     : Explicit concurrent mark sweep GC freed 3(96B) AllocSpace objects, 0(0B) LOS objects, 40% free, 20MB/34MB, paused 113us total 9.824ms
08-05 22:43:01.751  6590  6602 I art     : Starting a blocking GC Explicit
08-05 22:43:01.761  6590  6602 I art     : Explicit concurrent mark sweep GC freed 3(96B) AllocSpace objects, 0(0B) LOS objects, 40% free, 20MB/34MB, paused 113us total 9.755ms
08-05 22:43:01.769  6590  6602 I art     : Starting a blocking GC Explicit
08-05 22:43:01.779  6590  6602 I art     : Explicit concurrent mark sweep GC freed 3(96B) AllocSpace objects, 0(0B) LOS objects, 40% free, 20MB/34MB, paused 112us total 9.870ms
08-05 22:43:01.927  6799  6799 D AndroidRuntime: >>>>>> START com.android.internal.os.RuntimeInit uid 2000 <<<<<<
08-05 22:43:01.932  6799  6799 D AndroidRuntime: CheckJNI is OFF
08-05 22:43:01.958  6799  6799 D ICU     : No timezone override file found: /data/misc/zoneinfo/current/icu/icu_tzdata.dat
08-05 22:43:01.983  6799  6799 I Radio-JNI: register_android_hardware_Radio DONE
08-05 22:43:01.999  6799  6799 D AndroidRuntime: Calling main entry com.android.commands.input.Input
08-05 22:43:02.000  6799  6799 I Input   : injectMotionEvent: MotionEvent { action=ACTION_DOWN, actionButton=0, id[0]=0, x[0]=720.0, y[0]=1440.0, toolType[0]=TOOL_TYPE_UNKNOWN, buttonState=0, metaState=0, flags=0x0, edgeFlags=0x0, pointerCount=1, historySize=0, eventTime=830598413, downTime=830598413, deviceId=0, source=0x1002 }
08-05 22:43:02.004  6799  6799 I Input   : injectMotionEvent: MotionEvent { action=ACTION_UP, actionButton=0, id[0]=0, x[0]=720.0, y[0]=1440.0, toolType[0]=TOOL_TYPE_UNKNOWN, buttonState=0, metaState=0, flags=0x0, edgeFlags=0x0, pointerCount=1, historySize=0, eventTime=830598413, downTime=830598413, deviceId=0, source=0x1002 }
08-05 22:43:02.006  6799  6799 D AndroidRuntime: Shutting down VM
08-05 22:43:02.013   512  2967 D audio_hw_primary: out_set_parameters: enter: usecase(1: low-latency-playback) kvpairs: routing=2
08-05 22:43:02.025 13866 13866 I GoogleInputMethodServic: GoogleInputMethodService.onFinishInput():3138 
08-05 22:43:02.026   512  2967 D audio_hw_primary: select_devices: out_snd_device(2: speaker) in_snd_device(0: none)
08-05 22:43:02.027   512  2967 D msm8974_platform: platform_send_audio_calibration: sending audio calibration for snd_device(2) acdb_id(15)
08-05 22:43:02.027   512  2967 I soundtrigger: audio_extn_sound_trigger_update_device_status: device 0x2 of type 0 for Event 1
08-05 22:43:02.030 13866 13866 I GoogleInputMethodServic: GoogleInputMethodService.onStartInput():1808 
08-05 22:43:02.039   512  2967 D audio_hw_primary: enable_snd_device: snd_device(2: speaker)
08-05 22:43:02.040  6590  6603 I art     : Starting a blocking GC Explicit
08-05 22:43:02.041   512  2967 D audio_hw_primary: enable_audio_route: apply and update mixer path: low-latency-playback speaker
08-05 22:43:02.052  6590  6603 I art     : Explicit concurrent mark sweep GC freed 1448(82KB) AllocSpace objects, 1(20KB) LOS objects, 40% free, 20MB/34MB, paused 154us total 11.673ms
08-05 22:43:02.060  6590  6603 I art     : Starting a blocking GC Explicit
08-05 22:43:02.071  6590  6603 I art     : Explicit concurrent mark sweep GC freed 991(69KB) AllocSpace objects, 1(76KB) LOS objects, 40% free, 20MB/34MB, paused 127us total 10.887ms
08-05 22:43:02.079  6590  6603 I art     : Starting a blocking GC Explicit
08-05 22:43:02.090  6590  6603 I art     : Explicit concurrent mark sweep GC freed 3(96B) AllocSpace objects, 0(0B) LOS objects, 40% free, 20MB/34MB, paused 120us total 10.245ms
08-05 22:43:02.097  6590  6603 I art     : Starting a blocking GC Explicit
08-05 22:43:02.108  6590  6603 I art     : Explicit concurrent mark sweep GC freed 3(96B) AllocSpace objects, 0(0B) LOS objects, 40% free, 20MB/34MB, paused 121us total 10.233ms
08-05 22:43:02.116  6590  6603 I art     : Starting a blocking GC Explicit
08-05 22:43:02.127  6590  6603 I art     : Explicit concurrent mark sweep GC freed 3(96B) AllocSpace objects, 0(0B) LOS objects, 40% free, 20MB/34MB, paused 120us total 11.021ms
08-05 22:43:02.209   380   380 W SurfaceFlinger: couldn't log to binary event log: overflow.
08-05 22:43:02.333  6590  6602 I art     : Starting a blocking GC Explicit
08-05 22:43:02.343  6590  6602 I art     : Explicit concurrent mark sweep GC freed 1334(78KB) AllocSpace objects, 1(20KB) LOS objects, 40% free, 20MB/34MB, paused 115us total 10.452ms
08-05 22:43:02.352  6590  6602 I art     : Starting a blocking GC Explicit
08-05 22:43:02.363  6590  6602 I art     : Explicit concurrent mark sweep GC freed 20(704B) AllocSpace objects, 0(0B) LOS objects, 40% free, 20MB/34MB, paused 122us total 10.597ms
08-05 22:43:02.371  6590  6602 I art     : Starting a blocking GC Explicit
08-05 22:43:02.382  6590  6602 I art     : Explicit concurrent mark sweep GC freed 3(96B) AllocSpace objects, 0(0B) LOS objects, 40% free, 20MB/34MB, paused 124us total 10.319ms
08-05 22:43:02.390  6590  6602 I art     : Starting a blocking GC Explicit
08-05 22:43:02.401  6590  6602 I art     : Explicit concurrent mark sweep GC freed 3(96B) AllocSpace objects, 0(0B) LOS objects, 40% free, 20MB/34MB, paused 127us total 10.297ms
08-05 22:43:02.409  6590  6602 I art     : Starting a blocking GC Explicit
08-05 22:43:02.419  6590  6602 I art     : Explicit concurrent mark sweep GC freed 3(96B) AllocSpace objects, 0(0B) LOS objects, 40% free, 20MB/34MB, paused 123us total 10.297ms
08-05 22:43:02.574  6830  6830 D AndroidRuntime: >>>>>> START com.android.internal.os.RuntimeInit uid 2000 <<<<<<
08-05 22:43:02.578  6830  6830 D AndroidRuntime: CheckJNI is OFF
08-05 22:43:02.578   512  2967 D audio_hw_primary: disable_audio_route: reset and update mixer path: low-latency-playback speaker
08-05 22:43:02.579   512  2967 D audio_hw_primary: disable_snd_device: snd_device(2: speaker)
08-05 22:43:02.587   512  2967 I soundtrigger: audio_extn_sound_trigger_update_device_status: device 0x2 of type 0 for Event 0
08-05 22:43:02.603  6830  6830 D ICU     : No timezone override file found: /data/misc/zoneinfo/current/icu/icu_tzdata.dat
08-05 22:43:02.627  6830  6830 I Radio-JNI: register_android_hardware_Radio DONE
08-05 22:43:02.643  6830  6830 D AndroidRuntime: Calling main entry com.android.commands.input.Input
08-05 22:43:02.645  6830  6830 I Input   : injectMotionEvent: MotionEvent { action=ACTION_DOWN, actionButton=0, id[0]=0, x[0]=1345.0, y[0]=165.0, toolType[0]=TOOL_TYPE_UNKNOWN, buttonState=0, metaState=0, flags=0x0, edgeFlags=0x0, pointerCount=1, historySize=0, eventTime=830599057, downTime=830599057, deviceId=0, source=0x1002 }
08-05 22:43:02.649  6830  6830 I Input   : injectMotionEvent: MotionEvent { action=ACTION_UP, actionButton=0, id[0]=0, x[0]=1345.0, y[0]=165.0, toolType[0]=TOOL_TYPE_UNKNOWN, buttonState=0, metaState=0, flags=0x0, edgeFlags=0x0, pointerCount=1, historySize=0, eventTime=830599057, downTime=830599057, deviceId=0, source=0x1002 }
08-05 22:43:02.650  6830  6830 D AndroidRuntime: Shutting down VM
08-05 22:43:02.662   512  2967 D audio_hw_primary: out_set_parameters: enter: usecase(1: low-latency-playback) kvpairs: routing=2
08-05 22:43:02.662  6590  6590 W art     : Before Android 4.1, method int androidx.appcompat.widget.DropDownListView.lookForSelectablePosition(int, boolean) would have incorrectly overridden the package-private method in android.widget.ListView
08-05 22:43:02.666  6590  6590 W art     : Before Android 4.1, method int androidx.appcompat.widget.MenuPopupWindow$MenuDropDownListView.lookForSelectablePosition(int, boolean) would have incorrectly overridden the package-private method in android.widget.ListView
08-05 22:43:02.667  6590  6603 I art     : Starting a blocking GC Explicit
08-05 22:43:02.670  6590  6590 I ListPopupWindow: Could not find method setEpicenterBounds(Rect) on PopupWindow. Oh well.
08-05 22:43:02.675   512  2967 D audio_hw_primary: select_devices: out_snd_device(2: speaker) in_snd_device(0: none)
08-05 22:43:02.675   512  2967 D msm8974_platform: platform_send_audio_calibration: sending audio calibration for snd_device(2) acdb_id(15)
08-05 22:43:02.675   512  2967 I soundtrigger: audio_extn_sound_trigger_update_device_status: device 0x2 of type 0 for Event 1
08-05 22:43:02.683  6590  6603 I art     : Explicit concurrent mark sweep GC freed 1643(150KB) AllocSpace objects, 1(20KB) LOS objects, 40% free, 20MB/34MB, paused 847us total 15.586ms
08-05 22:43:02.688   512  2967 D audio_hw_primary: enable_snd_device: snd_device(2: speaker)
08-05 22:43:02.690   512  2967 D audio_hw_primary: enable_audio_route: apply and update mixer path: low-latency-playback speaker
08-05 22:43:02.690  6590  6603 I art     : Starting a blocking GC Explicit
08-05 22:43:02.701  6590  6603 I art     : Explicit concurrent mark sweep GC freed 360(62KB) AllocSpace objects, 0(0B) LOS objects, 40% free, 20MB/34MB, paused 134us total 10.513ms
08-05 22:43:02.709  6590  6603 I art     : Starting a blocking GC Explicit
08-05 22:43:02.719  6590  6603 I art     : Explicit concurrent mark sweep GC freed 91(4KB) AllocSpace objects, 0(0B) LOS objects, 40% free, 20MB/34MB, paused 227us total 10.188ms
08-05 22:43:02.727  6590  6603 I art     : Starting a blocking GC Explicit
08-05 22:43:02.731   512  2967 D AudioFlinger: mixer(0xf4740000) throttle end: throttle time(12)
08-05 22:43:02.738  6590  6603 I art     : Explicit concurrent mark sweep GC freed 251(15KB) AllocSpace objects, 0(0B) LOS objects, 40% free, 20MB/34MB, paused 161us total 10.503ms
08-05 22:43:02.746  6590  6603 I art     : Starting a blocking GC Explicit
08-05 22:43:02.757  6590  6603 I art     : Explicit concurrent mark sweep GC freed 71(2976B) AllocSpace objects, 0(0B) LOS objects, 40% free, 20MB/34MB, paused 163us total 10.884ms
08-05 22:43:02.992  6590  6602 I art     : Starting a blocking GC Explicit
08-05 22:43:03.003  6590  6602 I art     : Explicit concurrent mark sweep GC freed 2393(140KB) AllocSpace objects, 1(20KB) LOS objects, 40% free, 20MB/34MB, paused 124us total 10.832ms
08-05 22:43:03.011  6590  6602 I art     : Starting a blocking GC Explicit
08-05 22:43:03.022  6590  6602 I art     : Explicit concurrent mark sweep GC freed 34(1440B) AllocSpace objects, 0(0B) LOS objects, 40% free, 20MB/34MB, paused 117us total 11.142ms
08-05 22:43:03.030  6590  6602 I art     : Starting a blocking GC Explicit
08-05 22:43:03.041  6590  6602 I art     : Explicit concurrent mark sweep GC freed 3(96B) AllocSpace objects, 0(0B) LOS objects, 40% free, 20MB/34MB, paused 112us total 10.636ms
08-05 22:43:03.049  6590  6602 I art     : Starting a blocking GC Explicit
08-05 22:43:03.059  6590  6602 I art     : Explicit concurrent mark sweep GC freed 9(288B) AllocSpace objects, 0(0B) LOS objects, 40% free, 20MB/34MB, paused 122us total 10.125ms
08-05 22:43:03.067  6590  6602 I art     : Starting a blocking GC Explicit
08-05 22:43:03.077  6590  6602 I art     : Explicit concurrent mark sweep GC freed 3(96B) AllocSpace objects, 0(0B) LOS objects, 40% free, 20MB/34MB, paused 114us total 10.049ms
08-05 22:43:03.190  6863  6863 D AndroidRuntime: >>>>>> START com.android.internal.os.RuntimeInit uid 2000 <<<<<<
08-05 22:43:03.194  6863  6863 D AndroidRuntime: CheckJNI is OFF
08-05 22:43:03.218  6863  6863 D ICU     : No timezone override file found: /data/misc/zoneinfo/current/icu/icu_tzdata.dat
08-05 22:43:03.218   512  2967 D audio_hw_primary: disable_audio_route: reset and update mixer path: low-latency-playback speaker
08-05 22:43:03.219   512  2967 D audio_hw_primary: disable_snd_device: snd_device(2: speaker)
08-05 22:43:03.227   512  2967 I soundtrigger: audio_extn_sound_trigger_update_device_status: device 0x2 of type 0 for Event 0
08-05 22:43:03.241  6863  6863 I Radio-JNI: register_android_hardware_Radio DONE
08-05 22:43:03.257  6863  6863 D AndroidRuntime: Calling main entry com.android.commands.input.Input
08-05 22:43:03.258  6863  6863 I Input   : injectMotionEvent: MotionEvent { action=ACTION_DOWN, actionButton=0, id[0]=0, x[0]=940.0, y[0]=501.0, toolType[0]=TOOL_TYPE_UNKNOWN, buttonState=0, metaState=0, flags=0x0, edgeFlags=0x0, pointerCount=1, historySize=0, eventTime=830599671, downTime=830599671, deviceId=0, source=0x1002 }
08-05 22:43:03.263  6863  6863 I Input   : injectMotionEvent: MotionEvent { action=ACTION_UP, actionButton=0, id[0]=0, x[0]=940.0, y[0]=501.0, toolType[0]=TOOL_TYPE_UNKNOWN, buttonState=0, metaState=0, flags=0x0, edgeFlags=0x0, pointerCount=1, historySize=0, eventTime=830599671, downTime=830599671, deviceId=0, source=0x1002 }
08-05 22:43:03.265  6863  6863 D AndroidRuntime: Shutting down VM
08-05 22:43:03.322  6590  6614 I art     : Starting a blocking GC Explicit
08-05 22:43:03.332   512  2967 D audio_hw_primary: out_set_parameters: enter: usecase(1: low-latency-playback) kvpairs: routing=2
08-05 22:43:03.332   918  3714 I ActivityManager: START u0 {cmp=baseline.org.quantumbadger.redreader/.settings.SettingsActivity} from uid 10705 on display 0
08-05 22:43:03.334  6590  6614 I art     : Explicit concurrent mark sweep GC freed 1358(86KB) AllocSpace objects, 1(20KB) LOS objects, 40% free, 20MB/34MB, paused 137us total 11.697ms
08-05 22:43:03.343  6590  6614 I art     : Starting a blocking GC Explicit
08-05 22:43:03.345   512  2967 D audio_hw_primary: select_devices: out_snd_device(2: speaker) in_snd_device(0: none)
08-05 22:43:03.345   512  2967 D msm8974_platform: platform_send_audio_calibration: sending audio calibration for snd_device(2) acdb_id(15)
08-05 22:43:03.345   512  2967 I soundtrigger: audio_extn_sound_trigger_update_device_status: device 0x2 of type 0 for Event 1
08-05 22:43:03.351 13866 13866 I GoogleInputMethodServic: GoogleInputMethodService.onFinishInput():3138 
08-05 22:43:03.353 13866 13866 I GoogleInputMethodServic: GoogleInputMethodService.onStartInput():1808 
08-05 22:43:03.359  6590  6614 I art     : Explicit concurrent mark sweep GC freed 399(27KB) AllocSpace objects, 0(0B) LOS objects, 40% free, 20MB/34MB, paused 160us total 15.395ms
08-05 22:43:03.362   512  2967 D audio_hw_primary: enable_snd_device: snd_device(2: speaker)
08-05 22:43:03.364   512  2967 D audio_hw_primary: enable_audio_route: apply and update mixer path: low-latency-playback speaker
08-05 22:43:03.367  6590  6614 I art     : Starting a blocking GC Explicit
08-05 22:43:03.379  6590  6614 I art     : Explicit concurrent mark sweep GC freed 354(69KB) AllocSpace objects, 0(0B) LOS objects, 40% free, 21MB/35MB, paused 291us total 11.397ms
08-05 22:43:03.387  6590  6614 I art     : Starting a blocking GC Explicit
08-05 22:43:03.399  6590  6614 I art     : Explicit concurrent mark sweep GC freed 506(69KB) AllocSpace objects, 0(0B) LOS objects, 40% free, 21MB/35MB, paused 199us total 11.497ms
08-05 22:43:03.405   512  2967 D AudioFlinger: mixer(0xf4740000) throttle end: throttle time(12)
08-05 22:43:03.406  6590  6614 I art     : Starting a blocking GC Explicit
08-05 22:43:03.417  6590  6614 I art     : Explicit concurrent mark sweep GC freed 109(4KB) AllocSpace objects, 0(0B) LOS objects, 40% free, 21MB/35MB, paused 140us total 10.810ms
08-05 22:43:03.475   918   936 I ActivityManager: Displayed baseline.org.quantumbadger.redreader/.settings.SettingsActivity: +120ms
08-05 22:43:03.475 13866 13866 I GoogleInputMethodServic: GoogleInputMethodService.onFinishInput():3138 
08-05 22:43:03.477 13866 13866 I GoogleInputMethodServic: GoogleInputMethodService.onStartInput():1808 
08-05 22:43:03.528  6590  6609 D OpenGLRenderer: endAllStagingAnimators on 0x7f94ac4000 (MenuPopupWindow$MenuDropDownListView) with handle 0x7f802ff1a0
08-05 22:43:03.651  6590  6614 I art     : Starting a blocking GC Explicit
08-05 22:43:03.666  6590  6614 I art     : Explicit concurrent mark sweep GC freed 1897(104KB) AllocSpace objects, 1(20KB) LOS objects, 40% free, 21MB/35MB, paused 279us total 15.494ms
08-05 22:43:03.675  6590  6614 I art     : Starting a blocking GC Explicit
08-05 22:43:03.689  6590  6614 I art     : Explicit concurrent mark sweep GC freed 198(8KB) AllocSpace objects, 0(0B) LOS objects, 40% free, 21MB/35MB, paused 136us total 13.439ms
08-05 22:43:03.699  6590  6614 I art     : Starting a blocking GC Explicit
08-05 22:43:03.712   380   380 W SurfaceFlinger: couldn't log to binary event log: overflow.
08-05 22:43:03.713  6590  6614 I art     : Explicit concurrent mark sweep GC freed 24(1024B) AllocSpace objects, 0(0B) LOS objects, 40% free, 21MB/35MB, paused 158us total 13.764ms
08-05 22:43:03.723  6590  6614 I art     : Starting a blocking GC Explicit
08-05 22:43:03.735  6590  6614 I art     : Explicit concurrent mark sweep GC freed 3(96B) AllocSpace objects, 0(0B) LOS objects, 40% free, 21MB/35MB, paused 116us total 10.999ms
08-05 22:43:03.743  6590  6614 I art     : Starting a blocking GC Explicit
08-05 22:43:03.753  6590  6614 I art     : Explicit concurrent mark sweep GC freed 3(96B) AllocSpace objects, 0(0B) LOS objects, 40% free, 21MB/35MB, paused 130us total 10.504ms
08-05 22:43:03.814  6896  6896 D AndroidRuntime: >>>>>> START com.android.internal.os.RuntimeInit uid 2000 <<<<<<
08-05 22:43:03.818  6896  6896 D AndroidRuntime: CheckJNI is OFF
08-05 22:43:03.842  6896  6896 D ICU     : No timezone override file found: /data/misc/zoneinfo/current/icu/icu_tzdata.dat
08-05 22:43:03.867  6896  6896 I Radio-JNI: register_android_hardware_Radio DONE
08-05 22:43:03.883  6896  6896 D AndroidRuntime: Calling main entry com.android.commands.input.Input
08-05 22:43:03.885  6896  6896 I Input   : injectMotionEvent: MotionEvent { action=ACTION_DOWN, actionButton=0, id[0]=0, x[0]=216.0, y[0]=853.0, toolType[0]=TOOL_TYPE_UNKNOWN, buttonState=0, metaState=0, flags=0x0, edgeFlags=0x0, pointerCount=1, historySize=0, eventTime=830600297, downTime=830600297, deviceId=0, source=0x1002 }
08-05 22:43:03.889   512  2967 D audio_hw_primary: disable_audio_route: reset and update mixer path: low-latency-playback speaker
08-05 22:43:03.890   512  2967 D audio_hw_primary: disable_snd_device: snd_device(2: speaker)
08-05 22:43:03.891  6896  6896 I Input   : injectMotionEvent: MotionEvent { action=ACTION_UP, actionButton=0, id[0]=0, x[0]=216.0, y[0]=853.0, toolType[0]=TOOL_TYPE_UNKNOWN, buttonState=0, metaState=0, flags=0x0, edgeFlags=0x0, pointerCount=1, historySize=0, eventTime=830600297, downTime=830600297, deviceId=0, source=0x1002 }
08-05 22:43:03.893  6896  6896 D AndroidRuntime: Shutting down VM
08-05 22:43:03.899   512  2967 I soundtrigger: audio_extn_sound_trigger_update_device_status: device 0x2 of type 0 for Event 0
08-05 22:43:03.958   918  6112 I ActivityManager: START u0 {act=android.intent.action.MAIN cmp=baseline.org.quantumbadger.redreader/.settings.SettingsActivity (has extras)} from uid 10705 on display 0
08-05 22:43:03.959   512  2967 D audio_hw_primary: out_set_parameters: enter: usecase(1: low-latency-playback) kvpairs: routing=2
08-05 22:43:03.972   512  2967 D audio_hw_primary: select_devices: out_snd_device(2: speaker) in_snd_device(0: none)
08-05 22:43:03.972   512  2967 D msm8974_platform: platform_send_audio_calibration: sending audio calibration for snd_device(2) acdb_id(15)
08-05 22:43:03.972   512  2967 I soundtrigger: audio_extn_sound_trigger_update_device_status: device 0x2 of type 0 for Event 1
08-05 22:43:03.982   512  2967 D audio_hw_primary: enable_snd_device: snd_device(2: speaker)
08-05 22:43:03.984   512  2967 D audio_hw_primary: enable_audio_route: apply and update mixer path: low-latency-playback speaker
08-05 22:43:03.985  6590  6614 I art     : Starting a blocking GC Explicit
08-05 22:43:04.000  6590  6614 I art     : Explicit concurrent mark sweep GC freed 2259(181KB) AllocSpace objects, 2(40KB) LOS objects, 40% free, 21MB/35MB, paused 306us total 13.873ms
08-05 22:43:04.009  6590  6614 I art     : Starting a blocking GC Explicit
08-05 22:43:04.022  6590  6614 I art     : Explicit concurrent mark sweep GC freed 641(46KB) AllocSpace objects, 0(0B) LOS objects, 40% free, 21MB/35MB, paused 142us total 13.108ms
08-05 22:43:04.026   512  2967 D AudioFlinger: mixer(0xf4740000) throttle end: throttle time(12)
08-05 22:43:04.030  6590  6614 I art     : Starting a blocking GC Explicit
08-05 22:43:04.042  6590  6614 I art     : Explicit concurrent mark sweep GC freed 65(2944B) AllocSpace objects, 0(0B) LOS objects, 40% free, 21MB/35MB, paused 127us total 11.603ms
08-05 22:43:04.050  6590  6614 I art     : Starting a blocking GC Explicit
08-05 22:43:04.069  6590  6614 I art     : Explicit concurrent mark sweep GC freed 130(28KB) AllocSpace objects, 0(0B) LOS objects, 40% free, 21MB/35MB, paused 434us total 18.772ms
08-05 22:43:04.078  6590  6614 I art     : Starting a blocking GC Explicit
08-05 22:43:04.092  6590  6614 I art     : Explicit concurrent mark sweep GC freed 14879(618KB) AllocSpace objects, 0(0B) LOS objects, 40% free, 21MB/36MB, paused 344us total 14.484ms
08-05 22:43:04.252 13866 13866 I GoogleInputMethodServic: GoogleInputMethodService.onFinishInput():3138 
08-05 22:43:04.253   918   936 I ActivityManager: Displayed baseline.org.quantumbadger.redreader/.settings.SettingsActivity: +285ms
08-05 22:43:04.255 13866 13866 I GoogleInputMethodServic: GoogleInputMethodService.onStartInput():1808 
08-05 22:43:04.268  6590  6609 D OpenGLRenderer: endAllStagingAnimators on 0x7f806be400 (ListView) with handle 0x7f802ff020
08-05 22:43:04.329  6590  6603 I art     : Starting a blocking GC Explicit
08-05 22:43:04.348  6590  6603 I art     : Explicit concurrent mark sweep GC freed 65947(2MB) AllocSpace objects, 1(20KB) LOS objects, 40% free, 22MB/37MB, paused 159us total 19.134ms
08-05 22:43:04.357  6590  6603 I art     : Starting a blocking GC Explicit
08-05 22:43:04.372  6590  6603 I art     : Explicit concurrent mark sweep GC freed 2386(209KB) AllocSpace objects, 0(0B) LOS objects, 40% free, 22MB/36MB, paused 129us total 14.354ms
08-05 22:43:04.381  6590  6603 I art     : Starting a blocking GC Explicit
08-05 22:43:04.396  6590  6603 I art     : Explicit concurrent mark sweep GC freed 3(96B) AllocSpace objects, 0(0B) LOS objects, 40% free, 22MB/36MB, paused 162us total 15.015ms
08-05 22:43:04.406  6590  6603 I art     : Starting a blocking GC Explicit
08-05 22:43:04.421  6590  6603 I art     : Explicit concurrent mark sweep GC freed 59(2448B) AllocSpace objects, 0(0B) LOS objects, 40% free, 22MB/36MB, paused 128us total 15.348ms
08-05 22:43:04.425  6928  6928 D AndroidRuntime: >>>>>> START com.android.internal.os.RuntimeInit uid 2000 <<<<<<
08-05 22:43:04.430  6928  6928 D AndroidRuntime: CheckJNI is OFF
08-05 22:43:04.431  6590  6603 I art     : Starting a blocking GC Explicit
08-05 22:43:04.445  6590  6603 I art     : Explicit concurrent mark sweep GC freed 5(240B) AllocSpace objects, 0(0B) LOS objects, 40% free, 22MB/36MB, paused 140us total 14.213ms
08-05 22:43:04.459  6928  6928 D ICU     : No timezone override file found: /data/misc/zoneinfo/current/icu/icu_tzdata.dat
08-05 22:43:04.484  6928  6928 I Radio-JNI: register_android_hardware_Radio DONE
08-05 22:43:04.495   380   380 W SurfaceFlinger: couldn't log to binary event log: overflow.
08-05 22:43:04.500  6928  6928 D AndroidRuntime: Calling main entry com.android.commands.input.Input
08-05 22:43:04.501  6928  6928 I Input   : injectMotionEvent: MotionEvent { action=ACTION_DOWN, actionButton=0, id[0]=0, x[0]=1318.0, y[0]=1194.0, toolType[0]=TOOL_TYPE_UNKNOWN, buttonState=0, metaState=0, flags=0x0, edgeFlags=0x0, pointerCount=1, historySize=0, eventTime=830600914, downTime=830600914, deviceId=0, source=0x1002 }
08-05 22:43:04.506  6928  6928 I Input   : injectMotionEvent: MotionEvent { action=ACTION_UP, actionButton=0, id[0]=0, x[0]=1318.0, y[0]=1194.0, toolType[0]=TOOL_TYPE_UNKNOWN, buttonState=0, metaState=0, flags=0x0, edgeFlags=0x0, pointerCount=1, historySize=0, eventTime=830600914, downTime=830600914, deviceId=0, source=0x1002 }
08-05 22:43:04.508  6928  6928 D AndroidRuntime: Shutting down VM
08-05 22:43:04.518   512  2967 D audio_hw_primary: disable_audio_route: reset and update mixer path: low-latency-playback speaker
08-05 22:43:04.520   512  2967 D audio_hw_primary: disable_snd_device: snd_device(2: speaker)
08-05 22:43:04.528   512  2967 I soundtrigger: audio_extn_sound_trigger_update_device_status: device 0x2 of type 0 for Event 0
08-05 22:43:04.577   512  2967 D audio_hw_primary: out_set_parameters: enter: usecase(1: low-latency-playback) kvpairs: routing=2
08-05 22:43:04.591   512  2967 D audio_hw_primary: select_devices: out_snd_device(2: speaker) in_snd_device(0: none)
08-05 22:43:04.591   512  2967 D msm8974_platform: platform_send_audio_calibration: sending audio calibration for snd_device(2) acdb_id(15)
08-05 22:43:04.591   512  2967 I soundtrigger: audio_extn_sound_trigger_update_device_status: device 0x2 of type 0 for Event 1
08-05 22:43:04.605   512  2967 D audio_hw_primary: enable_snd_device: snd_device(2: speaker)
08-05 22:43:04.608   512  2967 D audio_hw_primary: enable_audio_route: apply and update mixer path: low-latency-playback speaker
08-05 22:43:04.651   512  2967 D AudioFlinger: mixer(0xf4740000) throttle end: throttle time(12)
08-05 22:43:04.691  6590  6602 I art     : Starting a blocking GC Explicit
08-05 22:43:04.708  6590  6602 I art     : Explicit concurrent mark sweep GC freed 2039(124KB) AllocSpace objects, 2(40KB) LOS objects, 40% free, 22MB/36MB, paused 153us total 16.007ms
08-05 22:43:04.717  6590  6602 I art     : Starting a blocking GC Explicit
08-05 22:43:04.732  6590  6602 I art     : Explicit concurrent mark sweep GC freed 74(2928B) AllocSpace objects, 0(0B) LOS objects, 40% free, 22MB/36MB, paused 128us total 15.461ms
08-05 22:43:04.742  6590  6602 I art     : Starting a blocking GC Explicit
08-05 22:43:04.756  6590  6602 I art     : Explicit concurrent mark sweep GC freed 22(880B) AllocSpace objects, 0(0B) LOS objects, 40% free, 22MB/36MB, paused 129us total 14.187ms
08-05 22:43:04.765  6590  6602 I art     : Starting a blocking GC Explicit
08-05 22:43:04.780  6590  6602 I art     : Explicit concurrent mark sweep GC freed 48(2160B) AllocSpace objects, 0(0B) LOS objects, 40% free, 22MB/36MB, paused 222us total 14.676ms
08-05 22:43:04.788  6590  6602 I art     : Starting a blocking GC Explicit
08-05 22:43:04.801  6590  6602 I art     : Explicit concurrent mark sweep GC freed 26(1088B) AllocSpace objects, 0(0B) LOS objects, 40% free, 22MB/36MB, paused 117us total 12.907ms
08-05 22:43:04.885  5084  5084 I ServiceManager: Waiting for service AtCmdFwd...
08-05 22:43:05.035  6960  6960 D AndroidRuntime: >>>>>> START com.android.internal.os.RuntimeInit uid 2000 <<<<<<
08-05 22:43:05.039  6960  6960 D AndroidRuntime: CheckJNI is OFF
08-05 22:43:05.055  6590  6603 I art     : Starting a blocking GC Explicit
08-05 22:43:05.066  6960  6960 D ICU     : No timezone override file found: /data/misc/zoneinfo/current/icu/icu_tzdata.dat
08-05 22:43:05.070  6590  6603 I art     : Explicit concurrent mark sweep GC freed 1440(82KB) AllocSpace objects, 1(20KB) LOS objects, 40% free, 22MB/36MB, paused 124us total 14.611ms
08-05 22:43:05.080  6590  6603 I art     : Starting a blocking GC Explicit
08-05 22:43:05.092  6960  6960 I Radio-JNI: register_android_hardware_Radio DONE
08-05 22:43:05.094  6590  6603 I art     : Explicit concurrent mark sweep GC freed 65(2192B) AllocSpace objects, 0(0B) LOS objects, 40% free, 22MB/36MB, paused 141us total 14.245ms
08-05 22:43:05.102  6590  6603 I art     : Starting a blocking GC Explicit
08-05 22:43:05.109  6960  6960 D AndroidRuntime: Calling main entry com.android.commands.input.Input
08-05 22:43:05.110  6960  6960 I Input   : injectMotionEvent: MotionEvent { action=ACTION_DOWN, actionButton=0, id[0]=0, x[0]=1309.0, y[0]=1701.0, toolType[0]=TOOL_TYPE_UNKNOWN, buttonState=0, metaState=0, flags=0x0, edgeFlags=0x0, pointerCount=1, historySize=0, eventTime=830601523, downTime=830601523, deviceId=0, source=0x1002 }
08-05 22:43:05.114  6960  6960 I Input   : injectMotionEvent: MotionEvent { action=ACTION_UP, actionButton=0, id[0]=0, x[0]=1309.0, y[0]=1701.0, toolType[0]=TOOL_TYPE_UNKNOWN, buttonState=0, metaState=0, flags=0x0, edgeFlags=0x0, pointerCount=1, historySize=0, eventTime=830601523, downTime=830601523, deviceId=0, source=0x1002 }
08-05 22:43:05.116  6590  6603 I art     : Explicit concurrent mark sweep GC freed 32(1376B) AllocSpace objects, 0(0B) LOS objects, 40% free, 22MB/36MB, paused 162us total 13.656ms
08-05 22:43:05.117  6960  6960 D AndroidRuntime: Shutting down VM
08-05 22:43:05.125  6590  6603 I art     : Starting a blocking GC Explicit
08-05 22:43:05.139  6590  6603 I art     : Explicit concurrent mark sweep GC freed 67(2720B) AllocSpace objects, 0(0B) LOS objects, 40% free, 22MB/36MB, paused 121us total 13.608ms
08-05 22:43:05.141   512  2967 D audio_hw_primary: disable_audio_route: reset and update mixer path: low-latency-playback speaker
08-05 22:43:05.142   512  2967 D audio_hw_primary: disable_snd_device: snd_device(2: speaker)
08-05 22:43:05.147  6590  6603 I art     : Starting a blocking GC Explicit
08-05 22:43:05.150   512  2967 I soundtrigger: audio_extn_sound_trigger_update_device_status: device 0x2 of type 0 for Event 0
08-05 22:43:05.161  6590  6603 I art     : Explicit concurrent mark sweep GC freed 28(1040B) AllocSpace objects, 0(0B) LOS objects, 40% free, 22MB/36MB, paused 133us total 13.283ms
08-05 22:43:05.184   512  2967 D audio_hw_primary: out_set_parameters: enter: usecase(1: low-latency-playback) kvpairs: routing=2
08-05 22:43:05.197   512  2967 D audio_hw_primary: select_devices: out_snd_device(2: speaker) in_snd_device(0: none)
08-05 22:43:05.197   512  2967 D msm8974_platform: platform_send_audio_calibration: sending audio calibration for snd_device(2) acdb_id(15)
08-05 22:43:05.197   512  2967 I soundtrigger: audio_extn_sound_trigger_update_device_status: device 0x2 of type 0 for Event 1
08-05 22:43:05.207   512  2967 D audio_hw_primary: enable_snd_device: snd_device(2: speaker)
08-05 22:43:05.209   512  2967 D audio_hw_primary: enable_audio_route: apply and update mixer path: low-latency-playback speaker
08-05 22:43:05.251   512  2967 D AudioFlinger: mixer(0xf4740000) throttle end: throttle time(12)
08-05 22:43:05.403  6590  6614 I art     : Starting a blocking GC Explicit
08-05 22:43:05.418  6590  6614 I art     : Explicit concurrent mark sweep GC freed 2090(127KB) AllocSpace objects, 2(40KB) LOS objects, 40% free, 22MB/37MB, paused 127us total 14.399ms
08-05 22:43:05.426  6590  6614 I art     : Starting a blocking GC Explicit
08-05 22:43:05.440  6590  6614 I art     : Explicit concurrent mark sweep GC freed 72(2672B) AllocSpace objects, 0(0B) LOS objects, 40% free, 22MB/37MB, paused 129us total 13.706ms
08-05 22:43:05.449  6590  6614 I art     : Starting a blocking GC Explicit
08-05 22:43:05.463  6590  6614 I art     : Explicit concurrent mark sweep GC freed 11(400B) AllocSpace objects, 0(0B) LOS objects, 40% free, 22MB/37MB, paused 155us total 13.897ms
08-05 22:43:05.472  6590  6614 I art     : Starting a blocking GC Explicit
08-05 22:43:05.486  6590  6614 I art     : Explicit concurrent mark sweep GC freed 16(608B) AllocSpace objects, 0(0B) LOS objects, 40% free, 22MB/37MB, paused 119us total 13.729ms
08-05 22:43:05.494  6590  6614 I art     : Starting a blocking GC Explicit
08-05 22:43:05.508  6590  6614 I art     : Explicit concurrent mark sweep GC freed 14(496B) AllocSpace objects, 0(0B) LOS objects, 40% free, 22MB/37MB, paused 122us total 13.872ms
08-05 22:43:05.652  6988  6988 D AndroidRuntime: >>>>>> START com.android.internal.os.RuntimeInit uid 2000 <<<<<<
08-05 22:43:05.657  6988  6988 D AndroidRuntime: CheckJNI is OFF
08-05 22:43:05.680  6988  6988 D ICU     : No timezone override file found: /data/misc/zoneinfo/current/icu/icu_tzdata.dat
08-05 22:43:05.702  6988  6988 I Radio-JNI: register_android_hardware_Radio DONE
08-05 22:43:05.718  6988  6988 D AndroidRuntime: Calling main entry com.android.commands.input.Input
08-05 22:43:05.719  6988  6988 I Input   : injectMotionEvent: MotionEvent { action=ACTION_DOWN, actionButton=0, id[0]=0, x[0]=477.0, y[0]=805.0, toolType[0]=TOOL_TYPE_UNKNOWN, buttonState=0, metaState=0, flags=0x0, edgeFlags=0x0, pointerCount=1, historySize=0, eventTime=830602132, downTime=830602132, deviceId=0, source=0x1002 }
08-05 22:43:05.723  6988  6988 I Input   : injectMotionEvent: MotionEvent { action=ACTION_UP, actionButton=0, id[0]=0, x[0]=477.0, y[0]=805.0, toolType[0]=TOOL_TYPE_UNKNOWN, buttonState=0, metaState=0, flags=0x0, edgeFlags=0x0, pointerCount=1, historySize=0, eventTime=830602132, downTime=830602132, deviceId=0, source=0x1002 }
08-05 22:43:05.724  6988  6988 D AndroidRuntime: Shutting down VM
08-05 22:43:05.748   512  2967 D audio_hw_primary: disable_audio_route: reset and update mixer path: low-latency-playback speaker
08-05 22:43:05.749   512  2967 D audio_hw_primary: disable_snd_device: snd_device(2: speaker)
08-05 22:43:05.755  6590  6614 I art     : Starting a blocking GC Explicit
08-05 22:43:05.759   512  2967 I soundtrigger: audio_extn_sound_trigger_update_device_status: device 0x2 of type 0 for Event 0
08-05 22:43:05.770  6590  6614 I art     : Explicit concurrent mark sweep GC freed 1522(85KB) AllocSpace objects, 1(20KB) LOS objects, 40% free, 22MB/37MB, paused 113us total 14.413ms
08-05 22:43:05.779  6590  6614 I art     : Starting a blocking GC Explicit
08-05 22:43:05.792  6590  6614 I art     : Explicit concurrent mark sweep GC freed 72(2368B) AllocSpace objects, 0(0B) LOS objects, 40% free, 22MB/37MB, paused 121us total 13.565ms
08-05 22:43:05.800   512  2967 D audio_hw_primary: out_set_parameters: enter: usecase(1: low-latency-playback) kvpairs: routing=2
08-05 22:43:05.801  6590  6614 I art     : Starting a blocking GC Explicit
08-05 22:43:05.813   512  2967 D audio_hw_primary: select_devices: out_snd_device(2: speaker) in_snd_device(0: none)
08-05 22:43:05.814   512  2967 D msm8974_platform: platform_send_audio_calibration: sending audio calibration for snd_device(2) acdb_id(15)
08-05 22:43:05.814   512  2967 I soundtrigger: audio_extn_sound_trigger_update_device_status: device 0x2 of type 0 for Event 1
08-05 22:43:05.817  6590  6614 I art     : Explicit concurrent mark sweep GC freed 229(37KB) AllocSpace objects, 0(0B) LOS objects, 40% free, 22MB/37MB, paused 435us total 15.876ms
08-05 22:43:05.824   512  2967 D audio_hw_primary: enable_snd_device: snd_device(2: speaker)
08-05 22:43:05.826  6590  6614 I art     : Starting a blocking GC Explicit
08-05 22:43:05.826   512  2967 D audio_hw_primary: enable_audio_route: apply and update mixer path: low-latency-playback speaker
08-05 22:43:05.841  6590  6614 I art     : Explicit concurrent mark sweep GC freed 622(57KB) AllocSpace objects, 0(0B) LOS objects, 40% free, 22MB/37MB, paused 162us total 15.156ms
08-05 22:43:05.851  6590  6614 I art     : Starting a blocking GC Explicit
08-05 22:43:05.865  6590  6614 I art     : Explicit concurrent mark sweep GC freed 63(19KB) AllocSpace objects, 0(0B) LOS objects, 40% free, 22MB/37MB, paused 130us total 13.663ms
08-05 22:43:05.872   512  2967 D AudioFlinger: mixer(0xf4740000) throttle end: throttle time(12)
08-05 22:43:05.885  5084  5084 I ServiceManager: Waiting for service AtCmdFwd...
08-05 22:43:05.934  6590  6590 I RedReader: Checking for new messages.
08-05 22:43:05.948  6590  6590 I RegularCachePruner: Pruning cache...
08-05 22:43:05.949  6590  7016 I RedditChangeDataManager: Pruning for all users...
08-05 22:43:05.949  6590  7016 I RedditChangeDataManager: Pruning complete.
08-05 22:43:05.951  6590  7016 I CacheManager: Pruning 0 files
08-05 22:43:06.100  6590  6602 I art     : Starting a blocking GC Explicit
08-05 22:43:06.120  6590  6602 I art     : Explicit concurrent mark sweep GC freed 2061(112KB) AllocSpace objects, 1(20KB) LOS objects, 40% free, 22MB/37MB, paused 161us total 20.080ms
08-05 22:43:06.130  6590  6602 I art     : Starting a blocking GC Explicit
08-05 22:43:06.148  6590  6602 I art     : Explicit concurrent mark sweep GC freed 119(4KB) AllocSpace objects, 0(0B) LOS objects, 40% free, 22MB/37MB, paused 148us total 17.951ms
08-05 22:43:06.158  6590  6602 I art     : Starting a blocking GC Explicit
08-05 22:43:06.174  6590  6602 I art     : Explicit concurrent mark sweep GC freed 3(96B) AllocSpace objects, 0(0B) LOS objects, 40% free, 22MB/37MB, paused 124us total 16.190ms
08-05 22:43:06.184  6590  6602 I art     : Starting a blocking GC Explicit
08-05 22:43:06.200  6590  6602 I art     : Explicit concurrent mark sweep GC freed 3(96B) AllocSpace objects, 0(0B) LOS objects, 40% free, 22MB/37MB, paused 127us total 15.971ms
08-05 22:43:06.209  6590  6602 I art     : Starting a blocking GC Explicit
08-05 22:43:06.225  6590  6602 I art     : Explicit concurrent mark sweep GC freed 5(192B) AllocSpace objects, 0(0B) LOS objects, 40% free, 22MB/37MB, paused 140us total 15.566ms
08-05 22:43:06.286  7014  7014 D AndroidRuntime: >>>>>> START com.android.internal.os.RuntimeInit uid 2000 <<<<<<
08-05 22:43:06.290  7014  7014 D AndroidRuntime: CheckJNI is OFF
08-05 22:43:06.319  7014  7014 D ICU     : No timezone override file found: /data/misc/zoneinfo/current/icu/icu_tzdata.dat
08-05 22:43:06.349  7014  7014 I Radio-JNI: register_android_hardware_Radio DONE
08-05 22:43:06.367  7014  7014 D AndroidRuntime: Calling main entry com.android.commands.input.Input
08-05 22:43:06.369   512  2967 D audio_hw_primary: disable_audio_route: reset and update mixer path: low-latency-playback speaker
08-05 22:43:06.369  7014  7014 I Input   : injectMotionEvent: MotionEvent { action=ACTION_DOWN, actionButton=0, id[0]=0, x[0]=463.0, y[0]=464.0, toolType[0]=TOOL_TYPE_UNKNOWN, buttonState=0, metaState=0, flags=0x0, edgeFlags=0x0, pointerCount=1, historySize=0, eventTime=830602782, downTime=830602782, deviceId=0, source=0x1002 }
08-05 22:43:06.371   512  2967 D audio_hw_primary: disable_snd_device: snd_device(2: speaker)
08-05 22:43:06.374  7014  7014 I Input   : injectMotionEvent: MotionEvent { action=ACTION_UP, actionButton=0, id[0]=0, x[0]=463.0, y[0]=464.0, toolType[0]=TOOL_TYPE_UNKNOWN, buttonState=0, metaState=0, flags=0x0, edgeFlags=0x0, pointerCount=1, historySize=0, eventTime=830602782, downTime=830602782, deviceId=0, source=0x1002 }
08-05 22:43:06.377  7014  7014 D AndroidRuntime: Shutting down VM
08-05 22:43:06.379   512  2967 I soundtrigger: audio_extn_sound_trigger_update_device_status: device 0x2 of type 0 for Event 0
08-05 22:43:06.443   512  2967 D audio_hw_primary: out_set_parameters: enter: usecase(1: low-latency-playback) kvpairs: routing=2
08-05 22:43:06.453   918  3696 W InputMethodManagerService: Window already focused, ignoring focus gain of: com.android.internal.view.IInputMethodClient$Stub$Proxy@447dfe4 attribute=null, token = android.os.BinderProxy@9e2520
08-05 22:43:06.457   512  2967 D audio_hw_primary: select_devices: out_snd_device(2: speaker) in_snd_device(0: none)
08-05 22:43:06.458   512  2967 D msm8974_platform: platform_send_audio_calibration: sending audio calibration for snd_device(2) acdb_id(15)
08-05 22:43:06.458   512  2967 I soundtrigger: audio_extn_sound_trigger_update_device_status: device 0x2 of type 0 for Event 1
08-05 22:43:06.467  6590  6603 I art     : Starting a blocking GC Explicit
08-05 22:43:06.474   512  2967 D audio_hw_primary: enable_snd_device: snd_device(2: speaker)
08-05 22:43:06.476   512  2967 D audio_hw_primary: enable_audio_route: apply and update mixer path: low-latency-playback speaker
08-05 22:43:06.489  6590  6603 I art     : Explicit concurrent mark sweep GC freed 1676(105KB) AllocSpace objects, 2(40KB) LOS objects, 40% free, 22MB/37MB, paused 167us total 21.767ms
08-05 22:43:06.498  6590  6603 I art     : Starting a blocking GC Explicit
08-05 22:43:06.513  6590  6603 I art     : Explicit concurrent mark sweep GC freed 117(6KB) AllocSpace objects, 0(0B) LOS objects, 40% free, 22MB/37MB, paused 122us total 14.785ms
08-05 22:43:06.518   512  2967 D AudioFlinger: mixer(0xf4740000) throttle end: throttle time(12)
08-05 22:43:06.522  6590  6603 I art     : Starting a blocking GC Explicit
08-05 22:43:06.536  6590  6603 I art     : Explicit concurrent mark sweep GC freed 3(96B) AllocSpace objects, 0(0B) LOS objects, 40% free, 22MB/37MB, paused 115us total 14.328ms
08-05 22:43:06.545  6590  6603 I art     : Starting a blocking GC Explicit
08-05 22:43:06.559  6590  6603 I art     : Explicit concurrent mark sweep GC freed 3(96B) AllocSpace objects, 0(0B) LOS objects, 40% free, 22MB/37MB, paused 118us total 13.678ms
08-05 22:43:06.568  6590  6603 I art     : Starting a blocking GC Explicit
08-05 22:43:06.583  6590  6603 I art     : Explicit concurrent mark sweep GC freed 3(96B) AllocSpace objects, 0(0B) LOS objects, 40% free, 22MB/37MB, paused 129us total 14.743ms
08-05 22:43:06.648   380   380 W SurfaceFlinger: couldn't log to binary event log: overflow.
08-05 22:43:06.808  6590  6602 I art     : Starting a blocking GC Explicit
08-05 22:43:06.823  6590  6602 I art     : Explicit concurrent mark sweep GC freed 1338(78KB) AllocSpace objects, 1(20KB) LOS objects, 40% free, 22MB/37MB, paused 135us total 15.036ms
08-05 22:43:06.832  6590  6602 I art     : Starting a blocking GC Explicit
08-05 22:43:06.847  6590  6602 I art     : Explicit concurrent mark sweep GC freed 22(768B) AllocSpace objects, 0(0B) LOS objects, 40% free, 22MB/37MB, paused 135us total 14.590ms
08-05 22:43:06.855  6590  6602 I art     : Starting a blocking GC Explicit
08-05 22:43:06.871  6590  6602 I art     : Explicit concurrent mark sweep GC freed 3(96B) AllocSpace objects, 0(0B) LOS objects, 40% free, 22MB/37MB, paused 133us total 15.490ms
08-05 22:43:06.880  6590  6602 I art     : Starting a blocking GC Explicit
08-05 22:43:06.885  5084  5084 I ServiceManager: Waiting for service AtCmdFwd...
08-05 22:43:06.895  6590  6602 I art     : Explicit concurrent mark sweep GC freed 3(96B) AllocSpace objects, 0(0B) LOS objects, 40% free, 22MB/37MB, paused 133us total 15.279ms
08-05 22:43:06.904  6590  6602 I art     : Starting a blocking GC Explicit
08-05 22:43:06.913  7048  7048 D AndroidRuntime: >>>>>> START com.android.internal.os.RuntimeInit uid 2000 <<<<<<
08-05 22:43:06.916  7048  7048 D AndroidRuntime: CheckJNI is OFF
08-05 22:43:06.919  6590  6602 I art     : Explicit concurrent mark sweep GC freed 3(96B) AllocSpace objects, 0(0B) LOS objects, 40% free, 22MB/37MB, paused 140us total 15.312ms
08-05 22:43:06.943  7048  7048 D ICU     : No timezone override file found: /data/misc/zoneinfo/current/icu/icu_tzdata.dat
08-05 22:43:06.969  7048  7048 I Radio-JNI: register_android_hardware_Radio DONE
08-05 22:43:06.985  7048  7048 D AndroidRuntime: Calling main entry com.android.commands.input.Input
08-05 22:43:06.986  7048  7048 I Input   : injectKeyEvent: KeyEvent { action=ACTION_DOWN, keyCode=KEYCODE_BACK, scanCode=0, metaState=0, flags=0x0, repeatCount=0, eventTime=830603399, downTime=830603399, deviceId=-1, source=0x101 }
08-05 22:43:06.991  7048  7048 I Input   : injectKeyEvent: KeyEvent { action=ACTION_UP, keyCode=KEYCODE_BACK, scanCode=0, metaState=0, flags=0x0, repeatCount=0, eventTime=830603399, downTime=830603399, deviceId=-1, source=0x101 }
08-05 22:43:06.996  7048  7048 D AndroidRuntime: Shutting down VM
08-05 22:43:07.008   512  2967 D audio_hw_primary: disable_audio_route: reset and update mixer path: low-latency-playback speaker
08-05 22:43:07.009   512  2967 D audio_hw_primary: disable_snd_device: snd_device(2: speaker)
08-05 22:43:07.018   512  2967 I soundtrigger: audio_extn_sound_trigger_update_device_status: device 0x2 of type 0 for Event 0
08-05 22:43:07.043 13866 13866 I GoogleInputMethodServic: GoogleInputMethodService.onFinishInput():3138 
08-05 22:43:07.044 13866 13866 I GoogleInputMethodServic: GoogleInputMethodService.onStartInput():1808 
08-05 22:43:07.163  6590  6603 I art     : Starting a blocking GC Explicit
08-05 22:43:07.181  6590  6603 I art     : Explicit concurrent mark sweep GC freed 1442(84KB) AllocSpace objects, 1(20KB) LOS objects, 40% free, 22MB/37MB, paused 139us total 17.041ms
08-05 22:43:07.192  6590  6603 I art     : Starting a blocking GC Explicit
08-05 22:43:07.208  6590  6603 I art     : Explicit concurrent mark sweep GC freed 34(1200B) AllocSpace objects, 0(0B) LOS objects, 40% free, 22MB/37MB, paused 139us total 15.932ms
08-05 22:43:07.217  6590  6603 I art     : Starting a blocking GC Explicit
08-05 22:43:07.232  6590  6603 I art     : Explicit concurrent mark sweep GC freed 3(96B) AllocSpace objects, 0(0B) LOS objects, 40% free, 22MB/37MB, paused 133us total 15.094ms
08-05 22:43:07.243  6590  6603 I art     : Starting a blocking GC Explicit
08-05 22:43:07.259  6590  6603 I art     : Explicit concurrent mark sweep GC freed 3(96B) AllocSpace objects, 0(0B) LOS objects, 40% free, 22MB/37MB, paused 140us total 16.231ms
08-05 22:43:07.268  6590  6603 I art     : Starting a blocking GC Explicit
08-05 22:43:07.284  6590  6603 I art     : Explicit concurrent mark sweep GC freed 3(96B) AllocSpace objects, 0(0B) LOS objects, 40% free, 22MB/37MB, paused 159us total 15.583ms
08-05 22:43:07.333   380   380 W SurfaceFlinger: couldn't log to binary event log: overflow.
08-05 22:43:07.517  6590  6602 I art     : Starting a blocking GC Explicit
08-05 22:43:07.535  6590  6602 I art     : Explicit concurrent mark sweep GC freed 1487(85KB) AllocSpace objects, 1(20KB) LOS objects, 40% free, 22MB/37MB, paused 159us total 17.346ms
08-05 22:43:07.540  7080  7080 D AndroidRuntime: >>>>>> START com.android.internal.os.RuntimeInit uid 2000 <<<<<<
08-05 22:43:07.544  6590  6602 I art     : Starting a blocking GC Explicit
08-05 22:43:07.544  7080  7080 D AndroidRuntime: CheckJNI is OFF
08-05 22:43:07.558  6590  6602 I art     : Explicit concurrent mark sweep GC freed 13751(694KB) AllocSpace objects, 7(340KB) LOS objects, 40% free, 21MB/35MB, paused 126us total 14.149ms
08-05 22:43:07.566  6590  6602 I art     : Starting a blocking GC Explicit
08-05 22:43:07.573  7080  7080 D ICU     : No timezone override file found: /data/misc/zoneinfo/current/icu/icu_tzdata.dat
08-05 22:43:07.577  6590  6602 I art     : Explicit concurrent mark sweep GC freed 3(96B) AllocSpace objects, 0(0B) LOS objects, 40% free, 21MB/35MB, paused 127us total 11.278ms
08-05 22:43:07.585  6590  6602 I art     : Starting a blocking GC Explicit
08-05 22:43:07.597  6590  6602 I art     : Explicit concurrent mark sweep GC freed 3(96B) AllocSpace objects, 0(0B) LOS objects, 40% free, 21MB/35MB, paused 516us total 12.020ms
08-05 22:43:07.600  7080  7080 I Radio-JNI: register_android_hardware_Radio DONE
08-05 22:43:07.605  6590  6602 I art     : Starting a blocking GC Explicit
08-05 22:43:07.616  7080  7080 D AndroidRuntime: Calling main entry com.android.commands.input.Input
08-05 22:43:07.616  6590  6602 I art     : Explicit concurrent mark sweep GC freed 3(96B) AllocSpace objects, 0(0B) LOS objects, 40% free, 21MB/35MB, paused 121us total 10.954ms
08-05 22:43:07.617  7080  7080 I Input   : injectKeyEvent: KeyEvent { action=ACTION_DOWN, keyCode=KEYCODE_BACK, scanCode=0, metaState=0, flags=0x0, repeatCount=0, eventTime=830604030, downTime=830604030, deviceId=-1, source=0x101 }
08-05 22:43:07.621  7080  7080 I Input   : injectKeyEvent: KeyEvent { action=ACTION_UP, keyCode=KEYCODE_BACK, scanCode=0, metaState=0, flags=0x0, repeatCount=0, eventTime=830604030, downTime=830604030, deviceId=-1, source=0x101 }
08-05 22:43:07.627  7080  7080 D AndroidRuntime: Shutting down VM
08-05 22:43:07.657 13866 13866 I GoogleInputMethodServic: GoogleInputMethodService.onFinishInput():3138 
08-05 22:43:07.658 13866 13866 I GoogleInputMethodServic: GoogleInputMethodService.onStartInput():1808 
08-05 22:43:07.881  6590  6614 I art     : Starting a blocking GC Explicit
08-05 22:43:07.887  5084  5084 I ServiceManager: Waiting for service AtCmdFwd...
08-05 22:43:07.898  6590  6614 I art     : Explicit concurrent mark sweep GC freed 1513(85KB) AllocSpace objects, 1(20KB) LOS objects, 40% free, 21MB/35MB, paused 136us total 17.230ms
08-05 22:43:07.910  6590  6614 I art     : Starting a blocking GC Explicit
08-05 22:43:07.924  6590  6614 I art     : Explicit concurrent mark sweep GC freed 24(864B) AllocSpace objects, 0(0B) LOS objects, 40% free, 21MB/35MB, paused 159us total 14.507ms
08-05 22:43:07.933  6590  6614 I art     : Starting a blocking GC Explicit
08-05 22:43:07.945  6590  6614 I art     : Explicit concurrent mark sweep GC freed 3(96B) AllocSpace objects, 0(0B) LOS objects, 40% free, 21MB/35MB, paused 131us total 11.619ms
08-05 22:43:07.954  6590  6614 I art     : Starting a blocking GC Explicit
08-05 22:43:07.965  6590  6614 I art     : Explicit concurrent mark sweep GC freed 25(944B) AllocSpace objects, 0(0B) LOS objects, 40% free, 21MB/35MB, paused 123us total 10.960ms
08-05 22:43:07.973  6590  6614 I art     : Starting a blocking GC Explicit
08-05 22:43:07.984  6590  6614 I art     : Explicit concurrent mark sweep GC freed 129(10KB) AllocSpace objects, 0(0B) LOS objects, 40% free, 21MB/35MB, paused 123us total 10.760ms
08-05 22:43:08.187  7114  7114 D AndroidRuntime: >>>>>> START com.android.internal.os.RuntimeInit uid 2000 <<<<<<
08-05 22:43:08.191  7114  7114 D AndroidRuntime: CheckJNI is OFF
08-05 22:43:08.216  7114  7114 D ICU     : No timezone override file found: /data/misc/zoneinfo/current/icu/icu_tzdata.dat
08-05 22:43:08.240  6590  6602 I art     : Starting a blocking GC Explicit
08-05 22:43:08.242  7114  7114 I Radio-JNI: register_android_hardware_Radio DONE
08-05 22:43:08.252  6590  6602 I art     : Explicit concurrent mark sweep GC freed 1337(78KB) AllocSpace objects, 1(20KB) LOS objects, 40% free, 21MB/35MB, paused 137us total 12.288ms
08-05 22:43:08.259  7114  7114 D AndroidRuntime: Calling main entry com.android.commands.input.Input
08-05 22:43:08.260  6590  6602 I art     : Starting a blocking GC Explicit
08-05 22:43:08.262  7114  7114 I Input   : injectMotionEvent: MotionEvent { action=ACTION_DOWN, actionButton=0, id[0]=0, x[0]=600.0, y[0]=1536.0, toolType[0]=TOOL_TYPE_UNKNOWN, buttonState=0, metaState=0, flags=0x0, edgeFlags=0x0, pointerCount=1, historySize=0, eventTime=830604674, downTime=830604674, deviceId=0, source=0x1002 }
08-05 22:43:08.266  7114  7114 I Input   : injectMotionEvent: MotionEvent { action=ACTION_UP, actionButton=0, id[0]=0, x[0]=600.0, y[0]=1536.0, toolType[0]=TOOL_TYPE_UNKNOWN, buttonState=0, metaState=0, flags=0x0, edgeFlags=0x0, pointerCount=1, historySize=0, eventTime=830604674, downTime=830604674, deviceId=0, source=0x1002 }
08-05 22:43:08.269  7114  7114 D AndroidRuntime: Shutting down VM
08-05 22:43:08.274  6590  6602 I art     : Explicit concurrent mark sweep GC freed 22(768B) AllocSpace objects, 0(0B) LOS objects, 40% free, 21MB/35MB, paused 320us total 13.306ms
08-05 22:43:08.283  6590  6602 I art     : Starting a blocking GC Explicit
08-05 22:43:08.287   512  2967 D audio_hw_primary: out_set_parameters: enter: usecase(1: low-latency-playback) kvpairs: routing=2
08-05 22:43:08.294   918  3714 I ActivityManager: START u0 {dat=https://oauth.reddit.com/... cmp=baseline.org.quantumbadger.redreader/.activities.PostListingActivity} from uid 10705 on display 0
08-05 22:43:08.298  6590  6602 I art     : Explicit concurrent mark sweep GC freed 73(7KB) AllocSpace objects, 0(0B) LOS objects, 40% free, 21MB/35MB, paused 146us total 14.970ms
08-05 22:43:08.300   512  2967 D audio_hw_primary: select_devices: out_snd_device(2: speaker) in_snd_device(0: none)
08-05 22:43:08.300   512  2967 D msm8974_platform: platform_send_audio_calibration: sending audio calibration for snd_device(2) acdb_id(15)
08-05 22:43:08.301   512  2967 I soundtrigger: audio_extn_sound_trigger_update_device_status: device 0x2 of type 0 for Event 1
08-05 22:43:08.306  6590  6602 I art     : Starting a blocking GC Explicit
08-05 22:43:08.310   512  2967 D audio_hw_primary: enable_snd_device: snd_device(2: speaker)
08-05 22:43:08.312   512  2967 D audio_hw_primary: enable_audio_route: apply and update mixer path: low-latency-playback speaker
08-05 22:43:08.319  6590  6602 I art     : Explicit concurrent mark sweep GC freed 70(7KB) AllocSpace objects, 0(0B) LOS objects, 40% free, 21MB/35MB, paused 300us total 12.633ms
08-05 22:43:08.324  6590  6590 I AppCompatViewInflater: app:theme is now deprecated. Please move to using android:theme instead.
08-05 22:43:08.328  6590  6602 I art     : Starting a blocking GC Explicit
08-05 22:43:08.344  6590  6602 I art     : Explicit concurrent mark sweep GC freed 2855(190KB) AllocSpace objects, 0(0B) LOS objects, 40% free, 21MB/35MB, paused 283us total 15.296ms
08-05 22:43:08.363  6590  7136 I RawObjectDB query string: CREATE TABLE objects(RawObjectDB_id TEXT PRIMARY KEY ON CONFLICT REPLACE,RawObjectDB_timestamp INTEGER,accounts_active INTEGER,created INTEGER,created_utc INTEGER,description TEXT,description_html TEXT,display_name TEXT,header_img TEXT,header_title TEXT,id TEXT,name TEXT,over18 INTEGER,public_description TEXT,subscribers INTEGER,title TEXT,url TEXT)
08-05 22:43:08.410  6590  7137 D OK      : calling: https://www.reddit.com/api/v1/access_token
08-05 22:43:08.417   918   936 I ActivityManager: Displayed baseline.org.quantumbadger.redreader/.activities.PostListingActivity: +117ms
08-05 22:43:08.420 13866 13866 I GoogleInputMethodServic: GoogleInputMethodService.onFinishInput():3138 
08-05 22:43:08.421 13866 13866 I GoogleInputMethodServic: GoogleInputMethodService.onStartInput():1808 
08-05 22:43:08.600  6590  7013 I art     : Starting a blocking GC Explicit
08-05 22:43:08.622  6590  7013 I art     : Explicit concurrent mark sweep GC freed 7364(487KB) AllocSpace objects, 3(140KB) LOS objects, 40% free, 22MB/36MB, paused 208us total 21.594ms
08-05 22:43:08.633  6590  7013 I art     : Starting a blocking GC Explicit
08-05 22:43:08.652  6590  7013 I art     : Explicit concurrent mark sweep GC freed 6859(436KB) AllocSpace objects, 2(108KB) LOS objects, 40% free, 21MB/36MB, paused 1.354ms total 19.104ms
08-05 22:43:08.664  6590  7013 I art     : Starting a blocking GC Explicit
08-05 22:43:08.667   380   380 W SurfaceFlinger: couldn't log to binary event log: overflow.
08-05 22:43:08.677  6590  7013 I art     : Explicit concurrent mark sweep GC freed 148(11KB) AllocSpace objects, 0(0B) LOS objects, 40% free, 21MB/36MB, paused 204us total 13.163ms
08-05 22:43:08.685  6590  7013 I art     : Starting a blocking GC Explicit
08-05 22:43:08.697  6590  7013 I art     : Explicit concurrent mark sweep GC freed 109(5KB) AllocSpace objects, 0(0B) LOS objects, 40% free, 21MB/36MB, paused 559us total 12.218ms
08-05 22:43:08.706  6590  7013 I art     : Starting a blocking GC Explicit
08-05 22:43:08.720  6590  7013 I art     : Explicit concurrent mark sweep GC freed 6729(467KB) AllocSpace objects, 0(0B) LOS objects, 40% free, 22MB/37MB, paused 354us total 14.596ms
08-05 22:43:08.848  6590  7137 D OK      : request got status: 200
08-05 22:43:08.848   512  2967 D audio_hw_primary: disable_audio_route: reset and update mixer path: low-latency-playback speaker
08-05 22:43:08.851   512  2967 D audio_hw_primary: disable_snd_device: snd_device(2: speaker)
08-05 22:43:08.859   512  2967 I soundtrigger: audio_extn_sound_trigger_update_device_status: device 0x2 of type 0 for Event 0
08-05 22:43:08.861  6590  7137 D OK      : calling: https://oauth.reddit.com/r/askscience/about.json
08-05 22:43:08.888  5084  5084 I ServiceManager: Waiting for service AtCmdFwd...
08-05 22:43:08.997  6590  7013 I art     : Starting a blocking GC Explicit
08-05 22:43:09.026  6590  7013 I art     : Explicit concurrent mark sweep GC freed 29288(1943KB) AllocSpace objects, 15(1512KB) LOS objects, 40% free, 23MB/39MB, paused 247us total 28.936ms
08-05 22:43:09.036  6590  7013 I art     : Starting a blocking GC Explicit
08-05 22:43:09.057  6590  7013 I art     : Explicit concurrent mark sweep GC freed 71(2480B) AllocSpace objects, 0(0B) LOS objects, 40% free, 23MB/39MB, paused 240us total 20.575ms
08-05 22:43:09.066  6590  7013 I art     : Starting a blocking GC Explicit
08-05 22:43:09.085  6590  7013 I art     : Explicit concurrent mark sweep GC freed 15(656B) AllocSpace objects, 0(0B) LOS objects, 40% free, 23MB/39MB, paused 203us total 18.941ms
08-05 22:43:09.094  6590  7013 I art     : Starting a blocking GC Explicit
08-05 22:43:09.114  6590  7013 I art     : Explicit concurrent mark sweep GC freed 8(1248B) AllocSpace objects, 0(0B) LOS objects, 40% free, 23MB/39MB, paused 224us total 19.001ms
08-05 22:43:09.123  6590  7013 I art     : Starting a blocking GC Explicit
08-05 22:43:09.142  6590  7013 I art     : Explicit concurrent mark sweep GC freed 3(96B) AllocSpace objects, 0(0B) LOS objects, 40% free, 23MB/39MB, paused 219us total 18.962ms
08-05 22:43:09.411  6590  6614 I art     : Starting a blocking GC Explicit
08-05 22:43:09.437  6590  6614 I art     : Explicit concurrent mark sweep GC freed 3651(178KB) AllocSpace objects, 1(20KB) LOS objects, 40% free, 23MB/39MB, paused 649us total 26.163ms
08-05 22:43:09.438  6590  7137 I NAPPA_EXPERIMENTATION: MetricNetworkRequestExecutionTime: REQUEST_DURATION_SYSTEM='577',REQUEST_DURATION_OKHTTP='149',REQUEST_SYNCHRONOUS='TRUE',RESPONSE_CODE='200',RESPONSE_METHOD='GET',RESPONSE_LENGTH_OKHTTP='-1',RESPONSE_LENGTH_HEADER='4700',REQUEST_PROTOCOL='h2',REQUEST_URL='https://oauth.reddit.com/r/askscience/about.json',
08-05 22:43:09.439  6590  7137 D OK      : request got status: 200
08-05 22:43:09.449  6590  6614 I art     : Starting a blocking GC Explicit
08-05 22:43:09.470  6590  6614 I art     : Explicit concurrent mark sweep GC freed 759(117KB) AllocSpace objects, 2(88KB) LOS objects, 39% free, 24MB/40MB, paused 844us total 21.466ms
08-05 22:43:09.480  6590  6614 I art     : Starting a blocking GC Explicit
08-05 22:43:09.500  6590  6614 I art     : Explicit concurrent mark sweep GC freed 935(106KB) AllocSpace objects, 1(68KB) LOS objects, 39% free, 24MB/40MB, paused 438us total 19.883ms
08-05 22:43:09.509  6590  6614 I art     : Starting a blocking GC Explicit
08-05 22:43:09.529  6590  6614 I art     : Explicit concurrent mark sweep GC freed 272(23KB) AllocSpace objects, 0(0B) LOS objects, 39% free, 24MB/40MB, paused 178us total 20.037ms
08-05 22:43:09.538  6590  6614 I art     : Starting a blocking GC Explicit
08-05 22:43:09.558  6590  6614 I art     : Explicit concurrent mark sweep GC freed 25(1744B) AllocSpace objects, 0(0B) LOS objects, 39% free, 24MB/40MB, paused 183us total 19.409ms
08-05 22:43:09.608  6590  7179 D OK      : calling: https://oauth.reddit.com/r/askscience/hot/.json
08-05 22:43:09.632   518   646 I ThermalEngine: ACTION: GPU - Setting GPU[0] to 510000000
08-05 22:43:09.822  6590  7013 I art     : Starting a blocking GC Explicit
08-05 22:43:09.828  6590  7179 I NAPPA_EXPERIMENTATION: MetricNetworkRequestExecutionTime: REQUEST_DURATION_SYSTEM='220',REQUEST_DURATION_OKHTTP='218',REQUEST_SYNCHRONOUS='TRUE',RESPONSE_CODE='200',RESPONSE_METHOD='GET',RESPONSE_LENGTH_OKHTTP='-1',RESPONSE_LENGTH_HEADER='21282',REQUEST_PROTOCOL='h2',REQUEST_URL='https://oauth.reddit.com/r/askscience/hot/.json',
08-05 22:43:09.829  6590  7179 D OK      : request got status: 200
08-05 22:43:09.847  6590  7176 I PostListingFragment: Precaching images: OFF
08-05 22:43:09.847  6590  7176 I PostListingFragment: Precaching comments: OFF
08-05 22:43:09.852  6590  7013 I art     : Explicit concurrent mark sweep GC freed 1950(186KB) AllocSpace objects, 1(20KB) LOS objects, 39% free, 24MB/40MB, paused 557us total 29.433ms
08-05 22:43:09.865  6590  7013 I art     : Starting a blocking GC Explicit
08-05 22:43:09.888  5084  5084 W Atfwd_Sendcmd: AtCmdFwd service not published, waiting... retryCnt : 1
08-05 22:43:09.895  6590  7013 I art     : Explicit concurrent mark sweep GC freed 1140(89KB) AllocSpace objects, 0(0B) LOS objects, 39% free, 24MB/40MB, paused 721us total 29.564ms
08-05 22:43:09.907  6590  7013 I art     : Starting a blocking GC Explicit
08-05 22:43:09.935  6590  7013 I art     : Explicit concurrent mark sweep GC freed 2678(120KB) AllocSpace objects, 1(68KB) LOS objects, 39% free, 24MB/40MB, paused 321us total 28.249ms
08-05 22:43:09.949  6590  7013 I art     : Starting a blocking GC Explicit
08-05 22:43:09.978  6590  7013 I art     : Explicit concurrent mark sweep GC freed 3266(183KB) AllocSpace objects, 1(68KB) LOS objects, 39% free, 24MB/40MB, paused 896us total 29.545ms
08-05 22:43:09.991  6590  7013 I art     : Starting a blocking GC Explicit
08-05 22:43:10.022  6590  7013 I art     : Explicit concurrent mark sweep GC freed 2864(106KB) AllocSpace objects, 0(0B) LOS objects, 39% free, 24MB/40MB, paused 357us total 30.270ms
08-05 22:43:10.309  6590  6614 I art     : Starting a blocking GC Explicit
08-05 22:43:10.344  6590  6614 I art     : Explicit concurrent mark sweep GC freed 26937(1179KB) AllocSpace objects, 1(20KB) LOS objects, 39% free, 24MB/40MB, paused 323us total 34.874ms
08-05 22:43:10.358  6590  6614 I art     : Starting a blocking GC Explicit
08-05 22:43:10.387  6590  6614 I art     : Explicit concurrent mark sweep GC freed 1615(69KB) AllocSpace objects, 0(0B) LOS objects, 39% free, 24MB/40MB, paused 249us total 29.558ms
08-05 22:43:10.401  6590  6614 I art     : Starting a blocking GC Explicit
08-05 22:43:10.429  6590  6614 I art     : Explicit concurrent mark sweep GC freed 3(96B) AllocSpace objects, 0(0B) LOS objects, 39% free, 24MB/40MB, paused 259us total 27.621ms
08-05 22:43:10.442  6590  6614 I art     : Starting a blocking GC Explicit
08-05 22:43:10.469  6590  6614 I art     : Explicit concurrent mark sweep GC freed 42(1504B) AllocSpace objects, 0(0B) LOS objects, 39% free, 24MB/40MB, paused 301us total 27.749ms
08-05 22:43:10.483  6590  6614 I art     : Starting a blocking GC Explicit
08-05 22:43:10.510  6590  6614 I art     : Explicit concurrent mark sweep GC freed 29(1200B) AllocSpace objects, 0(0B) LOS objects, 39% free, 24MB/40MB, paused 268us total 27.140ms
08-05 22:43:10.810  6590  6603 I art     : Starting a blocking GC Explicit
08-05 22:43:10.848  6590  6603 I art     : Explicit concurrent mark sweep GC freed 1509(85KB) AllocSpace objects, 1(20KB) LOS objects, 39% free, 24MB/40MB, paused 298us total 38.435ms
08-05 22:43:10.867  6590  6603 I art     : Starting a blocking GC Explicit
08-05 22:43:10.896  6590  6603 I art     : Explicit concurrent mark sweep GC freed 20(704B) AllocSpace objects, 0(0B) LOS objects, 39% free, 24MB/40MB, paused 268us total 29.378ms
08-05 22:43:10.909  6590  6603 I art     : Starting a blocking GC Explicit
08-05 22:43:10.939  6590  6603 I art     : Explicit concurrent mark sweep GC freed 3(96B) AllocSpace objects, 0(0B) LOS objects, 39% free, 24MB/40MB, paused 271us total 29.370ms
08-05 22:43:10.952  6590  6603 I art     : Starting a blocking GC Explicit
08-05 22:43:10.981  6590  6603 I art     : Explicit concurrent mark sweep GC freed 75(4KB) AllocSpace objects, 0(0B) LOS objects, 39% free, 24MB/40MB, paused 258us total 27.791ms
08-05 22:43:10.985   918   918 I ActivityManager: Start proc 7210:nappatfpr.appteam.nith.hillffair/u0a703 for service nappatfpr.appteam.nith.hillffair/com.onesignal.SyncJobService
08-05 22:43:10.988 15866 15866 I Finsky  : [1] xow.onStartJob(3): SCH: onJobSchedulerWakeup with jobId 9016
08-05 22:43:10.993  7210  7210 I art     : Late-enabling -Xcheck:jni
08-05 22:43:10.994  6590  6603 I art     : Starting a blocking GC Explicit
08-05 22:43:10.994 15866 15866 I Finsky  : [1] xjw.a(9): Scheduling fallback in 43199996 (absolute: 1857194864)
08-05 22:43:10.996 15866 15866 I Finsky  : [1] xjw.a(9): Scheduling fallback in 64799998 (absolute: 1878794869)
08-05 22:43:11.000 15866 15866 I Finsky  : [1] xow.onStartJob(3): SCH: onJobSchedulerWakeup with jobId 9009
08-05 22:43:11.007 15866 15866 I Finsky  : [1] xjw.a(9): Scheduling fallback in 43199994 (absolute: 1857194876)
08-05 22:43:11.010 15866 15866 I Finsky  : [1] xjw.a(9): Scheduling fallback in 64799999 (absolute: 1878794883)
08-05 22:43:11.014 15866 15866 W Finsky  : [1] xow.onStartJob(9): SCH: onJobSchedulerWakeup while already running
08-05 22:43:11.018  6590  6603 I art     : Explicit concurrent mark sweep GC freed 62(3KB) AllocSpace objects, 0(0B) LOS objects, 39% free, 24MB/40MB, paused 252us total 24.412ms
08-05 22:43:11.027  7210  7210 W System  : ClassLoader referenced unknown path: /data/app/nappatfpr.appteam.nith.hillffair-1/lib/arm64
08-05 22:43:11.045  7210  7210 W OneSignal: GCM Library detected, please upgrade to Firebase FCM library as GCM is deprecated!
08-05 22:43:11.164 15866 15866 I Finsky  : [1] xkf.handleMessage(8): SCH: DeviceState: DeviceState{currentTime=1596660191160, isCharging=false, isIdle=false, netAny=true, netNotRoaming=true, netUnmetered=true, batteryPercent=100.0}
08-05 22:43:11.170 15866  6558 I Finsky  : [6535] xmu.a(8): SCH: Jobs in database: 1-1337 3-219 3-220 12-1 24-77777777 26-1414141414 
08-05 22:43:11.173 15866 15866 I Finsky  : [1] xkg.a(16): SCH: Running job: 12-1
08-05 22:43:11.174 15866 15866 I Finsky  : [1] ContentSyncJob.a(16): [ContentSync] job started
08-05 22:43:11.175 15866 15866 I Finsky  : [1] xkf.handleMessage(61): SCH: RunningQueue size: 1, PendingQueue size: 0
08-05 22:43:11.175 15866 15866 I Finsky  : [1] xkf.handleMessage(64): SCH: Running queue: 12-1 
08-05 22:43:11.285  6590  6614 I art     : Starting a blocking GC Explicit
08-05 22:43:11.314  6590  6614 I art     : Explicit concurrent mark sweep GC freed 1392(81KB) AllocSpace objects, 1(20KB) LOS objects, 39% free, 24MB/40MB, paused 238us total 28.861ms
08-05 22:43:11.327  6590  6614 I art     : Starting a blocking GC Explicit
08-05 22:43:11.329 15866  7240 I Finsky  : [6544] dzn.a(22): Completed 0 account content syncs with 0 successful.
08-05 22:43:11.330 15866 15866 I Finsky  : [1] ContentSyncJob.a(1): [ContentSync] Installation state replication succeeded.
08-05 22:43:11.330 15866 15866 I Finsky  : [1] xlr.a(13): SCH: jobFinished: 12-1. TimeElapsed: 157ms.
08-05 22:43:11.331 15866 15866 I Finsky  : [1] xkg.a(36): SCH: Job 12-1 finished. Not rescheduling.
08-05 22:43:11.331 15866 15866 I Finsky  : [1] xkf.handleMessage(61): SCH: RunningQueue size: 0, PendingQueue size: 0
08-05 22:43:11.331 15866 15866 I Finsky  : [1] xkf.handleMessage(25): Executor finished
08-05 22:43:11.354  6590  6614 I art     : Explicit concurrent mark sweep GC freed 20(704B) AllocSpace objects, 0(0B) LOS objects, 39% free, 24MB/40MB, paused 230us total 26.570ms
08-05 22:43:11.358  7210  7250 W GCM     : GCM SDK is deprecated, nappatfpr.appteam.nith.hillffair should update to use FCM
08-05 22:43:11.367  6590  6614 I art     : Starting a blocking GC Explicit
08-05 22:43:11.371 15866 15866 I Finsky  : [1] xmu.a(8): SCH: Jobs in database: 1-1337 3-219 3-220 24-77777777 26-1414141414 
08-05 22:43:11.374 15866 15866 I Finsky  : [1] xio.a(57): SCH: ConstraintMapping: 24-77777777,  -> L: 0ms, D: 80819553ms, C: false, I: true, N: 0
08-05 22:43:11.375 15866 15866 I Finsky  : [1] xio.a(57): SCH: ConstraintMapping: 1-1337,  -> L: 454831ms, D: 40961540ms, C: false, I: false, N: 1
08-05 22:43:11.376 15866 15866 I Finsky  : [1] xio.a(57): SCH: ConstraintMapping: 3-219,  -> L: 0ms, D: 72972150ms, C: false, I: true, N: 2
08-05 22:43:11.377 15866 15866 I Finsky  : [1] xio.a(57): SCH: ConstraintMapping: 3-220,  -> L: 0ms, D: 72972192ms, C: true, I: true, N: 2
08-05 22:43:11.377 15866 15866 I Finsky  : [1] xio.a(57): SCH: ConstraintMapping: 26-1414141414,  -> L: 2409005ms, D: 3309005ms, C: false, I: false, N: 0
08-05 22:43:11.390 15866 15866 I Finsky  : [1] xle.a(34): Cancelling existing jobscheduler jobs: 9019 9015 9010 9014 9011 9018 9017 9001 
08-05 22:43:11.391 15866 15866 I Finsky  : [1] xle.a(10): Throttling wakeup for job 9000 (expected to run in 0 ms) due to recent wakeup
08-05 22:43:11.391 15866 15866 I Finsky  : [1] xle.a(27): Scheduling job Id: 9000, L: 30000, D: 80819553, C: false, I: true, N: 0
08-05 22:43:11.391  6590  6614 I art     : Explicit concurrent mark sweep GC freed 3(96B) AllocSpace objects, 0(0B) LOS objects, 39% free, 24MB/40MB, paused 219us total 24.241ms
08-05 22:43:11.393 15866 15866 I Finsky  : [1] xle.a(27): Scheduling job Id: 9002, L: 454831, D: 40961540, C: false, I: false, N: 1
08-05 22:43:11.394 15866 15866 I Finsky  : [1] xle.a(10): Throttling wakeup for job 9003 (expected to run in 0 ms) due to recent wakeup
08-05 22:43:11.395 15866 15866 I Finsky  : [1] xle.a(27): Scheduling job Id: 9003, L: 30000, D: 72972150, C: false, I: true, N: 2
08-05 22:43:11.397 15866 15866 I Finsky  : [1] xle.a(10): Throttling wakeup for job 9004 (expected to run in 0 ms) due to recent wakeup
08-05 22:43:11.397 15866 15866 I Finsky  : [1] xle.a(27): Scheduling job Id: 9004, L: 30000, D: 72972192, C: true, I: true, N: 2
08-05 22:43:11.399 15866 15866 I Finsky  : [1] xle.a(27): Scheduling job Id: 9005, L: 2409005, D: 3309005, C: false, I: false, N: 0
08-05 22:43:11.400 15866 15866 I Finsky  : [1] xle.a(10): Throttling wakeup for job 9006 (expected to run in 0 ms) due to recent wakeup
08-05 22:43:11.400 15866 15866 I Finsky  : [1] xle.a(27): Scheduling job Id: 9006, L: 30000, D: 80819553, C: false, I: true, N: 0
08-05 22:43:11.402 15866 15866 I Finsky  : [1] xle.a(27): Scheduling job Id: 9007, L: 454831, D: 40961540, C: false, I: false, N: 1
08-05 22:43:11.403 15866 15866 I Finsky  : [1] xle.a(10): Throttling wakeup for job 9008 (expected to run in 0 ms) due to recent wakeup
08-05 22:43:11.403 15866 15866 I Finsky  : [1] xle.a(27): Scheduling job Id: 9008, L: 30000, D: 72972150, C: false, I: true, N: 2
08-05 22:43:11.404  6590  6614 I art     : Starting a blocking GC Explicit
08-05 22:43:11.404 15866 15866 I Finsky  : [1] xle.a(10): Throttling wakeup for job 9009 (expected to run in 0 ms) due to recent wakeup
08-05 22:43:11.405 15866 15866 I Finsky  : [1] xle.a(27): Scheduling job Id: 9009, L: 30000, D: 72972192, C: true, I: true, N: 2
08-05 22:43:11.406 15866 15866 I Finsky  : [1] xle.a(27): Scheduling job Id: 9012, L: 2409005, D: 3309005, C: false, I: false, N: 0
08-05 22:43:11.430  6590  6614 I art     : Explicit concurrent mark sweep GC freed 3(96B) AllocSpace objects, 0(0B) LOS objects, 39% free, 24MB/40MB, paused 234us total 25.868ms
08-05 22:43:11.442  6590  6614 I art     : Starting a blocking GC Explicit
08-05 22:43:11.471  6590  6614 I art     : Explicit concurrent mark sweep GC freed 3(96B) AllocSpace objects, 0(0B) LOS objects, 39% free, 24MB/40MB, paused 249us total 28.900ms
08-05 22:43:11.540  7210  7250 E OneSignal: Error Getting GCM Token
08-05 22:43:11.540  7210  7250 E OneSignal: java.io.IOException: INVALID_SENDER
08-05 22:43:11.540  7210  7250 E OneSignal: 	at com.google.android.gms.gcm.GoogleCloudMessaging.zzd(Unknown Source)
08-05 22:43:11.540  7210  7250 E OneSignal: 	at com.google.android.gms.gcm.GoogleCloudMessaging.register(Unknown Source)
08-05 22:43:11.540  7210  7250 E OneSignal: 	at com.onesignal.PushRegistratorGCM.getToken(PushRegistratorGCM.java:42)
08-05 22:43:11.540  7210  7250 E OneSignal: 	at com.onesignal.PushRegistratorAbstractGoogle.attemptRegistration(PushRegistratorAbstractGoogle.java:97)
08-05 22:43:11.540  7210  7250 E OneSignal: 	at com.onesignal.PushRegistratorAbstractGoogle.access$100(PushRegistratorAbstractGoogle.java:37)
08-05 22:43:11.540  7210  7250 E OneSignal: 	at com.onesignal.PushRegistratorAbstractGoogle$1.run(PushRegistratorAbstractGoogle.java:84)
08-05 22:43:11.540  7210  7250 E OneSignal: 	at java.lang.Thread.run(Thread.java:818)
08-05 22:43:11.559  7210  7252 I art     : Rejecting re-init on previously-failed class java.lang.Class<com.onesignal.OneSignalChromeTab$OneSignalCustomTabsServiceConnection>
08-05 22:43:11.559  7210  7252 I art     : Rejecting re-init on previously-failed class java.lang.Class<com.onesignal.OneSignalChromeTab$OneSignalCustomTabsServiceConnection>
08-05 22:43:11.592 24365 32102 I NetworkScheduler.Stats: Task com.google.android.gms/com.google.android.gms.icing.service.IcingGcmTaskService started execution. cause:1 exec_start_elapsed_seconds: 1813995 [CONTEXT service_id=218 ]
08-05 22:43:11.612 24365 12324 I NetworkScheduler.Stats: Task com.google.android.gms/com.google.android.gms.icing.service.IcingGcmTaskService finished executing. cause:1 result: 1 elapsed_millis: 47 uptime_millis: 47 exec_start_elapsed_seconds: 1813995 [CONTEXT service_id=218 ]
08-05 22:43:11.635   518   646 I ThermalEngine: ACTION: GPU - Setting GPU[0] to 600000000
08-05 22:43:11.748  6590  7013 I art     : Starting a blocking GC Explicit
08-05 22:43:11.788  6590  7013 I art     : Explicit concurrent mark sweep GC freed 1342(78KB) AllocSpace objects, 1(20KB) LOS objects, 39% free, 24MB/40MB, paused 238us total 39.550ms
08-05 22:43:11.804  6590  7013 I art     : Starting a blocking GC Explicit
08-05 22:43:11.829  6590  7013 I art     : Explicit concurrent mark sweep GC freed 20(704B) AllocSpace objects, 0(0B) LOS objects, 39% free, 24MB/40MB, paused 180us total 24.486ms
08-05 22:43:11.839  6590  7013 I art     : Starting a blocking GC Explicit
08-05 22:43:11.863  6590  7013 I art     : Explicit concurrent mark sweep GC freed 3(96B) AllocSpace objects, 0(0B) LOS objects, 39% free, 24MB/40MB, paused 197us total 24.139ms
08-05 22:43:11.874  6590  7013 I art     : Starting a blocking GC Explicit
08-05 22:43:11.898  6590  7013 I art     : Explicit concurrent mark sweep GC freed 3(96B) AllocSpace objects, 0(0B) LOS objects, 39% free, 24MB/40MB, paused 199us total 24.285ms
08-05 22:43:11.909  6590  7013 I art     : Starting a blocking GC Explicit
08-05 22:43:11.934  6590  7013 I art     : Explicit concurrent mark sweep GC freed 3(96B) AllocSpace objects, 0(0B) LOS objects, 39% free, 24MB/40MB, paused 201us total 25.255ms
08-05 22:43:12.264  6590  6602 I art     : Starting a blocking GC Explicit
08-05 22:43:12.299  6590  6602 I art     : Explicit concurrent mark sweep GC freed 1341(78KB) AllocSpace objects, 1(20KB) LOS objects, 39% free, 24MB/40MB, paused 228us total 35.052ms
08-05 22:43:12.303   918  3261 D WifiStateMachine: starting scan for "H369AA63323"WPA_PSK with 2412,5180
08-05 22:43:12.313  6590  6602 I art     : Starting a blocking GC Explicit
08-05 22:43:12.337  6590  6602 I art     : Explicit concurrent mark sweep GC freed 20(704B) AllocSpace objects, 0(0B) LOS objects, 39% free, 24MB/40MB, paused 234us total 23.472ms
08-05 22:43:12.347  6590  6602 I art     : Starting a blocking GC Explicit
08-05 22:43:12.371  6590  6602 I art     : Explicit concurrent mark sweep GC freed 3(96B) AllocSpace objects, 0(0B) LOS objects, 39% free, 24MB/40MB, paused 189us total 23.454ms
08-05 22:43:12.381  6590  6602 I art     : Starting a blocking GC Explicit
08-05 22:43:12.404  6590  6602 I art     : Explicit concurrent mark sweep GC freed 3(96B) AllocSpace objects, 0(0B) LOS objects, 39% free, 24MB/40MB, paused 183us total 22.823ms
08-05 22:43:12.414  6590  6602 I art     : Starting a blocking GC Explicit
08-05 22:43:12.438  6590  6602 I art     : Explicit concurrent mark sweep GC freed 3(96B) AllocSpace objects, 0(0B) LOS objects, 39% free, 24MB/40MB, paused 177us total 23.251ms
08-05 22:43:12.764  6590  6603 I art     : Starting a blocking GC Explicit
08-05 22:43:12.799  6590  6603 I art     : Explicit concurrent mark sweep GC freed 1345(78KB) AllocSpace objects, 1(20KB) LOS objects, 39% free, 24MB/40MB, paused 218us total 34.631ms
08-05 22:43:12.814  6590  6603 I art     : Starting a blocking GC Explicit
08-05 22:43:12.837  6590  6603 I art     : Explicit concurrent mark sweep GC freed 20(704B) AllocSpace objects, 0(0B) LOS objects, 39% free, 24MB/40MB, paused 193us total 23.262ms
08-05 22:43:12.847  6590  6603 I art     : Starting a blocking GC Explicit
08-05 22:43:12.871  6590  6603 I art     : Explicit concurrent mark sweep GC freed 3(96B) AllocSpace objects, 0(0B) LOS objects, 39% free, 24MB/40MB, paused 195us total 23.563ms
08-05 22:43:12.881  6590  6603 I art     : Starting a blocking GC Explicit
08-05 22:43:12.905  6590  6603 I art     : Explicit concurrent mark sweep GC freed 3(96B) AllocSpace objects, 0(0B) LOS objects, 39% free, 24MB/40MB, paused 190us total 23.535ms
08-05 22:43:12.915  6590  6603 I art     : Starting a blocking GC Explicit
08-05 22:43:12.939  6590  6603 I art     : Explicit concurrent mark sweep GC freed 3(96B) AllocSpace objects, 0(0B) LOS objects, 39% free, 24MB/40MB, paused 176us total 24.072ms
08-05 22:43:13.257  6590  6614 I art     : Starting a blocking GC Explicit
08-05 22:43:13.295  6590  6614 I art     : Explicit concurrent mark sweep GC freed 1342(78KB) AllocSpace objects, 1(20KB) LOS objects, 39% free, 24MB/40MB, paused 222us total 37.631ms
08-05 22:43:13.311  6590  6614 I art     : Starting a blocking GC Explicit
08-05 22:43:13.335  6590  6614 I art     : Explicit concurrent mark sweep GC freed 20(704B) AllocSpace objects, 0(0B) LOS objects, 39% free, 24MB/40MB, paused 176us total 24.447ms
08-05 22:43:13.346  6590  6614 I art     : Starting a blocking GC Explicit
08-05 22:43:13.370  6590  6614 I art     : Explicit concurrent mark sweep GC freed 3(96B) AllocSpace objects, 0(0B) LOS objects, 39% free, 24MB/40MB, paused 186us total 24.177ms
08-05 22:43:13.380  6590  6614 I art     : Starting a blocking GC Explicit
08-05 22:43:13.405  6590  6614 I art     : Explicit concurrent mark sweep GC freed 3(96B) AllocSpace objects, 0(0B) LOS objects, 39% free, 24MB/40MB, paused 200us total 23.894ms
08-05 22:43:13.415  6590  6614 I art     : Starting a blocking GC Explicit
08-05 22:43:13.441  6590  6614 I art     : Explicit concurrent mark sweep GC freed 3(96B) AllocSpace objects, 0(0B) LOS objects, 39% free, 24MB/40MB, paused 195us total 25.411ms
08-05 22:43:13.693  6590  7013 I art     : Starting a blocking GC Explicit
08-05 22:43:13.718  6590  7013 I art     : Explicit concurrent mark sweep GC freed 1341(78KB) AllocSpace objects, 1(20KB) LOS objects, 39% free, 24MB/40MB, paused 208us total 24.881ms
08-05 22:43:13.729  6590  7013 I art     : Starting a blocking GC Explicit
08-05 22:43:13.753  6590  7013 I art     : Explicit concurrent mark sweep GC freed 20(704B) AllocSpace objects, 0(0B) LOS objects, 39% free, 24MB/40MB, paused 203us total 24.067ms
08-05 22:43:13.763  6590  7013 I art     : Starting a blocking GC Explicit
08-05 22:43:13.786  6590  7013 I art     : Explicit concurrent mark sweep GC freed 3(96B) AllocSpace objects, 0(0B) LOS objects, 39% free, 24MB/40MB, paused 189us total 22.712ms
08-05 22:43:13.796  6590  7013 I art     : Starting a blocking GC Explicit
08-05 22:43:13.819  6590  7013 I art     : Explicit concurrent mark sweep GC freed 3(96B) AllocSpace objects, 0(0B) LOS objects, 39% free, 24MB/40MB, paused 193us total 22.788ms
08-05 22:43:13.829  6590  7013 I art     : Starting a blocking GC Explicit
08-05 22:43:13.852  6590  7013 I art     : Explicit concurrent mark sweep GC freed 3(96B) AllocSpace objects, 0(0B) LOS objects, 39% free, 24MB/40MB, paused 191us total 22.912ms
08-05 22:43:13.864  7294  7294 D AndroidRuntime: >>>>>> START com.android.internal.os.RuntimeInit uid 2000 <<<<<<
08-05 22:43:13.868  7294  7294 D AndroidRuntime: CheckJNI is OFF
08-05 22:43:13.892  7294  7294 D ICU     : No timezone override file found: /data/misc/zoneinfo/current/icu/icu_tzdata.dat
08-05 22:43:13.918  7294  7294 I Radio-JNI: register_android_hardware_Radio DONE
08-05 22:43:13.933  7294  7294 D AndroidRuntime: Calling main entry com.android.commands.input.Input
08-05 22:43:13.935  7294  7294 I Input   : injectMotionEvent: MotionEvent { action=ACTION_DOWN, actionButton=0, id[0]=0, x[0]=600.0, y[0]=700.0, toolType[0]=TOOL_TYPE_UNKNOWN, buttonState=0, metaState=0, flags=0x0, edgeFlags=0x0, pointerCount=1, historySize=0, eventTime=830610348, downTime=830610348, deviceId=0, source=0x1002 }
08-05 22:43:13.946  7294  7294 I Input   : injectMotionEvent: MotionEvent { action=ACTION_UP, actionButton=0, id[0]=0, x[0]=600.0, y[0]=700.0, toolType[0]=TOOL_TYPE_UNKNOWN, buttonState=0, metaState=0, flags=0x0, edgeFlags=0x0, pointerCount=1, historySize=0, eventTime=830610348, downTime=830610348, deviceId=0, source=0x1002 }
08-05 22:43:13.949  6590  6590 I RRChoreographer: Using modern Choreographer
08-05 22:43:13.951  7294  7294 D AndroidRuntime: Shutting down VM
08-05 22:43:13.960   512  2967 D audio_hw_primary: out_set_parameters: enter: usecase(1: low-latency-playback) kvpairs: routing=2
08-05 22:43:13.962   918  4413 I ActivityManager: START u0 {dat=https://oauth.reddit.com/... cmp=baseline.org.quantumbadger.redreader/.activities.CommentListingActivity} from uid 10705 on display 0
08-05 22:43:13.973   512  2967 D audio_hw_primary: select_devices: out_snd_device(2: speaker) in_snd_device(0: none)
08-05 22:43:13.973   512  2967 D msm8974_platform: platform_send_audio_calibration: sending audio calibration for snd_device(2) acdb_id(15)
08-05 22:43:13.973   512  2967 I soundtrigger: audio_extn_sound_trigger_update_device_status: device 0x2 of type 0 for Event 1
08-05 22:43:13.987   512  2967 D audio_hw_primary: enable_snd_device: snd_device(2: speaker)
08-05 22:43:13.988  6590  6590 I AppCompatViewInflater: app:theme is now deprecated. Please move to using android:theme instead.
08-05 22:43:13.989   512  2967 D audio_hw_primary: enable_audio_route: apply and update mixer path: low-latency-playback speaker
08-05 22:43:14.004  6590  7327 D OK      : calling: https://oauth.reddit.com/comments/gvc7k9/.json?sort=confidence
08-05 22:43:14.083  6590  6602 I art     : Starting a blocking GC Explicit
08-05 22:43:14.088   918   936 I ActivityManager: Displayed baseline.org.quantumbadger.redreader/.activities.CommentListingActivity: +116ms
08-05 22:43:14.088 13866 13866 I GoogleInputMethodServic: GoogleInputMethodService.onFinishInput():3138 
08-05 22:43:14.089 13866 13866 I GoogleInputMethodServic: GoogleInputMethodService.onStartInput():1808 
08-05 22:43:14.110  6590  6602 I art     : Explicit concurrent mark sweep GC freed 4219(270KB) AllocSpace objects, 1(20KB) LOS objects, 39% free, 24MB/40MB, paused 293us total 26.840ms
08-05 22:43:14.124  6590  6602 I art     : Starting a blocking GC Explicit
08-05 22:43:14.148  6590  6602 I art     : Explicit concurrent mark sweep GC freed 445(21KB) AllocSpace objects, 0(0B) LOS objects, 39% free, 24MB/40MB, paused 196us total 22.870ms
08-05 22:43:14.158  6590  6602 I art     : Starting a blocking GC Explicit
08-05 22:43:14.180  6590  6602 I art     : Explicit concurrent mark sweep GC freed 3(96B) AllocSpace objects, 0(0B) LOS objects, 39% free, 24MB/40MB, paused 197us total 21.991ms
08-05 22:43:14.190  6590  6602 I art     : Starting a blocking GC Explicit
08-05 22:43:14.212  6590  6602 I art     : Explicit concurrent mark sweep GC freed 5(192B) AllocSpace objects, 0(0B) LOS objects, 39% free, 24MB/40MB, paused 206us total 21.878ms
08-05 22:43:14.222  6590  6602 I art     : Starting a blocking GC Explicit
08-05 22:43:14.230  6590  7327 I NAPPA_EXPERIMENTATION: MetricNetworkRequestExecutionTime: REQUEST_DURATION_SYSTEM='226',REQUEST_DURATION_OKHTTP='224',REQUEST_SYNCHRONOUS='TRUE',RESPONSE_CODE='200',RESPONSE_METHOD='GET',RESPONSE_LENGTH_OKHTTP='-1',RESPONSE_LENGTH_HEADER='90132',REQUEST_PROTOCOL='h2',REQUEST_URL='https://oauth.reddit.com/comments/gvc7k9/.json?sort=confidence',
08-05 22:43:14.230  6590  7327 D OK      : request got status: 200
08-05 22:43:14.241  6590  7176 I CommentListingActivity: COMMENTS session changed to f60f04c0-40bb-4173-8355-8a1b90462135
08-05 22:43:14.245  6590  6602 I art     : Explicit concurrent mark sweep GC freed 499(76KB) AllocSpace objects, 0(0B) LOS objects, 38% free, 25MB/41MB, paused 293us total 23.287ms
08-05 22:43:14.341   380   380 W SurfaceFlinger: couldn't log to binary event log: overflow.
08-05 22:43:14.457  6590  6614 I art     : Starting a blocking GC Explicit
08-05 22:43:14.501  6590  6614 I art     : Explicit concurrent mark sweep GC freed 41197(2MB) AllocSpace objects, 4(72KB) LOS objects, 35% free, 28MB/44MB, paused 474us total 43.864ms
08-05 22:43:14.514  6590  6614 I art     : Starting a blocking GC Explicit
08-05 22:43:14.528   512  2967 D audio_hw_primary: disable_audio_route: reset and update mixer path: low-latency-playback speaker
08-05 22:43:14.529   512  2967 D audio_hw_primary: disable_snd_device: snd_device(2: speaker)
08-05 22:43:14.537   512  2967 I soundtrigger: audio_extn_sound_trigger_update_device_status: device 0x2 of type 0 for Event 0
08-05 22:43:14.549  6590  6614 I art     : Explicit concurrent mark sweep GC freed 2303(227KB) AllocSpace objects, 1(68KB) LOS objects, 35% free, 28MB/44MB, paused 204us total 35.030ms
08-05 22:43:14.561  6590  6614 I art     : Starting a blocking GC Explicit
08-05 22:43:14.594  6590  6614 I art     : Explicit concurrent mark sweep GC freed 19305(867KB) AllocSpace objects, 1(68KB) LOS objects, 36% free, 27MB/43MB, paused 193us total 32.313ms
08-05 22:43:14.605  6590  6614 I art     : Starting a blocking GC Explicit
08-05 22:43:14.636  6590  6614 I art     : Explicit concurrent mark sweep GC freed 8(272B) AllocSpace objects, 0(0B) LOS objects, 36% free, 27MB/43MB, paused 185us total 30.837ms
08-05 22:43:14.648  6590  6614 I art     : Starting a blocking GC Explicit
08-05 22:43:14.680  6590  6614 I art     : Explicit concurrent mark sweep GC freed 3(96B) AllocSpace objects, 0(0B) LOS objects, 36% free, 27MB/43MB, paused 190us total 32.552ms
08-05 22:43:14.889  5084  5084 I ServiceManager: Waiting for service AtCmdFwd...
08-05 22:43:14.968  6590  6602 I art     : Starting a blocking GC Explicit
08-05 22:43:15.012  6590  6602 I art     : Explicit concurrent mark sweep GC freed 1341(78KB) AllocSpace objects, 1(20KB) LOS objects, 36% free, 27MB/43MB, paused 180us total 43.011ms
08-05 22:43:15.026  6590  6602 I art     : Starting a blocking GC Explicit
08-05 22:43:15.062  6590  6602 I art     : Explicit concurrent mark sweep GC freed 20(704B) AllocSpace objects, 0(0B) LOS objects, 36% free, 27MB/43MB, paused 169us total 35.338ms
08-05 22:43:15.075  6590  6602 I art     : Starting a blocking GC Explicit
08-05 22:43:15.108  6590  6602 I art     : Explicit concurrent mark sweep GC freed 3(96B) AllocSpace objects, 0(0B) LOS objects, 36% free, 27MB/43MB, paused 221us total 32.981ms
08-05 22:43:15.119  6590  6602 I art     : Starting a blocking GC Explicit
08-05 22:43:15.155  6590  6602 I art     : Explicit concurrent mark sweep GC freed 49(1920B) AllocSpace objects, 0(0B) LOS objects, 36% free, 27MB/43MB, paused 186us total 35.229ms
08-05 22:43:15.167  6590  6602 I art     : Starting a blocking GC Explicit
08-05 22:43:15.203  6590  6602 I art     : Explicit concurrent mark sweep GC freed 3(96B) AllocSpace objects, 0(0B) LOS objects, 36% free, 27MB/43MB, paused 203us total 36.168ms
08-05 22:43:15.484  6590  6603 I art     : Starting a blocking GC Explicit
08-05 22:43:15.532  6590  6603 I art     : Explicit concurrent mark sweep GC freed 1341(78KB) AllocSpace objects, 1(20KB) LOS objects, 36% free, 27MB/43MB, paused 230us total 47.208ms
08-05 22:43:15.546  6590  6603 I art     : Starting a blocking GC Explicit
08-05 22:43:15.584  6590  6603 I art     : Explicit concurrent mark sweep GC freed 20(704B) AllocSpace objects, 0(0B) LOS objects, 36% free, 27MB/43MB, paused 211us total 37.768ms
08-05 22:43:15.596  6590  6603 I art     : Starting a blocking GC Explicit
08-05 22:43:15.633  6590  6603 I art     : Explicit concurrent mark sweep GC freed 3(96B) AllocSpace objects, 0(0B) LOS objects, 36% free, 27MB/43MB, paused 204us total 36.295ms
08-05 22:43:15.644  6590  6603 I art     : Starting a blocking GC Explicit
08-05 22:43:15.681  6590  6603 I art     : Explicit concurrent mark sweep GC freed 3(96B) AllocSpace objects, 0(0B) LOS objects, 36% free, 27MB/43MB, paused 177us total 35.961ms
08-05 22:43:15.693  6590  6603 I art     : Starting a blocking GC Explicit
08-05 22:43:15.730  6590  6603 I art     : Explicit concurrent mark sweep GC freed 3(96B) AllocSpace objects, 0(0B) LOS objects, 36% free, 27MB/43MB, paused 199us total 35.944ms
08-05 22:43:15.889  5084  5084 I ServiceManager: Waiting for service AtCmdFwd...
08-05 22:43:16.042  6590  7013 I art     : Starting a blocking GC Explicit
08-05 22:43:16.083  6590  7013 I art     : Explicit concurrent mark sweep GC freed 1341(78KB) AllocSpace objects, 1(20KB) LOS objects, 36% free, 27MB/43MB, paused 212us total 40.552ms
08-05 22:43:16.095  6590  7013 I art     : Starting a blocking GC Explicit
08-05 22:43:16.133  6590  7013 I art     : Explicit concurrent mark sweep GC freed 20(704B) AllocSpace objects, 0(0B) LOS objects, 36% free, 27MB/43MB, paused 205us total 36.999ms
08-05 22:43:16.145  6590  7013 I art     : Starting a blocking GC Explicit
08-05 22:43:16.182  6590  7013 I art     : Explicit concurrent mark sweep GC freed 3(96B) AllocSpace objects, 0(0B) LOS objects, 36% free, 27MB/43MB, paused 202us total 36.126ms
08-05 22:43:16.194  6590  7013 I art     : Starting a blocking GC Explicit
08-05 22:43:16.230  6590  7013 I art     : Explicit concurrent mark sweep GC freed 3(96B) AllocSpace objects, 0(0B) LOS objects, 36% free, 27MB/43MB, paused 204us total 35.605ms
08-05 22:43:16.242  6590  7013 I art     : Starting a blocking GC Explicit
08-05 22:43:16.279  6590  7013 I art     : Explicit concurrent mark sweep GC freed 3(96B) AllocSpace objects, 0(0B) LOS objects, 36% free, 27MB/43MB, paused 199us total 36.951ms
08-05 22:43:16.384  6326  7374 W OneSignal: OneSignalRestClient: POST Error thrown from network stack. 
08-05 22:43:16.384  6326  7374 W OneSignal: java.io.IOException: unexpected end of stream on Connection{api.onesignal.com:443, proxy=HTTP@192.168.2.12:8080 hostAddress=192.168.2.12 cipherSuite=TLS_ECDHE_RSA_WITH_AES_128_GCM_SHA256 protocol=http/1.1} (recycle count=0)
08-05 22:43:16.384  6326  7374 W OneSignal: 	at com.android.okhttp.internal.http.HttpConnection.readResponse(HttpConnection.java:210)
08-05 22:43:16.384  6326  7374 W OneSignal: 	at com.android.okhttp.internal.http.HttpTransport.readResponseHeaders(HttpTransport.java:80)
08-05 22:43:16.384  6326  7374 W OneSignal: 	at com.android.okhttp.internal.http.HttpEngine.readNetworkResponse(HttpEngine.java:904)
08-05 22:43:16.384  6326  7374 W OneSignal: 	at com.android.okhttp.internal.http.HttpEngine.readResponse(HttpEngine.java:788)
08-05 22:43:16.384  6326  7374 W OneSignal: 	at com.android.okhttp.internal.huc.HttpURLConnectionImpl.execute(HttpURLConnectionImpl.java:439)
08-05 22:43:16.384  6326  7374 W OneSignal: 	at com.android.okhttp.internal.huc.HttpURLConnectionImpl.getResponse(HttpURLConnectionImpl.java:384)
08-05 22:43:16.384  6326  7374 W OneSignal: 	at com.android.okhttp.internal.huc.HttpURLConnectionImpl.getResponseCode(HttpURLConnectionImpl.java:497)
08-05 22:43:16.384  6326  7374 W OneSignal: 	at com.android.okhttp.internal.huc.DelegatingHttpsURLConnection.getResponseCode(DelegatingHttpsURLConnection.java:105)
08-05 22:43:16.384  6326  7374 W OneSignal: 	at com.android.okhttp.internal.huc.HttpsURLConnectionImpl.getResponseCode(HttpsURLConnectionImpl.java)
08-05 22:43:16.384  6326  7374 W OneSignal: 	at com.onesignal.OneSignalRestClient.startHTTPConnection(OneSignalRestClient.java:180)
08-05 22:43:16.384  6326  7374 W OneSignal: 	at com.onesignal.OneSignalRestClient.access$100(OneSignalRestClient.java:44)
08-05 22:43:16.384  6326  7374 W OneSignal: 	at com.onesignal.OneSignalRestClient$4.run(OneSignalRestClient.java:110)
08-05 22:43:16.384  6326  7374 W OneSignal: 	at java.lang.Thread.run(Thread.java:818)
08-05 22:43:16.384  6326  7374 W OneSignal: Caused by: java.io.EOFException: \n not found: size=0 content=...
08-05 22:43:16.384  6326  7374 W OneSignal: 	at com.android.okhttp.okio.RealBufferedSource.readUtf8LineStrict(RealBufferedSource.java:200)
08-05 22:43:16.384  6326  7374 W OneSignal: 	at com.android.okhttp.internal.http.HttpConnection.readResponse(HttpConnection.java:191)
08-05 22:43:16.384  6326  7374 W OneSignal: 	... 12 more
08-05 22:43:16.389  6326  7375 W OneSignal: Failed last request. statusCode: -1
08-05 22:43:16.389  6326  7375 W OneSignal: response: null
08-05 22:43:16.397   918  1210 D NetlinkSocketObserver: NeighborEvent{elapsedMs=1814000271, 192.168.2.254, [7C3953A63323], RTM_NEWNEIGH, NUD_REACHABLE}
08-05 22:43:16.574  6590  6614 I art     : Starting a blocking GC Explicit
08-05 22:43:16.618  6590  6614 I art     : Explicit concurrent mark sweep GC freed 1341(78KB) AllocSpace objects, 1(20KB) LOS objects, 36% free, 27MB/43MB, paused 259us total 43.223ms
08-05 22:43:16.630  6590  6614 I art     : Starting a blocking GC Explicit
08-05 22:43:16.666  6590  6614 I art     : Explicit concurrent mark sweep GC freed 20(704B) AllocSpace objects, 0(0B) LOS objects, 36% free, 27MB/43MB, paused 212us total 36.028ms
08-05 22:43:16.678  6590  6614 I art     : Starting a blocking GC Explicit
08-05 22:43:16.691  7210  7386 W OneSignal: OneSignalRestClient: POST Error thrown from network stack. 
08-05 22:43:16.691  7210  7386 W OneSignal: java.io.IOException: unexpected end of stream on Connection{api.onesignal.com:443, proxy=HTTP@192.168.2.12:8080 hostAddress=192.168.2.12 cipherSuite=TLS_ECDHE_RSA_WITH_AES_128_GCM_SHA256 protocol=http/1.1} (recycle count=1)
08-05 22:43:16.691  7210  7386 W OneSignal: 	at com.android.okhttp.internal.http.HttpConnection.readResponse(HttpConnection.java:210)
08-05 22:43:16.691  7210  7386 W OneSignal: 	at com.android.okhttp.internal.http.HttpTransport.readResponseHeaders(HttpTransport.java:80)
08-05 22:43:16.691  7210  7386 W OneSignal: 	at com.android.okhttp.internal.http.HttpEngine.readNetworkResponse(HttpEngine.java:904)
08-05 22:43:16.691  7210  7386 W OneSignal: 	at com.android.okhttp.internal.http.HttpEngine.readResponse(HttpEngine.java:788)
08-05 22:43:16.691  7210  7386 W OneSignal: 	at com.android.okhttp.internal.huc.HttpURLConnectionImpl.execute(HttpURLConnectionImpl.java:439)
08-05 22:43:16.691  7210  7386 W OneSignal: 	at com.android.okhttp.internal.huc.HttpURLConnectionImpl.getResponse(HttpURLConnectionImpl.java:384)
08-05 22:43:16.691  7210  7386 W OneSignal: 	at com.android.okhttp.internal.huc.HttpURLConnectionImpl.getResponseCode(HttpURLConnectionImpl.java:497)
08-05 22:43:16.691  7210  7386 W OneSignal: 	at com.android.okhttp.internal.huc.DelegatingHttpsURLConnection.getResponseCode(DelegatingHttpsURLConnection.java:105)
08-05 22:43:16.691  7210  7386 W OneSignal: 	at com.android.okhttp.internal.huc.HttpsURLConnectionImpl.getResponseCode(HttpsURLConnectionImpl.java)
08-05 22:43:16.691  7210  7386 W OneSignal: 	at com.onesignal.OneSignalRestClient.startHTTPConnection(OneSignalRestClient.java:180)
08-05 22:43:16.691  7210  7386 W OneSignal: 	at com.onesignal.OneSignalRestClient.access$100(OneSignalRestClient.java:44)
08-05 22:43:16.691  7210  7386 W OneSignal: 	at com.onesignal.OneSignalRestClient$4.run(OneSignalRestClient.java:110)
08-05 22:43:16.691  7210  7386 W OneSignal: 	at java.lang.Thread.run(Thread.java:818)
08-05 22:43:16.691  7210  7386 W OneSignal: Caused by: java.io.EOFException: \n not found: size=0 content=...
08-05 22:43:16.691  7210  7386 W OneSignal: 	at com.android.okhttp.okio.RealBufferedSource.readUtf8LineStrict(RealBufferedSource.java:200)
08-05 22:43:16.691  7210  7386 W OneSignal: 	at com.android.okhttp.internal.http.HttpConnection.readResponse(HttpConnection.java:191)
08-05 22:43:16.691  7210  7386 W OneSignal: 	... 12 more
08-05 22:43:16.699  7210  7387 W OneSignal: Failed last request. statusCode: -1
08-05 22:43:16.699  7210  7387 W OneSignal: response: null
08-05 22:43:16.713  6590  6614 I art     : Explicit concurrent mark sweep GC freed 3(96B) AllocSpace objects, 0(0B) LOS objects, 36% free, 27MB/43MB, paused 194us total 35.076ms
08-05 22:43:16.725  6590  6614 I art     : Starting a blocking GC Explicit
08-05 22:43:16.760  6590  6614 I art     : Explicit concurrent mark sweep GC freed 3(96B) AllocSpace objects, 0(0B) LOS objects, 36% free, 27MB/43MB, paused 186us total 35.002ms
08-05 22:43:16.772  6590  6614 I art     : Starting a blocking GC Explicit
08-05 22:43:16.809  6590  6614 I art     : Explicit concurrent mark sweep GC freed 3(96B) AllocSpace objects, 0(0B) LOS objects, 36% free, 27MB/43MB, paused 232us total 36.304ms
08-05 22:43:16.890  5084  5084 I ServiceManager: Waiting for service AtCmdFwd...
08-05 22:43:17.129  6590  6602 I art     : Starting a blocking GC Explicit
08-05 22:43:17.174  6590  6602 I art     : Explicit concurrent mark sweep GC freed 1342(79KB) AllocSpace objects, 1(20KB) LOS objects, 36% free, 27MB/43MB, paused 217us total 44.379ms
08-05 22:43:17.186  6590  6602 I art     : Starting a blocking GC Explicit
08-05 22:43:17.222  6590  6602 I art     : Explicit concurrent mark sweep GC freed 20(704B) AllocSpace objects, 0(0B) LOS objects, 36% free, 27MB/43MB, paused 203us total 36.001ms
08-05 22:43:17.234  6590  6602 I art     : Starting a blocking GC Explicit
08-05 22:43:17.270  6590  6602 I art     : Explicit concurrent mark sweep GC freed 3(96B) AllocSpace objects, 0(0B) LOS objects, 36% free, 27MB/43MB, paused 198us total 36.096ms
08-05 22:43:17.283  6590  6602 I art     : Starting a blocking GC Explicit
08-05 22:43:17.318  6590  6602 I art     : Explicit concurrent mark sweep GC freed 3(96B) AllocSpace objects, 0(0B) LOS objects, 36% free, 27MB/43MB, paused 190us total 34.977ms
08-05 22:43:17.330  6590  6602 I art     : Starting a blocking GC Explicit
08-05 22:43:17.366  6590  6602 I art     : Explicit concurrent mark sweep GC freed 3(96B) AllocSpace objects, 0(0B) LOS objects, 36% free, 27MB/43MB, paused 203us total 35.943ms
08-05 22:43:17.689  6590  6603 I art     : Starting a blocking GC Explicit
08-05 22:43:17.740  6590  6603 I art     : Explicit concurrent mark sweep GC freed 1345(79KB) AllocSpace objects, 1(20KB) LOS objects, 36% free, 27MB/43MB, paused 236us total 50.593ms
08-05 22:43:17.754  6590  6603 I art     : Starting a blocking GC Explicit
08-05 22:43:17.790  6590  6603 I art     : Explicit concurrent mark sweep GC freed 20(704B) AllocSpace objects, 0(0B) LOS objects, 36% free, 27MB/43MB, paused 202us total 36.126ms
08-05 22:43:17.802  6590  6603 I art     : Starting a blocking GC Explicit
08-05 22:43:17.837  6590  6603 I art     : Explicit concurrent mark sweep GC freed 3(96B) AllocSpace objects, 0(0B) LOS objects, 36% free, 27MB/43MB, paused 217us total 35.427ms
08-05 22:43:17.849  6590  6603 I art     : Starting a blocking GC Explicit
08-05 22:43:17.885  6590  6603 I art     : Explicit concurrent mark sweep GC freed 3(96B) AllocSpace objects, 0(0B) LOS objects, 36% free, 27MB/43MB, paused 199us total 36.003ms
08-05 22:43:17.891  5084  5084 I ServiceManager: Waiting for service AtCmdFwd...
08-05 22:43:17.898  6590  6603 I art     : Starting a blocking GC Explicit
08-05 22:43:17.934  6590  6603 I art     : Explicit concurrent mark sweep GC freed 3(96B) AllocSpace objects, 0(0B) LOS objects, 36% free, 27MB/43MB, paused 203us total 36.036ms
08-05 22:43:18.238  6590  7013 I art     : Starting a blocking GC Explicit
08-05 22:43:18.276  6590  7013 I art     : Explicit concurrent mark sweep GC freed 1342(78KB) AllocSpace objects, 1(20KB) LOS objects, 36% free, 27MB/43MB, paused 203us total 38.082ms
08-05 22:43:18.288  6590  7013 I art     : Starting a blocking GC Explicit
08-05 22:43:18.319  6590  7013 I art     : Explicit concurrent mark sweep GC freed 20(704B) AllocSpace objects, 0(0B) LOS objects, 36% free, 27MB/43MB, paused 188us total 30.889ms
08-05 22:43:18.330  6590  7013 I art     : Starting a blocking GC Explicit
08-05 22:43:18.363  6590  7013 I art     : Explicit concurrent mark sweep GC freed 3(96B) AllocSpace objects, 0(0B) LOS objects, 36% free, 27MB/43MB, paused 188us total 32.984ms
08-05 22:43:18.375  6590  7013 I art     : Starting a blocking GC Explicit
08-05 22:43:18.408  6590  7013 I art     : Explicit concurrent mark sweep GC freed 3(96B) AllocSpace objects, 0(0B) LOS objects, 36% free, 27MB/43MB, paused 220us total 33.153ms
08-05 22:43:18.420  6590  7013 I art     : Starting a blocking GC Explicit
08-05 22:43:18.453  6590  7013 I art     : Explicit concurrent mark sweep GC freed 3(96B) AllocSpace objects, 0(0B) LOS objects, 36% free, 27MB/43MB, paused 198us total 33.163ms
08-05 22:43:18.514  7418  7418 D AndroidRuntime: >>>>>> START com.android.internal.os.RuntimeInit uid 2000 <<<<<<
08-05 22:43:18.518  7418  7418 D AndroidRuntime: CheckJNI is OFF
08-05 22:43:18.544  7418  7418 D ICU     : No timezone override file found: /data/misc/zoneinfo/current/icu/icu_tzdata.dat
08-05 22:43:18.570  7418  7418 I Radio-JNI: register_android_hardware_Radio DONE
08-05 22:43:18.587  7418  7418 D AndroidRuntime: Calling main entry com.android.commands.input.Input
08-05 22:43:18.588  7418  7418 I Input   : injectKeyEvent: KeyEvent { action=ACTION_DOWN, keyCode=KEYCODE_BACK, scanCode=0, metaState=0, flags=0x0, repeatCount=0, eventTime=830615002, downTime=830615002, deviceId=-1, source=0x101 }
08-05 22:43:18.598  7418  7418 I Input   : injectKeyEvent: KeyEvent { action=ACTION_UP, keyCode=KEYCODE_BACK, scanCode=0, metaState=0, flags=0x0, repeatCount=0, eventTime=830615002, downTime=830615002, deviceId=-1, source=0x101 }
08-05 22:43:18.606  7418  7418 D AndroidRuntime: Shutting down VM
08-05 22:43:18.645 13866 13866 I GoogleInputMethodServic: GoogleInputMethodService.onFinishInput():3138 
08-05 22:43:18.646 13866 13866 I GoogleInputMethodServic: GoogleInputMethodService.onStartInput():1808 
08-05 22:43:18.687  6590  6614 I art     : Starting a blocking GC Explicit
08-05 22:43:18.719  6590  6614 I art     : Explicit concurrent mark sweep GC freed 1587(87KB) AllocSpace objects, 1(20KB) LOS objects, 36% free, 27MB/43MB, paused 185us total 31.796ms
08-05 22:43:18.730  6590  6614 I art     : Starting a blocking GC Explicit
08-05 22:43:18.762  6590  6614 I art     : Explicit concurrent mark sweep GC freed 24(864B) AllocSpace objects, 0(0B) LOS objects, 36% free, 27MB/43MB, paused 167us total 31.903ms
08-05 22:43:18.775  6590  6614 I art     : Starting a blocking GC Explicit
08-05 22:43:18.812  6590  6614 I art     : Explicit concurrent mark sweep GC freed 3(96B) AllocSpace objects, 0(0B) LOS objects, 36% free, 27MB/43MB, paused 272us total 36.702ms
08-05 22:43:18.825  6590  6614 I art     : Starting a blocking GC Explicit
08-05 22:43:18.861  6590  6614 I art     : Explicit concurrent mark sweep GC freed 3(96B) AllocSpace objects, 0(0B) LOS objects, 36% free, 27MB/43MB, paused 199us total 36.137ms
08-05 22:43:18.874  6590  6614 I art     : Starting a blocking GC Explicit
08-05 22:43:18.892  5084  5084 I ServiceManager: Waiting for service AtCmdFwd...
08-05 22:43:18.910  6590  6614 I art     : Explicit concurrent mark sweep GC freed 3(96B) AllocSpace objects, 0(0B) LOS objects, 36% free, 27MB/43MB, paused 198us total 35.835ms
08-05 22:43:18.946   380   380 W SurfaceFlinger: couldn't log to binary event log: overflow.
08-05 22:43:18.972  6590  7320 I RedditChangeDataIO: Writing tmp data file at '/data/user/0/baseline.org.quantumbadger.redreader/files/rr_change_data_tmp.dat'
08-05 22:43:18.973  6590  7320 I RedditChangeDataManager: Taking snapshot...
08-05 22:43:18.973  6590  7320 I RedditChangeDataManager: Writing to stream...
08-05 22:43:18.973  6590  7320 I RedditChangeDataManager: Wrote 1 entries for user ''
08-05 22:43:18.973  6590  7320 I RedditChangeDataManager: All entries written to stream.
08-05 22:43:18.973  6590  7320 I RedditChangeDataIO: Write successful. Atomically replacing data file...
08-05 22:43:18.973  6590  7320 I RedditChangeDataIO: Write complete.
08-05 22:43:18.974  6590  7320 I RedditChangeDataIO: 38 bytes written in 2 ms
08-05 22:43:19.201  6590  6603 I art     : Starting a blocking GC Explicit
08-05 22:43:19.258  6590  6603 I art     : Explicit concurrent mark sweep GC freed 1477(85KB) AllocSpace objects, 2(88KB) LOS objects, 36% free, 27MB/43MB, paused 255us total 56.105ms
08-05 22:43:19.272  6590  6603 I art     : Starting a blocking GC Explicit
08-05 22:43:19.298  6590  6603 I art     : Explicit concurrent mark sweep GC freed 46781(2MB) AllocSpace objects, 5(140KB) LOS objects, 39% free, 24MB/40MB, paused 185us total 25.297ms
08-05 22:43:19.307  6590  6603 I art     : Starting a blocking GC Explicit
08-05 22:43:19.329  6590  6603 I art     : Explicit concurrent mark sweep GC freed 3(96B) AllocSpace objects, 0(0B) LOS objects, 39% free, 24MB/40MB, paused 184us total 21.432ms
08-05 22:43:19.338  6590  6603 I art     : Starting a blocking GC Explicit
08-05 22:43:19.360  6590  6603 I art     : Explicit concurrent mark sweep GC freed 3(96B) AllocSpace objects, 0(0B) LOS objects, 39% free, 24MB/40MB, paused 187us total 21.887ms
08-05 22:43:19.370  6590  6603 I art     : Starting a blocking GC Explicit
08-05 22:43:19.394  6590  6603 I art     : Explicit concurrent mark sweep GC freed 3(96B) AllocSpace objects, 0(0B) LOS objects, 39% free, 24MB/40MB, paused 198us total 23.784ms
08-05 22:43:19.681  6590  7013 I art     : Starting a blocking GC Explicit
08-05 22:43:19.718  6590  7013 I art     : Explicit concurrent mark sweep GC freed 1612(121KB) AllocSpace objects, 1(20KB) LOS objects, 39% free, 24MB/40MB, paused 254us total 36.526ms
08-05 22:43:19.732  6590  7013 I art     : Starting a blocking GC Explicit
08-05 22:43:19.757  6590  7013 I art     : Explicit concurrent mark sweep GC freed 85(2880B) AllocSpace objects, 0(0B) LOS objects, 39% free, 24MB/40MB, paused 190us total 25.535ms
08-05 22:43:19.768  6590  7013 I art     : Starting a blocking GC Explicit
08-05 22:43:19.793  6590  7013 I art     : Explicit concurrent mark sweep GC freed 3(96B) AllocSpace objects, 0(0B) LOS objects, 39% free, 24MB/40MB, paused 180us total 24.646ms
08-05 22:43:19.803  6590  7013 I art     : Starting a blocking GC Explicit
08-05 22:43:19.828  6590  7013 I art     : Explicit concurrent mark sweep GC freed 3(96B) AllocSpace objects, 0(0B) LOS objects, 39% free, 24MB/40MB, paused 205us total 24.568ms
08-05 22:43:19.839  6590  7013 I art     : Starting a blocking GC Explicit
08-05 22:43:19.861  6590  7013 I art     : Explicit concurrent mark sweep GC freed 3(96B) AllocSpace objects, 0(0B) LOS objects, 39% free, 24MB/40MB, paused 182us total 21.789ms
08-05 22:43:19.892  5084  5084 W Atfwd_Sendcmd: AtCmdFwd service not published, waiting... retryCnt : 2
08-05 22:43:20.120  6590  6602 I art     : Starting a blocking GC Explicit
08-05 22:43:20.145  6590  6602 I art     : Explicit concurrent mark sweep GC freed 1341(78KB) AllocSpace objects, 1(20KB) LOS objects, 39% free, 24MB/40MB, paused 195us total 25.158ms
08-05 22:43:20.152  7461  7461 D AndroidRuntime: >>>>>> START com.android.internal.os.RuntimeInit uid 2000 <<<<<<
08-05 22:43:20.156  6590  6602 I art     : Starting a blocking GC Explicit
08-05 22:43:20.156  7461  7461 D AndroidRuntime: CheckJNI is OFF
08-05 22:43:20.180  6590  6602 I art     : Explicit concurrent mark sweep GC freed 20(704B) AllocSpace objects, 0(0B) LOS objects, 39% free, 24MB/40MB, paused 206us total 23.324ms
08-05 22:43:20.184  7461  7461 D ICU     : No timezone override file found: /data/misc/zoneinfo/current/icu/icu_tzdata.dat
08-05 22:43:20.190  6590  6602 I art     : Starting a blocking GC Explicit
08-05 22:43:20.208  7461  7461 I Radio-JNI: register_android_hardware_Radio DONE
08-05 22:43:20.211  6590  6602 I art     : Explicit concurrent mark sweep GC freed 3(96B) AllocSpace objects, 0(0B) LOS objects, 39% free, 24MB/40MB, paused 173us total 21.144ms
08-05 22:43:20.221  6590  6602 I art     : Starting a blocking GC Explicit
08-05 22:43:20.224  7461  7461 D AndroidRuntime: Calling main entry com.android.commands.input.Input
08-05 22:43:20.226  7461  7461 I Input   : injectMotionEvent: MotionEvent { action=ACTION_DOWN, actionButton=0, id[0]=0, x[0]=600.0, y[0]=950.0, toolType[0]=TOOL_TYPE_UNKNOWN, buttonState=0, metaState=0, flags=0x0, edgeFlags=0x0, pointerCount=1, historySize=0, eventTime=830616639, downTime=830616639, deviceId=0, source=0x1002 }
08-05 22:43:20.232  7461  7461 I Input   : injectMotionEvent: MotionEvent { action=ACTION_UP, actionButton=0, id[0]=0, x[0]=600.0, y[0]=950.0, toolType[0]=TOOL_TYPE_UNKNOWN, buttonState=0, metaState=0, flags=0x0, edgeFlags=0x0, pointerCount=1, historySize=0, eventTime=830616639, downTime=830616639, deviceId=0, source=0x1002 }
08-05 22:43:20.234  7461  7461 D AndroidRuntime: Shutting down VM
08-05 22:43:20.243  6590  6602 I art     : Explicit concurrent mark sweep GC freed 18(624B) AllocSpace objects, 0(0B) LOS objects, 39% free, 24MB/40MB, paused 194us total 22.163ms
08-05 22:43:20.251   512  2967 D audio_hw_primary: out_set_parameters: enter: usecase(1: low-latency-playback) kvpairs: routing=2
08-05 22:43:20.253   918  5952 I ActivityManager: START u0 {dat=https://oauth.reddit.com/... cmp=baseline.org.quantumbadger.redreader/.activities.CommentListingActivity} from uid 10705 on display 0
08-05 22:43:20.255  6590  6602 I art     : Starting a blocking GC Explicit
08-05 22:43:20.264   512  2967 D audio_hw_primary: select_devices: out_snd_device(2: speaker) in_snd_device(0: none)
08-05 22:43:20.264   512  2967 D msm8974_platform: platform_send_audio_calibration: sending audio calibration for snd_device(2) acdb_id(15)
08-05 22:43:20.264   512  2967 I soundtrigger: audio_extn_sound_trigger_update_device_status: device 0x2 of type 0 for Event 1
08-05 22:43:20.271  6590  6590 I AppCompatViewInflater: app:theme is now deprecated. Please move to using android:theme instead.
08-05 22:43:20.274   512  2967 D audio_hw_primary: enable_snd_device: snd_device(2: speaker)
08-05 22:43:20.276   512  2967 D audio_hw_primary: enable_audio_route: apply and update mixer path: low-latency-playback speaker
08-05 22:43:20.279  6590  6602 I art     : Explicit concurrent mark sweep GC freed 1312(66KB) AllocSpace objects, 0(0B) LOS objects, 39% free, 24MB/40MB, paused 461us total 23.905ms
08-05 22:43:20.287  6590  7487 D OK      : calling: https://oauth.reddit.com/comments/hwnhe2/.json?sort=confidence
08-05 22:43:20.336   918   936 I ActivityManager: Displayed baseline.org.quantumbadger.redreader/.activities.CommentListingActivity: +76ms
08-05 22:43:20.337 13866 13866 I GoogleInputMethodServic: GoogleInputMethodService.onFinishInput():3138 
08-05 22:43:20.337 13866 13866 I GoogleInputMethodServic: GoogleInputMethodService.onStartInput():1808 
08-05 22:43:20.510  6590  6614 I art     : Starting a blocking GC Explicit
08-05 22:43:20.548  6590  6614 I art     : Explicit concurrent mark sweep GC freed 2971(160KB) AllocSpace objects, 1(20KB) LOS objects, 38% free, 25MB/41MB, paused 352us total 37.202ms
08-05 22:43:20.548  6590  6600 I art     : WaitForGcToComplete blocked for 16.174ms for cause HeapTrim
08-05 22:43:20.562  6590  6614 I art     : Starting a blocking GC Explicit
08-05 22:43:20.595  6590  6614 I art     : Explicit concurrent mark sweep GC freed 292(15KB) AllocSpace objects, 0(0B) LOS objects, 38% free, 25MB/41MB, paused 250us total 32.375ms
08-05 22:43:20.599   380   380 W SurfaceFlinger: couldn't log to binary event log: overflow.
08-05 22:43:20.610  6590  6614 I art     : Starting a blocking GC Explicit
08-05 22:43:20.633  6590  6614 I art     : Explicit concurrent mark sweep GC freed 3(96B) AllocSpace objects, 0(0B) LOS objects, 38% free, 25MB/41MB, paused 194us total 22.635ms
08-05 22:43:20.643  6590  6614 I art     : Starting a blocking GC Explicit
08-05 22:43:20.665  6590  6614 I art     : Explicit concurrent mark sweep GC freed 1842(72KB) AllocSpace objects, 0(0B) LOS objects, 38% free, 25MB/41MB, paused 249us total 21.963ms
08-05 22:43:20.676  6590  6614 I art     : Starting a blocking GC Explicit
08-05 22:43:20.699  6590  6614 I art     : Explicit concurrent mark sweep GC freed 182(7KB) AllocSpace objects, 0(0B) LOS objects, 38% free, 25MB/41MB, paused 268us total 22.687ms
08-05 22:43:20.820  6590  7487 I NAPPA_EXPERIMENTATION: MetricNetworkRequestExecutionTime: REQUEST_DURATION_SYSTEM='533',REQUEST_DURATION_OKHTTP='150',REQUEST_SYNCHRONOUS='TRUE',RESPONSE_CODE='200',RESPONSE_METHOD='GET',RESPONSE_LENGTH_OKHTTP='-1',RESPONSE_LENGTH_HEADER='3930',REQUEST_PROTOCOL='h2',REQUEST_URL='https://oauth.reddit.com/comments/hwnhe2/.json?sort=confidence',
08-05 22:43:20.820  6590  7487 D OK      : request got status: 200
08-05 22:43:20.829   512  2967 D audio_hw_primary: disable_audio_route: reset and update mixer path: low-latency-playback speaker
08-05 22:43:20.830   512  2967 D audio_hw_primary: disable_snd_device: snd_device(2: speaker)
08-05 22:43:20.834  6590  7176 I CommentListingActivity: COMMENTS session changed to 5b66266b-96bd-4df1-a8e8-87d2d97e8359
08-05 22:43:20.839   512  2967 I soundtrigger: audio_extn_sound_trigger_update_device_status: device 0x2 of type 0 for Event 0
08-05 22:43:20.944  6590  7013 I art     : Starting a blocking GC Explicit
08-05 22:43:20.976  6590  7013 I art     : Explicit concurrent mark sweep GC freed 5989(475KB) AllocSpace objects, 5(188KB) LOS objects, 38% free, 25MB/41MB, paused 178us total 32.164ms
08-05 22:43:20.990  6590  7013 I art     : Starting a blocking GC Explicit
08-05 22:43:21.013  6590  7013 I art     : Explicit concurrent mark sweep GC freed 114(4KB) AllocSpace objects, 0(0B) LOS objects, 38% free, 25MB/41MB, paused 190us total 23.069ms
08-05 22:43:21.023  6590  7013 I art     : Starting a blocking GC Explicit
08-05 22:43:21.047  6590  7013 I art     : Explicit concurrent mark sweep GC freed 3(96B) AllocSpace objects, 0(0B) LOS objects, 38% free, 25MB/41MB, paused 202us total 24.424ms
08-05 22:43:21.058  6590  7013 I art     : Starting a blocking GC Explicit
08-05 22:43:21.084  6590  7013 I art     : Explicit concurrent mark sweep GC freed 3(96B) AllocSpace objects, 0(0B) LOS objects, 38% free, 25MB/41MB, paused 223us total 25.205ms
08-05 22:43:21.094  6590  7013 I art     : Starting a blocking GC Explicit
08-05 22:43:21.116  6590  7013 I art     : Explicit concurrent mark sweep GC freed 3(96B) AllocSpace objects, 0(0B) LOS objects, 38% free, 25MB/41MB, paused 177us total 22.173ms
08-05 22:43:21.392  6590  6603 I art     : Starting a blocking GC Explicit
08-05 22:43:21.422  6590  6603 I art     : Explicit concurrent mark sweep GC freed 1342(79KB) AllocSpace objects, 1(20KB) LOS objects, 38% free, 25MB/41MB, paused 191us total 28.894ms
08-05 22:43:21.434  6590  6603 I art     : Starting a blocking GC Explicit
08-05 22:43:21.460  6590  6603 I art     : Explicit concurrent mark sweep GC freed 66(2528B) AllocSpace objects, 0(0B) LOS objects, 38% free, 25MB/41MB, paused 188us total 26.314ms
08-05 22:43:21.471  6590  6603 I art     : Starting a blocking GC Explicit
08-05 22:43:21.496  6590  6603 I art     : Explicit concurrent mark sweep GC freed 3(96B) AllocSpace objects, 0(0B) LOS objects, 38% free, 25MB/41MB, paused 195us total 25.455ms
08-05 22:43:21.507  6590  6603 I art     : Starting a blocking GC Explicit
08-05 22:43:21.532  6590  6603 I art     : Explicit concurrent mark sweep GC freed 3(96B) AllocSpace objects, 0(0B) LOS objects, 38% free, 25MB/41MB, paused 197us total 25.366ms
08-05 22:43:21.542  6590  6603 I art     : Starting a blocking GC Explicit
08-05 22:43:21.568  6590  6603 I art     : Explicit concurrent mark sweep GC freed 3(96B) AllocSpace objects, 0(0B) LOS objects, 38% free, 25MB/41MB, paused 201us total 25.363ms
08-05 22:43:21.842  6590  6602 I art     : Starting a blocking GC Explicit
08-05 22:43:21.876  6590  6602 I art     : Explicit concurrent mark sweep GC freed 1341(79KB) AllocSpace objects, 1(20KB) LOS objects, 38% free, 25MB/41MB, paused 247us total 33.828ms
08-05 22:43:21.890  6590  6602 I art     : Starting a blocking GC Explicit
08-05 22:43:21.917  6590  6602 I art     : Explicit concurrent mark sweep GC freed 20(704B) AllocSpace objects, 0(0B) LOS objects, 38% free, 25MB/41MB, paused 210us total 27.185ms
08-05 22:43:21.928  6590  6602 I art     : Starting a blocking GC Explicit
08-05 22:43:21.955  6590  6602 I art     : Explicit concurrent mark sweep GC freed 3(96B) AllocSpace objects, 0(0B) LOS objects, 38% free, 25MB/41MB, paused 174us total 26.207ms
08-05 22:43:21.965  6590  6602 I art     : Starting a blocking GC Explicit
08-05 22:43:21.991  6590  6602 I art     : Explicit concurrent mark sweep GC freed 3(96B) AllocSpace objects, 0(0B) LOS objects, 38% free, 25MB/41MB, paused 200us total 25.992ms
08-05 22:43:22.002  6590  6602 I art     : Starting a blocking GC Explicit
08-05 22:43:22.028  6590  6602 I art     : Explicit concurrent mark sweep GC freed 3(96B) AllocSpace objects, 0(0B) LOS objects, 38% free, 25MB/41MB, paused 195us total 25.981ms
08-05 22:43:22.342  6590  7013 I art     : Starting a blocking GC Explicit
08-05 22:43:22.380  6590  7013 I art     : Explicit concurrent mark sweep GC freed 1341(79KB) AllocSpace objects, 1(20KB) LOS objects, 38% free, 25MB/41MB, paused 230us total 37.308ms
08-05 22:43:22.397  6590  7013 I art     : Starting a blocking GC Explicit
08-05 22:43:22.424  6590  7013 I art     : Explicit concurrent mark sweep GC freed 20(704B) AllocSpace objects, 0(0B) LOS objects, 38% free, 25MB/41MB, paused 205us total 26.323ms
08-05 22:43:22.434  6590  7013 I art     : Starting a blocking GC Explicit
08-05 22:43:22.460  6590  7013 I art     : Explicit concurrent mark sweep GC freed 3(96B) AllocSpace objects, 0(0B) LOS objects, 38% free, 25MB/41MB, paused 190us total 25.909ms
08-05 22:43:22.471  6590  7013 I art     : Starting a blocking GC Explicit
08-05 22:43:22.497  6590  7013 I art     : Explicit concurrent mark sweep GC freed 3(96B) AllocSpace objects, 0(0B) LOS objects, 38% free, 25MB/41MB, paused 202us total 25.790ms
08-05 22:43:22.507  6590  7013 I art     : Starting a blocking GC Explicit
08-05 22:43:22.533  6590  7013 I art     : Explicit concurrent mark sweep GC freed 3(96B) AllocSpace objects, 0(0B) LOS objects, 38% free, 25MB/41MB, paused 200us total 25.854ms
08-05 22:43:22.654   518   646 I ThermalEngine: ACTION: GPU - Setting GPU[0] to 510000000
08-05 22:43:22.835  6590  6614 I art     : Starting a blocking GC Explicit
08-05 22:43:22.876  6590  6614 I art     : Explicit concurrent mark sweep GC freed 1342(79KB) AllocSpace objects, 1(20KB) LOS objects, 38% free, 25MB/41MB, paused 295us total 40.779ms
08-05 22:43:22.894  6590  6614 I art     : Starting a blocking GC Explicit
08-05 22:43:22.927  6590  6614 I art     : Explicit concurrent mark sweep GC freed 20(704B) AllocSpace objects, 0(0B) LOS objects, 38% free, 25MB/41MB, paused 279us total 33.150ms
08-05 22:43:22.941  6590  6614 I art     : Starting a blocking GC Explicit
08-05 22:43:22.974  6590  6614 I art     : Explicit concurrent mark sweep GC freed 3(96B) AllocSpace objects, 0(0B) LOS objects, 38% free, 25MB/41MB, paused 274us total 32.365ms
08-05 22:43:22.988  6590  6614 I art     : Starting a blocking GC Explicit
08-05 22:43:23.021  6590  6614 I art     : Explicit concurrent mark sweep GC freed 3(96B) AllocSpace objects, 0(0B) LOS objects, 38% free, 25MB/41MB, paused 264us total 32.931ms
08-05 22:43:23.035  6590  6614 I art     : Starting a blocking GC Explicit
08-05 22:43:23.068  6590  6614 I art     : Explicit concurrent mark sweep GC freed 3(96B) AllocSpace objects, 0(0B) LOS objects, 38% free, 25MB/41MB, paused 270us total 32.893ms
08-05 22:43:23.385  6590  6603 I art     : Starting a blocking GC Explicit
08-05 22:43:23.427  6590  6603 I art     : Explicit concurrent mark sweep GC freed 1341(79KB) AllocSpace objects, 1(20KB) LOS objects, 38% free, 25MB/41MB, paused 285us total 40.902ms
08-05 22:43:23.443  6590  6603 I art     : Starting a blocking GC Explicit
08-05 22:43:23.476  6590  6603 I art     : Explicit concurrent mark sweep GC freed 20(704B) AllocSpace objects, 0(0B) LOS objects, 38% free, 25MB/41MB, paused 332us total 32.424ms
08-05 22:43:23.490  6590  6603 I art     : Starting a blocking GC Explicit
08-05 22:43:23.523  6590  6603 I art     : Explicit concurrent mark sweep GC freed 3(96B) AllocSpace objects, 0(0B) LOS objects, 38% free, 25MB/41MB, paused 274us total 32.878ms
08-05 22:43:23.537  6590  6603 I art     : Starting a blocking GC Explicit
08-05 22:43:23.570  6590  6603 I art     : Explicit concurrent mark sweep GC freed 3(96B) AllocSpace objects, 0(0B) LOS objects, 38% free, 25MB/41MB, paused 272us total 32.623ms
08-05 22:43:23.584  6590  6603 I art     : Starting a blocking GC Explicit
08-05 22:43:23.617  6590  6603 I art     : Explicit concurrent mark sweep GC freed 3(96B) AllocSpace objects, 0(0B) LOS objects, 38% free, 25MB/41MB, paused 325us total 33.116ms
08-05 22:43:23.658   518   646 I ThermalEngine: ACTION: GPU - Setting GPU[0] to 600000000
08-05 22:43:23.968  6590  6602 I art     : Starting a blocking GC Explicit
08-05 22:43:24.012  6590  6602 I art     : Explicit concurrent mark sweep GC freed 1345(79KB) AllocSpace objects, 1(20KB) LOS objects, 38% free, 25MB/41MB, paused 237us total 43.382ms
08-05 22:43:24.025  6590  6602 I art     : Starting a blocking GC Explicit
08-05 22:43:24.052  6590  6602 I art     : Explicit concurrent mark sweep GC freed 20(704B) AllocSpace objects, 0(0B) LOS objects, 38% free, 25MB/41MB, paused 206us total 27.017ms
08-05 22:43:24.064  6590  6602 I art     : Starting a blocking GC Explicit
08-05 22:43:24.089  6590  6602 I art     : Explicit concurrent mark sweep GC freed 3(96B) AllocSpace objects, 0(0B) LOS objects, 38% free, 25MB/41MB, paused 194us total 25.425ms
08-05 22:43:24.100  6590  6602 I art     : Starting a blocking GC Explicit
08-05 22:43:24.126  6590  6602 I art     : Explicit concurrent mark sweep GC freed 3(96B) AllocSpace objects, 0(0B) LOS objects, 38% free, 25MB/41MB, paused 226us total 26.032ms
08-05 22:43:24.136  6590  6602 I art     : Starting a blocking GC Explicit
08-05 22:43:24.163  6590  6602 I art     : Explicit concurrent mark sweep GC freed 3(96B) AllocSpace objects, 0(0B) LOS objects, 38% free, 25MB/41MB, paused 207us total 26.111ms
08-05 22:43:24.462  6590  7013 I art     : Starting a blocking GC Explicit
08-05 22:43:24.496  6590  7013 I art     : Explicit concurrent mark sweep GC freed 1342(79KB) AllocSpace objects, 1(20KB) LOS objects, 38% free, 25MB/41MB, paused 201us total 33.614ms
08-05 22:43:24.506  6590  7013 I art     : Starting a blocking GC Explicit
08-05 22:43:24.532  6590  7013 I art     : Explicit concurrent mark sweep GC freed 20(704B) AllocSpace objects, 0(0B) LOS objects, 38% free, 25MB/41MB, paused 191us total 25.391ms
08-05 22:43:24.542  6590  7013 I art     : Starting a blocking GC Explicit
08-05 22:43:24.566  6590  7013 I art     : Explicit concurrent mark sweep GC freed 3(96B) AllocSpace objects, 0(0B) LOS objects, 38% free, 25MB/41MB, paused 183us total 24.156ms
08-05 22:43:24.576  6590  7013 I art     : Starting a blocking GC Explicit
08-05 22:43:24.600  6590  7013 I art     : Explicit concurrent mark sweep GC freed 3(96B) AllocSpace objects, 0(0B) LOS objects, 38% free, 25MB/41MB, paused 185us total 24.178ms
08-05 22:43:24.611  6590  7013 I art     : Starting a blocking GC Explicit
08-05 22:43:24.635  6590  7013 I art     : Explicit concurrent mark sweep GC freed 3(96B) AllocSpace objects, 0(0B) LOS objects, 38% free, 25MB/41MB, paused 193us total 24.135ms
08-05 22:43:24.788  7583  7583 D AndroidRuntime: >>>>>> START com.android.internal.os.RuntimeInit uid 2000 <<<<<<
08-05 22:43:24.793  7583  7583 D AndroidRuntime: CheckJNI is OFF
08-05 22:43:24.820  7583  7583 D ICU     : No timezone override file found: /data/misc/zoneinfo/current/icu/icu_tzdata.dat
08-05 22:43:24.845  7583  7583 I Radio-JNI: register_android_hardware_Radio DONE
08-05 22:43:24.861  7583  7583 D AndroidRuntime: Calling main entry com.android.commands.input.Input
08-05 22:43:24.862  7583  7583 I Input   : injectKeyEvent: KeyEvent { action=ACTION_DOWN, keyCode=KEYCODE_BACK, scanCode=0, metaState=0, flags=0x0, repeatCount=0, eventTime=830621275, downTime=830621275, deviceId=-1, source=0x101 }
08-05 22:43:24.867  7583  7583 I Input   : injectKeyEvent: KeyEvent { action=ACTION_UP, keyCode=KEYCODE_BACK, scanCode=0, metaState=0, flags=0x0, repeatCount=0, eventTime=830621275, downTime=830621275, deviceId=-1, source=0x101 }
08-05 22:43:24.877  7583  7583 D AndroidRuntime: Shutting down VM
08-05 22:43:24.908  6590  6614 I art     : Starting a blocking GC Explicit
08-05 22:43:24.917 13866 13866 I GoogleInputMethodServic: GoogleInputMethodService.onFinishInput():3138 
08-05 22:43:24.917 13866 13866 I GoogleInputMethodServic: GoogleInputMethodService.onStartInput():1808 
08-05 22:43:24.934  6590  6614 I art     : Explicit concurrent mark sweep GC freed 1541(86KB) AllocSpace objects, 1(20KB) LOS objects, 38% free, 25MB/41MB, paused 215us total 25.324ms
08-05 22:43:24.944  6590  6614 I art     : Starting a blocking GC Explicit
08-05 22:43:24.969  6590  6614 I art     : Explicit concurrent mark sweep GC freed 65(2176B) AllocSpace objects, 0(0B) LOS objects, 38% free, 25MB/41MB, paused 185us total 25.293ms
08-05 22:43:24.979  6590  6614 I art     : Starting a blocking GC Explicit
08-05 22:43:25.001  6590  6614 I art     : Explicit concurrent mark sweep GC freed 5(176B) AllocSpace objects, 0(0B) LOS objects, 38% free, 25MB/41MB, paused 189us total 21.433ms
08-05 22:43:25.011  6590  6614 I art     : Starting a blocking GC Explicit
08-05 22:43:25.035  6590  6614 I art     : Explicit concurrent mark sweep GC freed 3(96B) AllocSpace objects, 0(0B) LOS objects, 38% free, 25MB/41MB, paused 194us total 24.060ms
08-05 22:43:25.046  6590  6614 I art     : Starting a blocking GC Explicit
08-05 22:43:25.073  6590  6614 I art     : Explicit concurrent mark sweep GC freed 3(96B) AllocSpace objects, 0(0B) LOS objects, 38% free, 25MB/41MB, paused 254us total 27.598ms
08-05 22:43:25.220   380   380 W SurfaceFlinger: couldn't log to binary event log: overflow.
08-05 22:43:25.260  6590  7486 I RedditChangeDataIO: Writing tmp data file at '/data/user/0/baseline.org.quantumbadger.redreader/files/rr_change_data_tmp.dat'
08-05 22:43:25.260  6590  7486 I RedditChangeDataManager: Taking snapshot...
08-05 22:43:25.260  6590  7486 I RedditChangeDataManager: Writing to stream...
08-05 22:43:25.260  6590  7486 I RedditChangeDataManager: Wrote 2 entries for user ''
08-05 22:43:25.260  6590  7486 I RedditChangeDataManager: All entries written to stream.
08-05 22:43:25.261  6590  7486 I RedditChangeDataIO: Write successful. Atomically replacing data file...
08-05 22:43:25.261  6590  7486 I RedditChangeDataIO: Write complete.
08-05 22:43:25.261  6590  7486 I RedditChangeDataIO: 62 bytes written in 1 ms
08-05 22:43:25.310  6590  6602 I art     : Starting a blocking GC Explicit
08-05 22:43:25.334  6590  6602 I art     : Explicit concurrent mark sweep GC freed 1467(85KB) AllocSpace objects, 2(88KB) LOS objects, 38% free, 25MB/41MB, paused 193us total 23.412ms
08-05 22:43:25.343  6590  6602 I art     : Starting a blocking GC Explicit
08-05 22:43:25.365  6590  6602 I art     : Explicit concurrent mark sweep GC freed 3857(310KB) AllocSpace objects, 5(140KB) LOS objects, 39% free, 24MB/40MB, paused 193us total 21.856ms
08-05 22:43:25.375  6590  6602 I art     : Starting a blocking GC Explicit
08-05 22:43:25.396  6590  6602 I art     : Explicit concurrent mark sweep GC freed 3(96B) AllocSpace objects, 0(0B) LOS objects, 39% free, 24MB/40MB, paused 202us total 21.150ms
08-05 22:43:25.405  6590  6602 I art     : Starting a blocking GC Explicit
08-05 22:43:25.427  6590  6602 I art     : Explicit concurrent mark sweep GC freed 3(96B) AllocSpace objects, 0(0B) LOS objects, 39% free, 24MB/40MB, paused 196us total 21.414ms
08-05 22:43:25.436  6590  6602 I art     : Starting a blocking GC Explicit
08-05 22:43:25.457  6590  6602 I art     : Explicit concurrent mark sweep GC freed 3(96B) AllocSpace objects, 0(0B) LOS objects, 39% free, 24MB/40MB, paused 184us total 21.129ms
08-05 22:43:25.720  6590  7013 I art     : Starting a blocking GC Explicit
08-05 22:43:25.748  6590  7013 I art     : Explicit concurrent mark sweep GC freed 1341(79KB) AllocSpace objects, 1(20KB) LOS objects, 39% free, 24MB/40MB, paused 198us total 27.938ms
08-05 22:43:25.759  6590  7013 I art     : Starting a blocking GC Explicit
08-05 22:43:25.784  6590  7013 I art     : Explicit concurrent mark sweep GC freed 20(704B) AllocSpace objects, 0(0B) LOS objects, 39% free, 24MB/40MB, paused 196us total 24.894ms
08-05 22:43:25.794  6590  7013 I art     : Starting a blocking GC Explicit
08-05 22:43:25.820  6590  7013 I art     : Explicit concurrent mark sweep GC freed 3(96B) AllocSpace objects, 0(0B) LOS objects, 39% free, 24MB/40MB, paused 200us total 24.986ms
08-05 22:43:25.830  6590  7013 I art     : Starting a blocking GC Explicit
08-05 22:43:25.855  6590  7013 I art     : Explicit concurrent mark sweep GC freed 32(1568B) AllocSpace objects, 0(0B) LOS objects, 39% free, 24MB/40MB, paused 171us total 24.245ms
08-05 22:43:25.865  6590  7013 I art     : Starting a blocking GC Explicit
08-05 22:43:25.889  6590  7013 I art     : Explicit concurrent mark sweep GC freed 209(35KB) AllocSpace objects, 0(0B) LOS objects, 39% free, 24MB/40MB, paused 177us total 24.393ms
08-05 22:43:26.179  6590  6614 I art     : Starting a blocking GC Explicit
08-05 22:43:26.207  6590  6614 I art     : Explicit concurrent mark sweep GC freed 1406(81KB) AllocSpace objects, 1(20KB) LOS objects, 39% free, 24MB/40MB, paused 194us total 28.050ms
08-05 22:43:26.218  6590  6614 I art     : Starting a blocking GC Explicit
08-05 22:43:26.243  6590  6614 I art     : Explicit concurrent mark sweep GC freed 20(704B) AllocSpace objects, 0(0B) LOS objects, 39% free, 24MB/40MB, paused 181us total 24.885ms
08-05 22:43:26.254  6590  6614 I art     : Starting a blocking GC Explicit
08-05 22:43:26.277  6590  6614 I art     : Explicit concurrent mark sweep GC freed 3(96B) AllocSpace objects, 0(0B) LOS objects, 39% free, 24MB/40MB, paused 200us total 23.672ms
08-05 22:43:26.288  6590  6614 I art     : Starting a blocking GC Explicit
08-05 22:43:26.311  6590  6614 I art     : Explicit concurrent mark sweep GC freed 3(96B) AllocSpace objects, 0(0B) LOS objects, 39% free, 24MB/40MB, paused 193us total 22.661ms
08-05 22:43:26.321  6590  6614 I art     : Starting a blocking GC Explicit
08-05 22:43:26.344  6590  6614 I art     : Explicit concurrent mark sweep GC freed 3(96B) AllocSpace objects, 0(0B) LOS objects, 39% free, 24MB/40MB, paused 169us total 23.291ms
08-05 22:43:26.465  7636  7636 D AndroidRuntime: >>>>>> START com.android.internal.os.RuntimeInit uid 2000 <<<<<<
08-05 22:43:26.471  7636  7636 D AndroidRuntime: CheckJNI is OFF
08-05 22:43:26.502  7636  7636 D ICU     : No timezone override file found: /data/misc/zoneinfo/current/icu/icu_tzdata.dat
08-05 22:43:26.527  7636  7636 I Radio-JNI: register_android_hardware_Radio DONE
08-05 22:43:26.544  7636  7636 D AndroidRuntime: Calling main entry com.android.commands.input.Input
08-05 22:43:26.545  7636  7636 I Input   : injectMotionEvent: MotionEvent { action=ACTION_DOWN, actionButton=0, id[0]=0, x[0]=600.0, y[0]=1200.0, toolType[0]=TOOL_TYPE_UNKNOWN, buttonState=0, metaState=0, flags=0x0, edgeFlags=0x0, pointerCount=1, historySize=0, eventTime=830622958, downTime=830622958, deviceId=0, source=0x1002 }
08-05 22:43:26.551  7636  7636 I Input   : injectMotionEvent: MotionEvent { action=ACTION_UP, actionButton=0, id[0]=0, x[0]=600.0, y[0]=1200.0, toolType[0]=TOOL_TYPE_UNKNOWN, buttonState=0, metaState=0, flags=0x0, edgeFlags=0x0, pointerCount=1, historySize=0, eventTime=830622958, downTime=830622958, deviceId=0, source=0x1002 }
08-05 22:43:26.552  7636  7636 D AndroidRuntime: Shutting down VM
08-05 22:43:26.561   512  2967 D audio_hw_primary: out_set_parameters: enter: usecase(1: low-latency-playback) kvpairs: routing=2
08-05 22:43:26.563   918   928 I ActivityManager: START u0 {dat=https://oauth.reddit.com/... cmp=baseline.org.quantumbadger.redreader/.activities.CommentListingActivity} from uid 10705 on display 0
08-05 22:43:26.574   512  2967 D audio_hw_primary: select_devices: out_snd_device(2: speaker) in_snd_device(0: none)
08-05 22:43:26.574   512  2967 D msm8974_platform: platform_send_audio_calibration: sending audio calibration for snd_device(2) acdb_id(15)
08-05 22:43:26.574   512  2967 I soundtrigger: audio_extn_sound_trigger_update_device_status: device 0x2 of type 0 for Event 1
08-05 22:43:26.584  6590  6590 I AppCompatViewInflater: app:theme is now deprecated. Please move to using android:theme instead.
08-05 22:43:26.585   512  2967 D audio_hw_primary: enable_snd_device: snd_device(2: speaker)
08-05 22:43:26.587   512  2967 D audio_hw_primary: enable_audio_route: apply and update mixer path: low-latency-playback speaker
08-05 22:43:26.594  6590  6602 I art     : Starting a blocking GC Explicit
08-05 22:43:26.601  6590  7661 D OK      : calling: https://oauth.reddit.com/comments/hza888/.json?sort=confidence
08-05 22:43:26.618  6590  6602 I art     : Explicit concurrent mark sweep GC freed 3421(192KB) AllocSpace objects, 1(20KB) LOS objects, 39% free, 24MB/40MB, paused 259us total 24.239ms
08-05 22:43:26.628  6590  6602 I art     : Starting a blocking GC Explicit
08-05 22:43:26.650  6590  6602 I art     : Explicit concurrent mark sweep GC freed 885(34KB) AllocSpace objects, 0(0B) LOS objects, 39% free, 25MB/41MB, paused 248us total 21.260ms
08-05 22:43:26.659  6590  6602 I art     : Starting a blocking GC Explicit
08-05 22:43:26.662   918   936 I ActivityManager: Displayed baseline.org.quantumbadger.redreader/.activities.CommentListingActivity: +92ms
08-05 22:43:26.662 13866 13866 I GoogleInputMethodServic: GoogleInputMethodService.onFinishInput():3138 
08-05 22:43:26.663 13866 13866 I GoogleInputMethodServic: GoogleInputMethodService.onStartInput():1808 
08-05 22:43:26.684  6590  6602 I art     : Explicit concurrent mark sweep GC freed 174(9KB) AllocSpace objects, 0(0B) LOS objects, 39% free, 25MB/41MB, paused 258us total 24.416ms
08-05 22:43:26.695  6590  6602 I art     : Starting a blocking GC Explicit
08-05 22:43:26.718  6590  6602 I art     : Explicit concurrent mark sweep GC freed 95(6KB) AllocSpace objects, 0(0B) LOS objects, 39% free, 25MB/41MB, paused 211us total 22.756ms
08-05 22:43:26.728  6590  6602 I art     : Starting a blocking GC Explicit
08-05 22:43:26.751  6590  6602 I art     : Explicit concurrent mark sweep GC freed 9(400B) AllocSpace objects, 0(0B) LOS objects, 39% free, 25MB/41MB, paused 196us total 22.881ms
08-05 22:43:26.907   380   380 W SurfaceFlinger: couldn't log to binary event log: overflow.
08-05 22:43:26.952  6590  7661 I NAPPA_EXPERIMENTATION: MetricNetworkRequestExecutionTime: REQUEST_DURATION_SYSTEM='349',REQUEST_DURATION_OKHTTP='145',REQUEST_SYNCHRONOUS='TRUE',RESPONSE_CODE='200',RESPONSE_METHOD='GET',RESPONSE_LENGTH_OKHTTP='-1',RESPONSE_LENGTH_HEADER='21928',REQUEST_PROTOCOL='h2',REQUEST_URL='https://oauth.reddit.com/comments/hza888/.json?sort=confidence',
08-05 22:43:26.952  6590  7661 D OK      : request got status: 200
08-05 22:43:26.967  6590  7176 I CommentListingActivity: COMMENTS session changed to f4214a44-8e4d-4a45-ab8d-5eb082923940
08-05 22:43:27.003  6590  6614 I art     : Starting a blocking GC Explicit
08-05 22:43:27.036  6590  6614 I art     : Explicit concurrent mark sweep GC freed 8474(501KB) AllocSpace objects, 1(20KB) LOS objects, 38% free, 25MB/41MB, paused 603us total 32.519ms
08-05 22:43:27.048  6590  6614 I art     : Starting a blocking GC Explicit
08-05 22:43:27.079  6590  6614 I art     : Explicit concurrent mark sweep GC freed 7607(442KB) AllocSpace objects, 1(68KB) LOS objects, 37% free, 26MB/42MB, paused 230us total 30.451ms
08-05 22:43:27.089  6590  6614 I art     : Starting a blocking GC Explicit
08-05 22:43:27.116  6590  6614 I art     : Explicit concurrent mark sweep GC freed 3340(195KB) AllocSpace objects, 1(68KB) LOS objects, 38% free, 26MB/42MB, paused 502us total 27.082ms
08-05 22:43:27.126  6590  6614 I art     : Starting a blocking GC Explicit
08-05 22:43:27.128   512  2967 D audio_hw_primary: disable_audio_route: reset and update mixer path: low-latency-playback speaker
08-05 22:43:27.130   512  2967 D audio_hw_primary: disable_snd_device: snd_device(2: speaker)
08-05 22:43:27.136   512  2967 I soundtrigger: audio_extn_sound_trigger_update_device_status: device 0x2 of type 0 for Event 0
08-05 22:43:27.153  6590  6614 I art     : Explicit concurrent mark sweep GC freed 2141(92KB) AllocSpace objects, 0(0B) LOS objects, 37% free, 26MB/42MB, paused 205us total 27.292ms
08-05 22:43:27.163  6590  6614 I art     : Starting a blocking GC Explicit
08-05 22:43:27.190  6590  6614 I art     : Explicit concurrent mark sweep GC freed 36(9KB) AllocSpace objects, 0(0B) LOS objects, 37% free, 26MB/42MB, paused 235us total 25.947ms
08-05 22:43:27.477  6590  7013 I art     : Starting a blocking GC Explicit
08-05 22:43:27.514  6590  7013 I art     : Explicit concurrent mark sweep GC freed 1341(80KB) AllocSpace objects, 1(20KB) LOS objects, 37% free, 26MB/42MB, paused 186us total 36.882ms
08-05 22:43:27.526  6590  7013 I art     : Starting a blocking GC Explicit
08-05 22:43:27.557  6590  7013 I art     : Explicit concurrent mark sweep GC freed 20(720B) AllocSpace objects, 0(0B) LOS objects, 37% free, 26MB/42MB, paused 919us total 31.250ms
08-05 22:43:27.568  6590  7013 I art     : Starting a blocking GC Explicit
08-05 22:43:27.597  6590  7013 I art     : Explicit concurrent mark sweep GC freed 3(96B) AllocSpace objects, 0(0B) LOS objects, 37% free, 26MB/42MB, paused 185us total 28.548ms
08-05 22:43:27.608  6590  7013 I art     : Starting a blocking GC Explicit
08-05 22:43:27.634  6590  7013 I art     : Explicit concurrent mark sweep GC freed 3(96B) AllocSpace objects, 0(0B) LOS objects, 37% free, 26MB/42MB, paused 182us total 25.666ms
08-05 22:43:27.644  6590  7013 I art     : Starting a blocking GC Explicit
08-05 22:43:27.671  6590  7013 I art     : Explicit concurrent mark sweep GC freed 49(1920B) AllocSpace objects, 0(0B) LOS objects, 37% free, 26MB/42MB, paused 190us total 26.302ms
08-05 22:43:27.940  6590  6602 I art     : Starting a blocking GC Explicit
08-05 22:43:27.980  6590  6602 I art     : Explicit concurrent mark sweep GC freed 1341(80KB) AllocSpace objects, 1(20KB) LOS objects, 37% free, 26MB/42MB, paused 203us total 39.867ms
08-05 22:43:27.992  6590  6602 I art     : Starting a blocking GC Explicit
08-05 22:43:28.023  6590  6602 I art     : Explicit concurrent mark sweep GC freed 20(704B) AllocSpace objects, 0(0B) LOS objects, 37% free, 26MB/42MB, paused 187us total 30.991ms
08-05 22:43:28.034  6590  6602 I art     : Starting a blocking GC Explicit
08-05 22:43:28.064  6590  6602 I art     : Explicit concurrent mark sweep GC freed 3(96B) AllocSpace objects, 0(0B) LOS objects, 37% free, 26MB/42MB, paused 182us total 30.413ms
08-05 22:43:28.075  6590  6602 I art     : Starting a blocking GC Explicit
08-05 22:43:28.106  6590  6602 I art     : Explicit concurrent mark sweep GC freed 3(96B) AllocSpace objects, 0(0B) LOS objects, 37% free, 26MB/42MB, paused 189us total 31.174ms
08-05 22:43:28.117  6590  6602 I art     : Starting a blocking GC Explicit
08-05 22:43:28.149  6590  6602 I art     : Explicit concurrent mark sweep GC freed 3(96B) AllocSpace objects, 0(0B) LOS objects, 37% free, 26MB/42MB, paused 197us total 31.190ms
08-05 22:43:28.464  6590  6603 I art     : Starting a blocking GC Explicit
08-05 22:43:28.509  6590  6603 I art     : Explicit concurrent mark sweep GC freed 1341(80KB) AllocSpace objects, 1(20KB) LOS objects, 37% free, 26MB/42MB, paused 226us total 44.881ms
08-05 22:43:28.523  6590  6603 I art     : Starting a blocking GC Explicit
08-05 22:43:28.554  6590  6603 I art     : Explicit concurrent mark sweep GC freed 20(704B) AllocSpace objects, 0(0B) LOS objects, 37% free, 26MB/42MB, paused 204us total 31.002ms
08-05 22:43:28.565  6590  6603 I art     : Starting a blocking GC Explicit
08-05 22:43:28.596  6590  6603 I art     : Explicit concurrent mark sweep GC freed 3(96B) AllocSpace objects, 0(0B) LOS objects, 37% free, 26MB/42MB, paused 193us total 31.238ms
08-05 22:43:28.607  6590  6603 I art     : Starting a blocking GC Explicit
08-05 22:43:28.639  6590  6603 I art     : Explicit concurrent mark sweep GC freed 3(96B) AllocSpace objects, 0(0B) LOS objects, 37% free, 26MB/42MB, paused 202us total 31.245ms
08-05 22:43:28.650  6590  6603 I art     : Starting a blocking GC Explicit
08-05 22:43:28.668   518   646 I ThermalEngine: ACTION: GPU - Setting GPU[0] to 510000000
08-05 22:43:28.682  6590  6603 I art     : Explicit concurrent mark sweep GC freed 3(96B) AllocSpace objects, 0(0B) LOS objects, 37% free, 26MB/42MB, paused 256us total 31.929ms
08-05 22:43:28.942  6590  6614 I art     : Starting a blocking GC Explicit
08-05 22:43:28.980  6590  6614 I art     : Explicit concurrent mark sweep GC freed 1341(80KB) AllocSpace objects, 1(20KB) LOS objects, 37% free, 26MB/42MB, paused 269us total 38.249ms
08-05 22:43:28.994  6590  6614 I art     : Starting a blocking GC Explicit
08-05 22:43:29.031  6590  6614 I art     : Explicit concurrent mark sweep GC freed 20(704B) AllocSpace objects, 0(0B) LOS objects, 37% free, 26MB/42MB, paused 240us total 36.042ms
08-05 22:43:29.045  6590  6614 I art     : Starting a blocking GC Explicit
08-05 22:43:29.081  6590  6614 I art     : Explicit concurrent mark sweep GC freed 3(96B) AllocSpace objects, 0(0B) LOS objects, 37% free, 26MB/42MB, paused 254us total 35.886ms
08-05 22:43:29.095  6590  6614 I art     : Starting a blocking GC Explicit
08-05 22:43:29.131  6590  6614 I art     : Explicit concurrent mark sweep GC freed 3(96B) AllocSpace objects, 0(0B) LOS objects, 37% free, 26MB/42MB, paused 253us total 36.269ms
08-05 22:43:29.145  6590  6614 I art     : Starting a blocking GC Explicit
08-05 22:43:29.181  6590  6614 I art     : Explicit concurrent mark sweep GC freed 3(96B) AllocSpace objects, 0(0B) LOS objects, 37% free, 26MB/42MB, paused 253us total 36.033ms
08-05 22:43:29.232  7709  7709 D AndroidRuntime: >>>>>> START com.android.internal.os.RuntimeInit uid 2000 <<<<<<
08-05 22:43:29.237  7709  7709 D AndroidRuntime: CheckJNI is OFF
08-05 22:43:29.272  7709  7709 D ICU     : No timezone override file found: /data/misc/zoneinfo/current/icu/icu_tzdata.dat
08-05 22:43:29.305  7709  7709 I Radio-JNI: register_android_hardware_Radio DONE
08-05 22:43:29.327  7709  7709 D AndroidRuntime: Calling main entry com.android.commands.input.Input
08-05 22:43:29.329  7709  7709 I Input   : injectKeyEvent: KeyEvent { action=ACTION_DOWN, keyCode=KEYCODE_BACK, scanCode=0, metaState=0, flags=0x0, repeatCount=0, eventTime=830625742, downTime=830625742, deviceId=-1, source=0x101 }
08-05 22:43:29.337  7709  7709 I Input   : injectKeyEvent: KeyEvent { action=ACTION_UP, keyCode=KEYCODE_BACK, scanCode=0, metaState=0, flags=0x0, repeatCount=0, eventTime=830625742, downTime=830625742, deviceId=-1, source=0x101 }
08-05 22:43:29.343  7709  7709 D AndroidRuntime: Shutting down VM
08-05 22:43:29.390 13866 13866 I GoogleInputMethodServic: GoogleInputMethodService.onFinishInput():3138 
08-05 22:43:29.391 13866 13866 I GoogleInputMethodServic: GoogleInputMethodService.onStartInput():1808 
08-05 22:43:29.441  6590  7013 I art     : Starting a blocking GC Explicit
08-05 22:43:29.474  6590  7013 I art     : Explicit concurrent mark sweep GC freed 1596(89KB) AllocSpace objects, 1(20KB) LOS objects, 37% free, 26MB/42MB, paused 246us total 32.204ms
08-05 22:43:29.487  6590  7013 I art     : Starting a blocking GC Explicit
08-05 22:43:29.526  6590  7013 I art     : Explicit concurrent mark sweep GC freed 24(864B) AllocSpace objects, 0(0B) LOS objects, 37% free, 26MB/42MB, paused 257us total 38.426ms
08-05 22:43:29.542  6590  7013 I art     : Starting a blocking GC Explicit
08-05 22:43:29.587  6590  7013 I art     : Explicit concurrent mark sweep GC freed 3(96B) AllocSpace objects, 0(0B) LOS objects, 37% free, 26MB/42MB, paused 257us total 45.338ms
08-05 22:43:29.603  6590  7013 I art     : Starting a blocking GC Explicit
08-05 22:43:29.650  6590  7013 I art     : Explicit concurrent mark sweep GC freed 3(96B) AllocSpace objects, 0(0B) LOS objects, 37% free, 26MB/42MB, paused 329us total 46.569ms
08-05 22:43:29.666  6590  7013 I art     : Starting a blocking GC Explicit
08-05 22:43:29.707  6590  7013 I art     : Explicit concurrent mark sweep GC freed 3(96B) AllocSpace objects, 0(0B) LOS objects, 37% free, 26MB/42MB, paused 374us total 40.257ms
08-05 22:43:29.709   380   380 W SurfaceFlinger: couldn't log to binary event log: overflow.
08-05 22:43:29.892  5084  5084 I ServiceManager: Waiting for service AtCmdFwd...
08-05 22:43:29.986  6590  6614 I art     : Starting a blocking GC Explicit
08-05 22:43:30.022  6590  6614 I art     : Explicit concurrent mark sweep GC freed 1397(82KB) AllocSpace objects, 1(20KB) LOS objects, 37% free, 26MB/42MB, paused 237us total 35.242ms
08-05 22:43:30.034  6590  6614 I art     : Starting a blocking GC Explicit
08-05 22:43:30.064  6590  6614 I art     : Explicit concurrent mark sweep GC freed 22993(1248KB) AllocSpace objects, 5(164KB) LOS objects, 39% free, 24MB/40MB, paused 260us total 29.313ms
08-05 22:43:30.077  6590  6614 I art     : Starting a blocking GC Explicit
08-05 22:43:30.106  6590  6614 I art     : Explicit concurrent mark sweep GC freed 21(768B) AllocSpace objects, 0(0B) LOS objects, 39% free, 24MB/40MB, paused 249us total 28.670ms
08-05 22:43:30.119  6590  6614 I art     : Starting a blocking GC Explicit
08-05 22:43:30.149  6590  6614 I art     : Explicit concurrent mark sweep GC freed 3(96B) AllocSpace objects, 0(0B) LOS objects, 39% free, 24MB/40MB, paused 261us total 29.499ms
08-05 22:43:30.162  6590  6614 I art     : Starting a blocking GC Explicit
08-05 22:43:30.193  6590  6614 I art     : Explicit concurrent mark sweep GC freed 3(96B) AllocSpace objects, 0(0B) LOS objects, 39% free, 24MB/40MB, paused 264us total 30.319ms
08-05 22:43:30.473  6590  6603 I art     : Starting a blocking GC Explicit
08-05 22:43:30.518  6590  6603 I art     : Explicit concurrent mark sweep GC freed 1342(80KB) AllocSpace objects, 1(20KB) LOS objects, 39% free, 24MB/40MB, paused 474us total 45.094ms
08-05 22:43:30.535  6590  6603 I art     : Starting a blocking GC Explicit
08-05 22:43:30.566  6590  6603 I art     : Explicit concurrent mark sweep GC freed 20(704B) AllocSpace objects, 0(0B) LOS objects, 39% free, 24MB/40MB, paused 249us total 30.240ms
08-05 22:43:30.579  6590  6603 I art     : Starting a blocking GC Explicit
08-05 22:43:30.609  6590  6603 I art     : Explicit concurrent mark sweep GC freed 3(96B) AllocSpace objects, 0(0B) LOS objects, 39% free, 24MB/40MB, paused 265us total 29.094ms
08-05 22:43:30.622  6590  6603 I art     : Starting a blocking GC Explicit
08-05 22:43:30.651  6590  6603 I art     : Explicit concurrent mark sweep GC freed 3(96B) AllocSpace objects, 0(0B) LOS objects, 39% free, 24MB/40MB, paused 255us total 28.255ms
08-05 22:43:30.664  6590  6603 I art     : Starting a blocking GC Explicit
08-05 22:43:30.693  6590  6603 I art     : Explicit concurrent mark sweep GC freed 3(96B) AllocSpace objects, 0(0B) LOS objects, 39% free, 24MB/40MB, paused 257us total 28.972ms
08-05 22:43:30.893  5084  5084 I ServiceManager: Waiting for service AtCmdFwd...
08-05 22:43:30.960  6590  6602 I art     : Starting a blocking GC Explicit
08-05 22:43:30.991  6590  6602 I art     : Explicit concurrent mark sweep GC freed 1341(80KB) AllocSpace objects, 1(20KB) LOS objects, 39% free, 24MB/40MB, paused 274us total 30.597ms
08-05 22:43:31.004  6590  6602 I art     : Starting a blocking GC Explicit
08-05 22:43:31.009  7764  7764 D AndroidRuntime: >>>>>> START com.android.internal.os.RuntimeInit uid 2000 <<<<<<
08-05 22:43:31.014  7764  7764 D AndroidRuntime: CheckJNI is OFF
08-05 22:43:31.035  6590  6602 I art     : Explicit concurrent mark sweep GC freed 20(704B) AllocSpace objects, 0(0B) LOS objects, 39% free, 24MB/40MB, paused 297us total 31.088ms
08-05 22:43:31.048  6590  6602 I art     : Starting a blocking GC Explicit
08-05 22:43:31.053  7764  7764 D ICU     : No timezone override file found: /data/misc/zoneinfo/current/icu/icu_tzdata.dat
08-05 22:43:31.078  6590  6602 I art     : Explicit concurrent mark sweep GC freed 3(96B) AllocSpace objects, 0(0B) LOS objects, 39% free, 24MB/40MB, paused 793us total 29.704ms
08-05 22:43:31.088  7764  7764 I Radio-JNI: register_android_hardware_Radio DONE
08-05 22:43:31.091  6590  6602 I art     : Starting a blocking GC Explicit
08-05 22:43:31.110  7764  7764 D AndroidRuntime: Calling main entry com.android.commands.input.Input
08-05 22:43:31.112  7764  7764 I Input   : injectMotionEvent: MotionEvent { action=ACTION_DOWN, actionButton=0, id[0]=0, x[0]=600.0, y[0]=950.0, toolType[0]=TOOL_TYPE_UNKNOWN, buttonState=0, metaState=0, flags=0x0, edgeFlags=0x0, pointerCount=1, historySize=0, eventTime=830627524, downTime=830627524, deviceId=0, source=0x1002 }
08-05 22:43:31.117  7764  7764 I Input   : injectMotionEvent: MotionEvent { action=ACTION_UP, actionButton=0, id[0]=0, x[0]=600.0, y[0]=950.0, toolType[0]=TOOL_TYPE_UNKNOWN, buttonState=0, metaState=0, flags=0x0, edgeFlags=0x0, pointerCount=1, historySize=0, eventTime=830627524, downTime=830627524, deviceId=0, source=0x1002 }
08-05 22:43:31.119  7764  7764 D AndroidRuntime: Shutting down VM
08-05 22:43:31.120  6590  6602 I art     : Explicit concurrent mark sweep GC freed 6(192B) AllocSpace objects, 0(0B) LOS objects, 39% free, 24MB/40MB, paused 341us total 28.509ms
08-05 22:43:31.132   512  2967 D audio_hw_primary: out_set_parameters: enter: usecase(1: low-latency-playback) kvpairs: routing=2
08-05 22:43:31.134  6590  6602 I art     : Starting a blocking GC Explicit
08-05 22:43:31.138   918  5952 I ActivityManager: START u0 {dat=https://oauth.reddit.com/... cmp=baseline.org.quantumbadger.redreader/.activities.CommentListingActivity} from uid 10705 on display 0
08-05 22:43:31.145   512  2967 D audio_hw_primary: select_devices: out_snd_device(2: speaker) in_snd_device(0: none)
08-05 22:43:31.145   512  2967 D msm8974_platform: platform_send_audio_calibration: sending audio calibration for snd_device(2) acdb_id(15)
08-05 22:43:31.145   512  2967 I soundtrigger: audio_extn_sound_trigger_update_device_status: device 0x2 of type 0 for Event 1
08-05 22:43:31.157   512  2967 D audio_hw_primary: enable_snd_device: snd_device(2: speaker)
08-05 22:43:31.159   512  2967 D audio_hw_primary: enable_audio_route: apply and update mixer path: low-latency-playback speaker
08-05 22:43:31.159  6590  6590 I AppCompatViewInflater: app:theme is now deprecated. Please move to using android:theme instead.
08-05 22:43:31.163  6590  6602 I art     : Explicit concurrent mark sweep GC freed 1113(46KB) AllocSpace objects, 0(0B) LOS objects, 39% free, 24MB/40MB, paused 477us total 28.898ms
08-05 22:43:31.180  6590  7176 I CommentListingActivity: COMMENTS session changed to 5b66266b-96bd-4df1-a8e8-87d2d97e8359
08-05 22:43:31.234   918   936 I ActivityManager: Displayed baseline.org.quantumbadger.redreader/.activities.CommentListingActivity: +88ms
08-05 22:43:31.248 13866 13866 I GoogleInputMethodServic: GoogleInputMethodService.onFinishInput():3138 
08-05 22:43:31.249 13866 13866 I GoogleInputMethodServic: GoogleInputMethodService.onStartInput():1808 
08-05 22:43:31.405  6590  6614 I art     : Starting a blocking GC Explicit
08-05 22:43:31.449  6590  6614 I art     : Explicit concurrent mark sweep GC freed 6852(520KB) AllocSpace objects, 3(52KB) LOS objects, 38% free, 25MB/41MB, paused 275us total 43.815ms
08-05 22:43:31.464  6590  6614 I art     : Starting a blocking GC Explicit
08-05 22:43:31.495   380   380 W SurfaceFlinger: couldn't log to binary event log: overflow.
08-05 22:43:31.502  6590  6614 I art     : Explicit concurrent mark sweep GC freed 446(21KB) AllocSpace objects, 0(0B) LOS objects, 38% free, 25MB/41MB, paused 233us total 37.663ms
08-05 22:43:31.518  6590  6614 I art     : Starting a blocking GC Explicit
08-05 22:43:31.545  6590  6614 I art     : Explicit concurrent mark sweep GC freed 3(96B) AllocSpace objects, 0(0B) LOS objects, 38% free, 25MB/41MB, paused 230us total 27.297ms
08-05 22:43:31.558  6590  6614 I art     : Starting a blocking GC Explicit
08-05 22:43:31.572  6590  7660 I RedditChangeDataIO: Writing tmp data file at '/data/user/0/baseline.org.quantumbadger.redreader/files/rr_change_data_tmp.dat'
08-05 22:43:31.572  6590  7660 I RedditChangeDataManager: Taking snapshot...
08-05 22:43:31.572  6590  7660 I RedditChangeDataManager: Writing to stream...
08-05 22:43:31.572  6590  7660 I RedditChangeDataManager: Wrote 3 entries for user ''
08-05 22:43:31.572  6590  7660 I RedditChangeDataManager: All entries written to stream.
08-05 22:43:31.573  6590  7660 I RedditChangeDataIO: Write successful. Atomically replacing data file...
08-05 22:43:31.573  6590  7660 I RedditChangeDataIO: Write complete.
08-05 22:43:31.573  6590  7660 I RedditChangeDataIO: 86 bytes written in 1 ms
08-05 22:43:31.586  6590  6614 I art     : Explicit concurrent mark sweep GC freed 76(4KB) AllocSpace objects, 1(68KB) LOS objects, 38% free, 25MB/41MB, paused 235us total 28.085ms
08-05 22:43:31.599  6590  6614 I art     : Starting a blocking GC Explicit
08-05 22:43:31.630  6590  6614 I art     : Explicit concurrent mark sweep GC freed 12(560B) AllocSpace objects, 0(0B) LOS objects, 38% free, 25MB/41MB, paused 310us total 30.709ms
08-05 22:43:31.674   518   646 I ThermalEngine: ACTION: GPU - Setting GPU[0] to 600000000
08-05 22:43:31.699   512  2967 D audio_hw_primary: disable_audio_route: reset and update mixer path: low-latency-playback speaker
08-05 22:43:31.701   512  2967 D audio_hw_primary: disable_snd_device: snd_device(2: speaker)
08-05 22:43:31.709   512  2967 I soundtrigger: audio_extn_sound_trigger_update_device_status: device 0x2 of type 0 for Event 0
08-05 22:43:31.887  6590  6603 I art     : Starting a blocking GC Explicit
08-05 22:43:31.893  5084  5084 I ServiceManager: Waiting for service AtCmdFwd...
08-05 22:43:31.918  6590  6603 I art     : Explicit concurrent mark sweep GC freed 1424(83KB) AllocSpace objects, 1(20KB) LOS objects, 38% free, 25MB/41MB, paused 331us total 30.140ms
08-05 22:43:31.929  6590  6603 I art     : Starting a blocking GC Explicit
08-05 22:43:31.929  7210  7799 W OneSignal: OneSignalRestClient: POST Error thrown from network stack. 
08-05 22:43:31.929  7210  7799 W OneSignal: java.io.IOException: unexpected end of stream on Connection{api.onesignal.com:443, proxy=HTTP@192.168.2.12:8080 hostAddress=192.168.2.12 cipherSuite=TLS_ECDHE_RSA_WITH_AES_128_GCM_SHA256 protocol=http/1.1} (recycle count=0)
08-05 22:43:31.929  7210  7799 W OneSignal: 	at com.android.okhttp.internal.http.HttpConnection.readResponse(HttpConnection.java:210)
08-05 22:43:31.929  7210  7799 W OneSignal: 	at com.android.okhttp.internal.http.HttpTransport.readResponseHeaders(HttpTransport.java:80)
08-05 22:43:31.929  7210  7799 W OneSignal: 	at com.android.okhttp.internal.http.HttpEngine.readNetworkResponse(HttpEngine.java:904)
08-05 22:43:31.929  7210  7799 W OneSignal: 	at com.android.okhttp.internal.http.HttpEngine.readResponse(HttpEngine.java:788)
08-05 22:43:31.929  7210  7799 W OneSignal: 	at com.android.okhttp.internal.huc.HttpURLConnectionImpl.execute(HttpURLConnectionImpl.java:439)
08-05 22:43:31.929  7210  7799 W OneSignal: 	at com.android.okhttp.internal.huc.HttpURLConnectionImpl.getResponse(HttpURLConnectionImpl.java:384)
08-05 22:43:31.929  7210  7799 W OneSignal: 	at com.android.okhttp.internal.huc.HttpURLConnectionImpl.getResponseCode(HttpURLConnectionImpl.java:497)
08-05 22:43:31.929  7210  7799 W OneSignal: 	at com.android.okhttp.internal.huc.DelegatingHttpsURLConnection.getResponseCode(DelegatingHttpsURLConnection.java:105)
08-05 22:43:31.929  7210  7799 W OneSignal: 	at com.android.okhttp.internal.huc.HttpsURLConnectionImpl.getResponseCode(HttpsURLConnectionImpl.java)
08-05 22:43:31.929  7210  7799 W OneSignal: 	at com.onesignal.OneSignalRestClient.startHTTPConnection(OneSignalRestClient.java:180)
08-05 22:43:31.929  7210  7799 W OneSignal: 	at com.onesignal.OneSignalRestClient.access$100(OneSignalRestClient.java:44)
08-05 22:43:31.929  7210  7799 W OneSignal: 	at com.onesignal.OneSignalRestClient$4.run(OneSignalRestClient.java:110)
08-05 22:43:31.929  7210  7799 W OneSignal: 	at java.lang.Thread.run(Thread.java:818)
08-05 22:43:31.929  7210  7799 W OneSignal: Caused by: java.io.EOFException: \n not found: size=0 content=...
08-05 22:43:31.929  7210  7799 W OneSignal: 	at com.android.okhttp.okio.RealBufferedSource.readUtf8LineStrict(RealBufferedSource.java:200)
08-05 22:43:31.929  7210  7799 W OneSignal: 	at com.android.okhttp.internal.http.HttpConnection.readResponse(HttpConnection.java:191)
08-05 22:43:31.929  7210  7799 W OneSignal: 	... 12 more
08-05 22:43:31.932  7210  7810 W OneSignal: Failed last request. statusCode: -1
08-05 22:43:31.932  7210  7810 W OneSignal: response: null
08-05 22:43:31.955  6590  6603 I art     : Explicit concurrent mark sweep GC freed 66(2528B) AllocSpace objects, 0(0B) LOS objects, 38% free, 25MB/41MB, paused 208us total 26.475ms
08-05 22:43:31.966  6590  6603 I art     : Starting a blocking GC Explicit
08-05 22:43:31.992  6590  6603 I art     : Explicit concurrent mark sweep GC freed 3(96B) AllocSpace objects, 0(0B) LOS objects, 38% free, 25MB/41MB, paused 205us total 25.165ms
08-05 22:43:32.002  6590  6603 I art     : Starting a blocking GC Explicit
08-05 22:43:32.028  6590  6603 I art     : Explicit concurrent mark sweep GC freed 3(96B) AllocSpace objects, 0(0B) LOS objects, 38% free, 25MB/41MB, paused 202us total 25.627ms
08-05 22:43:32.039  6590  6603 I art     : Starting a blocking GC Explicit
08-05 22:43:32.064  6590  6603 I art     : Explicit concurrent mark sweep GC freed 238(36KB) AllocSpace objects, 0(0B) LOS objects, 38% free, 25MB/41MB, paused 181us total 25.573ms
08-05 22:43:32.305   918  3261 D WifiStateMachine: starting scan for "H369AA63323"WPA_PSK with 2412,5180
08-05 22:43:32.360  6590  6602 I art     : Starting a blocking GC Explicit
08-05 22:43:32.394  6590  6602 I art     : Explicit concurrent mark sweep GC freed 1406(82KB) AllocSpace objects, 1(20KB) LOS objects, 38% free, 25MB/41MB, paused 194us total 33.421ms
08-05 22:43:32.405  6590  6602 I art     : Starting a blocking GC Explicit
08-05 22:43:32.431  6590  6602 I art     : Explicit concurrent mark sweep GC freed 20(704B) AllocSpace objects, 0(0B) LOS objects, 38% free, 25MB/41MB, paused 176us total 26.026ms
08-05 22:43:32.442  6590  6602 I art     : Starting a blocking GC Explicit
08-05 22:43:32.468  6590  6602 I art     : Explicit concurrent mark sweep GC freed 3(96B) AllocSpace objects, 0(0B) LOS objects, 38% free, 25MB/41MB, paused 175us total 26.047ms
08-05 22:43:32.479  6590  6602 I art     : Starting a blocking GC Explicit
08-05 22:43:32.505  6590  6602 I art     : Explicit concurrent mark sweep GC freed 3(96B) AllocSpace objects, 0(0B) LOS objects, 38% free, 25MB/41MB, paused 178us total 25.905ms
08-05 22:43:32.515  6590  6602 I art     : Starting a blocking GC Explicit
08-05 22:43:32.541  6590  6602 I art     : Explicit concurrent mark sweep GC freed 3(96B) AllocSpace objects, 0(0B) LOS objects, 38% free, 25MB/41MB, paused 182us total 25.762ms
08-05 22:43:32.682   518   646 I ThermalEngine: ACTION: GPU - Setting GPU[0] to 510000000
08-05 22:43:32.810  6590  7013 I art     : Starting a blocking GC Explicit
08-05 22:43:32.851  6590  7013 I art     : Explicit concurrent mark sweep GC freed 1341(80KB) AllocSpace objects, 1(20KB) LOS objects, 38% free, 25MB/41MB, paused 276us total 39.919ms
08-05 22:43:32.870  6590  7013 I art     : Starting a blocking GC Explicit
08-05 22:43:32.894  5084  5084 I ServiceManager: Waiting for service AtCmdFwd...
08-05 22:43:32.902  6590  7013 I art     : Explicit concurrent mark sweep GC freed 20(704B) AllocSpace objects, 0(0B) LOS objects, 38% free, 25MB/41MB, paused 239us total 31.635ms
08-05 22:43:32.915  6590  7013 I art     : Starting a blocking GC Explicit
08-05 22:43:32.948  6590  7013 I art     : Explicit concurrent mark sweep GC freed 3(96B) AllocSpace objects, 0(0B) LOS objects, 38% free, 25MB/41MB, paused 242us total 32.644ms
08-05 22:43:32.962  6590  7013 I art     : Starting a blocking GC Explicit
08-05 22:43:32.994  6590  7013 I art     : Explicit concurrent mark sweep GC freed 3(96B) AllocSpace objects, 0(0B) LOS objects, 38% free, 25MB/41MB, paused 240us total 32.333ms
08-05 22:43:33.008  6590  7013 I art     : Starting a blocking GC Explicit
08-05 22:43:33.041  6590  7013 I art     : Explicit concurrent mark sweep GC freed 3(96B) AllocSpace objects, 0(0B) LOS objects, 38% free, 25MB/41MB, paused 274us total 32.659ms
08-05 22:43:33.353  6590  6614 I art     : Starting a blocking GC Explicit
08-05 22:43:33.394  6590  6614 I art     : Explicit concurrent mark sweep GC freed 1341(80KB) AllocSpace objects, 1(20KB) LOS objects, 38% free, 25MB/41MB, paused 269us total 41.072ms
08-05 22:43:33.410  6590  6614 I art     : Starting a blocking GC Explicit
08-05 22:43:33.443  6590  6614 I art     : Explicit concurrent mark sweep GC freed 20(704B) AllocSpace objects, 0(0B) LOS objects, 38% free, 25MB/41MB, paused 244us total 32.242ms
08-05 22:43:33.457  6590  6614 I art     : Starting a blocking GC Explicit
08-05 22:43:33.489  6590  6614 I art     : Explicit concurrent mark sweep GC freed 3(96B) AllocSpace objects, 0(0B) LOS objects, 38% free, 25MB/41MB, paused 234us total 32.677ms
08-05 22:43:33.503  6590  6614 I art     : Starting a blocking GC Explicit
08-05 22:43:33.536  6590  6614 I art     : Explicit concurrent mark sweep GC freed 3(96B) AllocSpace objects, 0(0B) LOS objects, 38% free, 25MB/41MB, paused 239us total 32.860ms
08-05 22:43:33.550  6590  6614 I art     : Starting a blocking GC Explicit
08-05 22:43:33.583  6590  6614 I art     : Explicit concurrent mark sweep GC freed 3(96B) AllocSpace objects, 0(0B) LOS objects, 38% free, 25MB/41MB, paused 233us total 32.306ms
08-05 22:43:33.685   518   646 I ThermalEngine: ACTION: GPU - Setting GPU[0] to 600000000
08-05 22:43:33.881  6590  6603 I art     : Starting a blocking GC Explicit
08-05 22:43:33.895  5084  5084 I ServiceManager: Waiting for service AtCmdFwd...
08-05 22:43:33.914  6590  6603 I art     : Explicit concurrent mark sweep GC freed 1341(80KB) AllocSpace objects, 1(20KB) LOS objects, 38% free, 25MB/41MB, paused 205us total 33.495ms
08-05 22:43:33.928  6590  6603 I art     : Starting a blocking GC Explicit
08-05 22:43:33.954  6590  6603 I art     : Explicit concurrent mark sweep GC freed 20(704B) AllocSpace objects, 0(0B) LOS objects, 38% free, 25MB/41MB, paused 185us total 26.271ms
08-05 22:43:33.965  6590  6603 I art     : Starting a blocking GC Explicit
08-05 22:43:33.990  6590  6603 I art     : Explicit concurrent mark sweep GC freed 3(96B) AllocSpace objects, 0(0B) LOS objects, 38% free, 25MB/41MB, paused 180us total 25.388ms
08-05 22:43:34.000  6590  6603 I art     : Starting a blocking GC Explicit
08-05 22:43:34.027   918  1210 D NetlinkSocketObserver: NeighborEvent{elapsedMs=1814017902, 192.168.2.254, [7C3953A63323], RTM_NEWNEIGH, NUD_STALE}
08-05 22:43:34.027  6590  6603 I art     : Explicit concurrent mark sweep GC freed 3(96B) AllocSpace objects, 0(0B) LOS objects, 38% free, 25MB/41MB, paused 189us total 26.254ms
08-05 22:43:34.037  6590  6603 I art     : Starting a blocking GC Explicit
08-05 22:43:34.064  6590  6603 I art     : Explicit concurrent mark sweep GC freed 3(96B) AllocSpace objects, 0(0B) LOS objects, 38% free, 25MB/41MB, paused 189us total 26.223ms
08-05 22:43:34.360  6590  6602 I art     : Starting a blocking GC Explicit
08-05 22:43:34.395  6590  6602 I art     : Explicit concurrent mark sweep GC freed 1343(80KB) AllocSpace objects, 1(20KB) LOS objects, 38% free, 25MB/41MB, paused 217us total 34.887ms
08-05 22:43:34.407  6590  6602 I art     : Starting a blocking GC Explicit
08-05 22:43:34.434  6590  6602 I art     : Explicit concurrent mark sweep GC freed 20(704B) AllocSpace objects, 0(0B) LOS objects, 38% free, 25MB/41MB, paused 175us total 26.954ms
08-05 22:43:34.444  6590  6602 I art     : Starting a blocking GC Explicit
08-05 22:43:34.471  6590  6602 I art     : Explicit concurrent mark sweep GC freed 3(96B) AllocSpace objects, 0(0B) LOS objects, 38% free, 25MB/41MB, paused 178us total 26.297ms
08-05 22:43:34.482  6590  6602 I art     : Starting a blocking GC Explicit
08-05 22:43:34.507  6590  6602 I art     : Explicit concurrent mark sweep GC freed 3(96B) AllocSpace objects, 0(0B) LOS objects, 38% free, 25MB/41MB, paused 195us total 24.939ms
08-05 22:43:34.517  6590  6602 I art     : Starting a blocking GC Explicit
08-05 22:43:34.543  6590  6602 I art     : Explicit concurrent mark sweep GC freed 3(96B) AllocSpace objects, 0(0B) LOS objects, 38% free, 25MB/41MB, paused 169us total 25.244ms
08-05 22:43:34.851  6590  7013 I art     : Starting a blocking GC Explicit
08-05 22:43:34.882  6590  7013 I art     : Explicit concurrent mark sweep GC freed 1341(80KB) AllocSpace objects, 1(20KB) LOS objects, 38% free, 25MB/41MB, paused 197us total 31.358ms
08-05 22:43:34.893  6590  7013 I art     : Starting a blocking GC Explicit
08-05 22:43:34.895  5084  5084 W Atfwd_Sendcmd: AtCmdFwd service not published, waiting... retryCnt : 3
08-05 22:43:34.920  6590  7013 I art     : Explicit concurrent mark sweep GC freed 20(704B) AllocSpace objects, 0(0B) LOS objects, 38% free, 25MB/41MB, paused 185us total 26.101ms
08-05 22:43:34.930  6590  7013 I art     : Starting a blocking GC Explicit
08-05 22:43:34.957  6590  7013 I art     : Explicit concurrent mark sweep GC freed 3(96B) AllocSpace objects, 0(0B) LOS objects, 38% free, 25MB/41MB, paused 182us total 26.091ms
08-05 22:43:34.967  6590  7013 I art     : Starting a blocking GC Explicit
08-05 22:43:34.993  6590  7013 I art     : Explicit concurrent mark sweep GC freed 3(96B) AllocSpace objects, 0(0B) LOS objects, 38% free, 25MB/41MB, paused 192us total 26.196ms
08-05 22:43:35.004  6590  7013 I art     : Starting a blocking GC Explicit
08-05 22:43:35.031  6590  7013 I art     : Explicit concurrent mark sweep GC freed 3(96B) AllocSpace objects, 0(0B) LOS objects, 38% free, 25MB/41MB, paused 179us total 26.196ms
08-05 22:43:35.341  6590  6614 I art     : Starting a blocking GC Explicit
08-05 22:43:35.380  6590  6614 I art     : Explicit concurrent mark sweep GC freed 1341(80KB) AllocSpace objects, 1(20KB) LOS objects, 38% free, 25MB/41MB, paused 209us total 38.687ms
08-05 22:43:35.391  6590  6614 I art     : Starting a blocking GC Explicit
08-05 22:43:35.416  6590  6614 I art     : Explicit concurrent mark sweep GC freed 20(704B) AllocSpace objects, 0(0B) LOS objects, 38% free, 25MB/41MB, paused 179us total 24.881ms
08-05 22:43:35.427  6590  6614 I art     : Starting a blocking GC Explicit
08-05 22:43:35.451  6590  6614 I art     : Explicit concurrent mark sweep GC freed 3(96B) AllocSpace objects, 0(0B) LOS objects, 38% free, 25MB/41MB, paused 171us total 23.924ms
08-05 22:43:35.461  6590  6614 I art     : Starting a blocking GC Explicit
08-05 22:43:35.485  6590  6614 I art     : Explicit concurrent mark sweep GC freed 3(96B) AllocSpace objects, 0(0B) LOS objects, 38% free, 25MB/41MB, paused 172us total 23.922ms
08-05 22:43:35.495  6590  6614 I art     : Starting a blocking GC Explicit
08-05 22:43:35.520  6590  6614 I art     : Explicit concurrent mark sweep GC freed 3(96B) AllocSpace objects, 0(0B) LOS objects, 38% free, 25MB/41MB, paused 176us total 24.513ms
08-05 22:43:35.685  7889  7889 D AndroidRuntime: >>>>>> START com.android.internal.os.RuntimeInit uid 2000 <<<<<<
08-05 22:43:35.690  7889  7889 D AndroidRuntime: CheckJNI is OFF
08-05 22:43:35.718  7889  7889 D ICU     : No timezone override file found: /data/misc/zoneinfo/current/icu/icu_tzdata.dat
08-05 22:43:35.744  7889  7889 I Radio-JNI: register_android_hardware_Radio DONE
08-05 22:43:35.767  7889  7889 D AndroidRuntime: Calling main entry com.android.commands.input.Input
08-05 22:43:35.770  7889  7889 I Input   : injectKeyEvent: KeyEvent { action=ACTION_DOWN, keyCode=KEYCODE_BACK, scanCode=0, metaState=0, flags=0x0, repeatCount=0, eventTime=830632182, downTime=830632182, deviceId=-1, source=0x101 }
08-05 22:43:35.778  7889  7889 I Input   : injectKeyEvent: KeyEvent { action=ACTION_UP, keyCode=KEYCODE_BACK, scanCode=0, metaState=0, flags=0x0, repeatCount=0, eventTime=830632182, downTime=830632182, deviceId=-1, source=0x101 }
08-05 22:43:35.786  7889  7889 D AndroidRuntime: Shutting down VM
08-05 22:43:35.823  6590  6602 I art     : Starting a blocking GC Explicit
08-05 22:43:35.823 13866 13866 I GoogleInputMethodServic: GoogleInputMethodService.onFinishInput():3138 
08-05 22:43:35.824 13866 13866 I GoogleInputMethodServic: GoogleInputMethodService.onStartInput():1808 
08-05 22:43:35.850  6590  6602 I art     : Explicit concurrent mark sweep GC freed 1562(88KB) AllocSpace objects, 1(20KB) LOS objects, 38% free, 25MB/41MB, paused 200us total 26.937ms
08-05 22:43:35.862  6590  6602 I art     : Starting a blocking GC Explicit
08-05 22:43:35.888  6590  6602 I art     : Explicit concurrent mark sweep GC freed 45(1520B) AllocSpace objects, 0(0B) LOS objects, 38% free, 25MB/41MB, paused 174us total 25.432ms
08-05 22:43:35.898  6590  6602 I art     : Starting a blocking GC Explicit
08-05 22:43:35.921  6590  6602 I art     : Explicit concurrent mark sweep GC freed 5(176B) AllocSpace objects, 0(0B) LOS objects, 38% free, 25MB/41MB, paused 147us total 22.593ms
08-05 22:43:35.931  6590  6602 I art     : Starting a blocking GC Explicit
08-05 22:43:35.953  6590  6602 I art     : Explicit concurrent mark sweep GC freed 3(96B) AllocSpace objects, 0(0B) LOS objects, 38% free, 25MB/41MB, paused 155us total 22.615ms
08-05 22:43:35.965  6590  6602 I art     : Starting a blocking GC Explicit
08-05 22:43:35.989  6590  6602 I art     : Explicit concurrent mark sweep GC freed 3(96B) AllocSpace objects, 0(0B) LOS objects, 38% free, 25MB/41MB, paused 147us total 24.313ms
08-05 22:43:36.133   380   380 W SurfaceFlinger: couldn't log to binary event log: overflow.
08-05 22:43:36.234  6590  6603 I art     : Starting a blocking GC Explicit
08-05 22:43:36.262  6590  6603 I art     : Explicit concurrent mark sweep GC freed 1393(82KB) AllocSpace objects, 1(20KB) LOS objects, 38% free, 25MB/41MB, paused 201us total 27.349ms
08-05 22:43:36.273  6590  6603 I art     : Starting a blocking GC Explicit
08-05 22:43:36.298  6590  6603 I art     : Explicit concurrent mark sweep GC freed 3855(310KB) AllocSpace objects, 5(140KB) LOS objects, 39% free, 24MB/40MB, paused 193us total 25.249ms
08-05 22:43:36.309  6590  6603 I art     : Starting a blocking GC Explicit
08-05 22:43:36.333  6590  6603 I art     : Explicit concurrent mark sweep GC freed 3(96B) AllocSpace objects, 0(0B) LOS objects, 39% free, 24MB/40MB, paused 180us total 23.981ms
08-05 22:43:36.343  6590  6603 I art     : Starting a blocking GC Explicit
08-05 22:43:36.369  6590  6603 I art     : Explicit concurrent mark sweep GC freed 3(96B) AllocSpace objects, 0(0B) LOS objects, 39% free, 24MB/40MB, paused 200us total 25.235ms
08-05 22:43:36.380  6590  6603 I art     : Starting a blocking GC Explicit
08-05 22:43:36.408  6590  6603 I art     : Explicit concurrent mark sweep GC freed 3(96B) AllocSpace objects, 0(0B) LOS objects, 39% free, 24MB/40MB, paused 214us total 27.168ms
08-05 22:43:36.693  6590  6614 I art     : Starting a blocking GC Explicit
08-05 22:43:36.723  6590  6614 I art     : Explicit concurrent mark sweep GC freed 1341(80KB) AllocSpace objects, 1(20KB) LOS objects, 39% free, 24MB/40MB, paused 190us total 29.856ms
08-05 22:43:36.739  6590  6614 I art     : Starting a blocking GC Explicit
08-05 22:43:36.764  6590  6614 I art     : Explicit concurrent mark sweep GC freed 20(704B) AllocSpace objects, 0(0B) LOS objects, 39% free, 24MB/40MB, paused 178us total 24.113ms
08-05 22:43:36.774  6590  6614 I art     : Starting a blocking GC Explicit
08-05 22:43:36.798  6590  6614 I art     : Explicit concurrent mark sweep GC freed 3(96B) AllocSpace objects, 0(0B) LOS objects, 39% free, 24MB/40MB, paused 171us total 24.273ms
08-05 22:43:36.809  6590  6614 I art     : Starting a blocking GC Explicit
08-05 22:43:36.833  6590  6614 I art     : Explicit concurrent mark sweep GC freed 3(96B) AllocSpace objects, 0(0B) LOS objects, 39% free, 24MB/40MB, paused 175us total 24.573ms
08-05 22:43:36.844  6590  6614 I art     : Starting a blocking GC Explicit
08-05 22:43:36.868  6590  6614 I art     : Explicit concurrent mark sweep GC freed 3(96B) AllocSpace objects, 0(0B) LOS objects, 39% free, 24MB/40MB, paused 174us total 24.074ms
08-05 22:43:37.108  6590  7013 I art     : Starting a blocking GC Explicit
08-05 22:43:37.132  6590  7013 I art     : Explicit concurrent mark sweep GC freed 1341(80KB) AllocSpace objects, 1(20KB) LOS objects, 39% free, 24MB/40MB, paused 174us total 24.210ms
08-05 22:43:37.143  6590  7013 I art     : Starting a blocking GC Explicit
08-05 22:43:37.167  6590  7013 I art     : Explicit concurrent mark sweep GC freed 20(704B) AllocSpace objects, 0(0B) LOS objects, 39% free, 24MB/40MB, paused 222us total 24.302ms
08-05 22:43:37.178  6590  7013 I art     : Starting a blocking GC Explicit
08-05 22:43:37.201  6590  7013 I art     : Explicit concurrent mark sweep GC freed 3(96B) AllocSpace objects, 0(0B) LOS objects, 39% free, 24MB/40MB, paused 175us total 23.401ms
08-05 22:43:37.211  6590  7013 I art     : Starting a blocking GC Explicit
08-05 22:43:37.235  6590  7013 I art     : Explicit concurrent mark sweep GC freed 3(96B) AllocSpace objects, 0(0B) LOS objects, 39% free, 24MB/40MB, paused 176us total 23.046ms
08-05 22:43:37.244  6590  7013 I art     : Starting a blocking GC Explicit
08-05 22:43:37.268  6590  7013 I art     : Explicit concurrent mark sweep GC freed 3(96B) AllocSpace objects, 0(0B) LOS objects, 39% free, 24MB/40MB, paused 179us total 23.070ms
08-05 22:43:37.358  7934  7934 D AndroidRuntime: >>>>>> START com.android.internal.os.RuntimeInit uid 2000 <<<<<<
08-05 22:43:37.364  7934  7934 D AndroidRuntime: CheckJNI is OFF
08-05 22:43:37.397  7934  7934 D ICU     : No timezone override file found: /data/misc/zoneinfo/current/icu/icu_tzdata.dat
08-05 22:43:37.424  7934  7934 I Radio-JNI: register_android_hardware_Radio DONE
08-05 22:43:37.441  7934  7934 D AndroidRuntime: Calling main entry com.android.commands.input.Input
08-05 22:43:37.442  7934  7934 I Input   : injectMotionEvent: MotionEvent { action=ACTION_DOWN, actionButton=0, id[0]=0, x[0]=600.0, y[0]=700.0, toolType[0]=TOOL_TYPE_UNKNOWN, buttonState=0, metaState=0, flags=0x0, edgeFlags=0x0, pointerCount=1, historySize=0, eventTime=830633855, downTime=830633855, deviceId=0, source=0x1002 }
08-05 22:43:37.447  7934  7934 I Input   : injectMotionEvent: MotionEvent { action=ACTION_UP, actionButton=0, id[0]=0, x[0]=600.0, y[0]=700.0, toolType[0]=TOOL_TYPE_UNKNOWN, buttonState=0, metaState=0, flags=0x0, edgeFlags=0x0, pointerCount=1, historySize=0, eventTime=830633855, downTime=830633855, deviceId=0, source=0x1002 }
08-05 22:43:37.449  7934  7934 D AndroidRuntime: Shutting down VM
08-05 22:43:37.456   512  2967 D audio_hw_primary: out_set_parameters: enter: usecase(1: low-latency-playback) kvpairs: routing=2
08-05 22:43:37.459   918   928 I ActivityManager: START u0 {dat=https://oauth.reddit.com/... cmp=baseline.org.quantumbadger.redreader/.activities.CommentListingActivity} from uid 10705 on display 0
08-05 22:43:37.469   512  2967 D audio_hw_primary: select_devices: out_snd_device(2: speaker) in_snd_device(0: none)
08-05 22:43:37.469   512  2967 D msm8974_platform: platform_send_audio_calibration: sending audio calibration for snd_device(2) acdb_id(15)
08-05 22:43:37.469   512  2967 I soundtrigger: audio_extn_sound_trigger_update_device_status: device 0x2 of type 0 for Event 1
08-05 22:43:37.477  6590  6590 I AppCompatViewInflater: app:theme is now deprecated. Please move to using android:theme instead.
08-05 22:43:37.478   512  2967 D audio_hw_primary: enable_snd_device: snd_device(2: speaker)
08-05 22:43:37.480   512  2967 D audio_hw_primary: enable_audio_route: apply and update mixer path: low-latency-playback speaker
08-05 22:43:37.492  6590  7176 I CommentListingActivity: COMMENTS session changed to f60f04c0-40bb-4173-8355-8a1b90462135
08-05 22:43:37.508  6590  6603 I art     : Starting a blocking GC Explicit
08-05 22:43:37.536  6590  6603 I art     : Explicit concurrent mark sweep GC freed 11798(845KB) AllocSpace objects, 3(56KB) LOS objects, 37% free, 26MB/42MB, paused 537us total 27.334ms
08-05 22:43:37.547  6590  6603 I art     : Starting a blocking GC Explicit
08-05 22:43:37.557   918   936 I ActivityManager: Displayed baseline.org.quantumbadger.redreader/.activities.CommentListingActivity: +93ms
08-05 22:43:37.575 13866 13866 I GoogleInputMethodServic: GoogleInputMethodService.onFinishInput():3138 
08-05 22:43:37.576 13866 13866 I GoogleInputMethodServic: GoogleInputMethodService.onStartInput():1808 
08-05 22:43:37.585  6590  6603 I art     : Explicit concurrent mark sweep GC freed 11784(761KB) AllocSpace objects, 0(0B) LOS objects, 36% free, 27MB/43MB, paused 1.293ms total 37.574ms
08-05 22:43:37.598  6590  6603 I art     : Starting a blocking GC Explicit
08-05 22:43:37.641  6590  6603 I art     : Explicit concurrent mark sweep GC freed 13310(906KB) AllocSpace objects, 1(16KB) LOS objects, 35% free, 28MB/44MB, paused 354us total 42.997ms
08-05 22:43:37.654  6590  6603 I art     : Starting a blocking GC Explicit
08-05 22:43:37.695  6590  6603 I art     : Explicit concurrent mark sweep GC freed 9596(656KB) AllocSpace objects, 0(0B) LOS objects, 35% free, 28MB/44MB, paused 240us total 40.268ms
08-05 22:43:37.708  6590  6603 I art     : Starting a blocking GC Explicit
08-05 22:43:37.746  6590  6603 I art     : Explicit concurrent mark sweep GC freed 19192(854KB) AllocSpace objects, 0(0B) LOS objects, 36% free, 27MB/43MB, paused 207us total 37.693ms
08-05 22:43:37.802   380   380 W SurfaceFlinger: couldn't log to binary event log: overflow.
08-05 22:43:38.017  6590  6603 I art     : Starting a blocking GC Explicit
08-05 22:43:38.030   512  2967 D audio_hw_primary: disable_audio_route: reset and update mixer path: low-latency-playback speaker
08-05 22:43:38.031   512  2967 D audio_hw_primary: disable_snd_device: snd_device(2: speaker)
08-05 22:43:38.040   512  2967 I soundtrigger: audio_extn_sound_trigger_update_device_status: device 0x2 of type 0 for Event 0
08-05 22:43:38.055  6590  6603 I art     : Explicit concurrent mark sweep GC freed 1440(83KB) AllocSpace objects, 1(20KB) LOS objects, 36% free, 27MB/43MB, paused 171us total 37.784ms
08-05 22:43:38.067  6590  6603 I art     : Starting a blocking GC Explicit
08-05 22:43:38.102  6590  6603 I art     : Explicit concurrent mark sweep GC freed 24(832B) AllocSpace objects, 0(0B) LOS objects, 36% free, 27MB/43MB, paused 187us total 35.202ms
08-05 22:43:38.114  6590  6603 I art     : Starting a blocking GC Explicit
08-05 22:43:38.148  6590  6603 I art     : Explicit concurrent mark sweep GC freed 3(96B) AllocSpace objects, 0(0B) LOS objects, 36% free, 27MB/43MB, paused 177us total 34.062ms
08-05 22:43:38.159  6590  6603 I art     : Starting a blocking GC Explicit
08-05 22:43:38.193  6590  6603 I art     : Explicit concurrent mark sweep GC freed 3(96B) AllocSpace objects, 0(0B) LOS objects, 36% free, 27MB/43MB, paused 163us total 33.588ms
08-05 22:43:38.205  6590  6603 I art     : Starting a blocking GC Explicit
08-05 22:43:38.240  6590  6603 I art     : Explicit concurrent mark sweep GC freed 3(96B) AllocSpace objects, 0(0B) LOS objects, 36% free, 27MB/43MB, paused 152us total 34.408ms
08-05 22:43:38.528  6590  6614 I art     : Starting a blocking GC Explicit
08-05 22:43:38.569  6590  6614 I art     : Explicit concurrent mark sweep GC freed 1341(80KB) AllocSpace objects, 1(20KB) LOS objects, 36% free, 27MB/43MB, paused 191us total 39.979ms
08-05 22:43:38.581  6590  6614 I art     : Starting a blocking GC Explicit
08-05 22:43:38.617  6590  6614 I art     : Explicit concurrent mark sweep GC freed 66(2528B) AllocSpace objects, 0(0B) LOS objects, 36% free, 27MB/43MB, paused 216us total 36.293ms
08-05 22:43:38.629  6590  6614 I art     : Starting a blocking GC Explicit
08-05 22:43:38.666  6590  6614 I art     : Explicit concurrent mark sweep GC freed 3(96B) AllocSpace objects, 0(0B) LOS objects, 36% free, 27MB/43MB, paused 189us total 36.383ms
08-05 22:43:38.679  6590  6614 I art     : Starting a blocking GC Explicit
08-05 22:43:38.691   518   646 I ThermalEngine: ACTION: GPU - Setting GPU[0] to 510000000
08-05 22:43:38.721  6590  6614 I art     : Explicit concurrent mark sweep GC freed 3(96B) AllocSpace objects, 0(0B) LOS objects, 36% free, 27MB/43MB, paused 231us total 42.571ms
08-05 22:43:38.737  6590  6614 I art     : Starting a blocking GC Explicit
08-05 22:43:38.781  6590  6614 I art     : Explicit concurrent mark sweep GC freed 3(96B) AllocSpace objects, 0(0B) LOS objects, 36% free, 27MB/43MB, paused 247us total 44.122ms
08-05 22:43:39.080  6590  6602 I art     : Starting a blocking GC Explicit
08-05 22:43:39.138  6590  6602 I art     : Explicit concurrent mark sweep GC freed 1341(80KB) AllocSpace objects, 1(20KB) LOS objects, 36% free, 27MB/43MB, paused 276us total 58.124ms
08-05 22:43:39.156  6590  6602 I art     : Starting a blocking GC Explicit
08-05 22:43:39.200  6590  6602 I art     : Explicit concurrent mark sweep GC freed 20(704B) AllocSpace objects, 0(0B) LOS objects, 36% free, 27MB/43MB, paused 238us total 44.188ms
08-05 22:43:39.215  6590  6602 I art     : Starting a blocking GC Explicit
08-05 22:43:39.259  6590  6602 I art     : Explicit concurrent mark sweep GC freed 3(96B) AllocSpace objects, 0(0B) LOS objects, 36% free, 27MB/43MB, paused 233us total 43.593ms
08-05 22:43:39.274  6590  6602 I art     : Starting a blocking GC Explicit
08-05 22:43:39.319  6590  6602 I art     : Explicit concurrent mark sweep GC freed 3(96B) AllocSpace objects, 0(0B) LOS objects, 36% free, 27MB/43MB, paused 250us total 44.594ms
08-05 22:43:39.334  6590  6602 I art     : Starting a blocking GC Explicit
08-05 22:43:39.379  6590  6602 I art     : Explicit concurrent mark sweep GC freed 3(96B) AllocSpace objects, 0(0B) LOS objects, 36% free, 27MB/43MB, paused 241us total 44.734ms
08-05 22:43:39.703  6590  7013 I art     : Starting a blocking GC Explicit
08-05 22:43:39.754  6590  7013 I art     : Explicit concurrent mark sweep GC freed 1341(80KB) AllocSpace objects, 1(20KB) LOS objects, 36% free, 27MB/43MB, paused 248us total 50.783ms
08-05 22:43:39.769  6590  7013 I art     : Starting a blocking GC Explicit
08-05 22:43:39.813  6590  7013 I art     : Explicit concurrent mark sweep GC freed 20(704B) AllocSpace objects, 0(0B) LOS objects, 36% free, 27MB/43MB, paused 249us total 43.542ms
08-05 22:43:39.828  6590  7013 I art     : Starting a blocking GC Explicit
08-05 22:43:39.874  6590  7013 I art     : Explicit concurrent mark sweep GC freed 3(96B) AllocSpace objects, 0(0B) LOS objects, 36% free, 27MB/43MB, paused 244us total 45.055ms
08-05 22:43:39.889  6590  7013 I art     : Starting a blocking GC Explicit
08-05 22:43:39.934  6590  7013 I art     : Explicit concurrent mark sweep GC freed 3(96B) AllocSpace objects, 0(0B) LOS objects, 36% free, 27MB/43MB, paused 255us total 44.631ms
08-05 22:43:39.950  6590  7013 I art     : Starting a blocking GC Explicit
08-05 22:43:39.994  6590  7013 I art     : Explicit concurrent mark sweep GC freed 3(96B) AllocSpace objects, 0(0B) LOS objects, 36% free, 27MB/43MB, paused 245us total 43.784ms
08-05 22:43:40.320  6590  6603 I art     : Starting a blocking GC Explicit
08-05 22:43:40.370  6590  6603 I art     : Explicit concurrent mark sweep GC freed 1341(80KB) AllocSpace objects, 1(20KB) LOS objects, 36% free, 27MB/43MB, paused 255us total 49.587ms
08-05 22:43:40.385  6590  6603 I art     : Starting a blocking GC Explicit
08-05 22:43:40.431  6590  6603 I art     : Explicit concurrent mark sweep GC freed 20(704B) AllocSpace objects, 0(0B) LOS objects, 36% free, 27MB/43MB, paused 259us total 45.121ms
08-05 22:43:40.446  6590  6603 I art     : Starting a blocking GC Explicit
08-05 22:43:40.490  6590  6603 I art     : Explicit concurrent mark sweep GC freed 3(96B) AllocSpace objects, 0(0B) LOS objects, 36% free, 27MB/43MB, paused 242us total 43.710ms
08-05 22:43:40.505  6590  6603 I art     : Starting a blocking GC Explicit
08-05 22:43:40.550  6590  6603 I art     : Explicit concurrent mark sweep GC freed 3(96B) AllocSpace objects, 0(0B) LOS objects, 36% free, 27MB/43MB, paused 248us total 45.125ms
08-05 22:43:40.566  6590  6603 I art     : Starting a blocking GC Explicit
08-05 22:43:40.611  6590  6603 I art     : Explicit concurrent mark sweep GC freed 3(96B) AllocSpace objects, 0(0B) LOS objects, 36% free, 27MB/43MB, paused 268us total 44.355ms
08-05 22:43:40.937  6590  6614 I art     : Starting a blocking GC Explicit
08-05 22:43:40.996  6590  6614 I art     : Explicit concurrent mark sweep GC freed 1341(80KB) AllocSpace objects, 1(20KB) LOS objects, 36% free, 27MB/43MB, paused 260us total 59.321ms
08-05 22:43:41.013  6590  6614 I art     : Starting a blocking GC Explicit
08-05 22:43:41.058  6590  6614 I art     : Explicit concurrent mark sweep GC freed 20(704B) AllocSpace objects, 0(0B) LOS objects, 36% free, 27MB/43MB, paused 236us total 44.166ms
08-05 22:43:41.073  6590  6614 I art     : Starting a blocking GC Explicit
08-05 22:43:41.117  6590  6614 I art     : Explicit concurrent mark sweep GC freed 3(96B) AllocSpace objects, 0(0B) LOS objects, 36% free, 27MB/43MB, paused 259us total 43.701ms
08-05 22:43:41.133  6590  6614 I art     : Starting a blocking GC Explicit
08-05 22:43:41.178  6590  6614 I art     : Explicit concurrent mark sweep GC freed 3(96B) AllocSpace objects, 0(0B) LOS objects, 36% free, 27MB/43MB, paused 237us total 44.711ms
08-05 22:43:41.193  6590  6614 I art     : Starting a blocking GC Explicit
08-05 22:43:41.236  6590  6614 I art     : Explicit concurrent mark sweep GC freed 3(96B) AllocSpace objects, 0(0B) LOS objects, 36% free, 27MB/43MB, paused 232us total 42.279ms
08-05 22:43:41.537  6590  6602 I art     : Starting a blocking GC Explicit
08-05 22:43:41.589  6590  6602 I art     : Explicit concurrent mark sweep GC freed 1343(80KB) AllocSpace objects, 1(20KB) LOS objects, 36% free, 27MB/43MB, paused 265us total 52.036ms
08-05 22:43:41.605  6590  6602 I art     : Starting a blocking GC Explicit
08-05 22:43:41.650  6590  6602 I art     : Explicit concurrent mark sweep GC freed 20(704B) AllocSpace objects, 0(0B) LOS objects, 36% free, 27MB/43MB, paused 243us total 44.915ms
08-05 22:43:41.666  6590  6602 I art     : Starting a blocking GC Explicit
08-05 22:43:41.708  6590  6602 I art     : Explicit concurrent mark sweep GC freed 3(96B) AllocSpace objects, 0(0B) LOS objects, 36% free, 27MB/43MB, paused 227us total 41.941ms
08-05 22:43:41.723  6590  6602 I art     : Starting a blocking GC Explicit
08-05 22:43:41.764  6590  6602 I art     : Explicit concurrent mark sweep GC freed 3(96B) AllocSpace objects, 0(0B) LOS objects, 36% free, 27MB/43MB, paused 229us total 40.845ms
08-05 22:43:41.779  6590  6602 I art     : Starting a blocking GC Explicit
08-05 22:43:41.820  6590  6602 I art     : Explicit concurrent mark sweep GC freed 3(96B) AllocSpace objects, 0(0B) LOS objects, 36% free, 27MB/43MB, paused 237us total 40.891ms
08-05 22:43:42.111  6590  7013 I art     : Starting a blocking GC Explicit
08-05 22:43:42.114  8039  8039 D AndroidRuntime: >>>>>> START com.android.internal.os.RuntimeInit uid 2000 <<<<<<
08-05 22:43:42.119  8039  8039 D AndroidRuntime: CheckJNI is OFF
08-05 22:43:42.155  8039  8039 D ICU     : No timezone override file found: /data/misc/zoneinfo/current/icu/icu_tzdata.dat
08-05 22:43:42.156  6590  7013 I art     : Explicit concurrent mark sweep GC freed 1341(80KB) AllocSpace objects, 1(20KB) LOS objects, 36% free, 27MB/43MB, paused 273us total 43.948ms
08-05 22:43:42.171  6590  7013 I art     : Starting a blocking GC Explicit
08-05 22:43:42.190  8039  8039 I Radio-JNI: register_android_hardware_Radio DONE
08-05 22:43:42.211  6590  7013 I art     : Explicit concurrent mark sweep GC freed 20(704B) AllocSpace objects, 0(0B) LOS objects, 36% free, 27MB/43MB, paused 255us total 40.056ms
08-05 22:43:42.211  8039  8039 D AndroidRuntime: Calling main entry com.android.commands.input.Input
08-05 22:43:42.213  8039  8039 I Input   : injectKeyEvent: KeyEvent { action=ACTION_DOWN, keyCode=KEYCODE_BACK, scanCode=0, metaState=0, flags=0x0, repeatCount=0, eventTime=830638626, downTime=830638626, deviceId=-1, source=0x101 }
08-05 22:43:42.219  8039  8039 I Input   : injectKeyEvent: KeyEvent { action=ACTION_UP, keyCode=KEYCODE_BACK, scanCode=0, metaState=0, flags=0x0, repeatCount=0, eventTime=830638626, downTime=830638626, deviceId=-1, source=0x101 }
08-05 22:43:42.225  6590  7013 I art     : Starting a blocking GC Explicit
08-05 22:43:42.225  8039  8039 D AndroidRuntime: Shutting down VM
08-05 22:43:42.262  6590  7013 I art     : Explicit concurrent mark sweep GC freed 130(4KB) AllocSpace objects, 0(0B) LOS objects, 36% free, 27MB/43MB, paused 258us total 36.333ms
08-05 22:43:42.267 13866 13866 I GoogleInputMethodServic: GoogleInputMethodService.onFinishInput():3138 
08-05 22:43:42.268 13866 13866 I GoogleInputMethodServic: GoogleInputMethodService.onStartInput():1808 
08-05 22:43:42.276  6590  7013 I art     : Starting a blocking GC Explicit
08-05 22:43:42.314  6590  7013 I art     : Explicit concurrent mark sweep GC freed 119(4KB) AllocSpace objects, 0(0B) LOS objects, 36% free, 27MB/43MB, paused 402us total 38.042ms
08-05 22:43:42.329  6590  7013 I art     : Starting a blocking GC Explicit
08-05 22:43:42.364  6590  7013 I art     : Explicit concurrent mark sweep GC freed 9(336B) AllocSpace objects, 0(0B) LOS objects, 36% free, 27MB/43MB, paused 209us total 34.794ms
08-05 22:43:42.466  6590  7966 I RedditChangeDataIO: Writing tmp data file at '/data/user/0/baseline.org.quantumbadger.redreader/files/rr_change_data_tmp.dat'
08-05 22:43:42.467  6590  7966 I RedditChangeDataManager: Taking snapshot...
08-05 22:43:42.467  6590  7966 I RedditChangeDataManager: Writing to stream...
08-05 22:43:42.467  6590  7966 I RedditChangeDataManager: Wrote 3 entries for user ''
08-05 22:43:42.467  6590  7966 I RedditChangeDataManager: All entries written to stream.
08-05 22:43:42.468  6590  7966 I RedditChangeDataIO: Write successful. Atomically replacing data file...
08-05 22:43:42.468  6590  7966 I RedditChangeDataIO: Write complete.
08-05 22:43:42.468  6590  7966 I RedditChangeDataIO: 86 bytes written in 3 ms
08-05 22:43:42.591   380   380 W SurfaceFlinger: couldn't log to binary event log: overflow.
08-05 22:43:42.627  6590  6603 I art     : Starting a blocking GC Explicit
08-05 22:43:42.671  6590  6603 I art     : Explicit concurrent mark sweep GC freed 1471(87KB) AllocSpace objects, 2(88KB) LOS objects, 36% free, 27MB/43MB, paused 265us total 43.575ms
08-05 22:43:42.685  6590  6603 I art     : Starting a blocking GC Explicit
08-05 22:43:42.720  6590  6603 I art     : Explicit concurrent mark sweep GC freed 46782(2MB) AllocSpace objects, 5(140KB) LOS objects, 39% free, 24MB/40MB, paused 250us total 33.817ms
08-05 22:43:42.733  6590  6603 I art     : Starting a blocking GC Explicit
08-05 22:43:42.763  6590  6603 I art     : Explicit concurrent mark sweep GC freed 3(96B) AllocSpace objects, 0(0B) LOS objects, 39% free, 24MB/40MB, paused 239us total 29.707ms
08-05 22:43:42.776  6590  6603 I art     : Starting a blocking GC Explicit
08-05 22:43:42.807  6590  6603 I art     : Explicit concurrent mark sweep GC freed 3(96B) AllocSpace objects, 0(0B) LOS objects, 39% free, 24MB/40MB, paused 246us total 30.401ms
08-05 22:43:42.820  6590  6603 I art     : Starting a blocking GC Explicit
08-05 22:43:42.852  6590  6603 I art     : Explicit concurrent mark sweep GC freed 3(96B) AllocSpace objects, 0(0B) LOS objects, 39% free, 24MB/40MB, paused 246us total 31.245ms
08-05 22:43:43.138  6590  6614 I art     : Starting a blocking GC Explicit
08-05 22:43:43.172  6590  6614 I art     : Explicit concurrent mark sweep GC freed 1341(80KB) AllocSpace objects, 1(20KB) LOS objects, 39% free, 24MB/40MB, paused 242us total 33.314ms
08-05 22:43:43.186  6590  6614 I art     : Starting a blocking GC Explicit
08-05 22:43:43.216  6590  6614 I art     : Explicit concurrent mark sweep GC freed 20(704B) AllocSpace objects, 0(0B) LOS objects, 39% free, 24MB/40MB, paused 234us total 30.233ms
08-05 22:43:43.229  6590  6614 I art     : Starting a blocking GC Explicit
08-05 22:43:43.260  6590  6614 I art     : Explicit concurrent mark sweep GC freed 3(96B) AllocSpace objects, 0(0B) LOS objects, 39% free, 24MB/40MB, paused 243us total 30.548ms
08-05 22:43:43.274  6590  6614 I art     : Starting a blocking GC Explicit
08-05 22:43:43.305  6590  6614 I art     : Explicit concurrent mark sweep GC freed 3(96B) AllocSpace objects, 0(0B) LOS objects, 39% free, 24MB/40MB, paused 218us total 30.909ms
08-05 22:43:43.319  6590  6614 I art     : Starting a blocking GC Explicit
08-05 22:43:43.349  6590  6614 I art     : Explicit concurrent mark sweep GC freed 3(96B) AllocSpace objects, 0(0B) LOS objects, 39% free, 24MB/40MB, paused 241us total 30.740ms
08-05 22:43:43.615  6590  6602 I art     : Starting a blocking GC Explicit
08-05 22:43:43.645  6590  6602 I art     : Explicit concurrent mark sweep GC freed 1341(80KB) AllocSpace objects, 1(20KB) LOS objects, 39% free, 24MB/40MB, paused 244us total 30.488ms
08-05 22:43:43.659  6590  6602 I art     : Starting a blocking GC Explicit
08-05 22:43:43.689  6590  6602 I art     : Explicit concurrent mark sweep GC freed 20(704B) AllocSpace objects, 0(0B) LOS objects, 39% free, 24MB/40MB, paused 230us total 30.200ms
08-05 22:43:43.702  6590  6602 I art     : Starting a blocking GC Explicit
08-05 22:43:43.731  6590  6602 I art     : Explicit concurrent mark sweep GC freed 3(96B) AllocSpace objects, 0(0B) LOS objects, 39% free, 24MB/40MB, paused 237us total 28.576ms
08-05 22:43:43.744  6590  6602 I art     : Starting a blocking GC Explicit
08-05 22:43:43.773  6590  6602 I art     : Explicit concurrent mark sweep GC freed 3(96B) AllocSpace objects, 0(0B) LOS objects, 39% free, 24MB/40MB, paused 235us total 29.011ms
08-05 22:43:43.786  6590  6602 I art     : Starting a blocking GC Explicit
08-05 22:43:43.815  6590  6602 I art     : Explicit concurrent mark sweep GC freed 3(96B) AllocSpace objects, 0(0B) LOS objects, 39% free, 24MB/40MB, paused 229us total 28.621ms
08-05 22:43:43.906  8082  8082 D AndroidRuntime: >>>>>> START com.android.internal.os.RuntimeInit uid 2000 <<<<<<
08-05 22:43:43.912  8082  8082 D AndroidRuntime: CheckJNI is OFF
08-05 22:43:43.953  8082  8082 D ICU     : No timezone override file found: /data/misc/zoneinfo/current/icu/icu_tzdata.dat
08-05 22:43:43.986  8082  8082 I Radio-JNI: register_android_hardware_Radio DONE
08-05 22:43:44.007  8082  8082 D AndroidRuntime: Calling main entry com.android.commands.input.Input
08-05 22:43:44.009  8082  8082 I Input   : injectKeyEvent: KeyEvent { action=ACTION_DOWN, keyCode=KEYCODE_BACK, scanCode=0, metaState=0, flags=0x0, repeatCount=0, eventTime=830640422, downTime=830640422, deviceId=-1, source=0x101 }
08-05 22:43:44.016  8082  8082 I Input   : injectKeyEvent: KeyEvent { action=ACTION_UP, keyCode=KEYCODE_BACK, scanCode=0, metaState=0, flags=0x0, repeatCount=0, eventTime=830640422, downTime=830640422, deviceId=-1, source=0x101 }
08-05 22:43:44.023  8082  8082 D AndroidRuntime: Shutting down VM
08-05 22:43:44.067 13866 13866 I GoogleInputMethodServic: GoogleInputMethodService.onFinishInput():3138 
08-05 22:43:44.068 13866 13866 I GoogleInputMethodServic: GoogleInputMethodService.onStartInput():1808 
08-05 22:43:44.097  6590  6603 I art     : Starting a blocking GC Explicit
08-05 22:43:44.128  6590  6603 I art     : Explicit concurrent mark sweep GC freed 1505(85KB) AllocSpace objects, 1(20KB) LOS objects, 39% free, 24MB/40MB, paused 271us total 30.648ms
08-05 22:43:44.140  6590  6603 I art     : Starting a blocking GC Explicit
08-05 22:43:44.167  6590  6603 I art     : Explicit concurrent mark sweep GC freed 39(1360B) AllocSpace objects, 0(0B) LOS objects, 39% free, 24MB/40MB, paused 241us total 27.072ms
08-05 22:43:44.180  6590  6603 I art     : Starting a blocking GC Explicit
08-05 22:43:44.208  6590  6603 I art     : Explicit concurrent mark sweep GC freed 3(96B) AllocSpace objects, 0(0B) LOS objects, 39% free, 24MB/40MB, paused 237us total 27.518ms
08-05 22:43:44.221  6590  6603 I art     : Starting a blocking GC Explicit
08-05 22:43:44.250  6590  6603 I art     : Explicit concurrent mark sweep GC freed 3(96B) AllocSpace objects, 0(0B) LOS objects, 39% free, 24MB/40MB, paused 209us total 28.783ms
08-05 22:43:44.263  6590  6603 I art     : Starting a blocking GC Explicit
08-05 22:43:44.291  6590  6603 I art     : Explicit concurrent mark sweep GC freed 3(96B) AllocSpace objects, 0(0B) LOS objects, 39% free, 24MB/40MB, paused 234us total 27.605ms
08-05 22:43:44.548  6590  6602 I art     : Starting a blocking GC Explicit
08-05 22:43:44.583  6590  6602 I art     : Explicit concurrent mark sweep GC freed 1402(82KB) AllocSpace objects, 1(20KB) LOS objects, 39% free, 24MB/40MB, paused 288us total 33.930ms
08-05 22:43:44.600  6590  6602 I art     : Starting a blocking GC Explicit
08-05 22:43:44.631  6590  6602 I art     : Explicit concurrent mark sweep GC freed 150(7KB) AllocSpace objects, 0(0B) LOS objects, 39% free, 24MB/40MB, paused 257us total 30.639ms
08-05 22:43:44.645  6590  6602 I art     : Starting a blocking GC Explicit
08-05 22:43:44.675  6590  6602 I art     : Explicit concurrent mark sweep GC freed 3(96B) AllocSpace objects, 0(0B) LOS objects, 39% free, 24MB/40MB, paused 251us total 30.653ms
08-05 22:43:44.689  6590  6602 I art     : Starting a blocking GC Explicit
08-05 22:43:44.720  6590  6602 I art     : Explicit concurrent mark sweep GC freed 3(96B) AllocSpace objects, 0(0B) LOS objects, 39% free, 24MB/40MB, paused 232us total 31.128ms
08-05 22:43:44.734  6590  6602 I art     : Starting a blocking GC Explicit
08-05 22:43:44.766  6590  6602 I art     : Explicit concurrent mark sweep GC freed 3(96B) AllocSpace objects, 0(0B) LOS objects, 39% free, 24MB/40MB, paused 259us total 31.483ms
08-05 22:43:45.050  6590  7013 I art     : Starting a blocking GC Explicit
08-05 22:43:45.085  6590  7013 I art     : Explicit concurrent mark sweep GC freed 1341(80KB) AllocSpace objects, 1(20KB) LOS objects, 39% free, 24MB/40MB, paused 267us total 34.502ms
08-05 22:43:45.098  6590  7013 I art     : Starting a blocking GC Explicit
08-05 22:43:45.130  6590  7013 I art     : Explicit concurrent mark sweep GC freed 20(704B) AllocSpace objects, 0(0B) LOS objects, 39% free, 24MB/40MB, paused 265us total 31.358ms
08-05 22:43:45.144  6590  7013 I art     : Starting a blocking GC Explicit
08-05 22:43:45.175  6590  7013 I art     : Explicit concurrent mark sweep GC freed 3(96B) AllocSpace objects, 0(0B) LOS objects, 39% free, 24MB/40MB, paused 263us total 31.142ms
08-05 22:43:45.189  6590  7013 I art     : Starting a blocking GC Explicit
08-05 22:43:45.220  6590  7013 I art     : Explicit concurrent mark sweep GC freed 3(96B) AllocSpace objects, 0(0B) LOS objects, 39% free, 24MB/40MB, paused 256us total 31.260ms
08-05 22:43:45.234  6590  7013 I art     : Starting a blocking GC Explicit
08-05 22:43:45.264  6590  7013 I art     : Explicit concurrent mark sweep GC freed 3(96B) AllocSpace objects, 0(0B) LOS objects, 39% free, 24MB/40MB, paused 235us total 30.252ms
08-05 22:43:45.531  6590  6614 I art     : Starting a blocking GC Explicit
08-05 22:43:45.562  6590  6614 I art     : Explicit concurrent mark sweep GC freed 1341(80KB) AllocSpace objects, 1(20KB) LOS objects, 39% free, 24MB/40MB, paused 253us total 31.482ms
08-05 22:43:45.576  6590  6614 I art     : Starting a blocking GC Explicit
08-05 22:43:45.605  6590  6614 I art     : Explicit concurrent mark sweep GC freed 20(704B) AllocSpace objects, 0(0B) LOS objects, 39% free, 24MB/40MB, paused 296us total 29.408ms
08-05 22:43:45.619  6590  6614 I art     : Starting a blocking GC Explicit
08-05 22:43:45.648  6590  6614 I art     : Explicit concurrent mark sweep GC freed 3(96B) AllocSpace objects, 0(0B) LOS objects, 39% free, 24MB/40MB, paused 262us total 28.819ms
08-05 22:43:45.661  6590  6614 I art     : Starting a blocking GC Explicit
08-05 22:43:45.677  8136  8136 D AndroidRuntime: >>>>>> START com.android.internal.os.RuntimeInit uid 2000 <<<<<<
08-05 22:43:45.681  8136  8136 D AndroidRuntime: CheckJNI is OFF
08-05 22:43:45.690  6590  6614 I art     : Explicit concurrent mark sweep GC freed 3(96B) AllocSpace objects, 0(0B) LOS objects, 39% free, 24MB/40MB, paused 259us total 29.418ms
08-05 22:43:45.703  6590  6614 I art     : Starting a blocking GC Explicit
08-05 22:43:45.717  8136  8136 D ICU     : No timezone override file found: /data/misc/zoneinfo/current/icu/icu_tzdata.dat
08-05 22:43:45.733  6590  6614 I art     : Explicit concurrent mark sweep GC freed 3(96B) AllocSpace objects, 0(0B) LOS objects, 39% free, 24MB/40MB, paused 236us total 29.036ms
08-05 22:43:45.754  8136  8136 I Radio-JNI: register_android_hardware_Radio DONE
08-05 22:43:45.775  8136  8136 D AndroidRuntime: Calling main entry com.android.commands.input.Input
08-05 22:43:45.777  8136  8136 I Input   : injectMotionEvent: MotionEvent { action=ACTION_DOWN, actionButton=0, id[0]=0, x[0]=600.0, y[0]=1536.0, toolType[0]=TOOL_TYPE_UNKNOWN, buttonState=0, metaState=0, flags=0x0, edgeFlags=0x0, pointerCount=1, historySize=0, eventTime=830642190, downTime=830642190, deviceId=0, source=0x1002 }
08-05 22:43:45.783  8136  8136 I Input   : injectMotionEvent: MotionEvent { action=ACTION_UP, actionButton=0, id[0]=0, x[0]=600.0, y[0]=1536.0, toolType[0]=TOOL_TYPE_UNKNOWN, buttonState=0, metaState=0, flags=0x0, edgeFlags=0x0, pointerCount=1, historySize=0, eventTime=830642190, downTime=830642190, deviceId=0, source=0x1002 }
08-05 22:43:45.785  8136  8136 D AndroidRuntime: Shutting down VM
08-05 22:43:45.797   918  6111 I ActivityManager: START u0 {dat=https://oauth.reddit.com/... cmp=baseline.org.quantumbadger.redreader/.activities.PostListingActivity} from uid 10705 on display 0
08-05 22:43:45.799   512  2967 D audio_hw_primary: out_set_parameters: enter: usecase(1: low-latency-playback) kvpairs: routing=2
08-05 22:43:45.812   512  2967 D audio_hw_primary: select_devices: out_snd_device(2: speaker) in_snd_device(0: none)
08-05 22:43:45.812   512  2967 D msm8974_platform: platform_send_audio_calibration: sending audio calibration for snd_device(2) acdb_id(15)
08-05 22:43:45.813   512  2967 I soundtrigger: audio_extn_sound_trigger_update_device_status: device 0x2 of type 0 for Event 1
08-05 22:43:45.824  6590  6590 I AppCompatViewInflater: app:theme is now deprecated. Please move to using android:theme instead.
08-05 22:43:45.825   512  2967 D audio_hw_primary: enable_snd_device: snd_device(2: speaker)
08-05 22:43:45.827   512  2967 D audio_hw_primary: enable_audio_route: apply and update mixer path: low-latency-playback speaker
08-05 22:43:45.845  6590  8160 D OK      : calling: https://oauth.reddit.com/r/askscience/about.json
08-05 22:43:45.906   918   936 I ActivityManager: Displayed baseline.org.quantumbadger.redreader/.activities.PostListingActivity: +94ms
08-05 22:43:45.906 13866 13866 I GoogleInputMethodServic: GoogleInputMethodService.onFinishInput():3138 
08-05 22:43:45.907 13866 13866 I GoogleInputMethodServic: GoogleInputMethodService.onStartInput():1808 
08-05 22:43:45.977  6590  6603 I art     : Starting a blocking GC Explicit
08-05 22:43:46.009  6590  6603 I art     : Explicit concurrent mark sweep GC freed 2971(185KB) AllocSpace objects, 1(20KB) LOS objects, 39% free, 25MB/41MB, paused 360us total 30.885ms
08-05 22:43:46.024  6590  6603 I art     : Starting a blocking GC Explicit
08-05 22:43:46.062  6590  6603 I art     : Explicit concurrent mark sweep GC freed 2403(101KB) AllocSpace objects, 0(0B) LOS objects, 38% free, 25MB/41MB, paused 430us total 37.836ms
08-05 22:43:46.078  6590  6603 I art     : Starting a blocking GC Explicit
08-05 22:43:46.115  6590  6603 I art     : Explicit concurrent mark sweep GC freed 94(3KB) AllocSpace objects, 0(0B) LOS objects, 39% free, 25MB/41MB, paused 331us total 35.995ms
08-05 22:43:46.129  6590  6603 I art     : Starting a blocking GC Explicit
08-05 22:43:46.162   380   380 W SurfaceFlinger: couldn't log to binary event log: overflow.
08-05 22:43:46.166  6590  6603 I art     : Explicit concurrent mark sweep GC freed 7(256B) AllocSpace objects, 0(0B) LOS objects, 39% free, 25MB/41MB, paused 339us total 37.017ms
08-05 22:43:46.181  6590  6603 I art     : Starting a blocking GC Explicit
08-05 22:43:46.209  6590  6603 I art     : Explicit concurrent mark sweep GC freed 163(12KB) AllocSpace objects, 0(0B) LOS objects, 38% free, 25MB/41MB, paused 367us total 27.613ms
08-05 22:43:46.211  6590  8160 I NAPPA_EXPERIMENTATION: MetricNetworkRequestExecutionTime: REQUEST_DURATION_SYSTEM='365',REQUEST_DURATION_OKHTTP='153',REQUEST_SYNCHRONOUS='TRUE',RESPONSE_CODE='200',RESPONSE_METHOD='GET',RESPONSE_LENGTH_OKHTTP='-1',RESPONSE_LENGTH_HEADER='4700',REQUEST_PROTOCOL='h2',REQUEST_URL='https://oauth.reddit.com/r/askscience/about.json',
08-05 22:43:46.212  6590  8160 D OK      : request got status: 200
08-05 22:43:46.370   512  2967 D audio_hw_primary: disable_audio_route: reset and update mixer path: low-latency-playback speaker
08-05 22:43:46.372   512  2967 D audio_hw_primary: disable_snd_device: snd_device(2: speaker)
08-05 22:43:46.381   512  2967 I soundtrigger: audio_extn_sound_trigger_update_device_status: device 0x2 of type 0 for Event 0
08-05 22:43:46.504  6590  7013 I art     : Starting a blocking GC Explicit
08-05 22:43:46.538  6590  7013 I art     : Explicit concurrent mark sweep GC freed 2931(262KB) AllocSpace objects, 4(176KB) LOS objects, 38% free, 25MB/41MB, paused 318us total 33.521ms
08-05 22:43:46.553  6590  7013 I art     : Starting a blocking GC Explicit
08-05 22:43:46.583  6590  7013 I art     : Explicit concurrent mark sweep GC freed 223(11KB) AllocSpace objects, 0(0B) LOS objects, 38% free, 25MB/41MB, paused 287us total 29.547ms
08-05 22:43:46.599  6590  7013 I art     : Starting a blocking GC Explicit
08-05 22:43:46.630  6590  7013 I art     : Explicit concurrent mark sweep GC freed 3(96B) AllocSpace objects, 0(0B) LOS objects, 38% free, 25MB/41MB, paused 456us total 30.301ms
08-05 22:43:46.630  6590  6600 I art     : WaitForGcToComplete blocked for 30.644ms for cause HeapTrim
08-05 22:43:46.643  6590  7013 I art     : Starting a blocking GC Explicit
08-05 22:43:46.673  6590  7013 I art     : Explicit concurrent mark sweep GC freed 5(192B) AllocSpace objects, 0(0B) LOS objects, 38% free, 25MB/41MB, paused 284us total 30.043ms
08-05 22:43:46.686  6590  7013 I art     : Starting a blocking GC Explicit
08-05 22:43:46.716  6590  7013 I art     : Explicit concurrent mark sweep GC freed 25(1024B) AllocSpace objects, 0(0B) LOS objects, 38% free, 25MB/41MB, paused 255us total 29.708ms
08-05 22:43:47.010  6590  6603 I art     : Starting a blocking GC Explicit
08-05 22:43:47.043  6590  6603 I art     : Explicit concurrent mark sweep GC freed 1341(80KB) AllocSpace objects, 1(20KB) LOS objects, 38% free, 25MB/41MB, paused 267us total 32.443ms
08-05 22:43:47.048  6590  8194 D OK      : calling: https://oauth.reddit.com/r/askscience/hot/.json
08-05 22:43:47.057  6590  6603 I art     : Starting a blocking GC Explicit
08-05 22:43:47.086  6590  6603 I art     : Explicit concurrent mark sweep GC freed 112(4KB) AllocSpace objects, 0(0B) LOS objects, 38% free, 25MB/41MB, paused 308us total 29.019ms
08-05 22:43:47.099  6590  6603 I art     : Starting a blocking GC Explicit
08-05 22:43:47.129  6590  6603 I art     : Explicit concurrent mark sweep GC freed 9(352B) AllocSpace objects, 0(0B) LOS objects, 38% free, 25MB/41MB, paused 307us total 30.022ms
08-05 22:43:47.142  6590  6603 I art     : Starting a blocking GC Explicit
08-05 22:43:47.173  6590  6603 I art     : Explicit concurrent mark sweep GC freed 3(96B) AllocSpace objects, 0(0B) LOS objects, 38% free, 25MB/41MB, paused 329us total 30.538ms
08-05 22:43:47.186  6590  6603 I art     : Starting a blocking GC Explicit
08-05 22:43:47.216  6590  8194 I NAPPA_EXPERIMENTATION: MetricNetworkRequestExecutionTime: REQUEST_DURATION_SYSTEM='168',REQUEST_DURATION_OKHTTP='164',REQUEST_SYNCHRONOUS='TRUE',RESPONSE_CODE='200',RESPONSE_METHOD='GET',RESPONSE_LENGTH_OKHTTP='-1',RESPONSE_LENGTH_HEADER='21282',REQUEST_PROTOCOL='h2',REQUEST_URL='https://oauth.reddit.com/r/askscience/hot/.json',
08-05 22:43:47.216  6590  8194 D OK      : request got status: 200
08-05 22:43:47.217  6590  6603 I art     : Explicit concurrent mark sweep GC freed 259(18KB) AllocSpace objects, 0(0B) LOS objects, 38% free, 25MB/41MB, paused 356us total 30.413ms
08-05 22:43:47.234  6590  7176 I PostListingFragment: Precaching images: OFF
08-05 22:43:47.234  6590  7176 I PostListingFragment: Precaching comments: OFF
08-05 22:43:47.494  6590  6614 I art     : Starting a blocking GC Explicit
08-05 22:43:47.534  6590  6614 I art     : Explicit concurrent mark sweep GC freed 20418(968KB) AllocSpace objects, 3(156KB) LOS objects, 38% free, 25MB/41MB, paused 486us total 39.245ms
08-05 22:43:47.548  6590  6614 I art     : Starting a blocking GC Explicit
08-05 22:43:47.579  6590  6614 I art     : Explicit concurrent mark sweep GC freed 13624(631KB) AllocSpace objects, 0(0B) LOS objects, 38% free, 25MB/41MB, paused 470us total 30.874ms
08-05 22:43:47.591  6590  6614 I art     : Starting a blocking GC Explicit
08-05 22:43:47.621  6590  6614 I art     : Explicit concurrent mark sweep GC freed 936(45KB) AllocSpace objects, 0(0B) LOS objects, 38% free, 25MB/41MB, paused 515us total 29.053ms
08-05 22:43:47.633  6590  6614 I art     : Starting a blocking GC Explicit
08-05 22:43:47.666  6590  6614 I art     : Explicit concurrent mark sweep GC freed 212(7KB) AllocSpace objects, 0(0B) LOS objects, 38% free, 25MB/41MB, paused 290us total 32.012ms
08-05 22:43:47.680  6590  6614 I art     : Starting a blocking GC Explicit
08-05 22:43:47.714  6590  6614 I art     : Explicit concurrent mark sweep GC freed 5(192B) AllocSpace objects, 0(0B) LOS objects, 38% free, 25MB/41MB, paused 337us total 33.597ms
08-05 22:43:47.996  6590  7013 I art     : Starting a blocking GC Explicit
08-05 22:43:48.032  6590  7013 I art     : Explicit concurrent mark sweep GC freed 1690(97KB) AllocSpace objects, 1(20KB) LOS objects, 38% free, 25MB/41MB, paused 281us total 35.230ms
08-05 22:43:48.049  6590  7013 I art     : Starting a blocking GC Explicit
08-05 22:43:48.081  6590  7013 I art     : Explicit concurrent mark sweep GC freed 83(4KB) AllocSpace objects, 0(0B) LOS objects, 38% free, 25MB/41MB, paused 267us total 31.697ms
08-05 22:43:48.094  6590  7013 I art     : Starting a blocking GC Explicit
08-05 22:43:48.126  6590  7013 I art     : Explicit concurrent mark sweep GC freed 3(96B) AllocSpace objects, 0(0B) LOS objects, 38% free, 25MB/41MB, paused 273us total 31.391ms
08-05 22:43:48.139  6590  7013 I art     : Starting a blocking GC Explicit
08-05 22:43:48.173  6590  7013 I art     : Explicit concurrent mark sweep GC freed 3(96B) AllocSpace objects, 0(0B) LOS objects, 38% free, 25MB/41MB, paused 281us total 33.303ms
08-05 22:43:48.187  6590  7013 I art     : Starting a blocking GC Explicit
08-05 22:43:48.220  6590  7013 I art     : Explicit concurrent mark sweep GC freed 3(96B) AllocSpace objects, 0(0B) LOS objects, 38% free, 25MB/41MB, paused 287us total 33.029ms
08-05 22:43:48.538  6590  6614 I art     : Starting a blocking GC Explicit
08-05 22:43:48.576  6590  6614 I art     : Explicit concurrent mark sweep GC freed 1345(80KB) AllocSpace objects, 1(20KB) LOS objects, 38% free, 25MB/41MB, paused 302us total 37.358ms
08-05 22:43:48.590  6590  6614 I art     : Starting a blocking GC Explicit
08-05 22:43:48.624  6590  6614 I art     : Explicit concurrent mark sweep GC freed 20(704B) AllocSpace objects, 0(0B) LOS objects, 38% free, 25MB/41MB, paused 287us total 34.185ms
08-05 22:43:48.638  6590  6614 I art     : Starting a blocking GC Explicit
08-05 22:43:48.672  6590  6614 I art     : Explicit concurrent mark sweep GC freed 3(96B) AllocSpace objects, 0(0B) LOS objects, 38% free, 25MB/41MB, paused 291us total 33.714ms
08-05 22:43:48.686  6590  6614 I art     : Starting a blocking GC Explicit
08-05 22:43:48.718  6590  6614 I art     : Explicit concurrent mark sweep GC freed 3(96B) AllocSpace objects, 0(0B) LOS objects, 38% free, 25MB/41MB, paused 280us total 32.537ms
08-05 22:43:48.732  6590  6614 I art     : Starting a blocking GC Explicit
08-05 22:43:48.766  6590  6614 I art     : Explicit concurrent mark sweep GC freed 3(96B) AllocSpace objects, 0(0B) LOS objects, 38% free, 25MB/41MB, paused 313us total 33.419ms
08-05 22:43:49.069  6590  6602 I art     : Starting a blocking GC Explicit
08-05 22:43:49.106  6590  6602 I art     : Explicit concurrent mark sweep GC freed 1342(80KB) AllocSpace objects, 1(20KB) LOS objects, 38% free, 25MB/41MB, paused 325us total 36.673ms
08-05 22:43:49.124  6590  6602 I art     : Starting a blocking GC Explicit
08-05 22:43:49.158  6590  6602 I art     : Explicit concurrent mark sweep GC freed 20(704B) AllocSpace objects, 0(0B) LOS objects, 38% free, 25MB/41MB, paused 306us total 33.062ms
08-05 22:43:49.171  6590  6602 I art     : Starting a blocking GC Explicit
08-05 22:43:49.205  6590  6602 I art     : Explicit concurrent mark sweep GC freed 3(96B) AllocSpace objects, 0(0B) LOS objects, 38% free, 25MB/41MB, paused 274us total 33.375ms
08-05 22:43:49.219  6590  6602 I art     : Starting a blocking GC Explicit
08-05 22:43:49.252  6590  6602 I art     : Explicit concurrent mark sweep GC freed 3(96B) AllocSpace objects, 0(0B) LOS objects, 38% free, 25MB/41MB, paused 279us total 33.635ms
08-05 22:43:49.267  6590  6602 I art     : Starting a blocking GC Explicit
08-05 22:43:49.301  6590  6602 I art     : Explicit concurrent mark sweep GC freed 3(96B) AllocSpace objects, 0(0B) LOS objects, 38% free, 25MB/41MB, paused 282us total 34.193ms
08-05 22:43:49.631  6590  6603 I art     : Starting a blocking GC Explicit
08-05 22:43:49.684  6590  6603 I art     : Explicit concurrent mark sweep GC freed 1342(80KB) AllocSpace objects, 1(20KB) LOS objects, 38% free, 25MB/41MB, paused 354us total 52.437ms
08-05 22:43:49.703  6590  6603 I art     : Starting a blocking GC Explicit
08-05 22:43:49.739  6590  6603 I art     : Explicit concurrent mark sweep GC freed 20(704B) AllocSpace objects, 0(0B) LOS objects, 38% free, 25MB/41MB, paused 288us total 35.165ms
08-05 22:43:49.753  6590  6603 I art     : Starting a blocking GC Explicit
08-05 22:43:49.786  6590  6603 I art     : Explicit concurrent mark sweep GC freed 3(96B) AllocSpace objects, 0(0B) LOS objects, 38% free, 25MB/41MB, paused 278us total 33.112ms
08-05 22:43:49.800  6590  6603 I art     : Starting a blocking GC Explicit
08-05 22:43:49.834  6590  6603 I art     : Explicit concurrent mark sweep GC freed 3(96B) AllocSpace objects, 0(0B) LOS objects, 38% free, 25MB/41MB, paused 322us total 33.674ms
08-05 22:43:49.848  6590  6603 I art     : Starting a blocking GC Explicit
08-05 22:43:49.882  6590  6603 I art     : Explicit concurrent mark sweep GC freed 3(96B) AllocSpace objects, 0(0B) LOS objects, 38% free, 25MB/41MB, paused 288us total 33.979ms
08-05 22:43:49.896  5084  5084 I ServiceManager: Waiting for service AtCmdFwd...
08-05 22:43:50.200  6590  7013 I art     : Starting a blocking GC Explicit
08-05 22:43:50.243  6590  7013 I art     : Explicit concurrent mark sweep GC freed 1341(80KB) AllocSpace objects, 1(20KB) LOS objects, 38% free, 25MB/41MB, paused 311us total 42.802ms
08-05 22:43:50.260  6590  7013 I art     : Starting a blocking GC Explicit
08-05 22:43:50.294  6590  7013 I art     : Explicit concurrent mark sweep GC freed 20(704B) AllocSpace objects, 0(0B) LOS objects, 38% free, 25MB/41MB, paused 294us total 34.010ms
08-05 22:43:50.308  6590  7013 I art     : Starting a blocking GC Explicit
08-05 22:43:50.342  6590  7013 I art     : Explicit concurrent mark sweep GC freed 3(96B) AllocSpace objects, 0(0B) LOS objects, 38% free, 25MB/41MB, paused 293us total 33.883ms
08-05 22:43:50.356  6590  7013 I art     : Starting a blocking GC Explicit
08-05 22:43:50.391  6590  7013 I art     : Explicit concurrent mark sweep GC freed 3(96B) AllocSpace objects, 0(0B) LOS objects, 38% free, 25MB/41MB, paused 291us total 34.193ms
08-05 22:43:50.404  6590  7013 I art     : Starting a blocking GC Explicit
08-05 22:43:50.439  6590  7013 I art     : Explicit concurrent mark sweep GC freed 3(96B) AllocSpace objects, 0(0B) LOS objects, 38% free, 25MB/41MB, paused 285us total 33.940ms
08-05 22:43:50.710   518   646 I ThermalEngine: ACTION: GPU - Setting GPU[0] to 600000000
08-05 22:43:50.767  6590  6614 I art     : Starting a blocking GC Explicit
08-05 22:43:50.808  6590  6614 I art     : Explicit concurrent mark sweep GC freed 1345(80KB) AllocSpace objects, 1(20KB) LOS objects, 38% free, 25MB/41MB, paused 282us total 41.104ms
08-05 22:43:50.820  6590  6614 I art     : Starting a blocking GC Explicit
08-05 22:43:50.848  6590  6614 I art     : Explicit concurrent mark sweep GC freed 20(704B) AllocSpace objects, 0(0B) LOS objects, 38% free, 25MB/41MB, paused 220us total 27.853ms
08-05 22:43:50.859  6590  6614 I art     : Starting a blocking GC Explicit
08-05 22:43:50.886  6590  6614 I art     : Explicit concurrent mark sweep GC freed 3(96B) AllocSpace objects, 0(0B) LOS objects, 38% free, 25MB/41MB, paused 221us total 27.368ms
08-05 22:43:50.896  5084  5084 I ServiceManager: Waiting for service AtCmdFwd...
08-05 22:43:50.897  6590  6614 I art     : Starting a blocking GC Explicit
08-05 22:43:50.924  6590  6614 I art     : Explicit concurrent mark sweep GC freed 3(96B) AllocSpace objects, 0(0B) LOS objects, 38% free, 25MB/41MB, paused 206us total 26.470ms
08-05 22:43:50.934  6590  6614 I art     : Starting a blocking GC Explicit
08-05 22:43:50.961  6590  6614 I art     : Explicit concurrent mark sweep GC freed 3(96B) AllocSpace objects, 0(0B) LOS objects, 38% free, 25MB/41MB, paused 204us total 26.403ms
08-05 22:43:51.224  6590  6602 I art     : Starting a blocking GC Explicit
08-05 22:43:51.252  6590  6602 I art     : Explicit concurrent mark sweep GC freed 1342(80KB) AllocSpace objects, 1(20KB) LOS objects, 38% free, 25MB/41MB, paused 223us total 27.753ms
08-05 22:43:51.262  6590  6602 I art     : Starting a blocking GC Explicit
08-05 22:43:51.290  6590  6602 I art     : Explicit concurrent mark sweep GC freed 20(704B) AllocSpace objects, 0(0B) LOS objects, 38% free, 25MB/41MB, paused 213us total 27.199ms
08-05 22:43:51.300  6590  6602 I art     : Starting a blocking GC Explicit
08-05 22:43:51.326  6590  6602 I art     : Explicit concurrent mark sweep GC freed 3(96B) AllocSpace objects, 0(0B) LOS objects, 38% free, 25MB/41MB, paused 197us total 26.124ms
08-05 22:43:51.337  6590  6602 I art     : Starting a blocking GC Explicit
08-05 22:43:51.362  6590  6602 I art     : Explicit concurrent mark sweep GC freed 3(96B) AllocSpace objects, 0(0B) LOS objects, 38% free, 25MB/41MB, paused 210us total 25.482ms
08-05 22:43:51.372  6590  6602 I art     : Starting a blocking GC Explicit
08-05 22:43:51.398  6590  6602 I art     : Explicit concurrent mark sweep GC freed 3(96B) AllocSpace objects, 0(0B) LOS objects, 38% free, 25MB/41MB, paused 245us total 25.574ms
08-05 22:43:51.407  8266  8266 D AndroidRuntime: >>>>>> START com.android.internal.os.RuntimeInit uid 2000 <<<<<<
08-05 22:43:51.411  8266  8266 D AndroidRuntime: CheckJNI is OFF
08-05 22:43:51.436  8266  8266 D ICU     : No timezone override file found: /data/misc/zoneinfo/current/icu/icu_tzdata.dat
08-05 22:43:51.461  8266  8266 I Radio-JNI: register_android_hardware_Radio DONE
08-05 22:43:51.477  8266  8266 D AndroidRuntime: Calling main entry com.android.commands.input.Input
08-05 22:43:51.479  8266  8266 I Input   : injectMotionEvent: MotionEvent { action=ACTION_DOWN, actionButton=0, id[0]=0, x[0]=600.0, y[0]=700.0, toolType[0]=TOOL_TYPE_UNKNOWN, buttonState=0, metaState=0, flags=0x0, edgeFlags=0x0, pointerCount=1, historySize=0, eventTime=830647892, downTime=830647892, deviceId=0, source=0x1002 }
08-05 22:43:51.486  8266  8266 I Input   : injectMotionEvent: MotionEvent { action=ACTION_UP, actionButton=0, id[0]=0, x[0]=600.0, y[0]=700.0, toolType[0]=TOOL_TYPE_UNKNOWN, buttonState=0, metaState=0, flags=0x0, edgeFlags=0x0, pointerCount=1, historySize=0, eventTime=830647892, downTime=830647892, deviceId=0, source=0x1002 }
08-05 22:43:51.488  8266  8266 D AndroidRuntime: Shutting down VM
08-05 22:43:51.509   512  2967 D audio_hw_primary: out_set_parameters: enter: usecase(1: low-latency-playback) kvpairs: routing=2
08-05 22:43:51.510   918  6112 I ActivityManager: START u0 {dat=https://oauth.reddit.com/... cmp=baseline.org.quantumbadger.redreader/.activities.CommentListingActivity} from uid 10705 on display 0
08-05 22:43:51.522   512  2967 D audio_hw_primary: select_devices: out_snd_device(2: speaker) in_snd_device(0: none)
08-05 22:43:51.522   512  2967 D msm8974_platform: platform_send_audio_calibration: sending audio calibration for snd_device(2) acdb_id(15)
08-05 22:43:51.522   512  2967 I soundtrigger: audio_extn_sound_trigger_update_device_status: device 0x2 of type 0 for Event 1
08-05 22:43:51.533   512  2967 D audio_hw_primary: enable_snd_device: snd_device(2: speaker)
08-05 22:43:51.536   512  2967 D audio_hw_primary: enable_audio_route: apply and update mixer path: low-latency-playback speaker
08-05 22:43:51.538  6590  6590 I AppCompatViewInflater: app:theme is now deprecated. Please move to using android:theme instead.
08-05 22:43:51.551  6590  7176 I CommentListingActivity: COMMENTS session changed to f60f04c0-40bb-4173-8355-8a1b90462135
08-05 22:43:51.622  6590  7013 I art     : Starting a blocking GC Explicit
08-05 22:43:51.664  6590  7013 I art     : Explicit concurrent mark sweep GC freed 30679(2MB) AllocSpace objects, 3(56KB) LOS objects, 35% free, 29MB/45MB, paused 830us total 42.231ms
08-05 22:43:51.681  6590  7013 I art     : Starting a blocking GC Explicit
08-05 22:43:51.691 13866 13866 I GoogleInputMethodServic: GoogleInputMethodService.onFinishInput():3138 
08-05 22:43:51.691   918   936 I ActivityManager: Displayed baseline.org.quantumbadger.redreader/.activities.CommentListingActivity: +173ms
08-05 22:43:51.691 13866 13866 I GoogleInputMethodServic: GoogleInputMethodService.onStartInput():1808 
08-05 22:43:51.720  6590  7013 I art     : Explicit concurrent mark sweep GC freed 14450(969KB) AllocSpace objects, 1(16KB) LOS objects, 35% free, 29MB/45MB, paused 415us total 38.644ms
08-05 22:43:51.721  6590  6600 I art     : WaitForGcToComplete blocked for 39.124ms for cause HeapTrim
08-05 22:43:51.735  6590  7013 I art     : Starting a blocking GC Explicit
08-05 22:43:51.770  6590  7013 I art     : Explicit concurrent mark sweep GC freed 20607(959KB) AllocSpace objects, 0(0B) LOS objects, 36% free, 28MB/44MB, paused 184us total 34.162ms
08-05 22:43:51.782  6590  7013 I art     : Starting a blocking GC Explicit
08-05 22:43:51.815  6590  7013 I art     : Explicit concurrent mark sweep GC freed 13(640B) AllocSpace objects, 0(0B) LOS objects, 36% free, 28MB/44MB, paused 200us total 32.860ms
08-05 22:43:51.827  6590  7013 I art     : Starting a blocking GC Explicit
08-05 22:43:51.864  6590  7013 I art     : Explicit concurrent mark sweep GC freed 4(128B) AllocSpace objects, 0(0B) LOS objects, 36% free, 28MB/44MB, paused 211us total 36.861ms
08-05 22:43:51.897  5084  5084 I ServiceManager: Waiting for service AtCmdFwd...
08-05 22:43:51.936   380   380 W SurfaceFlinger: couldn't log to binary event log: overflow.
08-05 22:43:52.069   512  2967 D audio_hw_primary: disable_audio_route: reset and update mixer path: low-latency-playback speaker
08-05 22:43:52.071   512  2967 D audio_hw_primary: disable_snd_device: snd_device(2: speaker)
08-05 22:43:52.081   512  2967 I soundtrigger: audio_extn_sound_trigger_update_device_status: device 0x2 of type 0 for Event 0
08-05 22:43:52.150  6590  6614 I art     : Starting a blocking GC Explicit
08-05 22:43:52.191  6590  6614 I art     : Explicit concurrent mark sweep GC freed 1429(83KB) AllocSpace objects, 1(20KB) LOS objects, 36% free, 28MB/44MB, paused 195us total 40.061ms
08-05 22:43:52.204  6590  6614 I art     : Starting a blocking GC Explicit
08-05 22:43:52.239  6590  6614 I art     : Explicit concurrent mark sweep GC freed 24(832B) AllocSpace objects, 0(0B) LOS objects, 36% free, 28MB/44MB, paused 177us total 35.729ms
08-05 22:43:52.251  6590  6614 I art     : Starting a blocking GC Explicit
08-05 22:43:52.269  6590  8195 I RedditChangeDataIO: Writing tmp data file at '/data/user/0/baseline.org.quantumbadger.redreader/files/rr_change_data_tmp.dat'
08-05 22:43:52.270  6590  8195 I RedditChangeDataManager: Taking snapshot...
08-05 22:43:52.270  6590  8195 I RedditChangeDataManager: Writing to stream...
08-05 22:43:52.270  6590  8195 I RedditChangeDataManager: Wrote 3 entries for user ''
08-05 22:43:52.270  6590  8195 I RedditChangeDataManager: All entries written to stream.
08-05 22:43:52.270  6590  8195 I RedditChangeDataIO: Write successful. Atomically replacing data file...
08-05 22:43:52.270  6590  8195 I RedditChangeDataIO: Write complete.
08-05 22:43:52.270  6590  8195 I RedditChangeDataIO: 86 bytes written in 1 ms
08-05 22:43:52.285  6590  6614 I art     : Explicit concurrent mark sweep GC freed 102(5KB) AllocSpace objects, 1(68KB) LOS objects, 36% free, 28MB/44MB, paused 176us total 34.474ms
08-05 22:43:52.298  6590  6614 I art     : Starting a blocking GC Explicit
08-05 22:43:52.307   918  3261 D WifiStateMachine: starting scan for "H369AA63323"WPA_PSK with 2412,5180
08-05 22:43:52.332  6590  6614 I art     : Explicit concurrent mark sweep GC freed 240(39KB) AllocSpace objects, 0(0B) LOS objects, 36% free, 28MB/44MB, paused 206us total 34.230ms
08-05 22:43:52.343  6590  6614 I art     : Starting a blocking GC Explicit
08-05 22:43:52.375  6590  6614 I art     : Explicit concurrent mark sweep GC freed 68(2272B) AllocSpace objects, 0(0B) LOS objects, 36% free, 28MB/44MB, paused 159us total 31.585ms
08-05 22:43:52.669  6590  6602 I art     : Starting a blocking GC Explicit
08-05 22:43:52.713  6590  6602 I art     : Explicit concurrent mark sweep GC freed 1341(80KB) AllocSpace objects, 1(20KB) LOS objects, 36% free, 28MB/44MB, paused 198us total 43.100ms
08-05 22:43:52.728  6590  6602 I art     : Starting a blocking GC Explicit
08-05 22:43:52.764  6590  6602 I art     : Explicit concurrent mark sweep GC freed 66(2528B) AllocSpace objects, 0(0B) LOS objects, 36% free, 28MB/44MB, paused 185us total 35.521ms
08-05 22:43:52.776  6590  6602 I art     : Starting a blocking GC Explicit
08-05 22:43:52.812  6590  6602 I art     : Explicit concurrent mark sweep GC freed 3(96B) AllocSpace objects, 0(0B) LOS objects, 36% free, 28MB/44MB, paused 175us total 35.839ms
08-05 22:43:52.824  6590  6602 I art     : Starting a blocking GC Explicit
08-05 22:43:52.861  6590  6602 I art     : Explicit concurrent mark sweep GC freed 3(96B) AllocSpace objects, 0(0B) LOS objects, 36% free, 28MB/44MB, paused 187us total 36.979ms
08-05 22:43:52.874  6590  6602 I art     : Starting a blocking GC Explicit
08-05 22:43:52.898  5084  5084 I ServiceManager: Waiting for service AtCmdFwd...
08-05 22:43:52.911  6590  6602 I art     : Explicit concurrent mark sweep GC freed 3(96B) AllocSpace objects, 0(0B) LOS objects, 36% free, 28MB/44MB, paused 177us total 37.499ms
08-05 22:43:53.233  6590  7013 I art     : Starting a blocking GC Explicit
08-05 22:43:53.287  6590  7013 I art     : Explicit concurrent mark sweep GC freed 1341(80KB) AllocSpace objects, 1(20KB) LOS objects, 36% free, 28MB/44MB, paused 224us total 53.435ms
08-05 22:43:53.306  6590  7013 I art     : Starting a blocking GC Explicit
08-05 22:43:53.344  6590  7013 I art     : Explicit concurrent mark sweep GC freed 20(704B) AllocSpace objects, 0(0B) LOS objects, 36% free, 28MB/44MB, paused 179us total 37.168ms
08-05 22:43:53.356  6590  7013 I art     : Starting a blocking GC Explicit
08-05 22:43:53.394  6590  7013 I art     : Explicit concurrent mark sweep GC freed 3(96B) AllocSpace objects, 0(0B) LOS objects, 36% free, 28MB/44MB, paused 194us total 38.299ms
08-05 22:43:53.406  6590  7013 I art     : Starting a blocking GC Explicit
08-05 22:43:53.445  6590  7013 I art     : Explicit concurrent mark sweep GC freed 3(96B) AllocSpace objects, 0(0B) LOS objects, 36% free, 28MB/44MB, paused 191us total 38.244ms
08-05 22:43:53.457  6590  7013 I art     : Starting a blocking GC Explicit
08-05 22:43:53.496  6590  7013 I art     : Explicit concurrent mark sweep GC freed 3(96B) AllocSpace objects, 0(0B) LOS objects, 36% free, 28MB/44MB, paused 188us total 38.207ms
08-05 22:43:53.719   518   646 I ThermalEngine: ACTION: GPU - Setting GPU[0] to 510000000
08-05 22:43:53.792  6590  6614 I art     : Starting a blocking GC Explicit
08-05 22:43:53.849  6590  6614 I art     : Explicit concurrent mark sweep GC freed 1341(80KB) AllocSpace objects, 1(20KB) LOS objects, 36% free, 28MB/44MB, paused 285us total 56.606ms
08-05 22:43:53.870  6590  6614 I art     : Starting a blocking GC Explicit
08-05 22:43:53.898  5084  5084 I ServiceManager: Waiting for service AtCmdFwd...
08-05 22:43:53.921  6590  6614 I art     : Explicit concurrent mark sweep GC freed 20(704B) AllocSpace objects, 0(0B) LOS objects, 36% free, 28MB/44MB, paused 259us total 50.761ms
08-05 22:43:53.937  6590  6614 I art     : Starting a blocking GC Explicit
08-05 22:43:53.985  6590  6614 I art     : Explicit concurrent mark sweep GC freed 3(96B) AllocSpace objects, 0(0B) LOS objects, 36% free, 28MB/44MB, paused 252us total 47.557ms
08-05 22:43:54.001  6590  6614 I art     : Starting a blocking GC Explicit
08-05 22:43:54.045  6590  6614 I art     : Explicit concurrent mark sweep GC freed 3(96B) AllocSpace objects, 0(0B) LOS objects, 36% free, 28MB/44MB, paused 228us total 44.220ms
08-05 22:43:54.060  6590  6614 I art     : Starting a blocking GC Explicit
08-05 22:43:54.107  6590  6614 I art     : Explicit concurrent mark sweep GC freed 3(96B) AllocSpace objects, 0(0B) LOS objects, 36% free, 28MB/44MB, paused 265us total 46.472ms
08-05 22:43:54.423  6590  6603 I art     : Starting a blocking GC Explicit
08-05 22:43:54.482  6590  6603 I art     : Explicit concurrent mark sweep GC freed 1341(80KB) AllocSpace objects, 1(20KB) LOS objects, 36% free, 28MB/44MB, paused 268us total 58.258ms
08-05 22:43:54.507  6590  6603 I art     : Starting a blocking GC Explicit
08-05 22:43:54.552  6590  6603 I art     : Explicit concurrent mark sweep GC freed 20(704B) AllocSpace objects, 0(0B) LOS objects, 36% free, 28MB/44MB, paused 255us total 44.509ms
08-05 22:43:54.567  6590  6603 I art     : Starting a blocking GC Explicit
08-05 22:43:54.615  6590  6603 I art     : Explicit concurrent mark sweep GC freed 3(96B) AllocSpace objects, 0(0B) LOS objects, 36% free, 28MB/44MB, paused 250us total 47.206ms
08-05 22:43:54.630  6590  6603 I art     : Starting a blocking GC Explicit
08-05 22:43:54.677  6590  6603 I art     : Explicit concurrent mark sweep GC freed 3(96B) AllocSpace objects, 0(0B) LOS objects, 36% free, 28MB/44MB, paused 253us total 45.841ms
08-05 22:43:54.692  6590  6603 I art     : Starting a blocking GC Explicit
08-05 22:43:54.737  6590  6603 I art     : Explicit concurrent mark sweep GC freed 3(96B) AllocSpace objects, 0(0B) LOS objects, 36% free, 28MB/44MB, paused 269us total 44.417ms
08-05 22:43:54.899  5084  5084 W Atfwd_Sendcmd: AtCmdFwd service not published, waiting... retryCnt : 4
08-05 22:43:55.054  6590  6602 I art     : Starting a blocking GC Explicit
08-05 22:43:55.111  6590  6602 I art     : Explicit concurrent mark sweep GC freed 1341(80KB) AllocSpace objects, 1(20KB) LOS objects, 36% free, 28MB/44MB, paused 257us total 57.299ms
08-05 22:43:55.127  6590  6602 I art     : Starting a blocking GC Explicit
08-05 22:43:55.171  6590  6602 I art     : Explicit concurrent mark sweep GC freed 20(704B) AllocSpace objects, 0(0B) LOS objects, 36% free, 28MB/44MB, paused 239us total 43.489ms
08-05 22:43:55.186  6590  6602 I art     : Starting a blocking GC Explicit
08-05 22:43:55.233  6590  6602 I art     : Explicit concurrent mark sweep GC freed 3(96B) AllocSpace objects, 0(0B) LOS objects, 36% free, 28MB/44MB, paused 235us total 46.887ms
08-05 22:43:55.249  6590  6602 I art     : Starting a blocking GC Explicit
08-05 22:43:55.295  6590  6602 I art     : Explicit concurrent mark sweep GC freed 3(96B) AllocSpace objects, 0(0B) LOS objects, 36% free, 28MB/44MB, paused 255us total 45.854ms
08-05 22:43:55.311  6590  6602 I art     : Starting a blocking GC Explicit
08-05 22:43:55.357  6590  6602 I art     : Explicit concurrent mark sweep GC freed 3(96B) AllocSpace objects, 0(0B) LOS objects, 36% free, 28MB/44MB, paused 324us total 45.996ms
08-05 22:43:55.684  6590  7013 I art     : Starting a blocking GC Explicit
08-05 22:43:55.736  6590  7013 I art     : Explicit concurrent mark sweep GC freed 1343(80KB) AllocSpace objects, 1(20KB) LOS objects, 36% free, 28MB/44MB, paused 252us total 52.123ms
08-05 22:43:55.752  6590  7013 I art     : Starting a blocking GC Explicit
08-05 22:43:55.792  6590  7013 I art     : Explicit concurrent mark sweep GC freed 20(704B) AllocSpace objects, 0(0B) LOS objects, 36% free, 28MB/44MB, paused 241us total 40.085ms
08-05 22:43:55.808  6590  7013 I art     : Starting a blocking GC Explicit
08-05 22:43:55.851  6590  7013 I art     : Explicit concurrent mark sweep GC freed 3(96B) AllocSpace objects, 0(0B) LOS objects, 36% free, 28MB/44MB, paused 247us total 43.474ms
08-05 22:43:55.867  6590  7013 I art     : Starting a blocking GC Explicit
08-05 22:43:55.912  6590  7013 I art     : Explicit concurrent mark sweep GC freed 3(96B) AllocSpace objects, 0(0B) LOS objects, 36% free, 28MB/44MB, paused 253us total 44.724ms
08-05 22:43:55.927  6590  7013 I art     : Starting a blocking GC Explicit
08-05 22:43:55.970  6590  7013 I art     : Explicit concurrent mark sweep GC freed 3(96B) AllocSpace objects, 0(0B) LOS objects, 36% free, 28MB/44MB, paused 253us total 43.329ms
08-05 22:43:56.162  8371  8371 D AndroidRuntime: >>>>>> START com.android.internal.os.RuntimeInit uid 2000 <<<<<<
08-05 22:43:56.167  8371  8371 D AndroidRuntime: CheckJNI is OFF
08-05 22:43:56.198  8371  8371 D ICU     : No timezone override file found: /data/misc/zoneinfo/current/icu/icu_tzdata.dat
08-05 22:43:56.230  8371  8371 I Radio-JNI: register_android_hardware_Radio DONE
08-05 22:43:56.251  8371  8371 D AndroidRuntime: Calling main entry com.android.commands.input.Input
08-05 22:43:56.252  8371  8371 I Input   : injectKeyEvent: KeyEvent { action=ACTION_DOWN, keyCode=KEYCODE_BACK, scanCode=0, metaState=0, flags=0x0, repeatCount=0, eventTime=830652665, downTime=830652665, deviceId=-1, source=0x101 }
08-05 22:43:56.257  8371  8371 I Input   : injectKeyEvent: KeyEvent { action=ACTION_UP, keyCode=KEYCODE_BACK, scanCode=0, metaState=0, flags=0x0, repeatCount=0, eventTime=830652665, downTime=830652665, deviceId=-1, source=0x101 }
08-05 22:43:56.261  8371  8371 D AndroidRuntime: Shutting down VM
08-05 22:43:56.265  6590  7013 I art     : Starting a blocking GC Explicit
08-05 22:43:56.296 13866 13866 I GoogleInputMethodServic: GoogleInputMethodService.onFinishInput():3138 
08-05 22:43:56.297 13866 13866 I GoogleInputMethodServic: GoogleInputMethodService.onStartInput():1808 
08-05 22:43:56.309  6590  7013 I art     : Explicit concurrent mark sweep GC freed 1473(85KB) AllocSpace objects, 1(20KB) LOS objects, 36% free, 28MB/44MB, paused 475us total 44.629ms
08-05 22:43:56.326  6590  7013 I art     : Starting a blocking GC Explicit
08-05 22:43:56.368  6590  7013 I art     : Explicit concurrent mark sweep GC freed 133(4KB) AllocSpace objects, 0(0B) LOS objects, 36% free, 28MB/44MB, paused 253us total 41.183ms
08-05 22:43:56.382  6590  7013 I art     : Starting a blocking GC Explicit
08-05 22:43:56.422  6590  7013 I art     : Explicit concurrent mark sweep GC freed 5(176B) AllocSpace objects, 0(0B) LOS objects, 36% free, 28MB/44MB, paused 229us total 40.171ms
08-05 22:43:56.438  6590  7013 I art     : Starting a blocking GC Explicit
08-05 22:43:56.490  6590  7013 I art     : Explicit concurrent mark sweep GC freed 3(96B) AllocSpace objects, 0(0B) LOS objects, 36% free, 28MB/44MB, paused 253us total 51.443ms
08-05 22:43:56.510  6590  7013 I art     : Starting a blocking GC Explicit
08-05 22:43:56.568  6590  7013 I art     : Explicit concurrent mark sweep GC freed 3(96B) AllocSpace objects, 0(0B) LOS objects, 36% free, 28MB/44MB, paused 299us total 57.608ms
08-05 22:43:56.607   380   380 W SurfaceFlinger: couldn't log to binary event log: overflow.
08-05 22:43:56.722   518   646 I ThermalEngine: ACTION: GPU - Setting GPU[0] to 600000000
08-05 22:43:56.837  6590  6602 I art     : Starting a blocking GC Explicit
08-05 22:43:56.886  6590  6602 I art     : Explicit concurrent mark sweep GC freed 1402(82KB) AllocSpace objects, 1(20KB) LOS objects, 36% free, 28MB/44MB, paused 241us total 48.686ms
08-05 22:43:56.901  6590  6602 I art     : Starting a blocking GC Explicit
08-05 22:43:56.933  6590  6602 I art     : Explicit concurrent mark sweep GC freed 46779(2MB) AllocSpace objects, 5(140KB) LOS objects, 38% free, 25MB/41MB, paused 194us total 31.745ms
08-05 22:43:56.944  6590  6602 I art     : Starting a blocking GC Explicit
08-05 22:43:56.970  6590  6602 I art     : Explicit concurrent mark sweep GC freed 3(96B) AllocSpace objects, 0(0B) LOS objects, 38% free, 25MB/41MB, paused 183us total 26.090ms
08-05 22:43:56.980  6590  6602 I art     : Starting a blocking GC Explicit
08-05 22:43:57.007  6590  6602 I art     : Explicit concurrent mark sweep GC freed 3(96B) AllocSpace objects, 0(0B) LOS objects, 38% free, 25MB/41MB, paused 247us total 26.299ms
08-05 22:43:57.018  6590  6602 I art     : Starting a blocking GC Explicit
08-05 22:43:57.044  6590  6602 I art     : Explicit concurrent mark sweep GC freed 3(96B) AllocSpace objects, 0(0B) LOS objects, 38% free, 25MB/41MB, paused 185us total 26.530ms
08-05 22:43:57.331  6590  7013 I art     : Starting a blocking GC Explicit
08-05 22:43:57.371  6590  7013 I art     : Explicit concurrent mark sweep GC freed 1341(80KB) AllocSpace objects, 1(20KB) LOS objects, 38% free, 25MB/41MB, paused 202us total 40.064ms
08-05 22:43:57.382  6590  7013 I art     : Starting a blocking GC Explicit
08-05 22:43:57.408  6590  7013 I art     : Explicit concurrent mark sweep GC freed 20(704B) AllocSpace objects, 0(0B) LOS objects, 38% free, 25MB/41MB, paused 190us total 25.547ms
08-05 22:43:57.418  6590  7013 I art     : Starting a blocking GC Explicit
08-05 22:43:57.445  6590  7013 I art     : Explicit concurrent mark sweep GC freed 3(96B) AllocSpace objects, 0(0B) LOS objects, 38% free, 25MB/41MB, paused 188us total 26.754ms
08-05 22:43:57.455  6590  7013 I art     : Starting a blocking GC Explicit
08-05 22:43:57.483  6590  7013 I art     : Explicit concurrent mark sweep GC freed 3(96B) AllocSpace objects, 0(0B) LOS objects, 38% free, 25MB/41MB, paused 197us total 27.009ms
08-05 22:43:57.493  6590  7013 I art     : Starting a blocking GC Explicit
08-05 22:43:57.520  6590  7013 I art     : Explicit concurrent mark sweep GC freed 3(96B) AllocSpace objects, 0(0B) LOS objects, 38% free, 25MB/41MB, paused 197us total 26.354ms
08-05 22:43:57.767  6590  6603 I art     : Starting a blocking GC Explicit
08-05 22:43:57.794  6590  6603 I art     : Explicit concurrent mark sweep GC freed 1341(80KB) AllocSpace objects, 1(20KB) LOS objects, 38% free, 25MB/41MB, paused 207us total 27.566ms
08-05 22:43:57.806  6590  6603 I art     : Starting a blocking GC Explicit
08-05 22:43:57.819  8414  8414 D AndroidRuntime: >>>>>> START com.android.internal.os.RuntimeInit uid 2000 <<<<<<
08-05 22:43:57.823  8414  8414 D AndroidRuntime: CheckJNI is OFF
08-05 22:43:57.832  6590  6603 I art     : Explicit concurrent mark sweep GC freed 20(704B) AllocSpace objects, 0(0B) LOS objects, 38% free, 25MB/41MB, paused 200us total 26.192ms
08-05 22:43:57.842  6590  6603 I art     : Starting a blocking GC Explicit
08-05 22:43:57.853  8414  8414 D ICU     : No timezone override file found: /data/misc/zoneinfo/current/icu/icu_tzdata.dat
08-05 22:43:57.868  6590  6603 I art     : Explicit concurrent mark sweep GC freed 3(96B) AllocSpace objects, 0(0B) LOS objects, 38% free, 25MB/41MB, paused 211us total 25.284ms
08-05 22:43:57.878  6590  6603 I art     : Starting a blocking GC Explicit
08-05 22:43:57.879  8414  8414 I Radio-JNI: register_android_hardware_Radio DONE
08-05 22:43:57.895  8414  8414 D AndroidRuntime: Calling main entry com.android.commands.input.Input
08-05 22:43:57.896  8414  8414 I Input   : injectKeyEvent: KeyEvent { action=ACTION_DOWN, keyCode=KEYCODE_BACK, scanCode=0, metaState=0, flags=0x0, repeatCount=0, eventTime=830654309, downTime=830654309, deviceId=-1, source=0x101 }
08-05 22:43:57.903  8414  8414 I Input   : injectKeyEvent: KeyEvent { action=ACTION_UP, keyCode=KEYCODE_BACK, scanCode=0, metaState=0, flags=0x0, repeatCount=0, eventTime=830654309, downTime=830654309, deviceId=-1, source=0x101 }
08-05 22:43:57.904  6590  6603 I art     : Explicit concurrent mark sweep GC freed 4(176B) AllocSpace objects, 0(0B) LOS objects, 38% free, 25MB/41MB, paused 248us total 25.630ms
08-05 22:43:57.908  8414  8414 D AndroidRuntime: Shutting down VM
08-05 22:43:57.914  6590  6603 I art     : Starting a blocking GC Explicit
08-05 22:43:57.938  6590  6603 I art     : Explicit concurrent mark sweep GC freed 114(3KB) AllocSpace objects, 0(0B) LOS objects, 38% free, 25MB/41MB, paused 194us total 23.979ms
08-05 22:43:57.946 13866 13866 I GoogleInputMethodServic: GoogleInputMethodService.onFinishInput():3138 
08-05 22:43:57.947 13866 13866 I GoogleInputMethodServic: GoogleInputMethodService.onStartInput():1808 
08-05 22:43:58.181  6590  7013 I art     : Starting a blocking GC Explicit
08-05 22:43:58.217  6590  7013 I art     : Explicit concurrent mark sweep GC freed 1406(82KB) AllocSpace objects, 1(20KB) LOS objects, 38% free, 25MB/41MB, paused 305us total 36.064ms
08-05 22:43:58.229  6590  7013 I art     : Starting a blocking GC Explicit
08-05 22:43:58.258  6590  7013 I art     : Explicit concurrent mark sweep GC freed 59(2032B) AllocSpace objects, 0(0B) LOS objects, 38% free, 25MB/41MB, paused 226us total 28.097ms
08-05 22:43:58.268  6590  7013 I art     : Starting a blocking GC Explicit
08-05 22:43:58.293  6590  7013 I art     : Explicit concurrent mark sweep GC freed 23(992B) AllocSpace objects, 0(0B) LOS objects, 38% free, 25MB/41MB, paused 202us total 25.065ms
08-05 22:43:58.303  6590  7013 I art     : Starting a blocking GC Explicit
08-05 22:43:58.329  6590  7013 I art     : Explicit concurrent mark sweep GC freed 133(6KB) AllocSpace objects, 0(0B) LOS objects, 38% free, 25MB/41MB, paused 201us total 25.057ms
08-05 22:43:58.339  6590  7013 I art     : Starting a blocking GC Explicit
08-05 22:43:58.365  6590  7013 I art     : Explicit concurrent mark sweep GC freed 3(96B) AllocSpace objects, 0(0B) LOS objects, 38% free, 25MB/41MB, paused 218us total 26.248ms
08-05 22:43:58.651  6590  6602 I art     : Starting a blocking GC Explicit
08-05 22:43:58.694  6590  6602 I art     : Explicit concurrent mark sweep GC freed 1341(80KB) AllocSpace objects, 1(20KB) LOS objects, 38% free, 25MB/41MB, paused 211us total 42.699ms
08-05 22:43:58.704  6590  6602 I art     : Starting a blocking GC Explicit
08-05 22:43:58.728   518   646 I ThermalEngine: ACTION: GPU - Setting GPU[0] to 510000000
08-05 22:43:58.733  6590  6602 I art     : Explicit concurrent mark sweep GC freed 20(704B) AllocSpace objects, 0(0B) LOS objects, 38% free, 25MB/41MB, paused 260us total 28.673ms
08-05 22:43:58.747  6590  6602 I art     : Starting a blocking GC Explicit
08-05 22:43:58.780  6590  6602 I art     : Explicit concurrent mark sweep GC freed 3(96B) AllocSpace objects, 0(0B) LOS objects, 38% free, 25MB/41MB, paused 258us total 32.819ms
08-05 22:43:58.794  6590  6602 I art     : Starting a blocking GC Explicit
08-05 22:43:58.828  6590  6602 I art     : Explicit concurrent mark sweep GC freed 3(96B) AllocSpace objects, 0(0B) LOS objects, 38% free, 25MB/41MB, paused 288us total 33.925ms
08-05 22:43:58.841  6590  6602 I art     : Starting a blocking GC Explicit
08-05 22:43:58.876  6590  6602 I art     : Explicit concurrent mark sweep GC freed 3(96B) AllocSpace objects, 0(0B) LOS objects, 38% free, 25MB/41MB, paused 272us total 33.993ms
08-05 22:43:59.153  6590  6603 I art     : Starting a blocking GC Explicit
08-05 22:43:59.187  6590  6603 I art     : Explicit concurrent mark sweep GC freed 1341(80KB) AllocSpace objects, 1(20KB) LOS objects, 38% free, 25MB/41MB, paused 335us total 33.920ms
08-05 22:43:59.201  6590  6603 I art     : Starting a blocking GC Explicit
08-05 22:43:59.233  6590  6603 I art     : Explicit concurrent mark sweep GC freed 20(704B) AllocSpace objects, 0(0B) LOS objects, 38% free, 25MB/41MB, paused 300us total 31.709ms
08-05 22:43:59.246  6590  6603 I art     : Starting a blocking GC Explicit
08-05 22:43:59.278  6590  6603 I art     : Explicit concurrent mark sweep GC freed 3(96B) AllocSpace objects, 0(0B) LOS objects, 38% free, 25MB/41MB, paused 260us total 31.763ms
08-05 22:43:59.291  6590  6603 I art     : Starting a blocking GC Explicit
08-05 22:43:59.323  6590  6603 I art     : Explicit concurrent mark sweep GC freed 3(96B) AllocSpace objects, 0(0B) LOS objects, 38% free, 25MB/41MB, paused 259us total 31.591ms
08-05 22:43:59.336  6590  6603 I art     : Starting a blocking GC Explicit
08-05 22:43:59.368  6590  6603 I art     : Explicit concurrent mark sweep GC freed 3(96B) AllocSpace objects, 0(0B) LOS objects, 38% free, 25MB/41MB, paused 262us total 31.637ms
08-05 22:43:59.554  8467  8467 D AndroidRuntime: >>>>>> START com.android.internal.os.RuntimeInit uid 2000 <<<<<<
08-05 22:43:59.559  8467  8467 D AndroidRuntime: CheckJNI is OFF
08-05 22:43:59.591  8467  8467 D ICU     : No timezone override file found: /data/misc/zoneinfo/current/icu/icu_tzdata.dat
08-05 22:43:59.622  8467  8467 I Radio-JNI: register_android_hardware_Radio DONE
08-05 22:43:59.643  6590  6614 I art     : Starting a blocking GC Explicit
08-05 22:43:59.645  8467  8467 D AndroidRuntime: Calling main entry com.android.commands.input.Input
08-05 22:43:59.646  8467  8467 I Input   : injectMotionEvent: MotionEvent { action=ACTION_DOWN, actionButton=0, id[0]=0, x[0]=600.0, y[0]=1000.0, toolType[0]=TOOL_TYPE_UNKNOWN, buttonState=0, metaState=0, flags=0x0, edgeFlags=0x0, pointerCount=1, historySize=0, eventTime=830656059, downTime=830656059, deviceId=0, source=0x1002 }
08-05 22:43:59.650  8467  8467 I Input   : injectMotionEvent: MotionEvent { action=ACTION_UP, actionButton=0, id[0]=0, x[0]=600.0, y[0]=1000.0, toolType[0]=TOOL_TYPE_UNKNOWN, buttonState=0, metaState=0, flags=0x0, edgeFlags=0x0, pointerCount=1, historySize=0, eventTime=830656059, downTime=830656059, deviceId=0, source=0x1002 }
08-05 22:43:59.652  8467  8467 D AndroidRuntime: Shutting down VM
08-05 22:43:59.662   918  3714 I ActivityManager: START u0 {dat=https://oauth.reddit.com/... cmp=baseline.org.quantumbadger.redreader/.activities.PostListingActivity} from uid 10705 on display 0
08-05 22:43:59.663   512  2967 D audio_hw_primary: out_set_parameters: enter: usecase(1: low-latency-playback) kvpairs: routing=2
08-05 22:43:59.676   512  2967 D audio_hw_primary: select_devices: out_snd_device(2: speaker) in_snd_device(0: none)
08-05 22:43:59.676   512  2967 D msm8974_platform: platform_send_audio_calibration: sending audio calibration for snd_device(2) acdb_id(15)
08-05 22:43:59.676   512  2967 I soundtrigger: audio_extn_sound_trigger_update_device_status: device 0x2 of type 0 for Event 1
08-05 22:43:59.681  6590  6614 I art     : Explicit concurrent mark sweep GC freed 1475(87KB) AllocSpace objects, 1(20KB) LOS objects, 38% free, 25MB/41MB, paused 390us total 37.121ms
08-05 22:43:59.683  6590  6590 I AppCompatViewInflater: app:theme is now deprecated. Please move to using android:theme instead.
08-05 22:43:59.690   512  2967 D audio_hw_primary: enable_snd_device: snd_device(2: speaker)
08-05 22:43:59.693   512  2967 D audio_hw_primary: enable_audio_route: apply and update mixer path: low-latency-playback speaker
08-05 22:43:59.695  6590  6614 I art     : Starting a blocking GC Explicit
08-05 22:43:59.706  6590  8491 D OK      : calling: https://oauth.reddit.com/r/announcements/about.json
08-05 22:43:59.726  6590  6614 I art     : Explicit concurrent mark sweep GC freed 807(71KB) AllocSpace objects, 0(0B) LOS objects, 38% free, 25MB/41MB, paused 367us total 30.665ms
08-05 22:43:59.739  6590  6614 I art     : Starting a blocking GC Explicit
08-05 22:43:59.769  6590  6614 I art     : Explicit concurrent mark sweep GC freed 926(37KB) AllocSpace objects, 0(0B) LOS objects, 38% free, 25MB/41MB, paused 355us total 30.484ms
08-05 22:43:59.772   918   936 I ActivityManager: Displayed baseline.org.quantumbadger.redreader/.activities.PostListingActivity: +102ms
08-05 22:43:59.773 13866 13866 I GoogleInputMethodServic: GoogleInputMethodService.onFinishInput():3138 
08-05 22:43:59.777 13866 13866 I GoogleInputMethodServic: GoogleInputMethodService.onStartInput():1808 
08-05 22:43:59.784  6590  6614 I art     : Starting a blocking GC Explicit
08-05 22:43:59.817  6590  6614 I art     : Explicit concurrent mark sweep GC freed 240(14KB) AllocSpace objects, 0(0B) LOS objects, 38% free, 25MB/41MB, paused 289us total 32.440ms
08-05 22:43:59.830  6590  6614 I art     : Starting a blocking GC Explicit
08-05 22:43:59.860  6590  6614 I art     : Explicit concurrent mark sweep GC freed 703(29KB) AllocSpace objects, 0(0B) LOS objects, 38% free, 25MB/41MB, paused 430us total 30.228ms
08-05 22:44:00.015   380   380 W SurfaceFlinger: couldn't log to binary event log: overflow.
08-05 22:44:00.022  6590  8491 I NAPPA_EXPERIMENTATION: MetricNetworkRequestExecutionTime: REQUEST_DURATION_SYSTEM='316',REQUEST_DURATION_OKHTTP='146',REQUEST_SYNCHRONOUS='TRUE',RESPONSE_CODE='200',RESPONSE_METHOD='GET',RESPONSE_LENGTH_OKHTTP='-1',RESPONSE_LENGTH_HEADER='1564',REQUEST_PROTOCOL='h2',REQUEST_URL='https://oauth.reddit.com/r/announcements/about.json',
08-05 22:44:00.022  6590  8491 D OK      : request got status: 200
08-05 22:44:00.108  6590  6603 I art     : Starting a blocking GC Explicit
08-05 22:44:00.137  6590  6603 I art     : Explicit concurrent mark sweep GC freed 4289(289KB) AllocSpace objects, 3(156KB) LOS objects, 38% free, 25MB/41MB, paused 284us total 29.340ms
08-05 22:44:00.150  6590  6603 I art     : Starting a blocking GC Explicit
08-05 22:44:00.180  6590  6603 I art     : Explicit concurrent mark sweep GC freed 291(13KB) AllocSpace objects, 0(0B) LOS objects, 38% free, 25MB/41MB, paused 248us total 29.573ms
08-05 22:44:00.192  6590  6603 I art     : Starting a blocking GC Explicit
08-05 22:44:00.220  6590  6603 I art     : Explicit concurrent mark sweep GC freed 3(96B) AllocSpace objects, 0(0B) LOS objects, 38% free, 25MB/41MB, paused 244us total 27.820ms
08-05 22:44:00.228   512  2967 D audio_hw_primary: disable_audio_route: reset and update mixer path: low-latency-playback speaker
08-05 22:44:00.229   512  2967 D audio_hw_primary: disable_snd_device: snd_device(2: speaker)
08-05 22:44:00.233  6590  6603 I art     : Starting a blocking GC Explicit
08-05 22:44:00.237   512  2967 I soundtrigger: audio_extn_sound_trigger_update_device_status: device 0x2 of type 0 for Event 0
08-05 22:44:00.264  6590  6603 I art     : Explicit concurrent mark sweep GC freed 3(96B) AllocSpace objects, 0(0B) LOS objects, 38% free, 25MB/41MB, paused 249us total 30.371ms
08-05 22:44:00.277  6590  6603 I art     : Starting a blocking GC Explicit
08-05 22:44:00.306  6590  6603 I art     : Explicit concurrent mark sweep GC freed 3(96B) AllocSpace objects, 0(0B) LOS objects, 38% free, 25MB/41MB, paused 284us total 29.349ms
08-05 22:44:00.588  6590  6602 I art     : Starting a blocking GC Explicit
08-05 22:44:00.623  6590  6602 I art     : Explicit concurrent mark sweep GC freed 1401(84KB) AllocSpace objects, 1(20KB) LOS objects, 38% free, 25MB/41MB, paused 297us total 34.490ms
08-05 22:44:00.637  6590  6602 I art     : Starting a blocking GC Explicit
08-05 22:44:00.670  6590  6602 I art     : Explicit concurrent mark sweep GC freed 20(704B) AllocSpace objects, 0(0B) LOS objects, 38% free, 25MB/41MB, paused 320us total 32.700ms
08-05 22:44:00.683  6590  6602 I art     : Starting a blocking GC Explicit
08-05 22:44:00.716  6590  6602 I art     : Explicit concurrent mark sweep GC freed 3(96B) AllocSpace objects, 0(0B) LOS objects, 38% free, 25MB/41MB, paused 285us total 32.407ms
08-05 22:44:00.729  6590  6602 I art     : Starting a blocking GC Explicit
08-05 22:44:00.763  6590  6602 I art     : Explicit concurrent mark sweep GC freed 3(96B) AllocSpace objects, 0(0B) LOS objects, 38% free, 25MB/41MB, paused 395us total 33.613ms
08-05 22:44:00.776  6590  6602 I art     : Starting a blocking GC Explicit
08-05 22:44:00.810  6590  6602 I art     : Explicit concurrent mark sweep GC freed 3(96B) AllocSpace objects, 0(0B) LOS objects, 38% free, 25MB/41MB, paused 331us total 33.002ms
08-05 22:44:00.907  6590  8515 D OK      : calling: https://oauth.reddit.com/r/announcements/hot/.json
08-05 22:44:01.102  6590  6614 I art     : Starting a blocking GC Explicit
08-05 22:44:01.134  6590  8515 I NAPPA_EXPERIMENTATION: MetricNetworkRequestExecutionTime: REQUEST_DURATION_SYSTEM='227',REQUEST_DURATION_OKHTTP='223',REQUEST_SYNCHRONOUS='TRUE',RESPONSE_CODE='200',RESPONSE_METHOD='GET',RESPONSE_LENGTH_OKHTTP='-1',RESPONSE_LENGTH_HEADER='142016',REQUEST_PROTOCOL='h2',REQUEST_URL='https://oauth.reddit.com/r/announcements/hot/.json',
08-05 22:44:01.134  6590  8515 D OK      : request got status: 200
08-05 22:44:01.138  6590  6614 I art     : Explicit concurrent mark sweep GC freed 1787(116KB) AllocSpace objects, 1(20KB) LOS objects, 38% free, 25MB/41MB, paused 412us total 35.936ms
08-05 22:44:01.152  6590  6614 I art     : Starting a blocking GC Explicit
08-05 22:44:01.164  6590  7176 I PostListingFragment: Precaching images: OFF
08-05 22:44:01.164  6590  7176 I PostListingFragment: Precaching comments: OFF
08-05 22:44:01.186  6590  6614 I art     : Explicit concurrent mark sweep GC freed 482(52KB) AllocSpace objects, 0(0B) LOS objects, 38% free, 25MB/41MB, paused 465us total 33.807ms
08-05 22:44:01.200  6590  6614 I art     : Starting a blocking GC Explicit
08-05 22:44:01.234  6590  6614 I art     : Explicit concurrent mark sweep GC freed 896(85KB) AllocSpace objects, 1(16KB) LOS objects, 37% free, 26MB/42MB, paused 476us total 34.259ms
08-05 22:44:01.248  6590  6614 I art     : Starting a blocking GC Explicit
08-05 22:44:01.284  6590  6614 I art     : Explicit concurrent mark sweep GC freed 1027(58KB) AllocSpace objects, 3(56KB) LOS objects, 37% free, 27MB/43MB, paused 487us total 36.472ms
08-05 22:44:01.298  6590  6614 I art     : Starting a blocking GC Explicit
08-05 22:44:01.327  6590  8526 D OK      : calling: https://b.thumbs.redditmedia.com/RROcLjDSUc0QV1UeQ1txXdyl1C_7233mmsMgtYXxQzo.jpg
08-05 22:44:01.337  6590  6614 I art     : Explicit concurrent mark sweep GC freed 2393(100KB) AllocSpace objects, 0(0B) LOS objects, 36% free, 27MB/43MB, paused 593us total 38.847ms
08-05 22:44:01.359  6590  8527 D OK      : calling: https://a.thumbs.redditmedia.com/N-frnMqRYp_XiaGds7kPbHf82a876RNKSQ1iw0LzHR0.jpg
08-05 22:44:01.375  6590  8528 D OK      : calling: https://b.thumbs.redditmedia.com/KH2o_q4MXufUdRChsfwLtl6gnEnT8MJtZn3Tyj5ZmBU.jpg
08-05 22:44:01.421  6590  8529 D OK      : calling: https://b.thumbs.redditmedia.com/MGaOJeZl7UsmdtroJopYU_36HUNvQ9LUV5WFH_FJ2vI.jpg
08-05 22:44:01.470  6590  8533 D OK      : calling: https://a.thumbs.redditmedia.com/-D0hxchgus9EyzvGqvnabK_3Obl93tMfG9G58V1QwW8.jpg
08-05 22:44:01.488  6590  8536 D OK      : calling: https://b.thumbs.redditmedia.com/zCaV9kuSMZxmMvdmErGyUsYNdPrmX8LP9_Ee4QTT16g.jpg
08-05 22:44:01.504  6590  8539 D OK      : calling: https://b.thumbs.redditmedia.com/4EGkxZNzrzt-RCtd035cWyO0BipdbDVuPwi4W2v4TyM.jpg
08-05 22:44:01.541  6590  8547 D OK      : calling: https://a.thumbs.redditmedia.com/aVhMBmGX07uX0KhK0rKdhMvQ4UsOJIHN4KeTaa36EF4.jpg
08-05 22:44:01.585  6590  7013 I art     : Starting a blocking GC Explicit
08-05 22:44:01.628  6590  7013 I art     : Explicit concurrent mark sweep GC freed 86502(4MB) AllocSpace objects, 14(392KB) LOS objects, 37% free, 26MB/42MB, paused 985us total 42.551ms
08-05 22:44:01.641  6590  7013 I art     : Starting a blocking GC Explicit
08-05 22:44:01.659  6590  6590 W RecyclerView: Cannot call this method in a scroll callback. Scroll callbacks mightbe run during a measure & layout pass where you cannot change theRecyclerView data. Any method call that might change the structureof the RecyclerView or the adapter contents should be postponed tothe next frame.
08-05 22:44:01.659  6590  6590 W RecyclerView: java.lang.IllegalStateException:  androidx.recyclerview.widget.RecyclerView{4d4c44e VFED..... .F....ID 0,0-1440,2140 #7f0900ef app:id/scrollbar_recyclerview_recyclerview}, adapter:baseline.org.quantumbadger.redreader.adapters.GroupedRecyclerViewAdapter@4bb896f, layout:androidx.recyclerview.widget.LinearLayoutManager@293867c, context:baseline.org.quantumbadger.redreader.activities.PostListingActivity@fa519e9
08-05 22:44:01.659  6590  6590 W RecyclerView: 	at androidx.recyclerview.widget.RecyclerView.assertNotInLayoutOrScroll(RecyclerView.java:3061)
08-05 22:44:01.659  6590  6590 W RecyclerView: 	at androidx.recyclerview.widget.RecyclerView$RecyclerViewDataObserver.onItemRangeInserted(RecyclerView.java:5555)
08-05 22:44:01.659  6590  6590 W RecyclerView: 	at androidx.recyclerview.widget.RecyclerView$AdapterDataObservable.notifyItemRangeInserted(RecyclerView.java:12278)
08-05 22:44:01.659  6590  6590 W RecyclerView: 	at androidx.recyclerview.widget.RecyclerView$Adapter.notifyItemInserted(RecyclerView.java:7464)
08-05 22:44:01.659  6590  6590 W RecyclerView: 	at baseline.org.quantumbadger.redreader.adapters.GroupedRecyclerViewAdapter.updateHiddenStatus(GroupedRecyclerViewAdapter.java:279)
08-05 22:44:01.659  6590  6590 W RecyclerView: 	at baseline.org.quantumbadger.redreader.adapters.RedditListingManager.setLoadingVisible(RedditListingManager.java:125)
08-05 22:44:01.659  6590  6590 W RecyclerView: 	at baseline.org.quantumbadger.redreader.fragments.PostListingFragment.onLoadMoreItemsCheck(PostListingFragment.java:465)
08-05 22:44:01.659  6590  6590 W RecyclerView: 	at baseline.org.quantumbadger.redreader.fragments.PostListingFragment.access$000(PostListingFragment.java:98)
08-05 22:44:01.659  6590  6590 W RecyclerView: 	at baseline.org.quantumbadger.redreader.fragments.PostListingFragment$2.onScrolled(PostListingFragment.java:215)
08-05 22:44:01.659  6590  6590 W RecyclerView: 	at androidx.recyclerview.widget.RecyclerView.dispatchOnScrolled(RecyclerView.java:5173)
08-05 22:44:01.659  6590  6590 W RecyclerView: 	at androidx.recyclerview.widget.RecyclerView.dispatchLayoutStep3(RecyclerView.java:4231)
08-05 22:44:01.659  6590  6590 W RecyclerView: 	at androidx.recyclerview.widget.RecyclerView.dispatchLayout(RecyclerView.java:3862)
08-05 22:44:01.659  6590  6590 W RecyclerView: 	at androidx.recyclerview.widget.RecyclerView.consumePendingUpdateOperations(RecyclerView.java:1897)
08-05 22:44:01.659  6590  6590 W RecyclerView: 	at androidx.recyclerview.widget.RecyclerView$1.run(RecyclerView.java:414)
08-05 22:44:01.659  6590  6590 W RecyclerView: 	at android.view.Choreographer$CallbackRecord.run(Choreographer.java:858)
08-05 22:44:01.659  6590  6590 W RecyclerView: 	at android.view.Choreographer.doCallbacks(Choreographer.java:670)
08-05 22:44:01.659  6590  6590 W RecyclerView: 	at android.view.Choreographer.doFrame(Choreographer.java:603)
08-05 22:44:01.659  6590  6590 W RecyclerView: 	at android.view.Choreographer$FrameDisplayEventReceiver.run(Choreographer.java:844)
08-05 22:44:01.659  6590  6590 W RecyclerView: 	at android.os.Handler.handleCallback(Handler.java:739)
08-05 22:44:01.659  6590  6590 W RecyclerView: 	at android.os.Handler.dispatchMessage(Handler.java:95)
08-05 22:44:01.659  6590  6590 W RecyclerView: 	at android.os.Looper.loop(Looper.java:148)
08-05 22:44:01.659  6590  6590 W RecyclerView: 	at android.app.ActivityThread.main(ActivityThread.java:5417)
08-05 22:44:01.659  6590  6590 W RecyclerView: 	at java.lang.reflect.Method.invoke(Native Method)
08-05 22:44:01.659  6590  6590 W RecyclerView: 	at com.android.internal.os.ZygoteInit$MethodAndArgsCaller.run(ZygoteInit.java:726)
08-05 22:44:01.659  6590  6590 W RecyclerView: 	at com.android.internal.os.ZygoteInit.main(ZygoteInit.java:616)
08-05 22:44:01.663  6326  8530 W OneSignal: OneSignalRestClient: POST Error thrown from network stack. 
08-05 22:44:01.663  6326  8530 W OneSignal: java.io.IOException: unexpected end of stream on Connection{api.onesignal.com:443, proxy=HTTP@192.168.2.12:8080 hostAddress=192.168.2.12 cipherSuite=TLS_ECDHE_RSA_WITH_AES_128_GCM_SHA256 protocol=http/1.1} (recycle count=0)
08-05 22:44:01.663  6326  8530 W OneSignal: 	at com.android.okhttp.internal.http.HttpConnection.readResponse(HttpConnection.java:210)
08-05 22:44:01.663  6326  8530 W OneSignal: 	at com.android.okhttp.internal.http.HttpTransport.readResponseHeaders(HttpTransport.java:80)
08-05 22:44:01.663  6326  8530 W OneSignal: 	at com.android.okhttp.internal.http.HttpEngine.readNetworkResponse(HttpEngine.java:904)
08-05 22:44:01.663  6326  8530 W OneSignal: 	at com.android.okhttp.internal.http.HttpEngine.readResponse(HttpEngine.java:788)
08-05 22:44:01.663  6326  8530 W OneSignal: 	at com.android.okhttp.internal.huc.HttpURLConnectionImpl.execute(HttpURLConnectionImpl.java:439)
08-05 22:44:01.663  6326  8530 W OneSignal: 	at com.android.okhttp.internal.huc.HttpURLConnectionImpl.getResponse(HttpURLConnectionImpl.java:384)
08-05 22:44:01.663  6326  8530 W OneSignal: 	at com.android.okhttp.internal.huc.HttpURLConnectionImpl.getResponseCode(HttpURLConnectionImpl.java:497)
08-05 22:44:01.663  6326  8530 W OneSignal: 	at com.android.okhttp.internal.huc.DelegatingHttpsURLConnection.getResponseCode(DelegatingHttpsURLConnection.java:105)
08-05 22:44:01.663  6326  8530 W OneSignal: 	at com.android.okhttp.internal.huc.HttpsURLConnectionImpl.getResponseCode(HttpsURLConnectionImpl.java)
08-05 22:44:01.663  6326  8530 W OneSignal: 	at com.onesignal.OneSignalRestClient.startHTTPConnection(OneSignalRestClient.java:180)
08-05 22:44:01.663  6326  8530 W OneSignal: 	at com.onesignal.OneSignalRestClient.access$100(OneSignalRestClient.java:44)
08-05 22:44:01.663  6326  8530 W OneSignal: 	at com.onesignal.OneSignalRestClient$4.run(OneSignalRestClient.java:110)
08-05 22:44:01.663  6326  8530 W OneSignal: 	at java.lang.Thread.run(Thread.java:818)
08-05 22:44:01.663  6326  8530 W OneSignal: Caused by: java.io.EOFException: \n not found: size=0 content=...
08-05 22:44:01.663  6326  8530 W OneSignal: 	at com.android.okhttp.okio.RealBufferedSource.readUtf8LineStrict(RealBufferedSource.java:200)
08-05 22:44:01.663  6326  8530 W OneSignal: 	at com.android.okhttp.internal.http.HttpConnection.readResponse(HttpConnection.java:191)
08-05 22:44:01.663  6326  8530 W OneSignal: 	... 12 more
08-05 22:44:01.665  6326  8552 W OneSignal: Failed last request. statusCode: -1
08-05 22:44:01.665  6326  8552 W OneSignal: response: null
08-05 22:44:01.676  6590  7013 I art     : Explicit concurrent mark sweep GC freed 3541(266KB) AllocSpace objects, 0(0B) LOS objects, 38% free, 26MB/42MB, paused 725us total 34.080ms
08-05 22:44:01.689  6590  7013 I art     : Starting a blocking GC Explicit
08-05 22:44:01.704  6590  8526 I NAPPA_EXPERIMENTATION: MetricNetworkRequestExecutionTime: REQUEST_DURATION_SYSTEM='377',REQUEST_DURATION_OKHTTP='188',REQUEST_SYNCHRONOUS='TRUE',RESPONSE_CODE='200',RESPONSE_METHOD='GET',RESPONSE_LENGTH_OKHTTP='2558',RESPONSE_LENGTH_HEADER='2558',REQUEST_PROTOCOL='h2',REQUEST_URL='https://b.thumbs.redditmedia.com/RROcLjDSUc0QV1UeQ1txXdyl1C_7233mmsMgtYXxQzo.jpg',
08-05 22:44:01.704  6590  8526 D OK      : request got status: 200
08-05 22:44:01.715  6590  8528 I NAPPA_EXPERIMENTATION: MetricNetworkRequestExecutionTime: REQUEST_DURATION_SYSTEM='340',REQUEST_DURATION_OKHTTP='177',REQUEST_SYNCHRONOUS='TRUE',RESPONSE_CODE='200',RESPONSE_METHOD='GET',RESPONSE_LENGTH_OKHTTP='2613',RESPONSE_LENGTH_HEADER='2613',REQUEST_PROTOCOL='h2',REQUEST_URL='https://b.thumbs.redditmedia.com/KH2o_q4MXufUdRChsfwLtl6gnEnT8MJtZn3Tyj5ZmBU.jpg',
08-05 22:44:01.715  6590  8528 D OK      : request got status: 200
08-05 22:44:01.722  6590  7013 I art     : Explicit concurrent mark sweep GC freed 524(36KB) AllocSpace objects, 1(68KB) LOS objects, 37% free, 26MB/42MB, paused 556us total 32.737ms
08-05 22:44:01.736  6590  7013 I art     : Starting a blocking GC Explicit
08-05 22:44:01.744  6590  8529 I NAPPA_EXPERIMENTATION: MetricNetworkRequestExecutionTime: REQUEST_DURATION_SYSTEM='322',REQUEST_DURATION_OKHTTP='143',REQUEST_SYNCHRONOUS='TRUE',RESPONSE_CODE='200',RESPONSE_METHOD='GET',RESPONSE_LENGTH_OKHTTP='4804',RESPONSE_LENGTH_HEADER='4804',REQUEST_PROTOCOL='h2',REQUEST_URL='https://b.thumbs.redditmedia.com/MGaOJeZl7UsmdtroJopYU_36HUNvQ9LUV5WFH_FJ2vI.jpg',
08-05 22:44:01.744  6590  8529 D OK      : request got status: 200
08-05 22:44:01.778  6590  7013 I art     : Explicit concurrent mark sweep GC freed 5646(267KB) AllocSpace objects, 4(176KB) LOS objects, 37% free, 26MB/42MB, paused 969us total 41.712ms
08-05 22:44:01.794  6590  7013 I art     : Starting a blocking GC Explicit
08-05 22:44:01.827  6590  7013 I art     : Explicit concurrent mark sweep GC freed 1485(211KB) AllocSpace objects, 8(316KB) LOS objects, 37% free, 26MB/42MB, paused 454us total 32.911ms
08-05 22:44:01.846  6590  8533 I NAPPA_EXPERIMENTATION: MetricNetworkRequestExecutionTime: REQUEST_DURATION_SYSTEM='376',REQUEST_DURATION_OKHTTP='238',REQUEST_SYNCHRONOUS='TRUE',RESPONSE_CODE='200',RESPONSE_METHOD='GET',RESPONSE_LENGTH_OKHTTP='4818',RESPONSE_LENGTH_HEADER='4818',REQUEST_PROTOCOL='h2',REQUEST_URL='https://a.thumbs.redditmedia.com/-D0hxchgus9EyzvGqvnabK_3Obl93tMfG9G58V1QwW8.jpg',
08-05 22:44:01.846  6590  8533 D OK      : request got status: 200
08-05 22:44:01.858  6590  8527 I NAPPA_EXPERIMENTATION: MetricNetworkRequestExecutionTime: REQUEST_DURATION_SYSTEM='499',REQUEST_DURATION_OKHTTP='247',REQUEST_SYNCHRONOUS='TRUE',RESPONSE_CODE='200',RESPONSE_METHOD='GET',RESPONSE_LENGTH_OKHTTP='3750',RESPONSE_LENGTH_HEADER='3750',REQUEST_PROTOCOL='h2',REQUEST_URL='https://a.thumbs.redditmedia.com/N-frnMqRYp_XiaGds7kPbHf82a876RNKSQ1iw0LzHR0.jpg',
08-05 22:44:01.858  6590  8527 D OK      : request got status: 200
08-05 22:44:01.923  6590  8539 I NAPPA_EXPERIMENTATION: MetricNetworkRequestExecutionTime: REQUEST_DURATION_SYSTEM='418',REQUEST_DURATION_OKHTTP='144',REQUEST_SYNCHRONOUS='TRUE',RESPONSE_CODE='200',RESPONSE_METHOD='GET',RESPONSE_LENGTH_OKHTTP='4987',RESPONSE_LENGTH_HEADER='4987',REQUEST_PROTOCOL='h2',REQUEST_URL='https://b.thumbs.redditmedia.com/4EGkxZNzrzt-RCtd035cWyO0BipdbDVuPwi4W2v4TyM.jpg',
08-05 22:44:01.923  6590  8539 D OK      : request got status: 200
08-05 22:44:01.976  6590  8547 I NAPPA_EXPERIMENTATION: MetricNetworkRequestExecutionTime: REQUEST_DURATION_SYSTEM='434',REQUEST_DURATION_OKHTTP='186',REQUEST_SYNCHRONOUS='TRUE',RESPONSE_CODE='200',RESPONSE_METHOD='GET',RESPONSE_LENGTH_OKHTTP='6940',RESPONSE_LENGTH_HEADER='6940',REQUEST_PROTOCOL='h2',REQUEST_URL='https://a.thumbs.redditmedia.com/aVhMBmGX07uX0KhK0rKdhMvQ4UsOJIHN4KeTaa36EF4.jpg',
08-05 22:44:01.976  6590  8547 D OK      : request got status: 200
08-05 22:44:02.056  6590  8536 I NAPPA_EXPERIMENTATION: MetricNetworkRequestExecutionTime: REQUEST_DURATION_SYSTEM='568',REQUEST_DURATION_OKHTTP='273',REQUEST_SYNCHRONOUS='TRUE',RESPONSE_CODE='200',RESPONSE_METHOD='GET',RESPONSE_LENGTH_OKHTTP='6132',RESPONSE_LENGTH_HEADER='6132',REQUEST_PROTOCOL='h2',REQUEST_URL='https://b.thumbs.redditmedia.com/zCaV9kuSMZxmMvdmErGyUsYNdPrmX8LP9_Ee4QTT16g.jpg',
08-05 22:44:02.057  6590  8536 D OK      : request got status: 200
08-05 22:44:02.092  6590  6602 I art     : Starting a blocking GC Explicit
08-05 22:44:02.108  6590  8567 D OK      : calling: https://oauth.reddit.com/r/announcements/hot/.json?after=t3_9jf8nh
08-05 22:44:02.135  6590  6602 I art     : Explicit concurrent mark sweep GC freed 4257(404KB) AllocSpace objects, 30(2MB) LOS objects, 36% free, 27MB/43MB, paused 359us total 41.996ms
08-05 22:44:02.149  6590  6602 I art     : Starting a blocking GC Explicit
08-05 22:44:02.178  7210  8558 W OneSignal: OneSignalRestClient: POST Error thrown from network stack. 
08-05 22:44:02.178  7210  8558 W OneSignal: java.io.IOException: unexpected end of stream on Connection{api.onesignal.com:443, proxy=HTTP@192.168.2.12:8080 hostAddress=192.168.2.12 cipherSuite=TLS_ECDHE_RSA_WITH_AES_128_GCM_SHA256 protocol=http/1.1} (recycle count=0)
08-05 22:44:02.178  7210  8558 W OneSignal: 	at com.android.okhttp.internal.http.HttpConnection.readResponse(HttpConnection.java:210)
08-05 22:44:02.178  7210  8558 W OneSignal: 	at com.android.okhttp.internal.http.HttpTransport.readResponseHeaders(HttpTransport.java:80)
08-05 22:44:02.178  7210  8558 W OneSignal: 	at com.android.okhttp.internal.http.HttpEngine.readNetworkResponse(HttpEngine.java:904)
08-05 22:44:02.178  7210  8558 W OneSignal: 	at com.android.okhttp.internal.http.HttpEngine.readResponse(HttpEngine.java:788)
08-05 22:44:02.178  7210  8558 W OneSignal: 	at com.android.okhttp.internal.huc.HttpURLConnectionImpl.execute(HttpURLConnectionImpl.java:439)
08-05 22:44:02.178  7210  8558 W OneSignal: 	at com.android.okhttp.internal.huc.HttpURLConnectionImpl.getResponse(HttpURLConnectionImpl.java:384)
08-05 22:44:02.178  7210  8558 W OneSignal: 	at com.android.okhttp.internal.huc.HttpURLConnectionImpl.getResponseCode(HttpURLConnectionImpl.java:497)
08-05 22:44:02.178  7210  8558 W OneSignal: 	at com.android.okhttp.internal.huc.DelegatingHttpsURLConnection.getResponseCode(DelegatingHttpsURLConnection.java:105)
08-05 22:44:02.178  7210  8558 W OneSignal: 	at com.android.okhttp.internal.huc.HttpsURLConnectionImpl.getResponseCode(HttpsURLConnectionImpl.java)
08-05 22:44:02.178  7210  8558 W OneSignal: 	at com.onesignal.OneSignalRestClient.startHTTPConnection(OneSignalRestClient.java:180)
08-05 22:44:02.178  7210  8558 W OneSignal: 	at com.onesignal.OneSignalRestClient.access$100(OneSignalRestClient.java:44)
08-05 22:44:02.178  7210  8558 W OneSignal: 	at com.onesignal.OneSignalRestClient$4.run(OneSignalRestClient.java:110)
08-05 22:44:02.178  7210  8558 W OneSignal: 	at java.lang.Thread.run(Thread.java:818)
08-05 22:44:02.178  7210  8558 W OneSignal: Caused by: java.io.EOFException: \n not found: size=0 content=...
08-05 22:44:02.178  7210  8558 W OneSignal: 	at com.android.okhttp.okio.RealBufferedSource.readUtf8LineStrict(RealBufferedSource.java:200)
08-05 22:44:02.178  7210  8558 W OneSignal: 	at com.android.okhttp.internal.http.HttpConnection.readResponse(HttpConnection.java:191)
08-05 22:44:02.178  7210  8558 W OneSignal: 	... 12 more
08-05 22:44:02.180  7210  8568 W OneSignal: Failed last request. statusCode: -1
08-05 22:44:02.180  7210  8568 W OneSignal: response: null
08-05 22:44:02.184  6590  6602 I art     : Explicit concurrent mark sweep GC freed 305(11KB) AllocSpace objects, 1(68KB) LOS objects, 36% free, 27MB/43MB, paused 335us total 35.248ms
08-05 22:44:02.198  6590  6602 I art     : Starting a blocking GC Explicit
08-05 22:44:02.234  6590  6602 I art     : Explicit concurrent mark sweep GC freed 1939(76KB) AllocSpace objects, 0(0B) LOS objects, 36% free, 27MB/43MB, paused 406us total 36.132ms
08-05 22:44:02.248  6590  6602 I art     : Starting a blocking GC Explicit
08-05 22:44:02.286  6590  6602 I art     : Explicit concurrent mark sweep GC freed 80(3KB) AllocSpace objects, 0(0B) LOS objects, 36% free, 27MB/43MB, paused 373us total 37.257ms
08-05 22:44:02.300  6590  6602 I art     : Starting a blocking GC Explicit
08-05 22:44:02.338  6590  6602 I art     : Explicit concurrent mark sweep GC freed 16(720B) AllocSpace objects, 0(0B) LOS objects, 36% free, 27MB/43MB, paused 409us total 37.864ms
08-05 22:44:02.357  6590  8567 I NAPPA_EXPERIMENTATION: MetricNetworkRequestExecutionTime: REQUEST_DURATION_SYSTEM='248',REQUEST_DURATION_OKHTTP='142',REQUEST_SYNCHRONOUS='TRUE',RESPONSE_CODE='200',RESPONSE_METHOD='GET',RESPONSE_LENGTH_OKHTTP='-1',RESPONSE_LENGTH_HEADER='65685',REQUEST_PROTOCOL='h2',REQUEST_URL='https://oauth.reddit.com/r/announcements/hot/.json?after=t3_9jf8nh',
08-05 22:44:02.357  6590  8567 D OK      : request got status: 200
08-05 22:44:02.366  6590  7176 I PostListingFragment: Precaching images: OFF
08-05 22:44:02.367  6590  7176 I PostListingFragment: Precaching comments: OFF
08-05 22:44:02.404  6590  8571 D OK      : calling: https://a.thumbs.redditmedia.com/8P7BG-empihRDWkNYE_LZ8tekikmQtEiymWkwv7obo0.jpg
08-05 22:44:02.436  6590  8572 D OK      : calling: https://b.thumbs.redditmedia.com/PCxvz6Ma5pyTglQOwhW4LZZOY0qIwyWW5pD83dYmMgc.jpg
08-05 22:44:02.486   918  1209 D NetworkMonitor/NetworkAgentInfo [WIFI () - 159]: Checking http://connectivitycheck.gstatic.com/generate_204 on "H369AA63323", 192.168.2.12=192.168.2.12
08-05 22:44:02.523   918  1209 D NetworkMonitor/NetworkAgentInfo [WIFI () - 159]: Probably not a portal: exception java.io.IOException: unexpected end of stream on Connection{connectivitycheck.gstatic.com:80, proxy=HTTP@/192.168.2.12:8080 hostAddress=192.168.2.12 cipherSuite=none protocol=http/1.1} (recycle count=0)
08-05 22:44:02.524   918  3263 D ConnectivityService: NetworkAgentInfo [WIFI () - 159] validation failed
08-05 22:44:02.525   918  3261 E WifiConfigStore:  rewrite network history for "H369AA63323"WPA_PSK
08-05 22:44:02.579  6590  8572 I NAPPA_EXPERIMENTATION: MetricNetworkRequestExecutionTime: REQUEST_DURATION_SYSTEM='143',REQUEST_DURATION_OKHTTP='142',REQUEST_SYNCHRONOUS='TRUE',RESPONSE_CODE='200',RESPONSE_METHOD='GET',RESPONSE_LENGTH_OKHTTP='9233',RESPONSE_LENGTH_HEADER='9233',REQUEST_PROTOCOL='h2',REQUEST_URL='https://b.thumbs.redditmedia.com/PCxvz6Ma5pyTglQOwhW4LZZOY0qIwyWW5pD83dYmMgc.jpg',
08-05 22:44:02.580  6590  8572 D OK      : request got status: 200
08-05 22:44:02.600  6590  6603 I art     : Starting a blocking GC Explicit
08-05 22:44:02.645  6590  6603 I art     : Explicit concurrent mark sweep GC freed 22392(1169KB) AllocSpace objects, 10(400KB) LOS objects, 35% free, 29MB/45MB, paused 485us total 44.727ms
08-05 22:44:02.659  6590  8571 I NAPPA_EXPERIMENTATION: MetricNetworkRequestExecutionTime: REQUEST_DURATION_SYSTEM='255',REQUEST_DURATION_OKHTTP='140',REQUEST_SYNCHRONOUS='TRUE',RESPONSE_CODE='200',RESPONSE_METHOD='GET',RESPONSE_LENGTH_OKHTTP='3039',RESPONSE_LENGTH_HEADER='3039',REQUEST_PROTOCOL='h2',REQUEST_URL='https://a.thumbs.redditmedia.com/8P7BG-empihRDWkNYE_LZ8tekikmQtEiymWkwv7obo0.jpg',
08-05 22:44:02.659  6590  8571 D OK      : request got status: 200
08-05 22:44:02.660  6590  6603 I art     : Starting a blocking GC Explicit
08-05 22:44:02.697  6590  6603 I art     : Explicit concurrent mark sweep GC freed 19008(977KB) AllocSpace objects, 10(284KB) LOS objects, 35% free, 28MB/44MB, paused 335us total 36.711ms
08-05 22:44:02.711  6590  6603 I art     : Starting a blocking GC Explicit
08-05 22:44:02.744  6590  6603 I art     : Explicit concurrent mark sweep GC freed 352(38KB) AllocSpace objects, 3(488KB) LOS objects, 36% free, 28MB/44MB, paused 277us total 33.165ms
08-05 22:44:02.758  6590  6603 I art     : Starting a blocking GC Explicit
08-05 22:44:02.794  6590  6603 I art     : Explicit concurrent mark sweep GC freed 81(2832B) AllocSpace objects, 0(0B) LOS objects, 36% free, 28MB/44MB, paused 303us total 36.454ms
08-05 22:44:02.809  6590  6603 I art     : Starting a blocking GC Explicit
08-05 22:44:02.846  6590  6603 I art     : Explicit concurrent mark sweep GC freed 3(96B) AllocSpace objects, 0(0B) LOS objects, 36% free, 28MB/44MB, paused 297us total 37.204ms
08-05 22:44:03.171  6590  7013 I art     : Starting a blocking GC Explicit
08-05 22:44:03.218  6590  7013 I art     : Explicit concurrent mark sweep GC freed 1343(82KB) AllocSpace objects, 1(20KB) LOS objects, 36% free, 28MB/44MB, paused 366us total 47.364ms
08-05 22:44:03.237  6590  7013 I art     : Starting a blocking GC Explicit
08-05 22:44:03.280  6590  7013 I art     : Explicit concurrent mark sweep GC freed 20(704B) AllocSpace objects, 0(0B) LOS objects, 36% free, 28MB/44MB, paused 345us total 42.060ms
08-05 22:44:03.294  6590  7013 I art     : Starting a blocking GC Explicit
08-05 22:44:03.329  6590  7013 I art     : Explicit concurrent mark sweep GC freed 3(96B) AllocSpace objects, 0(0B) LOS objects, 36% free, 28MB/44MB, paused 277us total 34.813ms
08-05 22:44:03.343  6590  7013 I art     : Starting a blocking GC Explicit
08-05 22:44:03.379  6590  7013 I art     : Explicit concurrent mark sweep GC freed 3(96B) AllocSpace objects, 0(0B) LOS objects, 36% free, 28MB/44MB, paused 318us total 35.871ms
08-05 22:44:03.394  6590  7013 I art     : Starting a blocking GC Explicit
08-05 22:44:03.430  6590  7013 I art     : Explicit concurrent mark sweep GC freed 3(96B) AllocSpace objects, 0(0B) LOS objects, 36% free, 28MB/44MB, paused 290us total 36.349ms
08-05 22:44:03.751  6590  6614 I art     : Starting a blocking GC Explicit
08-05 22:44:03.796  6590  6614 I art     : Explicit concurrent mark sweep GC freed 1343(82KB) AllocSpace objects, 1(20KB) LOS objects, 36% free, 28MB/44MB, paused 303us total 45.230ms
08-05 22:44:03.811  6590  6614 I art     : Starting a blocking GC Explicit
08-05 22:44:03.849  6590  6614 I art     : Explicit concurrent mark sweep GC freed 20(704B) AllocSpace objects, 0(0B) LOS objects, 36% free, 28MB/44MB, paused 303us total 37.857ms
08-05 22:44:03.863  6590  6614 I art     : Starting a blocking GC Explicit
08-05 22:44:03.900  6590  6614 I art     : Explicit concurrent mark sweep GC freed 3(96B) AllocSpace objects, 0(0B) LOS objects, 36% free, 28MB/44MB, paused 296us total 36.611ms
08-05 22:44:03.914  6590  6614 I art     : Starting a blocking GC Explicit
08-05 22:44:03.952  6590  6614 I art     : Explicit concurrent mark sweep GC freed 3(96B) AllocSpace objects, 0(0B) LOS objects, 36% free, 28MB/44MB, paused 302us total 37.720ms
08-05 22:44:03.967  6590  6614 I art     : Starting a blocking GC Explicit
08-05 22:44:04.004  6590  6614 I art     : Explicit concurrent mark sweep GC freed 3(96B) AllocSpace objects, 0(0B) LOS objects, 36% free, 28MB/44MB, paused 289us total 36.680ms
08-05 22:44:04.323  6590  6602 I art     : Starting a blocking GC Explicit
08-05 22:44:04.373  6590  6602 I art     : Explicit concurrent mark sweep GC freed 1343(82KB) AllocSpace objects, 1(20KB) LOS objects, 36% free, 28MB/44MB, paused 305us total 49.936ms
08-05 22:44:04.391  6590  6602 I art     : Starting a blocking GC Explicit
08-05 22:44:04.428  6590  6602 I art     : Explicit concurrent mark sweep GC freed 20(704B) AllocSpace objects, 0(0B) LOS objects, 36% free, 28MB/44MB, paused 320us total 36.740ms
08-05 22:44:04.442  6590  6602 I art     : Starting a blocking GC Explicit
08-05 22:44:04.479  6590  6602 I art     : Explicit concurrent mark sweep GC freed 3(96B) AllocSpace objects, 0(0B) LOS objects, 36% free, 28MB/44MB, paused 275us total 37.264ms
08-05 22:44:04.494  6590  6602 I art     : Starting a blocking GC Explicit
08-05 22:44:04.531  6590  6602 I art     : Explicit concurrent mark sweep GC freed 3(96B) AllocSpace objects, 0(0B) LOS objects, 36% free, 28MB/44MB, paused 302us total 37.132ms
08-05 22:44:04.545  6590  6602 I art     : Starting a blocking GC Explicit
08-05 22:44:04.583  6590  6602 I art     : Explicit concurrent mark sweep GC freed 3(96B) AllocSpace objects, 0(0B) LOS objects, 36% free, 28MB/44MB, paused 290us total 37.599ms
08-05 22:44:04.899  6590  6603 I art     : Starting a blocking GC Explicit
08-05 22:44:04.937  6590  6603 I art     : Explicit concurrent mark sweep GC freed 1348(82KB) AllocSpace objects, 1(20KB) LOS objects, 36% free, 28MB/44MB, paused 318us total 37.606ms
08-05 22:44:04.951  6590  6603 I art     : Starting a blocking GC Explicit
08-05 22:44:04.987  6590  6603 I art     : Explicit concurrent mark sweep GC freed 20(704B) AllocSpace objects, 0(0B) LOS objects, 36% free, 28MB/44MB, paused 402us total 36.021ms
08-05 22:44:05.001  6590  6603 I art     : Starting a blocking GC Explicit
08-05 22:44:05.036  6590  6603 I art     : Explicit concurrent mark sweep GC freed 3(96B) AllocSpace objects, 0(0B) LOS objects, 36% free, 28MB/44MB, paused 287us total 34.928ms
08-05 22:44:05.050  6590  6603 I art     : Starting a blocking GC Explicit
08-05 22:44:05.085  6590  6603 I art     : Explicit concurrent mark sweep GC freed 3(96B) AllocSpace objects, 0(0B) LOS objects, 36% free, 28MB/44MB, paused 277us total 35.127ms
08-05 22:44:05.099  6590  6603 I art     : Starting a blocking GC Explicit
08-05 22:44:05.135  6590  6603 I art     : Explicit concurrent mark sweep GC freed 3(96B) AllocSpace objects, 0(0B) LOS objects, 36% free, 28MB/44MB, paused 284us total 35.483ms
08-05 22:44:05.314  8627  8627 D AndroidRuntime: >>>>>> START com.android.internal.os.RuntimeInit uid 2000 <<<<<<
08-05 22:44:05.318  8627  8627 D AndroidRuntime: CheckJNI is OFF
08-05 22:44:05.351  8627  8627 D ICU     : No timezone override file found: /data/misc/zoneinfo/current/icu/icu_tzdata.dat
08-05 22:44:05.384  8627  8627 I Radio-JNI: register_android_hardware_Radio DONE
08-05 22:44:05.406  8627  8627 D AndroidRuntime: Calling main entry com.android.commands.input.Input
08-05 22:44:05.408  8627  8627 I Input   : injectMotionEvent: MotionEvent { action=ACTION_DOWN, actionButton=0, id[0]=0, x[0]=600.0, y[0]=580.0, toolType[0]=TOOL_TYPE_UNKNOWN, buttonState=0, metaState=0, flags=0x0, edgeFlags=0x0, pointerCount=1, historySize=0, eventTime=830661821, downTime=830661821, deviceId=0, source=0x1002 }
08-05 22:44:05.412  8627  8627 I Input   : injectMotionEvent: MotionEvent { action=ACTION_UP, actionButton=0, id[0]=0, x[0]=600.0, y[0]=580.0, toolType[0]=TOOL_TYPE_UNKNOWN, buttonState=0, metaState=0, flags=0x0, edgeFlags=0x0, pointerCount=1, historySize=0, eventTime=830661821, downTime=830661821, deviceId=0, source=0x1002 }
08-05 22:44:05.414  8627  8627 D AndroidRuntime: Shutting down VM
08-05 22:44:05.422   512  2967 D audio_hw_primary: out_set_parameters: enter: usecase(1: low-latency-playback) kvpairs: routing=2
08-05 22:44:05.424   918  4413 I ActivityManager: START u0 {cmp=baseline.org.quantumbadger.redreader/.activities.WebViewActivity (has extras)} from uid 10705 on display 0
08-05 22:44:05.436   512  2967 D audio_hw_primary: select_devices: out_snd_device(2: speaker) in_snd_device(0: none)
08-05 22:44:05.436   512  2967 D msm8974_platform: platform_send_audio_calibration: sending audio calibration for snd_device(2) acdb_id(15)
08-05 22:44:05.436   512  2967 I soundtrigger: audio_extn_sound_trigger_update_device_status: device 0x2 of type 0 for Event 1
08-05 22:44:05.438  6590  7013 I art     : Starting a blocking GC Explicit
08-05 22:44:05.448   512  2967 D audio_hw_primary: enable_snd_device: snd_device(2: speaker)
08-05 22:44:05.450  6590  6590 I AppCompatViewInflater: app:theme is now deprecated. Please move to using android:theme instead.
08-05 22:44:05.450   512  2967 D audio_hw_primary: enable_audio_route: apply and update mixer path: low-latency-playback speaker
08-05 22:44:05.464  6590  6590 I WebViewFactory: Loading com.google.android.webview version 84.0.4147.89 (code 414708953)
08-05 22:44:05.475  6590  7013 I art     : Explicit concurrent mark sweep GC freed 2574(182KB) AllocSpace objects, 1(20KB) LOS objects, 36% free, 28MB/44MB, paused 481us total 36.872ms
08-05 22:44:05.488  6590  7013 I art     : Starting a blocking GC Explicit
08-05 22:44:05.520  6590  7013 I art     : Explicit concurrent mark sweep GC freed 5791(478KB) AllocSpace objects, 3(76KB) LOS objects, 36% free, 27MB/43MB, paused 412us total 31.999ms
08-05 22:44:05.533  6590  7013 I art     : Starting a blocking GC Explicit
08-05 22:44:05.564  6590  7013 I art     : Explicit concurrent mark sweep GC freed 38(2064B) AllocSpace objects, 0(0B) LOS objects, 36% free, 27MB/43MB, paused 370us total 30.630ms
08-05 22:44:05.581  6590  7013 I art     : Starting a blocking GC Explicit
08-05 22:44:05.616  6590  7013 I art     : Explicit concurrent mark sweep GC freed 3133(252KB) AllocSpace objects, 0(0B) LOS objects, 35% free, 28MB/44MB, paused 515us total 34.875ms
08-05 22:44:05.630  6590  7013 I art     : Starting a blocking GC Explicit
08-05 22:44:05.634  6590  6590 I cr_LibraryLoader: Loaded native library version number "84.0.4147.89"
08-05 22:44:05.635  6590  6590 I cr_CachingUmaRecorder: Flushed 5 samples from 5 histograms.
08-05 22:44:05.637   918   929 I ActivityManager: Start proc 8657:com.google.android.webview:webview_service/u0a74 for service com.google.android.webview/org.chromium.android_webview.services.VariationsSeedServer
08-05 22:44:05.665  6590  7013 I art     : Explicit concurrent mark sweep GC freed 1167(149KB) AllocSpace objects, 2(40KB) LOS objects, 35% free, 28MB/44MB, paused 2.288ms total 34.817ms
08-05 22:44:05.673  8657  8657 I LoadedApk: No resource references to update in package com.google.android.webview_translations
08-05 22:44:05.673  6590  6590 E chromium: [ERROR:filesystem_posix.cc(62)] mkdir /data/user/0/baseline.org.quantumbadger.redreader/cache/WebView/Crashpad: No such file or directory (2)
08-05 22:44:05.740   918  4413 D ConnectivityService: listenForNetwork for Listen from uid/pid:10705/6590 for NetworkRequest [ id=3588, legacyType=-1, [ Capabilities: INTERNET&NOT_RESTRICTED&TRUSTED] ]
08-05 22:44:05.781  6590  8680 W cr_media: Requires BLUETOOTH permission
08-05 22:44:05.788  6590  8692 E libEGL  : validate_display:255 error 3008 (EGL_BAD_DISPLAY)
08-05 22:44:05.908   918   936 I ActivityManager: Displayed baseline.org.quantumbadger.redreader/.activities.WebViewActivity: +474ms
08-05 22:44:05.909 13866 13866 I GoogleInputMethodServic: GoogleInputMethodService.onFinishInput():3138 
08-05 22:44:05.909 13866 13866 I GoogleInputMethodServic: GoogleInputMethodService.onStartInput():1808 
08-05 22:44:05.936  6590  7013 I art     : Starting a blocking GC Explicit
08-05 22:44:05.977  6590  7013 I art     : Explicit concurrent mark sweep GC freed 6828(492KB) AllocSpace objects, 1(20KB) LOS objects, 35% free, 29MB/45MB, paused 363us total 41.032ms
08-05 22:44:05.988   512  2967 D audio_hw_primary: disable_audio_route: reset and update mixer path: low-latency-playback speaker
08-05 22:44:05.989   512  2967 D audio_hw_primary: disable_snd_device: snd_device(2: speaker)
08-05 22:44:05.991  6590  7013 I art     : Starting a blocking GC Explicit
08-05 22:44:05.998   512  2967 I soundtrigger: audio_extn_sound_trigger_update_device_status: device 0x2 of type 0 for Event 0
08-05 22:44:06.026  6590  7013 I art     : Explicit concurrent mark sweep GC freed 3100(165KB) AllocSpace objects, 3(200KB) LOS objects, 35% free, 29MB/45MB, paused 445us total 34.718ms
08-05 22:44:06.041  6590  7013 I art     : Starting a blocking GC Explicit
08-05 22:44:06.078  6590  7013 I art     : Explicit concurrent mark sweep GC freed 973(120KB) AllocSpace objects, 0(0B) LOS objects, 35% free, 29MB/45MB, paused 345us total 36.921ms
08-05 22:44:06.095  6590  7013 I art     : Starting a blocking GC Explicit
08-05 22:44:06.138  6590  7013 I art     : Explicit concurrent mark sweep GC freed 7(256B) AllocSpace objects, 0(0B) LOS objects, 35% free, 29MB/45MB, paused 438us total 43.406ms
08-05 22:44:06.155  6590  7013 I art     : Starting a blocking GC Explicit
08-05 22:44:06.169   380   380 W SurfaceFlinger: couldn't log to binary event log: overflow.
08-05 22:44:06.197  6590  7013 I art     : Explicit concurrent mark sweep GC freed 11(480B) AllocSpace objects, 0(0B) LOS objects, 35% free, 29MB/45MB, paused 398us total 42.013ms
08-05 22:44:06.441   918   929 I AccountManagerService: getTypesVisibleToCaller: isPermitted? true
08-05 22:44:06.461  6590  6603 I art     : Starting a blocking GC Explicit
08-05 22:44:06.494  6590  6603 I art     : Explicit concurrent mark sweep GC freed 4503(247KB) AllocSpace objects, 1(20KB) LOS objects, 35% free, 29MB/45MB, paused 446us total 33.054ms
08-05 22:44:06.507  6590  6603 I art     : Starting a blocking GC Explicit
08-05 22:44:06.541  6590  6603 I art     : Explicit concurrent mark sweep GC freed 76(6KB) AllocSpace objects, 0(0B) LOS objects, 35% free, 29MB/45MB, paused 443us total 33.712ms
08-05 22:44:06.555  6590  6603 I art     : Starting a blocking GC Explicit
08-05 22:44:06.588  6590  6603 I art     : Explicit concurrent mark sweep GC freed 3(96B) AllocSpace objects, 0(0B) LOS objects, 35% free, 29MB/45MB, paused 449us total 33.677ms
08-05 22:44:06.602  6590  6603 I art     : Starting a blocking GC Explicit
08-05 22:44:06.637  6590  6603 I art     : Explicit concurrent mark sweep GC freed 733(30KB) AllocSpace objects, 0(0B) LOS objects, 35% free, 29MB/45MB, paused 755us total 35.576ms
08-05 22:44:06.651  6590  6603 I art     : Starting a blocking GC Explicit
08-05 22:44:06.685  6590  6603 I art     : Explicit concurrent mark sweep GC freed 1264(52KB) AllocSpace objects, 0(0B) LOS objects, 35% free, 29MB/45MB, paused 439us total 34.118ms
08-05 22:44:06.969  6590  6614 I art     : Starting a blocking GC Explicit
08-05 22:44:07.019  6590  6614 I art     : Explicit concurrent mark sweep GC freed 1378(83KB) AllocSpace objects, 1(20KB) LOS objects, 35% free, 29MB/45MB, paused 436us total 49.888ms
08-05 22:44:07.044  6590  6614 I art     : Starting a blocking GC Explicit
08-05 22:44:07.072 24577 24587 I art     : Background sticky concurrent mark sweep GC freed 246621(6MB) AllocSpace objects, 4(80KB) LOS objects, 8% free, 47MB/51MB, paused 6.776ms total 57.263ms
08-05 22:44:07.076  6590  6590 I Choreographer: Skipped 41 frames!  The application may be doing too much work on its main thread.
08-05 22:44:07.078  6590  6614 I art     : Explicit concurrent mark sweep GC freed 25(1216B) AllocSpace objects, 0(0B) LOS objects, 35% free, 29MB/45MB, paused 556us total 34.318ms
08-05 22:44:07.094  6590  6614 I art     : Starting a blocking GC Explicit
08-05 22:44:07.133  6590  6614 I art     : Explicit concurrent mark sweep GC freed 12(368B) AllocSpace objects, 0(0B) LOS objects, 35% free, 29MB/45MB, paused 425us total 39.068ms
08-05 22:44:07.151  6590  6614 I art     : Starting a blocking GC Explicit
08-05 22:44:07.202  6590  6614 I art     : Explicit concurrent mark sweep GC freed 220(10KB) AllocSpace objects, 0(0B) LOS objects, 35% free, 29MB/45MB, paused 464us total 51.004ms
08-05 22:44:07.203  6590  6600 I art     : WaitForGcToComplete blocked for 51.407ms for cause HeapTrim
08-05 22:44:07.219  6590  6614 I art     : Starting a blocking GC Explicit
08-05 22:44:07.259  6590  6614 I art     : Explicit concurrent mark sweep GC freed 8(256B) AllocSpace objects, 0(0B) LOS objects, 35% free, 29MB/45MB, paused 448us total 40.611ms
08-05 22:44:07.590  6590  7013 I art     : Starting a blocking GC Explicit
08-05 22:44:07.639  6590  7013 I art     : Explicit concurrent mark sweep GC freed 1428(84KB) AllocSpace objects, 1(20KB) LOS objects, 35% free, 29MB/45MB, paused 760us total 49.314ms
08-05 22:44:07.655  6590  7013 I art     : Starting a blocking GC Explicit
08-05 22:44:07.694  6590  7013 I art     : Explicit concurrent mark sweep GC freed 62(2592B) AllocSpace objects, 0(0B) LOS objects, 35% free, 29MB/45MB, paused 340us total 38.531ms
08-05 22:44:07.710  6590  7013 I art     : Starting a blocking GC Explicit
08-05 22:44:07.745  6590  7013 I art     : Explicit concurrent mark sweep GC freed 137(29KB) AllocSpace objects, 0(0B) LOS objects, 35% free, 29MB/45MB, paused 357us total 34.933ms
08-05 22:44:07.758  6590  7013 I art     : Starting a blocking GC Explicit
08-05 22:44:07.792  6590  7013 I art     : Explicit concurrent mark sweep GC freed 68(2304B) AllocSpace objects, 0(0B) LOS objects, 35% free, 29MB/45MB, paused 376us total 33.623ms
08-05 22:44:07.805  6590  7013 I art     : Starting a blocking GC Explicit
08-05 22:44:07.839  6590  7013 I art     : Explicit concurrent mark sweep GC freed 3(96B) AllocSpace objects, 0(0B) LOS objects, 35% free, 29MB/45MB, paused 381us total 33.663ms
08-05 22:44:08.018  6590  6590 I chromium: [INFO:CONSOLE(1)] "
08-05 22:44:08.018  6590  6590 I chromium:                   ,d"=,.,qOp,
08-05 22:44:08.018  6590  6590 I chromium:                  ,7'  ''$(  )
08-05 22:44:08.018  6590  6590 I chromium:                 ,7'      '?q$7'
08-05 22:44:08.018  6590  6590 I chromium:              ..,$$,.
08-05 22:44:08.018  6590  6590 I chromium:    ,.  .,,--***""***--,,.  .,
08-05 22:44:08.018  6590  6590 I chromium:     ,p''              ''q,   
08-05 22:44:08.018  6590  6590 I chromium: :  ,7'                      '7,  :
08-05 22:44:08.018  6590  6590 I chromium:  ' $      ,db,      ,db,      $ '
08-05 22:44:08.018  6590  6590 I chromium:   '$      $$      $$      $'    Using Reddit at work? Work for Reddit.
08-05 22:44:08.018  6590  6590 I chromium:   '$                          $'        https://www.reddit.com/jobs
08-05 22:44:08.018  6590  6590 I chromium:    '$.     .,        ,.     .$'
08-05 22:44:08.018  6590  6590 I chromium:     'b,     ''     ,d'
08-05 22:44:08.018  6590  6590 I chromium:      '?bn,,          ,,nd?'
08-05 22:44:08.018  6590  6590 I chromium:        ,7$ '''' $7,
08-05 22:44:08.018  6590  6590 I chromium:      , $              $ ,
08-05 22:44:08.018  6590  6590 I chromium:      $  :$              $:  $
08-05 22:44:08.018  6590  6590 I chromium:      $   $              $   $
08-05 22:44:08.018  6590  6590 I chromium:      'b  q:            :p  d'
08-05 22:44:08.018  6590  6590 I chromium:       '?$.          .$?'
08-05 22:44:08.018  6590  6590 I chromium:          'b            d'
08-05 22:44:08.018  6590  6590 I chromium:        ,'?,.      .,?',
08-05 22:44:08.018  6590  6590 I chromium:       ==--==--==--==
08-05 22:44:08.018  6590  6590 I chromium: ", source: https://www.redditstatic.com/desktop2x/Chat~Governance~Reddit.2ea93b134a9b2e5b1d9a.js (1)
08-05 22:44:08.178  6590  6603 I art     : Starting a blocking GC Explicit
08-05 22:44:08.218  6590  6603 I art     : Explicit concurrent mark sweep GC freed 1365(85KB) AllocSpace objects, 1(20KB) LOS objects, 35% free, 29MB/45MB, paused 417us total 39.196ms
08-05 22:44:08.232  6590  6603 I art     : Starting a blocking GC Explicit
08-05 22:44:08.267  6590  6603 I art     : Explicit concurrent mark sweep GC freed 20(704B) AllocSpace objects, 0(0B) LOS objects, 35% free, 29MB/45MB, paused 427us total 34.632ms
08-05 22:44:08.280  6590  6603 I art     : Starting a blocking GC Explicit
08-05 22:44:08.314  6590  6603 I art     : Explicit concurrent mark sweep GC freed 3(96B) AllocSpace objects, 0(0B) LOS objects, 35% free, 29MB/45MB, paused 370us total 33.480ms
08-05 22:44:08.329  6590  6603 I art     : Starting a blocking GC Explicit
08-05 22:44:08.363  6590  6603 I art     : Explicit concurrent mark sweep GC freed 3(96B) AllocSpace objects, 0(0B) LOS objects, 35% free, 29MB/45MB, paused 408us total 33.836ms
08-05 22:44:08.378  6590  6603 I art     : Starting a blocking GC Explicit
08-05 22:44:08.412  6590  6603 I art     : Explicit concurrent mark sweep GC freed 15(944B) AllocSpace objects, 0(0B) LOS objects, 35% free, 29MB/45MB, paused 385us total 33.369ms
08-05 22:44:08.744   518   646 I ThermalEngine: ACTION: GPU - Setting GPU[0] to 450000000
08-05 22:44:08.783  6590  6614 I art     : Starting a blocking GC Explicit
08-05 22:44:08.831  6590  6614 I art     : Explicit concurrent mark sweep GC freed 1357(82KB) AllocSpace objects, 1(20KB) LOS objects, 35% free, 29MB/45MB, paused 545us total 47.111ms
08-05 22:44:08.850  6590  6614 I art     : Starting a blocking GC Explicit
08-05 22:44:08.893  6590  6614 I art     : Explicit concurrent mark sweep GC freed 71(3KB) AllocSpace objects, 0(0B) LOS objects, 35% free, 29MB/45MB, paused 521us total 43.302ms
08-05 22:44:08.912  6590  6614 I art     : Starting a blocking GC Explicit
08-05 22:44:08.954  6590  6614 I art     : Explicit concurrent mark sweep GC freed 146(7KB) AllocSpace objects, 0(0B) LOS objects, 35% free, 29MB/45MB, paused 504us total 41.267ms
08-05 22:44:08.972  6590  6614 I art     : Starting a blocking GC Explicit
08-05 22:44:09.014  6590  6614 I art     : Explicit concurrent mark sweep GC freed 33(2192B) AllocSpace objects, 0(0B) LOS objects, 35% free, 29MB/45MB, paused 450us total 41.529ms
08-05 22:44:09.035  6590  6614 I art     : Starting a blocking GC Explicit
08-05 22:44:09.084  6590  6614 I art     : Explicit concurrent mark sweep GC freed 3(96B) AllocSpace objects, 0(0B) LOS objects, 35% free, 29MB/45MB, paused 522us total 49.086ms
08-05 22:44:09.454  6590  6602 I art     : Starting a blocking GC Explicit
08-05 22:44:09.505  6590  6602 I art     : Explicit concurrent mark sweep GC freed 1370(85KB) AllocSpace objects, 1(20KB) LOS objects, 35% free, 29MB/45MB, paused 519us total 51.022ms
08-05 22:44:09.524  6590  6602 I art     : Starting a blocking GC Explicit
08-05 22:44:09.576  6590  6602 I art     : Explicit concurrent mark sweep GC freed 20(704B) AllocSpace objects, 0(0B) LOS objects, 35% free, 29MB/45MB, paused 469us total 51.265ms
08-05 22:44:09.594  6590  6602 I art     : Starting a blocking GC Explicit
08-05 22:44:09.640  6590  6602 I art     : Explicit concurrent mark sweep GC freed 3(96B) AllocSpace objects, 0(0B) LOS objects, 35% free, 29MB/45MB, paused 508us total 45.490ms
08-05 22:44:09.662  6590  6602 I art     : Starting a blocking GC Explicit
08-05 22:44:09.706  6590  6602 I art     : Explicit concurrent mark sweep GC freed 3(96B) AllocSpace objects, 0(0B) LOS objects, 35% free, 29MB/45MB, paused 495us total 44.493ms
08-05 22:44:09.725  6590  6602 I art     : Starting a blocking GC Explicit
08-05 22:44:09.768  6590  6602 I art     : Explicit concurrent mark sweep GC freed 49(2656B) AllocSpace objects, 0(0B) LOS objects, 35% free, 29MB/45MB, paused 742us total 42.665ms
08-05 22:44:10.154  6590  6602 I art     : Starting a blocking GC Explicit
08-05 22:44:10.204  6590  6602 I art     : Explicit concurrent mark sweep GC freed 1355(82KB) AllocSpace objects, 1(20KB) LOS objects, 35% free, 29MB/45MB, paused 531us total 49.787ms
08-05 22:44:10.223  6590  6602 I art     : Starting a blocking GC Explicit
08-05 22:44:10.275  6590  6602 I art     : Explicit concurrent mark sweep GC freed 20(704B) AllocSpace objects, 0(0B) LOS objects, 35% free, 29MB/45MB, paused 485us total 51.570ms
08-05 22:44:10.294  6590  6602 I art     : Starting a blocking GC Explicit
08-05 22:44:10.342  6590  6602 I art     : Explicit concurrent mark sweep GC freed 3(96B) AllocSpace objects, 0(0B) LOS objects, 35% free, 29MB/45MB, paused 608us total 48.533ms
08-05 22:44:10.363  6590  6602 I art     : Starting a blocking GC Explicit
08-05 22:44:10.412  6590  6602 I art     : Explicit concurrent mark sweep GC freed 3(96B) AllocSpace objects, 0(0B) LOS objects, 35% free, 29MB/45MB, paused 522us total 48.483ms
08-05 22:44:10.431  6590  6602 I art     : Starting a blocking GC Explicit
08-05 22:44:10.435  6590  8652 I RedditChangeDataIO: Writing tmp data file at '/data/user/0/baseline.org.quantumbadger.redreader/files/rr_change_data_tmp.dat'
08-05 22:44:10.435  6590  8652 I RedditChangeDataManager: Taking snapshot...
08-05 22:44:10.435  6590  8652 I RedditChangeDataManager: Writing to stream...
08-05 22:44:10.435  6590  8652 I RedditChangeDataManager: Wrote 4 entries for user ''
08-05 22:44:10.435  6590  8652 I RedditChangeDataManager: All entries written to stream.
08-05 22:44:10.436  6590  8652 I RedditChangeDataIO: Write successful. Atomically replacing data file...
08-05 22:44:10.436  6590  8652 I RedditChangeDataIO: Write complete.
08-05 22:44:10.436  6590  8652 I RedditChangeDataIO: 110 bytes written in 2 ms
08-05 22:44:10.484  6590  6602 I art     : Explicit concurrent mark sweep GC freed 77(4KB) AllocSpace objects, 1(68KB) LOS objects, 35% free, 29MB/45MB, paused 479us total 53.062ms
08-05 22:44:10.864  6590  6602 I art     : Starting a blocking GC Explicit
08-05 22:44:10.912  6590  6602 I art     : Explicit concurrent mark sweep GC freed 1365(83KB) AllocSpace objects, 1(20KB) LOS objects, 35% free, 29MB/45MB, paused 482us total 47.263ms
08-05 22:44:10.930  6590  6602 I art     : Starting a blocking GC Explicit
08-05 22:44:10.981  6590  6602 I art     : Explicit concurrent mark sweep GC freed 20(704B) AllocSpace objects, 0(0B) LOS objects, 35% free, 29MB/45MB, paused 446us total 50.517ms
08-05 22:44:10.999  6590  6602 I art     : Starting a blocking GC Explicit
08-05 22:44:11.044  6590  6602 I art     : Explicit concurrent mark sweep GC freed 5(176B) AllocSpace objects, 0(0B) LOS objects, 35% free, 29MB/45MB, paused 462us total 44.149ms
08-05 22:44:11.066  6590  6602 I art     : Starting a blocking GC Explicit
08-05 22:44:11.115  6590  6602 I art     : Explicit concurrent mark sweep GC freed 3(96B) AllocSpace objects, 0(0B) LOS objects, 35% free, 29MB/45MB, paused 493us total 47.953ms
08-05 22:44:11.133  6590  6602 I art     : Starting a blocking GC Explicit
08-05 22:44:11.187  6590  6602 I art     : Explicit concurrent mark sweep GC freed 3(96B) AllocSpace objects, 0(0B) LOS objects, 35% free, 29MB/45MB, paused 678us total 53.614ms
08-05 22:44:11.536   918  1210 D NetlinkSocketObserver: NeighborEvent{elapsedMs=1814055411, 192.168.2.254, [7C3953A63323], RTM_NEWNEIGH, NUD_REACHABLE}
08-05 22:44:11.586  6590  7013 I art     : Starting a blocking GC Explicit
08-05 22:44:11.637  6590  7013 I art     : Explicit concurrent mark sweep GC freed 1355(82KB) AllocSpace objects, 1(20KB) LOS objects, 35% free, 29MB/45MB, paused 520us total 51.402ms
08-05 22:44:11.657  6590  7013 I art     : Starting a blocking GC Explicit
08-05 22:44:11.709  6590  7013 I art     : Explicit concurrent mark sweep GC freed 20(704B) AllocSpace objects, 0(0B) LOS objects, 35% free, 29MB/45MB, paused 477us total 51.867ms
08-05 22:44:11.728  6590  7013 I art     : Starting a blocking GC Explicit
08-05 22:44:11.780  6590  7013 I art     : Explicit concurrent mark sweep GC freed 3(96B) AllocSpace objects, 0(0B) LOS objects, 35% free, 29MB/45MB, paused 625us total 51.947ms
08-05 22:44:11.799  6590  7013 I art     : Starting a blocking GC Explicit
08-05 22:44:11.847  6590  7013 I art     : Explicit concurrent mark sweep GC freed 3(96B) AllocSpace objects, 0(0B) LOS objects, 35% free, 29MB/45MB, paused 550us total 47.594ms
08-05 22:44:11.867  6590  7013 I art     : Starting a blocking GC Explicit
08-05 22:44:11.914  6590  7013 I art     : Explicit concurrent mark sweep GC freed 3(96B) AllocSpace objects, 0(0B) LOS objects, 35% free, 29MB/45MB, paused 500us total 46.078ms
08-05 22:44:12.317  6590  6602 I art     : Starting a blocking GC Explicit
08-05 22:44:12.372  6590  6602 I art     : Explicit concurrent mark sweep GC freed 1355(82KB) AllocSpace objects, 1(20KB) LOS objects, 35% free, 29MB/45MB, paused 505us total 54.212ms
08-05 22:44:12.390  6590  6602 I art     : Starting a blocking GC Explicit
08-05 22:44:12.440  6590  6602 I art     : Explicit concurrent mark sweep GC freed 20(704B) AllocSpace objects, 0(0B) LOS objects, 35% free, 29MB/45MB, paused 508us total 49.901ms
08-05 22:44:12.460  6590  6602 I art     : Starting a blocking GC Explicit
08-05 22:44:12.512  6590  6602 I art     : Explicit concurrent mark sweep GC freed 3(96B) AllocSpace objects, 0(0B) LOS objects, 35% free, 29MB/45MB, paused 534us total 51.587ms
08-05 22:44:12.531  6590  6602 I art     : Starting a blocking GC Explicit
08-05 22:44:12.584  6590  6602 I art     : Explicit concurrent mark sweep GC freed 3(96B) AllocSpace objects, 0(0B) LOS objects, 35% free, 29MB/45MB, paused 486us total 53.032ms
08-05 22:44:12.603  6590  6602 I art     : Starting a blocking GC Explicit
08-05 22:44:12.651  6590  6602 I art     : Explicit concurrent mark sweep GC freed 3(96B) AllocSpace objects, 0(0B) LOS objects, 35% free, 29MB/45MB, paused 481us total 47.813ms
08-05 22:44:13.044  6590  6602 I art     : Starting a blocking GC Explicit
08-05 22:44:13.094  6590  6602 I art     : Explicit concurrent mark sweep GC freed 1355(82KB) AllocSpace objects, 1(20KB) LOS objects, 35% free, 29MB/45MB, paused 492us total 49.426ms
08-05 22:44:13.112  6590  6602 I art     : Starting a blocking GC Explicit
08-05 22:44:13.158  6590  6602 I art     : Explicit concurrent mark sweep GC freed 20(704B) AllocSpace objects, 0(0B) LOS objects, 35% free, 29MB/45MB, paused 770us total 45.611ms
08-05 22:44:13.179  6590  6602 I art     : Starting a blocking GC Explicit
08-05 22:44:13.221  6590  6602 I art     : Explicit concurrent mark sweep GC freed 3(96B) AllocSpace objects, 0(0B) LOS objects, 35% free, 29MB/45MB, paused 513us total 41.692ms
08-05 22:44:13.239  6590  6602 I art     : Starting a blocking GC Explicit
08-05 22:44:13.289  6590  6602 I art     : Explicit concurrent mark sweep GC freed 3(96B) AllocSpace objects, 0(0B) LOS objects, 35% free, 29MB/45MB, paused 513us total 49.557ms
08-05 22:44:13.307  6590  6602 I art     : Starting a blocking GC Explicit
08-05 22:44:13.353  6590  6602 I art     : Explicit concurrent mark sweep GC freed 3(96B) AllocSpace objects, 0(0B) LOS objects, 35% free, 29MB/45MB, paused 552us total 45.651ms
08-05 22:44:13.748  6590  6602 I art     : Starting a blocking GC Explicit
08-05 22:44:13.755   518   646 I ThermalEngine: ACTION: GPU - Setting GPU[0] to 510000000
08-05 22:44:13.802  6590  6602 I art     : Explicit concurrent mark sweep GC freed 1355(82KB) AllocSpace objects, 1(20KB) LOS objects, 35% free, 29MB/45MB, paused 415us total 53.500ms
08-05 22:44:13.818  6590  6602 I art     : Starting a blocking GC Explicit
08-05 22:44:13.856  6590  6602 I art     : Explicit concurrent mark sweep GC freed 20(704B) AllocSpace objects, 0(0B) LOS objects, 35% free, 29MB/45MB, paused 460us total 37.747ms
08-05 22:44:13.876  6590  6602 I art     : Starting a blocking GC Explicit
08-05 22:44:13.912  6590  6602 I art     : Explicit concurrent mark sweep GC freed 3(96B) AllocSpace objects, 0(0B) LOS objects, 35% free, 29MB/45MB, paused 383us total 36.053ms
08-05 22:44:13.926  6590  6602 I art     : Starting a blocking GC Explicit
08-05 22:44:13.965  6590  6602 I art     : Explicit concurrent mark sweep GC freed 3(96B) AllocSpace objects, 0(0B) LOS objects, 35% free, 29MB/45MB, paused 550us total 38.560ms
08-05 22:44:13.985  6590  6602 I art     : Starting a blocking GC Explicit
08-05 22:44:14.021  6590  6602 I art     : Explicit concurrent mark sweep GC freed 3(96B) AllocSpace objects, 0(0B) LOS objects, 35% free, 29MB/45MB, paused 383us total 36.135ms
08-05 22:44:14.111  8844  8844 D AndroidRuntime: >>>>>> START com.android.internal.os.RuntimeInit uid 2000 <<<<<<
08-05 22:44:14.116  8844  8844 D AndroidRuntime: CheckJNI is OFF
08-05 22:44:14.147  8844  8844 D ICU     : No timezone override file found: /data/misc/zoneinfo/current/icu/icu_tzdata.dat
08-05 22:44:14.184  8844  8844 I Radio-JNI: register_android_hardware_Radio DONE
08-05 22:44:14.205  8844  8844 D AndroidRuntime: Calling main entry com.android.commands.input.Input
08-05 22:44:14.207  8844  8844 I Input   : injectKeyEvent: KeyEvent { action=ACTION_DOWN, keyCode=KEYCODE_BACK, scanCode=0, metaState=0, flags=0x0, repeatCount=0, eventTime=830670620, downTime=830670620, deviceId=-1, source=0x101 }
08-05 22:44:14.217  8844  8844 I Input   : injectKeyEvent: KeyEvent { action=ACTION_UP, keyCode=KEYCODE_BACK, scanCode=0, metaState=0, flags=0x0, repeatCount=0, eventTime=830670620, downTime=830670620, deviceId=-1, source=0x101 }
08-05 22:44:14.224  8844  8844 D AndroidRuntime: Shutting down VM
08-05 22:44:14.299 13866 13866 I GoogleInputMethodServic: GoogleInputMethodService.onFinishInput():3138 
08-05 22:44:14.300 13866 13866 I GoogleInputMethodServic: GoogleInputMethodService.onStartInput():1808 
08-05 22:44:14.367  6590  6614 I art     : Starting a blocking GC Explicit
08-05 22:44:14.401  6590  6614 I art     : Explicit concurrent mark sweep GC freed 1633(93KB) AllocSpace objects, 1(20KB) LOS objects, 35% free, 29MB/45MB, paused 334us total 33.728ms
08-05 22:44:14.415  6590  6614 I art     : Starting a blocking GC Explicit
08-05 22:44:14.455  6590  6614 I art     : Explicit concurrent mark sweep GC freed 24(864B) AllocSpace objects, 0(0B) LOS objects, 35% free, 29MB/45MB, paused 339us total 39.796ms
08-05 22:44:14.469  6590  6614 I art     : Starting a blocking GC Explicit
08-05 22:44:14.516  6590  6614 I art     : Explicit concurrent mark sweep GC freed 3(96B) AllocSpace objects, 0(0B) LOS objects, 35% free, 29MB/45MB, paused 579us total 45.894ms
08-05 22:44:14.535  6590  6614 I art     : Starting a blocking GC Explicit
08-05 22:44:14.581  6590  6614 I art     : Explicit concurrent mark sweep GC freed 3(96B) AllocSpace objects, 0(0B) LOS objects, 35% free, 29MB/45MB, paused 371us total 46.025ms
08-05 22:44:14.601  6590  6614 I art     : Starting a blocking GC Explicit
08-05 22:44:14.628   380   380 W SurfaceFlinger: couldn't log to binary event log: overflow.
08-05 22:44:14.653  6590  6614 I art     : Explicit concurrent mark sweep GC freed 63(2448B) AllocSpace objects, 0(0B) LOS objects, 35% free, 29MB/45MB, paused 583us total 51.589ms
08-05 22:44:14.663   918  3263 D ConnectivityService: releasing NetworkRequest NetworkRequest [ id=3588, legacyType=-1, [ Capabilities: INTERNET&NOT_RESTRICTED&TRUSTED] ]
08-05 22:44:14.899  5084  5084 I ServiceManager: Waiting for service AtCmdFwd...
08-05 22:44:14.947  6590  6602 I art     : Starting a blocking GC Explicit
08-05 22:44:14.997  6590  6602 I art     : Explicit concurrent mark sweep GC freed 2212(126KB) AllocSpace objects, 1(20KB) LOS objects, 35% free, 29MB/45MB, paused 385us total 49.144ms
08-05 22:44:15.011  6590  6602 I art     : Starting a blocking GC Explicit
08-05 22:44:15.051  6590  6602 I art     : Explicit concurrent mark sweep GC freed 2108(123KB) AllocSpace objects, 1(28KB) LOS objects, 35% free, 29MB/45MB, paused 389us total 39.092ms
08-05 22:44:15.065  6590  6602 I art     : Starting a blocking GC Explicit
08-05 22:44:15.104  6590  6602 I art     : Explicit concurrent mark sweep GC freed 3(96B) AllocSpace objects, 0(0B) LOS objects, 35% free, 29MB/45MB, paused 404us total 38.357ms
08-05 22:44:15.119  6590  6602 I art     : Starting a blocking GC Explicit
08-05 22:44:15.156  6590  6602 I art     : Explicit concurrent mark sweep GC freed 3(96B) AllocSpace objects, 0(0B) LOS objects, 35% free, 29MB/45MB, paused 371us total 36.982ms
08-05 22:44:15.170  6590  6602 I art     : Starting a blocking GC Explicit
08-05 22:44:15.209  6590  6602 I art     : Explicit concurrent mark sweep GC freed 3(96B) AllocSpace objects, 0(0B) LOS objects, 35% free, 29MB/45MB, paused 392us total 38.838ms
08-05 22:44:15.540  6590  6603 I art     : Starting a blocking GC Explicit
08-05 22:44:15.578  6590  6603 I art     : Explicit concurrent mark sweep GC freed 1354(82KB) AllocSpace objects, 1(20KB) LOS objects, 35% free, 29MB/45MB, paused 419us total 38.105ms
08-05 22:44:15.593  6590  6603 I art     : Starting a blocking GC Explicit
08-05 22:44:15.629  6590  6603 I art     : Explicit concurrent mark sweep GC freed 20(704B) AllocSpace objects, 0(0B) LOS objects, 35% free, 29MB/45MB, paused 382us total 36.027ms
08-05 22:44:15.644  6590  6603 I art     : Starting a blocking GC Explicit
08-05 22:44:15.681  6590  6603 I art     : Explicit concurrent mark sweep GC freed 3(96B) AllocSpace objects, 0(0B) LOS objects, 35% free, 29MB/45MB, paused 413us total 36.662ms
08-05 22:44:15.695  6590  6603 I art     : Starting a blocking GC Explicit
08-05 22:44:15.731  6590  6603 I art     : Explicit concurrent mark sweep GC freed 3(96B) AllocSpace objects, 0(0B) LOS objects, 35% free, 29MB/45MB, paused 386us total 36.271ms
08-05 22:44:15.745  6590  6603 I art     : Starting a blocking GC Explicit
08-05 22:44:15.782  6590  6603 I art     : Explicit concurrent mark sweep GC freed 3(96B) AllocSpace objects, 0(0B) LOS objects, 35% free, 29MB/45MB, paused 388us total 36.574ms
08-05 22:44:15.890  8887  8887 D AndroidRuntime: >>>>>> START com.android.internal.os.RuntimeInit uid 2000 <<<<<<
08-05 22:44:15.897  8887  8887 D AndroidRuntime: CheckJNI is OFF
08-05 22:44:15.900  5084  5084 I ServiceManager: Waiting for service AtCmdFwd...
08-05 22:44:15.930  8887  8887 D ICU     : No timezone override file found: /data/misc/zoneinfo/current/icu/icu_tzdata.dat
08-05 22:44:15.962  8887  8887 I Radio-JNI: register_android_hardware_Radio DONE
08-05 22:44:15.984  8887  8887 D AndroidRuntime: Calling main entry com.android.commands.input.Input
08-05 22:44:15.986  8887  8887 I Input   : injectMotionEvent: MotionEvent { action=ACTION_DOWN, actionButton=0, id[0]=0, x[0]=600.0, y[0]=820.0, toolType[0]=TOOL_TYPE_UNKNOWN, buttonState=0, metaState=0, flags=0x0, edgeFlags=0x0, pointerCount=1, historySize=0, eventTime=830672399, downTime=830672399, deviceId=0, source=0x1002 }
08-05 22:44:15.991  8887  8887 I Input   : injectMotionEvent: MotionEvent { action=ACTION_UP, actionButton=0, id[0]=0, x[0]=600.0, y[0]=820.0, toolType[0]=TOOL_TYPE_UNKNOWN, buttonState=0, metaState=0, flags=0x0, edgeFlags=0x0, pointerCount=1, historySize=0, eventTime=830672399, downTime=830672399, deviceId=0, source=0x1002 }
08-05 22:44:15.993  8887  8887 D AndroidRuntime: Shutting down VM
08-05 22:44:16.003   512  2967 D audio_hw_primary: out_set_parameters: enter: usecase(1: low-latency-playback) kvpairs: routing=2
08-05 22:44:16.006   918  3714 I ActivityManager: START u0 {dat=https://oauth.reddit.com/... cmp=baseline.org.quantumbadger.redreader/.activities.CommentListingActivity} from uid 10705 on display 0
08-05 22:44:16.016   512  2967 D audio_hw_primary: select_devices: out_snd_device(2: speaker) in_snd_device(0: none)
08-05 22:44:16.016   512  2967 D msm8974_platform: platform_send_audio_calibration: sending audio calibration for snd_device(2) acdb_id(15)
08-05 22:44:16.016   512  2967 I soundtrigger: audio_extn_sound_trigger_update_device_status: device 0x2 of type 0 for Event 1
08-05 22:44:16.030  6590  6590 I AppCompatViewInflater: app:theme is now deprecated. Please move to using android:theme instead.
08-05 22:44:16.031   512  2967 D audio_hw_primary: enable_snd_device: snd_device(2: speaker)
08-05 22:44:16.033   512  2967 D audio_hw_primary: enable_audio_route: apply and update mixer path: low-latency-playback speaker
08-05 22:44:16.046  6590  8912 D OK      : calling: https://oauth.reddit.com/comments/hi3oht/.json?sort=confidence
08-05 22:44:16.090  6590  6602 I art     : Starting a blocking GC Explicit
08-05 22:44:16.122   918   936 I ActivityManager: Displayed baseline.org.quantumbadger.redreader/.activities.CommentListingActivity: +109ms
08-05 22:44:16.123 13866 13866 I GoogleInputMethodServic: GoogleInputMethodService.onFinishInput():3138 
08-05 22:44:16.123 13866 13866 I GoogleInputMethodServic: GoogleInputMethodService.onStartInput():1808 
08-05 22:44:16.126  6590  6602 I art     : Explicit concurrent mark sweep GC freed 4092(219KB) AllocSpace objects, 1(20KB) LOS objects, 35% free, 29MB/45MB, paused 726us total 35.683ms
08-05 22:44:16.142  6590  6602 I art     : Starting a blocking GC Explicit
08-05 22:44:16.178  6590  6602 I art     : Explicit concurrent mark sweep GC freed 511(26KB) AllocSpace objects, 0(0B) LOS objects, 35% free, 29MB/45MB, paused 418us total 35.439ms
08-05 22:44:16.191  6590  6602 I art     : Starting a blocking GC Explicit
08-05 22:44:16.226  6590  6602 I art     : Explicit concurrent mark sweep GC freed 33(2432B) AllocSpace objects, 0(0B) LOS objects, 35% free, 29MB/45MB, paused 389us total 34.792ms
08-05 22:44:16.240  6590  6602 I art     : Starting a blocking GC Explicit
08-05 22:44:16.277  6590  6602 I art     : Explicit concurrent mark sweep GC freed 1941(76KB) AllocSpace objects, 0(0B) LOS objects, 35% free, 29MB/45MB, paused 563us total 37.371ms
08-05 22:44:16.292  6590  6602 I art     : Starting a blocking GC Explicit
08-05 22:44:16.339  6590  6602 I art     : Explicit concurrent mark sweep GC freed 95(3KB) AllocSpace objects, 0(0B) LOS objects, 35% free, 29MB/45MB, paused 420us total 46.564ms
08-05 22:44:16.381   380   380 W SurfaceFlinger: couldn't log to binary event log: overflow.
08-05 22:44:16.396  6590  8912 I NAPPA_EXPERIMENTATION: MetricNetworkRequestExecutionTime: REQUEST_DURATION_SYSTEM='350',REQUEST_DURATION_OKHTTP='147',REQUEST_SYNCHRONOUS='TRUE',RESPONSE_CODE='200',RESPONSE_METHOD='GET',RESPONSE_LENGTH_OKHTTP='-1',RESPONSE_LENGTH_HEADER='167875',REQUEST_PROTOCOL='h2',REQUEST_URL='https://oauth.reddit.com/comments/hi3oht/.json?sort=confidence',
08-05 22:44:16.397  6590  8912 D OK      : request got status: 200
08-05 22:44:16.402  6590  7176 I CommentListingActivity: COMMENTS session changed to d6b4ddd7-cd7b-4cfe-9e6d-a794a4b0e23f
08-05 22:44:16.569   512  2967 D audio_hw_primary: disable_audio_route: reset and update mixer path: low-latency-playback speaker
08-05 22:44:16.569   512  2967 D audio_hw_primary: disable_snd_device: snd_device(2: speaker)
08-05 22:44:16.577   512  2967 I soundtrigger: audio_extn_sound_trigger_update_device_status: device 0x2 of type 0 for Event 0
08-05 22:44:16.625  6590  6614 I art     : Starting a blocking GC Explicit
08-05 22:44:16.687  6590  6614 I art     : Explicit concurrent mark sweep GC freed 39926(2MB) AllocSpace objects, 5(104KB) LOS objects, 32% free, 33MB/49MB, paused 688us total 61.332ms
08-05 22:44:16.703  6590  6614 I art     : Starting a blocking GC Explicit
08-05 22:44:16.765  6590  6614 I art     : Explicit concurrent mark sweep GC freed 10416(680KB) AllocSpace objects, 0(0B) LOS objects, 31% free, 34MB/50MB, paused 968us total 61.769ms
08-05 22:44:16.782  6590  6614 I art     : Starting a blocking GC Explicit
08-05 22:44:16.846  6590  6614 I art     : Explicit concurrent mark sweep GC freed 9414(748KB) AllocSpace objects, 1(16KB) LOS objects, 31% free, 35MB/51MB, paused 914us total 64.388ms
08-05 22:44:16.864  6590  6614 I art     : Starting a blocking GC Explicit
08-05 22:44:16.900  5084  5084 I ServiceManager: Waiting for service AtCmdFwd...
08-05 22:44:16.928  6590  6614 I art     : Explicit concurrent mark sweep GC freed 330(121KB) AllocSpace objects, 1(68KB) LOS objects, 31% free, 35MB/51MB, paused 616us total 63.891ms
08-05 22:44:16.946  6590  6614 I art     : Starting a blocking GC Explicit
08-05 22:44:17.000  6590  6614 I art     : Explicit concurrent mark sweep GC freed 36785(1724KB) AllocSpace objects, 3(100KB) LOS objects, 32% free, 33MB/49MB, paused 448us total 53.858ms
08-05 22:44:17.323  6590  6603 I art     : Starting a blocking GC Explicit
08-05 22:44:17.383  6590  6603 I art     : Explicit concurrent mark sweep GC freed 1359(82KB) AllocSpace objects, 1(20KB) LOS objects, 32% free, 33MB/49MB, paused 455us total 59.430ms
08-05 22:44:17.383  6590  6600 I art     : WaitForGcToComplete blocked for 10.743ms for cause HeapTrim
08-05 22:44:17.387   918  1210 D NetlinkSocketObserver: NeighborEvent{elapsedMs=1814061262, 192.168.2.254, [7C3953A63323], RTM_NEWNEIGH, NUD_STALE}
08-05 22:44:17.401  6590  6603 I art     : Starting a blocking GC Explicit
08-05 22:44:17.455  6590  6603 I art     : Explicit concurrent mark sweep GC freed 20(704B) AllocSpace objects, 0(0B) LOS objects, 32% free, 33MB/49MB, paused 380us total 53.566ms
08-05 22:44:17.472  6590  6603 I art     : Starting a blocking GC Explicit
08-05 22:44:17.527  6590  6603 I art     : Explicit concurrent mark sweep GC freed 49(1920B) AllocSpace objects, 0(0B) LOS objects, 32% free, 33MB/49MB, paused 468us total 55.087ms
08-05 22:44:17.544  6590  6603 I art     : Starting a blocking GC Explicit
08-05 22:44:17.600  6590  6603 I art     : Explicit concurrent mark sweep GC freed 3(96B) AllocSpace objects, 0(0B) LOS objects, 32% free, 33MB/49MB, paused 435us total 55.301ms
08-05 22:44:17.618  6590  6603 I art     : Starting a blocking GC Explicit
08-05 22:44:17.672  6590  6603 I art     : Explicit concurrent mark sweep GC freed 3(96B) AllocSpace objects, 0(0B) LOS objects, 32% free, 33MB/49MB, paused 426us total 53.856ms
08-05 22:44:17.760   518   646 I ThermalEngine: ACTION: GPU - Setting GPU[0] to 450000000
08-05 22:44:17.901  5084  5084 I ServiceManager: Waiting for service AtCmdFwd...
08-05 22:44:18.038  6590  6602 I art     : Starting a blocking GC Explicit
08-05 22:44:18.129  6590  6602 I art     : Explicit concurrent mark sweep GC freed 1354(82KB) AllocSpace objects, 1(20KB) LOS objects, 32% free, 33MB/49MB, paused 731us total 90.474ms
08-05 22:44:18.154  6590  6602 I art     : Starting a blocking GC Explicit
08-05 22:44:18.229  6590  6602 I art     : Explicit concurrent mark sweep GC freed 20(704B) AllocSpace objects, 0(0B) LOS objects, 32% free, 33MB/49MB, paused 579us total 74.120ms
08-05 22:44:18.251  6590  6602 I art     : Starting a blocking GC Explicit
08-05 22:44:18.327  6590  6602 I art     : Explicit concurrent mark sweep GC freed 3(96B) AllocSpace objects, 0(0B) LOS objects, 32% free, 33MB/49MB, paused 563us total 74.903ms
08-05 22:44:18.349  6590  6602 I art     : Starting a blocking GC Explicit
08-05 22:44:18.429  6590  6602 I art     : Explicit concurrent mark sweep GC freed 3(96B) AllocSpace objects, 0(0B) LOS objects, 32% free, 33MB/49MB, paused 687us total 79.272ms
08-05 22:44:18.454  6590  6602 I art     : Starting a blocking GC Explicit
08-05 22:44:18.533  6590  6602 I art     : Explicit concurrent mark sweep GC freed 3(96B) AllocSpace objects, 0(0B) LOS objects, 32% free, 33MB/49MB, paused 585us total 77.972ms
08-05 22:44:18.894  6590  7013 I art     : Starting a blocking GC Explicit
08-05 22:44:18.901  5084  5084 I ServiceManager: Waiting for service AtCmdFwd...
08-05 22:44:18.974  6590  7013 I art     : Explicit concurrent mark sweep GC freed 1354(82KB) AllocSpace objects, 1(20KB) LOS objects, 32% free, 33MB/49MB, paused 615us total 79.581ms
08-05 22:44:19.000  6590  7013 I art     : Starting a blocking GC Explicit
08-05 22:44:19.082  6590  7013 I art     : Explicit concurrent mark sweep GC freed 20(704B) AllocSpace objects, 0(0B) LOS objects, 32% free, 33MB/49MB, paused 619us total 80.961ms
08-05 22:44:19.107  6590  7013 I art     : Starting a blocking GC Explicit
08-05 22:44:19.184  6590  7013 I art     : Explicit concurrent mark sweep GC freed 3(96B) AllocSpace objects, 0(0B) LOS objects, 32% free, 33MB/49MB, paused 549us total 76.903ms
08-05 22:44:19.207  6590  7013 I art     : Starting a blocking GC Explicit
08-05 22:44:19.287  6590  7013 I art     : Explicit concurrent mark sweep GC freed 3(96B) AllocSpace objects, 0(0B) LOS objects, 32% free, 33MB/49MB, paused 643us total 79.770ms
08-05 22:44:19.312  6590  7013 I art     : Starting a blocking GC Explicit
08-05 22:44:19.387  6590  7013 I art     : Explicit concurrent mark sweep GC freed 3(96B) AllocSpace objects, 0(0B) LOS objects, 32% free, 33MB/49MB, paused 666us total 75.270ms
08-05 22:44:19.766   518   646 I ThermalEngine: ACTION: GPU - Setting GPU[0] to 510000000
08-05 22:44:19.769  6590  6614 I art     : Starting a blocking GC Explicit
08-05 22:44:19.842  6590  6614 I art     : Explicit concurrent mark sweep GC freed 1354(82KB) AllocSpace objects, 1(20KB) LOS objects, 32% free, 33MB/49MB, paused 428us total 73.080ms
08-05 22:44:19.860  6590  6614 I art     : Starting a blocking GC Explicit
08-05 22:44:19.901  5084  5084 W Atfwd_Sendcmd: AtCmdFwd service not published, waiting... retryCnt : 5
08-05 22:44:19.916  6590  6614 I art     : Explicit concurrent mark sweep GC freed 20(704B) AllocSpace objects, 0(0B) LOS objects, 32% free, 33MB/49MB, paused 418us total 56.042ms
08-05 22:44:19.933  6590  6614 I art     : Starting a blocking GC Explicit
08-05 22:44:19.988  6590  6614 I art     : Explicit concurrent mark sweep GC freed 3(96B) AllocSpace objects, 0(0B) LOS objects, 32% free, 33MB/49MB, paused 430us total 54.738ms
08-05 22:44:20.005  6590  6614 I art     : Starting a blocking GC Explicit
08-05 22:44:20.061  6590  6614 I art     : Explicit concurrent mark sweep GC freed 3(96B) AllocSpace objects, 0(0B) LOS objects, 32% free, 33MB/49MB, paused 403us total 55.453ms
08-05 22:44:20.078  6590  6614 I art     : Starting a blocking GC Explicit
08-05 22:44:20.136  6590  6614 I art     : Explicit concurrent mark sweep GC freed 3(96B) AllocSpace objects, 0(0B) LOS objects, 32% free, 33MB/49MB, paused 437us total 57.529ms
08-05 22:44:20.424  6590  6603 I art     : Starting a blocking GC Explicit
08-05 22:44:20.481  6590  6603 I art     : Explicit concurrent mark sweep GC freed 1355(83KB) AllocSpace objects, 1(20KB) LOS objects, 32% free, 33MB/49MB, paused 451us total 56.475ms
08-05 22:44:20.499  6590  6603 I art     : Starting a blocking GC Explicit
08-05 22:44:20.552  6590  6603 I art     : Explicit concurrent mark sweep GC freed 20(704B) AllocSpace objects, 0(0B) LOS objects, 32% free, 33MB/49MB, paused 409us total 52.834ms
08-05 22:44:20.568  6590  6603 I art     : Starting a blocking GC Explicit
08-05 22:44:20.622  6590  6603 I art     : Explicit concurrent mark sweep GC freed 3(96B) AllocSpace objects, 0(0B) LOS objects, 32% free, 33MB/49MB, paused 430us total 53.121ms
08-05 22:44:20.638  6590  6603 I art     : Starting a blocking GC Explicit
08-05 22:44:20.673  8966  8966 D AndroidRuntime: >>>>>> START com.android.internal.os.RuntimeInit uid 2000 <<<<<<
08-05 22:44:20.678  8966  8966 D AndroidRuntime: CheckJNI is OFF
08-05 22:44:20.692  6590  6603 I art     : Explicit concurrent mark sweep GC freed 3(96B) AllocSpace objects, 0(0B) LOS objects, 32% free, 33MB/49MB, paused 439us total 53.190ms
08-05 22:44:20.709  6590  6603 I art     : Starting a blocking GC Explicit
08-05 22:44:20.717  8966  8966 D ICU     : No timezone override file found: /data/misc/zoneinfo/current/icu/icu_tzdata.dat
08-05 22:44:20.751  8966  8966 I Radio-JNI: register_android_hardware_Radio DONE
08-05 22:44:20.762  6590  6603 I art     : Explicit concurrent mark sweep GC freed 3(96B) AllocSpace objects, 0(0B) LOS objects, 32% free, 33MB/49MB, paused 403us total 52.920ms
08-05 22:44:20.774  8966  8966 D AndroidRuntime: Calling main entry com.android.commands.input.Input
08-05 22:44:20.776  8966  8966 I Input   : injectKeyEvent: KeyEvent { action=ACTION_DOWN, keyCode=KEYCODE_BACK, scanCode=0, metaState=0, flags=0x0, repeatCount=0, eventTime=830677189, downTime=830677189, deviceId=-1, source=0x101 }
08-05 22:44:20.782  8966  8966 I Input   : injectKeyEvent: KeyEvent { action=ACTION_UP, keyCode=KEYCODE_BACK, scanCode=0, metaState=0, flags=0x0, repeatCount=0, eventTime=830677189, downTime=830677189, deviceId=-1, source=0x101 }
08-05 22:44:20.788  8966  8966 D AndroidRuntime: Shutting down VM
08-05 22:44:20.829 13866 13866 I GoogleInputMethodServic: GoogleInputMethodService.onFinishInput():3138 
08-05 22:44:20.830 13866 13866 I GoogleInputMethodServic: GoogleInputMethodService.onStartInput():1808 
08-05 22:44:20.937   918  3359 I ActivityManager: Killing 28328:com.google.android.apps.photos/u0a62 (adj 15): empty #17
08-05 22:44:21.020  6590  8911 I RedditChangeDataIO: Writing tmp data file at '/data/user/0/baseline.org.quantumbadger.redreader/files/rr_change_data_tmp.dat'
08-05 22:44:21.020  6590  8911 I RedditChangeDataManager: Taking snapshot...
08-05 22:44:21.020  6590  8911 I RedditChangeDataManager: Writing to stream...
08-05 22:44:21.020  6590  8911 I RedditChangeDataManager: Wrote 5 entries for user ''
08-05 22:44:21.020  6590  8911 I RedditChangeDataManager: All entries written to stream.
08-05 22:44:21.020  6590  8911 I RedditChangeDataIO: Write successful. Atomically replacing data file...
08-05 22:44:21.021  6590  8911 I RedditChangeDataIO: Write complete.
08-05 22:44:21.021  6590  8911 I RedditChangeDataIO: 134 bytes written in 2 ms
08-05 22:44:21.068  6590  7013 I art     : Starting a blocking GC Explicit
08-05 22:44:21.125  6590  7013 I art     : Explicit concurrent mark sweep GC freed 1743(99KB) AllocSpace objects, 2(88KB) LOS objects, 32% free, 33MB/49MB, paused 442us total 56.458ms
08-05 22:44:21.136   380   380 W SurfaceFlinger: couldn't log to binary event log: overflow.
08-05 22:44:21.143  6590  7013 I art     : Starting a blocking GC Explicit
08-05 22:44:21.191  6590  7013 I art     : Explicit concurrent mark sweep GC freed 95(3KB) AllocSpace objects, 0(0B) LOS objects, 32% free, 33MB/49MB, paused 405us total 46.925ms
08-05 22:44:21.207  6590  7013 I art     : Starting a blocking GC Explicit
08-05 22:44:21.246  6590  7013 I art     : Explicit concurrent mark sweep GC freed 76491(4MB) AllocSpace objects, 5(140KB) LOS objects, 35% free, 29MB/45MB, paused 398us total 39.179ms
08-05 22:44:21.260  6590  7013 I art     : Starting a blocking GC Explicit
08-05 22:44:21.294  6590  7013 I art     : Explicit concurrent mark sweep GC freed 3(96B) AllocSpace objects, 0(0B) LOS objects, 35% free, 29MB/45MB, paused 404us total 33.875ms
08-05 22:44:21.307  6590  7013 I art     : Starting a blocking GC Explicit
08-05 22:44:21.342  6590  7013 I art     : Explicit concurrent mark sweep GC freed 3(96B) AllocSpace objects, 0(0B) LOS objects, 35% free, 29MB/45MB, paused 413us total 34.832ms
08-05 22:44:21.642  6590  6602 I art     : Starting a blocking GC Explicit
08-05 22:44:21.692  6590  6602 I art     : Explicit concurrent mark sweep GC freed 1359(82KB) AllocSpace objects, 1(20KB) LOS objects, 35% free, 29MB/45MB, paused 473us total 49.633ms
08-05 22:44:21.709  6590  6602 I art     : Starting a blocking GC Explicit
08-05 22:44:21.748  6590  6602 I art     : Explicit concurrent mark sweep GC freed 27(1104B) AllocSpace objects, 0(0B) LOS objects, 35% free, 29MB/45MB, paused 424us total 38.430ms
08-05 22:44:21.763  6590  6602 I art     : Starting a blocking GC Explicit
08-05 22:44:21.802  6590  6602 I art     : Explicit concurrent mark sweep GC freed 3(96B) AllocSpace objects, 0(0B) LOS objects, 35% free, 29MB/45MB, paused 475us total 38.722ms
08-05 22:44:21.816  6590  6602 I art     : Starting a blocking GC Explicit
08-05 22:44:21.855  6590  6602 I art     : Explicit concurrent mark sweep GC freed 3(96B) AllocSpace objects, 0(0B) LOS objects, 35% free, 29MB/45MB, paused 414us total 38.507ms
08-05 22:44:21.870  6590  6602 I art     : Starting a blocking GC Explicit
08-05 22:44:21.908  6590  6602 I art     : Explicit concurrent mark sweep GC freed 238(36KB) AllocSpace objects, 0(0B) LOS objects, 35% free, 29MB/45MB, paused 450us total 38.523ms
08-05 22:44:22.193  6590  6603 I art     : Starting a blocking GC Explicit
08-05 22:44:22.238  6590  6603 I art     : Explicit concurrent mark sweep GC freed 1419(84KB) AllocSpace objects, 1(20KB) LOS objects, 35% free, 29MB/45MB, paused 427us total 44.473ms
08-05 22:44:22.253  6590  6603 I art     : Starting a blocking GC Explicit
08-05 22:44:22.286  6590  6603 I art     : Explicit concurrent mark sweep GC freed 20(704B) AllocSpace objects, 0(0B) LOS objects, 35% free, 29MB/45MB, paused 369us total 33.151ms
08-05 22:44:22.300  6590  6603 I art     : Starting a blocking GC Explicit
08-05 22:44:22.336  6590  6603 I art     : Explicit concurrent mark sweep GC freed 3(96B) AllocSpace objects, 0(0B) LOS objects, 35% free, 29MB/45MB, paused 389us total 36.173ms
08-05 22:44:22.350  6590  6603 I art     : Starting a blocking GC Explicit
08-05 22:44:22.387  6590  6603 I art     : Explicit concurrent mark sweep GC freed 3(96B) AllocSpace objects, 0(0B) LOS objects, 35% free, 29MB/45MB, paused 391us total 36.343ms
08-05 22:44:22.401  6590  6603 I art     : Starting a blocking GC Explicit
08-05 22:44:22.438  6590  6603 I art     : Explicit concurrent mark sweep GC freed 3(96B) AllocSpace objects, 0(0B) LOS objects, 35% free, 29MB/45MB, paused 424us total 36.839ms
08-05 22:44:22.474  9009  9009 D AndroidRuntime: >>>>>> START com.android.internal.os.RuntimeInit uid 2000 <<<<<<
08-05 22:44:22.479  9009  9009 D AndroidRuntime: CheckJNI is OFF
08-05 22:44:22.513  9009  9009 D ICU     : No timezone override file found: /data/misc/zoneinfo/current/icu/icu_tzdata.dat
08-05 22:44:22.549  9009  9009 I Radio-JNI: register_android_hardware_Radio DONE
08-05 22:44:22.571  9009  9009 D AndroidRuntime: Calling main entry com.android.commands.input.Input
08-05 22:44:22.573  9009  9009 I Input   : injectMotionEvent: MotionEvent { action=ACTION_DOWN, actionButton=0, id[0]=0, x[0]=600.0, y[0]=580.0, toolType[0]=TOOL_TYPE_UNKNOWN, buttonState=0, metaState=0, flags=0x0, edgeFlags=0x0, pointerCount=1, historySize=0, eventTime=830678985, downTime=830678985, deviceId=0, source=0x1002 }
08-05 22:44:22.580  9009  9009 I Input   : injectMotionEvent: MotionEvent { action=ACTION_UP, actionButton=0, id[0]=0, x[0]=600.0, y[0]=580.0, toolType[0]=TOOL_TYPE_UNKNOWN, buttonState=0, metaState=0, flags=0x0, edgeFlags=0x0, pointerCount=1, historySize=0, eventTime=830678985, downTime=830678985, deviceId=0, source=0x1002 }
08-05 22:44:22.582  9009  9009 D AndroidRuntime: Shutting down VM
08-05 22:44:22.593   512  2967 D audio_hw_primary: out_set_parameters: enter: usecase(1: low-latency-playback) kvpairs: routing=2
08-05 22:44:22.593   918  3961 I ActivityManager: START u0 {cmp=baseline.org.quantumbadger.redreader/.activities.WebViewActivity (has extras)} from uid 10705 on display 0
08-05 22:44:22.606   512  2967 D audio_hw_primary: select_devices: out_snd_device(2: speaker) in_snd_device(0: none)
08-05 22:44:22.606   512  2967 D msm8974_platform: platform_send_audio_calibration: sending audio calibration for snd_device(2) acdb_id(15)
08-05 22:44:22.606   512  2967 I soundtrigger: audio_extn_sound_trigger_update_device_status: device 0x2 of type 0 for Event 1
08-05 22:44:22.619   512  2967 D audio_hw_primary: enable_snd_device: snd_device(2: speaker)
08-05 22:44:22.621   512  2967 D audio_hw_primary: enable_audio_route: apply and update mixer path: low-latency-playback speaker
08-05 22:44:22.622  6590  6590 I AppCompatViewInflater: app:theme is now deprecated. Please move to using android:theme instead.
08-05 22:44:22.639   918  4413 D ConnectivityService: listenForNetwork for Listen from uid/pid:10705/6590 for NetworkRequest [ id=3589, legacyType=-1, [ Capabilities: INTERNET&NOT_RESTRICTED&TRUSTED] ]
08-05 22:44:22.722  6590  7013 I art     : Starting a blocking GC Explicit
08-05 22:44:22.745   918   936 I ActivityManager: Displayed baseline.org.quantumbadger.redreader/.activities.WebViewActivity: +142ms
08-05 22:44:22.745 13866 13866 I GoogleInputMethodServic: GoogleInputMethodService.onFinishInput():3138 
08-05 22:44:22.746 13866 13866 I GoogleInputMethodServic: GoogleInputMethodService.onStartInput():1808 
08-05 22:44:22.759  6590  7013 I art     : Explicit concurrent mark sweep GC freed 5903(311KB) AllocSpace objects, 1(20KB) LOS objects, 35% free, 29MB/45MB, paused 528us total 36.960ms
08-05 22:44:22.776  6590  7013 I art     : Starting a blocking GC Explicit
08-05 22:44:22.810  6590  7013 I art     : Explicit concurrent mark sweep GC freed 522(29KB) AllocSpace objects, 0(0B) LOS objects, 35% free, 29MB/45MB, paused 384us total 33.855ms
08-05 22:44:22.824  6590  7013 I art     : Starting a blocking GC Explicit
08-05 22:44:22.858  6590  7013 I art     : Explicit concurrent mark sweep GC freed 36(1392B) AllocSpace objects, 0(0B) LOS objects, 35% free, 29MB/45MB, paused 429us total 33.466ms
08-05 22:44:22.871  6590  7013 I art     : Starting a blocking GC Explicit
08-05 22:44:22.908  6590  7013 I art     : Explicit concurrent mark sweep GC freed 6(224B) AllocSpace objects, 0(0B) LOS objects, 35% free, 29MB/45MB, paused 424us total 36.477ms
08-05 22:44:22.922  6590  7013 I art     : Starting a blocking GC Explicit
08-05 22:44:22.962  6590  7013 I art     : Explicit concurrent mark sweep GC freed 12(464B) AllocSpace objects, 0(0B) LOS objects, 35% free, 29MB/45MB, paused 362us total 39.435ms
08-05 22:44:23.005   380   380 W SurfaceFlinger: couldn't log to binary event log: overflow.
08-05 22:44:23.158   512  2967 D audio_hw_primary: disable_audio_route: reset and update mixer path: low-latency-playback speaker
08-05 22:44:23.160   512  2967 D audio_hw_primary: disable_snd_device: snd_device(2: speaker)
08-05 22:44:23.169   512  2967 I soundtrigger: audio_extn_sound_trigger_update_device_status: device 0x2 of type 0 for Event 0
08-05 22:44:23.290  6590  6603 I art     : Starting a blocking GC Explicit
08-05 22:44:23.342  6590  6603 I art     : Explicit concurrent mark sweep GC freed 2289(134KB) AllocSpace objects, 1(20KB) LOS objects, 35% free, 29MB/45MB, paused 453us total 51.807ms
08-05 22:44:23.361  6590  6603 I art     : Starting a blocking GC Explicit
08-05 22:44:23.403  6590  6603 I art     : Explicit concurrent mark sweep GC freed 28(960B) AllocSpace objects, 0(0B) LOS objects, 35% free, 29MB/45MB, paused 523us total 41.401ms
08-05 22:44:23.418  6590  6603 I art     : Starting a blocking GC Explicit
08-05 22:44:23.455  6590  6603 I art     : Explicit concurrent mark sweep GC freed 8(256B) AllocSpace objects, 0(0B) LOS objects, 35% free, 29MB/45MB, paused 508us total 37.352ms
08-05 22:44:23.469  6590  6603 I art     : Starting a blocking GC Explicit
08-05 22:44:23.509  6590  6603 I art     : Explicit concurrent mark sweep GC freed 9(288B) AllocSpace objects, 0(0B) LOS objects, 35% free, 29MB/45MB, paused 446us total 39.119ms
08-05 22:44:23.523  6590  6603 I art     : Starting a blocking GC Explicit
08-05 22:44:23.563  6590  6603 I art     : Explicit concurrent mark sweep GC freed 12(384B) AllocSpace objects, 0(0B) LOS objects, 35% free, 29MB/45MB, paused 370us total 39.497ms
08-05 22:44:23.893  6590  7013 I art     : Starting a blocking GC Explicit
08-05 22:44:23.932  6590  7013 I art     : Explicit concurrent mark sweep GC freed 1436(85KB) AllocSpace objects, 1(20KB) LOS objects, 35% free, 29MB/45MB, paused 361us total 39.343ms
08-05 22:44:23.949  6590  7013 I art     : Starting a blocking GC Explicit
08-05 22:44:23.960  6590  6590 I chromium: [INFO:CONSOLE(1)] "
08-05 22:44:23.960  6590  6590 I chromium:                   ,d"=,.,qOp,
08-05 22:44:23.960  6590  6590 I chromium:                  ,7'  ''$(  )
08-05 22:44:23.960  6590  6590 I chromium:                 ,7'      '?q$7'
08-05 22:44:23.960  6590  6590 I chromium:              ..,$$,.
08-05 22:44:23.960  6590  6590 I chromium:    ,.  .,,--***""***--,,.  .,
08-05 22:44:23.960  6590  6590 I chromium:     ,p''              ''q,   
08-05 22:44:23.960  6590  6590 I chromium: :  ,7'                      '7,  :
08-05 22:44:23.960  6590  6590 I chromium:  ' $      ,db,      ,db,      $ '
08-05 22:44:23.960  6590  6590 I chromium:   '$      $$      $$      $'    Using Reddit at work? Work for Reddit.
08-05 22:44:23.960  6590  6590 I chromium:   '$                          $'        https://www.reddit.com/jobs
08-05 22:44:23.960  6590  6590 I chromium:    '$.     .,        ,.     .$'
08-05 22:44:23.960  6590  6590 I chromium:     'b,     ''     ,d'
08-05 22:44:23.960  6590  6590 I chromium:      '?bn,,          ,,nd?'
08-05 22:44:23.960  6590  6590 I chromium:        ,7$ '''' $7,
08-05 22:44:23.960  6590  6590 I chromium:      , $              $ ,
08-05 22:44:23.960  6590  6590 I chromium:      $  :$              $:  $
08-05 22:44:23.960  6590  6590 I chromium:      $   $              $   $
08-05 22:44:23.960  6590  6590 I chromium:      'b  q:            :p  d'
08-05 22:44:23.960  6590  6590 I chromium:       '?$.          .$?'
08-05 22:44:23.960  6590  6590 I chromium:          'b            d'
08-05 22:44:23.960  6590  6590 I chromium:        ,'?,.      .,?',
08-05 22:44:23.960  6590  6590 I chromium:       ==--==--==--==
08-05 22:44:23.960  6590  6590 I chromium: ", source: https://www.redditstatic.com/desktop2x/Chat~Governance~Reddit.2ea93b134a9b2e5b1d9a.js (1)
08-05 22:44:23.990  6590  7013 I art     : Explicit concurrent mark sweep GC freed 72(4KB) AllocSpace objects, 0(0B) LOS objects, 35% free, 29MB/45MB, paused 511us total 40.750ms
08-05 22:44:24.004  6590  7013 I art     : Starting a blocking GC Explicit
08-05 22:44:24.043  6590  7013 I art     : Explicit concurrent mark sweep GC freed 11(352B) AllocSpace objects, 0(0B) LOS objects, 35% free, 29MB/45MB, paused 396us total 38.662ms
08-05 22:44:24.058  6590  7013 I art     : Starting a blocking GC Explicit
08-05 22:44:24.096  6590  7013 I art     : Explicit concurrent mark sweep GC freed 9(288B) AllocSpace objects, 0(0B) LOS objects, 35% free, 29MB/45MB, paused 359us total 38.209ms
08-05 22:44:24.112  6590  7013 I art     : Starting a blocking GC Explicit
08-05 22:44:24.150  6590  7013 I art     : Explicit concurrent mark sweep GC freed 9(288B) AllocSpace objects, 0(0B) LOS objects, 35% free, 29MB/45MB, paused 478us total 37.990ms
08-05 22:44:24.508  6590  7013 I art     : Starting a blocking GC Explicit
08-05 22:44:24.553  6590  7013 I art     : Explicit concurrent mark sweep GC freed 1443(85KB) AllocSpace objects, 1(20KB) LOS objects, 35% free, 29MB/45MB, paused 521us total 44.099ms
08-05 22:44:24.571  6590  7013 I art     : Starting a blocking GC Explicit
08-05 22:44:24.607  6590  7013 I art     : Explicit concurrent mark sweep GC freed 22(768B) AllocSpace objects, 0(0B) LOS objects, 35% free, 29MB/45MB, paused 380us total 35.622ms
08-05 22:44:24.620  6590  7013 I art     : Starting a blocking GC Explicit
08-05 22:44:24.654  6590  7013 I art     : Explicit concurrent mark sweep GC freed 3(96B) AllocSpace objects, 0(0B) LOS objects, 35% free, 29MB/45MB, paused 383us total 33.801ms
08-05 22:44:24.668  6590  7013 I art     : Starting a blocking GC Explicit
08-05 22:44:24.701  6590  7013 I art     : Explicit concurrent mark sweep GC freed 3(96B) AllocSpace objects, 0(0B) LOS objects, 35% free, 29MB/45MB, paused 405us total 33.417ms
08-05 22:44:24.715  6590  7013 I art     : Starting a blocking GC Explicit
08-05 22:44:24.749  6590  7013 I art     : Explicit concurrent mark sweep GC freed 3(96B) AllocSpace objects, 0(0B) LOS objects, 35% free, 29MB/45MB, paused 387us total 33.667ms
08-05 22:44:24.775   518   646 I ThermalEngine: ACTION: GPU - Setting GPU[0] to 450000000
08-05 22:44:25.132  6590  6602 I art     : Starting a blocking GC Explicit
08-05 22:44:25.180  6590  6602 I art     : Explicit concurrent mark sweep GC freed 1566(94KB) AllocSpace objects, 1(20KB) LOS objects, 35% free, 29MB/45MB, paused 466us total 47.020ms
08-05 22:44:25.197  6590  6602 I art     : Starting a blocking GC Explicit
08-05 22:44:25.244  6590  6602 I art     : Explicit concurrent mark sweep GC freed 20(704B) AllocSpace objects, 0(0B) LOS objects, 35% free, 29MB/45MB, paused 480us total 46.696ms
08-05 22:44:25.262  6590  6602 I art     : Starting a blocking GC Explicit
08-05 22:44:25.308  6590  6602 I art     : Explicit concurrent mark sweep GC freed 3(96B) AllocSpace objects, 0(0B) LOS objects, 35% free, 29MB/45MB, paused 514us total 45.883ms
08-05 22:44:25.327  6590  6602 I art     : Starting a blocking GC Explicit
08-05 22:44:25.377  6590  6602 I art     : Explicit concurrent mark sweep GC freed 7(208B) AllocSpace objects, 0(0B) LOS objects, 35% free, 29MB/45MB, paused 613us total 50.328ms
08-05 22:44:25.395  6590  6602 I art     : Starting a blocking GC Explicit
08-05 22:44:25.444  6590  6602 I art     : Explicit concurrent mark sweep GC freed 12(2528B) AllocSpace objects, 0(0B) LOS objects, 35% free, 29MB/45MB, paused 603us total 48.809ms
08-05 22:44:25.823  6590  7013 I art     : Starting a blocking GC Explicit
08-05 22:44:25.879  6590  7013 I art     : Explicit concurrent mark sweep GC freed 1402(85KB) AllocSpace objects, 1(20KB) LOS objects, 35% free, 29MB/45MB, paused 492us total 55.751ms
08-05 22:44:25.898  6590  7013 I art     : Starting a blocking GC Explicit
08-05 22:44:25.947  6590  7013 I art     : Explicit concurrent mark sweep GC freed 20(704B) AllocSpace objects, 0(0B) LOS objects, 35% free, 29MB/45MB, paused 686us total 48.678ms
08-05 22:44:25.966  6590  7013 I art     : Starting a blocking GC Explicit
08-05 22:44:26.013  6590  7013 I art     : Explicit concurrent mark sweep GC freed 3(96B) AllocSpace objects, 0(0B) LOS objects, 35% free, 29MB/45MB, paused 541us total 46.401ms
08-05 22:44:26.032  6590  7013 I art     : Starting a blocking GC Explicit
08-05 22:44:26.084  6590  7013 I art     : Explicit concurrent mark sweep GC freed 3(96B) AllocSpace objects, 0(0B) LOS objects, 35% free, 29MB/45MB, paused 532us total 51.722ms
08-05 22:44:26.103  6590  7013 I art     : Starting a blocking GC Explicit
08-05 22:44:26.151  6590  7013 I art     : Explicit concurrent mark sweep GC freed 3(96B) AllocSpace objects, 0(0B) LOS objects, 35% free, 29MB/45MB, paused 496us total 47.384ms
08-05 22:44:26.533  6590  7013 I art     : Starting a blocking GC Explicit
08-05 22:44:26.589  6590  7013 I art     : Explicit concurrent mark sweep GC freed 1356(82KB) AllocSpace objects, 1(20KB) LOS objects, 35% free, 29MB/45MB, paused 551us total 55.548ms
08-05 22:44:26.608  6590  7013 I art     : Starting a blocking GC Explicit
08-05 22:44:26.657  6590  7013 I art     : Explicit concurrent mark sweep GC freed 20(704B) AllocSpace objects, 0(0B) LOS objects, 35% free, 29MB/45MB, paused 565us total 48.809ms
08-05 22:44:26.681  6590  7013 I art     : Starting a blocking GC Explicit
08-05 22:44:26.730  6590  7013 I art     : Explicit concurrent mark sweep GC freed 3(96B) AllocSpace objects, 0(0B) LOS objects, 35% free, 29MB/45MB, paused 500us total 48.778ms
08-05 22:44:26.749  6590  7013 I art     : Starting a blocking GC Explicit
08-05 22:44:26.801  6590  7013 I art     : Explicit concurrent mark sweep GC freed 3(96B) AllocSpace objects, 0(0B) LOS objects, 35% free, 29MB/45MB, paused 489us total 51.276ms
08-05 22:44:26.820  6590  7013 I art     : Starting a blocking GC Explicit
08-05 22:44:26.871  6590  7013 I art     : Explicit concurrent mark sweep GC freed 3(96B) AllocSpace objects, 0(0B) LOS objects, 35% free, 29MB/45MB, paused 579us total 50.190ms
08-05 22:44:27.239  6590  7013 I art     : Starting a blocking GC Explicit
08-05 22:44:27.303  6590  7013 I art     : Explicit concurrent mark sweep GC freed 1355(82KB) AllocSpace objects, 1(20KB) LOS objects, 35% free, 29MB/45MB, paused 608us total 63.782ms
08-05 22:44:27.326  6590  7013 I art     : Starting a blocking GC Explicit
08-05 22:44:27.357  9109  9109 D AndroidRuntime: >>>>>> START com.android.internal.os.RuntimeInit uid 2000 <<<<<<
08-05 22:44:27.364  9109  9109 D AndroidRuntime: CheckJNI is OFF
08-05 22:44:27.382  6590  7013 I art     : Explicit concurrent mark sweep GC freed 20(704B) AllocSpace objects, 0(0B) LOS objects, 35% free, 29MB/45MB, paused 798us total 55.806ms
08-05 22:44:27.400  6590  7013 I art     : Starting a blocking GC Explicit
08-05 22:44:27.410  9109  9109 D ICU     : No timezone override file found: /data/misc/zoneinfo/current/icu/icu_tzdata.dat
08-05 22:44:27.445  6590  7013 I art     : Explicit concurrent mark sweep GC freed 3(96B) AllocSpace objects, 0(0B) LOS objects, 35% free, 29MB/45MB, paused 623us total 45.440ms
08-05 22:44:27.452  9109  9109 I Radio-JNI: register_android_hardware_Radio DONE
08-05 22:44:27.466  6590  7013 I art     : Starting a blocking GC Explicit
08-05 22:44:27.485  9109  9109 D AndroidRuntime: Calling main entry com.android.commands.input.Input
08-05 22:44:27.487  9109  9109 I Input   : injectKeyEvent: KeyEvent { action=ACTION_DOWN, keyCode=KEYCODE_BACK, scanCode=0, metaState=0, flags=0x0, repeatCount=0, eventTime=830683899, downTime=830683899, deviceId=-1, source=0x101 }
08-05 22:44:27.493  9109  9109 I Input   : injectKeyEvent: KeyEvent { action=ACTION_UP, keyCode=KEYCODE_BACK, scanCode=0, metaState=0, flags=0x0, repeatCount=0, eventTime=830683899, downTime=830683899, deviceId=-1, source=0x101 }
08-05 22:44:27.499  9109  9109 D AndroidRuntime: Shutting down VM
08-05 22:44:27.509  6590  7013 I art     : Explicit concurrent mark sweep GC freed 36(1120B) AllocSpace objects, 0(0B) LOS objects, 35% free, 29MB/45MB, paused 613us total 42.913ms
08-05 22:44:27.526  6590  7013 I art     : Starting a blocking GC Explicit
08-05 22:44:27.536 13866 13866 I GoogleInputMethodServic: GoogleInputMethodService.onFinishInput():3138 
08-05 22:44:27.536 13866 13866 I GoogleInputMethodServic: GoogleInputMethodService.onStartInput():1808 
08-05 22:44:27.568  6590  7013 I art     : Explicit concurrent mark sweep GC freed 206(7KB) AllocSpace objects, 0(0B) LOS objects, 35% free, 29MB/45MB, paused 1.045ms total 41.802ms
08-05 22:44:27.604  6590  9035 I RedditChangeDataIO: Writing tmp data file at '/data/user/0/baseline.org.quantumbadger.redreader/files/rr_change_data_tmp.dat'
08-05 22:44:27.604  6590  9035 I RedditChangeDataManager: Taking snapshot...
08-05 22:44:27.605  6590  9035 I RedditChangeDataManager: Writing to stream...
08-05 22:44:27.605  6590  9035 I RedditChangeDataManager: Wrote 5 entries for user ''
08-05 22:44:27.605  6590  9035 I RedditChangeDataManager: All entries written to stream.
08-05 22:44:27.605  6590  9035 I RedditChangeDataIO: Write successful. Atomically replacing data file...
08-05 22:44:27.605  6590  9035 I RedditChangeDataIO: Write complete.
08-05 22:44:27.605  6590  9035 I RedditChangeDataIO: 134 bytes written in 1 ms
08-05 22:44:27.844   380   380 W SurfaceFlinger: couldn't log to binary event log: overflow.
08-05 22:44:27.889   918  3263 D ConnectivityService: releasing NetworkRequest NetworkRequest [ id=3589, legacyType=-1, [ Capabilities: INTERNET&NOT_RESTRICTED&TRUSTED] ]
08-05 22:44:27.927  6590  6614 I art     : Starting a blocking GC Explicit
08-05 22:44:27.970  6590  6614 I art     : Explicit concurrent mark sweep GC freed 2420(133KB) AllocSpace objects, 2(88KB) LOS objects, 35% free, 29MB/45MB, paused 461us total 42.810ms
08-05 22:44:27.988  6590  6614 I art     : Starting a blocking GC Explicit
08-05 22:44:28.028  6590  6614 I art     : Explicit concurrent mark sweep GC freed 2117(124KB) AllocSpace objects, 1(28KB) LOS objects, 35% free, 29MB/45MB, paused 492us total 40.095ms
08-05 22:44:28.045  6590  6614 I art     : Starting a blocking GC Explicit
08-05 22:44:28.088  6590  6614 I art     : Explicit concurrent mark sweep GC freed 3(96B) AllocSpace objects, 0(0B) LOS objects, 35% free, 29MB/45MB, paused 455us total 42.813ms
08-05 22:44:28.106  6590  6614 I art     : Starting a blocking GC Explicit
08-05 22:44:28.152  6590  6614 I art     : Explicit concurrent mark sweep GC freed 3(96B) AllocSpace objects, 0(0B) LOS objects, 35% free, 29MB/45MB, paused 454us total 45.406ms
08-05 22:44:28.170  6590  6614 I art     : Starting a blocking GC Explicit
08-05 22:44:28.216  6590  6614 I art     : Explicit concurrent mark sweep GC freed 3(96B) AllocSpace objects, 0(0B) LOS objects, 35% free, 29MB/45MB, paused 505us total 45.754ms
08-05 22:44:28.573  6590  6602 I art     : Starting a blocking GC Explicit
08-05 22:44:28.637  6590  6602 I art     : Explicit concurrent mark sweep GC freed 1356(82KB) AllocSpace objects, 1(20KB) LOS objects, 35% free, 29MB/45MB, paused 545us total 64.316ms
08-05 22:44:28.658  6590  6602 I art     : Starting a blocking GC Explicit
08-05 22:44:28.706  6590  6602 I art     : Explicit concurrent mark sweep GC freed 20(704B) AllocSpace objects, 0(0B) LOS objects, 35% free, 29MB/45MB, paused 511us total 47.121ms
08-05 22:44:28.725  6590  6602 I art     : Starting a blocking GC Explicit
08-05 22:44:28.769  6590  6602 I art     : Explicit concurrent mark sweep GC freed 3(96B) AllocSpace objects, 0(0B) LOS objects, 35% free, 29MB/45MB, paused 490us total 44.160ms
08-05 22:44:28.787  6590  6602 I art     : Starting a blocking GC Explicit
08-05 22:44:28.831  6590  6602 I art     : Explicit concurrent mark sweep GC freed 3(96B) AllocSpace objects, 0(0B) LOS objects, 35% free, 29MB/45MB, paused 513us total 43.637ms
08-05 22:44:28.849  6590  6602 I art     : Starting a blocking GC Explicit
08-05 22:44:28.894  6590  6602 I art     : Explicit concurrent mark sweep GC freed 3(96B) AllocSpace objects, 0(0B) LOS objects, 35% free, 29MB/45MB, paused 498us total 44.339ms
08-05 22:44:29.226  6590  7013 I art     : Starting a blocking GC Explicit
08-05 22:44:29.280  6590  7013 I art     : Explicit concurrent mark sweep GC freed 1354(82KB) AllocSpace objects, 1(20KB) LOS objects, 35% free, 29MB/45MB, paused 529us total 54.110ms
08-05 22:44:29.296  9152  9152 D AndroidRuntime: >>>>>> START com.android.internal.os.RuntimeInit uid 2000 <<<<<<
08-05 22:44:29.300  6590  7013 I art     : Starting a blocking GC Explicit
08-05 22:44:29.302  9152  9152 D AndroidRuntime: CheckJNI is OFF
08-05 22:44:29.347  9152  9152 D ICU     : No timezone override file found: /data/misc/zoneinfo/current/icu/icu_tzdata.dat
08-05 22:44:29.347  6590  7013 I art     : Explicit concurrent mark sweep GC freed 20(704B) AllocSpace objects, 0(0B) LOS objects, 35% free, 29MB/45MB, paused 580us total 47.202ms
08-05 22:44:29.366  6590  7013 I art     : Starting a blocking GC Explicit
08-05 22:44:29.394  9152  9152 I Radio-JNI: register_android_hardware_Radio DONE
08-05 22:44:29.411  6590  7013 I art     : Explicit concurrent mark sweep GC freed 3(96B) AllocSpace objects, 0(0B) LOS objects, 35% free, 29MB/45MB, paused 490us total 44.361ms
08-05 22:44:29.424  9152  9152 D AndroidRuntime: Calling main entry com.android.commands.input.Input
08-05 22:44:29.427  9152  9152 I Input   : injectKeyEvent: KeyEvent { action=ACTION_DOWN, keyCode=KEYCODE_BACK, scanCode=0, metaState=0, flags=0x0, repeatCount=0, eventTime=830685839, downTime=830685839, deviceId=-1, source=0x101 }
08-05 22:44:29.429  6590  7013 I art     : Starting a blocking GC Explicit
08-05 22:44:29.433  9152  9152 I Input   : injectKeyEvent: KeyEvent { action=ACTION_UP, keyCode=KEYCODE_BACK, scanCode=0, metaState=0, flags=0x0, repeatCount=0, eventTime=830685839, downTime=830685839, deviceId=-1, source=0x101 }
08-05 22:44:29.439  9152  9152 D AndroidRuntime: Shutting down VM
08-05 22:44:29.472  6590  7013 I art     : Explicit concurrent mark sweep GC freed 113(3KB) AllocSpace objects, 0(0B) LOS objects, 35% free, 29MB/45MB, paused 482us total 42.675ms
08-05 22:44:29.483 13866 13866 I GoogleInputMethodServic: GoogleInputMethodService.onFinishInput():3138 
08-05 22:44:29.483 13866 13866 I GoogleInputMethodServic: GoogleInputMethodService.onStartInput():1808 
08-05 22:44:29.490  6590  7013 I art     : Starting a blocking GC Explicit
08-05 22:44:29.533  6590  7013 I art     : Explicit concurrent mark sweep GC freed 54(1920B) AllocSpace objects, 0(0B) LOS objects, 35% free, 29MB/45MB, paused 536us total 43.117ms
08-05 22:44:29.857  6590  6603 I art     : Starting a blocking GC Explicit
08-05 22:44:29.906  6590  6603 I art     : Explicit concurrent mark sweep GC freed 1435(85KB) AllocSpace objects, 1(20KB) LOS objects, 35% free, 29MB/45MB, paused 533us total 48.009ms
08-05 22:44:29.926  6590  6603 I art     : Starting a blocking GC Explicit
08-05 22:44:29.974  6590  6603 I art     : Explicit concurrent mark sweep GC freed 150(7KB) AllocSpace objects, 0(0B) LOS objects, 35% free, 29MB/45MB, paused 531us total 47.637ms
08-05 22:44:29.993  6590  6603 I art     : Starting a blocking GC Explicit
08-05 22:44:30.041  6590  6603 I art     : Explicit concurrent mark sweep GC freed 3(96B) AllocSpace objects, 0(0B) LOS objects, 35% free, 29MB/45MB, paused 533us total 47.650ms
08-05 22:44:30.060  6590  6603 I art     : Starting a blocking GC Explicit
08-05 22:44:30.108  6590  6603 I art     : Explicit concurrent mark sweep GC freed 3(96B) AllocSpace objects, 0(0B) LOS objects, 35% free, 29MB/45MB, paused 534us total 47.832ms
08-05 22:44:30.127  6590  6603 I art     : Starting a blocking GC Explicit
08-05 22:44:30.174  6590  6603 I art     : Explicit concurrent mark sweep GC freed 3(96B) AllocSpace objects, 0(0B) LOS objects, 35% free, 29MB/45MB, paused 540us total 46.528ms
08-05 22:44:30.514  6590  6614 I art     : Starting a blocking GC Explicit
08-05 22:44:30.572  6590  6614 I art     : Explicit concurrent mark sweep GC freed 1354(82KB) AllocSpace objects, 1(20KB) LOS objects, 35% free, 29MB/45MB, paused 613us total 57.410ms
08-05 22:44:30.593  6590  6614 I art     : Starting a blocking GC Explicit
08-05 22:44:30.640  6590  6614 I art     : Explicit concurrent mark sweep GC freed 20(704B) AllocSpace objects, 0(0B) LOS objects, 35% free, 29MB/45MB, paused 534us total 47.180ms
08-05 22:44:30.659  6590  6614 I art     : Starting a blocking GC Explicit
08-05 22:44:30.705  6590  6614 I art     : Explicit concurrent mark sweep GC freed 3(96B) AllocSpace objects, 0(0B) LOS objects, 35% free, 29MB/45MB, paused 553us total 45.480ms
08-05 22:44:30.724  6590  6614 I art     : Starting a blocking GC Explicit
08-05 22:44:30.769  6590  6614 I art     : Explicit concurrent mark sweep GC freed 3(96B) AllocSpace objects, 0(0B) LOS objects, 35% free, 29MB/45MB, paused 563us total 44.892ms
08-05 22:44:30.787  6590  6614 I art     : Starting a blocking GC Explicit
08-05 22:44:30.833  6590  6614 I art     : Explicit concurrent mark sweep GC freed 3(96B) AllocSpace objects, 0(0B) LOS objects, 35% free, 29MB/45MB, paused 514us total 45.124ms
08-05 22:44:31.183  6590  6602 I art     : Starting a blocking GC Explicit
08-05 22:44:31.224  9196  9196 D AndroidRuntime: >>>>>> START com.android.internal.os.RuntimeInit uid 2000 <<<<<<
08-05 22:44:31.229  9196  9196 D AndroidRuntime: CheckJNI is OFF
08-05 22:44:31.237  6590  6602 I art     : Explicit concurrent mark sweep GC freed 1354(82KB) AllocSpace objects, 1(20KB) LOS objects, 35% free, 29MB/45MB, paused 870us total 53.644ms
08-05 22:44:31.259  6590  6602 I art     : Starting a blocking GC Explicit
08-05 22:44:31.270  9196  9196 D ICU     : No timezone override file found: /data/misc/zoneinfo/current/icu/icu_tzdata.dat
08-05 22:44:31.306  6590  6602 I art     : Explicit concurrent mark sweep GC freed 20(704B) AllocSpace objects, 0(0B) LOS objects, 35% free, 29MB/45MB, paused 492us total 46.179ms
08-05 22:44:31.310  9196  9196 I Radio-JNI: register_android_hardware_Radio DONE
08-05 22:44:31.323  6590  6602 I art     : Starting a blocking GC Explicit
08-05 22:44:31.336  9196  9196 D AndroidRuntime: Calling main entry com.android.commands.input.Input
08-05 22:44:31.338  9196  9196 I Input   : injectMotionEvent: MotionEvent { action=ACTION_DOWN, actionButton=0, id[0]=0, x[0]=600.0, y[0]=1000.0, toolType[0]=TOOL_TYPE_UNKNOWN, buttonState=0, metaState=0, flags=0x0, edgeFlags=0x0, pointerCount=1, historySize=0, eventTime=830687751, downTime=830687751, deviceId=0, source=0x1002 }
08-05 22:44:31.342  9196  9196 I Input   : injectMotionEvent: MotionEvent { action=ACTION_UP, actionButton=0, id[0]=0, x[0]=600.0, y[0]=1000.0, toolType[0]=TOOL_TYPE_UNKNOWN, buttonState=0, metaState=0, flags=0x0, edgeFlags=0x0, pointerCount=1, historySize=0, eventTime=830687751, downTime=830687751, deviceId=0, source=0x1002 }
08-05 22:44:31.344  9196  9196 D AndroidRuntime: Shutting down VM
08-05 22:44:31.350   512  2967 D audio_hw_primary: out_set_parameters: enter: usecase(1: low-latency-playback) kvpairs: routing=2
08-05 22:44:31.352   918  6111 I ActivityManager: START u0 {dat=https://oauth.reddit.com/... cmp=baseline.org.quantumbadger.redreader/.activities.PostListingActivity} from uid 10705 on display 0
08-05 22:44:31.364   512  2967 D audio_hw_primary: select_devices: out_snd_device(2: speaker) in_snd_device(0: none)
08-05 22:44:31.364   512  2967 D msm8974_platform: platform_send_audio_calibration: sending audio calibration for snd_device(2) acdb_id(15)
08-05 22:44:31.364   512  2967 I soundtrigger: audio_extn_sound_trigger_update_device_status: device 0x2 of type 0 for Event 1
08-05 22:44:31.371  6590  6602 I art     : Explicit concurrent mark sweep GC freed 83(2896B) AllocSpace objects, 0(0B) LOS objects, 35% free, 29MB/45MB, paused 987us total 47.218ms
08-05 22:44:31.375   512  2967 D audio_hw_primary: enable_snd_device: snd_device(2: speaker)
08-05 22:44:31.377   512  2967 D audio_hw_primary: enable_audio_route: apply and update mixer path: low-latency-playback speaker
08-05 22:44:31.378  6590  6590 I AppCompatViewInflater: app:theme is now deprecated. Please move to using android:theme instead.
08-05 22:44:31.390  6590  6602 I art     : Starting a blocking GC Explicit
08-05 22:44:31.404  6590  9220 D OK      : calling: https://oauth.reddit.com/r/announcements/about.json
08-05 22:44:31.432  6590  6602 I art     : Explicit concurrent mark sweep GC freed 871(76KB) AllocSpace objects, 0(0B) LOS objects, 35% free, 29MB/45MB, paused 588us total 42.470ms
08-05 22:44:31.450  6590  6602 I art     : Starting a blocking GC Explicit
08-05 22:44:31.461   918   936 I ActivityManager: Displayed baseline.org.quantumbadger.redreader/.activities.PostListingActivity: +99ms
08-05 22:44:31.461 13866 13866 I GoogleInputMethodServic: GoogleInputMethodService.onFinishInput():3138 
08-05 22:44:31.461 13866 13866 I GoogleInputMethodServic: GoogleInputMethodService.onStartInput():1808 
08-05 22:44:31.495  6590  6602 I art     : Explicit concurrent mark sweep GC freed 950(38KB) AllocSpace objects, 0(0B) LOS objects, 35% free, 29MB/45MB, paused 616us total 45.209ms
08-05 22:44:31.727   380   380 W SurfaceFlinger: couldn't log to binary event log: overflow.
08-05 22:44:31.775  6590  9220 I NAPPA_EXPERIMENTATION: MetricNetworkRequestExecutionTime: REQUEST_DURATION_SYSTEM='371',REQUEST_DURATION_OKHTTP='149',REQUEST_SYNCHRONOUS='TRUE',RESPONSE_CODE='200',RESPONSE_METHOD='GET',RESPONSE_LENGTH_OKHTTP='-1',RESPONSE_LENGTH_HEADER='1564',REQUEST_PROTOCOL='h2',REQUEST_URL='https://oauth.reddit.com/r/announcements/about.json',
08-05 22:44:31.775  6590  9220 D OK      : request got status: 200
08-05 22:44:31.818  6590  6602 I art     : Starting a blocking GC Explicit
08-05 22:44:31.868  6590  6602 I art     : Explicit concurrent mark sweep GC freed 4970(324KB) AllocSpace objects, 3(156KB) LOS objects, 35% free, 29MB/45MB, paused 597us total 49.448ms
08-05 22:44:31.886  6590  6602 I art     : Starting a blocking GC Explicit
08-05 22:44:31.920   512  2967 D audio_hw_primary: disable_audio_route: reset and update mixer path: low-latency-playback speaker
08-05 22:44:31.922   512  2967 D audio_hw_primary: disable_snd_device: snd_device(2: speaker)
08-05 22:44:31.930   512  2967 I soundtrigger: audio_extn_sound_trigger_update_device_status: device 0x2 of type 0 for Event 0
08-05 22:44:31.933  6590  6602 I art     : Explicit concurrent mark sweep GC freed 261(13KB) AllocSpace objects, 0(0B) LOS objects, 35% free, 29MB/45MB, paused 513us total 46.333ms
08-05 22:44:31.951  6590  6602 I art     : Starting a blocking GC Explicit
08-05 22:44:31.997  6590  6602 I art     : Explicit concurrent mark sweep GC freed 3(96B) AllocSpace objects, 0(0B) LOS objects, 35% free, 29MB/45MB, paused 700us total 45.851ms
08-05 22:44:32.016  6590  6602 I art     : Starting a blocking GC Explicit
08-05 22:44:32.062  6590  6602 I art     : Explicit concurrent mark sweep GC freed 3(96B) AllocSpace objects, 0(0B) LOS objects, 35% free, 29MB/45MB, paused 552us total 45.822ms
08-05 22:44:32.081  6590  6602 I art     : Starting a blocking GC Explicit
08-05 22:44:32.126  6590  6602 I art     : Explicit concurrent mark sweep GC freed 38(1568B) AllocSpace objects, 0(0B) LOS objects, 35% free, 29MB/45MB, paused 562us total 44.519ms
08-05 22:44:32.311   918  3261 D WifiStateMachine: starting scan for "H369AA63323"WPA_PSK with 2412,5180
08-05 22:44:32.463  6590  6603 I art     : Starting a blocking GC Explicit
08-05 22:44:32.512  6590  6603 I art     : Explicit concurrent mark sweep GC freed 1378(83KB) AllocSpace objects, 1(20KB) LOS objects, 35% free, 29MB/45MB, paused 586us total 49.078ms
08-05 22:44:32.531  6590  6603 I art     : Starting a blocking GC Explicit
08-05 22:44:32.577  6590  6603 I art     : Explicit concurrent mark sweep GC freed 20(704B) AllocSpace objects, 0(0B) LOS objects, 35% free, 29MB/45MB, paused 659us total 45.813ms
08-05 22:44:32.596  6590  6603 I art     : Starting a blocking GC Explicit
08-05 22:44:32.603  6590  9244 D OK      : calling: https://oauth.reddit.com/r/announcements/hot/.json
08-05 22:44:32.642  6590  6603 I art     : Explicit concurrent mark sweep GC freed 95(3KB) AllocSpace objects, 0(0B) LOS objects, 35% free, 29MB/45MB, paused 617us total 45.857ms
08-05 22:44:32.660  6590  6603 I art     : Starting a blocking GC Explicit
08-05 22:44:32.707  6590  6603 I art     : Explicit concurrent mark sweep GC freed 9(352B) AllocSpace objects, 0(0B) LOS objects, 35% free, 29MB/45MB, paused 629us total 46.244ms
08-05 22:44:32.726  6590  6603 I art     : Starting a blocking GC Explicit
08-05 22:44:32.773  6590  6603 I art     : Explicit concurrent mark sweep GC freed 115(11KB) AllocSpace objects, 0(0B) LOS objects, 35% free, 29MB/45MB, paused 861us total 47.250ms
08-05 22:44:32.774  6590  9244 I NAPPA_EXPERIMENTATION: MetricNetworkRequestExecutionTime: REQUEST_DURATION_SYSTEM='170',REQUEST_DURATION_OKHTTP='165',REQUEST_SYNCHRONOUS='TRUE',RESPONSE_CODE='200',RESPONSE_METHOD='GET',RESPONSE_LENGTH_OKHTTP='-1',RESPONSE_LENGTH_HEADER='142016',REQUEST_PROTOCOL='h2',REQUEST_URL='https://oauth.reddit.com/r/announcements/hot/.json',
08-05 22:44:32.775  6590  9244 D OK      : request got status: 200
08-05 22:44:32.785  6590  7176 I PostListingFragment: Precaching images: OFF
08-05 22:44:32.785  6590  7176 I PostListingFragment: Precaching comments: OFF
08-05 22:44:33.088  6590  6602 I art     : Starting a blocking GC Explicit
08-05 22:44:33.157  6590  6602 I art     : Explicit concurrent mark sweep GC freed 16805(1060KB) AllocSpace objects, 25(1452KB) LOS objects, 31% free, 34MB/50MB, paused 768us total 69.019ms
08-05 22:44:33.178  6590  6602 I art     : Starting a blocking GC Explicit
08-05 22:44:33.239  6590  6602 I art     : Explicit concurrent mark sweep GC freed 6158(373KB) AllocSpace objects, 12(532KB) LOS objects, 31% free, 34MB/50MB, paused 750us total 60.836ms
08-05 22:44:33.261  6590  6602 I art     : Starting a blocking GC Explicit
08-05 22:44:33.314  6590  6602 I art     : Explicit concurrent mark sweep GC freed 59791(2MB) AllocSpace objects, 8(152KB) LOS objects, 33% free, 31MB/47MB, paused 823us total 52.737ms
08-05 22:44:33.332  6590  6602 I art     : Starting a blocking GC Explicit
08-05 22:44:33.378  6590  6602 I art     : Explicit concurrent mark sweep GC freed 998(46KB) AllocSpace objects, 0(0B) LOS objects, 33% free, 31MB/47MB, paused 1.324ms total 45.949ms
08-05 22:44:33.380  6590  6590 W RecyclerView: Cannot call this method in a scroll callback. Scroll callbacks mightbe run during a measure & layout pass where you cannot change theRecyclerView data. Any method call that might change the structureof the RecyclerView or the adapter contents should be postponed tothe next frame.
08-05 22:44:33.380  6590  6590 W RecyclerView: java.lang.IllegalStateException:  androidx.recyclerview.widget.RecyclerView{9a22b8c VFED..... .F....ID 0,0-1440,2140 #7f0900ef app:id/scrollbar_recyclerview_recyclerview}, adapter:baseline.org.quantumbadger.redreader.adapters.GroupedRecyclerViewAdapter@d9962d5, layout:androidx.recyclerview.widget.LinearLayoutManager@c2a2aea, context:baseline.org.quantumbadger.redreader.activities.PostListingActivity@63d8b75
08-05 22:44:33.380  6590  6590 W RecyclerView: 	at androidx.recyclerview.widget.RecyclerView.assertNotInLayoutOrScroll(RecyclerView.java:3061)
08-05 22:44:33.380  6590  6590 W RecyclerView: 	at androidx.recyclerview.widget.RecyclerView$RecyclerViewDataObserver.onItemRangeInserted(RecyclerView.java:5555)
08-05 22:44:33.380  6590  6590 W RecyclerView: 	at androidx.recyclerview.widget.RecyclerView$AdapterDataObservable.notifyItemRangeInserted(RecyclerView.java:12278)
08-05 22:44:33.380  6590  6590 W RecyclerView: 	at androidx.recyclerview.widget.RecyclerView$Adapter.notifyItemInserted(RecyclerView.java:7464)
08-05 22:44:33.380  6590  6590 W RecyclerView: 	at baseline.org.quantumbadger.redreader.adapters.GroupedRecyclerViewAdapter.updateHiddenStatus(GroupedRecyclerViewAdapter.java:279)
08-05 22:44:33.380  6590  6590 W RecyclerView: 	at baseline.org.quantumbadger.redreader.adapters.RedditListingManager.setLoadingVisible(RedditListingManager.java:125)
08-05 22:44:33.380  6590  6590 W RecyclerView: 	at baseline.org.quantumbadger.redreader.fragments.PostListingFragment.onLoadMoreItemsCheck(PostListingFragment.java:465)
08-05 22:44:33.380  6590  6590 W RecyclerView: 	at baseline.org.quantumbadger.redreader.fragments.PostListingFragment.access$000(PostListingFragment.java:98)
08-05 22:44:33.380  6590  6590 W RecyclerView: 	at baseline.org.quantumbadger.redreader.fragments.PostListingFragment$2.onScrolled(PostListingFragment.java:215)
08-05 22:44:33.380  6590  6590 W RecyclerView: 	at androidx.recyclerview.widget.RecyclerView.dispatchOnScrolled(RecyclerView.java:5173)
08-05 22:44:33.380  6590  6590 W RecyclerView: 	at androidx.recyclerview.widget.RecyclerView.dispatchLayoutStep3(RecyclerView.java:4231)
08-05 22:44:33.380  6590  6590 W RecyclerView: 	at androidx.recyclerview.widget.RecyclerView.dispatchLayout(RecyclerView.java:3862)
08-05 22:44:33.380  6590  6590 W RecyclerView: 	at androidx.recyclerview.widget.RecyclerView.consumePendingUpdateOperations(RecyclerView.java:1897)
08-05 22:44:33.380  6590  6590 W RecyclerView: 	at androidx.recyclerview.widget.RecyclerView$1.run(RecyclerView.java:414)
08-05 22:44:33.380  6590  6590 W RecyclerView: 	at android.view.Choreographer$CallbackRecord.run(Choreographer.java:858)
08-05 22:44:33.380  6590  6590 W RecyclerView: 	at android.view.Choreographer.doCallbacks(Choreographer.java:670)
08-05 22:44:33.380  6590  6590 W RecyclerView: 	at android.view.Choreographer.doFrame(Choreographer.java:603)
08-05 22:44:33.380  6590  6590 W RecyclerView: 	at android.view.Choreographer$FrameDisplayEventReceiver.run(Choreographer.java:844)
08-05 22:44:33.380  6590  6590 W RecyclerView: 	at android.os.Handler.handleCallback(Handler.java:739)
08-05 22:44:33.380  6590  6590 W RecyclerView: 	at android.os.Handler.dispatchMessage(Handler.java:95)
08-05 22:44:33.380  6590  6590 W RecyclerView: 	at android.os.Looper.loop(Looper.java:148)
08-05 22:44:33.380  6590  6590 W RecyclerView: 	at android.app.ActivityThread.main(ActivityThread.java:5417)
08-05 22:44:33.380  6590  6590 W RecyclerView: 	at java.lang.reflect.Method.invoke(Native Method)
08-05 22:44:33.380  6590  6590 W RecyclerView: 	at com.android.internal.os.ZygoteInit$MethodAndArgsCaller.run(ZygoteInit.java:726)
08-05 22:44:33.380  6590  6590 W RecyclerView: 	at com.android.internal.os.ZygoteInit.main(ZygoteInit.java:616)
08-05 22:44:33.397  6590  6602 I art     : Starting a blocking GC Explicit
08-05 22:44:33.445  6590  6602 I art     : Explicit concurrent mark sweep GC freed 754(101KB) AllocSpace objects, 0(0B) LOS objects, 33% free, 31MB/47MB, paused 621us total 47.654ms
08-05 22:44:33.804  6590  9267 D OK      : calling: https://oauth.reddit.com/r/announcements/hot/.json?after=t3_9jf8nh
08-05 22:44:33.814  6590  7013 I art     : Starting a blocking GC Explicit
08-05 22:44:33.871  6590  7013 I art     : Explicit concurrent mark sweep GC freed 1744(99KB) AllocSpace objects, 1(20KB) LOS objects, 33% free, 31MB/47MB, paused 671us total 56.682ms
08-05 22:44:33.890  6590  7013 I art     : Starting a blocking GC Explicit
08-05 22:44:33.941  6590  7013 I art     : Explicit concurrent mark sweep GC freed 26(960B) AllocSpace objects, 0(0B) LOS objects, 33% free, 31MB/47MB, paused 640us total 50.758ms
08-05 22:44:33.960  6590  7013 I art     : Starting a blocking GC Explicit
08-05 22:44:34.002  6590  9267 I NAPPA_EXPERIMENTATION: MetricNetworkRequestExecutionTime: REQUEST_DURATION_SYSTEM='198',REQUEST_DURATION_OKHTTP='194',REQUEST_SYNCHRONOUS='TRUE',RESPONSE_CODE='200',RESPONSE_METHOD='GET',RESPONSE_LENGTH_OKHTTP='-1',RESPONSE_LENGTH_HEADER='65685',REQUEST_PROTOCOL='h2',REQUEST_URL='https://oauth.reddit.com/r/announcements/hot/.json?after=t3_9jf8nh',
08-05 22:44:34.003  6590  9267 D OK      : request got status: 200
08-05 22:44:34.018  6590  7013 I art     : Explicit concurrent mark sweep GC freed 371(31KB) AllocSpace objects, 0(0B) LOS objects, 33% free, 31MB/47MB, paused 825us total 57.126ms
08-05 22:44:34.019  6590  7176 I PostListingFragment: Precaching images: OFF
08-05 22:44:34.019  6590  7176 I PostListingFragment: Precaching comments: OFF
08-05 22:44:34.037  6590  7013 I art     : Starting a blocking GC Explicit
08-05 22:44:34.089  6590  7013 I art     : Explicit concurrent mark sweep GC freed 2651(270KB) AllocSpace objects, 4(460KB) LOS objects, 33% free, 32MB/48MB, paused 1.358ms total 52.122ms
08-05 22:44:34.108  6590  7013 I art     : Starting a blocking GC Explicit
08-05 22:44:34.163  6590  7013 I art     : Explicit concurrent mark sweep GC freed 4319(207KB) AllocSpace objects, 5(152KB) LOS objects, 32% free, 33MB/49MB, paused 967us total 54.903ms
08-05 22:44:34.505  6590  6602 I art     : Starting a blocking GC Explicit
08-05 22:44:34.576  6590  6602 I art     : Explicit concurrent mark sweep GC freed 29572(1419KB) AllocSpace objects, 10(288KB) LOS objects, 33% free, 32MB/48MB, paused 703us total 70.009ms
08-05 22:44:34.599  6590  6602 I art     : Starting a blocking GC Explicit
08-05 22:44:34.654  6590  6602 I art     : Explicit concurrent mark sweep GC freed 1305(54KB) AllocSpace objects, 0(0B) LOS objects, 33% free, 32MB/48MB, paused 625us total 54.395ms
08-05 22:44:34.674  6590  6602 I art     : Starting a blocking GC Explicit
08-05 22:44:34.732  6590  6602 I art     : Explicit concurrent mark sweep GC freed 3(96B) AllocSpace objects, 0(0B) LOS objects, 33% free, 32MB/48MB, paused 643us total 57.477ms
08-05 22:44:34.755  6590  6602 I art     : Starting a blocking GC Explicit
08-05 22:44:34.793   518   646 I ThermalEngine: ACTION: GPU - Setting GPU[0] to 510000000
08-05 22:44:34.809  6590  6602 I art     : Explicit concurrent mark sweep GC freed 3(96B) AllocSpace objects, 0(0B) LOS objects, 33% free, 32MB/48MB, paused 648us total 53.763ms
08-05 22:44:34.828  6590  6602 I art     : Starting a blocking GC Explicit
08-05 22:44:34.871  6590  6602 I art     : Explicit concurrent mark sweep GC freed 3(96B) AllocSpace objects, 0(0B) LOS objects, 33% free, 32MB/48MB, paused 426us total 42.535ms
08-05 22:44:35.231  6590  6603 I art     : Starting a blocking GC Explicit
08-05 22:44:35.287  6590  6603 I art     : Explicit concurrent mark sweep GC freed 1356(83KB) AllocSpace objects, 1(20KB) LOS objects, 33% free, 32MB/48MB, paused 485us total 55.419ms
08-05 22:44:35.302  6590  6603 I art     : Starting a blocking GC Explicit
08-05 22:44:35.343  6590  6603 I art     : Explicit concurrent mark sweep GC freed 20(704B) AllocSpace objects, 0(0B) LOS objects, 33% free, 32MB/48MB, paused 452us total 41.359ms
08-05 22:44:35.358  6590  6603 I art     : Starting a blocking GC Explicit
08-05 22:44:35.400  6590  6603 I art     : Explicit concurrent mark sweep GC freed 3(96B) AllocSpace objects, 0(0B) LOS objects, 33% free, 32MB/48MB, paused 463us total 41.472ms
08-05 22:44:35.415  6590  6603 I art     : Starting a blocking GC Explicit
08-05 22:44:35.458  6590  6603 I art     : Explicit concurrent mark sweep GC freed 3(96B) AllocSpace objects, 0(0B) LOS objects, 33% free, 32MB/48MB, paused 442us total 42.965ms
08-05 22:44:35.473  6590  6603 I art     : Starting a blocking GC Explicit
08-05 22:44:35.514  6590  6603 I art     : Explicit concurrent mark sweep GC freed 3(96B) AllocSpace objects, 0(0B) LOS objects, 33% free, 32MB/48MB, paused 428us total 40.132ms
08-05 22:44:35.851  6590  6614 I art     : Starting a blocking GC Explicit
08-05 22:44:35.904  6590  6614 I art     : Explicit concurrent mark sweep GC freed 1379(84KB) AllocSpace objects, 1(20KB) LOS objects, 33% free, 32MB/48MB, paused 432us total 52.369ms
08-05 22:44:35.921  6590  6614 I art     : Starting a blocking GC Explicit
08-05 22:44:35.964  6590  6614 I art     : Explicit concurrent mark sweep GC freed 20(704B) AllocSpace objects, 0(0B) LOS objects, 33% free, 32MB/48MB, paused 426us total 42.419ms
08-05 22:44:35.979  6590  6614 I art     : Starting a blocking GC Explicit
08-05 22:44:36.021  6590  6614 I art     : Explicit concurrent mark sweep GC freed 3(96B) AllocSpace objects, 0(0B) LOS objects, 33% free, 32MB/48MB, paused 385us total 41.750ms
08-05 22:44:36.038  6590  6614 I art     : Starting a blocking GC Explicit
08-05 22:44:36.074  6590  6614 I art     : Explicit concurrent mark sweep GC freed 3(96B) AllocSpace objects, 0(0B) LOS objects, 33% free, 32MB/48MB, paused 395us total 36.310ms
08-05 22:44:36.089  6590  6614 I art     : Starting a blocking GC Explicit
08-05 22:44:36.130  6590  6614 I art     : Explicit concurrent mark sweep GC freed 3(96B) AllocSpace objects, 0(0B) LOS objects, 33% free, 32MB/48MB, paused 379us total 40.275ms
08-05 22:44:36.484  6590  7013 I art     : Starting a blocking GC Explicit
08-05 22:44:36.541  6590  7013 I art     : Explicit concurrent mark sweep GC freed 1357(83KB) AllocSpace objects, 1(20KB) LOS objects, 33% free, 32MB/48MB, paused 457us total 56.884ms
08-05 22:44:36.559  6590  7013 I art     : Starting a blocking GC Explicit
08-05 22:44:36.601  6590  7013 I art     : Explicit concurrent mark sweep GC freed 20(704B) AllocSpace objects, 0(0B) LOS objects, 33% free, 32MB/48MB, paused 415us total 41.847ms
08-05 22:44:36.616  6590  7013 I art     : Starting a blocking GC Explicit
08-05 22:44:36.655  6590  7013 I art     : Explicit concurrent mark sweep GC freed 3(96B) AllocSpace objects, 0(0B) LOS objects, 33% free, 32MB/48MB, paused 379us total 38.266ms
08-05 22:44:36.669  6590  7013 I art     : Starting a blocking GC Explicit
08-05 22:44:36.705  6590  7013 I art     : Explicit concurrent mark sweep GC freed 3(96B) AllocSpace objects, 0(0B) LOS objects, 33% free, 32MB/48MB, paused 384us total 35.210ms
08-05 22:44:36.719  6590  7013 I art     : Starting a blocking GC Explicit
08-05 22:44:36.758  6590  7013 I art     : Explicit concurrent mark sweep GC freed 3(96B) AllocSpace objects, 0(0B) LOS objects, 33% free, 32MB/48MB, paused 430us total 38.569ms
08-05 22:44:37.028  9308  9308 D AndroidRuntime: >>>>>> START com.android.internal.os.RuntimeInit uid 2000 <<<<<<
08-05 22:44:37.033  9308  9308 D AndroidRuntime: CheckJNI is OFF
08-05 22:44:37.068  9308  9308 D ICU     : No timezone override file found: /data/misc/zoneinfo/current/icu/icu_tzdata.dat
08-05 22:44:37.098  6590  6602 I art     : Starting a blocking GC Explicit
08-05 22:44:37.102  9308  9308 I Radio-JNI: register_android_hardware_Radio DONE
08-05 22:44:37.124  9308  9308 D AndroidRuntime: Calling main entry com.android.commands.input.Input
08-05 22:44:37.127  9308  9308 I Input   : injectMotionEvent: MotionEvent { action=ACTION_DOWN, actionButton=0, id[0]=0, x[0]=600.0, y[0]=580.0, toolType[0]=TOOL_TYPE_UNKNOWN, buttonState=0, metaState=0, flags=0x0, edgeFlags=0x0, pointerCount=1, historySize=0, eventTime=830693539, downTime=830693539, deviceId=0, source=0x1002 }
08-05 22:44:37.132  9308  9308 I Input   : injectMotionEvent: MotionEvent { action=ACTION_UP, actionButton=0, id[0]=0, x[0]=600.0, y[0]=580.0, toolType[0]=TOOL_TYPE_UNKNOWN, buttonState=0, metaState=0, flags=0x0, edgeFlags=0x0, pointerCount=1, historySize=0, eventTime=830693539, downTime=830693539, deviceId=0, source=0x1002 }
08-05 22:44:37.134  9308  9308 D AndroidRuntime: Shutting down VM
08-05 22:44:37.142  6590  6602 I art     : Explicit concurrent mark sweep GC freed 1360(82KB) AllocSpace objects, 1(20KB) LOS objects, 33% free, 32MB/48MB, paused 781us total 43.303ms
08-05 22:44:37.145   512  2967 D audio_hw_primary: out_set_parameters: enter: usecase(1: low-latency-playback) kvpairs: routing=2
08-05 22:44:37.148   918   929 I ActivityManager: START u0 {cmp=baseline.org.quantumbadger.redreader/.activities.WebViewActivity (has extras)} from uid 10705 on display 0
08-05 22:44:37.158   512  2967 D audio_hw_primary: select_devices: out_snd_device(2: speaker) in_snd_device(0: none)
08-05 22:44:37.159   512  2967 D msm8974_platform: platform_send_audio_calibration: sending audio calibration for snd_device(2) acdb_id(15)
08-05 22:44:37.159   512  2967 I soundtrigger: audio_extn_sound_trigger_update_device_status: device 0x2 of type 0 for Event 1
08-05 22:44:37.160  6590  6602 I art     : Starting a blocking GC Explicit
08-05 22:44:37.170   512  2967 D audio_hw_primary: enable_snd_device: snd_device(2: speaker)
08-05 22:44:37.172   512  2967 D audio_hw_primary: enable_audio_route: apply and update mixer path: low-latency-playback speaker
08-05 22:44:37.174  6590  6590 I AppCompatViewInflater: app:theme is now deprecated. Please move to using android:theme instead.
08-05 22:44:37.190   918  6029 D ConnectivityService: listenForNetwork for Listen from uid/pid:10705/6590 for NetworkRequest [ id=3590, legacyType=-1, [ Capabilities: INTERNET&NOT_RESTRICTED&TRUSTED] ]
08-05 22:44:37.199  6590  6602 I art     : Explicit concurrent mark sweep GC freed 1602(84KB) AllocSpace objects, 0(0B) LOS objects, 33% free, 32MB/48MB, paused 928us total 38.223ms
08-05 22:44:37.214  6590  6602 I art     : Starting a blocking GC Explicit
08-05 22:44:37.250  6590  6602 I art     : Explicit concurrent mark sweep GC freed 9388(936KB) AllocSpace objects, 17(2MB) LOS objects, 35% free, 29MB/45MB, paused 464us total 36.210ms
08-05 22:44:37.264  6590  6602 I art     : Starting a blocking GC Explicit
08-05 22:44:37.293 13866 13866 I GoogleInputMethodServic: GoogleInputMethodService.onFinishInput():3138 
08-05 22:44:37.293   918   936 I ActivityManager: Displayed baseline.org.quantumbadger.redreader/.activities.WebViewActivity: +135ms
08-05 22:44:37.293 13866 13866 I GoogleInputMethodServic: GoogleInputMethodService.onStartInput():1808 
08-05 22:44:37.297  6590  6602 I art     : Explicit concurrent mark sweep GC freed 744(29KB) AllocSpace objects, 0(0B) LOS objects, 35% free, 29MB/45MB, paused 636us total 32.901ms
08-05 22:44:37.310  6590  6602 I art     : Starting a blocking GC Explicit
08-05 22:44:37.345  6590  6602 I art     : Explicit concurrent mark sweep GC freed 96(4KB) AllocSpace objects, 0(0B) LOS objects, 35% free, 29MB/45MB, paused 413us total 34.476ms
08-05 22:44:37.545   380   380 W SurfaceFlinger: couldn't log to binary event log: overflow.
08-05 22:44:37.641  6590  6614 I art     : Starting a blocking GC Explicit
08-05 22:44:37.685  6590  6614 I art     : Explicit concurrent mark sweep GC freed 2274(134KB) AllocSpace objects, 1(20KB) LOS objects, 35% free, 29MB/45MB, paused 808us total 43.509ms
08-05 22:44:37.703  6590  6614 I art     : Starting a blocking GC Explicit
08-05 22:44:37.708   512  2967 D audio_hw_primary: disable_audio_route: reset and update mixer path: low-latency-playback speaker
08-05 22:44:37.709   512  2967 D audio_hw_primary: disable_snd_device: snd_device(2: speaker)
08-05 22:44:37.717   512  2967 I soundtrigger: audio_extn_sound_trigger_update_device_status: device 0x2 of type 0 for Event 0
08-05 22:44:37.737  6590  6614 I art     : Explicit concurrent mark sweep GC freed 28(992B) AllocSpace objects, 0(0B) LOS objects, 35% free, 29MB/45MB, paused 483us total 33.318ms
08-05 22:44:37.752  6590  6614 I art     : Starting a blocking GC Explicit
08-05 22:44:37.796  6590  6614 I art     : Explicit concurrent mark sweep GC freed 8(256B) AllocSpace objects, 0(0B) LOS objects, 35% free, 29MB/45MB, paused 4.799ms total 43.851ms
08-05 22:44:37.812  6590  6614 I art     : Starting a blocking GC Explicit
08-05 22:44:37.818  6590  9245 I RedditChangeDataIO: Writing tmp data file at '/data/user/0/baseline.org.quantumbadger.redreader/files/rr_change_data_tmp.dat'
08-05 22:44:37.819  6590  9245 I RedditChangeDataManager: Taking snapshot...
08-05 22:44:37.819  6590  9245 I RedditChangeDataManager: Writing to stream...
08-05 22:44:37.819  6590  9245 I RedditChangeDataManager: Wrote 5 entries for user ''
08-05 22:44:37.819  6590  9245 I RedditChangeDataManager: All entries written to stream.
08-05 22:44:37.819  6590  9245 I RedditChangeDataIO: Write successful. Atomically replacing data file...
08-05 22:44:37.820  6590  9245 I RedditChangeDataIO: Write complete.
08-05 22:44:37.820  6590  9245 I RedditChangeDataIO: 134 bytes written in 2 ms
08-05 22:44:37.852  6590  6614 I art     : Explicit concurrent mark sweep GC freed 91(5KB) AllocSpace objects, 1(68KB) LOS objects, 35% free, 29MB/45MB, paused 484us total 40.630ms
08-05 22:44:37.868  6590  6614 I art     : Starting a blocking GC Explicit
08-05 22:44:37.908  6590  6614 I art     : Explicit concurrent mark sweep GC freed 19(816B) AllocSpace objects, 0(0B) LOS objects, 35% free, 29MB/45MB, paused 484us total 39.738ms
08-05 22:44:38.252  6590  6614 I art     : Starting a blocking GC Explicit
08-05 22:44:38.298  6590  6614 I art     : Explicit concurrent mark sweep GC freed 1408(85KB) AllocSpace objects, 1(20KB) LOS objects, 35% free, 29MB/45MB, paused 383us total 45.528ms
08-05 22:44:38.316  6590  6614 I art     : Starting a blocking GC Explicit
08-05 22:44:38.344  6590  6590 I chromium: [INFO:CONSOLE(1)] "
08-05 22:44:38.344  6590  6590 I chromium:                   ,d"=,.,qOp,
08-05 22:44:38.344  6590  6590 I chromium:                  ,7'  ''$(  )
08-05 22:44:38.344  6590  6590 I chromium:                 ,7'      '?q$7'
08-05 22:44:38.344  6590  6590 I chromium:              ..,$$,.
08-05 22:44:38.344  6590  6590 I chromium:    ,.  .,,--***""***--,,.  .,
08-05 22:44:38.344  6590  6590 I chromium:     ,p''              ''q,   
08-05 22:44:38.344  6590  6590 I chromium: :  ,7'                      '7,  :
08-05 22:44:38.344  6590  6590 I chromium:  ' $      ,db,      ,db,      $ '
08-05 22:44:38.344  6590  6590 I chromium:   '$      $$      $$      $'    Using Reddit at work? Work for Reddit.
08-05 22:44:38.344  6590  6590 I chromium:   '$                          $'        https://www.reddit.com/jobs
08-05 22:44:38.344  6590  6590 I chromium:    '$.     .,        ,.     .$'
08-05 22:44:38.344  6590  6590 I chromium:     'b,     ''     ,d'
08-05 22:44:38.344  6590  6590 I chromium:      '?bn,,          ,,nd?'
08-05 22:44:38.344  6590  6590 I chromium:        ,7$ '''' $7,
08-05 22:44:38.344  6590  6590 I chromium:      , $              $ ,
08-05 22:44:38.344  6590  6590 I chromium:      $  :$              $:  $
08-05 22:44:38.344  6590  6590 I chromium:      $   $              $   $
08-05 22:44:38.344  6590  6590 I chromium:      'b  q:            :p  d'
08-05 22:44:38.344  6590  6590 I chromium:       '?$.          .$?'
08-05 22:44:38.344  6590  6590 I chromium:          'b            d'
08-05 22:44:38.344  6590  6590 I chromium:        ,'?,.      .,?',
08-05 22:44:38.344  6590  6590 I chromium:       ==--==--==--==
08-05 22:44:38.344  6590  6590 I chromium: ", source: https://www.redditstatic.com/desktop2x/Chat~Governance~Reddit.2ea93b134a9b2e5b1d9a.js (1)
08-05 22:44:38.363  6590  6614 I art     : Explicit concurrent mark sweep GC freed 31(3KB) AllocSpace objects, 0(0B) LOS objects, 35% free, 29MB/45MB, paused 386us total 46.735ms
08-05 22:44:38.380  6590  6614 I art     : Starting a blocking GC Explicit
08-05 22:44:38.428  6590  6614 I art     : Explicit concurrent mark sweep GC freed 11(352B) AllocSpace objects, 0(0B) LOS objects, 35% free, 29MB/45MB, paused 631us total 47.801ms
08-05 22:44:38.445  6590  6614 I art     : Starting a blocking GC Explicit
08-05 22:44:38.491  6590  6614 I art     : Explicit concurrent mark sweep GC freed 9(288B) AllocSpace objects, 0(0B) LOS objects, 35% free, 29MB/45MB, paused 469us total 45.988ms
08-05 22:44:38.506  6590  6614 I art     : Starting a blocking GC Explicit
08-05 22:44:38.547  6590  6614 I art     : Explicit concurrent mark sweep GC freed 20(720B) AllocSpace objects, 0(0B) LOS objects, 35% free, 29MB/45MB, paused 433us total 40.554ms
08-05 22:44:38.804   518   646 I ThermalEngine: ACTION: GPU - Setting GPU[0] to 450000000
08-05 22:44:38.907  6590  7013 I art     : Starting a blocking GC Explicit
08-05 22:44:38.963  6590  7013 I art     : Explicit concurrent mark sweep GC freed 1420(84KB) AllocSpace objects, 1(20KB) LOS objects, 35% free, 29MB/45MB, paused 979us total 55.126ms
08-05 22:44:38.982  6590  7013 I art     : Starting a blocking GC Explicit
08-05 22:44:39.037  6590  7013 I art     : Explicit concurrent mark sweep GC freed 128(6KB) AllocSpace objects, 0(0B) LOS objects, 35% free, 29MB/45MB, paused 629us total 54.436ms
08-05 22:44:39.056  6590  7013 I art     : Starting a blocking GC Explicit
08-05 22:44:39.104  6590  7013 I art     : Explicit concurrent mark sweep GC freed 133(7KB) AllocSpace objects, 0(0B) LOS objects, 35% free, 29MB/45MB, paused 663us total 47.174ms
08-05 22:44:39.122  6590  7013 I art     : Starting a blocking GC Explicit
08-05 22:44:39.163  6590  7013 I art     : Explicit concurrent mark sweep GC freed 7(176B) AllocSpace objects, 0(0B) LOS objects, 35% free, 29MB/45MB, paused 492us total 40.592ms
08-05 22:44:39.181  6590  7013 I art     : Starting a blocking GC Explicit
08-05 22:44:39.225  6590  7013 I art     : Explicit concurrent mark sweep GC freed 278(43KB) AllocSpace objects, 0(0B) LOS objects, 35% free, 29MB/45MB, paused 479us total 43.424ms
08-05 22:44:39.635  6590  7013 I art     : Starting a blocking GC Explicit
08-05 22:44:39.691  6590  7013 I art     : Explicit concurrent mark sweep GC freed 1434(87KB) AllocSpace objects, 1(20KB) LOS objects, 35% free, 29MB/45MB, paused 467us total 56.126ms
08-05 22:44:39.712  6590  7013 I art     : Starting a blocking GC Explicit
08-05 22:44:39.765  6590  7013 I art     : Explicit concurrent mark sweep GC freed 20(704B) AllocSpace objects, 0(0B) LOS objects, 35% free, 29MB/45MB, paused 604us total 52.615ms
08-05 22:44:39.785  6590  7013 I art     : Starting a blocking GC Explicit
08-05 22:44:39.837  6590  7013 I art     : Explicit concurrent mark sweep GC freed 3(96B) AllocSpace objects, 0(0B) LOS objects, 35% free, 29MB/45MB, paused 465us total 51.360ms
08-05 22:44:39.856  6590  7013 I art     : Starting a blocking GC Explicit
08-05 22:44:39.901  6590  7013 I art     : Explicit concurrent mark sweep GC freed 49(2656B) AllocSpace objects, 0(0B) LOS objects, 35% free, 29MB/45MB, paused 465us total 45.437ms
08-05 22:44:39.920  6590  7013 I art     : Starting a blocking GC Explicit
08-05 22:44:39.964  6590  7013 I art     : Explicit concurrent mark sweep GC freed 3(96B) AllocSpace objects, 0(0B) LOS objects, 35% free, 29MB/45MB, paused 440us total 43.798ms
08-05 22:44:40.351  6590  7013 I art     : Starting a blocking GC Explicit
08-05 22:44:40.405  6590  7013 I art     : Explicit concurrent mark sweep GC freed 1356(82KB) AllocSpace objects, 1(20KB) LOS objects, 35% free, 29MB/45MB, paused 523us total 53.249ms
08-05 22:44:40.429  6590  7013 I art     : Starting a blocking GC Explicit
08-05 22:44:40.482  6590  7013 I art     : Explicit concurrent mark sweep GC freed 20(704B) AllocSpace objects, 0(0B) LOS objects, 35% free, 29MB/45MB, paused 439us total 52.723ms
08-05 22:44:40.501  6590  7013 I art     : Starting a blocking GC Explicit
08-05 22:44:40.553  6590  7013 I art     : Explicit concurrent mark sweep GC freed 3(96B) AllocSpace objects, 0(0B) LOS objects, 35% free, 29MB/45MB, paused 496us total 51.265ms
08-05 22:44:40.572  6590  7013 I art     : Starting a blocking GC Explicit
08-05 22:44:40.628  6590  7013 I art     : Explicit concurrent mark sweep GC freed 3(96B) AllocSpace objects, 0(0B) LOS objects, 35% free, 29MB/45MB, paused 466us total 56.407ms
08-05 22:44:40.648  6590  7013 I art     : Starting a blocking GC Explicit
08-05 22:44:40.699  6590  7013 I art     : Explicit concurrent mark sweep GC freed 3(96B) AllocSpace objects, 0(0B) LOS objects, 35% free, 29MB/45MB, paused 446us total 51.059ms
08-05 22:44:41.093  6590  6614 I art     : Starting a blocking GC Explicit
08-05 22:44:41.143  6590  6614 I art     : Explicit concurrent mark sweep GC freed 1355(82KB) AllocSpace objects, 1(20KB) LOS objects, 35% free, 29MB/45MB, paused 471us total 49.545ms
08-05 22:44:41.162  6590  6614 I art     : Starting a blocking GC Explicit
08-05 22:44:41.210  6590  6614 I art     : Explicit concurrent mark sweep GC freed 20(704B) AllocSpace objects, 0(0B) LOS objects, 35% free, 29MB/45MB, paused 467us total 47.606ms
08-05 22:44:41.229  6590  6614 I art     : Starting a blocking GC Explicit
08-05 22:44:41.275  6590  6614 I art     : Explicit concurrent mark sweep GC freed 3(96B) AllocSpace objects, 0(0B) LOS objects, 35% free, 29MB/45MB, paused 482us total 45.337ms
08-05 22:44:41.293  6590  6614 I art     : Starting a blocking GC Explicit
08-05 22:44:41.344  6590  6614 I art     : Explicit concurrent mark sweep GC freed 3(96B) AllocSpace objects, 0(0B) LOS objects, 35% free, 29MB/45MB, paused 497us total 51.351ms
08-05 22:44:41.364  6590  6614 I art     : Starting a blocking GC Explicit
08-05 22:44:41.416  6590  6614 I art     : Explicit concurrent mark sweep GC freed 3(96B) AllocSpace objects, 0(0B) LOS objects, 35% free, 29MB/45MB, paused 529us total 51.897ms
08-05 22:44:41.794  6590  6614 I art     : Starting a blocking GC Explicit
08-05 22:44:41.863  6590  6614 I art     : Explicit concurrent mark sweep GC freed 1355(82KB) AllocSpace objects, 1(20KB) LOS objects, 35% free, 29MB/45MB, paused 1.011ms total 68.201ms
08-05 22:44:41.885  6590  6614 I art     : Starting a blocking GC Explicit
08-05 22:44:41.930  9396  9396 D AndroidRuntime: >>>>>> START com.android.internal.os.RuntimeInit uid 2000 <<<<<<
08-05 22:44:41.933  6590  6614 I art     : Explicit concurrent mark sweep GC freed 20(704B) AllocSpace objects, 0(0B) LOS objects, 35% free, 29MB/45MB, paused 472us total 48.645ms
08-05 22:44:41.935  9396  9396 D AndroidRuntime: CheckJNI is OFF
08-05 22:44:41.952  6590  6614 I art     : Starting a blocking GC Explicit
08-05 22:44:41.982  9396  9396 D ICU     : No timezone override file found: /data/misc/zoneinfo/current/icu/icu_tzdata.dat
08-05 22:44:42.002  6590  6614 I art     : Explicit concurrent mark sweep GC freed 3(96B) AllocSpace objects, 0(0B) LOS objects, 35% free, 29MB/45MB, paused 498us total 50.025ms
08-05 22:44:42.025  6590  6614 I art     : Starting a blocking GC Explicit
08-05 22:44:42.028  9396  9396 I Radio-JNI: register_android_hardware_Radio DONE
08-05 22:44:42.060  9396  9396 D AndroidRuntime: Calling main entry com.android.commands.input.Input
08-05 22:44:42.062  9396  9396 I Input   : injectKeyEvent: KeyEvent { action=ACTION_DOWN, keyCode=KEYCODE_BACK, scanCode=0, metaState=0, flags=0x0, repeatCount=0, eventTime=830698475, downTime=830698475, deviceId=-1, source=0x101 }
08-05 22:44:42.072  9396  9396 I Input   : injectKeyEvent: KeyEvent { action=ACTION_UP, keyCode=KEYCODE_BACK, scanCode=0, metaState=0, flags=0x0, repeatCount=0, eventTime=830698475, downTime=830698475, deviceId=-1, source=0x101 }
08-05 22:44:42.074  6590  6614 I art     : Explicit concurrent mark sweep GC freed 4(144B) AllocSpace objects, 0(0B) LOS objects, 35% free, 29MB/45MB, paused 562us total 49.135ms
08-05 22:44:42.079  9396  9396 D AndroidRuntime: Shutting down VM
08-05 22:44:42.143  6590  6614 I art     : Starting a blocking GC Explicit
08-05 22:44:42.150 13866 13866 I GoogleInputMethodServic: GoogleInputMethodService.onFinishInput():3138 
08-05 22:44:42.151 13866 13866 I GoogleInputMethodServic: GoogleInputMethodService.onStartInput():1808 
08-05 22:44:42.192  6590  6614 I art     : Explicit concurrent mark sweep GC freed 249(8KB) AllocSpace objects, 0(0B) LOS objects, 35% free, 29MB/45MB, paused 474us total 49.084ms
08-05 22:44:42.461   380   380 W SurfaceFlinger: couldn't log to binary event log: overflow.
08-05 22:44:42.499   918  3263 D ConnectivityService: releasing NetworkRequest NetworkRequest [ id=3590, legacyType=-1, [ Capabilities: INTERNET&NOT_RESTRICTED&TRUSTED] ]
08-05 22:44:42.562  6590  6603 I art     : Starting a blocking GC Explicit
08-05 22:44:42.604  6590  6603 I art     : Explicit concurrent mark sweep GC freed 2257(124KB) AllocSpace objects, 1(20KB) LOS objects, 35% free, 29MB/45MB, paused 439us total 40.783ms
08-05 22:44:42.623  6590  6603 I art     : Starting a blocking GC Explicit
08-05 22:44:42.663  6590  6603 I art     : Explicit concurrent mark sweep GC freed 2114(124KB) AllocSpace objects, 1(28KB) LOS objects, 35% free, 29MB/45MB, paused 452us total 39.887ms
08-05 22:44:42.680  6590  6603 I art     : Starting a blocking GC Explicit
08-05 22:44:42.724  6590  6603 I art     : Explicit concurrent mark sweep GC freed 3(96B) AllocSpace objects, 0(0B) LOS objects, 35% free, 29MB/45MB, paused 459us total 43.428ms
08-05 22:44:42.742  6590  6603 I art     : Starting a blocking GC Explicit
08-05 22:44:42.788  6590  6603 I art     : Explicit concurrent mark sweep GC freed 3(96B) AllocSpace objects, 0(0B) LOS objects, 35% free, 29MB/45MB, paused 472us total 45.797ms
08-05 22:44:42.807  6590  6603 I art     : Starting a blocking GC Explicit
08-05 22:44:42.853  6590  6603 I art     : Explicit concurrent mark sweep GC freed 3(96B) AllocSpace objects, 0(0B) LOS objects, 35% free, 29MB/45MB, paused 482us total 46.067ms
08-05 22:44:43.206  6590  7013 I art     : Starting a blocking GC Explicit
08-05 22:44:43.269  6590  7013 I art     : Explicit concurrent mark sweep GC freed 1355(82KB) AllocSpace objects, 1(20KB) LOS objects, 35% free, 29MB/45MB, paused 583us total 62.667ms
08-05 22:44:43.291  6590  7013 I art     : Starting a blocking GC Explicit
08-05 22:44:43.337  6590  7013 I art     : Explicit concurrent mark sweep GC freed 20(704B) AllocSpace objects, 0(0B) LOS objects, 35% free, 29MB/45MB, paused 540us total 45.746ms
08-05 22:44:43.337  6590  6600 I art     : WaitForGcToComplete blocked for 38.811ms for cause HeapTrim
08-05 22:44:43.356  6590  7013 I art     : Starting a blocking GC Explicit
08-05 22:44:43.399  6590  7013 I art     : Explicit concurrent mark sweep GC freed 3(96B) AllocSpace objects, 0(0B) LOS objects, 35% free, 29MB/45MB, paused 476us total 43.588ms
08-05 22:44:43.418  6590  7013 I art     : Starting a blocking GC Explicit
08-05 22:44:43.463  6590  7013 I art     : Explicit concurrent mark sweep GC freed 3(96B) AllocSpace objects, 0(0B) LOS objects, 35% free, 29MB/45MB, paused 466us total 45.165ms
08-05 22:44:43.482  6590  7013 I art     : Starting a blocking GC Explicit
08-05 22:44:43.527  6590  7013 I art     : Explicit concurrent mark sweep GC freed 3(96B) AllocSpace objects, 0(0B) LOS objects, 35% free, 29MB/45MB, paused 527us total 45.199ms
08-05 22:44:43.852  9439  9439 D AndroidRuntime: >>>>>> START com.android.internal.os.RuntimeInit uid 2000 <<<<<<
08-05 22:44:43.859  9439  9439 D AndroidRuntime: CheckJNI is OFF
08-05 22:44:43.866  6590  6614 I art     : Starting a blocking GC Explicit
08-05 22:44:43.906  9439  9439 D ICU     : No timezone override file found: /data/misc/zoneinfo/current/icu/icu_tzdata.dat
08-05 22:44:43.916  6590  6614 I art     : Explicit concurrent mark sweep GC freed 1354(82KB) AllocSpace objects, 1(20KB) LOS objects, 35% free, 29MB/45MB, paused 504us total 49.265ms
08-05 22:44:43.935  6590  6614 I art     : Starting a blocking GC Explicit
08-05 22:44:43.953  9439  9439 I Radio-JNI: register_android_hardware_Radio DONE
08-05 22:44:43.982  6590  6614 I art     : Explicit concurrent mark sweep GC freed 20(704B) AllocSpace objects, 0(0B) LOS objects, 35% free, 29MB/45MB, paused 466us total 46.989ms
08-05 22:44:43.983  9439  9439 D AndroidRuntime: Calling main entry com.android.commands.input.Input
08-05 22:44:43.985  9439  9439 I Input   : injectKeyEvent: KeyEvent { action=ACTION_DOWN, keyCode=KEYCODE_BACK, scanCode=0, metaState=0, flags=0x0, repeatCount=0, eventTime=830700398, downTime=830700398, deviceId=-1, source=0x101 }
08-05 22:44:43.993  9439  9439 I Input   : injectKeyEvent: KeyEvent { action=ACTION_UP, keyCode=KEYCODE_BACK, scanCode=0, metaState=0, flags=0x0, repeatCount=0, eventTime=830700398, downTime=830700398, deviceId=-1, source=0x101 }
08-05 22:44:43.999  9439  9439 D AndroidRuntime: Shutting down VM
08-05 22:44:44.001  6590  6614 I art     : Starting a blocking GC Explicit
08-05 22:44:44.044  6590  6614 I art     : Explicit concurrent mark sweep GC freed 115(3KB) AllocSpace objects, 0(0B) LOS objects, 35% free, 29MB/45MB, paused 579us total 42.785ms
08-05 22:44:44.045 13866 13866 I GoogleInputMethodServic: GoogleInputMethodService.onFinishInput():3138 
08-05 22:44:44.047 13866 13866 I GoogleInputMethodServic: GoogleInputMethodService.onStartInput():1808 
08-05 22:44:44.064  6590  6614 I art     : Starting a blocking GC Explicit
08-05 22:44:44.104  6590  6614 I art     : Explicit concurrent mark sweep GC freed 53(1872B) AllocSpace objects, 0(0B) LOS objects, 35% free, 29MB/45MB, paused 424us total 40.232ms
08-05 22:44:44.122  6590  6614 I art     : Starting a blocking GC Explicit
08-05 22:44:44.162  6590  6614 I art     : Explicit concurrent mark sweep GC freed 24(816B) AllocSpace objects, 0(0B) LOS objects, 35% free, 29MB/45MB, paused 464us total 40.588ms
08-05 22:44:44.484  6590  6603 I art     : Starting a blocking GC Explicit
08-05 22:44:44.534  6590  6603 I art     : Explicit concurrent mark sweep GC freed 1419(85KB) AllocSpace objects, 1(20KB) LOS objects, 35% free, 29MB/45MB, paused 510us total 49.379ms
08-05 22:44:44.553  6590  6603 I art     : Starting a blocking GC Explicit
08-05 22:44:44.601  6590  6603 I art     : Explicit concurrent mark sweep GC freed 150(7KB) AllocSpace objects, 0(0B) LOS objects, 35% free, 29MB/45MB, paused 530us total 47.582ms
08-05 22:44:44.619  6590  6603 I art     : Starting a blocking GC Explicit
08-05 22:44:44.668  6590  6603 I art     : Explicit concurrent mark sweep GC freed 3(96B) AllocSpace objects, 0(0B) LOS objects, 35% free, 29MB/45MB, paused 531us total 48.122ms
08-05 22:44:44.686  6590  6603 I art     : Starting a blocking GC Explicit
08-05 22:44:44.734  6590  6603 I art     : Explicit concurrent mark sweep GC freed 3(96B) AllocSpace objects, 0(0B) LOS objects, 35% free, 29MB/45MB, paused 518us total 47.662ms
08-05 22:44:44.753  6590  6603 I art     : Starting a blocking GC Explicit
08-05 22:44:44.801  6590  6603 I art     : Explicit concurrent mark sweep GC freed 3(96B) AllocSpace objects, 0(0B) LOS objects, 35% free, 29MB/45MB, paused 508us total 47.670ms
08-05 22:44:44.902  5084  5084 I Atfwd_Sendcmd: AtCmdFwd service not ready - Exhausted retry attempts - :6
08-05 22:44:44.902  5084  5084 I Atfwd_Daemon: result : -1 	 ,Init step :2 	 ,qmiErrorCode: 0
08-05 22:44:45.129  6590  6602 I art     : Starting a blocking GC Explicit
08-05 22:44:45.191  6590  6602 I art     : Explicit concurrent mark sweep GC freed 1354(82KB) AllocSpace objects, 1(20KB) LOS objects, 35% free, 29MB/45MB, paused 561us total 62.023ms
08-05 22:44:45.213  6590  6602 I art     : Starting a blocking GC Explicit
08-05 22:44:45.258  6590  6602 I art     : Explicit concurrent mark sweep GC freed 20(704B) AllocSpace objects, 0(0B) LOS objects, 35% free, 29MB/45MB, paused 545us total 45.621ms
08-05 22:44:45.277  6590  6602 I art     : Starting a blocking GC Explicit
08-05 22:44:45.322  6590  6602 I art     : Explicit concurrent mark sweep GC freed 3(96B) AllocSpace objects, 0(0B) LOS objects, 35% free, 29MB/45MB, paused 482us total 44.968ms
08-05 22:44:45.340  6590  6602 I art     : Starting a blocking GC Explicit
08-05 22:44:45.387  6590  6602 I art     : Explicit concurrent mark sweep GC freed 3(96B) AllocSpace objects, 0(0B) LOS objects, 35% free, 29MB/45MB, paused 465us total 45.762ms
08-05 22:44:45.405  6590  6602 I art     : Starting a blocking GC Explicit
08-05 22:44:45.451  6590  6602 I art     : Explicit concurrent mark sweep GC freed 3(96B) AllocSpace objects, 0(0B) LOS objects, 35% free, 29MB/45MB, paused 485us total 45.692ms
08-05 22:44:45.775  6590  7013 I art     : Starting a blocking GC Explicit
08-05 22:44:45.777  9482  9482 D AndroidRuntime: >>>>>> START com.android.internal.os.RuntimeInit uid 2000 <<<<<<
08-05 22:44:45.783  9482  9482 D AndroidRuntime: CheckJNI is OFF
08-05 22:44:45.824  9482  9482 D ICU     : No timezone override file found: /data/misc/zoneinfo/current/icu/icu_tzdata.dat
08-05 22:44:45.829  6590  7013 I art     : Explicit concurrent mark sweep GC freed 1354(82KB) AllocSpace objects, 1(20KB) LOS objects, 35% free, 29MB/45MB, paused 730us total 53.112ms
08-05 22:44:45.850  6590  7013 I art     : Starting a blocking GC Explicit
08-05 22:44:45.865  9482  9482 I Radio-JNI: register_android_hardware_Radio DONE
08-05 22:44:45.892  9482  9482 D AndroidRuntime: Calling main entry com.android.commands.input.Input
08-05 22:44:45.893  6590  7013 I art     : Explicit concurrent mark sweep GC freed 20(704B) AllocSpace objects, 0(0B) LOS objects, 35% free, 29MB/45MB, paused 510us total 42.790ms
08-05 22:44:45.894  9482  9482 I Input   : injectMotionEvent: MotionEvent { action=ACTION_DOWN, actionButton=0, id[0]=0, x[0]=600.0, y[0]=1733.0, toolType[0]=TOOL_TYPE_UNKNOWN, buttonState=0, metaState=0, flags=0x0, edgeFlags=0x0, pointerCount=1, historySize=0, eventTime=830702307, downTime=830702307, deviceId=0, source=0x1002 }
08-05 22:44:45.899  9482  9482 I Input   : injectMotionEvent: MotionEvent { action=ACTION_UP, actionButton=0, id[0]=0, x[0]=600.0, y[0]=1733.0, toolType[0]=TOOL_TYPE_UNKNOWN, buttonState=0, metaState=0, flags=0x0, edgeFlags=0x0, pointerCount=1, historySize=0, eventTime=830702307, downTime=830702307, deviceId=0, source=0x1002 }
08-05 22:44:45.901  9482  9482 D AndroidRuntime: Shutting down VM
08-05 22:44:45.911  6590  7013 I art     : Starting a blocking GC Explicit
08-05 22:44:45.917   918  6110 I ActivityManager: START u0 {dat=https://oauth.reddit.com/... cmp=baseline.org.quantumbadger.redreader/.activities.PostListingActivity} from uid 10705 on display 0
08-05 22:44:45.917   512  2967 D audio_hw_primary: out_set_parameters: enter: usecase(1: low-latency-playback) kvpairs: routing=2
08-05 22:44:45.930   512  2967 D audio_hw_primary: select_devices: out_snd_device(2: speaker) in_snd_device(0: none)
08-05 22:44:45.931   512  2967 D msm8974_platform: platform_send_audio_calibration: sending audio calibration for snd_device(2) acdb_id(15)
08-05 22:44:45.931   512  2967 I soundtrigger: audio_extn_sound_trigger_update_device_status: device 0x2 of type 0 for Event 1
08-05 22:44:45.939  6590  6590 I AppCompatViewInflater: app:theme is now deprecated. Please move to using android:theme instead.
08-05 22:44:45.943   512  2967 D audio_hw_primary: enable_snd_device: snd_device(2: speaker)
08-05 22:44:45.944   512  2967 D audio_hw_primary: enable_audio_route: apply and update mixer path: low-latency-playback speaker
08-05 22:44:45.960  6590  7013 I art     : Explicit concurrent mark sweep GC freed 594(35KB) AllocSpace objects, 0(0B) LOS objects, 35% free, 29MB/45MB, paused 939us total 48.531ms
08-05 22:44:45.964  6590  9507 D OK      : calling: https://oauth.reddit.com/r/aww/about.json
08-05 22:44:45.977  6590  7013 I art     : Starting a blocking GC Explicit
08-05 22:44:46.020  6590  7013 I art     : Explicit concurrent mark sweep GC freed 1125(72KB) AllocSpace objects, 0(0B) LOS objects, 35% free, 29MB/45MB, paused 619us total 42.259ms
08-05 22:44:46.028   918   936 I ActivityManager: Displayed baseline.org.quantumbadger.redreader/.activities.PostListingActivity: +102ms
08-05 22:44:46.029 13866 13866 I GoogleInputMethodServic: GoogleInputMethodService.onFinishInput():3138 
08-05 22:44:46.029 13866 13866 I GoogleInputMethodServic: GoogleInputMethodService.onStartInput():1808 
08-05 22:44:46.041  6590  7013 I art     : Starting a blocking GC Explicit
08-05 22:44:46.086  6590  7013 I art     : Explicit concurrent mark sweep GC freed 381(22KB) AllocSpace objects, 0(0B) LOS objects, 35% free, 29MB/45MB, paused 510us total 45.507ms
08-05 22:44:46.283   380   380 W SurfaceFlinger: couldn't log to binary event log: overflow.
08-05 22:44:46.292  6590  9507 I NAPPA_EXPERIMENTATION: MetricNetworkRequestExecutionTime: REQUEST_DURATION_SYSTEM='328',REQUEST_DURATION_OKHTTP='144',REQUEST_SYNCHRONOUS='TRUE',RESPONSE_CODE='200',RESPONSE_METHOD='GET',RESPONSE_LENGTH_OKHTTP='-1',RESPONSE_LENGTH_HEADER='3478',REQUEST_PROTOCOL='h2',REQUEST_URL='https://oauth.reddit.com/r/aww/about.json',
08-05 22:44:46.292  6590  9507 D OK      : request got status: 200
08-05 22:44:46.402  6590  6614 I art     : Starting a blocking GC Explicit
08-05 22:44:46.449  6590  6614 I art     : Explicit concurrent mark sweep GC freed 5098(367KB) AllocSpace objects, 3(156KB) LOS objects, 35% free, 29MB/45MB, paused 625us total 46.903ms
08-05 22:44:46.466  6590  6614 I art     : Starting a blocking GC Explicit
08-05 22:44:46.480   512  2967 D audio_hw_primary: disable_audio_route: reset and update mixer path: low-latency-playback speaker
08-05 22:44:46.481   512  2967 D audio_hw_primary: disable_snd_device: snd_device(2: speaker)
08-05 22:44:46.489   512  2967 I soundtrigger: audio_extn_sound_trigger_update_device_status: device 0x2 of type 0 for Event 0
08-05 22:44:46.510  6590  6614 I art     : Explicit concurrent mark sweep GC freed 256(12KB) AllocSpace objects, 0(0B) LOS objects, 35% free, 29MB/45MB, paused 517us total 43.197ms
08-05 22:44:46.527  6590  6614 I art     : Starting a blocking GC Explicit
08-05 22:44:46.574  6590  6614 I art     : Explicit concurrent mark sweep GC freed 3(96B) AllocSpace objects, 0(0B) LOS objects, 35% free, 29MB/45MB, paused 527us total 46.440ms
08-05 22:44:46.593  6590  6614 I art     : Starting a blocking GC Explicit
08-05 22:44:46.640  6590  6614 I art     : Explicit concurrent mark sweep GC freed 16(640B) AllocSpace objects, 0(0B) LOS objects, 35% free, 29MB/45MB, paused 492us total 46.877ms
08-05 22:44:46.658  6590  6614 I art     : Starting a blocking GC Explicit
08-05 22:44:46.708  6590  6614 I art     : Explicit concurrent mark sweep GC freed 25(1024B) AllocSpace objects, 0(0B) LOS objects, 35% free, 29MB/45MB, paused 522us total 49.395ms
08-05 22:44:47.037  6590  7013 I art     : Starting a blocking GC Explicit
08-05 22:44:47.087  6590  7013 I art     : Explicit concurrent mark sweep GC freed 1378(83KB) AllocSpace objects, 1(20KB) LOS objects, 35% free, 29MB/45MB, paused 610us total 50.189ms
08-05 22:44:47.106  6590  7013 I art     : Starting a blocking GC Explicit
08-05 22:44:47.148  6590  7013 I art     : Explicit concurrent mark sweep GC freed 20(704B) AllocSpace objects, 0(0B) LOS objects, 35% free, 29MB/45MB, paused 561us total 42.503ms
08-05 22:44:47.165  6590  9531 D OK      : calling: https://oauth.reddit.com/r/aww/hot/.json
08-05 22:44:47.167  6590  7013 I art     : Starting a blocking GC Explicit
08-05 22:44:47.213  6590  7013 I art     : Explicit concurrent mark sweep GC freed 56(2352B) AllocSpace objects, 0(0B) LOS objects, 35% free, 29MB/45MB, paused 579us total 45.918ms
08-05 22:44:47.232  6590  7013 I art     : Starting a blocking GC Explicit
08-05 22:44:47.279  6590  7013 I art     : Explicit concurrent mark sweep GC freed 48(1728B) AllocSpace objects, 0(0B) LOS objects, 35% free, 29MB/45MB, paused 612us total 46.872ms
08-05 22:44:47.297  6590  7013 I art     : Starting a blocking GC Explicit
08-05 22:44:47.344  6590  7013 I art     : Explicit concurrent mark sweep GC freed 3(96B) AllocSpace objects, 0(0B) LOS objects, 35% free, 29MB/45MB, paused 603us total 46.177ms
08-05 22:44:47.420  7210  9532 W OneSignal: OneSignalRestClient: POST Error thrown from network stack. 
08-05 22:44:47.420  7210  9532 W OneSignal: java.io.IOException: unexpected end of stream on Connection{api.onesignal.com:443, proxy=HTTP@192.168.2.12:8080 hostAddress=192.168.2.12 cipherSuite=TLS_ECDHE_RSA_WITH_AES_128_GCM_SHA256 protocol=http/1.1} (recycle count=0)
08-05 22:44:47.420  7210  9532 W OneSignal: 	at com.android.okhttp.internal.http.HttpConnection.readResponse(HttpConnection.java:210)
08-05 22:44:47.420  7210  9532 W OneSignal: 	at com.android.okhttp.internal.http.HttpTransport.readResponseHeaders(HttpTransport.java:80)
08-05 22:44:47.420  7210  9532 W OneSignal: 	at com.android.okhttp.internal.http.HttpEngine.readNetworkResponse(HttpEngine.java:904)
08-05 22:44:47.420  7210  9532 W OneSignal: 	at com.android.okhttp.internal.http.HttpEngine.readResponse(HttpEngine.java:788)
08-05 22:44:47.420  7210  9532 W OneSignal: 	at com.android.okhttp.internal.huc.HttpURLConnectionImpl.execute(HttpURLConnectionImpl.java:439)
08-05 22:44:47.420  7210  9532 W OneSignal: 	at com.android.okhttp.internal.huc.HttpURLConnectionImpl.getResponse(HttpURLConnectionImpl.java:384)
08-05 22:44:47.420  7210  9532 W OneSignal: 	at com.android.okhttp.internal.huc.HttpURLConnectionImpl.getResponseCode(HttpURLConnectionImpl.java:497)
08-05 22:44:47.420  7210  9532 W OneSignal: 	at com.android.okhttp.internal.huc.DelegatingHttpsURLConnection.getResponseCode(DelegatingHttpsURLConnection.java:105)
08-05 22:44:47.420  7210  9532 W OneSignal: 	at com.android.okhttp.internal.huc.HttpsURLConnectionImpl.getResponseCode(HttpsURLConnectionImpl.java)
08-05 22:44:47.420  7210  9532 W OneSignal: 	at com.onesignal.OneSignalRestClient.startHTTPConnection(OneSignalRestClient.java:180)
08-05 22:44:47.420  7210  9532 W OneSignal: 	at com.onesignal.OneSignalRestClient.access$100(OneSignalRestClient.java:44)
08-05 22:44:47.420  7210  9532 W OneSignal: 	at com.onesignal.OneSignalRestClient$4.run(OneSignalRestClient.java:110)
08-05 22:44:47.420  7210  9532 W OneSignal: 	at java.lang.Thread.run(Thread.java:818)
08-05 22:44:47.420  7210  9532 W OneSignal: Caused by: java.io.EOFException: \n not found: size=0 content=...
08-05 22:44:47.420  7210  9532 W OneSignal: 	at com.android.okhttp.okio.RealBufferedSource.readUtf8LineStrict(RealBufferedSource.java:200)
08-05 22:44:47.420  7210  9532 W OneSignal: 	at com.android.okhttp.internal.http.HttpConnection.readResponse(HttpConnection.java:191)
08-05 22:44:47.420  7210  9532 W OneSignal: 	... 12 more
08-05 22:44:47.423  7210  9533 W OneSignal: Failed last request. statusCode: -1
08-05 22:44:47.423  7210  9533 W OneSignal: response: null
08-05 22:44:47.436  6590  9531 I NAPPA_EXPERIMENTATION: MetricNetworkRequestExecutionTime: REQUEST_DURATION_SYSTEM='271',REQUEST_DURATION_OKHTTP='266',REQUEST_SYNCHRONOUS='TRUE',RESPONSE_CODE='200',RESPONSE_METHOD='GET',RESPONSE_LENGTH_OKHTTP='-1',RESPONSE_LENGTH_HEADER='33430',REQUEST_PROTOCOL='h2',REQUEST_URL='https://oauth.reddit.com/r/aww/hot/.json',
08-05 22:44:47.436  6590  9531 D OK      : request got status: 200
08-05 22:44:47.445  6590  7176 I PostListingFragment: Precaching images: OFF
08-05 22:44:47.445  6590  7176 I PostListingFragment: Precaching comments: OFF
08-05 22:44:47.455  6590  9534 D OK      : calling: https://b.thumbs.redditmedia.com/CKInrczASoQbNvSBStGz11Tok0uCyQoxmZ02sOE37sQ.jpg
08-05 22:44:47.465  6590  9535 D OK      : calling: https://a.thumbs.redditmedia.com/sKVnLbatvJCZOE2ooe6CgiEftOB3ukgPMdcydbk9CZ4.jpg
08-05 22:44:47.466  6590  7176 I getImgurImageInfo: Image NSO7Npm: trying API v3 with auth
08-05 22:44:47.475  6590  9536 D OK      : calling: https://api.gfycat.com/v1/gfycats/deadlygravecavy
08-05 22:44:47.483  6590  9540 D OK      : calling: https://b.thumbs.redditmedia.com/1cAaKl6LkrikiRbLsBzzOvufKqRKuPi3wgjUkX8axkI.jpg
08-05 22:44:47.484  6590  9537 D OK      : calling: https://a.thumbs.redditmedia.com/dFt2-stQJkfZ8O7r7ywG9GQsF08fZXxEJfQtAmiJ-F8.jpg
08-05 22:44:47.486  6590  9542 D OK      : calling: https://api.imgur.com/3/image/NSO7Npm
08-05 22:44:47.489  6590  9543 D OK      : calling: https://b.thumbs.redditmedia.com/bUY4al781EZ3q7hUlnLebemHCXE3e63_SSxl2uo4Q4A.jpg
08-05 22:44:47.489  6590  9541 D OK      : calling: https://b.thumbs.redditmedia.com/NUqJWcobH7ToYhCM0w6nnAFZ46ymm9vPD25BC3s7Wco.jpg
08-05 22:44:47.496  6590  9544 D OK      : calling: https://b.thumbs.redditmedia.com/tTmEfIrujbsvZXbhNSQS6Pc7o7ShCaGqZHbYf7nWdfg.jpg
08-05 22:44:47.499  6590  9545 D OK      : calling: https://b.thumbs.redditmedia.com/_H8tFMmL5-3GrxYkCtMSHiyNfjbX8pxctOw_vrzyw7o.jpg
08-05 22:44:47.501  6590  9546 D OK      : calling: https://b.thumbs.redditmedia.com/JTSWFy2_tijPk6cA5noKDydEAMkMJcDmKQTSX178zwc.jpg
08-05 22:44:47.506  6590  9549 D OK      : calling: https://b.thumbs.redditmedia.com/N6fiqTp8nJD2l7sUz4nij7j1yHYMTKaflUIrn8E2bAU.jpg
08-05 22:44:47.513  6590  9551 D OK      : calling: https://b.thumbs.redditmedia.com/HkEQtny0bE4H3dMCd_woPsLAXBoPwp_DZ4ioFNIQLKk.jpg
08-05 22:44:47.518  6590  9554 D OK      : calling: https://v.redd.it/fkewv2f65kd51/DASHPlaylist.mpd
08-05 22:44:47.530  6590  9553 D OK      : calling: https://b.thumbs.redditmedia.com/lVNra-iScxkYcYtSstJ-7J7pRAUDRXIwwJhsen1ZK9g.jpg
08-05 22:44:47.533  6590  9557 D OK      : calling: https://v.redd.it/ak6rer1hskd51/DASHPlaylist.mpd
08-05 22:44:47.534  6590  9555 D OK      : calling: https://b.thumbs.redditmedia.com/lQKqDneXS8E7ZBD9cUQy4OqOt8PuTneSvVFtnU0pwCE.jpg
08-05 22:44:47.557  6590  9556 D OK      : calling: https://api.gfycat.com/v1/gfycats/altruisticthankfulankolewatusi
08-05 22:44:47.564  6590  9560 D OK      : calling: https://b.thumbs.redditmedia.com/X3yyAViE0gxiHR-kf9Z5xmLa8dKsm8iWJyKdWNVtOhU.jpg
08-05 22:44:47.566  6590  9563 D OK      : calling: https://api.gfycat.com/v1/gfycats/foolhardysparklinglarva
08-05 22:44:47.572  6590  9564 D OK      : calling: https://b.thumbs.redditmedia.com/Bx9FZp8_w10DfFUf_mqVPMfu4Y0h2lo41Dh4tl2eNeQ.jpg
08-05 22:44:47.577  6590  9565 D OK      : calling: https://a.thumbs.redditmedia.com/KpcC72KH04Be3BqxmFbv_Gz7LCy-24GU-70or3KCdJ4.jpg
08-05 22:44:47.578  6590  9566 D OK      : calling: https://v.redd.it/h49fg58ygjd51/DASHPlaylist.mpd
08-05 22:44:47.580  6590  9567 D OK      : calling: https://a.thumbs.redditmedia.com/cEOtajy3CAQrjwSA3hhSqnPx8bfkRzglo7Lz1SBTmE0.jpg
08-05 22:44:47.582  6590  9568 D OK      : calling: https://v.redd.it/1ewzkieg0jd51/DASHPlaylist.mpd
08-05 22:44:47.589  6590  9569 D OK      : calling: https://b.thumbs.redditmedia.com/RrJbRRjFZWmckrONtkPTloJh52FfqD_XkLMuYuuQvAg.jpg
08-05 22:44:47.590  6590  9570 D OK      : calling: https://b.thumbs.redditmedia.com/chqK3f9u3D7UmfrGP85f4sOQFihMk6q7fFSeMyWs_7E.jpg
08-05 22:44:47.596  6590  9571 D OK      : calling: https://v.redd.it/ppmhu2r9thd51/DASHPlaylist.mpd
08-05 22:44:47.598  6590  9572 D OK      : calling: https://b.thumbs.redditmedia.com/B18Vu5Jw71XCkFOFHimnUC42ya8apHsmcCW-HFmtb6w.jpg
08-05 22:44:47.608  6590  9573 D OK      : calling: https://v.redd.it/s9qqadf3mid51/DASHPlaylist.mpd
08-05 22:44:47.609  6590  9574 D OK      : calling: https://b.thumbs.redditmedia.com/iZuzjufMpYUYtQRLjRwce4RDb6JYsId95_iezR2Uc0w.jpg
08-05 22:44:47.612  6590  9575 D OK      : calling: https://v.redd.it/b8vazlcb7ld51/DASHPlaylist.mpd
08-05 22:44:47.620  6590  9576 D OK      : calling: https://b.thumbs.redditmedia.com/XNb1kfskabGDLMqv661Q22hBtCb8w5oyePDcFaZi9aY.jpg
08-05 22:44:47.621  6590  9577 D OK      : calling: https://v.redd.it/ty24o02m1hd51/DASHPlaylist.mpd
08-05 22:44:47.623  6590  9578 D OK      : calling: https://b.thumbs.redditmedia.com/lMqJbh1Z40ffemA0TnSfVnovznn4hvJNue60AsJ-ETs.jpg
08-05 22:44:47.627  6590  9579 D OK      : calling: https://b.thumbs.redditmedia.com/x5l4cICw0WNNvslt5FqVjwj89XrGjrXnNbaSyQRAyCo.jpg
08-05 22:44:47.629  6590  9580 D OK      : calling: https://v.redd.it/ar5k8892pid51/DASHPlaylist.mpd
08-05 22:44:47.631  6590  9581 D OK      : calling: https://b.thumbs.redditmedia.com/189nmwjW7eGWBD0J-cxzsUac1V1ZWGzMFC66inY4u4Y.jpg
08-05 22:44:47.649  6590  9582 D OK      : calling: https://b.thumbs.redditmedia.com/d_-UsfmKASoIHi4vZyyjvvwFtm1S7-DEi9AQPOnGIgY.jpg
08-05 22:44:47.690  6590  6614 I art     : Starting a blocking GC Explicit
08-05 22:44:47.755  6590  6614 I art     : Explicit concurrent mark sweep GC freed 49303(2MB) AllocSpace objects, 3(156KB) LOS objects, 34% free, 30MB/46MB, paused 3.493ms total 65.514ms
08-05 22:44:47.772  6590  6590 W RecyclerView: Cannot call this method in a scroll callback. Scroll callbacks mightbe run during a measure & layout pass where you cannot change theRecyclerView data. Any method call that might change the structureof the RecyclerView or the adapter contents should be postponed tothe next frame.
08-05 22:44:47.772  6590  6590 W RecyclerView: java.lang.IllegalStateException:  androidx.recyclerview.widget.RecyclerView{414fd79 VFED..... .F....ID 0,0-1440,2140 #7f0900ef app:id/scrollbar_recyclerview_recyclerview}, adapter:baseline.org.quantumbadger.redreader.adapters.GroupedRecyclerViewAdapter@6c0fabe, layout:androidx.recyclerview.widget.LinearLayoutManager@984d71f, context:baseline.org.quantumbadger.redreader.activities.PostListingActivity@516d89a
08-05 22:44:47.772  6590  6590 W RecyclerView: 	at androidx.recyclerview.widget.RecyclerView.assertNotInLayoutOrScroll(RecyclerView.java:3061)
08-05 22:44:47.772  6590  6590 W RecyclerView: 	at androidx.recyclerview.widget.RecyclerView$RecyclerViewDataObserver.onItemRangeInserted(RecyclerView.java:5555)
08-05 22:44:47.772  6590  6590 W RecyclerView: 	at androidx.recyclerview.widget.RecyclerView$AdapterDataObservable.notifyItemRangeInserted(RecyclerView.java:12278)
08-05 22:44:47.772  6590  6590 W RecyclerView: 	at androidx.recyclerview.widget.RecyclerView$Adapter.notifyItemInserted(RecyclerView.java:7464)
08-05 22:44:47.772  6590  6590 W RecyclerView: 	at baseline.org.quantumbadger.redreader.adapters.GroupedRecyclerViewAdapter.updateHiddenStatus(GroupedRecyclerViewAdapter.java:279)
08-05 22:44:47.772  6590  6590 W RecyclerView: 	at baseline.org.quantumbadger.redreader.adapters.RedditListingManager.setLoadingVisible(RedditListingManager.java:125)
08-05 22:44:47.772  6590  6590 W RecyclerView: 	at baseline.org.quantumbadger.redreader.fragments.PostListingFragment.onLoadMoreItemsCheck(PostListingFragment.java:465)
08-05 22:44:47.772  6590  6590 W RecyclerView: 	at baseline.org.quantumbadger.redreader.fragments.PostListingFragment.access$000(PostListingFragment.java:98)
08-05 22:44:47.772  6590  6590 W RecyclerView: 	at baseline.org.quantumbadger.redreader.fragments.PostListingFragment$2.onScrolled(PostListingFragment.java:215)
08-05 22:44:47.772  6590  6590 W RecyclerView: 	at androidx.recyclerview.widget.RecyclerView.dispatchOnScrolled(RecyclerView.java:5173)
08-05 22:44:47.772  6590  6590 W RecyclerView: 	at androidx.recyclerview.widget.RecyclerView.dispatchLayoutStep3(RecyclerView.java:4231)
08-05 22:44:47.772  6590  6590 W RecyclerView: 	at androidx.recyclerview.widget.RecyclerView.dispatchLayout(RecyclerView.java:3862)
08-05 22:44:47.772  6590  6590 W RecyclerView: 	at androidx.recyclerview.widget.RecyclerView.consumePendingUpdateOperations(RecyclerView.java:1897)
08-05 22:44:47.772  6590  6590 W RecyclerView: 	at androidx.recyclerview.widget.RecyclerView$1.run(RecyclerView.java:414)
08-05 22:44:47.772  6590  6590 W RecyclerView: 	at android.view.Choreographer$CallbackRecord.run(Choreographer.java:858)
08-05 22:44:47.772  6590  6590 W RecyclerView: 	at android.view.Choreographer.doCallbacks(Choreographer.java:670)
08-05 22:44:47.772  6590  6590 W RecyclerView: 	at android.view.Choreographer.doFrame(Choreographer.java:603)
08-05 22:44:47.772  6590  6590 W RecyclerView: 	at android.view.Choreographer$FrameDisplayEventReceiver.run(Choreographer.java:844)
08-05 22:44:47.772  6590  6590 W RecyclerView: 	at android.os.Handler.handleCallback(Handler.java:739)
08-05 22:44:47.772  6590  6590 W RecyclerView: 	at android.os.Handler.dispatchMessage(Handler.java:95)
08-05 22:44:47.772  6590  6590 W RecyclerView: 	at android.os.Looper.loop(Looper.java:148)
08-05 22:44:47.772  6590  6590 W RecyclerView: 	at android.app.ActivityThread.main(ActivityThread.java:5417)
08-05 22:44:47.772  6590  6590 W RecyclerView: 	at java.lang.reflect.Method.invoke(Native Method)
08-05 22:44:47.772  6590  6590 W RecyclerView: 	at com.android.internal.os.ZygoteInit$MethodAndArgsCaller.run(ZygoteInit.java:726)
08-05 22:44:47.772  6590  6590 W RecyclerView: 	at com.android.internal.os.ZygoteInit.main(ZygoteInit.java:616)
08-05 22:44:47.775  6590  6614 I art     : Starting a blocking GC Explicit
08-05 22:44:47.834  6590  6614 I art     : Explicit concurrent mark sweep GC freed 3729(309KB) AllocSpace objects, 0(0B) LOS objects, 34% free, 30MB/46MB, paused 2.900ms total 58.785ms
08-05 22:44:47.856  6590  6614 I art     : Starting a blocking GC Explicit
08-05 22:44:47.909  6590  6614 I art     : Explicit concurrent mark sweep GC freed 4145(269KB) AllocSpace objects, 0(0B) LOS objects, 34% free, 30MB/46MB, paused 2.680ms total 52.396ms
08-05 22:44:47.927  6590  6614 I art     : Starting a blocking GC Explicit
08-05 22:44:47.985  6590  6614 I art     : Explicit concurrent mark sweep GC freed 9858(410KB) AllocSpace objects, 0(0B) LOS objects, 34% free, 30MB/46MB, paused 2.611ms total 57.208ms
08-05 22:44:48.004  6590  6614 I art     : Starting a blocking GC Explicit
08-05 22:44:48.065  6590  6614 I art     : Explicit concurrent mark sweep GC freed 19883(934KB) AllocSpace objects, 0(0B) LOS objects, 34% free, 30MB/46MB, paused 2.828ms total 61.130ms
08-05 22:44:48.347  6590  9534 I NAPPA_EXPERIMENTATION: MetricNetworkRequestExecutionTime: REQUEST_DURATION_SYSTEM='892',REQUEST_DURATION_OKHTTP='476',REQUEST_SYNCHRONOUS='TRUE',RESPONSE_CODE='200',RESPONSE_METHOD='GET',RESPONSE_LENGTH_OKHTTP='3891',RESPONSE_LENGTH_HEADER='3891',REQUEST_PROTOCOL='h2',REQUEST_URL='https://b.thumbs.redditmedia.com/CKInrczASoQbNvSBStGz11Tok0uCyQoxmZ02sOE37sQ.jpg',
08-05 22:44:48.348  6590  9534 D OK      : request got status: 200
08-05 22:44:48.366  6590  9633 D OK      : calling: https://oauth.reddit.com/r/aww/hot/.json?after=t3_hz5odc
08-05 22:44:48.370  6590  9535 I NAPPA_EXPERIMENTATION: MetricNetworkRequestExecutionTime: REQUEST_DURATION_SYSTEM='905',REQUEST_DURATION_OKHTTP='467',REQUEST_SYNCHRONOUS='TRUE',RESPONSE_CODE='200',RESPONSE_METHOD='GET',RESPONSE_LENGTH_OKHTTP='4487',RESPONSE_LENGTH_HEADER='4487',REQUEST_PROTOCOL='h2',REQUEST_URL='https://a.thumbs.redditmedia.com/sKVnLbatvJCZOE2ooe6CgiEftOB3ukgPMdcydbk9CZ4.jpg',
08-05 22:44:48.370  6590  9535 D OK      : request got status: 200
08-05 22:44:48.409  6590  7013 I art     : Starting a blocking GC Explicit
08-05 22:44:48.478  6590  7013 I art     : Explicit concurrent mark sweep GC freed 46449(2MB) AllocSpace objects, 11(684KB) LOS objects, 34% free, 30MB/46MB, paused 2.445ms total 68.751ms
08-05 22:44:48.497  6590  7013 I art     : Starting a blocking GC Explicit
08-05 22:44:48.502  6590  9549 I NAPPA_EXPERIMENTATION: MetricNetworkRequestExecutionTime: REQUEST_DURATION_SYSTEM='996',REQUEST_DURATION_OKHTTP='560',REQUEST_SYNCHRONOUS='TRUE',RESPONSE_CODE='200',RESPONSE_METHOD='GET',RESPONSE_LENGTH_OKHTTP='7265',RESPONSE_LENGTH_HEADER='7265',REQUEST_PROTOCOL='h2',REQUEST_URL='https://b.thumbs.redditmedia.com/N6fiqTp8nJD2l7sUz4nij7j1yHYMTKaflUIrn8E2bAU.jpg',
08-05 22:44:48.502  6590  9549 D OK      : request got status: 200
08-05 22:44:48.532  6590  9555 I NAPPA_EXPERIMENTATION: MetricNetworkRequestExecutionTime: REQUEST_DURATION_SYSTEM='997',REQUEST_DURATION_OKHTTP='582',REQUEST_SYNCHRONOUS='TRUE',RESPONSE_CODE='200',RESPONSE_METHOD='GET',RESPONSE_LENGTH_OKHTTP='6093',RESPONSE_LENGTH_HEADER='6093',REQUEST_PROTOCOL='h2',REQUEST_URL='https://b.thumbs.redditmedia.com/lQKqDneXS8E7ZBD9cUQy4OqOt8PuTneSvVFtnU0pwCE.jpg',
08-05 22:44:48.532  6590  9555 D OK      : request got status: 200
08-05 22:44:48.554  6590  7013 I art     : Explicit concurrent mark sweep GC freed 3337(174KB) AllocSpace objects, 7(524KB) LOS objects, 34% free, 30MB/46MB, paused 2.417ms total 56.663ms
08-05 22:44:48.566  6590  9540 I NAPPA_EXPERIMENTATION: MetricNetworkRequestExecutionTime: REQUEST_DURATION_SYSTEM='1083',REQUEST_DURATION_OKHTTP='621',REQUEST_SYNCHRONOUS='TRUE',RESPONSE_CODE='200',RESPONSE_METHOD='GET',RESPONSE_LENGTH_OKHTTP='5113',RESPONSE_LENGTH_HEADER='5113',REQUEST_PROTOCOL='h2',REQUEST_URL='https://b.thumbs.redditmedia.com/1cAaKl6LkrikiRbLsBzzOvufKqRKuPi3wgjUkX8axkI.jpg',
08-05 22:44:48.567  6590  9540 D OK      : request got status: 200
08-05 22:44:48.574  6590  7013 I art     : Starting a blocking GC Explicit
08-05 22:44:48.593  6590  9537 I NAPPA_EXPERIMENTATION: MetricNetworkRequestExecutionTime: REQUEST_DURATION_SYSTEM='1109',REQUEST_DURATION_OKHTTP='628',REQUEST_SYNCHRONOUS='TRUE',RESPONSE_CODE='200',RESPONSE_METHOD='GET',RESPONSE_LENGTH_OKHTTP='6530',RESPONSE_LENGTH_HEADER='6530',REQUEST_PROTOCOL='h2',REQUEST_URL='https://a.thumbs.redditmedia.com/dFt2-stQJkfZ8O7r7ywG9GQsF08fZXxEJfQtAmiJ-F8.jpg',
08-05 22:44:48.593  6590  9537 D OK      : request got status: 200
08-05 22:44:48.605  6590  9541 I NAPPA_EXPERIMENTATION: MetricNetworkRequestExecutionTime: REQUEST_DURATION_SYSTEM='1116',REQUEST_DURATION_OKHTTP='601',REQUEST_SYNCHRONOUS='TRUE',RESPONSE_CODE='200',RESPONSE_METHOD='GET',RESPONSE_LENGTH_OKHTTP='6242',RESPONSE_LENGTH_HEADER='6242',REQUEST_PROTOCOL='h2',REQUEST_URL='https://b.thumbs.redditmedia.com/NUqJWcobH7ToYhCM0w6nnAFZ46ymm9vPD25BC3s7Wco.jpg',
08-05 22:44:48.605  6590  9541 D OK      : request got status: 200
08-05 22:44:48.630  6590  7013 I art     : Explicit concurrent mark sweep GC freed 827(87KB) AllocSpace objects, 7(392KB) LOS objects, 33% free, 31MB/47MB, paused 2.358ms total 56.100ms
08-05 22:44:48.631  6590  9543 I NAPPA_EXPERIMENTATION: MetricNetworkRequestExecutionTime: REQUEST_DURATION_SYSTEM='1142',REQUEST_DURATION_OKHTTP='672',REQUEST_SYNCHRONOUS='TRUE',RESPONSE_CODE='200',RESPONSE_METHOD='GET',RESPONSE_LENGTH_OKHTTP='6131',RESPONSE_LENGTH_HEADER='6131',REQUEST_PROTOCOL='h2',REQUEST_URL='https://b.thumbs.redditmedia.com/bUY4al781EZ3q7hUlnLebemHCXE3e63_SSxl2uo4Q4A.jpg',
08-05 22:44:48.631  6590  9543 D OK      : request got status: 200
08-05 22:44:48.650  6590  7013 I art     : Starting a blocking GC Explicit
08-05 22:44:48.689  6590  9545 I NAPPA_EXPERIMENTATION: MetricNetworkRequestExecutionTime: REQUEST_DURATION_SYSTEM='1190',REQUEST_DURATION_OKHTTP='669',REQUEST_SYNCHRONOUS='TRUE',RESPONSE_CODE='200',RESPONSE_METHOD='GET',RESPONSE_LENGTH_OKHTTP='6434',RESPONSE_LENGTH_HEADER='6434',REQUEST_PROTOCOL='h2',REQUEST_URL='https://b.thumbs.redditmedia.com/_H8tFMmL5-3GrxYkCtMSHiyNfjbX8pxctOw_vrzyw7o.jpg',
08-05 22:44:48.689  6590  9545 D OK      : request got status: 200
08-05 22:44:48.702  6590  7013 I art     : Explicit concurrent mark sweep GC freed 1068(167KB) AllocSpace objects, 16(752KB) LOS objects, 33% free, 31MB/47MB, paused 2.140ms total 52.165ms
08-05 22:44:48.713  6590  9546 I NAPPA_EXPERIMENTATION: MetricNetworkRequestExecutionTime: REQUEST_DURATION_SYSTEM='1212',REQUEST_DURATION_OKHTTP='701',REQUEST_SYNCHRONOUS='TRUE',RESPONSE_CODE='200',RESPONSE_METHOD='GET',RESPONSE_LENGTH_OKHTTP='6634',RESPONSE_LENGTH_HEADER='6634',REQUEST_PROTOCOL='h2',REQUEST_URL='https://b.thumbs.redditmedia.com/JTSWFy2_tijPk6cA5noKDydEAMkMJcDmKQTSX178zwc.jpg',
08-05 22:44:48.713  6590  9546 D OK      : request got status: 200
08-05 22:44:48.722  6590  7013 I art     : Starting a blocking GC Explicit
08-05 22:44:48.731  6590  9565 I NAPPA_EXPERIMENTATION: MetricNetworkRequestExecutionTime: REQUEST_DURATION_SYSTEM='1154',REQUEST_DURATION_OKHTTP='678',REQUEST_SYNCHRONOUS='TRUE',RESPONSE_CODE='200',RESPONSE_METHOD='GET',RESPONSE_LENGTH_OKHTTP='4798',RESPONSE_LENGTH_HEADER='4798',REQUEST_PROTOCOL='h2',REQUEST_URL='https://a.thumbs.redditmedia.com/KpcC72KH04Be3BqxmFbv_Gz7LCy-24GU-70or3KCdJ4.jpg',
08-05 22:44:48.731  6590  9565 D OK      : request got status: 200
08-05 22:44:48.749  6590  9557 I NAPPA_EXPERIMENTATION: MetricNetworkRequestExecutionTime: REQUEST_DURATION_SYSTEM='1216',REQUEST_DURATION_OKHTTP='717',REQUEST_SYNCHRONOUS='TRUE',RESPONSE_CODE='200',RESPONSE_METHOD='GET',RESPONSE_LENGTH_OKHTTP='1713',RESPONSE_LENGTH_HEADER='1713',REQUEST_PROTOCOL='h2',REQUEST_URL='https://v.redd.it/ak6rer1hskd51/DASHPlaylist.mpd',
08-05 22:44:48.749  6590  9557 D OK      : request got status: 200
08-05 22:44:48.771  6590  7013 I art     : Explicit concurrent mark sweep GC freed 1204(130KB) AllocSpace objects, 12(648KB) LOS objects, 33% free, 32MB/48MB, paused 2.069ms total 49.186ms
08-05 22:44:48.775  6590  9544 I NAPPA_EXPERIMENTATION: MetricNetworkRequestExecutionTime: REQUEST_DURATION_SYSTEM='1279',REQUEST_DURATION_OKHTTP='754',REQUEST_SYNCHRONOUS='TRUE',RESPONSE_CODE='200',RESPONSE_METHOD='GET',RESPONSE_LENGTH_OKHTTP='5439',RESPONSE_LENGTH_HEADER='5439',REQUEST_PROTOCOL='h2',REQUEST_URL='https://b.thumbs.redditmedia.com/tTmEfIrujbsvZXbhNSQS6Pc7o7ShCaGqZHbYf7nWdfg.jpg',
08-05 22:44:48.775  6590  9544 D OK      : request got status: 200
08-05 22:44:48.778  6590  9567 I NAPPA_EXPERIMENTATION: MetricNetworkRequestExecutionTime: REQUEST_DURATION_SYSTEM='1197',REQUEST_DURATION_OKHTTP='694',REQUEST_SYNCHRONOUS='TRUE',RESPONSE_CODE='200',RESPONSE_METHOD='GET',RESPONSE_LENGTH_OKHTTP='5648',RESPONSE_LENGTH_HEADER='5648',REQUEST_PROTOCOL='h2',REQUEST_URL='https://a.thumbs.redditmedia.com/cEOtajy3CAQrjwSA3hhSqnPx8bfkRzglo7Lz1SBTmE0.jpg',
08-05 22:44:48.778  6590  9567 D OK      : request got status: 200
08-05 22:44:48.799  6590  9554 I NAPPA_EXPERIMENTATION: MetricNetworkRequestExecutionTime: REQUEST_DURATION_SYSTEM='1281',REQUEST_DURATION_OKHTTP='748',REQUEST_SYNCHRONOUS='TRUE',RESPONSE_CODE='200',RESPONSE_METHOD='GET',RESPONSE_LENGTH_OKHTTP='2700',RESPONSE_LENGTH_HEADER='2700',REQUEST_PROTOCOL='h2',REQUEST_URL='https://v.redd.it/fkewv2f65kd51/DASHPlaylist.mpd',
08-05 22:44:48.799  6590  9554 D OK      : request got status: 200
08-05 22:44:48.803  6590  9553 I NAPPA_EXPERIMENTATION: MetricNetworkRequestExecutionTime: REQUEST_DURATION_SYSTEM='1273',REQUEST_DURATION_OKHTTP='779',REQUEST_SYNCHRONOUS='TRUE',RESPONSE_CODE='200',RESPONSE_METHOD='GET',RESPONSE_LENGTH_OKHTTP='4018',RESPONSE_LENGTH_HEADER='4018',REQUEST_PROTOCOL='h2',REQUEST_URL='https://b.thumbs.redditmedia.com/lVNra-iScxkYcYtSstJ-7J7pRAUDRXIwwJhsen1ZK9g.jpg',
08-05 22:44:48.803  6590  9553 D OK      : request got status: 200
08-05 22:44:48.808  6590  9557 I RedditVideosAPI: For 'https://v.redd.it/ak6rer1hskd51/DASHPlaylist.mpd', got video stream 'https://v.redd.it/ak6rer1hskd51/DASH_360' and audio stream 'null'
08-05 22:44:48.819  6590  9560 I NAPPA_EXPERIMENTATION: MetricNetworkRequestExecutionTime: REQUEST_DURATION_SYSTEM='1254',REQUEST_DURATION_OKHTTP='731',REQUEST_SYNCHRONOUS='TRUE',RESPONSE_CODE='200',RESPONSE_METHOD='GET',RESPONSE_LENGTH_OKHTTP='7078',RESPONSE_LENGTH_HEADER='7078',REQUEST_PROTOCOL='h2',REQUEST_URL='https://b.thumbs.redditmedia.com/X3yyAViE0gxiHR-kf9Z5xmLa8dKsm8iWJyKdWNVtOhU.jpg',
08-05 22:44:48.819  6590  9560 D OK      : request got status: 200
08-05 22:44:48.825  6590  9542 I NAPPA_EXPERIMENTATION: MetricNetworkRequestExecutionTime: REQUEST_DURATION_SYSTEM='1339',REQUEST_DURATION_OKHTTP='809',REQUEST_SYNCHRONOUS='TRUE',RESPONSE_CODE='200',RESPONSE_METHOD='GET',RESPONSE_LENGTH_OKHTTP='-1',RESPONSE_LENGTH_HEADER='379',REQUEST_PROTOCOL='h2',REQUEST_URL='https://api.imgur.com/3/image/NSO7Npm',
08-05 22:44:48.825  6590  9542 D OK      : request got status: 200
08-05 22:44:48.828  6590  9551 I NAPPA_EXPERIMENTATION: MetricNetworkRequestExecutionTime: REQUEST_DURATION_SYSTEM='1314',REQUEST_DURATION_OKHTTP='723',REQUEST_SYNCHRONOUS='TRUE',RESPONSE_CODE='200',RESPONSE_METHOD='GET',RESPONSE_LENGTH_OKHTTP='8699',RESPONSE_LENGTH_HEADER='8699',REQUEST_PROTOCOL='h2',REQUEST_URL='https://b.thumbs.redditmedia.com/HkEQtny0bE4H3dMCd_woPsLAXBoPwp_DZ4ioFNIQLKk.jpg',
08-05 22:44:48.828  6590  9551 D OK      : request got status: 200
08-05 22:44:48.831  6590  9568 I NAPPA_EXPERIMENTATION: MetricNetworkRequestExecutionTime: REQUEST_DURATION_SYSTEM='1249',REQUEST_DURATION_OKHTTP='752',REQUEST_SYNCHRONOUS='TRUE',RESPONSE_CODE='200',RESPONSE_METHOD='GET',RESPONSE_LENGTH_OKHTTP='3058',RESPONSE_LENGTH_HEADER='3058',REQUEST_PROTOCOL='h2',REQUEST_URL='https://v.redd.it/1ewzkieg0jd51/DASHPlaylist.mpd',
08-05 22:44:48.831  6590  9568 D OK      : request got status: 200
08-05 22:44:48.837  6590  9564 I NAPPA_EXPERIMENTATION: MetricNetworkRequestExecutionTime: REQUEST_DURATION_SYSTEM='1264',REQUEST_DURATION_OKHTTP='774',REQUEST_SYNCHRONOUS='TRUE',RESPONSE_CODE='200',RESPONSE_METHOD='GET',RESPONSE_LENGTH_OKHTTP='5207',RESPONSE_LENGTH_HEADER='5207',REQUEST_PROTOCOL='h2',REQUEST_URL='https://b.thumbs.redditmedia.com/Bx9FZp8_w10DfFUf_mqVPMfu4Y0h2lo41Dh4tl2eNeQ.jpg',
08-05 22:44:48.837  6590  9564 D OK      : request got status: 200
08-05 22:44:48.843  6590  9566 I NAPPA_EXPERIMENTATION: MetricNetworkRequestExecutionTime: REQUEST_DURATION_SYSTEM='1265',REQUEST_DURATION_OKHTTP='751',REQUEST_SYNCHRONOUS='TRUE',RESPONSE_CODE='200',RESPONSE_METHOD='GET',RESPONSE_LENGTH_OKHTTP='2429',RESPONSE_LENGTH_HEADER='2429',REQUEST_PROTOCOL='h2',REQUEST_URL='https://v.redd.it/h49fg58ygjd51/DASHPlaylist.mpd',
08-05 22:44:48.843  6590  9566 D OK      : request got status: 200
08-05 22:44:48.845  6590  9569 I NAPPA_EXPERIMENTATION: MetricNetworkRequestExecutionTime: REQUEST_DURATION_SYSTEM='1256',REQUEST_DURATION_OKHTTP='725',REQUEST_SYNCHRONOUS='TRUE',RESPONSE_CODE='200',RESPONSE_METHOD='GET',RESPONSE_LENGTH_OKHTTP='5229',RESPONSE_LENGTH_HEADER='5229',REQUEST_PROTOCOL='h2',REQUEST_URL='https://b.thumbs.redditmedia.com/RrJbRRjFZWmckrONtkPTloJh52FfqD_XkLMuYuuQvAg.jpg',
08-05 22:44:48.845  6590  9569 D OK      : request got status: 200
08-05 22:44:48.854  6590  9570 I NAPPA_EXPERIMENTATION: MetricNetworkRequestExecutionTime: REQUEST_DURATION_SYSTEM='1263',REQUEST_DURATION_OKHTTP='728',REQUEST_SYNCHRONOUS='TRUE',RESPONSE_CODE='200',RESPONSE_METHOD='GET',RESPONSE_LENGTH_OKHTTP='6163',RESPONSE_LENGTH_HEADER='6163',REQUEST_PROTOCOL='h2',REQUEST_URL='https://b.thumbs.redditmedia.com/chqK3f9u3D7UmfrGP85f4sOQFihMk6q7fFSeMyWs_7E.jpg',
08-05 22:44:48.854  6590  9570 D OK      : request got status: 200
08-05 22:44:48.862  6590  9572 I NAPPA_EXPERIMENTATION: MetricNetworkRequestExecutionTime: REQUEST_DURATION_SYSTEM='1264',REQUEST_DURATION_OKHTTP='666',REQUEST_SYNCHRONOUS='TRUE',RESPONSE_CODE='200',RESPONSE_METHOD='GET',RESPONSE_LENGTH_OKHTTP='8835',RESPONSE_LENGTH_HEADER='8835',REQUEST_PROTOCOL='h2',REQUEST_URL='https://b.thumbs.redditmedia.com/B18Vu5Jw71XCkFOFHimnUC42ya8apHsmcCW-HFmtb6w.jpg',
08-05 22:44:48.862  6590  9572 D OK      : request got status: 200
08-05 22:44:48.869  6590  9573 I NAPPA_EXPERIMENTATION: MetricNetworkRequestExecutionTime: REQUEST_DURATION_SYSTEM='1260',REQUEST_DURATION_OKHTTP='749',REQUEST_SYNCHRONOUS='TRUE',RESPONSE_CODE='200',RESPONSE_METHOD='GET',RESPONSE_LENGTH_OKHTTP='2698',RESPONSE_LENGTH_HEADER='2698',REQUEST_PROTOCOL='h2',REQUEST_URL='https://v.redd.it/s9qqadf3mid51/DASHPlaylist.mpd',
08-05 22:44:48.869  6590  9573 D OK      : request got status: 200
08-05 22:44:48.888  6590  9571 I NAPPA_EXPERIMENTATION: MetricNetworkRequestExecutionTime: REQUEST_DURATION_SYSTEM='1292',REQUEST_DURATION_OKHTTP='684',REQUEST_SYNCHRONOUS='TRUE',RESPONSE_CODE='200',RESPONSE_METHOD='GET',RESPONSE_LENGTH_OKHTTP='2787',RESPONSE_LENGTH_HEADER='2787',REQUEST_PROTOCOL='h2',REQUEST_URL='https://v.redd.it/ppmhu2r9thd51/DASHPlaylist.mpd',
08-05 22:44:48.888  6590  9571 D OK      : request got status: 200
08-05 22:44:48.892  6590  9576 I NAPPA_EXPERIMENTATION: MetricNetworkRequestExecutionTime: REQUEST_DURATION_SYSTEM='1272',REQUEST_DURATION_OKHTTP='670',REQUEST_SYNCHRONOUS='TRUE',RESPONSE_CODE='200',RESPONSE_METHOD='GET',RESPONSE_LENGTH_OKHTTP='4067',RESPONSE_LENGTH_HEADER='4067',REQUEST_PROTOCOL='h2',REQUEST_URL='https://b.thumbs.redditmedia.com/XNb1kfskabGDLMqv661Q22hBtCb8w5oyePDcFaZi9aY.jpg',
08-05 22:44:48.892  6590  9576 D OK      : request got status: 200
08-05 22:44:48.892  6590  9577 I NAPPA_EXPERIMENTATION: MetricNetworkRequestExecutionTime: REQUEST_DURATION_SYSTEM='1271',REQUEST_DURATION_OKHTTP='591',REQUEST_SYNCHRONOUS='TRUE',RESPONSE_CODE='200',RESPONSE_METHOD='GET',RESPONSE_LENGTH_OKHTTP='2071',RESPONSE_LENGTH_HEADER='2071',REQUEST_PROTOCOL='h2',REQUEST_URL='https://v.redd.it/ty24o02m1hd51/DASHPlaylist.mpd',
08-05 22:44:48.892  6590  9577 D OK      : request got status: 200
08-05 22:44:48.894  6590  9554 I RedditVideosAPI: For 'https://v.redd.it/fkewv2f65kd51/DASHPlaylist.mpd', got video stream 'https://v.redd.it/fkewv2f65kd51/DASH_480' and audio stream 'https://v.redd.it/fkewv2f65kd51/audio'
08-05 22:44:48.904  6590  9574 I NAPPA_EXPERIMENTATION: MetricNetworkRequestExecutionTime: REQUEST_DURATION_SYSTEM='1294',REQUEST_DURATION_OKHTTP='648',REQUEST_SYNCHRONOUS='TRUE',RESPONSE_CODE='200',RESPONSE_METHOD='GET',RESPONSE_LENGTH_OKHTTP='2861',RESPONSE_LENGTH_HEADER='2861',REQUEST_PROTOCOL='h2',REQUEST_URL='https://b.thumbs.redditmedia.com/iZuzjufMpYUYtQRLjRwce4RDb6JYsId95_iezR2Uc0w.jpg',
08-05 22:44:48.904  6590  9574 D OK      : request got status: 200
08-05 22:44:48.909  6590  9575 I NAPPA_EXPERIMENTATION: MetricNetworkRequestExecutionTime: REQUEST_DURATION_SYSTEM='1296',REQUEST_DURATION_OKHTTP='693',REQUEST_SYNCHRONOUS='TRUE',RESPONSE_CODE='200',RESPONSE_METHOD='GET',RESPONSE_LENGTH_OKHTTP='3060',RESPONSE_LENGTH_HEADER='3060',REQUEST_PROTOCOL='h2',REQUEST_URL='https://v.redd.it/b8vazlcb7ld51/DASHPlaylist.mpd',
08-05 22:44:48.909  6590  9575 D OK      : request got status: 200
08-05 22:44:48.918  6590  9633 I NAPPA_EXPERIMENTATION: MetricNetworkRequestExecutionTime: REQUEST_DURATION_SYSTEM='552',REQUEST_DURATION_OKHTTP='549',REQUEST_SYNCHRONOUS='TRUE',RESPONSE_CODE='200',RESPONSE_METHOD='GET',RESPONSE_LENGTH_OKHTTP='-1',RESPONSE_LENGTH_HEADER='30610',REQUEST_PROTOCOL='h2',REQUEST_URL='https://oauth.reddit.com/r/aww/hot/.json?after=t3_hz5odc',
08-05 22:44:48.918  6590  9633 D OK      : request got status: 200
08-05 22:44:48.925  6590  7176 I PostListingFragment: Precaching images: OFF
08-05 22:44:48.925  6590  7176 I PostListingFragment: Precaching comments: OFF
08-05 22:44:48.934  6590  9556 I NAPPA_EXPERIMENTATION: MetricNetworkRequestExecutionTime: REQUEST_DURATION_SYSTEM='1377',REQUEST_DURATION_OKHTTP='599',REQUEST_SYNCHRONOUS='TRUE',RESPONSE_CODE='200',RESPONSE_METHOD='GET',RESPONSE_LENGTH_OKHTTP='-1',RESPONSE_LENGTH_HEADER='955',REQUEST_PROTOCOL='http/1.1',REQUEST_URL='https://api.gfycat.com/v1/gfycats/altruisticthankfulankolewatusi',
08-05 22:44:48.934  6590  9556 D OK      : request got status: 200
08-05 22:44:48.938  6590  9580 I NAPPA_EXPERIMENTATION: MetricNetworkRequestExecutionTime: REQUEST_DURATION_SYSTEM='1308',REQUEST_DURATION_OKHTTP='593',REQUEST_SYNCHRONOUS='TRUE',RESPONSE_CODE='200',RESPONSE_METHOD='GET',RESPONSE_LENGTH_OKHTTP='2342',RESPONSE_LENGTH_HEADER='2342',REQUEST_PROTOCOL='h2',REQUEST_URL='https://v.redd.it/ar5k8892pid51/DASHPlaylist.mpd',
08-05 22:44:48.938  6590  9580 D OK      : request got status: 200
08-05 22:44:48.940  6590  9579 I NAPPA_EXPERIMENTATION: MetricNetworkRequestExecutionTime: REQUEST_DURATION_SYSTEM='1313',REQUEST_DURATION_OKHTTP='674',REQUEST_SYNCHRONOUS='TRUE',RESPONSE_CODE='200',RESPONSE_METHOD='GET',RESPONSE_LENGTH_OKHTTP='6843',RESPONSE_LENGTH_HEADER='6843',REQUEST_PROTOCOL='h2',REQUEST_URL='https://b.thumbs.redditmedia.com/x5l4cICw0WNNvslt5FqVjwj89XrGjrXnNbaSyQRAyCo.jpg',
08-05 22:44:48.940  6590  9579 D OK      : request got status: 200
08-05 22:44:48.941  6590  9536 I NAPPA_EXPERIMENTATION: MetricNetworkRequestExecutionTime: REQUEST_DURATION_SYSTEM='1466',REQUEST_DURATION_OKHTTP='671',REQUEST_SYNCHRONOUS='TRUE',RESPONSE_CODE='200',RESPONSE_METHOD='GET',RESPONSE_LENGTH_OKHTTP='-1',RESPONSE_LENGTH_HEADER='812',REQUEST_PROTOCOL='http/1.1',REQUEST_URL='https://api.gfycat.com/v1/gfycats/deadlygravecavy',
08-05 22:44:48.941  6590  9536 D OK      : request got status: 200
08-05 22:44:48.946  6590  9563 I NAPPA_EXPERIMENTATION: MetricNetworkRequestExecutionTime: REQUEST_DURATION_SYSTEM='1380',REQUEST_DURATION_OKHTTP='619',REQUEST_SYNCHRONOUS='TRUE',RESPONSE_CODE='200',RESPONSE_METHOD='GET',RESPONSE_LENGTH_OKHTTP='-1',RESPONSE_LENGTH_HEADER='1021',REQUEST_PROTOCOL='http/1.1',REQUEST_URL='https://api.gfycat.com/v1/gfycats/foolhardysparklinglarva',
08-05 22:44:48.946  6590  9563 D OK      : request got status: 200
08-05 22:44:48.960  6590  9581 I NAPPA_EXPERIMENTATION: MetricNetworkRequestExecutionTime: REQUEST_DURATION_SYSTEM='1329',REQUEST_DURATION_OKHTTP='648',REQUEST_SYNCHRONOUS='TRUE',RESPONSE_CODE='200',RESPONSE_METHOD='GET',RESPONSE_LENGTH_OKHTTP='6778',RESPONSE_LENGTH_HEADER='6778',REQUEST_PROTOCOL='h2',REQUEST_URL='https://b.thumbs.redditmedia.com/189nmwjW7eGWBD0J-cxzsUac1V1ZWGzMFC66inY4u4Y.jpg',
08-05 22:44:48.960  6590  9581 D OK      : request got status: 200
08-05 22:44:48.962  6590  9582 I NAPPA_EXPERIMENTATION: MetricNetworkRequestExecutionTime: REQUEST_DURATION_SYSTEM='1313',REQUEST_DURATION_OKHTTP='652',REQUEST_SYNCHRONOUS='TRUE',RESPONSE_CODE='200',RESPONSE_METHOD='GET',RESPONSE_LENGTH_OKHTTP='6221',RESPONSE_LENGTH_HEADER='6221',REQUEST_PROTOCOL='h2',REQUEST_URL='https://b.thumbs.redditmedia.com/d_-UsfmKASoIHi4vZyyjvvwFtm1S7-DEi9AQPOnGIgY.jpg',
08-05 22:44:48.962  6590  9582 D OK      : request got status: 200
08-05 22:44:48.987  6590  9578 I NAPPA_EXPERIMENTATION: MetricNetworkRequestExecutionTime: REQUEST_DURATION_SYSTEM='1364',REQUEST_DURATION_OKHTTP='669',REQUEST_SYNCHRONOUS='TRUE',RESPONSE_CODE='200',RESPONSE_METHOD='GET',RESPONSE_LENGTH_OKHTTP='4249',RESPONSE_LENGTH_HEADER='4249',REQUEST_PROTOCOL='h2',REQUEST_URL='https://b.thumbs.redditmedia.com/lMqJbh1Z40ffemA0TnSfVnovznn4hvJNue60AsJ-ETs.jpg',
08-05 22:44:48.987  6590  9578 D OK      : request got status: 200
08-05 22:44:49.002  6590  7176 I getImgurImageInfo: Image nLQR2hT: trying API v3 with auth
08-05 22:44:49.055  6590  9568 I RedditVideosAPI: For 'https://v.redd.it/1ewzkieg0jd51/DASHPlaylist.mpd', got video stream 'https://v.redd.it/1ewzkieg0jd51/DASH_480' and audio stream 'https://v.redd.it/1ewzkieg0jd51/audio'
08-05 22:44:49.084  6590  9646 D OK      : calling: https://b.thumbs.redditmedia.com/WehZGjN94ALGdO0M7RjPJ2EwcyyWVZ_NUn1Fuf7IYWY.jpg
08-05 22:44:49.098  6590  6602 I art     : Starting a blocking GC Explicit
08-05 22:44:49.118  6590  9566 I RedditVideosAPI: For 'https://v.redd.it/h49fg58ygjd51/DASHPlaylist.mpd', got video stream 'https://v.redd.it/h49fg58ygjd51/DASH_480' and audio stream 'null'
08-05 22:44:49.163  6590  6602 I art     : Explicit concurrent mark sweep GC freed 28997(2039KB) AllocSpace objects, 72(4MB) LOS objects, 30% free, 35MB/51MB, paused 1.011ms total 64.290ms
08-05 22:44:49.183  6590  6602 I art     : Starting a blocking GC Explicit
08-05 22:44:49.201  6590  9573 I RedditVideosAPI: For 'https://v.redd.it/s9qqadf3mid51/DASHPlaylist.mpd', got video stream 'https://v.redd.it/s9qqadf3mid51/DASH_480' and audio stream 'https://v.redd.it/s9qqadf3mid51/audio'
08-05 22:44:49.220  6590  9571 I RedditVideosAPI: For 'https://v.redd.it/ppmhu2r9thd51/DASHPlaylist.mpd', got video stream 'https://v.redd.it/ppmhu2r9thd51/DASH_480' and audio stream 'null'
08-05 22:44:49.233  6590  9577 I RedditVideosAPI: For 'https://v.redd.it/ty24o02m1hd51/DASHPlaylist.mpd', got video stream 'https://v.redd.it/ty24o02m1hd51/DASH_480' and audio stream 'null'
08-05 22:44:49.236  6590  9649 D OK      : calling: https://b.thumbs.redditmedia.com/Xdo4lcQOwuUNK1yxSlXZ0OI8u23ORAr16_AzfAZ1nvU.jpg
08-05 22:44:49.237  6590  6602 I art     : Explicit concurrent mark sweep GC freed 4559(423KB) AllocSpace objects, 17(980KB) LOS objects, 30% free, 36MB/52MB, paused 923us total 53.318ms
08-05 22:44:49.241  6590  9575 I RedditVideosAPI: For 'https://v.redd.it/b8vazlcb7ld51/DASHPlaylist.mpd', got video stream 'https://v.redd.it/b8vazlcb7ld51/DASH_480' and audio stream 'https://v.redd.it/b8vazlcb7ld51/audio'
08-05 22:44:49.254  6590  9580 I RedditVideosAPI: For 'https://v.redd.it/ar5k8892pid51/DASHPlaylist.mpd', got video stream 'https://v.redd.it/ar5k8892pid51/DASH_360' and audio stream 'https://v.redd.it/ar5k8892pid51/audio'
08-05 22:44:49.257  6590  6602 I art     : Starting a blocking GC Explicit
08-05 22:44:49.303  6590  9650 D OK      : calling: https://b.thumbs.redditmedia.com/2KMYZ5hTlKXSvNO4hDUPyMba8Yz6skyu1SjUhLq1d9s.jpg
08-05 22:44:49.308  6590  9651 D OK      : calling: https://a.thumbs.redditmedia.com/EFVm-ZqqhARyEaKgtwU74c7tfzEDJvI0uiHXGglFag4.jpg
08-05 22:44:49.309  6590  6602 I art     : Explicit concurrent mark sweep GC freed 2495(328KB) AllocSpace objects, 27(1960KB) LOS objects, 30% free, 36MB/52MB, paused 933us total 52.291ms
08-05 22:44:49.311  6590  9652 D OK      : calling: https://b.thumbs.redditmedia.com/qi4bNDKzoPvaSaSx99K2bAjwaRHh1nuOrcbySp1JHdk.jpg
08-05 22:44:49.314  6590  9653 D OK      : calling: https://b.thumbs.redditmedia.com/Ja8yiRMklM2lXd8q60LtBI6CqdmJ5YbWHRiBVFmICJA.jpg
08-05 22:44:49.316  6590  9654 D OK      : calling: https://b.thumbs.redditmedia.com/o5lSsJ_tCgCQxcdjMGaYxuveNluXB1PQT4PokXDhpvc.jpg
08-05 22:44:49.319  6590  9655 D OK      : calling: https://b.thumbs.redditmedia.com/SiCWTmKkQcbiAa7naxAHnw0adTeRkq1dB8QSqzGU7-Q.jpg
08-05 22:44:49.321  6590  9656 D OK      : calling: https://b.thumbs.redditmedia.com/C9qrVibnNxmzfLDKvEHp2v2Bo-Kqme7PoKC52s2o52M.jpg
08-05 22:44:49.324  6590  9657 D OK      : calling: https://a.thumbs.redditmedia.com/Tfsm0ol-ltlxNSBAkZ_4G4302d0hYeOSODkvXidBBR8.jpg
08-05 22:44:49.326  6590  9658 D OK      : calling: https://a.thumbs.redditmedia.com/Kzag-wH9wKRRg2MnPwgoFgXT_2jN_nkJ1lY1aNRQyT4.jpg
08-05 22:44:49.329  6590  9659 D OK      : calling: https://a.thumbs.redditmedia.com/P4gSGpXpi2wDXthNZ-LiwEs5Jvplm6dQ7W7Isqa7un4.jpg
08-05 22:44:49.331  6590  6602 I art     : Starting a blocking GC Explicit
08-05 22:44:49.332  6590  9660 D OK      : calling: https://b.thumbs.redditmedia.com/XkIhgqugP-9Zcb5I9A8o0r-zQJDh_6kastc0oWiiHkI.jpg
08-05 22:44:49.335  6590  9661 D OK      : calling: https://b.thumbs.redditmedia.com/3QPAtixkID9ojpqCAgfspJpruqoq45fM1G-Fx1K2F2A.jpg
08-05 22:44:49.338  6590  9662 D OK      : calling: https://b.thumbs.redditmedia.com/orK4W8Xc99pTzIT6q1waTsppldq24p1qMsHtkNnmu9w.jpg
08-05 22:44:49.340  6590  9663 D OK      : calling: https://b.thumbs.redditmedia.com/B1vXKY_-gTPbs625-RJ1MLIXxzCqfmnCB_0xnGjCECQ.jpg
08-05 22:44:49.342  6590  9664 D OK      : calling: https://a.thumbs.redditmedia.com/ffAKmOqnTuDMNR9MRfCdRtkq_CzN3MVhZxS64ZPYRh4.jpg
08-05 22:44:49.344  6590  9665 D OK      : calling: https://b.thumbs.redditmedia.com/OF1KI_LdSDMMWCy-WgJyRhIcM5fr7kDyu_OnpfRXHfI.jpg
08-05 22:44:49.347  6590  9666 D OK      : calling: https://b.thumbs.redditmedia.com/vuAhA4gGAmYfrTFA4woxZcKgmiDzJ3nAsql2pxcYGFs.jpg
08-05 22:44:49.349  6590  9667 D OK      : calling: https://b.thumbs.redditmedia.com/PtV7mFsO2n0j4YJweZjEqyVJ45hap4hXix9dwj6D0Wg.jpg
08-05 22:44:49.351  6590  9668 D OK      : calling: https://b.thumbs.redditmedia.com/wxTBcOhAgsmbc-TRaGNHpYJYnEOBr2LNsaZ6pCM91Lc.jpg
08-05 22:44:49.353  6590  9669 D OK      : calling: https://b.thumbs.redditmedia.com/Wo7bFIVNZYYuNioRYwZFYxrl6QMk0lT-3W01wrXgHmE.jpg
08-05 22:44:49.355  6590  9670 D OK      : calling: https://b.thumbs.redditmedia.com/NoqMycYTzsyhI0Lq351riEI1mO9p8PvY1QwcZ9Irb9g.jpg
08-05 22:44:49.358  6590  9671 D OK      : calling: https://b.thumbs.redditmedia.com/KrRufqpifph7KM2Le5RdqEYQb24zbB4fizBJpFaH1Pc.jpg
08-05 22:44:49.360  6590  9672 D OK      : calling: https://b.thumbs.redditmedia.com/u2qz17QE3X5G7kkJrgK3HPCdxNQxNkhaWqfIhCuRMvE.jpg
08-05 22:44:49.362  6590  9646 I NAPPA_EXPERIMENTATION: MetricNetworkRequestExecutionTime: REQUEST_DURATION_SYSTEM='278',REQUEST_DURATION_OKHTTP='182',REQUEST_SYNCHRONOUS='TRUE',RESPONSE_CODE='200',RESPONSE_METHOD='GET',RESPONSE_LENGTH_OKHTTP='5435',RESPONSE_LENGTH_HEADER='5435',REQUEST_PROTOCOL='h2',REQUEST_URL='https://b.thumbs.redditmedia.com/WehZGjN94ALGdO0M7RjPJ2EwcyyWVZ_NUn1Fuf7IYWY.jpg',
08-05 22:44:49.362  6590  9646 D OK      : request got status: 200
08-05 22:44:49.362  6590  9673 D OK      : calling: https://v.redd.it/syww111dtjd51/DASHPlaylist.mpd
08-05 22:44:49.365  6590  9674 D OK      : calling: https://v.redd.it/pbqrrfb3tkd51/DASHPlaylist.mpd
08-05 22:44:49.368  6590  9675 D OK      : calling: https://v.redd.it/rrygsb8i4ld51/DASHPlaylist.mpd
08-05 22:44:49.370  6590  9676 D OK      : calling: https://v.redd.it/5x6zzipz8ld51/DASHPlaylist.mpd
08-05 22:44:49.372  6590  9677 D OK      : calling: https://v.redd.it/75en73fm5id51/DASHPlaylist.mpd
08-05 22:44:49.375  6590  9678 D OK      : calling: https://api.imgur.com/3/image/nLQR2hT
08-05 22:44:49.382  6590  9679 D OK      : calling: https://v.redd.it/ggz4fyth6hd51/DASHPlaylist.mpd
08-05 22:44:49.384  6590  9680 D OK      : calling: https://v.redd.it/psrknoobrgd51/DASHPlaylist.mpd
08-05 22:44:49.385  6590  6602 I art     : Explicit concurrent mark sweep GC freed 25184(1273KB) AllocSpace objects, 7(476KB) LOS objects, 30% free, 35MB/51MB, paused 2.460ms total 53.487ms
08-05 22:44:49.387  6590  9681 D OK      : calling: https://v.redd.it/jk6cwef4wld51/DASHPlaylist.mpd
08-05 22:44:49.389  6590  9682 D OK      : calling: https://v.redd.it/t81s8zfz9ld51/DASHPlaylist.mpd
08-05 22:44:49.392  6590  9683 D OK      : calling: https://v.redd.it/xd6c4yyutgd51/DASHPlaylist.mpd
08-05 22:44:49.396  6590  9684 D OK      : calling: https://v.redd.it/ue0jdgk9zhd51/DASHPlaylist.mpd
08-05 22:44:49.404  6590  6602 I art     : Starting a blocking GC Explicit
08-05 22:44:49.458  6590  6602 I art     : Explicit concurrent mark sweep GC freed 2223(144KB) AllocSpace objects, 5(388KB) LOS objects, 31% free, 35MB/51MB, paused 2.498ms total 53.177ms
08-05 22:44:49.493  6590  9649 I NAPPA_EXPERIMENTATION: MetricNetworkRequestExecutionTime: REQUEST_DURATION_SYSTEM='257',REQUEST_DURATION_OKHTTP='255',REQUEST_SYNCHRONOUS='TRUE',RESPONSE_CODE='200',RESPONSE_METHOD='GET',RESPONSE_LENGTH_OKHTTP='5191',RESPONSE_LENGTH_HEADER='5191',REQUEST_PROTOCOL='h2',REQUEST_URL='https://b.thumbs.redditmedia.com/Xdo4lcQOwuUNK1yxSlXZ0OI8u23ORAr16_AzfAZ1nvU.jpg',
08-05 22:44:49.493  6590  9649 D OK      : request got status: 200
08-05 22:44:49.707  6590  9650 I NAPPA_EXPERIMENTATION: MetricNetworkRequestExecutionTime: REQUEST_DURATION_SYSTEM='403',REQUEST_DURATION_OKHTTP='403',REQUEST_SYNCHRONOUS='TRUE',RESPONSE_CODE='200',RESPONSE_METHOD='GET',RESPONSE_LENGTH_OKHTTP='5098',RESPONSE_LENGTH_HEADER='5098',REQUEST_PROTOCOL='h2',REQUEST_URL='https://b.thumbs.redditmedia.com/2KMYZ5hTlKXSvNO4hDUPyMba8Yz6skyu1SjUhLq1d9s.jpg',
08-05 22:44:49.708  6590  9650 D OK      : request got status: 200
08-05 22:44:49.780  6590  9654 I NAPPA_EXPERIMENTATION: MetricNetworkRequestExecutionTime: REQUEST_DURATION_SYSTEM='463',REQUEST_DURATION_OKHTTP='463',REQUEST_SYNCHRONOUS='TRUE',RESPONSE_CODE='200',RESPONSE_METHOD='GET',RESPONSE_LENGTH_OKHTTP='4921',RESPONSE_LENGTH_HEADER='4921',REQUEST_PROTOCOL='h2',REQUEST_URL='https://b.thumbs.redditmedia.com/o5lSsJ_tCgCQxcdjMGaYxuveNluXB1PQT4PokXDhpvc.jpg',
08-05 22:44:49.780  6590  9654 D OK      : request got status: 200
08-05 22:44:49.784  6590  9652 I NAPPA_EXPERIMENTATION: MetricNetworkRequestExecutionTime: REQUEST_DURATION_SYSTEM='473',REQUEST_DURATION_OKHTTP='472',REQUEST_SYNCHRONOUS='TRUE',RESPONSE_CODE='200',RESPONSE_METHOD='GET',RESPONSE_LENGTH_OKHTTP='4475',RESPONSE_LENGTH_HEADER='4475',REQUEST_PROTOCOL='h2',REQUEST_URL='https://b.thumbs.redditmedia.com/qi4bNDKzoPvaSaSx99K2bAjwaRHh1nuOrcbySp1JHdk.jpg',
08-05 22:44:49.784  6590  9652 D OK      : request got status: 200
08-05 22:44:49.821  6590  9653 I NAPPA_EXPERIMENTATION: MetricNetworkRequestExecutionTime: REQUEST_DURATION_SYSTEM='507',REQUEST_DURATION_OKHTTP='507',REQUEST_SYNCHRONOUS='TRUE',RESPONSE_CODE='200',RESPONSE_METHOD='GET',RESPONSE_LENGTH_OKHTTP='5414',RESPONSE_LENGTH_HEADER='5414',REQUEST_PROTOCOL='h2',REQUEST_URL='https://b.thumbs.redditmedia.com/Ja8yiRMklM2lXd8q60LtBI6CqdmJ5YbWHRiBVFmICJA.jpg',
08-05 22:44:49.821  6590  9653 D OK      : request got status: 200
08-05 22:44:49.828  6590  6603 I art     : Starting a blocking GC Explicit
08-05 22:44:49.834  6590  9655 I NAPPA_EXPERIMENTATION: MetricNetworkRequestExecutionTime: REQUEST_DURATION_SYSTEM='514',REQUEST_DURATION_OKHTTP='514',REQUEST_SYNCHRONOUS='TRUE',RESPONSE_CODE='200',RESPONSE_METHOD='GET',RESPONSE_LENGTH_OKHTTP='5968',RESPONSE_LENGTH_HEADER='5968',REQUEST_PROTOCOL='h2',REQUEST_URL='https://b.thumbs.redditmedia.com/SiCWTmKkQcbiAa7naxAHnw0adTeRkq1dB8QSqzGU7-Q.jpg',
08-05 22:44:49.834  6590  9655 D OK      : request got status: 200
08-05 22:44:49.861  6590  9660 I NAPPA_EXPERIMENTATION: MetricNetworkRequestExecutionTime: REQUEST_DURATION_SYSTEM='529',REQUEST_DURATION_OKHTTP='528',REQUEST_SYNCHRONOUS='TRUE',RESPONSE_CODE='200',RESPONSE_METHOD='GET',RESPONSE_LENGTH_OKHTTP='4080',RESPONSE_LENGTH_HEADER='4080',REQUEST_PROTOCOL='h2',REQUEST_URL='https://b.thumbs.redditmedia.com/XkIhgqugP-9Zcb5I9A8o0r-zQJDh_6kastc0oWiiHkI.jpg',
08-05 22:44:49.861  6590  9660 D OK      : request got status: 200
08-05 22:44:49.881  6590  9665 I NAPPA_EXPERIMENTATION: MetricNetworkRequestExecutionTime: REQUEST_DURATION_SYSTEM='536',REQUEST_DURATION_OKHTTP='535',REQUEST_SYNCHRONOUS='TRUE',RESPONSE_CODE='200',RESPONSE_METHOD='GET',RESPONSE_LENGTH_OKHTTP='5125',RESPONSE_LENGTH_HEADER='5125',REQUEST_PROTOCOL='h2',REQUEST_URL='https://b.thumbs.redditmedia.com/OF1KI_LdSDMMWCy-WgJyRhIcM5fr7kDyu_OnpfRXHfI.jpg',
08-05 22:44:49.881  6590  9665 D OK      : request got status: 200
08-05 22:44:49.892  6590  6603 I art     : Explicit concurrent mark sweep GC freed 3832(388KB) AllocSpace objects, 24(1848KB) LOS objects, 30% free, 36MB/52MB, paused 2.314ms total 63.113ms
08-05 22:44:49.912  6590  6603 I art     : Starting a blocking GC Explicit
08-05 22:44:49.918  6590  9661 I NAPPA_EXPERIMENTATION: MetricNetworkRequestExecutionTime: REQUEST_DURATION_SYSTEM='583',REQUEST_DURATION_OKHTTP='582',REQUEST_SYNCHRONOUS='TRUE',RESPONSE_CODE='200',RESPONSE_METHOD='GET',RESPONSE_LENGTH_OKHTTP='3183',RESPONSE_LENGTH_HEADER='3183',REQUEST_PROTOCOL='h2',REQUEST_URL='https://b.thumbs.redditmedia.com/3QPAtixkID9ojpqCAgfspJpruqoq45fM1G-Fx1K2F2A.jpg',
08-05 22:44:49.919  6590  9661 D OK      : request got status: 200
08-05 22:44:49.959  6590  9656 I NAPPA_EXPERIMENTATION: MetricNetworkRequestExecutionTime: REQUEST_DURATION_SYSTEM='637',REQUEST_DURATION_OKHTTP='637',REQUEST_SYNCHRONOUS='TRUE',RESPONSE_CODE='200',RESPONSE_METHOD='GET',RESPONSE_LENGTH_OKHTTP='5378',RESPONSE_LENGTH_HEADER='5378',REQUEST_PROTOCOL='h2',REQUEST_URL='https://b.thumbs.redditmedia.com/C9qrVibnNxmzfLDKvEHp2v2Bo-Kqme7PoKC52s2o52M.jpg',
08-05 22:44:49.959  6590  9656 D OK      : request got status: 200
08-05 22:44:49.967  6590  6603 I art     : Explicit concurrent mark sweep GC freed 1256(162KB) AllocSpace objects, 11(712KB) LOS objects, 30% free, 37MB/53MB, paused 2.167ms total 55.272ms
08-05 22:44:49.981  6590  9663 I NAPPA_EXPERIMENTATION: MetricNetworkRequestExecutionTime: REQUEST_DURATION_SYSTEM='641',REQUEST_DURATION_OKHTTP='641',REQUEST_SYNCHRONOUS='TRUE',RESPONSE_CODE='200',RESPONSE_METHOD='GET',RESPONSE_LENGTH_OKHTTP='3864',RESPONSE_LENGTH_HEADER='3864',REQUEST_PROTOCOL='h2',REQUEST_URL='https://b.thumbs.redditmedia.com/B1vXKY_-gTPbs625-RJ1MLIXxzCqfmnCB_0xnGjCECQ.jpg',
08-05 22:44:49.981  6590  9663 D OK      : request got status: 200
08-05 22:44:49.987  6590  6603 I art     : Starting a blocking GC Explicit
08-05 22:44:50.009  6590  9662 I NAPPA_EXPERIMENTATION: MetricNetworkRequestExecutionTime: REQUEST_DURATION_SYSTEM='671',REQUEST_DURATION_OKHTTP='670',REQUEST_SYNCHRONOUS='TRUE',RESPONSE_CODE='200',RESPONSE_METHOD='GET',RESPONSE_LENGTH_OKHTTP='6654',RESPONSE_LENGTH_HEADER='6654',REQUEST_PROTOCOL='h2',REQUEST_URL='https://b.thumbs.redditmedia.com/orK4W8Xc99pTzIT6q1waTsppldq24p1qMsHtkNnmu9w.jpg',
08-05 22:44:50.009  6590  9662 D OK      : request got status: 200
08-05 22:44:50.032  6590  9666 I NAPPA_EXPERIMENTATION: MetricNetworkRequestExecutionTime: REQUEST_DURATION_SYSTEM='684',REQUEST_DURATION_OKHTTP='684',REQUEST_SYNCHRONOUS='TRUE',RESPONSE_CODE='200',RESPONSE_METHOD='GET',RESPONSE_LENGTH_OKHTTP='6723',RESPONSE_LENGTH_HEADER='6723',REQUEST_PROTOCOL='h2',REQUEST_URL='https://b.thumbs.redditmedia.com/vuAhA4gGAmYfrTFA4woxZcKgmiDzJ3nAsql2pxcYGFs.jpg',
08-05 22:44:50.032  6590  9666 D OK      : request got status: 200
08-05 22:44:50.033  6590  9667 I NAPPA_EXPERIMENTATION: MetricNetworkRequestExecutionTime: REQUEST_DURATION_SYSTEM='684',REQUEST_DURATION_OKHTTP='683',REQUEST_SYNCHRONOUS='TRUE',RESPONSE_CODE='200',RESPONSE_METHOD='GET',RESPONSE_LENGTH_OKHTTP='5329',RESPONSE_LENGTH_HEADER='5329',REQUEST_PROTOCOL='h2',REQUEST_URL='https://b.thumbs.redditmedia.com/PtV7mFsO2n0j4YJweZjEqyVJ45hap4hXix9dwj6D0Wg.jpg',
08-05 22:44:50.034  6590  9667 D OK      : request got status: 200
08-05 22:44:50.044  6590  6603 I art     : Explicit concurrent mark sweep GC freed 938(111KB) AllocSpace objects, 3(204KB) LOS objects, 29% free, 37MB/53MB, paused 1.952ms total 56.626ms
08-05 22:44:50.052  6590  9668 I NAPPA_EXPERIMENTATION: MetricNetworkRequestExecutionTime: REQUEST_DURATION_SYSTEM='701',REQUEST_DURATION_OKHTTP='699',REQUEST_SYNCHRONOUS='TRUE',RESPONSE_CODE='200',RESPONSE_METHOD='GET',RESPONSE_LENGTH_OKHTTP='6316',RESPONSE_LENGTH_HEADER='6316',REQUEST_PROTOCOL='h2',REQUEST_URL='https://b.thumbs.redditmedia.com/wxTBcOhAgsmbc-TRaGNHpYJYnEOBr2LNsaZ6pCM91Lc.jpg',
08-05 22:44:50.052  6590  9668 D OK      : request got status: 200
08-05 22:44:50.057  6590  9669 I NAPPA_EXPERIMENTATION: MetricNetworkRequestExecutionTime: REQUEST_DURATION_SYSTEM='704',REQUEST_DURATION_OKHTTP='703',REQUEST_SYNCHRONOUS='TRUE',RESPONSE_CODE='200',RESPONSE_METHOD='GET',RESPONSE_LENGTH_OKHTTP='7815',RESPONSE_LENGTH_HEADER='7815',REQUEST_PROTOCOL='h2',REQUEST_URL='https://b.thumbs.redditmedia.com/Wo7bFIVNZYYuNioRYwZFYxrl6QMk0lT-3W01wrXgHmE.jpg',
08-05 22:44:50.058  6590  9669 D OK      : request got status: 200
08-05 22:44:50.062  6590  9672 I NAPPA_EXPERIMENTATION: MetricNetworkRequestExecutionTime: REQUEST_DURATION_SYSTEM='702',REQUEST_DURATION_OKHTTP='700',REQUEST_SYNCHRONOUS='TRUE',RESPONSE_CODE='200',RESPONSE_METHOD='GET',RESPONSE_LENGTH_OKHTTP='5579',RESPONSE_LENGTH_HEADER='5579',REQUEST_PROTOCOL='h2',REQUEST_URL='https://b.thumbs.redditmedia.com/u2qz17QE3X5G7kkJrgK3HPCdxNQxNkhaWqfIhCuRMvE.jpg',
08-05 22:44:50.062  6590  9672 D OK      : request got status: 200
08-05 22:44:50.064  6590  6603 I art     : Starting a blocking GC Explicit
08-05 22:44:50.080  6590  9670 I NAPPA_EXPERIMENTATION: MetricNetworkRequestExecutionTime: REQUEST_DURATION_SYSTEM='724',REQUEST_DURATION_OKHTTP='723',REQUEST_SYNCHRONOUS='TRUE',RESPONSE_CODE='200',RESPONSE_METHOD='GET',RESPONSE_LENGTH_OKHTTP='5648',RESPONSE_LENGTH_HEADER='5648',REQUEST_PROTOCOL='h2',REQUEST_URL='https://b.thumbs.redditmedia.com/NoqMycYTzsyhI0Lq351riEI1mO9p8PvY1QwcZ9Irb9g.jpg',
08-05 22:44:50.080  6590  9670 D OK      : request got status: 200
08-05 22:44:50.087  6590  9671 I NAPPA_EXPERIMENTATION: MetricNetworkRequestExecutionTime: REQUEST_DURATION_SYSTEM='729',REQUEST_DURATION_OKHTTP='728',REQUEST_SYNCHRONOUS='TRUE',RESPONSE_CODE='200',RESPONSE_METHOD='GET',RESPONSE_LENGTH_OKHTTP='5198',RESPONSE_LENGTH_HEADER='5198',REQUEST_PROTOCOL='h2',REQUEST_URL='https://b.thumbs.redditmedia.com/KrRufqpifph7KM2Le5RdqEYQb24zbB4fizBJpFaH1Pc.jpg',
08-05 22:44:50.087  6590  9671 D OK      : request got status: 200
08-05 22:44:50.125  6590  6603 I art     : Explicit concurrent mark sweep GC freed 14014(665KB) AllocSpace objects, 16(1132KB) LOS objects, 29% free, 38MB/54MB, paused 1.986ms total 60.861ms
08-05 22:44:50.144  6590  6603 I art     : Starting a blocking GC Explicit
08-05 22:44:50.195  6590  6603 I art     : Explicit concurrent mark sweep GC freed 5989(427KB) AllocSpace objects, 5(480KB) LOS objects, 29% free, 37MB/53MB, paused 1.601ms total 50.796ms
08-05 22:44:50.457  6590  9657 I NAPPA_EXPERIMENTATION: MetricNetworkRequestExecutionTime: REQUEST_DURATION_SYSTEM='1133',REQUEST_DURATION_OKHTTP='363',REQUEST_SYNCHRONOUS='TRUE',RESPONSE_CODE='200',RESPONSE_METHOD='GET',RESPONSE_LENGTH_OKHTTP='7540',RESPONSE_LENGTH_HEADER='7540',REQUEST_PROTOCOL='h2',REQUEST_URL='https://a.thumbs.redditmedia.com/Tfsm0ol-ltlxNSBAkZ_4G4302d0hYeOSODkvXidBBR8.jpg',
08-05 22:44:50.458  6590  9657 D OK      : request got status: 200
08-05 22:44:50.476  6590  9674 I NAPPA_EXPERIMENTATION: MetricNetworkRequestExecutionTime: REQUEST_DURATION_SYSTEM='1111',REQUEST_DURATION_OKHTTP='362',REQUEST_SYNCHRONOUS='TRUE',RESPONSE_CODE='200',RESPONSE_METHOD='GET',RESPONSE_LENGTH_OKHTTP='2071',RESPONSE_LENGTH_HEADER='2071',REQUEST_PROTOCOL='h2',REQUEST_URL='https://v.redd.it/pbqrrfb3tkd51/DASHPlaylist.mpd',
08-05 22:44:50.477  6590  9674 D OK      : request got status: 200
08-05 22:44:50.477  6590  9651 I NAPPA_EXPERIMENTATION: MetricNetworkRequestExecutionTime: REQUEST_DURATION_SYSTEM='1169',REQUEST_DURATION_OKHTTP='385',REQUEST_SYNCHRONOUS='TRUE',RESPONSE_CODE='200',RESPONSE_METHOD='GET',RESPONSE_LENGTH_OKHTTP='5307',RESPONSE_LENGTH_HEADER='5307',REQUEST_PROTOCOL='h2',REQUEST_URL='https://a.thumbs.redditmedia.com/EFVm-ZqqhARyEaKgtwU74c7tfzEDJvI0uiHXGglFag4.jpg',
08-05 22:44:50.477  6590  9651 D OK      : request got status: 200
08-05 22:44:50.485  6590  9676 I NAPPA_EXPERIMENTATION: MetricNetworkRequestExecutionTime: REQUEST_DURATION_SYSTEM='1115',REQUEST_DURATION_OKHTTP='368',REQUEST_SYNCHRONOUS='TRUE',RESPONSE_CODE='200',RESPONSE_METHOD='GET',RESPONSE_LENGTH_OKHTTP='2789',RESPONSE_LENGTH_HEADER='2789',REQUEST_PROTOCOL='h2',REQUEST_URL='https://v.redd.it/5x6zzipz8ld51/DASHPlaylist.mpd',
08-05 22:44:50.485  6590  9676 D OK      : request got status: 200
08-05 22:44:50.504  6590  9664 I NAPPA_EXPERIMENTATION: MetricNetworkRequestExecutionTime: REQUEST_DURATION_SYSTEM='1161',REQUEST_DURATION_OKHTTP='388',REQUEST_SYNCHRONOUS='TRUE',RESPONSE_CODE='200',RESPONSE_METHOD='GET',RESPONSE_LENGTH_OKHTTP='4470',RESPONSE_LENGTH_HEADER='4470',REQUEST_PROTOCOL='h2',REQUEST_URL='https://a.thumbs.redditmedia.com/ffAKmOqnTuDMNR9MRfCdRtkq_CzN3MVhZxS64ZPYRh4.jpg',
08-05 22:44:50.504  6590  9673 I NAPPA_EXPERIMENTATION: MetricNetworkRequestExecutionTime: REQUEST_DURATION_SYSTEM='1142',REQUEST_DURATION_OKHTTP='361',REQUEST_SYNCHRONOUS='TRUE',RESPONSE_CODE='200',RESPONSE_METHOD='GET',RESPONSE_LENGTH_OKHTTP='2696',RESPONSE_LENGTH_HEADER='2696',REQUEST_PROTOCOL='h2',REQUEST_URL='https://v.redd.it/syww111dtjd51/DASHPlaylist.mpd',
08-05 22:44:50.504  6590  9664 D OK      : request got status: 200
08-05 22:44:50.504  6590  9673 D OK      : request got status: 200
08-05 22:44:50.513  6590  9659 I NAPPA_EXPERIMENTATION: MetricNetworkRequestExecutionTime: REQUEST_DURATION_SYSTEM='1182',REQUEST_DURATION_OKHTTP='390',REQUEST_SYNCHRONOUS='TRUE',RESPONSE_CODE='200',RESPONSE_METHOD='GET',RESPONSE_LENGTH_OKHTTP='5641',RESPONSE_LENGTH_HEADER='5641',REQUEST_PROTOCOL='h2',REQUEST_URL='https://a.thumbs.redditmedia.com/P4gSGpXpi2wDXthNZ-LiwEs5Jvplm6dQ7W7Isqa7un4.jpg',
08-05 22:44:50.513  6590  9659 D OK      : request got status: 200
08-05 22:44:50.515  6590  9658 I NAPPA_EXPERIMENTATION: MetricNetworkRequestExecutionTime: REQUEST_DURATION_SYSTEM='1189',REQUEST_DURATION_OKHTTP='396',REQUEST_SYNCHRONOUS='TRUE',RESPONSE_CODE='200',RESPONSE_METHOD='GET',RESPONSE_LENGTH_OKHTTP='3635',RESPONSE_LENGTH_HEADER='3635',REQUEST_PROTOCOL='h2',REQUEST_URL='https://a.thumbs.redditmedia.com/Kzag-wH9wKRRg2MnPwgoFgXT_2jN_nkJ1lY1aNRQyT4.jpg',
08-05 22:44:50.515  6590  9658 D OK      : request got status: 200
08-05 22:44:50.522  6590  7013 I art     : Starting a blocking GC Explicit
08-05 22:44:50.537  6590  9675 I NAPPA_EXPERIMENTATION: MetricNetworkRequestExecutionTime: REQUEST_DURATION_SYSTEM='1169',REQUEST_DURATION_OKHTTP='388',REQUEST_SYNCHRONOUS='TRUE',RESPONSE_CODE='200',RESPONSE_METHOD='GET',RESPONSE_LENGTH_OKHTTP='3060',RESPONSE_LENGTH_HEADER='3060',REQUEST_PROTOCOL='h2',REQUEST_URL='https://v.redd.it/rrygsb8i4ld51/DASHPlaylist.mpd',
08-05 22:44:50.538  6590  9675 D OK      : request got status: 200
08-05 22:44:50.547  6590  9674 I RedditVideosAPI: For 'https://v.redd.it/pbqrrfb3tkd51/DASHPlaylist.mpd', got video stream 'https://v.redd.it/pbqrrfb3tkd51/DASH_480' and audio stream 'null'
08-05 22:44:50.580  6590  7013 I art     : Explicit concurrent mark sweep GC freed 22034(1545KB) AllocSpace objects, 60(3MB) LOS objects, 28% free, 40MB/56MB, paused 1.339ms total 56.884ms
08-05 22:44:50.583  6590  9676 I RedditVideosAPI: For 'https://v.redd.it/5x6zzipz8ld51/DASHPlaylist.mpd', got video stream 'https://v.redd.it/5x6zzipz8ld51/DASH_480' and audio stream 'null'
08-05 22:44:50.591  6590  9681 I NAPPA_EXPERIMENTATION: MetricNetworkRequestExecutionTime: REQUEST_DURATION_SYSTEM='1204',REQUEST_DURATION_OKHTTP='322',REQUEST_SYNCHRONOUS='TRUE',RESPONSE_CODE='200',RESPONSE_METHOD='GET',RESPONSE_LENGTH_OKHTTP='2071',RESPONSE_LENGTH_HEADER='2071',REQUEST_PROTOCOL='h2',REQUEST_URL='https://v.redd.it/jk6cwef4wld51/DASHPlaylist.mpd',
08-05 22:44:50.591  6590  9681 D OK      : request got status: 200
08-05 22:44:50.598  6590  7013 I art     : Starting a blocking GC Explicit
08-05 22:44:50.609  6590  9675 I RedditVideosAPI: For 'https://v.redd.it/rrygsb8i4ld51/DASHPlaylist.mpd', got video stream 'https://v.redd.it/rrygsb8i4ld51/DASH_480' and audio stream 'https://v.redd.it/rrygsb8i4ld51/audio'
08-05 22:44:50.629  6590  9673 I RedditVideosAPI: For 'https://v.redd.it/syww111dtjd51/DASHPlaylist.mpd', got video stream 'https://v.redd.it/syww111dtjd51/DASH_480' and audio stream 'https://v.redd.it/syww111dtjd51/audio'
08-05 22:44:50.630  6590  9680 I NAPPA_EXPERIMENTATION: MetricNetworkRequestExecutionTime: REQUEST_DURATION_SYSTEM='1246',REQUEST_DURATION_OKHTTP='358',REQUEST_SYNCHRONOUS='TRUE',RESPONSE_CODE='200',RESPONSE_METHOD='GET',RESPONSE_LENGTH_OKHTTP='2427',RESPONSE_LENGTH_HEADER='2427',REQUEST_PROTOCOL='h2',REQUEST_URL='https://v.redd.it/psrknoobrgd51/DASHPlaylist.mpd',
08-05 22:44:50.630  6590  9680 D OK      : request got status: 200
08-05 22:44:50.640  6590  9677 I NAPPA_EXPERIMENTATION: MetricNetworkRequestExecutionTime: REQUEST_DURATION_SYSTEM='1268',REQUEST_DURATION_OKHTTP='366',REQUEST_SYNCHRONOUS='TRUE',RESPONSE_CODE='200',RESPONSE_METHOD='GET',RESPONSE_LENGTH_OKHTTP='2700',RESPONSE_LENGTH_HEADER='2700',REQUEST_PROTOCOL='h2',REQUEST_URL='https://v.redd.it/75en73fm5id51/DASHPlaylist.mpd',
08-05 22:44:50.641  6590  9677 D OK      : request got status: 200
08-05 22:44:50.641  6590  9679 I NAPPA_EXPERIMENTATION: MetricNetworkRequestExecutionTime: REQUEST_DURATION_SYSTEM='1259',REQUEST_DURATION_OKHTTP='360',REQUEST_SYNCHRONOUS='TRUE',RESPONSE_CODE='200',RESPONSE_METHOD='GET',RESPONSE_LENGTH_OKHTTP='1713',RESPONSE_LENGTH_HEADER='1713',REQUEST_PROTOCOL='h2',REQUEST_URL='https://v.redd.it/ggz4fyth6hd51/DASHPlaylist.mpd',
08-05 22:44:50.641  6590  9679 D OK      : request got status: 200
08-05 22:44:50.649  6590  7013 I art     : Explicit concurrent mark sweep GC freed 2794(363KB) AllocSpace objects, 21(1324KB) LOS objects, 28% free, 40MB/56MB, paused 1.384ms total 50.662ms
08-05 22:44:50.652  6590  9678 I NAPPA_EXPERIMENTATION: MetricNetworkRequestExecutionTime: REQUEST_DURATION_SYSTEM='1277',REQUEST_DURATION_OKHTTP='379',REQUEST_SYNCHRONOUS='TRUE',RESPONSE_CODE='200',RESPONSE_METHOD='GET',RESPONSE_LENGTH_OKHTTP='-1',RESPONSE_LENGTH_HEADER='377',REQUEST_PROTOCOL='h2',REQUEST_URL='https://api.imgur.com/3/image/nLQR2hT',
08-05 22:44:50.652  6590  9678 D OK      : request got status: 200
08-05 22:44:50.660  6590  9684 I NAPPA_EXPERIMENTATION: MetricNetworkRequestExecutionTime: REQUEST_DURATION_SYSTEM='1264',REQUEST_DURATION_OKHTTP='376',REQUEST_SYNCHRONOUS='TRUE',RESPONSE_CODE='200',RESPONSE_METHOD='GET',RESPONSE_LENGTH_OKHTTP='2344',RESPONSE_LENGTH_HEADER='2344',REQUEST_PROTOCOL='h2',REQUEST_URL='https://v.redd.it/ue0jdgk9zhd51/DASHPlaylist.mpd',
08-05 22:44:50.660  6590  9684 D OK      : request got status: 200
08-05 22:44:50.661  6590  9683 I NAPPA_EXPERIMENTATION: MetricNetworkRequestExecutionTime: REQUEST_DURATION_SYSTEM='1269',REQUEST_DURATION_OKHTTP='382',REQUEST_SYNCHRONOUS='TRUE',RESPONSE_CODE='200',RESPONSE_METHOD='GET',RESPONSE_LENGTH_OKHTTP='2071',RESPONSE_LENGTH_HEADER='2071',REQUEST_PROTOCOL='h2',REQUEST_URL='https://v.redd.it/xd6c4yyutgd51/DASHPlaylist.mpd',
08-05 22:44:50.661  6590  9683 D OK      : request got status: 200
08-05 22:44:50.661  6590  9682 I NAPPA_EXPERIMENTATION: MetricNetworkRequestExecutionTime: REQUEST_DURATION_SYSTEM='1272',REQUEST_DURATION_OKHTTP='381',REQUEST_SYNCHRONOUS='TRUE',RESPONSE_CODE='200',RESPONSE_METHOD='GET',RESPONSE_LENGTH_OKHTTP='3058',RESPONSE_LENGTH_HEADER='3058',REQUEST_PROTOCOL='h2',REQUEST_URL='https://v.redd.it/t81s8zfz9ld51/DASHPlaylist.mpd',
08-05 22:44:50.661  6590  9682 D OK      : request got status: 200
08-05 22:44:50.667  6590  7013 I art     : Starting a blocking GC Explicit
08-05 22:44:50.673  6590  9681 I RedditVideosAPI: For 'https://v.redd.it/jk6cwef4wld51/DASHPlaylist.mpd', got video stream 'https://v.redd.it/jk6cwef4wld51/DASH_480' and audio stream 'null'
08-05 22:44:50.697  6590  9680 I RedditVideosAPI: For 'https://v.redd.it/psrknoobrgd51/DASHPlaylist.mpd', got video stream 'https://v.redd.it/psrknoobrgd51/DASH_480' and audio stream 'null'
08-05 22:44:50.715  6590  7013 I art     : Explicit concurrent mark sweep GC freed 1977(219KB) AllocSpace objects, 13(884KB) LOS objects, 28% free, 40MB/56MB, paused 667us total 46.956ms
08-05 22:44:50.733  6590  9677 I RedditVideosAPI: For 'https://v.redd.it/75en73fm5id51/DASHPlaylist.mpd', got video stream 'https://v.redd.it/75en73fm5id51/DASH_480' and audio stream 'https://v.redd.it/75en73fm5id51/audio'
08-05 22:44:50.734  6590  7013 I art     : Starting a blocking GC Explicit
08-05 22:44:50.739  6590  9679 I RedditVideosAPI: For 'https://v.redd.it/ggz4fyth6hd51/DASHPlaylist.mpd', got video stream 'https://v.redd.it/ggz4fyth6hd51/DASH_360' and audio stream 'null'
08-05 22:44:50.753  6590  9684 I RedditVideosAPI: For 'https://v.redd.it/ue0jdgk9zhd51/DASHPlaylist.mpd', got video stream 'https://v.redd.it/ue0jdgk9zhd51/DASH_360' and audio stream 'https://v.redd.it/ue0jdgk9zhd51/audio'
08-05 22:44:50.759  6590  9683 I RedditVideosAPI: For 'https://v.redd.it/xd6c4yyutgd51/DASHPlaylist.mpd', got video stream 'https://v.redd.it/xd6c4yyutgd51/DASH_480' and audio stream 'null'
08-05 22:44:50.767  6590  9682 I RedditVideosAPI: For 'https://v.redd.it/t81s8zfz9ld51/DASHPlaylist.mpd', got video stream 'https://v.redd.it/t81s8zfz9ld51/DASH_480' and audio stream 'https://v.redd.it/t81s8zfz9ld51/audio'
08-05 22:44:50.781  6590  7013 I art     : Explicit concurrent mark sweep GC freed 1494(324KB) AllocSpace objects, 8(544KB) LOS objects, 28% free, 40MB/56MB, paused 554us total 46.442ms
08-05 22:44:50.799  6590  7013 I art     : Starting a blocking GC Explicit
08-05 22:44:50.849  6590  7013 I art     : Explicit concurrent mark sweep GC freed 1204(85KB) AllocSpace objects, 5(340KB) LOS objects, 28% free, 39MB/55MB, paused 531us total 49.640ms
08-05 22:44:51.248  6590  6614 I art     : Starting a blocking GC Explicit
08-05 22:44:51.304  6590  6614 I art     : Explicit concurrent mark sweep GC freed 1452(86KB) AllocSpace objects, 1(20KB) LOS objects, 28% free, 39MB/55MB, paused 609us total 56.270ms
08-05 22:44:51.324  6590  6614 I art     : Starting a blocking GC Explicit
08-05 22:44:51.376  6590  6614 I art     : Explicit concurrent mark sweep GC freed 20(704B) AllocSpace objects, 0(0B) LOS objects, 28% free, 39MB/55MB, paused 571us total 52.161ms
08-05 22:44:51.395  6590  6614 I art     : Starting a blocking GC Explicit
08-05 22:44:51.448  6590  6614 I art     : Explicit concurrent mark sweep GC freed 3(96B) AllocSpace objects, 0(0B) LOS objects, 28% free, 39MB/55MB, paused 612us total 52.484ms
08-05 22:44:51.468  6590  6614 I art     : Starting a blocking GC Explicit
08-05 22:44:51.520  6590  6614 I art     : Explicit concurrent mark sweep GC freed 3(96B) AllocSpace objects, 0(0B) LOS objects, 28% free, 39MB/55MB, paused 546us total 51.953ms
08-05 22:44:51.540  6590  6614 I art     : Starting a blocking GC Explicit
08-05 22:44:51.597  6590  6614 I art     : Explicit concurrent mark sweep GC freed 3(96B) AllocSpace objects, 0(0B) LOS objects, 28% free, 39MB/55MB, paused 582us total 56.415ms
08-05 22:44:51.703  9737  9737 D AndroidRuntime: >>>>>> START com.android.internal.os.RuntimeInit uid 2000 <<<<<<
08-05 22:44:51.710  9737  9737 D AndroidRuntime: CheckJNI is OFF
08-05 22:44:51.760  9737  9737 D ICU     : No timezone override file found: /data/misc/zoneinfo/current/icu/icu_tzdata.dat
08-05 22:44:51.804  9737  9737 I Radio-JNI: register_android_hardware_Radio DONE
08-05 22:44:51.833  9737  9737 D AndroidRuntime: Calling main entry com.android.commands.input.Input
08-05 22:44:51.836  9737  9737 I Input   : injectMotionEvent: MotionEvent { action=ACTION_DOWN, actionButton=0, id[0]=0, x[0]=1340.0, y[0]=1100.0, toolType[0]=TOOL_TYPE_UNKNOWN, buttonState=0, metaState=0, flags=0x0, edgeFlags=0x0, pointerCount=1, historySize=0, eventTime=830708249, downTime=830708249, deviceId=0, source=0x1002 }
08-05 22:44:51.841  9737  9737 I Input   : injectMotionEvent: MotionEvent { action=ACTION_UP, actionButton=0, id[0]=0, x[0]=1340.0, y[0]=1100.0, toolType[0]=TOOL_TYPE_UNKNOWN, buttonState=0, metaState=0, flags=0x0, edgeFlags=0x0, pointerCount=1, historySize=0, eventTime=830708249, downTime=830708249, deviceId=0, source=0x1002 }
08-05 22:44:51.843  9737  9737 D AndroidRuntime: Shutting down VM
08-05 22:44:51.862   512  2967 D audio_hw_primary: out_set_parameters: enter: usecase(1: low-latency-playback) kvpairs: routing=2
08-05 22:44:51.867   918  5481 I ActivityManager: START u0 {dat=https://oauth.reddit.com/... cmp=baseline.org.quantumbadger.redreader/.activities.CommentListingActivity} from uid 10705 on display 0
08-05 22:44:51.876   512  2967 D audio_hw_primary: select_devices: out_snd_device(2: speaker) in_snd_device(0: none)
08-05 22:44:51.876   512  2967 D msm8974_platform: platform_send_audio_calibration: sending audio calibration for snd_device(2) acdb_id(15)
08-05 22:44:51.876   512  2967 I soundtrigger: audio_extn_sound_trigger_update_device_status: device 0x2 of type 0 for Event 1
08-05 22:44:51.890   512  2967 D audio_hw_primary: enable_snd_device: snd_device(2: speaker)
08-05 22:44:51.891  6590  6590 I AppCompatViewInflater: app:theme is now deprecated. Please move to using android:theme instead.
08-05 22:44:51.892   512  2967 D audio_hw_primary: enable_audio_route: apply and update mixer path: low-latency-playback speaker
08-05 22:44:51.913  6590  9762 D OK      : calling: https://oauth.reddit.com/comments/hzejrd/.json?sort=confidence
08-05 22:44:51.971  6590  6614 I art     : Starting a blocking GC Explicit
08-05 22:44:52.013   918   936 I ActivityManager: Displayed baseline.org.quantumbadger.redreader/.activities.CommentListingActivity: +137ms
08-05 22:44:52.014 13866 13866 I GoogleInputMethodServic: GoogleInputMethodService.onFinishInput():3138 
08-05 22:44:52.014 13866 13866 I GoogleInputMethodServic: GoogleInputMethodService.onStartInput():1808 
08-05 22:44:52.023  6590  6614 I art     : Explicit concurrent mark sweep GC freed 4076(218KB) AllocSpace objects, 1(20KB) LOS objects, 28% free, 39MB/55MB, paused 996us total 51.932ms
08-05 22:44:52.047  6590  6614 I art     : Starting a blocking GC Explicit
08-05 22:44:52.094  6590  6614 I art     : Explicit concurrent mark sweep GC freed 9111(896KB) AllocSpace objects, 17(2MB) LOS objects, 30% free, 37MB/53MB, paused 644us total 46.445ms
08-05 22:44:52.112  6590  6614 I art     : Starting a blocking GC Explicit
08-05 22:44:52.153  6590  6614 I art     : Explicit concurrent mark sweep GC freed 112(4KB) AllocSpace objects, 0(0B) LOS objects, 30% free, 37MB/53MB, paused 560us total 40.814ms
08-05 22:44:52.171  6590  6614 I art     : Starting a blocking GC Explicit
08-05 22:44:52.212  6590  6614 I art     : Explicit concurrent mark sweep GC freed 8(288B) AllocSpace objects, 0(0B) LOS objects, 30% free, 37MB/53MB, paused 536us total 40.800ms
08-05 22:44:52.225  6590  9762 I NAPPA_EXPERIMENTATION: MetricNetworkRequestExecutionTime: REQUEST_DURATION_SYSTEM='312',REQUEST_DURATION_OKHTTP='145',REQUEST_SYNCHRONOUS='TRUE',RESPONSE_CODE='200',RESPONSE_METHOD='GET',RESPONSE_LENGTH_OKHTTP='-1',RESPONSE_LENGTH_HEADER='45890',REQUEST_PROTOCOL='h2',REQUEST_URL='https://oauth.reddit.com/comments/hzejrd/.json?sort=confidence',
08-05 22:44:52.225  6590  9762 D OK      : request got status: 200
08-05 22:44:52.230  6590  6614 I art     : Starting a blocking GC Explicit
08-05 22:44:52.234  6590  7176 I CommentListingActivity: COMMENTS session changed to 934afb8b-4781-4dff-b44c-8dd6bbbc92d9
08-05 22:44:52.256   380   380 W SurfaceFlinger: couldn't log to binary event log: overflow.
08-05 22:44:52.278  6590  6614 I art     : Explicit concurrent mark sweep GC freed 2740(175KB) AllocSpace objects, 0(0B) LOS objects, 29% free, 37MB/53MB, paused 1.361ms total 48.015ms
08-05 22:44:52.430   512  2967 D audio_hw_primary: disable_audio_route: reset and update mixer path: low-latency-playback speaker
08-05 22:44:52.432   512  2967 D audio_hw_primary: disable_snd_device: snd_device(2: speaker)
08-05 22:44:52.441   512  2967 I soundtrigger: audio_extn_sound_trigger_update_device_status: device 0x2 of type 0 for Event 0
08-05 22:44:52.590  6590  6603 I art     : Starting a blocking GC Explicit
08-05 22:44:52.648  6590  6603 I art     : Explicit concurrent mark sweep GC freed 39772(2MB) AllocSpace objects, 3(156KB) LOS objects, 29% free, 39MB/55MB, paused 452us total 58.022ms
08-05 22:44:52.668  6590  6603 I art     : Starting a blocking GC Explicit
08-05 22:44:52.720  6590  6603 I art     : Explicit concurrent mark sweep GC freed 147(6KB) AllocSpace objects, 0(0B) LOS objects, 29% free, 39MB/55MB, paused 474us total 52.067ms
08-05 22:44:52.740  6590  6603 I art     : Starting a blocking GC Explicit
08-05 22:44:52.794  6590  6603 I art     : Explicit concurrent mark sweep GC freed 3(96B) AllocSpace objects, 0(0B) LOS objects, 29% free, 39MB/55MB, paused 443us total 53.730ms
08-05 22:44:52.813  6590  6603 I art     : Starting a blocking GC Explicit
08-05 22:44:52.872  6590  6603 I art     : Explicit concurrent mark sweep GC freed 644(31KB) AllocSpace objects, 0(0B) LOS objects, 29% free, 39MB/55MB, paused 508us total 57.991ms
08-05 22:44:52.893  6590  6603 I art     : Starting a blocking GC Explicit
08-05 22:44:52.947  6590  6603 I art     : Explicit concurrent mark sweep GC freed 3(96B) AllocSpace objects, 0(0B) LOS objects, 29% free, 39MB/55MB, paused 455us total 54.599ms
08-05 22:44:53.281  6590  7013 I art     : Starting a blocking GC Explicit
08-05 22:44:53.362  6590  7013 I art     : Explicit concurrent mark sweep GC freed 1358(82KB) AllocSpace objects, 1(20KB) LOS objects, 29% free, 39MB/55MB, paused 570us total 80.819ms
08-05 22:44:53.388  6590  7013 I art     : Starting a blocking GC Explicit
08-05 22:44:53.452  6590  7013 I art     : Explicit concurrent mark sweep GC freed 66(2528B) AllocSpace objects, 0(0B) LOS objects, 29% free, 39MB/55MB, paused 571us total 64.060ms
08-05 22:44:53.477  6590  7013 I art     : Starting a blocking GC Explicit
08-05 22:44:53.540  6590  7013 I art     : Explicit concurrent mark sweep GC freed 3(96B) AllocSpace objects, 0(0B) LOS objects, 29% free, 39MB/55MB, paused 530us total 63.211ms
08-05 22:44:53.540  6590  6600 I art     : WaitForGcToComplete blocked for 61.977ms for cause HeapTrim
08-05 22:44:53.561  6590  7013 I art     : Starting a blocking GC Explicit
08-05 22:44:53.629  6590  7013 I art     : Explicit concurrent mark sweep GC freed 3(96B) AllocSpace objects, 0(0B) LOS objects, 29% free, 39MB/55MB, paused 552us total 67.609ms
08-05 22:44:53.651  6590  7013 I art     : Starting a blocking GC Explicit
08-05 22:44:53.725  6590  7013 I art     : Explicit concurrent mark sweep GC freed 3(96B) AllocSpace objects, 0(0B) LOS objects, 29% free, 39MB/55MB, paused 587us total 73.725ms
08-05 22:44:54.098  6590  6603 I art     : Starting a blocking GC Explicit
08-05 22:44:54.186  6590  6603 I art     : Explicit concurrent mark sweep GC freed 1356(82KB) AllocSpace objects, 1(20KB) LOS objects, 29% free, 39MB/55MB, paused 606us total 87.312ms
08-05 22:44:54.211  6590  6603 I art     : Starting a blocking GC Explicit
08-05 22:44:54.284  6590  6603 I art     : Explicit concurrent mark sweep GC freed 20(704B) AllocSpace objects, 0(0B) LOS objects, 29% free, 39MB/55MB, paused 590us total 72.037ms
08-05 22:44:54.308  6590  6603 I art     : Starting a blocking GC Explicit
08-05 22:44:54.373  6590  6603 I art     : Explicit concurrent mark sweep GC freed 3(96B) AllocSpace objects, 0(0B) LOS objects, 29% free, 39MB/55MB, paused 537us total 65.538ms
08-05 22:44:54.395  6590  6603 I art     : Starting a blocking GC Explicit
08-05 22:44:54.470  6590  6603 I art     : Explicit concurrent mark sweep GC freed 3(96B) AllocSpace objects, 0(0B) LOS objects, 29% free, 39MB/55MB, paused 542us total 74.449ms
08-05 22:44:54.493  6590  6603 I art     : Starting a blocking GC Explicit
08-05 22:44:54.563  6590  6603 I art     : Explicit concurrent mark sweep GC freed 3(96B) AllocSpace objects, 0(0B) LOS objects, 29% free, 39MB/55MB, paused 565us total 69.691ms
08-05 22:44:54.929  6590  6602 I art     : Starting a blocking GC Explicit
08-05 22:44:55.011  6590  6602 I art     : Explicit concurrent mark sweep GC freed 1354(82KB) AllocSpace objects, 1(20KB) LOS objects, 29% free, 39MB/55MB, paused 599us total 81.898ms
08-05 22:44:55.035  6590  6602 I art     : Starting a blocking GC Explicit
08-05 22:44:55.104  6590  6602 I art     : Explicit concurrent mark sweep GC freed 20(704B) AllocSpace objects, 0(0B) LOS objects, 29% free, 39MB/55MB, paused 557us total 68.370ms
08-05 22:44:55.125  6590  6602 I art     : Starting a blocking GC Explicit
08-05 22:44:55.194  6590  6602 I art     : Explicit concurrent mark sweep GC freed 3(96B) AllocSpace objects, 0(0B) LOS objects, 29% free, 39MB/55MB, paused 509us total 68.499ms
08-05 22:44:55.215  6590  6602 I art     : Starting a blocking GC Explicit
08-05 22:44:55.285  6590  6602 I art     : Explicit concurrent mark sweep GC freed 3(96B) AllocSpace objects, 0(0B) LOS objects, 29% free, 39MB/55MB, paused 561us total 69.059ms
08-05 22:44:55.306  6590  6602 I art     : Starting a blocking GC Explicit
08-05 22:44:55.374  6590  6602 I art     : Explicit concurrent mark sweep GC freed 3(96B) AllocSpace objects, 0(0B) LOS objects, 29% free, 39MB/55MB, paused 550us total 67.763ms
08-05 22:44:55.740  6590  6614 I art     : Starting a blocking GC Explicit
08-05 22:44:55.824  6590  6614 I art     : Explicit concurrent mark sweep GC freed 1354(82KB) AllocSpace objects, 1(20KB) LOS objects, 29% free, 39MB/55MB, paused 552us total 84.014ms
08-05 22:44:55.851  6590  6614 I art     : Starting a blocking GC Explicit
08-05 22:44:55.919  6590  6614 I art     : Explicit concurrent mark sweep GC freed 20(704B) AllocSpace objects, 0(0B) LOS objects, 29% free, 39MB/55MB, paused 567us total 67.721ms
08-05 22:44:55.940  6590  6614 I art     : Starting a blocking GC Explicit
08-05 22:44:56.008  6590  6614 I art     : Explicit concurrent mark sweep GC freed 3(96B) AllocSpace objects, 0(0B) LOS objects, 29% free, 39MB/55MB, paused 570us total 67.836ms
08-05 22:44:56.030  6590  6614 I art     : Starting a blocking GC Explicit
08-05 22:44:56.104  6590  6614 I art     : Explicit concurrent mark sweep GC freed 3(96B) AllocSpace objects, 0(0B) LOS objects, 29% free, 39MB/55MB, paused 640us total 73.927ms
08-05 22:44:56.128  6590  6614 I art     : Starting a blocking GC Explicit
08-05 22:44:56.198  6590  6614 I art     : Explicit concurrent mark sweep GC freed 3(96B) AllocSpace objects, 0(0B) LOS objects, 29% free, 39MB/55MB, paused 575us total 70.020ms
08-05 22:44:56.552  6590  7013 I art     : Starting a blocking GC Explicit
08-05 22:44:56.637  6590  7013 I art     : Explicit concurrent mark sweep GC freed 1355(83KB) AllocSpace objects, 1(20KB) LOS objects, 29% free, 39MB/55MB, paused 538us total 84.524ms
08-05 22:44:56.662  6590  7013 I art     : Starting a blocking GC Explicit
08-05 22:44:56.736  6590  7013 I art     : Explicit concurrent mark sweep GC freed 20(704B) AllocSpace objects, 0(0B) LOS objects, 29% free, 39MB/55MB, paused 569us total 73.423ms
08-05 22:44:56.759  6590  7013 I art     : Starting a blocking GC Explicit
08-05 22:44:56.830  6590  7013 I art     : Explicit concurrent mark sweep GC freed 3(96B) AllocSpace objects, 0(0B) LOS objects, 29% free, 39MB/55MB, paused 505us total 69.885ms
08-05 22:44:56.831   518   646 I ThermalEngine: ACTION: GPU - Setting GPU[0] to 510000000
08-05 22:44:56.851  6590  7013 I art     : Starting a blocking GC Explicit
08-05 22:44:56.880  6590  9761 I RedditChangeDataIO: Writing tmp data file at '/data/user/0/baseline.org.quantumbadger.redreader/files/rr_change_data_tmp.dat'
08-05 22:44:56.880  6590  9761 I RedditChangeDataManager: Taking snapshot...
08-05 22:44:56.881  6590  9761 I RedditChangeDataManager: Writing to stream...
08-05 22:44:56.881  6590  9761 I RedditChangeDataManager: Wrote 6 entries for user ''
08-05 22:44:56.881  6590  9761 I RedditChangeDataManager: All entries written to stream.
08-05 22:44:56.881  6590  9761 I RedditChangeDataIO: Write successful. Atomically replacing data file...
08-05 22:44:56.881  6590  9761 I RedditChangeDataIO: Write complete.
08-05 22:44:56.881  6590  9761 I RedditChangeDataIO: 158 bytes written in 1 ms
08-05 22:44:56.907  6590  7013 I art     : Explicit concurrent mark sweep GC freed 82(4KB) AllocSpace objects, 1(68KB) LOS objects, 29% free, 39MB/55MB, paused 407us total 55.943ms
08-05 22:44:56.923  6590  7013 I art     : Starting a blocking GC Explicit
08-05 22:44:56.975  6590  7013 I art     : Explicit concurrent mark sweep GC freed 13(624B) AllocSpace objects, 0(0B) LOS objects, 29% free, 39MB/55MB, paused 373us total 51.704ms
08-05 22:44:57.323  6590  6603 I art     : Starting a blocking GC Explicit
08-05 22:44:57.388  6590  6603 I art     : Explicit concurrent mark sweep GC freed 1358(83KB) AllocSpace objects, 1(20KB) LOS objects, 29% free, 39MB/55MB, paused 417us total 64.919ms
08-05 22:44:57.407  6590  6603 I art     : Starting a blocking GC Explicit
08-05 22:44:57.459  6590  6603 I art     : Explicit concurrent mark sweep GC freed 255(37KB) AllocSpace objects, 0(0B) LOS objects, 29% free, 39MB/55MB, paused 370us total 51.248ms
08-05 22:44:57.475  6590  6603 I art     : Starting a blocking GC Explicit
08-05 22:44:57.526  6590  6603 I art     : Explicit concurrent mark sweep GC freed 68(2272B) AllocSpace objects, 0(0B) LOS objects, 29% free, 39MB/55MB, paused 341us total 51.103ms
08-05 22:44:57.543  6590  6603 I art     : Starting a blocking GC Explicit
08-05 22:44:57.593  6590  6603 I art     : Explicit concurrent mark sweep GC freed 3(96B) AllocSpace objects, 0(0B) LOS objects, 29% free, 39MB/55MB, paused 340us total 50.626ms
08-05 22:44:57.610  6590  6603 I art     : Starting a blocking GC Explicit
08-05 22:44:57.656  6590  6603 I art     : Explicit concurrent mark sweep GC freed 3(96B) AllocSpace objects, 0(0B) LOS objects, 29% free, 39MB/55MB, paused 375us total 46.118ms
08-05 22:44:57.995  6590  6602 I art     : Starting a blocking GC Explicit
08-05 22:44:58.049  6590  6602 I art     : Explicit concurrent mark sweep GC freed 1356(82KB) AllocSpace objects, 1(20KB) LOS objects, 29% free, 39MB/55MB, paused 379us total 54.153ms
08-05 22:44:58.066  6590  6602 I art     : Starting a blocking GC Explicit
08-05 22:44:58.114  6590  6602 I art     : Explicit concurrent mark sweep GC freed 20(704B) AllocSpace objects, 0(0B) LOS objects, 29% free, 39MB/55MB, paused 340us total 47.737ms
08-05 22:44:58.129  6590  6602 I art     : Starting a blocking GC Explicit
08-05 22:44:58.177  6590  6602 I art     : Explicit concurrent mark sweep GC freed 3(96B) AllocSpace objects, 0(0B) LOS objects, 29% free, 39MB/55MB, paused 418us total 47.211ms
08-05 22:44:58.193  6590  6602 I art     : Starting a blocking GC Explicit
08-05 22:44:58.240  6590  6602 I art     : Explicit concurrent mark sweep GC freed 3(96B) AllocSpace objects, 0(0B) LOS objects, 29% free, 39MB/55MB, paused 351us total 47.237ms
08-05 22:44:58.256  6590  6602 I art     : Starting a blocking GC Explicit
08-05 22:44:58.303  6590  6602 I art     : Explicit concurrent mark sweep GC freed 3(96B) AllocSpace objects, 0(0B) LOS objects, 29% free, 39MB/55MB, paused 364us total 47.499ms
08-05 22:44:58.523  9845  9845 D AndroidRuntime: >>>>>> START com.android.internal.os.RuntimeInit uid 2000 <<<<<<
08-05 22:44:58.527  9845  9845 D AndroidRuntime: CheckJNI is OFF
08-05 22:44:58.560  9845  9845 D ICU     : No timezone override file found: /data/misc/zoneinfo/current/icu/icu_tzdata.dat
08-05 22:44:58.592  9845  9845 I Radio-JNI: register_android_hardware_Radio DONE
08-05 22:44:58.615  9845  9845 D AndroidRuntime: Calling main entry com.android.commands.input.Input
08-05 22:44:58.616  9845  9845 I Input   : injectKeyEvent: KeyEvent { action=ACTION_DOWN, keyCode=KEYCODE_BACK, scanCode=0, metaState=0, flags=0x0, repeatCount=0, eventTime=830715029, downTime=830715029, deviceId=-1, source=0x101 }
08-05 22:44:58.622  9845  9845 I Input   : injectKeyEvent: KeyEvent { action=ACTION_UP, keyCode=KEYCODE_BACK, scanCode=0, metaState=0, flags=0x0, repeatCount=0, eventTime=830715029, downTime=830715029, deviceId=-1, source=0x101 }
08-05 22:44:58.627  9845  9845 D AndroidRuntime: Shutting down VM
08-05 22:44:58.637  6590  6614 I art     : Starting a blocking GC Explicit
08-05 22:44:58.672 13866 13866 I GoogleInputMethodServic: GoogleInputMethodService.onFinishInput():3138 
08-05 22:44:58.673 13866 13866 I GoogleInputMethodServic: GoogleInputMethodService.onStartInput():1808 
08-05 22:44:58.688  6590  6614 I art     : Explicit concurrent mark sweep GC freed 1512(88KB) AllocSpace objects, 1(20KB) LOS objects, 29% free, 39MB/55MB, paused 733us total 50.235ms
08-05 22:44:58.704  6590  6614 I art     : Starting a blocking GC Explicit
08-05 22:44:58.748  6590  6614 I art     : Explicit concurrent mark sweep GC freed 121(3KB) AllocSpace objects, 0(0B) LOS objects, 29% free, 39MB/55MB, paused 366us total 43.775ms
08-05 22:44:58.762  6590  6614 I art     : Starting a blocking GC Explicit
08-05 22:44:58.808  6590  6614 I art     : Explicit concurrent mark sweep GC freed 14(464B) AllocSpace objects, 0(0B) LOS objects, 29% free, 39MB/55MB, paused 318us total 44.930ms
08-05 22:44:58.824  6590  6614 I art     : Starting a blocking GC Explicit
08-05 22:44:58.873  6590  6614 I art     : Explicit concurrent mark sweep GC freed 3(96B) AllocSpace objects, 0(0B) LOS objects, 29% free, 39MB/55MB, paused 305us total 49.614ms
08-05 22:44:58.889  6590  6614 I art     : Starting a blocking GC Explicit
08-05 22:44:58.935  6590  6614 I art     : Explicit concurrent mark sweep GC freed 3(96B) AllocSpace objects, 0(0B) LOS objects, 29% free, 39MB/55MB, paused 353us total 46.444ms
08-05 22:44:58.981   380   380 W SurfaceFlinger: couldn't log to binary event log: overflow.
08-05 22:44:59.240  6590  6614 I art     : Starting a blocking GC Explicit
08-05 22:44:59.305  6590  6614 I art     : Explicit concurrent mark sweep GC freed 1416(84KB) AllocSpace objects, 1(20KB) LOS objects, 29% free, 39MB/55MB, paused 463us total 65.006ms
08-05 22:44:59.328  6590  6614 I art     : Starting a blocking GC Explicit
08-05 22:44:59.369  6590  6614 I art     : Explicit concurrent mark sweep GC freed 41343(2MB) AllocSpace objects, 5(140KB) LOS objects, 30% free, 36MB/52MB, paused 354us total 40.820ms
08-05 22:44:59.384  6590  6614 I art     : Starting a blocking GC Explicit
08-05 22:44:59.419  6590  6614 I art     : Explicit concurrent mark sweep GC freed 3(96B) AllocSpace objects, 0(0B) LOS objects, 30% free, 36MB/52MB, paused 351us total 35.033ms
08-05 22:44:59.433  6590  6614 I art     : Starting a blocking GC Explicit
08-05 22:44:59.471  6590  6614 I art     : Explicit concurrent mark sweep GC freed 3(96B) AllocSpace objects, 0(0B) LOS objects, 30% free, 36MB/52MB, paused 370us total 38.454ms
08-05 22:44:59.486  6590  6614 I art     : Starting a blocking GC Explicit
08-05 22:44:59.526  6590  6614 I art     : Explicit concurrent mark sweep GC freed 3(96B) AllocSpace objects, 0(0B) LOS objects, 30% free, 36MB/52MB, paused 373us total 39.506ms
08-05 22:44:59.853  6590  7013 I art     : Starting a blocking GC Explicit
08-05 22:44:59.895  6590  7013 I art     : Explicit concurrent mark sweep GC freed 1354(82KB) AllocSpace objects, 1(20KB) LOS objects, 30% free, 36MB/52MB, paused 403us total 41.680ms
08-05 22:44:59.902  5084  5084 I ServiceManager: Waiting for service AtCmdFwd...
08-05 22:44:59.911  6590  7013 I art     : Starting a blocking GC Explicit
08-05 22:44:59.948  6590  7013 I art     : Explicit concurrent mark sweep GC freed 20(704B) AllocSpace objects, 0(0B) LOS objects, 30% free, 36MB/52MB, paused 371us total 36.434ms
08-05 22:44:59.962  6590  7013 I art     : Starting a blocking GC Explicit
08-05 22:44:59.998  6590  7013 I art     : Explicit concurrent mark sweep GC freed 3(96B) AllocSpace objects, 0(0B) LOS objects, 30% free, 36MB/52MB, paused 363us total 36.281ms
08-05 22:45:00.012  6590  7013 I art     : Starting a blocking GC Explicit
08-05 22:45:00.046  6590  7013 I art     : Explicit concurrent mark sweep GC freed 3(96B) AllocSpace objects, 0(0B) LOS objects, 30% free, 36MB/52MB, paused 383us total 33.783ms
08-05 22:45:00.060  6590  7013 I art     : Starting a blocking GC Explicit
08-05 22:45:00.093  6590  7013 I art     : Explicit concurrent mark sweep GC freed 3(96B) AllocSpace objects, 0(0B) LOS objects, 30% free, 36MB/52MB, paused 329us total 32.848ms
08-05 22:45:00.283  9889  9889 D AndroidRuntime: >>>>>> START com.android.internal.os.RuntimeInit uid 2000 <<<<<<
08-05 22:45:00.288  9889  9889 D AndroidRuntime: CheckJNI is OFF
08-05 22:45:00.319  9889  9889 D ICU     : No timezone override file found: /data/misc/zoneinfo/current/icu/icu_tzdata.dat
08-05 22:45:00.352  9889  9889 I Radio-JNI: register_android_hardware_Radio DONE
08-05 22:45:00.374  9889  9889 D AndroidRuntime: Calling main entry com.android.commands.input.Input
08-05 22:45:00.376  9889  9889 I Input   : injectMotionEvent: MotionEvent { action=ACTION_DOWN, actionButton=0, id[0]=0, x[0]=600.0, y[0]=938.0, toolType[0]=TOOL_TYPE_UNKNOWN, buttonState=0, metaState=0, flags=0x0, edgeFlags=0x0, pointerCount=1, historySize=0, eventTime=830716788, downTime=830716788, deviceId=0, source=0x1002 }
08-05 22:45:00.380  9889  9889 I Input   : injectMotionEvent: MotionEvent { action=ACTION_UP, actionButton=0, id[0]=0, x[0]=600.0, y[0]=938.0, toolType[0]=TOOL_TYPE_UNKNOWN, buttonState=0, metaState=0, flags=0x0, edgeFlags=0x0, pointerCount=1, historySize=0, eventTime=830716788, downTime=830716788, deviceId=0, source=0x1002 }
08-05 22:45:00.382  9889  9889 D AndroidRuntime: Shutting down VM
08-05 22:45:00.388   512  2967 D audio_hw_primary: out_set_parameters: enter: usecase(1: low-latency-playback) kvpairs: routing=2
08-05 22:45:00.389   918  3961 I ActivityManager: START u0 {dat=https://gfycat.com/... cmp=baseline.org.quantumbadger.redreader/.activities.ImageViewActivity (has extras)} from uid 10705 on display 0
08-05 22:45:00.392  6590  6603 I art     : Starting a blocking GC Explicit
08-05 22:45:00.401   512  2967 D audio_hw_primary: select_devices: out_snd_device(2: speaker) in_snd_device(0: none)
08-05 22:45:00.401   512  2967 D msm8974_platform: platform_send_audio_calibration: sending audio calibration for snd_device(2) acdb_id(15)
08-05 22:45:00.401   512  2967 I soundtrigger: audio_extn_sound_trigger_update_device_status: device 0x2 of type 0 for Event 1
08-05 22:45:00.413   512  2967 D audio_hw_primary: enable_snd_device: snd_device(2: speaker)
08-05 22:45:00.414  6590  6590 I ImageViewActivity: Loading URL https://gfycat.com/deadlygravecavy
08-05 22:45:00.415   512  2967 D audio_hw_primary: enable_audio_route: apply and update mixer path: low-latency-playback speaker
08-05 22:45:00.422  6590  7176 I ImageViewActivity: Got image URL: https://giant.gfycat.com/DeadlyGraveCavy.mp4
08-05 22:45:00.422  6590  7176 I ImageViewActivity: Got image Type: video/mp4
08-05 22:45:00.422  6590  7176 I ImageViewActivity: Got media Type: VIDEO
08-05 22:45:00.422  6590  7176 I ImageViewActivity: Media type VIDEO detected
08-05 22:45:00.422  6590  7176 I ImageViewActivity: Proceeding with download
08-05 22:45:00.425  6590  9915 D OK      : calling: https://giant.gfycat.com/DeadlyGraveCavy.mp4
08-05 22:45:00.431  6590  6603 I art     : Explicit concurrent mark sweep GC freed 3758(249KB) AllocSpace objects, 1(20KB) LOS objects, 30% free, 37MB/53MB, paused 558us total 39.458ms
08-05 22:45:00.445  6590  6603 I art     : Starting a blocking GC Explicit
08-05 22:45:00.468 13866 13866 I GoogleInputMethodServic: GoogleInputMethodService.onFinishInput():3138 
08-05 22:45:00.468 13866 13866 I GoogleInputMethodServic: GoogleInputMethodService.onStartInput():1808 
08-05 22:45:00.477  6590  6603 I art     : Explicit concurrent mark sweep GC freed 293(28KB) AllocSpace objects, 0(0B) LOS objects, 30% free, 36MB/52MB, paused 382us total 30.983ms
08-05 22:45:00.491  6590  6603 I art     : Starting a blocking GC Explicit
08-05 22:45:00.497   918   936 I ActivityManager: Displayed baseline.org.quantumbadger.redreader/.activities.ImageViewActivity: +98ms
08-05 22:45:00.527  6590  6603 I art     : Explicit concurrent mark sweep GC freed 136(7KB) AllocSpace objects, 0(0B) LOS objects, 30% free, 36MB/52MB, paused 512us total 35.668ms
08-05 22:45:00.544  6590  6603 I art     : Starting a blocking GC Explicit
08-05 22:45:00.580  6590  6603 I art     : Explicit concurrent mark sweep GC freed 14(640B) AllocSpace objects, 0(0B) LOS objects, 30% free, 36MB/52MB, paused 389us total 35.673ms
08-05 22:45:00.595  6590  6603 I art     : Starting a blocking GC Explicit
08-05 22:45:00.631  6590  6603 I art     : Explicit concurrent mark sweep GC freed 1735(67KB) AllocSpace objects, 0(0B) LOS objects, 30% free, 36MB/52MB, paused 462us total 35.785ms
08-05 22:45:00.751   380   380 W SurfaceFlinger: couldn't log to binary event log: overflow.
08-05 22:45:00.771  6590  9915 I NAPPA_EXPERIMENTATION: MetricNetworkRequestExecutionTime: REQUEST_DURATION_SYSTEM='345',REQUEST_DURATION_OKHTTP='152',REQUEST_SYNCHRONOUS='TRUE',RESPONSE_CODE='200',RESPONSE_METHOD='GET',RESPONSE_LENGTH_OKHTTP='1942309',RESPONSE_LENGTH_HEADER='1942309',REQUEST_PROTOCOL='h2',REQUEST_URL='https://giant.gfycat.com/DeadlyGraveCavy.mp4',
08-05 22:45:00.771  6590  9915 D OK      : request got status: 200
08-05 22:45:00.895  6590  6614 I art     : Starting a blocking GC Explicit
08-05 22:45:00.903  5084  5084 I ServiceManager: Waiting for service AtCmdFwd...
08-05 22:45:00.930  6590  6614 I art     : Explicit concurrent mark sweep GC freed 2567(157KB) AllocSpace objects, 1(20KB) LOS objects, 30% free, 37MB/53MB, paused 482us total 34.403ms
08-05 22:45:00.944  6590  6614 I art     : Starting a blocking GC Explicit
08-05 22:45:00.948   512  2967 D audio_hw_primary: disable_audio_route: reset and update mixer path: low-latency-playback speaker
08-05 22:45:00.949   512  2967 D audio_hw_primary: disable_snd_device: snd_device(2: speaker)
08-05 22:45:00.956   512  2967 I soundtrigger: audio_extn_sound_trigger_update_device_status: device 0x2 of type 0 for Event 0
08-05 22:45:00.977  6590  6614 I art     : Explicit concurrent mark sweep GC freed 393(23KB) AllocSpace objects, 0(0B) LOS objects, 29% free, 37MB/53MB, paused 402us total 33.305ms
08-05 22:45:00.991  6590  6614 I art     : Starting a blocking GC Explicit
08-05 22:45:01.024  6590  6614 I art     : Explicit concurrent mark sweep GC freed 355(93KB) AllocSpace objects, 0(0B) LOS objects, 29% free, 37MB/53MB, paused 408us total 33.586ms
08-05 22:45:01.038  6590  6614 I art     : Starting a blocking GC Explicit
08-05 22:45:01.073  6590  6614 I art     : Explicit concurrent mark sweep GC freed 340(536KB) AllocSpace objects, 0(0B) LOS objects, 30% free, 37MB/53MB, paused 407us total 34.441ms
08-05 22:45:01.087  6590  6614 I art     : Starting a blocking GC Explicit
08-05 22:45:01.106  6590  6590 I ImageViewActivity: Playing video using ExoPlayer
08-05 22:45:01.124  6590  6614 I art     : Explicit concurrent mark sweep GC freed 371(142KB) AllocSpace objects, 1(68KB) LOS objects, 30% free, 37MB/53MB, paused 1.061ms total 37.224ms
08-05 22:45:01.137  6590  6590 I ExoPlayerImpl: Init 43f61bc [ExoPlayerLib/2.10.8] [angler, Nexus 6P, Huawei, 23]
08-05 22:45:01.215  6590  9929 W VideoCapabilities: Unrecognized profile 2130706433 for video/avc
08-05 22:45:01.235  6590  9929 I VideoCapabilities: Unsupported profile 4 for video/mp4v-es
08-05 22:45:01.244  6590  9932 I OMXClient: Using client-side OMX mux.
08-05 22:45:01.360   512 12931 I OMX-VDEC-1080P: component_init: OMX.qcom.video.decoder.avc : fd=49
08-05 22:45:01.360   512 12931 I OMX-VDEC-1080P: Capabilities: driver_name = msm_vidc_driver, card = msm_vdec_8974, bus_info = , version = 1, capabilities = 4003000
08-05 22:45:01.365   512 12931 I OMX-VDEC-1080P: Enabling default extradata for OMX.qcom.video.decoder.avc
08-05 22:45:01.369   512 12931 I OMX-VDEC-1080P: omx_vdec::component_init() success : fd=49
08-05 22:45:01.373  6590  9931 I MediaCodec: [OMX.qcom.video.decoder.avc] setting surface generation to 6748161
08-05 22:45:01.374   512 12838 E OMX-VDEC-1080P: Extension: OMX.google.android.index.storeANWBufferInMetadata not implemented
08-05 22:45:01.405  6590  9932 D SurfaceUtils: set up nativeWindow 0x7f79eaca10 for 360x306, color 0x7fa30c04, rotation 0, usage 0x42002900
08-05 22:45:01.438  6590  9932 D SurfaceUtils: set up nativeWindow 0x7f79eaca10 for 368x320, color 0x7fa30c04, rotation 0, usage 0x42002900
08-05 22:45:01.448  6590  7013 I art     : Starting a blocking GC Explicit
08-05 22:45:01.495  6590  7013 I art     : Explicit concurrent mark sweep GC freed 10639(812KB) AllocSpace objects, 7(324KB) LOS objects, 28% free, 40MB/56MB, paused 614us total 46.852ms
08-05 22:45:01.513  6590  7013 I art     : Starting a blocking GC Explicit
08-05 22:45:01.550  6590  7013 I art     : Explicit concurrent mark sweep GC freed 460(19KB) AllocSpace objects, 0(0B) LOS objects, 28% free, 40MB/56MB, paused 420us total 37.178ms
08-05 22:45:01.565  6590  7013 I art     : Starting a blocking GC Explicit
08-05 22:45:01.605  6590  7013 I art     : Explicit concurrent mark sweep GC freed 18(656B) AllocSpace objects, 0(0B) LOS objects, 28% free, 40MB/56MB, paused 452us total 39.830ms
08-05 22:45:01.620  6590  7013 I art     : Starting a blocking GC Explicit
08-05 22:45:01.659  6590  7013 I art     : Explicit concurrent mark sweep GC freed 19(720B) AllocSpace objects, 0(0B) LOS objects, 28% free, 40MB/56MB, paused 423us total 39.367ms
08-05 22:45:01.674  6590  7013 I art     : Starting a blocking GC Explicit
08-05 22:45:01.714  6590  7013 I art     : Explicit concurrent mark sweep GC freed 21(784B) AllocSpace objects, 0(0B) LOS objects, 28% free, 40MB/56MB, paused 448us total 39.582ms
08-05 22:45:01.903  5084  5084 I ServiceManager: Waiting for service AtCmdFwd...
08-05 22:45:02.018  6590  7013 I art     : Starting a blocking GC Explicit
08-05 22:45:02.058  6590  7013 I art     : Explicit concurrent mark sweep GC freed 1468(86KB) AllocSpace objects, 1(20KB) LOS objects, 28% free, 40MB/56MB, paused 433us total 40.105ms
08-05 22:45:02.074  6590  7013 I art     : Starting a blocking GC Explicit
08-05 22:45:02.110  6590  7013 I art     : Explicit concurrent mark sweep GC freed 37(1328B) AllocSpace objects, 0(0B) LOS objects, 28% free, 40MB/56MB, paused 407us total 36.394ms
08-05 22:45:02.125  6590  7013 I art     : Starting a blocking GC Explicit
08-05 22:45:02.165  6590  7013 I art     : Explicit concurrent mark sweep GC freed 25(928B) AllocSpace objects, 0(0B) LOS objects, 28% free, 40MB/56MB, paused 415us total 39.909ms
08-05 22:45:02.180  6590  7013 I art     : Starting a blocking GC Explicit
08-05 22:45:02.220  6590  7013 I art     : Explicit concurrent mark sweep GC freed 15(576B) AllocSpace objects, 0(0B) LOS objects, 28% free, 40MB/56MB, paused 375us total 40.175ms
08-05 22:45:02.235  6590  7013 I art     : Starting a blocking GC Explicit
08-05 22:45:02.275  6590  7013 I art     : Explicit concurrent mark sweep GC freed 24(864B) AllocSpace objects, 0(0B) LOS objects, 28% free, 40MB/56MB, paused 477us total 39.424ms
08-05 22:45:02.627  6590  7013 I art     : Starting a blocking GC Explicit
08-05 22:45:02.669  6590  7013 I art     : Explicit concurrent mark sweep GC freed 1480(87KB) AllocSpace objects, 1(20KB) LOS objects, 28% free, 40MB/56MB, paused 446us total 42.627ms
08-05 22:45:02.685  6590  7013 I art     : Starting a blocking GC Explicit
08-05 22:45:02.725  6590  7013 I art     : Explicit concurrent mark sweep GC freed 44(1600B) AllocSpace objects, 0(0B) LOS objects, 28% free, 40MB/56MB, paused 423us total 39.728ms
08-05 22:45:02.741  6590  7013 I art     : Starting a blocking GC Explicit
08-05 22:45:02.781  6590  7013 I art     : Explicit concurrent mark sweep GC freed 19(720B) AllocSpace objects, 0(0B) LOS objects, 28% free, 40MB/56MB, paused 435us total 39.867ms
08-05 22:45:02.795  6590  7013 I art     : Starting a blocking GC Explicit
08-05 22:45:02.835  6590  7013 I art     : Explicit concurrent mark sweep GC freed 24(864B) AllocSpace objects, 0(0B) LOS objects, 28% free, 40MB/56MB, paused 431us total 39.445ms
08-05 22:45:02.841   518   646 I ThermalEngine: ACTION: GPU - Setting GPU[0] to 450000000
08-05 22:45:02.854  6590  7013 I art     : Starting a blocking GC Explicit
08-05 22:45:02.904  5084  5084 I ServiceManager: Waiting for service AtCmdFwd...
08-05 22:45:02.904  6590  7013 I art     : Explicit concurrent mark sweep GC freed 19(720B) AllocSpace objects, 0(0B) LOS objects, 28% free, 40MB/56MB, paused 550us total 50.109ms
08-05 22:45:03.264  6590  7013 I art     : Starting a blocking GC Explicit
08-05 22:45:03.317  6590  7013 I art     : Explicit concurrent mark sweep GC freed 1495(88KB) AllocSpace objects, 1(20KB) LOS objects, 28% free, 40MB/56MB, paused 574us total 53.122ms
08-05 22:45:03.336  6590  7013 I art     : Starting a blocking GC Explicit
08-05 22:45:03.386  6590  7013 I art     : Explicit concurrent mark sweep GC freed 42(1536B) AllocSpace objects, 0(0B) LOS objects, 28% free, 40MB/56MB, paused 616us total 49.687ms
08-05 22:45:03.406  6590  7013 I art     : Starting a blocking GC Explicit
08-05 22:45:03.457  6590  7013 I art     : Explicit concurrent mark sweep GC freed 29(1072B) AllocSpace objects, 0(0B) LOS objects, 28% free, 40MB/56MB, paused 523us total 51.162ms
08-05 22:45:03.477  6590  7013 I art     : Starting a blocking GC Explicit
08-05 22:45:03.526  6590  7013 I art     : Explicit concurrent mark sweep GC freed 25(928B) AllocSpace objects, 0(0B) LOS objects, 28% free, 40MB/56MB, paused 538us total 49.328ms
08-05 22:45:03.546  6590  7013 I art     : Starting a blocking GC Explicit
08-05 22:45:03.598  6590  7013 I art     : Explicit concurrent mark sweep GC freed 25(928B) AllocSpace objects, 0(0B) LOS objects, 28% free, 40MB/56MB, paused 579us total 52.116ms
08-05 22:45:03.904  5084  5084 I ServiceManager: Waiting for service AtCmdFwd...
08-05 22:45:03.948  6590  6614 I art     : Starting a blocking GC Explicit
08-05 22:45:04.002  6590  6614 I art     : Explicit concurrent mark sweep GC freed 1491(88KB) AllocSpace objects, 1(20KB) LOS objects, 28% free, 40MB/56MB, paused 620us total 53.420ms
08-05 22:45:04.022  6590  6614 I art     : Starting a blocking GC Explicit
08-05 22:45:04.075  6590  6614 I art     : Explicit concurrent mark sweep GC freed 42(1536B) AllocSpace objects, 0(0B) LOS objects, 28% free, 40MB/56MB, paused 526us total 52.845ms
08-05 22:45:04.095  6590  6614 I art     : Starting a blocking GC Explicit
08-05 22:45:04.147  6590  6614 I art     : Explicit concurrent mark sweep GC freed 31(1136B) AllocSpace objects, 0(0B) LOS objects, 28% free, 40MB/56MB, paused 559us total 51.395ms
08-05 22:45:04.166  6590  6614 I art     : Starting a blocking GC Explicit
08-05 22:45:04.220  6590  6614 I art     : Explicit concurrent mark sweep GC freed 23(928B) AllocSpace objects, 0(0B) LOS objects, 28% free, 40MB/56MB, paused 566us total 53.141ms
08-05 22:45:04.240  6590  6614 I art     : Starting a blocking GC Explicit
08-05 22:45:04.290  6590  6614 I art     : Explicit concurrent mark sweep GC freed 29(1072B) AllocSpace objects, 0(0B) LOS objects, 28% free, 40MB/56MB, paused 497us total 49.764ms
08-05 22:45:04.662  6590  6603 I art     : Starting a blocking GC Explicit
08-05 22:45:04.718  6590  6603 I art     : Explicit concurrent mark sweep GC freed 1496(88KB) AllocSpace objects, 1(20KB) LOS objects, 28% free, 40MB/56MB, paused 660us total 55.429ms
08-05 22:45:04.738  6590  6603 I art     : Starting a blocking GC Explicit
08-05 22:45:04.789  6590  6603 I art     : Explicit concurrent mark sweep GC freed 43(1600B) AllocSpace objects, 0(0B) LOS objects, 28% free, 40MB/56MB, paused 508us total 51.124ms
08-05 22:45:04.809  6590  6603 I art     : Starting a blocking GC Explicit
08-05 22:45:04.849   518   646 I ThermalEngine: ACTION: GPU - Setting GPU[0] to 510000000
08-05 22:45:04.858  6590  6603 I art     : Explicit concurrent mark sweep GC freed 29(1040B) AllocSpace objects, 0(0B) LOS objects, 28% free, 40MB/56MB, paused 522us total 48.813ms
08-05 22:45:04.877  6590  6603 I art     : Starting a blocking GC Explicit
08-05 22:45:04.905  5084  5084 W Atfwd_Sendcmd: AtCmdFwd service not published, waiting... retryCnt : 1
08-05 22:45:04.920  6590  6603 I art     : Explicit concurrent mark sweep GC freed 21(816B) AllocSpace objects, 0(0B) LOS objects, 28% free, 40MB/56MB, paused 408us total 42.525ms
08-05 22:45:04.935  6590  6603 I art     : Starting a blocking GC Explicit
08-05 22:45:04.975  6590  6603 I art     : Explicit concurrent mark sweep GC freed 24(864B) AllocSpace objects, 0(0B) LOS objects, 28% free, 40MB/56MB, paused 378us total 40.240ms
08-05 22:45:05.313  6590  6602 I art     : Starting a blocking GC Explicit
08-05 22:45:05.357  6590  6602 I art     : Explicit concurrent mark sweep GC freed 1478(87KB) AllocSpace objects, 1(20KB) LOS objects, 28% free, 40MB/56MB, paused 430us total 42.967ms
08-05 22:45:05.372  6590  6602 I art     : Starting a blocking GC Explicit
08-05 22:45:05.400  6590  9914 I RedditChangeDataIO: Writing tmp data file at '/data/user/0/baseline.org.quantumbadger.redreader/files/rr_change_data_tmp.dat'
08-05 22:45:05.401  6590  9914 I RedditChangeDataManager: Taking snapshot...
08-05 22:45:05.401  6590  9914 I RedditChangeDataManager: Writing to stream...
08-05 22:45:05.401  6590  9914 I RedditChangeDataManager: Wrote 6 entries for user ''
08-05 22:45:05.401  6590  9914 I RedditChangeDataManager: All entries written to stream.
08-05 22:45:05.401  6590  9914 I RedditChangeDataIO: Write successful. Atomically replacing data file...
08-05 22:45:05.401  6590  9914 I RedditChangeDataIO: Write complete.
08-05 22:45:05.402  6590  9914 I RedditChangeDataIO: 158 bytes written in 2 ms
08-05 22:45:05.414  6590  6602 I art     : Explicit concurrent mark sweep GC freed 117(6KB) AllocSpace objects, 1(68KB) LOS objects, 28% free, 40MB/56MB, paused 384us total 41.193ms
08-05 22:45:05.428  6590  6602 I art     : Starting a blocking GC Explicit
08-05 22:45:05.467  6590  6602 I art     : Explicit concurrent mark sweep GC freed 32(1376B) AllocSpace objects, 0(0B) LOS objects, 28% free, 40MB/56MB, paused 490us total 38.801ms
08-05 22:45:05.482  6590  6602 I art     : Starting a blocking GC Explicit
08-05 22:45:05.521  6590  6602 I art     : Explicit concurrent mark sweep GC freed 21(784B) AllocSpace objects, 0(0B) LOS objects, 28% free, 40MB/56MB, paused 442us total 39.018ms
08-05 22:45:05.536  6590  6602 I art     : Starting a blocking GC Explicit
08-05 22:45:05.575  6590  6602 I art     : Explicit concurrent mark sweep GC freed 24(864B) AllocSpace objects, 0(0B) LOS objects, 28% free, 40MB/56MB, paused 386us total 38.552ms
08-05 22:45:05.928  6590  7013 I art     : Starting a blocking GC Explicit
08-05 22:45:05.970  6590  7013 I art     : Explicit concurrent mark sweep GC freed 1488(87KB) AllocSpace objects, 1(20KB) LOS objects, 28% free, 40MB/56MB, paused 427us total 42.676ms
08-05 22:45:05.986  6590  7013 I art     : Starting a blocking GC Explicit
08-05 22:45:06.026  6590  7013 I art     : Explicit concurrent mark sweep GC freed 39(1376B) AllocSpace objects, 0(0B) LOS objects, 28% free, 40MB/56MB, paused 440us total 40.032ms
08-05 22:45:06.041  6590  7013 I art     : Starting a blocking GC Explicit
08-05 22:45:06.080  6590  7013 I art     : Explicit concurrent mark sweep GC freed 19(720B) AllocSpace objects, 0(0B) LOS objects, 28% free, 40MB/56MB, paused 387us total 39.041ms
08-05 22:45:06.095  6590  7013 I art     : Starting a blocking GC Explicit
08-05 22:45:06.134  6590  7013 I art     : Explicit concurrent mark sweep GC freed 214(32KB) AllocSpace objects, 0(0B) LOS objects, 28% free, 40MB/56MB, paused 437us total 38.604ms
08-05 22:45:06.148  6590  7013 I art     : Starting a blocking GC Explicit
08-05 22:45:06.188  6590  7013 I art     : Explicit concurrent mark sweep GC freed 79(2720B) AllocSpace objects, 0(0B) LOS objects, 28% free, 40MB/56MB, paused 406us total 39.107ms
08-05 22:45:06.524  6590  6602 I art     : Starting a blocking GC Explicit
08-05 22:45:06.566  6590  6602 I art     : Explicit concurrent mark sweep GC freed 1482(87KB) AllocSpace objects, 1(20KB) LOS objects, 28% free, 40MB/56MB, paused 420us total 42.564ms
08-05 22:45:06.582  6590  6602 I art     : Starting a blocking GC Explicit
08-05 22:45:06.620  6590  6602 I art     : Explicit concurrent mark sweep GC freed 41(1472B) AllocSpace objects, 0(0B) LOS objects, 28% free, 40MB/56MB, paused 372us total 38.433ms
08-05 22:45:06.635  6590  6602 I art     : Starting a blocking GC Explicit
08-05 22:45:06.673  6590  6602 I art     : Explicit concurrent mark sweep GC freed 19(720B) AllocSpace objects, 0(0B) LOS objects, 28% free, 40MB/56MB, paused 411us total 37.951ms
08-05 22:45:06.688  6590  6602 I art     : Starting a blocking GC Explicit
08-05 22:45:06.726  6590  6602 I art     : Explicit concurrent mark sweep GC freed 18(624B) AllocSpace objects, 0(0B) LOS objects, 28% free, 40MB/56MB, paused 376us total 37.096ms
08-05 22:45:06.740  6590  6602 I art     : Starting a blocking GC Explicit
08-05 22:45:06.777  6590  6602 I art     : Explicit concurrent mark sweep GC freed 21(816B) AllocSpace objects, 0(0B) LOS objects, 28% free, 40MB/56MB, paused 400us total 37.097ms
08-05 22:45:07.025 10030 10030 D AndroidRuntime: >>>>>> START com.android.internal.os.RuntimeInit uid 2000 <<<<<<
08-05 22:45:07.030 10030 10030 D AndroidRuntime: CheckJNI is OFF
08-05 22:45:07.063 10030 10030 D ICU     : No timezone override file found: /data/misc/zoneinfo/current/icu/icu_tzdata.dat
08-05 22:45:07.086  6590  6603 I art     : Starting a blocking GC Explicit
08-05 22:45:07.097 10030 10030 I Radio-JNI: register_android_hardware_Radio DONE
08-05 22:45:07.120 10030 10030 D AndroidRuntime: Calling main entry com.android.commands.input.Input
08-05 22:45:07.122 10030 10030 I Input   : injectKeyEvent: KeyEvent { action=ACTION_DOWN, keyCode=KEYCODE_BACK, scanCode=0, metaState=0, flags=0x0, repeatCount=0, eventTime=830723535, downTime=830723535, deviceId=-1, source=0x101 }
08-05 22:45:07.127  6590  6603 I art     : Explicit concurrent mark sweep GC freed 1471(87KB) AllocSpace objects, 1(20KB) LOS objects, 28% free, 40MB/56MB, paused 356us total 41.213ms
08-05 22:45:07.129 10030 10030 I Input   : injectKeyEvent: KeyEvent { action=ACTION_UP, keyCode=KEYCODE_BACK, scanCode=0, metaState=0, flags=0x0, repeatCount=0, eventTime=830723535, downTime=830723535, deviceId=-1, source=0x101 }
08-05 22:45:07.135 10030 10030 D AndroidRuntime: Shutting down VM
08-05 22:45:07.142  6590  6603 I art     : Starting a blocking GC Explicit
08-05 22:45:07.177  6590  6603 I art     : Explicit concurrent mark sweep GC freed 170(5KB) AllocSpace objects, 0(0B) LOS objects, 28% free, 40MB/56MB, paused 457us total 35.472ms
08-05 22:45:07.188 13866 13866 I GoogleInputMethodServic: GoogleInputMethodService.onFinishInput():3138 
08-05 22:45:07.189 13866 13866 I GoogleInputMethodServic: GoogleInputMethodService.onStartInput():1808 
08-05 22:45:07.192  6590  6603 I art     : Starting a blocking GC Explicit
08-05 22:45:07.231  6590  6603 I art     : Explicit concurrent mark sweep GC freed 141(5KB) AllocSpace objects, 0(0B) LOS objects, 28% free, 40MB/56MB, paused 1.613ms total 38.312ms
08-05 22:45:07.238  6590  9931 I MediaCodec: [OMX.qcom.video.decoder.avc] setting surface generation to 6748162
08-05 22:45:07.240  6590  9932 D SurfaceUtils: set up nativeWindow 0x7f79ead810 for 368x320, color 0x7fa30c04, rotation 0, usage 0x42002900
08-05 22:45:07.248  6590  6603 I art     : Starting a blocking GC Explicit
08-05 22:45:07.286  6590  6603 I art     : Explicit concurrent mark sweep GC freed 41(3KB) AllocSpace objects, 0(0B) LOS objects, 28% free, 40MB/56MB, paused 379us total 37.682ms
08-05 22:45:07.300  6590  6603 I art     : Starting a blocking GC Explicit
08-05 22:45:07.336  6590  6603 I art     : Explicit concurrent mark sweep GC freed 4(160B) AllocSpace objects, 0(0B) LOS objects, 28% free, 40MB/56MB, paused 494us total 36.325ms
08-05 22:45:07.485  6590  6590 I ExoPlayerImpl: Release 43f61bc [ExoPlayerLib/2.10.8] [angler, Nexus 6P, Huawei, 23] [goog.exo.core, goog.exo.ui]
08-05 22:45:07.492   380   380 W SurfaceFlinger: couldn't log to binary event log: overflow.
08-05 22:45:07.508   512   512 I OMX-VDEC-1080P: omx_vdec::component_deinit() complete
08-05 22:45:07.509   512   512 I OMX-VDEC-1080P: Exit OMX vdec Destructor: fd=49
08-05 22:45:07.617  6590  7013 I art     : Starting a blocking GC Explicit
08-05 22:45:07.662  6590  7013 I art     : Explicit concurrent mark sweep GC freed 1837(186KB) AllocSpace objects, 36(2MB) LOS objects, 29% free, 37MB/53MB, paused 387us total 45.209ms
08-05 22:45:07.682  6590  7013 I art     : Starting a blocking GC Explicit
08-05 22:45:07.723  6590  7013 I art     : Explicit concurrent mark sweep GC freed 2908(161KB) AllocSpace objects, 4(200KB) LOS objects, 29% free, 37MB/53MB, paused 386us total 41.050ms
08-05 22:45:07.738  6590  7013 I art     : Starting a blocking GC Explicit
08-05 22:45:07.779  6590  7013 I art     : Explicit concurrent mark sweep GC freed 3(96B) AllocSpace objects, 0(0B) LOS objects, 29% free, 37MB/53MB, paused 377us total 40.459ms
08-05 22:45:07.794  6590  7013 I art     : Starting a blocking GC Explicit
08-05 22:45:07.834  6590  7013 I art     : Explicit concurrent mark sweep GC freed 3(96B) AllocSpace objects, 0(0B) LOS objects, 29% free, 37MB/53MB, paused 388us total 40.072ms
08-05 22:45:07.849  6590  7013 I art     : Starting a blocking GC Explicit
08-05 22:45:07.890  6590  7013 I art     : Explicit concurrent mark sweep GC freed 3(96B) AllocSpace objects, 0(0B) LOS objects, 29% free, 37MB/53MB, paused 384us total 40.921ms
08-05 22:45:08.208  6590  6603 I art     : Starting a blocking GC Explicit
08-05 22:45:08.261  6590  6603 I art     : Explicit concurrent mark sweep GC freed 1354(82KB) AllocSpace objects, 1(20KB) LOS objects, 29% free, 37MB/53MB, paused 446us total 52.138ms
08-05 22:45:08.277  6590  6603 I art     : Starting a blocking GC Explicit
08-05 22:45:08.318  6590  6603 I art     : Explicit concurrent mark sweep GC freed 20(704B) AllocSpace objects, 0(0B) LOS objects, 29% free, 37MB/53MB, paused 387us total 40.982ms
08-05 22:45:08.333  6590  6603 I art     : Starting a blocking GC Explicit
08-05 22:45:08.373  6590  6603 I art     : Explicit concurrent mark sweep GC freed 3(96B) AllocSpace objects, 0(0B) LOS objects, 29% free, 37MB/53MB, paused 348us total 39.231ms
08-05 22:45:08.388  6590  6603 I art     : Starting a blocking GC Explicit
08-05 22:45:08.425  6590  6603 I art     : Explicit concurrent mark sweep GC freed 3(96B) AllocSpace objects, 0(0B) LOS objects, 29% free, 37MB/53MB, paused 370us total 36.746ms
08-05 22:45:08.439  6590  6603 I art     : Starting a blocking GC Explicit
08-05 22:45:08.477  6590  6603 I art     : Explicit concurrent mark sweep GC freed 3(96B) AllocSpace objects, 0(0B) LOS objects, 29% free, 37MB/53MB, paused 424us total 37.733ms
08-05 22:45:08.778  6590  6602 I art     : Starting a blocking GC Explicit
08-05 22:45:08.796 10075 10075 D AndroidRuntime: >>>>>> START com.android.internal.os.RuntimeInit uid 2000 <<<<<<
08-05 22:45:08.801 10075 10075 D AndroidRuntime: CheckJNI is OFF
08-05 22:45:08.821  6590  6602 I art     : Explicit concurrent mark sweep GC freed 1354(82KB) AllocSpace objects, 1(20KB) LOS objects, 29% free, 37MB/53MB, paused 559us total 43.444ms
08-05 22:45:08.836  6590  6602 I art     : Starting a blocking GC Explicit
08-05 22:45:08.840 10075 10075 D ICU     : No timezone override file found: /data/misc/zoneinfo/current/icu/icu_tzdata.dat
08-05 22:45:08.874  6590  6602 I art     : Explicit concurrent mark sweep GC freed 20(704B) AllocSpace objects, 0(0B) LOS objects, 29% free, 37MB/53MB, paused 400us total 38.141ms
08-05 22:45:08.875 10075 10075 I Radio-JNI: register_android_hardware_Radio DONE
08-05 22:45:08.888  6590  6602 I art     : Starting a blocking GC Explicit
08-05 22:45:08.898 10075 10075 D AndroidRuntime: Calling main entry com.android.commands.input.Input
08-05 22:45:08.899 10075 10075 I Input   : injectMotionEvent: MotionEvent { action=ACTION_DOWN, actionButton=0, id[0]=0, x[0]=1340.0, y[0]=1100.0, toolType[0]=TOOL_TYPE_UNKNOWN, buttonState=0, metaState=0, flags=0x0, edgeFlags=0x0, pointerCount=1, historySize=0, eventTime=830725312, downTime=830725312, deviceId=0, source=0x1002 }
08-05 22:45:08.906 10075 10075 I Input   : injectMotionEvent: MotionEvent { action=ACTION_UP, actionButton=0, id[0]=0, x[0]=1340.0, y[0]=1100.0, toolType[0]=TOOL_TYPE_UNKNOWN, buttonState=0, metaState=0, flags=0x0, edgeFlags=0x0, pointerCount=1, historySize=0, eventTime=830725312, downTime=830725312, deviceId=0, source=0x1002 }
08-05 22:45:08.910 10075 10075 D AndroidRuntime: Shutting down VM
08-05 22:45:08.918   918   928 I ActivityManager: START u0 {dat=https://oauth.reddit.com/... cmp=baseline.org.quantumbadger.redreader/.activities.CommentListingActivity} from uid 10705 on display 0
08-05 22:45:08.920   512  2967 D audio_hw_primary: out_set_parameters: enter: usecase(1: low-latency-playback) kvpairs: routing=2
08-05 22:45:08.924  6590  6602 I art     : Explicit concurrent mark sweep GC freed 182(6KB) AllocSpace objects, 0(0B) LOS objects, 29% free, 37MB/53MB, paused 373us total 36.098ms
08-05 22:45:08.933   512  2967 D audio_hw_primary: select_devices: out_snd_device(2: speaker) in_snd_device(0: none)
08-05 22:45:08.934   512  2967 D msm8974_platform: platform_send_audio_calibration: sending audio calibration for snd_device(2) acdb_id(15)
08-05 22:45:08.934   512  2967 I soundtrigger: audio_extn_sound_trigger_update_device_status: device 0x2 of type 0 for Event 1
08-05 22:45:08.939  6590  6602 I art     : Starting a blocking GC Explicit
08-05 22:45:08.944   512  2967 D audio_hw_primary: enable_snd_device: snd_device(2: speaker)
08-05 22:45:08.945  6590  6590 I AppCompatViewInflater: app:theme is now deprecated. Please move to using android:theme instead.
08-05 22:45:08.947   512  2967 D audio_hw_primary: enable_audio_route: apply and update mixer path: low-latency-playback speaker
08-05 22:45:08.960  6590  7176 I CommentListingActivity: COMMENTS session changed to 934afb8b-4781-4dff-b44c-8dd6bbbc92d9
08-05 22:45:08.976  6590  6602 I art     : Explicit concurrent mark sweep GC freed 2801(183KB) AllocSpace objects, 0(0B) LOS objects, 29% free, 37MB/53MB, paused 990us total 37.066ms
08-05 22:45:08.989  6590  6602 I art     : Starting a blocking GC Explicit
08-05 22:45:09.033  6590  6602 I art     : Explicit concurrent mark sweep GC freed 8740(438KB) AllocSpace objects, 0(0B) LOS objects, 29% free, 38MB/54MB, paused 861us total 43.899ms
08-05 22:45:09.034  6590  6600 I art     : WaitForGcToComplete blocked for 27.368ms for cause HeapTrim
08-05 22:45:09.049 13866 13866 I GoogleInputMethodServic: GoogleInputMethodService.onFinishInput():3138 
08-05 22:45:09.050   918   936 I ActivityManager: Displayed baseline.org.quantumbadger.redreader/.activities.CommentListingActivity: +122ms
08-05 22:45:09.050 13866 13866 I GoogleInputMethodServic: GoogleInputMethodService.onStartInput():1808 
08-05 22:45:09.278   380   380 W SurfaceFlinger: couldn't log to binary event log: overflow.
08-05 22:45:09.318  6590  7013 I art     : Starting a blocking GC Explicit
08-05 22:45:09.367  6590  7013 I art     : Explicit concurrent mark sweep GC freed 32794(1690KB) AllocSpace objects, 1(20KB) LOS objects, 28% free, 39MB/55MB, paused 354us total 48.947ms
08-05 22:45:09.384  6590  7013 I art     : Starting a blocking GC Explicit
08-05 22:45:09.429  6590  7013 I art     : Explicit concurrent mark sweep GC freed 240(9KB) AllocSpace objects, 0(0B) LOS objects, 28% free, 39MB/55MB, paused 1.115ms total 43.945ms
08-05 22:45:09.445  6590  7013 I art     : Starting a blocking GC Explicit
08-05 22:45:09.480   512  2967 D audio_hw_primary: disable_audio_route: reset and update mixer path: low-latency-playback speaker
08-05 22:45:09.481   512  2967 D audio_hw_primary: disable_snd_device: snd_device(2: speaker)
08-05 22:45:09.489   512  2967 I soundtrigger: audio_extn_sound_trigger_update_device_status: device 0x2 of type 0 for Event 0
08-05 22:45:09.497  6590  7013 I art     : Explicit concurrent mark sweep GC freed 15(496B) AllocSpace objects, 0(0B) LOS objects, 28% free, 39MB/55MB, paused 319us total 51.078ms
08-05 22:45:09.512  6590  7013 I art     : Starting a blocking GC Explicit
08-05 22:45:09.558  6590  7013 I art     : Explicit concurrent mark sweep GC freed 3(96B) AllocSpace objects, 0(0B) LOS objects, 28% free, 39MB/55MB, paused 682us total 45.641ms
08-05 22:45:09.574  6590  7013 I art     : Starting a blocking GC Explicit
08-05 22:45:09.624  6590  7013 I art     : Explicit concurrent mark sweep GC freed 3(96B) AllocSpace objects, 0(0B) LOS objects, 28% free, 39MB/55MB, paused 404us total 49.297ms
08-05 22:45:09.857   518   646 I ThermalEngine: ACTION: GPU - Setting GPU[0] to 450000000
08-05 22:45:09.905  5084  5084 I ServiceManager: Waiting for service AtCmdFwd...
08-05 22:45:09.969  6590  6614 I art     : Starting a blocking GC Explicit
08-05 22:45:10.033  6590  6614 I art     : Explicit concurrent mark sweep GC freed 1354(82KB) AllocSpace objects, 1(20KB) LOS objects, 28% free, 39MB/55MB, paused 525us total 64.200ms
08-05 22:45:10.054  6590  6614 I art     : Starting a blocking GC Explicit
08-05 22:45:10.117  6590  6614 I art     : Explicit concurrent mark sweep GC freed 66(2528B) AllocSpace objects, 0(0B) LOS objects, 28% free, 39MB/55MB, paused 498us total 62.564ms
08-05 22:45:10.138  6590  6614 I art     : Starting a blocking GC Explicit
08-05 22:45:10.203  6590  6614 I art     : Explicit concurrent mark sweep GC freed 3(96B) AllocSpace objects, 0(0B) LOS objects, 28% free, 39MB/55MB, paused 493us total 64.862ms
08-05 22:45:10.225  6590  6614 I art     : Starting a blocking GC Explicit
08-05 22:45:10.290  6590  6614 I art     : Explicit concurrent mark sweep GC freed 3(96B) AllocSpace objects, 0(0B) LOS objects, 28% free, 39MB/55MB, paused 493us total 65.184ms
08-05 22:45:10.311  6590  6614 I art     : Starting a blocking GC Explicit
08-05 22:45:10.383  6590  6614 I art     : Explicit concurrent mark sweep GC freed 3(96B) AllocSpace objects, 0(0B) LOS objects, 28% free, 39MB/55MB, paused 491us total 71.683ms
08-05 22:45:10.758  6590  7013 I art     : Starting a blocking GC Explicit
08-05 22:45:10.849  6590  7013 I art     : Explicit concurrent mark sweep GC freed 1354(82KB) AllocSpace objects, 1(20KB) LOS objects, 28% free, 39MB/55MB, paused 571us total 90.993ms
08-05 22:45:10.872  6590  7013 I art     : Starting a blocking GC Explicit
08-05 22:45:10.906  5084  5084 I ServiceManager: Waiting for service AtCmdFwd...
08-05 22:45:10.943  6590  7013 I art     : Explicit concurrent mark sweep GC freed 20(704B) AllocSpace objects, 0(0B) LOS objects, 28% free, 39MB/55MB, paused 524us total 70.798ms
08-05 22:45:10.965  6590  7013 I art     : Starting a blocking GC Explicit
08-05 22:45:11.037  6590  7013 I art     : Explicit concurrent mark sweep GC freed 3(96B) AllocSpace objects, 0(0B) LOS objects, 28% free, 39MB/55MB, paused 532us total 71.934ms
08-05 22:45:11.059  6590  7013 I art     : Starting a blocking GC Explicit
08-05 22:45:11.131  6590  7013 I art     : Explicit concurrent mark sweep GC freed 3(96B) AllocSpace objects, 0(0B) LOS objects, 28% free, 39MB/55MB, paused 522us total 72.432ms
08-05 22:45:11.155  6590  7013 I art     : Starting a blocking GC Explicit
08-05 22:45:11.230  6590  7013 I art     : Explicit concurrent mark sweep GC freed 3(96B) AllocSpace objects, 0(0B) LOS objects, 28% free, 39MB/55MB, paused 522us total 74.366ms
08-05 22:45:11.619  6590  6602 I art     : Starting a blocking GC Explicit
08-05 22:45:11.703  6590  6602 I art     : Explicit concurrent mark sweep GC freed 1354(82KB) AllocSpace objects, 1(20KB) LOS objects, 28% free, 39MB/55MB, paused 567us total 83.891ms
08-05 22:45:11.727  6590  6602 I art     : Starting a blocking GC Explicit
08-05 22:45:11.798  6590  6602 I art     : Explicit concurrent mark sweep GC freed 20(704B) AllocSpace objects, 0(0B) LOS objects, 28% free, 39MB/55MB, paused 619us total 69.799ms
08-05 22:45:11.819  6590  6602 I art     : Starting a blocking GC Explicit
08-05 22:45:11.891  6590  6602 I art     : Explicit concurrent mark sweep GC freed 3(96B) AllocSpace objects, 0(0B) LOS objects, 28% free, 39MB/55MB, paused 507us total 71.118ms
08-05 22:45:11.907  5084  5084 I ServiceManager: Waiting for service AtCmdFwd...
08-05 22:45:11.912  6590  6602 I art     : Starting a blocking GC Explicit
08-05 22:45:11.984  6590  6602 I art     : Explicit concurrent mark sweep GC freed 3(96B) AllocSpace objects, 0(0B) LOS objects, 28% free, 39MB/55MB, paused 510us total 71.506ms
08-05 22:45:12.006  6590  6602 I art     : Starting a blocking GC Explicit
08-05 22:45:12.079  6590  6602 I art     : Explicit concurrent mark sweep GC freed 3(96B) AllocSpace objects, 0(0B) LOS objects, 28% free, 39MB/55MB, paused 544us total 72.943ms
08-05 22:45:12.453  6590  6603 I art     : Starting a blocking GC Explicit
08-05 22:45:12.528  6590  6603 I art     : Explicit concurrent mark sweep GC freed 1354(82KB) AllocSpace objects, 1(20KB) LOS objects, 28% free, 39MB/55MB, paused 602us total 74.006ms
08-05 22:45:12.550  6590  6603 I art     : Starting a blocking GC Explicit
08-05 22:45:12.623  6590  6603 I art     : Explicit concurrent mark sweep GC freed 20(704B) AllocSpace objects, 0(0B) LOS objects, 28% free, 39MB/55MB, paused 577us total 73.070ms
08-05 22:45:12.647  6590  6603 I art     : Starting a blocking GC Explicit
08-05 22:45:12.718  6590  6603 I art     : Explicit concurrent mark sweep GC freed 3(96B) AllocSpace objects, 0(0B) LOS objects, 28% free, 39MB/55MB, paused 566us total 70.763ms
08-05 22:45:12.740  6590  6603 I art     : Starting a blocking GC Explicit
08-05 22:45:12.812  6590  6603 I art     : Explicit concurrent mark sweep GC freed 3(96B) AllocSpace objects, 0(0B) LOS objects, 28% free, 39MB/55MB, paused 524us total 71.449ms
08-05 22:45:12.833  6590  6603 I art     : Starting a blocking GC Explicit
08-05 22:45:12.862   518   646 I ThermalEngine: ACTION: GPU - Setting GPU[0] to 510000000
08-05 22:45:12.903  6590  6603 I art     : Explicit concurrent mark sweep GC freed 3(96B) AllocSpace objects, 0(0B) LOS objects, 28% free, 39MB/55MB, paused 407us total 69.131ms
08-05 22:45:12.908  5084  5084 I ServiceManager: Waiting for service AtCmdFwd...
08-05 22:45:13.228  6590  6614 I art     : Starting a blocking GC Explicit
08-05 22:45:13.281  6590  6614 I art     : Explicit concurrent mark sweep GC freed 1354(82KB) AllocSpace objects, 1(20KB) LOS objects, 28% free, 39MB/55MB, paused 390us total 52.572ms
08-05 22:45:13.297  6590  6614 I art     : Starting a blocking GC Explicit
08-05 22:45:13.349  6590  6614 I art     : Explicit concurrent mark sweep GC freed 20(704B) AllocSpace objects, 0(0B) LOS objects, 28% free, 39MB/55MB, paused 383us total 51.170ms
08-05 22:45:13.364  6590  6614 I art     : Starting a blocking GC Explicit
08-05 22:45:13.414  6590  6614 I art     : Explicit concurrent mark sweep GC freed 3(96B) AllocSpace objects, 0(0B) LOS objects, 28% free, 39MB/55MB, paused 376us total 49.309ms
08-05 22:45:13.430  6590  6614 I art     : Starting a blocking GC Explicit
08-05 22:45:13.482  6590  6614 I art     : Explicit concurrent mark sweep GC freed 3(96B) AllocSpace objects, 0(0B) LOS objects, 28% free, 39MB/55MB, paused 383us total 51.449ms
08-05 22:45:13.498  6590  6614 I art     : Starting a blocking GC Explicit
08-05 22:45:13.548  6590  6614 I art     : Explicit concurrent mark sweep GC freed 3(96B) AllocSpace objects, 0(0B) LOS objects, 28% free, 39MB/55MB, paused 386us total 50.103ms
08-05 22:45:13.569 10160 10160 D AndroidRuntime: >>>>>> START com.android.internal.os.RuntimeInit uid 2000 <<<<<<
08-05 22:45:13.574 10160 10160 D AndroidRuntime: CheckJNI is OFF
08-05 22:45:13.607 10160 10160 D ICU     : No timezone override file found: /data/misc/zoneinfo/current/icu/icu_tzdata.dat
08-05 22:45:13.641 10160 10160 I Radio-JNI: register_android_hardware_Radio DONE
08-05 22:45:13.663 10160 10160 D AndroidRuntime: Calling main entry com.android.commands.input.Input
08-05 22:45:13.665 10160 10160 I Input   : injectKeyEvent: KeyEvent { action=ACTION_DOWN, keyCode=KEYCODE_BACK, scanCode=0, metaState=0, flags=0x0, repeatCount=0, eventTime=830730078, downTime=830730078, deviceId=-1, source=0x101 }
08-05 22:45:13.671 10160 10160 I Input   : injectKeyEvent: KeyEvent { action=ACTION_UP, keyCode=KEYCODE_BACK, scanCode=0, metaState=0, flags=0x0, repeatCount=0, eventTime=830730078, downTime=830730078, deviceId=-1, source=0x101 }
08-05 22:45:13.677 10160 10160 D AndroidRuntime: Shutting down VM
08-05 22:45:13.715 13866 13866 I GoogleInputMethodServic: GoogleInputMethodService.onFinishInput():3138 
08-05 22:45:13.717 13866 13866 I GoogleInputMethodServic: GoogleInputMethodService.onStartInput():1808 
08-05 22:45:13.819  6590  7013 I art     : Starting a blocking GC Explicit
08-05 22:45:13.870  6590  7013 I art     : Explicit concurrent mark sweep GC freed 1629(92KB) AllocSpace objects, 1(20KB) LOS objects, 28% free, 39MB/55MB, paused 434us total 50.145ms
08-05 22:45:13.888  6590  7013 I art     : Starting a blocking GC Explicit
08-05 22:45:13.908  5084  5084 I ServiceManager: Waiting for service AtCmdFwd...
08-05 22:45:13.930  6590 10100 I RedditChangeDataIO: Writing tmp data file at '/data/user/0/baseline.org.quantumbadger.redreader/files/rr_change_data_tmp.dat'
08-05 22:45:13.931  6590 10100 I RedditChangeDataManager: Taking snapshot...
08-05 22:45:13.931  6590 10100 I RedditChangeDataManager: Writing to stream...
08-05 22:45:13.931  6590 10100 I RedditChangeDataManager: Wrote 6 entries for user ''
08-05 22:45:13.931  6590 10100 I RedditChangeDataManager: All entries written to stream.
08-05 22:45:13.931  6590 10100 I RedditChangeDataIO: Write successful. Atomically replacing data file...
08-05 22:45:13.931  6590 10100 I RedditChangeDataIO: Write complete.
08-05 22:45:13.931  6590 10100 I RedditChangeDataIO: 158 bytes written in 1 ms
08-05 22:45:13.937  6590  7013 I art     : Explicit concurrent mark sweep GC freed 102(5KB) AllocSpace objects, 1(68KB) LOS objects, 28% free, 39MB/55MB, paused 468us total 48.596ms
08-05 22:45:13.953  6590  7013 I art     : Starting a blocking GC Explicit
08-05 22:45:14.002  6590  7013 I art     : Explicit concurrent mark sweep GC freed 14(656B) AllocSpace objects, 0(0B) LOS objects, 28% free, 39MB/55MB, paused 347us total 48.070ms
08-05 22:45:14.016   380   380 W SurfaceFlinger: couldn't log to binary event log: overflow.
08-05 22:45:14.018  6590  7013 I art     : Starting a blocking GC Explicit
08-05 22:45:14.065  6590  7013 I art     : Explicit concurrent mark sweep GC freed 52(1808B) AllocSpace objects, 0(0B) LOS objects, 28% free, 39MB/55MB, paused 381us total 46.931ms
08-05 22:45:14.081  6590  7013 I art     : Starting a blocking GC Explicit
08-05 22:45:14.132  6590  7013 I art     : Explicit concurrent mark sweep GC freed 116(6KB) AllocSpace objects, 0(0B) LOS objects, 28% free, 39MB/55MB, paused 412us total 50.592ms
08-05 22:45:14.451  6590  6603 I art     : Starting a blocking GC Explicit
08-05 22:45:14.511  6590  6603 I art     : Explicit concurrent mark sweep GC freed 42620(2MB) AllocSpace objects, 6(160KB) LOS objects, 29% free, 37MB/53MB, paused 427us total 59.919ms
08-05 22:45:14.531  6590  6603 I art     : Starting a blocking GC Explicit
08-05 22:45:14.570  6590  6603 I art     : Explicit concurrent mark sweep GC freed 20(704B) AllocSpace objects, 0(0B) LOS objects, 29% free, 37MB/53MB, paused 388us total 38.053ms
08-05 22:45:14.585  6590  6603 I art     : Starting a blocking GC Explicit
08-05 22:45:14.626  6590  6603 I art     : Explicit concurrent mark sweep GC freed 3(96B) AllocSpace objects, 0(0B) LOS objects, 29% free, 37MB/53MB, paused 375us total 40.583ms
08-05 22:45:14.640  6590  6603 I art     : Starting a blocking GC Explicit
08-05 22:45:14.681  6590  6603 I art     : Explicit concurrent mark sweep GC freed 3(96B) AllocSpace objects, 0(0B) LOS objects, 29% free, 37MB/53MB, paused 380us total 39.981ms
08-05 22:45:14.695  6590  6603 I art     : Starting a blocking GC Explicit
08-05 22:45:14.735  6590  6603 I art     : Explicit concurrent mark sweep GC freed 3(96B) AllocSpace objects, 0(0B) LOS objects, 29% free, 37MB/53MB, paused 370us total 39.840ms
08-05 22:45:14.909  5084  5084 W Atfwd_Sendcmd: AtCmdFwd service not published, waiting... retryCnt : 2
08-05 22:45:15.035  6590  6614 I art     : Starting a blocking GC Explicit
08-05 22:45:15.076  6590  6614 I art     : Explicit concurrent mark sweep GC freed 1354(82KB) AllocSpace objects, 1(20KB) LOS objects, 29% free, 37MB/53MB, paused 385us total 40.533ms
08-05 22:45:15.091  6590  6614 I art     : Starting a blocking GC Explicit
08-05 22:45:15.129  6590  6614 I art     : Explicit concurrent mark sweep GC freed 20(704B) AllocSpace objects, 0(0B) LOS objects, 29% free, 37MB/53MB, paused 356us total 37.652ms
08-05 22:45:15.144  6590  6614 I art     : Starting a blocking GC Explicit
08-05 22:45:15.182  6590  6614 I art     : Explicit concurrent mark sweep GC freed 3(96B) AllocSpace objects, 0(0B) LOS objects, 29% free, 37MB/53MB, paused 369us total 37.597ms
08-05 22:45:15.196  6590  6614 I art     : Starting a blocking GC Explicit
08-05 22:45:15.236  6590  6614 I art     : Explicit concurrent mark sweep GC freed 3(96B) AllocSpace objects, 0(0B) LOS objects, 29% free, 37MB/53MB, paused 380us total 40.077ms
08-05 22:45:15.251  6590  6614 I art     : Starting a blocking GC Explicit
08-05 22:45:15.290  6590  6614 I art     : Explicit concurrent mark sweep GC freed 3(96B) AllocSpace objects, 0(0B) LOS objects, 29% free, 37MB/53MB, paused 381us total 38.697ms
08-05 22:45:15.348 10198 10198 D AndroidRuntime: >>>>>> START com.android.internal.os.RuntimeInit uid 2000 <<<<<<
08-05 22:45:15.353 10198 10198 D AndroidRuntime: CheckJNI is OFF
08-05 22:45:15.386 10198 10198 D ICU     : No timezone override file found: /data/misc/zoneinfo/current/icu/icu_tzdata.dat
08-05 22:45:15.425 10198 10198 I Radio-JNI: register_android_hardware_Radio DONE
08-05 22:45:15.449 10198 10198 D AndroidRuntime: Calling main entry com.android.commands.input.Input
08-05 22:45:15.451 10198 10198 I Input   : injectKeyEvent: KeyEvent { action=ACTION_DOWN, keyCode=KEYCODE_BACK, scanCode=0, metaState=0, flags=0x0, repeatCount=0, eventTime=830731864, downTime=830731864, deviceId=-1, source=0x101 }
08-05 22:45:15.457 10198 10198 I Input   : injectKeyEvent: KeyEvent { action=ACTION_UP, keyCode=KEYCODE_BACK, scanCode=0, metaState=0, flags=0x0, repeatCount=0, eventTime=830731864, downTime=830731864, deviceId=-1, source=0x101 }
08-05 22:45:15.464 10198 10198 D AndroidRuntime: Shutting down VM
08-05 22:45:15.510 13866 13866 I GoogleInputMethodServic: GoogleInputMethodService.onFinishInput():3138 
08-05 22:45:15.511 13866 13866 I GoogleInputMethodServic: GoogleInputMethodService.onStartInput():1808 
08-05 22:45:15.588  6590  6602 I art     : Starting a blocking GC Explicit
08-05 22:45:15.623  6590  6602 I art     : Explicit concurrent mark sweep GC freed 1534(88KB) AllocSpace objects, 1(20KB) LOS objects, 29% free, 37MB/53MB, paused 372us total 35.372ms
08-05 22:45:15.640  6590  6602 I art     : Starting a blocking GC Explicit
08-05 22:45:15.679  6590  6602 I art     : Explicit concurrent mark sweep GC freed 24(864B) AllocSpace objects, 0(0B) LOS objects, 29% free, 37MB/53MB, paused 410us total 38.719ms
08-05 22:45:15.693  6590  6602 I art     : Starting a blocking GC Explicit
08-05 22:45:15.729  6590  6602 I art     : Explicit concurrent mark sweep GC freed 3(96B) AllocSpace objects, 0(0B) LOS objects, 29% free, 37MB/53MB, paused 338us total 36.649ms
08-05 22:45:15.744  6590  6602 I art     : Starting a blocking GC Explicit
08-05 22:45:15.786  6590  6602 I art     : Explicit concurrent mark sweep GC freed 3(96B) AllocSpace objects, 0(0B) LOS objects, 29% free, 37MB/53MB, paused 313us total 42.118ms
08-05 22:45:15.802  6590  6602 I art     : Starting a blocking GC Explicit
08-05 22:45:15.840  6590  6602 I art     : Explicit concurrent mark sweep GC freed 41(1360B) AllocSpace objects, 0(0B) LOS objects, 29% free, 37MB/53MB, paused 331us total 38.288ms
08-05 22:45:16.129  6590  6603 I art     : Starting a blocking GC Explicit
08-05 22:45:16.182  6590  6603 I art     : Explicit concurrent mark sweep GC freed 1374(83KB) AllocSpace objects, 1(20KB) LOS objects, 29% free, 37MB/53MB, paused 597us total 52.290ms
08-05 22:45:16.203  6590  6603 I art     : Starting a blocking GC Explicit
08-05 22:45:16.244  6590  6603 I art     : Explicit concurrent mark sweep GC freed 150(7KB) AllocSpace objects, 0(0B) LOS objects, 29% free, 37MB/53MB, paused 403us total 41.101ms
08-05 22:45:16.259  6590  6603 I art     : Starting a blocking GC Explicit
08-05 22:45:16.301  6590  6603 I art     : Explicit concurrent mark sweep GC freed 3(96B) AllocSpace objects, 0(0B) LOS objects, 29% free, 37MB/53MB, paused 412us total 41.660ms
08-05 22:45:16.317  6590  6603 I art     : Starting a blocking GC Explicit
08-05 22:45:16.358  6590  6603 I art     : Explicit concurrent mark sweep GC freed 3(96B) AllocSpace objects, 0(0B) LOS objects, 29% free, 37MB/53MB, paused 429us total 40.994ms
08-05 22:45:16.373  6590  6603 I art     : Starting a blocking GC Explicit
08-05 22:45:16.414  6590  6603 I art     : Explicit concurrent mark sweep GC freed 3(96B) AllocSpace objects, 0(0B) LOS objects, 29% free, 37MB/53MB, paused 407us total 40.617ms
08-05 22:45:16.740  6590  6614 I art     : Starting a blocking GC Explicit
08-05 22:45:16.782  6590  6614 I art     : Explicit concurrent mark sweep GC freed 1354(82KB) AllocSpace objects, 1(20KB) LOS objects, 29% free, 37MB/53MB, paused 419us total 41.527ms
08-05 22:45:16.797  6590  6614 I art     : Starting a blocking GC Explicit
08-05 22:45:16.836  6590  6614 I art     : Explicit concurrent mark sweep GC freed 20(704B) AllocSpace objects, 0(0B) LOS objects, 29% free, 37MB/53MB, paused 413us total 38.857ms
08-05 22:45:16.851  6590  6614 I art     : Starting a blocking GC Explicit
08-05 22:45:16.890  6590  6614 I art     : Explicit concurrent mark sweep GC freed 3(96B) AllocSpace objects, 0(0B) LOS objects, 29% free, 37MB/53MB, paused 399us total 39.277ms
08-05 22:45:16.905  6590  6614 I art     : Starting a blocking GC Explicit
08-05 22:45:16.943  6590  6614 I art     : Explicit concurrent mark sweep GC freed 3(96B) AllocSpace objects, 0(0B) LOS objects, 29% free, 37MB/53MB, paused 400us total 38.356ms
08-05 22:45:16.958  6590  6614 I art     : Starting a blocking GC Explicit
08-05 22:45:16.996  6590  6614 I art     : Explicit concurrent mark sweep GC freed 3(96B) AllocSpace objects, 0(0B) LOS objects, 29% free, 37MB/53MB, paused 384us total 38.378ms
08-05 22:45:17.129 10249 10249 D AndroidRuntime: >>>>>> START com.android.internal.os.RuntimeInit uid 2000 <<<<<<
08-05 22:45:17.137 10249 10249 D AndroidRuntime: CheckJNI is OFF
08-05 22:45:17.171 10249 10249 D ICU     : No timezone override file found: /data/misc/zoneinfo/current/icu/icu_tzdata.dat
08-05 22:45:17.204 10249 10249 I Radio-JNI: register_android_hardware_Radio DONE
08-05 22:45:17.226 10249 10249 D AndroidRuntime: Calling main entry com.android.commands.input.Input
08-05 22:45:17.228 10249 10249 I Input   : injectMotionEvent: MotionEvent { action=ACTION_DOWN, actionButton=0, id[0]=0, x[0]=600.0, y[0]=1733.0, toolType[0]=TOOL_TYPE_UNKNOWN, buttonState=0, metaState=0, flags=0x0, edgeFlags=0x0, pointerCount=1, historySize=0, eventTime=830733641, downTime=830733641, deviceId=0, source=0x1002 }
08-05 22:45:17.231 10249 10249 I Input   : injectMotionEvent: MotionEvent { action=ACTION_UP, actionButton=0, id[0]=0, x[0]=600.0, y[0]=1733.0, toolType[0]=TOOL_TYPE_UNKNOWN, buttonState=0, metaState=0, flags=0x0, edgeFlags=0x0, pointerCount=1, historySize=0, eventTime=830733641, downTime=830733641, deviceId=0, source=0x1002 }
08-05 22:45:17.233 10249 10249 D AndroidRuntime: Shutting down VM
08-05 22:45:17.238   512  2967 D audio_hw_primary: out_set_parameters: enter: usecase(1: low-latency-playback) kvpairs: routing=2
08-05 22:45:17.239   918  5132 I ActivityManager: START u0 {dat=https://oauth.reddit.com/... cmp=baseline.org.quantumbadger.redreader/.activities.PostListingActivity} from uid 10705 on display 0
08-05 22:45:17.251   512  2967 D audio_hw_primary: select_devices: out_snd_device(2: speaker) in_snd_device(0: none)
08-05 22:45:17.251   512  2967 D msm8974_platform: platform_send_audio_calibration: sending audio calibration for snd_device(2) acdb_id(15)
08-05 22:45:17.251   512  2967 I soundtrigger: audio_extn_sound_trigger_update_device_status: device 0x2 of type 0 for Event 1
08-05 22:45:17.255  6590  6590 I AppCompatViewInflater: app:theme is now deprecated. Please move to using android:theme instead.
08-05 22:45:17.263   512  2967 D audio_hw_primary: enable_snd_device: snd_device(2: speaker)
08-05 22:45:17.265   512  2967 D audio_hw_primary: enable_audio_route: apply and update mixer path: low-latency-playback speaker
08-05 22:45:17.274  6590 10273 D OK      : calling: https://oauth.reddit.com/r/aww/about.json
08-05 22:45:17.292  6590  7013 I art     : Starting a blocking GC Explicit
08-05 22:45:17.326 13866 13866 I GoogleInputMethodServic: GoogleInputMethodService.onFinishInput():3138 
08-05 22:45:17.327   918   936 I ActivityManager: Displayed baseline.org.quantumbadger.redreader/.activities.PostListingActivity: +82ms
08-05 22:45:17.329 13866 13866 I GoogleInputMethodServic: GoogleInputMethodService.onStartInput():1808 
08-05 22:45:17.329  6590  7013 I art     : Explicit concurrent mark sweep GC freed 2862(180KB) AllocSpace objects, 1(20KB) LOS objects, 29% free, 37MB/53MB, paused 728us total 37.246ms
08-05 22:45:17.347  6590  7013 I art     : Starting a blocking GC Explicit
08-05 22:45:17.384  6590  7013 I art     : Explicit concurrent mark sweep GC freed 557(28KB) AllocSpace objects, 0(0B) LOS objects, 29% free, 37MB/53MB, paused 430us total 36.950ms
08-05 22:45:17.398  6590  7013 I art     : Starting a blocking GC Explicit
08-05 22:45:17.433  6590  7013 I art     : Explicit concurrent mark sweep GC freed 88(5KB) AllocSpace objects, 0(0B) LOS objects, 29% free, 37MB/53MB, paused 420us total 34.570ms
08-05 22:45:17.447  6590  7013 I art     : Starting a blocking GC Explicit
08-05 22:45:17.483  6590  7013 I art     : Explicit concurrent mark sweep GC freed 1654(65KB) AllocSpace objects, 0(0B) LOS objects, 29% free, 37MB/53MB, paused 519us total 35.212ms
08-05 22:45:17.498  6590  7013 I art     : Starting a blocking GC Explicit
08-05 22:45:17.533  6590  7013 I art     : Explicit concurrent mark sweep GC freed 321(11KB) AllocSpace objects, 0(0B) LOS objects, 29% free, 37MB/53MB, paused 410us total 34.669ms
08-05 22:45:17.570   380   380 W SurfaceFlinger: couldn't log to binary event log: overflow.
08-05 22:45:17.641  6590 10273 I NAPPA_EXPERIMENTATION: MetricNetworkRequestExecutionTime: REQUEST_DURATION_SYSTEM='366',REQUEST_DURATION_OKHTTP='145',REQUEST_SYNCHRONOUS='TRUE',RESPONSE_CODE='200',RESPONSE_METHOD='GET',RESPONSE_LENGTH_OKHTTP='-1',RESPONSE_LENGTH_HEADER='3478',REQUEST_PROTOCOL='h2',REQUEST_URL='https://oauth.reddit.com/r/aww/about.json',
08-05 22:45:17.641  6590 10273 D OK      : request got status: 200
08-05 22:45:17.801  6590  6603 I art     : Starting a blocking GC Explicit
08-05 22:45:17.808   512  2967 D audio_hw_primary: disable_audio_route: reset and update mixer path: low-latency-playback speaker
08-05 22:45:17.809   512  2967 D audio_hw_primary: disable_snd_device: snd_device(2: speaker)
08-05 22:45:17.816   512  2967 I soundtrigger: audio_extn_sound_trigger_update_device_status: device 0x2 of type 0 for Event 0
08-05 22:45:17.836  6590  6603 I art     : Explicit concurrent mark sweep GC freed 2876(279KB) AllocSpace objects, 3(156KB) LOS objects, 29% free, 37MB/53MB, paused 404us total 35.323ms
08-05 22:45:17.850  6590  6603 I art     : Starting a blocking GC Explicit
08-05 22:45:17.885  6590  6603 I art     : Explicit concurrent mark sweep GC freed 201(10KB) AllocSpace objects, 0(0B) LOS objects, 29% free, 37MB/53MB, paused 425us total 34.567ms
08-05 22:45:17.898  6590  6603 I art     : Starting a blocking GC Explicit
08-05 22:45:17.933  6590  6603 I art     : Explicit concurrent mark sweep GC freed 3(96B) AllocSpace objects, 0(0B) LOS objects, 29% free, 37MB/53MB, paused 401us total 34.555ms
08-05 22:45:17.947  6590  6603 I art     : Starting a blocking GC Explicit
08-05 22:45:17.983  6590  6603 I art     : Explicit concurrent mark sweep GC freed 38(1568B) AllocSpace objects, 0(0B) LOS objects, 29% free, 37MB/53MB, paused 377us total 35.167ms
08-05 22:45:17.997  6590  6603 I art     : Starting a blocking GC Explicit
08-05 22:45:18.034  6590  6603 I art     : Explicit concurrent mark sweep GC freed 3(96B) AllocSpace objects, 0(0B) LOS objects, 29% free, 37MB/53MB, paused 396us total 37.134ms
08-05 22:45:18.335  6590  6602 I art     : Starting a blocking GC Explicit
08-05 22:45:18.377  6590  6602 I art     : Explicit concurrent mark sweep GC freed 1378(83KB) AllocSpace objects, 1(20KB) LOS objects, 29% free, 37MB/53MB, paused 442us total 41.695ms
08-05 22:45:18.392  6590  6602 I art     : Starting a blocking GC Explicit
08-05 22:45:18.432  6590  6602 I art     : Explicit concurrent mark sweep GC freed 20(704B) AllocSpace objects, 0(0B) LOS objects, 29% free, 37MB/53MB, paused 429us total 39.218ms
08-05 22:45:18.446  6590  6602 I art     : Starting a blocking GC Explicit
08-05 22:45:18.474  6590 10298 D OK      : calling: https://oauth.reddit.com/r/aww/hot/.json
08-05 22:45:18.487  6590  6602 I art     : Explicit concurrent mark sweep GC freed 94(3KB) AllocSpace objects, 0(0B) LOS objects, 29% free, 37MB/53MB, paused 532us total 40.555ms
08-05 22:45:18.502  6590  6602 I art     : Starting a blocking GC Explicit
08-05 22:45:18.541  6590  6602 I art     : Explicit concurrent mark sweep GC freed 10(384B) AllocSpace objects, 0(0B) LOS objects, 29% free, 37MB/53MB, paused 421us total 39.289ms
08-05 22:45:18.557  6590  6602 I art     : Starting a blocking GC Explicit
08-05 22:45:18.598  6590  6602 I art     : Explicit concurrent mark sweep GC freed 3(96B) AllocSpace objects, 0(0B) LOS objects, 29% free, 37MB/53MB, paused 520us total 40.451ms
08-05 22:45:18.645  6590 10298 I NAPPA_EXPERIMENTATION: MetricNetworkRequestExecutionTime: REQUEST_DURATION_SYSTEM='171',REQUEST_DURATION_OKHTTP='168',REQUEST_SYNCHRONOUS='TRUE',RESPONSE_CODE='200',RESPONSE_METHOD='GET',RESPONSE_LENGTH_OKHTTP='-1',RESPONSE_LENGTH_HEADER='33430',REQUEST_PROTOCOL='h2',REQUEST_URL='https://oauth.reddit.com/r/aww/hot/.json',
08-05 22:45:18.646  6590 10298 D OK      : request got status: 200
08-05 22:45:18.664  6590  7176 I PostListingFragment: Precaching images: OFF
08-05 22:45:18.664  6590  7176 I PostListingFragment: Precaching comments: OFF
08-05 22:45:18.685  6590  7176 I getImgurImageInfo: Image NSO7Npm: trying API v3 with auth
08-05 22:45:18.699  6590  9252 I RedditVideosAPI: For 'https://v.redd.it/fkewv2f65kd51/DASHPlaylist.mpd', got video stream 'https://v.redd.it/fkewv2f65kd51/DASH_480' and audio stream 'https://v.redd.it/fkewv2f65kd51/audio'
08-05 22:45:18.810  6590  9252 I RedditVideosAPI: For 'https://v.redd.it/ak6rer1hskd51/DASHPlaylist.mpd', got video stream 'https://v.redd.it/ak6rer1hskd51/DASH_360' and audio stream 'null'
08-05 22:45:18.817  6590 10300 I RedditVideosAPI: For 'https://v.redd.it/h49fg58ygjd51/DASHPlaylist.mpd', got video stream 'https://v.redd.it/h49fg58ygjd51/DASH_480' and audio stream 'null'
08-05 22:45:18.817  6590  9252 I RedditVideosAPI: For 'https://v.redd.it/1ewzkieg0jd51/DASHPlaylist.mpd', got video stream 'https://v.redd.it/1ewzkieg0jd51/DASH_480' and audio stream 'https://v.redd.it/1ewzkieg0jd51/audio'
08-05 22:45:18.818  6590 10300 I RedditVideosAPI: For 'https://v.redd.it/ppmhu2r9thd51/DASHPlaylist.mpd', got video stream 'https://v.redd.it/ppmhu2r9thd51/DASH_480' and audio stream 'null'
08-05 22:45:18.818  6590  9252 I RedditVideosAPI: For 'https://v.redd.it/s9qqadf3mid51/DASHPlaylist.mpd', got video stream 'https://v.redd.it/s9qqadf3mid51/DASH_480' and audio stream 'https://v.redd.it/s9qqadf3mid51/audio'
08-05 22:45:18.818  6590 10300 I RedditVideosAPI: For 'https://v.redd.it/b8vazlcb7ld51/DASHPlaylist.mpd', got video stream 'https://v.redd.it/b8vazlcb7ld51/DASH_480' and audio stream 'https://v.redd.it/b8vazlcb7ld51/audio'
08-05 22:45:18.818  6590  9252 I RedditVideosAPI: For 'https://v.redd.it/ty24o02m1hd51/DASHPlaylist.mpd', got video stream 'https://v.redd.it/ty24o02m1hd51/DASH_480' and audio stream 'null'
08-05 22:45:18.819  6590  9252 I RedditVideosAPI: For 'https://v.redd.it/ar5k8892pid51/DASHPlaylist.mpd', got video stream 'https://v.redd.it/ar5k8892pid51/DASH_360' and audio stream 'https://v.redd.it/ar5k8892pid51/audio'
08-05 22:45:18.866  6590  6590 W RecyclerView: Cannot call this method in a scroll callback. Scroll callbacks mightbe run during a measure & layout pass where you cannot change theRecyclerView data. Any method call that might change the structureof the RecyclerView or the adapter contents should be postponed tothe next frame.
08-05 22:45:18.866  6590  6590 W RecyclerView: java.lang.IllegalStateException:  androidx.recyclerview.widget.RecyclerView{a931cb3 VFED..... .F....ID 0,0-1440,2140 #7f0900ef app:id/scrollbar_recyclerview_recyclerview}, adapter:baseline.org.quantumbadger.redreader.adapters.GroupedRecyclerViewAdapter@8d3f270, layout:androidx.recyclerview.widget.LinearLayoutManager@8bc89e9, context:baseline.org.quantumbadger.redreader.activities.PostListingActivity@4e314ec
08-05 22:45:18.866  6590  6590 W RecyclerView: 	at androidx.recyclerview.widget.RecyclerView.assertNotInLayoutOrScroll(RecyclerView.java:3061)
08-05 22:45:18.866  6590  6590 W RecyclerView: 	at androidx.recyclerview.widget.RecyclerView$RecyclerViewDataObserver.onItemRangeInserted(RecyclerView.java:5555)
08-05 22:45:18.866  6590  6590 W RecyclerView: 	at androidx.recyclerview.widget.RecyclerView$AdapterDataObservable.notifyItemRangeInserted(RecyclerView.java:12278)
08-05 22:45:18.866  6590  6590 W RecyclerView: 	at androidx.recyclerview.widget.RecyclerView$Adapter.notifyItemInserted(RecyclerView.java:7464)
08-05 22:45:18.866  6590  6590 W RecyclerView: 	at baseline.org.quantumbadger.redreader.adapters.GroupedRecyclerViewAdapter.updateHiddenStatus(GroupedRecyclerViewAdapter.java:279)
08-05 22:45:18.866  6590  6590 W RecyclerView: 	at baseline.org.quantumbadger.redreader.adapters.RedditListingManager.setLoadingVisible(RedditListingManager.java:125)
08-05 22:45:18.866  6590  6590 W RecyclerView: 	at baseline.org.quantumbadger.redreader.fragments.PostListingFragment.onLoadMoreItemsCheck(PostListingFragment.java:465)
08-05 22:45:18.866  6590  6590 W RecyclerView: 	at baseline.org.quantumbadger.redreader.fragments.PostListingFragment.access$000(PostListingFragment.java:98)
08-05 22:45:18.866  6590  6590 W RecyclerView: 	at baseline.org.quantumbadger.redreader.fragments.PostListingFragment$2.onScrolled(PostListingFragment.java:215)
08-05 22:45:18.866  6590  6590 W RecyclerView: 	at androidx.recyclerview.widget.RecyclerView.dispatchOnScrolled(RecyclerView.java:5173)
08-05 22:45:18.866  6590  6590 W RecyclerView: 	at androidx.recyclerview.widget.RecyclerView.dispatchLayoutStep3(RecyclerView.java:4231)
08-05 22:45:18.866  6590  6590 W RecyclerView: 	at androidx.recyclerview.widget.RecyclerView.dispatchLayout(RecyclerView.java:3862)
08-05 22:45:18.866  6590  6590 W RecyclerView: 	at androidx.recyclerview.widget.RecyclerView.consumePendingUpdateOperations(RecyclerView.java:1897)
08-05 22:45:18.866  6590  6590 W RecyclerView: 	at androidx.recyclerview.widget.RecyclerView$1.run(RecyclerView.java:414)
08-05 22:45:18.866  6590  6590 W RecyclerView: 	at android.view.Choreographer$CallbackRecord.run(Choreographer.java:858)
08-05 22:45:18.866  6590  6590 W RecyclerView: 	at android.view.Choreographer.doCallbacks(Choreographer.java:670)
08-05 22:45:18.866  6590  6590 W RecyclerView: 	at android.view.Choreographer.doFrame(Choreographer.java:603)
08-05 22:45:18.866  6590  6590 W RecyclerView: 	at android.view.Choreographer$FrameDisplayEventReceiver.run(Choreographer.java:844)
08-05 22:45:18.866  6590  6590 W RecyclerView: 	at android.os.Handler.handleCallback(Handler.java:739)
08-05 22:45:18.866  6590  6590 W RecyclerView: 	at android.os.Handler.dispatchMessage(Handler.java:95)
08-05 22:45:18.866  6590  6590 W RecyclerView: 	at android.os.Looper.loop(Looper.java:148)
08-05 22:45:18.866  6590  6590 W RecyclerView: 	at android.app.ActivityThread.main(ActivityThread.java:5417)
08-05 22:45:18.866  6590  6590 W RecyclerView: 	at java.lang.reflect.Method.invoke(Native Method)
08-05 22:45:18.866  6590  6590 W RecyclerView: 	at com.android.internal.os.ZygoteInit$MethodAndArgsCaller.run(ZygoteInit.java:726)
08-05 22:45:18.866  6590  6590 W RecyclerView: 	at com.android.internal.os.ZygoteInit.main(ZygoteInit.java:616)
08-05 22:45:18.873   518   646 I ThermalEngine: ACTION: GPU - Setting GPU[0] to 450000000
08-05 22:45:18.905  6590  7013 I art     : Starting a blocking GC Explicit
08-05 22:45:18.969  6590  7013 I art     : Explicit concurrent mark sweep GC freed 49771(3MB) AllocSpace objects, 97(5MB) LOS objects, 27% free, 43MB/59MB, paused 587us total 63.898ms
08-05 22:45:18.989  6590  7013 I art     : Starting a blocking GC Explicit
08-05 22:45:19.041  6590  7013 I art     : Explicit concurrent mark sweep GC freed 2634(111KB) AllocSpace objects, 0(0B) LOS objects, 27% free, 43MB/59MB, paused 661us total 52.236ms
08-05 22:45:19.061  6590  7013 I art     : Starting a blocking GC Explicit
08-05 22:45:19.109  6590  7013 I art     : Explicit concurrent mark sweep GC freed 27(1120B) AllocSpace objects, 0(0B) LOS objects, 27% free, 43MB/59MB, paused 510us total 47.887ms
08-05 22:45:19.127  6590  7013 I art     : Starting a blocking GC Explicit
08-05 22:45:19.178  6590  7013 I art     : Explicit concurrent mark sweep GC freed 94(5KB) AllocSpace objects, 0(0B) LOS objects, 27% free, 43MB/59MB, paused 632us total 50.565ms
08-05 22:45:19.199  6590  7013 I art     : Starting a blocking GC Explicit
08-05 22:45:19.254  6590  7013 I art     : Explicit concurrent mark sweep GC freed 235(10KB) AllocSpace objects, 0(0B) LOS objects, 27% free, 43MB/59MB, paused 604us total 55.003ms
08-05 22:45:19.635  6590  6614 I art     : Starting a blocking GC Explicit
08-05 22:45:19.675  6590 10322 D OK      : calling: https://oauth.reddit.com/r/aww/hot/.json?after=t3_hz5odc
08-05 22:45:19.700  6590  6614 I art     : Explicit concurrent mark sweep GC freed 1500(90KB) AllocSpace objects, 1(20KB) LOS objects, 27% free, 43MB/59MB, paused 894us total 64.493ms
08-05 22:45:19.723  6590  6614 I art     : Starting a blocking GC Explicit
08-05 22:45:19.781  6590  6614 I art     : Explicit concurrent mark sweep GC freed 27(992B) AllocSpace objects, 0(0B) LOS objects, 27% free, 43MB/59MB, paused 679us total 57.995ms
08-05 22:45:19.801  6590  6614 I art     : Starting a blocking GC Explicit
08-05 22:45:19.864  6590  6614 I art     : Explicit concurrent mark sweep GC freed 3(96B) AllocSpace objects, 0(0B) LOS objects, 27% free, 43MB/59MB, paused 730us total 62.429ms
08-05 22:45:19.882  6590 10322 I NAPPA_EXPERIMENTATION: MetricNetworkRequestExecutionTime: REQUEST_DURATION_SYSTEM='207',REQUEST_DURATION_OKHTTP='201',REQUEST_SYNCHRONOUS='TRUE',RESPONSE_CODE='200',RESPONSE_METHOD='GET',RESPONSE_LENGTH_OKHTTP='-1',RESPONSE_LENGTH_HEADER='30610',REQUEST_PROTOCOL='h2',REQUEST_URL='https://oauth.reddit.com/r/aww/hot/.json?after=t3_hz5odc',
08-05 22:45:19.883  6590 10322 D OK      : request got status: 200
08-05 22:45:19.886  6590  6614 I art     : Starting a blocking GC Explicit
08-05 22:45:19.903  6590 10301 I PostListingFragment: Precaching images: OFF
08-05 22:45:19.903  6590 10301 I PostListingFragment: Precaching comments: OFF
08-05 22:45:19.933  6590 10323 I RedditVideosAPI: For 'https://v.redd.it/syww111dtjd51/DASHPlaylist.mpd', got video stream 'https://v.redd.it/syww111dtjd51/DASH_480' and audio stream 'https://v.redd.it/syww111dtjd51/audio'
08-05 22:45:19.945  6590  6614 I art     : Explicit concurrent mark sweep GC freed 3542(327KB) AllocSpace objects, 10(548KB) LOS objects, 26% free, 44MB/60MB, paused 1.656ms total 58.394ms
08-05 22:45:19.950  6590 10324 I RedditVideosAPI: For 'https://v.redd.it/pbqrrfb3tkd51/DASHPlaylist.mpd', got video stream 'https://v.redd.it/pbqrrfb3tkd51/DASH_480' and audio stream 'null'
08-05 22:45:19.962  6590 10323 I RedditVideosAPI: For 'https://v.redd.it/rrygsb8i4ld51/DASHPlaylist.mpd', got video stream 'https://v.redd.it/rrygsb8i4ld51/DASH_480' and audio stream 'https://v.redd.it/rrygsb8i4ld51/audio'
08-05 22:45:19.964  6590  6614 I art     : Starting a blocking GC Explicit
08-05 22:45:19.998  6590 10301 I getImgurImageInfo: Image nLQR2hT: trying API v3 with auth
08-05 22:45:20.021  6590  6614 I art     : Explicit concurrent mark sweep GC freed 13737(907KB) AllocSpace objects, 35(2MB) LOS objects, 25% free, 47MB/63MB, paused 1.562ms total 56.888ms
08-05 22:45:20.065  6590 10323 I RedditVideosAPI: For 'https://v.redd.it/ue0jdgk9zhd51/DASHPlaylist.mpd', got video stream 'https://v.redd.it/ue0jdgk9zhd51/DASH_360' and audio stream 'https://v.redd.it/ue0jdgk9zhd51/audio'
08-05 22:45:20.078  6590 10323 I RedditVideosAPI: For 'https://v.redd.it/5x6zzipz8ld51/DASHPlaylist.mpd', got video stream 'https://v.redd.it/5x6zzipz8ld51/DASH_480' and audio stream 'null'
08-05 22:45:20.078  6590 10323 I RedditVideosAPI: For 'https://v.redd.it/75en73fm5id51/DASHPlaylist.mpd', got video stream 'https://v.redd.it/75en73fm5id51/DASH_480' and audio stream 'https://v.redd.it/75en73fm5id51/audio'
08-05 22:45:20.082  6590 10323 I RedditVideosAPI: For 'https://v.redd.it/ggz4fyth6hd51/DASHPlaylist.mpd', got video stream 'https://v.redd.it/ggz4fyth6hd51/DASH_360' and audio stream 'null'
08-05 22:45:20.082  6590 10324 I RedditVideosAPI: For 'https://v.redd.it/psrknoobrgd51/DASHPlaylist.mpd', got video stream 'https://v.redd.it/psrknoobrgd51/DASH_480' and audio stream 'null'
08-05 22:45:20.083  6590 10323 I RedditVideosAPI: For 'https://v.redd.it/jk6cwef4wld51/DASHPlaylist.mpd', got video stream 'https://v.redd.it/jk6cwef4wld51/DASH_480' and audio stream 'null'
08-05 22:45:20.083  6590 10323 I RedditVideosAPI: For 'https://v.redd.it/xd6c4yyutgd51/DASHPlaylist.mpd', got video stream 'https://v.redd.it/xd6c4yyutgd51/DASH_480' and audio stream 'null'
08-05 22:45:20.083  6590 10324 I RedditVideosAPI: For 'https://v.redd.it/t81s8zfz9ld51/DASHPlaylist.mpd', got video stream 'https://v.redd.it/t81s8zfz9ld51/DASH_480' and audio stream 'https://v.redd.it/t81s8zfz9ld51/audio'
08-05 22:45:20.352  6590  6602 I art     : Starting a blocking GC Explicit
08-05 22:45:20.437  6590  6602 I art     : Explicit concurrent mark sweep GC freed 28116(2005KB) AllocSpace objects, 53(3MB) LOS objects, 24% free, 48MB/64MB, paused 639us total 84.285ms
08-05 22:45:20.457  6590  6602 I art     : Starting a blocking GC Explicit
08-05 22:45:20.515  6590  6602 I art     : Explicit concurrent mark sweep GC freed 750(29KB) AllocSpace objects, 0(0B) LOS objects, 24% free, 48MB/64MB, paused 616us total 57.624ms
08-05 22:45:20.536  6590  6602 I art     : Starting a blocking GC Explicit
08-05 22:45:20.593  6590  6602 I art     : Explicit concurrent mark sweep GC freed 3(96B) AllocSpace objects, 0(0B) LOS objects, 24% free, 48MB/64MB, paused 596us total 57.268ms
08-05 22:45:20.613  6590  6602 I art     : Starting a blocking GC Explicit
08-05 22:45:20.675  6590  6602 I art     : Explicit concurrent mark sweep GC freed 3(96B) AllocSpace objects, 0(0B) LOS objects, 24% free, 48MB/64MB, paused 585us total 61.606ms
08-05 22:45:20.698  6590  6602 I art     : Starting a blocking GC Explicit
08-05 22:45:20.759  6590  6602 I art     : Explicit concurrent mark sweep GC freed 3(96B) AllocSpace objects, 0(0B) LOS objects, 24% free, 48MB/64MB, paused 638us total 60.700ms
08-05 22:45:21.141  6590  6603 I art     : Starting a blocking GC Explicit
08-05 22:45:21.208  6590  6603 I art     : Explicit concurrent mark sweep GC freed 1359(83KB) AllocSpace objects, 1(20KB) LOS objects, 24% free, 48MB/64MB, paused 671us total 66.968ms
08-05 22:45:21.232  6590  6603 I art     : Starting a blocking GC Explicit
08-05 22:45:21.293  6590  6603 I art     : Explicit concurrent mark sweep GC freed 20(704B) AllocSpace objects, 0(0B) LOS objects, 24% free, 48MB/64MB, paused 609us total 61.252ms
08-05 22:45:21.317  6590  6603 I art     : Starting a blocking GC Explicit
08-05 22:45:21.376  6590  6603 I art     : Explicit concurrent mark sweep GC freed 3(96B) AllocSpace objects, 0(0B) LOS objects, 24% free, 48MB/64MB, paused 614us total 58.984ms
08-05 22:45:21.396  6590  6603 I art     : Starting a blocking GC Explicit
08-05 22:45:21.455  6590  6603 I art     : Explicit concurrent mark sweep GC freed 3(96B) AllocSpace objects, 0(0B) LOS objects, 24% free, 48MB/64MB, paused 656us total 58.108ms
08-05 22:45:21.475  6590  6603 I art     : Starting a blocking GC Explicit
08-05 22:45:21.538  6590  6603 I art     : Explicit concurrent mark sweep GC freed 3(96B) AllocSpace objects, 0(0B) LOS objects, 24% free, 48MB/64MB, paused 759us total 63.004ms
08-05 22:45:21.879   518   646 I ThermalEngine: ACTION: GPU - Setting GPU[0] to 510000000
08-05 22:45:21.925  6590  7013 I art     : Starting a blocking GC Explicit
08-05 22:45:21.983  6590  7013 I art     : Explicit concurrent mark sweep GC freed 1356(83KB) AllocSpace objects, 1(20KB) LOS objects, 24% free, 48MB/64MB, paused 513us total 57.298ms
08-05 22:45:22.004  6590  7013 I art     : Starting a blocking GC Explicit
08-05 22:45:22.048  6590  7013 I art     : Explicit concurrent mark sweep GC freed 20(704B) AllocSpace objects, 0(0B) LOS objects, 24% free, 48MB/64MB, paused 462us total 43.573ms
08-05 22:45:22.063  6590  7013 I art     : Starting a blocking GC Explicit
08-05 22:45:22.107  6590  7013 I art     : Explicit concurrent mark sweep GC freed 3(96B) AllocSpace objects, 0(0B) LOS objects, 24% free, 48MB/64MB, paused 453us total 43.527ms
08-05 22:45:22.122  6590  7013 I art     : Starting a blocking GC Explicit
08-05 22:45:22.166  6590  7013 I art     : Explicit concurrent mark sweep GC freed 3(96B) AllocSpace objects, 0(0B) LOS objects, 24% free, 48MB/64MB, paused 428us total 43.409ms
08-05 22:45:22.181  6590  7013 I art     : Starting a blocking GC Explicit
08-05 22:45:22.224  6590  7013 I art     : Explicit concurrent mark sweep GC freed 3(96B) AllocSpace objects, 0(0B) LOS objects, 24% free, 48MB/64MB, paused 447us total 42.599ms
08-05 22:45:22.573  6590  6614 I art     : Starting a blocking GC Explicit
08-05 22:45:22.615  6590  6614 I art     : Explicit concurrent mark sweep GC freed 1357(83KB) AllocSpace objects, 1(20KB) LOS objects, 24% free, 48MB/64MB, paused 434us total 41.958ms
08-05 22:45:22.630  6590  6614 I art     : Starting a blocking GC Explicit
08-05 22:45:22.673  6590  6614 I art     : Explicit concurrent mark sweep GC freed 20(704B) AllocSpace objects, 0(0B) LOS objects, 24% free, 48MB/64MB, paused 471us total 42.425ms
08-05 22:45:22.688  6590  6614 I art     : Starting a blocking GC Explicit
08-05 22:45:22.729  6590  6614 I art     : Explicit concurrent mark sweep GC freed 3(96B) AllocSpace objects, 0(0B) LOS objects, 24% free, 48MB/64MB, paused 445us total 41.618ms
08-05 22:45:22.744  6590  6614 I art     : Starting a blocking GC Explicit
08-05 22:45:22.787  6590  6614 I art     : Explicit concurrent mark sweep GC freed 3(96B) AllocSpace objects, 0(0B) LOS objects, 24% free, 48MB/64MB, paused 437us total 42.121ms
08-05 22:45:22.802  6590  6614 I art     : Starting a blocking GC Explicit
08-05 22:45:22.843  6590  6614 I art     : Explicit concurrent mark sweep GC freed 3(96B) AllocSpace objects, 0(0B) LOS objects, 24% free, 48MB/64MB, paused 436us total 41.078ms
08-05 22:45:22.894 10361 10361 D AndroidRuntime: >>>>>> START com.android.internal.os.RuntimeInit uid 2000 <<<<<<
08-05 22:45:22.899 10361 10361 D AndroidRuntime: CheckJNI is OFF
08-05 22:45:22.932 10361 10361 D ICU     : No timezone override file found: /data/misc/zoneinfo/current/icu/icu_tzdata.dat
08-05 22:45:22.965 10361 10361 I Radio-JNI: register_android_hardware_Radio DONE
08-05 22:45:22.988 10361 10361 D AndroidRuntime: Calling main entry com.android.commands.input.Input
08-05 22:45:22.989 10361 10361 I Input   : injectMotionEvent: MotionEvent { action=ACTION_DOWN, actionButton=0, id[0]=0, x[0]=1340.0, y[0]=1100.0, toolType[0]=TOOL_TYPE_UNKNOWN, buttonState=0, metaState=0, flags=0x0, edgeFlags=0x0, pointerCount=1, historySize=0, eventTime=830739402, downTime=830739402, deviceId=0, source=0x1002 }
08-05 22:45:22.997 10361 10361 I Input   : injectMotionEvent: MotionEvent { action=ACTION_UP, actionButton=0, id[0]=0, x[0]=1340.0, y[0]=1100.0, toolType[0]=TOOL_TYPE_UNKNOWN, buttonState=0, metaState=0, flags=0x0, edgeFlags=0x0, pointerCount=1, historySize=0, eventTime=830739402, downTime=830739402, deviceId=0, source=0x1002 }
08-05 22:45:22.999 10361 10361 D AndroidRuntime: Shutting down VM
08-05 22:45:23.021   918  4400 I ActivityManager: START u0 {dat=https://oauth.reddit.com/... cmp=baseline.org.quantumbadger.redreader/.activities.CommentListingActivity} from uid 10705 on display 0
08-05 22:45:23.021   512  2967 D audio_hw_primary: out_set_parameters: enter: usecase(1: low-latency-playback) kvpairs: routing=2
08-05 22:45:23.034   512  2967 D audio_hw_primary: select_devices: out_snd_device(2: speaker) in_snd_device(0: none)
08-05 22:45:23.034   512  2967 D msm8974_platform: platform_send_audio_calibration: sending audio calibration for snd_device(2) acdb_id(15)
08-05 22:45:23.035   512  2967 I soundtrigger: audio_extn_sound_trigger_update_device_status: device 0x2 of type 0 for Event 1
08-05 22:45:23.045  6590  6590 I AppCompatViewInflater: app:theme is now deprecated. Please move to using android:theme instead.
08-05 22:45:23.046   512  2967 D audio_hw_primary: enable_snd_device: snd_device(2: speaker)
08-05 22:45:23.048   512  2967 D audio_hw_primary: enable_audio_route: apply and update mixer path: low-latency-playback speaker
08-05 22:45:23.062  6590 10301 I CommentListingActivity: COMMENTS session changed to 934afb8b-4781-4dff-b44c-8dd6bbbc92d9
08-05 22:45:23.146  6590  6614 I art     : Starting a blocking GC Explicit
08-05 22:45:23.160   918   936 I ActivityManager: Displayed baseline.org.quantumbadger.redreader/.activities.CommentListingActivity: +130ms
08-05 22:45:23.161 13866 13866 I GoogleInputMethodServic: GoogleInputMethodService.onFinishInput():3138 
08-05 22:45:23.169 13866 13866 I GoogleInputMethodServic: GoogleInputMethodService.onStartInput():1808 
08-05 22:45:23.206  6590  6614 I art     : Explicit concurrent mark sweep GC freed 27034(1521KB) AllocSpace objects, 1(20KB) LOS objects, 24% free, 50MB/66MB, paused 681us total 59.488ms
08-05 22:45:23.222  6590  6614 I art     : Starting a blocking GC Explicit
08-05 22:45:23.272  6590  6614 I art     : Explicit concurrent mark sweep GC freed 24917(1332KB) AllocSpace objects, 53(10MB) LOS objects, 28% free, 39MB/55MB, paused 477us total 50.232ms
08-05 22:45:23.288  6590  6614 I art     : Starting a blocking GC Explicit
08-05 22:45:23.336  6590  6614 I art     : Explicit concurrent mark sweep GC freed 50(2352B) AllocSpace objects, 0(0B) LOS objects, 28% free, 39MB/55MB, paused 369us total 48.289ms
08-05 22:45:23.356  6590  6614 I art     : Starting a blocking GC Explicit
08-05 22:45:23.411   380   380 W SurfaceFlinger: couldn't log to binary event log: overflow.
08-05 22:45:23.420  6590  6614 I art     : Explicit concurrent mark sweep GC freed 10(816B) AllocSpace objects, 0(0B) LOS objects, 28% free, 39MB/55MB, paused 475us total 63.425ms
08-05 22:45:23.437  6590  6614 I art     : Starting a blocking GC Explicit
08-05 22:45:23.481  6590  6614 I art     : Explicit concurrent mark sweep GC freed 3(96B) AllocSpace objects, 0(0B) LOS objects, 28% free, 39MB/55MB, paused 350us total 44.178ms
08-05 22:45:23.589   512  2967 D audio_hw_primary: disable_audio_route: reset and update mixer path: low-latency-playback speaker
08-05 22:45:23.591   512  2967 D audio_hw_primary: disable_snd_device: snd_device(2: speaker)
08-05 22:45:23.601   512  2967 I soundtrigger: audio_extn_sound_trigger_update_device_status: device 0x2 of type 0 for Event 0
08-05 22:45:23.683  6590 10299 I RedditChangeDataIO: Writing tmp data file at '/data/user/0/baseline.org.quantumbadger.redreader/files/rr_change_data_tmp.dat'
08-05 22:45:23.684  6590 10299 I RedditChangeDataManager: Taking snapshot...
08-05 22:45:23.684  6590 10299 I RedditChangeDataManager: Writing to stream...
08-05 22:45:23.684  6590 10299 I RedditChangeDataManager: Wrote 6 entries for user ''
08-05 22:45:23.684  6590 10299 I RedditChangeDataManager: All entries written to stream.
08-05 22:45:23.684  6590 10299 I RedditChangeDataIO: Write successful. Atomically replacing data file...
08-05 22:45:23.685  6590 10299 I RedditChangeDataIO: Write complete.
08-05 22:45:23.685  6590 10299 I RedditChangeDataIO: 158 bytes written in 2 ms
08-05 22:45:23.800  6590  6602 I art     : Starting a blocking GC Explicit
08-05 22:45:23.855  6590  6602 I art     : Explicit concurrent mark sweep GC freed 1587(92KB) AllocSpace objects, 2(88KB) LOS objects, 28% free, 39MB/55MB, paused 399us total 54.779ms
08-05 22:45:23.873  6590  6602 I art     : Starting a blocking GC Explicit
08-05 22:45:23.919  6590  6602 I art     : Explicit concurrent mark sweep GC freed 27(928B) AllocSpace objects, 0(0B) LOS objects, 28% free, 39MB/55MB, paused 362us total 45.891ms
08-05 22:45:23.936  6590  6602 I art     : Starting a blocking GC Explicit
08-05 22:45:23.986  6590  6602 I art     : Explicit concurrent mark sweep GC freed 3(96B) AllocSpace objects, 0(0B) LOS objects, 28% free, 39MB/55MB, paused 350us total 49.389ms
08-05 22:45:24.003  6590  6602 I art     : Starting a blocking GC Explicit
08-05 22:45:24.051  6590  6602 I art     : Explicit concurrent mark sweep GC freed 3(96B) AllocSpace objects, 0(0B) LOS objects, 28% free, 39MB/55MB, paused 357us total 48.229ms
08-05 22:45:24.069  6590  6602 I art     : Starting a blocking GC Explicit
08-05 22:45:24.118  6590  6602 I art     : Explicit concurrent mark sweep GC freed 3(96B) AllocSpace objects, 0(0B) LOS objects, 28% free, 39MB/55MB, paused 357us total 49.675ms
08-05 22:45:24.442  6590  6603 I art     : Starting a blocking GC Explicit
08-05 22:45:24.511  6590  6603 I art     : Explicit concurrent mark sweep GC freed 1403(85KB) AllocSpace objects, 1(20KB) LOS objects, 28% free, 39MB/55MB, paused 459us total 68.784ms
08-05 22:45:24.532  6590  6603 I art     : Starting a blocking GC Explicit
08-05 22:45:24.585  6590  6603 I art     : Explicit concurrent mark sweep GC freed 20(704B) AllocSpace objects, 0(0B) LOS objects, 28% free, 39MB/55MB, paused 421us total 53.101ms
08-05 22:45:24.602  6590  6603 I art     : Starting a blocking GC Explicit
08-05 22:45:24.653  6590  6603 I art     : Explicit concurrent mark sweep GC freed 3(96B) AllocSpace objects, 0(0B) LOS objects, 28% free, 39MB/55MB, paused 401us total 50.956ms
08-05 22:45:24.670  6590  6603 I art     : Starting a blocking GC Explicit
08-05 22:45:24.719  6590  6603 I art     : Explicit concurrent mark sweep GC freed 3(96B) AllocSpace objects, 0(0B) LOS objects, 28% free, 39MB/55MB, paused 410us total 48.639ms
08-05 22:45:24.719  6590  6600 I art     : WaitForGcToComplete blocked for 18.737ms for cause HeapTrim
08-05 22:45:24.735  6590  6603 I art     : Starting a blocking GC Explicit
08-05 22:45:24.786  6590  6603 I art     : Explicit concurrent mark sweep GC freed 3(96B) AllocSpace objects, 0(0B) LOS objects, 28% free, 39MB/55MB, paused 379us total 50.330ms
08-05 22:45:24.886   518   646 I ThermalEngine: ACTION: GPU - Setting GPU[0] to 450000000
08-05 22:45:24.909  5084  5084 I ServiceManager: Waiting for service AtCmdFwd...
08-05 22:45:25.162  6590  6614 I art     : Starting a blocking GC Explicit
08-05 22:45:25.243  6590  6614 I art     : Explicit concurrent mark sweep GC freed 1629(126KB) AllocSpace objects, 1(20KB) LOS objects, 28% free, 39MB/55MB, paused 565us total 80.022ms
08-05 22:45:25.267  6590  6614 I art     : Starting a blocking GC Explicit
08-05 22:45:25.336  6590  6614 I art     : Explicit concurrent mark sweep GC freed 85(2880B) AllocSpace objects, 0(0B) LOS objects, 28% free, 39MB/55MB, paused 516us total 69.238ms
08-05 22:45:25.358  6590  6614 I art     : Starting a blocking GC Explicit
08-05 22:45:25.434  6590  6614 I art     : Explicit concurrent mark sweep GC freed 3(96B) AllocSpace objects, 0(0B) LOS objects, 28% free, 39MB/55MB, paused 508us total 75.556ms
08-05 22:45:25.458  6590  6614 I art     : Starting a blocking GC Explicit
08-05 22:45:25.530  6590  6614 I art     : Explicit concurrent mark sweep GC freed 3(96B) AllocSpace objects, 0(0B) LOS objects, 28% free, 39MB/55MB, paused 517us total 72.449ms
08-05 22:45:25.552  6590  6614 I art     : Starting a blocking GC Explicit
08-05 22:45:25.623  6590  6614 I art     : Explicit concurrent mark sweep GC freed 3(96B) AllocSpace objects, 0(0B) LOS objects, 28% free, 39MB/55MB, paused 507us total 71.332ms
08-05 22:45:25.889   518   646 I ThermalEngine: ACTION: GPU - Setting GPU[0] to 510000000
08-05 22:45:25.910  5084  5084 I ServiceManager: Waiting for service AtCmdFwd...
08-05 22:45:25.973  6590  7013 I art     : Starting a blocking GC Explicit
08-05 22:45:26.039  6590  7013 I art     : Explicit concurrent mark sweep GC freed 1354(82KB) AllocSpace objects, 1(20KB) LOS objects, 28% free, 39MB/55MB, paused 412us total 65.986ms
08-05 22:45:26.057  6590  7013 I art     : Starting a blocking GC Explicit
08-05 22:45:26.111  6590  7013 I art     : Explicit concurrent mark sweep GC freed 20(704B) AllocSpace objects, 0(0B) LOS objects, 28% free, 39MB/55MB, paused 384us total 52.888ms
08-05 22:45:26.127  6590  7013 I art     : Starting a blocking GC Explicit
08-05 22:45:26.180  6590  7013 I art     : Explicit concurrent mark sweep GC freed 3(96B) AllocSpace objects, 0(0B) LOS objects, 28% free, 39MB/55MB, paused 450us total 52.463ms
08-05 22:45:26.197  6590  7013 I art     : Starting a blocking GC Explicit
08-05 22:45:26.248  6590  7013 I art     : Explicit concurrent mark sweep GC freed 3(96B) AllocSpace objects, 0(0B) LOS objects, 28% free, 39MB/55MB, paused 386us total 51.326ms
08-05 22:45:26.265  6590  7013 I art     : Starting a blocking GC Explicit
08-05 22:45:26.317  6590  7013 I art     : Explicit concurrent mark sweep GC freed 3(96B) AllocSpace objects, 0(0B) LOS objects, 28% free, 39MB/55MB, paused 388us total 51.951ms
08-05 22:45:26.671  6590  6602 I art     : Starting a blocking GC Explicit
08-05 22:45:26.739  6590  6602 I art     : Explicit concurrent mark sweep GC freed 1354(82KB) AllocSpace objects, 1(20KB) LOS objects, 28% free, 39MB/55MB, paused 455us total 67.464ms
08-05 22:45:26.760  6590  6602 I art     : Starting a blocking GC Explicit
08-05 22:45:26.811  6590  6602 I art     : Explicit concurrent mark sweep GC freed 20(704B) AllocSpace objects, 0(0B) LOS objects, 28% free, 39MB/55MB, paused 371us total 50.729ms
08-05 22:45:26.828  6590  6602 I art     : Starting a blocking GC Explicit
08-05 22:45:26.880  6590  6602 I art     : Explicit concurrent mark sweep GC freed 3(96B) AllocSpace objects, 0(0B) LOS objects, 28% free, 39MB/55MB, paused 380us total 52.306ms
08-05 22:45:26.897  6590  6602 I art     : Starting a blocking GC Explicit
08-05 22:45:26.911  5084  5084 I ServiceManager: Waiting for service AtCmdFwd...
08-05 22:45:26.950  6590  6602 I art     : Explicit concurrent mark sweep GC freed 3(96B) AllocSpace objects, 0(0B) LOS objects, 28% free, 39MB/55MB, paused 374us total 52.402ms
08-05 22:45:26.967  6590  6602 I art     : Starting a blocking GC Explicit
08-05 22:45:27.019  6590  6602 I art     : Explicit concurrent mark sweep GC freed 3(96B) AllocSpace objects, 0(0B) LOS objects, 28% free, 39MB/55MB, paused 383us total 52.424ms
08-05 22:45:27.348  6590  6603 I art     : Starting a blocking GC Explicit
08-05 22:45:27.401  6590  6603 I art     : Explicit concurrent mark sweep GC freed 1354(82KB) AllocSpace objects, 1(20KB) LOS objects, 28% free, 39MB/55MB, paused 359us total 52.790ms
08-05 22:45:27.417  6590  6603 I art     : Starting a blocking GC Explicit
08-05 22:45:27.467  6590  6603 I art     : Explicit concurrent mark sweep GC freed 20(704B) AllocSpace objects, 0(0B) LOS objects, 28% free, 39MB/55MB, paused 457us total 49.456ms
08-05 22:45:27.483  6590  6603 I art     : Starting a blocking GC Explicit
08-05 22:45:27.534  6590  6603 I art     : Explicit concurrent mark sweep GC freed 3(96B) AllocSpace objects, 0(0B) LOS objects, 28% free, 39MB/55MB, paused 367us total 50.045ms
08-05 22:45:27.550  6590  6603 I art     : Starting a blocking GC Explicit
08-05 22:45:27.600  6590  6603 I art     : Explicit concurrent mark sweep GC freed 3(96B) AllocSpace objects, 0(0B) LOS objects, 28% free, 39MB/55MB, paused 390us total 49.485ms
08-05 22:45:27.616  6590  6603 I art     : Starting a blocking GC Explicit
08-05 22:45:27.666  6590  6603 I art     : Explicit concurrent mark sweep GC freed 3(96B) AllocSpace objects, 0(0B) LOS objects, 28% free, 39MB/55MB, paused 361us total 49.721ms
08-05 22:45:27.669 10448 10448 D AndroidRuntime: >>>>>> START com.android.internal.os.RuntimeInit uid 2000 <<<<<<
08-05 22:45:27.673 10448 10448 D AndroidRuntime: CheckJNI is OFF
08-05 22:45:27.707 10448 10448 D ICU     : No timezone override file found: /data/misc/zoneinfo/current/icu/icu_tzdata.dat
08-05 22:45:27.740 10448 10448 I Radio-JNI: register_android_hardware_Radio DONE
08-05 22:45:27.762 10448 10448 D AndroidRuntime: Calling main entry com.android.commands.input.Input
08-05 22:45:27.764 10448 10448 I Input   : injectKeyEvent: KeyEvent { action=ACTION_DOWN, keyCode=KEYCODE_BACK, scanCode=0, metaState=0, flags=0x0, repeatCount=0, eventTime=830744177, downTime=830744177, deviceId=-1, source=0x101 }
08-05 22:45:27.770 10448 10448 I Input   : injectKeyEvent: KeyEvent { action=ACTION_UP, keyCode=KEYCODE_BACK, scanCode=0, metaState=0, flags=0x0, repeatCount=0, eventTime=830744177, downTime=830744177, deviceId=-1, source=0x101 }
08-05 22:45:27.777 10448 10448 D AndroidRuntime: Shutting down VM
08-05 22:45:27.818 13866 13866 I GoogleInputMethodServic: GoogleInputMethodService.onFinishInput():3138 
08-05 22:45:27.819 13866 13866 I GoogleInputMethodServic: GoogleInputMethodService.onStartInput():1808 
08-05 22:45:27.911  5084  5084 I ServiceManager: Waiting for service AtCmdFwd...
08-05 22:45:27.938  6590  7013 I art     : Starting a blocking GC Explicit
08-05 22:45:27.990  6590  7013 I art     : Explicit concurrent mark sweep GC freed 1623(92KB) AllocSpace objects, 1(20KB) LOS objects, 28% free, 39MB/55MB, paused 825us total 51.279ms
08-05 22:45:28.007  6590  7013 I art     : Starting a blocking GC Explicit
08-05 22:45:28.052  6590  7013 I art     : Explicit concurrent mark sweep GC freed 24(864B) AllocSpace objects, 0(0B) LOS objects, 28% free, 39MB/55MB, paused 369us total 45.293ms
08-05 22:45:28.069  6590  7013 I art     : Starting a blocking GC Explicit
08-05 22:45:28.117  6590  7013 I art     : Explicit concurrent mark sweep GC freed 3(96B) AllocSpace objects, 0(0B) LOS objects, 28% free, 39MB/55MB, paused 414us total 47.906ms
08-05 22:45:28.133   380   380 W SurfaceFlinger: couldn't log to binary event log: overflow.
08-05 22:45:28.133  6590  7013 I art     : Starting a blocking GC Explicit
08-05 22:45:28.183  6590  7013 I art     : Explicit concurrent mark sweep GC freed 61(2096B) AllocSpace objects, 0(0B) LOS objects, 28% free, 39MB/55MB, paused 397us total 49.830ms
08-05 22:45:28.199  6590  7013 I art     : Starting a blocking GC Explicit
08-05 22:45:28.250  6590  7013 I art     : Explicit concurrent mark sweep GC freed 137(6KB) AllocSpace objects, 0(0B) LOS objects, 28% free, 39MB/55MB, paused 496us total 50.784ms
08-05 22:45:28.561  6590  6602 I art     : Starting a blocking GC Explicit
08-05 22:45:28.621  6590  6602 I art     : Explicit concurrent mark sweep GC freed 42613(2MB) AllocSpace objects, 6(160KB) LOS objects, 29% free, 37MB/53MB, paused 425us total 60.130ms
08-05 22:45:28.637  6590  6602 I art     : Starting a blocking GC Explicit
08-05 22:45:28.677  6590  6602 I art     : Explicit concurrent mark sweep GC freed 20(704B) AllocSpace objects, 0(0B) LOS objects, 29% free, 37MB/53MB, paused 335us total 39.916ms
08-05 22:45:28.691  6590  6602 I art     : Starting a blocking GC Explicit
08-05 22:45:28.731  6590  6602 I art     : Explicit concurrent mark sweep GC freed 3(96B) AllocSpace objects, 0(0B) LOS objects, 29% free, 37MB/53MB, paused 371us total 40.089ms
08-05 22:45:28.746  6590  6602 I art     : Starting a blocking GC Explicit
08-05 22:45:28.787  6590  6602 I art     : Explicit concurrent mark sweep GC freed 3(96B) AllocSpace objects, 0(0B) LOS objects, 29% free, 37MB/53MB, paused 437us total 40.352ms
08-05 22:45:28.802  6590  6602 I art     : Starting a blocking GC Explicit
08-05 22:45:28.842  6590  6602 I art     : Explicit concurrent mark sweep GC freed 3(96B) AllocSpace objects, 0(0B) LOS objects, 29% free, 37MB/53MB, paused 371us total 40.060ms
08-05 22:45:28.912  5084  5084 I ServiceManager: Waiting for service AtCmdFwd...
08-05 22:45:29.137  6590  6603 I art     : Starting a blocking GC Explicit
08-05 22:45:29.177  6590  6603 I art     : Explicit concurrent mark sweep GC freed 1354(82KB) AllocSpace objects, 1(20KB) LOS objects, 29% free, 37MB/53MB, paused 477us total 40.593ms
08-05 22:45:29.192  6590  6603 I art     : Starting a blocking GC Explicit
08-05 22:45:29.231  6590  6603 I art     : Explicit concurrent mark sweep GC freed 20(704B) AllocSpace objects, 0(0B) LOS objects, 29% free, 37MB/53MB, paused 384us total 37.529ms
08-05 22:45:29.245  6590  6603 I art     : Starting a blocking GC Explicit
08-05 22:45:29.283  6590  6603 I art     : Explicit concurrent mark sweep GC freed 3(96B) AllocSpace objects, 0(0B) LOS objects, 29% free, 37MB/53MB, paused 346us total 37.822ms
08-05 22:45:29.298  6590  6603 I art     : Starting a blocking GC Explicit
08-05 22:45:29.337  6590  6603 I art     : Explicit concurrent mark sweep GC freed 3(96B) AllocSpace objects, 0(0B) LOS objects, 29% free, 37MB/53MB, paused 433us total 38.853ms
08-05 22:45:29.352  6590  6603 I art     : Starting a blocking GC Explicit
08-05 22:45:29.390  6590  6603 I art     : Explicit concurrent mark sweep GC freed 3(96B) AllocSpace objects, 0(0B) LOS objects, 29% free, 37MB/53MB, paused 380us total 38.476ms
08-05 22:45:29.440 10490 10490 D AndroidRuntime: >>>>>> START com.android.internal.os.RuntimeInit uid 2000 <<<<<<
08-05 22:45:29.445 10490 10490 D AndroidRuntime: CheckJNI is OFF
08-05 22:45:29.479 10490 10490 D ICU     : No timezone override file found: /data/misc/zoneinfo/current/icu/icu_tzdata.dat
08-05 22:45:29.518 10490 10490 I Radio-JNI: register_android_hardware_Radio DONE
08-05 22:45:29.540 10490 10490 D AndroidRuntime: Calling main entry com.android.commands.input.Input
08-05 22:45:29.542 10490 10490 I Input   : injectKeyEvent: KeyEvent { action=ACTION_DOWN, keyCode=KEYCODE_BACK, scanCode=0, metaState=0, flags=0x0, repeatCount=0, eventTime=830745955, downTime=830745955, deviceId=-1, source=0x101 }
08-05 22:45:29.557 10490 10490 I Input   : injectKeyEvent: KeyEvent { action=ACTION_UP, keyCode=KEYCODE_BACK, scanCode=0, metaState=0, flags=0x0, repeatCount=0, eventTime=830745955, downTime=830745955, deviceId=-1, source=0x101 }
08-05 22:45:29.566 10490 10490 D AndroidRuntime: Shutting down VM
08-05 22:45:29.610 13866 13866 I GoogleInputMethodServic: GoogleInputMethodService.onFinishInput():3138 
08-05 22:45:29.611 13866 13866 I GoogleInputMethodServic: GoogleInputMethodService.onStartInput():1808 
08-05 22:45:29.651 24365 12324 I NetworkScheduler.Stats: Task com.google.android.apps.gcs/ started execution. cause:4 exec_start_elapsed_seconds: 1814133 [CONTEXT service_id=218 ]
08-05 22:45:29.653 18278 10521 W Gcs.WfaEliRefreshTask: [27518] afk.b: NULL eligibility response.
08-05 22:45:29.660 24365 12324 I NetworkScheduler.Stats: Task com.google.android.apps.gcs/ finished executing. cause:4 result: 3 elapsed_millis: 7 uptime_millis: 7 exec_start_elapsed_seconds: 1814133 [CONTEXT service_id=218 ]
08-05 22:45:29.692  6590 10477 I art     : Starting a blocking GC Explicit
08-05 22:45:29.699 24365 32102 I NetworkScheduler.Stats: Task com.google.android.gms/com.google.android.gms.stats.PlatformStatsCollectorService started execution. cause:5 exec_start_elapsed_seconds: 1814133 [CONTEXT service_id=218 ]
08-05 22:45:29.726  6590 10477 I art     : Explicit concurrent mark sweep GC freed 1533(88KB) AllocSpace objects, 1(20KB) LOS objects, 29% free, 37MB/53MB, paused 313us total 32.985ms
08-05 22:45:29.736 24365 12324 I NetworkScheduler.Stats: Task com.google.android.gms/com.google.android.gms.checkin.EventLogService started execution. cause:5 exec_start_elapsed_seconds: 1814133 [CONTEXT service_id=218 ]
08-05 22:45:29.740  6590 10477 I art     : Starting a blocking GC Explicit
08-05 22:45:29.743   918  6112 I AccountManagerService: getTypesVisibleToCaller: isPermitted? true
08-05 22:45:29.746 24577  1749 I Checkin : [EventLogChimeraService] Opted in for usage reporting: false
08-05 22:45:29.746 24577  1749 I Checkin : [EventLogChimeraService] Aggregate from 1596658533426 (log), 1596658533426 (data)
08-05 22:45:29.758 24365 32102 I NetworkScheduler.Stats: Task com.google.android.gms/com.google.android.gms.stats.PlatformStatsCollectorService finished executing. cause:5 result: 1 elapsed_millis: 73 uptime_millis: 74 exec_start_elapsed_seconds: 1814133 [CONTEXT service_id=218 ]
08-05 22:45:29.775  6590 10477 I art     : Explicit concurrent mark sweep GC freed 24(864B) AllocSpace objects, 0(0B) LOS objects, 29% free, 37MB/53MB, paused 416us total 35.284ms
08-05 22:45:29.789  6590 10477 I art     : Starting a blocking GC Explicit
08-05 22:45:29.822  6590 10477 I art     : Explicit concurrent mark sweep GC freed 3(96B) AllocSpace objects, 0(0B) LOS objects, 29% free, 37MB/53MB, paused 322us total 32.429ms
08-05 22:45:29.822  6590  6600 I art     : WaitForGcToComplete blocked for 32.690ms for cause HeapTrim
08-05 22:45:29.835  6590 10477 I art     : Starting a blocking GC Explicit
08-05 22:45:29.869  6590 10477 I art     : Explicit concurrent mark sweep GC freed 3(96B) AllocSpace objects, 0(0B) LOS objects, 29% free, 37MB/53MB, paused 302us total 33.721ms
08-05 22:45:29.884  6590 10477 I art     : Starting a blocking GC Explicit
08-05 22:45:29.912  5084  5084 W Atfwd_Sendcmd: AtCmdFwd service not published, waiting... retryCnt : 3
08-05 22:45:29.917  6590 10477 I art     : Explicit concurrent mark sweep GC freed 3(96B) AllocSpace objects, 0(0B) LOS objects, 29% free, 37MB/53MB, paused 348us total 32.880ms
08-05 22:45:30.195  6590  6602 I art     : Starting a blocking GC Explicit
08-05 22:45:30.230  6590  6602 I art     : Explicit concurrent mark sweep GC freed 1409(84KB) AllocSpace objects, 1(20KB) LOS objects, 29% free, 37MB/53MB, paused 346us total 35.205ms
08-05 22:45:30.244  6590  6602 I art     : Starting a blocking GC Explicit
08-05 22:45:30.277  6590  6602 I art     : Explicit concurrent mark sweep GC freed 152(7KB) AllocSpace objects, 0(0B) LOS objects, 29% free, 37MB/53MB, paused 347us total 33.012ms
08-05 22:45:30.291  6590  6602 I art     : Starting a blocking GC Explicit
08-05 22:45:30.325  6590  6602 I art     : Explicit concurrent mark sweep GC freed 3(96B) AllocSpace objects, 0(0B) LOS objects, 29% free, 37MB/53MB, paused 389us total 33.764ms
08-05 22:45:30.338  6590  6602 I art     : Starting a blocking GC Explicit
08-05 22:45:30.371  6590  6602 I art     : Explicit concurrent mark sweep GC freed 3(96B) AllocSpace objects, 0(0B) LOS objects, 29% free, 37MB/53MB, paused 326us total 32.685ms
08-05 22:45:30.384  6590  6602 I art     : Starting a blocking GC Explicit
08-05 22:45:30.417  6590  6602 I art     : Explicit concurrent mark sweep GC freed 3(96B) AllocSpace objects, 0(0B) LOS objects, 29% free, 37MB/53MB, paused 351us total 32.843ms
08-05 22:45:30.709  6590  6614 I art     : Starting a blocking GC Explicit
08-05 22:45:30.744  6590  6614 I art     : Explicit concurrent mark sweep GC freed 1354(82KB) AllocSpace objects, 1(20KB) LOS objects, 29% free, 37MB/53MB, paused 350us total 34.482ms
08-05 22:45:30.757  6590  6614 I art     : Starting a blocking GC Explicit
08-05 22:45:30.792  6590  6614 I art     : Explicit concurrent mark sweep GC freed 20(704B) AllocSpace objects, 0(0B) LOS objects, 29% free, 37MB/53MB, paused 342us total 33.934ms
08-05 22:45:30.806  6590  6614 I art     : Starting a blocking GC Explicit
08-05 22:45:30.838  6590  6614 I art     : Explicit concurrent mark sweep GC freed 3(96B) AllocSpace objects, 0(0B) LOS objects, 29% free, 37MB/53MB, paused 330us total 32.596ms
08-05 22:45:30.852  6590  6614 I art     : Starting a blocking GC Explicit
08-05 22:45:30.885  6590  6614 I art     : Explicit concurrent mark sweep GC freed 3(96B) AllocSpace objects, 0(0B) LOS objects, 29% free, 37MB/53MB, paused 350us total 32.115ms
08-05 22:45:30.898  6590  6614 I art     : Starting a blocking GC Explicit
08-05 22:45:30.930  6590  6614 I art     : Explicit concurrent mark sweep GC freed 3(96B) AllocSpace objects, 0(0B) LOS objects, 29% free, 37MB/53MB, paused 342us total 32.190ms
08-05 22:45:31.202  6590  6603 I art     : Starting a blocking GC Explicit
08-05 22:45:31.219 10547 10547 D AndroidRuntime: >>>>>> START com.android.internal.os.RuntimeInit uid 2000 <<<<<<
08-05 22:45:31.224 10547 10547 D AndroidRuntime: CheckJNI is OFF
08-05 22:45:31.237  6590  6603 I art     : Explicit concurrent mark sweep GC freed 1354(82KB) AllocSpace objects, 1(20KB) LOS objects, 29% free, 37MB/53MB, paused 370us total 34.644ms
08-05 22:45:31.250  6590  6603 I art     : Starting a blocking GC Explicit
08-05 22:45:31.256 10547 10547 D ICU     : No timezone override file found: /data/misc/zoneinfo/current/icu/icu_tzdata.dat
08-05 22:45:31.283  6590  6603 I art     : Explicit concurrent mark sweep GC freed 20(704B) AllocSpace objects, 0(0B) LOS objects, 29% free, 37MB/53MB, paused 376us total 33.096ms
08-05 22:45:31.288 10547 10547 I Radio-JNI: register_android_hardware_Radio DONE
08-05 22:45:31.296  6590  6603 I art     : Starting a blocking GC Explicit
08-05 22:45:31.309 10547 10547 D AndroidRuntime: Calling main entry com.android.commands.am.Am
08-05 22:45:31.315  3167  3167 I Trepn   : Trepn 6.2s: Received intent: com.quicinc.trepn.stop_profiling
08-05 22:45:31.328  6590  6603 I art     : Explicit concurrent mark sweep GC freed 3(96B) AllocSpace objects, 0(0B) LOS objects, 29% free, 37MB/53MB, paused 329us total 31.555ms
08-05 22:45:31.338  3167  3167 I Trepn   : Trepn 6.2s: Trepn has Stopped Profiling.
08-05 22:45:31.341  6590  6603 I art     : Starting a blocking GC Explicit
08-05 22:45:31.373  6590  6603 I art     : Explicit concurrent mark sweep GC freed 3(96B) AllocSpace objects, 0(0B) LOS objects, 29% free, 37MB/53MB, paused 345us total 31.847ms
08-05 22:45:31.386  6590  6603 I art     : Starting a blocking GC Explicit
08-05 22:45:31.420  6590  6603 I art     : Explicit concurrent mark sweep GC freed 3(96B) AllocSpace objects, 0(0B) LOS objects, 29% free, 37MB/53MB, paused 350us total 33.191ms
08-05 22:45:31.488 10547 10547 D AndroidRuntime: Shutting down VM
08-05 22:45:31.492   918  3670 W AppOps  : Finishing op nesting under-run: uid 10078 pkg com.quicinc.trepn code 24 time=0 duration=0 nesting=0
08-05 22:45:31.613   918  5952 I AccountManagerService: getTypesVisibleToCaller: isPermitted? true
08-05 22:45:31.648 24577  1749 I Checkin : [ServiceDumpSys] dumping service [account]
08-05 22:45:31.660 24365 12324 I NetworkScheduler.Stats: Task com.google.android.gms/com.google.android.gms.checkin.EventLogService finished executing. cause:5 result: 1 elapsed_millis: 1955 uptime_millis: 1956 exec_start_elapsed_seconds: 1814133 [CONTEXT service_id=218 ]
08-05 22:45:31.668   918  6110 I AccountManagerService: getTypesVisibleToCaller: isPermitted? true
08-05 22:45:31.716  6590  7013 I art     : Starting a blocking GC Explicit
08-05 22:45:31.756  6590  7013 I art     : Explicit concurrent mark sweep GC freed 1354(82KB) AllocSpace objects, 1(20KB) LOS objects, 29% free, 37MB/53MB, paused 429us total 39.232ms
08-05 22:45:31.771  6590  7013 I art     : Starting a blocking GC Explicit
08-05 22:45:31.808  6590  7013 I art     : Explicit concurrent mark sweep GC freed 20(704B) AllocSpace objects, 0(0B) LOS objects, 29% free, 37MB/53MB, paused 370us total 37.018ms
08-05 22:45:31.822  6590  7013 I art     : Starting a blocking GC Explicit
08-05 22:45:31.859  6590  7013 I art     : Explicit concurrent mark sweep GC freed 3(96B) AllocSpace objects, 0(0B) LOS objects, 29% free, 37MB/53MB, paused 382us total 36.939ms
08-05 22:45:31.874  6590  7013 I art     : Starting a blocking GC Explicit
08-05 22:45:31.901   518   646 I ThermalEngine: ACTION: GPU - Setting GPU[0] to 450000000
08-05 22:45:31.916  6590  7013 I art     : Explicit concurrent mark sweep GC freed 3(96B) AllocSpace objects, 0(0B) LOS objects, 29% free, 37MB/53MB, paused 490us total 41.801ms
08-05 22:45:31.934  6590  7013 I art     : Starting a blocking GC Explicit
08-05 22:45:31.981  6590  7013 I art     : Explicit concurrent mark sweep GC freed 3(96B) AllocSpace objects, 0(0B) LOS objects, 29% free, 37MB/53MB, paused 512us total 45.868ms
08-05 22:45:32.320   918  3261 D WifiStateMachine: starting scan for "H369AA63323"WPA_PSK with 2412,5180
08-05 22:45:34.906   518   646 I ThermalEngine: ACTION: GPU - Setting GPU[0] to 510000000
