08-05 23:55:55.725 11416 11433 D GreedyPrefetchingStrategyOnVisitFrequencyAndTime: 	Ancestors:
08-05 23:55:55.725 11416 11433 D GreedyPrefetchingStrategyOnVisitFrequencyAndTime: 		MainActivity (0 hits)
08-05 23:55:55.725 11416 11433 D GreedyPrefetchingStrategyOnVisitFrequencyAndTime: 
08-05 23:55:55.725 11416 11433 D GreedyPrefetchingStrategyOnVisitFrequencyAndTime: MetricStrategyAccuracy inc execution count5 | act = false; extra = true
08-05 23:55:55.726 11416 11433 D GreedyPrefetchingStrategyOnVisitFrequencyAndTime: ------------- Recursion #1 -----------
08-05 23:55:55.726 11416 11433 D GreedyPrefetchingStrategyOnVisitFrequencyAndTime: Best successors so far []
08-05 23:55:55.726 11416 11433 D GreedyPrefetchingStrategyOnVisitFrequencyAndTime: Checking node FinalCityInfoActivity with 2 successors
08-05 23:55:55.726 11416 11433 D GreedyPrefetchingStrategyOnVisitFrequencyAndTime: Check successor FunFactsActivity
08-05 23:55:55.726 11416 11433 D GreedyPrefetchingStrategyOnVisitFrequencyAndTime: Data:
08-05 23:55:55.726 11416 11433 D GreedyPrefetchingStrategyOnVisitFrequencyAndTime: 	- Successor time = 5048.0
08-05 23:55:55.726 11416 11433 D GreedyPrefetchingStrategyOnVisitFrequencyAndTime: 	- Successor frequency = 2
08-05 23:55:55.726 11416 11433 D GreedyPrefetchingStrategyOnVisitFrequencyAndTime: 	- Aggregated time = 23161.0
08-05 23:55:55.726 11416 11433 D GreedyPrefetchingStrategyOnVisitFrequencyAndTime: 	- Aggregated frequency = 6
08-05 23:55:55.726 11416 11433 D GreedyPrefetchingStrategyOnVisitFrequencyAndTime: Calculated scores:
08-05 23:55:55.726 11416 11433 D GreedyPrefetchingStrategyOnVisitFrequencyAndTime: 	- Parent score = 1.0
08-05 23:55:55.726 11416 11433 D GreedyPrefetchingStrategyOnVisitFrequencyAndTime: 	- Successor time score = 0.1089763
08-05 23:55:55.726 11416 11433 D GreedyPrefetchingStrategyOnVisitFrequencyAndTime: 	- Successor frequency score = 0.16666667
08-05 23:55:55.726 11416 11433 D GreedyPrefetchingStrategyOnVisitFrequencyAndTime: 	- Successor final score = 0.27564296
08-05 23:55:55.726 11416 11433 D GreedyPrefetchingStrategyOnVisitFrequencyAndTime: Switch best successor
08-05 23:55:55.726 11416 11433 D GreedyPrefetchingStrategyOnVisitFrequencyAndTime: Check successor CityHistoryActivity
08-05 23:55:55.726 11416 11433 D GreedyPrefetchingStrategyOnVisitFrequencyAndTime: Data:
08-05 23:55:55.726 11416 11433 D GreedyPrefetchingStrategyOnVisitFrequencyAndTime: 	- Successor time = 18113.0
08-05 23:55:55.726 11416 11416 D NappaIntentExtras: ==================
08-05 23:55:55.726 11416 11433 D GreedyPrefetchingStrategyOnVisitFrequencyAndTime: 	- Successor frequency = 4
08-05 23:55:55.726 11416 11433 D GreedyPrefetchingStrategyOnVisitFrequencyAndTime: 	- Aggregated time = 23161.0
08-05 23:55:55.726 11416 11416 D NappaIntentExtras: Log #4
08-05 23:55:55.726 11416 11433 D GreedyPrefetchingStrategyOnVisitFrequencyAndTime: 	- Aggregated frequency = 6
08-05 23:55:55.726 11416 11416 D NappaIntentExtras: ------------------
08-05 23:55:55.726 11416 11433 D GreedyPrefetchingStrategyOnVisitFrequencyAndTime: Calculated scores:
08-05 23:55:55.726 11416 11416 D NappaIntentExtras: activity nappagreedy.io.github.project_travel_mate.destinations.description.CityHistoryActivity
08-05 23:55:55.726 11416 11433 D GreedyPrefetchingStrategyOnVisitFrequencyAndTime: 	- Parent score = 1.0
08-05 23:55:55.727 11416 11416 D NappaIntentExtras: 	- No extras registered
08-05 23:55:55.727 11416 11433 D GreedyPrefetchingStrategyOnVisitFrequencyAndTime: 	- Successor time score = 0.3910237
08-05 23:55:55.727 11416 11416 D NappaIntentExtras: activity nappagreedy.io.github.project_travel_mate.MainActivity
08-05 23:55:55.727 11416 11433 D GreedyPrefetchingStrategyOnVisitFrequencyAndTime: 	- Successor frequency score = 0.33333334
08-05 23:55:55.727 11416 11433 D GreedyPrefetchingStrategyOnVisitFrequencyAndTime: 	- Successor final score = 0.724357
08-05 23:55:55.727 11416 11416 D NappaIntentExtras: 	- 1 extras registered
08-05 23:55:55.727 11416 11433 D GreedyPrefetchingStrategyOnVisitFrequencyAndTime: Switch best successor
08-05 23:55:55.727 11416 11416 D NappaIntentExtras: 	- cityobject_ : objects.City@d7a9ae7
08-05 23:55:55.727 11416 11433 D GreedyPrefetchingStrategyOnVisitFrequencyAndTime: FinalCityInfoActivity best successor is CityHistoryActivity with score 0.724357 containing the URLS []
08-05 23:55:55.727 11416 11416 D NappaIntentExtras: activity nappagreedy.io.github.project_travel_mate.SplashActivity
08-05 23:55:55.727 11416 11433 D GreedyPrefetchingStrategyOnVisitFrequencyAndTime: ------------- Recursion #2 -----------
08-05 23:55:55.727 11416 11416 D NappaIntentExtras: 	- No extras registered
08-05 23:55:55.727 11416 11433 D GreedyPrefetchingStrategyOnVisitFrequencyAndTime: Best successors so far [CityHistoryActivity]
08-05 23:55:55.727 11416 11416 D NappaIntentExtras: activity nappagreedy.io.github.project_travel_mate.utilities.CompassActivity
08-05 23:55:55.727 11416 11433 D GreedyPrefetchingStrategyOnVisitFrequencyAndTime: Checking node CityHistoryActivity with 0 successors
08-05 23:55:55.727 11416 11416 D NappaIntentExtras: 	- No extras registered
08-05 23:55:55.727 11416 11433 D GreedyPrefetchingStrategyOnVisitFrequencyAndTime: this node has no successors
08-05 23:55:55.727 11416 11416 D NappaIntentExtras: activity nappagreedy.io.github.project_travel_mate.notifications.NotificationsActivity
08-05 23:55:55.727 11416 11433 D GreedyPrefetchingStrategyOnVisitFrequencyAndTime: Next visited child will be [nappagreedy.io.github.project_travel_mate.destinations.description.CityHistoryActivity]
08-05 23:55:55.727 11416 11416 D NappaIntentExtras: 	- No extras registered
08-05 23:55:55.727 11416 11433 D GreedyPrefetchingStrategyOnVisitFrequencyAndTime: ==================================
08-05 23:55:55.727 11416 11416 D NappaIntentExtras: activity nappagreedy.io.github.project_travel_mate.destinations.funfacts.FunFactsActivity
08-05 23:55:55.727 11416 11416 D NappaIntentExtras: 	- No extras registered
08-05 23:55:55.727 11416 11433 D Nappa   : PREFETCH_ON_EXTRA - notifyExtras- end
08-05 23:55:55.727 11416 11416 D NappaIntentExtras: activity nappagreedy.io.github.project_travel_mate.utilities.UpcomingWeekendsActivity
08-05 23:55:55.727 11416 11416 D NappaIntentExtras: 	- No extras registered
08-05 23:55:55.727 11416 11433 D Nappa   : PREFSTRAT2 ADDING NEW ACTEXTRADATA
08-05 23:55:55.727 11416 11416 D NappaIntentExtras: activity nappagreedy.io.github.project_travel_mate.utilities.ChecklistActivity
08-05 23:55:55.727 11416 11416 D NappaIntentExtras: 	- No extras registered
08-05 23:55:55.727 11416 11416 D NappaIntentExtras: activity nappagreedy.io.github.project_travel_mate.destinations.description.FinalCityInfoActivity
08-05 23:55:55.727 11416 11416 D NappaIntentExtras: 	- 1 extras registered
08-05 23:55:55.727 11416 11416 D NappaIntentExtras: 	- cityobject_ : objects.City@78cb4f7
08-05 23:55:55.727 11416 11416 D NappaIntentExtras: ==================
08-05 23:55:55.732   918  5481 I ActivityManager: START u0 {cmp=nappagreedy.io.github.project_travel_mate/.destinations.funfacts.FunFactsActivity (has extras)} from uid 10699 on display 0
08-05 23:55:55.738   512  2967 D audio_hw_primary: select_devices: out_snd_device(2: speaker) in_snd_device(0: none)
08-05 23:55:55.738   512  2967 D msm8974_platform: platform_send_audio_calibration: sending audio calibration for snd_device(2) acdb_id(15)
08-05 23:55:55.739   512  2967 I soundtrigger: audio_extn_sound_trigger_update_device_status: device 0x2 of type 0 for Event 1
08-05 23:55:55.739 11416 11429 I art     : Explicit concurrent mark sweep GC freed 1572(149KB) AllocSpace objects, 0(0B) LOS objects, 28% free, 40MB/56MB, paused 1.306ms total 27.778ms
08-05 23:55:55.743 11416 11416 D NappaLifecycleObserver: nappagreedy.io.github.project_travel_mate.destinations.description.FinalCityInfoActivity - onPause
08-05 23:55:55.743 11416 11416 D Nappa   : Stayed on nappagreedy.io.github.project_travel_mate.destinations.description.FinalCityInfoActivity for 1651 ms
08-05 23:55:55.748   512  2967 D audio_hw_primary: enable_snd_device: snd_device(2: speaker)
08-05 23:55:55.750   512  2967 D audio_hw_primary: enable_audio_route: apply and update mixer path: low-latency-playback speaker
08-05 23:55:55.751 11416 11416 D ActivityNode: Observer - intent extra - SplashActivity
08-05 23:55:55.751 11416 11416 D ActivityNode: Extras:
08-05 23:55:55.751 11416 11416 D ActivityNode: Observer - intent extra - FinalCityInfoActivity
08-05 23:55:55.751 11416 11416 D ActivityNode: Extras:
08-05 23:55:55.751 11416 11416 D ActivityNode: 	activity ID 3( key cityobject_)
08-05 23:55:55.751 11416 11416 D ActivityNode: 	activity ID 3( key cityobject_)
08-05 23:55:55.751 11416 11416 D ActivityNode: 	activity ID 3( key cityobject_)
08-05 23:55:55.751 11416 11416 D ActivityNode: Observer - intent extra - CityHistoryActivity
08-05 23:55:55.751 11416 11416 D ActivityNode: Extras:
08-05 23:55:55.751 11416 11416 D ActivityNode: Observer - intent extra - MainActivity
08-05 23:55:55.751 11416 11416 D ActivityNode: Extras:
08-05 23:55:55.751 11416 11416 D ActivityNode: 	activity ID 2( key cityobject_)
08-05 23:55:55.751 11416 11416 D ActivityNode: 	activity ID 2( key cityobject_)
08-05 23:55:55.751 11416 11416 D ActivityNode: 	activity ID 2( key cityobject_)
08-05 23:55:55.751 11416 11416 D ActivityNode: Observer - intent extra - UpcomingWeekendsActivity
08-05 23:55:55.751 11416 11416 D ActivityNode: Extras:
08-05 23:55:55.751 11416 11416 D ActivityNode: Observer - intent extra - ChecklistActivity
08-05 23:55:55.751 11416 11416 D ActivityNode: Extras:
08-05 23:55:55.751 11416 11416 D ActivityNode: Observer - intent extra - CompassActivity
08-05 23:55:55.751 11416 11416 D ActivityNode: Extras:
08-05 23:55:55.751 11416 11416 D ActivityNode: Observer - intent extra - FunFactsActivity
08-05 23:55:55.751 11416 11416 D ActivityNode: Extras:
08-05 23:55:55.751 11416 11429 I art     : Starting a blocking GC Explicit
08-05 23:55:55.751 11416 11416 D ActivityNode: Observer - intent extra - NotificationsActivity
08-05 23:55:55.751 11416 11416 D ActivityNode: Extras:
08-05 23:55:55.765 11416 11545 D Gabe    : call	returning from cache
08-05 23:55:55.769 11416 11416 V EXECUTING: https://project-travel-mate.herokuapp.com/api/get-city-facts/1
08-05 23:55:55.770 11416 11416 D Nappa   : TAG okHttpClient initialized
08-05 23:55:55.771 11416 11957 D CustomInterceptor: NETWORK-PROVIDER https://project-travel-mate.herokuapp.com/api/get-city-facts/1
08-05 23:55:55.771 11416 11957 D Nappa   : F1_SCORE add_intercept_url - (new) - https://project-travel-mate.herokuapp.com/api/get-city-facts/1
08-05 23:55:55.771 11416 11957 D Nappa   : F1_SCORE add_fn_url - (new) - https://project-travel-mate.herokuapp.com/api/get-city-facts/1
08-05 23:55:55.771 11416 11957 D Nappa   : -------------F1_SCORE #8 -----------
08-05 23:55:55.771 11416 11957 D Nappa   : F1_SCORE - Intercept list (7)= [https://project-travel-mate.herokuapp.com/api/get-user, https://project-travel-mate.herokuapp.com/api/get-all-cities/10, https://project-travel-mate.herokuapp.com/api/number-of-unread-notifications, https://project-travel-mate.herokuapp.com/api/get-city-weather/1, https://project-travel-mate.herokuapp.com/api/get-city/1, https://project-travel-mate.herokuapp.com/api/get-city-information/1, https://project-travel-mate.herokuapp.com/api/get-city-facts/1]
08-05 23:55:55.771 11416 11957 D Nappa   : F1_SCORE - Prefetch list (0)= []
08-05 23:55:55.771 11416 11416 D NappaLifecycleObserver: nappagreedy.io.github.project_travel_mate.destinations.funfacts.FunFactsActivity - onResume
08-05 23:55:55.771 11416 11957 D Nappa   : F1_SCORE - TP list (0)= []
08-05 23:55:55.771 11416 11957 D Nappa   : F1_SCORE - FN list (7)= [https://project-travel-mate.herokuapp.com/api/get-user, https://project-travel-mate.herokuapp.com/api/get-all-cities/10, https://project-travel-mate.herokuapp.com/api/number-of-unread-notifications, https://project-travel-mate.herokuapp.com/api/get-city-weather/1, https://project-travel-mate.herokuapp.com/api/get-city/1, https://project-travel-mate.herokuapp.com/api/get-city-information/1, https://project-travel-mate.herokuapp.com/api/get-city-facts/1]
08-05 23:55:55.771 11416 11416 D Nappa   : setCurrentActivity - MetricStrategyAccuracy - 
08-05 23:55:55.771 11416 11416 D Nappa   : madePredictionFromActivity = false, 
08-05 23:55:55.771 11416 11416 D Nappa   : fromActivity = nappagreedy.io.github.project_travel_mate.destinations.description.FinalCityInfoActivity, 
08-05 23:55:55.771 11416 11416 D Nappa   : predictedNextActivityFromActivity = [], 
08-05 23:55:55.771 11416 11416 D Nappa   : activity.getClass().getCanonicalName() = nappagreedy.io.github.project_travel_mate.destinations.funfacts.FunFactsActivity, 
08-05 23:55:55.771 11416 11957 I NAPPA_EXPERIMENTATION: MetricPrefetchingAccuracy: LOG_ID='9',F1_SCORE_1='0.0',F1_SCORE_2='0.0',TRUE_POSITIVE='0',FALSE_POSITIVE='0',FALSE_NEGATIVE='7',
08-05 23:55:55.771 11416 11957 D CustomInterceptor: HEADER REQUEST
08-05 23:55:55.771 11416 11416 D Nappa   : setCurrentActivity - MetricStrategyAccuracy - 
08-05 23:55:55.771 11416 11416 D Nappa   : madePredictionFromExtra = true, 
08-05 23:55:55.771 11416 11416 D Nappa   : fromActivity = nappagreedy.io.github.project_travel_mate.destinations.description.FinalCityInfoActivity, 
08-05 23:55:55.771 11416 11416 D Nappa   : predictedNextActivityFromExtra = [nappagreedy.io.github.project_travel_mate.destinations.description.CityHistoryActivity], 
08-05 23:55:55.771 11416 11416 D Nappa   : activity.getClass().getCanonicalName() = nappagreedy.io.github.project_travel_mate.destinations.funfacts.FunFactsActivity, 
08-05 23:55:55.772 11416 11957 D CustomInterceptor: Authorization Token e817cf733b7893037942a7dc5507f3c5a98408e6
08-05 23:55:55.772 11416 11957 D CustomInterceptor: Cache-Control max-age=300, max-stale=300
08-05 23:55:55.772 11416 11416 D Nappa   : PREFETCH_ON_EXTRA - setCurrentActivity - logs - from activity - made prediction isfalse
08-05 23:55:55.772 11416 11957 D CustomInterceptor: CACHED STATS: size = '6', maxSize = '100', hitCount = '6', createCount = '0', putCount = '6', evictionCount = '0', missCount = '6', toString = 'LruCache[maxSize=100,hits=6,misses=6,hitRate=50%]', 
08-05 23:55:55.772 11416 11957 D CustomInterceptor: PREFLIB NOT A GET REQUEST OR NOT IN CACHEGET
08-05 23:55:55.780 11416 11429 I art     : Explicit concurrent mark sweep GC freed 2727(250KB) AllocSpace objects, 0(0B) LOS objects, 28% free, 40MB/56MB, paused 597us total 28.611ms
08-05 23:55:55.871 11416 11433 D Nappa   : registerActivity: (already in) nappagreedy.io.github.project_travel_mate.destinations.description.FinalCityInfoActivity
08-05 23:55:55.871 11416 11433 D Nappa   : PARENTS 
08-05 23:55:55.871 11416 11433 D Nappa   : Of: nappagreedy.io.github.project_travel_mate.destinations.description.FinalCityInfoActivity -> 
08-05 23:55:55.871 11416 11433 D Nappa   : PARENTS nappagreedy.io.github.project_travel_mate.MainActivity
08-05 23:55:55.871 11416 11433 D Nappa   : PARENTS has extra: (cityobject_, objects.City@d7a9ae7)
08-05 23:55:55.872 11416 11433 D Nappa   : PARENTS nappagreedy.io.github.project_travel_mate.SplashActivity
08-05 23:55:55.872 11416 11416 D Nappa   : registerActivity: (already in) nappagreedy.io.github.project_travel_mate.destinations.funfacts.FunFactsActivity
08-05 23:55:55.872 11416 11416 D ActivityNode: ACTNODE UPDATING AFTER LOADING FROM DB
08-05 23:55:55.872 11416 11416 D ActivityGraph: LARDataCalculatedUpdate nappagreedy.io.github.project_travel_mate.destinations.funfacts.FunFactsActivity Pagerank: 0.25 HITS-Authority: 1.0 HITS-Hub: 1.0 SALSA-Authority: 1.0 SALSA-Hub: 1.0
08-05 23:55:55.872 11416 11416 D Nappa   : SHOULD_PREFETCH true
08-05 23:55:55.972 11416 11416 D Nappa   : registerActivity: (already in) nappagreedy.io.github.project_travel_mate.destinations.funfacts.FunFactsActivity
08-05 23:55:55.973 11416 11416 D Nappa   : STATS Number of requests not prefetched: 6
08-05 23:55:55.973 11416 11416 D Nappa   : STATS Number of requests prefetched: 0
08-05 23:55:55.973 11416 11416 D Nappa   : STATS Time saved until now: 0.0
08-05 23:55:56.082 11416 11428 I art     : Starting a blocking GC Explicit
08-05 23:55:56.107 11416 11416 D ActivityNode: Observer - visit time - FinalCityInfoActivity - New aggregate visit time found is 23330 ms
08-05 23:55:56.108 11416 11428 I art     : Explicit concurrent mark sweep GC freed 3024(168KB) AllocSpace objects, 2(40KB) LOS objects, 26% free, 44MB/60MB, paused 711us total 25.905ms
08-05 23:55:56.112 13866 13866 I GoogleInputMethodServic: GoogleInputMethodService.onFinishInput():3138 
08-05 23:55:56.112 11416 11416 D ActivityNode: Observer - session data - sourceFinalCityInfoActivity
08-05 23:55:56.112 11416 11416 D ActivityNode: destinations:
08-05 23:55:56.112 11416 11416 D ActivityNode: 	nappagreedy.io.github.project_travel_mate.destinations.description.CityHistoryActivity( count 4)
08-05 23:55:56.112 11416 11416 D ActivityNode: 	nappagreedy.io.github.project_travel_mate.destinations.funfacts.FunFactsActivity( count 3)
08-05 23:55:56.112   918   936 I ActivityManager: Displayed nappagreedy.io.github.project_travel_mate/.destinations.funfacts.FunFactsActivity: +367ms
08-05 23:55:56.112 11416 11416 D ActivityNode: Observer - session data - sourceCityHistoryActivity
08-05 23:55:56.112 11416 11416 D ActivityNode: destinations:
08-05 23:55:56.112 11416 11416 D ActivityNode: Observer - session data - sourceMainActivity
08-05 23:55:56.112 11416 11416 D ActivityNode: destinations:
08-05 23:55:56.112 11416 11416 D ActivityNode: 	nappagreedy.io.github.project_travel_mate.destinations.description.FinalCityInfoActivity( count 3)
08-05 23:55:56.112 11416 11416 D ActivityNode: 	nappagreedy.io.github.project_travel_mate.utilities.ChecklistActivity( count 2)
08-05 23:55:56.112 11416 11416 D ActivityNode: 	nappagreedy.io.github.project_travel_mate.utilities.CompassActivity( count 2)
08-05 23:55:56.112 11416 11416 D ActivityNode: 	nappagreedy.io.github.project_travel_mate.utilities.UpcomingWeekendsActivity( count 4)
08-05 23:55:56.112 11416 11416 D ActivityNode: 	nappagreedy.io.github.project_travel_mate.notifications.NotificationsActivity( count 2)
08-05 23:55:56.112 11416 11416 D ActivityNode: Observer - session data - sourceSplashActivity
08-05 23:55:56.112 11416 11416 D ActivityNode: destinations:
08-05 23:55:56.112 11416 11416 D ActivityNode: 	nappagreedy.io.github.project_travel_mate.MainActivity( count 2)
08-05 23:55:56.112 11416 11416 D ActivityNode: Observer - session data - sourceFunFactsActivity
08-05 23:55:56.112 11416 11416 D ActivityNode: destinations:
08-05 23:55:56.113 11416 11416 D ActivityNode: Observer - session data - sourceChecklistActivity
08-05 23:55:56.113 11416 11416 D ActivityNode: destinations:
08-05 23:55:56.113 11416 11416 D ActivityNode: Observer - session data - sourceUpcomingWeekendsActivity
08-05 23:55:56.113 11416 11416 D ActivityNode: destinations:
08-05 23:55:56.113 11416 11416 D ActivityNode: Observer - session data - sourceNotificationsActivity
08-05 23:55:56.113 11416 11416 D ActivityNode: destinations:
08-05 23:55:56.113 11416 11416 D ActivityNode: Observer - session data - sourceCompassActivity
08-05 23:55:56.113 11416 11416 D ActivityNode: destinations:
08-05 23:55:56.113 13866 13866 I GoogleInputMethodServic: GoogleInputMethodService.onStartInput():1808 
08-05 23:55:56.120 11416 11428 I art     : Starting a blocking GC Explicit
08-05 23:55:56.150 11416 11428 I art     : Explicit concurrent mark sweep GC freed 781(40KB) AllocSpace objects, 0(0B) LOS objects, 26% free, 44MB/60MB, paused 792us total 29.433ms
08-05 23:55:56.164 11416 11428 I art     : Starting a blocking GC Explicit
08-05 23:55:56.172 11416 11433 D Nappa   : PREFETCH_ON_EXTRA - setCurrentActivity - logs - from extra - made prediction istrue
08-05 23:55:56.172 11416 11433 D Nappa   : PREFETCH_ON_EXTRA - setCurrentActivity - logs - from extra - start
08-05 23:55:56.172 11416 11433 D Nappa   : setCurrentActivity - MetricStrategyAccuracy - checking prediction VS current activity for extras
08-05 23:55:56.172 11416 11433 D GreedyPrefetchingStrategyOnVisitFrequencyAndTime: MetricStrategyAccuracy inc misses count0 | from extra
08-05 23:55:56.172 11416 11433 I NAPPA_EXPERIMENTATION: MetricStrategyAccuracy: LOG_ID='5',EXECUTION_COUNT='5',CASES_COUNT='5',HIT_PERCENTAGE_TOTAL='20.0',HIT_PERCENTAGE_WHEN_PREDICTED='50.0',HIT_COUNT='1',MISS_COUNT='1',INSUFFICIENT_SCORE_COUNT='2',EXCEPTION_COUNT='0',NO_SUCCESSOR_COUNT='1',
08-05 23:55:56.173 11416 11433 D Nappa   : PREFETCH_ON_EXTRA - setCurrentActivity - logs - from extra- finished
08-05 23:55:56.193 11416 11428 I art     : Explicit concurrent mark sweep GC freed 170(8KB) AllocSpace objects, 0(0B) LOS objects, 26% free, 44MB/60MB, paused 541us total 28.425ms
08-05 23:55:56.205 11416 11428 I art     : Starting a blocking GC Explicit
08-05 23:55:56.230 11416 11428 I art     : Explicit concurrent mark sweep GC freed 147(2496B) AllocSpace objects, 0(0B) LOS objects, 26% free, 44MB/60MB, paused 553us total 24.831ms
08-05 23:55:56.242 11416 11428 I art     : Starting a blocking GC Explicit
08-05 23:55:56.267 11416 11428 I art     : Explicit concurrent mark sweep GC freed 219(3KB) AllocSpace objects, 0(0B) LOS objects, 26% free, 44MB/60MB, paused 545us total 24.822ms
08-05 23:55:56.289   512  2967 D audio_hw_primary: disable_audio_route: reset and update mixer path: low-latency-playback speaker
08-05 23:55:56.290   512  2967 D audio_hw_primary: disable_snd_device: snd_device(2: speaker)
08-05 23:55:56.297   512  2967 I soundtrigger: audio_extn_sound_trigger_update_device_status: device 0x2 of type 0 for Event 0
08-05 23:55:56.347   380   380 W SurfaceFlinger: couldn't log to binary event log: overflow.
08-05 23:55:56.473 11416 11433 D Nappa   : PREFETCH_ON_EXTRA - setCurrentActivity - starting new prediction
08-05 23:55:56.473 11416 11433 D Nappa   : Current node - currentActivityName - nappagreedy.io.github.project_travel_mate.destinations.funfacts.FunFactsActivity
08-05 23:55:56.473 11416 11433 D Nappa   : Current node - activityGraph.getCurrent() - nappagreedy.io.github.project_travel_mate.destinations.funfacts.FunFactsActivity
08-05 23:55:56.474 11416 11433 I NAPPA_EXPERIMENTATION: MetricNappaPrefetchingStrategyExecutionTime: STRATEGY_CLASS='GreedyPrefetchingStrategyOnVisitFrequencyAndTime',DURATION='69480',NUMBER_OF_URLS='0',NUMBER_OF_SELECTED_CHILDREN_NODES='0',NUMBER_OF_CHILDREN_NODES='0',STRATEGY_RUN_SUCCESSFULLY='True',
08-05 23:55:56.474 11416 11433 D GreedyPrefetchingStrategyOnVisitFrequencyAndTime: ==================================
08-05 23:55:56.474 11416 11433 D GreedyPrefetchingStrategyOnVisitFrequencyAndTime: Starting Run #6
08-05 23:55:56.474 11416 11433 D GreedyPrefetchingStrategyOnVisitFrequencyAndTime: ----------------------------------
08-05 23:55:56.474 11416 11433 D GreedyPrefetchingStrategyOnVisitFrequencyAndTime: Node data FunFactsActivity 
08-05 23:55:56.474 11416 11433 D GreedyPrefetchingStrategyOnVisitFrequencyAndTime: 	Successors:
08-05 23:55:56.474 11416 11433 D GreedyPrefetchingStrategyOnVisitFrequencyAndTime: 
08-05 23:55:56.474 11416 11433 D GreedyPrefetchingStrategyOnVisitFrequencyAndTime: 	Ancestors:
08-05 23:55:56.474 11416 11433 D GreedyPrefetchingStrategyOnVisitFrequencyAndTime: 		FinalCityInfoActivity (0 hits)
08-05 23:55:56.474 11416 11433 D GreedyPrefetchingStrategyOnVisitFrequencyAndTime: 
08-05 23:55:56.474 11416 11433 D GreedyPrefetchingStrategyOnVisitFrequencyAndTime: MetricStrategyAccuracy inc execution count6 | act = true; extra = false
08-05 23:55:56.474 11416 11433 D GreedyPrefetchingStrategyOnVisitFrequencyAndTime: MetricStrategyAccuracy inc no sucessor count2 | act = true; extra = false
08-05 23:55:56.474 11416 11433 D GreedyPrefetchingStrategyOnVisitFrequencyAndTime: ------------- Recursion #1 -----------
08-05 23:55:56.474 11416 11433 D GreedyPrefetchingStrategyOnVisitFrequencyAndTime: Best successors so far []
08-05 23:55:56.474 11416 11433 D GreedyPrefetchingStrategyOnVisitFrequencyAndTime: Checking node FunFactsActivity with 0 successors
08-05 23:55:56.474 11416 11433 D GreedyPrefetchingStrategyOnVisitFrequencyAndTime: this node has no successors
08-05 23:55:56.474 11416 11433 D GreedyPrefetchingStrategyOnVisitFrequencyAndTime: Next visited child will be []
08-05 23:55:56.474 11416 11433 D GreedyPrefetchingStrategyOnVisitFrequencyAndTime: ==================================
08-05 23:55:56.474 11416 11433 D Nappa   : PREFETCH_ON_EXTRA - setCurrentActivity - finished new prediction
08-05 23:55:56.518 11416 11957 D CustomInterceptor: CACHE_CONTROL SETTING NEW MAX-AGE
08-05 23:55:56.519 11416 11957 D CustomInterceptor: HEADER RESPONSE
08-05 23:55:56.519 11416 11957 D CustomInterceptor: Allow GET, OPTIONS
08-05 23:55:56.519 11416 11957 D CustomInterceptor: Cache-Control public, immutable, max-age=300, only-if-cached, max-stale=300
08-05 23:55:56.519 11416 11957 D CustomInterceptor: Connection keep-alive
08-05 23:55:56.519 11416 11957 D CustomInterceptor: Content-Length 1793
08-05 23:55:56.519 11416 11957 D CustomInterceptor: Content-Type application/json
08-05 23:55:56.519 11416 11957 D CustomInterceptor: Date Wed, 05 Aug 2020 21:55:52 GMT
08-05 23:55:56.519 11416 11957 D CustomInterceptor: Expires Wed, 05 Aug 2020 22:00:56 GMT+00:00
08-05 23:55:56.519 11416 11957 D CustomInterceptor: Server gunicorn/19.8.1
08-05 23:55:56.519 11416 11957 D CustomInterceptor: Vary Accept
08-05 23:55:56.519 11416 11957 D CustomInterceptor: Via 1.1 vegur
08-05 23:55:56.520 11416 11957 D CustomInterceptor: X-Frame-Options SAMEORIGIN
08-05 23:55:56.520 11416 11957 D CustomInterceptor: CACHEABLE true
08-05 23:55:56.520 11416 11957 D CustomInterceptor: REQ https://project-travel-mate.herokuapp.com/api/get-city-facts/1
08-05 23:55:56.520 11416 11957 D CustomInterceptor: REQ_SERV_BY net
08-05 23:55:56.520 11416 11957 D CustomInterceptor: PREFLIB Adding response to lrucache - https://project-travel-mate.herokuapp.com/api/get-city-facts/1
08-05 23:55:56.521 11416 11957 D CustomInterceptor: interceptor_finished : return_type #3 : request served from remote and added to cache
08-05 23:55:56.522 11416 11957 I NAPPA_EXPERIMENTATION: MetricNetworkRequestExecutionTime: REQUEST_DURATION_SYSTEM='752',REQUEST_DURATION_OKHTTP='0',REQUEST_SYNCHRONOUS='FALSE',RESPONSE_CODE='200',RESPONSE_METHOD='GET',RESPONSE_LENGTH_OKHTTP='1793',RESPONSE_LENGTH_HEADER='-2',REQUEST_PROTOCOL='http/1.1',REQUEST_URL='https://project-travel-mate.herokuapp.com/api/get-city-facts/1',
08-05 23:55:56.522 11416 11957 V EXECUTING: https://project-travel-mate.herokuapp.com/api/get-city-images/1
08-05 23:55:56.523 11416 11957 D Nappa   : TAG okHttpClient initialized
08-05 23:55:56.525 11416 11980 D CustomInterceptor: NETWORK-PROVIDER https://project-travel-mate.herokuapp.com/api/get-city-images/1
08-05 23:55:56.525 11416 11980 D Nappa   : F1_SCORE add_intercept_url - (new) - https://project-travel-mate.herokuapp.com/api/get-city-images/1
08-05 23:55:56.525 11416 11980 D Nappa   : F1_SCORE add_fn_url - (new) - https://project-travel-mate.herokuapp.com/api/get-city-images/1
08-05 23:55:56.525 11416 11980 D Nappa   : -------------F1_SCORE #9 -----------
08-05 23:55:56.526 11416 11980 D Nappa   : F1_SCORE - Intercept list (8)= [https://project-travel-mate.herokuapp.com/api/get-user, https://project-travel-mate.herokuapp.com/api/get-all-cities/10, https://project-travel-mate.herokuapp.com/api/number-of-unread-notifications, https://project-travel-mate.herokuapp.com/api/get-city-weather/1, https://project-travel-mate.herokuapp.com/api/get-city/1, https://project-travel-mate.herokuapp.com/api/get-city-information/1, https://project-travel-mate.herokuapp.com/api/get-city-facts/1, https://project-travel-mate.herokuapp.com/api/get-city-images/1]
08-05 23:55:56.526 11416 11980 D Nappa   : F1_SCORE - Prefetch list (0)= []
08-05 23:55:56.526 11416 11980 D Nappa   : F1_SCORE - TP list (0)= []
08-05 23:55:56.526 11416 11980 D Nappa   : F1_SCORE - FN list (8)= [https://project-travel-mate.herokuapp.com/api/get-user, https://project-travel-mate.herokuapp.com/api/get-all-cities/10, https://project-travel-mate.herokuapp.com/api/number-of-unread-notifications, https://project-travel-mate.herokuapp.com/api/get-city-weather/1, https://project-travel-mate.herokuapp.com/api/get-city/1, https://project-travel-mate.herokuapp.com/api/get-city-information/1, https://project-travel-mate.herokuapp.com/api/get-city-facts/1, https://project-travel-mate.herokuapp.com/api/get-city-images/1]
08-05 23:55:56.526 11416 11980 I NAPPA_EXPERIMENTATION: MetricPrefetchingAccuracy: LOG_ID='10',F1_SCORE_1='0.0',F1_SCORE_2='0.0',TRUE_POSITIVE='0',FALSE_POSITIVE='0',FALSE_NEGATIVE='8',
08-05 23:55:56.526 11416 11980 D CustomInterceptor: HEADER REQUEST
08-05 23:55:56.526 11416 11980 D CustomInterceptor: Authorization Token e817cf733b7893037942a7dc5507f3c5a98408e6
08-05 23:55:56.526 11416 11980 D CustomInterceptor: Cache-Control max-age=300, max-stale=300
08-05 23:55:56.526 11416 11980 D CustomInterceptor: CACHED STATS: size = '7', maxSize = '100', hitCount = '7', createCount = '0', putCount = '7', evictionCount = '0', missCount = '7', toString = 'LruCache[maxSize=100,hits=7,misses=7,hitRate=50%]', 
08-05 23:55:56.526 11416 11980 D CustomInterceptor: PREFLIB NOT A GET REQUEST OR NOT IN CACHEGET
08-05 23:55:56.600 11416 11912 I art     : Starting a blocking GC Explicit
08-05 23:55:56.626 11416 11433 D Nappa   : registerActivity: (already in) nappagreedy.io.github.project_travel_mate.destinations.funfacts.FunFactsActivity
08-05 23:55:56.626 11416 11433 D Nappa   : PARENTS 
08-05 23:55:56.626 11416 11433 D Nappa   : Of: nappagreedy.io.github.project_travel_mate.destinations.funfacts.FunFactsActivity -> 
08-05 23:55:56.626 11416 11433 D Nappa   : PARENTS nappagreedy.io.github.project_travel_mate.destinations.description.FinalCityInfoActivity
08-05 23:55:56.626 11416 11433 D Nappa   : PARENTS has extra: (cityobject_, objects.City@78cb4f7)
08-05 23:55:56.626 11416 11433 D Nappa   : PARENTS nappagreedy.io.github.project_travel_mate.MainActivity
08-05 23:55:56.626 11416 11433 D Nappa   : PARENTS has extra: (cityobject_, objects.City@d7a9ae7)
08-05 23:55:56.626 11416 11433 D Nappa   : PARENTS nappagreedy.io.github.project_travel_mate.SplashActivity
08-05 23:55:56.630 11416 11912 I art     : Explicit concurrent mark sweep GC freed 7118(474KB) AllocSpace objects, 5(240KB) LOS objects, 26% free, 44MB/60MB, paused 748us total 29.475ms
08-05 23:55:56.642 11416 11912 I art     : Starting a blocking GC Explicit
08-05 23:55:56.670 11416 11912 I art     : Explicit concurrent mark sweep GC freed 1202(123KB) AllocSpace objects, 0(0B) LOS objects, 26% free, 44MB/60MB, paused 878us total 27.370ms
08-05 23:55:56.682 11416 11912 I art     : Starting a blocking GC Explicit
08-05 23:55:56.709 11416 11912 I art     : Explicit concurrent mark sweep GC freed 131(2192B) AllocSpace objects, 0(0B) LOS objects, 26% free, 44MB/60MB, paused 703us total 27.096ms
08-05 23:55:56.722 11416 11912 I art     : Starting a blocking GC Explicit
08-05 23:55:56.749 11416 11912 I art     : Explicit concurrent mark sweep GC freed 17(320B) AllocSpace objects, 0(0B) LOS objects, 26% free, 44MB/60MB, paused 537us total 26.909ms
08-05 23:55:56.761 11416 11912 I art     : Starting a blocking GC Explicit
08-05 23:55:56.789 11416 11912 I art     : Explicit concurrent mark sweep GC freed 134(2288B) AllocSpace objects, 0(0B) LOS objects, 26% free, 44MB/60MB, paused 744us total 27.775ms
08-05 23:55:57.019 11416 11980 D CustomInterceptor: CACHE_CONTROL SETTING NEW MAX-AGE
08-05 23:55:57.020 11416 11980 D CustomInterceptor: HEADER RESPONSE
08-05 23:55:57.020 11416 11980 D CustomInterceptor: Allow GET, OPTIONS
08-05 23:55:57.020 11416 11980 D CustomInterceptor: Cache-Control public, immutable, max-age=300, only-if-cached, max-stale=300
08-05 23:55:57.020 11416 11980 D CustomInterceptor: Connection keep-alive
08-05 23:55:57.020 11416 11980 D CustomInterceptor: Content-Length 183
08-05 23:55:57.020 11416 11980 D CustomInterceptor: Content-Type application/json
08-05 23:55:57.020 11416 11980 D CustomInterceptor: Date Wed, 05 Aug 2020 21:55:52 GMT
08-05 23:55:57.020 11416 11980 D CustomInterceptor: Expires Wed, 05 Aug 2020 22:00:57 GMT+00:00
08-05 23:55:57.020 11416 11980 D CustomInterceptor: Server gunicorn/19.8.1
08-05 23:55:57.020 11416 11980 D CustomInterceptor: Vary Accept
08-05 23:55:57.020 11416 11980 D CustomInterceptor: Via 1.1 vegur
08-05 23:55:57.020 11416 11980 D CustomInterceptor: X-Frame-Options SAMEORIGIN
08-05 23:55:57.020 11416 11980 D CustomInterceptor: CACHEABLE true
08-05 23:55:57.020 11416 11980 D CustomInterceptor: REQ https://project-travel-mate.herokuapp.com/api/get-city-images/1
08-05 23:55:57.020 11416 11980 D CustomInterceptor: REQ_SERV_BY net
08-05 23:55:57.021 11416 11980 D CustomInterceptor: PREFLIB Adding response to lrucache - https://project-travel-mate.herokuapp.com/api/get-city-images/1
08-05 23:55:57.050 11416 11980 D CustomInterceptor: interceptor_finished : return_type #3 : request served from remote and added to cache
08-05 23:55:57.051 11416 11980 I NAPPA_EXPERIMENTATION: MetricNetworkRequestExecutionTime: REQUEST_DURATION_SYSTEM='528',REQUEST_DURATION_OKHTTP='0',REQUEST_SYNCHRONOUS='FALSE',RESPONSE_CODE='200',RESPONSE_METHOD='GET',RESPONSE_LENGTH_OKHTTP='183',RESPONSE_LENGTH_HEADER='-2',REQUEST_PROTOCOL='http/1.1',REQUEST_URL='https://project-travel-mate.herokuapp.com/api/get-city-images/1',
08-05 23:55:57.051 11416 11980 V RESPONSE: [{"id":17,"image_url":"https://upload.wikimedia.org/wikipedia/commons/9/94/%E0%B4%96%E0%B5%81%E0%B4%A4%E0%B5%8D%E0%B4%AC%E0%B5%8D_%E0%B4%AE%E0%B4%BF%E0%B4%A8%E0%B4%BE%E0%B5%BC1.jpg"}]
08-05 23:55:57.104 11416 11428 I art     : Starting a blocking GC Explicit
08-05 23:55:57.133 11416 11428 I art     : Explicit concurrent mark sweep GC freed 7392(437KB) AllocSpace objects, 5(240KB) LOS objects, 26% free, 45MB/61MB, paused 1.383ms total 28.873ms
08-05 23:55:57.147 11416 11428 I art     : Starting a blocking GC Explicit
08-05 23:55:57.174 11416 11428 I art     : Explicit concurrent mark sweep GC freed 2960(209KB) AllocSpace objects, 0(0B) LOS objects, 26% free, 45MB/61MB, paused 546us total 26.671ms
08-05 23:55:57.186 11416 11428 I art     : Starting a blocking GC Explicit
08-05 23:55:57.214 11416 11428 I art     : Explicit concurrent mark sweep GC freed 115(5KB) AllocSpace objects, 1(4MB) LOS objects, 28% free, 41MB/57MB, paused 605us total 27.781ms
08-05 23:55:57.226 11416 11428 I art     : Starting a blocking GC Explicit
08-05 23:55:57.256 11416 11428 I art     : Explicit concurrent mark sweep GC freed 75(1296B) AllocSpace objects, 0(0B) LOS objects, 28% free, 41MB/57MB, paused 542us total 29.720ms
08-05 23:55:57.269 11416 11428 I art     : Starting a blocking GC Explicit
08-05 23:55:57.296 11416 11428 I art     : Explicit concurrent mark sweep GC freed 147(2496B) AllocSpace objects, 0(0B) LOS objects, 28% free, 41MB/57MB, paused 545us total 27.105ms
08-05 23:55:57.636 11416 11479 I art     : Starting a blocking GC Explicit
08-05 23:55:57.670 11416 11479 I art     : Explicit concurrent mark sweep GC freed 3321(123KB) AllocSpace objects, 2(40KB) LOS objects, 28% free, 41MB/57MB, paused 535us total 33.316ms
08-05 23:55:57.683 11416 11479 I art     : Starting a blocking GC Explicit
08-05 23:55:57.714 11416 11479 I art     : Explicit concurrent mark sweep GC freed 180(3KB) AllocSpace objects, 0(0B) LOS objects, 28% free, 41MB/57MB, paused 542us total 31.172ms
08-05 23:55:57.727 11416 11479 I art     : Starting a blocking GC Explicit
08-05 23:55:57.758 11416 11479 I art     : Explicit concurrent mark sweep GC freed 231(4KB) AllocSpace objects, 0(0B) LOS objects, 28% free, 41MB/57MB, paused 522us total 30.599ms
08-05 23:55:57.771 11416 11479 I art     : Starting a blocking GC Explicit
08-05 23:55:57.803 11416 11479 I art     : Explicit concurrent mark sweep GC freed 229(4KB) AllocSpace objects, 0(0B) LOS objects, 28% free, 41MB/57MB, paused 536us total 31.509ms
08-05 23:55:57.816 11416 11479 I art     : Starting a blocking GC Explicit
08-05 23:55:57.848 11416 11479 I art     : Explicit concurrent mark sweep GC freed 146(2464B) AllocSpace objects, 0(0B) LOS objects, 28% free, 41MB/57MB, paused 555us total 31.647ms
08-05 23:55:58.181 11416 11912 I art     : Starting a blocking GC Explicit
08-05 23:55:58.212 11416 11912 I art     : Explicit concurrent mark sweep GC freed 3210(123KB) AllocSpace objects, 2(40KB) LOS objects, 28% free, 41MB/57MB, paused 561us total 30.993ms
08-05 23:55:58.225 11416 11912 I art     : Starting a blocking GC Explicit
08-05 23:55:58.254 11416 11912 I art     : Explicit concurrent mark sweep GC freed 247(4KB) AllocSpace objects, 0(0B) LOS objects, 28% free, 41MB/57MB, paused 539us total 28.357ms
08-05 23:55:58.266 11416 11912 I art     : Starting a blocking GC Explicit
08-05 23:55:58.297 11416 11912 I art     : Explicit concurrent mark sweep GC freed 146(2464B) AllocSpace objects, 0(0B) LOS objects, 28% free, 41MB/57MB, paused 559us total 31.195ms
08-05 23:55:58.310 11416 11912 I art     : Starting a blocking GC Explicit
08-05 23:55:58.340 11416 11912 I art     : Explicit concurrent mark sweep GC freed 220(3KB) AllocSpace objects, 0(0B) LOS objects, 28% free, 41MB/57MB, paused 541us total 29.672ms
08-05 23:55:58.353 11416 11912 I art     : Starting a blocking GC Explicit
08-05 23:55:58.382 11416 11912 I art     : Explicit concurrent mark sweep GC freed 147(2496B) AllocSpace objects, 0(0B) LOS objects, 28% free, 41MB/57MB, paused 526us total 29.369ms
08-05 23:55:58.421 12003 12003 D AndroidRuntime: >>>>>> START com.android.internal.os.RuntimeInit uid 2000 <<<<<<
08-05 23:55:58.426 12003 12003 D AndroidRuntime: CheckJNI is OFF
08-05 23:55:58.460 12003 12003 D ICU     : No timezone override file found: /data/misc/zoneinfo/current/icu/icu_tzdata.dat
08-05 23:55:58.495 12003 12003 I Radio-JNI: register_android_hardware_Radio DONE
08-05 23:55:58.516 12003 12003 D AndroidRuntime: Calling main entry com.android.commands.input.Input
08-05 23:55:58.518 12003 12003 I Input   : injectKeyEvent: KeyEvent { action=ACTION_DOWN, keyCode=KEYCODE_BACK, scanCode=0, metaState=0, flags=0x0, repeatCount=0, eventTime=834974931, downTime=834974931, deviceId=-1, source=0x101 }
08-05 23:55:58.524 12003 12003 I Input   : injectKeyEvent: KeyEvent { action=ACTION_UP, keyCode=KEYCODE_BACK, scanCode=0, metaState=0, flags=0x0, repeatCount=0, eventTime=834974931, downTime=834974931, deviceId=-1, source=0x101 }
08-05 23:55:58.531 11416 11416 D NappaLifecycleObserver: nappagreedy.io.github.project_travel_mate.destinations.funfacts.FunFactsActivity - onPause
08-05 23:55:58.532 11416 11416 D Nappa   : Stayed on nappagreedy.io.github.project_travel_mate.destinations.funfacts.FunFactsActivity for 2559 ms
08-05 23:55:58.532 12003 12003 D AndroidRuntime: Shutting down VM
08-05 23:55:58.539 11416 11416 D NappaLifecycleObserver: nappagreedy.io.github.project_travel_mate.destinations.description.FinalCityInfoActivity - onResume
08-05 23:55:58.539 11416 11416 D Nappa   : setCurrentActivity - MetricStrategyAccuracy - 
08-05 23:55:58.539 11416 11416 D Nappa   : madePredictionFromActivity = true, 
08-05 23:55:58.539 11416 11416 D Nappa   : fromActivity = nappagreedy.io.github.project_travel_mate.destinations.funfacts.FunFactsActivity, 
08-05 23:55:58.539 11416 11416 D Nappa   : predictedNextActivityFromActivity = [], 
08-05 23:55:58.539 11416 11416 D Nappa   : activity.getClass().getCanonicalName() = nappagreedy.io.github.project_travel_mate.destinations.description.FinalCityInfoActivity, 
08-05 23:55:58.539 11416 11416 D Nappa   : setCurrentActivity - MetricStrategyAccuracy - 
08-05 23:55:58.539 11416 11416 D Nappa   : madePredictionFromExtra = false, 
08-05 23:55:58.539 11416 11416 D Nappa   : fromActivity = nappagreedy.io.github.project_travel_mate.destinations.funfacts.FunFactsActivity, 
08-05 23:55:58.539 11416 11416 D Nappa   : predictedNextActivityFromExtra = [], 
08-05 23:55:58.539 11416 11416 D Nappa   : activity.getClass().getCanonicalName() = nappagreedy.io.github.project_travel_mate.destinations.description.FinalCityInfoActivity, 
08-05 23:55:58.539 11416 11416 D Nappa   : PREFETCH_ON_EXTRA - setCurrentActivity - logs - from activity - made prediction istrue
08-05 23:55:58.539 11416 11416 D Nappa   : PREFETCH_ON_EXTRA - setCurrentActivity - logs - from activity - start
08-05 23:55:58.539 11416 11416 I NAPPA_EXPERIMENTATION: MetricStrategyAccuracy: LOG_ID='6',EXECUTION_COUNT='6',CASES_COUNT='6',HIT_PERCENTAGE_TOTAL='16.666666666666668',HIT_PERCENTAGE_WHEN_PREDICTED='50.0',HIT_COUNT='1',MISS_COUNT='1',INSUFFICIENT_SCORE_COUNT='2',EXCEPTION_COUNT='0',NO_SUCCESSOR_COUNT='2',
08-05 23:55:58.540 11416 11416 D Nappa   : PREFETCH_ON_EXTRA - setCurrentActivity - logs - from activity- finished
08-05 23:55:58.640 11416 11416 D Nappa   : registerActivity: (already in) nappagreedy.io.github.project_travel_mate.destinations.description.FinalCityInfoActivity
08-05 23:55:58.640 11416 11416 D ActivityGraph: LARDataCalculatedUpdate nappagreedy.io.github.project_travel_mate.destinations.description.FinalCityInfoActivity Pagerank: 0.25 HITS-Authority: 1.0 HITS-Hub: 1.0 SALSA-Authority: 1.0 SALSA-Hub: 1.0
08-05 23:55:58.640 11416 11416 D Nappa   : SHOULD_PREFETCH false
08-05 23:55:58.640 11416 11416 D Nappa   : STATS Number of requests not prefetched: 8
08-05 23:55:58.641 11416 11416 D Nappa   : STATS Number of requests prefetched: 0
08-05 23:55:58.641 11416 11416 D Nappa   : STATS Time saved until now: 0.0
08-05 23:55:58.673 11416 11416 D ActivityNode: Observer - visit time - FunFactsActivity - New aggregate visit time found is 7607 ms
08-05 23:55:58.689 11416 11429 I art     : Starting a blocking GC Explicit
08-05 23:55:58.701 13866 13866 I GoogleInputMethodServic: GoogleInputMethodService.onFinishInput():3138 
08-05 23:55:58.703 13866 13866 I GoogleInputMethodServic: GoogleInputMethodService.onStartInput():1808 
08-05 23:55:58.726 11416 11429 I art     : Explicit concurrent mark sweep GC freed 3192(161KB) AllocSpace objects, 2(40KB) LOS objects, 28% free, 41MB/57MB, paused 937us total 36.757ms
08-05 23:55:58.739 11416 11429 I art     : Starting a blocking GC Explicit
08-05 23:55:58.765 11416 11429 I art     : Explicit concurrent mark sweep GC freed 365(10KB) AllocSpace objects, 0(0B) LOS objects, 28% free, 41MB/57MB, paused 514us total 26.229ms
08-05 23:55:58.778 11416 11429 I art     : Starting a blocking GC Explicit
08-05 23:55:58.804 11416 11429 I art     : Explicit concurrent mark sweep GC freed 219(3KB) AllocSpace objects, 0(0B) LOS objects, 28% free, 41MB/57MB, paused 490us total 26.508ms
08-05 23:55:58.817 11416 11429 I art     : Starting a blocking GC Explicit
08-05 23:55:58.850 11416 11429 I art     : Explicit concurrent mark sweep GC freed 146(2464B) AllocSpace objects, 0(0B) LOS objects, 28% free, 41MB/57MB, paused 734us total 33.576ms
08-05 23:55:58.868 11416 11429 I art     : Starting a blocking GC Explicit
08-05 23:55:58.907 11416 11429 I art     : Explicit concurrent mark sweep GC freed 292(4KB) AllocSpace objects, 0(0B) LOS objects, 28% free, 41MB/57MB, paused 646us total 38.424ms
08-05 23:55:58.940 11416 11433 D Nappa   : PREFETCH_ON_EXTRA - setCurrentActivity - logs - from extra - made prediction isfalse
08-05 23:55:58.966   380   380 W SurfaceFlinger: couldn't log to binary event log: overflow.
08-05 23:55:58.968 11416 11416 D NappaLifecycleObserver: nappagreedy.io.github.project_travel_mate.destinations.funfacts.FunFactsActivity - onDestroy
08-05 23:55:58.968 11416 11416 D NappaLifecycleObserver: -------------F1_SCORE #10 -----------
08-05 23:55:58.968 11416 11416 D NappaLifecycleObserver: F1_SCORE - Intercept list (8)= [https://project-travel-mate.herokuapp.com/api/get-user, https://project-travel-mate.herokuapp.com/api/get-all-cities/10, https://project-travel-mate.herokuapp.com/api/number-of-unread-notifications, https://project-travel-mate.herokuapp.com/api/get-city-weather/1, https://project-travel-mate.herokuapp.com/api/get-city/1, https://project-travel-mate.herokuapp.com/api/get-city-information/1, https://project-travel-mate.herokuapp.com/api/get-city-facts/1, https://project-travel-mate.herokuapp.com/api/get-city-images/1]
08-05 23:55:58.968 11416 11416 D NappaLifecycleObserver: F1_SCORE - Prefetch list (0)= []
08-05 23:55:58.968 11416 11416 D NappaLifecycleObserver: F1_SCORE - TP list (0)= []
08-05 23:55:58.968 11416 11416 D NappaLifecycleObserver: F1_SCORE - FN list (8)= [https://project-travel-mate.herokuapp.com/api/get-user, https://project-travel-mate.herokuapp.com/api/get-all-cities/10, https://project-travel-mate.herokuapp.com/api/number-of-unread-notifications, https://project-travel-mate.herokuapp.com/api/get-city-weather/1, https://project-travel-mate.herokuapp.com/api/get-city/1, https://project-travel-mate.herokuapp.com/api/get-city-information/1, https://project-travel-mate.herokuapp.com/api/get-city-facts/1, https://project-travel-mate.herokuapp.com/api/get-city-images/1]
08-05 23:55:58.969 11416 11416 I NAPPA_EXPERIMENTATION: MetricPrefetchingAccuracy: LOG_ID='11',F1_SCORE_1='0.0',F1_SCORE_2='0.0',TRUE_POSITIVE='0',FALSE_POSITIVE='0',FALSE_NEGATIVE='8',
08-05 23:55:59.245 11416 11912 I art     : Starting a blocking GC Explicit
08-05 23:55:59.278 11416 11912 I art     : Explicit concurrent mark sweep GC freed 4002(189KB) AllocSpace objects, 4(404KB) LOS objects, 28% free, 40MB/56MB, paused 565us total 32.412ms
08-05 23:55:59.291 11416 11912 I art     : Starting a blocking GC Explicit
08-05 23:55:59.319 11416 11912 I art     : Explicit concurrent mark sweep GC freed 5790(277KB) AllocSpace objects, 1(28KB) LOS objects, 28% free, 40MB/56MB, paused 608us total 27.750ms
08-05 23:55:59.331 11416 11912 I art     : Starting a blocking GC Explicit
08-05 23:55:59.360 11416 11912 I art     : Explicit concurrent mark sweep GC freed 141(2400B) AllocSpace objects, 0(0B) LOS objects, 28% free, 40MB/56MB, paused 540us total 28.814ms
08-05 23:55:59.373 11416 11912 I art     : Starting a blocking GC Explicit
08-05 23:55:59.402 11416 11912 I art     : Explicit concurrent mark sweep GC freed 136(2288B) AllocSpace objects, 0(0B) LOS objects, 28% free, 40MB/56MB, paused 721us total 29.173ms
08-05 23:55:59.415 11416 11912 I art     : Starting a blocking GC Explicit
08-05 23:55:59.445 11416 11912 I art     : Explicit concurrent mark sweep GC freed 110(1904B) AllocSpace objects, 0(0B) LOS objects, 28% free, 40MB/56MB, paused 536us total 29.608ms
08-05 23:55:59.779 11416 11428 I art     : Starting a blocking GC Explicit
08-05 23:55:59.808 11416 11428 I art     : Explicit concurrent mark sweep GC freed 2681(112KB) AllocSpace objects, 2(40KB) LOS objects, 28% free, 40MB/56MB, paused 571us total 28.312ms
08-05 23:55:59.821 11416 11428 I art     : Starting a blocking GC Explicit
08-05 23:55:59.849 11416 11428 I art     : Explicit concurrent mark sweep GC freed 126(2704B) AllocSpace objects, 0(0B) LOS objects, 28% free, 40MB/56MB, paused 533us total 28.018ms
08-05 23:55:59.861 11416 11428 I art     : Starting a blocking GC Explicit
08-05 23:55:59.889 11416 11428 I art     : Explicit concurrent mark sweep GC freed 147(2496B) AllocSpace objects, 0(0B) LOS objects, 28% free, 40MB/56MB, paused 535us total 27.578ms
08-05 23:55:59.901 11416 11428 I art     : Starting a blocking GC Explicit
08-05 23:55:59.930 11416 11428 I art     : Explicit concurrent mark sweep GC freed 99(1696B) AllocSpace objects, 0(0B) LOS objects, 28% free, 40MB/56MB, paused 553us total 28.076ms
08-05 23:55:59.942 11416 11428 I art     : Starting a blocking GC Explicit
08-05 23:55:59.970 11416 11428 I art     : Explicit concurrent mark sweep GC freed 146(2464B) AllocSpace objects, 0(0B) LOS objects, 28% free, 40MB/56MB, paused 546us total 27.584ms
08-05 23:56:00.087   518   646 I ThermalEngine: ACTION: GPU - Setting GPU[0] to 450000000
08-05 23:56:00.193 12061 12061 D AndroidRuntime: >>>>>> START com.android.internal.os.RuntimeInit uid 2000 <<<<<<
08-05 23:56:00.199 12061 12061 D AndroidRuntime: CheckJNI is OFF
08-05 23:56:00.242 12061 12061 D ICU     : No timezone override file found: /data/misc/zoneinfo/current/icu/icu_tzdata.dat
08-05 23:56:00.283 12061 12061 I Radio-JNI: register_android_hardware_Radio DONE
08-05 23:56:00.313 12061 12061 D AndroidRuntime: Calling main entry com.android.commands.input.Input
08-05 23:56:00.315 12061 12061 I Input   : injectMotionEvent: MotionEvent { action=ACTION_DOWN, actionButton=0, id[0]=0, x[0]=504.0, y[0]=1706.0, toolType[0]=TOOL_TYPE_UNKNOWN, buttonState=0, metaState=0, flags=0x0, edgeFlags=0x0, pointerCount=1, historySize=0, eventTime=834976727, downTime=834976727, deviceId=0, source=0x1002 }
08-05 23:56:00.316 11416 11479 I art     : Starting a blocking GC Explicit
08-05 23:56:00.322 12061 12061 I Input   : injectMotionEvent: MotionEvent { action=ACTION_UP, actionButton=0, id[0]=0, x[0]=504.0, y[0]=1706.0, toolType[0]=TOOL_TYPE_UNKNOWN, buttonState=0, metaState=0, flags=0x0, edgeFlags=0x0, pointerCount=1, historySize=0, eventTime=834976727, downTime=834976727, deviceId=0, source=0x1002 }
08-05 23:56:00.324 12061 12061 D AndroidRuntime: Shutting down VM
08-05 23:56:00.324 11416 11416 D NappaIntentExtras: ==================
08-05 23:56:00.324 11416 11433 D Nappa   : PREFETCH_ON_EXTRA - notifyExtras- start
08-05 23:56:00.325 11416 11416 D NappaIntentExtras: Log #5
08-05 23:56:00.325 11416 11416 D NappaIntentExtras: ------------------
08-05 23:56:00.325 11416 11416 D NappaIntentExtras: activity nappagreedy.io.github.project_travel_mate.destinations.description.CityHistoryActivity
08-05 23:56:00.325 11416 11416 D NappaIntentExtras: 	- No extras registered
08-05 23:56:00.325 11416 11416 D NappaIntentExtras: activity nappagreedy.io.github.project_travel_mate.MainActivity
08-05 23:56:00.325 11416 11416 D NappaIntentExtras: 	- 1 extras registered
