08-06 12:07:40.459 12077 12142 I art     : Explicit concurrent mark sweep GC freed 518(13KB) AllocSpace objects, 0(0B) LOS objects, 28% free, 40MB/56MB, paused 708us total 42.860ms
08-06 12:07:40.473 12077 12142 I art     : Starting a blocking GC Explicit
08-06 12:07:40.493 12077 12077 D NappaIntentExtras: ==================
08-06 12:07:40.493 12077 12094 D Nappa   : PREFETCH_ON_EXTRA - notifyExtras- start
08-06 12:07:40.493 12077 12077 D NappaIntentExtras: Log #9
08-06 12:07:40.493 12077 12077 D NappaIntentExtras: ------------------
08-06 12:07:40.493 12077 12077 D NappaIntentExtras: activity nappagreedy.io.github.project_travel_mate.destinations.description.CityHistoryActivity
08-06 12:07:40.493 12077 12077 D NappaIntentExtras: 	- No extras registered
08-06 12:07:40.493 12077 12077 D NappaIntentExtras: activity nappagreedy.io.github.project_travel_mate.MainActivity
08-06 12:07:40.493 12077 12077 D NappaIntentExtras: 	- 1 extras registered
08-06 12:07:40.494 12077 12077 D NappaIntentExtras: 	- cityobject_ : objects.City@e269a85
08-06 12:07:40.494 12077 12077 D NappaIntentExtras: activity nappagreedy.io.github.project_travel_mate.SplashActivity
08-06 12:07:40.494 12077 12077 D NappaIntentExtras: 	- No extras registered
08-06 12:07:40.494 12077 12077 D NappaIntentExtras: activity nappagreedy.io.github.project_travel_mate.utilities.CompassActivity
08-06 12:07:40.494 12077 12077 D NappaIntentExtras: 	- No extras registered
08-06 12:07:40.494 12077 12077 D NappaIntentExtras: activity nappagreedy.io.github.project_travel_mate.notifications.NotificationsActivity
08-06 12:07:40.494 12077 12077 D NappaIntentExtras: 	- No extras registered
08-06 12:07:40.494 12077 12077 D NappaIntentExtras: activity nappagreedy.io.github.project_travel_mate.destinations.funfacts.FunFactsActivity
08-06 12:07:40.494 12077 12077 D NappaIntentExtras: 	- No extras registered
08-06 12:07:40.494 12077 12077 D NappaIntentExtras: activity nappagreedy.io.github.project_travel_mate.utilities.UpcomingWeekendsActivity
08-06 12:07:40.494 12077 12077 D NappaIntentExtras: 	- No extras registered
08-06 12:07:40.494 12077 12094 I NAPPA_EXPERIMENTATION: MetricNappaPrefetchingStrategyExecutionTime: STRATEGY_CLASS='GreedyPrefetchingStrategyOnVisitFrequencyAndTime',DURATION='483229',NUMBER_OF_URLS='0',NUMBER_OF_SELECTED_CHILDREN_NODES='1',NUMBER_OF_CHILDREN_NODES='2',STRATEGY_RUN_SUCCESSFULLY='True',
08-06 12:07:40.494 12077 12077 D NappaIntentExtras: activity nappagreedy.io.github.project_travel_mate.utilities.ChecklistActivity
08-06 12:07:40.494   512  2967 D audio_hw_primary: out_set_parameters: enter: usecase(1: low-latency-playback) kvpairs: routing=2
08-06 12:07:40.494 12077 12077 D NappaIntentExtras: 	- No extras registered
08-06 12:07:40.494 12077 12094 D GreedyPrefetchingStrategyOnVisitFrequencyAndTime: ==================================
08-06 12:07:40.494 12077 12077 D NappaIntentExtras: activity nappagreedy.io.github.project_travel_mate.destinations.description.FinalCityInfoActivity
08-06 12:07:40.494 12077 12094 D GreedyPrefetchingStrategyOnVisitFrequencyAndTime: Starting Run #13
08-06 12:07:40.494 12077 12077 D NappaIntentExtras: 	- 2 extras registered
08-06 12:07:40.494 12077 12094 D GreedyPrefetchingStrategyOnVisitFrequencyAndTime: ----------------------------------
08-06 12:07:40.494 12077 12077 D NappaIntentExtras: 	- type_ : shopping
08-06 12:07:40.494 12077 12094 D GreedyPrefetchingStrategyOnVisitFrequencyAndTime: Node data FinalCityInfoActivity 
08-06 12:07:40.494 12077 12094 D GreedyPrefetchingStrategyOnVisitFrequencyAndTime: 	Successors:
08-06 12:07:40.494 12077 12094 D GreedyPrefetchingStrategyOnVisitFrequencyAndTime: 		CityHistoryActivity (3 hits)
08-06 12:07:40.494 12077 12094 D GreedyPrefetchingStrategyOnVisitFrequencyAndTime: 		FunFactsActivity (2 hits)
08-06 12:07:40.494 12077 12094 D GreedyPrefetchingStrategyOnVisitFrequencyAndTime: 	Ancestors:
08-06 12:07:40.494 12077 12094 D GreedyPrefetchingStrategyOnVisitFrequencyAndTime: 		MainActivity (0 hits)
08-06 12:07:40.494 12077 12094 D GreedyPrefetchingStrategyOnVisitFrequencyAndTime: 
08-06 12:07:40.494 12077 12077 D NappaIntentExtras: 	- cityobject_ : objects.City@2b48e1
08-06 12:07:40.495 12077 12077 D NappaIntentExtras: ==================
08-06 12:07:40.495 12077 12094 D GreedyPrefetchingStrategyOnVisitFrequencyAndTime: MetricStrategyAccuracy inc execution count13 | act = false; extra = true
08-06 12:07:40.495 12077 12094 D GreedyPrefetchingStrategyOnVisitFrequencyAndTime: ------------- Recursion #1 -----------
08-06 12:07:40.495 12077 12094 D GreedyPrefetchingStrategyOnVisitFrequencyAndTime: Best successors so far []
08-06 12:07:40.495 12077 12094 D GreedyPrefetchingStrategyOnVisitFrequencyAndTime: Checking node FinalCityInfoActivity with 2 successors
08-06 12:07:40.495 12077 12094 D GreedyPrefetchingStrategyOnVisitFrequencyAndTime: Check successor CityHistoryActivity
08-06 12:07:40.495 12077 12094 D GreedyPrefetchingStrategyOnVisitFrequencyAndTime: Data:
08-06 12:07:40.495 12077 12094 D GreedyPrefetchingStrategyOnVisitFrequencyAndTime: 	- Successor time = 68506.0
08-06 12:07:40.495 12077 12094 D GreedyPrefetchingStrategyOnVisitFrequencyAndTime: 	- Successor frequency = 15
08-06 12:07:40.495 12077 12094 D GreedyPrefetchingStrategyOnVisitFrequencyAndTime: 	- Aggregated time = 94623.0
08-06 12:07:40.495 12077 12094 D GreedyPrefetchingStrategyOnVisitFrequencyAndTime: 	- Aggregated frequency = 25
08-06 12:07:40.495 12077 12094 D GreedyPrefetchingStrategyOnVisitFrequencyAndTime: Calculated scores:
08-06 12:07:40.495 12077 12094 D GreedyPrefetchingStrategyOnVisitFrequencyAndTime: 	- Parent score = 1.0
08-06 12:07:40.495 12077 12094 D GreedyPrefetchingStrategyOnVisitFrequencyAndTime: 	- Successor time score = 0.36199445
08-06 12:07:40.495 12077 12094 D GreedyPrefetchingStrategyOnVisitFrequencyAndTime: 	- Successor frequency score = 0.3
08-06 12:07:40.495 12077 12094 D GreedyPrefetchingStrategyOnVisitFrequencyAndTime: 	- Successor final score = 0.66199446
08-06 12:07:40.495 12077 12094 D GreedyPrefetchingStrategyOnVisitFrequencyAndTime: Switch best successor
08-06 12:07:40.495 12077 12094 D GreedyPrefetchingStrategyOnVisitFrequencyAndTime: Check successor FunFactsActivity
08-06 12:07:40.495 12077 12094 D GreedyPrefetchingStrategyOnVisitFrequencyAndTime: Data:
08-06 12:07:40.495 12077 12094 D GreedyPrefetchingStrategyOnVisitFrequencyAndTime: 	- Successor time = 26117.0
08-06 12:07:40.495 12077 12094 D GreedyPrefetchingStrategyOnVisitFrequencyAndTime: 	- Successor frequency = 10
08-06 12:07:40.496 12077 12094 D GreedyPrefetchingStrategyOnVisitFrequencyAndTime: 	- Aggregated time = 94623.0
08-06 12:07:40.496 12077 12094 D GreedyPrefetchingStrategyOnVisitFrequencyAndTime: 	- Aggregated frequency = 25
08-06 12:07:40.496 12077 12094 D GreedyPrefetchingStrategyOnVisitFrequencyAndTime: Calculated scores:
08-06 12:07:40.496 12077 12094 D GreedyPrefetchingStrategyOnVisitFrequencyAndTime: 	- Parent score = 1.0
08-06 12:07:40.496 12077 12094 D GreedyPrefetchingStrategyOnVisitFrequencyAndTime: 	- Successor time score = 0.13800555
08-06 12:07:40.496 12077 12094 D GreedyPrefetchingStrategyOnVisitFrequencyAndTime: 	- Successor frequency score = 0.2
08-06 12:07:40.496 12077 12094 D GreedyPrefetchingStrategyOnVisitFrequencyAndTime: 	- Successor final score = 0.33800554
08-06 12:07:40.496 12077 12094 D GreedyPrefetchingStrategyOnVisitFrequencyAndTime: FinalCityInfoActivity best successor is CityHistoryActivity with score 0.66199446 containing the URLS []
08-06 12:07:40.496 12077 12094 D GreedyPrefetchingStrategyOnVisitFrequencyAndTime: ------------- Recursion #2 -----------
08-06 12:07:40.496 12077 12094 D GreedyPrefetchingStrategyOnVisitFrequencyAndTime: Best successors so far [CityHistoryActivity]
08-06 12:07:40.496 12077 12094 D GreedyPrefetchingStrategyOnVisitFrequencyAndTime: Checking node CityHistoryActivity with 0 successors
08-06 12:07:40.496 12077 12094 D GreedyPrefetchingStrategyOnVisitFrequencyAndTime: this node has no successors
08-06 12:07:40.496 12077 12094 D GreedyPrefetchingStrategyOnVisitFrequencyAndTime: Next visited child will be [nappagreedy.io.github.project_travel_mate.destinations.description.CityHistoryActivity]
08-06 12:07:40.496 12077 12094 D GreedyPrefetchingStrategyOnVisitFrequencyAndTime: ==================================
08-06 12:07:40.496 12077 12094 D Nappa   : PREFETCH_ON_EXTRA - notifyExtras- end
08-06 12:07:40.496 12077 12094 D Nappa   : PREFSTRAT2 ADDING NEW ACTEXTRADATA
08-06 12:07:40.499   918   929 I ActivityManager: START u0 {cmp=nappagreedy.io.github.project_travel_mate/.destinations.description.PlacesOnMapActivity (has extras)} from uid 10699 on display 0
08-06 12:07:40.500 12077 12094 D Nappa   : PREFSTRAT2 ADDING NEW ACTEXTRADATA
08-06 12:07:40.508   512  2967 D audio_hw_primary: select_devices: out_snd_device(2: speaker) in_snd_device(0: none)
08-06 12:07:40.508   512  2967 D msm8974_platform: platform_send_audio_calibration: sending audio calibration for snd_device(2) acdb_id(15)
08-06 12:07:40.509   512  2967 I soundtrigger: audio_extn_sound_trigger_update_device_status: device 0x2 of type 0 for Event 1
08-06 12:07:40.516 12077 12142 I art     : Explicit concurrent mark sweep GC freed 1640(150KB) AllocSpace objects, 0(0B) LOS objects, 28% free, 40MB/56MB, paused 898us total 42.457ms
08-06 12:07:40.518 12077 12077 D NappaLifecycleObserver: nappagreedy.io.github.project_travel_mate.destinations.description.FinalCityInfoActivity - onPause
08-06 12:07:40.518 12077 12077 D Nappa   : Stayed on nappagreedy.io.github.project_travel_mate.destinations.description.FinalCityInfoActivity for 286 ms
08-06 12:07:40.524   512  2967 D audio_hw_primary: enable_snd_device: snd_device(2: speaker)
08-06 12:07:40.527   512  2967 D audio_hw_primary: enable_audio_route: apply and update mixer path: low-latency-playback speaker
08-06 12:07:40.529 12077 12077 D ActivityNode: Observer - intent extra - SplashActivity
08-06 12:07:40.529 12077 12077 D ActivityNode: Extras:
08-06 12:07:40.529 12077 12077 D ActivityNode: Observer - intent extra - FinalCityInfoActivity
08-06 12:07:40.529 12077 12077 D ActivityNode: Extras:
08-06 12:07:40.529 12077 12077 D ActivityNode: 	activity ID 3( key cityobject_)
08-06 12:07:40.529 12077 12077 D ActivityNode: 	activity ID 3( key cityobject_)
08-06 12:07:40.529 12077 12077 D ActivityNode: 	activity ID 3( key cityobject_)
08-06 12:07:40.529 12077 12077 D ActivityNode: 	activity ID 3( key cityobject_)
08-06 12:07:40.529 12077 12077 D ActivityNode: 	activity ID 3( key cityobject_)
08-06 12:07:40.529 12077 12077 D ActivityNode: 	activity ID 3( key cityobject_)
08-06 12:07:40.529 12077 12077 D ActivityNode: 	activity ID 3( key cityobject_)
08-06 12:07:40.529 12077 12077 D ActivityNode: 	activity ID 3( key cityobject_)
08-06 12:07:40.529 12077 12077 D ActivityNode: 	activity ID 3( key cityobject_)
08-06 12:07:40.529 12077 12077 D ActivityNode: 	activity ID 3( key cityobject_)
08-06 12:07:40.529 12077 12077 D ActivityNode: 	activity ID 3( key cityobject_)
08-06 12:07:40.529 12077 12077 D ActivityNode: 	activity ID 3( key cityobject_)
08-06 12:07:40.529 12077 12077 D ActivityNode: 	activity ID 3( key cityobject_)
08-06 12:07:40.529 12077 12077 D ActivityNode: 	activity ID 3( key type_)
08-06 12:07:40.529 12077 12077 D ActivityNode: Observer - intent extra - MainActivity
08-06 12:07:40.529 12077 12077 D ActivityNode: Extras:
08-06 12:07:40.529 12077 12077 D ActivityNode: 	activity ID 2( key cityobject_)
08-06 12:07:40.529 12077 12077 D ActivityNode: 	activity ID 2( key cityobject_)
08-06 12:07:40.529 12077 12077 D ActivityNode: 	activity ID 2( key cityobject_)
08-06 12:07:40.529 12077 12077 D ActivityNode: 	activity ID 2( key cityobject_)
08-06 12:07:40.529 12077 12077 D ActivityNode: 	activity ID 2( key cityobject_)
08-06 12:07:40.529 12077 12077 D ActivityNode: 	activity ID 2( key cityobject_)
08-06 12:07:40.529 12077 12077 D ActivityNode: 	activity ID 2( key cityobject_)
08-06 12:07:40.529 12077 12077 D ActivityNode: 	activity ID 2( key cityobject_)
08-06 12:07:40.529 12077 12077 D ActivityNode: 	activity ID 2( key cityobject_)
08-06 12:07:40.529 12077 12077 D ActivityNode: 	activity ID 2( key cityobject_)
08-06 12:07:40.529 12077 12077 D ActivityNode: 	activity ID 2( key cityobject_)
08-06 12:07:40.529 12077 12077 D ActivityNode: 	activity ID 2( key cityobject_)
08-06 12:07:40.529 12077 12077 D ActivityNode: Observer - intent extra - CityHistoryActivity
08-06 12:07:40.529 12077 12077 D ActivityNode: Extras:
08-06 12:07:40.529 12077 12077 D ActivityNode: Observer - intent extra - FunFactsActivity
08-06 12:07:40.529 12077 12077 D ActivityNode: Extras:
08-06 12:07:40.529 12077 12077 D ActivityNode: Observer - intent extra - ChecklistActivity
08-06 12:07:40.529 12077 12077 D ActivityNode: Extras:
08-06 12:07:40.529 12077 12077 D ActivityNode: Observer - intent extra - CompassActivity
08-06 12:07:40.529 12077 12077 D ActivityNode: Extras:
08-06 12:07:40.530 12077 12077 D ActivityNode: Observer - intent extra - UpcomingWeekendsActivity
08-06 12:07:40.530 12077 12077 D ActivityNode: Extras:
08-06 12:07:40.530 12077 12077 D ActivityNode: Observer - intent extra - NotificationsActivity
08-06 12:07:40.530 12077 12077 D ActivityNode: Extras:
08-06 12:07:40.531 12077 12094 D Nappa   : PREFETCH_ON_EXTRA - setCurrentActivity - logs - from extra - made prediction istrue
08-06 12:07:40.531 12077 12094 D Nappa   : PREFETCH_ON_EXTRA - setCurrentActivity - logs - from extra - start
08-06 12:07:40.531 12077 12094 D Nappa   : setCurrentActivity - MetricStrategyAccuracy - checking prediction VS current activity for extras
08-06 12:07:40.531 12077 12094 D GreedyPrefetchingStrategyOnVisitFrequencyAndTime: MetricStrategyAccuracy inc misses count2 | from extra
08-06 12:07:40.531 12077 12094 I NAPPA_EXPERIMENTATION: MetricStrategyAccuracy: LOG_ID='13',EXECUTION_COUNT='13',CASES_COUNT='13',HIT_PERCENTAGE_TOTAL='15.384615384615385',HIT_PERCENTAGE_WHEN_PREDICTED='40.0',HIT_COUNT='2',MISS_COUNT='3',INSUFFICIENT_SCORE_COUNT='3',EXCEPTION_COUNT='0',NO_SUCCESSOR_COUNT='5',
08-06 12:07:40.531 12077 12094 D Nappa   : PREFETCH_ON_EXTRA - setCurrentActivity - logs - from extra- finished
08-06 12:07:40.533 12077 12142 I art     : Starting a blocking GC Explicit
08-06 12:07:40.549 12077 12077 I OsmDroid: Using tile source: Mapnik
08-06 12:07:40.551 12077 12077 I OsmDroid: Tile cache increased from 0 to 9
08-06 12:07:40.566 12077 12077 D StorageUtils: /proc/mounts
08-06 12:07:40.566 12077 12077 D StorageUtils: rootfs / rootfs ro,seclabel 0 0
08-06 12:07:40.566 12077 12077 D StorageUtils: tmpfs /dev tmpfs rw,seclabel,nosuid,relatime,size=1375548k,nr_inodes=343887,mode=755 0 0
08-06 12:07:40.567 12077 12077 D StorageUtils: devpts /dev/pts devpts rw,seclabel,relatime,mode=600 0 0
08-06 12:07:40.567 12077 12077 D StorageUtils: none /dev/cpuctl cgroup rw,relatime,cpu 0 0
08-06 12:07:40.567 12077 12077 D StorageUtils: none /dev/cpuset cgroup rw,relatime,cpuset,noprefix,release_agent=/sbin/cpuset_release_agent 0 0
08-06 12:07:40.567 12077 12077 D StorageUtils: adb /dev/usb-ffs/adb functionfs rw,relatime 0 0
08-06 12:07:40.567 12077 12077 D StorageUtils: proc /proc proc rw,relatime 0 0
08-06 12:07:40.567 12077 12077 D StorageUtils: sysfs /sys sysfs rw,seclabel,relatime 0 0
08-06 12:07:40.567 12077 12077 D StorageUtils: selinuxfs /sys/fs/selinux selinuxfs rw,relatime 0 0
08-06 12:07:40.567 12077 12077 D StorageUtils: debugfs /sys/kernel/debug debugfs rw,seclabel,relatime 0 0
08-06 12:07:40.568 12077 12077 D StorageUtils: none /sys/fs/cgroup tmpfs rw,seclabel,relatime,size=1375548k,nr_inodes=343887,mode=750,gid=1000 0 0
08-06 12:07:40.568 12077 12077 D StorageUtils: pstore /sys/fs/pstore pstore rw,seclabel,relatime 0 0
08-06 12:07:40.568 12077 12077 D StorageUtils: none /acct cgroup rw,relatime,cpuacct 0 0
08-06 12:07:40.568 12077 12077 D StorageUtils: tmpfs /mnt tmpfs rw,seclabel,relatime,size=1375548k,nr_inodes=343887,mode=755,gid=1000 0 0
08-06 12:07:40.568 12077 12077 D StorageUtils: /dev/fuse /mnt/runtime/default/emulated fuse rw,nosuid,nodev,noexec,noatime,user_id=1023,group_id=1023,default_permissions,allow_other 0 0
08-06 12:07:40.568 12077 12077 D StorageUtils: /dev/fuse /mnt/runtime/read/emulated fuse rw,nosuid,nodev,noexec,noatime,user_id=1023,group_id=1023,default_permissions,allow_other 0 0
08-06 12:07:40.569 12077 12077 D StorageUtils: /dev/fuse /mnt/runtime/write/emulated fuse rw,nosuid,nodev,noexec,noatime,user_id=1023,group_id=1023,default_permissions,allow_other 0 0
08-06 12:07:40.569 12077 12077 D StorageUtils: /dev/block/dm-0 /system ext4 ro,seclabel,relatime,data=ordered 0 0
08-06 12:07:40.569 12077 12077 D StorageUtils: /dev/block/dm-1 /vendor ext4 ro,seclabel,relatime,data=ordered 0 0
08-06 12:07:40.569 12077 12077 D StorageUtils: /dev/block/platform/soc.0/f9824900.sdhci/by-name/cache /cache ext4 rw,seclabel,nosuid,nodev,noatime,noauto_da_alloc,errors=panic,data=ordered 0 0
08-06 12:07:40.569 12077 12077 D StorageUtils: /dev/block/platform/soc.0/f9824900.sdhci/by-name/persist /persist ext4 rw,seclabel,nosuid,nodev,relatime,nodelalloc,errors=panic,data=ordered 0 0
08-06 12:07:40.569 12077 12077 D StorageUtils: /dev/block/platform/soc.0/f9824900.sdhci/by-name/modem /firmware vfat ro,context=u:object_r:firmware_file:s0,relatime,uid=1000,gid=1000,fmask=0337,dmask=0227,codepage=437,iocharset=iso8859-1,shortname=lower,errors=remount-ro 0 0
08-06 12:07:40.569 12077 12077 D StorageUtils: /dev/block/dm-2 /data ext4 rw,seclabel,nosuid,nodev,noatime,discard,noauto_da_alloc,errors=panic,data=ordered 0 0
08-06 12:07:40.569 12077 12077 D StorageUtils: tmpfs /storage tmpfs rw,seclabel,relatime,size=1375548k,nr_inodes=343887,mode=755,gid=1000 0 0
08-06 12:07:40.569 12077 12077 D StorageUtils: /dev/fuse /storage/emulated fuse rw,nosuid,nodev,noexec,noatime,user_id=1023,group_id=1023,default_permissions,allow_other 0 0
08-06 12:07:40.569 12077 12077 D StorageUtils: tmpfs /storage/self tmpfs rw,seclabel,relatime,size=1375548k,nr_inodes=343887,mode=755,gid=1000 0 0
08-06 12:07:40.569 12077 12142 I art     : Explicit concurrent mark sweep GC freed 1139(98KB) AllocSpace objects, 0(0B) LOS objects, 28% free, 40MB/56MB, paused 1.043ms total 36.068ms
08-06 12:07:40.572 12077 12077 I StorageUtils: /sdcard is writable
08-06 12:07:40.577 12077 12077 I StorageUtils: /storage/emulated/0 is writable
08-06 12:07:40.581   380   380 W SurfaceFlinger: couldn't log to binary event log: overflow.
08-06 12:07:40.582 12077 12142 I art     : Starting a blocking GC Explicit
08-06 12:07:40.592 12077 12077 I StorageUtils: /mnt/sdcard is writable
08-06 12:07:40.596 12077 12077 I StorageUtils: /storage/emulated/0 is writable
08-06 12:07:40.597 12077 12077 I StorageUtils: /sdcard is writable
08-06 12:07:40.599 12077 12077 I StorageUtils: /mnt/sdcard is writable
08-06 12:07:40.613 12077 12142 I art     : Explicit concurrent mark sweep GC freed 1349(147KB) AllocSpace objects, 1(20KB) LOS objects, 28% free, 40MB/56MB, paused 716us total 30.230ms
08-06 12:07:40.735 12077 12077 D AndroidRuntime: Shutting down VM
--------- beginning of crash
08-06 12:07:40.745 12077 12077 E AndroidRuntime: FATAL EXCEPTION: main
08-06 12:07:40.745 12077 12077 E AndroidRuntime: Process: nappagreedy.io.github.project_travel_mate, PID: 12077
08-06 12:07:40.745 12077 12077 E AndroidRuntime: java.lang.RuntimeException: Unable to start activity ComponentInfo{nappagreedy.io.github.project_travel_mate/nappagreedy.io.github.project_travel_mate.destinations.description.PlacesOnMapActivity}: android.view.InflateException: Binary XML file line #78: Could not inflate Behavior subclass android.support.design.widget.BottomSheetBehavior
08-06 12:07:40.745 12077 12077 E AndroidRuntime: 	at android.app.ActivityThread.performLaunchActivity(ActivityThread.java:2416)
08-06 12:07:40.745 12077 12077 E AndroidRuntime: 	at android.app.ActivityThread.handleLaunchActivity(ActivityThread.java:2476)
08-06 12:07:40.745 12077 12077 E AndroidRuntime: 	at android.app.ActivityThread.-wrap11(ActivityThread.java)
08-06 12:07:40.745 12077 12077 E AndroidRuntime: 	at android.app.ActivityThread$H.handleMessage(ActivityThread.java:1344)
08-06 12:07:40.745 12077 12077 E AndroidRuntime: 	at android.os.Handler.dispatchMessage(Handler.java:102)
08-06 12:07:40.745 12077 12077 E AndroidRuntime: 	at android.os.Looper.loop(Looper.java:148)
08-06 12:07:40.745 12077 12077 E AndroidRuntime: 	at android.app.ActivityThread.main(ActivityThread.java:5417)
08-06 12:07:40.745 12077 12077 E AndroidRuntime: 	at java.lang.reflect.Method.invoke(Native Method)
08-06 12:07:40.745 12077 12077 E AndroidRuntime: 	at com.android.internal.os.ZygoteInit$MethodAndArgsCaller.run(ZygoteInit.java:726)
08-06 12:07:40.745 12077 12077 E AndroidRuntime: 	at com.android.internal.os.ZygoteInit.main(ZygoteInit.java:616)
08-06 12:07:40.745 12077 12077 E AndroidRuntime: Caused by: android.view.InflateException: Binary XML file line #78: Could not inflate Behavior subclass android.support.design.widget.BottomSheetBehavior
08-06 12:07:40.745 12077 12077 E AndroidRuntime: 	at android.view.LayoutInflater.inflate(LayoutInflater.java:539)
08-06 12:07:40.745 12077 12077 E AndroidRuntime: 	at android.view.LayoutInflater.inflate(LayoutInflater.java:423)
08-06 12:07:40.745 12077 12077 E AndroidRuntime: 	at android.view.LayoutInflater.inflate(LayoutInflater.java:374)
08-06 12:07:40.745 12077 12077 E AndroidRuntime: 	at androidx.appcompat.app.AppCompatDelegateImpl.setContentView(AppCompatDelegateImpl.java:469)
08-06 12:07:40.745 12077 12077 E AndroidRuntime: 	at androidx.appcompat.app.AppCompatActivity.setContentView(AppCompatActivity.java:140)
08-06 12:07:40.745 12077 12077 E AndroidRuntime: 	at nappagreedy.io.github.project_travel_mate.destinations.description.PlacesOnMapActivity.onCreate(PlacesOnMapActivity.java:98)
08-06 12:07:40.745 12077 12077 E AndroidRuntime: 	at android.app.Activity.performCreate(Activity.java:6237)
08-06 12:07:40.745 12077 12077 E AndroidRuntime: 	at android.app.Instrumentation.callActivityOnCreate(Instrumentation.java:1107)
08-06 12:07:40.745 12077 12077 E AndroidRuntime: 	at android.app.ActivityThread.performLaunchActivity(ActivityThread.java:2369)
08-06 12:07:40.745 12077 12077 E AndroidRuntime: 	... 9 more
08-06 12:07:40.745 12077 12077 E AndroidRuntime: Caused by: java.lang.RuntimeException: Could not inflate Behavior subclass android.support.design.widget.BottomSheetBehavior
08-06 12:07:40.745 12077 12077 E AndroidRuntime: 	at androidx.coordinatorlayout.widget.CoordinatorLayout.parseBehavior(CoordinatorLayout.java:622)
08-06 12:07:40.745 12077 12077 E AndroidRuntime: 	at androidx.coordinatorlayout.widget.CoordinatorLayout$LayoutParams.<init>(CoordinatorLayout.java:2805)
08-06 12:07:40.745 12077 12077 E AndroidRuntime: 	at androidx.coordinatorlayout.widget.CoordinatorLayout.generateLayoutParams(CoordinatorLayout.java:1704)
08-06 12:07:40.745 12077 12077 E AndroidRuntime: 	at androidx.coordinatorlayout.widget.CoordinatorLayout.generateLayoutParams(CoordinatorLayout.java:111)
08-06 12:07:40.745 12077 12077 E AndroidRuntime: 	at android.view.LayoutInflater.parseInclude(LayoutInflater.java:966)
08-06 12:07:40.745 12077 12077 E AndroidRuntime: 	at android.view.LayoutInflater.rInflate(LayoutInflater.java:831)
08-06 12:07:40.745 12077 12077 E AndroidRuntime: 	at android.view.LayoutInflater.rInflateChildren(LayoutInflater.java:798)
08-06 12:07:40.745 12077 12077 E AndroidRuntime: 	at android.view.LayoutInflater.inflate(LayoutInflater.java:515)
08-06 12:07:40.745 12077 12077 E AndroidRuntime: 	... 17 more
08-06 12:07:40.745 12077 12077 E AndroidRuntime: Caused by: java.lang.ClassNotFoundException: Didn't find class "android.support.design.widget.BottomSheetBehavior" on path: DexPathList[[zip file "/data/app/nappagreedy.io.github.project_travel_mate-1/base.apk"],nativeLibraryDirectories=[/data/app/nappagreedy.io.github.project_travel_mate-1/lib/arm64, /vendor/lib64, /system/lib64]]
08-06 12:07:40.745 12077 12077 E AndroidRuntime: 	at dalvik.system.BaseDexClassLoader.findClass(BaseDexClassLoader.java:56)
08-06 12:07:40.745 12077 12077 E AndroidRuntime: 	at java.lang.ClassLoader.loadClass(ClassLoader.java:511)
08-06 12:07:40.745 12077 12077 E AndroidRuntime: 	at java.lang.ClassLoader.loadClass(ClassLoader.java:469)
08-06 12:07:40.745 12077 12077 E AndroidRuntime: 	at androidx.coordinatorlayout.widget.CoordinatorLayout.parseBehavior(CoordinatorLayout.java:615)
08-06 12:07:40.745 12077 12077 E AndroidRuntime: 	... 24 more
08-06 12:07:40.745 12077 12077 E AndroidRuntime: 	Suppressed: java.lang.ClassNotFoundException: android.support.design.widget.BottomSheetBehavior
08-06 12:07:40.745 12077 12077 E AndroidRuntime: 		at java.lang.Class.classForName(Native Method)
08-06 12:07:40.745 12077 12077 E AndroidRuntime: 		at java.lang.BootClassLoader.findClass(ClassLoader.java:781)
08-06 12:07:40.745 12077 12077 E AndroidRuntime: 		at java.lang.BootClassLoader.loadClass(ClassLoader.java:841)
08-06 12:07:40.745 12077 12077 E AndroidRuntime: 		at java.lang.ClassLoader.loadClass(ClassLoader.java:504)
08-06 12:07:40.745 12077 12077 E AndroidRuntime: 		... 26 more
08-06 12:07:40.745 12077 12077 E AndroidRuntime: 	Caused by: java.lang.NoClassDefFoundError: Class not found using the boot class loader; no stack trace available
08-06 12:07:40.748   918  5132 W ActivityManager:   Force finishing activity nappagreedy.io.github.project_travel_mate/.destinations.description.PlacesOnMapActivity
08-06 12:07:40.793   918  6110 I AccountManagerService: getTypesVisibleToCaller: isPermitted? true
08-06 12:07:40.939 12077 12301 I art     : Starting a blocking GC Explicit
08-06 12:07:40.987 12077 12301 I art     : Explicit concurrent mark sweep GC freed 2930(382KB) AllocSpace objects, 2(40KB) LOS objects, 27% free, 42MB/58MB, paused 812us total 47.740ms
08-06 12:07:41.005 12077 12301 I art     : Starting a blocking GC Explicit
08-06 12:07:41.042 12077 12301 I art     : Explicit concurrent mark sweep GC freed 156(7KB) AllocSpace objects, 0(0B) LOS objects, 27% free, 42MB/58MB, paused 634us total 35.855ms
08-06 12:07:41.055 12077 12301 I art     : Starting a blocking GC Explicit
08-06 12:07:41.069   512  2967 D audio_hw_primary: disable_audio_route: reset and update mixer path: low-latency-playback speaker
08-06 12:07:41.070   512  2967 D audio_hw_primary: disable_snd_device: snd_device(2: speaker)
08-06 12:07:41.078   512  2967 I soundtrigger: audio_extn_sound_trigger_update_device_status: device 0x2 of type 0 for Event 0
08-06 12:07:41.088 12077 12301 I art     : Explicit concurrent mark sweep GC freed 3(96B) AllocSpace objects, 0(0B) LOS objects, 27% free, 42MB/58MB, paused 723us total 33.224ms
08-06 12:07:41.102 12077 12301 I art     : Starting a blocking GC Explicit
08-06 12:07:41.136 12077 12301 I art     : Explicit concurrent mark sweep GC freed 3(96B) AllocSpace objects, 0(0B) LOS objects, 27% free, 42MB/58MB, paused 664us total 34.296ms
08-06 12:07:41.150 12077 12301 I art     : Starting a blocking GC Explicit
08-06 12:07:41.185 12077 12301 I art     : Explicit concurrent mark sweep GC freed 3(96B) AllocSpace objects, 0(0B) LOS objects, 27% free, 42MB/58MB, paused 678us total 35.455ms
08-06 12:07:41.200   918  3261 D WifiStateMachine: starting scan for "H369AA63323"WPA_PSK with 2412,5180
08-06 12:07:41.256   918   931 W ActivityManager: Activity pause timeout for ActivityRecord{a809d5e u0 nappagreedy.io.github.project_travel_mate/.destinations.description.PlacesOnMapActivity t4386 f}
08-06 12:07:41.275   918  3261 D HS20    : HSNwk: 'NetworkInfo{mSSID='TMNL-DDF9E1', mHESSID=b8d526ddf9e1, mBSSID=b8d526ddf9e1, mStationCount=2, mChannelUtilization=78, mCapacity=31250, mAnt=Private, mInternet=false, mVenueGroup=Unspecified, mVenueType=ConventionCenter, mHSRelease=null, mAnqpDomainID=0, mAnqpOICount=0, mRoamingConsortiums=null}
08-06 12:07:41.509 12077 12301 I art     : Starting a blocking GC Explicit
08-06 12:07:41.550 12077 12301 I art     : Explicit concurrent mark sweep GC freed 1670(100KB) AllocSpace objects, 2(40KB) LOS objects, 27% free, 42MB/58MB, paused 713us total 40.082ms
08-06 12:07:41.563 12077 12301 I art     : Starting a blocking GC Explicit
08-06 12:07:41.596 12077 12301 I art     : Explicit concurrent mark sweep GC freed 32(1184B) AllocSpace objects, 0(0B) LOS objects, 27% free, 42MB/58MB, paused 680us total 32.703ms
08-06 12:07:41.609 12077 12301 I art     : Starting a blocking GC Explicit
08-06 12:07:41.643 12077 12301 I art     : Explicit concurrent mark sweep GC freed 3(96B) AllocSpace objects, 0(0B) LOS objects, 27% free, 42MB/58MB, paused 659us total 34.391ms
08-06 12:07:41.657 12077 12301 I art     : Starting a blocking GC Explicit
08-06 12:07:41.691 12077 12301 I art     : Explicit concurrent mark sweep GC freed 3(96B) AllocSpace objects, 0(0B) LOS objects, 27% free, 42MB/58MB, paused 666us total 34.291ms
08-06 12:07:41.704 12077 12301 I art     : Starting a blocking GC Explicit
08-06 12:07:41.739 12077 12301 I art     : Explicit concurrent mark sweep GC freed 3(96B) AllocSpace objects, 0(0B) LOS objects, 27% free, 42MB/58MB, paused 704us total 34.325ms
08-06 12:07:41.789 13346 13346 D AndroidRuntime: >>>>>> START com.android.internal.os.RuntimeInit uid 2000 <<<<<<
08-06 12:07:41.794 13346 13346 D AndroidRuntime: CheckJNI is OFF
08-06 12:07:41.830 13346 13346 D ICU     : No timezone override file found: /data/misc/zoneinfo/current/icu/icu_tzdata.dat
08-06 12:07:41.865 13346 13346 I Radio-JNI: register_android_hardware_Radio DONE
08-06 12:07:41.889 13346 13346 D AndroidRuntime: Calling main entry com.android.commands.input.Input
08-06 12:07:41.891 13346 13346 I Input   : injectKeyEvent: KeyEvent { action=ACTION_DOWN, keyCode=KEYCODE_BACK, scanCode=0, metaState=0, flags=0x0, repeatCount=0, eventTime=878878304, downTime=878878304, deviceId=-1, source=0x101 }
08-06 12:07:41.895 13346 13346 I Input   : injectKeyEvent: KeyEvent { action=ACTION_UP, keyCode=KEYCODE_BACK, scanCode=0, metaState=0, flags=0x0, repeatCount=0, eventTime=878878304, downTime=878878304, deviceId=-1, source=0x101 }
08-06 12:07:41.896 13346 13346 D AndroidRuntime: Shutting down VM
08-06 12:07:42.053 12077 12089 I art     : Starting a blocking GC Explicit
08-06 12:07:42.102 12077 12089 I art     : Explicit concurrent mark sweep GC freed 1672(101KB) AllocSpace objects, 2(40KB) LOS objects, 27% free, 42MB/58MB, paused 702us total 48.721ms
08-06 12:07:42.103 12077 12087 I art     : WaitForGcToComplete blocked for 33.718ms for cause HeapTrim
08-06 12:07:42.118 12077 12089 I art     : Starting a blocking GC Explicit
08-06 12:07:42.150 12077 12089 I art     : Explicit concurrent mark sweep GC freed 32(1184B) AllocSpace objects, 0(0B) LOS objects, 27% free, 42MB/58MB, paused 624us total 31.959ms
08-06 12:07:42.162 12077 12089 I art     : Starting a blocking GC Explicit
08-06 12:07:42.198 12077 12089 I art     : Explicit concurrent mark sweep GC freed 3(96B) AllocSpace objects, 0(0B) LOS objects, 27% free, 42MB/58MB, paused 658us total 35.754ms
08-06 12:07:42.212 12077 12089 I art     : Starting a blocking GC Explicit
08-06 12:07:42.248 12077 12089 I art     : Explicit concurrent mark sweep GC freed 3(96B) AllocSpace objects, 0(0B) LOS objects, 27% free, 42MB/58MB, paused 681us total 35.893ms
08-06 12:07:42.262 12077 12089 I art     : Starting a blocking GC Explicit
08-06 12:07:42.293   518   646 I ThermalEngine: ACTION: GPU - Setting GPU[0] to 450000000
08-06 12:07:42.301 12077 12089 I art     : Explicit concurrent mark sweep GC freed 3(96B) AllocSpace objects, 0(0B) LOS objects, 27% free, 42MB/58MB, paused 875us total 38.969ms
08-06 12:07:42.714 12077 12142 I art     : Starting a blocking GC Explicit
08-06 12:07:42.759 12077 12142 I art     : Explicit concurrent mark sweep GC freed 1667(96KB) AllocSpace objects, 2(40KB) LOS objects, 27% free, 42MB/58MB, paused 991us total 43.951ms
08-06 12:07:42.778 12077 12142 I art     : Starting a blocking GC Explicit
08-06 12:07:42.821 12077 12142 I art     : Explicit concurrent mark sweep GC freed 32(1184B) AllocSpace objects, 0(0B) LOS objects, 27% free, 42MB/58MB, paused 873us total 42.608ms
08-06 12:07:42.838 12077 12142 I art     : Starting a blocking GC Explicit
08-06 12:07:42.882 12077 12142 I art     : Explicit concurrent mark sweep GC freed 3(96B) AllocSpace objects, 0(0B) LOS objects, 27% free, 42MB/58MB, paused 939us total 42.914ms
08-06 12:07:42.900 12077 12142 I art     : Starting a blocking GC Explicit
08-06 12:07:42.938 12077 12142 I art     : Explicit concurrent mark sweep GC freed 3(96B) AllocSpace objects, 0(0B) LOS objects, 27% free, 42MB/58MB, paused 1.005ms total 37.984ms
08-06 12:07:42.955 12077 12142 I art     : Starting a blocking GC Explicit
08-06 12:07:42.998 12077 12142 I art     : Explicit concurrent mark sweep GC freed 3(96B) AllocSpace objects, 0(0B) LOS objects, 27% free, 42MB/58MB, paused 939us total 42.328ms
08-06 12:07:43.361 12077 12088 I art     : Starting a blocking GC Explicit
08-06 12:07:43.411 12077 12088 I art     : Explicit concurrent mark sweep GC freed 1669(97KB) AllocSpace objects, 2(40KB) LOS objects, 27% free, 42MB/58MB, paused 887us total 49.630ms
08-06 12:07:43.428 12077 12088 I art     : Starting a blocking GC Explicit
08-06 12:07:43.471 12077 12088 I art     : Explicit concurrent mark sweep GC freed 32(1184B) AllocSpace objects, 0(0B) LOS objects, 27% free, 42MB/58MB, paused 877us total 41.995ms
08-06 12:07:43.488 12077 12088 I art     : Starting a blocking GC Explicit
08-06 12:07:43.530 12077 12088 I art     : Explicit concurrent mark sweep GC freed 3(96B) AllocSpace objects, 0(0B) LOS objects, 27% free, 42MB/58MB, paused 872us total 41.799ms
08-06 12:07:43.547 12077 12088 I art     : Starting a blocking GC Explicit
08-06 12:07:43.590 12077 12088 I art     : Explicit concurrent mark sweep GC freed 3(96B) AllocSpace objects, 0(0B) LOS objects, 27% free, 42MB/58MB, paused 872us total 42.181ms
08-06 12:07:43.607 12077 12088 I art     : Starting a blocking GC Explicit
08-06 12:07:43.653 12077 12088 I art     : Explicit concurrent mark sweep GC freed 3(96B) AllocSpace objects, 0(0B) LOS objects, 27% free, 42MB/58MB, paused 901us total 45.639ms
08-06 12:07:43.710 13386 13386 D AndroidRuntime: >>>>>> START com.android.internal.os.RuntimeInit uid 2000 <<<<<<
08-06 12:07:43.717 13386 13386 D AndroidRuntime: CheckJNI is OFF
08-06 12:07:43.762 13386 13386 D ICU     : No timezone override file found: /data/misc/zoneinfo/current/icu/icu_tzdata.dat
08-06 12:07:43.811 13386 13386 I Radio-JNI: register_android_hardware_Radio DONE
08-06 12:07:43.840 13386 13386 D AndroidRuntime: Calling main entry com.android.commands.input.Input
08-06 12:07:43.843 13386 13386 I Input   : injectMotionEvent: MotionEvent { action=ACTION_DOWN, actionButton=0, id[0]=0, x[0]=117.0, y[0]=170.0, toolType[0]=TOOL_TYPE_UNKNOWN, buttonState=0, metaState=0, flags=0x0, edgeFlags=0x0, pointerCount=1, historySize=0, eventTime=878880255, downTime=878880255, deviceId=0, source=0x1002 }
08-06 12:07:43.848 13386 13386 I Input   : injectMotionEvent: MotionEvent { action=ACTION_UP, actionButton=0, id[0]=0, x[0]=117.0, y[0]=170.0, toolType[0]=TOOL_TYPE_UNKNOWN, buttonState=0, metaState=0, flags=0x0, edgeFlags=0x0, pointerCount=1, historySize=0, eventTime=878880255, downTime=878880255, deviceId=0, source=0x1002 }
08-06 12:07:43.850 13386 13386 D AndroidRuntime: Shutting down VM
08-06 12:07:44.042 12077 12301 I art     : Starting a blocking GC Explicit
08-06 12:07:44.091 12077 12301 I art     : Explicit concurrent mark sweep GC freed 1668(97KB) AllocSpace objects, 2(40KB) LOS objects, 27% free, 42MB/58MB, paused 900us total 48.825ms
08-06 12:07:44.109 12077 12301 I art     : Starting a blocking GC Explicit
08-06 12:07:44.150 12077 12301 I art     : Explicit concurrent mark sweep GC freed 32(1184B) AllocSpace objects, 0(0B) LOS objects, 27% free, 42MB/58MB, paused 872us total 40.801ms
08-06 12:07:44.167 12077 12301 I art     : Starting a blocking GC Explicit
08-06 12:07:44.208 12077 12301 I art     : Explicit concurrent mark sweep GC freed 3(96B) AllocSpace objects, 0(0B) LOS objects, 27% free, 42MB/58MB, paused 926us total 41.602ms
08-06 12:07:44.226 12077 12301 I art     : Starting a blocking GC Explicit
08-06 12:07:44.268 12077 12301 I art     : Explicit concurrent mark sweep GC freed 3(96B) AllocSpace objects, 0(0B) LOS objects, 27% free, 42MB/58MB, paused 937us total 41.959ms
08-06 12:07:44.285 12077 12301 I art     : Starting a blocking GC Explicit
08-06 12:07:44.327 12077 12301 I art     : Explicit concurrent mark sweep GC freed 3(96B) AllocSpace objects, 0(0B) LOS objects, 27% free, 42MB/58MB, paused 862us total 41.252ms
08-06 12:07:44.613 13421 13421 D AndroidRuntime: >>>>>> START com.android.internal.os.RuntimeInit uid 2000 <<<<<<
08-06 12:07:44.621 13421 13421 D AndroidRuntime: CheckJNI is OFF
08-06 12:07:44.667 13421 13421 D ICU     : No timezone override file found: /data/misc/zoneinfo/current/icu/icu_tzdata.dat
08-06 12:07:44.697 12077 12089 I art     : Starting a blocking GC Explicit
08-06 12:07:44.709 13421 13421 I Radio-JNI: register_android_hardware_Radio DONE
08-06 12:07:44.739 13421 13421 D AndroidRuntime: Calling main entry com.android.commands.input.Input
08-06 12:07:44.741 12077 12089 I art     : Explicit concurrent mark sweep GC freed 1668(97KB) AllocSpace objects, 2(40KB) LOS objects, 27% free, 42MB/58MB, paused 923us total 43.346ms
08-06 12:07:44.742 13421 13421 I Input   : injectMotionEvent: MotionEvent { action=ACTION_DOWN, actionButton=0, id[0]=0, x[0]=355.0, y[0]=1674.0, toolType[0]=TOOL_TYPE_UNKNOWN, buttonState=0, metaState=0, flags=0x0, edgeFlags=0x0, pointerCount=1, historySize=0, eventTime=878881154, downTime=878881154, deviceId=0, source=0x1002 }
08-06 12:07:44.746 13421 13421 I Input   : injectMotionEvent: MotionEvent { action=ACTION_UP, actionButton=0, id[0]=0, x[0]=355.0, y[0]=1674.0, toolType[0]=TOOL_TYPE_UNKNOWN, buttonState=0, metaState=0, flags=0x0, edgeFlags=0x0, pointerCount=1, historySize=0, eventTime=878881154, downTime=878881154, deviceId=0, source=0x1002 }
08-06 12:07:44.748 13421 13421 D AndroidRuntime: Shutting down VM
08-06 12:07:44.758 12077 12089 I art     : Starting a blocking GC Explicit
08-06 12:07:44.797 12077 12089 I art     : Explicit concurrent mark sweep GC freed 32(1184B) AllocSpace objects, 0(0B) LOS objects, 27% free, 42MB/58MB, paused 961us total 38.623ms
08-06 12:07:44.815 12077 12089 I art     : Starting a blocking GC Explicit
08-06 12:07:44.858 12077 12089 I art     : Explicit concurrent mark sweep GC freed 3(96B) AllocSpace objects, 0(0B) LOS objects, 27% free, 42MB/58MB, paused 873us total 43.205ms
08-06 12:07:44.876 12077 12089 I art     : Starting a blocking GC Explicit
08-06 12:07:44.918 12077 12089 I art     : Explicit concurrent mark sweep GC freed 3(96B) AllocSpace objects, 0(0B) LOS objects, 27% free, 42MB/58MB, paused 862us total 42.545ms
08-06 12:07:44.936 12077 12089 I art     : Starting a blocking GC Explicit
08-06 12:07:44.979 12077 12089 I art     : Explicit concurrent mark sweep GC freed 3(96B) AllocSpace objects, 0(0B) LOS objects, 27% free, 42MB/58MB, paused 880us total 43.422ms
08-06 12:07:45.358 12077 12142 I art     : Starting a blocking GC Explicit
08-06 12:07:45.417 12077 12142 I art     : Explicit concurrent mark sweep GC freed 1668(97KB) AllocSpace objects, 2(40KB) LOS objects, 27% free, 42MB/58MB, paused 966us total 58.175ms
08-06 12:07:45.439 12077 12142 I art     : Starting a blocking GC Explicit
08-06 12:07:45.482 12077 12142 I art     : Explicit concurrent mark sweep GC freed 32(1184B) AllocSpace objects, 0(0B) LOS objects, 27% free, 42MB/58MB, paused 867us total 42.512ms
08-06 12:07:45.500 12077 12142 I art     : Starting a blocking GC Explicit
08-06 12:07:45.544 12077 12142 I art     : Explicit concurrent mark sweep GC freed 3(96B) AllocSpace objects, 0(0B) LOS objects, 27% free, 42MB/58MB, paused 879us total 43.628ms
08-06 12:07:45.561 12077 12142 I art     : Starting a blocking GC Explicit
08-06 12:07:45.605 12077 12142 I art     : Explicit concurrent mark sweep GC freed 3(96B) AllocSpace objects, 0(0B) LOS objects, 27% free, 42MB/58MB, paused 879us total 43.751ms
08-06 12:07:45.625 12077 12142 I art     : Starting a blocking GC Explicit
08-06 12:07:45.672 12077 12142 I art     : Explicit concurrent mark sweep GC freed 3(96B) AllocSpace objects, 0(0B) LOS objects, 27% free, 42MB/58MB, paused 881us total 47.217ms
08-06 12:07:46.060 12077 12088 I art     : Starting a blocking GC Explicit
08-06 12:07:46.115 12077 12088 I art     : Explicit concurrent mark sweep GC freed 1668(97KB) AllocSpace objects, 2(40KB) LOS objects, 27% free, 42MB/58MB, paused 884us total 54.016ms
08-06 12:07:46.134 12077 12088 I art     : Starting a blocking GC Explicit
08-06 12:07:46.179 12077 12088 I art     : Explicit concurrent mark sweep GC freed 32(1184B) AllocSpace objects, 0(0B) LOS objects, 27% free, 42MB/58MB, paused 878us total 44.009ms
08-06 12:07:46.196 12077 12088 I art     : Starting a blocking GC Explicit
08-06 12:07:46.239 12077 12088 I art     : Explicit concurrent mark sweep GC freed 3(96B) AllocSpace objects, 0(0B) LOS objects, 27% free, 42MB/58MB, paused 871us total 42.687ms
08-06 12:07:46.257 12077 12088 I art     : Starting a blocking GC Explicit
08-06 12:07:46.299   518   646 I ThermalEngine: ACTION: GPU - Setting GPU[0] to 510000000
08-06 12:07:46.300 12077 12088 I art     : Explicit concurrent mark sweep GC freed 3(96B) AllocSpace objects, 0(0B) LOS objects, 27% free, 42MB/58MB, paused 875us total 43.599ms
08-06 12:07:46.318 12077 12088 I art     : Starting a blocking GC Explicit
08-06 12:07:46.358 12077 12088 I art     : Explicit concurrent mark sweep GC freed 3(96B) AllocSpace objects, 0(0B) LOS objects, 27% free, 42MB/58MB, paused 964us total 39.230ms
08-06 12:07:46.735 12077 12301 I art     : Starting a blocking GC Explicit
08-06 12:07:46.784 12077 12301 I art     : Explicit concurrent mark sweep GC freed 1668(97KB) AllocSpace objects, 2(40KB) LOS objects, 27% free, 42MB/58MB, paused 648us total 47.719ms
08-06 12:07:46.801 12077 12301 I art     : Starting a blocking GC Explicit
08-06 12:07:46.838 12077 12301 I art     : Explicit concurrent mark sweep GC freed 32(1184B) AllocSpace objects, 0(0B) LOS objects, 27% free, 42MB/58MB, paused 728us total 36.223ms
08-06 12:07:46.851 12077 12301 I art     : Starting a blocking GC Explicit
08-06 12:07:46.888 12077 12301 I art     : Explicit concurrent mark sweep GC freed 3(96B) AllocSpace objects, 0(0B) LOS objects, 27% free, 42MB/58MB, paused 679us total 35.975ms
08-06 12:07:46.901 12077 12301 I art     : Starting a blocking GC Explicit
08-06 12:07:46.937 12077 12301 I art     : Explicit concurrent mark sweep GC freed 3(96B) AllocSpace objects, 0(0B) LOS objects, 27% free, 42MB/58MB, paused 734us total 35.130ms
08-06 12:07:46.950 12077 12301 I art     : Starting a blocking GC Explicit
08-06 12:07:46.985 12077 12301 I art     : Explicit concurrent mark sweep GC freed 3(96B) AllocSpace objects, 0(0B) LOS objects, 27% free, 42MB/58MB, paused 623us total 34.485ms
08-06 12:07:47.327 12077 12089 I art     : Starting a blocking GC Explicit
08-06 12:07:47.368 12077 12089 I art     : Explicit concurrent mark sweep GC freed 1668(97KB) AllocSpace objects, 2(40KB) LOS objects, 27% free, 42MB/58MB, paused 754us total 40.409ms
08-06 12:07:47.381 12077 12089 I art     : Starting a blocking GC Explicit
08-06 12:07:47.415 12077 12089 I art     : Explicit concurrent mark sweep GC freed 32(1184B) AllocSpace objects, 0(0B) LOS objects, 27% free, 42MB/58MB, paused 684us total 33.346ms
08-06 12:07:47.422 13476 13476 D AndroidRuntime: >>>>>> START com.android.internal.os.RuntimeInit uid 2000 <<<<<<
08-06 12:07:47.427 13476 13476 D AndroidRuntime: CheckJNI is OFF
08-06 12:07:47.428 12077 12089 I art     : Starting a blocking GC Explicit
08-06 12:07:47.461 12077 12089 I art     : Explicit concurrent mark sweep GC freed 3(96B) AllocSpace objects, 0(0B) LOS objects, 27% free, 42MB/58MB, paused 656us total 32.703ms
08-06 12:07:47.461 13476 13476 D ICU     : No timezone override file found: /data/misc/zoneinfo/current/icu/icu_tzdata.dat
08-06 12:07:47.474 12077 12089 I art     : Starting a blocking GC Explicit
08-06 12:07:47.496 13476 13476 I Radio-JNI: register_android_hardware_Radio DONE
08-06 12:07:47.507 12077 12089 I art     : Explicit concurrent mark sweep GC freed 3(96B) AllocSpace objects, 0(0B) LOS objects, 27% free, 42MB/58MB, paused 731us total 33.042ms
08-06 12:07:47.519 13476 13476 D AndroidRuntime: Calling main entry com.android.commands.input.Input
08-06 12:07:47.520 12077 12089 I art     : Starting a blocking GC Explicit
08-06 12:07:47.520 13476 13476 I Input   : injectMotionEvent: MotionEvent { action=ACTION_DOWN, actionButton=0, id[0]=0, x[0]=747.0, y[0]=608.0, toolType[0]=TOOL_TYPE_UNKNOWN, buttonState=0, metaState=0, flags=0x0, edgeFlags=0x0, pointerCount=1, historySize=0, eventTime=878883933, downTime=878883933, deviceId=0, source=0x1002 }
08-06 12:07:47.526 13476 13476 I Input   : injectMotionEvent: MotionEvent { action=ACTION_UP, actionButton=0, id[0]=0, x[0]=747.0, y[0]=608.0, toolType[0]=TOOL_TYPE_UNKNOWN, buttonState=0, metaState=0, flags=0x0, edgeFlags=0x0, pointerCount=1, historySize=0, eventTime=878883933, downTime=878883933, deviceId=0, source=0x1002 }
08-06 12:07:47.528 13476 13476 D AndroidRuntime: Shutting down VM
08-06 12:07:47.552 12077 12089 I art     : Explicit concurrent mark sweep GC freed 3(96B) AllocSpace objects, 0(0B) LOS objects, 27% free, 42MB/58MB, paused 630us total 31.635ms
08-06 12:07:47.886 12077 12142 I art     : Starting a blocking GC Explicit
08-06 12:07:47.938 12077 12142 I art     : Explicit concurrent mark sweep GC freed 1668(97KB) AllocSpace objects, 2(40KB) LOS objects, 27% free, 42MB/58MB, paused 805us total 51.709ms
08-06 12:07:47.956 12077 12142 I art     : Starting a blocking GC Explicit
08-06 12:07:47.990 12077 12142 I art     : Explicit concurrent mark sweep GC freed 32(1184B) AllocSpace objects, 0(0B) LOS objects, 27% free, 42MB/58MB, paused 637us total 33.621ms
08-06 12:07:48.003 12077 12142 I art     : Starting a blocking GC Explicit
08-06 12:07:48.039 12077 12142 I art     : Explicit concurrent mark sweep GC freed 3(96B) AllocSpace objects, 0(0B) LOS objects, 27% free, 42MB/58MB, paused 648us total 35.750ms
08-06 12:07:48.053 12077 12142 I art     : Starting a blocking GC Explicit
08-06 12:07:48.089 12077 12142 I art     : Explicit concurrent mark sweep GC freed 3(96B) AllocSpace objects, 0(0B) LOS objects, 27% free, 42MB/58MB, paused 676us total 35.643ms
08-06 12:07:48.098 11671 11671 I ServiceManager: Waiting for service AtCmdFwd...
08-06 12:07:48.103 12077 12142 I art     : Starting a blocking GC Explicit
08-06 12:07:48.139 12077 12142 I art     : Explicit concurrent mark sweep GC freed 3(96B) AllocSpace objects, 0(0B) LOS objects, 27% free, 42MB/58MB, paused 658us total 36.127ms
08-06 12:07:48.483 12077 12088 I art     : Starting a blocking GC Explicit
08-06 12:07:48.538 12077 12088 I art     : Explicit concurrent mark sweep GC freed 1668(97KB) AllocSpace objects, 2(40KB) LOS objects, 27% free, 42MB/58MB, paused 737us total 54.239ms
08-06 12:07:48.557 12077 12088 I art     : Starting a blocking GC Explicit
08-06 12:07:48.598 12077 12088 I art     : Explicit concurrent mark sweep GC freed 32(1184B) AllocSpace objects, 0(0B) LOS objects, 27% free, 42MB/58MB, paused 671us total 40.465ms
08-06 12:07:48.611 12077 12088 I art     : Starting a blocking GC Explicit
08-06 12:07:48.647 12077 12088 I art     : Explicit concurrent mark sweep GC freed 3(96B) AllocSpace objects, 0(0B) LOS objects, 27% free, 42MB/58MB, paused 736us total 35.362ms
08-06 12:07:48.661 12077 12088 I art     : Starting a blocking GC Explicit
08-06 12:07:48.697 12077 12088 I art     : Explicit concurrent mark sweep GC freed 3(96B) AllocSpace objects, 0(0B) LOS objects, 27% free, 42MB/58MB, paused 711us total 35.840ms
08-06 12:07:48.710 12077 12088 I art     : Starting a blocking GC Explicit
08-06 12:07:48.746 12077 12088 I art     : Explicit concurrent mark sweep GC freed 3(96B) AllocSpace objects, 0(0B) LOS objects, 27% free, 42MB/58MB, paused 682us total 35.695ms
08-06 12:07:49.093 12077 12301 I art     : Starting a blocking GC Explicit
08-06 12:07:49.099 11671 11671 I ServiceManager: Waiting for service AtCmdFwd...
08-06 12:07:49.140 12077 12301 I art     : Explicit concurrent mark sweep GC freed 1668(97KB) AllocSpace objects, 2(40KB) LOS objects, 27% free, 42MB/58MB, paused 708us total 46.325ms
08-06 12:07:49.157 12077 12301 I art     : Starting a blocking GC Explicit
08-06 12:07:49.193 12077 12301 I art     : Explicit concurrent mark sweep GC freed 32(1184B) AllocSpace objects, 0(0B) LOS objects, 27% free, 42MB/58MB, paused 647us total 35.664ms
08-06 12:07:49.206 12077 12301 I art     : Starting a blocking GC Explicit
08-06 12:07:49.242 12077 12301 I art     : Explicit concurrent mark sweep GC freed 3(96B) AllocSpace objects, 0(0B) LOS objects, 27% free, 42MB/58MB, paused 650us total 35.573ms
08-06 12:07:49.256 12077 12301 I art     : Starting a blocking GC Explicit
08-06 12:07:49.292 12077 12301 I art     : Explicit concurrent mark sweep GC freed 3(96B) AllocSpace objects, 0(0B) LOS objects, 27% free, 42MB/58MB, paused 645us total 36.026ms
08-06 12:07:49.306 12077 12301 I art     : Starting a blocking GC Explicit
08-06 12:07:49.342 12077 12301 I art     : Explicit concurrent mark sweep GC freed 3(96B) AllocSpace objects, 0(0B) LOS objects, 27% free, 42MB/58MB, paused 671us total 35.614ms
08-06 12:07:49.707 12077 12089 I art     : Starting a blocking GC Explicit
08-06 12:07:49.752 12077 12089 I art     : Explicit concurrent mark sweep GC freed 1668(97KB) AllocSpace objects, 2(40KB) LOS objects, 27% free, 42MB/58MB, paused 865us total 44.561ms
08-06 12:07:49.769 12077 12089 I art     : Starting a blocking GC Explicit
08-06 12:07:49.807 12077 12089 I art     : Explicit concurrent mark sweep GC freed 32(1184B) AllocSpace objects, 0(0B) LOS objects, 27% free, 42MB/58MB, paused 658us total 37.335ms
