08-05 22:55:49.051 19211 19229 D GreedyPrefetchingStrategyOnVisitFrequencyAndTime: Switch best successor
08-05 22:55:49.051   512  2967 D audio_hw_primary: out_set_parameters: enter: usecase(1: low-latency-playback) kvpairs: routing=2
08-05 22:55:49.051 19211 19229 D GreedyPrefetchingStrategyOnVisitFrequencyAndTime: Check successor CityHistoryActivity
08-05 22:55:49.051 19211 19229 D GreedyPrefetchingStrategyOnVisitFrequencyAndTime: Data:
08-05 22:55:49.051 19211 19229 D GreedyPrefetchingStrategyOnVisitFrequencyAndTime: 	- Successor time = 4551.0
08-05 22:55:49.051 19211 19229 D GreedyPrefetchingStrategyOnVisitFrequencyAndTime: 	- Successor frequency = 1
08-05 22:55:49.051 19211 19229 D GreedyPrefetchingStrategyOnVisitFrequencyAndTime: 	- Aggregated time = 7059.0
08-05 22:55:49.051 19211 19229 D GreedyPrefetchingStrategyOnVisitFrequencyAndTime: 	- Aggregated frequency = 2
08-05 22:55:49.051 19211 19229 D GreedyPrefetchingStrategyOnVisitFrequencyAndTime: Calculated scores:
08-05 22:55:49.051 19211 19229 D GreedyPrefetchingStrategyOnVisitFrequencyAndTime: 	- Parent score = 1.0
08-05 22:55:49.051 19211 19229 D GreedyPrefetchingStrategyOnVisitFrequencyAndTime: 	- Successor time score = 0.32235444
08-05 22:55:49.051 19211 19229 D GreedyPrefetchingStrategyOnVisitFrequencyAndTime: 	- Successor frequency score = 0.25
08-05 22:55:49.051 19211 19229 D GreedyPrefetchingStrategyOnVisitFrequencyAndTime: 	- Successor final score = 0.57235444
08-05 22:55:49.052 19211 19211 D NappaIntentExtras: 	- cityobject_ : objects.City@a01bd09
08-05 22:55:49.052 19211 19211 D NappaIntentExtras: activity nappagreedy.io.github.project_travel_mate.SplashActivity
08-05 22:55:49.052 19211 19211 D NappaIntentExtras: 	- No extras registered
08-05 22:55:49.052 19211 19211 D NappaIntentExtras: activity nappagreedy.io.github.project_travel_mate.destinations.funfacts.FunFactsActivity
08-05 22:55:49.052 19211 19211 D NappaIntentExtras: 	- No extras registered
08-05 22:55:49.052 19211 19211 D NappaIntentExtras: activity nappagreedy.io.github.project_travel_mate.destinations.description.FinalCityInfoActivity
08-05 22:55:49.052 19211 19211 D NappaIntentExtras: 	- 1 extras registered
08-05 22:55:49.052 19211 19211 D NappaIntentExtras: 	- cityobject_ : objects.City@31f864f
08-05 22:55:49.052 19211 19211 D NappaIntentExtras: ==================
08-05 22:55:49.053 19211 19229 D GreedyPrefetchingStrategyOnVisitFrequencyAndTime: Switch best successor
08-05 22:55:49.053 19211 19229 D GreedyPrefetchingStrategyOnVisitFrequencyAndTime: Best successor has score 0.57235444 which is lower than the acceptable threshold of 0.6
08-05 22:55:49.053 19211 19229 D GreedyPrefetchingStrategyOnVisitFrequencyAndTime: MetricStrategyAccuracy inc insufficient score count1 | act = false; extra = true
08-05 22:55:49.054 19211 19229 D GreedyPrefetchingStrategyOnVisitFrequencyAndTime: Next visited child will be []
08-05 22:55:49.054 19211 19229 D GreedyPrefetchingStrategyOnVisitFrequencyAndTime: ==================================
08-05 22:55:49.054 19211 19229 D Nappa   : PREFETCH_ON_EXTRA - notifyExtras- end
08-05 22:55:49.054 19211 19229 D Nappa   : PREFSTRAT2 ADDING NEW ACTEXTRADATA
08-05 22:55:49.055 19211 19223 I art     : Starting a blocking GC Explicit
08-05 22:55:49.060   918  3670 I ActivityManager: START u0 {cmp=nappagreedy.io.github.project_travel_mate/.destinations.funfacts.FunFactsActivity (has extras)} from uid 10699 on display 0
08-05 22:55:49.064   512  2967 D audio_hw_primary: select_devices: out_snd_device(2: speaker) in_snd_device(0: none)
08-05 22:55:49.064   512  2967 D msm8974_platform: platform_send_audio_calibration: sending audio calibration for snd_device(2) acdb_id(15)
08-05 22:55:49.064   512  2967 I soundtrigger: audio_extn_sound_trigger_update_device_status: device 0x2 of type 0 for Event 1
08-05 22:55:49.068 19211 19211 D NappaLifecycleObserver: nappagreedy.io.github.project_travel_mate.destinations.description.FinalCityInfoActivity - onPause
08-05 22:55:49.068 19211 19211 D Nappa   : Stayed on nappagreedy.io.github.project_travel_mate.destinations.description.FinalCityInfoActivity for 1660 ms
08-05 22:55:49.073 19211 19211 D ActivityNode: Observer - intent extra - SplashActivity
08-05 22:55:49.073 19211 19211 D ActivityNode: Extras:
08-05 22:55:49.073 19211 19211 D ActivityNode: Observer - intent extra - MainActivity
08-05 22:55:49.073 19211 19211 D ActivityNode: Extras:
08-05 22:55:49.073 19211 19211 D ActivityNode: 	activity ID 2( key cityobject_)
08-05 22:55:49.073 19211 19211 D ActivityNode: Observer - intent extra - FinalCityInfoActivity
08-05 22:55:49.073 19211 19211 D ActivityNode: Extras:
08-05 22:55:49.073 19211 19211 D ActivityNode: 	activity ID 3( key cityobject_)
08-05 22:55:49.073 19211 19211 D ActivityNode: 	activity ID 3( key cityobject_)
08-05 22:55:49.073 19211 19211 D ActivityNode: Observer - intent extra - CityHistoryActivity
08-05 22:55:49.073 19211 19211 D ActivityNode: Extras:
08-05 22:55:49.073 19211 19211 D ActivityNode: Observer - intent extra - FunFactsActivity
08-05 22:55:49.073 19211 19211 D ActivityNode: Extras:
08-05 22:55:49.076   512  2967 D audio_hw_primary: enable_snd_device: snd_device(2: speaker)
08-05 22:55:49.078   512  2967 D audio_hw_primary: enable_audio_route: apply and update mixer path: low-latency-playback speaker
08-05 22:55:49.082 19211 19287 D Gabe    : call	returning from cache
08-05 22:55:49.082 19211 19223 I art     : Explicit concurrent mark sweep GC freed 1783(157KB) AllocSpace objects, 0(0B) LOS objects, 28% free, 39MB/55MB, paused 873us total 26.998ms
08-05 22:55:49.086 19211 19211 V EXECUTING: https://project-travel-mate.herokuapp.com/api/get-city-facts/1
08-05 22:55:49.086 19211 19211 D Nappa   : TAG okHttpClient initialized
08-05 22:55:49.088 19211 19933 D CustomInterceptor: NETWORK-PROVIDER https://project-travel-mate.herokuapp.com/api/get-city-facts/1
08-05 22:55:49.088 19211 19933 D Nappa   : F1_SCORE add_intercept_url - (already in) - https://project-travel-mate.herokuapp.com/api/get-city-facts/1
08-05 22:55:49.088 19211 19933 D Nappa   : F1_SCORE add_fn_url - (already in) - https://project-travel-mate.herokuapp.com/api/get-city-facts/1
08-05 22:55:49.088 19211 19933 D Nappa   : -------------F1_SCORE #11 -----------
08-05 22:55:49.088 19211 19933 D Nappa   : F1_SCORE - Intercept list (8)= [https://project-travel-mate.herokuapp.com/api/get-user, https://project-travel-mate.herokuapp.com/api/get-all-cities/10, https://project-travel-mate.herokuapp.com/api/number-of-unread-notifications, https://project-travel-mate.herokuapp.com/api/get-city-weather/1, https://project-travel-mate.herokuapp.com/api/get-city/1, https://project-travel-mate.herokuapp.com/api/get-city-information/1, https://project-travel-mate.herokuapp.com/api/get-city-facts/1, https://project-travel-mate.herokuapp.com/api/get-city-images/1]
08-05 22:55:49.088 19211 19211 D NappaLifecycleObserver: nappagreedy.io.github.project_travel_mate.destinations.funfacts.FunFactsActivity - onResume
08-05 22:55:49.088 19211 19933 D Nappa   : F1_SCORE - Prefetch list (0)= []
08-05 22:55:49.088 19211 19933 D Nappa   : F1_SCORE - TP list (0)= []
08-05 22:55:49.088 19211 19211 D Nappa   : setCurrentActivity - MetricStrategyAccuracy - 
08-05 22:55:49.088 19211 19211 D Nappa   : madePredictionFromActivity = false, 
08-05 22:55:49.088 19211 19211 D Nappa   : fromActivity = nappagreedy.io.github.project_travel_mate.destinations.description.FinalCityInfoActivity, 
08-05 22:55:49.088 19211 19211 D Nappa   : predictedNextActivityFromActivity = [], 
08-05 22:55:49.088 19211 19211 D Nappa   : activity.getClass().getCanonicalName() = nappagreedy.io.github.project_travel_mate.destinations.funfacts.FunFactsActivity, 
08-05 22:55:49.088 19211 19933 D Nappa   : F1_SCORE - FN list (8)= [https://project-travel-mate.herokuapp.com/api/get-user, https://project-travel-mate.herokuapp.com/api/get-all-cities/10, https://project-travel-mate.herokuapp.com/api/number-of-unread-notifications, https://project-travel-mate.herokuapp.com/api/get-city-weather/1, https://project-travel-mate.herokuapp.com/api/get-city/1, https://project-travel-mate.herokuapp.com/api/get-city-information/1, https://project-travel-mate.herokuapp.com/api/get-city-facts/1, https://project-travel-mate.herokuapp.com/api/get-city-images/1]
08-05 22:55:49.088 19211 19211 D Nappa   : setCurrentActivity - MetricStrategyAccuracy - 
08-05 22:55:49.088 19211 19211 D Nappa   : madePredictionFromExtra = true, 
08-05 22:55:49.088 19211 19211 D Nappa   : fromActivity = nappagreedy.io.github.project_travel_mate.destinations.description.FinalCityInfoActivity, 
08-05 22:55:49.088 19211 19211 D Nappa   : predictedNextActivityFromExtra = [], 
08-05 22:55:49.088 19211 19211 D Nappa   : activity.getClass().getCanonicalName() = nappagreedy.io.github.project_travel_mate.destinations.funfacts.FunFactsActivity, 
08-05 22:55:49.088 19211 19933 I NAPPA_EXPERIMENTATION: MetricPrefetchingAccuracy: LOG_ID='12',F1_SCORE_1='0.0',F1_SCORE_2='0.0',TRUE_POSITIVE='0',FALSE_POSITIVE='0',FALSE_NEGATIVE='8',
08-05 22:55:49.088 19211 19933 D CustomInterceptor: HEADER REQUEST
08-05 22:55:49.088 19211 19211 D Nappa   : PREFETCH_ON_EXTRA - setCurrentActivity - logs - from activity - made prediction isfalse
08-05 22:55:49.088 19211 19933 D CustomInterceptor: Authorization Token e817cf733b7893037942a7dc5507f3c5a98408e6
08-05 22:55:49.088 19211 19933 D CustomInterceptor: Cache-Control max-age=300, max-stale=300
08-05 22:55:49.089 19211 19933 D CustomInterceptor: CACHED STATS: size = '8', maxSize = '100', hitCount = '8', createCount = '0', putCount = '8', evictionCount = '0', missCount = '8', toString = 'LruCache[maxSize=100,hits=8,misses=8,hitRate=50%]', 
08-05 22:55:49.089 19211 19933 D CustomInterceptor: PREFLIB GET REQUEST https://project-travel-mate.herokuapp.com/api/get-city-facts/1
08-05 22:55:49.089 19211 19933 D CustomInterceptor: PREFLIB found https://project-travel-mate.herokuapp.com/api/get-city-facts/1, sending it back
08-05 22:55:49.089 19211 19933 D CustomInterceptor: CONTENT [{"id":2,"fact":"As early as in the year 1911, British announced to shift their capital from the then Calcutta to Delhi and it was shifted to Delhi in 1912.","source_text":"service sutra","source_url":"https://www.servicesutra.com/blog/20-amazing-interesting-facts-about-delhi/"},{"id":3,"fact":"It has a population of 11 million and metropolitan population of 16.3 million. This makes city the second most populous city in India.","source_text":"service sutra","source_url":"https://www.servicesutra.com/blog/20-amazing-interesting-facts-about-delhi/"},{"id":4,"fact":"Delhi has been inhabited since 6th It has been the capital of many empires, and this is the reason this city has been ransacked and built many times.","source_text":"service sutra","source_url":"https://www.servicesutra.com/blog/20-amazing-interesting-facts-about-delhi/"},{"id":5,"fact":"According to a survey 10,500 people die in Delhi due to pollution.","source_text":"service sutra","source_url":"https://www.servicesutra.com/blog/20-amazing-interesting-facts-about-delhi/"},{"id":6,"fact":"Delhi is largest commercial centre in Northern part of India. Delhi has countrys largest and fastest growing retail industries. Besides that manufacturing of several goods has considerably increased. Nearly 1,440,000 people work in various manufacturing sectors in and around Delhi.","source_text":"service sutra","source_url":"https://www.servicesutra.com/blog/20-amazing-interesting-facts-about-delhi/"},{"id":7,"fact":"Indira Gandhi National Airport of Delhi is the citys main gateway for citys domestic as well as International civilian air traffic. This is one of the busiest in south Asia.","source_text":"service sutra","source_url":"https://www.servicesutra.com/blog/20-amazing-interesting-facts-about-delhi/"}]
08-05 22:55:49.089 19211 19933 D CustomInterceptor: interceptor_finished : return_type #2 : request served from cache
08-05 22:55:49.089 19211 19933 I NAPPA_EXPERIMENTATION: MetricNetworkRequestExecutionTime: REQUEST_DURATION_SYSTEM='2',REQUEST_DURATION_OKHTTP='0',REQUEST_SYNCHRONOUS='FALSE',RESPONSE_CODE='200',RESPONSE_METHOD='GET',RESPONSE_LENGTH_OKHTTP='1793',RESPONSE_LENGTH_HEADER='-2',REQUEST_PROTOCOL='http/1.1',REQUEST_URL='https://project-travel-mate.herokuapp.com/api/get-city-facts/1',
08-05 22:55:49.089 19211 19933 V EXECUTING: https://project-travel-mate.herokuapp.com/api/get-city-images/1
08-05 22:55:49.090 19211 19933 D Nappa   : TAG okHttpClient initialized
08-05 22:55:49.091 19211 19934 D CustomInterceptor: NETWORK-PROVIDER https://project-travel-mate.herokuapp.com/api/get-city-images/1
08-05 22:55:49.092 19211 19934 D Nappa   : F1_SCORE add_intercept_url - (already in) - https://project-travel-mate.herokuapp.com/api/get-city-images/1
08-05 22:55:49.092 19211 19934 D Nappa   : F1_SCORE add_fn_url - (already in) - https://project-travel-mate.herokuapp.com/api/get-city-images/1
08-05 22:55:49.092 19211 19934 D Nappa   : -------------F1_SCORE #12 -----------
08-05 22:55:49.092 19211 19934 D Nappa   : F1_SCORE - Intercept list (8)= [https://project-travel-mate.herokuapp.com/api/get-user, https://project-travel-mate.herokuapp.com/api/get-all-cities/10, https://project-travel-mate.herokuapp.com/api/number-of-unread-notifications, https://project-travel-mate.herokuapp.com/api/get-city-weather/1, https://project-travel-mate.herokuapp.com/api/get-city/1, https://project-travel-mate.herokuapp.com/api/get-city-information/1, https://project-travel-mate.herokuapp.com/api/get-city-facts/1, https://project-travel-mate.herokuapp.com/api/get-city-images/1]
08-05 22:55:49.092 19211 19934 D Nappa   : F1_SCORE - Prefetch list (0)= []
08-05 22:55:49.092 19211 19934 D Nappa   : F1_SCORE - TP list (0)= []
08-05 22:55:49.092 19211 19934 D Nappa   : F1_SCORE - FN list (8)= [https://project-travel-mate.herokuapp.com/api/get-user, https://project-travel-mate.herokuapp.com/api/get-all-cities/10, https://project-travel-mate.herokuapp.com/api/number-of-unread-notifications, https://project-travel-mate.herokuapp.com/api/get-city-weather/1, https://project-travel-mate.herokuapp.com/api/get-city/1, https://project-travel-mate.herokuapp.com/api/get-city-information/1, https://project-travel-mate.herokuapp.com/api/get-city-facts/1, https://project-travel-mate.herokuapp.com/api/get-city-images/1]
08-05 22:55:49.092 19211 19934 I NAPPA_EXPERIMENTATION: MetricPrefetchingAccuracy: LOG_ID='13',F1_SCORE_1='0.0',F1_SCORE_2='0.0',TRUE_POSITIVE='0',FALSE_POSITIVE='0',FALSE_NEGATIVE='8',
08-05 22:55:49.092 19211 19934 D CustomInterceptor: HEADER REQUEST
08-05 22:55:49.092 19211 19934 D CustomInterceptor: Authorization Token e817cf733b7893037942a7dc5507f3c5a98408e6
08-05 22:55:49.092 19211 19934 D CustomInterceptor: Cache-Control max-age=300, max-stale=300
08-05 22:55:49.092 19211 19934 D CustomInterceptor: CACHED STATS: size = '8', maxSize = '100', hitCount = '9', createCount = '0', putCount = '8', evictionCount = '0', missCount = '8', toString = 'LruCache[maxSize=100,hits=9,misses=8,hitRate=52%]', 
08-05 22:55:49.092 19211 19934 D CustomInterceptor: PREFLIB GET REQUEST https://project-travel-mate.herokuapp.com/api/get-city-images/1
08-05 22:55:49.092 19211 19934 D CustomInterceptor: PREFLIB found https://project-travel-mate.herokuapp.com/api/get-city-images/1, sending it back
08-05 22:55:49.092 19211 19934 D CustomInterceptor: CONTENT [{"id":17,"image_url":"https://upload.wikimedia.org/wikipedia/commons/9/94/%E0%B4%96%E0%B5%81%E0%B4%A4%E0%B5%8D%E0%B4%AC%E0%B5%8D_%E0%B4%AE%E0%B4%BF%E0%B4%A8%E0%B4%BE%E0%B5%BC1.jpg"}]
08-05 22:55:49.093 19211 19934 D CustomInterceptor: interceptor_finished : return_type #2 : request served from cache
08-05 22:55:49.093 19211 19934 I NAPPA_EXPERIMENTATION: MetricNetworkRequestExecutionTime: REQUEST_DURATION_SYSTEM='3',REQUEST_DURATION_OKHTTP='0',REQUEST_SYNCHRONOUS='FALSE',RESPONSE_CODE='200',RESPONSE_METHOD='GET',RESPONSE_LENGTH_OKHTTP='183',RESPONSE_LENGTH_HEADER='-2',REQUEST_PROTOCOL='http/1.1',REQUEST_URL='https://project-travel-mate.herokuapp.com/api/get-city-images/1',
08-05 22:55:49.093 19211 19934 V RESPONSE: [{"id":17,"image_url":"https://upload.wikimedia.org/wikipedia/commons/9/94/%E0%B4%96%E0%B5%81%E0%B4%A4%E0%B5%8D%E0%B4%AC%E0%B5%8D_%E0%B4%AE%E0%B4%BF%E0%B4%A8%E0%B4%BE%E0%B5%BC1.jpg"}]
08-05 22:55:49.142 13394 13394 I ServiceManager: Waiting for service AtCmdFwd...
08-05 22:55:49.188 19211 19229 D Nappa   : registerActivity: (already in) nappagreedy.io.github.project_travel_mate.destinations.description.FinalCityInfoActivity
08-05 22:55:49.188 19211 19229 D Nappa   : PARENTS 
08-05 22:55:49.188 19211 19229 D Nappa   : Of: nappagreedy.io.github.project_travel_mate.destinations.description.FinalCityInfoActivity -> 
08-05 22:55:49.188 19211 19229 D Nappa   : PARENTS nappagreedy.io.github.project_travel_mate.MainActivity
08-05 22:55:49.188 19211 19229 D Nappa   : PARENTS has extra: (cityobject_, objects.City@a01bd09)
08-05 22:55:49.188 19211 19229 D Nappa   : PARENTS nappagreedy.io.github.project_travel_mate.SplashActivity
08-05 22:55:49.189 19211 19211 D Nappa   : registerActivity: (already in) nappagreedy.io.github.project_travel_mate.destinations.funfacts.FunFactsActivity
08-05 22:55:49.189 19211 19211 D ActivityNode: ACTNODE UPDATING AFTER LOADING FROM DB
08-05 22:55:49.189 19211 19211 D ActivityGraph: LARDataCalculatedUpdate nappagreedy.io.github.project_travel_mate.destinations.funfacts.FunFactsActivity Pagerank: 0.25 HITS-Authority: 1.0 HITS-Hub: 1.0 SALSA-Authority: 1.0 SALSA-Hub: 1.0
08-05 22:55:49.189 19211 19211 D Nappa   : SHOULD_PREFETCH true
08-05 22:55:49.289 19211 19229 D Nappa   : registerActivity: (already in) nappagreedy.io.github.project_travel_mate.destinations.funfacts.FunFactsActivity
08-05 22:55:49.289 19211 19229 D Nappa   : PARENTS 
08-05 22:55:49.289 19211 19229 D Nappa   : Of: nappagreedy.io.github.project_travel_mate.destinations.funfacts.FunFactsActivity -> 
08-05 22:55:49.289 19211 19229 D Nappa   : PARENTS nappagreedy.io.github.project_travel_mate.destinations.description.FinalCityInfoActivity
08-05 22:55:49.289 19211 19211 D Nappa   : registerActivity: (already in) nappagreedy.io.github.project_travel_mate.destinations.funfacts.FunFactsActivity
08-05 22:55:49.289 19211 19229 D Nappa   : PARENTS has extra: (cityobject_, objects.City@31f864f)
08-05 22:55:49.289 19211 19229 D Nappa   : PARENTS nappagreedy.io.github.project_travel_mate.MainActivity
08-05 22:55:49.289 19211 19211 D Nappa   : STATS Number of requests not prefetched: 8
08-05 22:55:49.289 19211 19229 D Nappa   : PARENTS has extra: (cityobject_, objects.City@a01bd09)
08-05 22:55:49.289 19211 19211 D Nappa   : STATS Number of requests prefetched: 2
08-05 22:55:49.289 19211 19229 D Nappa   : PARENTS nappagreedy.io.github.project_travel_mate.SplashActivity
08-05 22:55:49.290 19211 19211 D Nappa   : STATS Time saved until now: 0.069
08-05 22:55:49.373 19211 19211 D ActivityNode: Observer - visit time - FinalCityInfoActivity - New aggregate visit time found is 7723 ms
08-05 22:55:49.379   918   936 I ActivityManager: Displayed nappagreedy.io.github.project_travel_mate/.destinations.funfacts.FunFactsActivity: +311ms
08-05 22:55:49.383 19211 19211 D ActivityNode: Observer - session data - sourceCityHistoryActivity
08-05 22:55:49.383 19211 19211 D ActivityNode: destinations:
08-05 22:55:49.383 13866 13866 I GoogleInputMethodServic: GoogleInputMethodService.onFinishInput():3138 
08-05 22:55:49.383 19211 19211 D ActivityNode: Observer - session data - sourceSplashActivity
08-05 22:55:49.383 19211 19211 D ActivityNode: destinations:
08-05 22:55:49.383 19211 19211 D ActivityNode: 	nappagreedy.io.github.project_travel_mate.MainActivity( count 1)
08-05 22:55:49.383 19211 19211 D ActivityNode: Observer - session data - sourceFinalCityInfoActivity
08-05 22:55:49.383 19211 19211 D ActivityNode: destinations:
08-05 22:55:49.383 19211 19211 D ActivityNode: 	nappagreedy.io.github.project_travel_mate.destinations.description.CityHistoryActivity( count 1)
08-05 22:55:49.383 19211 19211 D ActivityNode: 	nappagreedy.io.github.project_travel_mate.destinations.funfacts.FunFactsActivity( count 2)
08-05 22:55:49.383 19211 19211 D ActivityNode: Observer - session data - sourceMainActivity
08-05 22:55:49.383 19211 19211 D ActivityNode: destinations:
08-05 22:55:49.383 19211 19211 D ActivityNode: 	nappagreedy.io.github.project_travel_mate.destinations.description.FinalCityInfoActivity( count 1)
08-05 22:55:49.383 19211 19211 D ActivityNode: Observer - session data - sourceFunFactsActivity
08-05 22:55:49.383 19211 19211 D ActivityNode: destinations:
08-05 22:55:49.384 13866 13866 I GoogleInputMethodServic: GoogleInputMethodService.onStartInput():1808 
08-05 22:55:49.393 19211 19736 I art     : Starting a blocking GC Explicit
08-05 22:55:49.431 19211 19736 I art     : Explicit concurrent mark sweep GC freed 8822(574KB) AllocSpace objects, 2(40KB) LOS objects, 28% free, 39MB/55MB, paused 745us total 38.001ms
08-05 22:55:49.444 19211 19736 I art     : Starting a blocking GC Explicit
08-05 22:55:49.471 19211 19736 I art     : Explicit concurrent mark sweep GC freed 718(24KB) AllocSpace objects, 0(0B) LOS objects, 28% free, 39MB/55MB, paused 577us total 27.566ms
08-05 22:55:49.484 19211 19736 I art     : Starting a blocking GC Explicit
08-05 22:55:49.489 19211 19229 D Nappa   : PREFETCH_ON_EXTRA - setCurrentActivity - logs - from extra - made prediction istrue
08-05 22:55:49.489 19211 19229 D Nappa   : PREFETCH_ON_EXTRA - setCurrentActivity - logs - from extra - start
08-05 22:55:49.489 19211 19229 I NAPPA_EXPERIMENTATION: MetricStrategyAccuracy: LOG_ID='7',EXECUTION_COUNT='7',CASES_COUNT='7',HIT_PERCENTAGE_TOTAL='0.0',HIT_PERCENTAGE_WHEN_PREDICTED='0.0',HIT_COUNT='0',MISS_COUNT='1',INSUFFICIENT_SCORE_COUNT='1',EXCEPTION_COUNT='0',NO_SUCCESSOR_COUNT='5',
08-05 22:55:49.489 19211 19229 D Nappa   : PREFETCH_ON_EXTRA - setCurrentActivity - logs - from extra- finished
08-05 22:55:49.511 19211 19736 I art     : Explicit concurrent mark sweep GC freed 259(10KB) AllocSpace objects, 0(0B) LOS objects, 28% free, 39MB/55MB, paused 587us total 27.054ms
08-05 22:55:49.523 19211 19736 I art     : Starting a blocking GC Explicit
08-05 22:55:49.549 19211 19736 I art     : Explicit concurrent mark sweep GC freed 234(4KB) AllocSpace objects, 0(0B) LOS objects, 28% free, 39MB/55MB, paused 597us total 26.057ms
08-05 22:55:49.562 19211 19736 I art     : Starting a blocking GC Explicit
08-05 22:55:49.588 19211 19736 I art     : Explicit concurrent mark sweep GC freed 148(2528B) AllocSpace objects, 0(0B) LOS objects, 28% free, 39MB/55MB, paused 678us total 26.615ms
08-05 22:55:49.613   380   380 W SurfaceFlinger: couldn't log to binary event log: overflow.
08-05 22:55:49.618   512  2967 D audio_hw_primary: disable_audio_route: reset and update mixer path: low-latency-playback speaker
08-05 22:55:49.619   512  2967 D audio_hw_primary: disable_snd_device: snd_device(2: speaker)
08-05 22:55:49.628   512  2967 I soundtrigger: audio_extn_sound_trigger_update_device_status: device 0x2 of type 0 for Event 0
08-05 22:55:49.790 19211 19229 D Nappa   : PREFETCH_ON_EXTRA - setCurrentActivity - starting new prediction
08-05 22:55:49.790 19211 19229 D Nappa   : Current node - currentActivityName - nappagreedy.io.github.project_travel_mate.destinations.funfacts.FunFactsActivity
08-05 22:55:49.790 19211 19229 D Nappa   : Current node - activityGraph.getCurrent() - nappagreedy.io.github.project_travel_mate.destinations.funfacts.FunFactsActivity
08-05 22:55:49.790 19211 19229 I NAPPA_EXPERIMENTATION: MetricNappaPrefetchingStrategyExecutionTime: STRATEGY_CLASS='GreedyPrefetchingStrategyOnVisitFrequencyAndTime',DURATION='59532',NUMBER_OF_URLS='0',NUMBER_OF_SELECTED_CHILDREN_NODES='0',NUMBER_OF_CHILDREN_NODES='0',STRATEGY_RUN_SUCCESSFULLY='True',
08-05 22:55:49.790 19211 19229 D GreedyPrefetchingStrategyOnVisitFrequencyAndTime: ==================================
08-05 22:55:49.791 19211 19229 D GreedyPrefetchingStrategyOnVisitFrequencyAndTime: Starting Run #8
08-05 22:55:49.791 19211 19229 D GreedyPrefetchingStrategyOnVisitFrequencyAndTime: ----------------------------------
08-05 22:55:49.791 19211 19229 D GreedyPrefetchingStrategyOnVisitFrequencyAndTime: Node data FunFactsActivity 
08-05 22:55:49.791 19211 19229 D GreedyPrefetchingStrategyOnVisitFrequencyAndTime: 	Successors:
08-05 22:55:49.791 19211 19229 D GreedyPrefetchingStrategyOnVisitFrequencyAndTime: 
08-05 22:55:49.791 19211 19229 D GreedyPrefetchingStrategyOnVisitFrequencyAndTime: 	Ancestors:
08-05 22:55:49.791 19211 19229 D GreedyPrefetchingStrategyOnVisitFrequencyAndTime: 		FinalCityInfoActivity (1 hits)
08-05 22:55:49.791 19211 19229 D GreedyPrefetchingStrategyOnVisitFrequencyAndTime: 
08-05 22:55:49.791 19211 19229 D GreedyPrefetchingStrategyOnVisitFrequencyAndTime: MetricStrategyAccuracy inc execution count8 | act = true; extra = false
08-05 22:55:49.791 19211 19229 D GreedyPrefetchingStrategyOnVisitFrequencyAndTime: MetricStrategyAccuracy inc no sucessor count6 | act = true; extra = false
08-05 22:55:49.791 19211 19229 D GreedyPrefetchingStrategyOnVisitFrequencyAndTime: ------------- Recursion #1 -----------
08-05 22:55:49.791 19211 19229 D GreedyPrefetchingStrategyOnVisitFrequencyAndTime: Best successors so far []
08-05 22:55:49.791 19211 19229 D GreedyPrefetchingStrategyOnVisitFrequencyAndTime: Checking node FunFactsActivity with 0 successors
08-05 22:55:49.791 19211 19229 D GreedyPrefetchingStrategyOnVisitFrequencyAndTime: this node has no successors
08-05 22:55:49.791 19211 19229 D GreedyPrefetchingStrategyOnVisitFrequencyAndTime: Next visited child will be []
08-05 22:55:49.791 19211 19229 D GreedyPrefetchingStrategyOnVisitFrequencyAndTime: ==================================
08-05 22:55:49.791 19211 19229 D Nappa   : PREFETCH_ON_EXTRA - setCurrentActivity - finished new prediction
08-05 22:55:49.933 19211 19736 I art     : Starting a blocking GC Explicit
08-05 22:55:49.965 19211 19736 I art     : Explicit concurrent mark sweep GC freed 3421(135KB) AllocSpace objects, 2(40KB) LOS objects, 28% free, 39MB/55MB, paused 838us total 31.597ms
08-05 22:55:49.977 19211 19736 I art     : Starting a blocking GC Explicit
08-05 22:55:50.008 19211 19736 I art     : Explicit concurrent mark sweep GC freed 241(4KB) AllocSpace objects, 0(0B) LOS objects, 28% free, 39MB/55MB, paused 649us total 30.816ms
08-05 22:55:50.021 19211 19736 I art     : Starting a blocking GC Explicit
08-05 22:55:50.052 19211 19736 I art     : Explicit concurrent mark sweep GC freed 219(3KB) AllocSpace objects, 0(0B) LOS objects, 28% free, 39MB/55MB, paused 681us total 30.289ms
08-05 22:55:50.065 19211 19736 I art     : Starting a blocking GC Explicit
08-05 22:55:50.095 19211 19736 I art     : Explicit concurrent mark sweep GC freed 147(2496B) AllocSpace objects, 0(0B) LOS objects, 28% free, 39MB/55MB, paused 637us total 30.468ms
08-05 22:55:50.108 19211 19736 I art     : Starting a blocking GC Explicit
08-05 22:55:50.138 19211 19736 I art     : Explicit concurrent mark sweep GC freed 219(3KB) AllocSpace objects, 0(0B) LOS objects, 28% free, 39MB/55MB, paused 654us total 30.284ms
08-05 22:55:50.142 13394 13394 W Atfwd_Sendcmd: AtCmdFwd service not published, waiting... retryCnt : 5
08-05 22:55:50.469 19211 19224 I art     : Starting a blocking GC Explicit
08-05 22:55:50.504 19211 19224 I art     : Explicit concurrent mark sweep GC freed 3207(120KB) AllocSpace objects, 2(40KB) LOS objects, 28% free, 39MB/55MB, paused 707us total 34.692ms
08-05 22:55:50.521 19211 19224 I art     : Starting a blocking GC Explicit
08-05 22:55:50.549 19211 19224 I art     : Explicit concurrent mark sweep GC freed 225(4KB) AllocSpace objects, 0(0B) LOS objects, 28% free, 39MB/55MB, paused 742us total 28.588ms
08-05 22:55:50.562 19211 19224 I art     : Starting a blocking GC Explicit
08-05 22:55:50.592 19211 19224 I art     : Explicit concurrent mark sweep GC freed 168(2864B) AllocSpace objects, 0(0B) LOS objects, 28% free, 39MB/55MB, paused 643us total 29.992ms
08-05 22:55:50.604 19211 19224 I art     : Starting a blocking GC Explicit
08-05 22:55:50.635 19211 19224 I art     : Explicit concurrent mark sweep GC freed 219(3KB) AllocSpace objects, 0(0B) LOS objects, 28% free, 39MB/55MB, paused 645us total 30.101ms
08-05 22:55:50.648 19211 19224 I art     : Starting a blocking GC Explicit
08-05 22:55:50.679 19211 19224 I art     : Explicit concurrent mark sweep GC freed 146(2464B) AllocSpace objects, 0(0B) LOS objects, 28% free, 39MB/55MB, paused 640us total 31.272ms
08-05 22:55:51.041 19211 19736 I art     : Starting a blocking GC Explicit
08-05 22:55:51.071 19211 19736 I art     : Explicit concurrent mark sweep GC freed 3352(122KB) AllocSpace objects, 2(40KB) LOS objects, 28% free, 39MB/55MB, paused 646us total 30.267ms
08-05 22:55:51.084 19211 19736 I art     : Starting a blocking GC Explicit
08-05 22:55:51.116 19211 19736 I art     : Explicit concurrent mark sweep GC freed 181(3KB) AllocSpace objects, 0(0B) LOS objects, 28% free, 39MB/55MB, paused 773us total 31.329ms
08-05 22:55:51.129 19211 19736 I art     : Starting a blocking GC Explicit
08-05 22:55:51.159 19211 19736 I art     : Explicit concurrent mark sweep GC freed 218(3KB) AllocSpace objects, 0(0B) LOS objects, 28% free, 39MB/55MB, paused 644us total 30.443ms
08-05 22:55:51.172 19211 19736 I art     : Starting a blocking GC Explicit
08-05 22:55:51.204 19211 19736 I art     : Explicit concurrent mark sweep GC freed 219(3KB) AllocSpace objects, 0(0B) LOS objects, 28% free, 39MB/55MB, paused 659us total 31.995ms
08-05 22:55:51.218 19211 19736 I art     : Starting a blocking GC Explicit
08-05 22:55:51.250 19211 19736 I art     : Explicit concurrent mark sweep GC freed 166(2800B) AllocSpace objects, 0(0B) LOS objects, 28% free, 39MB/55MB, paused 820us total 31.936ms
08-05 22:55:51.567 19211 19224 I art     : Starting a blocking GC Explicit
08-05 22:55:51.600 19211 19224 I art     : Explicit concurrent mark sweep GC freed 3126(119KB) AllocSpace objects, 2(40KB) LOS objects, 28% free, 39MB/55MB, paused 796us total 32.501ms
08-05 22:55:51.613 19211 19224 I art     : Starting a blocking GC Explicit
08-05 22:55:51.643 19211 19224 I art     : Explicit concurrent mark sweep GC freed 235(4KB) AllocSpace objects, 0(0B) LOS objects, 28% free, 39MB/55MB, paused 654us total 30.067ms
08-05 22:55:51.656 19211 19224 I art     : Starting a blocking GC Explicit
08-05 22:55:51.686 19211 19224 I art     : Explicit concurrent mark sweep GC freed 219(3KB) AllocSpace objects, 0(0B) LOS objects, 28% free, 39MB/55MB, paused 634us total 29.800ms
08-05 22:55:51.699 19211 19224 I art     : Starting a blocking GC Explicit
08-05 22:55:51.718 19976 19976 D AndroidRuntime: >>>>>> START com.android.internal.os.RuntimeInit uid 2000 <<<<<<
08-05 22:55:51.723 19976 19976 D AndroidRuntime: CheckJNI is OFF
08-05 22:55:51.730 19211 19224 I art     : Explicit concurrent mark sweep GC freed 146(2464B) AllocSpace objects, 0(0B) LOS objects, 28% free, 39MB/55MB, paused 699us total 30.558ms
08-05 22:55:51.742 19211 19224 I art     : Starting a blocking GC Explicit
08-05 22:55:51.758 19976 19976 D ICU     : No timezone override file found: /data/misc/zoneinfo/current/icu/icu_tzdata.dat
08-05 22:55:51.772 19211 19224 I art     : Explicit concurrent mark sweep GC freed 220(3KB) AllocSpace objects, 0(0B) LOS objects, 28% free, 39MB/55MB, paused 630us total 29.070ms
08-05 22:55:51.794 19976 19976 I Radio-JNI: register_android_hardware_Radio DONE
08-05 22:55:51.816 19976 19976 D AndroidRuntime: Calling main entry com.android.commands.input.Input
08-05 22:55:51.818 19976 19976 I Input   : injectKeyEvent: KeyEvent { action=ACTION_DOWN, keyCode=KEYCODE_BACK, scanCode=0, metaState=0, flags=0x0, repeatCount=0, eventTime=831368231, downTime=831368231, deviceId=-1, source=0x101 }
08-05 22:55:51.823 19976 19976 I Input   : injectKeyEvent: KeyEvent { action=ACTION_UP, keyCode=KEYCODE_BACK, scanCode=0, metaState=0, flags=0x0, repeatCount=0, eventTime=831368231, downTime=831368231, deviceId=-1, source=0x101 }
08-05 22:55:51.830 19976 19976 D AndroidRuntime: Shutting down VM
08-05 22:55:51.830 19211 19211 D NappaLifecycleObserver: nappagreedy.io.github.project_travel_mate.destinations.funfacts.FunFactsActivity - onPause
08-05 22:55:51.830 19211 19211 D Nappa   : Stayed on nappagreedy.io.github.project_travel_mate.destinations.funfacts.FunFactsActivity for 2540 ms
08-05 22:55:51.846 19211 19211 D NappaLifecycleObserver: nappagreedy.io.github.project_travel_mate.destinations.description.FinalCityInfoActivity - onResume
08-05 22:55:51.846 19211 19211 D Nappa   : setCurrentActivity - MetricStrategyAccuracy - 
08-05 22:55:51.846 19211 19211 D Nappa   : madePredictionFromActivity = true, 
08-05 22:55:51.846 19211 19211 D Nappa   : fromActivity = nappagreedy.io.github.project_travel_mate.destinations.funfacts.FunFactsActivity, 
08-05 22:55:51.846 19211 19211 D Nappa   : predictedNextActivityFromActivity = [], 
08-05 22:55:51.846 19211 19211 D Nappa   : activity.getClass().getCanonicalName() = nappagreedy.io.github.project_travel_mate.destinations.description.FinalCityInfoActivity, 
08-05 22:55:51.846 19211 19211 D Nappa   : setCurrentActivity - MetricStrategyAccuracy - 
08-05 22:55:51.846 19211 19211 D Nappa   : madePredictionFromExtra = false, 
08-05 22:55:51.846 19211 19211 D Nappa   : fromActivity = nappagreedy.io.github.project_travel_mate.destinations.funfacts.FunFactsActivity, 
08-05 22:55:51.846 19211 19211 D Nappa   : predictedNextActivityFromExtra = [], 
08-05 22:55:51.846 19211 19211 D Nappa   : activity.getClass().getCanonicalName() = nappagreedy.io.github.project_travel_mate.destinations.description.FinalCityInfoActivity, 
08-05 22:55:51.846 19211 19211 D Nappa   : PREFETCH_ON_EXTRA - setCurrentActivity - logs - from activity - made prediction istrue
08-05 22:55:51.846 19211 19211 D Nappa   : PREFETCH_ON_EXTRA - setCurrentActivity - logs - from activity - start
08-05 22:55:51.846 19211 19211 I NAPPA_EXPERIMENTATION: MetricStrategyAccuracy: LOG_ID='8',EXECUTION_COUNT='8',CASES_COUNT='8',HIT_PERCENTAGE_TOTAL='0.0',HIT_PERCENTAGE_WHEN_PREDICTED='0.0',HIT_COUNT='0',MISS_COUNT='1',INSUFFICIENT_SCORE_COUNT='1',EXCEPTION_COUNT='0',NO_SUCCESSOR_COUNT='6',
08-05 22:55:51.846 19211 19211 D Nappa   : PREFETCH_ON_EXTRA - setCurrentActivity - logs - from activity- finished
08-05 22:55:51.946 19211 19211 D Nappa   : registerActivity: (already in) nappagreedy.io.github.project_travel_mate.destinations.description.FinalCityInfoActivity
08-05 22:55:51.946 19211 19211 D ActivityGraph: LARDataCalculatedUpdate nappagreedy.io.github.project_travel_mate.destinations.description.FinalCityInfoActivity Pagerank: 0.25 HITS-Authority: 1.0 HITS-Hub: 1.0 SALSA-Authority: 1.0 SALSA-Hub: 1.0
08-05 22:55:51.946 19211 19211 D Nappa   : SHOULD_PREFETCH false
08-05 22:55:51.947 19211 19211 D Nappa   : STATS Number of requests not prefetched: 8
08-05 22:55:51.947 19211 19211 D Nappa   : STATS Number of requests prefetched: 2
08-05 22:55:51.947 19211 19211 D Nappa   : STATS Time saved until now: 0.069
08-05 22:55:51.976 19211 19211 D ActivityNode: Observer - visit time - FunFactsActivity - New aggregate visit time found is 5048 ms
08-05 22:55:51.980 13866 13866 I GoogleInputMethodServic: GoogleInputMethodService.onFinishInput():3138 
08-05 22:55:51.981 13866 13866 I GoogleInputMethodServic: GoogleInputMethodService.onStartInput():1808 
08-05 22:55:52.073 19211 19223 I art     : Starting a blocking GC Explicit
08-05 22:55:52.101 19211 19223 I art     : Explicit concurrent mark sweep GC freed 3074(149KB) AllocSpace objects, 2(40KB) LOS objects, 28% free, 39MB/55MB, paused 730us total 26.746ms
08-05 22:55:52.113 19211 19223 I art     : Starting a blocking GC Explicit
08-05 22:55:52.139 19211 19223 I art     : Explicit concurrent mark sweep GC freed 336(8KB) AllocSpace objects, 0(0B) LOS objects, 28% free, 39MB/55MB, paused 561us total 26.275ms
08-05 22:55:52.151 19211 19223 I art     : Starting a blocking GC Explicit
08-05 22:55:52.179 19211 19223 I art     : Explicit concurrent mark sweep GC freed 147(2496B) AllocSpace objects, 0(0B) LOS objects, 28% free, 39MB/55MB, paused 628us total 27.653ms
08-05 22:55:52.191 19211 19223 I art     : Starting a blocking GC Explicit
08-05 22:55:52.218 19211 19223 I art     : Explicit concurrent mark sweep GC freed 207(3KB) AllocSpace objects, 0(0B) LOS objects, 28% free, 39MB/55MB, paused 681us total 26.783ms
08-05 22:55:52.231 19211 19223 I art     : Starting a blocking GC Explicit
08-05 22:55:52.246 19211 19229 D Nappa   : PREFETCH_ON_EXTRA - setCurrentActivity - logs - from extra - made prediction isfalse
08-05 22:55:52.251 19211 19211 D NappaLifecycleObserver: nappagreedy.io.github.project_travel_mate.destinations.funfacts.FunFactsActivity - onDestroy
08-05 22:55:52.251 19211 19211 D NappaLifecycleObserver: -------------F1_SCORE #13 -----------
08-05 22:55:52.251 19211 19211 D NappaLifecycleObserver: F1_SCORE - Intercept list (8)= [https://project-travel-mate.herokuapp.com/api/get-user, https://project-travel-mate.herokuapp.com/api/get-all-cities/10, https://project-travel-mate.herokuapp.com/api/number-of-unread-notifications, https://project-travel-mate.herokuapp.com/api/get-city-weather/1, https://project-travel-mate.herokuapp.com/api/get-city/1, https://project-travel-mate.herokuapp.com/api/get-city-information/1, https://project-travel-mate.herokuapp.com/api/get-city-facts/1, https://project-travel-mate.herokuapp.com/api/get-city-images/1]
08-05 22:55:52.251 19211 19211 D NappaLifecycleObserver: F1_SCORE - Prefetch list (0)= []
08-05 22:55:52.251 19211 19211 D NappaLifecycleObserver: F1_SCORE - TP list (0)= []
08-05 22:55:52.251 19211 19211 D NappaLifecycleObserver: F1_SCORE - FN list (8)= [https://project-travel-mate.herokuapp.com/api/get-user, https://project-travel-mate.herokuapp.com/api/get-all-cities/10, https://project-travel-mate.herokuapp.com/api/number-of-unread-notifications, https://project-travel-mate.herokuapp.com/api/get-city-weather/1, https://project-travel-mate.herokuapp.com/api/get-city/1, https://project-travel-mate.herokuapp.com/api/get-city-information/1, https://project-travel-mate.herokuapp.com/api/get-city-facts/1, https://project-travel-mate.herokuapp.com/api/get-city-images/1]
08-05 22:55:52.251 19211 19211 I NAPPA_EXPERIMENTATION: MetricPrefetchingAccuracy: LOG_ID='14',F1_SCORE_1='0.0',F1_SCORE_2='0.0',TRUE_POSITIVE='0',FALSE_POSITIVE='0',FALSE_NEGATIVE='8',
08-05 22:55:52.258 19211 19223 I art     : Explicit concurrent mark sweep GC freed 1187(70KB) AllocSpace objects, 0(0B) LOS objects, 28% free, 39MB/55MB, paused 681us total 27.423ms
08-05 22:55:52.266   380   380 W SurfaceFlinger: couldn't log to binary event log: overflow.
08-05 22:55:52.424   918  3261 D WifiStateMachine: starting scan for "H369AA63323"WPA_PSK with 2412,5180
08-05 22:55:52.588 19211 19224 I art     : Starting a blocking GC Explicit
08-05 22:55:52.622 19211 19224 I art     : Explicit concurrent mark sweep GC freed 2883(124KB) AllocSpace objects, 2(40KB) LOS objects, 28% free, 39MB/55MB, paused 831us total 33.214ms
08-05 22:55:52.636 19211 19224 I art     : Starting a blocking GC Explicit
08-05 22:55:52.666 19211 19224 I art     : Explicit concurrent mark sweep GC freed 5328(265KB) AllocSpace objects, 1(28KB) LOS objects, 28% free, 39MB/55MB, paused 639us total 29.243ms
08-05 22:55:52.678 19211 19224 I art     : Starting a blocking GC Explicit
08-05 22:55:52.707 19211 19224 I art     : Explicit concurrent mark sweep GC freed 147(2496B) AllocSpace objects, 0(0B) LOS objects, 28% free, 39MB/55MB, paused 781us total 28.785ms
08-05 22:55:52.720 19211 19224 I art     : Starting a blocking GC Explicit
08-05 22:55:52.749 19211 19224 I art     : Explicit concurrent mark sweep GC freed 99(1696B) AllocSpace objects, 0(0B) LOS objects, 28% free, 39MB/55MB, paused 640us total 29.145ms
08-05 22:55:52.762 19211 19224 I art     : Starting a blocking GC Explicit
08-05 22:55:52.791 19211 19224 I art     : Explicit concurrent mark sweep GC freed 147(2496B) AllocSpace objects, 0(0B) LOS objects, 28% free, 39MB/55MB, paused 658us total 28.942ms
08-05 22:55:53.144 19211 19736 I art     : Starting a blocking GC Explicit
08-05 22:55:53.173 19211 19736 I art     : Explicit concurrent mark sweep GC freed 2728(112KB) AllocSpace objects, 2(40KB) LOS objects, 28% free, 39MB/55MB, paused 618us total 29.130ms
08-05 22:55:53.186 19211 19736 I art     : Starting a blocking GC Explicit
08-05 22:55:53.215 19211 19736 I art     : Explicit concurrent mark sweep GC freed 126(2704B) AllocSpace objects, 0(0B) LOS objects, 28% free, 39MB/55MB, paused 628us total 28.816ms
08-05 22:55:53.227 19211 19736 I art     : Starting a blocking GC Explicit
08-05 22:55:53.255 19211 19736 I art     : Explicit concurrent mark sweep GC freed 147(2496B) AllocSpace objects, 0(0B) LOS objects, 28% free, 39MB/55MB, paused 660us total 27.507ms
08-05 22:55:53.268 19211 19736 I art     : Starting a blocking GC Explicit
08-05 22:55:53.297 19211 19736 I art     : Explicit concurrent mark sweep GC freed 99(1696B) AllocSpace objects, 0(0B) LOS objects, 28% free, 39MB/55MB, paused 690us total 28.623ms
08-05 22:55:53.309 19211 19736 I art     : Starting a blocking GC Explicit
08-05 22:55:53.337 19211 19736 I art     : Explicit concurrent mark sweep GC freed 147(2496B) AllocSpace objects, 0(0B) LOS objects, 28% free, 39MB/55MB, paused 780us total 27.986ms
08-05 22:55:53.485 20029 20029 D AndroidRuntime: >>>>>> START com.android.internal.os.RuntimeInit uid 2000 <<<<<<
08-05 22:55:53.490 20029 20029 D AndroidRuntime: CheckJNI is OFF
08-05 22:55:53.523 20029 20029 D ICU     : No timezone override file found: /data/misc/zoneinfo/current/icu/icu_tzdata.dat
08-05 22:55:53.554 20029 20029 I Radio-JNI: register_android_hardware_Radio DONE
08-05 22:55:53.575 20029 20029 D AndroidRuntime: Calling main entry com.android.commands.input.Input
08-05 22:55:53.577 20029 20029 I Input   : injectMotionEvent: MotionEvent { action=ACTION_DOWN, actionButton=0, id[0]=0, x[0]=693.0, y[0]=1450.0, toolType[0]=TOOL_TYPE_UNKNOWN, buttonState=0, metaState=0, flags=0x0, edgeFlags=0x0, pointerCount=1, historySize=0, eventTime=831369989, downTime=831369989, deviceId=0, source=0x1002 }
08-05 22:55:53.581 20029 20029 I Input   : injectMotionEvent: MotionEvent { action=ACTION_UP, actionButton=0, id[0]=0, x[0]=693.0, y[0]=1450.0, toolType[0]=TOOL_TYPE_UNKNOWN, buttonState=0, metaState=0, flags=0x0, edgeFlags=0x0, pointerCount=1, historySize=0, eventTime=831369989, downTime=831369989, deviceId=0, source=0x1002 }
08-05 22:55:53.582 19211 19211 D NappaIntentExtras: ==================
08-05 22:55:53.582 19211 19211 D NappaIntentExtras: Log #6
08-05 22:55:53.582 19211 19211 D NappaIntentExtras: ------------------
08-05 22:55:53.582 20029 20029 D AndroidRuntime: Shutting down VM
08-05 22:55:53.582 19211 19211 D NappaIntentExtras: activity nappagreedy.io.github.project_travel_mate.destinations.description.CityHistoryActivity
08-05 22:55:53.582 19211 19211 D NappaIntentExtras: 	- No extras registered
08-05 22:55:53.582 19211 19211 D NappaIntentExtras: activity nappagreedy.io.github.project_travel_mate.MainActivity
08-05 22:55:53.582 19211 19211 D NappaIntentExtras: 	- 1 extras registered
08-05 22:55:53.582 19211 19211 D NappaIntentExtras: 	- cityobject_ : objects.City@a01bd09
08-05 22:55:53.582 19211 19211 D NappaIntentExtras: activity nappagreedy.io.github.project_travel_mate.SplashActivity
08-05 22:55:53.582 19211 19211 D NappaIntentExtras: 	- No extras registered
08-05 22:55:53.582 19211 19211 D NappaIntentExtras: activity nappagreedy.io.github.project_travel_mate.destinations.funfacts.FunFactsActivity
08-05 22:55:53.582 19211 19211 D NappaIntentExtras: 	- No extras registered
08-05 22:55:53.583 19211 19211 D NappaIntentExtras: activity nappagreedy.io.github.project_travel_mate.destinations.description.FinalCityInfoActivity
08-05 22:55:53.583 19211 19211 D NappaIntentExtras: 	- 1 extras registered
08-05 22:55:53.583 19211 19211 D NappaIntentExtras: 	- cityobject_ : objects.City@31f864f
08-05 22:55:53.583 19211 19211 D NappaIntentExtras: ==================
08-05 22:55:53.583   918  6112 I ActivityManager: START u0 {cmp=nappagreedy.io.github.project_travel_mate/.destinations.description.CityHistoryActivity} from uid 10699 on display 0
08-05 22:55:53.583   512  2967 D audio_hw_primary: out_set_parameters: enter: usecase(1: low-latency-playback) kvpairs: routing=2
08-05 22:55:53.591 19211 19211 D NappaLifecycleObserver: nappagreedy.io.github.project_travel_mate.destinations.description.FinalCityInfoActivity - onPause
08-05 22:55:53.591 19211 19211 D Nappa   : Stayed on nappagreedy.io.github.project_travel_mate.destinations.description.FinalCityInfoActivity for 1644 ms
08-05 22:55:53.597   512  2967 D audio_hw_primary: select_devices: out_snd_device(2: speaker) in_snd_device(0: none)
08-05 22:55:53.597   512  2967 D msm8974_platform: platform_send_audio_calibration: sending audio calibration for snd_device(2) acdb_id(15)
08-05 22:55:53.597   512  2967 I soundtrigger: audio_extn_sound_trigger_update_device_status: device 0x2 of type 0 for Event 1
08-05 22:55:53.607 19211 19287 D Gabe    : call	returning from cache
08-05 22:55:53.608   512  2967 D audio_hw_primary: enable_snd_device: snd_device(2: speaker)
08-05 22:55:53.609 19211 19211 V EXECUTING: https://project-travel-mate.herokuapp.com/api/get-city-information/1
08-05 22:55:53.610 19211 19211 D Nappa   : TAG okHttpClient initialized
08-05 22:55:53.610   512  2967 D audio_hw_primary: enable_audio_route: apply and update mixer path: low-latency-playback speaker
08-05 22:55:53.611 19211 20056 D CustomInterceptor: NETWORK-PROVIDER https://project-travel-mate.herokuapp.com/api/get-city-information/1
08-05 22:55:53.611 19211 20056 D Nappa   : F1_SCORE add_intercept_url - (already in) - https://project-travel-mate.herokuapp.com/api/get-city-information/1
08-05 22:55:53.611 19211 20056 D Nappa   : F1_SCORE add_fn_url - (already in) - https://project-travel-mate.herokuapp.com/api/get-city-information/1
08-05 22:55:53.611 19211 20056 D Nappa   : -------------F1_SCORE #14 -----------
08-05 22:55:53.611 19211 20056 D Nappa   : F1_SCORE - Intercept list (8)= [https://project-travel-mate.herokuapp.com/api/get-user, https://project-travel-mate.herokuapp.com/api/get-all-cities/10, https://project-travel-mate.herokuapp.com/api/number-of-unread-notifications, https://project-travel-mate.herokuapp.com/api/get-city-weather/1, https://project-travel-mate.herokuapp.com/api/get-city/1, https://project-travel-mate.herokuapp.com/api/get-city-information/1, https://project-travel-mate.herokuapp.com/api/get-city-facts/1, https://project-travel-mate.herokuapp.com/api/get-city-images/1]
08-05 22:55:53.611 19211 19211 D NappaLifecycleObserver: nappagreedy.io.github.project_travel_mate.destinations.description.CityHistoryActivity - onResume
08-05 22:55:53.611 19211 20056 D Nappa   : F1_SCORE - Prefetch list (0)= []
08-05 22:55:53.611 19211 19211 D Nappa   : setCurrentActivity - MetricStrategyAccuracy - 
08-05 22:55:53.611 19211 19211 D Nappa   : madePredictionFromActivity = false, 
08-05 22:55:53.611 19211 19211 D Nappa   : fromActivity = nappagreedy.io.github.project_travel_mate.destinations.description.FinalCityInfoActivity, 
08-05 22:55:53.611 19211 19211 D Nappa   : predictedNextActivityFromActivity = [], 
08-05 22:55:53.611 19211 19211 D Nappa   : activity.getClass().getCanonicalName() = nappagreedy.io.github.project_travel_mate.destinations.description.CityHistoryActivity, 
08-05 22:55:53.611 19211 20056 D Nappa   : F1_SCORE - TP list (0)= []
08-05 22:55:53.612 19211 20056 D Nappa   : F1_SCORE - FN list (8)= [https://project-travel-mate.herokuapp.com/api/get-user, https://project-travel-mate.herokuapp.com/api/get-all-cities/10, https://project-travel-mate.herokuapp.com/api/number-of-unread-notifications, https://project-travel-mate.herokuapp.com/api/get-city-weather/1, https://project-travel-mate.herokuapp.com/api/get-city/1, https://project-travel-mate.herokuapp.com/api/get-city-information/1, https://project-travel-mate.herokuapp.com/api/get-city-facts/1, https://project-travel-mate.herokuapp.com/api/get-city-images/1]
08-05 22:55:53.612 19211 19211 D Nappa   : setCurrentActivity - MetricStrategyAccuracy - 
08-05 22:55:53.612 19211 19211 D Nappa   : madePredictionFromExtra = false, 
08-05 22:55:53.612 19211 19211 D Nappa   : fromActivity = nappagreedy.io.github.project_travel_mate.destinations.description.FinalCityInfoActivity, 
08-05 22:55:53.612 19211 19211 D Nappa   : predictedNextActivityFromExtra = [], 
08-05 22:55:53.612 19211 19211 D Nappa   : activity.getClass().getCanonicalName() = nappagreedy.io.github.project_travel_mate.destinations.description.CityHistoryActivity, 
08-05 22:55:53.612 19211 19211 D Nappa   : PREFETCH_ON_EXTRA - setCurrentActivity - logs - from activity - made prediction isfalse
08-05 22:55:53.612 19211 20056 I NAPPA_EXPERIMENTATION: MetricPrefetchingAccuracy: LOG_ID='15',F1_SCORE_1='0.0',F1_SCORE_2='0.0',TRUE_POSITIVE='0',FALSE_POSITIVE='0',FALSE_NEGATIVE='8',
08-05 22:55:53.612 19211 20056 D CustomInterceptor: HEADER REQUEST
08-05 22:55:53.612 19211 20056 D CustomInterceptor: Authorization Token e817cf733b7893037942a7dc5507f3c5a98408e6
08-05 22:55:53.612 19211 20056 D CustomInterceptor: Cache-Control max-age=300, max-stale=300
08-05 22:55:53.612 19211 20056 D CustomInterceptor: CACHED STATS: size = '8', maxSize = '100', hitCount = '10', createCount = '0', putCount = '8', evictionCount = '0', missCount = '8', toString = 'LruCache[maxSize=100,hits=10,misses=8,hitRate=55%]', 
08-05 22:55:53.612 19211 20056 D CustomInterceptor: PREFLIB GET REQUEST https://project-travel-mate.herokuapp.com/api/get-city-information/1
08-05 22:55:53.612 19211 20056 D CustomInterceptor: PREFLIB found https://project-travel-mate.herokuapp.com/api/get-city-information/1, sending it back
