--------- beginning of main
08-04 19:16:22.769   918   930 W ResourceType: ResTable_typeSpec entry count inconsistent: given 37, previously 42
08-04 19:16:22.769   918   930 W ResourceType: ResTable_typeSpec entry count inconsistent: given 2527, previously 2530
08-04 19:16:22.770   918   930 W ResourceType: ResTable_typeSpec entry count inconsistent: given 2542, previously 2545
08-04 19:16:22.771   918   930 W ResourceType: ResTable_typeSpec entry count inconsistent: given 303, previously 1691
08-04 19:16:22.806 24365  3516 I Fitness : FitCleanupIntentOperation received Intent android.intent.action.PACKAGE_REMOVED [CONTEXT service_id=17 ]
08-04 19:16:22.808  8429  8429 I Finsky  : [1] uah.a(18): PackageMonitorReceiverImpl - Received: android.intent.action.PACKAGE_REMOVED, [CFjXe5fo2ooiLur0Ju3smv2h5qnGgIsGl5_C_SkJu8g]
08-04 19:16:22.809  8429  8429 I Finsky  : [1] ubi.d(9): Invalidating cached PackageState for baseline.de.danoeh.antennapod.debug
08-04 19:16:22.819   918  6112 I AccountManagerService: getTypesVisibleToCaller: isPermitted? true
08-04 19:16:22.821  8429  8429 I Finsky  : [1] lzi.c(2): Frosting ID looked up on UI thread. Caller should move to a background thread.
08-04 19:16:22.825  3784  3784 D CarrierServiceBindHelper: Receive action: android.intent.action.PACKAGE_ADDED
08-04 19:16:22.826  3784  3784 D CarrierServiceBindHelper: Receive action: android.intent.action.PACKAGE_REPLACED
08-04 19:16:22.826  3784  3784 D CarrierServiceBindHelper: mHandler: 3
08-04 19:16:22.826  3784  3784 D CarrierServiceBindHelper: mHandler: 3
08-04 19:16:22.826  3784  3784 D CarrierServiceBindHelper: mHandler: 3
08-04 19:16:22.826  3784  3784 D CarrierConfigLoader: mHandler: 9 phoneId: 0
08-04 19:16:22.829  8429  8429 I Finsky  : [1] nqb.c(3): Installer: package baseline.de.danoeh.antennapod.debug was removed. replacing: true
08-04 19:16:22.830  8429  8429 I Finsky  : [1] nra.a(188): Installer: Notifying status update. package=baseline.de.danoeh.antennapod.debug, status=UNINSTALLED
08-04 19:16:22.846  8429  8429 I Finsky  : [1] lzi.c(2): Frosting ID looked up on UI thread. Caller should move to a background thread.
08-04 19:16:22.865   918  6029 I AccountManagerService: getTypesVisibleToCaller: isPermitted? true
08-04 19:16:22.887  8429  8429 I Finsky  : [1] nra.a(220): Installer: found apps to install. isMultiUserMode=false, apps=[]
08-04 19:16:22.897  8429  3534 I Finsky  : [6087] ejf.a(-1): Cancelled 0 ongoing asset module downloads for package baseline.de.danoeh.antennapod.debug due to a concurrent app update.
08-04 19:16:22.949  8429  3528 I Finsky  : [6085] lyv.run(-1): Wrote row to frosting DB: 2480
08-04 19:16:22.974 24577  3512 I Auth    : [SupervisedAccountIntentOperation] onHandleIntent(): android.intent.action.PACKAGE_ADDED
08-04 19:16:22.974 24577  3512 I ChromeSync: [Sync,SyncIntentOperation] Handling the intent: Intent { act=android.intent.action.PACKAGE_ADDED dat=package:baseline.de.danoeh.antennapod.debug flg=0x4000010 cmp=com.google.android.gms/.chimera.GmsIntentOperationService (has extras) }.
08-04 19:16:22.985  8429  8429 I Finsky  : [1] uah.a(18): PackageMonitorReceiverImpl - Received: android.intent.action.PACKAGE_ADDED, [CFjXe5fo2ooiLur0Ju3smv2h5qnGgIsGl5_C_SkJu8g]
08-04 19:16:22.985  8429  8429 I Finsky  : [1] ubi.d(9): Invalidating cached PackageState for baseline.de.danoeh.antennapod.debug
08-04 19:16:23.008 31450 31450 W Atfwd_Sendcmd: AtCmdFwd service not published, waiting... retryCnt : 3
08-04 19:16:23.010  8429  8429 I Finsky  : [1] lzi.c(2): Frosting ID looked up on UI thread. Caller should move to a background thread.
08-04 19:16:23.035  8429  8653 I Finsky  : [5852] odj.b(52): IQ: Notifying installation update. package=baseline.de.danoeh.antennapod.debug, status=UNINSTALLED
--------- beginning of system
08-04 19:16:23.049   918  6110 W ActivityManager: Unable to start service Intent { act=com.google.android.gms.auth.key.retrieval.service.START pkg=com.google.android.gms } U=0: not found
08-04 19:16:23.051  8429  8429 I Finsky  : [1] agsx.a(4): Do not start WearSupportService due to Wear service optimization
08-04 19:16:23.073  8429  3534 I Finsky  : [6087] ejc.a(-1): Asset module broadcast after update successful for package baseline.de.danoeh.antennapod.debug. 0 sessions broadcast.
08-04 19:16:23.095  8429  8429 I Finsky  : [1] lzi.c(2): Frosting ID looked up on UI thread. Caller should move to a background thread.
08-04 19:16:23.098   918  3696 I AccountManagerService: getTypesVisibleToCaller: isPermitted? true
08-04 19:16:23.100 24577  3512 I ChromeSync: [Persistence,AffiliationManager] One of affiliation or grouping data for android://bz0hZa4nAJEtd0n5sRlXG7KAqctUMWVefv7Ki4mh1p6slZ9YO-n9gS9j8m9YCrsIyI2wIxrDHraumF9Y6pBLTA==@baseline.de.danoeh.antennapod.debug/ was not found. Marking affiliation data as stale...
08-04 19:16:23.135   918  3961 W ActivityManager: Unbind failed: could not find connection for android.os.BinderProxy@8cf460b
08-04 19:16:23.135 24577 24621 E GmsClient: unable to connect to service: com.google.android.gms.auth.key.retrieval.service.START on com.google.android.gms
08-04 19:16:23.211  8429  3533 I Finsky  : [6086] gzn.a(-1): [ContentSync] finished, scheduled=false
08-04 19:16:23.221  8429  8653 I Finsky  : [5852] odj.b(40): IQ: No matching installs to run for jobs: []
08-04 19:16:23.227  8429  3528 I Finsky  : [6085] lyv.run(-1): Wrote row to frosting DB: 2481
08-04 19:16:23.260   918  5952 I AccountManagerService: getTypesVisibleToCaller: isPermitted? true
08-04 19:16:23.297  8429  8429 I Finsky  : [1] xmu.a(8): SCH: Jobs in database: 1-1337 3-197 3-198 12-1 24-77777777 26-1414141414 
08-04 19:16:23.299  8429  8429 I Finsky  : [1] xio.a(57): SCH: ConstraintMapping: 24-77777777,  -> L: 0ms, D: 6817539ms, C: false, I: true, N: 0
08-04 19:16:23.300  8429  8429 I Finsky  : [1] xio.a(57): SCH: ConstraintMapping: 1-1337, 12-1,  -> L: 14547ms, D: 53369607ms, C: false, I: false, N: 1
08-04 19:16:23.300  8429  8429 I Finsky  : [1] xio.a(57): SCH: ConstraintMapping: 3-197,  -> L: 0ms, D: 78247534ms, C: false, I: true, N: 2
08-04 19:16:23.301  8429  8429 I Finsky  : [1] xio.a(57): SCH: ConstraintMapping: 3-198,  -> L: 0ms, D: 78247593ms, C: true, I: true, N: 2
08-04 19:16:23.301  8429  8429 I Finsky  : [1] xio.a(57): SCH: ConstraintMapping: 26-1414141414,  -> L: 14282738ms, D: 15182738ms, C: false, I: false, N: 0
08-04 19:16:23.303  8429  3533 I Finsky  : [6086] gzn.a(-1): [ContentSync] finished, scheduled=true
08-04 19:16:23.317  8429  8429 I Finsky  : [1] xle.a(34): Cancelling existing jobscheduler jobs: 9003 9000 9009 9005 9004 9008 9002 9006 9007 9010 
08-04 19:16:23.318  8429  8429 I Finsky  : [1] xle.a(27): Scheduling job Id: 9001, L: 0, D: 6817539, C: false, I: true, N: 0
08-04 19:16:23.320  8429  8429 I Finsky  : [1] xle.a(27): Scheduling job Id: 9011, L: 14547, D: 53369607, C: false, I: false, N: 1
08-04 19:16:23.322  8429  8429 I Finsky  : [1] xle.a(27): Scheduling job Id: 9012, L: 0, D: 78247534, C: false, I: true, N: 2
08-04 19:16:23.329  8429  8429 I Finsky  : [1] xle.a(27): Scheduling job Id: 9013, L: 0, D: 78247593, C: true, I: true, N: 2
08-04 19:16:23.335  8429  8429 I Finsky  : [1] xle.a(27): Scheduling job Id: 9014, L: 14282738, D: 15182738, C: false, I: false, N: 0
08-04 19:16:23.338  8429  8429 I Finsky  : [1] xle.a(27): Scheduling job Id: 9015, L: 0, D: 6817539, C: false, I: true, N: 0
08-04 19:16:23.339  8429  8429 I Finsky  : [1] xle.a(27): Scheduling job Id: 9016, L: 14547, D: 53369607, C: false, I: false, N: 1
08-04 19:16:23.342  8429  8429 I Finsky  : [1] xle.a(27): Scheduling job Id: 9017, L: 0, D: 78247534, C: false, I: true, N: 2
08-04 19:16:23.343  8429  8429 I Finsky  : [1] xle.a(27): Scheduling job Id: 9018, L: 0, D: 78247593, C: true, I: true, N: 2
08-04 19:16:23.348  8429  8429 I Finsky  : [1] xle.a(27): Scheduling job Id: 9019, L: 14282738, D: 15182738, C: false, I: false, N: 0
08-04 19:16:23.357  8429  3528 I Finsky  : [6085] lyv.run(-1): Wrote row to frosting DB: 2482
08-04 19:16:23.361  3545  3545 D AndroidRuntime: >>>>>> START com.android.internal.os.RuntimeInit uid 2000 <<<<<<
08-04 19:16:23.365  3545  3545 D AndroidRuntime: CheckJNI is OFF
08-04 19:16:23.389  3545  3545 D ICU     : No timezone override file found: /data/misc/zoneinfo/current/icu/icu_tzdata.dat
08-04 19:16:23.407  8429  3528 I Finsky  : [6085] lyv.run(-1): Wrote row to frosting DB: 2483
08-04 19:16:23.417  3545  3545 I Radio-JNI: register_android_hardware_Radio DONE
08-04 19:16:23.431 24577 13316 I Icing   : IndexChimeraService.getServiceInterface callingPackage=com.google.android.gms componentName=AppsCorpus serviceId=36
08-04 19:16:23.432  3545  3545 D AndroidRuntime: Calling main entry com.android.commands.monkey.Monkey
08-04 19:16:23.447   918   931 W BroadcastQueue: Skipping deliver [background] BroadcastRecord{e878a30 u-1 android.net.conn.CONNECTIVITY_CHANGE} to ReceiverList{cf0a6a9 3545 (unknown name)/2000/u-1 remote:cc3abe2}: process crashing
08-04 19:16:23.463   918  5132 I ActivityManager: START u0 {act=android.intent.action.MAIN cat=[android.intent.category.LAUNCHER] flg=0x10200000 cmp=baseline.de.danoeh.antennapod.debug/baseline.de.danoeh.antennapod.activity.SplashActivity} from uid 2000 on display 0
08-04 19:16:23.468   918  6111 I AccountManagerService: getTypesVisibleToCaller: isPermitted? true
08-04 19:16:23.481   918  3696 I ActivityManager: Start proc 3560:baseline.de.danoeh.antennapod.debug/u0a670 for activity baseline.de.danoeh.antennapod.debug/baseline.de.danoeh.antennapod.activity.SplashActivity
08-04 19:16:23.482  3560  3560 I art     : Late-enabling -Xcheck:jni
08-04 19:16:23.485  3545  3545 I art     : System.exit called, status: 0
08-04 19:16:23.485  3545  3545 I AndroidRuntime: VM exiting with result code 0.
08-04 19:16:23.487 24577  4963 W Icing   : No valid account for uploading user actions
08-04 19:16:23.535  3560  3560 W System  : ClassLoader referenced unknown path: /data/app/baseline.de.danoeh.antennapod.debug-1/lib/arm64
08-04 19:16:23.536 24577 13316 I Icing   : IndexChimeraService.getServiceInterface callingPackage=com.google.android.gms componentName=null serviceId=30
08-04 19:16:23.564  3560  3560 D UserPreferences: Creating new instance of UserPreferences
08-04 19:16:23.567  3560  3560 D UserPreferences: Using default data folder
08-04 19:16:23.569 24577  4963 I Icing   : Usage reports ok 1, Failed Usage reports 0, indexed 0, rejected 0
08-04 19:16:23.572  6490 23445 I PBSessionCacheImpl: Deleted sessionId[28544918408651598] from persistence.
08-04 19:16:23.573  3560  3560 D UserPreferences: Import directory already exists
08-04 19:16:23.575 24577  4963 W Icing   : No valid account for uploading user actions
08-04 19:16:23.582  6490  6520 W SearchServiceCore: Abort, client detached.
08-04 19:16:23.583  6490  6520 I MicroDetectionState: Should stop hotword detection immediately - true
08-04 19:16:23.590  3560  3560 D UpdateManager: old: -1, current: 1070296
08-04 19:16:23.593  3560  3560 D SleepTimerPreferences: Creating new instance of SleepTimerPreferences
08-04 19:16:23.611  3560  3560 D SPAUtil : Sending SP_APPS_QUERY_FEEDS intent
08-04 19:16:23.619 24577  4963 I Icing   : Usage reports ok 1, Failed Usage reports 0, indexed 0, rejected 0
08-04 19:16:23.619 24577  4963 I Icing   : Indexing com.google.android.gms-internal.3p:MobileApplication from com.google.android.gms using seqno 763
08-04 19:16:23.621 24577  4963 I Icing   : Indexing com.google.android.gms-internal.3p:MobileApplication from com.google.android.gms using seqno 763
08-04 19:16:23.642  3560  3560 W art     : Before Android 4.1, method android.graphics.PorterDuffColorFilter androidx.vectordrawable.graphics.drawable.VectorDrawableCompat.updateTintFilter(android.graphics.PorterDuffColorFilter, android.content.res.ColorStateList, android.graphics.PorterDuff$Mode) would have incorrectly overridden the package-private method in android.graphics.drawable.Drawable
08-04 19:16:23.651 24577 13316 I Icing   : IndexChimeraService.getServiceInterface callingPackage=com.google.android.gms componentName=null serviceId=36
08-04 19:16:23.656 24577 23605 W Icing   : No valid account for uploading user actions
08-04 19:16:23.668 24577 23605 I Icing   : Usage reports ok 0, Failed Usage reports 0, indexed 0, rejected 0
08-04 19:16:23.671  3560  3560 I art     : Rejecting re-init on previously-failed class java.lang.Class<androidx.core.view.ViewCompat$2>
08-04 19:16:23.671  3560  3560 I art     : Rejecting re-init on previously-failed class java.lang.Class<androidx.core.view.ViewCompat$2>
08-04 19:16:23.697  3560  3581 D OpenGLRenderer: Use EGL_SWAP_BEHAVIOR_PRESERVED: true
08-04 19:16:23.741  3560  3581 I Adreno  : QUALCOMM build                   : fcf4852, I1af360237c
08-04 19:16:23.741  3560  3581 I Adreno  : Build Date                       : 09/23/15
08-04 19:16:23.741  3560  3581 I Adreno  : OpenGL ES Shader Compiler Version: XE031.05.13.02
08-04 19:16:23.741  3560  3581 I Adreno  : Local Branch                     : mybranch14465806
08-04 19:16:23.741  3560  3581 I Adreno  : Remote Branch                    : quic/LA.BF64.1.2.9_v2
08-04 19:16:23.741  3560  3581 I Adreno  : Remote Branch                    : NONE
08-04 19:16:23.741  3560  3581 I Adreno  : Reconstruct Branch               : NOTHING
08-04 19:16:23.747  3560  3581 I OpenGLRenderer: Initialized EGL, version 1.4
08-04 19:16:23.777   918  3359 I ActivityManager: START u0 {cmp=baseline.de.danoeh.antennapod.debug/baseline.de.danoeh.antennapod.activity.MainActivity} from uid 10670 on display 0
08-04 19:16:23.777 13866 13866 I GoogleInputMethodServic: GoogleInputMethodService.onFinishInput():3138 
08-04 19:16:23.778 13866 13866 I GoogleInputMethodServic: GoogleInputMethodService.onStartInput():1808 
08-04 19:16:23.874   918   931 I ProcessStatsService: Prepared write state in 3ms
08-04 19:16:23.894  3560  3560 D UserPreferences: Using default data folder
08-04 19:16:23.929  3560  3560 D MainActivity: getLastNavFragment() -> QueueFragment
08-04 19:16:23.929  3560  3560 D MainActivity: loadFragment(tag: QueueFragment, args: null)
08-04 19:16:23.932  3560  3560 D MainActivity: saveLastNavFragment(tag: QueueFragment)
08-04 19:16:23.932  3560  3560 D MainActivity: getLastNavFragment() -> QueueFragment
08-04 19:16:23.933  3560  3560 D UserPreferences: timeOfDay: []
08-04 19:16:23.936  3560  3560 D AutoUpdateManager: Restarting update alarm.
08-04 19:16:23.939  3560  3560 D AutoUpdateManager: Changed alarm to new interval 12 h
08-04 19:16:23.959  3560  3560 D UserPreferences: timeOfDay: []
08-04 19:16:23.959  3560  3560 D AutoUpdateManager: Restarting update alarm.
08-04 19:16:23.961  3560  3560 D AutoUpdateManager: Changed alarm to new interval 12 h
08-04 19:16:24.000  3560  3560 D ExternalPlayerFragment: Loading media info
08-04 19:16:24.002  3560  3560 D QueueFragment: loadItems()
08-04 19:16:24.008  3560  3580 D DBReader: getQueue() called
08-04 19:16:24.009  3560  3580 D DBReader: getQueue()
08-04 19:16:24.010  3560  3580 D DBReader: getFavoriteIDList() called
08-04 19:16:24.011  3560  3580 D DBReader: getQueueIDList() called
08-04 19:16:24.011  3560  3580 D DBReader: Extracting Feedlist
08-04 19:16:24.014  3560  3560 V PlaybackController: initServiceNotRunning()
08-04 19:16:24.014  3560  3560 D ExternalPlayerFragment: Loading media info
08-04 19:16:24.018  3560  3560 D UserPreferences: Using default data folder
08-04 19:16:24.021  3560  3560 D AutoUpdateManager: last refresh: 443489 hours 16 minutes ago
08-04 19:16:24.021  3560  3580 D DBReader: getNavDrawerData() called with: 
08-04 19:16:24.027  3560  3580 D DBReader: getDownloadedItems() called
08-04 19:16:24.027  3560  3580 D DBReader: getFavoriteIDList() called
08-04 19:16:24.030  3560  3580 D DBReader: getQueueIDList() called
08-04 19:16:24.031  3560  3580 D DBReader: Extracting Feedlist
08-04 19:16:24.048   380   380 W SurfaceFlinger: couldn't log to binary event log: overflow.
08-04 19:16:24.238   918   936 I ActivityManager: Displayed baseline.de.danoeh.antennapod.debug/baseline.de.danoeh.antennapod.activity.MainActivity: +372ms (total +768ms)
08-04 19:16:24.240  3560  3560 D MainActivity: getLastNavFragment() -> QueueFragment
08-04 19:16:24.241  3560  3560 D MainActivity: handleNavIntent()
08-04 19:16:24.242 13866 13866 I GoogleInputMethodServic: GoogleInputMethodService.onFinishInput():3138 
08-04 19:16:24.242 13866 13866 I GoogleInputMethodServic: GoogleInputMethodService.onStartInput():1808 
08-04 19:16:24.266 29532 29532 W PathParser: Points are too far apart 4.030360828967057
08-04 19:16:24.266 29532 29532 W PathParser: Points are too far apart 4.030360538880159
08-04 19:16:24.282 29532 29532 W PathParser: Points are too far apart 4.030360828967057
08-04 19:16:24.282 29532 29532 W PathParser: Points are too far apart 4.030360538880159
08-04 19:16:24.298 29532 29532 W PathParser: Points are too far apart 4.030360828967057
08-04 19:16:24.299 29532 29532 W PathParser: Points are too far apart 4.030360538880159
08-04 19:16:24.315 29532 29532 W PathParser: Points are too far apart 4.030360828967057
08-04 19:16:24.316 29532 29532 W PathParser: Points are too far apart 4.030360538880159
08-04 19:16:24.332 29532 29532 W PathParser: Points are too far apart 4.030360828967057
08-04 19:16:24.333 29532 29532 W PathParser: Points are too far apart 4.030360538880159
08-04 19:16:24.349 29532 29532 W PathParser: Points are too far apart 4.030360828967057
08-04 19:16:24.350 29532 29532 W PathParser: Points are too far apart 4.030360538880159
08-04 19:16:24.366 29532 29532 W PathParser: Points are too far apart 4.030360828967057
08-04 19:16:24.366 29532 29532 W PathParser: Points are too far apart 4.030360538880159
08-04 19:16:24.383 29532 29532 W PathParser: Points are too far apart 4.030360828967057
08-04 19:16:24.383 29532 29532 W PathParser: Points are too far apart 4.030360538880159
08-04 19:16:24.572 24577 23605 I Icing   : Indexing com.google.android.gms-apps from com.google.android.gms
08-04 19:16:24.664 24577 23605 I Icing   : Indexing done com.google.android.gms-apps
08-04 19:16:25.033  3560  3609 D DBReader: Extracting Feedlist
08-04 19:16:25.035  3560  3609 D FlattrUtils: Retrieving access token
08-04 19:16:25.036  3560  3609 D FlattrUtils: No access token found
08-04 19:16:25.038  3560  3609 I art     : Rejecting re-init on previously-failed class java.lang.Class<androidx.core.app.JobIntentService$JobServiceEngineImpl>
08-04 19:16:25.039  3560  3609 I art     : Rejecting re-init on previously-failed class java.lang.Class<androidx.core.app.JobIntentService$JobServiceEngineImpl>
08-04 19:16:25.040  3560  3609 I art     : Rejecting re-init on previously-failed class java.lang.Class<androidx.core.app.SafeJobIntentService$SafeJobServiceEngineImpl>
08-04 19:16:25.040  3560  3609 I art     : Rejecting re-init on previously-failed class java.lang.Class<androidx.core.app.SafeJobIntentService$SafeJobServiceEngineImpl>
08-04 19:16:25.105  3605  3605 D AndroidRuntime: >>>>>> START com.android.internal.os.RuntimeInit uid 2000 <<<<<<
08-04 19:16:25.110  3605  3605 D AndroidRuntime: CheckJNI is OFF
08-04 19:16:25.141  3605  3605 D ICU     : No timezone override file found: /data/misc/zoneinfo/current/icu/icu_tzdata.dat
08-04 19:16:25.193  3605  3605 I Radio-JNI: register_android_hardware_Radio DONE
08-04 19:16:25.212  3605  3605 D AndroidRuntime: Calling main entry com.android.commands.am.Am
08-04 19:16:25.224  8245  8245 I Trepn   : Trepn 6.2s: Received intent: com.quicinc.trepn.start_profiling
08-04 19:16:25.392  8245  8245 W FileUtils: Failed to chmod(/storage/emulated/0/trepn/Trepn_2020.08.04_191625.db): android.system.ErrnoException: chmod failed: EPERM (Operation not permitted)
08-04 19:16:25.498 13866 13866 I GoogleInputMethodServic: GoogleInputMethodService.onFinishInput():3138 
08-04 19:16:25.502 13866 13866 I GoogleInputMethodServic: GoogleInputMethodService.onStartInput():1808 
08-04 19:16:25.587  8245  8245 I Trepn   : Trepn 6.2s: Trepn has Started Profiling.
08-04 19:16:25.589  3605  3605 D AndroidRuntime: Shutting down VM
08-04 19:16:26.080  3560  3582 I art     : Starting a blocking GC Explicit
08-04 19:16:26.118  3560  3582 I art     : Explicit concurrent mark sweep GC freed 22525(2MB) AllocSpace objects, 7(140KB) LOS objects, 40% free, 23MB/38MB, paused 286us total 37.568ms
08-04 19:16:26.127  3560  3582 I art     : Starting a blocking GC Explicit
08-04 19:16:26.140  3560  3582 I art     : Explicit concurrent mark sweep GC freed 3340(193KB) AllocSpace objects, 1(560KB) LOS objects, 40% free, 22MB/37MB, paused 159us total 13.076ms
08-04 19:16:26.147  3560  3582 I art     : Starting a blocking GC Explicit
08-04 19:16:26.160  3560  3582 I art     : Explicit concurrent mark sweep GC freed 13(464B) AllocSpace objects, 1(28KB) LOS objects, 40% free, 22MB/37MB, paused 144us total 12.620ms
08-04 19:16:26.166  3560  3582 I art     : Starting a blocking GC Explicit
08-04 19:16:26.178  3560  3582 I art     : Explicit concurrent mark sweep GC freed 3(96B) AllocSpace objects, 0(0B) LOS objects, 40% free, 22MB/37MB, paused 147us total 12.267ms
08-04 19:16:26.184  3560  3582 I art     : Starting a blocking GC Explicit
08-04 19:16:26.197  3560  3582 I art     : Explicit concurrent mark sweep GC freed 3(96B) AllocSpace objects, 0(0B) LOS objects, 40% free, 22MB/37MB, paused 167us total 12.274ms
08-04 19:16:26.372   918  3261 D WifiStateMachine: starting scan for "H369AA63323"WPA_PSK with 2412,5180
08-04 19:16:26.471  3560  3573 I art     : Starting a blocking GC Explicit
08-04 19:16:26.489  3560  3573 I art     : Explicit concurrent mark sweep GC freed 1371(82KB) AllocSpace objects, 1(20KB) LOS objects, 40% free, 22MB/37MB, paused 181us total 18.215ms
08-04 19:16:26.500  3560  3573 I art     : Starting a blocking GC Explicit
08-04 19:16:26.513  3560  3573 I art     : Explicit concurrent mark sweep GC freed 23(752B) AllocSpace objects, 0(0B) LOS objects, 40% free, 22MB/37MB, paused 140us total 13ms
08-04 19:16:26.520  3560  3573 I art     : Starting a blocking GC Explicit
08-04 19:16:26.532  3560  3573 I art     : Explicit concurrent mark sweep GC freed 3(96B) AllocSpace objects, 0(0B) LOS objects, 40% free, 22MB/37MB, paused 137us total 12.313ms
08-04 19:16:26.538  3560  3573 I art     : Starting a blocking GC Explicit
08-04 19:16:26.550  3560  3573 I art     : Explicit concurrent mark sweep GC freed 3(96B) AllocSpace objects, 0(0B) LOS objects, 40% free, 22MB/37MB, paused 127us total 11.757ms
08-04 19:16:26.556  3560  3573 I art     : Starting a blocking GC Explicit
08-04 19:16:26.567  3560  3573 I art     : Explicit concurrent mark sweep GC freed 3(96B) AllocSpace objects, 0(0B) LOS objects, 40% free, 22MB/37MB, paused 126us total 11.292ms
08-04 19:16:26.840  3560  3572 I art     : Starting a blocking GC Explicit
08-04 19:16:26.855  3560  3572 I art     : Explicit concurrent mark sweep GC freed 1385(80KB) AllocSpace objects, 1(20KB) LOS objects, 40% free, 22MB/37MB, paused 172us total 14.643ms
08-04 19:16:26.862  3560  3572 I art     : Starting a blocking GC Explicit
08-04 19:16:26.875  3560  3572 I art     : Explicit concurrent mark sweep GC freed 23(752B) AllocSpace objects, 0(0B) LOS objects, 40% free, 22MB/37MB, paused 150us total 13.006ms
08-04 19:16:26.882  3560  3572 I art     : Starting a blocking GC Explicit
08-04 19:16:26.894  3560  3572 I art     : Explicit concurrent mark sweep GC freed 3(96B) AllocSpace objects, 0(0B) LOS objects, 40% free, 22MB/37MB, paused 136us total 11.921ms
08-04 19:16:26.900  3560  3572 I art     : Starting a blocking GC Explicit
08-04 19:16:26.912  3560  3572 I art     : Explicit concurrent mark sweep GC freed 3(96B) AllocSpace objects, 0(0B) LOS objects, 40% free, 22MB/37MB, paused 141us total 11.789ms
08-04 19:16:26.919  3560  3572 I art     : Starting a blocking GC Explicit
08-04 19:16:26.930  3560  3572 I art     : Explicit concurrent mark sweep GC freed 3(96B) AllocSpace objects, 0(0B) LOS objects, 40% free, 22MB/37MB, paused 121us total 11.279ms
08-04 19:16:27.232  3560  3573 I art     : Starting a blocking GC Explicit
08-04 19:16:27.248  3560  3573 I art     : Explicit concurrent mark sweep GC freed 1382(80KB) AllocSpace objects, 1(20KB) LOS objects, 40% free, 22MB/37MB, paused 179us total 15.478ms
08-04 19:16:27.255  3560  3573 I art     : Starting a blocking GC Explicit
08-04 19:16:27.270  3560  3573 I art     : Explicit concurrent mark sweep GC freed 26(848B) AllocSpace objects, 0(0B) LOS objects, 40% free, 22MB/37MB, paused 205us total 14.186ms
08-04 19:16:27.277  3560  3573 I art     : Starting a blocking GC Explicit
08-04 19:16:27.288  3560  3573 I art     : Explicit concurrent mark sweep GC freed 5(160B) AllocSpace objects, 0(0B) LOS objects, 40% free, 22MB/37MB, paused 138us total 10.983ms
08-04 19:16:27.294  3560  3573 I art     : Starting a blocking GC Explicit
08-04 19:16:27.305  3560  3573 I art     : Explicit concurrent mark sweep GC freed 5(160B) AllocSpace objects, 0(0B) LOS objects, 40% free, 22MB/37MB, paused 127us total 11.052ms
08-04 19:16:27.312  3560  3573 I art     : Starting a blocking GC Explicit
08-04 19:16:27.323  3560  3573 I art     : Explicit concurrent mark sweep GC freed 4(128B) AllocSpace objects, 0(0B) LOS objects, 40% free, 22MB/37MB, paused 135us total 10.810ms
08-04 19:16:27.628  3560  3572 I art     : Starting a blocking GC Explicit
08-04 19:16:27.648  3560  3572 I art     : Explicit concurrent mark sweep GC freed 1359(79KB) AllocSpace objects, 1(20KB) LOS objects, 40% free, 22MB/37MB, paused 176us total 19.159ms
08-04 19:16:27.657  3560  3572 I art     : Starting a blocking GC Explicit
08-04 19:16:27.671  3560  3572 I art     : Explicit concurrent mark sweep GC freed 23(752B) AllocSpace objects, 0(0B) LOS objects, 40% free, 22MB/37MB, paused 136us total 13.325ms
08-04 19:16:27.677  3560  3572 I art     : Starting a blocking GC Explicit
08-04 19:16:27.691  3560  3572 I art     : Explicit concurrent mark sweep GC freed 28(784B) AllocSpace objects, 0(0B) LOS objects, 40% free, 22MB/37MB, paused 140us total 13.115ms
08-04 19:16:27.697  3560  3572 I art     : Starting a blocking GC Explicit
08-04 19:16:27.710  3560  3572 I art     : Explicit concurrent mark sweep GC freed 3(96B) AllocSpace objects, 0(0B) LOS objects, 40% free, 22MB/37MB, paused 131us total 12.306ms
08-04 19:16:27.717  3560  3572 I art     : Starting a blocking GC Explicit
08-04 19:16:27.729  3560  3572 I art     : Explicit concurrent mark sweep GC freed 3(96B) AllocSpace objects, 0(0B) LOS objects, 40% free, 22MB/37MB, paused 139us total 12.404ms
08-04 19:16:28.038  3560  3582 I art     : Starting a blocking GC Explicit
08-04 19:16:28.058  3560  3582 I art     : Explicit concurrent mark sweep GC freed 1358(80KB) AllocSpace objects, 1(20KB) LOS objects, 40% free, 22MB/37MB, paused 264us total 19.712ms
08-04 19:16:28.070  3560  3582 I art     : Starting a blocking GC Explicit
08-04 19:16:28.083  3560  3582 I art     : Explicit concurrent mark sweep GC freed 23(752B) AllocSpace objects, 0(0B) LOS objects, 40% free, 22MB/37MB, paused 144us total 12.629ms
08-04 19:16:28.090  3560  3582 I art     : Starting a blocking GC Explicit
08-04 19:16:28.102  3560  3582 I art     : Explicit concurrent mark sweep GC freed 3(96B) AllocSpace objects, 0(0B) LOS objects, 40% free, 22MB/37MB, paused 142us total 12.526ms
08-04 19:16:28.108  3560  3582 I art     : Starting a blocking GC Explicit
08-04 19:16:28.120  3560  3582 I art     : Explicit concurrent mark sweep GC freed 3(96B) AllocSpace objects, 0(0B) LOS objects, 40% free, 22MB/37MB, paused 137us total 11.927ms
08-04 19:16:28.126  3560  3582 I art     : Starting a blocking GC Explicit
08-04 19:16:28.139  3560  3582 I art     : Explicit concurrent mark sweep GC freed 3(96B) AllocSpace objects, 0(0B) LOS objects, 40% free, 22MB/37MB, paused 142us total 12.529ms
08-04 19:16:28.447  3560  3573 I art     : Starting a blocking GC Explicit
08-04 19:16:28.466  3560  3573 I art     : Explicit concurrent mark sweep GC freed 1360(81KB) AllocSpace objects, 1(20KB) LOS objects, 40% free, 22MB/37MB, paused 178us total 18.504ms
08-04 19:16:28.476  3560  3573 I art     : Starting a blocking GC Explicit
08-04 19:16:28.489  3560  3573 I art     : Explicit concurrent mark sweep GC freed 23(752B) AllocSpace objects, 0(0B) LOS objects, 40% free, 22MB/37MB, paused 147us total 12.913ms
08-04 19:16:28.495  3560  3573 I art     : Starting a blocking GC Explicit
08-04 19:16:28.508  3560  3573 I art     : Explicit concurrent mark sweep GC freed 3(96B) AllocSpace objects, 0(0B) LOS objects, 40% free, 22MB/37MB, paused 142us total 12.924ms
08-04 19:16:28.515  3560  3573 I art     : Starting a blocking GC Explicit
08-04 19:16:28.528  3560  3573 I art     : Explicit concurrent mark sweep GC freed 3(96B) AllocSpace objects, 0(0B) LOS objects, 40% free, 22MB/37MB, paused 146us total 12.795ms
08-04 19:16:28.534  3560  3573 I art     : Starting a blocking GC Explicit
08-04 19:16:28.547  3560  3573 I art     : Explicit concurrent mark sweep GC freed 3(96B) AllocSpace objects, 0(0B) LOS objects, 40% free, 22MB/37MB, paused 154us total 12.797ms
08-04 19:16:28.848  3560  3572 I art     : Starting a blocking GC Explicit
08-04 19:16:28.868  3560  3572 I art     : Explicit concurrent mark sweep GC freed 1384(82KB) AllocSpace objects, 1(20KB) LOS objects, 40% free, 22MB/37MB, paused 178us total 19.607ms
08-04 19:16:28.879  3560  3572 I art     : Starting a blocking GC Explicit
08-04 19:16:28.898  3560  3572 I art     : Explicit concurrent mark sweep GC freed 23(752B) AllocSpace objects, 0(0B) LOS objects, 40% free, 22MB/37MB, paused 153us total 18.855ms
08-04 19:16:28.905  3560  3572 I art     : Starting a blocking GC Explicit
08-04 19:16:28.919  3560  3572 I art     : Explicit concurrent mark sweep GC freed 3(96B) AllocSpace objects, 0(0B) LOS objects, 40% free, 22MB/37MB, paused 147us total 13.054ms
08-04 19:16:28.925  3560  3572 I art     : Starting a blocking GC Explicit
08-04 19:16:28.938  3560  3572 I art     : Explicit concurrent mark sweep GC freed 3(96B) AllocSpace objects, 0(0B) LOS objects, 40% free, 22MB/37MB, paused 139us total 12.454ms
08-04 19:16:28.944  3560  3572 I art     : Starting a blocking GC Explicit
08-04 19:16:28.957  3560  3572 I art     : Explicit concurrent mark sweep GC freed 3(96B) AllocSpace objects, 0(0B) LOS objects, 40% free, 22MB/37MB, paused 139us total 12.568ms
08-04 19:16:29.270  3560  3582 I art     : Starting a blocking GC Explicit
08-04 19:16:29.292  3560  3582 I art     : Explicit concurrent mark sweep GC freed 1358(79KB) AllocSpace objects, 1(20KB) LOS objects, 40% free, 22MB/37MB, paused 175us total 22.130ms
08-04 19:16:29.305  3560  3582 I art     : Starting a blocking GC Explicit
08-04 19:16:29.317  3560  3582 I art     : Explicit concurrent mark sweep GC freed 23(752B) AllocSpace objects, 0(0B) LOS objects, 40% free, 22MB/37MB, paused 135us total 11.586ms
08-04 19:16:29.323  3560  3582 I art     : Starting a blocking GC Explicit
08-04 19:16:29.335  3560  3582 I art     : Explicit concurrent mark sweep GC freed 3(96B) AllocSpace objects, 0(0B) LOS objects, 40% free, 22MB/37MB, paused 129us total 11.511ms
08-04 19:16:29.340  3560  3582 I art     : Starting a blocking GC Explicit
08-04 19:16:29.350  3560  3582 I art     : Explicit concurrent mark sweep GC freed 3(96B) AllocSpace objects, 0(0B) LOS objects, 40% free, 22MB/37MB, paused 128us total 10.212ms
08-04 19:16:29.356  3560  3582 I art     : Starting a blocking GC Explicit
08-04 19:16:29.366  3560  3582 I art     : Explicit concurrent mark sweep GC freed 3(96B) AllocSpace objects, 0(0B) LOS objects, 40% free, 22MB/37MB, paused 125us total 10.252ms
08-04 19:16:29.629  3560  3573 I art     : Starting a blocking GC Explicit
08-04 19:16:29.648  3560  3573 I art     : Explicit concurrent mark sweep GC freed 1358(79KB) AllocSpace objects, 1(20KB) LOS objects, 40% free, 22MB/37MB, paused 251us total 18.533ms
08-04 19:16:29.657  3560  3573 I art     : Starting a blocking GC Explicit
08-04 19:16:29.670  3560  3573 I art     : Explicit concurrent mark sweep GC freed 23(752B) AllocSpace objects, 0(0B) LOS objects, 40% free, 22MB/37MB, paused 153us total 13.577ms
08-04 19:16:29.677  3560  3573 I art     : Starting a blocking GC Explicit
08-04 19:16:29.689  3560  3573 I art     : Explicit concurrent mark sweep GC freed 28(784B) AllocSpace objects, 0(0B) LOS objects, 40% free, 22MB/37MB, paused 146us total 12.347ms
08-04 19:16:29.696  3560  3573 I art     : Starting a blocking GC Explicit
08-04 19:16:29.709  3560  3573 I art     : Explicit concurrent mark sweep GC freed 3(96B) AllocSpace objects, 0(0B) LOS objects, 40% free, 22MB/37MB, paused 147us total 12.763ms
08-04 19:16:29.715  3560  3573 I art     : Starting a blocking GC Explicit
08-04 19:16:29.728  3560  3573 I art     : Explicit concurrent mark sweep GC freed 3(96B) AllocSpace objects, 0(0B) LOS objects, 40% free, 22MB/37MB, paused 137us total 12.742ms
08-04 19:16:30.018  3560  3572 I art     : Starting a blocking GC Explicit
08-04 19:16:30.033  3560  3572 I art     : Explicit concurrent mark sweep GC freed 1358(79KB) AllocSpace objects, 1(20KB) LOS objects, 40% free, 22MB/37MB, paused 149us total 15.179ms
08-04 19:16:30.040  3560  3572 I art     : Starting a blocking GC Explicit
08-04 19:16:30.054  3560  3572 I art     : Explicit concurrent mark sweep GC freed 23(752B) AllocSpace objects, 0(0B) LOS objects, 40% free, 22MB/37MB, paused 143us total 13.101ms
08-04 19:16:30.060  3560  3572 I art     : Starting a blocking GC Explicit
08-04 19:16:30.073  3560  3572 I art     : Explicit concurrent mark sweep GC freed 3(96B) AllocSpace objects, 0(0B) LOS objects, 40% free, 22MB/37MB, paused 140us total 13.076ms
08-04 19:16:30.080  3560  3572 I art     : Starting a blocking GC Explicit
08-04 19:16:30.093  3560  3572 I art     : Explicit concurrent mark sweep GC freed 3(96B) AllocSpace objects, 0(0B) LOS objects, 40% free, 22MB/37MB, paused 134us total 12.700ms
08-04 19:16:30.099  3560  3572 I art     : Starting a blocking GC Explicit
08-04 19:16:30.111  3560  3572 I art     : Explicit concurrent mark sweep GC freed 3(96B) AllocSpace objects, 0(0B) LOS objects, 40% free, 22MB/37MB, paused 125us total 12.338ms
08-04 19:16:30.424  3560  3582 I art     : Starting a blocking GC Explicit
08-04 19:16:30.439  3560  3582 I art     : Explicit concurrent mark sweep GC freed 1358(79KB) AllocSpace objects, 1(20KB) LOS objects, 40% free, 22MB/37MB, paused 165us total 14.482ms
08-04 19:16:30.446  3560  3582 I art     : Starting a blocking GC Explicit
08-04 19:16:30.459  3560  3582 I art     : Explicit concurrent mark sweep GC freed 23(752B) AllocSpace objects, 0(0B) LOS objects, 40% free, 22MB/37MB, paused 146us total 12.862ms
08-04 19:16:30.465  3560  3582 I art     : Starting a blocking GC Explicit
08-04 19:16:30.477  3560  3582 I art     : Explicit concurrent mark sweep GC freed 3(96B) AllocSpace objects, 0(0B) LOS objects, 40% free, 22MB/37MB, paused 131us total 11.650ms
08-04 19:16:30.483  3560  3582 I art     : Starting a blocking GC Explicit
08-04 19:16:30.495  3560  3582 I art     : Explicit concurrent mark sweep GC freed 3(96B) AllocSpace objects, 0(0B) LOS objects, 40% free, 22MB/37MB, paused 128us total 11.709ms
08-04 19:16:30.501  3560  3582 I art     : Starting a blocking GC Explicit
08-04 19:16:30.512  3560  3582 I art     : Explicit concurrent mark sweep GC freed 3(96B) AllocSpace objects, 0(0B) LOS objects, 40% free, 22MB/37MB, paused 138us total 11.114ms
08-04 19:16:30.748  3560  3573 I art     : Starting a blocking GC Explicit
08-04 19:16:30.760  3560  3573 I art     : Explicit concurrent mark sweep GC freed 1382(80KB) AllocSpace objects, 1(20KB) LOS objects, 40% free, 22MB/37MB, paused 157us total 12.665ms
08-04 19:16:30.766  3560  3573 I art     : Starting a blocking GC Explicit
08-04 19:16:30.779  3560  3573 I art     : Explicit concurrent mark sweep GC freed 23(752B) AllocSpace objects, 0(0B) LOS objects, 40% free, 22MB/37MB, paused 154us total 12.617ms
08-04 19:16:30.786  3560  3573 I art     : Starting a blocking GC Explicit
08-04 19:16:30.799  3560  3573 I art     : Explicit concurrent mark sweep GC freed 3(96B) AllocSpace objects, 0(0B) LOS objects, 40% free, 22MB/37MB, paused 157us total 12.701ms
08-04 19:16:30.805  3560  3573 I art     : Starting a blocking GC Explicit
08-04 19:16:30.817  3560  3573 I art     : Explicit concurrent mark sweep GC freed 3(96B) AllocSpace objects, 0(0B) LOS objects, 40% free, 22MB/37MB, paused 144us total 11.709ms
08-04 19:16:30.823  3560  3573 I art     : Starting a blocking GC Explicit
08-04 19:16:30.835  3560  3573 I art     : Explicit concurrent mark sweep GC freed 3(96B) AllocSpace objects, 0(0B) LOS objects, 40% free, 22MB/37MB, paused 153us total 11.798ms
08-04 19:16:30.839  3788  3788 D AndroidRuntime: >>>>>> START com.android.internal.os.RuntimeInit uid 2000 <<<<<<
08-04 19:16:30.843  3788  3788 D AndroidRuntime: CheckJNI is OFF
08-04 19:16:30.867  3788  3788 D ICU     : No timezone override file found: /data/misc/zoneinfo/current/icu/icu_tzdata.dat
08-04 19:16:30.890  3788  3788 I Radio-JNI: register_android_hardware_Radio DONE
08-04 19:16:30.905  3788  3788 D AndroidRuntime: Calling main entry com.android.commands.input.Input
08-04 19:16:30.907  3788  3788 I Input   : injectMotionEvent: MotionEvent { action=ACTION_DOWN, actionButton=0, id[0]=0, x[0]=1233.0, y[0]=1274.0, toolType[0]=TOOL_TYPE_UNKNOWN, buttonState=0, metaState=0, flags=0x0, edgeFlags=0x0, pointerCount=1, historySize=0, eventTime=731807320, downTime=731807320, deviceId=0, source=0x1002 }
08-04 19:16:30.913  3788  3788 I Input   : injectMotionEvent: MotionEvent { action=ACTION_UP, actionButton=0, id[0]=0, x[0]=1233.0, y[0]=1274.0, toolType[0]=TOOL_TYPE_UNKNOWN, buttonState=0, metaState=0, flags=0x0, edgeFlags=0x0, pointerCount=1, historySize=0, eventTime=731807320, downTime=731807320, deviceId=0, source=0x1002 }
08-04 19:16:30.914  3788  3788 D AndroidRuntime: Shutting down VM
08-04 19:16:31.061  3560  3573 I art     : Starting a blocking GC Explicit
08-04 19:16:31.075  3560  3573 I art     : Explicit concurrent mark sweep GC freed 1360(79KB) AllocSpace objects, 1(20KB) LOS objects, 40% free, 22MB/37MB, paused 144us total 13.793ms
08-04 19:16:31.083  3560  3573 I art     : Starting a blocking GC Explicit
08-04 19:16:31.098  3560  3573 I art     : Explicit concurrent mark sweep GC freed 23(752B) AllocSpace objects, 0(0B) LOS objects, 40% free, 22MB/37MB, paused 195us total 14.521ms
08-04 19:16:31.104  3560  3573 I art     : Starting a blocking GC Explicit
08-04 19:16:31.119  3560  3573 I art     : Explicit concurrent mark sweep GC freed 3(96B) AllocSpace objects, 0(0B) LOS objects, 40% free, 22MB/37MB, paused 176us total 14.405ms
08-04 19:16:31.127  3560  3573 I art     : Starting a blocking GC Explicit
08-04 19:16:31.139  3560  3573 I art     : Explicit concurrent mark sweep GC freed 3(96B) AllocSpace objects, 0(0B) LOS objects, 40% free, 22MB/37MB, paused 165us total 12.644ms
08-04 19:16:31.146  3560  3573 I art     : Starting a blocking GC Explicit
08-04 19:16:31.158  3560  3573 I art     : Explicit concurrent mark sweep GC freed 3(96B) AllocSpace objects, 0(0B) LOS objects, 40% free, 22MB/37MB, paused 181us total 12.065ms
08-04 19:16:31.349 13866 13866 I GoogleInputMethodServic: GoogleInputMethodService.onFinishInput():3138 
08-04 19:16:31.350 13866 13866 I GoogleInputMethodServic: GoogleInputMethodService.onStartInput():1808 
08-04 19:16:31.415  3560  3573 I art     : Starting a blocking GC Explicit
08-04 19:16:31.430  3560  3573 I art     : Explicit concurrent mark sweep GC freed 1454(83KB) AllocSpace objects, 1(20KB) LOS objects, 40% free, 22MB/37MB, paused 173us total 15.112ms
08-04 19:16:31.437  3560  3573 I art     : Starting a blocking GC Explicit
08-04 19:16:31.452  3560  3573 I art     : Explicit concurrent mark sweep GC freed 31(1200B) AllocSpace objects, 0(0B) LOS objects, 40% free, 22MB/37MB, paused 158us total 14.447ms
08-04 19:16:31.458  3560  3573 I art     : Starting a blocking GC Explicit
08-04 19:16:31.472  3560  3573 I art     : Explicit concurrent mark sweep GC freed 3(96B) AllocSpace objects, 0(0B) LOS objects, 40% free, 22MB/37MB, paused 150us total 13.466ms
08-04 19:16:31.479  3560  3573 I art     : Starting a blocking GC Explicit
08-04 19:16:31.492  3560  3573 I art     : Explicit concurrent mark sweep GC freed 3(96B) AllocSpace objects, 0(0B) LOS objects, 40% free, 22MB/37MB, paused 179us total 12.769ms
08-04 19:16:31.498  3560  3573 I art     : Starting a blocking GC Explicit
08-04 19:16:31.511  3560  3573 I art     : Explicit concurrent mark sweep GC freed 3(96B) AllocSpace objects, 0(0B) LOS objects, 40% free, 22MB/37MB, paused 148us total 12.572ms
08-04 19:16:31.797  3560  3572 I art     : Starting a blocking GC Explicit
08-04 19:16:31.816  3560  3572 I art     : Explicit concurrent mark sweep GC freed 1382(80KB) AllocSpace objects, 1(20KB) LOS objects, 40% free, 22MB/37MB, paused 189us total 18.797ms
08-04 19:16:31.826  3560  3572 I art     : Starting a blocking GC Explicit
08-04 19:16:31.842  3560  3572 I art     : Explicit concurrent mark sweep GC freed 23(752B) AllocSpace objects, 0(0B) LOS objects, 40% free, 22MB/37MB, paused 134us total 15.226ms
08-04 19:16:31.848  3560  3572 I art     : Starting a blocking GC Explicit
08-04 19:16:31.860  3560  3572 I art     : Explicit concurrent mark sweep GC freed 3(96B) AllocSpace objects, 0(0B) LOS objects, 40% free, 22MB/37MB, paused 131us total 12.369ms
08-04 19:16:31.866  3560  3572 I art     : Starting a blocking GC Explicit
08-04 19:16:31.879  3560  3572 I art     : Explicit concurrent mark sweep GC freed 3(96B) AllocSpace objects, 0(0B) LOS objects, 40% free, 22MB/37MB, paused 136us total 12.458ms
08-04 19:16:31.885  3560  3572 I art     : Starting a blocking GC Explicit
08-04 19:16:31.899  3560  3572 I art     : Explicit concurrent mark sweep GC freed 3(96B) AllocSpace objects, 0(0B) LOS objects, 40% free, 22MB/37MB, paused 136us total 13.522ms
08-04 19:16:32.184  3560  3582 I art     : Starting a blocking GC Explicit
08-04 19:16:32.200  3560  3582 I art     : Explicit concurrent mark sweep GC freed 1357(79KB) AllocSpace objects, 1(20KB) LOS objects, 40% free, 22MB/37MB, paused 195us total 15.553ms
08-04 19:16:32.208  3560  3582 I art     : Starting a blocking GC Explicit
08-04 19:16:32.220  3560  3582 I art     : Explicit concurrent mark sweep GC freed 23(752B) AllocSpace objects, 0(0B) LOS objects, 40% free, 22MB/37MB, paused 160us total 12.570ms
08-04 19:16:32.227  3560  3582 I art     : Starting a blocking GC Explicit
08-04 19:16:32.239  3560  3582 I art     : Explicit concurrent mark sweep GC freed 3(96B) AllocSpace objects, 0(0B) LOS objects, 40% free, 22MB/37MB, paused 141us total 12.044ms
08-04 19:16:32.245  3560  3582 I art     : Starting a blocking GC Explicit
08-04 19:16:32.257  3560  3582 I art     : Explicit concurrent mark sweep GC freed 3(96B) AllocSpace objects, 0(0B) LOS objects, 40% free, 22MB/37MB, paused 156us total 12.200ms
08-04 19:16:32.263  3560  3582 I art     : Starting a blocking GC Explicit
08-04 19:16:32.275  3560  3582 I art     : Explicit concurrent mark sweep GC freed 3(96B) AllocSpace objects, 0(0B) LOS objects, 40% free, 22MB/37MB, paused 169us total 11.974ms
08-04 19:16:32.474  3862  3862 D AndroidRuntime: >>>>>> START com.android.internal.os.RuntimeInit uid 2000 <<<<<<
08-04 19:16:32.478  3862  3862 D AndroidRuntime: CheckJNI is OFF
08-04 19:16:32.508  3862  3862 D ICU     : No timezone override file found: /data/misc/zoneinfo/current/icu/icu_tzdata.dat
08-04 19:16:32.511  3560  3573 I art     : Starting a blocking GC Explicit
08-04 19:16:32.523  3560  3573 I art     : Explicit concurrent mark sweep GC freed 1357(79KB) AllocSpace objects, 1(20KB) LOS objects, 40% free, 22MB/37MB, paused 150us total 12.462ms
08-04 19:16:32.530  3560  3573 I art     : Starting a blocking GC Explicit
08-04 19:16:32.534  3862  3862 I Radio-JNI: register_android_hardware_Radio DONE
08-04 19:16:32.542  3560  3573 I art     : Explicit concurrent mark sweep GC freed 23(752B) AllocSpace objects, 0(0B) LOS objects, 40% free, 22MB/37MB, paused 145us total 12.605ms
08-04 19:16:32.548  3560  3573 I art     : Starting a blocking GC Explicit
08-04 19:16:32.551  3862  3862 D AndroidRuntime: Calling main entry com.android.commands.input.Input
08-04 19:16:32.553  3862  3862 I Input   : injectMotionEvent: MotionEvent { action=ACTION_DOWN, actionButton=0, id[0]=0, x[0]=103.0, y[0]=192.0, toolType[0]=TOOL_TYPE_UNKNOWN, buttonState=0, metaState=0, flags=0x0, edgeFlags=0x0, pointerCount=1, historySize=0, eventTime=731808966, downTime=731808966, deviceId=0, source=0x1002 }
08-04 19:16:32.558  3862  3862 I Input   : injectMotionEvent: MotionEvent { action=ACTION_UP, actionButton=0, id[0]=0, x[0]=103.0, y[0]=192.0, toolType[0]=TOOL_TYPE_UNKNOWN, buttonState=0, metaState=0, flags=0x0, edgeFlags=0x0, pointerCount=1, historySize=0, eventTime=731808966, downTime=731808966, deviceId=0, source=0x1002 }
08-04 19:16:32.560  3862  3862 D AndroidRuntime: Shutting down VM
08-04 19:16:32.560  3560  3573 I art     : Explicit concurrent mark sweep GC freed 16(496B) AllocSpace objects, 0(0B) LOS objects, 40% free, 22MB/37MB, paused 415us total 11.645ms
08-04 19:16:32.566  3560  3573 I art     : Starting a blocking GC Explicit
08-04 19:16:32.578   512  2967 D audio_hw_primary: out_set_parameters: enter: usecase(1: low-latency-playback) kvpairs: routing=2
08-04 19:16:32.580  3560  3573 I art     : Explicit concurrent mark sweep GC freed 20(624B) AllocSpace objects, 0(0B) LOS objects, 40% free, 22MB/37MB, paused 166us total 13.763ms
08-04 19:16:32.586  3560  3573 I art     : Starting a blocking GC Explicit
08-04 19:16:32.592   512  2967 D audio_hw_primary: select_devices: out_snd_device(2: speaker) in_snd_device(0: none)
08-04 19:16:32.592   512  2967 D msm8974_platform: platform_send_audio_calibration: sending audio calibration for snd_device(2) acdb_id(15)
08-04 19:16:32.592   512  2967 I soundtrigger: audio_extn_sound_trigger_update_device_status: device 0x2 of type 0 for Event 1
08-04 19:16:32.598  3560  3573 I art     : Explicit concurrent mark sweep GC freed 34(1088B) AllocSpace objects, 0(0B) LOS objects, 40% free, 22MB/37MB, paused 187us total 12.150ms
08-04 19:16:32.604   512  2967 D audio_hw_primary: enable_snd_device: snd_device(2: speaker)
08-04 19:16:32.606   512  2967 D audio_hw_primary: enable_audio_route: apply and update mixer path: low-latency-playback speaker
08-04 19:16:32.613 13866 13866 I GoogleInputMethodServic: GoogleInputMethodService.onFinishInput():3138 
08-04 19:16:32.614 13866 13866 I GoogleInputMethodServic: GoogleInputMethodService.onStartInput():1808 
08-04 19:16:32.837  3560  3572 I art     : Starting a blocking GC Explicit
08-04 19:16:32.850  3560  3572 I art     : Explicit concurrent mark sweep GC freed 1830(102KB) AllocSpace objects, 1(20KB) LOS objects, 40% free, 22MB/37MB, paused 137us total 12.810ms
08-04 19:16:32.856  3560  3572 I art     : Starting a blocking GC Explicit
08-04 19:16:32.869  3560  3572 I art     : Explicit concurrent mark sweep GC freed 37(1552B) AllocSpace objects, 0(0B) LOS objects, 40% free, 22MB/37MB, paused 143us total 12.296ms
08-04 19:16:32.874  3560  3572 I art     : Starting a blocking GC Explicit
08-04 19:16:32.887  3560  3572 I art     : Explicit concurrent mark sweep GC freed 3(96B) AllocSpace objects, 0(0B) LOS objects, 40% free, 22MB/37MB, paused 148us total 12.511ms
08-04 19:16:32.893  3560  3572 I art     : Starting a blocking GC Explicit
08-04 19:16:32.905  3560  3572 I art     : Explicit concurrent mark sweep GC freed 3(96B) AllocSpace objects, 0(0B) LOS objects, 40% free, 22MB/37MB, paused 143us total 11.875ms
08-04 19:16:32.911  3560  3572 I art     : Starting a blocking GC Explicit
08-04 19:16:32.922  3560  3572 I art     : Explicit concurrent mark sweep GC freed 3(96B) AllocSpace objects, 0(0B) LOS objects, 40% free, 22MB/37MB, paused 141us total 11.506ms
08-04 19:16:33.109  3899  3899 D AndroidRuntime: >>>>>> START com.android.internal.os.RuntimeInit uid 2000 <<<<<<
08-04 19:16:33.114  3899  3899 D AndroidRuntime: CheckJNI is OFF
08-04 19:16:33.137  3899  3899 D ICU     : No timezone override file found: /data/misc/zoneinfo/current/icu/icu_tzdata.dat
08-04 19:16:33.148   512  2967 D audio_hw_primary: disable_audio_route: reset and update mixer path: low-latency-playback speaker
08-04 19:16:33.149   512  2967 D audio_hw_primary: disable_snd_device: snd_device(2: speaker)
08-04 19:16:33.157   512  2967 I soundtrigger: audio_extn_sound_trigger_update_device_status: device 0x2 of type 0 for Event 0
08-04 19:16:33.162  3899  3899 I Radio-JNI: register_android_hardware_Radio DONE
08-04 19:16:33.175  3560  3582 I art     : Starting a blocking GC Explicit
08-04 19:16:33.178  3899  3899 D AndroidRuntime: Calling main entry com.android.commands.input.Input
08-04 19:16:33.180  3899  3899 I Input   : injectMotionEvent: MotionEvent { action=ACTION_DOWN, actionButton=0, id[0]=0, x[0]=324.0, y[0]=2298.0, toolType[0]=TOOL_TYPE_UNKNOWN, buttonState=0, metaState=0, flags=0x0, edgeFlags=0x0, pointerCount=1, historySize=0, eventTime=731809592, downTime=731809592, deviceId=0, source=0x1002 }
08-04 19:16:33.183  3899  3899 I Input   : injectMotionEvent: MotionEvent { action=ACTION_UP, actionButton=0, id[0]=0, x[0]=324.0, y[0]=2298.0, toolType[0]=TOOL_TYPE_UNKNOWN, buttonState=0, metaState=0, flags=0x0, edgeFlags=0x0, pointerCount=1, historySize=0, eventTime=731809592, downTime=731809592, deviceId=0, source=0x1002 }
08-04 19:16:33.184  3899  3899 D AndroidRuntime: Shutting down VM
08-04 19:16:33.187  3560  3582 I art     : Explicit concurrent mark sweep GC freed 1372(80KB) AllocSpace objects, 1(20KB) LOS objects, 40% free, 22MB/37MB, paused 189us total 11.760ms
08-04 19:16:33.193  3560  3582 I art     : Starting a blocking GC Explicit
08-04 19:16:33.193   512  2967 D audio_hw_primary: out_set_parameters: enter: usecase(1: low-latency-playback) kvpairs: routing=2
08-04 19:16:33.195   918  3670 I ActivityManager: START u0 {cmp=baseline.de.danoeh.antennapod.debug/baseline.de.danoeh.antennapod.activity.PreferenceActivity} from uid 10670 on display 0
08-04 19:16:33.206  3560  3582 I art     : Explicit concurrent mark sweep GC freed 34(5KB) AllocSpace objects, 0(0B) LOS objects, 40% free, 22MB/37MB, paused 139us total 13.326ms
08-04 19:16:33.206   512  2967 D audio_hw_primary: select_devices: out_snd_device(2: speaker) in_snd_device(0: none)
08-04 19:16:33.206   512  2967 D msm8974_platform: platform_send_audio_calibration: sending audio calibration for snd_device(2) acdb_id(15)
08-04 19:16:33.207   512  2967 I soundtrigger: audio_extn_sound_trigger_update_device_status: device 0x2 of type 0 for Event 1
08-04 19:16:33.212  3560  3582 I art     : Starting a blocking GC Explicit
08-04 19:16:33.219   512  2967 D audio_hw_primary: enable_snd_device: snd_device(2: speaker)
08-04 19:16:33.221   512  2967 D audio_hw_primary: enable_audio_route: apply and update mixer path: low-latency-playback speaker
08-04 19:16:33.225  3560  3582 I art     : Explicit concurrent mark sweep GC freed 89(23KB) AllocSpace objects, 1(20KB) LOS objects, 40% free, 22MB/37MB, paused 303us total 12.008ms
08-04 19:16:33.231  3560  3582 I art     : Starting a blocking GC Explicit
08-04 19:16:33.246  3560  3582 I art     : Explicit concurrent mark sweep GC freed 688(92KB) AllocSpace objects, 0(0B) LOS objects, 40% free, 22MB/37MB, paused 697us total 14.714ms
08-04 19:16:33.252  3560  3582 I art     : Starting a blocking GC Explicit
08-04 19:16:33.265  3560  3582 I art     : Explicit concurrent mark sweep GC freed 549(87KB) AllocSpace objects, 0(0B) LOS objects, 40% free, 22MB/37MB, paused 228us total 12.980ms
08-04 19:16:33.267   512  2967 D AudioFlinger: mixer(0xf4740000) throttle end: throttle time(12)
08-04 19:16:33.451 13866 13866 I GoogleInputMethodServic: GoogleInputMethodService.onFinishInput():3138 
08-04 19:16:33.452   918   936 I ActivityManager: Displayed baseline.de.danoeh.antennapod.debug/baseline.de.danoeh.antennapod.activity.PreferenceActivity: +236ms
08-04 19:16:33.452 13866 13866 I GoogleInputMethodServic: GoogleInputMethodService.onStartInput():1808 
08-04 19:16:33.475  3560  3581 D OpenGLRenderer: endAllStagingAnimators on 0x7f7f14d800 (RippleDrawable) with handle 0x7f7e368c80
08-04 19:16:33.500  3560  3582 I art     : Starting a blocking GC Explicit
08-04 19:16:33.515  3560  3582 I art     : Explicit concurrent mark sweep GC freed 3510(254KB) AllocSpace objects, 1(20KB) LOS objects, 40% free, 23MB/39MB, paused 143us total 14.087ms
08-04 19:16:33.521  3560  3582 I art     : Starting a blocking GC Explicit
08-04 19:16:33.536  3560  3582 I art     : Explicit concurrent mark sweep GC freed 235(11KB) AllocSpace objects, 0(0B) LOS objects, 40% free, 23MB/38MB, paused 144us total 13.826ms
08-04 19:16:33.542  3560  3582 I art     : Starting a blocking GC Explicit
08-04 19:16:33.556  3560  3582 I art     : Explicit concurrent mark sweep GC freed 3(96B) AllocSpace objects, 0(0B) LOS objects, 40% free, 23MB/38MB, paused 143us total 13.235ms
08-04 19:16:33.562  3560  3582 I art     : Starting a blocking GC Explicit
08-04 19:16:33.576  3560  3582 I art     : Explicit concurrent mark sweep GC freed 3(96B) AllocSpace objects, 0(0B) LOS objects, 40% free, 23MB/38MB, paused 139us total 13.432ms
08-04 19:16:33.582  6490  6520 I WorkerManager: dispose()
08-04 19:16:33.582  6490  6520 W ThreadPoolDumper: Queue length for executor EventBus is now 11. Perhaps some tasks are too long, or the pool is too small.
08-04 19:16:33.583  3560  3582 I art     : Starting a blocking GC Explicit
08-04 19:16:33.597  3560  3582 I art     : Explicit concurrent mark sweep GC freed 3(96B) AllocSpace objects, 0(0B) LOS objects, 40% free, 23MB/38MB, paused 131us total 14.220ms
08-04 19:16:33.709   380   380 W SurfaceFlinger: couldn't log to binary event log: overflow.
08-04 19:16:33.759   512  2967 D audio_hw_primary: disable_audio_route: reset and update mixer path: low-latency-playback speaker
08-04 19:16:33.760   512  2967 D audio_hw_primary: disable_snd_device: snd_device(2: speaker)
08-04 19:16:33.768   512  2967 I soundtrigger: audio_extn_sound_trigger_update_device_status: device 0x2 of type 0 for Event 0
08-04 19:16:33.815  3560  3560 D PlaybackController: Releasing PlaybackController
08-04 19:16:33.869  3560  3582 I art     : Starting a blocking GC Explicit
08-04 19:16:33.887  3560  3582 I art     : Explicit concurrent mark sweep GC freed 1645(98KB) AllocSpace objects, 1(20KB) LOS objects, 40% free, 23MB/39MB, paused 178us total 18.261ms
08-04 19:16:33.898  3560  3582 I art     : Starting a blocking GC Explicit
08-04 19:16:33.913  3560  3582 I art     : Explicit concurrent mark sweep GC freed 63(2064B) AllocSpace objects, 0(0B) LOS objects, 40% free, 23MB/39MB, paused 147us total 15.168ms
08-04 19:16:33.920  3560  3582 I art     : Starting a blocking GC Explicit
08-04 19:16:33.934  3560  3582 I art     : Explicit concurrent mark sweep GC freed 3(96B) AllocSpace objects, 0(0B) LOS objects, 40% free, 23MB/39MB, paused 135us total 14.225ms
08-04 19:16:33.940  3560  3582 I art     : Starting a blocking GC Explicit
08-04 19:16:33.946   518   646 I ThermalEngine: ACTION: GPU - Setting GPU[0] to 510000000
08-04 19:16:33.958  3560  3582 I art     : Explicit concurrent mark sweep GC freed 3(96B) AllocSpace objects, 0(0B) LOS objects, 40% free, 23MB/39MB, paused 192us total 17.136ms
08-04 19:16:33.966  3560  3582 I art     : Starting a blocking GC Explicit
08-04 19:16:33.984  3560  3582 I art     : Explicit concurrent mark sweep GC freed 3(96B) AllocSpace objects, 0(0B) LOS objects, 40% free, 23MB/39MB, paused 187us total 17.944ms
08-04 19:16:34.250  3560  3572 I art     : Starting a blocking GC Explicit
08-04 19:16:34.274  3560  3572 I art     : Explicit concurrent mark sweep GC freed 1360(80KB) AllocSpace objects, 1(20KB) LOS objects, 40% free, 23MB/39MB, paused 205us total 22.984ms
08-04 19:16:34.284  3560  3572 I art     : Starting a blocking GC Explicit
08-04 19:16:34.303  3560  3572 I art     : Explicit concurrent mark sweep GC freed 23(752B) AllocSpace objects, 0(0B) LOS objects, 40% free, 23MB/39MB, paused 193us total 19.173ms
08-04 19:16:34.312  3560  3572 I art     : Starting a blocking GC Explicit
08-04 19:16:34.331  3560  3572 I art     : Explicit concurrent mark sweep GC freed 3(96B) AllocSpace objects, 0(0B) LOS objects, 40% free, 23MB/39MB, paused 183us total 18.815ms
08-04 19:16:34.339  3560  3572 I art     : Starting a blocking GC Explicit
08-04 19:16:34.358  3560  3572 I art     : Explicit concurrent mark sweep GC freed 3(96B) AllocSpace objects, 0(0B) LOS objects, 40% free, 23MB/39MB, paused 227us total 18.804ms
08-04 19:16:34.366  3560  3572 I art     : Starting a blocking GC Explicit
08-04 19:16:34.386  3560  3572 I art     : Explicit concurrent mark sweep GC freed 3(96B) AllocSpace objects, 0(0B) LOS objects, 40% free, 23MB/39MB, paused 186us total 19.015ms
08-04 19:16:34.637  3560  3573 I art     : Starting a blocking GC Explicit
08-04 19:16:34.657  3560  3573 I art     : Explicit concurrent mark sweep GC freed 1360(80KB) AllocSpace objects, 1(20KB) LOS objects, 40% free, 23MB/39MB, paused 211us total 18.981ms
08-04 19:16:34.665  3560  3573 I art     : Starting a blocking GC Explicit
08-04 19:16:34.684  3560  3573 I art     : Explicit concurrent mark sweep GC freed 23(752B) AllocSpace objects, 0(0B) LOS objects, 40% free, 23MB/39MB, paused 197us total 18.461ms
08-04 19:16:34.692  3560  3573 I art     : Starting a blocking GC Explicit
08-04 19:16:34.711  3560  3573 I art     : Explicit concurrent mark sweep GC freed 28(784B) AllocSpace objects, 0(0B) LOS objects, 40% free, 23MB/39MB, paused 203us total 18.861ms
08-04 19:16:34.719  3560  3573 I art     : Starting a blocking GC Explicit
08-04 19:16:34.737  3560  3573 I art     : Explicit concurrent mark sweep GC freed 3(96B) AllocSpace objects, 0(0B) LOS objects, 40% free, 23MB/39MB, paused 191us total 17.718ms
08-04 19:16:34.745  3560  3573 I art     : Starting a blocking GC Explicit
08-04 19:16:34.763  3560  3573 I art     : Explicit concurrent mark sweep GC freed 3(96B) AllocSpace objects, 0(0B) LOS objects, 40% free, 23MB/39MB, paused 187us total 17.646ms
08-04 19:16:34.839  3977  3977 D AndroidRuntime: >>>>>> START com.android.internal.os.RuntimeInit uid 2000 <<<<<<
08-04 19:16:34.844  3977  3977 D AndroidRuntime: CheckJNI is OFF
08-04 19:16:34.880  3977  3977 D ICU     : No timezone override file found: /data/misc/zoneinfo/current/icu/icu_tzdata.dat
08-04 19:16:34.921  3977  3977 I Radio-JNI: register_android_hardware_Radio DONE
08-04 19:16:34.944  3977  3977 D AndroidRuntime: Calling main entry com.android.commands.input.Input
08-04 19:16:34.946  3977  3977 I Input   : injectMotionEvent: MotionEvent { action=ACTION_DOWN, actionButton=0, id[0]=0, x[0]=400.0, y[0]=997.0, toolType[0]=TOOL_TYPE_UNKNOWN, buttonState=0, metaState=0, flags=0x0, edgeFlags=0x0, pointerCount=1, historySize=0, eventTime=731811359, downTime=731811359, deviceId=0, source=0x1002 }
08-04 19:16:34.951  3977  3977 I Input   : injectMotionEvent: MotionEvent { action=ACTION_UP, actionButton=0, id[0]=0, x[0]=400.0, y[0]=997.0, toolType[0]=TOOL_TYPE_UNKNOWN, buttonState=0, metaState=0, flags=0x0, edgeFlags=0x0, pointerCount=1, historySize=0, eventTime=731811359, downTime=731811359, deviceId=0, source=0x1002 }
08-04 19:16:34.953  3977  3977 D AndroidRuntime: Shutting down VM
08-04 19:16:34.966   512  2967 D audio_hw_primary: out_set_parameters: enter: usecase(1: low-latency-playback) kvpairs: routing=2
08-04 19:16:34.979   512  2967 D audio_hw_primary: select_devices: out_snd_device(2: speaker) in_snd_device(0: none)
08-04 19:16:34.979   512  2967 D msm8974_platform: platform_send_audio_calibration: sending audio calibration for snd_device(2) acdb_id(15)
08-04 19:16:34.980   512  2967 I soundtrigger: audio_extn_sound_trigger_update_device_status: device 0x2 of type 0 for Event 1
08-04 19:16:34.988   512  2967 D audio_hw_primary: enable_snd_device: snd_device(2: speaker)
08-04 19:16:34.991   512  2967 D audio_hw_primary: enable_audio_route: apply and update mixer path: low-latency-playback speaker
08-04 19:16:35.038  3560  3582 I art     : Starting a blocking GC Explicit
08-04 19:16:35.058  3560  3582 I art     : Explicit concurrent mark sweep GC freed 2949(187KB) AllocSpace objects, 2(40KB) LOS objects, 40% free, 23MB/39MB, paused 753us total 19.559ms
08-04 19:16:35.066  3560  3582 I art     : Starting a blocking GC Explicit
08-04 19:16:35.085  3560  3582 I art     : Explicit concurrent mark sweep GC freed 176(8KB) AllocSpace objects, 0(0B) LOS objects, 40% free, 23MB/39MB, paused 192us total 18.571ms
08-04 19:16:35.085 13866 13866 I GoogleInputMethodServic: GoogleInputMethodService.onFinishInput():3138 
08-04 19:16:35.087 13866 13866 I GoogleInputMethodServic: GoogleInputMethodService.onStartInput():1808 
08-04 19:16:35.093  3560  3582 I art     : Starting a blocking GC Explicit
08-04 19:16:35.112  3560  3582 I art     : Explicit concurrent mark sweep GC freed 46(1440B) AllocSpace objects, 0(0B) LOS objects, 40% free, 23MB/39MB, paused 170us total 17.969ms
08-04 19:16:35.119  3560  3582 I art     : Starting a blocking GC Explicit
08-04 19:16:35.137  3560  3582 I art     : Explicit concurrent mark sweep GC freed 5(160B) AllocSpace objects, 0(0B) LOS objects, 40% free, 23MB/39MB, paused 182us total 17.849ms
08-04 19:16:35.146  3560  3582 I art     : Starting a blocking GC Explicit
08-04 19:16:35.165  3560  3582 I art     : Explicit concurrent mark sweep GC freed 3(96B) AllocSpace objects, 0(0B) LOS objects, 40% free, 23MB/39MB, paused 194us total 19.134ms
08-04 19:16:35.407  3560  3572 I art     : Starting a blocking GC Explicit
08-04 19:16:35.428  3560  3572 I art     : Explicit concurrent mark sweep GC freed 1362(80KB) AllocSpace objects, 1(20KB) LOS objects, 40% free, 23MB/39MB, paused 187us total 20.735ms
08-04 19:16:35.436  3560  3572 I art     : Starting a blocking GC Explicit
08-04 19:16:35.456  3560  3572 I art     : Explicit concurrent mark sweep GC freed 23(752B) AllocSpace objects, 0(0B) LOS objects, 40% free, 23MB/39MB, paused 182us total 20.060ms
08-04 19:16:35.465  3560  3572 I art     : Starting a blocking GC Explicit
08-04 19:16:35.486  3560  3572 I art     : Explicit concurrent mark sweep GC freed 3(96B) AllocSpace objects, 0(0B) LOS objects, 40% free, 23MB/39MB, paused 192us total 20.694ms
08-04 19:16:35.494  3560  3572 I art     : Starting a blocking GC Explicit
08-04 19:16:35.514  3560  3572 I art     : Explicit concurrent mark sweep GC freed 3(96B) AllocSpace objects, 0(0B) LOS objects, 40% free, 23MB/39MB, paused 186us total 19.528ms
08-04 19:16:35.518   512  2967 D audio_hw_primary: disable_audio_route: reset and update mixer path: low-latency-playback speaker
08-04 19:16:35.519   512  2967 D audio_hw_primary: disable_snd_device: snd_device(2: speaker)
08-04 19:16:35.522  3560  3572 I art     : Starting a blocking GC Explicit
08-04 19:16:35.527   512  2967 I soundtrigger: audio_extn_sound_trigger_update_device_status: device 0x2 of type 0 for Event 0
08-04 19:16:35.541  3560  3572 I art     : Explicit concurrent mark sweep GC freed 3(96B) AllocSpace objects, 0(0B) LOS objects, 40% free, 23MB/39MB, paused 185us total 19.115ms
08-04 19:16:35.609  4013  4013 D AndroidRuntime: >>>>>> START com.android.internal.os.RuntimeInit uid 2000 <<<<<<
08-04 19:16:35.614  4013  4013 D AndroidRuntime: CheckJNI is OFF
08-04 19:16:35.651  4013  4013 D ICU     : No timezone override file found: /data/misc/zoneinfo/current/icu/icu_tzdata.dat
08-04 19:16:35.690  4013  4013 I Radio-JNI: register_android_hardware_Radio DONE
08-04 19:16:35.715  4013  4013 D AndroidRuntime: Calling main entry com.android.commands.input.Input
08-04 19:16:35.717  4013  4013 I Input   : injectMotionEvent: MotionEvent { action=ACTION_DOWN, actionButton=0, id[0]=0, x[0]=697.0, y[0]=656.0, toolType[0]=TOOL_TYPE_UNKNOWN, buttonState=0, metaState=0, flags=0x0, edgeFlags=0x0, pointerCount=1, historySize=0, eventTime=731812129, downTime=731812129, deviceId=0, source=0x1002 }
08-04 19:16:35.720  4013  4013 I Input   : injectMotionEvent: MotionEvent { action=ACTION_UP, actionButton=0, id[0]=0, x[0]=697.0, y[0]=656.0, toolType[0]=TOOL_TYPE_UNKNOWN, buttonState=0, metaState=0, flags=0x0, edgeFlags=0x0, pointerCount=1, historySize=0, eventTime=731812129, downTime=731812129, deviceId=0, source=0x1002 }
08-04 19:16:35.721  4013  4013 D AndroidRuntime: Shutting down VM
08-04 19:16:35.731   512  2967 D audio_hw_primary: out_set_parameters: enter: usecase(1: low-latency-playback) kvpairs: routing=2
08-04 19:16:35.745   512  2967 D audio_hw_primary: select_devices: out_snd_device(2: speaker) in_snd_device(0: none)
08-04 19:16:35.745   512  2967 D msm8974_platform: platform_send_audio_calibration: sending audio calibration for snd_device(2) acdb_id(15)
08-04 19:16:35.745   512  2967 I soundtrigger: audio_extn_sound_trigger_update_device_status: device 0x2 of type 0 for Event 1
08-04 19:16:35.756   512  2967 D audio_hw_primary: enable_snd_device: snd_device(2: speaker)
08-04 19:16:35.758   512  2967 D audio_hw_primary: enable_audio_route: apply and update mixer path: low-latency-playback speaker
08-04 19:16:35.795 13866 13866 I GoogleInputMethodServic: GoogleInputMethodService.onFinishInput():3138 
08-04 19:16:35.795 13866 13866 I GoogleInputMethodServic: GoogleInputMethodService.onStartInput():1808 
08-04 19:16:35.797  3560  3573 I art     : Starting a blocking GC Explicit
08-04 19:16:35.799   512  2967 D AudioFlinger: mixer(0xf4740000) throttle end: throttle time(12)
08-04 19:16:35.817  3560  3573 I art     : Explicit concurrent mark sweep GC freed 2057(176KB) AllocSpace objects, 1(20KB) LOS objects, 40% free, 23MB/39MB, paused 334us total 20.088ms
08-04 19:16:35.826  3560  3573 I art     : Starting a blocking GC Explicit
08-04 19:16:35.845  3560  3573 I art     : Explicit concurrent mark sweep GC freed 530(25KB) AllocSpace objects, 0(0B) LOS objects, 40% free, 23MB/39MB, paused 186us total 18.848ms
08-04 19:16:35.854  3560  3573 I art     : Starting a blocking GC Explicit
08-04 19:16:35.874  3560  3573 I art     : Explicit concurrent mark sweep GC freed 9(464B) AllocSpace objects, 0(0B) LOS objects, 40% free, 23MB/39MB, paused 173us total 20.136ms
08-04 19:16:35.883  3560  3573 I art     : Starting a blocking GC Explicit
08-04 19:16:35.903  3560  3573 I art     : Explicit concurrent mark sweep GC freed 3(96B) AllocSpace objects, 0(0B) LOS objects, 40% free, 23MB/39MB, paused 175us total 19.223ms
08-04 19:16:35.911  3560  3573 I art     : Starting a blocking GC Explicit
08-04 19:16:35.932  3560  3573 I art     : Explicit concurrent mark sweep GC freed 3(96B) AllocSpace objects, 0(0B) LOS objects, 40% free, 23MB/39MB, paused 268us total 20.232ms
08-04 19:16:36.012 29532 29532 W PathParser: Points are too far apart 4.030360828967057
08-04 19:16:36.012 29532 29532 W PathParser: Points are too far apart 4.030360538880159
08-04 19:16:36.029 29532 29532 W PathParser: Points are too far apart 4.030360828967057
08-04 19:16:36.029 29532 29532 W PathParser: Points are too far apart 4.030360538880159
08-04 19:16:36.044 29532 29532 W PathParser: Points are too far apart 4.030360828967057
08-04 19:16:36.045 29532 29532 W PathParser: Points are too far apart 4.030360538880159
08-04 19:16:36.061 29532 29532 W PathParser: Points are too far apart 4.030360828967057
08-04 19:16:36.061 29532 29532 W PathParser: Points are too far apart 4.030360538880159
08-04 19:16:36.078 29532 29532 W PathParser: Points are too far apart 4.030360828967057
08-04 19:16:36.078 29532 29532 W PathParser: Points are too far apart 4.030360538880159
08-04 19:16:36.095 29532 29532 W PathParser: Points are too far apart 4.030360828967057
08-04 19:16:36.095 29532 29532 W PathParser: Points are too far apart 4.030360538880159
08-04 19:16:36.111 29532 29532 W PathParser: Points are too far apart 4.030360828967057
08-04 19:16:36.111 29532 29532 W PathParser: Points are too far apart 4.030360538880159
08-04 19:16:36.176  3560  3572 I art     : Starting a blocking GC Explicit
08-04 19:16:36.197  3560  3572 I art     : Explicit concurrent mark sweep GC freed 1365(80KB) AllocSpace objects, 1(20KB) LOS objects, 40% free, 23MB/39MB, paused 167us total 20.129ms
08-04 19:16:36.208  3560  3572 I art     : Starting a blocking GC Explicit
08-04 19:16:36.228  3560  3572 I art     : Explicit concurrent mark sweep GC freed 29(944B) AllocSpace objects, 0(0B) LOS objects, 40% free, 23MB/39MB, paused 177us total 19.835ms
08-04 19:16:36.236  3560  3572 I art     : Starting a blocking GC Explicit
08-04 19:16:36.256  3560  3572 I art     : Explicit concurrent mark sweep GC freed 5(192B) AllocSpace objects, 0(0B) LOS objects, 40% free, 23MB/39MB, paused 170us total 19.535ms
08-04 19:16:36.264  3560  3572 I art     : Starting a blocking GC Explicit
08-04 19:16:36.284  3560  3572 I art     : Explicit concurrent mark sweep GC freed 5(160B) AllocSpace objects, 0(0B) LOS objects, 40% free, 23MB/39MB, paused 179us total 19.541ms
08-04 19:16:36.289   512  2967 D audio_hw_primary: disable_audio_route: reset and update mixer path: low-latency-playback speaker
08-04 19:16:36.290   512  2967 D audio_hw_primary: disable_snd_device: snd_device(2: speaker)
08-04 19:16:36.293  3560  3572 I art     : Starting a blocking GC Explicit
08-04 19:16:36.299   512  2967 I soundtrigger: audio_extn_sound_trigger_update_device_status: device 0x2 of type 0 for Event 0
08-04 19:16:36.316  3560  3572 I art     : Explicit concurrent mark sweep GC freed 3(96B) AllocSpace objects, 0(0B) LOS objects, 40% free, 23MB/39MB, paused 211us total 22.902ms
08-04 19:16:36.379  4044  4044 D AndroidRuntime: >>>>>> START com.android.internal.os.RuntimeInit uid 2000 <<<<<<
08-04 19:16:36.385  4044  4044 D AndroidRuntime: CheckJNI is OFF
08-04 19:16:36.422  4044  4044 D ICU     : No timezone override file found: /data/misc/zoneinfo/current/icu/icu_tzdata.dat
08-04 19:16:36.461  4044  4044 I Radio-JNI: register_android_hardware_Radio DONE
08-04 19:16:36.485  4044  4044 D AndroidRuntime: Calling main entry com.android.commands.input.Input
08-04 19:16:36.488  4044  4044 I Input   : injectMotionEvent: MotionEvent { action=ACTION_DOWN, actionButton=0, id[0]=0, x[0]=256.0, y[0]=1589.0, toolType[0]=TOOL_TYPE_UNKNOWN, buttonState=0, metaState=0, flags=0x0, edgeFlags=0x0, pointerCount=1, historySize=0, eventTime=731812900, downTime=731812900, deviceId=0, source=0x1002 }
08-04 19:16:36.494  4044  4044 I Input   : injectMotionEvent: MotionEvent { action=ACTION_UP, actionButton=0, id[0]=0, x[0]=256.0, y[0]=1589.0, toolType[0]=TOOL_TYPE_UNKNOWN, buttonState=0, metaState=0, flags=0x0, edgeFlags=0x0, pointerCount=1, historySize=0, eventTime=731812900, downTime=731812900, deviceId=0, source=0x1002 }
08-04 19:16:36.497  4044  4044 D AndroidRuntime: Shutting down VM
08-04 19:16:36.521  3560  3560 D UserPreferences: timeOfDay: []
08-04 19:16:36.521  3560  3560 D AutoUpdateManager: Restarting update alarm.
08-04 19:16:36.523   512  2967 D audio_hw_primary: out_set_parameters: enter: usecase(1: low-latency-playback) kvpairs: routing=2
08-04 19:16:36.523  3560  3560 D AutoUpdateManager: Automatic update was deactivated
08-04 19:16:36.537   512  2967 D audio_hw_primary: select_devices: out_snd_device(2: speaker) in_snd_device(0: none)
08-04 19:16:36.537   512  2967 D msm8974_platform: platform_send_audio_calibration: sending audio calibration for snd_device(2) acdb_id(15)
08-04 19:16:36.538   512  2967 I soundtrigger: audio_extn_sound_trigger_update_device_status: device 0x2 of type 0 for Event 1
08-04 19:16:36.548   512  2967 D audio_hw_primary: enable_snd_device: snd_device(2: speaker)
08-04 19:16:36.549 13866 13866 I GoogleInputMethodServic: GoogleInputMethodService.onFinishInput():3138 
08-04 19:16:36.549 13866 13866 I GoogleInputMethodServic: GoogleInputMethodService.onStartInput():1808 
08-04 19:16:36.551   512  2967 D audio_hw_primary: enable_audio_route: apply and update mixer path: low-latency-playback speaker
08-04 19:16:36.562 29532 29532 W PathParser: Points are too far apart 4.030360828967057
08-04 19:16:36.562 29532 29532 W PathParser: Points are too far apart 4.030360538880159
08-04 19:16:36.578 29532 29532 W PathParser: Points are too far apart 4.030360828967057
08-04 19:16:36.578 29532 29532 W PathParser: Points are too far apart 4.030360538880159
08-04 19:16:36.592   512  2967 D AudioFlinger: mixer(0xf4740000) throttle end: throttle time(12)
08-04 19:16:36.592  3560  3582 I art     : Starting a blocking GC Explicit
08-04 19:16:36.595 29532 29532 W PathParser: Points are too far apart 4.030360828967057
08-04 19:16:36.595 29532 29532 W PathParser: Points are too far apart 4.030360538880159
08-04 19:16:36.611  3560  3582 I art     : Explicit concurrent mark sweep GC freed 1693(107KB) AllocSpace objects, 2(40KB) LOS objects, 40% free, 23MB/39MB, paused 198us total 18.941ms
08-04 19:16:36.612 29532 29532 W PathParser: Points are too far apart 4.030360828967057
08-04 19:16:36.612 29532 29532 W PathParser: Points are too far apart 4.030360538880159
08-04 19:16:36.621  3560  3582 I art     : Starting a blocking GC Explicit
08-04 19:16:36.629 29532 29532 W PathParser: Points are too far apart 4.030360828967057
08-04 19:16:36.629 29532 29532 W PathParser: Points are too far apart 4.030360538880159
08-04 19:16:36.641  3560  3582 I art     : Explicit concurrent mark sweep GC freed 103(4KB) AllocSpace objects, 0(0B) LOS objects, 40% free, 23MB/39MB, paused 186us total 20.365ms
08-04 19:16:36.645 29532 29532 W PathParser: Points are too far apart 4.030360828967057
08-04 19:16:36.646 29532 29532 W PathParser: Points are too far apart 4.030360538880159
08-04 19:16:36.650  3560  3582 I art     : Starting a blocking GC Explicit
08-04 19:16:36.662 29532 29532 W PathParser: Points are too far apart 4.030360828967057
08-04 19:16:36.662 29532 29532 W PathParser: Points are too far apart 4.030360538880159
08-04 19:16:36.669  3560  3582 I art     : Explicit concurrent mark sweep GC freed 70(2304B) AllocSpace objects, 0(0B) LOS objects, 40% free, 23MB/39MB, paused 181us total 19.299ms
08-04 19:16:36.677  3560  3582 I art     : Starting a blocking GC Explicit
08-04 19:16:36.679 29532 29532 W PathParser: Points are too far apart 4.030360828967057
08-04 19:16:36.679 29532 29532 W PathParser: Points are too far apart 4.030360538880159
08-04 19:16:36.697  3560  3582 I art     : Explicit concurrent mark sweep GC freed 63(1904B) AllocSpace objects, 0(0B) LOS objects, 40% free, 23MB/39MB, paused 376us total 19.196ms
08-04 19:16:36.705  3560  3582 I art     : Starting a blocking GC Explicit
08-04 19:16:36.724  3560  3582 I art     : Explicit concurrent mark sweep GC freed 64(2048B) AllocSpace objects, 0(0B) LOS objects, 40% free, 23MB/39MB, paused 214us total 19.479ms
08-04 19:16:36.728   380   380 W SurfaceFlinger: couldn't log to binary event log: overflow.
08-04 19:16:36.964  3560  3582 I art     : Starting a blocking GC Explicit
08-04 19:16:36.984  3560  3582 I art     : Explicit concurrent mark sweep GC freed 1668(89KB) AllocSpace objects, 1(20KB) LOS objects, 40% free, 23MB/39MB, paused 196us total 20.453ms
08-04 19:16:36.993  3560  3582 I art     : Starting a blocking GC Explicit
08-04 19:16:37.013  3560  3582 I art     : Explicit concurrent mark sweep GC freed 23(768B) AllocSpace objects, 0(0B) LOS objects, 40% free, 23MB/39MB, paused 194us total 20.178ms
08-04 19:16:37.022  3560  3582 I art     : Starting a blocking GC Explicit
08-04 19:16:37.042  3560  3582 I art     : Explicit concurrent mark sweep GC freed 3(96B) AllocSpace objects, 0(0B) LOS objects, 40% free, 23MB/39MB, paused 197us total 20.586ms
08-04 19:16:37.051  3560  3582 I art     : Starting a blocking GC Explicit
08-04 19:16:37.071  3560  3582 I art     : Explicit concurrent mark sweep GC freed 3(96B) AllocSpace objects, 0(0B) LOS objects, 40% free, 23MB/39MB, paused 196us total 20.111ms
08-04 19:16:37.079   512  2967 D audio_hw_primary: disable_audio_route: reset and update mixer path: low-latency-playback speaker
08-04 19:16:37.079  3560  3582 I art     : Starting a blocking GC Explicit
08-04 19:16:37.080   512  2967 D audio_hw_primary: disable_snd_device: snd_device(2: speaker)
08-04 19:16:37.087   512  2967 I soundtrigger: audio_extn_sound_trigger_update_device_status: device 0x2 of type 0 for Event 0
08-04 19:16:37.099  3560  3582 I art     : Explicit concurrent mark sweep GC freed 3(96B) AllocSpace objects, 0(0B) LOS objects, 40% free, 23MB/39MB, paused 195us total 19.809ms
08-04 19:16:37.134  4076  4076 D AndroidRuntime: >>>>>> START com.android.internal.os.RuntimeInit uid 2000 <<<<<<
08-04 19:16:37.139  4076  4076 D AndroidRuntime: CheckJNI is OFF
08-04 19:16:37.172  4076  4076 D ICU     : No timezone override file found: /data/misc/zoneinfo/current/icu/icu_tzdata.dat
08-04 19:16:37.206  4076  4076 I Radio-JNI: register_android_hardware_Radio DONE
08-04 19:16:37.229  4076  4076 D AndroidRuntime: Calling main entry com.android.commands.input.Input
08-04 19:16:37.230  4076  4076 I Input   : injectKeyEvent: KeyEvent { action=ACTION_DOWN, keyCode=KEYCODE_BACK, scanCode=0, metaState=0, flags=0x0, repeatCount=0, eventTime=731813643, downTime=731813643, deviceId=-1, source=0x101 }
08-04 19:16:37.238  4076  4076 I Input   : injectKeyEvent: KeyEvent { action=ACTION_UP, keyCode=KEYCODE_BACK, scanCode=0, metaState=0, flags=0x0, repeatCount=0, eventTime=731813643, downTime=731813643, deviceId=-1, source=0x101 }
08-04 19:16:37.245  4076  4076 D AndroidRuntime: Shutting down VM
08-04 19:16:37.304 13866 13866 I GoogleInputMethodServic: GoogleInputMethodService.onFinishInput():3138 
08-04 19:16:37.305 13866 13866 I GoogleInputMethodServic: GoogleInputMethodService.onStartInput():1808 
08-04 19:16:37.344  3560  3582 I art     : Starting a blocking GC Explicit
08-04 19:16:37.368  3560  3582 I art     : Explicit concurrent mark sweep GC freed 2742(144KB) AllocSpace objects, 1(20KB) LOS objects, 39% free, 24MB/40MB, paused 213us total 23.819ms
08-04 19:16:37.377  3560  3582 I art     : Starting a blocking GC Explicit
08-04 19:16:37.397  3560  3582 I art     : Explicit concurrent mark sweep GC freed 9316(588KB) AllocSpace objects, 1(48KB) LOS objects, 40% free, 23MB/39MB, paused 213us total 19.864ms
08-04 19:16:37.406  3560  3582 I art     : Starting a blocking GC Explicit
08-04 19:16:37.424  3560  3582 I art     : Explicit concurrent mark sweep GC freed 8(336B) AllocSpace objects, 0(0B) LOS objects, 40% free, 23MB/39MB, paused 194us total 18.526ms
08-04 19:16:37.433  3560  3582 I art     : Starting a blocking GC Explicit
08-04 19:16:37.452  3560  3582 I art     : Explicit concurrent mark sweep GC freed 3(96B) AllocSpace objects, 0(0B) LOS objects, 40% free, 23MB/39MB, paused 190us total 18.870ms
08-04 19:16:37.460  3560  3582 I art     : Starting a blocking GC Explicit
08-04 19:16:37.479  3560  3582 I art     : Explicit concurrent mark sweep GC freed 3(96B) AllocSpace objects, 0(0B) LOS objects, 40% free, 23MB/39MB, paused 194us total 18.762ms
08-04 19:16:37.725  3560  3573 I art     : Starting a blocking GC Explicit
08-04 19:16:37.749  3560  3573 I art     : Explicit concurrent mark sweep GC freed 1389(80KB) AllocSpace objects, 1(20KB) LOS objects, 40% free, 23MB/39MB, paused 200us total 23.494ms
08-04 19:16:37.758  3560  3573 I art     : Starting a blocking GC Explicit
08-04 19:16:37.778  3560  3573 I art     : Explicit concurrent mark sweep GC freed 23(752B) AllocSpace objects, 0(0B) LOS objects, 40% free, 23MB/39MB, paused 194us total 19.381ms
08-04 19:16:37.786  3560  3573 I art     : Starting a blocking GC Explicit
08-04 19:16:37.805  3560  3573 I art     : Explicit concurrent mark sweep GC freed 3(96B) AllocSpace objects, 0(0B) LOS objects, 40% free, 23MB/39MB, paused 191us total 18.765ms
08-04 19:16:37.814  3560  3573 I art     : Starting a blocking GC Explicit
08-04 19:16:37.833  3560  3573 I art     : Explicit concurrent mark sweep GC freed 3(96B) AllocSpace objects, 0(0B) LOS objects, 40% free, 23MB/39MB, paused 193us total 19.053ms
08-04 19:16:37.842  3560  3573 I art     : Starting a blocking GC Explicit
08-04 19:16:37.862  3560  3573 I art     : Explicit concurrent mark sweep GC freed 3(96B) AllocSpace objects, 0(0B) LOS objects, 40% free, 23MB/39MB, paused 196us total 19.826ms
08-04 19:16:37.957   518   646 I ThermalEngine: ACTION: GPU - Setting GPU[0] to 450000000
08-04 19:16:38.009 31450 31450 I ServiceManager: Waiting for service AtCmdFwd...
08-04 19:16:38.164  3560  3572 I art     : Starting a blocking GC Explicit
08-04 19:16:38.196  3560  3572 I art     : Explicit concurrent mark sweep GC freed 1365(80KB) AllocSpace objects, 1(20KB) LOS objects, 40% free, 23MB/39MB, paused 287us total 31.553ms
08-04 19:16:38.211  3560  3572 I art     : Starting a blocking GC Explicit
08-04 19:16:38.235  3560  3572 I art     : Explicit concurrent mark sweep GC freed 23(752B) AllocSpace objects, 0(0B) LOS objects, 40% free, 23MB/39MB, paused 235us total 24.224ms
08-04 19:16:38.246  3560  3572 I art     : Starting a blocking GC Explicit
08-04 19:16:38.270  3560  3572 I art     : Explicit concurrent mark sweep GC freed 3(96B) AllocSpace objects, 0(0B) LOS objects, 40% free, 23MB/39MB, paused 244us total 23.958ms
08-04 19:16:38.281  3560  3572 I art     : Starting a blocking GC Explicit
08-04 19:16:38.305  3560  3572 I art     : Explicit concurrent mark sweep GC freed 3(96B) AllocSpace objects, 0(0B) LOS objects, 40% free, 23MB/39MB, paused 260us total 24.061ms
08-04 19:16:38.316  3560  3572 I art     : Starting a blocking GC Explicit
08-04 19:16:38.340  3560  3572 I art     : Explicit concurrent mark sweep GC freed 3(96B) AllocSpace objects, 0(0B) LOS objects, 40% free, 23MB/39MB, paused 237us total 22.970ms
08-04 19:16:38.616  3560  3582 I art     : Starting a blocking GC Explicit
08-04 19:16:38.639  3560  3582 I art     : Explicit concurrent mark sweep GC freed 1365(80KB) AllocSpace objects, 1(20KB) LOS objects, 40% free, 23MB/39MB, paused 261us total 23.343ms
08-04 19:16:38.650  3560  3582 I art     : Starting a blocking GC Explicit
08-04 19:16:38.673  3560  3582 I art     : Explicit concurrent mark sweep GC freed 23(752B) AllocSpace objects, 0(0B) LOS objects, 40% free, 23MB/39MB, paused 256us total 23.028ms
08-04 19:16:38.684  3560  3582 I art     : Starting a blocking GC Explicit
08-04 19:16:38.707  3560  3582 I art     : Explicit concurrent mark sweep GC freed 28(784B) AllocSpace objects, 0(0B) LOS objects, 40% free, 23MB/39MB, paused 285us total 22.897ms
08-04 19:16:38.717  3560  3582 I art     : Starting a blocking GC Explicit
08-04 19:16:38.740  3560  3582 I art     : Explicit concurrent mark sweep GC freed 3(96B) AllocSpace objects, 0(0B) LOS objects, 40% free, 23MB/39MB, paused 242us total 22.337ms
08-04 19:16:38.751  3560  3582 I art     : Starting a blocking GC Explicit
08-04 19:16:38.773  3560  3582 I art     : Explicit concurrent mark sweep GC freed 3(96B) AllocSpace objects, 0(0B) LOS objects, 40% free, 23MB/39MB, paused 255us total 22.378ms
08-04 19:16:39.009 31450 31450 I ServiceManager: Waiting for service AtCmdFwd...
08-04 19:16:39.036  4132  4132 D AndroidRuntime: >>>>>> START com.android.internal.os.RuntimeInit uid 2000 <<<<<<
08-04 19:16:39.042  4132  4132 D AndroidRuntime: CheckJNI is OFF
08-04 19:16:39.078  3560  3582 I art     : Starting a blocking GC Explicit
08-04 19:16:39.083  4132  4132 D ICU     : No timezone override file found: /data/misc/zoneinfo/current/icu/icu_tzdata.dat
08-04 19:16:39.102  3560  3582 I art     : Explicit concurrent mark sweep GC freed 2027(102KB) AllocSpace objects, 1(20KB) LOS objects, 40% free, 23MB/39MB, paused 420us total 23.781ms
08-04 19:16:39.113  3560  3582 I art     : Starting a blocking GC Explicit
08-04 19:16:39.127  4132  4132 I Radio-JNI: register_android_hardware_Radio DONE
08-04 19:16:39.136  3560  3582 I art     : Explicit concurrent mark sweep GC freed 111(3KB) AllocSpace objects, 0(0B) LOS objects, 40% free, 23MB/39MB, paused 419us total 22.591ms
08-04 19:16:39.146  3560  3582 I art     : Starting a blocking GC Explicit
08-04 19:16:39.155  4132  4132 D AndroidRuntime: Calling main entry com.android.commands.input.Input
08-04 19:16:39.156  4132  4132 I Input   : injectKeyEvent: KeyEvent { action=ACTION_DOWN, keyCode=KEYCODE_BACK, scanCode=0, metaState=0, flags=0x0, repeatCount=0, eventTime=731815570, downTime=731815570, deviceId=-1, source=0x101 }
08-04 19:16:39.161  4132  4132 I Input   : injectKeyEvent: KeyEvent { action=ACTION_UP, keyCode=KEYCODE_BACK, scanCode=0, metaState=0, flags=0x0, repeatCount=0, eventTime=731815570, downTime=731815570, deviceId=-1, source=0x101 }
08-04 19:16:39.167  4132  4132 D AndroidRuntime: Shutting down VM
08-04 19:16:39.167  3560  3582 I art     : Explicit concurrent mark sweep GC freed 35(1440B) AllocSpace objects, 0(0B) LOS objects, 40% free, 23MB/39MB, paused 316us total 21.381ms
08-04 19:16:39.177  3560  3582 I art     : Starting a blocking GC Explicit
08-04 19:16:39.182  3560  3560 D QueueFragment: loadItems()
08-04 19:16:39.183  3560  3580 D DBReader: getQueue() called
08-04 19:16:39.183  3560  3560 V PlaybackController: initServiceNotRunning()
08-04 19:16:39.183  3560  3580 D DBReader: getQueue()
08-04 19:16:39.183  3560  3560 D ExternalPlayerFragment: Loading media info
08-04 19:16:39.184  3560  3580 D DBReader: getFavoriteIDList() called
08-04 19:16:39.184  3560  3560 D UserPreferences: Using default data folder
08-04 19:16:39.185  3560  3580 D DBReader: getQueueIDList() called
08-04 19:16:39.185  3560  4171 D DBReader: getNavDrawerData() called with: 
08-04 19:16:39.185  3560  3580 D DBReader: Extracting Feedlist
08-04 19:16:39.189  3560  4171 D DBReader: getDownloadedItems() called
08-04 19:16:39.189  3560  4171 D DBReader: getFavoriteIDList() called
08-04 19:16:39.190  3560  4171 D DBReader: getQueueIDList() called
08-04 19:16:39.191  3560  4171 D DBReader: Extracting Feedlist
08-04 19:16:39.201  3560  3582 I art     : Explicit concurrent mark sweep GC freed 577(55KB) AllocSpace objects, 0(0B) LOS objects, 40% free, 23MB/39MB, paused 478us total 23.031ms
08-04 19:16:39.211  3560  3582 I art     : Starting a blocking GC Explicit
08-04 19:16:39.233  3560  3582 I art     : Explicit concurrent mark sweep GC freed 704(36KB) AllocSpace objects, 0(0B) LOS objects, 40% free, 23MB/39MB, paused 292us total 22.388ms
08-04 19:16:39.240  3560  3560 D MainActivity: getLastNavFragment() -> QueueFragment
08-04 19:16:39.280 13866 13866 I GoogleInputMethodServic: GoogleInputMethodService.onFinishInput():3138 
08-04 19:16:39.280 13866 13866 I GoogleInputMethodServic: GoogleInputMethodService.onStartInput():1808 
08-04 19:16:39.526  3560  3573 I art     : Starting a blocking GC Explicit
08-04 19:16:39.548   380   380 W SurfaceFlinger: couldn't log to binary event log: overflow.
08-04 19:16:39.558  3560  3573 I art     : Explicit concurrent mark sweep GC freed 3089(170KB) AllocSpace objects, 1(20KB) LOS objects, 40% free, 23MB/39MB, paused 819us total 31.103ms
08-04 19:16:39.570  3560  3573 I art     : Starting a blocking GC Explicit
08-04 19:16:39.592  3560  3573 I art     : Explicit concurrent mark sweep GC freed 804(48KB) AllocSpace objects, 0(0B) LOS objects, 40% free, 23MB/39MB, paused 278us total 22.157ms
08-04 19:16:39.602  3560  3573 I art     : Starting a blocking GC Explicit
08-04 19:16:39.625  3560  3573 I art     : Explicit concurrent mark sweep GC freed 1355(66KB) AllocSpace objects, 0(0B) LOS objects, 40% free, 23MB/39MB, paused 297us total 22.718ms
08-04 19:16:39.635  3560  3573 I art     : Starting a blocking GC Explicit
08-04 19:16:39.655  3560  3573 I art     : Explicit concurrent mark sweep GC freed 4875(323KB) AllocSpace objects, 11(308KB) LOS objects, 40% free, 22MB/38MB, paused 289us total 20.005ms
08-04 19:16:39.666  3560  3573 I art     : Starting a blocking GC Explicit
08-04 19:16:39.687  3560  3573 I art     : Explicit concurrent mark sweep GC freed 31(848B) AllocSpace objects, 0(0B) LOS objects, 40% free, 22MB/38MB, paused 367us total 21.152ms
08-04 19:16:39.984  3560  3582 I art     : Starting a blocking GC Explicit
08-04 19:16:40.010 31450 31450 I ServiceManager: Waiting for service AtCmdFwd...
08-04 19:16:40.011  3560  3582 I art     : Explicit concurrent mark sweep GC freed 1368(82KB) AllocSpace objects, 1(20KB) LOS objects, 40% free, 22MB/38MB, paused 328us total 27.273ms
08-04 19:16:40.024  3560  3582 I art     : Starting a blocking GC Explicit
08-04 19:16:40.046  3560  3582 I art     : Explicit concurrent mark sweep GC freed 23(752B) AllocSpace objects, 0(0B) LOS objects, 40% free, 22MB/38MB, paused 289us total 21.866ms
08-04 19:16:40.057  3560  3582 I art     : Starting a blocking GC Explicit
08-04 19:16:40.079  3560  3582 I art     : Explicit concurrent mark sweep GC freed 3(96B) AllocSpace objects, 0(0B) LOS objects, 40% free, 22MB/38MB, paused 281us total 21.817ms
08-04 19:16:40.089  3560  3582 I art     : Starting a blocking GC Explicit
08-04 19:16:40.111  3560  3582 I art     : Explicit concurrent mark sweep GC freed 3(96B) AllocSpace objects, 0(0B) LOS objects, 40% free, 22MB/38MB, paused 299us total 21.485ms
08-04 19:16:40.121  3560  3582 I art     : Starting a blocking GC Explicit
08-04 19:16:40.143  3560  3582 I art     : Explicit concurrent mark sweep GC freed 3(96B) AllocSpace objects, 0(0B) LOS objects, 40% free, 22MB/38MB, paused 303us total 21.070ms
08-04 19:16:40.442  3560  3572 I art     : Starting a blocking GC Explicit
08-04 19:16:40.464  3560  3572 I art     : Explicit concurrent mark sweep GC freed 1364(80KB) AllocSpace objects, 1(20KB) LOS objects, 40% free, 22MB/38MB, paused 301us total 21.352ms
08-04 19:16:40.474  3560  3572 I art     : Starting a blocking GC Explicit
08-04 19:16:40.495  3560  3572 I art     : Explicit concurrent mark sweep GC freed 23(752B) AllocSpace objects, 0(0B) LOS objects, 40% free, 22MB/38MB, paused 304us total 21.002ms
08-04 19:16:40.506  3560  3572 I art     : Starting a blocking GC Explicit
08-04 19:16:40.527  3560  3572 I art     : Explicit concurrent mark sweep GC freed 3(96B) AllocSpace objects, 0(0B) LOS objects, 40% free, 22MB/38MB, paused 316us total 20.973ms
08-04 19:16:40.537  3560  3572 I art     : Starting a blocking GC Explicit
08-04 19:16:40.559  3560  3572 I art     : Explicit concurrent mark sweep GC freed 3(96B) AllocSpace objects, 0(0B) LOS objects, 40% free, 22MB/38MB, paused 288us total 20.981ms
08-04 19:16:40.569  3560  3572 I art     : Starting a blocking GC Explicit
08-04 19:16:40.590  3560  3572 I art     : Explicit concurrent mark sweep GC freed 3(96B) AllocSpace objects, 0(0B) LOS objects, 40% free, 22MB/38MB, paused 281us total 20.105ms
08-04 19:16:40.883  3560  4182 I art     : Starting a blocking GC Explicit
08-04 19:16:40.909  3560  4182 I art     : Explicit concurrent mark sweep GC freed 1393(81KB) AllocSpace objects, 1(20KB) LOS objects, 40% free, 22MB/38MB, paused 315us total 25.041ms
08-04 19:16:40.922  3560  4182 I art     : Starting a blocking GC Explicit
08-04 19:16:40.944  3560  4182 I art     : Explicit concurrent mark sweep GC freed 23(752B) AllocSpace objects, 0(0B) LOS objects, 40% free, 22MB/38MB, paused 291us total 21.874ms
08-04 19:16:40.954  3560  4182 I art     : Starting a blocking GC Explicit
08-04 19:16:40.964  4204  4204 D AndroidRuntime: >>>>>> START com.android.internal.os.RuntimeInit uid 2000 <<<<<<
08-04 19:16:40.972  4204  4204 D AndroidRuntime: CheckJNI is OFF
08-04 19:16:40.976  3560  4182 I art     : Explicit concurrent mark sweep GC freed 3(96B) AllocSpace objects, 0(0B) LOS objects, 40% free, 22MB/38MB, paused 293us total 21.618ms
08-04 19:16:40.987  3560  4182 I art     : Starting a blocking GC Explicit
08-04 19:16:41.008  3560  4182 I art     : Explicit concurrent mark sweep GC freed 3(96B) AllocSpace objects, 0(0B) LOS objects, 40% free, 22MB/38MB, paused 299us total 20.615ms
08-04 19:16:41.011 31450 31450 I ServiceManager: Waiting for service AtCmdFwd...
08-04 19:16:41.018  3560  4182 I art     : Starting a blocking GC Explicit
08-04 19:16:41.019  4204  4204 D ICU     : No timezone override file found: /data/misc/zoneinfo/current/icu/icu_tzdata.dat
08-04 19:16:41.040  3560  4182 I art     : Explicit concurrent mark sweep GC freed 3(96B) AllocSpace objects, 0(0B) LOS objects, 40% free, 22MB/38MB, paused 279us total 21.454ms
08-04 19:16:41.068  4204  4204 I Radio-JNI: register_android_hardware_Radio DONE
08-04 19:16:41.097  4204  4204 D AndroidRuntime: Calling main entry com.android.commands.input.Input
08-04 19:16:41.100  4204  4204 I Input   : injectMotionEvent: MotionEvent { action=ACTION_DOWN, actionButton=0, id[0]=0, x[0]=103.0, y[0]=192.0, toolType[0]=TOOL_TYPE_UNKNOWN, buttonState=0, metaState=0, flags=0x0, edgeFlags=0x0, pointerCount=1, historySize=0, eventTime=731817512, downTime=731817512, deviceId=0, source=0x1002 }
08-04 19:16:41.106  4204  4204 I Input   : injectMotionEvent: MotionEvent { action=ACTION_UP, actionButton=0, id[0]=0, x[0]=103.0, y[0]=192.0, toolType[0]=TOOL_TYPE_UNKNOWN, buttonState=0, metaState=0, flags=0x0, edgeFlags=0x0, pointerCount=1, historySize=0, eventTime=731817512, downTime=731817512, deviceId=0, source=0x1002 }
08-04 19:16:41.107  4204  4204 D AndroidRuntime: Shutting down VM
08-04 19:16:41.119   512  2967 D audio_hw_primary: out_set_parameters: enter: usecase(1: low-latency-playback) kvpairs: routing=2
08-04 19:16:41.133   512  2967 D audio_hw_primary: select_devices: out_snd_device(2: speaker) in_snd_device(0: none)
08-04 19:16:41.133   512  2967 D msm8974_platform: platform_send_audio_calibration: sending audio calibration for snd_device(2) acdb_id(15)
08-04 19:16:41.133   512  2967 I soundtrigger: audio_extn_sound_trigger_update_device_status: device 0x2 of type 0 for Event 1
08-04 19:16:41.147   512  2967 D audio_hw_primary: enable_snd_device: snd_device(2: speaker)
08-04 19:16:41.150   512  2967 D audio_hw_primary: enable_audio_route: apply and update mixer path: low-latency-playback speaker
08-04 19:16:41.160 13866 13866 I GoogleInputMethodServic: GoogleInputMethodService.onFinishInput():3138 
08-04 19:16:41.161 13866 13866 I GoogleInputMethodServic: GoogleInputMethodService.onStartInput():1808 
08-04 19:16:41.318  3560  3582 I art     : Starting a blocking GC Explicit
08-04 19:16:41.342  3560  3582 I art     : Explicit concurrent mark sweep GC freed 1856(104KB) AllocSpace objects, 1(20KB) LOS objects, 40% free, 22MB/38MB, paused 330us total 24.188ms
08-04 19:16:41.353  3560  3582 I art     : Starting a blocking GC Explicit
08-04 19:16:41.376  3560  3582 I art     : Explicit concurrent mark sweep GC freed 37(1552B) AllocSpace objects, 0(0B) LOS objects, 40% free, 22MB/38MB, paused 333us total 22.100ms
08-04 19:16:41.385  3560  3582 I art     : Starting a blocking GC Explicit
08-04 19:16:41.405  3560  3582 I art     : Explicit concurrent mark sweep GC freed 3(96B) AllocSpace objects, 0(0B) LOS objects, 40% free, 22MB/38MB, paused 264us total 19.643ms
08-04 19:16:41.415  3560  3582 I art     : Starting a blocking GC Explicit
08-04 19:16:41.437  3560  3582 I art     : Explicit concurrent mark sweep GC freed 3(96B) AllocSpace objects, 0(0B) LOS objects, 40% free, 22MB/38MB, paused 296us total 21.071ms
08-04 19:16:41.448  3560  3582 I art     : Starting a blocking GC Explicit
08-04 19:16:41.469  3560  3582 I art     : Explicit concurrent mark sweep GC freed 3(96B) AllocSpace objects, 0(0B) LOS objects, 40% free, 22MB/38MB, paused 365us total 20.869ms
08-04 19:16:41.688   512  2967 D audio_hw_primary: disable_audio_route: reset and update mixer path: low-latency-playback speaker
08-04 19:16:41.690   512  2967 D audio_hw_primary: disable_snd_device: snd_device(2: speaker)
08-04 19:16:41.698   512  2967 I soundtrigger: audio_extn_sound_trigger_update_device_status: device 0x2 of type 0 for Event 0
08-04 19:16:41.747  3560  3572 I art     : Starting a blocking GC Explicit
08-04 19:16:41.769  3560  3572 I art     : Explicit concurrent mark sweep GC freed 1402(82KB) AllocSpace objects, 1(20KB) LOS objects, 40% free, 22MB/38MB, paused 272us total 21.401ms
08-04 19:16:41.779  3560  3572 I art     : Starting a blocking GC Explicit
08-04 19:16:41.800  3560  3572 I art     : Explicit concurrent mark sweep GC freed 25(816B) AllocSpace objects, 0(0B) LOS objects, 40% free, 22MB/38MB, paused 263us total 20.862ms
08-04 19:16:41.810  3560  3572 I art     : Starting a blocking GC Explicit
08-04 19:16:41.831  3560  3572 I art     : Explicit concurrent mark sweep GC freed 3(96B) AllocSpace objects, 0(0B) LOS objects, 40% free, 22MB/38MB, paused 281us total 20.827ms
08-04 19:16:41.841  3560  3572 I art     : Starting a blocking GC Explicit
08-04 19:16:41.863  3560  3572 I art     : Explicit concurrent mark sweep GC freed 5(160B) AllocSpace objects, 0(0B) LOS objects, 40% free, 22MB/38MB, paused 277us total 21.099ms
08-04 19:16:41.873  3560  3572 I art     : Starting a blocking GC Explicit
08-04 19:16:41.894  3560  3572 I art     : Explicit concurrent mark sweep GC freed 3(96B) AllocSpace objects, 0(0B) LOS objects, 40% free, 22MB/38MB, paused 283us total 21.198ms
08-04 19:16:41.962   518   646 I ThermalEngine: ACTION: GPU - Setting GPU[0] to 510000000
08-04 19:16:42.012 31450 31450 I ServiceManager: Waiting for service AtCmdFwd...
08-04 19:16:42.166  3560  3582 I art     : Starting a blocking GC Explicit
08-04 19:16:42.185  3560  3582 I art     : Explicit concurrent mark sweep GC freed 1363(82KB) AllocSpace objects, 1(20KB) LOS objects, 40% free, 22MB/38MB, paused 222us total 17.940ms
08-04 19:16:42.193  3560  3582 I art     : Starting a blocking GC Explicit
08-04 19:16:42.210  3560  3582 I art     : Explicit concurrent mark sweep GC freed 23(752B) AllocSpace objects, 0(0B) LOS objects, 40% free, 22MB/38MB, paused 228us total 16.907ms
08-04 19:16:42.218  3560  3582 I art     : Starting a blocking GC Explicit
08-04 19:16:42.236  3560  3582 I art     : Explicit concurrent mark sweep GC freed 3(96B) AllocSpace objects, 0(0B) LOS objects, 40% free, 22MB/38MB, paused 221us total 17.037ms
08-04 19:16:42.244  3560  3582 I art     : Starting a blocking GC Explicit
08-04 19:16:42.261  3560  3582 I art     : Explicit concurrent mark sweep GC freed 3(96B) AllocSpace objects, 0(0B) LOS objects, 40% free, 22MB/38MB, paused 227us total 17.284ms
08-04 19:16:42.270  3560  3582 I art     : Starting a blocking GC Explicit
08-04 19:16:42.287  3560  3582 I art     : Explicit concurrent mark sweep GC freed 3(96B) AllocSpace objects, 0(0B) LOS objects, 40% free, 22MB/38MB, paused 240us total 16.550ms
08-04 19:16:42.519   918  3188 I hubconnection: sensorhub said: 'set_bias 3: -4.8864, 0.0000, 0.0000'
08-04 19:16:42.546  3560  3573 I art     : Starting a blocking GC Explicit
08-04 19:16:42.564  3560  3573 I art     : Explicit concurrent mark sweep GC freed 1362(80KB) AllocSpace objects, 1(20KB) LOS objects, 40% free, 22MB/38MB, paused 237us total 17.190ms
08-04 19:16:42.572  3560  3573 I art     : Starting a blocking GC Explicit
08-04 19:16:42.588  3560  3573 I art     : Explicit concurrent mark sweep GC freed 23(752B) AllocSpace objects, 0(0B) LOS objects, 40% free, 22MB/38MB, paused 227us total 16.206ms
08-04 19:16:42.596  3560  3573 I art     : Starting a blocking GC Explicit
08-04 19:16:42.612  3560  3573 I art     : Explicit concurrent mark sweep GC freed 3(96B) AllocSpace objects, 0(0B) LOS objects, 40% free, 22MB/38MB, paused 224us total 16.076ms
08-04 19:16:42.620  3560  3573 I art     : Starting a blocking GC Explicit
08-04 19:16:42.637  3560  3573 I art     : Explicit concurrent mark sweep GC freed 3(96B) AllocSpace objects, 0(0B) LOS objects, 40% free, 22MB/38MB, paused 235us total 16.795ms
08-04 19:16:42.645  3560  3573 I art     : Starting a blocking GC Explicit
08-04 19:16:42.662  3560  3573 I art     : Explicit concurrent mark sweep GC freed 3(96B) AllocSpace objects, 0(0B) LOS objects, 40% free, 22MB/38MB, paused 221us total 16.512ms
08-04 19:16:42.765  4257  4257 D AndroidRuntime: >>>>>> START com.android.internal.os.RuntimeInit uid 2000 <<<<<<
08-04 19:16:42.772  4257  4257 D AndroidRuntime: CheckJNI is OFF
08-04 19:16:42.809  4257  4257 D ICU     : No timezone override file found: /data/misc/zoneinfo/current/icu/icu_tzdata.dat
08-04 19:16:42.842  4257  4257 I Radio-JNI: register_android_hardware_Radio DONE
08-04 19:16:42.863  4257  4257 D AndroidRuntime: Calling main entry com.android.commands.input.Input
08-04 19:16:42.865  4257  4257 I Input   : injectMotionEvent: MotionEvent { action=ACTION_DOWN, actionButton=0, id[0]=0, x[0]=409.0, y[0]=1034.0, toolType[0]=TOOL_TYPE_UNKNOWN, buttonState=0, metaState=0, flags=0x0, edgeFlags=0x0, pointerCount=1, historySize=0, eventTime=731819278, downTime=731819278, deviceId=0, source=0x1002 }
08-04 19:16:42.870  4257  4257 I Input   : injectMotionEvent: MotionEvent { action=ACTION_UP, actionButton=0, id[0]=0, x[0]=409.0, y[0]=1034.0, toolType[0]=TOOL_TYPE_UNKNOWN, buttonState=0, metaState=0, flags=0x0, edgeFlags=0x0, pointerCount=1, historySize=0, eventTime=731819278, downTime=731819278, deviceId=0, source=0x1002 }
08-04 19:16:42.876  4257  4257 D AndroidRuntime: Shutting down VM
08-04 19:16:42.879  8429  8429 I Finsky  : [1] xow.onStartJob(3): SCH: onJobSchedulerWakeup with jobId 9011
08-04 19:16:42.884  8429  8429 I Finsky  : [1] xjw.a(9): Scheduling fallback in 43199995 (absolute: 1758406754)
08-04 19:16:42.887  8429  8429 I Finsky  : [1] xjw.a(9): Scheduling fallback in 64799998 (absolute: 1780006759)
08-04 19:16:42.892  8429  8429 I Finsky  : [1] xow.onStartJob(3): SCH: onJobSchedulerWakeup with jobId 9016
08-04 19:16:42.899  8429  8429 I Finsky  : [1] xjw.a(9): Scheduling fallback in 43199999 (absolute: 1758406772)
08-04 19:16:42.901  8429  8429 I Finsky  : [1] xjw.a(9): Scheduling fallback in 64799998 (absolute: 1780006774)
08-04 19:16:42.904  8429  8429 W Finsky  : [1] xow.onStartJob(9): SCH: onJobSchedulerWakeup while already running
08-04 19:16:42.935  3560  3582 I art     : Starting a blocking GC Explicit
08-04 19:16:42.952  3560  3582 I art     : Explicit concurrent mark sweep GC freed 1442(82KB) AllocSpace objects, 1(20KB) LOS objects, 40% free, 22MB/38MB, paused 216us total 16.178ms
08-04 19:16:42.953  3560  3560 D MainActivity: loadFragment(index: 5, args: null)
08-04 19:16:42.953  3560  3560 D MainActivity: loadFragment(tag: AddFeedFragment, args: null)
08-04 19:16:42.954  3560  3560 D MainActivity: saveLastNavFragment(tag: AddFeedFragment)
08-04 19:16:42.955   512  2967 D audio_hw_primary: out_set_parameters: enter: usecase(1: low-latency-playback) kvpairs: routing=2
08-04 19:16:42.955  3560  3560 D MainActivity: getLastNavFragment() -> AddFeedFragment
08-04 19:16:42.956  8429  8429 I Finsky  : [1] xkf.handleMessage(8): SCH: DeviceState: DeviceState{currentTime=1596561402951, isCharging=false, isIdle=false, netAny=true, netNotRoaming=true, netUnmetered=true, batteryPercent=100.0}
08-04 19:16:42.960  3560  3582 I art     : Starting a blocking GC Explicit
08-04 19:16:42.960  8429  3533 I Finsky  : [6086] xmu.a(8): SCH: Jobs in database: 1-1337 3-197 3-198 12-1 24-77777777 26-1414141414 
08-04 19:16:42.964  8429  8429 I Finsky  : [1] xkg.a(16): SCH: Running job: 12-1
08-04 19:16:42.965  8429  8429 I Finsky  : [1] ContentSyncJob.a(16): [ContentSync] job started
08-04 19:16:42.965  8429  8429 I Finsky  : [1] xkf.handleMessage(61): SCH: RunningQueue size: 1, PendingQueue size: 0
08-04 19:16:42.966  8429  8429 I Finsky  : [1] xkf.handleMessage(64): SCH: Running queue: 12-1 
08-04 19:16:42.967   512  2967 D audio_hw_primary: select_devices: out_snd_device(2: speaker) in_snd_device(0: none)
08-04 19:16:42.968   512  2967 D msm8974_platform: platform_send_audio_calibration: sending audio calibration for snd_device(2) acdb_id(15)
08-04 19:16:42.968   512  2967 I soundtrigger: audio_extn_sound_trigger_update_device_status: device 0x2 of type 0 for Event 1
08-04 19:16:42.975  3560  3582 I art     : Explicit concurrent mark sweep GC freed 205(25KB) AllocSpace objects, 1(20KB) LOS objects, 40% free, 22MB/38MB, paused 411us total 15.544ms
08-04 19:16:42.978   512  2967 D audio_hw_primary: enable_snd_device: snd_device(2: speaker)
08-04 19:16:42.980   512  2967 D audio_hw_primary: enable_audio_route: apply and update mixer path: low-latency-playback speaker
08-04 19:16:42.983  3560  3582 I art     : Starting a blocking GC Explicit
08-04 19:16:43.004  3560  3582 I art     : Explicit concurrent mark sweep GC freed 1462(74KB) AllocSpace objects, 0(0B) LOS objects, 40% free, 23MB/38MB, paused 1.663ms total 19.908ms
08-04 19:16:43.011  3560  3582 I art     : Starting a blocking GC Explicit
08-04 19:16:43.012 31450 31450 W Atfwd_Sendcmd: AtCmdFwd service not published, waiting... retryCnt : 4
08-04 19:16:43.029  3560  3582 I art     : Explicit concurrent mark sweep GC freed 594(38KB) AllocSpace objects, 0(0B) LOS objects, 40% free, 23MB/38MB, paused 226us total 17.858ms
08-04 19:16:43.037  3560  3582 I art     : Starting a blocking GC Explicit
08-04 19:16:43.051  8429  3551 I Finsky  : [6092] dzn.a(22): Completed 0 account content syncs with 0 successful.
08-04 19:16:43.052  3560  3582 I art     : Explicit concurrent mark sweep GC freed 1157(70KB) AllocSpace objects, 2(56KB) LOS objects, 40% free, 22MB/38MB, paused 214us total 15.187ms
08-04 19:16:43.052  8429  8429 I Finsky  : [1] ContentSyncJob.a(1): [ContentSync] Installation state replication succeeded.
08-04 19:16:43.053  8429  8429 I Finsky  : [1] xlr.a(13): SCH: jobFinished: 12-1. TimeElapsed: 89ms.
08-04 19:16:43.054  8429  8429 I Finsky  : [1] xkg.a(36): SCH: Job 12-1 finished. Not rescheduling.
08-04 19:16:43.054  8429  8429 I Finsky  : [1] xkf.handleMessage(61): SCH: RunningQueue size: 0, PendingQueue size: 0
08-04 19:16:43.054  8429  8429 I Finsky  : [1] xkf.handleMessage(25): Executor finished
08-04 19:16:43.070  8429  8429 I Finsky  : [1] xmu.a(8): SCH: Jobs in database: 1-1337 3-197 3-198 24-77777777 26-1414141414 
08-04 19:16:43.072  8429  8429 I Finsky  : [1] xio.a(57): SCH: ConstraintMapping: 24-77777777,  -> L: 0ms, D: 6797766ms, C: false, I: true, N: 0
08-04 19:16:43.073  8429  8429 I Finsky  : [1] xio.a(57): SCH: ConstraintMapping: 1-1337,  -> L: 10149835ms, D: 53349835ms, C: false, I: false, N: 1
08-04 19:16:43.073  8429  8429 I Finsky  : [1] xio.a(57): SCH: ConstraintMapping: 3-197,  -> L: 0ms, D: 78227762ms, C: false, I: true, N: 2
08-04 19:16:43.074  8429  8429 I Finsky  : [1] xio.a(57): SCH: ConstraintMapping: 3-198,  -> L: 0ms, D: 78227820ms, C: true, I: true, N: 2
08-04 19:16:43.074  8429  8429 I Finsky  : [1] xio.a(57): SCH: ConstraintMapping: 26-1414141414,  -> L: 14262966ms, D: 15162966ms, C: false, I: false, N: 0
08-04 19:16:43.085  8429  8429 I Finsky  : [1] xle.a(34): Cancelling existing jobscheduler jobs: 9018 9017 9019 9014 9015 9013 9001 9012 
08-04 19:16:43.086  8429  8429 I Finsky  : [1] xle.a(10): Throttling wakeup for job 9000 (expected to run in 0 ms) due to recent wakeup
08-04 19:16:43.086  8429  8429 I Finsky  : [1] xle.a(27): Scheduling job Id: 9000, L: 30000, D: 6797766, C: false, I: true, N: 0
08-04 19:16:43.088  8429  8429 I Finsky  : [1] xle.a(27): Scheduling job Id: 9002, L: 10149835, D: 53349835, C: false, I: false, N: 1
08-04 19:16:43.091  8429  8429 I Finsky  : [1] xle.a(10): Throttling wakeup for job 9003 (expected to run in 0 ms) due to recent wakeup
08-04 19:16:43.091  8429  8429 I Finsky  : [1] xle.a(27): Scheduling job Id: 9003, L: 30000, D: 78227762, C: false, I: true, N: 2
08-04 19:16:43.092  8429  8429 I Finsky  : [1] xle.a(10): Throttling wakeup for job 9004 (expected to run in 0 ms) due to recent wakeup
08-04 19:16:43.093  8429  8429 I Finsky  : [1] xle.a(27): Scheduling job Id: 9004, L: 30000, D: 78227820, C: true, I: true, N: 2
08-04 19:16:43.094  8429  8429 I Finsky  : [1] xle.a(27): Scheduling job Id: 9005, L: 14262966, D: 15162966, C: false, I: false, N: 0
08-04 19:16:43.096  8429  8429 I Finsky  : [1] xle.a(10): Throttling wakeup for job 9006 (expected to run in 0 ms) due to recent wakeup
08-04 19:16:43.097  8429  8429 I Finsky  : [1] xle.a(27): Scheduling job Id: 9006, L: 30000, D: 6797766, C: false, I: true, N: 0
08-04 19:16:43.098  8429  8429 I Finsky  : [1] xle.a(27): Scheduling job Id: 9007, L: 10149835, D: 53349835, C: false, I: false, N: 1
08-04 19:16:43.100  8429  8429 I Finsky  : [1] xle.a(10): Throttling wakeup for job 9008 (expected to run in 0 ms) due to recent wakeup
08-04 19:16:43.100  8429  8429 I Finsky  : [1] xle.a(27): Scheduling job Id: 9008, L: 30000, D: 78227762, C: false, I: true, N: 2
08-04 19:16:43.102  8429  8429 I Finsky  : [1] xle.a(10): Throttling wakeup for job 9009 (expected to run in 0 ms) due to recent wakeup
08-04 19:16:43.102  8429  8429 I Finsky  : [1] xle.a(27): Scheduling job Id: 9009, L: 30000, D: 78227820, C: true, I: true, N: 2
08-04 19:16:43.103  8429  8429 I Finsky  : [1] xle.a(27): Scheduling job Id: 9010, L: 14262966, D: 15162966, C: false, I: false, N: 0
08-04 19:16:43.300  3560  4182 I art     : Starting a blocking GC Explicit
08-04 19:16:43.320  3560  4182 I art     : Explicit concurrent mark sweep GC freed 1408(81KB) AllocSpace objects, 1(20KB) LOS objects, 40% free, 22MB/38MB, paused 382us total 19.242ms
08-04 19:16:43.328  3560  4182 I art     : Starting a blocking GC Explicit
08-04 19:16:43.345  3560  4182 I art     : Explicit concurrent mark sweep GC freed 33(1072B) AllocSpace objects, 0(0B) LOS objects, 40% free, 22MB/38MB, paused 237us total 16.615ms
08-04 19:16:43.354  3560  4182 I art     : Starting a blocking GC Explicit
08-04 19:16:43.372  3560  4182 I art     : Explicit concurrent mark sweep GC freed 34(1088B) AllocSpace objects, 0(0B) LOS objects, 40% free, 22MB/38MB, paused 330us total 18.158ms
08-04 19:16:43.381  3560  4182 I art     : Starting a blocking GC Explicit
08-04 19:16:43.390 13866 13866 I GoogleInputMethodServic: GoogleInputMethodService.onFinishInput():3138 
08-04 19:16:43.391 13866 13866 I GoogleInputMethodServic: GoogleInputMethodService.onStartInput():1808 
08-04 19:16:43.396  3560  4182 I art     : Explicit concurrent mark sweep GC freed 101(4KB) AllocSpace objects, 0(0B) LOS objects, 40% free, 22MB/38MB, paused 197us total 15.203ms
08-04 19:16:43.404  3560  4182 I art     : Starting a blocking GC Explicit
08-04 19:16:43.420  3560  4182 I art     : Explicit concurrent mark sweep GC freed 95(5KB) AllocSpace objects, 0(0B) LOS objects, 40% free, 22MB/38MB, paused 187us total 15.305ms
08-04 19:16:43.520   512  2967 D audio_hw_primary: disable_audio_route: reset and update mixer path: low-latency-playback speaker
08-04 19:16:43.521   512  2967 D audio_hw_primary: disable_snd_device: snd_device(2: speaker)
08-04 19:16:43.529   512  2967 I soundtrigger: audio_extn_sound_trigger_update_device_status: device 0x2 of type 0 for Event 0
08-04 19:16:43.692  3560  3582 I art     : Starting a blocking GC Explicit
08-04 19:16:43.708  3560  3582 I art     : Explicit concurrent mark sweep GC freed 1391(80KB) AllocSpace objects, 1(20KB) LOS objects, 40% free, 22MB/38MB, paused 200us total 16.138ms
08-04 19:16:43.716  3560  3582 I art     : Starting a blocking GC Explicit
08-04 19:16:43.730  3560  3582 I art     : Explicit concurrent mark sweep GC freed 25(816B) AllocSpace objects, 0(0B) LOS objects, 40% free, 22MB/38MB, paused 201us total 14.568ms
08-04 19:16:43.738  3560  3582 I art     : Starting a blocking GC Explicit
08-04 19:16:43.754  3560  3582 I art     : Explicit concurrent mark sweep GC freed 3(96B) AllocSpace objects, 0(0B) LOS objects, 40% free, 22MB/38MB, paused 194us total 15.262ms
08-04 19:16:43.761  3560  3582 I art     : Starting a blocking GC Explicit
08-04 19:16:43.775  3560  3582 I art     : Explicit concurrent mark sweep GC freed 3(96B) AllocSpace objects, 0(0B) LOS objects, 40% free, 22MB/38MB, paused 198us total 14.435ms
08-04 19:16:43.783  3560  3582 I art     : Starting a blocking GC Explicit
08-04 19:16:43.798  3560  3582 I art     : Explicit concurrent mark sweep GC freed 5(160B) AllocSpace objects, 0(0B) LOS objects, 40% free, 22MB/38MB, paused 519us total 14.699ms
08-04 19:16:44.088  3560  4182 I art     : Starting a blocking GC Explicit
08-04 19:16:44.110  3560  4182 I art     : Explicit concurrent mark sweep GC freed 1362(80KB) AllocSpace objects, 1(20KB) LOS objects, 40% free, 22MB/38MB, paused 242us total 21.980ms
08-04 19:16:44.125  3560  4182 I art     : Starting a blocking GC Explicit
08-04 19:16:44.141  3560  4182 I art     : Explicit concurrent mark sweep GC freed 23(752B) AllocSpace objects, 0(0B) LOS objects, 40% free, 22MB/38MB, paused 241us total 16.417ms
08-04 19:16:44.149  3560  4182 I art     : Starting a blocking GC Explicit
08-04 19:16:44.166  3560  4182 I art     : Explicit concurrent mark sweep GC freed 3(96B) AllocSpace objects, 0(0B) LOS objects, 40% free, 22MB/38MB, paused 211us total 16.190ms
08-04 19:16:44.173  3560  4182 I art     : Starting a blocking GC Explicit
08-04 19:16:44.190  3560  4182 I art     : Explicit concurrent mark sweep GC freed 3(96B) AllocSpace objects, 0(0B) LOS objects, 40% free, 22MB/38MB, paused 209us total 16.250ms
08-04 19:16:44.197  3560  4182 I art     : Starting a blocking GC Explicit
08-04 19:16:44.214  3560  4182 I art     : Explicit concurrent mark sweep GC freed 3(96B) AllocSpace objects, 0(0B) LOS objects, 40% free, 22MB/38MB, paused 221us total 15.999ms
08-04 19:16:44.483  3560  3582 I art     : Starting a blocking GC Explicit
08-04 19:16:44.501  3560  3582 I art     : Explicit concurrent mark sweep GC freed 1362(80KB) AllocSpace objects, 1(20KB) LOS objects, 40% free, 22MB/38MB, paused 235us total 17.576ms
08-04 19:16:44.509  3560  3582 I art     : Starting a blocking GC Explicit
08-04 19:16:44.527  3560  3582 I art     : Explicit concurrent mark sweep GC freed 23(752B) AllocSpace objects, 0(0B) LOS objects, 40% free, 22MB/38MB, paused 230us total 17.635ms
08-04 19:16:44.536  3560  3582 I art     : Starting a blocking GC Explicit
08-04 19:16:44.538  4324  4324 D AndroidRuntime: >>>>>> START com.android.internal.os.RuntimeInit uid 2000 <<<<<<
08-04 19:16:44.543  4324  4324 D AndroidRuntime: CheckJNI is OFF
08-04 19:16:44.554  3560  3582 I art     : Explicit concurrent mark sweep GC freed 3(96B) AllocSpace objects, 0(0B) LOS objects, 40% free, 22MB/38MB, paused 227us total 17.562ms
08-04 19:16:44.561  3560  3582 I art     : Starting a blocking GC Explicit
08-04 19:16:44.578  3560  3582 I art     : Explicit concurrent mark sweep GC freed 3(96B) AllocSpace objects, 0(0B) LOS objects, 40% free, 22MB/38MB, paused 257us total 16.219ms
08-04 19:16:44.580  4324  4324 D ICU     : No timezone override file found: /data/misc/zoneinfo/current/icu/icu_tzdata.dat
08-04 19:16:44.587  3560  3582 I art     : Starting a blocking GC Explicit
08-04 19:16:44.602  3560  3582 I art     : Explicit concurrent mark sweep GC freed 3(96B) AllocSpace objects, 0(0B) LOS objects, 40% free, 22MB/38MB, paused 222us total 15.577ms
08-04 19:16:44.615  4324  4324 I Radio-JNI: register_android_hardware_Radio DONE
08-04 19:16:44.635  4324  4324 D AndroidRuntime: Calling main entry com.android.commands.input.Input
08-04 19:16:44.636  4324  4324 I Input   : injectMotionEvent: MotionEvent { action=ACTION_DOWN, actionButton=0, id[0]=0, x[0]=567.0, y[0]=714.0, toolType[0]=TOOL_TYPE_UNKNOWN, buttonState=0, metaState=0, flags=0x0, edgeFlags=0x0, pointerCount=1, historySize=0, eventTime=731821049, downTime=731821049, deviceId=0, source=0x1002 }
08-04 19:16:44.645  4324  4324 I Input   : injectMotionEvent: MotionEvent { action=ACTION_UP, actionButton=0, id[0]=0, x[0]=567.0, y[0]=714.0, toolType[0]=TOOL_TYPE_UNKNOWN, buttonState=0, metaState=0, flags=0x0, edgeFlags=0x0, pointerCount=1, historySize=0, eventTime=731821049, downTime=731821049, deviceId=0, source=0x1002 }
08-04 19:16:44.646  4324  4324 D AndroidRuntime: Shutting down VM
08-04 19:16:44.658   512  2967 D audio_hw_primary: out_set_parameters: enter: usecase(1: low-latency-playback) kvpairs: routing=2
08-04 19:16:44.672   512  2967 D audio_hw_primary: select_devices: out_snd_device(2: speaker) in_snd_device(0: none)
08-04 19:16:44.672   512  2967 D msm8974_platform: platform_send_audio_calibration: sending audio calibration for snd_device(2) acdb_id(15)
08-04 19:16:44.672   512  2967 I soundtrigger: audio_extn_sound_trigger_update_device_status: device 0x2 of type 0 for Event 1
08-04 19:16:44.679  3560  4170 D AntennapodHttpClient: Creating new instance of HTTP client
08-04 19:16:44.681   512  2967 D audio_hw_primary: enable_snd_device: snd_device(2: speaker)
08-04 19:16:44.683   512  2967 D audio_hw_primary: enable_audio_route: apply and update mixer path: low-latency-playback speaker
08-04 19:16:44.690 13866 13866 I GoogleInputMethodServic: GoogleInputMethodService.onFinishInput():3138 
08-04 19:16:44.691 13866 13866 I GoogleInputMethodServic: GoogleInputMethodService.onStartInput():1808 
08-04 19:16:44.840  3560  4182 I art     : Starting a blocking GC Explicit
08-04 19:16:44.860  3560  4182 I art     : Explicit concurrent mark sweep GC freed 4696(302KB) AllocSpace objects, 1(20KB) LOS objects, 40% free, 23MB/39MB, paused 295us total 20.054ms
08-04 19:16:44.868  3560  4182 I art     : Starting a blocking GC Explicit
08-04 19:16:44.887  3560  4182 I art     : Explicit concurrent mark sweep GC freed 2743(160KB) AllocSpace objects, 3(340KB) LOS objects, 40% free, 23MB/39MB, paused 520us total 18.131ms
08-04 19:16:44.894  3560  4182 I art     : Starting a blocking GC Explicit
08-04 19:16:44.912  3560  4182 I art     : Explicit concurrent mark sweep GC freed 3344(237KB) AllocSpace objects, 1(80KB) LOS objects, 40% free, 23MB/39MB, paused 265us total 16.937ms
08-04 19:16:44.919  3560  4182 I art     : Starting a blocking GC Explicit
08-04 19:16:44.938  3560  4182 I art     : Explicit concurrent mark sweep GC freed 3641(164KB) AllocSpace objects, 0(0B) LOS objects, 40% free, 23MB/39MB, paused 512us total 18.691ms
08-04 19:16:44.946  3560  4182 I art     : Starting a blocking GC Explicit
08-04 19:16:44.963  3560  4182 I art     : Explicit concurrent mark sweep GC freed 71(8KB) AllocSpace objects, 0(0B) LOS objects, 40% free, 23MB/39MB, paused 317us total 17.201ms
08-04 19:16:44.969   518   646 I ThermalEngine: ACTION: GPU - Setting GPU[0] to 450000000
08-04 19:16:45.090  3560  4170 I NAPPA_EXPERIMENTATION: MetricNetworkRequestExecutionTime: REQUEST_DURATION_SYSTEM='395',REQUEST_DURATION_OKHTTP='156',REQUEST_SYNCHRONOUS='TRUE',RESPONSE_CODE='400',RESPONSE_METHOD='GET',RESPONSE_LENGTH_OKHTTP='0',RESPONSE_LENGTH_HEADER='0',REQUEST_PROTOCOL='h2',REQUEST_URL='https://itunes.apple.com/en/rss/toppodcasts/limit=25/explicit=true/json',
08-04 19:16:45.226  3560  4170 I NAPPA_EXPERIMENTATION: MetricNetworkRequestExecutionTime: REQUEST_DURATION_SYSTEM='135',REQUEST_DURATION_OKHTTP='133',REQUEST_SYNCHRONOUS='TRUE',RESPONSE_CODE='200',RESPONSE_METHOD='GET',RESPONSE_LENGTH_OKHTTP='-1',RESPONSE_LENGTH_HEADER='10075',REQUEST_PROTOCOL='h2',REQUEST_URL='https://itunes.apple.com/us/rss/toppodcasts/limit=25/explicit=true/json',
08-04 19:16:45.228   512  2967 D audio_hw_primary: disable_audio_route: reset and update mixer path: low-latency-playback speaker
08-04 19:16:45.229   512  2967 D audio_hw_primary: disable_snd_device: snd_device(2: speaker)
08-04 19:16:45.239  3560  3572 I art     : Starting a blocking GC Explicit
08-04 19:16:45.240   512  2967 I soundtrigger: audio_extn_sound_trigger_update_device_status: device 0x2 of type 0 for Event 0
08-04 19:16:45.266  3560  3572 I art     : Explicit concurrent mark sweep GC freed 10245(551KB) AllocSpace objects, 3(220KB) LOS objects, 40% free, 23MB/39MB, paused 382us total 26.358ms
08-04 19:16:45.276  3560  3572 I art     : Starting a blocking GC Explicit
08-04 19:16:45.304  3560  3572 I art     : Explicit concurrent mark sweep GC freed 385(30KB) AllocSpace objects, 2(152KB) LOS objects, 40% free, 23MB/39MB, paused 3.296ms total 28.257ms
08-04 19:16:45.308  3560  3560 D AntennapodHttpClient: Creating new instance of HTTP client
08-04 19:16:45.316  3560  3572 I art     : Starting a blocking GC Explicit
08-04 19:16:45.327  3560  4373 D ApOkHttpUrlLoader: buildLoadData() called with: model = [https://is4-ssl.mzstatic.com/image/thumb/Podcasts114/v4/3f/16/74/3f167426-bf50-ce3a-d709-e4301620fc5b/mza_5832671293059882550.jpeg/170x170bb.png], width = [224], height = [224]
08-04 19:16:45.331  3560  4375 D DBReader: getImageAuthentication() called with: imageUrl = [https://is4-ssl.mzstatic.com/image/thumb/Podcasts114/v4/3f/16/74/3f167426-bf50-ce3a-d709-e4301620fc5b/mza_5832671293059882550.jpeg/170x170bb.png]
08-04 19:16:45.332  3560  4376 D ApOkHttpUrlLoader: buildLoadData() called with: model = [https://is4-ssl.mzstatic.com/image/thumb/Podcasts113/v4/e5/8a/10/e58a108f-f5d0-f622-c94a-13f66edd570c/mza_3025981348644196724.jpg/170x170bb.png], width = [224], height = [224]
08-04 19:16:45.333  3560  4375 D ApOkHttpUrlLoader: no credentials for 'https://is4-ssl.mzstatic.com/image/thumb/Podcasts114/v4/3f/16/74/3f167426-bf50-ce3a-d709-e4301620fc5b/mza_5832671293059882550.jpeg/170x170bb.png'
08-04 19:16:45.334  3560  4377 D DBReader: getImageAuthentication() called with: imageUrl = [https://is4-ssl.mzstatic.com/image/thumb/Podcasts113/v4/e5/8a/10/e58a108f-f5d0-f622-c94a-13f66edd570c/mza_3025981348644196724.jpg/170x170bb.png]
08-04 19:16:45.336  3560  4377 D ApOkHttpUrlLoader: no credentials for 'https://is4-ssl.mzstatic.com/image/thumb/Podcasts113/v4/e5/8a/10/e58a108f-f5d0-f622-c94a-13f66edd570c/mza_3025981348644196724.jpg/170x170bb.png'
08-04 19:16:45.336  3560  4378 D ApOkHttpUrlLoader: buildLoadData() called with: model = [https://is2-ssl.mzstatic.com/image/thumb/Podcasts113/v4/a9/39/cc/a939ccc5-6d60-0c11-0a4c-16d71cdef89b/mza_8787577209688278658.jpg/170x170bb.png], width = [224], height = [224]
08-04 19:16:45.339  3560  4379 D DBReader: getImageAuthentication() called with: imageUrl = [https://is2-ssl.mzstatic.com/image/thumb/Podcasts113/v4/a9/39/cc/a939ccc5-6d60-0c11-0a4c-16d71cdef89b/mza_8787577209688278658.jpg/170x170bb.png]
08-04 19:16:45.341  3560  4380 D ApOkHttpUrlLoader: buildLoadData() called with: model = [https://is5-ssl.mzstatic.com/image/thumb/Podcasts114/v4/93/cf/99/93cf9960-fff3-205e-6655-72c03ddeccb2/mza_10545582232493904175.jpeg/170x170bb.png], width = [224], height = [224]
08-04 19:16:45.341  3560  4379 D ApOkHttpUrlLoader: no credentials for 'https://is2-ssl.mzstatic.com/image/thumb/Podcasts113/v4/a9/39/cc/a939ccc5-6d60-0c11-0a4c-16d71cdef89b/mza_8787577209688278658.jpg/170x170bb.png'
08-04 19:16:45.344  3560  4381 D DBReader: getImageAuthentication() called with: imageUrl = [https://is5-ssl.mzstatic.com/image/thumb/Podcasts114/v4/93/cf/99/93cf9960-fff3-205e-6655-72c03ddeccb2/mza_10545582232493904175.jpeg/170x170bb.png]
08-04 19:16:45.345  3560  3572 I art     : Explicit concurrent mark sweep GC freed 2260(192KB) AllocSpace objects, 0(0B) LOS objects, 39% free, 24MB/40MB, paused 1.458ms total 29.106ms
08-04 19:16:45.347  3560  4373 D ApOkHttpUrlLoader: buildLoadData() called with: model = [https://is4-ssl.mzstatic.com/image/thumb/Podcasts124/v4/49/a4/91/49a491b7-3daf-c5dc-d7c6-6c4f1486955c/mza_5930014091766152297.png/170x170bb.png], width = [224], height = [224]
08-04 19:16:45.347  3560  4381 D ApOkHttpUrlLoader: no credentials for 'https://is5-ssl.mzstatic.com/image/thumb/Podcasts114/v4/93/cf/99/93cf9960-fff3-205e-6655-72c03ddeccb2/mza_10545582232493904175.jpeg/170x170bb.png'
08-04 19:16:45.348  3560  4382 D DBReader: getImageAuthentication() called with: imageUrl = [https://is4-ssl.mzstatic.com/image/thumb/Podcasts124/v4/49/a4/91/49a491b7-3daf-c5dc-d7c6-6c4f1486955c/mza_5930014091766152297.png/170x170bb.png]
08-04 19:16:45.350  3560  4382 D ApOkHttpUrlLoader: no credentials for 'https://is4-ssl.mzstatic.com/image/thumb/Podcasts124/v4/49/a4/91/49a491b7-3daf-c5dc-d7c6-6c4f1486955c/mza_5930014091766152297.png/170x170bb.png'
08-04 19:16:45.351  3560  4376 D ApOkHttpUrlLoader: buildLoadData() called with: model = [https://is5-ssl.mzstatic.com/image/thumb/Podcasts113/v4/fd/54/6e/fd546ea0-7ab2-e3f0-6049-884d82917af9/mza_4855349695799758348.jpeg/170x170bb.png], width = [224], height = [224]
08-04 19:16:45.356  3560  4383 D DBReader: getImageAuthentication() called with: imageUrl = [https://is5-ssl.mzstatic.com/image/thumb/Podcasts113/v4/fd/54/6e/fd546ea0-7ab2-e3f0-6049-884d82917af9/mza_4855349695799758348.jpeg/170x170bb.png]
08-04 19:16:45.357  3560  4383 D ApOkHttpUrlLoader: no credentials for 'https://is5-ssl.mzstatic.com/image/thumb/Podcasts113/v4/fd/54/6e/fd546ea0-7ab2-e3f0-6049-884d82917af9/mza_4855349695799758348.jpeg/170x170bb.png'
08-04 19:16:45.358  3560  4378 D ApOkHttpUrlLoader: buildLoadData() called with: model = [https://is2-ssl.mzstatic.com/image/thumb/Podcasts114/v4/b3/4c/cf/b34ccfc2-cea4-1ca1-0fad-7793af301cc5/mza_2466085192629456364.jpg/170x170bb.png], width = [224], height = [224]
08-04 19:16:45.359  3560  4384 D DBReader: getImageAuthentication() called with: imageUrl = [https://is2-ssl.mzstatic.com/image/thumb/Podcasts114/v4/b3/4c/cf/b34ccfc2-cea4-1ca1-0fad-7793af301cc5/mza_2466085192629456364.jpg/170x170bb.png]
08-04 19:16:45.360  3560  3572 I art     : Starting a blocking GC Explicit
08-04 19:16:45.363  3560  4384 D ApOkHttpUrlLoader: no credentials for 'https://is2-ssl.mzstatic.com/image/thumb/Podcasts114/v4/b3/4c/cf/b34ccfc2-cea4-1ca1-0fad-7793af301cc5/mza_2466085192629456364.jpg/170x170bb.png'
08-04 19:16:45.386  3560  3572 I art     : Explicit concurrent mark sweep GC freed 1721(138KB) AllocSpace objects, 0(0B) LOS objects, 39% free, 24MB/40MB, paused 964us total 25.896ms
08-04 19:16:45.397  3560  3572 I art     : Starting a blocking GC Explicit
08-04 19:16:45.422  3560  3572 I art     : Explicit concurrent mark sweep GC freed 301(18KB) AllocSpace objects, 0(0B) LOS objects, 39% free, 24MB/40MB, paused 814us total 24.981ms
08-04 19:16:45.718  3560  3582 I art     : Starting a blocking GC Explicit
08-04 19:16:45.759  3560  3582 I art     : Explicit concurrent mark sweep GC freed 28868(1399KB) AllocSpace objects, 4(220KB) LOS objects, 39% free, 24MB/40MB, paused 1.112ms total 40.343ms
08-04 19:16:45.764  3560  4375 D MYTAG   : interceptor 2a
08-04 19:16:45.764  3560  4375 I NAPPA_EXPERIMENTATION: MetricNetworkRequestExecutionTime: REQUEST_DURATION_SYSTEM='431',REQUEST_DURATION_OKHTTP='223',REQUEST_SYNCHRONOUS='TRUE',RESPONSE_CODE='200',RESPONSE_METHOD='GET',RESPONSE_LENGTH_OKHTTP='26177',RESPONSE_LENGTH_HEADER='26177',REQUEST_PROTOCOL='h2',REQUEST_URL='https://is4-ssl.mzstatic.com/image/thumb/Podcasts114/v4/3f/16/74/3f167426-bf50-ce3a-d709-e4301620fc5b/mza_5832671293059882550.jpeg/170x170bb.png',
08-04 19:16:45.774  3560  3582 I art     : Starting a blocking GC Explicit
08-04 19:16:45.785  3560  4382 D MYTAG   : interceptor 2a
08-04 19:16:45.785  3560  4382 I NAPPA_EXPERIMENTATION: MetricNetworkRequestExecutionTime: REQUEST_DURATION_SYSTEM='435',REQUEST_DURATION_OKHTTP='227',REQUEST_SYNCHRONOUS='TRUE',RESPONSE_CODE='200',RESPONSE_METHOD='GET',RESPONSE_LENGTH_OKHTTP='12000',RESPONSE_LENGTH_HEADER='12000',REQUEST_PROTOCOL='h2',REQUEST_URL='https://is4-ssl.mzstatic.com/image/thumb/Podcasts124/v4/49/a4/91/49a491b7-3daf-c5dc-d7c6-6c4f1486955c/mza_5930014091766152297.png/170x170bb.png',
08-04 19:16:45.801  3560  4384 D MYTAG   : interceptor 2a
08-04 19:16:45.802  3560  4384 I NAPPA_EXPERIMENTATION: MetricNetworkRequestExecutionTime: REQUEST_DURATION_SYSTEM='438',REQUEST_DURATION_OKHTTP='236',REQUEST_SYNCHRONOUS='TRUE',RESPONSE_CODE='200',RESPONSE_METHOD='GET',RESPONSE_LENGTH_OKHTTP='42299',RESPONSE_LENGTH_HEADER='42299',REQUEST_PROTOCOL='h2',REQUEST_URL='https://is2-ssl.mzstatic.com/image/thumb/Podcasts114/v4/b3/4c/cf/b34ccfc2-cea4-1ca1-0fad-7793af301cc5/mza_2466085192629456364.jpg/170x170bb.png',
08-04 19:16:45.803  3560  3582 I art     : Explicit concurrent mark sweep GC freed 2716(217KB) AllocSpace objects, 0(0B) LOS objects, 39% free, 24MB/40MB, paused 1.061ms total 29.193ms
08-04 19:16:45.809  3560  4381 D MYTAG   : interceptor 2a
08-04 19:16:45.809  3560  4381 I NAPPA_EXPERIMENTATION: MetricNetworkRequestExecutionTime: REQUEST_DURATION_SYSTEM='462',REQUEST_DURATION_OKHTTP='256',REQUEST_SYNCHRONOUS='TRUE',RESPONSE_CODE='200',RESPONSE_METHOD='GET',RESPONSE_LENGTH_OKHTTP='22351',RESPONSE_LENGTH_HEADER='22351',REQUEST_PROTOCOL='h2',REQUEST_URL='https://is5-ssl.mzstatic.com/image/thumb/Podcasts114/v4/93/cf/99/93cf9960-fff3-205e-6655-72c03ddeccb2/mza_10545582232493904175.jpeg/170x170bb.png',
08-04 19:16:45.814  3560  3582 I art     : Starting a blocking GC Explicit
08-04 19:16:45.821  3560  4379 D MYTAG   : interceptor 2a
08-04 19:16:45.822  3560  4379 I NAPPA_EXPERIMENTATION: MetricNetworkRequestExecutionTime: REQUEST_DURATION_SYSTEM='479',REQUEST_DURATION_OKHTTP='255',REQUEST_SYNCHRONOUS='TRUE',RESPONSE_CODE='200',RESPONSE_METHOD='GET',RESPONSE_LENGTH_OKHTTP='48239',RESPONSE_LENGTH_HEADER='48239',REQUEST_PROTOCOL='h2',REQUEST_URL='https://is2-ssl.mzstatic.com/image/thumb/Podcasts113/v4/a9/39/cc/a939ccc5-6d60-0c11-0a4c-16d71cdef89b/mza_8787577209688278658.jpg/170x170bb.png',
08-04 19:16:45.829  3560  4383 D MYTAG   : interceptor 2a
08-04 19:16:45.829  3560  4383 I NAPPA_EXPERIMENTATION: MetricNetworkRequestExecutionTime: REQUEST_DURATION_SYSTEM='472',REQUEST_DURATION_OKHTTP='266',REQUEST_SYNCHRONOUS='TRUE',RESPONSE_CODE='200',RESPONSE_METHOD='GET',RESPONSE_LENGTH_OKHTTP='54835',RESPONSE_LENGTH_HEADER='54835',REQUEST_PROTOCOL='h2',REQUEST_URL='https://is5-ssl.mzstatic.com/image/thumb/Podcasts113/v4/fd/54/6e/fd546ea0-7ab2-e3f0-6049-884d82917af9/mza_4855349695799758348.jpeg/170x170bb.png',
08-04 19:16:45.837  3560  4377 D MYTAG   : interceptor 2a
08-04 19:16:45.837  3560  4377 I NAPPA_EXPERIMENTATION: MetricNetworkRequestExecutionTime: REQUEST_DURATION_SYSTEM='501',REQUEST_DURATION_OKHTTP='269',REQUEST_SYNCHRONOUS='TRUE',RESPONSE_CODE='200',RESPONSE_METHOD='GET',RESPONSE_LENGTH_OKHTTP='45995',RESPONSE_LENGTH_HEADER='45995',REQUEST_PROTOCOL='h2',REQUEST_URL='https://is4-ssl.mzstatic.com/image/thumb/Podcasts113/v4/e5/8a/10/e58a108f-f5d0-f622-c94a-13f66edd570c/mza_3025981348644196724.jpg/170x170bb.png',
08-04 19:16:45.842  3560  3582 I art     : Explicit concurrent mark sweep GC freed 1436(101KB) AllocSpace objects, 0(0B) LOS objects, 38% free, 25MB/41MB, paused 1.152ms total 27.306ms
08-04 19:16:45.852  3560  3582 I art     : Starting a blocking GC Explicit
08-04 19:16:45.877  3560  3582 I art     : Explicit concurrent mark sweep GC freed 929(40KB) AllocSpace objects, 0(0B) LOS objects, 38% free, 25MB/41MB, paused 838us total 25.106ms
08-04 19:16:45.887  3560  3582 I art     : Starting a blocking GC Explicit
08-04 19:16:45.911  3560  3582 I art     : Explicit concurrent mark sweep GC freed 116(5KB) AllocSpace objects, 0(0B) LOS objects, 38% free, 25MB/41MB, paused 651us total 23.777ms
08-04 19:16:46.199  3560  3572 I art     : Starting a blocking GC Explicit
08-04 19:16:46.233  3560  3572 I art     : Explicit concurrent mark sweep GC freed 1365(80KB) AllocSpace objects, 1(20KB) LOS objects, 38% free, 25MB/41MB, paused 729us total 33.185ms
08-04 19:16:46.246  3560  3572 I art     : Starting a blocking GC Explicit
08-04 19:16:46.280  3560  3572 I art     : Explicit concurrent mark sweep GC freed 23(752B) AllocSpace objects, 0(0B) LOS objects, 38% free, 25MB/41MB, paused 688us total 33.489ms
08-04 19:16:46.292  3560  3572 I art     : Starting a blocking GC Explicit
08-04 19:16:46.321  3560  3572 I art     : Explicit concurrent mark sweep GC freed 3(96B) AllocSpace objects, 0(0B) LOS objects, 38% free, 25MB/41MB, paused 724us total 29.483ms
08-04 19:16:46.333  3560  3572 I art     : Starting a blocking GC Explicit
08-04 19:16:46.363  3560  3572 I art     : Explicit concurrent mark sweep GC freed 3(96B) AllocSpace objects, 0(0B) LOS objects, 38% free, 25MB/41MB, paused 724us total 30.330ms
08-04 19:16:46.364  3560  3571 I art     : WaitForGcToComplete blocked for 21.187ms for cause HeapTrim
08-04 19:16:46.375  3560  3572 I art     : Starting a blocking GC Explicit
08-04 19:16:46.377   918  3261 D WifiStateMachine: starting scan for "H369AA63323"WPA_PSK with 2412,5180
08-04 19:16:46.408  3560  3572 I art     : Explicit concurrent mark sweep GC freed 3(96B) AllocSpace objects, 0(0B) LOS objects, 38% free, 25MB/41MB, paused 716us total 32.531ms
08-04 19:16:46.750  3560  3573 I art     : Starting a blocking GC Explicit
08-04 19:16:46.791  3560  3573 I art     : Explicit concurrent mark sweep GC freed 1392(80KB) AllocSpace objects, 1(20KB) LOS objects, 38% free, 25MB/41MB, paused 844us total 39.555ms
08-04 19:16:46.805  3560  3573 I art     : Starting a blocking GC Explicit
08-04 19:16:46.835  3560  3573 I art     : Explicit concurrent mark sweep GC freed 23(752B) AllocSpace objects, 0(0B) LOS objects, 38% free, 25MB/41MB, paused 733us total 30.112ms
08-04 19:16:46.847  3560  3573 I art     : Starting a blocking GC Explicit
08-04 19:16:46.877  3560  3573 I art     : Explicit concurrent mark sweep GC freed 4(128B) AllocSpace objects, 0(0B) LOS objects, 38% free, 25MB/41MB, paused 709us total 29.641ms
08-04 19:16:46.888  3560  3573 I art     : Starting a blocking GC Explicit
08-04 19:16:46.918  3560  3573 I art     : Explicit concurrent mark sweep GC freed 7(224B) AllocSpace objects, 0(0B) LOS objects, 38% free, 25MB/41MB, paused 716us total 30.276ms
08-04 19:16:46.931  3560  3573 I art     : Starting a blocking GC Explicit
08-04 19:16:46.959  3560  3573 I art     : Explicit concurrent mark sweep GC freed 8(256B) AllocSpace objects, 0(0B) LOS objects, 38% free, 25MB/41MB, paused 790us total 27.758ms
08-04 19:16:47.287  3560  3582 I art     : Starting a blocking GC Explicit
08-04 19:16:47.321  3560  3582 I art     : Explicit concurrent mark sweep GC freed 1383(80KB) AllocSpace objects, 1(20KB) LOS objects, 38% free, 25MB/41MB, paused 732us total 33.252ms
08-04 19:16:47.334  3560  3582 I art     : Starting a blocking GC Explicit
08-04 19:16:47.363  3560  3582 I art     : Explicit concurrent mark sweep GC freed 23(752B) AllocSpace objects, 0(0B) LOS objects, 38% free, 25MB/41MB, paused 690us total 28.020ms
08-04 19:16:47.374  3560  3582 I art     : Starting a blocking GC Explicit
08-04 19:16:47.403  3560  3582 I art     : Explicit concurrent mark sweep GC freed 3(96B) AllocSpace objects, 0(0B) LOS objects, 38% free, 25MB/41MB, paused 708us total 28.771ms
08-04 19:16:47.415  3560  3582 I art     : Starting a blocking GC Explicit
08-04 19:16:47.445  3560  3582 I art     : Explicit concurrent mark sweep GC freed 3(96B) AllocSpace objects, 0(0B) LOS objects, 38% free, 25MB/41MB, paused 734us total 30.223ms
08-04 19:16:47.457  3560  3582 I art     : Starting a blocking GC Explicit
08-04 19:16:47.487  3560  3582 I art     : Explicit concurrent mark sweep GC freed 3(96B) AllocSpace objects, 0(0B) LOS objects, 38% free, 25MB/41MB, paused 742us total 30.285ms
08-04 19:16:47.812  3560  4182 I art     : Starting a blocking GC Explicit
08-04 19:16:47.847  3560  4182 I art     : Explicit concurrent mark sweep GC freed 1392(80KB) AllocSpace objects, 1(20KB) LOS objects, 38% free, 25MB/41MB, paused 782us total 34.658ms
08-04 19:16:47.860  3560  4182 I art     : Starting a blocking GC Explicit
08-04 19:16:47.890  3560  4182 I art     : Explicit concurrent mark sweep GC freed 23(752B) AllocSpace objects, 0(0B) LOS objects, 38% free, 25MB/41MB, paused 711us total 29.609ms
08-04 19:16:47.901  3560  4182 I art     : Starting a blocking GC Explicit
08-04 19:16:47.932  3560  4182 I art     : Explicit concurrent mark sweep GC freed 3(96B) AllocSpace objects, 0(0B) LOS objects, 38% free, 25MB/41MB, paused 731us total 30.031ms
08-04 19:16:47.943  3560  4182 I art     : Starting a blocking GC Explicit
08-04 19:16:47.973  3560  4182 I art     : Explicit concurrent mark sweep GC freed 3(96B) AllocSpace objects, 0(0B) LOS objects, 38% free, 25MB/41MB, paused 728us total 29.978ms
08-04 19:16:47.985  3560  4182 I art     : Starting a blocking GC Explicit
08-04 19:16:48.015  3560  4182 I art     : Explicit concurrent mark sweep GC freed 3(96B) AllocSpace objects, 0(0B) LOS objects, 38% free, 25MB/41MB, paused 692us total 29.420ms
08-04 19:16:48.339  3560  3573 I art     : Starting a blocking GC Explicit
08-04 19:16:48.377  3560  3573 I art     : Explicit concurrent mark sweep GC freed 1363(80KB) AllocSpace objects, 1(20KB) LOS objects, 38% free, 25MB/41MB, paused 781us total 38.005ms
08-04 19:16:48.393  3560  3573 I art     : Starting a blocking GC Explicit
08-04 19:16:48.424  3560  3573 I art     : Explicit concurrent mark sweep GC freed 23(752B) AllocSpace objects, 0(0B) LOS objects, 38% free, 25MB/41MB, paused 753us total 30.432ms
08-04 19:16:48.435  3560  3573 I art     : Starting a blocking GC Explicit
08-04 19:16:48.447   918  3188 I hubconnection: sensorhub said: 'set_bias 3: -7.0272, 0.0000, 0.0000'
08-04 19:16:48.466  3560  3573 I art     : Explicit concurrent mark sweep GC freed 3(96B) AllocSpace objects, 0(0B) LOS objects, 38% free, 25MB/41MB, paused 727us total 30.316ms
08-04 19:16:48.477  3560  3573 I art     : Starting a blocking GC Explicit
08-04 19:16:48.508  3560  3573 I art     : Explicit concurrent mark sweep GC freed 3(96B) AllocSpace objects, 0(0B) LOS objects, 38% free, 25MB/41MB, paused 743us total 30.076ms
08-04 19:16:48.519  3560  3573 I art     : Starting a blocking GC Explicit
08-04 19:16:48.547  3560  3573 I art     : Explicit concurrent mark sweep GC freed 3(96B) AllocSpace objects, 0(0B) LOS objects, 38% free, 25MB/41MB, paused 820us total 28.030ms
08-04 19:16:48.877  3560  3572 I art     : Starting a blocking GC Explicit
08-04 19:16:48.913  3560  3572 I art     : Explicit concurrent mark sweep GC freed 1392(80KB) AllocSpace objects, 1(20KB) LOS objects, 38% free, 25MB/41MB, paused 732us total 35.849ms
08-04 19:16:48.928  3560  3572 I art     : Starting a blocking GC Explicit
08-04 19:16:48.958  3560  3572 I art     : Explicit concurrent mark sweep GC freed 23(752B) AllocSpace objects, 0(0B) LOS objects, 38% free, 25MB/41MB, paused 771us total 29.383ms
08-04 19:16:48.969  3560  3572 I art     : Starting a blocking GC Explicit
08-04 19:16:48.977   518   646 I ThermalEngine: ACTION: GPU - Setting GPU[0] to 510000000
08-04 19:16:48.998  3560  3572 I art     : Explicit concurrent mark sweep GC freed 3(96B) AllocSpace objects, 0(0B) LOS objects, 38% free, 25MB/41MB, paused 758us total 28.687ms
08-04 19:16:49.009  3560  3572 I art     : Starting a blocking GC Explicit
08-04 19:16:49.033  3560  3572 I art     : Explicit concurrent mark sweep GC freed 3(96B) AllocSpace objects, 0(0B) LOS objects, 38% free, 25MB/41MB, paused 555us total 24.076ms
08-04 19:16:49.042  3560  3572 I art     : Starting a blocking GC Explicit
08-04 19:16:49.065  3560  3572 I art     : Explicit concurrent mark sweep GC freed 3(96B) AllocSpace objects, 0(0B) LOS objects, 38% free, 25MB/41MB, paused 525us total 22.037ms
08-04 19:16:49.391  3560  3582 I art     : Starting a blocking GC Explicit
08-04 19:16:49.419  3560  3582 I art     : Explicit concurrent mark sweep GC freed 1363(80KB) AllocSpace objects, 1(20KB) LOS objects, 38% free, 25MB/41MB, paused 576us total 27.767ms
08-04 19:16:49.433  3560  3582 I art     : Starting a blocking GC Explicit
08-04 19:16:49.457  3560  3582 I art     : Explicit concurrent mark sweep GC freed 23(752B) AllocSpace objects, 0(0B) LOS objects, 38% free, 25MB/41MB, paused 540us total 23.108ms
08-04 19:16:49.465  3560  3582 I art     : Starting a blocking GC Explicit
08-04 19:16:49.488  3560  3582 I art     : Explicit concurrent mark sweep GC freed 3(96B) AllocSpace objects, 0(0B) LOS objects, 38% free, 25MB/41MB, paused 548us total 22.318ms
08-04 19:16:49.497  3560  3582 I art     : Starting a blocking GC Explicit
08-04 19:16:49.519  3560  3582 I art     : Explicit concurrent mark sweep GC freed 3(96B) AllocSpace objects, 0(0B) LOS objects, 38% free, 25MB/41MB, paused 525us total 22.177ms
08-04 19:16:49.528  3560  3582 I art     : Starting a blocking GC Explicit
08-04 19:16:49.550  3560  3582 I art     : Explicit concurrent mark sweep GC freed 3(96B) AllocSpace objects, 0(0B) LOS objects, 38% free, 25MB/41MB, paused 523us total 21.137ms
08-04 19:16:49.853  3560  4182 I art     : Starting a blocking GC Explicit
08-04 19:16:49.881  3560  4182 I art     : Explicit concurrent mark sweep GC freed 1392(80KB) AllocSpace objects, 1(20KB) LOS objects, 38% free, 25MB/41MB, paused 563us total 27.761ms
08-04 19:16:49.893  3560  4182 I art     : Starting a blocking GC Explicit
08-04 19:16:49.916  3560  4182 I art     : Explicit concurrent mark sweep GC freed 23(752B) AllocSpace objects, 0(0B) LOS objects, 38% free, 25MB/41MB, paused 535us total 22.492ms
08-04 19:16:49.925  3560  4182 I art     : Starting a blocking GC Explicit
08-04 19:16:49.947  3560  4182 I art     : Explicit concurrent mark sweep GC freed 3(96B) AllocSpace objects, 0(0B) LOS objects, 38% free, 25MB/41MB, paused 573us total 22.523ms
08-04 19:16:49.956  3560  4182 I art     : Starting a blocking GC Explicit
08-04 19:16:49.978  3560  4182 I art     : Explicit concurrent mark sweep GC freed 3(96B) AllocSpace objects, 0(0B) LOS objects, 38% free, 25MB/41MB, paused 524us total 22.181ms
08-04 19:16:49.987  3560  4182 I art     : Starting a blocking GC Explicit
08-04 19:16:50.009  3560  4182 I art     : Explicit concurrent mark sweep GC freed 3(96B) AllocSpace objects, 0(0B) LOS objects, 38% free, 25MB/41MB, paused 502us total 21.714ms
08-04 19:16:50.347  3560  3573 I art     : Starting a blocking GC Explicit
08-04 19:16:50.380  3560  3573 I art     : Explicit concurrent mark sweep GC freed 1363(80KB) AllocSpace objects, 1(20KB) LOS objects, 38% free, 25MB/41MB, paused 568us total 32.673ms
08-04 19:16:50.392  3560  3573 I art     : Starting a blocking GC Explicit
08-04 19:16:50.415  3560  3573 I art     : Explicit concurrent mark sweep GC freed 23(752B) AllocSpace objects, 0(0B) LOS objects, 38% free, 25MB/41MB, paused 511us total 22.028ms
08-04 19:16:50.423  3560  3573 I art     : Starting a blocking GC Explicit
08-04 19:16:50.446  3560  3573 I art     : Explicit concurrent mark sweep GC freed 3(96B) AllocSpace objects, 0(0B) LOS objects, 38% free, 25MB/41MB, paused 523us total 22.339ms
08-04 19:16:50.455  3560  3573 I art     : Starting a blocking GC Explicit
08-04 19:16:50.477  3560  3573 I art     : Explicit concurrent mark sweep GC freed 3(96B) AllocSpace objects, 0(0B) LOS objects, 38% free, 25MB/41MB, paused 567us total 22.530ms
08-04 19:16:50.486  3560  3573 I art     : Starting a blocking GC Explicit
08-04 19:16:50.509  3560  3573 I art     : Explicit concurrent mark sweep GC freed 3(96B) AllocSpace objects, 0(0B) LOS objects, 38% free, 25MB/41MB, paused 542us total 22.554ms
08-04 19:16:50.821  3560  3572 I art     : Starting a blocking GC Explicit
08-04 19:16:50.849  3560  3572 I art     : Explicit concurrent mark sweep GC freed 1392(80KB) AllocSpace objects, 1(20KB) LOS objects, 38% free, 25MB/41MB, paused 589us total 28.269ms
08-04 19:16:50.861  3560  3572 I art     : Starting a blocking GC Explicit
08-04 19:16:50.885  3560  3572 I art     : Explicit concurrent mark sweep GC freed 23(752B) AllocSpace objects, 0(0B) LOS objects, 38% free, 25MB/41MB, paused 528us total 23.337ms
08-04 19:16:50.894  3560  3572 I art     : Starting a blocking GC Explicit
08-04 19:16:50.915  3560  3572 I art     : Explicit concurrent mark sweep GC freed 3(96B) AllocSpace objects, 0(0B) LOS objects, 38% free, 25MB/41MB, paused 499us total 21.185ms
08-04 19:16:50.924  3560  3572 I art     : Starting a blocking GC Explicit
08-04 19:16:50.945  3560  3572 I art     : Explicit concurrent mark sweep GC freed 3(96B) AllocSpace objects, 0(0B) LOS objects, 38% free, 25MB/41MB, paused 495us total 21.021ms
08-04 19:16:50.953  3560  3572 I art     : Starting a blocking GC Explicit
08-04 19:16:50.975  3560  3572 I art     : Explicit concurrent mark sweep GC freed 3(96B) AllocSpace objects, 0(0B) LOS objects, 38% free, 25MB/41MB, paused 530us total 20.937ms
08-04 19:16:51.281  3560  3582 I art     : Starting a blocking GC Explicit
08-04 19:16:51.304  3560  3582 I art     : Explicit concurrent mark sweep GC freed 1363(80KB) AllocSpace objects, 1(20KB) LOS objects, 38% free, 25MB/41MB, paused 550us total 22.616ms
08-04 19:16:51.313  3560  3582 I art     : Starting a blocking GC Explicit
08-04 19:16:51.321  4516  4516 D AndroidRuntime: >>>>>> START com.android.internal.os.RuntimeInit uid 2000 <<<<<<
08-04 19:16:51.326  4516  4516 D AndroidRuntime: CheckJNI is OFF
08-04 19:16:51.335  3560  3582 I art     : Explicit concurrent mark sweep GC freed 23(752B) AllocSpace objects, 0(0B) LOS objects, 38% free, 25MB/41MB, paused 604us total 21.913ms
08-04 19:16:51.343  3560  3582 I art     : Starting a blocking GC Explicit
08-04 19:16:51.361  4516  4516 D ICU     : No timezone override file found: /data/misc/zoneinfo/current/icu/icu_tzdata.dat
08-04 19:16:51.364  3560  3582 I art     : Explicit concurrent mark sweep GC freed 3(96B) AllocSpace objects, 0(0B) LOS objects, 38% free, 25MB/41MB, paused 572us total 20.505ms
08-04 19:16:51.372  3560  3582 I art     : Starting a blocking GC Explicit
08-04 19:16:51.393  3560  3582 I art     : Explicit concurrent mark sweep GC freed 3(96B) AllocSpace objects, 0(0B) LOS objects, 38% free, 25MB/41MB, paused 552us total 20.584ms
08-04 19:16:51.396  4516  4516 I Radio-JNI: register_android_hardware_Radio DONE
08-04 19:16:51.401  3560  3582 I art     : Starting a blocking GC Explicit
08-04 19:16:51.419  4516  4516 D AndroidRuntime: Calling main entry com.android.commands.input.Input
08-04 19:16:51.421  4516  4516 I Input   : injectMotionEvent: MotionEvent { action=ACTION_DOWN, actionButton=0, id[0]=0, x[0]=616.0, y[0]=469.0, toolType[0]=TOOL_TYPE_UNKNOWN, buttonState=0, metaState=0, flags=0x0, edgeFlags=0x0, pointerCount=1, historySize=0, eventTime=731827834, downTime=731827834, deviceId=0, source=0x1002 }
08-04 19:16:51.423  3560  3582 I art     : Explicit concurrent mark sweep GC freed 3(96B) AllocSpace objects, 0(0B) LOS objects, 38% free, 25MB/41MB, paused 570us total 21.285ms
08-04 19:16:51.423  3560  3571 I art     : WaitForGcToComplete blocked for 14.600ms for cause HeapTrim
08-04 19:16:51.428  4516  4516 I Input   : injectMotionEvent: MotionEvent { action=ACTION_UP, actionButton=0, id[0]=0, x[0]=616.0, y[0]=469.0, toolType[0]=TOOL_TYPE_UNKNOWN, buttonState=0, metaState=0, flags=0x0, edgeFlags=0x0, pointerCount=1, historySize=0, eventTime=731827834, downTime=731827834, deviceId=0, source=0x1002 }
08-04 19:16:51.430  4516  4516 D AndroidRuntime: Shutting down VM
08-04 19:16:51.496   512  2967 D audio_hw_primary: out_set_parameters: enter: usecase(1: low-latency-playback) kvpairs: routing=2
08-04 19:16:51.509   512  2967 D audio_hw_primary: select_devices: out_snd_device(2: speaker) in_snd_device(0: none)
08-04 19:16:51.509   512  2967 D msm8974_platform: platform_send_audio_calibration: sending audio calibration for snd_device(2) acdb_id(15)
08-04 19:16:51.510   512  2967 I soundtrigger: audio_extn_sound_trigger_update_device_status: device 0x2 of type 0 for Event 1
08-04 19:16:51.519   512  2967 D audio_hw_primary: enable_snd_device: snd_device(2: speaker)
08-04 19:16:51.521   512  2967 D audio_hw_primary: enable_audio_route: apply and update mixer path: low-latency-playback speaker
08-04 19:16:51.664  3560  3580 I NAPPA_EXPERIMENTATION: MetricNetworkRequestExecutionTime: REQUEST_DURATION_SYSTEM='167',REQUEST_DURATION_OKHTTP='166',REQUEST_SYNCHRONOUS='TRUE',RESPONSE_CODE='200',RESPONSE_METHOD='GET',RESPONSE_LENGTH_OKHTTP='-1',RESPONSE_LENGTH_HEADER='628',REQUEST_PROTOCOL='h2',REQUEST_URL='https://itunes.apple.com/lookup?id=1524080195',
08-04 19:16:51.669  3560  3573 I art     : Starting a blocking GC Explicit
08-04 19:16:51.682   918   929 I ActivityManager: START u0 {cmp=baseline.de.danoeh.antennapod.debug/baseline.de.danoeh.antennapod.activity.OnlineFeedViewActivity (has extras)} from uid 10670 on display 0
08-04 19:16:51.692  3560  3573 I art     : Explicit concurrent mark sweep GC freed 2282(141KB) AllocSpace objects, 1(20KB) LOS objects, 38% free, 25MB/41MB, paused 565us total 22.397ms
08-04 19:16:51.701  3560  3573 I art     : Starting a blocking GC Explicit
08-04 19:16:51.703 13866 13866 I GoogleInputMethodServic: GoogleInputMethodService.onFinishInput():3138 
08-04 19:16:51.703 13866 13866 I GoogleInputMethodServic: GoogleInputMethodService.onStartInput():1808 
08-04 19:16:51.725  3560  3573 I art     : Explicit concurrent mark sweep GC freed 562(27KB) AllocSpace objects, 0(0B) LOS objects, 38% free, 25MB/41MB, paused 904us total 23.764ms
08-04 19:16:51.727  3560  3560 D UserPreferences: Using default data folder
08-04 19:16:51.728  3560  3560 D OnlineFeedViewActivity: Activity was started with url https://rss.art19.com/nice-white-parents
08-04 19:16:51.731  3560  3560 D OnlineFeedViewActivity: Starting feed download
08-04 19:16:51.734  3560  3573 I art     : Starting a blocking GC Explicit
08-04 19:16:51.736  3560  4171 D DBReader: Extracting Feedlist
08-04 19:16:51.739   918  6110 D WifiService: acquireWifiLockLocked: WifiLock{Downloader type=1 binder=android.os.BinderProxy@a45658b}
08-04 19:16:51.740  3560  4171 D AntennapodHttpClient: Creating new instance of HTTP client
08-04 19:16:51.755  3560  3573 I art     : Explicit concurrent mark sweep GC freed 1260(85KB) AllocSpace objects, 0(0B) LOS objects, 38% free, 26MB/42MB, paused 597us total 20.234ms
08-04 19:16:51.762  3560  3573 I art     : Starting a blocking GC Explicit
08-04 19:16:51.782  3560  3573 I art     : Explicit concurrent mark sweep GC freed 268(14KB) AllocSpace objects, 0(0B) LOS objects, 38% free, 25MB/41MB, paused 708us total 19.823ms
08-04 19:16:51.785 13866 13866 I GoogleInputMethodServic: GoogleInputMethodService.onFinishInput():3138 
08-04 19:16:51.785 13866 13866 I GoogleInputMethodServic: GoogleInputMethodService.onStartInput():1808 
08-04 19:16:51.790  3560  3573 I art     : Starting a blocking GC Explicit
08-04 19:16:51.811  3560  3573 I art     : Explicit concurrent mark sweep GC freed 118(4KB) AllocSpace objects, 0(0B) LOS objects, 37% free, 26MB/42MB, paused 578us total 20.071ms
08-04 19:16:51.812   918   936 I ActivityManager: Displayed baseline.de.danoeh.antennapod.debug/baseline.de.danoeh.antennapod.activity.OnlineFeedViewActivity: +108ms
08-04 19:16:52.020  3560  4171 D MYTAG   : interceptor 3a https://rss.art19.com/nice-white-parents
08-04 19:16:52.021  3560  4171 I NAPPA_EXPERIMENTATION: MetricNetworkRequestExecutionTime: REQUEST_DURATION_SYSTEM='280',REQUEST_DURATION_OKHTTP='140',REQUEST_SYNCHRONOUS='TRUE',RESPONSE_CODE='200',RESPONSE_METHOD='GET',RESPONSE_LENGTH_OKHTTP='-1',RESPONSE_LENGTH_HEADER='1803',REQUEST_PROTOCOL='h2',REQUEST_URL='https://rss.art19.com/nice-white-parents',
08-04 19:16:52.021  3560  4171 D HttpDownloader: Response code is 200
08-04 19:16:52.021  3560  4171 D UserPreferences: Using default data folder
08-04 19:16:52.024  3560  4171 D HttpDownloader: Getting size of download
08-04 19:16:52.024  3560  4171 D HttpDownloader: Size is -1
08-04 19:16:52.024  3560  4171 D UserPreferences: Using default data folder
08-04 19:16:52.025  3560  4171 D HttpDownloader: Free space is 20237168640
08-04 19:16:52.025  3560  4171 D HttpDownloader: Starting download
08-04 19:16:52.027  3560  4171 D HttpDownloader: Download was successful
08-04 19:16:52.031   918   929 D WifiService: releaseWifiLockLocked: WifiLock{Downloader type=1 binder=android.os.BinderProxy@a45658b}
08-04 19:16:52.032  3560  3560 D OnlineFeedViewActivity: Parsing feed
08-04 19:16:52.047  3560  4562 D TypeGetter: Recognized type RSS 2.0
08-04 19:16:52.054  3560  4562 D SyndHandler: Recognized ITunes namespace
08-04 19:16:52.055  3560  4562 D SyndHandler: Recognized Atom namespace
08-04 19:16:52.055  3560  4562 D SyndHandler: Recognized Content namespace
08-04 19:16:52.059   512  2967 D audio_hw_primary: disable_audio_route: reset and update mixer path: low-latency-playback speaker
08-04 19:16:52.060   512  2967 D audio_hw_primary: disable_snd_device: snd_device(2: speaker)
08-04 19:16:52.062   380   380 W SurfaceFlinger: couldn't log to binary event log: overflow.
08-04 19:16:52.068  3560  4562 D OnlineFeedViewActivity: Deleted feed source file. Result: true
08-04 19:16:52.068  3560  3560 D OnlineFeedViewActivity: Removing HTML from shownotes
08-04 19:16:52.070   512  2967 I soundtrigger: audio_extn_sound_trigger_update_device_status: device 0x2 of type 0 for Event 0
08-04 19:16:52.109  3560  3573 I art     : Starting a blocking GC Explicit
08-04 19:16:52.126  3560  3560 W art     : Before Android 4.1, method int androidx.appcompat.widget.DropDownListView.lookForSelectablePosition(int, boolean) would have incorrectly overridden the package-private method in android.widget.ListView
08-04 19:16:52.132  3560  3560 I ListPopupWindow: Could not find method setEpicenterBounds(Rect) on PopupWindow. Oh well.
08-04 19:16:52.137  3560  3573 I art     : Explicit concurrent mark sweep GC freed 12127(784KB) AllocSpace objects, 8(344KB) LOS objects, 37% free, 27MB/43MB, paused 1.751ms total 27.851ms
08-04 19:16:52.143  3560  4563 D ApOkHttpUrlLoader: buildLoadData() called with: model = [https://content.production.cdn.art19.com/images/89/e0/88/44/89e08844-ac28-4fc0-96fa-15a41fec2014/262c12ed699a8d9720dea0bd66449d998e4a08cf18095bed170ccaa76722045fa5dbf7a366918b2db7e3acf29ad22f6b99fd659a9409cb807bf2781d968932f8.jpeg], width = [350], height = [350]
08-04 19:16:52.147  3560  3573 I art     : Starting a blocking GC Explicit
08-04 19:16:52.149  3560  4377 D DBReader: getImageAuthentication() called with: imageUrl = [https://content.production.cdn.art19.com/images/89/e0/88/44/89e08844-ac28-4fc0-96fa-15a41fec2014/262c12ed699a8d9720dea0bd66449d998e4a08cf18095bed170ccaa76722045fa5dbf7a366918b2db7e3acf29ad22f6b99fd659a9409cb807bf2781d968932f8.jpeg]
08-04 19:16:52.150  3560  4377 D ApOkHttpUrlLoader: no credentials for 'https://content.production.cdn.art19.com/images/89/e0/88/44/89e08844-ac28-4fc0-96fa-15a41fec2014/262c12ed699a8d9720dea0bd66449d998e4a08cf18095bed170ccaa76722045fa5dbf7a366918b2db7e3acf29ad22f6b99fd659a9409cb807bf2781d968932f8.jpeg'
08-04 19:16:52.168  3560  3560 D PlaybackController: Releasing PlaybackController
08-04 19:16:52.172  3560  3573 I art     : Explicit concurrent mark sweep GC freed 9684(647KB) AllocSpace objects, 2(88KB) LOS objects, 37% free, 26MB/42MB, paused 1.140ms total 24.705ms
08-04 19:16:52.180  3560  3573 I art     : Starting a blocking GC Explicit
08-04 19:16:52.205  3560  3573 I art     : Explicit concurrent mark sweep GC freed 275(12KB) AllocSpace objects, 1(112KB) LOS objects, 37% free, 26MB/42MB, paused 646us total 25.107ms
08-04 19:16:52.214  3560  3573 I art     : Starting a blocking GC Explicit
08-04 19:16:52.236  3560  3573 I art     : Explicit concurrent mark sweep GC freed 29(976B) AllocSpace objects, 0(0B) LOS objects, 37% free, 26MB/42MB, paused 594us total 21.524ms
08-04 19:16:52.245  3560  3573 I art     : Starting a blocking GC Explicit
08-04 19:16:52.270  3560  3573 I art     : Explicit concurrent mark sweep GC freed 4190(180KB) AllocSpace objects, 0(0B) LOS objects, 37% free, 26MB/42MB, paused 683us total 24.697ms
08-04 19:16:52.411  3560  4377 D MYTAG   : interceptor 2a
08-04 19:16:52.411  3560  4377 I NAPPA_EXPERIMENTATION: MetricNetworkRequestExecutionTime: REQUEST_DURATION_SYSTEM='261',REQUEST_DURATION_OKHTTP='147',REQUEST_SYNCHRONOUS='TRUE',RESPONSE_CODE='200',RESPONSE_METHOD='GET',RESPONSE_LENGTH_OKHTTP='2466122',RESPONSE_LENGTH_HEADER='2466122',REQUEST_PROTOCOL='h2',REQUEST_URL='https://content.production.cdn.art19.com/images/89/e0/88/44/89e08844-ac28-4fc0-96fa-15a41fec2014/262c12ed699a8d9720dea0bd66449d998e4a08cf18095bed170ccaa76722045fa5dbf7a366918b2db7e3acf29ad22f6b99fd659a9409cb807bf2781d968932f8.jpeg',
08-04 19:16:52.546  3560  3572 I art     : Starting a blocking GC Explicit
08-04 19:16:52.571  3560  3572 I art     : Explicit concurrent mark sweep GC freed 1946(116KB) AllocSpace objects, 1(20KB) LOS objects, 37% free, 26MB/42MB, paused 672us total 25.210ms
08-04 19:16:52.580  3560  3572 I art     : Starting a blocking GC Explicit
08-04 19:16:52.604  3560  3572 I art     : Explicit concurrent mark sweep GC freed 94(3056B) AllocSpace objects, 0(0B) LOS objects, 37% free, 26MB/42MB, paused 609us total 23.545ms
08-04 19:16:52.613  3560  3572 I art     : Starting a blocking GC Explicit
08-04 19:16:52.636  3560  3572 I art     : Explicit concurrent mark sweep GC freed 75(2400B) AllocSpace objects, 0(0B) LOS objects, 37% free, 26MB/42MB, paused 613us total 22.685ms
08-04 19:16:52.644  3560  3572 I art     : Starting a blocking GC Explicit
08-04 19:16:52.669  3560  3572 I art     : Explicit concurrent mark sweep GC freed 77(2464B) AllocSpace objects, 0(0B) LOS objects, 37% free, 26MB/42MB, paused 695us total 24.056ms
08-04 19:16:52.677  3560  3572 I art     : Starting a blocking GC Explicit
08-04 19:16:52.703  3560  3572 I art     : Explicit concurrent mark sweep GC freed 1130(50KB) AllocSpace objects, 0(0B) LOS objects, 36% free, 27MB/43MB, paused 760us total 25.269ms
08-04 19:16:52.969  3560  3582 I art     : Starting a blocking GC Explicit
08-04 19:16:52.997  3560  3582 I art     : Explicit concurrent mark sweep GC freed 1537(99KB) AllocSpace objects, 1(20KB) LOS objects, 36% free, 27MB/43MB, paused 616us total 27.710ms
08-04 19:16:53.010  3560  3582 I art     : Starting a blocking GC Explicit
08-04 19:16:53.036  3560  3582 I art     : Explicit concurrent mark sweep GC freed 29(944B) AllocSpace objects, 0(0B) LOS objects, 37% free, 27MB/43MB, paused 626us total 25.998ms
08-04 19:16:53.045  3560  3582 I art     : Starting a blocking GC Explicit
08-04 19:16:53.071  3560  3582 I art     : Explicit concurrent mark sweep GC freed 3(96B) AllocSpace objects, 0(0B) LOS objects, 37% free, 27MB/43MB, paused 645us total 25.886ms
08-04 19:16:53.081  3560  3582 I art     : Starting a blocking GC Explicit
08-04 19:16:53.107  3560  3582 I art     : Explicit concurrent mark sweep GC freed 3(96B) AllocSpace objects, 0(0B) LOS objects, 37% free, 27MB/43MB, paused 809us total 26.041ms
08-04 19:16:53.117  3560  3582 I art     : Starting a blocking GC Explicit
08-04 19:16:53.143  3560  3582 I art     : Explicit concurrent mark sweep GC freed 3(96B) AllocSpace objects, 0(0B) LOS objects, 37% free, 27MB/43MB, paused 708us total 26.111ms
08-04 19:16:53.457  3560  3573 I art     : Starting a blocking GC Explicit
08-04 19:16:53.485  3560  3573 I art     : Explicit concurrent mark sweep GC freed 1369(80KB) AllocSpace objects, 1(20KB) LOS objects, 36% free, 27MB/43MB, paused 659us total 27.503ms
08-04 19:16:53.494  3560  3573 I art     : Starting a blocking GC Explicit
08-04 19:16:53.518  3560  3573 I art     : Explicit concurrent mark sweep GC freed 23(752B) AllocSpace objects, 0(0B) LOS objects, 37% free, 27MB/43MB, paused 684us total 24.297ms
08-04 19:16:53.527  3560  3573 I art     : Starting a blocking GC Explicit
08-04 19:16:53.552  3560  3573 I art     : Explicit concurrent mark sweep GC freed 3(96B) AllocSpace objects, 0(0B) LOS objects, 37% free, 27MB/43MB, paused 619us total 24.572ms
08-04 19:16:53.561  3560  3573 I art     : Starting a blocking GC Explicit
08-04 19:16:53.587  3560  3573 I art     : Explicit concurrent mark sweep GC freed 3(96B) AllocSpace objects, 0(0B) LOS objects, 37% free, 27MB/43MB, paused 621us total 25.076ms
08-04 19:16:53.596  3560  3573 I art     : Starting a blocking GC Explicit
08-04 19:16:53.621  3560  3573 I art     : Explicit concurrent mark sweep GC freed 3(96B) AllocSpace objects, 0(0B) LOS objects, 37% free, 27MB/43MB, paused 633us total 25.376ms
08-04 19:16:53.931  3560  3582 I art     : Starting a blocking GC Explicit
08-04 19:16:53.957  3560  3582 I art     : Explicit concurrent mark sweep GC freed 1423(81KB) AllocSpace objects, 1(20KB) LOS objects, 36% free, 27MB/43MB, paused 610us total 26.411ms
08-04 19:16:53.968  3560  3582 I art     : Starting a blocking GC Explicit
08-04 19:16:53.992  3560  3582 I art     : Explicit concurrent mark sweep GC freed 25(816B) AllocSpace objects, 0(0B) LOS objects, 37% free, 27MB/43MB, paused 628us total 24.608ms
08-04 19:16:54.001  3560  3582 I art     : Starting a blocking GC Explicit
08-04 19:16:54.026  3560  3582 I art     : Explicit concurrent mark sweep GC freed 3(96B) AllocSpace objects, 0(0B) LOS objects, 37% free, 27MB/43MB, paused 649us total 24.789ms
08-04 19:16:54.036  3560  3582 I art     : Starting a blocking GC Explicit
08-04 19:16:54.060  3560  3582 I art     : Explicit concurrent mark sweep GC freed 3(96B) AllocSpace objects, 0(0B) LOS objects, 37% free, 27MB/43MB, paused 617us total 24.409ms
08-04 19:16:54.069  3560  3582 I art     : Starting a blocking GC Explicit
08-04 19:16:54.095  3560  3582 I art     : Explicit concurrent mark sweep GC freed 3(96B) AllocSpace objects, 0(0B) LOS objects, 37% free, 27MB/43MB, paused 602us total 25.046ms
08-04 19:16:54.421  3560  3572 I art     : Starting a blocking GC Explicit
08-04 19:16:54.456  3560  3572 I art     : Explicit concurrent mark sweep GC freed 1367(82KB) AllocSpace objects, 1(20KB) LOS objects, 37% free, 27MB/43MB, paused 688us total 35.066ms
08-04 19:16:54.468  3560  3572 I art     : Starting a blocking GC Explicit
08-04 19:16:54.494  3560  3572 I art     : Explicit concurrent mark sweep GC freed 23(752B) AllocSpace objects, 0(0B) LOS objects, 37% free, 27MB/43MB, paused 634us total 25.994ms
08-04 19:16:54.503  3560  3572 I art     : Starting a blocking GC Explicit
08-04 19:16:54.529  3560  3572 I art     : Explicit concurrent mark sweep GC freed 3(96B) AllocSpace objects, 0(0B) LOS objects, 37% free, 27MB/43MB, paused 622us total 25.703ms
08-04 19:16:54.539  3560  3572 I art     : Starting a blocking GC Explicit
08-04 19:16:54.565  3560  3572 I art     : Explicit concurrent mark sweep GC freed 3(96B) AllocSpace objects, 0(0B) LOS objects, 37% free, 27MB/43MB, paused 628us total 25.819ms
08-04 19:16:54.574  3560  3572 I art     : Starting a blocking GC Explicit
08-04 19:16:54.600  3560  3572 I art     : Explicit concurrent mark sweep GC freed 3(96B) AllocSpace objects, 0(0B) LOS objects, 37% free, 27MB/43MB, paused 666us total 25.874ms
08-04 19:16:54.926  3560  4182 I art     : Starting a blocking GC Explicit
08-04 19:16:54.960  3560  4182 I art     : Explicit concurrent mark sweep GC freed 1395(80KB) AllocSpace objects, 1(20KB) LOS objects, 37% free, 27MB/43MB, paused 670us total 33.551ms
08-04 19:16:54.972  3560  4182 I art     : Starting a blocking GC Explicit
08-04 19:16:54.998  3560  4182 I art     : Explicit concurrent mark sweep GC freed 23(752B) AllocSpace objects, 0(0B) LOS objects, 37% free, 27MB/43MB, paused 620us total 26.213ms
08-04 19:16:55.008  3560  4182 I art     : Starting a blocking GC Explicit
08-04 19:16:55.034  3560  4182 I art     : Explicit concurrent mark sweep GC freed 3(96B) AllocSpace objects, 0(0B) LOS objects, 37% free, 27MB/43MB, paused 640us total 25.937ms
08-04 19:16:55.043  3560  4182 I art     : Starting a blocking GC Explicit
08-04 19:16:55.069  3560  4182 I art     : Explicit concurrent mark sweep GC freed 3(96B) AllocSpace objects, 0(0B) LOS objects, 37% free, 27MB/43MB, paused 675us total 25.826ms
08-04 19:16:55.079  3560  4182 I art     : Starting a blocking GC Explicit
08-04 19:16:55.105  3560  4182 I art     : Explicit concurrent mark sweep GC freed 3(96B) AllocSpace objects, 0(0B) LOS objects, 37% free, 27MB/43MB, paused 626us total 25.591ms
08-04 19:16:55.427  3560  3573 I art     : Starting a blocking GC Explicit
08-04 19:16:55.454  3560  3573 I art     : Explicit concurrent mark sweep GC freed 1366(80KB) AllocSpace objects, 1(20KB) LOS objects, 37% free, 27MB/43MB, paused 713us total 26.597ms
08-04 19:16:55.463  3560  3573 I art     : Starting a blocking GC Explicit
08-04 19:16:55.489  3560  3573 I art     : Explicit concurrent mark sweep GC freed 23(752B) AllocSpace objects, 0(0B) LOS objects, 37% free, 27MB/43MB, paused 628us total 25.172ms
08-04 19:16:55.498  3560  3573 I art     : Starting a blocking GC Explicit
08-04 19:16:55.523  3560  3573 I art     : Explicit concurrent mark sweep GC freed 3(96B) AllocSpace objects, 0(0B) LOS objects, 37% free, 27MB/43MB, paused 651us total 25.114ms
08-04 19:16:55.533  3560  3573 I art     : Starting a blocking GC Explicit
08-04 19:16:55.559  3560  3573 I art     : Explicit concurrent mark sweep GC freed 3(96B) AllocSpace objects, 0(0B) LOS objects, 37% free, 27MB/43MB, paused 644us total 26.027ms
08-04 19:16:55.568  3560  3573 I art     : Starting a blocking GC Explicit
08-04 19:16:55.594  3560  3573 I art     : Explicit concurrent mark sweep GC freed 3(96B) AllocSpace objects, 0(0B) LOS objects, 37% free, 27MB/43MB, paused 633us total 25.435ms
08-04 19:16:55.871  3560  3582 I art     : Starting a blocking GC Explicit
08-04 19:16:55.897  3560  3582 I art     : Explicit concurrent mark sweep GC freed 1395(80KB) AllocSpace objects, 1(20KB) LOS objects, 37% free, 27MB/43MB, paused 736us total 25.895ms
08-04 19:16:55.907  3560  3582 I art     : Starting a blocking GC Explicit
08-04 19:16:55.931  3560  3582 I art     : Explicit concurrent mark sweep GC freed 23(752B) AllocSpace objects, 0(0B) LOS objects, 37% free, 27MB/43MB, paused 629us total 24.189ms
08-04 19:16:55.940  3560  3582 I art     : Starting a blocking GC Explicit
08-04 19:16:55.965  3560  3582 I art     : Explicit concurrent mark sweep GC freed 3(96B) AllocSpace objects, 0(0B) LOS objects, 37% free, 27MB/43MB, paused 628us total 24.353ms
08-04 19:16:55.974  3560  3582 I art     : Starting a blocking GC Explicit
08-04 19:16:55.999  3560  3582 I art     : Explicit concurrent mark sweep GC freed 3(96B) AllocSpace objects, 0(0B) LOS objects, 37% free, 27MB/43MB, paused 632us total 24.919ms
08-04 19:16:56.008  3560  3582 I art     : Starting a blocking GC Explicit
08-04 19:16:56.033  3560  3582 I art     : Explicit concurrent mark sweep GC freed 3(96B) AllocSpace objects, 0(0B) LOS objects, 37% free, 27MB/43MB, paused 633us total 24.615ms
08-04 19:16:56.126  4638  4638 D AndroidRuntime: >>>>>> START com.android.internal.os.RuntimeInit uid 2000 <<<<<<
08-04 19:16:56.132  4638  4638 D AndroidRuntime: CheckJNI is OFF
08-04 19:16:56.172  4638  4638 D ICU     : No timezone override file found: /data/misc/zoneinfo/current/icu/icu_tzdata.dat
08-04 19:16:56.206  4638  4638 I Radio-JNI: register_android_hardware_Radio DONE
08-04 19:16:56.227  4638  4638 D AndroidRuntime: Calling main entry com.android.commands.input.Input
08-04 19:16:56.229  4638  4638 I Input   : injectMotionEvent: MotionEvent { action=ACTION_DOWN, actionButton=0, id[0]=0, x[0]=625.0, y[0]=832.0, toolType[0]=TOOL_TYPE_UNKNOWN, buttonState=0, metaState=0, flags=0x0, edgeFlags=0x0, pointerCount=1, historySize=0, eventTime=731832642, downTime=731832642, deviceId=0, source=0x1002 }
08-04 19:16:56.234  4638  4638 I Input   : injectMotionEvent: MotionEvent { action=ACTION_UP, actionButton=0, id[0]=0, x[0]=625.0, y[0]=832.0, toolType[0]=TOOL_TYPE_UNKNOWN, buttonState=0, metaState=0, flags=0x0, edgeFlags=0x0, pointerCount=1, historySize=0, eventTime=731832642, downTime=731832642, deviceId=0, source=0x1002 }
08-04 19:16:56.236  4638  4638 D AndroidRuntime: Shutting down VM
08-04 19:16:56.257  3560  3560 D UserPreferences: Using default data folder
08-04 19:16:56.257  3560  3560 D DownloadRequester: partiallyDownloadedFileExists: false
08-04 19:16:56.258  3560  3560 D DownloadRequester: /storage/emulated/0/Android/data/baseline.de.danoeh.antennapod.debug/files/cache/feed-Nice White Parents is available as a download destination
08-04 19:16:56.258   512  2967 D audio_hw_primary: out_set_parameters: enter: usecase(1: low-latency-playback) kvpairs: routing=2
08-04 19:16:56.259  3560  3560 D DownloadRequester: Requesting download of url https://rss.art19.com/nice-white-parents
08-04 19:16:56.263  3560  3560 D DownloadService: Service started
08-04 19:16:56.266  3560  3560 D DownloadService: parallel downloads: 4
08-04 19:16:56.267  3560  4672 D downloadCompletionThd: downloadCompletionThread was started
08-04 19:16:56.269  3560  3560 D DownloadService: Notification set up
08-04 19:16:56.271   512  2967 D audio_hw_primary: select_devices: out_snd_device(2: speaker) in_snd_device(0: none)
08-04 19:16:56.271   512  2967 D msm8974_platform: platform_send_audio_calibration: sending audio calibration for snd_device(2) acdb_id(15)
08-04 19:16:56.271   512  2967 I soundtrigger: audio_extn_sound_trigger_update_device_status: device 0x2 of type 0 for Event 1
08-04 19:16:56.281   512  2967 D audio_hw_primary: enable_snd_device: snd_device(2: speaker)
08-04 19:16:56.282  3560  3560 D DownloadService: Received enqueue request
08-04 19:16:56.283   512  2967 D audio_hw_primary: enable_audio_route: apply and update mixer path: low-latency-playback speaker
08-04 19:16:56.285  3560  3560 D OnlineFeedViewActivity: onEventMainThread() called with: event = [DownloadEvent{update=DownloaderUpdate{downloaders=[baseline.de.danoeh.antennapod.core.service.download.HttpDownloader@cfb5015], feedIds=[0], mediaIds=[]}}]
08-04 19:16:56.285  3560  3560 D DownloadService: 1 downloads left
08-04 19:16:56.285  3560  3560 D DownloadService: Setting up notification updater
08-04 19:16:56.287   918  6110 D WifiService: acquireWifiLockLocked: WifiLock{Downloader type=1 binder=android.os.BinderProxy@63d430a}
08-04 19:16:56.289  3560  4674 D AntennapodHttpClient: Creating new instance of HTTP client
08-04 19:16:56.319  3560  3582 I art     : Starting a blocking GC Explicit
08-04 19:16:56.343  3560  3582 I art     : Explicit concurrent mark sweep GC freed 2571(151KB) AllocSpace objects, 1(20KB) LOS objects, 36% free, 27MB/43MB, paused 677us total 23.848ms
08-04 19:16:56.351  3560  3582 I art     : Starting a blocking GC Explicit
08-04 19:16:56.374  3560  3582 I art     : Explicit concurrent mark sweep GC freed 99(6KB) AllocSpace objects, 0(0B) LOS objects, 36% free, 27MB/43MB, paused 710us total 22.426ms
08-04 19:16:56.383  3560  3582 I art     : Starting a blocking GC Explicit
08-04 19:16:56.406  3560  3582 I art     : Explicit concurrent mark sweep GC freed 15(560B) AllocSpace objects, 0(0B) LOS objects, 36% free, 27MB/43MB, paused 695us total 22.693ms
08-04 19:16:56.414  3560  3582 I art     : Starting a blocking GC Explicit
08-04 19:16:56.438  3560  3582 I art     : Explicit concurrent mark sweep GC freed 419(34KB) AllocSpace objects, 0(0B) LOS objects, 36% free, 27MB/43MB, paused 875us total 23.944ms
08-04 19:16:56.446  3560  3582 I art     : Starting a blocking GC Explicit
08-04 19:16:56.472  3560  3582 I art     : Explicit concurrent mark sweep GC freed 3437(155KB) AllocSpace objects, 2(120KB) LOS objects, 36% free, 27MB/43MB, paused 779us total 25.359ms
08-04 19:16:56.615  3560  4674 D MYTAG   : interceptor 3a https://rss.art19.com/nice-white-parents
08-04 19:16:56.615  3560  4674 I NAPPA_EXPERIMENTATION: MetricNetworkRequestExecutionTime: REQUEST_DURATION_SYSTEM='325',REQUEST_DURATION_OKHTTP='141',REQUEST_SYNCHRONOUS='TRUE',RESPONSE_CODE='200',RESPONSE_METHOD='GET',RESPONSE_LENGTH_OKHTTP='-1',RESPONSE_LENGTH_HEADER='1803',REQUEST_PROTOCOL='h2',REQUEST_URL='https://rss.art19.com/nice-white-parents',
08-04 19:16:56.615  3560  4674 D HttpDownloader: Response code is 200
08-04 19:16:56.615  3560  4674 D UserPreferences: Using default data folder
08-04 19:16:56.619  3560  4674 D HttpDownloader: Getting size of download
08-04 19:16:56.619  3560  4674 D HttpDownloader: Size is -1
08-04 19:16:56.619  3560  4674 D UserPreferences: Using default data folder
08-04 19:16:56.621  3560  4674 D HttpDownloader: Free space is 20234665984
08-04 19:16:56.621  3560  4674 D HttpDownloader: Starting download
08-04 19:16:56.622  3560  4674 D HttpDownloader: Download was successful
08-04 19:16:56.623   918  3714 D WifiService: releaseWifiLockLocked: WifiLock{Downloader type=1 binder=android.os.BinderProxy@63d430a}
08-04 19:16:56.624  3560  4672 D downloadCompletionThd: Received 'Download Complete' - message.
08-04 19:16:56.624  3560  4672 D DownloadService: Handling completed Feed Download
08-04 19:16:56.624  3560  3560 D DownloadService: Removing downloader: https://rss.art19.com/nice-white-parents
08-04 19:16:56.624  3560  3560 D DownloadService: Result of downloads.remove: true
08-04 19:16:56.626  3560  3560 D OnlineFeedViewActivity: onEventMainThread() called with: event = [DownloadEvent{update=DownloaderUpdate{downloaders=[], feedIds=[], mediaIds=[]}}]
08-04 19:16:56.628  3560  4684 D TypeGetter: Recognized type RSS 2.0
08-04 19:16:56.630  3560  4684 D SyndHandler: Recognized ITunes namespace
08-04 19:16:56.630  3560  4684 D SyndHandler: Recognized Atom namespace
08-04 19:16:56.630  3560  4684 D SyndHandler: Recognized Content namespace
08-04 19:16:56.638  3560  4684 D FeedSyncThread: Nice White Parents parsed
08-04 19:16:56.639  3560  4684 D FeedSyncThread: Deletion of file '/storage/emulated/0/Android/data/baseline.de.danoeh.antennapod.debug/files/cache/feed-Nice White Parents' successful
08-04 19:16:56.639  3560  4684 D DBReader: getFeedDownloadLog() called with: feed = [baseline.de.danoeh.antennapod.core.feed.Feed@0]
08-04 19:16:56.640  3560  4673 D FeedSyncThread: Bundling 1 feeds
08-04 19:16:56.642  3560  4687 D DBReader: Extracting Feedlist
08-04 19:16:56.643  3560  4687 D DBTasks : Found no existing Feed with title Nice White Parents. Adding as new one.
08-04 19:16:56.645  3560  4688 D PodDBAdapter: Setting feed with flattr status Nice White Parents: 0
08-04 19:16:56.645  3560  4688 D baseline.de.danoeh.antennapod.core.storage.PodDBAdapter@150f982: Inserting new Feed into db
08-04 19:16:56.662  3560  3560 D EventDistributor: Processing event queue. Number of events: 1
08-04 19:16:56.662  3560  3560 D EventDistributor: Notifying observers. Data: 1
08-04 19:16:56.663  3560  3560 D DownloadService: 0 downloads left
08-04 19:16:56.663  3560  4170 D DBReader: Extracting Feedlist
08-04 19:16:56.663  3560  3560 D DownloadService: Number of downloads is 0, attempting shutdown
08-04 19:16:56.664  3560  3560 D DownloadService: Service shutting down
08-04 19:16:56.664  3560  3560 D DownloadService: No report is created
08-04 19:16:56.664  3560  3560 D OnlineFeedViewActivity: onEventMainThread() called with: event = [DownloadEvent{update=DownloaderUpdate{downloaders=[], feedIds=[], mediaIds=[]}}]
08-04 19:16:56.668  3560  3560 D DownloadService: NotificationUpdater cancelled. Result: false
08-04 19:16:56.668  3560  3560 D DBTasks : autodownloadUndownloadedItems
08-04 19:16:56.668  3560  4672 E downloadCompletionThd: DownloadCompletionThread was interrupted
08-04 19:16:56.671  3560  4693 D NetworkUtils: Device is connected to Wi-Fi
08-04 19:16:56.671  3560  4693 D NetworkUtils: Auto-dl filter is disabled
08-04 19:16:56.727  3560  3573 I art     : Starting a blocking GC Explicit
08-04 19:16:56.756  3560  3573 I art     : Explicit concurrent mark sweep GC freed 4414(495KB) AllocSpace objects, 6(180KB) LOS objects, 36% free, 27MB/43MB, paused 726us total 28.186ms
08-04 19:16:56.766  3560  3573 I art     : Starting a blocking GC Explicit
08-04 19:16:56.792  3560  3573 I art     : Explicit concurrent mark sweep GC freed 337(16KB) AllocSpace objects, 0(0B) LOS objects, 36% free, 27MB/43MB, paused 757us total 25.706ms
08-04 19:16:56.801  3560  3573 I art     : Starting a blocking GC Explicit
08-04 19:16:56.825  3560  3573 I art     : Explicit concurrent mark sweep GC freed 6(192B) AllocSpace objects, 0(0B) LOS objects, 36% free, 27MB/43MB, paused 743us total 24.682ms
08-04 19:16:56.828   512  2967 D audio_hw_primary: disable_audio_route: reset and update mixer path: low-latency-playback speaker
08-04 19:16:56.829   512  2967 D audio_hw_primary: disable_snd_device: snd_device(2: speaker)
08-04 19:16:56.834  3560  3573 I art     : Starting a blocking GC Explicit
08-04 19:16:56.838   512  2967 I soundtrigger: audio_extn_sound_trigger_update_device_status: device 0x2 of type 0 for Event 0
08-04 19:16:56.859  3560  3573 I art     : Explicit concurrent mark sweep GC freed 5(160B) AllocSpace objects, 0(0B) LOS objects, 36% free, 27MB/43MB, paused 731us total 25.198ms
08-04 19:16:56.868  3560  3573 I art     : Starting a blocking GC Explicit
08-04 19:16:56.894  3560  3573 I art     : Explicit concurrent mark sweep GC freed 4(128B) AllocSpace objects, 0(0B) LOS objects, 36% free, 27MB/43MB, paused 744us total 25.462ms
08-04 19:16:57.202  3560  3582 I art     : Starting a blocking GC Explicit
08-04 19:16:57.235  3560  3582 I art     : Explicit concurrent mark sweep GC freed 1375(80KB) AllocSpace objects, 1(20KB) LOS objects, 36% free, 27MB/43MB, paused 795us total 32.441ms
08-04 19:16:57.248  3560  3582 I art     : Starting a blocking GC Explicit
08-04 19:16:57.276  3560  3582 I art     : Explicit concurrent mark sweep GC freed 25(816B) AllocSpace objects, 0(0B) LOS objects, 36% free, 27MB/43MB, paused 776us total 27.733ms
08-04 19:16:57.286  3560  3582 I art     : Starting a blocking GC Explicit
08-04 19:16:57.313  3560  3582 I art     : Explicit concurrent mark sweep GC freed 3(96B) AllocSpace objects, 0(0B) LOS objects, 36% free, 27MB/43MB, paused 753us total 27.425ms
08-04 19:16:57.323  3560  3582 I art     : Starting a blocking GC Explicit
08-04 19:16:57.351  3560  3582 I art     : Explicit concurrent mark sweep GC freed 3(96B) AllocSpace objects, 0(0B) LOS objects, 36% free, 27MB/43MB, paused 752us total 27.541ms
08-04 19:16:57.360  3560  3582 I art     : Starting a blocking GC Explicit
08-04 19:16:57.388  3560  3582 I art     : Explicit concurrent mark sweep GC freed 3(96B) AllocSpace objects, 0(0B) LOS objects, 36% free, 27MB/43MB, paused 771us total 27.473ms
08-04 19:16:57.689  3560  4182 I art     : Starting a blocking GC Explicit
08-04 19:16:57.723  3560  4182 I art     : Explicit concurrent mark sweep GC freed 1396(82KB) AllocSpace objects, 1(20KB) LOS objects, 36% free, 27MB/43MB, paused 822us total 33.844ms
08-04 19:16:57.736  3560  4182 I art     : Starting a blocking GC Explicit
08-04 19:16:57.764  3560  4182 I art     : Explicit concurrent mark sweep GC freed 23(752B) AllocSpace objects, 0(0B) LOS objects, 36% free, 27MB/43MB, paused 874us total 27.661ms
08-04 19:16:57.774  3560  4182 I art     : Starting a blocking GC Explicit
08-04 19:16:57.801  3560  4182 I art     : Explicit concurrent mark sweep GC freed 3(96B) AllocSpace objects, 0(0B) LOS objects, 36% free, 27MB/43MB, paused 774us total 27.546ms
08-04 19:16:57.811  3560  4182 I art     : Starting a blocking GC Explicit
08-04 19:16:57.838  3560  4182 I art     : Explicit concurrent mark sweep GC freed 3(96B) AllocSpace objects, 0(0B) LOS objects, 36% free, 27MB/43MB, paused 767us total 27.545ms
08-04 19:16:57.848  3560  4182 I art     : Starting a blocking GC Explicit
08-04 19:16:57.876  3560  4182 I art     : Explicit concurrent mark sweep GC freed 3(96B) AllocSpace objects, 0(0B) LOS objects, 36% free, 27MB/43MB, paused 778us total 27.507ms
08-04 19:16:58.201  3560  3572 I art     : Starting a blocking GC Explicit
08-04 19:16:58.224  3560  3572 I art     : Explicit concurrent mark sweep GC freed 1373(82KB) AllocSpace objects, 1(20KB) LOS objects, 36% free, 27MB/43MB, paused 744us total 23.262ms
08-04 19:16:58.233  3560  3572 I art     : Starting a blocking GC Explicit
08-04 19:16:58.258  3560  3572 I art     : Explicit concurrent mark sweep GC freed 28(944B) AllocSpace objects, 0(0B) LOS objects, 36% free, 27MB/43MB, paused 771us total 25.072ms
08-04 19:16:58.267  3560  3572 I art     : Starting a blocking GC Explicit
08-04 19:16:58.293  3560  3572 I art     : Explicit concurrent mark sweep GC freed 8(288B) AllocSpace objects, 0(0B) LOS objects, 36% free, 27MB/43MB, paused 739us total 25.668ms
08-04 19:16:58.302  3560  3572 I art     : Starting a blocking GC Explicit
08-04 19:16:58.329  3560  3572 I art     : Explicit concurrent mark sweep GC freed 3(96B) AllocSpace objects, 0(0B) LOS objects, 36% free, 27MB/43MB, paused 800us total 26.367ms
08-04 19:16:58.338  3560  3572 I art     : Starting a blocking GC Explicit
08-04 19:16:58.365  3560  3572 I art     : Explicit concurrent mark sweep GC freed 3(96B) AllocSpace objects, 0(0B) LOS objects, 36% free, 27MB/43MB, paused 760us total 27.063ms
08-04 19:16:58.675  3560  4182 I art     : Starting a blocking GC Explicit
08-04 19:16:58.709  3560  4182 I art     : Explicit concurrent mark sweep GC freed 1401(83KB) AllocSpace objects, 1(20KB) LOS objects, 36% free, 27MB/43MB, paused 867us total 33.539ms
08-04 19:16:58.720  3560  4182 I art     : Starting a blocking GC Explicit
08-04 19:16:58.748  3560  4182 I art     : Explicit concurrent mark sweep GC freed 23(752B) AllocSpace objects, 0(0B) LOS objects, 36% free, 27MB/43MB, paused 812us total 27.570ms
08-04 19:16:58.757  3560  4182 I art     : Starting a blocking GC Explicit
08-04 19:16:58.784  3560  4182 I art     : Explicit concurrent mark sweep GC freed 3(96B) AllocSpace objects, 0(0B) LOS objects, 36% free, 27MB/43MB, paused 765us total 26.787ms
08-04 19:16:58.794  3560  4182 I art     : Starting a blocking GC Explicit
08-04 19:16:58.821  3560  4182 I art     : Explicit concurrent mark sweep GC freed 3(96B) AllocSpace objects, 0(0B) LOS objects, 36% free, 27MB/43MB, paused 769us total 26.578ms
08-04 19:16:58.830  3560  4182 I art     : Starting a blocking GC Explicit
08-04 19:16:58.857  3560  4182 I art     : Explicit concurrent mark sweep GC freed 3(96B) AllocSpace objects, 0(0B) LOS objects, 36% free, 27MB/43MB, paused 840us total 26.754ms
08-04 19:16:59.193  3560  3573 I art     : Starting a blocking GC Explicit
08-04 19:16:59.232  3560  3573 I art     : Explicit concurrent mark sweep GC freed 1370(80KB) AllocSpace objects, 1(20KB) LOS objects, 36% free, 27MB/43MB, paused 809us total 38.660ms
08-04 19:16:59.244  3560  3573 I art     : Starting a blocking GC Explicit
08-04 19:16:59.271  3560  3573 I art     : Explicit concurrent mark sweep GC freed 23(752B) AllocSpace objects, 0(0B) LOS objects, 36% free, 27MB/43MB, paused 837us total 26.680ms
08-04 19:16:59.280  3560  3573 I art     : Starting a blocking GC Explicit
08-04 19:16:59.307  3560  3573 I art     : Explicit concurrent mark sweep GC freed 3(96B) AllocSpace objects, 0(0B) LOS objects, 36% free, 27MB/43MB, paused 818us total 26.786ms
08-04 19:16:59.316  3560  3573 I art     : Starting a blocking GC Explicit
08-04 19:16:59.343  3560  3573 I art     : Explicit concurrent mark sweep GC freed 3(96B) AllocSpace objects, 0(0B) LOS objects, 36% free, 27MB/43MB, paused 751us total 26.485ms
08-04 19:16:59.353  3560  3573 I art     : Starting a blocking GC Explicit
08-04 19:16:59.381  3560  3573 I art     : Explicit concurrent mark sweep GC freed 3(96B) AllocSpace objects, 0(0B) LOS objects, 36% free, 27MB/43MB, paused 764us total 27.677ms
08-04 19:16:59.720  3560  3582 I art     : Starting a blocking GC Explicit
08-04 19:16:59.761  3560  3582 I art     : Explicit concurrent mark sweep GC freed 1395(80KB) AllocSpace objects, 1(20KB) LOS objects, 36% free, 27MB/43MB, paused 868us total 41.031ms
08-04 19:16:59.777  3560  3582 I art     : Starting a blocking GC Explicit
08-04 19:16:59.809  3560  3582 I art     : Explicit concurrent mark sweep GC freed 23(752B) AllocSpace objects, 0(0B) LOS objects, 36% free, 27MB/43MB, paused 760us total 32.046ms
08-04 19:16:59.818  3560  3582 I art     : Starting a blocking GC Explicit
08-04 19:16:59.846  3560  3582 I art     : Explicit concurrent mark sweep GC freed 3(96B) AllocSpace objects, 0(0B) LOS objects, 36% free, 27MB/43MB, paused 814us total 27.507ms
08-04 19:16:59.856  3560  3582 I art     : Starting a blocking GC Explicit
08-04 19:16:59.883  3560  3582 I art     : Explicit concurrent mark sweep GC freed 3(96B) AllocSpace objects, 0(0B) LOS objects, 36% free, 27MB/43MB, paused 770us total 27.517ms
08-04 19:16:59.893  3560  3582 I art     : Starting a blocking GC Explicit
08-04 19:16:59.920  3560  3582 I art     : Explicit concurrent mark sweep GC freed 3(96B) AllocSpace objects, 0(0B) LOS objects, 36% free, 27MB/43MB, paused 769us total 26.535ms
08-04 19:17:00.233  3560  3572 I art     : Starting a blocking GC Explicit
08-04 19:17:00.275  3560  3572 I art     : Explicit concurrent mark sweep GC freed 1367(82KB) AllocSpace objects, 1(20KB) LOS objects, 36% free, 27MB/43MB, paused 872us total 40.730ms
08-04 19:17:00.291  3560  3572 I art     : Starting a blocking GC Explicit
08-04 19:17:00.319  3560  3572 I art     : Explicit concurrent mark sweep GC freed 23(752B) AllocSpace objects, 0(0B) LOS objects, 36% free, 27MB/43MB, paused 766us total 27.955ms
08-04 19:17:00.329  3560  3572 I art     : Starting a blocking GC Explicit
08-04 19:17:00.356  3560  3572 I art     : Explicit concurrent mark sweep GC freed 3(96B) AllocSpace objects, 0(0B) LOS objects, 36% free, 27MB/43MB, paused 763us total 26.961ms
08-04 19:17:00.365  3560  3572 I art     : Starting a blocking GC Explicit
08-04 19:17:00.392  3560  3572 I art     : Explicit concurrent mark sweep GC freed 3(96B) AllocSpace objects, 0(0B) LOS objects, 36% free, 27MB/43MB, paused 763us total 26.793ms
08-04 19:17:00.402  3560  3572 I art     : Starting a blocking GC Explicit
08-04 19:17:00.429  3560  3572 I art     : Explicit concurrent mark sweep GC freed 3(96B) AllocSpace objects, 0(0B) LOS objects, 36% free, 27MB/43MB, paused 779us total 26.755ms
08-04 19:17:00.692  3560  4182 I art     : Starting a blocking GC Explicit
08-04 19:17:00.720  3560  4182 I art     : Explicit concurrent mark sweep GC freed 1395(80KB) AllocSpace objects, 1(20KB) LOS objects, 36% free, 27MB/43MB, paused 769us total 27.351ms
08-04 19:17:00.729  3560  4182 I art     : Starting a blocking GC Explicit
08-04 19:17:00.756  3560  4182 I art     : Explicit concurrent mark sweep GC freed 23(752B) AllocSpace objects, 0(0B) LOS objects, 36% free, 27MB/43MB, paused 756us total 26.993ms
08-04 19:17:00.765  3560  4182 I art     : Starting a blocking GC Explicit
08-04 19:17:00.791  3560  4182 I art     : Explicit concurrent mark sweep GC freed 3(96B) AllocSpace objects, 0(0B) LOS objects, 36% free, 27MB/43MB, paused 731us total 25.469ms
08-04 19:17:00.800  3560  4182 I art     : Starting a blocking GC Explicit
08-04 19:17:00.826  3560  4182 I art     : Explicit concurrent mark sweep GC freed 3(96B) AllocSpace objects, 0(0B) LOS objects, 36% free, 27MB/43MB, paused 803us total 25.309ms
08-04 19:17:00.835  3560  4182 I art     : Starting a blocking GC Explicit
08-04 19:17:00.860  3560  4182 I art     : Explicit concurrent mark sweep GC freed 3(96B) AllocSpace objects, 0(0B) LOS objects, 36% free, 27MB/43MB, paused 753us total 25.538ms
08-04 19:17:00.917  4767  4767 D AndroidRuntime: >>>>>> START com.android.internal.os.RuntimeInit uid 2000 <<<<<<
08-04 19:17:00.922  4767  4767 D AndroidRuntime: CheckJNI is OFF
08-04 19:17:00.960  4767  4767 D ICU     : No timezone override file found: /data/misc/zoneinfo/current/icu/icu_tzdata.dat
08-04 19:17:00.999  4767  4767 I Radio-JNI: register_android_hardware_Radio DONE
08-04 19:17:01.023  4767  4767 D AndroidRuntime: Calling main entry com.android.commands.input.Input
08-04 19:17:01.025  4767  4767 I Input   : injectKeyEvent: KeyEvent { action=ACTION_DOWN, keyCode=KEYCODE_BACK, scanCode=0, metaState=0, flags=0x0, repeatCount=0, eventTime=731837438, downTime=731837438, deviceId=-1, source=0x101 }
08-04 19:17:01.035  4767  4767 I Input   : injectKeyEvent: KeyEvent { action=ACTION_UP, keyCode=KEYCODE_BACK, scanCode=0, metaState=0, flags=0x0, repeatCount=0, eventTime=731837438, downTime=731837438, deviceId=-1, source=0x101 }
08-04 19:17:01.045  4767  4767 D AndroidRuntime: Shutting down VM
08-04 19:17:01.050  3560  3560 V PlaybackController: initServiceNotRunning()
08-04 19:17:01.050  3560  3560 D ExternalPlayerFragment: Loading media info
08-04 19:17:01.053  3560  3560 D UserPreferences: Using default data folder
08-04 19:17:01.053  3560  4170 D DBReader: getNavDrawerData() called with: 
08-04 19:17:01.056  3560  4170 D DBReader: getDownloadedItems() called
08-04 19:17:01.057  3560  4170 D DBReader: getFavoriteIDList() called
08-04 19:17:01.057  3560  4170 D DBReader: getQueueIDList() called
08-04 19:17:01.058  3560  4170 D DBReader: Extracting Feedlist
08-04 19:17:01.077  3560  3560 D MainActivity: getLastNavFragment() -> AddFeedFragment
08-04 19:17:01.078 13866 13866 I GoogleInputMethodServic: GoogleInputMethodService.onFinishInput():3138 
08-04 19:17:01.079 13866 13866 I GoogleInputMethodServic: GoogleInputMethodService.onStartInput():1808 
08-04 19:17:01.093  3560  4563 D ApOkHttpUrlLoader: buildLoadData() called with: model = [https://content.production.cdn.art19.com/images/89/e0/88/44/89e08844-ac28-4fc0-96fa-15a41fec2014/262c12ed699a8d9720dea0bd66449d998e4a08cf18095bed170ccaa76722045fa5dbf7a366918b2db7e3acf29ad22f6b99fd659a9409cb807bf2781d968932f8.jpeg], width = [140], height = [140]
08-04 19:17:01.145  3560  3573 I art     : Starting a blocking GC Explicit
08-04 19:17:01.169  3560  3573 I art     : Explicit concurrent mark sweep GC freed 2441(171KB) AllocSpace objects, 1(20KB) LOS objects, 36% free, 27MB/43MB, paused 850us total 24.431ms
08-04 19:17:01.178  3560  3573 I art     : Starting a blocking GC Explicit
08-04 19:17:01.203  3560  3573 I art     : Explicit concurrent mark sweep GC freed 489(25KB) AllocSpace objects, 0(0B) LOS objects, 36% free, 27MB/43MB, paused 794us total 24.809ms
08-04 19:17:01.212  3560  3573 I art     : Starting a blocking GC Explicit
08-04 19:17:01.239  3560  3573 I art     : Explicit concurrent mark sweep GC freed 55(12KB) AllocSpace objects, 0(0B) LOS objects, 36% free, 27MB/43MB, paused 744us total 27.107ms
08-04 19:17:01.252  3560  3573 I art     : Starting a blocking GC Explicit
08-04 19:17:01.279  3560  3573 I art     : Explicit concurrent mark sweep GC freed 169(6KB) AllocSpace objects, 0(0B) LOS objects, 36% free, 27MB/43MB, paused 730us total 26.723ms
08-04 19:17:01.288  3560  3573 I art     : Starting a blocking GC Explicit
08-04 19:17:01.313  3560  3573 I art     : Explicit concurrent mark sweep GC freed 15(752B) AllocSpace objects, 0(0B) LOS objects, 36% free, 27MB/43MB, paused 661us total 25.344ms
08-04 19:17:01.389   380   380 W SurfaceFlinger: couldn't log to binary event log: overflow.
08-04 19:17:01.573  3560  4182 I art     : Starting a blocking GC Explicit
08-04 19:17:01.602  3560  4182 I art     : Explicit concurrent mark sweep GC freed 2007(107KB) AllocSpace objects, 1(20KB) LOS objects, 36% free, 27MB/43MB, paused 789us total 28.147ms
08-04 19:17:01.611  3560  4182 I art     : Starting a blocking GC Explicit
08-04 19:17:01.638  3560  4182 I art     : Explicit concurrent mark sweep GC freed 2483(152KB) AllocSpace objects, 2(248KB) LOS objects, 36% free, 27MB/43MB, paused 796us total 26.654ms
08-04 19:17:01.648  3560  4182 I art     : Starting a blocking GC Explicit
08-04 19:17:01.674  3560  4182 I art     : Explicit concurrent mark sweep GC freed 3(96B) AllocSpace objects, 0(0B) LOS objects, 36% free, 27MB/43MB, paused 754us total 26.192ms
08-04 19:17:01.683  3560  4182 I art     : Starting a blocking GC Explicit
08-04 19:17:01.710  3560  4182 I art     : Explicit concurrent mark sweep GC freed 32(880B) AllocSpace objects, 0(0B) LOS objects, 36% free, 27MB/43MB, paused 796us total 26.593ms
08-04 19:17:01.720  3560  4182 I art     : Starting a blocking GC Explicit
08-04 19:17:01.746  3560  4182 I art     : Explicit concurrent mark sweep GC freed 3(96B) AllocSpace objects, 0(0B) LOS objects, 36% free, 27MB/43MB, paused 754us total 26.378ms
08-04 19:17:02.045  3560  3582 I art     : Starting a blocking GC Explicit
08-04 19:17:02.078  3560  3582 I art     : Explicit concurrent mark sweep GC freed 1369(82KB) AllocSpace objects, 1(20KB) LOS objects, 36% free, 27MB/43MB, paused 960us total 32.820ms
08-04 19:17:02.091  3560  3582 I art     : Starting a blocking GC Explicit
08-04 19:17:02.118  3560  3582 I art     : Explicit concurrent mark sweep GC freed 23(752B) AllocSpace objects, 0(0B) LOS objects, 36% free, 27MB/43MB, paused 775us total 26.586ms
08-04 19:17:02.127  3560  3582 I art     : Starting a blocking GC Explicit
08-04 19:17:02.154  3560  3582 I art     : Explicit concurrent mark sweep GC freed 3(96B) AllocSpace objects, 0(0B) LOS objects, 36% free, 27MB/43MB, paused 781us total 26.454ms
08-04 19:17:02.164  3560  3582 I art     : Starting a blocking GC Explicit
08-04 19:17:02.191  3560  3582 I art     : Explicit concurrent mark sweep GC freed 3(96B) AllocSpace objects, 0(0B) LOS objects, 36% free, 27MB/43MB, paused 784us total 26.634ms
08-04 19:17:02.200  3560  3582 I art     : Starting a blocking GC Explicit
08-04 19:17:02.227  3560  3582 I art     : Explicit concurrent mark sweep GC freed 3(96B) AllocSpace objects, 0(0B) LOS objects, 36% free, 27MB/43MB, paused 852us total 26.679ms
08-04 19:17:02.496  3560  3572 I art     : Starting a blocking GC Explicit
08-04 19:17:02.523  3560  3572 I art     : Explicit concurrent mark sweep GC freed 1368(80KB) AllocSpace objects, 1(20KB) LOS objects, 36% free, 27MB/43MB, paused 791us total 26.217ms
08-04 19:17:02.532  3560  3572 I art     : Starting a blocking GC Explicit
08-04 19:17:02.558  3560  3572 I art     : Explicit concurrent mark sweep GC freed 23(752B) AllocSpace objects, 0(0B) LOS objects, 36% free, 27MB/43MB, paused 800us total 25.888ms
08-04 19:17:02.567  3560  3572 I art     : Starting a blocking GC Explicit
08-04 19:17:02.593  3560  3572 I art     : Explicit concurrent mark sweep GC freed 3(96B) AllocSpace objects, 0(0B) LOS objects, 36% free, 27MB/43MB, paused 759us total 25.407ms
08-04 19:17:02.602  3560  3572 I art     : Starting a blocking GC Explicit
08-04 19:17:02.627  3560  3572 I art     : Explicit concurrent mark sweep GC freed 3(96B) AllocSpace objects, 0(0B) LOS objects, 36% free, 27MB/43MB, paused 856us total 25.160ms
08-04 19:17:02.637  3560  3572 I art     : Starting a blocking GC Explicit
08-04 19:17:02.662  3560  3572 I art     : Explicit concurrent mark sweep GC freed 3(96B) AllocSpace objects, 0(0B) LOS objects, 36% free, 27MB/43MB, paused 768us total 24.741ms
08-04 19:17:02.695  4822  4822 D AndroidRuntime: >>>>>> START com.android.internal.os.RuntimeInit uid 2000 <<<<<<
08-04 19:17:02.701  4822  4822 D AndroidRuntime: CheckJNI is OFF
08-04 19:17:02.734  4822  4822 D ICU     : No timezone override file found: /data/misc/zoneinfo/current/icu/icu_tzdata.dat
08-04 19:17:02.767  4822  4822 I Radio-JNI: register_android_hardware_Radio DONE
08-04 19:17:02.790  4822  4822 D AndroidRuntime: Calling main entry com.android.commands.input.Input
08-04 19:17:02.791  4822  4822 I Input   : injectMotionEvent: MotionEvent { action=ACTION_DOWN, actionButton=0, id[0]=0, x[0]=639.0, y[0]=762.0, toolType[0]=TOOL_TYPE_UNKNOWN, buttonState=0, metaState=0, flags=0x0, edgeFlags=0x0, pointerCount=1, historySize=0, eventTime=731839204, downTime=731839204, deviceId=0, source=0x1002 }
08-04 19:17:02.796  4822  4822 I Input   : injectMotionEvent: MotionEvent { action=ACTION_UP, actionButton=0, id[0]=0, x[0]=639.0, y[0]=762.0, toolType[0]=TOOL_TYPE_UNKNOWN, buttonState=0, metaState=0, flags=0x0, edgeFlags=0x0, pointerCount=1, historySize=0, eventTime=731839204, downTime=731839204, deviceId=0, source=0x1002 }
08-04 19:17:02.798  4822  4822 D AndroidRuntime: Shutting down VM
08-04 19:17:02.877   512  2967 D audio_hw_primary: out_set_parameters: enter: usecase(1: low-latency-playback) kvpairs: routing=2
08-04 19:17:02.890   512  2967 D audio_hw_primary: select_devices: out_snd_device(2: speaker) in_snd_device(0: none)
08-04 19:17:02.890   512  2967 D msm8974_platform: platform_send_audio_calibration: sending audio calibration for snd_device(2) acdb_id(15)
08-04 19:17:02.891   512  2967 I soundtrigger: audio_extn_sound_trigger_update_device_status: device 0x2 of type 0 for Event 1
08-04 19:17:02.897 13866 13866 I GoogleInputMethodServic: GoogleInputMethodService.onFinishInput():3138 
08-04 19:17:02.897 13866 13866 I GoogleInputMethodServic: GoogleInputMethodService.onStartInput():1808 
08-04 19:17:02.901   512  2967 D audio_hw_primary: enable_snd_device: snd_device(2: speaker)
08-04 19:17:02.903   512  2967 D audio_hw_primary: enable_audio_route: apply and update mixer path: low-latency-playback speaker
08-04 19:17:02.921  3560  3572 I art     : Starting a blocking GC Explicit
08-04 19:17:02.947  3560  3572 I art     : Explicit concurrent mark sweep GC freed 1660(92KB) AllocSpace objects, 1(20KB) LOS objects, 36% free, 27MB/43MB, paused 720us total 25.665ms
08-04 19:17:02.956  3560  3572 I art     : Starting a blocking GC Explicit
08-04 19:17:02.981  3560  3572 I art     : Explicit concurrent mark sweep GC freed 45(1584B) AllocSpace objects, 0(0B) LOS objects, 36% free, 27MB/43MB, paused 788us total 25.044ms
08-04 19:17:02.990  3560  3572 I art     : Starting a blocking GC Explicit
08-04 19:17:03.012 31450 31450 I ServiceManager: Waiting for service AtCmdFwd...
08-04 19:17:03.016  3560  3572 I art     : Explicit concurrent mark sweep GC freed 12(432B) AllocSpace objects, 0(0B) LOS objects, 36% free, 27MB/43MB, paused 815us total 25.227ms
08-04 19:17:03.025  3560  3572 I art     : Starting a blocking GC Explicit
08-04 19:17:03.026  3560  3580 I NAPPA_EXPERIMENTATION: MetricNetworkRequestExecutionTime: REQUEST_DURATION_SYSTEM='150',REQUEST_DURATION_OKHTTP='149',REQUEST_SYNCHRONOUS='TRUE',RESPONSE_CODE='200',RESPONSE_METHOD='GET',RESPONSE_LENGTH_OKHTTP='-1',RESPONSE_LENGTH_HEADER='622',REQUEST_PROTOCOL='h2',REQUEST_URL='https://itunes.apple.com/lookup?id=360084272',
08-04 19:17:03.042   918  6029 I ActivityManager: START u0 {cmp=baseline.de.danoeh.antennapod.debug/baseline.de.danoeh.antennapod.activity.OnlineFeedViewActivity (has extras)} from uid 10670 on display 0
08-04 19:17:03.049  3560  3572 I art     : Explicit concurrent mark sweep GC freed 533(45KB) AllocSpace objects, 0(0B) LOS objects, 36% free, 27MB/43MB, paused 773us total 23.914ms
08-04 19:17:03.057  3560  3572 I art     : Starting a blocking GC Explicit
08-04 19:17:03.066 13866 13866 I GoogleInputMethodServic: GoogleInputMethodService.onFinishInput():3138 
08-04 19:17:03.067 13866 13866 I GoogleInputMethodServic: GoogleInputMethodService.onStartInput():1808 
08-04 19:17:03.082  3560  3572 I art     : Explicit concurrent mark sweep GC freed 452(26KB) AllocSpace objects, 0(0B) LOS objects, 36% free, 27MB/43MB, paused 925us total 24.382ms
08-04 19:17:03.089  3560  3560 D UserPreferences: Using default data folder
08-04 19:17:03.090  3560  3560 D OnlineFeedViewActivity: Activity was started with url http://joeroganexp.joerogan.libsynpro.com/rss
08-04 19:17:03.092  3560  3560 D OnlineFeedViewActivity: Starting feed download
08-04 19:17:03.094  3560  4171 D DBReader: Extracting Feedlist
08-04 19:17:03.096   918  4400 D WifiService: acquireWifiLockLocked: WifiLock{Downloader type=1 binder=android.os.BinderProxy@a99f7e5}
08-04 19:17:03.097  3560  4171 D AntennapodHttpClient: Creating new instance of HTTP client
08-04 19:17:03.130  3560  4171 D MYTAG   : interceptor 3a http://joeroganexp.joerogan.libsynpro.com/rss
08-04 19:17:03.130  3560  4171 I NAPPA_EXPERIMENTATION: MetricNetworkRequestExecutionTime: REQUEST_DURATION_SYSTEM='33',REQUEST_DURATION_OKHTTP='26',REQUEST_SYNCHRONOUS='TRUE',RESPONSE_CODE='200',RESPONSE_METHOD='GET',RESPONSE_LENGTH_OKHTTP='-1',RESPONSE_LENGTH_HEADER='307892',REQUEST_PROTOCOL='http/1.1',REQUEST_URL='http://joeroganexp.joerogan.libsynpro.com/rss',
08-04 19:17:03.130  3560  4171 D HttpDownloader: Response code is 200
08-04 19:17:03.130  3560  4171 D UserPreferences: Using default data folder
08-04 19:17:03.131  3560  4171 D HttpDownloader: Getting size of download
08-04 19:17:03.131  3560  4171 D HttpDownloader: Size is -1
08-04 19:17:03.131  3560  4171 D UserPreferences: Using default data folder
08-04 19:17:03.132  3560  4171 D HttpDownloader: Free space is 20234588160
08-04 19:17:03.132  3560  4171 D HttpDownloader: Starting download
08-04 19:17:03.152 13866 13866 I GoogleInputMethodServic: GoogleInputMethodService.onFinishInput():3138 
08-04 19:17:03.153 13866 13866 I GoogleInputMethodServic: GoogleInputMethodService.onStartInput():1808 
08-04 19:17:03.176   918   936 I ActivityManager: Displayed baseline.de.danoeh.antennapod.debug/baseline.de.danoeh.antennapod.activity.OnlineFeedViewActivity: +110ms
08-04 19:17:03.301  3560  4171 D HttpDownloader: Download was successful
08-04 19:17:03.302   918  6111 D WifiService: releaseWifiLockLocked: WifiLock{Downloader type=1 binder=android.os.BinderProxy@a99f7e5}
08-04 19:17:03.302  3560  3560 D OnlineFeedViewActivity: Parsing feed
08-04 19:17:03.307  3560  4867 D TypeGetter: Recognized type RSS 2.0
08-04 19:17:03.309  3560  4867 D SyndHandler: Recognized Atom namespace
08-04 19:17:03.309  3560  4867 D SyndHandler: Recognized ITunes namespace
08-04 19:17:03.310  3560  4867 D SyndHandler: Recognized media namespace
08-04 19:17:03.310  3560  4867 D SyndHandler: Recognized Content namespace
08-04 19:17:03.332  3560  3582 I art     : Starting a blocking GC Explicit
08-04 19:17:03.358  3560  3582 I art     : Explicit concurrent mark sweep GC freed 4517(415KB) AllocSpace objects, 4(80KB) LOS objects, 36% free, 27MB/43MB, paused 822us total 25.199ms
08-04 19:17:03.366  3560  3582 I art     : Starting a blocking GC Explicit
08-04 19:17:03.390  3560  3582 I art     : Explicit concurrent mark sweep GC freed 2272(114KB) AllocSpace objects, 0(0B) LOS objects, 36% free, 27MB/43MB, paused 946us total 23.917ms
08-04 19:17:03.399  3560  3582 I art     : Starting a blocking GC Explicit
08-04 19:17:03.425   380   380 W SurfaceFlinger: couldn't log to binary event log: overflow.
08-04 19:17:03.425  3560  3582 I art     : Explicit concurrent mark sweep GC freed 2389(119KB) AllocSpace objects, 0(0B) LOS objects, 36% free, 27MB/43MB, paused 943us total 25.607ms
08-04 19:17:03.435  3560  3582 I art     : Starting a blocking GC Explicit
08-04 19:17:03.448   512  2967 D audio_hw_primary: disable_audio_route: reset and update mixer path: low-latency-playback speaker
08-04 19:17:03.449   512  2967 D audio_hw_primary: disable_snd_device: snd_device(2: speaker)
08-04 19:17:03.457   512  2967 I soundtrigger: audio_extn_sound_trigger_update_device_status: device 0x2 of type 0 for Event 0
08-04 19:17:03.460  3560  3582 I art     : Explicit concurrent mark sweep GC freed 2561(135KB) AllocSpace objects, 0(0B) LOS objects, 36% free, 27MB/43MB, paused 976us total 24.982ms
08-04 19:17:03.468  3560  3582 I art     : Starting a blocking GC Explicit
08-04 19:17:03.492  3560  3582 I art     : Explicit concurrent mark sweep GC freed 2614(135KB) AllocSpace objects, 0(0B) LOS objects, 36% free, 27MB/43MB, paused 984us total 24.024ms
08-04 19:17:03.561  3560  3560 D PlaybackController: Releasing PlaybackController
08-04 19:17:03.755  3560  3582 I art     : Starting a blocking GC Explicit
08-04 19:17:03.789  3560  3582 I art     : Explicit concurrent mark sweep GC freed 22878(1228KB) AllocSpace objects, 1(20KB) LOS objects, 35% free, 28MB/44MB, paused 1.161ms total 33.434ms
08-04 19:17:03.799  3560  3582 I art     : Starting a blocking GC Explicit
08-04 19:17:03.827  3560  3582 I art     : Explicit concurrent mark sweep GC freed 6410(305KB) AllocSpace objects, 0(0B) LOS objects, 35% free, 28MB/44MB, paused 1.989ms total 27.843ms
08-04 19:17:03.836  3560  3582 I art     : Starting a blocking GC Explicit
08-04 19:17:03.863  3560  3582 I art     : Explicit concurrent mark sweep GC freed 5153(248KB) AllocSpace objects, 0(0B) LOS objects, 36% free, 28MB/44MB, paused 1.215ms total 26.137ms
08-04 19:17:03.871  3560  3582 I art     : Starting a blocking GC Explicit
08-04 19:17:03.898  3560  3582 I art     : Explicit concurrent mark sweep GC freed 2716(142KB) AllocSpace objects, 0(0B) LOS objects, 35% free, 28MB/44MB, paused 1.061ms total 26.680ms
08-04 19:17:03.907  3560  3582 I art     : Starting a blocking GC Explicit
08-04 19:17:03.934  3560  3582 I art     : Explicit concurrent mark sweep GC freed 2797(142KB) AllocSpace objects, 0(0B) LOS objects, 35% free, 28MB/44MB, paused 1.070ms total 26.623ms
08-04 19:17:04.003   518   646 I ThermalEngine: ACTION: GPU - Setting GPU[0] to 450000000
08-04 19:17:04.013 31450 31450 I ServiceManager: Waiting for service AtCmdFwd...
08-04 19:17:04.225  3560  4182 I art     : Starting a blocking GC Explicit
08-04 19:17:04.269  3560  4182 I art     : Explicit concurrent mark sweep GC freed 20356(1073KB) AllocSpace objects, 1(20KB) LOS objects, 35% free, 29MB/45MB, paused 1.489ms total 43.721ms
08-04 19:17:04.283  3560  4182 I art     : Starting a blocking GC Explicit
08-04 19:17:04.319  3560  4182 I art     : Explicit concurrent mark sweep GC freed 5822(278KB) AllocSpace objects, 0(0B) LOS objects, 35% free, 28MB/44MB, paused 1.408ms total 36.660ms
08-04 19:17:04.331  3560  4182 I art     : Starting a blocking GC Explicit
08-04 19:17:04.368  3560  4182 I art     : Explicit concurrent mark sweep GC freed 5260(264KB) AllocSpace objects, 0(0B) LOS objects, 35% free, 28MB/44MB, paused 1.353ms total 35.969ms
08-04 19:17:04.380  3560  4182 I art     : Starting a blocking GC Explicit
08-04 19:17:04.416  3560  4182 I art     : Explicit concurrent mark sweep GC freed 2961(153KB) AllocSpace objects, 0(0B) LOS objects, 35% free, 28MB/44MB, paused 1.320ms total 36.055ms
08-04 19:17:04.428  3560  4182 I art     : Starting a blocking GC Explicit
08-04 19:17:04.467  3560  4182 I art     : Explicit concurrent mark sweep GC freed 2844(152KB) AllocSpace objects, 0(0B) LOS objects, 35% free, 29MB/45MB, paused 1.588ms total 38.243ms
08-04 19:17:04.780  3560  3582 I art     : Starting a blocking GC Explicit
08-04 19:17:04.827  3560  3582 I art     : Explicit concurrent mark sweep GC freed 20270(1093KB) AllocSpace objects, 1(20KB) LOS objects, 35% free, 29MB/45MB, paused 1.553ms total 47.323ms
08-04 19:17:04.841  3560  3582 I art     : Starting a blocking GC Explicit
08-04 19:17:04.882  3560  3582 I art     : Explicit concurrent mark sweep GC freed 4248(217KB) AllocSpace objects, 0(0B) LOS objects, 35% free, 29MB/45MB, paused 1.440ms total 40.450ms
08-04 19:17:04.895  3560  3582 I art     : Starting a blocking GC Explicit
08-04 19:17:04.933  3560  3582 I art     : Explicit concurrent mark sweep GC freed 7555(371KB) AllocSpace objects, 0(0B) LOS objects, 35% free, 29MB/45MB, paused 1.331ms total 37.672ms
08-04 19:17:04.946  3560  3582 I art     : Starting a blocking GC Explicit
08-04 19:17:04.985  3560  3582 I art     : Explicit concurrent mark sweep GC freed 3093(165KB) AllocSpace objects, 0(0B) LOS objects, 35% free, 29MB/45MB, paused 1.564ms total 39.592ms
08-04 19:17:04.998  3560  3582 I art     : Starting a blocking GC Explicit
08-04 19:17:05.013 31450 31450 I ServiceManager: Waiting for service AtCmdFwd...
08-04 19:17:05.037  3560  3582 I art     : Explicit concurrent mark sweep GC freed 3077(163KB) AllocSpace objects, 0(0B) LOS objects, 35% free, 29MB/45MB, paused 1.501ms total 38.539ms
08-04 19:17:05.353  3560  4182 I art     : Starting a blocking GC Explicit
08-04 19:17:05.402  3560  4182 I art     : Explicit concurrent mark sweep GC freed 20504(1130KB) AllocSpace objects, 1(20KB) LOS objects, 34% free, 30MB/46MB, paused 1.601ms total 48.686ms
08-04 19:17:05.417  3560  4182 I art     : Starting a blocking GC Explicit
08-04 19:17:05.459  3560  4182 I art     : Explicit concurrent mark sweep GC freed 3827(196KB) AllocSpace objects, 0(0B) LOS objects, 34% free, 30MB/46MB, paused 1.550ms total 42.274ms
08-04 19:17:05.473  3560  4182 I art     : Starting a blocking GC Explicit
08-04 19:17:05.512  3560  4182 I art     : Explicit concurrent mark sweep GC freed 8527(406KB) AllocSpace objects, 0(0B) LOS objects, 34% free, 30MB/46MB, paused 1.357ms total 39.058ms
08-04 19:17:05.525  3560  4182 I art     : Starting a blocking GC Explicit
08-04 19:17:05.565  3560  4182 I art     : Explicit concurrent mark sweep GC freed 3242(164KB) AllocSpace objects, 0(0B) LOS objects, 34% free, 30MB/46MB, paused 1.333ms total 39.481ms
08-04 19:17:05.578  3560  4182 I art     : Starting a blocking GC Explicit
08-04 19:17:05.618  3560  4182 I art     : Explicit concurrent mark sweep GC freed 3215(164KB) AllocSpace objects, 0(0B) LOS objects, 34% free, 30MB/46MB, paused 1.503ms total 40.010ms
08-04 19:17:05.955  3560  3572 I art     : Starting a blocking GC Explicit
08-04 19:17:06.008  3560  3572 I art     : Explicit concurrent mark sweep GC freed 22298(1118KB) AllocSpace objects, 1(20KB) LOS objects, 34% free, 30MB/46MB, paused 1.475ms total 52.699ms
08-04 19:17:06.014 31450 31450 I ServiceManager: Waiting for service AtCmdFwd...
08-04 19:17:06.024  3560  3572 I art     : Starting a blocking GC Explicit
08-04 19:17:06.068  3560  3572 I art     : Explicit concurrent mark sweep GC freed 5209(234KB) AllocSpace objects, 0(0B) LOS objects, 34% free, 30MB/46MB, paused 1.646ms total 44.494ms
08-04 19:17:06.082  3560  3572 I art     : Starting a blocking GC Explicit
08-04 19:17:06.124  3560  3572 I art     : Explicit concurrent mark sweep GC freed 8125(359KB) AllocSpace objects, 0(0B) LOS objects, 34% free, 30MB/46MB, paused 1.527ms total 41.927ms
08-04 19:17:06.138  3560  3572 I art     : Starting a blocking GC Explicit
08-04 19:17:06.180  3560  3572 I art     : Explicit concurrent mark sweep GC freed 3376(149KB) AllocSpace objects, 0(0B) LOS objects, 34% free, 30MB/46MB, paused 1.413ms total 41.705ms
08-04 19:17:06.193  3560  3572 I art     : Starting a blocking GC Explicit
08-04 19:17:06.235  3560  3572 I art     : Explicit concurrent mark sweep GC freed 3376(155KB) AllocSpace objects, 0(0B) LOS objects, 34% free, 30MB/46MB, paused 1.487ms total 41.212ms
08-04 19:17:06.341  3560  4867 D OnlineFeedViewActivity: Deleted feed source file. Result: true
08-04 19:17:06.348  3560  3560 D OnlineFeedViewActivity: Removing HTML from shownotes
08-04 19:17:06.542  3560  4182 I art     : Waiting for a blocking GC Explicit
08-04 19:17:06.557  3560  4182 I art     : WaitForGcToComplete blocked for 15.132ms for cause Explicit
08-04 19:17:06.557  3560  4182 I art     : Starting a blocking GC Explicit
08-04 19:17:06.610  3560  4182 I art     : Explicit concurrent mark sweep GC freed 38972(3MB) AllocSpace objects, 169(11MB) LOS objects, 33% free, 32MB/48MB, paused 1.438ms total 52.607ms
08-04 19:17:06.625  3560  4182 I art     : Starting a blocking GC Explicit
08-04 19:17:06.676  3560  4182 I art     : Explicit concurrent mark sweep GC freed 43687(3MB) AllocSpace objects, 198(13MB) LOS objects, 32% free, 32MB/48MB, paused 1.408ms total 50.568ms
08-04 19:17:06.690  3560  4182 I art     : Starting a blocking GC Explicit
08-04 19:17:06.741  3560  4182 I art     : Explicit concurrent mark sweep GC freed 44199(3MB) AllocSpace objects, 191(12MB) LOS objects, 32% free, 32MB/48MB, paused 1.412ms total 49.939ms
08-04 19:17:06.755  3560  4182 I art     : Starting a blocking GC Explicit
08-04 19:17:06.812  3560  4182 I art     : Explicit concurrent mark sweep GC freed 47148(3MB) AllocSpace objects, 217(14MB) LOS objects, 32% free, 32MB/48MB, paused 1.500ms total 55.926ms
08-04 19:17:06.827  3560  4182 I art     : Starting a blocking GC Explicit
08-04 19:17:06.883  3560  4182 I art     : Explicit concurrent mark sweep GC freed 45679(4MB) AllocSpace objects, 298(19MB) LOS objects, 32% free, 33MB/49MB, paused 1.509ms total 55.439ms
08-04 19:17:06.913  3560  4563 D ApOkHttpUrlLoader: buildLoadData() called with: model = [http://static.libsyn.com/p/assets/7/1/f/3/71f3014e14ef2722/JREiTunesImage2.jpg], width = [350], height = [350]
08-04 19:17:06.914  3560  3560 I Choreographer: Skipped 33 frames!  The application may be doing too much work on its main thread.
08-04 19:17:06.916  3560  4377 D DBReader: getImageAuthentication() called with: imageUrl = [http://static.libsyn.com/p/assets/7/1/f/3/71f3014e14ef2722/JREiTunesImage2.jpg]
08-04 19:17:06.919  3560  4377 D ApOkHttpUrlLoader: no credentials for 'http://static.libsyn.com/p/assets/7/1/f/3/71f3014e14ef2722/JREiTunesImage2.jpg'
08-04 19:17:07.014 31450 31450 I ServiceManager: Waiting for service AtCmdFwd...
08-04 19:17:07.024  3560  4377 D MYTAG   : interceptor 2a
08-04 19:17:07.025  3560  4377 I NAPPA_EXPERIMENTATION: MetricNetworkRequestExecutionTime: REQUEST_DURATION_SYSTEM='105',REQUEST_DURATION_OKHTTP='35',REQUEST_SYNCHRONOUS='TRUE',RESPONSE_CODE='200',RESPONSE_METHOD='GET',RESPONSE_LENGTH_OKHTTP='402832',RESPONSE_LENGTH_HEADER='402832',REQUEST_PROTOCOL='http/1.1',REQUEST_URL='http://static.libsyn.com/p/assets/7/1/f/3/71f3014e14ef2722/JREiTunesImage2.jpg',
08-04 19:17:07.204  3560  3573 I art     : Starting a blocking GC Explicit
08-04 19:17:07.253  3560  3573 I art     : Explicit concurrent mark sweep GC freed 19567(1893KB) AllocSpace objects, 99(6MB) LOS objects, 33% free, 31MB/47MB, paused 1.107ms total 48.681ms
08-04 19:17:07.267  3560  3573 I art     : Starting a blocking GC Explicit
08-04 19:17:07.312  3560  3573 I art     : Explicit concurrent mark sweep GC freed 615(29KB) AllocSpace objects, 1(112KB) LOS objects, 33% free, 31MB/47MB, paused 1.111ms total 44.392ms
08-04 19:17:07.327  3560  3573 I art     : Starting a blocking GC Explicit
08-04 19:17:07.376  3560  3573 I art     : Explicit concurrent mark sweep GC freed 3(96B) AllocSpace objects, 0(0B) LOS objects, 33% free, 31MB/47MB, paused 1.089ms total 48.350ms
08-04 19:17:07.391  3560  3573 I art     : Starting a blocking GC Explicit
08-04 19:17:07.438  3560  3573 I art     : Explicit concurrent mark sweep GC freed 3(96B) AllocSpace objects, 0(0B) LOS objects, 33% free, 31MB/47MB, paused 1.115ms total 46.014ms
08-04 19:17:07.453  3560  3573 I art     : Starting a blocking GC Explicit
08-04 19:17:07.501  3560  3573 I art     : Explicit concurrent mark sweep GC freed 3(96B) AllocSpace objects, 0(0B) LOS objects, 33% free, 31MB/47MB, paused 1.122ms total 47.959ms
08-04 19:17:07.615  4937  4937 D AndroidRuntime: >>>>>> START com.android.internal.os.RuntimeInit uid 2000 <<<<<<
08-04 19:17:07.622  4937  4937 D AndroidRuntime: CheckJNI is OFF
08-04 19:17:07.670  4937  4937 D ICU     : No timezone override file found: /data/misc/zoneinfo/current/icu/icu_tzdata.dat
08-04 19:17:07.715  4937  4937 I Radio-JNI: register_android_hardware_Radio DONE
08-04 19:17:07.743  4937  4937 D AndroidRuntime: Calling main entry com.android.commands.input.Input
08-04 19:17:07.745  4937  4937 I Input   : injectMotionEvent: MotionEvent { action=ACTION_DOWN, actionButton=0, id[0]=0, x[0]=693.0, y[0]=821.0, toolType[0]=TOOL_TYPE_UNKNOWN, buttonState=0, metaState=0, flags=0x0, edgeFlags=0x0, pointerCount=1, historySize=0, eventTime=731844158, downTime=731844158, deviceId=0, source=0x1002 }
08-04 19:17:07.750  4937  4937 I Input   : injectMotionEvent: MotionEvent { action=ACTION_UP, actionButton=0, id[0]=0, x[0]=693.0, y[0]=821.0, toolType[0]=TOOL_TYPE_UNKNOWN, buttonState=0, metaState=0, flags=0x0, edgeFlags=0x0, pointerCount=1, historySize=0, eventTime=731844158, downTime=731844158, deviceId=0, source=0x1002 }
08-04 19:17:07.751  4937  4937 D AndroidRuntime: Shutting down VM
08-04 19:17:07.764  3560  3560 D UserPreferences: Using default data folder
08-04 19:17:07.765  3560  3560 D DownloadRequester: partiallyDownloadedFileExists: false
08-04 19:17:07.765  3560  3560 D DownloadRequester: /storage/emulated/0/Android/data/baseline.de.danoeh.antennapod.debug/files/cache/feed-The Joe Rogan Experience is available as a download destination
08-04 19:17:07.765   512  2967 D audio_hw_primary: out_set_parameters: enter: usecase(1: low-latency-playback) kvpairs: routing=2
08-04 19:17:07.765  3560  3560 D DownloadRequester: Requesting download of url http://joeroganexp.joerogan.libsynpro.com/rss
08-04 19:17:07.769  3560  3560 D DownloadService: Service started
08-04 19:17:07.770  3560  3560 D DownloadService: parallel downloads: 4
08-04 19:17:07.771  3560  4970 D downloadCompletionThd: downloadCompletionThread was started
08-04 19:17:07.773  3560  3560 D DownloadService: Notification set up
08-04 19:17:07.778   512  2967 D audio_hw_primary: select_devices: out_snd_device(2: speaker) in_snd_device(0: none)
08-04 19:17:07.779   512  2967 D msm8974_platform: platform_send_audio_calibration: sending audio calibration for snd_device(2) acdb_id(15)
08-04 19:17:07.779   512  2967 I soundtrigger: audio_extn_sound_trigger_update_device_status: device 0x2 of type 0 for Event 1
08-04 19:17:07.781  3560  3560 D DownloadService: Received enqueue request
08-04 19:17:07.782  3560  3560 D OnlineFeedViewActivity: onEventMainThread() called with: event = [DownloadEvent{update=DownloaderUpdate{downloaders=[baseline.de.danoeh.antennapod.core.service.download.HttpDownloader@b35a412], feedIds=[0], mediaIds=[]}}]
08-04 19:17:07.782  3560  3560 D DownloadService: 1 downloads left
08-04 19:17:07.783  3560  3560 D DownloadService: Setting up notification updater
08-04 19:17:07.788   918  5132 D WifiService: acquireWifiLockLocked: WifiLock{Downloader type=1 binder=android.os.BinderProxy@c74830c}
08-04 19:17:07.789  3560  4972 D AntennapodHttpClient: Creating new instance of HTTP client
08-04 19:17:07.795   512  2967 D audio_hw_primary: enable_snd_device: snd_device(2: speaker)
08-04 19:17:07.798   512  2967 D audio_hw_primary: enable_audio_route: apply and update mixer path: low-latency-playback speaker
08-04 19:17:07.840  3560  4972 D MYTAG   : interceptor 3a http://joeroganexp.joerogan.libsynpro.com/rss
08-04 19:17:07.840  3560  4972 I NAPPA_EXPERIMENTATION: MetricNetworkRequestExecutionTime: REQUEST_DURATION_SYSTEM='50',REQUEST_DURATION_OKHTTP='31',REQUEST_SYNCHRONOUS='TRUE',RESPONSE_CODE='200',RESPONSE_METHOD='GET',RESPONSE_LENGTH_OKHTTP='-1',RESPONSE_LENGTH_HEADER='307892',REQUEST_PROTOCOL='http/1.1',REQUEST_URL='http://joeroganexp.joerogan.libsynpro.com/rss',
08-04 19:17:07.840  3560  4972 D HttpDownloader: Response code is 200
08-04 19:17:07.840  3560  4972 D UserPreferences: Using default data folder
08-04 19:17:07.842  3560  4972 D HttpDownloader: Getting size of download
08-04 19:17:07.843  3560  4972 D HttpDownloader: Size is -1
08-04 19:17:07.843  3560  4972 D UserPreferences: Using default data folder
08-04 19:17:07.843  3560  4972 D HttpDownloader: Free space is 20234129408
08-04 19:17:07.843  3560  4972 D HttpDownloader: Starting download
08-04 19:17:07.846  3560  4182 I art     : Starting a blocking GC Explicit
08-04 19:17:07.888  3560  4182 I art     : Explicit concurrent mark sweep GC freed 2700(157KB) AllocSpace objects, 1(20KB) LOS objects, 33% free, 31MB/47MB, paused 1.212ms total 41.365ms
08-04 19:17:07.901  3560  4182 I art     : Starting a blocking GC Explicit
08-04 19:17:07.942  3560  4182 I art     : Explicit concurrent mark sweep GC freed 45(1760B) AllocSpace objects, 0(0B) LOS objects, 33% free, 31MB/47MB, paused 1.184ms total 40.807ms
08-04 19:17:07.956  3560  4182 I art     : Starting a blocking GC Explicit
08-04 19:17:07.977  3560  4972 D HttpDownloader: Download was successful
08-04 19:17:07.978   918  3961 D WifiService: releaseWifiLockLocked: WifiLock{Downloader type=1 binder=android.os.BinderProxy@c74830c}
08-04 19:17:07.979  3560  4970 D downloadCompletionThd: Received 'Download Complete' - message.
08-04 19:17:07.979  3560  4970 D DownloadService: Handling completed Feed Download
08-04 19:17:07.979  3560  4971 D FeedSyncThread: Waiting for 3000 ms
08-04 19:17:07.980  3560  3560 D DownloadService: Removing downloader: http://joeroganexp.joerogan.libsynpro.com/rss
08-04 19:17:07.980  3560  3560 D DownloadService: Result of downloads.remove: true
08-04 19:17:07.983  3560  4975 D TypeGetter: Recognized type RSS 2.0
08-04 19:17:07.985  3560  4975 D SyndHandler: Recognized Atom namespace
08-04 19:17:07.985  3560  4975 D SyndHandler: Recognized ITunes namespace
08-04 19:17:07.985  3560  4975 D SyndHandler: Recognized media namespace
08-04 19:17:07.985  3560  4975 D SyndHandler: Recognized Content namespace
08-04 19:17:07.998  3560  4182 I art     : Explicit concurrent mark sweep GC freed 626(146KB) AllocSpace objects, 3(60KB) LOS objects, 33% free, 31MB/47MB, paused 1.412ms total 42.042ms
08-04 19:17:08.012  3560  4182 I art     : Starting a blocking GC Explicit
08-04 19:17:08.015 31450 31450 W Atfwd_Sendcmd: AtCmdFwd service not published, waiting... retryCnt : 5
08-04 19:17:08.056  3560  4182 I art     : Explicit concurrent mark sweep GC freed 2751(176KB) AllocSpace objects, 0(0B) LOS objects, 33% free, 31MB/47MB, paused 1.556ms total 43.580ms
08-04 19:17:08.070  3560  4182 I art     : Starting a blocking GC Explicit
08-04 19:17:08.113  3560  4182 I art     : Explicit concurrent mark sweep GC freed 3362(166KB) AllocSpace objects, 0(0B) LOS objects, 33% free, 31MB/47MB, paused 1.460ms total 43.329ms
08-04 19:17:08.338   512  2967 D audio_hw_primary: disable_audio_route: reset and update mixer path: low-latency-playback speaker
08-04 19:17:08.339   512  2967 D audio_hw_primary: disable_snd_device: snd_device(2: speaker)
08-04 19:17:08.347   512  2967 I soundtrigger: audio_extn_sound_trigger_update_device_status: device 0x2 of type 0 for Event 0
08-04 19:17:08.416  3560  3572 I art     : Starting a blocking GC Explicit
08-04 19:17:08.467  3560  3572 I art     : Explicit concurrent mark sweep GC freed 19862(1070KB) AllocSpace objects, 1(20KB) LOS objects, 33% free, 32MB/48MB, paused 1.514ms total 50.565ms
08-04 19:17:08.481  3560  3572 I art     : Starting a blocking GC Explicit
08-04 19:17:08.525  3560  3572 I art     : Explicit concurrent mark sweep GC freed 8415(401KB) AllocSpace objects, 0(0B) LOS objects, 33% free, 32MB/48MB, paused 1.552ms total 44.392ms
08-04 19:17:08.540  3560  3572 I art     : Starting a blocking GC Explicit
08-04 19:17:08.586  3560  3572 I art     : Explicit concurrent mark sweep GC freed 3502(177KB) AllocSpace objects, 0(0B) LOS objects, 33% free, 32MB/48MB, paused 1.406ms total 46.052ms
08-04 19:17:08.602  3560  3572 I art     : Starting a blocking GC Explicit
08-04 19:17:08.651  3560  3572 I art     : Explicit concurrent mark sweep GC freed 3613(189KB) AllocSpace objects, 0(0B) LOS objects, 33% free, 32MB/48MB, paused 1.331ms total 48.788ms
08-04 19:17:08.666  3560  3572 I art     : Starting a blocking GC Explicit
08-04 19:17:08.712  3560  3572 I art     : Explicit concurrent mark sweep GC freed 3551(180KB) AllocSpace objects, 0(0B) LOS objects, 33% free, 32MB/48MB, paused 1.505ms total 46.054ms
08-04 19:17:09.024  3560  3582 I art     : Starting a blocking GC Explicit
08-04 19:17:09.087  3560  3582 I art     : Explicit concurrent mark sweep GC freed 21069(1117KB) AllocSpace objects, 1(20KB) LOS objects, 32% free, 32MB/48MB, paused 1.645ms total 61.522ms
08-04 19:17:09.103  3560  3582 I art     : Starting a blocking GC Explicit
08-04 19:17:09.151  3560  3582 I art     : Explicit concurrent mark sweep GC freed 8991(426KB) AllocSpace objects, 0(0B) LOS objects, 32% free, 32MB/48MB, paused 1.550ms total 48.337ms
08-04 19:17:09.166  3560  3582 I art     : Starting a blocking GC Explicit
08-04 19:17:09.213  3560  3582 I art     : Explicit concurrent mark sweep GC freed 3826(191KB) AllocSpace objects, 0(0B) LOS objects, 32% free, 32MB/48MB, paused 1.580ms total 47.327ms
08-04 19:17:09.229  3560  3582 I art     : Starting a blocking GC Explicit
08-04 19:17:09.280  3560  3582 I art     : Explicit concurrent mark sweep GC freed 3853(211KB) AllocSpace objects, 0(0B) LOS objects, 32% free, 32MB/48MB, paused 1.587ms total 51.056ms
08-04 19:17:09.284  3560  3560 D OnlineFeedViewActivity: onEventMainThread() called with: event = [DownloadEvent{update=DownloaderUpdate{downloaders=[], feedIds=[], mediaIds=[]}}]
08-04 19:17:09.296  3560  3582 I art     : Starting a blocking GC Explicit
08-04 19:17:09.346  3560  3582 I art     : Explicit concurrent mark sweep GC freed 3782(194KB) AllocSpace objects, 0(0B) LOS objects, 32% free, 32MB/48MB, paused 1.537ms total 49.922ms
08-04 19:17:09.677   918 13198 D NetlinkSocketObserver: NeighborEvent{elapsedMs=1715233552, 192.168.2.254, [7C3953A63323], RTM_NEWNEIGH, NUD_PROBE}
08-04 19:17:09.681  3560  3573 I art     : Starting a blocking GC Explicit
08-04 19:17:09.748  3560  3573 I art     : Explicit concurrent mark sweep GC freed 21951(1190KB) AllocSpace objects, 1(20KB) LOS objects, 32% free, 33MB/49MB, paused 1.732ms total 66.973ms
08-04 19:17:09.765  3560  3573 I art     : Starting a blocking GC Explicit
08-04 19:17:09.815  3560  3573 I art     : Explicit concurrent mark sweep GC freed 9203(451KB) AllocSpace objects, 0(0B) LOS objects, 32% free, 33MB/49MB, paused 1.712ms total 50.178ms
08-04 19:17:09.831  3560  3573 I art     : Starting a blocking GC Explicit
08-04 19:17:09.884  3560  3573 I art     : Explicit concurrent mark sweep GC freed 4324(226KB) AllocSpace objects, 0(0B) LOS objects, 32% free, 33MB/49MB, paused 1.680ms total 52.346ms
08-04 19:17:09.900  3560  3573 I art     : Starting a blocking GC Explicit
08-04 19:17:09.957  3560  3573 I art     : Explicit concurrent mark sweep GC freed 4072(218KB) AllocSpace objects, 0(0B) LOS objects, 32% free, 33MB/49MB, paused 1.745ms total 56.813ms
08-04 19:17:09.973  3560  3573 I art     : Starting a blocking GC Explicit
08-04 19:17:10.028  3560  3573 I art     : Explicit concurrent mark sweep GC freed 4096(216KB) AllocSpace objects, 0(0B) LOS objects, 32% free, 33MB/49MB, paused 1.766ms total 54.758ms
08-04 19:17:10.375  3560  3572 I art     : Starting a blocking GC Explicit
08-04 19:17:10.441  3560  3572 I art     : Explicit concurrent mark sweep GC freed 22549(1232KB) AllocSpace objects, 1(20KB) LOS objects, 31% free, 34MB/50MB, paused 1.897ms total 65.588ms
08-04 19:17:10.459  3560  3572 I art     : Starting a blocking GC Explicit
08-04 19:17:10.513  3560  3572 I art     : Explicit concurrent mark sweep GC freed 6347(311KB) AllocSpace objects, 0(0B) LOS objects, 31% free, 34MB/50MB, paused 1.784ms total 54.406ms
08-04 19:17:10.529  3560  3572 I art     : Starting a blocking GC Explicit
08-04 19:17:10.583  3560  3572 I art     : Explicit concurrent mark sweep GC freed 7860(385KB) AllocSpace objects, 0(0B) LOS objects, 32% free, 33MB/49MB, paused 1.611ms total 53.347ms
08-04 19:17:10.599  3560  3572 I art     : Starting a blocking GC Explicit
08-04 19:17:10.654  3560  3572 I art     : Explicit concurrent mark sweep GC freed 4151(224KB) AllocSpace objects, 0(0B) LOS objects, 31% free, 34MB/50MB, paused 1.574ms total 54.890ms
08-04 19:17:10.672  3560  3572 I art     : Starting a blocking GC Explicit
08-04 19:17:10.724  3560  3572 I art     : Explicit concurrent mark sweep GC freed 4070(264KB) AllocSpace objects, 0(0B) LOS objects, 31% free, 34MB/50MB, paused 1.671ms total 52.370ms
08-04 19:17:10.786  3560  3560 D OnlineFeedViewActivity: onEventMainThread() called with: event = [DownloadEvent{update=DownloaderUpdate{downloaders=[], feedIds=[], mediaIds=[]}}]
08-04 19:17:11.071  3560  3582 I art     : Starting a blocking GC Explicit
08-04 19:17:11.146  3560  3582 I art     : Explicit concurrent mark sweep GC freed 23501(1027KB) AllocSpace objects, 1(20KB) LOS objects, 31% free, 34MB/50MB, paused 1.850ms total 75.452ms
08-04 19:17:11.165  3560  3582 I art     : Starting a blocking GC Explicit
08-04 19:17:11.223  3560  3582 I art     : Explicit concurrent mark sweep GC freed 8633(399KB) AllocSpace objects, 0(0B) LOS objects, 31% free, 34MB/50MB, paused 1.824ms total 58.149ms
08-04 19:17:11.241  3560  3582 I art     : Starting a blocking GC Explicit
08-04 19:17:11.299  3560  4975 D FeedSyncThread: The Joe Rogan Experience parsed
08-04 19:17:11.299  3560  3582 I art     : Explicit concurrent mark sweep GC freed 6494(299KB) AllocSpace objects, 0(0B) LOS objects, 31% free, 34MB/50MB, paused 1.925ms total 58.436ms
08-04 19:17:11.307  3560  4975 D FeedSyncThread: Deletion of file '/storage/emulated/0/Android/data/baseline.de.danoeh.antennapod.debug/files/cache/feed-The Joe Rogan Experience' successful
08-04 19:17:11.307  3560  4975 D DBReader: getFeedDownloadLog() called with: feed = [baseline.de.danoeh.antennapod.core.feed.Feed@0]
08-04 19:17:11.308  3560  4971 D FeedSyncThread: Bundling 1 feeds
08-04 19:17:11.310  3560  5027 D DBReader: Extracting Feedlist
08-04 19:17:11.313  3560  5027 D DBTasks : Found no existing Feed with title The Joe Rogan Experience. Adding as new one.
08-04 19:17:11.317  3560  3582 I art     : Starting a blocking GC Explicit
08-04 19:17:11.320  3560  4688 D PodDBAdapter: Setting feed with flattr status The Joe Rogan Experience: 0
08-04 19:17:11.321  3560  4688 D baseline.de.danoeh.antennapod.core.storage.PodDBAdapter@150f982: Inserting new Feed into db
08-04 19:17:11.378  3560  3582 I art     : Explicit concurrent mark sweep GC freed 12651(744KB) AllocSpace objects, 0(0B) LOS objects, 31% free, 34MB/50MB, paused 1.569ms total 60.929ms
08-04 19:17:11.395  3560  3582 I art     : Starting a blocking GC Explicit
08-04 19:17:11.456  3560  3582 I art     : Explicit concurrent mark sweep GC freed 20121(1506KB) AllocSpace objects, 0(0B) LOS objects, 31% free, 34MB/50MB, paused 1.523ms total 60.932ms
08-04 19:17:11.771  3560  3573 I art     : Starting a blocking GC Explicit
08-04 19:17:11.846  3560  3573 I art     : Explicit concurrent mark sweep GC freed 93196(6MB) AllocSpace objects, 1(20KB) LOS objects, 31% free, 34MB/50MB, paused 1.248ms total 74.732ms
08-04 19:17:11.864  3560  3573 I art     : Starting a blocking GC Explicit
08-04 19:17:11.871  3560  3560 D EventDistributor: Processing event queue. Number of events: 1
08-04 19:17:11.871  3560  3560 D EventDistributor: Notifying observers. Data: 1
08-04 19:17:11.872  3560  3560 D DownloadService: 0 downloads left
08-04 19:17:11.872  3560  4170 D DBReader: Extracting Feedlist
08-04 19:17:11.872  3560  3560 D DownloadService: Number of downloads is 0, attempting shutdown
08-04 19:17:11.873  3560  3560 D DownloadService: Service shutting down
08-04 19:17:11.873  3560  3560 D DownloadService: No report is created
08-04 19:17:11.873  3560  3560 D OnlineFeedViewActivity: onEventMainThread() called with: event = [DownloadEvent{update=DownloaderUpdate{downloaders=[], feedIds=[], mediaIds=[]}}]
08-04 19:17:11.875  3560  3560 D DownloadService: NotificationUpdater cancelled. Result: false
08-04 19:17:11.875  3560  4970 E downloadCompletionThd: DownloadCompletionThread was interrupted
08-04 19:17:11.876  3560  3560 D DBTasks : autodownloadUndownloadedItems
08-04 19:17:11.877  3560  4693 D NetworkUtils: Device is connected to Wi-Fi
08-04 19:17:11.877  3560  4693 D NetworkUtils: Auto-dl filter is disabled
08-04 19:17:11.921  3560  3573 I art     : Explicit concurrent mark sweep GC freed 307(35KB) AllocSpace objects, 1(20KB) LOS objects, 31% free, 34MB/50MB, paused 1.099ms total 56.669ms
08-04 19:17:11.938  3560  3573 I art     : Starting a blocking GC Explicit
08-04 19:17:11.986  3560  3573 I art     : Explicit concurrent mark sweep GC freed 30476(3MB) AllocSpace objects, 0(0B) LOS objects, 33% free, 31MB/47MB, paused 1.090ms total 47.768ms
08-04 19:17:12.001  3560  3573 I art     : Starting a blocking GC Explicit
08-04 19:17:12.043  3560  3573 I art     : Explicit concurrent mark sweep GC freed 3(96B) AllocSpace objects, 0(0B) LOS objects, 33% free, 31MB/47MB, paused 1.240ms total 41.577ms
08-04 19:17:12.058  3560  3573 I art     : Starting a blocking GC Explicit
08-04 19:17:12.104  3560  3573 I art     : Explicit concurrent mark sweep GC freed 3(96B) AllocSpace objects, 0(0B) LOS objects, 33% free, 31MB/47MB, paused 1.217ms total 46.300ms
08-04 19:17:12.443  3560  3582 I art     : Starting a blocking GC Explicit
08-04 19:17:12.497  3560  3582 I art     : Explicit concurrent mark sweep GC freed 1386(82KB) AllocSpace objects, 1(20KB) LOS objects, 33% free, 31MB/47MB, paused 1.239ms total 53.066ms
08-04 19:17:12.512  3560  3582 I art     : Starting a blocking GC Explicit
08-04 19:17:12.530  5038  5038 D AndroidRuntime: >>>>>> START com.android.internal.os.RuntimeInit uid 2000 <<<<<<
08-04 19:17:12.536  5038  5038 D AndroidRuntime: CheckJNI is OFF
08-04 19:17:12.562  3560  3582 I art     : Explicit concurrent mark sweep GC freed 23(752B) AllocSpace objects, 0(0B) LOS objects, 33% free, 31MB/47MB, paused 1.229ms total 49.243ms
08-04 19:17:12.576  3560  3582 I art     : Starting a blocking GC Explicit
08-04 19:17:12.585  5038  5038 D ICU     : No timezone override file found: /data/misc/zoneinfo/current/icu/icu_tzdata.dat
08-04 19:17:12.622  3560  3582 I art     : Explicit concurrent mark sweep GC freed 3(96B) AllocSpace objects, 0(0B) LOS objects, 33% free, 31MB/47MB, paused 1.246ms total 45.811ms
08-04 19:17:12.631  5038  5038 I Radio-JNI: register_android_hardware_Radio DONE
08-04 19:17:12.637  3560  3582 I art     : Starting a blocking GC Explicit
08-04 19:17:12.661  5038  5038 D AndroidRuntime: Calling main entry com.android.commands.input.Input
08-04 19:17:12.663  5038  5038 I Input   : injectKeyEvent: KeyEvent { action=ACTION_DOWN, keyCode=KEYCODE_BACK, scanCode=0, metaState=0, flags=0x0, repeatCount=0, eventTime=731849076, downTime=731849076, deviceId=-1, source=0x101 }
08-04 19:17:12.670  5038  5038 I Input   : injectKeyEvent: KeyEvent { action=ACTION_UP, keyCode=KEYCODE_BACK, scanCode=0, metaState=0, flags=0x0, repeatCount=0, eventTime=731849076, downTime=731849076, deviceId=-1, source=0x101 }
08-04 19:17:12.676  5038  5038 D AndroidRuntime: Shutting down VM
08-04 19:17:12.680  3560  3560 V PlaybackController: initServiceNotRunning()
08-04 19:17:12.681  3560  3560 D ExternalPlayerFragment: Loading media info
08-04 19:17:12.683  3560  3582 I art     : Explicit concurrent mark sweep GC freed 49(1664B) AllocSpace objects, 0(0B) LOS objects, 33% free, 31MB/47MB, paused 1.364ms total 45.854ms
08-04 19:17:12.688  3560  3560 D UserPreferences: Using default data folder
08-04 19:17:12.688  3560  4170 D DBReader: getNavDrawerData() called with: 
08-04 19:17:12.697  3560  3582 I art     : Starting a blocking GC Explicit
08-04 19:17:12.702  3560  4170 D DBReader: getDownloadedItems() called
08-04 19:17:12.704  3560  4170 D DBReader: getFavoriteIDList() called
08-04 19:17:12.705  3560  4170 D DBReader: getQueueIDList() called
08-04 19:17:12.705  3560  4170 D DBReader: Extracting Feedlist
08-04 19:17:12.740  3560  3582 I art     : Explicit concurrent mark sweep GC freed 651(55KB) AllocSpace objects, 0(0B) LOS objects, 33% free, 31MB/47MB, paused 1.286ms total 41.960ms
08-04 19:17:12.744 13866 13866 I GoogleInputMethodServic: GoogleInputMethodService.onFinishInput():3138 
08-04 19:17:12.745  3560  3560 D MainActivity: getLastNavFragment() -> AddFeedFragment
08-04 19:17:12.745 13866 13866 I GoogleInputMethodServic: GoogleInputMethodService.onStartInput():1808 
08-04 19:17:12.755  3560  4563 D ApOkHttpUrlLoader: buildLoadData() called with: model = [http://static.libsyn.com/p/assets/7/1/f/3/71f3014e14ef2722/JREiTunesImage2.jpg], width = [140], height = [140]
08-04 19:17:12.794  3560  4563 D ApOkHttpUrlLoader: buildLoadData() called with: model = [http://static.libsyn.com/p/assets/7/1/f/3/71f3014e14ef2722/JREiTunesImage2.jpg], width = [140], height = [140]
08-04 19:17:13.018   380   380 W SurfaceFlinger: couldn't log to binary event log: overflow.
08-04 19:17:13.053  3560  3582 I art     : Starting a blocking GC Explicit
08-04 19:17:13.098  3560  3582 I art     : Explicit concurrent mark sweep GC freed 3115(170KB) AllocSpace objects, 1(20KB) LOS objects, 33% free, 31MB/47MB, paused 1.246ms total 44.636ms
08-04 19:17:13.112  3560  3582 I art     : Starting a blocking GC Explicit
08-04 19:17:13.143 24365 21906 I NetworkScheduler.Stats: Task com.google.android.gms/com.google.android.gms.icing.service.IcingGcmTaskService started execution. cause:4 exec_start_elapsed_seconds: 1715236 [CONTEXT service_id=218 ]
08-04 19:17:13.148  3560  3582 I art     : Explicit concurrent mark sweep GC freed 33555(3MB) AllocSpace objects, 2(248KB) LOS objects, 36% free, 27MB/43MB, paused 1.214ms total 36.268ms
08-04 19:17:13.160  3560  3582 I art     : Starting a blocking GC Explicit
08-04 19:17:13.162 24365  7397 I NetworkScheduler.Stats: Task com.google.android.gms/com.google.android.gms.icing.service.IcingGcmTaskService finished executing. cause:4 result: 1 elapsed_millis: 40 uptime_millis: 41 exec_start_elapsed_seconds: 1715236 [CONTEXT service_id=218 ]
08-04 19:17:13.189  3560  3582 I art     : Explicit concurrent mark sweep GC freed 3(96B) AllocSpace objects, 0(0B) LOS objects, 36% free, 27MB/43MB, paused 1.180ms total 28.834ms
08-04 19:17:13.200  3560  3582 I art     : Starting a blocking GC Explicit
08-04 19:17:13.210 24365  7397 I NetworkScheduler.Stats: Task com.google.android.gms/com.google.android.gms.telephonyspam.sync.SpamListSyncTaskService started execution. cause:5 exec_start_elapsed_seconds: 1715237 [CONTEXT service_id=218 ]
08-04 19:17:13.221 24577  4963 I TelephonySpam: TelephonySpamChimeraService - Running Telephony Spam Chimera Service
08-04 19:17:13.230  3560  3582 I art     : Explicit concurrent mark sweep GC freed 3(96B) AllocSpace objects, 0(0B) LOS objects, 36% free, 27MB/43MB, paused 1.107ms total 29.930ms
08-04 19:17:13.231 24577  4963 I TelephonySpam: TelephonySpamChimeraService - Cleaning SIP Header local table of old entries
08-04 19:17:13.231 24577  4963 I TelephonySpam: SpamListSync - Call spam module disabled. Skipping cleaning cache sip header table.
08-04 19:17:13.231 24577  4963 I TelephonySpam: TelephonySpamChimeraService - Syncing Call Spam List
08-04 19:17:13.231 24577  4963 I TelephonySpam: SpamListSync - SpamListSyncChimeraService.syncSpamList called with tag: telephonyspam.SpamListSyncTask, extras: Bundle[{SpamList Type=0, Action=1.0}]
08-04 19:17:13.241  3560  3582 I art     : Starting a blocking GC Explicit
08-04 19:17:13.243 24577  4963 I TelephonySpam: SpamListSync - Call spam module disabled. Skipping spam list syncing.
08-04 19:17:13.245 24365 21906 I NetworkScheduler.Stats: Task com.google.android.gms/com.google.android.gms.telephonyspam.sync.SpamListSyncTaskService finished executing. cause:5 result: 1 elapsed_millis: 62 uptime_millis: 63 exec_start_elapsed_seconds: 1715237 [CONTEXT service_id=218 ]
08-04 19:17:13.272  3560  3582 I art     : Explicit concurrent mark sweep GC freed 3(96B) AllocSpace objects, 0(0B) LOS objects, 36% free, 27MB/43MB, paused 1.205ms total 31.295ms
08-04 19:17:13.584  3560  3573 I art     : Starting a blocking GC Explicit
08-04 19:17:13.626  3560  3573 I art     : Explicit concurrent mark sweep GC freed 1376(82KB) AllocSpace objects, 1(20KB) LOS objects, 36% free, 27MB/43MB, paused 1.214ms total 41.574ms
08-04 19:17:13.632   918  3188 I hubconnection: sensorhub said: 'set_bias 3: -5.4432, 0.0000, 0.0000'
08-04 19:17:13.638  3560  3573 I art     : Starting a blocking GC Explicit
08-04 19:17:13.673  3560  3573 I art     : Explicit concurrent mark sweep GC freed 23(752B) AllocSpace objects, 0(0B) LOS objects, 36% free, 27MB/43MB, paused 1.162ms total 34.629ms
08-04 19:17:13.685  3560  3573 I art     : Starting a blocking GC Explicit
08-04 19:17:13.720  3560  3573 I art     : Explicit concurrent mark sweep GC freed 32(880B) AllocSpace objects, 0(0B) LOS objects, 36% free, 27MB/43MB, paused 1.148ms total 34.571ms
08-04 19:17:13.732  3560  3573 I art     : Starting a blocking GC Explicit
08-04 19:17:13.767  3560  3573 I art     : Explicit concurrent mark sweep GC freed 3(96B) AllocSpace objects, 0(0B) LOS objects, 36% free, 27MB/43MB, paused 1.163ms total 34.702ms
08-04 19:17:13.779  3560  3573 I art     : Starting a blocking GC Explicit
08-04 19:17:13.813  3560  3573 I art     : Explicit concurrent mark sweep GC freed 3(96B) AllocSpace objects, 0(0B) LOS objects, 36% free, 27MB/43MB, paused 1.184ms total 34.551ms
08-04 19:17:14.120  3560  3572 I art     : Starting a blocking GC Explicit
08-04 19:17:14.161  3560  3572 I art     : Explicit concurrent mark sweep GC freed 1373(80KB) AllocSpace objects, 1(20KB) LOS objects, 36% free, 27MB/43MB, paused 1.284ms total 40.005ms
08-04 19:17:14.172  3560  3572 I art     : Starting a blocking GC Explicit
08-04 19:17:14.206  3560  3572 I art     : Explicit concurrent mark sweep GC freed 23(752B) AllocSpace objects, 0(0B) LOS objects, 36% free, 27MB/43MB, paused 1.137ms total 32.893ms
08-04 19:17:14.217  3560  3572 I art     : Starting a blocking GC Explicit
08-04 19:17:14.250  3560  3572 I art     : Explicit concurrent mark sweep GC freed 3(96B) AllocSpace objects, 0(0B) LOS objects, 36% free, 27MB/43MB, paused 1.183ms total 32.691ms
08-04 19:17:14.262  3560  3572 I art     : Starting a blocking GC Explicit
08-04 19:17:14.295  3560  3572 I art     : Explicit concurrent mark sweep GC freed 3(96B) AllocSpace objects, 0(0B) LOS objects, 36% free, 27MB/43MB, paused 1.289ms total 32.791ms
08-04 19:17:14.310  3560  3572 I art     : Starting a blocking GC Explicit
08-04 19:17:14.346  3560  3572 I art     : Explicit concurrent mark sweep GC freed 7(224B) AllocSpace objects, 0(0B) LOS objects, 36% free, 27MB/43MB, paused 1.223ms total 36.044ms
08-04 19:17:14.471  5091  5091 D AndroidRuntime: >>>>>> START com.android.internal.os.RuntimeInit uid 2000 <<<<<<
08-04 19:17:14.477  5091  5091 D AndroidRuntime: CheckJNI is OFF
08-04 19:17:14.519  5091  5091 D ICU     : No timezone override file found: /data/misc/zoneinfo/current/icu/icu_tzdata.dat
08-04 19:17:14.562  5091  5091 I Radio-JNI: register_android_hardware_Radio DONE
08-04 19:17:14.590  5091  5091 D AndroidRuntime: Calling main entry com.android.commands.input.Input
08-04 19:17:14.593  5091  5091 I Input   : injectMotionEvent: MotionEvent { action=ACTION_DOWN, actionButton=0, id[0]=0, x[0]=639.0, y[0]=762.0, toolType[0]=TOOL_TYPE_UNKNOWN, buttonState=0, metaState=0, flags=0x0, edgeFlags=0x0, pointerCount=1, historySize=0, eventTime=731851005, downTime=731851005, deviceId=0, source=0x1002 }
08-04 19:17:14.597  5091  5091 I Input   : injectMotionEvent: MotionEvent { action=ACTION_UP, actionButton=0, id[0]=0, x[0]=639.0, y[0]=762.0, toolType[0]=TOOL_TYPE_UNKNOWN, buttonState=0, metaState=0, flags=0x0, edgeFlags=0x0, pointerCount=1, historySize=0, eventTime=731851005, downTime=731851005, deviceId=0, source=0x1002 }
08-04 19:17:14.599  5091  5091 D AndroidRuntime: Shutting down VM
08-04 19:17:14.665   512  2967 D audio_hw_primary: out_set_parameters: enter: usecase(1: low-latency-playback) kvpairs: routing=2
08-04 19:17:14.675 13866 13866 I GoogleInputMethodServic: GoogleInputMethodService.onFinishInput():3138 
08-04 19:17:14.676 13866 13866 I GoogleInputMethodServic: GoogleInputMethodService.onStartInput():1808 
08-04 19:17:14.678  3560  3572 I art     : Starting a blocking GC Explicit
08-04 19:17:14.678   512  2967 D audio_hw_primary: select_devices: out_snd_device(2: speaker) in_snd_device(0: none)
08-04 19:17:14.678   512  2967 D msm8974_platform: platform_send_audio_calibration: sending audio calibration for snd_device(2) acdb_id(15)
08-04 19:17:14.679   512  2967 I soundtrigger: audio_extn_sound_trigger_update_device_status: device 0x2 of type 0 for Event 1
08-04 19:17:14.689   512  2967 D audio_hw_primary: enable_snd_device: snd_device(2: speaker)
08-04 19:17:14.693   512  2967 D audio_hw_primary: enable_audio_route: apply and update mixer path: low-latency-playback speaker
08-04 19:17:14.717  3560  3572 I art     : Explicit concurrent mark sweep GC freed 1881(104KB) AllocSpace objects, 1(20KB) LOS objects, 36% free, 28MB/44MB, paused 1.287ms total 39.504ms
08-04 19:17:14.730  3560  3572 I art     : Starting a blocking GC Explicit
08-04 19:17:14.762  3560  3572 I art     : Explicit concurrent mark sweep GC freed 48(1792B) AllocSpace objects, 0(0B) LOS objects, 36% free, 28MB/44MB, paused 1.244ms total 32.284ms
08-04 19:17:14.773  3560  3572 I art     : Starting a blocking GC Explicit
08-04 19:17:14.806  3560  3572 I art     : Explicit concurrent mark sweep GC freed 18(672B) AllocSpace objects, 0(0B) LOS objects, 36% free, 28MB/44MB, paused 1.296ms total 32.310ms
08-04 19:17:14.817  3560  3572 I art     : Starting a blocking GC Explicit
08-04 19:17:14.850  3560  3572 I art     : Explicit concurrent mark sweep GC freed 15(544B) AllocSpace objects, 0(0B) LOS objects, 36% free, 28MB/44MB, paused 1.183ms total 32.409ms
08-04 19:17:14.861  3560  3572 I art     : Starting a blocking GC Explicit
08-04 19:17:14.894  3560  3572 I art     : Explicit concurrent mark sweep GC freed 16(608B) AllocSpace objects, 0(0B) LOS objects, 36% free, 28MB/44MB, paused 1.275ms total 32.129ms
08-04 19:17:14.908  3560  3580 I NAPPA_EXPERIMENTATION: MetricNetworkRequestExecutionTime: REQUEST_DURATION_SYSTEM='244',REQUEST_DURATION_OKHTTP='244',REQUEST_SYNCHRONOUS='TRUE',RESPONSE_CODE='200',RESPONSE_METHOD='GET',RESPONSE_LENGTH_OKHTTP='-1',RESPONSE_LENGTH_HEADER='622',REQUEST_PROTOCOL='h2',REQUEST_URL='https://itunes.apple.com/lookup?id=360084272',
08-04 19:17:14.921   918  5952 I ActivityManager: START u0 {cmp=baseline.de.danoeh.antennapod.debug/baseline.de.danoeh.antennapod.activity.OnlineFeedViewActivity (has extras)} from uid 10670 on display 0
08-04 19:17:14.944 13866 13866 I GoogleInputMethodServic: GoogleInputMethodService.onFinishInput():3138 
08-04 19:17:14.945 13866 13866 I GoogleInputMethodServic: GoogleInputMethodService.onStartInput():1808 
08-04 19:17:14.968  3560  3560 D UserPreferences: Using default data folder
08-04 19:17:14.969  3560  3560 D OnlineFeedViewActivity: Activity was started with url http://joeroganexp.joerogan.libsynpro.com/rss
08-04 19:17:14.971  3560  3560 D OnlineFeedViewActivity: Starting feed download
08-04 19:17:14.974  3560  4171 D DBReader: Extracting Feedlist
08-04 19:17:14.977   918  5132 D WifiService: acquireWifiLockLocked: WifiLock{Downloader type=1 binder=android.os.BinderProxy@baa49e6}
08-04 19:17:14.978  3560  4171 D AntennapodHttpClient: Creating new instance of HTTP client
08-04 19:17:15.016  3560  4171 D MYTAG   : interceptor 3a http://joeroganexp.joerogan.libsynpro.com/rss
08-04 19:17:15.016  3560  4171 I NAPPA_EXPERIMENTATION: MetricNetworkRequestExecutionTime: REQUEST_DURATION_SYSTEM='37',REQUEST_DURATION_OKHTTP='30',REQUEST_SYNCHRONOUS='TRUE',RESPONSE_CODE='200',RESPONSE_METHOD='GET',RESPONSE_LENGTH_OKHTTP='-1',RESPONSE_LENGTH_HEADER='307892',REQUEST_PROTOCOL='http/1.1',REQUEST_URL='http://joeroganexp.joerogan.libsynpro.com/rss',
08-04 19:17:15.016  3560  4171 D HttpDownloader: Response code is 200
08-04 19:17:15.016  3560  4171 D UserPreferences: Using default data folder
08-04 19:17:15.018  3560  4171 D HttpDownloader: Getting size of download
08-04 19:17:15.018  3560  4171 D HttpDownloader: Size is -1
08-04 19:17:15.018  3560  4171 D UserPreferences: Using default data folder
08-04 19:17:15.018  3560  4171 D HttpDownloader: Free space is 20232900608
08-04 19:17:15.018  3560  4171 D HttpDownloader: Starting download
08-04 19:17:15.040 13866 13866 I GoogleInputMethodServic: GoogleInputMethodService.onFinishInput():3138 
08-04 19:17:15.041 13866 13866 I GoogleInputMethodServic: GoogleInputMethodService.onStartInput():1808 
08-04 19:17:15.058   918   936 I ActivityManager: Displayed baseline.de.danoeh.antennapod.debug/baseline.de.danoeh.antennapod.activity.OnlineFeedViewActivity: +114ms
08-04 19:17:15.091  3560  3581 D OpenGLRenderer: endAllStagingAnimators on 0x7f7f3e3c00 (GridView) with handle 0x7f796acc00
08-04 19:17:15.173  3560  3582 I art     : Starting a blocking GC Explicit
08-04 19:17:15.210  3560  4171 D HttpDownloader: Download was successful
08-04 19:17:15.211  3560  3582 I art     : Explicit concurrent mark sweep GC freed 3336(226KB) AllocSpace objects, 1(20KB) LOS objects, 36% free, 28MB/44MB, paused 1.314ms total 37.569ms
08-04 19:17:15.212   918   929 D WifiService: releaseWifiLockLocked: WifiLock{Downloader type=1 binder=android.os.BinderProxy@baa49e6}
08-04 19:17:15.212  3560  3560 D OnlineFeedViewActivity: Parsing feed
08-04 19:17:15.219  3560  5152 D TypeGetter: Recognized type RSS 2.0
08-04 19:17:15.224  3560  3582 I art     : Starting a blocking GC Explicit
08-04 19:17:15.229   512  2967 D audio_hw_primary: disable_audio_route: reset and update mixer path: low-latency-playback speaker
08-04 19:17:15.230  3560  5152 D SyndHandler: Recognized Atom namespace
08-04 19:17:15.231   512  2967 D audio_hw_primary: disable_snd_device: snd_device(2: speaker)
08-04 19:17:15.232  3560  5152 D SyndHandler: Recognized ITunes namespace
08-04 19:17:15.232  3560  5152 D SyndHandler: Recognized media namespace
08-04 19:17:15.232  3560  5152 D SyndHandler: Recognized Content namespace
08-04 19:17:15.245   512  2967 I soundtrigger: audio_extn_sound_trigger_update_device_status: device 0x2 of type 0 for Event 0
08-04 19:17:15.262  3560  3582 I art     : Explicit concurrent mark sweep GC freed 1528(196KB) AllocSpace objects, 3(60KB) LOS objects, 36% free, 28MB/44MB, paused 1.418ms total 37.632ms
08-04 19:17:15.274  3560  3582 I art     : Starting a blocking GC Explicit
08-04 19:17:15.287   380   380 W SurfaceFlinger: couldn't log to binary event log: overflow.
08-04 19:17:15.308  3560  3582 I art     : Explicit concurrent mark sweep GC freed 2272(146KB) AllocSpace objects, 0(0B) LOS objects, 36% free, 28MB/44MB, paused 1.480ms total 33.714ms
08-04 19:17:15.319  3560  3582 I art     : Starting a blocking GC Explicit
08-04 19:17:15.352  3560  3582 I art     : Explicit concurrent mark sweep GC freed 2595(128KB) AllocSpace objects, 0(0B) LOS objects, 36% free, 28MB/44MB, paused 1.527ms total 32.139ms
08-04 19:17:15.363  3560  3582 I art     : Starting a blocking GC Explicit
08-04 19:17:15.396  3560  3582 I art     : Explicit concurrent mark sweep GC freed 2538(130KB) AllocSpace objects, 0(0B) LOS objects, 36% free, 28MB/44MB, paused 1.353ms total 32.532ms
08-04 19:17:15.423  3560  3560 D PlaybackController: Releasing PlaybackController
08-04 19:17:15.693  3560  4182 I art     : Starting a blocking GC Explicit
08-04 19:17:15.736  3560  4182 I art     : Explicit concurrent mark sweep GC freed 19674(1059KB) AllocSpace objects, 1(20KB) LOS objects, 35% free, 29MB/45MB, paused 1.596ms total 41.991ms
08-04 19:17:15.749  3560  4182 I art     : Starting a blocking GC Explicit
08-04 19:17:15.784  3560  4182 I art     : Explicit concurrent mark sweep GC freed 7582(357KB) AllocSpace objects, 0(0B) LOS objects, 35% free, 28MB/44MB, paused 1.523ms total 35.410ms
08-04 19:17:15.796  3560  4182 I art     : Starting a blocking GC Explicit
08-04 19:17:15.831  3560  4182 I art     : Explicit concurrent mark sweep GC freed 3216(162KB) AllocSpace objects, 0(0B) LOS objects, 35% free, 28MB/44MB, paused 1.538ms total 34.666ms
08-04 19:17:15.842  3560  4182 I art     : Starting a blocking GC Explicit
08-04 19:17:15.878  3560  4182 I art     : Explicit concurrent mark sweep GC freed 2774(143KB) AllocSpace objects, 0(0B) LOS objects, 35% free, 28MB/44MB, paused 1.604ms total 35.182ms
08-04 19:17:15.889  3560  4182 I art     : Starting a blocking GC Explicit
08-04 19:17:15.924  3560  4182 I art     : Explicit concurrent mark sweep GC freed 2607(137KB) AllocSpace objects, 0(0B) LOS objects, 35% free, 28MB/44MB, paused 1.621ms total 34.782ms
08-04 19:17:16.227  3560  3573 I art     : Starting a blocking GC Explicit
08-04 19:17:16.288  3560  3573 I art     : Explicit concurrent mark sweep GC freed 20924(1104KB) AllocSpace objects, 1(20KB) LOS objects, 35% free, 29MB/45MB, paused 1.905ms total 61.028ms
08-04 19:17:16.301  3560  3573 I art     : Starting a blocking GC Explicit
08-04 19:17:16.339  3560  3573 I art     : Explicit concurrent mark sweep GC freed 6677(324KB) AllocSpace objects, 0(0B) LOS objects, 35% free, 29MB/45MB, paused 1.590ms total 37.950ms
08-04 19:17:16.351  3560  3573 I art     : Starting a blocking GC Explicit
08-04 19:17:16.388  3560  3573 I art     : Explicit concurrent mark sweep GC freed 5011(239KB) AllocSpace objects, 0(0B) LOS objects, 35% free, 29MB/45MB, paused 1.568ms total 36.514ms
08-04 19:17:16.400  3560  3573 I art     : Starting a blocking GC Explicit
08-04 19:17:16.438  3560  3573 I art     : Explicit concurrent mark sweep GC freed 2911(145KB) AllocSpace objects, 0(0B) LOS objects, 35% free, 29MB/45MB, paused 1.652ms total 38.057ms
08-04 19:17:16.451  3560  3573 I art     : Starting a blocking GC Explicit
08-04 19:17:16.489  3560  3573 I art     : Explicit concurrent mark sweep GC freed 2845(155KB) AllocSpace objects, 0(0B) LOS objects, 35% free, 29MB/45MB, paused 1.509ms total 38.312ms
08-04 19:17:16.827  3560  3573 I art     : Starting a blocking GC Explicit
08-04 19:17:16.877  3560  3573 I art     : Explicit concurrent mark sweep GC freed 21602(1168KB) AllocSpace objects, 1(20KB) LOS objects, 34% free, 30MB/46MB, paused 1.816ms total 49.164ms
08-04 19:17:16.891  3560  3573 I art     : Starting a blocking GC Explicit
08-04 19:17:16.932  3560  3573 I art     : Explicit concurrent mark sweep GC freed 4933(248KB) AllocSpace objects, 0(0B) LOS objects, 34% free, 30MB/46MB, paused 1.735ms total 41.443ms
08-04 19:17:16.945  3560  3573 I art     : Starting a blocking GC Explicit
08-04 19:17:16.984  3560  3573 I art     : Explicit concurrent mark sweep GC freed 7280(350KB) AllocSpace objects, 0(0B) LOS objects, 34% free, 30MB/46MB, paused 1.627ms total 39.277ms
08-04 19:17:16.997  3560  3573 I art     : Starting a blocking GC Explicit
08-04 19:17:17.037  3560  3573 I art     : Explicit concurrent mark sweep GC freed 3127(172KB) AllocSpace objects, 0(0B) LOS objects, 34% free, 30MB/46MB, paused 1.693ms total 39.875ms
08-04 19:17:17.050  3560  3573 I art     : Starting a blocking GC Explicit
08-04 19:17:17.090  3560  3573 I art     : Explicit concurrent mark sweep GC freed 3112(163KB) AllocSpace objects, 0(0B) LOS objects, 34% free, 30MB/46MB, paused 1.593ms total 40.100ms
08-04 19:17:17.433  3560  3573 I art     : Starting a blocking GC Explicit
08-04 19:17:17.485  3560  3573 I art     : Explicit concurrent mark sweep GC freed 22338(1234KB) AllocSpace objects, 1(20KB) LOS objects, 34% free, 30MB/46MB, paused 1.719ms total 51.282ms
08-04 19:17:17.500  3560  3573 I art     : Starting a blocking GC Explicit
08-04 19:17:17.544  3560  3573 I art     : Explicit concurrent mark sweep GC freed 3838(196KB) AllocSpace objects, 0(0B) LOS objects, 34% free, 30MB/46MB, paused 1.759ms total 44.064ms
08-04 19:17:17.544  3560  3571 I art     : WaitForGcToComplete blocked for 44.316ms for cause HeapTrim
08-04 19:17:17.558  3560  3573 I art     : Starting a blocking GC Explicit
08-04 19:17:17.600  3560  3573 I art     : Explicit concurrent mark sweep GC freed 8954(434KB) AllocSpace objects, 0(0B) LOS objects, 34% free, 30MB/46MB, paused 1.674ms total 42.200ms
08-04 19:17:17.614  3560  3573 I art     : Starting a blocking GC Explicit
08-04 19:17:17.656  3560  3573 I art     : Explicit concurrent mark sweep GC freed 3382(167KB) AllocSpace objects, 0(0B) LOS objects, 34% free, 30MB/46MB, paused 1.747ms total 42.189ms
08-04 19:17:17.670  3560  3573 I art     : Starting a blocking GC Explicit
08-04 19:17:17.713  3560  3573 I art     : Explicit concurrent mark sweep GC freed 3317(167KB) AllocSpace objects, 0(0B) LOS objects, 34% free, 30MB/46MB, paused 1.544ms total 42.529ms
08-04 19:17:18.038  3560  4182 I art     : Starting a blocking GC Explicit
08-04 19:17:18.091  3560  4182 I art     : Explicit concurrent mark sweep GC freed 21491(1100KB) AllocSpace objects, 1(20KB) LOS objects, 33% free, 31MB/47MB, paused 1.783ms total 52.941ms
08-04 19:17:18.106  3560  4182 I art     : Starting a blocking GC Explicit
08-04 19:17:18.150  3560  4182 I art     : Explicit concurrent mark sweep GC freed 7734(340KB) AllocSpace objects, 0(0B) LOS objects, 33% free, 31MB/47MB, paused 3.309ms total 43.734ms
08-04 19:17:18.163  3560  4182 I art     : Starting a blocking GC Explicit
08-04 19:17:18.207  3560  4182 I art     : Explicit concurrent mark sweep GC freed 4980(223KB) AllocSpace objects, 0(0B) LOS objects, 33% free, 31MB/47MB, paused 1.543ms total 43.224ms
08-04 19:17:18.220  3560  4182 I art     : Starting a blocking GC Explicit
08-04 19:17:18.266  3560  4182 I art     : Explicit concurrent mark sweep GC freed 3386(145KB) AllocSpace objects, 0(0B) LOS objects, 33% free, 31MB/47MB, paused 1.624ms total 44.907ms
08-04 19:17:18.279  3560  4182 I art     : Starting a blocking GC Explicit
08-04 19:17:18.323  3560  4182 I art     : Explicit concurrent mark sweep GC freed 3492(155KB) AllocSpace objects, 0(0B) LOS objects, 33% free, 31MB/47MB, paused 1.542ms total 43.483ms
08-04 19:17:18.471  3560  5152 D OnlineFeedViewActivity: Deleted feed source file. Result: true
08-04 19:17:18.477  3560  3560 D OnlineFeedViewActivity: Removing HTML from shownotes
08-04 19:17:18.638  3560  3573 I art     : Waiting for a blocking GC Explicit
08-04 19:17:18.671  3560  3573 I art     : WaitForGcToComplete blocked for 32.551ms for cause Explicit
08-04 19:17:18.671  3560  3573 I art     : Starting a blocking GC Explicit
08-04 19:17:18.752  3560  3573 I art     : Explicit concurrent mark sweep GC freed 58427(4MB) AllocSpace objects, 255(16MB) LOS objects, 32% free, 33MB/49MB, paused 1.885ms total 80.274ms
08-04 19:17:18.767  3560  3573 I art     : Starting a blocking GC Explicit
08-04 19:17:18.819  3560  3573 I art     : Explicit concurrent mark sweep GC freed 47413(3MB) AllocSpace objects, 213(14MB) LOS objects, 32% free, 33MB/49MB, paused 1.410ms total 52.148ms
08-04 19:17:18.834  3560  3573 I art     : Starting a blocking GC Explicit
08-04 19:17:18.882  3560  3573 I art     : Explicit concurrent mark sweep GC freed 43342(3MB) AllocSpace objects, 196(13MB) LOS objects, 32% free, 32MB/48MB, paused 1.377ms total 47.750ms
08-04 19:17:18.897  3560  3573 I art     : Starting a blocking GC Explicit
08-04 19:17:18.948  3560  3573 I art     : Explicit concurrent mark sweep GC freed 48221(4MB) AllocSpace objects, 232(15MB) LOS objects, 31% free, 35MB/51MB, paused 1.541ms total 50.726ms
08-04 19:17:18.963  3560  3573 I art     : Starting a blocking GC Explicit
08-04 19:17:19.008  3560  3560 I Choreographer: Skipped 31 frames!  The application may be doing too much work on its main thread.
08-04 19:17:19.014  3560  3573 I art     : Explicit concurrent mark sweep GC freed 37059(4MB) AllocSpace objects, 267(17MB) LOS objects, 33% free, 31MB/47MB, paused 1.505ms total 50.822ms
08-04 19:17:19.335  3560  3582 I art     : Starting a blocking GC Explicit
08-04 19:17:19.367  5236  5236 D AndroidRuntime: >>>>>> START com.android.internal.os.RuntimeInit uid 2000 <<<<<<
08-04 19:17:19.374  5236  5236 D AndroidRuntime: CheckJNI is OFF
08-04 19:17:19.391  3560  3582 I art     : Explicit concurrent mark sweep GC freed 2525(141KB) AllocSpace objects, 1(20KB) LOS objects, 33% free, 31MB/47MB, paused 1.244ms total 55.786ms
08-04 19:17:19.407  3560  3582 I art     : Starting a blocking GC Explicit
08-04 19:17:19.423  5236  5236 D ICU     : No timezone override file found: /data/misc/zoneinfo/current/icu/icu_tzdata.dat
08-04 19:17:19.454  3560  3582 I art     : Explicit concurrent mark sweep GC freed 500(24KB) AllocSpace objects, 1(112KB) LOS objects, 33% free, 31MB/47MB, paused 1.295ms total 47.082ms
08-04 19:17:19.470  3560  3582 I art     : Starting a blocking GC Explicit
08-04 19:17:19.470  5236  5236 I Radio-JNI: register_android_hardware_Radio DONE
08-04 19:17:19.500  5236  5236 D AndroidRuntime: Calling main entry com.android.commands.input.Input
08-04 19:17:19.502  5236  5236 I Input   : injectKeyEvent: KeyEvent { action=ACTION_DOWN, keyCode=KEYCODE_BACK, scanCode=0, metaState=0, flags=0x0, repeatCount=0, eventTime=731855915, downTime=731855915, deviceId=-1, source=0x101 }
08-04 19:17:19.509  5236  5236 I Input   : injectKeyEvent: KeyEvent { action=ACTION_UP, keyCode=KEYCODE_BACK, scanCode=0, metaState=0, flags=0x0, repeatCount=0, eventTime=731855915, downTime=731855915, deviceId=-1, source=0x101 }
08-04 19:17:19.517  5236  5236 D AndroidRuntime: Shutting down VM
08-04 19:17:19.517  3560  3582 I art     : Explicit concurrent mark sweep GC freed 10(640B) AllocSpace objects, 0(0B) LOS objects, 33% free, 31MB/47MB, paused 1.421ms total 47.643ms
08-04 19:17:19.523  3560  3560 V PlaybackController: initServiceNotRunning()
08-04 19:17:19.523  3560  3560 D ExternalPlayerFragment: Loading media info
08-04 19:17:19.529  3560  3560 D UserPreferences: Using default data folder
08-04 19:17:19.530  3560  4171 D DBReader: getNavDrawerData() called with: 
08-04 19:17:19.532  3560  3582 I art     : Starting a blocking GC Explicit
08-04 19:17:19.543  3560  4171 D DBReader: getDownloadedItems() called
08-04 19:17:19.544  3560  4171 D DBReader: getFavoriteIDList() called
08-04 19:17:19.545  3560  4171 D DBReader: getQueueIDList() called
08-04 19:17:19.545  3560  4171 D DBReader: Extracting Feedlist
08-04 19:17:19.562   918  3188 I hubconnection: sensorhub said: 'set_bias 3: -6.2400, 0.0000, 0.0000'
08-04 19:17:19.575  3560  3582 I art     : Explicit concurrent mark sweep GC freed 623(48KB) AllocSpace objects, 0(0B) LOS objects, 33% free, 31MB/47MB, paused 1.147ms total 42.859ms
08-04 19:17:19.588 13866 13866 I GoogleInputMethodServic: GoogleInputMethodService.onFinishInput():3138 
08-04 19:17:19.589 13866 13866 I GoogleInputMethodServic: GoogleInputMethodService.onStartInput():1808 
08-04 19:17:19.589  3560  3560 D MainActivity: getLastNavFragment() -> AddFeedFragment
08-04 19:17:19.590  3560  3582 I art     : Starting a blocking GC Explicit
08-04 19:17:19.634  3560  3582 I art     : Explicit concurrent mark sweep GC freed 736(35KB) AllocSpace objects, 0(0B) LOS objects, 33% free, 31MB/47MB, paused 1.189ms total 44.032ms
08-04 19:17:19.875   380   380 W SurfaceFlinger: couldn't log to binary event log: overflow.
08-04 19:17:19.937  3560  3582 I art     : Starting a blocking GC Explicit
08-04 19:17:19.986  3560  3582 I art     : Explicit concurrent mark sweep GC freed 2056(109KB) AllocSpace objects, 1(20KB) LOS objects, 33% free, 31MB/47MB, paused 1.217ms total 48.322ms
08-04 19:17:20.001  3560  3582 I art     : Starting a blocking GC Explicit
08-04 19:17:20.050  3560  3582 I art     : Explicit concurrent mark sweep GC freed 147(9KB) AllocSpace objects, 0(0B) LOS objects, 33% free, 31MB/47MB, paused 1.248ms total 48.405ms
08-04 19:17:20.065  3560  3582 I art     : Starting a blocking GC Explicit
08-04 19:17:20.113  3560  3582 I art     : Explicit concurrent mark sweep GC freed 3(96B) AllocSpace objects, 0(0B) LOS objects, 33% free, 31MB/47MB, paused 1.230ms total 48.214ms
08-04 19:17:20.129  3560  3582 I art     : Starting a blocking GC Explicit
08-04 19:17:20.180  3560  3582 I art     : Explicit concurrent mark sweep GC freed 3(96B) AllocSpace objects, 0(0B) LOS objects, 33% free, 31MB/47MB, paused 1.331ms total 50.994ms
08-04 19:17:20.198  3560  3582 I art     : Starting a blocking GC Explicit
08-04 19:17:20.247  3560  3582 I art     : Explicit concurrent mark sweep GC freed 3(96B) AllocSpace objects, 0(0B) LOS objects, 33% free, 31MB/47MB, paused 1.219ms total 48.148ms
08-04 19:17:20.574  3560  3572 I art     : Starting a blocking GC Explicit
08-04 19:17:20.635  3560  3572 I art     : Explicit concurrent mark sweep GC freed 1477(88KB) AllocSpace objects, 1(20KB) LOS objects, 33% free, 31MB/47MB, paused 1.351ms total 60.109ms
08-04 19:17:20.655  3560  3572 I art     : Starting a blocking GC Explicit
08-04 19:17:20.694  3560  3572 I art     : Explicit concurrent mark sweep GC freed 33196(3MB) AllocSpace objects, 1(28KB) LOS objects, 36% free, 27MB/43MB, paused 1.265ms total 39.591ms
08-04 19:17:20.706  3560  3572 I art     : Starting a blocking GC Explicit
08-04 19:17:20.741  3560  3572 I art     : Explicit concurrent mark sweep GC freed 4(128B) AllocSpace objects, 0(0B) LOS objects, 36% free, 27MB/43MB, paused 1.190ms total 34.372ms
08-04 19:17:20.753  3560  3572 I art     : Starting a blocking GC Explicit
08-04 19:17:20.787  3560  3572 I art     : Explicit concurrent mark sweep GC freed 3(96B) AllocSpace objects, 0(0B) LOS objects, 36% free, 27MB/43MB, paused 1.215ms total 33.865ms
08-04 19:17:20.799  3560  3572 I art     : Starting a blocking GC Explicit
08-04 19:17:20.831  3560  3572 I art     : Explicit concurrent mark sweep GC freed 3(96B) AllocSpace objects, 0(0B) LOS objects, 36% free, 27MB/43MB, paused 1.174ms total 32.517ms
08-04 19:17:21.134  3560  3573 I art     : Starting a blocking GC Explicit
08-04 19:17:21.174  3560  3573 I art     : Explicit concurrent mark sweep GC freed 1375(80KB) AllocSpace objects, 1(20KB) LOS objects, 36% free, 28MB/44MB, paused 1.443ms total 39.150ms
08-04 19:17:21.187  3560  3573 I art     : Starting a blocking GC Explicit
08-04 19:17:21.224  3560  3573 I art     : Explicit concurrent mark sweep GC freed 29(944B) AllocSpace objects, 0(0B) LOS objects, 36% free, 27MB/43MB, paused 1.189ms total 36.569ms
08-04 19:17:21.236  3560  3573 I art     : Starting a blocking GC Explicit
08-04 19:17:21.270  3560  3573 I art     : Explicit concurrent mark sweep GC freed 9(288B) AllocSpace objects, 0(0B) LOS objects, 36% free, 27MB/43MB, paused 1.283ms total 34.022ms
08-04 19:17:21.282  3560  3573 I art     : Starting a blocking GC Explicit
08-04 19:17:21.309  5279  5279 D AndroidRuntime: >>>>>> START com.android.internal.os.RuntimeInit uid 2000 <<<<<<
08-04 19:17:21.314  5279  5279 D AndroidRuntime: CheckJNI is OFF
08-04 19:17:21.316  3560  3573 I art     : Explicit concurrent mark sweep GC freed 9(288B) AllocSpace objects, 0(0B) LOS objects, 36% free, 27MB/43MB, paused 1.260ms total 34.189ms
08-04 19:17:21.328  3560  3573 I art     : Starting a blocking GC Explicit
08-04 19:17:21.358  5279  5279 D ICU     : No timezone override file found: /data/misc/zoneinfo/current/icu/icu_tzdata.dat
08-04 19:17:21.362  3560  3573 I art     : Explicit concurrent mark sweep GC freed 8(256B) AllocSpace objects, 0(0B) LOS objects, 36% free, 27MB/43MB, paused 1.200ms total 33ms
08-04 19:17:21.400  5279  5279 I Radio-JNI: register_android_hardware_Radio DONE
08-04 19:17:21.429  5279  5279 D AndroidRuntime: Calling main entry com.android.commands.input.Input
08-04 19:17:21.431  5279  5279 I Input   : injectMotionEvent: MotionEvent { action=ACTION_DOWN, actionButton=0, id[0]=0, x[0]=616.0, y[0]=469.0, toolType[0]=TOOL_TYPE_UNKNOWN, buttonState=0, metaState=0, flags=0x0, edgeFlags=0x0, pointerCount=1, historySize=0, eventTime=731857843, downTime=731857843, deviceId=0, source=0x1002 }
08-04 19:17:21.436  5279  5279 I Input   : injectMotionEvent: MotionEvent { action=ACTION_UP, actionButton=0, id[0]=0, x[0]=616.0, y[0]=469.0, toolType[0]=TOOL_TYPE_UNKNOWN, buttonState=0, metaState=0, flags=0x0, edgeFlags=0x0, pointerCount=1, historySize=0, eventTime=731857843, downTime=731857843, deviceId=0, source=0x1002 }
08-04 19:17:21.438  5279  5279 D AndroidRuntime: Shutting down VM
08-04 19:17:21.505   512  2967 D audio_hw_primary: out_set_parameters: enter: usecase(1: low-latency-playback) kvpairs: routing=2
08-04 19:17:21.518 13866 13866 I GoogleInputMethodServic: GoogleInputMethodService.onFinishInput():3138 
08-04 19:17:21.519   512  2967 D audio_hw_primary: select_devices: out_snd_device(2: speaker) in_snd_device(0: none)
08-04 19:17:21.519   512  2967 D msm8974_platform: platform_send_audio_calibration: sending audio calibration for snd_device(2) acdb_id(15)
08-04 19:17:21.519   512  2967 I soundtrigger: audio_extn_sound_trigger_update_device_status: device 0x2 of type 0 for Event 1
08-04 19:17:21.519 13866 13866 I GoogleInputMethodServic: GoogleInputMethodService.onStartInput():1808 
08-04 19:17:21.532   512  2967 D audio_hw_primary: enable_snd_device: snd_device(2: speaker)
08-04 19:17:21.535   512  2967 D audio_hw_primary: enable_audio_route: apply and update mixer path: low-latency-playback speaker
08-04 19:17:21.661  3560  3573 I art     : Starting a blocking GC Explicit
08-04 19:17:21.668  3560  4170 I NAPPA_EXPERIMENTATION: MetricNetworkRequestExecutionTime: REQUEST_DURATION_SYSTEM='164',REQUEST_DURATION_OKHTTP='163',REQUEST_SYNCHRONOUS='TRUE',RESPONSE_CODE='200',RESPONSE_METHOD='GET',RESPONSE_LENGTH_OKHTTP='-1',RESPONSE_LENGTH_HEADER='628',REQUEST_PROTOCOL='h2',REQUEST_URL='https://itunes.apple.com/lookup?id=1524080195',
08-04 19:17:21.679   918  5952 I ActivityManager: START u0 {cmp=baseline.de.danoeh.antennapod.debug/baseline.de.danoeh.antennapod.activity.OnlineFeedViewActivity (has extras)} from uid 10670 on display 0
08-04 19:17:21.696  3560  3573 I art     : Explicit concurrent mark sweep GC freed 2097(132KB) AllocSpace objects, 1(20KB) LOS objects, 36% free, 28MB/44MB, paused 1.298ms total 34.152ms
08-04 19:17:21.708  3560  3573 I art     : Starting a blocking GC Explicit
08-04 19:17:21.713 13866 13866 I GoogleInputMethodServic: GoogleInputMethodService.onFinishInput():3138 
08-04 19:17:21.714 13866 13866 I GoogleInputMethodServic: GoogleInputMethodService.onStartInput():1808 
08-04 19:17:21.728  3560  3560 D UserPreferences: Using default data folder
08-04 19:17:21.728  3560  3560 D OnlineFeedViewActivity: Activity was started with url https://rss.art19.com/nice-white-parents
08-04 19:17:21.731  3560  3560 D OnlineFeedViewActivity: Starting feed download
08-04 19:17:21.733  3560  3580 D DBReader: Extracting Feedlist
08-04 19:17:21.736   918  3359 D WifiService: acquireWifiLockLocked: WifiLock{Downloader type=1 binder=android.os.BinderProxy@c2a170f}
08-04 19:17:21.742  3560  3580 D AntennapodHttpClient: Creating new instance of HTTP client
08-04 19:17:21.747  3560  3573 I art     : Explicit concurrent mark sweep GC freed 1093(64KB) AllocSpace objects, 0(0B) LOS objects, 36% free, 28MB/44MB, paused 1.621ms total 39.071ms
08-04 19:17:21.758  3560  3573 I art     : Starting a blocking GC Explicit
08-04 19:17:21.790  3560  3573 I art     : Explicit concurrent mark sweep GC freed 505(34KB) AllocSpace objects, 0(0B) LOS objects, 36% free, 28MB/44MB, paused 1.569ms total 31.432ms
08-04 19:17:21.791 13866 13866 I GoogleInputMethodServic: GoogleInputMethodService.onFinishInput():3138 
08-04 19:17:21.791 13866 13866 I GoogleInputMethodServic: GoogleInputMethodService.onStartInput():1808 
08-04 19:17:21.803  3560  3573 I art     : Starting a blocking GC Explicit
08-04 19:17:21.818   918   936 I ActivityManager: Displayed baseline.de.danoeh.antennapod.debug/baseline.de.danoeh.antennapod.activity.OnlineFeedViewActivity: +113ms
08-04 19:17:21.839  3560  3573 I art     : Explicit concurrent mark sweep GC freed 169(7KB) AllocSpace objects, 0(0B) LOS objects, 36% free, 28MB/44MB, paused 1.198ms total 36.196ms
08-04 19:17:21.852  3560  3573 I art     : Starting a blocking GC Explicit
08-04 19:17:21.887  3560  3573 I art     : Explicit concurrent mark sweep GC freed 3384(170KB) AllocSpace objects, 3(200KB) LOS objects, 35% free, 28MB/44MB, paused 1.575ms total 34.351ms
08-04 19:17:22.034  3560  3580 D MYTAG   : interceptor 3a https://rss.art19.com/nice-white-parents
08-04 19:17:22.035  3560  3580 I NAPPA_EXPERIMENTATION: MetricNetworkRequestExecutionTime: REQUEST_DURATION_SYSTEM='292',REQUEST_DURATION_OKHTTP='141',REQUEST_SYNCHRONOUS='TRUE',RESPONSE_CODE='200',RESPONSE_METHOD='GET',RESPONSE_LENGTH_OKHTTP='-1',RESPONSE_LENGTH_HEADER='1803',REQUEST_PROTOCOL='h2',REQUEST_URL='https://rss.art19.com/nice-white-parents',
08-04 19:17:22.035  3560  3580 D HttpDownloader: Response code is 200
08-04 19:17:22.035  3560  3580 D UserPreferences: Using default data folder
08-04 19:17:22.045  3560  3580 D HttpDownloader: Getting size of download
08-04 19:17:22.045  3560  3580 D HttpDownloader: Size is -1
08-04 19:17:22.045  3560  3580 D UserPreferences: Using default data folder
08-04 19:17:22.048  3560  3580 D HttpDownloader: Free space is 20232900608
08-04 19:17:22.048  3560  3580 D HttpDownloader: Starting download
08-04 19:17:22.049  3560  3580 D HttpDownloader: Download was successful
08-04 19:17:22.051   918  5952 D WifiService: releaseWifiLockLocked: WifiLock{Downloader type=1 binder=android.os.BinderProxy@c2a170f}
08-04 19:17:22.052  3560  3560 D OnlineFeedViewActivity: Parsing feed
08-04 19:17:22.056  3560  5318 D TypeGetter: Recognized type RSS 2.0
08-04 19:17:22.058  3560  5318 D SyndHandler: Recognized ITunes namespace
08-04 19:17:22.059  3560  5318 D SyndHandler: Recognized Atom namespace
08-04 19:17:22.059  3560  5318 D SyndHandler: Recognized Content namespace
08-04 19:17:22.069  3560  5318 D OnlineFeedViewActivity: Deleted feed source file. Result: true
08-04 19:17:22.069  3560  3560 D OnlineFeedViewActivity: Removing HTML from shownotes
08-04 19:17:22.070   380   380 W SurfaceFlinger: couldn't log to binary event log: overflow.
08-04 19:17:22.098   512  2967 D audio_hw_primary: disable_audio_route: reset and update mixer path: low-latency-playback speaker
08-04 19:17:22.099   512  2967 D audio_hw_primary: disable_snd_device: snd_device(2: speaker)
08-04 19:17:22.108   512  2967 I soundtrigger: audio_extn_sound_trigger_update_device_status: device 0x2 of type 0 for Event 0
08-04 19:17:22.182  3560  3560 D PlaybackController: Releasing PlaybackController
08-04 19:17:22.201  3560  3582 I art     : Starting a blocking GC Explicit
08-04 19:17:22.238  3560  3582 I art     : Explicit concurrent mark sweep GC freed 5719(535KB) AllocSpace objects, 5(148KB) LOS objects, 36% free, 28MB/44MB, paused 1.189ms total 36.571ms
08-04 19:17:22.250  3560  3582 I art     : Starting a blocking GC Explicit
08-04 19:17:22.284  3560  3582 I art     : Explicit concurrent mark sweep GC freed 671(32KB) AllocSpace objects, 1(112KB) LOS objects, 36% free, 28MB/44MB, paused 1.255ms total 34.279ms
08-04 19:17:22.297  3560  3582 I art     : Starting a blocking GC Explicit
08-04 19:17:22.334  3560  3582 I art     : Explicit concurrent mark sweep GC freed 3(96B) AllocSpace objects, 0(0B) LOS objects, 36% free, 28MB/44MB, paused 1.279ms total 36.593ms
08-04 19:17:22.346  3560  3582 I art     : Starting a blocking GC Explicit
08-04 19:17:22.382  3560  3582 I art     : Explicit concurrent mark sweep GC freed 3(96B) AllocSpace objects, 0(0B) LOS objects, 36% free, 28MB/44MB, paused 1.218ms total 36.004ms
08-04 19:17:22.394  3560  3582 I art     : Starting a blocking GC Explicit
08-04 19:17:22.431  3560  3582 I art     : Explicit concurrent mark sweep GC freed 3(96B) AllocSpace objects, 0(0B) LOS objects, 36% free, 28MB/44MB, paused 1.295ms total 36.453ms
08-04 19:17:22.752  3560  3572 I art     : Starting a blocking GC Explicit
08-04 19:17:22.797  3560  3572 I art     : Explicit concurrent mark sweep GC freed 1404(83KB) AllocSpace objects, 1(20KB) LOS objects, 36% free, 28MB/44MB, paused 1.345ms total 43.967ms
08-04 19:17:22.811  3560  3572 I art     : Starting a blocking GC Explicit
08-04 19:17:22.848  3560  3572 I art     : Explicit concurrent mark sweep GC freed 23(752B) AllocSpace objects, 0(0B) LOS objects, 36% free, 28MB/44MB, paused 1.382ms total 36.510ms
08-04 19:17:22.860  3560  3572 I art     : Starting a blocking GC Explicit
08-04 19:17:22.897  3560  3572 I art     : Explicit concurrent mark sweep GC freed 3(96B) AllocSpace objects, 0(0B) LOS objects, 36% free, 28MB/44MB, paused 1.279ms total 36.508ms
08-04 19:17:22.909  3560  3572 I art     : Starting a blocking GC Explicit
08-04 19:17:22.946  3560  3572 I art     : Explicit concurrent mark sweep GC freed 3(96B) AllocSpace objects, 0(0B) LOS objects, 36% free, 28MB/44MB, paused 1.258ms total 36.590ms
08-04 19:17:22.959  3560  3572 I art     : Starting a blocking GC Explicit
08-04 19:17:22.996  3560  3572 I art     : Explicit concurrent mark sweep GC freed 3(96B) AllocSpace objects, 0(0B) LOS objects, 36% free, 28MB/44MB, paused 1.282ms total 36.836ms
08-04 19:17:23.344  3560  3573 I art     : Starting a blocking GC Explicit
08-04 19:17:23.396  3560  3573 I art     : Explicit concurrent mark sweep GC freed 1372(80KB) AllocSpace objects, 1(20KB) LOS objects, 36% free, 28MB/44MB, paused 1.285ms total 51.111ms
08-04 19:17:23.411  3560  3573 I art     : Starting a blocking GC Explicit
08-04 19:17:23.449  3560  3573 I art     : Explicit concurrent mark sweep GC freed 23(752B) AllocSpace objects, 0(0B) LOS objects, 36% free, 28MB/44MB, paused 1.330ms total 37.421ms
08-04 19:17:23.461  3560  3573 I art     : Starting a blocking GC Explicit
08-04 19:17:23.494  3560  3573 I art     : Explicit concurrent mark sweep GC freed 3(96B) AllocSpace objects, 0(0B) LOS objects, 36% free, 28MB/44MB, paused 1.250ms total 33.030ms
08-04 19:17:23.506  3560  3573 I art     : Starting a blocking GC Explicit
08-04 19:17:23.540  3560  3573 I art     : Explicit concurrent mark sweep GC freed 3(96B) AllocSpace objects, 0(0B) LOS objects, 36% free, 28MB/44MB, paused 1.275ms total 34.680ms
08-04 19:17:23.553  3560  3573 I art     : Starting a blocking GC Explicit
08-04 19:17:23.592  3560  3573 I art     : Explicit concurrent mark sweep GC freed 3(96B) AllocSpace objects, 0(0B) LOS objects, 36% free, 28MB/44MB, paused 1.314ms total 39.239ms
08-04 19:17:23.934  3560  3573 I art     : Starting a blocking GC Explicit
08-04 19:17:23.973  3560  3573 I art     : Explicit concurrent mark sweep GC freed 1436(82KB) AllocSpace objects, 1(20KB) LOS objects, 36% free, 28MB/44MB, paused 1.404ms total 38.575ms
08-04 19:17:23.985  3560  3573 I art     : Starting a blocking GC Explicit
08-04 19:17:24.023  3560  3573 I art     : Explicit concurrent mark sweep GC freed 23(752B) AllocSpace objects, 0(0B) LOS objects, 36% free, 28MB/44MB, paused 1.250ms total 36.899ms
08-04 19:17:24.035  3560  3573 I art     : Starting a blocking GC Explicit
08-04 19:17:24.075  3560  3573 I art     : Explicit concurrent mark sweep GC freed 3(96B) AllocSpace objects, 0(0B) LOS objects, 36% free, 28MB/44MB, paused 1.319ms total 40.363ms
08-04 19:17:24.088  3560  3573 I art     : Starting a blocking GC Explicit
08-04 19:17:24.128  3560  3573 I art     : Explicit concurrent mark sweep GC freed 3(96B) AllocSpace objects, 0(0B) LOS objects, 36% free, 28MB/44MB, paused 1.321ms total 39.881ms
08-04 19:17:24.141  3560  3573 I art     : Starting a blocking GC Explicit
08-04 19:17:24.179  3560  3573 I art     : Explicit concurrent mark sweep GC freed 3(96B) AllocSpace objects, 0(0B) LOS objects, 36% free, 28MB/44MB, paused 1.362ms total 37.810ms
08-04 19:17:24.510  3560  3582 I art     : Starting a blocking GC Explicit
08-04 19:17:24.559  3560  3582 I art     : Explicit concurrent mark sweep GC freed 1372(80KB) AllocSpace objects, 1(20KB) LOS objects, 36% free, 28MB/44MB, paused 1.572ms total 48.610ms
08-04 19:17:24.574  3560  3582 I art     : Starting a blocking GC Explicit
08-04 19:17:24.614  3560  3582 I art     : Explicit concurrent mark sweep GC freed 23(752B) AllocSpace objects, 0(0B) LOS objects, 36% free, 28MB/44MB, paused 1.331ms total 40.087ms
08-04 19:17:24.627  3560  3582 I art     : Starting a blocking GC Explicit
08-04 19:17:24.664  3560  3582 I art     : Explicit concurrent mark sweep GC freed 3(96B) AllocSpace objects, 0(0B) LOS objects, 36% free, 28MB/44MB, paused 1.316ms total 37.350ms
08-04 19:17:24.677  3560  3582 I art     : Starting a blocking GC Explicit
08-04 19:17:24.717  3560  3582 I art     : Explicit concurrent mark sweep GC freed 32(880B) AllocSpace objects, 0(0B) LOS objects, 36% free, 28MB/44MB, paused 1.307ms total 39.644ms
08-04 19:17:24.729  3560  3582 I art     : Starting a blocking GC Explicit
08-04 19:17:24.769  3560  3582 I art     : Explicit concurrent mark sweep GC freed 3(96B) AllocSpace objects, 0(0B) LOS objects, 36% free, 28MB/44MB, paused 1.307ms total 39.438ms
08-04 19:17:25.098  3560  4182 I art     : Starting a blocking GC Explicit
08-04 19:17:25.145  3560  4182 I art     : Explicit concurrent mark sweep GC freed 1398(82KB) AllocSpace objects, 1(20KB) LOS objects, 36% free, 28MB/44MB, paused 1.367ms total 46.754ms
08-04 19:17:25.157  3560  4182 I art     : Starting a blocking GC Explicit
08-04 19:17:25.197  3560  4182 I art     : Explicit concurrent mark sweep GC freed 36(1504B) AllocSpace objects, 0(0B) LOS objects, 36% free, 28MB/44MB, paused 1.448ms total 39.813ms
08-04 19:17:25.210  3560  4182 I art     : Starting a blocking GC Explicit
08-04 19:17:25.250  3560  4182 I art     : Explicit concurrent mark sweep GC freed 3(96B) AllocSpace objects, 0(0B) LOS objects, 36% free, 28MB/44MB, paused 1.364ms total 39.599ms
08-04 19:17:25.262  3560  4182 I art     : Starting a blocking GC Explicit
08-04 19:17:25.301  3560  4182 I art     : Explicit concurrent mark sweep GC freed 3(96B) AllocSpace objects, 0(0B) LOS objects, 36% free, 28MB/44MB, paused 1.264ms total 38.860ms
08-04 19:17:25.314  3560  4182 I art     : Starting a blocking GC Explicit
08-04 19:17:25.354  3560  4182 I art     : Explicit concurrent mark sweep GC freed 3(96B) AllocSpace objects, 0(0B) LOS objects, 36% free, 28MB/44MB, paused 1.284ms total 39.410ms
08-04 19:17:25.713  3560  3572 I art     : Starting a blocking GC Explicit
08-04 19:17:25.761  3560  3572 I art     : Explicit concurrent mark sweep GC freed 1482(89KB) AllocSpace objects, 1(20KB) LOS objects, 36% free, 28MB/44MB, paused 1.134ms total 47.544ms
08-04 19:17:25.773  3560  3572 I art     : Starting a blocking GC Explicit
08-04 19:17:25.813  3560  3572 I art     : Explicit concurrent mark sweep GC freed 64(3KB) AllocSpace objects, 0(0B) LOS objects, 36% free, 28MB/44MB, paused 1.164ms total 39.722ms
08-04 19:17:25.826  3560  3572 I art     : Starting a blocking GC Explicit
08-04 19:17:25.865  3560  3572 I art     : Explicit concurrent mark sweep GC freed 3(96B) AllocSpace objects, 0(0B) LOS objects, 36% free, 28MB/44MB, paused 1.168ms total 38.567ms
08-04 19:17:25.877  3560  3572 I art     : Starting a blocking GC Explicit
08-04 19:17:25.906   918 13198 D NetlinkSocketObserver: NeighborEvent{elapsedMs=1715249781, 192.168.2.254, [7C3953A63323], RTM_NEWNEIGH, NUD_STALE}
08-04 19:17:25.917  3560  3572 I art     : Explicit concurrent mark sweep GC freed 3(96B) AllocSpace objects, 0(0B) LOS objects, 36% free, 28MB/44MB, paused 1.171ms total 39.477ms
08-04 19:17:25.930  3560  3572 I art     : Starting a blocking GC Explicit
08-04 19:17:25.969  3560  3572 I art     : Explicit concurrent mark sweep GC freed 3(96B) AllocSpace objects, 0(0B) LOS objects, 36% free, 28MB/44MB, paused 1.203ms total 38.930ms
08-04 19:17:26.327  3560  3573 I art     : Starting a blocking GC Explicit
08-04 19:17:26.376  3560  3573 I art     : Explicit concurrent mark sweep GC freed 1372(80KB) AllocSpace objects, 1(20KB) LOS objects, 36% free, 28MB/44MB, paused 1.109ms total 48.644ms
08-04 19:17:26.381   918  3261 D WifiStateMachine: starting scan for "H369AA63323"WPA_PSK with 2412,5180
08-04 19:17:26.388  3560  3573 I art     : Starting a blocking GC Explicit
08-04 19:17:26.428  3560  3573 I art     : Explicit concurrent mark sweep GC freed 23(752B) AllocSpace objects, 0(0B) LOS objects, 36% free, 28MB/44MB, paused 1.246ms total 39.019ms
08-04 19:17:26.440  3560  3573 I art     : Starting a blocking GC Explicit
08-04 19:17:26.479  3560  3573 I art     : Explicit concurrent mark sweep GC freed 3(96B) AllocSpace objects, 0(0B) LOS objects, 36% free, 28MB/44MB, paused 1.218ms total 38.415ms
08-04 19:17:26.491  3560  3573 I art     : Starting a blocking GC Explicit
08-04 19:17:26.531  3560  3573 I art     : Explicit concurrent mark sweep GC freed 3(96B) AllocSpace objects, 0(0B) LOS objects, 36% free, 28MB/44MB, paused 1.170ms total 39.188ms
08-04 19:17:26.543  3560  3573 I art     : Starting a blocking GC Explicit
08-04 19:17:26.583  3560  3573 I art     : Explicit concurrent mark sweep GC freed 3(96B) AllocSpace objects, 0(0B) LOS objects, 36% free, 28MB/44MB, paused 1.189ms total 39.218ms
08-04 19:17:26.928  3560  3582 I art     : Starting a blocking GC Explicit
08-04 19:17:26.975  3560  3582 I art     : Explicit concurrent mark sweep GC freed 1401(81KB) AllocSpace objects, 1(20KB) LOS objects, 36% free, 28MB/44MB, paused 1.167ms total 45.949ms
08-04 19:17:26.990  3560  3582 I art     : Starting a blocking GC Explicit
08-04 19:17:27.033  3560  3582 I art     : Explicit concurrent mark sweep GC freed 23(752B) AllocSpace objects, 0(0B) LOS objects, 36% free, 28MB/44MB, paused 1.177ms total 42.141ms
08-04 19:17:27.045  3560  3582 I art     : Starting a blocking GC Explicit
08-04 19:17:27.085  3560  3582 I art     : Explicit concurrent mark sweep GC freed 3(96B) AllocSpace objects, 0(0B) LOS objects, 36% free, 28MB/44MB, paused 1.172ms total 39.503ms
08-04 19:17:27.097  3560  3582 I art     : Starting a blocking GC Explicit
08-04 19:17:27.136  3560  3582 I art     : Explicit concurrent mark sweep GC freed 3(96B) AllocSpace objects, 0(0B) LOS objects, 36% free, 28MB/44MB, paused 1.192ms total 38.751ms
08-04 19:17:27.149  3560  3582 I art     : Starting a blocking GC Explicit
08-04 19:17:27.189  3560  3582 I art     : Explicit concurrent mark sweep GC freed 3(96B) AllocSpace objects, 0(0B) LOS objects, 36% free, 28MB/44MB, paused 1.262ms total 39.474ms
08-04 19:17:27.533  3560  4182 I art     : Starting a blocking GC Explicit
08-04 19:17:27.582  3560  4182 I art     : Explicit concurrent mark sweep GC freed 1372(80KB) AllocSpace objects, 1(20KB) LOS objects, 36% free, 28MB/44MB, paused 1.179ms total 47.843ms
08-04 19:17:27.596  3560  4182 I art     : Starting a blocking GC Explicit
08-04 19:17:27.634  3560  4182 I art     : Explicit concurrent mark sweep GC freed 23(752B) AllocSpace objects, 0(0B) LOS objects, 36% free, 28MB/44MB, paused 1.185ms total 38.673ms
08-04 19:17:27.647  3560  4182 I art     : Starting a blocking GC Explicit
08-04 19:17:27.687  3560  4182 I art     : Explicit concurrent mark sweep GC freed 3(96B) AllocSpace objects, 0(0B) LOS objects, 36% free, 28MB/44MB, paused 1.159ms total 39.534ms
08-04 19:17:27.699  3560  4182 I art     : Starting a blocking GC Explicit
08-04 19:17:27.738  3560  4182 I art     : Explicit concurrent mark sweep GC freed 32(880B) AllocSpace objects, 0(0B) LOS objects, 36% free, 28MB/44MB, paused 1.296ms total 38.398ms
08-04 19:17:27.751  3560  4182 I art     : Starting a blocking GC Explicit
08-04 19:17:27.790  3560  4182 I art     : Explicit concurrent mark sweep GC freed 3(96B) AllocSpace objects, 0(0B) LOS objects, 36% free, 28MB/44MB, paused 1.183ms total 39.277ms
08-04 19:17:28.151  3560  3572 I art     : Starting a blocking GC Explicit
08-04 19:17:28.199  3560  3572 I art     : Explicit concurrent mark sweep GC freed 1372(80KB) AllocSpace objects, 1(20KB) LOS objects, 36% free, 28MB/44MB, paused 1.354ms total 47.263ms
08-04 19:17:28.216  3560  3572 I art     : Starting a blocking GC Explicit
08-04 19:17:28.255  3560  3572 I art     : Explicit concurrent mark sweep GC freed 23(752B) AllocSpace objects, 0(0B) LOS objects, 36% free, 28MB/44MB, paused 1.171ms total 39.384ms
08-04 19:17:28.268  3560  3572 I art     : Starting a blocking GC Explicit
08-04 19:17:28.307  3560  3572 I art     : Explicit concurrent mark sweep GC freed 3(96B) AllocSpace objects, 0(0B) LOS objects, 36% free, 28MB/44MB, paused 1.161ms total 38.594ms
08-04 19:17:28.320  3560  3572 I art     : Starting a blocking GC Explicit
08-04 19:17:28.358  3560  3572 I art     : Explicit concurrent mark sweep GC freed 3(96B) AllocSpace objects, 0(0B) LOS objects, 36% free, 28MB/44MB, paused 1.313ms total 37.991ms
08-04 19:17:28.371  3560  3572 I art     : Starting a blocking GC Explicit
08-04 19:17:28.410  3560  3572 I art     : Explicit concurrent mark sweep GC freed 3(96B) AllocSpace objects, 0(0B) LOS objects, 36% free, 28MB/44MB, paused 1.207ms total 39.077ms
08-04 19:17:28.752  3560  3573 I art     : Starting a blocking GC Explicit
08-04 19:17:28.801  3560  3573 I art     : Explicit concurrent mark sweep GC freed 1401(81KB) AllocSpace objects, 1(20KB) LOS objects, 36% free, 28MB/44MB, paused 1.377ms total 48.823ms
08-04 19:17:28.818  3560  3573 I art     : Starting a blocking GC Explicit
08-04 19:17:28.858  3560  3573 I art     : Explicit concurrent mark sweep GC freed 23(752B) AllocSpace objects, 0(0B) LOS objects, 36% free, 28MB/44MB, paused 1.244ms total 38.876ms
08-04 19:17:28.870  3560  3573 I art     : Starting a blocking GC Explicit
08-04 19:17:28.909  3560  3573 I art     : Explicit concurrent mark sweep GC freed 3(96B) AllocSpace objects, 0(0B) LOS objects, 36% free, 28MB/44MB, paused 1.212ms total 39.215ms
08-04 19:17:28.922  3560  3573 I art     : Starting a blocking GC Explicit
08-04 19:17:28.959  3560  3573 I art     : Explicit concurrent mark sweep GC freed 3(96B) AllocSpace objects, 0(0B) LOS objects, 36% free, 28MB/44MB, paused 1.087ms total 37.269ms
08-04 19:17:28.972  3560  3573 I art     : Starting a blocking GC Explicit
08-04 19:17:29.012  3560  3573 I art     : Explicit concurrent mark sweep GC freed 3(96B) AllocSpace objects, 0(0B) LOS objects, 36% free, 28MB/44MB, paused 1.185ms total 39.260ms
08-04 19:17:29.041   518   646 I ThermalEngine: ACTION: GPU - Setting GPU[0] to 510000000
08-04 19:17:29.344  3560  3582 I art     : Starting a blocking GC Explicit
08-04 19:17:29.381  3560  3582 I art     : Explicit concurrent mark sweep GC freed 1372(80KB) AllocSpace objects, 1(20KB) LOS objects, 36% free, 28MB/44MB, paused 926us total 35.853ms
08-04 19:17:29.394  3560  3582 I art     : Starting a blocking GC Explicit
08-04 19:17:29.425  3560  3582 I art     : Explicit concurrent mark sweep GC freed 23(752B) AllocSpace objects, 0(0B) LOS objects, 36% free, 28MB/44MB, paused 833us total 30.583ms
08-04 19:17:29.434  3560  3582 I art     : Starting a blocking GC Explicit
08-04 19:17:29.464  3560  3582 I art     : Explicit concurrent mark sweep GC freed 3(96B) AllocSpace objects, 0(0B) LOS objects, 36% free, 28MB/44MB, paused 835us total 29.258ms
08-04 19:17:29.474  3560  3582 I art     : Starting a blocking GC Explicit
08-04 19:17:29.503  3560  3582 I art     : Explicit concurrent mark sweep GC freed 3(96B) AllocSpace objects, 0(0B) LOS objects, 36% free, 28MB/44MB, paused 869us total 29.547ms
08-04 19:17:29.513  3560  3582 I art     : Starting a blocking GC Explicit
08-04 19:17:29.543  3560  3582 I art     : Explicit concurrent mark sweep GC freed 3(96B) AllocSpace objects, 0(0B) LOS objects, 36% free, 28MB/44MB, paused 833us total 29.491ms
08-04 19:17:29.823  3560  4182 I art     : Starting a blocking GC Explicit
08-04 19:17:29.852  3560  4182 I art     : Explicit concurrent mark sweep GC freed 1401(81KB) AllocSpace objects, 1(20KB) LOS objects, 36% free, 28MB/44MB, paused 882us total 29.451ms
08-04 19:17:29.862  3560  4182 I art     : Starting a blocking GC Explicit
08-04 19:17:29.891  3560  4182 I art     : Explicit concurrent mark sweep GC freed 23(752B) AllocSpace objects, 0(0B) LOS objects, 36% free, 28MB/44MB, paused 854us total 28.403ms
08-04 19:17:29.901  3560  4182 I art     : Starting a blocking GC Explicit
08-04 19:17:29.928  3560  4182 I art     : Explicit concurrent mark sweep GC freed 3(96B) AllocSpace objects, 0(0B) LOS objects, 36% free, 28MB/44MB, paused 878us total 27.231ms
08-04 19:17:29.937  3560  4182 I art     : Starting a blocking GC Explicit
08-04 19:17:29.965  3560  4182 I art     : Explicit concurrent mark sweep GC freed 3(96B) AllocSpace objects, 0(0B) LOS objects, 36% free, 28MB/44MB, paused 838us total 27.490ms
08-04 19:17:29.974  3560  4182 I art     : Starting a blocking GC Explicit
08-04 19:17:30.002  3560  4182 I art     : Explicit concurrent mark sweep GC freed 3(96B) AllocSpace objects, 0(0B) LOS objects, 36% free, 28MB/44MB, paused 864us total 28.182ms
08-04 19:17:30.117  5452  5452 D AndroidRuntime: >>>>>> START com.android.internal.os.RuntimeInit uid 2000 <<<<<<
08-04 19:17:30.123  5452  5452 D AndroidRuntime: CheckJNI is OFF
08-04 19:17:30.160  5452  5452 D ICU     : No timezone override file found: /data/misc/zoneinfo/current/icu/icu_tzdata.dat
08-04 19:17:30.193  5452  5452 I Radio-JNI: register_android_hardware_Radio DONE
08-04 19:17:30.215  5452  5452 D AndroidRuntime: Calling main entry com.android.commands.input.Input
08-04 19:17:30.216  5452  5452 I Input   : injectKeyEvent: KeyEvent { action=ACTION_DOWN, keyCode=KEYCODE_BACK, scanCode=0, metaState=0, flags=0x0, repeatCount=0, eventTime=731866630, downTime=731866630, deviceId=-1, source=0x101 }
08-04 19:17:30.221  5452  5452 I Input   : injectKeyEvent: KeyEvent { action=ACTION_UP, keyCode=KEYCODE_BACK, scanCode=0, metaState=0, flags=0x0, repeatCount=0, eventTime=731866630, downTime=731866630, deviceId=-1, source=0x101 }
08-04 19:17:30.227  5452  5452 D AndroidRuntime: Shutting down VM
08-04 19:17:30.230  3560  3560 V PlaybackController: initServiceNotRunning()
08-04 19:17:30.231  3560  3560 D ExternalPlayerFragment: Loading media info
08-04 19:17:30.235  3560  3560 D UserPreferences: Using default data folder
08-04 19:17:30.237  3560  3580 D DBReader: getNavDrawerData() called with: 
08-04 19:17:30.247  3560  3580 D DBReader: getDownloadedItems() called
08-04 19:17:30.248  3560  3580 D DBReader: getFavoriteIDList() called
08-04 19:17:30.249  3560  3580 D DBReader: getQueueIDList() called
08-04 19:17:30.249  3560  3580 D DBReader: Extracting Feedlist
08-04 19:17:30.263 13866 13866 I GoogleInputMethodServic: GoogleInputMethodService.onFinishInput():3138 
08-04 19:17:30.263  3560  3560 D MainActivity: getLastNavFragment() -> AddFeedFragment
08-04 19:17:30.264 13866 13866 I GoogleInputMethodServic: GoogleInputMethodService.onStartInput():1808 
08-04 19:17:30.299  3560  3572 I art     : Starting a blocking GC Explicit
08-04 19:17:30.326  3560  3572 I art     : Explicit concurrent mark sweep GC freed 2482(153KB) AllocSpace objects, 1(20KB) LOS objects, 36% free, 28MB/44MB, paused 781us total 26.494ms
08-04 19:17:30.335  3560  3572 I art     : Starting a blocking GC Explicit
08-04 19:17:30.359  3560  3572 I art     : Explicit concurrent mark sweep GC freed 452(24KB) AllocSpace objects, 0(0B) LOS objects, 36% free, 28MB/44MB, paused 752us total 24.042ms
08-04 19:17:30.368  3560  3572 I art     : Starting a blocking GC Explicit
08-04 19:17:30.396  3560  3572 I art     : Explicit concurrent mark sweep GC freed 3(96B) AllocSpace objects, 0(0B) LOS objects, 36% free, 28MB/44MB, paused 821us total 28.302ms
08-04 19:17:30.405  3560  3572 I art     : Starting a blocking GC Explicit
08-04 19:17:30.435  3560  3572 I art     : Explicit concurrent mark sweep GC freed 3(96B) AllocSpace objects, 0(0B) LOS objects, 36% free, 28MB/44MB, paused 852us total 29.309ms
08-04 19:17:30.447  3560  3572 I art     : Starting a blocking GC Explicit
08-04 19:17:30.479  3560  3572 I art     : Explicit concurrent mark sweep GC freed 3(96B) AllocSpace objects, 0(0B) LOS objects, 36% free, 28MB/44MB, paused 838us total 31.791ms
08-04 19:17:30.570   380   380 W SurfaceFlinger: couldn't log to binary event log: overflow.
08-04 19:17:30.736  3560  3582 I art     : Starting a blocking GC Explicit
08-04 19:17:30.774  3560  3582 I art     : Explicit concurrent mark sweep GC freed 1998(106KB) AllocSpace objects, 1(20KB) LOS objects, 36% free, 28MB/44MB, paused 1.011ms total 37.232ms
08-04 19:17:30.788  3560  3582 I art     : Starting a blocking GC Explicit
08-04 19:17:30.817  3560  3582 I art     : Explicit concurrent mark sweep GC freed 2457(152KB) AllocSpace objects, 1(28KB) LOS objects, 36% free, 28MB/44MB, paused 841us total 28.629ms
08-04 19:17:30.826  3560  3582 I art     : Starting a blocking GC Explicit
08-04 19:17:30.854  3560  3582 I art     : Explicit concurrent mark sweep GC freed 3(96B) AllocSpace objects, 0(0B) LOS objects, 36% free, 28MB/44MB, paused 878us total 27.953ms
08-04 19:17:30.864  3560  3582 I art     : Starting a blocking GC Explicit
08-04 19:17:30.893  3560  3582 I art     : Explicit concurrent mark sweep GC freed 3(96B) AllocSpace objects, 0(0B) LOS objects, 36% free, 28MB/44MB, paused 862us total 28.476ms
08-04 19:17:30.903  3560  3582 I art     : Starting a blocking GC Explicit
08-04 19:17:30.931  3560  3582 I art     : Explicit concurrent mark sweep GC freed 3(96B) AllocSpace objects, 0(0B) LOS objects, 36% free, 28MB/44MB, paused 864us total 28.262ms
08-04 19:17:31.230  3560  4182 I art     : Starting a blocking GC Explicit
08-04 19:17:31.265  3560  4182 I art     : Explicit concurrent mark sweep GC freed 1374(82KB) AllocSpace objects, 1(20KB) LOS objects, 36% free, 28MB/44MB, paused 859us total 34.518ms
08-04 19:17:31.274  3560  4182 I art     : Starting a blocking GC Explicit
08-04 19:17:31.302  3560  4182 I art     : Explicit concurrent mark sweep GC freed 23(752B) AllocSpace objects, 0(0B) LOS objects, 36% free, 28MB/44MB, paused 857us total 27.446ms
08-04 19:17:31.311  3560  4182 I art     : Starting a blocking GC Explicit
08-04 19:17:31.339  3560  4182 I art     : Explicit concurrent mark sweep GC freed 3(96B) AllocSpace objects, 0(0B) LOS objects, 36% free, 28MB/44MB, paused 883us total 27.517ms
08-04 19:17:31.349  3560  4182 I art     : Starting a blocking GC Explicit
08-04 19:17:31.377  3560  4182 I art     : Explicit concurrent mark sweep GC freed 3(96B) AllocSpace objects, 0(0B) LOS objects, 36% free, 28MB/44MB, paused 954us total 28.250ms
08-04 19:17:31.387  3560  4182 I art     : Starting a blocking GC Explicit
08-04 19:17:31.415  3560  4182 I art     : Explicit concurrent mark sweep GC freed 3(96B) AllocSpace objects, 0(0B) LOS objects, 36% free, 28MB/44MB, paused 874us total 28.215ms
08-04 19:17:31.709  3560  3573 I art     : Starting a blocking GC Explicit
08-04 19:17:31.742  3560  3573 I art     : Explicit concurrent mark sweep GC freed 1402(81KB) AllocSpace objects, 1(20KB) LOS objects, 36% free, 28MB/44MB, paused 986us total 32.649ms
08-04 19:17:31.752  3560  3573 I art     : Starting a blocking GC Explicit
08-04 19:17:31.778  3560  3573 I art     : Explicit concurrent mark sweep GC freed 23(752B) AllocSpace objects, 0(0B) LOS objects, 36% free, 28MB/44MB, paused 853us total 26.594ms
08-04 19:17:31.787  3560  3573 I art     : Starting a blocking GC Explicit
08-04 19:17:31.814  3560  3573 I art     : Explicit concurrent mark sweep GC freed 3(96B) AllocSpace objects, 0(0B) LOS objects, 36% free, 28MB/44MB, paused 850us total 26.243ms
08-04 19:17:31.823  3560  3573 I art     : Starting a blocking GC Explicit
08-04 19:17:31.850  3560  3573 I art     : Explicit concurrent mark sweep GC freed 3(96B) AllocSpace objects, 0(0B) LOS objects, 36% free, 28MB/44MB, paused 923us total 26.881ms
08-04 19:17:31.863  3560  3573 I art     : Starting a blocking GC Explicit
08-04 19:17:31.890  5505  5505 D AndroidRuntime: >>>>>> START com.android.internal.os.RuntimeInit uid 2000 <<<<<<
08-04 19:17:31.895  5505  5505 D AndroidRuntime: CheckJNI is OFF
08-04 19:17:31.896  3560  3573 I art     : Explicit concurrent mark sweep GC freed 7(224B) AllocSpace objects, 0(0B) LOS objects, 36% free, 28MB/44MB, paused 884us total 32.616ms
08-04 19:17:31.926  5505  5505 D ICU     : No timezone override file found: /data/misc/zoneinfo/current/icu/icu_tzdata.dat
08-04 19:17:31.957  5505  5505 I Radio-JNI: register_android_hardware_Radio DONE
08-04 19:17:31.979  5505  5505 D AndroidRuntime: Calling main entry com.android.commands.input.Input
08-04 19:17:31.980  5505  5505 I Input   : injectKeyEvent: KeyEvent { action=ACTION_DOWN, keyCode=KEYCODE_BACK, scanCode=0, metaState=0, flags=0x0, repeatCount=0, eventTime=731868393, downTime=731868393, deviceId=-1, source=0x101 }
08-04 19:17:31.986  5505  5505 I Input   : injectKeyEvent: KeyEvent { action=ACTION_UP, keyCode=KEYCODE_BACK, scanCode=0, metaState=0, flags=0x0, repeatCount=0, eventTime=731868393, downTime=731868393, deviceId=-1, source=0x101 }
08-04 19:17:32.000 13866 13866 I GoogleInputMethodServic: GoogleInputMethodService.onFinishInput():3138 
08-04 19:17:32.001 13866 13866 I GoogleInputMethodServic: GoogleInputMethodService.onStartInput():1808 
08-04 19:17:32.005  5505  5505 D AndroidRuntime: Shutting down VM
08-04 19:17:32.164  3560  4182 I art     : Starting a blocking GC Explicit
08-04 19:17:32.194  3560  4182 I art     : Explicit concurrent mark sweep GC freed 2580(129KB) AllocSpace objects, 1(20KB) LOS objects, 36% free, 28MB/44MB, paused 881us total 29.963ms
08-04 19:17:32.204  3560  4182 I art     : Starting a blocking GC Explicit
08-04 19:17:32.232  3560  4182 I art     : Explicit concurrent mark sweep GC freed 2653(177KB) AllocSpace objects, 9(1540KB) LOS objects, 37% free, 26MB/42MB, paused 848us total 27.756ms
08-04 19:17:32.241  3560  4182 I art     : Starting a blocking GC Explicit
08-04 19:17:32.269  3560  4182 I art     : Explicit concurrent mark sweep GC freed 3(96B) AllocSpace objects, 0(0B) LOS objects, 37% free, 26MB/42MB, paused 868us total 27.191ms
08-04 19:17:32.278  3560  4182 I art     : Starting a blocking GC Explicit
08-04 19:17:32.305  3560  4182 I art     : Explicit concurrent mark sweep GC freed 3(96B) AllocSpace objects, 0(0B) LOS objects, 37% free, 26MB/42MB, paused 792us total 26.845ms
08-04 19:17:32.315  3560  4182 I art     : Starting a blocking GC Explicit
08-04 19:17:32.341  3560  4182 I art     : Explicit concurrent mark sweep GC freed 3(96B) AllocSpace objects, 0(0B) LOS objects, 37% free, 26MB/42MB, paused 840us total 26.358ms
08-04 19:17:32.637  3560  3572 I art     : Starting a blocking GC Explicit
08-04 19:17:32.675  3560  3572 I art     : Explicit concurrent mark sweep GC freed 1373(81KB) AllocSpace objects, 1(20KB) LOS objects, 37% free, 26MB/42MB, paused 917us total 37.167ms
08-04 19:17:32.688  3560  3572 I art     : Starting a blocking GC Explicit
08-04 19:17:32.716  3560  3572 I art     : Explicit concurrent mark sweep GC freed 52(1536B) AllocSpace objects, 0(0B) LOS objects, 37% free, 26MB/42MB, paused 837us total 27.759ms
08-04 19:17:32.725  3560  3572 I art     : Starting a blocking GC Explicit
08-04 19:17:32.753  3560  3572 I art     : Explicit concurrent mark sweep GC freed 3(96B) AllocSpace objects, 0(0B) LOS objects, 37% free, 26MB/42MB, paused 841us total 27.069ms
08-04 19:17:32.762  3560  3572 I art     : Starting a blocking GC Explicit
08-04 19:17:32.789  3560  3572 I art     : Explicit concurrent mark sweep GC freed 3(96B) AllocSpace objects, 0(0B) LOS objects, 37% free, 26MB/42MB, paused 857us total 27.295ms
08-04 19:17:32.799  3560  3572 I art     : Starting a blocking GC Explicit
08-04 19:17:32.827  3560  3572 I art     : Explicit concurrent mark sweep GC freed 3(96B) AllocSpace objects, 0(0B) LOS objects, 37% free, 26MB/42MB, paused 910us total 27.808ms
08-04 19:17:33.015 31450 31450 I Atfwd_Sendcmd: AtCmdFwd service not ready - Exhausted retry attempts - :6
08-04 19:17:33.015 31450 31450 I Atfwd_Daemon: result : -1 	 ,Init step :2 	 ,qmiErrorCode: 0
08-04 19:17:33.052   518   646 I ThermalEngine: ACTION: GPU - Setting GPU[0] to 450000000
08-04 19:17:33.142  3560  3582 I art     : Starting a blocking GC Explicit
08-04 19:17:33.185  3560  3582 I art     : Explicit concurrent mark sweep GC freed 1373(81KB) AllocSpace objects, 1(20KB) LOS objects, 37% free, 26MB/42MB, paused 1.158ms total 42.736ms
08-04 19:17:33.197  3560  3582 I art     : Starting a blocking GC Explicit
08-04 19:17:33.231  3560  3582 I art     : Explicit concurrent mark sweep GC freed 23(752B) AllocSpace objects, 0(0B) LOS objects, 37% free, 26MB/42MB, paused 1.074ms total 33.485ms
08-04 19:17:33.231  3560  3571 I art     : WaitForGcToComplete blocked for 32.043ms for cause HeapTrim
08-04 19:17:33.243  3560  3582 I art     : Starting a blocking GC Explicit
08-04 19:17:33.275  3560  3582 I art     : Explicit concurrent mark sweep GC freed 3(96B) AllocSpace objects, 0(0B) LOS objects, 37% free, 26MB/42MB, paused 1.114ms total 32.349ms
08-04 19:17:33.287  3560  3582 I art     : Starting a blocking GC Explicit
08-04 19:17:33.319  3560  3582 I art     : Explicit concurrent mark sweep GC freed 3(96B) AllocSpace objects, 0(0B) LOS objects, 37% free, 26MB/42MB, paused 1.161ms total 32.051ms
08-04 19:17:33.330  3560  3582 I art     : Starting a blocking GC Explicit
08-04 19:17:33.363  3560  3582 I art     : Explicit concurrent mark sweep GC freed 3(96B) AllocSpace objects, 0(0B) LOS objects, 37% free, 26MB/42MB, paused 1.172ms total 31.837ms
08-04 19:17:33.676  3560  3582 I art     : Starting a blocking GC Explicit
08-04 19:17:33.711  3560  3582 I art     : Explicit concurrent mark sweep GC freed 1412(83KB) AllocSpace objects, 1(20KB) LOS objects, 37% free, 26MB/42MB, paused 1.081ms total 34.601ms
08-04 19:17:33.724  3560  3582 I art     : Starting a blocking GC Explicit
08-04 19:17:33.757  3560  3582 I art     : Explicit concurrent mark sweep GC freed 28(912B) AllocSpace objects, 0(0B) LOS objects, 37% free, 26MB/42MB, paused 1.145ms total 33.224ms
08-04 19:17:33.770  3560  3582 I art     : Starting a blocking GC Explicit
08-04 19:17:33.775  5559  5559 D AndroidRuntime: >>>>>> START com.android.internal.os.RuntimeInit uid 2000 <<<<<<
08-04 19:17:33.782  5559  5559 D AndroidRuntime: CheckJNI is OFF
08-04 19:17:33.804  3560  3582 I art     : Explicit concurrent mark sweep GC freed 8(256B) AllocSpace objects, 0(0B) LOS objects, 37% free, 26MB/42MB, paused 1.147ms total 33.700ms
08-04 19:17:33.815  3560  3582 I art     : Starting a blocking GC Explicit
08-04 19:17:33.827  5559  5559 D ICU     : No timezone override file found: /data/misc/zoneinfo/current/icu/icu_tzdata.dat
08-04 19:17:33.847  3560  3582 I art     : Explicit concurrent mark sweep GC freed 9(288B) AllocSpace objects, 0(0B) LOS objects, 37% free, 26MB/42MB, paused 1.088ms total 31.872ms
08-04 19:17:33.859  3560  3582 I art     : Starting a blocking GC Explicit
08-04 19:17:33.875  5559  5559 I Radio-JNI: register_android_hardware_Radio DONE
08-04 19:17:33.892  3560  3582 I art     : Explicit concurrent mark sweep GC freed 4(128B) AllocSpace objects, 0(0B) LOS objects, 37% free, 26MB/42MB, paused 1.040ms total 32.339ms
08-04 19:17:33.904  5559  5559 D AndroidRuntime: Calling main entry com.android.commands.input.Input
08-04 19:17:33.907  5559  5559 I Input   : injectMotionEvent: MotionEvent { action=ACTION_DOWN, actionButton=0, id[0]=0, x[0]=567.0, y[0]=714.0, toolType[0]=TOOL_TYPE_UNKNOWN, buttonState=0, metaState=0, flags=0x0, edgeFlags=0x0, pointerCount=1, historySize=0, eventTime=731870318, downTime=731870318, deviceId=0, source=0x1002 }
08-04 19:17:33.912  5559  5559 I Input   : injectMotionEvent: MotionEvent { action=ACTION_UP, actionButton=0, id[0]=0, x[0]=567.0, y[0]=714.0, toolType[0]=TOOL_TYPE_UNKNOWN, buttonState=0, metaState=0, flags=0x0, edgeFlags=0x0, pointerCount=1, historySize=0, eventTime=731870318, downTime=731870318, deviceId=0, source=0x1002 }
08-04 19:17:33.915  5559  5559 D AndroidRuntime: Shutting down VM
08-04 19:17:33.930   512  2967 D audio_hw_primary: out_set_parameters: enter: usecase(1: low-latency-playback) kvpairs: routing=2
08-04 19:17:33.943   512  2967 D audio_hw_primary: select_devices: out_snd_device(2: speaker) in_snd_device(0: none)
08-04 19:17:33.943   512  2967 D msm8974_platform: platform_send_audio_calibration: sending audio calibration for snd_device(2) acdb_id(15)
08-04 19:17:33.943   512  2967 I soundtrigger: audio_extn_sound_trigger_update_device_status: device 0x2 of type 0 for Event 1
08-04 19:17:33.953   512  2967 D audio_hw_primary: enable_snd_device: snd_device(2: speaker)
08-04 19:17:33.955   512  2967 D audio_hw_primary: enable_audio_route: apply and update mixer path: low-latency-playback speaker
08-04 19:17:34.182  3560  3572 I art     : Starting a blocking GC Explicit
08-04 19:17:34.218  3560  3572 I art     : Explicit concurrent mark sweep GC freed 7610(353KB) AllocSpace objects, 1(20KB) LOS objects, 37% free, 26MB/42MB, paused 1.271ms total 35.508ms
08-04 19:17:34.229  3560  3572 I art     : Starting a blocking GC Explicit
08-04 19:17:34.263  3560  3572 I art     : Explicit concurrent mark sweep GC freed 1790(88KB) AllocSpace objects, 1(220KB) LOS objects, 37% free, 26MB/42MB, paused 1.209ms total 33.108ms
08-04 19:17:34.274  3560  3572 I art     : Starting a blocking GC Explicit
08-04 19:17:34.308  3560  3572 I art     : Explicit concurrent mark sweep GC freed 15(544B) AllocSpace objects, 0(0B) LOS objects, 37% free, 26MB/42MB, paused 1.287ms total 33.303ms
08-04 19:17:34.319  3560  3572 I art     : Starting a blocking GC Explicit
08-04 19:17:34.324  3560  4171 I NAPPA_EXPERIMENTATION: MetricNetworkRequestExecutionTime: REQUEST_DURATION_SYSTEM='388',REQUEST_DURATION_OKHTTP='154',REQUEST_SYNCHRONOUS='TRUE',RESPONSE_CODE='400',RESPONSE_METHOD='GET',RESPONSE_LENGTH_OKHTTP='0',RESPONSE_LENGTH_HEADER='0',REQUEST_PROTOCOL='h2',REQUEST_URL='https://itunes.apple.com/en/rss/toppodcasts/limit=25/explicit=true/json',
08-04 19:17:34.353  3560  3572 I art     : Explicit concurrent mark sweep GC freed 367(25KB) AllocSpace objects, 0(0B) LOS objects, 37% free, 26MB/42MB, paused 1.248ms total 33.527ms
08-04 19:17:34.364  3560  3572 I art     : Starting a blocking GC Explicit
08-04 19:17:34.395  3560  3572 I art     : Explicit concurrent mark sweep GC freed 95(4KB) AllocSpace objects, 0(0B) LOS objects, 37% free, 26MB/42MB, paused 1.200ms total 30.943ms
08-04 19:17:34.466  3560  4171 I NAPPA_EXPERIMENTATION: MetricNetworkRequestExecutionTime: REQUEST_DURATION_SYSTEM='140',REQUEST_DURATION_OKHTTP='139',REQUEST_SYNCHRONOUS='TRUE',RESPONSE_CODE='200',RESPONSE_METHOD='GET',RESPONSE_LENGTH_OKHTTP='-1',RESPONSE_LENGTH_HEADER='10075',REQUEST_PROTOCOL='h2',REQUEST_URL='https://itunes.apple.com/us/rss/toppodcasts/limit=25/explicit=true/json',
08-04 19:17:34.499   512  2967 D audio_hw_primary: disable_audio_route: reset and update mixer path: low-latency-playback speaker
08-04 19:17:34.499   512  2967 D audio_hw_primary: disable_snd_device: snd_device(2: speaker)
08-04 19:17:34.508   512  2967 I soundtrigger: audio_extn_sound_trigger_update_device_status: device 0x2 of type 0 for Event 0
08-04 19:17:34.512  3560  4378 D ApOkHttpUrlLoader: buildLoadData() called with: model = [https://is4-ssl.mzstatic.com/image/thumb/Podcasts114/v4/3f/16/74/3f167426-bf50-ce3a-d709-e4301620fc5b/mza_5832671293059882550.jpeg/170x170bb.png], width = [224], height = [224]
08-04 19:17:34.513  3560  4377 D DBReader: getImageAuthentication() called with: imageUrl = [https://is4-ssl.mzstatic.com/image/thumb/Podcasts114/v4/3f/16/74/3f167426-bf50-ce3a-d709-e4301620fc5b/mza_5832671293059882550.jpeg/170x170bb.png]
08-04 19:17:34.518  3560  4377 D ApOkHttpUrlLoader: no credentials for 'https://is4-ssl.mzstatic.com/image/thumb/Podcasts114/v4/3f/16/74/3f167426-bf50-ce3a-d709-e4301620fc5b/mza_5832671293059882550.jpeg/170x170bb.png'
08-04 19:17:34.519  3560  4380 D ApOkHttpUrlLoader: buildLoadData() called with: model = [https://is4-ssl.mzstatic.com/image/thumb/Podcasts113/v4/e5/8a/10/e58a108f-f5d0-f622-c94a-13f66edd570c/mza_3025981348644196724.jpg/170x170bb.png], width = [224], height = [224]
08-04 19:17:34.520  3560  4383 D DBReader: getImageAuthentication() called with: imageUrl = [https://is4-ssl.mzstatic.com/image/thumb/Podcasts113/v4/e5/8a/10/e58a108f-f5d0-f622-c94a-13f66edd570c/mza_3025981348644196724.jpg/170x170bb.png]
08-04 19:17:34.523  3560  4376 D ApOkHttpUrlLoader: buildLoadData() called with: model = [https://is2-ssl.mzstatic.com/image/thumb/Podcasts113/v4/a9/39/cc/a939ccc5-6d60-0c11-0a4c-16d71cdef89b/mza_8787577209688278658.jpg/170x170bb.png], width = [224], height = [224]
08-04 19:17:34.524  3560  4379 D DBReader: getImageAuthentication() called with: imageUrl = [https://is2-ssl.mzstatic.com/image/thumb/Podcasts113/v4/a9/39/cc/a939ccc5-6d60-0c11-0a4c-16d71cdef89b/mza_8787577209688278658.jpg/170x170bb.png]
08-04 19:17:34.525  3560  4383 D ApOkHttpUrlLoader: no credentials for 'https://is4-ssl.mzstatic.com/image/thumb/Podcasts113/v4/e5/8a/10/e58a108f-f5d0-f622-c94a-13f66edd570c/mza_3025981348644196724.jpg/170x170bb.png'
08-04 19:17:34.527  3560  4373 D ApOkHttpUrlLoader: buildLoadData() called with: model = [https://is5-ssl.mzstatic.com/image/thumb/Podcasts114/v4/93/cf/99/93cf9960-fff3-205e-6655-72c03ddeccb2/mza_10545582232493904175.jpeg/170x170bb.png], width = [224], height = [224]
08-04 19:17:34.528  3560  4381 D DBReader: getImageAuthentication() called with: imageUrl = [https://is5-ssl.mzstatic.com/image/thumb/Podcasts114/v4/93/cf/99/93cf9960-fff3-205e-6655-72c03ddeccb2/mza_10545582232493904175.jpeg/170x170bb.png]
08-04 19:17:34.530  3560  4378 D ApOkHttpUrlLoader: buildLoadData() called with: model = [https://is4-ssl.mzstatic.com/image/thumb/Podcasts124/v4/49/a4/91/49a491b7-3daf-c5dc-d7c6-6c4f1486955c/mza_5930014091766152297.png/170x170bb.png], width = [224], height = [224]
08-04 19:17:34.530  3560  4379 D ApOkHttpUrlLoader: no credentials for 'https://is2-ssl.mzstatic.com/image/thumb/Podcasts113/v4/a9/39/cc/a939ccc5-6d60-0c11-0a4c-16d71cdef89b/mza_8787577209688278658.jpg/170x170bb.png'
08-04 19:17:34.531  3560  4384 D DBReader: getImageAuthentication() called with: imageUrl = [https://is4-ssl.mzstatic.com/image/thumb/Podcasts124/v4/49/a4/91/49a491b7-3daf-c5dc-d7c6-6c4f1486955c/mza_5930014091766152297.png/170x170bb.png]
08-04 19:17:34.533  3560  4380 D ApOkHttpUrlLoader: buildLoadData() called with: model = [https://is5-ssl.mzstatic.com/image/thumb/Podcasts113/v4/fd/54/6e/fd546ea0-7ab2-e3f0-6049-884d82917af9/mza_4855349695799758348.jpeg/170x170bb.png], width = [224], height = [224]
08-04 19:17:34.534  3560  4382 D DBReader: getImageAuthentication() called with: imageUrl = [https://is5-ssl.mzstatic.com/image/thumb/Podcasts113/v4/fd/54/6e/fd546ea0-7ab2-e3f0-6049-884d82917af9/mza_4855349695799758348.jpeg/170x170bb.png]
08-04 19:17:34.535  3560  4381 D ApOkHttpUrlLoader: no credentials for 'https://is5-ssl.mzstatic.com/image/thumb/Podcasts114/v4/93/cf/99/93cf9960-fff3-205e-6655-72c03ddeccb2/mza_10545582232493904175.jpeg/170x170bb.png'
08-04 19:17:34.537  3560  4376 D ApOkHttpUrlLoader: buildLoadData() called with: model = [https://is2-ssl.mzstatic.com/image/thumb/Podcasts114/v4/b3/4c/cf/b34ccfc2-cea4-1ca1-0fad-7793af301cc5/mza_2466085192629456364.jpg/170x170bb.png], width = [224], height = [224]
08-04 19:17:34.539  3560  4375 D DBReader: getImageAuthentication() called with: imageUrl = [https://is2-ssl.mzstatic.com/image/thumb/Podcasts114/v4/b3/4c/cf/b34ccfc2-cea4-1ca1-0fad-7793af301cc5/mza_2466085192629456364.jpg/170x170bb.png]
08-04 19:17:34.542  3560  4384 D ApOkHttpUrlLoader: no credentials for 'https://is4-ssl.mzstatic.com/image/thumb/Podcasts124/v4/49/a4/91/49a491b7-3daf-c5dc-d7c6-6c4f1486955c/mza_5930014091766152297.png/170x170bb.png'
08-04 19:17:34.545  3560  4375 D ApOkHttpUrlLoader: no credentials for 'https://is2-ssl.mzstatic.com/image/thumb/Podcasts114/v4/b3/4c/cf/b34ccfc2-cea4-1ca1-0fad-7793af301cc5/mza_2466085192629456364.jpg/170x170bb.png'
08-04 19:17:34.548  3560  4382 D ApOkHttpUrlLoader: no credentials for 'https://is5-ssl.mzstatic.com/image/thumb/Podcasts113/v4/fd/54/6e/fd546ea0-7ab2-e3f0-6049-884d82917af9/mza_4855349695799758348.jpeg/170x170bb.png'
08-04 19:17:34.684  3560  3573 I art     : Starting a blocking GC Explicit
08-04 19:17:34.726  3560  3573 I art     : Explicit concurrent mark sweep GC freed 35242(1722KB) AllocSpace objects, 5(372KB) LOS objects, 37% free, 27MB/43MB, paused 2.121ms total 41.820ms
08-04 19:17:34.740  3560  3573 I art     : Starting a blocking GC Explicit
08-04 19:17:34.774  3560  3573 I art     : Explicit concurrent mark sweep GC freed 5412(363KB) AllocSpace objects, 0(0B) LOS objects, 37% free, 26MB/42MB, paused 1.566ms total 33.659ms
08-04 19:17:34.785  3560  3573 I art     : Starting a blocking GC Explicit
08-04 19:17:34.821  3560  4377 D MYTAG   : interceptor 2a
08-04 19:17:34.821  3560  3573 I art     : Explicit concurrent mark sweep GC freed 483(16KB) AllocSpace objects, 0(0B) LOS objects, 37% free, 26MB/42MB, paused 1.652ms total 35.921ms
08-04 19:17:34.821  3560  4377 I NAPPA_EXPERIMENTATION: MetricNetworkRequestExecutionTime: REQUEST_DURATION_SYSTEM='303',REQUEST_DURATION_OKHTTP='153',REQUEST_SYNCHRONOUS='TRUE',RESPONSE_CODE='200',RESPONSE_METHOD='GET',RESPONSE_LENGTH_OKHTTP='26177',RESPONSE_LENGTH_HEADER='26177',REQUEST_PROTOCOL='h2',REQUEST_URL='https://is4-ssl.mzstatic.com/image/thumb/Podcasts114/v4/3f/16/74/3f167426-bf50-ce3a-d709-e4301620fc5b/mza_5832671293059882550.jpeg/170x170bb.png',
08-04 19:17:34.833  3560  3573 I art     : Starting a blocking GC Explicit
08-04 19:17:34.863  3560  4383 D MYTAG   : interceptor 2a
08-04 19:17:34.863  3560  4383 I NAPPA_EXPERIMENTATION: MetricNetworkRequestExecutionTime: REQUEST_DURATION_SYSTEM='338',REQUEST_DURATION_OKHTTP='140',REQUEST_SYNCHRONOUS='TRUE',RESPONSE_CODE='200',RESPONSE_METHOD='GET',RESPONSE_LENGTH_OKHTTP='45995',RESPONSE_LENGTH_HEADER='45995',REQUEST_PROTOCOL='h2',REQUEST_URL='https://is4-ssl.mzstatic.com/image/thumb/Podcasts113/v4/e5/8a/10/e58a108f-f5d0-f622-c94a-13f66edd570c/mza_3025981348644196724.jpg/170x170bb.png',
08-04 19:17:34.870  3560  3573 I art     : Explicit concurrent mark sweep GC freed 684(47KB) AllocSpace objects, 0(0B) LOS objects, 37% free, 26MB/42MB, paused 1.677ms total 36.013ms
08-04 19:17:34.882  3560  3573 I art     : Starting a blocking GC Explicit
08-04 19:17:34.916  3560  3573 I art     : Explicit concurrent mark sweep GC freed 213(8KB) AllocSpace objects, 0(0B) LOS objects, 37% free, 27MB/43MB, paused 1.447ms total 34.153ms
08-04 19:17:34.924  3560  4379 D MYTAG   : interceptor 2a
08-04 19:17:34.925  3560  4379 I NAPPA_EXPERIMENTATION: MetricNetworkRequestExecutionTime: REQUEST_DURATION_SYSTEM='393',REQUEST_DURATION_OKHTTP='214',REQUEST_SYNCHRONOUS='TRUE',RESPONSE_CODE='200',RESPONSE_METHOD='GET',RESPONSE_LENGTH_OKHTTP='48239',RESPONSE_LENGTH_HEADER='48239',REQUEST_PROTOCOL='h2',REQUEST_URL='https://is2-ssl.mzstatic.com/image/thumb/Podcasts113/v4/a9/39/cc/a939ccc5-6d60-0c11-0a4c-16d71cdef89b/mza_8787577209688278658.jpg/170x170bb.png',
08-04 19:17:34.947  3560  4381 D MYTAG   : interceptor 2a
08-04 19:17:34.947  3560  4381 I NAPPA_EXPERIMENTATION: MetricNetworkRequestExecutionTime: REQUEST_DURATION_SYSTEM='411',REQUEST_DURATION_OKHTTP='225',REQUEST_SYNCHRONOUS='TRUE',RESPONSE_CODE='200',RESPONSE_METHOD='GET',RESPONSE_LENGTH_OKHTTP='22351',RESPONSE_LENGTH_HEADER='22351',REQUEST_PROTOCOL='h2',REQUEST_URL='https://is5-ssl.mzstatic.com/image/thumb/Podcasts114/v4/93/cf/99/93cf9960-fff3-205e-6655-72c03ddeccb2/mza_10545582232493904175.jpeg/170x170bb.png',
08-04 19:17:34.954  3560  4375 D MYTAG   : interceptor 2a
08-04 19:17:34.954  3560  4375 I NAPPA_EXPERIMENTATION: MetricNetworkRequestExecutionTime: REQUEST_DURATION_SYSTEM='408',REQUEST_DURATION_OKHTTP='216',REQUEST_SYNCHRONOUS='TRUE',RESPONSE_CODE='200',RESPONSE_METHOD='GET',RESPONSE_LENGTH_OKHTTP='42299',RESPONSE_LENGTH_HEADER='42299',REQUEST_PROTOCOL='h2',REQUEST_URL='https://is2-ssl.mzstatic.com/image/thumb/Podcasts114/v4/b3/4c/cf/b34ccfc2-cea4-1ca1-0fad-7793af301cc5/mza_2466085192629456364.jpg/170x170bb.png',
08-04 19:17:34.970  3560  4382 D MYTAG   : interceptor 2a
08-04 19:17:34.971  3560  4382 I NAPPA_EXPERIMENTATION: MetricNetworkRequestExecutionTime: REQUEST_DURATION_SYSTEM='422',REQUEST_DURATION_OKHTTP='236',REQUEST_SYNCHRONOUS='TRUE',RESPONSE_CODE='200',RESPONSE_METHOD='GET',RESPONSE_LENGTH_OKHTTP='54835',RESPONSE_LENGTH_HEADER='54835',REQUEST_PROTOCOL='h2',REQUEST_URL='https://is5-ssl.mzstatic.com/image/thumb/Podcasts113/v4/fd/54/6e/fd546ea0-7ab2-e3f0-6049-884d82917af9/mza_4855349695799758348.jpeg/170x170bb.png',
08-04 19:17:34.974  3560  4384 D MYTAG   : interceptor 2a
08-04 19:17:34.974  3560  4384 I NAPPA_EXPERIMENTATION: MetricNetworkRequestExecutionTime: REQUEST_DURATION_SYSTEM='432',REQUEST_DURATION_OKHTTP='247',REQUEST_SYNCHRONOUS='TRUE',RESPONSE_CODE='200',RESPONSE_METHOD='GET',RESPONSE_LENGTH_OKHTTP='12000',RESPONSE_LENGTH_HEADER='12000',REQUEST_PROTOCOL='h2',REQUEST_URL='https://is4-ssl.mzstatic.com/image/thumb/Podcasts124/v4/49/a4/91/49a491b7-3daf-c5dc-d7c6-6c4f1486955c/mza_5930014091766152297.png/170x170bb.png',
08-04 19:17:35.214  3560  3573 I art     : Starting a blocking GC Explicit
08-04 19:17:35.260  3560  3573 I art     : Explicit concurrent mark sweep GC freed 3664(224KB) AllocSpace objects, 1(20KB) LOS objects, 36% free, 28MB/44MB, paused 1.416ms total 44.676ms
08-04 19:17:35.273  3560  3573 I art     : Starting a blocking GC Explicit
08-04 19:17:35.309  3560  3573 I art     : Explicit concurrent mark sweep GC freed 49(2624B) AllocSpace objects, 0(0B) LOS objects, 36% free, 28MB/44MB, paused 1.304ms total 35.863ms
08-04 19:17:35.321  3560  3573 I art     : Starting a blocking GC Explicit
08-04 19:17:35.356  3560  3573 I art     : Explicit concurrent mark sweep GC freed 3(96B) AllocSpace objects, 0(0B) LOS objects, 36% free, 28MB/44MB, paused 1.265ms total 34.257ms
08-04 19:17:35.368  3560  3573 I art     : Starting a blocking GC Explicit
08-04 19:17:35.403  3560  3573 I art     : Explicit concurrent mark sweep GC freed 3(96B) AllocSpace objects, 0(0B) LOS objects, 36% free, 28MB/44MB, paused 1.285ms total 35.388ms
08-04 19:17:35.415  3560  3573 I art     : Starting a blocking GC Explicit
08-04 19:17:35.451  3560  3573 I art     : Explicit concurrent mark sweep GC freed 3(96B) AllocSpace objects, 0(0B) LOS objects, 36% free, 28MB/44MB, paused 1.236ms total 35.243ms
08-04 19:17:35.803  3560  3572 I art     : Starting a blocking GC Explicit
08-04 19:17:35.855  3560  3572 I art     : Explicit concurrent mark sweep GC freed 1401(81KB) AllocSpace objects, 1(20KB) LOS objects, 36% free, 28MB/44MB, paused 1.508ms total 51.420ms
08-04 19:17:35.870  3560  3572 I art     : Starting a blocking GC Explicit
08-04 19:17:35.910  3560  3572 I art     : Explicit concurrent mark sweep GC freed 23(752B) AllocSpace objects, 0(0B) LOS objects, 36% free, 28MB/44MB, paused 1.339ms total 39.385ms
08-04 19:17:35.922  3560  3572 I art     : Starting a blocking GC Explicit
08-04 19:17:35.961  3560  3572 I art     : Explicit concurrent mark sweep GC freed 3(96B) AllocSpace objects, 0(0B) LOS objects, 36% free, 28MB/44MB, paused 1.303ms total 38.060ms
08-04 19:17:35.973  3560  3572 I art     : Starting a blocking GC Explicit
08-04 19:17:36.012  3560  3572 I art     : Explicit concurrent mark sweep GC freed 3(96B) AllocSpace objects, 0(0B) LOS objects, 36% free, 28MB/44MB, paused 1.333ms total 38.716ms
08-04 19:17:36.024  3560  3572 I art     : Starting a blocking GC Explicit
08-04 19:17:36.061  3560  3572 I art     : Explicit concurrent mark sweep GC freed 3(96B) AllocSpace objects, 0(0B) LOS objects, 36% free, 28MB/44MB, paused 1.246ms total 36.605ms
08-04 19:17:36.400  3560  3582 I art     : Starting a blocking GC Explicit
08-04 19:17:36.435  3560  3582 I art     : Explicit concurrent mark sweep GC freed 1403(82KB) AllocSpace objects, 1(20KB) LOS objects, 36% free, 28MB/44MB, paused 1.307ms total 35.001ms
08-04 19:17:36.447  3560  3582 I art     : Starting a blocking GC Explicit
08-04 19:17:36.486  3560  3582 I art     : Explicit concurrent mark sweep GC freed 23(752B) AllocSpace objects, 0(0B) LOS objects, 36% free, 28MB/44MB, paused 1.330ms total 38.109ms
08-04 19:17:36.498  3560  3582 I art     : Starting a blocking GC Explicit
08-04 19:17:36.536  3560  3582 I art     : Explicit concurrent mark sweep GC freed 3(96B) AllocSpace objects, 0(0B) LOS objects, 36% free, 28MB/44MB, paused 1.232ms total 37.971ms
08-04 19:17:36.548  3560  3582 I art     : Starting a blocking GC Explicit
08-04 19:17:36.585  3560  3582 I art     : Explicit concurrent mark sweep GC freed 3(96B) AllocSpace objects, 0(0B) LOS objects, 36% free, 28MB/44MB, paused 1.302ms total 36.334ms
08-04 19:17:36.597  3560  3582 I art     : Starting a blocking GC Explicit
08-04 19:17:36.635  3560  3582 I art     : Explicit concurrent mark sweep GC freed 3(96B) AllocSpace objects, 0(0B) LOS objects, 36% free, 28MB/44MB, paused 1.326ms total 37.651ms
08-04 19:17:36.984  3560  3572 I art     : Starting a blocking GC Explicit
08-04 19:17:37.029  3560  3572 I art     : Explicit concurrent mark sweep GC freed 1403(83KB) AllocSpace objects, 1(20KB) LOS objects, 36% free, 28MB/44MB, paused 1.388ms total 44.613ms
08-04 19:17:37.042  3560  3572 I art     : Starting a blocking GC Explicit
08-04 19:17:37.081  3560  3572 I art     : Explicit concurrent mark sweep GC freed 23(752B) AllocSpace objects, 0(0B) LOS objects, 36% free, 28MB/44MB, paused 1.283ms total 38.487ms
08-04 19:17:37.094  3560  3572 I art     : Starting a blocking GC Explicit
08-04 19:17:37.132  3560  3572 I art     : Explicit concurrent mark sweep GC freed 3(96B) AllocSpace objects, 0(0B) LOS objects, 36% free, 28MB/44MB, paused 1.222ms total 38.235ms
08-04 19:17:37.144  3560  3572 I art     : Starting a blocking GC Explicit
08-04 19:17:37.183  3560  3572 I art     : Explicit concurrent mark sweep GC freed 3(96B) AllocSpace objects, 0(0B) LOS objects, 36% free, 28MB/44MB, paused 1.216ms total 38.613ms
08-04 19:17:37.196  3560  3572 I art     : Starting a blocking GC Explicit
08-04 19:17:37.235  3560  3572 I art     : Explicit concurrent mark sweep GC freed 3(96B) AllocSpace objects, 0(0B) LOS objects, 36% free, 28MB/44MB, paused 1.288ms total 38.758ms
08-04 19:17:37.580  3560  4182 I art     : Starting a blocking GC Explicit
08-04 19:17:37.625  3560  4182 I art     : Explicit concurrent mark sweep GC freed 1373(81KB) AllocSpace objects, 1(20KB) LOS objects, 36% free, 28MB/44MB, paused 1.317ms total 44.752ms
08-04 19:17:37.640  3560  4182 I art     : Starting a blocking GC Explicit
08-04 19:17:37.679  3560  4182 I art     : Explicit concurrent mark sweep GC freed 23(752B) AllocSpace objects, 0(0B) LOS objects, 36% free, 28MB/44MB, paused 1.358ms total 39.263ms
08-04 19:17:37.692  3560  4182 I art     : Starting a blocking GC Explicit
08-04 19:17:37.731  3560  4182 I art     : Explicit concurrent mark sweep GC freed 32(880B) AllocSpace objects, 0(0B) LOS objects, 36% free, 28MB/44MB, paused 1.319ms total 38.758ms
08-04 19:17:37.743  3560  4182 I art     : Starting a blocking GC Explicit
08-04 19:17:37.780  3560  4182 I art     : Explicit concurrent mark sweep GC freed 3(96B) AllocSpace objects, 0(0B) LOS objects, 36% free, 28MB/44MB, paused 1.333ms total 36.758ms
08-04 19:17:37.792  3560  4182 I art     : Starting a blocking GC Explicit
08-04 19:17:37.831  3560  4182 I art     : Explicit concurrent mark sweep GC freed 3(96B) AllocSpace objects, 0(0B) LOS objects, 36% free, 28MB/44MB, paused 1.310ms total 38.553ms
08-04 19:17:38.172  3560  3573 I art     : Starting a blocking GC Explicit
08-04 19:17:38.221  3560  3573 I art     : Explicit concurrent mark sweep GC freed 1373(81KB) AllocSpace objects, 1(20KB) LOS objects, 36% free, 28MB/44MB, paused 1.410ms total 48.869ms
08-04 19:17:38.236  3560  3573 I art     : Starting a blocking GC Explicit
08-04 19:17:38.273  3560  3573 I art     : Explicit concurrent mark sweep GC freed 23(752B) AllocSpace objects, 0(0B) LOS objects, 36% free, 28MB/44MB, paused 1.258ms total 36.374ms
08-04 19:17:38.285  3560  3573 I art     : Starting a blocking GC Explicit
08-04 19:17:38.320  3560  3573 I art     : Explicit concurrent mark sweep GC freed 3(96B) AllocSpace objects, 0(0B) LOS objects, 36% free, 28MB/44MB, paused 1.293ms total 34.473ms
08-04 19:17:38.320  3560  3571 I art     : WaitForGcToComplete blocked for 34.743ms for cause HeapTrim
08-04 19:17:38.332  3560  3573 I art     : Starting a blocking GC Explicit
08-04 19:17:38.366  3560  3573 I art     : Explicit concurrent mark sweep GC freed 3(96B) AllocSpace objects, 0(0B) LOS objects, 36% free, 28MB/44MB, paused 1.195ms total 33.796ms
08-04 19:17:38.378  3560  3573 I art     : Starting a blocking GC Explicit
08-04 19:17:38.416  3560  3573 I art     : Explicit concurrent mark sweep GC freed 3(96B) AllocSpace objects, 0(0B) LOS objects, 36% free, 28MB/44MB, paused 1.280ms total 37.639ms
08-04 19:17:38.766  3560  3582 I art     : Starting a blocking GC Explicit
08-04 19:17:38.819  3560  3582 I art     : Explicit concurrent mark sweep GC freed 1403(83KB) AllocSpace objects, 1(20KB) LOS objects, 36% free, 28MB/44MB, paused 1.602ms total 52.067ms
08-04 19:17:38.834  3560  3582 I art     : Starting a blocking GC Explicit
08-04 19:17:38.871  3560  3582 I art     : Explicit concurrent mark sweep GC freed 23(752B) AllocSpace objects, 0(0B) LOS objects, 36% free, 28MB/44MB, paused 1.303ms total 36.285ms
08-04 19:17:38.883  3560  3582 I art     : Starting a blocking GC Explicit
08-04 19:17:38.921  3560  3582 I art     : Explicit concurrent mark sweep GC freed 3(96B) AllocSpace objects, 0(0B) LOS objects, 36% free, 28MB/44MB, paused 1.306ms total 38.411ms
08-04 19:17:38.934  3560  3582 I art     : Starting a blocking GC Explicit
08-04 19:17:38.971  3560  3582 I art     : Explicit concurrent mark sweep GC freed 3(96B) AllocSpace objects, 0(0B) LOS objects, 36% free, 28MB/44MB, paused 1.239ms total 37.172ms
08-04 19:17:38.984  3560  3582 I art     : Starting a blocking GC Explicit
08-04 19:17:39.022  3560  3582 I art     : Explicit concurrent mark sweep GC freed 3(96B) AllocSpace objects, 0(0B) LOS objects, 36% free, 28MB/44MB, paused 1.298ms total 37.983ms
08-04 19:17:39.060   518   646 I ThermalEngine: ACTION: GPU - Setting GPU[0] to 510000000
08-04 19:17:39.361  3560  3572 I art     : Starting a blocking GC Explicit
08-04 19:17:39.398  3560  3572 I art     : Explicit concurrent mark sweep GC freed 1372(80KB) AllocSpace objects, 1(20KB) LOS objects, 36% free, 28MB/44MB, paused 1.204ms total 36.775ms
08-04 19:17:39.409  3560  3572 I art     : Starting a blocking GC Explicit
08-04 19:17:39.439  3560  3572 I art     : Explicit concurrent mark sweep GC freed 23(752B) AllocSpace objects, 0(0B) LOS objects, 36% free, 28MB/44MB, paused 994us total 28.932ms
08-04 19:17:39.448  3560  3572 I art     : Starting a blocking GC Explicit
08-04 19:17:39.477  3560  3572 I art     : Explicit concurrent mark sweep GC freed 3(96B) AllocSpace objects, 0(0B) LOS objects, 36% free, 28MB/44MB, paused 951us total 28.252ms
08-04 19:17:39.487  3560  3572 I art     : Starting a blocking GC Explicit
08-04 19:17:39.515  3560  3572 I art     : Explicit concurrent mark sweep GC freed 3(96B) AllocSpace objects, 0(0B) LOS objects, 36% free, 28MB/44MB, paused 949us total 27.665ms
08-04 19:17:39.524  3560  3572 I art     : Starting a blocking GC Explicit
08-04 19:17:39.552  3560  3572 I art     : Explicit concurrent mark sweep GC freed 3(96B) AllocSpace objects, 0(0B) LOS objects, 36% free, 28MB/44MB, paused 973us total 28.193ms
08-04 19:17:39.883  3560  4182 I art     : Starting a blocking GC Explicit
08-04 19:17:39.925  3560  4182 I art     : Explicit concurrent mark sweep GC freed 1401(81KB) AllocSpace objects, 1(20KB) LOS objects, 36% free, 28MB/44MB, paused 1.106ms total 41.928ms
08-04 19:17:39.938  3560  4182 I art     : Starting a blocking GC Explicit
08-04 19:17:39.966  3560  4182 I art     : Explicit concurrent mark sweep GC freed 23(752B) AllocSpace objects, 0(0B) LOS objects, 36% free, 28MB/44MB, paused 937us total 27.143ms
08-04 19:17:39.975  3560  4182 I art     : Starting a blocking GC Explicit
08-04 19:17:40.003  3560  4182 I art     : Explicit concurrent mark sweep GC freed 3(96B) AllocSpace objects, 0(0B) LOS objects, 36% free, 28MB/44MB, paused 956us total 28.005ms
08-04 19:17:40.013  3560  4182 I art     : Starting a blocking GC Explicit
08-04 19:17:40.041  3560  4182 I art     : Explicit concurrent mark sweep GC freed 3(96B) AllocSpace objects, 0(0B) LOS objects, 36% free, 28MB/44MB, paused 968us total 28.184ms
08-04 19:17:40.051  3560  4182 I art     : Starting a blocking GC Explicit
08-04 19:17:40.080  3560  4182 I art     : Explicit concurrent mark sweep GC freed 3(96B) AllocSpace objects, 0(0B) LOS objects, 36% free, 28MB/44MB, paused 928us total 28.866ms
08-04 19:17:40.354  3560  3573 I art     : Starting a blocking GC Explicit
08-04 19:17:40.383  3560  3573 I art     : Explicit concurrent mark sweep GC freed 1372(80KB) AllocSpace objects, 1(20KB) LOS objects, 36% free, 28MB/44MB, paused 986us total 28.292ms
08-04 19:17:40.392  3560  3573 I art     : Starting a blocking GC Explicit
08-04 19:17:40.420  3560  3573 I art     : Explicit concurrent mark sweep GC freed 23(752B) AllocSpace objects, 0(0B) LOS objects, 36% free, 28MB/44MB, paused 964us total 27.331ms
08-04 19:17:40.429  3560  3573 I art     : Starting a blocking GC Explicit
08-04 19:17:40.456  3560  3573 I art     : Explicit concurrent mark sweep GC freed 3(96B) AllocSpace objects, 0(0B) LOS objects, 36% free, 28MB/44MB, paused 937us total 26.584ms
08-04 19:17:40.465  3560  3573 I art     : Starting a blocking GC Explicit
08-04 19:17:40.493  3560  3573 I art     : Explicit concurrent mark sweep GC freed 3(96B) AllocSpace objects, 0(0B) LOS objects, 36% free, 28MB/44MB, paused 952us total 27.525ms
08-04 19:17:40.502  3560  3573 I art     : Starting a blocking GC Explicit
08-04 19:17:40.530  3560  3573 I art     : Explicit concurrent mark sweep GC freed 3(96B) AllocSpace objects, 0(0B) LOS objects, 36% free, 28MB/44MB, paused 957us total 27.291ms
08-04 19:17:40.614  5708  5708 D AndroidRuntime: >>>>>> START com.android.internal.os.RuntimeInit uid 2000 <<<<<<
08-04 19:17:40.619  5708  5708 D AndroidRuntime: CheckJNI is OFF
08-04 19:17:40.657  5708  5708 D ICU     : No timezone override file found: /data/misc/zoneinfo/current/icu/icu_tzdata.dat
08-04 19:17:40.696  5708  5708 I Radio-JNI: register_android_hardware_Radio DONE
08-04 19:17:40.718  5708  5708 D AndroidRuntime: Calling main entry com.android.commands.input.Input
08-04 19:17:40.720  5708  5708 I Input   : injectMotionEvent: MotionEvent { action=ACTION_DOWN, actionButton=0, id[0]=0, x[0]=616.0, y[0]=469.0, toolType[0]=TOOL_TYPE_UNKNOWN, buttonState=0, metaState=0, flags=0x0, edgeFlags=0x0, pointerCount=1, historySize=0, eventTime=731877133, downTime=731877133, deviceId=0, source=0x1002 }
08-04 19:17:40.725  5708  5708 I Input   : injectMotionEvent: MotionEvent { action=ACTION_UP, actionButton=0, id[0]=0, x[0]=616.0, y[0]=469.0, toolType[0]=TOOL_TYPE_UNKNOWN, buttonState=0, metaState=0, flags=0x0, edgeFlags=0x0, pointerCount=1, historySize=0, eventTime=731877133, downTime=731877133, deviceId=0, source=0x1002 }
08-04 19:17:40.727  5708  5708 D AndroidRuntime: Shutting down VM
08-04 19:17:40.793   512  2967 D audio_hw_primary: out_set_parameters: enter: usecase(1: low-latency-playback) kvpairs: routing=2
08-04 19:17:40.807   512  2967 D audio_hw_primary: select_devices: out_snd_device(2: speaker) in_snd_device(0: none)
08-04 19:17:40.807   512  2967 D msm8974_platform: platform_send_audio_calibration: sending audio calibration for snd_device(2) acdb_id(15)
08-04 19:17:40.807   512  2967 I soundtrigger: audio_extn_sound_trigger_update_device_status: device 0x2 of type 0 for Event 1
08-04 19:17:40.818   512  2967 D audio_hw_primary: enable_snd_device: snd_device(2: speaker)
08-04 19:17:40.821   512  2967 D audio_hw_primary: enable_audio_route: apply and update mixer path: low-latency-playback speaker
08-04 19:17:40.828  3560  4182 I art     : Starting a blocking GC Explicit
08-04 19:17:40.861  3560  4182 I art     : Explicit concurrent mark sweep GC freed 1628(90KB) AllocSpace objects, 1(20KB) LOS objects, 36% free, 28MB/44MB, paused 1.047ms total 32.400ms
08-04 19:17:40.870  3560  4182 I art     : Starting a blocking GC Explicit
08-04 19:17:40.896  3560  4182 I art     : Explicit concurrent mark sweep GC freed 43(1520B) AllocSpace objects, 0(0B) LOS objects, 36% free, 28MB/44MB, paused 978us total 25.515ms
08-04 19:17:40.904  3560  4182 I art     : Starting a blocking GC Explicit
08-04 19:17:40.931  3560  4182 I art     : Explicit concurrent mark sweep GC freed 13(480B) AllocSpace objects, 0(0B) LOS objects, 36% free, 28MB/44MB, paused 961us total 26.644ms
08-04 19:17:40.940  3560  4182 I art     : Starting a blocking GC Explicit
08-04 19:17:40.968  3560  4182 I art     : Explicit concurrent mark sweep GC freed 15(560B) AllocSpace objects, 0(0B) LOS objects, 36% free, 28MB/44MB, paused 1.699ms total 27.707ms
08-04 19:17:40.977  3560  4182 I art     : Starting a blocking GC Explicit
08-04 19:17:41.003  3560  4182 I art     : Explicit concurrent mark sweep GC freed 14(528B) AllocSpace objects, 0(0B) LOS objects, 36% free, 28MB/44MB, paused 979us total 25.531ms
08-04 19:17:41.019  3560  4170 I NAPPA_EXPERIMENTATION: MetricNetworkRequestExecutionTime: REQUEST_DURATION_SYSTEM='227',REQUEST_DURATION_OKHTTP='226',REQUEST_SYNCHRONOUS='TRUE',RESPONSE_CODE='200',RESPONSE_METHOD='GET',RESPONSE_LENGTH_OKHTTP='-1',RESPONSE_LENGTH_HEADER='628',REQUEST_PROTOCOL='h2',REQUEST_URL='https://itunes.apple.com/lookup?id=1524080195',
08-04 19:17:41.032   918  3714 I ActivityManager: START u0 {cmp=baseline.de.danoeh.antennapod.debug/baseline.de.danoeh.antennapod.activity.OnlineFeedViewActivity (has extras)} from uid 10670 on display 0
08-04 19:17:41.054 13866 13866 I GoogleInputMethodServic: GoogleInputMethodService.onFinishInput():3138 
08-04 19:17:41.054 13866 13866 I GoogleInputMethodServic: GoogleInputMethodService.onStartInput():1808 
08-04 19:17:41.077  3560  3560 D UserPreferences: Using default data folder
08-04 19:17:41.077  3560  3560 D OnlineFeedViewActivity: Activity was started with url https://rss.art19.com/nice-white-parents
08-04 19:17:41.079  3560  3560 D OnlineFeedViewActivity: Starting feed download
08-04 19:17:41.082  3560  3580 D DBReader: Extracting Feedlist
08-04 19:17:41.084   918  3714 D WifiService: acquireWifiLockLocked: WifiLock{Downloader type=1 binder=android.os.BinderProxy@31e1864}
08-04 19:17:41.084  3560  3580 D AntennapodHttpClient: Creating new instance of HTTP client
08-04 19:17:41.143 13866 13866 I GoogleInputMethodServic: GoogleInputMethodService.onFinishInput():3138 
08-04 19:17:41.144 13866 13866 I GoogleInputMethodServic: GoogleInputMethodService.onStartInput():1808 
08-04 19:17:41.170   918   936 I ActivityManager: Displayed baseline.de.danoeh.antennapod.debug/baseline.de.danoeh.antennapod.activity.OnlineFeedViewActivity: +116ms
08-04 19:17:41.252  3560  3573 I art     : Starting a blocking GC Explicit
08-04 19:17:41.279  3560  3573 I art     : Explicit concurrent mark sweep GC freed 7712(428KB) AllocSpace objects, 4(220KB) LOS objects, 35% free, 28MB/44MB, paused 1.078ms total 27.079ms
08-04 19:17:41.289  3560  3573 I art     : Starting a blocking GC Explicit
08-04 19:17:41.317  3560  3573 I art     : Explicit concurrent mark sweep GC freed 1299(132KB) AllocSpace objects, 0(0B) LOS objects, 35% free, 28MB/44MB, paused 1.032ms total 27.647ms
08-04 19:17:41.326  3560  3573 I art     : Starting a blocking GC Explicit
08-04 19:17:41.354  3560  3580 D MYTAG   : interceptor 3a https://rss.art19.com/nice-white-parents
08-04 19:17:41.354  3560  3580 I NAPPA_EXPERIMENTATION: MetricNetworkRequestExecutionTime: REQUEST_DURATION_SYSTEM='269',REQUEST_DURATION_OKHTTP='138',REQUEST_SYNCHRONOUS='TRUE',RESPONSE_CODE='200',RESPONSE_METHOD='GET',RESPONSE_LENGTH_OKHTTP='-1',RESPONSE_LENGTH_HEADER='1803',REQUEST_PROTOCOL='h2',REQUEST_URL='https://rss.art19.com/nice-white-parents',
08-04 19:17:41.354  3560  3580 D HttpDownloader: Response code is 200
08-04 19:17:41.354  3560  3580 D UserPreferences: Using default data folder
08-04 19:17:41.358  3560  3580 D HttpDownloader: Getting size of download
08-04 19:17:41.358  3560  3580 D HttpDownloader: Size is -1
08-04 19:17:41.358  3560  3580 D UserPreferences: Using default data folder
08-04 19:17:41.359  3560  3573 I art     : Explicit concurrent mark sweep GC freed 258(19KB) AllocSpace objects, 0(0B) LOS objects, 35% free, 28MB/44MB, paused 1.081ms total 32.507ms
08-04 19:17:41.359  3560  3580 D HttpDownloader: Free space is 20232884224
08-04 19:17:41.359  3560  3580 D HttpDownloader: Starting download
08-04 19:17:41.360   512  2967 D audio_hw_primary: disable_audio_route: reset and update mixer path: low-latency-playback speaker
08-04 19:17:41.362   512  2967 D audio_hw_primary: disable_snd_device: snd_device(2: speaker)
08-04 19:17:41.362  3560  3580 D HttpDownloader: Download was successful
08-04 19:17:41.363   918  3714 D WifiService: releaseWifiLockLocked: WifiLock{Downloader type=1 binder=android.os.BinderProxy@31e1864}
08-04 19:17:41.365  3560  3560 D OnlineFeedViewActivity: Parsing feed
08-04 19:17:41.371  3560  3573 I art     : Starting a blocking GC Explicit
08-04 19:17:41.373   512  2967 I soundtrigger: audio_extn_sound_trigger_update_device_status: device 0x2 of type 0 for Event 0
08-04 19:17:41.377  3560  5754 D TypeGetter: Recognized type RSS 2.0
08-04 19:17:41.381  3560  5754 D SyndHandler: Recognized ITunes namespace
08-04 19:17:41.381  3560  5754 D SyndHandler: Recognized Atom namespace
08-04 19:17:41.381  3560  5754 D SyndHandler: Recognized Content namespace
08-04 19:17:41.388  3560  5754 D OnlineFeedViewActivity: Deleted feed source file. Result: true
08-04 19:17:41.388  3560  3560 D OnlineFeedViewActivity: Removing HTML from shownotes
08-04 19:17:41.401  3560  3573 I art     : Explicit concurrent mark sweep GC freed 1062(199KB) AllocSpace objects, 3(108KB) LOS objects, 35% free, 28MB/44MB, paused 1.244ms total 29.288ms
08-04 19:17:41.411  3560  3573 I art     : Starting a blocking GC Explicit
08-04 19:17:41.415   380   380 W SurfaceFlinger: couldn't log to binary event log: overflow.
08-04 19:17:41.438  3560  3573 I art     : Explicit concurrent mark sweep GC freed 942(74KB) AllocSpace objects, 1(20KB) LOS objects, 35% free, 28MB/44MB, paused 990us total 27.761ms
08-04 19:17:41.522  3560  3560 D PlaybackController: Releasing PlaybackController
08-04 19:17:41.744  3560  3582 I art     : Starting a blocking GC Explicit
08-04 19:17:41.787  3560  3582 I art     : Explicit concurrent mark sweep GC freed 2126(117KB) AllocSpace objects, 2(132KB) LOS objects, 35% free, 28MB/44MB, paused 1.125ms total 41.909ms
08-04 19:17:41.800  3560  3582 I art     : Starting a blocking GC Explicit
08-04 19:17:41.831  3560  3582 I art     : Explicit concurrent mark sweep GC freed 39(1296B) AllocSpace objects, 0(0B) LOS objects, 35% free, 28MB/44MB, paused 1.039ms total 30.570ms
08-04 19:17:41.841  3560  3582 I art     : Starting a blocking GC Explicit
08-04 19:17:41.871  3560  3582 I art     : Explicit concurrent mark sweep GC freed 3(96B) AllocSpace objects, 0(0B) LOS objects, 35% free, 28MB/44MB, paused 1.047ms total 30.593ms
08-04 19:17:41.881  3560  3582 I art     : Starting a blocking GC Explicit
08-04 19:17:41.912  3560  3582 I art     : Explicit concurrent mark sweep GC freed 3(96B) AllocSpace objects, 0(0B) LOS objects, 35% free, 28MB/44MB, paused 1.024ms total 30.612ms
08-04 19:17:41.922  3560  3582 I art     : Starting a blocking GC Explicit
08-04 19:17:41.953  3560  3582 I art     : Explicit concurrent mark sweep GC freed 3(96B) AllocSpace objects, 0(0B) LOS objects, 35% free, 28MB/44MB, paused 1.034ms total 30.423ms
08-04 19:17:42.070   518   646 I ThermalEngine: ACTION: GPU - Setting GPU[0] to 450000000
08-04 19:17:42.266  3560  4182 I art     : Starting a blocking GC Explicit
08-04 19:17:42.315  3560  4182 I art     : Explicit concurrent mark sweep GC freed 1372(80KB) AllocSpace objects, 1(20KB) LOS objects, 35% free, 28MB/44MB, paused 1.480ms total 47.816ms
08-04 19:17:42.330  3560  4182 I art     : Starting a blocking GC Explicit
08-04 19:17:42.372  3560  4182 I art     : Explicit concurrent mark sweep GC freed 23(752B) AllocSpace objects, 0(0B) LOS objects, 35% free, 28MB/44MB, paused 1.294ms total 42.132ms
08-04 19:17:42.385  3560  4182 I art     : Starting a blocking GC Explicit
08-04 19:17:42.424  3560  4182 I art     : Explicit concurrent mark sweep GC freed 3(96B) AllocSpace objects, 0(0B) LOS objects, 35% free, 28MB/44MB, paused 1.380ms total 38.690ms
08-04 19:17:42.437  3560  4182 I art     : Starting a blocking GC Explicit
08-04 19:17:42.477  3560  4182 I art     : Explicit concurrent mark sweep GC freed 3(96B) AllocSpace objects, 0(0B) LOS objects, 35% free, 28MB/44MB, paused 1.400ms total 39.638ms
08-04 19:17:42.490  3560  4182 I art     : Starting a blocking GC Explicit
08-04 19:17:42.530  3560  4182 I art     : Explicit concurrent mark sweep GC freed 3(96B) AllocSpace objects, 0(0B) LOS objects, 35% free, 28MB/44MB, paused 1.413ms total 40.021ms
08-04 19:17:42.878  3560  3573 I art     : Starting a blocking GC Explicit
08-04 19:17:42.927  3560  3573 I art     : Explicit concurrent mark sweep GC freed 1401(81KB) AllocSpace objects, 1(20KB) LOS objects, 35% free, 28MB/44MB, paused 1.457ms total 48.297ms
08-04 19:17:42.942  3560  3573 I art     : Starting a blocking GC Explicit
08-04 19:17:42.981  3560  3573 I art     : Explicit concurrent mark sweep GC freed 23(752B) AllocSpace objects, 0(0B) LOS objects, 35% free, 28MB/44MB, paused 1.394ms total 38.820ms
08-04 19:17:42.994  3560  3573 I art     : Starting a blocking GC Explicit
08-04 19:17:43.034  3560  3573 I art     : Explicit concurrent mark sweep GC freed 6(192B) AllocSpace objects, 0(0B) LOS objects, 35% free, 28MB/44MB, paused 1.445ms total 39.955ms
08-04 19:17:43.047  3560  3573 I art     : Starting a blocking GC Explicit
08-04 19:17:43.084  3560  3573 I art     : Explicit concurrent mark sweep GC freed 9(288B) AllocSpace objects, 0(0B) LOS objects, 35% free, 28MB/44MB, paused 1.275ms total 36.875ms
08-04 19:17:43.097  3560  3573 I art     : Starting a blocking GC Explicit
08-04 19:17:43.134  3560  3573 I art     : Explicit concurrent mark sweep GC freed 9(288B) AllocSpace objects, 0(0B) LOS objects, 35% free, 28MB/44MB, paused 1.286ms total 37.308ms
08-04 19:17:43.480  3560  3572 I art     : Starting a blocking GC Explicit
08-04 19:17:43.529  3560  3572 I art     : Explicit concurrent mark sweep GC freed 1387(81KB) AllocSpace objects, 1(20KB) LOS objects, 35% free, 28MB/44MB, paused 1.590ms total 49.113ms
08-04 19:17:43.545  3560  3572 I art     : Starting a blocking GC Explicit
08-04 19:17:43.590  3560  3572 I art     : Explicit concurrent mark sweep GC freed 23(752B) AllocSpace objects, 0(0B) LOS objects, 35% free, 28MB/44MB, paused 1.376ms total 44.527ms
08-04 19:17:43.602  3560  3572 I art     : Starting a blocking GC Explicit
08-04 19:17:43.644  3560  3572 I art     : Explicit concurrent mark sweep GC freed 3(96B) AllocSpace objects, 0(0B) LOS objects, 35% free, 28MB/44MB, paused 1.344ms total 40.977ms
08-04 19:17:43.656  3560  3572 I art     : Starting a blocking GC Explicit
08-04 19:17:43.695  3560  3572 I art     : Explicit concurrent mark sweep GC freed 32(880B) AllocSpace objects, 0(0B) LOS objects, 35% free, 28MB/44MB, paused 1.369ms total 38.091ms
08-04 19:17:43.707  3560  3572 I art     : Starting a blocking GC Explicit
08-04 19:17:43.749  3560  3572 I art     : Explicit concurrent mark sweep GC freed 3(96B) AllocSpace objects, 0(0B) LOS objects, 35% free, 28MB/44MB, paused 1.465ms total 41.114ms
08-04 19:17:44.092  3560  3582 I art     : Starting a blocking GC Explicit
08-04 19:17:44.145  3560  3582 I art     : Explicit concurrent mark sweep GC freed 1372(80KB) AllocSpace objects, 1(20KB) LOS objects, 35% free, 28MB/44MB, paused 1.573ms total 53.141ms
08-04 19:17:44.162  3560  3582 I art     : Starting a blocking GC Explicit
08-04 19:17:44.200  3560  3582 I art     : Explicit concurrent mark sweep GC freed 23(752B) AllocSpace objects, 0(0B) LOS objects, 35% free, 28MB/44MB, paused 1.408ms total 38.432ms
08-04 19:17:44.213  3560  3582 I art     : Starting a blocking GC Explicit
08-04 19:17:44.254  3560  3582 I art     : Explicit concurrent mark sweep GC freed 3(96B) AllocSpace objects, 0(0B) LOS objects, 35% free, 28MB/44MB, paused 1.386ms total 40.854ms
08-04 19:17:44.267  3560  3582 I art     : Starting a blocking GC Explicit
08-04 19:17:44.305  3560  3582 I art     : Explicit concurrent mark sweep GC freed 3(96B) AllocSpace objects, 0(0B) LOS objects, 35% free, 28MB/44MB, paused 1.384ms total 38.244ms
08-04 19:17:44.318  3560  3582 I art     : Starting a blocking GC Explicit
08-04 19:17:44.359  3560  3582 I art     : Explicit concurrent mark sweep GC freed 3(96B) AllocSpace objects, 0(0B) LOS objects, 35% free, 28MB/44MB, paused 1.449ms total 40.326ms
08-04 19:17:44.728  3560  4182 I art     : Starting a blocking GC Explicit
08-04 19:17:44.781  3560  4182 I art     : Explicit concurrent mark sweep GC freed 1401(81KB) AllocSpace objects, 1(20KB) LOS objects, 35% free, 28MB/44MB, paused 1.378ms total 52.505ms
08-04 19:17:44.798  3560  4182 I art     : Starting a blocking GC Explicit
08-04 19:17:44.839  3560  4182 I art     : Explicit concurrent mark sweep GC freed 23(752B) AllocSpace objects, 0(0B) LOS objects, 35% free, 28MB/44MB, paused 1.553ms total 40.838ms
08-04 19:17:44.854  3560  4182 I art     : Starting a blocking GC Explicit
08-04 19:17:44.894  3560  4182 I art     : Explicit concurrent mark sweep GC freed 3(96B) AllocSpace objects, 0(0B) LOS objects, 35% free, 28MB/44MB, paused 1.386ms total 39.467ms
08-04 19:17:44.907  3560  4182 I art     : Starting a blocking GC Explicit
08-04 19:17:44.948  3560  4182 I art     : Explicit concurrent mark sweep GC freed 3(96B) AllocSpace objects, 0(0B) LOS objects, 35% free, 28MB/44MB, paused 1.475ms total 40.561ms
08-04 19:17:44.960  3560  4182 I art     : Starting a blocking GC Explicit
08-04 19:17:44.998  3560  4182 I art     : Explicit concurrent mark sweep GC freed 3(96B) AllocSpace objects, 0(0B) LOS objects, 35% free, 28MB/44MB, paused 1.409ms total 36.892ms
08-04 19:17:45.072   518   646 I ThermalEngine: ACTION: GPU - Setting GPU[0] to 510000000
08-04 19:17:45.301  3560  3573 I art     : Starting a blocking GC Explicit
08-04 19:17:45.338  3560  3573 I art     : Explicit concurrent mark sweep GC freed 1373(82KB) AllocSpace objects, 1(20KB) LOS objects, 35% free, 28MB/44MB, paused 1.246ms total 36.860ms
08-04 19:17:45.350  3560  3573 I art     : Starting a blocking GC Explicit
08-04 19:17:45.380  3560  3573 I art     : Explicit concurrent mark sweep GC freed 23(752B) AllocSpace objects, 0(0B) LOS objects, 35% free, 28MB/44MB, paused 1.051ms total 29.562ms
08-04 19:17:45.390  3560  3573 I art     : Starting a blocking GC Explicit
08-04 19:17:45.419  3560  3573 I art     : Explicit concurrent mark sweep GC freed 3(96B) AllocSpace objects, 0(0B) LOS objects, 35% free, 28MB/44MB, paused 1.041ms total 28.480ms
08-04 19:17:45.428  3560  3573 I art     : Starting a blocking GC Explicit
08-04 19:17:45.435  5816  5816 D AndroidRuntime: >>>>>> START com.android.internal.os.RuntimeInit uid 2000 <<<<<<
08-04 19:17:45.440  5816  5816 D AndroidRuntime: CheckJNI is OFF
08-04 19:17:45.457  3560  3573 I art     : Explicit concurrent mark sweep GC freed 3(96B) AllocSpace objects, 0(0B) LOS objects, 35% free, 28MB/44MB, paused 1.065ms total 28.746ms
08-04 19:17:45.466  3560  3573 I art     : Starting a blocking GC Explicit
08-04 19:17:45.477  5816  5816 D ICU     : No timezone override file found: /data/misc/zoneinfo/current/icu/icu_tzdata.dat
08-04 19:17:45.495  3560  3573 I art     : Explicit concurrent mark sweep GC freed 3(96B) AllocSpace objects, 0(0B) LOS objects, 35% free, 28MB/44MB, paused 1.035ms total 28.107ms
08-04 19:17:45.512  5816  5816 I Radio-JNI: register_android_hardware_Radio DONE
08-04 19:17:45.534  5816  5816 D AndroidRuntime: Calling main entry com.android.commands.input.Input
08-04 19:17:45.535  5816  5816 I Input   : injectKeyEvent: KeyEvent { action=ACTION_DOWN, keyCode=KEYCODE_BACK, scanCode=0, metaState=0, flags=0x0, repeatCount=0, eventTime=731881948, downTime=731881948, deviceId=-1, source=0x101 }
08-04 19:17:45.541  5816  5816 I Input   : injectKeyEvent: KeyEvent { action=ACTION_UP, keyCode=KEYCODE_BACK, scanCode=0, metaState=0, flags=0x0, repeatCount=0, eventTime=731881948, downTime=731881948, deviceId=-1, source=0x101 }
08-04 19:17:45.547  5816  5816 D AndroidRuntime: Shutting down VM
08-04 19:17:45.551  3560  3560 V PlaybackController: initServiceNotRunning()
08-04 19:17:45.551  3560  3560 D ExternalPlayerFragment: Loading media info
08-04 19:17:45.555  3560  3560 D UserPreferences: Using default data folder
08-04 19:17:45.556  3560  3580 D DBReader: getNavDrawerData() called with: 
08-04 19:17:45.565  3560  3580 D DBReader: getDownloadedItems() called
08-04 19:17:45.566  3560  3580 D DBReader: getFavoriteIDList() called
08-04 19:17:45.566  3560  3580 D DBReader: getQueueIDList() called
08-04 19:17:45.567  3560  3580 D DBReader: Extracting Feedlist
08-04 19:17:45.581 13866 13866 I GoogleInputMethodServic: GoogleInputMethodService.onFinishInput():3138 
08-04 19:17:45.581  3560  3560 D MainActivity: getLastNavFragment() -> AddFeedFragment
08-04 19:17:45.582 13866 13866 I GoogleInputMethodServic: GoogleInputMethodService.onStartInput():1808 
08-04 19:17:45.752  3560  4182 I art     : Starting a blocking GC Explicit
08-04 19:17:45.790  3560  4182 I art     : Explicit concurrent mark sweep GC freed 2513(154KB) AllocSpace objects, 1(20KB) LOS objects, 35% free, 28MB/44MB, paused 984us total 38.119ms
08-04 19:17:45.803  3560  4182 I art     : Starting a blocking GC Explicit
08-04 19:17:45.838  3560  4182 I art     : Explicit concurrent mark sweep GC freed 449(23KB) AllocSpace objects, 0(0B) LOS objects, 35% free, 28MB/44MB, paused 952us total 34.714ms
08-04 19:17:45.852  3560  4182 I art     : Starting a blocking GC Explicit
08-04 19:17:45.889  3560  4182 I art     : Explicit concurrent mark sweep GC freed 3(96B) AllocSpace objects, 0(0B) LOS objects, 35% free, 28MB/44MB, paused 1.302ms total 36.344ms
08-04 19:17:45.900  3560  4182 I art     : Starting a blocking GC Explicit
08-04 19:17:45.903   380   380 W SurfaceFlinger: couldn't log to binary event log: overflow.
08-04 19:17:45.928  3560  4182 I art     : Explicit concurrent mark sweep GC freed 599(25KB) AllocSpace objects, 0(0B) LOS objects, 35% free, 28MB/44MB, paused 1.037ms total 28.020ms
08-04 19:17:45.937  3560  4182 I art     : Starting a blocking GC Explicit
08-04 19:17:45.962  3560  4182 I art     : Explicit concurrent mark sweep GC freed 2438(152KB) AllocSpace objects, 1(28KB) LOS objects, 36% free, 28MB/44MB, paused 965us total 25.334ms
08-04 19:17:46.247  3560  3572 I art     : Starting a blocking GC Explicit
08-04 19:17:46.290  3560  3572 I art     : Explicit concurrent mark sweep GC freed 1373(80KB) AllocSpace objects, 1(20KB) LOS objects, 36% free, 28MB/44MB, paused 1.371ms total 42.660ms
08-04 19:17:46.304  3560  3572 I art     : Starting a blocking GC Explicit
08-04 19:17:46.333  3560  3572 I art     : Explicit concurrent mark sweep GC freed 25(832B) AllocSpace objects, 0(0B) LOS objects, 36% free, 28MB/44MB, paused 1.052ms total 28.255ms
08-04 19:17:46.343  3560  3572 I art     : Starting a blocking GC Explicit
08-04 19:17:46.372  3560  3572 I art     : Explicit concurrent mark sweep GC freed 3(96B) AllocSpace objects, 0(0B) LOS objects, 36% free, 28MB/44MB, paused 1.044ms total 28.695ms
08-04 19:17:46.381  3560  3572 I art     : Starting a blocking GC Explicit
08-04 19:17:46.383   918  3261 D WifiStateMachine: starting scan for "H369AA63323"WPA_PSK with 2412,5180
08-04 19:17:46.410  3560  3572 I art     : Explicit concurrent mark sweep GC freed 3(96B) AllocSpace objects, 0(0B) LOS objects, 36% free, 28MB/44MB, paused 1.032ms total 28.980ms
08-04 19:17:46.420  3560  3572 I art     : Starting a blocking GC Explicit
08-04 19:17:46.450  3560  3572 I art     : Explicit concurrent mark sweep GC freed 3(96B) AllocSpace objects, 0(0B) LOS objects, 36% free, 28MB/44MB, paused 1.143ms total 29.748ms
08-04 19:17:46.762  3560  3573 I art     : Starting a blocking GC Explicit
08-04 19:17:46.802  3560  3573 I art     : Explicit concurrent mark sweep GC freed 1403(83KB) AllocSpace objects, 1(20KB) LOS objects, 36% free, 28MB/44MB, paused 927us total 40.097ms
08-04 19:17:46.812  3560  3573 I art     : Starting a blocking GC Explicit
08-04 19:17:46.839  3560  3573 I art     : Explicit concurrent mark sweep GC freed 23(752B) AllocSpace objects, 0(0B) LOS objects, 36% free, 28MB/44MB, paused 1.054ms total 27.125ms
08-04 19:17:46.849  3560  3573 I art     : Starting a blocking GC Explicit
08-04 19:17:46.875  3560  3573 I art     : Explicit concurrent mark sweep GC freed 3(96B) AllocSpace objects, 0(0B) LOS objects, 36% free, 28MB/44MB, paused 993us total 26.643ms
08-04 19:17:46.885  3560  3573 I art     : Starting a blocking GC Explicit
08-04 19:17:46.912  3560  3573 I art     : Explicit concurrent mark sweep GC freed 3(96B) AllocSpace objects, 0(0B) LOS objects, 36% free, 28MB/44MB, paused 1ms total 27.401ms
08-04 19:17:46.922  3560  3573 I art     : Starting a blocking GC Explicit
08-04 19:17:46.949  3560  3573 I art     : Explicit concurrent mark sweep GC freed 3(96B) AllocSpace objects, 0(0B) LOS objects, 36% free, 28MB/44MB, paused 1.005ms total 27.543ms
08-04 19:17:47.079   518   646 I ThermalEngine: ACTION: GPU - Setting GPU[0] to 450000000
08-04 19:17:47.255  5870  5870 D AndroidRuntime: >>>>>> START com.android.internal.os.RuntimeInit uid 2000 <<<<<<
08-04 19:17:47.262  5870  5870 D AndroidRuntime: CheckJNI is OFF
08-04 19:17:47.262  3560  5849 I art     : Starting a blocking GC Explicit
08-04 19:17:47.303  3560  5849 I art     : Explicit concurrent mark sweep GC freed 1387(81KB) AllocSpace objects, 1(20KB) LOS objects, 36% free, 28MB/44MB, paused 1.630ms total 40.370ms
08-04 19:17:47.312  5870  5870 D ICU     : No timezone override file found: /data/misc/zoneinfo/current/icu/icu_tzdata.dat
08-04 19:17:47.315  3560  5849 I art     : Starting a blocking GC Explicit
08-04 19:17:47.351  3560  5849 I art     : Explicit concurrent mark sweep GC freed 29(944B) AllocSpace objects, 0(0B) LOS objects, 36% free, 28MB/44MB, paused 1.360ms total 35.540ms
08-04 19:17:47.359  5870  5870 I Radio-JNI: register_android_hardware_Radio DONE
08-04 19:17:47.362  3560  5849 I art     : Starting a blocking GC Explicit
08-04 19:17:47.388  5870  5870 D AndroidRuntime: Calling main entry com.android.commands.input.Input
08-04 19:17:47.391  5870  5870 I Input   : injectKeyEvent: KeyEvent { action=ACTION_DOWN, keyCode=KEYCODE_BACK, scanCode=0, metaState=0, flags=0x0, repeatCount=0, eventTime=731883804, downTime=731883804, deviceId=-1, source=0x101 }
08-04 19:17:47.395  3560  5849 I art     : Explicit concurrent mark sweep GC freed 9(288B) AllocSpace objects, 0(0B) LOS objects, 36% free, 28MB/44MB, paused 1.277ms total 32.708ms
08-04 19:17:47.399  5870  5870 I Input   : injectKeyEvent: KeyEvent { action=ACTION_UP, keyCode=KEYCODE_BACK, scanCode=0, metaState=0, flags=0x0, repeatCount=0, eventTime=731883804, downTime=731883804, deviceId=-1, source=0x101 }
08-04 19:17:47.407  3560  5849 I art     : Starting a blocking GC Explicit
08-04 19:17:47.414 13866 13866 I GoogleInputMethodServic: GoogleInputMethodService.onFinishInput():3138 
08-04 19:17:47.414 13866 13866 I GoogleInputMethodServic: GoogleInputMethodService.onStartInput():1808 
08-04 19:17:47.420  5870  5870 D AndroidRuntime: Shutting down VM
08-04 19:17:47.441  3560  5849 I art     : Explicit concurrent mark sweep GC freed 1118(45KB) AllocSpace objects, 0(0B) LOS objects, 35% free, 28MB/44MB, paused 1.618ms total 33.512ms
08-04 19:17:47.452  3560  5849 I art     : Starting a blocking GC Explicit
08-04 19:17:47.486  3560  5849 I art     : Explicit concurrent mark sweep GC freed 200(13KB) AllocSpace objects, 0(0B) LOS objects, 36% free, 28MB/44MB, paused 1.302ms total 33.364ms
08-04 19:17:47.784  3560  4182 I art     : Starting a blocking GC Explicit
08-04 19:17:47.831  3560  4182 I art     : Explicit concurrent mark sweep GC freed 3906(247KB) AllocSpace objects, 10(1560KB) LOS objects, 37% free, 26MB/42MB, paused 1.634ms total 46.903ms
08-04 19:17:47.845  3560  4182 I art     : Starting a blocking GC Explicit
08-04 19:17:47.881  3560  4182 I art     : Explicit concurrent mark sweep GC freed 23(752B) AllocSpace objects, 0(0B) LOS objects, 37% free, 26MB/42MB, paused 1.361ms total 35.731ms
08-04 19:17:47.893  3560  4182 I art     : Starting a blocking GC Explicit
08-04 19:17:47.930  3560  4182 I art     : Explicit concurrent mark sweep GC freed 3(96B) AllocSpace objects, 0(0B) LOS objects, 37% free, 26MB/42MB, paused 1.355ms total 35.669ms
08-04 19:17:47.942  3560  4182 I art     : Starting a blocking GC Explicit
08-04 19:17:47.978  3560  4182 I art     : Explicit concurrent mark sweep GC freed 3(96B) AllocSpace objects, 0(0B) LOS objects, 37% free, 26MB/42MB, paused 1.426ms total 35.879ms
08-04 19:17:47.990  3560  4182 I art     : Starting a blocking GC Explicit
08-04 19:17:48.026  3560  4182 I art     : Explicit concurrent mark sweep GC freed 3(96B) AllocSpace objects, 0(0B) LOS objects, 37% free, 26MB/42MB, paused 1.352ms total 35.687ms
08-04 19:17:48.340  3560  3582 I art     : Starting a blocking GC Explicit
08-04 19:17:48.389  3560  3582 I art     : Explicit concurrent mark sweep GC freed 1372(81KB) AllocSpace objects, 1(20KB) LOS objects, 37% free, 26MB/42MB, paused 1.667ms total 48.984ms
08-04 19:17:48.407  3560  3582 I art     : Starting a blocking GC Explicit
08-04 19:17:48.443  3560  3582 I art     : Explicit concurrent mark sweep GC freed 23(752B) AllocSpace objects, 0(0B) LOS objects, 37% free, 26MB/42MB, paused 1.344ms total 35.685ms
08-04 19:17:48.455  3560  3582 I art     : Starting a blocking GC Explicit
08-04 19:17:48.491  3560  3582 I art     : Explicit concurrent mark sweep GC freed 3(96B) AllocSpace objects, 0(0B) LOS objects, 37% free, 26MB/42MB, paused 1.347ms total 35.780ms
08-04 19:17:48.503  3560  3582 I art     : Starting a blocking GC Explicit
08-04 19:17:48.538  3560  3582 I art     : Explicit concurrent mark sweep GC freed 3(96B) AllocSpace objects, 0(0B) LOS objects, 37% free, 26MB/42MB, paused 1.435ms total 34.844ms
08-04 19:17:48.538  3560  3571 I art     : WaitForGcToComplete blocked for 8.286ms for cause HeapTrim
08-04 19:17:48.550  3560  3582 I art     : Starting a blocking GC Explicit
08-04 19:17:48.586  3560  3582 I art     : Explicit concurrent mark sweep GC freed 3(96B) AllocSpace objects, 0(0B) LOS objects, 37% free, 26MB/42MB, paused 1.333ms total 35.391ms
08-04 19:17:48.882  3560  3572 I art     : Starting a blocking GC Explicit
08-04 19:17:48.924  3560  3572 I art     : Explicit concurrent mark sweep GC freed 1402(82KB) AllocSpace objects, 1(20KB) LOS objects, 37% free, 26MB/42MB, paused 1.457ms total 41.279ms
08-04 19:17:48.938  3560  3572 I art     : Starting a blocking GC Explicit
08-04 19:17:48.974  3560  3572 I art     : Explicit concurrent mark sweep GC freed 23(752B) AllocSpace objects, 0(0B) LOS objects, 37% free, 26MB/42MB, paused 1.369ms total 35.818ms
08-04 19:17:48.986  3560  3572 I art     : Starting a blocking GC Explicit
08-04 19:17:49.022  3560  3572 I art     : Explicit concurrent mark sweep GC freed 3(96B) AllocSpace objects, 0(0B) LOS objects, 37% free, 26MB/42MB, paused 1.552ms total 35.642ms
08-04 19:17:49.034  3560  3572 I art     : Starting a blocking GC Explicit
08-04 19:17:49.071  3560  3572 I art     : Explicit concurrent mark sweep GC freed 6(192B) AllocSpace objects, 0(0B) LOS objects, 37% free, 26MB/42MB, paused 1.487ms total 36.896ms
08-04 19:17:49.083  3560  3572 I art     : Starting a blocking GC Explicit
08-04 19:17:49.119  3560  3572 I art     : Explicit concurrent mark sweep GC freed 9(288B) AllocSpace objects, 0(0B) LOS objects, 37% free, 26MB/42MB, paused 1.441ms total 35.677ms
08-04 19:17:49.205  5915  5915 D AndroidRuntime: >>>>>> START com.android.internal.os.RuntimeInit uid 2000 <<<<<<
08-04 19:17:49.211  5915  5915 D AndroidRuntime: CheckJNI is OFF
08-04 19:17:49.252  5915  5915 D ICU     : No timezone override file found: /data/misc/zoneinfo/current/icu/icu_tzdata.dat
08-04 19:17:49.294  5915  5915 I Radio-JNI: register_android_hardware_Radio DONE
08-04 19:17:49.323  5915  5915 D AndroidRuntime: Calling main entry com.android.commands.input.Input
08-04 19:17:49.325  5915  5915 I Input   : injectMotionEvent: MotionEvent { action=ACTION_DOWN, actionButton=0, id[0]=0, x[0]=103.0, y[0]=192.0, toolType[0]=TOOL_TYPE_UNKNOWN, buttonState=0, metaState=0, flags=0x0, edgeFlags=0x0, pointerCount=1, historySize=0, eventTime=731885738, downTime=731885738, deviceId=0, source=0x1002 }
08-04 19:17:49.330  5915  5915 I Input   : injectMotionEvent: MotionEvent { action=ACTION_UP, actionButton=0, id[0]=0, x[0]=103.0, y[0]=192.0, toolType[0]=TOOL_TYPE_UNKNOWN, buttonState=0, metaState=0, flags=0x0, edgeFlags=0x0, pointerCount=1, historySize=0, eventTime=731885738, downTime=731885738, deviceId=0, source=0x1002 }
08-04 19:17:49.332  5915  5915 D AndroidRuntime: Shutting down VM
08-04 19:17:49.344   512  2967 D audio_hw_primary: out_set_parameters: enter: usecase(1: low-latency-playback) kvpairs: routing=2
08-04 19:17:49.357   512  2967 D audio_hw_primary: select_devices: out_snd_device(2: speaker) in_snd_device(0: none)
08-04 19:17:49.357   512  2967 D msm8974_platform: platform_send_audio_calibration: sending audio calibration for snd_device(2) acdb_id(15)
08-04 19:17:49.357   512  2967 I soundtrigger: audio_extn_sound_trigger_update_device_status: device 0x2 of type 0 for Event 1
08-04 19:17:49.371   512  2967 D audio_hw_primary: enable_snd_device: snd_device(2: speaker)
08-04 19:17:49.374   512  2967 D audio_hw_primary: enable_audio_route: apply and update mixer path: low-latency-playback speaker
08-04 19:17:49.382 13866 13866 I GoogleInputMethodServic: GoogleInputMethodService.onFinishInput():3138 
08-04 19:17:49.383 13866 13866 I GoogleInputMethodServic: GoogleInputMethodService.onStartInput():1808 
08-04 19:17:49.454  3560  3582 I art     : Starting a blocking GC Explicit
08-04 19:17:49.492  3560  3582 I art     : Explicit concurrent mark sweep GC freed 1993(111KB) AllocSpace objects, 1(20KB) LOS objects, 37% free, 26MB/42MB, paused 1.317ms total 37.767ms
08-04 19:17:49.506  3560  3582 I art     : Starting a blocking GC Explicit
08-04 19:17:49.538  3560  3582 I art     : Explicit concurrent mark sweep GC freed 100(5KB) AllocSpace objects, 0(0B) LOS objects, 37% free, 26MB/42MB, paused 1.298ms total 32.482ms
08-04 19:17:49.550  3560  3582 I art     : Starting a blocking GC Explicit
08-04 19:17:49.584  3560  3582 I art     : Explicit concurrent mark sweep GC freed 3(96B) AllocSpace objects, 0(0B) LOS objects, 37% free, 26MB/42MB, paused 1.357ms total 34.218ms
08-04 19:17:49.596  3560  3582 I art     : Starting a blocking GC Explicit
08-04 19:17:49.630  3560  3582 I art     : Explicit concurrent mark sweep GC freed 5(160B) AllocSpace objects, 0(0B) LOS objects, 37% free, 26MB/42MB, paused 1.364ms total 33.884ms
08-04 19:17:49.642  3560  3582 I art     : Starting a blocking GC Explicit
08-04 19:17:49.676  3560  3582 I art     : Explicit concurrent mark sweep GC freed 3(96B) AllocSpace objects, 0(0B) LOS objects, 37% free, 26MB/42MB, paused 1.515ms total 34.242ms
08-04 19:17:49.919   512  2967 D audio_hw_primary: disable_audio_route: reset and update mixer path: low-latency-playback speaker
08-04 19:17:49.921   512  2967 D audio_hw_primary: disable_snd_device: snd_device(2: speaker)
08-04 19:17:49.928   512  2967 I soundtrigger: audio_extn_sound_trigger_update_device_status: device 0x2 of type 0 for Event 0
08-04 19:17:49.980  3560  3573 I art     : Starting a blocking GC Explicit
08-04 19:17:50.016  3560  3573 I art     : Explicit concurrent mark sweep GC freed 1403(81KB) AllocSpace objects, 1(20KB) LOS objects, 37% free, 26MB/42MB, paused 1.300ms total 35.408ms
08-04 19:17:50.028  3560  3573 I art     : Starting a blocking GC Explicit
08-04 19:17:50.061  3560  3573 I art     : Explicit concurrent mark sweep GC freed 31(1008B) AllocSpace objects, 0(0B) LOS objects, 37% free, 26MB/42MB, paused 1.333ms total 33.334ms
08-04 19:17:50.073  3560  3573 I art     : Starting a blocking GC Explicit
08-04 19:17:50.108  3560  3573 I art     : Explicit concurrent mark sweep GC freed 5(160B) AllocSpace objects, 0(0B) LOS objects, 37% free, 26MB/42MB, paused 1.447ms total 34.969ms
08-04 19:17:50.120  3560  3573 I art     : Starting a blocking GC Explicit
08-04 19:17:50.156  3560  3573 I art     : Explicit concurrent mark sweep GC freed 3(96B) AllocSpace objects, 0(0B) LOS objects, 37% free, 26MB/42MB, paused 1.349ms total 35.212ms
08-04 19:17:50.168  3560  3573 I art     : Starting a blocking GC Explicit
08-04 19:17:50.204  3560  3573 I art     : Explicit concurrent mark sweep GC freed 3(96B) AllocSpace objects, 0(0B) LOS objects, 37% free, 26MB/42MB, paused 1.410ms total 35.647ms
08-04 19:17:50.530  3560  3582 I art     : Starting a blocking GC Explicit
08-04 19:17:50.577  3560  3582 I art     : Explicit concurrent mark sweep GC freed 1371(80KB) AllocSpace objects, 1(20KB) LOS objects, 37% free, 26MB/42MB, paused 1.380ms total 46.687ms
08-04 19:17:50.594  3560  3582 I art     : Starting a blocking GC Explicit
08-04 19:17:50.626  3560  3582 I art     : Explicit concurrent mark sweep GC freed 23(752B) AllocSpace objects, 0(0B) LOS objects, 37% free, 26MB/42MB, paused 1.353ms total 32.343ms
08-04 19:17:50.638  3560  3582 I art     : Starting a blocking GC Explicit
08-04 19:17:50.671  3560  3582 I art     : Explicit concurrent mark sweep GC freed 3(96B) AllocSpace objects, 0(0B) LOS objects, 37% free, 26MB/42MB, paused 1.278ms total 33.128ms
08-04 19:17:50.675   918  3188 I hubconnection: sensorhub said: 'set_bias 3: -5.9904, 0.0000, 0.0000'
08-04 19:17:50.683  3560  3582 I art     : Starting a blocking GC Explicit
08-04 19:17:50.717  3560  3582 I art     : Explicit concurrent mark sweep GC freed 32(880B) AllocSpace objects, 0(0B) LOS objects, 37% free, 26MB/42MB, paused 1.365ms total 33.752ms
08-04 19:17:50.729  3560  3582 I art     : Starting a blocking GC Explicit
08-04 19:17:50.762  3560  3582 I art     : Explicit concurrent mark sweep GC freed 3(96B) AllocSpace objects, 0(0B) LOS objects, 37% free, 26MB/42MB, paused 1.430ms total 33.175ms
08-04 19:17:51.072  3560  3572 I art     : Starting a blocking GC Explicit
08-04 19:17:51.110  3560  3572 I art     : Explicit concurrent mark sweep GC freed 1385(80KB) AllocSpace objects, 1(20KB) LOS objects, 37% free, 26MB/42MB, paused 1.493ms total 37.611ms
08-04 19:17:51.119  5969  5969 D AndroidRuntime: >>>>>> START com.android.internal.os.RuntimeInit uid 2000 <<<<<<
08-04 19:17:51.123  3560  3572 I art     : Starting a blocking GC Explicit
08-04 19:17:51.124  5969  5969 D AndroidRuntime: CheckJNI is OFF
08-04 19:17:51.158  3560  3572 I art     : Explicit concurrent mark sweep GC freed 29(944B) AllocSpace objects, 0(0B) LOS objects, 37% free, 26MB/42MB, paused 1.464ms total 34.777ms
08-04 19:17:51.169  3560  3572 I art     : Starting a blocking GC Explicit
08-04 19:17:51.171  5969  5969 D ICU     : No timezone override file found: /data/misc/zoneinfo/current/icu/icu_tzdata.dat
08-04 19:17:51.204  3560  3572 I art     : Explicit concurrent mark sweep GC freed 9(288B) AllocSpace objects, 0(0B) LOS objects, 37% free, 26MB/42MB, paused 1.305ms total 33.928ms
08-04 19:17:51.215  3560  3572 I art     : Starting a blocking GC Explicit
08-04 19:17:51.216  5969  5969 I Radio-JNI: register_android_hardware_Radio DONE
08-04 19:17:51.244  5969  5969 D AndroidRuntime: Calling main entry com.android.commands.input.Input
08-04 19:17:51.247  5969  5969 I Input   : injectMotionEvent: MotionEvent { action=ACTION_DOWN, actionButton=0, id[0]=0, x[0]=625.0, y[0]=1248.0, toolType[0]=TOOL_TYPE_UNKNOWN, buttonState=0, metaState=0, flags=0x0, edgeFlags=0x0, pointerCount=1, historySize=0, eventTime=731887659, downTime=731887659, deviceId=0, source=0x1002 }
08-04 19:17:51.247  3560  3572 I art     : Explicit concurrent mark sweep GC freed 4(128B) AllocSpace objects, 0(0B) LOS objects, 37% free, 26MB/42MB, paused 1.486ms total 32.620ms
08-04 19:17:51.253  5969  5969 I Input   : injectMotionEvent: MotionEvent { action=ACTION_UP, actionButton=0, id[0]=0, x[0]=625.0, y[0]=1248.0, toolType[0]=TOOL_TYPE_UNKNOWN, buttonState=0, metaState=0, flags=0x0, edgeFlags=0x0, pointerCount=1, historySize=0, eventTime=731887659, downTime=731887659, deviceId=0, source=0x1002 }
08-04 19:17:51.255  5969  5969 D AndroidRuntime: Shutting down VM
08-04 19:17:51.259  3560  3572 I art     : Starting a blocking GC Explicit
08-04 19:17:51.291  3560  3572 I art     : Explicit concurrent mark sweep GC freed 40(1360B) AllocSpace objects, 0(0B) LOS objects, 37% free, 26MB/42MB, paused 1.305ms total 32.269ms
08-04 19:17:51.319  3560  3560 D MainActivity: loadFragment(index: 7, args: null)
08-04 19:17:51.320  3560  3560 D MainActivity: saveLastNavFragment(tag: 2)
08-04 19:17:51.321  3560  3560 D MainActivity: getLastNavFragment() -> 2
08-04 19:17:51.321   512  2967 D audio_hw_primary: out_set_parameters: enter: usecase(1: low-latency-playback) kvpairs: routing=2
08-04 19:17:51.334   512  2967 D audio_hw_primary: select_devices: out_snd_device(2: speaker) in_snd_device(0: none)
08-04 19:17:51.334   512  2967 D msm8974_platform: platform_send_audio_calibration: sending audio calibration for snd_device(2) acdb_id(15)
08-04 19:17:51.334   512  2967 I soundtrigger: audio_extn_sound_trigger_update_device_status: device 0x2 of type 0 for Event 1
08-04 19:17:51.343   512  2967 D audio_hw_primary: enable_snd_device: snd_device(2: speaker)
08-04 19:17:51.346   512  2967 D audio_hw_primary: enable_audio_route: apply and update mixer path: low-latency-playback speaker
08-04 19:17:51.349  3560  3560 D ItemlistFragment: onEventMainThread() called with: event = [DownloadEvent{update=DownloaderUpdate{downloaders=[], feedIds=[], mediaIds=[]}}]
08-04 19:17:51.350  3560  4171 D DBReader: getFeed() called with: feedId = [2]
08-04 19:17:51.352  3560  4171 D DBReader: getFeedItemList() called with: feed = [baseline.de.danoeh.antennapod.core.feed.Feed@2]
08-04 19:17:51.452  3560  4171 W PodDBAdapter: Length of id array is larger than 800. Creating multiple cursors
08-04 19:17:51.546  3560  4171 D DBReader: getFavoriteIDList() called
08-04 19:17:51.547  3560  4171 D DBReader: getQueueIDList() called
08-04 19:17:51.548  3560  4171 D DBReader: Extracting Feedlist
08-04 19:17:51.587  3560  3582 I art     : Starting a blocking GC Explicit
08-04 19:17:51.595  3560  3560 D FeedMenuHandler: Preparing options menu
08-04 19:17:51.637  3560  3582 I art     : Explicit concurrent mark sweep GC freed 17004(727KB) AllocSpace objects, 4(72KB) LOS objects, 35% free, 29MB/45MB, paused 1.921ms total 49.383ms
08-04 19:17:51.650  3560  3582 I art     : Starting a blocking GC Explicit
08-04 19:17:51.672  3560  4563 D ApOkHttpUrlLoader: buildLoadData() called with: model = [http://static.libsyn.com/p/assets/7/1/f/3/71f3014e14ef2722/JREiTunesImage2.jpg], width = [1440], height = [462]
08-04 19:17:51.693  3560  3582 I art     : Explicit concurrent mark sweep GC freed 3538(246KB) AllocSpace objects, 0(0B) LOS objects, 30% free, 37MB/53MB, paused 1.745ms total 42.360ms
08-04 19:17:51.706  3560  3582 I art     : Starting a blocking GC Explicit
08-04 19:17:51.758  3560  3582 I art     : Explicit concurrent mark sweep GC freed 274(15KB) AllocSpace objects, 0(0B) LOS objects, 30% free, 37MB/53MB, paused 1.594ms total 52.440ms
08-04 19:17:51.776  3560  3582 I art     : Starting a blocking GC Explicit
08-04 19:17:51.779  3560  3581 V RenderScript: 0x7f7cf7e000 Launching thread(s), CPUs 8
08-04 19:17:51.820  3560  3582 I art     : Explicit concurrent mark sweep GC freed 17(576B) AllocSpace objects, 0(0B) LOS objects, 30% free, 37MB/53MB, paused 1.586ms total 43.512ms
08-04 19:17:51.836  3560  3582 I art     : Starting a blocking GC Explicit
08-04 19:17:51.877  3560  3582 I art     : Explicit concurrent mark sweep GC freed 46(1536B) AllocSpace objects, 0(0B) LOS objects, 30% free, 37MB/53MB, paused 1.398ms total 40.447ms
08-04 19:17:51.889   512  2967 D audio_hw_primary: disable_audio_route: reset and update mixer path: low-latency-playback speaker
08-04 19:17:51.890   512  2967 D audio_hw_primary: disable_snd_device: snd_device(2: speaker)
08-04 19:17:51.892 13866 13866 I GoogleInputMethodServic: GoogleInputMethodService.onFinishInput():3138 
08-04 19:17:51.893 13866 13866 I GoogleInputMethodServic: GoogleInputMethodService.onStartInput():1808 
08-04 19:17:51.899   512  2967 I soundtrigger: audio_extn_sound_trigger_update_device_status: device 0x2 of type 0 for Event 0
08-04 19:17:52.208  3560  3573 I art     : Starting a blocking GC Explicit
08-04 19:17:52.255  3560  3573 I art     : Explicit concurrent mark sweep GC freed 1717(114KB) AllocSpace objects, 6(236KB) LOS objects, 30% free, 37MB/53MB, paused 1.281ms total 46.915ms
08-04 19:17:52.269  3560  3573 I art     : Starting a blocking GC Explicit
08-04 19:17:52.316  3560  3573 I art     : Explicit concurrent mark sweep GC freed 166(8KB) AllocSpace objects, 0(0B) LOS objects, 30% free, 37MB/53MB, paused 1.245ms total 46.487ms
08-04 19:17:52.330  3560  3573 I art     : Starting a blocking GC Explicit
08-04 19:17:52.376  3560  3573 I art     : Explicit concurrent mark sweep GC freed 3(96B) AllocSpace objects, 0(0B) LOS objects, 30% free, 37MB/53MB, paused 1.334ms total 46.112ms
08-04 19:17:52.391  3560  3573 I art     : Starting a blocking GC Explicit
08-04 19:17:52.437  3560  3573 I art     : Explicit concurrent mark sweep GC freed 3(96B) AllocSpace objects, 0(0B) LOS objects, 30% free, 37MB/53MB, paused 1.508ms total 46.415ms
08-04 19:17:52.452  3560  3573 I art     : Starting a blocking GC Explicit
08-04 19:17:52.498  3560  3573 I art     : Explicit concurrent mark sweep GC freed 3(96B) AllocSpace objects, 0(0B) LOS objects, 30% free, 37MB/53MB, paused 1.470ms total 46.178ms
08-04 19:17:52.839  3560  5849 I art     : Starting a blocking GC Explicit
08-04 19:17:52.910  3560  5849 I art     : Explicit concurrent mark sweep GC freed 1404(81KB) AllocSpace objects, 1(20KB) LOS objects, 30% free, 37MB/53MB, paused 1.669ms total 69.954ms
08-04 19:17:52.930  3560  5849 I art     : Starting a blocking GC Explicit
08-04 19:17:52.978  3560  5849 I art     : Explicit concurrent mark sweep GC freed 23(752B) AllocSpace objects, 0(0B) LOS objects, 30% free, 37MB/53MB, paused 1.463ms total 47.380ms
08-04 19:17:52.993  3560  5849 I art     : Starting a blocking GC Explicit
08-04 19:17:53.016 31450 31450 I ServiceManager: Waiting for service AtCmdFwd...
08-04 19:17:53.043  3560  5849 I art     : Explicit concurrent mark sweep GC freed 3(96B) AllocSpace objects, 0(0B) LOS objects, 30% free, 37MB/53MB, paused 1.403ms total 50.406ms
08-04 19:17:53.058  3560  5849 I art     : Starting a blocking GC Explicit
08-04 19:17:53.108  3560  5849 I art     : Explicit concurrent mark sweep GC freed 3(96B) AllocSpace objects, 0(0B) LOS objects, 30% free, 37MB/53MB, paused 1.509ms total 50.087ms
08-04 19:17:53.123  3560  5849 I art     : Starting a blocking GC Explicit
08-04 19:17:53.175  3560  5849 I art     : Explicit concurrent mark sweep GC freed 3(96B) AllocSpace objects, 0(0B) LOS objects, 30% free, 37MB/53MB, paused 1.456ms total 51.896ms
08-04 19:17:53.539  3560  3573 I art     : Starting a blocking GC Explicit
08-04 19:17:53.586  3560  3573 I art     : Explicit concurrent mark sweep GC freed 1402(81KB) AllocSpace objects, 1(20KB) LOS objects, 30% free, 37MB/53MB, paused 1.377ms total 46.703ms
08-04 19:17:53.600  3560  3573 I art     : Starting a blocking GC Explicit
08-04 19:17:53.650  3560  3573 I art     : Explicit concurrent mark sweep GC freed 23(752B) AllocSpace objects, 0(0B) LOS objects, 30% free, 37MB/53MB, paused 1.461ms total 49.645ms
08-04 19:17:53.665  3560  3573 I art     : Starting a blocking GC Explicit
08-04 19:17:53.714  3560  3573 I art     : Explicit concurrent mark sweep GC freed 32(880B) AllocSpace objects, 0(0B) LOS objects, 30% free, 37MB/53MB, paused 1.426ms total 49.266ms
08-04 19:17:53.729  3560  3573 I art     : Starting a blocking GC Explicit
08-04 19:17:53.781  3560  3573 I art     : Explicit concurrent mark sweep GC freed 3(96B) AllocSpace objects, 0(0B) LOS objects, 30% free, 37MB/53MB, paused 1.440ms total 51.590ms
08-04 19:17:53.795  3560  3573 I art     : Starting a blocking GC Explicit
08-04 19:17:53.845  3560  3573 I art     : Explicit concurrent mark sweep GC freed 3(96B) AllocSpace objects, 0(0B) LOS objects, 30% free, 37MB/53MB, paused 1.407ms total 49.425ms
08-04 19:17:54.017 31450 31450 I ServiceManager: Waiting for service AtCmdFwd...
08-04 19:17:54.203  3560  5849 I art     : Starting a blocking GC Explicit
08-04 19:17:54.263  3560  5849 I art     : Explicit concurrent mark sweep GC freed 2074(102KB) AllocSpace objects, 1(20KB) LOS objects, 30% free, 37MB/53MB, paused 1.473ms total 59.473ms
08-04 19:17:54.281  3560  5849 I art     : Starting a blocking GC Explicit
08-04 19:17:54.330  3560  5849 I art     : Explicit concurrent mark sweep GC freed 23(752B) AllocSpace objects, 0(0B) LOS objects, 30% free, 37MB/53MB, paused 1.353ms total 48.939ms
08-04 19:17:54.345  3560  5849 I art     : Starting a blocking GC Explicit
08-04 19:17:54.396  3560  5849 I art     : Explicit concurrent mark sweep GC freed 3(96B) AllocSpace objects, 0(0B) LOS objects, 30% free, 37MB/53MB, paused 1.303ms total 51.275ms
08-04 19:17:54.411  3560  5849 I art     : Starting a blocking GC Explicit
08-04 19:17:54.459  3560  5849 I art     : Explicit concurrent mark sweep GC freed 3(96B) AllocSpace objects, 0(0B) LOS objects, 30% free, 37MB/53MB, paused 1.449ms total 47.790ms
08-04 19:17:54.474  3560  5849 I art     : Starting a blocking GC Explicit
08-04 19:17:54.528  3560  5849 I art     : Explicit concurrent mark sweep GC freed 3(96B) AllocSpace objects, 0(0B) LOS objects, 30% free, 37MB/53MB, paused 1.348ms total 53.688ms
08-04 19:17:54.874  3560  3572 I art     : Starting a blocking GC Explicit
08-04 19:17:54.936  3560  3572 I art     : Explicit concurrent mark sweep GC freed 2289(113KB) AllocSpace objects, 1(20KB) LOS objects, 30% free, 37MB/53MB, paused 1.389ms total 61.630ms
08-04 19:17:54.952  3560  3572 I art     : Starting a blocking GC Explicit
08-04 19:17:55.003  3560  3572 I art     : Explicit concurrent mark sweep GC freed 23(752B) AllocSpace objects, 0(0B) LOS objects, 30% free, 37MB/53MB, paused 1.386ms total 50.433ms
08-04 19:17:55.017 31450 31450 I ServiceManager: Waiting for service AtCmdFwd...
08-04 19:17:55.018  3560  3572 I art     : Starting a blocking GC Explicit
08-04 19:17:55.066  3560  3572 I art     : Explicit concurrent mark sweep GC freed 3(96B) AllocSpace objects, 0(0B) LOS objects, 30% free, 37MB/53MB, paused 1.355ms total 47.826ms
08-04 19:17:55.080  3560  3572 I art     : Starting a blocking GC Explicit
08-04 19:17:55.132  3560  3572 I art     : Explicit concurrent mark sweep GC freed 3(96B) AllocSpace objects, 0(0B) LOS objects, 30% free, 37MB/53MB, paused 1.306ms total 51.087ms
08-04 19:17:55.147  3560  3572 I art     : Starting a blocking GC Explicit
08-04 19:17:55.196  3560  3572 I art     : Explicit concurrent mark sweep GC freed 3(96B) AllocSpace objects, 0(0B) LOS objects, 30% free, 37MB/53MB, paused 1.394ms total 48.896ms
08-04 19:17:55.554  3560  4182 I art     : Starting a blocking GC Explicit
08-04 19:17:55.602  3560  4182 I art     : Explicit concurrent mark sweep GC freed 1374(81KB) AllocSpace objects, 1(20KB) LOS objects, 30% free, 37MB/53MB, paused 1.413ms total 47.720ms
08-04 19:17:55.616  3560  4182 I art     : Starting a blocking GC Explicit
08-04 19:17:55.664  3560  4182 I art     : Explicit concurrent mark sweep GC freed 23(752B) AllocSpace objects, 0(0B) LOS objects, 30% free, 37MB/53MB, paused 1.392ms total 47.366ms
08-04 19:17:55.678  3560  4182 I art     : Starting a blocking GC Explicit
08-04 19:17:55.728  3560  4182 I art     : Explicit concurrent mark sweep GC freed 32(880B) AllocSpace objects, 0(0B) LOS objects, 30% free, 37MB/53MB, paused 1.475ms total 49.429ms
08-04 19:17:55.742  3560  4182 I art     : Starting a blocking GC Explicit
08-04 19:17:55.789  3560  4182 I art     : Explicit concurrent mark sweep GC freed 3(96B) AllocSpace objects, 0(0B) LOS objects, 30% free, 37MB/53MB, paused 1.393ms total 47.203ms
08-04 19:17:55.803  3560  4182 I art     : Starting a blocking GC Explicit
08-04 19:17:55.851  3560  4182 I art     : Explicit concurrent mark sweep GC freed 3(96B) AllocSpace objects, 0(0B) LOS objects, 30% free, 37MB/53MB, paused 1.423ms total 47.231ms
08-04 19:17:56.018 31450 31450 I ServiceManager: Waiting for service AtCmdFwd...
08-04 19:17:56.050  6074  6074 D AndroidRuntime: >>>>>> START com.android.internal.os.RuntimeInit uid 2000 <<<<<<
08-04 19:17:56.056  6074  6074 D AndroidRuntime: CheckJNI is OFF
08-04 19:17:56.096  6074  6074 D ICU     : No timezone override file found: /data/misc/zoneinfo/current/icu/icu_tzdata.dat
08-04 19:17:56.138  6074  6074 I Radio-JNI: register_android_hardware_Radio DONE
08-04 19:17:56.168  6074  6074 D AndroidRuntime: Calling main entry com.android.commands.input.Input
08-04 19:17:56.170  6074  6074 I Input   : injectMotionEvent: MotionEvent { action=ACTION_DOWN, actionButton=0, id[0]=0, x[0]=1363.0, y[0]=517.0, toolType[0]=TOOL_TYPE_UNKNOWN, buttonState=0, metaState=0, flags=0x0, edgeFlags=0x0, pointerCount=1, historySize=0, eventTime=731892583, downTime=731892583, deviceId=0, source=0x1002 }
08-04 19:17:56.175  6074  6074 I Input   : injectMotionEvent: MotionEvent { action=ACTION_UP, actionButton=0, id[0]=0, x[0]=1363.0, y[0]=517.0, toolType[0]=TOOL_TYPE_UNKNOWN, buttonState=0, metaState=0, flags=0x0, edgeFlags=0x0, pointerCount=1, historySize=0, eventTime=731892583, downTime=731892583, deviceId=0, source=0x1002 }
08-04 19:17:56.177  6074  6074 D AndroidRuntime: Shutting down VM
08-04 19:17:56.184   512  2967 D audio_hw_primary: out_set_parameters: enter: usecase(1: low-latency-playback) kvpairs: routing=2
08-04 19:17:56.187   918  5952 I ActivityManager: START u0 {cmp=baseline.de.danoeh.antennapod.debug/baseline.de.danoeh.antennapod.activity.FeedSettingsActivity (has extras)} from uid 10670 on display 0
08-04 19:17:56.195  3560  5849 I art     : Starting a blocking GC Explicit
08-04 19:17:56.197   512  2967 D audio_hw_primary: select_devices: out_snd_device(2: speaker) in_snd_device(0: none)
08-04 19:17:56.197   512  2967 D msm8974_platform: platform_send_audio_calibration: sending audio calibration for snd_device(2) acdb_id(15)
08-04 19:17:56.198   512  2967 I soundtrigger: audio_extn_sound_trigger_update_device_status: device 0x2 of type 0 for Event 1
08-04 19:17:56.210   512  2967 D audio_hw_primary: enable_snd_device: snd_device(2: speaker)
08-04 19:17:56.212   512  2967 D audio_hw_primary: enable_audio_route: apply and update mixer path: low-latency-playback speaker
08-04 19:17:56.244  3560  5849 I art     : Explicit concurrent mark sweep GC freed 3407(211KB) AllocSpace objects, 1(20KB) LOS objects, 29% free, 37MB/53MB, paused 2.376ms total 48.534ms
08-04 19:17:56.257  3560  5849 I art     : Starting a blocking GC Explicit
08-04 19:17:56.309  3560  5849 I art     : Explicit concurrent mark sweep GC freed 23119(952KB) AllocSpace objects, 0(0B) LOS objects, 29% free, 37MB/53MB, paused 2.022ms total 51.520ms
08-04 19:17:56.323  3560  5849 I art     : Starting a blocking GC Explicit
08-04 19:17:56.374  3560  5849 I art     : Explicit concurrent mark sweep GC freed 19441(811KB) AllocSpace objects, 0(0B) LOS objects, 29% free, 37MB/53MB, paused 1.992ms total 51.010ms
08-04 19:17:56.389  3560  5849 I art     : Starting a blocking GC Explicit
08-04 19:17:56.437  3560  5849 I art     : Explicit concurrent mark sweep GC freed 7672(385KB) AllocSpace objects, 0(0B) LOS objects, 28% free, 39MB/55MB, paused 1.588ms total 46.916ms
08-04 19:17:56.450  3560  5849 I art     : Starting a blocking GC Explicit
08-04 19:17:56.455  3560  4170 D DBReader: getFeed() called with: feedId = [2]
08-04 19:17:56.456  3560  4170 D DBReader: getFeedItemList() called with: feed = [baseline.de.danoeh.antennapod.core.feed.Feed@2]
08-04 19:17:56.500  3560  5849 I art     : Explicit concurrent mark sweep GC freed 3088(136KB) AllocSpace objects, 0(0B) LOS objects, 28% free, 39MB/55MB, paused 2.011ms total 49.601ms
08-04 19:17:56.565  3560  4170 W PodDBAdapter: Length of id array is larger than 800. Creating multiple cursors
08-04 19:17:56.592   918   936 I ActivityManager: Displayed baseline.de.danoeh.antennapod.debug/baseline.de.danoeh.antennapod.activity.FeedSettingsActivity: +398ms
08-04 19:17:56.595 13866 13866 I GoogleInputMethodServic: GoogleInputMethodService.onFinishInput():3138 
08-04 19:17:56.598 13866 13866 I GoogleInputMethodServic: GoogleInputMethodService.onStartInput():1808 
08-04 19:17:56.640  3560  3581 D OpenGLRenderer: endAllStagingAnimators on 0x7f7c552800 (RippleDrawable) with handle 0x7f7e2bf600
08-04 19:17:56.665  3560  4563 D ApOkHttpUrlLoader: buildLoadData() called with: model = [http://static.libsyn.com/p/assets/7/1/f/3/71f3014e14ef2722/JREiTunesImage2.jpg], width = [1440], height = [462]
08-04 19:17:56.670 13866 13866 I GoogleInputMethodServic: GoogleInputMethodService.onStartInput():1808 
08-04 19:17:56.671 13866 13866 W SessionManager: SessionManager.beginSession():53 Try to begin an already begun session [INPUT_SESSION], end it first
08-04 19:17:56.682 13866 13866 I ShortcutsDataManager: ShortcutsDataManager.onContentChanged():89 onContentChanged()
08-04 19:17:56.687  3560  3560 D FeedSettingsActivity: No filter set
08-04 19:17:56.696   918  4400 W IntentResolver: resolveIntent: multiple matches, only some with CATEGORY_DEFAULT
08-04 19:17:56.749   512  2967 D audio_hw_primary: disable_audio_route: reset and update mixer path: low-latency-playback speaker
08-04 19:17:56.751   512  2967 D audio_hw_primary: disable_snd_device: snd_device(2: speaker)
08-04 19:17:56.758   512  2967 I soundtrigger: audio_extn_sound_trigger_update_device_status: device 0x2 of type 0 for Event 0
08-04 19:17:56.810  3560  4182 I art     : Starting a blocking GC Explicit
08-04 19:17:56.848   380   380 W SurfaceFlinger: couldn't log to binary event log: overflow.
08-04 19:17:56.877  3560  4182 I art     : Explicit concurrent mark sweep GC freed 13206(538KB) AllocSpace objects, 3(52KB) LOS objects, 27% free, 41MB/57MB, paused 1.291ms total 66.927ms
08-04 19:17:56.892  3560  4182 I art     : Starting a blocking GC Explicit
08-04 19:17:56.944  3560  4182 I art     : Explicit concurrent mark sweep GC freed 703(50KB) AllocSpace objects, 0(0B) LOS objects, 27% free, 41MB/57MB, paused 1.367ms total 51.864ms
08-04 19:17:56.960  3560  4182 I art     : Starting a blocking GC Explicit
08-04 19:17:56.985  3560  3560 D PlaybackController: Releasing PlaybackController
08-04 19:17:57.017  3560  4182 I art     : Explicit concurrent mark sweep GC freed 220(12KB) AllocSpace objects, 0(0B) LOS objects, 27% free, 41MB/57MB, paused 1.413ms total 56.032ms
08-04 19:17:57.019 31450 31450 I ServiceManager: Waiting for service AtCmdFwd...
08-04 19:17:57.032  3560  4182 I art     : Starting a blocking GC Explicit
08-04 19:17:57.087  3560  4182 I art     : Explicit concurrent mark sweep GC freed 128(5KB) AllocSpace objects, 0(0B) LOS objects, 27% free, 41MB/57MB, paused 1.483ms total 54.145ms
08-04 19:17:57.102  3560  4182 I art     : Starting a blocking GC Explicit
08-04 19:17:57.158  3560  4182 I art     : Explicit concurrent mark sweep GC freed 62(2224B) AllocSpace objects, 0(0B) LOS objects, 27% free, 41MB/57MB, paused 1.538ms total 55.666ms
08-04 19:17:57.484  3560  4182 I art     : Starting a blocking GC Explicit
08-04 19:17:57.550  3560  4182 I art     : Explicit concurrent mark sweep GC freed 1429(82KB) AllocSpace objects, 1(20KB) LOS objects, 27% free, 41MB/57MB, paused 1.653ms total 65.585ms
08-04 19:17:57.569  3560  4182 I art     : Starting a blocking GC Explicit
08-04 19:17:57.631  3560  4182 I art     : Explicit concurrent mark sweep GC freed 29(944B) AllocSpace objects, 0(0B) LOS objects, 27% free, 41MB/57MB, paused 1.457ms total 61.220ms
08-04 19:17:57.648  3560  4182 I art     : Starting a blocking GC Explicit
08-04 19:17:57.706  3560  4182 I art     : Explicit concurrent mark sweep GC freed 32(880B) AllocSpace objects, 0(0B) LOS objects, 27% free, 41MB/57MB, paused 1.434ms total 58.446ms
08-04 19:17:57.724  3560  4182 I art     : Starting a blocking GC Explicit
08-04 19:17:57.783  3560  4182 I art     : Explicit concurrent mark sweep GC freed 3(96B) AllocSpace objects, 0(0B) LOS objects, 27% free, 41MB/57MB, paused 1.381ms total 58.641ms
08-04 19:17:57.800  3560  4182 I art     : Starting a blocking GC Explicit
08-04 19:17:57.860  3560  4182 I art     : Explicit concurrent mark sweep GC freed 3(96B) AllocSpace objects, 0(0B) LOS objects, 27% free, 41MB/57MB, paused 1.474ms total 59.550ms
08-04 19:17:58.019 31450 31450 W Atfwd_Sendcmd: AtCmdFwd service not published, waiting... retryCnt : 1
08-04 19:17:58.221  3560  4182 I art     : Starting a blocking GC Explicit
08-04 19:17:58.284  3560  4182 I art     : Explicit concurrent mark sweep GC freed 1416(81KB) AllocSpace objects, 1(20KB) LOS objects, 27% free, 41MB/57MB, paused 1.396ms total 62.099ms
08-04 19:17:58.301  3560  4182 I art     : Starting a blocking GC Explicit
08-04 19:17:58.361  3560  4182 I art     : Explicit concurrent mark sweep GC freed 36(1168B) AllocSpace objects, 0(0B) LOS objects, 27% free, 41MB/57MB, paused 1.541ms total 60.019ms
08-04 19:17:58.379  3560  4182 I art     : Starting a blocking GC Explicit
08-04 19:17:58.443  3560  4182 I art     : Explicit concurrent mark sweep GC freed 3(96B) AllocSpace objects, 0(0B) LOS objects, 27% free, 41MB/57MB, paused 1.473ms total 63.916ms
08-04 19:17:58.461  3560  4182 I art     : Starting a blocking GC Explicit
08-04 19:17:58.523  3560  4182 I art     : Explicit concurrent mark sweep GC freed 3(96B) AllocSpace objects, 0(0B) LOS objects, 27% free, 41MB/57MB, paused 1.411ms total 61.649ms
08-04 19:17:58.540  3560  4182 I art     : Starting a blocking GC Explicit
08-04 19:17:58.606  3560  4182 I art     : Explicit concurrent mark sweep GC freed 3(96B) AllocSpace objects, 0(0B) LOS objects, 27% free, 41MB/57MB, paused 1.518ms total 65.502ms
08-04 19:17:58.984  3560  3572 I art     : Starting a blocking GC Explicit
08-04 19:17:59.051  3560  3572 I art     : Explicit concurrent mark sweep GC freed 1402(83KB) AllocSpace objects, 1(20KB) LOS objects, 27% free, 41MB/57MB, paused 1.477ms total 66.643ms
08-04 19:17:59.068  3560  3572 I art     : Starting a blocking GC Explicit
08-04 19:17:59.134  3560  3572 I art     : Explicit concurrent mark sweep GC freed 23(752B) AllocSpace objects, 0(0B) LOS objects, 27% free, 41MB/57MB, paused 1.518ms total 65.923ms
08-04 19:17:59.153  3560  3572 I art     : Starting a blocking GC Explicit
08-04 19:17:59.219  3560  3572 I art     : Explicit concurrent mark sweep GC freed 3(96B) AllocSpace objects, 0(0B) LOS objects, 27% free, 41MB/57MB, paused 1.548ms total 65.765ms
08-04 19:17:59.236  3560  3572 I art     : Starting a blocking GC Explicit
08-04 19:17:59.301  3560  3572 I art     : Explicit concurrent mark sweep GC freed 3(96B) AllocSpace objects, 0(0B) LOS objects, 27% free, 41MB/57MB, paused 1.396ms total 64.591ms
08-04 19:17:59.318  3560  3572 I art     : Starting a blocking GC Explicit
08-04 19:17:59.388  3560  3572 I art     : Explicit concurrent mark sweep GC freed 3(96B) AllocSpace objects, 0(0B) LOS objects, 27% free, 41MB/57MB, paused 1.627ms total 69.143ms
08-04 19:17:59.745  3560  4182 I art     : Starting a blocking GC Explicit
08-04 19:17:59.805  3560  4182 I art     : Explicit concurrent mark sweep GC freed 1402(82KB) AllocSpace objects, 1(20KB) LOS objects, 27% free, 41MB/57MB, paused 1.454ms total 60.645ms
08-04 19:17:59.822  3560  4182 I art     : Starting a blocking GC Explicit
08-04 19:17:59.885  3560  4182 I art     : Explicit concurrent mark sweep GC freed 23(752B) AllocSpace objects, 0(0B) LOS objects, 27% free, 41MB/57MB, paused 1.519ms total 62.368ms
08-04 19:17:59.902  3560  4182 I art     : Starting a blocking GC Explicit
08-04 19:17:59.973  3560  4182 I art     : Explicit concurrent mark sweep GC freed 3(96B) AllocSpace objects, 0(0B) LOS objects, 27% free, 41MB/57MB, paused 1.545ms total 69.972ms
08-04 19:17:59.993  3560  4182 I art     : Starting a blocking GC Explicit
08-04 19:18:00.053  3560  4182 I art     : Explicit concurrent mark sweep GC freed 3(96B) AllocSpace objects, 0(0B) LOS objects, 27% free, 41MB/57MB, paused 1.479ms total 59.865ms
08-04 19:18:00.070  3560  4182 I art     : Starting a blocking GC Explicit
08-04 19:18:00.129  3560  4182 I art     : Explicit concurrent mark sweep GC freed 3(96B) AllocSpace objects, 0(0B) LOS objects, 27% free, 41MB/57MB, paused 1.543ms total 59.234ms
08-04 19:18:00.470  3560  3582 I art     : Starting a blocking GC Explicit
08-04 19:18:00.531  3560  3582 I art     : Explicit concurrent mark sweep GC freed 1372(80KB) AllocSpace objects, 1(20KB) LOS objects, 27% free, 41MB/57MB, paused 1.620ms total 60.215ms
08-04 19:18:00.548  3560  3582 I art     : Starting a blocking GC Explicit
08-04 19:18:00.610  3560  3582 I art     : Explicit concurrent mark sweep GC freed 23(752B) AllocSpace objects, 0(0B) LOS objects, 27% free, 41MB/57MB, paused 1.479ms total 61.944ms
08-04 19:18:00.628  3560  3582 I art     : Starting a blocking GC Explicit
08-04 19:18:00.690  3560  3582 I art     : Explicit concurrent mark sweep GC freed 31(848B) AllocSpace objects, 0(0B) LOS objects, 27% free, 41MB/57MB, paused 1.632ms total 61.817ms
08-04 19:18:00.707  3560  3582 I art     : Starting a blocking GC Explicit
08-04 19:18:00.765  3560  3582 I art     : Explicit concurrent mark sweep GC freed 4(128B) AllocSpace objects, 0(0B) LOS objects, 27% free, 41MB/57MB, paused 1.484ms total 57.160ms
08-04 19:18:00.781  3560  3582 I art     : Starting a blocking GC Explicit
08-04 19:18:00.845  3560  3582 I art     : Explicit concurrent mark sweep GC freed 3(96B) AllocSpace objects, 0(0B) LOS objects, 27% free, 41MB/57MB, paused 1.511ms total 63.260ms
08-04 19:18:00.963  6169  6169 D AndroidRuntime: >>>>>> START com.android.internal.os.RuntimeInit uid 2000 <<<<<<
08-04 19:18:00.971  6169  6169 D AndroidRuntime: CheckJNI is OFF
08-04 19:18:01.017  6169  6169 D ICU     : No timezone override file found: /data/misc/zoneinfo/current/icu/icu_tzdata.dat
08-04 19:18:01.059  6169  6169 I Radio-JNI: register_android_hardware_Radio DONE
08-04 19:18:01.088  6169  6169 D AndroidRuntime: Calling main entry com.android.commands.input.Input
08-04 19:18:01.089  6169  6169 I Input   : injectKeyEvent: KeyEvent { action=ACTION_DOWN, keyCode=KEYCODE_BACK, scanCode=0, metaState=0, flags=0x0, repeatCount=0, eventTime=731897502, downTime=731897502, deviceId=-1, source=0x101 }
08-04 19:18:01.099  6169  6169 I Input   : injectKeyEvent: KeyEvent { action=ACTION_UP, keyCode=KEYCODE_BACK, scanCode=0, metaState=0, flags=0x0, repeatCount=0, eventTime=731897502, downTime=731897502, deviceId=-1, source=0x101 }
08-04 19:18:01.106  6169  6169 D AndroidRuntime: Shutting down VM
08-04 19:18:01.110  3560  3560 V PlaybackController: initServiceNotRunning()
08-04 19:18:01.111  3560  3560 D ExternalPlayerFragment: Loading media info
08-04 19:18:01.113  3560  3560 D ItemlistFragment: onEventMainThread() called with: event = [DownloadEvent{update=DownloaderUpdate{downloaders=[], feedIds=[], mediaIds=[]}}]
08-04 19:18:01.114  3560  4563 D ApOkHttpUrlLoader: buildLoadData() called with: model = [http://static.libsyn.com/p/assets/7/1/f/3/71f3014e14ef2722/JREiTunesImage2.jpg], width = [1440], height = [462]
08-04 19:18:01.117  3560  3560 D UserPreferences: Using default data folder
08-04 19:18:01.119  3560  4170 D DBReader: getNavDrawerData() called with: 
08-04 19:18:01.119  3560  3580 D DBReader: getFeed() called with: feedId = [2]
08-04 19:18:01.121  3560  3580 D DBReader: getFeedItemList() called with: feed = [baseline.de.danoeh.antennapod.core.feed.Feed@2]
08-04 19:18:01.136  3560  3560 D FeedMenuHandler: Preparing options menu
08-04 19:18:01.151  3560  4170 D DBReader: getDownloadedItems() called
08-04 19:18:01.153  3560  4170 D DBReader: getFavoriteIDList() called
08-04 19:18:01.154  3560  4170 D DBReader: getQueueIDList() called
08-04 19:18:01.154  3560  4170 D DBReader: Extracting Feedlist
08-04 19:18:01.182  3560  5849 I art     : Starting a blocking GC Explicit
08-04 19:18:01.215 13866 13866 I GoogleInputMethodServic: GoogleInputMethodService.onFinishInput():3138 
08-04 19:18:01.215  3560  3560 D MainActivity: getLastNavFragment() -> 2
08-04 19:18:01.215 13866 13866 I GoogleInputMethodServic: GoogleInputMethodService.onStartInput():1808 
08-04 19:18:01.216 13866 13866 I ShortcutsDataManager: AbstractContentDataManager.startImportContentTask():208 startImportContentTask()
08-04 19:18:01.217 13866 13938 I ShortcutsDataManager: AbstractContentDataManager$ImportContentTask.doInBackground():222 doInBackground()
08-04 19:18:01.217 13866 13938 I PersonalDictionaryDataH: PersonalDictionaryDataHandler.beginProcess():111 LanguageTags = [en-US]
08-04 19:18:01.223  3560  3580 W PodDBAdapter: Length of id array is larger than 800. Creating multiple cursors
08-04 19:18:01.230 13866 13938 I ShortcutsDataManager: AbstractContentDataManager.importRecords():312 importRecords() : Success : Count = 0
08-04 19:18:01.234 13866 13938 I ShortcutsDataManager: AbstractContentDataManager.importContentData():262 importContentData() : Ending import process
08-04 19:18:01.247  3560  5849 I art     : Explicit concurrent mark sweep GC freed 8514(479KB) AllocSpace objects, 2(36KB) LOS objects, 25% free, 46MB/62MB, paused 2.247ms total 64.677ms
08-04 19:18:01.264 13866 13938 I PersonalLanguageModelUp: PersonalLanguageModelUpdater$UpdateOperation.performInternal():160 run() : Added 0 words and 0 shortcuts
08-04 19:18:01.264 13866 13938 I DynamicLanguageModelOpe: DynamicLanguageModelOperation.perform():37 perform() : 4 : coc : Completed
08-04 19:18:01.264 13866 13950 I Delight5Decoder: Delight5DecoderWrapper.loadLanguageModel():578 loadLanguageModel() : 4, version [n/a]
08-04 19:18:01.264 13866 13866 I ShortcutsDataManager: AbstractContentDataManager$ImportContentTask.onPostExecute():233 onPostExecute() : Result = [2,0]
08-04 19:18:01.264 13866 13866 I ShortcutsDataManager: ShortcutsDataManager.onImportFinished():99 onImportFinished() : Result = 2 : Count = 0
08-04 19:18:01.265  3560  5849 I art     : Starting a blocking GC Explicit
08-04 19:18:01.265 13866 13950 I Delight5Decoder: Delight5DecoderWrapper.loadLanguageModel():616 Loaded dynamic LM 4.en
08-04 19:18:01.317  3560  3580 D DBReader: getFavoriteIDList() called
08-04 19:18:01.318  3560  3580 D DBReader: getQueueIDList() called
08-04 19:18:01.319  3560  3580 D DBReader: Extracting Feedlist
08-04 19:18:01.322  3560  4563 D ApOkHttpUrlLoader: buildLoadData() called with: model = [http://static.libsyn.com/p/assets/7/1/f/3/71f3014e14ef2722/JREiTunesImage2.jpg], width = [1440], height = [462]
08-04 19:18:01.327  3560  5849 I art     : Explicit concurrent mark sweep GC freed 6463(191KB) AllocSpace objects, 0(0B) LOS objects, 24% free, 49MB/65MB, paused 2.945ms total 61.827ms
08-04 19:18:01.346  3560  5849 I art     : Starting a blocking GC Explicit
08-04 19:18:01.352  3560  3560 D FeedMenuHandler: Preparing options menu
08-04 19:18:01.404  3560  5849 I art     : Explicit concurrent mark sweep GC freed 29668(2034KB) AllocSpace objects, 1(16KB) LOS objects, 25% free, 47MB/63MB, paused 1.606ms total 58.395ms
08-04 19:18:01.427  3560  5849 I art     : Starting a blocking GC Explicit
08-04 19:18:01.486   380   380 W SurfaceFlinger: couldn't log to binary event log: overflow.
08-04 19:18:01.494  3560  5849 I art     : Explicit concurrent mark sweep GC freed 1288(87KB) AllocSpace objects, 0(0B) LOS objects, 25% free, 47MB/63MB, paused 3.099ms total 67.378ms
08-04 19:18:01.512  3560  5849 I art     : Starting a blocking GC Explicit
08-04 19:18:01.563  3560  5849 I art     : Explicit concurrent mark sweep GC freed 658(27KB) AllocSpace objects, 0(0B) LOS objects, 25% free, 47MB/63MB, paused 1.407ms total 50.858ms
08-04 19:18:01.891  3560  4182 I art     : Starting a blocking GC Explicit
08-04 19:18:01.960  3560  4182 I art     : Explicit concurrent mark sweep GC freed 1718(96KB) AllocSpace objects, 1(20KB) LOS objects, 25% free, 47MB/63MB, paused 1.596ms total 69.153ms
08-04 19:18:01.977  3560  4182 I art     : Starting a blocking GC Explicit
08-04 19:18:02.030  3560  4182 I art     : Explicit concurrent mark sweep GC freed 34552(2MB) AllocSpace objects, 44(2MB) LOS objects, 27% free, 42MB/58MB, paused 1.457ms total 52.383ms
08-04 19:18:02.045  3560  4182 I art     : Starting a blocking GC Explicit
08-04 19:18:02.090  3560  4182 I art     : Explicit concurrent mark sweep GC freed 3(96B) AllocSpace objects, 0(0B) LOS objects, 27% free, 42MB/58MB, paused 1.452ms total 45.379ms
08-04 19:18:02.105  3560  4182 I art     : Starting a blocking GC Explicit
08-04 19:18:02.151  3560  4182 I art     : Explicit concurrent mark sweep GC freed 3(96B) AllocSpace objects, 0(0B) LOS objects, 27% free, 42MB/58MB, paused 1.497ms total 45.912ms
08-04 19:18:02.165  3560  4182 I art     : Starting a blocking GC Explicit
08-04 19:18:02.213  3560  4182 I art     : Explicit concurrent mark sweep GC freed 3(96B) AllocSpace objects, 0(0B) LOS objects, 27% free, 42MB/58MB, paused 1.388ms total 47.476ms
08-04 19:18:02.529  3560  3572 I art     : Starting a blocking GC Explicit
08-04 19:18:02.586  3560  3572 I art     : Explicit concurrent mark sweep GC freed 1374(81KB) AllocSpace objects, 1(20KB) LOS objects, 27% free, 42MB/58MB, paused 1.548ms total 56.111ms
08-04 19:18:02.601  3560  3572 I art     : Starting a blocking GC Explicit
08-04 19:18:02.643  3560  3572 I art     : Explicit concurrent mark sweep GC freed 23(752B) AllocSpace objects, 0(0B) LOS objects, 27% free, 42MB/58MB, paused 1.434ms total 41.634ms
08-04 19:18:02.657  3560  3572 I art     : Starting a blocking GC Explicit
08-04 19:18:02.703  3560  3572 I art     : Explicit concurrent mark sweep GC freed 32(880B) AllocSpace objects, 0(0B) LOS objects, 27% free, 42MB/58MB, paused 1.441ms total 45.479ms
08-04 19:18:02.717  3560  3572 I art     : Starting a blocking GC Explicit
08-04 19:18:02.763  3560  3572 I art     : Explicit concurrent mark sweep GC freed 4(128B) AllocSpace objects, 0(0B) LOS objects, 27% free, 42MB/58MB, paused 1.444ms total 46.116ms
08-04 19:18:02.779  3560  3572 I art     : Starting a blocking GC Explicit
08-04 19:18:02.827  3560  3572 I art     : Explicit concurrent mark sweep GC freed 11(352B) AllocSpace objects, 0(0B) LOS objects, 27% free, 42MB/58MB, paused 1.431ms total 47.537ms
08-04 19:18:02.901  6202  6202 D AndroidRuntime: >>>>>> START com.android.internal.os.RuntimeInit uid 2000 <<<<<<
08-04 19:18:02.907  6202  6202 D AndroidRuntime: CheckJNI is OFF
08-04 19:18:02.949  6202  6202 D ICU     : No timezone override file found: /data/misc/zoneinfo/current/icu/icu_tzdata.dat
08-04 19:18:02.993  6202  6202 I Radio-JNI: register_android_hardware_Radio DONE
08-04 19:18:03.020 31450 31450 I ServiceManager: Waiting for service AtCmdFwd...
08-04 19:18:03.023  6202  6202 D AndroidRuntime: Calling main entry com.android.commands.input.Input
08-04 19:18:03.025  6202  6202 I Input   : injectMotionEvent: MotionEvent { action=ACTION_DOWN, actionButton=0, id[0]=0, x[0]=1372.0, y[0]=384.0, toolType[0]=TOOL_TYPE_UNKNOWN, buttonState=0, metaState=0, flags=0x0, edgeFlags=0x0, pointerCount=1, historySize=0, eventTime=731899438, downTime=731899438, deviceId=0, source=0x1002 }
08-04 19:18:03.031  6202  6202 I Input   : injectMotionEvent: MotionEvent { action=ACTION_UP, actionButton=0, id[0]=0, x[0]=1372.0, y[0]=384.0, toolType[0]=TOOL_TYPE_UNKNOWN, buttonState=0, metaState=0, flags=0x0, edgeFlags=0x0, pointerCount=1, historySize=0, eventTime=731899438, downTime=731899438, deviceId=0, source=0x1002 }
08-04 19:18:03.033  6202  6202 D AndroidRuntime: Shutting down VM
08-04 19:18:03.041   918  3670 I ActivityManager: START u0 {cmp=baseline.de.danoeh.antennapod.debug/baseline.de.danoeh.antennapod.activity.FeedInfoActivity (has extras)} from uid 10670 on display 0
08-04 19:18:03.042   512  2967 D audio_hw_primary: out_set_parameters: enter: usecase(1: low-latency-playback) kvpairs: routing=2
08-04 19:18:03.055   512  2967 D audio_hw_primary: select_devices: out_snd_device(2: speaker) in_snd_device(0: none)
08-04 19:18:03.055   512  2967 D msm8974_platform: platform_send_audio_calibration: sending audio calibration for snd_device(2) acdb_id(15)
08-04 19:18:03.056   512  2967 I soundtrigger: audio_extn_sound_trigger_update_device_status: device 0x2 of type 0 for Event 1
08-04 19:18:03.066   512  2967 D audio_hw_primary: enable_snd_device: snd_device(2: speaker)
08-04 19:18:03.068   512  2967 D audio_hw_primary: enable_audio_route: apply and update mixer path: low-latency-playback speaker
08-04 19:18:03.084  3560  4171 D DBReader: getFeed() called with: feedId = [2]
08-04 19:18:03.086  3560  4171 D DBReader: getFeedItemList() called with: feed = [baseline.de.danoeh.antennapod.core.feed.Feed@2]
08-04 19:18:03.095  3560  3560 D androidx.gridlayout.widget.GridLayout: horizontal constraints: x2-x0>=1328, x2-x1<=0, x1-x0<=242 are inconsistent; permanently removing: x2-x1<=0. 
08-04 19:18:03.095  3560  3560 D androidx.gridlayout.widget.GridLayout: vertical constraints: y3-y2>=80, y3-y2<=66, y2-y1<=94, y1-y0<=94 are inconsistent; permanently removing: y3-y2<=66. 
08-04 19:18:03.163  3560  3573 I art     : Starting a blocking GC Explicit
08-04 19:18:03.185  3560  4171 W PodDBAdapter: Length of id array is larger than 800. Creating multiple cursors
08-04 19:18:03.195   918   936 I ActivityManager: Displayed baseline.de.danoeh.antennapod.debug/baseline.de.danoeh.antennapod.activity.FeedInfoActivity: +143ms
08-04 19:18:03.197 13866 13866 I GoogleInputMethodServic: GoogleInputMethodService.onFinishInput():3138 
08-04 19:18:03.201 13866 13866 I GoogleInputMethodServic: GoogleInputMethodService.onStartInput():1808 
08-04 19:18:03.229  3560  3573 I art     : Explicit concurrent mark sweep GC freed 7965(473KB) AllocSpace objects, 2(36KB) LOS objects, 26% free, 44MB/60MB, paused 2.035ms total 65.340ms
08-04 19:18:03.231  3560  3581 D OpenGLRenderer: endAllStagingAnimators on 0x7f7c552400 (RippleDrawable) with handle 0x7f7d477760
08-04 19:18:03.246  3560  3573 I art     : Starting a blocking GC Explicit
08-04 19:18:03.281  3560  3560 D FeedInfoActivity: Language is en
08-04 19:18:03.282  3560  3560 D FeedInfoActivity: Author is Joe Rogan
08-04 19:18:03.282  3560  3560 D FeedInfoActivity: URL is http://joeroganexp.joerogan.libsynpro.com/rss
08-04 19:18:03.286  3560  4563 D ApOkHttpUrlLoader: buildLoadData() called with: model = [http://static.libsyn.com/p/assets/7/1/f/3/71f3014e14ef2722/JREiTunesImage2.jpg], width = [1440], height = [462]
08-04 19:18:03.296   918  6112 W IntentResolver: resolveIntent: multiple matches, only some with CATEGORY_DEFAULT
08-04 19:18:03.300  3560  3573 I art     : Explicit concurrent mark sweep GC freed 5675(128KB) AllocSpace objects, 0(0B) LOS objects, 25% free, 47MB/63MB, paused 1.961ms total 54.366ms
08-04 19:18:03.306  3560  3560 D androidx.gridlayout.widget.GridLayout: horizontal constraints: x2-x0>=1328, x2-x1<=232, x1-x0<=242 are inconsistent; permanently removing: x2-x1<=232. 
08-04 19:18:03.306  3560  3560 D androidx.gridlayout.widget.GridLayout: vertical constraints: y3-y2>=80, y3-y2<=66, y2-y1<=94, y1-y0<=94 are inconsistent; permanently removing: y3-y2<=66. 
08-04 19:18:03.318  3560  3573 I art     : Starting a blocking GC Explicit
08-04 19:18:03.369  3560  3573 I art     : Explicit concurrent mark sweep GC freed 2146(82KB) AllocSpace objects, 1(16KB) LOS objects, 25% free, 47MB/63MB, paused 1.394ms total 50.530ms
08-04 19:18:03.386  3560  3573 I art     : Starting a blocking GC Explicit
08-04 19:18:03.438   380   380 W SurfaceFlinger: couldn't log to binary event log: overflow.
08-04 19:18:03.452  3560  3573 I art     : Explicit concurrent mark sweep GC freed 277(22KB) AllocSpace objects, 0(0B) LOS objects, 25% free, 47MB/63MB, paused 1.422ms total 66.035ms
08-04 19:18:03.468  3560  3573 I art     : Starting a blocking GC Explicit
08-04 19:18:03.519  3560  3573 I art     : Explicit concurrent mark sweep GC freed 3(96B) AllocSpace objects, 0(0B) LOS objects, 25% free, 47MB/63MB, paused 1.571ms total 50.987ms
08-04 19:18:03.584  3560  3560 D PlaybackController: Releasing PlaybackController
08-04 19:18:03.608   512  2967 D audio_hw_primary: disable_audio_route: reset and update mixer path: low-latency-playback speaker
08-04 19:18:03.609   512  2967 D audio_hw_primary: disable_snd_device: snd_device(2: speaker)
08-04 19:18:03.618   512  2967 I soundtrigger: audio_extn_sound_trigger_update_device_status: device 0x2 of type 0 for Event 0
08-04 19:18:03.863  3560  4182 I art     : Starting a blocking GC Explicit
08-04 19:18:03.941  3560  4182 I art     : Explicit concurrent mark sweep GC freed 1790(102KB) AllocSpace objects, 1(20KB) LOS objects, 25% free, 47MB/63MB, paused 1.631ms total 76.968ms
08-04 19:18:03.958  3560  4182 I art     : Starting a blocking GC Explicit
08-04 19:18:04.018  3560  4182 I art     : Explicit concurrent mark sweep GC freed 47(1568B) AllocSpace objects, 0(0B) LOS objects, 25% free, 47MB/63MB, paused 1.478ms total 58.916ms
08-04 19:18:04.021 31450 31450 I ServiceManager: Waiting for service AtCmdFwd...
08-04 19:18:04.040  3560  4182 I art     : Starting a blocking GC Explicit
08-04 19:18:04.096  3560  4182 I art     : Explicit concurrent mark sweep GC freed 3(96B) AllocSpace objects, 0(0B) LOS objects, 25% free, 47MB/63MB, paused 1.488ms total 56.086ms
08-04 19:18:04.096  3560  3571 I art     : WaitForGcToComplete blocked for 45.396ms for cause HeapTrim
08-04 19:18:04.113  3560  4182 I art     : Starting a blocking GC Explicit
08-04 19:18:04.170  3560  4182 I art     : Explicit concurrent mark sweep GC freed 3(96B) AllocSpace objects, 0(0B) LOS objects, 25% free, 47MB/63MB, paused 1.497ms total 57.105ms
08-04 19:18:04.187  3560  4182 I art     : Starting a blocking GC Explicit
08-04 19:18:04.245  3560  4182 I art     : Explicit concurrent mark sweep GC freed 3(96B) AllocSpace objects, 0(0B) LOS objects, 25% free, 47MB/63MB, paused 1.464ms total 57.869ms
08-04 19:18:04.581  3560  5849 I art     : Starting a blocking GC Explicit
08-04 19:18:04.655  3560  5849 I art     : Explicit concurrent mark sweep GC freed 1372(80KB) AllocSpace objects, 1(20KB) LOS objects, 25% free, 47MB/63MB, paused 1.511ms total 73.859ms
08-04 19:18:04.672  3560  5849 I art     : Starting a blocking GC Explicit
08-04 19:18:04.731  3560  5849 I art     : Explicit concurrent mark sweep GC freed 54(1600B) AllocSpace objects, 0(0B) LOS objects, 25% free, 47MB/63MB, paused 1.538ms total 58.864ms
08-04 19:18:04.751  3560  5849 I art     : Starting a blocking GC Explicit
08-04 19:18:04.812  3560  5849 I art     : Explicit concurrent mark sweep GC freed 11(352B) AllocSpace objects, 0(0B) LOS objects, 25% free, 47MB/63MB, paused 1.576ms total 60.705ms
08-04 19:18:04.829  3560  5849 I art     : Starting a blocking GC Explicit
08-04 19:18:04.889  3560  5849 I art     : Explicit concurrent mark sweep GC freed 13(416B) AllocSpace objects, 0(0B) LOS objects, 25% free, 47MB/63MB, paused 1.477ms total 60.088ms
08-04 19:18:04.907  3560  5849 I art     : Starting a blocking GC Explicit
08-04 19:18:04.966  3560  5849 I art     : Explicit concurrent mark sweep GC freed 10(320B) AllocSpace objects, 0(0B) LOS objects, 25% free, 47MB/63MB, paused 1.595ms total 58.760ms
08-04 19:18:05.022 31450 31450 I ServiceManager: Waiting for service AtCmdFwd...
08-04 19:18:05.348  3560  3582 I art     : Starting a blocking GC Explicit
08-04 19:18:05.428  3560  3582 I art     : Explicit concurrent mark sweep GC freed 1372(80KB) AllocSpace objects, 1(20KB) LOS objects, 25% free, 47MB/63MB, paused 1.859ms total 80.031ms
08-04 19:18:05.448  3560  3582 I art     : Starting a blocking GC Explicit
08-04 19:18:05.512  3560  3582 I art     : Explicit concurrent mark sweep GC freed 23(752B) AllocSpace objects, 0(0B) LOS objects, 25% free, 47MB/63MB, paused 1.476ms total 63.369ms
08-04 19:18:05.528  3560  3582 I art     : Starting a blocking GC Explicit
08-04 19:18:05.593  3560  3582 I art     : Explicit concurrent mark sweep GC freed 3(96B) AllocSpace objects, 0(0B) LOS objects, 25% free, 47MB/63MB, paused 1.532ms total 64.006ms
08-04 19:18:05.610  3560  3582 I art     : Starting a blocking GC Explicit
08-04 19:18:05.671  3560  3582 I art     : Explicit concurrent mark sweep GC freed 3(96B) AllocSpace objects, 0(0B) LOS objects, 25% free, 47MB/63MB, paused 1.517ms total 60.675ms
08-04 19:18:05.688  3560  3582 I art     : Starting a blocking GC Explicit
08-04 19:18:05.752  3560  3582 I art     : Explicit concurrent mark sweep GC freed 32(880B) AllocSpace objects, 0(0B) LOS objects, 25% free, 47MB/63MB, paused 1.504ms total 64.237ms
08-04 19:18:06.022 31450 31450 I ServiceManager: Waiting for service AtCmdFwd...
08-04 19:18:06.113  3560  4182 I art     : Starting a blocking GC Explicit
08-04 19:18:06.183  3560  4182 I art     : Explicit concurrent mark sweep GC freed 1373(82KB) AllocSpace objects, 1(20KB) LOS objects, 25% free, 47MB/63MB, paused 1.525ms total 69.340ms
08-04 19:18:06.200  3560  4182 I art     : Starting a blocking GC Explicit
08-04 19:18:06.262  3560  4182 I art     : Explicit concurrent mark sweep GC freed 23(752B) AllocSpace objects, 0(0B) LOS objects, 25% free, 47MB/63MB, paused 1.532ms total 61.316ms
08-04 19:18:06.279  3560  4182 I art     : Starting a blocking GC Explicit
08-04 19:18:06.336  3560  4182 I art     : Explicit concurrent mark sweep GC freed 3(96B) AllocSpace objects, 0(0B) LOS objects, 25% free, 47MB/63MB, paused 1.544ms total 56.401ms
08-04 19:18:06.352  3560  4182 I art     : Starting a blocking GC Explicit
08-04 19:18:06.384   918  3261 D WifiStateMachine: starting scan for "H369AA63323"WPA_PSK with 2412,5180
08-04 19:18:06.410  3560  4182 I art     : Explicit concurrent mark sweep GC freed 3(96B) AllocSpace objects, 0(0B) LOS objects, 25% free, 47MB/63MB, paused 1.479ms total 57.278ms
08-04 19:18:06.426  3560  4182 I art     : Starting a blocking GC Explicit
08-04 19:18:06.482  3560  4182 I art     : Explicit concurrent mark sweep GC freed 3(96B) AllocSpace objects, 0(0B) LOS objects, 25% free, 47MB/63MB, paused 1.478ms total 55.810ms
08-04 19:18:06.801  3560  3582 I art     : Starting a blocking GC Explicit
08-04 19:18:06.864  3560  3582 I art     : Explicit concurrent mark sweep GC freed 1402(82KB) AllocSpace objects, 1(20KB) LOS objects, 25% free, 47MB/63MB, paused 1.551ms total 62.554ms
08-04 19:18:06.883  3560  3582 I art     : Starting a blocking GC Explicit
08-04 19:18:06.943  3560  3582 I art     : Explicit concurrent mark sweep GC freed 35(1232B) AllocSpace objects, 0(0B) LOS objects, 25% free, 47MB/63MB, paused 1.493ms total 59.163ms
08-04 19:18:06.960  3560  3582 I art     : Starting a blocking GC Explicit
08-04 19:18:07.023 31450 31450 I ServiceManager: Waiting for service AtCmdFwd...
08-04 19:18:07.027  3560  3582 I art     : Explicit concurrent mark sweep GC freed 3(96B) AllocSpace objects, 0(0B) LOS objects, 25% free, 47MB/63MB, paused 1.614ms total 66.931ms
08-04 19:18:07.047  3560  3582 I art     : Starting a blocking GC Explicit
08-04 19:18:07.116  3560  3582 I art     : Explicit concurrent mark sweep GC freed 3(96B) AllocSpace objects, 0(0B) LOS objects, 25% free, 47MB/63MB, paused 1.488ms total 68.287ms
08-04 19:18:07.135  3560  3582 I art     : Starting a blocking GC Explicit
08-04 19:18:07.198  3560  3582 I art     : Explicit concurrent mark sweep GC freed 3(96B) AllocSpace objects, 0(0B) LOS objects, 25% free, 47MB/63MB, paused 1.569ms total 62.456ms
08-04 19:18:07.514  3560  4182 I art     : Starting a blocking GC Explicit
08-04 19:18:07.585  3560  4182 I art     : Explicit concurrent mark sweep GC freed 2075(106KB) AllocSpace objects, 1(20KB) LOS objects, 25% free, 47MB/63MB, paused 1.653ms total 70.666ms
08-04 19:18:07.602  3560  4182 I art     : Starting a blocking GC Explicit
08-04 19:18:07.659  3560  4182 I art     : Explicit concurrent mark sweep GC freed 23(752B) AllocSpace objects, 0(0B) LOS objects, 25% free, 47MB/63MB, paused 1.640ms total 56.389ms
08-04 19:18:07.676  3560  4182 I art     : Starting a blocking GC Explicit
08-04 19:18:07.736  3560  4182 I art     : Explicit concurrent mark sweep GC freed 32(880B) AllocSpace objects, 0(0B) LOS objects, 25% free, 47MB/63MB, paused 1.449ms total 60.204ms
08-04 19:18:07.753  3560  4182 I art     : Starting a blocking GC Explicit
08-04 19:18:07.812  3560  4182 I art     : Explicit concurrent mark sweep GC freed 3(96B) AllocSpace objects, 0(0B) LOS objects, 25% free, 47MB/63MB, paused 1.528ms total 58.904ms
08-04 19:18:07.829  3560  4182 I art     : Starting a blocking GC Explicit
08-04 19:18:07.867  6285  6285 D AndroidRuntime: >>>>>> START com.android.internal.os.RuntimeInit uid 2000 <<<<<<
08-04 19:18:07.873  6285  6285 D AndroidRuntime: CheckJNI is OFF
08-04 19:18:07.886  3560  4182 I art     : Explicit concurrent mark sweep GC freed 3(96B) AllocSpace objects, 0(0B) LOS objects, 25% free, 47MB/63MB, paused 1.553ms total 56.886ms
08-04 19:18:07.922  6285  6285 D ICU     : No timezone override file found: /data/misc/zoneinfo/current/icu/icu_tzdata.dat
08-04 19:18:07.968  6285  6285 I Radio-JNI: register_android_hardware_Radio DONE
08-04 19:18:07.997  6285  6285 D AndroidRuntime: Calling main entry com.android.commands.input.Input
08-04 19:18:07.999  6285  6285 I Input   : injectKeyEvent: KeyEvent { action=ACTION_DOWN, keyCode=KEYCODE_BACK, scanCode=0, metaState=0, flags=0x0, repeatCount=0, eventTime=731904412, downTime=731904412, deviceId=-1, source=0x101 }
08-04 19:18:08.006  6285  6285 I Input   : injectKeyEvent: KeyEvent { action=ACTION_UP, keyCode=KEYCODE_BACK, scanCode=0, metaState=0, flags=0x0, repeatCount=0, eventTime=731904412, downTime=731904412, deviceId=-1, source=0x101 }
08-04 19:18:08.012  6285  6285 D AndroidRuntime: Shutting down VM
08-04 19:18:08.017  3560  3560 V PlaybackController: initServiceNotRunning()
08-04 19:18:08.018  3560  3560 D ExternalPlayerFragment: Loading media info
08-04 19:18:08.020  3560  3560 D ItemlistFragment: onEventMainThread() called with: event = [DownloadEvent{update=DownloaderUpdate{downloaders=[], feedIds=[], mediaIds=[]}}]
08-04 19:18:08.021  3560  4563 D ApOkHttpUrlLoader: buildLoadData() called with: model = [http://static.libsyn.com/p/assets/7/1/f/3/71f3014e14ef2722/JREiTunesImage2.jpg], width = [1440], height = [462]
08-04 19:18:08.024 31450 31450 W Atfwd_Sendcmd: AtCmdFwd service not published, waiting... retryCnt : 2
08-04 19:18:08.028  3560  3560 D UserPreferences: Using default data folder
08-04 19:18:08.028  3560  4171 D DBReader: getNavDrawerData() called with: 
08-04 19:18:08.029  3560  4170 D DBReader: getFeed() called with: feedId = [2]
08-04 19:18:08.034  3560  4170 D DBReader: getFeedItemList() called with: feed = [baseline.de.danoeh.antennapod.core.feed.Feed@2]
08-04 19:18:08.050  3560  3560 D FeedMenuHandler: Preparing options menu
08-04 19:18:08.060  3560  4171 D DBReader: getDownloadedItems() called
08-04 19:18:08.062  3560  4171 D DBReader: getFavoriteIDList() called
08-04 19:18:08.062  3560  4171 D DBReader: getQueueIDList() called
08-04 19:18:08.063  3560  4171 D DBReader: Extracting Feedlist
08-04 19:18:08.094  3560  3560 D MainActivity: getLastNavFragment() -> 2
08-04 19:18:08.100 13866 13866 I GoogleInputMethodServic: GoogleInputMethodService.onFinishInput():3138 
08-04 19:18:08.100 13866 13866 I GoogleInputMethodServic: GoogleInputMethodService.onStartInput():1808 
08-04 19:18:08.133  3560  4170 W PodDBAdapter: Length of id array is larger than 800. Creating multiple cursors
08-04 19:18:08.198  3560  3572 I art     : Starting a blocking GC Explicit
08-04 19:18:08.226  3560  4170 D DBReader: getFavoriteIDList() called
08-04 19:18:08.227  3560  4170 D DBReader: getQueueIDList() called
08-04 19:18:08.228  3560  4170 D DBReader: Extracting Feedlist
08-04 19:18:08.234  3560  4563 D ApOkHttpUrlLoader: buildLoadData() called with: model = [http://static.libsyn.com/p/assets/7/1/f/3/71f3014e14ef2722/JREiTunesImage2.jpg], width = [1440], height = [462]
08-04 19:18:08.251  3560  3560 D FeedMenuHandler: Preparing options menu
08-04 19:18:08.271  3560  3572 I art     : Explicit concurrent mark sweep GC freed 40317(2MB) AllocSpace objects, 2(36KB) LOS objects, 23% free, 52MB/68MB, paused 2.678ms total 73.144ms
08-04 19:18:08.288  3560  3572 I art     : Starting a blocking GC Explicit
08-04 19:18:08.346  3560  3572 I art     : Explicit concurrent mark sweep GC freed 3961(193KB) AllocSpace objects, 1(16KB) LOS objects, 23% free, 52MB/68MB, paused 1.587ms total 57.183ms
08-04 19:18:08.368  3560  3572 I art     : Starting a blocking GC Explicit
08-04 19:18:08.420  3560  3572 I art     : Explicit concurrent mark sweep GC freed 835(61KB) AllocSpace objects, 0(0B) LOS objects, 23% free, 52MB/68MB, paused 1.304ms total 51.946ms
08-04 19:18:08.426   380   380 W SurfaceFlinger: couldn't log to binary event log: overflow.
08-04 19:18:08.435  3560  3572 I art     : Starting a blocking GC Explicit
08-04 19:18:08.487  3560  3572 I art     : Explicit concurrent mark sweep GC freed 606(25KB) AllocSpace objects, 0(0B) LOS objects, 23% free, 52MB/68MB, paused 1.330ms total 51.383ms
08-04 19:18:08.502  3560  3572 I art     : Starting a blocking GC Explicit
08-04 19:18:08.553  3560  3572 I art     : Explicit concurrent mark sweep GC freed 17(1120B) AllocSpace objects, 0(0B) LOS objects, 23% free, 52MB/68MB, paused 1.376ms total 50.541ms
08-04 19:18:08.863  3560  5849 I art     : Starting a blocking GC Explicit
08-04 19:18:08.912  3560  5849 I art     : Explicit concurrent mark sweep GC freed 30678(2MB) AllocSpace objects, 4(104KB) LOS objects, 24% free, 50MB/66MB, paused 1.535ms total 48.311ms
08-04 19:18:08.926  3560  5849 I art     : Starting a blocking GC Explicit
08-04 19:18:08.972  3560  5849 I art     : Explicit concurrent mark sweep GC freed 23(752B) AllocSpace objects, 0(0B) LOS objects, 24% free, 50MB/66MB, paused 1.446ms total 45.987ms
08-04 19:18:08.986  3560  5849 I art     : Starting a blocking GC Explicit
08-04 19:18:09.034  3560  5849 I art     : Explicit concurrent mark sweep GC freed 3(96B) AllocSpace objects, 0(0B) LOS objects, 24% free, 50MB/66MB, paused 1.459ms total 47.077ms
08-04 19:18:09.048  3560  5849 I art     : Starting a blocking GC Explicit
08-04 19:18:09.096  3560  5849 I art     : Explicit concurrent mark sweep GC freed 3(96B) AllocSpace objects, 0(0B) LOS objects, 24% free, 50MB/66MB, paused 1.480ms total 47.721ms
08-04 19:18:09.111  3560  5849 I art     : Starting a blocking GC Explicit
08-04 19:18:09.159  3560  5849 I art     : Explicit concurrent mark sweep GC freed 3(96B) AllocSpace objects, 0(0B) LOS objects, 24% free, 50MB/66MB, paused 1.529ms total 47.874ms
08-04 19:18:09.472  3560  4182 I art     : Starting a blocking GC Explicit
08-04 19:18:09.522  3560  4182 I art     : Explicit concurrent mark sweep GC freed 1374(81KB) AllocSpace objects, 1(20KB) LOS objects, 24% free, 50MB/66MB, paused 1.481ms total 49.383ms
08-04 19:18:09.537  3560  4182 I art     : Starting a blocking GC Explicit
08-04 19:18:09.582  3560  4182 I art     : Explicit concurrent mark sweep GC freed 23(752B) AllocSpace objects, 0(0B) LOS objects, 24% free, 50MB/66MB, paused 1.538ms total 45.235ms
08-04 19:18:09.597   918 13198 D NetlinkSocketObserver: NeighborEvent{elapsedMs=1715293471, 192.168.2.254, [7C3953A63323], RTM_NEWNEIGH, NUD_PROBE}
08-04 19:18:09.597  3560  4182 I art     : Starting a blocking GC Explicit
08-04 19:18:09.646  3560  4182 I art     : Explicit concurrent mark sweep GC freed 3(96B) AllocSpace objects, 0(0B) LOS objects, 24% free, 50MB/66MB, paused 1.411ms total 49.473ms
08-04 19:18:09.661  3560  4182 I art     : Starting a blocking GC Explicit
08-04 19:18:09.711  3560  4182 I art     : Explicit concurrent mark sweep GC freed 35(976B) AllocSpace objects, 0(0B) LOS objects, 24% free, 50MB/66MB, paused 1.582ms total 49.864ms
08-04 19:18:09.728  3560  4182 I art     : Starting a blocking GC Explicit
08-04 19:18:09.775  3560  4182 I art     : Explicit concurrent mark sweep GC freed 12(384B) AllocSpace objects, 0(0B) LOS objects, 24% free, 50MB/66MB, paused 1.538ms total 47.200ms
08-04 19:18:09.830  6329  6329 D AndroidRuntime: >>>>>> START com.android.internal.os.RuntimeInit uid 2000 <<<<<<
08-04 19:18:09.836  6329  6329 D AndroidRuntime: CheckJNI is OFF
08-04 19:18:09.878  6329  6329 D ICU     : No timezone override file found: /data/misc/zoneinfo/current/icu/icu_tzdata.dat
08-04 19:18:09.920  6329  6329 I Radio-JNI: register_android_hardware_Radio DONE
08-04 19:18:09.949  6329  6329 D AndroidRuntime: Calling main entry com.android.commands.input.Input
08-04 19:18:09.953  6329  6329 I Input   : injectMotionEvent: MotionEvent { action=ACTION_DOWN, actionButton=0, id[0]=0, x[0]=733.0, y[0]=896.0, toolType[0]=TOOL_TYPE_UNKNOWN, buttonState=0, metaState=0, flags=0x0, edgeFlags=0x0, pointerCount=1, historySize=0, eventTime=731906364, downTime=731906364, deviceId=0, source=0x1002 }
08-04 19:18:09.960  6329  6329 I Input   : injectMotionEvent: MotionEvent { action=ACTION_UP, actionButton=0, id[0]=0, x[0]=733.0, y[0]=896.0, toolType[0]=TOOL_TYPE_UNKNOWN, buttonState=0, metaState=0, flags=0x0, edgeFlags=0x0, pointerCount=1, historySize=0, eventTime=731906364, downTime=731906364, deviceId=0, source=0x1002 }
08-04 19:18:09.963  6329  6329 D AndroidRuntime: Shutting down VM
08-04 19:18:10.029   512  2967 D audio_hw_primary: out_set_parameters: enter: usecase(1: low-latency-playback) kvpairs: routing=2
08-04 19:18:10.042   512  2967 D audio_hw_primary: select_devices: out_snd_device(2: speaker) in_snd_device(0: none)
08-04 19:18:10.042   512  2967 D msm8974_platform: platform_send_audio_calibration: sending audio calibration for snd_device(2) acdb_id(15)
08-04 19:18:10.042   512  2967 I soundtrigger: audio_extn_sound_trigger_update_device_status: device 0x2 of type 0 for Event 1
08-04 19:18:10.049  3560  3560 I WebViewFactory: Loading com.google.android.webview version 84.0.4147.89 (code 414708953)
08-04 19:18:10.055   512  2967 D audio_hw_primary: enable_snd_device: snd_device(2: speaker)
08-04 19:18:10.057   512  2967 D audio_hw_primary: enable_audio_route: apply and update mixer path: low-latency-playback speaker
08-04 19:18:10.118  3560  5849 I art     : Starting a blocking GC Explicit
08-04 19:18:10.142  3560  3560 I cr_LibraryLoader: Loaded native library version number "84.0.4147.89"
08-04 19:18:10.142  3560  3560 I cr_CachingUmaRecorder: Flushed 5 samples from 5 histograms.
08-04 19:18:10.168  3560  5849 I art     : Explicit concurrent mark sweep GC freed 6659(542KB) AllocSpace objects, 3(60KB) LOS objects, 23% free, 51MB/67MB, paused 1.850ms total 49.466ms
08-04 19:18:10.184  3560  5849 I art     : Starting a blocking GC Explicit
08-04 19:18:10.196  3560  3560 E chromium: [ERROR:filesystem_posix.cc(62)] mkdir /data/user/0/baseline.de.danoeh.antennapod.debug/cache/WebView/Crashpad: No such file or directory (2)
08-04 19:18:10.232  3560  5849 I art     : Explicit concurrent mark sweep GC freed 1284(139KB) AllocSpace objects, 0(0B) LOS objects, 23% free, 51MB/67MB, paused 2.027ms total 47.373ms
08-04 19:18:10.265  3560  5849 I art     : Starting a blocking GC Explicit
08-04 19:18:10.299   918  3961 D ConnectivityService: listenForNetwork for Listen from uid/pid:10670/3560 for NetworkRequest [ id=2863, legacyType=-1, [ Capabilities: INTERNET&NOT_RESTRICTED&TRUSTED] ]
08-04 19:18:10.319  3560  5849 I art     : Explicit concurrent mark sweep GC freed 951(81KB) AllocSpace objects, 0(0B) LOS objects, 23% free, 51MB/67MB, paused 2.086ms total 53.537ms
08-04 19:18:10.333  3560  5849 I art     : Starting a blocking GC Explicit
08-04 19:18:10.345  3560  3580 D DBReader: getFeedItem() called with: itemId = [2]
08-04 19:18:10.345  3560  3580 D DBReader: Loading feeditem with id 2
08-04 19:18:10.347  3560  3560 D ItemFragment: onEventMainThread() called with: event = [DownloadEvent{update=DownloaderUpdate{downloaders=[], feedIds=[], mediaIds=[]}}]
08-04 19:18:10.349  3560  3580 D DBReader: getFavoriteIDList() called
08-04 19:18:10.350  3560  3580 D DBReader: getQueueIDList() called
08-04 19:18:10.350  3560  3580 D DBReader: Extracting Feedlist
08-04 19:18:10.352 13866 13866 I GoogleInputMethodServic: GoogleInputMethodService.onFinishInput():3138 
08-04 19:18:10.353 13866 13866 I GoogleInputMethodServic: GoogleInputMethodService.onStartInput():1808 
08-04 19:18:10.358  3560  3580 D DBReader: loadExtraInformationOfFeedItem() called with: item = [FeedItem[autoDownload=1,chapters=<null>,contentEncoded=<null>,description=<null>,feed=baseline.de.danoeh.antennapod.core.feed.Feed@455b644,feedId=2,flattrStatus=baseline.de.danoeh.antennapod.core.util.flattr.FlattrStatus@29f832d,hasChapters=false,imageUrl=http://static.libsyn.com/p/assets/2/7/8/6/278615fe73b1f0ca/JRE1514.jpg,itemIdentifier=a0870b6b-c887-4883-930c-a06d5e1a8f7e,link=http://traffic.libsyn.com/joeroganexp/p1514.mp3,media=baseline.de.danoeh.antennapod.core.feed.FeedMedia@9b0c062,paymentLink=<null>,pubDate=Fri Jul 24 21:00:00 GMT+02:00 2020,state=-1,tags=[],title=#1514 - Joe De Sena,id=2]]
08-04 19:18:10.363  3560  3560 E libEGL  : validate_display:255 error 3008 (EGL_BAD_DISPLAY)
08-04 19:18:10.381  3560  5849 I art     : Explicit concurrent mark sweep GC freed 3642(258KB) AllocSpace objects, 1(68KB) LOS objects, 23% free, 51MB/67MB, paused 1.940ms total 48.178ms
08-04 19:18:10.395  3560  5849 I art     : Starting a blocking GC Explicit
08-04 19:18:10.433   918   935 D BluetoothManagerService: Added callback: android.bluetooth.IBluetoothManagerCallback$Stub$Proxy@51d956d:true
08-04 19:18:10.447  3560  4563 D ApOkHttpUrlLoader: buildLoadData() called with: model = [http://static.libsyn.com/p/assets/2/7/8/6/278615fe73b1f0ca/JRE1514.jpg], width = [175], height = [175]
08-04 19:18:10.450  3560  4384 D DBReader: getImageAuthentication() called with: imageUrl = [http://static.libsyn.com/p/assets/2/7/8/6/278615fe73b1f0ca/JRE1514.jpg]
08-04 19:18:10.460  3560  4384 D ApOkHttpUrlLoader: no credentials for 'http://static.libsyn.com/p/assets/2/7/8/6/278615fe73b1f0ca/JRE1514.jpg'
08-04 19:18:10.461  3560  5849 I art     : Explicit concurrent mark sweep GC freed 960(68KB) AllocSpace objects, 0(0B) LOS objects, 23% free, 51MB/67MB, paused 3.705ms total 66.135ms
08-04 19:18:10.508  3560  4384 D MYTAG   : interceptor 2a
08-04 19:18:10.508  3560  4384 I NAPPA_EXPERIMENTATION: MetricNetworkRequestExecutionTime: REQUEST_DURATION_SYSTEM='47',REQUEST_DURATION_OKHTTP='46',REQUEST_SYNCHRONOUS='TRUE',RESPONSE_CODE='200',RESPONSE_METHOD='GET',RESPONSE_LENGTH_OKHTTP='364960',RESPONSE_LENGTH_HEADER='364960',REQUEST_PROTOCOL='http/1.1',REQUEST_URL='http://static.libsyn.com/p/assets/2/7/8/6/278615fe73b1f0ca/JRE1514.jpg',
08-04 19:18:10.599   512  2967 D audio_hw_primary: disable_audio_route: reset and update mixer path: low-latency-playback speaker
08-04 19:18:10.600   512  2967 D audio_hw_primary: disable_snd_device: snd_device(2: speaker)
08-04 19:18:10.608   512  2967 I soundtrigger: audio_extn_sound_trigger_update_device_status: device 0x2 of type 0 for Event 0
08-04 19:18:10.815  3560  5849 I art     : Starting a blocking GC Explicit
08-04 19:18:10.872  3560  5849 I art     : Explicit concurrent mark sweep GC freed 3559(248KB) AllocSpace objects, 5(132KB) LOS objects, 23% free, 51MB/67MB, paused 1.625ms total 56.307ms
08-04 19:18:10.887  3560  5849 I art     : Starting a blocking GC Explicit
08-04 19:18:10.936  3560  5849 I art     : Explicit concurrent mark sweep GC freed 179(8KB) AllocSpace objects, 0(0B) LOS objects, 23% free, 51MB/67MB, paused 1.427ms total 47.989ms
08-04 19:18:10.950  3560  5849 I art     : Starting a blocking GC Explicit
08-04 19:18:11.001  3560  5849 I art     : Explicit concurrent mark sweep GC freed 11(352B) AllocSpace objects, 0(0B) LOS objects, 23% free, 51MB/67MB, paused 1.465ms total 50.754ms
08-04 19:18:11.017  3560  5849 I art     : Starting a blocking GC Explicit
08-04 19:18:11.070  3560  5849 I art     : Explicit concurrent mark sweep GC freed 11(352B) AllocSpace objects, 0(0B) LOS objects, 23% free, 51MB/67MB, paused 1.495ms total 52.214ms
08-04 19:18:11.086  3560  5849 I art     : Starting a blocking GC Explicit
08-04 19:18:11.137  3560  5849 I art     : Explicit concurrent mark sweep GC freed 11(352B) AllocSpace objects, 0(0B) LOS objects, 23% free, 51MB/67MB, paused 1.671ms total 50.962ms
08-04 19:18:11.509  3560  5849 I art     : Starting a blocking GC Explicit
08-04 19:18:11.569  3560  5849 I art     : Explicit concurrent mark sweep GC freed 1434(82KB) AllocSpace objects, 1(20KB) LOS objects, 23% free, 51MB/67MB, paused 1.793ms total 59.303ms
08-04 19:18:11.587  3560  5849 I art     : Starting a blocking GC Explicit
08-04 19:18:11.638  3560  5849 I art     : Explicit concurrent mark sweep GC freed 33(1072B) AllocSpace objects, 0(0B) LOS objects, 23% free, 51MB/67MB, paused 1.648ms total 51.050ms
08-04 19:18:11.653  3560  5849 I art     : Starting a blocking GC Explicit
08-04 19:18:11.708  3560  5849 I art     : Explicit concurrent mark sweep GC freed 40(1136B) AllocSpace objects, 0(0B) LOS objects, 23% free, 51MB/67MB, paused 1.770ms total 54.176ms
08-04 19:18:11.723  3560  5849 I art     : Starting a blocking GC Explicit
08-04 19:18:11.778  3560  5849 I art     : Explicit concurrent mark sweep GC freed 11(352B) AllocSpace objects, 0(0B) LOS objects, 23% free, 51MB/67MB, paused 1.702ms total 53.981ms
08-04 19:18:11.794  3560  5849 I art     : Starting a blocking GC Explicit
08-04 19:18:11.848  3560  5849 I art     : Explicit concurrent mark sweep GC freed 11(352B) AllocSpace objects, 0(0B) LOS objects, 23% free, 51MB/67MB, paused 1.791ms total 53.862ms
08-04 19:18:12.250  3560  4182 I art     : Starting a blocking GC Explicit
08-04 19:18:12.307  3560  4182 I art     : Explicit concurrent mark sweep GC freed 1458(83KB) AllocSpace objects, 1(20KB) LOS objects, 23% free, 51MB/67MB, paused 1.643ms total 55.988ms
08-04 19:18:12.322  3560  4182 I art     : Starting a blocking GC Explicit
08-04 19:18:12.377  3560  4182 I art     : Explicit concurrent mark sweep GC freed 23(752B) AllocSpace objects, 0(0B) LOS objects, 23% free, 51MB/67MB, paused 1.720ms total 54.851ms
08-04 19:18:12.393  3560  4182 I art     : Starting a blocking GC Explicit
08-04 19:18:12.454  3560  4182 I art     : Explicit concurrent mark sweep GC freed 3(96B) AllocSpace objects, 0(0B) LOS objects, 23% free, 51MB/67MB, paused 1.790ms total 60.759ms
08-04 19:18:12.473  3560  4182 I art     : Starting a blocking GC Explicit
08-04 19:18:12.531  3560  4182 I art     : Explicit concurrent mark sweep GC freed 3(96B) AllocSpace objects, 0(0B) LOS objects, 23% free, 51MB/67MB, paused 1.721ms total 57.049ms
08-04 19:18:12.547  3560  4182 I art     : Starting a blocking GC Explicit
08-04 19:18:12.605  3560  4182 I art     : Explicit concurrent mark sweep GC freed 3(96B) AllocSpace objects, 0(0B) LOS objects, 23% free, 51MB/67MB, paused 1.658ms total 57.913ms
08-04 19:18:12.998  3560  3573 I art     : Starting a blocking GC Explicit
08-04 19:18:13.068  3560  3573 I art     : Explicit concurrent mark sweep GC freed 1411(82KB) AllocSpace objects, 1(20KB) LOS objects, 23% free, 51MB/67MB, paused 1.706ms total 68.704ms
08-04 19:18:13.086  3560  3573 I art     : Starting a blocking GC Explicit
08-04 19:18:13.142  3560  3573 I art     : Explicit concurrent mark sweep GC freed 23(752B) AllocSpace objects, 0(0B) LOS objects, 23% free, 51MB/67MB, paused 1.686ms total 55.634ms
08-04 19:18:13.157  3560  3573 I art     : Starting a blocking GC Explicit
08-04 19:18:13.216  3560  3573 I art     : Explicit concurrent mark sweep GC freed 3(96B) AllocSpace objects, 0(0B) LOS objects, 23% free, 51MB/67MB, paused 1.674ms total 58.495ms
08-04 19:18:13.235  3560  3573 I art     : Starting a blocking GC Explicit
08-04 19:18:13.291  3560  3573 I art     : Explicit concurrent mark sweep GC freed 3(96B) AllocSpace objects, 0(0B) LOS objects, 23% free, 51MB/67MB, paused 1.689ms total 55.957ms
08-04 19:18:13.307  3560  3573 I art     : Starting a blocking GC Explicit
08-04 19:18:13.364  3560  3573 I art     : Explicit concurrent mark sweep GC freed 3(96B) AllocSpace objects, 0(0B) LOS objects, 23% free, 51MB/67MB, paused 1.635ms total 56.466ms
08-04 19:18:13.763  3560  3582 I art     : Starting a blocking GC Explicit
08-04 19:18:13.832  3560  3582 I art     : Explicit concurrent mark sweep GC freed 1411(81KB) AllocSpace objects, 1(20KB) LOS objects, 23% free, 51MB/67MB, paused 1.816ms total 69.070ms
08-04 19:18:13.851  3560  3582 I art     : Starting a blocking GC Explicit
08-04 19:18:13.905  3560  3582 I art     : Explicit concurrent mark sweep GC freed 23(752B) AllocSpace objects, 0(0B) LOS objects, 23% free, 51MB/67MB, paused 1.680ms total 53.521ms
08-04 19:18:13.921  3560  3582 I art     : Starting a blocking GC Explicit
08-04 19:18:13.979  3560  3582 I art     : Explicit concurrent mark sweep GC freed 3(96B) AllocSpace objects, 0(0B) LOS objects, 23% free, 51MB/67MB, paused 1.825ms total 57.892ms
08-04 19:18:13.995  3560  3582 I art     : Starting a blocking GC Explicit
08-04 19:18:14.053  3560  3582 I art     : Explicit concurrent mark sweep GC freed 3(96B) AllocSpace objects, 0(0B) LOS objects, 23% free, 51MB/67MB, paused 1.771ms total 58.004ms
08-04 19:18:14.072  3560  3582 I art     : Starting a blocking GC Explicit
08-04 19:18:14.132  3560  3582 I art     : Explicit concurrent mark sweep GC freed 3(96B) AllocSpace objects, 0(0B) LOS objects, 23% free, 51MB/67MB, paused 1.602ms total 59.753ms
08-04 19:18:14.478  3560  5849 I art     : Starting a blocking GC Explicit
08-04 19:18:14.541  3560  5849 I art     : Explicit concurrent mark sweep GC freed 1421(85KB) AllocSpace objects, 1(20KB) LOS objects, 23% free, 51MB/67MB, paused 1.717ms total 62.969ms
08-04 19:18:14.542  3560  3571 I art     : WaitForGcToComplete blocked for 18.631ms for cause HeapTrim
08-04 19:18:14.557  3560  5849 I art     : Starting a blocking GC Explicit
08-04 19:18:14.609  3560  5849 I art     : Explicit concurrent mark sweep GC freed 23(752B) AllocSpace objects, 0(0B) LOS objects, 23% free, 51MB/67MB, paused 1.625ms total 52.281ms
08-04 19:18:14.625  3560  5849 I art     : Starting a blocking GC Explicit
08-04 19:18:14.680  3560  5849 I art     : Explicit concurrent mark sweep GC freed 3(96B) AllocSpace objects, 0(0B) LOS objects, 23% free, 51MB/67MB, paused 1.692ms total 54.791ms
08-04 19:18:14.695  3560  5849 I art     : Starting a blocking GC Explicit
08-04 19:18:14.748  3560  5849 I art     : Explicit concurrent mark sweep GC freed 32(880B) AllocSpace objects, 0(0B) LOS objects, 23% free, 51MB/67MB, paused 1.654ms total 52.610ms
08-04 19:18:14.763  3560  5849 I art     : Starting a blocking GC Explicit
08-04 19:18:14.795  6448  6448 D AndroidRuntime: >>>>>> START com.android.internal.os.RuntimeInit uid 2000 <<<<<<
08-04 19:18:14.801  6448  6448 D AndroidRuntime: CheckJNI is OFF
08-04 19:18:14.817  3560  5849 I art     : Explicit concurrent mark sweep GC freed 3(96B) AllocSpace objects, 0(0B) LOS objects, 23% free, 51MB/67MB, paused 1.614ms total 53.870ms
08-04 19:18:14.848  6448  6448 D ICU     : No timezone override file found: /data/misc/zoneinfo/current/icu/icu_tzdata.dat
08-04 19:18:14.892  6448  6448 I Radio-JNI: register_android_hardware_Radio DONE
08-04 19:18:14.922  6448  6448 D AndroidRuntime: Calling main entry com.android.commands.input.Input
08-04 19:18:14.924  6448  6448 I Input   : injectKeyEvent: KeyEvent { action=ACTION_DOWN, keyCode=KEYCODE_BACK, scanCode=0, metaState=0, flags=0x0, repeatCount=0, eventTime=731911337, downTime=731911337, deviceId=-1, source=0x101 }
08-04 19:18:14.931  6448  6448 I Input   : injectKeyEvent: KeyEvent { action=ACTION_UP, keyCode=KEYCODE_BACK, scanCode=0, metaState=0, flags=0x0, repeatCount=0, eventTime=731911337, downTime=731911337, deviceId=-1, source=0x101 }
08-04 19:18:14.951  3560  3560 D ItemlistFragment: onEventMainThread() called with: event = [DownloadEvent{update=DownloaderUpdate{downloaders=[], feedIds=[], mediaIds=[]}}]
08-04 19:18:14.952  3560  4171 D DBReader: getFeed() called with: feedId = [2]
08-04 19:18:14.953  6448  6448 D AndroidRuntime: Shutting down VM
08-04 19:18:14.954   918  3263 D ConnectivityService: releasing NetworkRequest NetworkRequest [ id=2863, legacyType=-1, [ Capabilities: INTERNET&NOT_RESTRICTED&TRUSTED] ]
08-04 19:18:14.954  3560  4171 D DBReader: getFeedItemList() called with: feed = [baseline.de.danoeh.antennapod.core.feed.Feed@2]
08-04 19:18:14.984  3560  3560 D FeedMenuHandler: Preparing options menu
08-04 19:18:15.036  3560  4563 D ApOkHttpUrlLoader: buildLoadData() called with: model = [http://static.libsyn.com/p/assets/7/1/f/3/71f3014e14ef2722/JREiTunesImage2.jpg], width = [1440], height = [462]
08-04 19:18:15.061  3560  4171 W PodDBAdapter: Length of id array is larger than 800. Creating multiple cursors
08-04 19:18:15.063 13866 13866 I GoogleInputMethodServic: GoogleInputMethodService.onFinishInput():3138 
08-04 19:18:15.064 13866 13866 I GoogleInputMethodServic: GoogleInputMethodService.onStartInput():1808 
08-04 19:18:15.152  3560  4171 D DBReader: getFavoriteIDList() called
08-04 19:18:15.153  3560  4171 D DBReader: getQueueIDList() called
08-04 19:18:15.154  3560  4171 D DBReader: Extracting Feedlist
08-04 19:18:15.157  3560  5849 I art     : Starting a blocking GC Explicit
08-04 19:18:15.161  3560  4563 D ApOkHttpUrlLoader: buildLoadData() called with: model = [http://static.libsyn.com/p/assets/7/1/f/3/71f3014e14ef2722/JREiTunesImage2.jpg], width = [1440], height = [462]
08-04 19:18:15.180  3560  3560 D FeedMenuHandler: Preparing options menu
08-04 19:18:15.222  3560  5849 I art     : Explicit concurrent mark sweep GC freed 43029(2MB) AllocSpace objects, 4(80KB) LOS objects, 21% free, 57MB/73MB, paused 1.671ms total 64.737ms
08-04 19:18:15.236  3560  5849 I art     : Starting a blocking GC Explicit
08-04 19:18:15.283  3560  5849 I art     : Explicit concurrent mark sweep GC freed 5697(338KB) AllocSpace objects, 5(3MB) LOS objects, 22% free, 53MB/69MB, paused 1.394ms total 46.639ms
08-04 19:18:15.299  3560  5849 I art     : Starting a blocking GC Explicit
08-04 19:18:15.351  3560  5849 I art     : Explicit concurrent mark sweep GC freed 610(38KB) AllocSpace objects, 0(0B) LOS objects, 22% free, 53MB/69MB, paused 1.486ms total 51.714ms
08-04 19:18:15.366  3560  5849 I art     : Starting a blocking GC Explicit
08-04 19:18:15.417  3560  5849 I art     : Explicit concurrent mark sweep GC freed 3(96B) AllocSpace objects, 0(0B) LOS objects, 22% free, 53MB/69MB, paused 1.487ms total 51.147ms
08-04 19:18:15.432  3560  5849 I art     : Starting a blocking GC Explicit
08-04 19:18:15.482  3560  5849 I art     : Explicit concurrent mark sweep GC freed 3(96B) AllocSpace objects, 0(0B) LOS objects, 22% free, 53MB/69MB, paused 1.419ms total 49.352ms
08-04 19:18:15.850  3560  3582 I art     : Starting a blocking GC Explicit
08-04 19:18:15.863   918  3188 I hubconnection: sensorhub said: 'set_bias 3: -6.0288, 0.0000, 0.0000'
08-04 19:18:15.918  3560  3582 I art     : Explicit concurrent mark sweep GC freed 1456(83KB) AllocSpace objects, 1(20KB) LOS objects, 22% free, 53MB/69MB, paused 1.544ms total 66.877ms
08-04 19:18:15.934  3560  3582 I art     : Starting a blocking GC Explicit
08-04 19:18:15.987  3560  3582 I art     : Explicit concurrent mark sweep GC freed 23(752B) AllocSpace objects, 0(0B) LOS objects, 22% free, 53MB/69MB, paused 1.460ms total 52.069ms
08-04 19:18:16.002  3560  3582 I art     : Starting a blocking GC Explicit
08-04 19:18:16.053  3560  3582 I art     : Explicit concurrent mark sweep GC freed 3(96B) AllocSpace objects, 0(0B) LOS objects, 22% free, 53MB/69MB, paused 1.364ms total 50.364ms
08-04 19:18:16.068  3560  3582 I art     : Starting a blocking GC Explicit
08-04 19:18:16.120  3560  3582 I art     : Explicit concurrent mark sweep GC freed 3(96B) AllocSpace objects, 0(0B) LOS objects, 22% free, 53MB/69MB, paused 1.483ms total 52.395ms
08-04 19:18:16.136  3560  3582 I art     : Starting a blocking GC Explicit
08-04 19:18:16.187  3560  3582 I art     : Explicit concurrent mark sweep GC freed 3(96B) AllocSpace objects, 0(0B) LOS objects, 22% free, 53MB/69MB, paused 1.413ms total 50.984ms
08-04 19:18:16.537  3560  3572 I art     : Starting a blocking GC Explicit
08-04 19:18:16.598  3560  3572 I art     : Explicit concurrent mark sweep GC freed 1387(83KB) AllocSpace objects, 1(20KB) LOS objects, 22% free, 53MB/69MB, paused 1.482ms total 60.300ms
08-04 19:18:16.615  3560  3572 I art     : Starting a blocking GC Explicit
08-04 19:18:16.664  3560  3572 I art     : Explicit concurrent mark sweep GC freed 31(1008B) AllocSpace objects, 0(0B) LOS objects, 22% free, 53MB/69MB, paused 1.425ms total 48.657ms
08-04 19:18:16.678  3560  3572 I art     : Starting a blocking GC Explicit
08-04 19:18:16.725  3560  3572 I art     : Explicit concurrent mark sweep GC freed 39(1104B) AllocSpace objects, 0(0B) LOS objects, 22% free, 53MB/69MB, paused 1.649ms total 46.594ms
08-04 19:18:16.734  6493  6493 D AndroidRuntime: >>>>>> START com.android.internal.os.RuntimeInit uid 2000 <<<<<<
08-04 19:18:16.739  6493  6493 D AndroidRuntime: CheckJNI is OFF
08-04 19:18:16.740  3560  3572 I art     : Starting a blocking GC Explicit
08-04 19:18:16.781  6493  6493 D ICU     : No timezone override file found: /data/misc/zoneinfo/current/icu/icu_tzdata.dat
08-04 19:18:16.786  3560  3572 I art     : Explicit concurrent mark sweep GC freed 10(320B) AllocSpace objects, 0(0B) LOS objects, 22% free, 53MB/69MB, paused 1.326ms total 46.354ms
08-04 19:18:16.802  3560  3572 I art     : Starting a blocking GC Explicit
08-04 19:18:16.825  6493  6493 I Radio-JNI: register_android_hardware_Radio DONE
08-04 19:18:16.852  3560  3572 I art     : Explicit concurrent mark sweep GC freed 6(192B) AllocSpace objects, 0(0B) LOS objects, 22% free, 53MB/69MB, paused 1.394ms total 49.607ms
08-04 19:18:16.855  6493  6493 D AndroidRuntime: Calling main entry com.android.commands.input.Input
08-04 19:18:16.858  6493  6493 I Input   : injectMotionEvent: MotionEvent { action=ACTION_DOWN, actionButton=0, id[0]=0, x[0]=103.0, y[0]=192.0, toolType[0]=TOOL_TYPE_UNKNOWN, buttonState=0, metaState=0, flags=0x0, edgeFlags=0x0, pointerCount=1, historySize=0, eventTime=731913270, downTime=731913270, deviceId=0, source=0x1002 }
08-04 19:18:16.863  6493  6493 I Input   : injectMotionEvent: MotionEvent { action=ACTION_UP, actionButton=0, id[0]=0, x[0]=103.0, y[0]=192.0, toolType[0]=TOOL_TYPE_UNKNOWN, buttonState=0, metaState=0, flags=0x0, edgeFlags=0x0, pointerCount=1, historySize=0, eventTime=731913270, downTime=731913270, deviceId=0, source=0x1002 }
08-04 19:18:16.865  6493  6493 D AndroidRuntime: Shutting down VM
08-04 19:18:16.872   512  2967 D audio_hw_primary: out_set_parameters: enter: usecase(1: low-latency-playback) kvpairs: routing=2
08-04 19:18:16.885   512  2967 D audio_hw_primary: select_devices: out_snd_device(2: speaker) in_snd_device(0: none)
08-04 19:18:16.885   512  2967 D msm8974_platform: platform_send_audio_calibration: sending audio calibration for snd_device(2) acdb_id(15)
08-04 19:18:16.886   512  2967 I soundtrigger: audio_extn_sound_trigger_update_device_status: device 0x2 of type 0 for Event 1
08-04 19:18:16.895   512  2967 D audio_hw_primary: enable_snd_device: snd_device(2: speaker)
08-04 19:18:16.897   512  2967 D audio_hw_primary: enable_audio_route: apply and update mixer path: low-latency-playback speaker
08-04 19:18:17.188  3560  3582 I art     : Starting a blocking GC Explicit
08-04 19:18:17.243  3560  3582 I art     : Explicit concurrent mark sweep GC freed 1804(103KB) AllocSpace objects, 1(20KB) LOS objects, 22% free, 53MB/69MB, paused 1.328ms total 54.627ms
08-04 19:18:17.259  3560  3582 I art     : Starting a blocking GC Explicit
08-04 19:18:17.309  3560  3582 I art     : Explicit concurrent mark sweep GC freed 46(1680B) AllocSpace objects, 0(0B) LOS objects, 22% free, 53MB/69MB, paused 1.609ms total 49.822ms
08-04 19:18:17.324  3560  3582 I art     : Starting a blocking GC Explicit
08-04 19:18:17.376  3560  3582 I art     : Explicit concurrent mark sweep GC freed 5(160B) AllocSpace objects, 0(0B) LOS objects, 22% free, 53MB/69MB, paused 1.301ms total 51.340ms
08-04 19:18:17.391  3560  3582 I art     : Starting a blocking GC Explicit
08-04 19:18:17.429   512  2967 D audio_hw_primary: disable_audio_route: reset and update mixer path: low-latency-playback speaker
08-04 19:18:17.430   512  2967 D audio_hw_primary: disable_snd_device: snd_device(2: speaker)
08-04 19:18:17.438   512  2967 I soundtrigger: audio_extn_sound_trigger_update_device_status: device 0x2 of type 0 for Event 0
08-04 19:18:17.439  3560  3582 I art     : Explicit concurrent mark sweep GC freed 3(96B) AllocSpace objects, 0(0B) LOS objects, 22% free, 53MB/69MB, paused 1.530ms total 48.579ms
08-04 19:18:17.454  3560  3582 I art     : Starting a blocking GC Explicit
08-04 19:18:17.503  3560  3582 I art     : Explicit concurrent mark sweep GC freed 3(96B) AllocSpace objects, 0(0B) LOS objects, 22% free, 53MB/69MB, paused 1.374ms total 48.309ms
08-04 19:18:17.857  3560  3572 I art     : Starting a blocking GC Explicit
08-04 19:18:17.917  3560  3572 I art     : Explicit concurrent mark sweep GC freed 2113(107KB) AllocSpace objects, 1(20KB) LOS objects, 22% free, 53MB/69MB, paused 1.463ms total 59.940ms
08-04 19:18:17.932  3560  3572 I art     : Starting a blocking GC Explicit
08-04 19:18:17.984  3560  3572 I art     : Explicit concurrent mark sweep GC freed 25(816B) AllocSpace objects, 0(0B) LOS objects, 22% free, 53MB/69MB, paused 1.435ms total 51.717ms
08-04 19:18:17.999  3560  3572 I art     : Starting a blocking GC Explicit
08-04 19:18:18.024 31450 31450 I ServiceManager: Waiting for service AtCmdFwd...
08-04 19:18:18.051  3560  3572 I art     : Explicit concurrent mark sweep GC freed 3(96B) AllocSpace objects, 0(0B) LOS objects, 22% free, 53MB/69MB, paused 1.455ms total 51.249ms
08-04 19:18:18.066  3560  3572 I art     : Starting a blocking GC Explicit
08-04 19:18:18.117  3560  3572 I art     : Explicit concurrent mark sweep GC freed 3(96B) AllocSpace objects, 0(0B) LOS objects, 22% free, 53MB/69MB, paused 1.341ms total 50.699ms
08-04 19:18:18.132  3560  3572 I art     : Starting a blocking GC Explicit
08-04 19:18:18.181  3560  3572 I art     : Explicit concurrent mark sweep GC freed 3(96B) AllocSpace objects, 0(0B) LOS objects, 22% free, 53MB/69MB, paused 1.487ms total 48.670ms
08-04 19:18:18.534  3560  4182 I art     : Starting a blocking GC Explicit
08-04 19:18:18.589  3560  4182 I art     : Explicit concurrent mark sweep GC freed 2278(113KB) AllocSpace objects, 1(20KB) LOS objects, 22% free, 53MB/69MB, paused 1.547ms total 54.586ms
08-04 19:18:18.605  3560  4182 I art     : Starting a blocking GC Explicit
08-04 19:18:18.651  6573  6573 D AndroidRuntime: >>>>>> START com.android.internal.os.RuntimeInit uid 2000 <<<<<<
08-04 19:18:18.655  3560  4182 I art     : Explicit concurrent mark sweep GC freed 32(1040B) AllocSpace objects, 0(0B) LOS objects, 22% free, 53MB/69MB, paused 1.474ms total 49.926ms
08-04 19:18:18.656  6573  6573 D AndroidRuntime: CheckJNI is OFF
08-04 19:18:18.670  3560  4182 I art     : Starting a blocking GC Explicit
08-04 19:18:18.699  6573  6573 D ICU     : No timezone override file found: /data/misc/zoneinfo/current/icu/icu_tzdata.dat
08-04 19:18:18.716  3560  4182 I art     : Explicit concurrent mark sweep GC freed 39(1104B) AllocSpace objects, 0(0B) LOS objects, 22% free, 53MB/69MB, paused 1.439ms total 45.805ms
08-04 19:18:18.730  3560  4182 I art     : Starting a blocking GC Explicit
08-04 19:18:18.743  6573  6573 I Radio-JNI: register_android_hardware_Radio DONE
08-04 19:18:18.771  6573  6573 D AndroidRuntime: Calling main entry com.android.commands.input.Input
08-04 19:18:18.774  6573  6573 I Input   : injectMotionEvent: MotionEvent { action=ACTION_DOWN, actionButton=0, id[0]=0, x[0]=409.0, y[0]=1034.0, toolType[0]=TOOL_TYPE_UNKNOWN, buttonState=0, metaState=0, flags=0x0, edgeFlags=0x0, pointerCount=1, historySize=0, eventTime=731915186, downTime=731915186, deviceId=0, source=0x1002 }
08-04 19:18:18.778  3560  4182 I art     : Explicit concurrent mark sweep GC freed 6(192B) AllocSpace objects, 0(0B) LOS objects, 22% free, 53MB/69MB, paused 1.547ms total 46.833ms
08-04 19:18:18.782  6573  6573 I Input   : injectMotionEvent: MotionEvent { action=ACTION_UP, actionButton=0, id[0]=0, x[0]=409.0, y[0]=1034.0, toolType[0]=TOOL_TYPE_UNKNOWN, buttonState=0, metaState=0, flags=0x0, edgeFlags=0x0, pointerCount=1, historySize=0, eventTime=731915186, downTime=731915186, deviceId=0, source=0x1002 }
08-04 19:18:18.785  6573  6573 D AndroidRuntime: Shutting down VM
08-04 19:18:18.792  3560  4182 I art     : Starting a blocking GC Explicit
08-04 19:18:18.839  3560  4182 I art     : Explicit concurrent mark sweep GC freed 40(1392B) AllocSpace objects, 0(0B) LOS objects, 22% free, 53MB/69MB, paused 1.416ms total 47.136ms
08-04 19:18:18.849  3560  3560 D MainActivity: loadFragment(index: 5, args: null)
08-04 19:18:18.849  3560  3560 D MainActivity: loadFragment(tag: AddFeedFragment, args: null)
08-04 19:18:18.849  3560  3560 D MainActivity: saveLastNavFragment(tag: AddFeedFragment)
08-04 19:18:18.850  3560  3560 D MainActivity: getLastNavFragment() -> AddFeedFragment
08-04 19:18:18.851   512  2967 D audio_hw_primary: out_set_parameters: enter: usecase(1: low-latency-playback) kvpairs: routing=2
08-04 19:18:18.864   512  2967 D audio_hw_primary: select_devices: out_snd_device(2: speaker) in_snd_device(0: none)
08-04 19:18:18.864   512  2967 D msm8974_platform: platform_send_audio_calibration: sending audio calibration for snd_device(2) acdb_id(15)
08-04 19:18:18.865   512  2967 I soundtrigger: audio_extn_sound_trigger_update_device_status: device 0x2 of type 0 for Event 1
08-04 19:18:18.874   512  2967 D audio_hw_primary: enable_snd_device: snd_device(2: speaker)
08-04 19:18:18.876   512  2967 D audio_hw_primary: enable_audio_route: apply and update mixer path: low-latency-playback speaker
08-04 19:18:18.883 13866 13866 I GoogleInputMethodServic: GoogleInputMethodService.onFinishInput():3138 
08-04 19:18:18.884 13866 13866 I GoogleInputMethodServic: GoogleInputMethodService.onStartInput():1808 
08-04 19:18:19.024 31450 31450 I ServiceManager: Waiting for service AtCmdFwd...
08-04 19:18:19.183  3560  5849 I art     : Starting a blocking GC Explicit
08-04 19:18:19.240  3560  5849 I art     : Explicit concurrent mark sweep GC freed 3776(199KB) AllocSpace objects, 2(40KB) LOS objects, 22% free, 53MB/69MB, paused 1.670ms total 56.860ms
08-04 19:18:19.255  3560  5849 I art     : Starting a blocking GC Explicit
08-04 19:18:19.282 13866 13866 I GoogleInputMethodServic: GoogleInputMethodService.onFinishInput():3138 
08-04 19:18:19.282 13866 13866 I GoogleInputMethodServic: GoogleInputMethodService.onStartInput():1808 
08-04 19:18:19.298  3560  5849 I art     : Explicit concurrent mark sweep GC freed 31631(2MB) AllocSpace objects, 9(3MB) LOS objects, 24% free, 48MB/64MB, paused 1.478ms total 42.950ms
08-04 19:18:19.310  3560  5849 I art     : Starting a blocking GC Explicit
08-04 19:18:19.345  3560  5849 I art     : Explicit concurrent mark sweep GC freed 129(7KB) AllocSpace objects, 0(0B) LOS objects, 24% free, 48MB/64MB, paused 1.256ms total 34.633ms
08-04 19:18:19.357  3560  5849 I art     : Starting a blocking GC Explicit
08-04 19:18:19.395  3560  5849 I art     : Explicit concurrent mark sweep GC freed 17(704B) AllocSpace objects, 0(0B) LOS objects, 24% free, 48MB/64MB, paused 1.335ms total 38.041ms
08-04 19:18:19.409  3560  5849 I art     : Starting a blocking GC Explicit
08-04 19:18:19.418   512  2967 D audio_hw_primary: disable_audio_route: reset and update mixer path: low-latency-playback speaker
08-04 19:18:19.419   512  2967 D audio_hw_primary: disable_snd_device: snd_device(2: speaker)
08-04 19:18:19.428   512  2967 I soundtrigger: audio_extn_sound_trigger_update_device_status: device 0x2 of type 0 for Event 0
08-04 19:18:19.447  3560  5849 I art     : Explicit concurrent mark sweep GC freed 3(96B) AllocSpace objects, 0(0B) LOS objects, 24% free, 48MB/64MB, paused 1.270ms total 37.363ms
08-04 19:18:19.801  3560  3582 I art     : Starting a blocking GC Explicit
08-04 19:18:19.844  3560  3582 I art     : Explicit concurrent mark sweep GC freed 1411(83KB) AllocSpace objects, 1(20KB) LOS objects, 24% free, 48MB/64MB, paused 1.445ms total 41.985ms
08-04 19:18:19.857  3560  3582 I art     : Starting a blocking GC Explicit
08-04 19:18:19.896  3560  3582 I art     : Explicit concurrent mark sweep GC freed 27(880B) AllocSpace objects, 0(0B) LOS objects, 24% free, 48MB/64MB, paused 1.323ms total 39.677ms
08-04 19:18:19.909  3560  3582 I art     : Starting a blocking GC Explicit
08-04 19:18:19.950  3560  3582 I art     : Explicit concurrent mark sweep GC freed 3(96B) AllocSpace objects, 0(0B) LOS objects, 24% free, 48MB/64MB, paused 1.456ms total 41.038ms
08-04 19:18:19.963  3560  3582 I art     : Starting a blocking GC Explicit
08-04 19:18:20.004  3560  3582 I art     : Explicit concurrent mark sweep GC freed 3(96B) AllocSpace objects, 0(0B) LOS objects, 24% free, 48MB/64MB, paused 1.458ms total 40.070ms
08-04 19:18:20.017  3560  3582 I art     : Starting a blocking GC Explicit
08-04 19:18:20.025 31450 31450 I ServiceManager: Waiting for service AtCmdFwd...
08-04 19:18:20.056  3560  3582 I art     : Explicit concurrent mark sweep GC freed 3(96B) AllocSpace objects, 0(0B) LOS objects, 24% free, 48MB/64MB, paused 1.497ms total 38.965ms
08-04 19:18:20.404  3560  3573 I art     : Starting a blocking GC Explicit
08-04 19:18:20.449  3560  3573 I art     : Explicit concurrent mark sweep GC freed 1380(81KB) AllocSpace objects, 1(20KB) LOS objects, 24% free, 48MB/64MB, paused 1.575ms total 44.476ms
08-04 19:18:20.462  3560  3573 I art     : Starting a blocking GC Explicit
08-04 19:18:20.502  3560  3573 I art     : Explicit concurrent mark sweep GC freed 42(1760B) AllocSpace objects, 0(0B) LOS objects, 24% free, 48MB/64MB, paused 1.433ms total 40.259ms
08-04 19:18:20.514  3560  3573 I art     : Starting a blocking GC Explicit
08-04 19:18:20.555  3560  3573 I art     : Explicit concurrent mark sweep GC freed 14(480B) AllocSpace objects, 0(0B) LOS objects, 24% free, 48MB/64MB, paused 1.555ms total 39.968ms
08-04 19:18:20.563  6616  6616 D AndroidRuntime: >>>>>> START com.android.internal.os.RuntimeInit uid 2000 <<<<<<
08-04 19:18:20.568  3560  3573 I art     : Starting a blocking GC Explicit
08-04 19:18:20.569  6616  6616 D AndroidRuntime: CheckJNI is OFF
08-04 19:18:20.608  3560  3573 I art     : Explicit concurrent mark sweep GC freed 9(288B) AllocSpace objects, 0(0B) LOS objects, 24% free, 48MB/64MB, paused 1.487ms total 39.486ms
08-04 19:18:20.613  6616  6616 D ICU     : No timezone override file found: /data/misc/zoneinfo/current/icu/icu_tzdata.dat
08-04 19:18:20.620  3560  3573 I art     : Starting a blocking GC Explicit
08-04 19:18:20.659  6616  6616 I Radio-JNI: register_android_hardware_Radio DONE
08-04 19:18:20.661  3560  3573 I art     : Explicit concurrent mark sweep GC freed 11(352B) AllocSpace objects, 0(0B) LOS objects, 24% free, 48MB/64MB, paused 1.956ms total 40.067ms
08-04 19:18:20.689  6616  6616 D AndroidRuntime: Calling main entry com.android.commands.input.Input
08-04 19:18:20.691  6616  6616 I Input   : injectMotionEvent: MotionEvent { action=ACTION_DOWN, actionButton=0, id[0]=0, x[0]=603.0, y[0]=1061.0, toolType[0]=TOOL_TYPE_UNKNOWN, buttonState=0, metaState=0, flags=0x0, edgeFlags=0x0, pointerCount=1, historySize=0, eventTime=731917104, downTime=731917104, deviceId=0, source=0x1002 }
08-04 19:18:20.696  6616  6616 I Input   : injectMotionEvent: MotionEvent { action=ACTION_UP, actionButton=0, id[0]=0, x[0]=603.0, y[0]=1061.0, toolType[0]=TOOL_TYPE_UNKNOWN, buttonState=0, metaState=0, flags=0x0, edgeFlags=0x0, pointerCount=1, historySize=0, eventTime=731917104, downTime=731917104, deviceId=0, source=0x1002 }
08-04 19:18:20.698  6616  6616 D AndroidRuntime: Shutting down VM
08-04 19:18:20.713   512  2967 D audio_hw_primary: out_set_parameters: enter: usecase(1: low-latency-playback) kvpairs: routing=2
08-04 19:18:20.726   512  2967 D audio_hw_primary: select_devices: out_snd_device(2: speaker) in_snd_device(0: none)
08-04 19:18:20.726   512  2967 D msm8974_platform: platform_send_audio_calibration: sending audio calibration for snd_device(2) acdb_id(15)
08-04 19:18:20.727   512  2967 I soundtrigger: audio_extn_sound_trigger_update_device_status: device 0x2 of type 0 for Event 1
08-04 19:18:20.736   512  2967 D audio_hw_primary: enable_snd_device: snd_device(2: speaker)
08-04 19:18:20.739   512  2967 D audio_hw_primary: enable_audio_route: apply and update mixer path: low-latency-playback speaker
08-04 19:18:20.782 13866 13866 I GoogleInputMethodServic: GoogleInputMethodService.onFinishInput():3138 
08-04 19:18:20.783 13866 13866 I GoogleInputMethodServic: GoogleInputMethodService.onStartInput():1808 
08-04 19:18:20.988  3560  4182 I art     : Starting a blocking GC Explicit
08-04 19:18:21.026 31450 31450 I ServiceManager: Waiting for service AtCmdFwd...
08-04 19:18:21.033  3560  4182 I art     : Explicit concurrent mark sweep GC freed 4906(344KB) AllocSpace objects, 1(20KB) LOS objects, 24% free, 49MB/65MB, paused 2.113ms total 44.417ms
08-04 19:18:21.046  3560  4182 I art     : Starting a blocking GC Explicit
08-04 19:18:21.087  3560  4182 I art     : Explicit concurrent mark sweep GC freed 1807(90KB) AllocSpace objects, 1(220KB) LOS objects, 24% free, 49MB/65MB, paused 1.542ms total 40.989ms
08-04 19:18:21.099  3560  4182 I art     : Starting a blocking GC Explicit
08-04 19:18:21.139  3560  4182 I art     : Explicit concurrent mark sweep GC freed 33(1248B) AllocSpace objects, 0(0B) LOS objects, 24% free, 49MB/65MB, paused 1.599ms total 39.389ms
08-04 19:18:21.151  3560  4182 I art     : Starting a blocking GC Explicit
08-04 19:18:21.191  3560  4182 I art     : Explicit concurrent mark sweep GC freed 33(1248B) AllocSpace objects, 0(0B) LOS objects, 24% free, 49MB/65MB, paused 1.487ms total 39.616ms
08-04 19:18:21.203  3560  4182 I art     : Starting a blocking GC Explicit
08-04 19:18:21.243  3560  4182 I art     : Explicit concurrent mark sweep GC freed 36(1376B) AllocSpace objects, 0(0B) LOS objects, 24% free, 49MB/65MB, paused 1.980ms total 39.905ms
08-04 19:18:21.279   512  2967 D audio_hw_primary: disable_audio_route: reset and update mixer path: low-latency-playback speaker
08-04 19:18:21.280   512  2967 D audio_hw_primary: disable_snd_device: snd_device(2: speaker)
08-04 19:18:21.288   512  2967 I soundtrigger: audio_extn_sound_trigger_update_device_status: device 0x2 of type 0 for Event 0
08-04 19:18:21.589  3560  4182 I art     : Starting a blocking GC Explicit
08-04 19:18:21.597  3560  6642 I NAPPA_EXPERIMENTATION: MetricNetworkRequestExecutionTime: REQUEST_DURATION_SYSTEM='825',REQUEST_DURATION_OKHTTP='38',REQUEST_SYNCHRONOUS='TRUE',RESPONSE_CODE='200',RESPONSE_METHOD='GET',RESPONSE_LENGTH_OKHTTP='2923',RESPONSE_LENGTH_HEADER='2923',REQUEST_PROTOCOL='http/1.1',REQUEST_URL='https://gpodder.net/api/2/tags/50.json',
08-04 19:18:21.604  3560  6641 I NAPPA_EXPERIMENTATION: MetricNetworkRequestExecutionTime: REQUEST_DURATION_SYSTEM='836',REQUEST_DURATION_OKHTTP='52',REQUEST_SYNCHRONOUS='TRUE',RESPONSE_CODE='200',RESPONSE_METHOD='GET',RESPONSE_LENGTH_OKHTTP='37507',RESPONSE_LENGTH_HEADER='37507',REQUEST_PROTOCOL='http/1.1',REQUEST_URL='https://gpodder.net/toplist/50.json',
08-04 19:18:21.633  3560  4182 I art     : Explicit concurrent mark sweep GC freed 8870(542KB) AllocSpace objects, 4(212KB) LOS objects, 24% free, 49MB/65MB, paused 2.118ms total 43.505ms
08-04 19:18:21.646  3560  4182 I art     : Starting a blocking GC Explicit
08-04 19:18:21.685  3560  4182 I art     : Explicit concurrent mark sweep GC freed 641(25KB) AllocSpace objects, 0(0B) LOS objects, 24% free, 49MB/65MB, paused 1.753ms total 38.450ms
08-04 19:18:21.685  3560  4563 D ApOkHttpUrlLoader: buildLoadData() called with: model = [http://sixgun.org/files/linuxoutlaws.jpg], width = [224], height = [224]
08-04 19:18:21.687  3560  4384 D DBReader: getImageAuthentication() called with: imageUrl = [http://sixgun.org/files/linuxoutlaws.jpg]
08-04 19:18:21.691  3560  4384 D ApOkHttpUrlLoader: no credentials for 'http://sixgun.org/files/linuxoutlaws.jpg'
08-04 19:18:21.697  3560  4182 I art     : Starting a blocking GC Explicit
08-04 19:18:21.699  3560  4563 D ApOkHttpUrlLoader: buildLoadData() called with: model = [https://files.thisamericanlife.org/sites/all/themes/thislife/img/tal-name-1400x1400.png], width = [224], height = [224]
08-04 19:18:21.701  3560  4382 D DBReader: getImageAuthentication() called with: imageUrl = [https://files.thisamericanlife.org/sites/all/themes/thislife/img/tal-name-1400x1400.png]
08-04 19:18:21.705  3560  4382 D ApOkHttpUrlLoader: no credentials for 'https://files.thisamericanlife.org/sites/all/themes/thislife/img/tal-name-1400x1400.png'
08-04 19:18:21.705  3560  4563 D ApOkHttpUrlLoader: buildLoadData() called with: model = [https://elroy.twit.tv/sites/default/files/styles/twit_album_art_2048x2048/public/images/shows/floss_weekly/album_art/audio/floss_albumart_mask.jpg?itok=IUjxKpwt], width = [224], height = [224]
08-04 19:18:21.707  3560  4375 D DBReader: getImageAuthentication() called with: imageUrl = [https://elroy.twit.tv/sites/default/files/styles/twit_album_art_2048x2048/public/images/shows/floss_weekly/album_art/audio/floss_albumart_mask.jpg?itok=IUjxKpwt]
08-04 19:18:21.710  3560  4563 D ApOkHttpUrlLoader: buildLoadData() called with: model = [http://ichef.bbci.co.uk/images/ic/3000x3000/p07kfvzb.jpg], width = [224], height = [224]
08-04 19:18:21.710  3560  4375 D ApOkHttpUrlLoader: no credentials for 'https://elroy.twit.tv/sites/default/files/styles/twit_album_art_2048x2048/public/images/shows/floss_weekly/album_art/audio/floss_albumart_mask.jpg?itok=IUjxKpwt'
08-04 19:18:21.711  3560  4381 D DBReader: getImageAuthentication() called with: imageUrl = [http://ichef.bbci.co.uk/images/ic/3000x3000/p07kfvzb.jpg]
08-04 19:18:21.716  3560  4381 D ApOkHttpUrlLoader: no credentials for 'http://ichef.bbci.co.uk/images/ic/3000x3000/p07kfvzb.jpg'
08-04 19:18:21.716  3560  4563 D ApOkHttpUrlLoader: buildLoadData() called with: model = [https://pl.tedcdn.com/rss_feed_images/ted_talks_main_podcast/video.png], width = [224], height = [224]
08-04 19:18:21.720  3560  4379 D DBReader: getImageAuthentication() called with: imageUrl = [https://pl.tedcdn.com/rss_feed_images/ted_talks_main_podcast/video.png]
08-04 19:18:21.722  3560  4563 D ApOkHttpUrlLoader: buildLoadData() called with: model = [https://elroy.twit.tv/sites/default/files/styles/twit_album_art_2048x2048/public/images/shows/this_week_in_tech/album_art/audio/twit1400audio.jpg?itok=J0vhatZb], width = [224], height = [224]
08-04 19:18:21.723  3560  4379 D ApOkHttpUrlLoader: no credentials for 'https://pl.tedcdn.com/rss_feed_images/ted_talks_main_podcast/video.png'
08-04 19:18:21.724  3560  4383 D DBReader: getImageAuthentication() called with: imageUrl = [https://elroy.twit.tv/sites/default/files/styles/twit_album_art_2048x2048/public/images/shows/this_week_in_tech/album_art/audio/twit1400audio.jpg?itok=J0vhatZb]
08-04 19:18:21.727  3560  4563 D ApOkHttpUrlLoader: buildLoadData() called with: model = [http://ichef.bbci.co.uk/images/ic/3000x3000/p03gtk3j.jpg], width = [224], height = [224]
08-04 19:18:21.727  3560  4383 D ApOkHttpUrlLoader: no credentials for 'https://elroy.twit.tv/sites/default/files/styles/twit_album_art_2048x2048/public/images/shows/this_week_in_tech/album_art/audio/twit1400audio.jpg?itok=J0vhatZb'
08-04 19:18:21.728  3560  4377 D DBReader: getImageAuthentication() called with: imageUrl = [http://ichef.bbci.co.uk/images/ic/3000x3000/p03gtk3j.jpg]
08-04 19:18:21.730  3560  4384 D DBWriter: updateFeedDownloadURL(original: http://sixgun.org/files/linuxoutlaws.jpg, updated: https://fab.industries/sixgun/files/linuxoutlaws.jpg)
08-04 19:18:21.733  3560  4377 D ApOkHttpUrlLoader: no credentials for 'http://ichef.bbci.co.uk/images/ic/3000x3000/p03gtk3j.jpg'
08-04 19:18:21.740  3560  4182 I art     : Explicit concurrent mark sweep GC freed 2767(192KB) AllocSpace objects, 0(0B) LOS objects, 24% free, 49MB/65MB, paused 2.736ms total 42.462ms
08-04 19:18:21.752  3560  4182 I art     : Starting a blocking GC Explicit
08-04 19:18:21.776  3560  4381 D MYTAG   : interceptor 2a
08-04 19:18:21.776  3560  4381 I NAPPA_EXPERIMENTATION: MetricNetworkRequestExecutionTime: REQUEST_DURATION_SYSTEM='60',REQUEST_DURATION_OKHTTP='54',REQUEST_SYNCHRONOUS='TRUE',RESPONSE_CODE='200',RESPONSE_METHOD='GET',RESPONSE_LENGTH_OKHTTP='589826',RESPONSE_LENGTH_HEADER='589826',REQUEST_PROTOCOL='http/1.1',REQUEST_URL='http://ichef.bbci.co.uk/images/ic/3000x3000/p07kfvzb.jpg',
08-04 19:18:21.790   918  3188 I hubconnection: sensorhub said: 'set_bias 3: -5.7600, 0.0000, 0.0000'
08-04 19:18:21.792  3560  4182 I art     : Explicit concurrent mark sweep GC freed 1014(84KB) AllocSpace objects, 0(0B) LOS objects, 24% free, 49MB/65MB, paused 1.891ms total 39.785ms
08-04 19:18:21.803  3560  4182 I art     : Starting a blocking GC Explicit
08-04 19:18:21.814  3560  4377 D MYTAG   : interceptor 2a
08-04 19:18:21.814  3560  4377 I NAPPA_EXPERIMENTATION: MetricNetworkRequestExecutionTime: REQUEST_DURATION_SYSTEM='81',REQUEST_DURATION_OKHTTP='75',REQUEST_SYNCHRONOUS='TRUE',RESPONSE_CODE='200',RESPONSE_METHOD='GET',RESPONSE_LENGTH_OKHTTP='814284',RESPONSE_LENGTH_HEADER='814284',REQUEST_PROTOCOL='http/1.1',REQUEST_URL='http://ichef.bbci.co.uk/images/ic/3000x3000/p03gtk3j.jpg',
08-04 19:18:21.841  3560  4182 I art     : Explicit concurrent mark sweep GC freed 464(34KB) AllocSpace objects, 0(0B) LOS objects, 24% free, 49MB/65MB, paused 1.610ms total 37.627ms
08-04 19:18:21.998  3560  4382 D MYTAG   : interceptor 2a
08-04 19:18:21.999  3560  4382 I NAPPA_EXPERIMENTATION: MetricNetworkRequestExecutionTime: REQUEST_DURATION_SYSTEM='293',REQUEST_DURATION_OKHTTP='76',REQUEST_SYNCHRONOUS='TRUE',RESPONSE_CODE='200',RESPONSE_METHOD='GET',RESPONSE_LENGTH_OKHTTP='52553',RESPONSE_LENGTH_HEADER='52553',REQUEST_PROTOCOL='http/1.1',REQUEST_URL='https://files.thisamericanlife.org/sites/all/themes/thislife/img/tal-name-1400x1400.png',
08-04 19:18:22.026 31450 31450 I ServiceManager: Waiting for service AtCmdFwd...
08-04 19:18:22.121  3560  4379 D MYTAG   : interceptor 2a
08-04 19:18:22.121  3560  4379 I NAPPA_EXPERIMENTATION: MetricNetworkRequestExecutionTime: REQUEST_DURATION_SYSTEM='398',REQUEST_DURATION_OKHTTP='200',REQUEST_SYNCHRONOUS='TRUE',RESPONSE_CODE='200',RESPONSE_METHOD='GET',RESPONSE_LENGTH_OKHTTP='89986',RESPONSE_LENGTH_HEADER='89986',REQUEST_PROTOCOL='h2',REQUEST_URL='https://pl.tedcdn.com/rss_feed_images/ted_talks_main_podcast/video.png',
08-04 19:18:22.122  3560  4384 D MYTAG   : interceptor 2a
08-04 19:18:22.122  3560  4384 I NAPPA_EXPERIMENTATION: MetricNetworkRequestExecutionTime: REQUEST_DURATION_SYSTEM='431',REQUEST_DURATION_OKHTTP='198',REQUEST_SYNCHRONOUS='TRUE',RESPONSE_CODE='404',RESPONSE_METHOD='GET',RESPONSE_LENGTH_OKHTTP='-1',RESPONSE_LENGTH_HEADER='1503',REQUEST_PROTOCOL='h2',REQUEST_URL='https://fab.industries/sixgun/files/linuxoutlaws.jpg',
08-04 19:18:22.124  3560  3560 W Glide   : Load failed for http://sixgun.org/files/linuxoutlaws.jpg with size [224x224]
08-04 19:18:22.124  3560  3560 W Glide   : class com.bumptech.glide.load.engine.GlideException: Failed to load resource
08-04 19:18:22.124  3560  3560 W Glide   : There was 1 cause:
08-04 19:18:22.124  3560  3560 W Glide   : com.bumptech.glide.load.HttpException()
08-04 19:18:22.124  3560  3560 W Glide   :  call GlideException#logRootCauses(String) for more detail
08-04 19:18:22.124  3560  3560 W Glide   :   Cause (1 of 1): class com.bumptech.glide.load.engine.GlideException: Fetching data failed, class java.io.InputStream, REMOTE
08-04 19:18:22.124  3560  3560 W Glide   : There was 1 cause:
08-04 19:18:22.124  3560  3560 W Glide   : com.bumptech.glide.load.HttpException()
08-04 19:18:22.124  3560  3560 W Glide   :  call GlideException#logRootCauses(String) for more detail
08-04 19:18:22.124  3560  3560 W Glide   :     Cause (1 of 1): class com.bumptech.glide.load.HttpException: 
08-04 19:18:22.125  3560  3560 I Glide   : Root cause (1 of 1)
08-04 19:18:22.125  3560  3560 I Glide   : com.bumptech.glide.load.HttpException: 
08-04 19:18:22.125  3560  3560 I Glide   : 	at com.bumptech.glide.integration.okhttp3.OkHttpStreamFetcher.onResponse(OkHttpStreamFetcher.java:73)
08-04 19:18:22.125  3560  3560 I Glide   : 	at okhttp3.RealCall$AsyncCall.execute(RealCall.java:174)
08-04 19:18:22.125  3560  3560 I Glide   : 	at okhttp3.internal.NamedRunnable.run(NamedRunnable.java:32)
08-04 19:18:22.125  3560  3560 I Glide   : 	at java.util.concurrent.ThreadPoolExecutor.runWorker(ThreadPoolExecutor.java:1113)
08-04 19:18:22.125  3560  3560 I Glide   : 	at java.util.concurrent.ThreadPoolExecutor$Worker.run(ThreadPoolExecutor.java:588)
08-04 19:18:22.125  3560  3560 I Glide   : 	at java.lang.Thread.run(Thread.java:818)
08-04 19:18:22.126  3560  3560 W Glide   : Load failed for http://sixgun.org/files/linuxoutlaws.jpg with size [224x224]
08-04 19:18:22.126  3560  3560 W Glide   : class com.bumptech.glide.load.engine.GlideException: Failed to load resource
08-04 19:18:22.126  3560  3560 W Glide   : There was 1 cause:
08-04 19:18:22.126  3560  3560 W Glide   : com.bumptech.glide.load.HttpException()
08-04 19:18:22.126  3560  3560 W Glide   :  call GlideException#logRootCauses(String) for more detail
08-04 19:18:22.126  3560  3560 W Glide   :   Cause (1 of 1): class com.bumptech.glide.load.engine.GlideException: Fetching data failed, class java.io.InputStream, REMOTE
08-04 19:18:22.126  3560  3560 W Glide   : There was 1 cause:
08-04 19:18:22.126  3560  3560 W Glide   : com.bumptech.glide.load.HttpException()
08-04 19:18:22.126  3560  3560 W Glide   :  call GlideException#logRootCauses(String) for more detail
08-04 19:18:22.126  3560  3560 W Glide   :     Cause (1 of 1): class com.bumptech.glide.load.HttpException: 
08-04 19:18:22.126  3560  3560 I Glide   : Root cause (1 of 1)
08-04 19:18:22.126  3560  3560 I Glide   : com.bumptech.glide.load.HttpException: 
08-04 19:18:22.126  3560  3560 I Glide   : 	at com.bumptech.glide.integration.okhttp3.OkHttpStreamFetcher.onResponse(OkHttpStreamFetcher.java:73)
08-04 19:18:22.126  3560  3560 I Glide   : 	at okhttp3.RealCall$AsyncCall.execute(RealCall.java:174)
08-04 19:18:22.126  3560  3560 I Glide   : 	at okhttp3.internal.NamedRunnable.run(NamedRunnable.java:32)
08-04 19:18:22.126  3560  3560 I Glide   : 	at java.util.concurrent.ThreadPoolExecutor.runWorker(ThreadPoolExecutor.java:1113)
08-04 19:18:22.126  3560  3560 I Glide   : 	at java.util.concurrent.ThreadPoolExecutor$Worker.run(ThreadPoolExecutor.java:588)
08-04 19:18:22.126  3560  3560 I Glide   : 	at java.lang.Thread.run(Thread.java:818)
08-04 19:18:22.130  3560  4383 D MYTAG   : interceptor 2a
08-04 19:18:22.130  3560  4383 I NAPPA_EXPERIMENTATION: MetricNetworkRequestExecutionTime: REQUEST_DURATION_SYSTEM='403',REQUEST_DURATION_OKHTTP='208',REQUEST_SYNCHRONOUS='TRUE',RESPONSE_CODE='200',RESPONSE_METHOD='GET',RESPONSE_LENGTH_OKHTTP='465707',RESPONSE_LENGTH_HEADER='465707',REQUEST_PROTOCOL='h2',REQUEST_URL='https://elroy.twit.tv/sites/default/files/styles/twit_album_art_2048x2048/public/images/shows/this_week_in_tech/album_art/audio/twit1400audio.jpg?itok=J0vhatZb',
08-04 19:18:22.152  3560  3572 I art     : Starting a blocking GC Explicit
08-04 19:18:22.196  3560  3572 I art     : Explicit concurrent mark sweep GC freed 13248(734KB) AllocSpace objects, 1(20KB) LOS objects, 24% free, 50MB/66MB, paused 1.664ms total 43.906ms
08-04 19:18:22.209  3560  3572 I art     : Starting a blocking GC Explicit
08-04 19:18:22.233  3560  4375 D MYTAG   : interceptor 2a
08-04 19:18:22.234  3560  4375 I NAPPA_EXPERIMENTATION: MetricNetworkRequestExecutionTime: REQUEST_DURATION_SYSTEM='523',REQUEST_DURATION_OKHTTP='308',REQUEST_SYNCHRONOUS='TRUE',RESPONSE_CODE='200',RESPONSE_METHOD='GET',RESPONSE_LENGTH_OKHTTP='297964',RESPONSE_LENGTH_HEADER='297964',REQUEST_PROTOCOL='h2',REQUEST_URL='https://elroy.twit.tv/sites/default/files/styles/twit_album_art_2048x2048/public/images/shows/floss_weekly/album_art/audio/floss_albumart_mask.jpg?itok=IUjxKpwt',
08-04 19:18:22.248  3560  3572 I art     : Explicit concurrent mark sweep GC freed 980(49KB) AllocSpace objects, 0(0B) LOS objects, 24% free, 50MB/66MB, paused 1.721ms total 38.812ms
08-04 19:18:22.260  3560  3572 I art     : Starting a blocking GC Explicit
08-04 19:18:22.300  3560  3572 I art     : Explicit concurrent mark sweep GC freed 214(19KB) AllocSpace objects, 0(0B) LOS objects, 23% free, 50MB/66MB, paused 2.143ms total 38.975ms
08-04 19:18:22.308  3560  4563 D ApOkHttpUrlLoader: buildLoadData() called with: model = [http://sixgun.org/files/linuxoutlaws.jpg], width = [224], height = [224]
08-04 19:18:22.309  3560  4375 D DBReader: getImageAuthentication() called with: imageUrl = [http://sixgun.org/files/linuxoutlaws.jpg]
08-04 19:18:22.312  3560  3572 I art     : Starting a blocking GC Explicit
08-04 19:18:22.315  3560  4375 D ApOkHttpUrlLoader: no credentials for 'http://sixgun.org/files/linuxoutlaws.jpg'
08-04 19:18:22.350  3560  4375 D DBWriter: updateFeedDownloadURL(original: http://sixgun.org/files/linuxoutlaws.jpg, updated: https://fab.industries/sixgun/files/linuxoutlaws.jpg)
08-04 19:18:22.350  3560  3572 I art     : Explicit concurrent mark sweep GC freed 716(45KB) AllocSpace objects, 0(0B) LOS objects, 23% free, 50MB/66MB, paused 1.927ms total 38.669ms
08-04 19:18:22.362  3560  3572 I art     : Starting a blocking GC Explicit
08-04 19:18:22.399  3560  3572 I art     : Explicit concurrent mark sweep GC freed 413(18KB) AllocSpace objects, 0(0B) LOS objects, 23% free, 50MB/66MB, paused 1.516ms total 37.108ms
08-04 19:18:22.485  3560  4375 D MYTAG   : interceptor 2a
08-04 19:18:22.485  3560  4375 I NAPPA_EXPERIMENTATION: MetricNetworkRequestExecutionTime: REQUEST_DURATION_SYSTEM='170',REQUEST_DURATION_OKHTTP='131',REQUEST_SYNCHRONOUS='TRUE',RESPONSE_CODE='404',RESPONSE_METHOD='GET',RESPONSE_LENGTH_OKHTTP='-1',RESPONSE_LENGTH_HEADER='1503',REQUEST_PROTOCOL='h2',REQUEST_URL='https://fab.industries/sixgun/files/linuxoutlaws.jpg',
08-04 19:18:22.493  3560  3560 W Glide   : Load failed for http://sixgun.org/files/linuxoutlaws.jpg with size [224x224]
08-04 19:18:22.493  3560  3560 W Glide   : class com.bumptech.glide.load.engine.GlideException: Failed to load resource
08-04 19:18:22.493  3560  3560 W Glide   : There was 1 cause:
08-04 19:18:22.493  3560  3560 W Glide   : com.bumptech.glide.load.HttpException()
08-04 19:18:22.493  3560  3560 W Glide   :  call GlideException#logRootCauses(String) for more detail
08-04 19:18:22.493  3560  3560 W Glide   :   Cause (1 of 1): class com.bumptech.glide.load.engine.GlideException: Fetching data failed, class java.io.InputStream, REMOTE
08-04 19:18:22.493  3560  3560 W Glide   : There was 1 cause:
08-04 19:18:22.493  3560  3560 W Glide   : com.bumptech.glide.load.HttpException()
08-04 19:18:22.493  3560  3560 W Glide   :  call GlideException#logRootCauses(String) for more detail
08-04 19:18:22.493  3560  3560 W Glide   :     Cause (1 of 1): class com.bumptech.glide.load.HttpException: 
08-04 19:18:22.494  3560  3560 I Glide   : Root cause (1 of 1)
08-04 19:18:22.494  3560  3560 I Glide   : com.bumptech.glide.load.HttpException: 
08-04 19:18:22.494  3560  3560 I Glide   : 	at com.bumptech.glide.integration.okhttp3.OkHttpStreamFetcher.onResponse(OkHttpStreamFetcher.java:73)
08-04 19:18:22.494  3560  3560 I Glide   : 	at okhttp3.RealCall$AsyncCall.execute(RealCall.java:174)
08-04 19:18:22.494  3560  3560 I Glide   : 	at okhttp3.internal.NamedRunnable.run(NamedRunnable.java:32)
08-04 19:18:22.494  3560  3560 I Glide   : 	at java.util.concurrent.ThreadPoolExecutor.runWorker(ThreadPoolExecutor.java:1113)
08-04 19:18:22.494  3560  3560 I Glide   : 	at java.util.concurrent.ThreadPoolExecutor$Worker.run(ThreadPoolExecutor.java:588)
08-04 19:18:22.494  3560  3560 I Glide   : 	at java.lang.Thread.run(Thread.java:818)
08-04 19:18:22.526  3560  4563 D ApOkHttpUrlLoader: buildLoadData() called with: model = [http://sixgun.org/files/linuxoutlaws.jpg], width = [224], height = [224]
08-04 19:18:22.527  3560  4375 D DBReader: getImageAuthentication() called with: imageUrl = [http://sixgun.org/files/linuxoutlaws.jpg]
08-04 19:18:22.531  3560  4375 D ApOkHttpUrlLoader: no credentials for 'http://sixgun.org/files/linuxoutlaws.jpg'
08-04 19:18:22.562  3560  4375 D DBWriter: updateFeedDownloadURL(original: http://sixgun.org/files/linuxoutlaws.jpg, updated: https://fab.industries/sixgun/files/linuxoutlaws.jpg)
08-04 19:18:22.693  3560  4375 D MYTAG   : interceptor 2a
08-04 19:18:22.694  3560  4375 I NAPPA_EXPERIMENTATION: MetricNetworkRequestExecutionTime: REQUEST_DURATION_SYSTEM='162',REQUEST_DURATION_OKHTTP='128',REQUEST_SYNCHRONOUS='TRUE',RESPONSE_CODE='404',RESPONSE_METHOD='GET',RESPONSE_LENGTH_OKHTTP='-1',RESPONSE_LENGTH_HEADER='1503',REQUEST_PROTOCOL='h2',REQUEST_URL='https://fab.industries/sixgun/files/linuxoutlaws.jpg',
08-04 19:18:22.696  3560  3560 W Glide   : Load failed for http://sixgun.org/files/linuxoutlaws.jpg with size [224x224]
08-04 19:18:22.696  3560  3560 W Glide   : class com.bumptech.glide.load.engine.GlideException: Failed to load resource
08-04 19:18:22.696  3560  3560 W Glide   : There was 1 cause:
08-04 19:18:22.696  3560  3560 W Glide   : com.bumptech.glide.load.HttpException()
08-04 19:18:22.696  3560  3560 W Glide   :  call GlideException#logRootCauses(String) for more detail
08-04 19:18:22.696  3560  3560 W Glide   :   Cause (1 of 1): class com.bumptech.glide.load.engine.GlideException: Fetching data failed, class java.io.InputStream, REMOTE
08-04 19:18:22.696  3560  3560 W Glide   : There was 1 cause:
08-04 19:18:22.696  3560  3560 W Glide   : com.bumptech.glide.load.HttpException()
08-04 19:18:22.696  3560  3560 W Glide   :  call GlideException#logRootCauses(String) for more detail
08-04 19:18:22.696  3560  3560 W Glide   :     Cause (1 of 1): class com.bumptech.glide.load.HttpException: 
08-04 19:18:22.696  3560  3560 I Glide   : Root cause (1 of 1)
08-04 19:18:22.696  3560  3560 I Glide   : com.bumptech.glide.load.HttpException: 
08-04 19:18:22.696  3560  3560 I Glide   : 	at com.bumptech.glide.integration.okhttp3.OkHttpStreamFetcher.onResponse(OkHttpStreamFetcher.java:73)
08-04 19:18:22.696  3560  3560 I Glide   : 	at okhttp3.RealCall$AsyncCall.execute(RealCall.java:174)
08-04 19:18:22.696  3560  3560 I Glide   : 	at okhttp3.internal.NamedRunnable.run(NamedRunnable.java:32)
08-04 19:18:22.696  3560  3560 I Glide   : 	at java.util.concurrent.ThreadPoolExecutor.runWorker(ThreadPoolExecutor.java:1113)
08-04 19:18:22.696  3560  3560 I Glide   : 	at java.util.concurrent.ThreadPoolExecutor$Worker.run(ThreadPoolExecutor.java:588)
08-04 19:18:22.696  3560  3560 I Glide   : 	at java.lang.Thread.run(Thread.java:818)
08-04 19:18:22.746  3560  3572 I art     : Starting a blocking GC Explicit
08-04 19:18:22.800  3560  3572 I art     : Explicit concurrent mark sweep GC freed 3053(225KB) AllocSpace objects, 1(20KB) LOS objects, 23% free, 50MB/66MB, paused 1.655ms total 53.928ms
08-04 19:18:22.814  3560  3572 I art     : Starting a blocking GC Explicit
08-04 19:18:22.861  3560  3572 I art     : Explicit concurrent mark sweep GC freed 97(3KB) AllocSpace objects, 0(0B) LOS objects, 23% free, 50MB/66MB, paused 1.488ms total 47.225ms
08-04 19:18:22.875  3560  3572 I art     : Starting a blocking GC Explicit
08-04 19:18:22.922  3560  3572 I art     : Explicit concurrent mark sweep GC freed 3(96B) AllocSpace objects, 0(0B) LOS objects, 23% free, 50MB/66MB, paused 1.504ms total 46.957ms
08-04 19:18:22.936  3560  3572 I art     : Starting a blocking GC Explicit
08-04 19:18:22.983  3560  3572 I art     : Explicit concurrent mark sweep GC freed 3(96B) AllocSpace objects, 0(0B) LOS objects, 23% free, 50MB/66MB, paused 1.586ms total 47.296ms
08-04 19:18:22.997  3560  3572 I art     : Starting a blocking GC Explicit
08-04 19:18:23.027 31450 31450 W Atfwd_Sendcmd: AtCmdFwd service not published, waiting... retryCnt : 3
08-04 19:18:23.043  3560  3572 I art     : Explicit concurrent mark sweep GC freed 3(96B) AllocSpace objects, 0(0B) LOS objects, 23% free, 50MB/66MB, paused 1.610ms total 46.160ms
08-04 19:18:23.439  3560  3582 I art     : Starting a blocking GC Explicit
08-04 19:18:23.484  3560  3582 I art     : Explicit concurrent mark sweep GC freed 1428(82KB) AllocSpace objects, 1(20KB) LOS objects, 23% free, 50MB/66MB, paused 1.599ms total 44.862ms
08-04 19:18:23.496  3560  3582 I art     : Starting a blocking GC Explicit
08-04 19:18:23.535  3560  3582 I art     : Explicit concurrent mark sweep GC freed 46(1520B) AllocSpace objects, 0(0B) LOS objects, 23% free, 50MB/66MB, paused 1.430ms total 38.208ms
08-04 19:18:23.547  3560  3582 I art     : Starting a blocking GC Explicit
08-04 19:18:23.589  3560  3582 I art     : Explicit concurrent mark sweep GC freed 4(128B) AllocSpace objects, 0(0B) LOS objects, 23% free, 50MB/66MB, paused 1.604ms total 41.860ms
08-04 19:18:23.602  3560  3582 I art     : Starting a blocking GC Explicit
08-04 19:18:23.648  3560  3582 I art     : Explicit concurrent mark sweep GC freed 3(96B) AllocSpace objects, 0(0B) LOS objects, 23% free, 50MB/66MB, paused 1.628ms total 45.675ms
08-04 19:18:23.661  3560  3582 I art     : Starting a blocking GC Explicit
08-04 19:18:23.709  3560  3582 I art     : Explicit concurrent mark sweep GC freed 35(960B) AllocSpace objects, 0(0B) LOS objects, 23% free, 50MB/66MB, paused 1.589ms total 47.117ms
08-04 19:18:24.089  3560  5849 I art     : Starting a blocking GC Explicit
08-04 19:18:24.148  3560  5849 I art     : Explicit concurrent mark sweep GC freed 1383(81KB) AllocSpace objects, 1(20KB) LOS objects, 23% free, 50MB/66MB, paused 1.770ms total 59.151ms
08-04 19:18:24.164  3560  5849 I art     : Starting a blocking GC Explicit
08-04 19:18:24.212  3560  5849 I art     : Explicit concurrent mark sweep GC freed 23(752B) AllocSpace objects, 0(0B) LOS objects, 23% free, 50MB/66MB, paused 1.533ms total 46.857ms
08-04 19:18:24.225  3560  5849 I art     : Starting a blocking GC Explicit
08-04 19:18:24.271  3560  5849 I art     : Explicit concurrent mark sweep GC freed 3(96B) AllocSpace objects, 0(0B) LOS objects, 23% free, 50MB/66MB, paused 1.556ms total 46.144ms
08-04 19:18:24.285  3560  5849 I art     : Starting a blocking GC Explicit
08-04 19:18:24.332  3560  5849 I art     : Explicit concurrent mark sweep GC freed 3(96B) AllocSpace objects, 0(0B) LOS objects, 23% free, 50MB/66MB, paused 1.534ms total 46.991ms
08-04 19:18:24.345  3560  5849 I art     : Starting a blocking GC Explicit
08-04 19:18:24.393  3560  5849 I art     : Explicit concurrent mark sweep GC freed 3(96B) AllocSpace objects, 0(0B) LOS objects, 23% free, 50MB/66MB, paused 1.613ms total 47.163ms
08-04 19:18:24.782  3560  3572 I art     : Starting a blocking GC Explicit
08-04 19:18:24.839  3560  3572 I art     : Explicit concurrent mark sweep GC freed 1410(81KB) AllocSpace objects, 1(20KB) LOS objects, 23% free, 50MB/66MB, paused 1.789ms total 56.001ms
08-04 19:18:24.856  3560  3572 I art     : Starting a blocking GC Explicit
08-04 19:18:24.904  3560  3572 I art     : Explicit concurrent mark sweep GC freed 23(752B) AllocSpace objects, 0(0B) LOS objects, 23% free, 50MB/66MB, paused 1.614ms total 46.863ms
08-04 19:18:24.904  3560  3571 I art     : WaitForGcToComplete blocked for 47.373ms for cause HeapTrim
08-04 19:18:24.917  3560  3572 I art     : Starting a blocking GC Explicit
08-04 19:18:24.964  3560  3572 I art     : Explicit concurrent mark sweep GC freed 3(96B) AllocSpace objects, 0(0B) LOS objects, 23% free, 50MB/66MB, paused 1.611ms total 46.051ms
08-04 19:18:24.977  3560  3572 I art     : Starting a blocking GC Explicit
08-04 19:18:25.025  3560  3572 I art     : Explicit concurrent mark sweep GC freed 3(96B) AllocSpace objects, 0(0B) LOS objects, 23% free, 50MB/66MB, paused 1.616ms total 48.226ms
08-04 19:18:25.039  3560  3572 I art     : Starting a blocking GC Explicit
08-04 19:18:25.084  3560  3572 I art     : Explicit concurrent mark sweep GC freed 3(96B) AllocSpace objects, 0(0B) LOS objects, 23% free, 50MB/66MB, paused 1.517ms total 44.397ms
08-04 19:18:25.483  3560  5849 I art     : Starting a blocking GC Explicit
08-04 19:18:25.538  3560  5849 I art     : Explicit concurrent mark sweep GC freed 1423(84KB) AllocSpace objects, 1(20KB) LOS objects, 23% free, 50MB/66MB, paused 1.782ms total 54.834ms
08-04 19:18:25.555  3560  5849 I art     : Starting a blocking GC Explicit
08-04 19:18:25.602  3560  5849 I art     : Explicit concurrent mark sweep GC freed 29(976B) AllocSpace objects, 0(0B) LOS objects, 23% free, 50MB/66MB, paused 1.636ms total 46.778ms
08-04 19:18:25.616  3560  5849 I art     : Starting a blocking GC Explicit
08-04 19:18:25.664  3560  5849 I art     : Explicit concurrent mark sweep GC freed 3(96B) AllocSpace objects, 0(0B) LOS objects, 23% free, 50MB/66MB, paused 1.531ms total 47.660ms
08-04 19:18:25.677  3560  5849 I art     : Starting a blocking GC Explicit
08-04 19:18:25.722  3560  5849 I art     : Explicit concurrent mark sweep GC freed 32(880B) AllocSpace objects, 0(0B) LOS objects, 23% free, 50MB/66MB, paused 1.615ms total 45.023ms
08-04 19:18:25.736  3560  5849 I art     : Starting a blocking GC Explicit
08-04 19:18:25.783  3560  5849 I art     : Explicit concurrent mark sweep GC freed 3(96B) AllocSpace objects, 0(0B) LOS objects, 23% free, 50MB/66MB, paused 1.618ms total 46.896ms
08-04 19:18:25.826   918 13198 D NetlinkSocketObserver: NeighborEvent{elapsedMs=1715309701, 192.168.2.254, [7C3953A63323], RTM_NEWNEIGH, NUD_STALE}
08-04 19:18:26.150  3560  3572 I art     : Starting a blocking GC Explicit
08-04 19:18:26.201  3560  3572 I art     : Explicit concurrent mark sweep GC freed 1384(81KB) AllocSpace objects, 1(20KB) LOS objects, 23% free, 50MB/66MB, paused 1.569ms total 51.215ms
08-04 19:18:26.215  3560  3572 I art     : Starting a blocking GC Explicit
08-04 19:18:26.263  3560  3572 I art     : Explicit concurrent mark sweep GC freed 23(752B) AllocSpace objects, 0(0B) LOS objects, 23% free, 50MB/66MB, paused 1.613ms total 47.335ms
08-04 19:18:26.276  3560  3572 I art     : Starting a blocking GC Explicit
08-04 19:18:26.323  3560  3572 I art     : Explicit concurrent mark sweep GC freed 3(96B) AllocSpace objects, 0(0B) LOS objects, 23% free, 50MB/66MB, paused 1.525ms total 46.605ms
08-04 19:18:26.336  3560  3572 I art     : Starting a blocking GC Explicit
08-04 19:18:26.384  3560  3572 I art     : Explicit concurrent mark sweep GC freed 3(96B) AllocSpace objects, 0(0B) LOS objects, 23% free, 50MB/66MB, paused 1.606ms total 46.964ms
08-04 19:18:26.397  3560  3572 I art     : Starting a blocking GC Explicit
08-04 19:18:26.444  3560  3572 I art     : Explicit concurrent mark sweep GC freed 3(96B) AllocSpace objects, 0(0B) LOS objects, 23% free, 50MB/66MB, paused 1.546ms total 46.625ms
08-04 19:18:26.834  3560  4182 I art     : Starting a blocking GC Explicit
08-04 19:18:26.895  3560  4182 I art     : Explicit concurrent mark sweep GC freed 1411(82KB) AllocSpace objects, 1(20KB) LOS objects, 23% free, 50MB/66MB, paused 1.713ms total 61.290ms
08-04 19:18:26.911  3560  4182 I art     : Starting a blocking GC Explicit
08-04 19:18:26.955  3560  4182 I art     : Explicit concurrent mark sweep GC freed 23(752B) AllocSpace objects, 0(0B) LOS objects, 23% free, 50MB/66MB, paused 1.532ms total 44.006ms
08-04 19:18:26.969  3560  4182 I art     : Starting a blocking GC Explicit
08-04 19:18:27.010  3560  4182 I art     : Explicit concurrent mark sweep GC freed 3(96B) AllocSpace objects, 0(0B) LOS objects, 23% free, 50MB/66MB, paused 1.623ms total 41.071ms
08-04 19:18:27.022  3560  4182 I art     : Starting a blocking GC Explicit
08-04 19:18:27.064  3560  4182 I art     : Explicit concurrent mark sweep GC freed 3(96B) AllocSpace objects, 0(0B) LOS objects, 23% free, 50MB/66MB, paused 1.557ms total 41.699ms
08-04 19:18:27.077  3560  4182 I art     : Starting a blocking GC Explicit
08-04 19:18:27.120  3560  4182 I art     : Explicit concurrent mark sweep GC freed 3(96B) AllocSpace objects, 0(0B) LOS objects, 23% free, 50MB/66MB, paused 1.630ms total 42.988ms
08-04 19:18:27.507  6757  6757 D AndroidRuntime: >>>>>> START com.android.internal.os.RuntimeInit uid 2000 <<<<<<
08-04 19:18:27.509  3560  3573 I art     : Starting a blocking GC Explicit
08-04 19:18:27.514  6757  6757 D AndroidRuntime: CheckJNI is OFF
08-04 19:18:27.556  3560  3573 I art     : Explicit concurrent mark sweep GC freed 1384(81KB) AllocSpace objects, 1(20KB) LOS objects, 23% free, 50MB/66MB, paused 1.655ms total 46.039ms
08-04 19:18:27.561  6757  6757 D ICU     : No timezone override file found: /data/misc/zoneinfo/current/icu/icu_tzdata.dat
08-04 19:18:27.569  3560  3573 I art     : Starting a blocking GC Explicit
08-04 19:18:27.609  6757  6757 I Radio-JNI: register_android_hardware_Radio DONE
08-04 19:18:27.613  3560  3573 I art     : Explicit concurrent mark sweep GC freed 23(752B) AllocSpace objects, 0(0B) LOS objects, 23% free, 50MB/66MB, paused 1.725ms total 43.895ms
08-04 19:18:27.626  3560  3573 I art     : Starting a blocking GC Explicit
08-04 19:18:27.640  6757  6757 D AndroidRuntime: Calling main entry com.android.commands.input.Input
08-04 19:18:27.643  6757  6757 I Input   : injectMotionEvent: MotionEvent { action=ACTION_DOWN, actionButton=0, id[0]=0, x[0]=526.0, y[0]=597.0, toolType[0]=TOOL_TYPE_UNKNOWN, buttonState=0, metaState=0, flags=0x0, edgeFlags=0x0, pointerCount=1, historySize=0, eventTime=731924055, downTime=731924055, deviceId=0, source=0x1002 }
08-04 19:18:27.651  6757  6757 I Input   : injectMotionEvent: MotionEvent { action=ACTION_UP, actionButton=0, id[0]=0, x[0]=526.0, y[0]=597.0, toolType[0]=TOOL_TYPE_UNKNOWN, buttonState=0, metaState=0, flags=0x0, edgeFlags=0x0, pointerCount=1, historySize=0, eventTime=731924055, downTime=731924055, deviceId=0, source=0x1002 }
08-04 19:18:27.653  6757  6757 D AndroidRuntime: Shutting down VM
08-04 19:18:27.668  3560  3573 I art     : Explicit concurrent mark sweep GC freed 21(704B) AllocSpace objects, 0(0B) LOS objects, 23% free, 50MB/66MB, paused 1.566ms total 41.260ms
08-04 19:18:27.681  3560  3573 I art     : Starting a blocking GC Explicit
08-04 19:18:27.718  3560  3560 D PodcastListFragment: Selected podcast: GpodnetPodcast [url=http://feeds.feedburner.com/linuxoutlaws, title=Linux Outlaws, description=Two pragmatic geeks talk about the latest news concerning Linux, free and open
08-04 19:18:27.718  3560  3560 D PodcastListFragment: technology or anything else they deem noteworthy which may include such absurd
08-04 19:18:27.718  3560  3560 D PodcastListFragment: things as hockey or bands you never heard of. This means there's many a joke
08-04 19:18:27.718  3560  3560 D PodcastListFragment: and derailed conversation along the way, so don't come here expecting only
08-04 19:18:27.718  3560  3560 D PodcastListFragment: Linux or software freedom talk  just sit back and relax, partner., subscribers=3321, logoUrl=http://sixgun.org/files/linuxoutlaws.jpg, website=http://sixgun.org, mygpoLink=http://gpodder.net/podcast/linux-outlaws-mp3]
08-04 19:18:27.719   918  6029 I ActivityManager: START u0 {cmp=baseline.de.danoeh.antennapod.debug/baseline.de.danoeh.antennapod.activity.OnlineFeedViewActivity (has extras)} from uid 10670 on display 0
08-04 19:18:27.720   512  2967 D audio_hw_primary: out_set_parameters: enter: usecase(1: low-latency-playback) kvpairs: routing=2
08-04 19:18:27.722  3560  3573 I art     : Explicit concurrent mark sweep GC freed 58(11KB) AllocSpace objects, 0(0B) LOS objects, 23% free, 50MB/66MB, paused 2.215ms total 40.704ms
08-04 19:18:27.733   512  2967 D audio_hw_primary: select_devices: out_snd_device(2: speaker) in_snd_device(0: none)
08-04 19:18:27.733   512  2967 D msm8974_platform: platform_send_audio_calibration: sending audio calibration for snd_device(2) acdb_id(15)
08-04 19:18:27.733   512  2967 I soundtrigger: audio_extn_sound_trigger_update_device_status: device 0x2 of type 0 for Event 1
08-04 19:18:27.735  3560  3573 I art     : Starting a blocking GC Explicit
08-04 19:18:27.744   512  2967 D audio_hw_primary: enable_snd_device: snd_device(2: speaker)
08-04 19:18:27.746   512  2967 D audio_hw_primary: enable_audio_route: apply and update mixer path: low-latency-playback speaker
08-04 19:18:27.752  3560  3560 D UserPreferences: Using default data folder
08-04 19:18:27.753  3560  3560 D OnlineFeedViewActivity: Activity was started with url http://feeds.feedburner.com/linuxoutlaws
08-04 19:18:27.756  3560  3560 D OnlineFeedViewActivity: Starting feed download
08-04 19:18:27.760  3560  4170 D DBReader: Extracting Feedlist
08-04 19:18:27.763   918   928 D WifiService: acquireWifiLockLocked: WifiLock{Downloader type=1 binder=android.os.BinderProxy@8599f20}
08-04 19:18:27.764  3560  4170 D AntennapodHttpClient: Creating new instance of HTTP client
08-04 19:18:27.779  3560  3573 I art     : Explicit concurrent mark sweep GC freed 1215(97KB) AllocSpace objects, 1(20KB) LOS objects, 23% free, 50MB/66MB, paused 2.347ms total 43.674ms
08-04 19:18:27.817  3560  4170 D MYTAG   : interceptor 3a http://feeds.feedburner.com/linuxoutlaws
08-04 19:18:27.817  3560  4170 I NAPPA_EXPERIMENTATION: MetricNetworkRequestExecutionTime: REQUEST_DURATION_SYSTEM='52',REQUEST_DURATION_OKHTTP='34',REQUEST_SYNCHRONOUS='TRUE',RESPONSE_CODE='200',RESPONSE_METHOD='GET',RESPONSE_LENGTH_OKHTTP='-1',RESPONSE_LENGTH_HEADER='-2',REQUEST_PROTOCOL='http/1.1',REQUEST_URL='http://feeds.feedburner.com/linuxoutlaws',
08-04 19:18:27.818  3560  4170 D HttpDownloader: Response code is 200
08-04 19:18:27.818  3560  4170 D UserPreferences: Using default data folder
08-04 19:18:27.820  3560  4170 D HttpDownloader: Getting size of download
08-04 19:18:27.820  3560  4170 D HttpDownloader: Size is -1
08-04 19:18:27.820  3560  4170 D UserPreferences: Using default data folder
08-04 19:18:27.820  3560  4170 D HttpDownloader: Free space is 20229709824
08-04 19:18:27.820  3560  4170 D HttpDownloader: Starting download
08-04 19:18:27.824 13866 13866 I GoogleInputMethodServic: GoogleInputMethodService.onFinishInput():3138 
08-04 19:18:27.825 13866 13866 I GoogleInputMethodServic: GoogleInputMethodService.onStartInput():1808 
08-04 19:18:27.835  3560  4170 D HttpDownloader: Download was successful
08-04 19:18:27.835   918  4400 D WifiService: releaseWifiLockLocked: WifiLock{Downloader type=1 binder=android.os.BinderProxy@8599f20}
08-04 19:18:27.846   918   936 I ActivityManager: Displayed baseline.de.danoeh.antennapod.debug/baseline.de.danoeh.antennapod.activity.OnlineFeedViewActivity: +113ms
08-04 19:18:27.848  3560  3560 D OnlineFeedViewActivity: Parsing feed
08-04 19:18:27.852  3560  6781 D TypeGetter: Recognized type RSS 2.0
08-04 19:18:27.854  3560  6781 D SyndHandler: Recognized Content namespace
08-04 19:18:27.855  3560  6781 D SyndHandler: Recognized DublinCore namespace
08-04 19:18:27.855  3560  6781 D SyndHandler: Recognized Atom namespace
08-04 19:18:27.855  3560  6781 D SyndHandler: Recognized ITunes namespace
08-04 19:18:27.855  3560  6781 D SyndHandler: Recognized media namespace
08-04 19:18:27.873  3560  3581 D OpenGLRenderer: endAllStagingAnimators on 0x7f7e7db800 (GridView) with handle 0x7f7a0f9620
08-04 19:18:27.896  3560  6781 D OnlineFeedViewActivity: Deleted feed source file. Result: true
08-04 19:18:27.897  3560  3560 D OnlineFeedViewActivity: Removing HTML from shownotes
08-04 19:18:27.915  3560  4563 D ApOkHttpUrlLoader: buildLoadData() called with: model = [http://sixgun.org/files/linuxoutlaws.jpg], width = [350], height = [350]
08-04 19:18:27.917  3560  4375 D DBReader: getImageAuthentication() called with: imageUrl = [http://sixgun.org/files/linuxoutlaws.jpg]
08-04 19:18:27.921  3560  4375 D ApOkHttpUrlLoader: no credentials for 'http://sixgun.org/files/linuxoutlaws.jpg'
08-04 19:18:27.951  3560  4375 D DBWriter: updateFeedDownloadURL(original: http://sixgun.org/files/linuxoutlaws.jpg, updated: https://fab.industries/sixgun/files/linuxoutlaws.jpg)
08-04 19:18:28.086  3560  4375 D MYTAG   : interceptor 2a
08-04 19:18:28.086  3560  4375 I NAPPA_EXPERIMENTATION: MetricNetworkRequestExecutionTime: REQUEST_DURATION_SYSTEM='165',REQUEST_DURATION_OKHTTP='131',REQUEST_SYNCHRONOUS='TRUE',RESPONSE_CODE='404',RESPONSE_METHOD='GET',RESPONSE_LENGTH_OKHTTP='-1',RESPONSE_LENGTH_HEADER='1503',REQUEST_PROTOCOL='h2',REQUEST_URL='https://fab.industries/sixgun/files/linuxoutlaws.jpg',
08-04 19:18:28.089  3560  3560 W Glide   : Load failed for http://sixgun.org/files/linuxoutlaws.jpg with size [350x350]
08-04 19:18:28.089  3560  3560 W Glide   : class com.bumptech.glide.load.engine.GlideException: Failed to load resource
08-04 19:18:28.089  3560  3560 W Glide   : There was 1 cause:
08-04 19:18:28.089  3560  3560 W Glide   : com.bumptech.glide.load.HttpException()
08-04 19:18:28.089  3560  3560 W Glide   :  call GlideException#logRootCauses(String) for more detail
08-04 19:18:28.089  3560  3560 W Glide   :   Cause (1 of 1): class com.bumptech.glide.load.engine.GlideException: Fetching data failed, class java.io.InputStream, REMOTE
08-04 19:18:28.089  3560  3560 W Glide   : There was 1 cause:
08-04 19:18:28.089  3560  3560 W Glide   : com.bumptech.glide.load.HttpException()
08-04 19:18:28.089  3560  3560 W Glide   :  call GlideException#logRootCauses(String) for more detail
08-04 19:18:28.089  3560  3560 W Glide   :     Cause (1 of 1): class com.bumptech.glide.load.HttpException: 
08-04 19:18:28.089  3560  3560 I Glide   : Root cause (1 of 1)
08-04 19:18:28.089  3560  3560 I Glide   : com.bumptech.glide.load.HttpException: 
08-04 19:18:28.089  3560  3560 I Glide   : 	at com.bumptech.glide.integration.okhttp3.OkHttpStreamFetcher.onResponse(OkHttpStreamFetcher.java:73)
08-04 19:18:28.089  3560  3560 I Glide   : 	at okhttp3.RealCall$AsyncCall.execute(RealCall.java:174)
08-04 19:18:28.089  3560  3560 I Glide   : 	at okhttp3.internal.NamedRunnable.run(NamedRunnable.java:32)
08-04 19:18:28.089  3560  3560 I Glide   : 	at java.util.concurrent.ThreadPoolExecutor.runWorker(ThreadPoolExecutor.java:1113)
08-04 19:18:28.089  3560  3560 I Glide   : 	at java.util.concurrent.ThreadPoolExecutor$Worker.run(ThreadPoolExecutor.java:588)
08-04 19:18:28.089  3560  3560 I Glide   : 	at java.lang.Thread.run(Thread.java:818)
08-04 19:18:28.097   380   380 W SurfaceFlinger: couldn't log to binary event log: overflow.
08-04 19:18:28.112  3560  5849 I art     : Starting a blocking GC Explicit
08-04 19:18:28.158  3560  5849 I art     : Explicit concurrent mark sweep GC freed 14728(1255KB) AllocSpace objects, 15(828KB) LOS objects, 23% free, 51MB/67MB, paused 1.442ms total 45.860ms
08-04 19:18:28.170  3560  5849 I art     : Starting a blocking GC Explicit
08-04 19:18:28.210  3560  5849 I art     : Explicit concurrent mark sweep GC freed 1230(55KB) AllocSpace objects, 0(0B) LOS objects, 23% free, 51MB/67MB, paused 1.429ms total 40.258ms
08-04 19:18:28.223  3560  3560 D PlaybackController: Releasing PlaybackController
08-04 19:18:28.224  3560  5849 I art     : Starting a blocking GC Explicit
08-04 19:18:28.269  3560  5849 I art     : Explicit concurrent mark sweep GC freed 279(15KB) AllocSpace objects, 1(112KB) LOS objects, 23% free, 50MB/66MB, paused 1.737ms total 44.110ms
08-04 19:18:28.279   512  2967 D audio_hw_primary: disable_audio_route: reset and update mixer path: low-latency-playback speaker
08-04 19:18:28.279   512  2967 D audio_hw_primary: disable_snd_device: snd_device(2: speaker)
08-04 19:18:28.282  3560  5849 I art     : Starting a blocking GC Explicit
08-04 19:18:28.287   512  2967 I soundtrigger: audio_extn_sound_trigger_update_device_status: device 0x2 of type 0 for Event 0
08-04 19:18:28.326  3560  5849 I art     : Explicit concurrent mark sweep GC freed 34(1072B) AllocSpace objects, 0(0B) LOS objects, 23% free, 50MB/66MB, paused 1.568ms total 43.087ms
08-04 19:18:28.339  3560  5849 I art     : Starting a blocking GC Explicit
08-04 19:18:28.384  3560  5849 I art     : Explicit concurrent mark sweep GC freed 3(96B) AllocSpace objects, 0(0B) LOS objects, 23% free, 50MB/66MB, paused 1.826ms total 44.772ms
08-04 19:18:28.748  3560  4182 I art     : Starting a blocking GC Explicit
08-04 19:18:28.801  3560  4182 I art     : Explicit concurrent mark sweep GC freed 1410(81KB) AllocSpace objects, 1(20KB) LOS objects, 23% free, 50MB/66MB, paused 1.617ms total 53.289ms
08-04 19:18:28.815  3560  4182 I art     : Starting a blocking GC Explicit
08-04 19:18:28.861  3560  4182 I art     : Explicit concurrent mark sweep GC freed 23(752B) AllocSpace objects, 0(0B) LOS objects, 23% free, 50MB/66MB, paused 1.591ms total 45.837ms
08-04 19:18:28.874  3560  4182 I art     : Starting a blocking GC Explicit
08-04 19:18:28.920  3560  4182 I art     : Explicit concurrent mark sweep GC freed 3(96B) AllocSpace objects, 0(0B) LOS objects, 23% free, 50MB/66MB, paused 1.620ms total 45.186ms
08-04 19:18:28.933  3560  4182 I art     : Starting a blocking GC Explicit
08-04 19:18:28.979  3560  4182 I art     : Explicit concurrent mark sweep GC freed 3(96B) AllocSpace objects, 0(0B) LOS objects, 23% free, 50MB/66MB, paused 1.609ms total 46.045ms
08-04 19:18:28.993  3560  4182 I art     : Starting a blocking GC Explicit
08-04 19:18:29.039  3560  4182 I art     : Explicit concurrent mark sweep GC freed 3(96B) AllocSpace objects, 0(0B) LOS objects, 23% free, 50MB/66MB, paused 1.645ms total 45.949ms
08-04 19:18:29.421  3560  3572 I art     : Starting a blocking GC Explicit
08-04 19:18:29.482  3560  3572 I art     : Explicit concurrent mark sweep GC freed 1381(81KB) AllocSpace objects, 1(20KB) LOS objects, 23% free, 50MB/66MB, paused 1.779ms total 60.744ms
08-04 19:18:29.499  3560  3572 I art     : Starting a blocking GC Explicit
08-04 19:18:29.549  3560  3572 I art     : Explicit concurrent mark sweep GC freed 26(848B) AllocSpace objects, 0(0B) LOS objects, 23% free, 50MB/66MB, paused 1.844ms total 49.981ms
08-04 19:18:29.563  3560  3572 I art     : Starting a blocking GC Explicit
08-04 19:18:29.610  3560  3572 I art     : Explicit concurrent mark sweep GC freed 11(352B) AllocSpace objects, 0(0B) LOS objects, 23% free, 50MB/66MB, paused 1.683ms total 47.030ms
08-04 19:18:29.623  3560  3572 I art     : Starting a blocking GC Explicit
08-04 19:18:29.670  3560  3572 I art     : Explicit concurrent mark sweep GC freed 10(320B) AllocSpace objects, 0(0B) LOS objects, 23% free, 50MB/66MB, paused 1.685ms total 45.782ms
08-04 19:18:29.683  3560  3572 I art     : Starting a blocking GC Explicit
08-04 19:18:29.728  3560  3572 I art     : Explicit concurrent mark sweep GC freed 40(1136B) AllocSpace objects, 0(0B) LOS objects, 23% free, 50MB/66MB, paused 1.805ms total 44.553ms
08-04 19:18:30.112  3560  3582 I art     : Starting a blocking GC Explicit
08-04 19:18:30.173  3560  3582 I art     : Explicit concurrent mark sweep GC freed 1385(81KB) AllocSpace objects, 1(20KB) LOS objects, 23% free, 50MB/66MB, paused 1.865ms total 60.426ms
08-04 19:18:30.189  3560  3582 I art     : Starting a blocking GC Explicit
08-04 19:18:30.239  3560  3582 I art     : Explicit concurrent mark sweep GC freed 23(752B) AllocSpace objects, 0(0B) LOS objects, 23% free, 50MB/66MB, paused 1.689ms total 49.663ms
08-04 19:18:30.253  3560  3582 I art     : Starting a blocking GC Explicit
08-04 19:18:30.302  3560  3582 I art     : Explicit concurrent mark sweep GC freed 3(96B) AllocSpace objects, 0(0B) LOS objects, 23% free, 50MB/66MB, paused 1.655ms total 48.223ms
08-04 19:18:30.316  3560  3582 I art     : Starting a blocking GC Explicit
08-04 19:18:30.365  3560  3582 I art     : Explicit concurrent mark sweep GC freed 3(96B) AllocSpace objects, 0(0B) LOS objects, 23% free, 50MB/66MB, paused 1.616ms total 49.480ms
08-04 19:18:30.380  3560  3582 I art     : Starting a blocking GC Explicit
08-04 19:18:30.427  3560  3582 I art     : Explicit concurrent mark sweep GC freed 3(96B) AllocSpace objects, 0(0B) LOS objects, 23% free, 50MB/66MB, paused 1.647ms total 46.996ms
08-04 19:18:30.771  3560  4182 I art     : Starting a blocking GC Explicit
08-04 19:18:30.827  3560  4182 I art     : Explicit concurrent mark sweep GC freed 1410(81KB) AllocSpace objects, 1(20KB) LOS objects, 23% free, 50MB/66MB, paused 1.622ms total 55.649ms
08-04 19:18:30.844  3560  4182 I art     : Starting a blocking GC Explicit
08-04 19:18:30.893  3560  4182 I art     : Explicit concurrent mark sweep GC freed 37(1200B) AllocSpace objects, 0(0B) LOS objects, 23% free, 50MB/66MB, paused 1.606ms total 49.333ms
08-04 19:18:30.907  3560  4182 I art     : Starting a blocking GC Explicit
08-04 19:18:30.957  3560  4182 I art     : Explicit concurrent mark sweep GC freed 3(96B) AllocSpace objects, 0(0B) LOS objects, 23% free, 50MB/66MB, paused 1.647ms total 49.786ms
08-04 19:18:30.971  3560  4182 I art     : Starting a blocking GC Explicit
08-04 19:18:31.020  3560  4182 I art     : Explicit concurrent mark sweep GC freed 3(96B) AllocSpace objects, 0(0B) LOS objects, 23% free, 50MB/66MB, paused 1.693ms total 48.434ms
08-04 19:18:31.034  3560  4182 I art     : Starting a blocking GC Explicit
08-04 19:18:31.084  3560  4182 I art     : Explicit concurrent mark sweep GC freed 3(96B) AllocSpace objects, 0(0B) LOS objects, 23% free, 50MB/66MB, paused 1.659ms total 50.286ms
08-04 19:18:31.472  3560  3572 I art     : Starting a blocking GC Explicit
08-04 19:18:31.539  3560  3572 I art     : Explicit concurrent mark sweep GC freed 1382(83KB) AllocSpace objects, 1(20KB) LOS objects, 23% free, 50MB/66MB, paused 1.787ms total 66.353ms
08-04 19:18:31.556  3560  3572 I art     : Starting a blocking GC Explicit
08-04 19:18:31.603  3560  3572 I art     : Explicit concurrent mark sweep GC freed 23(752B) AllocSpace objects, 0(0B) LOS objects, 23% free, 50MB/66MB, paused 1.532ms total 47.231ms
08-04 19:18:31.617  3560  3572 I art     : Starting a blocking GC Explicit
08-04 19:18:31.667  3560  3572 I art     : Explicit concurrent mark sweep GC freed 3(96B) AllocSpace objects, 0(0B) LOS objects, 23% free, 50MB/66MB, paused 1.649ms total 49.589ms
08-04 19:18:31.681  3560  3572 I art     : Starting a blocking GC Explicit
08-04 19:18:31.730  3560  3572 I art     : Explicit concurrent mark sweep GC freed 32(880B) AllocSpace objects, 0(0B) LOS objects, 23% free, 50MB/66MB, paused 1.710ms total 48.906ms
08-04 19:18:31.744  3560  3572 I art     : Starting a blocking GC Explicit
08-04 19:18:31.795  3560  3572 I art     : Explicit concurrent mark sweep GC freed 3(96B) AllocSpace objects, 0(0B) LOS objects, 23% free, 50MB/66MB, paused 1.776ms total 51.507ms
08-04 19:18:32.145  3560  3582 I art     : Starting a blocking GC Explicit
08-04 19:18:32.194  3560  3582 I art     : Explicit concurrent mark sweep GC freed 1382(82KB) AllocSpace objects, 1(20KB) LOS objects, 23% free, 50MB/66MB, paused 1.650ms total 48.807ms
08-04 19:18:32.207  3560  3582 I art     : Starting a blocking GC Explicit
08-04 19:18:32.254  3560  3582 I art     : Explicit concurrent mark sweep GC freed 23(752B) AllocSpace objects, 0(0B) LOS objects, 23% free, 50MB/66MB, paused 1.715ms total 46.705ms
08-04 19:18:32.268  3560  3582 I art     : Starting a blocking GC Explicit
08-04 19:18:32.313  3560  3582 I art     : Explicit concurrent mark sweep GC freed 3(96B) AllocSpace objects, 0(0B) LOS objects, 23% free, 50MB/66MB, paused 1.540ms total 45.194ms
08-04 19:18:32.327  3560  3582 I art     : Starting a blocking GC Explicit
08-04 19:18:32.373  3560  3582 I art     : Explicit concurrent mark sweep GC freed 3(96B) AllocSpace objects, 0(0B) LOS objects, 23% free, 50MB/66MB, paused 1.534ms total 46.428ms
08-04 19:18:32.386  3560  3582 I art     : Starting a blocking GC Explicit
08-04 19:18:32.432  3560  3582 I art     : Explicit concurrent mark sweep GC freed 3(96B) AllocSpace objects, 0(0B) LOS objects, 23% free, 50MB/66MB, paused 1.587ms total 45.536ms
08-04 19:18:32.488  6843  6843 D AndroidRuntime: >>>>>> START com.android.internal.os.RuntimeInit uid 2000 <<<<<<
08-04 19:18:32.495  6843  6843 D AndroidRuntime: CheckJNI is OFF
08-04 19:18:32.542  6843  6843 D ICU     : No timezone override file found: /data/misc/zoneinfo/current/icu/icu_tzdata.dat
08-04 19:18:32.589  6843  6843 I Radio-JNI: register_android_hardware_Radio DONE
08-04 19:18:32.619  6843  6843 D AndroidRuntime: Calling main entry com.android.commands.input.Input
08-04 19:18:32.621  6843  6843 I Input   : injectKeyEvent: KeyEvent { action=ACTION_DOWN, keyCode=KEYCODE_BACK, scanCode=0, metaState=0, flags=0x0, repeatCount=0, eventTime=731929034, downTime=731929034, deviceId=-1, source=0x101 }
08-04 19:18:32.628  6843  6843 I Input   : injectKeyEvent: KeyEvent { action=ACTION_UP, keyCode=KEYCODE_BACK, scanCode=0, metaState=0, flags=0x0, repeatCount=0, eventTime=731929034, downTime=731929034, deviceId=-1, source=0x101 }
08-04 19:18:32.634  6843  6843 D AndroidRuntime: Shutting down VM
08-04 19:18:32.641  3560  3560 V PlaybackController: initServiceNotRunning()
08-04 19:18:32.642  3560  3560 D ExternalPlayerFragment: Loading media info
08-04 19:18:32.644  3560  4563 D ApOkHttpUrlLoader: buildLoadData() called with: model = [http://sixgun.org/files/linuxoutlaws.jpg], width = [224], height = [224]
08-04 19:18:32.645  3560  4375 D DBReader: getImageAuthentication() called with: imageUrl = [http://sixgun.org/files/linuxoutlaws.jpg]
08-04 19:18:32.646  3560  3560 D UserPreferences: Using default data folder
08-04 19:18:32.646  3560  4170 D DBReader: getNavDrawerData() called with: 
08-04 19:18:32.648  3560  4375 D ApOkHttpUrlLoader: no credentials for 'http://sixgun.org/files/linuxoutlaws.jpg'
08-04 19:18:32.660  3560  4170 D DBReader: getDownloadedItems() called
08-04 19:18:32.661  3560  4170 D DBReader: getFavoriteIDList() called
08-04 19:18:32.662  3560  4170 D DBReader: getQueueIDList() called
08-04 19:18:32.662  3560  4170 D DBReader: Extracting Feedlist
08-04 19:18:32.679 13866 13866 I GoogleInputMethodServic: GoogleInputMethodService.onFinishInput():3138 
08-04 19:18:32.679  3560  3560 D MainActivity: getLastNavFragment() -> AddFeedFragment
08-04 19:18:32.679 13866 13866 I GoogleInputMethodServic: GoogleInputMethodService.onStartInput():1808 
08-04 19:18:32.725  3560  4375 D DBWriter: updateFeedDownloadURL(original: http://sixgun.org/files/linuxoutlaws.jpg, updated: https://fab.industries/sixgun/files/linuxoutlaws.jpg)
08-04 19:18:32.788  3560  3572 I art     : Starting a blocking GC Explicit
08-04 19:18:32.846  3560  3572 I art     : Explicit concurrent mark sweep GC freed 3137(186KB) AllocSpace objects, 1(20KB) LOS objects, 23% free, 51MB/67MB, paused 1.984ms total 57.118ms
08-04 19:18:32.862  3560  3572 I art     : Starting a blocking GC Explicit
08-04 19:18:32.862  3560  4375 D MYTAG   : interceptor 2a
08-04 19:18:32.863  3560  4375 I NAPPA_EXPERIMENTATION: MetricNetworkRequestExecutionTime: REQUEST_DURATION_SYSTEM='214',REQUEST_DURATION_OKHTTP='133',REQUEST_SYNCHRONOUS='TRUE',RESPONSE_CODE='404',RESPONSE_METHOD='GET',RESPONSE_LENGTH_OKHTTP='-1',RESPONSE_LENGTH_HEADER='1503',REQUEST_PROTOCOL='h2',REQUEST_URL='https://fab.industries/sixgun/files/linuxoutlaws.jpg',
08-04 19:18:32.864  3560  3560 W Glide   : Load failed for http://sixgun.org/files/linuxoutlaws.jpg with size [224x224]
08-04 19:18:32.864  3560  3560 W Glide   : class com.bumptech.glide.load.engine.GlideException: Failed to load resource
08-04 19:18:32.864  3560  3560 W Glide   : There was 1 cause:
08-04 19:18:32.864  3560  3560 W Glide   : com.bumptech.glide.load.HttpException()
08-04 19:18:32.864  3560  3560 W Glide   :  call GlideException#logRootCauses(String) for more detail
08-04 19:18:32.864  3560  3560 W Glide   :   Cause (1 of 1): class com.bumptech.glide.load.engine.GlideException: Fetching data failed, class java.io.InputStream, REMOTE
08-04 19:18:32.864  3560  3560 W Glide   : There was 1 cause:
08-04 19:18:32.864  3560  3560 W Glide   : com.bumptech.glide.load.HttpException()
08-04 19:18:32.864  3560  3560 W Glide   :  call GlideException#logRootCauses(String) for more detail
08-04 19:18:32.864  3560  3560 W Glide   :     Cause (1 of 1): class com.bumptech.glide.load.HttpException: 
08-04 19:18:32.864  3560  3560 I Glide   : Root cause (1 of 1)
08-04 19:18:32.864  3560  3560 I Glide   : com.bumptech.glide.load.HttpException: 
08-04 19:18:32.864  3560  3560 I Glide   : 	at com.bumptech.glide.integration.okhttp3.OkHttpStreamFetcher.onResponse(OkHttpStreamFetcher.java:73)
08-04 19:18:32.864  3560  3560 I Glide   : 	at okhttp3.RealCall$AsyncCall.execute(RealCall.java:174)
08-04 19:18:32.864  3560  3560 I Glide   : 	at okhttp3.internal.NamedRunnable.run(NamedRunnable.java:32)
08-04 19:18:32.864  3560  3560 I Glide   : 	at java.util.concurrent.ThreadPoolExecutor.runWorker(ThreadPoolExecutor.java:1113)
08-04 19:18:32.864  3560  3560 I Glide   : 	at java.util.concurrent.ThreadPoolExecutor$Worker.run(ThreadPoolExecutor.java:588)
08-04 19:18:32.864  3560  3560 I Glide   : 	at java.lang.Thread.run(Thread.java:818)
08-04 19:18:32.865  3560  3560 W Glide   : Load failed for http://sixgun.org/files/linuxoutlaws.jpg with size [224x224]
08-04 19:18:32.865  3560  3560 W Glide   : class com.bumptech.glide.load.engine.GlideException: Failed to load resource
08-04 19:18:32.865  3560  3560 W Glide   : There was 1 cause:
08-04 19:18:32.865  3560  3560 W Glide   : com.bumptech.glide.load.HttpException()
08-04 19:18:32.865  3560  3560 W Glide   :  call GlideException#logRootCauses(String) for more detail
08-04 19:18:32.865  3560  3560 W Glide   :   Cause (1 of 1): class com.bumptech.glide.load.engine.GlideException: Fetching data failed, class java.io.InputStream, REMOTE
08-04 19:18:32.865  3560  3560 W Glide   : There was 1 cause:
08-04 19:18:32.865  3560  3560 W Glide   : com.bumptech.glide.load.HttpException()
08-04 19:18:32.865  3560  3560 W Glide   :  call GlideException#logRootCauses(String) for more detail
08-04 19:18:32.865  3560  3560 W Glide   :     Cause (1 of 1): class com.bumptech.glide.load.HttpException: 
08-04 19:18:32.865  3560  3560 I Glide   : Root cause (1 of 1)
08-04 19:18:32.865  3560  3560 I Glide   : com.bumptech.glide.load.HttpException: 
08-04 19:18:32.865  3560  3560 I Glide   : 	at com.bumptech.glide.integration.okhttp3.OkHttpStreamFetcher.onResponse(OkHttpStreamFetcher.java:73)
08-04 19:18:32.865  3560  3560 I Glide   : 	at okhttp3.RealCall$AsyncCall.execute(RealCall.java:174)
08-04 19:18:32.865  3560  3560 I Glide   : 	at okhttp3.internal.NamedRunnable.run(NamedRunnable.java:32)
08-04 19:18:32.865  3560  3560 I Glide   : 	at java.util.concurrent.ThreadPoolExecutor.runWorker(ThreadPoolExecutor.java:1113)
08-04 19:18:32.865  3560  3560 I Glide   : 	at java.util.concurrent.ThreadPoolExecutor$Worker.run(ThreadPoolExecutor.java:588)
08-04 19:18:32.865  3560  3560 I Glide   : 	at java.lang.Thread.run(Thread.java:818)
08-04 19:18:32.916  3560  3572 I art     : Explicit concurrent mark sweep GC freed 927(95KB) AllocSpace objects, 0(0B) LOS objects, 23% free, 50MB/66MB, paused 1.658ms total 54.073ms
08-04 19:18:32.934  3560  3572 I art     : Starting a blocking GC Explicit
08-04 19:18:32.985  3560  3572 I art     : Explicit concurrent mark sweep GC freed 158(7KB) AllocSpace objects, 0(0B) LOS objects, 23% free, 50MB/66MB, paused 1.555ms total 50.867ms
08-04 19:18:32.999  3560  3572 I art     : Starting a blocking GC Explicit
08-04 19:18:33.002   380   380 W SurfaceFlinger: couldn't log to binary event log: overflow.
08-04 19:18:33.043  3560  3572 I art     : Explicit concurrent mark sweep GC freed 588(24KB) AllocSpace objects, 0(0B) LOS objects, 23% free, 50MB/66MB, paused 1.556ms total 44.166ms
08-04 19:18:33.055  3560  3572 I art     : Starting a blocking GC Explicit
08-04 19:18:33.098  3560  3572 I art     : Explicit concurrent mark sweep GC freed 144(6KB) AllocSpace objects, 0(0B) LOS objects, 23% free, 50MB/66MB, paused 1.550ms total 42.164ms
08-04 19:18:33.460  3560  3582 I art     : Starting a blocking GC Explicit
08-04 19:18:33.515  3560  3582 I art     : Explicit concurrent mark sweep GC freed 4097(312KB) AllocSpace objects, 2(48KB) LOS objects, 23% free, 50MB/66MB, paused 1.576ms total 54.372ms
08-04 19:18:33.528  3560  3582 I art     : Starting a blocking GC Explicit
08-04 19:18:33.572  3560  3582 I art     : Explicit concurrent mark sweep GC freed 23(752B) AllocSpace objects, 0(0B) LOS objects, 23% free, 50MB/66MB, paused 1.553ms total 43.335ms
08-04 19:18:33.585  3560  3582 I art     : Starting a blocking GC Explicit
08-04 19:18:33.629  3560  3582 I art     : Explicit concurrent mark sweep GC freed 3(96B) AllocSpace objects, 0(0B) LOS objects, 23% free, 50MB/66MB, paused 1.668ms total 43.722ms
08-04 19:18:33.642  3560  3582 I art     : Starting a blocking GC Explicit
08-04 19:18:33.687  3560  3582 I art     : Explicit concurrent mark sweep GC freed 3(96B) AllocSpace objects, 0(0B) LOS objects, 23% free, 50MB/66MB, paused 1.600ms total 44.057ms
08-04 19:18:33.700  3560  3582 I art     : Starting a blocking GC Explicit
08-04 19:18:33.743  3560  3582 I art     : Explicit concurrent mark sweep GC freed 32(880B) AllocSpace objects, 0(0B) LOS objects, 23% free, 50MB/66MB, paused 1.579ms total 43.246ms
08-04 19:18:34.079  3560  3573 I art     : Starting a blocking GC Explicit
08-04 19:18:34.131  3560  3573 I art     : Explicit concurrent mark sweep GC freed 1383(81KB) AllocSpace objects, 1(20KB) LOS objects, 23% free, 50MB/66MB, paused 1.823ms total 51.699ms
08-04 19:18:34.147  3560  3573 I art     : Starting a blocking GC Explicit
08-04 19:18:34.190  3560  3573 I art     : Explicit concurrent mark sweep GC freed 23(752B) AllocSpace objects, 0(0B) LOS objects, 23% free, 50MB/66MB, paused 1.676ms total 42.676ms
08-04 19:18:34.203  3560  3573 I art     : Starting a blocking GC Explicit
08-04 19:18:34.248  3560  3573 I art     : Explicit concurrent mark sweep GC freed 3(96B) AllocSpace objects, 0(0B) LOS objects, 23% free, 50MB/66MB, paused 1.712ms total 44.665ms
08-04 19:18:34.261  3560  3573 I art     : Starting a blocking GC Explicit
08-04 19:18:34.305  3560  3573 I art     : Explicit concurrent mark sweep GC freed 10(320B) AllocSpace objects, 0(0B) LOS objects, 23% free, 50MB/66MB, paused 1.486ms total 44.080ms
08-04 19:18:34.318  3560  3573 I art     : Starting a blocking GC Explicit
08-04 19:18:34.360  3560  3573 I art     : Explicit concurrent mark sweep GC freed 19(608B) AllocSpace objects, 0(0B) LOS objects, 23% free, 50MB/66MB, paused 1.558ms total 42.547ms
08-04 19:18:34.434  6886  6886 D AndroidRuntime: >>>>>> START com.android.internal.os.RuntimeInit uid 2000 <<<<<<
08-04 19:18:34.440  6886  6886 D AndroidRuntime: CheckJNI is OFF
08-04 19:18:34.483  6886  6886 D ICU     : No timezone override file found: /data/misc/zoneinfo/current/icu/icu_tzdata.dat
08-04 19:18:34.526  6886  6886 I Radio-JNI: register_android_hardware_Radio DONE
08-04 19:18:34.555  6886  6886 D AndroidRuntime: Calling main entry com.android.commands.input.Input
08-04 19:18:34.558  6886  6886 I Input   : injectMotionEvent: MotionEvent { action=ACTION_DOWN, actionButton=0, id[0]=0, x[0]=526.0, y[0]=597.0, toolType[0]=TOOL_TYPE_UNKNOWN, buttonState=0, metaState=0, flags=0x0, edgeFlags=0x0, pointerCount=1, historySize=0, eventTime=731930970, downTime=731930970, deviceId=0, source=0x1002 }
08-04 19:18:34.564  6886  6886 I Input   : injectMotionEvent: MotionEvent { action=ACTION_UP, actionButton=0, id[0]=0, x[0]=526.0, y[0]=597.0, toolType[0]=TOOL_TYPE_UNKNOWN, buttonState=0, metaState=0, flags=0x0, edgeFlags=0x0, pointerCount=1, historySize=0, eventTime=731930970, downTime=731930970, deviceId=0, source=0x1002 }
08-04 19:18:34.566  6886  6886 D AndroidRuntime: Shutting down VM
08-04 19:18:34.631  3560  3560 D PodcastListFragment: Selected podcast: GpodnetPodcast [url=http://feeds.feedburner.com/linuxoutlaws, title=Linux Outlaws, description=Two pragmatic geeks talk about the latest news concerning Linux, free and open
08-04 19:18:34.631  3560  3560 D PodcastListFragment: technology or anything else they deem noteworthy which may include such absurd
08-04 19:18:34.631  3560  3560 D PodcastListFragment: things as hockey or bands you never heard of. This means there's many a joke
08-04 19:18:34.631  3560  3560 D PodcastListFragment: and derailed conversation along the way, so don't come here expecting only
08-04 19:18:34.631  3560  3560 D PodcastListFragment: Linux or software freedom talk  just sit back and relax, partner., subscribers=3321, logoUrl=http://sixgun.org/files/linuxoutlaws.jpg, website=http://sixgun.org, mygpoLink=http://gpodder.net/podcast/linux-outlaws-mp3]
08-04 19:18:34.632   918  3961 I ActivityManager: START u0 {cmp=baseline.de.danoeh.antennapod.debug/baseline.de.danoeh.antennapod.activity.OnlineFeedViewActivity (has extras)} from uid 10670 on display 0
08-04 19:18:34.633   512  2967 D audio_hw_primary: out_set_parameters: enter: usecase(1: low-latency-playback) kvpairs: routing=2
08-04 19:18:34.647   512  2967 D audio_hw_primary: select_devices: out_snd_device(2: speaker) in_snd_device(0: none)
08-04 19:18:34.647   512  2967 D msm8974_platform: platform_send_audio_calibration: sending audio calibration for snd_device(2) acdb_id(15)
08-04 19:18:34.647   512  2967 I soundtrigger: audio_extn_sound_trigger_update_device_status: device 0x2 of type 0 for Event 1
08-04 19:18:34.659   512  2967 D audio_hw_primary: enable_snd_device: snd_device(2: speaker)
08-04 19:18:34.662   512  2967 D audio_hw_primary: enable_audio_route: apply and update mixer path: low-latency-playback speaker
08-04 19:18:34.673  3560  3560 D UserPreferences: Using default data folder
08-04 19:18:34.674  3560  3560 D OnlineFeedViewActivity: Activity was started with url http://feeds.feedburner.com/linuxoutlaws
08-04 19:18:34.679  3560  3560 D OnlineFeedViewActivity: Starting feed download
08-04 19:18:34.683  3560  3580 D DBReader: Extracting Feedlist
08-04 19:18:34.687   918  3961 D WifiService: acquireWifiLockLocked: WifiLock{Downloader type=1 binder=android.os.BinderProxy@ca464bd}
08-04 19:18:34.688  3560  3580 D AntennapodHttpClient: Creating new instance of HTTP client
08-04 19:18:34.731  3560  3580 D MYTAG   : interceptor 3a http://feeds.feedburner.com/linuxoutlaws
08-04 19:18:34.731  3560  3580 I NAPPA_EXPERIMENTATION: MetricNetworkRequestExecutionTime: REQUEST_DURATION_SYSTEM='42',REQUEST_DURATION_OKHTTP='30',REQUEST_SYNCHRONOUS='TRUE',RESPONSE_CODE='200',RESPONSE_METHOD='GET',RESPONSE_LENGTH_OKHTTP='-1',RESPONSE_LENGTH_HEADER='-2',REQUEST_PROTOCOL='http/1.1',REQUEST_URL='http://feeds.feedburner.com/linuxoutlaws',
08-04 19:18:34.731  3560  3580 D HttpDownloader: Response code is 200
08-04 19:18:34.731  3560  3580 D UserPreferences: Using default data folder
08-04 19:18:34.733  3560  3580 D HttpDownloader: Getting size of download
08-04 19:18:34.733  3560  3580 D HttpDownloader: Size is -1
08-04 19:18:34.733  3560  3580 D UserPreferences: Using default data folder
08-04 19:18:34.733  3560  3580 D HttpDownloader: Free space is 20229705728
08-04 19:18:34.733  3560  3580 D HttpDownloader: Starting download
08-04 19:18:34.736 13866 13866 I GoogleInputMethodServic: GoogleInputMethodService.onFinishInput():3138 
08-04 19:18:34.736 13866 13866 I GoogleInputMethodServic: GoogleInputMethodService.onStartInput():1808 
08-04 19:18:34.740  3560  3572 I art     : Starting a blocking GC Explicit
08-04 19:18:34.747  3560  3580 D HttpDownloader: Download was successful
08-04 19:18:34.748   918   928 D WifiService: releaseWifiLockLocked: WifiLock{Downloader type=1 binder=android.os.BinderProxy@ca464bd}
08-04 19:18:34.756   918   936 I ActivityManager: Displayed baseline.de.danoeh.antennapod.debug/baseline.de.danoeh.antennapod.activity.OnlineFeedViewActivity: +112ms
08-04 19:18:34.759  3560  3560 D OnlineFeedViewActivity: Parsing feed
08-04 19:18:34.765  3560  6928 D TypeGetter: Recognized type RSS 2.0
08-04 19:18:34.767  3560  6928 D SyndHandler: Recognized Content namespace
08-04 19:18:34.767  3560  6928 D SyndHandler: Recognized DublinCore namespace
08-04 19:18:34.767  3560  6928 D SyndHandler: Recognized Atom namespace
08-04 19:18:34.767  3560  6928 D SyndHandler: Recognized ITunes namespace
08-04 19:18:34.768  3560  6928 D SyndHandler: Recognized media namespace
08-04 19:18:34.790  3560  3572 I art     : Explicit concurrent mark sweep GC freed 3831(415KB) AllocSpace objects, 4(80KB) LOS objects, 23% free, 51MB/67MB, paused 2.013ms total 49.550ms
08-04 19:18:34.797  3560  3581 D OpenGLRenderer: endAllStagingAnimators on 0x7f7e7db800 (GridView) with handle 0x7f7e3683a0
08-04 19:18:34.802  3560  3572 I art     : Starting a blocking GC Explicit
08-04 19:18:34.817  3560  6928 D OnlineFeedViewActivity: Deleted feed source file. Result: true
08-04 19:18:34.817  3560  3560 D OnlineFeedViewActivity: Removing HTML from shownotes
08-04 19:18:34.835  3560  4563 D ApOkHttpUrlLoader: buildLoadData() called with: model = [http://sixgun.org/files/linuxoutlaws.jpg], width = [350], height = [350]
08-04 19:18:34.836  3560  4375 D DBReader: getImageAuthentication() called with: imageUrl = [http://sixgun.org/files/linuxoutlaws.jpg]
08-04 19:18:34.841  3560  4375 D ApOkHttpUrlLoader: no credentials for 'http://sixgun.org/files/linuxoutlaws.jpg'
08-04 19:18:34.845  3560  3572 I art     : Explicit concurrent mark sweep GC freed 4348(486KB) AllocSpace objects, 11(748KB) LOS objects, 23% free, 51MB/67MB, paused 2.120ms total 42.841ms
08-04 19:18:34.860  3560  3572 I art     : Starting a blocking GC Explicit
08-04 19:18:34.875  3560  4375 D DBWriter: updateFeedDownloadURL(original: http://sixgun.org/files/linuxoutlaws.jpg, updated: https://fab.industries/sixgun/files/linuxoutlaws.jpg)
08-04 19:18:34.904  3560  3572 I art     : Explicit concurrent mark sweep GC freed 1383(92KB) AllocSpace objects, 0(0B) LOS objects, 23% free, 51MB/67MB, paused 1.601ms total 43.945ms
08-04 19:18:34.917  3560  3572 I art     : Starting a blocking GC Explicit
08-04 19:18:34.965  3560  3572 I art     : Explicit concurrent mark sweep GC freed 559(26KB) AllocSpace objects, 0(0B) LOS objects, 23% free, 51MB/67MB, paused 1.545ms total 47.115ms
08-04 19:18:34.982  3560  3572 I art     : Starting a blocking GC Explicit
08-04 19:18:35.005   380   380 W SurfaceFlinger: couldn't log to binary event log: overflow.
08-04 19:18:35.010  3560  4375 D MYTAG   : interceptor 2a
08-04 19:18:35.011  3560  4375 I NAPPA_EXPERIMENTATION: MetricNetworkRequestExecutionTime: REQUEST_DURATION_SYSTEM='169',REQUEST_DURATION_OKHTTP='132',REQUEST_SYNCHRONOUS='TRUE',RESPONSE_CODE='404',RESPONSE_METHOD='GET',RESPONSE_LENGTH_OKHTTP='-1',RESPONSE_LENGTH_HEADER='1503',REQUEST_PROTOCOL='h2',REQUEST_URL='https://fab.industries/sixgun/files/linuxoutlaws.jpg',
08-04 19:18:35.014  3560  3560 W Glide   : Load failed for http://sixgun.org/files/linuxoutlaws.jpg with size [350x350]
08-04 19:18:35.014  3560  3560 W Glide   : class com.bumptech.glide.load.engine.GlideException: Failed to load resource
08-04 19:18:35.014  3560  3560 W Glide   : There was 1 cause:
08-04 19:18:35.014  3560  3560 W Glide   : com.bumptech.glide.load.HttpException()
08-04 19:18:35.014  3560  3560 W Glide   :  call GlideException#logRootCauses(String) for more detail
08-04 19:18:35.014  3560  3560 W Glide   :   Cause (1 of 1): class com.bumptech.glide.load.engine.GlideException: Fetching data failed, class java.io.InputStream, REMOTE
08-04 19:18:35.014  3560  3560 W Glide   : There was 1 cause:
08-04 19:18:35.014  3560  3560 W Glide   : com.bumptech.glide.load.HttpException()
08-04 19:18:35.014  3560  3560 W Glide   :  call GlideException#logRootCauses(String) for more detail
08-04 19:18:35.014  3560  3560 W Glide   :     Cause (1 of 1): class com.bumptech.glide.load.HttpException: 
08-04 19:18:35.014  3560  3560 I Glide   : Root cause (1 of 1)
08-04 19:18:35.014  3560  3560 I Glide   : com.bumptech.glide.load.HttpException: 
08-04 19:18:35.014  3560  3560 I Glide   : 	at com.bumptech.glide.integration.okhttp3.OkHttpStreamFetcher.onResponse(OkHttpStreamFetcher.java:73)
08-04 19:18:35.014  3560  3560 I Glide   : 	at okhttp3.RealCall$AsyncCall.execute(RealCall.java:174)
08-04 19:18:35.014  3560  3560 I Glide   : 	at okhttp3.internal.NamedRunnable.run(NamedRunnable.java:32)
08-04 19:18:35.014  3560  3560 I Glide   : 	at java.util.concurrent.ThreadPoolExecutor.runWorker(ThreadPoolExecutor.java:1113)
08-04 19:18:35.014  3560  3560 I Glide   : 	at java.util.concurrent.ThreadPoolExecutor$Worker.run(ThreadPoolExecutor.java:588)
08-04 19:18:35.014  3560  3560 I Glide   : 	at java.lang.Thread.run(Thread.java:818)
08-04 19:18:35.034  3560  3572 I art     : Explicit concurrent mark sweep GC freed 309(42KB) AllocSpace objects, 0(0B) LOS objects, 23% free, 51MB/67MB, paused 1.549ms total 51.700ms
08-04 19:18:35.129  3560  3560 D PlaybackController: Releasing PlaybackController
08-04 19:18:35.198   512  2967 D audio_hw_primary: disable_audio_route: reset and update mixer path: low-latency-playback speaker
08-04 19:18:35.199   512  2967 D audio_hw_primary: disable_snd_device: snd_device(2: speaker)
08-04 19:18:35.208   512  2967 I soundtrigger: audio_extn_sound_trigger_update_device_status: device 0x2 of type 0 for Event 0
08-04 19:18:35.388  3560  3573 I art     : Starting a blocking GC Explicit
08-04 19:18:35.448  3560  3573 I art     : Explicit concurrent mark sweep GC freed 1845(104KB) AllocSpace objects, 2(132KB) LOS objects, 23% free, 50MB/66MB, paused 1.733ms total 59.810ms
08-04 19:18:35.467  3560  3573 I art     : Starting a blocking GC Explicit
08-04 19:18:35.514  3560  3573 I art     : Explicit concurrent mark sweep GC freed 42(1392B) AllocSpace objects, 0(0B) LOS objects, 23% free, 50MB/66MB, paused 1.724ms total 46.303ms
08-04 19:18:35.528  3560  3573 I art     : Starting a blocking GC Explicit
08-04 19:18:35.574  3560  3573 I art     : Explicit concurrent mark sweep GC freed 3(96B) AllocSpace objects, 0(0B) LOS objects, 23% free, 50MB/66MB, paused 1.625ms total 46.399ms
08-04 19:18:35.588  3560  3573 I art     : Starting a blocking GC Explicit
08-04 19:18:35.634  3560  3573 I art     : Explicit concurrent mark sweep GC freed 3(96B) AllocSpace objects, 0(0B) LOS objects, 23% free, 50MB/66MB, paused 1.614ms total 46.044ms
08-04 19:18:35.648  3560  3573 I art     : Starting a blocking GC Explicit
08-04 19:18:35.694  3560  3573 I art     : Explicit concurrent mark sweep GC freed 32(880B) AllocSpace objects, 0(0B) LOS objects, 23% free, 50MB/66MB, paused 1.599ms total 46.302ms
08-04 19:18:36.074  3560  3582 I art     : Starting a blocking GC Explicit
08-04 19:18:36.129  3560  3582 I art     : Explicit concurrent mark sweep GC freed 1384(81KB) AllocSpace objects, 1(20KB) LOS objects, 23% free, 50MB/66MB, paused 1.756ms total 54.326ms
08-04 19:18:36.145  3560  3582 I art     : Starting a blocking GC Explicit
08-04 19:18:36.195  3560  3582 I art     : Explicit concurrent mark sweep GC freed 23(752B) AllocSpace objects, 0(0B) LOS objects, 23% free, 50MB/66MB, paused 1.677ms total 50.104ms
08-04 19:18:36.209  3560  3582 I art     : Starting a blocking GC Explicit
08-04 19:18:36.259  3560  3582 I art     : Explicit concurrent mark sweep GC freed 3(96B) AllocSpace objects, 0(0B) LOS objects, 23% free, 50MB/66MB, paused 1.789ms total 49.278ms
08-04 19:18:36.272  3560  3582 I art     : Starting a blocking GC Explicit
08-04 19:18:36.322  3560  3582 I art     : Explicit concurrent mark sweep GC freed 3(96B) AllocSpace objects, 0(0B) LOS objects, 23% free, 50MB/66MB, paused 1.542ms total 49.188ms
08-04 19:18:36.336  3560  3582 I art     : Starting a blocking GC Explicit
08-04 19:18:36.386  3560  3582 I art     : Explicit concurrent mark sweep GC freed 3(96B) AllocSpace objects, 0(0B) LOS objects, 23% free, 50MB/66MB, paused 1.692ms total 49.677ms
08-04 19:18:36.756  3560  3573 I art     : Starting a blocking GC Explicit
08-04 19:18:36.806  3560  3573 I art     : Explicit concurrent mark sweep GC freed 1440(82KB) AllocSpace objects, 1(20KB) LOS objects, 23% free, 50MB/66MB, paused 1.681ms total 49.767ms
08-04 19:18:36.820  3560  3573 I art     : Starting a blocking GC Explicit
08-04 19:18:36.869  3560  3573 I art     : Explicit concurrent mark sweep GC freed 23(752B) AllocSpace objects, 0(0B) LOS objects, 23% free, 50MB/66MB, paused 1.793ms total 48.237ms
08-04 19:18:36.883  3560  3573 I art     : Starting a blocking GC Explicit
08-04 19:18:36.932  3560  3573 I art     : Explicit concurrent mark sweep GC freed 3(96B) AllocSpace objects, 0(0B) LOS objects, 23% free, 50MB/66MB, paused 1.671ms total 49.043ms
08-04 19:18:36.946  3560  3573 I art     : Starting a blocking GC Explicit
08-04 19:18:36.995  3560  3573 I art     : Explicit concurrent mark sweep GC freed 3(96B) AllocSpace objects, 0(0B) LOS objects, 23% free, 50MB/66MB, paused 1.700ms total 48.410ms
08-04 19:18:37.009  3560  3573 I art     : Starting a blocking GC Explicit
08-04 19:18:37.058  3560  3573 I art     : Explicit concurrent mark sweep GC freed 3(96B) AllocSpace objects, 0(0B) LOS objects, 23% free, 50MB/66MB, paused 1.803ms total 49.643ms
08-04 19:18:37.444  3560  3582 I art     : Starting a blocking GC Explicit
08-04 19:18:37.504  3560  3582 I art     : Explicit concurrent mark sweep GC freed 1381(81KB) AllocSpace objects, 1(20KB) LOS objects, 23% free, 50MB/66MB, paused 1.774ms total 59.999ms
08-04 19:18:37.520  3560  3582 I art     : Starting a blocking GC Explicit
08-04 19:18:37.571  3560  3582 I art     : Explicit concurrent mark sweep GC freed 23(752B) AllocSpace objects, 0(0B) LOS objects, 23% free, 50MB/66MB, paused 1.698ms total 50.250ms
08-04 19:18:37.584  3560  3582 I art     : Starting a blocking GC Explicit
08-04 19:18:37.633  3560  3582 I art     : Explicit concurrent mark sweep GC freed 3(96B) AllocSpace objects, 0(0B) LOS objects, 23% free, 50MB/66MB, paused 1.665ms total 48.559ms
08-04 19:18:37.647  3560  3582 I art     : Starting a blocking GC Explicit
08-04 19:18:37.698  3560  3582 I art     : Explicit concurrent mark sweep GC freed 32(880B) AllocSpace objects, 0(0B) LOS objects, 23% free, 50MB/66MB, paused 1.825ms total 50.559ms
08-04 19:18:37.716  3560  3582 I art     : Starting a blocking GC Explicit
08-04 19:18:37.761  3560  3582 I art     : Explicit concurrent mark sweep GC freed 3(96B) AllocSpace objects, 0(0B) LOS objects, 23% free, 50MB/66MB, paused 1.681ms total 44.867ms
08-04 19:18:38.028 31450 31450 I ServiceManager: Waiting for service AtCmdFwd...
08-04 19:18:38.140  3560  5849 I art     : Starting a blocking GC Explicit
08-04 19:18:38.199  3560  5849 I art     : Explicit concurrent mark sweep GC freed 1381(81KB) AllocSpace objects, 1(20KB) LOS objects, 23% free, 50MB/66MB, paused 1.839ms total 58.454ms
08-04 19:18:38.217  3560  5849 I art     : Starting a blocking GC Explicit
08-04 19:18:38.266  3560  5849 I art     : Explicit concurrent mark sweep GC freed 23(752B) AllocSpace objects, 0(0B) LOS objects, 23% free, 50MB/66MB, paused 1.648ms total 48.637ms
08-04 19:18:38.280  3560  5849 I art     : Starting a blocking GC Explicit
08-04 19:18:38.329  3560  5849 I art     : Explicit concurrent mark sweep GC freed 3(96B) AllocSpace objects, 0(0B) LOS objects, 23% free, 50MB/66MB, paused 1.610ms total 49.242ms
08-04 19:18:38.343  3560  5849 I art     : Starting a blocking GC Explicit
08-04 19:18:38.388  3560  5849 I art     : Explicit concurrent mark sweep GC freed 3(96B) AllocSpace objects, 0(0B) LOS objects, 23% free, 50MB/66MB, paused 1.691ms total 44.543ms
08-04 19:18:38.401  3560  5849 I art     : Starting a blocking GC Explicit
08-04 19:18:38.450  3560  5849 I art     : Explicit concurrent mark sweep GC freed 3(96B) AllocSpace objects, 0(0B) LOS objects, 23% free, 50MB/66MB, paused 1.702ms total 48.470ms
08-04 19:18:38.843  3560  4182 I art     : Starting a blocking GC Explicit
08-04 19:18:38.888  3560  4182 I art     : Explicit concurrent mark sweep GC freed 1412(84KB) AllocSpace objects, 1(20KB) LOS objects, 23% free, 50MB/66MB, paused 1.729ms total 44.795ms
08-04 19:18:38.901  3560  4182 I art     : Starting a blocking GC Explicit
08-04 19:18:38.945  3560  4182 I art     : Explicit concurrent mark sweep GC freed 23(752B) AllocSpace objects, 0(0B) LOS objects, 23% free, 50MB/66MB, paused 1.610ms total 43.597ms
08-04 19:18:38.958  3560  4182 I art     : Starting a blocking GC Explicit
08-04 19:18:39.005  3560  4182 I art     : Explicit concurrent mark sweep GC freed 3(96B) AllocSpace objects, 0(0B) LOS objects, 23% free, 50MB/66MB, paused 1.675ms total 46.815ms
08-04 19:18:39.018  3560  4182 I art     : Starting a blocking GC Explicit
08-04 19:18:39.029 31450 31450 I ServiceManager: Waiting for service AtCmdFwd...
08-04 19:18:39.065  3560  4182 I art     : Explicit concurrent mark sweep GC freed 3(96B) AllocSpace objects, 0(0B) LOS objects, 23% free, 50MB/66MB, paused 1.690ms total 46.800ms
08-04 19:18:39.079  3560  4182 I art     : Starting a blocking GC Explicit
08-04 19:18:39.126  3560  4182 I art     : Explicit concurrent mark sweep GC freed 3(96B) AllocSpace objects, 0(0B) LOS objects, 23% free, 50MB/66MB, paused 1.703ms total 46.443ms
08-04 19:18:39.362  6989  6989 D AndroidRuntime: >>>>>> START com.android.internal.os.RuntimeInit uid 2000 <<<<<<
08-04 19:18:39.368  6989  6989 D AndroidRuntime: CheckJNI is OFF
08-04 19:18:39.411  6989  6989 D ICU     : No timezone override file found: /data/misc/zoneinfo/current/icu/icu_tzdata.dat
08-04 19:18:39.453  6989  6989 I Radio-JNI: register_android_hardware_Radio DONE
08-04 19:18:39.483  6989  6989 D AndroidRuntime: Calling main entry com.android.commands.input.Input
08-04 19:18:39.485  6989  6989 I Input   : injectKeyEvent: KeyEvent { action=ACTION_DOWN, keyCode=KEYCODE_BACK, scanCode=0, metaState=0, flags=0x0, repeatCount=0, eventTime=731935898, downTime=731935898, deviceId=-1, source=0x101 }
08-04 19:18:39.490  6989  6989 I Input   : injectKeyEvent: KeyEvent { action=ACTION_UP, keyCode=KEYCODE_BACK, scanCode=0, metaState=0, flags=0x0, repeatCount=0, eventTime=731935898, downTime=731935898, deviceId=-1, source=0x101 }
08-04 19:18:39.495  6989  6989 D AndroidRuntime: Shutting down VM
08-04 19:18:39.497  3560  3582 I art     : Starting a blocking GC Explicit
08-04 19:18:39.500  3560  3560 V PlaybackController: initServiceNotRunning()
08-04 19:18:39.501  3560  3560 D ExternalPlayerFragment: Loading media info
08-04 19:18:39.505  3560  4563 D ApOkHttpUrlLoader: buildLoadData() called with: model = [http://sixgun.org/files/linuxoutlaws.jpg], width = [224], height = [224]
08-04 19:18:39.506  3560  4375 D DBReader: getImageAuthentication() called with: imageUrl = [http://sixgun.org/files/linuxoutlaws.jpg]
08-04 19:18:39.507  3560  3560 D UserPreferences: Using default data folder
08-04 19:18:39.510  3560  4375 D ApOkHttpUrlLoader: no credentials for 'http://sixgun.org/files/linuxoutlaws.jpg'
08-04 19:18:39.515  3560  3580 D DBReader: getNavDrawerData() called with: 
08-04 19:18:39.528  3560  3580 D DBReader: getDownloadedItems() called
08-04 19:18:39.530  3560  3580 D DBReader: getFavoriteIDList() called
08-04 19:18:39.530  3560  3580 D DBReader: getQueueIDList() called
08-04 19:18:39.531  3560  3580 D DBReader: Extracting Feedlist
08-04 19:18:39.540  3560  3582 I art     : Explicit concurrent mark sweep GC freed 2263(145KB) AllocSpace objects, 1(20KB) LOS objects, 23% free, 51MB/67MB, paused 1.692ms total 42.957ms
08-04 19:18:39.552  3560  3582 I art     : Starting a blocking GC Explicit
08-04 19:18:39.576  3560  3560 D MainActivity: getLastNavFragment() -> AddFeedFragment
08-04 19:18:39.578 13866 13866 I GoogleInputMethodServic: GoogleInputMethodService.onFinishInput():3138 
08-04 19:18:39.579 13866 13866 I GoogleInputMethodServic: GoogleInputMethodService.onStartInput():1808 
08-04 19:18:39.586  3560  4375 D DBWriter: updateFeedDownloadURL(original: http://sixgun.org/files/linuxoutlaws.jpg, updated: https://fab.industries/sixgun/files/linuxoutlaws.jpg)
08-04 19:18:39.598  3560  3582 I art     : Explicit concurrent mark sweep GC freed 913(42KB) AllocSpace objects, 0(0B) LOS objects, 23% free, 51MB/67MB, paused 2.406ms total 45.975ms
08-04 19:18:39.612  3560  3582 I art     : Starting a blocking GC Explicit
08-04 19:18:39.652  3560  3582 I art     : Explicit concurrent mark sweep GC freed 267(15KB) AllocSpace objects, 0(0B) LOS objects, 23% free, 50MB/66MB, paused 1.622ms total 39.931ms
08-04 19:18:39.665  3560  3582 I art     : Starting a blocking GC Explicit
08-04 19:18:39.712  3560  3582 I art     : Explicit concurrent mark sweep GC freed 159(9KB) AllocSpace objects, 0(0B) LOS objects, 23% free, 50MB/66MB, paused 1.508ms total 46.150ms
08-04 19:18:39.720  3560  4375 D MYTAG   : interceptor 2a
08-04 19:18:39.720  3560  4375 I NAPPA_EXPERIMENTATION: MetricNetworkRequestExecutionTime: REQUEST_DURATION_SYSTEM='208',REQUEST_DURATION_OKHTTP='130',REQUEST_SYNCHRONOUS='TRUE',RESPONSE_CODE='404',RESPONSE_METHOD='GET',RESPONSE_LENGTH_OKHTTP='-1',RESPONSE_LENGTH_HEADER='1503',REQUEST_PROTOCOL='h2',REQUEST_URL='https://fab.industries/sixgun/files/linuxoutlaws.jpg',
08-04 19:18:39.722  3560  3560 W Glide   : Load failed for http://sixgun.org/files/linuxoutlaws.jpg with size [224x224]
08-04 19:18:39.722  3560  3560 W Glide   : class com.bumptech.glide.load.engine.GlideException: Failed to load resource
08-04 19:18:39.722  3560  3560 W Glide   : There was 1 cause:
08-04 19:18:39.722  3560  3560 W Glide   : com.bumptech.glide.load.HttpException()
08-04 19:18:39.722  3560  3560 W Glide   :  call GlideException#logRootCauses(String) for more detail
08-04 19:18:39.722  3560  3560 W Glide   :   Cause (1 of 1): class com.bumptech.glide.load.engine.GlideException: Fetching data failed, class java.io.InputStream, REMOTE
08-04 19:18:39.722  3560  3560 W Glide   : There was 1 cause:
08-04 19:18:39.722  3560  3560 W Glide   : com.bumptech.glide.load.HttpException()
08-04 19:18:39.722  3560  3560 W Glide   :  call GlideException#logRootCauses(String) for more detail
08-04 19:18:39.722  3560  3560 W Glide   :     Cause (1 of 1): class com.bumptech.glide.load.HttpException: 
08-04 19:18:39.722  3560  3560 I Glide   : Root cause (1 of 1)
08-04 19:18:39.722  3560  3560 I Glide   : com.bumptech.glide.load.HttpException: 
08-04 19:18:39.722  3560  3560 I Glide   : 	at com.bumptech.glide.integration.okhttp3.OkHttpStreamFetcher.onResponse(OkHttpStreamFetcher.java:73)
08-04 19:18:39.722  3560  3560 I Glide   : 	at okhttp3.RealCall$AsyncCall.execute(RealCall.java:174)
08-04 19:18:39.722  3560  3560 I Glide   : 	at okhttp3.internal.NamedRunnable.run(NamedRunnable.java:32)
08-04 19:18:39.722  3560  3560 I Glide   : 	at java.util.concurrent.ThreadPoolExecutor.runWorker(ThreadPoolExecutor.java:1113)
08-04 19:18:39.722  3560  3560 I Glide   : 	at java.util.concurrent.ThreadPoolExecutor$Worker.run(ThreadPoolExecutor.java:588)
08-04 19:18:39.722  3560  3560 I Glide   : 	at java.lang.Thread.run(Thread.java:818)
08-04 19:18:39.723  3560  3560 W Glide   : Load failed for http://sixgun.org/files/linuxoutlaws.jpg with size [224x224]
08-04 19:18:39.723  3560  3560 W Glide   : class com.bumptech.glide.load.engine.GlideException: Failed to load resource
08-04 19:18:39.723  3560  3560 W Glide   : There was 1 cause:
08-04 19:18:39.723  3560  3560 W Glide   : com.bumptech.glide.load.HttpException()
08-04 19:18:39.723  3560  3560 W Glide   :  call GlideException#logRootCauses(String) for more detail
08-04 19:18:39.723  3560  3560 W Glide   :   Cause (1 of 1): class com.bumptech.glide.load.engine.GlideException: Fetching data failed, class java.io.InputStream, REMOTE
08-04 19:18:39.723  3560  3560 W Glide   : There was 1 cause:
08-04 19:18:39.723  3560  3560 W Glide   : com.bumptech.glide.load.HttpException()
08-04 19:18:39.723  3560  3560 W Glide   :  call GlideException#logRootCauses(String) for more detail
08-04 19:18:39.723  3560  3560 W Glide   :     Cause (1 of 1): class com.bumptech.glide.load.HttpException: 
08-04 19:18:39.723  3560  3560 I Glide   : Root cause (1 of 1)
08-04 19:18:39.723  3560  3560 I Glide   : com.bumptech.glide.load.HttpException: 
08-04 19:18:39.723  3560  3560 I Glide   : 	at com.bumptech.glide.integration.okhttp3.OkHttpStreamFetcher.onResponse(OkHttpStreamFetcher.java:73)
08-04 19:18:39.723  3560  3560 I Glide   : 	at okhttp3.RealCall$AsyncCall.execute(RealCall.java:174)
08-04 19:18:39.723  3560  3560 I Glide   : 	at okhttp3.internal.NamedRunnable.run(NamedRunnable.java:32)
08-04 19:18:39.723  3560  3560 I Glide   : 	at java.util.concurrent.ThreadPoolExecutor.runWorker(ThreadPoolExecutor.java:1113)
08-04 19:18:39.723  3560  3560 I Glide   : 	at java.util.concurrent.ThreadPoolExecutor$Worker.run(ThreadPoolExecutor.java:588)
08-04 19:18:39.723  3560  3560 I Glide   : 	at java.lang.Thread.run(Thread.java:818)
08-04 19:18:39.729  3560  3582 I art     : Starting a blocking GC Explicit
08-04 19:18:39.781  3560  3582 I art     : Explicit concurrent mark sweep GC freed 575(75KB) AllocSpace objects, 0(0B) LOS objects, 23% free, 50MB/66MB, paused 1.693ms total 50.896ms
08-04 19:18:39.859   380   380 W SurfaceFlinger: couldn't log to binary event log: overflow.
08-04 19:18:40.029 31450 31450 I ServiceManager: Waiting for service AtCmdFwd...
08-04 19:18:40.122  3560  5849 I art     : Starting a blocking GC Explicit
08-04 19:18:40.174  3560  5849 I art     : Explicit concurrent mark sweep GC freed 2006(109KB) AllocSpace objects, 1(20KB) LOS objects, 23% free, 50MB/66MB, paused 1.624ms total 51.568ms
08-04 19:18:40.187  3560  5849 I art     : Starting a blocking GC Explicit
08-04 19:18:40.232  3560  5849 I art     : Explicit concurrent mark sweep GC freed 2888(236KB) AllocSpace objects, 1(28KB) LOS objects, 23% free, 50MB/66MB, paused 1.631ms total 44.719ms
08-04 19:18:40.245  3560  5849 I art     : Starting a blocking GC Explicit
08-04 19:18:40.289  3560  5849 I art     : Explicit concurrent mark sweep GC freed 3(96B) AllocSpace objects, 0(0B) LOS objects, 23% free, 50MB/66MB, paused 1.600ms total 43.785ms
08-04 19:18:40.302  3560  5849 I art     : Starting a blocking GC Explicit
08-04 19:18:40.346  3560  5849 I art     : Explicit concurrent mark sweep GC freed 3(96B) AllocSpace objects, 0(0B) LOS objects, 23% free, 50MB/66MB, paused 1.516ms total 43.687ms
08-04 19:18:40.360  3560  5849 I art     : Starting a blocking GC Explicit
08-04 19:18:40.404  3560  5849 I art     : Explicit concurrent mark sweep GC freed 3(96B) AllocSpace objects, 0(0B) LOS objects, 23% free, 50MB/66MB, paused 1.576ms total 44.618ms
08-04 19:18:40.771  3560  3573 I art     : Starting a blocking GC Explicit
08-04 19:18:40.818  3560  3573 I art     : Explicit concurrent mark sweep GC freed 1412(82KB) AllocSpace objects, 1(20KB) LOS objects, 23% free, 50MB/66MB, paused 1.632ms total 46.625ms
08-04 19:18:40.831  3560  3573 I art     : Starting a blocking GC Explicit
08-04 19:18:40.872  3560  3573 I art     : Explicit concurrent mark sweep GC freed 23(752B) AllocSpace objects, 0(0B) LOS objects, 23% free, 50MB/66MB, paused 1.547ms total 40.879ms
08-04 19:18:40.885  3560  3573 I art     : Starting a blocking GC Explicit
08-04 19:18:40.927  3560  3573 I art     : Explicit concurrent mark sweep GC freed 3(96B) AllocSpace objects, 0(0B) LOS objects, 23% free, 50MB/66MB, paused 1.665ms total 41.851ms
08-04 19:18:40.940  3560  3573 I art     : Starting a blocking GC Explicit
08-04 19:18:40.983  3560  3573 I art     : Explicit concurrent mark sweep GC freed 3(96B) AllocSpace objects, 0(0B) LOS objects, 23% free, 50MB/66MB, paused 1.569ms total 42.728ms
08-04 19:18:40.996  3560  3573 I art     : Starting a blocking GC Explicit
08-04 19:18:41.030 31450 31450 I ServiceManager: Waiting for service AtCmdFwd...
08-04 19:18:41.038  3560  3573 I art     : Explicit concurrent mark sweep GC freed 3(96B) AllocSpace objects, 0(0B) LOS objects, 23% free, 50MB/66MB, paused 1.657ms total 41.651ms
08-04 19:18:41.282  7032  7032 D AndroidRuntime: >>>>>> START com.android.internal.os.RuntimeInit uid 2000 <<<<<<
08-04 19:18:41.288  7032  7032 D AndroidRuntime: CheckJNI is OFF
08-04 19:18:41.330  7032  7032 D ICU     : No timezone override file found: /data/misc/zoneinfo/current/icu/icu_tzdata.dat
08-04 19:18:41.372  7032  7032 I Radio-JNI: register_android_hardware_Radio DONE
08-04 19:18:41.390  3560  3582 I art     : Starting a blocking GC Explicit
08-04 19:18:41.401  7032  7032 D AndroidRuntime: Calling main entry com.android.commands.input.Input
08-04 19:18:41.403  7032  7032 I Input   : injectKeyEvent: KeyEvent { action=ACTION_DOWN, keyCode=KEYCODE_BACK, scanCode=0, metaState=0, flags=0x0, repeatCount=0, eventTime=731937816, downTime=731937816, deviceId=-1, source=0x101 }
08-04 19:18:41.409  7032  7032 I Input   : injectKeyEvent: KeyEvent { action=ACTION_UP, keyCode=KEYCODE_BACK, scanCode=0, metaState=0, flags=0x0, repeatCount=0, eventTime=731937816, downTime=731937816, deviceId=-1, source=0x101 }
08-04 19:18:41.435  3560  3582 I art     : Explicit concurrent mark sweep GC freed 2940(147KB) AllocSpace objects, 1(20KB) LOS objects, 23% free, 50MB/66MB, paused 2.264ms total 45.094ms
08-04 19:18:41.437  7032  7032 D AndroidRuntime: Shutting down VM
08-04 19:18:41.448  3560  3582 I art     : Starting a blocking GC Explicit
08-04 19:18:41.490  3560  3582 I art     : Explicit concurrent mark sweep GC freed 682(26KB) AllocSpace objects, 0(0B) LOS objects, 23% free, 50MB/66MB, paused 1.493ms total 41.065ms
08-04 19:18:41.502  3560  3582 I art     : Starting a blocking GC Explicit
08-04 19:18:41.544  3560  3582 I art     : Explicit concurrent mark sweep GC freed 5355(394KB) AllocSpace objects, 9(1620KB) LOS objects, 24% free, 48MB/64MB, paused 1.661ms total 42.205ms
08-04 19:18:41.557  3560  3582 I art     : Starting a blocking GC Explicit
08-04 19:18:41.598  3560  3582 I art     : Explicit concurrent mark sweep GC freed 23(896B) AllocSpace objects, 0(0B) LOS objects, 24% free, 48MB/64MB, paused 1.675ms total 41.396ms
08-04 19:18:41.611  3560  3582 I art     : Starting a blocking GC Explicit
08-04 19:18:41.653  3560  3582 I art     : Explicit concurrent mark sweep GC freed 3(96B) AllocSpace objects, 0(0B) LOS objects, 24% free, 48MB/64MB, paused 1.674ms total 41.738ms
08-04 19:18:42.010  3560  5849 I art     : Starting a blocking GC Explicit
08-04 19:18:42.030 31450 31450 I ServiceManager: Waiting for service AtCmdFwd...
08-04 19:18:42.065  3560  5849 I art     : Explicit concurrent mark sweep GC freed 1411(82KB) AllocSpace objects, 1(20KB) LOS objects, 24% free, 48MB/64MB, paused 1.781ms total 54.956ms
08-04 19:18:42.081  3560  5849 I art     : Starting a blocking GC Explicit
08-04 19:18:42.123  3560  5849 I art     : Explicit concurrent mark sweep GC freed 23(752B) AllocSpace objects, 0(0B) LOS objects, 24% free, 48MB/64MB, paused 1.552ms total 42.250ms
08-04 19:18:42.136  3560  5849 I art     : Starting a blocking GC Explicit
08-04 19:18:42.179  3560  5849 I art     : Explicit concurrent mark sweep GC freed 3(96B) AllocSpace objects, 0(0B) LOS objects, 24% free, 48MB/64MB, paused 1.628ms total 41.894ms
08-04 19:18:42.192  3560  5849 I art     : Starting a blocking GC Explicit
08-04 19:18:42.234  3560  5849 I art     : Explicit concurrent mark sweep GC freed 3(96B) AllocSpace objects, 0(0B) LOS objects, 24% free, 48MB/64MB, paused 1.558ms total 42.201ms
08-04 19:18:42.247  3560  5849 I art     : Starting a blocking GC Explicit
08-04 19:18:42.290  3560  5849 I art     : Explicit concurrent mark sweep GC freed 3(96B) AllocSpace objects, 0(0B) LOS objects, 24% free, 48MB/64MB, paused 1.631ms total 42.245ms
08-04 19:18:42.665  3560  3573 I art     : Starting a blocking GC Explicit
08-04 19:18:42.711  3560  3573 I art     : Explicit concurrent mark sweep GC freed 1410(82KB) AllocSpace objects, 1(20KB) LOS objects, 24% free, 48MB/64MB, paused 1.681ms total 45.864ms
08-04 19:18:42.724  3560  3573 I art     : Starting a blocking GC Explicit
08-04 19:18:42.764  3560  3573 I art     : Explicit concurrent mark sweep GC freed 23(752B) AllocSpace objects, 0(0B) LOS objects, 24% free, 48MB/64MB, paused 1.626ms total 39.724ms
08-04 19:18:42.777  3560  3573 I art     : Starting a blocking GC Explicit
08-04 19:18:42.816  3560  3573 I art     : Explicit concurrent mark sweep GC freed 3(96B) AllocSpace objects, 0(0B) LOS objects, 24% free, 48MB/64MB, paused 1.553ms total 39.353ms
08-04 19:18:42.829  3560  3573 I art     : Starting a blocking GC Explicit
08-04 19:18:42.869  3560  3573 I art     : Explicit concurrent mark sweep GC freed 3(96B) AllocSpace objects, 0(0B) LOS objects, 24% free, 48MB/64MB, paused 1.539ms total 40.452ms
08-04 19:18:42.882  3560  3573 I art     : Starting a blocking GC Explicit
08-04 19:18:42.922  3560  3573 I art     : Explicit concurrent mark sweep GC freed 3(96B) AllocSpace objects, 0(0B) LOS objects, 24% free, 48MB/64MB, paused 1.571ms total 39.947ms
08-04 19:18:43.031 31450 31450 W Atfwd_Sendcmd: AtCmdFwd service not published, waiting... retryCnt : 4
08-04 19:18:43.201  7076  7076 D AndroidRuntime: >>>>>> START com.android.internal.os.RuntimeInit uid 2000 <<<<<<
08-04 19:18:43.207  7076  7076 D AndroidRuntime: CheckJNI is OFF
08-04 19:18:43.249  7076  7076 D ICU     : No timezone override file found: /data/misc/zoneinfo/current/icu/icu_tzdata.dat
08-04 19:18:43.290  7076  7076 I Radio-JNI: register_android_hardware_Radio DONE
08-04 19:18:43.305  3560  3572 I art     : Starting a blocking GC Explicit
08-04 19:18:43.319  7076  7076 D AndroidRuntime: Calling main entry com.android.commands.input.Input
08-04 19:18:43.322  7076  7076 I Input   : injectMotionEvent: MotionEvent { action=ACTION_DOWN, actionButton=0, id[0]=0, x[0]=603.0, y[0]=1061.0, toolType[0]=TOOL_TYPE_UNKNOWN, buttonState=0, metaState=0, flags=0x0, edgeFlags=0x0, pointerCount=1, historySize=0, eventTime=731939734, downTime=731939734, deviceId=0, source=0x1002 }
08-04 19:18:43.328  7076  7076 I Input   : injectMotionEvent: MotionEvent { action=ACTION_UP, actionButton=0, id[0]=0, x[0]=603.0, y[0]=1061.0, toolType[0]=TOOL_TYPE_UNKNOWN, buttonState=0, metaState=0, flags=0x0, edgeFlags=0x0, pointerCount=1, historySize=0, eventTime=731939734, downTime=731939734, deviceId=0, source=0x1002 }
08-04 19:18:43.332  7076  7076 D AndroidRuntime: Shutting down VM
08-04 19:18:43.339   512  2967 D audio_hw_primary: out_set_parameters: enter: usecase(1: low-latency-playback) kvpairs: routing=2
08-04 19:18:43.350  3560  3572 I art     : Explicit concurrent mark sweep GC freed 2052(111KB) AllocSpace objects, 1(20KB) LOS objects, 24% free, 49MB/65MB, paused 2.654ms total 45.008ms
08-04 19:18:43.352   512  2967 D audio_hw_primary: select_devices: out_snd_device(2: speaker) in_snd_device(0: none)
08-04 19:18:43.352   512  2967 D msm8974_platform: platform_send_audio_calibration: sending audio calibration for snd_device(2) acdb_id(15)
08-04 19:18:43.353   512  2967 I soundtrigger: audio_extn_sound_trigger_update_device_status: device 0x2 of type 0 for Event 1
08-04 19:18:43.362   512  2967 D audio_hw_primary: enable_snd_device: snd_device(2: speaker)
08-04 19:18:43.363  3560  3572 I art     : Starting a blocking GC Explicit
08-04 19:18:43.365   512  2967 D audio_hw_primary: enable_audio_route: apply and update mixer path: low-latency-playback speaker
08-04 19:18:43.404  3560  3572 I art     : Explicit concurrent mark sweep GC freed 2437(98KB) AllocSpace objects, 0(0B) LOS objects, 24% free, 49MB/65MB, paused 2.194ms total 41.249ms
08-04 19:18:43.417  3560  3572 I art     : Starting a blocking GC Explicit
08-04 19:18:43.455  3560  3572 I art     : Explicit concurrent mark sweep GC freed 1710(85KB) AllocSpace objects, 1(220KB) LOS objects, 24% free, 49MB/65MB, paused 1.654ms total 37.649ms
08-04 19:18:43.468  3560  3572 I art     : Starting a blocking GC Explicit
08-04 19:18:43.492  3560  6098 I NAPPA_EXPERIMENTATION: MetricNetworkRequestExecutionTime: REQUEST_DURATION_SYSTEM='123',REQUEST_DURATION_OKHTTP='122',REQUEST_SYNCHRONOUS='TRUE',RESPONSE_CODE='200',RESPONSE_METHOD='GET',RESPONSE_LENGTH_OKHTTP='2923',RESPONSE_LENGTH_HEADER='2923',REQUEST_PROTOCOL='http/1.1',REQUEST_URL='https://gpodder.net/api/2/tags/50.json',
08-04 19:18:43.498  3560  7101 I NAPPA_EXPERIMENTATION: MetricNetworkRequestExecutionTime: REQUEST_DURATION_SYSTEM='135',REQUEST_DURATION_OKHTTP='133',REQUEST_SYNCHRONOUS='TRUE',RESPONSE_CODE='200',RESPONSE_METHOD='GET',RESPONSE_LENGTH_OKHTTP='37507',RESPONSE_LENGTH_HEADER='37507',REQUEST_PROTOCOL='http/1.1',REQUEST_URL='https://gpodder.net/toplist/50.json',
08-04 19:18:43.508  3560  3572 I art     : Explicit concurrent mark sweep GC freed 1185(88KB) AllocSpace objects, 0(0B) LOS objects, 24% free, 49MB/65MB, paused 1.691ms total 40.284ms
08-04 19:18:43.522  3560  3572 I art     : Starting a blocking GC Explicit
08-04 19:18:43.555  3560  4563 D ApOkHttpUrlLoader: buildLoadData() called with: model = [http://sixgun.org/files/linuxoutlaws.jpg], width = [224], height = [224]
08-04 19:18:43.557  3560  4375 D DBReader: getImageAuthentication() called with: imageUrl = [http://sixgun.org/files/linuxoutlaws.jpg]
08-04 19:18:43.560  3560  4375 D ApOkHttpUrlLoader: no credentials for 'http://sixgun.org/files/linuxoutlaws.jpg'
08-04 19:18:43.565  3560  3572 I art     : Explicit concurrent mark sweep GC freed 3721(274KB) AllocSpace objects, 3(192KB) LOS objects, 24% free, 49MB/65MB, paused 2.288ms total 42.962ms
08-04 19:18:43.568  3560  4563 D ApOkHttpUrlLoader: buildLoadData() called with: model = [https://files.thisamericanlife.org/sites/all/themes/thislife/img/tal-name-1400x1400.png], width = [224], height = [224]
08-04 19:18:43.573  3560  4563 D ApOkHttpUrlLoader: buildLoadData() called with: model = [https://elroy.twit.tv/sites/default/files/styles/twit_album_art_2048x2048/public/images/shows/floss_weekly/album_art/audio/floss_albumart_mask.jpg?itok=IUjxKpwt], width = [224], height = [224]
08-04 19:18:43.580  3560  4563 D ApOkHttpUrlLoader: buildLoadData() called with: model = [http://ichef.bbci.co.uk/images/ic/3000x3000/p07kfvzb.jpg], width = [224], height = [224]
08-04 19:18:43.586  3560  4563 D ApOkHttpUrlLoader: buildLoadData() called with: model = [https://pl.tedcdn.com/rss_feed_images/ted_talks_main_podcast/video.png], width = [224], height = [224]
08-04 19:18:43.588  3560  4375 D DBWriter: updateFeedDownloadURL(original: http://sixgun.org/files/linuxoutlaws.jpg, updated: https://fab.industries/sixgun/files/linuxoutlaws.jpg)
08-04 19:18:43.591  3560  4563 D ApOkHttpUrlLoader: buildLoadData() called with: model = [https://elroy.twit.tv/sites/default/files/styles/twit_album_art_2048x2048/public/images/shows/this_week_in_tech/album_art/audio/twit1400audio.jpg?itok=J0vhatZb], width = [224], height = [224]
08-04 19:18:43.596  3560  4563 D ApOkHttpUrlLoader: buildLoadData() called with: model = [http://ichef.bbci.co.uk/images/ic/3000x3000/p03gtk3j.jpg], width = [224], height = [224]
08-04 19:18:43.723  3560  4375 D MYTAG   : interceptor 2a
08-04 19:18:43.724  3560  4375 I NAPPA_EXPERIMENTATION: MetricNetworkRequestExecutionTime: REQUEST_DURATION_SYSTEM='163',REQUEST_DURATION_OKHTTP='133',REQUEST_SYNCHRONOUS='TRUE',RESPONSE_CODE='404',RESPONSE_METHOD='GET',RESPONSE_LENGTH_OKHTTP='-1',RESPONSE_LENGTH_HEADER='1503',REQUEST_PROTOCOL='h2',REQUEST_URL='https://fab.industries/sixgun/files/linuxoutlaws.jpg',
08-04 19:18:43.727  3560  3560 W Glide   : Load failed for http://sixgun.org/files/linuxoutlaws.jpg with size [224x224]
08-04 19:18:43.727  3560  3560 W Glide   : class com.bumptech.glide.load.engine.GlideException: Failed to load resource
08-04 19:18:43.727  3560  3560 W Glide   : There was 1 cause:
08-04 19:18:43.727  3560  3560 W Glide   : com.bumptech.glide.load.HttpException()
08-04 19:18:43.727  3560  3560 W Glide   :  call GlideException#logRootCauses(String) for more detail
08-04 19:18:43.727  3560  3560 W Glide   :   Cause (1 of 1): class com.bumptech.glide.load.engine.GlideException: Fetching data failed, class java.io.InputStream, REMOTE
08-04 19:18:43.727  3560  3560 W Glide   : There was 1 cause:
08-04 19:18:43.727  3560  3560 W Glide   : com.bumptech.glide.load.HttpException()
08-04 19:18:43.727  3560  3560 W Glide   :  call GlideException#logRootCauses(String) for more detail
08-04 19:18:43.727  3560  3560 W Glide   :     Cause (1 of 1): class com.bumptech.glide.load.HttpException: 
08-04 19:18:43.727  3560  3560 I Glide   : Root cause (1 of 1)
08-04 19:18:43.727  3560  3560 I Glide   : com.bumptech.glide.load.HttpException: 
08-04 19:18:43.727  3560  3560 I Glide   : 	at com.bumptech.glide.integration.okhttp3.OkHttpStreamFetcher.onResponse(OkHttpStreamFetcher.java:73)
08-04 19:18:43.727  3560  3560 I Glide   : 	at okhttp3.RealCall$AsyncCall.execute(RealCall.java:174)
08-04 19:18:43.727  3560  3560 I Glide   : 	at okhttp3.internal.NamedRunnable.run(NamedRunnable.java:32)
08-04 19:18:43.727  3560  3560 I Glide   : 	at java.util.concurrent.ThreadPoolExecutor.runWorker(ThreadPoolExecutor.java:1113)
08-04 19:18:43.727  3560  3560 I Glide   : 	at java.util.concurrent.ThreadPoolExecutor$Worker.run(ThreadPoolExecutor.java:588)
08-04 19:18:43.727  3560  3560 I Glide   : 	at java.lang.Thread.run(Thread.java:818)
08-04 19:18:43.729  3560  3560 W Glide   : Load failed for http://sixgun.org/files/linuxoutlaws.jpg with size [224x224]
08-04 19:18:43.729  3560  3560 W Glide   : class com.bumptech.glide.load.engine.GlideException: Failed to load resource
08-04 19:18:43.729  3560  3560 W Glide   : There was 1 cause:
08-04 19:18:43.729  3560  3560 W Glide   : com.bumptech.glide.load.HttpException()
08-04 19:18:43.729  3560  3560 W Glide   :  call GlideException#logRootCauses(String) for more detail
08-04 19:18:43.729  3560  3560 W Glide   :   Cause (1 of 1): class com.bumptech.glide.load.engine.GlideException: Fetching data failed, class java.io.InputStream, REMOTE
08-04 19:18:43.729  3560  3560 W Glide   : There was 1 cause:
08-04 19:18:43.729  3560  3560 W Glide   : com.bumptech.glide.load.HttpException()
08-04 19:18:43.729  3560  3560 W Glide   :  call GlideException#logRootCauses(String) for more detail
08-04 19:18:43.729  3560  3560 W Glide   :     Cause (1 of 1): class com.bumptech.glide.load.HttpException: 
08-04 19:18:43.729  3560  3560 I Glide   : Root cause (1 of 1)
08-04 19:18:43.729  3560  3560 I Glide   : com.bumptech.glide.load.HttpException: 
08-04 19:18:43.729  3560  3560 I Glide   : 	at com.bumptech.glide.integration.okhttp3.OkHttpStreamFetcher.onResponse(OkHttpStreamFetcher.java:73)
08-04 19:18:43.729  3560  3560 I Glide   : 	at okhttp3.RealCall$AsyncCall.execute(RealCall.java:174)
08-04 19:18:43.729  3560  3560 I Glide   : 	at okhttp3.internal.NamedRunnable.run(NamedRunnable.java:32)
08-04 19:18:43.729  3560  3560 I Glide   : 	at java.util.concurrent.ThreadPoolExecutor.runWorker(ThreadPoolExecutor.java:1113)
08-04 19:18:43.729  3560  3560 I Glide   : 	at java.util.concurrent.ThreadPoolExecutor$Worker.run(ThreadPoolExecutor.java:588)
08-04 19:18:43.729  3560  3560 I Glide   : 	at java.lang.Thread.run(Thread.java:818)
08-04 19:18:43.890  3560  5849 I art     : Starting a blocking GC Explicit
08-04 19:18:43.909   512  2967 D audio_hw_primary: disable_audio_route: reset and update mixer path: low-latency-playback speaker
08-04 19:18:43.910   512  2967 D audio_hw_primary: disable_snd_device: snd_device(2: speaker)
08-04 19:18:43.919   512  2967 I soundtrigger: audio_extn_sound_trigger_update_device_status: device 0x2 of type 0 for Event 0
08-04 19:18:43.929  3560  5849 I art     : Explicit concurrent mark sweep GC freed 3542(227KB) AllocSpace objects, 1(20KB) LOS objects, 23% free, 50MB/66MB, paused 1.577ms total 39.040ms
08-04 19:18:43.941  3560  5849 I art     : Starting a blocking GC Explicit
08-04 19:18:43.980  3560  5849 I art     : Explicit concurrent mark sweep GC freed 151(5KB) AllocSpace objects, 0(0B) LOS objects, 23% free, 50MB/66MB, paused 1.505ms total 38.509ms
08-04 19:18:43.992  3560  5849 I art     : Starting a blocking GC Explicit
08-04 19:18:44.031  3560  5849 I art     : Explicit concurrent mark sweep GC freed 3(96B) AllocSpace objects, 0(0B) LOS objects, 23% free, 50MB/66MB, paused 1.507ms total 37.967ms
08-04 19:18:44.043  3560  5849 I art     : Starting a blocking GC Explicit
08-04 19:18:44.082  3560  5849 I art     : Explicit concurrent mark sweep GC freed 3(96B) AllocSpace objects, 0(0B) LOS objects, 23% free, 50MB/66MB, paused 1.539ms total 39.606ms
08-04 19:18:44.095  3560  5849 I art     : Starting a blocking GC Explicit
08-04 19:18:44.135  3560  5849 I art     : Explicit concurrent mark sweep GC freed 3(96B) AllocSpace objects, 0(0B) LOS objects, 23% free, 50MB/66MB, paused 1.441ms total 39.608ms
08-04 19:18:44.487  3560  3582 I art     : Starting a blocking GC Explicit
08-04 19:18:44.545  3560  3582 I art     : Explicit concurrent mark sweep GC freed 1381(81KB) AllocSpace objects, 1(20KB) LOS objects, 23% free, 50MB/66MB, paused 1.708ms total 57.114ms
08-04 19:18:44.559  3560  3582 I art     : Starting a blocking GC Explicit
08-04 19:18:44.604  3560  3582 I art     : Explicit concurrent mark sweep GC freed 40(1344B) AllocSpace objects, 0(0B) LOS objects, 23% free, 50MB/66MB, paused 1.580ms total 44.358ms
08-04 19:18:44.617  3560  3582 I art     : Starting a blocking GC Explicit
08-04 19:18:44.662  3560  3582 I art     : Explicit concurrent mark sweep GC freed 3(96B) AllocSpace objects, 0(0B) LOS objects, 23% free, 50MB/66MB, paused 1.599ms total 44.081ms
08-04 19:18:44.675  3560  3582 I art     : Starting a blocking GC Explicit
08-04 19:18:44.720  3560  3582 I art     : Explicit concurrent mark sweep GC freed 32(880B) AllocSpace objects, 0(0B) LOS objects, 23% free, 50MB/66MB, paused 1.631ms total 44.334ms
08-04 19:18:44.733  3560  3582 I art     : Starting a blocking GC Explicit
08-04 19:18:44.776  3560  3582 I art     : Explicit concurrent mark sweep GC freed 3(96B) AllocSpace objects, 0(0B) LOS objects, 23% free, 50MB/66MB, paused 1.592ms total 43.146ms
08-04 19:18:45.152  3560  4182 I art     : Starting a blocking GC Explicit
08-04 19:18:45.208  3560  4182 I art     : Explicit concurrent mark sweep GC freed 1392(81KB) AllocSpace objects, 1(20KB) LOS objects, 23% free, 50MB/66MB, paused 1.744ms total 55.002ms
08-04 19:18:45.224  3560  4182 I art     : Starting a blocking GC Explicit
08-04 19:18:45.265  3560  4182 I art     : Explicit concurrent mark sweep GC freed 35(1136B) AllocSpace objects, 0(0B) LOS objects, 23% free, 50MB/66MB, paused 1.594ms total 40.936ms
08-04 19:18:45.278  3560  4182 I art     : Starting a blocking GC Explicit
08-04 19:18:45.323  3560  4182 I art     : Explicit concurrent mark sweep GC freed 35(1152B) AllocSpace objects, 0(0B) LOS objects, 23% free, 50MB/66MB, paused 1.442ms total 44.608ms
08-04 19:18:45.336  3560  4182 I art     : Starting a blocking GC Explicit
08-04 19:18:45.375  3560  4182 I art     : Explicit concurrent mark sweep GC freed 14(448B) AllocSpace objects, 0(0B) LOS objects, 23% free, 50MB/66MB, paused 1.426ms total 38.670ms
08-04 19:18:45.388  3560  4182 I art     : Starting a blocking GC Explicit
08-04 19:18:45.430  3560  4182 I art     : Explicit concurrent mark sweep GC freed 6(192B) AllocSpace objects, 0(0B) LOS objects, 23% free, 50MB/66MB, paused 1.615ms total 42.180ms
08-04 19:18:45.831  3560  3572 I art     : Starting a blocking GC Explicit
08-04 19:18:45.889  3560  3572 I art     : Explicit concurrent mark sweep GC freed 1410(81KB) AllocSpace objects, 1(20KB) LOS objects, 23% free, 50MB/66MB, paused 1.822ms total 57.014ms
08-04 19:18:45.905  3560  3572 I art     : Starting a blocking GC Explicit
08-04 19:18:45.953  3560  3572 I art     : Explicit concurrent mark sweep GC freed 23(752B) AllocSpace objects, 0(0B) LOS objects, 23% free, 50MB/66MB, paused 1.502ms total 47.774ms
08-04 19:18:45.966  3560  3572 I art     : Starting a blocking GC Explicit
08-04 19:18:46.013  3560  3572 I art     : Explicit concurrent mark sweep GC freed 3(96B) AllocSpace objects, 0(0B) LOS objects, 23% free, 50MB/66MB, paused 1.605ms total 46.054ms
08-04 19:18:46.026  3560  3572 I art     : Starting a blocking GC Explicit
08-04 19:18:46.075  3560  3572 I art     : Explicit concurrent mark sweep GC freed 3(96B) AllocSpace objects, 0(0B) LOS objects, 23% free, 50MB/66MB, paused 1.627ms total 48.076ms
08-04 19:18:46.089  3560  3572 I art     : Starting a blocking GC Explicit
08-04 19:18:46.135  3560  3572 I art     : Explicit concurrent mark sweep GC freed 3(96B) AllocSpace objects, 0(0B) LOS objects, 23% free, 50MB/66MB, paused 1.643ms total 46.575ms
08-04 19:18:46.391   918  3261 D WifiStateMachine: starting scan for "H369AA63323"WPA_PSK with 2412,5180
08-04 19:18:46.505  3560  3582 I art     : Starting a blocking GC Explicit
08-04 19:18:46.558  3560  3582 I art     : Explicit concurrent mark sweep GC freed 1381(81KB) AllocSpace objects, 1(20KB) LOS objects, 23% free, 50MB/66MB, paused 1.694ms total 52.403ms
08-04 19:18:46.575  3560  3582 I art     : Starting a blocking GC Explicit
08-04 19:18:46.621  3560  3582 I art     : Explicit concurrent mark sweep GC freed 23(752B) AllocSpace objects, 0(0B) LOS objects, 23% free, 50MB/66MB, paused 1.658ms total 45.207ms
08-04 19:18:46.634  3560  3582 I art     : Starting a blocking GC Explicit
08-04 19:18:46.683  3560  3582 I art     : Explicit concurrent mark sweep GC freed 3(96B) AllocSpace objects, 0(0B) LOS objects, 23% free, 50MB/66MB, paused 1.656ms total 48.243ms
08-04 19:18:46.697  3560  3582 I art     : Starting a blocking GC Explicit
08-04 19:18:46.743  3560  3582 I art     : Explicit concurrent mark sweep GC freed 32(880B) AllocSpace objects, 0(0B) LOS objects, 23% free, 50MB/66MB, paused 1.654ms total 46.309ms
08-04 19:18:46.757  3560  3582 I art     : Starting a blocking GC Explicit
08-04 19:18:46.806  3560  3582 I art     : Explicit concurrent mark sweep GC freed 3(96B) AllocSpace objects, 0(0B) LOS objects, 23% free, 50MB/66MB, paused 1.644ms total 48.549ms
08-04 19:18:47.194  3560  3573 I art     : Starting a blocking GC Explicit
08-04 19:18:47.256  3560  3573 I art     : Explicit concurrent mark sweep GC freed 1382(82KB) AllocSpace objects, 1(20KB) LOS objects, 23% free, 50MB/66MB, paused 1.742ms total 60.900ms
08-04 19:18:47.273  3560  3573 I art     : Starting a blocking GC Explicit
08-04 19:18:47.323  3560  3573 I art     : Explicit concurrent mark sweep GC freed 23(752B) AllocSpace objects, 0(0B) LOS objects, 23% free, 50MB/66MB, paused 1.708ms total 49.474ms
08-04 19:18:47.340  3560  3573 I art     : Starting a blocking GC Explicit
08-04 19:18:47.386  3560  3573 I art     : Explicit concurrent mark sweep GC freed 3(96B) AllocSpace objects, 0(0B) LOS objects, 23% free, 50MB/66MB, paused 1.616ms total 46.200ms
08-04 19:18:47.400  3560  3573 I art     : Starting a blocking GC Explicit
08-04 19:18:47.448  3560  3573 I art     : Explicit concurrent mark sweep GC freed 3(96B) AllocSpace objects, 0(0B) LOS objects, 23% free, 50MB/66MB, paused 1.621ms total 47.728ms
08-04 19:18:47.461  3560  3573 I art     : Starting a blocking GC Explicit
08-04 19:18:47.504  3560  3573 I art     : Explicit concurrent mark sweep GC freed 3(96B) AllocSpace objects, 0(0B) LOS objects, 23% free, 50MB/66MB, paused 1.531ms total 42.252ms
08-04 19:18:47.882  3560  4182 I art     : Starting a blocking GC Explicit
08-04 19:18:47.942  3560  4182 I art     : Explicit concurrent mark sweep GC freed 1410(81KB) AllocSpace objects, 1(20KB) LOS objects, 23% free, 50MB/66MB, paused 1.638ms total 60.027ms
08-04 19:18:47.957  3560  4182 I art     : Starting a blocking GC Explicit
08-04 19:18:48.006  3560  4182 I art     : Explicit concurrent mark sweep GC freed 23(752B) AllocSpace objects, 0(0B) LOS objects, 23% free, 50MB/66MB, paused 1.665ms total 48.558ms
08-04 19:18:48.020  3560  4182 I art     : Starting a blocking GC Explicit
08-04 19:18:48.068  3560  4182 I art     : Explicit concurrent mark sweep GC freed 3(96B) AllocSpace objects, 0(0B) LOS objects, 23% free, 50MB/66MB, paused 1.647ms total 47.283ms
08-04 19:18:48.081  3560  4182 I art     : Starting a blocking GC Explicit
08-04 19:18:48.129  3560  4182 I art     : Explicit concurrent mark sweep GC freed 3(96B) AllocSpace objects, 0(0B) LOS objects, 23% free, 50MB/66MB, paused 1.842ms total 47.605ms
08-04 19:18:48.142  3560  4182 I art     : Starting a blocking GC Explicit
08-04 19:18:48.192  3560  4182 I art     : Explicit concurrent mark sweep GC freed 3(96B) AllocSpace objects, 0(0B) LOS objects, 23% free, 50MB/66MB, paused 1.686ms total 49.114ms
08-04 19:18:48.620  3560  5849 I art     : Starting a blocking GC Explicit
08-04 19:18:48.678  3560  5849 I art     : Explicit concurrent mark sweep GC freed 1384(81KB) AllocSpace objects, 1(20KB) LOS objects, 23% free, 50MB/66MB, paused 1.737ms total 57.624ms
08-04 19:18:48.694  3560  5849 I art     : Starting a blocking GC Explicit
08-04 19:18:48.741  3560  5849 I art     : Explicit concurrent mark sweep GC freed 52(1536B) AllocSpace objects, 0(0B) LOS objects, 23% free, 50MB/66MB, paused 1.666ms total 46.192ms
08-04 19:18:48.755  3560  5849 I art     : Starting a blocking GC Explicit
08-04 19:18:48.803  3560  5849 I art     : Explicit concurrent mark sweep GC freed 3(96B) AllocSpace objects, 0(0B) LOS objects, 23% free, 50MB/66MB, paused 1.653ms total 48.606ms
08-04 19:18:48.817  3560  5849 I art     : Starting a blocking GC Explicit
08-04 19:18:48.863  3560  5849 I art     : Explicit concurrent mark sweep GC freed 3(96B) AllocSpace objects, 0(0B) LOS objects, 23% free, 50MB/66MB, paused 1.544ms total 45.096ms
08-04 19:18:48.876  3560  5849 I art     : Starting a blocking GC Explicit
08-04 19:18:48.925  3560  5849 I art     : Explicit concurrent mark sweep GC freed 3(96B) AllocSpace objects, 0(0B) LOS objects, 23% free, 50MB/66MB, paused 1.583ms total 48.126ms
08-04 19:18:49.342  3560  3572 I art     : Starting a blocking GC Explicit
08-04 19:18:49.399  3560  3572 I art     : Explicit concurrent mark sweep GC freed 1381(81KB) AllocSpace objects, 1(20KB) LOS objects, 23% free, 50MB/66MB, paused 1.863ms total 56.698ms
08-04 19:18:49.416  3560  3572 I art     : Starting a blocking GC Explicit
08-04 19:18:49.464  3560  3572 I art     : Explicit concurrent mark sweep GC freed 23(752B) AllocSpace objects, 0(0B) LOS objects, 23% free, 50MB/66MB, paused 1.565ms total 47.507ms
08-04 19:18:49.477  3560  3572 I art     : Starting a blocking GC Explicit
08-04 19:18:49.526  3560  3572 I art     : Explicit concurrent mark sweep GC freed 3(96B) AllocSpace objects, 0(0B) LOS objects, 23% free, 50MB/66MB, paused 1.641ms total 48.315ms
08-04 19:18:49.539  3560  3572 I art     : Starting a blocking GC Explicit
08-04 19:18:49.584  3560  3572 I art     : Explicit concurrent mark sweep GC freed 3(96B) AllocSpace objects, 0(0B) LOS objects, 23% free, 50MB/66MB, paused 1.478ms total 44.489ms
08-04 19:18:49.597  3560  3572 I art     : Starting a blocking GC Explicit
08-04 19:18:49.640  3560  3572 I art     : Explicit concurrent mark sweep GC freed 3(96B) AllocSpace objects, 0(0B) LOS objects, 23% free, 50MB/66MB, paused 1.618ms total 42.008ms
08-04 19:18:50.005  3560  3582 I art     : Starting a blocking GC Explicit
08-04 19:18:50.060  3560  3582 I art     : Explicit concurrent mark sweep GC freed 1410(81KB) AllocSpace objects, 1(20KB) LOS objects, 23% free, 50MB/66MB, paused 1.887ms total 53.785ms
08-04 19:18:50.077  3560  3582 I art     : Starting a blocking GC Explicit
08-04 19:18:50.123  3560  3582 I art     : Explicit concurrent mark sweep GC freed 23(752B) AllocSpace objects, 0(0B) LOS objects, 23% free, 50MB/66MB, paused 1.676ms total 45.753ms
08-04 19:18:50.136  3560  3582 I art     : Starting a blocking GC Explicit
08-04 19:18:50.150  7196  7196 D AndroidRuntime: >>>>>> START com.android.internal.os.RuntimeInit uid 2000 <<<<<<
08-04 19:18:50.157  7196  7196 D AndroidRuntime: CheckJNI is OFF
08-04 19:18:50.180  3560  3582 I art     : Explicit concurrent mark sweep GC freed 3(96B) AllocSpace objects, 0(0B) LOS objects, 23% free, 50MB/66MB, paused 1.614ms total 44.420ms
08-04 19:18:50.193  3560  3582 I art     : Starting a blocking GC Explicit
08-04 19:18:50.204  7196  7196 D ICU     : No timezone override file found: /data/misc/zoneinfo/current/icu/icu_tzdata.dat
08-04 19:18:50.237  3560  3582 I art     : Explicit concurrent mark sweep GC freed 3(96B) AllocSpace objects, 0(0B) LOS objects, 23% free, 50MB/66MB, paused 1.562ms total 43.724ms
08-04 19:18:50.250  3560  3582 I art     : Starting a blocking GC Explicit
08-04 19:18:50.252  7196  7196 I Radio-JNI: register_android_hardware_Radio DONE
08-04 19:18:50.282  7196  7196 D AndroidRuntime: Calling main entry com.android.commands.input.Input
08-04 19:18:50.285  7196  7196 I Input   : injectMotionEvent: MotionEvent { action=ACTION_DOWN, actionButton=0, id[0]=0, x[0]=526.0, y[0]=597.0, toolType[0]=TOOL_TYPE_UNKNOWN, buttonState=0, metaState=0, flags=0x0, edgeFlags=0x0, pointerCount=1, historySize=0, eventTime=731946697, downTime=731946697, deviceId=0, source=0x1002 }
08-04 19:18:50.292  7196  7196 I Input   : injectMotionEvent: MotionEvent { action=ACTION_UP, actionButton=0, id[0]=0, x[0]=526.0, y[0]=597.0, toolType[0]=TOOL_TYPE_UNKNOWN, buttonState=0, metaState=0, flags=0x0, edgeFlags=0x0, pointerCount=1, historySize=0, eventTime=731946697, downTime=731946697, deviceId=0, source=0x1002 }
08-04 19:18:50.294  3560  3582 I art     : Explicit concurrent mark sweep GC freed 3(96B) AllocSpace objects, 0(0B) LOS objects, 23% free, 50MB/66MB, paused 1.488ms total 43.691ms
08-04 19:18:50.295  7196  7196 D AndroidRuntime: Shutting down VM
08-04 19:18:50.359  3560  3560 D PodcastListFragment: Selected podcast: GpodnetPodcast [url=http://feeds.feedburner.com/linuxoutlaws, title=Linux Outlaws, description=Two pragmatic geeks talk about the latest news concerning Linux, free and open
08-04 19:18:50.359  3560  3560 D PodcastListFragment: technology or anything else they deem noteworthy which may include such absurd
08-04 19:18:50.359  3560  3560 D PodcastListFragment: things as hockey or bands you never heard of. This means there's many a joke
08-04 19:18:50.359  3560  3560 D PodcastListFragment: and derailed conversation along the way, so don't come here expecting only
08-04 19:18:50.359  3560  3560 D PodcastListFragment: Linux or software freedom talk  just sit back and relax, partner., subscribers=3321, logoUrl=http://sixgun.org/files/linuxoutlaws.jpg, website=http://sixgun.org, mygpoLink=http://gpodder.net/podcast/linux-outlaws-mp3]
08-04 19:18:50.360   918  5481 I ActivityManager: START u0 {cmp=baseline.de.danoeh.antennapod.debug/baseline.de.danoeh.antennapod.activity.OnlineFeedViewActivity (has extras)} from uid 10670 on display 0
08-04 19:18:50.361   512  2967 D audio_hw_primary: out_set_parameters: enter: usecase(1: low-latency-playback) kvpairs: routing=2
08-04 19:18:50.374   512  2967 D audio_hw_primary: select_devices: out_snd_device(2: speaker) in_snd_device(0: none)
08-04 19:18:50.375   512  2967 D msm8974_platform: platform_send_audio_calibration: sending audio calibration for snd_device(2) acdb_id(15)
08-04 19:18:50.375   512  2967 I soundtrigger: audio_extn_sound_trigger_update_device_status: device 0x2 of type 0 for Event 1
08-04 19:18:50.387   512  2967 D audio_hw_primary: enable_snd_device: snd_device(2: speaker)
08-04 19:18:50.389   512  2967 D audio_hw_primary: enable_audio_route: apply and update mixer path: low-latency-playback speaker
08-04 19:18:50.395  3560  3560 D UserPreferences: Using default data folder
08-04 19:18:50.395  3560  3560 D OnlineFeedViewActivity: Activity was started with url http://feeds.feedburner.com/linuxoutlaws
08-04 19:18:50.398  3560  3560 D OnlineFeedViewActivity: Starting feed download
08-04 19:18:50.402  3560  4171 D DBReader: Extracting Feedlist
08-04 19:18:50.404   918  6111 D WifiService: acquireWifiLockLocked: WifiLock{Downloader type=1 binder=android.os.BinderProxy@732cddc}
08-04 19:18:50.405  3560  4171 D AntennapodHttpClient: Creating new instance of HTTP client
08-04 19:18:50.454 13866 13866 I GoogleInputMethodServic: GoogleInputMethodService.onFinishInput():3138 
08-04 19:18:50.455 13866 13866 I GoogleInputMethodServic: GoogleInputMethodService.onStartInput():1808 
08-04 19:18:50.474   918   936 I ActivityManager: Displayed baseline.de.danoeh.antennapod.debug/baseline.de.danoeh.antennapod.activity.OnlineFeedViewActivity: +101ms
08-04 19:18:50.509  3560  3581 D OpenGLRenderer: endAllStagingAnimators on 0x7f7c5bfc00 (GridView) with handle 0x7f724f9cc0
08-04 19:18:50.544  3560  4171 D MYTAG   : interceptor 3a http://feeds.feedburner.com/linuxoutlaws
08-04 19:18:50.544  3560  4171 I NAPPA_EXPERIMENTATION: MetricNetworkRequestExecutionTime: REQUEST_DURATION_SYSTEM='138',REQUEST_DURATION_OKHTTP='26',REQUEST_SYNCHRONOUS='TRUE',RESPONSE_CODE='200',RESPONSE_METHOD='GET',RESPONSE_LENGTH_OKHTTP='-1',RESPONSE_LENGTH_HEADER='-2',REQUEST_PROTOCOL='http/1.1',REQUEST_URL='http://feeds.feedburner.com/linuxoutlaws',
08-04 19:18:50.544  3560  4171 D HttpDownloader: Response code is 200
08-04 19:18:50.544  3560  4171 D UserPreferences: Using default data folder
08-04 19:18:50.545  3560  4171 D HttpDownloader: Getting size of download
08-04 19:18:50.545  3560  4171 D HttpDownloader: Size is -1
08-04 19:18:50.545  3560  4171 D UserPreferences: Using default data folder
08-04 19:18:50.546  3560  4171 D HttpDownloader: Free space is 20229693440
08-04 19:18:50.546  3560  4171 D HttpDownloader: Starting download
08-04 19:18:50.573  3560  4171 D HttpDownloader: Download was successful
08-04 19:18:50.573   918  6112 D WifiService: releaseWifiLockLocked: WifiLock{Downloader type=1 binder=android.os.BinderProxy@732cddc}
08-04 19:18:50.574  3560  3560 D OnlineFeedViewActivity: Parsing feed
08-04 19:18:50.578  3560  7230 D TypeGetter: Recognized type RSS 2.0
08-04 19:18:50.579  3560  7230 D SyndHandler: Recognized Content namespace
08-04 19:18:50.579  3560  7230 D SyndHandler: Recognized DublinCore namespace
08-04 19:18:50.580  3560  7230 D SyndHandler: Recognized Atom namespace
08-04 19:18:50.580  3560  7230 D SyndHandler: Recognized ITunes namespace
08-04 19:18:50.580  3560  7230 D SyndHandler: Recognized media namespace
08-04 19:18:50.617  3560  7230 D OnlineFeedViewActivity: Deleted feed source file. Result: true
08-04 19:18:50.617  3560  3560 D OnlineFeedViewActivity: Removing HTML from shownotes
08-04 19:18:50.627  3560  5849 I art     : Starting a blocking GC Explicit
08-04 19:18:50.637  3560  4563 D ApOkHttpUrlLoader: buildLoadData() called with: model = [http://sixgun.org/files/linuxoutlaws.jpg], width = [350], height = [350]
08-04 19:18:50.639  3560  4375 D DBReader: getImageAuthentication() called with: imageUrl = [http://sixgun.org/files/linuxoutlaws.jpg]
08-04 19:18:50.642  3560  4375 D ApOkHttpUrlLoader: no credentials for 'http://sixgun.org/files/linuxoutlaws.jpg'
08-04 19:18:50.670  3560  5849 I art     : Explicit concurrent mark sweep GC freed 8275(938KB) AllocSpace objects, 15(828KB) LOS objects, 23% free, 51MB/67MB, paused 1.751ms total 43.059ms
08-04 19:18:50.672  3560  4375 D DBWriter: updateFeedDownloadURL(original: http://sixgun.org/files/linuxoutlaws.jpg, updated: https://fab.industries/sixgun/files/linuxoutlaws.jpg)
08-04 19:18:50.683  3560  5849 I art     : Starting a blocking GC Explicit
08-04 19:18:50.722   380   380 W SurfaceFlinger: couldn't log to binary event log: overflow.
08-04 19:18:50.722  3560  5849 I art     : Explicit concurrent mark sweep GC freed 1748(81KB) AllocSpace objects, 0(0B) LOS objects, 23% free, 51MB/67MB, paused 1.486ms total 39.093ms
08-04 19:18:50.735  3560  5849 I art     : Starting a blocking GC Explicit
08-04 19:18:50.774  3560  5849 I art     : Explicit concurrent mark sweep GC freed 31(1392B) AllocSpace objects, 0(0B) LOS objects, 23% free, 51MB/67MB, paused 1.497ms total 38.662ms
08-04 19:18:50.786  3560  5849 I art     : Starting a blocking GC Explicit
08-04 19:18:50.811  3560  4375 D MYTAG   : interceptor 2a
08-04 19:18:50.811  3560  4375 I NAPPA_EXPERIMENTATION: MetricNetworkRequestExecutionTime: REQUEST_DURATION_SYSTEM='169',REQUEST_DURATION_OKHTTP='135',REQUEST_SYNCHRONOUS='TRUE',RESPONSE_CODE='404',RESPONSE_METHOD='GET',RESPONSE_LENGTH_OKHTTP='-1',RESPONSE_LENGTH_HEADER='1503',REQUEST_PROTOCOL='h2',REQUEST_URL='https://fab.industries/sixgun/files/linuxoutlaws.jpg',
08-04 19:18:50.812  3560  3560 W Glide   : Load failed for http://sixgun.org/files/linuxoutlaws.jpg with size [350x350]
08-04 19:18:50.812  3560  3560 W Glide   : class com.bumptech.glide.load.engine.GlideException: Failed to load resource
08-04 19:18:50.812  3560  3560 W Glide   : There was 1 cause:
08-04 19:18:50.812  3560  3560 W Glide   : com.bumptech.glide.load.HttpException()
08-04 19:18:50.812  3560  3560 W Glide   :  call GlideException#logRootCauses(String) for more detail
08-04 19:18:50.812  3560  3560 W Glide   :   Cause (1 of 1): class com.bumptech.glide.load.engine.GlideException: Fetching data failed, class java.io.InputStream, REMOTE
08-04 19:18:50.812  3560  3560 W Glide   : There was 1 cause:
08-04 19:18:50.812  3560  3560 W Glide   : com.bumptech.glide.load.HttpException()
08-04 19:18:50.812  3560  3560 W Glide   :  call GlideException#logRootCauses(String) for more detail
08-04 19:18:50.812  3560  3560 W Glide   :     Cause (1 of 1): class com.bumptech.glide.load.HttpException: 
08-04 19:18:50.812  3560  3560 I Glide   : Root cause (1 of 1)
08-04 19:18:50.812  3560  3560 I Glide   : com.bumptech.glide.load.HttpException: 
08-04 19:18:50.812  3560  3560 I Glide   : 	at com.bumptech.glide.integration.okhttp3.OkHttpStreamFetcher.onResponse(OkHttpStreamFetcher.java:73)
08-04 19:18:50.812  3560  3560 I Glide   : 	at okhttp3.RealCall$AsyncCall.execute(RealCall.java:174)
08-04 19:18:50.812  3560  3560 I Glide   : 	at okhttp3.internal.NamedRunnable.run(NamedRunnable.java:32)
08-04 19:18:50.812  3560  3560 I Glide   : 	at java.util.concurrent.ThreadPoolExecutor.runWorker(ThreadPoolExecutor.java:1113)
08-04 19:18:50.812  3560  3560 I Glide   : 	at java.util.concurrent.ThreadPoolExecutor$Worker.run(ThreadPoolExecutor.java:588)
08-04 19:18:50.812  3560  3560 I Glide   : 	at java.lang.Thread.run(Thread.java:818)
08-04 19:18:50.825  3560  5849 I art     : Explicit concurrent mark sweep GC freed 310(42KB) AllocSpace objects, 0(0B) LOS objects, 23% free, 51MB/67MB, paused 1.457ms total 38.454ms
08-04 19:18:50.838  3560  5849 I art     : Starting a blocking GC Explicit
08-04 19:18:50.860  3560  3560 D PlaybackController: Releasing PlaybackController
08-04 19:18:50.880  3560  5849 I art     : Explicit concurrent mark sweep GC freed 429(20KB) AllocSpace objects, 0(0B) LOS objects, 23% free, 51MB/67MB, paused 2.100ms total 41.358ms
08-04 19:18:50.939   512  2967 D audio_hw_primary: disable_audio_route: reset and update mixer path: low-latency-playback speaker
08-04 19:18:50.940   512  2967 D audio_hw_primary: disable_snd_device: snd_device(2: speaker)
08-04 19:18:50.948   512  2967 I soundtrigger: audio_extn_sound_trigger_update_device_status: device 0x2 of type 0 for Event 0
08-04 19:18:51.232  3560  3573 I art     : Starting a blocking GC Explicit
08-04 19:18:51.294  3560  3573 I art     : Explicit concurrent mark sweep GC freed 1417(82KB) AllocSpace objects, 2(132KB) LOS objects, 23% free, 50MB/66MB, paused 1.641ms total 61.316ms
08-04 19:18:51.310  3560  3573 I art     : Starting a blocking GC Explicit
08-04 19:18:51.356  3560  3573 I art     : Explicit concurrent mark sweep GC freed 39(1296B) AllocSpace objects, 0(0B) LOS objects, 23% free, 50MB/66MB, paused 1.603ms total 45.229ms
08-04 19:18:51.369  3560  3573 I art     : Starting a blocking GC Explicit
08-04 19:18:51.415  3560  3573 I art     : Explicit concurrent mark sweep GC freed 3(96B) AllocSpace objects, 0(0B) LOS objects, 23% free, 50MB/66MB, paused 1.650ms total 45.584ms
08-04 19:18:51.429  3560  3573 I art     : Starting a blocking GC Explicit
08-04 19:18:51.475  3560  3573 I art     : Explicit concurrent mark sweep GC freed 3(96B) AllocSpace objects, 0(0B) LOS objects, 23% free, 50MB/66MB, paused 1.644ms total 45.682ms
08-04 19:18:51.488  3560  3573 I art     : Starting a blocking GC Explicit
08-04 19:18:51.534  3560  3573 I art     : Explicit concurrent mark sweep GC freed 3(96B) AllocSpace objects, 0(0B) LOS objects, 23% free, 50MB/66MB, paused 1.519ms total 45.952ms
08-04 19:18:51.901  3560  3572 I art     : Starting a blocking GC Explicit
08-04 19:18:51.960  3560  3572 I art     : Explicit concurrent mark sweep GC freed 1410(81KB) AllocSpace objects, 1(20KB) LOS objects, 23% free, 50MB/66MB, paused 1.945ms total 58.841ms
08-04 19:18:51.977  3560  3572 I art     : Starting a blocking GC Explicit
08-04 19:18:52.025  3560  3572 I art     : Explicit concurrent mark sweep GC freed 23(752B) AllocSpace objects, 0(0B) LOS objects, 23% free, 50MB/66MB, paused 1.690ms total 47.779ms
08-04 19:18:52.039  3560  3572 I art     : Starting a blocking GC Explicit
08-04 19:18:52.089  3560  3572 I art     : Explicit concurrent mark sweep GC freed 3(96B) AllocSpace objects, 0(0B) LOS objects, 23% free, 50MB/66MB, paused 1.618ms total 50.431ms
08-04 19:18:52.103  3560  3572 I art     : Starting a blocking GC Explicit
08-04 19:18:52.150  3560  3572 I art     : Explicit concurrent mark sweep GC freed 3(96B) AllocSpace objects, 0(0B) LOS objects, 23% free, 50MB/66MB, paused 1.546ms total 46.395ms
08-04 19:18:52.164  3560  3572 I art     : Starting a blocking GC Explicit
08-04 19:18:52.213  3560  3572 I art     : Explicit concurrent mark sweep GC freed 3(96B) AllocSpace objects, 0(0B) LOS objects, 23% free, 50MB/66MB, paused 1.778ms total 49.086ms
08-04 19:18:52.611  3560  3573 I art     : Starting a blocking GC Explicit
08-04 19:18:52.662  3560  3573 I art     : Explicit concurrent mark sweep GC freed 1411(82KB) AllocSpace objects, 1(20KB) LOS objects, 23% free, 50MB/66MB, paused 1.703ms total 50.167ms
08-04 19:18:52.676  3560  3573 I art     : Starting a blocking GC Explicit
08-04 19:18:52.726  3560  3573 I art     : Explicit concurrent mark sweep GC freed 52(1536B) AllocSpace objects, 0(0B) LOS objects, 23% free, 50MB/66MB, paused 1.651ms total 50.153ms
08-04 19:18:52.743  3560  3573 I art     : Starting a blocking GC Explicit
08-04 19:18:52.789  3560  3573 I art     : Explicit concurrent mark sweep GC freed 3(96B) AllocSpace objects, 0(0B) LOS objects, 23% free, 50MB/66MB, paused 1.755ms total 46.408ms
08-04 19:18:52.803  3560  3573 I art     : Starting a blocking GC Explicit
08-04 19:18:52.853  3560  3573 I art     : Explicit concurrent mark sweep GC freed 3(96B) AllocSpace objects, 0(0B) LOS objects, 23% free, 50MB/66MB, paused 1.629ms total 50.171ms
08-04 19:18:52.870  3560  3573 I art     : Starting a blocking GC Explicit
08-04 19:18:52.910   918  3188 I hubconnection: sensorhub said: 'set_bias 3: -5.5968, 0.0000, 0.0000'
08-04 19:18:52.919  3560  3573 I art     : Explicit concurrent mark sweep GC freed 3(96B) AllocSpace objects, 0(0B) LOS objects, 23% free, 50MB/66MB, paused 1.741ms total 48.538ms
08-04 19:18:53.300  3560  3572 I art     : Starting a blocking GC Explicit
08-04 19:18:53.363  3560  3572 I art     : Explicit concurrent mark sweep GC freed 1381(81KB) AllocSpace objects, 1(20KB) LOS objects, 23% free, 50MB/66MB, paused 1.943ms total 62.504ms
08-04 19:18:53.378  3560  3572 I art     : Starting a blocking GC Explicit
08-04 19:18:53.419  3560  3572 I art     : Explicit concurrent mark sweep GC freed 23(752B) AllocSpace objects, 0(0B) LOS objects, 23% free, 50MB/66MB, paused 1.632ms total 40.938ms
08-04 19:18:53.432  3560  3572 I art     : Starting a blocking GC Explicit
08-04 19:18:53.480  3560  3572 I art     : Explicit concurrent mark sweep GC freed 3(96B) AllocSpace objects, 0(0B) LOS objects, 23% free, 50MB/66MB, paused 1.707ms total 47.789ms
08-04 19:18:53.495  3560  3572 I art     : Starting a blocking GC Explicit
08-04 19:18:53.544  3560  3572 I art     : Explicit concurrent mark sweep GC freed 3(96B) AllocSpace objects, 0(0B) LOS objects, 23% free, 50MB/66MB, paused 1.662ms total 48.852ms
08-04 19:18:53.557  3560  3572 I art     : Starting a blocking GC Explicit
08-04 19:18:53.608  3560  3572 I art     : Explicit concurrent mark sweep GC freed 3(96B) AllocSpace objects, 0(0B) LOS objects, 23% free, 50MB/66MB, paused 1.758ms total 50.711ms
08-04 19:18:54.006  3560  3582 I art     : Starting a blocking GC Explicit
08-04 19:18:54.065  3560  3582 I art     : Explicit concurrent mark sweep GC freed 1410(81KB) AllocSpace objects, 1(20KB) LOS objects, 23% free, 50MB/66MB, paused 1.792ms total 58.843ms
08-04 19:18:54.082  3560  3582 I art     : Starting a blocking GC Explicit
08-04 19:18:54.134  3560  3582 I art     : Explicit concurrent mark sweep GC freed 23(752B) AllocSpace objects, 0(0B) LOS objects, 23% free, 50MB/66MB, paused 1.612ms total 51.996ms
08-04 19:18:54.148  3560  3582 I art     : Starting a blocking GC Explicit
08-04 19:18:54.198  3560  3582 I art     : Explicit concurrent mark sweep GC freed 3(96B) AllocSpace objects, 0(0B) LOS objects, 23% free, 50MB/66MB, paused 1.735ms total 49.509ms
08-04 19:18:54.215  3560  3582 I art     : Starting a blocking GC Explicit
08-04 19:18:54.264  3560  3582 I art     : Explicit concurrent mark sweep GC freed 3(96B) AllocSpace objects, 0(0B) LOS objects, 23% free, 50MB/66MB, paused 1.534ms total 48.525ms
08-04 19:18:54.277  3560  3582 I art     : Starting a blocking GC Explicit
08-04 19:18:54.327  3560  3582 I art     : Explicit concurrent mark sweep GC freed 3(96B) AllocSpace objects, 0(0B) LOS objects, 23% free, 50MB/66MB, paused 1.674ms total 49.257ms
08-04 19:18:54.698  3560  4182 I art     : Starting a blocking GC Explicit
08-04 19:18:54.749  3560  4182 I art     : Explicit concurrent mark sweep GC freed 1412(84KB) AllocSpace objects, 1(20KB) LOS objects, 23% free, 50MB/66MB, paused 1.716ms total 50.296ms
08-04 19:18:54.763  3560  4182 I art     : Starting a blocking GC Explicit
08-04 19:18:54.809  3560  4182 I art     : Explicit concurrent mark sweep GC freed 23(752B) AllocSpace objects, 0(0B) LOS objects, 23% free, 50MB/66MB, paused 1.697ms total 46.217ms
08-04 19:18:54.823  3560  4182 I art     : Starting a blocking GC Explicit
08-04 19:18:54.869  3560  4182 I art     : Explicit concurrent mark sweep GC freed 3(96B) AllocSpace objects, 0(0B) LOS objects, 23% free, 50MB/66MB, paused 1.664ms total 45.797ms
08-04 19:18:54.882  3560  4182 I art     : Starting a blocking GC Explicit
08-04 19:18:54.930  3560  4182 I art     : Explicit concurrent mark sweep GC freed 3(96B) AllocSpace objects, 0(0B) LOS objects, 23% free, 50MB/66MB, paused 1.714ms total 47.739ms
08-04 19:18:54.944  3560  4182 I art     : Starting a blocking GC Explicit
08-04 19:18:54.991  3560  4182 I art     : Explicit concurrent mark sweep GC freed 3(96B) AllocSpace objects, 0(0B) LOS objects, 23% free, 50MB/66MB, paused 1.641ms total 47.097ms
08-04 19:18:55.090  7286  7286 D AndroidRuntime: >>>>>> START com.android.internal.os.RuntimeInit uid 2000 <<<<<<
08-04 19:18:55.097  7286  7286 D AndroidRuntime: CheckJNI is OFF
08-04 19:18:55.144  7286  7286 D ICU     : No timezone override file found: /data/misc/zoneinfo/current/icu/icu_tzdata.dat
08-04 19:18:55.189  7286  7286 I Radio-JNI: register_android_hardware_Radio DONE
08-04 19:18:55.218  7286  7286 D AndroidRuntime: Calling main entry com.android.commands.input.Input
08-04 19:18:55.220  7286  7286 I Input   : injectKeyEvent: KeyEvent { action=ACTION_DOWN, keyCode=KEYCODE_BACK, scanCode=0, metaState=0, flags=0x0, repeatCount=0, eventTime=731951633, downTime=731951633, deviceId=-1, source=0x101 }
08-04 19:18:55.225  7286  7286 I Input   : injectKeyEvent: KeyEvent { action=ACTION_UP, keyCode=KEYCODE_BACK, scanCode=0, metaState=0, flags=0x0, repeatCount=0, eventTime=731951633, downTime=731951633, deviceId=-1, source=0x101 }
08-04 19:18:55.231  7286  7286 D AndroidRuntime: Shutting down VM
08-04 19:18:55.237  3560  3560 V PlaybackController: initServiceNotRunning()
08-04 19:18:55.237  3560  3560 D ExternalPlayerFragment: Loading media info
08-04 19:18:55.241  3560  4563 D ApOkHttpUrlLoader: buildLoadData() called with: model = [http://sixgun.org/files/linuxoutlaws.jpg], width = [224], height = [224]
08-04 19:18:55.242  3560  4375 D DBReader: getImageAuthentication() called with: imageUrl = [http://sixgun.org/files/linuxoutlaws.jpg]
08-04 19:18:55.243  3560  3560 D UserPreferences: Using default data folder
08-04 19:18:55.244  3560  4171 D DBReader: getNavDrawerData() called with: 
08-04 19:18:55.247  3560  4375 D ApOkHttpUrlLoader: no credentials for 'http://sixgun.org/files/linuxoutlaws.jpg'
08-04 19:18:55.260  3560  4171 D DBReader: getDownloadedItems() called
08-04 19:18:55.261  3560  4171 D DBReader: getFavoriteIDList() called
08-04 19:18:55.262  3560  4171 D DBReader: getQueueIDList() called
08-04 19:18:55.262  3560  4171 D DBReader: Extracting Feedlist
08-04 19:18:55.271 13866 13866 I GoogleInputMethodServic: GoogleInputMethodService.onFinishInput():3138 
08-04 19:18:55.272 13866 13866 I GoogleInputMethodServic: GoogleInputMethodService.onStartInput():1808 
08-04 19:18:55.287  3560  3560 D MainActivity: getLastNavFragment() -> AddFeedFragment
08-04 19:18:55.358  3560  4375 D DBWriter: updateFeedDownloadURL(original: http://sixgun.org/files/linuxoutlaws.jpg, updated: https://fab.industries/sixgun/files/linuxoutlaws.jpg)
08-04 19:18:55.362  3560  3582 I art     : Starting a blocking GC Explicit
08-04 19:18:55.417  3560  3582 I art     : Explicit concurrent mark sweep GC freed 3106(185KB) AllocSpace objects, 1(20KB) LOS objects, 23% free, 51MB/67MB, paused 1.663ms total 53.826ms
08-04 19:18:55.433  3560  3582 I art     : Starting a blocking GC Explicit
08-04 19:18:55.488  3560  3582 I art     : Explicit concurrent mark sweep GC freed 491(26KB) AllocSpace objects, 0(0B) LOS objects, 23% free, 50MB/66MB, paused 2.106ms total 54.936ms
08-04 19:18:55.503  3560  4375 D MYTAG   : interceptor 2a
08-04 19:18:55.503  3560  3582 I art     : Starting a blocking GC Explicit
08-04 19:18:55.503  3560  4375 I NAPPA_EXPERIMENTATION: MetricNetworkRequestExecutionTime: REQUEST_DURATION_SYSTEM='256',REQUEST_DURATION_OKHTTP='135',REQUEST_SYNCHRONOUS='TRUE',RESPONSE_CODE='404',RESPONSE_METHOD='GET',RESPONSE_LENGTH_OKHTTP='-1',RESPONSE_LENGTH_HEADER='1503',REQUEST_PROTOCOL='h2',REQUEST_URL='https://fab.industries/sixgun/files/linuxoutlaws.jpg',
08-04 19:18:55.508  3560  3560 W Glide   : Load failed for http://sixgun.org/files/linuxoutlaws.jpg with size [224x224]
08-04 19:18:55.508  3560  3560 W Glide   : class com.bumptech.glide.load.engine.GlideException: Failed to load resource
08-04 19:18:55.508  3560  3560 W Glide   : There was 1 cause:
08-04 19:18:55.508  3560  3560 W Glide   : com.bumptech.glide.load.HttpException()
08-04 19:18:55.508  3560  3560 W Glide   :  call GlideException#logRootCauses(String) for more detail
08-04 19:18:55.508  3560  3560 W Glide   :   Cause (1 of 1): class com.bumptech.glide.load.engine.GlideException: Fetching data failed, class java.io.InputStream, REMOTE
08-04 19:18:55.508  3560  3560 W Glide   : There was 1 cause:
08-04 19:18:55.508  3560  3560 W Glide   : com.bumptech.glide.load.HttpException()
08-04 19:18:55.508  3560  3560 W Glide   :  call GlideException#logRootCauses(String) for more detail
08-04 19:18:55.508  3560  3560 W Glide   :     Cause (1 of 1): class com.bumptech.glide.load.HttpException: 
08-04 19:18:55.509  3560  3560 I Glide   : Root cause (1 of 1)
08-04 19:18:55.509  3560  3560 I Glide   : com.bumptech.glide.load.HttpException: 
08-04 19:18:55.509  3560  3560 I Glide   : 	at com.bumptech.glide.integration.okhttp3.OkHttpStreamFetcher.onResponse(OkHttpStreamFetcher.java:73)
08-04 19:18:55.509  3560  3560 I Glide   : 	at okhttp3.RealCall$AsyncCall.execute(RealCall.java:174)
08-04 19:18:55.509  3560  3560 I Glide   : 	at okhttp3.internal.NamedRunnable.run(NamedRunnable.java:32)
08-04 19:18:55.509  3560  3560 I Glide   : 	at java.util.concurrent.ThreadPoolExecutor.runWorker(ThreadPoolExecutor.java:1113)
08-04 19:18:55.509  3560  3560 I Glide   : 	at java.util.concurrent.ThreadPoolExecutor$Worker.run(ThreadPoolExecutor.java:588)
08-04 19:18:55.509  3560  3560 I Glide   : 	at java.lang.Thread.run(Thread.java:818)
08-04 19:18:55.509  3560  3560 W Glide   : Load failed for http://sixgun.org/files/linuxoutlaws.jpg with size [224x224]
08-04 19:18:55.509  3560  3560 W Glide   : class com.bumptech.glide.load.engine.GlideException: Failed to load resource
08-04 19:18:55.509  3560  3560 W Glide   : There was 1 cause:
08-04 19:18:55.509  3560  3560 W Glide   : com.bumptech.glide.load.HttpException()
08-04 19:18:55.509  3560  3560 W Glide   :  call GlideException#logRootCauses(String) for more detail
08-04 19:18:55.509  3560  3560 W Glide   :   Cause (1 of 1): class com.bumptech.glide.load.engine.GlideException: Fetching data failed, class java.io.InputStream, REMOTE
08-04 19:18:55.509  3560  3560 W Glide   : There was 1 cause:
08-04 19:18:55.509  3560  3560 W Glide   : com.bumptech.glide.load.HttpException()
08-04 19:18:55.509  3560  3560 W Glide   :  call GlideException#logRootCauses(String) for more detail
08-04 19:18:55.509  3560  3560 W Glide   :     Cause (1 of 1): class com.bumptech.glide.load.HttpException: 
08-04 19:18:55.509  3560  3560 I Glide   : Root cause (1 of 1)
08-04 19:18:55.509  3560  3560 I Glide   : com.bumptech.glide.load.HttpException: 
08-04 19:18:55.509  3560  3560 I Glide   : 	at com.bumptech.glide.integration.okhttp3.OkHttpStreamFetcher.onResponse(OkHttpStreamFetcher.java:73)
08-04 19:18:55.509  3560  3560 I Glide   : 	at okhttp3.RealCall$AsyncCall.execute(RealCall.java:174)
08-04 19:18:55.509  3560  3560 I Glide   : 	at okhttp3.internal.NamedRunnable.run(NamedRunnable.java:32)
08-04 19:18:55.509  3560  3560 I Glide   : 	at java.util.concurrent.ThreadPoolExecutor.runWorker(ThreadPoolExecutor.java:1113)
08-04 19:18:55.509  3560  3560 I Glide   : 	at java.util.concurrent.ThreadPoolExecutor$Worker.run(ThreadPoolExecutor.java:588)
08-04 19:18:55.509  3560  3560 I Glide   : 	at java.lang.Thread.run(Thread.java:818)
08-04 19:18:55.557  3560  3582 I art     : Explicit concurrent mark sweep GC freed 415(68KB) AllocSpace objects, 0(0B) LOS objects, 23% free, 50MB/66MB, paused 1.643ms total 53.448ms
08-04 19:18:55.570  3560  3582 I art     : Starting a blocking GC Explicit
08-04 19:18:55.577   380   380 W SurfaceFlinger: couldn't log to binary event log: overflow.
08-04 19:18:55.612  3560  3582 I art     : Explicit concurrent mark sweep GC freed 769(32KB) AllocSpace objects, 0(0B) LOS objects, 23% free, 50MB/66MB, paused 1.441ms total 41.114ms
08-04 19:18:55.624  3560  3582 I art     : Starting a blocking GC Explicit
08-04 19:18:55.662  3560  3582 I art     : Explicit concurrent mark sweep GC freed 147(7KB) AllocSpace objects, 0(0B) LOS objects, 23% free, 50MB/66MB, paused 1.590ms total 37.919ms
08-04 19:18:56.018  3560  3573 I art     : Starting a blocking GC Explicit
08-04 19:18:56.076  3560  3573 I art     : Explicit concurrent mark sweep GC freed 4127(312KB) AllocSpace objects, 2(48KB) LOS objects, 23% free, 50MB/66MB, paused 1.729ms total 57.516ms
08-04 19:18:56.090  3560  3573 I art     : Starting a blocking GC Explicit
08-04 19:18:56.135  3560  3573 I art     : Explicit concurrent mark sweep GC freed 23(752B) AllocSpace objects, 0(0B) LOS objects, 23% free, 50MB/66MB, paused 1.633ms total 44.507ms
08-04 19:18:56.148  3560  3573 I art     : Starting a blocking GC Explicit
08-04 19:18:56.192  3560  3573 I art     : Explicit concurrent mark sweep GC freed 3(96B) AllocSpace objects, 0(0B) LOS objects, 23% free, 50MB/66MB, paused 1.601ms total 43.769ms
08-04 19:18:56.205  3560  3573 I art     : Starting a blocking GC Explicit
08-04 19:18:56.249  3560  3573 I art     : Explicit concurrent mark sweep GC freed 3(96B) AllocSpace objects, 0(0B) LOS objects, 23% free, 50MB/66MB, paused 1.658ms total 43.896ms
08-04 19:18:56.263  3560  3573 I art     : Starting a blocking GC Explicit
08-04 19:18:56.308  3560  3573 I art     : Explicit concurrent mark sweep GC freed 3(96B) AllocSpace objects, 0(0B) LOS objects, 23% free, 50MB/66MB, paused 1.676ms total 44.663ms
08-04 19:18:56.308  3560  3571 I art     : WaitForGcToComplete blocked for 13.205ms for cause HeapTrim
08-04 19:18:56.648  3560  3572 I art     : Starting a blocking GC Explicit
08-04 19:18:56.700  3560  3572 I art     : Explicit concurrent mark sweep GC freed 1412(82KB) AllocSpace objects, 1(20KB) LOS objects, 23% free, 50MB/66MB, paused 1.978ms total 51.992ms
08-04 19:18:56.717  3560  3572 I art     : Starting a blocking GC Explicit
08-04 19:18:56.760  3560  3572 I art     : Explicit concurrent mark sweep GC freed 23(752B) AllocSpace objects, 0(0B) LOS objects, 23% free, 50MB/66MB, paused 1.677ms total 43.104ms
08-04 19:18:56.773  3560  3572 I art     : Starting a blocking GC Explicit
08-04 19:18:56.816  3560  3572 I art     : Explicit concurrent mark sweep GC freed 3(96B) AllocSpace objects, 0(0B) LOS objects, 23% free, 50MB/66MB, paused 1.658ms total 43.227ms
08-04 19:18:56.829  3560  3572 I art     : Starting a blocking GC Explicit
08-04 19:18:56.872  3560  3572 I art     : Explicit concurrent mark sweep GC freed 6(192B) AllocSpace objects, 0(0B) LOS objects, 23% free, 50MB/66MB, paused 1.568ms total 42.462ms
08-04 19:18:56.887  3560  3572 I art     : Starting a blocking GC Explicit
08-04 19:18:56.931  3560  3572 I art     : Explicit concurrent mark sweep GC freed 15(480B) AllocSpace objects, 0(0B) LOS objects, 23% free, 50MB/66MB, paused 1.525ms total 43.013ms
08-04 19:18:57.018  7330  7330 D AndroidRuntime: >>>>>> START com.android.internal.os.RuntimeInit uid 2000 <<<<<<
08-04 19:18:57.024  7330  7330 D AndroidRuntime: CheckJNI is OFF
08-04 19:18:57.065  7330  7330 D ICU     : No timezone override file found: /data/misc/zoneinfo/current/icu/icu_tzdata.dat
08-04 19:18:57.110  7330  7330 I Radio-JNI: register_android_hardware_Radio DONE
08-04 19:18:57.138  7330  7330 D AndroidRuntime: Calling main entry com.android.commands.input.Input
08-04 19:18:57.140  7330  7330 I Input   : injectKeyEvent: KeyEvent { action=ACTION_DOWN, keyCode=KEYCODE_BACK, scanCode=0, metaState=0, flags=0x0, repeatCount=0, eventTime=731953553, downTime=731953553, deviceId=-1, source=0x101 }
08-04 19:18:57.145  7330  7330 I Input   : injectKeyEvent: KeyEvent { action=ACTION_UP, keyCode=KEYCODE_BACK, scanCode=0, metaState=0, flags=0x0, repeatCount=0, eventTime=731953553, downTime=731953553, deviceId=-1, source=0x101 }
08-04 19:18:57.167  7330  7330 D AndroidRuntime: Shutting down VM
08-04 19:18:57.297  3560  4182 I art     : Starting a blocking GC Explicit
08-04 19:18:57.346  3560  4182 I art     : Explicit concurrent mark sweep GC freed 3606(172KB) AllocSpace objects, 1(20KB) LOS objects, 23% free, 50MB/66MB, paused 1.621ms total 48.131ms
08-04 19:18:57.361  3560  4182 I art     : Starting a blocking GC Explicit
08-04 19:18:57.404  3560  4182 I art     : Explicit concurrent mark sweep GC freed 5335(394KB) AllocSpace objects, 9(1620KB) LOS objects, 24% free, 48MB/64MB, paused 1.581ms total 42.937ms
08-04 19:18:57.417  3560  4182 I art     : Starting a blocking GC Explicit
08-04 19:18:57.458  3560  4182 I art     : Explicit concurrent mark sweep GC freed 3(96B) AllocSpace objects, 0(0B) LOS objects, 24% free, 48MB/64MB, paused 1.728ms total 41.258ms
08-04 19:18:57.471  3560  4182 I art     : Starting a blocking GC Explicit
08-04 19:18:57.514  3560  4182 I art     : Explicit concurrent mark sweep GC freed 3(96B) AllocSpace objects, 0(0B) LOS objects, 24% free, 48MB/64MB, paused 1.614ms total 42.590ms
08-04 19:18:57.527  3560  4182 I art     : Starting a blocking GC Explicit
08-04 19:18:57.569  3560  4182 I art     : Explicit concurrent mark sweep GC freed 3(96B) AllocSpace objects, 0(0B) LOS objects, 24% free, 48MB/64MB, paused 1.787ms total 42.203ms
08-04 19:18:57.943  3560  3582 I art     : Starting a blocking GC Explicit
08-04 19:18:57.997  3560  3582 I art     : Explicit concurrent mark sweep GC freed 1411(82KB) AllocSpace objects, 1(20KB) LOS objects, 24% free, 48MB/64MB, paused 1.606ms total 53.750ms
08-04 19:18:58.012  3560  3582 I art     : Starting a blocking GC Explicit
08-04 19:18:58.055  3560  3582 I art     : Explicit concurrent mark sweep GC freed 23(752B) AllocSpace objects, 0(0B) LOS objects, 24% free, 48MB/64MB, paused 1.606ms total 42.370ms
08-04 19:18:58.068  3560  3582 I art     : Starting a blocking GC Explicit
08-04 19:18:58.110  3560  3582 I art     : Explicit concurrent mark sweep GC freed 3(96B) AllocSpace objects, 0(0B) LOS objects, 24% free, 48MB/64MB, paused 1.581ms total 42.118ms
08-04 19:18:58.123  3560  3582 I art     : Starting a blocking GC Explicit
08-04 19:18:58.165  3560  3582 I art     : Explicit concurrent mark sweep GC freed 3(96B) AllocSpace objects, 0(0B) LOS objects, 24% free, 48MB/64MB, paused 1.617ms total 42.129ms
08-04 19:18:58.178  3560  3582 I art     : Starting a blocking GC Explicit
08-04 19:18:58.221  3560  3582 I art     : Explicit concurrent mark sweep GC freed 3(96B) AllocSpace objects, 0(0B) LOS objects, 24% free, 48MB/64MB, paused 1.561ms total 41.809ms
08-04 19:18:58.577  3560  5849 I art     : Starting a blocking GC Explicit
08-04 19:18:58.623  3560  5849 I art     : Explicit concurrent mark sweep GC freed 1381(82KB) AllocSpace objects, 1(20KB) LOS objects, 24% free, 48MB/64MB, paused 1.623ms total 45.687ms
08-04 19:18:58.636  3560  5849 I art     : Starting a blocking GC Explicit
08-04 19:18:58.676  3560  5849 I art     : Explicit concurrent mark sweep GC freed 23(752B) AllocSpace objects, 0(0B) LOS objects, 24% free, 48MB/64MB, paused 1.543ms total 39.937ms
08-04 19:18:58.689  3560  5849 I art     : Starting a blocking GC Explicit
08-04 19:18:58.729  3560  5849 I art     : Explicit concurrent mark sweep GC freed 32(880B) AllocSpace objects, 0(0B) LOS objects, 24% free, 48MB/64MB, paused 1.707ms total 39.548ms
08-04 19:18:58.741  3560  5849 I art     : Starting a blocking GC Explicit
08-04 19:18:58.782  3560  5849 I art     : Explicit concurrent mark sweep GC freed 3(96B) AllocSpace objects, 0(0B) LOS objects, 24% free, 48MB/64MB, paused 1.696ms total 40.472ms
08-04 19:18:58.795  3560  5849 I art     : Starting a blocking GC Explicit
08-04 19:18:58.838  3560  5849 I art     : Explicit concurrent mark sweep GC freed 10(320B) AllocSpace objects, 0(0B) LOS objects, 24% free, 48MB/64MB, paused 1.721ms total 43.341ms
08-04 19:18:59.002  7386  7386 D AndroidRuntime: >>>>>> START com.android.internal.os.RuntimeInit uid 2000 <<<<<<
08-04 19:18:59.008  7386  7386 D AndroidRuntime: CheckJNI is OFF
08-04 19:18:59.050  7386  7386 D ICU     : No timezone override file found: /data/misc/zoneinfo/current/icu/icu_tzdata.dat
08-04 19:18:59.091  7386  7386 I Radio-JNI: register_android_hardware_Radio DONE
08-04 19:18:59.118  7386  7386 D AndroidRuntime: Calling main entry com.android.commands.am.Am
08-04 19:18:59.124  8245  8245 I Trepn   : Trepn 6.2s: Received intent: com.quicinc.trepn.stop_profiling
08-04 19:18:59.164  8245  8245 I Trepn   : Trepn 6.2s: Trepn has Stopped Profiling.
08-04 19:18:59.212  3560  5849 I art     : Starting a blocking GC Explicit
08-04 19:18:59.257  3560  5849 I art     : Explicit concurrent mark sweep GC freed 1405(83KB) AllocSpace objects, 1(20KB) LOS objects, 24% free, 48MB/64MB, paused 1.671ms total 44.378ms
08-04 19:18:59.273  3560  5849 I art     : Starting a blocking GC Explicit
08-04 19:18:59.314  3560  5849 I art     : Explicit concurrent mark sweep GC freed 23(752B) AllocSpace objects, 0(0B) LOS objects, 24% free, 48MB/64MB, paused 1.554ms total 40.308ms
08-04 19:18:59.326  3560  5849 I art     : Starting a blocking GC Explicit
08-04 19:18:59.367  3560  5849 I art     : Explicit concurrent mark sweep GC freed 3(96B) AllocSpace objects, 0(0B) LOS objects, 24% free, 48MB/64MB, paused 1.498ms total 40.130ms
08-04 19:18:59.373  7386  7386 D AndroidRuntime: Shutting down VM
08-04 19:18:59.378   918  6029 W AppOps  : Finishing op nesting under-run: uid 10078 pkg com.quicinc.trepn code 24 time=0 duration=0 nesting=0
08-04 19:18:59.380  3560  5849 I art     : Starting a blocking GC Explicit
08-04 19:18:59.418  3560  5849 I art     : Explicit concurrent mark sweep GC freed 3(96B) AllocSpace objects, 0(0B) LOS objects, 24% free, 48MB/64MB, paused 1.663ms total 36.853ms
08-04 19:18:59.430  3560  5849 I art     : Starting a blocking GC Explicit
08-04 19:18:59.471  3560  5849 I art     : Explicit concurrent mark sweep GC freed 3(96B) AllocSpace objects, 0(0B) LOS objects, 24% free, 48MB/64MB, paused 1.595ms total 41.122ms
08-04 19:18:59.836  3560  3572 I art     : Starting a blocking GC Explicit
08-04 19:18:59.879  3560  3572 I art     : Explicit concurrent mark sweep GC freed 1412(82KB) AllocSpace objects, 1(20KB) LOS objects, 24% free, 48MB/64MB, paused 1.605ms total 43.045ms
08-04 19:18:59.892  3560  3572 I art     : Starting a blocking GC Explicit
08-04 19:18:59.933  3560  3572 I art     : Explicit concurrent mark sweep GC freed 23(752B) AllocSpace objects, 0(0B) LOS objects, 24% free, 48MB/64MB, paused 1.461ms total 40.145ms
08-04 19:18:59.945  3560  3572 I art     : Starting a blocking GC Explicit
08-04 19:18:59.985  3560  3572 I art     : Explicit concurrent mark sweep GC freed 3(96B) AllocSpace objects, 0(0B) LOS objects, 24% free, 48MB/64MB, paused 1.452ms total 39.273ms
08-04 19:18:59.997  3560  3572 I art     : Starting a blocking GC Explicit
08-04 19:19:00.036  3560  3572 I art     : Explicit concurrent mark sweep GC freed 3(96B) AllocSpace objects, 0(0B) LOS objects, 24% free, 48MB/64MB, paused 1.428ms total 37.874ms
08-04 19:19:00.048  3560  3572 I art     : Starting a blocking GC Explicit
08-04 19:19:00.085  3560  3572 I art     : Explicit concurrent mark sweep GC freed 3(96B) AllocSpace objects, 0(0B) LOS objects, 24% free, 48MB/64MB, paused 1.436ms total 36.490ms
08-04 19:19:03.032 31450 31450 I ServiceManager: Waiting for service AtCmdFwd...
