--------- beginning of main
08-04 17:38:02.339   918   930 W ResourceType: ResTable_typeSpec entry count inconsistent: given 37, previously 42
08-04 17:38:02.340   918   930 W ResourceType: ResTable_typeSpec entry count inconsistent: given 2527, previously 2530
08-04 17:38:02.340   918   930 W ResourceType: ResTable_typeSpec entry count inconsistent: given 2542, previously 2545
08-04 17:38:02.340   918   930 W ResourceType: ResTable_typeSpec entry count inconsistent: given 303, previously 1691
08-04 17:38:02.358  8429  8429 I Finsky  : [1] uah.a(18): PackageMonitorReceiverImpl - Received: android.intent.action.PACKAGE_REMOVED, [CFjXe5fo2ooiLur0Ju3smv2h5qnGgIsGl5_C_SkJu8g]
08-04 17:38:02.359  8429  8429 I Finsky  : [1] ubi.d(9): Invalidating cached PackageState for baseline.de.danoeh.antennapod.debug
08-04 17:38:02.363 24365 13802 I Fitness : FitCleanupIntentOperation received Intent android.intent.action.PACKAGE_REMOVED [CONTEXT service_id=17 ]
08-04 17:38:02.366  8429  8429 I Finsky  : [1] lzi.c(2): Frosting ID looked up on UI thread. Caller should move to a background thread.
08-04 17:38:02.368   918  6111 I AccountManagerService: getTypesVisibleToCaller: isPermitted? true
08-04 17:38:02.370  8429  8429 I Finsky  : [1] nqb.c(3): Installer: package baseline.de.danoeh.antennapod.debug was removed. replacing: true
08-04 17:38:02.371  8429  8429 I Finsky  : [1] nra.a(188): Installer: Notifying status update. package=baseline.de.danoeh.antennapod.debug, status=UNINSTALLED
08-04 17:38:02.372  3784  3784 D CarrierServiceBindHelper: Receive action: android.intent.action.PACKAGE_ADDED
08-04 17:38:02.372  3784  3784 D CarrierServiceBindHelper: Receive action: android.intent.action.PACKAGE_REPLACED
08-04 17:38:02.373  3784  3784 D CarrierServiceBindHelper: mHandler: 3
08-04 17:38:02.373  3784  3784 D CarrierServiceBindHelper: mHandler: 3
08-04 17:38:02.373  3784  3784 D CarrierServiceBindHelper: mHandler: 3
08-04 17:38:02.373  3784  3784 D CarrierConfigLoader: mHandler: 9 phoneId: 0
08-04 17:38:02.383  8429 13811 I Finsky  : [5917] ejf.a(-1): Cancelled 0 ongoing asset module downloads for package baseline.de.danoeh.antennapod.debug due to a concurrent app update.
08-04 17:38:02.387  8429  8429 I Finsky  : [1] lzi.c(2): Frosting ID looked up on UI thread. Caller should move to a background thread.
08-04 17:38:02.399  8429  8429 I Finsky  : [1] nra.a(220): Installer: found apps to install. isMultiUserMode=false, apps=[]
08-04 17:38:02.424  8429  8653 I Finsky  : [5852] odj.b(52): IQ: Notifying installation update. package=baseline.de.danoeh.antennapod.debug, status=UNINSTALLED
08-04 17:38:02.427  8429 13809 I Finsky  : [5915] lyv.run(-1): Wrote row to frosting DB: 2412
08-04 17:38:02.430 24577 13803 I Auth    : [SupervisedAccountIntentOperation] onHandleIntent(): android.intent.action.PACKAGE_ADDED
08-04 17:38:02.431 24577 13797 I ChromeSync: [Sync,SyncIntentOperation] Handling the intent: Intent { act=android.intent.action.PACKAGE_ADDED dat=package:baseline.de.danoeh.antennapod.debug flg=0x4000010 cmp=com.google.android.gms/.chimera.GmsIntentOperationService (has extras) }.
--------- beginning of system
08-04 17:38:02.438   918  5952 W ActivityManager: Unable to start service Intent { act=com.google.android.gms.auth.key.retrieval.service.START pkg=com.google.android.gms } U=0: not found
08-04 17:38:02.443   918  6112 W ActivityManager: Unbind failed: could not find connection for android.os.BinderProxy@19d9534
08-04 17:38:02.443 24577 24621 E GmsClient: unable to connect to service: com.google.android.gms.auth.key.retrieval.service.START on com.google.android.gms
08-04 17:38:02.452  8429  8429 I Finsky  : [1] uah.a(18): PackageMonitorReceiverImpl - Received: android.intent.action.PACKAGE_ADDED, [CFjXe5fo2ooiLur0Ju3smv2h5qnGgIsGl5_C_SkJu8g]
08-04 17:38:02.453  8429  8429 I Finsky  : [1] ubi.d(9): Invalidating cached PackageState for baseline.de.danoeh.antennapod.debug
08-04 17:38:02.461   918  4413 I AccountManagerService: getTypesVisibleToCaller: isPermitted? true
08-04 17:38:02.462 24577 13797 I ChromeSync: [Persistence,AffiliationManager] One of affiliation or grouping data for android://bz0hZa4nAJEtd0n5sRlXG7KAqctUMWVefv7Ki4mh1p6slZ9YO-n9gS9j8m9YCrsIyI2wIxrDHraumF9Y6pBLTA==@baseline.de.danoeh.antennapod.debug/ was not found. Marking affiliation data as stale...
08-04 17:38:02.464  8429  8429 I Finsky  : [1] lzi.c(2): Frosting ID looked up on UI thread. Caller should move to a background thread.
08-04 17:38:02.468  8429  8429 I Finsky  : [1] agsx.a(4): Do not start WearSupportService due to Wear service optimization
08-04 17:38:02.471  8429 13811 I Finsky  : [5917] ejc.a(-1): Asset module broadcast after update successful for package baseline.de.danoeh.antennapod.debug. 0 sessions broadcast.
08-04 17:38:02.472  8429 13810 I Finsky  : [5916] gzn.a(-1): [ContentSync] finished, scheduled=false
08-04 17:38:02.474  8429 13809 I Finsky  : [5915] lyv.run(-1): Wrote row to frosting DB: 2413
08-04 17:38:02.477  8429  8653 I Finsky  : [5852] odj.b(40): IQ: No matching installs to run for jobs: []
08-04 17:38:02.490  8429  8429 I Finsky  : [1] lzi.c(2): Frosting ID looked up on UI thread. Caller should move to a background thread.
08-04 17:38:02.496  8429 13809 I Finsky  : [5915] lyv.run(-1): Wrote row to frosting DB: 2414
08-04 17:38:02.515 24577 13294 I Icing   : IndexChimeraService.getServiceInterface callingPackage=com.google.android.gms componentName=AppsCorpus serviceId=36
08-04 17:38:02.522   918  3961 I AccountManagerService: getTypesVisibleToCaller: isPermitted? true
08-04 17:38:02.529 24577  4967 W Icing   : No valid account for uploading user actions
08-04 17:38:02.541  8429 13809 I Finsky  : [5915] lyv.run(-1): Wrote row to frosting DB: 2415
08-04 17:38:02.568 24577  4967 I Icing   : Usage reports ok 0, Failed Usage reports 0, indexed 0, rejected 0
08-04 17:38:02.590 24577  4967 I Icing   : Indexing com.google.android.gms-internal.3p:MobileApplication from com.google.android.gms using seqno 763
08-04 17:38:02.591 24577 13293 I Icing   : IndexChimeraService.getServiceInterface callingPackage=com.google.android.gms componentName=null serviceId=30
08-04 17:38:02.595   918  3670 I AccountManagerService: getTypesVisibleToCaller: isPermitted? true
08-04 17:38:02.595 24577  4967 I Icing   : Indexing com.google.android.gms-internal.3p:MobileApplication from com.google.android.gms using seqno 763
08-04 17:38:02.600  8429  8429 I Finsky  : [1] xmu.a(8): SCH: Jobs in database: 1-1337 3-197 3-198 12-1 24-77777777 26-1414141414 
08-04 17:38:02.603  8429  8429 I Finsky  : [1] xio.a(57): SCH: ConstraintMapping: 24-77777777,  -> L: 0ms, D: 12718235ms, C: false, I: true, N: 0
08-04 17:38:02.604  8429  8429 I Finsky  : [1] xio.a(57): SCH: ConstraintMapping: 1-1337, 12-1,  -> L: 14780ms, D: 16070312ms, C: false, I: false, N: 1
08-04 17:38:02.604  8429  8429 I Finsky  : [1] xio.a(57): SCH: ConstraintMapping: 3-197,  -> L: 0ms, D: 84148231ms, C: false, I: true, N: 2
08-04 17:38:02.605  8429  8429 I Finsky  : [1] xio.a(57): SCH: ConstraintMapping: 3-198,  -> L: 0ms, D: 84148290ms, C: true, I: true, N: 2
08-04 17:38:02.606  8429  8429 I Finsky  : [1] xio.a(57): SCH: ConstraintMapping: 26-1414141414,  -> L: 20183435ms, D: 21083435ms, C: false, I: false, N: 0
08-04 17:38:02.608  8429 13810 I Finsky  : [5916] gzn.a(-1): [ContentSync] finished, scheduled=true
08-04 17:38:02.621 24577  4967 W Icing   : No valid account for uploading user actions
08-04 17:38:02.624  8429  8429 I Finsky  : [1] xle.a(34): Cancelling existing jobscheduler jobs: 9005 9015 9012 9002 9006 9014 9000 9011 9013 9008 
08-04 17:38:02.624  8429  8429 I Finsky  : [1] xle.a(27): Scheduling job Id: 9001, L: 0, D: 12718235, C: false, I: true, N: 0
08-04 17:38:02.627  8429  8429 I Finsky  : [1] xle.a(27): Scheduling job Id: 9003, L: 14780, D: 16070312, C: false, I: false, N: 1
08-04 17:38:02.629  8429  8429 I Finsky  : [1] xle.a(27): Scheduling job Id: 9004, L: 0, D: 84148231, C: false, I: true, N: 2
08-04 17:38:02.630  8429  8429 I Finsky  : [1] xle.a(27): Scheduling job Id: 9007, L: 0, D: 84148290, C: true, I: true, N: 2
08-04 17:38:02.632  8429  8429 I Finsky  : [1] xle.a(27): Scheduling job Id: 9009, L: 20183435, D: 21083435, C: false, I: false, N: 0
08-04 17:38:02.632 24577  4967 I Icing   : Usage reports ok 0, Failed Usage reports 0, indexed 0, rejected 0
08-04 17:38:02.633  8429  8429 I Finsky  : [1] xle.a(27): Scheduling job Id: 9010, L: 0, D: 12718235, C: false, I: true, N: 0
08-04 17:38:02.634  8429  8429 I Finsky  : [1] xle.a(27): Scheduling job Id: 9016, L: 14780, D: 16070312, C: false, I: false, N: 1
08-04 17:38:02.636  8429  8429 I Finsky  : [1] xle.a(27): Scheduling job Id: 9017, L: 0, D: 84148231, C: false, I: true, N: 2
08-04 17:38:02.638  8429  8429 I Finsky  : [1] xle.a(27): Scheduling job Id: 9018, L: 0, D: 84148290, C: true, I: true, N: 2
08-04 17:38:02.639  8429  8429 I Finsky  : [1] xle.a(27): Scheduling job Id: 9019, L: 20183435, D: 21083435, C: false, I: false, N: 0
08-04 17:38:02.889 13832 13832 D AndroidRuntime: >>>>>> START com.android.internal.os.RuntimeInit uid 2000 <<<<<<
08-04 17:38:02.897 13832 13832 D AndroidRuntime: CheckJNI is OFF
08-04 17:38:02.927 13832 13832 D ICU     : No timezone override file found: /data/misc/zoneinfo/current/icu/icu_tzdata.dat
08-04 17:38:02.953 13832 13832 I Radio-JNI: register_android_hardware_Radio DONE
08-04 17:38:02.969 13832 13832 D AndroidRuntime: Calling main entry com.android.commands.monkey.Monkey
08-04 17:38:02.985   918   931 W BroadcastQueue: Skipping deliver [background] BroadcastRecord{157fdfb u-1 android.net.conn.CONNECTIVITY_CHANGE} to ReceiverList{cfbce18 13832 (unknown name)/2000/u-1 remote:7ef9f5}: process crashing
08-04 17:38:02.996   918  4413 I ActivityManager: START u0 {act=android.intent.action.MAIN cat=[android.intent.category.LAUNCHER] flg=0x10200000 cmp=baseline.de.danoeh.antennapod.debug/baseline.de.danoeh.antennapod.activity.SplashActivity} from uid 2000 on display 0
08-04 17:38:03.034   918  3714 I ActivityManager: Start proc 13842:baseline.de.danoeh.antennapod.debug/u0a670 for activity baseline.de.danoeh.antennapod.debug/baseline.de.danoeh.antennapod.activity.SplashActivity
08-04 17:38:03.035 13842 13842 I art     : Late-enabling -Xcheck:jni
08-04 17:38:03.043 13832 13832 I art     : System.exit called, status: 0
08-04 17:38:03.043 13832 13832 I AndroidRuntime: VM exiting with result code 0.
08-04 17:38:03.106 13842 13842 W System  : ClassLoader referenced unknown path: /data/app/baseline.de.danoeh.antennapod.debug-1/lib/arm64
08-04 17:38:03.107  6490  8150 I PBSessionCacheImpl: Deleted sessionId[28544918408651598] from persistence.
08-04 17:38:03.117  6490  6520 W SearchServiceCore: Abort, client detached.
08-04 17:38:03.118  6490  6520 I MicroDetectionState: Should stop hotword detection immediately - true
08-04 17:38:03.129 13842 13842 D UserPreferences: Creating new instance of UserPreferences
08-04 17:38:03.130 13842 13842 D UserPreferences: Using default data folder
08-04 17:38:03.133 13842 13842 D UserPreferences: Import directory already exists
08-04 17:38:03.135 13842 13842 D UpdateManager: old: -1, current: 1070296
08-04 17:38:03.139 13842 13842 D SleepTimerPreferences: Creating new instance of SleepTimerPreferences
08-04 17:38:03.158 13842 13842 D SPAUtil : Sending SP_APPS_QUERY_FEEDS intent
08-04 17:38:03.183 13842 13842 W art     : Before Android 4.1, method android.graphics.PorterDuffColorFilter androidx.vectordrawable.graphics.drawable.VectorDrawableCompat.updateTintFilter(android.graphics.PorterDuffColorFilter, android.content.res.ColorStateList, android.graphics.PorterDuff$Mode) would have incorrectly overridden the package-private method in android.graphics.drawable.Drawable
08-04 17:38:03.215 13842 13842 I art     : Rejecting re-init on previously-failed class java.lang.Class<androidx.core.view.ViewCompat$2>
08-04 17:38:03.215 13842 13842 I art     : Rejecting re-init on previously-failed class java.lang.Class<androidx.core.view.ViewCompat$2>
08-04 17:38:03.244 13842 13863 D OpenGLRenderer: Use EGL_SWAP_BEHAVIOR_PRESERVED: true
08-04 17:38:03.287 13842 13863 I Adreno  : QUALCOMM build                   : fcf4852, I1af360237c
08-04 17:38:03.287 13842 13863 I Adreno  : Build Date                       : 09/23/15
08-04 17:38:03.287 13842 13863 I Adreno  : OpenGL ES Shader Compiler Version: XE031.05.13.02
08-04 17:38:03.287 13842 13863 I Adreno  : Local Branch                     : mybranch14465806
08-04 17:38:03.287 13842 13863 I Adreno  : Remote Branch                    : quic/LA.BF64.1.2.9_v2
08-04 17:38:03.287 13842 13863 I Adreno  : Remote Branch                    : NONE
08-04 17:38:03.287 13842 13863 I Adreno  : Reconstruct Branch               : NOTHING
08-04 17:38:03.295 13842 13863 I OpenGLRenderer: Initialized EGL, version 1.4
08-04 17:38:03.332   918  5481 I ActivityManager: START u0 {cmp=baseline.de.danoeh.antennapod.debug/baseline.de.danoeh.antennapod.activity.MainActivity} from uid 10670 on display 0
08-04 17:38:03.334 13866 13866 I GoogleInputMethodServic: GoogleInputMethodService.onFinishInput():3138 
08-04 17:38:03.335 13866 13866 I GoogleInputMethodServic: GoogleInputMethodService.onStartInput():1808 
08-04 17:38:03.471 13842 13842 D UserPreferences: Using default data folder
08-04 17:38:03.508 13842 13842 D MainActivity: getLastNavFragment() -> QueueFragment
08-04 17:38:03.509 13842 13842 D MainActivity: loadFragment(tag: QueueFragment, args: null)
08-04 17:38:03.513 13842 13842 D MainActivity: saveLastNavFragment(tag: QueueFragment)
08-04 17:38:03.514 13842 13842 D MainActivity: getLastNavFragment() -> QueueFragment
08-04 17:38:03.514 13842 13842 D UserPreferences: timeOfDay: []
08-04 17:38:03.516 13842 13842 D AutoUpdateManager: Restarting update alarm.
08-04 17:38:03.517 13842 13842 D AutoUpdateManager: Changed alarm to new interval 12 h
08-04 17:38:03.538 13842 13842 D UserPreferences: timeOfDay: []
08-04 17:38:03.538 13842 13842 D AutoUpdateManager: Restarting update alarm.
08-04 17:38:03.539 13842 13842 D AutoUpdateManager: Changed alarm to new interval 12 h
08-04 17:38:03.570 24577  4967 I Icing   : Indexing com.google.android.gms-apps from com.google.android.gms
08-04 17:38:03.575 13842 13842 D ExternalPlayerFragment: Loading media info
08-04 17:38:03.576 13842 13842 D QueueFragment: loadItems()
08-04 17:38:03.580 13842 13862 D DBReader: getQueue() called
08-04 17:38:03.580 13842 13862 D DBReader: getQueue()
08-04 17:38:03.581 13842 13862 D DBReader: getFavoriteIDList() called
08-04 17:38:03.582 13842 13862 D DBReader: getQueueIDList() called
08-04 17:38:03.583 13842 13862 D DBReader: Extracting Feedlist
08-04 17:38:03.585 13842 13842 V PlaybackController: initServiceNotRunning()
08-04 17:38:03.587 13842 13842 D ExternalPlayerFragment: Loading media info
08-04 17:38:03.589 13842 13842 D UserPreferences: Using default data folder
08-04 17:38:03.592 13842 13842 D AutoUpdateManager: last refresh: 443487 hours 38 minutes ago
08-04 17:38:03.592 13842 13862 D DBReader: getNavDrawerData() called with: 
08-04 17:38:03.596 13842 13862 D DBReader: getDownloadedItems() called
08-04 17:38:03.597 13842 13862 D DBReader: getFavoriteIDList() called
08-04 17:38:03.598 13842 13862 D DBReader: getQueueIDList() called
08-04 17:38:03.598 13842 13862 D DBReader: Extracting Feedlist
08-04 17:38:03.605   380   380 W SurfaceFlinger: couldn't log to binary event log: overflow.
08-04 17:38:03.642 24577  4967 I Icing   : Indexing done com.google.android.gms-apps
08-04 17:38:03.697 13842 13842 D MainActivity: getLastNavFragment() -> QueueFragment
08-04 17:38:03.697 13842 13842 D MainActivity: handleNavIntent()
08-04 17:38:03.787 13866 13866 I GoogleInputMethodServic: GoogleInputMethodService.onFinishInput():3138 
08-04 17:38:03.787   918   936 I ActivityManager: Displayed baseline.de.danoeh.antennapod.debug/baseline.de.danoeh.antennapod.activity.MainActivity: +350ms (total +780ms)
08-04 17:38:03.789 13866 13866 I GoogleInputMethodServic: GoogleInputMethodService.onStartInput():1808 
08-04 17:38:03.824 29532 29532 W PathParser: Points are too far apart 4.030360828967057
08-04 17:38:03.824 29532 29532 W PathParser: Points are too far apart 4.030360538880159
08-04 17:38:03.840 29532 29532 W PathParser: Points are too far apart 4.030360828967057
08-04 17:38:03.841 29532 29532 W PathParser: Points are too far apart 4.030360538880159
08-04 17:38:03.857 29532 29532 W PathParser: Points are too far apart 4.030360828967057
08-04 17:38:03.858 29532 29532 W PathParser: Points are too far apart 4.030360538880159
08-04 17:38:03.874 29532 29532 W PathParser: Points are too far apart 4.030360828967057
08-04 17:38:03.874 29532 29532 W PathParser: Points are too far apart 4.030360538880159
08-04 17:38:03.892 29532 29532 W PathParser: Points are too far apart 4.030360828967057
08-04 17:38:03.893 29532 29532 W PathParser: Points are too far apart 4.030360538880159
08-04 17:38:03.907 29532 29532 W PathParser: Points are too far apart 4.030360828967057
08-04 17:38:03.907 29532 29532 W PathParser: Points are too far apart 4.030360538880159
08-04 17:38:03.924 29532 29532 W PathParser: Points are too far apart 4.030360828967057
08-04 17:38:03.926 29532 29532 W PathParser: Points are too far apart 4.030360538880159
08-04 17:38:03.942 29532 29532 W PathParser: Points are too far apart 4.030360828967057
08-04 17:38:03.942 29532 29532 W PathParser: Points are too far apart 4.030360538880159
08-04 17:38:04.601 13842 13905 D DBReader: Extracting Feedlist
08-04 17:38:04.603 13842 13905 D FlattrUtils: Retrieving access token
08-04 17:38:04.603 13842 13905 D FlattrUtils: No access token found
08-04 17:38:04.606 13842 13905 I art     : Rejecting re-init on previously-failed class java.lang.Class<androidx.core.app.JobIntentService$JobServiceEngineImpl>
08-04 17:38:04.606 13842 13905 I art     : Rejecting re-init on previously-failed class java.lang.Class<androidx.core.app.JobIntentService$JobServiceEngineImpl>
08-04 17:38:04.607 13842 13905 I art     : Rejecting re-init on previously-failed class java.lang.Class<androidx.core.app.SafeJobIntentService$SafeJobServiceEngineImpl>
08-04 17:38:04.607 13842 13905 I art     : Rejecting re-init on previously-failed class java.lang.Class<androidx.core.app.SafeJobIntentService$SafeJobServiceEngineImpl>
08-04 17:38:04.685 13902 13902 D AndroidRuntime: >>>>>> START com.android.internal.os.RuntimeInit uid 2000 <<<<<<
08-04 17:38:04.690 13902 13902 D AndroidRuntime: CheckJNI is OFF
08-04 17:38:04.721 13902 13902 D ICU     : No timezone override file found: /data/misc/zoneinfo/current/icu/icu_tzdata.dat
08-04 17:38:04.754 13902 13902 I Radio-JNI: register_android_hardware_Radio DONE
08-04 17:38:04.773 13902 13902 D AndroidRuntime: Calling main entry com.android.commands.am.Am
08-04 17:38:04.785  8245  8245 I Trepn   : Trepn 6.2s: Received intent: com.quicinc.trepn.start_profiling
08-04 17:38:04.907  8245  8245 W FileUtils: Failed to chmod(/storage/emulated/0/trepn/Trepn_2020.08.04_173804.db): android.system.ErrnoException: chmod failed: EPERM (Operation not permitted)
08-04 17:38:04.989  8245  8245 I Trepn   : Trepn 6.2s: Trepn has Started Profiling.
08-04 17:38:04.991 13902 13902 D AndroidRuntime: Shutting down VM
08-04 17:38:05.053 13866 13866 I GoogleInputMethodServic: GoogleInputMethodService.onFinishInput():3138 
08-04 17:38:05.054 13866 13866 I GoogleInputMethodServic: GoogleInputMethodService.onStartInput():1808 
08-04 17:38:05.448 13842 13854 I art     : Starting a blocking GC Explicit
08-04 17:38:05.476   918  3261 D WifiStateMachine: starting scan for "H369AA63323"WPA_PSK with 2412,5180
08-04 17:38:05.479 13842 13854 I art     : Explicit concurrent mark sweep GC freed 17887(1920KB) AllocSpace objects, 7(140KB) LOS objects, 40% free, 23MB/38MB, paused 277us total 30.227ms
08-04 17:38:05.486 13842 13854 I art     : Starting a blocking GC Explicit
08-04 17:38:05.499 13842 13854 I art     : Explicit concurrent mark sweep GC freed 3356(193KB) AllocSpace objects, 2(588KB) LOS objects, 40% free, 22MB/37MB, paused 119us total 12.523ms
08-04 17:38:05.505 13842 13854 I art     : Starting a blocking GC Explicit
08-04 17:38:05.516 13842 13854 I art     : Explicit concurrent mark sweep GC freed 3(96B) AllocSpace objects, 0(0B) LOS objects, 40% free, 22MB/37MB, paused 121us total 10.739ms
08-04 17:38:05.521 13842 13854 I art     : Starting a blocking GC Explicit
08-04 17:38:05.533 13842 13854 I art     : Explicit concurrent mark sweep GC freed 3(96B) AllocSpace objects, 0(0B) LOS objects, 40% free, 22MB/37MB, paused 129us total 11.388ms
08-04 17:38:05.538 13842 13854 I art     : Starting a blocking GC Explicit
08-04 17:38:05.551 13842 13854 I art     : Explicit concurrent mark sweep GC freed 3(96B) AllocSpace objects, 0(0B) LOS objects, 40% free, 22MB/37MB, paused 132us total 12.054ms
08-04 17:38:05.830 13842 13867 I art     : Starting a blocking GC Explicit
08-04 17:38:05.850 13842 13867 I art     : Explicit concurrent mark sweep GC freed 1371(82KB) AllocSpace objects, 1(20KB) LOS objects, 40% free, 22MB/37MB, paused 174us total 18.896ms
08-04 17:38:05.860 13842 13867 I art     : Starting a blocking GC Explicit
08-04 17:38:05.876 13842 13867 I art     : Explicit concurrent mark sweep GC freed 23(752B) AllocSpace objects, 0(0B) LOS objects, 40% free, 22MB/37MB, paused 160us total 16ms
08-04 17:38:05.887 13842 13867 I art     : Starting a blocking GC Explicit
08-04 17:38:05.900 13842 13867 I art     : Explicit concurrent mark sweep GC freed 3(96B) AllocSpace objects, 0(0B) LOS objects, 40% free, 22MB/37MB, paused 149us total 13.153ms
08-04 17:38:05.907 13842 13867 I art     : Starting a blocking GC Explicit
08-04 17:38:05.920 13842 13867 I art     : Explicit concurrent mark sweep GC freed 3(96B) AllocSpace objects, 0(0B) LOS objects, 40% free, 22MB/37MB, paused 146us total 12.973ms
08-04 17:38:05.926 13842 13867 I art     : Starting a blocking GC Explicit
08-04 17:38:05.940 13842 13867 I art     : Explicit concurrent mark sweep GC freed 3(96B) AllocSpace objects, 0(0B) LOS objects, 40% free, 22MB/37MB, paused 140us total 12.927ms
08-04 17:38:05.947 11375 11375 I ServiceManager: Waiting for service AtCmdFwd...
08-04 17:38:06.228 13842 13855 I art     : Starting a blocking GC Explicit
08-04 17:38:06.246 13842 13855 I art     : Explicit concurrent mark sweep GC freed 1384(80KB) AllocSpace objects, 1(20KB) LOS objects, 40% free, 22MB/37MB, paused 190us total 17.193ms
08-04 17:38:06.255 13842 13855 I art     : Starting a blocking GC Explicit
08-04 17:38:06.269 13842 13855 I art     : Explicit concurrent mark sweep GC freed 23(752B) AllocSpace objects, 0(0B) LOS objects, 40% free, 22MB/37MB, paused 144us total 13.255ms
08-04 17:38:06.275 13842 13855 I art     : Starting a blocking GC Explicit
08-04 17:38:06.288 13842 13855 I art     : Explicit concurrent mark sweep GC freed 3(96B) AllocSpace objects, 0(0B) LOS objects, 40% free, 22MB/37MB, paused 151us total 12.259ms
08-04 17:38:06.294 13842 13855 I art     : Starting a blocking GC Explicit
08-04 17:38:06.306 13842 13855 I art     : Explicit concurrent mark sweep GC freed 3(96B) AllocSpace objects, 0(0B) LOS objects, 40% free, 22MB/37MB, paused 146us total 12.165ms
08-04 17:38:06.312 13842 13855 I art     : Starting a blocking GC Explicit
08-04 17:38:06.325 13842 13855 I art     : Explicit concurrent mark sweep GC freed 3(96B) AllocSpace objects, 0(0B) LOS objects, 40% free, 22MB/37MB, paused 137us total 12.004ms
08-04 17:38:06.609 13842 13854 I art     : Starting a blocking GC Explicit
08-04 17:38:06.627 13842 13854 I art     : Explicit concurrent mark sweep GC freed 1358(79KB) AllocSpace objects, 1(20KB) LOS objects, 40% free, 22MB/37MB, paused 309us total 18.222ms
08-04 17:38:06.635 13842 13854 I art     : Starting a blocking GC Explicit
08-04 17:38:06.648 13842 13854 I art     : Explicit concurrent mark sweep GC freed 25(816B) AllocSpace objects, 0(0B) LOS objects, 40% free, 22MB/37MB, paused 144us total 12.735ms
08-04 17:38:06.657 13842 13854 I art     : Starting a blocking GC Explicit
08-04 17:38:06.669 13842 13854 I art     : Explicit concurrent mark sweep GC freed 4(128B) AllocSpace objects, 0(0B) LOS objects, 40% free, 22MB/37MB, paused 133us total 12.106ms
08-04 17:38:06.676 13842 13854 I art     : Starting a blocking GC Explicit
08-04 17:38:06.689 13842 13854 I art     : Explicit concurrent mark sweep GC freed 6(192B) AllocSpace objects, 0(0B) LOS objects, 40% free, 22MB/37MB, paused 141us total 12.701ms
08-04 17:38:06.695 13842 13854 I art     : Starting a blocking GC Explicit
08-04 17:38:06.707 13842 13854 I art     : Explicit concurrent mark sweep GC freed 5(160B) AllocSpace objects, 0(0B) LOS objects, 40% free, 22MB/37MB, paused 123us total 12.068ms
08-04 17:38:06.948 11375 11375 I ServiceManager: Waiting for service AtCmdFwd...
08-04 17:38:07.009 13842 13867 I art     : Starting a blocking GC Explicit
08-04 17:38:07.025 13842 13867 I art     : Explicit concurrent mark sweep GC freed 1379(80KB) AllocSpace objects, 1(20KB) LOS objects, 40% free, 22MB/37MB, paused 175us total 15.789ms
08-04 17:38:07.036 13842 13867 I art     : Starting a blocking GC Explicit
08-04 17:38:07.049 13842 13867 I art     : Explicit concurrent mark sweep GC freed 23(752B) AllocSpace objects, 0(0B) LOS objects, 40% free, 22MB/37MB, paused 145us total 12.406ms
08-04 17:38:07.055 13842 13867 I art     : Starting a blocking GC Explicit
08-04 17:38:07.067 13842 13867 I art     : Explicit concurrent mark sweep GC freed 3(96B) AllocSpace objects, 0(0B) LOS objects, 40% free, 22MB/37MB, paused 146us total 12.136ms
08-04 17:38:07.073 13842 13867 I art     : Starting a blocking GC Explicit
08-04 17:38:07.085 13842 13867 I art     : Explicit concurrent mark sweep GC freed 3(96B) AllocSpace objects, 0(0B) LOS objects, 40% free, 22MB/37MB, paused 140us total 11.790ms
08-04 17:38:07.091 13842 13867 I art     : Starting a blocking GC Explicit
08-04 17:38:07.103 13842 13867 I art     : Explicit concurrent mark sweep GC freed 3(96B) AllocSpace objects, 0(0B) LOS objects, 40% free, 22MB/37MB, paused 145us total 12.081ms
08-04 17:38:07.396 13842 13855 I art     : Starting a blocking GC Explicit
08-04 17:38:07.413 13842 13855 I art     : Explicit concurrent mark sweep GC freed 1383(81KB) AllocSpace objects, 1(20KB) LOS objects, 40% free, 22MB/37MB, paused 169us total 16.954ms
08-04 17:38:07.421 13842 13855 I art     : Starting a blocking GC Explicit
08-04 17:38:07.434 13842 13855 I art     : Explicit concurrent mark sweep GC freed 23(752B) AllocSpace objects, 0(0B) LOS objects, 40% free, 22MB/37MB, paused 154us total 13.483ms
08-04 17:38:07.441 13842 13855 I art     : Starting a blocking GC Explicit
08-04 17:38:07.453 13842 13855 I art     : Explicit concurrent mark sweep GC freed 3(96B) AllocSpace objects, 0(0B) LOS objects, 40% free, 22MB/37MB, paused 142us total 12.225ms
08-04 17:38:07.459 13842 13855 I art     : Starting a blocking GC Explicit
08-04 17:38:07.472 13842 13855 I art     : Explicit concurrent mark sweep GC freed 3(96B) AllocSpace objects, 0(0B) LOS objects, 40% free, 22MB/37MB, paused 144us total 12.508ms
08-04 17:38:07.478 13842 13855 I art     : Starting a blocking GC Explicit
08-04 17:38:07.491 13842 13855 I art     : Explicit concurrent mark sweep GC freed 3(96B) AllocSpace objects, 0(0B) LOS objects, 40% free, 22MB/37MB, paused 142us total 12.137ms
08-04 17:38:07.780 13842 13854 I art     : Starting a blocking GC Explicit
08-04 17:38:07.799 13842 13854 I art     : Explicit concurrent mark sweep GC freed 1360(81KB) AllocSpace objects, 1(20KB) LOS objects, 40% free, 22MB/37MB, paused 167us total 18.635ms
08-04 17:38:07.807 13842 13854 I art     : Starting a blocking GC Explicit
08-04 17:38:07.821 13842 13854 I art     : Explicit concurrent mark sweep GC freed 23(752B) AllocSpace objects, 0(0B) LOS objects, 40% free, 22MB/37MB, paused 140us total 13.349ms
08-04 17:38:07.828 13842 13854 I art     : Starting a blocking GC Explicit
08-04 17:38:07.840 13842 13854 I art     : Explicit concurrent mark sweep GC freed 3(96B) AllocSpace objects, 0(0B) LOS objects, 40% free, 22MB/37MB, paused 134us total 12.551ms
08-04 17:38:07.846 13842 13854 I art     : Starting a blocking GC Explicit
08-04 17:38:07.859 13842 13854 I art     : Explicit concurrent mark sweep GC freed 3(96B) AllocSpace objects, 0(0B) LOS objects, 40% free, 22MB/37MB, paused 139us total 12.240ms
08-04 17:38:07.865 13842 13854 I art     : Starting a blocking GC Explicit
08-04 17:38:07.878 13842 13854 I art     : Explicit concurrent mark sweep GC freed 3(96B) AllocSpace objects, 0(0B) LOS objects, 40% free, 22MB/37MB, paused 134us total 12.471ms
08-04 17:38:07.949 11375 11375 I ServiceManager: Waiting for service AtCmdFwd...
08-04 17:38:08.189 13842 13867 I art     : Starting a blocking GC Explicit
08-04 17:38:08.210 13842 13867 I art     : Explicit concurrent mark sweep GC freed 1359(81KB) AllocSpace objects, 1(20KB) LOS objects, 40% free, 22MB/37MB, paused 226us total 20.736ms
08-04 17:38:08.222 13842 13867 I art     : Starting a blocking GC Explicit
08-04 17:38:08.235 13842 13867 I art     : Explicit concurrent mark sweep GC freed 48(1440B) AllocSpace objects, 0(0B) LOS objects, 40% free, 22MB/37MB, paused 158us total 13.280ms
08-04 17:38:08.242 13842 13867 I art     : Starting a blocking GC Explicit
08-04 17:38:08.255 13842 13867 I art     : Explicit concurrent mark sweep GC freed 3(96B) AllocSpace objects, 0(0B) LOS objects, 40% free, 22MB/37MB, paused 142us total 12.698ms
08-04 17:38:08.261 13842 13867 I art     : Starting a blocking GC Explicit
08-04 17:38:08.273 13842 13867 I art     : Explicit concurrent mark sweep GC freed 3(96B) AllocSpace objects, 0(0B) LOS objects, 40% free, 22MB/37MB, paused 143us total 12.346ms
08-04 17:38:08.280 13842 13867 I art     : Starting a blocking GC Explicit
08-04 17:38:08.292 13842 13867 I art     : Explicit concurrent mark sweep GC freed 3(96B) AllocSpace objects, 0(0B) LOS objects, 40% free, 22MB/37MB, paused 140us total 11.971ms
08-04 17:38:08.598 13842 13855 I art     : Starting a blocking GC Explicit
08-04 17:38:08.613 13842 13855 I art     : Explicit concurrent mark sweep GC freed 1358(79KB) AllocSpace objects, 1(20KB) LOS objects, 40% free, 22MB/37MB, paused 157us total 15.047ms
08-04 17:38:08.620 13842 13855 I art     : Starting a blocking GC Explicit
08-04 17:38:08.633 13842 13855 I art     : Explicit concurrent mark sweep GC freed 23(752B) AllocSpace objects, 0(0B) LOS objects, 40% free, 22MB/37MB, paused 147us total 13.220ms
08-04 17:38:08.640 13842 13855 I art     : Starting a blocking GC Explicit
08-04 17:38:08.653 13842 13855 I art     : Explicit concurrent mark sweep GC freed 3(96B) AllocSpace objects, 0(0B) LOS objects, 40% free, 22MB/37MB, paused 145us total 12.742ms
08-04 17:38:08.659 13842 13855 I art     : Starting a blocking GC Explicit
08-04 17:38:08.672 13842 13855 I art     : Explicit concurrent mark sweep GC freed 3(96B) AllocSpace objects, 0(0B) LOS objects, 40% free, 22MB/37MB, paused 142us total 12.314ms
08-04 17:38:08.678 13842 13855 I art     : Starting a blocking GC Explicit
08-04 17:38:08.690 13842 13855 I art     : Explicit concurrent mark sweep GC freed 3(96B) AllocSpace objects, 0(0B) LOS objects, 40% free, 22MB/37MB, paused 135us total 12.096ms
08-04 17:38:08.949 11375 11375 I ServiceManager: Waiting for service AtCmdFwd...
08-04 17:38:08.975 13842 13854 I art     : Starting a blocking GC Explicit
08-04 17:38:08.989 13842 13854 I art     : Explicit concurrent mark sweep GC freed 1358(79KB) AllocSpace objects, 1(20KB) LOS objects, 40% free, 22MB/37MB, paused 150us total 13.931ms
08-04 17:38:08.996 13842 13854 I art     : Starting a blocking GC Explicit
08-04 17:38:09.008 13842 13854 I art     : Explicit concurrent mark sweep GC freed 23(752B) AllocSpace objects, 0(0B) LOS objects, 40% free, 22MB/37MB, paused 131us total 12.026ms
08-04 17:38:09.014 13842 13854 I art     : Starting a blocking GC Explicit
08-04 17:38:09.026 13842 13854 I art     : Explicit concurrent mark sweep GC freed 3(96B) AllocSpace objects, 0(0B) LOS objects, 40% free, 22MB/37MB, paused 128us total 11.723ms
08-04 17:38:09.032 13842 13854 I art     : Starting a blocking GC Explicit
08-04 17:38:09.043 13842 13854 I art     : Explicit concurrent mark sweep GC freed 3(96B) AllocSpace objects, 0(0B) LOS objects, 40% free, 22MB/37MB, paused 123us total 10.872ms
08-04 17:38:09.048 13842 13854 I art     : Starting a blocking GC Explicit
08-04 17:38:09.059 13842 13854 I art     : Explicit concurrent mark sweep GC freed 3(96B) AllocSpace objects, 0(0B) LOS objects, 40% free, 22MB/37MB, paused 122us total 10.752ms
08-04 17:38:09.368 13842 13867 I art     : Starting a blocking GC Explicit
08-04 17:38:09.388 13842 13867 I art     : Explicit concurrent mark sweep GC freed 1382(80KB) AllocSpace objects, 1(20KB) LOS objects, 40% free, 22MB/37MB, paused 194us total 20.032ms
08-04 17:38:09.400 13842 13867 I art     : Starting a blocking GC Explicit
08-04 17:38:09.416 13842 13867 I art     : Explicit concurrent mark sweep GC freed 23(752B) AllocSpace objects, 0(0B) LOS objects, 40% free, 22MB/37MB, paused 166us total 16.495ms
08-04 17:38:09.423 13842 13867 I art     : Starting a blocking GC Explicit
08-04 17:38:09.436 13842 13867 I art     : Explicit concurrent mark sweep GC freed 3(96B) AllocSpace objects, 0(0B) LOS objects, 40% free, 22MB/37MB, paused 152us total 12.590ms
08-04 17:38:09.443 13842 13867 I art     : Starting a blocking GC Explicit
08-04 17:38:09.456 13842 13867 I art     : Explicit concurrent mark sweep GC freed 3(96B) AllocSpace objects, 0(0B) LOS objects, 40% free, 22MB/37MB, paused 150us total 12.669ms
08-04 17:38:09.462 13842 13867 I art     : Starting a blocking GC Explicit
08-04 17:38:09.474 13842 13867 I art     : Explicit concurrent mark sweep GC freed 3(96B) AllocSpace objects, 0(0B) LOS objects, 40% free, 22MB/37MB, paused 138us total 12.508ms
08-04 17:38:09.764 13842 13855 I art     : Starting a blocking GC Explicit
08-04 17:38:09.780 13842 13855 I art     : Explicit concurrent mark sweep GC freed 1358(79KB) AllocSpace objects, 1(20KB) LOS objects, 40% free, 22MB/37MB, paused 173us total 15.481ms
08-04 17:38:09.788 13842 13855 I art     : Starting a blocking GC Explicit
08-04 17:38:09.800 13842 13855 I art     : Explicit concurrent mark sweep GC freed 23(752B) AllocSpace objects, 0(0B) LOS objects, 40% free, 22MB/37MB, paused 137us total 11.851ms
08-04 17:38:09.806 13842 13855 I art     : Starting a blocking GC Explicit
08-04 17:38:09.818 13842 13855 I art     : Explicit concurrent mark sweep GC freed 3(96B) AllocSpace objects, 0(0B) LOS objects, 40% free, 22MB/37MB, paused 128us total 11.972ms
08-04 17:38:09.824 13842 13855 I art     : Starting a blocking GC Explicit
08-04 17:38:09.835 13842 13855 I art     : Explicit concurrent mark sweep GC freed 3(96B) AllocSpace objects, 0(0B) LOS objects, 40% free, 22MB/37MB, paused 131us total 11.010ms
08-04 17:38:09.841 13842 13855 I art     : Starting a blocking GC Explicit
08-04 17:38:09.851 13842 13855 I art     : Explicit concurrent mark sweep GC freed 3(96B) AllocSpace objects, 0(0B) LOS objects, 40% free, 22MB/37MB, paused 122us total 10.444ms
08-04 17:38:09.950 11375 11375 I ServiceManager: Waiting for service AtCmdFwd...
08-04 17:38:10.116 13842 13854 I art     : Starting a blocking GC Explicit
08-04 17:38:10.129 13842 13854 I art     : Explicit concurrent mark sweep GC freed 1357(79KB) AllocSpace objects, 1(20KB) LOS objects, 40% free, 22MB/37MB, paused 159us total 12.823ms
08-04 17:38:10.136 13842 13854 I art     : Starting a blocking GC Explicit
08-04 17:38:10.148 14066 14066 D AndroidRuntime: >>>>>> START com.android.internal.os.RuntimeInit uid 2000 <<<<<<
08-04 17:38:10.149 13842 13854 I art     : Explicit concurrent mark sweep GC freed 23(752B) AllocSpace objects, 0(0B) LOS objects, 40% free, 22MB/37MB, paused 154us total 13.124ms
08-04 17:38:10.152 14066 14066 D AndroidRuntime: CheckJNI is OFF
08-04 17:38:10.155 13842 13854 I art     : Starting a blocking GC Explicit
08-04 17:38:10.167 13842 13854 I art     : Explicit concurrent mark sweep GC freed 3(96B) AllocSpace objects, 0(0B) LOS objects, 40% free, 22MB/37MB, paused 200us total 11.230ms
08-04 17:38:10.172 13842 13854 I art     : Starting a blocking GC Explicit
08-04 17:38:10.179 14066 14066 D ICU     : No timezone override file found: /data/misc/zoneinfo/current/icu/icu_tzdata.dat
08-04 17:38:10.183 13842 13854 I art     : Explicit concurrent mark sweep GC freed 3(96B) AllocSpace objects, 0(0B) LOS objects, 40% free, 22MB/37MB, paused 133us total 11.255ms
08-04 17:38:10.189 13842 13854 I art     : Starting a blocking GC Explicit
08-04 17:38:10.201 13842 13854 I art     : Explicit concurrent mark sweep GC freed 3(96B) AllocSpace objects, 0(0B) LOS objects, 40% free, 22MB/37MB, paused 138us total 11.357ms
08-04 17:38:10.204 14066 14066 I Radio-JNI: register_android_hardware_Radio DONE
08-04 17:38:10.219 14066 14066 D AndroidRuntime: Calling main entry com.android.commands.input.Input
08-04 17:38:10.221 14066 14066 I Input   : injectMotionEvent: MotionEvent { action=ACTION_DOWN, actionButton=0, id[0]=0, x[0]=1233.0, y[0]=1274.0, toolType[0]=TOOL_TYPE_UNKNOWN, buttonState=0, metaState=0, flags=0x0, edgeFlags=0x0, pointerCount=1, historySize=0, eventTime=725906634, downTime=725906634, deviceId=0, source=0x1002 }
08-04 17:38:10.227 14066 14066 I Input   : injectMotionEvent: MotionEvent { action=ACTION_UP, actionButton=0, id[0]=0, x[0]=1233.0, y[0]=1274.0, toolType[0]=TOOL_TYPE_UNKNOWN, buttonState=0, metaState=0, flags=0x0, edgeFlags=0x0, pointerCount=1, historySize=0, eventTime=725906634, downTime=725906634, deviceId=0, source=0x1002 }
08-04 17:38:10.229 14066 14066 D AndroidRuntime: Shutting down VM
08-04 17:38:10.438 13842 13854 I art     : Starting a blocking GC Explicit
08-04 17:38:10.453 13842 13854 I art     : Explicit concurrent mark sweep GC freed 1385(80KB) AllocSpace objects, 1(20KB) LOS objects, 40% free, 22MB/37MB, paused 176us total 15.471ms
08-04 17:38:10.460 13842 13854 I art     : Starting a blocking GC Explicit
08-04 17:38:10.474 13842 13854 I art     : Explicit concurrent mark sweep GC freed 23(752B) AllocSpace objects, 0(0B) LOS objects, 40% free, 22MB/37MB, paused 139us total 13.088ms
08-04 17:38:10.475   918  3188 I hubconnection: sensorhub said: 'set_bias 3: -6.2400, 0.0000, 0.0000'
08-04 17:38:10.480 13842 13854 I art     : Starting a blocking GC Explicit
08-04 17:38:10.492 13842 13854 I art     : Explicit concurrent mark sweep GC freed 3(96B) AllocSpace objects, 0(0B) LOS objects, 40% free, 22MB/37MB, paused 138us total 12.491ms
08-04 17:38:10.492 13842 13853 I art     : WaitForGcToComplete blocked for 12.689ms for cause HeapTrim
08-04 17:38:10.498 13842 13854 I art     : Starting a blocking GC Explicit
08-04 17:38:10.511 13842 13854 I art     : Explicit concurrent mark sweep GC freed 3(96B) AllocSpace objects, 0(0B) LOS objects, 40% free, 22MB/37MB, paused 137us total 12.222ms
08-04 17:38:10.517 13842 13854 I art     : Starting a blocking GC Explicit
08-04 17:38:10.529 13842 13854 I art     : Explicit concurrent mark sweep GC freed 3(96B) AllocSpace objects, 0(0B) LOS objects, 40% free, 22MB/37MB, paused 123us total 11.916ms
08-04 17:38:10.654 13866 13866 I GoogleInputMethodServic: GoogleInputMethodService.onFinishInput():3138 
08-04 17:38:10.655 13866 13866 I GoogleInputMethodServic: GoogleInputMethodService.onStartInput():1808 
08-04 17:38:10.772 13842 13855 I art     : Starting a blocking GC Explicit
08-04 17:38:10.788 13842 13855 I art     : Explicit concurrent mark sweep GC freed 1454(83KB) AllocSpace objects, 1(20KB) LOS objects, 40% free, 22MB/37MB, paused 156us total 15.683ms
08-04 17:38:10.795 13842 13855 I art     : Starting a blocking GC Explicit
08-04 17:38:10.809 13842 13855 I art     : Explicit concurrent mark sweep GC freed 31(1200B) AllocSpace objects, 0(0B) LOS objects, 40% free, 22MB/37MB, paused 149us total 13.672ms
08-04 17:38:10.815 13842 13855 I art     : Starting a blocking GC Explicit
08-04 17:38:10.829 13842 13855 I art     : Explicit concurrent mark sweep GC freed 3(96B) AllocSpace objects, 0(0B) LOS objects, 40% free, 22MB/37MB, paused 146us total 13.125ms
08-04 17:38:10.835 13842 13855 I art     : Starting a blocking GC Explicit
08-04 17:38:10.848 13842 13855 I art     : Explicit concurrent mark sweep GC freed 3(96B) AllocSpace objects, 0(0B) LOS objects, 40% free, 22MB/37MB, paused 173us total 12.380ms
08-04 17:38:10.854 13842 13855 I art     : Starting a blocking GC Explicit
08-04 17:38:10.867 13842 13855 I art     : Explicit concurrent mark sweep GC freed 3(96B) AllocSpace objects, 0(0B) LOS objects, 40% free, 22MB/37MB, paused 196us total 12.409ms
08-04 17:38:10.950 11375 11375 W Atfwd_Sendcmd: AtCmdFwd service not published, waiting... retryCnt : 1
08-04 17:38:11.138 13842 13854 I art     : Starting a blocking GC Explicit
08-04 17:38:11.155 13842 13854 I art     : Explicit concurrent mark sweep GC freed 1358(79KB) AllocSpace objects, 1(20KB) LOS objects, 40% free, 22MB/37MB, paused 170us total 16.672ms
08-04 17:38:11.165 13842 13854 I art     : Starting a blocking GC Explicit
08-04 17:38:11.178 13842 13854 I art     : Explicit concurrent mark sweep GC freed 23(752B) AllocSpace objects, 0(0B) LOS objects, 40% free, 22MB/37MB, paused 136us total 13.183ms
08-04 17:38:11.185 13842 13854 I art     : Starting a blocking GC Explicit
08-04 17:38:11.197 13842 13854 I art     : Explicit concurrent mark sweep GC freed 3(96B) AllocSpace objects, 0(0B) LOS objects, 40% free, 22MB/37MB, paused 145us total 12.407ms
08-04 17:38:11.204 13842 13854 I art     : Starting a blocking GC Explicit
08-04 17:38:11.217 13842 13854 I art     : Explicit concurrent mark sweep GC freed 3(96B) AllocSpace objects, 0(0B) LOS objects, 40% free, 22MB/37MB, paused 145us total 12.754ms
08-04 17:38:11.223 13842 13854 I art     : Starting a blocking GC Explicit
08-04 17:38:11.236 13842 13854 I art     : Explicit concurrent mark sweep GC freed 28(784B) AllocSpace objects, 0(0B) LOS objects, 40% free, 22MB/37MB, paused 144us total 12.484ms
08-04 17:38:11.511 13842 13867 I art     : Starting a blocking GC Explicit
08-04 17:38:11.527 13842 13867 I art     : Explicit concurrent mark sweep GC freed 1357(79KB) AllocSpace objects, 1(20KB) LOS objects, 40% free, 22MB/37MB, paused 201us total 15.485ms
08-04 17:38:11.533 13842 13867 I art     : Starting a blocking GC Explicit
08-04 17:38:11.546 13842 13867 I art     : Explicit concurrent mark sweep GC freed 23(752B) AllocSpace objects, 0(0B) LOS objects, 40% free, 22MB/37MB, paused 153us total 12.868ms
08-04 17:38:11.553 13842 13867 I art     : Starting a blocking GC Explicit
08-04 17:38:11.565 13842 13867 I art     : Explicit concurrent mark sweep GC freed 3(96B) AllocSpace objects, 0(0B) LOS objects, 40% free, 22MB/37MB, paused 142us total 12.098ms
08-04 17:38:11.571 13842 13867 I art     : Starting a blocking GC Explicit
08-04 17:38:11.583 13842 13867 I art     : Explicit concurrent mark sweep GC freed 3(96B) AllocSpace objects, 0(0B) LOS objects, 40% free, 22MB/37MB, paused 135us total 11.982ms
08-04 17:38:11.589 13842 13867 I art     : Starting a blocking GC Explicit
08-04 17:38:11.600 13842 13867 I art     : Explicit concurrent mark sweep GC freed 3(96B) AllocSpace objects, 0(0B) LOS objects, 40% free, 22MB/37MB, paused 134us total 11.427ms
08-04 17:38:11.796 14130 14130 D AndroidRuntime: >>>>>> START com.android.internal.os.RuntimeInit uid 2000 <<<<<<
08-04 17:38:11.801 14130 14130 D AndroidRuntime: CheckJNI is OFF
08-04 17:38:11.827 14130 14130 D ICU     : No timezone override file found: /data/misc/zoneinfo/current/icu/icu_tzdata.dat
08-04 17:38:11.841 13842 13855 I art     : Starting a blocking GC Explicit
08-04 17:38:11.853 14130 14130 I Radio-JNI: register_android_hardware_Radio DONE
08-04 17:38:11.854 13842 13855 I art     : Explicit concurrent mark sweep GC freed 1357(79KB) AllocSpace objects, 1(20KB) LOS objects, 40% free, 22MB/37MB, paused 157us total 12.432ms
08-04 17:38:11.860 13842 13855 I art     : Starting a blocking GC Explicit
08-04 17:38:11.870 14130 14130 D AndroidRuntime: Calling main entry com.android.commands.input.Input
08-04 17:38:11.871 14130 14130 I Input   : injectMotionEvent: MotionEvent { action=ACTION_DOWN, actionButton=0, id[0]=0, x[0]=103.0, y[0]=192.0, toolType[0]=TOOL_TYPE_UNKNOWN, buttonState=0, metaState=0, flags=0x0, edgeFlags=0x0, pointerCount=1, historySize=0, eventTime=725908284, downTime=725908284, deviceId=0, source=0x1002 }
08-04 17:38:11.873 13842 13855 I art     : Explicit concurrent mark sweep GC freed 23(752B) AllocSpace objects, 0(0B) LOS objects, 40% free, 22MB/37MB, paused 170us total 12.460ms
08-04 17:38:11.877 14130 14130 I Input   : injectMotionEvent: MotionEvent { action=ACTION_UP, actionButton=0, id[0]=0, x[0]=103.0, y[0]=192.0, toolType[0]=TOOL_TYPE_UNKNOWN, buttonState=0, metaState=0, flags=0x0, edgeFlags=0x0, pointerCount=1, historySize=0, eventTime=725908284, downTime=725908284, deviceId=0, source=0x1002 }
08-04 17:38:11.878 14130 14130 D AndroidRuntime: Shutting down VM
08-04 17:38:11.879 13842 13855 I art     : Starting a blocking GC Explicit
08-04 17:38:11.884   512  2967 D audio_hw_primary: out_set_parameters: enter: usecase(1: low-latency-playback) kvpairs: routing=2
08-04 17:38:11.893 13842 13855 I art     : Explicit concurrent mark sweep GC freed 33(1024B) AllocSpace objects, 0(0B) LOS objects, 40% free, 22MB/37MB, paused 155us total 13.920ms
08-04 17:38:11.897   512  2967 D audio_hw_primary: select_devices: out_snd_device(2: speaker) in_snd_device(0: none)
08-04 17:38:11.897   512  2967 D msm8974_platform: platform_send_audio_calibration: sending audio calibration for snd_device(2) acdb_id(15)
08-04 17:38:11.897   512  2967 I soundtrigger: audio_extn_sound_trigger_update_device_status: device 0x2 of type 0 for Event 1
08-04 17:38:11.899 13842 13855 I art     : Starting a blocking GC Explicit
08-04 17:38:11.910   512  2967 D audio_hw_primary: enable_snd_device: snd_device(2: speaker)
08-04 17:38:11.912   512  2967 D audio_hw_primary: enable_audio_route: apply and update mixer path: low-latency-playback speaker
08-04 17:38:11.912 13842 13855 I art     : Explicit concurrent mark sweep GC freed 34(1088B) AllocSpace objects, 0(0B) LOS objects, 40% free, 22MB/37MB, paused 151us total 12.914ms
08-04 17:38:11.918 13842 13855 I art     : Starting a blocking GC Explicit
08-04 17:38:11.920 13866 13866 I GoogleInputMethodServic: GoogleInputMethodService.onFinishInput():3138 
08-04 17:38:11.920 13866 13866 I GoogleInputMethodServic: GoogleInputMethodService.onStartInput():1808 
08-04 17:38:11.931 13842 13855 I art     : Explicit concurrent mark sweep GC freed 69(2864B) AllocSpace objects, 0(0B) LOS objects, 40% free, 22MB/37MB, paused 298us total 12.340ms
08-04 17:38:12.153 13842 13855 I art     : Starting a blocking GC Explicit
08-04 17:38:12.165 13842 13855 I art     : Explicit concurrent mark sweep GC freed 1747(100KB) AllocSpace objects, 1(20KB) LOS objects, 40% free, 22MB/37MB, paused 176us total 12.151ms
08-04 17:38:12.172 13842 13855 I art     : Starting a blocking GC Explicit
08-04 17:38:12.184 13842 13855 I art     : Explicit concurrent mark sweep GC freed 29(1104B) AllocSpace objects, 0(0B) LOS objects, 40% free, 22MB/37MB, paused 137us total 11.821ms
08-04 17:38:12.191 13842 13855 I art     : Starting a blocking GC Explicit
08-04 17:38:12.203 13842 13855 I art     : Explicit concurrent mark sweep GC freed 3(96B) AllocSpace objects, 0(0B) LOS objects, 40% free, 22MB/37MB, paused 155us total 12.210ms
08-04 17:38:12.210 13842 13855 I art     : Starting a blocking GC Explicit
08-04 17:38:12.222 13842 13855 I art     : Explicit concurrent mark sweep GC freed 3(96B) AllocSpace objects, 0(0B) LOS objects, 40% free, 22MB/37MB, paused 137us total 12.478ms
08-04 17:38:12.228 13842 13855 I art     : Starting a blocking GC Explicit
08-04 17:38:12.241 13842 13855 I art     : Explicit concurrent mark sweep GC freed 34(976B) AllocSpace objects, 0(0B) LOS objects, 40% free, 22MB/37MB, paused 140us total 12.368ms
08-04 17:38:12.427 14159 14159 D AndroidRuntime: >>>>>> START com.android.internal.os.RuntimeInit uid 2000 <<<<<<
08-04 17:38:12.432 14159 14159 D AndroidRuntime: CheckJNI is OFF
08-04 17:38:12.451   512  2967 D audio_hw_primary: disable_audio_route: reset and update mixer path: low-latency-playback speaker
08-04 17:38:12.452   512  2967 D audio_hw_primary: disable_snd_device: snd_device(2: speaker)
08-04 17:38:12.456 14159 14159 D ICU     : No timezone override file found: /data/misc/zoneinfo/current/icu/icu_tzdata.dat
08-04 17:38:12.459   512  2967 I soundtrigger: audio_extn_sound_trigger_update_device_status: device 0x2 of type 0 for Event 0
08-04 17:38:12.480 14159 14159 I Radio-JNI: register_android_hardware_Radio DONE
08-04 17:38:12.494 13842 13867 I art     : Starting a blocking GC Explicit
08-04 17:38:12.496 14159 14159 D AndroidRuntime: Calling main entry com.android.commands.input.Input
08-04 17:38:12.497 14159 14159 I Input   : injectMotionEvent: MotionEvent { action=ACTION_DOWN, actionButton=0, id[0]=0, x[0]=324.0, y[0]=2298.0, toolType[0]=TOOL_TYPE_UNKNOWN, buttonState=0, metaState=0, flags=0x0, edgeFlags=0x0, pointerCount=1, historySize=0, eventTime=725908910, downTime=725908910, deviceId=0, source=0x1002 }
08-04 17:38:12.501 14159 14159 I Input   : injectMotionEvent: MotionEvent { action=ACTION_UP, actionButton=0, id[0]=0, x[0]=324.0, y[0]=2298.0, toolType[0]=TOOL_TYPE_UNKNOWN, buttonState=0, metaState=0, flags=0x0, edgeFlags=0x0, pointerCount=1, historySize=0, eventTime=725908910, downTime=725908910, deviceId=0, source=0x1002 }
08-04 17:38:12.503 14159 14159 D AndroidRuntime: Shutting down VM
08-04 17:38:12.507 13842 13867 I art     : Explicit concurrent mark sweep GC freed 1366(80KB) AllocSpace objects, 1(20KB) LOS objects, 40% free, 22MB/37MB, paused 178us total 12.742ms
08-04 17:38:12.513 13842 13867 I art     : Starting a blocking GC Explicit
08-04 17:38:12.517   918  3714 I ActivityManager: START u0 {cmp=baseline.de.danoeh.antennapod.debug/baseline.de.danoeh.antennapod.activity.PreferenceActivity} from uid 10670 on display 0
08-04 17:38:12.519   512  2967 D audio_hw_primary: out_set_parameters: enter: usecase(1: low-latency-playback) kvpairs: routing=2
08-04 17:38:12.527 13842 13867 I art     : Explicit concurrent mark sweep GC freed 36(5KB) AllocSpace objects, 0(0B) LOS objects, 40% free, 22MB/37MB, paused 160us total 13.180ms
08-04 17:38:12.532   512  2967 D audio_hw_primary: select_devices: out_snd_device(2: speaker) in_snd_device(0: none)
08-04 17:38:12.532   512  2967 D msm8974_platform: platform_send_audio_calibration: sending audio calibration for snd_device(2) acdb_id(15)
08-04 17:38:12.533 13842 13867 I art     : Starting a blocking GC Explicit
08-04 17:38:12.534   512  2967 I soundtrigger: audio_extn_sound_trigger_update_device_status: device 0x2 of type 0 for Event 1
08-04 17:38:12.545   512  2967 D audio_hw_primary: enable_snd_device: snd_device(2: speaker)
08-04 17:38:12.545 13842 13867 I art     : Explicit concurrent mark sweep GC freed 87(23KB) AllocSpace objects, 1(20KB) LOS objects, 40% free, 22MB/37MB, paused 137us total 12.212ms
08-04 17:38:12.547   512  2967 D audio_hw_primary: enable_audio_route: apply and update mixer path: low-latency-playback speaker
08-04 17:38:12.551 13842 13867 I art     : Starting a blocking GC Explicit
08-04 17:38:12.565 13842 13867 I art     : Explicit concurrent mark sweep GC freed 664(85KB) AllocSpace objects, 0(0B) LOS objects, 40% free, 22MB/37MB, paused 589us total 13.619ms
08-04 17:38:12.571 13842 13867 I art     : Starting a blocking GC Explicit
08-04 17:38:12.584 13842 13867 I art     : Explicit concurrent mark sweep GC freed 580(94KB) AllocSpace objects, 0(0B) LOS objects, 40% free, 22MB/37MB, paused 223us total 12.959ms
08-04 17:38:12.594   512  2967 D AudioFlinger: mixer(0xf4740000) throttle end: throttle time(12)
08-04 17:38:12.778 13866 13866 I GoogleInputMethodServic: GoogleInputMethodService.onFinishInput():3138 
08-04 17:38:12.779   918   936 I ActivityManager: Displayed baseline.de.danoeh.antennapod.debug/baseline.de.danoeh.antennapod.activity.PreferenceActivity: +240ms
08-04 17:38:12.779 13866 13866 I GoogleInputMethodServic: GoogleInputMethodService.onStartInput():1808 
08-04 17:38:12.806 13842 13863 D OpenGLRenderer: endAllStagingAnimators on 0x7f7f083000 (RippleDrawable) with handle 0x7f7f13f680
08-04 17:38:12.832 13842 13867 I art     : Starting a blocking GC Explicit
08-04 17:38:12.848 13842 13867 I art     : Explicit concurrent mark sweep GC freed 3489(253KB) AllocSpace objects, 1(20KB) LOS objects, 40% free, 23MB/39MB, paused 152us total 16.106ms
08-04 17:38:12.856 13842 13867 I art     : Starting a blocking GC Explicit
08-04 17:38:12.871 13842 13867 I art     : Explicit concurrent mark sweep GC freed 249(11KB) AllocSpace objects, 0(0B) LOS objects, 40% free, 23MB/38MB, paused 158us total 14.814ms
08-04 17:38:12.877 13842 13867 I art     : Starting a blocking GC Explicit
08-04 17:38:12.892 13842 13867 I art     : Explicit concurrent mark sweep GC freed 3(96B) AllocSpace objects, 0(0B) LOS objects, 40% free, 23MB/38MB, paused 135us total 14.524ms
08-04 17:38:12.899 13842 13867 I art     : Starting a blocking GC Explicit
08-04 17:38:12.914 13842 13867 I art     : Explicit concurrent mark sweep GC freed 3(96B) AllocSpace objects, 0(0B) LOS objects, 40% free, 23MB/38MB, paused 146us total 14.487ms
08-04 17:38:12.921 13842 13867 I art     : Starting a blocking GC Explicit
08-04 17:38:12.935 13842 13867 I art     : Explicit concurrent mark sweep GC freed 3(96B) AllocSpace objects, 0(0B) LOS objects, 40% free, 23MB/38MB, paused 141us total 14.481ms
08-04 17:38:13.033   380   380 W SurfaceFlinger: couldn't log to binary event log: overflow.
08-04 17:38:13.090   512  2967 D audio_hw_primary: disable_audio_route: reset and update mixer path: low-latency-playback speaker
08-04 17:38:13.091   512  2967 D audio_hw_primary: disable_snd_device: snd_device(2: speaker)
08-04 17:38:13.099   512  2967 I soundtrigger: audio_extn_sound_trigger_update_device_status: device 0x2 of type 0 for Event 0
08-04 17:38:13.115  6490  6520 I WorkerManager: dispose()
08-04 17:38:13.116  6490  6520 W ThreadPoolDumper: Queue length for executor EventBus is now 11. Perhaps some tasks are too long, or the pool is too small.
08-04 17:38:13.154 13842 13842 D PlaybackController: Releasing PlaybackController
08-04 17:38:13.205 13842 13855 I art     : Starting a blocking GC Explicit
08-04 17:38:13.223 13842 13855 I art     : Explicit concurrent mark sweep GC freed 1620(97KB) AllocSpace objects, 1(20KB) LOS objects, 40% free, 23MB/39MB, paused 177us total 18.107ms
08-04 17:38:13.230 13842 13855 I art     : Starting a blocking GC Explicit
08-04 17:38:13.246 13842 13855 I art     : Explicit concurrent mark sweep GC freed 88(2752B) AllocSpace objects, 0(0B) LOS objects, 40% free, 23MB/39MB, paused 151us total 15.111ms
08-04 17:38:13.252 13842 13855 I art     : Starting a blocking GC Explicit
08-04 17:38:13.267 13842 13855 I art     : Explicit concurrent mark sweep GC freed 3(96B) AllocSpace objects, 0(0B) LOS objects, 40% free, 23MB/39MB, paused 156us total 14.572ms
08-04 17:38:13.273 13842 13855 I art     : Starting a blocking GC Explicit
08-04 17:38:13.288 13842 13855 I art     : Explicit concurrent mark sweep GC freed 3(96B) AllocSpace objects, 0(0B) LOS objects, 40% free, 23MB/39MB, paused 145us total 14.465ms
08-04 17:38:13.294 13842 13855 I art     : Starting a blocking GC Explicit
08-04 17:38:13.309 13842 13855 I art     : Explicit concurrent mark sweep GC freed 3(96B) AllocSpace objects, 0(0B) LOS objects, 40% free, 23MB/39MB, paused 142us total 14.560ms
08-04 17:38:13.506   518   646 I ThermalEngine: ACTION: GPU - Setting GPU[0] to 510000000
08-04 17:38:13.581 13842 13854 I art     : Starting a blocking GC Explicit
08-04 17:38:13.604 13842 13854 I art     : Explicit concurrent mark sweep GC freed 1360(80KB) AllocSpace objects, 1(20KB) LOS objects, 40% free, 23MB/39MB, paused 209us total 22.779ms
08-04 17:38:13.617 13842 13854 I art     : Starting a blocking GC Explicit
08-04 17:38:13.636 13842 13854 I art     : Explicit concurrent mark sweep GC freed 23(752B) AllocSpace objects, 0(0B) LOS objects, 40% free, 23MB/39MB, paused 192us total 18.954ms
08-04 17:38:13.644 13842 13854 I art     : Starting a blocking GC Explicit
08-04 17:38:13.663 13842 13854 I art     : Explicit concurrent mark sweep GC freed 3(96B) AllocSpace objects, 0(0B) LOS objects, 40% free, 23MB/39MB, paused 183us total 18.947ms
08-04 17:38:13.672 13842 13854 I art     : Starting a blocking GC Explicit
08-04 17:38:13.691 13842 13854 I art     : Explicit concurrent mark sweep GC freed 3(96B) AllocSpace objects, 0(0B) LOS objects, 40% free, 23MB/39MB, paused 183us total 18.931ms
08-04 17:38:13.700 13842 13854 I art     : Starting a blocking GC Explicit
08-04 17:38:13.718 13842 13854 I art     : Explicit concurrent mark sweep GC freed 3(96B) AllocSpace objects, 0(0B) LOS objects, 40% free, 23MB/39MB, paused 182us total 18.306ms
08-04 17:38:13.976 13842 13867 I art     : Starting a blocking GC Explicit
08-04 17:38:13.996 13842 13867 I art     : Explicit concurrent mark sweep GC freed 1360(80KB) AllocSpace objects, 1(20KB) LOS objects, 40% free, 23MB/39MB, paused 201us total 18.998ms
08-04 17:38:14.004 13842 13867 I art     : Starting a blocking GC Explicit
08-04 17:38:14.023 13842 13867 I art     : Explicit concurrent mark sweep GC freed 23(752B) AllocSpace objects, 0(0B) LOS objects, 40% free, 23MB/39MB, paused 198us total 19.007ms
08-04 17:38:14.032 13842 13867 I art     : Starting a blocking GC Explicit
08-04 17:38:14.050 13842 13867 I art     : Explicit concurrent mark sweep GC freed 3(96B) AllocSpace objects, 0(0B) LOS objects, 40% free, 23MB/39MB, paused 190us total 18.479ms
08-04 17:38:14.059 13842 13867 I art     : Starting a blocking GC Explicit
08-04 17:38:14.077 13842 13867 I art     : Explicit concurrent mark sweep GC freed 3(96B) AllocSpace objects, 0(0B) LOS objects, 40% free, 23MB/39MB, paused 214us total 18.266ms
08-04 17:38:14.085 13842 13867 I art     : Starting a blocking GC Explicit
08-04 17:38:14.104 13842 13867 I art     : Explicit concurrent mark sweep GC freed 3(96B) AllocSpace objects, 0(0B) LOS objects, 40% free, 23MB/39MB, paused 193us total 18.319ms
08-04 17:38:14.155 14218 14218 D AndroidRuntime: >>>>>> START com.android.internal.os.RuntimeInit uid 2000 <<<<<<
08-04 17:38:14.160 14218 14218 D AndroidRuntime: CheckJNI is OFF
08-04 17:38:14.194 14218 14218 D ICU     : No timezone override file found: /data/misc/zoneinfo/current/icu/icu_tzdata.dat
08-04 17:38:14.232 14218 14218 I Radio-JNI: register_android_hardware_Radio DONE
08-04 17:38:14.255 14218 14218 D AndroidRuntime: Calling main entry com.android.commands.input.Input
08-04 17:38:14.258 14218 14218 I Input   : injectMotionEvent: MotionEvent { action=ACTION_DOWN, actionButton=0, id[0]=0, x[0]=400.0, y[0]=997.0, toolType[0]=TOOL_TYPE_UNKNOWN, buttonState=0, metaState=0, flags=0x0, edgeFlags=0x0, pointerCount=1, historySize=0, eventTime=725910671, downTime=725910671, deviceId=0, source=0x1002 }
08-04 17:38:14.267 14218 14218 I Input   : injectMotionEvent: MotionEvent { action=ACTION_UP, actionButton=0, id[0]=0, x[0]=400.0, y[0]=997.0, toolType[0]=TOOL_TYPE_UNKNOWN, buttonState=0, metaState=0, flags=0x0, edgeFlags=0x0, pointerCount=1, historySize=0, eventTime=725910671, downTime=725910671, deviceId=0, source=0x1002 }
08-04 17:38:14.271 14218 14218 D AndroidRuntime: Shutting down VM
08-04 17:38:14.290   512  2967 D audio_hw_primary: out_set_parameters: enter: usecase(1: low-latency-playback) kvpairs: routing=2
08-04 17:38:14.302   512  2967 D audio_hw_primary: select_devices: out_snd_device(2: speaker) in_snd_device(0: none)
08-04 17:38:14.303   512  2967 D msm8974_platform: platform_send_audio_calibration: sending audio calibration for snd_device(2) acdb_id(15)
08-04 17:38:14.303   512  2967 I soundtrigger: audio_extn_sound_trigger_update_device_status: device 0x2 of type 0 for Event 1
08-04 17:38:14.314   512  2967 D audio_hw_primary: enable_snd_device: snd_device(2: speaker)
08-04 17:38:14.316   512  2967 D audio_hw_primary: enable_audio_route: apply and update mixer path: low-latency-playback speaker
08-04 17:38:14.364 13842 13855 I art     : Starting a blocking GC Explicit
08-04 17:38:14.384 13842 13855 I art     : Explicit concurrent mark sweep GC freed 2974(188KB) AllocSpace objects, 2(40KB) LOS objects, 40% free, 23MB/39MB, paused 200us total 19.262ms
08-04 17:38:14.392 13842 13855 I art     : Starting a blocking GC Explicit
08-04 17:38:14.410 13866 13866 I GoogleInputMethodServic: GoogleInputMethodService.onFinishInput():3138 
08-04 17:38:14.411 13842 13855 I art     : Explicit concurrent mark sweep GC freed 176(8KB) AllocSpace objects, 0(0B) LOS objects, 40% free, 23MB/39MB, paused 347us total 18.799ms
08-04 17:38:14.411 13866 13866 I GoogleInputMethodServic: GoogleInputMethodService.onStartInput():1808 
08-04 17:38:14.420 13842 13855 I art     : Starting a blocking GC Explicit
08-04 17:38:14.438 13842 13855 I art     : Explicit concurrent mark sweep GC freed 46(1440B) AllocSpace objects, 0(0B) LOS objects, 40% free, 23MB/39MB, paused 175us total 17.852ms
08-04 17:38:14.445 13842 13855 I art     : Starting a blocking GC Explicit
08-04 17:38:14.463 13842 13855 I art     : Explicit concurrent mark sweep GC freed 5(160B) AllocSpace objects, 0(0B) LOS objects, 40% free, 23MB/39MB, paused 186us total 17.155ms
08-04 17:38:14.470 13842 13855 I art     : Starting a blocking GC Explicit
08-04 17:38:14.489 13842 13855 I art     : Explicit concurrent mark sweep GC freed 3(96B) AllocSpace objects, 0(0B) LOS objects, 40% free, 23MB/39MB, paused 191us total 18.193ms
08-04 17:38:14.722 13842 13867 I art     : Starting a blocking GC Explicit
08-04 17:38:14.743 13842 13867 I art     : Explicit concurrent mark sweep GC freed 1362(80KB) AllocSpace objects, 1(20KB) LOS objects, 40% free, 23MB/39MB, paused 197us total 20.369ms
08-04 17:38:14.751 13842 13867 I art     : Starting a blocking GC Explicit
08-04 17:38:14.771 13842 13867 I art     : Explicit concurrent mark sweep GC freed 23(752B) AllocSpace objects, 0(0B) LOS objects, 40% free, 23MB/39MB, paused 184us total 19.726ms
08-04 17:38:14.780 13842 13867 I art     : Starting a blocking GC Explicit
08-04 17:38:14.800 13842 13867 I art     : Explicit concurrent mark sweep GC freed 3(96B) AllocSpace objects, 0(0B) LOS objects, 40% free, 23MB/39MB, paused 181us total 19.646ms
08-04 17:38:14.808 13842 13867 I art     : Starting a blocking GC Explicit
08-04 17:38:14.828 13842 13867 I art     : Explicit concurrent mark sweep GC freed 3(96B) AllocSpace objects, 0(0B) LOS objects, 40% free, 23MB/39MB, paused 190us total 19.497ms
08-04 17:38:14.836 13842 13867 I art     : Starting a blocking GC Explicit
08-04 17:38:14.849   512  2967 D audio_hw_primary: disable_audio_route: reset and update mixer path: low-latency-playback speaker
08-04 17:38:14.850   512  2967 D audio_hw_primary: disable_snd_device: snd_device(2: speaker)
08-04 17:38:14.856 13842 13867 I art     : Explicit concurrent mark sweep GC freed 3(96B) AllocSpace objects, 0(0B) LOS objects, 40% free, 23MB/39MB, paused 188us total 19ms
08-04 17:38:14.858   512  2967 I soundtrigger: audio_extn_sound_trigger_update_device_status: device 0x2 of type 0 for Event 0
08-04 17:38:14.923 14252 14252 D AndroidRuntime: >>>>>> START com.android.internal.os.RuntimeInit uid 2000 <<<<<<
08-04 17:38:14.928 14252 14252 D AndroidRuntime: CheckJNI is OFF
08-04 17:38:14.962 14252 14252 D ICU     : No timezone override file found: /data/misc/zoneinfo/current/icu/icu_tzdata.dat
08-04 17:38:14.995 14252 14252 I Radio-JNI: register_android_hardware_Radio DONE
08-04 17:38:15.017 14252 14252 D AndroidRuntime: Calling main entry com.android.commands.input.Input
08-04 17:38:15.019 14252 14252 I Input   : injectMotionEvent: MotionEvent { action=ACTION_DOWN, actionButton=0, id[0]=0, x[0]=697.0, y[0]=656.0, toolType[0]=TOOL_TYPE_UNKNOWN, buttonState=0, metaState=0, flags=0x0, edgeFlags=0x0, pointerCount=1, historySize=0, eventTime=725911431, downTime=725911431, deviceId=0, source=0x1002 }
08-04 17:38:15.023 14252 14252 I Input   : injectMotionEvent: MotionEvent { action=ACTION_UP, actionButton=0, id[0]=0, x[0]=697.0, y[0]=656.0, toolType[0]=TOOL_TYPE_UNKNOWN, buttonState=0, metaState=0, flags=0x0, edgeFlags=0x0, pointerCount=1, historySize=0, eventTime=725911431, downTime=725911431, deviceId=0, source=0x1002 }
08-04 17:38:15.024 14252 14252 D AndroidRuntime: Shutting down VM
08-04 17:38:15.036   512  2967 D audio_hw_primary: out_set_parameters: enter: usecase(1: low-latency-playback) kvpairs: routing=2
08-04 17:38:15.049   512  2967 D audio_hw_primary: select_devices: out_snd_device(2: speaker) in_snd_device(0: none)
08-04 17:38:15.050   512  2967 D msm8974_platform: platform_send_audio_calibration: sending audio calibration for snd_device(2) acdb_id(15)
08-04 17:38:15.050   512  2967 I soundtrigger: audio_extn_sound_trigger_update_device_status: device 0x2 of type 0 for Event 1
08-04 17:38:15.061   512  2967 D audio_hw_primary: enable_snd_device: snd_device(2: speaker)
08-04 17:38:15.063   512  2967 D audio_hw_primary: enable_audio_route: apply and update mixer path: low-latency-playback speaker
08-04 17:38:15.103 13866 13866 I GoogleInputMethodServic: GoogleInputMethodService.onFinishInput():3138 
08-04 17:38:15.103 13842 13854 I art     : Starting a blocking GC Explicit
08-04 17:38:15.104 13866 13866 I GoogleInputMethodServic: GoogleInputMethodService.onStartInput():1808 
08-04 17:38:15.105   512  2967 D AudioFlinger: mixer(0xf4740000) throttle end: throttle time(12)
08-04 17:38:15.123 13842 13854 I art     : Explicit concurrent mark sweep GC freed 2012(174KB) AllocSpace objects, 1(20KB) LOS objects, 40% free, 23MB/39MB, paused 430us total 19.948ms
08-04 17:38:15.131 13842 13854 I art     : Starting a blocking GC Explicit
08-04 17:38:15.151 13842 13854 I art     : Explicit concurrent mark sweep GC freed 550(26KB) AllocSpace objects, 0(0B) LOS objects, 40% free, 23MB/39MB, paused 203us total 19.499ms
08-04 17:38:15.159 13842 13854 I art     : Starting a blocking GC Explicit
08-04 17:38:15.176 13842 13854 I art     : Explicit concurrent mark sweep GC freed 9(464B) AllocSpace objects, 0(0B) LOS objects, 40% free, 23MB/39MB, paused 168us total 17.604ms
08-04 17:38:15.184 13842 13854 I art     : Starting a blocking GC Explicit
08-04 17:38:15.203 13842 13854 I art     : Explicit concurrent mark sweep GC freed 3(96B) AllocSpace objects, 0(0B) LOS objects, 40% free, 23MB/39MB, paused 160us total 17.926ms
08-04 17:38:15.211 13842 13854 I art     : Starting a blocking GC Explicit
08-04 17:38:15.229 13842 13854 I art     : Explicit concurrent mark sweep GC freed 3(96B) AllocSpace objects, 0(0B) LOS objects, 40% free, 23MB/39MB, paused 170us total 17.744ms
08-04 17:38:15.334 29532 29532 W PathParser: Points are too far apart 4.030360828967057
08-04 17:38:15.334 29532 29532 W PathParser: Points are too far apart 4.030360538880159
08-04 17:38:15.351 29532 29532 W PathParser: Points are too far apart 4.030360828967057
08-04 17:38:15.351 29532 29532 W PathParser: Points are too far apart 4.030360538880159
08-04 17:38:15.368 29532 29532 W PathParser: Points are too far apart 4.030360828967057
08-04 17:38:15.368 29532 29532 W PathParser: Points are too far apart 4.030360538880159
08-04 17:38:15.385 29532 29532 W PathParser: Points are too far apart 4.030360828967057
08-04 17:38:15.385 29532 29532 W PathParser: Points are too far apart 4.030360538880159
08-04 17:38:15.401 29532 29532 W PathParser: Points are too far apart 4.030360828967057
08-04 17:38:15.401 29532 29532 W PathParser: Points are too far apart 4.030360538880159
08-04 17:38:15.418 29532 29532 W PathParser: Points are too far apart 4.030360828967057
08-04 17:38:15.418 29532 29532 W PathParser: Points are too far apart 4.030360538880159
08-04 17:38:15.434 29532 29532 W PathParser: Points are too far apart 4.030360828967057
08-04 17:38:15.435 29532 29532 W PathParser: Points are too far apart 4.030360538880159
08-04 17:38:15.463 13842 13855 I art     : Starting a blocking GC Explicit
08-04 17:38:15.484 13842 13855 I art     : Explicit concurrent mark sweep GC freed 1390(80KB) AllocSpace objects, 1(20KB) LOS objects, 40% free, 23MB/39MB, paused 184us total 20.352ms
08-04 17:38:15.493 13842 13855 I art     : Starting a blocking GC Explicit
08-04 17:38:15.513 13842 13855 I art     : Explicit concurrent mark sweep GC freed 29(944B) AllocSpace objects, 0(0B) LOS objects, 40% free, 23MB/39MB, paused 211us total 20.052ms
08-04 17:38:15.521 13842 13855 I art     : Starting a blocking GC Explicit
08-04 17:38:15.541 13842 13855 I art     : Explicit concurrent mark sweep GC freed 5(192B) AllocSpace objects, 0(0B) LOS objects, 40% free, 23MB/39MB, paused 188us total 19.948ms
08-04 17:38:15.550 13842 13855 I art     : Starting a blocking GC Explicit
08-04 17:38:15.569 13842 13855 I art     : Explicit concurrent mark sweep GC freed 5(160B) AllocSpace objects, 0(0B) LOS objects, 40% free, 23MB/39MB, paused 183us total 19.337ms
08-04 17:38:15.579 13842 13855 I art     : Starting a blocking GC Explicit
08-04 17:38:15.589   512  2967 D audio_hw_primary: disable_audio_route: reset and update mixer path: low-latency-playback speaker
08-04 17:38:15.591   512  2967 D audio_hw_primary: disable_snd_device: snd_device(2: speaker)
08-04 17:38:15.598 13842 13855 I art     : Explicit concurrent mark sweep GC freed 3(96B) AllocSpace objects, 0(0B) LOS objects, 40% free, 23MB/39MB, paused 183us total 19.431ms
08-04 17:38:15.599   512  2967 I soundtrigger: audio_extn_sound_trigger_update_device_status: device 0x2 of type 0 for Event 0
08-04 17:38:15.654 14283 14283 D AndroidRuntime: >>>>>> START com.android.internal.os.RuntimeInit uid 2000 <<<<<<
08-04 17:38:15.660 14283 14283 D AndroidRuntime: CheckJNI is OFF
08-04 17:38:15.701 14283 14283 D ICU     : No timezone override file found: /data/misc/zoneinfo/current/icu/icu_tzdata.dat
08-04 17:38:15.740 14283 14283 I Radio-JNI: register_android_hardware_Radio DONE
08-04 17:38:15.763 14283 14283 D AndroidRuntime: Calling main entry com.android.commands.input.Input
08-04 17:38:15.766 14283 14283 I Input   : injectMotionEvent: MotionEvent { action=ACTION_DOWN, actionButton=0, id[0]=0, x[0]=256.0, y[0]=1589.0, toolType[0]=TOOL_TYPE_UNKNOWN, buttonState=0, metaState=0, flags=0x0, edgeFlags=0x0, pointerCount=1, historySize=0, eventTime=725912178, downTime=725912178, deviceId=0, source=0x1002 }
08-04 17:38:15.771 14283 14283 I Input   : injectMotionEvent: MotionEvent { action=ACTION_UP, actionButton=0, id[0]=0, x[0]=256.0, y[0]=1589.0, toolType[0]=TOOL_TYPE_UNKNOWN, buttonState=0, metaState=0, flags=0x0, edgeFlags=0x0, pointerCount=1, historySize=0, eventTime=725912178, downTime=725912178, deviceId=0, source=0x1002 }
08-04 17:38:15.773 14283 14283 D AndroidRuntime: Shutting down VM
08-04 17:38:15.787 13842 13842 D UserPreferences: timeOfDay: []
08-04 17:38:15.787 13842 13842 D AutoUpdateManager: Restarting update alarm.
08-04 17:38:15.790   512  2967 D audio_hw_primary: out_set_parameters: enter: usecase(1: low-latency-playback) kvpairs: routing=2
08-04 17:38:15.791 13842 13842 D AutoUpdateManager: Automatic update was deactivated
08-04 17:38:15.804   512  2967 D audio_hw_primary: select_devices: out_snd_device(2: speaker) in_snd_device(0: none)
08-04 17:38:15.804   512  2967 D msm8974_platform: platform_send_audio_calibration: sending audio calibration for snd_device(2) acdb_id(15)
08-04 17:38:15.805   512  2967 I soundtrigger: audio_extn_sound_trigger_update_device_status: device 0x2 of type 0 for Event 1
08-04 17:38:15.817 13866 13866 I GoogleInputMethodServic: GoogleInputMethodService.onFinishInput():3138 
08-04 17:38:15.817 13866 13866 I GoogleInputMethodServic: GoogleInputMethodService.onStartInput():1808 
08-04 17:38:15.821   512  2967 D audio_hw_primary: enable_snd_device: snd_device(2: speaker)
08-04 17:38:15.823   512  2967 D audio_hw_primary: enable_audio_route: apply and update mixer path: low-latency-playback speaker
08-04 17:38:15.835 29532 29532 W PathParser: Points are too far apart 4.030360828967057
08-04 17:38:15.836 29532 29532 W PathParser: Points are too far apart 4.030360538880159
08-04 17:38:15.852 29532 29532 W PathParser: Points are too far apart 4.030360828967057
08-04 17:38:15.852 29532 29532 W PathParser: Points are too far apart 4.030360538880159
08-04 17:38:15.864   512  2967 D AudioFlinger: mixer(0xf4740000) throttle end: throttle time(12)
08-04 17:38:15.868 29532 29532 W PathParser: Points are too far apart 4.030360828967057
08-04 17:38:15.868 13842 13855 I art     : Starting a blocking GC Explicit
08-04 17:38:15.868 29532 29532 W PathParser: Points are too far apart 4.030360538880159
08-04 17:38:15.885 29532 29532 W PathParser: Points are too far apart 4.030360828967057
08-04 17:38:15.885 29532 29532 W PathParser: Points are too far apart 4.030360538880159
08-04 17:38:15.890 13842 13855 I art     : Explicit concurrent mark sweep GC freed 1691(107KB) AllocSpace objects, 2(40KB) LOS objects, 40% free, 23MB/39MB, paused 175us total 21.254ms
08-04 17:38:15.898 13842 13855 I art     : Starting a blocking GC Explicit
08-04 17:38:15.902 29532 29532 W PathParser: Points are too far apart 4.030360828967057
08-04 17:38:15.902 29532 29532 W PathParser: Points are too far apart 4.030360538880159
08-04 17:38:15.919 29532 29532 W PathParser: Points are too far apart 4.030360828967057
08-04 17:38:15.919 29532 29532 W PathParser: Points are too far apart 4.030360538880159
08-04 17:38:15.919 13842 13855 I art     : Explicit concurrent mark sweep GC freed 60(2176B) AllocSpace objects, 0(0B) LOS objects, 40% free, 23MB/39MB, paused 361us total 20.734ms
08-04 17:38:15.928 13842 13855 I art     : Starting a blocking GC Explicit
08-04 17:38:15.935 29532 29532 W PathParser: Points are too far apart 4.030360828967057
08-04 17:38:15.936 29532 29532 W PathParser: Points are too far apart 4.030360538880159
08-04 17:38:15.951 11375 11375 I ServiceManager: Waiting for service AtCmdFwd...
08-04 17:38:15.951 13842 13855 I art     : Explicit concurrent mark sweep GC freed 7(288B) AllocSpace objects, 0(0B) LOS objects, 40% free, 23MB/39MB, paused 226us total 22.529ms
08-04 17:38:15.952 29532 29532 W PathParser: Points are too far apart 4.030360828967057
08-04 17:38:15.952 29532 29532 W PathParser: Points are too far apart 4.030360538880159
08-04 17:38:15.960 13842 13855 I art     : Starting a blocking GC Explicit
08-04 17:38:15.980 13842 13855 I art     : Explicit concurrent mark sweep GC freed 74(3KB) AllocSpace objects, 0(0B) LOS objects, 40% free, 23MB/39MB, paused 193us total 19.920ms
08-04 17:38:15.990 13842 13855 I art     : Starting a blocking GC Explicit
08-04 17:38:16.002   380   380 W SurfaceFlinger: couldn't log to binary event log: overflow.
08-04 17:38:16.012 13842 13855 I art     : Explicit concurrent mark sweep GC freed 67(2144B) AllocSpace objects, 0(0B) LOS objects, 40% free, 23MB/39MB, paused 220us total 21.517ms
08-04 17:38:16.254 13842 13854 I art     : Starting a blocking GC Explicit
08-04 17:38:16.275 13842 13854 I art     : Explicit concurrent mark sweep GC freed 1753(92KB) AllocSpace objects, 1(20KB) LOS objects, 40% free, 23MB/39MB, paused 170us total 19.918ms
08-04 17:38:16.285 13842 13854 I art     : Starting a blocking GC Explicit
08-04 17:38:16.303 13842 13854 I art     : Explicit concurrent mark sweep GC freed 23(752B) AllocSpace objects, 0(0B) LOS objects, 40% free, 23MB/39MB, paused 172us total 18.287ms
08-04 17:38:16.311 13842 13854 I art     : Starting a blocking GC Explicit
08-04 17:38:16.330 13842 13854 I art     : Explicit concurrent mark sweep GC freed 3(96B) AllocSpace objects, 0(0B) LOS objects, 40% free, 23MB/39MB, paused 183us total 19.013ms
08-04 17:38:16.338 13842 13854 I art     : Starting a blocking GC Explicit
08-04 17:38:16.357 13842 13854 I art     : Explicit concurrent mark sweep GC freed 3(96B) AllocSpace objects, 0(0B) LOS objects, 40% free, 23MB/39MB, paused 187us total 18.579ms
08-04 17:38:16.358   512  2967 D audio_hw_primary: disable_audio_route: reset and update mixer path: low-latency-playback speaker
08-04 17:38:16.359   512  2967 D audio_hw_primary: disable_snd_device: snd_device(2: speaker)
08-04 17:38:16.365 13842 13854 I art     : Starting a blocking GC Explicit
08-04 17:38:16.367   512  2967 I soundtrigger: audio_extn_sound_trigger_update_device_status: device 0x2 of type 0 for Event 0
08-04 17:38:16.384 13842 13854 I art     : Explicit concurrent mark sweep GC freed 3(96B) AllocSpace objects, 0(0B) LOS objects, 40% free, 23MB/39MB, paused 183us total 19.677ms
08-04 17:38:16.416 14315 14315 D AndroidRuntime: >>>>>> START com.android.internal.os.RuntimeInit uid 2000 <<<<<<
08-04 17:38:16.421 14315 14315 D AndroidRuntime: CheckJNI is OFF
08-04 17:38:16.453 14315 14315 D ICU     : No timezone override file found: /data/misc/zoneinfo/current/icu/icu_tzdata.dat
08-04 17:38:16.487 14315 14315 I Radio-JNI: register_android_hardware_Radio DONE
08-04 17:38:16.510   518   646 I ThermalEngine: ACTION: GPU - Setting GPU[0] to 450000000
08-04 17:38:16.513 14315 14315 D AndroidRuntime: Calling main entry com.android.commands.input.Input
08-04 17:38:16.515 14315 14315 I Input   : injectKeyEvent: KeyEvent { action=ACTION_DOWN, keyCode=KEYCODE_BACK, scanCode=0, metaState=0, flags=0x0, repeatCount=0, eventTime=725912928, downTime=725912928, deviceId=-1, source=0x101 }
08-04 17:38:16.520 14315 14315 I Input   : injectKeyEvent: KeyEvent { action=ACTION_UP, keyCode=KEYCODE_BACK, scanCode=0, metaState=0, flags=0x0, repeatCount=0, eventTime=725912928, downTime=725912928, deviceId=-1, source=0x101 }
08-04 17:38:16.529 14315 14315 D AndroidRuntime: Shutting down VM
08-04 17:38:16.609 13866 13866 I GoogleInputMethodServic: GoogleInputMethodService.onFinishInput():3138 
08-04 17:38:16.610 13866 13866 I GoogleInputMethodServic: GoogleInputMethodService.onStartInput():1808 
08-04 17:38:16.658 13842 13867 I art     : Starting a blocking GC Explicit
08-04 17:38:16.690 13842 13867 I art     : Explicit concurrent mark sweep GC freed 2742(144KB) AllocSpace objects, 1(20KB) LOS objects, 39% free, 24MB/40MB, paused 337us total 31.340ms
08-04 17:38:16.705 13842 13867 I art     : Starting a blocking GC Explicit
08-04 17:38:16.728 13842 13867 I art     : Explicit concurrent mark sweep GC freed 9316(588KB) AllocSpace objects, 1(48KB) LOS objects, 40% free, 23MB/39MB, paused 291us total 23.333ms
08-04 17:38:16.739 13842 13867 I art     : Starting a blocking GC Explicit
08-04 17:38:16.762 13842 13867 I art     : Explicit concurrent mark sweep GC freed 8(336B) AllocSpace objects, 0(0B) LOS objects, 40% free, 23MB/39MB, paused 259us total 22.865ms
08-04 17:38:16.772 13842 13867 I art     : Starting a blocking GC Explicit
08-04 17:38:16.795 13842 13867 I art     : Explicit concurrent mark sweep GC freed 3(96B) AllocSpace objects, 0(0B) LOS objects, 40% free, 23MB/39MB, paused 257us total 22.649ms
08-04 17:38:16.807 13842 13867 I art     : Starting a blocking GC Explicit
08-04 17:38:16.830 13842 13867 I art     : Explicit concurrent mark sweep GC freed 3(96B) AllocSpace objects, 0(0B) LOS objects, 40% free, 23MB/39MB, paused 256us total 23.194ms
08-04 17:38:16.951 11375 11375 I ServiceManager: Waiting for service AtCmdFwd...
08-04 17:38:17.118 13842 13854 I art     : Starting a blocking GC Explicit
08-04 17:38:17.148 13842 13854 I art     : Explicit concurrent mark sweep GC freed 1364(80KB) AllocSpace objects, 1(20KB) LOS objects, 40% free, 23MB/39MB, paused 273us total 29.958ms
08-04 17:38:17.162 13842 13854 I art     : Starting a blocking GC Explicit
08-04 17:38:17.187 13842 13854 I art     : Explicit concurrent mark sweep GC freed 23(752B) AllocSpace objects, 0(0B) LOS objects, 40% free, 23MB/39MB, paused 262us total 24.160ms
08-04 17:38:17.197 13842 13854 I art     : Starting a blocking GC Explicit
08-04 17:38:17.222 13842 13854 I art     : Explicit concurrent mark sweep GC freed 3(96B) AllocSpace objects, 0(0B) LOS objects, 40% free, 23MB/39MB, paused 251us total 24.216ms
08-04 17:38:17.233 13842 13854 I art     : Starting a blocking GC Explicit
08-04 17:38:17.257 13842 13854 I art     : Explicit concurrent mark sweep GC freed 28(784B) AllocSpace objects, 0(0B) LOS objects, 40% free, 23MB/39MB, paused 252us total 24.101ms
08-04 17:38:17.268 13842 13854 I art     : Starting a blocking GC Explicit
08-04 17:38:17.292 13842 13854 I art     : Explicit concurrent mark sweep GC freed 3(96B) AllocSpace objects, 0(0B) LOS objects, 40% free, 23MB/39MB, paused 249us total 24.029ms
08-04 17:38:17.441 14359 14359 I art     : Late-enabling -Xcheck:jni
08-04 17:38:17.442   918   918 I ActivityManager: Start proc 14359:baseline.com.newsblur/u0a652 for service baseline.com.newsblur/.service.NBSyncService
08-04 17:38:17.452  8429  8429 I Finsky  : [1] xow.onStartJob(3): SCH: onJobSchedulerWakeup with jobId 9003
08-04 17:38:17.460  8429  8429 I Finsky  : [1] xjw.a(9): Scheduling fallback in 43199993 (absolute: 1752501328)
08-04 17:38:17.462  8429  8429 I Finsky  : [1] xjw.a(9): Scheduling fallback in 64799998 (absolute: 1774101335)
08-04 17:38:17.477 14359 14359 W System  : ClassLoader referenced unknown path: /data/app/baseline.com.newsblur-1/lib/arm64
08-04 17:38:17.482 24365 24396 E SQLiteDatabase: Error inserting service_kind=0 source=16 tag=Measurement.PackageMeasurementTaskService.UPLOAD_TASK_TAG requires_charging=0 target_package=com.google.android.gms source_version=202614000 required_network_type=0 flex_time=3599000 persistence_level=1 target_class=com.google.android.gms.measurement.PackageMeasurementTaskService runtime=1596555255987 retry_strategy={"maximum_backoff_seconds":{"3600":0},"initial_backoff_seconds":{"30":0},"retry_policy":{"0":0}} preferred_network_type=1 required_idleness_state=0 preferred_charging_state=1 last_runtime=0 period=7200000 task_type=0 job_id=-1 user_id=0
08-04 17:38:17.482 24365 24396 E SQLiteDatabase: android.database.sqlite.SQLiteConstraintException: UNIQUE constraint failed: pending_ops.tag, pending_ops.target_class, pending_ops.target_package, pending_ops.user_id (code 2067)
08-04 17:38:17.482 24365 24396 E SQLiteDatabase: 	at android.database.sqlite.SQLiteConnection.nativeExecuteForLastInsertedRowId(Native Method)
08-04 17:38:17.482 24365 24396 E SQLiteDatabase: 	at android.database.sqlite.SQLiteConnection.executeForLastInsertedRowId(SQLiteConnection.java:780)
08-04 17:38:17.482 24365 24396 E SQLiteDatabase: 	at android.database.sqlite.SQLiteSession.executeForLastInsertedRowId(SQLiteSession.java:788)
08-04 17:38:17.482 24365 24396 E SQLiteDatabase: 	at android.database.sqlite.SQLiteStatement.executeInsert(SQLiteStatement.java:86)
08-04 17:38:17.482 24365 24396 E SQLiteDatabase: 	at android.database.sqlite.SQLiteDatabase.insertWithOnConflict(SQLiteDatabase.java:1471)
08-04 17:38:17.482 24365 24396 E SQLiteDatabase: 	at android.database.sqlite.SQLiteDatabase.insert(SQLiteDatabase.java:1341)
08-04 17:38:17.482 24365 24396 E SQLiteDatabase: 	at aqmx.a(:com.google.android.gms@202614019@20.26.14 (040400-320008519):175)
08-04 17:38:17.482 24365 24396 E SQLiteDatabase: 	at aqlx.a(:com.google.android.gms@202614019@20.26.14 (040400-320008519):180)
08-04 17:38:17.482 24365 24396 E SQLiteDatabase: 	at aqlx.a(:com.google.android.gms@202614019@20.26.14 (040400-320008519):22)
08-04 17:38:17.482 24365 24396 E SQLiteDatabase: 	at aqlx.c(:com.google.android.gms@202614019@20.26.14 (040400-320008519):9)
08-04 17:38:17.482 24365 24396 E SQLiteDatabase: 	at aqlx.a(:com.google.android.gms@202614019@20.26.14 (040400-320008519):92)
08-04 17:38:17.482 24365 24396 E SQLiteDatabase: 	at aqls.handleMessage(:com.google.android.gms@202614019@20.26.14 (040400-320008519):8)
08-04 17:38:17.482 24365 24396 E SQLiteDatabase: 	at android.os.Handler.dispatchMessage(Handler.java:102)
08-04 17:38:17.482 24365 24396 E SQLiteDatabase: 	at aefh.a(:com.google.android.gms@202614019@20.26.14 (040400-320008519):2)
08-04 17:38:17.482 24365 24396 E SQLiteDatabase: 	at aefh.dispatchMessage(:com.google.android.gms@202614019@20.26.14 (040400-320008519):12)
08-04 17:38:17.482 24365 24396 E SQLiteDatabase: 	at android.os.Looper.loop(Looper.java:148)
08-04 17:38:17.482 24365 24396 E SQLiteDatabase: 	at android.os.HandlerThread.run(HandlerThread.java:61)
08-04 17:38:17.504 24365  7398 I NetworkScheduler.Stats: Task com.google.android.apps.gcs/ started execution. cause:4 exec_start_elapsed_seconds: 1709301 [CONTEXT service_id=218 ]
08-04 17:38:17.512 13724 14379 W Gcs.WfaEliRefreshTask: [24606] afk.b: NULL eligibility response.
08-04 17:38:17.522 24365  7398 I NetworkScheduler.Stats: Task com.google.android.apps.gcs/ finished executing. cause:4 result: 3 elapsed_millis: 23 uptime_millis: 23 exec_start_elapsed_seconds: 1709301 [CONTEXT service_id=218 ]
08-04 17:38:17.541  8429  8429 I Finsky  : [1] xkf.handleMessage(8): SCH: DeviceState: DeviceState{currentTime=1596555497537, isCharging=false, isIdle=false, netAny=true, netNotRoaming=true, netUnmetered=true, batteryPercent=100.0}
08-04 17:38:17.545  8429 13810 I Finsky  : [5916] xmu.a(8): SCH: Jobs in database: 1-1337 3-197 3-198 12-1 24-77777777 26-1414141414 
08-04 17:38:17.548  8429  8429 I Finsky  : [1] xkg.a(16): SCH: Running job: 12-1
08-04 17:38:17.549  8429  8429 I Finsky  : [1] ContentSyncJob.a(16): [ContentSync] job started
08-04 17:38:17.549  8429  8429 I Finsky  : [1] xkf.handleMessage(61): SCH: RunningQueue size: 1, PendingQueue size: 0
08-04 17:38:17.549  8429  8429 I Finsky  : [1] xkf.handleMessage(64): SCH: Running queue: 12-1 
08-04 17:38:17.565 24365 13828 I NetworkScheduler.Stats: Task com.google.android.gms/com.google.android.gms.icing.service.IcingGcmTaskService started execution. cause:5 exec_start_elapsed_seconds: 1709301 [CONTEXT service_id=218 ]
08-04 17:38:17.570 24365  7398 I NetworkScheduler.Stats: Task com.google.android.gms/com.google.android.gms.icing.service.IcingGcmTaskService finished executing. cause:5 result: 1 elapsed_millis: 23 uptime_millis: 23 exec_start_elapsed_seconds: 1709301 [CONTEXT service_id=218 ]
08-04 17:38:17.580 13842 13855 I art     : Starting a blocking GC Explicit
08-04 17:38:17.601 13842 13855 I art     : Explicit concurrent mark sweep GC freed 1365(80KB) AllocSpace objects, 1(20KB) LOS objects, 40% free, 23MB/39MB, paused 240us total 20.639ms
08-04 17:38:17.603   918   928 I ActivityManager: Killing 2959:com.google.android.videos/u0a72 (adj 15): empty #17
08-04 17:38:17.611 13842 13855 I art     : Starting a blocking GC Explicit
08-04 17:38:17.631 13842 13855 I art     : Explicit concurrent mark sweep GC freed 23(752B) AllocSpace objects, 0(0B) LOS objects, 40% free, 23MB/39MB, paused 253us total 20.113ms
08-04 17:38:17.640  8429 13824 I Finsky  : [5922] dzn.a(22): Completed 0 account content syncs with 0 successful.
08-04 17:38:17.640  8429  8429 I Finsky  : [1] ContentSyncJob.a(1): [ContentSync] Installation state replication succeeded.
08-04 17:38:17.641 13842 13855 I art     : Starting a blocking GC Explicit
08-04 17:38:17.641  8429  8429 I Finsky  : [1] xlr.a(13): SCH: jobFinished: 12-1. TimeElapsed: 93ms.
08-04 17:38:17.641  8429  8429 I Finsky  : [1] xkg.a(36): SCH: Job 12-1 finished. Not rescheduling.
08-04 17:38:17.642  8429  8429 I Finsky  : [1] xkf.handleMessage(61): SCH: RunningQueue size: 0, PendingQueue size: 0
08-04 17:38:17.642  8429  8429 I Finsky  : [1] xkf.handleMessage(25): Executor finished
08-04 17:38:17.663 13842 13855 I art     : Explicit concurrent mark sweep GC freed 3(96B) AllocSpace objects, 0(0B) LOS objects, 40% free, 23MB/39MB, paused 254us total 21.653ms
08-04 17:38:17.672 13842 13855 I art     : Starting a blocking GC Explicit
08-04 17:38:17.679   918  5952 I ActivityManager: Killing 9280:nappagreedy.com.newsblur/u0a655 (adj 15): empty #17
08-04 17:38:17.690  8429  8429 I Finsky  : [1] xmu.a(8): SCH: Jobs in database: 1-1337 3-197 3-198 24-77777777 26-1414141414 
08-04 17:38:17.692  8429  8429 I Finsky  : [1] xio.a(57): SCH: ConstraintMapping: 24-77777777,  -> L: 0ms, D: 12703146ms, C: false, I: true, N: 0
08-04 17:38:17.693  8429  8429 I Finsky  : [1] xio.a(57): SCH: ConstraintMapping: 1-1337,  -> L: 3374340ms, D: 16055222ms, C: false, I: false, N: 1
08-04 17:38:17.693  8429  8429 I Finsky  : [1] xio.a(57): SCH: ConstraintMapping: 3-197,  -> L: 0ms, D: 84133141ms, C: false, I: true, N: 2
08-04 17:38:17.693  8429  8429 I Finsky  : [1] xio.a(57): SCH: ConstraintMapping: 3-198,  -> L: 0ms, D: 84133200ms, C: true, I: true, N: 2
08-04 17:38:17.694 13842 13855 I art     : Explicit concurrent mark sweep GC freed 3(96B) AllocSpace objects, 0(0B) LOS objects, 40% free, 23MB/39MB, paused 257us total 20.895ms
08-04 17:38:17.694  8429  8429 I Finsky  : [1] xio.a(57): SCH: ConstraintMapping: 26-1414141414,  -> L: 20168346ms, D: 21068346ms, C: false, I: false, N: 0
08-04 17:38:17.704 13842 13855 I art     : Starting a blocking GC Explicit
08-04 17:38:17.727 13842 13855 I art     : Explicit concurrent mark sweep GC freed 3(96B) AllocSpace objects, 0(0B) LOS objects, 40% free, 23MB/39MB, paused 267us total 22.129ms
08-04 17:38:17.743  8429  8429 I Finsky  : [1] xle.a(34): Cancelling existing jobscheduler jobs: 9010 9017 9019 9007 9016 9001 9004 9009 9018 
08-04 17:38:17.743  8429  8429 I Finsky  : [1] xle.a(10): Throttling wakeup for job 9000 (expected to run in 0 ms) due to recent wakeup
08-04 17:38:17.744  8429  8429 I Finsky  : [1] xle.a(27): Scheduling job Id: 9000, L: 30000, D: 12703146, C: false, I: true, N: 0
08-04 17:38:17.745  8429  8429 I Finsky  : [1] xle.a(27): Scheduling job Id: 9002, L: 3374340, D: 16055222, C: false, I: false, N: 1
08-04 17:38:17.747  8429  8429 I Finsky  : [1] xle.a(10): Throttling wakeup for job 9005 (expected to run in 0 ms) due to recent wakeup
08-04 17:38:17.748  8429  8429 I Finsky  : [1] xle.a(27): Scheduling job Id: 9005, L: 30000, D: 84133141, C: false, I: true, N: 2
08-04 17:38:17.749  8429  8429 I Finsky  : [1] xle.a(10): Throttling wakeup for job 9006 (expected to run in 0 ms) due to recent wakeup
08-04 17:38:17.749  8429  8429 I Finsky  : [1] xle.a(27): Scheduling job Id: 9006, L: 30000, D: 84133200, C: true, I: true, N: 2
08-04 17:38:17.751  8429  8429 I Finsky  : [1] xle.a(27): Scheduling job Id: 9008, L: 20168346, D: 21068346, C: false, I: false, N: 0
08-04 17:38:17.752  8429  8429 I Finsky  : [1] xle.a(10): Throttling wakeup for job 9011 (expected to run in 0 ms) due to recent wakeup
08-04 17:38:17.752  8429  8429 I Finsky  : [1] xle.a(27): Scheduling job Id: 9011, L: 30000, D: 12703146, C: false, I: true, N: 0
08-04 17:38:17.754  8429  8429 I Finsky  : [1] xle.a(27): Scheduling job Id: 9012, L: 3374340, D: 16055222, C: false, I: false, N: 1
08-04 17:38:17.755  8429  8429 I Finsky  : [1] xle.a(10): Throttling wakeup for job 9013 (expected to run in 0 ms) due to recent wakeup
08-04 17:38:17.756  8429  8429 I Finsky  : [1] xle.a(27): Scheduling job Id: 9013, L: 30000, D: 84133141, C: false, I: true, N: 2
08-04 17:38:17.757  8429  8429 I Finsky  : [1] xle.a(10): Throttling wakeup for job 9014 (expected to run in 0 ms) due to recent wakeup
08-04 17:38:17.758  8429  8429 I Finsky  : [1] xle.a(27): Scheduling job Id: 9014, L: 30000, D: 84133200, C: true, I: true, N: 2
08-04 17:38:17.759  8429  8429 I Finsky  : [1] xle.a(27): Scheduling job Id: 9015, L: 20168346, D: 21068346, C: false, I: false, N: 0
08-04 17:38:17.952 11375 11375 I ServiceManager: Waiting for service AtCmdFwd...
08-04 17:38:18.003 13842 14314 I art     : Starting a blocking GC Explicit
08-04 17:38:18.029 13842 14314 I art     : Explicit concurrent mark sweep GC freed 1365(80KB) AllocSpace objects, 1(20KB) LOS objects, 40% free, 23MB/39MB, paused 262us total 26.186ms
08-04 17:38:18.043 13842 14314 I art     : Starting a blocking GC Explicit
08-04 17:38:18.066 13842 14314 I art     : Explicit concurrent mark sweep GC freed 23(752B) AllocSpace objects, 0(0B) LOS objects, 40% free, 23MB/39MB, paused 252us total 22.287ms
08-04 17:38:18.076 13842 14314 I art     : Starting a blocking GC Explicit
08-04 17:38:18.099 13842 14314 I art     : Explicit concurrent mark sweep GC freed 3(96B) AllocSpace objects, 0(0B) LOS objects, 40% free, 23MB/39MB, paused 240us total 23.010ms
08-04 17:38:18.111 13842 14314 I art     : Starting a blocking GC Explicit
08-04 17:38:18.134 13842 14314 I art     : Explicit concurrent mark sweep GC freed 3(96B) AllocSpace objects, 0(0B) LOS objects, 40% free, 23MB/39MB, paused 255us total 23.111ms
08-04 17:38:18.145 13842 14314 I art     : Starting a blocking GC Explicit
08-04 17:38:18.169 13842 14314 I art     : Explicit concurrent mark sweep GC freed 8(288B) AllocSpace objects, 0(0B) LOS objects, 40% free, 23MB/39MB, paused 235us total 23.941ms
08-04 17:38:18.303 14384 14384 D AndroidRuntime: >>>>>> START com.android.internal.os.RuntimeInit uid 2000 <<<<<<
08-04 17:38:18.309 14384 14384 D AndroidRuntime: CheckJNI is OFF
08-04 17:38:18.349 14384 14384 D ICU     : No timezone override file found: /data/misc/zoneinfo/current/icu/icu_tzdata.dat
08-04 17:38:18.389 14384 14384 I Radio-JNI: register_android_hardware_Radio DONE
08-04 17:38:18.417 14384 14384 D AndroidRuntime: Calling main entry com.android.commands.input.Input
08-04 17:38:18.419 14384 14384 I Input   : injectKeyEvent: KeyEvent { action=ACTION_DOWN, keyCode=KEYCODE_BACK, scanCode=0, metaState=0, flags=0x0, repeatCount=0, eventTime=725914832, downTime=725914832, deviceId=-1, source=0x101 }
08-04 17:38:18.428 14384 14384 I Input   : injectKeyEvent: KeyEvent { action=ACTION_UP, keyCode=KEYCODE_BACK, scanCode=0, metaState=0, flags=0x0, repeatCount=0, eventTime=725914832, downTime=725914832, deviceId=-1, source=0x101 }
08-04 17:38:18.434 14384 14384 D AndroidRuntime: Shutting down VM
08-04 17:38:18.458 13842 13842 D QueueFragment: loadItems()
08-04 17:38:18.458 13842 13862 D DBReader: getQueue() called
08-04 17:38:18.458 13842 13862 D DBReader: getQueue()
08-04 17:38:18.458 13842 13842 V PlaybackController: initServiceNotRunning()
08-04 17:38:18.459 13842 13842 D ExternalPlayerFragment: Loading media info
08-04 17:38:18.459 13842 13862 D DBReader: getFavoriteIDList() called
08-04 17:38:18.460 13842 13862 D DBReader: getQueueIDList() called
08-04 17:38:18.460 13842 13862 D DBReader: Extracting Feedlist
08-04 17:38:18.461 13842 14314 I art     : Starting a blocking GC Explicit
08-04 17:38:18.462 13842 13842 D UserPreferences: Using default data folder
08-04 17:38:18.463 13842 14417 D DBReader: getNavDrawerData() called with: 
08-04 17:38:18.466 13842 14417 D DBReader: getDownloadedItems() called
08-04 17:38:18.467 13842 14417 D DBReader: getFavoriteIDList() called
08-04 17:38:18.468 13842 14417 D DBReader: getQueueIDList() called
08-04 17:38:18.468 13842 14417 D DBReader: Extracting Feedlist
08-04 17:38:18.485 13842 14314 I art     : Explicit concurrent mark sweep GC freed 2982(173KB) AllocSpace objects, 1(20KB) LOS objects, 40% free, 23MB/39MB, paused 617us total 24.210ms
08-04 17:38:18.497 13842 14314 I art     : Starting a blocking GC Explicit
08-04 17:38:18.513 13842 13842 D MainActivity: getLastNavFragment() -> QueueFragment
08-04 17:38:18.519 13842 14314 I art     : Explicit concurrent mark sweep GC freed 549(28KB) AllocSpace objects, 0(0B) LOS objects, 40% free, 23MB/39MB, paused 504us total 22.244ms
08-04 17:38:18.529 13842 14314 I art     : Starting a blocking GC Explicit
08-04 17:38:18.553 13842 14314 I art     : Explicit concurrent mark sweep GC freed 1124(64KB) AllocSpace objects, 0(0B) LOS objects, 40% free, 23MB/39MB, paused 320us total 22.991ms
08-04 17:38:18.555 13866 13866 I GoogleInputMethodServic: GoogleInputMethodService.onFinishInput():3138 
08-04 17:38:18.555 13866 13866 I GoogleInputMethodServic: GoogleInputMethodService.onStartInput():1808 
08-04 17:38:18.563 13842 14314 I art     : Starting a blocking GC Explicit
08-04 17:38:18.587 13842 14314 I art     : Explicit concurrent mark sweep GC freed 775(45KB) AllocSpace objects, 0(0B) LOS objects, 40% free, 23MB/39MB, paused 310us total 23.947ms
08-04 17:38:18.597 13842 14314 I art     : Starting a blocking GC Explicit
08-04 17:38:18.618 13842 14314 I art     : Explicit concurrent mark sweep GC freed 17(1120B) AllocSpace objects, 0(0B) LOS objects, 40% free, 23MB/39MB, paused 285us total 20.884ms
08-04 17:38:18.822   380   380 W SurfaceFlinger: couldn't log to binary event log: overflow.
08-04 17:38:18.899 13842 13855 I art     : Starting a blocking GC Explicit
08-04 17:38:18.923 13842 13855 I art     : Explicit concurrent mark sweep GC freed 1906(105KB) AllocSpace objects, 1(20KB) LOS objects, 40% free, 23MB/39MB, paused 311us total 24.264ms
08-04 17:38:18.934 13842 13855 I art     : Starting a blocking GC Explicit
08-04 17:38:18.952 11375 11375 I ServiceManager: Waiting for service AtCmdFwd...
08-04 17:38:18.956 13842 13855 I art     : Explicit concurrent mark sweep GC freed 6244(390KB) AllocSpace objects, 11(308KB) LOS objects, 40% free, 22MB/38MB, paused 296us total 21.583ms
08-04 17:38:18.966 13842 13855 I art     : Starting a blocking GC Explicit
08-04 17:38:18.987 13842 13855 I art     : Explicit concurrent mark sweep GC freed 6(208B) AllocSpace objects, 0(0B) LOS objects, 40% free, 22MB/38MB, paused 304us total 20.673ms
08-04 17:38:18.997 13842 13855 I art     : Starting a blocking GC Explicit
08-04 17:38:19.019 13842 13855 I art     : Explicit concurrent mark sweep GC freed 3(96B) AllocSpace objects, 0(0B) LOS objects, 40% free, 22MB/38MB, paused 295us total 21.289ms
08-04 17:38:19.029 13842 13855 I art     : Starting a blocking GC Explicit
08-04 17:38:19.051 13842 13855 I art     : Explicit concurrent mark sweep GC freed 3(96B) AllocSpace objects, 0(0B) LOS objects, 40% free, 22MB/38MB, paused 308us total 21.324ms
08-04 17:38:19.349 13842 13867 I art     : Starting a blocking GC Explicit
08-04 17:38:19.379 13842 13867 I art     : Explicit concurrent mark sweep GC freed 1396(83KB) AllocSpace objects, 1(20KB) LOS objects, 40% free, 22MB/38MB, paused 355us total 29.495ms
08-04 17:38:19.392 13842 13867 I art     : Starting a blocking GC Explicit
08-04 17:38:19.416 13842 13867 I art     : Explicit concurrent mark sweep GC freed 23(752B) AllocSpace objects, 0(0B) LOS objects, 40% free, 22MB/38MB, paused 305us total 23.761ms
08-04 17:38:19.426 13842 13867 I art     : Starting a blocking GC Explicit
08-04 17:38:19.448 13842 13867 I art     : Explicit concurrent mark sweep GC freed 3(96B) AllocSpace objects, 0(0B) LOS objects, 40% free, 22MB/38MB, paused 285us total 21.297ms
08-04 17:38:19.458 13842 13867 I art     : Starting a blocking GC Explicit
08-04 17:38:19.479 13842 13867 I art     : Explicit concurrent mark sweep GC freed 3(96B) AllocSpace objects, 0(0B) LOS objects, 40% free, 22MB/38MB, paused 293us total 21.032ms
08-04 17:38:19.490 13842 13867 I art     : Starting a blocking GC Explicit
08-04 17:38:19.511 13842 13867 I art     : Explicit concurrent mark sweep GC freed 3(96B) AllocSpace objects, 0(0B) LOS objects, 40% free, 22MB/38MB, paused 296us total 21.371ms
08-04 17:38:19.784 13842 14314 I art     : Starting a blocking GC Explicit
08-04 17:38:19.806 13842 14314 I art     : Explicit concurrent mark sweep GC freed 1364(80KB) AllocSpace objects, 1(20KB) LOS objects, 40% free, 22MB/38MB, paused 295us total 21.517ms
08-04 17:38:19.816 13842 14314 I art     : Starting a blocking GC Explicit
08-04 17:38:19.838 13842 14314 I art     : Explicit concurrent mark sweep GC freed 23(752B) AllocSpace objects, 0(0B) LOS objects, 40% free, 22MB/38MB, paused 292us total 20.943ms
08-04 17:38:19.848 13842 14314 I art     : Starting a blocking GC Explicit
08-04 17:38:19.869 13842 14314 I art     : Explicit concurrent mark sweep GC freed 3(96B) AllocSpace objects, 0(0B) LOS objects, 40% free, 22MB/38MB, paused 271us total 21.089ms
08-04 17:38:19.879 13842 14314 I art     : Starting a blocking GC Explicit
08-04 17:38:19.901 13842 14314 I art     : Explicit concurrent mark sweep GC freed 3(96B) AllocSpace objects, 0(0B) LOS objects, 40% free, 22MB/38MB, paused 304us total 21.160ms
08-04 17:38:19.911 13842 14314 I art     : Starting a blocking GC Explicit
08-04 17:38:19.932 13842 14314 I art     : Explicit concurrent mark sweep GC freed 3(96B) AllocSpace objects, 0(0B) LOS objects, 40% free, 22MB/38MB, paused 284us total 20.279ms
08-04 17:38:19.953 11375 11375 I ServiceManager: Waiting for service AtCmdFwd...
08-04 17:38:20.214 14441 14441 D AndroidRuntime: >>>>>> START com.android.internal.os.RuntimeInit uid 2000 <<<<<<
08-04 17:38:20.221 13842 13854 I art     : Starting a blocking GC Explicit
08-04 17:38:20.221 14441 14441 D AndroidRuntime: CheckJNI is OFF
08-04 17:38:20.245 13842 13854 I art     : Explicit concurrent mark sweep GC freed 1393(81KB) AllocSpace objects, 1(20KB) LOS objects, 40% free, 22MB/38MB, paused 303us total 23.353ms
08-04 17:38:20.255 13842 13854 I art     : Starting a blocking GC Explicit
08-04 17:38:20.270 14441 14441 D ICU     : No timezone override file found: /data/misc/zoneinfo/current/icu/icu_tzdata.dat
08-04 17:38:20.276 13842 13854 I art     : Explicit concurrent mark sweep GC freed 23(752B) AllocSpace objects, 0(0B) LOS objects, 40% free, 22MB/38MB, paused 309us total 21.306ms
08-04 17:38:20.286 13842 13854 I art     : Starting a blocking GC Explicit
08-04 17:38:20.308 13842 13854 I art     : Explicit concurrent mark sweep GC freed 3(96B) AllocSpace objects, 0(0B) LOS objects, 40% free, 22MB/38MB, paused 290us total 21.440ms
08-04 17:38:20.316 14441 14441 I Radio-JNI: register_android_hardware_Radio DONE
08-04 17:38:20.318 13842 13854 I art     : Starting a blocking GC Explicit
08-04 17:38:20.340 13842 13854 I art     : Explicit concurrent mark sweep GC freed 3(96B) AllocSpace objects, 0(0B) LOS objects, 40% free, 22MB/38MB, paused 286us total 21.207ms
08-04 17:38:20.345 14441 14441 D AndroidRuntime: Calling main entry com.android.commands.input.Input
08-04 17:38:20.347 14441 14441 I Input   : injectMotionEvent: MotionEvent { action=ACTION_DOWN, actionButton=0, id[0]=0, x[0]=103.0, y[0]=192.0, toolType[0]=TOOL_TYPE_UNKNOWN, buttonState=0, metaState=0, flags=0x0, edgeFlags=0x0, pointerCount=1, historySize=0, eventTime=725916760, downTime=725916760, deviceId=0, source=0x1002 }
08-04 17:38:20.350 13842 13854 I art     : Starting a blocking GC Explicit
08-04 17:38:20.354 14441 14441 I Input   : injectMotionEvent: MotionEvent { action=ACTION_UP, actionButton=0, id[0]=0, x[0]=103.0, y[0]=192.0, toolType[0]=TOOL_TYPE_UNKNOWN, buttonState=0, metaState=0, flags=0x0, edgeFlags=0x0, pointerCount=1, historySize=0, eventTime=725916760, downTime=725916760, deviceId=0, source=0x1002 }
08-04 17:38:20.356 14441 14441 D AndroidRuntime: Shutting down VM
08-04 17:38:20.361   512  2967 D audio_hw_primary: out_set_parameters: enter: usecase(1: low-latency-playback) kvpairs: routing=2
08-04 17:38:20.372 13842 13854 I art     : Explicit concurrent mark sweep GC freed 27(864B) AllocSpace objects, 0(0B) LOS objects, 40% free, 22MB/38MB, paused 290us total 22.479ms
08-04 17:38:20.374   512  2967 D audio_hw_primary: select_devices: out_snd_device(2: speaker) in_snd_device(0: none)
08-04 17:38:20.374   512  2967 D msm8974_platform: platform_send_audio_calibration: sending audio calibration for snd_device(2) acdb_id(15)
08-04 17:38:20.374   512  2967 I soundtrigger: audio_extn_sound_trigger_update_device_status: device 0x2 of type 0 for Event 1
08-04 17:38:20.387   512  2967 D audio_hw_primary: enable_snd_device: snd_device(2: speaker)
08-04 17:38:20.389   512  2967 D audio_hw_primary: enable_audio_route: apply and update mixer path: low-latency-playback speaker
08-04 17:38:20.399 13866 13866 I GoogleInputMethodServic: GoogleInputMethodService.onFinishInput():3138 
08-04 17:38:20.399 13866 13866 I GoogleInputMethodServic: GoogleInputMethodService.onStartInput():1808 
08-04 17:38:20.517   518   646 I ThermalEngine: ACTION: GPU - Setting GPU[0] to 510000000
08-04 17:38:20.630 13842 13867 I art     : Starting a blocking GC Explicit
08-04 17:38:20.648 13842 13867 I art     : Explicit concurrent mark sweep GC freed 1832(104KB) AllocSpace objects, 1(20KB) LOS objects, 40% free, 22MB/38MB, paused 244us total 17.731ms
08-04 17:38:20.657 13842 13867 I art     : Starting a blocking GC Explicit
08-04 17:38:20.675 13842 13867 I art     : Explicit concurrent mark sweep GC freed 86(5KB) AllocSpace objects, 0(0B) LOS objects, 40% free, 22MB/38MB, paused 316us total 18.191ms
08-04 17:38:20.684 13842 13867 I art     : Starting a blocking GC Explicit
08-04 17:38:20.701 13842 13867 I art     : Explicit concurrent mark sweep GC freed 3(96B) AllocSpace objects, 0(0B) LOS objects, 40% free, 22MB/38MB, paused 225us total 16.691ms
08-04 17:38:20.709 13842 13867 I art     : Starting a blocking GC Explicit
08-04 17:38:20.725 13842 13867 I art     : Explicit concurrent mark sweep GC freed 9(288B) AllocSpace objects, 0(0B) LOS objects, 40% free, 22MB/38MB, paused 205us total 16.569ms
08-04 17:38:20.733 13842 13867 I art     : Starting a blocking GC Explicit
08-04 17:38:20.749 13842 13867 I art     : Explicit concurrent mark sweep GC freed 3(96B) AllocSpace objects, 0(0B) LOS objects, 40% free, 22MB/38MB, paused 210us total 15.709ms
08-04 17:38:20.928   512  2967 D audio_hw_primary: disable_audio_route: reset and update mixer path: low-latency-playback speaker
08-04 17:38:20.929   512  2967 D audio_hw_primary: disable_snd_device: snd_device(2: speaker)
08-04 17:38:20.938   512  2967 I soundtrigger: audio_extn_sound_trigger_update_device_status: device 0x2 of type 0 for Event 0
08-04 17:38:20.953 11375 11375 W Atfwd_Sendcmd: AtCmdFwd service not published, waiting... retryCnt : 2
08-04 17:38:21.022 13842 13867 I art     : Starting a blocking GC Explicit
08-04 17:38:21.027   918 13198 D NetlinkSocketObserver: NeighborEvent{elapsedMs=1709304901, 192.168.2.254, [7C3953A63323], RTM_NEWNEIGH, NUD_PROBE}
08-04 17:38:21.040 13842 13867 I art     : Explicit concurrent mark sweep GC freed 1367(81KB) AllocSpace objects, 1(20KB) LOS objects, 40% free, 22MB/38MB, paused 253us total 17.338ms
08-04 17:38:21.048 13842 13867 I art     : Starting a blocking GC Explicit
08-04 17:38:21.065 13842 13867 I art     : Explicit concurrent mark sweep GC freed 25(816B) AllocSpace objects, 0(0B) LOS objects, 40% free, 22MB/38MB, paused 221us total 16.660ms
08-04 17:38:21.073 13842 13867 I art     : Starting a blocking GC Explicit
08-04 17:38:21.090 13842 13867 I art     : Explicit concurrent mark sweep GC freed 5(160B) AllocSpace objects, 0(0B) LOS objects, 40% free, 22MB/38MB, paused 223us total 16.924ms
08-04 17:38:21.098 13842 13867 I art     : Starting a blocking GC Explicit
08-04 17:38:21.115 13842 13867 I art     : Explicit concurrent mark sweep GC freed 3(96B) AllocSpace objects, 0(0B) LOS objects, 40% free, 22MB/38MB, paused 232us total 16.846ms
08-04 17:38:21.124 13842 13867 I art     : Starting a blocking GC Explicit
08-04 17:38:21.141 13842 13867 I art     : Explicit concurrent mark sweep GC freed 3(96B) AllocSpace objects, 0(0B) LOS objects, 40% free, 22MB/38MB, paused 259us total 17.155ms
08-04 17:38:21.422 13842 14314 I art     : Starting a blocking GC Explicit
08-04 17:38:21.446 13842 14314 I art     : Explicit concurrent mark sweep GC freed 1392(82KB) AllocSpace objects, 1(20KB) LOS objects, 40% free, 22MB/38MB, paused 277us total 22.878ms
08-04 17:38:21.459 13842 14314 I art     : Starting a blocking GC Explicit
08-04 17:38:21.476 13842 14314 I art     : Explicit concurrent mark sweep GC freed 23(752B) AllocSpace objects, 0(0B) LOS objects, 40% free, 22MB/38MB, paused 210us total 16.655ms
08-04 17:38:21.484 13842 14314 I art     : Starting a blocking GC Explicit
08-04 17:38:21.501 13842 14314 I art     : Explicit concurrent mark sweep GC freed 3(96B) AllocSpace objects, 0(0B) LOS objects, 40% free, 22MB/38MB, paused 199us total 16.467ms
08-04 17:38:21.509 13842 14314 I art     : Starting a blocking GC Explicit
08-04 17:38:21.526 13842 14314 I art     : Explicit concurrent mark sweep GC freed 3(96B) AllocSpace objects, 0(0B) LOS objects, 40% free, 22MB/38MB, paused 209us total 17.026ms
08-04 17:38:21.534 13842 14314 I art     : Starting a blocking GC Explicit
08-04 17:38:21.551 13842 14314 I art     : Explicit concurrent mark sweep GC freed 3(96B) AllocSpace objects, 0(0B) LOS objects, 40% free, 22MB/38MB, paused 216us total 16.816ms
08-04 17:38:21.814 13842 13855 I art     : Starting a blocking GC Explicit
08-04 17:38:21.831 13842 13855 I art     : Explicit concurrent mark sweep GC freed 1362(80KB) AllocSpace objects, 1(20KB) LOS objects, 40% free, 22MB/38MB, paused 288us total 17.360ms
08-04 17:38:21.840 13842 13855 I art     : Starting a blocking GC Explicit
08-04 17:38:21.856 13842 13855 I art     : Explicit concurrent mark sweep GC freed 23(752B) AllocSpace objects, 0(0B) LOS objects, 40% free, 22MB/38MB, paused 240us total 16.700ms
08-04 17:38:21.864 13842 13855 I art     : Starting a blocking GC Explicit
08-04 17:38:21.880 13842 13855 I art     : Explicit concurrent mark sweep GC freed 3(96B) AllocSpace objects, 0(0B) LOS objects, 40% free, 22MB/38MB, paused 223us total 16.168ms
08-04 17:38:21.888 13842 13855 I art     : Starting a blocking GC Explicit
08-04 17:38:21.905 13842 13855 I art     : Explicit concurrent mark sweep GC freed 3(96B) AllocSpace objects, 0(0B) LOS objects, 40% free, 22MB/38MB, paused 216us total 16.450ms
08-04 17:38:21.913 13842 13855 I art     : Starting a blocking GC Explicit
08-04 17:38:21.929 13842 13855 I art     : Explicit concurrent mark sweep GC freed 3(96B) AllocSpace objects, 0(0B) LOS objects, 40% free, 22MB/38MB, paused 279us total 16.398ms
08-04 17:38:22.005 14503 14503 D AndroidRuntime: >>>>>> START com.android.internal.os.RuntimeInit uid 2000 <<<<<<
08-04 17:38:22.012 14503 14503 D AndroidRuntime: CheckJNI is OFF
08-04 17:38:22.046 14503 14503 D ICU     : No timezone override file found: /data/misc/zoneinfo/current/icu/icu_tzdata.dat
08-04 17:38:22.078 14503 14503 I Radio-JNI: register_android_hardware_Radio DONE
08-04 17:38:22.099 14503 14503 D AndroidRuntime: Calling main entry com.android.commands.input.Input
08-04 17:38:22.101 14503 14503 I Input   : injectMotionEvent: MotionEvent { action=ACTION_DOWN, actionButton=0, id[0]=0, x[0]=409.0, y[0]=1034.0, toolType[0]=TOOL_TYPE_UNKNOWN, buttonState=0, metaState=0, flags=0x0, edgeFlags=0x0, pointerCount=1, historySize=0, eventTime=725918514, downTime=725918514, deviceId=0, source=0x1002 }
08-04 17:38:22.107 14503 14503 I Input   : injectMotionEvent: MotionEvent { action=ACTION_UP, actionButton=0, id[0]=0, x[0]=409.0, y[0]=1034.0, toolType[0]=TOOL_TYPE_UNKNOWN, buttonState=0, metaState=0, flags=0x0, edgeFlags=0x0, pointerCount=1, historySize=0, eventTime=725918514, downTime=725918514, deviceId=0, source=0x1002 }
08-04 17:38:22.111 14503 14503 D AndroidRuntime: Shutting down VM
08-04 17:38:22.176 13842 13842 D MainActivity: loadFragment(index: 5, args: null)
08-04 17:38:22.176 13842 13842 D MainActivity: loadFragment(tag: AddFeedFragment, args: null)
08-04 17:38:22.177 13842 13842 D MainActivity: saveLastNavFragment(tag: AddFeedFragment)
08-04 17:38:22.178   512  2967 D audio_hw_primary: out_set_parameters: enter: usecase(1: low-latency-playback) kvpairs: routing=2
08-04 17:38:22.178 13842 13842 D MainActivity: getLastNavFragment() -> AddFeedFragment
08-04 17:38:22.190   512  2967 D audio_hw_primary: select_devices: out_snd_device(2: speaker) in_snd_device(0: none)
08-04 17:38:22.191   512  2967 D msm8974_platform: platform_send_audio_calibration: sending audio calibration for snd_device(2) acdb_id(15)
08-04 17:38:22.191   512  2967 I soundtrigger: audio_extn_sound_trigger_update_device_status: device 0x2 of type 0 for Event 1
08-04 17:38:22.195 13842 13855 I art     : Starting a blocking GC Explicit
08-04 17:38:22.200   512  2967 D audio_hw_primary: enable_snd_device: snd_device(2: speaker)
08-04 17:38:22.202   512  2967 D audio_hw_primary: enable_audio_route: apply and update mixer path: low-latency-playback speaker
08-04 17:38:22.213 13842 13855 I art     : Explicit concurrent mark sweep GC freed 2840(173KB) AllocSpace objects, 2(40KB) LOS objects, 40% free, 22MB/38MB, paused 552us total 18.392ms
08-04 17:38:22.221 13842 13855 I art     : Starting a blocking GC Explicit
08-04 17:38:22.241 13842 13855 I art     : Explicit concurrent mark sweep GC freed 790(44KB) AllocSpace objects, 0(0B) LOS objects, 40% free, 23MB/38MB, paused 574us total 19.843ms
08-04 17:38:22.250 13842 13855 I art     : Starting a blocking GC Explicit
08-04 17:38:22.267 13842 13855 I art     : Explicit concurrent mark sweep GC freed 800(47KB) AllocSpace objects, 2(56KB) LOS objects, 40% free, 22MB/38MB, paused 244us total 16.434ms
08-04 17:38:22.274 13842 13855 I art     : Starting a blocking GC Explicit
08-04 17:38:22.290 13842 13855 I art     : Explicit concurrent mark sweep GC freed 439(25KB) AllocSpace objects, 0(0B) LOS objects, 40% free, 22MB/38MB, paused 222us total 15.117ms
08-04 17:38:22.297 13842 13855 I art     : Starting a blocking GC Explicit
08-04 17:38:22.313 13842 13855 I art     : Explicit concurrent mark sweep GC freed 3(96B) AllocSpace objects, 0(0B) LOS objects, 40% free, 22MB/38MB, paused 202us total 15.026ms
08-04 17:38:22.558 13842 13855 I art     : Starting a blocking GC Explicit
08-04 17:38:22.575 13842 13855 I art     : Explicit concurrent mark sweep GC freed 1410(82KB) AllocSpace objects, 1(20KB) LOS objects, 40% free, 22MB/38MB, paused 206us total 17.078ms
08-04 17:38:22.583 13842 13855 I art     : Starting a blocking GC Explicit
08-04 17:38:22.600 13842 13855 I art     : Explicit concurrent mark sweep GC freed 66(2192B) AllocSpace objects, 0(0B) LOS objects, 40% free, 22MB/38MB, paused 286us total 16.747ms
08-04 17:38:22.608 13842 13855 I art     : Starting a blocking GC Explicit
08-04 17:38:22.614 13866 13866 I GoogleInputMethodServic: GoogleInputMethodService.onFinishInput():3138 
08-04 17:38:22.615 13866 13866 I GoogleInputMethodServic: GoogleInputMethodService.onStartInput():1808 
08-04 17:38:22.626 13842 13855 I art     : Explicit concurrent mark sweep GC freed 105(4KB) AllocSpace objects, 0(0B) LOS objects, 40% free, 22MB/38MB, paused 241us total 17.339ms
08-04 17:38:22.634 13842 13855 I art     : Starting a blocking GC Explicit
08-04 17:38:22.648 13842 13855 I art     : Explicit concurrent mark sweep GC freed 87(5KB) AllocSpace objects, 0(0B) LOS objects, 40% free, 22MB/38MB, paused 204us total 14.384ms
08-04 17:38:22.656 13842 13855 I art     : Starting a blocking GC Explicit
08-04 17:38:22.671 13842 13855 I art     : Explicit concurrent mark sweep GC freed 3(96B) AllocSpace objects, 0(0B) LOS objects, 40% free, 22MB/38MB, paused 204us total 14.568ms
08-04 17:38:22.738   512  2967 D audio_hw_primary: disable_audio_route: reset and update mixer path: low-latency-playback speaker
08-04 17:38:22.739   512  2967 D audio_hw_primary: disable_snd_device: snd_device(2: speaker)
08-04 17:38:22.748   512  2967 I soundtrigger: audio_extn_sound_trigger_update_device_status: device 0x2 of type 0 for Event 0
08-04 17:38:22.944 13842 13854 I art     : Starting a blocking GC Explicit
08-04 17:38:22.964 13842 13854 I art     : Explicit concurrent mark sweep GC freed 1362(80KB) AllocSpace objects, 1(20KB) LOS objects, 40% free, 22MB/38MB, paused 202us total 18.715ms
08-04 17:38:22.972 13842 13854 I art     : Starting a blocking GC Explicit
08-04 17:38:22.990 13842 13854 I art     : Explicit concurrent mark sweep GC freed 25(816B) AllocSpace objects, 0(0B) LOS objects, 40% free, 22MB/38MB, paused 272us total 17.182ms
08-04 17:38:23.000 13842 13854 I art     : Starting a blocking GC Explicit
08-04 17:38:23.018 13842 13854 I art     : Explicit concurrent mark sweep GC freed 3(96B) AllocSpace objects, 0(0B) LOS objects, 40% free, 22MB/38MB, paused 220us total 17.702ms
08-04 17:38:23.027 13842 13854 I art     : Starting a blocking GC Explicit
08-04 17:38:23.043 13842 13854 I art     : Explicit concurrent mark sweep GC freed 5(160B) AllocSpace objects, 0(0B) LOS objects, 40% free, 22MB/38MB, paused 199us total 16.215ms
08-04 17:38:23.051 13842 13854 I art     : Starting a blocking GC Explicit
08-04 17:38:23.068 13842 13854 I art     : Explicit concurrent mark sweep GC freed 3(96B) AllocSpace objects, 0(0B) LOS objects, 40% free, 22MB/38MB, paused 193us total 16.161ms
08-04 17:38:23.359 13842 14314 I art     : Starting a blocking GC Explicit
08-04 17:38:23.376 13842 14314 I art     : Explicit concurrent mark sweep GC freed 1391(80KB) AllocSpace objects, 1(20KB) LOS objects, 40% free, 22MB/38MB, paused 230us total 17.464ms
08-04 17:38:23.384 13842 14314 I art     : Starting a blocking GC Explicit
08-04 17:38:23.401 13842 14314 I art     : Explicit concurrent mark sweep GC freed 23(752B) AllocSpace objects, 0(0B) LOS objects, 40% free, 22MB/38MB, paused 213us total 16.402ms
08-04 17:38:23.409 13842 14314 I art     : Starting a blocking GC Explicit
08-04 17:38:23.425 13842 14314 I art     : Explicit concurrent mark sweep GC freed 3(96B) AllocSpace objects, 0(0B) LOS objects, 40% free, 22MB/38MB, paused 202us total 16.053ms
08-04 17:38:23.433 13842 14314 I art     : Starting a blocking GC Explicit
08-04 17:38:23.449 13842 14314 I art     : Explicit concurrent mark sweep GC freed 3(96B) AllocSpace objects, 0(0B) LOS objects, 40% free, 22MB/38MB, paused 236us total 16.003ms
08-04 17:38:23.457 13842 14314 I art     : Starting a blocking GC Explicit
08-04 17:38:23.473 13842 14314 I art     : Explicit concurrent mark sweep GC freed 3(96B) AllocSpace objects, 0(0B) LOS objects, 40% free, 22MB/38MB, paused 204us total 16.473ms
08-04 17:38:23.524   518   646 I ThermalEngine: ACTION: GPU - Setting GPU[0] to 450000000
08-04 17:38:23.746 13842 13854 I art     : Starting a blocking GC Explicit
08-04 17:38:23.770 13842 13854 I art     : Explicit concurrent mark sweep GC freed 1362(80KB) AllocSpace objects, 1(20KB) LOS objects, 40% free, 22MB/38MB, paused 327us total 23.268ms
08-04 17:38:23.783 13842 13854 I art     : Starting a blocking GC Explicit
08-04 17:38:23.807 13842 13854 I art     : Explicit concurrent mark sweep GC freed 23(752B) AllocSpace objects, 0(0B) LOS objects, 40% free, 22MB/38MB, paused 298us total 22.978ms
08-04 17:38:23.817 13842 13854 I art     : Starting a blocking GC Explicit
08-04 17:38:23.839 13842 13854 I art     : Explicit concurrent mark sweep GC freed 4(128B) AllocSpace objects, 0(0B) LOS objects, 40% free, 22MB/38MB, paused 291us total 21.383ms
08-04 17:38:23.850 13842 13854 I art     : Starting a blocking GC Explicit
08-04 17:38:23.869 14566 14566 D AndroidRuntime: >>>>>> START com.android.internal.os.RuntimeInit uid 2000 <<<<<<
08-04 17:38:23.871 13842 13854 I art     : Explicit concurrent mark sweep GC freed 7(224B) AllocSpace objects, 0(0B) LOS objects, 40% free, 22MB/38MB, paused 320us total 21.377ms
08-04 17:38:23.876 14566 14566 D AndroidRuntime: CheckJNI is OFF
08-04 17:38:23.882 13842 13854 I art     : Starting a blocking GC Explicit
08-04 17:38:23.903 13842 13854 I art     : Explicit concurrent mark sweep GC freed 8(256B) AllocSpace objects, 0(0B) LOS objects, 40% free, 22MB/38MB, paused 285us total 20.356ms
08-04 17:38:23.920 14566 14566 D ICU     : No timezone override file found: /data/misc/zoneinfo/current/icu/icu_tzdata.dat
08-04 17:38:23.960 14566 14566 I Radio-JNI: register_android_hardware_Radio DONE
08-04 17:38:23.987 14566 14566 D AndroidRuntime: Calling main entry com.android.commands.input.Input
08-04 17:38:23.990 14566 14566 I Input   : injectMotionEvent: MotionEvent { action=ACTION_DOWN, actionButton=0, id[0]=0, x[0]=567.0, y[0]=714.0, toolType[0]=TOOL_TYPE_UNKNOWN, buttonState=0, metaState=0, flags=0x0, edgeFlags=0x0, pointerCount=1, historySize=0, eventTime=725920403, downTime=725920403, deviceId=0, source=0x1002 }
08-04 17:38:23.997 14566 14566 I Input   : injectMotionEvent: MotionEvent { action=ACTION_UP, actionButton=0, id[0]=0, x[0]=567.0, y[0]=714.0, toolType[0]=TOOL_TYPE_UNKNOWN, buttonState=0, metaState=0, flags=0x0, edgeFlags=0x0, pointerCount=1, historySize=0, eventTime=725920403, downTime=725920403, deviceId=0, source=0x1002 }
08-04 17:38:24.000 14566 14566 D AndroidRuntime: Shutting down VM
08-04 17:38:24.017   512  2967 D audio_hw_primary: out_set_parameters: enter: usecase(1: low-latency-playback) kvpairs: routing=2
08-04 17:38:24.030   512  2967 D audio_hw_primary: select_devices: out_snd_device(2: speaker) in_snd_device(0: none)
08-04 17:38:24.030   512  2967 D msm8974_platform: platform_send_audio_calibration: sending audio calibration for snd_device(2) acdb_id(15)
08-04 17:38:24.030   512  2967 I soundtrigger: audio_extn_sound_trigger_update_device_status: device 0x2 of type 0 for Event 1
08-04 17:38:24.040   512  2967 D audio_hw_primary: enable_snd_device: snd_device(2: speaker)
08-04 17:38:24.040 13842 14418 D AntennapodHttpClient: Creating new instance of HTTP client
08-04 17:38:24.043   512  2967 D audio_hw_primary: enable_audio_route: apply and update mixer path: low-latency-playback speaker
08-04 17:38:24.053 13866 13866 I GoogleInputMethodServic: GoogleInputMethodService.onFinishInput():3138 
08-04 17:38:24.057 13866 13866 I GoogleInputMethodServic: GoogleInputMethodService.onStartInput():1808 
08-04 17:38:24.179 13842 13855 I art     : Starting a blocking GC Explicit
08-04 17:38:24.209 13842 13855 I art     : Explicit concurrent mark sweep GC freed 4660(301KB) AllocSpace objects, 1(20KB) LOS objects, 40% free, 23MB/39MB, paused 427us total 30.246ms
08-04 17:38:24.220 13842 13855 I art     : Starting a blocking GC Explicit
08-04 17:38:24.243 13842 13855 I art     : Explicit concurrent mark sweep GC freed 1705(85KB) AllocSpace objects, 1(220KB) LOS objects, 40% free, 23MB/38MB, paused 364us total 22.214ms
08-04 17:38:24.253 13842 13855 I art     : Starting a blocking GC Explicit
08-04 17:38:24.274 13842 13855 I art     : Explicit concurrent mark sweep GC freed 13(480B) AllocSpace objects, 0(0B) LOS objects, 40% free, 23MB/38MB, paused 346us total 21.510ms
08-04 17:38:24.284 13842 13855 I art     : Starting a blocking GC Explicit
08-04 17:38:24.307 13842 13855 I art     : Explicit concurrent mark sweep GC freed 1151(80KB) AllocSpace objects, 2(120KB) LOS objects, 40% free, 23MB/39MB, paused 630us total 22.043ms
08-04 17:38:24.317 13842 13855 I art     : Starting a blocking GC Explicit
08-04 17:38:24.340 13842 13855 I art     : Explicit concurrent mark sweep GC freed 6742(388KB) AllocSpace objects, 1(80KB) LOS objects, 40% free, 23MB/39MB, paused 1.135ms total 23.601ms
08-04 17:38:24.491 13842 14418 I NAPPA_EXPERIMENTATION: MetricNetworkRequestExecutionTime: REQUEST_DURATION_SYSTEM='428',REQUEST_DURATION_OKHTTP='148',REQUEST_SYNCHRONOUS='TRUE',RESPONSE_CODE='400',RESPONSE_METHOD='GET',RESPONSE_LENGTH_OKHTTP='0',RESPONSE_LENGTH_HEADER='0',REQUEST_PROTOCOL='h2',REQUEST_URL='https://itunes.apple.com/en/rss/toppodcasts/limit=25/explicit=true/json',
08-04 17:38:24.589   512  2967 D audio_hw_primary: disable_audio_route: reset and update mixer path: low-latency-playback speaker
08-04 17:38:24.591   512  2967 D audio_hw_primary: disable_snd_device: snd_device(2: speaker)
08-04 17:38:24.599   512  2967 I soundtrigger: audio_extn_sound_trigger_update_device_status: device 0x2 of type 0 for Event 0
08-04 17:38:24.612 13842 14314 I art     : Starting a blocking GC Explicit
08-04 17:38:24.627 13842 14418 I NAPPA_EXPERIMENTATION: MetricNetworkRequestExecutionTime: REQUEST_DURATION_SYSTEM='135',REQUEST_DURATION_OKHTTP='133',REQUEST_SYNCHRONOUS='TRUE',RESPONSE_CODE='200',RESPONSE_METHOD='GET',RESPONSE_LENGTH_OKHTTP='-1',RESPONSE_LENGTH_HEADER='10075',REQUEST_PROTOCOL='h2',REQUEST_URL='https://itunes.apple.com/us/rss/toppodcasts/limit=25/explicit=true/json',
08-04 17:38:24.637 13842 14314 I art     : Explicit concurrent mark sweep GC freed 2464(158KB) AllocSpace objects, 1(20KB) LOS objects, 40% free, 23MB/39MB, paused 410us total 24.824ms
08-04 17:38:24.648 13842 14314 I art     : Starting a blocking GC Explicit
08-04 17:38:24.674 13842 14314 I art     : Explicit concurrent mark sweep GC freed 2369(160KB) AllocSpace objects, 3(252KB) LOS objects, 40% free, 23MB/39MB, paused 381us total 25.501ms
08-04 17:38:24.685 13842 14314 I art     : Starting a blocking GC Explicit
08-04 17:38:24.712 13842 14314 I art     : Explicit concurrent mark sweep GC freed 6072(282KB) AllocSpace objects, 1(100KB) LOS objects, 40% free, 23MB/39MB, paused 2.853ms total 26.901ms
08-04 17:38:24.717 13842 13842 D AntennapodHttpClient: Creating new instance of HTTP client
08-04 17:38:24.723 13842 14314 I art     : Starting a blocking GC Explicit
08-04 17:38:24.736 13842 14615 D ApOkHttpUrlLoader: buildLoadData() called with: model = [https://is4-ssl.mzstatic.com/image/thumb/Podcasts114/v4/3f/16/74/3f167426-bf50-ce3a-d709-e4301620fc5b/mza_5832671293059882550.jpeg/170x170bb.png], width = [224], height = [224]
08-04 17:38:24.742 13842 14616 D DBReader: getImageAuthentication() called with: imageUrl = [https://is4-ssl.mzstatic.com/image/thumb/Podcasts114/v4/3f/16/74/3f167426-bf50-ce3a-d709-e4301620fc5b/mza_5832671293059882550.jpeg/170x170bb.png]
08-04 17:38:24.744 13842 14616 D ApOkHttpUrlLoader: no credentials for 'https://is4-ssl.mzstatic.com/image/thumb/Podcasts114/v4/3f/16/74/3f167426-bf50-ce3a-d709-e4301620fc5b/mza_5832671293059882550.jpeg/170x170bb.png'
08-04 17:38:24.746 13842 14617 D ApOkHttpUrlLoader: buildLoadData() called with: model = [https://is4-ssl.mzstatic.com/image/thumb/Podcasts113/v4/e5/8a/10/e58a108f-f5d0-f622-c94a-13f66edd570c/mza_3025981348644196724.jpg/170x170bb.png], width = [224], height = [224]
08-04 17:38:24.748 13842 14618 D DBReader: getImageAuthentication() called with: imageUrl = [https://is4-ssl.mzstatic.com/image/thumb/Podcasts113/v4/e5/8a/10/e58a108f-f5d0-f622-c94a-13f66edd570c/mza_3025981348644196724.jpg/170x170bb.png]
08-04 17:38:24.751 13842 14618 D ApOkHttpUrlLoader: no credentials for 'https://is4-ssl.mzstatic.com/image/thumb/Podcasts113/v4/e5/8a/10/e58a108f-f5d0-f622-c94a-13f66edd570c/mza_3025981348644196724.jpg/170x170bb.png'
08-04 17:38:24.751 13842 14314 I art     : Explicit concurrent mark sweep GC freed 1787(153KB) AllocSpace objects, 0(0B) LOS objects, 39% free, 24MB/40MB, paused 1.162ms total 28.207ms
08-04 17:38:24.752 13842 14619 D ApOkHttpUrlLoader: buildLoadData() called with: model = [https://is2-ssl.mzstatic.com/image/thumb/Podcasts113/v4/a9/39/cc/a939ccc5-6d60-0c11-0a4c-16d71cdef89b/mza_8787577209688278658.jpg/170x170bb.png], width = [224], height = [224]
08-04 17:38:24.754 13842 14620 D DBReader: getImageAuthentication() called with: imageUrl = [https://is2-ssl.mzstatic.com/image/thumb/Podcasts113/v4/a9/39/cc/a939ccc5-6d60-0c11-0a4c-16d71cdef89b/mza_8787577209688278658.jpg/170x170bb.png]
08-04 17:38:24.756 13842 14620 D ApOkHttpUrlLoader: no credentials for 'https://is2-ssl.mzstatic.com/image/thumb/Podcasts113/v4/a9/39/cc/a939ccc5-6d60-0c11-0a4c-16d71cdef89b/mza_8787577209688278658.jpg/170x170bb.png'
08-04 17:38:24.758 13842 14621 D ApOkHttpUrlLoader: buildLoadData() called with: model = [https://is5-ssl.mzstatic.com/image/thumb/Podcasts114/v4/93/cf/99/93cf9960-fff3-205e-6655-72c03ddeccb2/mza_10545582232493904175.jpeg/170x170bb.png], width = [224], height = [224]
08-04 17:38:24.760 13842 14622 D DBReader: getImageAuthentication() called with: imageUrl = [https://is5-ssl.mzstatic.com/image/thumb/Podcasts114/v4/93/cf/99/93cf9960-fff3-205e-6655-72c03ddeccb2/mza_10545582232493904175.jpeg/170x170bb.png]
08-04 17:38:24.761 13842 14615 D ApOkHttpUrlLoader: buildLoadData() called with: model = [https://is4-ssl.mzstatic.com/image/thumb/Podcasts124/v4/49/a4/91/49a491b7-3daf-c5dc-d7c6-6c4f1486955c/mza_5930014091766152297.png/170x170bb.png], width = [224], height = [224]
08-04 17:38:24.761 13842 14622 D ApOkHttpUrlLoader: no credentials for 'https://is5-ssl.mzstatic.com/image/thumb/Podcasts114/v4/93/cf/99/93cf9960-fff3-205e-6655-72c03ddeccb2/mza_10545582232493904175.jpeg/170x170bb.png'
08-04 17:38:24.763 13842 14623 D DBReader: getImageAuthentication() called with: imageUrl = [https://is4-ssl.mzstatic.com/image/thumb/Podcasts124/v4/49/a4/91/49a491b7-3daf-c5dc-d7c6-6c4f1486955c/mza_5930014091766152297.png/170x170bb.png]
08-04 17:38:24.764 13842 14314 I art     : Starting a blocking GC Explicit
08-04 17:38:24.766 13842 14623 D ApOkHttpUrlLoader: no credentials for 'https://is4-ssl.mzstatic.com/image/thumb/Podcasts124/v4/49/a4/91/49a491b7-3daf-c5dc-d7c6-6c4f1486955c/mza_5930014091766152297.png/170x170bb.png'
08-04 17:38:24.766 13842 14617 D ApOkHttpUrlLoader: buildLoadData() called with: model = [https://is5-ssl.mzstatic.com/image/thumb/Podcasts113/v4/fd/54/6e/fd546ea0-7ab2-e3f0-6049-884d82917af9/mza_4855349695799758348.jpeg/170x170bb.png], width = [224], height = [224]
08-04 17:38:24.768 13842 14624 D DBReader: getImageAuthentication() called with: imageUrl = [https://is5-ssl.mzstatic.com/image/thumb/Podcasts113/v4/fd/54/6e/fd546ea0-7ab2-e3f0-6049-884d82917af9/mza_4855349695799758348.jpeg/170x170bb.png]
08-04 17:38:24.769 13842 14624 D ApOkHttpUrlLoader: no credentials for 'https://is5-ssl.mzstatic.com/image/thumb/Podcasts113/v4/fd/54/6e/fd546ea0-7ab2-e3f0-6049-884d82917af9/mza_4855349695799758348.jpeg/170x170bb.png'
08-04 17:38:24.770 13842 14619 D ApOkHttpUrlLoader: buildLoadData() called with: model = [https://is2-ssl.mzstatic.com/image/thumb/Podcasts114/v4/b3/4c/cf/b34ccfc2-cea4-1ca1-0fad-7793af301cc5/mza_2466085192629456364.jpg/170x170bb.png], width = [224], height = [224]
08-04 17:38:24.771 13842 14625 D DBReader: getImageAuthentication() called with: imageUrl = [https://is2-ssl.mzstatic.com/image/thumb/Podcasts114/v4/b3/4c/cf/b34ccfc2-cea4-1ca1-0fad-7793af301cc5/mza_2466085192629456364.jpg/170x170bb.png]
08-04 17:38:24.773 13842 14625 D ApOkHttpUrlLoader: no credentials for 'https://is2-ssl.mzstatic.com/image/thumb/Podcasts114/v4/b3/4c/cf/b34ccfc2-cea4-1ca1-0fad-7793af301cc5/mza_2466085192629456364.jpg/170x170bb.png'
08-04 17:38:24.791 13842 14314 I art     : Explicit concurrent mark sweep GC freed 2002(165KB) AllocSpace objects, 0(0B) LOS objects, 39% free, 24MB/40MB, paused 1.070ms total 26.679ms
08-04 17:38:25.078 13842 13855 I art     : Starting a blocking GC Explicit
08-04 17:38:25.090 13842 14618 D MYTAG   : interceptor 2a
08-04 17:38:25.091 13842 14618 I NAPPA_EXPERIMENTATION: MetricNetworkRequestExecutionTime: REQUEST_DURATION_SYSTEM='339',REQUEST_DURATION_OKHTTP='166',REQUEST_SYNCHRONOUS='TRUE',RESPONSE_CODE='200',RESPONSE_METHOD='GET',RESPONSE_LENGTH_OKHTTP='45995',RESPONSE_LENGTH_HEADER='45995',REQUEST_PROTOCOL='h2',REQUEST_URL='https://is4-ssl.mzstatic.com/image/thumb/Podcasts113/v4/e5/8a/10/e58a108f-f5d0-f622-c94a-13f66edd570c/mza_3025981348644196724.jpg/170x170bb.png',
08-04 17:38:25.121 13842 13855 I art     : Explicit concurrent mark sweep GC freed 29990(1469KB) AllocSpace objects, 4(220KB) LOS objects, 39% free, 24MB/40MB, paused 1.259ms total 43.226ms
08-04 17:38:25.127 13842 14616 D MYTAG   : interceptor 2a
08-04 17:38:25.127 13842 14616 I NAPPA_EXPERIMENTATION: MetricNetworkRequestExecutionTime: REQUEST_DURATION_SYSTEM='383',REQUEST_DURATION_OKHTTP='171',REQUEST_SYNCHRONOUS='TRUE',RESPONSE_CODE='200',RESPONSE_METHOD='GET',RESPONSE_LENGTH_OKHTTP='26177',RESPONSE_LENGTH_HEADER='26177',REQUEST_PROTOCOL='h2',REQUEST_URL='https://is4-ssl.mzstatic.com/image/thumb/Podcasts114/v4/3f/16/74/3f167426-bf50-ce3a-d709-e4301620fc5b/mza_5832671293059882550.jpeg/170x170bb.png',
08-04 17:38:25.132 13842 14620 D MYTAG   : interceptor 2a
08-04 17:38:25.132 13842 14620 I NAPPA_EXPERIMENTATION: MetricNetworkRequestExecutionTime: REQUEST_DURATION_SYSTEM='375',REQUEST_DURATION_OKHTTP='184',REQUEST_SYNCHRONOUS='TRUE',RESPONSE_CODE='200',RESPONSE_METHOD='GET',RESPONSE_LENGTH_OKHTTP='48239',RESPONSE_LENGTH_HEADER='48239',REQUEST_PROTOCOL='h2',REQUEST_URL='https://is2-ssl.mzstatic.com/image/thumb/Podcasts113/v4/a9/39/cc/a939ccc5-6d60-0c11-0a4c-16d71cdef89b/mza_8787577209688278658.jpg/170x170bb.png',
08-04 17:38:25.133 13842 13855 I art     : Starting a blocking GC Explicit
08-04 17:38:25.161 13842 13855 I art     : Explicit concurrent mark sweep GC freed 2304(192KB) AllocSpace objects, 0(0B) LOS objects, 38% free, 25MB/41MB, paused 963us total 27.907ms
08-04 17:38:25.171 13842 13855 I art     : Starting a blocking GC Explicit
08-04 17:38:25.177 13842 14625 D MYTAG   : interceptor 2a
08-04 17:38:25.177 13842 14625 I NAPPA_EXPERIMENTATION: MetricNetworkRequestExecutionTime: REQUEST_DURATION_SYSTEM='404',REQUEST_DURATION_OKHTTP='205',REQUEST_SYNCHRONOUS='TRUE',RESPONSE_CODE='200',RESPONSE_METHOD='GET',RESPONSE_LENGTH_OKHTTP='42299',RESPONSE_LENGTH_HEADER='42299',REQUEST_PROTOCOL='h2',REQUEST_URL='https://is2-ssl.mzstatic.com/image/thumb/Podcasts114/v4/b3/4c/cf/b34ccfc2-cea4-1ca1-0fad-7793af301cc5/mza_2466085192629456364.jpg/170x170bb.png',
08-04 17:38:25.179 13842 14624 D MYTAG   : interceptor 2a
08-04 17:38:25.179 13842 14624 I NAPPA_EXPERIMENTATION: MetricNetworkRequestExecutionTime: REQUEST_DURATION_SYSTEM='410',REQUEST_DURATION_OKHTTP='207',REQUEST_SYNCHRONOUS='TRUE',RESPONSE_CODE='200',RESPONSE_METHOD='GET',RESPONSE_LENGTH_OKHTTP='54835',RESPONSE_LENGTH_HEADER='54835',REQUEST_PROTOCOL='h2',REQUEST_URL='https://is5-ssl.mzstatic.com/image/thumb/Podcasts113/v4/fd/54/6e/fd546ea0-7ab2-e3f0-6049-884d82917af9/mza_4855349695799758348.jpeg/170x170bb.png',
08-04 17:38:25.196 13842 14623 D MYTAG   : interceptor 2a
08-04 17:38:25.198 13842 14623 I NAPPA_EXPERIMENTATION: MetricNetworkRequestExecutionTime: REQUEST_DURATION_SYSTEM='430',REQUEST_DURATION_OKHTTP='226',REQUEST_SYNCHRONOUS='TRUE',RESPONSE_CODE='200',RESPONSE_METHOD='GET',RESPONSE_LENGTH_OKHTTP='12000',RESPONSE_LENGTH_HEADER='12000',REQUEST_PROTOCOL='h2',REQUEST_URL='https://is4-ssl.mzstatic.com/image/thumb/Podcasts124/v4/49/a4/91/49a491b7-3daf-c5dc-d7c6-6c4f1486955c/mza_5930014091766152297.png/170x170bb.png',
08-04 17:38:25.198 13842 13855 I art     : Explicit concurrent mark sweep GC freed 985(62KB) AllocSpace objects, 0(0B) LOS objects, 38% free, 25MB/41MB, paused 1.392ms total 26.741ms
08-04 17:38:25.208 13842 14622 D MYTAG   : interceptor 2a
08-04 17:38:25.208 13842 14622 I NAPPA_EXPERIMENTATION: MetricNetworkRequestExecutionTime: REQUEST_DURATION_SYSTEM='446',REQUEST_DURATION_OKHTTP='239',REQUEST_SYNCHRONOUS='TRUE',RESPONSE_CODE='200',RESPONSE_METHOD='GET',RESPONSE_LENGTH_OKHTTP='22351',RESPONSE_LENGTH_HEADER='22351',REQUEST_PROTOCOL='h2',REQUEST_URL='https://is5-ssl.mzstatic.com/image/thumb/Podcasts114/v4/93/cf/99/93cf9960-fff3-205e-6655-72c03ddeccb2/mza_10545582232493904175.jpeg/170x170bb.png',
08-04 17:38:25.209 13842 13855 I art     : Starting a blocking GC Explicit
08-04 17:38:25.236 13842 13855 I art     : Explicit concurrent mark sweep GC freed 916(53KB) AllocSpace objects, 0(0B) LOS objects, 38% free, 25MB/41MB, paused 734us total 26.743ms
08-04 17:38:25.247 13842 13855 I art     : Starting a blocking GC Explicit
08-04 17:38:25.272 13842 13855 I art     : Explicit concurrent mark sweep GC freed 473(19KB) AllocSpace objects, 0(0B) LOS objects, 38% free, 25MB/41MB, paused 674us total 25.110ms
08-04 17:38:25.477   918  3261 D WifiStateMachine: starting scan for "H369AA63323"WPA_PSK with 2412,5180
08-04 17:38:25.564 13842 13867 I art     : Starting a blocking GC Explicit
08-04 17:38:25.598 13842 13867 I art     : Explicit concurrent mark sweep GC freed 1373(80KB) AllocSpace objects, 1(20KB) LOS objects, 38% free, 25MB/41MB, paused 1.074ms total 33.744ms
08-04 17:38:25.612 13842 13867 I art     : Starting a blocking GC Explicit
08-04 17:38:25.642 13842 13867 I art     : Explicit concurrent mark sweep GC freed 23(752B) AllocSpace objects, 0(0B) LOS objects, 38% free, 25MB/41MB, paused 720us total 29.501ms
08-04 17:38:25.653 13842 13867 I art     : Starting a blocking GC Explicit
08-04 17:38:25.682 13842 13867 I art     : Explicit concurrent mark sweep GC freed 3(96B) AllocSpace objects, 0(0B) LOS objects, 38% free, 25MB/41MB, paused 760us total 28.814ms
08-04 17:38:25.683 13842 13853 I art     : WaitForGcToComplete blocked for 29.096ms for cause HeapTrim
08-04 17:38:25.694 13842 13867 I art     : Starting a blocking GC Explicit
08-04 17:38:25.724 13842 13867 I art     : Explicit concurrent mark sweep GC freed 3(96B) AllocSpace objects, 0(0B) LOS objects, 38% free, 25MB/41MB, paused 722us total 30.480ms
08-04 17:38:25.736 13842 13867 I art     : Starting a blocking GC Explicit
08-04 17:38:25.766 13842 13867 I art     : Explicit concurrent mark sweep GC freed 3(96B) AllocSpace objects, 0(0B) LOS objects, 38% free, 25MB/41MB, paused 748us total 29.671ms
08-04 17:38:26.094 13842 14314 I art     : Starting a blocking GC Explicit
08-04 17:38:26.133 13842 14314 I art     : Explicit concurrent mark sweep GC freed 1363(80KB) AllocSpace objects, 1(20KB) LOS objects, 38% free, 25MB/41MB, paused 793us total 38.944ms
08-04 17:38:26.151 13842 14314 I art     : Starting a blocking GC Explicit
08-04 17:38:26.180 13842 14314 I art     : Explicit concurrent mark sweep GC freed 23(752B) AllocSpace objects, 0(0B) LOS objects, 38% free, 25MB/41MB, paused 735us total 28.520ms
08-04 17:38:26.191 13842 14314 I art     : Starting a blocking GC Explicit
08-04 17:38:26.222 13842 14314 I art     : Explicit concurrent mark sweep GC freed 3(96B) AllocSpace objects, 0(0B) LOS objects, 38% free, 25MB/41MB, paused 728us total 30.452ms
08-04 17:38:26.234 13842 14314 I art     : Starting a blocking GC Explicit
08-04 17:38:26.264 13842 14314 I art     : Explicit concurrent mark sweep GC freed 32(880B) AllocSpace objects, 0(0B) LOS objects, 38% free, 25MB/41MB, paused 805us total 29.975ms
08-04 17:38:26.275 13842 14314 I art     : Starting a blocking GC Explicit
08-04 17:38:26.305 13842 14314 I art     : Explicit concurrent mark sweep GC freed 6(192B) AllocSpace objects, 0(0B) LOS objects, 38% free, 25MB/41MB, paused 748us total 28.903ms
08-04 17:38:26.637 13842 13854 I art     : Starting a blocking GC Explicit
08-04 17:38:26.669 13842 13854 I art     : Explicit concurrent mark sweep GC freed 1390(80KB) AllocSpace objects, 1(20KB) LOS objects, 38% free, 25MB/41MB, paused 833us total 31.485ms
08-04 17:38:26.680 13842 13854 I art     : Starting a blocking GC Explicit
08-04 17:38:26.710 13842 13854 I art     : Explicit concurrent mark sweep GC freed 23(752B) AllocSpace objects, 0(0B) LOS objects, 38% free, 25MB/41MB, paused 742us total 30.044ms
08-04 17:38:26.722 13842 13854 I art     : Starting a blocking GC Explicit
08-04 17:38:26.752 13842 13854 I art     : Explicit concurrent mark sweep GC freed 3(96B) AllocSpace objects, 0(0B) LOS objects, 38% free, 25MB/41MB, paused 728us total 29.720ms
08-04 17:38:26.763 13842 13854 I art     : Starting a blocking GC Explicit
08-04 17:38:26.792 13842 13854 I art     : Explicit concurrent mark sweep GC freed 3(96B) AllocSpace objects, 0(0B) LOS objects, 38% free, 25MB/41MB, paused 709us total 28.729ms
08-04 17:38:26.804 13842 13854 I art     : Starting a blocking GC Explicit
08-04 17:38:26.834 13842 13854 I art     : Explicit concurrent mark sweep GC freed 3(96B) AllocSpace objects, 0(0B) LOS objects, 38% free, 25MB/41MB, paused 721us total 30.336ms
08-04 17:38:27.170 13842 13855 I art     : Starting a blocking GC Explicit
08-04 17:38:27.206 13842 13855 I art     : Explicit concurrent mark sweep GC freed 1363(80KB) AllocSpace objects, 1(20KB) LOS objects, 38% free, 25MB/41MB, paused 792us total 35.270ms
08-04 17:38:27.220 13842 13855 I art     : Starting a blocking GC Explicit
08-04 17:38:27.250 13842 13855 I art     : Explicit concurrent mark sweep GC freed 52(1536B) AllocSpace objects, 0(0B) LOS objects, 38% free, 25MB/41MB, paused 723us total 29.971ms
08-04 17:38:27.261 13842 13855 I art     : Starting a blocking GC Explicit
08-04 17:38:27.290 13842 13855 I art     : Explicit concurrent mark sweep GC freed 3(96B) AllocSpace objects, 0(0B) LOS objects, 38% free, 25MB/41MB, paused 694us total 28.713ms
08-04 17:38:27.302 13842 13855 I art     : Starting a blocking GC Explicit
08-04 17:38:27.332 13842 13855 I art     : Explicit concurrent mark sweep GC freed 3(96B) AllocSpace objects, 0(0B) LOS objects, 38% free, 25MB/41MB, paused 719us total 30.523ms
08-04 17:38:27.344 13842 13855 I art     : Starting a blocking GC Explicit
08-04 17:38:27.374 13842 13855 I art     : Explicit concurrent mark sweep GC freed 3(96B) AllocSpace objects, 0(0B) LOS objects, 38% free, 25MB/41MB, paused 738us total 29.894ms
08-04 17:38:27.531   518   646 I ThermalEngine: ACTION: GPU - Setting GPU[0] to 510000000
08-04 17:38:27.714 13842 14314 I art     : Starting a blocking GC Explicit
08-04 17:38:27.742 13842 14314 I art     : Explicit concurrent mark sweep GC freed 1363(80KB) AllocSpace objects, 1(20KB) LOS objects, 38% free, 25MB/41MB, paused 583us total 27.933ms
08-04 17:38:27.754 13842 14314 I art     : Starting a blocking GC Explicit
08-04 17:38:27.776 13842 14314 I art     : Explicit concurrent mark sweep GC freed 23(752B) AllocSpace objects, 0(0B) LOS objects, 38% free, 25MB/41MB, paused 540us total 21.591ms
08-04 17:38:27.785 13842 14314 I art     : Starting a blocking GC Explicit
08-04 17:38:27.807 13842 14314 I art     : Explicit concurrent mark sweep GC freed 3(96B) AllocSpace objects, 0(0B) LOS objects, 38% free, 25MB/41MB, paused 626us total 22.185ms
08-04 17:38:27.816 13842 14314 I art     : Starting a blocking GC Explicit
08-04 17:38:27.838 13842 14314 I art     : Explicit concurrent mark sweep GC freed 3(96B) AllocSpace objects, 0(0B) LOS objects, 38% free, 25MB/41MB, paused 571us total 21.838ms
08-04 17:38:27.846 13842 14314 I art     : Starting a blocking GC Explicit
08-04 17:38:27.869 13842 14314 I art     : Explicit concurrent mark sweep GC freed 3(96B) AllocSpace objects, 0(0B) LOS objects, 38% free, 25MB/41MB, paused 520us total 22.005ms
08-04 17:38:28.182 13842 13867 I art     : Starting a blocking GC Explicit
08-04 17:38:28.210 13842 13867 I art     : Explicit concurrent mark sweep GC freed 1363(80KB) AllocSpace objects, 1(20KB) LOS objects, 38% free, 25MB/41MB, paused 579us total 27.812ms
08-04 17:38:28.222 13842 13867 I art     : Starting a blocking GC Explicit
08-04 17:38:28.246 13842 13867 I art     : Explicit concurrent mark sweep GC freed 52(1536B) AllocSpace objects, 0(0B) LOS objects, 38% free, 25MB/41MB, paused 536us total 23.687ms
08-04 17:38:28.255 13842 13867 I art     : Starting a blocking GC Explicit
08-04 17:38:28.278 13842 13867 I art     : Explicit concurrent mark sweep GC freed 3(96B) AllocSpace objects, 0(0B) LOS objects, 38% free, 25MB/41MB, paused 528us total 22.514ms
08-04 17:38:28.286 13842 13867 I art     : Starting a blocking GC Explicit
08-04 17:38:28.309 13842 13867 I art     : Explicit concurrent mark sweep GC freed 3(96B) AllocSpace objects, 0(0B) LOS objects, 38% free, 25MB/41MB, paused 536us total 22.331ms
08-04 17:38:28.318 13842 13867 I art     : Starting a blocking GC Explicit
08-04 17:38:28.340 13842 13867 I art     : Explicit concurrent mark sweep GC freed 3(96B) AllocSpace objects, 0(0B) LOS objects, 38% free, 25MB/41MB, paused 530us total 22.094ms
08-04 17:38:28.663 13842 13854 I art     : Starting a blocking GC Explicit
08-04 17:38:28.691 13842 13854 I art     : Explicit concurrent mark sweep GC freed 1363(80KB) AllocSpace objects, 1(20KB) LOS objects, 38% free, 25MB/41MB, paused 529us total 27.680ms
08-04 17:38:28.703 13842 13854 I art     : Starting a blocking GC Explicit
08-04 17:38:28.727 13842 13854 I art     : Explicit concurrent mark sweep GC freed 23(752B) AllocSpace objects, 0(0B) LOS objects, 38% free, 25MB/41MB, paused 627us total 22.938ms
08-04 17:38:28.736 13842 13854 I art     : Starting a blocking GC Explicit
08-04 17:38:28.758 13842 13854 I art     : Explicit concurrent mark sweep GC freed 3(96B) AllocSpace objects, 0(0B) LOS objects, 38% free, 25MB/41MB, paused 525us total 22.129ms
08-04 17:38:28.767 13842 13854 I art     : Starting a blocking GC Explicit
08-04 17:38:28.790 13842 13854 I art     : Explicit concurrent mark sweep GC freed 3(96B) AllocSpace objects, 0(0B) LOS objects, 38% free, 25MB/41MB, paused 554us total 22.689ms
08-04 17:38:28.799 13842 13854 I art     : Starting a blocking GC Explicit
08-04 17:38:28.821 13842 13854 I art     : Explicit concurrent mark sweep GC freed 3(96B) AllocSpace objects, 0(0B) LOS objects, 38% free, 25MB/41MB, paused 534us total 22.175ms
08-04 17:38:29.145 13842 13855 I art     : Starting a blocking GC Explicit
08-04 17:38:29.173 13842 13855 I art     : Explicit concurrent mark sweep GC freed 1363(80KB) AllocSpace objects, 1(20KB) LOS objects, 38% free, 25MB/41MB, paused 593us total 27.837ms
08-04 17:38:29.184 13842 13855 I art     : Starting a blocking GC Explicit
08-04 17:38:29.207 13842 13855 I art     : Explicit concurrent mark sweep GC freed 23(752B) AllocSpace objects, 0(0B) LOS objects, 38% free, 25MB/41MB, paused 615us total 22.674ms
08-04 17:38:29.216 13842 13855 I art     : Starting a blocking GC Explicit
08-04 17:38:29.238 13842 13855 I art     : Explicit concurrent mark sweep GC freed 32(880B) AllocSpace objects, 0(0B) LOS objects, 38% free, 25MB/41MB, paused 551us total 21.881ms
08-04 17:38:29.247 13842 13855 I art     : Starting a blocking GC Explicit
08-04 17:38:29.269 13842 13855 I art     : Explicit concurrent mark sweep GC freed 3(96B) AllocSpace objects, 0(0B) LOS objects, 38% free, 25MB/41MB, paused 537us total 21.915ms
08-04 17:38:29.278 13842 13855 I art     : Starting a blocking GC Explicit
08-04 17:38:29.300 13842 13855 I art     : Explicit concurrent mark sweep GC freed 3(96B) AllocSpace objects, 0(0B) LOS objects, 38% free, 25MB/41MB, paused 525us total 22.068ms
08-04 17:38:29.622 13842 14314 I art     : Starting a blocking GC Explicit
08-04 17:38:29.650 13842 14314 I art     : Explicit concurrent mark sweep GC freed 1363(80KB) AllocSpace objects, 1(20KB) LOS objects, 38% free, 25MB/41MB, paused 586us total 28.212ms
08-04 17:38:29.662 13842 14314 I art     : Starting a blocking GC Explicit
08-04 17:38:29.686 13842 14314 I art     : Explicit concurrent mark sweep GC freed 23(752B) AllocSpace objects, 0(0B) LOS objects, 38% free, 25MB/41MB, paused 537us total 23.127ms
08-04 17:38:29.695 13842 14314 I art     : Starting a blocking GC Explicit
08-04 17:38:29.717 13842 14314 I art     : Explicit concurrent mark sweep GC freed 3(96B) AllocSpace objects, 0(0B) LOS objects, 38% free, 25MB/41MB, paused 571us total 22.586ms
08-04 17:38:29.726 13842 14314 I art     : Starting a blocking GC Explicit
08-04 17:38:29.749 13842 14314 I art     : Explicit concurrent mark sweep GC freed 3(96B) AllocSpace objects, 0(0B) LOS objects, 38% free, 25MB/41MB, paused 516us total 21.981ms
08-04 17:38:29.758 13842 14314 I art     : Starting a blocking GC Explicit
08-04 17:38:29.779 13842 14314 I art     : Explicit concurrent mark sweep GC freed 3(96B) AllocSpace objects, 0(0B) LOS objects, 38% free, 25MB/41MB, paused 539us total 21.419ms
08-04 17:38:30.104 13842 13867 I art     : Starting a blocking GC Explicit
08-04 17:38:30.130 13842 13867 I art     : Explicit concurrent mark sweep GC freed 1363(80KB) AllocSpace objects, 1(20KB) LOS objects, 38% free, 25MB/41MB, paused 541us total 25.141ms
08-04 17:38:30.138 13842 13867 I art     : Starting a blocking GC Explicit
08-04 17:38:30.161 13842 13867 I art     : Explicit concurrent mark sweep GC freed 23(752B) AllocSpace objects, 0(0B) LOS objects, 38% free, 25MB/41MB, paused 538us total 22.296ms
08-04 17:38:30.169 13842 13867 I art     : Starting a blocking GC Explicit
08-04 17:38:30.192 13842 13867 I art     : Explicit concurrent mark sweep GC freed 3(96B) AllocSpace objects, 0(0B) LOS objects, 38% free, 25MB/41MB, paused 529us total 22.010ms
08-04 17:38:30.201 13842 13867 I art     : Starting a blocking GC Explicit
08-04 17:38:30.223 13842 13867 I art     : Explicit concurrent mark sweep GC freed 3(96B) AllocSpace objects, 0(0B) LOS objects, 38% free, 25MB/41MB, paused 532us total 22.343ms
08-04 17:38:30.232 13842 13867 I art     : Starting a blocking GC Explicit
08-04 17:38:30.253 13842 13867 I art     : Explicit concurrent mark sweep GC freed 32(880B) AllocSpace objects, 0(0B) LOS objects, 38% free, 25MB/41MB, paused 499us total 21.221ms
08-04 17:38:30.528 13842 13854 I art     : Starting a blocking GC Explicit
08-04 17:38:30.556 13842 13854 I art     : Explicit concurrent mark sweep GC freed 1363(80KB) AllocSpace objects, 1(20KB) LOS objects, 38% free, 25MB/41MB, paused 541us total 27.351ms
08-04 17:38:30.564 13842 13854 I art     : Starting a blocking GC Explicit
08-04 17:38:30.586 13842 13854 I art     : Explicit concurrent mark sweep GC freed 23(752B) AllocSpace objects, 0(0B) LOS objects, 38% free, 25MB/41MB, paused 529us total 21.759ms
08-04 17:38:30.595 13842 13854 I art     : Starting a blocking GC Explicit
08-04 17:38:30.616 13842 13854 I art     : Explicit concurrent mark sweep GC freed 3(96B) AllocSpace objects, 0(0B) LOS objects, 38% free, 25MB/41MB, paused 533us total 21.082ms
08-04 17:38:30.625 13842 13854 I art     : Starting a blocking GC Explicit
08-04 17:38:30.646 13842 13854 I art     : Explicit concurrent mark sweep GC freed 3(96B) AllocSpace objects, 0(0B) LOS objects, 38% free, 25MB/41MB, paused 552us total 21.049ms
08-04 17:38:30.654 13842 13854 I art     : Starting a blocking GC Explicit
08-04 17:38:30.676 13842 13854 I art     : Explicit concurrent mark sweep GC freed 3(96B) AllocSpace objects, 0(0B) LOS objects, 38% free, 25MB/41MB, paused 542us total 21.043ms
08-04 17:38:30.702 14749 14749 D AndroidRuntime: >>>>>> START com.android.internal.os.RuntimeInit uid 2000 <<<<<<
08-04 17:38:30.707 14749 14749 D AndroidRuntime: CheckJNI is OFF
08-04 17:38:30.739 14749 14749 D ICU     : No timezone override file found: /data/misc/zoneinfo/current/icu/icu_tzdata.dat
08-04 17:38:30.772 14749 14749 I Radio-JNI: register_android_hardware_Radio DONE
08-04 17:38:30.795 14749 14749 D AndroidRuntime: Calling main entry com.android.commands.input.Input
08-04 17:38:30.797 14749 14749 I Input   : injectMotionEvent: MotionEvent { action=ACTION_DOWN, actionButton=0, id[0]=0, x[0]=616.0, y[0]=469.0, toolType[0]=TOOL_TYPE_UNKNOWN, buttonState=0, metaState=0, flags=0x0, edgeFlags=0x0, pointerCount=1, historySize=0, eventTime=725927210, downTime=725927210, deviceId=0, source=0x1002 }
08-04 17:38:30.804 14749 14749 I Input   : injectMotionEvent: MotionEvent { action=ACTION_UP, actionButton=0, id[0]=0, x[0]=616.0, y[0]=469.0, toolType[0]=TOOL_TYPE_UNKNOWN, buttonState=0, metaState=0, flags=0x0, edgeFlags=0x0, pointerCount=1, historySize=0, eventTime=725927210, downTime=725927210, deviceId=0, source=0x1002 }
08-04 17:38:30.807 14749 14749 D AndroidRuntime: Shutting down VM
08-04 17:38:30.873   512  2967 D audio_hw_primary: out_set_parameters: enter: usecase(1: low-latency-playback) kvpairs: routing=2
08-04 17:38:30.886   512  2967 D audio_hw_primary: select_devices: out_snd_device(2: speaker) in_snd_device(0: none)
08-04 17:38:30.887   512  2967 D msm8974_platform: platform_send_audio_calibration: sending audio calibration for snd_device(2) acdb_id(15)
08-04 17:38:30.887   512  2967 I soundtrigger: audio_extn_sound_trigger_update_device_status: device 0x2 of type 0 for Event 1
08-04 17:38:30.897   512  2967 D audio_hw_primary: enable_snd_device: snd_device(2: speaker)
08-04 17:38:30.899   512  2967 D audio_hw_primary: enable_audio_route: apply and update mixer path: low-latency-playback speaker
08-04 17:38:30.928 13842 13867 I art     : Starting a blocking GC Explicit
08-04 17:38:30.951 13842 13867 I art     : Explicit concurrent mark sweep GC freed 1596(90KB) AllocSpace objects, 1(20KB) LOS objects, 38% free, 25MB/41MB, paused 651us total 22.454ms
08-04 17:38:30.954 11375 11375 I ServiceManager: Waiting for service AtCmdFwd...
08-04 17:38:30.960 13842 13867 I art     : Starting a blocking GC Explicit
08-04 17:38:30.982 13842 13867 I art     : Explicit concurrent mark sweep GC freed 43(1520B) AllocSpace objects, 0(0B) LOS objects, 38% free, 25MB/41MB, paused 574us total 21.782ms
08-04 17:38:30.990 13842 13867 I art     : Starting a blocking GC Explicit
08-04 17:38:31.011 13842 13867 I art     : Explicit concurrent mark sweep GC freed 13(480B) AllocSpace objects, 0(0B) LOS objects, 38% free, 25MB/41MB, paused 604us total 20.109ms
08-04 17:38:31.019 13842 13867 I art     : Starting a blocking GC Explicit
08-04 17:38:31.039 13842 13867 I art     : Explicit concurrent mark sweep GC freed 13(480B) AllocSpace objects, 0(0B) LOS objects, 38% free, 25MB/41MB, paused 613us total 20.369ms
08-04 17:38:31.047 13842 13867 I art     : Starting a blocking GC Explicit
08-04 17:38:31.068 13842 13867 I art     : Explicit concurrent mark sweep GC freed 10(352B) AllocSpace objects, 0(0B) LOS objects, 38% free, 25MB/41MB, paused 512us total 20.402ms
08-04 17:38:31.070 13842 13862 I NAPPA_EXPERIMENTATION: MetricNetworkRequestExecutionTime: REQUEST_DURATION_SYSTEM='196',REQUEST_DURATION_OKHTTP='195',REQUEST_SYNCHRONOUS='TRUE',RESPONSE_CODE='200',RESPONSE_METHOD='GET',RESPONSE_LENGTH_OKHTTP='-1',RESPONSE_LENGTH_HEADER='628',REQUEST_PROTOCOL='h2',REQUEST_URL='https://itunes.apple.com/lookup?id=1524080195',
08-04 17:38:31.088   918  3359 I ActivityManager: START u0 {cmp=baseline.de.danoeh.antennapod.debug/baseline.de.danoeh.antennapod.activity.OnlineFeedViewActivity (has extras)} from uid 10670 on display 0
08-04 17:38:31.108 13866 13866 I GoogleInputMethodServic: GoogleInputMethodService.onFinishInput():3138 
08-04 17:38:31.108 13866 13866 I GoogleInputMethodServic: GoogleInputMethodService.onStartInput():1808 
08-04 17:38:31.129 13842 13842 D UserPreferences: Using default data folder
08-04 17:38:31.130 13842 13842 D OnlineFeedViewActivity: Activity was started with url https://rss.art19.com/nice-white-parents
08-04 17:38:31.132 13842 13842 D OnlineFeedViewActivity: Starting feed download
08-04 17:38:31.138 13842 14417 D DBReader: Extracting Feedlist
08-04 17:38:31.141   918   929 D WifiService: acquireWifiLockLocked: WifiLock{Downloader type=1 binder=android.os.BinderProxy@621dfd9}
08-04 17:38:31.142 13842 14417 D AntennapodHttpClient: Creating new instance of HTTP client
08-04 17:38:31.195 13866 13866 I GoogleInputMethodServic: GoogleInputMethodService.onFinishInput():3138 
08-04 17:38:31.196 13866 13866 I GoogleInputMethodServic: GoogleInputMethodService.onStartInput():1808 
08-04 17:38:31.220   918   936 I ActivityManager: Displayed baseline.de.danoeh.antennapod.debug/baseline.de.danoeh.antennapod.activity.OnlineFeedViewActivity: +111ms
08-04 17:38:31.312 13842 13867 I art     : Starting a blocking GC Explicit
08-04 17:38:31.335 13842 13867 I art     : Explicit concurrent mark sweep GC freed 8317(456KB) AllocSpace objects, 4(220KB) LOS objects, 37% free, 26MB/42MB, paused 600us total 22.858ms
08-04 17:38:31.344 13842 13867 I art     : Starting a blocking GC Explicit
08-04 17:38:31.367 13842 13867 I art     : Explicit concurrent mark sweep GC freed 1292(132KB) AllocSpace objects, 0(0B) LOS objects, 37% free, 26MB/42MB, paused 654us total 22.607ms
08-04 17:38:31.377 13842 13867 I art     : Starting a blocking GC Explicit
08-04 17:38:31.402 13842 13867 I art     : Explicit concurrent mark sweep GC freed 3(96B) AllocSpace objects, 0(0B) LOS objects, 37% free, 26MB/42MB, paused 641us total 24.741ms
08-04 17:38:31.413 13842 13867 I art     : Starting a blocking GC Explicit
08-04 17:38:31.428   512  2967 D audio_hw_primary: disable_audio_route: reset and update mixer path: low-latency-playback speaker
08-04 17:38:31.431   512  2967 D audio_hw_primary: disable_snd_device: snd_device(2: speaker)
08-04 17:38:31.431 13842 14417 D MYTAG   : interceptor 3a https://rss.art19.com/nice-white-parents
08-04 17:38:31.431 13842 14417 I NAPPA_EXPERIMENTATION: MetricNetworkRequestExecutionTime: REQUEST_DURATION_SYSTEM='288',REQUEST_DURATION_OKHTTP='138',REQUEST_SYNCHRONOUS='TRUE',RESPONSE_CODE='200',RESPONSE_METHOD='GET',RESPONSE_LENGTH_OKHTTP='-1',RESPONSE_LENGTH_HEADER='1803',REQUEST_PROTOCOL='h2',REQUEST_URL='https://rss.art19.com/nice-white-parents',
08-04 17:38:31.432 13842 14417 D HttpDownloader: Response code is 200
08-04 17:38:31.432 13842 14417 D UserPreferences: Using default data folder
08-04 17:38:31.435 13842 14417 D HttpDownloader: Getting size of download
08-04 17:38:31.436 13842 14417 D HttpDownloader: Size is -1
08-04 17:38:31.436 13842 14417 D UserPreferences: Using default data folder
08-04 17:38:31.436 13842 14417 D HttpDownloader: Free space is 20241453056
08-04 17:38:31.436 13842 14417 D HttpDownloader: Starting download
08-04 17:38:31.439 13842 14417 D HttpDownloader: Download was successful
08-04 17:38:31.442   512  2967 I soundtrigger: audio_extn_sound_trigger_update_device_status: device 0x2 of type 0 for Event 0
08-04 17:38:31.442 13842 13867 I art     : Explicit concurrent mark sweep GC freed 284(20KB) AllocSpace objects, 0(0B) LOS objects, 37% free, 26MB/42MB, paused 1.141ms total 28.614ms
08-04 17:38:31.444   918   929 D WifiService: releaseWifiLockLocked: WifiLock{Downloader type=1 binder=android.os.BinderProxy@621dfd9}
08-04 17:38:31.445 13842 13842 D OnlineFeedViewActivity: Parsing feed
08-04 17:38:31.453 13842 13867 I art     : Starting a blocking GC Explicit
08-04 17:38:31.464 13842 14795 D TypeGetter: Recognized type RSS 2.0
08-04 17:38:31.469   380   380 W SurfaceFlinger: couldn't log to binary event log: overflow.
08-04 17:38:31.470 13842 14795 D SyndHandler: Recognized ITunes namespace
08-04 17:38:31.471 13842 14795 D SyndHandler: Recognized Atom namespace
08-04 17:38:31.471 13842 14795 D SyndHandler: Recognized Content namespace
08-04 17:38:31.479 13842 13867 I art     : Explicit concurrent mark sweep GC freed 500(160KB) AllocSpace objects, 3(60KB) LOS objects, 37% free, 26MB/42MB, paused 878us total 25.700ms
08-04 17:38:31.484 13842 14795 D OnlineFeedViewActivity: Deleted feed source file. Result: true
08-04 17:38:31.484 13842 13842 D OnlineFeedViewActivity: Removing HTML from shownotes
08-04 17:38:31.545 13842 13842 W art     : Before Android 4.1, method int androidx.appcompat.widget.DropDownListView.lookForSelectablePosition(int, boolean) would have incorrectly overridden the package-private method in android.widget.ListView
08-04 17:38:31.551 13842 13842 I ListPopupWindow: Could not find method setEpicenterBounds(Rect) on PopupWindow. Oh well.
08-04 17:38:31.559 13842 14796 D ApOkHttpUrlLoader: buildLoadData() called with: model = [https://content.production.cdn.art19.com/images/89/e0/88/44/89e08844-ac28-4fc0-96fa-15a41fec2014/262c12ed699a8d9720dea0bd66449d998e4a08cf18095bed170ccaa76722045fa5dbf7a366918b2db7e3acf29ad22f6b99fd659a9409cb807bf2781d968932f8.jpeg], width = [350], height = [350]
08-04 17:38:31.566 13842 14622 D DBReader: getImageAuthentication() called with: imageUrl = [https://content.production.cdn.art19.com/images/89/e0/88/44/89e08844-ac28-4fc0-96fa-15a41fec2014/262c12ed699a8d9720dea0bd66449d998e4a08cf18095bed170ccaa76722045fa5dbf7a366918b2db7e3acf29ad22f6b99fd659a9409cb807bf2781d968932f8.jpeg]
08-04 17:38:31.567 13842 14622 D ApOkHttpUrlLoader: no credentials for 'https://content.production.cdn.art19.com/images/89/e0/88/44/89e08844-ac28-4fc0-96fa-15a41fec2014/262c12ed699a8d9720dea0bd66449d998e4a08cf18095bed170ccaa76722045fa5dbf7a366918b2db7e3acf29ad22f6b99fd659a9409cb807bf2781d968932f8.jpeg'
08-04 17:38:31.605 13842 13842 D PlaybackController: Releasing PlaybackController
08-04 17:38:31.739 13842 14314 I art     : Starting a blocking GC Explicit
08-04 17:38:31.769 13842 14314 I art     : Explicit concurrent mark sweep GC freed 19455(1084KB) AllocSpace objects, 4(172KB) LOS objects, 37% free, 27MB/43MB, paused 803us total 30.146ms
08-04 17:38:31.779 13842 14314 I art     : Starting a blocking GC Explicit
08-04 17:38:31.805 13842 14314 I art     : Explicit concurrent mark sweep GC freed 745(35KB) AllocSpace objects, 1(112KB) LOS objects, 37% free, 26MB/42MB, paused 618us total 25.563ms
08-04 17:38:31.814 13842 14314 I art     : Starting a blocking GC Explicit
08-04 17:38:31.839 13842 14314 I art     : Explicit concurrent mark sweep GC freed 32(1776B) AllocSpace objects, 0(0B) LOS objects, 37% free, 26MB/42MB, paused 675us total 24.726ms
08-04 17:38:31.848 13842 14314 I art     : Starting a blocking GC Explicit
08-04 17:38:31.873 13842 14314 I art     : Explicit concurrent mark sweep GC freed 3(96B) AllocSpace objects, 0(0B) LOS objects, 37% free, 26MB/42MB, paused 666us total 24.948ms
08-04 17:38:31.883 13842 14314 I art     : Starting a blocking GC Explicit
08-04 17:38:31.908 13842 14314 I art     : Explicit concurrent mark sweep GC freed 3(96B) AllocSpace objects, 0(0B) LOS objects, 37% free, 26MB/42MB, paused 685us total 25.157ms
08-04 17:38:31.910 13842 14622 D MYTAG   : interceptor 2a
08-04 17:38:31.910 13842 14622 I NAPPA_EXPERIMENTATION: MetricNetworkRequestExecutionTime: REQUEST_DURATION_SYSTEM='343',REQUEST_DURATION_OKHTTP='145',REQUEST_SYNCHRONOUS='TRUE',RESPONSE_CODE='200',RESPONSE_METHOD='GET',RESPONSE_LENGTH_OKHTTP='2466122',RESPONSE_LENGTH_HEADER='2466122',REQUEST_PROTOCOL='h2',REQUEST_URL='https://content.production.cdn.art19.com/images/89/e0/88/44/89e08844-ac28-4fc0-96fa-15a41fec2014/262c12ed699a8d9720dea0bd66449d998e4a08cf18095bed170ccaa76722045fa5dbf7a366918b2db7e3acf29ad22f6b99fd659a9409cb807bf2781d968932f8.jpeg',
08-04 17:38:31.954 11375 11375 I ServiceManager: Waiting for service AtCmdFwd...
08-04 17:38:32.181 13842 13867 I art     : Starting a blocking GC Explicit
08-04 17:38:32.208 13842 13867 I art     : Explicit concurrent mark sweep GC freed 3123(200KB) AllocSpace objects, 1(20KB) LOS objects, 36% free, 27MB/43MB, paused 891us total 26.163ms
08-04 17:38:32.217 13842 13867 I art     : Starting a blocking GC Explicit
08-04 17:38:32.242 13842 13867 I art     : Explicit concurrent mark sweep GC freed 81(4KB) AllocSpace objects, 0(0B) LOS objects, 36% free, 27MB/43MB, paused 712us total 25.197ms
08-04 17:38:32.251 13842 13867 I art     : Starting a blocking GC Explicit
08-04 17:38:32.277 13842 13867 I art     : Explicit concurrent mark sweep GC freed 7(208B) AllocSpace objects, 0(0B) LOS objects, 36% free, 27MB/43MB, paused 781us total 25.718ms
08-04 17:38:32.286 13842 13867 I art     : Starting a blocking GC Explicit
08-04 17:38:32.312 13842 13867 I art     : Explicit concurrent mark sweep GC freed 3(96B) AllocSpace objects, 0(0B) LOS objects, 36% free, 27MB/43MB, paused 706us total 25.342ms
08-04 17:38:32.321 13842 13867 I art     : Starting a blocking GC Explicit
08-04 17:38:32.347 13842 13867 I art     : Explicit concurrent mark sweep GC freed 3(96B) AllocSpace objects, 0(0B) LOS objects, 36% free, 27MB/43MB, paused 858us total 25.998ms
08-04 17:38:32.667 13842 13855 I art     : Starting a blocking GC Explicit
08-04 17:38:32.700 13842 13855 I art     : Explicit concurrent mark sweep GC freed 1512(97KB) AllocSpace objects, 1(20KB) LOS objects, 36% free, 27MB/43MB, paused 688us total 32.743ms
08-04 17:38:32.714 13842 13855 I art     : Starting a blocking GC Explicit
08-04 17:38:32.739 13842 13855 I art     : Explicit concurrent mark sweep GC freed 29(944B) AllocSpace objects, 0(0B) LOS objects, 36% free, 27MB/43MB, paused 608us total 25.432ms
08-04 17:38:32.749 13842 13855 I art     : Starting a blocking GC Explicit
08-04 17:38:32.775 13842 13855 I art     : Explicit concurrent mark sweep GC freed 3(96B) AllocSpace objects, 0(0B) LOS objects, 36% free, 27MB/43MB, paused 646us total 25.937ms
08-04 17:38:32.784 13842 13855 I art     : Starting a blocking GC Explicit
08-04 17:38:32.810 13842 13855 I art     : Explicit concurrent mark sweep GC freed 3(96B) AllocSpace objects, 0(0B) LOS objects, 36% free, 27MB/43MB, paused 630us total 25.616ms
08-04 17:38:32.819 13842 13855 I art     : Starting a blocking GC Explicit
08-04 17:38:32.846 13842 13855 I art     : Explicit concurrent mark sweep GC freed 3(96B) AllocSpace objects, 0(0B) LOS objects, 36% free, 27MB/43MB, paused 706us total 26.167ms
08-04 17:38:32.955 11375 11375 I ServiceManager: Waiting for service AtCmdFwd...
08-04 17:38:33.162 13842 14314 I art     : Starting a blocking GC Explicit
08-04 17:38:33.193 13842 14314 I art     : Explicit concurrent mark sweep GC freed 1374(80KB) AllocSpace objects, 1(20KB) LOS objects, 36% free, 27MB/43MB, paused 630us total 30.164ms
08-04 17:38:33.205 13842 14314 I art     : Starting a blocking GC Explicit
08-04 17:38:33.232 13842 14314 I art     : Explicit concurrent mark sweep GC freed 28(912B) AllocSpace objects, 0(0B) LOS objects, 36% free, 27MB/43MB, paused 703us total 26.806ms
08-04 17:38:33.241 13842 14314 I art     : Starting a blocking GC Explicit
08-04 17:38:33.266 13842 14314 I art     : Explicit concurrent mark sweep GC freed 35(976B) AllocSpace objects, 0(0B) LOS objects, 36% free, 27MB/43MB, paused 624us total 24.866ms
08-04 17:38:33.275 13842 14314 I art     : Starting a blocking GC Explicit
08-04 17:38:33.300 13842 14314 I art     : Explicit concurrent mark sweep GC freed 7(224B) AllocSpace objects, 0(0B) LOS objects, 36% free, 27MB/43MB, paused 669us total 24.806ms
08-04 17:38:33.309 13842 14314 I art     : Starting a blocking GC Explicit
08-04 17:38:33.335 13842 14314 I art     : Explicit concurrent mark sweep GC freed 7(224B) AllocSpace objects, 0(0B) LOS objects, 36% free, 27MB/43MB, paused 619us total 26.021ms
08-04 17:38:33.644 13842 14314 I art     : Starting a blocking GC Explicit
08-04 17:38:33.678 13842 14314 I art     : Explicit concurrent mark sweep GC freed 1375(80KB) AllocSpace objects, 1(20KB) LOS objects, 36% free, 27MB/43MB, paused 785us total 33.023ms
08-04 17:38:33.690 13842 14314 I art     : Starting a blocking GC Explicit
08-04 17:38:33.716 13842 14314 I art     : Explicit concurrent mark sweep GC freed 23(752B) AllocSpace objects, 0(0B) LOS objects, 36% free, 27MB/43MB, paused 636us total 26.266ms
08-04 17:38:33.726 13842 14314 I art     : Starting a blocking GC Explicit
08-04 17:38:33.751 13842 14314 I art     : Explicit concurrent mark sweep GC freed 3(96B) AllocSpace objects, 0(0B) LOS objects, 36% free, 27MB/43MB, paused 682us total 25.568ms
08-04 17:38:33.761 13842 14314 I art     : Starting a blocking GC Explicit
08-04 17:38:33.787 13842 14314 I art     : Explicit concurrent mark sweep GC freed 3(96B) AllocSpace objects, 0(0B) LOS objects, 36% free, 27MB/43MB, paused 739us total 25.887ms
08-04 17:38:33.796 13842 14314 I art     : Starting a blocking GC Explicit
08-04 17:38:33.823 13842 14314 I art     : Explicit concurrent mark sweep GC freed 3(96B) AllocSpace objects, 0(0B) LOS objects, 36% free, 27MB/43MB, paused 638us total 26.406ms
08-04 17:38:33.956 11375 11375 I ServiceManager: Waiting for service AtCmdFwd...
08-04 17:38:34.135 13842 13855 I art     : Starting a blocking GC Explicit
08-04 17:38:34.169 13842 13855 I art     : Explicit concurrent mark sweep GC freed 1367(82KB) AllocSpace objects, 1(20KB) LOS objects, 36% free, 27MB/43MB, paused 711us total 34.369ms
08-04 17:38:34.182 13842 13855 I art     : Starting a blocking GC Explicit
08-04 17:38:34.209 13842 13855 I art     : Explicit concurrent mark sweep GC freed 23(752B) AllocSpace objects, 0(0B) LOS objects, 36% free, 27MB/43MB, paused 644us total 26.388ms
08-04 17:38:34.218 13842 13855 I art     : Starting a blocking GC Explicit
08-04 17:38:34.244 13842 13855 I art     : Explicit concurrent mark sweep GC freed 32(880B) AllocSpace objects, 0(0B) LOS objects, 36% free, 27MB/43MB, paused 712us total 25.650ms
08-04 17:38:34.254 13842 13855 I art     : Starting a blocking GC Explicit
08-04 17:38:34.280 13842 13855 I art     : Explicit concurrent mark sweep GC freed 3(96B) AllocSpace objects, 0(0B) LOS objects, 36% free, 27MB/43MB, paused 626us total 25.646ms
08-04 17:38:34.289 13842 13855 I art     : Starting a blocking GC Explicit
08-04 17:38:34.314 13842 13855 I art     : Explicit concurrent mark sweep GC freed 3(96B) AllocSpace objects, 0(0B) LOS objects, 36% free, 27MB/43MB, paused 644us total 25.363ms
08-04 17:38:34.620 13842 13855 I art     : Starting a blocking GC Explicit
08-04 17:38:34.645 13842 13855 I art     : Explicit concurrent mark sweep GC freed 1366(80KB) AllocSpace objects, 1(20KB) LOS objects, 36% free, 27MB/43MB, paused 623us total 25.144ms
08-04 17:38:34.654 13842 13855 I art     : Starting a blocking GC Explicit
08-04 17:38:34.679 13842 13855 I art     : Explicit concurrent mark sweep GC freed 28(944B) AllocSpace objects, 0(0B) LOS objects, 36% free, 27MB/43MB, paused 633us total 24.532ms
08-04 17:38:34.689 13842 13855 I art     : Starting a blocking GC Explicit
08-04 17:38:34.714 13842 13855 I art     : Explicit concurrent mark sweep GC freed 3(96B) AllocSpace objects, 0(0B) LOS objects, 36% free, 27MB/43MB, paused 677us total 25.516ms
08-04 17:38:34.724 13842 13855 I art     : Starting a blocking GC Explicit
08-04 17:38:34.749 13842 13855 I art     : Explicit concurrent mark sweep GC freed 3(96B) AllocSpace objects, 0(0B) LOS objects, 36% free, 27MB/43MB, paused 645us total 25.653ms
08-04 17:38:34.759 13842 13855 I art     : Starting a blocking GC Explicit
08-04 17:38:34.785 13842 13855 I art     : Explicit concurrent mark sweep GC freed 3(96B) AllocSpace objects, 0(0B) LOS objects, 36% free, 27MB/43MB, paused 655us total 26.030ms
08-04 17:38:34.957 11375 11375 I ServiceManager: Waiting for service AtCmdFwd...
08-04 17:38:35.105 13842 13854 I art     : Starting a blocking GC Explicit
08-04 17:38:35.131 13842 13854 I art     : Explicit concurrent mark sweep GC freed 1366(80KB) AllocSpace objects, 1(20KB) LOS objects, 36% free, 27MB/43MB, paused 636us total 25.761ms
08-04 17:38:35.141 13842 13854 I art     : Starting a blocking GC Explicit
08-04 17:38:35.165 13842 13854 I art     : Explicit concurrent mark sweep GC freed 23(752B) AllocSpace objects, 0(0B) LOS objects, 36% free, 27MB/43MB, paused 623us total 24.114ms
08-04 17:38:35.174 13842 13854 I art     : Starting a blocking GC Explicit
08-04 17:38:35.198 13842 13854 I art     : Explicit concurrent mark sweep GC freed 3(96B) AllocSpace objects, 0(0B) LOS objects, 36% free, 27MB/43MB, paused 626us total 23.995ms
08-04 17:38:35.207 13842 13854 I art     : Starting a blocking GC Explicit
08-04 17:38:35.232 13842 13854 I art     : Explicit concurrent mark sweep GC freed 3(96B) AllocSpace objects, 0(0B) LOS objects, 36% free, 27MB/43MB, paused 679us total 24.276ms
08-04 17:38:35.240 13842 13854 I art     : Starting a blocking GC Explicit
08-04 17:38:35.265 13842 13854 I art     : Explicit concurrent mark sweep GC freed 32(880B) AllocSpace objects, 0(0B) LOS objects, 36% free, 27MB/43MB, paused 625us total 24.150ms
08-04 17:38:35.470 14880 14880 D AndroidRuntime: >>>>>> START com.android.internal.os.RuntimeInit uid 2000 <<<<<<
08-04 17:38:35.475 14880 14880 D AndroidRuntime: CheckJNI is OFF
08-04 17:38:35.508 14880 14880 D ICU     : No timezone override file found: /data/misc/zoneinfo/current/icu/icu_tzdata.dat
08-04 17:38:35.541 14880 14880 I Radio-JNI: register_android_hardware_Radio DONE
08-04 17:38:35.563 14880 14880 D AndroidRuntime: Calling main entry com.android.commands.input.Input
08-04 17:38:35.565 14880 14880 I Input   : injectMotionEvent: MotionEvent { action=ACTION_DOWN, actionButton=0, id[0]=0, x[0]=625.0, y[0]=832.0, toolType[0]=TOOL_TYPE_UNKNOWN, buttonState=0, metaState=0, flags=0x0, edgeFlags=0x0, pointerCount=1, historySize=0, eventTime=725931978, downTime=725931978, deviceId=0, source=0x1002 }
08-04 17:38:35.569 14880 14880 I Input   : injectMotionEvent: MotionEvent { action=ACTION_UP, actionButton=0, id[0]=0, x[0]=625.0, y[0]=832.0, toolType[0]=TOOL_TYPE_UNKNOWN, buttonState=0, metaState=0, flags=0x0, edgeFlags=0x0, pointerCount=1, historySize=0, eventTime=725931978, downTime=725931978, deviceId=0, source=0x1002 }
08-04 17:38:35.571 14880 14880 D AndroidRuntime: Shutting down VM
08-04 17:38:35.577 13842 13842 D UserPreferences: Using default data folder
08-04 17:38:35.577   512  2967 D audio_hw_primary: out_set_parameters: enter: usecase(1: low-latency-playback) kvpairs: routing=2
08-04 17:38:35.578 13842 13842 D DownloadRequester: partiallyDownloadedFileExists: false
08-04 17:38:35.578 13842 13842 D DownloadRequester: /storage/emulated/0/Android/data/baseline.de.danoeh.antennapod.debug/files/cache/feed-Nice White Parents is available as a download destination
08-04 17:38:35.579 13842 13842 D DownloadRequester: Requesting download of url https://rss.art19.com/nice-white-parents
08-04 17:38:35.590   512  2967 D audio_hw_primary: select_devices: out_snd_device(2: speaker) in_snd_device(0: none)
08-04 17:38:35.590   512  2967 D msm8974_platform: platform_send_audio_calibration: sending audio calibration for snd_device(2) acdb_id(15)
08-04 17:38:35.590   512  2967 I soundtrigger: audio_extn_sound_trigger_update_device_status: device 0x2 of type 0 for Event 1
08-04 17:38:35.592 13842 13842 D DownloadService: Service started
08-04 17:38:35.593 13842 13842 D DownloadService: parallel downloads: 4
08-04 17:38:35.597 13842 14904 D downloadCompletionThd: downloadCompletionThread was started
08-04 17:38:35.597 13842 13842 D DownloadService: Notification set up
08-04 17:38:35.600 13842 13854 I art     : Starting a blocking GC Explicit
08-04 17:38:35.602   512  2967 D audio_hw_primary: enable_snd_device: snd_device(2: speaker)
08-04 17:38:35.604   512  2967 D audio_hw_primary: enable_audio_route: apply and update mixer path: low-latency-playback speaker
08-04 17:38:35.608 13842 13842 D DownloadService: Received enqueue request
08-04 17:38:35.610 13842 13842 D OnlineFeedViewActivity: onEventMainThread() called with: event = [DownloadEvent{update=DownloaderUpdate{downloaders=[baseline.de.danoeh.antennapod.core.service.download.HttpDownloader@ea5af2a], feedIds=[0], mediaIds=[]}}]
08-04 17:38:35.610 13842 13842 D DownloadService: 1 downloads left
08-04 17:38:35.610 13842 13842 D DownloadService: Setting up notification updater
08-04 17:38:35.611   918   929 D WifiService: acquireWifiLockLocked: WifiLock{Downloader type=1 binder=android.os.BinderProxy@5d3aa4e}
08-04 17:38:35.611 13842 14906 D AntennapodHttpClient: Creating new instance of HTTP client
08-04 17:38:35.626 13842 13854 I art     : Explicit concurrent mark sweep GC freed 2514(146KB) AllocSpace objects, 1(20KB) LOS objects, 36% free, 27MB/43MB, paused 962us total 25.742ms
08-04 17:38:35.635 13842 13854 I art     : Starting a blocking GC Explicit
08-04 17:38:35.659 13842 13854 I art     : Explicit concurrent mark sweep GC freed 109(7KB) AllocSpace objects, 0(0B) LOS objects, 36% free, 27MB/43MB, paused 827us total 24.050ms
08-04 17:38:35.668 13842 13854 I art     : Starting a blocking GC Explicit
08-04 17:38:35.690 13842 13854 I art     : Explicit concurrent mark sweep GC freed 49(4KB) AllocSpace objects, 0(0B) LOS objects, 36% free, 27MB/43MB, paused 674us total 22.237ms
08-04 17:38:35.698 13842 13854 I art     : Starting a blocking GC Explicit
08-04 17:38:35.721 13842 13854 I art     : Explicit concurrent mark sweep GC freed 5(160B) AllocSpace objects, 0(0B) LOS objects, 36% free, 27MB/43MB, paused 667us total 22.252ms
08-04 17:38:35.729 13842 13854 I art     : Starting a blocking GC Explicit
08-04 17:38:35.755 13842 13854 I art     : Explicit concurrent mark sweep GC freed 1142(80KB) AllocSpace objects, 2(120KB) LOS objects, 36% free, 27MB/43MB, paused 1.258ms total 25.743ms
08-04 17:38:35.912 13842 14906 D MYTAG   : interceptor 3a https://rss.art19.com/nice-white-parents
08-04 17:38:35.912 13842 14906 I NAPPA_EXPERIMENTATION: MetricNetworkRequestExecutionTime: REQUEST_DURATION_SYSTEM='299',REQUEST_DURATION_OKHTTP='141',REQUEST_SYNCHRONOUS='TRUE',RESPONSE_CODE='200',RESPONSE_METHOD='GET',RESPONSE_LENGTH_OKHTTP='-1',RESPONSE_LENGTH_HEADER='1803',REQUEST_PROTOCOL='h2',REQUEST_URL='https://rss.art19.com/nice-white-parents',
08-04 17:38:35.912 13842 14906 D HttpDownloader: Response code is 200
08-04 17:38:35.912 13842 14906 D UserPreferences: Using default data folder
08-04 17:38:35.914 13842 14906 D HttpDownloader: Getting size of download
08-04 17:38:35.914 13842 14906 D HttpDownloader: Size is -1
08-04 17:38:35.914 13842 14906 D UserPreferences: Using default data folder
08-04 17:38:35.915 13842 14906 D HttpDownloader: Free space is 20238942208
08-04 17:38:35.915 13842 14906 D HttpDownloader: Starting download
08-04 17:38:35.917 13842 14906 D HttpDownloader: Download was successful
08-04 17:38:35.918   918  3961 D WifiService: releaseWifiLockLocked: WifiLock{Downloader type=1 binder=android.os.BinderProxy@5d3aa4e}
08-04 17:38:35.919 13842 14904 D downloadCompletionThd: Received 'Download Complete' - message.
08-04 17:38:35.919 13842 14904 D DownloadService: Handling completed Feed Download
08-04 17:38:35.919 13842 13842 D DownloadService: Removing downloader: https://rss.art19.com/nice-white-parents
08-04 17:38:35.919 13842 13842 D DownloadService: Result of downloads.remove: true
08-04 17:38:35.919 13842 13842 D OnlineFeedViewActivity: onEventMainThread() called with: event = [DownloadEvent{update=DownloaderUpdate{downloaders=[], feedIds=[], mediaIds=[]}}]
08-04 17:38:35.922 13842 14918 D TypeGetter: Recognized type RSS 2.0
08-04 17:38:35.923 13842 14918 D SyndHandler: Recognized ITunes namespace
08-04 17:38:35.923 13842 14918 D SyndHandler: Recognized Atom namespace
08-04 17:38:35.924 13842 14918 D SyndHandler: Recognized Content namespace
08-04 17:38:35.929 13842 14918 D FeedSyncThread: Nice White Parents parsed
08-04 17:38:35.929 13842 14918 D FeedSyncThread: Deletion of file '/storage/emulated/0/Android/data/baseline.de.danoeh.antennapod.debug/files/cache/feed-Nice White Parents' successful
08-04 17:38:35.929 13842 14918 D DBReader: getFeedDownloadLog() called with: feed = [baseline.de.danoeh.antennapod.core.feed.Feed@0]
08-04 17:38:35.931 13842 14905 D FeedSyncThread: Bundling 1 feeds
08-04 17:38:35.932 13842 14921 D DBReader: Extracting Feedlist
08-04 17:38:35.933 13842 14921 D DBTasks : Found no existing Feed with title Nice White Parents. Adding as new one.
08-04 17:38:35.935 13842 14924 D PodDBAdapter: Setting feed with flattr status Nice White Parents: 0
08-04 17:38:35.935 13842 14924 D baseline.de.danoeh.antennapod.core.storage.PodDBAdapter@80c0893: Inserting new Feed into db
08-04 17:38:35.951 13842 13842 D EventDistributor: Processing event queue. Number of events: 1
08-04 17:38:35.952 13842 13842 D EventDistributor: Notifying observers. Data: 1
08-04 17:38:35.952 13842 13842 D DownloadService: 0 downloads left
08-04 17:38:35.952 13842 14418 D DBReader: Extracting Feedlist
08-04 17:38:35.952 13842 13842 D DownloadService: Number of downloads is 0, attempting shutdown
08-04 17:38:35.954 13842 13842 D DownloadService: Service shutting down
08-04 17:38:35.954 13842 13842 D DownloadService: No report is created
08-04 17:38:35.954 13842 13842 D OnlineFeedViewActivity: onEventMainThread() called with: event = [DownloadEvent{update=DownloaderUpdate{downloaders=[], feedIds=[], mediaIds=[]}}]
08-04 17:38:35.955 13842 13842 D DownloadService: NotificationUpdater cancelled. Result: false
08-04 17:38:35.955 13842 14904 E downloadCompletionThd: DownloadCompletionThread was interrupted
08-04 17:38:35.956 13842 13842 D DBTasks : autodownloadUndownloadedItems
08-04 17:38:35.958 11375 11375 W Atfwd_Sendcmd: AtCmdFwd service not published, waiting... retryCnt : 3
08-04 17:38:35.958 13842 14925 D NetworkUtils: Device is connected to Wi-Fi
08-04 17:38:35.959 13842 14925 D NetworkUtils: Auto-dl filter is disabled
08-04 17:38:36.003 13842 13855 I art     : Starting a blocking GC Explicit
08-04 17:38:36.029 13842 13855 I art     : Explicit concurrent mark sweep GC freed 7044(600KB) AllocSpace objects, 6(180KB) LOS objects, 36% free, 27MB/43MB, paused 774us total 25.475ms
08-04 17:38:36.038 13842 13855 I art     : Starting a blocking GC Explicit
08-04 17:38:36.065 13842 13855 I art     : Explicit concurrent mark sweep GC freed 396(20KB) AllocSpace objects, 0(0B) LOS objects, 36% free, 27MB/43MB, paused 808us total 26.647ms
08-04 17:38:36.074 13842 13855 I art     : Starting a blocking GC Explicit
08-04 17:38:36.100 13842 13855 I art     : Explicit concurrent mark sweep GC freed 5(160B) AllocSpace objects, 0(0B) LOS objects, 36% free, 27MB/43MB, paused 763us total 25.312ms
08-04 17:38:36.109 13842 13855 I art     : Starting a blocking GC Explicit
08-04 17:38:36.135 13842 13855 I art     : Explicit concurrent mark sweep GC freed 5(160B) AllocSpace objects, 0(0B) LOS objects, 36% free, 27MB/43MB, paused 748us total 25.535ms
08-04 17:38:36.144 13842 13855 I art     : Starting a blocking GC Explicit
08-04 17:38:36.148   512  2967 D audio_hw_primary: disable_audio_route: reset and update mixer path: low-latency-playback speaker
08-04 17:38:36.149   512  2967 D audio_hw_primary: disable_snd_device: snd_device(2: speaker)
08-04 17:38:36.159   512  2967 I soundtrigger: audio_extn_sound_trigger_update_device_status: device 0x2 of type 0 for Event 0
08-04 17:38:36.169 13842 13855 I art     : Explicit concurrent mark sweep GC freed 5(160B) AllocSpace objects, 0(0B) LOS objects, 36% free, 27MB/43MB, paused 766us total 25.127ms
08-04 17:38:36.466 13842 13855 I art     : Starting a blocking GC Explicit
08-04 17:38:36.495 13842 13855 I art     : Explicit concurrent mark sweep GC freed 1407(81KB) AllocSpace objects, 1(20KB) LOS objects, 36% free, 27MB/43MB, paused 774us total 27.738ms
08-04 17:38:36.507 13842 13855 I art     : Starting a blocking GC Explicit
08-04 17:38:36.534 13842 13855 I art     : Explicit concurrent mark sweep GC freed 25(816B) AllocSpace objects, 0(0B) LOS objects, 36% free, 27MB/43MB, paused 798us total 25.924ms
08-04 17:38:36.543 13842 13855 I art     : Starting a blocking GC Explicit
08-04 17:38:36.569 13842 13855 I art     : Explicit concurrent mark sweep GC freed 3(96B) AllocSpace objects, 0(0B) LOS objects, 36% free, 27MB/43MB, paused 792us total 26.089ms
08-04 17:38:36.578 13842 13855 I art     : Starting a blocking GC Explicit
08-04 17:38:36.605 13842 13855 I art     : Explicit concurrent mark sweep GC freed 3(96B) AllocSpace objects, 0(0B) LOS objects, 36% free, 27MB/43MB, paused 755us total 26.217ms
08-04 17:38:36.614 13842 13855 I art     : Starting a blocking GC Explicit
08-04 17:38:36.641 13842 13855 I art     : Explicit concurrent mark sweep GC freed 3(96B) AllocSpace objects, 0(0B) LOS objects, 36% free, 27MB/43MB, paused 789us total 26.718ms
08-04 17:38:36.929 13842 13854 I art     : Starting a blocking GC Explicit
08-04 17:38:36.968 13842 13854 I art     : Explicit concurrent mark sweep GC freed 1367(82KB) AllocSpace objects, 1(20KB) LOS objects, 36% free, 27MB/43MB, paused 997us total 38.659ms
08-04 17:38:36.980 13842 13854 I art     : Starting a blocking GC Explicit
08-04 17:38:37.007 13842 13854 I art     : Explicit concurrent mark sweep GC freed 23(752B) AllocSpace objects, 0(0B) LOS objects, 36% free, 27MB/43MB, paused 841us total 26.794ms
08-04 17:38:37.017 13842 13854 I art     : Starting a blocking GC Explicit
08-04 17:38:37.044 13842 13854 I art     : Explicit concurrent mark sweep GC freed 3(96B) AllocSpace objects, 0(0B) LOS objects, 36% free, 27MB/43MB, paused 758us total 26.670ms
08-04 17:38:37.053 13842 13854 I art     : Starting a blocking GC Explicit
08-04 17:38:37.080 13842 13854 I art     : Explicit concurrent mark sweep GC freed 3(96B) AllocSpace objects, 0(0B) LOS objects, 36% free, 27MB/43MB, paused 771us total 26.790ms
08-04 17:38:37.089 13842 13854 I art     : Starting a blocking GC Explicit
08-04 17:38:37.117 13842 13854 I art     : Explicit concurrent mark sweep GC freed 3(96B) AllocSpace objects, 0(0B) LOS objects, 36% free, 27MB/43MB, paused 774us total 27.131ms
08-04 17:38:37.452 13842 13867 I art     : Starting a blocking GC Explicit
08-04 17:38:37.487 13842 13867 I art     : Explicit concurrent mark sweep GC freed 1402(82KB) AllocSpace objects, 1(20KB) LOS objects, 36% free, 27MB/43MB, paused 842us total 34.265ms
08-04 17:38:37.497 13842 13867 I art     : Starting a blocking GC Explicit
08-04 17:38:37.525 13842 13867 I art     : Explicit concurrent mark sweep GC freed 23(752B) AllocSpace objects, 0(0B) LOS objects, 36% free, 27MB/43MB, paused 776us total 27.495ms
08-04 17:38:37.534 13842 13867 I art     : Starting a blocking GC Explicit
08-04 17:38:37.562 13842 13867 I art     : Explicit concurrent mark sweep GC freed 3(96B) AllocSpace objects, 0(0B) LOS objects, 36% free, 27MB/43MB, paused 779us total 26.971ms
08-04 17:38:37.571 13842 13867 I art     : Starting a blocking GC Explicit
08-04 17:38:37.598 13842 13867 I art     : Explicit concurrent mark sweep GC freed 3(96B) AllocSpace objects, 0(0B) LOS objects, 36% free, 27MB/43MB, paused 790us total 26.798ms
08-04 17:38:37.608 13842 13867 I art     : Starting a blocking GC Explicit
08-04 17:38:37.635 13842 13867 I art     : Explicit concurrent mark sweep GC freed 3(96B) AllocSpace objects, 0(0B) LOS objects, 36% free, 27MB/43MB, paused 767us total 27.204ms
08-04 17:38:37.968 13842 14314 I art     : Starting a blocking GC Explicit
08-04 17:38:38.001 13842 14314 I art     : Explicit concurrent mark sweep GC freed 1372(82KB) AllocSpace objects, 1(20KB) LOS objects, 36% free, 27MB/43MB, paused 774us total 31.958ms
08-04 17:38:38.010 13842 14314 I art     : Starting a blocking GC Explicit
08-04 17:38:38.037 13842 14314 I art     : Explicit concurrent mark sweep GC freed 23(752B) AllocSpace objects, 0(0B) LOS objects, 36% free, 27MB/43MB, paused 845us total 27.025ms
08-04 17:38:38.047 13842 14314 I art     : Starting a blocking GC Explicit
08-04 17:38:38.075 13842 14314 I art     : Explicit concurrent mark sweep GC freed 3(96B) AllocSpace objects, 0(0B) LOS objects, 36% free, 27MB/43MB, paused 886us total 27.279ms
08-04 17:38:38.084 13842 14314 I art     : Starting a blocking GC Explicit
08-04 17:38:38.112 13842 14314 I art     : Explicit concurrent mark sweep GC freed 3(96B) AllocSpace objects, 0(0B) LOS objects, 36% free, 27MB/43MB, paused 774us total 27.516ms
08-04 17:38:38.122 13842 14314 I art     : Starting a blocking GC Explicit
08-04 17:38:38.149 13842 14314 I art     : Explicit concurrent mark sweep GC freed 3(96B) AllocSpace objects, 0(0B) LOS objects, 36% free, 27MB/43MB, paused 757us total 26.821ms
08-04 17:38:38.470 13842 13855 I art     : Starting a blocking GC Explicit
08-04 17:38:38.504 13842 13855 I art     : Explicit concurrent mark sweep GC freed 1399(81KB) AllocSpace objects, 1(20KB) LOS objects, 36% free, 27MB/43MB, paused 848us total 33.801ms
08-04 17:38:38.516 13842 13855 I art     : Starting a blocking GC Explicit
08-04 17:38:38.543 13842 13855 I art     : Explicit concurrent mark sweep GC freed 23(752B) AllocSpace objects, 0(0B) LOS objects, 36% free, 27MB/43MB, paused 784us total 26.863ms
08-04 17:38:38.552 13842 13855 I art     : Starting a blocking GC Explicit
08-04 17:38:38.579 13842 13855 I art     : Explicit concurrent mark sweep GC freed 3(96B) AllocSpace objects, 0(0B) LOS objects, 36% free, 27MB/43MB, paused 776us total 26.872ms
08-04 17:38:38.589 13842 13855 I art     : Starting a blocking GC Explicit
08-04 17:38:38.616 13842 13855 I art     : Explicit concurrent mark sweep GC freed 3(96B) AllocSpace objects, 0(0B) LOS objects, 36% free, 27MB/43MB, paused 766us total 26.696ms
08-04 17:38:38.625 13842 13855 I art     : Starting a blocking GC Explicit
08-04 17:38:38.652 13842 13855 I art     : Explicit concurrent mark sweep GC freed 3(96B) AllocSpace objects, 0(0B) LOS objects, 36% free, 27MB/43MB, paused 774us total 26.886ms
08-04 17:38:38.978 13842 13854 I art     : Starting a blocking GC Explicit
08-04 17:38:39.013 13842 13854 I art     : Explicit concurrent mark sweep GC freed 1366(80KB) AllocSpace objects, 1(20KB) LOS objects, 36% free, 27MB/43MB, paused 845us total 35.512ms
08-04 17:38:39.028 13842 13854 I art     : Starting a blocking GC Explicit
08-04 17:38:39.055 13842 13854 I art     : Explicit concurrent mark sweep GC freed 23(752B) AllocSpace objects, 0(0B) LOS objects, 36% free, 27MB/43MB, paused 775us total 27.101ms
08-04 17:38:39.065 13842 13854 I art     : Starting a blocking GC Explicit
08-04 17:38:39.092 13842 13854 I art     : Explicit concurrent mark sweep GC freed 3(96B) AllocSpace objects, 0(0B) LOS objects, 36% free, 27MB/43MB, paused 758us total 26.741ms
08-04 17:38:39.101 13842 13854 I art     : Starting a blocking GC Explicit
08-04 17:38:39.128 13842 13854 I art     : Explicit concurrent mark sweep GC freed 3(96B) AllocSpace objects, 0(0B) LOS objects, 36% free, 27MB/43MB, paused 803us total 27.149ms
08-04 17:38:39.138 13842 13854 I art     : Starting a blocking GC Explicit
08-04 17:38:39.165 13842 13854 I art     : Explicit concurrent mark sweep GC freed 3(96B) AllocSpace objects, 0(0B) LOS objects, 36% free, 27MB/43MB, paused 779us total 26.734ms
08-04 17:38:39.479 13842 13867 I art     : Starting a blocking GC Explicit
08-04 17:38:39.514 13842 13867 I art     : Explicit concurrent mark sweep GC freed 1396(82KB) AllocSpace objects, 1(20KB) LOS objects, 36% free, 27MB/43MB, paused 736us total 35.377ms
08-04 17:38:39.523 13842 13867 I art     : Starting a blocking GC Explicit
08-04 17:38:39.548 13842 13867 I art     : Explicit concurrent mark sweep GC freed 23(752B) AllocSpace objects, 0(0B) LOS objects, 36% free, 27MB/43MB, paused 756us total 24.794ms
08-04 17:38:39.557 13842 13867 I art     : Starting a blocking GC Explicit
08-04 17:38:39.583 13842 13867 I art     : Explicit concurrent mark sweep GC freed 3(96B) AllocSpace objects, 0(0B) LOS objects, 36% free, 27MB/43MB, paused 799us total 25.670ms
08-04 17:38:39.592 13842 13867 I art     : Starting a blocking GC Explicit
08-04 17:38:39.619 13842 13867 I art     : Explicit concurrent mark sweep GC freed 3(96B) AllocSpace objects, 0(0B) LOS objects, 36% free, 27MB/43MB, paused 753us total 26.773ms
08-04 17:38:39.628 13842 13867 I art     : Starting a blocking GC Explicit
08-04 17:38:39.655 13842 13867 I art     : Explicit concurrent mark sweep GC freed 3(96B) AllocSpace objects, 0(0B) LOS objects, 36% free, 27MB/43MB, paused 762us total 25.913ms
08-04 17:38:39.953 13842 14314 I art     : Starting a blocking GC Explicit
08-04 17:38:39.986 13842 14314 I art     : Explicit concurrent mark sweep GC freed 1366(80KB) AllocSpace objects, 1(20KB) LOS objects, 36% free, 27MB/43MB, paused 846us total 32.764ms
08-04 17:38:39.995 13842 14314 I art     : Starting a blocking GC Explicit
08-04 17:38:40.022 13842 14314 I art     : Explicit concurrent mark sweep GC freed 23(752B) AllocSpace objects, 0(0B) LOS objects, 36% free, 27MB/43MB, paused 769us total 26.029ms
08-04 17:38:40.030 13842 14314 I art     : Starting a blocking GC Explicit
08-04 17:38:40.056 13842 14314 I art     : Explicit concurrent mark sweep GC freed 3(96B) AllocSpace objects, 0(0B) LOS objects, 36% free, 27MB/43MB, paused 755us total 25.030ms
08-04 17:38:40.065 13842 14314 I art     : Starting a blocking GC Explicit
08-04 17:38:40.091 13842 14314 I art     : Explicit concurrent mark sweep GC freed 3(96B) AllocSpace objects, 0(0B) LOS objects, 36% free, 27MB/43MB, paused 779us total 25.835ms
08-04 17:38:40.100 13842 14314 I art     : Starting a blocking GC Explicit
08-04 17:38:40.126 13842 14314 I art     : Explicit concurrent mark sweep GC freed 3(96B) AllocSpace objects, 0(0B) LOS objects, 36% free, 27MB/43MB, paused 783us total 25.507ms
08-04 17:38:40.265 14999 14999 D AndroidRuntime: >>>>>> START com.android.internal.os.RuntimeInit uid 2000 <<<<<<
08-04 17:38:40.272 14999 14999 D AndroidRuntime: CheckJNI is OFF
08-04 17:38:40.305 14999 14999 D ICU     : No timezone override file found: /data/misc/zoneinfo/current/icu/icu_tzdata.dat
08-04 17:38:40.338 14999 14999 I Radio-JNI: register_android_hardware_Radio DONE
08-04 17:38:40.360 14999 14999 D AndroidRuntime: Calling main entry com.android.commands.input.Input
08-04 17:38:40.361 14999 14999 I Input   : injectKeyEvent: KeyEvent { action=ACTION_DOWN, keyCode=KEYCODE_BACK, scanCode=0, metaState=0, flags=0x0, repeatCount=0, eventTime=725936775, downTime=725936775, deviceId=-1, source=0x101 }
08-04 17:38:40.367 14999 14999 I Input   : injectKeyEvent: KeyEvent { action=ACTION_UP, keyCode=KEYCODE_BACK, scanCode=0, metaState=0, flags=0x0, repeatCount=0, eventTime=725936775, downTime=725936775, deviceId=-1, source=0x101 }
08-04 17:38:40.374 14999 14999 D AndroidRuntime: Shutting down VM
08-04 17:38:40.380 13842 13842 V PlaybackController: initServiceNotRunning()
08-04 17:38:40.381 13842 13842 D ExternalPlayerFragment: Loading media info
08-04 17:38:40.385 13842 13842 D UserPreferences: Using default data folder
08-04 17:38:40.386 13842 14418 D DBReader: getNavDrawerData() called with: 
08-04 17:38:40.389 13842 14418 D DBReader: getDownloadedItems() called
08-04 17:38:40.390 13842 14418 D DBReader: getFavoriteIDList() called
08-04 17:38:40.390 13842 14418 D DBReader: getQueueIDList() called
08-04 17:38:40.391 13842 14418 D DBReader: Extracting Feedlist
08-04 17:38:40.417 13842 13842 D MainActivity: getLastNavFragment() -> AddFeedFragment
08-04 17:38:40.418 13866 13866 I GoogleInputMethodServic: GoogleInputMethodService.onFinishInput():3138 
08-04 17:38:40.419 13866 13866 I GoogleInputMethodServic: GoogleInputMethodService.onStartInput():1808 
08-04 17:38:40.434 13842 13867 I art     : Starting a blocking GC Explicit
08-04 17:38:40.436 13842 14796 D ApOkHttpUrlLoader: buildLoadData() called with: model = [https://content.production.cdn.art19.com/images/89/e0/88/44/89e08844-ac28-4fc0-96fa-15a41fec2014/262c12ed699a8d9720dea0bd66449d998e4a08cf18095bed170ccaa76722045fa5dbf7a366918b2db7e3acf29ad22f6b99fd659a9409cb807bf2781d968932f8.jpeg], width = [140], height = [140]
08-04 17:38:40.461 13842 13867 I art     : Explicit concurrent mark sweep GC freed 2464(172KB) AllocSpace objects, 1(20KB) LOS objects, 36% free, 27MB/43MB, paused 884us total 26.687ms
08-04 17:38:40.471 13842 13867 I art     : Starting a blocking GC Explicit
08-04 17:38:40.495 13842 13867 I art     : Explicit concurrent mark sweep GC freed 504(26KB) AllocSpace objects, 0(0B) LOS objects, 36% free, 27MB/43MB, paused 809us total 23.875ms
08-04 17:38:40.504 13842 13867 I art     : Starting a blocking GC Explicit
08-04 17:38:40.527 13842 13867 I art     : Explicit concurrent mark sweep GC freed 3(96B) AllocSpace objects, 0(0B) LOS objects, 36% free, 27MB/43MB, paused 825us total 23.030ms
08-04 17:38:40.536 13842 13867 I art     : Starting a blocking GC Explicit
08-04 17:38:40.560 13842 13867 I art     : Explicit concurrent mark sweep GC freed 3(96B) AllocSpace objects, 0(0B) LOS objects, 36% free, 27MB/43MB, paused 822us total 24.726ms
08-04 17:38:40.570 13842 13867 I art     : Starting a blocking GC Explicit
08-04 17:38:40.598 13842 13867 I art     : Explicit concurrent mark sweep GC freed 59(12KB) AllocSpace objects, 0(0B) LOS objects, 36% free, 27MB/43MB, paused 987us total 27.343ms
08-04 17:38:40.626   918 13198 D NetlinkSocketObserver: NeighborEvent{elapsedMs=1709324501, 192.168.2.254, [7C3953A63323], RTM_NEWNEIGH, NUD_STALE}
08-04 17:38:40.728   380   380 W SurfaceFlinger: couldn't log to binary event log: overflow.
08-04 17:38:40.852 13842 13854 I art     : Starting a blocking GC Explicit
08-04 17:38:40.880 13842 13854 I art     : Explicit concurrent mark sweep GC freed 2166(113KB) AllocSpace objects, 1(20KB) LOS objects, 36% free, 27MB/43MB, paused 787us total 27.406ms
08-04 17:38:40.889 13842 13854 I art     : Starting a blocking GC Explicit
08-04 17:38:40.916 13842 13854 I art     : Explicit concurrent mark sweep GC freed 2495(153KB) AllocSpace objects, 2(248KB) LOS objects, 36% free, 27MB/43MB, paused 755us total 25.953ms
08-04 17:38:40.925 13842 13854 I art     : Starting a blocking GC Explicit
08-04 17:38:40.951 13842 13854 I art     : Explicit concurrent mark sweep GC freed 3(96B) AllocSpace objects, 0(0B) LOS objects, 36% free, 27MB/43MB, paused 770us total 26.119ms
08-04 17:38:40.960 13842 13854 I art     : Starting a blocking GC Explicit
08-04 17:38:40.987 13842 13854 I art     : Explicit concurrent mark sweep GC freed 3(96B) AllocSpace objects, 0(0B) LOS objects, 36% free, 27MB/43MB, paused 755us total 26.090ms
08-04 17:38:40.996 13842 13854 I art     : Starting a blocking GC Explicit
08-04 17:38:41.023 13842 13854 I art     : Explicit concurrent mark sweep GC freed 3(96B) AllocSpace objects, 0(0B) LOS objects, 36% free, 27MB/43MB, paused 764us total 26.550ms
08-04 17:38:41.327 13842 13855 I art     : Starting a blocking GC Explicit
08-04 17:38:41.360 13842 13855 I art     : Explicit concurrent mark sweep GC freed 1401(83KB) AllocSpace objects, 1(20KB) LOS objects, 36% free, 27MB/43MB, paused 826us total 32.983ms
08-04 17:38:41.372 13842 13855 I art     : Starting a blocking GC Explicit
08-04 17:38:41.399 13842 13855 I art     : Explicit concurrent mark sweep GC freed 23(752B) AllocSpace objects, 0(0B) LOS objects, 36% free, 27MB/43MB, paused 796us total 26.730ms
08-04 17:38:41.408 13842 13855 I art     : Starting a blocking GC Explicit
08-04 17:38:41.434 13842 13855 I art     : Explicit concurrent mark sweep GC freed 3(96B) AllocSpace objects, 0(0B) LOS objects, 36% free, 27MB/43MB, paused 786us total 25.954ms
08-04 17:38:41.444 13842 13855 I art     : Starting a blocking GC Explicit
08-04 17:38:41.470 13842 13855 I art     : Explicit concurrent mark sweep GC freed 3(96B) AllocSpace objects, 0(0B) LOS objects, 36% free, 27MB/43MB, paused 777us total 26.143ms
08-04 17:38:41.479 13842 13855 I art     : Starting a blocking GC Explicit
08-04 17:38:41.506 13842 13855 I art     : Explicit concurrent mark sweep GC freed 3(96B) AllocSpace objects, 0(0B) LOS objects, 36% free, 27MB/43MB, paused 786us total 26.498ms
08-04 17:38:41.773 13842 14314 I art     : Starting a blocking GC Explicit
08-04 17:38:41.800 13842 14314 I art     : Explicit concurrent mark sweep GC freed 1368(80KB) AllocSpace objects, 1(20KB) LOS objects, 36% free, 27MB/43MB, paused 840us total 26.624ms
08-04 17:38:41.809 13842 14314 I art     : Starting a blocking GC Explicit
08-04 17:38:41.835 13842 14314 I art     : Explicit concurrent mark sweep GC freed 23(752B) AllocSpace objects, 0(0B) LOS objects, 36% free, 27MB/43MB, paused 778us total 25.518ms
08-04 17:38:41.844 13842 14314 I art     : Starting a blocking GC Explicit
08-04 17:38:41.869 13842 14314 I art     : Explicit concurrent mark sweep GC freed 3(96B) AllocSpace objects, 0(0B) LOS objects, 36% free, 27MB/43MB, paused 796us total 24.703ms
08-04 17:38:41.877 13842 14314 I art     : Starting a blocking GC Explicit
08-04 17:38:41.903 13842 14314 I art     : Explicit concurrent mark sweep GC freed 3(96B) AllocSpace objects, 0(0B) LOS objects, 36% free, 27MB/43MB, paused 850us total 24.909ms
08-04 17:38:41.912 13842 14314 I art     : Starting a blocking GC Explicit
08-04 17:38:41.937 13842 14314 I art     : Explicit concurrent mark sweep GC freed 3(96B) AllocSpace objects, 0(0B) LOS objects, 36% free, 27MB/43MB, paused 816us total 24.940ms
08-04 17:38:42.047 15052 15052 D AndroidRuntime: >>>>>> START com.android.internal.os.RuntimeInit uid 2000 <<<<<<
08-04 17:38:42.052 15052 15052 D AndroidRuntime: CheckJNI is OFF
08-04 17:38:42.088 15052 15052 D ICU     : No timezone override file found: /data/misc/zoneinfo/current/icu/icu_tzdata.dat
08-04 17:38:42.121 15052 15052 I Radio-JNI: register_android_hardware_Radio DONE
08-04 17:38:42.141 15052 15052 D AndroidRuntime: Calling main entry com.android.commands.input.Input
08-04 17:38:42.142 15052 15052 I Input   : injectMotionEvent: MotionEvent { action=ACTION_DOWN, actionButton=0, id[0]=0, x[0]=639.0, y[0]=762.0, toolType[0]=TOOL_TYPE_UNKNOWN, buttonState=0, metaState=0, flags=0x0, edgeFlags=0x0, pointerCount=1, historySize=0, eventTime=725938555, downTime=725938555, deviceId=0, source=0x1002 }
08-04 17:38:42.147 15052 15052 I Input   : injectMotionEvent: MotionEvent { action=ACTION_UP, actionButton=0, id[0]=0, x[0]=639.0, y[0]=762.0, toolType[0]=TOOL_TYPE_UNKNOWN, buttonState=0, metaState=0, flags=0x0, edgeFlags=0x0, pointerCount=1, historySize=0, eventTime=725938555, downTime=725938555, deviceId=0, source=0x1002 }
08-04 17:38:42.149 15052 15052 D AndroidRuntime: Shutting down VM
08-04 17:38:42.207 13842 13854 I art     : Starting a blocking GC Explicit
08-04 17:38:42.216   512  2967 D audio_hw_primary: out_set_parameters: enter: usecase(1: low-latency-playback) kvpairs: routing=2
08-04 17:38:42.228   512  2967 D audio_hw_primary: select_devices: out_snd_device(2: speaker) in_snd_device(0: none)
08-04 17:38:42.229   512  2967 D msm8974_platform: platform_send_audio_calibration: sending audio calibration for snd_device(2) acdb_id(15)
08-04 17:38:42.229   512  2967 I soundtrigger: audio_extn_sound_trigger_update_device_status: device 0x2 of type 0 for Event 1
08-04 17:38:42.235 13842 13854 I art     : Explicit concurrent mark sweep GC freed 1610(90KB) AllocSpace objects, 1(20KB) LOS objects, 36% free, 27MB/43MB, paused 995us total 27.641ms
08-04 17:38:42.237 13866 13866 I GoogleInputMethodServic: GoogleInputMethodService.onFinishInput():3138 
08-04 17:38:42.237 13866 13866 I GoogleInputMethodServic: GoogleInputMethodService.onStartInput():1808 
08-04 17:38:42.240   512  2967 D audio_hw_primary: enable_snd_device: snd_device(2: speaker)
08-04 17:38:42.243   512  2967 D audio_hw_primary: enable_audio_route: apply and update mixer path: low-latency-playback speaker
08-04 17:38:42.246 13842 13854 I art     : Starting a blocking GC Explicit
08-04 17:38:42.273 13842 13854 I art     : Explicit concurrent mark sweep GC freed 75(3024B) AllocSpace objects, 0(0B) LOS objects, 36% free, 27MB/43MB, paused 725us total 27.309ms
08-04 17:38:42.282 13842 13854 I art     : Starting a blocking GC Explicit
08-04 17:38:42.306 13842 13854 I art     : Explicit concurrent mark sweep GC freed 17(608B) AllocSpace objects, 0(0B) LOS objects, 36% free, 27MB/43MB, paused 804us total 23.699ms
08-04 17:38:42.314 13842 13854 I art     : Starting a blocking GC Explicit
08-04 17:38:42.338 13842 13854 I art     : Explicit concurrent mark sweep GC freed 13(480B) AllocSpace objects, 0(0B) LOS objects, 36% free, 27MB/43MB, paused 797us total 23.663ms
08-04 17:38:42.347 13842 13854 I art     : Starting a blocking GC Explicit
08-04 17:38:42.371 13842 13854 I art     : Explicit concurrent mark sweep GC freed 13(480B) AllocSpace objects, 0(0B) LOS objects, 36% free, 27MB/43MB, paused 792us total 23.583ms
08-04 17:38:42.431 13842 13862 I NAPPA_EXPERIMENTATION: MetricNetworkRequestExecutionTime: REQUEST_DURATION_SYSTEM='216',REQUEST_DURATION_OKHTTP='216',REQUEST_SYNCHRONOUS='TRUE',RESPONSE_CODE='200',RESPONSE_METHOD='GET',RESPONSE_LENGTH_OKHTTP='-1',RESPONSE_LENGTH_HEADER='622',REQUEST_PROTOCOL='h2',REQUEST_URL='https://itunes.apple.com/lookup?id=360084272',
08-04 17:38:42.449   918  3714 I ActivityManager: START u0 {cmp=baseline.de.danoeh.antennapod.debug/baseline.de.danoeh.antennapod.activity.OnlineFeedViewActivity (has extras)} from uid 10670 on display 0
08-04 17:38:42.472 13866 13866 I GoogleInputMethodServic: GoogleInputMethodService.onFinishInput():3138 
08-04 17:38:42.473 13866 13866 I GoogleInputMethodServic: GoogleInputMethodService.onStartInput():1808 
08-04 17:38:42.497 13842 13842 D UserPreferences: Using default data folder
08-04 17:38:42.498 13842 13842 D OnlineFeedViewActivity: Activity was started with url http://joeroganexp.joerogan.libsynpro.com/rss
08-04 17:38:42.501 13842 13842 D OnlineFeedViewActivity: Starting feed download
08-04 17:38:42.503 13842 14417 D DBReader: Extracting Feedlist
08-04 17:38:42.506   918  3696 D WifiService: acquireWifiLockLocked: WifiLock{Downloader type=1 binder=android.os.BinderProxy@9a542fe}
08-04 17:38:42.506 13842 14417 D AntennapodHttpClient: Creating new instance of HTTP client
08-04 17:38:42.546 13842 14417 D MYTAG   : interceptor 3a http://joeroganexp.joerogan.libsynpro.com/rss
08-04 17:38:42.546 13842 14417 I NAPPA_EXPERIMENTATION: MetricNetworkRequestExecutionTime: REQUEST_DURATION_SYSTEM='38',REQUEST_DURATION_OKHTTP='32',REQUEST_SYNCHRONOUS='TRUE',RESPONSE_CODE='200',RESPONSE_METHOD='GET',RESPONSE_LENGTH_OKHTTP='-1',RESPONSE_LENGTH_HEADER='307892',REQUEST_PROTOCOL='http/1.1',REQUEST_URL='http://joeroganexp.joerogan.libsynpro.com/rss',
08-04 17:38:42.547 13842 14417 D HttpDownloader: Response code is 200
08-04 17:38:42.547 13842 14417 D UserPreferences: Using default data folder
08-04 17:38:42.548 13842 14417 D HttpDownloader: Getting size of download
08-04 17:38:42.548 13842 14417 D HttpDownloader: Size is -1
08-04 17:38:42.548 13842 14417 D UserPreferences: Using default data folder
08-04 17:38:42.548 13842 14417 D HttpDownloader: Free space is 20238872576
08-04 17:38:42.548 13842 14417 D HttpDownloader: Starting download
08-04 17:38:42.559 13866 13866 I GoogleInputMethodServic: GoogleInputMethodService.onFinishInput():3138 
08-04 17:38:42.560 13866 13866 I GoogleInputMethodServic: GoogleInputMethodService.onStartInput():1808 
08-04 17:38:42.589   918   936 I ActivityManager: Displayed baseline.de.danoeh.antennapod.debug/baseline.de.danoeh.antennapod.activity.OnlineFeedViewActivity: +116ms
08-04 17:38:42.626 13842 13867 I art     : Starting a blocking GC Explicit
08-04 17:38:42.653 13842 13867 I art     : Explicit concurrent mark sweep GC freed 3459(234KB) AllocSpace objects, 1(20KB) LOS objects, 36% free, 27MB/43MB, paused 737us total 26.294ms
08-04 17:38:42.662 13842 13867 I art     : Starting a blocking GC Explicit
08-04 17:38:42.686 13842 13867 I art     : Explicit concurrent mark sweep GC freed 373(16KB) AllocSpace objects, 0(0B) LOS objects, 36% free, 27MB/43MB, paused 792us total 24.156ms
08-04 17:38:42.695 13842 13867 I art     : Starting a blocking GC Explicit
08-04 17:38:42.719 13842 13867 I art     : Explicit concurrent mark sweep GC freed 3(96B) AllocSpace objects, 0(0B) LOS objects, 36% free, 27MB/43MB, paused 761us total 24.400ms
08-04 17:38:42.728 13842 13867 I art     : Starting a blocking GC Explicit
08-04 17:38:42.732 13842 14417 D HttpDownloader: Download was successful
08-04 17:38:42.733   918  3714 D WifiService: releaseWifiLockLocked: WifiLock{Downloader type=1 binder=android.os.BinderProxy@9a542fe}
08-04 17:38:42.734 13842 13842 D OnlineFeedViewActivity: Parsing feed
08-04 17:38:42.740 13842 15108 D TypeGetter: Recognized type RSS 2.0
08-04 17:38:42.745 13842 15108 D SyndHandler: Recognized Atom namespace
08-04 17:38:42.745 13842 15108 D SyndHandler: Recognized ITunes namespace
08-04 17:38:42.746 13842 15108 D SyndHandler: Recognized media namespace
08-04 17:38:42.746 13842 15108 D SyndHandler: Recognized Content namespace
08-04 17:38:42.755 13842 13867 I art     : Explicit concurrent mark sweep GC freed 388(131KB) AllocSpace objects, 3(60KB) LOS objects, 36% free, 27MB/43MB, paused 830us total 26.195ms
08-04 17:38:42.763 13842 13867 I art     : Starting a blocking GC Explicit
08-04 17:38:42.779   512  2967 D audio_hw_primary: disable_audio_route: reset and update mixer path: low-latency-playback speaker
08-04 17:38:42.780   512  2967 D audio_hw_primary: disable_snd_device: snd_device(2: speaker)
08-04 17:38:42.781   918 13197 D NetworkMonitor/NetworkAgentInfo [WIFI () - 158]: Checking http://connectivitycheck.gstatic.com/generate_204 on "H369AA63323", 192.168.2.12=192.168.2.12
08-04 17:38:42.789   512  2967 I soundtrigger: audio_extn_sound_trigger_update_device_status: device 0x2 of type 0 for Event 0
08-04 17:38:42.790 13842 13867 I art     : Explicit concurrent mark sweep GC freed 1336(102KB) AllocSpace objects, 0(0B) LOS objects, 36% free, 27MB/43MB, paused 858us total 26.549ms
08-04 17:38:42.822   918 13197 D NetworkMonitor/NetworkAgentInfo [WIFI () - 158]: Probably not a portal: exception java.io.IOException: unexpected end of stream on Connection{connectivitycheck.gstatic.com:80, proxy=HTTP@/192.168.2.12:8080 hostAddress=192.168.2.12 cipherSuite=none protocol=http/1.1} (recycle count=0)
08-04 17:38:42.823   918  3263 D ConnectivityService: NetworkAgentInfo [WIFI () - 158] validation failed
08-04 17:38:42.823   918  3261 E WifiConfigStore:  rewrite network history for "H369AA63323"WPA_PSK
08-04 17:38:42.831   380   380 W SurfaceFlinger: couldn't log to binary event log: overflow.
08-04 17:38:42.954 13842 13842 D PlaybackController: Releasing PlaybackController
08-04 17:38:43.052 13842 14314 I art     : Starting a blocking GC Explicit
08-04 17:38:43.085 13842 14314 I art     : Explicit concurrent mark sweep GC freed 21527(1158KB) AllocSpace objects, 1(20KB) LOS objects, 35% free, 28MB/44MB, paused 1.094ms total 33.555ms
08-04 17:38:43.095 13842 14314 I art     : Starting a blocking GC Explicit
08-04 17:38:43.122 13842 14314 I art     : Explicit concurrent mark sweep GC freed 7792(373KB) AllocSpace objects, 0(0B) LOS objects, 36% free, 28MB/44MB, paused 2.403ms total 26.775ms
08-04 17:38:43.130 13842 14314 I art     : Starting a blocking GC Explicit
08-04 17:38:43.156 13842 14314 I art     : Explicit concurrent mark sweep GC freed 3408(169KB) AllocSpace objects, 0(0B) LOS objects, 36% free, 28MB/44MB, paused 971us total 25.331ms
08-04 17:38:43.165 13842 14314 I art     : Starting a blocking GC Explicit
08-04 17:38:43.191 13842 14314 I art     : Explicit concurrent mark sweep GC freed 2666(129KB) AllocSpace objects, 0(0B) LOS objects, 36% free, 28MB/44MB, paused 1.021ms total 26.625ms
08-04 17:38:43.200 13842 14314 I art     : Starting a blocking GC Explicit
08-04 17:38:43.227 13842 14314 I art     : Explicit concurrent mark sweep GC freed 2659(142KB) AllocSpace objects, 0(0B) LOS objects, 35% free, 28MB/44MB, paused 1.060ms total 26.294ms
08-04 17:38:43.501 13842 13867 I art     : Starting a blocking GC Explicit
08-04 17:38:43.537 13842 13867 I art     : Explicit concurrent mark sweep GC freed 23233(1227KB) AllocSpace objects, 1(20KB) LOS objects, 35% free, 29MB/45MB, paused 1.002ms total 35.504ms
08-04 17:38:43.547 13842 13867 I art     : Starting a blocking GC Explicit
08-04 17:38:43.559   518   646 I ThermalEngine: ACTION: GPU - Setting GPU[0] to 450000000
08-04 17:38:43.586 13842 13867 I art     : Explicit concurrent mark sweep GC freed 9062(437KB) AllocSpace objects, 0(0B) LOS objects, 35% free, 28MB/44MB, paused 1.320ms total 39.269ms
08-04 17:38:43.598 13842 13867 I art     : Starting a blocking GC Explicit
08-04 17:38:43.634 13842 13867 I art     : Explicit concurrent mark sweep GC freed 3305(162KB) AllocSpace objects, 0(0B) LOS objects, 35% free, 28MB/44MB, paused 1.342ms total 35.209ms
08-04 17:38:43.646 13842 13867 I art     : Starting a blocking GC Explicit
08-04 17:38:43.681 13842 13867 I art     : Explicit concurrent mark sweep GC freed 2846(144KB) AllocSpace objects, 0(0B) LOS objects, 35% free, 29MB/45MB, paused 1.338ms total 35.217ms
08-04 17:38:43.693 13842 13867 I art     : Starting a blocking GC Explicit
08-04 17:38:43.729 13842 13867 I art     : Explicit concurrent mark sweep GC freed 2806(146KB) AllocSpace objects, 0(0B) LOS objects, 35% free, 29MB/45MB, paused 1.451ms total 35.278ms
08-04 17:38:44.080 13842 13867 I art     : Starting a blocking GC Explicit
08-04 17:38:44.127 13842 13867 I art     : Explicit concurrent mark sweep GC freed 22112(1198KB) AllocSpace objects, 1(20KB) LOS objects, 34% free, 29MB/45MB, paused 1.401ms total 46.768ms
08-04 17:38:44.141 13842 13867 I art     : Starting a blocking GC Explicit
08-04 17:38:44.179 13842 13867 I art     : Explicit concurrent mark sweep GC freed 6259(301KB) AllocSpace objects, 0(0B) LOS objects, 35% free, 29MB/45MB, paused 1.553ms total 38.406ms
08-04 17:38:44.192 13842 13867 I art     : Starting a blocking GC Explicit
08-04 17:38:44.229 13842 13867 I art     : Explicit concurrent mark sweep GC freed 5816(288KB) AllocSpace objects, 0(0B) LOS objects, 35% free, 29MB/45MB, paused 1.469ms total 36.829ms
08-04 17:38:44.241 13842 13867 I art     : Starting a blocking GC Explicit
08-04 17:38:44.279 13842 13867 I art     : Explicit concurrent mark sweep GC freed 2932(151KB) AllocSpace objects, 0(0B) LOS objects, 35% free, 29MB/45MB, paused 1.445ms total 37.874ms
08-04 17:38:44.292 13842 13867 I art     : Starting a blocking GC Explicit
08-04 17:38:44.330 13842 13867 I art     : Explicit concurrent mark sweep GC freed 3009(166KB) AllocSpace objects, 0(0B) LOS objects, 35% free, 29MB/45MB, paused 1.438ms total 37.922ms
08-04 17:38:44.662 13842 13854 I art     : Starting a blocking GC Explicit
08-04 17:38:44.711 13842 13854 I art     : Explicit concurrent mark sweep GC freed 21234(1185KB) AllocSpace objects, 1(20KB) LOS objects, 34% free, 30MB/46MB, paused 1.433ms total 48.836ms
08-04 17:38:44.725 13842 13854 I art     : Starting a blocking GC Explicit
08-04 17:38:44.765 13842 13854 I art     : Explicit concurrent mark sweep GC freed 6512(306KB) AllocSpace objects, 0(0B) LOS objects, 34% free, 30MB/46MB, paused 1.439ms total 39.821ms
08-04 17:38:44.778 13842 13854 I art     : Starting a blocking GC Explicit
08-04 17:38:44.817 13842 13854 I art     : Explicit concurrent mark sweep GC freed 5893(287KB) AllocSpace objects, 0(0B) LOS objects, 34% free, 30MB/46MB, paused 1.374ms total 38.846ms
08-04 17:38:44.831 13842 13854 I art     : Starting a blocking GC Explicit
08-04 17:38:44.871 13842 13854 I art     : Explicit concurrent mark sweep GC freed 3067(167KB) AllocSpace objects, 0(0B) LOS objects, 34% free, 30MB/46MB, paused 1.683ms total 39.878ms
08-04 17:38:44.884 13842 13854 I art     : Starting a blocking GC Explicit
08-04 17:38:44.925 13842 13854 I art     : Explicit concurrent mark sweep GC freed 3245(161KB) AllocSpace objects, 0(0B) LOS objects, 34% free, 30MB/46MB, paused 1.431ms total 40.406ms
08-04 17:38:45.250 13842 14314 I art     : Starting a blocking GC Explicit
08-04 17:38:45.304 13842 14314 I art     : Explicit concurrent mark sweep GC freed 21385(1124KB) AllocSpace objects, 1(20KB) LOS objects, 34% free, 30MB/46MB, paused 1.701ms total 53.141ms
08-04 17:38:45.318 13842 14314 I art     : Starting a blocking GC Explicit
08-04 17:38:45.360 13842 14314 I art     : Explicit concurrent mark sweep GC freed 7062(308KB) AllocSpace objects, 0(0B) LOS objects, 34% free, 30MB/46MB, paused 1.593ms total 42.380ms
08-04 17:38:45.374 13842 14314 I art     : Starting a blocking GC Explicit
08-04 17:38:45.415 13842 14314 I art     : Explicit concurrent mark sweep GC freed 5712(248KB) AllocSpace objects, 0(0B) LOS objects, 34% free, 30MB/46MB, paused 1.380ms total 41.035ms
08-04 17:38:45.428 13842 14314 I art     : Starting a blocking GC Explicit
08-04 17:38:45.471 13842 14314 I art     : Explicit concurrent mark sweep GC freed 3314(149KB) AllocSpace objects, 0(0B) LOS objects, 34% free, 30MB/46MB, paused 1.759ms total 42.370ms
08-04 17:38:45.485 13842 14314 I art     : Starting a blocking GC Explicit
08-04 17:38:45.528 13842 14314 I art     : Explicit concurrent mark sweep GC freed 3335(143KB) AllocSpace objects, 0(0B) LOS objects, 34% free, 30MB/46MB, paused 1.577ms total 43.379ms
08-04 17:38:45.727 13842 15108 D OnlineFeedViewActivity: Deleted feed source file. Result: true
08-04 17:38:45.735 13842 13842 D OnlineFeedViewActivity: Removing HTML from shownotes
08-04 17:38:45.852 13842 13855 I art     : Starting a blocking GC Explicit
08-04 17:38:45.905 13842 13855 I art     : Explicit concurrent mark sweep GC freed 59059(4MB) AllocSpace objects, 246(16MB) LOS objects, 32% free, 32MB/48MB, paused 1.449ms total 53.227ms
08-04 17:38:45.921 13842 13855 I art     : Starting a blocking GC Explicit
08-04 17:38:45.977 13842 13855 I art     : Explicit concurrent mark sweep GC freed 45998(3MB) AllocSpace objects, 203(13MB) LOS objects, 32% free, 32MB/48MB, paused 1.536ms total 55.144ms
08-04 17:38:45.992 13842 13855 I art     : Starting a blocking GC Explicit
08-04 17:38:46.044 13842 13855 I art     : Explicit concurrent mark sweep GC freed 43700(3MB) AllocSpace objects, 196(13MB) LOS objects, 32% free, 32MB/48MB, paused 1.572ms total 51.915ms
08-04 17:38:46.060 13842 13855 I art     : Starting a blocking GC Explicit
08-04 17:38:46.112 13842 13855 I art     : Explicit concurrent mark sweep GC freed 43292(3MB) AllocSpace objects, 189(12MB) LOS objects, 32% free, 32MB/48MB, paused 1.512ms total 52.229ms
08-04 17:38:46.128 13842 13855 I art     : Starting a blocking GC Explicit
08-04 17:38:46.179 13842 13855 I art     : Explicit concurrent mark sweep GC freed 42945(3MB) AllocSpace objects, 197(13MB) LOS objects, 32% free, 32MB/48MB, paused 1.473ms total 50.991ms
08-04 17:38:46.302 13842 14796 D ApOkHttpUrlLoader: buildLoadData() called with: model = [http://static.libsyn.com/p/assets/7/1/f/3/71f3014e14ef2722/JREiTunesImage2.jpg], width = [350], height = [350]
08-04 17:38:46.302 13842 13842 I Choreographer: Skipped 33 frames!  The application may be doing too much work on its main thread.
08-04 17:38:46.304 13842 14622 D DBReader: getImageAuthentication() called with: imageUrl = [http://static.libsyn.com/p/assets/7/1/f/3/71f3014e14ef2722/JREiTunesImage2.jpg]
08-04 17:38:46.306 13842 14622 D ApOkHttpUrlLoader: no credentials for 'http://static.libsyn.com/p/assets/7/1/f/3/71f3014e14ef2722/JREiTunesImage2.jpg'
08-04 17:38:46.422 13842 14622 D MYTAG   : interceptor 2a
08-04 17:38:46.422 13842 14622 I NAPPA_EXPERIMENTATION: MetricNetworkRequestExecutionTime: REQUEST_DURATION_SYSTEM='116',REQUEST_DURATION_OKHTTP='32',REQUEST_SYNCHRONOUS='TRUE',RESPONSE_CODE='200',RESPONSE_METHOD='GET',RESPONSE_LENGTH_OKHTTP='402832',RESPONSE_LENGTH_HEADER='402832',REQUEST_PROTOCOL='http/1.1',REQUEST_URL='http://static.libsyn.com/p/assets/7/1/f/3/71f3014e14ef2722/JREiTunesImage2.jpg',
08-04 17:38:46.481 13842 13855 I art     : Starting a blocking GC Explicit
08-04 17:38:46.530 13842 13855 I art     : Explicit concurrent mark sweep GC freed 19700(2MB) AllocSpace objects, 110(7MB) LOS objects, 33% free, 31MB/47MB, paused 1.206ms total 48.765ms
08-04 17:38:46.545 13842 13855 I art     : Starting a blocking GC Explicit
08-04 17:38:46.589 13842 13855 I art     : Explicit concurrent mark sweep GC freed 660(41KB) AllocSpace objects, 1(112KB) LOS objects, 33% free, 31MB/47MB, paused 1.183ms total 42.953ms
08-04 17:38:46.604 13842 13855 I art     : Starting a blocking GC Explicit
08-04 17:38:46.647 13842 13855 I art     : Explicit concurrent mark sweep GC freed 78(3KB) AllocSpace objects, 0(0B) LOS objects, 33% free, 31MB/47MB, paused 1.081ms total 42.835ms
08-04 17:38:46.661 13842 13855 I art     : Starting a blocking GC Explicit
08-04 17:38:46.708 13842 13855 I art     : Explicit concurrent mark sweep GC freed 5(176B) AllocSpace objects, 0(0B) LOS objects, 33% free, 31MB/47MB, paused 1.159ms total 47.055ms
08-04 17:38:46.723 13842 13855 I art     : Starting a blocking GC Explicit
08-04 17:38:46.772 13842 13855 I art     : Explicit concurrent mark sweep GC freed 3(96B) AllocSpace objects, 0(0B) LOS objects, 33% free, 31MB/47MB, paused 1.115ms total 48.227ms
08-04 17:38:46.931 15176 15176 D AndroidRuntime: >>>>>> START com.android.internal.os.RuntimeInit uid 2000 <<<<<<
08-04 17:38:46.940 15176 15176 D AndroidRuntime: CheckJNI is OFF
08-04 17:38:46.983 15176 15176 D ICU     : No timezone override file found: /data/misc/zoneinfo/current/icu/icu_tzdata.dat
08-04 17:38:47.025 15176 15176 I Radio-JNI: register_android_hardware_Radio DONE
08-04 17:38:47.053 15176 15176 D AndroidRuntime: Calling main entry com.android.commands.input.Input
08-04 17:38:47.056 15176 15176 I Input   : injectMotionEvent: MotionEvent { action=ACTION_DOWN, actionButton=0, id[0]=0, x[0]=693.0, y[0]=821.0, toolType[0]=TOOL_TYPE_UNKNOWN, buttonState=0, metaState=0, flags=0x0, edgeFlags=0x0, pointerCount=1, historySize=0, eventTime=725943468, downTime=725943468, deviceId=0, source=0x1002 }
08-04 17:38:47.060 15176 15176 I Input   : injectMotionEvent: MotionEvent { action=ACTION_UP, actionButton=0, id[0]=0, x[0]=693.0, y[0]=821.0, toolType[0]=TOOL_TYPE_UNKNOWN, buttonState=0, metaState=0, flags=0x0, edgeFlags=0x0, pointerCount=1, historySize=0, eventTime=725943468, downTime=725943468, deviceId=0, source=0x1002 }
08-04 17:38:47.063 15176 15176 D AndroidRuntime: Shutting down VM
08-04 17:38:47.071 13842 13842 D UserPreferences: Using default data folder
08-04 17:38:47.072 13842 13842 D DownloadRequester: partiallyDownloadedFileExists: false
08-04 17:38:47.072 13842 13842 D DownloadRequester: /storage/emulated/0/Android/data/baseline.de.danoeh.antennapod.debug/files/cache/feed-The Joe Rogan Experience is available as a download destination
08-04 17:38:47.072 13842 13842 D DownloadRequester: Requesting download of url http://joeroganexp.joerogan.libsynpro.com/rss
08-04 17:38:47.073   512  2967 D audio_hw_primary: out_set_parameters: enter: usecase(1: low-latency-playback) kvpairs: routing=2
08-04 17:38:47.086   512  2967 D audio_hw_primary: select_devices: out_snd_device(2: speaker) in_snd_device(0: none)
08-04 17:38:47.086   512  2967 D msm8974_platform: platform_send_audio_calibration: sending audio calibration for snd_device(2) acdb_id(15)
08-04 17:38:47.086   512  2967 I soundtrigger: audio_extn_sound_trigger_update_device_status: device 0x2 of type 0 for Event 1
08-04 17:38:47.089 13842 13842 D DownloadService: Service started
08-04 17:38:47.091 13842 13842 D DownloadService: parallel downloads: 4
08-04 17:38:47.095 13842 13842 D DownloadService: Notification set up
08-04 17:38:47.095 13842 15203 D downloadCompletionThd: downloadCompletionThread was started
08-04 17:38:47.098   512  2967 D audio_hw_primary: enable_snd_device: snd_device(2: speaker)
08-04 17:38:47.100 13842 13842 D DownloadService: Received enqueue request
08-04 17:38:47.100 13842 13842 D OnlineFeedViewActivity: onEventMainThread() called with: event = [DownloadEvent{update=DownloaderUpdate{downloaders=[baseline.de.danoeh.antennapod.core.service.download.HttpDownloader@5386099], feedIds=[0], mediaIds=[]}}]
08-04 17:38:47.101 13842 13842 D DownloadService: 1 downloads left
08-04 17:38:47.101 13842 13842 D DownloadService: Setting up notification updater
08-04 17:38:47.102   512  2967 D audio_hw_primary: enable_audio_route: apply and update mixer path: low-latency-playback speaker
08-04 17:38:47.105   918  3714 D WifiService: acquireWifiLockLocked: WifiLock{Downloader type=1 binder=android.os.BinderProxy@2894829}
08-04 17:38:47.107 13842 15205 D AntennapodHttpClient: Creating new instance of HTTP client
08-04 17:38:47.129 13842 14314 I art     : Starting a blocking GC Explicit
08-04 17:38:47.172 13842 14314 I art     : Explicit concurrent mark sweep GC freed 2458(138KB) AllocSpace objects, 1(20KB) LOS objects, 33% free, 31MB/47MB, paused 1.385ms total 42.159ms
08-04 17:38:47.185 13842 14314 I art     : Starting a blocking GC Explicit
08-04 17:38:47.230 13842 14314 I art     : Explicit concurrent mark sweep GC freed 53(2240B) AllocSpace objects, 0(0B) LOS objects, 33% free, 31MB/47MB, paused 1.291ms total 44.687ms
08-04 17:38:47.238 13842 15205 D MYTAG   : interceptor 3a http://joeroganexp.joerogan.libsynpro.com/rss
08-04 17:38:47.238 13842 15205 I NAPPA_EXPERIMENTATION: MetricNetworkRequestExecutionTime: REQUEST_DURATION_SYSTEM='129',REQUEST_DURATION_OKHTTP='29',REQUEST_SYNCHRONOUS='TRUE',RESPONSE_CODE='200',RESPONSE_METHOD='GET',RESPONSE_LENGTH_OKHTTP='-1',RESPONSE_LENGTH_HEADER='307892',REQUEST_PROTOCOL='http/1.1',REQUEST_URL='http://joeroganexp.joerogan.libsynpro.com/rss',
08-04 17:38:47.239 13842 15205 D HttpDownloader: Response code is 200
08-04 17:38:47.239 13842 15205 D UserPreferences: Using default data folder
08-04 17:38:47.241 13842 15205 D HttpDownloader: Getting size of download
08-04 17:38:47.241 13842 15205 D HttpDownloader: Size is -1
08-04 17:38:47.241 13842 15205 D UserPreferences: Using default data folder
08-04 17:38:47.241 13842 15205 D HttpDownloader: Free space is 20238413824
08-04 17:38:47.241 13842 15205 D HttpDownloader: Starting download
08-04 17:38:47.245 13842 14314 I art     : Starting a blocking GC Explicit
08-04 17:38:47.286 13842 14314 I art     : Explicit concurrent mark sweep GC freed 237(18KB) AllocSpace objects, 0(0B) LOS objects, 33% free, 31MB/47MB, paused 1.122ms total 40.975ms
08-04 17:38:47.300 13842 14314 I art     : Starting a blocking GC Explicit
08-04 17:38:47.341 13842 14314 I art     : Explicit concurrent mark sweep GC freed 6(192B) AllocSpace objects, 0(0B) LOS objects, 33% free, 31MB/47MB, paused 1.196ms total 40.213ms
08-04 17:38:47.354 13842 14314 I art     : Starting a blocking GC Explicit
08-04 17:38:47.379 13842 15205 D HttpDownloader: Download was successful
08-04 17:38:47.380   918  5481 D WifiService: releaseWifiLockLocked: WifiLock{Downloader type=1 binder=android.os.BinderProxy@2894829}
08-04 17:38:47.380 13842 15203 D downloadCompletionThd: Received 'Download Complete' - message.
08-04 17:38:47.380 13842 15203 D DownloadService: Handling completed Feed Download
08-04 17:38:47.381 13842 13842 D DownloadService: Removing downloader: http://joeroganexp.joerogan.libsynpro.com/rss
08-04 17:38:47.381 13842 13842 D DownloadService: Result of downloads.remove: true
08-04 17:38:47.381 13842 13842 D OnlineFeedViewActivity: onEventMainThread() called with: event = [DownloadEvent{update=DownloaderUpdate{downloaders=[], feedIds=[], mediaIds=[]}}]
08-04 17:38:47.385 13842 15208 D TypeGetter: Recognized type RSS 2.0
08-04 17:38:47.388 13842 15208 D SyndHandler: Recognized Atom namespace
08-04 17:38:47.389 13842 15208 D SyndHandler: Recognized ITunes namespace
08-04 17:38:47.389 13842 15208 D SyndHandler: Recognized media namespace
08-04 17:38:47.389 13842 15208 D SyndHandler: Recognized Content namespace
08-04 17:38:47.396 13842 14314 I art     : Explicit concurrent mark sweep GC freed 451(135KB) AllocSpace objects, 3(60KB) LOS objects, 33% free, 31MB/47MB, paused 1.414ms total 41.891ms
08-04 17:38:47.638   512  2967 D audio_hw_primary: disable_audio_route: reset and update mixer path: low-latency-playback speaker
08-04 17:38:47.640   512  2967 D audio_hw_primary: disable_snd_device: snd_device(2: speaker)
08-04 17:38:47.648   512  2967 I soundtrigger: audio_extn_sound_trigger_update_device_status: device 0x2 of type 0 for Event 0
08-04 17:38:47.698 13842 14314 I art     : Starting a blocking GC Explicit
08-04 17:38:47.751 13842 14314 I art     : Explicit concurrent mark sweep GC freed 19238(1069KB) AllocSpace objects, 1(20KB) LOS objects, 33% free, 32MB/48MB, paused 1.453ms total 52.709ms
08-04 17:38:47.766 13842 14314 I art     : Starting a blocking GC Explicit
08-04 17:38:47.810 13842 14314 I art     : Explicit concurrent mark sweep GC freed 8555(410KB) AllocSpace objects, 0(0B) LOS objects, 33% free, 32MB/48MB, paused 1.376ms total 44.120ms
08-04 17:38:47.824 13842 14314 I art     : Starting a blocking GC Explicit
08-04 17:38:47.856   918 13198 D NetlinkSocketObserver: NeighborEvent{elapsedMs=1709331731, 192.168.2.254, [7C3953A63323], RTM_NEWNEIGH, NUD_PROBE}
08-04 17:38:47.867 13842 14314 I art     : Explicit concurrent mark sweep GC freed 3617(186KB) AllocSpace objects, 0(0B) LOS objects, 33% free, 32MB/48MB, paused 1.388ms total 42.428ms
08-04 17:38:47.881 13842 14314 I art     : Starting a blocking GC Explicit
08-04 17:38:47.923 13842 14314 I art     : Explicit concurrent mark sweep GC freed 3557(179KB) AllocSpace objects, 0(0B) LOS objects, 33% free, 32MB/48MB, paused 1.420ms total 42.340ms
08-04 17:38:47.937 13842 14314 I art     : Starting a blocking GC Explicit
08-04 17:38:47.980 13842 14314 I art     : Explicit concurrent mark sweep GC freed 3571(181KB) AllocSpace objects, 0(0B) LOS objects, 33% free, 32MB/48MB, paused 1.426ms total 42.957ms
08-04 17:38:48.291 13842 13855 I art     : Starting a blocking GC Explicit
08-04 17:38:48.348 13842 13855 I art     : Explicit concurrent mark sweep GC freed 21145(1119KB) AllocSpace objects, 1(20KB) LOS objects, 32% free, 32MB/48MB, paused 1.745ms total 57.036ms
08-04 17:38:48.364 13842 13855 I art     : Starting a blocking GC Explicit
08-04 17:38:48.414 13842 13855 I art     : Explicit concurrent mark sweep GC freed 9079(435KB) AllocSpace objects, 0(0B) LOS objects, 32% free, 32MB/48MB, paused 1.610ms total 49.614ms
08-04 17:38:48.429 13842 13855 I art     : Starting a blocking GC Explicit
08-04 17:38:48.479 13842 13855 I art     : Explicit concurrent mark sweep GC freed 3796(200KB) AllocSpace objects, 0(0B) LOS objects, 32% free, 32MB/48MB, paused 1.569ms total 49.978ms
08-04 17:38:48.495 13842 13855 I art     : Starting a blocking GC Explicit
08-04 17:38:48.545 13842 13855 I art     : Explicit concurrent mark sweep GC freed 3911(197KB) AllocSpace objects, 0(0B) LOS objects, 32% free, 32MB/48MB, paused 1.636ms total 50.388ms
08-04 17:38:48.561 13842 13855 I art     : Starting a blocking GC Explicit
08-04 17:38:48.612 13842 13855 I art     : Explicit concurrent mark sweep GC freed 3777(192KB) AllocSpace objects, 0(0B) LOS objects, 32% free, 32MB/48MB, paused 1.659ms total 50.694ms
08-04 17:38:48.883 13842 13842 D OnlineFeedViewActivity: onEventMainThread() called with: event = [DownloadEvent{update=DownloaderUpdate{downloaders=[], feedIds=[], mediaIds=[]}}]
08-04 17:38:48.934 13842 13867 I art     : Starting a blocking GC Explicit
08-04 17:38:48.996 13842 13867 I art     : Explicit concurrent mark sweep GC freed 21416(1164KB) AllocSpace objects, 1(20KB) LOS objects, 32% free, 33MB/49MB, paused 1.733ms total 61.408ms
08-04 17:38:49.014 13842 13867 I art     : Starting a blocking GC Explicit
08-04 17:38:49.069 13842 13867 I art     : Explicit concurrent mark sweep GC freed 6328(311KB) AllocSpace objects, 0(0B) LOS objects, 32% free, 33MB/49MB, paused 1.968ms total 55.112ms
08-04 17:38:49.085 13842 13867 I art     : Starting a blocking GC Explicit
08-04 17:38:49.135 13842 13867 I art     : Explicit concurrent mark sweep GC freed 7366(364KB) AllocSpace objects, 0(0B) LOS objects, 32% free, 33MB/49MB, paused 1.572ms total 50.592ms
08-04 17:38:49.151 13842 13867 I art     : Starting a blocking GC Explicit
08-04 17:38:49.207 13842 13867 I art     : Explicit concurrent mark sweep GC freed 4121(226KB) AllocSpace objects, 0(0B) LOS objects, 32% free, 33MB/49MB, paused 1.785ms total 56.282ms
08-04 17:38:49.224 13842 13867 I art     : Starting a blocking GC Explicit
08-04 17:38:49.281 13842 13867 I art     : Explicit concurrent mark sweep GC freed 4135(220KB) AllocSpace objects, 0(0B) LOS objects, 32% free, 33MB/49MB, paused 1.634ms total 56.889ms
08-04 17:38:49.606 13842 14314 I art     : Starting a blocking GC Explicit
08-04 17:38:49.679 13842 14314 I art     : Explicit concurrent mark sweep GC freed 21664(1188KB) AllocSpace objects, 1(20KB) LOS objects, 31% free, 34MB/50MB, paused 1.823ms total 72.297ms
08-04 17:38:49.696 13842 14314 I art     : Starting a blocking GC Explicit
08-04 17:38:49.754 13842 14314 I art     : Explicit concurrent mark sweep GC freed 6204(315KB) AllocSpace objects, 0(0B) LOS objects, 31% free, 34MB/50MB, paused 1.913ms total 57.404ms
08-04 17:38:49.771 13842 14314 I art     : Starting a blocking GC Explicit
08-04 17:38:49.831 13842 14314 I art     : Explicit concurrent mark sweep GC freed 8335(406KB) AllocSpace objects, 0(0B) LOS objects, 31% free, 34MB/50MB, paused 1.788ms total 60.291ms
08-04 17:38:49.848 13842 14314 I art     : Starting a blocking GC Explicit
08-04 17:38:49.906 13842 14314 I art     : Explicit concurrent mark sweep GC freed 4375(222KB) AllocSpace objects, 0(0B) LOS objects, 31% free, 34MB/50MB, paused 1.722ms total 57.576ms
08-04 17:38:49.922 13842 14314 I art     : Starting a blocking GC Explicit
08-04 17:38:49.982 13842 14314 I art     : Explicit concurrent mark sweep GC freed 4487(235KB) AllocSpace objects, 0(0B) LOS objects, 31% free, 34MB/50MB, paused 1.722ms total 59.254ms
08-04 17:38:50.323 13842 13855 I art     : Starting a blocking GC Explicit
08-04 17:38:50.387 13842 13842 D OnlineFeedViewActivity: onEventMainThread() called with: event = [DownloadEvent{update=DownloaderUpdate{downloaders=[], feedIds=[], mediaIds=[]}}]
08-04 17:38:50.398 13842 13855 I art     : Explicit concurrent mark sweep GC freed 23094(1123KB) AllocSpace objects, 1(20KB) LOS objects, 31% free, 34MB/50MB, paused 1.986ms total 74.985ms
08-04 17:38:50.416 13842 13855 I art     : Starting a blocking GC Explicit
08-04 17:38:50.479 13842 13855 I art     : Explicit concurrent mark sweep GC freed 5836(255KB) AllocSpace objects, 0(0B) LOS objects, 31% free, 34MB/50MB, paused 1.922ms total 62.886ms
08-04 17:38:50.497 13842 13855 I art     : Starting a blocking GC Explicit
08-04 17:38:50.554 13842 13855 I art     : Explicit concurrent mark sweep GC freed 9339(425KB) AllocSpace objects, 0(0B) LOS objects, 31% free, 34MB/50MB, paused 1.754ms total 56.516ms
08-04 17:38:50.572 13842 13855 I art     : Starting a blocking GC Explicit
08-04 17:38:50.629 13842 13855 I art     : Explicit concurrent mark sweep GC freed 4537(216KB) AllocSpace objects, 0(0B) LOS objects, 31% free, 34MB/50MB, paused 1.990ms total 57.248ms
08-04 17:38:50.647 13842 13855 I art     : Starting a blocking GC Explicit
08-04 17:38:50.674 13842 15208 D FeedSyncThread: The Joe Rogan Experience parsed
08-04 17:38:50.682 13842 15208 D FeedSyncThread: Deletion of file '/storage/emulated/0/Android/data/baseline.de.danoeh.antennapod.debug/files/cache/feed-The Joe Rogan Experience' successful
08-04 17:38:50.682 13842 15208 D DBReader: getFeedDownloadLog() called with: feed = [baseline.de.danoeh.antennapod.core.feed.Feed@0]
08-04 17:38:50.684 13842 15204 D FeedSyncThread: Bundling 1 feeds
08-04 17:38:50.686 13842 15259 D DBReader: Extracting Feedlist
08-04 17:38:50.689 13842 15259 D DBTasks : Found no existing Feed with title The Joe Rogan Experience. Adding as new one.
08-04 17:38:50.700 13842 14924 D PodDBAdapter: Setting feed with flattr status The Joe Rogan Experience: 0
08-04 17:38:50.700 13842 14924 D baseline.de.danoeh.antennapod.core.storage.PodDBAdapter@80c0893: Inserting new Feed into db
08-04 17:38:50.709 13842 13855 I art     : Explicit concurrent mark sweep GC freed 6910(240KB) AllocSpace objects, 0(0B) LOS objects, 31% free, 34MB/50MB, paused 1.522ms total 61.711ms
08-04 17:38:50.958 11375 11375 I ServiceManager: Waiting for service AtCmdFwd...
08-04 17:38:51.021 13842 13867 I art     : Starting a blocking GC Explicit
08-04 17:38:51.096 13842 13867 I art     : Explicit concurrent mark sweep GC freed 95749(6MB) AllocSpace objects, 1(20KB) LOS objects, 31% free, 34MB/50MB, paused 1.306ms total 74.322ms
08-04 17:38:51.113 13842 13867 I art     : Starting a blocking GC Explicit
08-04 17:38:51.171 13842 13867 I art     : Explicit concurrent mark sweep GC freed 23588(1761KB) AllocSpace objects, 0(0B) LOS objects, 31% free, 34MB/50MB, paused 1.573ms total 57.799ms
08-04 17:38:51.189 13842 13867 I art     : Starting a blocking GC Explicit
08-04 17:38:51.237 13842 13842 D EventDistributor: Processing event queue. Number of events: 1
08-04 17:38:51.237 13842 13842 D EventDistributor: Notifying observers. Data: 1
08-04 17:38:51.238 13842 14418 D DBReader: Extracting Feedlist
08-04 17:38:51.238 13842 13842 D DownloadService: 0 downloads left
08-04 17:38:51.238 13842 13842 D DownloadService: Number of downloads is 0, attempting shutdown
08-04 17:38:51.239 13842 13842 D DownloadService: Service shutting down
08-04 17:38:51.239 13842 13842 D DownloadService: No report is created
08-04 17:38:51.239 13842 13842 D OnlineFeedViewActivity: onEventMainThread() called with: event = [DownloadEvent{update=DownloaderUpdate{downloaders=[], feedIds=[], mediaIds=[]}}]
08-04 17:38:51.245 13842 15203 E downloadCompletionThd: DownloadCompletionThread was interrupted
08-04 17:38:51.245 13842 13842 D DownloadService: NotificationUpdater cancelled. Result: false
08-04 17:38:51.245 13842 13867 I art     : Explicit concurrent mark sweep GC freed 2427(198KB) AllocSpace objects, 1(20KB) LOS objects, 31% free, 34MB/50MB, paused 1.329ms total 55.741ms
08-04 17:38:51.245 13842 13842 D DBTasks : autodownloadUndownloadedItems
08-04 17:38:51.247 13842 14925 D NetworkUtils: Device is connected to Wi-Fi
08-04 17:38:51.247 13842 14925 D NetworkUtils: Auto-dl filter is disabled
08-04 17:38:51.263 13842 13867 I art     : Starting a blocking GC Explicit
08-04 17:38:51.308 13842 13867 I art     : Explicit concurrent mark sweep GC freed 30605(3MB) AllocSpace objects, 0(0B) LOS objects, 33% free, 31MB/47MB, paused 1.061ms total 44.860ms
08-04 17:38:51.321 13842 13867 I art     : Starting a blocking GC Explicit
08-04 17:38:51.364 13842 13867 I art     : Explicit concurrent mark sweep GC freed 7(208B) AllocSpace objects, 0(0B) LOS objects, 33% free, 31MB/47MB, paused 1.156ms total 42.248ms
08-04 17:38:51.715 13842 13855 I art     : Starting a blocking GC Explicit
08-04 17:38:51.771 13842 13855 I art     : Explicit concurrent mark sweep GC freed 1387(82KB) AllocSpace objects, 1(20KB) LOS objects, 33% free, 31MB/47MB, paused 1.294ms total 55.998ms
08-04 17:38:51.789 13842 13855 I art     : Starting a blocking GC Explicit
08-04 17:38:51.839 13842 13855 I art     : Explicit concurrent mark sweep GC freed 23(752B) AllocSpace objects, 0(0B) LOS objects, 33% free, 31MB/47MB, paused 1.300ms total 49.032ms
08-04 17:38:51.843 15270 15270 D AndroidRuntime: >>>>>> START com.android.internal.os.RuntimeInit uid 2000 <<<<<<
08-04 17:38:51.849 15270 15270 D AndroidRuntime: CheckJNI is OFF
08-04 17:38:51.854 13842 13855 I art     : Starting a blocking GC Explicit
08-04 17:38:51.894 15270 15270 D ICU     : No timezone override file found: /data/misc/zoneinfo/current/icu/icu_tzdata.dat
08-04 17:38:51.901 13842 13855 I art     : Explicit concurrent mark sweep GC freed 3(96B) AllocSpace objects, 0(0B) LOS objects, 33% free, 31MB/47MB, paused 1.145ms total 46.650ms
08-04 17:38:51.916 13842 13855 I art     : Starting a blocking GC Explicit
08-04 17:38:51.941 15270 15270 I Radio-JNI: register_android_hardware_Radio DONE
08-04 17:38:51.959 11375 11375 I ServiceManager: Waiting for service AtCmdFwd...
08-04 17:38:51.963 13842 13855 I art     : Explicit concurrent mark sweep GC freed 3(96B) AllocSpace objects, 0(0B) LOS objects, 33% free, 31MB/47MB, paused 1.221ms total 46.448ms
08-04 17:38:51.971 15270 15270 D AndroidRuntime: Calling main entry com.android.commands.input.Input
08-04 17:38:51.974 15270 15270 I Input   : injectKeyEvent: KeyEvent { action=ACTION_DOWN, keyCode=KEYCODE_BACK, scanCode=0, metaState=0, flags=0x0, repeatCount=0, eventTime=725948386, downTime=725948386, deviceId=-1, source=0x101 }
08-04 17:38:51.977 13842 13855 I art     : Starting a blocking GC Explicit
08-04 17:38:51.980 15270 15270 I Input   : injectKeyEvent: KeyEvent { action=ACTION_UP, keyCode=KEYCODE_BACK, scanCode=0, metaState=0, flags=0x0, repeatCount=0, eventTime=725948386, downTime=725948386, deviceId=-1, source=0x101 }
08-04 17:38:51.986 15270 15270 D AndroidRuntime: Shutting down VM
08-04 17:38:51.993 13842 13842 V PlaybackController: initServiceNotRunning()
08-04 17:38:51.994 13842 13842 D ExternalPlayerFragment: Loading media info
08-04 17:38:51.999 13842 13842 D UserPreferences: Using default data folder
08-04 17:38:52.000 13842 14418 D DBReader: getNavDrawerData() called with: 
08-04 17:38:52.015 13842 14418 D DBReader: getDownloadedItems() called
08-04 17:38:52.018 13842 14418 D DBReader: getFavoriteIDList() called
08-04 17:38:52.020 13842 14418 D DBReader: getQueueIDList() called
08-04 17:38:52.021 13842 13855 I art     : Explicit concurrent mark sweep GC freed 507(36KB) AllocSpace objects, 0(0B) LOS objects, 33% free, 31MB/47MB, paused 1.347ms total 42.853ms
08-04 17:38:52.021 13842 14418 D DBReader: Extracting Feedlist
08-04 17:38:52.032 13866 13866 I GoogleInputMethodServic: GoogleInputMethodService.onFinishInput():3138 
08-04 17:38:52.032 13842 13842 D MainActivity: getLastNavFragment() -> AddFeedFragment
08-04 17:38:52.032 13866 13866 I GoogleInputMethodServic: GoogleInputMethodService.onStartInput():1808 
08-04 17:38:52.038 13842 14796 D ApOkHttpUrlLoader: buildLoadData() called with: model = [http://static.libsyn.com/p/assets/7/1/f/3/71f3014e14ef2722/JREiTunesImage2.jpg], width = [140], height = [140]
08-04 17:38:52.078 13842 14796 D ApOkHttpUrlLoader: buildLoadData() called with: model = [http://static.libsyn.com/p/assets/7/1/f/3/71f3014e14ef2722/JREiTunesImage2.jpg], width = [140], height = [140]
08-04 17:38:52.335 13842 13867 I art     : Starting a blocking GC Explicit
08-04 17:38:52.358   380   380 W SurfaceFlinger: couldn't log to binary event log: overflow.
08-04 17:38:52.384 13842 13867 I art     : Explicit concurrent mark sweep GC freed 3040(179KB) AllocSpace objects, 1(20KB) LOS objects, 33% free, 31MB/47MB, paused 1.123ms total 48.755ms
08-04 17:38:52.397 13842 13867 I art     : Starting a blocking GC Explicit
08-04 17:38:52.440 13842 13867 I art     : Explicit concurrent mark sweep GC freed 519(25KB) AllocSpace objects, 0(0B) LOS objects, 33% free, 31MB/47MB, paused 1.144ms total 42.345ms
08-04 17:38:52.453 13842 13867 I art     : Starting a blocking GC Explicit
08-04 17:38:52.492 13842 13867 I art     : Explicit concurrent mark sweep GC freed 33311(3MB) AllocSpace objects, 2(248KB) LOS objects, 36% free, 28MB/44MB, paused 1.160ms total 38.390ms
08-04 17:38:52.504 13842 13867 I art     : Starting a blocking GC Explicit
08-04 17:38:52.538 13842 13867 I art     : Explicit concurrent mark sweep GC freed 3(96B) AllocSpace objects, 0(0B) LOS objects, 36% free, 28MB/44MB, paused 1.301ms total 33.019ms
08-04 17:38:52.549 13842 13867 I art     : Starting a blocking GC Explicit
08-04 17:38:52.583 13842 13867 I art     : Explicit concurrent mark sweep GC freed 3(96B) AllocSpace objects, 0(0B) LOS objects, 36% free, 28MB/44MB, paused 1.147ms total 33.944ms
08-04 17:38:52.894 13842 13855 I art     : Starting a blocking GC Explicit
08-04 17:38:52.937 13842 13855 I art     : Explicit concurrent mark sweep GC freed 1377(82KB) AllocSpace objects, 1(20KB) LOS objects, 36% free, 28MB/44MB, paused 1.199ms total 43.041ms
08-04 17:38:52.952 13842 13855 I art     : Starting a blocking GC Explicit
08-04 17:38:52.960 11375 11375 I ServiceManager: Waiting for service AtCmdFwd...
08-04 17:38:52.986 13842 13855 I art     : Explicit concurrent mark sweep GC freed 23(752B) AllocSpace objects, 0(0B) LOS objects, 36% free, 28MB/44MB, paused 1.167ms total 34.372ms
08-04 17:38:52.998 13842 13855 I art     : Starting a blocking GC Explicit
08-04 17:38:53.033 13842 13855 I art     : Explicit concurrent mark sweep GC freed 3(96B) AllocSpace objects, 0(0B) LOS objects, 36% free, 28MB/44MB, paused 1.178ms total 34.696ms
08-04 17:38:53.045 13842 13855 I art     : Starting a blocking GC Explicit
08-04 17:38:53.079 13842 13855 I art     : Explicit concurrent mark sweep GC freed 3(96B) AllocSpace objects, 0(0B) LOS objects, 36% free, 28MB/44MB, paused 1.201ms total 33.864ms
08-04 17:38:53.091 13842 13855 I art     : Starting a blocking GC Explicit
08-04 17:38:53.126 13842 13855 I art     : Explicit concurrent mark sweep GC freed 3(96B) AllocSpace objects, 0(0B) LOS objects, 36% free, 28MB/44MB, paused 1.170ms total 34.780ms
08-04 17:38:53.422 13842 13854 I art     : Starting a blocking GC Explicit
08-04 17:38:53.460 13842 13854 I art     : Explicit concurrent mark sweep GC freed 1402(81KB) AllocSpace objects, 1(20KB) LOS objects, 36% free, 28MB/44MB, paused 1.319ms total 38.053ms
08-04 17:38:53.475 13842 13854 I art     : Starting a blocking GC Explicit
08-04 17:38:53.509 13842 13854 I art     : Explicit concurrent mark sweep GC freed 23(752B) AllocSpace objects, 0(0B) LOS objects, 36% free, 28MB/44MB, paused 1.253ms total 33.504ms
08-04 17:38:53.520 13842 13854 I art     : Starting a blocking GC Explicit
08-04 17:38:53.553 13842 13854 I art     : Explicit concurrent mark sweep GC freed 3(96B) AllocSpace objects, 0(0B) LOS objects, 36% free, 28MB/44MB, paused 1.176ms total 32.810ms
08-04 17:38:53.565 13842 13854 I art     : Starting a blocking GC Explicit
08-04 17:38:53.598 13842 13854 I art     : Explicit concurrent mark sweep GC freed 3(96B) AllocSpace objects, 0(0B) LOS objects, 36% free, 28MB/44MB, paused 1.301ms total 32.849ms
08-04 17:38:53.610 13842 13854 I art     : Starting a blocking GC Explicit
08-04 17:38:53.648 13842 13854 I art     : Explicit concurrent mark sweep GC freed 6(192B) AllocSpace objects, 0(0B) LOS objects, 36% free, 28MB/44MB, paused 1.273ms total 37.441ms
08-04 17:38:53.794 15314 15314 D AndroidRuntime: >>>>>> START com.android.internal.os.RuntimeInit uid 2000 <<<<<<
08-04 17:38:53.800 15314 15314 D AndroidRuntime: CheckJNI is OFF
08-04 17:38:53.842 15314 15314 D ICU     : No timezone override file found: /data/misc/zoneinfo/current/icu/icu_tzdata.dat
08-04 17:38:53.885 15314 15314 I Radio-JNI: register_android_hardware_Radio DONE
08-04 17:38:53.913 15314 15314 D AndroidRuntime: Calling main entry com.android.commands.input.Input
08-04 17:38:53.914 15314 15314 I Input   : injectMotionEvent: MotionEvent { action=ACTION_DOWN, actionButton=0, id[0]=0, x[0]=639.0, y[0]=762.0, toolType[0]=TOOL_TYPE_UNKNOWN, buttonState=0, metaState=0, flags=0x0, edgeFlags=0x0, pointerCount=1, historySize=0, eventTime=725950327, downTime=725950327, deviceId=0, source=0x1002 }
08-04 17:38:53.918 15314 15314 I Input   : injectMotionEvent: MotionEvent { action=ACTION_UP, actionButton=0, id[0]=0, x[0]=639.0, y[0]=762.0, toolType[0]=TOOL_TYPE_UNKNOWN, buttonState=0, metaState=0, flags=0x0, edgeFlags=0x0, pointerCount=1, historySize=0, eventTime=725950327, downTime=725950327, deviceId=0, source=0x1002 }
08-04 17:38:53.920 15314 15314 D AndroidRuntime: Shutting down VM
08-04 17:38:53.960 11375 11375 I ServiceManager: Waiting for service AtCmdFwd...
08-04 17:38:53.973 13842 13855 I art     : Starting a blocking GC Explicit
08-04 17:38:53.987   512  2967 D audio_hw_primary: out_set_parameters: enter: usecase(1: low-latency-playback) kvpairs: routing=2
08-04 17:38:54.000 13866 13866 I GoogleInputMethodServic: GoogleInputMethodService.onFinishInput():3138 
08-04 17:38:54.000   512  2967 D audio_hw_primary: select_devices: out_snd_device(2: speaker) in_snd_device(0: none)
08-04 17:38:54.000   512  2967 D msm8974_platform: platform_send_audio_calibration: sending audio calibration for snd_device(2) acdb_id(15)
08-04 17:38:54.000 13866 13866 I GoogleInputMethodServic: GoogleInputMethodService.onStartInput():1808 
08-04 17:38:54.001   512  2967 I soundtrigger: audio_extn_sound_trigger_update_device_status: device 0x2 of type 0 for Event 1
08-04 17:38:54.008 13842 13855 I art     : Explicit concurrent mark sweep GC freed 1833(102KB) AllocSpace objects, 1(20KB) LOS objects, 36% free, 28MB/44MB, paused 1.317ms total 34.481ms
08-04 17:38:54.012   512  2967 D audio_hw_primary: enable_snd_device: snd_device(2: speaker)
08-04 17:38:54.014   512  2967 D audio_hw_primary: enable_audio_route: apply and update mixer path: low-latency-playback speaker
08-04 17:38:54.020 13842 13855 I art     : Starting a blocking GC Explicit
08-04 17:38:54.053 13842 13855 I art     : Explicit concurrent mark sweep GC freed 53(2144B) AllocSpace objects, 0(0B) LOS objects, 36% free, 28MB/44MB, paused 1.200ms total 32.652ms
08-04 17:38:54.064 13842 13855 I art     : Starting a blocking GC Explicit
08-04 17:38:54.096 13842 13855 I art     : Explicit concurrent mark sweep GC freed 20(736B) AllocSpace objects, 0(0B) LOS objects, 36% free, 28MB/44MB, paused 1.385ms total 31.451ms
08-04 17:38:54.108 13842 13855 I art     : Starting a blocking GC Explicit
08-04 17:38:54.140 13842 13855 I art     : Explicit concurrent mark sweep GC freed 15(544B) AllocSpace objects, 0(0B) LOS objects, 36% free, 28MB/44MB, paused 1.373ms total 32.073ms
08-04 17:38:54.152 13842 13855 I art     : Starting a blocking GC Explicit
08-04 17:38:54.183 13842 13855 I art     : Explicit concurrent mark sweep GC freed 16(608B) AllocSpace objects, 0(0B) LOS objects, 36% free, 28MB/44MB, paused 1.212ms total 31.242ms
08-04 17:38:54.209 13842 13862 I NAPPA_EXPERIMENTATION: MetricNetworkRequestExecutionTime: REQUEST_DURATION_SYSTEM='223',REQUEST_DURATION_OKHTTP='222',REQUEST_SYNCHRONOUS='TRUE',RESPONSE_CODE='200',RESPONSE_METHOD='GET',RESPONSE_LENGTH_OKHTTP='-1',RESPONSE_LENGTH_HEADER='622',REQUEST_PROTOCOL='h2',REQUEST_URL='https://itunes.apple.com/lookup?id=360084272',
08-04 17:38:54.228   918  3961 I ActivityManager: START u0 {cmp=baseline.de.danoeh.antennapod.debug/baseline.de.danoeh.antennapod.activity.OnlineFeedViewActivity (has extras)} from uid 10670 on display 0
08-04 17:38:54.251 13866 13866 I GoogleInputMethodServic: GoogleInputMethodService.onFinishInput():3138 
08-04 17:38:54.251 13866 13866 I GoogleInputMethodServic: GoogleInputMethodService.onStartInput():1808 
08-04 17:38:54.273 13842 13842 D UserPreferences: Using default data folder
08-04 17:38:54.274 13842 13842 D OnlineFeedViewActivity: Activity was started with url http://joeroganexp.joerogan.libsynpro.com/rss
08-04 17:38:54.277 13842 13842 D OnlineFeedViewActivity: Starting feed download
08-04 17:38:54.279 13842 14417 D DBReader: Extracting Feedlist
08-04 17:38:54.281   918  5952 D WifiService: acquireWifiLockLocked: WifiLock{Downloader type=1 binder=android.os.BinderProxy@a278d99}
08-04 17:38:54.282 13842 14417 D AntennapodHttpClient: Creating new instance of HTTP client
08-04 17:38:54.319 13842 14417 D MYTAG   : interceptor 3a http://joeroganexp.joerogan.libsynpro.com/rss
08-04 17:38:54.319 13842 14417 I NAPPA_EXPERIMENTATION: MetricNetworkRequestExecutionTime: REQUEST_DURATION_SYSTEM='36',REQUEST_DURATION_OKHTTP='29',REQUEST_SYNCHRONOUS='TRUE',RESPONSE_CODE='200',RESPONSE_METHOD='GET',RESPONSE_LENGTH_OKHTTP='-1',RESPONSE_LENGTH_HEADER='307892',REQUEST_PROTOCOL='http/1.1',REQUEST_URL='http://joeroganexp.joerogan.libsynpro.com/rss',
08-04 17:38:54.319 13842 14417 D HttpDownloader: Response code is 200
08-04 17:38:54.319 13842 14417 D UserPreferences: Using default data folder
08-04 17:38:54.328 13842 14417 D HttpDownloader: Getting size of download
08-04 17:38:54.328 13842 14417 D HttpDownloader: Size is -1
08-04 17:38:54.328 13842 14417 D UserPreferences: Using default data folder
08-04 17:38:54.328 13842 14417 D HttpDownloader: Free space is 20237180928
08-04 17:38:54.328 13842 14417 D HttpDownloader: Starting download
08-04 17:38:54.342 13866 13866 I GoogleInputMethodServic: GoogleInputMethodService.onFinishInput():3138 
08-04 17:38:54.343 13866 13866 I GoogleInputMethodServic: GoogleInputMethodService.onStartInput():1808 
08-04 17:38:54.367   918   936 I ActivityManager: Displayed baseline.de.danoeh.antennapod.debug/baseline.de.danoeh.antennapod.activity.OnlineFeedViewActivity: +115ms
08-04 17:38:54.399 13842 13863 D OpenGLRenderer: endAllStagingAnimators on 0x7f7f047400 (GridView) with handle 0x7f79d9e980
08-04 17:38:54.464 13842 13867 I art     : Starting a blocking GC Explicit
08-04 17:38:54.509 13842 13867 I art     : Explicit concurrent mark sweep GC freed 3366(227KB) AllocSpace objects, 1(20KB) LOS objects, 35% free, 28MB/44MB, paused 1.856ms total 44.742ms
08-04 17:38:54.519 13842 14417 D HttpDownloader: Download was successful
08-04 17:38:54.520   918  3670 D WifiService: releaseWifiLockLocked: WifiLock{Downloader type=1 binder=android.os.BinderProxy@a278d99}
08-04 17:38:54.521 13842 13842 D OnlineFeedViewActivity: Parsing feed
08-04 17:38:54.522 13842 13867 I art     : Starting a blocking GC Explicit
08-04 17:38:54.526 13842 15361 D TypeGetter: Recognized type RSS 2.0
08-04 17:38:54.529 13842 15361 D SyndHandler: Recognized Atom namespace
08-04 17:38:54.530 13842 15361 D SyndHandler: Recognized ITunes namespace
08-04 17:38:54.530 13842 15361 D SyndHandler: Recognized media namespace
08-04 17:38:54.530 13842 15361 D SyndHandler: Recognized Content namespace
08-04 17:38:54.558 13842 13867 I art     : Explicit concurrent mark sweep GC freed 1653(223KB) AllocSpace objects, 3(60KB) LOS objects, 35% free, 28MB/44MB, paused 1.528ms total 35.493ms
08-04 17:38:54.560   512  2967 D audio_hw_primary: disable_audio_route: reset and update mixer path: low-latency-playback speaker
08-04 17:38:54.562   512  2967 D audio_hw_primary: disable_snd_device: snd_device(2: speaker)
08-04 17:38:54.570   512  2967 I soundtrigger: audio_extn_sound_trigger_update_device_status: device 0x2 of type 0 for Event 0
08-04 17:38:54.571 13842 13867 I art     : Starting a blocking GC Explicit
08-04 17:38:54.610 13842 13867 I art     : Explicit concurrent mark sweep GC freed 2367(130KB) AllocSpace objects, 0(0B) LOS objects, 35% free, 28MB/44MB, paused 1.874ms total 38.495ms
08-04 17:38:54.611   380   380 W SurfaceFlinger: couldn't log to binary event log: overflow.
08-04 17:38:54.622 13842 13867 I art     : Starting a blocking GC Explicit
08-04 17:38:54.656 13842 13867 I art     : Explicit concurrent mark sweep GC freed 2627(130KB) AllocSpace objects, 0(0B) LOS objects, 35% free, 28MB/44MB, paused 1.399ms total 32.935ms
08-04 17:38:54.667 13842 13867 I art     : Starting a blocking GC Explicit
08-04 17:38:54.699 13842 13867 I art     : Explicit concurrent mark sweep GC freed 2645(138KB) AllocSpace objects, 0(0B) LOS objects, 35% free, 28MB/44MB, paused 1.428ms total 31.904ms
08-04 17:38:54.749 13842 13842 D PlaybackController: Releasing PlaybackController
08-04 17:38:54.961 11375 11375 I ServiceManager: Waiting for service AtCmdFwd...
08-04 17:38:54.993 13842 14314 I art     : Starting a blocking GC Explicit
08-04 17:38:55.036 13842 14314 I art     : Explicit concurrent mark sweep GC freed 19511(1050KB) AllocSpace objects, 1(20KB) LOS objects, 35% free, 29MB/45MB, paused 1.550ms total 42.274ms
08-04 17:38:55.048 13842 14314 I art     : Starting a blocking GC Explicit
08-04 17:38:55.084 13842 14314 I art     : Explicit concurrent mark sweep GC freed 5978(285KB) AllocSpace objects, 0(0B) LOS objects, 35% free, 29MB/45MB, paused 1.503ms total 34.964ms
08-04 17:38:55.095 13842 14314 I art     : Starting a blocking GC Explicit
08-04 17:38:55.132 13842 14314 I art     : Explicit concurrent mark sweep GC freed 4711(229KB) AllocSpace objects, 0(0B) LOS objects, 35% free, 29MB/45MB, paused 2.607ms total 36.724ms
08-04 17:38:55.144 13842 14314 I art     : Starting a blocking GC Explicit
08-04 17:38:55.179 13842 14314 I art     : Explicit concurrent mark sweep GC freed 2861(149KB) AllocSpace objects, 0(0B) LOS objects, 35% free, 29MB/45MB, paused 1.434ms total 35.410ms
08-04 17:38:55.191 13842 14314 I art     : Starting a blocking GC Explicit
08-04 17:38:55.227 13842 14314 I art     : Explicit concurrent mark sweep GC freed 2643(138KB) AllocSpace objects, 0(0B) LOS objects, 35% free, 29MB/45MB, paused 1.524ms total 35.444ms
08-04 17:38:55.540 13842 14314 I art     : Starting a blocking GC Explicit
08-04 17:38:55.587 13842 14314 I art     : Explicit concurrent mark sweep GC freed 20465(1078KB) AllocSpace objects, 1(20KB) LOS objects, 34% free, 29MB/45MB, paused 1.603ms total 46.531ms
08-04 17:38:55.600 13842 14314 I art     : Starting a blocking GC Explicit
08-04 17:38:55.640 13842 14314 I art     : Explicit concurrent mark sweep GC freed 3743(192KB) AllocSpace objects, 0(0B) LOS objects, 34% free, 29MB/45MB, paused 1.631ms total 38.947ms
08-04 17:38:55.652 13842 14314 I art     : Starting a blocking GC Explicit
08-04 17:38:55.688 13842 14314 I art     : Explicit concurrent mark sweep GC freed 7483(352KB) AllocSpace objects, 0(0B) LOS objects, 35% free, 29MB/45MB, paused 1.520ms total 35.616ms
08-04 17:38:55.700 13842 14314 I art     : Starting a blocking GC Explicit
08-04 17:38:55.737 13842 14314 I art     : Explicit concurrent mark sweep GC freed 2887(144KB) AllocSpace objects, 0(0B) LOS objects, 35% free, 29MB/45MB, paused 1.446ms total 36.885ms
08-04 17:38:55.749 13842 14314 I art     : Starting a blocking GC Explicit
08-04 17:38:55.788 13842 14314 I art     : Explicit concurrent mark sweep GC freed 2944(152KB) AllocSpace objects, 0(0B) LOS objects, 35% free, 29MB/45MB, paused 1.539ms total 38.164ms
08-04 17:38:55.961 11375 11375 W Atfwd_Sendcmd: AtCmdFwd service not published, waiting... retryCnt : 4
08-04 17:38:56.126 13842 13867 I art     : Starting a blocking GC Explicit
08-04 17:38:56.176 13842 13867 I art     : Explicit concurrent mark sweep GC freed 21812(1184KB) AllocSpace objects, 1(20KB) LOS objects, 34% free, 30MB/46MB, paused 2.113ms total 49.567ms
08-04 17:38:56.190 13842 13867 I art     : Starting a blocking GC Explicit
08-04 17:38:56.233 13842 13867 I art     : Explicit concurrent mark sweep GC freed 3488(184KB) AllocSpace objects, 0(0B) LOS objects, 34% free, 30MB/46MB, paused 1.866ms total 42.475ms
08-04 17:38:56.246 13842 13867 I art     : Starting a blocking GC Explicit
08-04 17:38:56.287 13842 13867 I art     : Explicit concurrent mark sweep GC freed 8938(425KB) AllocSpace objects, 0(0B) LOS objects, 34% free, 30MB/46MB, paused 1.540ms total 41.517ms
08-04 17:38:56.300 13842 13867 I art     : Starting a blocking GC Explicit
08-04 17:38:56.340 13842 13867 I art     : Explicit concurrent mark sweep GC freed 3217(175KB) AllocSpace objects, 0(0B) LOS objects, 34% free, 30MB/46MB, paused 1.713ms total 39.335ms
08-04 17:38:56.352 13842 13867 I art     : Starting a blocking GC Explicit
08-04 17:38:56.394 13842 13867 I art     : Explicit concurrent mark sweep GC freed 3092(162KB) AllocSpace objects, 0(0B) LOS objects, 34% free, 30MB/46MB, paused 1.625ms total 40.999ms
08-04 17:38:56.744 13842 14314 I art     : Starting a blocking GC Explicit
08-04 17:38:56.794 13842 14314 I art     : Explicit concurrent mark sweep GC freed 22457(1241KB) AllocSpace objects, 1(20KB) LOS objects, 34% free, 31MB/47MB, paused 1.656ms total 50.729ms
08-04 17:38:56.795 13842 13853 I art     : WaitForGcToComplete blocked for 23.377ms for cause HeapTrim
08-04 17:38:56.810 13842 14314 I art     : Starting a blocking GC Explicit
08-04 17:38:56.852 13842 14314 I art     : Explicit concurrent mark sweep GC freed 5711(281KB) AllocSpace objects, 0(0B) LOS objects, 34% free, 30MB/46MB, paused 2.053ms total 41.730ms
08-04 17:38:56.865 13842 14314 I art     : Starting a blocking GC Explicit
08-04 17:38:56.905 13842 14314 I art     : Explicit concurrent mark sweep GC freed 7117(351KB) AllocSpace objects, 0(0B) LOS objects, 34% free, 30MB/46MB, paused 1.571ms total 40.087ms
08-04 17:38:56.918 13842 14314 I art     : Starting a blocking GC Explicit
08-04 17:38:56.959 13842 14314 I art     : Explicit concurrent mark sweep GC freed 3221(160KB) AllocSpace objects, 0(0B) LOS objects, 34% free, 30MB/46MB, paused 1.563ms total 40.088ms
08-04 17:38:56.972 13842 14314 I art     : Starting a blocking GC Explicit
08-04 17:38:57.013 13842 14314 I art     : Explicit concurrent mark sweep GC freed 3240(163KB) AllocSpace objects, 0(0B) LOS objects, 34% free, 30MB/46MB, paused 1.454ms total 41.217ms
08-04 17:38:57.363 13842 13867 I art     : Starting a blocking GC Explicit
08-04 17:38:57.419 13842 13867 I art     : Explicit concurrent mark sweep GC freed 22873(1158KB) AllocSpace objects, 1(20KB) LOS objects, 33% free, 31MB/47MB, paused 1.613ms total 55.008ms
08-04 17:38:57.434 13842 13867 I art     : Starting a blocking GC Explicit
08-04 17:38:57.479 13842 13867 I art     : Explicit concurrent mark sweep GC freed 7416(326KB) AllocSpace objects, 0(0B) LOS objects, 33% free, 31MB/47MB, paused 1.912ms total 44.981ms
08-04 17:38:57.493 13842 13867 I art     : Starting a blocking GC Explicit
08-04 17:38:57.536 13842 13867 I art     : Explicit concurrent mark sweep GC freed 5959(269KB) AllocSpace objects, 0(0B) LOS objects, 33% free, 31MB/47MB, paused 1.568ms total 43.194ms
08-04 17:38:57.550 13842 13867 I art     : Starting a blocking GC Explicit
08-04 17:38:57.594 13842 13867 I art     : Explicit concurrent mark sweep GC freed 3345(145KB) AllocSpace objects, 0(0B) LOS objects, 33% free, 31MB/47MB, paused 1.717ms total 43.872ms
08-04 17:38:57.607 13842 13867 I art     : Starting a blocking GC Explicit
08-04 17:38:57.651 13842 13867 I art     : Explicit concurrent mark sweep GC freed 3403(155KB) AllocSpace objects, 0(0B) LOS objects, 33% free, 31MB/47MB, paused 1.810ms total 43.519ms
08-04 17:38:57.777 13842 15361 D OnlineFeedViewActivity: Deleted feed source file. Result: true
08-04 17:38:57.783 13842 13842 D OnlineFeedViewActivity: Removing HTML from shownotes
08-04 17:38:57.973 13842 13854 I art     : Waiting for a blocking GC Explicit
08-04 17:38:58.003 13842 13854 I art     : WaitForGcToComplete blocked for 30.380ms for cause Explicit
08-04 17:38:58.003 13842 13854 I art     : Starting a blocking GC Explicit
08-04 17:38:58.057 13842 13854 I art     : Explicit concurrent mark sweep GC freed 37622(3MB) AllocSpace objects, 165(10MB) LOS objects, 32% free, 32MB/48MB, paused 1.614ms total 53.314ms
08-04 17:38:58.072 13842 13854 I art     : Starting a blocking GC Explicit
08-04 17:38:58.125 13842 13854 I art     : Explicit concurrent mark sweep GC freed 43567(3MB) AllocSpace objects, 194(12MB) LOS objects, 32% free, 33MB/49MB, paused 1.495ms total 53.525ms
08-04 17:38:58.141 13842 13854 I art     : Starting a blocking GC Explicit
08-04 17:38:58.195 13842 13854 I art     : Explicit concurrent mark sweep GC freed 44279(3MB) AllocSpace objects, 194(12MB) LOS objects, 32% free, 33MB/49MB, paused 1.708ms total 53.930ms
08-04 17:38:58.211 13842 13854 I art     : Starting a blocking GC Explicit
08-04 17:38:58.262 13842 13854 I art     : Explicit concurrent mark sweep GC freed 43216(3MB) AllocSpace objects, 197(13MB) LOS objects, 32% free, 33MB/49MB, paused 1.549ms total 50.669ms
08-04 17:38:58.277 13842 13854 I art     : Starting a blocking GC Explicit
08-04 17:38:58.329 13842 13854 I art     : Explicit concurrent mark sweep GC freed 47082(4MB) AllocSpace objects, 282(18MB) LOS objects, 31% free, 35MB/51MB, paused 1.566ms total 52.023ms
08-04 17:38:58.364 13842 13842 I Choreographer: Skipped 34 frames!  The application may be doing too much work on its main thread.
08-04 17:38:58.646 13842 13854 I art     : Starting a blocking GC Explicit
08-04 17:38:58.706 15422 15422 D AndroidRuntime: >>>>>> START com.android.internal.os.RuntimeInit uid 2000 <<<<<<
08-04 17:38:58.707 13842 13854 I art     : Explicit concurrent mark sweep GC freed 25343(2MB) AllocSpace objects, 150(9MB) LOS objects, 33% free, 31MB/47MB, paused 1.397ms total 60.276ms
08-04 17:38:58.712 15422 15422 D AndroidRuntime: CheckJNI is OFF
08-04 17:38:58.722 13842 13854 I art     : Starting a blocking GC Explicit
08-04 17:38:58.755 15422 15422 D ICU     : No timezone override file found: /data/misc/zoneinfo/current/icu/icu_tzdata.dat
08-04 17:38:58.768 13842 13854 I art     : Explicit concurrent mark sweep GC freed 565(27KB) AllocSpace objects, 1(112KB) LOS objects, 33% free, 31MB/47MB, paused 1.459ms total 45.986ms
08-04 17:38:58.783 13842 13854 I art     : Starting a blocking GC Explicit
08-04 17:38:58.803 15422 15422 I Radio-JNI: register_android_hardware_Radio DONE
08-04 17:38:58.831 13842 13854 I art     : Explicit concurrent mark sweep GC freed 3(96B) AllocSpace objects, 0(0B) LOS objects, 33% free, 31MB/47MB, paused 1.230ms total 47.030ms
08-04 17:38:58.833 15422 15422 D AndroidRuntime: Calling main entry com.android.commands.input.Input
08-04 17:38:58.835 15422 15422 I Input   : injectKeyEvent: KeyEvent { action=ACTION_DOWN, keyCode=KEYCODE_BACK, scanCode=0, metaState=0, flags=0x0, repeatCount=0, eventTime=725955247, downTime=725955247, deviceId=-1, source=0x101 }
08-04 17:38:58.842 15422 15422 I Input   : injectKeyEvent: KeyEvent { action=ACTION_UP, keyCode=KEYCODE_BACK, scanCode=0, metaState=0, flags=0x0, repeatCount=0, eventTime=725955247, downTime=725955247, deviceId=-1, source=0x101 }
08-04 17:38:58.845 13842 13854 I art     : Starting a blocking GC Explicit
08-04 17:38:58.850 15422 15422 D AndroidRuntime: Shutting down VM
08-04 17:38:58.855 13842 13842 V PlaybackController: initServiceNotRunning()
08-04 17:38:58.855 13842 13842 D ExternalPlayerFragment: Loading media info
08-04 17:38:58.860 13842 13842 D UserPreferences: Using default data folder
08-04 17:38:58.861 13842 14417 D DBReader: getNavDrawerData() called with: 
08-04 17:38:58.874 13842 14417 D DBReader: getDownloadedItems() called
08-04 17:38:58.876 13842 14417 D DBReader: getFavoriteIDList() called
08-04 17:38:58.877 13842 14417 D DBReader: getQueueIDList() called
08-04 17:38:58.877 13842 14417 D DBReader: Extracting Feedlist
08-04 17:38:58.890 13842 13854 I art     : Explicit concurrent mark sweep GC freed 613(48KB) AllocSpace objects, 0(0B) LOS objects, 33% free, 31MB/47MB, paused 1.624ms total 44.314ms
08-04 17:38:58.893 13866 13866 I GoogleInputMethodServic: GoogleInputMethodService.onFinishInput():3138 
08-04 17:38:58.893 13842 13842 D MainActivity: getLastNavFragment() -> AddFeedFragment
08-04 17:38:58.894 13866 13866 I GoogleInputMethodServic: GoogleInputMethodService.onStartInput():1808 
08-04 17:38:58.903 13842 13854 I art     : Starting a blocking GC Explicit
08-04 17:38:58.948 13842 13854 I art     : Explicit concurrent mark sweep GC freed 781(37KB) AllocSpace objects, 0(0B) LOS objects, 33% free, 31MB/47MB, paused 1.295ms total 44.518ms
08-04 17:38:59.198   380   380 W SurfaceFlinger: couldn't log to binary event log: overflow.
08-04 17:38:59.259 13842 13854 I art     : Starting a blocking GC Explicit
08-04 17:38:59.305 13842 13854 I art     : Explicit concurrent mark sweep GC freed 2149(116KB) AllocSpace objects, 1(20KB) LOS objects, 33% free, 31MB/47MB, paused 1.202ms total 46.296ms
08-04 17:38:59.321 13842 13854 I art     : Starting a blocking GC Explicit
08-04 17:38:59.367 13842 13854 I art     : Explicit concurrent mark sweep GC freed 37(1440B) AllocSpace objects, 0(0B) LOS objects, 33% free, 31MB/47MB, paused 1.347ms total 46.342ms
08-04 17:38:59.382 13842 13854 I art     : Starting a blocking GC Explicit
08-04 17:38:59.430 13842 13854 I art     : Explicit concurrent mark sweep GC freed 3(96B) AllocSpace objects, 0(0B) LOS objects, 33% free, 31MB/47MB, paused 1.260ms total 47.196ms
08-04 17:38:59.444 13842 13854 I art     : Starting a blocking GC Explicit
08-04 17:38:59.493 13842 13854 I art     : Explicit concurrent mark sweep GC freed 3(96B) AllocSpace objects, 0(0B) LOS objects, 33% free, 31MB/47MB, paused 1.233ms total 47.900ms
08-04 17:38:59.508 13842 13854 I art     : Starting a blocking GC Explicit
08-04 17:38:59.557 13842 13854 I art     : Explicit concurrent mark sweep GC freed 3(96B) AllocSpace objects, 0(0B) LOS objects, 33% free, 31MB/47MB, paused 1.237ms total 48.415ms
08-04 17:38:59.888 13842 13855 I art     : Starting a blocking GC Explicit
08-04 17:38:59.948 13842 13855 I art     : Explicit concurrent mark sweep GC freed 1374(82KB) AllocSpace objects, 1(20KB) LOS objects, 33% free, 31MB/47MB, paused 1.233ms total 60.110ms
08-04 17:38:59.964 13842 13855 I art     : Starting a blocking GC Explicit
08-04 17:39:00.011 13842 13855 I art     : Explicit concurrent mark sweep GC freed 126(6KB) AllocSpace objects, 0(0B) LOS objects, 33% free, 31MB/47MB, paused 1.241ms total 46.810ms
08-04 17:39:00.026 13842 13855 I art     : Starting a blocking GC Explicit
08-04 17:39:00.063 13842 13855 I art     : Explicit concurrent mark sweep GC freed 33148(3MB) AllocSpace objects, 1(28KB) LOS objects, 36% free, 28MB/44MB, paused 1.158ms total 37.178ms
08-04 17:39:00.074 13842 13855 I art     : Starting a blocking GC Explicit
08-04 17:39:00.105 13842 13855 I art     : Explicit concurrent mark sweep GC freed 3(96B) AllocSpace objects, 0(0B) LOS objects, 36% free, 28MB/44MB, paused 1.127ms total 30.698ms
08-04 17:39:00.116 13842 13855 I art     : Starting a blocking GC Explicit
08-04 17:39:00.148 13842 13855 I art     : Explicit concurrent mark sweep GC freed 3(96B) AllocSpace objects, 0(0B) LOS objects, 36% free, 28MB/44MB, paused 1.159ms total 31.378ms
08-04 17:39:00.456 13842 14314 I art     : Starting a blocking GC Explicit
08-04 17:39:00.497 13842 14314 I art     : Explicit concurrent mark sweep GC freed 1403(81KB) AllocSpace objects, 1(20KB) LOS objects, 36% free, 28MB/44MB, paused 1.210ms total 40.718ms
08-04 17:39:00.510 13842 14314 I art     : Starting a blocking GC Explicit
08-04 17:39:00.546 13842 14314 I art     : Explicit concurrent mark sweep GC freed 28(912B) AllocSpace objects, 0(0B) LOS objects, 36% free, 28MB/44MB, paused 1.329ms total 35.376ms
08-04 17:39:00.557 13842 14314 I art     : Starting a blocking GC Explicit
08-04 17:39:00.589 13842 14314 I art     : Explicit concurrent mark sweep GC freed 9(288B) AllocSpace objects, 0(0B) LOS objects, 36% free, 28MB/44MB, paused 1.140ms total 31.560ms
08-04 17:39:00.601 13842 14314 I art     : Starting a blocking GC Explicit
08-04 17:39:00.619 15466 15466 D AndroidRuntime: >>>>>> START com.android.internal.os.RuntimeInit uid 2000 <<<<<<
08-04 17:39:00.624 15466 15466 D AndroidRuntime: CheckJNI is OFF
08-04 17:39:00.635 13842 14314 I art     : Explicit concurrent mark sweep GC freed 8(256B) AllocSpace objects, 0(0B) LOS objects, 36% free, 28MB/44MB, paused 1.136ms total 33.676ms
08-04 17:39:00.647 13842 14314 I art     : Starting a blocking GC Explicit
08-04 17:39:00.667 15466 15466 D ICU     : No timezone override file found: /data/misc/zoneinfo/current/icu/icu_tzdata.dat
08-04 17:39:00.678 13842 14314 I art     : Explicit concurrent mark sweep GC freed 8(256B) AllocSpace objects, 0(0B) LOS objects, 36% free, 28MB/44MB, paused 1.288ms total 31.131ms
08-04 17:39:00.709 15466 15466 I Radio-JNI: register_android_hardware_Radio DONE
08-04 17:39:00.736 15466 15466 D AndroidRuntime: Calling main entry com.android.commands.input.Input
08-04 17:39:00.738 15466 15466 I Input   : injectMotionEvent: MotionEvent { action=ACTION_DOWN, actionButton=0, id[0]=0, x[0]=616.0, y[0]=469.0, toolType[0]=TOOL_TYPE_UNKNOWN, buttonState=0, metaState=0, flags=0x0, edgeFlags=0x0, pointerCount=1, historySize=0, eventTime=725957151, downTime=725957151, deviceId=0, source=0x1002 }
08-04 17:39:00.746 15466 15466 I Input   : injectMotionEvent: MotionEvent { action=ACTION_UP, actionButton=0, id[0]=0, x[0]=616.0, y[0]=469.0, toolType[0]=TOOL_TYPE_UNKNOWN, buttonState=0, metaState=0, flags=0x0, edgeFlags=0x0, pointerCount=1, historySize=0, eventTime=725957151, downTime=725957151, deviceId=0, source=0x1002 }
08-04 17:39:00.748 15466 15466 D AndroidRuntime: Shutting down VM
08-04 17:39:00.814   512  2967 D audio_hw_primary: out_set_parameters: enter: usecase(1: low-latency-playback) kvpairs: routing=2
08-04 17:39:00.823 13866 13866 I GoogleInputMethodServic: GoogleInputMethodService.onFinishInput():3138 
08-04 17:39:00.824 13866 13866 I GoogleInputMethodServic: GoogleInputMethodService.onStartInput():1808 
08-04 17:39:00.827   512  2967 D audio_hw_primary: select_devices: out_snd_device(2: speaker) in_snd_device(0: none)
08-04 17:39:00.827   512  2967 D msm8974_platform: platform_send_audio_calibration: sending audio calibration for snd_device(2) acdb_id(15)
08-04 17:39:00.828   512  2967 I soundtrigger: audio_extn_sound_trigger_update_device_status: device 0x2 of type 0 for Event 1
08-04 17:39:00.838   512  2967 D audio_hw_primary: enable_snd_device: snd_device(2: speaker)
08-04 17:39:00.841   512  2967 D audio_hw_primary: enable_audio_route: apply and update mixer path: low-latency-playback speaker
08-04 17:39:00.967 13842 14418 I NAPPA_EXPERIMENTATION: MetricNetworkRequestExecutionTime: REQUEST_DURATION_SYSTEM='154',REQUEST_DURATION_OKHTTP='153',REQUEST_SYNCHRONOUS='TRUE',RESPONSE_CODE='200',RESPONSE_METHOD='GET',RESPONSE_LENGTH_OKHTTP='-1',RESPONSE_LENGTH_HEADER='628',REQUEST_PROTOCOL='h2',REQUEST_URL='https://itunes.apple.com/lookup?id=1524080195',
08-04 17:39:00.971 13842 13867 I art     : Starting a blocking GC Explicit
08-04 17:39:00.986   918  6111 I ActivityManager: START u0 {cmp=baseline.de.danoeh.antennapod.debug/baseline.de.danoeh.antennapod.activity.OnlineFeedViewActivity (has extras)} from uid 10670 on display 0
08-04 17:39:01.005 13842 13867 I art     : Explicit concurrent mark sweep GC freed 2141(134KB) AllocSpace objects, 1(20KB) LOS objects, 36% free, 28MB/44MB, paused 1.588ms total 34.091ms
08-04 17:39:01.012 13866 13866 I GoogleInputMethodServic: GoogleInputMethodService.onFinishInput():3138 
08-04 17:39:01.012 13866 13866 I GoogleInputMethodServic: GoogleInputMethodService.onStartInput():1808 
08-04 17:39:01.017 13842 13867 I art     : Starting a blocking GC Explicit
08-04 17:39:01.032 13842 13842 D UserPreferences: Using default data folder
08-04 17:39:01.032 13842 13842 D OnlineFeedViewActivity: Activity was started with url https://rss.art19.com/nice-white-parents
08-04 17:39:01.035 13842 13842 D OnlineFeedViewActivity: Starting feed download
08-04 17:39:01.038 13842 13862 D DBReader: Extracting Feedlist
08-04 17:39:01.041   918  3714 D WifiService: acquireWifiLockLocked: WifiLock{Downloader type=1 binder=android.os.BinderProxy@e461fd4}
08-04 17:39:01.042 13842 13862 D AntennapodHttpClient: Creating new instance of HTTP client
08-04 17:39:01.051 13842 13867 I art     : Explicit concurrent mark sweep GC freed 1128(76KB) AllocSpace objects, 0(0B) LOS objects, 36% free, 28MB/44MB, paused 1.551ms total 33.100ms
08-04 17:39:01.062 13842 13867 I art     : Starting a blocking GC Explicit
08-04 17:39:01.093 13842 13867 I art     : Explicit concurrent mark sweep GC freed 411(20KB) AllocSpace objects, 0(0B) LOS objects, 36% free, 28MB/44MB, paused 1.547ms total 30.640ms
08-04 17:39:01.094 13866 13866 I GoogleInputMethodServic: GoogleInputMethodService.onFinishInput():3138 
08-04 17:39:01.094 13866 13866 I GoogleInputMethodServic: GoogleInputMethodService.onStartInput():1808 
08-04 17:39:01.105 13842 13867 I art     : Starting a blocking GC Explicit
08-04 17:39:01.129   918   936 I ActivityManager: Displayed baseline.de.danoeh.antennapod.debug/baseline.de.danoeh.antennapod.activity.OnlineFeedViewActivity: +116ms
08-04 17:39:01.142 13842 13867 I art     : Explicit concurrent mark sweep GC freed 163(7KB) AllocSpace objects, 0(0B) LOS objects, 36% free, 28MB/44MB, paused 1.306ms total 36.769ms
08-04 17:39:01.154 13842 13867 I art     : Starting a blocking GC Explicit
08-04 17:39:01.189 13842 13867 I art     : Explicit concurrent mark sweep GC freed 32(1632B) AllocSpace objects, 0(0B) LOS objects, 36% free, 28MB/44MB, paused 1.839ms total 34.737ms
08-04 17:39:01.368   380   380 W SurfaceFlinger: couldn't log to binary event log: overflow.
08-04 17:39:01.379   512  2967 D audio_hw_primary: disable_audio_route: reset and update mixer path: low-latency-playback speaker
08-04 17:39:01.380   512  2967 D audio_hw_primary: disable_snd_device: snd_device(2: speaker)
08-04 17:39:01.391 13842 13862 D MYTAG   : interceptor 3a https://rss.art19.com/nice-white-parents
08-04 17:39:01.391 13842 13862 I NAPPA_EXPERIMENTATION: MetricNetworkRequestExecutionTime: REQUEST_DURATION_SYSTEM='347',REQUEST_DURATION_OKHTTP='145',REQUEST_SYNCHRONOUS='TRUE',RESPONSE_CODE='200',RESPONSE_METHOD='GET',RESPONSE_LENGTH_OKHTTP='-1',RESPONSE_LENGTH_HEADER='1803',REQUEST_PROTOCOL='h2',REQUEST_URL='https://rss.art19.com/nice-white-parents',
08-04 17:39:01.391 13842 13862 D HttpDownloader: Response code is 200
08-04 17:39:01.391 13842 13862 D UserPreferences: Using default data folder
08-04 17:39:01.392   512  2967 I soundtrigger: audio_extn_sound_trigger_update_device_status: device 0x2 of type 0 for Event 0
08-04 17:39:01.394 13842 13862 D HttpDownloader: Getting size of download
08-04 17:39:01.394 13842 13862 D HttpDownloader: Size is -1
08-04 17:39:01.394 13842 13862 D UserPreferences: Using default data folder
08-04 17:39:01.394 13842 13862 D HttpDownloader: Free space is 20237180928
08-04 17:39:01.394 13842 13862 D HttpDownloader: Starting download
08-04 17:39:01.395 13842 13862 D HttpDownloader: Download was successful
08-04 17:39:01.396   918  3696 D WifiService: releaseWifiLockLocked: WifiLock{Downloader type=1 binder=android.os.BinderProxy@e461fd4}
08-04 17:39:01.396 13842 13842 D OnlineFeedViewActivity: Parsing feed
08-04 17:39:01.399 13842 15511 D TypeGetter: Recognized type RSS 2.0
08-04 17:39:01.400 13842 15511 D SyndHandler: Recognized ITunes namespace
08-04 17:39:01.400 13842 15511 D SyndHandler: Recognized Atom namespace
08-04 17:39:01.400 13842 15511 D SyndHandler: Recognized Content namespace
08-04 17:39:01.407 13842 15511 D OnlineFeedViewActivity: Deleted feed source file. Result: true
08-04 17:39:01.407 13842 13842 D OnlineFeedViewActivity: Removing HTML from shownotes
08-04 17:39:01.500 13842 13855 I art     : Starting a blocking GC Explicit
08-04 17:39:01.507 13842 13842 D PlaybackController: Releasing PlaybackController
08-04 17:39:01.538 13842 13855 I art     : Explicit concurrent mark sweep GC freed 8175(589KB) AllocSpace objects, 8(348KB) LOS objects, 35% free, 28MB/44MB, paused 1.287ms total 37.673ms
08-04 17:39:01.549 13842 13855 I art     : Starting a blocking GC Explicit
08-04 17:39:01.583 13842 13855 I art     : Explicit concurrent mark sweep GC freed 1591(147KB) AllocSpace objects, 1(112KB) LOS objects, 35% free, 28MB/44MB, paused 1.267ms total 34ms
08-04 17:39:01.595 13842 13855 I art     : Starting a blocking GC Explicit
08-04 17:39:01.630 13842 13855 I art     : Explicit concurrent mark sweep GC freed 3(96B) AllocSpace objects, 0(0B) LOS objects, 35% free, 28MB/44MB, paused 1.402ms total 34.878ms
08-04 17:39:01.642 13842 13855 I art     : Starting a blocking GC Explicit
08-04 17:39:01.679 13842 13855 I art     : Explicit concurrent mark sweep GC freed 3(96B) AllocSpace objects, 0(0B) LOS objects, 35% free, 28MB/44MB, paused 1.341ms total 36.394ms
08-04 17:39:01.691 13842 13855 I art     : Starting a blocking GC Explicit
08-04 17:39:01.729 13842 13855 I art     : Explicit concurrent mark sweep GC freed 3(96B) AllocSpace objects, 0(0B) LOS objects, 35% free, 28MB/44MB, paused 1.347ms total 36.990ms
08-04 17:39:02.046 13842 13854 I art     : Starting a blocking GC Explicit
08-04 17:39:02.090 13842 13854 I art     : Explicit concurrent mark sweep GC freed 1374(82KB) AllocSpace objects, 1(20KB) LOS objects, 35% free, 28MB/44MB, paused 1.415ms total 44.184ms
08-04 17:39:02.106 13842 13854 I art     : Starting a blocking GC Explicit
08-04 17:39:02.147 13842 13854 I art     : Explicit concurrent mark sweep GC freed 23(752B) AllocSpace objects, 0(0B) LOS objects, 35% free, 28MB/44MB, paused 1.352ms total 41.349ms
08-04 17:39:02.160 13842 13854 I art     : Starting a blocking GC Explicit
08-04 17:39:02.196 13842 13854 I art     : Explicit concurrent mark sweep GC freed 3(96B) AllocSpace objects, 0(0B) LOS objects, 35% free, 28MB/44MB, paused 1.247ms total 36.461ms
08-04 17:39:02.209 13842 13854 I art     : Starting a blocking GC Explicit
08-04 17:39:02.245 13842 13854 I art     : Explicit concurrent mark sweep GC freed 32(880B) AllocSpace objects, 0(0B) LOS objects, 35% free, 28MB/44MB, paused 1.191ms total 36.613ms
08-04 17:39:02.258 13842 13854 I art     : Starting a blocking GC Explicit
08-04 17:39:02.295 13842 13854 I art     : Explicit concurrent mark sweep GC freed 3(96B) AllocSpace objects, 0(0B) LOS objects, 35% free, 28MB/44MB, paused 1.256ms total 36.394ms
08-04 17:39:02.629 13842 13867 I art     : Starting a blocking GC Explicit
08-04 17:39:02.683 13842 13867 I art     : Explicit concurrent mark sweep GC freed 1372(80KB) AllocSpace objects, 1(20KB) LOS objects, 35% free, 28MB/44MB, paused 1.558ms total 53.383ms
08-04 17:39:02.699 13842 13867 I art     : Starting a blocking GC Explicit
08-04 17:39:02.739 13842 13867 I art     : Explicit concurrent mark sweep GC freed 23(752B) AllocSpace objects, 0(0B) LOS objects, 35% free, 28MB/44MB, paused 1.353ms total 40.180ms
08-04 17:39:02.752 13842 13867 I art     : Starting a blocking GC Explicit
08-04 17:39:02.791 13842 13867 I art     : Explicit concurrent mark sweep GC freed 3(96B) AllocSpace objects, 0(0B) LOS objects, 35% free, 28MB/44MB, paused 1.346ms total 39.529ms
08-04 17:39:02.804 13842 13867 I art     : Starting a blocking GC Explicit
08-04 17:39:02.844 13842 13867 I art     : Explicit concurrent mark sweep GC freed 3(96B) AllocSpace objects, 0(0B) LOS objects, 35% free, 28MB/44MB, paused 1.317ms total 39.860ms
08-04 17:39:02.857 13842 13867 I art     : Starting a blocking GC Explicit
08-04 17:39:02.897 13842 13867 I art     : Explicit concurrent mark sweep GC freed 3(96B) AllocSpace objects, 0(0B) LOS objects, 35% free, 28MB/44MB, paused 1.323ms total 39.753ms
08-04 17:39:03.238 13842 14314 I art     : Starting a blocking GC Explicit
08-04 17:39:03.277 13842 14314 I art     : Explicit concurrent mark sweep GC freed 1436(82KB) AllocSpace objects, 1(20KB) LOS objects, 35% free, 28MB/44MB, paused 1.194ms total 38.090ms
08-04 17:39:03.290 13842 14314 I art     : Starting a blocking GC Explicit
08-04 17:39:03.327 13842 14314 I art     : Explicit concurrent mark sweep GC freed 23(752B) AllocSpace objects, 0(0B) LOS objects, 35% free, 28MB/44MB, paused 1.271ms total 36.810ms
08-04 17:39:03.339 13842 14314 I art     : Starting a blocking GC Explicit
08-04 17:39:03.378 13842 14314 I art     : Explicit concurrent mark sweep GC freed 3(96B) AllocSpace objects, 0(0B) LOS objects, 35% free, 28MB/44MB, paused 1.408ms total 38.053ms
08-04 17:39:03.390 13842 14314 I art     : Starting a blocking GC Explicit
08-04 17:39:03.429 13842 14314 I art     : Explicit concurrent mark sweep GC freed 3(96B) AllocSpace objects, 0(0B) LOS objects, 35% free, 28MB/44MB, paused 1.318ms total 38.760ms
08-04 17:39:03.442 13842 14314 I art     : Starting a blocking GC Explicit
08-04 17:39:03.482 13842 14314 I art     : Explicit concurrent mark sweep GC freed 3(96B) AllocSpace objects, 0(0B) LOS objects, 35% free, 28MB/44MB, paused 1.292ms total 39.554ms
08-04 17:39:03.833 13842 13855 I art     : Starting a blocking GC Explicit
08-04 17:39:03.883 13842 13855 I art     : Explicit concurrent mark sweep GC freed 1372(80KB) AllocSpace objects, 1(20KB) LOS objects, 35% free, 28MB/44MB, paused 1.459ms total 50.059ms
08-04 17:39:03.898 13842 13855 I art     : Starting a blocking GC Explicit
08-04 17:39:03.939 13842 13855 I art     : Explicit concurrent mark sweep GC freed 23(752B) AllocSpace objects, 0(0B) LOS objects, 35% free, 28MB/44MB, paused 1.300ms total 39.987ms
08-04 17:39:03.951 13842 13855 I art     : Starting a blocking GC Explicit
08-04 17:39:03.991 13842 13855 I art     : Explicit concurrent mark sweep GC freed 3(96B) AllocSpace objects, 0(0B) LOS objects, 35% free, 28MB/44MB, paused 1.265ms total 39.412ms
08-04 17:39:04.003 13842 13855 I art     : Starting a blocking GC Explicit
08-04 17:39:04.043 13842 13855 I art     : Explicit concurrent mark sweep GC freed 3(96B) AllocSpace objects, 0(0B) LOS objects, 35% free, 28MB/44MB, paused 1.428ms total 39.782ms
08-04 17:39:04.056 13842 13855 I art     : Starting a blocking GC Explicit
08-04 17:39:04.096 13842 13855 I art     : Explicit concurrent mark sweep GC freed 3(96B) AllocSpace objects, 0(0B) LOS objects, 35% free, 28MB/44MB, paused 1.250ms total 39.669ms
08-04 17:39:04.453 13842 13854 I art     : Starting a blocking GC Explicit
08-04 17:39:04.503 13842 13854 I art     : Explicit concurrent mark sweep GC freed 1401(81KB) AllocSpace objects, 1(20KB) LOS objects, 35% free, 28MB/44MB, paused 1.284ms total 49.348ms
08-04 17:39:04.518 13842 13854 I art     : Starting a blocking GC Explicit
08-04 17:39:04.558 13842 13854 I art     : Explicit concurrent mark sweep GC freed 48(2912B) AllocSpace objects, 0(0B) LOS objects, 35% free, 28MB/44MB, paused 1.389ms total 40.046ms
08-04 17:39:04.571 13842 13854 I art     : Starting a blocking GC Explicit
08-04 17:39:04.610 13842 13854 I art     : Explicit concurrent mark sweep GC freed 17(864B) AllocSpace objects, 0(0B) LOS objects, 35% free, 28MB/44MB, paused 1.279ms total 38.645ms
08-04 17:39:04.622 13842 13854 I art     : Starting a blocking GC Explicit
08-04 17:39:04.662 13842 13854 I art     : Explicit concurrent mark sweep GC freed 3(96B) AllocSpace objects, 0(0B) LOS objects, 35% free, 28MB/44MB, paused 1.285ms total 39.643ms
08-04 17:39:04.675 13842 13854 I art     : Starting a blocking GC Explicit
08-04 17:39:04.714 13842 13854 I art     : Explicit concurrent mark sweep GC freed 3(96B) AllocSpace objects, 0(0B) LOS objects, 35% free, 28MB/44MB, paused 1.261ms total 39.153ms
08-04 17:39:05.081 13842 13867 I art     : Starting a blocking GC Explicit
08-04 17:39:05.129 13842 13867 I art     : Explicit concurrent mark sweep GC freed 1373(82KB) AllocSpace objects, 1(20KB) LOS objects, 35% free, 28MB/44MB, paused 1.473ms total 47.749ms
08-04 17:39:05.146 13842 13867 I art     : Starting a blocking GC Explicit
08-04 17:39:05.185 13842 13867 I art     : Explicit concurrent mark sweep GC freed 140(9KB) AllocSpace objects, 0(0B) LOS objects, 35% free, 28MB/44MB, paused 1.113ms total 38.821ms
08-04 17:39:05.198 13842 13867 I art     : Starting a blocking GC Explicit
08-04 17:39:05.237 13842 13867 I art     : Explicit concurrent mark sweep GC freed 32(880B) AllocSpace objects, 0(0B) LOS objects, 35% free, 28MB/44MB, paused 1.173ms total 39.235ms
08-04 17:39:05.250 13842 13867 I art     : Starting a blocking GC Explicit
08-04 17:39:05.289 13842 13867 I art     : Explicit concurrent mark sweep GC freed 3(96B) AllocSpace objects, 0(0B) LOS objects, 35% free, 28MB/44MB, paused 1.191ms total 39.239ms
08-04 17:39:05.302 13842 13867 I art     : Starting a blocking GC Explicit
08-04 17:39:05.341 13842 13867 I art     : Explicit concurrent mark sweep GC freed 3(96B) AllocSpace objects, 0(0B) LOS objects, 35% free, 28MB/44MB, paused 1.161ms total 38.985ms
08-04 17:39:05.485   918  3261 D WifiStateMachine: starting scan for "H369AA63323"WPA_PSK with 2412,5180
08-04 17:39:05.692 13842 14314 I art     : Starting a blocking GC Explicit
08-04 17:39:05.742 13842 14314 I art     : Explicit concurrent mark sweep GC freed 1372(80KB) AllocSpace objects, 1(20KB) LOS objects, 35% free, 28MB/44MB, paused 1.309ms total 49.527ms
08-04 17:39:05.760 13842 14314 I art     : Starting a blocking GC Explicit
08-04 17:39:05.801 13842 14314 I art     : Explicit concurrent mark sweep GC freed 23(752B) AllocSpace objects, 0(0B) LOS objects, 35% free, 28MB/44MB, paused 1.153ms total 40.516ms
08-04 17:39:05.813 13842 14314 I art     : Starting a blocking GC Explicit
08-04 17:39:05.853 13842 14314 I art     : Explicit concurrent mark sweep GC freed 3(96B) AllocSpace objects, 0(0B) LOS objects, 35% free, 28MB/44MB, paused 1.254ms total 38.949ms
08-04 17:39:05.865 13842 14314 I art     : Starting a blocking GC Explicit
08-04 17:39:05.904 13842 14314 I art     : Explicit concurrent mark sweep GC freed 3(96B) AllocSpace objects, 0(0B) LOS objects, 35% free, 28MB/44MB, paused 1.130ms total 38.054ms
08-04 17:39:05.916 13842 14314 I art     : Starting a blocking GC Explicit
08-04 17:39:05.955 13842 14314 I art     : Explicit concurrent mark sweep GC freed 3(96B) AllocSpace objects, 0(0B) LOS objects, 35% free, 28MB/44MB, paused 1.297ms total 38.489ms
08-04 17:39:06.299 13842 13855 I art     : Starting a blocking GC Explicit
08-04 17:39:06.342 13842 13855 I art     : Explicit concurrent mark sweep GC freed 1401(81KB) AllocSpace objects, 1(20KB) LOS objects, 35% free, 28MB/44MB, paused 1.182ms total 42.696ms
08-04 17:39:06.358 13842 13855 I art     : Starting a blocking GC Explicit
08-04 17:39:06.392 13842 13855 I art     : Explicit concurrent mark sweep GC freed 23(752B) AllocSpace objects, 0(0B) LOS objects, 35% free, 28MB/44MB, paused 1.115ms total 34.295ms
08-04 17:39:06.405 13842 13855 I art     : Starting a blocking GC Explicit
08-04 17:39:06.442 13842 13855 I art     : Explicit concurrent mark sweep GC freed 3(96B) AllocSpace objects, 0(0B) LOS objects, 35% free, 28MB/44MB, paused 1.162ms total 36.867ms
08-04 17:39:06.454 13842 13855 I art     : Starting a blocking GC Explicit
08-04 17:39:06.492 13842 13855 I art     : Explicit concurrent mark sweep GC freed 3(96B) AllocSpace objects, 0(0B) LOS objects, 35% free, 28MB/44MB, paused 1.099ms total 37.912ms
08-04 17:39:06.505 13842 13855 I art     : Starting a blocking GC Explicit
08-04 17:39:06.545 13842 13855 I art     : Explicit concurrent mark sweep GC freed 3(96B) AllocSpace objects, 0(0B) LOS objects, 35% free, 28MB/44MB, paused 1.154ms total 39.581ms
08-04 17:39:06.901 13842 13854 I art     : Starting a blocking GC Explicit
08-04 17:39:06.950 13842 13854 I art     : Explicit concurrent mark sweep GC freed 1372(80KB) AllocSpace objects, 1(20KB) LOS objects, 35% free, 28MB/44MB, paused 1.350ms total 48.023ms
08-04 17:39:06.966 13842 13854 I art     : Starting a blocking GC Explicit
08-04 17:39:07.004 13842 13854 I art     : Explicit concurrent mark sweep GC freed 23(752B) AllocSpace objects, 0(0B) LOS objects, 35% free, 28MB/44MB, paused 1.163ms total 37.566ms
08-04 17:39:07.017 13842 13854 I art     : Starting a blocking GC Explicit
08-04 17:39:07.056 13842 13854 I art     : Explicit concurrent mark sweep GC freed 3(96B) AllocSpace objects, 0(0B) LOS objects, 35% free, 28MB/44MB, paused 1.128ms total 38.797ms
08-04 17:39:07.068 13842 13854 I art     : Starting a blocking GC Explicit
08-04 17:39:07.107 13842 13854 I art     : Explicit concurrent mark sweep GC freed 3(96B) AllocSpace objects, 0(0B) LOS objects, 35% free, 28MB/44MB, paused 1.090ms total 38.258ms
08-04 17:39:07.107 13842 13853 I art     : WaitForGcToComplete blocked for 16.581ms for cause HeapTrim
08-04 17:39:07.119 13842 13854 I art     : Starting a blocking GC Explicit
08-04 17:39:07.158 13842 13854 I art     : Explicit concurrent mark sweep GC freed 3(96B) AllocSpace objects, 0(0B) LOS objects, 35% free, 28MB/44MB, paused 1.276ms total 38.689ms
08-04 17:39:07.426   918 13198 D NetlinkSocketObserver: NeighborEvent{elapsedMs=1709351301, 192.168.2.254, [7C3953A63323], RTM_NEWNEIGH, NUD_STALE}
08-04 17:39:07.491 13842 13867 I art     : Starting a blocking GC Explicit
08-04 17:39:07.536 13842 13867 I art     : Explicit concurrent mark sweep GC freed 1401(81KB) AllocSpace objects, 1(20KB) LOS objects, 35% free, 28MB/44MB, paused 1.227ms total 44.842ms
08-04 17:39:07.551 13842 13867 I art     : Starting a blocking GC Explicit
08-04 17:39:07.589 13842 13867 I art     : Explicit concurrent mark sweep GC freed 23(752B) AllocSpace objects, 0(0B) LOS objects, 35% free, 28MB/44MB, paused 1.146ms total 38.020ms
08-04 17:39:07.595   518   646 I ThermalEngine: ACTION: GPU - Setting GPU[0] to 510000000
08-04 17:39:07.601 13842 13867 I art     : Starting a blocking GC Explicit
08-04 17:39:07.640 13842 13867 I art     : Explicit concurrent mark sweep GC freed 3(96B) AllocSpace objects, 0(0B) LOS objects, 35% free, 28MB/44MB, paused 906us total 38.804ms
08-04 17:39:07.651 13842 13867 I art     : Starting a blocking GC Explicit
08-04 17:39:07.681 13842 13867 I art     : Explicit concurrent mark sweep GC freed 3(96B) AllocSpace objects, 0(0B) LOS objects, 35% free, 28MB/44MB, paused 847us total 29.946ms
08-04 17:39:07.691 13842 13867 I art     : Starting a blocking GC Explicit
08-04 17:39:07.719 13842 13867 I art     : Explicit concurrent mark sweep GC freed 3(96B) AllocSpace objects, 0(0B) LOS objects, 35% free, 28MB/44MB, paused 864us total 28.611ms
08-04 17:39:08.028 13842 14314 I art     : Starting a blocking GC Explicit
08-04 17:39:08.065 13842 14314 I art     : Explicit concurrent mark sweep GC freed 1372(80KB) AllocSpace objects, 1(20KB) LOS objects, 35% free, 28MB/44MB, paused 1.153ms total 36.786ms
08-04 17:39:08.077 13842 14314 I art     : Starting a blocking GC Explicit
08-04 17:39:08.105 13842 14314 I art     : Explicit concurrent mark sweep GC freed 23(752B) AllocSpace objects, 0(0B) LOS objects, 35% free, 28MB/44MB, paused 850us total 28.003ms
08-04 17:39:08.115 13842 14314 I art     : Starting a blocking GC Explicit
08-04 17:39:08.143 13842 14314 I art     : Explicit concurrent mark sweep GC freed 3(96B) AllocSpace objects, 0(0B) LOS objects, 35% free, 28MB/44MB, paused 802us total 27.877ms
08-04 17:39:08.153 13842 14314 I art     : Starting a blocking GC Explicit
08-04 17:39:08.182 13842 14314 I art     : Explicit concurrent mark sweep GC freed 3(96B) AllocSpace objects, 0(0B) LOS objects, 35% free, 28MB/44MB, paused 866us total 29.348ms
08-04 17:39:08.192 13842 14314 I art     : Starting a blocking GC Explicit
08-04 17:39:08.221 13842 14314 I art     : Explicit concurrent mark sweep GC freed 3(96B) AllocSpace objects, 0(0B) LOS objects, 35% free, 28MB/44MB, paused 846us total 28.696ms
08-04 17:39:08.545 13842 13855 I art     : Starting a blocking GC Explicit
08-04 17:39:08.582 13842 13855 I art     : Explicit concurrent mark sweep GC freed 1401(81KB) AllocSpace objects, 1(20KB) LOS objects, 35% free, 28MB/44MB, paused 906us total 36.108ms
08-04 17:39:08.593 13842 13855 I art     : Starting a blocking GC Explicit
08-04 17:39:08.622 13842 13855 I art     : Explicit concurrent mark sweep GC freed 23(752B) AllocSpace objects, 0(0B) LOS objects, 35% free, 28MB/44MB, paused 860us total 29.276ms
08-04 17:39:08.632 13842 13855 I art     : Starting a blocking GC Explicit
08-04 17:39:08.661 13842 13855 I art     : Explicit concurrent mark sweep GC freed 3(96B) AllocSpace objects, 0(0B) LOS objects, 35% free, 28MB/44MB, paused 828us total 28.650ms
08-04 17:39:08.670 13842 13855 I art     : Starting a blocking GC Explicit
08-04 17:39:08.698 13842 13855 I art     : Explicit concurrent mark sweep GC freed 3(96B) AllocSpace objects, 0(0B) LOS objects, 35% free, 28MB/44MB, paused 813us total 27.599ms
08-04 17:39:08.708 13842 13855 I art     : Starting a blocking GC Explicit
08-04 17:39:08.736 13842 13855 I art     : Explicit concurrent mark sweep GC freed 3(96B) AllocSpace objects, 0(0B) LOS objects, 35% free, 28MB/44MB, paused 842us total 28.274ms
08-04 17:39:09.060 13842 13854 I art     : Starting a blocking GC Explicit
08-04 17:39:09.090 13842 13854 I art     : Explicit concurrent mark sweep GC freed 1372(80KB) AllocSpace objects, 1(20KB) LOS objects, 35% free, 28MB/44MB, paused 874us total 28.919ms
08-04 17:39:09.099 13842 13854 I art     : Starting a blocking GC Explicit
08-04 17:39:09.127 13842 13854 I art     : Explicit concurrent mark sweep GC freed 23(752B) AllocSpace objects, 0(0B) LOS objects, 35% free, 28MB/44MB, paused 894us total 27.966ms
08-04 17:39:09.137 13842 13854 I art     : Starting a blocking GC Explicit
08-04 17:39:09.164 13842 13854 I art     : Explicit concurrent mark sweep GC freed 3(96B) AllocSpace objects, 0(0B) LOS objects, 35% free, 28MB/44MB, paused 806us total 27.234ms
08-04 17:39:09.173 13842 13854 I art     : Starting a blocking GC Explicit
08-04 17:39:09.200 13842 13854 I art     : Explicit concurrent mark sweep GC freed 3(96B) AllocSpace objects, 0(0B) LOS objects, 35% free, 28MB/44MB, paused 843us total 26.971ms
08-04 17:39:09.210 13842 13854 I art     : Starting a blocking GC Explicit
08-04 17:39:09.237 13842 13854 I art     : Explicit concurrent mark sweep GC freed 32(880B) AllocSpace objects, 0(0B) LOS objects, 35% free, 28MB/44MB, paused 897us total 27.308ms
08-04 17:39:09.426 15646 15646 D AndroidRuntime: >>>>>> START com.android.internal.os.RuntimeInit uid 2000 <<<<<<
08-04 17:39:09.431 15646 15646 D AndroidRuntime: CheckJNI is OFF
08-04 17:39:09.462 15646 15646 D ICU     : No timezone override file found: /data/misc/zoneinfo/current/icu/icu_tzdata.dat
08-04 17:39:09.493 15646 15646 I Radio-JNI: register_android_hardware_Radio DONE
08-04 17:39:09.515 15646 15646 D AndroidRuntime: Calling main entry com.android.commands.input.Input
08-04 17:39:09.517 15646 15646 I Input   : injectKeyEvent: KeyEvent { action=ACTION_DOWN, keyCode=KEYCODE_BACK, scanCode=0, metaState=0, flags=0x0, repeatCount=0, eventTime=725965930, downTime=725965930, deviceId=-1, source=0x101 }
08-04 17:39:09.522 15646 15646 I Input   : injectKeyEvent: KeyEvent { action=ACTION_UP, keyCode=KEYCODE_BACK, scanCode=0, metaState=0, flags=0x0, repeatCount=0, eventTime=725965930, downTime=725965930, deviceId=-1, source=0x101 }
08-04 17:39:09.527 15646 15646 D AndroidRuntime: Shutting down VM
08-04 17:39:09.531 13842 13842 V PlaybackController: initServiceNotRunning()
08-04 17:39:09.531 13842 13842 D ExternalPlayerFragment: Loading media info
08-04 17:39:09.536 13842 13842 D UserPreferences: Using default data folder
08-04 17:39:09.539 13842 13862 D DBReader: getNavDrawerData() called with: 
08-04 17:39:09.544 13842 14314 I art     : Starting a blocking GC Explicit
08-04 17:39:09.550 13842 13862 D DBReader: getDownloadedItems() called
08-04 17:39:09.551 13842 13862 D DBReader: getFavoriteIDList() called
08-04 17:39:09.551 13842 13862 D DBReader: getQueueIDList() called
08-04 17:39:09.552 13842 13862 D DBReader: Extracting Feedlist
08-04 17:39:09.572 13842 14314 I art     : Explicit concurrent mark sweep GC freed 1982(128KB) AllocSpace objects, 1(20KB) LOS objects, 35% free, 28MB/44MB, paused 952us total 27.285ms
08-04 17:39:09.573 13866 13866 I GoogleInputMethodServic: GoogleInputMethodService.onFinishInput():3138 
08-04 17:39:09.573 13842 13842 D MainActivity: getLastNavFragment() -> AddFeedFragment
08-04 17:39:09.574 13866 13866 I GoogleInputMethodServic: GoogleInputMethodService.onStartInput():1808 
08-04 17:39:09.581 13842 14314 I art     : Starting a blocking GC Explicit
08-04 17:39:09.608 13842 14314 I art     : Explicit concurrent mark sweep GC freed 761(36KB) AllocSpace objects, 0(0B) LOS objects, 35% free, 28MB/44MB, paused 869us total 26.664ms
08-04 17:39:09.617 13842 14314 I art     : Starting a blocking GC Explicit
08-04 17:39:09.642 13842 14314 I art     : Explicit concurrent mark sweep GC freed 194(11KB) AllocSpace objects, 0(0B) LOS objects, 35% free, 28MB/44MB, paused 817us total 24.300ms
08-04 17:39:09.650 13842 14314 I art     : Starting a blocking GC Explicit
08-04 17:39:09.675 13842 14314 I art     : Explicit concurrent mark sweep GC freed 3(96B) AllocSpace objects, 0(0B) LOS objects, 35% free, 28MB/44MB, paused 813us total 24.331ms
08-04 17:39:09.684 13842 14314 I art     : Starting a blocking GC Explicit
08-04 17:39:09.710 13842 14314 I art     : Explicit concurrent mark sweep GC freed 3(96B) AllocSpace objects, 0(0B) LOS objects, 35% free, 28MB/44MB, paused 793us total 25.629ms
08-04 17:39:09.877   380   380 W SurfaceFlinger: couldn't log to binary event log: overflow.
08-04 17:39:09.963 13842 13867 I art     : Starting a blocking GC Explicit
08-04 17:39:09.992 13842 13867 I art     : Explicit concurrent mark sweep GC freed 1969(105KB) AllocSpace objects, 1(20KB) LOS objects, 35% free, 28MB/44MB, paused 856us total 29.518ms
08-04 17:39:10.002 13842 13867 I art     : Starting a blocking GC Explicit
08-04 17:39:10.029 13842 13867 I art     : Explicit concurrent mark sweep GC freed 2457(152KB) AllocSpace objects, 1(28KB) LOS objects, 36% free, 28MB/44MB, paused 839us total 27.394ms
08-04 17:39:10.039 13842 13867 I art     : Starting a blocking GC Explicit
08-04 17:39:10.066 13842 13867 I art     : Explicit concurrent mark sweep GC freed 3(96B) AllocSpace objects, 0(0B) LOS objects, 36% free, 28MB/44MB, paused 806us total 27.453ms
08-04 17:39:10.076 13842 13867 I art     : Starting a blocking GC Explicit
08-04 17:39:10.103 13842 13867 I art     : Explicit concurrent mark sweep GC freed 3(96B) AllocSpace objects, 0(0B) LOS objects, 36% free, 28MB/44MB, paused 834us total 27.316ms
08-04 17:39:10.113 13842 13867 I art     : Starting a blocking GC Explicit
08-04 17:39:10.140 13842 13867 I art     : Explicit concurrent mark sweep GC freed 3(96B) AllocSpace objects, 0(0B) LOS objects, 36% free, 28MB/44MB, paused 837us total 27.584ms
08-04 17:39:10.427 13842 13855 I art     : Starting a blocking GC Explicit
08-04 17:39:10.458 13842 13855 I art     : Explicit concurrent mark sweep GC freed 1403(83KB) AllocSpace objects, 1(20KB) LOS objects, 36% free, 28MB/44MB, paused 940us total 30.774ms
08-04 17:39:10.467 13842 13855 I art     : Starting a blocking GC Explicit
08-04 17:39:10.496 13842 13855 I art     : Explicit concurrent mark sweep GC freed 23(752B) AllocSpace objects, 0(0B) LOS objects, 36% free, 28MB/44MB, paused 843us total 28.339ms
08-04 17:39:10.506 13842 13855 I art     : Starting a blocking GC Explicit
08-04 17:39:10.534 13842 13855 I art     : Explicit concurrent mark sweep GC freed 3(96B) AllocSpace objects, 0(0B) LOS objects, 36% free, 28MB/44MB, paused 789us total 28.015ms
08-04 17:39:10.544 13842 13855 I art     : Starting a blocking GC Explicit
08-04 17:39:10.572 13842 13855 I art     : Explicit concurrent mark sweep GC freed 3(96B) AllocSpace objects, 0(0B) LOS objects, 36% free, 28MB/44MB, paused 840us total 28.336ms
08-04 17:39:10.582 13842 13855 I art     : Starting a blocking GC Explicit
08-04 17:39:10.609 13842 13855 I art     : Explicit concurrent mark sweep GC freed 3(96B) AllocSpace objects, 0(0B) LOS objects, 36% free, 28MB/44MB, paused 834us total 27.375ms
08-04 17:39:10.883 13842 13854 I art     : Starting a blocking GC Explicit
08-04 17:39:10.911 13842 13854 I art     : Explicit concurrent mark sweep GC freed 1373(80KB) AllocSpace objects, 1(20KB) LOS objects, 36% free, 28MB/44MB, paused 848us total 28.069ms
08-04 17:39:10.920 13842 13854 I art     : Starting a blocking GC Explicit
08-04 17:39:10.949 13842 13854 I art     : Explicit concurrent mark sweep GC freed 23(752B) AllocSpace objects, 0(0B) LOS objects, 36% free, 28MB/44MB, paused 894us total 27.813ms
08-04 17:39:10.958 13842 13854 I art     : Starting a blocking GC Explicit
08-04 17:39:10.985 13842 13854 I art     : Explicit concurrent mark sweep GC freed 3(96B) AllocSpace objects, 0(0B) LOS objects, 36% free, 28MB/44MB, paused 859us total 26.150ms
08-04 17:39:10.994 13842 13854 I art     : Starting a blocking GC Explicit
08-04 17:39:11.020 13842 13854 I art     : Explicit concurrent mark sweep GC freed 3(96B) AllocSpace objects, 0(0B) LOS objects, 36% free, 28MB/44MB, paused 794us total 26.122ms
08-04 17:39:11.029 13842 13854 I art     : Starting a blocking GC Explicit
08-04 17:39:11.056 13842 13854 I art     : Explicit concurrent mark sweep GC freed 3(96B) AllocSpace objects, 0(0B) LOS objects, 36% free, 28MB/44MB, paused 839us total 26.809ms
08-04 17:39:11.194 15691 15691 D AndroidRuntime: >>>>>> START com.android.internal.os.RuntimeInit uid 2000 <<<<<<
08-04 17:39:11.201 15691 15691 D AndroidRuntime: CheckJNI is OFF
08-04 17:39:11.235 15691 15691 D ICU     : No timezone override file found: /data/misc/zoneinfo/current/icu/icu_tzdata.dat
08-04 17:39:11.265 15691 15691 I Radio-JNI: register_android_hardware_Radio DONE
08-04 17:39:11.286 15691 15691 D AndroidRuntime: Calling main entry com.android.commands.input.Input
08-04 17:39:11.287 15691 15691 I Input   : injectKeyEvent: KeyEvent { action=ACTION_DOWN, keyCode=KEYCODE_BACK, scanCode=0, metaState=0, flags=0x0, repeatCount=0, eventTime=725967700, downTime=725967700, deviceId=-1, source=0x101 }
08-04 17:39:11.292 15691 15691 I Input   : injectKeyEvent: KeyEvent { action=ACTION_UP, keyCode=KEYCODE_BACK, scanCode=0, metaState=0, flags=0x0, repeatCount=0, eventTime=725967700, downTime=725967700, deviceId=-1, source=0x101 }
08-04 17:39:11.301 13866 13866 I GoogleInputMethodServic: GoogleInputMethodService.onFinishInput():3138 
08-04 17:39:11.302 13866 13866 I GoogleInputMethodServic: GoogleInputMethodService.onStartInput():1808 
08-04 17:39:11.306 15691 15691 D AndroidRuntime: Shutting down VM
08-04 17:39:11.351 13842 13855 I art     : Starting a blocking GC Explicit
08-04 17:39:11.377 13842 13855 I art     : Explicit concurrent mark sweep GC freed 2568(128KB) AllocSpace objects, 1(20KB) LOS objects, 36% free, 28MB/44MB, paused 807us total 25.386ms
08-04 17:39:11.385 13842 13855 I art     : Starting a blocking GC Explicit
08-04 17:39:11.413 13842 13855 I art     : Explicit concurrent mark sweep GC freed 2703(179KB) AllocSpace objects, 9(1540KB) LOS objects, 37% free, 26MB/42MB, paused 801us total 27.249ms
08-04 17:39:11.422 13842 13855 I art     : Starting a blocking GC Explicit
08-04 17:39:11.449 13842 13855 I art     : Explicit concurrent mark sweep GC freed 3(96B) AllocSpace objects, 0(0B) LOS objects, 37% free, 26MB/42MB, paused 854us total 26.409ms
08-04 17:39:11.458 13842 13855 I art     : Starting a blocking GC Explicit
08-04 17:39:11.485 13842 13855 I art     : Explicit concurrent mark sweep GC freed 3(96B) AllocSpace objects, 0(0B) LOS objects, 37% free, 26MB/42MB, paused 819us total 26.387ms
08-04 17:39:11.494 13842 13855 I art     : Starting a blocking GC Explicit
08-04 17:39:11.521 13842 13855 I art     : Explicit concurrent mark sweep GC freed 3(96B) AllocSpace objects, 0(0B) LOS objects, 37% free, 26MB/42MB, paused 901us total 26.744ms
08-04 17:39:11.798 13842 13854 I art     : Starting a blocking GC Explicit
08-04 17:39:11.833 13842 13854 I art     : Explicit concurrent mark sweep GC freed 1373(81KB) AllocSpace objects, 1(20KB) LOS objects, 37% free, 26MB/42MB, paused 1.015ms total 34.695ms
08-04 17:39:11.846 13842 13854 I art     : Starting a blocking GC Explicit
08-04 17:39:11.873 13842 13854 I art     : Explicit concurrent mark sweep GC freed 23(752B) AllocSpace objects, 0(0B) LOS objects, 37% free, 26MB/42MB, paused 836us total 27.049ms
08-04 17:39:11.882 13842 13854 I art     : Starting a blocking GC Explicit
08-04 17:39:11.909 13842 13854 I art     : Explicit concurrent mark sweep GC freed 3(96B) AllocSpace objects, 0(0B) LOS objects, 37% free, 26MB/42MB, paused 877us total 26.962ms
08-04 17:39:11.919 13842 13854 I art     : Starting a blocking GC Explicit
08-04 17:39:11.947 13842 13854 I art     : Explicit concurrent mark sweep GC freed 3(96B) AllocSpace objects, 0(0B) LOS objects, 37% free, 26MB/42MB, paused 919us total 27.860ms
08-04 17:39:11.957 13842 13854 I art     : Starting a blocking GC Explicit
08-04 17:39:11.984 13842 13854 I art     : Explicit concurrent mark sweep GC freed 3(96B) AllocSpace objects, 0(0B) LOS objects, 37% free, 26MB/42MB, paused 812us total 27.419ms
08-04 17:39:12.288 13842 14314 I art     : Starting a blocking GC Explicit
08-04 17:39:12.332 13842 14314 I art     : Explicit concurrent mark sweep GC freed 1402(82KB) AllocSpace objects, 1(20KB) LOS objects, 37% free, 26MB/42MB, paused 1.099ms total 43.002ms
08-04 17:39:12.342 13842 14314 I art     : Starting a blocking GC Explicit
08-04 17:39:12.370 13842 14314 I art     : Explicit concurrent mark sweep GC freed 23(752B) AllocSpace objects, 0(0B) LOS objects, 37% free, 26MB/42MB, paused 820us total 27.676ms
08-04 17:39:12.380 13842 14314 I art     : Starting a blocking GC Explicit
08-04 17:39:12.407 13842 14314 I art     : Explicit concurrent mark sweep GC freed 3(96B) AllocSpace objects, 0(0B) LOS objects, 37% free, 26MB/42MB, paused 881us total 27.353ms
08-04 17:39:12.417 13842 14314 I art     : Starting a blocking GC Explicit
08-04 17:39:12.444 13842 14314 I art     : Explicit concurrent mark sweep GC freed 3(96B) AllocSpace objects, 0(0B) LOS objects, 37% free, 26MB/42MB, paused 844us total 26.479ms
08-04 17:39:12.453 13842 14314 I art     : Starting a blocking GC Explicit
08-04 17:39:12.480 13842 14314 I art     : Explicit concurrent mark sweep GC freed 3(96B) AllocSpace objects, 0(0B) LOS objects, 37% free, 26MB/42MB, paused 841us total 27.029ms
08-04 17:39:12.605   518   646 I ThermalEngine: ACTION: GPU - Setting GPU[0] to 450000000
08-04 17:39:12.703   918  3188 I hubconnection: sensorhub said: 'set_bias 3: -5.1456, 0.0000, 0.0000'
08-04 17:39:12.762 13842 13867 I art     : Starting a blocking GC Explicit
08-04 17:39:12.802 13842 13867 I art     : Explicit concurrent mark sweep GC freed 1372(82KB) AllocSpace objects, 1(20KB) LOS objects, 37% free, 26MB/42MB, paused 1.207ms total 39.352ms
08-04 17:39:12.815 13842 13867 I art     : Starting a blocking GC Explicit
08-04 17:39:12.848 13842 13867 I art     : Explicit concurrent mark sweep GC freed 23(752B) AllocSpace objects, 0(0B) LOS objects, 37% free, 26MB/42MB, paused 1.179ms total 33.280ms
08-04 17:39:12.860 13842 13867 I art     : Starting a blocking GC Explicit
08-04 17:39:12.892 13842 13867 I art     : Explicit concurrent mark sweep GC freed 3(96B) AllocSpace objects, 0(0B) LOS objects, 37% free, 26MB/42MB, paused 1.198ms total 32.206ms
08-04 17:39:12.904 13842 13867 I art     : Starting a blocking GC Explicit
08-04 17:39:12.938 13842 13867 I art     : Explicit concurrent mark sweep GC freed 6(192B) AllocSpace objects, 0(0B) LOS objects, 37% free, 26MB/42MB, paused 1.081ms total 33.803ms
08-04 17:39:12.950 13842 13867 I art     : Starting a blocking GC Explicit
08-04 17:39:12.984 13842 13867 I art     : Explicit concurrent mark sweep GC freed 8(256B) AllocSpace objects, 0(0B) LOS objects, 37% free, 26MB/42MB, paused 1.111ms total 33.811ms
08-04 17:39:13.076 15743 15743 D AndroidRuntime: >>>>>> START com.android.internal.os.RuntimeInit uid 2000 <<<<<<
08-04 17:39:13.082 15743 15743 D AndroidRuntime: CheckJNI is OFF
08-04 17:39:13.125 15743 15743 D ICU     : No timezone override file found: /data/misc/zoneinfo/current/icu/icu_tzdata.dat
08-04 17:39:13.167 15743 15743 I Radio-JNI: register_android_hardware_Radio DONE
08-04 17:39:13.195 15743 15743 D AndroidRuntime: Calling main entry com.android.commands.input.Input
08-04 17:39:13.198 15743 15743 I Input   : injectMotionEvent: MotionEvent { action=ACTION_DOWN, actionButton=0, id[0]=0, x[0]=567.0, y[0]=714.0, toolType[0]=TOOL_TYPE_UNKNOWN, buttonState=0, metaState=0, flags=0x0, edgeFlags=0x0, pointerCount=1, historySize=0, eventTime=725969610, downTime=725969610, deviceId=0, source=0x1002 }
08-04 17:39:13.203 15743 15743 I Input   : injectMotionEvent: MotionEvent { action=ACTION_UP, actionButton=0, id[0]=0, x[0]=567.0, y[0]=714.0, toolType[0]=TOOL_TYPE_UNKNOWN, buttonState=0, metaState=0, flags=0x0, edgeFlags=0x0, pointerCount=1, historySize=0, eventTime=725969610, downTime=725969610, deviceId=0, source=0x1002 }
08-04 17:39:13.205 15743 15743 D AndroidRuntime: Shutting down VM
08-04 17:39:13.217   512  2967 D audio_hw_primary: out_set_parameters: enter: usecase(1: low-latency-playback) kvpairs: routing=2
08-04 17:39:13.230   512  2967 D audio_hw_primary: select_devices: out_snd_device(2: speaker) in_snd_device(0: none)
08-04 17:39:13.231   512  2967 D msm8974_platform: platform_send_audio_calibration: sending audio calibration for snd_device(2) acdb_id(15)
08-04 17:39:13.231   512  2967 I soundtrigger: audio_extn_sound_trigger_update_device_status: device 0x2 of type 0 for Event 1
08-04 17:39:13.241   512  2967 D audio_hw_primary: enable_snd_device: snd_device(2: speaker)
08-04 17:39:13.244   512  2967 D audio_hw_primary: enable_audio_route: apply and update mixer path: low-latency-playback speaker
08-04 17:39:13.303 13842 14314 I art     : Starting a blocking GC Explicit
08-04 17:39:13.337 13842 14314 I art     : Explicit concurrent mark sweep GC freed 3753(176KB) AllocSpace objects, 1(20KB) LOS objects, 37% free, 27MB/43MB, paused 1.328ms total 34.740ms
08-04 17:39:13.349 13842 14314 I art     : Starting a blocking GC Explicit
08-04 17:39:13.381 13842 14314 I art     : Explicit concurrent mark sweep GC freed 1645(84KB) AllocSpace objects, 1(220KB) LOS objects, 37% free, 26MB/42MB, paused 1.125ms total 31.526ms
08-04 17:39:13.392 13842 14314 I art     : Starting a blocking GC Explicit
08-04 17:39:13.426 13842 14314 I art     : Explicit concurrent mark sweep GC freed 1400(56KB) AllocSpace objects, 0(0B) LOS objects, 37% free, 26MB/42MB, paused 1.656ms total 33.612ms
08-04 17:39:13.438 13842 14314 I art     : Starting a blocking GC Explicit
08-04 17:39:13.471 13842 14314 I art     : Explicit concurrent mark sweep GC freed 2148(93KB) AllocSpace objects, 0(0B) LOS objects, 37% free, 26MB/42MB, paused 1.589ms total 32.688ms
08-04 17:39:13.482 13842 14314 I art     : Starting a blocking GC Explicit
08-04 17:39:13.513 13842 14314 I art     : Explicit concurrent mark sweep GC freed 432(30KB) AllocSpace objects, 0(0B) LOS objects, 37% free, 26MB/42MB, paused 1.225ms total 31.408ms
08-04 17:39:13.617 13842 14417 I NAPPA_EXPERIMENTATION: MetricNetworkRequestExecutionTime: REQUEST_DURATION_SYSTEM='388',REQUEST_DURATION_OKHTTP='156',REQUEST_SYNCHRONOUS='TRUE',RESPONSE_CODE='400',RESPONSE_METHOD='GET',RESPONSE_LENGTH_OKHTTP='0',RESPONSE_LENGTH_HEADER='0',REQUEST_PROTOCOL='h2',REQUEST_URL='https://itunes.apple.com/en/rss/toppodcasts/limit=25/explicit=true/json',
08-04 17:39:13.751 13842 14417 I NAPPA_EXPERIMENTATION: MetricNetworkRequestExecutionTime: REQUEST_DURATION_SYSTEM='133',REQUEST_DURATION_OKHTTP='131',REQUEST_SYNCHRONOUS='TRUE',RESPONSE_CODE='200',RESPONSE_METHOD='GET',RESPONSE_LENGTH_OKHTTP='-1',RESPONSE_LENGTH_HEADER='10075',REQUEST_PROTOCOL='h2',REQUEST_URL='https://itunes.apple.com/us/rss/toppodcasts/limit=25/explicit=true/json',
08-04 17:39:13.778   512  2967 D audio_hw_primary: disable_audio_route: reset and update mixer path: low-latency-playback speaker
08-04 17:39:13.780   512  2967 D audio_hw_primary: disable_snd_device: snd_device(2: speaker)
08-04 17:39:13.789   512  2967 I soundtrigger: audio_extn_sound_trigger_update_device_status: device 0x2 of type 0 for Event 0
08-04 17:39:13.795 13842 13855 I art     : Starting a blocking GC Explicit
08-04 17:39:13.802 13842 14615 D ApOkHttpUrlLoader: buildLoadData() called with: model = [https://is4-ssl.mzstatic.com/image/thumb/Podcasts114/v4/3f/16/74/3f167426-bf50-ce3a-d709-e4301620fc5b/mza_5832671293059882550.jpeg/170x170bb.png], width = [224], height = [224]
08-04 17:39:13.804 13842 14622 D DBReader: getImageAuthentication() called with: imageUrl = [https://is4-ssl.mzstatic.com/image/thumb/Podcasts114/v4/3f/16/74/3f167426-bf50-ce3a-d709-e4301620fc5b/mza_5832671293059882550.jpeg/170x170bb.png]
08-04 17:39:13.808 13842 14622 D ApOkHttpUrlLoader: no credentials for 'https://is4-ssl.mzstatic.com/image/thumb/Podcasts114/v4/3f/16/74/3f167426-bf50-ce3a-d709-e4301620fc5b/mza_5832671293059882550.jpeg/170x170bb.png'
08-04 17:39:13.811 13842 14617 D ApOkHttpUrlLoader: buildLoadData() called with: model = [https://is4-ssl.mzstatic.com/image/thumb/Podcasts113/v4/e5/8a/10/e58a108f-f5d0-f622-c94a-13f66edd570c/mza_3025981348644196724.jpg/170x170bb.png], width = [224], height = [224]
08-04 17:39:13.812 13842 14623 D DBReader: getImageAuthentication() called with: imageUrl = [https://is4-ssl.mzstatic.com/image/thumb/Podcasts113/v4/e5/8a/10/e58a108f-f5d0-f622-c94a-13f66edd570c/mza_3025981348644196724.jpg/170x170bb.png]
08-04 17:39:13.817 13842 14623 D ApOkHttpUrlLoader: no credentials for 'https://is4-ssl.mzstatic.com/image/thumb/Podcasts113/v4/e5/8a/10/e58a108f-f5d0-f622-c94a-13f66edd570c/mza_3025981348644196724.jpg/170x170bb.png'
08-04 17:39:13.818 13842 14619 D ApOkHttpUrlLoader: buildLoadData() called with: model = [https://is2-ssl.mzstatic.com/image/thumb/Podcasts113/v4/a9/39/cc/a939ccc5-6d60-0c11-0a4c-16d71cdef89b/mza_8787577209688278658.jpg/170x170bb.png], width = [224], height = [224]
08-04 17:39:13.820 13842 14624 D DBReader: getImageAuthentication() called with: imageUrl = [https://is2-ssl.mzstatic.com/image/thumb/Podcasts113/v4/a9/39/cc/a939ccc5-6d60-0c11-0a4c-16d71cdef89b/mza_8787577209688278658.jpg/170x170bb.png]
08-04 17:39:13.824 13842 14621 D ApOkHttpUrlLoader: buildLoadData() called with: model = [https://is5-ssl.mzstatic.com/image/thumb/Podcasts114/v4/93/cf/99/93cf9960-fff3-205e-6655-72c03ddeccb2/mza_10545582232493904175.jpeg/170x170bb.png], width = [224], height = [224]
08-04 17:39:13.825 13842 14624 D ApOkHttpUrlLoader: no credentials for 'https://is2-ssl.mzstatic.com/image/thumb/Podcasts113/v4/a9/39/cc/a939ccc5-6d60-0c11-0a4c-16d71cdef89b/mza_8787577209688278658.jpg/170x170bb.png'
08-04 17:39:13.825 13842 14625 D DBReader: getImageAuthentication() called with: imageUrl = [https://is5-ssl.mzstatic.com/image/thumb/Podcasts114/v4/93/cf/99/93cf9960-fff3-205e-6655-72c03ddeccb2/mza_10545582232493904175.jpeg/170x170bb.png]
08-04 17:39:13.830 13842 13855 I art     : Explicit concurrent mark sweep GC freed 11480(648KB) AllocSpace objects, 5(372KB) LOS objects, 37% free, 27MB/43MB, paused 1.912ms total 35.513ms
08-04 17:39:13.831 13842 14625 D ApOkHttpUrlLoader: no credentials for 'https://is5-ssl.mzstatic.com/image/thumb/Podcasts114/v4/93/cf/99/93cf9960-fff3-205e-6655-72c03ddeccb2/mza_10545582232493904175.jpeg/170x170bb.png'
08-04 17:39:13.837 13842 14615 D ApOkHttpUrlLoader: buildLoadData() called with: model = [https://is4-ssl.mzstatic.com/image/thumb/Podcasts124/v4/49/a4/91/49a491b7-3daf-c5dc-d7c6-6c4f1486955c/mza_5930014091766152297.png/170x170bb.png], width = [224], height = [224]
08-04 17:39:13.838 13842 14620 D DBReader: getImageAuthentication() called with: imageUrl = [https://is4-ssl.mzstatic.com/image/thumb/Podcasts124/v4/49/a4/91/49a491b7-3daf-c5dc-d7c6-6c4f1486955c/mza_5930014091766152297.png/170x170bb.png]
08-04 17:39:13.841 13842 14617 D ApOkHttpUrlLoader: buildLoadData() called with: model = [https://is5-ssl.mzstatic.com/image/thumb/Podcasts113/v4/fd/54/6e/fd546ea0-7ab2-e3f0-6049-884d82917af9/mza_4855349695799758348.jpeg/170x170bb.png], width = [224], height = [224]
08-04 17:39:13.841 13842 14620 D ApOkHttpUrlLoader: no credentials for 'https://is4-ssl.mzstatic.com/image/thumb/Podcasts124/v4/49/a4/91/49a491b7-3daf-c5dc-d7c6-6c4f1486955c/mza_5930014091766152297.png/170x170bb.png'
08-04 17:39:13.842 13842 14616 D DBReader: getImageAuthentication() called with: imageUrl = [https://is5-ssl.mzstatic.com/image/thumb/Podcasts113/v4/fd/54/6e/fd546ea0-7ab2-e3f0-6049-884d82917af9/mza_4855349695799758348.jpeg/170x170bb.png]
08-04 17:39:13.843 13842 13855 I art     : Starting a blocking GC Explicit
08-04 17:39:13.845 13842 14616 D ApOkHttpUrlLoader: no credentials for 'https://is5-ssl.mzstatic.com/image/thumb/Podcasts113/v4/fd/54/6e/fd546ea0-7ab2-e3f0-6049-884d82917af9/mza_4855349695799758348.jpeg/170x170bb.png'
08-04 17:39:13.847 13842 14619 D ApOkHttpUrlLoader: buildLoadData() called with: model = [https://is2-ssl.mzstatic.com/image/thumb/Podcasts114/v4/b3/4c/cf/b34ccfc2-cea4-1ca1-0fad-7793af301cc5/mza_2466085192629456364.jpg/170x170bb.png], width = [224], height = [224]
08-04 17:39:13.848 13842 14618 D DBReader: getImageAuthentication() called with: imageUrl = [https://is2-ssl.mzstatic.com/image/thumb/Podcasts114/v4/b3/4c/cf/b34ccfc2-cea4-1ca1-0fad-7793af301cc5/mza_2466085192629456364.jpg/170x170bb.png]
08-04 17:39:13.851 13842 14618 D ApOkHttpUrlLoader: no credentials for 'https://is2-ssl.mzstatic.com/image/thumb/Podcasts114/v4/b3/4c/cf/b34ccfc2-cea4-1ca1-0fad-7793af301cc5/mza_2466085192629456364.jpg/170x170bb.png'
08-04 17:39:13.875 13842 13855 I art     : Explicit concurrent mark sweep GC freed 1670(121KB) AllocSpace objects, 0(0B) LOS objects, 37% free, 27MB/43MB, paused 1.491ms total 32.142ms
08-04 17:39:13.886 13842 13855 I art     : Starting a blocking GC Explicit
08-04 17:39:13.920 13842 13855 I art     : Explicit concurrent mark sweep GC freed 2960(128KB) AllocSpace objects, 0(0B) LOS objects, 37% free, 26MB/42MB, paused 1.519ms total 33.516ms
08-04 17:39:13.931 13842 13855 I art     : Starting a blocking GC Explicit
08-04 17:39:13.969 13842 13855 I art     : Explicit concurrent mark sweep GC freed 10707(458KB) AllocSpace objects, 0(0B) LOS objects, 37% free, 27MB/43MB, paused 2.168ms total 37.401ms
08-04 17:39:13.980 13842 13855 I art     : Starting a blocking GC Explicit
08-04 17:39:14.016 13842 13855 I art     : Explicit concurrent mark sweep GC freed 10896(488KB) AllocSpace objects, 0(0B) LOS objects, 37% free, 27MB/43MB, paused 2.015ms total 35.451ms
08-04 17:39:14.115 13842 14622 D MYTAG   : interceptor 2a
08-04 17:39:14.115 13842 14622 I NAPPA_EXPERIMENTATION: MetricNetworkRequestExecutionTime: REQUEST_DURATION_SYSTEM='307',REQUEST_DURATION_OKHTTP='160',REQUEST_SYNCHRONOUS='TRUE',RESPONSE_CODE='200',RESPONSE_METHOD='GET',RESPONSE_LENGTH_OKHTTP='26177',RESPONSE_LENGTH_HEADER='26177',REQUEST_PROTOCOL='h2',REQUEST_URL='https://is4-ssl.mzstatic.com/image/thumb/Podcasts114/v4/3f/16/74/3f167426-bf50-ce3a-d709-e4301620fc5b/mza_5832671293059882550.jpeg/170x170bb.png',
08-04 17:39:14.132 13842 14623 D MYTAG   : interceptor 2a
08-04 17:39:14.132 13842 14623 I NAPPA_EXPERIMENTATION: MetricNetworkRequestExecutionTime: REQUEST_DURATION_SYSTEM='315',REQUEST_DURATION_OKHTTP='144',REQUEST_SYNCHRONOUS='TRUE',RESPONSE_CODE='200',RESPONSE_METHOD='GET',RESPONSE_LENGTH_OKHTTP='45995',RESPONSE_LENGTH_HEADER='45995',REQUEST_PROTOCOL='h2',REQUEST_URL='https://is4-ssl.mzstatic.com/image/thumb/Podcasts113/v4/e5/8a/10/e58a108f-f5d0-f622-c94a-13f66edd570c/mza_3025981348644196724.jpg/170x170bb.png',
08-04 17:39:14.233 13842 14620 D MYTAG   : interceptor 2a
08-04 17:39:14.233 13842 14620 I NAPPA_EXPERIMENTATION: MetricNetworkRequestExecutionTime: REQUEST_DURATION_SYSTEM='392',REQUEST_DURATION_OKHTTP='219',REQUEST_SYNCHRONOUS='TRUE',RESPONSE_CODE='200',RESPONSE_METHOD='GET',RESPONSE_LENGTH_OKHTTP='12000',RESPONSE_LENGTH_HEADER='12000',REQUEST_PROTOCOL='h2',REQUEST_URL='https://is4-ssl.mzstatic.com/image/thumb/Podcasts124/v4/49/a4/91/49a491b7-3daf-c5dc-d7c6-6c4f1486955c/mza_5930014091766152297.png/170x170bb.png',
08-04 17:39:14.243 13842 14618 D MYTAG   : interceptor 2a
08-04 17:39:14.243 13842 14618 I NAPPA_EXPERIMENTATION: MetricNetworkRequestExecutionTime: REQUEST_DURATION_SYSTEM='392',REQUEST_DURATION_OKHTTP='220',REQUEST_SYNCHRONOUS='TRUE',RESPONSE_CODE='200',RESPONSE_METHOD='GET',RESPONSE_LENGTH_OKHTTP='42299',RESPONSE_LENGTH_HEADER='42299',REQUEST_PROTOCOL='h2',REQUEST_URL='https://is2-ssl.mzstatic.com/image/thumb/Podcasts114/v4/b3/4c/cf/b34ccfc2-cea4-1ca1-0fad-7793af301cc5/mza_2466085192629456364.jpg/170x170bb.png',
08-04 17:39:14.249 13842 14616 D MYTAG   : interceptor 2a
08-04 17:39:14.249 13842 14616 I NAPPA_EXPERIMENTATION: MetricNetworkRequestExecutionTime: REQUEST_DURATION_SYSTEM='404',REQUEST_DURATION_OKHTTP='238',REQUEST_SYNCHRONOUS='TRUE',RESPONSE_CODE='200',RESPONSE_METHOD='GET',RESPONSE_LENGTH_OKHTTP='54835',RESPONSE_LENGTH_HEADER='54835',REQUEST_PROTOCOL='h2',REQUEST_URL='https://is5-ssl.mzstatic.com/image/thumb/Podcasts113/v4/fd/54/6e/fd546ea0-7ab2-e3f0-6049-884d82917af9/mza_4855349695799758348.jpeg/170x170bb.png',
08-04 17:39:14.249 13842 14624 D MYTAG   : interceptor 2a
08-04 17:39:14.250 13842 14624 I NAPPA_EXPERIMENTATION: MetricNetworkRequestExecutionTime: REQUEST_DURATION_SYSTEM='424',REQUEST_DURATION_OKHTTP='243',REQUEST_SYNCHRONOUS='TRUE',RESPONSE_CODE='200',RESPONSE_METHOD='GET',RESPONSE_LENGTH_OKHTTP='48239',RESPONSE_LENGTH_HEADER='48239',REQUEST_PROTOCOL='h2',REQUEST_URL='https://is2-ssl.mzstatic.com/image/thumb/Podcasts113/v4/a9/39/cc/a939ccc5-6d60-0c11-0a4c-16d71cdef89b/mza_8787577209688278658.jpg/170x170bb.png',
08-04 17:39:14.276 13842 14625 D MYTAG   : interceptor 2a
08-04 17:39:14.276 13842 14625 I NAPPA_EXPERIMENTATION: MetricNetworkRequestExecutionTime: REQUEST_DURATION_SYSTEM='443',REQUEST_DURATION_OKHTTP='256',REQUEST_SYNCHRONOUS='TRUE',RESPONSE_CODE='200',RESPONSE_METHOD='GET',RESPONSE_LENGTH_OKHTTP='22351',RESPONSE_LENGTH_HEADER='22351',REQUEST_PROTOCOL='h2',REQUEST_URL='https://is5-ssl.mzstatic.com/image/thumb/Podcasts114/v4/93/cf/99/93cf9960-fff3-205e-6655-72c03ddeccb2/mza_10545582232493904175.jpeg/170x170bb.png',
08-04 17:39:14.319 13842 14314 I art     : Starting a blocking GC Explicit
08-04 17:39:14.352 13842 14314 I art     : Explicit concurrent mark sweep GC freed 8086(554KB) AllocSpace objects, 1(20KB) LOS objects, 36% free, 28MB/44MB, paused 1.225ms total 32.740ms
08-04 17:39:14.364 13842 14314 I art     : Starting a blocking GC Explicit
08-04 17:39:14.399 13842 14314 I art     : Explicit concurrent mark sweep GC freed 500(18KB) AllocSpace objects, 0(0B) LOS objects, 36% free, 28MB/44MB, paused 1.307ms total 34.532ms
08-04 17:39:14.410 13842 14314 I art     : Starting a blocking GC Explicit
08-04 17:39:14.446 13842 14314 I art     : Explicit concurrent mark sweep GC freed 3(96B) AllocSpace objects, 0(0B) LOS objects, 36% free, 28MB/44MB, paused 1.271ms total 35.181ms
08-04 17:39:14.458 13842 14314 I art     : Starting a blocking GC Explicit
08-04 17:39:14.494 13842 14314 I art     : Explicit concurrent mark sweep GC freed 3(96B) AllocSpace objects, 0(0B) LOS objects, 36% free, 28MB/44MB, paused 1.256ms total 35.253ms
08-04 17:39:14.506 13842 14314 I art     : Starting a blocking GC Explicit
08-04 17:39:14.541 13842 14314 I art     : Explicit concurrent mark sweep GC freed 3(96B) AllocSpace objects, 0(0B) LOS objects, 36% free, 28MB/44MB, paused 1.419ms total 34.914ms
08-04 17:39:14.862 13842 13854 I art     : Starting a blocking GC Explicit
08-04 17:39:14.911 13842 13854 I art     : Explicit concurrent mark sweep GC freed 1372(80KB) AllocSpace objects, 1(20KB) LOS objects, 36% free, 28MB/44MB, paused 1.374ms total 48.674ms
08-04 17:39:14.926 13842 13854 I art     : Starting a blocking GC Explicit
08-04 17:39:14.965 13842 13854 I art     : Explicit concurrent mark sweep GC freed 23(752B) AllocSpace objects, 0(0B) LOS objects, 36% free, 28MB/44MB, paused 1.289ms total 38.455ms
08-04 17:39:14.978 13842 13854 I art     : Starting a blocking GC Explicit
08-04 17:39:15.015 13842 13854 I art     : Explicit concurrent mark sweep GC freed 3(96B) AllocSpace objects, 0(0B) LOS objects, 36% free, 28MB/44MB, paused 1.280ms total 36.843ms
08-04 17:39:15.027 13842 13854 I art     : Starting a blocking GC Explicit
08-04 17:39:15.066 13842 13854 I art     : Explicit concurrent mark sweep GC freed 3(96B) AllocSpace objects, 0(0B) LOS objects, 36% free, 28MB/44MB, paused 1.314ms total 38.159ms
08-04 17:39:15.078 13842 13854 I art     : Starting a blocking GC Explicit
08-04 17:39:15.116 13842 13854 I art     : Explicit concurrent mark sweep GC freed 3(96B) AllocSpace objects, 0(0B) LOS objects, 36% free, 28MB/44MB, paused 1.271ms total 38.027ms
08-04 17:39:15.444 13842 13854 I art     : Starting a blocking GC Explicit
08-04 17:39:15.484 13842 13854 I art     : Explicit concurrent mark sweep GC freed 1411(82KB) AllocSpace objects, 1(20KB) LOS objects, 36% free, 28MB/44MB, paused 1.163ms total 39.633ms
08-04 17:39:15.497 13842 13854 I art     : Starting a blocking GC Explicit
08-04 17:39:15.533 13842 13854 I art     : Explicit concurrent mark sweep GC freed 29(944B) AllocSpace objects, 0(0B) LOS objects, 36% free, 28MB/44MB, paused 1.222ms total 35.578ms
08-04 17:39:15.546 13842 13854 I art     : Starting a blocking GC Explicit
08-04 17:39:15.584 13842 13854 I art     : Explicit concurrent mark sweep GC freed 9(288B) AllocSpace objects, 0(0B) LOS objects, 36% free, 28MB/44MB, paused 1.198ms total 37.169ms
08-04 17:39:15.597 13842 13854 I art     : Starting a blocking GC Explicit
08-04 17:39:15.632 13842 13854 I art     : Explicit concurrent mark sweep GC freed 9(288B) AllocSpace objects, 0(0B) LOS objects, 36% free, 28MB/44MB, paused 1.249ms total 35.046ms
08-04 17:39:15.644 13842 13854 I art     : Starting a blocking GC Explicit
08-04 17:39:15.680 13842 13854 I art     : Explicit concurrent mark sweep GC freed 6(192B) AllocSpace objects, 0(0B) LOS objects, 36% free, 28MB/44MB, paused 1.292ms total 35.478ms
08-04 17:39:15.962 11375 11375 I ServiceManager: Waiting for service AtCmdFwd...
08-04 17:39:16.021 13842 14314 I art     : Starting a blocking GC Explicit
08-04 17:39:16.069 13842 14314 I art     : Explicit concurrent mark sweep GC freed 1374(82KB) AllocSpace objects, 1(20KB) LOS objects, 36% free, 28MB/44MB, paused 1.523ms total 47.617ms
08-04 17:39:16.084 13842 14314 I art     : Starting a blocking GC Explicit
08-04 17:39:16.121 13842 14314 I art     : Explicit concurrent mark sweep GC freed 23(752B) AllocSpace objects, 0(0B) LOS objects, 36% free, 28MB/44MB, paused 1.351ms total 37.044ms
08-04 17:39:16.133 13842 14314 I art     : Starting a blocking GC Explicit
08-04 17:39:16.172 13842 14314 I art     : Explicit concurrent mark sweep GC freed 3(96B) AllocSpace objects, 0(0B) LOS objects, 36% free, 28MB/44MB, paused 1.309ms total 37.945ms
08-04 17:39:16.184 13842 14314 I art     : Starting a blocking GC Explicit
08-04 17:39:16.223 13842 14314 I art     : Explicit concurrent mark sweep GC freed 3(96B) AllocSpace objects, 0(0B) LOS objects, 36% free, 28MB/44MB, paused 1.262ms total 38.266ms
08-04 17:39:16.235 13842 14314 I art     : Starting a blocking GC Explicit
08-04 17:39:16.273 13842 14314 I art     : Explicit concurrent mark sweep GC freed 32(880B) AllocSpace objects, 0(0B) LOS objects, 36% free, 28MB/44MB, paused 1.312ms total 37.519ms
08-04 17:39:16.616 13842 13855 I art     : Starting a blocking GC Explicit
08-04 17:39:16.662 13842 13855 I art     : Explicit concurrent mark sweep GC freed 1373(81KB) AllocSpace objects, 1(20KB) LOS objects, 36% free, 28MB/44MB, paused 1.365ms total 44.941ms
08-04 17:39:16.677 13842 13855 I art     : Starting a blocking GC Explicit
08-04 17:39:16.718 13842 13855 I art     : Explicit concurrent mark sweep GC freed 23(752B) AllocSpace objects, 0(0B) LOS objects, 36% free, 28MB/44MB, paused 1.330ms total 40.505ms
08-04 17:39:16.730 13842 13855 I art     : Starting a blocking GC Explicit
08-04 17:39:16.768 13842 13855 I art     : Explicit concurrent mark sweep GC freed 3(96B) AllocSpace objects, 0(0B) LOS objects, 36% free, 28MB/44MB, paused 1.436ms total 38.055ms
08-04 17:39:16.781 13842 13855 I art     : Starting a blocking GC Explicit
08-04 17:39:16.819 13842 13855 I art     : Explicit concurrent mark sweep GC freed 3(96B) AllocSpace objects, 0(0B) LOS objects, 36% free, 28MB/44MB, paused 1.331ms total 38.642ms
08-04 17:39:16.832 13842 13855 I art     : Starting a blocking GC Explicit
08-04 17:39:16.868 13842 13855 I art     : Explicit concurrent mark sweep GC freed 3(96B) AllocSpace objects, 0(0B) LOS objects, 36% free, 28MB/44MB, paused 1.337ms total 35.992ms
08-04 17:39:16.963 11375 11375 I ServiceManager: Waiting for service AtCmdFwd...
08-04 17:39:17.204 13842 13867 I art     : Starting a blocking GC Explicit
08-04 17:39:17.250 13842 13867 I art     : Explicit concurrent mark sweep GC freed 1403(83KB) AllocSpace objects, 1(20KB) LOS objects, 36% free, 28MB/44MB, paused 1.448ms total 45.368ms
08-04 17:39:17.266 13842 13867 I art     : Starting a blocking GC Explicit
08-04 17:39:17.305 13842 13867 I art     : Explicit concurrent mark sweep GC freed 23(752B) AllocSpace objects, 0(0B) LOS objects, 36% free, 28MB/44MB, paused 1.297ms total 38.772ms
08-04 17:39:17.317 13842 13867 I art     : Starting a blocking GC Explicit
08-04 17:39:17.355 13842 13867 I art     : Explicit concurrent mark sweep GC freed 3(96B) AllocSpace objects, 0(0B) LOS objects, 36% free, 28MB/44MB, paused 1.364ms total 37.640ms
08-04 17:39:17.355 13842 13853 I art     : WaitForGcToComplete blocked for 23.172ms for cause HeapTrim
08-04 17:39:17.367 13842 13867 I art     : Starting a blocking GC Explicit
08-04 17:39:17.405 13842 13867 I art     : Explicit concurrent mark sweep GC freed 3(96B) AllocSpace objects, 0(0B) LOS objects, 36% free, 28MB/44MB, paused 1.279ms total 37.489ms
08-04 17:39:17.418 13842 13867 I art     : Starting a blocking GC Explicit
08-04 17:39:17.456 13842 13867 I art     : Explicit concurrent mark sweep GC freed 3(96B) AllocSpace objects, 0(0B) LOS objects, 36% free, 28MB/44MB, paused 1.382ms total 38.111ms
08-04 17:39:17.814 13842 13854 I art     : Starting a blocking GC Explicit
08-04 17:39:17.862 13842 13854 I art     : Explicit concurrent mark sweep GC freed 1373(81KB) AllocSpace objects, 1(20KB) LOS objects, 36% free, 28MB/44MB, paused 1.493ms total 48.096ms
08-04 17:39:17.878 13842 13854 I art     : Starting a blocking GC Explicit
08-04 17:39:17.914 13842 13854 I art     : Explicit concurrent mark sweep GC freed 23(752B) AllocSpace objects, 0(0B) LOS objects, 36% free, 28MB/44MB, paused 1.216ms total 35.913ms
08-04 17:39:17.926 13842 13854 I art     : Starting a blocking GC Explicit
08-04 17:39:17.964 11375 11375 I ServiceManager: Waiting for service AtCmdFwd...
08-04 17:39:17.965 13842 13854 I art     : Explicit concurrent mark sweep GC freed 3(96B) AllocSpace objects, 0(0B) LOS objects, 36% free, 28MB/44MB, paused 1.256ms total 38.418ms
08-04 17:39:17.978 13842 13854 I art     : Starting a blocking GC Explicit
08-04 17:39:18.014 13842 13854 I art     : Explicit concurrent mark sweep GC freed 3(96B) AllocSpace objects, 0(0B) LOS objects, 36% free, 28MB/44MB, paused 1.208ms total 36.570ms
08-04 17:39:18.027 13842 13854 I art     : Starting a blocking GC Explicit
08-04 17:39:18.066 13842 13854 I art     : Explicit concurrent mark sweep GC freed 3(96B) AllocSpace objects, 0(0B) LOS objects, 36% free, 28MB/44MB, paused 1.322ms total 38.609ms
08-04 17:39:18.409 13842 14314 I art     : Starting a blocking GC Explicit
08-04 17:39:18.463 13842 14314 I art     : Explicit concurrent mark sweep GC freed 1401(81KB) AllocSpace objects, 1(20KB) LOS objects, 36% free, 28MB/44MB, paused 1.813ms total 53.762ms
08-04 17:39:18.479 13842 14314 I art     : Starting a blocking GC Explicit
08-04 17:39:18.517 13842 14314 I art     : Explicit concurrent mark sweep GC freed 23(752B) AllocSpace objects, 0(0B) LOS objects, 36% free, 28MB/44MB, paused 1.321ms total 37.468ms
08-04 17:39:18.529 13842 14314 I art     : Starting a blocking GC Explicit
08-04 17:39:18.568 13842 14314 I art     : Explicit concurrent mark sweep GC freed 3(96B) AllocSpace objects, 0(0B) LOS objects, 36% free, 28MB/44MB, paused 1.427ms total 38.367ms
08-04 17:39:18.581 13842 14314 I art     : Starting a blocking GC Explicit
08-04 17:39:18.616   518   646 I ThermalEngine: ACTION: GPU - Setting GPU[0] to 510000000
08-04 17:39:18.618 13842 14314 I art     : Explicit concurrent mark sweep GC freed 3(96B) AllocSpace objects, 0(0B) LOS objects, 36% free, 28MB/44MB, paused 1.269ms total 37.654ms
08-04 17:39:18.631 13842 14314 I art     : Starting a blocking GC Explicit
08-04 17:39:18.667 13842 14314 I art     : Explicit concurrent mark sweep GC freed 3(96B) AllocSpace objects, 0(0B) LOS objects, 36% free, 28MB/44MB, paused 1.104ms total 36.069ms
08-04 17:39:18.965 11375 11375 I ServiceManager: Waiting for service AtCmdFwd...
08-04 17:39:18.981 13842 13855 I art     : Starting a blocking GC Explicit
08-04 17:39:19.016 13842 13855 I art     : Explicit concurrent mark sweep GC freed 1372(80KB) AllocSpace objects, 1(20KB) LOS objects, 36% free, 28MB/44MB, paused 1.031ms total 35.072ms
08-04 17:39:19.027 13842 13855 I art     : Starting a blocking GC Explicit
08-04 17:39:19.056 13842 13855 I art     : Explicit concurrent mark sweep GC freed 23(752B) AllocSpace objects, 0(0B) LOS objects, 36% free, 28MB/44MB, paused 954us total 28.804ms
08-04 17:39:19.066 13842 13855 I art     : Starting a blocking GC Explicit
08-04 17:39:19.095 13842 13855 I art     : Explicit concurrent mark sweep GC freed 3(96B) AllocSpace objects, 0(0B) LOS objects, 36% free, 28MB/44MB, paused 953us total 28.694ms
08-04 17:39:19.105 13842 13855 I art     : Starting a blocking GC Explicit
08-04 17:39:19.132 13842 13855 I art     : Explicit concurrent mark sweep GC freed 3(96B) AllocSpace objects, 0(0B) LOS objects, 36% free, 28MB/44MB, paused 955us total 27.647ms
08-04 17:39:19.142 13842 13855 I art     : Starting a blocking GC Explicit
08-04 17:39:19.170 13842 13855 I art     : Explicit concurrent mark sweep GC freed 3(96B) AllocSpace objects, 0(0B) LOS objects, 36% free, 28MB/44MB, paused 960us total 28.347ms
08-04 17:39:19.498 13842 13867 I art     : Starting a blocking GC Explicit
08-04 17:39:19.528 13842 13867 I art     : Explicit concurrent mark sweep GC freed 1401(81KB) AllocSpace objects, 1(20KB) LOS objects, 36% free, 28MB/44MB, paused 1.043ms total 28.928ms
08-04 17:39:19.537 13842 13867 I art     : Starting a blocking GC Explicit
08-04 17:39:19.564 13842 13867 I art     : Explicit concurrent mark sweep GC freed 23(752B) AllocSpace objects, 0(0B) LOS objects, 36% free, 28MB/44MB, paused 951us total 26.868ms
08-04 17:39:19.573 13842 13867 I art     : Starting a blocking GC Explicit
08-04 17:39:19.600 13842 13867 I art     : Explicit concurrent mark sweep GC freed 3(96B) AllocSpace objects, 0(0B) LOS objects, 36% free, 28MB/44MB, paused 885us total 26.549ms
08-04 17:39:19.609 13842 13867 I art     : Starting a blocking GC Explicit
08-04 17:39:19.636 13842 13867 I art     : Explicit concurrent mark sweep GC freed 3(96B) AllocSpace objects, 0(0B) LOS objects, 36% free, 28MB/44MB, paused 972us total 26.542ms
08-04 17:39:19.645 13842 13867 I art     : Starting a blocking GC Explicit
08-04 17:39:19.672 13842 13867 I art     : Explicit concurrent mark sweep GC freed 3(96B) AllocSpace objects, 0(0B) LOS objects, 36% free, 28MB/44MB, paused 969us total 26.761ms
08-04 17:39:19.859 15899 15899 D AndroidRuntime: >>>>>> START com.android.internal.os.RuntimeInit uid 2000 <<<<<<
08-04 17:39:19.864 15899 15899 D AndroidRuntime: CheckJNI is OFF
08-04 17:39:19.895 15899 15899 D ICU     : No timezone override file found: /data/misc/zoneinfo/current/icu/icu_tzdata.dat
08-04 17:39:19.927 15899 15899 I Radio-JNI: register_android_hardware_Radio DONE
08-04 17:39:19.949 15899 15899 D AndroidRuntime: Calling main entry com.android.commands.input.Input
08-04 17:39:19.951 15899 15899 I Input   : injectMotionEvent: MotionEvent { action=ACTION_DOWN, actionButton=0, id[0]=0, x[0]=616.0, y[0]=469.0, toolType[0]=TOOL_TYPE_UNKNOWN, buttonState=0, metaState=0, flags=0x0, edgeFlags=0x0, pointerCount=1, historySize=0, eventTime=725976363, downTime=725976363, deviceId=0, source=0x1002 }
08-04 17:39:19.955 15899 15899 I Input   : injectMotionEvent: MotionEvent { action=ACTION_UP, actionButton=0, id[0]=0, x[0]=616.0, y[0]=469.0, toolType[0]=TOOL_TYPE_UNKNOWN, buttonState=0, metaState=0, flags=0x0, edgeFlags=0x0, pointerCount=1, historySize=0, eventTime=725976363, downTime=725976363, deviceId=0, source=0x1002 }
08-04 17:39:19.958 15899 15899 D AndroidRuntime: Shutting down VM
08-04 17:39:19.966 11375 11375 I ServiceManager: Waiting for service AtCmdFwd...
08-04 17:39:19.994 13842 14314 I art     : Starting a blocking GC Explicit
08-04 17:39:20.024 13842 14314 I art     : Explicit concurrent mark sweep GC freed 1394(81KB) AllocSpace objects, 1(20KB) LOS objects, 36% free, 28MB/44MB, paused 1.185ms total 29.134ms
08-04 17:39:20.028   512  2967 D audio_hw_primary: out_set_parameters: enter: usecase(1: low-latency-playback) kvpairs: routing=2
08-04 17:39:20.037 13842 14314 I art     : Starting a blocking GC Explicit
08-04 17:39:20.041   512  2967 D audio_hw_primary: select_devices: out_snd_device(2: speaker) in_snd_device(0: none)
08-04 17:39:20.041   512  2967 D msm8974_platform: platform_send_audio_calibration: sending audio calibration for snd_device(2) acdb_id(15)
08-04 17:39:20.041   512  2967 I soundtrigger: audio_extn_sound_trigger_update_device_status: device 0x2 of type 0 for Event 1
08-04 17:39:20.052   512  2967 D audio_hw_primary: enable_snd_device: snd_device(2: speaker)
08-04 17:39:20.054   512  2967 D audio_hw_primary: enable_audio_route: apply and update mixer path: low-latency-playback speaker
08-04 17:39:20.066 13842 14314 I art     : Explicit concurrent mark sweep GC freed 222(9KB) AllocSpace objects, 0(0B) LOS objects, 36% free, 28MB/44MB, paused 1.043ms total 29.237ms
08-04 17:39:20.076 13842 14314 I art     : Starting a blocking GC Explicit
08-04 17:39:20.102 13842 14314 I art     : Explicit concurrent mark sweep GC freed 19(736B) AllocSpace objects, 0(0B) LOS objects, 36% free, 28MB/44MB, paused 941us total 26.406ms
08-04 17:39:20.111 13842 14314 I art     : Starting a blocking GC Explicit
08-04 17:39:20.113   918  3188 I hubconnection: sensorhub said: 'set_bias 3: -6.2400, 0.0000, 0.0000'
08-04 17:39:20.137 13842 14314 I art     : Explicit concurrent mark sweep GC freed 13(480B) AllocSpace objects, 0(0B) LOS objects, 36% free, 28MB/44MB, paused 1.059ms total 25.672ms
08-04 17:39:20.147 13842 14314 I art     : Starting a blocking GC Explicit
08-04 17:39:20.174 13842 14314 I art     : Explicit concurrent mark sweep GC freed 16(608B) AllocSpace objects, 0(0B) LOS objects, 36% free, 28MB/44MB, paused 1.294ms total 27.097ms
08-04 17:39:20.219 13842 14418 I NAPPA_EXPERIMENTATION: MetricNetworkRequestExecutionTime: REQUEST_DURATION_SYSTEM='194',REQUEST_DURATION_OKHTTP='191',REQUEST_SYNCHRONOUS='TRUE',RESPONSE_CODE='200',RESPONSE_METHOD='GET',RESPONSE_LENGTH_OKHTTP='-1',RESPONSE_LENGTH_HEADER='628',REQUEST_PROTOCOL='h2',REQUEST_URL='https://itunes.apple.com/lookup?id=1524080195',
08-04 17:39:20.239   918   929 I ActivityManager: START u0 {cmp=baseline.de.danoeh.antennapod.debug/baseline.de.danoeh.antennapod.activity.OnlineFeedViewActivity (has extras)} from uid 10670 on display 0
08-04 17:39:20.262 13866 13866 I GoogleInputMethodServic: GoogleInputMethodService.onFinishInput():3138 
08-04 17:39:20.263 13866 13866 I GoogleInputMethodServic: GoogleInputMethodService.onStartInput():1808 
08-04 17:39:20.284 13842 13842 D UserPreferences: Using default data folder
08-04 17:39:20.285 13842 13842 D OnlineFeedViewActivity: Activity was started with url https://rss.art19.com/nice-white-parents
08-04 17:39:20.287 13842 13842 D OnlineFeedViewActivity: Starting feed download
08-04 17:39:20.290 13842 13862 D DBReader: Extracting Feedlist
08-04 17:39:20.292   918  5481 D WifiService: acquireWifiLockLocked: WifiLock{Downloader type=1 binder=android.os.BinderProxy@8ddd7a5}
08-04 17:39:20.292 13842 13862 D AntennapodHttpClient: Creating new instance of HTTP client
08-04 17:39:20.349 13866 13866 I GoogleInputMethodServic: GoogleInputMethodService.onFinishInput():3138 
08-04 17:39:20.350 13866 13866 I GoogleInputMethodServic: GoogleInputMethodService.onStartInput():1808 
08-04 17:39:20.380   918   936 I ActivityManager: Displayed baseline.de.danoeh.antennapod.debug/baseline.de.danoeh.antennapod.activity.OnlineFeedViewActivity: +118ms
08-04 17:39:20.428 13842 14314 I art     : Starting a blocking GC Explicit
08-04 17:39:20.456 13842 14314 I art     : Explicit concurrent mark sweep GC freed 7717(428KB) AllocSpace objects, 4(220KB) LOS objects, 35% free, 28MB/44MB, paused 973us total 27.450ms
08-04 17:39:20.465 13842 14314 I art     : Starting a blocking GC Explicit
08-04 17:39:20.493 13842 14314 I art     : Explicit concurrent mark sweep GC freed 1329(134KB) AllocSpace objects, 0(0B) LOS objects, 35% free, 28MB/44MB, paused 967us total 28.537ms
08-04 17:39:20.502 13842 14314 I art     : Starting a blocking GC Explicit
08-04 17:39:20.533 13842 14314 I art     : Explicit concurrent mark sweep GC freed 7(256B) AllocSpace objects, 0(0B) LOS objects, 35% free, 28MB/44MB, paused 947us total 30.367ms
08-04 17:39:20.544 13842 14314 I art     : Starting a blocking GC Explicit
08-04 17:39:20.576 13842 14314 I art     : Explicit concurrent mark sweep GC freed 85(2928B) AllocSpace objects, 0(0B) LOS objects, 35% free, 28MB/44MB, paused 1.212ms total 32.062ms
08-04 17:39:20.577 13842 13862 D MYTAG   : interceptor 3a https://rss.art19.com/nice-white-parents
08-04 17:39:20.577 13842 13862 I NAPPA_EXPERIMENTATION: MetricNetworkRequestExecutionTime: REQUEST_DURATION_SYSTEM='284',REQUEST_DURATION_OKHTTP='145',REQUEST_SYNCHRONOUS='TRUE',RESPONSE_CODE='200',RESPONSE_METHOD='GET',RESPONSE_LENGTH_OKHTTP='-1',RESPONSE_LENGTH_HEADER='1803',REQUEST_PROTOCOL='h2',REQUEST_URL='https://rss.art19.com/nice-white-parents',
08-04 17:39:20.577 13842 13862 D HttpDownloader: Response code is 200
08-04 17:39:20.577 13842 13862 D UserPreferences: Using default data folder
08-04 17:39:20.579 13842 13862 D HttpDownloader: Getting size of download
08-04 17:39:20.579 13842 13862 D HttpDownloader: Size is -1
08-04 17:39:20.579 13842 13862 D UserPreferences: Using default data folder
08-04 17:39:20.579 13842 13862 D HttpDownloader: Free space is 20237164544
08-04 17:39:20.579 13842 13862 D HttpDownloader: Starting download
08-04 17:39:20.580 13842 13862 D HttpDownloader: Download was successful
08-04 17:39:20.581   918  3670 D WifiService: releaseWifiLockLocked: WifiLock{Downloader type=1 binder=android.os.BinderProxy@8ddd7a5}
08-04 17:39:20.581 13842 13842 D OnlineFeedViewActivity: Parsing feed
08-04 17:39:20.585 13842 15937 D TypeGetter: Recognized type RSS 2.0
08-04 17:39:20.587 13842 14314 I art     : Starting a blocking GC Explicit
08-04 17:39:20.592 13842 15937 D SyndHandler: Recognized ITunes namespace
08-04 17:39:20.592 13842 15937 D SyndHandler: Recognized Atom namespace
08-04 17:39:20.592 13842 15937 D SyndHandler: Recognized Content namespace
08-04 17:39:20.598   512  2967 D audio_hw_primary: disable_audio_route: reset and update mixer path: low-latency-playback speaker
08-04 17:39:20.599   512  2967 D audio_hw_primary: disable_snd_device: snd_device(2: speaker)
08-04 17:39:20.601 13842 15937 D OnlineFeedViewActivity: Deleted feed source file. Result: true
08-04 17:39:20.601 13842 13842 D OnlineFeedViewActivity: Removing HTML from shownotes
08-04 17:39:20.611   512  2967 I soundtrigger: audio_extn_sound_trigger_update_device_status: device 0x2 of type 0 for Event 0
08-04 17:39:20.616 13842 14314 I art     : Explicit concurrent mark sweep GC freed 1223(207KB) AllocSpace objects, 4(128KB) LOS objects, 35% free, 28MB/44MB, paused 1.145ms total 29.545ms
08-04 17:39:20.622   380   380 W SurfaceFlinger: couldn't log to binary event log: overflow.
08-04 17:39:20.765 13842 13842 D PlaybackController: Releasing PlaybackController
08-04 17:39:20.908 13842 13854 I art     : Starting a blocking GC Explicit
08-04 17:39:20.940 13842 13854 I art     : Explicit concurrent mark sweep GC freed 2558(175KB) AllocSpace objects, 1(20KB) LOS objects, 35% free, 28MB/44MB, paused 987us total 31.568ms
08-04 17:39:20.950 13842 13854 I art     : Starting a blocking GC Explicit
08-04 17:39:20.967 11375 11375 W Atfwd_Sendcmd: AtCmdFwd service not published, waiting... retryCnt : 5
08-04 17:39:20.977   918 13198 D NetlinkSocketObserver: NeighborEvent{elapsedMs=1709364851, 192.168.2.254, [7C3953A63323], RTM_NEWNEIGH, NUD_PROBE}
08-04 17:39:20.979 13842 13854 I art     : Explicit concurrent mark sweep GC freed 508(23KB) AllocSpace objects, 1(112KB) LOS objects, 35% free, 28MB/44MB, paused 957us total 29.704ms
08-04 17:39:20.989 13842 13854 I art     : Starting a blocking GC Explicit
08-04 17:39:21.019 13842 13854 I art     : Explicit concurrent mark sweep GC freed 3(96B) AllocSpace objects, 0(0B) LOS objects, 35% free, 28MB/44MB, paused 1.032ms total 29.679ms
08-04 17:39:21.029 13842 13854 I art     : Starting a blocking GC Explicit
08-04 17:39:21.059 13842 13854 I art     : Explicit concurrent mark sweep GC freed 3(96B) AllocSpace objects, 0(0B) LOS objects, 35% free, 28MB/44MB, paused 1.029ms total 29.821ms
08-04 17:39:21.068 13842 13854 I art     : Starting a blocking GC Explicit
08-04 17:39:21.098 13842 13854 I art     : Explicit concurrent mark sweep GC freed 3(96B) AllocSpace objects, 0(0B) LOS objects, 35% free, 28MB/44MB, paused 1.005ms total 29.562ms
08-04 17:39:21.401 13842 14314 I art     : Starting a blocking GC Explicit
08-04 17:39:21.442 13842 14314 I art     : Explicit concurrent mark sweep GC freed 1402(81KB) AllocSpace objects, 1(20KB) LOS objects, 35% free, 28MB/44MB, paused 1.061ms total 39.890ms
08-04 17:39:21.454 13842 14314 I art     : Starting a blocking GC Explicit
08-04 17:39:21.485 13842 14314 I art     : Explicit concurrent mark sweep GC freed 23(752B) AllocSpace objects, 0(0B) LOS objects, 35% free, 28MB/44MB, paused 1.014ms total 30.554ms
08-04 17:39:21.495 13842 14314 I art     : Starting a blocking GC Explicit
08-04 17:39:21.525 13842 14314 I art     : Explicit concurrent mark sweep GC freed 3(96B) AllocSpace objects, 0(0B) LOS objects, 35% free, 28MB/44MB, paused 1.017ms total 29.749ms
08-04 17:39:21.535 13842 14314 I art     : Starting a blocking GC Explicit
08-04 17:39:21.564 13842 14314 I art     : Explicit concurrent mark sweep GC freed 3(96B) AllocSpace objects, 0(0B) LOS objects, 35% free, 28MB/44MB, paused 1.030ms total 29.428ms
08-04 17:39:21.574 13842 14314 I art     : Starting a blocking GC Explicit
08-04 17:39:21.605 13842 14314 I art     : Explicit concurrent mark sweep GC freed 3(96B) AllocSpace objects, 0(0B) LOS objects, 35% free, 28MB/44MB, paused 1.014ms total 30.356ms
08-04 17:39:21.623   518   646 I ThermalEngine: ACTION: GPU - Setting GPU[0] to 450000000
08-04 17:39:21.936 13842 13855 I art     : Starting a blocking GC Explicit
08-04 17:39:21.989 13842 13855 I art     : Explicit concurrent mark sweep GC freed 1372(80KB) AllocSpace objects, 1(20KB) LOS objects, 35% free, 28MB/44MB, paused 1.658ms total 52.664ms
08-04 17:39:22.004 13842 13855 I art     : Starting a blocking GC Explicit
08-04 17:39:22.044 13842 13855 I art     : Explicit concurrent mark sweep GC freed 23(752B) AllocSpace objects, 0(0B) LOS objects, 35% free, 28MB/44MB, paused 1.380ms total 39.750ms
08-04 17:39:22.057 13842 13855 I art     : Starting a blocking GC Explicit
08-04 17:39:22.097 13842 13855 I art     : Explicit concurrent mark sweep GC freed 3(96B) AllocSpace objects, 0(0B) LOS objects, 35% free, 28MB/44MB, paused 1.468ms total 40.013ms
08-04 17:39:22.110 13842 13855 I art     : Starting a blocking GC Explicit
08-04 17:39:22.150 13842 13855 I art     : Explicit concurrent mark sweep GC freed 3(96B) AllocSpace objects, 0(0B) LOS objects, 35% free, 28MB/44MB, paused 1.308ms total 39.192ms
08-04 17:39:22.162 13842 13855 I art     : Starting a blocking GC Explicit
08-04 17:39:22.203 13842 13855 I art     : Explicit concurrent mark sweep GC freed 3(96B) AllocSpace objects, 0(0B) LOS objects, 35% free, 28MB/44MB, paused 1.374ms total 40.603ms
08-04 17:39:22.552 13842 13854 I art     : Starting a blocking GC Explicit
08-04 17:39:22.592 13842 13854 I art     : Explicit concurrent mark sweep GC freed 1431(82KB) AllocSpace objects, 1(20KB) LOS objects, 35% free, 28MB/44MB, paused 1.393ms total 39.720ms
08-04 17:39:22.607 13842 13854 I art     : Starting a blocking GC Explicit
08-04 17:39:22.646 13842 13854 I art     : Explicit concurrent mark sweep GC freed 23(752B) AllocSpace objects, 0(0B) LOS objects, 35% free, 28MB/44MB, paused 1.313ms total 38.554ms
08-04 17:39:22.658 13842 13854 I art     : Starting a blocking GC Explicit
08-04 17:39:22.699 13842 13854 I art     : Explicit concurrent mark sweep GC freed 3(96B) AllocSpace objects, 0(0B) LOS objects, 35% free, 28MB/44MB, paused 1.416ms total 40.401ms
08-04 17:39:22.712 13842 13854 I art     : Starting a blocking GC Explicit
08-04 17:39:22.752 13842 13854 I art     : Explicit concurrent mark sweep GC freed 3(96B) AllocSpace objects, 0(0B) LOS objects, 35% free, 28MB/44MB, paused 1.343ms total 40.362ms
08-04 17:39:22.765 13842 13854 I art     : Starting a blocking GC Explicit
08-04 17:39:22.805 13842 13854 I art     : Explicit concurrent mark sweep GC freed 3(96B) AllocSpace objects, 0(0B) LOS objects, 35% free, 28MB/44MB, paused 1.366ms total 40.209ms
08-04 17:39:23.140 13842 14314 I art     : Starting a blocking GC Explicit
08-04 17:39:23.185 13842 14314 I art     : Explicit concurrent mark sweep GC freed 1372(80KB) AllocSpace objects, 1(20KB) LOS objects, 35% free, 28MB/44MB, paused 1.509ms total 44.304ms
08-04 17:39:23.198 13842 14314 I art     : Starting a blocking GC Explicit
08-04 17:39:23.239 13842 14314 I art     : Explicit concurrent mark sweep GC freed 52(1536B) AllocSpace objects, 0(0B) LOS objects, 35% free, 28MB/44MB, paused 1.420ms total 40.960ms
08-04 17:39:23.251 13842 14314 I art     : Starting a blocking GC Explicit
08-04 17:39:23.291 13842 14314 I art     : Explicit concurrent mark sweep GC freed 3(96B) AllocSpace objects, 0(0B) LOS objects, 35% free, 28MB/44MB, paused 1.408ms total 39.435ms
08-04 17:39:23.304 13842 14314 I art     : Starting a blocking GC Explicit
08-04 17:39:23.344 13842 14314 I art     : Explicit concurrent mark sweep GC freed 3(96B) AllocSpace objects, 0(0B) LOS objects, 35% free, 28MB/44MB, paused 1.388ms total 40.238ms
08-04 17:39:23.357 13842 14314 I art     : Starting a blocking GC Explicit
08-04 17:39:23.396 13842 14314 I art     : Explicit concurrent mark sweep GC freed 3(96B) AllocSpace objects, 0(0B) LOS objects, 35% free, 28MB/44MB, paused 1.322ms total 38.747ms
08-04 17:39:23.763 13842 13855 I art     : Starting a blocking GC Explicit
08-04 17:39:23.808 13842 13855 I art     : Explicit concurrent mark sweep GC freed 1372(80KB) AllocSpace objects, 1(20KB) LOS objects, 35% free, 28MB/44MB, paused 1.583ms total 44.537ms
08-04 17:39:23.823 13842 13855 I art     : Starting a blocking GC Explicit
08-04 17:39:23.864 13842 13855 I art     : Explicit concurrent mark sweep GC freed 23(752B) AllocSpace objects, 0(0B) LOS objects, 35% free, 28MB/44MB, paused 1.335ms total 40.547ms
08-04 17:39:23.877 13842 13855 I art     : Starting a blocking GC Explicit
08-04 17:39:23.915 13842 13855 I art     : Explicit concurrent mark sweep GC freed 3(96B) AllocSpace objects, 0(0B) LOS objects, 35% free, 28MB/44MB, paused 1.362ms total 38.005ms
08-04 17:39:23.927 13842 13855 I art     : Starting a blocking GC Explicit
08-04 17:39:23.968 13842 13855 I art     : Explicit concurrent mark sweep GC freed 3(96B) AllocSpace objects, 0(0B) LOS objects, 35% free, 28MB/44MB, paused 1.496ms total 40.366ms
08-04 17:39:23.981 13842 13855 I art     : Starting a blocking GC Explicit
08-04 17:39:24.021 13842 13855 I art     : Explicit concurrent mark sweep GC freed 3(96B) AllocSpace objects, 0(0B) LOS objects, 35% free, 28MB/44MB, paused 1.331ms total 39.761ms
08-04 17:39:24.345 13842 13867 I art     : Starting a blocking GC Explicit
08-04 17:39:24.390 13842 13867 I art     : Explicit concurrent mark sweep GC freed 1402(83KB) AllocSpace objects, 1(20KB) LOS objects, 35% free, 28MB/44MB, paused 1.835ms total 44.662ms
08-04 17:39:24.403 13842 13867 I art     : Starting a blocking GC Explicit
08-04 17:39:24.443 13842 13867 I art     : Explicit concurrent mark sweep GC freed 23(752B) AllocSpace objects, 0(0B) LOS objects, 35% free, 28MB/44MB, paused 1.387ms total 39.204ms
08-04 17:39:24.455 13842 13867 I art     : Starting a blocking GC Explicit
08-04 17:39:24.494 13842 13867 I art     : Explicit concurrent mark sweep GC freed 3(96B) AllocSpace objects, 0(0B) LOS objects, 35% free, 28MB/44MB, paused 1.292ms total 38.170ms
08-04 17:39:24.506 13842 13867 I art     : Starting a blocking GC Explicit
08-04 17:39:24.544 13842 13867 I art     : Explicit concurrent mark sweep GC freed 3(96B) AllocSpace objects, 0(0B) LOS objects, 35% free, 28MB/44MB, paused 1.379ms total 37.799ms
08-04 17:39:24.556 13842 13867 I art     : Starting a blocking GC Explicit
08-04 17:39:24.594 13842 13867 I art     : Explicit concurrent mark sweep GC freed 3(96B) AllocSpace objects, 0(0B) LOS objects, 35% free, 28MB/44MB, paused 1.282ms total 37.433ms
08-04 17:39:24.632   518   646 I ThermalEngine: ACTION: GPU - Setting GPU[0] to 510000000
08-04 17:39:24.742 16002 16002 D AndroidRuntime: >>>>>> START com.android.internal.os.RuntimeInit uid 2000 <<<<<<
08-04 17:39:24.748 16002 16002 D AndroidRuntime: CheckJNI is OFF
08-04 17:39:24.780 16002 16002 D ICU     : No timezone override file found: /data/misc/zoneinfo/current/icu/icu_tzdata.dat
08-04 17:39:24.812 16002 16002 I Radio-JNI: register_android_hardware_Radio DONE
08-04 17:39:24.833 16002 16002 D AndroidRuntime: Calling main entry com.android.commands.input.Input
08-04 17:39:24.835 16002 16002 I Input   : injectKeyEvent: KeyEvent { action=ACTION_DOWN, keyCode=KEYCODE_BACK, scanCode=0, metaState=0, flags=0x0, repeatCount=0, eventTime=725981248, downTime=725981248, deviceId=-1, source=0x101 }
08-04 17:39:24.839 16002 16002 I Input   : injectKeyEvent: KeyEvent { action=ACTION_UP, keyCode=KEYCODE_BACK, scanCode=0, metaState=0, flags=0x0, repeatCount=0, eventTime=725981248, downTime=725981248, deviceId=-1, source=0x101 }
08-04 17:39:24.847 16002 16002 D AndroidRuntime: Shutting down VM
08-04 17:39:24.849 13842 13842 V PlaybackController: initServiceNotRunning()
08-04 17:39:24.850 13842 13842 D ExternalPlayerFragment: Loading media info
08-04 17:39:24.853 13842 13842 D UserPreferences: Using default data folder
08-04 17:39:24.853 13842 13862 D DBReader: getNavDrawerData() called with: 
08-04 17:39:24.864 13842 13862 D DBReader: getDownloadedItems() called
08-04 17:39:24.865 13842 13862 D DBReader: getFavoriteIDList() called
08-04 17:39:24.865 13842 13862 D DBReader: getQueueIDList() called
08-04 17:39:24.866 13842 13862 D DBReader: Extracting Feedlist
08-04 17:39:24.886 13866 13866 I GoogleInputMethodServic: GoogleInputMethodService.onFinishInput():3138 
08-04 17:39:24.886 13842 13842 D MainActivity: getLastNavFragment() -> AddFeedFragment
08-04 17:39:24.887 13866 13866 I GoogleInputMethodServic: GoogleInputMethodService.onStartInput():1808 
08-04 17:39:24.897 13842 13855 I art     : Starting a blocking GC Explicit
08-04 17:39:24.929 13842 13855 I art     : Explicit concurrent mark sweep GC freed 2478(152KB) AllocSpace objects, 1(20KB) LOS objects, 35% free, 28MB/44MB, paused 1.181ms total 31.741ms
08-04 17:39:24.939 13842 13855 I art     : Starting a blocking GC Explicit
08-04 17:39:24.965 13842 13855 I art     : Explicit concurrent mark sweep GC freed 458(24KB) AllocSpace objects, 0(0B) LOS objects, 35% free, 28MB/44MB, paused 894us total 25.884ms
08-04 17:39:24.973 13842 13855 I art     : Starting a blocking GC Explicit
08-04 17:39:24.999 13842 13855 I art     : Explicit concurrent mark sweep GC freed 3(96B) AllocSpace objects, 0(0B) LOS objects, 35% free, 28MB/44MB, paused 885us total 24.988ms
08-04 17:39:25.008 13842 13855 I art     : Starting a blocking GC Explicit
08-04 17:39:25.039 13842 13855 I art     : Explicit concurrent mark sweep GC freed 3(96B) AllocSpace objects, 0(0B) LOS objects, 35% free, 28MB/44MB, paused 991us total 30.201ms
08-04 17:39:25.049 13842 13855 I art     : Starting a blocking GC Explicit
08-04 17:39:25.084 13842 13855 I art     : Explicit concurrent mark sweep GC freed 3(96B) AllocSpace objects, 0(0B) LOS objects, 35% free, 28MB/44MB, paused 1.147ms total 34.733ms
08-04 17:39:25.193   380   380 W SurfaceFlinger: couldn't log to binary event log: overflow.
08-04 17:39:25.339 13842 13867 I art     : Starting a blocking GC Explicit
08-04 17:39:25.375 13842 13867 I art     : Explicit concurrent mark sweep GC freed 1998(106KB) AllocSpace objects, 1(20KB) LOS objects, 35% free, 28MB/44MB, paused 1.090ms total 35.065ms
08-04 17:39:25.388 13842 13867 I art     : Starting a blocking GC Explicit
08-04 17:39:25.418 13842 13867 I art     : Explicit concurrent mark sweep GC freed 2457(152KB) AllocSpace objects, 1(28KB) LOS objects, 36% free, 28MB/44MB, paused 1.201ms total 30.029ms
08-04 17:39:25.428 13842 13867 I art     : Starting a blocking GC Explicit
08-04 17:39:25.457 13842 13867 I art     : Explicit concurrent mark sweep GC freed 3(96B) AllocSpace objects, 0(0B) LOS objects, 36% free, 28MB/44MB, paused 1.082ms total 28.863ms
08-04 17:39:25.467 13842 13867 I art     : Starting a blocking GC Explicit
08-04 17:39:25.486   918  3261 D WifiStateMachine: starting scan for "H369AA63323"WPA_PSK with 2412,5180
08-04 17:39:25.496 13842 13867 I art     : Explicit concurrent mark sweep GC freed 3(96B) AllocSpace objects, 0(0B) LOS objects, 36% free, 28MB/44MB, paused 1.196ms total 28.937ms
08-04 17:39:25.506 13842 13867 I art     : Starting a blocking GC Explicit
08-04 17:39:25.535 13842 13867 I art     : Explicit concurrent mark sweep GC freed 3(96B) AllocSpace objects, 0(0B) LOS objects, 36% free, 28MB/44MB, paused 1.161ms total 29.626ms
08-04 17:39:25.843 13842 13854 I art     : Starting a blocking GC Explicit
08-04 17:39:25.881 13842 13854 I art     : Explicit concurrent mark sweep GC freed 1374(82KB) AllocSpace objects, 1(20KB) LOS objects, 36% free, 28MB/44MB, paused 1.086ms total 38.009ms
08-04 17:39:25.892 13842 13854 I art     : Starting a blocking GC Explicit
08-04 17:39:25.922 13842 13854 I art     : Explicit concurrent mark sweep GC freed 23(752B) AllocSpace objects, 0(0B) LOS objects, 36% free, 28MB/44MB, paused 1.022ms total 29.635ms
08-04 17:39:25.932 13842 13854 I art     : Starting a blocking GC Explicit
08-04 17:39:25.961 13842 13854 I art     : Explicit concurrent mark sweep GC freed 3(96B) AllocSpace objects, 0(0B) LOS objects, 36% free, 28MB/44MB, paused 992us total 28.578ms
08-04 17:39:25.970 13842 13854 I art     : Starting a blocking GC Explicit
08-04 17:39:26.000 13842 13854 I art     : Explicit concurrent mark sweep GC freed 3(96B) AllocSpace objects, 0(0B) LOS objects, 36% free, 28MB/44MB, paused 1.028ms total 28.988ms
08-04 17:39:26.009 13842 13854 I art     : Starting a blocking GC Explicit
08-04 17:39:26.039 13842 13854 I art     : Explicit concurrent mark sweep GC freed 3(96B) AllocSpace objects, 0(0B) LOS objects, 36% free, 28MB/44MB, paused 1.029ms total 29.083ms
08-04 17:39:26.317 13842 14314 I art     : Starting a blocking GC Explicit
08-04 17:39:26.346 13842 14314 I art     : Explicit concurrent mark sweep GC freed 1402(81KB) AllocSpace objects, 1(20KB) LOS objects, 36% free, 28MB/44MB, paused 1.074ms total 29.025ms
08-04 17:39:26.356 13842 14314 I art     : Starting a blocking GC Explicit
08-04 17:39:26.385 13842 14314 I art     : Explicit concurrent mark sweep GC freed 23(752B) AllocSpace objects, 0(0B) LOS objects, 36% free, 28MB/44MB, paused 936us total 29.417ms
08-04 17:39:26.395 13842 14314 I art     : Starting a blocking GC Explicit
08-04 17:39:26.422 13842 14314 I art     : Explicit concurrent mark sweep GC freed 3(96B) AllocSpace objects, 0(0B) LOS objects, 36% free, 28MB/44MB, paused 1.002ms total 27.569ms
08-04 17:39:26.432 13842 14314 I art     : Starting a blocking GC Explicit
08-04 17:39:26.459 13842 14314 I art     : Explicit concurrent mark sweep GC freed 3(96B) AllocSpace objects, 0(0B) LOS objects, 36% free, 28MB/44MB, paused 1.025ms total 27.355ms
08-04 17:39:26.468 13842 14314 I art     : Starting a blocking GC Explicit
08-04 17:39:26.499 13842 14314 I art     : Explicit concurrent mark sweep GC freed 7(224B) AllocSpace objects, 0(0B) LOS objects, 36% free, 28MB/44MB, paused 993us total 30.483ms
08-04 17:39:26.517 16055 16055 D AndroidRuntime: >>>>>> START com.android.internal.os.RuntimeInit uid 2000 <<<<<<
08-04 17:39:26.521 16055 16055 D AndroidRuntime: CheckJNI is OFF
08-04 17:39:26.553 16055 16055 D ICU     : No timezone override file found: /data/misc/zoneinfo/current/icu/icu_tzdata.dat
08-04 17:39:26.586 16055 16055 I Radio-JNI: register_android_hardware_Radio DONE
08-04 17:39:26.608 16055 16055 D AndroidRuntime: Calling main entry com.android.commands.input.Input
08-04 17:39:26.610 16055 16055 I Input   : injectKeyEvent: KeyEvent { action=ACTION_DOWN, keyCode=KEYCODE_BACK, scanCode=0, metaState=0, flags=0x0, repeatCount=0, eventTime=725983023, downTime=725983023, deviceId=-1, source=0x101 }
08-04 17:39:26.619 16055 16055 I Input   : injectKeyEvent: KeyEvent { action=ACTION_UP, keyCode=KEYCODE_BACK, scanCode=0, metaState=0, flags=0x0, repeatCount=0, eventTime=725983023, downTime=725983023, deviceId=-1, source=0x101 }
08-04 17:39:26.630 13866 13866 I GoogleInputMethodServic: GoogleInputMethodService.onFinishInput():3138 
08-04 17:39:26.631 13866 13866 I GoogleInputMethodServic: GoogleInputMethodService.onStartInput():1808 
08-04 17:39:26.635 16055 16055 D AndroidRuntime: Shutting down VM
08-04 17:39:26.758 13842 13867 I art     : Starting a blocking GC Explicit
08-04 17:39:26.789 13842 13867 I art     : Explicit concurrent mark sweep GC freed 2583(129KB) AllocSpace objects, 1(20KB) LOS objects, 36% free, 28MB/44MB, paused 1.101ms total 30.382ms
08-04 17:39:26.798 13842 13867 I art     : Starting a blocking GC Explicit
08-04 17:39:26.828 13842 13867 I art     : Explicit concurrent mark sweep GC freed 2649(177KB) AllocSpace objects, 9(1540KB) LOS objects, 37% free, 26MB/42MB, paused 1.118ms total 29.237ms
08-04 17:39:26.837 13842 13867 I art     : Starting a blocking GC Explicit
08-04 17:39:26.864 13842 13867 I art     : Explicit concurrent mark sweep GC freed 3(96B) AllocSpace objects, 0(0B) LOS objects, 37% free, 26MB/42MB, paused 1.007ms total 27.115ms
08-04 17:39:26.874 13842 13867 I art     : Starting a blocking GC Explicit
08-04 17:39:26.902 13842 13867 I art     : Explicit concurrent mark sweep GC freed 3(96B) AllocSpace objects, 0(0B) LOS objects, 37% free, 26MB/42MB, paused 1.053ms total 27.749ms
08-04 17:39:26.912 13842 13867 I art     : Starting a blocking GC Explicit
08-04 17:39:26.940 13842 13867 I art     : Explicit concurrent mark sweep GC freed 3(96B) AllocSpace objects, 0(0B) LOS objects, 37% free, 26MB/42MB, paused 982us total 27.587ms
08-04 17:39:27.225 13842 14314 I art     : Starting a blocking GC Explicit
08-04 17:39:27.261 13842 14314 I art     : Explicit concurrent mark sweep GC freed 1402(82KB) AllocSpace objects, 1(20KB) LOS objects, 37% free, 26MB/42MB, paused 1.088ms total 35.316ms
08-04 17:39:27.274 13842 14314 I art     : Starting a blocking GC Explicit
08-04 17:39:27.303 13842 14314 I art     : Explicit concurrent mark sweep GC freed 23(752B) AllocSpace objects, 0(0B) LOS objects, 37% free, 26MB/42MB, paused 1.085ms total 28.843ms
08-04 17:39:27.313 13842 14314 I art     : Starting a blocking GC Explicit
08-04 17:39:27.342 13842 14314 I art     : Explicit concurrent mark sweep GC freed 3(96B) AllocSpace objects, 0(0B) LOS objects, 37% free, 26MB/42MB, paused 1.006ms total 29.156ms
08-04 17:39:27.352 13842 14314 I art     : Starting a blocking GC Explicit
08-04 17:39:27.381 13842 14314 I art     : Explicit concurrent mark sweep GC freed 3(96B) AllocSpace objects, 0(0B) LOS objects, 37% free, 26MB/42MB, paused 999us total 28.688ms
08-04 17:39:27.390 13842 14314 I art     : Starting a blocking GC Explicit
08-04 17:39:27.419 13842 14314 I art     : Explicit concurrent mark sweep GC freed 3(96B) AllocSpace objects, 0(0B) LOS objects, 37% free, 26MB/42MB, paused 1.027ms total 28.732ms
08-04 17:39:27.638   518   646 I ThermalEngine: ACTION: GPU - Setting GPU[0] to 450000000
08-04 17:39:27.741 13842 13854 I art     : Starting a blocking GC Explicit
08-04 17:39:27.790 13842 13854 I art     : Explicit concurrent mark sweep GC freed 1373(81KB) AllocSpace objects, 1(20KB) LOS objects, 37% free, 26MB/42MB, paused 1.417ms total 48.526ms
08-04 17:39:27.806 13842 13854 I art     : Starting a blocking GC Explicit
08-04 17:39:27.843 13842 13854 I art     : Explicit concurrent mark sweep GC freed 23(752B) AllocSpace objects, 0(0B) LOS objects, 37% free, 26MB/42MB, paused 1.325ms total 36.188ms
08-04 17:39:27.855 13842 13854 I art     : Starting a blocking GC Explicit
08-04 17:39:27.889 13842 13854 I art     : Explicit concurrent mark sweep GC freed 3(96B) AllocSpace objects, 0(0B) LOS objects, 37% free, 26MB/42MB, paused 1.280ms total 34.172ms
08-04 17:39:27.902 13842 13854 I art     : Starting a blocking GC Explicit
08-04 17:39:27.935 13842 13854 I art     : Explicit concurrent mark sweep GC freed 3(96B) AllocSpace objects, 0(0B) LOS objects, 37% free, 26MB/42MB, paused 1.315ms total 33.085ms
08-04 17:39:27.947 13842 13854 I art     : Starting a blocking GC Explicit
08-04 17:39:27.981 13842 13854 I art     : Explicit concurrent mark sweep GC freed 3(96B) AllocSpace objects, 0(0B) LOS objects, 37% free, 26MB/42MB, paused 1.316ms total 33.629ms
08-04 17:39:28.280 13842 14314 I art     : Starting a blocking GC Explicit
08-04 17:39:28.318 13842 14314 I art     : Explicit concurrent mark sweep GC freed 1410(83KB) AllocSpace objects, 1(20KB) LOS objects, 37% free, 26MB/42MB, paused 1.433ms total 38.102ms
08-04 17:39:28.331 13842 14314 I art     : Starting a blocking GC Explicit
08-04 17:39:28.367 13842 14314 I art     : Explicit concurrent mark sweep GC freed 28(912B) AllocSpace objects, 0(0B) LOS objects, 37% free, 26MB/42MB, paused 1.453ms total 35.234ms
08-04 17:39:28.379 13842 14314 I art     : Starting a blocking GC Explicit
08-04 17:39:28.400 16109 16109 D AndroidRuntime: >>>>>> START com.android.internal.os.RuntimeInit uid 2000 <<<<<<
08-04 17:39:28.406 16109 16109 D AndroidRuntime: CheckJNI is OFF
08-04 17:39:28.414 13842 14314 I art     : Explicit concurrent mark sweep GC freed 8(256B) AllocSpace objects, 0(0B) LOS objects, 37% free, 26MB/42MB, paused 1.483ms total 34.508ms
08-04 17:39:28.425 13842 14314 I art     : Starting a blocking GC Explicit
08-04 17:39:28.451 16109 16109 D ICU     : No timezone override file found: /data/misc/zoneinfo/current/icu/icu_tzdata.dat
08-04 17:39:28.459 13842 14314 I art     : Explicit concurrent mark sweep GC freed 9(288B) AllocSpace objects, 0(0B) LOS objects, 37% free, 26MB/42MB, paused 1.305ms total 33.601ms
08-04 17:39:28.470 13842 14314 I art     : Starting a blocking GC Explicit
08-04 17:39:28.496 16109 16109 I Radio-JNI: register_android_hardware_Radio DONE
08-04 17:39:28.503 13842 14314 I art     : Explicit concurrent mark sweep GC freed 8(256B) AllocSpace objects, 0(0B) LOS objects, 37% free, 26MB/42MB, paused 1.330ms total 32.326ms
08-04 17:39:28.525 16109 16109 D AndroidRuntime: Calling main entry com.android.commands.input.Input
08-04 17:39:28.528 16109 16109 I Input   : injectMotionEvent: MotionEvent { action=ACTION_DOWN, actionButton=0, id[0]=0, x[0]=103.0, y[0]=192.0, toolType[0]=TOOL_TYPE_UNKNOWN, buttonState=0, metaState=0, flags=0x0, edgeFlags=0x0, pointerCount=1, historySize=0, eventTime=725984940, downTime=725984940, deviceId=0, source=0x1002 }
08-04 17:39:28.534 16109 16109 I Input   : injectMotionEvent: MotionEvent { action=ACTION_UP, actionButton=0, id[0]=0, x[0]=103.0, y[0]=192.0, toolType[0]=TOOL_TYPE_UNKNOWN, buttonState=0, metaState=0, flags=0x0, edgeFlags=0x0, pointerCount=1, historySize=0, eventTime=725984940, downTime=725984940, deviceId=0, source=0x1002 }
08-04 17:39:28.537 16109 16109 D AndroidRuntime: Shutting down VM
08-04 17:39:28.550   512  2967 D audio_hw_primary: out_set_parameters: enter: usecase(1: low-latency-playback) kvpairs: routing=2
08-04 17:39:28.563   512  2967 D audio_hw_primary: select_devices: out_snd_device(2: speaker) in_snd_device(0: none)
08-04 17:39:28.563   512  2967 D msm8974_platform: platform_send_audio_calibration: sending audio calibration for snd_device(2) acdb_id(15)
08-04 17:39:28.563   512  2967 I soundtrigger: audio_extn_sound_trigger_update_device_status: device 0x2 of type 0 for Event 1
08-04 17:39:28.573   512  2967 D audio_hw_primary: enable_snd_device: snd_device(2: speaker)
08-04 17:39:28.575   512  2967 D audio_hw_primary: enable_audio_route: apply and update mixer path: low-latency-playback speaker
08-04 17:39:28.589 13866 13866 I GoogleInputMethodServic: GoogleInputMethodService.onFinishInput():3138 
08-04 17:39:28.590 13866 13866 I GoogleInputMethodServic: GoogleInputMethodService.onStartInput():1808 
08-04 17:39:28.800 13842 14314 I art     : Starting a blocking GC Explicit
08-04 17:39:28.836 13842 14314 I art     : Explicit concurrent mark sweep GC freed 1973(108KB) AllocSpace objects, 1(20KB) LOS objects, 37% free, 26MB/42MB, paused 1.432ms total 35.756ms
08-04 17:39:28.848 13842 14314 I art     : Starting a blocking GC Explicit
08-04 17:39:28.884 13842 14314 I art     : Explicit concurrent mark sweep GC freed 102(5KB) AllocSpace objects, 0(0B) LOS objects, 37% free, 26MB/42MB, paused 1.503ms total 35.368ms
08-04 17:39:28.896 13842 14314 I art     : Starting a blocking GC Explicit
08-04 17:39:28.931 13842 14314 I art     : Explicit concurrent mark sweep GC freed 3(96B) AllocSpace objects, 0(0B) LOS objects, 37% free, 26MB/42MB, paused 1.351ms total 34.349ms
08-04 17:39:28.943 13842 14314 I art     : Starting a blocking GC Explicit
08-04 17:39:28.977 13842 14314 I art     : Explicit concurrent mark sweep GC freed 12(416B) AllocSpace objects, 0(0B) LOS objects, 37% free, 26MB/42MB, paused 1.349ms total 33.876ms
08-04 17:39:28.989 13842 14314 I art     : Starting a blocking GC Explicit
08-04 17:39:29.025 13842 14314 I art     : Explicit concurrent mark sweep GC freed 5(160B) AllocSpace objects, 0(0B) LOS objects, 37% free, 26MB/42MB, paused 1.441ms total 35.583ms
08-04 17:39:29.108   512  2967 D audio_hw_primary: disable_audio_route: reset and update mixer path: low-latency-playback speaker
08-04 17:39:29.109   512  2967 D audio_hw_primary: disable_snd_device: snd_device(2: speaker)
08-04 17:39:29.118   512  2967 I soundtrigger: audio_extn_sound_trigger_update_device_status: device 0x2 of type 0 for Event 0
08-04 17:39:29.344 13842 13867 I art     : Starting a blocking GC Explicit
08-04 17:39:29.389 13842 13867 I art     : Explicit concurrent mark sweep GC freed 1400(81KB) AllocSpace objects, 1(20KB) LOS objects, 37% free, 26MB/42MB, paused 1.577ms total 44.450ms
08-04 17:39:29.403 13842 13867 I art     : Starting a blocking GC Explicit
08-04 17:39:29.439 13842 13867 I art     : Explicit concurrent mark sweep GC freed 25(816B) AllocSpace objects, 0(0B) LOS objects, 37% free, 26MB/42MB, paused 1.396ms total 35.338ms
08-04 17:39:29.451 13842 13867 I art     : Starting a blocking GC Explicit
08-04 17:39:29.486 13842 13867 I art     : Explicit concurrent mark sweep GC freed 3(96B) AllocSpace objects, 0(0B) LOS objects, 37% free, 26MB/42MB, paused 1.296ms total 34.814ms
08-04 17:39:29.498 13842 13867 I art     : Starting a blocking GC Explicit
08-04 17:39:29.534 13842 13867 I art     : Explicit concurrent mark sweep GC freed 3(96B) AllocSpace objects, 0(0B) LOS objects, 37% free, 26MB/42MB, paused 1.270ms total 35.412ms
08-04 17:39:29.546 13842 13867 I art     : Starting a blocking GC Explicit
08-04 17:39:29.581 13842 13867 I art     : Explicit concurrent mark sweep GC freed 3(96B) AllocSpace objects, 0(0B) LOS objects, 37% free, 26MB/42MB, paused 1.332ms total 35.399ms
08-04 17:39:29.885 13842 13854 I art     : Starting a blocking GC Explicit
08-04 17:39:29.924 13842 13854 I art     : Explicit concurrent mark sweep GC freed 1371(80KB) AllocSpace objects, 1(20KB) LOS objects, 37% free, 26MB/42MB, paused 1.325ms total 38.423ms
08-04 17:39:29.936 13842 13854 I art     : Starting a blocking GC Explicit
08-04 17:39:29.970 13842 13854 I art     : Explicit concurrent mark sweep GC freed 23(752B) AllocSpace objects, 0(0B) LOS objects, 37% free, 26MB/42MB, paused 1.342ms total 33.616ms
08-04 17:39:29.982 13842 13854 I art     : Starting a blocking GC Explicit
08-04 17:39:30.016 13842 13854 I art     : Explicit concurrent mark sweep GC freed 3(96B) AllocSpace objects, 0(0B) LOS objects, 37% free, 26MB/42MB, paused 1.353ms total 33.921ms
08-04 17:39:30.028 13842 13854 I art     : Starting a blocking GC Explicit
08-04 17:39:30.062 13842 13854 I art     : Explicit concurrent mark sweep GC freed 3(96B) AllocSpace objects, 0(0B) LOS objects, 37% free, 26MB/42MB, paused 1.322ms total 33.695ms
08-04 17:39:30.074 13842 13854 I art     : Starting a blocking GC Explicit
08-04 17:39:30.108 13842 13854 I art     : Explicit concurrent mark sweep GC freed 3(96B) AllocSpace objects, 0(0B) LOS objects, 37% free, 26MB/42MB, paused 1.398ms total 33.785ms
08-04 17:39:30.324 16159 16159 D AndroidRuntime: >>>>>> START com.android.internal.os.RuntimeInit uid 2000 <<<<<<
08-04 17:39:30.331 16159 16159 D AndroidRuntime: CheckJNI is OFF
08-04 17:39:30.370 16159 16159 D ICU     : No timezone override file found: /data/misc/zoneinfo/current/icu/icu_tzdata.dat
08-04 17:39:30.411 16159 16159 I Radio-JNI: register_android_hardware_Radio DONE
08-04 17:39:30.440 16159 16159 D AndroidRuntime: Calling main entry com.android.commands.input.Input
08-04 17:39:30.442 13842 13867 I art     : Starting a blocking GC Explicit
08-04 17:39:30.442 16159 16159 I Input   : injectMotionEvent: MotionEvent { action=ACTION_DOWN, actionButton=0, id[0]=0, x[0]=625.0, y[0]=1248.0, toolType[0]=TOOL_TYPE_UNKNOWN, buttonState=0, metaState=0, flags=0x0, edgeFlags=0x0, pointerCount=1, historySize=0, eventTime=725986855, downTime=725986855, deviceId=0, source=0x1002 }
08-04 17:39:30.447 16159 16159 I Input   : injectMotionEvent: MotionEvent { action=ACTION_UP, actionButton=0, id[0]=0, x[0]=625.0, y[0]=1248.0, toolType[0]=TOOL_TYPE_UNKNOWN, buttonState=0, metaState=0, flags=0x0, edgeFlags=0x0, pointerCount=1, historySize=0, eventTime=725986855, downTime=725986855, deviceId=0, source=0x1002 }
08-04 17:39:30.449 16159 16159 D AndroidRuntime: Shutting down VM
08-04 17:39:30.478 13842 13867 I art     : Explicit concurrent mark sweep GC freed 1461(83KB) AllocSpace objects, 1(20KB) LOS objects, 37% free, 26MB/42MB, paused 1.407ms total 36.358ms
08-04 17:39:30.491 13842 13867 I art     : Starting a blocking GC Explicit
08-04 17:39:30.514 13842 13842 D MainActivity: loadFragment(index: 7, args: null)
08-04 17:39:30.515 13842 13842 D MainActivity: saveLastNavFragment(tag: 2)
08-04 17:39:30.516   512  2967 D audio_hw_primary: out_set_parameters: enter: usecase(1: low-latency-playback) kvpairs: routing=2
08-04 17:39:30.516 13842 13842 D MainActivity: getLastNavFragment() -> 2
08-04 17:39:30.525 13842 13867 I art     : Explicit concurrent mark sweep GC freed 181(19KB) AllocSpace objects, 1(20KB) LOS objects, 37% free, 26MB/42MB, paused 1.735ms total 33.889ms
08-04 17:39:30.529   512  2967 D audio_hw_primary: select_devices: out_snd_device(2: speaker) in_snd_device(0: none)
08-04 17:39:30.529   512  2967 D msm8974_platform: platform_send_audio_calibration: sending audio calibration for snd_device(2) acdb_id(15)
08-04 17:39:30.529   512  2967 I soundtrigger: audio_extn_sound_trigger_update_device_status: device 0x2 of type 0 for Event 1
08-04 17:39:30.537 13842 13867 I art     : Starting a blocking GC Explicit
08-04 17:39:30.539   512  2967 D audio_hw_primary: enable_snd_device: snd_device(2: speaker)
08-04 17:39:30.541   512  2967 D audio_hw_primary: enable_audio_route: apply and update mixer path: low-latency-playback speaker
08-04 17:39:30.545 13842 13842 D ItemlistFragment: onEventMainThread() called with: event = [DownloadEvent{update=DownloaderUpdate{downloaders=[], feedIds=[], mediaIds=[]}}]
08-04 17:39:30.546 13842 14418 D DBReader: getFeed() called with: feedId = [2]
08-04 17:39:30.548 13842 14418 D DBReader: getFeedItemList() called with: feed = [baseline.de.danoeh.antennapod.core.feed.Feed@2]
08-04 17:39:30.573 13842 13867 I art     : Explicit concurrent mark sweep GC freed 2384(113KB) AllocSpace objects, 0(0B) LOS objects, 37% free, 27MB/43MB, paused 1.666ms total 36.243ms
08-04 17:39:30.584 13842 13867 I art     : Starting a blocking GC Explicit
08-04 17:39:30.621 13842 13867 I art     : Explicit concurrent mark sweep GC freed 2675(104KB) AllocSpace objects, 0(0B) LOS objects, 36% free, 27MB/43MB, paused 1.813ms total 36.427ms
08-04 17:39:30.633 13842 13867 I art     : Starting a blocking GC Explicit
08-04 17:39:30.656 13842 14418 W PodDBAdapter: Length of id array is larger than 800. Creating multiple cursors
08-04 17:39:30.673 13842 13867 I art     : Explicit concurrent mark sweep GC freed 2407(187KB) AllocSpace objects, 1(16KB) LOS objects, 35% free, 28MB/44MB, paused 1.499ms total 39.601ms
08-04 17:39:30.747 13842 14418 D DBReader: getFavoriteIDList() called
08-04 17:39:30.748 13842 14418 D DBReader: getQueueIDList() called
08-04 17:39:30.749 13842 14418 D DBReader: Extracting Feedlist
08-04 17:39:30.797 13842 13842 D FeedMenuHandler: Preparing options menu
08-04 17:39:30.866 13842 14796 D ApOkHttpUrlLoader: buildLoadData() called with: model = [http://static.libsyn.com/p/assets/7/1/f/3/71f3014e14ef2722/JREiTunesImage2.jpg], width = [1440], height = [462]
08-04 17:39:30.962 13842 13863 V RenderScript: 0x7f75aba000 Launching thread(s), CPUs 8
08-04 17:39:30.980 13842 13854 I art     : Starting a blocking GC Explicit
08-04 17:39:31.038 13842 13854 I art     : Explicit concurrent mark sweep GC freed 12111(499KB) AllocSpace objects, 2(36KB) LOS objects, 29% free, 37MB/53MB, paused 1.751ms total 57.899ms
08-04 17:39:31.049 13866 13866 I GoogleInputMethodServic: GoogleInputMethodService.onFinishInput():3138 
08-04 17:39:31.050 13866 13866 I GoogleInputMethodServic: GoogleInputMethodService.onStartInput():1808 
08-04 17:39:31.053 13842 13854 I art     : Starting a blocking GC Explicit
08-04 17:39:31.078   512  2967 D audio_hw_primary: disable_audio_route: reset and update mixer path: low-latency-playback speaker
08-04 17:39:31.079   512  2967 D audio_hw_primary: disable_snd_device: snd_device(2: speaker)
08-04 17:39:31.089   512  2967 I soundtrigger: audio_extn_sound_trigger_update_device_status: device 0x2 of type 0 for Event 0
08-04 17:39:31.093 13842 13854 I art     : Explicit concurrent mark sweep GC freed 1167(66KB) AllocSpace objects, 1(88KB) LOS objects, 29% free, 37MB/53MB, paused 1.318ms total 39.627ms
08-04 17:39:31.106 13842 13854 I art     : Starting a blocking GC Explicit
08-04 17:39:31.145 13842 13854 I art     : Explicit concurrent mark sweep GC freed 184(28KB) AllocSpace objects, 4(128KB) LOS objects, 30% free, 37MB/53MB, paused 1.267ms total 39.109ms
08-04 17:39:31.158 13842 13854 I art     : Starting a blocking GC Explicit
08-04 17:39:31.202 13842 13854 I art     : Explicit concurrent mark sweep GC freed 13(496B) AllocSpace objects, 0(0B) LOS objects, 30% free, 37MB/53MB, paused 1.209ms total 43.251ms
08-04 17:39:31.216 13842 13854 I art     : Starting a blocking GC Explicit
08-04 17:39:31.259 13842 13854 I art     : Explicit concurrent mark sweep GC freed 32(880B) AllocSpace objects, 0(0B) LOS objects, 30% free, 37MB/53MB, paused 1.263ms total 42.745ms
08-04 17:39:31.587 13842 14314 I art     : Starting a blocking GC Explicit
08-04 17:39:31.653 13842 14314 I art     : Explicit concurrent mark sweep GC freed 1392(81KB) AllocSpace objects, 1(20KB) LOS objects, 30% free, 37MB/53MB, paused 1.530ms total 65.364ms
08-04 17:39:31.671 13842 14314 I art     : Starting a blocking GC Explicit
08-04 17:39:31.717 13842 14314 I art     : Explicit concurrent mark sweep GC freed 42(1392B) AllocSpace objects, 0(0B) LOS objects, 30% free, 37MB/53MB, paused 1.328ms total 45.075ms
08-04 17:39:31.731 13842 14314 I art     : Starting a blocking GC Explicit
08-04 17:39:31.776 13842 14314 I art     : Explicit concurrent mark sweep GC freed 3(96B) AllocSpace objects, 0(0B) LOS objects, 30% free, 37MB/53MB, paused 1.264ms total 45.208ms
08-04 17:39:31.790 13842 14314 I art     : Starting a blocking GC Explicit
08-04 17:39:31.836 13842 14314 I art     : Explicit concurrent mark sweep GC freed 3(96B) AllocSpace objects, 0(0B) LOS objects, 30% free, 37MB/53MB, paused 1.344ms total 46.094ms
08-04 17:39:31.851 13842 14314 I art     : Starting a blocking GC Explicit
08-04 17:39:31.897 13842 14314 I art     : Explicit concurrent mark sweep GC freed 3(96B) AllocSpace objects, 0(0B) LOS objects, 30% free, 37MB/53MB, paused 1.464ms total 46.375ms
08-04 17:39:32.239 13842 13854 I art     : Starting a blocking GC Explicit
08-04 17:39:32.296 13842 13854 I art     : Explicit concurrent mark sweep GC freed 1401(81KB) AllocSpace objects, 1(20KB) LOS objects, 30% free, 37MB/53MB, paused 1.424ms total 57.131ms
08-04 17:39:32.314 13842 13854 I art     : Starting a blocking GC Explicit
08-04 17:39:32.363 13842 13854 I art     : Explicit concurrent mark sweep GC freed 23(752B) AllocSpace objects, 0(0B) LOS objects, 30% free, 37MB/53MB, paused 1.315ms total 49.506ms
08-04 17:39:32.378 13842 13854 I art     : Starting a blocking GC Explicit
08-04 17:39:32.429 13842 13854 I art     : Explicit concurrent mark sweep GC freed 8(256B) AllocSpace objects, 0(0B) LOS objects, 30% free, 37MB/53MB, paused 1.251ms total 51.171ms
08-04 17:39:32.444 13842 13854 I art     : Starting a blocking GC Explicit
08-04 17:39:32.486 13842 13854 I art     : Explicit concurrent mark sweep GC freed 9(288B) AllocSpace objects, 0(0B) LOS objects, 30% free, 37MB/53MB, paused 1.233ms total 41.639ms
08-04 17:39:32.500 13842 13854 I art     : Starting a blocking GC Explicit
08-04 17:39:32.546 13842 13854 I art     : Explicit concurrent mark sweep GC freed 11(352B) AllocSpace objects, 0(0B) LOS objects, 30% free, 37MB/53MB, paused 1.283ms total 45.081ms
08-04 17:39:32.931 13842 14314 I art     : Starting a blocking GC Explicit
08-04 17:39:32.990 13842 14314 I art     : Explicit concurrent mark sweep GC freed 1383(80KB) AllocSpace objects, 1(20KB) LOS objects, 30% free, 37MB/53MB, paused 1.412ms total 58.011ms
08-04 17:39:33.004 13842 14314 I art     : Starting a blocking GC Explicit
08-04 17:39:33.056 13842 14314 I art     : Explicit concurrent mark sweep GC freed 23(752B) AllocSpace objects, 0(0B) LOS objects, 30% free, 37MB/53MB, paused 1.382ms total 51.829ms
08-04 17:39:33.071 13842 14314 I art     : Starting a blocking GC Explicit
08-04 17:39:33.119 13842 14314 I art     : Explicit concurrent mark sweep GC freed 3(96B) AllocSpace objects, 0(0B) LOS objects, 30% free, 37MB/53MB, paused 1.470ms total 47.486ms
08-04 17:39:33.133 13842 14314 I art     : Starting a blocking GC Explicit
08-04 17:39:33.185 13842 14314 I art     : Explicit concurrent mark sweep GC freed 3(96B) AllocSpace objects, 0(0B) LOS objects, 30% free, 37MB/53MB, paused 1.387ms total 51.690ms
08-04 17:39:33.203 13842 14314 I art     : Starting a blocking GC Explicit
08-04 17:39:33.254 13842 14314 I art     : Explicit concurrent mark sweep GC freed 32(880B) AllocSpace objects, 0(0B) LOS objects, 30% free, 37MB/53MB, paused 1.390ms total 50.147ms
08-04 17:39:33.594 13842 13867 I art     : Starting a blocking GC Explicit
08-04 17:39:33.649 13842 13867 I art     : Explicit concurrent mark sweep GC freed 2074(102KB) AllocSpace objects, 1(20KB) LOS objects, 30% free, 37MB/53MB, paused 1.483ms total 54.616ms
08-04 17:39:33.663 13842 13867 I art     : Starting a blocking GC Explicit
08-04 17:39:33.714 13842 13867 I art     : Explicit concurrent mark sweep GC freed 23(752B) AllocSpace objects, 0(0B) LOS objects, 30% free, 37MB/53MB, paused 1.407ms total 50.295ms
08-04 17:39:33.728 13842 13867 I art     : Starting a blocking GC Explicit
08-04 17:39:33.778 13842 13867 I art     : Explicit concurrent mark sweep GC freed 3(96B) AllocSpace objects, 0(0B) LOS objects, 30% free, 37MB/53MB, paused 1.428ms total 49.014ms
08-04 17:39:33.792 13842 13867 I art     : Starting a blocking GC Explicit
08-04 17:39:33.844 13842 13867 I art     : Explicit concurrent mark sweep GC freed 3(96B) AllocSpace objects, 0(0B) LOS objects, 30% free, 37MB/53MB, paused 1.407ms total 51.924ms
08-04 17:39:33.862 13842 13867 I art     : Starting a blocking GC Explicit
08-04 17:39:33.911 13842 13867 I art     : Explicit concurrent mark sweep GC freed 3(96B) AllocSpace objects, 0(0B) LOS objects, 30% free, 37MB/53MB, paused 1.388ms total 48.515ms
08-04 17:39:34.265 13842 13855 I art     : Starting a blocking GC Explicit
08-04 17:39:34.329 13842 13855 I art     : Explicit concurrent mark sweep GC freed 2289(113KB) AllocSpace objects, 1(20KB) LOS objects, 30% free, 37MB/53MB, paused 1.681ms total 62.716ms
08-04 17:39:34.346 13842 13855 I art     : Starting a blocking GC Explicit
08-04 17:39:34.400 13842 13855 I art     : Explicit concurrent mark sweep GC freed 23(752B) AllocSpace objects, 0(0B) LOS objects, 30% free, 37MB/53MB, paused 1.415ms total 53.193ms
08-04 17:39:34.415 13842 13855 I art     : Starting a blocking GC Explicit
08-04 17:39:34.466 13842 13855 I art     : Explicit concurrent mark sweep GC freed 3(96B) AllocSpace objects, 0(0B) LOS objects, 30% free, 37MB/53MB, paused 1.387ms total 51.482ms
08-04 17:39:34.485 13842 13855 I art     : Starting a blocking GC Explicit
08-04 17:39:34.533 13842 13855 I art     : Explicit concurrent mark sweep GC freed 3(96B) AllocSpace objects, 0(0B) LOS objects, 30% free, 37MB/53MB, paused 1.357ms total 47.452ms
08-04 17:39:34.547 13842 13855 I art     : Starting a blocking GC Explicit
08-04 17:39:34.598 13842 13855 I art     : Explicit concurrent mark sweep GC freed 3(96B) AllocSpace objects, 0(0B) LOS objects, 30% free, 37MB/53MB, paused 1.475ms total 50.447ms
08-04 17:39:34.908 13842 13854 I art     : Starting a blocking GC Explicit
08-04 17:39:34.960 13842 13854 I art     : Explicit concurrent mark sweep GC freed 1374(81KB) AllocSpace objects, 1(20KB) LOS objects, 30% free, 37MB/53MB, paused 1.425ms total 51.504ms
08-04 17:39:34.974 13842 13854 I art     : Starting a blocking GC Explicit
08-04 17:39:35.020 13842 13854 I art     : Explicit concurrent mark sweep GC freed 23(752B) AllocSpace objects, 0(0B) LOS objects, 30% free, 37MB/53MB, paused 1.400ms total 46.289ms
08-04 17:39:35.035 13842 13854 I art     : Starting a blocking GC Explicit
08-04 17:39:35.084 13842 13854 I art     : Explicit concurrent mark sweep GC freed 3(96B) AllocSpace objects, 0(0B) LOS objects, 30% free, 37MB/53MB, paused 1.379ms total 48.622ms
08-04 17:39:35.098 13842 13854 I art     : Starting a blocking GC Explicit
08-04 17:39:35.145 13842 13854 I art     : Explicit concurrent mark sweep GC freed 3(96B) AllocSpace objects, 0(0B) LOS objects, 30% free, 37MB/53MB, paused 1.366ms total 46.810ms
08-04 17:39:35.159 13842 13854 I art     : Starting a blocking GC Explicit
08-04 17:39:35.207 13842 13854 I art     : Explicit concurrent mark sweep GC freed 3(96B) AllocSpace objects, 0(0B) LOS objects, 30% free, 37MB/53MB, paused 1.492ms total 47.911ms
08-04 17:39:35.265 16258 16258 D AndroidRuntime: >>>>>> START com.android.internal.os.RuntimeInit uid 2000 <<<<<<
08-04 17:39:35.272 16258 16258 D AndroidRuntime: CheckJNI is OFF
08-04 17:39:35.319 16258 16258 D ICU     : No timezone override file found: /data/misc/zoneinfo/current/icu/icu_tzdata.dat
08-04 17:39:35.369 16258 16258 I Radio-JNI: register_android_hardware_Radio DONE
08-04 17:39:35.400 16258 16258 D AndroidRuntime: Calling main entry com.android.commands.input.Input
08-04 17:39:35.403 16258 16258 I Input   : injectMotionEvent: MotionEvent { action=ACTION_DOWN, actionButton=0, id[0]=0, x[0]=1363.0, y[0]=517.0, toolType[0]=TOOL_TYPE_UNKNOWN, buttonState=0, metaState=0, flags=0x0, edgeFlags=0x0, pointerCount=1, historySize=0, eventTime=725991815, downTime=725991815, deviceId=0, source=0x1002 }
08-04 17:39:35.408 16258 16258 I Input   : injectMotionEvent: MotionEvent { action=ACTION_UP, actionButton=0, id[0]=0, x[0]=1363.0, y[0]=517.0, toolType[0]=TOOL_TYPE_UNKNOWN, buttonState=0, metaState=0, flags=0x0, edgeFlags=0x0, pointerCount=1, historySize=0, eventTime=725991815, downTime=725991815, deviceId=0, source=0x1002 }
08-04 17:39:35.410 16258 16258 D AndroidRuntime: Shutting down VM
08-04 17:39:35.426   918  6029 I ActivityManager: START u0 {cmp=baseline.de.danoeh.antennapod.debug/baseline.de.danoeh.antennapod.activity.FeedSettingsActivity (has extras)} from uid 10670 on display 0
08-04 17:39:35.428   512  2967 D audio_hw_primary: out_set_parameters: enter: usecase(1: low-latency-playback) kvpairs: routing=2
08-04 17:39:35.441   512  2967 D audio_hw_primary: select_devices: out_snd_device(2: speaker) in_snd_device(0: none)
08-04 17:39:35.441   512  2967 D msm8974_platform: platform_send_audio_calibration: sending audio calibration for snd_device(2) acdb_id(15)
08-04 17:39:35.441   512  2967 I soundtrigger: audio_extn_sound_trigger_update_device_status: device 0x2 of type 0 for Event 1
08-04 17:39:35.454   512  2967 D audio_hw_primary: enable_snd_device: snd_device(2: speaker)
08-04 17:39:35.457   512  2967 D audio_hw_primary: enable_audio_route: apply and update mixer path: low-latency-playback speaker
08-04 17:39:35.546 13842 13867 I art     : Starting a blocking GC Explicit
08-04 17:39:35.603 13842 13867 I art     : Explicit concurrent mark sweep GC freed 38659(1658KB) AllocSpace objects, 1(20KB) LOS objects, 29% free, 37MB/53MB, paused 2.072ms total 55.915ms
08-04 17:39:35.617 13842 13867 I art     : Starting a blocking GC Explicit
08-04 17:39:35.665 13842 13867 I art     : Explicit concurrent mark sweep GC freed 11180(508KB) AllocSpace objects, 0(0B) LOS objects, 29% free, 39MB/55MB, paused 1.713ms total 47.626ms
08-04 17:39:35.680 13842 13867 I art     : Starting a blocking GC Explicit
08-04 17:39:35.691 13842 14417 D DBReader: getFeed() called with: feedId = [2]
08-04 17:39:35.692 13842 14417 D DBReader: getFeedItemList() called with: feed = [baseline.de.danoeh.antennapod.core.feed.Feed@2]
08-04 17:39:35.730 13842 13867 I art     : Explicit concurrent mark sweep GC freed 2881(169KB) AllocSpace objects, 0(0B) LOS objects, 28% free, 39MB/55MB, paused 2.317ms total 49.971ms
08-04 17:39:35.746 13842 13867 I art     : Starting a blocking GC Explicit
08-04 17:39:35.798 13842 13867 I art     : Explicit concurrent mark sweep GC freed 2057(57KB) AllocSpace objects, 0(0B) LOS objects, 28% free, 41MB/57MB, paused 2.162ms total 51.926ms
08-04 17:39:35.802 13842 14417 W PodDBAdapter: Length of id array is larger than 800. Creating multiple cursors
08-04 17:39:35.814 13842 13867 I art     : Starting a blocking GC Explicit
08-04 17:39:35.861   918   936 I ActivityManager: Displayed baseline.de.danoeh.antennapod.debug/baseline.de.danoeh.antennapod.activity.FeedSettingsActivity: +421ms
08-04 17:39:35.861 13866 13866 I GoogleInputMethodServic: GoogleInputMethodService.onFinishInput():3138 
08-04 17:39:35.862 13866 13866 I GoogleInputMethodServic: GoogleInputMethodService.onStartInput():1808 
08-04 17:39:35.869 13842 13867 I art     : Explicit concurrent mark sweep GC freed 2059(199KB) AllocSpace objects, 1(16KB) LOS objects, 27% free, 41MB/57MB, paused 2.479ms total 54.637ms
08-04 17:39:35.913 13842 13863 D OpenGLRenderer: endAllStagingAnimators on 0x7f7c3b1400 (RippleDrawable) with handle 0x7f7a16fb60
08-04 17:39:35.921 13842 14796 D ApOkHttpUrlLoader: buildLoadData() called with: model = [http://static.libsyn.com/p/assets/7/1/f/3/71f3014e14ef2722/JREiTunesImage2.jpg], width = [1440], height = [462]
08-04 17:39:35.926 13866 13866 I GoogleInputMethodServic: GoogleInputMethodService.onStartInput():1808 
08-04 17:39:35.927 13866 13866 W SessionManager: SessionManager.beginSession():53 Try to begin an already begun session [INPUT_SESSION], end it first
08-04 17:39:35.941 13866 13866 I ShortcutsDataManager: ShortcutsDataManager.onContentChanged():89 onContentChanged()
08-04 17:39:35.944 13842 13842 D FeedSettingsActivity: No filter set
08-04 17:39:35.951   918  5952 W IntentResolver: resolveIntent: multiple matches, only some with CATEGORY_DEFAULT
08-04 17:39:36.009   512  2967 D audio_hw_primary: disable_audio_route: reset and update mixer path: low-latency-playback speaker
08-04 17:39:36.011   512  2967 D audio_hw_primary: disable_snd_device: snd_device(2: speaker)
08-04 17:39:36.019   512  2967 I soundtrigger: audio_extn_sound_trigger_update_device_status: device 0x2 of type 0 for Event 0
08-04 17:39:36.106   380   380 W SurfaceFlinger: couldn't log to binary event log: overflow.
08-04 17:39:36.207 13842 13855 I art     : Starting a blocking GC Explicit
08-04 17:39:36.241 13842 13842 D PlaybackController: Releasing PlaybackController
08-04 17:39:36.268 13842 13855 I art     : Explicit concurrent mark sweep GC freed 9837(336KB) AllocSpace objects, 2(36KB) LOS objects, 27% free, 41MB/57MB, paused 1.573ms total 60.168ms
08-04 17:39:36.284 13842 13855 I art     : Starting a blocking GC Explicit
08-04 17:39:36.338 13842 13855 I art     : Explicit concurrent mark sweep GC freed 685(49KB) AllocSpace objects, 0(0B) LOS objects, 27% free, 41MB/57MB, paused 1.798ms total 54.059ms
08-04 17:39:36.354 13842 13855 I art     : Starting a blocking GC Explicit
08-04 17:39:36.410 13842 13855 I art     : Explicit concurrent mark sweep GC freed 74(2640B) AllocSpace objects, 0(0B) LOS objects, 27% free, 41MB/57MB, paused 1.420ms total 56.141ms
08-04 17:39:36.427 13842 13855 I art     : Starting a blocking GC Explicit
08-04 17:39:36.480 13842 13855 I art     : Explicit concurrent mark sweep GC freed 44(1808B) AllocSpace objects, 0(0B) LOS objects, 27% free, 41MB/57MB, paused 1.482ms total 53.402ms
08-04 17:39:36.497 13842 13855 I art     : Starting a blocking GC Explicit
08-04 17:39:36.557 13842 13855 I art     : Explicit concurrent mark sweep GC freed 25(1056B) AllocSpace objects, 0(0B) LOS objects, 27% free, 41MB/57MB, paused 1.447ms total 59.230ms
08-04 17:39:36.902 13842 13867 I art     : Starting a blocking GC Explicit
08-04 17:39:36.980 13842 13867 I art     : Explicit concurrent mark sweep GC freed 1372(80KB) AllocSpace objects, 1(20KB) LOS objects, 27% free, 41MB/57MB, paused 1.432ms total 77.556ms
08-04 17:39:36.997 13842 13867 I art     : Starting a blocking GC Explicit
08-04 17:39:37.057 13842 13867 I art     : Explicit concurrent mark sweep GC freed 23(752B) AllocSpace objects, 0(0B) LOS objects, 27% free, 41MB/57MB, paused 1.433ms total 59.286ms
08-04 17:39:37.074 13842 13867 I art     : Starting a blocking GC Explicit
08-04 17:39:37.138 13842 13867 I art     : Explicit concurrent mark sweep GC freed 3(96B) AllocSpace objects, 0(0B) LOS objects, 27% free, 41MB/57MB, paused 1.620ms total 64.032ms
08-04 17:39:37.156 13842 13867 I art     : Starting a blocking GC Explicit
08-04 17:39:37.225 13842 13867 I art     : Explicit concurrent mark sweep GC freed 3(96B) AllocSpace objects, 0(0B) LOS objects, 27% free, 41MB/57MB, paused 1.568ms total 68.862ms
08-04 17:39:37.245 13842 13867 I art     : Starting a blocking GC Explicit
08-04 17:39:37.313 13842 13867 I art     : Explicit concurrent mark sweep GC freed 32(880B) AllocSpace objects, 0(0B) LOS objects, 27% free, 41MB/57MB, paused 1.510ms total 67.516ms
08-04 17:39:37.664 13842 13855 I art     : Starting a blocking GC Explicit
08-04 17:39:37.728 13842 13855 I art     : Explicit concurrent mark sweep GC freed 1429(82KB) AllocSpace objects, 1(20KB) LOS objects, 27% free, 41MB/57MB, paused 1.449ms total 63.246ms
08-04 17:39:37.745 13842 13855 I art     : Starting a blocking GC Explicit
08-04 17:39:37.813 13842 13855 I art     : Explicit concurrent mark sweep GC freed 89(3KB) AllocSpace objects, 0(0B) LOS objects, 27% free, 41MB/57MB, paused 1.615ms total 67.654ms
08-04 17:39:37.833 13842 13855 I art     : Starting a blocking GC Explicit
08-04 17:39:37.899 13842 13855 I art     : Explicit concurrent mark sweep GC freed 3(96B) AllocSpace objects, 0(0B) LOS objects, 27% free, 41MB/57MB, paused 1.457ms total 65.856ms
08-04 17:39:37.916 13842 13855 I art     : Starting a blocking GC Explicit
08-04 17:39:37.986 13842 13855 I art     : Explicit concurrent mark sweep GC freed 3(96B) AllocSpace objects, 0(0B) LOS objects, 27% free, 41MB/57MB, paused 1.535ms total 69.102ms
08-04 17:39:38.005 13842 13855 I art     : Starting a blocking GC Explicit
08-04 17:39:38.068 13842 13855 I art     : Explicit concurrent mark sweep GC freed 3(96B) AllocSpace objects, 0(0B) LOS objects, 27% free, 41MB/57MB, paused 1.579ms total 62.763ms
08-04 17:39:38.068 13842 13853 I art     : WaitForGcToComplete blocked for 63.370ms for cause HeapTrim
08-04 17:39:38.432 13842 14314 I art     : Starting a blocking GC Explicit
08-04 17:39:38.509 13842 14314 I art     : Explicit concurrent mark sweep GC freed 1402(83KB) AllocSpace objects, 1(20KB) LOS objects, 27% free, 41MB/57MB, paused 1.644ms total 76.485ms
08-04 17:39:38.526 13842 14314 I art     : Starting a blocking GC Explicit
08-04 17:39:38.592 13842 14314 I art     : Explicit concurrent mark sweep GC freed 23(752B) AllocSpace objects, 0(0B) LOS objects, 27% free, 41MB/57MB, paused 1.387ms total 65.624ms
08-04 17:39:38.608 13842 14314 I art     : Starting a blocking GC Explicit
08-04 17:39:38.674 13842 14314 I art     : Explicit concurrent mark sweep GC freed 3(96B) AllocSpace objects, 0(0B) LOS objects, 27% free, 41MB/57MB, paused 1.512ms total 65.111ms
08-04 17:39:38.691 13842 14314 I art     : Starting a blocking GC Explicit
08-04 17:39:38.756 13842 14314 I art     : Explicit concurrent mark sweep GC freed 3(96B) AllocSpace objects, 0(0B) LOS objects, 27% free, 41MB/57MB, paused 1.512ms total 64.913ms
08-04 17:39:38.774 13842 14314 I art     : Starting a blocking GC Explicit
08-04 17:39:38.840 13842 14314 I art     : Explicit concurrent mark sweep GC freed 3(96B) AllocSpace objects, 0(0B) LOS objects, 27% free, 41MB/57MB, paused 1.505ms total 66.210ms
08-04 17:39:39.198 13842 13855 I art     : Starting a blocking GC Explicit
08-04 17:39:39.271 13842 13855 I art     : Explicit concurrent mark sweep GC freed 1402(82KB) AllocSpace objects, 1(20KB) LOS objects, 27% free, 41MB/57MB, paused 1.649ms total 72.565ms
08-04 17:39:39.292 13842 13855 I art     : Starting a blocking GC Explicit
08-04 17:39:39.362 13842 13855 I art     : Explicit concurrent mark sweep GC freed 23(752B) AllocSpace objects, 0(0B) LOS objects, 27% free, 41MB/57MB, paused 1.558ms total 69.858ms
08-04 17:39:39.382 13842 13855 I art     : Starting a blocking GC Explicit
08-04 17:39:39.449 13842 13855 I art     : Explicit concurrent mark sweep GC freed 3(96B) AllocSpace objects, 0(0B) LOS objects, 27% free, 41MB/57MB, paused 1.560ms total 66.911ms
08-04 17:39:39.466 13842 13855 I art     : Starting a blocking GC Explicit
08-04 17:39:39.530 13842 13855 I art     : Explicit concurrent mark sweep GC freed 3(96B) AllocSpace objects, 0(0B) LOS objects, 27% free, 41MB/57MB, paused 1.565ms total 62.936ms
08-04 17:39:39.547 13842 13855 I art     : Starting a blocking GC Explicit
08-04 17:39:39.617 13842 13855 I art     : Explicit concurrent mark sweep GC freed 3(96B) AllocSpace objects, 0(0B) LOS objects, 27% free, 41MB/57MB, paused 1.473ms total 69.643ms
08-04 17:39:39.938 13842 14314 I art     : Starting a blocking GC Explicit
08-04 17:39:40.004 13842 14314 I art     : Explicit concurrent mark sweep GC freed 2075(106KB) AllocSpace objects, 1(20KB) LOS objects, 27% free, 41MB/57MB, paused 1.587ms total 66.607ms
08-04 17:39:40.022 13842 14314 I art     : Starting a blocking GC Explicit
08-04 17:39:40.086 13842 14314 I art     : Explicit concurrent mark sweep GC freed 23(752B) AllocSpace objects, 0(0B) LOS objects, 27% free, 41MB/57MB, paused 1.526ms total 64.058ms
08-04 17:39:40.103 13842 14314 I art     : Starting a blocking GC Explicit
08-04 17:39:40.163 13842 14314 I art     : Explicit concurrent mark sweep GC freed 3(96B) AllocSpace objects, 0(0B) LOS objects, 27% free, 41MB/57MB, paused 1.560ms total 59.669ms
08-04 17:39:40.180 13842 14314 I art     : Starting a blocking GC Explicit
08-04 17:39:40.213 16348 16348 D AndroidRuntime: >>>>>> START com.android.internal.os.RuntimeInit uid 2000 <<<<<<
08-04 17:39:40.219 16348 16348 D AndroidRuntime: CheckJNI is OFF
08-04 17:39:40.242 13842 14314 I art     : Explicit concurrent mark sweep GC freed 32(880B) AllocSpace objects, 0(0B) LOS objects, 27% free, 41MB/57MB, paused 1.531ms total 61.969ms
08-04 17:39:40.259 13842 14314 I art     : Starting a blocking GC Explicit
08-04 17:39:40.268 16348 16348 D ICU     : No timezone override file found: /data/misc/zoneinfo/current/icu/icu_tzdata.dat
08-04 17:39:40.313 16348 16348 I Radio-JNI: register_android_hardware_Radio DONE
08-04 17:39:40.320 13842 14314 I art     : Explicit concurrent mark sweep GC freed 3(96B) AllocSpace objects, 0(0B) LOS objects, 27% free, 41MB/57MB, paused 1.571ms total 60.482ms
08-04 17:39:40.345 16348 16348 D AndroidRuntime: Calling main entry com.android.commands.input.Input
08-04 17:39:40.347 16348 16348 I Input   : injectKeyEvent: KeyEvent { action=ACTION_DOWN, keyCode=KEYCODE_BACK, scanCode=0, metaState=0, flags=0x0, repeatCount=0, eventTime=725996760, downTime=725996760, deviceId=-1, source=0x101 }
08-04 17:39:40.357 16348 16348 I Input   : injectKeyEvent: KeyEvent { action=ACTION_UP, keyCode=KEYCODE_BACK, scanCode=0, metaState=0, flags=0x0, repeatCount=0, eventTime=725996760, downTime=725996760, deviceId=-1, source=0x101 }
08-04 17:39:40.365 16348 16348 D AndroidRuntime: Shutting down VM
08-04 17:39:40.369 13842 13842 V PlaybackController: initServiceNotRunning()
08-04 17:39:40.369 13842 13842 D ExternalPlayerFragment: Loading media info
08-04 17:39:40.371 13842 13842 D ItemlistFragment: onEventMainThread() called with: event = [DownloadEvent{update=DownloaderUpdate{downloaders=[], feedIds=[], mediaIds=[]}}]
08-04 17:39:40.372 13842 14796 D ApOkHttpUrlLoader: buildLoadData() called with: model = [http://static.libsyn.com/p/assets/7/1/f/3/71f3014e14ef2722/JREiTunesImage2.jpg], width = [1440], height = [462]
08-04 17:39:40.375 13842 13842 D UserPreferences: Using default data folder
08-04 17:39:40.378 13842 14417 D DBReader: getNavDrawerData() called with: 
08-04 17:39:40.379 13842 13862 D DBReader: getFeed() called with: feedId = [2]
08-04 17:39:40.380 13842 13862 D DBReader: getFeedItemList() called with: feed = [baseline.de.danoeh.antennapod.core.feed.Feed@2]
08-04 17:39:40.391 13842 13842 D FeedMenuHandler: Preparing options menu
08-04 17:39:40.411 13842 14417 D DBReader: getDownloadedItems() called
08-04 17:39:40.412 13842 14417 D DBReader: getFavoriteIDList() called
08-04 17:39:40.413 13842 14417 D DBReader: getQueueIDList() called
08-04 17:39:40.413 13842 14417 D DBReader: Extracting Feedlist
08-04 17:39:40.433 13866 13866 I GoogleInputMethodServic: GoogleInputMethodService.onFinishInput():3138 
08-04 17:39:40.434 13866 13866 I GoogleInputMethodServic: GoogleInputMethodService.onStartInput():1808 
08-04 17:39:40.434 13866 13866 I ShortcutsDataManager: AbstractContentDataManager.startImportContentTask():208 startImportContentTask()
08-04 17:39:40.435 13866 13938 I ShortcutsDataManager: AbstractContentDataManager$ImportContentTask.doInBackground():222 doInBackground()
08-04 17:39:40.436 13866 13938 I PersonalDictionaryDataH: PersonalDictionaryDataHandler.beginProcess():111 LanguageTags = [en-US]
08-04 17:39:40.448 13866 13938 I ShortcutsDataManager: AbstractContentDataManager.importRecords():312 importRecords() : Success : Count = 0
08-04 17:39:40.451 13866 13938 I ShortcutsDataManager: AbstractContentDataManager.importContentData():262 importContentData() : Ending import process
08-04 17:39:40.458 13842 13842 D MainActivity: getLastNavFragment() -> 2
08-04 17:39:40.474 13866 13938 I PersonalLanguageModelUp: PersonalLanguageModelUpdater$UpdateOperation.performInternal():160 run() : Added 0 words and 0 shortcuts
08-04 17:39:40.474 13866 13938 I DynamicLanguageModelOpe: DynamicLanguageModelOperation.perform():37 perform() : 4 : coc : Completed
08-04 17:39:40.474 13866 13950 I Delight5Decoder: Delight5DecoderWrapper.loadLanguageModel():578 loadLanguageModel() : 4, version [n/a]
08-04 17:39:40.474 13866 13866 I ShortcutsDataManager: AbstractContentDataManager$ImportContentTask.onPostExecute():233 onPostExecute() : Result = [2,0]
08-04 17:39:40.475 13866 13866 I ShortcutsDataManager: ShortcutsDataManager.onImportFinished():99 onImportFinished() : Result = 2 : Count = 0
08-04 17:39:40.476 13866 13950 I Delight5Decoder: Delight5DecoderWrapper.loadLanguageModel():616 Loaded dynamic LM 4.en
08-04 17:39:40.484 13842 13862 W PodDBAdapter: Length of id array is larger than 800. Creating multiple cursors
08-04 17:39:40.546   918 13198 D NetlinkSocketObserver: NeighborEvent{elapsedMs=1709384421, 192.168.2.254, [7C3953A63323], RTM_NEWNEIGH, NUD_STALE}
08-04 17:39:40.573 13842 13862 D DBReader: getFavoriteIDList() called
08-04 17:39:40.577 13842 13862 D DBReader: getQueueIDList() called
08-04 17:39:40.579 13842 13862 D DBReader: Extracting Feedlist
08-04 17:39:40.585 13842 14796 D ApOkHttpUrlLoader: buildLoadData() called with: model = [http://static.libsyn.com/p/assets/7/1/f/3/71f3014e14ef2722/JREiTunesImage2.jpg], width = [1440], height = [462]
08-04 17:39:40.608 13842 13842 D FeedMenuHandler: Preparing options menu
08-04 17:39:40.637 13842 14314 I art     : Starting a blocking GC Explicit
08-04 17:39:40.706 13842 14314 I art     : Explicit concurrent mark sweep GC freed 42628(2MB) AllocSpace objects, 3(52KB) LOS objects, 25% free, 47MB/63MB, paused 1.747ms total 69.487ms
08-04 17:39:40.723 13842 14314 I art     : Starting a blocking GC Explicit
08-04 17:39:40.727   380   380 W SurfaceFlinger: couldn't log to binary event log: overflow.
08-04 17:39:40.778 13842 14314 I art     : Explicit concurrent mark sweep GC freed 3064(185KB) AllocSpace objects, 0(0B) LOS objects, 25% free, 47MB/63MB, paused 1.483ms total 54.737ms
08-04 17:39:40.795 13842 14314 I art     : Starting a blocking GC Explicit
08-04 17:39:40.843 13842 14314 I art     : Explicit concurrent mark sweep GC freed 34749(2MB) AllocSpace objects, 44(2MB) LOS objects, 27% free, 42MB/58MB, paused 1.383ms total 47.227ms
08-04 17:39:40.856 13842 14314 I art     : Starting a blocking GC Explicit
08-04 17:39:40.899 13842 14314 I art     : Explicit concurrent mark sweep GC freed 3(96B) AllocSpace objects, 0(0B) LOS objects, 27% free, 42MB/58MB, paused 1.437ms total 42.860ms
08-04 17:39:40.914 13842 14314 I art     : Starting a blocking GC Explicit
08-04 17:39:40.960 13842 14314 I art     : Explicit concurrent mark sweep GC freed 3(96B) AllocSpace objects, 0(0B) LOS objects, 27% free, 42MB/58MB, paused 1.472ms total 45.669ms
08-04 17:39:41.290 13842 13854 I art     : Starting a blocking GC Explicit
08-04 17:39:41.348 13842 13854 I art     : Explicit concurrent mark sweep GC freed 1446(84KB) AllocSpace objects, 1(20KB) LOS objects, 27% free, 42MB/58MB, paused 1.772ms total 57.521ms
08-04 17:39:41.366 13842 13854 I art     : Starting a blocking GC Explicit
08-04 17:39:41.413 13842 13854 I art     : Explicit concurrent mark sweep GC freed 23(752B) AllocSpace objects, 0(0B) LOS objects, 27% free, 42MB/58MB, paused 1.484ms total 46.263ms
08-04 17:39:41.428 13842 13854 I art     : Starting a blocking GC Explicit
08-04 17:39:41.476 13842 13854 I art     : Explicit concurrent mark sweep GC freed 3(96B) AllocSpace objects, 0(0B) LOS objects, 27% free, 42MB/58MB, paused 1.485ms total 47.747ms
08-04 17:39:41.490 13842 13854 I art     : Starting a blocking GC Explicit
08-04 17:39:41.538 13842 13854 I art     : Explicit concurrent mark sweep GC freed 3(96B) AllocSpace objects, 0(0B) LOS objects, 27% free, 42MB/58MB, paused 1.524ms total 47.154ms
08-04 17:39:41.552 13842 13854 I art     : Starting a blocking GC Explicit
08-04 17:39:41.600 13842 13854 I art     : Explicit concurrent mark sweep GC freed 3(96B) AllocSpace objects, 0(0B) LOS objects, 27% free, 42MB/58MB, paused 1.444ms total 47.181ms
08-04 17:39:41.929 13842 13855 I art     : Starting a blocking GC Explicit
08-04 17:39:41.987 13842 13855 I art     : Explicit concurrent mark sweep GC freed 1374(81KB) AllocSpace objects, 1(20KB) LOS objects, 27% free, 42MB/58MB, paused 1.572ms total 57.151ms
08-04 17:39:42.003 13842 13855 I art     : Starting a blocking GC Explicit
08-04 17:39:42.053 13842 13855 I art     : Explicit concurrent mark sweep GC freed 26(848B) AllocSpace objects, 0(0B) LOS objects, 27% free, 42MB/58MB, paused 1.797ms total 49.327ms
08-04 17:39:42.068 13842 13855 I art     : Starting a blocking GC Explicit
08-04 17:39:42.113 13842 13855 I art     : Explicit concurrent mark sweep GC freed 11(352B) AllocSpace objects, 0(0B) LOS objects, 27% free, 42MB/58MB, paused 1.453ms total 44.759ms
08-04 17:39:42.127 13842 13855 I art     : Starting a blocking GC Explicit
08-04 17:39:42.148 16393 16393 D AndroidRuntime: >>>>>> START com.android.internal.os.RuntimeInit uid 2000 <<<<<<
08-04 17:39:42.153 16393 16393 D AndroidRuntime: CheckJNI is OFF
08-04 17:39:42.172 13842 13855 I art     : Explicit concurrent mark sweep GC freed 11(352B) AllocSpace objects, 0(0B) LOS objects, 27% free, 42MB/58MB, paused 1.424ms total 45.194ms
08-04 17:39:42.187 13842 13855 I art     : Starting a blocking GC Explicit
08-04 17:39:42.200 16393 16393 D ICU     : No timezone override file found: /data/misc/zoneinfo/current/icu/icu_tzdata.dat
08-04 17:39:42.231 13842 13855 I art     : Explicit concurrent mark sweep GC freed 9(288B) AllocSpace objects, 0(0B) LOS objects, 27% free, 42MB/58MB, paused 1.417ms total 44.128ms
08-04 17:39:42.250 16393 16393 I Radio-JNI: register_android_hardware_Radio DONE
08-04 17:39:42.277 16393 16393 D AndroidRuntime: Calling main entry com.android.commands.input.Input
08-04 17:39:42.279 16393 16393 I Input   : injectMotionEvent: MotionEvent { action=ACTION_DOWN, actionButton=0, id[0]=0, x[0]=1372.0, y[0]=384.0, toolType[0]=TOOL_TYPE_UNKNOWN, buttonState=0, metaState=0, flags=0x0, edgeFlags=0x0, pointerCount=1, historySize=0, eventTime=725998691, downTime=725998691, deviceId=0, source=0x1002 }
08-04 17:39:42.284 16393 16393 I Input   : injectMotionEvent: MotionEvent { action=ACTION_UP, actionButton=0, id[0]=0, x[0]=1372.0, y[0]=384.0, toolType[0]=TOOL_TYPE_UNKNOWN, buttonState=0, metaState=0, flags=0x0, edgeFlags=0x0, pointerCount=1, historySize=0, eventTime=725998691, downTime=725998691, deviceId=0, source=0x1002 }
08-04 17:39:42.286 16393 16393 D AndroidRuntime: Shutting down VM
08-04 17:39:42.299   512  2967 D audio_hw_primary: out_set_parameters: enter: usecase(1: low-latency-playback) kvpairs: routing=2
08-04 17:39:42.301   918  3961 I ActivityManager: START u0 {cmp=baseline.de.danoeh.antennapod.debug/baseline.de.danoeh.antennapod.activity.FeedInfoActivity (has extras)} from uid 10670 on display 0
08-04 17:39:42.312   512  2967 D audio_hw_primary: select_devices: out_snd_device(2: speaker) in_snd_device(0: none)
08-04 17:39:42.312   512  2967 D msm8974_platform: platform_send_audio_calibration: sending audio calibration for snd_device(2) acdb_id(15)
08-04 17:39:42.312   512  2967 I soundtrigger: audio_extn_sound_trigger_update_device_status: device 0x2 of type 0 for Event 1
08-04 17:39:42.325   512  2967 D audio_hw_primary: enable_snd_device: snd_device(2: speaker)
08-04 17:39:42.327   512  2967 D audio_hw_primary: enable_audio_route: apply and update mixer path: low-latency-playback speaker
08-04 17:39:42.344 13842 14418 D DBReader: getFeed() called with: feedId = [2]
08-04 17:39:42.345 13842 14418 D DBReader: getFeedItemList() called with: feed = [baseline.de.danoeh.antennapod.core.feed.Feed@2]
08-04 17:39:42.355 13842 13842 D androidx.gridlayout.widget.GridLayout: horizontal constraints: x2-x0>=1328, x2-x1<=0, x1-x0<=242 are inconsistent; permanently removing: x2-x1<=0. 
08-04 17:39:42.356 13842 13842 D androidx.gridlayout.widget.GridLayout: vertical constraints: y3-y2>=80, y3-y2<=66, y2-y1<=94, y1-y0<=94 are inconsistent; permanently removing: y3-y2<=66. 
08-04 17:39:42.441 13842 14418 W PodDBAdapter: Length of id array is larger than 800. Creating multiple cursors
08-04 17:39:42.447   918   936 I ActivityManager: Displayed baseline.de.danoeh.antennapod.debug/baseline.de.danoeh.antennapod.activity.FeedInfoActivity: +137ms
08-04 17:39:42.451 13866 13866 I GoogleInputMethodServic: GoogleInputMethodService.onFinishInput():3138 
08-04 17:39:42.452 13866 13866 I GoogleInputMethodServic: GoogleInputMethodService.onStartInput():1808 
08-04 17:39:42.487 13842 13863 D OpenGLRenderer: endAllStagingAnimators on 0x7f7c3b1000 (RippleDrawable) with handle 0x7f99e1f120
08-04 17:39:42.532 13842 13842 D FeedInfoActivity: Language is en
08-04 17:39:42.532 13842 13842 D FeedInfoActivity: Author is Joe Rogan
08-04 17:39:42.533 13842 13842 D FeedInfoActivity: URL is http://joeroganexp.joerogan.libsynpro.com/rss
08-04 17:39:42.537 13842 14796 D ApOkHttpUrlLoader: buildLoadData() called with: model = [http://static.libsyn.com/p/assets/7/1/f/3/71f3014e14ef2722/JREiTunesImage2.jpg], width = [1440], height = [462]
08-04 17:39:42.552 13842 13867 I art     : Starting a blocking GC Explicit
08-04 17:39:42.559   918  3670 W IntentResolver: resolveIntent: multiple matches, only some with CATEGORY_DEFAULT
08-04 17:39:42.569 13842 13842 D androidx.gridlayout.widget.GridLayout: horizontal constraints: x2-x0>=1328, x2-x1<=232, x1-x0<=242 are inconsistent; permanently removing: x2-x1<=232. 
08-04 17:39:42.570 13842 13842 D androidx.gridlayout.widget.GridLayout: vertical constraints: y3-y2>=80, y3-y2<=66, y2-y1<=94, y1-y0<=94 are inconsistent; permanently removing: y3-y2<=66. 
08-04 17:39:42.607 13842 13867 I art     : Explicit concurrent mark sweep GC freed 15487(670KB) AllocSpace objects, 3(52KB) LOS objects, 25% free, 47MB/63MB, paused 1.396ms total 55.115ms
08-04 17:39:42.624 13842 13867 I art     : Starting a blocking GC Explicit
08-04 17:39:42.680   380   380 W SurfaceFlinger: couldn't log to binary event log: overflow.
08-04 17:39:42.684 13842 13867 I art     : Explicit concurrent mark sweep GC freed 561(35KB) AllocSpace objects, 0(0B) LOS objects, 25% free, 47MB/63MB, paused 1.530ms total 59.610ms
08-04 17:39:42.702 13842 13867 I art     : Starting a blocking GC Explicit
08-04 17:39:42.750 13842 13867 I art     : Explicit concurrent mark sweep GC freed 5(176B) AllocSpace objects, 0(0B) LOS objects, 25% free, 47MB/63MB, paused 1.399ms total 48.224ms
08-04 17:39:42.766 13842 13867 I art     : Starting a blocking GC Explicit
08-04 17:39:42.819 13842 13867 I art     : Explicit concurrent mark sweep GC freed 12(368B) AllocSpace objects, 0(0B) LOS objects, 25% free, 47MB/63MB, paused 1.619ms total 52.756ms
08-04 17:39:42.831 13842 13842 D PlaybackController: Releasing PlaybackController
08-04 17:39:42.837 13842 13867 I art     : Starting a blocking GC Explicit
08-04 17:39:42.868   512  2967 D audio_hw_primary: disable_audio_route: reset and update mixer path: low-latency-playback speaker
08-04 17:39:42.869   512  2967 D audio_hw_primary: disable_snd_device: snd_device(2: speaker)
08-04 17:39:42.876   512  2967 I soundtrigger: audio_extn_sound_trigger_update_device_status: device 0x2 of type 0 for Event 0
08-04 17:39:42.890 13842 13867 I art     : Explicit concurrent mark sweep GC freed 339(17KB) AllocSpace objects, 0(0B) LOS objects, 25% free, 47MB/63MB, paused 1.474ms total 52.390ms
08-04 17:39:43.225 13842 13855 I art     : Starting a blocking GC Explicit
08-04 17:39:43.300 13842 13855 I art     : Explicit concurrent mark sweep GC freed 1470(86KB) AllocSpace objects, 1(20KB) LOS objects, 25% free, 47MB/63MB, paused 1.693ms total 73.682ms
08-04 17:39:43.321 13842 13855 I art     : Starting a blocking GC Explicit
08-04 17:39:43.380 13842 13855 I art     : Explicit concurrent mark sweep GC freed 23(752B) AllocSpace objects, 0(0B) LOS objects, 25% free, 47MB/63MB, paused 1.476ms total 59.286ms
08-04 17:39:43.400 13842 13855 I art     : Starting a blocking GC Explicit
08-04 17:39:43.458 13842 13855 I art     : Explicit concurrent mark sweep GC freed 3(96B) AllocSpace objects, 0(0B) LOS objects, 25% free, 47MB/63MB, paused 1.520ms total 57.464ms
08-04 17:39:43.475 13842 13855 I art     : Starting a blocking GC Explicit
08-04 17:39:43.533 13842 13855 I art     : Explicit concurrent mark sweep GC freed 3(96B) AllocSpace objects, 0(0B) LOS objects, 25% free, 47MB/63MB, paused 1.456ms total 58.256ms
08-04 17:39:43.533 13842 13853 I art     : WaitForGcToComplete blocked for 24.190ms for cause HeapTrim
08-04 17:39:43.550 13842 13855 I art     : Starting a blocking GC Explicit
08-04 17:39:43.608 13842 13855 I art     : Explicit concurrent mark sweep GC freed 3(96B) AllocSpace objects, 0(0B) LOS objects, 25% free, 47MB/63MB, paused 1.575ms total 58.068ms
08-04 17:39:43.948 13842 13854 I art     : Starting a blocking GC Explicit
08-04 17:39:44.019 13842 13854 I art     : Explicit concurrent mark sweep GC freed 1378(80KB) AllocSpace objects, 1(20KB) LOS objects, 25% free, 47MB/63MB, paused 1.410ms total 70.608ms
08-04 17:39:44.037 13842 13854 I art     : Starting a blocking GC Explicit
08-04 17:39:44.095 13842 13854 I art     : Explicit concurrent mark sweep GC freed 31(1008B) AllocSpace objects, 0(0B) LOS objects, 25% free, 47MB/63MB, paused 1.402ms total 57.871ms
08-04 17:39:44.112 13842 13854 I art     : Starting a blocking GC Explicit
08-04 17:39:44.171 13842 13854 I art     : Explicit concurrent mark sweep GC freed 13(416B) AllocSpace objects, 0(0B) LOS objects, 25% free, 47MB/63MB, paused 1.365ms total 58.381ms
08-04 17:39:44.188 13842 13854 I art     : Starting a blocking GC Explicit
08-04 17:39:44.246 13842 13854 I art     : Explicit concurrent mark sweep GC freed 37(1040B) AllocSpace objects, 0(0B) LOS objects, 25% free, 47MB/63MB, paused 1.482ms total 57.158ms
08-04 17:39:44.263 13842 13854 I art     : Starting a blocking GC Explicit
08-04 17:39:44.323 13842 13854 I art     : Explicit concurrent mark sweep GC freed 3(96B) AllocSpace objects, 0(0B) LOS objects, 25% free, 47MB/63MB, paused 1.401ms total 60.290ms
08-04 17:39:44.675 13842 13867 I art     : Starting a blocking GC Explicit
08-04 17:39:44.758 13842 13867 I art     : Explicit concurrent mark sweep GC freed 1372(80KB) AllocSpace objects, 1(20KB) LOS objects, 25% free, 47MB/63MB, paused 1.609ms total 82.130ms
08-04 17:39:44.777 13842 13867 I art     : Starting a blocking GC Explicit
08-04 17:39:44.840 13842 13867 I art     : Explicit concurrent mark sweep GC freed 23(752B) AllocSpace objects, 0(0B) LOS objects, 25% free, 47MB/63MB, paused 1.472ms total 62.805ms
08-04 17:39:44.857 13842 13867 I art     : Starting a blocking GC Explicit
08-04 17:39:44.922 13842 13867 I art     : Explicit concurrent mark sweep GC freed 3(96B) AllocSpace objects, 0(0B) LOS objects, 25% free, 47MB/63MB, paused 1.532ms total 64.414ms
08-04 17:39:44.939 13842 13867 I art     : Starting a blocking GC Explicit
08-04 17:39:45.003 13842 13867 I art     : Explicit concurrent mark sweep GC freed 3(96B) AllocSpace objects, 0(0B) LOS objects, 25% free, 47MB/63MB, paused 1.525ms total 63.652ms
08-04 17:39:45.020 13842 13867 I art     : Starting a blocking GC Explicit
08-04 17:39:45.089 13842 13867 I art     : Explicit concurrent mark sweep GC freed 3(96B) AllocSpace objects, 0(0B) LOS objects, 25% free, 47MB/63MB, paused 1.586ms total 69.036ms
08-04 17:39:45.447 13842 14314 I art     : Starting a blocking GC Explicit
08-04 17:39:45.488   918  3261 D WifiStateMachine: starting scan for "H369AA63323"WPA_PSK with 2412,5180
08-04 17:39:45.508 13842 14314 I art     : Explicit concurrent mark sweep GC freed 1402(83KB) AllocSpace objects, 1(20KB) LOS objects, 25% free, 47MB/63MB, paused 1.621ms total 60.619ms
08-04 17:39:45.525 13842 14314 I art     : Starting a blocking GC Explicit
08-04 17:39:45.586 13842 14314 I art     : Explicit concurrent mark sweep GC freed 23(752B) AllocSpace objects, 0(0B) LOS objects, 25% free, 47MB/63MB, paused 1.350ms total 60.699ms
08-04 17:39:45.602 13842 14314 I art     : Starting a blocking GC Explicit
08-04 17:39:45.668 13842 14314 I art     : Explicit concurrent mark sweep GC freed 3(96B) AllocSpace objects, 0(0B) LOS objects, 25% free, 47MB/63MB, paused 1.642ms total 64.945ms
08-04 17:39:45.685 13842 14314 I art     : Starting a blocking GC Explicit
08-04 17:39:45.746 13842 14314 I art     : Explicit concurrent mark sweep GC freed 3(96B) AllocSpace objects, 0(0B) LOS objects, 25% free, 47MB/63MB, paused 1.619ms total 60.556ms
08-04 17:39:45.761 13842 14314 I art     : Starting a blocking GC Explicit
08-04 17:39:45.809 13842 14314 I art     : Explicit concurrent mark sweep GC freed 3(96B) AllocSpace objects, 0(0B) LOS objects, 25% free, 47MB/63MB, paused 1.297ms total 48.348ms
08-04 17:39:45.967 11375 11375 I Atfwd_Sendcmd: AtCmdFwd service not ready - Exhausted retry attempts - :6
08-04 17:39:45.967 11375 11375 I Atfwd_Daemon: result : -1 	 ,Init step :2 	 ,qmiErrorCode: 0
08-04 17:39:46.125 13842 13867 I art     : Starting a blocking GC Explicit
08-04 17:39:46.198 13842 13867 I art     : Explicit concurrent mark sweep GC freed 1373(81KB) AllocSpace objects, 1(20KB) LOS objects, 25% free, 47MB/63MB, paused 1.590ms total 72.414ms
08-04 17:39:46.218 13842 13867 I art     : Starting a blocking GC Explicit
08-04 17:39:46.284 13842 13867 I art     : Explicit concurrent mark sweep GC freed 60(1856B) AllocSpace objects, 0(0B) LOS objects, 25% free, 47MB/63MB, paused 1.529ms total 64.966ms
08-04 17:39:46.301 13842 13867 I art     : Starting a blocking GC Explicit
08-04 17:39:46.365 13842 13867 I art     : Explicit concurrent mark sweep GC freed 3(96B) AllocSpace objects, 0(0B) LOS objects, 25% free, 47MB/63MB, paused 1.531ms total 64.305ms
08-04 17:39:46.383 13842 13867 I art     : Starting a blocking GC Explicit
08-04 17:39:46.449 13842 13867 I art     : Explicit concurrent mark sweep GC freed 3(96B) AllocSpace objects, 0(0B) LOS objects, 25% free, 47MB/63MB, paused 1.723ms total 65.707ms
08-04 17:39:46.469 13842 13867 I art     : Starting a blocking GC Explicit
08-04 17:39:46.532 13842 13867 I art     : Explicit concurrent mark sweep GC freed 3(96B) AllocSpace objects, 0(0B) LOS objects, 25% free, 47MB/63MB, paused 1.375ms total 63.010ms
08-04 17:39:46.845 13842 14314 I art     : Starting a blocking GC Explicit
08-04 17:39:46.915 13842 14314 I art     : Explicit concurrent mark sweep GC freed 2075(106KB) AllocSpace objects, 1(20KB) LOS objects, 25% free, 47MB/63MB, paused 1.598ms total 69.942ms
08-04 17:39:46.934 13842 14314 I art     : Starting a blocking GC Explicit
08-04 17:39:46.997 13842 14314 I art     : Explicit concurrent mark sweep GC freed 23(752B) AllocSpace objects, 0(0B) LOS objects, 25% free, 47MB/63MB, paused 1.549ms total 62.468ms
08-04 17:39:47.013 13842 14314 I art     : Starting a blocking GC Explicit
08-04 17:39:47.074 13842 14314 I art     : Explicit concurrent mark sweep GC freed 3(96B) AllocSpace objects, 0(0B) LOS objects, 25% free, 47MB/63MB, paused 1.529ms total 59.839ms
08-04 17:39:47.091 13842 14314 I art     : Starting a blocking GC Explicit
08-04 17:39:47.091 16478 16478 D AndroidRuntime: >>>>>> START com.android.internal.os.RuntimeInit uid 2000 <<<<<<
08-04 17:39:47.098 16478 16478 D AndroidRuntime: CheckJNI is OFF
08-04 17:39:47.142 16478 16478 D ICU     : No timezone override file found: /data/misc/zoneinfo/current/icu/icu_tzdata.dat
08-04 17:39:47.149 13842 14314 I art     : Explicit concurrent mark sweep GC freed 3(96B) AllocSpace objects, 0(0B) LOS objects, 25% free, 47MB/63MB, paused 1.573ms total 57.015ms
08-04 17:39:47.165 13842 14314 I art     : Starting a blocking GC Explicit
08-04 17:39:47.188 16478 16478 I Radio-JNI: register_android_hardware_Radio DONE
08-04 17:39:47.218 16478 16478 D AndroidRuntime: Calling main entry com.android.commands.input.Input
08-04 17:39:47.220 16478 16478 I Input   : injectKeyEvent: KeyEvent { action=ACTION_DOWN, keyCode=KEYCODE_BACK, scanCode=0, metaState=0, flags=0x0, repeatCount=0, eventTime=726003633, downTime=726003633, deviceId=-1, source=0x101 }
08-04 17:39:47.220 13842 14314 I art     : Explicit concurrent mark sweep GC freed 3(96B) AllocSpace objects, 0(0B) LOS objects, 25% free, 47MB/63MB, paused 1.543ms total 54.660ms
08-04 17:39:47.226 16478 16478 I Input   : injectKeyEvent: KeyEvent { action=ACTION_UP, keyCode=KEYCODE_BACK, scanCode=0, metaState=0, flags=0x0, repeatCount=0, eventTime=726003633, downTime=726003633, deviceId=-1, source=0x101 }
08-04 17:39:47.233 16478 16478 D AndroidRuntime: Shutting down VM
08-04 17:39:47.238 13842 13842 V PlaybackController: initServiceNotRunning()
08-04 17:39:47.238 13842 13842 D ExternalPlayerFragment: Loading media info
08-04 17:39:47.241 13842 13842 D ItemlistFragment: onEventMainThread() called with: event = [DownloadEvent{update=DownloaderUpdate{downloaders=[], feedIds=[], mediaIds=[]}}]
08-04 17:39:47.242 13842 14796 D ApOkHttpUrlLoader: buildLoadData() called with: model = [http://static.libsyn.com/p/assets/7/1/f/3/71f3014e14ef2722/JREiTunesImage2.jpg], width = [1440], height = [462]
08-04 17:39:47.246 13842 13842 D UserPreferences: Using default data folder
08-04 17:39:47.247 13842 14418 D DBReader: getNavDrawerData() called with: 
08-04 17:39:47.247 13842 14417 D DBReader: getFeed() called with: feedId = [2]
08-04 17:39:47.248 13842 14417 D DBReader: getFeedItemList() called with: feed = [baseline.de.danoeh.antennapod.core.feed.Feed@2]
08-04 17:39:47.261 13842 13842 D FeedMenuHandler: Preparing options menu
08-04 17:39:47.274 13842 14418 D DBReader: getDownloadedItems() called
08-04 17:39:47.276 13842 14418 D DBReader: getFavoriteIDList() called
08-04 17:39:47.276 13842 14418 D DBReader: getQueueIDList() called
08-04 17:39:47.277 13842 14418 D DBReader: Extracting Feedlist
08-04 17:39:47.300 13842 13842 D MainActivity: getLastNavFragment() -> 2
08-04 17:39:47.300 13866 13866 I GoogleInputMethodServic: GoogleInputMethodService.onFinishInput():3138 
08-04 17:39:47.301 13866 13866 I GoogleInputMethodServic: GoogleInputMethodService.onStartInput():1808 
08-04 17:39:47.357 13842 14417 W PodDBAdapter: Length of id array is larger than 800. Creating multiple cursors
08-04 17:39:47.447 13842 14417 D DBReader: getFavoriteIDList() called
08-04 17:39:47.448 13842 14417 D DBReader: getQueueIDList() called
08-04 17:39:47.449 13842 14417 D DBReader: Extracting Feedlist
08-04 17:39:47.457 13842 14796 D ApOkHttpUrlLoader: buildLoadData() called with: model = [http://static.libsyn.com/p/assets/7/1/f/3/71f3014e14ef2722/JREiTunesImage2.jpg], width = [1440], height = [462]
08-04 17:39:47.486 13842 13842 D FeedMenuHandler: Preparing options menu
08-04 17:39:47.543 13842 13855 I art     : Starting a blocking GC Explicit
08-04 17:39:47.555 24365  7398 I NetworkScheduler.Stats: Task com.google.android.apps.gcs/ started execution. cause:4 exec_start_elapsed_seconds: 1709391 [CONTEXT service_id=218 ]
08-04 17:39:47.557 13724 16512 W Gcs.WfaEliRefreshTask: [24607] afk.b: NULL eligibility response.
08-04 17:39:47.564 24365  7398 I NetworkScheduler.Stats: Task com.google.android.apps.gcs/ finished executing. cause:4 result: 3 elapsed_millis: 14 uptime_millis: 15 exec_start_elapsed_seconds: 1709391 [CONTEXT service_id=218 ]
08-04 17:39:47.610 13842 13855 I art     : Explicit concurrent mark sweep GC freed 42594(2MB) AllocSpace objects, 3(52KB) LOS objects, 23% free, 52MB/68MB, paused 1.396ms total 65.768ms
08-04 17:39:47.626 13842 13855 I art     : Starting a blocking GC Explicit
08-04 17:39:47.635   380   380 W SurfaceFlinger: couldn't log to binary event log: overflow.
08-04 17:39:47.670   518   646 I ThermalEngine: ACTION: GPU - Setting GPU[0] to 510000000
08-04 17:39:47.679 13842 13855 I art     : Explicit concurrent mark sweep GC freed 2936(180KB) AllocSpace objects, 0(0B) LOS objects, 23% free, 52MB/68MB, paused 1.544ms total 52.860ms
08-04 17:39:47.693 13842 13855 I art     : Starting a blocking GC Explicit
08-04 17:39:47.743 13842 13855 I art     : Explicit concurrent mark sweep GC freed 116(4KB) AllocSpace objects, 0(0B) LOS objects, 23% free, 52MB/68MB, paused 1.382ms total 49.580ms
08-04 17:39:47.758 13842 13855 I art     : Starting a blocking GC Explicit
08-04 17:39:47.803 13842 13855 I art     : Explicit concurrent mark sweep GC freed 29243(2MB) AllocSpace objects, 3(84KB) LOS objects, 24% free, 50MB/66MB, paused 1.393ms total 44.723ms
08-04 17:39:47.816 13842 13855 I art     : Starting a blocking GC Explicit
08-04 17:39:47.816   918 13198 D NetlinkSocketObserver: NeighborEvent{elapsedMs=1709391691, 192.168.2.254, [7C3953A63323], RTM_NEWNEIGH, NUD_PROBE}
08-04 17:39:47.857 13842 13855 I art     : Explicit concurrent mark sweep GC freed 3(96B) AllocSpace objects, 0(0B) LOS objects, 24% free, 50MB/66MB, paused 1.380ms total 40.447ms
08-04 17:39:48.166 13842 13867 I art     : Starting a blocking GC Explicit
08-04 17:39:48.213 13842 13867 I art     : Explicit concurrent mark sweep GC freed 1373(81KB) AllocSpace objects, 1(20KB) LOS objects, 24% free, 50MB/66MB, paused 1.482ms total 47.279ms
08-04 17:39:48.228 13842 13867 I art     : Starting a blocking GC Explicit
08-04 17:39:48.275 13842 13867 I art     : Explicit concurrent mark sweep GC freed 52(1552B) AllocSpace objects, 0(0B) LOS objects, 24% free, 50MB/66MB, paused 1.470ms total 47.038ms
08-04 17:39:48.289 13842 13867 I art     : Starting a blocking GC Explicit
08-04 17:39:48.338 13842 13867 I art     : Explicit concurrent mark sweep GC freed 3(96B) AllocSpace objects, 0(0B) LOS objects, 24% free, 50MB/66MB, paused 1.663ms total 48.287ms
08-04 17:39:48.353 13842 13867 I art     : Starting a blocking GC Explicit
08-04 17:39:48.401 13842 13867 I art     : Explicit concurrent mark sweep GC freed 3(96B) AllocSpace objects, 0(0B) LOS objects, 24% free, 50MB/66MB, paused 1.401ms total 48.440ms
08-04 17:39:48.416 13842 13867 I art     : Starting a blocking GC Explicit
08-04 17:39:48.464 13842 13867 I art     : Explicit concurrent mark sweep GC freed 3(96B) AllocSpace objects, 0(0B) LOS objects, 24% free, 50MB/66MB, paused 1.356ms total 47.834ms
08-04 17:39:48.675   518   646 I ThermalEngine: ACTION: GPU - Setting GPU[0] to 450000000
08-04 17:39:48.791 13842 16513 I art     : Starting a blocking GC Explicit
08-04 17:39:48.845 13842 16513 I art     : Explicit concurrent mark sweep GC freed 1374(81KB) AllocSpace objects, 1(20KB) LOS objects, 24% free, 50MB/66MB, paused 1.418ms total 53.132ms
08-04 17:39:48.860 13842 16513 I art     : Starting a blocking GC Explicit
08-04 17:39:48.909 13842 16513 I art     : Explicit concurrent mark sweep GC freed 24(784B) AllocSpace objects, 0(0B) LOS objects, 24% free, 50MB/66MB, paused 2.194ms total 48.737ms
08-04 17:39:48.925 13842 16513 I art     : Starting a blocking GC Explicit
08-04 17:39:48.972 13842 16513 I art     : Explicit concurrent mark sweep GC freed 11(352B) AllocSpace objects, 0(0B) LOS objects, 24% free, 50MB/66MB, paused 1.624ms total 46.868ms
08-04 17:39:48.987 13842 16513 I art     : Starting a blocking GC Explicit
08-04 17:39:49.027 16524 16524 D AndroidRuntime: >>>>>> START com.android.internal.os.RuntimeInit uid 2000 <<<<<<
08-04 17:39:49.033 16524 16524 D AndroidRuntime: CheckJNI is OFF
08-04 17:39:49.034 13842 16513 I art     : Explicit concurrent mark sweep GC freed 12(384B) AllocSpace objects, 0(0B) LOS objects, 24% free, 50MB/66MB, paused 1.708ms total 46.587ms
08-04 17:39:49.048 13842 16513 I art     : Starting a blocking GC Explicit
08-04 17:39:49.077 16524 16524 D ICU     : No timezone override file found: /data/misc/zoneinfo/current/icu/icu_tzdata.dat
08-04 17:39:49.094 13842 16513 I art     : Explicit concurrent mark sweep GC freed 8(256B) AllocSpace objects, 0(0B) LOS objects, 24% free, 50MB/66MB, paused 1.526ms total 45.588ms
08-04 17:39:49.121 16524 16524 I Radio-JNI: register_android_hardware_Radio DONE
08-04 17:39:49.149 16524 16524 D AndroidRuntime: Calling main entry com.android.commands.input.Input
08-04 17:39:49.151 16524 16524 I Input   : injectMotionEvent: MotionEvent { action=ACTION_DOWN, actionButton=0, id[0]=0, x[0]=733.0, y[0]=896.0, toolType[0]=TOOL_TYPE_UNKNOWN, buttonState=0, metaState=0, flags=0x0, edgeFlags=0x0, pointerCount=1, historySize=0, eventTime=726005564, downTime=726005564, deviceId=0, source=0x1002 }
08-04 17:39:49.156 16524 16524 I Input   : injectMotionEvent: MotionEvent { action=ACTION_UP, actionButton=0, id[0]=0, x[0]=733.0, y[0]=896.0, toolType[0]=TOOL_TYPE_UNKNOWN, buttonState=0, metaState=0, flags=0x0, edgeFlags=0x0, pointerCount=1, historySize=0, eventTime=726005564, downTime=726005564, deviceId=0, source=0x1002 }
08-04 17:39:49.159 16524 16524 D AndroidRuntime: Shutting down VM
08-04 17:39:49.226   512  2967 D audio_hw_primary: out_set_parameters: enter: usecase(1: low-latency-playback) kvpairs: routing=2
08-04 17:39:49.240   512  2967 D audio_hw_primary: select_devices: out_snd_device(2: speaker) in_snd_device(0: none)
08-04 17:39:49.241   512  2967 D msm8974_platform: platform_send_audio_calibration: sending audio calibration for snd_device(2) acdb_id(15)
08-04 17:39:49.241   512  2967 I soundtrigger: audio_extn_sound_trigger_update_device_status: device 0x2 of type 0 for Event 1
08-04 17:39:49.251   512  2967 D audio_hw_primary: enable_snd_device: snd_device(2: speaker)
08-04 17:39:49.254   512  2967 D audio_hw_primary: enable_audio_route: apply and update mixer path: low-latency-playback speaker
08-04 17:39:49.258 13842 13842 I WebViewFactory: Loading com.google.android.webview version 84.0.4147.89 (code 414708953)
08-04 17:39:49.359 13842 13842 I cr_LibraryLoader: Loaded native library version number "84.0.4147.89"
08-04 17:39:49.360 13842 13842 I cr_CachingUmaRecorder: Flushed 5 samples from 5 histograms.
08-04 17:39:49.410 13842 13842 E chromium: [ERROR:filesystem_posix.cc(62)] mkdir /data/user/0/baseline.de.danoeh.antennapod.debug/cache/WebView/Crashpad: No such file or directory (2)
08-04 17:39:49.422 13842 13854 I art     : Starting a blocking GC Explicit
08-04 17:39:49.476 13842 13854 I art     : Explicit concurrent mark sweep GC freed 8030(689KB) AllocSpace objects, 3(60KB) LOS objects, 23% free, 51MB/67MB, paused 1.657ms total 53.313ms
08-04 17:39:49.503 13842 13854 I art     : Starting a blocking GC Explicit
08-04 17:39:49.526   918   929 D ConnectivityService: listenForNetwork for Listen from uid/pid:10670/13842 for NetworkRequest [ id=2801, legacyType=-1, [ Capabilities: INTERNET&NOT_RESTRICTED&TRUSTED] ]
08-04 17:39:49.553 13842 13854 I art     : Explicit concurrent mark sweep GC freed 1009(93KB) AllocSpace objects, 0(0B) LOS objects, 23% free, 51MB/67MB, paused 2.322ms total 49.418ms
08-04 17:39:49.567 13842 13854 I art     : Starting a blocking GC Explicit
08-04 17:39:49.578 13842 13862 D DBReader: getFeedItem() called with: itemId = [2]
08-04 17:39:49.578 13842 13862 D DBReader: Loading feeditem with id 2
08-04 17:39:49.579 13842 13842 D ItemFragment: onEventMainThread() called with: event = [DownloadEvent{update=DownloaderUpdate{downloaders=[], feedIds=[], mediaIds=[]}}]
08-04 17:39:49.582 13842 13862 D DBReader: getFavoriteIDList() called
08-04 17:39:49.583 13842 13862 D DBReader: getQueueIDList() called
08-04 17:39:49.584 13842 13862 D DBReader: Extracting Feedlist
08-04 17:39:49.592 13866 13866 I GoogleInputMethodServic: GoogleInputMethodService.onFinishInput():3138 
08-04 17:39:49.592 13866 13866 I GoogleInputMethodServic: GoogleInputMethodService.onStartInput():1808 
08-04 17:39:49.597 13842 13862 D DBReader: loadExtraInformationOfFeedItem() called with: item = [FeedItem[autoDownload=1,chapters=<null>,contentEncoded=<null>,description=<null>,feed=baseline.de.danoeh.antennapod.core.feed.Feed@d351bfe,feedId=2,flattrStatus=baseline.de.danoeh.antennapod.core.util.flattr.FlattrStatus@2987f5f,hasChapters=false,imageUrl=http://static.libsyn.com/p/assets/2/7/8/6/278615fe73b1f0ca/JRE1514.jpg,itemIdentifier=a0870b6b-c887-4883-930c-a06d5e1a8f7e,link=http://traffic.libsyn.com/joeroganexp/p1514.mp3,media=baseline.de.danoeh.antennapod.core.feed.FeedMedia@4375dac,paymentLink=<null>,pubDate=Fri Jul 24 21:00:00 GMT+02:00 2020,state=-1,tags=[],title=#1514 - Joe De Sena,id=2]]
08-04 17:39:49.602 13842 13842 E libEGL  : validate_display:255 error 3008 (EGL_BAD_DISPLAY)
08-04 17:39:49.620 13842 13854 I art     : Explicit concurrent mark sweep GC freed 3511(239KB) AllocSpace objects, 1(68KB) LOS objects, 23% free, 51MB/67MB, paused 2.046ms total 52.612ms
08-04 17:39:49.634 13842 13854 I art     : Starting a blocking GC Explicit
08-04 17:39:49.660   918   935 D BluetoothManagerService: Added callback: android.bluetooth.IBluetoothManagerCallback$Stub$Proxy@a946acb:true
08-04 17:39:49.661 13842 14796 D ApOkHttpUrlLoader: buildLoadData() called with: model = [http://static.libsyn.com/p/assets/2/7/8/6/278615fe73b1f0ca/JRE1514.jpg], width = [175], height = [175]
08-04 17:39:49.663 13842 14625 D DBReader: getImageAuthentication() called with: imageUrl = [http://static.libsyn.com/p/assets/2/7/8/6/278615fe73b1f0ca/JRE1514.jpg]
08-04 17:39:49.667 13842 14625 D ApOkHttpUrlLoader: no credentials for 'http://static.libsyn.com/p/assets/2/7/8/6/278615fe73b1f0ca/JRE1514.jpg'
08-04 17:39:49.690 13842 13854 I art     : Explicit concurrent mark sweep GC freed 1282(90KB) AllocSpace objects, 0(0B) LOS objects, 23% free, 51MB/67MB, paused 2.917ms total 55.754ms
08-04 17:39:49.713 13842 13854 I art     : Starting a blocking GC Explicit
08-04 17:39:49.759 13842 13854 I art     : Explicit concurrent mark sweep GC freed 1363(88KB) AllocSpace objects, 4(112KB) LOS objects, 23% free, 51MB/67MB, paused 1.798ms total 46.260ms
08-04 17:39:49.789   512  2967 D audio_hw_primary: disable_audio_route: reset and update mixer path: low-latency-playback speaker
08-04 17:39:49.790   512  2967 D audio_hw_primary: disable_snd_device: snd_device(2: speaker)
08-04 17:39:49.798   512  2967 I soundtrigger: audio_extn_sound_trigger_update_device_status: device 0x2 of type 0 for Event 0
08-04 17:39:49.804 13842 14625 D MYTAG   : interceptor 2a
08-04 17:39:49.804 13842 14625 I NAPPA_EXPERIMENTATION: MetricNetworkRequestExecutionTime: REQUEST_DURATION_SYSTEM='137',REQUEST_DURATION_OKHTTP='136',REQUEST_SYNCHRONOUS='TRUE',RESPONSE_CODE='200',RESPONSE_METHOD='GET',RESPONSE_LENGTH_OKHTTP='364960',RESPONSE_LENGTH_HEADER='364960',REQUEST_PROTOCOL='http/1.1',REQUEST_URL='http://static.libsyn.com/p/assets/2/7/8/6/278615fe73b1f0ca/JRE1514.jpg',
08-04 17:39:50.102 13842 13867 I art     : Starting a blocking GC Explicit
08-04 17:39:50.159 13842 13867 I art     : Explicit concurrent mark sweep GC freed 1998(145KB) AllocSpace objects, 1(20KB) LOS objects, 23% free, 51MB/67MB, paused 1.487ms total 56.945ms
08-04 17:39:50.175 13842 13867 I art     : Starting a blocking GC Explicit
08-04 17:39:50.227 13842 13867 I art     : Explicit concurrent mark sweep GC freed 59(2000B) AllocSpace objects, 0(0B) LOS objects, 23% free, 51MB/67MB, paused 1.451ms total 51.058ms
08-04 17:39:50.243 13842 13867 I art     : Starting a blocking GC Explicit
08-04 17:39:50.295 13842 13867 I art     : Explicit concurrent mark sweep GC freed 40(1136B) AllocSpace objects, 0(0B) LOS objects, 23% free, 51MB/67MB, paused 1.426ms total 51.287ms
08-04 17:39:50.311 13842 13867 I art     : Starting a blocking GC Explicit
08-04 17:39:50.363 13842 13867 I art     : Explicit concurrent mark sweep GC freed 11(352B) AllocSpace objects, 0(0B) LOS objects, 23% free, 51MB/67MB, paused 1.554ms total 52.326ms
08-04 17:39:50.379 13842 13867 I art     : Starting a blocking GC Explicit
08-04 17:39:50.426 13842 13867 I art     : Explicit concurrent mark sweep GC freed 10(320B) AllocSpace objects, 0(0B) LOS objects, 23% free, 51MB/67MB, paused 1.450ms total 46.224ms
08-04 17:39:50.799 13842 13867 I art     : Starting a blocking GC Explicit
08-04 17:39:50.860 13842 13867 I art     : Explicit concurrent mark sweep GC freed 1435(82KB) AllocSpace objects, 1(20KB) LOS objects, 23% free, 51MB/67MB, paused 2.224ms total 60.306ms
08-04 17:39:50.878 13842 13867 I art     : Starting a blocking GC Explicit
08-04 17:39:50.932 13842 13867 I art     : Explicit concurrent mark sweep GC freed 33(1088B) AllocSpace objects, 0(0B) LOS objects, 23% free, 51MB/67MB, paused 1.490ms total 53.403ms
08-04 17:39:50.948 13842 13867 I art     : Starting a blocking GC Explicit
08-04 17:39:50.997 13842 13867 I art     : Explicit concurrent mark sweep GC freed 11(352B) AllocSpace objects, 0(0B) LOS objects, 23% free, 51MB/67MB, paused 1.555ms total 48.926ms
08-04 17:39:51.013 13842 13867 I art     : Starting a blocking GC Explicit
08-04 17:39:51.066 13842 13867 I art     : Explicit concurrent mark sweep GC freed 11(352B) AllocSpace objects, 0(0B) LOS objects, 23% free, 51MB/67MB, paused 1.590ms total 53.021ms
08-04 17:39:51.082 13842 13867 I art     : Starting a blocking GC Explicit
08-04 17:39:51.131 13842 13867 I art     : Explicit concurrent mark sweep GC freed 11(352B) AllocSpace objects, 0(0B) LOS objects, 23% free, 51MB/67MB, paused 1.469ms total 49.023ms
08-04 17:39:51.526 13842 13854 I art     : Starting a blocking GC Explicit
08-04 17:39:51.581 13842 13854 I art     : Explicit concurrent mark sweep GC freed 1481(84KB) AllocSpace objects, 1(20KB) LOS objects, 23% free, 51MB/67MB, paused 1.594ms total 55.022ms
08-04 17:39:51.597 13842 13854 I art     : Starting a blocking GC Explicit
08-04 17:39:51.654 13842 13854 I art     : Explicit concurrent mark sweep GC freed 23(752B) AllocSpace objects, 0(0B) LOS objects, 23% free, 51MB/67MB, paused 1.705ms total 56.919ms
08-04 17:39:51.670 13842 13854 I art     : Starting a blocking GC Explicit
08-04 17:39:51.725 13842 13854 I art     : Explicit concurrent mark sweep GC freed 3(96B) AllocSpace objects, 0(0B) LOS objects, 23% free, 51MB/67MB, paused 1.573ms total 55.618ms
08-04 17:39:51.742 13842 13854 I art     : Starting a blocking GC Explicit
08-04 17:39:51.799 13842 13854 I art     : Explicit concurrent mark sweep GC freed 3(96B) AllocSpace objects, 0(0B) LOS objects, 23% free, 51MB/67MB, paused 1.782ms total 56.812ms
08-04 17:39:51.815 13842 13854 I art     : Starting a blocking GC Explicit
08-04 17:39:51.871 13842 13854 I art     : Explicit concurrent mark sweep GC freed 3(96B) AllocSpace objects, 0(0B) LOS objects, 23% free, 51MB/67MB, paused 1.705ms total 55.788ms
08-04 17:39:52.262 13842 16513 I art     : Starting a blocking GC Explicit
08-04 17:39:52.335 13842 16513 I art     : Explicit concurrent mark sweep GC freed 1411(82KB) AllocSpace objects, 1(20KB) LOS objects, 23% free, 51MB/67MB, paused 1.636ms total 73.403ms
08-04 17:39:52.353 13842 16513 I art     : Starting a blocking GC Explicit
08-04 17:39:52.411 13842 16513 I art     : Explicit concurrent mark sweep GC freed 23(768B) AllocSpace objects, 0(0B) LOS objects, 23% free, 51MB/67MB, paused 1.681ms total 57.696ms
08-04 17:39:52.427 13842 16513 I art     : Starting a blocking GC Explicit
08-04 17:39:52.483 13842 16513 I art     : Explicit concurrent mark sweep GC freed 3(96B) AllocSpace objects, 0(0B) LOS objects, 23% free, 51MB/67MB, paused 1.553ms total 55.486ms
08-04 17:39:52.498 13842 16513 I art     : Starting a blocking GC Explicit
08-04 17:39:52.557 13842 16513 I art     : Explicit concurrent mark sweep GC freed 3(96B) AllocSpace objects, 0(0B) LOS objects, 23% free, 51MB/67MB, paused 1.711ms total 58.729ms
08-04 17:39:52.573 13842 16513 I art     : Starting a blocking GC Explicit
08-04 17:39:52.630 13842 16513 I art     : Explicit concurrent mark sweep GC freed 3(96B) AllocSpace objects, 0(0B) LOS objects, 23% free, 51MB/67MB, paused 1.718ms total 56.876ms
08-04 17:39:53.014 13842 14314 I art     : Starting a blocking GC Explicit
08-04 17:39:53.082 13842 14314 I art     : Explicit concurrent mark sweep GC freed 1382(81KB) AllocSpace objects, 1(20KB) LOS objects, 23% free, 51MB/67MB, paused 1.814ms total 68.075ms
08-04 17:39:53.099 13842 14314 I art     : Starting a blocking GC Explicit
08-04 17:39:53.158 13842 14314 I art     : Explicit concurrent mark sweep GC freed 23(752B) AllocSpace objects, 0(0B) LOS objects, 23% free, 51MB/67MB, paused 1.772ms total 58.233ms
08-04 17:39:53.174 13842 14314 I art     : Starting a blocking GC Explicit
08-04 17:39:53.232 13842 14314 I art     : Explicit concurrent mark sweep GC freed 3(96B) AllocSpace objects, 0(0B) LOS objects, 23% free, 51MB/67MB, paused 1.599ms total 57.938ms
08-04 17:39:53.251 13842 14314 I art     : Starting a blocking GC Explicit
08-04 17:39:53.309 13842 14314 I art     : Explicit concurrent mark sweep GC freed 32(880B) AllocSpace objects, 0(0B) LOS objects, 23% free, 51MB/67MB, paused 1.924ms total 57.508ms
08-04 17:39:53.328 13842 14314 I art     : Starting a blocking GC Explicit
08-04 17:39:53.385 13842 14314 I art     : Explicit concurrent mark sweep GC freed 3(96B) AllocSpace objects, 0(0B) LOS objects, 23% free, 51MB/67MB, paused 1.671ms total 56.241ms
08-04 17:39:53.751 13842 13867 I art     : Starting a blocking GC Explicit
08-04 17:39:53.812 13842 13867 I art     : Explicit concurrent mark sweep GC freed 1408(85KB) AllocSpace objects, 1(20KB) LOS objects, 23% free, 51MB/67MB, paused 1.549ms total 60.822ms
08-04 17:39:53.827 13842 13867 I art     : Starting a blocking GC Explicit
08-04 17:39:53.881 13842 13867 I art     : Explicit concurrent mark sweep GC freed 36(1520B) AllocSpace objects, 0(0B) LOS objects, 23% free, 51MB/67MB, paused 1.642ms total 53.712ms
08-04 17:39:53.882 13842 13853 I art     : WaitForGcToComplete blocked for 36.405ms for cause HeapTrim
08-04 17:39:53.897 13842 13867 I art     : Starting a blocking GC Explicit
08-04 17:39:53.950 13842 13867 I art     : Explicit concurrent mark sweep GC freed 3(96B) AllocSpace objects, 0(0B) LOS objects, 23% free, 51MB/67MB, paused 1.681ms total 52.563ms
08-04 17:39:53.965 13842 13867 I art     : Starting a blocking GC Explicit
08-04 17:39:54.005 16642 16642 D AndroidRuntime: >>>>>> START com.android.internal.os.RuntimeInit uid 2000 <<<<<<
08-04 17:39:54.010 16642 16642 D AndroidRuntime: CheckJNI is OFF
08-04 17:39:54.017 13842 13867 I art     : Explicit concurrent mark sweep GC freed 3(96B) AllocSpace objects, 0(0B) LOS objects, 23% free, 51MB/67MB, paused 1.652ms total 51.374ms
08-04 17:39:54.032 13842 13867 I art     : Starting a blocking GC Explicit
08-04 17:39:54.054 16642 16642 D ICU     : No timezone override file found: /data/misc/zoneinfo/current/icu/icu_tzdata.dat
08-04 17:39:54.081 13842 13867 I art     : Explicit concurrent mark sweep GC freed 3(96B) AllocSpace objects, 0(0B) LOS objects, 23% free, 51MB/67MB, paused 1.701ms total 49.251ms
08-04 17:39:54.099 16642 16642 I Radio-JNI: register_android_hardware_Radio DONE
08-04 17:39:54.128 16642 16642 D AndroidRuntime: Calling main entry com.android.commands.input.Input
08-04 17:39:54.130 16642 16642 I Input   : injectKeyEvent: KeyEvent { action=ACTION_DOWN, keyCode=KEYCODE_BACK, scanCode=0, metaState=0, flags=0x0, repeatCount=0, eventTime=726010542, downTime=726010542, deviceId=-1, source=0x101 }
08-04 17:39:54.137 16642 16642 I Input   : injectKeyEvent: KeyEvent { action=ACTION_UP, keyCode=KEYCODE_BACK, scanCode=0, metaState=0, flags=0x0, repeatCount=0, eventTime=726010542, downTime=726010542, deviceId=-1, source=0x101 }
08-04 17:39:54.157 13842 13842 D ItemlistFragment: onEventMainThread() called with: event = [DownloadEvent{update=DownloaderUpdate{downloaders=[], feedIds=[], mediaIds=[]}}]
08-04 17:39:54.158 13842 14418 D DBReader: getFeed() called with: feedId = [2]
08-04 17:39:54.159 16642 16642 D AndroidRuntime: Shutting down VM
08-04 17:39:54.159 13842 14418 D DBReader: getFeedItemList() called with: feed = [baseline.de.danoeh.antennapod.core.feed.Feed@2]
08-04 17:39:54.162   918  3263 D ConnectivityService: releasing NetworkRequest NetworkRequest [ id=2801, legacyType=-1, [ Capabilities: INTERNET&NOT_RESTRICTED&TRUSTED] ]
08-04 17:39:54.184 13842 13842 D FeedMenuHandler: Preparing options menu
08-04 17:39:54.238 13842 14796 D ApOkHttpUrlLoader: buildLoadData() called with: model = [http://static.libsyn.com/p/assets/7/1/f/3/71f3014e14ef2722/JREiTunesImage2.jpg], width = [1440], height = [462]
08-04 17:39:54.261 13866 13866 I GoogleInputMethodServic: GoogleInputMethodService.onFinishInput():3138 
08-04 17:39:54.262 13866 13866 I GoogleInputMethodServic: GoogleInputMethodService.onStartInput():1808 
08-04 17:39:54.263 13842 14418 W PodDBAdapter: Length of id array is larger than 800. Creating multiple cursors
08-04 17:39:54.351 13842 14418 D DBReader: getFavoriteIDList() called
08-04 17:39:54.352 13842 14418 D DBReader: getQueueIDList() called
08-04 17:39:54.353 13842 14418 D DBReader: Extracting Feedlist
08-04 17:39:54.357 13842 14796 D ApOkHttpUrlLoader: buildLoadData() called with: model = [http://static.libsyn.com/p/assets/7/1/f/3/71f3014e14ef2722/JREiTunesImage2.jpg], width = [1440], height = [462]
08-04 17:39:54.366 13842 13842 D FeedMenuHandler: Preparing options menu
08-04 17:39:54.420 13842 13855 I art     : Starting a blocking GC Explicit
08-04 17:39:54.477 13842 13855 I art     : Explicit concurrent mark sweep GC freed 43142(2MB) AllocSpace objects, 4(80KB) LOS objects, 21% free, 57MB/73MB, paused 1.391ms total 56.971ms
08-04 17:39:54.493 13842 13855 I art     : Starting a blocking GC Explicit
08-04 17:39:54.542 13842 13855 I art     : Explicit concurrent mark sweep GC freed 6221(373KB) AllocSpace objects, 5(3MB) LOS objects, 22% free, 53MB/69MB, paused 1.490ms total 48.846ms
08-04 17:39:54.557 13842 13855 I art     : Starting a blocking GC Explicit
08-04 17:39:54.609 13842 13855 I art     : Explicit concurrent mark sweep GC freed 3(96B) AllocSpace objects, 0(0B) LOS objects, 22% free, 53MB/69MB, paused 1.467ms total 51.953ms
08-04 17:39:54.624 13842 13855 I art     : Starting a blocking GC Explicit
08-04 17:39:54.675 13842 13855 I art     : Explicit concurrent mark sweep GC freed 3(96B) AllocSpace objects, 0(0B) LOS objects, 22% free, 53MB/69MB, paused 1.490ms total 50.314ms
08-04 17:39:54.690 13842 13855 I art     : Starting a blocking GC Explicit
08-04 17:39:54.742 13842 13855 I art     : Explicit concurrent mark sweep GC freed 3(96B) AllocSpace objects, 0(0B) LOS objects, 22% free, 53MB/69MB, paused 1.501ms total 51.259ms
08-04 17:39:55.111 13842 13867 I art     : Starting a blocking GC Explicit
08-04 17:39:55.182 13842 13867 I art     : Explicit concurrent mark sweep GC freed 1427(83KB) AllocSpace objects, 1(20KB) LOS objects, 22% free, 53MB/69MB, paused 1.674ms total 70.296ms
08-04 17:39:55.199 13842 13867 I art     : Starting a blocking GC Explicit
08-04 17:39:55.252 13842 13867 I art     : Explicit concurrent mark sweep GC freed 52(1552B) AllocSpace objects, 0(0B) LOS objects, 22% free, 53MB/69MB, paused 1.457ms total 52.339ms
08-04 17:39:55.267 13842 13867 I art     : Starting a blocking GC Explicit
08-04 17:39:55.319 13842 13867 I art     : Explicit concurrent mark sweep GC freed 3(96B) AllocSpace objects, 0(0B) LOS objects, 22% free, 53MB/69MB, paused 1.478ms total 52.048ms
08-04 17:39:55.335 13842 13867 I art     : Starting a blocking GC Explicit
08-04 17:39:55.387 13842 13867 I art     : Explicit concurrent mark sweep GC freed 3(96B) AllocSpace objects, 0(0B) LOS objects, 22% free, 53MB/69MB, paused 1.460ms total 52.233ms
08-04 17:39:55.403 13842 13867 I art     : Starting a blocking GC Explicit
08-04 17:39:55.448 13842 13867 I art     : Explicit concurrent mark sweep GC freed 3(96B) AllocSpace objects, 0(0B) LOS objects, 22% free, 53MB/69MB, paused 1.692ms total 44.993ms
08-04 17:39:55.801 13842 16513 I art     : Starting a blocking GC Explicit
08-04 17:39:55.853 13842 16513 I art     : Explicit concurrent mark sweep GC freed 1393(83KB) AllocSpace objects, 1(20KB) LOS objects, 22% free, 53MB/69MB, paused 1.432ms total 51.894ms
08-04 17:39:55.868 13842 16513 I art     : Starting a blocking GC Explicit
08-04 17:39:55.916 13842 16513 I art     : Explicit concurrent mark sweep GC freed 31(1008B) AllocSpace objects, 0(0B) LOS objects, 22% free, 53MB/69MB, paused 1.368ms total 47.746ms
08-04 17:39:55.931 16687 16687 D AndroidRuntime: >>>>>> START com.android.internal.os.RuntimeInit uid 2000 <<<<<<
08-04 17:39:55.931 13842 16513 I art     : Starting a blocking GC Explicit
08-04 17:39:55.936 16687 16687 D AndroidRuntime: CheckJNI is OFF
08-04 17:39:55.980 16687 16687 D ICU     : No timezone override file found: /data/misc/zoneinfo/current/icu/icu_tzdata.dat
08-04 17:39:55.982 13842 16513 I art     : Explicit concurrent mark sweep GC freed 11(352B) AllocSpace objects, 0(0B) LOS objects, 22% free, 53MB/69MB, paused 1.583ms total 50.185ms
08-04 17:39:55.997 13842 16513 I art     : Starting a blocking GC Explicit
08-04 17:39:56.027 16687 16687 I Radio-JNI: register_android_hardware_Radio DONE
08-04 17:39:56.044 13842 16513 I art     : Explicit concurrent mark sweep GC freed 6(192B) AllocSpace objects, 0(0B) LOS objects, 22% free, 53MB/69MB, paused 1.391ms total 47.068ms
08-04 17:39:56.056 16687 16687 D AndroidRuntime: Calling main entry com.android.commands.input.Input
08-04 17:39:56.059 13842 16513 I art     : Starting a blocking GC Explicit
08-04 17:39:56.059 16687 16687 I Input   : injectMotionEvent: MotionEvent { action=ACTION_DOWN, actionButton=0, id[0]=0, x[0]=103.0, y[0]=192.0, toolType[0]=TOOL_TYPE_UNKNOWN, buttonState=0, metaState=0, flags=0x0, edgeFlags=0x0, pointerCount=1, historySize=0, eventTime=726012471, downTime=726012471, deviceId=0, source=0x1002 }
08-04 17:39:56.065 16687 16687 I Input   : injectMotionEvent: MotionEvent { action=ACTION_UP, actionButton=0, id[0]=0, x[0]=103.0, y[0]=192.0, toolType[0]=TOOL_TYPE_UNKNOWN, buttonState=0, metaState=0, flags=0x0, edgeFlags=0x0, pointerCount=1, historySize=0, eventTime=726012471, downTime=726012471, deviceId=0, source=0x1002 }
08-04 17:39:56.067 16687 16687 D AndroidRuntime: Shutting down VM
08-04 17:39:56.084   512  2967 D audio_hw_primary: out_set_parameters: enter: usecase(1: low-latency-playback) kvpairs: routing=2
08-04 17:39:56.097   512  2967 D audio_hw_primary: select_devices: out_snd_device(2: speaker) in_snd_device(0: none)
08-04 17:39:56.097   512  2967 D msm8974_platform: platform_send_audio_calibration: sending audio calibration for snd_device(2) acdb_id(15)
08-04 17:39:56.097   512  2967 I soundtrigger: audio_extn_sound_trigger_update_device_status: device 0x2 of type 0 for Event 1
08-04 17:39:56.107 13842 16513 I art     : Explicit concurrent mark sweep GC freed 31(992B) AllocSpace objects, 0(0B) LOS objects, 22% free, 53MB/69MB, paused 1.398ms total 47.754ms
08-04 17:39:56.107   512  2967 D audio_hw_primary: enable_snd_device: snd_device(2: speaker)
08-04 17:39:56.110   512  2967 D audio_hw_primary: enable_audio_route: apply and update mixer path: low-latency-playback speaker
08-04 17:39:56.449 13842 13867 I art     : Starting a blocking GC Explicit
08-04 17:39:56.505 13842 13867 I art     : Explicit concurrent mark sweep GC freed 1808(103KB) AllocSpace objects, 1(20KB) LOS objects, 22% free, 53MB/69MB, paused 1.575ms total 56.291ms
08-04 17:39:56.522 13842 13867 I art     : Starting a blocking GC Explicit
08-04 17:39:56.573 13842 13867 I art     : Explicit concurrent mark sweep GC freed 43(1568B) AllocSpace objects, 0(0B) LOS objects, 22% free, 53MB/69MB, paused 1.431ms total 50.590ms
08-04 17:39:56.587 13842 13867 I art     : Starting a blocking GC Explicit
08-04 17:39:56.636 13842 13867 I art     : Explicit concurrent mark sweep GC freed 5(160B) AllocSpace objects, 0(0B) LOS objects, 22% free, 53MB/69MB, paused 1.370ms total 48.626ms
08-04 17:39:56.648   512  2967 D audio_hw_primary: disable_audio_route: reset and update mixer path: low-latency-playback speaker
08-04 17:39:56.649   512  2967 D audio_hw_primary: disable_snd_device: snd_device(2: speaker)
08-04 17:39:56.651 13842 13867 I art     : Starting a blocking GC Explicit
08-04 17:39:56.657   512  2967 I soundtrigger: audio_extn_sound_trigger_update_device_status: device 0x2 of type 0 for Event 0
08-04 17:39:56.700 13842 13867 I art     : Explicit concurrent mark sweep GC freed 3(96B) AllocSpace objects, 0(0B) LOS objects, 22% free, 53MB/69MB, paused 1.311ms total 48.711ms
08-04 17:39:56.714 13842 13867 I art     : Starting a blocking GC Explicit
08-04 17:39:56.763 13842 13867 I art     : Explicit concurrent mark sweep GC freed 3(96B) AllocSpace objects, 0(0B) LOS objects, 22% free, 53MB/69MB, paused 1.321ms total 48.609ms
08-04 17:39:57.122 13842 16513 I art     : Starting a blocking GC Explicit
08-04 17:39:57.182 13842 16513 I art     : Explicit concurrent mark sweep GC freed 2084(107KB) AllocSpace objects, 1(20KB) LOS objects, 22% free, 53MB/69MB, paused 1.457ms total 59.705ms
08-04 17:39:57.197 13842 16513 I art     : Starting a blocking GC Explicit
08-04 17:39:57.250 13842 16513 I art     : Explicit concurrent mark sweep GC freed 54(1600B) AllocSpace objects, 0(0B) LOS objects, 22% free, 53MB/69MB, paused 1.476ms total 52.471ms
08-04 17:39:57.265 13842 16513 I art     : Starting a blocking GC Explicit
08-04 17:39:57.317 13842 16513 I art     : Explicit concurrent mark sweep GC freed 3(96B) AllocSpace objects, 0(0B) LOS objects, 22% free, 53MB/69MB, paused 1.390ms total 51.268ms
08-04 17:39:57.332 13842 16513 I art     : Starting a blocking GC Explicit
08-04 17:39:57.379 13842 16513 I art     : Explicit concurrent mark sweep GC freed 3(96B) AllocSpace objects, 0(0B) LOS objects, 22% free, 53MB/69MB, paused 1.475ms total 47.354ms
08-04 17:39:57.394 13842 16513 I art     : Starting a blocking GC Explicit
08-04 17:39:57.443 13842 16513 I art     : Explicit concurrent mark sweep GC freed 3(96B) AllocSpace objects, 0(0B) LOS objects, 22% free, 53MB/69MB, paused 1.465ms total 49.295ms
08-04 17:39:57.786 13842 13855 I art     : Starting a blocking GC Explicit
08-04 17:39:57.834 16733 16733 D AndroidRuntime: >>>>>> START com.android.internal.os.RuntimeInit uid 2000 <<<<<<
08-04 17:39:57.840 13842 13855 I art     : Explicit concurrent mark sweep GC freed 2284(113KB) AllocSpace objects, 1(20KB) LOS objects, 22% free, 53MB/69MB, paused 1.582ms total 53.477ms
08-04 17:39:57.840 16733 16733 D AndroidRuntime: CheckJNI is OFF
08-04 17:39:57.855 13842 13855 I art     : Starting a blocking GC Explicit
08-04 17:39:57.882 16733 16733 D ICU     : No timezone override file found: /data/misc/zoneinfo/current/icu/icu_tzdata.dat
08-04 17:39:57.901 13842 13855 I art     : Explicit concurrent mark sweep GC freed 31(1024B) AllocSpace objects, 0(0B) LOS objects, 22% free, 53MB/69MB, paused 1.565ms total 46.106ms
08-04 17:39:57.916 13842 13855 I art     : Starting a blocking GC Explicit
08-04 17:39:57.927 16733 16733 I Radio-JNI: register_android_hardware_Radio DONE
08-04 17:39:57.956 16733 16733 D AndroidRuntime: Calling main entry com.android.commands.input.Input
08-04 17:39:57.958 16733 16733 I Input   : injectMotionEvent: MotionEvent { action=ACTION_DOWN, actionButton=0, id[0]=0, x[0]=409.0, y[0]=1034.0, toolType[0]=TOOL_TYPE_UNKNOWN, buttonState=0, metaState=0, flags=0x0, edgeFlags=0x0, pointerCount=1, historySize=0, eventTime=726014370, downTime=726014370, deviceId=0, source=0x1002 }
08-04 17:39:57.964 13842 13855 I art     : Explicit concurrent mark sweep GC freed 8(256B) AllocSpace objects, 0(0B) LOS objects, 22% free, 53MB/69MB, paused 1.317ms total 47.200ms
08-04 17:39:57.967 16733 16733 I Input   : injectMotionEvent: MotionEvent { action=ACTION_UP, actionButton=0, id[0]=0, x[0]=409.0, y[0]=1034.0, toolType[0]=TOOL_TYPE_UNKNOWN, buttonState=0, metaState=0, flags=0x0, edgeFlags=0x0, pointerCount=1, historySize=0, eventTime=726014370, downTime=726014370, deviceId=0, source=0x1002 }
08-04 17:39:57.970 16733 16733 D AndroidRuntime: Shutting down VM
08-04 17:39:57.979 13842 13855 I art     : Starting a blocking GC Explicit
08-04 17:39:58.023 13842 13855 I art     : Explicit concurrent mark sweep GC freed 40(1360B) AllocSpace objects, 0(0B) LOS objects, 22% free, 53MB/69MB, paused 1.283ms total 44.212ms
08-04 17:39:58.035 13842 13842 D MainActivity: loadFragment(index: 5, args: null)
08-04 17:39:58.035 13842 13842 D MainActivity: loadFragment(tag: AddFeedFragment, args: null)
08-04 17:39:58.036 13842 13842 D MainActivity: saveLastNavFragment(tag: AddFeedFragment)
08-04 17:39:58.036 13842 13842 D MainActivity: getLastNavFragment() -> AddFeedFragment
08-04 17:39:58.037 13842 13855 I art     : Starting a blocking GC Explicit
08-04 17:39:58.039   512  2967 D audio_hw_primary: out_set_parameters: enter: usecase(1: low-latency-playback) kvpairs: routing=2
08-04 17:39:58.052   512  2967 D audio_hw_primary: select_devices: out_snd_device(2: speaker) in_snd_device(0: none)
08-04 17:39:58.052   512  2967 D msm8974_platform: platform_send_audio_calibration: sending audio calibration for snd_device(2) acdb_id(15)
08-04 17:39:58.052   512  2967 I soundtrigger: audio_extn_sound_trigger_update_device_status: device 0x2 of type 0 for Event 1
08-04 17:39:58.061   512  2967 D audio_hw_primary: enable_snd_device: snd_device(2: speaker)
08-04 17:39:58.063   512  2967 D audio_hw_primary: enable_audio_route: apply and update mixer path: low-latency-playback speaker
08-04 17:39:58.079 13866 13866 I GoogleInputMethodServic: GoogleInputMethodService.onFinishInput():3138 
08-04 17:39:58.079 13866 13866 I GoogleInputMethodServic: GoogleInputMethodService.onStartInput():1808 
08-04 17:39:58.086 13842 13855 I art     : Explicit concurrent mark sweep GC freed 1564(84KB) AllocSpace objects, 1(20KB) LOS objects, 22% free, 53MB/69MB, paused 2.064ms total 48.278ms
08-04 17:39:58.417 13842 13855 I art     : Starting a blocking GC Explicit
08-04 17:39:58.471 13842 13855 I art     : Explicit concurrent mark sweep GC freed 2340(120KB) AllocSpace objects, 1(20KB) LOS objects, 22% free, 54MB/70MB, paused 1.632ms total 53.494ms
08-04 17:39:58.475 13866 13866 I GoogleInputMethodServic: GoogleInputMethodService.onFinishInput():3138 
08-04 17:39:58.476 13866 13866 I GoogleInputMethodServic: GoogleInputMethodService.onStartInput():1808 
08-04 17:39:58.487 13842 13855 I art     : Starting a blocking GC Explicit
08-04 17:39:58.526 13842 13855 I art     : Explicit concurrent mark sweep GC freed 31602(2MB) AllocSpace objects, 9(3MB) LOS objects, 24% free, 48MB/64MB, paused 1.269ms total 39.256ms
08-04 17:39:58.540 13842 13855 I art     : Starting a blocking GC Explicit
08-04 17:39:58.575 13842 13855 I art     : Explicit concurrent mark sweep GC freed 86(5KB) AllocSpace objects, 0(0B) LOS objects, 24% free, 48MB/64MB, paused 1.266ms total 34.644ms
08-04 17:39:58.586 13842 13855 I art     : Starting a blocking GC Explicit
08-04 17:39:58.599   512  2967 D audio_hw_primary: disable_audio_route: reset and update mixer path: low-latency-playback speaker
08-04 17:39:58.601   512  2967 D audio_hw_primary: disable_snd_device: snd_device(2: speaker)
08-04 17:39:58.608   512  2967 I soundtrigger: audio_extn_sound_trigger_update_device_status: device 0x2 of type 0 for Event 0
08-04 17:39:58.621 13842 13855 I art     : Explicit concurrent mark sweep GC freed 3(96B) AllocSpace objects, 0(0B) LOS objects, 24% free, 48MB/64MB, paused 1.256ms total 34.255ms
08-04 17:39:58.634 13842 13855 I art     : Starting a blocking GC Explicit
08-04 17:39:58.671 13842 13855 I art     : Explicit concurrent mark sweep GC freed 3(96B) AllocSpace objects, 0(0B) LOS objects, 24% free, 48MB/64MB, paused 1.275ms total 37.104ms
08-04 17:39:59.029 13842 13855 I art     : Starting a blocking GC Explicit
08-04 17:39:59.072 13842 13855 I art     : Explicit concurrent mark sweep GC freed 1382(83KB) AllocSpace objects, 1(20KB) LOS objects, 24% free, 48MB/64MB, paused 1.375ms total 42.340ms
08-04 17:39:59.087 13842 13855 I art     : Starting a blocking GC Explicit
08-04 17:39:59.127 13842 13855 I art     : Explicit concurrent mark sweep GC freed 27(880B) AllocSpace objects, 0(0B) LOS objects, 24% free, 48MB/64MB, paused 1.430ms total 39.368ms
08-04 17:39:59.139 13842 13855 I art     : Starting a blocking GC Explicit
08-04 17:39:59.181 13842 13855 I art     : Explicit concurrent mark sweep GC freed 3(96B) AllocSpace objects, 0(0B) LOS objects, 24% free, 48MB/64MB, paused 1.437ms total 40.929ms
08-04 17:39:59.193 13842 13855 I art     : Starting a blocking GC Explicit
08-04 17:39:59.232 13842 13855 I art     : Explicit concurrent mark sweep GC freed 3(96B) AllocSpace objects, 0(0B) LOS objects, 24% free, 48MB/64MB, paused 1.335ms total 38.046ms
08-04 17:39:59.244 13842 13855 I art     : Starting a blocking GC Explicit
08-04 17:39:59.283 13842 13855 I art     : Explicit concurrent mark sweep GC freed 32(880B) AllocSpace objects, 0(0B) LOS objects, 24% free, 48MB/64MB, paused 1.473ms total 38.227ms
08-04 17:39:59.628 13842 13854 I art     : Starting a blocking GC Explicit
08-04 17:39:59.678 13842 13854 I art     : Explicit concurrent mark sweep GC freed 1380(81KB) AllocSpace objects, 1(20KB) LOS objects, 24% free, 48MB/64MB, paused 1.545ms total 49.025ms
08-04 17:39:59.692 13842 13854 I art     : Starting a blocking GC Explicit
08-04 17:39:59.734 13842 13854 I art     : Explicit concurrent mark sweep GC freed 39(1760B) AllocSpace objects, 0(0B) LOS objects, 24% free, 48MB/64MB, paused 1.482ms total 41.985ms
08-04 17:39:59.737 16777 16777 D AndroidRuntime: >>>>>> START com.android.internal.os.RuntimeInit uid 2000 <<<<<<
08-04 17:39:59.744 16777 16777 D AndroidRuntime: CheckJNI is OFF
08-04 17:39:59.748 13842 13854 I art     : Starting a blocking GC Explicit
08-04 17:39:59.786 13842 13854 I art     : Explicit concurrent mark sweep GC freed 18(480B) AllocSpace objects, 0(0B) LOS objects, 24% free, 48MB/64MB, paused 1.435ms total 37.441ms
08-04 17:39:59.787 16777 16777 D ICU     : No timezone override file found: /data/misc/zoneinfo/current/icu/icu_tzdata.dat
08-04 17:39:59.799 13842 13854 I art     : Starting a blocking GC Explicit
08-04 17:39:59.832 16777 16777 I Radio-JNI: register_android_hardware_Radio DONE
08-04 17:39:59.839 13842 13854 I art     : Explicit concurrent mark sweep GC freed 14(480B) AllocSpace objects, 0(0B) LOS objects, 24% free, 48MB/64MB, paused 1.618ms total 39.694ms
08-04 17:39:59.852 13842 13854 I art     : Starting a blocking GC Explicit
08-04 17:39:59.862 16777 16777 D AndroidRuntime: Calling main entry com.android.commands.input.Input
08-04 17:39:59.864 16777 16777 I Input   : injectMotionEvent: MotionEvent { action=ACTION_DOWN, actionButton=0, id[0]=0, x[0]=603.0, y[0]=1061.0, toolType[0]=TOOL_TYPE_UNKNOWN, buttonState=0, metaState=0, flags=0x0, edgeFlags=0x0, pointerCount=1, historySize=0, eventTime=726016277, downTime=726016277, deviceId=0, source=0x1002 }
08-04 17:39:59.871 16777 16777 I Input   : injectMotionEvent: MotionEvent { action=ACTION_UP, actionButton=0, id[0]=0, x[0]=603.0, y[0]=1061.0, toolType[0]=TOOL_TYPE_UNKNOWN, buttonState=0, metaState=0, flags=0x0, edgeFlags=0x0, pointerCount=1, historySize=0, eventTime=726016277, downTime=726016277, deviceId=0, source=0x1002 }
08-04 17:39:59.873 16777 16777 D AndroidRuntime: Shutting down VM
08-04 17:39:59.887   512  2967 D audio_hw_primary: out_set_parameters: enter: usecase(1: low-latency-playback) kvpairs: routing=2
08-04 17:39:59.890 13842 13854 I art     : Explicit concurrent mark sweep GC freed 119(6KB) AllocSpace objects, 0(0B) LOS objects, 24% free, 48MB/64MB, paused 1.903ms total 37.711ms
08-04 17:39:59.900   512  2967 D audio_hw_primary: select_devices: out_snd_device(2: speaker) in_snd_device(0: none)
08-04 17:39:59.900   512  2967 D msm8974_platform: platform_send_audio_calibration: sending audio calibration for snd_device(2) acdb_id(15)
08-04 17:39:59.900   512  2967 I soundtrigger: audio_extn_sound_trigger_update_device_status: device 0x2 of type 0 for Event 1
08-04 17:39:59.911   512  2967 D audio_hw_primary: enable_snd_device: snd_device(2: speaker)
08-04 17:39:59.913   512  2967 D audio_hw_primary: enable_audio_route: apply and update mixer path: low-latency-playback speaker
08-04 17:39:59.960 13866 13866 I GoogleInputMethodServic: GoogleInputMethodService.onFinishInput():3138 
08-04 17:39:59.960 13866 13866 I GoogleInputMethodServic: GoogleInputMethodService.onStartInput():1808 
08-04 17:40:00.214 13842 14314 I art     : Starting a blocking GC Explicit
08-04 17:40:00.258 13842 14314 I art     : Explicit concurrent mark sweep GC freed 4807(338KB) AllocSpace objects, 1(20KB) LOS objects, 24% free, 49MB/65MB, paused 1.612ms total 44.204ms
08-04 17:40:00.271 13842 14314 I art     : Starting a blocking GC Explicit
08-04 17:40:00.310 13842 14314 I art     : Explicit concurrent mark sweep GC freed 1819(90KB) AllocSpace objects, 1(220KB) LOS objects, 24% free, 49MB/65MB, paused 1.528ms total 39.175ms
08-04 17:40:00.322 13842 14314 I art     : Starting a blocking GC Explicit
08-04 17:40:00.361 13842 14314 I art     : Explicit concurrent mark sweep GC freed 33(1248B) AllocSpace objects, 0(0B) LOS objects, 24% free, 49MB/65MB, paused 1.545ms total 38.919ms
08-04 17:40:00.374 13842 14314 I art     : Starting a blocking GC Explicit
08-04 17:40:00.412 13842 14314 I art     : Explicit concurrent mark sweep GC freed 33(1248B) AllocSpace objects, 0(0B) LOS objects, 24% free, 49MB/65MB, paused 1.546ms total 38.238ms
08-04 17:40:00.424 13842 14314 I art     : Starting a blocking GC Explicit
08-04 17:40:00.449   512  2967 D audio_hw_primary: disable_audio_route: reset and update mixer path: low-latency-playback speaker
08-04 17:40:00.450   512  2967 D audio_hw_primary: disable_snd_device: snd_device(2: speaker)
08-04 17:40:00.458   512  2967 I soundtrigger: audio_extn_sound_trigger_update_device_status: device 0x2 of type 0 for Event 0
08-04 17:40:00.464 13842 14314 I art     : Explicit concurrent mark sweep GC freed 33(1248B) AllocSpace objects, 0(0B) LOS objects, 24% free, 49MB/65MB, paused 1.574ms total 39.537ms
08-04 17:40:00.795 13842 16802 I NAPPA_EXPERIMENTATION: MetricNetworkRequestExecutionTime: REQUEST_DURATION_SYSTEM='845',REQUEST_DURATION_OKHTTP='47',REQUEST_SYNCHRONOUS='TRUE',RESPONSE_CODE='200',RESPONSE_METHOD='GET',RESPONSE_LENGTH_OKHTTP='2923',RESPONSE_LENGTH_HEADER='2923',REQUEST_PROTOCOL='http/1.1',REQUEST_URL='https://gpodder.net/api/2/tags/50.json',
08-04 17:40:00.801 13842 16801 I NAPPA_EXPERIMENTATION: MetricNetworkRequestExecutionTime: REQUEST_DURATION_SYSTEM='854',REQUEST_DURATION_OKHTTP='53',REQUEST_SYNCHRONOUS='TRUE',RESPONSE_CODE='200',RESPONSE_METHOD='GET',RESPONSE_LENGTH_OKHTTP='37507',RESPONSE_LENGTH_HEADER='37507',REQUEST_PROTOCOL='http/1.1',REQUEST_URL='https://gpodder.net/toplist/50.json',
08-04 17:40:00.822 13842 13867 I art     : Starting a blocking GC Explicit
08-04 17:40:00.838 13842 14796 D ApOkHttpUrlLoader: buildLoadData() called with: model = [http://sixgun.org/files/linuxoutlaws.jpg], width = [224], height = [224]
08-04 17:40:00.840 13842 14625 D DBReader: getImageAuthentication() called with: imageUrl = [http://sixgun.org/files/linuxoutlaws.jpg]
08-04 17:40:00.844 13842 14625 D ApOkHttpUrlLoader: no credentials for 'http://sixgun.org/files/linuxoutlaws.jpg'
08-04 17:40:00.853 13842 14796 D ApOkHttpUrlLoader: buildLoadData() called with: model = [https://files.thisamericanlife.org/sites/all/themes/thislife/img/tal-name-1400x1400.png], width = [224], height = [224]
08-04 17:40:00.855 13842 14624 D DBReader: getImageAuthentication() called with: imageUrl = [https://files.thisamericanlife.org/sites/all/themes/thislife/img/tal-name-1400x1400.png]
08-04 17:40:00.858 13842 14624 D ApOkHttpUrlLoader: no credentials for 'https://files.thisamericanlife.org/sites/all/themes/thislife/img/tal-name-1400x1400.png'
08-04 17:40:00.859 13842 14796 D ApOkHttpUrlLoader: buildLoadData() called with: model = [https://elroy.twit.tv/sites/default/files/styles/twit_album_art_2048x2048/public/images/shows/floss_weekly/album_art/audio/floss_albumart_mask.jpg?itok=IUjxKpwt], width = [224], height = [224]
08-04 17:40:00.863 13842 14616 D DBReader: getImageAuthentication() called with: imageUrl = [https://elroy.twit.tv/sites/default/files/styles/twit_album_art_2048x2048/public/images/shows/floss_weekly/album_art/audio/floss_albumart_mask.jpg?itok=IUjxKpwt]
08-04 17:40:00.865 13842 13867 I art     : Explicit concurrent mark sweep GC freed 9890(602KB) AllocSpace objects, 4(212KB) LOS objects, 24% free, 49MB/65MB, paused 2.330ms total 42.704ms
08-04 17:40:00.867 13842 14616 D ApOkHttpUrlLoader: no credentials for 'https://elroy.twit.tv/sites/default/files/styles/twit_album_art_2048x2048/public/images/shows/floss_weekly/album_art/audio/floss_albumart_mask.jpg?itok=IUjxKpwt'
08-04 17:40:00.868 13842 14796 D ApOkHttpUrlLoader: buildLoadData() called with: model = [http://ichef.bbci.co.uk/images/ic/3000x3000/p07kfvzb.jpg], width = [224], height = [224]
08-04 17:40:00.869 13842 14618 D DBReader: getImageAuthentication() called with: imageUrl = [http://ichef.bbci.co.uk/images/ic/3000x3000/p07kfvzb.jpg]
08-04 17:40:00.873 13842 14618 D ApOkHttpUrlLoader: no credentials for 'http://ichef.bbci.co.uk/images/ic/3000x3000/p07kfvzb.jpg'
08-04 17:40:00.874 13842 14796 D ApOkHttpUrlLoader: buildLoadData() called with: model = [https://pl.tedcdn.com/rss_feed_images/ted_talks_main_podcast/video.png], width = [224], height = [224]
08-04 17:40:00.877 13842 14625 D DBWriter: updateFeedDownloadURL(original: http://sixgun.org/files/linuxoutlaws.jpg, updated: https://fab.industries/sixgun/files/linuxoutlaws.jpg)
08-04 17:40:00.877 13842 14620 D DBReader: getImageAuthentication() called with: imageUrl = [https://pl.tedcdn.com/rss_feed_images/ted_talks_main_podcast/video.png]
08-04 17:40:00.878 13842 13867 I art     : Starting a blocking GC Explicit
08-04 17:40:00.884 13842 14796 D ApOkHttpUrlLoader: buildLoadData() called with: model = [https://elroy.twit.tv/sites/default/files/styles/twit_album_art_2048x2048/public/images/shows/this_week_in_tech/album_art/audio/twit1400audio.jpg?itok=J0vhatZb], width = [224], height = [224]
08-04 17:40:00.884 13842 14620 D ApOkHttpUrlLoader: no credentials for 'https://pl.tedcdn.com/rss_feed_images/ted_talks_main_podcast/video.png'
08-04 17:40:00.888 13842 14623 D DBReader: getImageAuthentication() called with: imageUrl = [https://elroy.twit.tv/sites/default/files/styles/twit_album_art_2048x2048/public/images/shows/this_week_in_tech/album_art/audio/twit1400audio.jpg?itok=J0vhatZb]
08-04 17:40:00.889 13842 14796 D ApOkHttpUrlLoader: buildLoadData() called with: model = [http://ichef.bbci.co.uk/images/ic/3000x3000/p03gtk3j.jpg], width = [224], height = [224]
08-04 17:40:00.891 13842 14622 D DBReader: getImageAuthentication() called with: imageUrl = [http://ichef.bbci.co.uk/images/ic/3000x3000/p03gtk3j.jpg]
08-04 17:40:00.895 13842 14623 D ApOkHttpUrlLoader: no credentials for 'https://elroy.twit.tv/sites/default/files/styles/twit_album_art_2048x2048/public/images/shows/this_week_in_tech/album_art/audio/twit1400audio.jpg?itok=J0vhatZb'
08-04 17:40:00.898 13842 14622 D ApOkHttpUrlLoader: no credentials for 'http://ichef.bbci.co.uk/images/ic/3000x3000/p03gtk3j.jpg'
08-04 17:40:00.921 13842 13867 I art     : Explicit concurrent mark sweep GC freed 2485(166KB) AllocSpace objects, 0(0B) LOS objects, 24% free, 49MB/65MB, paused 2.881ms total 43.134ms
08-04 17:40:00.927 13842 14618 D MYTAG   : interceptor 2a
08-04 17:40:00.928 13842 14618 I NAPPA_EXPERIMENTATION: MetricNetworkRequestExecutionTime: REQUEST_DURATION_SYSTEM='54',REQUEST_DURATION_OKHTTP='45',REQUEST_SYNCHRONOUS='TRUE',RESPONSE_CODE='200',RESPONSE_METHOD='GET',RESPONSE_LENGTH_OKHTTP='589826',RESPONSE_LENGTH_HEADER='589826',REQUEST_PROTOCOL='http/1.1',REQUEST_URL='http://ichef.bbci.co.uk/images/ic/3000x3000/p07kfvzb.jpg',
08-04 17:40:00.933 13842 13867 I art     : Starting a blocking GC Explicit
08-04 17:40:00.957 13842 14622 D MYTAG   : interceptor 2a
08-04 17:40:00.957 13842 14622 I NAPPA_EXPERIMENTATION: MetricNetworkRequestExecutionTime: REQUEST_DURATION_SYSTEM='59',REQUEST_DURATION_OKHTTP='55',REQUEST_SYNCHRONOUS='TRUE',RESPONSE_CODE='200',RESPONSE_METHOD='GET',RESPONSE_LENGTH_OKHTTP='814284',RESPONSE_LENGTH_HEADER='814284',REQUEST_PROTOCOL='http/1.1',REQUEST_URL='http://ichef.bbci.co.uk/images/ic/3000x3000/p03gtk3j.jpg',
08-04 17:40:00.967 11375 11375 I ServiceManager: Waiting for service AtCmdFwd...
08-04 17:40:00.972 13842 13867 I art     : Explicit concurrent mark sweep GC freed 1258(104KB) AllocSpace objects, 0(0B) LOS objects, 24% free, 49MB/65MB, paused 1.603ms total 39.250ms
08-04 17:40:00.984 13842 13867 I art     : Starting a blocking GC Explicit
08-04 17:40:01.025 13842 13867 I art     : Explicit concurrent mark sweep GC freed 128(4KB) AllocSpace objects, 0(0B) LOS objects, 24% free, 49MB/65MB, paused 1.718ms total 40.009ms
08-04 17:40:01.037 13842 13867 I art     : Starting a blocking GC Explicit
08-04 17:40:01.079 13842 13867 I art     : Explicit concurrent mark sweep GC freed 4770(190KB) AllocSpace objects, 0(0B) LOS objects, 24% free, 49MB/65MB, paused 2.066ms total 41.184ms
08-04 17:40:01.122 13842 14624 D MYTAG   : interceptor 2a
08-04 17:40:01.123 13842 14624 I NAPPA_EXPERIMENTATION: MetricNetworkRequestExecutionTime: REQUEST_DURATION_SYSTEM='264',REQUEST_DURATION_OKHTTP='63',REQUEST_SYNCHRONOUS='TRUE',RESPONSE_CODE='200',RESPONSE_METHOD='GET',RESPONSE_LENGTH_OKHTTP='52553',RESPONSE_LENGTH_HEADER='52553',REQUEST_PROTOCOL='http/1.1',REQUEST_URL='https://files.thisamericanlife.org/sites/all/themes/thislife/img/tal-name-1400x1400.png',
08-04 17:40:01.259 13842 14616 D MYTAG   : interceptor 2a
08-04 17:40:01.259 13842 14616 I NAPPA_EXPERIMENTATION: MetricNetworkRequestExecutionTime: REQUEST_DURATION_SYSTEM='392',REQUEST_DURATION_OKHTTP='185',REQUEST_SYNCHRONOUS='TRUE',RESPONSE_CODE='200',RESPONSE_METHOD='GET',RESPONSE_LENGTH_OKHTTP='297964',RESPONSE_LENGTH_HEADER='297964',REQUEST_PROTOCOL='h2',REQUEST_URL='https://elroy.twit.tv/sites/default/files/styles/twit_album_art_2048x2048/public/images/shows/floss_weekly/album_art/audio/floss_albumart_mask.jpg?itok=IUjxKpwt',
08-04 17:40:01.267 13842 14623 D MYTAG   : interceptor 2a
08-04 17:40:01.268 13842 14623 I NAPPA_EXPERIMENTATION: MetricNetworkRequestExecutionTime: REQUEST_DURATION_SYSTEM='372',REQUEST_DURATION_OKHTTP='187',REQUEST_SYNCHRONOUS='TRUE',RESPONSE_CODE='200',RESPONSE_METHOD='GET',RESPONSE_LENGTH_OKHTTP='465707',RESPONSE_LENGTH_HEADER='465707',REQUEST_PROTOCOL='h2',REQUEST_URL='https://elroy.twit.tv/sites/default/files/styles/twit_album_art_2048x2048/public/images/shows/this_week_in_tech/album_art/audio/twit1400audio.jpg?itok=J0vhatZb',
08-04 17:40:01.298 13842 14620 D MYTAG   : interceptor 2a
08-04 17:40:01.298 13842 14620 I NAPPA_EXPERIMENTATION: MetricNetworkRequestExecutionTime: REQUEST_DURATION_SYSTEM='414',REQUEST_DURATION_OKHTTP='144',REQUEST_SYNCHRONOUS='TRUE',RESPONSE_CODE='200',RESPONSE_METHOD='GET',RESPONSE_LENGTH_OKHTTP='89986',RESPONSE_LENGTH_HEADER='89986',REQUEST_PROTOCOL='h2',REQUEST_URL='https://pl.tedcdn.com/rss_feed_images/ted_talks_main_podcast/video.png',
08-04 17:40:01.313 13842 14625 D MYTAG   : interceptor 2a
08-04 17:40:01.313 13842 14625 I NAPPA_EXPERIMENTATION: MetricNetworkRequestExecutionTime: REQUEST_DURATION_SYSTEM='469',REQUEST_DURATION_OKHTTP='167',REQUEST_SYNCHRONOUS='TRUE',RESPONSE_CODE='404',RESPONSE_METHOD='GET',RESPONSE_LENGTH_OKHTTP='-1',RESPONSE_LENGTH_HEADER='1503',REQUEST_PROTOCOL='h2',REQUEST_URL='https://fab.industries/sixgun/files/linuxoutlaws.jpg',
08-04 17:40:01.315 13842 13842 W Glide   : Load failed for http://sixgun.org/files/linuxoutlaws.jpg with size [224x224]
08-04 17:40:01.315 13842 13842 W Glide   : class com.bumptech.glide.load.engine.GlideException: Failed to load resource
08-04 17:40:01.315 13842 13842 W Glide   : There was 1 cause:
08-04 17:40:01.315 13842 13842 W Glide   : com.bumptech.glide.load.HttpException()
08-04 17:40:01.315 13842 13842 W Glide   :  call GlideException#logRootCauses(String) for more detail
08-04 17:40:01.315 13842 13842 W Glide   :   Cause (1 of 1): class com.bumptech.glide.load.engine.GlideException: Fetching data failed, class java.io.InputStream, REMOTE
08-04 17:40:01.315 13842 13842 W Glide   : There was 1 cause:
08-04 17:40:01.315 13842 13842 W Glide   : com.bumptech.glide.load.HttpException()
08-04 17:40:01.315 13842 13842 W Glide   :  call GlideException#logRootCauses(String) for more detail
08-04 17:40:01.315 13842 13842 W Glide   :     Cause (1 of 1): class com.bumptech.glide.load.HttpException: 
08-04 17:40:01.316 13842 13842 I Glide   : Root cause (1 of 1)
08-04 17:40:01.316 13842 13842 I Glide   : com.bumptech.glide.load.HttpException: 
08-04 17:40:01.316 13842 13842 I Glide   : 	at com.bumptech.glide.integration.okhttp3.OkHttpStreamFetcher.onResponse(OkHttpStreamFetcher.java:73)
08-04 17:40:01.316 13842 13842 I Glide   : 	at okhttp3.RealCall$AsyncCall.execute(RealCall.java:174)
08-04 17:40:01.316 13842 13842 I Glide   : 	at okhttp3.internal.NamedRunnable.run(NamedRunnable.java:32)
08-04 17:40:01.316 13842 13842 I Glide   : 	at java.util.concurrent.ThreadPoolExecutor.runWorker(ThreadPoolExecutor.java:1113)
08-04 17:40:01.316 13842 13842 I Glide   : 	at java.util.concurrent.ThreadPoolExecutor$Worker.run(ThreadPoolExecutor.java:588)
08-04 17:40:01.316 13842 13842 I Glide   : 	at java.lang.Thread.run(Thread.java:818)
08-04 17:40:01.317 13842 13842 W Glide   : Load failed for http://sixgun.org/files/linuxoutlaws.jpg with size [224x224]
08-04 17:40:01.317 13842 13842 W Glide   : class com.bumptech.glide.load.engine.GlideException: Failed to load resource
08-04 17:40:01.317 13842 13842 W Glide   : There was 1 cause:
08-04 17:40:01.317 13842 13842 W Glide   : com.bumptech.glide.load.HttpException()
08-04 17:40:01.317 13842 13842 W Glide   :  call GlideException#logRootCauses(String) for more detail
08-04 17:40:01.317 13842 13842 W Glide   :   Cause (1 of 1): class com.bumptech.glide.load.engine.GlideException: Fetching data failed, class java.io.InputStream, REMOTE
08-04 17:40:01.317 13842 13842 W Glide   : There was 1 cause:
08-04 17:40:01.317 13842 13842 W Glide   : com.bumptech.glide.load.HttpException()
08-04 17:40:01.317 13842 13842 W Glide   :  call GlideException#logRootCauses(String) for more detail
08-04 17:40:01.317 13842 13842 W Glide   :     Cause (1 of 1): class com.bumptech.glide.load.HttpException: 
08-04 17:40:01.318 13842 13842 I Glide   : Root cause (1 of 1)
08-04 17:40:01.318 13842 13842 I Glide   : com.bumptech.glide.load.HttpException: 
08-04 17:40:01.318 13842 13842 I Glide   : 	at com.bumptech.glide.integration.okhttp3.OkHttpStreamFetcher.onResponse(OkHttpStreamFetcher.java:73)
08-04 17:40:01.318 13842 13842 I Glide   : 	at okhttp3.RealCall$AsyncCall.execute(RealCall.java:174)
08-04 17:40:01.318 13842 13842 I Glide   : 	at okhttp3.internal.NamedRunnable.run(NamedRunnable.java:32)
08-04 17:40:01.318 13842 13842 I Glide   : 	at java.util.concurrent.ThreadPoolExecutor.runWorker(ThreadPoolExecutor.java:1113)
08-04 17:40:01.318 13842 13842 I Glide   : 	at java.util.concurrent.ThreadPoolExecutor$Worker.run(ThreadPoolExecutor.java:588)
08-04 17:40:01.318 13842 13842 I Glide   : 	at java.lang.Thread.run(Thread.java:818)
08-04 17:40:01.409 13842 13855 I art     : Starting a blocking GC Explicit
08-04 17:40:01.434 13842 14796 D ApOkHttpUrlLoader: buildLoadData() called with: model = [http://sixgun.org/files/linuxoutlaws.jpg], width = [224], height = [224]
08-04 17:40:01.435 13842 14625 D DBReader: getImageAuthentication() called with: imageUrl = [http://sixgun.org/files/linuxoutlaws.jpg]
08-04 17:40:01.439 13842 14625 D ApOkHttpUrlLoader: no credentials for 'http://sixgun.org/files/linuxoutlaws.jpg'
08-04 17:40:01.453 13842 13855 I art     : Explicit concurrent mark sweep GC freed 9344(608KB) AllocSpace objects, 1(20KB) LOS objects, 23% free, 50MB/66MB, paused 1.786ms total 42.622ms
08-04 17:40:01.465 13842 13855 I art     : Starting a blocking GC Explicit
08-04 17:40:01.474 13842 14625 D DBWriter: updateFeedDownloadURL(original: http://sixgun.org/files/linuxoutlaws.jpg, updated: https://fab.industries/sixgun/files/linuxoutlaws.jpg)
08-04 17:40:01.504 13842 13855 I art     : Explicit concurrent mark sweep GC freed 952(37KB) AllocSpace objects, 0(0B) LOS objects, 23% free, 50MB/66MB, paused 1.528ms total 38.868ms
08-04 17:40:01.516 13842 13855 I art     : Starting a blocking GC Explicit
08-04 17:40:01.554 13842 13855 I art     : Explicit concurrent mark sweep GC freed 358(24KB) AllocSpace objects, 0(0B) LOS objects, 23% free, 50MB/66MB, paused 1.556ms total 37.659ms
08-04 17:40:01.566 13842 13855 I art     : Starting a blocking GC Explicit
08-04 17:40:01.605 13842 13855 I art     : Explicit concurrent mark sweep GC freed 13(416B) AllocSpace objects, 0(0B) LOS objects, 23% free, 50MB/66MB, paused 1.475ms total 38.738ms
08-04 17:40:01.612 13842 14625 D MYTAG   : interceptor 2a
08-04 17:40:01.612 13842 14625 I NAPPA_EXPERIMENTATION: MetricNetworkRequestExecutionTime: REQUEST_DURATION_SYSTEM='173',REQUEST_DURATION_OKHTTP='134',REQUEST_SYNCHRONOUS='TRUE',RESPONSE_CODE='404',RESPONSE_METHOD='GET',RESPONSE_LENGTH_OKHTTP='-1',RESPONSE_LENGTH_HEADER='1503',REQUEST_PROTOCOL='h2',REQUEST_URL='https://fab.industries/sixgun/files/linuxoutlaws.jpg',
08-04 17:40:01.617 13842 13855 I art     : Starting a blocking GC Explicit
08-04 17:40:01.620 13842 13842 W Glide   : Load failed for http://sixgun.org/files/linuxoutlaws.jpg with size [224x224]
08-04 17:40:01.620 13842 13842 W Glide   : class com.bumptech.glide.load.engine.GlideException: Failed to load resource
08-04 17:40:01.620 13842 13842 W Glide   : There was 1 cause:
08-04 17:40:01.620 13842 13842 W Glide   : com.bumptech.glide.load.HttpException()
08-04 17:40:01.620 13842 13842 W Glide   :  call GlideException#logRootCauses(String) for more detail
08-04 17:40:01.620 13842 13842 W Glide   :   Cause (1 of 1): class com.bumptech.glide.load.engine.GlideException: Fetching data failed, class java.io.InputStream, REMOTE
08-04 17:40:01.620 13842 13842 W Glide   : There was 1 cause:
08-04 17:40:01.620 13842 13842 W Glide   : com.bumptech.glide.load.HttpException()
08-04 17:40:01.620 13842 13842 W Glide   :  call GlideException#logRootCauses(String) for more detail
08-04 17:40:01.620 13842 13842 W Glide   :     Cause (1 of 1): class com.bumptech.glide.load.HttpException: 
08-04 17:40:01.621 13842 13842 I Glide   : Root cause (1 of 1)
08-04 17:40:01.621 13842 13842 I Glide   : com.bumptech.glide.load.HttpException: 
08-04 17:40:01.621 13842 13842 I Glide   : 	at com.bumptech.glide.integration.okhttp3.OkHttpStreamFetcher.onResponse(OkHttpStreamFetcher.java:73)
08-04 17:40:01.621 13842 13842 I Glide   : 	at okhttp3.RealCall$AsyncCall.execute(RealCall.java:174)
08-04 17:40:01.621 13842 13842 I Glide   : 	at okhttp3.internal.NamedRunnable.run(NamedRunnable.java:32)
08-04 17:40:01.621 13842 13842 I Glide   : 	at java.util.concurrent.ThreadPoolExecutor.runWorker(ThreadPoolExecutor.java:1113)
08-04 17:40:01.621 13842 13842 I Glide   : 	at java.util.concurrent.ThreadPoolExecutor$Worker.run(ThreadPoolExecutor.java:588)
08-04 17:40:01.621 13842 13842 I Glide   : 	at java.lang.Thread.run(Thread.java:818)
08-04 17:40:01.657 13842 13855 I art     : Explicit concurrent mark sweep GC freed 445(47KB) AllocSpace objects, 0(0B) LOS objects, 23% free, 50MB/66MB, paused 1.519ms total 39.660ms
08-04 17:40:01.702 13842 14796 D ApOkHttpUrlLoader: buildLoadData() called with: model = [http://sixgun.org/files/linuxoutlaws.jpg], width = [224], height = [224]
08-04 17:40:01.704 13842 14625 D DBReader: getImageAuthentication() called with: imageUrl = [http://sixgun.org/files/linuxoutlaws.jpg]
08-04 17:40:01.709 13842 14625 D ApOkHttpUrlLoader: no credentials for 'http://sixgun.org/files/linuxoutlaws.jpg'
08-04 17:40:01.742 13842 14625 D DBWriter: updateFeedDownloadURL(original: http://sixgun.org/files/linuxoutlaws.jpg, updated: https://fab.industries/sixgun/files/linuxoutlaws.jpg)
08-04 17:40:01.962 13842 14625 D MYTAG   : interceptor 2a
08-04 17:40:01.963 13842 14625 I NAPPA_EXPERIMENTATION: MetricNetworkRequestExecutionTime: REQUEST_DURATION_SYSTEM='253',REQUEST_DURATION_OKHTTP='217',REQUEST_SYNCHRONOUS='TRUE',RESPONSE_CODE='404',RESPONSE_METHOD='GET',RESPONSE_LENGTH_OKHTTP='-1',RESPONSE_LENGTH_HEADER='1503',REQUEST_PROTOCOL='h2',REQUEST_URL='https://fab.industries/sixgun/files/linuxoutlaws.jpg',
08-04 17:40:01.964 13842 13842 W Glide   : Load failed for http://sixgun.org/files/linuxoutlaws.jpg with size [224x224]
08-04 17:40:01.964 13842 13842 W Glide   : class com.bumptech.glide.load.engine.GlideException: Failed to load resource
08-04 17:40:01.964 13842 13842 W Glide   : There was 1 cause:
08-04 17:40:01.964 13842 13842 W Glide   : com.bumptech.glide.load.HttpException()
08-04 17:40:01.964 13842 13842 W Glide   :  call GlideException#logRootCauses(String) for more detail
08-04 17:40:01.964 13842 13842 W Glide   :   Cause (1 of 1): class com.bumptech.glide.load.engine.GlideException: Fetching data failed, class java.io.InputStream, REMOTE
08-04 17:40:01.964 13842 13842 W Glide   : There was 1 cause:
08-04 17:40:01.964 13842 13842 W Glide   : com.bumptech.glide.load.HttpException()
08-04 17:40:01.964 13842 13842 W Glide   :  call GlideException#logRootCauses(String) for more detail
08-04 17:40:01.964 13842 13842 W Glide   :     Cause (1 of 1): class com.bumptech.glide.load.HttpException: 
08-04 17:40:01.964 13842 13842 I Glide   : Root cause (1 of 1)
08-04 17:40:01.964 13842 13842 I Glide   : com.bumptech.glide.load.HttpException: 
08-04 17:40:01.964 13842 13842 I Glide   : 	at com.bumptech.glide.integration.okhttp3.OkHttpStreamFetcher.onResponse(OkHttpStreamFetcher.java:73)
08-04 17:40:01.964 13842 13842 I Glide   : 	at okhttp3.RealCall$AsyncCall.execute(RealCall.java:174)
08-04 17:40:01.964 13842 13842 I Glide   : 	at okhttp3.internal.NamedRunnable.run(NamedRunnable.java:32)
08-04 17:40:01.964 13842 13842 I Glide   : 	at java.util.concurrent.ThreadPoolExecutor.runWorker(ThreadPoolExecutor.java:1113)
08-04 17:40:01.964 13842 13842 I Glide   : 	at java.util.concurrent.ThreadPoolExecutor$Worker.run(ThreadPoolExecutor.java:588)
08-04 17:40:01.964 13842 13842 I Glide   : 	at java.lang.Thread.run(Thread.java:818)
08-04 17:40:01.968 11375 11375 I ServiceManager: Waiting for service AtCmdFwd...
08-04 17:40:02.028 13842 16513 I art     : Starting a blocking GC Explicit
08-04 17:40:02.083 13842 16513 I art     : Explicit concurrent mark sweep GC freed 2533(175KB) AllocSpace objects, 1(20KB) LOS objects, 23% free, 50MB/66MB, paused 1.720ms total 54.446ms
08-04 17:40:02.100 13842 16513 I art     : Starting a blocking GC Explicit
08-04 17:40:02.148 13842 16513 I art     : Explicit concurrent mark sweep GC freed 86(3KB) AllocSpace objects, 0(0B) LOS objects, 23% free, 50MB/66MB, paused 1.775ms total 47.942ms
08-04 17:40:02.161 13842 16513 I art     : Starting a blocking GC Explicit
08-04 17:40:02.208 13842 16513 I art     : Explicit concurrent mark sweep GC freed 3(96B) AllocSpace objects, 0(0B) LOS objects, 23% free, 50MB/66MB, paused 1.625ms total 46.806ms
08-04 17:40:02.222 13842 16513 I art     : Starting a blocking GC Explicit
08-04 17:40:02.268 13842 16513 I art     : Explicit concurrent mark sweep GC freed 32(880B) AllocSpace objects, 0(0B) LOS objects, 23% free, 50MB/66MB, paused 1.756ms total 46.600ms
08-04 17:40:02.282 13842 16513 I art     : Starting a blocking GC Explicit
08-04 17:40:02.331 13842 16513 I art     : Explicit concurrent mark sweep GC freed 3(96B) AllocSpace objects, 0(0B) LOS objects, 23% free, 50MB/66MB, paused 1.610ms total 48.047ms
08-04 17:40:02.724 13842 14314 I art     : Starting a blocking GC Explicit
08-04 17:40:02.770 13842 14314 I art     : Explicit concurrent mark sweep GC freed 1445(83KB) AllocSpace objects, 1(20KB) LOS objects, 23% free, 50MB/66MB, paused 1.547ms total 45.464ms
08-04 17:40:02.784 13842 14314 I art     : Starting a blocking GC Explicit
08-04 17:40:02.831 13842 14314 I art     : Explicit concurrent mark sweep GC freed 40(1344B) AllocSpace objects, 0(0B) LOS objects, 23% free, 50MB/66MB, paused 1.654ms total 47.063ms
08-04 17:40:02.844 13842 14314 I art     : Starting a blocking GC Explicit
08-04 17:40:02.891 13842 14314 I art     : Explicit concurrent mark sweep GC freed 3(96B) AllocSpace objects, 0(0B) LOS objects, 23% free, 50MB/66MB, paused 1.670ms total 46.651ms
08-04 17:40:02.905 13842 14314 I art     : Starting a blocking GC Explicit
08-04 17:40:02.952 13842 14314 I art     : Explicit concurrent mark sweep GC freed 3(96B) AllocSpace objects, 0(0B) LOS objects, 23% free, 50MB/66MB, paused 1.649ms total 47.242ms
08-04 17:40:02.966 13842 14314 I art     : Starting a blocking GC Explicit
08-04 17:40:02.969 11375 11375 I ServiceManager: Waiting for service AtCmdFwd...
08-04 17:40:03.010 13842 14314 I art     : Explicit concurrent mark sweep GC freed 3(96B) AllocSpace objects, 0(0B) LOS objects, 23% free, 50MB/66MB, paused 1.510ms total 44.588ms
08-04 17:40:03.407 13842 13854 I art     : Starting a blocking GC Explicit
08-04 17:40:03.463 13842 13854 I art     : Explicit concurrent mark sweep GC freed 1413(81KB) AllocSpace objects, 1(20KB) LOS objects, 23% free, 50MB/66MB, paused 1.630ms total 56.026ms
08-04 17:40:03.480 13842 13854 I art     : Starting a blocking GC Explicit
08-04 17:40:03.524 13842 13854 I art     : Explicit concurrent mark sweep GC freed 23(752B) AllocSpace objects, 0(0B) LOS objects, 23% free, 50MB/66MB, paused 1.635ms total 44.043ms
08-04 17:40:03.537 13842 13854 I art     : Starting a blocking GC Explicit
08-04 17:40:03.584 13842 13854 I art     : Explicit concurrent mark sweep GC freed 3(96B) AllocSpace objects, 0(0B) LOS objects, 23% free, 50MB/66MB, paused 1.651ms total 46.740ms
08-04 17:40:03.598 13842 13854 I art     : Starting a blocking GC Explicit
08-04 17:40:03.644 13842 13854 I art     : Explicit concurrent mark sweep GC freed 3(96B) AllocSpace objects, 0(0B) LOS objects, 23% free, 50MB/66MB, paused 1.658ms total 46.070ms
08-04 17:40:03.658 13842 13854 I art     : Starting a blocking GC Explicit
08-04 17:40:03.706 13842 13854 I art     : Explicit concurrent mark sweep GC freed 3(96B) AllocSpace objects, 0(0B) LOS objects, 23% free, 50MB/66MB, paused 1.639ms total 47.487ms
08-04 17:40:03.969 11375 11375 I ServiceManager: Waiting for service AtCmdFwd...
08-04 17:40:04.094 13842 16513 I art     : Starting a blocking GC Explicit
08-04 17:40:04.151 13842 16513 I art     : Explicit concurrent mark sweep GC freed 1381(81KB) AllocSpace objects, 1(20KB) LOS objects, 23% free, 50MB/66MB, paused 1.786ms total 56.720ms
08-04 17:40:04.166 13842 16513 I art     : Starting a blocking GC Explicit
08-04 17:40:04.213 13842 16513 I art     : Explicit concurrent mark sweep GC freed 23(752B) AllocSpace objects, 0(0B) LOS objects, 23% free, 50MB/66MB, paused 1.607ms total 47.304ms
08-04 17:40:04.227 13842 16513 I art     : Starting a blocking GC Explicit
08-04 17:40:04.273 13842 16513 I art     : Explicit concurrent mark sweep GC freed 32(880B) AllocSpace objects, 0(0B) LOS objects, 23% free, 50MB/66MB, paused 1.553ms total 45.921ms
08-04 17:40:04.286 13842 16513 I art     : Starting a blocking GC Explicit
08-04 17:40:04.334 13842 16513 I art     : Explicit concurrent mark sweep GC freed 3(96B) AllocSpace objects, 0(0B) LOS objects, 23% free, 50MB/66MB, paused 1.537ms total 47.219ms
08-04 17:40:04.347 13842 16513 I art     : Starting a blocking GC Explicit
08-04 17:40:04.394 13842 16513 I art     : Explicit concurrent mark sweep GC freed 3(96B) AllocSpace objects, 0(0B) LOS objects, 23% free, 50MB/66MB, paused 1.626ms total 46.920ms
08-04 17:40:04.781 13842 13854 I art     : Starting a blocking GC Explicit
08-04 17:40:04.836 13842 13854 I art     : Explicit concurrent mark sweep GC freed 1424(84KB) AllocSpace objects, 1(20KB) LOS objects, 23% free, 50MB/66MB, paused 1.600ms total 55.481ms
08-04 17:40:04.852 13842 13854 I art     : Starting a blocking GC Explicit
08-04 17:40:04.899 13842 13854 I art     : Explicit concurrent mark sweep GC freed 29(976B) AllocSpace objects, 0(0B) LOS objects, 23% free, 50MB/66MB, paused 1.695ms total 46.992ms
08-04 17:40:04.913 13842 13854 I art     : Starting a blocking GC Explicit
08-04 17:40:04.960 13842 13854 I art     : Explicit concurrent mark sweep GC freed 3(96B) AllocSpace objects, 0(0B) LOS objects, 23% free, 50MB/66MB, paused 1.578ms total 46.227ms
08-04 17:40:04.971 11375 11375 I ServiceManager: Waiting for service AtCmdFwd...
08-04 17:40:04.973 13842 13854 I art     : Starting a blocking GC Explicit
08-04 17:40:05.020 13842 13854 I art     : Explicit concurrent mark sweep GC freed 3(96B) AllocSpace objects, 0(0B) LOS objects, 23% free, 50MB/66MB, paused 1.662ms total 47.135ms
08-04 17:40:05.034 13842 13854 I art     : Starting a blocking GC Explicit
08-04 17:40:05.080 13842 13854 I art     : Explicit concurrent mark sweep GC freed 3(96B) AllocSpace objects, 0(0B) LOS objects, 23% free, 50MB/66MB, paused 1.528ms total 45.847ms
08-04 17:40:05.478 13842 16513 I art     : Starting a blocking GC Explicit
08-04 17:40:05.535 13842 16513 I art     : Explicit concurrent mark sweep GC freed 1413(82KB) AllocSpace objects, 1(20KB) LOS objects, 23% free, 50MB/66MB, paused 1.741ms total 56.066ms
08-04 17:40:05.552 13842 16513 I art     : Starting a blocking GC Explicit
08-04 17:40:05.596 13842 16513 I art     : Explicit concurrent mark sweep GC freed 23(752B) AllocSpace objects, 0(0B) LOS objects, 23% free, 50MB/66MB, paused 1.588ms total 43.796ms
08-04 17:40:05.609 13842 16513 I art     : Starting a blocking GC Explicit
08-04 17:40:05.652 13842 16513 I art     : Explicit concurrent mark sweep GC freed 3(96B) AllocSpace objects, 0(0B) LOS objects, 23% free, 50MB/66MB, paused 1.453ms total 42.756ms
08-04 17:40:05.665 13842 16513 I art     : Starting a blocking GC Explicit
08-04 17:40:05.709 13842 16513 I art     : Explicit concurrent mark sweep GC freed 3(96B) AllocSpace objects, 0(0B) LOS objects, 23% free, 50MB/66MB, paused 1.599ms total 43.632ms
08-04 17:40:05.722 13842 16513 I art     : Starting a blocking GC Explicit
08-04 17:40:05.766 13842 16513 I art     : Explicit concurrent mark sweep GC freed 3(96B) AllocSpace objects, 0(0B) LOS objects, 23% free, 50MB/66MB, paused 1.476ms total 42.923ms
08-04 17:40:05.971 11375 11375 W Atfwd_Sendcmd: AtCmdFwd service not published, waiting... retryCnt : 1
08-04 17:40:06.164 13842 13867 I art     : Starting a blocking GC Explicit
08-04 17:40:06.207 13842 13867 I art     : Explicit concurrent mark sweep GC freed 1382(82KB) AllocSpace objects, 1(20KB) LOS objects, 23% free, 50MB/66MB, paused 1.593ms total 42.961ms
08-04 17:40:06.220 13842 13867 I art     : Starting a blocking GC Explicit
08-04 17:40:06.264 13842 13867 I art     : Explicit concurrent mark sweep GC freed 52(1536B) AllocSpace objects, 0(0B) LOS objects, 23% free, 50MB/66MB, paused 1.652ms total 43.727ms
08-04 17:40:06.278 13842 13867 I art     : Starting a blocking GC Explicit
08-04 17:40:06.325 13842 13867 I art     : Explicit concurrent mark sweep GC freed 3(96B) AllocSpace objects, 0(0B) LOS objects, 23% free, 50MB/66MB, paused 1.621ms total 45.741ms
08-04 17:40:06.338 13842 13867 I art     : Starting a blocking GC Explicit
08-04 17:40:06.382 13842 13867 I art     : Explicit concurrent mark sweep GC freed 3(96B) AllocSpace objects, 0(0B) LOS objects, 23% free, 50MB/66MB, paused 1.604ms total 43.672ms
08-04 17:40:06.395 13842 13867 I art     : Starting a blocking GC Explicit
08-04 17:40:06.440 13842 13867 I art     : Explicit concurrent mark sweep GC freed 3(96B) AllocSpace objects, 0(0B) LOS objects, 23% free, 50MB/66MB, paused 1.652ms total 44.879ms
08-04 17:40:06.679 16915 16915 D AndroidRuntime: >>>>>> START com.android.internal.os.RuntimeInit uid 2000 <<<<<<
08-04 17:40:06.685 16915 16915 D AndroidRuntime: CheckJNI is OFF
08-04 17:40:06.727 16915 16915 D ICU     : No timezone override file found: /data/misc/zoneinfo/current/icu/icu_tzdata.dat
08-04 17:40:06.770 16915 16915 I Radio-JNI: register_android_hardware_Radio DONE
08-04 17:40:06.799 16915 16915 D AndroidRuntime: Calling main entry com.android.commands.input.Input
08-04 17:40:06.802 16915 16915 I Input   : injectMotionEvent: MotionEvent { action=ACTION_DOWN, actionButton=0, id[0]=0, x[0]=526.0, y[0]=597.0, toolType[0]=TOOL_TYPE_UNKNOWN, buttonState=0, metaState=0, flags=0x0, edgeFlags=0x0, pointerCount=1, historySize=0, eventTime=726023214, downTime=726023214, deviceId=0, source=0x1002 }
08-04 17:40:06.809 16915 16915 I Input   : injectMotionEvent: MotionEvent { action=ACTION_UP, actionButton=0, id[0]=0, x[0]=526.0, y[0]=597.0, toolType[0]=TOOL_TYPE_UNKNOWN, buttonState=0, metaState=0, flags=0x0, edgeFlags=0x0, pointerCount=1, historySize=0, eventTime=726023214, downTime=726023214, deviceId=0, source=0x1002 }
08-04 17:40:06.811 16915 16915 D AndroidRuntime: Shutting down VM
08-04 17:40:06.822 13842 13855 I art     : Starting a blocking GC Explicit
08-04 17:40:06.868 13842 13855 I art     : Explicit concurrent mark sweep GC freed 1404(82KB) AllocSpace objects, 1(20KB) LOS objects, 23% free, 50MB/66MB, paused 1.575ms total 45.303ms
08-04 17:40:06.878 13842 13842 D PodcastListFragment: Selected podcast: GpodnetPodcast [url=http://feeds.feedburner.com/linuxoutlaws, title=Linux Outlaws, description=Two pragmatic geeks talk about the latest news concerning Linux, free and open
08-04 17:40:06.878 13842 13842 D PodcastListFragment: technology or anything else they deem noteworthy which may include such absurd
08-04 17:40:06.878 13842 13842 D PodcastListFragment: things as hockey or bands you never heard of. This means there's many a joke
08-04 17:40:06.878 13842 13842 D PodcastListFragment: and derailed conversation along the way, so don't come here expecting only
08-04 17:40:06.878 13842 13842 D PodcastListFragment: Linux or software freedom talk  just sit back and relax, partner., subscribers=3321, logoUrl=http://sixgun.org/files/linuxoutlaws.jpg, website=http://sixgun.org, mygpoLink=http://gpodder.net/podcast/linux-outlaws-mp3]
08-04 17:40:06.880   512  2967 D audio_hw_primary: out_set_parameters: enter: usecase(1: low-latency-playback) kvpairs: routing=2
08-04 17:40:06.881   918  3359 I ActivityManager: START u0 {cmp=baseline.de.danoeh.antennapod.debug/baseline.de.danoeh.antennapod.activity.OnlineFeedViewActivity (has extras)} from uid 10670 on display 0
08-04 17:40:06.882 13842 13855 I art     : Starting a blocking GC Explicit
08-04 17:40:06.893   512  2967 D audio_hw_primary: select_devices: out_snd_device(2: speaker) in_snd_device(0: none)
08-04 17:40:06.893   512  2967 D msm8974_platform: platform_send_audio_calibration: sending audio calibration for snd_device(2) acdb_id(15)
08-04 17:40:06.893   512  2967 I soundtrigger: audio_extn_sound_trigger_update_device_status: device 0x2 of type 0 for Event 1
08-04 17:40:06.906   512  2967 D audio_hw_primary: enable_snd_device: snd_device(2: speaker)
08-04 17:40:06.908   512  2967 D audio_hw_primary: enable_audio_route: apply and update mixer path: low-latency-playback speaker
08-04 17:40:06.914 13842 13842 D UserPreferences: Using default data folder
08-04 17:40:06.915 13842 13842 D OnlineFeedViewActivity: Activity was started with url http://feeds.feedburner.com/linuxoutlaws
08-04 17:40:06.920 13842 13842 D OnlineFeedViewActivity: Starting feed download
08-04 17:40:06.925 13842 14417 D DBReader: Extracting Feedlist
08-04 17:40:06.925 13842 13855 I art     : Explicit concurrent mark sweep GC freed 895(70KB) AllocSpace objects, 1(20KB) LOS objects, 23% free, 50MB/66MB, paused 1.910ms total 43.006ms
08-04 17:40:06.927   918  5481 D WifiService: acquireWifiLockLocked: WifiLock{Downloader type=1 binder=android.os.BinderProxy@4e84c16}
08-04 17:40:06.928 13842 14417 D AntennapodHttpClient: Creating new instance of HTTP client
08-04 17:40:06.938 13842 13855 I art     : Starting a blocking GC Explicit
08-04 17:40:06.977 13842 13855 I art     : Explicit concurrent mark sweep GC freed 601(53KB) AllocSpace objects, 0(0B) LOS objects, 23% free, 50MB/66MB, paused 1.518ms total 38.925ms
08-04 17:40:06.984 13866 13866 I GoogleInputMethodServic: GoogleInputMethodService.onFinishInput():3138 
08-04 17:40:06.985 13866 13866 I GoogleInputMethodServic: GoogleInputMethodService.onStartInput():1808 
08-04 17:40:06.989 13842 13855 I art     : Starting a blocking GC Explicit
08-04 17:40:07.008   918   936 I ActivityManager: Displayed baseline.de.danoeh.antennapod.debug/baseline.de.danoeh.antennapod.activity.OnlineFeedViewActivity: +117ms
08-04 17:40:07.013 13842 14417 D MYTAG   : interceptor 3a http://feeds.feedburner.com/linuxoutlaws
08-04 17:40:07.014 13842 14417 I NAPPA_EXPERIMENTATION: MetricNetworkRequestExecutionTime: REQUEST_DURATION_SYSTEM='84',REQUEST_DURATION_OKHTTP='34',REQUEST_SYNCHRONOUS='TRUE',RESPONSE_CODE='200',RESPONSE_METHOD='GET',RESPONSE_LENGTH_OKHTTP='-1',RESPONSE_LENGTH_HEADER='-2',REQUEST_PROTOCOL='http/1.1',REQUEST_URL='http://feeds.feedburner.com/linuxoutlaws',
08-04 17:40:07.014 13842 14417 D HttpDownloader: Response code is 200
08-04 17:40:07.014 13842 14417 D UserPreferences: Using default data folder
08-04 17:40:07.016 13842 14417 D HttpDownloader: Getting size of download
08-04 17:40:07.016 13842 14417 D HttpDownloader: Size is -1
08-04 17:40:07.016 13842 14417 D UserPreferences: Using default data folder
08-04 17:40:07.017 13842 14417 D HttpDownloader: Free space is 20233986048
08-04 17:40:07.017 13842 14417 D HttpDownloader: Starting download
08-04 17:40:07.032 13842 14417 D HttpDownloader: Download was successful
08-04 17:40:07.034   918  3696 D WifiService: releaseWifiLockLocked: WifiLock{Downloader type=1 binder=android.os.BinderProxy@4e84c16}
08-04 17:40:07.035 13842 13855 I art     : Explicit concurrent mark sweep GC freed 444(27KB) AllocSpace objects, 0(0B) LOS objects, 23% free, 50MB/66MB, paused 1.760ms total 45.103ms
08-04 17:40:07.042 13842 13863 D OpenGLRenderer: endAllStagingAnimators on 0x7f7eca0000 (GridView) with handle 0x7f75baeb40
08-04 17:40:07.047 13842 13842 D OnlineFeedViewActivity: Parsing feed
08-04 17:40:07.049 13842 13855 I art     : Starting a blocking GC Explicit
08-04 17:40:07.053 13842 16939 D TypeGetter: Recognized type RSS 2.0
08-04 17:40:07.055 13842 16939 D SyndHandler: Recognized Content namespace
08-04 17:40:07.056 13842 16939 D SyndHandler: Recognized DublinCore namespace
08-04 17:40:07.057 13842 16939 D SyndHandler: Recognized Atom namespace
08-04 17:40:07.057 13842 16939 D SyndHandler: Recognized ITunes namespace
08-04 17:40:07.057 13842 16939 D SyndHandler: Recognized media namespace
08-04 17:40:07.089 13842 13855 I art     : Explicit concurrent mark sweep GC freed 1535(343KB) AllocSpace objects, 2(40KB) LOS objects, 23% free, 51MB/67MB, paused 1.836ms total 39.758ms
08-04 17:40:07.100 13842 16939 D OnlineFeedViewActivity: Deleted feed source file. Result: true
08-04 17:40:07.100 13842 13842 D OnlineFeedViewActivity: Removing HTML from shownotes
08-04 17:40:07.118 13842 14796 D ApOkHttpUrlLoader: buildLoadData() called with: model = [http://sixgun.org/files/linuxoutlaws.jpg], width = [350], height = [350]
08-04 17:40:07.119 13842 14625 D DBReader: getImageAuthentication() called with: imageUrl = [http://sixgun.org/files/linuxoutlaws.jpg]
08-04 17:40:07.123 13842 14625 D ApOkHttpUrlLoader: no credentials for 'http://sixgun.org/files/linuxoutlaws.jpg'
08-04 17:40:07.154 13842 14625 D DBWriter: updateFeedDownloadURL(original: http://sixgun.org/files/linuxoutlaws.jpg, updated: https://fab.industries/sixgun/files/linuxoutlaws.jpg)
08-04 17:40:07.258   380   380 W SurfaceFlinger: couldn't log to binary event log: overflow.
08-04 17:40:07.290 13842 14625 D MYTAG   : interceptor 2a
08-04 17:40:07.290 13842 14625 I NAPPA_EXPERIMENTATION: MetricNetworkRequestExecutionTime: REQUEST_DURATION_SYSTEM='167',REQUEST_DURATION_OKHTTP='132',REQUEST_SYNCHRONOUS='TRUE',RESPONSE_CODE='404',RESPONSE_METHOD='GET',RESPONSE_LENGTH_OKHTTP='-1',RESPONSE_LENGTH_HEADER='1503',REQUEST_PROTOCOL='h2',REQUEST_URL='https://fab.industries/sixgun/files/linuxoutlaws.jpg',
08-04 17:40:07.291 13842 13842 W Glide   : Load failed for http://sixgun.org/files/linuxoutlaws.jpg with size [350x350]
08-04 17:40:07.291 13842 13842 W Glide   : class com.bumptech.glide.load.engine.GlideException: Failed to load resource
08-04 17:40:07.291 13842 13842 W Glide   : There was 1 cause:
08-04 17:40:07.291 13842 13842 W Glide   : com.bumptech.glide.load.HttpException()
08-04 17:40:07.291 13842 13842 W Glide   :  call GlideException#logRootCauses(String) for more detail
08-04 17:40:07.291 13842 13842 W Glide   :   Cause (1 of 1): class com.bumptech.glide.load.engine.GlideException: Fetching data failed, class java.io.InputStream, REMOTE
08-04 17:40:07.291 13842 13842 W Glide   : There was 1 cause:
08-04 17:40:07.291 13842 13842 W Glide   : com.bumptech.glide.load.HttpException()
08-04 17:40:07.291 13842 13842 W Glide   :  call GlideException#logRootCauses(String) for more detail
08-04 17:40:07.291 13842 13842 W Glide   :     Cause (1 of 1): class com.bumptech.glide.load.HttpException: 
08-04 17:40:07.292 13842 13842 I Glide   : Root cause (1 of 1)
08-04 17:40:07.292 13842 13842 I Glide   : com.bumptech.glide.load.HttpException: 
08-04 17:40:07.292 13842 13842 I Glide   : 	at com.bumptech.glide.integration.okhttp3.OkHttpStreamFetcher.onResponse(OkHttpStreamFetcher.java:73)
08-04 17:40:07.292 13842 13842 I Glide   : 	at okhttp3.RealCall$AsyncCall.execute(RealCall.java:174)
08-04 17:40:07.292 13842 13842 I Glide   : 	at okhttp3.internal.NamedRunnable.run(NamedRunnable.java:32)
08-04 17:40:07.292 13842 13842 I Glide   : 	at java.util.concurrent.ThreadPoolExecutor.runWorker(ThreadPoolExecutor.java:1113)
08-04 17:40:07.292 13842 13842 I Glide   : 	at java.util.concurrent.ThreadPoolExecutor$Worker.run(ThreadPoolExecutor.java:588)
08-04 17:40:07.292 13842 13842 I Glide   : 	at java.lang.Thread.run(Thread.java:818)
08-04 17:40:07.398 13842 13842 D PlaybackController: Releasing PlaybackController
08-04 17:40:07.427   918 13198 D NetlinkSocketObserver: NeighborEvent{elapsedMs=1709411302, 192.168.2.254, [7C3953A63323], RTM_NEWNEIGH, NUD_STALE}
08-04 17:40:07.430 13842 13867 I art     : Starting a blocking GC Explicit
08-04 17:40:07.448   512  2967 D audio_hw_primary: disable_audio_route: reset and update mixer path: low-latency-playback speaker
08-04 17:40:07.449   512  2967 D audio_hw_primary: disable_snd_device: snd_device(2: speaker)
08-04 17:40:07.457   512  2967 I soundtrigger: audio_extn_sound_trigger_update_device_status: device 0x2 of type 0 for Event 0
08-04 17:40:07.478 13842 13867 I art     : Explicit concurrent mark sweep GC freed 13268(905KB) AllocSpace objects, 13(788KB) LOS objects, 23% free, 51MB/67MB, paused 1.574ms total 47.353ms
08-04 17:40:07.491 13842 13867 I art     : Starting a blocking GC Explicit
08-04 17:40:07.535 13842 13867 I art     : Explicit concurrent mark sweep GC freed 816(37KB) AllocSpace objects, 1(112KB) LOS objects, 23% free, 50MB/66MB, paused 1.523ms total 44.301ms
08-04 17:40:07.549 13842 13867 I art     : Starting a blocking GC Explicit
08-04 17:40:07.594 13842 13867 I art     : Explicit concurrent mark sweep GC freed 3(96B) AllocSpace objects, 0(0B) LOS objects, 23% free, 50MB/66MB, paused 1.539ms total 44.848ms
08-04 17:40:07.607 13842 13867 I art     : Starting a blocking GC Explicit
08-04 17:40:07.653 13842 13867 I art     : Explicit concurrent mark sweep GC freed 3(96B) AllocSpace objects, 0(0B) LOS objects, 23% free, 50MB/66MB, paused 1.587ms total 44.960ms
08-04 17:40:07.666 13842 13867 I art     : Starting a blocking GC Explicit
08-04 17:40:07.712 13842 13867 I art     : Explicit concurrent mark sweep GC freed 3(96B) AllocSpace objects, 0(0B) LOS objects, 23% free, 50MB/66MB, paused 1.604ms total 45.304ms
08-04 17:40:08.072 13842 13854 I art     : Starting a blocking GC Explicit
08-04 17:40:08.127 13842 13854 I art     : Explicit concurrent mark sweep GC freed 1381(81KB) AllocSpace objects, 1(20KB) LOS objects, 23% free, 50MB/66MB, paused 1.706ms total 55.039ms
08-04 17:40:08.144 13842 13854 I art     : Starting a blocking GC Explicit
08-04 17:40:08.193 13842 13854 I art     : Explicit concurrent mark sweep GC freed 23(768B) AllocSpace objects, 0(0B) LOS objects, 23% free, 50MB/66MB, paused 1.609ms total 48.753ms
08-04 17:40:08.206 13842 13854 I art     : Starting a blocking GC Explicit
08-04 17:40:08.252 13842 13854 I art     : Explicit concurrent mark sweep GC freed 32(880B) AllocSpace objects, 0(0B) LOS objects, 23% free, 50MB/66MB, paused 1.597ms total 45.293ms
08-04 17:40:08.265 13842 13854 I art     : Starting a blocking GC Explicit
08-04 17:40:08.310 13842 13854 I art     : Explicit concurrent mark sweep GC freed 3(96B) AllocSpace objects, 0(0B) LOS objects, 23% free, 50MB/66MB, paused 1.559ms total 44.843ms
08-04 17:40:08.324 13842 13854 I art     : Starting a blocking GC Explicit
08-04 17:40:08.369 13842 13854 I art     : Explicit concurrent mark sweep GC freed 3(96B) AllocSpace objects, 0(0B) LOS objects, 23% free, 50MB/66MB, paused 1.631ms total 45.418ms
08-04 17:40:08.761 13842 16513 I art     : Starting a blocking GC Explicit
08-04 17:40:08.803 13842 16513 I art     : Explicit concurrent mark sweep GC freed 1391(81KB) AllocSpace objects, 1(20KB) LOS objects, 23% free, 50MB/66MB, paused 1.507ms total 42.209ms
08-04 17:40:08.815 13842 16513 I art     : Starting a blocking GC Explicit
08-04 17:40:08.857 13842 16513 I art     : Explicit concurrent mark sweep GC freed 28(912B) AllocSpace objects, 0(0B) LOS objects, 23% free, 50MB/66MB, paused 1.615ms total 41.599ms
08-04 17:40:08.870 13842 16513 I art     : Starting a blocking GC Explicit
08-04 17:40:08.914 13842 16513 I art     : Explicit concurrent mark sweep GC freed 11(352B) AllocSpace objects, 0(0B) LOS objects, 23% free, 50MB/66MB, paused 1.579ms total 43.341ms
08-04 17:40:08.927 13842 16513 I art     : Starting a blocking GC Explicit
08-04 17:40:08.970 13842 16513 I art     : Explicit concurrent mark sweep GC freed 9(288B) AllocSpace objects, 0(0B) LOS objects, 23% free, 50MB/66MB, paused 1.592ms total 42.497ms
08-04 17:40:08.983 13842 16513 I art     : Starting a blocking GC Explicit
08-04 17:40:09.029 13842 16513 I art     : Explicit concurrent mark sweep GC freed 4(128B) AllocSpace objects, 0(0B) LOS objects, 23% free, 50MB/66MB, paused 1.636ms total 46.072ms
08-04 17:40:09.381 13842 13855 I art     : Starting a blocking GC Explicit
08-04 17:40:09.433 13842 13855 I art     : Explicit concurrent mark sweep GC freed 1410(81KB) AllocSpace objects, 1(20KB) LOS objects, 23% free, 50MB/66MB, paused 1.665ms total 51.819ms
08-04 17:40:09.447 13842 13855 I art     : Starting a blocking GC Explicit
08-04 17:40:09.496 13842 13855 I art     : Explicit concurrent mark sweep GC freed 23(752B) AllocSpace objects, 0(0B) LOS objects, 23% free, 50MB/66MB, paused 1.603ms total 48.817ms
08-04 17:40:09.510 13842 13855 I art     : Starting a blocking GC Explicit
08-04 17:40:09.559 13842 13855 I art     : Explicit concurrent mark sweep GC freed 3(96B) AllocSpace objects, 0(0B) LOS objects, 23% free, 50MB/66MB, paused 1.693ms total 48.259ms
08-04 17:40:09.573 13842 13855 I art     : Starting a blocking GC Explicit
08-04 17:40:09.622 13842 13855 I art     : Explicit concurrent mark sweep GC freed 3(96B) AllocSpace objects, 0(0B) LOS objects, 23% free, 50MB/66MB, paused 1.724ms total 49.285ms
08-04 17:40:09.639 13842 13855 I art     : Starting a blocking GC Explicit
08-04 17:40:09.689 13842 13855 I art     : Explicit concurrent mark sweep GC freed 3(96B) AllocSpace objects, 0(0B) LOS objects, 23% free, 50MB/66MB, paused 1.615ms total 50.008ms
08-04 17:40:10.041 13842 14314 I art     : Starting a blocking GC Explicit
08-04 17:40:10.102 13842 14314 I art     : Explicit concurrent mark sweep GC freed 1381(81KB) AllocSpace objects, 1(20KB) LOS objects, 23% free, 50MB/66MB, paused 1.804ms total 60.722ms
08-04 17:40:10.118 13842 14314 I art     : Starting a blocking GC Explicit
08-04 17:40:10.166 13842 14314 I art     : Explicit concurrent mark sweep GC freed 37(1200B) AllocSpace objects, 0(0B) LOS objects, 23% free, 50MB/66MB, paused 1.684ms total 48.050ms
08-04 17:40:10.180 13842 14314 I art     : Starting a blocking GC Explicit
08-04 17:40:10.229 13842 14314 I art     : Explicit concurrent mark sweep GC freed 3(96B) AllocSpace objects, 0(0B) LOS objects, 23% free, 50MB/66MB, paused 1.651ms total 49.068ms
08-04 17:40:10.243 13842 14314 I art     : Starting a blocking GC Explicit
08-04 17:40:10.293 13842 14314 I art     : Explicit concurrent mark sweep GC freed 32(880B) AllocSpace objects, 0(0B) LOS objects, 23% free, 50MB/66MB, paused 1.535ms total 49.594ms
08-04 17:40:10.307 13842 14314 I art     : Starting a blocking GC Explicit
08-04 17:40:10.357 13842 14314 I art     : Explicit concurrent mark sweep GC freed 3(96B) AllocSpace objects, 0(0B) LOS objects, 23% free, 50MB/66MB, paused 1.578ms total 49.689ms
08-04 17:40:10.767 13842 16513 I art     : Starting a blocking GC Explicit
08-04 17:40:10.826 13842 16513 I art     : Explicit concurrent mark sweep GC freed 1382(83KB) AllocSpace objects, 1(20KB) LOS objects, 23% free, 50MB/66MB, paused 1.725ms total 58.725ms
08-04 17:40:10.843 13842 16513 I art     : Starting a blocking GC Explicit
08-04 17:40:10.893 13842 16513 I art     : Explicit concurrent mark sweep GC freed 23(752B) AllocSpace objects, 0(0B) LOS objects, 23% free, 50MB/66MB, paused 1.641ms total 50.188ms
08-04 17:40:10.907 13842 16513 I art     : Starting a blocking GC Explicit
08-04 17:40:10.957 13842 16513 I art     : Explicit concurrent mark sweep GC freed 3(96B) AllocSpace objects, 0(0B) LOS objects, 23% free, 50MB/66MB, paused 1.723ms total 49.743ms
08-04 17:40:10.972 11375 11375 I ServiceManager: Waiting for service AtCmdFwd...
08-04 17:40:10.974 13842 16513 I art     : Starting a blocking GC Explicit
08-04 17:40:11.021 13842 16513 I art     : Explicit concurrent mark sweep GC freed 3(96B) AllocSpace objects, 0(0B) LOS objects, 23% free, 50MB/66MB, paused 1.565ms total 46.658ms
08-04 17:40:11.035 13842 16513 I art     : Starting a blocking GC Explicit
08-04 17:40:11.081 13842 16513 I art     : Explicit concurrent mark sweep GC freed 3(96B) AllocSpace objects, 0(0B) LOS objects, 23% free, 50MB/66MB, paused 1.517ms total 46.128ms
08-04 17:40:11.467 13842 13855 I art     : Starting a blocking GC Explicit
08-04 17:40:11.518 13842 13855 I art     : Explicit concurrent mark sweep GC freed 1411(82KB) AllocSpace objects, 1(20KB) LOS objects, 23% free, 50MB/66MB, paused 1.776ms total 50.976ms
08-04 17:40:11.532 13842 13855 I art     : Starting a blocking GC Explicit
08-04 17:40:11.579 13842 13855 I art     : Explicit concurrent mark sweep GC freed 23(752B) AllocSpace objects, 0(0B) LOS objects, 23% free, 50MB/66MB, paused 1.736ms total 46.507ms
08-04 17:40:11.592 13842 13855 I art     : Starting a blocking GC Explicit
08-04 17:40:11.610 17002 17002 D AndroidRuntime: >>>>>> START com.android.internal.os.RuntimeInit uid 2000 <<<<<<
08-04 17:40:11.615 17002 17002 D AndroidRuntime: CheckJNI is OFF
08-04 17:40:11.637 13842 13855 I art     : Explicit concurrent mark sweep GC freed 3(96B) AllocSpace objects, 0(0B) LOS objects, 23% free, 50MB/66MB, paused 1.615ms total 44.429ms
08-04 17:40:11.650 13842 13855 I art     : Starting a blocking GC Explicit
08-04 17:40:11.663 17002 17002 D ICU     : No timezone override file found: /data/misc/zoneinfo/current/icu/icu_tzdata.dat
08-04 17:40:11.695 13842 13855 I art     : Explicit concurrent mark sweep GC freed 3(96B) AllocSpace objects, 0(0B) LOS objects, 23% free, 50MB/66MB, paused 1.657ms total 45.527ms
08-04 17:40:11.709 13842 13855 I art     : Starting a blocking GC Explicit
08-04 17:40:11.711 17002 17002 I Radio-JNI: register_android_hardware_Radio DONE
08-04 17:40:11.741 17002 17002 D AndroidRuntime: Calling main entry com.android.commands.input.Input
08-04 17:40:11.743 17002 17002 I Input   : injectKeyEvent: KeyEvent { action=ACTION_DOWN, keyCode=KEYCODE_BACK, scanCode=0, metaState=0, flags=0x0, repeatCount=0, eventTime=726028156, downTime=726028156, deviceId=-1, source=0x101 }
08-04 17:40:11.755 17002 17002 I Input   : injectKeyEvent: KeyEvent { action=ACTION_UP, keyCode=KEYCODE_BACK, scanCode=0, metaState=0, flags=0x0, repeatCount=0, eventTime=726028156, downTime=726028156, deviceId=-1, source=0x101 }
08-04 17:40:11.757 13842 13855 I art     : Explicit concurrent mark sweep GC freed 8(528B) AllocSpace objects, 0(0B) LOS objects, 23% free, 50MB/66MB, paused 1.675ms total 48.358ms
08-04 17:40:11.763 17002 17002 D AndroidRuntime: Shutting down VM
08-04 17:40:11.769 13842 13842 V PlaybackController: initServiceNotRunning()
08-04 17:40:11.769 13842 13842 D ExternalPlayerFragment: Loading media info
08-04 17:40:11.773 13842 14796 D ApOkHttpUrlLoader: buildLoadData() called with: model = [http://sixgun.org/files/linuxoutlaws.jpg], width = [224], height = [224]
08-04 17:40:11.774 13842 14625 D DBReader: getImageAuthentication() called with: imageUrl = [http://sixgun.org/files/linuxoutlaws.jpg]
08-04 17:40:11.777 13842 13842 D UserPreferences: Using default data folder
08-04 17:40:11.777 13842 14625 D ApOkHttpUrlLoader: no credentials for 'http://sixgun.org/files/linuxoutlaws.jpg'
08-04 17:40:11.777 13842 14417 D DBReader: getNavDrawerData() called with: 
08-04 17:40:11.789 13842 14417 D DBReader: getDownloadedItems() called
08-04 17:40:11.791 13842 14417 D DBReader: getFavoriteIDList() called
08-04 17:40:11.791 13842 14417 D DBReader: getQueueIDList() called
08-04 17:40:11.792 13842 14417 D DBReader: Extracting Feedlist
08-04 17:40:11.805 13866 13866 I GoogleInputMethodServic: GoogleInputMethodService.onFinishInput():3138 
08-04 17:40:11.805 13842 13842 D MainActivity: getLastNavFragment() -> AddFeedFragment
08-04 17:40:11.805 13866 13866 I GoogleInputMethodServic: GoogleInputMethodService.onStartInput():1808 
08-04 17:40:11.921 13842 14625 D DBWriter: updateFeedDownloadURL(original: http://sixgun.org/files/linuxoutlaws.jpg, updated: https://fab.industries/sixgun/files/linuxoutlaws.jpg)
08-04 17:40:11.973 11375 11375 I ServiceManager: Waiting for service AtCmdFwd...
08-04 17:40:12.057 13842 14625 D MYTAG   : interceptor 2a
08-04 17:40:12.057 13842 14625 I NAPPA_EXPERIMENTATION: MetricNetworkRequestExecutionTime: REQUEST_DURATION_SYSTEM='280',REQUEST_DURATION_OKHTTP='131',REQUEST_SYNCHRONOUS='TRUE',RESPONSE_CODE='404',RESPONSE_METHOD='GET',RESPONSE_LENGTH_OKHTTP='-1',RESPONSE_LENGTH_HEADER='1503',REQUEST_PROTOCOL='h2',REQUEST_URL='https://fab.industries/sixgun/files/linuxoutlaws.jpg',
08-04 17:40:12.058 13842 13842 W Glide   : Load failed for http://sixgun.org/files/linuxoutlaws.jpg with size [224x224]
08-04 17:40:12.058 13842 13842 W Glide   : class com.bumptech.glide.load.engine.GlideException: Failed to load resource
08-04 17:40:12.058 13842 13842 W Glide   : There was 1 cause:
08-04 17:40:12.058 13842 13842 W Glide   : com.bumptech.glide.load.HttpException()
08-04 17:40:12.058 13842 13842 W Glide   :  call GlideException#logRootCauses(String) for more detail
08-04 17:40:12.058 13842 13842 W Glide   :   Cause (1 of 1): class com.bumptech.glide.load.engine.GlideException: Fetching data failed, class java.io.InputStream, REMOTE
08-04 17:40:12.058 13842 13842 W Glide   : There was 1 cause:
08-04 17:40:12.058 13842 13842 W Glide   : com.bumptech.glide.load.HttpException()
08-04 17:40:12.058 13842 13842 W Glide   :  call GlideException#logRootCauses(String) for more detail
08-04 17:40:12.058 13842 13842 W Glide   :     Cause (1 of 1): class com.bumptech.glide.load.HttpException: 
08-04 17:40:12.059 13842 13842 I Glide   : Root cause (1 of 1)
08-04 17:40:12.059 13842 13842 I Glide   : com.bumptech.glide.load.HttpException: 
08-04 17:40:12.059 13842 13842 I Glide   : 	at com.bumptech.glide.integration.okhttp3.OkHttpStreamFetcher.onResponse(OkHttpStreamFetcher.java:73)
08-04 17:40:12.059 13842 13842 I Glide   : 	at okhttp3.RealCall$AsyncCall.execute(RealCall.java:174)
08-04 17:40:12.059 13842 13842 I Glide   : 	at okhttp3.internal.NamedRunnable.run(NamedRunnable.java:32)
08-04 17:40:12.059 13842 13842 I Glide   : 	at java.util.concurrent.ThreadPoolExecutor.runWorker(ThreadPoolExecutor.java:1113)
08-04 17:40:12.059 13842 13842 I Glide   : 	at java.util.concurrent.ThreadPoolExecutor$Worker.run(ThreadPoolExecutor.java:588)
08-04 17:40:12.059 13842 13842 I Glide   : 	at java.lang.Thread.run(Thread.java:818)
08-04 17:40:12.059 13842 13842 W Glide   : Load failed for http://sixgun.org/files/linuxoutlaws.jpg with size [224x224]
08-04 17:40:12.059 13842 13842 W Glide   : class com.bumptech.glide.load.engine.GlideException: Failed to load resource
08-04 17:40:12.059 13842 13842 W Glide   : There was 1 cause:
08-04 17:40:12.059 13842 13842 W Glide   : com.bumptech.glide.load.HttpException()
08-04 17:40:12.059 13842 13842 W Glide   :  call GlideException#logRootCauses(String) for more detail
08-04 17:40:12.059 13842 13842 W Glide   :   Cause (1 of 1): class com.bumptech.glide.load.engine.GlideException: Fetching data failed, class java.io.InputStream, REMOTE
08-04 17:40:12.059 13842 13842 W Glide   : There was 1 cause:
08-04 17:40:12.059 13842 13842 W Glide   : com.bumptech.glide.load.HttpException()
08-04 17:40:12.059 13842 13842 W Glide   :  call GlideException#logRootCauses(String) for more detail
08-04 17:40:12.059 13842 13842 W Glide   :     Cause (1 of 1): class com.bumptech.glide.load.HttpException: 
08-04 17:40:12.059 13842 13842 I Glide   : Root cause (1 of 1)
08-04 17:40:12.059 13842 13842 I Glide   : com.bumptech.glide.load.HttpException: 
08-04 17:40:12.059 13842 13842 I Glide   : 	at com.bumptech.glide.integration.okhttp3.OkHttpStreamFetcher.onResponse(OkHttpStreamFetcher.java:73)
08-04 17:40:12.059 13842 13842 I Glide   : 	at okhttp3.RealCall$AsyncCall.execute(RealCall.java:174)
08-04 17:40:12.059 13842 13842 I Glide   : 	at okhttp3.internal.NamedRunnable.run(NamedRunnable.java:32)
08-04 17:40:12.059 13842 13842 I Glide   : 	at java.util.concurrent.ThreadPoolExecutor.runWorker(ThreadPoolExecutor.java:1113)
08-04 17:40:12.059 13842 13842 I Glide   : 	at java.util.concurrent.ThreadPoolExecutor$Worker.run(ThreadPoolExecutor.java:588)
08-04 17:40:12.059 13842 13842 I Glide   : 	at java.lang.Thread.run(Thread.java:818)
08-04 17:40:12.107 13842 13867 I art     : Starting a blocking GC Explicit
08-04 17:40:12.111   380   380 W SurfaceFlinger: couldn't log to binary event log: overflow.
08-04 17:40:12.153 13842 13867 I art     : Explicit concurrent mark sweep GC freed 4254(284KB) AllocSpace objects, 1(20KB) LOS objects, 23% free, 51MB/67MB, paused 1.539ms total 45.907ms
08-04 17:40:12.166 13842 13867 I art     : Starting a blocking GC Explicit
08-04 17:40:12.206 13842 13867 I art     : Explicit concurrent mark sweep GC freed 3370(263KB) AllocSpace objects, 1(28KB) LOS objects, 23% free, 50MB/66MB, paused 1.806ms total 40.433ms
08-04 17:40:12.219 13842 13867 I art     : Starting a blocking GC Explicit
08-04 17:40:12.263 13842 13867 I art     : Explicit concurrent mark sweep GC freed 32(880B) AllocSpace objects, 0(0B) LOS objects, 23% free, 50MB/66MB, paused 1.546ms total 43.397ms
08-04 17:40:12.276 13842 13867 I art     : Starting a blocking GC Explicit
08-04 17:40:12.320 13842 13867 I art     : Explicit concurrent mark sweep GC freed 3(96B) AllocSpace objects, 0(0B) LOS objects, 23% free, 50MB/66MB, paused 1.621ms total 44.045ms
08-04 17:40:12.334 13842 13867 I art     : Starting a blocking GC Explicit
08-04 17:40:12.379 13842 13867 I art     : Explicit concurrent mark sweep GC freed 3(96B) AllocSpace objects, 0(0B) LOS objects, 23% free, 50MB/66MB, paused 1.713ms total 44.705ms
08-04 17:40:12.746 13842 14314 I art     : Starting a blocking GC Explicit
08-04 17:40:12.803 13842 14314 I art     : Explicit concurrent mark sweep GC freed 1382(83KB) AllocSpace objects, 1(20KB) LOS objects, 23% free, 50MB/66MB, paused 1.726ms total 56.276ms
08-04 17:40:12.819 13842 14314 I art     : Starting a blocking GC Explicit
08-04 17:40:12.864 13842 14314 I art     : Explicit concurrent mark sweep GC freed 23(752B) AllocSpace objects, 0(0B) LOS objects, 23% free, 50MB/66MB, paused 1.615ms total 44.295ms
08-04 17:40:12.877 13842 14314 I art     : Starting a blocking GC Explicit
08-04 17:40:12.921 13842 14314 I art     : Explicit concurrent mark sweep GC freed 3(96B) AllocSpace objects, 0(0B) LOS objects, 23% free, 50MB/66MB, paused 1.608ms total 43.883ms
08-04 17:40:12.934 13842 14314 I art     : Starting a blocking GC Explicit
08-04 17:40:12.973 11375 11375 I ServiceManager: Waiting for service AtCmdFwd...
08-04 17:40:12.979 13842 14314 I art     : Explicit concurrent mark sweep GC freed 3(96B) AllocSpace objects, 0(0B) LOS objects, 23% free, 50MB/66MB, paused 1.660ms total 44.377ms
08-04 17:40:12.993 13842 14314 I art     : Starting a blocking GC Explicit
08-04 17:40:13.035 13842 14314 I art     : Explicit concurrent mark sweep GC freed 3(96B) AllocSpace objects, 0(0B) LOS objects, 23% free, 50MB/66MB, paused 1.596ms total 42.054ms
08-04 17:40:13.384 13842 13855 I art     : Starting a blocking GC Explicit
08-04 17:40:13.437 13842 13855 I art     : Explicit concurrent mark sweep GC freed 1423(82KB) AllocSpace objects, 1(20KB) LOS objects, 23% free, 50MB/66MB, paused 1.570ms total 53.276ms
08-04 17:40:13.452 13842 13855 I art     : Starting a blocking GC Explicit
08-04 17:40:13.493 13842 13855 I art     : Explicit concurrent mark sweep GC freed 35(1136B) AllocSpace objects, 0(0B) LOS objects, 23% free, 50MB/66MB, paused 1.636ms total 41.315ms
08-04 17:40:13.506 13842 13855 I art     : Starting a blocking GC Explicit
08-04 17:40:13.549 13842 13855 I art     : Explicit concurrent mark sweep GC freed 15(480B) AllocSpace objects, 0(0B) LOS objects, 23% free, 50MB/66MB, paused 1.900ms total 42.526ms
08-04 17:40:13.553 17045 17045 D AndroidRuntime: >>>>>> START com.android.internal.os.RuntimeInit uid 2000 <<<<<<
08-04 17:40:13.560 17045 17045 D AndroidRuntime: CheckJNI is OFF
08-04 17:40:13.562 13842 13855 I art     : Starting a blocking GC Explicit
08-04 17:40:13.602 17045 17045 D ICU     : No timezone override file found: /data/misc/zoneinfo/current/icu/icu_tzdata.dat
08-04 17:40:13.603 13842 13855 I art     : Explicit concurrent mark sweep GC freed 19(608B) AllocSpace objects, 0(0B) LOS objects, 23% free, 50MB/66MB, paused 1.587ms total 41.066ms
08-04 17:40:13.616 13842 13855 I art     : Starting a blocking GC Explicit
08-04 17:40:13.645 17045 17045 I Radio-JNI: register_android_hardware_Radio DONE
08-04 17:40:13.656 13842 13855 I art     : Explicit concurrent mark sweep GC freed 12(384B) AllocSpace objects, 0(0B) LOS objects, 23% free, 50MB/66MB, paused 1.779ms total 40.100ms
08-04 17:40:13.675 17045 17045 D AndroidRuntime: Calling main entry com.android.commands.input.Input
08-04 17:40:13.678 17045 17045 I Input   : injectMotionEvent: MotionEvent { action=ACTION_DOWN, actionButton=0, id[0]=0, x[0]=526.0, y[0]=597.0, toolType[0]=TOOL_TYPE_UNKNOWN, buttonState=0, metaState=0, flags=0x0, edgeFlags=0x0, pointerCount=1, historySize=0, eventTime=726030089, downTime=726030089, deviceId=0, source=0x1002 }
08-04 17:40:13.683 17045 17045 I Input   : injectMotionEvent: MotionEvent { action=ACTION_UP, actionButton=0, id[0]=0, x[0]=526.0, y[0]=597.0, toolType[0]=TOOL_TYPE_UNKNOWN, buttonState=0, metaState=0, flags=0x0, edgeFlags=0x0, pointerCount=1, historySize=0, eventTime=726030089, downTime=726030089, deviceId=0, source=0x1002 }
08-04 17:40:13.685 17045 17045 D AndroidRuntime: Shutting down VM
08-04 17:40:13.749 13842 13842 D PodcastListFragment: Selected podcast: GpodnetPodcast [url=http://feeds.feedburner.com/linuxoutlaws, title=Linux Outlaws, description=Two pragmatic geeks talk about the latest news concerning Linux, free and open
08-04 17:40:13.749 13842 13842 D PodcastListFragment: technology or anything else they deem noteworthy which may include such absurd
08-04 17:40:13.749 13842 13842 D PodcastListFragment: things as hockey or bands you never heard of. This means there's many a joke
08-04 17:40:13.749 13842 13842 D PodcastListFragment: and derailed conversation along the way, so don't come here expecting only
08-04 17:40:13.749 13842 13842 D PodcastListFragment: Linux or software freedom talk  just sit back and relax, partner., subscribers=3321, logoUrl=http://sixgun.org/files/linuxoutlaws.jpg, website=http://sixgun.org, mygpoLink=http://gpodder.net/podcast/linux-outlaws-mp3]
08-04 17:40:13.751   512  2967 D audio_hw_primary: out_set_parameters: enter: usecase(1: low-latency-playback) kvpairs: routing=2
08-04 17:40:13.752   918  3670 I ActivityManager: START u0 {cmp=baseline.de.danoeh.antennapod.debug/baseline.de.danoeh.antennapod.activity.OnlineFeedViewActivity (has extras)} from uid 10670 on display 0
08-04 17:40:13.765   512  2967 D audio_hw_primary: select_devices: out_snd_device(2: speaker) in_snd_device(0: none)
08-04 17:40:13.765   512  2967 D msm8974_platform: platform_send_audio_calibration: sending audio calibration for snd_device(2) acdb_id(15)
08-04 17:40:13.765   512  2967 I soundtrigger: audio_extn_sound_trigger_update_device_status: device 0x2 of type 0 for Event 1
08-04 17:40:13.777   512  2967 D audio_hw_primary: enable_snd_device: snd_device(2: speaker)
08-04 17:40:13.779   512  2967 D audio_hw_primary: enable_audio_route: apply and update mixer path: low-latency-playback speaker
08-04 17:40:13.793 13842 13842 D UserPreferences: Using default data folder
08-04 17:40:13.793 13842 13842 D OnlineFeedViewActivity: Activity was started with url http://feeds.feedburner.com/linuxoutlaws
08-04 17:40:13.801 13842 13842 D OnlineFeedViewActivity: Starting feed download
08-04 17:40:13.804 13842 13862 D DBReader: Extracting Feedlist
08-04 17:40:13.808   918  5132 D WifiService: acquireWifiLockLocked: WifiLock{Downloader type=1 binder=android.os.BinderProxy@42bab4c}
08-04 17:40:13.810 13842 13862 D AntennapodHttpClient: Creating new instance of HTTP client
08-04 17:40:13.860 13866 13866 I GoogleInputMethodServic: GoogleInputMethodService.onFinishInput():3138 
08-04 17:40:13.860 13866 13866 I GoogleInputMethodServic: GoogleInputMethodService.onStartInput():1808 
08-04 17:40:13.871 13842 13862 D MYTAG   : interceptor 3a http://feeds.feedburner.com/linuxoutlaws
08-04 17:40:13.872 13842 13862 I NAPPA_EXPERIMENTATION: MetricNetworkRequestExecutionTime: REQUEST_DURATION_SYSTEM='59',REQUEST_DURATION_OKHTTP='30',REQUEST_SYNCHRONOUS='TRUE',RESPONSE_CODE='200',RESPONSE_METHOD='GET',RESPONSE_LENGTH_OKHTTP='-1',RESPONSE_LENGTH_HEADER='-2',REQUEST_PROTOCOL='http/1.1',REQUEST_URL='http://feeds.feedburner.com/linuxoutlaws',
08-04 17:40:13.872 13842 13862 D HttpDownloader: Response code is 200
08-04 17:40:13.872 13842 13862 D UserPreferences: Using default data folder
08-04 17:40:13.875 13842 13862 D HttpDownloader: Getting size of download
08-04 17:40:13.875 13842 13862 D HttpDownloader: Size is -1
08-04 17:40:13.875 13842 13862 D UserPreferences: Using default data folder
08-04 17:40:13.876 13842 13862 D HttpDownloader: Free space is 20233986048
08-04 17:40:13.876 13842 13862 D HttpDownloader: Starting download
08-04 17:40:13.884 13842 13862 D HttpDownloader: Download was successful
08-04 17:40:13.885   918   936 I ActivityManager: Displayed baseline.de.danoeh.antennapod.debug/baseline.de.danoeh.antennapod.activity.OnlineFeedViewActivity: +119ms
08-04 17:40:13.885   918  3714 D WifiService: releaseWifiLockLocked: WifiLock{Downloader type=1 binder=android.os.BinderProxy@42bab4c}
08-04 17:40:13.898 13842 13842 D OnlineFeedViewActivity: Parsing feed
08-04 17:40:13.905 13842 17080 D TypeGetter: Recognized type RSS 2.0
08-04 17:40:13.907 13842 17080 D SyndHandler: Recognized Content namespace
08-04 17:40:13.907 13842 17080 D SyndHandler: Recognized DublinCore namespace
08-04 17:40:13.907 13842 17080 D SyndHandler: Recognized Atom namespace
08-04 17:40:13.907 13842 17080 D SyndHandler: Recognized ITunes namespace
08-04 17:40:13.907 13842 17080 D SyndHandler: Recognized media namespace
08-04 17:40:13.917 13842 13863 D OpenGLRenderer: endAllStagingAnimators on 0x7f7eca0000 (GridView) with handle 0x7f70f23a60
08-04 17:40:13.944 13842 17080 D OnlineFeedViewActivity: Deleted feed source file. Result: true
08-04 17:40:13.945 13842 13842 D OnlineFeedViewActivity: Removing HTML from shownotes
08-04 17:40:13.965 13842 14796 D ApOkHttpUrlLoader: buildLoadData() called with: model = [http://sixgun.org/files/linuxoutlaws.jpg], width = [350], height = [350]
08-04 17:40:13.966 13842 14625 D DBReader: getImageAuthentication() called with: imageUrl = [http://sixgun.org/files/linuxoutlaws.jpg]
08-04 17:40:13.969 13842 14625 D ApOkHttpUrlLoader: no credentials for 'http://sixgun.org/files/linuxoutlaws.jpg'
08-04 17:40:13.974 11375 11375 I ServiceManager: Waiting for service AtCmdFwd...
08-04 17:40:13.995 13842 14625 D DBWriter: updateFeedDownloadURL(original: http://sixgun.org/files/linuxoutlaws.jpg, updated: https://fab.industries/sixgun/files/linuxoutlaws.jpg)
08-04 17:40:14.001 13842 14314 I art     : Starting a blocking GC Explicit
08-04 17:40:14.056 13842 14314 I art     : Explicit concurrent mark sweep GC freed 8549(950KB) AllocSpace objects, 15(828KB) LOS objects, 23% free, 51MB/67MB, paused 1.802ms total 54.468ms
08-04 17:40:14.072 13842 14314 I art     : Starting a blocking GC Explicit
08-04 17:40:14.122 13842 14314 I art     : Explicit concurrent mark sweep GC freed 1487(67KB) AllocSpace objects, 0(0B) LOS objects, 23% free, 51MB/67MB, paused 1.535ms total 50.423ms
08-04 17:40:14.128 13842 14625 D MYTAG   : interceptor 2a
08-04 17:40:14.129 13842 14625 I NAPPA_EXPERIMENTATION: MetricNetworkRequestExecutionTime: REQUEST_DURATION_SYSTEM='159',REQUEST_DURATION_OKHTTP='128',REQUEST_SYNCHRONOUS='TRUE',RESPONSE_CODE='404',RESPONSE_METHOD='GET',RESPONSE_LENGTH_OKHTTP='-1',RESPONSE_LENGTH_HEADER='1503',REQUEST_PROTOCOL='h2',REQUEST_URL='https://fab.industries/sixgun/files/linuxoutlaws.jpg',
08-04 17:40:14.131   380   380 W SurfaceFlinger: couldn't log to binary event log: overflow.
08-04 17:40:14.132 13842 13842 W Glide   : Load failed for http://sixgun.org/files/linuxoutlaws.jpg with size [350x350]
08-04 17:40:14.132 13842 13842 W Glide   : class com.bumptech.glide.load.engine.GlideException: Failed to load resource
08-04 17:40:14.132 13842 13842 W Glide   : There was 1 cause:
08-04 17:40:14.132 13842 13842 W Glide   : com.bumptech.glide.load.HttpException()
08-04 17:40:14.132 13842 13842 W Glide   :  call GlideException#logRootCauses(String) for more detail
08-04 17:40:14.132 13842 13842 W Glide   :   Cause (1 of 1): class com.bumptech.glide.load.engine.GlideException: Fetching data failed, class java.io.InputStream, REMOTE
08-04 17:40:14.132 13842 13842 W Glide   : There was 1 cause:
08-04 17:40:14.132 13842 13842 W Glide   : com.bumptech.glide.load.HttpException()
08-04 17:40:14.132 13842 13842 W Glide   :  call GlideException#logRootCauses(String) for more detail
08-04 17:40:14.132 13842 13842 W Glide   :     Cause (1 of 1): class com.bumptech.glide.load.HttpException: 
08-04 17:40:14.132 13842 13842 I Glide   : Root cause (1 of 1)
08-04 17:40:14.132 13842 13842 I Glide   : com.bumptech.glide.load.HttpException: 
08-04 17:40:14.132 13842 13842 I Glide   : 	at com.bumptech.glide.integration.okhttp3.OkHttpStreamFetcher.onResponse(OkHttpStreamFetcher.java:73)
08-04 17:40:14.132 13842 13842 I Glide   : 	at okhttp3.RealCall$AsyncCall.execute(RealCall.java:174)
08-04 17:40:14.132 13842 13842 I Glide   : 	at okhttp3.internal.NamedRunnable.run(NamedRunnable.java:32)
08-04 17:40:14.132 13842 13842 I Glide   : 	at java.util.concurrent.ThreadPoolExecutor.runWorker(ThreadPoolExecutor.java:1113)
08-04 17:40:14.132 13842 13842 I Glide   : 	at java.util.concurrent.ThreadPoolExecutor$Worker.run(ThreadPoolExecutor.java:588)
08-04 17:40:14.132 13842 13842 I Glide   : 	at java.lang.Thread.run(Thread.java:818)
08-04 17:40:14.138 13842 14314 I art     : Starting a blocking GC Explicit
08-04 17:40:14.179 13842 14314 I art     : Explicit concurrent mark sweep GC freed 459(47KB) AllocSpace objects, 0(0B) LOS objects, 23% free, 51MB/67MB, paused 1.647ms total 39.867ms
08-04 17:40:14.191 13842 14314 I art     : Starting a blocking GC Explicit
08-04 17:40:14.232 13842 14314 I art     : Explicit concurrent mark sweep GC freed 14(576B) AllocSpace objects, 0(0B) LOS objects, 23% free, 51MB/67MB, paused 1.480ms total 40.581ms
08-04 17:40:14.245 13842 14314 I art     : Starting a blocking GC Explicit
08-04 17:40:14.254 13842 13842 D PlaybackController: Releasing PlaybackController
08-04 17:40:14.290 13842 14314 I art     : Explicit concurrent mark sweep GC freed 331(15KB) AllocSpace objects, 0(0B) LOS objects, 23% free, 51MB/67MB, paused 1.539ms total 44.914ms
08-04 17:40:14.320   512  2967 D audio_hw_primary: disable_audio_route: reset and update mixer path: low-latency-playback speaker
08-04 17:40:14.322   512  2967 D audio_hw_primary: disable_snd_device: snd_device(2: speaker)
08-04 17:40:14.330   512  2967 I soundtrigger: audio_extn_sound_trigger_update_device_status: device 0x2 of type 0 for Event 0
08-04 17:40:14.657 13842 13855 I art     : Starting a blocking GC Explicit
08-04 17:40:14.716 13842 13855 I art     : Explicit concurrent mark sweep GC freed 1400(83KB) AllocSpace objects, 2(132KB) LOS objects, 23% free, 50MB/66MB, paused 1.956ms total 58.949ms
08-04 17:40:14.732 13842 13855 I art     : Starting a blocking GC Explicit
08-04 17:40:14.777 13842 13855 I art     : Explicit concurrent mark sweep GC freed 23(752B) AllocSpace objects, 0(0B) LOS objects, 23% free, 50MB/66MB, paused 1.588ms total 45.510ms
08-04 17:40:14.791 13842 13855 I art     : Starting a blocking GC Explicit
08-04 17:40:14.837 13842 13855 I art     : Explicit concurrent mark sweep GC freed 3(96B) AllocSpace objects, 0(0B) LOS objects, 23% free, 50MB/66MB, paused 1.544ms total 45.472ms
08-04 17:40:14.850 13842 13855 I art     : Starting a blocking GC Explicit
08-04 17:40:14.896 13842 13855 I art     : Explicit concurrent mark sweep GC freed 3(96B) AllocSpace objects, 0(0B) LOS objects, 23% free, 50MB/66MB, paused 1.612ms total 45.600ms
08-04 17:40:14.909 13842 13855 I art     : Starting a blocking GC Explicit
08-04 17:40:14.939   918  3188 I hubconnection: sensorhub said: 'set_bias 3: -5.7888, 0.0000, 0.0000'
08-04 17:40:14.955 13842 13855 I art     : Explicit concurrent mark sweep GC freed 3(96B) AllocSpace objects, 0(0B) LOS objects, 23% free, 50MB/66MB, paused 1.521ms total 44.993ms
08-04 17:40:14.974 11375 11375 I ServiceManager: Waiting for service AtCmdFwd...
08-04 17:40:15.331 13842 13867 I art     : Starting a blocking GC Explicit
08-04 17:40:15.393 13842 13867 I art     : Explicit concurrent mark sweep GC freed 1413(82KB) AllocSpace objects, 1(20KB) LOS objects, 23% free, 50MB/66MB, paused 1.812ms total 61.199ms
08-04 17:40:15.409 13842 13867 I art     : Starting a blocking GC Explicit
08-04 17:40:15.459 13842 13867 I art     : Explicit concurrent mark sweep GC freed 23(752B) AllocSpace objects, 0(0B) LOS objects, 23% free, 50MB/66MB, paused 1.587ms total 49.908ms
08-04 17:40:15.473 13842 13867 I art     : Starting a blocking GC Explicit
08-04 17:40:15.523 13842 13867 I art     : Explicit concurrent mark sweep GC freed 3(96B) AllocSpace objects, 0(0B) LOS objects, 23% free, 50MB/66MB, paused 1.684ms total 48.993ms
08-04 17:40:15.536 13842 13867 I art     : Starting a blocking GC Explicit
08-04 17:40:15.583 13842 13867 I art     : Explicit concurrent mark sweep GC freed 4(128B) AllocSpace objects, 0(0B) LOS objects, 23% free, 50MB/66MB, paused 1.707ms total 45.822ms
08-04 17:40:15.597 13842 13867 I art     : Starting a blocking GC Explicit
08-04 17:40:15.644 13842 13867 I art     : Explicit concurrent mark sweep GC freed 11(352B) AllocSpace objects, 0(0B) LOS objects, 23% free, 50MB/66MB, paused 1.523ms total 46.391ms
08-04 17:40:15.974 11375 11375 W Atfwd_Sendcmd: AtCmdFwd service not published, waiting... retryCnt : 2
08-04 17:40:16.052 13842 13854 I art     : Starting a blocking GC Explicit
08-04 17:40:16.111 13842 13854 I art     : Explicit concurrent mark sweep GC freed 1402(81KB) AllocSpace objects, 1(20KB) LOS objects, 23% free, 50MB/66MB, paused 1.879ms total 58.684ms
08-04 17:40:16.129 13842 13854 I art     : Starting a blocking GC Explicit
08-04 17:40:16.177 13842 13854 I art     : Explicit concurrent mark sweep GC freed 23(752B) AllocSpace objects, 0(0B) LOS objects, 23% free, 50MB/66MB, paused 1.796ms total 48.425ms
08-04 17:40:16.191 13842 13854 I art     : Starting a blocking GC Explicit
08-04 17:40:16.241 13842 13854 I art     : Explicit concurrent mark sweep GC freed 32(880B) AllocSpace objects, 0(0B) LOS objects, 23% free, 50MB/66MB, paused 1.744ms total 49.898ms
08-04 17:40:16.255 13842 13854 I art     : Starting a blocking GC Explicit
08-04 17:40:16.303 13842 13854 I art     : Explicit concurrent mark sweep GC freed 3(96B) AllocSpace objects, 0(0B) LOS objects, 23% free, 50MB/66MB, paused 1.707ms total 48.056ms
08-04 17:40:16.318 13842 13854 I art     : Starting a blocking GC Explicit
08-04 17:40:16.369 13842 13854 I art     : Explicit concurrent mark sweep GC freed 3(96B) AllocSpace objects, 0(0B) LOS objects, 23% free, 50MB/66MB, paused 1.914ms total 51.123ms
08-04 17:40:16.784 13842 13855 I art     : Starting a blocking GC Explicit
08-04 17:40:16.846 13842 13855 I art     : Explicit concurrent mark sweep GC freed 1381(81KB) AllocSpace objects, 1(20KB) LOS objects, 23% free, 50MB/66MB, paused 1.797ms total 61.644ms
08-04 17:40:16.862 13842 13855 I art     : Starting a blocking GC Explicit
08-04 17:40:16.911 13842 13855 I art     : Explicit concurrent mark sweep GC freed 23(752B) AllocSpace objects, 0(0B) LOS objects, 23% free, 50MB/66MB, paused 1.690ms total 48.597ms
08-04 17:40:16.925 13842 13855 I art     : Starting a blocking GC Explicit
08-04 17:40:16.975 13842 13855 I art     : Explicit concurrent mark sweep GC freed 3(96B) AllocSpace objects, 0(0B) LOS objects, 23% free, 50MB/66MB, paused 1.680ms total 50.058ms
08-04 17:40:16.990 13842 13855 I art     : Starting a blocking GC Explicit
08-04 17:40:17.038 13842 13855 I art     : Explicit concurrent mark sweep GC freed 3(96B) AllocSpace objects, 0(0B) LOS objects, 23% free, 50MB/66MB, paused 1.797ms total 48.149ms
08-04 17:40:17.052 13842 13855 I art     : Starting a blocking GC Explicit
08-04 17:40:17.104 13842 13855 I art     : Explicit concurrent mark sweep GC freed 3(96B) AllocSpace objects, 0(0B) LOS objects, 23% free, 50MB/66MB, paused 1.766ms total 50.844ms
08-04 17:40:17.502 13842 14314 I art     : Starting a blocking GC Explicit
08-04 17:40:17.562 13842 14314 I art     : Explicit concurrent mark sweep GC freed 1410(81KB) AllocSpace objects, 1(20KB) LOS objects, 23% free, 50MB/66MB, paused 1.839ms total 59.267ms
08-04 17:40:17.577 13842 14314 I art     : Starting a blocking GC Explicit
08-04 17:40:17.623 13842 14314 I art     : Explicit concurrent mark sweep GC freed 23(752B) AllocSpace objects, 0(0B) LOS objects, 23% free, 50MB/66MB, paused 1.588ms total 45.128ms
08-04 17:40:17.636 13842 14314 I art     : Starting a blocking GC Explicit
08-04 17:40:17.681 13842 14314 I art     : Explicit concurrent mark sweep GC freed 3(96B) AllocSpace objects, 0(0B) LOS objects, 23% free, 50MB/66MB, paused 1.655ms total 45.042ms
08-04 17:40:17.695 13842 14314 I art     : Starting a blocking GC Explicit
08-04 17:40:17.741 13842 14314 I art     : Explicit concurrent mark sweep GC freed 3(96B) AllocSpace objects, 0(0B) LOS objects, 23% free, 50MB/66MB, paused 1.663ms total 45.654ms
08-04 17:40:17.754 13842 14314 I art     : Starting a blocking GC Explicit
08-04 17:40:17.800 13842 14314 I art     : Explicit concurrent mark sweep GC freed 3(96B) AllocSpace objects, 0(0B) LOS objects, 23% free, 50MB/66MB, paused 1.695ms total 45.080ms
08-04 17:40:18.152 13842 13867 I art     : Starting a blocking GC Explicit
08-04 17:40:18.202 13842 13867 I art     : Explicit concurrent mark sweep GC freed 1383(84KB) AllocSpace objects, 1(20KB) LOS objects, 23% free, 50MB/66MB, paused 1.661ms total 49.662ms
08-04 17:40:18.216 13842 13867 I art     : Starting a blocking GC Explicit
08-04 17:40:18.262 13842 13867 I art     : Explicit concurrent mark sweep GC freed 52(1536B) AllocSpace objects, 0(0B) LOS objects, 23% free, 50MB/66MB, paused 1.677ms total 45.588ms
08-04 17:40:18.275 13842 13867 I art     : Starting a blocking GC Explicit
08-04 17:40:18.322 13842 13867 I art     : Explicit concurrent mark sweep GC freed 3(96B) AllocSpace objects, 0(0B) LOS objects, 23% free, 50MB/66MB, paused 1.726ms total 46.975ms
08-04 17:40:18.336 13842 13867 I art     : Starting a blocking GC Explicit
08-04 17:40:18.385 13842 13867 I art     : Explicit concurrent mark sweep GC freed 3(96B) AllocSpace objects, 0(0B) LOS objects, 23% free, 50MB/66MB, paused 1.721ms total 48.673ms
08-04 17:40:18.398 13842 13867 I art     : Starting a blocking GC Explicit
08-04 17:40:18.444 13842 13867 I art     : Explicit concurrent mark sweep GC freed 3(96B) AllocSpace objects, 0(0B) LOS objects, 23% free, 50MB/66MB, paused 1.697ms total 45.855ms
08-04 17:40:18.513 17132 17132 D AndroidRuntime: >>>>>> START com.android.internal.os.RuntimeInit uid 2000 <<<<<<
08-04 17:40:18.520 17132 17132 D AndroidRuntime: CheckJNI is OFF
08-04 17:40:18.566 17132 17132 D ICU     : No timezone override file found: /data/misc/zoneinfo/current/icu/icu_tzdata.dat
08-04 17:40:18.612 17132 17132 I Radio-JNI: register_android_hardware_Radio DONE
08-04 17:40:18.643 17132 17132 D AndroidRuntime: Calling main entry com.android.commands.input.Input
08-04 17:40:18.646 17132 17132 I Input   : injectKeyEvent: KeyEvent { action=ACTION_DOWN, keyCode=KEYCODE_BACK, scanCode=0, metaState=0, flags=0x0, repeatCount=0, eventTime=726035059, downTime=726035059, deviceId=-1, source=0x101 }
08-04 17:40:18.652 17132 17132 I Input   : injectKeyEvent: KeyEvent { action=ACTION_UP, keyCode=KEYCODE_BACK, scanCode=0, metaState=0, flags=0x0, repeatCount=0, eventTime=726035059, downTime=726035059, deviceId=-1, source=0x101 }
08-04 17:40:18.659 17132 17132 D AndroidRuntime: Shutting down VM
08-04 17:40:18.664 13842 13842 V PlaybackController: initServiceNotRunning()
08-04 17:40:18.664 13842 13842 D ExternalPlayerFragment: Loading media info
08-04 17:40:18.669 13842 13842 D UserPreferences: Using default data folder
08-04 17:40:18.671 13842 14796 D ApOkHttpUrlLoader: buildLoadData() called with: model = [http://sixgun.org/files/linuxoutlaws.jpg], width = [224], height = [224]
08-04 17:40:18.671 13842 13862 D DBReader: getNavDrawerData() called with: 
08-04 17:40:18.672 13842 14625 D DBReader: getImageAuthentication() called with: imageUrl = [http://sixgun.org/files/linuxoutlaws.jpg]
08-04 17:40:18.687 13842 14625 D ApOkHttpUrlLoader: no credentials for 'http://sixgun.org/files/linuxoutlaws.jpg'
08-04 17:40:18.690 13842 13862 D DBReader: getDownloadedItems() called
08-04 17:40:18.691 13842 13862 D DBReader: getFavoriteIDList() called
08-04 17:40:18.692 13842 13862 D DBReader: getQueueIDList() called
08-04 17:40:18.693 13842 13862 D DBReader: Extracting Feedlist
08-04 17:40:18.703 13866 13866 I GoogleInputMethodServic: GoogleInputMethodService.onFinishInput():3138 
08-04 17:40:18.703 13866 13866 I GoogleInputMethodServic: GoogleInputMethodService.onStartInput():1808 
08-04 17:40:18.720 13842 13842 D MainActivity: getLastNavFragment() -> AddFeedFragment
08-04 17:40:18.786 13842 14625 D DBWriter: updateFeedDownloadURL(original: http://sixgun.org/files/linuxoutlaws.jpg, updated: https://fab.industries/sixgun/files/linuxoutlaws.jpg)
08-04 17:40:18.813 13842 13854 I art     : Starting a blocking GC Explicit
08-04 17:40:18.865 13842 13854 I art     : Explicit concurrent mark sweep GC freed 3112(186KB) AllocSpace objects, 1(20KB) LOS objects, 23% free, 51MB/67MB, paused 1.691ms total 51.794ms
08-04 17:40:18.882 13842 13854 I art     : Starting a blocking GC Explicit
08-04 17:40:18.920 13842 14625 D MYTAG   : interceptor 2a
08-04 17:40:18.920 13842 14625 I NAPPA_EXPERIMENTATION: MetricNetworkRequestExecutionTime: REQUEST_DURATION_SYSTEM='233',REQUEST_DURATION_OKHTTP='132',REQUEST_SYNCHRONOUS='TRUE',RESPONSE_CODE='404',RESPONSE_METHOD='GET',RESPONSE_LENGTH_OKHTTP='-1',RESPONSE_LENGTH_HEADER='1503',REQUEST_PROTOCOL='h2',REQUEST_URL='https://fab.industries/sixgun/files/linuxoutlaws.jpg',
08-04 17:40:18.923 13842 13842 W Glide   : Load failed for http://sixgun.org/files/linuxoutlaws.jpg with size [224x224]
08-04 17:40:18.923 13842 13842 W Glide   : class com.bumptech.glide.load.engine.GlideException: Failed to load resource
08-04 17:40:18.923 13842 13842 W Glide   : There was 1 cause:
08-04 17:40:18.923 13842 13842 W Glide   : com.bumptech.glide.load.HttpException()
08-04 17:40:18.923 13842 13842 W Glide   :  call GlideException#logRootCauses(String) for more detail
08-04 17:40:18.923 13842 13842 W Glide   :   Cause (1 of 1): class com.bumptech.glide.load.engine.GlideException: Fetching data failed, class java.io.InputStream, REMOTE
08-04 17:40:18.923 13842 13842 W Glide   : There was 1 cause:
08-04 17:40:18.923 13842 13842 W Glide   : com.bumptech.glide.load.HttpException()
08-04 17:40:18.923 13842 13842 W Glide   :  call GlideException#logRootCauses(String) for more detail
08-04 17:40:18.923 13842 13842 W Glide   :     Cause (1 of 1): class com.bumptech.glide.load.HttpException: 
08-04 17:40:18.924 13842 13842 I Glide   : Root cause (1 of 1)
08-04 17:40:18.924 13842 13842 I Glide   : com.bumptech.glide.load.HttpException: 
08-04 17:40:18.924 13842 13842 I Glide   : 	at com.bumptech.glide.integration.okhttp3.OkHttpStreamFetcher.onResponse(OkHttpStreamFetcher.java:73)
08-04 17:40:18.924 13842 13842 I Glide   : 	at okhttp3.RealCall$AsyncCall.execute(RealCall.java:174)
08-04 17:40:18.924 13842 13842 I Glide   : 	at okhttp3.internal.NamedRunnable.run(NamedRunnable.java:32)
08-04 17:40:18.924 13842 13842 I Glide   : 	at java.util.concurrent.ThreadPoolExecutor.runWorker(ThreadPoolExecutor.java:1113)
08-04 17:40:18.924 13842 13842 I Glide   : 	at java.util.concurrent.ThreadPoolExecutor$Worker.run(ThreadPoolExecutor.java:588)
08-04 17:40:18.924 13842 13842 I Glide   : 	at java.lang.Thread.run(Thread.java:818)
08-04 17:40:18.924 13842 13842 W Glide   : Load failed for http://sixgun.org/files/linuxoutlaws.jpg with size [224x224]
08-04 17:40:18.924 13842 13842 W Glide   : class com.bumptech.glide.load.engine.GlideException: Failed to load resource
08-04 17:40:18.924 13842 13842 W Glide   : There was 1 cause:
08-04 17:40:18.924 13842 13842 W Glide   : com.bumptech.glide.load.HttpException()
08-04 17:40:18.924 13842 13842 W Glide   :  call GlideException#logRootCauses(String) for more detail
08-04 17:40:18.924 13842 13842 W Glide   :   Cause (1 of 1): class com.bumptech.glide.load.engine.GlideException: Fetching data failed, class java.io.InputStream, REMOTE
08-04 17:40:18.924 13842 13842 W Glide   : There was 1 cause:
08-04 17:40:18.924 13842 13842 W Glide   : com.bumptech.glide.load.HttpException()
08-04 17:40:18.924 13842 13842 W Glide   :  call GlideException#logRootCauses(String) for more detail
08-04 17:40:18.924 13842 13842 W Glide   :     Cause (1 of 1): class com.bumptech.glide.load.HttpException: 
08-04 17:40:18.925 13842 13842 I Glide   : Root cause (1 of 1)
08-04 17:40:18.925 13842 13842 I Glide   : com.bumptech.glide.load.HttpException: 
08-04 17:40:18.925 13842 13842 I Glide   : 	at com.bumptech.glide.integration.okhttp3.OkHttpStreamFetcher.onResponse(OkHttpStreamFetcher.java:73)
08-04 17:40:18.925 13842 13842 I Glide   : 	at okhttp3.RealCall$AsyncCall.execute(RealCall.java:174)
08-04 17:40:18.925 13842 13842 I Glide   : 	at okhttp3.internal.NamedRunnable.run(NamedRunnable.java:32)
08-04 17:40:18.925 13842 13842 I Glide   : 	at java.util.concurrent.ThreadPoolExecutor.runWorker(ThreadPoolExecutor.java:1113)
08-04 17:40:18.925 13842 13842 I Glide   : 	at java.util.concurrent.ThreadPoolExecutor$Worker.run(ThreadPoolExecutor.java:588)
08-04 17:40:18.925 13842 13842 I Glide   : 	at java.lang.Thread.run(Thread.java:818)
08-04 17:40:18.935 13842 13854 I art     : Explicit concurrent mark sweep GC freed 903(96KB) AllocSpace objects, 0(0B) LOS objects, 23% free, 50MB/66MB, paused 1.690ms total 52.751ms
08-04 17:40:18.951 13842 13854 I art     : Starting a blocking GC Explicit
08-04 17:40:18.999 13842 13854 I art     : Explicit concurrent mark sweep GC freed 179(7KB) AllocSpace objects, 0(0B) LOS objects, 23% free, 50MB/66MB, paused 1.677ms total 47.561ms
08-04 17:40:19.002   380   380 W SurfaceFlinger: couldn't log to binary event log: overflow.
08-04 17:40:19.015 13842 13854 I art     : Starting a blocking GC Explicit
08-04 17:40:19.056 13842 13854 I art     : Explicit concurrent mark sweep GC freed 595(24KB) AllocSpace objects, 0(0B) LOS objects, 23% free, 50MB/66MB, paused 1.550ms total 40.549ms
08-04 17:40:19.068 13842 13854 I art     : Starting a blocking GC Explicit
08-04 17:40:19.112 13842 13854 I art     : Explicit concurrent mark sweep GC freed 119(6KB) AllocSpace objects, 0(0B) LOS objects, 23% free, 50MB/66MB, paused 1.721ms total 43.012ms
08-04 17:40:19.475 13842 14314 I art     : Starting a blocking GC Explicit
08-04 17:40:19.537 13842 14314 I art     : Explicit concurrent mark sweep GC freed 4176(313KB) AllocSpace objects, 2(48KB) LOS objects, 23% free, 50MB/66MB, paused 1.673ms total 61.784ms
08-04 17:40:19.553 13842 14314 I art     : Starting a blocking GC Explicit
08-04 17:40:19.597 13842 14314 I art     : Explicit concurrent mark sweep GC freed 23(752B) AllocSpace objects, 0(0B) LOS objects, 23% free, 50MB/66MB, paused 1.608ms total 43.313ms
08-04 17:40:19.610 13842 14314 I art     : Starting a blocking GC Explicit
08-04 17:40:19.654 13842 14314 I art     : Explicit concurrent mark sweep GC freed 3(96B) AllocSpace objects, 0(0B) LOS objects, 23% free, 50MB/66MB, paused 1.580ms total 43.845ms
08-04 17:40:19.667 13842 14314 I art     : Starting a blocking GC Explicit
08-04 17:40:19.711 13842 14314 I art     : Explicit concurrent mark sweep GC freed 3(96B) AllocSpace objects, 0(0B) LOS objects, 23% free, 50MB/66MB, paused 1.516ms total 43.321ms
08-04 17:40:19.724 13842 14314 I art     : Starting a blocking GC Explicit
08-04 17:40:19.769 13842 14314 I art     : Explicit concurrent mark sweep GC freed 3(96B) AllocSpace objects, 0(0B) LOS objects, 23% free, 50MB/66MB, paused 1.645ms total 44.252ms
08-04 17:40:19.769 13842 13853 I art     : WaitForGcToComplete blocked for 44.535ms for cause HeapTrim
08-04 17:40:20.112 13842 13867 I art     : Starting a blocking GC Explicit
08-04 17:40:20.163 13842 13867 I art     : Explicit concurrent mark sweep GC freed 1383(82KB) AllocSpace objects, 1(20KB) LOS objects, 23% free, 50MB/66MB, paused 1.818ms total 51.232ms
08-04 17:40:20.177 13842 13867 I art     : Starting a blocking GC Explicit
08-04 17:40:20.220 13842 13867 I art     : Explicit concurrent mark sweep GC freed 23(752B) AllocSpace objects, 0(0B) LOS objects, 23% free, 50MB/66MB, paused 1.618ms total 41.935ms
08-04 17:40:20.232 13842 13867 I art     : Starting a blocking GC Explicit
08-04 17:40:20.274 13842 13867 I art     : Explicit concurrent mark sweep GC freed 32(880B) AllocSpace objects, 0(0B) LOS objects, 23% free, 50MB/66MB, paused 1.763ms total 41.797ms
08-04 17:40:20.287 13842 13867 I art     : Starting a blocking GC Explicit
08-04 17:40:20.332 13842 13867 I art     : Explicit concurrent mark sweep GC freed 15(480B) AllocSpace objects, 0(0B) LOS objects, 23% free, 50MB/66MB, paused 1.681ms total 44.649ms
08-04 17:40:20.345 13842 13867 I art     : Starting a blocking GC Explicit
08-04 17:40:20.388 13842 13867 I art     : Explicit concurrent mark sweep GC freed 14(448B) AllocSpace objects, 0(0B) LOS objects, 23% free, 50MB/66MB, paused 1.612ms total 42.501ms
08-04 17:40:20.460 17178 17178 D AndroidRuntime: >>>>>> START com.android.internal.os.RuntimeInit uid 2000 <<<<<<
08-04 17:40:20.466 17178 17178 D AndroidRuntime: CheckJNI is OFF
08-04 17:40:20.509 17178 17178 D ICU     : No timezone override file found: /data/misc/zoneinfo/current/icu/icu_tzdata.dat
08-04 17:40:20.553 17178 17178 I Radio-JNI: register_android_hardware_Radio DONE
08-04 17:40:20.581 17178 17178 D AndroidRuntime: Calling main entry com.android.commands.input.Input
08-04 17:40:20.583 17178 17178 I Input   : injectKeyEvent: KeyEvent { action=ACTION_DOWN, keyCode=KEYCODE_BACK, scanCode=0, metaState=0, flags=0x0, repeatCount=0, eventTime=726036996, downTime=726036996, deviceId=-1, source=0x101 }
08-04 17:40:20.591 17178 17178 I Input   : injectKeyEvent: KeyEvent { action=ACTION_UP, keyCode=KEYCODE_BACK, scanCode=0, metaState=0, flags=0x0, repeatCount=0, eventTime=726036996, downTime=726036996, deviceId=-1, source=0x101 }
08-04 17:40:20.613 17178 17178 D AndroidRuntime: Shutting down VM
08-04 17:40:20.753 13842 16513 I art     : Starting a blocking GC Explicit
08-04 17:40:20.801 13842 16513 I art     : Explicit concurrent mark sweep GC freed 3599(172KB) AllocSpace objects, 1(20KB) LOS objects, 23% free, 50MB/66MB, paused 1.606ms total 47.590ms
08-04 17:40:20.817 13842 16513 I art     : Starting a blocking GC Explicit
08-04 17:40:20.858 13842 16513 I art     : Explicit concurrent mark sweep GC freed 5341(394KB) AllocSpace objects, 9(1620KB) LOS objects, 24% free, 48MB/64MB, paused 1.550ms total 40.812ms
08-04 17:40:20.870 13842 16513 I art     : Starting a blocking GC Explicit
08-04 17:40:20.911 13842 16513 I art     : Explicit concurrent mark sweep GC freed 3(96B) AllocSpace objects, 0(0B) LOS objects, 24% free, 48MB/64MB, paused 1.549ms total 39.926ms
08-04 17:40:20.923 13842 16513 I art     : Starting a blocking GC Explicit
08-04 17:40:20.965 13842 16513 I art     : Explicit concurrent mark sweep GC freed 3(96B) AllocSpace objects, 0(0B) LOS objects, 24% free, 48MB/64MB, paused 1.594ms total 41.382ms
08-04 17:40:20.978 13842 16513 I art     : Starting a blocking GC Explicit
08-04 17:40:21.020 13842 16513 I art     : Explicit concurrent mark sweep GC freed 3(96B) AllocSpace objects, 0(0B) LOS objects, 24% free, 48MB/64MB, paused 1.587ms total 41.813ms
08-04 17:40:21.393 13842 13867 I art     : Starting a blocking GC Explicit
08-04 17:40:21.446 13842 13867 I art     : Explicit concurrent mark sweep GC freed 1411(82KB) AllocSpace objects, 1(20KB) LOS objects, 24% free, 48MB/64MB, paused 1.875ms total 53.082ms
08-04 17:40:21.461 13842 13867 I art     : Starting a blocking GC Explicit
08-04 17:40:21.503 13842 13867 I art     : Explicit concurrent mark sweep GC freed 23(752B) AllocSpace objects, 0(0B) LOS objects, 24% free, 48MB/64MB, paused 1.550ms total 41.855ms
08-04 17:40:21.516 13842 13867 I art     : Starting a blocking GC Explicit
08-04 17:40:21.558 13842 13867 I art     : Explicit concurrent mark sweep GC freed 3(96B) AllocSpace objects, 0(0B) LOS objects, 24% free, 48MB/64MB, paused 1.677ms total 41.838ms
08-04 17:40:21.571 13842 13867 I art     : Starting a blocking GC Explicit
08-04 17:40:21.613 13842 13867 I art     : Explicit concurrent mark sweep GC freed 3(96B) AllocSpace objects, 0(0B) LOS objects, 24% free, 48MB/64MB, paused 1.575ms total 41.944ms
08-04 17:40:21.626 13842 13867 I art     : Starting a blocking GC Explicit
08-04 17:40:21.669 13842 13867 I art     : Explicit concurrent mark sweep GC freed 3(96B) AllocSpace objects, 0(0B) LOS objects, 24% free, 48MB/64MB, paused 1.634ms total 42.003ms
08-04 17:40:22.021 13842 13854 I art     : Starting a blocking GC Explicit
08-04 17:40:22.071 13842 13854 I art     : Explicit concurrent mark sweep GC freed 1381(82KB) AllocSpace objects, 1(20KB) LOS objects, 24% free, 48MB/64MB, paused 1.735ms total 49.300ms
08-04 17:40:22.088 13842 13854 I art     : Starting a blocking GC Explicit
08-04 17:40:22.129 13842 13854 I art     : Explicit concurrent mark sweep GC freed 23(752B) AllocSpace objects, 0(0B) LOS objects, 24% free, 48MB/64MB, paused 1.661ms total 40.823ms
08-04 17:40:22.142 13842 13854 I art     : Starting a blocking GC Explicit
08-04 17:40:22.183 13842 13854 I art     : Explicit concurrent mark sweep GC freed 3(96B) AllocSpace objects, 0(0B) LOS objects, 24% free, 48MB/64MB, paused 1.615ms total 40.855ms
08-04 17:40:22.195 13842 13854 I art     : Starting a blocking GC Explicit
08-04 17:40:22.236 13842 13854 I art     : Explicit concurrent mark sweep GC freed 32(880B) AllocSpace objects, 0(0B) LOS objects, 24% free, 48MB/64MB, paused 1.801ms total 40.493ms
08-04 17:40:22.249 13842 13854 I art     : Starting a blocking GC Explicit
08-04 17:40:22.290 13842 13854 I art     : Explicit concurrent mark sweep GC freed 10(320B) AllocSpace objects, 0(0B) LOS objects, 24% free, 48MB/64MB, paused 1.462ms total 41.272ms
08-04 17:40:22.350   918  3188 I hubconnection: sensorhub said: 'set_bias 3: -6.2400, 0.0000, 0.0000'
08-04 17:40:22.421 17224 17224 D AndroidRuntime: >>>>>> START com.android.internal.os.RuntimeInit uid 2000 <<<<<<
08-04 17:40:22.427 17224 17224 D AndroidRuntime: CheckJNI is OFF
08-04 17:40:22.468 17224 17224 D ICU     : No timezone override file found: /data/misc/zoneinfo/current/icu/icu_tzdata.dat
08-04 17:40:22.510 17224 17224 I Radio-JNI: register_android_hardware_Radio DONE
08-04 17:40:22.538 17224 17224 D AndroidRuntime: Calling main entry com.android.commands.input.Input
08-04 17:40:22.540 17224 17224 I Input   : injectMotionEvent: MotionEvent { action=ACTION_DOWN, actionButton=0, id[0]=0, x[0]=603.0, y[0]=1061.0, toolType[0]=TOOL_TYPE_UNKNOWN, buttonState=0, metaState=0, flags=0x0, edgeFlags=0x0, pointerCount=1, historySize=0, eventTime=726038953, downTime=726038953, deviceId=0, source=0x1002 }
08-04 17:40:22.545 17224 17224 I Input   : injectMotionEvent: MotionEvent { action=ACTION_UP, actionButton=0, id[0]=0, x[0]=603.0, y[0]=1061.0, toolType[0]=TOOL_TYPE_UNKNOWN, buttonState=0, metaState=0, flags=0x0, edgeFlags=0x0, pointerCount=1, historySize=0, eventTime=726038953, downTime=726038953, deviceId=0, source=0x1002 }
08-04 17:40:22.548 17224 17224 D AndroidRuntime: Shutting down VM
08-04 17:40:22.561   512  2967 D audio_hw_primary: out_set_parameters: enter: usecase(1: low-latency-playback) kvpairs: routing=2
08-04 17:40:22.574   512  2967 D audio_hw_primary: select_devices: out_snd_device(2: speaker) in_snd_device(0: none)
08-04 17:40:22.574   512  2967 D msm8974_platform: platform_send_audio_calibration: sending audio calibration for snd_device(2) acdb_id(15)
08-04 17:40:22.574   512  2967 I soundtrigger: audio_extn_sound_trigger_update_device_status: device 0x2 of type 0 for Event 1
08-04 17:40:22.584   512  2967 D audio_hw_primary: enable_snd_device: snd_device(2: speaker)
08-04 17:40:22.586   512  2967 D audio_hw_primary: enable_audio_route: apply and update mixer path: low-latency-playback speaker
08-04 17:40:22.669 13842 13855 I art     : Starting a blocking GC Explicit
08-04 17:40:22.675 13842 17255 I NAPPA_EXPERIMENTATION: MetricNetworkRequestExecutionTime: REQUEST_DURATION_SYSTEM='95',REQUEST_DURATION_OKHTTP='94',REQUEST_SYNCHRONOUS='TRUE',RESPONSE_CODE='200',RESPONSE_METHOD='GET',RESPONSE_LENGTH_OKHTTP='37507',RESPONSE_LENGTH_HEADER='37507',REQUEST_PROTOCOL='http/1.1',REQUEST_URL='https://gpodder.net/toplist/50.json',
08-04 17:40:22.700 13842 16291 I NAPPA_EXPERIMENTATION: MetricNetworkRequestExecutionTime: REQUEST_DURATION_SYSTEM='117',REQUEST_DURATION_OKHTTP='117',REQUEST_SYNCHRONOUS='TRUE',RESPONSE_CODE='200',RESPONSE_METHOD='GET',RESPONSE_LENGTH_OKHTTP='2923',RESPONSE_LENGTH_HEADER='2923',REQUEST_PROTOCOL='http/1.1',REQUEST_URL='https://gpodder.net/api/2/tags/50.json',
08-04 17:40:22.713 13842 13855 I art     : Explicit concurrent mark sweep GC freed 6461(431KB) AllocSpace objects, 3(136KB) LOS objects, 24% free, 49MB/65MB, paused 2.237ms total 44.332ms
08-04 17:40:22.727 13842 13855 I art     : Starting a blocking GC Explicit
08-04 17:40:22.744 13842 14796 D ApOkHttpUrlLoader: buildLoadData() called with: model = [http://sixgun.org/files/linuxoutlaws.jpg], width = [224], height = [224]
08-04 17:40:22.745 13842 14625 D DBReader: getImageAuthentication() called with: imageUrl = [http://sixgun.org/files/linuxoutlaws.jpg]
08-04 17:40:22.748 13842 14625 D ApOkHttpUrlLoader: no credentials for 'http://sixgun.org/files/linuxoutlaws.jpg'
08-04 17:40:22.759 13842 14796 D ApOkHttpUrlLoader: buildLoadData() called with: model = [https://files.thisamericanlife.org/sites/all/themes/thislife/img/tal-name-1400x1400.png], width = [224], height = [224]
08-04 17:40:22.767 13842 13855 I art     : Explicit concurrent mark sweep GC freed 4513(225KB) AllocSpace objects, 2(296KB) LOS objects, 24% free, 49MB/65MB, paused 2.193ms total 39.755ms
08-04 17:40:22.767 13842 14796 D ApOkHttpUrlLoader: buildLoadData() called with: model = [https://elroy.twit.tv/sites/default/files/styles/twit_album_art_2048x2048/public/images/shows/floss_weekly/album_art/audio/floss_albumart_mask.jpg?itok=IUjxKpwt], width = [224], height = [224]
08-04 17:40:22.774 13842 14796 D ApOkHttpUrlLoader: buildLoadData() called with: model = [http://ichef.bbci.co.uk/images/ic/3000x3000/p07kfvzb.jpg], width = [224], height = [224]
08-04 17:40:22.778 13842 14625 D DBWriter: updateFeedDownloadURL(original: http://sixgun.org/files/linuxoutlaws.jpg, updated: https://fab.industries/sixgun/files/linuxoutlaws.jpg)
08-04 17:40:22.779 13842 13855 I art     : Starting a blocking GC Explicit
08-04 17:40:22.783 13842 14796 D ApOkHttpUrlLoader: buildLoadData() called with: model = [https://pl.tedcdn.com/rss_feed_images/ted_talks_main_podcast/video.png], width = [224], height = [224]
08-04 17:40:22.790 13842 14796 D ApOkHttpUrlLoader: buildLoadData() called with: model = [https://elroy.twit.tv/sites/default/files/styles/twit_album_art_2048x2048/public/images/shows/this_week_in_tech/album_art/audio/twit1400audio.jpg?itok=J0vhatZb], width = [224], height = [224]
08-04 17:40:22.796 13842 14796 D ApOkHttpUrlLoader: buildLoadData() called with: model = [http://ichef.bbci.co.uk/images/ic/3000x3000/p03gtk3j.jpg], width = [224], height = [224]
08-04 17:40:22.821 13842 13855 I art     : Explicit concurrent mark sweep GC freed 1056(51KB) AllocSpace objects, 0(0B) LOS objects, 23% free, 50MB/66MB, paused 2.280ms total 41.813ms
08-04 17:40:22.833 13842 13855 I art     : Starting a blocking GC Explicit
08-04 17:40:22.873 13842 13855 I art     : Explicit concurrent mark sweep GC freed 547(18KB) AllocSpace objects, 0(0B) LOS objects, 23% free, 50MB/66MB, paused 1.574ms total 39.844ms
08-04 17:40:22.885 13842 13855 I art     : Starting a blocking GC Explicit
08-04 17:40:22.912 13842 14625 D MYTAG   : interceptor 2a
08-04 17:40:22.912 13842 14625 I NAPPA_EXPERIMENTATION: MetricNetworkRequestExecutionTime: REQUEST_DURATION_SYSTEM='164',REQUEST_DURATION_OKHTTP='128',REQUEST_SYNCHRONOUS='TRUE',RESPONSE_CODE='404',RESPONSE_METHOD='GET',RESPONSE_LENGTH_OKHTTP='-1',RESPONSE_LENGTH_HEADER='1503',REQUEST_PROTOCOL='h2',REQUEST_URL='https://fab.industries/sixgun/files/linuxoutlaws.jpg',
08-04 17:40:22.913 13842 13842 W Glide   : Load failed for http://sixgun.org/files/linuxoutlaws.jpg with size [224x224]
08-04 17:40:22.913 13842 13842 W Glide   : class com.bumptech.glide.load.engine.GlideException: Failed to load resource
08-04 17:40:22.913 13842 13842 W Glide   : There was 1 cause:
08-04 17:40:22.913 13842 13842 W Glide   : com.bumptech.glide.load.HttpException()
08-04 17:40:22.913 13842 13842 W Glide   :  call GlideException#logRootCauses(String) for more detail
08-04 17:40:22.913 13842 13842 W Glide   :   Cause (1 of 1): class com.bumptech.glide.load.engine.GlideException: Fetching data failed, class java.io.InputStream, REMOTE
08-04 17:40:22.913 13842 13842 W Glide   : There was 1 cause:
08-04 17:40:22.913 13842 13842 W Glide   : com.bumptech.glide.load.HttpException()
08-04 17:40:22.913 13842 13842 W Glide   :  call GlideException#logRootCauses(String) for more detail
08-04 17:40:22.913 13842 13842 W Glide   :     Cause (1 of 1): class com.bumptech.glide.load.HttpException: 
08-04 17:40:22.914 13842 13842 I Glide   : Root cause (1 of 1)
08-04 17:40:22.914 13842 13842 I Glide   : com.bumptech.glide.load.HttpException: 
08-04 17:40:22.914 13842 13842 I Glide   : 	at com.bumptech.glide.integration.okhttp3.OkHttpStreamFetcher.onResponse(OkHttpStreamFetcher.java:73)
08-04 17:40:22.914 13842 13842 I Glide   : 	at okhttp3.RealCall$AsyncCall.execute(RealCall.java:174)
08-04 17:40:22.914 13842 13842 I Glide   : 	at okhttp3.internal.NamedRunnable.run(NamedRunnable.java:32)
08-04 17:40:22.914 13842 13842 I Glide   : 	at java.util.concurrent.ThreadPoolExecutor.runWorker(ThreadPoolExecutor.java:1113)
08-04 17:40:22.914 13842 13842 I Glide   : 	at java.util.concurrent.ThreadPoolExecutor$Worker.run(ThreadPoolExecutor.java:588)
08-04 17:40:22.914 13842 13842 I Glide   : 	at java.lang.Thread.run(Thread.java:818)
08-04 17:40:22.914 13842 13842 W Glide   : Load failed for http://sixgun.org/files/linuxoutlaws.jpg with size [224x224]
08-04 17:40:22.914 13842 13842 W Glide   : class com.bumptech.glide.load.engine.GlideException: Failed to load resource
08-04 17:40:22.914 13842 13842 W Glide   : There was 1 cause:
08-04 17:40:22.914 13842 13842 W Glide   : com.bumptech.glide.load.HttpException()
08-04 17:40:22.914 13842 13842 W Glide   :  call GlideException#logRootCauses(String) for more detail
08-04 17:40:22.914 13842 13842 W Glide   :   Cause (1 of 1): class com.bumptech.glide.load.engine.GlideException: Fetching data failed, class java.io.InputStream, REMOTE
08-04 17:40:22.914 13842 13842 W Glide   : There was 1 cause:
08-04 17:40:22.914 13842 13842 W Glide   : com.bumptech.glide.load.HttpException()
08-04 17:40:22.914 13842 13842 W Glide   :  call GlideException#logRootCauses(String) for more detail
08-04 17:40:22.914 13842 13842 W Glide   :     Cause (1 of 1): class com.bumptech.glide.load.HttpException: 
08-04 17:40:22.914 13842 13842 I Glide   : Root cause (1 of 1)
08-04 17:40:22.914 13842 13842 I Glide   : com.bumptech.glide.load.HttpException: 
08-04 17:40:22.914 13842 13842 I Glide   : 	at com.bumptech.glide.integration.okhttp3.OkHttpStreamFetcher.onResponse(OkHttpStreamFetcher.java:73)
08-04 17:40:22.914 13842 13842 I Glide   : 	at okhttp3.RealCall$AsyncCall.execute(RealCall.java:174)
08-04 17:40:22.914 13842 13842 I Glide   : 	at okhttp3.internal.NamedRunnable.run(NamedRunnable.java:32)
08-04 17:40:22.914 13842 13842 I Glide   : 	at java.util.concurrent.ThreadPoolExecutor.runWorker(ThreadPoolExecutor.java:1113)
08-04 17:40:22.914 13842 13842 I Glide   : 	at java.util.concurrent.ThreadPoolExecutor$Worker.run(ThreadPoolExecutor.java:588)
08-04 17:40:22.914 13842 13842 I Glide   : 	at java.lang.Thread.run(Thread.java:818)
08-04 17:40:22.927 13842 13855 I art     : Explicit concurrent mark sweep GC freed 455(70KB) AllocSpace objects, 0(0B) LOS objects, 23% free, 50MB/66MB, paused 2.107ms total 41.489ms
08-04 17:40:23.129   512  2967 D audio_hw_primary: disable_audio_route: reset and update mixer path: low-latency-playback speaker
08-04 17:40:23.131   512  2967 D audio_hw_primary: disable_snd_device: snd_device(2: speaker)
08-04 17:40:23.142   512  2967 I soundtrigger: audio_extn_sound_trigger_update_device_status: device 0x2 of type 0 for Event 0
08-04 17:40:23.294 13842 13867 I art     : Starting a blocking GC Explicit
08-04 17:40:23.343 13842 13867 I art     : Explicit concurrent mark sweep GC freed 1630(91KB) AllocSpace objects, 1(20KB) LOS objects, 23% free, 50MB/66MB, paused 1.865ms total 48.340ms
08-04 17:40:23.358 13842 13867 I art     : Starting a blocking GC Explicit
08-04 17:40:23.400 13842 13867 I art     : Explicit concurrent mark sweep GC freed 26(848B) AllocSpace objects, 0(0B) LOS objects, 23% free, 50MB/66MB, paused 1.582ms total 41.408ms
08-04 17:40:23.413 13842 13867 I art     : Starting a blocking GC Explicit
08-04 17:40:23.457 13842 13867 I art     : Explicit concurrent mark sweep GC freed 20(688B) AllocSpace objects, 0(0B) LOS objects, 23% free, 50MB/66MB, paused 1.619ms total 43.983ms
08-04 17:40:23.470 13842 13867 I art     : Starting a blocking GC Explicit
08-04 17:40:23.514 13842 13867 I art     : Explicit concurrent mark sweep GC freed 3(96B) AllocSpace objects, 0(0B) LOS objects, 23% free, 50MB/66MB, paused 1.605ms total 43.587ms
08-04 17:40:23.527 13842 13867 I art     : Starting a blocking GC Explicit
08-04 17:40:23.571 13842 13867 I art     : Explicit concurrent mark sweep GC freed 3(96B) AllocSpace objects, 0(0B) LOS objects, 23% free, 50MB/66MB, paused 1.606ms total 43.731ms
08-04 17:40:23.945 13842 13854 I art     : Starting a blocking GC Explicit
08-04 17:40:23.987 13842 13854 I art     : Explicit concurrent mark sweep GC freed 1381(81KB) AllocSpace objects, 1(20KB) LOS objects, 23% free, 50MB/66MB, paused 1.579ms total 41.414ms
08-04 17:40:24.000 13842 13854 I art     : Starting a blocking GC Explicit
08-04 17:40:24.043 13842 13854 I art     : Explicit concurrent mark sweep GC freed 23(768B) AllocSpace objects, 0(0B) LOS objects, 23% free, 50MB/66MB, paused 1.523ms total 42.288ms
08-04 17:40:24.056 13842 13854 I art     : Starting a blocking GC Explicit
08-04 17:40:24.100 13842 13854 I art     : Explicit concurrent mark sweep GC freed 3(96B) AllocSpace objects, 0(0B) LOS objects, 23% free, 50MB/66MB, paused 1.669ms total 43.517ms
08-04 17:40:24.113 13842 13854 I art     : Starting a blocking GC Explicit
08-04 17:40:24.156 13842 13854 I art     : Explicit concurrent mark sweep GC freed 3(96B) AllocSpace objects, 0(0B) LOS objects, 23% free, 50MB/66MB, paused 1.511ms total 43.414ms
08-04 17:40:24.170 13842 13854 I art     : Starting a blocking GC Explicit
08-04 17:40:24.214 13842 13854 I art     : Explicit concurrent mark sweep GC freed 3(96B) AllocSpace objects, 0(0B) LOS objects, 23% free, 50MB/66MB, paused 1.631ms total 44.528ms
08-04 17:40:24.616 13842 14314 I art     : Starting a blocking GC Explicit
08-04 17:40:24.664 13842 14314 I art     : Explicit concurrent mark sweep GC freed 1472(83KB) AllocSpace objects, 1(20KB) LOS objects, 23% free, 50MB/66MB, paused 1.513ms total 46.568ms
08-04 17:40:24.677 13842 14314 I art     : Starting a blocking GC Explicit
08-04 17:40:24.725 13842 14314 I art     : Explicit concurrent mark sweep GC freed 40(1328B) AllocSpace objects, 0(0B) LOS objects, 23% free, 50MB/66MB, paused 1.708ms total 47.292ms
08-04 17:40:24.739 13842 14314 I art     : Starting a blocking GC Explicit
08-04 17:40:24.786 13842 14314 I art     : Explicit concurrent mark sweep GC freed 3(96B) AllocSpace objects, 0(0B) LOS objects, 23% free, 50MB/66MB, paused 1.671ms total 46.887ms
08-04 17:40:24.799 13842 14314 I art     : Starting a blocking GC Explicit
08-04 17:40:24.849 13842 14314 I art     : Explicit concurrent mark sweep GC freed 3(96B) AllocSpace objects, 0(0B) LOS objects, 23% free, 50MB/66MB, paused 1.792ms total 48.976ms
08-04 17:40:24.865 13842 14314 I art     : Starting a blocking GC Explicit
08-04 17:40:24.913 13842 14314 I art     : Explicit concurrent mark sweep GC freed 3(96B) AllocSpace objects, 0(0B) LOS objects, 23% free, 50MB/66MB, paused 1.784ms total 47.597ms
08-04 17:40:25.317 13842 13854 I art     : Starting a blocking GC Explicit
08-04 17:40:25.375 13842 13854 I art     : Explicit concurrent mark sweep GC freed 1410(81KB) AllocSpace objects, 1(20KB) LOS objects, 23% free, 50MB/66MB, paused 1.662ms total 56.994ms
08-04 17:40:25.390 13842 13854 I art     : Starting a blocking GC Explicit
08-04 17:40:25.439 13842 13854 I art     : Explicit concurrent mark sweep GC freed 23(752B) AllocSpace objects, 0(0B) LOS objects, 23% free, 50MB/66MB, paused 1.770ms total 48.220ms
08-04 17:40:25.452 13842 13854 I art     : Starting a blocking GC Explicit
08-04 17:40:25.497   918  3261 D WifiStateMachine: starting scan for "H369AA63323"WPA_PSK with 2412,5180
08-04 17:40:25.499 13842 13854 I art     : Explicit concurrent mark sweep GC freed 3(96B) AllocSpace objects, 0(0B) LOS objects, 23% free, 50MB/66MB, paused 1.558ms total 46.834ms
08-04 17:40:25.513 13842 13854 I art     : Starting a blocking GC Explicit
08-04 17:40:25.561 13842 13854 I art     : Explicit concurrent mark sweep GC freed 3(96B) AllocSpace objects, 0(0B) LOS objects, 23% free, 50MB/66MB, paused 1.627ms total 47.963ms
08-04 17:40:25.578 13842 13854 I art     : Starting a blocking GC Explicit
08-04 17:40:25.624 13842 13854 I art     : Explicit concurrent mark sweep GC freed 3(96B) AllocSpace objects, 0(0B) LOS objects, 23% free, 50MB/66MB, paused 1.591ms total 45.075ms
08-04 17:40:25.975 11375 11375 I ServiceManager: Waiting for service AtCmdFwd...
08-04 17:40:26.026 13842 13855 I art     : Starting a blocking GC Explicit
08-04 17:40:26.087 13842 13855 I art     : Explicit concurrent mark sweep GC freed 1381(81KB) AllocSpace objects, 1(20KB) LOS objects, 23% free, 50MB/66MB, paused 1.616ms total 59.910ms
08-04 17:40:26.102 13842 13855 I art     : Starting a blocking GC Explicit
08-04 17:40:26.147 13842 13855 I art     : Explicit concurrent mark sweep GC freed 23(752B) AllocSpace objects, 0(0B) LOS objects, 23% free, 50MB/66MB, paused 1.721ms total 45.255ms
08-04 17:40:26.161 13842 13855 I art     : Starting a blocking GC Explicit
08-04 17:40:26.210 13842 13855 I art     : Explicit concurrent mark sweep GC freed 3(96B) AllocSpace objects, 0(0B) LOS objects, 23% free, 50MB/66MB, paused 1.741ms total 48.227ms
08-04 17:40:26.223 13842 13855 I art     : Starting a blocking GC Explicit
08-04 17:40:26.270 13842 13855 I art     : Explicit concurrent mark sweep GC freed 32(880B) AllocSpace objects, 0(0B) LOS objects, 23% free, 50MB/66MB, paused 1.720ms total 46.570ms
08-04 17:40:26.284 13842 13855 I art     : Starting a blocking GC Explicit
08-04 17:40:26.332 13842 13855 I art     : Explicit concurrent mark sweep GC freed 3(96B) AllocSpace objects, 0(0B) LOS objects, 23% free, 50MB/66MB, paused 1.665ms total 47.984ms
08-04 17:40:26.725 13842 16513 I art     : Starting a blocking GC Explicit
08-04 17:40:26.781 13842 16513 I art     : Explicit concurrent mark sweep GC freed 1382(82KB) AllocSpace objects, 1(20KB) LOS objects, 23% free, 50MB/66MB, paused 1.820ms total 55.753ms
08-04 17:40:26.798 13842 16513 I art     : Starting a blocking GC Explicit
08-04 17:40:26.848 13842 16513 I art     : Explicit concurrent mark sweep GC freed 23(752B) AllocSpace objects, 0(0B) LOS objects, 23% free, 50MB/66MB, paused 1.694ms total 50.076ms
08-04 17:40:26.862 13842 16513 I art     : Starting a blocking GC Explicit
08-04 17:40:26.910 13842 16513 I art     : Explicit concurrent mark sweep GC freed 3(96B) AllocSpace objects, 0(0B) LOS objects, 23% free, 50MB/66MB, paused 1.758ms total 48.062ms
08-04 17:40:26.928 13842 16513 I art     : Starting a blocking GC Explicit
08-04 17:40:26.975 13842 16513 I art     : Explicit concurrent mark sweep GC freed 3(96B) AllocSpace objects, 0(0B) LOS objects, 23% free, 50MB/66MB, paused 1.569ms total 46.760ms
08-04 17:40:26.977 11375 11375 I ServiceManager: Waiting for service AtCmdFwd...
08-04 17:40:26.988 13842 16513 I art     : Starting a blocking GC Explicit
08-04 17:40:27.036 13842 16513 I art     : Explicit concurrent mark sweep GC freed 3(96B) AllocSpace objects, 0(0B) LOS objects, 23% free, 50MB/66MB, paused 1.691ms total 47.924ms
08-04 17:40:27.423 13842 13867 I art     : Starting a blocking GC Explicit
08-04 17:40:27.486 13842 13867 I art     : Explicit concurrent mark sweep GC freed 1413(82KB) AllocSpace objects, 1(20KB) LOS objects, 23% free, 50MB/66MB, paused 1.750ms total 62.651ms
08-04 17:40:27.503 13842 13867 I art     : Starting a blocking GC Explicit
08-04 17:40:27.552 13842 13867 I art     : Explicit concurrent mark sweep GC freed 23(752B) AllocSpace objects, 0(0B) LOS objects, 23% free, 50MB/66MB, paused 1.799ms total 49.014ms
08-04 17:40:27.569 13842 13867 I art     : Starting a blocking GC Explicit
08-04 17:40:27.617 13842 13867 I art     : Explicit concurrent mark sweep GC freed 3(96B) AllocSpace objects, 0(0B) LOS objects, 23% free, 50MB/66MB, paused 1.664ms total 47.998ms
08-04 17:40:27.630 13842 13867 I art     : Starting a blocking GC Explicit
08-04 17:40:27.680 13842 13867 I art     : Explicit concurrent mark sweep GC freed 3(96B) AllocSpace objects, 0(0B) LOS objects, 23% free, 50MB/66MB, paused 1.710ms total 49.032ms
08-04 17:40:27.696 13842 13867 I art     : Starting a blocking GC Explicit
08-04 17:40:27.742 13842 13867 I art     : Explicit concurrent mark sweep GC freed 3(96B) AllocSpace objects, 0(0B) LOS objects, 23% free, 50MB/66MB, paused 1.593ms total 45.557ms
08-04 17:40:27.977 11375 11375 I ServiceManager: Waiting for service AtCmdFwd...
08-04 17:40:28.135 13842 14314 I art     : Starting a blocking GC Explicit
08-04 17:40:28.195 13842 14314 I art     : Explicit concurrent mark sweep GC freed 1381(81KB) AllocSpace objects, 1(20KB) LOS objects, 23% free, 50MB/66MB, paused 1.794ms total 59.311ms
08-04 17:40:28.210 13842 14314 I art     : Starting a blocking GC Explicit
08-04 17:40:28.257 13842 14314 I art     : Explicit concurrent mark sweep GC freed 52(1536B) AllocSpace objects, 0(0B) LOS objects, 23% free, 50MB/66MB, paused 1.728ms total 46.887ms
08-04 17:40:28.271 13842 14314 I art     : Starting a blocking GC Explicit
08-04 17:40:28.304 24365 28171 E WakeLock: GCM_HB_ALARM release without a matched acquire!
08-04 17:40:28.316 13842 14314 I art     : Explicit concurrent mark sweep GC freed 3(96B) AllocSpace objects, 0(0B) LOS objects, 23% free, 50MB/66MB, paused 1.732ms total 45.295ms
08-04 17:40:28.330 13842 14314 I art     : Starting a blocking GC Explicit
08-04 17:40:28.331   918  6110 D ConnectivityService: reportNetworkConnectivity(158, true) by 10012
08-04 17:40:28.331   918 13197 D NetworkMonitor/NetworkAgentInfo [WIFI () - 158]: Forcing reevaluation for UID 10012
08-04 17:40:28.331   918 13197 D NetworkMonitor/NetworkAgentInfo [WIFI () - 158]: Checking http://connectivitycheck.gstatic.com/generate_204 on "H369AA63323", 192.168.2.12=192.168.2.12
08-04 17:40:28.331   918  6112 D ConnectivityService: reportNetworkConnectivity(158, true) by 10012
08-04 17:40:28.373 13842 14314 I art     : Explicit concurrent mark sweep GC freed 3(96B) AllocSpace objects, 0(0B) LOS objects, 23% free, 50MB/66MB, paused 1.543ms total 42.706ms
08-04 17:40:28.386 13842 14314 I art     : Starting a blocking GC Explicit
08-04 17:40:28.412   918 13197 D NetworkMonitor/NetworkAgentInfo [WIFI () - 158]: Probably not a portal: exception java.io.IOException: unexpected end of stream on Connection{connectivitycheck.gstatic.com:80, proxy=HTTP@/192.168.2.12:8080 hostAddress=192.168.2.12 cipherSuite=none protocol=http/1.1} (recycle count=0)
08-04 17:40:28.412   918  3263 D ConnectivityService: NetworkAgentInfo [WIFI () - 158] validation failed
08-04 17:40:28.413   918  3261 E WifiConfigStore:  rewrite network history for "H369AA63323"WPA_PSK
08-04 17:40:28.428 13842 14314 I art     : Explicit concurrent mark sweep GC freed 3(96B) AllocSpace objects, 0(0B) LOS objects, 23% free, 50MB/66MB, paused 1.929ms total 42.437ms
08-04 17:40:28.735   518   646 I ThermalEngine: ACTION: GPU - Setting GPU[0] to 510000000
08-04 17:40:28.829 13842 13854 I art     : Starting a blocking GC Explicit
08-04 17:40:28.865 13842 13854 I art     : Explicit concurrent mark sweep GC freed 1381(81KB) AllocSpace objects, 1(20KB) LOS objects, 23% free, 50MB/66MB, paused 1.238ms total 36.058ms
08-04 17:40:28.876 13842 13854 I art     : Starting a blocking GC Explicit
08-04 17:40:28.910 13842 13854 I art     : Explicit concurrent mark sweep GC freed 23(752B) AllocSpace objects, 0(0B) LOS objects, 23% free, 50MB/66MB, paused 1.196ms total 33.662ms
08-04 17:40:28.920 13842 13854 I art     : Starting a blocking GC Explicit
08-04 17:40:28.953 13842 13854 I art     : Explicit concurrent mark sweep GC freed 3(96B) AllocSpace objects, 0(0B) LOS objects, 23% free, 50MB/66MB, paused 1.227ms total 33.110ms
08-04 17:40:28.963 13842 13854 I art     : Starting a blocking GC Explicit
08-04 17:40:28.978 11375 11375 I ServiceManager: Waiting for service AtCmdFwd...
08-04 17:40:28.997 13842 13854 I art     : Explicit concurrent mark sweep GC freed 3(96B) AllocSpace objects, 0(0B) LOS objects, 23% free, 50MB/66MB, paused 1.232ms total 33.516ms
08-04 17:40:29.007 13842 13854 I art     : Starting a blocking GC Explicit
08-04 17:40:29.041 13842 13854 I art     : Explicit concurrent mark sweep GC freed 3(96B) AllocSpace objects, 0(0B) LOS objects, 23% free, 50MB/66MB, paused 1.272ms total 33.487ms
08-04 17:40:29.208 17350 17350 D AndroidRuntime: >>>>>> START com.android.internal.os.RuntimeInit uid 2000 <<<<<<
08-04 17:40:29.214 17350 17350 D AndroidRuntime: CheckJNI is OFF
08-04 17:40:29.247 17350 17350 D ICU     : No timezone override file found: /data/misc/zoneinfo/current/icu/icu_tzdata.dat
08-04 17:40:29.279 17350 17350 I Radio-JNI: register_android_hardware_Radio DONE
08-04 17:40:29.301 17350 17350 D AndroidRuntime: Calling main entry com.android.commands.input.Input
08-04 17:40:29.303 17350 17350 I Input   : injectMotionEvent: MotionEvent { action=ACTION_DOWN, actionButton=0, id[0]=0, x[0]=526.0, y[0]=597.0, toolType[0]=TOOL_TYPE_UNKNOWN, buttonState=0, metaState=0, flags=0x0, edgeFlags=0x0, pointerCount=1, historySize=0, eventTime=726045716, downTime=726045716, deviceId=0, source=0x1002 }
08-04 17:40:29.310 17350 17350 I Input   : injectMotionEvent: MotionEvent { action=ACTION_UP, actionButton=0, id[0]=0, x[0]=526.0, y[0]=597.0, toolType[0]=TOOL_TYPE_UNKNOWN, buttonState=0, metaState=0, flags=0x0, edgeFlags=0x0, pointerCount=1, historySize=0, eventTime=726045716, downTime=726045716, deviceId=0, source=0x1002 }
08-04 17:40:29.312 17350 17350 D AndroidRuntime: Shutting down VM
08-04 17:40:29.370 13842 14314 I art     : Starting a blocking GC Explicit
08-04 17:40:29.376 13842 13842 D PodcastListFragment: Selected podcast: GpodnetPodcast [url=http://feeds.feedburner.com/linuxoutlaws, title=Linux Outlaws, description=Two pragmatic geeks talk about the latest news concerning Linux, free and open
08-04 17:40:29.376 13842 13842 D PodcastListFragment: technology or anything else they deem noteworthy which may include such absurd
08-04 17:40:29.376 13842 13842 D PodcastListFragment: things as hockey or bands you never heard of. This means there's many a joke
08-04 17:40:29.376 13842 13842 D PodcastListFragment: and derailed conversation along the way, so don't come here expecting only
08-04 17:40:29.376 13842 13842 D PodcastListFragment: Linux or software freedom talk  just sit back and relax, partner., subscribers=3321, logoUrl=http://sixgun.org/files/linuxoutlaws.jpg, website=http://sixgun.org, mygpoLink=http://gpodder.net/podcast/linux-outlaws-mp3]
08-04 17:40:29.376   918  3696 I ActivityManager: START u0 {cmp=baseline.de.danoeh.antennapod.debug/baseline.de.danoeh.antennapod.activity.OnlineFeedViewActivity (has extras)} from uid 10670 on display 0
08-04 17:40:29.377   512  2967 D audio_hw_primary: out_set_parameters: enter: usecase(1: low-latency-playback) kvpairs: routing=2
08-04 17:40:29.390   512  2967 D audio_hw_primary: select_devices: out_snd_device(2: speaker) in_snd_device(0: none)
08-04 17:40:29.390   512  2967 D msm8974_platform: platform_send_audio_calibration: sending audio calibration for snd_device(2) acdb_id(15)
08-04 17:40:29.391   512  2967 I soundtrigger: audio_extn_sound_trigger_update_device_status: device 0x2 of type 0 for Event 1
08-04 17:40:29.401   512  2967 D audio_hw_primary: enable_snd_device: snd_device(2: speaker)
08-04 17:40:29.404   512  2967 D audio_hw_primary: enable_audio_route: apply and update mixer path: low-latency-playback speaker
08-04 17:40:29.408 13842 14314 I art     : Explicit concurrent mark sweep GC freed 1927(119KB) AllocSpace objects, 1(20KB) LOS objects, 23% free, 50MB/66MB, paused 1.779ms total 37.308ms
08-04 17:40:29.412 13842 13842 D UserPreferences: Using default data folder
08-04 17:40:29.412 13842 13842 D OnlineFeedViewActivity: Activity was started with url http://feeds.feedburner.com/linuxoutlaws
08-04 17:40:29.414   918 13197 D NetworkMonitor/NetworkAgentInfo [WIFI () - 158]: Checking http://connectivitycheck.gstatic.com/generate_204 on "H369AA63323", 192.168.2.12=192.168.2.12
08-04 17:40:29.415 13842 13842 D OnlineFeedViewActivity: Starting feed download
08-04 17:40:29.418 13842 14314 I art     : Starting a blocking GC Explicit
08-04 17:40:29.420 13842 14418 D DBReader: Extracting Feedlist
08-04 17:40:29.423   918   928 D WifiService: acquireWifiLockLocked: WifiLock{Downloader type=1 binder=android.os.BinderProxy@4c438b2}
08-04 17:40:29.424 13842 14418 D AntennapodHttpClient: Creating new instance of HTTP client
08-04 17:40:29.451 13842 14314 I art     : Explicit concurrent mark sweep GC freed 817(66KB) AllocSpace objects, 0(0B) LOS objects, 23% free, 50MB/66MB, paused 1.287ms total 32.708ms
08-04 17:40:29.460 13842 14314 I art     : Starting a blocking GC Explicit
08-04 17:40:29.473 13866 13866 I GoogleInputMethodServic: GoogleInputMethodService.onFinishInput():3138 
08-04 17:40:29.474 13866 13866 I GoogleInputMethodServic: GoogleInputMethodService.onStartInput():1808 
08-04 17:40:29.492 13842 14314 I art     : Explicit concurrent mark sweep GC freed 394(17KB) AllocSpace objects, 0(0B) LOS objects, 23% free, 50MB/66MB, paused 1.429ms total 31.964ms
08-04 17:40:29.495   918   936 I ActivityManager: Displayed baseline.de.danoeh.antennapod.debug/baseline.de.danoeh.antennapod.activity.OnlineFeedViewActivity: +106ms
08-04 17:40:29.504 13842 14314 I art     : Starting a blocking GC Explicit
08-04 17:40:29.516 13842 13863 D OpenGLRenderer: endAllStagingAnimators on 0x7f7d09c400 (GridView) with handle 0x7f70f23380
08-04 17:40:29.538 13842 14314 I art     : Explicit concurrent mark sweep GC freed 55(2528B) AllocSpace objects, 0(0B) LOS objects, 23% free, 50MB/66MB, paused 1.381ms total 33.437ms
08-04 17:40:29.541   918 13197 D NetworkMonitor/NetworkAgentInfo [WIFI () - 158]: Probably not a portal: exception java.io.IOException: unexpected end of stream on Connection{connectivitycheck.gstatic.com:80, proxy=HTTP@/192.168.2.12:8080 hostAddress=192.168.2.12 cipherSuite=none protocol=http/1.1} (recycle count=0)
08-04 17:40:29.542   918  3263 D ConnectivityService: NetworkAgentInfo [WIFI () - 158] validation failed
08-04 17:40:29.542   918  3261 E WifiConfigStore:  rewrite network history for "H369AA63323"WPA_PSK
08-04 17:40:29.549 13842 14314 I art     : Starting a blocking GC Explicit
08-04 17:40:29.558 13842 14418 D MYTAG   : interceptor 3a http://feeds.feedburner.com/linuxoutlaws
08-04 17:40:29.558 13842 14418 I NAPPA_EXPERIMENTATION: MetricNetworkRequestExecutionTime: REQUEST_DURATION_SYSTEM='132',REQUEST_DURATION_OKHTTP='48',REQUEST_SYNCHRONOUS='TRUE',RESPONSE_CODE='200',RESPONSE_METHOD='GET',RESPONSE_LENGTH_OKHTTP='-1',RESPONSE_LENGTH_HEADER='-2',REQUEST_PROTOCOL='http/1.1',REQUEST_URL='http://feeds.feedburner.com/linuxoutlaws',
08-04 17:40:29.558 13842 14418 D HttpDownloader: Response code is 200
08-04 17:40:29.558 13842 14418 D UserPreferences: Using default data folder
08-04 17:40:29.560 13842 14418 D HttpDownloader: Getting size of download
08-04 17:40:29.560 13842 14418 D HttpDownloader: Size is -1
08-04 17:40:29.560 13842 14418 D UserPreferences: Using default data folder
08-04 17:40:29.560 13842 14418 D HttpDownloader: Free space is 20233969664
08-04 17:40:29.560 13842 14418 D HttpDownloader: Starting download
08-04 17:40:29.576 13842 14418 D HttpDownloader: Download was successful
08-04 17:40:29.577   918  5952 D WifiService: releaseWifiLockLocked: WifiLock{Downloader type=1 binder=android.os.BinderProxy@4c438b2}
08-04 17:40:29.577 13842 13842 D OnlineFeedViewActivity: Parsing feed
08-04 17:40:29.580 13842 14314 I art     : Explicit concurrent mark sweep GC freed 260(45KB) AllocSpace objects, 0(0B) LOS objects, 23% free, 51MB/67MB, paused 1.286ms total 31.488ms
08-04 17:40:29.581 13842 17376 D TypeGetter: Recognized type RSS 2.0
08-04 17:40:29.582 13842 17376 D SyndHandler: Recognized Content namespace
08-04 17:40:29.583 13842 17376 D SyndHandler: Recognized DublinCore namespace
08-04 17:40:29.583 13842 17376 D SyndHandler: Recognized Atom namespace
08-04 17:40:29.583 13842 17376 D SyndHandler: Recognized ITunes namespace
08-04 17:40:29.583 13842 17376 D SyndHandler: Recognized media namespace
08-04 17:40:29.612 13842 17376 D OnlineFeedViewActivity: Deleted feed source file. Result: true
08-04 17:40:29.612 13842 13842 D OnlineFeedViewActivity: Removing HTML from shownotes
08-04 17:40:29.627 13842 14796 D ApOkHttpUrlLoader: buildLoadData() called with: model = [http://sixgun.org/files/linuxoutlaws.jpg], width = [350], height = [350]
08-04 17:40:29.628 13842 14625 D DBReader: getImageAuthentication() called with: imageUrl = [http://sixgun.org/files/linuxoutlaws.jpg]
08-04 17:40:29.630 13842 14625 D ApOkHttpUrlLoader: no credentials for 'http://sixgun.org/files/linuxoutlaws.jpg'
08-04 17:40:29.662 13842 14625 D DBWriter: updateFeedDownloadURL(original: http://sixgun.org/files/linuxoutlaws.jpg, updated: https://fab.industries/sixgun/files/linuxoutlaws.jpg)
08-04 17:40:29.748   380   380 W SurfaceFlinger: couldn't log to binary event log: overflow.
08-04 17:40:29.798 13842 14625 D MYTAG   : interceptor 2a
08-04 17:40:29.798 13842 14625 I NAPPA_EXPERIMENTATION: MetricNetworkRequestExecutionTime: REQUEST_DURATION_SYSTEM='168',REQUEST_DURATION_OKHTTP='132',REQUEST_SYNCHRONOUS='TRUE',RESPONSE_CODE='404',RESPONSE_METHOD='GET',RESPONSE_LENGTH_OKHTTP='-1',RESPONSE_LENGTH_HEADER='1503',REQUEST_PROTOCOL='h2',REQUEST_URL='https://fab.industries/sixgun/files/linuxoutlaws.jpg',
08-04 17:40:29.799 13842 13842 W Glide   : Load failed for http://sixgun.org/files/linuxoutlaws.jpg with size [350x350]
08-04 17:40:29.799 13842 13842 W Glide   : class com.bumptech.glide.load.engine.GlideException: Failed to load resource
08-04 17:40:29.799 13842 13842 W Glide   : There was 1 cause:
08-04 17:40:29.799 13842 13842 W Glide   : com.bumptech.glide.load.HttpException()
08-04 17:40:29.799 13842 13842 W Glide   :  call GlideException#logRootCauses(String) for more detail
08-04 17:40:29.799 13842 13842 W Glide   :   Cause (1 of 1): class com.bumptech.glide.load.engine.GlideException: Fetching data failed, class java.io.InputStream, REMOTE
08-04 17:40:29.799 13842 13842 W Glide   : There was 1 cause:
08-04 17:40:29.799 13842 13842 W Glide   : com.bumptech.glide.load.HttpException()
08-04 17:40:29.799 13842 13842 W Glide   :  call GlideException#logRootCauses(String) for more detail
08-04 17:40:29.799 13842 13842 W Glide   :     Cause (1 of 1): class com.bumptech.glide.load.HttpException: 
08-04 17:40:29.799 13842 13842 I Glide   : Root cause (1 of 1)
08-04 17:40:29.799 13842 13842 I Glide   : com.bumptech.glide.load.HttpException: 
08-04 17:40:29.799 13842 13842 I Glide   : 	at com.bumptech.glide.integration.okhttp3.OkHttpStreamFetcher.onResponse(OkHttpStreamFetcher.java:73)
08-04 17:40:29.799 13842 13842 I Glide   : 	at okhttp3.RealCall$AsyncCall.execute(RealCall.java:174)
08-04 17:40:29.799 13842 13842 I Glide   : 	at okhttp3.internal.NamedRunnable.run(NamedRunnable.java:32)
08-04 17:40:29.799 13842 13842 I Glide   : 	at java.util.concurrent.ThreadPoolExecutor.runWorker(ThreadPoolExecutor.java:1113)
08-04 17:40:29.799 13842 13842 I Glide   : 	at java.util.concurrent.ThreadPoolExecutor$Worker.run(ThreadPoolExecutor.java:588)
08-04 17:40:29.799 13842 13842 I Glide   : 	at java.lang.Thread.run(Thread.java:818)
08-04 17:40:29.878 13842 13867 I art     : Starting a blocking GC Explicit
08-04 17:40:29.890 13842 13842 D PlaybackController: Releasing PlaybackController
08-04 17:40:29.919 13842 13867 I art     : Explicit concurrent mark sweep GC freed 7640(851KB) AllocSpace objects, 15(828KB) LOS objects, 23% free, 51MB/67MB, paused 1.181ms total 40.265ms
08-04 17:40:29.929 13842 13867 I art     : Starting a blocking GC Explicit
08-04 17:40:29.949   512  2967 D audio_hw_primary: disable_audio_route: reset and update mixer path: low-latency-playback speaker
08-04 17:40:29.950   512  2967 D audio_hw_primary: disable_snd_device: snd_device(2: speaker)
08-04 17:40:29.957   512  2967 I soundtrigger: audio_extn_sound_trigger_update_device_status: device 0x2 of type 0 for Event 0
08-04 17:40:29.961 13842 13867 I art     : Explicit concurrent mark sweep GC freed 1150(52KB) AllocSpace objects, 1(112KB) LOS objects, 23% free, 50MB/66MB, paused 1.187ms total 31.859ms
08-04 17:40:29.970 13842 13867 I art     : Starting a blocking GC Explicit
08-04 17:40:29.978 11375 11375 I ServiceManager: Waiting for service AtCmdFwd...
08-04 17:40:30.005 13842 13867 I art     : Explicit concurrent mark sweep GC freed 3(96B) AllocSpace objects, 0(0B) LOS objects, 23% free, 50MB/66MB, paused 1.205ms total 34.456ms
08-04 17:40:30.015 13842 13867 I art     : Starting a blocking GC Explicit
08-04 17:40:30.052 13842 13867 I art     : Explicit concurrent mark sweep GC freed 3(96B) AllocSpace objects, 0(0B) LOS objects, 23% free, 50MB/66MB, paused 1.204ms total 36.522ms
08-04 17:40:30.063 13842 13867 I art     : Starting a blocking GC Explicit
08-04 17:40:30.100 13842 13867 I art     : Explicit concurrent mark sweep GC freed 3(96B) AllocSpace objects, 0(0B) LOS objects, 23% free, 50MB/66MB, paused 1.260ms total 37.210ms
08-04 17:40:30.432 13842 13854 I art     : Starting a blocking GC Explicit
08-04 17:40:30.474 13842 13854 I art     : Explicit concurrent mark sweep GC freed 1410(81KB) AllocSpace objects, 1(20KB) LOS objects, 23% free, 50MB/66MB, paused 1.205ms total 41.779ms
08-04 17:40:30.485 13842 13854 I art     : Starting a blocking GC Explicit
08-04 17:40:30.521 13842 13854 I art     : Explicit concurrent mark sweep GC freed 23(752B) AllocSpace objects, 0(0B) LOS objects, 23% free, 50MB/66MB, paused 1.244ms total 36.535ms
08-04 17:40:30.532 13842 13854 I art     : Starting a blocking GC Explicit
08-04 17:40:30.570 13842 13854 I art     : Explicit concurrent mark sweep GC freed 3(96B) AllocSpace objects, 0(0B) LOS objects, 23% free, 50MB/66MB, paused 1.255ms total 37.443ms
08-04 17:40:30.580 13842 13854 I art     : Starting a blocking GC Explicit
08-04 17:40:30.617 13842 13854 I art     : Explicit concurrent mark sweep GC freed 3(96B) AllocSpace objects, 0(0B) LOS objects, 23% free, 50MB/66MB, paused 1.266ms total 36.544ms
08-04 17:40:30.628 13842 13854 I art     : Starting a blocking GC Explicit
08-04 17:40:30.665 13842 13854 I art     : Explicit concurrent mark sweep GC freed 3(96B) AllocSpace objects, 0(0B) LOS objects, 23% free, 50MB/66MB, paused 1.245ms total 36.860ms
08-04 17:40:30.741   518   646 I ThermalEngine: ACTION: GPU - Setting GPU[0] to 450000000
08-04 17:40:30.979 11375 11375 W Atfwd_Sendcmd: AtCmdFwd service not published, waiting... retryCnt : 3
08-04 17:40:31.033 13842 16513 I art     : Starting a blocking GC Explicit
08-04 17:40:31.094 13842 16513 I art     : Explicit concurrent mark sweep GC freed 1381(81KB) AllocSpace objects, 1(20KB) LOS objects, 23% free, 50MB/66MB, paused 1.785ms total 60.356ms
08-04 17:40:31.112 13842 16513 I art     : Starting a blocking GC Explicit
08-04 17:40:31.165 13842 16513 I art     : Explicit concurrent mark sweep GC freed 23(752B) AllocSpace objects, 0(0B) LOS objects, 23% free, 50MB/66MB, paused 1.696ms total 52.456ms
08-04 17:40:31.179 13842 16513 I art     : Starting a blocking GC Explicit
08-04 17:40:31.228 13842 16513 I art     : Explicit concurrent mark sweep GC freed 3(96B) AllocSpace objects, 0(0B) LOS objects, 23% free, 50MB/66MB, paused 1.772ms total 48.925ms
08-04 17:40:31.242 13842 16513 I art     : Starting a blocking GC Explicit
08-04 17:40:31.291 13842 16513 I art     : Explicit concurrent mark sweep GC freed 39(1104B) AllocSpace objects, 0(0B) LOS objects, 23% free, 50MB/66MB, paused 1.506ms total 49.107ms
08-04 17:40:31.304 13842 16513 I art     : Starting a blocking GC Explicit
08-04 17:40:31.348 13842 16513 I art     : Explicit concurrent mark sweep GC freed 9(288B) AllocSpace objects, 0(0B) LOS objects, 23% free, 50MB/66MB, paused 1.677ms total 43.831ms
08-04 17:40:31.544   918 13197 D NetworkMonitor/NetworkAgentInfo [WIFI () - 158]: Checking http://connectivitycheck.gstatic.com/generate_204 on "H369AA63323", 192.168.2.12=192.168.2.12
08-04 17:40:31.686   918 13197 D NetworkMonitor/NetworkAgentInfo [WIFI () - 158]: Probably not a portal: exception java.io.IOException: unexpected end of stream on Connection{connectivitycheck.gstatic.com:80, proxy=HTTP@/192.168.2.12:8080 hostAddress=192.168.2.12 cipherSuite=none protocol=http/1.1} (recycle count=0)
08-04 17:40:31.693   918  3263 D ConnectivityService: NetworkAgentInfo [WIFI () - 158] validation failed
08-04 17:40:31.696   918  3261 E WifiConfigStore:  rewrite network history for "H369AA63323"WPA_PSK
08-04 17:40:31.722 13842 14314 I art     : Starting a blocking GC Explicit
08-04 17:40:31.781 13842 14314 I art     : Explicit concurrent mark sweep GC freed 1398(81KB) AllocSpace objects, 1(20KB) LOS objects, 23% free, 50MB/66MB, paused 1.865ms total 58.479ms
08-04 17:40:31.796 13842 14314 I art     : Starting a blocking GC Explicit
08-04 17:40:31.845 13842 14314 I art     : Explicit concurrent mark sweep GC freed 23(752B) AllocSpace objects, 0(0B) LOS objects, 23% free, 50MB/66MB, paused 1.935ms total 48.371ms
08-04 17:40:31.859 13842 14314 I art     : Starting a blocking GC Explicit
08-04 17:40:31.910 13842 14314 I art     : Explicit concurrent mark sweep GC freed 3(96B) AllocSpace objects, 0(0B) LOS objects, 23% free, 50MB/66MB, paused 1.760ms total 50.293ms
08-04 17:40:31.924 13842 14314 I art     : Starting a blocking GC Explicit
08-04 17:40:31.971 13842 14314 I art     : Explicit concurrent mark sweep GC freed 3(96B) AllocSpace objects, 0(0B) LOS objects, 23% free, 50MB/66MB, paused 1.630ms total 46.757ms
08-04 17:40:31.985 13842 14314 I art     : Starting a blocking GC Explicit
08-04 17:40:32.035 13842 14314 I art     : Explicit concurrent mark sweep GC freed 3(96B) AllocSpace objects, 0(0B) LOS objects, 23% free, 50MB/66MB, paused 1.702ms total 50.074ms
08-04 17:40:32.421 13842 13855 I art     : Starting a blocking GC Explicit
08-04 17:40:32.475 13842 13855 I art     : Explicit concurrent mark sweep GC freed 1410(81KB) AllocSpace objects, 1(20KB) LOS objects, 23% free, 50MB/66MB, paused 1.736ms total 54.434ms
08-04 17:40:32.492 13842 13855 I art     : Starting a blocking GC Explicit
08-04 17:40:32.544 13842 13855 I art     : Explicit concurrent mark sweep GC freed 23(752B) AllocSpace objects, 0(0B) LOS objects, 23% free, 50MB/66MB, paused 1.580ms total 51.939ms
08-04 17:40:32.558 13842 13855 I art     : Starting a blocking GC Explicit
08-04 17:40:32.606 13842 13855 I art     : Explicit concurrent mark sweep GC freed 3(96B) AllocSpace objects, 0(0B) LOS objects, 23% free, 50MB/66MB, paused 1.670ms total 48.165ms
08-04 17:40:32.620 13842 13855 I art     : Starting a blocking GC Explicit
08-04 17:40:32.670 13842 13855 I art     : Explicit concurrent mark sweep GC freed 3(96B) AllocSpace objects, 0(0B) LOS objects, 23% free, 50MB/66MB, paused 1.686ms total 49.758ms
08-04 17:40:32.684 13842 13855 I art     : Starting a blocking GC Explicit
08-04 17:40:32.734 13842 13855 I art     : Explicit concurrent mark sweep GC freed 3(96B) AllocSpace objects, 0(0B) LOS objects, 23% free, 50MB/66MB, paused 1.676ms total 49.805ms
08-04 17:40:33.138 13842 13867 I art     : Starting a blocking GC Explicit
08-04 17:40:33.197 13842 13867 I art     : Explicit concurrent mark sweep GC freed 1382(83KB) AllocSpace objects, 1(20KB) LOS objects, 23% free, 50MB/66MB, paused 1.795ms total 58.482ms
08-04 17:40:33.214 13842 13867 I art     : Starting a blocking GC Explicit
08-04 17:40:33.265 13842 13867 I art     : Explicit concurrent mark sweep GC freed 52(1536B) AllocSpace objects, 0(0B) LOS objects, 23% free, 50MB/66MB, paused 1.689ms total 50.846ms
08-04 17:40:33.279 13842 13867 I art     : Starting a blocking GC Explicit
08-04 17:40:33.307   918 13198 D NetlinkSocketObserver: NeighborEvent{elapsedMs=1709437182, 192.168.2.254, [7C3953A63323], RTM_NEWNEIGH, NUD_REACHABLE}
08-04 17:40:33.327 13842 13867 I art     : Explicit concurrent mark sweep GC freed 3(96B) AllocSpace objects, 0(0B) LOS objects, 23% free, 50MB/66MB, paused 1.807ms total 48.196ms
08-04 17:40:33.341 13842 13867 I art     : Starting a blocking GC Explicit
08-04 17:40:33.392 13842 13867 I art     : Explicit concurrent mark sweep GC freed 3(96B) AllocSpace objects, 0(0B) LOS objects, 23% free, 50MB/66MB, paused 1.674ms total 50.067ms
08-04 17:40:33.406 13842 13867 I art     : Starting a blocking GC Explicit
08-04 17:40:33.455 13842 13867 I art     : Explicit concurrent mark sweep GC freed 3(96B) AllocSpace objects, 0(0B) LOS objects, 23% free, 50MB/66MB, paused 1.918ms total 48.518ms
08-04 17:40:33.804 13842 16513 I art     : Starting a blocking GC Explicit
08-04 17:40:33.860 13842 16513 I art     : Explicit concurrent mark sweep GC freed 1382(82KB) AllocSpace objects, 1(20KB) LOS objects, 23% free, 50MB/66MB, paused 1.786ms total 55.878ms
08-04 17:40:33.875 13842 16513 I art     : Starting a blocking GC Explicit
08-04 17:40:33.921 13842 16513 I art     : Explicit concurrent mark sweep GC freed 23(752B) AllocSpace objects, 0(0B) LOS objects, 23% free, 50MB/66MB, paused 1.636ms total 45.960ms
08-04 17:40:33.934 13842 16513 I art     : Starting a blocking GC Explicit
08-04 17:40:33.981 13842 16513 I art     : Explicit concurrent mark sweep GC freed 3(96B) AllocSpace objects, 0(0B) LOS objects, 23% free, 50MB/66MB, paused 1.652ms total 46.496ms
08-04 17:40:33.994 13842 16513 I art     : Starting a blocking GC Explicit
08-04 17:40:34.042 13842 16513 I art     : Explicit concurrent mark sweep GC freed 3(96B) AllocSpace objects, 0(0B) LOS objects, 23% free, 50MB/66MB, paused 1.667ms total 47.597ms
08-04 17:40:34.056 13842 16513 I art     : Starting a blocking GC Explicit
08-04 17:40:34.102 13842 16513 I art     : Explicit concurrent mark sweep GC freed 3(96B) AllocSpace objects, 0(0B) LOS objects, 23% free, 50MB/66MB, paused 1.672ms total 45.979ms
08-04 17:40:34.148 17452 17452 D AndroidRuntime: >>>>>> START com.android.internal.os.RuntimeInit uid 2000 <<<<<<
08-04 17:40:34.154 17452 17452 D AndroidRuntime: CheckJNI is OFF
08-04 17:40:34.197 17452 17452 D ICU     : No timezone override file found: /data/misc/zoneinfo/current/icu/icu_tzdata.dat
08-04 17:40:34.242 17452 17452 I Radio-JNI: register_android_hardware_Radio DONE
08-04 17:40:34.271 17452 17452 D AndroidRuntime: Calling main entry com.android.commands.input.Input
08-04 17:40:34.273 17452 17452 I Input   : injectKeyEvent: KeyEvent { action=ACTION_DOWN, keyCode=KEYCODE_BACK, scanCode=0, metaState=0, flags=0x0, repeatCount=0, eventTime=726050686, downTime=726050686, deviceId=-1, source=0x101 }
08-04 17:40:34.280 17452 17452 I Input   : injectKeyEvent: KeyEvent { action=ACTION_UP, keyCode=KEYCODE_BACK, scanCode=0, metaState=0, flags=0x0, repeatCount=0, eventTime=726050686, downTime=726050686, deviceId=-1, source=0x101 }
08-04 17:40:34.286 17452 17452 D AndroidRuntime: Shutting down VM
08-04 17:40:34.298 13842 13842 V PlaybackController: initServiceNotRunning()
08-04 17:40:34.299 13842 13842 D ExternalPlayerFragment: Loading media info
08-04 17:40:34.303 13842 14796 D ApOkHttpUrlLoader: buildLoadData() called with: model = [http://sixgun.org/files/linuxoutlaws.jpg], width = [224], height = [224]
08-04 17:40:34.305 13842 14625 D DBReader: getImageAuthentication() called with: imageUrl = [http://sixgun.org/files/linuxoutlaws.jpg]
08-04 17:40:34.307 13842 13842 D UserPreferences: Using default data folder
08-04 17:40:34.308 13842 14418 D DBReader: getNavDrawerData() called with: 
08-04 17:40:34.309 13842 14625 D ApOkHttpUrlLoader: no credentials for 'http://sixgun.org/files/linuxoutlaws.jpg'
08-04 17:40:34.322 13842 14418 D DBReader: getDownloadedItems() called
08-04 17:40:34.323 13842 14418 D DBReader: getFavoriteIDList() called
08-04 17:40:34.324 13842 14418 D DBReader: getQueueIDList() called
08-04 17:40:34.324 13842 14418 D DBReader: Extracting Feedlist
08-04 17:40:34.362 13866 13866 I GoogleInputMethodServic: GoogleInputMethodService.onFinishInput():3138 
08-04 17:40:34.362 13842 13842 D MainActivity: getLastNavFragment() -> AddFeedFragment
08-04 17:40:34.363 13866 13866 I GoogleInputMethodServic: GoogleInputMethodService.onStartInput():1808 
08-04 17:40:34.450 13842 14625 D DBWriter: updateFeedDownloadURL(original: http://sixgun.org/files/linuxoutlaws.jpg, updated: https://fab.industries/sixgun/files/linuxoutlaws.jpg)
08-04 17:40:34.465 13842 14314 I art     : Starting a blocking GC Explicit
08-04 17:40:34.521 13842 14314 I art     : Explicit concurrent mark sweep GC freed 3110(185KB) AllocSpace objects, 1(20KB) LOS objects, 23% free, 51MB/67MB, paused 1.558ms total 55.716ms
08-04 17:40:34.539 13842 14314 I art     : Starting a blocking GC Explicit
08-04 17:40:34.583 13842 14625 D MYTAG   : interceptor 2a
08-04 17:40:34.583 13842 14625 I NAPPA_EXPERIMENTATION: MetricNetworkRequestExecutionTime: REQUEST_DURATION_SYSTEM='274',REQUEST_DURATION_OKHTTP='129',REQUEST_SYNCHRONOUS='TRUE',RESPONSE_CODE='404',RESPONSE_METHOD='GET',RESPONSE_LENGTH_OKHTTP='-1',RESPONSE_LENGTH_HEADER='1503',REQUEST_PROTOCOL='h2',REQUEST_URL='https://fab.industries/sixgun/files/linuxoutlaws.jpg',
08-04 17:40:34.584 13842 13842 W Glide   : Load failed for http://sixgun.org/files/linuxoutlaws.jpg with size [224x224]
08-04 17:40:34.584 13842 13842 W Glide   : class com.bumptech.glide.load.engine.GlideException: Failed to load resource
08-04 17:40:34.584 13842 13842 W Glide   : There was 1 cause:
08-04 17:40:34.584 13842 13842 W Glide   : com.bumptech.glide.load.HttpException()
08-04 17:40:34.584 13842 13842 W Glide   :  call GlideException#logRootCauses(String) for more detail
08-04 17:40:34.584 13842 13842 W Glide   :   Cause (1 of 1): class com.bumptech.glide.load.engine.GlideException: Fetching data failed, class java.io.InputStream, REMOTE
08-04 17:40:34.584 13842 13842 W Glide   : There was 1 cause:
08-04 17:40:34.584 13842 13842 W Glide   : com.bumptech.glide.load.HttpException()
08-04 17:40:34.584 13842 13842 W Glide   :  call GlideException#logRootCauses(String) for more detail
08-04 17:40:34.584 13842 13842 W Glide   :     Cause (1 of 1): class com.bumptech.glide.load.HttpException: 
08-04 17:40:34.584 13842 13842 I Glide   : Root cause (1 of 1)
08-04 17:40:34.584 13842 13842 I Glide   : com.bumptech.glide.load.HttpException: 
08-04 17:40:34.584 13842 13842 I Glide   : 	at com.bumptech.glide.integration.okhttp3.OkHttpStreamFetcher.onResponse(OkHttpStreamFetcher.java:73)
08-04 17:40:34.584 13842 13842 I Glide   : 	at okhttp3.RealCall$AsyncCall.execute(RealCall.java:174)
08-04 17:40:34.584 13842 13842 I Glide   : 	at okhttp3.internal.NamedRunnable.run(NamedRunnable.java:32)
08-04 17:40:34.584 13842 13842 I Glide   : 	at java.util.concurrent.ThreadPoolExecutor.runWorker(ThreadPoolExecutor.java:1113)
08-04 17:40:34.584 13842 13842 I Glide   : 	at java.util.concurrent.ThreadPoolExecutor$Worker.run(ThreadPoolExecutor.java:588)
08-04 17:40:34.584 13842 13842 I Glide   : 	at java.lang.Thread.run(Thread.java:818)
08-04 17:40:34.585 13842 13842 W Glide   : Load failed for http://sixgun.org/files/linuxoutlaws.jpg with size [224x224]
08-04 17:40:34.585 13842 13842 W Glide   : class com.bumptech.glide.load.engine.GlideException: Failed to load resource
08-04 17:40:34.585 13842 13842 W Glide   : There was 1 cause:
08-04 17:40:34.585 13842 13842 W Glide   : com.bumptech.glide.load.HttpException()
08-04 17:40:34.585 13842 13842 W Glide   :  call GlideException#logRootCauses(String) for more detail
08-04 17:40:34.585 13842 13842 W Glide   :   Cause (1 of 1): class com.bumptech.glide.load.engine.GlideException: Fetching data failed, class java.io.InputStream, REMOTE
08-04 17:40:34.585 13842 13842 W Glide   : There was 1 cause:
08-04 17:40:34.585 13842 13842 W Glide   : com.bumptech.glide.load.HttpException()
08-04 17:40:34.585 13842 13842 W Glide   :  call GlideException#logRootCauses(String) for more detail
08-04 17:40:34.585 13842 13842 W Glide   :     Cause (1 of 1): class com.bumptech.glide.load.HttpException: 
08-04 17:40:34.585 13842 13842 I Glide   : Root cause (1 of 1)
08-04 17:40:34.585 13842 13842 I Glide   : com.bumptech.glide.load.HttpException: 
08-04 17:40:34.585 13842 13842 I Glide   : 	at com.bumptech.glide.integration.okhttp3.OkHttpStreamFetcher.onResponse(OkHttpStreamFetcher.java:73)
08-04 17:40:34.585 13842 13842 I Glide   : 	at okhttp3.RealCall$AsyncCall.execute(RealCall.java:174)
08-04 17:40:34.585 13842 13842 I Glide   : 	at okhttp3.internal.NamedRunnable.run(NamedRunnable.java:32)
08-04 17:40:34.585 13842 13842 I Glide   : 	at java.util.concurrent.ThreadPoolExecutor.runWorker(ThreadPoolExecutor.java:1113)
08-04 17:40:34.585 13842 13842 I Glide   : 	at java.util.concurrent.ThreadPoolExecutor$Worker.run(ThreadPoolExecutor.java:588)
08-04 17:40:34.585 13842 13842 I Glide   : 	at java.lang.Thread.run(Thread.java:818)
08-04 17:40:34.594 13842 14314 I art     : Explicit concurrent mark sweep GC freed 888(95KB) AllocSpace objects, 0(0B) LOS objects, 23% free, 50MB/66MB, paused 2.134ms total 54.798ms
08-04 17:40:34.609 13842 14314 I art     : Starting a blocking GC Explicit
08-04 17:40:34.652   380   380 W SurfaceFlinger: couldn't log to binary event log: overflow.
08-04 17:40:34.663 13842 14314 I art     : Explicit concurrent mark sweep GC freed 219(8KB) AllocSpace objects, 0(0B) LOS objects, 23% free, 50MB/66MB, paused 6.493ms total 53.173ms
08-04 17:40:34.677 13842 14314 I art     : Starting a blocking GC Explicit
08-04 17:40:34.718 13842 14314 I art     : Explicit concurrent mark sweep GC freed 572(24KB) AllocSpace objects, 0(0B) LOS objects, 23% free, 50MB/66MB, paused 1.542ms total 40.139ms
08-04 17:40:34.730 13842 14314 I art     : Starting a blocking GC Explicit
08-04 17:40:34.771 13842 14314 I art     : Explicit concurrent mark sweep GC freed 2857(235KB) AllocSpace objects, 1(28KB) LOS objects, 23% free, 50MB/66MB, paused 1.673ms total 40.678ms
08-04 17:40:35.147 13842 13854 I art     : Starting a blocking GC Explicit
08-04 17:40:35.201 13842 13854 I art     : Explicit concurrent mark sweep GC freed 1382(83KB) AllocSpace objects, 1(20KB) LOS objects, 23% free, 50MB/66MB, paused 1.833ms total 52.783ms
08-04 17:40:35.219 13842 13854 I art     : Starting a blocking GC Explicit
08-04 17:40:35.266 13842 13854 I art     : Explicit concurrent mark sweep GC freed 52(1536B) AllocSpace objects, 0(0B) LOS objects, 23% free, 50MB/66MB, paused 1.724ms total 46.788ms
08-04 17:40:35.280 13842 13854 I art     : Starting a blocking GC Explicit
08-04 17:40:35.323 13842 13854 I art     : Explicit concurrent mark sweep GC freed 3(96B) AllocSpace objects, 0(0B) LOS objects, 23% free, 50MB/66MB, paused 1.693ms total 43.577ms
08-04 17:40:35.337 13842 13854 I art     : Starting a blocking GC Explicit
08-04 17:40:35.382 13842 13854 I art     : Explicit concurrent mark sweep GC freed 3(96B) AllocSpace objects, 0(0B) LOS objects, 23% free, 50MB/66MB, paused 1.616ms total 44.601ms
08-04 17:40:35.395 13842 13854 I art     : Starting a blocking GC Explicit
08-04 17:40:35.439 13842 13854 I art     : Explicit concurrent mark sweep GC freed 3(96B) AllocSpace objects, 0(0B) LOS objects, 23% free, 50MB/66MB, paused 1.744ms total 43.976ms
08-04 17:40:35.697   918 13197 D NetworkMonitor/NetworkAgentInfo [WIFI () - 158]: Checking http://connectivitycheck.gstatic.com/generate_204 on "H369AA63323", 192.168.2.12=192.168.2.12
08-04 17:40:35.778 13842 16513 I art     : Starting a blocking GC Explicit
08-04 17:40:35.782   918 13197 D NetworkMonitor/NetworkAgentInfo [WIFI () - 158]: Probably not a portal: exception java.io.IOException: unexpected end of stream on Connection{connectivitycheck.gstatic.com:80, proxy=HTTP@/192.168.2.12:8080 hostAddress=192.168.2.12 cipherSuite=none protocol=http/1.1} (recycle count=0)
08-04 17:40:35.783   918  3263 D ConnectivityService: NetworkAgentInfo [WIFI () - 158] validation failed
08-04 17:40:35.785   918  3261 E WifiConfigStore:  rewrite network history for "H369AA63323"WPA_PSK
08-04 17:40:35.826 13842 16513 I art     : Explicit concurrent mark sweep GC freed 1383(81KB) AllocSpace objects, 1(20KB) LOS objects, 23% free, 50MB/66MB, paused 1.633ms total 47.760ms
08-04 17:40:35.839 13842 16513 I art     : Starting a blocking GC Explicit
08-04 17:40:35.882 13842 16513 I art     : Explicit concurrent mark sweep GC freed 23(752B) AllocSpace objects, 0(0B) LOS objects, 23% free, 50MB/66MB, paused 1.696ms total 42.928ms
08-04 17:40:35.895 13842 16513 I art     : Starting a blocking GC Explicit
08-04 17:40:35.938 13842 16513 I art     : Explicit concurrent mark sweep GC freed 6(192B) AllocSpace objects, 0(0B) LOS objects, 23% free, 50MB/66MB, paused 1.621ms total 43.264ms
08-04 17:40:35.951 13842 16513 I art     : Starting a blocking GC Explicit
08-04 17:40:35.995 13842 16513 I art     : Explicit concurrent mark sweep GC freed 19(608B) AllocSpace objects, 0(0B) LOS objects, 23% free, 50MB/66MB, paused 1.556ms total 43.254ms
08-04 17:40:36.009 13842 16513 I art     : Starting a blocking GC Explicit
08-04 17:40:36.053 13842 16513 I art     : Explicit concurrent mark sweep GC freed 15(480B) AllocSpace objects, 0(0B) LOS objects, 23% free, 50MB/66MB, paused 1.668ms total 43.826ms
08-04 17:40:36.098 17498 17498 D AndroidRuntime: >>>>>> START com.android.internal.os.RuntimeInit uid 2000 <<<<<<
08-04 17:40:36.104 17498 17498 D AndroidRuntime: CheckJNI is OFF
08-04 17:40:36.144 17498 17498 D ICU     : No timezone override file found: /data/misc/zoneinfo/current/icu/icu_tzdata.dat
08-04 17:40:36.187 17498 17498 I Radio-JNI: register_android_hardware_Radio DONE
08-04 17:40:36.216 17498 17498 D AndroidRuntime: Calling main entry com.android.commands.input.Input
08-04 17:40:36.217 17498 17498 I Input   : injectKeyEvent: KeyEvent { action=ACTION_DOWN, keyCode=KEYCODE_BACK, scanCode=0, metaState=0, flags=0x0, repeatCount=0, eventTime=726052630, downTime=726052630, deviceId=-1, source=0x101 }
08-04 17:40:36.225 17498 17498 I Input   : injectKeyEvent: KeyEvent { action=ACTION_UP, keyCode=KEYCODE_BACK, scanCode=0, metaState=0, flags=0x0, repeatCount=0, eventTime=726052630, downTime=726052630, deviceId=-1, source=0x101 }
08-04 17:40:36.250 17498 17498 D AndroidRuntime: Shutting down VM
08-04 17:40:36.413 13842 16513 I art     : Starting a blocking GC Explicit
08-04 17:40:36.465 13842 16513 I art     : Explicit concurrent mark sweep GC freed 3619(173KB) AllocSpace objects, 1(20KB) LOS objects, 23% free, 50MB/66MB, paused 1.998ms total 51.100ms
08-04 17:40:36.478 13842 16513 I art     : Starting a blocking GC Explicit
08-04 17:40:36.521 13842 16513 I art     : Explicit concurrent mark sweep GC freed 5359(394KB) AllocSpace objects, 9(1620KB) LOS objects, 24% free, 48MB/64MB, paused 1.668ms total 42.516ms
08-04 17:40:36.534 13842 16513 I art     : Starting a blocking GC Explicit
08-04 17:40:36.575 13842 16513 I art     : Explicit concurrent mark sweep GC freed 3(96B) AllocSpace objects, 0(0B) LOS objects, 24% free, 48MB/64MB, paused 1.648ms total 40.748ms
08-04 17:40:36.587 13842 16513 I art     : Starting a blocking GC Explicit
08-04 17:40:36.629 13842 16513 I art     : Explicit concurrent mark sweep GC freed 3(96B) AllocSpace objects, 0(0B) LOS objects, 24% free, 48MB/64MB, paused 1.649ms total 41.555ms
08-04 17:40:36.642 13842 16513 I art     : Starting a blocking GC Explicit
08-04 17:40:36.684 13842 16513 I art     : Explicit concurrent mark sweep GC freed 3(96B) AllocSpace objects, 0(0B) LOS objects, 24% free, 48MB/64MB, paused 1.602ms total 42.024ms
08-04 17:40:37.064 13842 13855 I art     : Starting a blocking GC Explicit
08-04 17:40:37.120 13842 13855 I art     : Explicit concurrent mark sweep GC freed 1382(82KB) AllocSpace objects, 1(20KB) LOS objects, 24% free, 48MB/64MB, paused 1.821ms total 55.734ms
08-04 17:40:37.136 13842 13855 I art     : Starting a blocking GC Explicit
08-04 17:40:37.178 13842 13855 I art     : Explicit concurrent mark sweep GC freed 23(752B) AllocSpace objects, 0(0B) LOS objects, 24% free, 48MB/64MB, paused 1.654ms total 41.130ms
08-04 17:40:37.191 13842 13855 I art     : Starting a blocking GC Explicit
08-04 17:40:37.233 13842 13855 I art     : Explicit concurrent mark sweep GC freed 31(848B) AllocSpace objects, 0(0B) LOS objects, 24% free, 48MB/64MB, paused 1.635ms total 42.305ms
08-04 17:40:37.246 13842 13855 I art     : Starting a blocking GC Explicit
08-04 17:40:37.288 13842 13855 I art     : Explicit concurrent mark sweep GC freed 4(128B) AllocSpace objects, 0(0B) LOS objects, 24% free, 48MB/64MB, paused 1.720ms total 41.644ms
08-04 17:40:37.301 13842 13855 I art     : Starting a blocking GC Explicit
08-04 17:40:37.343 13842 13855 I art     : Explicit concurrent mark sweep GC freed 3(96B) AllocSpace objects, 0(0B) LOS objects, 24% free, 48MB/64MB, paused 1.619ms total 42.125ms
08-04 17:40:37.688 13842 13867 I art     : Starting a blocking GC Explicit
08-04 17:40:37.730 13842 13867 I art     : Explicit concurrent mark sweep GC freed 1381(82KB) AllocSpace objects, 1(20KB) LOS objects, 24% free, 48MB/64MB, paused 1.691ms total 41.234ms
08-04 17:40:37.743 13842 13867 I art     : Starting a blocking GC Explicit
08-04 17:40:37.784 13842 13867 I art     : Explicit concurrent mark sweep GC freed 23(752B) AllocSpace objects, 0(0B) LOS objects, 24% free, 48MB/64MB, paused 1.666ms total 40.822ms
08-04 17:40:37.796 13842 13867 I art     : Starting a blocking GC Explicit
08-04 17:40:37.836 13842 13867 I art     : Explicit concurrent mark sweep GC freed 3(96B) AllocSpace objects, 0(0B) LOS objects, 24% free, 48MB/64MB, paused 1.595ms total 39.624ms
08-04 17:40:37.849 13842 13867 I art     : Starting a blocking GC Explicit
08-04 17:40:37.891 13842 13867 I art     : Explicit concurrent mark sweep GC freed 6(192B) AllocSpace objects, 0(0B) LOS objects, 24% free, 48MB/64MB, paused 1.653ms total 41.828ms
08-04 17:40:37.904 13842 13867 I art     : Starting a blocking GC Explicit
08-04 17:40:37.945 13842 13867 I art     : Explicit concurrent mark sweep GC freed 11(352B) AllocSpace objects, 0(0B) LOS objects, 24% free, 48MB/64MB, paused 1.488ms total 40.096ms
08-04 17:40:38.100 17552 17552 D AndroidRuntime: >>>>>> START com.android.internal.os.RuntimeInit uid 2000 <<<<<<
08-04 17:40:38.106 17552 17552 D AndroidRuntime: CheckJNI is OFF
08-04 17:40:38.147 17552 17552 D ICU     : No timezone override file found: /data/misc/zoneinfo/current/icu/icu_tzdata.dat
08-04 17:40:38.190 17552 17552 I Radio-JNI: register_android_hardware_Radio DONE
08-04 17:40:38.217 17552 17552 D AndroidRuntime: Calling main entry com.android.commands.am.Am
08-04 17:40:38.224  8245  8245 I Trepn   : Trepn 6.2s: Received intent: com.quicinc.trepn.stop_profiling
08-04 17:40:38.243  8245  8245 I Trepn   : Trepn 6.2s: Trepn has Stopped Profiling.
08-04 17:40:38.321 13842 14314 I art     : Starting a blocking GC Explicit
08-04 17:40:38.362 13842 14314 I art     : Explicit concurrent mark sweep GC freed 1430(84KB) AllocSpace objects, 1(20KB) LOS objects, 24% free, 48MB/64MB, paused 1.580ms total 40.485ms
08-04 17:40:38.375 13842 14314 I art     : Starting a blocking GC Explicit
08-04 17:40:38.380 17552 17552 D AndroidRuntime: Shutting down VM
08-04 17:40:38.384   918  4413 W AppOps  : Finishing op nesting under-run: uid 10078 pkg com.quicinc.trepn code 24 time=0 duration=0 nesting=0
08-04 17:40:38.411 13842 14314 I art     : Explicit concurrent mark sweep GC freed 23(752B) AllocSpace objects, 0(0B) LOS objects, 24% free, 48MB/64MB, paused 1.416ms total 35.764ms
08-04 17:40:38.422 13842 14314 I art     : Starting a blocking GC Explicit
08-04 17:40:38.457 13842 14314 I art     : Explicit concurrent mark sweep GC freed 3(96B) AllocSpace objects, 0(0B) LOS objects, 24% free, 48MB/64MB, paused 1.494ms total 34.180ms
08-04 17:40:38.468 13842 14314 I art     : Starting a blocking GC Explicit
08-04 17:40:38.505 13842 14314 I art     : Explicit concurrent mark sweep GC freed 3(96B) AllocSpace objects, 0(0B) LOS objects, 24% free, 48MB/64MB, paused 1.589ms total 36.946ms
08-04 17:40:38.518 13842 14314 I art     : Starting a blocking GC Explicit
08-04 17:40:38.559 13842 14314 I art     : Explicit concurrent mark sweep GC freed 3(96B) AllocSpace objects, 0(0B) LOS objects, 24% free, 48MB/64MB, paused 1.678ms total 41.146ms
08-04 17:40:38.908 13842 13867 I art     : Starting a blocking GC Explicit
08-04 17:40:38.950 13842 13867 I art     : Explicit concurrent mark sweep GC freed 1383(81KB) AllocSpace objects, 1(20KB) LOS objects, 24% free, 48MB/64MB, paused 1.624ms total 42.016ms
08-04 17:40:38.964 13842 13867 I art     : Starting a blocking GC Explicit
08-04 17:40:39.004 13842 13867 I art     : Explicit concurrent mark sweep GC freed 23(752B) AllocSpace objects, 0(0B) LOS objects, 24% free, 48MB/64MB, paused 1.504ms total 40.490ms
08-04 17:40:39.017 13842 13867 I art     : Starting a blocking GC Explicit
08-04 17:40:39.057 13842 13867 I art     : Explicit concurrent mark sweep GC freed 3(96B) AllocSpace objects, 0(0B) LOS objects, 24% free, 48MB/64MB, paused 1.500ms total 38.968ms
08-04 17:40:39.069 13842 13867 I art     : Starting a blocking GC Explicit
08-04 17:40:39.109 13842 13867 I art     : Explicit concurrent mark sweep GC freed 3(96B) AllocSpace objects, 0(0B) LOS objects, 24% free, 48MB/64MB, paused 1.773ms total 39.555ms
08-04 17:40:39.122 13842 13867 I art     : Starting a blocking GC Explicit
08-04 17:40:39.161 13842 13867 I art     : Explicit concurrent mark sweep GC freed 3(96B) AllocSpace objects, 0(0B) LOS objects, 24% free, 48MB/64MB, paused 1.540ms total 38.853ms
08-04 17:40:41.758   518   646 I ThermalEngine: ACTION: GPU - Setting GPU[0] to 510000000
